10-31 16:07:04.684   600   613 W BroadcastQueue: Skipping deliver [background] BroadcastRecord{bce36c3 u-1 android.net.conn.CONNECTIVITY_CHANGE} to ReceiverList{94eeb40 3782 (unknown name)/2000/u-1 remote:221837d}: process crashing
10-31 16:07:05.405   246  3747 D NuPlayerDriver: notifyListener_l(0xf0220c60), (3, 38, 0), loop setting(0, 0)
10-31 16:07:06.187  3782  3782 D MonkeyStub: translateCommand: wake
10-31 16:07:06.282   600   609 I art     : Background partial concurrent mark sweep GC freed 74079(4MB) AllocSpace objects, 15(332KB) LOS objects, 33% free, 16MB/25MB, paused 989us total 121.422ms
10-31 16:07:06.319  3782  3782 D MonkeyStub: translateCommand: tap 273 1877
10-31 16:07:06.405   246  3747 D NuPlayerDriver: notifyListener_l(0xf0220c60), (3, 38, 0), loop setting(0, 0)
10-31 16:07:07.406   246  3747 D NuPlayerDriver: notifyListener_l(0xf0220c60), (3, 38, 0), loop setting(0, 0)
10-31 16:07:08.406   246  3747 D NuPlayerDriver: notifyListener_l(0xf0220c60), (3, 38, 0), loop setting(0, 0)
10-31 16:07:09.408   246  3747 D NuPlayerDriver: notifyListener_l(0xf0220c60), (3, 38, 0), loop setting(0, 0)
10-31 16:07:10.408   246  3747 D NuPlayerDriver: notifyListener_l(0xf0220c60), (3, 38, 0), loop setting(0, 0)
10-31 16:07:11.111   246   273 D NuPlayerDriver: reset(0xf0220c60) at state 4
10-31 16:07:11.111   246   273 D NuPlayerDriver: notifyListener_l(0xf0220c60), (8, 0, 0), loop setting(0, 0)
10-31 16:07:11.133   243  3772 D NvOsDebugPrintf: TVMR: TVMRFrameDelivery: 3741: Closing TVMR Frame Delivery Thread -------------
10-31 16:07:11.134   246  3747 W AMessage: failed to post message as target looper for handler 0 is gone.
10-31 16:07:11.141   243  3766 D NvOsDebugPrintf: TVMR: NvMMDecTVMRDestroyParser: 4224: NvAvpClose
10-31 16:07:11.142   243  3766 D NvOsDebugPrintf: TVMR: NvMMLiteTVMRDecBlockClose: 5163: Done 
10-31 16:07:11.152   246  3747 W AMessage: failed to post message as target looper for handler 0 is gone.
10-31 16:07:11.153   246  3749 W AMessage: failed to deliver message as target handler 1087 is gone.
10-31 16:07:11.165   246  3747 D NuPlayerDriver: notifyResetComplete(0xf0220c60)
10-31 16:07:11.377  3782  3782 D MonkeyStub: translateCommand: tap 1195 298
10-31 16:07:11.783  3691  3706 I chromium: [INFO:pipeline_controller.cc(355)] MCHR-300: Pipeline stopped.
10-31 16:07:11.793 30636 31042 I DiscoveryManager: Filter criteria(null) scannerFlags(0)
10-31 16:07:11.803 30636 31042 W GuestModeDeviceProber: setFilterCriteria
10-31 16:07:21.422  3782  3782 D MonkeyStub: translateCommand: touch down 614 1561
10-31 16:07:21.427  3782  3782 D MonkeyStub: translateCommand: touch move 614 1561
10-31 16:07:21.537  3782  3782 D MonkeyStub: translateCommand: touch move 614 1436
10-31 16:07:21.649  3782  3782 D MonkeyStub: translateCommand: touch move 614 1311
10-31 16:07:21.754  3782  3782 D MonkeyStub: translateCommand: touch move 614 1186
10-31 16:07:21.868  3782  3782 D MonkeyStub: translateCommand: touch move 614 1061
10-31 16:07:21.976  3782  3782 D MonkeyStub: translateCommand: touch move 614 937
10-31 16:07:22.080  3782  3782 D MonkeyStub: translateCommand: touch move 614 812
10-31 16:07:22.190  3782  3782 D MonkeyStub: translateCommand: touch move 614 687
10-31 16:07:22.303  3782  3782 D MonkeyStub: translateCommand: touch move 614 562
10-31 16:07:22.412  3782  3782 D MonkeyStub: translateCommand: touch move 614 437
10-31 16:07:22.526  3782  3782 D MonkeyStub: translateCommand: touch move 614 312
10-31 16:07:22.531  3782  3782 D MonkeyStub: translateCommand: touch up 614 312
10-31 16:07:22.552  3782  3782 D MonkeyStub: translateCommand: touch down 614 1561
10-31 16:07:22.561  3782  3782 D MonkeyStub: translateCommand: touch move 614 1561
10-31 16:07:22.666  3782  3782 D MonkeyStub: translateCommand: touch move 614 1436
10-31 16:07:22.776  3782  3782 D MonkeyStub: translateCommand: touch move 614 1311
10-31 16:07:22.893  3782  3782 D MonkeyStub: translateCommand: touch move 614 1186
10-31 16:07:23.006  3782  3782 D MonkeyStub: translateCommand: touch move 614 1061
10-31 16:07:23.116  3782  3782 D MonkeyStub: translateCommand: touch move 614 937
10-31 16:07:23.228  3782  3782 D MonkeyStub: translateCommand: touch move 614 812
10-31 16:07:23.335  3782  3782 D MonkeyStub: translateCommand: touch move 614 687
10-31 16:07:23.444  3782  3782 D MonkeyStub: translateCommand: touch move 614 562
10-31 16:07:23.549  3782  3782 D MonkeyStub: translateCommand: touch move 614 437
10-31 16:07:23.659  3782  3782 D MonkeyStub: translateCommand: touch move 614 312
10-31 16:07:23.666  3782  3782 D MonkeyStub: translateCommand: touch up 614 312
10-31 16:07:25.688   787  1169 W ProcessReaper: Memory state is: 200
10-31 16:07:26.709  3782  3782 D MonkeyStub: translateCommand: touch down 614 312
10-31 16:07:26.724  3782  3782 D MonkeyStub: translateCommand: touch move 614 312
10-31 16:07:26.833  3782  3782 D MonkeyStub: translateCommand: touch move 614 437
10-31 16:07:26.941  3782  3782 D MonkeyStub: translateCommand: touch move 614 562
10-31 16:07:27.050  3782  3782 D MonkeyStub: translateCommand: touch move 614 687
10-31 16:07:27.157  3782  3782 D MonkeyStub: translateCommand: touch move 614 812
10-31 16:07:27.289  3782  3782 D MonkeyStub: translateCommand: touch move 614 937
10-31 16:07:27.405  3782  3782 D MonkeyStub: translateCommand: touch move 614 1061
10-31 16:07:27.510  3782  3782 D MonkeyStub: translateCommand: touch move 614 1186
10-31 16:07:27.623  3782  3782 D MonkeyStub: translateCommand: touch move 614 1311
10-31 16:07:27.732  3782  3782 D MonkeyStub: translateCommand: touch move 614 1436
10-31 16:07:27.842  3782  3782 D MonkeyStub: translateCommand: touch move 614 1561
10-31 16:07:27.848  3782  3782 D MonkeyStub: translateCommand: touch up 614 1561
10-31 16:07:27.924  3782  3782 D MonkeyStub: translateCommand: touch down 614 312
10-31 16:07:27.934  3782  3782 D MonkeyStub: translateCommand: touch move 614 312
10-31 16:07:28.044  3782  3782 D MonkeyStub: translateCommand: touch move 614 437
10-31 16:07:28.158  3782  3782 D MonkeyStub: translateCommand: touch move 614 562
10-31 16:07:28.271  3782  3782 D MonkeyStub: translateCommand: touch move 614 687
10-31 16:07:28.399  3782  3782 D MonkeyStub: translateCommand: touch move 614 812
10-31 16:07:28.506  3782  3782 D MonkeyStub: translateCommand: touch move 614 937
10-31 16:07:28.617  3782  3782 D MonkeyStub: translateCommand: touch move 614 1061
10-31 16:07:28.736  3782  3782 D MonkeyStub: translateCommand: touch move 614 1186
10-31 16:07:28.842  3782  3782 D MonkeyStub: translateCommand: touch move 614 1311
10-31 16:07:28.955  3782  3782 D MonkeyStub: translateCommand: touch move 614 1436
10-31 16:07:29.063  3782  3782 D MonkeyStub: translateCommand: touch move 614 1561
10-31 16:07:29.068  3782  3782 D MonkeyStub: translateCommand: touch up 614 1561
10-31 16:07:31.185  3782  3782 D MonkeyStub: translateCommand: tap 158 750
10-31 16:07:32.233   198   198 E SELinux : avc:  denied  { find } for service=netd pid=3866 uid=2000 scontext=u:r:shell:s0 tcontext=u:object_r:netd_service:s0 tclass=service_manager permissive=0
10-31 16:07:32.247   198   198 E SELinux : avc:  denied  { find } for service=android.service.gatekeeper.IGateKeeperService pid=3866 uid=2000 scontext=u:r:shell:s0 tcontext=u:object_r:gatekeeper_service:s0 tclass=service_manager permissive=0
10-31 16:07:36.306  3782  3782 D MonkeyStub: translateCommand: touch down 614 1561
10-31 16:07:36.322  3782  3782 D MonkeyStub: translateCommand: touch move 614 1561
10-31 16:07:36.436  3782  3782 D MonkeyStub: translateCommand: touch move 614 1436
10-31 16:07:36.563  3782  3782 D MonkeyStub: translateCommand: touch move 614 1311
10-31 16:07:36.676  3782  3782 D MonkeyStub: translateCommand: touch move 614 1186
10-31 16:07:36.788  3782  3782 D MonkeyStub: translateCommand: touch move 614 1061
10-31 16:07:36.895  3782  3782 D MonkeyStub: translateCommand: touch move 614 937
10-31 16:07:37.001  3782  3782 D MonkeyStub: translateCommand: touch move 614 812
10-31 16:07:37.107  3782  3782 D MonkeyStub: translateCommand: touch move 614 687
10-31 16:07:37.216  3782  3782 D MonkeyStub: translateCommand: touch move 614 562
10-31 16:07:37.331  3782  3782 D MonkeyStub: translateCommand: touch move 614 437
10-31 16:07:37.437  3782  3782 D MonkeyStub: translateCommand: touch move 614 312
10-31 16:07:37.444  3782  3782 D MonkeyStub: translateCommand: touch up 614 312
10-31 16:07:42.498  3782  3782 D MonkeyStub: translateCommand: touch down 614 1561
10-31 16:07:42.520  3782  3782 D MonkeyStub: translateCommand: touch move 614 1561
10-31 16:07:42.626  3782  3782 D MonkeyStub: translateCommand: touch move 614 1436
10-31 16:07:42.735  3782  3782 D MonkeyStub: translateCommand: touch move 614 1311
10-31 16:07:42.842  3782  3782 D MonkeyStub: translateCommand: touch move 614 1186
10-31 16:07:42.950  3782  3782 D MonkeyStub: translateCommand: touch move 614 1061
10-31 16:07:43.055  3782  3782 D MonkeyStub: translateCommand: touch move 614 937
10-31 16:07:43.168  3782  3782 D MonkeyStub: translateCommand: touch move 614 812
10-31 16:07:43.277  3782  3782 D MonkeyStub: translateCommand: touch move 614 687
10-31 16:07:43.382  3782  3782 D MonkeyStub: translateCommand: touch move 614 562
10-31 16:07:43.489  3782  3782 D MonkeyStub: translateCommand: touch move 614 437
10-31 16:07:43.592  3782  3782 D MonkeyStub: translateCommand: touch move 614 312
10-31 16:07:43.600  3782  3782 D MonkeyStub: translateCommand: touch up 614 312
10-31 16:07:45.726  3782  3782 D MonkeyStub: Quit requested
10-31 16:07:45.790   600   614 I CwMcuSensor: CwMcuSensor::flush: fd = 254, sensors_id = 0, path = /sys/class/htc_sensorhub/sensor_hub/flush, err = 0
10-31 16:07:45.793  3782  3782 I art     : System.exit called, status: 84
10-31 16:07:45.793  3782  3782 I AndroidRuntime: VM exiting with result code 84.
10-31 16:07:45.821   600  2707 W WindowManager: Attempted to remove non-existing token: android.os.Binder@5c7da79
10-31 16:07:54.706   246   246 D NuPlayerDriver: reset(0xf0220b40) at state 4
10-31 16:07:54.707   246   246 D NuPlayerDriver: notifyListener_l(0xf0220b40), (8, 0, 0), loop setting(0, 0)
10-31 16:07:54.709   246  3744 D NuPlayerDriver: notifyResetComplete(0xf0220b40)
10-31 16:07:55.356   600   647 I WifiHAL : Got channel list with 13 channels
10-31 16:07:55.358   600   647 I WifiHAL : Got channel list with 4 channels
10-31 16:07:55.359   600   647 I WifiHAL : Got channel list with 15 channels
10-31 16:08:01.967  3888  3888 D AndroidRuntime: >>>>>> START com.android.internal.os.RuntimeInit uid 2000 <<<<<<
10-31 16:08:01.976  3888  3888 D AndroidRuntime: CheckJNI is OFF
10-31 16:08:02.065  3888  3888 D ICU     : No timezone override file found: /data/misc/zoneinfo/current/icu/icu_tzdata.dat
10-31 16:08:02.106  3888  3888 I Radio-JNI: register_android_hardware_Radio DONE
10-31 16:08:02.123  3888  3888 D AndroidRuntime: Calling main entry com.android.commands.am.Am
10-31 16:08:02.141   600 16391 I ActivityManager: Force stopping com.opera.browser appid=10122 user=0: from pid 3888
10-31 16:08:02.141   600 16391 I ActivityManager: Killing 3408:com.opera.browser:privileged_process0/u0a122 (adj 0): stop com.opera.browser
10-31 16:08:02.141   600 16391 D ActivityManager: cleanUpApplicationRecord -- 3408
10-31 16:08:02.142   600 16391 W ActivityManager: Scheduling restart of crashed service com.opera.browser/com.opera.android.browser.chromium.services.PrivilegedProcessService0 in 1000ms
10-31 16:08:02.142   600 16391 I ActivityManager: Killing 3267:com.opera.browser/u0a122 (adj 0): stop com.opera.browser
10-31 16:08:02.142   600 16391 D ActivityManager: cleanUpApplicationRecord -- 3267
10-31 16:08:02.145   600 16391 W ActivityManager: Force removing ActivityRecord{1fc84d5 u0 com.opera.browser/com.opera.android.BrowserActivity t2403}: app died, no saved state
10-31 16:08:02.160   600 16391 I ActivityManager: Killing 3691:com.opera.browser:sandboxed_process0/u0a122 (adj 0): stop com.opera.browser
10-31 16:08:02.160   600 16391 D ActivityManager: cleanUpApplicationRecord -- 3691
10-31 16:08:02.169  3888  3888 D AndroidRuntime: Shutting down VM
10-31 16:08:02.188 18269 18304 I OpenGLRenderer: Initialized EGL, version 1.4
10-31 16:08:02.188 18269 18304 D OpenGLRenderer: Swap behavior 2
10-31 16:08:02.237  1061  1061 D RegisteredNfcFServicesCache: Service unchanged, not updating
10-31 16:08:02.281 18311 19172 I AttachedClient: Adding client event 2 to pending list.
10-31 16:08:02.314 18311 18311 I OptInState: There is a new client and it does not support opt-in. Dropping request.
10-31 16:08:02.316 18311 18311 I MicroDetectionWorker: Micro detection mode: [mDetectionMode: [1]].
10-31 16:08:02.329 18311  3902 I MicroRecognitionRunner: Starting detection.
10-31 16:08:02.338 18311 18357 I MicrophoneInputStream: mic_starting com.google.android.apps.gsa.speech.audio.ae@6b99c85
10-31 16:08:02.344   238   285 I SoundTriggerHwService::Module: void android::SoundTriggerHwService::Module::onCallbackEvent(const sp<android::SoundTriggerHwService::CallbackEvent> &) mClient == 0
10-31 16:08:02.348   238  3905 I AudioFlinger: AudioFlinger's thread 0xef692b80 ready to run
10-31 16:08:02.350 18311 18357 I MicrophoneInputStream: mic_started com.google.android.apps.gsa.speech.audio.ae@6b99c85
10-31 16:08:02.473   600 27731 D ConnectivityService: ConnectivityService NetworkRequestInfo binderDied(NetworkRequest [ LISTEN id=2023, [ Capabilities: INTERNET&NOT_RESTRICTED&TRUSTED&FOREGROUND] ], android.os.BinderProxy@b9d6382)
10-31 16:08:02.473   600 27731 D GraphicsStats: Buffer count: 2
10-31 16:08:02.473   600 24611 D ConnectivityService: ConnectivityService NetworkRequestInfo binderDied(NetworkRequest [ LISTEN id=2022, [ Capabilities: INTERNET&NOT_RESTRICTED&TRUSTED&FOREGROUND] ], android.os.BinderProxy@ee12a93)
10-31 16:08:02.474   600   649 E ConnectivityService: RemoteException caught trying to send a callback msg for NetworkRequest [ LISTEN id=2023, [ Capabilities: INTERNET&NOT_RESTRICTED&TRUSTED&FOREGROUND] ]
10-31 16:08:02.475   600   649 E ConnectivityService: RemoteException caught trying to send a callback msg for NetworkRequest [ LISTEN id=2022, [ Capabilities: INTERNET&NOT_RESTRICTED&TRUSTED&FOREGROUND] ]
10-31 16:08:02.536 18311 18311 I MicroDetectionWorker: onReady
10-31 16:08:02.729 18269 18304 W OpenGLRenderer: Incorrectly called buildLayer on View: ShortcutAndWidgetContainer, destroying layer...
10-31 16:08:02.738  3900  3900 D AndroidRuntime: >>>>>> START com.android.internal.os.RuntimeInit uid 2000 <<<<<<
10-31 16:08:02.741  3900  3900 D AndroidRuntime: CheckJNI is OFF
10-31 16:08:02.809  3900  3900 D ICU     : No timezone override file found: /data/misc/zoneinfo/current/icu/icu_tzdata.dat
10-31 16:08:02.838  3900  3900 I Radio-JNI: register_android_hardware_Radio DONE
10-31 16:08:02.855  3900  3900 D AndroidRuntime: Calling main entry com.android.commands.pm.Pm
10-31 16:08:02.871   600  2707 I ActivityManager: Force stopping com.opera.browser appid=10122 user=0: clear data
10-31 16:08:02.872   600   613 I ActivityManager: Force stopping com.opera.browser appid=10122 user=-1: clearApplicationUserData
10-31 16:08:02.920   787   787 I GeofencerStateMachine: removeGeofences: removeRequest=RemoveGeofencingRequest[REMOVE_ALL packageName=com.opera.browser]
10-31 16:08:02.928  1061  1061 D RegisteredNfcFServicesCache: Service unchanged, not updating
10-31 16:08:02.928  3900  3900 I art     : System.exit called, status: 0
10-31 16:08:02.928  3900  3900 I AndroidRuntime: VM exiting with result code 0.
10-31 16:08:02.952   600   612 W ResourceType: No known package when getting value for resource number 0x7f100007
10-31 16:08:02.952   600   612 W ResourceType: No known package when getting value for resource number 0x7f13090c
10-31 16:08:02.952   600   612 W ResourceType: No known package when getting value for resource number 0x7f100005
10-31 16:08:02.952   600   612 W ResourceType: No known package when getting value for resource number 0x7f13090a
10-31 16:08:02.952   600   612 W ResourceType: No known package when getting value for resource number 0x7f100004
10-31 16:08:02.952   600   612 W ResourceType: No known package when getting value for resource number 0x7f130909
10-31 16:08:02.952   600   612 W ResourceType: No known package when getting value for resource number 0x7f100006
10-31 16:08:02.952   600   612 W ResourceType: No known package when getting value for resource number 0x7f13090b
10-31 16:08:02.976   787  3925 I Fitness : FitCleanupIntentOperation received Intent android.intent.action.PACKAGE_DATA_CLEARED [CONTEXT service_id=17 ]
10-31 16:08:02.992 30636 31042 I Icing   : doRemovePackageData com.opera.browser
