11-01 00:32:58.457   243 29307 D NvOsDebugPrintf: TVMR: NvMMDecTVMRDestroyParser: 4224: NvAvpClose
11-01 00:32:58.457   243 29307 D NvOsDebugPrintf: TVMR: NvMMLiteTVMRDecBlockClose: 5163: Done 
11-01 00:32:58.460 20673 28372 W GuestModeDeviceProber: setFilterCriteria
11-01 00:32:58.461   246 29289 W AMessage: failed to post message as target looper for handler 0 is gone.
11-01 00:32:58.462   246 29291 W AMessage: failed to deliver message as target handler 1161 is gone.
11-01 00:32:58.468   246 29289 D NuPlayerDriver: notifyResetComplete(0xf0220c60)
11-01 00:33:04.294   787 25581 W NetworkScheduler: Error inserting service_kind=0 source=16 tag=Measurement.PackageMeasurementTaskService.UPLOAD_TASK_TAG target_package=com.google.android.gms requires_charging=0 source_version=203915000 required_network_type=0 flex_time=3599000 persistence_level=1 target_class=com.google.android.gms.measurement.PackageMeasurementTaskService runtime=1667259184291 retry_strategy={"maximum_backoff_seconds":{"3600":0},"initial_backoff_seconds":{"30":0},"retry_policy":{"0":0}} preferred_network_type=1 required_idleness_state=0 preferred_charging_state=1 period=7200000 last_runtime=0 task_type=0 job_id=-1 user_id=0, error message: UNIQUE constraint failed: pending_ops.tag, pending_ops.target_class, pending_ops.target_package, pending_ops.user_id (code 2067) [CONTEXT service_id=218 ]
11-01 00:33:04.514   787 29253 W NetworkScheduler: Error inserting service_kind=0 source=16 tag=Measurement.PackageMeasurementTaskService.UPLOAD_TASK_TAG target_package=com.google.android.gms requires_charging=0 source_version=203915000 required_network_type=0 flex_time=3599000 persistence_level=1 target_class=com.google.android.gms.measurement.PackageMeasurementTaskService runtime=1667259184504 retry_strategy={"maximum_backoff_seconds":{"3600":0},"initial_backoff_seconds":{"30":0},"retry_policy":{"0":0}} preferred_network_type=1 required_idleness_state=0 preferred_charging_state=1 period=7200000 last_runtime=0 task_type=0 job_id=-1 user_id=0, error message: UNIQUE constraint failed: pending_ops.tag, pending_ops.target_class, pending_ops.target_package, pending_ops.user_id (code 2067) [CONTEXT service_id=218 ]
11-01 00:33:04.713   787 11832 W NetworkScheduler: Error inserting service_kind=0 source=16 tag=Measurement.PackageMeasurementTaskService.UPLOAD_TASK_TAG target_package=com.google.android.gms requires_charging=0 source_version=203915000 required_network_type=0 flex_time=3599000 persistence_level=1 target_class=com.google.android.gms.measurement.PackageMeasurementTaskService runtime=1667259184702 retry_strategy={"maximum_backoff_seconds":{"3600":0},"initial_backoff_seconds":{"30":0},"retry_policy":{"0":0}} preferred_network_type=1 required_idleness_state=0 preferred_charging_state=1 period=7200000 last_runtime=0 task_type=0 job_id=-1 user_id=0, error message: UNIQUE constraint failed: pending_ops.tag, pending_ops.target_class, pending_ops.target_package, pending_ops.user_id (code 2067) [CONTEXT service_id=218 ]
11-01 00:33:04.856   787 29253 W NetworkScheduler: Error inserting service_kind=0 source=16 tag=Measurement.PackageMeasurementTaskService.UPLOAD_TASK_TAG target_package=com.google.android.gms requires_charging=0 source_version=203915000 required_network_type=0 flex_time=3599000 persistence_level=1 target_class=com.google.android.gms.measurement.PackageMeasurementTaskService runtime=1667259184852 retry_strategy={"maximum_backoff_seconds":{"3600":0},"initial_backoff_seconds":{"30":0},"retry_policy":{"0":0}} preferred_network_type=1 required_idleness_state=0 preferred_charging_state=1 period=7200000 last_runtime=0 task_type=0 job_id=-1 user_id=0, error message: UNIQUE constraint failed: pending_ops.tag, pending_ops.target_class, pending_ops.target_package, pending_ops.user_id (code 2067) [CONTEXT service_id=218 ]
11-01 00:33:05.081   787 25581 W NetworkScheduler: Error inserting service_kind=0 source=16 tag=Measurement.PackageMeasurementTaskService.UPLOAD_TASK_TAG target_package=com.google.android.gms requires_charging=0 source_version=203915000 required_network_type=0 flex_time=3599000 persistence_level=1 target_class=com.google.android.gms.measurement.PackageMeasurementTaskService runtime=1667259185072 retry_strategy={"maximum_backoff_seconds":{"3600":0},"initial_backoff_seconds":{"30":0},"retry_policy":{"0":0}} preferred_network_type=1 required_idleness_state=0 preferred_charging_state=1 period=7200000 last_runtime=0 task_type=0 job_id=-1 user_id=0, error message: UNIQUE constraint failed: pending_ops.tag, pending_ops.target_class, pending_ops.target_package, pending_ops.user_id (code 2067) [CONTEXT service_id=218 ]
11-01 00:33:05.334   787 11832 W NetworkScheduler: Error inserting service_kind=0 source=16 tag=Measurement.PackageMeasurementTaskService.UPLOAD_TASK_TAG target_package=com.google.android.gms requires_charging=0 source_version=203915000 required_network_type=0 flex_time=3599000 persistence_level=1 target_class=com.google.android.gms.measurement.PackageMeasurementTaskService runtime=1667259185326 retry_strategy={"maximum_backoff_seconds":{"3600":0},"initial_backoff_seconds":{"30":0},"retry_policy":{"0":0}} preferred_network_type=1 required_idleness_state=0 preferred_charging_state=1 period=7200000 last_runtime=0 task_type=0 job_id=-1 user_id=0, error message: UNIQUE constraint failed: pending_ops.tag, pending_ops.target_class, pending_ops.target_package, pending_ops.user_id (code 2067) [CONTEXT service_id=218 ]
11-01 00:33:05.572   787 29253 W NetworkScheduler: Error inserting service_kind=0 source=16 tag=Measurement.PackageMeasurementTaskService.UPLOAD_TASK_TAG target_package=com.google.android.gms requires_charging=0 source_version=203915000 required_network_type=0 flex_time=3599000 persistence_level=1 target_class=com.google.android.gms.measurement.PackageMeasurementTaskService runtime=1667259185567 retry_strategy={"maximum_backoff_seconds":{"3600":0},"initial_backoff_seconds":{"30":0},"retry_policy":{"0":0}} preferred_network_type=1 required_idleness_state=0 preferred_charging_state=1 period=7200000 last_runtime=0 task_type=0 job_id=-1 user_id=0, error message: UNIQUE constraint failed: pending_ops.tag, pending_ops.target_class, pending_ops.target_package, pending_ops.user_id (code 2067) [CONTEXT service_id=218 ]
11-01 00:33:05.800   787 11832 W NetworkScheduler: Error inserting service_kind=0 source=16 tag=Measurement.PackageMeasurementTaskService.UPLOAD_TASK_TAG target_package=com.google.android.gms requires_charging=0 source_version=203915000 required_network_type=0 flex_time=3599000 persistence_level=1 target_class=com.google.android.gms.measurement.PackageMeasurementTaskService runtime=1667259185789 retry_strategy={"maximum_backoff_seconds":{"3600":0},"initial_backoff_seconds":{"30":0},"retry_policy":{"0":0}} preferred_network_type=1 required_idleness_state=0 preferred_charging_state=1 period=7200000 last_runtime=0 task_type=0 job_id=-1 user_id=0, error message: UNIQUE constraint failed: pending_ops.tag, pending_ops.target_class, pending_ops.target_package, pending_ops.user_id (code 2067) [CONTEXT service_id=218 ]
11-01 00:33:05.988   787 25581 W NetworkScheduler: Error inserting service_kind=0 source=16 tag=Measurement.PackageMeasurementTaskService.UPLOAD_TASK_TAG target_package=com.google.android.gms requires_charging=0 source_version=203915000 required_network_type=0 flex_time=3599000 persistence_level=1 target_class=com.google.android.gms.measurement.PackageMeasurementTaskService runtime=1667259185985 retry_strategy={"maximum_backoff_seconds":{"3600":0},"initial_backoff_seconds":{"30":0},"retry_policy":{"0":0}} preferred_network_type=1 required_idleness_state=0 preferred_charging_state=1 period=7200000 last_runtime=0 task_type=0 job_id=-1 user_id=0, error message: UNIQUE constraint failed: pending_ops.tag, pending_ops.target_class, pending_ops.target_package, pending_ops.user_id (code 2067) [CONTEXT service_id=218 ]
11-01 00:33:06.237   787 29253 W NetworkScheduler: Error inserting service_kind=0 source=16 tag=Measurement.PackageMeasurementTaskService.UPLOAD_TASK_TAG target_package=com.google.android.gms requires_charging=0 source_version=203915000 required_network_type=0 flex_time=3599000 persistence_level=1 target_class=com.google.android.gms.measurement.PackageMeasurementTaskService runtime=1667259186230 retry_strategy={"maximum_backoff_seconds":{"3600":0},"initial_backoff_seconds":{"30":0},"retry_policy":{"0":0}} preferred_network_type=1 required_idleness_state=0 preferred_charging_state=1 period=7200000 last_runtime=0 task_type=0 job_id=-1 user_id=0, error message: UNIQUE constraint failed: pending_ops.tag, pending_ops.target_class, pending_ops.target_package, pending_ops.user_id (code 2067) [CONTEXT service_id=218 ]
11-01 00:33:06.387   787 11832 W NetworkScheduler: Error inserting service_kind=0 source=16 tag=Measurement.PackageMeasurementTaskService.UPLOAD_TASK_TAG target_package=com.google.android.gms requires_charging=0 source_version=203915000 required_network_type=0 flex_time=3599000 persistence_level=1 target_class=com.google.android.gms.measurement.PackageMeasurementTaskService runtime=1667259186385 retry_strategy={"maximum_backoff_seconds":{"3600":0},"initial_backoff_seconds":{"30":0},"retry_policy":{"0":0}} preferred_network_type=1 required_idleness_state=0 preferred_charging_state=1 period=7200000 last_runtime=0 task_type=0 job_id=-1 user_id=0, error message: UNIQUE constraint failed: pending_ops.tag, pending_ops.target_class, pending_ops.target_package, pending_ops.user_id (code 2067) [CONTEXT service_id=218 ]
11-01 00:33:06.522   787 29253 W NetworkScheduler: Error inserting service_kind=0 source=16 tag=Measurement.PackageMeasurementTaskService.UPLOAD_TASK_TAG target_package=com.google.android.gms requires_charging=0 source_version=203915000 required_network_type=0 flex_time=3599000 persistence_level=1 target_class=com.google.android.gms.measurement.PackageMeasurementTaskService runtime=1667259186520 retry_strategy={"maximum_backoff_seconds":{"3600":0},"initial_backoff_seconds":{"30":0},"retry_policy":{"0":0}} preferred_network_type=1 required_idleness_state=0 preferred_charging_state=1 period=7200000 last_runtime=0 task_type=0 job_id=-1 user_id=0, error message: UNIQUE constraint failed: pending_ops.tag, pending_ops.target_class, pending_ops.target_package, pending_ops.user_id (code 2067) [CONTEXT service_id=218 ]
11-01 00:33:06.691   787 25581 W NetworkScheduler: Error inserting service_kind=0 source=16 tag=Measurement.PackageMeasurementTaskService.UPLOAD_TASK_TAG target_package=com.google.android.gms requires_charging=0 source_version=203915000 required_network_type=0 flex_time=3599000 persistence_level=1 target_class=com.google.android.gms.measurement.PackageMeasurementTaskService runtime=1667259186688 retry_strategy={"maximum_backoff_seconds":{"3600":0},"initial_backoff_seconds":{"30":0},"retry_policy":{"0":0}} preferred_network_type=1 required_idleness_state=0 preferred_charging_state=1 period=7200000 last_runtime=0 task_type=0 job_id=-1 user_id=0, error message: UNIQUE constraint failed: pending_ops.tag, pending_ops.target_class, pending_ops.target_package, pending_ops.user_id (code 2067) [CONTEXT service_id=218 ]
11-01 00:33:06.809   787 29253 W NetworkScheduler: Error inserting service_kind=0 source=16 tag=Measurement.PackageMeasurementTaskService.UPLOAD_TASK_TAG target_package=com.google.android.gms requires_charging=0 source_version=203915000 required_network_type=0 flex_time=3599000 persistence_level=1 target_class=com.google.android.gms.measurement.PackageMeasurementTaskService runtime=1667259186806 retry_strategy={"maximum_backoff_seconds":{"3600":0},"initial_backoff_seconds":{"30":0},"retry_policy":{"0":0}} preferred_network_type=1 required_idleness_state=0 preferred_charging_state=1 period=7200000 last_runtime=0 task_type=0 job_id=-1 user_id=0, error message: UNIQUE constraint failed: pending_ops.tag, pending_ops.target_class, pending_ops.target_package, pending_ops.user_id (code 2067) [CONTEXT service_id=218 ]
11-01 00:33:08.202 29321 29321 D MonkeyStub: translateCommand: touch down 614 1561
11-01 00:33:08.227 29321 29321 D MonkeyStub: translateCommand: touch move 614 1561
11-01 00:33:08.340 29321 29321 D MonkeyStub: translateCommand: touch move 614 1436
11-01 00:33:08.539 29321 29321 D MonkeyStub: translateCommand: touch move 614 1311
11-01 00:33:08.662 29321 29321 D MonkeyStub: translateCommand: touch move 614 1186
11-01 00:33:08.772 29321 29321 D MonkeyStub: translateCommand: touch move 614 1061
11-01 00:33:08.946 29321 29321 D MonkeyStub: translateCommand: touch move 614 937
11-01 00:33:09.063 29321 29321 D MonkeyStub: translateCommand: touch move 614 812
11-01 00:33:09.351 29321 29321 D MonkeyStub: translateCommand: touch move 614 687
11-01 00:33:09.464 29321 29321 D MonkeyStub: translateCommand: touch move 614 562
11-01 00:33:09.582 29321 29321 D MonkeyStub: translateCommand: touch move 614 437
11-01 00:33:09.733 29321 29321 D MonkeyStub: translateCommand: touch move 614 312
11-01 00:33:09.744 29321 29321 D MonkeyStub: translateCommand: touch up 614 312
11-01 00:33:09.930 29321 29321 D MonkeyStub: translateCommand: touch down 614 1561
11-01 00:33:09.961 29321 29321 D MonkeyStub: translateCommand: touch move 614 1561
11-01 00:33:10.091 29321 29321 D MonkeyStub: translateCommand: touch move 614 1436
11-01 00:33:10.200 29321 29321 D MonkeyStub: translateCommand: touch move 614 1311
11-01 00:33:10.310 29321 29321 D MonkeyStub: translateCommand: touch move 614 1186
11-01 00:33:10.439 29321 29321 D MonkeyStub: translateCommand: touch move 614 1061
11-01 00:33:10.551 29321 29321 D MonkeyStub: translateCommand: touch move 614 937
11-01 00:33:10.663 29321 29321 D MonkeyStub: translateCommand: touch move 614 812
11-01 00:33:10.799 29321 29321 D MonkeyStub: translateCommand: touch move 614 687
11-01 00:33:10.904 29321 29321 D MonkeyStub: translateCommand: touch move 614 562
11-01 00:33:11.018 29321 29321 D MonkeyStub: translateCommand: touch move 614 437
11-01 00:33:11.151 29321 29321 D MonkeyStub: translateCommand: touch move 614 312
11-01 00:33:11.173 29321 29321 D MonkeyStub: translateCommand: touch up 614 312
11-01 00:33:14.227 29321 29321 D MonkeyStub: translateCommand: touch down 614 312
11-01 00:33:14.248 29321 29321 D MonkeyStub: translateCommand: touch move 614 312
11-01 00:33:14.355 29321 29321 D MonkeyStub: translateCommand: touch move 614 437
11-01 00:33:14.474 29321 29321 D MonkeyStub: translateCommand: touch move 614 562
11-01 00:33:14.587 29321 29321 D MonkeyStub: translateCommand: touch move 614 687
11-01 00:33:14.713 29321 29321 D MonkeyStub: translateCommand: touch move 614 812
11-01 00:33:14.848 29321 29321 D MonkeyStub: translateCommand: touch move 614 937
11-01 00:33:14.986 29321 29321 D MonkeyStub: translateCommand: touch move 614 1061
11-01 00:33:15.094 29321 29321 D MonkeyStub: translateCommand: touch move 614 1186
11-01 00:33:15.206 29321 29321 D MonkeyStub: translateCommand: touch move 614 1311
11-01 00:33:15.321 29321 29321 D MonkeyStub: translateCommand: touch move 614 1436
11-01 00:33:15.452 29321 29321 D MonkeyStub: translateCommand: touch move 614 1561
11-01 00:33:15.459 29321 29321 D MonkeyStub: translateCommand: touch up 614 1561
11-01 00:33:15.528 29321 29321 D MonkeyStub: translateCommand: touch down 614 312
11-01 00:33:15.544 29321 29321 D MonkeyStub: translateCommand: touch move 614 312
11-01 00:33:15.677 29321 29321 D MonkeyStub: translateCommand: touch move 614 437
11-01 00:33:15.790 29321 29321 D MonkeyStub: translateCommand: touch move 614 562
11-01 00:33:16.016 29321 29321 D MonkeyStub: translateCommand: touch move 614 687
11-01 00:33:16.122 29321 29321 D MonkeyStub: translateCommand: touch move 614 812
11-01 00:33:16.243 29321 29321 D MonkeyStub: translateCommand: touch move 614 937
11-01 00:33:16.372 29321 29321 D MonkeyStub: translateCommand: touch move 614 1061
11-01 00:33:16.483 29321 29321 D MonkeyStub: translateCommand: touch move 614 1186
11-01 00:33:16.616 29321 29321 D MonkeyStub: translateCommand: touch move 614 1311
11-01 00:33:16.746 29321 29321 D MonkeyStub: translateCommand: touch move 614 1436
11-01 00:33:16.863 29321 29321 D MonkeyStub: translateCommand: touch move 614 1561
11-01 00:33:16.903 29321 29321 D MonkeyStub: translateCommand: touch up 614 1561
11-01 00:33:19.122 29321 29321 D MonkeyStub: translateCommand: tap 158 750
11-01 00:33:21.499   198   198 E SELinux : avc:  denied  { find } for service=netd pid=29408 uid=2000 scontext=u:r:shell:s0 tcontext=u:object_r:netd_service:s0 tclass=service_manager permissive=0
11-01 00:33:21.536   198   198 E SELinux : avc:  denied  { find } for service=android.service.gatekeeper.IGateKeeperService pid=29408 uid=2000 scontext=u:r:shell:s0 tcontext=u:object_r:gatekeeper_service:s0 tclass=service_manager permissive=0
11-01 00:33:24.194 29321 29321 D MonkeyStub: translateCommand: touch down 614 1561
11-01 00:33:24.220 29321 29321 D MonkeyStub: translateCommand: touch move 614 1561
11-01 00:33:24.332 29321 29321 D MonkeyStub: translateCommand: touch move 614 1436
11-01 00:33:24.449 29321 29321 D MonkeyStub: translateCommand: touch move 614 1311
11-01 00:33:24.555 29321 29321 D MonkeyStub: translateCommand: touch move 614 1186
11-01 00:33:24.705 29321 29321 D MonkeyStub: translateCommand: touch move 614 1061
11-01 00:33:24.841 29321 29321 D MonkeyStub: translateCommand: touch move 614 937
11-01 00:33:24.973 29321 29321 D MonkeyStub: translateCommand: touch move 614 812
11-01 00:33:25.116 29321 29321 D MonkeyStub: translateCommand: touch move 614 687
11-01 00:33:25.236 29321 29321 D MonkeyStub: translateCommand: touch move 614 562
11-01 00:33:25.361 29321 29321 D MonkeyStub: translateCommand: touch move 614 437
11-01 00:33:25.466 29321 29321 D MonkeyStub: translateCommand: touch move 614 312
11-01 00:33:25.478 29321 29321 D MonkeyStub: translateCommand: touch up 614 312
11-01 00:33:30.613 29321 29321 D MonkeyStub: translateCommand: touch down 614 1561
11-01 00:33:30.624 29321 29321 D MonkeyStub: translateCommand: touch move 614 1561
11-01 00:33:30.750 29321 29321 D MonkeyStub: translateCommand: touch move 614 1436
11-01 00:33:30.869 29321 29321 D MonkeyStub: translateCommand: touch move 614 1311
11-01 00:33:30.992 29321 29321 D MonkeyStub: translateCommand: touch move 614 1186
11-01 00:33:31.204 29321 29321 D MonkeyStub: translateCommand: touch move 614 1061
11-01 00:33:31.330 29321 29321 D MonkeyStub: translateCommand: touch move 614 937
11-01 00:33:31.447 29321 29321 D MonkeyStub: translateCommand: touch move 614 812
11-01 00:33:31.566 29321 29321 D MonkeyStub: translateCommand: touch move 614 687
11-01 00:33:31.686 29321 29321 D MonkeyStub: translateCommand: touch move 614 562
11-01 00:33:31.799 29321 29321 D MonkeyStub: translateCommand: touch move 614 437
11-01 00:33:31.912 29321 29321 D MonkeyStub: translateCommand: touch move 614 312
11-01 00:33:31.940 29321 29321 D MonkeyStub: translateCommand: touch up 614 312
11-01 00:33:34.061 29321 29321 D MonkeyStub: Quit requested
11-01 00:33:34.108 29321 29321 I art     : System.exit called, status: 84
11-01 00:33:34.108 29321 29321 I AndroidRuntime: VM exiting with result code 84.
11-01 00:33:34.116   600   614 I CwMcuSensor: CwMcuSensor::flush: fd = 245, sensors_id = 0, path = /sys/class/htc_sensorhub/sensor_hub/flush, err = 0
11-01 00:33:34.144   600 25704 W WindowManager: Attempted to remove non-existing token: android.os.Binder@8f38911
11-01 00:33:36.621   600   647 I WifiHAL : Got channel list with 13 channels
11-01 00:33:36.623   600   647 I WifiHAL : Got channel list with 4 channels
11-01 00:33:36.624   600   647 I WifiHAL : Got channel list with 15 channels
11-01 00:33:41.800   246   760 D NuPlayerDriver: reset(0xf0220b40) at state 4
11-01 00:33:41.800   246   760 D NuPlayerDriver: notifyListener_l(0xf0220b40), (8, 0, 0), loop setting(0, 0)
11-01 00:33:41.802   246 29286 D NuPlayerDriver: notifyResetComplete(0xf0220b40)
11-01 00:33:50.312 29430 29430 D AndroidRuntime: >>>>>> START com.android.internal.os.RuntimeInit uid 2000 <<<<<<
11-01 00:33:50.319 29430 29430 D AndroidRuntime: CheckJNI is OFF
11-01 00:33:50.407 29430 29430 D ICU     : No timezone override file found: /data/misc/zoneinfo/current/icu/icu_tzdata.dat
11-01 00:33:50.447 29430 29430 I Radio-JNI: register_android_hardware_Radio DONE
11-01 00:33:50.464 29430 29430 D AndroidRuntime: Calling main entry com.android.commands.am.Am
11-01 00:33:50.482   600  3675 I ActivityManager: Force stopping com.opera.browser appid=10122 user=0: from pid 29430
11-01 00:33:50.483   600  3675 I ActivityManager: Killing 28936:com.opera.browser:privileged_process0/u0a122 (adj 0): stop com.opera.browser
11-01 00:33:50.486   600  3675 D ActivityManager: cleanUpApplicationRecord -- 28936
11-01 00:33:50.486   600  3675 W ActivityManager: Scheduling restart of crashed service com.opera.browser/com.opera.android.browser.chromium.services.PrivilegedProcessService0 in 1000ms
11-01 00:33:50.487   600  3675 I ActivityManager: Killing 28797:com.opera.browser/u0a122 (adj 0): stop com.opera.browser
11-01 00:33:50.489   600  3675 D ActivityManager: cleanUpApplicationRecord -- 28797
11-01 00:33:50.490   600  3675 W ActivityManager: Force removing ActivityRecord{2b7471f u0 com.opera.browser/com.opera.android.BrowserActivity t2540}: app died, no saved state
11-01 00:33:50.510   600  3675 I ActivityManager: Killing 29229:com.opera.browser:sandboxed_process0/u0a122 (adj 0): stop com.opera.browser
11-01 00:33:50.510   600  3675 D ActivityManager: cleanUpApplicationRecord -- 29229
11-01 00:33:50.529 29430 29430 D AndroidRuntime: Shutting down VM
11-01 00:33:50.547 18269 18304 I OpenGLRenderer: Initialized EGL, version 1.4
11-01 00:33:50.547 18269 18304 D OpenGLRenderer: Swap behavior 2
11-01 00:33:50.577  1061  1061 D RegisteredNfcFServicesCache: Service unchanged, not updating
11-01 00:33:50.651 12218 12515 I AttachedClient: Adding client event 2 to pending list.
11-01 00:33:50.658 12218 12218 I OptInState: There is a new client and it does not support opt-in. Dropping request.
11-01 00:33:50.660 12218 12218 I MicroDetectionWorker: Micro detection mode: [mDetectionMode: [1]].
11-01 00:33:50.676 12218 29445 I MicroRecognitionRunner: Starting detection.
11-01 00:33:50.680 12218 12252 I MicrophoneInputStream: mic_starting com.google.android.apps.gsa.speech.audio.ae@1a26d5a
11-01 00:33:50.692   238   285 I SoundTriggerHwService::Module: void android::SoundTriggerHwService::Module::onCallbackEvent(const sp<android::SoundTriggerHwService::CallbackEvent> &) mClient == 0
11-01 00:33:50.694   238 29447 I AudioFlinger: AudioFlinger's thread 0xef692140 ready to run
11-01 00:33:50.697 12218 12252 I MicrophoneInputStream: mic_started com.google.android.apps.gsa.speech.audio.ae@1a26d5a
11-01 00:33:50.840   600 24611 D ConnectivityService: ConnectivityService NetworkRequestInfo binderDied(NetworkRequest [ LISTEN id=2242, [ Capabilities: INTERNET&NOT_RESTRICTED&TRUSTED&FOREGROUND] ], android.os.BinderProxy@888f74)
11-01 00:33:50.840   600   713 D GraphicsStats: Buffer count: 2
11-01 00:33:50.840   600  1080 D ConnectivityService: ConnectivityService NetworkRequestInfo binderDied(NetworkRequest [ LISTEN id=2241, [ Capabilities: INTERNET&NOT_RESTRICTED&TRUSTED&FOREGROUND] ], android.os.BinderProxy@d929c9d)
11-01 00:33:50.841   600   649 E ConnectivityService: RemoteException caught trying to send a callback msg for NetworkRequest [ LISTEN id=2241, [ Capabilities: INTERNET&NOT_RESTRICTED&TRUSTED&FOREGROUND] ]
11-01 00:33:50.844   600   649 E ConnectivityService: RemoteException caught trying to send a callback msg for NetworkRequest [ LISTEN id=2242, [ Capabilities: INTERNET&NOT_RESTRICTED&TRUSTED&FOREGROUND] ]
11-01 00:33:50.886 12218 12218 I MicroDetectionWorker: onReady
11-01 00:33:51.079 18269 18304 W OpenGLRenderer: Incorrectly called buildLayer on View: ShortcutAndWidgetContainer, destroying layer...
11-01 00:33:51.097 29448 29448 D AndroidRuntime: >>>>>> START com.android.internal.os.RuntimeInit uid 2000 <<<<<<
11-01 00:33:51.101 29448 29448 D AndroidRuntime: CheckJNI is OFF
11-01 00:33:51.168 29448 29448 D ICU     : No timezone override file found: /data/misc/zoneinfo/current/icu/icu_tzdata.dat
11-01 00:33:51.195 29448 29448 I Radio-JNI: register_android_hardware_Radio DONE
11-01 00:33:51.210 29448 29448 D AndroidRuntime: Calling main entry com.android.commands.pm.Pm
11-01 00:33:51.232   600 24515 I ActivityManager: Force stopping com.opera.browser appid=10122 user=0: clear data
11-01 00:33:51.237   600   613 I ActivityManager: Force stopping com.opera.browser appid=10122 user=-1: clearApplicationUserData
11-01 00:33:51.346   787   787 I GeofencerStateMachine: removeGeofences: removeRequest=RemoveGeofencingRequest[REMOVE_ALL packageName=com.opera.browser]
11-01 00:33:51.351   600   612 W ResourceType: No known package when getting value for resource number 0x7f100007
11-01 00:33:51.351   600   612 W ResourceType: No known package when getting value for resource number 0x7f13090c
11-01 00:33:51.351   600   612 W ResourceType: No known package when getting value for resource number 0x7f100005
11-01 00:33:51.351   600   612 W ResourceType: No known package when getting value for resource number 0x7f13090a
11-01 00:33:51.351   600   612 W ResourceType: No known package when getting value for resource number 0x7f100004
11-01 00:33:51.351   600   612 W ResourceType: No known package when getting value for resource number 0x7f130909
11-01 00:33:51.351   600   612 W ResourceType: No known package when getting value for resource number 0x7f100006
11-01 00:33:51.351   600   612 W ResourceType: No known package when getting value for resource number 0x7f13090b
11-01 00:33:51.354  1061  1061 D RegisteredNfcFServicesCache: Service unchanged, not updating
11-01 00:33:51.364 29448 29448 I art     : System.exit called, status: 0
11-01 00:33:51.365 29448 29448 I AndroidRuntime: VM exiting with result code 0.
11-01 00:33:51.427   787 29469 I Fitness : FitCleanupIntentOperation received Intent android.intent.action.PACKAGE_DATA_CLEARED [CONTEXT service_id=17 ]
11-01 00:33:51.440 20673 28372 I Icing   : doRemovePackageData com.opera.browser
