--------- beginning of main
10-29 19:09:37.511 26939 26939 D AndroidRuntime: >>>>>> START com.android.internal.os.RuntimeInit uid 2000 <<<<<<
10-29 19:09:37.514 26939 26939 D AndroidRuntime: CheckJNI is OFF
10-29 19:09:37.577 26939 26939 D ICU     : No timezone override file found: /data/misc/zoneinfo/current/icu/icu_tzdata.dat
10-29 19:09:37.605 26939 26939 I Radio-JNI: register_android_hardware_Radio DONE
10-29 19:09:37.620 26939 26939 D AndroidRuntime: Calling main entry com.android.commands.am.Am
--------- beginning of system
10-29 19:09:37.637   600 17381 I ActivityManager: Force stopping com.opera.browser appid=10122 user=0: from pid 26939
10-29 19:09:37.644  1061  1061 W ResourceType: ResTable_typeSpec entry count inconsistent: given 67, previously 69
10-29 19:09:37.644  1061  1061 W ResourceType: ResTable_typeSpec entry count inconsistent: given 5346, previously 5347
10-29 19:09:37.654  1061  1061 D RegisteredNfcFServicesCache: Service unchanged, not updating
10-29 19:09:37.894   600  1079 I ActivityManager: START u0 {act=android.intent.action.VIEW flg=0x10008000 cmp=com.opera.browser/com.opera.Opera} from uid 2000 on display 0
10-29 19:09:37.923 26939 26939 D AndroidRuntime: Shutting down VM
10-29 19:09:37.949   600   707 I ActivityManager: Start proc 26949:com.opera.browser/u0a122 for activity com.opera.browser/com.opera.Opera
10-29 19:09:38.039 26949 26949 I art     : Starting a blocking GC AddRemoveAppImageSpace
10-29 19:09:38.060 26949 26949 I LoadedApk: No resource references to update in package com.opera.browser.nord_vpn
10-29 19:09:38.166 26949 26949 I art     : Rejecting re-init on previously-failed class java.lang.Class<com.opera.android.job.a$j>: java.lang.NoClassDefFoundError: Failed resolution of: Landroid/app/job/JobServiceEngine;
10-29 19:09:38.166 26949 26949 I art     :   at void com.opera.android.OperaApplication.onCreate() (SourceFile:52)
10-29 19:09:38.166 26949 26949 I art     :   at void android.app.Instrumentation.callApplicationOnCreate(android.app.Application) (Instrumentation.java:1024)
10-29 19:09:38.166 26949 26949 I art     :   at void android.app.ActivityThread.handleBindApplication(android.app.ActivityThread$AppBindData) (ActivityThread.java:5403)
10-29 19:09:38.166 26949 26949 I art     :   at void android.app.ActivityThread.-wrap2(android.app.ActivityThread, android.app.ActivityThread$AppBindData) (ActivityThread.java:-1)
10-29 19:09:38.166 26949 26949 I art     :   at void android.app.ActivityThread$H.handleMessage(android.os.Message) (ActivityThread.java:1545)
10-29 19:09:38.166 26949 26949 I art     :   at void android.os.Handler.dispatchMessage(android.os.Message) (Handler.java:102)
10-29 19:09:38.166 26949 26949 I art     :   at void android.os.Looper.loop() (Looper.java:154)
10-29 19:09:38.166 26949 26949 I art     :   at void android.app.ActivityThread.main(java.lang.String[]) (ActivityThread.java:6119)
10-29 19:09:38.166 26949 26949 I art     :   at java.lang.Object java.lang.reflect.Method.invoke!(java.lang.Object, java.lang.Object[]) (Method.java:-2)
10-29 19:09:38.166 26949 26949 I art     :   at void com.android.internal.os.ZygoteInit$MethodAndArgsCaller.run() (ZygoteInit.java:886)
10-29 19:09:38.166 26949 26949 I art     :   at void com.android.internal.os.ZygoteInit.main(java.lang.String[]) (ZygoteInit.java:776)
10-29 19:09:38.166 26949 26949 I art     : Caused by: java.lang.ClassNotFoundException: Didn't find class "android.app.job.JobServiceEngine" on path: DexPathList[[zip file "/data/app/com.opera.browser-1/base.apk"],nativeLibraryDirectories=[/data/app/com.opera.browser-1/lib/arm, /data/app/com.opera.browser-1/base.apk!/lib/armeabi-v7a, /system/lib, /vendor/lib]]
10-29 19:09:38.166 26949 26949 I art     :   at java.lang.Class dalvik.system.BaseDexClassLoader.findClass(java.lang.String) (BaseDexClassLoader.java:56)
10-29 19:09:38.166 26949 26949 I art     :   at java.lang.Class java.lang.ClassLoader.loadClass(java.lang.String, boolean) (ClassLoader.java:380)
10-29 19:09:38.166 26949 26949 I art     :   at java.lang.Class java.lang.ClassLoader.loadClass(java.lang.String) (ClassLoader.java:312)
10-29 19:09:38.166 26949 26949 I art     :   at void com.opera.android.OperaApplication.onCreate() (SourceFile:52)
10-29 19:09:38.166 26949 26949 I art     :   at void android.app.Instrumentation.callApplicationOnCreate(android.app.Application) (Instrumentation.java:1024)
10-29 19:09:38.166 26949 26949 I art     :   at void android.app.ActivityThread.handleBindApplication(android.app.ActivityThread$AppBindData) (ActivityThread.java:5403)
10-29 19:09:38.166 26949 26949 I art     :   at void android.app.ActivityThread.-wrap2(android.app.ActivityThread, android.app.ActivityThread$AppBindData) (ActivityThread.java:-1)
10-29 19:09:38.166 26949 26949 I art     :   at void android.app.ActivityThread$H.handleMessage(android.os.Message) (ActivityThread.java:1545)
10-29 19:09:38.166 26949 26949 I art     :   at void android.os.Handler.dispatchMessage(android.os.Message) (Handler.java:102)
10-29 19:09:38.166 26949 26949 I art     :   at void android.os.Looper.loop() (Looper.java:154)
10-29 19:09:38.166 26949 26949 I art     :   at void android.app.ActivityThread.main(java.lang.String[]) (ActivityThread.java:6119)
10-29 19:09:38.166 26949 26949 I art     :   at java.lang.Object java.lang.reflect.Method.invoke!(java.lang.Object, java.lang.Object[]) (Method.java:-2)
10-29 19:09:38.166 26949 26949 I art     :   at void com.android.internal.os.ZygoteInit$MethodAndArgsCaller.run() (ZygoteInit.java:886)
10-29 19:09:38.166 26949 26949 I art     :   at void com.android.internal.os.ZygoteInit.main(java.lang.String[]) (ZygoteInit.java:776)
10-29 19:09:38.166 26949 26949 I art     : 
10-29 19:09:38.177 26949 26987 D NetworkSecurityConfig: Using Network Security Config from resource network_security_config_official_build debugBuild: false
10-29 19:09:38.235   787   804 I art     : Background partial concurrent mark sweep GC freed 59309(3MB) AllocSpace objects, 0(0B) LOS objects, 40% free, 10MB/17MB, paused 1.542ms total 104.541ms
10-29 19:09:38.396   600 24515 I ActivityManager: START u0 {act=android.intent.action.VIEW flg=0x10008000 cmp=com.opera.browser/com.opera.android.startup.WelcomeActivity} from uid 10122 on display 0
10-29 19:09:38.450   600  7064 W ActivityManager: Duplicate finish request for ActivityRecord{d8986aa u0 com.opera.browser/com.opera.Opera t1334 f}
10-29 19:09:38.488 26949 26959 I art     : Background sticky concurrent mark sweep GC freed 24445(1840KB) AllocSpace objects, 5(240KB) LOS objects, 12% free, 5MB/6MB, paused 8.840ms total 128.482ms
10-29 19:09:38.771 26949 27060 I OpenGLRenderer: Initialized EGL, version 1.4
10-29 19:09:38.771 26949 27060 D OpenGLRenderer: Swap behavior 2
10-29 19:09:38.791 26949 26959 I art     : Background partial concurrent mark sweep GC freed 30445(2MB) AllocSpace objects, 11(216KB) LOS objects, 39% free, 5MB/8MB, paused 6.215ms total 285.941ms
10-29 19:09:38.824   600   609 I art     : Background partial concurrent mark sweep GC freed 22612(1180KB) AllocSpace objects, 2(40KB) LOS objects, 33% free, 15MB/22MB, paused 5.946ms total 310.954ms
10-29 19:09:38.914 26949 26993 I FA      : App measurement initialized, version: 43042
10-29 19:09:38.914 26949 26993 I FA      : To enable debug logging run: adb shell setprop log.tag.FA VERBOSE
10-29 19:09:38.915 26949 26993 I FA      : To enable faster debug mode event logging run:
10-29 19:09:38.915 26949 26993 I FA      :   adb shell setprop debug.firebase.analytics.app com.opera.browser
10-29 19:09:39.045   600   620 I ActivityManager: Displayed com.opera.browser/com.opera.android.startup.WelcomeActivity: +580ms (total +1s118ms)
10-29 19:09:39.163 26949 27076 W chromium: [WARNING:op_site_scripts.cc(424)] Failed to map /data/user/0/com.opera.browser/app_opera/sjs
10-29 19:09:39.186   600  1080 I ActivityManager: Start proc 27086:com.opera.browser:privileged_process0/u0a122 for service com.opera.browser/com.opera.android.browser.chromium.services.PrivilegedProcessService0
10-29 19:09:39.252 27086 27086 I art     : Starting a blocking GC AddRemoveAppImageSpace
10-29 19:09:39.271   600   620 W WindowManager: Failed looking up window
10-29 19:09:39.271   600   620 W WindowManager: java.lang.IllegalArgumentException: Requested window android.view.ViewRootImpl$W@63e7a13 does not exist
10-29 19:09:39.271   600   620 W WindowManager: 	at com.android.server.wm.WindowManagerService.windowForClientLocked(WindowManagerService.java:9422)
10-29 19:09:39.271   600   620 W WindowManager: 	at com.android.server.wm.WindowManagerService.windowForClientLocked(WindowManagerService.java:9413)
10-29 19:09:39.271   600   620 W WindowManager: 	at com.android.server.wm.WindowManagerService.removeWindow(WindowManagerService.java:2393)
10-29 19:09:39.271   600   620 W WindowManager: 	at com.android.server.wm.Session.remove(Session.java:202)
10-29 19:09:39.271   600   620 W WindowManager: 	at android.view.ViewRootImpl.dispatchDetachedFromWindow(ViewRootImpl.java:3290)
10-29 19:09:39.271   600   620 W WindowManager: 	at android.view.ViewRootImpl.doDie(ViewRootImpl.java:5917)
10-29 19:09:39.271   600   620 W WindowManager: 	at android.view.ViewRootImpl$ViewRootHandler.handleMessage(ViewRootImpl.java:3626)
10-29 19:09:39.271   600   620 W WindowManager: 	at android.os.Handler.dispatchMessage(Handler.java:102)
10-29 19:09:39.271   600   620 W WindowManager: 	at android.os.Looper.loop(Looper.java:154)
10-29 19:09:39.271   600   620 W WindowManager: 	at android.os.HandlerThread.run(HandlerThread.java:61)
10-29 19:09:39.271   600   620 W WindowManager: 	at com.android.server.ServiceThread.run(ServiceThread.java:46)
10-29 19:09:39.275 27086 27086 I LoadedApk: No resource references to update in package com.opera.browser.nord_vpn
10-29 19:09:39.417 27086 27104 E libEGL  : validate_display:99 error 3008 (EGL_BAD_DISPLAY)
10-29 19:09:39.554 14788 15245 W SearchService: Abort, client detached.
10-29 19:09:39.559  1084  1084 I MemoryTrimmer: Trimming objects from memory, since app is in the background.
10-29 19:09:39.564 14788 14788 I MemoryTrimmer: Trimming objects from memory, since app is in the background.
10-29 19:09:39.596 14788 26811 I DeviceStateChecker: DeviceStateChecker cancelled
10-29 19:09:39.597 14788 14788 I MicroDetector: Keeping mic open: false
10-29 19:09:39.597 14788 14818 I AudioController: internalShutdown
10-29 19:09:39.597 14788 14818 I MicrophoneInputStream: mic_close com.google.android.apps.gsa.speech.audio.ae@938b377
10-29 19:09:39.598 14788 14861 I MicroRecognitionRunner: Stopping hotword detection.
10-29 19:09:39.605 27086 27104 E libEGL  : validate_display:99 error 3008 (EGL_BAD_DISPLAY)
10-29 19:09:39.619   238   285 I SoundTriggerHwService::Module: void android::SoundTriggerHwService::Module::onCallbackEvent(const sp<android::SoundTriggerHwService::CallbackEvent> &) mClient == 0
10-29 19:09:39.639 14788 26810 I MicroRecognitionRunner: Detection finished
10-29 19:09:39.645 14788 14788 I MemoryTrimmer: Trimming objects from memory, since app is in the background.
10-29 19:09:39.744 26949 26993 I FA      : Tag Manager is not found and thus will not be used
10-29 19:09:43.547 26949 26949 I PlayCore: UID: [10122]  PID: [26949] AppUpdateListenerRegistry : registerListener
10-29 19:09:43.548 26949 26949 I PlayCore: UID: [10122]  PID: [26949] AppUpdateService : requestUpdateInfo(com.opera.browser)
10-29 19:09:43.555 26949 27162 I PlayCore: UID: [10122]  PID: [26949] AppUpdateService : Initiate binding to the service.
10-29 19:09:43.560   600  3675 W ActivityManager: Unable to start service Intent { act=com.google.android.play.core.install.BIND_UPDATE_SERVICE pkg=com.android.vending } U=0: not found
10-29 19:09:43.560 26949 27162 I PlayCore: UID: [10122]  PID: [26949] AppUpdateService : Failed to bind to the service.
10-29 19:09:43.635 26949 27164 D ApplicationLoaders: ignored Vulkan layer search path /data/app/com.google.android.gms-1/lib/arm:/data/app/com.google.android.gms-1/base.apk!/lib/armeabi-v7a:/data/app/com.google.android.gms-1/split_config.en.apk!/lib/armeabi-v7a for namespace 0xf4a41090
10-29 19:09:43.639 26949 27164 W ResourceType: ResTable_typeSpec entry count inconsistent: given 67, previously 69
10-29 19:09:43.639 26949 27164 W ResourceType: ResTable_typeSpec entry count inconsistent: given 5346, previously 5347
10-29 19:09:43.859   600   612 D SyncManager: failed sync operation JobId: 100983, com.opera.browser u0 (com.opera.browser.ping), com.opera.browser.ping.provider, SERVER, reason: 10122, SyncResult: delayUntil: 1667070583 stats [ numIoExceptions: 1]
10-29 19:09:49.679   787 27135 W CCTFlatFileLogStore: Excessive logging: 256 events, 117705 bytes from log source ANDROID_GSA last 2684s
10-29 19:09:49.696 14788 14788 I MemoryTrimmer: Trimming objects from memory, since app is in the background.
10-29 19:09:51.051 27195 27195 D AndroidRuntime: >>>>>> START com.android.internal.os.RuntimeInit uid 2000 <<<<<<
10-29 19:09:51.054 27195 27195 D AndroidRuntime: CheckJNI is OFF
10-29 19:09:51.117 27195 27195 D ICU     : No timezone override file found: /data/misc/zoneinfo/current/icu/icu_tzdata.dat
10-29 19:09:51.149 27195 27195 I Radio-JNI: register_android_hardware_Radio DONE
10-29 19:09:51.163 27195 27195 D AndroidRuntime: Calling main entry com.android.commands.monkey.Monkey
10-29 19:09:51.232   600   613 W BroadcastQueue: Skipping deliver [background] BroadcastRecord{41d7ad7 u-1 android.net.conn.CONNECTIVITY_CHANGE} to ReceiverList{544ffc4 27195 (unknown name)/2000/u-1 remote:861dc71}: process crashing
10-29 19:09:52.792 27195 27195 D MonkeyStub: translateCommand: wake
10-29 19:09:52.915 27195 27195 D MonkeyStub: translateCommand: tap 960 1881
10-29 19:09:52.977   600 16391 I ActivityManager: START u0 {act=android.intent.action.VIEW flg=0x1000000 cmp=com.opera.browser/com.opera.android.IntentDispatcherActivity} from uid 10122 on display 0
10-29 19:09:53.074   600  1079 I ActivityManager: START u0 {act=android.intent.action.VIEW flg=0x15002000 cmp=com.opera.browser/com.opera.android.BrowserActivity} from uid 10122 on display 0
10-29 19:09:53.080  1084  1171 I OpenGLRenderer: Initialized EGL, version 1.4
10-29 19:09:53.080  1084  1171 D OpenGLRenderer: Swap behavior 2
10-29 19:09:53.090 14788 14788 I MemoryTrimmer: Trimming objects from memory, since app is in the background.
10-29 19:09:53.163   600   609 I art     : Background partial concurrent mark sweep GC freed 42832(2MB) AllocSpace objects, 42(1272KB) LOS objects, 33% free, 14MB/22MB, paused 895us total 117.124ms
10-29 19:09:53.209 26949 26959 I art     : Background sticky concurrent mark sweep GC freed 6340(585KB) AllocSpace objects, 11(220KB) LOS objects, 10% free, 7MB/8MB, paused 5.730ms total 33.088ms
10-29 19:09:53.325  1084  1084 I MemoryTrimmer: Trimming objects from memory, since app is in the background.
10-29 19:09:53.357 26949 26959 I art     : Background sticky concurrent mark sweep GC freed 11006(880KB) AllocSpace objects, 14(280KB) LOS objects, 2% free, 8MB/8MB, paused 5.567ms total 82.924ms
10-29 19:09:53.433 26949 27242 W ResourceType: ResTable_typeSpec entry count inconsistent: given 67, previously 69
10-29 19:09:53.433 26949 27242 W ResourceType: ResTable_typeSpec entry count inconsistent: given 5346, previously 5347
10-29 19:09:53.459 14788 14788 I MemoryTrimmer: Trimming objects from memory, since app is in the background.
10-29 19:09:53.505 26949 27212 E [Leanplum][ERROR]: No variable values were received from the server. Please contact us to investigate.
10-29 19:09:53.520 26949 26959 I art     : Background partial concurrent mark sweep GC freed 41133(2MB) AllocSpace objects, 24(672KB) LOS objects, 40% free, 7MB/12MB, paused 4.057ms total 140.887ms
10-29 19:09:53.621   600   620 I ActivityManager: Displayed com.opera.browser/com.opera.android.BrowserActivity: +520ms (total +609ms)
10-29 19:09:53.656   600 17381 I CwMcuSensor: CwMcuSensor::flush: fd = 235, sensors_id = 0, path = /sys/class/htc_sensorhub/sensor_hub/flush, err = 0
10-29 19:09:53.725 26949 27060 D OpenGLRenderer: endAllActiveAnimators on 0xd176f780 (RippleDrawable) with handle 0xd1bb97e0
10-29 19:09:54.061 26949 27257 W ResourceType: ResTable_typeSpec entry count inconsistent: given 67, previously 69
10-29 19:09:54.061 26949 27257 W ResourceType: ResTable_typeSpec entry count inconsistent: given 5346, previously 5347
10-29 19:09:54.268 26949 26954 I art     : Do partial code cache collection, code=18KB, data=30KB
10-29 19:09:54.271 26949 26954 I art     : After code cache collection, code=18KB, data=30KB
10-29 19:09:54.271 26949 26954 I art     : Increasing code cache capacity to 128KB
10-29 19:09:54.337 26949 26949 E Sensors : sendAck failure -1 1
10-29 19:09:54.377 26949 26949 I Choreographer: Skipped 39 frames!  The application may be doing too much work on its main thread.
10-29 19:09:54.552 26949 26959 I art     : Background sticky concurrent mark sweep GC freed 37037(2MB) AllocSpace objects, 32(640KB) LOS objects, 20% free, 10MB/12MB, paused 6.895ms total 83.617ms
10-29 19:09:54.555 26949 26949 W View    : requestLayout() improperly called by com.opera.android.custom_views.FadingRecyclerView{533f8d VFED.V... ......ID 0,813-1536,813 #7f0a0825 app:id/suggested_dials_grid} during layout: running second layout pass
10-29 19:09:54.897 26949 26959 I art     : Background partial concurrent mark sweep GC freed 64304(3MB) AllocSpace objects, 28(1384KB) LOS objects, 39% free, 10MB/18MB, paused 2.865ms total 297.461ms
10-29 19:09:54.935 26949 26949 I Choreographer: Skipped 31 frames!  The application may be doing too much work on its main thread.
10-29 19:09:55.050 27311 27311 I dex2oat : /system/bin/dex2oat --dex-file=/data/user/0/com.opera.browser/code_cache/.    ​  --oat-fd=199 --oat-location=/data/user/0/com.opera.browser/code_cache/.     --compiler-filter=speed
10-29 19:09:55.419 27311 27311 W dex2oat : Compilation of java.lang.String com.appsflyer.internal.a$$.$$c(int, byte, int) took 109.410ms
10-29 19:09:55.600 27311 27311 I dex2oat : dex2oat took 554.840ms (threads: 2) arena alloc=432KB (442800B) java alloc=32KB (33064B) native alloc=346KB (354496B) free=1189KB (1218368B)
10-29 19:09:55.687 26949 26949 E Sensors : sendAck failure -1 1
10-29 19:09:55.687 26949 26949 E Sensors : sendAck failure -1 2
10-29 19:09:55.687 26949 26949 E Sensors : sendAck failure -1 3
10-29 19:09:55.687 26949 26949 E Sensors : sendAck failure -1 1
10-29 19:09:55.688 26949 26949 E Sensors : sendAck failure -1 2
10-29 19:09:55.864 27319 27319 I dex2oat : /system/bin/dex2oat --dex-file=/data/user/0/com.opera.browser/code_cache/.      --oat-fd=161 --oat-location=/data/user/0/com.opera.browser/code_cache/.    --compiler-filter=speed
10-29 19:09:55.917 26949 26954 I art     : Do partial code cache collection, code=38KB, data=62KB
10-29 19:09:55.932 26949 26959 I art     : Background sticky concurrent mark sweep GC freed 33152(3MB) AllocSpace objects, 32(1344KB) LOS objects, 19% free, 14MB/18MB, paused 6.705ms total 144.005ms
10-29 19:09:55.939 26949 26954 I art     : After code cache collection, code=37KB, data=62KB
10-29 19:09:55.939 26949 26954 I art     : Increasing code cache capacity to 256KB
10-29 19:09:56.136 27319 27319 I dex2oat : dex2oat took 276.049ms (threads: 2) arena alloc=483KB (495400B) java alloc=86KB (88128B) native alloc=523KB (536312B) free=1524KB (1560840B)
10-29 19:09:56.415 26949 26959 I art     : Background sticky concurrent mark sweep GC freed 57008(3MB) AllocSpace objects, 11(860KB) LOS objects, 15% free, 15MB/18MB, paused 2.631ms total 159.167ms
10-29 19:09:56.622 26949 26959 I art     : Background sticky concurrent mark sweep GC freed 60201(2MB) AllocSpace objects, 5(468KB) LOS objects, 8% free, 16MB/18MB, paused 5.609ms total 63.516ms
10-29 19:09:56.978 27195 27195 D MonkeyStub: translateCommand: tap 57 93
10-29 19:09:59.031 27195 27195 D MonkeyStub: translateCommand: tap 57 93
10-29 19:10:01.139 27195 27195 D MonkeyStub: translateCommand: tap 446 593
10-29 19:10:03.188 27195 27195 D MonkeyStub: translateCommand: tap 667 302
10-29 19:10:03.295 26949 26954 I art     : Do full code cache collection, code=83KB, data=124KB
10-29 19:10:03.300 26949 26954 I art     : Starting a blocking GC JitCodeCache
10-29 19:10:03.310 26949 26954 I art     : After code cache collection, code=65KB, data=67KB
10-29 19:10:06.466 27195 27195 D MonkeyStub: translateCommand: tap 1286 930
10-29 19:10:07.691 27195 27195 D MonkeyStub: translateCommand: tap 62 98
10-29 19:10:07.724 27195 27195 D MonkeyStub: translateCommand: tap 729 89
10-29 19:10:07.733 27195 27195 D MonkeyStub: Quit requested
10-29 19:10:07.756 27195 27195 I art     : System.exit called, status: 16
10-29 19:10:07.756 27195 27195 I AndroidRuntime: VM exiting with result code 16.
10-29 19:10:07.758   600   614 I CwMcuSensor: CwMcuSensor::flush: fd = 235, sensors_id = 0, path = /sys/class/htc_sensorhub/sensor_hub/flush, err = 0
10-29 19:10:07.792   600  3675 W WindowManager: Attempted to remove non-existing token: android.os.Binder@1745430
10-29 19:10:08.079   600  2707 E BatteryStatsService: power: Missing API
10-29 19:10:08.085   600  2707 E BatteryStatsService: no controller energy info supplied
10-29 19:10:08.085   796   796 E PhoneInterfaceManager: [PhoneIntfMgr] queryModemActivityInfo: Empty response
10-29 19:10:08.091   600  2707 E BatteryStatsService: modem info is invalid: ModemActivityInfo{ mTimestamp=0 mSleepTimeMs=0 mIdleTimeMs=0 mTxTimeMs[]=[0, 0, 0, 0, 0] mRxTimeMs=0 mEnergyUsed=0}
10-29 19:10:08.095   600   613 W ProcessCpuTracker: Skipping unknown process pid 27350
10-29 19:10:08.502 27353 27353 D AndroidRuntime: >>>>>> START com.android.internal.os.RuntimeInit uid 2000 <<<<<<
10-29 19:10:08.505 27353 27353 D AndroidRuntime: CheckJNI is OFF
10-29 19:10:08.571 27353 27353 D ICU     : No timezone override file found: /data/misc/zoneinfo/current/icu/icu_tzdata.dat
10-29 19:10:08.600 27353 27353 I Radio-JNI: register_android_hardware_Radio DONE
10-29 19:10:08.615 27353 27353 D AndroidRuntime: Calling main entry com.android.commands.am.Am
10-29 19:10:08.635   600 27731 I ActivityManager: START u0 {act=android.intent.action.VIEW dat=http://geeksforgeeks.org/... flg=0x10000000 cmp=com.opera.browser/com.opera.Opera} from uid 2000 on display 0
10-29 19:10:08.640 27353 27353 D AndroidRuntime: Shutting down VM
10-29 19:10:08.747 26949 26949 W art     : Before Android 4.1, method double java.util.concurrent.ThreadLocalRandom.internalNextDouble(double, double) would have incorrectly overridden the package-private method in java.util.Random
10-29 19:10:08.747 26949 26949 W art     : Before Android 4.1, method int java.util.concurrent.ThreadLocalRandom.internalNextInt(int, int) would have incorrectly overridden the package-private method in java.util.Random
10-29 19:10:08.747 26949 26949 W art     : Before Android 4.1, method long java.util.concurrent.ThreadLocalRandom.internalNextLong(long, long) would have incorrectly overridden the package-private method in java.util.Random
10-29 19:10:08.772 14788 14788 I MemoryTrimmer: Trimming objects from memory, since app is in the background.
10-29 19:10:08.792   600   619 D BluetoothManagerService: Message: 20
10-29 19:10:08.792   600   619 D BluetoothManagerService: Added callback: android.bluetooth.IBluetoothManagerCallback$Stub$Proxy@484899e:true
10-29 19:10:08.805   600   713 I ActivityManager: Start proc 27366:com.opera.browser:sandboxed_process0/u0a122 for service com.opera.browser/com.opera.android.browser.chromium.services.SandboxedProcessService0
10-29 19:10:08.864 27366 27366 I art     : Starting a blocking GC AddRemoveAppImageSpace
10-29 19:10:08.892 27366 27366 I LoadedApk: No resource references to update in package com.opera.browser.nord_vpn
10-29 19:10:08.900 26949 27286 W ResourceType: ResTable_typeSpec entry count inconsistent: given 67, previously 69
10-29 19:10:08.900 26949 27286 W ResourceType: ResTable_typeSpec entry count inconsistent: given 5346, previously 5347
10-29 19:10:08.988 26949 26954 I art     : Do partial code cache collection, code=86KB, data=108KB
10-29 19:10:08.990 26949 26954 I art     : After code cache collection, code=86KB, data=108KB
10-29 19:10:08.990 26949 26954 I art     : Increasing code cache capacity to 512KB
10-29 19:10:09.251   787   805 I FontLog : Received query name=Google Sans&weight=400&besteffort=false, URI content://com.google.android.gms.fonts [CONTEXT service_id=132 ]
10-29 19:10:09.252   787   805 I FontLog : Query [name=Google Sans&weight=400&besteffort=false] resolved to {Google Sans, wdth 100.0, wght 400, ital 0.0, bestEffort false} [CONTEXT service_id=132 ]
10-29 19:10:09.253   787   805 I FontLog : Font PFD returned from cache for {Google Sans, wdth 100.0, wght 400, ital 0.0, bestEffort false} [CONTEXT service_id=132 ]
10-29 19:10:09.253   787   805 I FontLog : Fetch {Google Sans, wdth 100.0, wght 400, ital 0.0, bestEffort false} end status Status{statusCode=SUCCESS, resolution=null} [CONTEXT service_id=132 ]
10-29 19:10:09.257   787  1245 I FontLog : Pulling font file for id = 354, cache size = 6 [CONTEXT service_id=132 ]
10-29 19:10:09.262   787   806 I FontLog : Received query name=Google Sans&weight=500&besteffort=false, URI content://com.google.android.gms.fonts [CONTEXT service_id=132 ]
10-29 19:10:09.262   787   806 I FontLog : Query [name=Google Sans&weight=500&besteffort=false] resolved to {Google Sans, wdth 100.0, wght 500, ital 0.0, bestEffort false} [CONTEXT service_id=132 ]
10-29 19:10:09.263   787   806 I FontLog : Font PFD returned from cache for {Google Sans, wdth 100.0, wght 500, ital 0.0, bestEffort false} [CONTEXT service_id=132 ]
10-29 19:10:09.263   787   806 I FontLog : Fetch {Google Sans, wdth 100.0, wght 500, ital 0.0, bestEffort false} end status Status{statusCode=SUCCESS, resolution=null} [CONTEXT service_id=132 ]
10-29 19:10:09.267   787   805 I FontLog : Pulling font file for id = 355, cache size = 5 [CONTEXT service_id=132 ]
10-29 19:10:09.270   787  1714 I FontLog : Received query name=Google Sans&weight=700&besteffort=false, URI content://com.google.android.gms.fonts [CONTEXT service_id=132 ]
10-29 19:10:09.271   787  1714 I FontLog : Query [name=Google Sans&weight=700&besteffort=false] resolved to {Google Sans, wdth 100.0, wght 700, ital 0.0, bestEffort false} [CONTEXT service_id=132 ]
10-29 19:10:09.272   787  1714 I FontLog : Fetch {Google Sans, wdth 100.0, wght 700, ital 0.0, bestEffort false} end status Status{statusCode=SUCCESS, resolution=null} [CONTEXT service_id=132 ]
10-29 19:10:09.274   787   806 I FontLog : Pulling font file for id = 356, cache size = 5 [CONTEXT service_id=132 ]
10-29 19:10:09.283   787  1620 I FontLog : Received query name=Noto Color Emoji Compat&weight=400&besteffort=false, URI content://com.google.android.gms.fonts [CONTEXT service_id=132 ]
10-29 19:10:09.283   787  1620 I FontLog : Query [name=Noto Color Emoji Compat&weight=400&besteffort=false] resolved to {Noto Color Emoji Compat, wdth 100.0, wght 400, ital 0.0, bestEffort false} [CONTEXT service_id=132 ]
10-29 19:10:09.285   787  1620 I FontLog : Fetch {Noto Color Emoji Compat, wdth 100.0, wght 400, ital 0.0, bestEffort false} end status Status{statusCode=SUCCESS, resolution=null} [CONTEXT service_id=132 ]
10-29 19:10:09.288   787  1714 I FontLog : Pulling font file for id = 357, cache size = 4 [CONTEXT service_id=132 ]
10-29 19:10:09.319   787 27135 W FontLog : Error updating last accessed time for {Google Sans, wdth 100.0, wght 500, ital 0.0, bestEffort false}. [CONTEXT service_id=132 ]
10-29 19:10:09.319   787 27135 W FontLog : java.lang.IllegalStateException: attempt to re-open an already-closed object: SQLiteDatabase: /data/user/0/com.google.android.gms/databases/metadata.db
10-29 19:10:09.319   787 27135 W FontLog : 	at android.database.sqlite.SQLiteClosable.acquireReference(SQLiteClosable.java:55)
10-29 19:10:09.319   787 27135 W FontLog : 	at android.database.sqlite.SQLiteDatabase.executeSql(SQLiteDatabase.java:1662)
10-29 19:10:09.319   787 27135 W FontLog : 	at android.database.sqlite.SQLiteDatabase.execSQL(SQLiteDatabase.java:1658)
10-29 19:10:09.319   787 27135 W FontLog : 	at aafx.run(Unknown Source)
10-29 19:10:09.319   787 27135 W FontLog : 	at sup.b(:com.google.android.gms@203915020@20.39.15 (040406-335085812):12)
10-29 19:10:09.319   787 27135 W FontLog : 	at sup.run(:com.google.android.gms@203915020@20.39.15 (040406-335085812):7)
10-29 19:10:09.319   787 27135 W FontLog : 	at java.util.concurrent.ThreadPoolExecutor.runWorker(ThreadPoolExecutor.java:1133)
10-29 19:10:09.319   787 27135 W FontLog : 	at java.util.concurrent.ThreadPoolExecutor$Worker.run(ThreadPoolExecutor.java:607)
10-29 19:10:09.319   787 27135 W FontLog : 	at tam.run(:com.google.android.gms@203915020@20.39.15 (040406-335085812):0)
10-29 19:10:09.319   787 27135 W FontLog : 	at java.lang.Thread.run(Thread.java:761)
10-29 19:10:10.480 26949 26959 I art     : Background sticky concurrent mark sweep GC freed 108705(6MB) AllocSpace objects, 16(372KB) LOS objects, 28% free, 17MB/24MB, paused 6.465ms total 150.783ms
10-29 19:10:15.219   600   612 I UsageStatsService: User[0] Flushing usage stats to disk
10-29 19:10:16.318   600   647 I WifiHAL : Got channel list with 13 channels
10-29 19:10:16.319   600   647 I WifiHAL : Got channel list with 4 channels
10-29 19:10:16.320   600   647 I WifiHAL : Got channel list with 15 channels
10-29 19:10:21.787 27428 27428 D AndroidRuntime: >>>>>> START com.android.internal.os.RuntimeInit uid 2000 <<<<<<
10-29 19:10:21.791 27428 27428 D AndroidRuntime: CheckJNI is OFF
10-29 19:10:21.863 27428 27428 D ICU     : No timezone override file found: /data/misc/zoneinfo/current/icu/icu_tzdata.dat
10-29 19:10:21.905 27428 27428 I Radio-JNI: register_android_hardware_Radio DONE
10-29 19:10:21.929 27428 27428 D AndroidRuntime: Calling main entry com.android.commands.monkey.Monkey
10-29 19:10:22.003   600   613 W BroadcastQueue: Skipping deliver [background] BroadcastRecord{e553d0a u-1 android.net.conn.CONNECTIVITY_CHANGE} to ReceiverList{2a0397b 27428 (unknown name)/2000/u-1 remote:73128ac}: process crashing
10-29 19:10:23.389 27428 27428 D MonkeyStub: translateCommand: wake
10-29 19:10:23.523 27428 27428 D MonkeyStub: translateCommand: touch down 614 1561
10-29 19:10:23.543 27428 27428 D MonkeyStub: translateCommand: touch move 614 1561
10-29 19:10:23.655 27428 27428 D MonkeyStub: translateCommand: touch move 614 1436
10-29 19:10:23.761 27428 27428 D MonkeyStub: translateCommand: touch move 614 1311
10-29 19:10:23.870 27428 27428 D MonkeyStub: translateCommand: touch move 614 1186
10-29 19:10:23.985 27428 27428 D MonkeyStub: translateCommand: touch move 614 1061
10-29 19:10:24.094 27428 27428 D MonkeyStub: translateCommand: touch move 614 937
10-29 19:10:24.209 27428 27428 D MonkeyStub: translateCommand: touch move 614 812
10-29 19:10:24.313 27428 27428 D MonkeyStub: translateCommand: touch move 614 687
10-29 19:10:24.422 27428 27428 D MonkeyStub: translateCommand: touch move 614 562
10-29 19:10:24.544 27428 27428 D MonkeyStub: translateCommand: touch move 614 437
10-29 19:10:24.652 27428 27428 D MonkeyStub: translateCommand: touch move 614 312
10-29 19:10:24.666 27428 27428 D MonkeyStub: translateCommand: touch up 614 312
10-29 19:10:24.689 27428 27428 D MonkeyStub: translateCommand: touch down 614 1561
10-29 19:10:24.697 27428 27428 D MonkeyStub: translateCommand: touch move 614 1561
10-29 19:10:24.815 27428 27428 D MonkeyStub: translateCommand: touch move 614 1436
10-29 19:10:24.924 27428 27428 D MonkeyStub: translateCommand: touch move 614 1311
10-29 19:10:25.034 27428 27428 D MonkeyStub: translateCommand: touch move 614 1186
10-29 19:10:25.147 27428 27428 D MonkeyStub: translateCommand: touch move 614 1061
10-29 19:10:25.258 27428 27428 D MonkeyStub: translateCommand: touch move 614 937
10-29 19:10:25.369 27428 27428 D MonkeyStub: translateCommand: touch move 614 812
10-29 19:10:25.496 27428 27428 D MonkeyStub: translateCommand: touch move 614 687
10-29 19:10:25.601 27428 27428 D MonkeyStub: translateCommand: touch move 614 562
10-29 19:10:25.736 27428 27428 D MonkeyStub: translateCommand: touch move 614 437
10-29 19:10:25.848 27428 27428 D MonkeyStub: translateCommand: touch move 614 312
10-29 19:10:25.852 27428 27428 D MonkeyStub: translateCommand: touch up 614 312
10-29 19:10:30.225 27428 27428 D MonkeyStub: translateCommand: tap 139 85
10-29 19:10:33.733 14788 14788 I MemoryTrimmer: Trimming objects from memory, since app is in the background.
10-29 19:10:38.416 27428 27428 D MonkeyStub: translateCommand: tap 993 1514
10-29 19:10:40.677   600  6312 D DnsEventListenerService: Logging 100 results for netId 100
10-29 19:10:42.511 27428 27428 D MonkeyStub: translateCommand: tap 1291 1873
10-29 19:10:44.555 27428 27428 D MonkeyStub: translateCommand: touch down 614 1561
10-29 19:10:44.575 27428 27428 D MonkeyStub: translateCommand: touch move 614 1561
10-29 19:10:44.689 27428 27428 D MonkeyStub: translateCommand: touch move 614 1436
10-29 19:10:44.794 27428 27428 D MonkeyStub: translateCommand: touch move 614 1311
10-29 19:10:44.900 27428 27428 D MonkeyStub: translateCommand: touch move 614 1186
10-29 19:10:45.011 27428 27428 D MonkeyStub: translateCommand: touch move 614 1061
10-29 19:10:45.136 27428 27428 D MonkeyStub: translateCommand: touch move 614 937
10-29 19:10:45.310 27428 27428 D MonkeyStub: translateCommand: touch move 614 812
10-29 19:10:45.414 27428 27428 D MonkeyStub: translateCommand: touch move 614 687
10-29 19:10:45.524 27428 27428 D MonkeyStub: translateCommand: touch move 614 562
10-29 19:10:45.637 27428 27428 D MonkeyStub: translateCommand: touch move 614 437
10-29 19:10:45.747 27428 27428 D MonkeyStub: translateCommand: touch move 614 312
10-29 19:10:45.760 27428 27428 D MonkeyStub: translateCommand: touch up 614 312
10-29 19:10:45.786 27428 27428 D MonkeyStub: translateCommand: touch down 614 1561
10-29 19:10:45.792 27428 27428 D MonkeyStub: translateCommand: touch move 614 1561
10-29 19:10:45.905 27428 27428 D MonkeyStub: translateCommand: touch move 614 1436
10-29 19:10:46.011 27428 27428 D MonkeyStub: translateCommand: touch move 614 1311
10-29 19:10:46.118 27428 27428 D MonkeyStub: translateCommand: touch move 614 1186
10-29 19:10:46.230 27428 27428 D MonkeyStub: translateCommand: touch move 614 1061
10-29 19:10:46.339 27428 27428 D MonkeyStub: translateCommand: touch move 614 937
10-29 19:10:46.451 27428 27428 D MonkeyStub: translateCommand: touch move 614 812
10-29 19:10:46.562 27428 27428 D MonkeyStub: translateCommand: touch move 614 687
10-29 19:10:46.666 27428 27428 D MonkeyStub: translateCommand: touch move 614 562
10-29 19:10:46.787 27428 27428 D MonkeyStub: translateCommand: touch move 614 437
10-29 19:10:46.897 27428 27428 D MonkeyStub: translateCommand: touch move 614 312
10-29 19:10:46.903 27428 27428 D MonkeyStub: translateCommand: touch up 614 312
10-29 19:10:51.484   198   198 E SELinux : avc:  denied  { find } for service=netd pid=27490 uid=2000 scontext=u:r:shell:s0 tcontext=u:object_r:netd_service:s0 tclass=service_manager permissive=0
10-29 19:10:51.489   198   198 E SELinux : avc:  denied  { find } for service=android.service.gatekeeper.IGateKeeperService pid=27490 uid=2000 scontext=u:r:shell:s0 tcontext=u:object_r:gatekeeper_service:s0 tclass=service_manager permissive=0
10-29 19:10:52.137 27428 27428 D MonkeyStub: translateCommand: touch down 614 312
10-29 19:10:52.147 27428 27428 D MonkeyStub: translateCommand: touch move 614 312
10-29 19:10:52.262 27428 27428 D MonkeyStub: translateCommand: touch move 614 437
10-29 19:10:52.371 27428 27428 D MonkeyStub: translateCommand: touch move 614 562
10-29 19:10:52.481 27428 27428 D MonkeyStub: translateCommand: touch move 614 687
10-29 19:10:52.589 27428 27428 D MonkeyStub: translateCommand: touch move 614 812
10-29 19:10:52.693 27428 27428 D MonkeyStub: translateCommand: touch move 614 937
10-29 19:10:52.817 27428 27428 D MonkeyStub: translateCommand: touch move 614 1061
10-29 19:10:52.941 27428 27428 D MonkeyStub: translateCommand: touch move 614 1186
10-29 19:10:53.048 27428 27428 D MonkeyStub: translateCommand: touch move 614 1311
10-29 19:10:53.165 27428 27428 D MonkeyStub: translateCommand: touch move 614 1436
10-29 19:10:53.273 27428 27428 D MonkeyStub: translateCommand: touch move 614 1561
10-29 19:10:53.277 27428 27428 D MonkeyStub: translateCommand: touch up 614 1561
10-29 19:10:55.412 27428 27428 D MonkeyStub: translateCommand: tap 758 273
10-29 19:10:57.448 27428 27428 D MonkeyStub: translateCommand: tap 355 362
10-29 19:10:58.156 26949 26959 I art     : Background sticky concurrent mark sweep GC freed 144876(5MB) AllocSpace objects, 17(352KB) LOS objects, 27% free, 17MB/24MB, paused 7.670ms total 105.357ms
10-29 19:11:05.561 27428 27428 D MonkeyStub: translateCommand: touch down 614 1561
10-29 19:11:05.575 27428 27428 D MonkeyStub: translateCommand: touch move 614 1561
10-29 19:11:05.689 27428 27428 D MonkeyStub: translateCommand: touch move 614 1436
10-29 19:11:05.800 27428 27428 D MonkeyStub: translateCommand: touch move 614 1311
10-29 19:11:05.911 27428 27428 D MonkeyStub: translateCommand: touch move 614 1186
10-29 19:11:05.957   600  2707 I ActivityManager: Setting hasTopUi=true for pid=682
10-29 19:11:05.964   682   682 D PhoneStatusBar: disable: < expand ICONS* alerts SYSTEM_INFO* back home recent clock search quick_settings >
10-29 19:11:06.016 27428 27428 D MonkeyStub: translateCommand: touch move 614 1061
10-29 19:11:06.126 27428 27428 D MonkeyStub: translateCommand: touch move 614 937
10-29 19:11:06.246 27428 27428 D MonkeyStub: translateCommand: touch move 614 812
10-29 19:11:06.259   600 17381 W InputManager: Input event injection from pid 27428 failed.
10-29 19:11:06.357 27428 27428 D MonkeyStub: translateCommand: touch move 614 687
10-29 19:11:06.360   600  1082 W InputManager: Input event injection from pid 27428 failed.
10-29 19:11:06.472 27428 27428 D MonkeyStub: translateCommand: touch move 614 562
10-29 19:11:06.475   600 16391 W InputManager: Input event injection from pid 27428 failed.
10-29 19:11:06.581 27428 27428 D MonkeyStub: translateCommand: touch move 614 437
10-29 19:11:06.583   600  3675 W InputManager: Input event injection from pid 27428 failed.
10-29 19:11:06.688 27428 27428 D MonkeyStub: translateCommand: touch move 614 312
10-29 19:11:06.698 27428 27428 D MonkeyStub: translateCommand: touch up 614 312
10-29 19:11:06.752 27428 27428 D MonkeyStub: translateCommand: touch down 614 1561
10-29 19:11:06.764 27428 27428 D MonkeyStub: translateCommand: touch move 614 1561
10-29 19:11:06.863   600   609 I art     : Background partial concurrent mark sweep GC freed 85219(3MB) AllocSpace objects, 20(432KB) LOS objects, 33% free, 15MB/22MB, paused 669us total 149.237ms
10-29 19:11:06.881 27428 27428 D MonkeyStub: translateCommand: touch move 614 1436
10-29 19:11:06.882   600  1076 W InputManager: Input event injection from pid 27428 failed.
10-29 19:11:06.992 27428 27428 D MonkeyStub: translateCommand: touch move 614 1311
10-29 19:11:06.994   600  1082 W InputManager: Input event injection from pid 27428 failed.
10-29 19:11:07.102 27428 27428 D MonkeyStub: translateCommand: touch move 614 1186
10-29 19:11:07.103   600  3507 W InputManager: Input event injection from pid 27428 failed.
10-29 19:11:07.237 27428 27428 D MonkeyStub: translateCommand: touch move 614 1061
10-29 19:11:07.238   600  1080 W InputManager: Input event injection from pid 27428 failed.
10-29 19:11:07.347 27428 27428 D MonkeyStub: translateCommand: touch move 614 937
10-29 19:11:07.458 27428 27428 D MonkeyStub: translateCommand: touch move 614 812
10-29 19:11:07.459   600  3509 W InputManager: Input event injection from pid 27428 failed.
10-29 19:11:07.577 27428 27428 D MonkeyStub: translateCommand: touch move 614 687
10-29 19:11:07.579   600  1076 W InputManager: Input event injection from pid 27428 failed.
10-29 19:11:07.685 27428 27428 D MonkeyStub: translateCommand: touch move 614 562
10-29 19:11:07.686   600 24515 W InputManager: Input event injection from pid 27428 failed.
10-29 19:11:07.799 27428 27428 D MonkeyStub: translateCommand: touch move 614 437
10-29 19:11:07.800   600  3507 W InputManager: Input event injection from pid 27428 failed.
10-29 19:11:07.914 27428 27428 D MonkeyStub: translateCommand: touch move 614 312
10-29 19:11:07.915   600   610 W InputMethodManagerService: Window already focused, ignoring focus gain of: com.android.internal.view.IInputMethodClient$Stub$Proxy@51e2374 attribute=null, token = android.os.BinderProxy@e7e8b92
10-29 19:11:07.916   600  3994 W InputManager: Input event injection from pid 27428 failed.
10-29 19:11:07.928 27428 27428 D MonkeyStub: translateCommand: touch up 614 312
10-29 19:11:07.930   600  1081 I ActivityManager: Setting hasTopUi=false for pid=682
10-29 19:11:07.932   682   682 D PhoneStatusBar: disable: < expand icons* alerts system_info* back home recent clock search quick_settings >
10-29 19:11:07.935   600   713 W InputManager: Input event injection from pid 27428 failed.
10-29 19:11:13.028 27428 27428 D MonkeyStub: translateCommand: touch down 614 1561
10-29 19:11:13.050 27428 27428 D MonkeyStub: translateCommand: touch move 614 1561
10-29 19:11:13.164 27428 27428 D MonkeyStub: translateCommand: touch move 614 1436
10-29 19:11:13.274 27428 27428 D MonkeyStub: translateCommand: touch move 614 1311
10-29 19:11:13.385 27428 27428 D MonkeyStub: translateCommand: touch move 614 1186
10-29 19:11:13.496 27428 27428 D MonkeyStub: translateCommand: touch move 614 1061
10-29 19:11:13.613 27428 27428 D MonkeyStub: translateCommand: touch move 614 937
10-29 19:11:13.726 27428 27428 D MonkeyStub: translateCommand: touch move 614 812
10-29 19:11:13.839 27428 27428 D MonkeyStub: translateCommand: touch move 614 687
10-29 19:11:13.951 27428 27428 D MonkeyStub: translateCommand: touch move 614 562
10-29 19:11:14.064 27428 27428 D MonkeyStub: translateCommand: touch move 614 437
10-29 19:11:14.175 27428 27428 D MonkeyStub: translateCommand: touch move 614 312
10-29 19:11:14.180 27428 27428 D MonkeyStub: translateCommand: touch up 614 312
10-29 19:11:14.191 27428 27428 D MonkeyStub: Quit requested
10-29 19:11:14.212   600   614 I CwMcuSensor: CwMcuSensor::flush: fd = 235, sensors_id = 0, path = /sys/class/htc_sensorhub/sensor_hub/flush, err = 0
10-29 19:11:14.217 27428 27428 I art     : System.exit called, status: 114
10-29 19:11:14.217 27428 27428 I AndroidRuntime: VM exiting with result code 114.
10-29 19:11:14.241   600   713 W WindowManager: Attempted to remove non-existing token: android.os.Binder@fde2398
10-29 19:11:30.577 27509 27509 D AndroidRuntime: >>>>>> START com.android.internal.os.RuntimeInit uid 2000 <<<<<<
10-29 19:11:30.585 27509 27509 D AndroidRuntime: CheckJNI is OFF
10-29 19:11:30.672 27509 27509 D ICU     : No timezone override file found: /data/misc/zoneinfo/current/icu/icu_tzdata.dat
10-29 19:11:30.709 27509 27509 I Radio-JNI: register_android_hardware_Radio DONE
10-29 19:11:30.725 27509 27509 D AndroidRuntime: Calling main entry com.android.commands.am.Am
10-29 19:11:30.743   600  1079 I ActivityManager: Force stopping com.opera.browser appid=10122 user=0: from pid 27509
10-29 19:11:30.743   600  1079 I ActivityManager: Killing 27086:com.opera.browser:privileged_process0/u0a122 (adj 0): stop com.opera.browser
10-29 19:11:30.744   600  1079 D ActivityManager: cleanUpApplicationRecord -- 27086
10-29 19:11:30.744   600  1079 W ActivityManager: Scheduling restart of crashed service com.opera.browser/com.opera.android.browser.chromium.services.PrivilegedProcessService0 in 1000ms
10-29 19:11:30.748   600  1079 I ActivityManager: Killing 26949:com.opera.browser/u0a122 (adj 0): stop com.opera.browser
10-29 19:11:30.750   600  1079 D ActivityManager: cleanUpApplicationRecord -- 26949
10-29 19:11:30.751   600  1079 W ActivityManager: Force removing ActivityRecord{402665 u0 com.opera.browser/com.opera.android.BrowserActivity t1334}: app died, no saved state
10-29 19:11:30.765   600  1079 I ActivityManager: Killing 27366:com.opera.browser:sandboxed_process0/u0a122 (adj 0): stop com.opera.browser
10-29 19:11:30.766   600  1079 D ActivityManager: cleanUpApplicationRecord -- 27366
10-29 19:11:30.769 14788 14788 I MemoryTrimmer: Trimming objects from memory, since app is in the background.
10-29 19:11:30.771 27509 27509 D AndroidRuntime: Shutting down VM
10-29 19:11:30.811  1084  1171 I OpenGLRenderer: Initialized EGL, version 1.4
10-29 19:11:30.811  1084  1171 D OpenGLRenderer: Swap behavior 2
10-29 19:11:30.860  1061  1061 D RegisteredNfcFServicesCache: Service unchanged, not updating
10-29 19:11:30.905 14788 15244 I AttachedClient: Adding client event 2 to pending list.
10-29 19:11:30.918 14788 14788 I OptInState: There is a new client and it does not support opt-in. Dropping request.
10-29 19:11:30.920 14788 14788 I MicroDetectionWorker: Micro detection mode: [mDetectionMode: [1]].
10-29 19:11:30.931 14788 27523 I MicroRecognitionRunner: Starting detection.
10-29 19:11:30.935 14788 14818 I MicrophoneInputStream: mic_starting com.google.android.apps.gsa.speech.audio.ae@4296f6
10-29 19:11:30.943   238   285 I SoundTriggerHwService::Module: void android::SoundTriggerHwService::Module::onCallbackEvent(const sp<android::SoundTriggerHwService::CallbackEvent> &) mClient == 0
10-29 19:11:30.952   238 27526 I AudioFlinger: AudioFlinger's thread 0xef692700 ready to run
10-29 19:11:30.954 14788 14818 I MicrophoneInputStream: mic_started com.google.android.apps.gsa.speech.audio.ae@4296f6
10-29 19:11:30.971 14788 14798 I art     : Background sticky concurrent mark sweep GC freed 3213(182KB) AllocSpace objects, 0(0B) LOS objects, 11% free, 5MB/6MB, paused 7.408ms total 20.889ms
10-29 19:11:31.141 14788 14788 I MicroDetectionWorker: onReady
10-29 19:11:31.156   600   611 D ConnectivityService: ConnectivityService NetworkRequestInfo binderDied(NetworkRequest [ LISTEN id=378, [ Capabilities: INTERNET&NOT_RESTRICTED&TRUSTED&FOREGROUND] ], android.os.BinderProxy@efc3241)
10-29 19:11:31.157   600   611 D GraphicsStats: Buffer count: 2
10-29 19:11:31.157   600   649 E ConnectivityService: RemoteException caught trying to send a callback msg for NetworkRequest [ LISTEN id=378, [ Capabilities: INTERNET&NOT_RESTRICTED&TRUSTED&FOREGROUND] ]
10-29 19:11:31.157   600   611 D ConnectivityService: ConnectivityService NetworkRequestInfo binderDied(NetworkRequest [ LISTEN id=377, [ Capabilities: INTERNET&NOT_RESTRICTED&TRUSTED&FOREGROUND] ], android.os.BinderProxy@7f763e6)
10-29 19:11:31.158   600   649 E ConnectivityService: RemoteException caught trying to send a callback msg for NetworkRequest [ LISTEN id=377, [ Capabilities: INTERNET&NOT_RESTRICTED&TRUSTED&FOREGROUND] ]
10-29 19:11:31.350 27519 27519 D AndroidRuntime: >>>>>> START com.android.internal.os.RuntimeInit uid 2000 <<<<<<
10-29 19:11:31.353  1084  1171 W OpenGLRenderer: Incorrectly called buildLayer on View: ShortcutAndWidgetContainer, destroying layer...
10-29 19:11:31.354 27519 27519 D AndroidRuntime: CheckJNI is OFF
10-29 19:11:31.421 27519 27519 D ICU     : No timezone override file found: /data/misc/zoneinfo/current/icu/icu_tzdata.dat
10-29 19:11:31.448 27519 27519 I Radio-JNI: register_android_hardware_Radio DONE
10-29 19:11:31.464 27519 27519 D AndroidRuntime: Calling main entry com.android.commands.pm.Pm
10-29 19:11:31.479   600 17381 I ActivityManager: Force stopping com.opera.browser appid=10122 user=0: clear data
10-29 19:11:31.482   600   613 I ActivityManager: Force stopping com.opera.browser appid=10122 user=-1: clearApplicationUserData
10-29 19:11:31.569   787   787 I GeofencerStateMachine: removeGeofences: removeRequest=RemoveGeofencingRequest[REMOVE_ALL packageName=com.opera.browser]
10-29 19:11:31.573 27519 27519 I art     : System.exit called, status: 0
10-29 19:11:31.573 27519 27519 I AndroidRuntime: VM exiting with result code 0.
10-29 19:11:31.578  1061  1061 D RegisteredNfcFServicesCache: Service unchanged, not updating
10-29 19:11:31.584   600   612 W ResourceType: No known package when getting value for resource number 0x7f100007
10-29 19:11:31.584   600   612 W ResourceType: No known package when getting value for resource number 0x7f13090c
10-29 19:11:31.584   600   612 W ResourceType: No known package when getting value for resource number 0x7f100005
10-29 19:11:31.584   600   612 W ResourceType: No known package when getting value for resource number 0x7f13090a
10-29 19:11:31.584   600   612 W ResourceType: No known package when getting value for resource number 0x7f100004
10-29 19:11:31.584   600   612 W ResourceType: No known package when getting value for resource number 0x7f130909
10-29 19:11:31.586   600   612 W ResourceType: No known package when getting value for resource number 0x7f100006
10-29 19:11:31.586   600   612 W ResourceType: No known package when getting value for resource number 0x7f13090b
10-29 19:11:31.634   787 27546 I Fitness : FitCleanupIntentOperation received Intent android.intent.action.PACKAGE_DATA_CLEARED [CONTEXT service_id=17 ]
10-29 19:11:31.652 14919 14957 I Icing   : doRemovePackageData com.opera.browser
