--------- beginning of main
10-31 08:14:03.264 18677 18677 D AndroidRuntime: >>>>>> START com.android.internal.os.RuntimeInit uid 2000 <<<<<<
10-31 08:14:03.267 18677 18677 D AndroidRuntime: CheckJNI is OFF
10-31 08:14:03.335 18677 18677 D ICU     : No timezone override file found: /data/misc/zoneinfo/current/icu/icu_tzdata.dat
10-31 08:14:03.367 18677 18677 I Radio-JNI: register_android_hardware_Radio DONE
10-31 08:14:03.383 18677 18677 D AndroidRuntime: Calling main entry com.android.commands.am.Am
--------- beginning of system
10-31 08:14:03.401   600  3675 I ActivityManager: Force stopping com.opera.browser appid=10122 user=0: from pid 18677
10-31 08:14:03.411  1061  1061 D RegisteredNfcFServicesCache: Service unchanged, not updating
10-31 08:14:03.659   600  6312 I ActivityManager: START u0 {act=android.intent.action.VIEW flg=0x10008000 cmp=com.opera.browser/com.opera.Opera} from uid 2000 on display 0
10-31 08:14:03.708 18677 18677 D AndroidRuntime: Shutting down VM
10-31 08:14:03.729   600  3994 I ActivityManager: Start proc 18687:com.opera.browser/u0a122 for activity com.opera.browser/com.opera.Opera
10-31 08:14:03.819 18687 18687 I art     : Starting a blocking GC AddRemoveAppImageSpace
10-31 08:14:03.845 18687 18687 I LoadedApk: No resource references to update in package com.opera.browser.nord_vpn
10-31 08:14:03.922 18687 18697 W art     : Suspending all threads took: 5.964ms
10-31 08:14:03.930 18687 18697 I art     : Background partial concurrent mark sweep GC freed 7897(405KB) AllocSpace objects, 1(20KB) LOS objects, 40% free, 3MB/5MB, paused 9.231ms total 46.395ms
10-31 08:14:03.964 18687 18687 I art     : Rejecting re-init on previously-failed class java.lang.Class<com.opera.android.job.a$j>: java.lang.NoClassDefFoundError: Failed resolution of: Landroid/app/job/JobServiceEngine;
10-31 08:14:03.964 18687 18687 I art     :   at void com.opera.android.OperaApplication.onCreate() (SourceFile:52)
10-31 08:14:03.964 18687 18687 I art     :   at void android.app.Instrumentation.callApplicationOnCreate(android.app.Application) (Instrumentation.java:1024)
10-31 08:14:03.964 18687 18687 I art     :   at void android.app.ActivityThread.handleBindApplication(android.app.ActivityThread$AppBindData) (ActivityThread.java:5403)
10-31 08:14:03.964 18687 18687 I art     :   at void android.app.ActivityThread.-wrap2(android.app.ActivityThread, android.app.ActivityThread$AppBindData) (ActivityThread.java:-1)
10-31 08:14:03.964 18687 18687 I art     :   at void android.app.ActivityThread$H.handleMessage(android.os.Message) (ActivityThread.java:1545)
10-31 08:14:03.964 18687 18687 I art     :   at void android.os.Handler.dispatchMessage(android.os.Message) (Handler.java:102)
10-31 08:14:03.964 18687 18687 I art     :   at void android.os.Looper.loop() (Looper.java:154)
10-31 08:14:03.964 18687 18687 I art     :   at void android.app.ActivityThread.main(java.lang.String[]) (ActivityThread.java:6119)
10-31 08:14:03.964 18687 18687 I art     :   at java.lang.Object java.lang.reflect.Method.invoke!(java.lang.Object, java.lang.Object[]) (Method.java:-2)
10-31 08:14:03.964 18687 18687 I art     :   at void com.android.internal.os.ZygoteInit$MethodAndArgsCaller.run() (ZygoteInit.java:886)
10-31 08:14:03.964 18687 18687 I art     :   at void com.android.internal.os.ZygoteInit.main(java.lang.String[]) (ZygoteInit.java:776)
10-31 08:14:03.964 18687 18687 I art     : Caused by: java.lang.ClassNotFoundException: Didn't find class "android.app.job.JobServiceEngine" on path: DexPathList[[zip file "/data/app/com.opera.browser-1/base.apk"],nativeLibraryDirectories=[/data/app/com.opera.browser-1/lib/arm, /data/app/com.opera.browser-1/base.apk!/lib/armeabi-v7a, /system/lib, /vendor/lib]]
10-31 08:14:03.964 18687 18687 I art     :   at java.lang.Class dalvik.system.BaseDexClassLoader.findClass(java.lang.String) (BaseDexClassLoader.java:56)
10-31 08:14:03.964 18687 18687 I art     :   at java.lang.Class java.lang.ClassLoader.loadClass(java.lang.String, boolean) (ClassLoader.java:380)
10-31 08:14:03.964 18687 18687 I art     :   at java.lang.Class java.lang.ClassLoader.loadClass(java.lang.String) (ClassLoader.java:312)
10-31 08:14:03.964 18687 18687 I art     :   at void com.opera.android.OperaApplication.onCreate() (SourceFile:52)
10-31 08:14:03.964 18687 18687 I art     :   at void android.app.Instrumentation.callApplicationOnCreate(android.app.Application) (Instrumentation.java:1024)
10-31 08:14:03.964 18687 18687 I art     :   at void android.app.ActivityThread.handleBindApplication(android.app.ActivityThread$AppBindData) (ActivityThread.java:5403)
10-31 08:14:03.964 18687 18687 I art     :   at void android.app.ActivityThread.-wrap2(android.app.ActivityThread, android.app.ActivityThread$AppBindData) (ActivityThread.java:-1)
10-31 08:14:03.964 18687 18687 I art     :   at void android.app.ActivityThread$H.handleMessage(android.os.Message) (ActivityThread.java:1545)
10-31 08:14:03.964 18687 18687 I art     :   at void android.os.Handler.dispatchMessage(android.os.Message) (Handler.java:102)
10-31 08:14:03.964 18687 18687 I art     :   at void android.os.Looper.loop() (Looper.java:154)
10-31 08:14:03.964 18687 18687 I art     :   at void android.app.ActivityThread.main(java.lang.String[]) (ActivityThread.java:6119)
10-31 08:14:03.964 18687 18687 I art     :   at java.lang.Object java.lang.reflect.Method.invoke!(java.lang.Object, java.lang.Object[]) (Method.java:-2)
10-31 08:14:03.964 18687 18687 I art     :   at void com.android.internal.os.ZygoteInit$MethodAndArgsCaller.run() (ZygoteInit.java:886)
10-31 08:14:03.964 18687 18687 I art     :   at void com.android.internal.os.ZygoteInit.main(java.lang.String[]) (ZygoteInit.java:776)
10-31 08:14:03.964 18687 18687 I art     : 
10-31 08:14:04.008 18687 18734 D NetworkSecurityConfig: Using Network Security Config from resource network_security_config_official_build debugBuild: false
10-31 08:14:04.043   600   609 I art     : Background partial concurrent mark sweep GC freed 95311(4MB) AllocSpace objects, 64(2MB) LOS objects, 33% free, 16MB/24MB, paused 864us total 123.405ms
10-31 08:14:04.176   600  2707 I ActivityManager: START u0 {act=android.intent.action.VIEW flg=0x10008000 cmp=com.opera.browser/com.opera.android.startup.WelcomeActivity} from uid 10122 on display 0
10-31 08:14:04.203   600 13558 W ActivityManager: Duplicate finish request for ActivityRecord{735de7f u0 com.opera.browser/com.opera.Opera t2208 f}
10-31 08:14:04.409 18687 18697 I art     : Background sticky concurrent mark sweep GC freed 14328(1432KB) AllocSpace objects, 7(220KB) LOS objects, 0% free, 6MB/6MB, paused 3.116ms total 212.723ms
10-31 08:14:04.489   600   609 I art     : Background partial concurrent mark sweep GC freed 6580(360KB) AllocSpace objects, 0(0B) LOS objects, 33% free, 16MB/24MB, paused 840us total 227.130ms
10-31 08:14:04.562 18687 18697 I art     : Background partial concurrent mark sweep GC freed 51108(3MB) AllocSpace objects, 14(336KB) LOS objects, 40% free, 5MB/8MB, paused 2.643ms total 150.537ms
10-31 08:14:04.577 18687 18724 I FA      : App measurement initialized, version: 43042
10-31 08:14:04.577 18687 18724 I FA      : To enable debug logging run: adb shell setprop log.tag.FA VERBOSE
10-31 08:14:04.579 18687 18724 I FA      : To enable faster debug mode event logging run:
10-31 08:14:04.579 18687 18724 I FA      :   adb shell setprop debug.firebase.analytics.app com.opera.browser
10-31 08:14:04.709 18687 18799 I OpenGLRenderer: Initialized EGL, version 1.4
10-31 08:14:04.709 18687 18799 D OpenGLRenderer: Swap behavior 2
10-31 08:14:04.847 18687 18724 I FA      : Tag Manager is not found and thus will not be used
10-31 08:14:04.933   600   620 I ActivityManager: Displayed com.opera.browser/com.opera.android.startup.WelcomeActivity: +702ms (total +1s243ms)
10-31 08:14:04.993   600   713 I ActivityManager: Start proc 18821:com.opera.browser:privileged_process0/u0a122 for service com.opera.browser/com.opera.android.browser.chromium.services.PrivilegedProcessService0
10-31 08:14:05.031   600   620 W WindowManager: Failed looking up window
10-31 08:14:05.031   600   620 W WindowManager: java.lang.IllegalArgumentException: Requested window android.view.ViewRootImpl$W@e266ae4 does not exist
10-31 08:14:05.031   600   620 W WindowManager: 	at com.android.server.wm.WindowManagerService.windowForClientLocked(WindowManagerService.java:9422)
10-31 08:14:05.031   600   620 W WindowManager: 	at com.android.server.wm.WindowManagerService.windowForClientLocked(WindowManagerService.java:9413)
10-31 08:14:05.031   600   620 W WindowManager: 	at com.android.server.wm.WindowManagerService.removeWindow(WindowManagerService.java:2393)
10-31 08:14:05.031   600   620 W WindowManager: 	at com.android.server.wm.Session.remove(Session.java:202)
10-31 08:14:05.031   600   620 W WindowManager: 	at android.view.ViewRootImpl.dispatchDetachedFromWindow(ViewRootImpl.java:3290)
10-31 08:14:05.031   600   620 W WindowManager: 	at android.view.ViewRootImpl.doDie(ViewRootImpl.java:5917)
10-31 08:14:05.031   600   620 W WindowManager: 	at android.view.ViewRootImpl$ViewRootHandler.handleMessage(ViewRootImpl.java:3626)
10-31 08:14:05.031   600   620 W WindowManager: 	at android.os.Handler.dispatchMessage(Handler.java:102)
10-31 08:14:05.031   600   620 W WindowManager: 	at android.os.Looper.loop(Looper.java:154)
10-31 08:14:05.031   600   620 W WindowManager: 	at android.os.HandlerThread.run(HandlerThread.java:61)
10-31 08:14:05.031   600   620 W WindowManager: 	at com.android.server.ServiceThread.run(ServiceThread.java:46)
10-31 08:14:05.058 18687 18813 W chromium: [WARNING:op_site_scripts.cc(424)] Failed to map /data/user/0/com.opera.browser/app_opera/sjs
10-31 08:14:05.063 18687 18697 I art     : Background sticky concurrent mark sweep GC freed 16658(1517KB) AllocSpace objects, 33(660KB) LOS objects, 30% free, 5MB/8MB, paused 13.248ms total 86.849ms
10-31 08:14:05.086 18821 18821 I art     : Starting a blocking GC AddRemoveAppImageSpace
10-31 08:14:05.106 18821 18821 I LoadedApk: No resource references to update in package com.opera.browser.nord_vpn
10-31 08:14:05.235 18687 18687 I Choreographer: Skipped 30 frames!  The application may be doing too much work on its main thread.
10-31 08:14:05.285 18821 18844 E libEGL  : validate_display:99 error 3008 (EGL_BAD_DISPLAY)
10-31 08:14:05.403 23104 23104 I MemoryTrimmer: Trimming objects from memory, since app is in the background.
10-31 08:14:05.438 23104 23115 W SearchService: Abort, client detached.
10-31 08:14:05.489 18821 18844 E libEGL  : validate_display:99 error 3008 (EGL_BAD_DISPLAY)
10-31 08:14:05.504  1084  1084 I MemoryTrimmer: Trimming objects from memory, since app is in the background.
10-31 08:14:05.527 23104 18563 I DeviceStateChecker: DeviceStateChecker cancelled
10-31 08:14:05.528 23104 23104 I MicroDetector: Keeping mic open: false
10-31 08:14:05.529 23104 23137 I AudioController: internalShutdown
10-31 08:14:05.529 23104 23137 I MicrophoneInputStream: mic_close com.google.android.apps.gsa.speech.audio.ae@12a0c9e
10-31 08:14:05.529 23104 23198 I MicroRecognitionRunner: Stopping hotword detection.
10-31 08:14:05.551   238   285 I SoundTriggerHwService::Module: void android::SoundTriggerHwService::Module::onCallbackEvent(const sp<android::SoundTriggerHwService::CallbackEvent> &) mClient == 0
10-31 08:14:05.556 23104 18562 I MicroRecognitionRunner: Detection finished
10-31 08:14:05.561 23104 23104 I MemoryTrimmer: Trimming objects from memory, since app is in the background.
10-31 08:14:05.605   787  9769 W NetworkScheduler: Error inserting service_kind=0 source=16 tag=Measurement.PackageMeasurementTaskService.UPLOAD_TASK_TAG target_package=com.google.android.gms requires_charging=0 source_version=203915000 required_network_type=0 flex_time=3469000 persistence_level=1 target_class=com.google.android.gms.measurement.PackageMeasurementTaskService runtime=1667200445591 retry_strategy={"maximum_backoff_seconds":{"3600":0},"initial_backoff_seconds":{"30":0},"retry_policy":{"0":0}} preferred_network_type=1 required_idleness_state=0 preferred_charging_state=1 period=6939000 last_runtime=0 task_type=0 job_id=-1 user_id=0, error message: UNIQUE constraint failed: pending_ops.tag, pending_ops.target_class, pending_ops.target_package, pending_ops.user_id (code 2067) [CONTEXT service_id=218 ]
10-31 08:14:05.666 16511 18876 I GMS_MM_Logger: Memory Metric Logging not allowed. Stopping.
10-31 08:14:05.692   787  9769 W NetworkScheduler: Error inserting service_kind=0 source=16 tag=Measurement.PackageMeasurementTaskService.UPLOAD_TASK_TAG target_package=com.google.android.gms requires_charging=0 source_version=203915000 required_network_type=0 flex_time=3469000 persistence_level=1 target_class=com.google.android.gms.measurement.PackageMeasurementTaskService runtime=1667200445691 retry_strategy={"maximum_backoff_seconds":{"3600":0},"initial_backoff_seconds":{"30":0},"retry_policy":{"0":0}} preferred_network_type=1 required_idleness_state=0 preferred_charging_state=1 period=6939000 last_runtime=0 task_type=0 job_id=-1 user_id=0, error message: UNIQUE constraint failed: pending_ops.tag, pending_ops.target_class, pending_ops.target_package, pending_ops.user_id (code 2067) [CONTEXT service_id=218 ]
10-31 08:14:05.712   787 17779 W NetworkScheduler: Error inserting service_kind=0 source=16 tag=Measurement.PackageMeasurementTaskService.UPLOAD_TASK_TAG target_package=com.google.android.gms requires_charging=0 source_version=203915000 required_network_type=0 flex_time=3469000 persistence_level=1 target_class=com.google.android.gms.measurement.PackageMeasurementTaskService runtime=1667200445710 retry_strategy={"maximum_backoff_seconds":{"3600":0},"initial_backoff_seconds":{"30":0},"retry_policy":{"0":0}} preferred_network_type=1 required_idleness_state=0 preferred_charging_state=1 period=6939000 last_runtime=0 task_type=0 job_id=-1 user_id=0, error message: UNIQUE constraint failed: pending_ops.tag, pending_ops.target_class, pending_ops.target_package, pending_ops.user_id (code 2067) [CONTEXT service_id=218 ]
10-31 08:14:09.235 18687 18687 I PlayCore: UID: [10122]  PID: [18687] AppUpdateListenerRegistry : registerListener
10-31 08:14:09.239 18687 18687 I PlayCore: UID: [10122]  PID: [18687] AppUpdateService : requestUpdateInfo(com.opera.browser)
10-31 08:14:09.241 18687 18905 I PlayCore: UID: [10122]  PID: [18687] AppUpdateService : Initiate binding to the service.
10-31 08:14:09.242   600 13557 W ActivityManager: Unable to start service Intent { act=com.google.android.play.core.install.BIND_UPDATE_SERVICE pkg=com.android.vending } U=0: not found
10-31 08:14:09.245 18687 18905 I PlayCore: UID: [10122]  PID: [18687] AppUpdateService : Failed to bind to the service.
10-31 08:14:09.320 18687 18907 D ApplicationLoaders: ignored Vulkan layer search path /data/app/com.google.android.gms-1/lib/arm:/data/app/com.google.android.gms-1/base.apk!/lib/armeabi-v7a:/data/app/com.google.android.gms-1/split_config.en.apk!/lib/armeabi-v7a for namespace 0xf4a41090
10-31 08:14:09.323 18687 18907 W ResourceType: ResTable_typeSpec entry count inconsistent: given 67, previously 69
10-31 08:14:09.323 18687 18907 W ResourceType: ResTable_typeSpec entry count inconsistent: given 5346, previously 5347
10-31 08:14:09.670   600   612 D SyncManager: failed sync operation JobId: 100983, com.opera.browser u0 (com.opera.browser.ping), com.opera.browser.ping.provider, SERVER, reason: 10122, SyncResult: delayUntil: 1667207649 stats [ numIoExceptions: 1]
10-31 08:14:10.470 18919 18919 W Thread-5: type=1400 audit(0.0:12469): avc: denied { read } for name="16511" dev="debugfs" ino=3520936 scontext=u:r:priv_app:s0:c512,c768 tcontext=u:object_r:debugfs:s0 tclass=file permissive=0
10-31 08:14:10.470 18919 18919 W Thread-5: type=1400 audit(0.0:12470): avc: denied { read } for name="16511" dev="debugfs" ino=3520936 scontext=u:r:priv_app:s0:c512,c768 tcontext=u:object_r:debugfs:s0 tclass=file permissive=0
10-31 08:14:10.470 18919 18919 W Thread-5: type=1400 audit(0.0:12471): avc: denied { read } for name="16511" dev="debugfs" ino=3520936 scontext=u:r:priv_app:s0:c512,c768 tcontext=u:object_r:debugfs:s0 tclass=file permissive=0
10-31 08:14:10.470 18919 18919 W Thread-5: type=1400 audit(0.0:12472): avc: denied { read } for name="16511" dev="debugfs" ino=3520936 scontext=u:r:priv_app:s0:c512,c768 tcontext=u:object_r:debugfs:s0 tclass=file permissive=0
10-31 08:14:10.470 18919 18919 W Thread-5: type=1400 audit(0.0:12473): avc: denied { read } for name="16511" dev="debugfs" ino=3520936 scontext=u:r:priv_app:s0:c512,c768 tcontext=u:object_r:debugfs:s0 tclass=file permissive=0
10-31 08:14:10.475 16511 18919 E tegra_memtrack_hal: failed to open /sys/kernel/debug/nvmap/handles_by_pid/16511: Permission denied
10-31 08:14:10.475 16511 18919 E tegra_memtrack_hal: failed to open /sys/kernel/debug/nvmap/handles_by_pid/16511: Permission denied
10-31 08:14:10.475 16511 18919 E tegra_memtrack_hal: failed to open /sys/kernel/debug/nvmap/handles_by_pid/16511: Permission denied
10-31 08:14:10.475 16511 18919 E tegra_memtrack_hal: failed to open /sys/kernel/debug/nvmap/handles_by_pid/16511: Permission denied
10-31 08:14:10.476 16511 18919 E tegra_memtrack_hal: failed to open /sys/kernel/debug/nvmap/handles_by_pid/16511: Permission denied
10-31 08:14:15.576 23104 23104 I MemoryTrimmer: Trimming objects from memory, since app is in the background.
10-31 08:14:16.085 18934 18934 D AndroidRuntime: >>>>>> START com.android.internal.os.RuntimeInit uid 2000 <<<<<<
10-31 08:14:16.089 18934 18934 D AndroidRuntime: CheckJNI is OFF
10-31 08:14:16.152 18934 18934 D ICU     : No timezone override file found: /data/misc/zoneinfo/current/icu/icu_tzdata.dat
10-31 08:14:16.183 18934 18934 I Radio-JNI: register_android_hardware_Radio DONE
10-31 08:14:16.198 18934 18934 D AndroidRuntime: Calling main entry com.android.commands.monkey.Monkey
10-31 08:14:16.267   600   613 W BroadcastQueue: Skipping deliver [background] BroadcastRecord{572d571 u-1 android.net.conn.CONNECTIVITY_CHANGE} to ReceiverList{5537f56 18934 (unknown name)/2000/u-1 remote:86f4afb}: process crashing
10-31 08:14:17.738 18934 18934 D MonkeyStub: translateCommand: wake
10-31 08:14:17.836 18934 18934 D MonkeyStub: translateCommand: tap 960 1881
10-31 08:14:17.891   600  1081 I ActivityManager: START u0 {act=android.intent.action.VIEW flg=0x1000000 cmp=com.opera.browser/com.opera.android.IntentDispatcherActivity} from uid 10122 on display 0
10-31 08:14:18.004   600 16391 I ActivityManager: START u0 {act=android.intent.action.VIEW flg=0x15002000 cmp=com.opera.browser/com.opera.android.BrowserActivity} from uid 10122 on display 0
10-31 08:14:18.008  1084  1171 I OpenGLRenderer: Initialized EGL, version 1.4
10-31 08:14:18.008  1084  1171 D OpenGLRenderer: Swap behavior 2
10-31 08:14:18.222   600   609 I art     : Background partial concurrent mark sweep GC freed 43887(2MB) AllocSpace objects, 43(1344KB) LOS objects, 33% free, 16MB/24MB, paused 4.891ms total 255.782ms
10-31 08:14:18.331 18687 18984 W ResourceType: ResTable_typeSpec entry count inconsistent: given 67, previously 69
10-31 08:14:18.332 18687 18984 W ResourceType: ResTable_typeSpec entry count inconsistent: given 5346, previously 5347
10-31 08:14:18.367  1084  1084 I MemoryTrimmer: Trimming objects from memory, since app is in the background.
10-31 08:14:18.405 18687 18956 E [Leanplum][ERROR]: No variable values were received from the server. Please contact us to investigate.
10-31 08:14:18.555   600 13557 I CwMcuSensor: CwMcuSensor::flush: fd = 245, sensors_id = 0, path = /sys/class/htc_sensorhub/sensor_hub/flush, err = 0
10-31 08:14:18.561   600   620 I ActivityManager: Displayed com.opera.browser/com.opera.android.BrowserActivity: +536ms (total +631ms)
10-31 08:14:18.675 18687 18799 D OpenGLRenderer: endAllActiveAnimators on 0xd2b25c00 (RippleDrawable) with handle 0xf0e6fb60
10-31 08:14:18.976 18687 19005 W ResourceType: ResTable_typeSpec entry count inconsistent: given 67, previously 69
10-31 08:14:18.976 18687 19005 W ResourceType: ResTable_typeSpec entry count inconsistent: given 5346, previously 5347
10-31 08:14:19.220 18687 18692 I art     : Do partial code cache collection, code=18KB, data=30KB
10-31 08:14:19.221 18687 18692 I art     : After code cache collection, code=18KB, data=30KB
10-31 08:14:19.224 18687 18692 I art     : Increasing code cache capacity to 128KB
10-31 08:14:19.285 18687 18687 I Choreographer: Skipped 37 frames!  The application may be doing too much work on its main thread.
10-31 08:14:19.443 18687 18697 I art     : Background sticky concurrent mark sweep GC freed 46700(2MB) AllocSpace objects, 34(676KB) LOS objects, 19% free, 10MB/12MB, paused 3.624ms total 138.480ms
10-31 08:14:19.521 18687 18687 W View    : requestLayout() improperly called by com.opera.android.custom_views.FadingRecyclerView{66d93d9 VFED.V... ......ID 0,813-1536,813 #7f0a0825 app:id/suggested_dials_grid} during layout: running second layout pass
10-31 08:14:19.528   787 18875 W NetworkScheduler: Error inserting service_kind=0 source=16 tag=Measurement.PackageMeasurementTaskService.UPLOAD_TASK_TAG target_package=com.google.android.gms requires_charging=0 source_version=203915000 required_network_type=0 flex_time=3455000 persistence_level=1 target_class=com.google.android.gms.measurement.PackageMeasurementTaskService runtime=1667200459524 retry_strategy={"maximum_backoff_seconds":{"3600":0},"initial_backoff_seconds":{"30":0},"retry_policy":{"0":0}} preferred_network_type=1 required_idleness_state=0 preferred_charging_state=1 period=6911000 last_runtime=0 task_type=0 job_id=-1 user_id=0, error message: UNIQUE constraint failed: pending_ops.tag, pending_ops.target_class, pending_ops.target_package, pending_ops.user_id (code 2067) [CONTEXT service_id=218 ]
10-31 08:14:19.744   787   802 W SQLiteConnectionPool: A SQLiteConnection object for database '/data/user/0/com.google.android.gms/databases/metadata.db' was leaked!  Please fix your application to end transactions in progress properly and to close the database when it is no longer needed.
10-31 08:14:19.746   787  1258 W GmsStrictMode: LEAKED_CLOSABLE [CONTEXT service_id=256 ]
10-31 08:14:19.746   787  1258 W GmsStrictMode: rvo: LEAKED_CLOSABLE
10-31 08:14:19.746   787  1258 W GmsStrictMode: 	at dalvik.system.VMStack.getThreadStackTrace(Native Method)
10-31 08:14:19.746   787  1258 W GmsStrictMode: 	at java.lang.Thread.getStackTrace(Thread.java:1566)
10-31 08:14:19.746   787  1258 W GmsStrictMode: 	at bhdb.containsKey(:com.google.android.gms@203915020@20.39.15 (040406-335085812):1)
10-31 08:14:19.746   787  1258 W GmsStrictMode: 	at android.os.StrictMode.onVmPolicyViolation(StrictMode.java:1867)
10-31 08:14:19.746   787  1258 W GmsStrictMode: 	at android.os.StrictMode.onVmPolicyViolation(StrictMode.java:1844)
10-31 08:14:19.746   787  1258 W GmsStrictMode: 	at android.os.StrictMode$AndroidCloseGuardReporter.report(StrictMode.java:1590)
10-31 08:14:19.746   787  1258 W GmsStrictMode: 	at dalvik.system.CloseGuard.warnIfOpen(CloseGuard.java:208)
10-31 08:14:19.746   787  1258 W GmsStrictMode: 	at android.database.sqlite.SQLiteConnection.dispose(SQLiteConnection.java:231)
10-31 08:14:19.746   787  1258 W GmsStrictMode: 	at android.database.sqlite.SQLiteConnection.finalize(SQLiteConnection.java:180)
10-31 08:14:19.746   787  1258 W GmsStrictMode: 	at java.lang.Daemons$FinalizerDaemon.doFinalize(Daemons.java:222)
10-31 08:14:19.746   787  1258 W GmsStrictMode: 	at java.lang.Daemons$FinalizerDaemon.run(Daemons.java:209)
10-31 08:14:19.746   787  1258 W GmsStrictMode: 	at java.lang.Thread.run(Thread.java:761)
10-31 08:14:19.753   787   804 I art     : Background partial concurrent mark sweep GC freed 88831(5MB) AllocSpace objects, 3(60KB) LOS objects, 39% free, 11MB/19MB, paused 628us total 244.779ms
10-31 08:14:19.798   787 13372 W NetworkScheduler: Error inserting service_kind=0 source=16 tag=Measurement.PackageMeasurementTaskService.UPLOAD_TASK_TAG target_package=com.google.android.gms requires_charging=0 source_version=203915000 required_network_type=0 flex_time=3455000 persistence_level=1 target_class=com.google.android.gms.measurement.PackageMeasurementTaskService runtime=1667200459793 retry_strategy={"maximum_backoff_seconds":{"3600":0},"initial_backoff_seconds":{"30":0},"retry_policy":{"0":0}} preferred_network_type=1 required_idleness_state=0 preferred_charging_state=1 period=6911000 last_runtime=0 task_type=0 job_id=-1 user_id=0, error message: UNIQUE constraint failed: pending_ops.tag, pending_ops.target_class, pending_ops.target_package, pending_ops.user_id (code 2067) [CONTEXT service_id=218 ]
10-31 08:14:19.889 18687 18697 I art     : Background partial concurrent mark sweep GC freed 51416(2MB) AllocSpace objects, 27(1232KB) LOS objects, 39% free, 12MB/21MB, paused 4.754ms total 346.671ms
10-31 08:14:20.199 19053 19053 I dex2oat : /system/bin/dex2oat --dex-file=/data/user/0/com.opera.browser/code_cache/.       --oat-fd=166 --oat-location=/data/user/0/com.opera.browser/code_cache/.     --compiler-filter=speed
10-31 08:14:20.562 19053 19053 I dex2oat : dex2oat took 363.544ms (threads: 2) arena alloc=432KB (442800B) java alloc=32KB (33064B) native alloc=354KB (362688B) free=1181KB (1210176B)
10-31 08:14:20.734 19063 19063 I dex2oat : /system/bin/dex2oat --dex-file=/data/user/0/com.opera.browser/code_cache/. ​ ​  --oat-fd=166 --oat-location=/data/user/0/com.opera.browser/code_cache/.    --compiler-filter=speed
10-31 08:14:20.932 18687 18692 I art     : Do partial code cache collection, code=38KB, data=62KB
10-31 08:14:20.966 18687 18692 I art     : After code cache collection, code=38KB, data=62KB
10-31 08:14:20.966 18687 18692 I art     : Increasing code cache capacity to 256KB
10-31 08:14:20.994 18687 18697 I art     : Background sticky concurrent mark sweep GC freed 65041(5MB) AllocSpace objects, 37(1684KB) LOS objects, 31% free, 14MB/21MB, paused 3.228ms total 193.289ms
10-31 08:14:21.141 19063 19063 I dex2oat : dex2oat took 407.178ms (threads: 2) arena alloc=572KB (586224B) java alloc=86KB (88128B) native alloc=523KB (536312B) free=1524KB (1560840B)
10-31 08:14:21.467 18687 18697 I art     : Background sticky concurrent mark sweep GC freed 91078(4MB) AllocSpace objects, 15(1484KB) LOS objects, 24% free, 16MB/21MB, paused 1.799ms total 132.632ms
10-31 08:14:21.932 18934 18934 D MonkeyStub: translateCommand: tap 57 93
10-31 08:14:24.022 18934 18934 D MonkeyStub: translateCommand: tap 57 93
10-31 08:14:26.067 18934 18934 D MonkeyStub: translateCommand: tap 446 593
10-31 08:14:28.320 18934 18934 D MonkeyStub: translateCommand: tap 667 302
10-31 08:14:28.419 18687 18692 I art     : Do full code cache collection, code=83KB, data=124KB
10-31 08:14:28.421 18687 18692 I art     : Starting a blocking GC JitCodeCache
10-31 08:14:28.421 18687 18692 I art     : After code cache collection, code=65KB, data=66KB
10-31 08:14:28.666 18687 18697 I art     : Background partial concurrent mark sweep GC freed 68313(2MB) AllocSpace objects, 12(2MB) LOS objects, 39% free, 16MB/27MB, paused 6.062ms total 181.075ms
10-31 08:14:31.600 18934 18934 D MonkeyStub: translateCommand: tap 1286 930
10-31 08:14:32.829 18934 18934 D MonkeyStub: translateCommand: tap 62 98
10-31 08:14:32.859 18934 18934 D MonkeyStub: translateCommand: tap 729 89
10-31 08:14:32.872 18934 18934 D MonkeyStub: Quit requested
10-31 08:14:32.911   600   614 I CwMcuSensor: CwMcuSensor::flush: fd = 245, sensors_id = 0, path = /sys/class/htc_sensorhub/sensor_hub/flush, err = 0
10-31 08:14:32.927 18934 18934 I art     : System.exit called, status: 16
10-31 08:14:32.927 18934 18934 I AndroidRuntime: VM exiting with result code 16.
10-31 08:14:32.971   600   611 W WindowManager: Attempted to remove non-existing token: android.os.Binder@a65c1a9
10-31 08:14:33.194   600  3994 E BatteryStatsService: power: Missing API
10-31 08:14:33.200   600  3994 E BatteryStatsService: no controller energy info supplied
10-31 08:14:33.201   796   796 E PhoneInterfaceManager: [PhoneIntfMgr] queryModemActivityInfo: Empty response
10-31 08:14:33.207   600  3994 E BatteryStatsService: modem info is invalid: ModemActivityInfo{ mTimestamp=0 mSleepTimeMs=0 mIdleTimeMs=0 mTxTimeMs[]=[0, 0, 0, 0, 0] mRxTimeMs=0 mEnergyUsed=0}
10-31 08:14:33.211   600   613 W ProcessCpuTracker: Skipping unknown process pid 19092
10-31 08:14:33.625 19095 19095 D AndroidRuntime: >>>>>> START com.android.internal.os.RuntimeInit uid 2000 <<<<<<
10-31 08:14:33.629 19095 19095 D AndroidRuntime: CheckJNI is OFF
10-31 08:14:33.696 19095 19095 D ICU     : No timezone override file found: /data/misc/zoneinfo/current/icu/icu_tzdata.dat
10-31 08:14:33.725 19095 19095 I Radio-JNI: register_android_hardware_Radio DONE
10-31 08:14:33.740 19095 19095 D AndroidRuntime: Calling main entry com.android.commands.am.Am
10-31 08:14:33.759   600   713 I ActivityManager: START u0 {act=android.intent.action.VIEW dat=http://geeksforgeeks.org/... flg=0x10000000 cmp=com.opera.browser/com.opera.Opera} from uid 2000 on display 0
10-31 08:14:33.764 19095 19095 D AndroidRuntime: Shutting down VM
10-31 08:14:33.891 18687 18687 W art     : Before Android 4.1, method double java.util.concurrent.ThreadLocalRandom.internalNextDouble(double, double) would have incorrectly overridden the package-private method in java.util.Random
10-31 08:14:33.891 18687 18687 W art     : Before Android 4.1, method int java.util.concurrent.ThreadLocalRandom.internalNextInt(int, int) would have incorrectly overridden the package-private method in java.util.Random
10-31 08:14:33.891 18687 18687 W art     : Before Android 4.1, method long java.util.concurrent.ThreadLocalRandom.internalNextLong(long, long) would have incorrectly overridden the package-private method in java.util.Random
10-31 08:14:33.933   600   619 D BluetoothManagerService: Message: 20
10-31 08:14:33.933   600   619 D BluetoothManagerService: Added callback: android.bluetooth.IBluetoothManagerCallback$Stub$Proxy@5715320:true
10-31 08:14:33.947   600  3509 I ActivityManager: Start proc 19107:com.opera.browser:sandboxed_process0/u0a122 for service com.opera.browser/com.opera.android.browser.chromium.services.SandboxedProcessService0
10-31 08:14:33.999 19107 19107 I art     : Starting a blocking GC AddRemoveAppImageSpace
10-31 08:14:34.017 19107 19107 I LoadedApk: No resource references to update in package com.opera.browser.nord_vpn
10-31 08:14:34.068 18687 19027 W ResourceType: ResTable_typeSpec entry count inconsistent: given 67, previously 69
10-31 08:14:34.068 18687 19027 W ResourceType: ResTable_typeSpec entry count inconsistent: given 5346, previously 5347
10-31 08:14:34.203   787 28596 I FontLog : Received query name=Google Sans&weight=400&besteffort=false, URI content://com.google.android.gms.fonts [CONTEXT service_id=132 ]
10-31 08:14:34.203   787 28596 I FontLog : Query [name=Google Sans&weight=400&besteffort=false] resolved to {Google Sans, wdth 100.0, wght 400, ital 0.0, bestEffort false} [CONTEXT service_id=132 ]
10-31 08:14:34.204   787 28596 I FontLog : Font PFD returned from cache for {Google Sans, wdth 100.0, wght 400, ital 0.0, bestEffort false} [CONTEXT service_id=132 ]
10-31 08:14:34.205   787 28596 I FontLog : Fetch {Google Sans, wdth 100.0, wght 400, ital 0.0, bestEffort false} end status Status{statusCode=SUCCESS, resolution=null} [CONTEXT service_id=132 ]
10-31 08:14:34.209   787  1620 I FontLog : Pulling font file for id = 1648, cache size = 7 [CONTEXT service_id=132 ]
10-31 08:14:34.225   787  1714 I FontLog : Received query name=Google Sans&weight=500&besteffort=false, URI content://com.google.android.gms.fonts [CONTEXT service_id=132 ]
10-31 08:14:34.225   787  1714 I FontLog : Query [name=Google Sans&weight=500&besteffort=false] resolved to {Google Sans, wdth 100.0, wght 500, ital 0.0, bestEffort false} [CONTEXT service_id=132 ]
10-31 08:14:34.234   787  1714 I FontLog : Font PFD returned from cache for {Google Sans, wdth 100.0, wght 500, ital 0.0, bestEffort false} [CONTEXT service_id=132 ]
10-31 08:14:34.234   787  1714 I FontLog : Fetch {Google Sans, wdth 100.0, wght 500, ital 0.0, bestEffort false} end status Status{statusCode=SUCCESS, resolution=null} [CONTEXT service_id=132 ]
10-31 08:14:34.237   787   805 I FontLog : Pulling font file for id = 1649, cache size = 8 [CONTEXT service_id=132 ]
10-31 08:14:34.242   787 28591 I FontLog : Received query name=Google Sans&weight=700&besteffort=false, URI content://com.google.android.gms.fonts [CONTEXT service_id=132 ]
10-31 08:14:34.242   787 28591 I FontLog : Query [name=Google Sans&weight=700&besteffort=false] resolved to {Google Sans, wdth 100.0, wght 700, ital 0.0, bestEffort false} [CONTEXT service_id=132 ]
10-31 08:14:34.244   787 28591 I FontLog : Fetch {Google Sans, wdth 100.0, wght 700, ital 0.0, bestEffort false} end status Status{statusCode=SUCCESS, resolution=null} [CONTEXT service_id=132 ]
10-31 08:14:34.247   787  1174 I FontLog : Pulling font file for id = 1650, cache size = 7 [CONTEXT service_id=132 ]
10-31 08:14:34.250   787 23224 I FontLog : Received query name=Noto Color Emoji Compat&weight=400&besteffort=false, URI content://com.google.android.gms.fonts [CONTEXT service_id=132 ]
10-31 08:14:34.250   787 23224 I FontLog : Query [name=Noto Color Emoji Compat&weight=400&besteffort=false] resolved to {Noto Color Emoji Compat, wdth 100.0, wght 400, ital 0.0, bestEffort false} [CONTEXT service_id=132 ]
10-31 08:14:34.338   787 23224 I FontLog : Fetch {Noto Color Emoji Compat, wdth 100.0, wght 400, ital 0.0, bestEffort false} end status Status{statusCode=SUCCESS, resolution=null} [CONTEXT service_id=132 ]
10-31 08:14:34.343   787 28596 I FontLog : Pulling font file for id = 1651, cache size = 8 [CONTEXT service_id=132 ]
10-31 08:14:34.432   787 17779 W FontLog : Error updating last accessed time for {Noto Color Emoji Compat, wdth 100.0, wght 400, ital 0.0, bestEffort false}. [CONTEXT service_id=132 ]
10-31 08:14:34.432   787 17779 W FontLog : java.lang.IllegalStateException: attempt to re-open an already-closed object: SQLiteDatabase: /data/user/0/com.google.android.gms/databases/metadata.db
10-31 08:14:34.432   787 17779 W FontLog : 	at android.database.sqlite.SQLiteClosable.acquireReference(SQLiteClosable.java:55)
10-31 08:14:34.432   787 17779 W FontLog : 	at android.database.sqlite.SQLiteDatabase.executeSql(SQLiteDatabase.java:1662)
10-31 08:14:34.432   787 17779 W FontLog : 	at android.database.sqlite.SQLiteDatabase.execSQL(SQLiteDatabase.java:1658)
10-31 08:14:34.432   787 17779 W FontLog : 	at aafx.run(Unknown Source)
10-31 08:14:34.432   787 17779 W FontLog : 	at sup.b(:com.google.android.gms@203915020@20.39.15 (040406-335085812):12)
10-31 08:14:34.432   787 17779 W FontLog : 	at sup.run(:com.google.android.gms@203915020@20.39.15 (040406-335085812):7)
10-31 08:14:34.432   787 17779 W FontLog : 	at java.util.concurrent.ThreadPoolExecutor.runWorker(ThreadPoolExecutor.java:1133)
10-31 08:14:34.432   787 17779 W FontLog : 	at java.util.concurrent.ThreadPoolExecutor$Worker.run(ThreadPoolExecutor.java:607)
10-31 08:14:34.432   787 17779 W FontLog : 	at tam.run(:com.google.android.gms@203915020@20.39.15 (040406-335085812):0)
10-31 08:14:34.432   787 17779 W FontLog : 	at java.lang.Thread.run(Thread.java:761)
10-31 08:14:34.459 18687 18692 I art     : Do partial code cache collection, code=87KB, data=109KB
10-31 08:14:34.497 18687 18692 I art     : After code cache collection, code=87KB, data=110KB
10-31 08:14:34.497 18687 18692 I art     : Increasing code cache capacity to 512KB
10-31 08:14:34.800   787 13372 W NetworkScheduler: Error inserting service_kind=0 source=16 tag=Measurement.PackageMeasurementTaskService.UPLOAD_TASK_TAG target_package=com.google.android.gms requires_charging=0 source_version=203915000 required_network_type=0 flex_time=3440000 persistence_level=1 target_class=com.google.android.gms.measurement.PackageMeasurementTaskService runtime=1667200474797 retry_strategy={"maximum_backoff_seconds":{"3600":0},"initial_backoff_seconds":{"30":0},"retry_policy":{"0":0}} preferred_network_type=1 required_idleness_state=0 preferred_charging_state=1 period=6881000 last_runtime=0 task_type=0 job_id=-1 user_id=0, error message: UNIQUE constraint failed: pending_ops.tag, pending_ops.target_class, pending_ops.target_package, pending_ops.user_id (code 2067) [CONTEXT service_id=218 ]
10-31 08:14:46.190 19172 19172 D AndroidRuntime: >>>>>> START com.android.internal.os.RuntimeInit uid 2000 <<<<<<
10-31 08:14:46.200 19172 19172 D AndroidRuntime: CheckJNI is OFF
10-31 08:14:46.298 19172 19172 D ICU     : No timezone override file found: /data/misc/zoneinfo/current/icu/icu_tzdata.dat
10-31 08:14:46.363 19172 19172 I Radio-JNI: register_android_hardware_Radio DONE
10-31 08:14:46.386 19172 19172 D AndroidRuntime: Calling main entry com.android.commands.monkey.Monkey
10-31 08:14:46.463   600   613 W BroadcastQueue: Skipping deliver [background] BroadcastRecord{1695ac u-1 android.net.conn.CONNECTIVITY_CHANGE} to ReceiverList{a405275 19172 (unknown name)/2000/u-1 remote:90393fe}: process crashing
10-31 08:14:47.829 19172 19172 D MonkeyStub: translateCommand: wake
10-31 08:14:48.038 19172 19172 D MonkeyStub: translateCommand: touch down 614 1561
10-31 08:14:48.055 19172 19172 D MonkeyStub: translateCommand: touch move 614 1561
10-31 08:14:48.166 19172 19172 D MonkeyStub: translateCommand: touch move 614 1436
10-31 08:14:48.284 19172 19172 D MonkeyStub: translateCommand: touch move 614 1311
10-31 08:14:48.394 19172 19172 D MonkeyStub: translateCommand: touch move 614 1186
10-31 08:14:48.503 19172 19172 D MonkeyStub: translateCommand: touch move 614 1061
10-31 08:14:48.619 19172 19172 D MonkeyStub: translateCommand: touch move 614 937
10-31 08:14:48.730 19172 19172 D MonkeyStub: translateCommand: touch move 614 812
10-31 08:14:48.839 19172 19172 D MonkeyStub: translateCommand: touch move 614 687
10-31 08:14:48.948 19172 19172 D MonkeyStub: translateCommand: touch move 614 562
10-31 08:14:49.052 19172 19172 D MonkeyStub: translateCommand: touch move 614 437
10-31 08:14:49.164 19172 19172 D MonkeyStub: translateCommand: touch move 614 312
10-31 08:14:49.167 19172 19172 D MonkeyStub: translateCommand: touch up 614 312
10-31 08:14:49.202 19172 19172 D MonkeyStub: translateCommand: touch down 614 1561
10-31 08:14:49.207 19172 19172 D MonkeyStub: translateCommand: touch move 614 1561
10-31 08:14:49.322 19172 19172 D MonkeyStub: translateCommand: touch move 614 1436
10-31 08:14:49.431 19172 19172 D MonkeyStub: translateCommand: touch move 614 1311
10-31 08:14:49.544 19172 19172 D MonkeyStub: translateCommand: touch move 614 1186
10-31 08:14:49.650 19172 19172 D MonkeyStub: translateCommand: touch move 614 1061
10-31 08:14:49.756 19172 19172 D MonkeyStub: translateCommand: touch move 614 937
10-31 08:14:49.870 19172 19172 D MonkeyStub: translateCommand: touch move 614 812
10-31 08:14:49.983 19172 19172 D MonkeyStub: translateCommand: touch move 614 687
10-31 08:14:50.113 19172 19172 D MonkeyStub: translateCommand: touch move 614 562
10-31 08:14:50.234 19172 19172 D MonkeyStub: translateCommand: touch move 614 437
10-31 08:14:50.338 19172 19172 D MonkeyStub: translateCommand: touch move 614 312
10-31 08:14:50.344 19172 19172 D MonkeyStub: translateCommand: touch up 614 312
10-31 08:14:54.538 19172 19172 D MonkeyStub: translateCommand: tap 139 85
10-31 08:15:02.725 19172 19172 D MonkeyStub: translateCommand: tap 993 1514
10-31 08:15:06.824 19172 19172 D MonkeyStub: translateCommand: tap 1291 1873
10-31 08:15:09.078 19172 19172 D MonkeyStub: translateCommand: touch down 614 1561
10-31 08:15:09.086 19172 19172 D MonkeyStub: translateCommand: touch move 614 1561
10-31 08:15:09.201 19172 19172 D MonkeyStub: translateCommand: touch move 614 1436
10-31 08:15:09.308 19172 19172 D MonkeyStub: translateCommand: touch move 614 1311
10-31 08:15:09.419 19172 19172 D MonkeyStub: translateCommand: touch move 614 1186
10-31 08:15:09.522 19172 19172 D MonkeyStub: translateCommand: touch move 614 1061
10-31 08:15:09.652 19172 19172 D MonkeyStub: translateCommand: touch move 614 937
10-31 08:15:09.758 19172 19172 D MonkeyStub: translateCommand: touch move 614 812
10-31 08:15:09.862 19172 19172 D MonkeyStub: translateCommand: touch move 614 687
10-31 08:15:09.973 19172 19172 D MonkeyStub: translateCommand: touch move 614 562
10-31 08:15:10.098 19172 19172 D MonkeyStub: translateCommand: touch move 614 437
10-31 08:15:10.215 19172 19172 D MonkeyStub: translateCommand: touch move 614 312
10-31 08:15:10.227 19172 19172 D MonkeyStub: translateCommand: touch up 614 312
10-31 08:15:10.248 19172 19172 D MonkeyStub: translateCommand: touch down 614 1561
10-31 08:15:10.255 19172 19172 D MonkeyStub: translateCommand: touch move 614 1561
10-31 08:15:10.369 19172 19172 D MonkeyStub: translateCommand: touch move 614 1436
10-31 08:15:10.452   198   198 E SELinux : avc:  denied  { find } for service=netd pid=19231 uid=2000 scontext=u:r:shell:s0 tcontext=u:object_r:netd_service:s0 tclass=service_manager permissive=0
10-31 08:15:10.462   198   198 E SELinux : avc:  denied  { find } for service=android.service.gatekeeper.IGateKeeperService pid=19231 uid=2000 scontext=u:r:shell:s0 tcontext=u:object_r:gatekeeper_service:s0 tclass=service_manager permissive=0
10-31 08:15:10.473 19172 19172 D MonkeyStub: translateCommand: touch move 614 1311
10-31 08:15:10.576 19172 19172 D MonkeyStub: translateCommand: touch move 614 1186
10-31 08:15:10.683 19172 19172 D MonkeyStub: translateCommand: touch move 614 1061
10-31 08:15:10.796 19172 19172 D MonkeyStub: translateCommand: touch move 614 937
10-31 08:15:10.917 19172 19172 D MonkeyStub: translateCommand: touch move 614 812
10-31 08:15:11.025 19172 19172 D MonkeyStub: translateCommand: touch move 614 687
10-31 08:15:11.135 19172 19172 D MonkeyStub: translateCommand: touch move 614 562
10-31 08:15:11.254 19172 19172 D MonkeyStub: translateCommand: touch move 614 437
10-31 08:15:11.369 19172 19172 D MonkeyStub: translateCommand: touch move 614 312
10-31 08:15:11.375 19172 19172 D MonkeyStub: translateCommand: touch up 614 312
10-31 08:15:16.659 19172 19172 D MonkeyStub: translateCommand: touch down 614 312
10-31 08:15:16.676 19172 19172 D MonkeyStub: translateCommand: touch move 614 312
10-31 08:15:16.786 19172 19172 D MonkeyStub: translateCommand: touch move 614 437
10-31 08:15:16.896 19172 19172 D MonkeyStub: translateCommand: touch move 614 562
10-31 08:15:17.008 19172 19172 D MonkeyStub: translateCommand: touch move 614 687
10-31 08:15:17.126 19172 19172 D MonkeyStub: translateCommand: touch move 614 812
10-31 08:15:17.243 19172 19172 D MonkeyStub: translateCommand: touch move 614 937
10-31 08:15:17.363 19172 19172 D MonkeyStub: translateCommand: touch move 614 1061
10-31 08:15:17.474 19172 19172 D MonkeyStub: translateCommand: touch move 614 1186
10-31 08:15:17.581 19172 19172 D MonkeyStub: translateCommand: touch move 614 1311
10-31 08:15:17.690 19172 19172 D MonkeyStub: translateCommand: touch move 614 1436
10-31 08:15:17.801 19172 19172 D MonkeyStub: translateCommand: touch move 614 1561
10-31 08:15:17.806 19172 19172 D MonkeyStub: translateCommand: touch up 614 1561
10-31 08:15:19.933 19172 19172 D MonkeyStub: translateCommand: tap 758 273
10-31 08:15:21.544   600  3507 I ActivityManager: Process com.google.android.gms.unstable (pid 16511) has died
10-31 08:15:21.544   600  3507 D ActivityManager: cleanUpApplicationRecord -- 16511
10-31 08:15:21.849   600 24611 I ActivityManager: Process com.google.android.partnersetup (pid 5959) has died
10-31 08:15:21.849   600 24611 D ActivityManager: cleanUpApplicationRecord -- 5959
10-31 08:15:21.975 19172 19172 D MonkeyStub: translateCommand: tap 355 362
10-31 08:15:30.173 19172 19172 D MonkeyStub: translateCommand: touch down 614 1561
10-31 08:15:30.183 19172 19172 D MonkeyStub: translateCommand: touch move 614 1561
10-31 08:15:30.303 19172 19172 D MonkeyStub: translateCommand: touch move 614 1436
10-31 08:15:30.460 19172 19172 D MonkeyStub: translateCommand: touch move 614 1311
10-31 08:15:30.604 19172 19172 D MonkeyStub: translateCommand: touch move 614 1186
10-31 08:15:30.717 19172 19172 D MonkeyStub: translateCommand: touch move 614 1061
10-31 08:15:30.837 19172 19172 D MonkeyStub: translateCommand: touch move 614 937
10-31 08:15:30.950 19172 19172 D MonkeyStub: translateCommand: touch move 614 812
10-31 08:15:31.061 19172 19172 D MonkeyStub: translateCommand: touch move 614 687
10-31 08:15:31.170 19172 19172 D MonkeyStub: translateCommand: touch move 614 562
10-31 08:15:31.294 19172 19172 D MonkeyStub: translateCommand: touch move 614 437
10-31 08:15:31.404 19172 19172 D MonkeyStub: translateCommand: touch move 614 312
10-31 08:15:31.409 19172 19172 D MonkeyStub: translateCommand: touch up 614 312
10-31 08:15:31.447 19172 19172 D MonkeyStub: translateCommand: touch down 614 1561
10-31 08:15:31.451 19172 19172 D MonkeyStub: translateCommand: touch move 614 1561
10-31 08:15:31.567 19172 19172 D MonkeyStub: translateCommand: touch move 614 1436
10-31 08:15:31.673 19172 19172 D MonkeyStub: translateCommand: touch move 614 1311
10-31 08:15:31.782 19172 19172 D MonkeyStub: translateCommand: touch move 614 1186
10-31 08:15:31.888 19172 19172 D MonkeyStub: translateCommand: touch move 614 1061
10-31 08:15:32.012 19172 19172 D MonkeyStub: translateCommand: touch move 614 937
10-31 08:15:32.123 19172 19172 D MonkeyStub: translateCommand: touch move 614 812
10-31 08:15:32.232 19172 19172 D MonkeyStub: translateCommand: touch move 614 687
10-31 08:15:32.351 19172 19172 D MonkeyStub: translateCommand: touch move 614 562
10-31 08:15:32.466 19172 19172 D MonkeyStub: translateCommand: touch move 614 437
10-31 08:15:32.577 19172 19172 D MonkeyStub: translateCommand: touch move 614 312
10-31 08:15:32.585 19172 19172 D MonkeyStub: translateCommand: touch up 614 312
10-31 08:15:37.750 19172 19172 D MonkeyStub: translateCommand: touch down 614 1561
10-31 08:15:37.757 19172 19172 D MonkeyStub: translateCommand: touch move 614 1561
10-31 08:15:37.867 19172 19172 D MonkeyStub: translateCommand: touch move 614 1436
10-31 08:15:37.977 19172 19172 D MonkeyStub: translateCommand: touch move 614 1311
10-31 08:15:38.088 19172 19172 D MonkeyStub: translateCommand: touch move 614 1186
10-31 08:15:38.195 19172 19172 D MonkeyStub: translateCommand: touch move 614 1061
10-31 08:15:38.306 19172 19172 D MonkeyStub: translateCommand: touch move 614 937
10-31 08:15:38.418 19172 19172 D MonkeyStub: translateCommand: touch move 614 812
10-31 08:15:38.529 19172 19172 D MonkeyStub: translateCommand: touch move 614 687
10-31 08:15:38.666 19172 19172 D MonkeyStub: translateCommand: touch move 614 562
10-31 08:15:38.776 19172 19172 D MonkeyStub: translateCommand: touch move 614 437
10-31 08:15:38.882 19172 19172 D MonkeyStub: translateCommand: touch move 614 312
10-31 08:15:38.895 19172 19172 D MonkeyStub: translateCommand: touch up 614 312
10-31 08:15:38.907 19172 19172 D MonkeyStub: Quit requested
10-31 08:15:38.941   600   614 I CwMcuSensor: CwMcuSensor::flush: fd = 245, sensors_id = 0, path = /sys/class/htc_sensorhub/sensor_hub/flush, err = 0
10-31 08:15:38.946 19172 19172 I art     : System.exit called, status: 114
10-31 08:15:38.946 19172 19172 I AndroidRuntime: VM exiting with result code 114.
10-31 08:15:38.975   600  3509 W WindowManager: Attempted to remove non-existing token: android.os.Binder@200f20a
10-31 08:15:48.292   600   647 I WifiHAL : Got channel list with 13 channels
10-31 08:15:48.300   600   647 I WifiHAL : Got channel list with 4 channels
10-31 08:15:48.301   600   647 I WifiHAL : Got channel list with 15 channels
10-31 08:15:55.173 19254 19254 D AndroidRuntime: >>>>>> START com.android.internal.os.RuntimeInit uid 2000 <<<<<<
10-31 08:15:55.179 19254 19254 D AndroidRuntime: CheckJNI is OFF
10-31 08:15:55.265 19254 19254 D ICU     : No timezone override file found: /data/misc/zoneinfo/current/icu/icu_tzdata.dat
10-31 08:15:55.306 19254 19254 I Radio-JNI: register_android_hardware_Radio DONE
10-31 08:15:55.322 19254 19254 D AndroidRuntime: Calling main entry com.android.commands.am.Am
10-31 08:15:55.340   600  3509 I ActivityManager: Force stopping com.opera.browser appid=10122 user=0: from pid 19254
10-31 08:15:55.340   600  3509 I ActivityManager: Killing 18821:com.opera.browser:privileged_process0/u0a122 (adj 0): stop com.opera.browser
10-31 08:15:55.342   600  3509 D ActivityManager: cleanUpApplicationRecord -- 18821
10-31 08:15:55.343   600  3509 W ActivityManager: Scheduling restart of crashed service com.opera.browser/com.opera.android.browser.chromium.services.PrivilegedProcessService0 in 1000ms
10-31 08:15:55.343   600  3509 I ActivityManager: Killing 18687:com.opera.browser/u0a122 (adj 0): stop com.opera.browser
10-31 08:15:55.343   600  3509 D ActivityManager: cleanUpApplicationRecord -- 18687
10-31 08:15:55.344   600  3509 W ActivityManager: Force removing ActivityRecord{4aa443a u0 com.opera.browser/com.opera.android.BrowserActivity t2208}: app died, no saved state
10-31 08:15:55.356 19107 19107 I art     : System.exit called, status: 0
10-31 08:15:55.356 19107 19107 I AndroidRuntime: VM exiting with result code 0, cleanup skipped.
10-31 08:15:55.375   600  3509 I ActivityManager: Killing 19107:com.opera.browser:sandboxed_process0/u0a122 (adj 0): stop com.opera.browser
10-31 08:15:55.375   600  3509 D ActivityManager: cleanUpApplicationRecord -- 19107
10-31 08:15:55.388 19254 19254 D AndroidRuntime: Shutting down VM
10-31 08:15:55.422  1084  1171 I OpenGLRenderer: Initialized EGL, version 1.4
10-31 08:15:55.422  1084  1171 D OpenGLRenderer: Swap behavior 2
10-31 08:15:55.488  1061  1061 D RegisteredNfcFServicesCache: Service unchanged, not updating
10-31 08:15:55.527 23104 23174 I AttachedClient: Adding client event 2 to pending list.
10-31 08:15:55.549 23104 23104 I OptInState: There is a new client and it does not support opt-in. Dropping request.
