11-01 15:00:28.545 29425 29425 D MonkeyStub: translateCommand: touch move 614 1561
11-01 15:00:28.654 29425 29425 D MonkeyStub: translateCommand: touch move 614 1436
11-01 15:00:28.760 29425 29425 D MonkeyStub: translateCommand: touch move 614 1311
11-01 15:00:28.874 29425 29425 D MonkeyStub: translateCommand: touch move 614 1186
11-01 15:00:28.983 29425 29425 D MonkeyStub: translateCommand: touch move 614 1061
11-01 15:00:29.091 29425 29425 D MonkeyStub: translateCommand: touch move 614 937
11-01 15:00:29.198 29425 29425 D MonkeyStub: translateCommand: touch move 614 812
11-01 15:00:29.309 29425 29425 D MonkeyStub: translateCommand: touch move 614 687
11-01 15:00:29.450 29425 29425 D MonkeyStub: translateCommand: touch move 614 562
11-01 15:00:29.560 29425 29425 D MonkeyStub: translateCommand: touch move 614 437
11-01 15:00:29.667 29425 29425 D MonkeyStub: translateCommand: touch move 614 312
11-01 15:00:29.674 29425 29425 D MonkeyStub: translateCommand: touch up 614 312
11-01 15:00:29.703 29425 29425 D MonkeyStub: translateCommand: touch down 614 1561
11-01 15:00:29.709 29425 29425 D MonkeyStub: translateCommand: touch move 614 1561
11-01 15:00:29.834 29425 29425 D MonkeyStub: translateCommand: touch move 614 1436
11-01 15:00:29.957 29425 29425 D MonkeyStub: translateCommand: touch move 614 1311
11-01 15:00:30.069 29425 29425 D MonkeyStub: translateCommand: touch move 614 1186
11-01 15:00:30.178 29425 29425 D MonkeyStub: translateCommand: touch move 614 1061
11-01 15:00:30.292 29425 29425 D MonkeyStub: translateCommand: touch move 614 937
11-01 15:00:30.397 29425 29425 D MonkeyStub: translateCommand: touch move 614 812
11-01 15:00:30.507 29425 29425 D MonkeyStub: translateCommand: touch move 614 687
11-01 15:00:30.612 29425 29425 D MonkeyStub: translateCommand: touch move 614 562
11-01 15:00:30.720 29425 29425 D MonkeyStub: translateCommand: touch move 614 437
11-01 15:00:30.832 29425 29425 D MonkeyStub: translateCommand: touch move 614 312
11-01 15:00:30.836 29425 29425 D MonkeyStub: translateCommand: touch up 614 312
11-01 15:00:33.903 23814 23814 I MemoryTrimmer: Trimming objects from memory, since app is in the background.
11-01 15:00:34.038 29425 29425 D MonkeyStub: translateCommand: touch down 614 312
11-01 15:00:34.047 29425 29425 D MonkeyStub: translateCommand: touch move 614 312
11-01 15:00:34.161 29425 29425 D MonkeyStub: translateCommand: touch move 614 437
11-01 15:00:34.267 29425 29425 D MonkeyStub: translateCommand: touch move 614 562
11-01 15:00:34.378 29425 29425 D MonkeyStub: translateCommand: touch move 614 687
11-01 15:00:34.488 29425 29425 D MonkeyStub: translateCommand: touch move 614 812
11-01 15:00:34.591 29425 29425 D MonkeyStub: translateCommand: touch move 614 937
11-01 15:00:34.724 29425 29425 D MonkeyStub: translateCommand: touch move 614 1061
11-01 15:00:34.832 29425 29425 D MonkeyStub: translateCommand: touch move 614 1186
11-01 15:00:34.937 29425 29425 D MonkeyStub: translateCommand: touch move 614 1311
11-01 15:00:35.049 29425 29425 D MonkeyStub: translateCommand: touch move 614 1436
11-01 15:00:35.155 29425 29425 D MonkeyStub: translateCommand: touch move 614 1561
11-01 15:00:35.173 29425 29425 D MonkeyStub: translateCommand: touch up 614 1561
11-01 15:00:35.228 29425 29425 D MonkeyStub: translateCommand: touch down 614 312
11-01 15:00:35.234 29425 29425 D MonkeyStub: translateCommand: touch move 614 312
11-01 15:00:35.339 29425 29425 D MonkeyStub: translateCommand: touch move 614 437
11-01 15:00:35.445 29425 29425 D MonkeyStub: translateCommand: touch move 614 562
11-01 15:00:35.556 29425 29425 D MonkeyStub: translateCommand: touch move 614 687
11-01 15:00:35.670 29425 29425 D MonkeyStub: translateCommand: touch move 614 812
11-01 15:00:35.807 29425 29425 D MonkeyStub: translateCommand: touch move 614 937
11-01 15:00:35.916 29425 29425 D MonkeyStub: translateCommand: touch move 614 1061
11-01 15:00:36.027 29425 29425 D MonkeyStub: translateCommand: touch move 614 1186
11-01 15:00:36.134 29425 29425 D MonkeyStub: translateCommand: touch move 614 1311
11-01 15:00:36.243 29425 29425 D MonkeyStub: translateCommand: touch move 614 1436
11-01 15:00:36.348 29425 29425 D MonkeyStub: translateCommand: touch move 614 1561
11-01 15:00:36.355 29425 29425 D MonkeyStub: translateCommand: touch up 614 1561
11-01 15:00:38.544 29425 29425 D MonkeyStub: translateCommand: tap 158 750
11-01 15:00:39.102   198   198 E SELinux : avc:  denied  { find } for service=netd pid=29506 uid=2000 scontext=u:r:shell:s0 tcontext=u:object_r:netd_service:s0 tclass=service_manager permissive=0
11-01 15:00:39.106   198   198 E SELinux : avc:  denied  { find } for service=android.service.gatekeeper.IGateKeeperService pid=29506 uid=2000 scontext=u:r:shell:s0 tcontext=u:object_r:gatekeeper_service:s0 tclass=service_manager permissive=0
11-01 15:00:43.615 29425 29425 D MonkeyStub: translateCommand: touch down 614 1561
11-01 15:00:43.627 29425 29425 D MonkeyStub: translateCommand: touch move 614 1561
11-01 15:00:43.734 29425 29425 D MonkeyStub: translateCommand: touch move 614 1436
11-01 15:00:43.844 29425 29425 D MonkeyStub: translateCommand: touch move 614 1311
11-01 15:00:43.955 29425 29425 D MonkeyStub: translateCommand: touch move 614 1186
11-01 15:00:44.071 29425 29425 D MonkeyStub: translateCommand: touch move 614 1061
11-01 15:00:44.186 29425 29425 D MonkeyStub: translateCommand: touch move 614 937
11-01 15:00:44.303 29425 29425 D MonkeyStub: translateCommand: touch move 614 812
11-01 15:00:44.407 29425 29425 D MonkeyStub: translateCommand: touch move 614 687
11-01 15:00:44.515 29425 29425 D MonkeyStub: translateCommand: touch move 614 562
11-01 15:00:44.627 29425 29425 D MonkeyStub: translateCommand: touch move 614 437
11-01 15:00:44.737 29425 29425 D MonkeyStub: translateCommand: touch move 614 312
11-01 15:00:44.740 29425 29425 D MonkeyStub: translateCommand: touch up 614 312
11-01 15:00:49.792 29425 29425 D MonkeyStub: translateCommand: touch down 614 1561
11-01 15:00:49.815 29425 29425 D MonkeyStub: translateCommand: touch move 614 1561
11-01 15:00:49.925 29425 29425 D MonkeyStub: translateCommand: touch move 614 1436
11-01 15:00:50.038 29425 29425 D MonkeyStub: translateCommand: touch move 614 1311
11-01 15:00:50.145 29425 29425 D MonkeyStub: translateCommand: touch move 614 1186
11-01 15:00:50.255 29425 29425 D MonkeyStub: translateCommand: touch move 614 1061
11-01 15:00:50.363 29425 29425 D MonkeyStub: translateCommand: touch move 614 937
11-01 15:00:50.467 29425 29425 D MonkeyStub: translateCommand: touch move 614 812
11-01 15:00:50.573 29425 29425 D MonkeyStub: translateCommand: touch move 614 687
11-01 15:00:50.677 29425 29425 D MonkeyStub: translateCommand: touch move 614 562
11-01 15:00:50.788 29425 29425 D MonkeyStub: translateCommand: touch move 614 437
11-01 15:00:50.892 29425 29425 D MonkeyStub: translateCommand: touch move 614 312
11-01 15:00:50.895 29425 29425 D MonkeyStub: translateCommand: touch up 614 312
11-01 15:00:53.102 29425 29425 D MonkeyStub: Quit requested
11-01 15:00:53.150 29425 29425 I art     : System.exit called, status: 84
11-01 15:00:53.150 29425 29425 I AndroidRuntime: VM exiting with result code 84.
11-01 15:00:53.157   600   614 I CwMcuSensor: CwMcuSensor::flush: fd = 233, sensors_id = 0, path = /sys/class/htc_sensorhub/sensor_hub/flush, err = 0
11-01 15:00:53.199   600  1665 W WindowManager: Attempted to remove non-existing token: android.os.Binder@12db406
11-01 15:01:00.372   246   939 D NuPlayerDriver: reset(0xf2520b40) at state 4
11-01 15:01:00.372   246   939 D NuPlayerDriver: notifyListener_l(0xf2520b40), (8, 0, 0), loop setting(0, 0)
11-01 15:01:00.373   246 29389 D NuPlayerDriver: notifyResetComplete(0xf2520b40)
11-01 15:01:09.317 29528 29528 D AndroidRuntime: >>>>>> START com.android.internal.os.RuntimeInit uid 2000 <<<<<<
11-01 15:01:09.321 29528 29528 D AndroidRuntime: CheckJNI is OFF
11-01 15:01:09.385 29528 29528 D ICU     : No timezone override file found: /data/misc/zoneinfo/current/icu/icu_tzdata.dat
11-01 15:01:09.414 29528 29528 I Radio-JNI: register_android_hardware_Radio DONE
11-01 15:01:09.429 29528 29528 D AndroidRuntime: Calling main entry com.android.commands.am.Am
11-01 15:01:09.445   600  8040 I ActivityManager: Force stopping com.opera.browser appid=10122 user=0: from pid 29528
11-01 15:01:09.445   600  8040 I ActivityManager: Killing 29054:com.opera.browser:privileged_process0/u0a122 (adj 0): stop com.opera.browser
11-01 15:01:09.445   600  8040 D ActivityManager: cleanUpApplicationRecord -- 29054
11-01 15:01:09.445   600  8040 W ActivityManager: Scheduling restart of crashed service com.opera.browser/com.opera.android.browser.chromium.services.PrivilegedProcessService0 in 1000ms
11-01 15:01:09.446   600  8040 I ActivityManager: Killing 28914:com.opera.browser/u0a122 (adj 0): stop com.opera.browser
11-01 15:01:09.446   600  8040 D ActivityManager: cleanUpApplicationRecord -- 28914
11-01 15:01:09.449   600  8040 W ActivityManager: Force removing ActivityRecord{ead0d5a u0 com.opera.browser/com.opera.android.BrowserActivity t1241}: app died, no saved state
11-01 15:01:09.453 29332 29332 I art     : System.exit called, status: 0
11-01 15:01:09.453 29332 29332 I AndroidRuntime: VM exiting with result code 0, cleanup skipped.
11-01 15:01:09.466   600  8040 I ActivityManager: Killing 29332:com.opera.browser:sandboxed_process0/u0a122 (adj 0): stop com.opera.browser
11-01 15:01:09.466   600  8040 D ActivityManager: cleanUpApplicationRecord -- 29332
11-01 15:01:09.478 29528 29528 D AndroidRuntime: Shutting down VM
11-01 15:01:09.489   600  8931 D WindowManager: relayoutVisibleWindow: Window{97a4ed u0 com.google.android.googlequicksearchbox/com.google.android.launcher.GEL EXITING} mAnimatingExit=true, mRemoveOnExit=false, mDestroying=true
11-01 15:01:09.491  1058  1058 D RegisteredNfcFServicesCache: Service unchanged, not updating
11-01 15:01:09.492  1075  1164 I OpenGLRenderer: Initialized EGL, version 1.4
11-01 15:01:09.492  1075  1164 D OpenGLRenderer: Swap behavior 2
11-01 15:01:09.515 23814 23814 I MemoryTrimmer: Trimming objects from memory, since app is in the background.
11-01 15:01:09.579 23814 31540 I AttachedClient: Adding client event 2 to pending list.
11-01 15:01:09.588 23814 23814 I OptInState: There is a new client and it does not support opt-in. Dropping request.
11-01 15:01:09.592 23814 23814 I MicroDetectionWorker: Micro detection mode: [mDetectionMode: [1]].
11-01 15:01:09.599 23814 29542 I MicroRecognitionRunner: Starting detection.
11-01 15:01:09.600 23814 23862 I MicrophoneInputStream: mic_starting com.google.android.apps.gsa.speech.audio.ae@bb21665
11-01 15:01:09.611   238   286 I SoundTriggerHwService::Module: void android::SoundTriggerHwService::Module::onCallbackEvent(const sp<android::SoundTriggerHwService::CallbackEvent> &) mClient == 0
11-01 15:01:09.611   238 29545 I AudioFlinger: AudioFlinger's thread 0xec312a80 ready to run
11-01 15:01:09.615 23814 23862 I MicrophoneInputStream: mic_started com.google.android.apps.gsa.speech.audio.ae@bb21665
11-01 15:01:09.710   600   611 D ConnectivityService: ConnectivityService NetworkRequestInfo binderDied(NetworkRequest [ LISTEN id=237, [ Capabilities: INTERNET&NOT_RESTRICTED&TRUSTED&FOREGROUND] ], android.os.BinderProxy@c85033e)
11-01 15:01:09.710   600  1664 D ConnectivityService: ConnectivityService NetworkRequestInfo binderDied(NetworkRequest [ LISTEN id=236, [ Capabilities: INTERNET&NOT_RESTRICTED&TRUSTED&FOREGROUND] ], android.os.BinderProxy@b93759f)
11-01 15:01:09.710   600   611 D GraphicsStats: Buffer count: 2
11-01 15:01:09.713   600   649 E ConnectivityService: RemoteException caught trying to send a callback msg for NetworkRequest [ LISTEN id=237, [ Capabilities: INTERNET&NOT_RESTRICTED&TRUSTED&FOREGROUND] ]
11-01 15:01:09.713   600   649 E ConnectivityService: RemoteException caught trying to send a callback msg for NetworkRequest [ LISTEN id=236, [ Capabilities: INTERNET&NOT_RESTRICTED&TRUSTED&FOREGROUND] ]
11-01 15:01:09.791 23814 23814 I MicroDetectionWorker: onReady
11-01 15:01:10.034 29546 29546 D AndroidRuntime: >>>>>> START com.android.internal.os.RuntimeInit uid 2000 <<<<<<
11-01 15:01:10.036  1075  1164 W OpenGLRenderer: Incorrectly called buildLayer on View: ShortcutAndWidgetContainer, destroying layer...
11-01 15:01:10.039 29546 29546 D AndroidRuntime: CheckJNI is OFF
11-01 15:01:10.109 29546 29546 D ICU     : No timezone override file found: /data/misc/zoneinfo/current/icu/icu_tzdata.dat
11-01 15:01:10.137 29546 29546 I Radio-JNI: register_android_hardware_Radio DONE
11-01 15:01:10.152 29546 29546 D AndroidRuntime: Calling main entry com.android.commands.pm.Pm
11-01 15:01:10.166   600  8931 I ActivityManager: Force stopping com.opera.browser appid=10122 user=0: clear data
11-01 15:01:10.166   600   613 I ActivityManager: Force stopping com.opera.browser appid=10122 user=-1: clearApplicationUserData
11-01 15:01:10.203   785   785 I GeofencerStateMachine: removeGeofences: removeRequest=RemoveGeofencingRequest[REMOVE_ALL packageName=com.opera.browser]
11-01 15:01:10.205 29546 29546 I art     : System.exit called, status: 0
11-01 15:01:10.205 29546 29546 I AndroidRuntime: VM exiting with result code 0.
11-01 15:01:10.212  1058  1058 D RegisteredNfcFServicesCache: Service unchanged, not updating
11-01 15:01:10.216   600   612 W ResourceType: No known package when getting value for resource number 0x7f100007
11-01 15:01:10.216   600   612 W ResourceType: No known package when getting value for resource number 0x7f13090c
11-01 15:01:10.216   600   612 W ResourceType: No known package when getting value for resource number 0x7f100005
11-01 15:01:10.216   600   612 W ResourceType: No known package when getting value for resource number 0x7f13090a
11-01 15:01:10.216   600   612 W ResourceType: No known package when getting value for resource number 0x7f100004
11-01 15:01:10.217   600   612 W ResourceType: No known package when getting value for resource number 0x7f130909
11-01 15:01:10.217   600   612 W ResourceType: No known package when getting value for resource number 0x7f100006
11-01 15:01:10.217   600   612 W ResourceType: No known package when getting value for resource number 0x7f13090b
11-01 15:01:10.240   785 29563 I Fitness : FitCleanupIntentOperation received Intent android.intent.action.PACKAGE_DATA_CLEARED [CONTEXT service_id=17 ]
11-01 15:01:10.254 21960 22543 I Icing   : doRemovePackageData com.opera.browser
