--------- beginning of main
11-01 14:59:24.205 28904 28904 D AndroidRuntime: >>>>>> START com.android.internal.os.RuntimeInit uid 2000 <<<<<<
11-01 14:59:24.208 28904 28904 D AndroidRuntime: CheckJNI is OFF
11-01 14:59:24.274 28904 28904 D ICU     : No timezone override file found: /data/misc/zoneinfo/current/icu/icu_tzdata.dat
11-01 14:59:24.302 28904 28904 I Radio-JNI: register_android_hardware_Radio DONE
11-01 14:59:24.317 28904 28904 D AndroidRuntime: Calling main entry com.android.commands.am.Am
--------- beginning of system
11-01 14:59:24.335   600  1485 I ActivityManager: Force stopping com.opera.browser appid=10122 user=0: from pid 28904
11-01 14:59:24.343  1058  1058 D RegisteredNfcFServicesCache: Service unchanged, not updating
11-01 14:59:24.593   600   610 I ActivityManager: START u0 {act=android.intent.action.VIEW flg=0x10008000 cmp=com.opera.browser/com.opera.Opera} from uid 2000 on display 0
11-01 14:59:24.614 28904 28904 D AndroidRuntime: Shutting down VM
11-01 14:59:24.649   600  1665 I ActivityManager: Start proc 28914:com.opera.browser/u0a122 for activity com.opera.browser/com.opera.Opera
11-01 14:59:24.733 28914 28914 I art     : Starting a blocking GC AddRemoveAppImageSpace
11-01 14:59:24.757 28914 28914 I LoadedApk: No resource references to update in package com.opera.browser.nord_vpn
11-01 14:59:24.863 28914 28914 I art     : Rejecting re-init on previously-failed class java.lang.Class<com.opera.android.job.a$j>: java.lang.NoClassDefFoundError: Failed resolution of: Landroid/app/job/JobServiceEngine;
11-01 14:59:24.863 28914 28914 I art     :   at void com.opera.android.OperaApplication.onCreate() (SourceFile:52)
11-01 14:59:24.863 28914 28914 I art     :   at void android.app.Instrumentation.callApplicationOnCreate(android.app.Application) (Instrumentation.java:1024)
11-01 14:59:24.863 28914 28914 I art     :   at void android.app.ActivityThread.handleBindApplication(android.app.ActivityThread$AppBindData) (ActivityThread.java:5403)
11-01 14:59:24.863 28914 28914 I art     :   at void android.app.ActivityThread.-wrap2(android.app.ActivityThread, android.app.ActivityThread$AppBindData) (ActivityThread.java:-1)
11-01 14:59:24.863 28914 28914 I art     :   at void android.app.ActivityThread$H.handleMessage(android.os.Message) (ActivityThread.java:1545)
11-01 14:59:24.863 28914 28914 I art     :   at void android.os.Handler.dispatchMessage(android.os.Message) (Handler.java:102)
11-01 14:59:24.863 28914 28914 I art     :   at void android.os.Looper.loop() (Looper.java:154)
11-01 14:59:24.864 28914 28914 I art     :   at void android.app.ActivityThread.main(java.lang.String[]) (ActivityThread.java:6119)
11-01 14:59:24.864 28914 28914 I art     :   at java.lang.Object java.lang.reflect.Method.invoke!(java.lang.Object, java.lang.Object[]) (Method.java:-2)
11-01 14:59:24.864 28914 28914 I art     :   at void com.android.internal.os.ZygoteInit$MethodAndArgsCaller.run() (ZygoteInit.java:886)
11-01 14:59:24.864 28914 28914 I art     :   at void com.android.internal.os.ZygoteInit.main(java.lang.String[]) (ZygoteInit.java:776)
11-01 14:59:24.864 28914 28914 I art     : Caused by: java.lang.ClassNotFoundException: Didn't find class "android.app.job.JobServiceEngine" on path: DexPathList[[zip file "/data/app/com.opera.browser-1/base.apk"],nativeLibraryDirectories=[/data/app/com.opera.browser-1/lib/arm, /data/app/com.opera.browser-1/base.apk!/lib/armeabi-v7a, /system/lib, /vendor/lib]]
11-01 14:59:24.864 28914 28914 I art     :   at java.lang.Class dalvik.system.BaseDexClassLoader.findClass(java.lang.String) (BaseDexClassLoader.java:56)
11-01 14:59:24.864 28914 28914 I art     :   at java.lang.Class java.lang.ClassLoader.loadClass(java.lang.String, boolean) (ClassLoader.java:380)
11-01 14:59:24.864 28914 28914 I art     :   at java.lang.Class java.lang.ClassLoader.loadClass(java.lang.String) (ClassLoader.java:312)
11-01 14:59:24.864 28914 28914 I art     :   at void com.opera.android.OperaApplication.onCreate() (SourceFile:52)
11-01 14:59:24.864 28914 28914 I art     :   at void android.app.Instrumentation.callApplicationOnCreate(android.app.Application) (Instrumentation.java:1024)
11-01 14:59:24.864 28914 28914 I art     :   at void android.app.ActivityThread.handleBindApplication(android.app.ActivityThread$AppBindData) (ActivityThread.java:5403)
11-01 14:59:24.864 28914 28914 I art     :   at void android.app.ActivityThread.-wrap2(android.app.ActivityThread, android.app.ActivityThread$AppBindData) (ActivityThread.java:-1)
11-01 14:59:24.864 28914 28914 I art     :   at void android.app.ActivityThread$H.handleMessage(android.os.Message) (ActivityThread.java:1545)
11-01 14:59:24.864 28914 28914 I art     :   at void android.os.Handler.dispatchMessage(android.os.Message) (Handler.java:102)
11-01 14:59:24.864 28914 28914 I art     :   at void android.os.Looper.loop() (Looper.java:154)
11-01 14:59:24.864 28914 28914 I art     :   at void android.app.ActivityThread.main(java.lang.String[]) (ActivityThread.java:6119)
11-01 14:59:24.864 28914 28914 I art     :   at java.lang.Object java.lang.reflect.Method.invoke!(java.lang.Object, java.lang.Object[]) (Method.java:-2)
11-01 14:59:24.864 28914 28914 I art     :   at void com.android.internal.os.ZygoteInit$MethodAndArgsCaller.run() (ZygoteInit.java:886)
11-01 14:59:24.864 28914 28914 I art     :   at void com.android.internal.os.ZygoteInit.main(java.lang.String[]) (ZygoteInit.java:776)
11-01 14:59:24.864 28914 28914 I art     : 
11-01 14:59:24.911 28914 28960 D NetworkSecurityConfig: Using Network Security Config from resource network_security_config_official_build debugBuild: false
11-01 14:59:25.100   600  1665 I ActivityManager: START u0 {act=android.intent.action.VIEW flg=0x10008000 cmp=com.opera.browser/com.opera.android.startup.WelcomeActivity} from uid 10122 on display 0
11-01 14:59:25.116   600   713 W ActivityManager: Duplicate finish request for ActivityRecord{cd64035 u0 com.opera.browser/com.opera.Opera t1241 f}
11-01 14:59:25.404   600   609 I art     : Background partial concurrent mark sweep GC freed 84432(3MB) AllocSpace objects, 20(464KB) LOS objects, 33% free, 15MB/22MB, paused 2.888ms total 211.230ms
11-01 14:59:25.404 28914 28924 I art     : Background sticky concurrent mark sweep GC freed 21784(1792KB) AllocSpace objects, 8(160KB) LOS objects, 13% free, 5MB/6MB, paused 1.524ms total 114.270ms
11-01 14:59:25.523 28914 28956 I FA      : App measurement initialized, version: 43042
11-01 14:59:25.523 28914 28956 I FA      : To enable debug logging run: adb shell setprop log.tag.FA VERBOSE
11-01 14:59:25.523 28914 28956 I FA      : To enable faster debug mode event logging run:
11-01 14:59:25.523 28914 28956 I FA      :   adb shell setprop debug.firebase.analytics.app com.opera.browser
11-01 14:59:25.574 28914 29026 I OpenGLRenderer: Initialized EGL, version 1.4
11-01 14:59:25.574 28914 29026 D OpenGLRenderer: Swap behavior 2
11-01 14:59:25.780   600   620 I ActivityManager: Displayed com.opera.browser/com.opera.android.startup.WelcomeActivity: +648ms (total +1s164ms)
11-01 14:59:25.903 28914 29042 W chromium: [WARNING:op_site_scripts.cc(424)] Failed to map /data/user/0/com.opera.browser/app_opera/sjs
11-01 14:59:25.921   600   620 W WindowManager: Failed looking up window
11-01 14:59:25.921   600   620 W WindowManager: java.lang.IllegalArgumentException: Requested window android.view.ViewRootImpl$W@2c10b22 does not exist
11-01 14:59:25.921   600   620 W WindowManager: 	at com.android.server.wm.WindowManagerService.windowForClientLocked(WindowManagerService.java:9422)
11-01 14:59:25.921   600   620 W WindowManager: 	at com.android.server.wm.WindowManagerService.windowForClientLocked(WindowManagerService.java:9413)
11-01 14:59:25.921   600   620 W WindowManager: 	at com.android.server.wm.WindowManagerService.removeWindow(WindowManagerService.java:2393)
11-01 14:59:25.921   600   620 W WindowManager: 	at com.android.server.wm.Session.remove(Session.java:202)
11-01 14:59:25.921   600   620 W WindowManager: 	at android.view.ViewRootImpl.dispatchDetachedFromWindow(ViewRootImpl.java:3290)
11-01 14:59:25.921   600   620 W WindowManager: 	at android.view.ViewRootImpl.doDie(ViewRootImpl.java:5917)
11-01 14:59:25.921   600   620 W WindowManager: 	at android.view.ViewRootImpl$ViewRootHandler.handleMessage(ViewRootImpl.java:3626)
11-01 14:59:25.921   600   620 W WindowManager: 	at android.os.Handler.dispatchMessage(Handler.java:102)
11-01 14:59:25.921   600   620 W WindowManager: 	at android.os.Looper.loop(Looper.java:154)
11-01 14:59:25.921   600   620 W WindowManager: 	at android.os.HandlerThread.run(HandlerThread.java:61)
11-01 14:59:25.921   600   620 W WindowManager: 	at com.android.server.ServiceThread.run(ServiceThread.java:46)
11-01 14:59:25.938   600  1484 I ActivityManager: Start proc 29054:com.opera.browser:privileged_process0/u0a122 for service com.opera.browser/com.opera.android.browser.chromium.services.PrivilegedProcessService0
11-01 14:59:26.050 29054 29054 I art     : Starting a blocking GC AddRemoveAppImageSpace
11-01 14:59:26.077 29054 29054 I LoadedApk: No resource references to update in package com.opera.browser.nord_vpn
11-01 14:59:26.200 29054 29080 E libEGL  : validate_display:99 error 3008 (EGL_BAD_DISPLAY)
11-01 14:59:26.253 23814 23861 W SearchService: Abort, client detached.
11-01 14:59:26.256  1075  1075 I MemoryTrimmer: Trimming objects from memory, since app is in the background.
11-01 14:59:26.326 23814 23814 I MemoryTrimmer: Trimming objects from memory, since app is in the background.
11-01 14:59:26.341 23814 28811 I DeviceStateChecker: DeviceStateChecker cancelled
11-01 14:59:26.344 23814 23814 I MicroDetector: Keeping mic open: false
11-01 14:59:26.344 23814 23862 I AudioController: internalShutdown
11-01 14:59:26.344 23814 23862 I MicrophoneInputStream: mic_close com.google.android.apps.gsa.speech.audio.ae@a16dd29
11-01 14:59:26.345 23814 23870 I MicroRecognitionRunner: Stopping hotword detection.
11-01 14:59:26.372   238   286 I SoundTriggerHwService::Module: void android::SoundTriggerHwService::Module::onCallbackEvent(const sp<android::SoundTriggerHwService::CallbackEvent> &) mClient == 0
11-01 14:59:26.381 29054 29080 E libEGL  : validate_display:99 error 3008 (EGL_BAD_DISPLAY)
11-01 14:59:26.408 23814 28810 I MicroRecognitionRunner: Detection finished
11-01 14:59:26.411 28914 28924 I art     : Background sticky concurrent mark sweep GC freed 14848(1074KB) AllocSpace objects, 19(380KB) LOS objects, 25% free, 5MB/7MB, paused 14.178ms total 153.705ms
11-01 14:59:26.425 23814 23814 I MemoryTrimmer: Trimming objects from memory, since app is in the background.
11-01 14:59:26.463 28914 28956 I FA      : Tag Manager is not found and thus will not be used
11-01 14:59:26.623   785 28676 E NetworkScheduler.ATC: Called cancelTask for already completed task com.google.android.gms/.measurement.PackageMeasurementTaskService{u=0 tag="Measurement.PackageMeasurementTaskService.UPLOAD_TASK_TAG" trigger=window{start=110s,end=221s,earliest=-562s,latest=-451s} requirements=[NET_CONNECTED] attributes=[PERSISTED] scheduled=-672s last_run=-447s jid=N/A status=ACTIVE retries=0 client_lib=GMS_TASK_SCHEDULER-203915000} :1 [CONTEXT service_id=218 ]
11-01 14:59:26.657   785 28676 E NetworkScheduler.ATC: Called cancelTask for already completed task com.google.android.gms/.measurement.PackageMeasurementTaskService{u=0 tag="Measurement.PackageMeasurementTaskService.UPLOAD_TASK_TAG" trigger=window{start=110s,end=221s,earliest=-562s,latest=-451s} requirements=[NET_CONNECTED] attributes=[PERSISTED] scheduled=-672s last_run=-447s jid=N/A status=ACTIVE retries=0 client_lib=GMS_TASK_SCHEDULER-203915000} :1 [CONTEXT service_id=218 ]
11-01 14:59:26.675   785 27796 E NetworkScheduler.ATC: Called cancelTask for already completed task com.google.android.gms/.measurement.PackageMeasurementTaskService{u=0 tag="Measurement.PackageMeasurementTaskService.UPLOAD_TASK_TAG" trigger=window{start=110s,end=221s,earliest=-562s,latest=-451s} requirements=[NET_CONNECTED] attributes=[PERSISTED] scheduled=-672s last_run=-447s jid=N/A status=ACTIVE retries=0 client_lib=GMS_TASK_SCHEDULER-203915000} :1 [CONTEXT service_id=218 ]
11-01 14:59:30.087 28914 28914 I PlayCore: UID: [10122]  PID: [28914] AppUpdateListenerRegistry : registerListener
11-01 14:59:30.090 28914 28914 I PlayCore: UID: [10122]  PID: [28914] AppUpdateService : requestUpdateInfo(com.opera.browser)
11-01 14:59:30.098 28914 29129 I PlayCore: UID: [10122]  PID: [28914] AppUpdateService : Initiate binding to the service.
11-01 14:59:30.105   600  1666 W ActivityManager: Unable to start service Intent { act=com.google.android.play.core.install.BIND_UPDATE_SERVICE pkg=com.android.vending } U=0: not found
11-01 14:59:30.116 28914 29129 I PlayCore: UID: [10122]  PID: [28914] AppUpdateService : Failed to bind to the service.
11-01 14:59:30.169 28914 29133 D ApplicationLoaders: ignored Vulkan layer search path /data/app/com.google.android.gms-1/lib/arm:/data/app/com.google.android.gms-1/base.apk!/lib/armeabi-v7a:/data/app/com.google.android.gms-1/split_config.en.apk!/lib/armeabi-v7a for namespace 0xf7270090
11-01 14:59:30.171 28914 29133 W ResourceType: ResTable_typeSpec entry count inconsistent: given 67, previously 69
11-01 14:59:30.171 28914 29133 W ResourceType: ResTable_typeSpec entry count inconsistent: given 5346, previously 5347
11-01 14:59:30.466   600   612 D SyncManager: failed sync operation JobId: 108392, com.opera.browser u0 (com.opera.browser.ping), com.opera.browser.ping.provider, SERVER, reason: 10122, SyncResult: delayUntil: 1667318370 stats [ numIoExceptions: 1]
11-01 14:59:36.422 23814 23814 I MemoryTrimmer: Trimming objects from memory, since app is in the background.
11-01 14:59:37.675 29157 29157 D AndroidRuntime: >>>>>> START com.android.internal.os.RuntimeInit uid 2000 <<<<<<
11-01 14:59:37.678 29157 29157 D AndroidRuntime: CheckJNI is OFF
11-01 14:59:37.742 29157 29157 D ICU     : No timezone override file found: /data/misc/zoneinfo/current/icu/icu_tzdata.dat
11-01 14:59:37.773 29157 29157 I Radio-JNI: register_android_hardware_Radio DONE
11-01 14:59:37.787 29157 29157 D AndroidRuntime: Calling main entry com.android.commands.monkey.Monkey
11-01 14:59:37.859   600   613 W BroadcastQueue: Skipping deliver [background] BroadcastRecord{1f7e5aa u-1 android.net.conn.CONNECTIVITY_CHANGE} to ReceiverList{a02c59b 29157 (unknown name)/2000/u-1 remote:bb7384c}: process crashing
11-01 14:59:39.409 29157 29157 D MonkeyStub: translateCommand: wake
11-01 14:59:39.530 29157 29157 D MonkeyStub: translateCommand: tap 960 1881
11-01 14:59:39.595   600   611 I ActivityManager: START u0 {act=android.intent.action.VIEW flg=0x1000000 cmp=com.opera.browser/com.opera.android.IntentDispatcherActivity} from uid 10122 on display 0
11-01 14:59:39.711   600  1068 I ActivityManager: START u0 {act=android.intent.action.VIEW flg=0x15002000 cmp=com.opera.browser/com.opera.android.BrowserActivity} from uid 10122 on display 0
11-01 14:59:39.715  1075  1164 I OpenGLRenderer: Initialized EGL, version 1.4
11-01 14:59:39.715  1075  1164 D OpenGLRenderer: Swap behavior 2
11-01 14:59:39.731 23814 23814 I MemoryTrimmer: Trimming objects from memory, since app is in the background.
11-01 14:59:39.774   600   609 I art     : Background partial concurrent mark sweep GC freed 40603(2MB) AllocSpace objects, 42(1324KB) LOS objects, 33% free, 15MB/22MB, paused 3.866ms total 104.821ms
11-01 14:59:39.943  1075  1075 I MemoryTrimmer: Trimming objects from memory, since app is in the background.
11-01 14:59:40.104 28914 29207 W ResourceType: ResTable_typeSpec entry count inconsistent: given 67, previously 69
11-01 14:59:40.104 28914 29207 W ResourceType: ResTable_typeSpec entry count inconsistent: given 5346, previously 5347
11-01 14:59:40.113 23814 23814 I MemoryTrimmer: Trimming objects from memory, since app is in the background.
11-01 14:59:40.143 28914 28924 I art     : Background partial concurrent mark sweep GC freed 40609(2MB) AllocSpace objects, 18(408KB) LOS objects, 40% free, 7MB/12MB, paused 3.298ms total 104.939ms
11-01 14:59:40.166 28914 29179 E [Leanplum][ERROR]: No variable values were received from the server. Please contact us to investigate.
11-01 14:59:40.353   600  8931 I CwMcuSensor: CwMcuSensor::flush: fd = 234, sensors_id = 0, path = /sys/class/htc_sensorhub/sensor_hub/flush, err = 0
11-01 14:59:40.359   600   620 I ActivityManager: Displayed com.opera.browser/com.opera.android.BrowserActivity: +623ms (total +717ms)
11-01 14:59:40.490 28914 29026 D OpenGLRenderer: endAllActiveAnimators on 0xd5a9a880 (RippleDrawable) with handle 0xd06533a0
11-01 14:59:40.622 28914 29213 W ResourceType: ResTable_typeSpec entry count inconsistent: given 67, previously 69
11-01 14:59:40.622 28914 29213 W ResourceType: ResTable_typeSpec entry count inconsistent: given 5346, previously 5347
11-01 14:59:41.006 28914 28919 I art     : Do partial code cache collection, code=19KB, data=30KB
11-01 14:59:41.009 28914 28919 I art     : After code cache collection, code=19KB, data=30KB
11-01 14:59:41.009 28914 28919 I art     : Increasing code cache capacity to 128KB
11-01 14:59:41.042 28914 29250 W ResourceType: ResTable_typeSpec entry count inconsistent: given 67, previously 69
11-01 14:59:41.042 28914 29250 W ResourceType: ResTable_typeSpec entry count inconsistent: given 5346, previously 5347
11-01 14:59:41.119 28914 28914 I Choreographer: Skipped 41 frames!  The application may be doing too much work on its main thread.
11-01 14:59:41.310 28914 28914 W View    : requestLayout() improperly called by com.opera.android.custom_views.FadingRecyclerView{52b031c VFED.V... ......ID 0,813-1536,813 #7f0a0825 app:id/suggested_dials_grid} during layout: running second layout pass
11-01 14:59:41.365   785 29102 E NetworkScheduler.ATC: Called cancelTask for already completed task com.google.android.gms/.measurement.PackageMeasurementTaskService{u=0 tag="Measurement.PackageMeasurementTaskService.UPLOAD_TASK_TAG" trigger=window{start=110s,end=221s,earliest=-577s,latest=-466s} requirements=[NET_CONNECTED] attributes=[PERSISTED] scheduled=-687s last_run=-462s jid=N/A status=ACTIVE retries=0 client_lib=GMS_TASK_SCHEDULER-203915000} :1 [CONTEXT service_id=218 ]
11-01 14:59:41.380 28914 28914 E Sensors : sendAck failure -1 1
11-01 14:59:41.380 28914 28914 E Sensors : sendAck failure -1 2
11-01 14:59:41.380 28914 28914 E Sensors : sendAck failure -1 3
11-01 14:59:41.380 28914 28914 E Sensors : sendAck failure -1 4
11-01 14:59:41.380 28914 28914 E Sensors : sendAck failure -1 5
11-01 14:59:41.380 28914 28914 E Sensors : sendAck failure -1 6
11-01 14:59:41.380 28914 28914 E Sensors : sendAck failure -1 7
11-01 14:59:41.380 28914 28914 E Sensors : sendAck failure -1 8
11-01 14:59:41.380 28914 28914 E Sensors : sendAck failure -1 9
11-01 14:59:41.380 28914 28914 E Sensors : sendAck failure -1 10
11-01 14:59:41.380 28914 28914 E Sensors : sendAck failure -1 11
11-01 14:59:41.380 28914 28914 E Sensors : sendAck failure -1 12
11-01 14:59:41.380 28914 28914 E Sensors : sendAck failure -1 13
11-01 14:59:41.380 28914 28914 E Sensors : sendAck failure -1 14
11-01 14:59:41.380 28914 28914 E Sensors : sendAck failure -1 15
11-01 14:59:41.380 28914 28914 E Sensors : sendAck failure -1 16
11-01 14:59:41.380 28914 28914 E Sensors : sendAck failure -1 1
11-01 14:59:41.380 28914 28914 E Sensors : sendAck failure -1 2
11-01 14:59:41.380 28914 28914 E Sensors : sendAck failure -1 3
11-01 14:59:41.380 28914 28914 E Sensors : sendAck failure -1 4
11-01 14:59:41.380 28914 28914 E Sensors : sendAck failure -1 5
11-01 14:59:41.380 28914 28914 E Sensors : sendAck failure -1 6
11-01 14:59:41.380 28914 28914 E Sensors : sendAck failure -1 7
11-01 14:59:41.380 28914 28914 E Sensors : sendAck failure -1 8
11-01 14:59:41.380 28914 28914 E Sensors : sendAck failure -1 9
11-01 14:59:41.380 28914 28914 E Sensors : sendAck failure -1 10
11-01 14:59:41.394 28914 28924 I art     : Background partial concurrent mark sweep GC freed 39931(2MB) AllocSpace objects, 9(284KB) LOS objects, 40% free, 10MB/17MB, paused 5.231ms total 60.803ms
11-01 14:59:41.729 21960 21971 I art     : Background sticky concurrent mark sweep GC freed 12551(996KB) AllocSpace objects, 10(200KB) LOS objects, 23% free, 7MB/9MB, paused 18.184ms total 43.414ms
11-01 14:59:41.810 29277 29277 I dex2oat : /system/bin/dex2oat --dex-file=/data/user/0/com.opera.browser/code_cache/.       --oat-fd=195 --oat-location=/data/user/0/com.opera.browser/code_cache/.   ​ --compiler-filter=speed
11-01 14:59:41.821   785 29102 E NetworkScheduler.ATC: Called cancelTask for already completed task com.google.android.gms/.measurement.PackageMeasurementTaskService{u=0 tag="Measurement.PackageMeasurementTaskService.UPLOAD_TASK_TAG" trigger=window{start=110s,end=221s,earliest=-578s,latest=-467s} requirements=[NET_CONNECTED] attributes=[PERSISTED] scheduled=-688s last_run=-463s jid=N/A status=ACTIVE retries=0 client_lib=GMS_TASK_SCHEDULER-203915000} :1 [CONTEXT service_id=218 ]
11-01 14:59:41.903 28914 28914 E Sensors : sendAck failure -1 1
11-01 14:59:41.903 28914 28914 E Sensors : sendAck failure -1 2
11-01 14:59:42.102 29277 29277 I dex2oat : dex2oat took 293.999ms (threads: 2) arena alloc=432KB (442800B) java alloc=32KB (33064B) native alloc=354KB (362688B) free=1181KB (1210176B)
11-01 14:59:42.135 28914 28924 I art     : Background sticky concurrent mark sweep GC freed 55845(3MB) AllocSpace objects, 30(1372KB) LOS objects, 25% free, 12MB/17MB, paused 2.657ms total 137.806ms
11-01 14:59:42.249 28914 28914 E Sensors : sendAck failure -1 1
11-01 14:59:42.249 28914 28914 E Sensors : sendAck failure -1 2
11-01 14:59:42.249 28914 28914 E Sensors : sendAck failure -1 3
11-01 14:59:42.249 28914 28914 E Sensors : sendAck failure -1 4
11-01 14:59:42.249 28914 28914 E Sensors : sendAck failure -1 5
11-01 14:59:42.249 28914 28914 E Sensors : sendAck failure -1 6
11-01 14:59:42.249 28914 28914 E Sensors : sendAck failure -1 7
11-01 14:59:42.249 28914 28914 E Sensors : sendAck failure -1 8
11-01 14:59:42.249 28914 28914 E Sensors : sendAck failure -1 9
11-01 14:59:42.249 28914 28914 E Sensors : sendAck failure -1 10
11-01 14:59:42.249 28914 28914 E Sensors : sendAck failure -1 11
11-01 14:59:42.249 28914 28914 E Sensors : sendAck failure -1 12
11-01 14:59:42.249 28914 28914 E Sensors : sendAck failure -1 13
11-01 14:59:42.250 28914 28914 E Sensors : sendAck failure -1 14
11-01 14:59:42.250 28914 28914 E Sensors : sendAck failure -1 15
11-01 14:59:42.250 28914 28914 E Sensors : sendAck failure -1 16
11-01 14:59:42.250 28914 28914 E Sensors : sendAck failure -1 17
11-01 14:59:42.252 28914 28914 E Sensors : sendAck failure -1 1
11-01 14:59:42.365 29282 29282 I dex2oat : /system/bin/dex2oat --dex-file=/data/user/0/com.opera.browser/code_cache/.      --oat-fd=195 --oat-location=/data/user/0/com.opera.browser/code_cache/.  ​ --compiler-filter=speed
11-01 14:59:42.784 28914 28919 I art     : Do partial code cache collection, code=38KB, data=61KB
11-01 14:59:42.785 28914 28919 I art     : After code cache collection, code=37KB, data=61KB
11-01 14:59:42.785 28914 28919 I art     : Increasing code cache capacity to 256KB
11-01 14:59:42.803 29282 29282 I dex2oat : dex2oat took 438.250ms (threads: 2) arena alloc=611KB (626472B) java alloc=86KB (88128B) native alloc=523KB (536312B) free=1524KB (1560840B)
11-01 14:59:42.897 28914 28924 I art     : Background partial concurrent mark sweep GC freed 46443(4MB) AllocSpace objects, 25(2016KB) LOS objects, 40% free, 14MB/24MB, paused 2.400ms total 289.383ms
11-01 14:59:43.654 29157 29157 D MonkeyStub: translateCommand: tap 57 93
11-01 14:59:46.117 29157 29157 D MonkeyStub: translateCommand: tap 57 93
11-01 14:59:48.367 29157 29157 D MonkeyStub: translateCommand: tap 446 593
11-01 14:59:50.824 29157 29157 D MonkeyStub: translateCommand: tap 667 302
11-01 14:59:50.995 28914 28919 I art     : Do full code cache collection, code=78KB, data=123KB
11-01 14:59:50.998 28914 28919 I art     : Starting a blocking GC JitCodeCache
11-01 14:59:50.998 28914 28919 I art     : After code cache collection, code=61KB, data=67KB
11-01 14:59:51.444 28914 28919 I art     : Do partial code cache collection, code=71KB, data=83KB
11-01 14:59:51.445 28914 28919 I art     : After code cache collection, code=71KB, data=83KB
11-01 14:59:51.445 28914 28919 I art     : Increasing code cache capacity to 512KB
11-01 14:59:54.101 29157 29157 D MonkeyStub: translateCommand: tap 1286 930
11-01 14:59:55.332 29157 29157 D MonkeyStub: translateCommand: tap 62 98
11-01 14:59:55.362 29157 29157 D MonkeyStub: translateCommand: tap 729 89
11-01 14:59:55.372 29157 29157 D MonkeyStub: Quit requested
11-01 14:59:55.405   600   614 I CwMcuSensor: CwMcuSensor::flush: fd = 233, sensors_id = 0, path = /sys/class/htc_sensorhub/sensor_hub/flush, err = 0
11-01 14:59:55.432 29157 29157 I art     : System.exit called, status: 16
11-01 14:59:55.432 29157 29157 I AndroidRuntime: VM exiting with result code 16.
11-01 14:59:55.465   600  8930 W WindowManager: Attempted to remove non-existing token: android.os.Binder@2d92149
11-01 14:59:55.725   600  8039 E BatteryStatsService: power: Missing API
11-01 14:59:55.733   600  8039 E BatteryStatsService: no controller energy info supplied
11-01 14:59:55.734   800   800 E PhoneInterfaceManager: [PhoneIntfMgr] queryModemActivityInfo: Empty response
11-01 14:59:55.740   600  8039 E BatteryStatsService: modem info is invalid: ModemActivityInfo{ mTimestamp=0 mSleepTimeMs=0 mIdleTimeMs=0 mTxTimeMs[]=[0, 0, 0, 0, 0] mRxTimeMs=0 mEnergyUsed=0}
11-01 14:59:56.147 29319 29319 D AndroidRuntime: >>>>>> START com.android.internal.os.RuntimeInit uid 2000 <<<<<<
11-01 14:59:56.151 29319 29319 D AndroidRuntime: CheckJNI is OFF
11-01 14:59:56.216 29319 29319 D ICU     : No timezone override file found: /data/misc/zoneinfo/current/icu/icu_tzdata.dat
11-01 14:59:56.247 29319 29319 I Radio-JNI: register_android_hardware_Radio DONE
11-01 14:59:56.262 29319 29319 D AndroidRuntime: Calling main entry com.android.commands.am.Am
11-01 14:59:56.280   600  1068 I ActivityManager: START u0 {act=android.intent.action.VIEW dat=http://biomedcentral.com/... flg=0x10000000 cmp=com.opera.browser/com.opera.Opera} from uid 2000 on display 0
11-01 14:59:56.284 29319 29319 D AndroidRuntime: Shutting down VM
11-01 14:59:56.382 28914 28914 W art     : Before Android 4.1, method double java.util.concurrent.ThreadLocalRandom.internalNextDouble(double, double) would have incorrectly overridden the package-private method in java.util.Random
11-01 14:59:56.383 28914 28914 W art     : Before Android 4.1, method int java.util.concurrent.ThreadLocalRandom.internalNextInt(int, int) would have incorrectly overridden the package-private method in java.util.Random
11-01 14:59:56.383 28914 28914 W art     : Before Android 4.1, method long java.util.concurrent.ThreadLocalRandom.internalNextLong(long, long) would have incorrectly overridden the package-private method in java.util.Random
11-01 14:59:56.419   600   619 D BluetoothManagerService: Message: 20
11-01 14:59:56.419   600   619 D BluetoothManagerService: Added callback: android.bluetooth.IBluetoothManagerCallback$Stub$Proxy@6a30c58:true
11-01 14:59:56.423 23814 23814 I MemoryTrimmer: Trimming objects from memory, since app is in the background.
11-01 14:59:56.446   600  1068 I ActivityManager: Start proc 29332:com.opera.browser:sandboxed_process0/u0a122 for service com.opera.browser/com.opera.android.browser.chromium.services.SandboxedProcessService0
11-01 14:59:56.501 29332 29332 I art     : Starting a blocking GC AddRemoveAppImageSpace
11-01 14:59:56.522 29332 29332 I LoadedApk: No resource references to update in package com.opera.browser.nord_vpn
11-01 14:59:56.552 28914 29250 W ResourceType: ResTable_typeSpec entry count inconsistent: given 67, previously 69
11-01 14:59:56.552 28914 29250 W ResourceType: ResTable_typeSpec entry count inconsistent: given 5346, previously 5347
11-01 14:59:56.840   785   797 I art     : Background partial concurrent mark sweep GC freed 76017(4MB) AllocSpace objects, 3(60KB) LOS objects, 39% free, 10MB/17MB, paused 554us total 254.367ms
11-01 14:59:56.842   785   795 W SQLiteConnectionPool: A SQLiteConnection object for database '/data/user/0/com.google.android.gms/databases/metadata.db' was leaked!  Please fix your application to end transactions in progress properly and to close the database when it is no longer needed.
11-01 14:59:56.854   785   799 I FontLog : Received query name=Google Sans&weight=400&besteffort=false, URI content://com.google.android.gms.fonts [CONTEXT service_id=132 ]
11-01 14:59:56.855   785   799 I FontLog : Query [name=Google Sans&weight=400&besteffort=false] resolved to {Google Sans, wdth 100.0, wght 400, ital 0.0, bestEffort false} [CONTEXT service_id=132 ]
11-01 14:59:56.856   785   799 I FontLog : Font PFD returned from cache for {Google Sans, wdth 100.0, wght 400, ital 0.0, bestEffort false} [CONTEXT service_id=132 ]
11-01 14:59:56.856   785   799 I FontLog : Fetch {Google Sans, wdth 100.0, wght 400, ital 0.0, bestEffort false} end status Status{statusCode=SUCCESS, resolution=null} [CONTEXT service_id=132 ]
11-01 14:59:57.098   785  1234 W GmsStrictMode: LEAKED_CLOSABLE [CONTEXT service_id=256 ]
11-01 14:59:57.098   785  1234 W GmsStrictMode: rvo: LEAKED_CLOSABLE
11-01 14:59:57.098   785  1234 W GmsStrictMode: 	at dalvik.system.VMStack.getThreadStackTrace(Native Method)
11-01 14:59:57.098   785  1234 W GmsStrictMode: 	at java.lang.Thread.getStackTrace(Thread.java:1566)
11-01 14:59:57.098   785  1234 W GmsStrictMode: 	at bhdb.containsKey(:com.google.android.gms@203915020@20.39.15 (040406-335085812):1)
11-01 14:59:57.098   785  1234 W GmsStrictMode: 	at android.os.StrictMode.onVmPolicyViolation(StrictMode.java:1867)
11-01 14:59:57.098   785  1234 W GmsStrictMode: 	at android.os.StrictMode.onVmPolicyViolation(StrictMode.java:1844)
11-01 14:59:57.098   785  1234 W GmsStrictMode: 	at android.os.StrictMode$AndroidCloseGuardReporter.report(StrictMode.java:1590)
11-01 14:59:57.098   785  1234 W GmsStrictMode: 	at dalvik.system.CloseGuard.warnIfOpen(CloseGuard.java:208)
11-01 14:59:57.098   785  1234 W GmsStrictMode: 	at android.database.sqlite.SQLiteConnection.dispose(SQLiteConnection.java:231)
11-01 14:59:57.098   785  1234 W GmsStrictMode: 	at android.database.sqlite.SQLiteConnection.finalize(SQLiteConnection.java:180)
11-01 14:59:57.098   785  1234 W GmsStrictMode: 	at java.lang.Daemons$FinalizerDaemon.doFinalize(Daemons.java:222)
11-01 14:59:57.098   785  1234 W GmsStrictMode: 	at java.lang.Daemons$FinalizerDaemon.run(Daemons.java:209)
11-01 14:59:57.098   785  1234 W GmsStrictMode: 	at java.lang.Thread.run(Thread.java:761)
11-01 14:59:57.103   785  1191 I FontLog : Pulling font file for id = 244, cache size = 5 [CONTEXT service_id=132 ]
11-01 14:59:57.108   785  1586 I FontLog : Received query name=Google Sans&weight=500&besteffort=false, URI content://com.google.android.gms.fonts [CONTEXT service_id=132 ]
11-01 14:59:57.108   785  1586 I FontLog : Query [name=Google Sans&weight=500&besteffort=false] resolved to {Google Sans, wdth 100.0, wght 500, ital 0.0, bestEffort false} [CONTEXT service_id=132 ]
11-01 14:59:57.109   785  1586 I FontLog : Font PFD returned from cache for {Google Sans, wdth 100.0, wght 500, ital 0.0, bestEffort false} [CONTEXT service_id=132 ]
11-01 14:59:57.109   785  1586 I FontLog : Fetch {Google Sans, wdth 100.0, wght 500, ital 0.0, bestEffort false} end status Status{statusCode=SUCCESS, resolution=null} [CONTEXT service_id=132 ]
11-01 14:59:57.118   785   798 I FontLog : Pulling font file for id = 245, cache size = 5 [CONTEXT service_id=132 ]
11-01 14:59:57.124   785  1744 I FontLog : Received query name=Google Sans&weight=700&besteffort=false, URI content://com.google.android.gms.fonts [CONTEXT service_id=132 ]
11-01 14:59:57.124   785  1744 I FontLog : Query [name=Google Sans&weight=700&besteffort=false] resolved to {Google Sans, wdth 100.0, wght 700, ital 0.0, bestEffort false} [CONTEXT service_id=132 ]
11-01 14:59:57.136   785  1744 I FontLog : Fetch {Google Sans, wdth 100.0, wght 700, ital 0.0, bestEffort false} end status Status{statusCode=SUCCESS, resolution=null} [CONTEXT service_id=132 ]
11-01 14:59:57.139   785  1684 I FontLog : Pulling font file for id = 246, cache size = 6 [CONTEXT service_id=132 ]
11-01 14:59:57.142   785  1300 I FontLog : Received query name=Noto Color Emoji Compat&weight=400&besteffort=false, URI content://com.google.android.gms.fonts [CONTEXT service_id=132 ]
11-01 14:59:57.143   785  1300 I FontLog : Query [name=Noto Color Emoji Compat&weight=400&besteffort=false] resolved to {Noto Color Emoji Compat, wdth 100.0, wght 400, ital 0.0, bestEffort false} [CONTEXT service_id=132 ]
11-01 14:59:57.145   785  1300 I FontLog : Fetch {Noto Color Emoji Compat, wdth 100.0, wght 400, ital 0.0, bestEffort false} end status Status{statusCode=SUCCESS, resolution=null} [CONTEXT service_id=132 ]
11-01 14:59:57.151   785  1681 I FontLog : Pulling font file for id = 247, cache size = 6 [CONTEXT service_id=132 ]
11-01 14:59:57.206   785 29364 E NetworkScheduler.ATC: Called cancelTask for already completed task com.google.android.gms/.measurement.PackageMeasurementTaskService{u=0 tag="Measurement.PackageMeasurementTaskService.UPLOAD_TASK_TAG" trigger=window{start=110s,end=221s,earliest=-593s,latest=-482s} requirements=[NET_CONNECTED] attributes=[PERSISTED] scheduled=-703s last_run=-478s jid=N/A status=ACTIVE retries=0 client_lib=GMS_TASK_SCHEDULER-203915000} :1 [CONTEXT service_id=218 ]
11-01 15:00:00.244 29332 29346 I chromium: [INFO:pipeline_controller.cc(46)] MCHR-300: Starting pipeline, demuxer: FFmpegDemuxer
11-01 15:00:00.258 29332 29354 I chromium: [INFO:ffmpeg_glue.cc(128)] MCHR-300: Container: HLS
11-01 15:00:00.277 29332 29346 I chromium: [INFO:pipeline_controller.cc(355)] MCHR-300: Pipeline stopped.
11-01 15:00:00.278 28914 28914 V MediaRouter: Adding route: RouteInfo{ name=Tablet, description=null, status=null, category=RouteCategory{ name=null types=ROUTE_TYPE_LIVE_AUDIO ROUTE_TYPE_LIVE_VIDEO  groupable=false }, supportedTypes=ROUTE_TYPE_LIVE_AUDIO ROUTE_TYPE_LIVE_VIDEO , presentationDisplay=null }
11-01 15:00:00.283 28914 28914 V MediaRouter: Updating audio routes: AudioRoutesInfo{ type=SPEAKER }
11-01 15:00:00.285 28914 28914 V MediaRouter: Selecting route: RouteInfo{ name=Tablet, description=null, status=null, category=RouteCategory{ name=null types=ROUTE_TYPE_LIVE_AUDIO ROUTE_TYPE_LIVE_VIDEO  groupable=false }, supportedTypes=ROUTE_TYPE_LIVE_AUDIO ROUTE_TYPE_LIVE_VIDEO , presentationDisplay=null }
11-01 15:00:00.289 29054 29388 W VideoCapabilities: Unrecognized level 0 for video/x-vnd.on2.vp8
11-01 15:00:00.293 28914 28914 V MediaRouter: Selecting route: RouteInfo{ name=Tablet, description=null, status=null, category=RouteCategory{ name=null types=ROUTE_TYPE_LIVE_AUDIO ROUTE_TYPE_LIVE_VIDEO  groupable=false }, supportedTypes=ROUTE_TYPE_LIVE_AUDIO ROUTE_TYPE_LIVE_VIDEO , presentationDisplay=null }
11-01 15:00:00.297 29332 29346 I chromium: [INFO:pipeline_controller.cc(46)] MCHR-300: Starting pipeline, demuxer: MediaUrlDemuxer
11-01 15:00:00.305 21960 22375 I CastDatabase: Opening the database
11-01 15:00:00.310   600   647 I WifiHAL : Got channel list with 13 channels
11-01 15:00:00.311   600   647 I WifiHAL : Got channel list with 4 channels
11-01 15:00:00.312   600   647 I WifiHAL : Got channel list with 15 channels
11-01 15:00:00.315 21960 21960 I DiscoveryManager: WifiGuestModeDeviceScanner enabled.
11-01 15:00:00.330 29054 29388 I VideoCapabilities: Unsupported profile 4 for video/mp4v-es
11-01 15:00:00.358   245   272 D MediaBufferGroup: creating MemoryDealer
11-01 15:00:00.361   246 29389 D NuPlayerDriver: notifyListener_l(0xf2520b40), (1, 0, 0), loop setting(0, 0)
11-01 15:00:00.361 28914 28914 D MediaPlayer: setSubtitleAnchor in MediaPlayer
11-01 15:00:00.362 29054 29388 W VideoCapabilities: Unrecognized level 0 for video/x-vnd.on2.vp8
11-01 15:00:00.367 29054 29388 I VideoCapabilities: Unsupported profile 4 for video/mp4v-es
11-01 15:00:00.377 28914 28914 W MediaPlayer: Couldn't open https://vod.video-cdn.net/F-TUvd9pk8UYjAqC7mYdAm/4312z8mUGRLb5UPsLza27-.aaa,828,596,1656,2356,.mp4.csmil/master.m3u8?set-cc-attribute=cc&hdnea=exp=1667311798~acl=/F-TUvd9pk8UYjAqC7mYdAm/4312z8mUGRLb5UPsLza27-.aaa,828,596,1656,2356,.mp4.csmil/*~hmac=663407a038c10b2b27c3b4a739de7c6b77645d6abf38c47544b832107c28191a: java.io.FileNotFoundException: No content provider: https://vod.video-cdn.net/F-TUvd9pk8UYjAqC7mYdAm/4312z8mUGRLb5UPsLza27-.aaa,828,596,1656,2356,.mp4.csmil/master.m3u8?set-cc-attribute=cc&hdnea=exp=1667311798~acl=/F-TUvd9pk8UYjAqC7mYdAm/4312z8mUGRLb5UPsLza27-.aaa,828,596,1656,2356,.mp4.csmil/*~hmac=663407a038c10b2b27c3b4a739de7c6b77645d6abf38c47544b832107c28191a
11-01 15:00:00.384   246 29393 I LiveSession: onConnect https://<suppressed>
11-01 15:00:00.394 21960 22375 I SQLiteCastStore: 2 CastNetworkInfo instances loaded, 1 CastDeviceInfo instances loaded, 0 paired guest mode devices loaded.
11-01 15:00:00.394 21960 22375 I DiscoveryManager: Filter criteria(D38CB0C5) scannerFlags(0)
11-01 15:00:00.395 21960 22375 I CastDatabase: CastDeviceInfo created: V_02422976-7960-4523-8f0d-8ed6a6453c8e
11-01 15:00:00.396 21960 22375 W GuestModeDeviceProber: setFilterCriteria
11-01 15:00:00.406 21960 22375 E DeviceScanner: [BLE] Failed to start scan because the Bluetooth is disabled.
11-01 15:00:00.411 21960 22375 W DatabaseProcessor: processLocalDevices: failed to get the network info with non-null bssid.
11-01 15:00:00.413 21960 22375 W DatabaseProcessor: processLocalDevices: failed to get the network info with non-null bssid.
11-01 15:00:00.417 21960 22375 E DeviceScanner: [BLE] Failed to start scan because the Bluetooth is disabled.
11-01 15:00:00.417 21960 22375 W DatabaseProcessor: processLocalDevices: failed to get the network info with non-null bssid.
11-01 15:00:00.417 21960 22375 W DatabaseProcessor: processLocalDevices: failed to get the network info with non-null bssid.
11-01 15:00:00.621   246 29393 I LiveSession: #### Starting Bandwidth Switch: -1 => 0
11-01 15:00:00.844   246 29394 I ESQueue : found something resembling an H.264/MPEG syncword at offset 1
11-01 15:00:00.844   246 29394 I avc_utils: found AVC codec config (512 x 288, Baseline-profile level 2.1)
11-01 15:00:00.844   246 29394 I ESQueue : found AAC codec config (44100 Hz, 1 channels)
11-01 15:00:01.613   246 29394 I ATSParser: discontinuity on stream pid 0x0100
11-01 15:00:01.616   246 29394 I ATSParser: discontinuity on stream pid 0x0101
11-01 15:00:01.622   246 29392 D NuPlayerDriver: notifyListener_l(0xf2520c60), (3, 4, 0), loop setting(0, 0)
11-01 15:00:01.622   246 29392 D NuPlayerDriver: notifyListener_l(0xf2520c60), (5, 512, 288), loop setting(0, 0)
11-01 15:00:01.622   246 29392 D NuPlayerDriver: notifyListener_l(0xf2520c60), (1, 0, 0), loop setting(0, 0)
11-01 15:00:01.625 28914 28914 D MediaPlayer: setSubtitleAnchor in MediaPlayer
11-01 15:00:01.644 28914 28914 D MediaPlayer: getMetadata
11-01 15:00:01.647   246 29392 D NuPlayer: onSetVideoSurface(0xee1b0800, no video decoder)
11-01 15:00:01.647   246   246 D NuPlayerDriver: seekTo(0xf2520c60) 0 ms at state 4
11-01 15:00:01.647   246   246 D NuPlayerDriver: notifyListener_l(0xf2520c60), (7, 0, 0), loop setting(0, 0)
11-01 15:00:01.651   246 29392 W NuPlayer: source has video meta but not file meta
11-01 15:00:01.651   246 29392 D NuPlayerDriver: notifyListener_l(0xf2520c60), (4, 0, 0), loop setting(0, 0)
11-01 15:00:01.651   246 29392 W NuPlayer: source has video meta but not file meta
11-01 15:00:01.652   246 29392 W NuPlayer: source has video meta but not file meta
11-01 15:00:01.655   246 29407 I MediaPlayerService: MediaPlayerService::getOMX
11-01 15:00:01.655   246 29408 I MediaPlayerService: MediaPlayerService::getOMX
11-01 15:00:01.656   246 29408 I OMXClient: MuxOMX ctor
11-01 15:00:01.657   246 29407 I OMXClient: MuxOMX ctor
11-01 15:00:01.657   243   945 I OMXMaster: makeComponentInstance(OMX.google.aac.decoder) in mediacodec process
11-01 15:00:01.666   243 20988 I OMXMaster: makeComponentInstance(OMX.Nvidia.h264.decode) in mediacodec process
11-01 15:00:01.670   243   948 E OMXNodeInstance: setConfig(f30047:google.aac.decoder, ConfigPriority(0x6f800002)) ERROR: Undefined(0x80001001)
11-01 15:00:01.670   246 29407 I ACodec  : codec does not support config priority (err -2147483648)
11-01 15:00:01.671   246 29407 I MediaCodec: MediaCodec will operate in async mode
11-01 15:00:01.672   246 29405 I MediaCodec: [OMX.Nvidia.h264.decode] setting surface generation to 251915
11-01 15:00:01.679   243   243 E OMXNodeInstance: getConfig(f30048:Nvidia.h264.decode, ConfigCommonOutputCrop(0x700000f)) ERROR: BadParameter(0x80001005)
11-01 15:00:01.686   246 29405 I MediaCodec: MediaCodec will operate in async mode
11-01 15:00:01.693   246 29408 D SurfaceUtils: set up nativeWindow 0xee1b0808 for 512x288, color 0x106, rotation 0, usage 0x2b00
11-01 15:00:01.696   243 29412 D NvOsDebugPrintf: NvMMLiteOpen : Block : BlockType = 261 
11-01 15:00:01.697   243 29412 D NvOsDebugPrintf: TVMR: NvMMLiteTVMRDecBlockOpen: 5008: NvMMLiteBlockOpen 
11-01 15:00:01.702   243 29410 I SoftAAC2: Reconfiguring decoder: 0->44100 Hz, 0->1 channels
11-01 15:00:01.728   246 29403 D AudioTrack: Client defaulted notificationFrames to 7407 for frameCount 22221
11-01 15:00:01.730   243 29412 D NvOsDebugPrintf: NvMMLiteBlockCreate : Block : BlockType = 261 
11-01 15:00:01.739   243 29414 D NvOsDebugPrintf: TVMR: cbBeginSequence: 655: BeginSequence  512x288, bVPR = 0
11-01 15:00:01.739   243 29414 D NvOsDebugPrintf: TVMR: cbBeginSequence: 918: DecodeBuffers = 3 
11-01 15:00:01.741   243 29414 D NvOsDebugPrintf: TVMR: cbBeginSequence: 938: Display Resolution : (512x288) 
11-01 15:00:01.741   243 29414 D NvOsDebugPrintf: TVMR: cbBeginSequence: 939: Display Aspect Ratio : (512x288) 
11-01 15:00:01.741   243 29414 D NvOsDebugPrintf: TVMR: cbBeginSequence: 1041: SurfaceLayout = 3
11-01 15:00:01.741   243 29414 D NvOsDebugPrintf: TVMR: cbBeginSequence: 1071: NumOfSurfaces = 7, InteraceStream = 0, InterlaceEnabled = 0, bSecure = 0, MVC = 0 Semiplanar = 1, bReinit = 1 
11-01 15:00:01.741   243 29414 D NvOsDebugPrintf: Allocating new output: 512x288 (x 9), ThumbnailMode = 0
11-01 15:00:01.744   246 29408 D SurfaceUtils: set up nativeWindow 0xee1b0808 for 512x288, color 0x106, rotation 0, usage 0x2b00
11-01 15:00:01.744   243 27490 E OMXNodeInstance: setParameter(f30048:Nvidia.h264.decode, ParamPortDefinition(0x2000001)) ERROR: UnsupportedSetting(0x80001019)
11-01 15:00:01.744   246 29408 W ACodec  : [OMX.Nvidia.h264.decode] setting nBufferCountActual to 14 failed: -1010
11-01 15:00:01.745   243   945 E OMXNodeInstance: setParameter(f30048:Nvidia.h264.decode, ParamPortDefinition(0x2000001)) ERROR: UnsupportedSetting(0x80001019)
11-01 15:00:01.745   246 29408 W ACodec  : [OMX.Nvidia.h264.decode] setting nBufferCountActual to 13 failed: -1010
11-01 15:00:01.745   243   261 E OMXNodeInstance: setParameter(f30048:Nvidia.h264.decode, ParamPortDefinition(0x2000001)) ERROR: UnsupportedSetting(0x80001019)
11-01 15:00:01.745   246 29408 W ACodec  : [OMX.Nvidia.h264.decode] setting nBufferCountActual to 12 failed: -1010
11-01 15:00:01.762   246 29392 D NuPlayerDriver: notifyListener_l(0xf2520c60), (5, 512, 288), loop setting(0, 0)
11-01 15:00:02.622   246 29392 D NuPlayerDriver: notifyListener_l(0xf2520c60), (3, 5, 0), loop setting(0, 0)
11-01 15:00:03.414 21960 22375 W AdaptiveDiscoveryWorker: Exiting Adaptive Discovery. Current NetworkInfo is NULL.
11-01 15:00:03.616 21960 22375 W DatabaseProcessor: processLocalDevices: failed to get the network info with non-null bssid.
11-01 15:00:03.623   246 29392 D NuPlayerDriver: notifyListener_l(0xf2520c60), (3, 6, 0), loop setting(0, 0)
11-01 15:00:04.561   246 29394 I ATSParser: discontinuity on stream pid 0x0100
11-01 15:00:04.563   246 29394 I ATSParser: discontinuity on stream pid 0x0101
11-01 15:00:04.625   246 29392 D NuPlayerDriver: notifyListener_l(0xf2520c60), (3, 13, 0), loop setting(0, 0)
11-01 15:00:04.779   246 29394 I ATSParser: discontinuity on stream pid 0x0100
11-01 15:00:04.779   246 29394 I ATSParser: discontinuity on stream pid 0x0101
11-01 15:00:05.043   246 29394 I ATSParser: discontinuity on stream pid 0x0100
11-01 15:00:05.044   246 29394 I ATSParser: discontinuity on stream pid 0x0101
11-01 15:00:05.547   246 29394 I ATSParser: discontinuity on stream pid 0x0100
11-01 15:00:05.549   246 29394 I ATSParser: discontinuity on stream pid 0x0101
11-01 15:00:05.624   246 29393 I LiveSession: #### Starting Bandwidth Switch: 0 => 3
11-01 15:00:05.625   246 29392 D NuPlayerDriver: notifyListener_l(0xf2520c60), (3, 32, 0), loop setting(0, 0)
11-01 15:00:05.746   246 29394 I ESQueue : found something resembling an H.264/MPEG syncword at offset 1
11-01 15:00:05.753   246 29394 I avc_utils: found AVC codec config (1280 x 720, Baseline-profile level 3.1)
11-01 15:00:05.764   246 29394 I ESQueue : found AAC codec config (44100 Hz, 2 channels)
11-01 15:00:05.778   246 29393 I LiveSession: [timed_id3] i 0 UriIsSameAsIndex newUri false, https://vod.video-cdn.net/F-TUvd9pk8UYjAqC7mYdAm/4312z8mUGRLb5UPsLza27-.aaa,828,596,1656,2356,.mp4.csmil/chunklist_b2356000.m3u8?hdntl=exp=1667397600~acl=/*~data=hdntl~hmac=ec1e82d092c38e18b652a8364c25f3276aec980e8b47bee8eb41fc615324b031&set-cc-attribute=cc
11-01 15:00:05.778   246 29393 I LiveSession: [timed_id3] i 1 UriIsSameAsIndex newUri false, https://vod.video-cdn.net/F-TUvd9pk8UYjAqC7mYdAm/4312z8mUGRLb5UPsLza27-.aaa,828,596,1656,2356,.mp4.csmil/chunklist_b2356000.m3u8?hdntl=exp=1667397600~acl=/*~data=hdntl~hmac=ec1e82d092c38e18b652a8364c25f3276aec980e8b47bee8eb41fc615324b031&set-cc-attribute=cc
11-01 15:00:05.778   246 29393 I LiveSession: #### Finished Bandwidth Switch: 0 => 3
11-01 15:00:05.778   246 29392 D NuPlayerDriver: notifyListener_l(0xf2520c60), (3, 10, 0), loop setting(0, 0)
11-01 15:00:06.278   246 29394 I ATSParser: discontinuity on stream pid 0x0100
11-01 15:00:06.713   246 29394 I ATSParser: discontinuity on stream pid 0x0101
11-01 15:00:06.778   246 29392 D NuPlayerDriver: notifyListener_l(0xf2520c60), (3, 17, 0), loop setting(0, 0)
11-01 15:00:07.279   246 29394 I ATSParser: discontinuity on stream pid 0x0100
11-01 15:00:07.281   246 29394 I ATSParser: discontinuity on stream pid 0x0101
11-01 15:00:07.779   246 29392 D NuPlayerDriver: notifyListener_l(0xf2520c60), (3, 26, 0), loop setting(0, 0)
11-01 15:00:07.979   246 29394 I ATSParser: discontinuity on stream pid 0x0100
11-01 15:00:07.982   246 29394 I ATSParser: discontinuity on stream pid 0x0101
11-01 15:00:08.311   246 29394 I ATSParser: discontinuity on stream pid 0x0100
11-01 15:00:08.367   246 29394 I ATSParser: discontinuity on stream pid 0x0101
11-01 15:00:08.779   246 29392 D NuPlayerDriver: notifyListener_l(0xf2520c60), (3, 34, 0), loop setting(0, 0)
11-01 15:00:09.780   246 29392 D NuPlayerDriver: notifyListener_l(0xf2520c60), (3, 38, 0), loop setting(0, 0)
11-01 15:00:10.353 29425 29425 D AndroidRuntime: >>>>>> START com.android.internal.os.RuntimeInit uid 2000 <<<<<<
11-01 15:00:10.357 29425 29425 D AndroidRuntime: CheckJNI is OFF
11-01 15:00:10.422 29425 29425 D ICU     : No timezone override file found: /data/misc/zoneinfo/current/icu/icu_tzdata.dat
11-01 15:00:10.453 29425 29425 I Radio-JNI: register_android_hardware_Radio DONE
11-01 15:00:10.468 29425 29425 D AndroidRuntime: Calling main entry com.android.commands.monkey.Monkey
11-01 15:00:10.539   600   613 W BroadcastQueue: Skipping deliver [background] BroadcastRecord{3eb048 u-1 android.net.conn.CONNECTIVITY_CHANGE} to ReceiverList{4172ee1 29425 (unknown name)/2000/u-1 remote:c4eee3a}: process crashing
11-01 15:00:10.781   246 29392 D NuPlayerDriver: notifyListener_l(0xf2520c60), (3, 38, 0), loop setting(0, 0)
11-01 15:00:11.782   246 29392 D NuPlayerDriver: notifyListener_l(0xf2520c60), (3, 38, 0), loop setting(0, 0)
11-01 15:00:12.783   246 29392 D NuPlayerDriver: notifyListener_l(0xf2520c60), (3, 38, 0), loop setting(0, 0)
11-01 15:00:13.220 29425 29425 D MonkeyStub: translateCommand: wake
11-01 15:00:13.386 29425 29425 D MonkeyStub: translateCommand: tap 273 1877
11-01 15:00:13.783   246 29392 D NuPlayerDriver: notifyListener_l(0xf2520c60), (3, 38, 0), loop setting(0, 0)
11-01 15:00:14.783   246 29392 D NuPlayerDriver: notifyListener_l(0xf2520c60), (3, 38, 0), loop setting(0, 0)
11-01 15:00:15.784   246 29392 D NuPlayerDriver: notifyListener_l(0xf2520c60), (3, 38, 0), loop setting(0, 0)
11-01 15:00:16.664   246   759 D NuPlayerDriver: reset(0xf2520c60) at state 4
11-01 15:00:16.664   246   759 D NuPlayerDriver: notifyListener_l(0xf2520c60), (8, 0, 0), loop setting(0, 0)
11-01 15:00:16.681   246 29392 W AMessage: failed to post message as target looper for handler 0 is gone.
11-01 15:00:16.684   243 29415 D NvOsDebugPrintf: TVMR: TVMRFrameDelivery: 3741: Closing TVMR Frame Delivery Thread -------------
11-01 15:00:16.689   243 29412 D NvOsDebugPrintf: TVMR: NvMMDecTVMRDestroyParser: 4224: NvAvpClose
11-01 15:00:16.689   243 29412 D NvOsDebugPrintf: TVMR: NvMMLiteTVMRDecBlockClose: 5163: Done 
11-01 15:00:16.696   246 29392 W AMessage: failed to post message as target looper for handler 0 is gone.
11-01 15:00:16.698   246 29394 W AMessage: failed to deliver message as target handler 164 is gone.
11-01 15:00:16.707   246 29392 D NuPlayerDriver: notifyResetComplete(0xf2520c60)
11-01 15:00:18.480 29425 29425 D MonkeyStub: translateCommand: tap 1195 298
11-01 15:00:18.786 29332 29346 I chromium: [INFO:pipeline_controller.cc(355)] MCHR-300: Pipeline stopped.
11-01 15:00:18.809 21960 22375 I DiscoveryManager: Filter criteria(null) scannerFlags(0)
11-01 15:00:18.810 21960 22375 W GuestModeDeviceProber: setFilterCriteria
11-01 15:00:28.538 29425 29425 D MonkeyStub: translateCommand: touch down 614 1561
