--------- beginning of main
10-31 15:37:45.408 24259 24259 D AndroidRuntime: >>>>>> START com.android.internal.os.RuntimeInit uid 2000 <<<<<<
10-31 15:37:45.412 24259 24259 D AndroidRuntime: CheckJNI is OFF
10-31 15:37:45.478 24259 24259 D ICU     : No timezone override file found: /data/misc/zoneinfo/current/icu/icu_tzdata.dat
10-31 15:37:45.507 24259 24259 I Radio-JNI: register_android_hardware_Radio DONE
10-31 15:37:45.523 24259 24259 D AndroidRuntime: Calling main entry com.android.commands.am.Am
--------- beginning of system
10-31 15:37:45.540   600   610 I ActivityManager: Force stopping com.opera.browser appid=10122 user=0: from pid 24259
10-31 15:37:45.568  1061  1061 W ResourceType: ResTable_typeSpec entry count inconsistent: given 67, previously 69
10-31 15:37:45.568  1061  1061 W ResourceType: ResTable_typeSpec entry count inconsistent: given 5346, previously 5347
10-31 15:37:45.660  1061  1061 D RegisteredNfcFServicesCache: Service unchanged, not updating
10-31 15:37:45.800   600  1076 I ActivityManager: START u0 {act=android.intent.action.VIEW flg=0x10008000 cmp=com.opera.browser/com.opera.Opera} from uid 2000 on display 0
10-31 15:37:45.820 24259 24259 D AndroidRuntime: Shutting down VM
10-31 15:37:45.845   600 17381 I ActivityManager: Start proc 24269:com.opera.browser/u0a122 for activity com.opera.browser/com.opera.Opera
10-31 15:37:45.946 24269 24269 I art     : Starting a blocking GC AddRemoveAppImageSpace
10-31 15:37:46.011 24269 24269 I LoadedApk: No resource references to update in package com.opera.browser.nord_vpn
10-31 15:37:46.204 24269 24304 D NetworkSecurityConfig: Using Network Security Config from resource network_security_config_official_build debugBuild: false
10-31 15:37:46.214 24269 24269 I art     : Rejecting re-init on previously-failed class java.lang.Class<com.opera.android.job.a$j>: java.lang.NoClassDefFoundError: Failed resolution of: Landroid/app/job/JobServiceEngine;
10-31 15:37:46.214 24269 24269 I art     :   at void com.opera.android.OperaApplication.onCreate() (SourceFile:52)
10-31 15:37:46.214 24269 24269 I art     :   at void android.app.Instrumentation.callApplicationOnCreate(android.app.Application) (Instrumentation.java:1024)
10-31 15:37:46.214 24269 24269 I art     :   at void android.app.ActivityThread.handleBindApplication(android.app.ActivityThread$AppBindData) (ActivityThread.java:5403)
10-31 15:37:46.214 24269 24269 I art     :   at void android.app.ActivityThread.-wrap2(android.app.ActivityThread, android.app.ActivityThread$AppBindData) (ActivityThread.java:-1)
10-31 15:37:46.214 24269 24269 I art     :   at void android.app.ActivityThread$H.handleMessage(android.os.Message) (ActivityThread.java:1545)
10-31 15:37:46.214 24269 24269 I art     :   at void android.os.Handler.dispatchMessage(android.os.Message) (Handler.java:102)
10-31 15:37:46.214 24269 24269 I art     :   at void android.os.Looper.loop() (Looper.java:154)
10-31 15:37:46.214 24269 24269 I art     :   at void android.app.ActivityThread.main(java.lang.String[]) (ActivityThread.java:6119)
10-31 15:37:46.214 24269 24269 I art     :   at java.lang.Object java.lang.reflect.Method.invoke!(java.lang.Object, java.lang.Object[]) (Method.java:-2)
10-31 15:37:46.214 24269 24269 I art     :   at void com.android.internal.os.ZygoteInit$MethodAndArgsCaller.run() (ZygoteInit.java:886)
10-31 15:37:46.214 24269 24269 I art     :   at void com.android.internal.os.ZygoteInit.main(java.lang.String[]) (ZygoteInit.java:776)
10-31 15:37:46.214 24269 24269 I art     : Caused by: java.lang.ClassNotFoundException: Didn't find class "android.app.job.JobServiceEngine" on path: DexPathList[[zip file "/data/app/com.opera.browser-1/base.apk"],nativeLibraryDirectories=[/data/app/com.opera.browser-1/lib/arm, /data/app/com.opera.browser-1/base.apk!/lib/armeabi-v7a, /system/lib, /vendor/lib]]
10-31 15:37:46.214 24269 24269 I art     :   at java.lang.Class dalvik.system.BaseDexClassLoader.findClass(java.lang.String) (BaseDexClassLoader.java:56)
10-31 15:37:46.214 24269 24269 I art     :   at java.lang.Class java.lang.ClassLoader.loadClass(java.lang.String, boolean) (ClassLoader.java:380)
10-31 15:37:46.214 24269 24269 I art     :   at java.lang.Class java.lang.ClassLoader.loadClass(java.lang.String) (ClassLoader.java:312)
10-31 15:37:46.214 24269 24269 I art     :   at void com.opera.android.OperaApplication.onCreate() (SourceFile:52)
10-31 15:37:46.215 24269 24269 I art     :   at void android.app.Instrumentation.callApplicationOnCreate(android.app.Application) (Instrumentation.java:1024)
10-31 15:37:46.215 24269 24269 I art     :   at void android.app.ActivityThread.handleBindApplication(android.app.ActivityThread$AppBindData) (ActivityThread.java:5403)
10-31 15:37:46.215 24269 24269 I art     :   at void android.app.ActivityThread.-wrap2(android.app.ActivityThread, android.app.ActivityThread$AppBindData) (ActivityThread.java:-1)
10-31 15:37:46.215 24269 24269 I art     :   at void android.app.ActivityThread$H.handleMessage(android.os.Message) (ActivityThread.java:1545)
10-31 15:37:46.215 24269 24269 I art     :   at void android.os.Handler.dispatchMessage(android.os.Message) (Handler.java:102)
10-31 15:37:46.215 24269 24269 I art     :   at void android.os.Looper.loop() (Looper.java:154)
10-31 15:37:46.215 24269 24269 I art     :   at void android.app.ActivityThread.main(java.lang.String[]) (ActivityThread.java:6119)
10-31 15:37:46.215 24269 24269 I art     :   at java.lang.Object java.lang.reflect.Method.invoke!(java.lang.Object, java.lang.Object[]) (Method.java:-2)
10-31 15:37:46.215 24269 24269 I art     :   at void com.android.internal.os.ZygoteInit$MethodAndArgsCaller.run() (ZygoteInit.java:886)
10-31 15:37:46.215 24269 24269 I art     :   at void com.android.internal.os.ZygoteInit.main(java.lang.String[]) (ZygoteInit.java:776)
10-31 15:37:46.215 24269 24269 I art     : 
10-31 15:37:46.259   787   804 I art     : Background partial concurrent mark sweep GC freed 48817(3MB) AllocSpace objects, 2(40KB) LOS objects, 40% free, 11MB/19MB, paused 575us total 115.992ms
10-31 15:37:46.265   787   802 W SQLiteConnectionPool: A SQLiteConnection object for database '/data/user/0/com.google.android.gms/databases/metadata.db' was leaked!  Please fix your application to end transactions in progress properly and to close the database when it is no longer needed.
10-31 15:37:46.265 24269 24279 I art     : Background sticky concurrent mark sweep GC freed 7350(445KB) AllocSpace objects, 5(100KB) LOS objects, 24% free, 3MB/4MB, paused 13.243ms total 78.455ms
10-31 15:37:46.520   787  1169 W GmsStrictMode: LEAKED_CLOSABLE [CONTEXT service_id=256 ]
10-31 15:37:46.520   787  1169 W GmsStrictMode: rvo: LEAKED_CLOSABLE
10-31 15:37:46.520   787  1169 W GmsStrictMode: 	at dalvik.system.VMStack.getThreadStackTrace(Native Method)
10-31 15:37:46.520   787  1169 W GmsStrictMode: 	at java.lang.Thread.getStackTrace(Thread.java:1566)
10-31 15:37:46.520   787  1169 W GmsStrictMode: 	at bhdb.containsKey(:com.google.android.gms@203915020@20.39.15 (040406-335085812):1)
10-31 15:37:46.520   787  1169 W GmsStrictMode: 	at android.os.StrictMode.onVmPolicyViolation(StrictMode.java:1867)
10-31 15:37:46.520   787  1169 W GmsStrictMode: 	at android.os.StrictMode.onVmPolicyViolation(StrictMode.java:1844)
10-31 15:37:46.520   787  1169 W GmsStrictMode: 	at android.os.StrictMode$AndroidCloseGuardReporter.report(StrictMode.java:1590)
10-31 15:37:46.520   787  1169 W GmsStrictMode: 	at dalvik.system.CloseGuard.warnIfOpen(CloseGuard.java:208)
10-31 15:37:46.520   787  1169 W GmsStrictMode: 	at android.database.sqlite.SQLiteConnection.dispose(SQLiteConnection.java:231)
10-31 15:37:46.520   787  1169 W GmsStrictMode: 	at android.database.sqlite.SQLiteConnection.finalize(SQLiteConnection.java:180)
10-31 15:37:46.520   787  1169 W GmsStrictMode: 	at java.lang.Daemons$FinalizerDaemon.doFinalize(Daemons.java:222)
10-31 15:37:46.520   787  1169 W GmsStrictMode: 	at java.lang.Daemons$FinalizerDaemon.run(Daemons.java:209)
10-31 15:37:46.520   787  1169 W GmsStrictMode: 	at java.lang.Thread.run(Thread.java:761)
10-31 15:37:46.536 24269 24279 I art     : Background partial concurrent mark sweep GC freed 26375(1636KB) AllocSpace objects, 8(240KB) LOS objects, 39% free, 5MB/8MB, paused 7.520ms total 178.715ms
10-31 15:37:46.541   600 27731 I ActivityManager: START u0 {act=android.intent.action.VIEW flg=0x10008000 cmp=com.opera.browser/com.opera.android.startup.WelcomeActivity} from uid 10122 on display 0
10-31 15:37:46.567   600  3509 W ActivityManager: Duplicate finish request for ActivityRecord{d0ecd08 u0 com.opera.browser/com.opera.Opera t2375 f}
10-31 15:37:46.901   600   609 I art     : Background partial concurrent mark sweep GC freed 48692(2MB) AllocSpace objects, 6(120KB) LOS objects, 33% free, 16MB/25MB, paused 1.075ms total 385.157ms
10-31 15:37:46.940 24269 24383 I OpenGLRenderer: Initialized EGL, version 1.4
10-31 15:37:46.940 24269 24383 D OpenGLRenderer: Swap behavior 2
10-31 15:37:47.008 24269 24279 I art     : Background sticky concurrent mark sweep GC freed 33854(3MB) AllocSpace objects, 17(336KB) LOS objects, 38% free, 5MB/8MB, paused 5.271ms total 182.548ms
10-31 15:37:47.081 24269 24308 I FA      : App measurement initialized, version: 43042
10-31 15:37:47.081 24269 24308 I FA      : To enable debug logging run: adb shell setprop log.tag.FA VERBOSE
10-31 15:37:47.081 24269 24308 I FA      : To enable faster debug mode event logging run:
10-31 15:37:47.081 24269 24308 I FA      :   adb shell setprop debug.firebase.analytics.app com.opera.browser
10-31 15:37:47.164   600   620 I ActivityManager: Displayed com.opera.browser/com.opera.android.startup.WelcomeActivity: +586ms (total +1s343ms)
10-31 15:37:47.303   600   610 I ActivityManager: Start proc 24408:com.opera.browser:privileged_process0/u0a122 for service com.opera.browser/com.opera.android.browser.chromium.services.PrivilegedProcessService0
10-31 15:37:47.312 24269 24402 W chromium: [WARNING:op_site_scripts.cc(424)] Failed to map /data/user/0/com.opera.browser/app_opera/sjs
10-31 15:37:47.345   600   620 W WindowManager: Failed looking up window
10-31 15:37:47.345   600   620 W WindowManager: java.lang.IllegalArgumentException: Requested window android.view.ViewRootImpl$W@8ee8ed9 does not exist
10-31 15:37:47.345   600   620 W WindowManager: 	at com.android.server.wm.WindowManagerService.windowForClientLocked(WindowManagerService.java:9422)
10-31 15:37:47.345   600   620 W WindowManager: 	at com.android.server.wm.WindowManagerService.windowForClientLocked(WindowManagerService.java:9413)
10-31 15:37:47.345   600   620 W WindowManager: 	at com.android.server.wm.WindowManagerService.removeWindow(WindowManagerService.java:2393)
10-31 15:37:47.345   600   620 W WindowManager: 	at com.android.server.wm.Session.remove(Session.java:202)
10-31 15:37:47.345   600   620 W WindowManager: 	at android.view.ViewRootImpl.dispatchDetachedFromWindow(ViewRootImpl.java:3290)
10-31 15:37:47.345   600   620 W WindowManager: 	at android.view.ViewRootImpl.doDie(ViewRootImpl.java:5917)
10-31 15:37:47.345   600   620 W WindowManager: 	at android.view.ViewRootImpl$ViewRootHandler.handleMessage(ViewRootImpl.java:3626)
10-31 15:37:47.345   600   620 W WindowManager: 	at android.os.Handler.dispatchMessage(Handler.java:102)
10-31 15:37:47.345   600   620 W WindowManager: 	at android.os.Looper.loop(Looper.java:154)
10-31 15:37:47.345   600   620 W WindowManager: 	at android.os.HandlerThread.run(HandlerThread.java:61)
10-31 15:37:47.345   600   620 W WindowManager: 	at com.android.server.ServiceThread.run(ServiceThread.java:46)
10-31 15:37:47.409 24408 24408 I art     : Starting a blocking GC AddRemoveAppImageSpace
10-31 15:37:47.434 24408 24408 I LoadedApk: No resource references to update in package com.opera.browser.nord_vpn
10-31 15:37:47.550 24408 24434 E libEGL  : validate_display:99 error 3008 (EGL_BAD_DISPLAY)
10-31 15:37:47.705 18311 18311 I MemoryTrimmer: Trimming objects from memory, since app is in the background.
10-31 15:37:47.723 24408 24434 E libEGL  : validate_display:99 error 3008 (EGL_BAD_DISPLAY)
10-31 15:37:47.732 18311 18323 W SearchService: Abort, client detached.
10-31 15:37:47.754 18311 24174 I DeviceStateChecker: DeviceStateChecker cancelled
10-31 15:37:47.755 18311 18311 I MicroDetector: Keeping mic open: false
10-31 15:37:47.755 18311 18337 I AudioController: internalShutdown
10-31 15:37:47.755 18311 18337 I MicrophoneInputStream: mic_close com.google.android.apps.gsa.speech.audio.ae@44ecfa
10-31 15:37:47.755 18311 18405 I MicroRecognitionRunner: Stopping hotword detection.
10-31 15:37:47.764   238   285 I SoundTriggerHwService::Module: void android::SoundTriggerHwService::Module::onCallbackEvent(const sp<android::SoundTriggerHwService::CallbackEvent> &) mClient == 0
10-31 15:37:47.775 18311 24175 I MicroRecognitionRunner: Detection finished
10-31 15:37:47.776 18269 18269 I MemoryTrimmer: Trimming objects from memory, since app is in the background.
10-31 15:37:47.955 24269 24308 I FA      : Tag Manager is not found and thus will not be used
10-31 15:37:48.161   787 20336 W NetworkScheduler: Error inserting service_kind=0 source=16 tag=Measurement.PackageMeasurementTaskService.UPLOAD_TASK_TAG target_package=com.google.android.gms requires_charging=0 source_version=203915000 required_network_type=0 flex_time=2322000 persistence_level=1 target_class=com.google.android.gms.measurement.PackageMeasurementTaskService runtime=1667227068151 retry_strategy={"maximum_backoff_seconds":{"3600":0},"initial_backoff_seconds":{"30":0},"retry_policy":{"0":0}} preferred_network_type=1 required_idleness_state=0 preferred_charging_state=1 period=4645000 last_runtime=0 task_type=0 job_id=-1 user_id=0, error message: UNIQUE constraint failed: pending_ops.tag, pending_ops.target_class, pending_ops.target_package, pending_ops.user_id (code 2067) [CONTEXT service_id=218 ]
10-31 15:37:48.192   787 20336 W NetworkScheduler: Error inserting service_kind=0 source=16 tag=Measurement.PackageMeasurementTaskService.UPLOAD_TASK_TAG target_package=com.google.android.gms requires_charging=0 source_version=203915000 required_network_type=0 flex_time=2322000 persistence_level=1 target_class=com.google.android.gms.measurement.PackageMeasurementTaskService runtime=1667227068189 retry_strategy={"maximum_backoff_seconds":{"3600":0},"initial_backoff_seconds":{"30":0},"retry_policy":{"0":0}} preferred_network_type=1 required_idleness_state=0 preferred_charging_state=1 period=4645000 last_runtime=0 task_type=0 job_id=-1 user_id=0, error message: UNIQUE constraint failed: pending_ops.tag, pending_ops.target_class, pending_ops.target_package, pending_ops.user_id (code 2067) [CONTEXT service_id=218 ]
10-31 15:37:48.209   787 17921 W NetworkScheduler: Error inserting service_kind=0 source=16 tag=Measurement.PackageMeasurementTaskService.UPLOAD_TASK_TAG target_package=com.google.android.gms requires_charging=0 source_version=203915000 required_network_type=0 flex_time=2322000 persistence_level=1 target_class=com.google.android.gms.measurement.PackageMeasurementTaskService runtime=1667227068208 retry_strategy={"maximum_backoff_seconds":{"3600":0},"initial_backoff_seconds":{"30":0},"retry_policy":{"0":0}} preferred_network_type=1 required_idleness_state=0 preferred_charging_state=1 period=4645000 last_runtime=0 task_type=0 job_id=-1 user_id=0, error message: UNIQUE constraint failed: pending_ops.tag, pending_ops.target_class, pending_ops.target_package, pending_ops.user_id (code 2067) [CONTEXT service_id=218 ]
10-31 15:37:51.456 24269 24269 I PlayCore: UID: [10122]  PID: [24269] AppUpdateListenerRegistry : registerListener
10-31 15:37:51.456 24269 24269 I PlayCore: UID: [10122]  PID: [24269] AppUpdateService : requestUpdateInfo(com.opera.browser)
10-31 15:37:51.458 24269 24485 I PlayCore: UID: [10122]  PID: [24269] AppUpdateService : Initiate binding to the service.
10-31 15:37:51.460   600 25704 W ActivityManager: Unable to start service Intent { act=com.google.android.play.core.install.BIND_UPDATE_SERVICE pkg=com.android.vending } U=0: not found
10-31 15:37:51.461 24269 24485 I PlayCore: UID: [10122]  PID: [24269] AppUpdateService : Failed to bind to the service.
10-31 15:37:51.577 24269 24487 D ApplicationLoaders: ignored Vulkan layer search path /data/app/com.google.android.gms-1/lib/arm:/data/app/com.google.android.gms-1/base.apk!/lib/armeabi-v7a:/data/app/com.google.android.gms-1/split_config.en.apk!/lib/armeabi-v7a for namespace 0xf4a41090
10-31 15:37:51.579 24269 24487 W ResourceType: ResTable_typeSpec entry count inconsistent: given 67, previously 69
10-31 15:37:51.579 24269 24487 W ResourceType: ResTable_typeSpec entry count inconsistent: given 5346, previously 5347
10-31 15:37:51.848   600   612 D SyncManager: failed sync operation JobId: 100983, com.opera.browser u0 (com.opera.browser.ping), com.opera.browser.ping.provider, SERVER, reason: 10122, SyncResult: delayUntil: 1667234271 stats [ numIoExceptions: 1]
10-31 15:37:57.777   600   647 I WifiHAL : Got channel list with 13 channels
10-31 15:37:57.779   600   647 I WifiHAL : Got channel list with 4 channels
10-31 15:37:57.780   600   647 I WifiHAL : Got channel list with 15 channels
10-31 15:37:57.823 18311 18311 I MemoryTrimmer: Trimming objects from memory, since app is in the background.
10-31 15:37:58.250 24516 24516 D AndroidRuntime: >>>>>> START com.android.internal.os.RuntimeInit uid 2000 <<<<<<
10-31 15:37:58.254 24516 24516 D AndroidRuntime: CheckJNI is OFF
10-31 15:37:58.342 24516 24516 D ICU     : No timezone override file found: /data/misc/zoneinfo/current/icu/icu_tzdata.dat
10-31 15:37:58.381 24516 24516 I Radio-JNI: register_android_hardware_Radio DONE
10-31 15:37:58.398 24516 24516 D AndroidRuntime: Calling main entry com.android.commands.monkey.Monkey
10-31 15:37:58.534   600   613 W BroadcastQueue: Skipping deliver [background] BroadcastRecord{29bb7e u-1 android.net.conn.CONNECTIVITY_CHANGE} to ReceiverList{a5968df 24516 (unknown name)/2000/u-1 remote:ad9dd00}: process crashing
10-31 15:38:00.117 24516 24516 D MonkeyStub: translateCommand: wake
10-31 15:38:00.216 24516 24516 D MonkeyStub: translateCommand: tap 960 1881
10-31 15:38:00.255   600  3994 I ActivityManager: START u0 {act=android.intent.action.VIEW flg=0x1000000 cmp=com.opera.browser/com.opera.android.IntentDispatcherActivity} from uid 10122 on display 0
10-31 15:38:00.370 18269 18304 I OpenGLRenderer: Initialized EGL, version 1.4
10-31 15:38:00.371 18269 18304 D OpenGLRenderer: Swap behavior 2
10-31 15:38:00.376   600  3967 I ActivityManager: START u0 {act=android.intent.action.VIEW flg=0x15002000 cmp=com.opera.browser/com.opera.android.BrowserActivity} from uid 10122 on display 0
10-31 15:38:00.460   600   609 I art     : Background partial concurrent mark sweep GC freed 56241(3MB) AllocSpace objects, 47(1388KB) LOS objects, 33% free, 16MB/25MB, paused 1.254ms total 137.595ms
10-31 15:38:00.710 24269 24279 I art     : Background partial concurrent mark sweep GC freed 30365(1933KB) AllocSpace objects, 18(612KB) LOS objects, 40% free, 7MB/12MB, paused 1.662ms total 105.945ms
10-31 15:38:00.724 24269 24565 W ResourceType: ResTable_typeSpec entry count inconsistent: given 67, previously 69
10-31 15:38:00.724 24269 24565 W ResourceType: ResTable_typeSpec entry count inconsistent: given 5346, previously 5347
10-31 15:38:00.888 24269 24535 E [Leanplum][ERROR]: No variable values were received from the server. Please contact us to investigate.
10-31 15:38:00.980   600  3509 I CwMcuSensor: CwMcuSensor::flush: fd = 263, sensors_id = 0, path = /sys/class/htc_sensorhub/sensor_hub/flush, err = 0
10-31 15:38:01.023   600   620 I ActivityManager: Displayed com.opera.browser/com.opera.android.BrowserActivity: +604ms (total +735ms)
10-31 15:38:01.074 18269 18304 W OpenGLRenderer: Incorrectly called buildLayer on View: ShortcutAndWidgetContainer, destroying layer...
10-31 15:38:01.299 24269 24581 W ResourceType: ResTable_typeSpec entry count inconsistent: given 67, previously 69
10-31 15:38:01.301 24269 24581 W ResourceType: ResTable_typeSpec entry count inconsistent: given 5346, previously 5347
10-31 15:38:01.360   787 20336 W NetworkScheduler: Error inserting service_kind=0 source=16 tag=Measurement.PackageMeasurementTaskService.UPLOAD_TASK_TAG target_package=com.google.android.gms requires_charging=0 source_version=203915000 required_network_type=0 flex_time=2309000 persistence_level=1 target_class=com.google.android.gms.measurement.PackageMeasurementTaskService runtime=1667227081350 retry_strategy={"maximum_backoff_seconds":{"3600":0},"initial_backoff_seconds":{"30":0},"retry_policy":{"0":0}} preferred_network_type=1 required_idleness_state=0 preferred_charging_state=1 period=4619000 last_runtime=0 task_type=0 job_id=-1 user_id=0, error message: UNIQUE constraint failed: pending_ops.tag, pending_ops.target_class, pending_ops.target_package, pending_ops.user_id (code 2067) [CONTEXT service_id=218 ]
10-31 15:38:01.420   787 23640 W NetworkScheduler: Error inserting service_kind=0 source=16 tag=Measurement.PackageMeasurementTaskService.UPLOAD_TASK_TAG target_package=com.google.android.gms requires_charging=0 source_version=203915000 required_network_type=0 flex_time=2309000 persistence_level=1 target_class=com.google.android.gms.measurement.PackageMeasurementTaskService runtime=1667227081411 retry_strategy={"maximum_backoff_seconds":{"3600":0},"initial_backoff_seconds":{"30":0},"retry_policy":{"0":0}} preferred_network_type=1 required_idleness_state=0 preferred_charging_state=1 period=4619000 last_runtime=0 task_type=0 job_id=-1 user_id=0, error message: UNIQUE constraint failed: pending_ops.tag, pending_ops.target_class, pending_ops.target_package, pending_ops.user_id (code 2067) [CONTEXT service_id=218 ]
10-31 15:38:01.631 24269 24274 I art     : Do partial code cache collection, code=18KB, data=30KB
10-31 15:38:01.643 24269 24269 E Sensors : sendAck failure -1 1
10-31 15:38:01.643 24269 24269 E Sensors : sendAck failure -1 1
10-31 15:38:01.643 24269 24269 E Sensors : sendAck failure -1 2
10-31 15:38:01.643 24269 24269 E Sensors : sendAck failure -1 3
10-31 15:38:01.643 24269 24269 E Sensors : sendAck failure -1 4
10-31 15:38:01.643 24269 24269 E Sensors : sendAck failure -1 5
10-31 15:38:01.643 24269 24269 E Sensors : sendAck failure -1 6
10-31 15:38:01.643 24269 24269 E Sensors : sendAck failure -1 7
10-31 15:38:01.643 24269 24269 E Sensors : sendAck failure -1 8
10-31 15:38:01.643 24269 24269 E Sensors : sendAck failure -1 9
10-31 15:38:01.643 24269 24269 E Sensors : sendAck failure -1 10
10-31 15:38:01.643 24269 24269 E Sensors : sendAck failure -1 11
10-31 15:38:01.643 24269 24269 E Sensors : sendAck failure -1 12
10-31 15:38:01.643 24269 24269 E Sensors : sendAck failure -1 13
10-31 15:38:01.643 24269 24269 E Sensors : sendAck failure -1 14
10-31 15:38:01.643 24269 24269 E Sensors : sendAck failure -1 15
10-31 15:38:01.643 24269 24269 E Sensors : sendAck failure -1 16
10-31 15:38:01.643 24269 24269 E Sensors : sendAck failure -1 17
10-31 15:38:01.643 24269 24269 E Sensors : sendAck failure -1 18
10-31 15:38:01.643 24269 24269 E Sensors : sendAck failure -1 19
10-31 15:38:01.643 24269 24269 E Sensors : sendAck failure -1 20
10-31 15:38:01.643 24269 24269 E Sensors : sendAck failure -1 21
10-31 15:38:01.643 24269 24269 E Sensors : sendAck failure -1 22
10-31 15:38:01.643 24269 24269 E Sensors : sendAck failure -1 23
10-31 15:38:01.643 24269 24269 E Sensors : sendAck failure -1 24
10-31 15:38:01.643 24269 24269 E Sensors : sendAck failure -1 25
10-31 15:38:01.643 24269 24269 E Sensors : sendAck failure -1 26
10-31 15:38:01.643 24269 24269 E Sensors : sendAck failure -1 27
10-31 15:38:01.643 24269 24269 E Sensors : sendAck failure -1 28
10-31 15:38:01.643 24269 24269 E Sensors : sendAck failure -1 29
10-31 15:38:01.643 24269 24269 E Sensors : sendAck failure -1 1
10-31 15:38:01.643 24269 24269 E Sensors : sendAck failure -1 2
10-31 15:38:01.644 24269 24269 E Sensors : sendAck failure -1 3
10-31 15:38:01.644 24269 24269 E Sensors : sendAck failure -1 4
10-31 15:38:01.644 24269 24269 E Sensors : sendAck failure -1 5
10-31 15:38:01.644 24269 24269 E Sensors : sendAck failure -1 6
10-31 15:38:01.644 24269 24269 E Sensors : sendAck failure -1 7
10-31 15:38:01.644 24269 24269 E Sensors : sendAck failure -1 8
10-31 15:38:01.644 24269 24269 E Sensors : sendAck failure -1 9
10-31 15:38:01.644 24269 24269 E Sensors : sendAck failure -1 10
10-31 15:38:01.644 24269 24269 E Sensors : sendAck failure -1 11
10-31 15:38:01.644 24269 24269 E Sensors : sendAck failure -1 12
10-31 15:38:01.644 24269 24269 E Sensors : sendAck failure -1 13
10-31 15:38:01.644 24269 24269 E Sensors : sendAck failure -1 14
10-31 15:38:01.644 24269 24269 E Sensors : sendAck failure -1 15
10-31 15:38:01.644 24269 24269 E Sensors : sendAck failure -1 16
10-31 15:38:01.644 24269 24269 E Sensors : sendAck failure -1 17
10-31 15:38:01.644 24269 24269 E Sensors : sendAck failure -1 18
10-31 15:38:01.644 24269 24269 E Sensors : sendAck failure -1 19
10-31 15:38:01.644 24269 24269 E Sensors : sendAck failure -1 20
10-31 15:38:01.644 24269 24269 E Sensors : sendAck failure -1 21
10-31 15:38:01.644 24269 24269 E Sensors : sendAck failure -1 22
10-31 15:38:01.644 24269 24269 E Sensors : sendAck failure -1 23
10-31 15:38:01.644 24269 24269 E Sensors : sendAck failure -1 24
10-31 15:38:01.645 24269 24269 E Sensors : sendAck failure -1 25
10-31 15:38:01.645 24269 24269 E Sensors : sendAck failure -1 26
10-31 15:38:01.645 24269 24269 E Sensors : sendAck failure -1 27
10-31 15:38:01.645 24269 24269 E Sensors : sendAck failure -1 28
10-31 15:38:01.645 24269 24269 E Sensors : sendAck failure -1 29
10-31 15:38:01.645 24269 24269 E Sensors : sendAck failure -1 30
10-31 15:38:01.645 24269 24269 E Sensors : sendAck failure -1 31
10-31 15:38:01.645 24269 24269 E Sensors : sendAck failure -1 32
10-31 15:38:01.645 24269 24269 E Sensors : sendAck failure -1 33
10-31 15:38:01.645 24269 24269 E Sensors : sendAck failure -1 34
10-31 15:38:01.645 24269 24269 E Sensors : sendAck failure -1 35
10-31 15:38:01.645 24269 24269 E Sensors : sendAck failure -1 1
10-31 15:38:01.647 24269 24274 I art     : After code cache collection, code=18KB, data=30KB
10-31 15:38:01.647 24269 24274 I art     : Increasing code cache capacity to 128KB
10-31 15:38:01.666 24269 24269 I Choreographer: Skipped 36 frames!  The application may be doing too much work on its main thread.
10-31 15:38:01.776 24269 24279 I art     : Background sticky concurrent mark sweep GC freed 32681(2MB) AllocSpace objects, 33(656KB) LOS objects, 23% free, 9MB/12MB, paused 9.144ms total 100.828ms
10-31 15:38:01.891 24269 24269 W View    : requestLayout() improperly called by com.opera.android.custom_views.FadingRecyclerView{4e72516 VFED.V... ......ID 0,813-1536,813 #7f0a0825 app:id/suggested_dials_grid} during layout: running second layout pass
10-31 15:38:02.063 24269 24279 I art     : Background sticky concurrent mark sweep GC freed 29679(1751KB) AllocSpace objects, 6(120KB) LOS objects, 2% free, 12MB/12MB, paused 3.126ms total 163.944ms
10-31 15:38:02.321 24269 24279 I art     : Background partial concurrent mark sweep GC freed 60918(2MB) AllocSpace objects, 30(1428KB) LOS objects, 40% free, 12MB/20MB, paused 5.430ms total 240.049ms
10-31 15:38:02.461 24635 24635 I dex2oat : /system/bin/dex2oat --dex-file=/data/user/0/com.opera.browser/code_cache/.  ​    --oat-fd=199 --oat-location=/data/user/0/com.opera.browser/code_cache/.   ​ --compiler-filter=speed
10-31 15:38:03.049 24635 24635 I dex2oat : dex2oat took 588.641ms (threads: 2) arena alloc=432KB (442800B) java alloc=32KB (33064B) native alloc=354KB (362688B) free=1181KB (1210176B)
10-31 15:38:03.182 24648 24648 I dex2oat : /system/bin/dex2oat --dex-file=/data/user/0/com.opera.browser/code_cache/.​     --oat-fd=160 --oat-location=/data/user/0/com.opera.browser/code_cache/.    --compiler-filter=speed
10-31 15:38:03.516 24269 24274 I art     : Do partial code cache collection, code=36KB, data=62KB
10-31 15:38:03.557 24269 24274 I art     : After code cache collection, code=35KB, data=62KB
10-31 15:38:03.557 24269 24274 I art     : Increasing code cache capacity to 256KB
10-31 15:38:03.611 24269 24279 I art     : Background sticky concurrent mark sweep GC freed 65721(5MB) AllocSpace objects, 37(1648KB) LOS objects, 20% free, 16MB/20MB, paused 7.896ms total 309.286ms
10-31 15:38:03.658 24648 24648 I dex2oat : dex2oat took 476.683ms (threads: 2) arena alloc=611KB (626472B) java alloc=109KB (112048B) native alloc=523KB (536456B) free=1524KB (1560696B)
10-31 15:38:04.286 24516 24516 D MonkeyStub: translateCommand: tap 57 93
10-31 15:38:06.330 24516 24516 D MonkeyStub: translateCommand: tap 57 93
10-31 15:38:08.459 24516 24516 D MonkeyStub: translateCommand: tap 446 593
10-31 15:38:10.713 24516 24516 D MonkeyStub: translateCommand: tap 667 302
10-31 15:38:10.954 24269 24274 I art     : Do full code cache collection, code=83KB, data=125KB
10-31 15:38:10.955 24269 24274 I art     : Starting a blocking GC JitCodeCache
10-31 15:38:10.955 24269 24274 I art     : After code cache collection, code=65KB, data=70KB
10-31 15:38:11.087 24269 24279 I art     : Background sticky concurrent mark sweep GC freed 88467(3MB) AllocSpace objects, 13(3MB) LOS objects, 32% free, 16MB/24MB, paused 5.028ms total 64.701ms
10-31 15:38:11.336 24269 24274 I art     : Do partial code cache collection, code=69KB, data=79KB
10-31 15:38:11.337 24269 24274 I art     : After code cache collection, code=69KB, data=79KB
10-31 15:38:11.337 24269 24274 I art     : Increasing code cache capacity to 512KB
10-31 15:38:13.985 24516 24516 D MonkeyStub: translateCommand: tap 1286 930
10-31 15:38:15.214 24516 24516 D MonkeyStub: translateCommand: tap 62 98
10-31 15:38:15.236 24516 24516 D MonkeyStub: translateCommand: tap 729 89
10-31 15:38:15.247 24516 24516 D MonkeyStub: Quit requested
10-31 15:38:15.279   600   614 I CwMcuSensor: CwMcuSensor::flush: fd = 263, sensors_id = 0, path = /sys/class/htc_sensorhub/sensor_hub/flush, err = 0
10-31 15:38:15.298 24516 24516 I art     : System.exit called, status: 16
10-31 15:38:15.298 24516 24516 I AndroidRuntime: VM exiting with result code 16.
10-31 15:38:15.336   600   610 W WindowManager: Attempted to remove non-existing token: android.os.Binder@895b3fb
10-31 15:38:15.550 24675 24675 W Thread-132: type=1400 audit(0.0:14518): avc: denied { read } for name="18155" dev="debugfs" ino=4155059 scontext=u:r:priv_app:s0:c512,c768 tcontext=u:object_r:debugfs:s0 tclass=file permissive=0
10-31 15:38:15.550 24675 24675 W Thread-132: type=1400 audit(0.0:14519): avc: denied { read } for name="18155" dev="debugfs" ino=4155059 scontext=u:r:priv_app:s0:c512,c768 tcontext=u:object_r:debugfs:s0 tclass=file permissive=0
10-31 15:38:15.550 24675 24675 W Thread-132: type=1400 audit(0.0:14520): avc: denied { read } for name="18155" dev="debugfs" ino=4155059 scontext=u:r:priv_app:s0:c512,c768 tcontext=u:object_r:debugfs:s0 tclass=file permissive=0
10-31 15:38:15.550 24675 24675 W Thread-132: type=1400 audit(0.0:14521): avc: denied { read } for name="18155" dev="debugfs" ino=4155059 scontext=u:r:priv_app:s0:c512,c768 tcontext=u:object_r:debugfs:s0 tclass=file permissive=0
10-31 15:38:15.550 24675 24675 W Thread-132: type=1400 audit(0.0:14522): avc: denied { read } for name="18155" dev="debugfs" ino=4155059 scontext=u:r:priv_app:s0:c512,c768 tcontext=u:object_r:debugfs:s0 tclass=file permissive=0
10-31 15:38:15.554 18155 24675 E tegra_memtrack_hal: failed to open /sys/kernel/debug/nvmap/handles_by_pid/18155: Permission denied
10-31 15:38:15.554 18155 24675 E tegra_memtrack_hal: failed to open /sys/kernel/debug/nvmap/handles_by_pid/18155: Permission denied
10-31 15:38:15.554 18155 24675 E tegra_memtrack_hal: failed to open /sys/kernel/debug/nvmap/handles_by_pid/18155: Permission denied
10-31 15:38:15.554 18155 24675 E tegra_memtrack_hal: failed to open /sys/kernel/debug/nvmap/handles_by_pid/18155: Permission denied
10-31 15:38:15.555 18155 24675 E tegra_memtrack_hal: failed to open /sys/kernel/debug/nvmap/handles_by_pid/18155: Permission denied
10-31 15:38:15.569   600 17381 E BatteryStatsService: power: Missing API
10-31 15:38:15.576   600 17381 E BatteryStatsService: no controller energy info supplied
10-31 15:38:15.581   796   796 E PhoneInterfaceManager: [PhoneIntfMgr] queryModemActivityInfo: Empty response
10-31 15:38:15.586   600 17381 E BatteryStatsService: modem info is invalid: ModemActivityInfo{ mTimestamp=0 mSleepTimeMs=0 mIdleTimeMs=0 mTxTimeMs[]=[0, 0, 0, 0, 0] mRxTimeMs=0 mEnergyUsed=0}
10-31 15:38:16.034 24679 24679 D AndroidRuntime: >>>>>> START com.android.internal.os.RuntimeInit uid 2000 <<<<<<
10-31 15:38:16.037 24679 24679 D AndroidRuntime: CheckJNI is OFF
10-31 15:38:16.104 24679 24679 D ICU     : No timezone override file found: /data/misc/zoneinfo/current/icu/icu_tzdata.dat
10-31 15:38:16.133 24679 24679 I Radio-JNI: register_android_hardware_Radio DONE
10-31 15:38:16.149 24679 24679 D AndroidRuntime: Calling main entry com.android.commands.am.Am
10-31 15:38:16.167   600  3994 I ActivityManager: START u0 {act=android.intent.action.VIEW dat=http://biomedcentral.com/... flg=0x10000000 cmp=com.opera.browser/com.opera.Opera} from uid 2000 on display 0
10-31 15:38:16.172 24679 24679 D AndroidRuntime: Shutting down VM
10-31 15:38:16.269 24269 24269 W art     : Before Android 4.1, method double java.util.concurrent.ThreadLocalRandom.internalNextDouble(double, double) would have incorrectly overridden the package-private method in java.util.Random
10-31 15:38:16.269 24269 24269 W art     : Before Android 4.1, method int java.util.concurrent.ThreadLocalRandom.internalNextInt(int, int) would have incorrectly overridden the package-private method in java.util.Random
10-31 15:38:16.269 24269 24269 W art     : Before Android 4.1, method long java.util.concurrent.ThreadLocalRandom.internalNextLong(long, long) would have incorrectly overridden the package-private method in java.util.Random
10-31 15:38:16.309   600   619 D BluetoothManagerService: Message: 20
10-31 15:38:16.310   600   619 D BluetoothManagerService: Added callback: android.bluetooth.IBluetoothManagerCallback$Stub$Proxy@25067fa:true
10-31 15:38:16.328   600   611 I ActivityManager: Start proc 24691:com.opera.browser:sandboxed_process0/u0a122 for service com.opera.browser/com.opera.android.browser.chromium.services.SandboxedProcessService0
10-31 15:38:16.383 24691 24691 I art     : Starting a blocking GC AddRemoveAppImageSpace
10-31 15:38:16.404 24691 24691 I LoadedApk: No resource references to update in package com.opera.browser.nord_vpn
10-31 15:38:16.463 24269 24641 W ResourceType: ResTable_typeSpec entry count inconsistent: given 67, previously 69
10-31 15:38:16.463 24269 24641 W ResourceType: ResTable_typeSpec entry count inconsistent: given 5346, previously 5347
10-31 15:38:16.592   787  1714 I FontLog : Received query name=Google Sans&weight=400&besteffort=false, URI content://com.google.android.gms.fonts [CONTEXT service_id=132 ]
10-31 15:38:16.592   787  1714 I FontLog : Query [name=Google Sans&weight=400&besteffort=false] resolved to {Google Sans, wdth 100.0, wght 400, ital 0.0, bestEffort false} [CONTEXT service_id=132 ]
10-31 15:38:16.596   787  1714 I FontLog : Font PFD returned from cache for {Google Sans, wdth 100.0, wght 400, ital 0.0, bestEffort false} [CONTEXT service_id=132 ]
10-31 15:38:16.596   787  1714 I FontLog : Fetch {Google Sans, wdth 100.0, wght 400, ital 0.0, bestEffort false} end status Status{statusCode=SUCCESS, resolution=null} [CONTEXT service_id=132 ]
10-31 15:38:16.606   787 28590 I FontLog : Pulling font file for id = 1908, cache size = 8 [CONTEXT service_id=132 ]
10-31 15:38:16.611   787  1174 I FontLog : Received query name=Google Sans&weight=500&besteffort=false, URI content://com.google.android.gms.fonts [CONTEXT service_id=132 ]
10-31 15:38:16.611   787  1174 I FontLog : Query [name=Google Sans&weight=500&besteffort=false] resolved to {Google Sans, wdth 100.0, wght 500, ital 0.0, bestEffort false} [CONTEXT service_id=132 ]
10-31 15:38:16.613   787  1174 I FontLog : Font PFD returned from cache for {Google Sans, wdth 100.0, wght 500, ital 0.0, bestEffort false} [CONTEXT service_id=132 ]
10-31 15:38:16.613   787  1174 I FontLog : Fetch {Google Sans, wdth 100.0, wght 500, ital 0.0, bestEffort false} end status Status{statusCode=SUCCESS, resolution=null} [CONTEXT service_id=132 ]
10-31 15:38:16.625   787 23224 I FontLog : Pulling font file for id = 1909, cache size = 9 [CONTEXT service_id=132 ]
10-31 15:38:16.661   787   806 I FontLog : Received query name=Google Sans&weight=700&besteffort=false, URI content://com.google.android.gms.fonts [CONTEXT service_id=132 ]
10-31 15:38:16.665   787   806 I FontLog : Query [name=Google Sans&weight=700&besteffort=false] resolved to {Google Sans, wdth 100.0, wght 700, ital 0.0, bestEffort false} [CONTEXT service_id=132 ]
10-31 15:38:16.678   787   806 I FontLog : Fetch {Google Sans, wdth 100.0, wght 700, ital 0.0, bestEffort false} end status Status{statusCode=SUCCESS, resolution=null} [CONTEXT service_id=132 ]
10-31 15:38:16.699   787 28596 I FontLog : Pulling font file for id = 1910, cache size = 7 [CONTEXT service_id=132 ]
10-31 15:38:16.702   787  1716 I FontLog : Received query name=Noto Color Emoji Compat&weight=400&besteffort=false, URI content://com.google.android.gms.fonts [CONTEXT service_id=132 ]
10-31 15:38:16.702   787  1716 I FontLog : Query [name=Noto Color Emoji Compat&weight=400&besteffort=false] resolved to {Noto Color Emoji Compat, wdth 100.0, wght 400, ital 0.0, bestEffort false} [CONTEXT service_id=132 ]
10-31 15:38:16.703   787  1716 I FontLog : Fetch {Noto Color Emoji Compat, wdth 100.0, wght 400, ital 0.0, bestEffort false} end status Status{statusCode=SUCCESS, resolution=null} [CONTEXT service_id=132 ]
10-31 15:38:16.706   787  1714 I FontLog : Pulling font file for id = 1911, cache size = 7 [CONTEXT service_id=132 ]
10-31 15:38:16.930   787 20336 I SQLiteConnectionPool: The connection pool for /data/user/0/com.google.android.gms/databases/metadata.db has been closed but there are still 1 connections in use.  They will be closed as they are released back to the pool.
10-31 15:38:16.931   787 17921 W FontLog : Error updating last accessed time for {Google Sans, wdth 100.0, wght 400, ital 0.0, bestEffort false}. [CONTEXT service_id=132 ]
10-31 15:38:16.931   787 17921 W FontLog : java.lang.IllegalStateException: Cannot perform this operation because the connection pool has been closed.
10-31 15:38:16.931   787 17921 W FontLog : 	at android.database.sqlite.SQLiteConnectionPool.throwIfClosedLocked(SQLiteConnectionPool.java:962)
10-31 15:38:16.931   787 17921 W FontLog : 	at android.database.sqlite.SQLiteConnectionPool.waitForConnection(SQLiteConnectionPool.java:677)
10-31 15:38:16.931   787 17921 W FontLog : 	at android.database.sqlite.SQLiteConnectionPool.acquireConnection(SQLiteConnectionPool.java:348)
10-31 15:38:16.931   787 17921 W FontLog : 	at android.database.sqlite.SQLiteSession.acquireConnection(SQLiteSession.java:894)
10-31 15:38:16.931   787 17921 W FontLog : 	at android.database.sqlite.SQLiteSession.executeForChangedRowCount(SQLiteSession.java:752)
10-31 15:38:16.931   787 17921 W FontLog : 	at android.database.sqlite.SQLiteStatement.executeUpdateDelete(SQLiteStatement.java:64)
10-31 15:38:16.931   787 17921 W FontLog : 	at android.database.sqlite.SQLiteDatabase.executeSql(SQLiteDatabase.java:1679)
10-31 15:38:16.931   787 17921 W FontLog : 	at android.database.sqlite.SQLiteDatabase.execSQL(SQLiteDatabase.java:1658)
10-31 15:38:16.931   787 17921 W FontLog : 	at aafx.run(Unknown Source)
10-31 15:38:16.931   787 17921 W FontLog : 	at sup.b(:com.google.android.gms@203915020@20.39.15 (040406-335085812):12)
10-31 15:38:16.931   787 17921 W FontLog : 	at sup.run(:com.google.android.gms@203915020@20.39.15 (040406-335085812):7)
10-31 15:38:16.931   787 17921 W FontLog : 	at java.util.concurrent.ThreadPoolExecutor.runWorker(ThreadPoolExecutor.java:1133)
10-31 15:38:16.931   787 17921 W FontLog : 	at java.util.concurrent.ThreadPoolExecutor$Worker.run(ThreadPoolExecutor.java:607)
10-31 15:38:16.931   787 17921 W FontLog : 	at tam.run(:com.google.android.gms@203915020@20.39.15 (040406-335085812):0)
10-31 15:38:16.931   787 17921 W FontLog : 	at java.lang.Thread.run(Thread.java:761)
10-31 15:38:16.972   787 17921 W NetworkScheduler: Error inserting service_kind=0 source=16 tag=Measurement.PackageMeasurementTaskService.UPLOAD_TASK_TAG target_package=com.google.android.gms requires_charging=0 source_version=203915000 required_network_type=0 flex_time=2293000 persistence_level=1 target_class=com.google.android.gms.measurement.PackageMeasurementTaskService runtime=1667227096967 retry_strategy={"maximum_backoff_seconds":{"3600":0},"initial_backoff_seconds":{"30":0},"retry_policy":{"0":0}} preferred_network_type=1 required_idleness_state=0 preferred_charging_state=1 period=4588000 last_runtime=0 task_type=0 job_id=-1 user_id=0, error message: UNIQUE constraint failed: pending_ops.tag, pending_ops.target_class, pending_ops.target_package, pending_ops.user_id (code 2067) [CONTEXT service_id=218 ]
10-31 15:38:19.775   600 24611 D DnsEventListenerService: Logging 100 results for netId 101
10-31 15:38:20.281 24691 24707 I chromium: [INFO:pipeline_controller.cc(46)] MCHR-300: Starting pipeline, demuxer: FFmpegDemuxer
10-31 15:38:20.299 24691 24711 I chromium: [INFO:ffmpeg_glue.cc(128)] MCHR-300: Container: HLS
10-31 15:38:20.318 24691 24707 I chromium: [INFO:pipeline_controller.cc(355)] MCHR-300: Pipeline stopped.
10-31 15:38:20.321 24691 24707 I chromium: [INFO:pipeline_controller.cc(46)] MCHR-300: Starting pipeline, demuxer: MediaUrlDemuxer
10-31 15:38:20.334 24269 24269 V MediaRouter: Adding route: RouteInfo{ name=Tablet, description=null, status=null, category=RouteCategory{ name=null types=ROUTE_TYPE_LIVE_AUDIO ROUTE_TYPE_LIVE_VIDEO  groupable=false }, supportedTypes=ROUTE_TYPE_LIVE_AUDIO ROUTE_TYPE_LIVE_VIDEO , presentationDisplay=null }
10-31 15:38:20.341 24269 24269 V MediaRouter: Updating audio routes: AudioRoutesInfo{ type=SPEAKER }
10-31 15:38:20.344 24269 24269 V MediaRouter: Selecting route: RouteInfo{ name=Tablet, description=null, status=null, category=RouteCategory{ name=null types=ROUTE_TYPE_LIVE_AUDIO ROUTE_TYPE_LIVE_VIDEO  groupable=false }, supportedTypes=ROUTE_TYPE_LIVE_AUDIO ROUTE_TYPE_LIVE_VIDEO , presentationDisplay=null }
10-31 15:38:20.407 24408 24745 W VideoCapabilities: Unrecognized level 0 for video/x-vnd.on2.vp8
10-31 15:38:20.411   245   708 D MediaBufferGroup: creating MemoryDealer
10-31 15:38:20.412   246 24747 D NuPlayerDriver: notifyListener_l(0xf0220b40), (1, 0, 0), loop setting(0, 0)
10-31 15:38:20.412 24269 24269 D MediaPlayer: setSubtitleAnchor in MediaPlayer
10-31 15:38:20.421 24269 24269 W MediaPlayer: Couldn't open https://vod.video-cdn.net/F-TUvd9pk8UYjAqC7mYdAm/4312z8mUGRLb5UPsLza27-.aaa,828,596,1656,2356,.mp4.csmil/master.m3u8?set-cc-attribute=cc&hdnea=exp=1667227698~acl=/F-TUvd9pk8UYjAqC7mYdAm/4312z8mUGRLb5UPsLza27-.aaa,828,596,1656,2356,.mp4.csmil/*~hmac=ac044b047c4989df9181cff4b3c496cf8cf9233edd4d1d71d11d2e1aa8eb9c63: java.io.FileNotFoundException: No content provider: https://vod.video-cdn.net/F-TUvd9pk8UYjAqC7mYdAm/4312z8mUGRLb5UPsLza27-.aaa,828,596,1656,2356,.mp4.csmil/master.m3u8?set-cc-attribute=cc&hdnea=exp=1667227698~acl=/F-TUvd9pk8UYjAqC7mYdAm/4312z8mUGRLb5UPsLza27-.aaa,828,596,1656,2356,.mp4.csmil/*~hmac=ac044b047c4989df9181cff4b3c496cf8cf9233edd4d1d71d11d2e1aa8eb9c63
10-31 15:38:20.427 24269 24269 V MediaRouter: Selecting route: RouteInfo{ name=Tablet, description=null, status=null, category=RouteCategory{ name=null types=ROUTE_TYPE_LIVE_AUDIO ROUTE_TYPE_LIVE_VIDEO  groupable=false }, supportedTypes=ROUTE_TYPE_LIVE_AUDIO ROUTE_TYPE_LIVE_VIDEO , presentationDisplay=null }
10-31 15:38:20.429   246 24751 I LiveSession: onConnect https://<suppressed>
10-31 15:38:20.459 24408 24745 I VideoCapabilities: Unsupported profile 4 for video/mp4v-es
10-31 15:38:20.468   600   647 I WifiHAL : Got channel list with 13 channels
10-31 15:38:20.468   600   647 I WifiHAL : Got channel list with 4 channels
10-31 15:38:20.469 18155 18155 I DiscoveryManager: WifiGuestModeDeviceScanner enabled.
10-31 15:38:20.470   600   647 I WifiHAL : Got channel list with 15 channels
10-31 15:38:20.490 24408 24746 W VideoCapabilities: Unrecognized level 0 for video/x-vnd.on2.vp8
10-31 15:38:20.496 24408 24746 I VideoCapabilities: Unsupported profile 4 for video/mp4v-es
10-31 15:38:20.505 18155 18452 I CastDatabase: Opening the database
10-31 15:38:20.533 18155 18452 I SQLiteCastStore: 2 CastNetworkInfo instances loaded, 1 CastDeviceInfo instances loaded, 0 paired guest mode devices loaded.
10-31 15:38:20.534 18155 18452 I DiscoveryManager: Filter criteria(D38CB0C5) scannerFlags(0)
10-31 15:38:20.535 18155 18452 I CastDatabase: CastDeviceInfo created: V_ee43f663-cbf7-47b2-82a8-56040c59ca55
10-31 15:38:20.535 18155 18452 W GuestModeDeviceProber: setFilterCriteria
10-31 15:38:20.544 18155 18452 E DeviceScanner: [BLE] Failed to start scan because the Bluetooth is disabled.
10-31 15:38:20.548 18155 18452 W DatabaseProcessor: processLocalDevices: failed to get the network info with non-null bssid.
10-31 15:38:20.555 18155 18452 W DatabaseProcessor: processLocalDevices: failed to get the network info with non-null bssid.
10-31 15:38:20.563 18155 18452 E DeviceScanner: [BLE] Failed to start scan because the Bluetooth is disabled.
10-31 15:38:20.563 18155 18452 W DatabaseProcessor: processLocalDevices: failed to get the network info with non-null bssid.
10-31 15:38:20.567 18155 18452 W DatabaseProcessor: processLocalDevices: failed to get the network info with non-null bssid.
10-31 15:38:20.618   246 24751 I LiveSession: #### Starting Bandwidth Switch: -1 => 0
10-31 15:38:20.946   246 24752 I ESQueue : found something resembling an H.264/MPEG syncword at offset 1
10-31 15:38:20.947   246 24752 I avc_utils: found AVC codec config (512 x 288, Baseline-profile level 2.1)
10-31 15:38:20.947   246 24752 I ESQueue : found AAC codec config (44100 Hz, 1 channels)
10-31 15:38:21.230   246 24752 I ATSParser: discontinuity on stream pid 0x0100
10-31 15:38:21.231   246 24752 I ATSParser: discontinuity on stream pid 0x0101
10-31 15:38:21.619   246 24750 D NuPlayerDriver: notifyListener_l(0xf0220c60), (3, 5, 0), loop setting(0, 0)
10-31 15:38:21.619   246 24750 D NuPlayerDriver: notifyListener_l(0xf0220c60), (5, 512, 288), loop setting(0, 0)
10-31 15:38:21.620   246 24750 D NuPlayerDriver: notifyListener_l(0xf0220c60), (1, 0, 0), loop setting(0, 0)
10-31 15:38:21.620 24269 24269 D MediaPlayer: setSubtitleAnchor in MediaPlayer
10-31 15:38:21.632 24269 24269 D MediaPlayer: getMetadata
10-31 15:38:21.639   246 24750 D NuPlayer: onSetVideoSurface(0xeb52c800, no video decoder)
10-31 15:38:21.642   246   273 D NuPlayerDriver: seekTo(0xf0220c60) 0 ms at state 4
10-31 15:38:21.642   246   273 D NuPlayerDriver: notifyListener_l(0xf0220c60), (7, 0, 0), loop setting(0, 0)
10-31 15:38:21.645   246 24750 W NuPlayer: source has video meta but not file meta
10-31 15:38:21.646   246 24750 D NuPlayerDriver: notifyListener_l(0xf0220c60), (4, 0, 0), loop setting(0, 0)
10-31 15:38:21.646   246 24750 W NuPlayer: source has video meta but not file meta
10-31 15:38:21.647   246 24750 W NuPlayer: source has video meta but not file meta
10-31 15:38:21.659   246 24765 I MediaPlayerService: MediaPlayerService::getOMX
10-31 15:38:21.660   246 24766 I MediaPlayerService: MediaPlayerService::getOMX
10-31 15:38:21.661   246 24765 I OMXClient: MuxOMX ctor
10-31 15:38:21.661   246 24766 I OMXClient: MuxOMX ctor
10-31 15:38:21.665   243  3872 I OMXMaster: makeComponentInstance(OMX.google.aac.decoder) in mediacodec process
10-31 15:38:21.722   243 15159 I OMXMaster: makeComponentInstance(OMX.Nvidia.h264.decode) in mediacodec process
10-31 15:38:21.728   243  3872 E OMXNodeInstance: setConfig(f30100:google.aac.decoder, ConfigPriority(0x6f800002)) ERROR: Undefined(0x80001001)
10-31 15:38:21.728   246 24763 I MediaCodec: [OMX.Nvidia.h264.decode] setting surface generation to 251975
10-31 15:38:21.729   246 24765 I ACodec  : codec does not support config priority (err -2147483648)
10-31 15:38:21.730   246 24765 I MediaCodec: MediaCodec will operate in async mode
10-31 15:38:21.733   243   860 E OMXNodeInstance: getConfig(f30101:Nvidia.h264.decode, ConfigCommonOutputCrop(0x700000f)) ERROR: BadParameter(0x80001005)
10-31 15:38:21.734   246 24763 I MediaCodec: MediaCodec will operate in async mode
10-31 15:38:21.740   243 24767 I SoftAAC2: Reconfiguring decoder: 0->44100 Hz, 0->1 channels
10-31 15:38:21.741   246 24766 D SurfaceUtils: set up nativeWindow 0xeb52c808 for 512x288, color 0x106, rotation 0, usage 0x2b00
10-31 15:38:21.746   243 24769 D NvOsDebugPrintf: NvMMLiteOpen : Block : BlockType = 261 
10-31 15:38:21.749   246 24761 D AudioTrack: Client defaulted notificationFrames to 7407 for frameCount 22221
10-31 15:38:21.750   243 24769 D NvOsDebugPrintf: TVMR: NvMMLiteTVMRDecBlockOpen: 5008: NvMMLiteBlockOpen 
10-31 15:38:21.760   243 24769 D NvOsDebugPrintf: NvMMLiteBlockCreate : Block : BlockType = 261 
10-31 15:38:21.774   243 24772 D NvOsDebugPrintf: TVMR: cbBeginSequence: 655: BeginSequence  512x288, bVPR = 0
10-31 15:38:21.774   243 24772 D NvOsDebugPrintf: TVMR: cbBeginSequence: 918: DecodeBuffers = 3 
10-31 15:38:21.778   243 24772 D NvOsDebugPrintf: TVMR: cbBeginSequence: 938: Display Resolution : (512x288) 
10-31 15:38:21.778   243 24772 D NvOsDebugPrintf: TVMR: cbBeginSequence: 939: Display Aspect Ratio : (512x288) 
10-31 15:38:21.778   243 24772 D NvOsDebugPrintf: TVMR: cbBeginSequence: 1041: SurfaceLayout = 3
10-31 15:38:21.778   243 24772 D NvOsDebugPrintf: TVMR: cbBeginSequence: 1071: NumOfSurfaces = 7, InteraceStream = 0, InterlaceEnabled = 0, bSecure = 0, MVC = 0 Semiplanar = 1, bReinit = 1 
