10-30 23:25:56.353  6237  6237 D MonkeyStub: translateCommand: touch move 614 687
10-30 23:25:56.462  6237  6237 D MonkeyStub: translateCommand: touch move 614 562
10-30 23:25:56.605  6237  6237 D MonkeyStub: translateCommand: touch move 614 437
10-30 23:25:56.716  6237  6237 D MonkeyStub: translateCommand: touch move 614 312
10-30 23:25:56.723  6237  6237 D MonkeyStub: translateCommand: touch up 614 312
10-30 23:25:56.746  6237  6237 D MonkeyStub: translateCommand: touch down 614 1561
10-30 23:25:56.761  6237  6237 D MonkeyStub: translateCommand: touch move 614 1561
10-30 23:25:56.878  6237  6237 D MonkeyStub: translateCommand: touch move 614 1436
10-30 23:25:56.988  6237  6237 D MonkeyStub: translateCommand: touch move 614 1311
10-30 23:25:57.104  6237  6237 D MonkeyStub: translateCommand: touch move 614 1186
10-30 23:25:57.216  6237  6237 D MonkeyStub: translateCommand: touch move 614 1061
10-30 23:25:57.322  6237  6237 D MonkeyStub: translateCommand: touch move 614 937
10-30 23:25:57.430  6237  6237 D MonkeyStub: translateCommand: touch move 614 812
10-30 23:25:57.539  6237  6237 D MonkeyStub: translateCommand: touch move 614 687
10-30 23:25:57.649  6237  6237 D MonkeyStub: translateCommand: touch move 614 562
10-30 23:25:57.761  6237  6237 D MonkeyStub: translateCommand: touch move 614 437
10-30 23:25:57.868  6237  6237 D MonkeyStub: translateCommand: touch move 614 312
10-30 23:25:57.875  6237  6237 D MonkeyStub: translateCommand: touch up 614 312
10-30 23:26:02.926  6237  6237 D MonkeyStub: Quit requested
10-30 23:26:02.987   600   614 I CwMcuSensor: CwMcuSensor::flush: fd = 254, sensors_id = 0, path = /sys/class/htc_sensorhub/sensor_hub/flush, err = 0
10-30 23:26:02.990  6237  6237 I art     : System.exit called, status: 82
10-30 23:26:02.990  6237  6237 I AndroidRuntime: VM exiting with result code 82.
10-30 23:26:03.020   600   707 W WindowManager: Attempted to remove non-existing token: android.os.Binder@fc06dce
10-30 23:26:19.165  6347  6347 D AndroidRuntime: >>>>>> START com.android.internal.os.RuntimeInit uid 2000 <<<<<<
10-30 23:26:19.172  6347  6347 D AndroidRuntime: CheckJNI is OFF
10-30 23:26:19.255  6347  6347 D ICU     : No timezone override file found: /data/misc/zoneinfo/current/icu/icu_tzdata.dat
10-30 23:26:19.294  6347  6347 I Radio-JNI: register_android_hardware_Radio DONE
10-30 23:26:19.311  6347  6347 D AndroidRuntime: Calling main entry com.android.commands.am.Am
10-30 23:26:19.328   600  3507 I ActivityManager: Force stopping com.opera.browser appid=10122 user=0: from pid 6347
10-30 23:26:19.328   600  3507 I ActivityManager: Killing 5890:com.opera.browser:privileged_process0/u0a122 (adj 0): stop com.opera.browser
10-30 23:26:19.332   600  3507 D ActivityManager: cleanUpApplicationRecord -- 5890
10-30 23:26:19.332   600  3507 W ActivityManager: Scheduling restart of crashed service com.opera.browser/com.opera.android.browser.chromium.services.PrivilegedProcessService0 in 1000ms
10-30 23:26:19.332   600  3507 I ActivityManager: Killing 5750:com.opera.browser/u0a122 (adj 0): stop com.opera.browser
10-30 23:26:19.334   600  3507 D ActivityManager: cleanUpApplicationRecord -- 5750
10-30 23:26:19.336   600  3507 W ActivityManager: Force removing ActivityRecord{6e3bb67 u0 com.opera.browser/com.opera.android.BrowserActivity t2008}: app died, no saved state
10-30 23:26:19.352  6165  6165 I art     : System.exit called, status: 0
10-30 23:26:19.352  6165  6165 I AndroidRuntime: VM exiting with result code 0, cleanup skipped.
10-30 23:26:19.368   600  3507 I ActivityManager: Killing 6165:com.opera.browser:sandboxed_process0/u0a122 (adj 0): stop com.opera.browser
10-30 23:26:19.368   600  3507 D ActivityManager: cleanUpApplicationRecord -- 6165
10-30 23:26:19.383  6347  6347 D AndroidRuntime: Shutting down VM
10-30 23:26:19.395  1084  1171 I OpenGLRenderer: Initialized EGL, version 1.4
10-30 23:26:19.395  1084  1171 D OpenGLRenderer: Swap behavior 2
10-30 23:26:19.470  1061  1061 D RegisteredNfcFServicesCache: Service unchanged, not updating
10-30 23:26:19.495  7916  8831 I AttachedClient: Adding client event 2 to pending list.
10-30 23:26:19.500  7916  7916 I OptInState: There is a new client and it does not support opt-in. Dropping request.
10-30 23:26:19.503  7916  7916 I MicroDetectionWorker: Micro detection mode: [mDetectionMode: [1]].
10-30 23:26:19.518  7916  6361 I MicroRecognitionRunner: Starting detection.
10-30 23:26:19.521  7916  7948 I MicrophoneInputStream: mic_starting com.google.android.apps.gsa.speech.audio.ae@e8f04cc
10-30 23:26:19.533   238   285 I SoundTriggerHwService::Module: void android::SoundTriggerHwService::Module::onCallbackEvent(const sp<android::SoundTriggerHwService::CallbackEvent> &) mClient == 0
10-30 23:26:19.551   238  6364 I AudioFlinger: AudioFlinger's thread 0xef692c40 ready to run
10-30 23:26:19.554  7916  7948 I MicrophoneInputStream: mic_started com.google.android.apps.gsa.speech.audio.ae@e8f04cc
10-30 23:26:19.762  7916  7916 I MicroDetectionWorker: onReady
10-30 23:26:19.789   600  1081 D ConnectivityService: ConnectivityService NetworkRequestInfo binderDied(NetworkRequest [ LISTEN id=1415, [ Capabilities: INTERNET&NOT_RESTRICTED&TRUSTED&FOREGROUND] ], android.os.BinderProxy@18a2b66)
10-30 23:26:19.789   600  1081 D GraphicsStats: Buffer count: 2
10-30 23:26:19.790   600  1081 D ConnectivityService: ConnectivityService NetworkRequestInfo binderDied(NetworkRequest [ LISTEN id=1414, [ Capabilities: INTERNET&NOT_RESTRICTED&TRUSTED&FOREGROUND] ], android.os.BinderProxy@7f1bea7)
10-30 23:26:19.792   600   649 E ConnectivityService: RemoteException caught trying to send a callback msg for NetworkRequest [ LISTEN id=1415, [ Capabilities: INTERNET&NOT_RESTRICTED&TRUSTED&FOREGROUND] ]
10-30 23:26:19.793   600   649 E ConnectivityService: RemoteException caught trying to send a callback msg for NetworkRequest [ LISTEN id=1414, [ Capabilities: INTERNET&NOT_RESTRICTED&TRUSTED&FOREGROUND] ]
10-30 23:26:19.796 12169 13596 I DiscoveryManager: Filter criteria(null) scannerFlags(0)
10-30 23:26:19.799 12169 13596 W GuestModeDeviceProber: setFilterCriteria
10-30 23:26:19.926  1084  1171 W OpenGLRenderer: Incorrectly called buildLayer on View: ShortcutAndWidgetContainer, destroying layer...
10-30 23:26:19.947  6365  6365 D AndroidRuntime: >>>>>> START com.android.internal.os.RuntimeInit uid 2000 <<<<<<
10-30 23:26:19.951  6365  6365 D AndroidRuntime: CheckJNI is OFF
10-30 23:26:20.021  6365  6365 D ICU     : No timezone override file found: /data/misc/zoneinfo/current/icu/icu_tzdata.dat
10-30 23:26:20.048  6365  6365 I Radio-JNI: register_android_hardware_Radio DONE
10-30 23:26:20.063  6365  6365 D AndroidRuntime: Calling main entry com.android.commands.pm.Pm
10-30 23:26:20.080   600  6312 I ActivityManager: Force stopping com.opera.browser appid=10122 user=0: clear data
10-30 23:26:20.081   600   613 I ActivityManager: Force stopping com.opera.browser appid=10122 user=-1: clearApplicationUserData
10-30 23:26:20.127   787   787 I GeofencerStateMachine: removeGeofences: removeRequest=RemoveGeofencingRequest[REMOVE_ALL packageName=com.opera.browser]
10-30 23:26:20.128  1061  1061 W ResourceType: ResTable_typeSpec entry count inconsistent: given 67, previously 69
10-30 23:26:20.128  1061  1061 W ResourceType: ResTable_typeSpec entry count inconsistent: given 5346, previously 5347
10-30 23:26:20.136   600   612 W ResourceType: No known package when getting value for resource number 0x7f100007
10-30 23:26:20.136   600   612 W ResourceType: No known package when getting value for resource number 0x7f13090c
10-30 23:26:20.137   600   612 W ResourceType: No known package when getting value for resource number 0x7f100005
10-30 23:26:20.137   600   612 W ResourceType: No known package when getting value for resource number 0x7f13090a
10-30 23:26:20.137   600   612 W ResourceType: No known package when getting value for resource number 0x7f100004
10-30 23:26:20.137   600   612 W ResourceType: No known package when getting value for resource number 0x7f130909
10-30 23:26:20.137   600   612 W ResourceType: No known package when getting value for resource number 0x7f100006
10-30 23:26:20.137   600   612 W ResourceType: No known package when getting value for resource number 0x7f13090b
10-30 23:26:20.138  6365  6365 I art     : System.exit called, status: 0
10-30 23:26:20.138  6365  6365 I AndroidRuntime: VM exiting with result code 0.
10-30 23:26:20.152  1061  1061 D RegisteredNfcFServicesCache: Service unchanged, not updating
10-30 23:26:20.178   787  6381 I Fitness : FitCleanupIntentOperation received Intent android.intent.action.PACKAGE_DATA_CLEARED [CONTEXT service_id=17 ]
10-30 23:26:20.197 12169 13596 I Icing   : doRemovePackageData com.opera.browser
