--------- beginning of main
10-30 13:07:48.982  7453  7453 D AndroidRuntime: >>>>>> START com.android.internal.os.RuntimeInit uid 2000 <<<<<<
10-30 13:07:48.985  7453  7453 D AndroidRuntime: CheckJNI is OFF
10-30 13:07:49.048  7453  7453 D ICU     : No timezone override file found: /data/misc/zoneinfo/current/icu/icu_tzdata.dat
10-30 13:07:49.076  7453  7453 I Radio-JNI: register_android_hardware_Radio DONE
10-30 13:07:49.092  7453  7453 D AndroidRuntime: Calling main entry com.android.commands.am.Am
--------- beginning of system
10-30 13:07:49.109   600  3509 I ActivityManager: Force stopping com.opera.browser appid=10122 user=0: from pid 7453
10-30 13:07:49.121  1061  1061 D RegisteredNfcFServicesCache: Service unchanged, not updating
10-30 13:07:49.368   600  2707 I ActivityManager: START u0 {act=android.intent.action.VIEW flg=0x10008000 cmp=com.opera.browser/com.opera.Opera} from uid 2000 on display 0
10-30 13:07:49.394  7453  7453 D AndroidRuntime: Shutting down VM
10-30 13:07:49.448   600   611 I ActivityManager: Start proc 7463:com.opera.browser/u0a122 for activity com.opera.browser/com.opera.Opera
10-30 13:07:49.531  7463  7463 I art     : Starting a blocking GC AddRemoveAppImageSpace
10-30 13:07:49.556  7463  7463 I LoadedApk: No resource references to update in package com.opera.browser.nord_vpn
10-30 13:07:49.666  7463  7463 I art     : Rejecting re-init on previously-failed class java.lang.Class<com.opera.android.job.a$j>: java.lang.NoClassDefFoundError: Failed resolution of: Landroid/app/job/JobServiceEngine;
10-30 13:07:49.666  7463  7463 I art     :   at void com.opera.android.OperaApplication.onCreate() (SourceFile:52)
10-30 13:07:49.666  7463  7463 I art     :   at void android.app.Instrumentation.callApplicationOnCreate(android.app.Application) (Instrumentation.java:1024)
10-30 13:07:49.666  7463  7463 I art     :   at void android.app.ActivityThread.handleBindApplication(android.app.ActivityThread$AppBindData) (ActivityThread.java:5403)
10-30 13:07:49.666  7463  7463 I art     :   at void android.app.ActivityThread.-wrap2(android.app.ActivityThread, android.app.ActivityThread$AppBindData) (ActivityThread.java:-1)
10-30 13:07:49.666  7463  7463 I art     :   at void android.app.ActivityThread$H.handleMessage(android.os.Message) (ActivityThread.java:1545)
10-30 13:07:49.666  7463  7463 I art     :   at void android.os.Handler.dispatchMessage(android.os.Message) (Handler.java:102)
10-30 13:07:49.666  7463  7463 I art     :   at void android.os.Looper.loop() (Looper.java:154)
10-30 13:07:49.666  7463  7463 I art     :   at void android.app.ActivityThread.main(java.lang.String[]) (ActivityThread.java:6119)
10-30 13:07:49.666  7463  7463 I art     :   at java.lang.Object java.lang.reflect.Method.invoke!(java.lang.Object, java.lang.Object[]) (Method.java:-2)
10-30 13:07:49.666  7463  7463 I art     :   at void com.android.internal.os.ZygoteInit$MethodAndArgsCaller.run() (ZygoteInit.java:886)
10-30 13:07:49.666  7463  7463 I art     :   at void com.android.internal.os.ZygoteInit.main(java.lang.String[]) (ZygoteInit.java:776)
10-30 13:07:49.666  7463  7463 I art     : Caused by: java.lang.ClassNotFoundException: Didn't find class "android.app.job.JobServiceEngine" on path: DexPathList[[zip file "/data/app/com.opera.browser-1/base.apk"],nativeLibraryDirectories=[/data/app/com.opera.browser-1/lib/arm, /data/app/com.opera.browser-1/base.apk!/lib/armeabi-v7a, /system/lib, /vendor/lib]]
10-30 13:07:49.666  7463  7463 I art     :   at java.lang.Class dalvik.system.BaseDexClassLoader.findClass(java.lang.String) (BaseDexClassLoader.java:56)
10-30 13:07:49.666  7463  7463 I art     :   at java.lang.Class java.lang.ClassLoader.loadClass(java.lang.String, boolean) (ClassLoader.java:380)
10-30 13:07:49.666  7463  7463 I art     :   at java.lang.Class java.lang.ClassLoader.loadClass(java.lang.String) (ClassLoader.java:312)
10-30 13:07:49.666  7463  7463 I art     :   at void com.opera.android.OperaApplication.onCreate() (SourceFile:52)
10-30 13:07:49.666  7463  7463 I art     :   at void android.app.Instrumentation.callApplicationOnCreate(android.app.Application) (Instrumentation.java:1024)
10-30 13:07:49.666  7463  7463 I art     :   at void android.app.ActivityThread.handleBindApplication(android.app.ActivityThread$AppBindData) (ActivityThread.java:5403)
10-30 13:07:49.666  7463  7463 I art     :   at void android.app.ActivityThread.-wrap2(android.app.ActivityThread, android.app.ActivityThread$AppBindData) (ActivityThread.java:-1)
10-30 13:07:49.666  7463  7463 I art     :   at void android.app.ActivityThread$H.handleMessage(android.os.Message) (ActivityThread.java:1545)
10-30 13:07:49.666  7463  7463 I art     :   at void android.os.Handler.dispatchMessage(android.os.Message) (Handler.java:102)
10-30 13:07:49.666  7463  7463 I art     :   at void android.os.Looper.loop() (Looper.java:154)
10-30 13:07:49.666  7463  7463 I art     :   at void android.app.ActivityThread.main(java.lang.String[]) (ActivityThread.java:6119)
10-30 13:07:49.667  7463  7463 I art     :   at java.lang.Object java.lang.reflect.Method.invoke!(java.lang.Object, java.lang.Object[]) (Method.java:-2)
10-30 13:07:49.667  7463  7463 I art     :   at void com.android.internal.os.ZygoteInit$MethodAndArgsCaller.run() (ZygoteInit.java:886)
10-30 13:07:49.667  7463  7463 I art     :   at void com.android.internal.os.ZygoteInit.main(java.lang.String[]) (ZygoteInit.java:776)
10-30 13:07:49.667  7463  7463 I art     : 
10-30 13:07:49.693  7463  7502 D NetworkSecurityConfig: Using Network Security Config from resource network_security_config_official_build debugBuild: false
10-30 13:07:49.796  7463  7473 I art     : Background partial concurrent mark sweep GC freed 11616(608KB) AllocSpace objects, 9(180KB) LOS objects, 39% free, 4MB/7MB, paused 8.036ms total 78.980ms
10-30 13:07:49.871   600 24515 I ActivityManager: START u0 {act=android.intent.action.VIEW flg=0x10008000 cmp=com.opera.browser/com.opera.android.startup.WelcomeActivity} from uid 10122 on display 0
10-30 13:07:49.893   600 17381 W ActivityManager: Duplicate finish request for ActivityRecord{adbe3a7 u0 com.opera.browser/com.opera.Opera t1695 f}
10-30 13:07:50.057  7463  7473 I art     : Background sticky concurrent mark sweep GC freed 21116(2MB) AllocSpace objects, 6(200KB) LOS objects, 22% free, 5MB/7MB, paused 5.101ms total 147.717ms
10-30 13:07:50.207  7463  7574 I OpenGLRenderer: Initialized EGL, version 1.4
10-30 13:07:50.207  7463  7574 D OpenGLRenderer: Swap behavior 2
10-30 13:07:50.293   600   609 I art     : Background partial concurrent mark sweep GC freed 23051(1007KB) AllocSpace objects, 3(592KB) LOS objects, 33% free, 15MB/23MB, paused 1.180ms total 341.083ms
10-30 13:07:50.352  7463  7473 I art     : Background sticky concurrent mark sweep GC freed 46642(3MB) AllocSpace objects, 10(200KB) LOS objects, 26% free, 5MB/7MB, paused 2.371ms total 144.061ms
10-30 13:07:50.386  7463  7505 I FA      : App measurement initialized, version: 43042
10-30 13:07:50.386  7463  7505 I FA      : To enable debug logging run: adb shell setprop log.tag.FA VERBOSE
10-30 13:07:50.386  7463  7505 I FA      : To enable faster debug mode event logging run:
10-30 13:07:50.386  7463  7505 I FA      :   adb shell setprop debug.firebase.analytics.app com.opera.browser
10-30 13:07:50.484   600   620 I ActivityManager: Displayed com.opera.browser/com.opera.android.startup.WelcomeActivity: +570ms (total +1s91ms)
10-30 13:07:50.584   600 17381 I ActivityManager: Start proc 7598:com.opera.browser:privileged_process0/u0a122 for service com.opera.browser/com.opera.android.browser.chromium.services.PrivilegedProcessService0
10-30 13:07:50.597  7463  7593 W chromium: [WARNING:op_site_scripts.cc(424)] Failed to map /data/user/0/com.opera.browser/app_opera/sjs
10-30 13:07:50.732   600   620 W WindowManager: Failed looking up window
10-30 13:07:50.732   600   620 W WindowManager: java.lang.IllegalArgumentException: Requested window android.view.ViewRootImpl$W@8f205ec does not exist
10-30 13:07:50.732   600   620 W WindowManager: 	at com.android.server.wm.WindowManagerService.windowForClientLocked(WindowManagerService.java:9422)
10-30 13:07:50.732   600   620 W WindowManager: 	at com.android.server.wm.WindowManagerService.windowForClientLocked(WindowManagerService.java:9413)
10-30 13:07:50.732   600   620 W WindowManager: 	at com.android.server.wm.WindowManagerService.removeWindow(WindowManagerService.java:2393)
10-30 13:07:50.732   600   620 W WindowManager: 	at com.android.server.wm.Session.remove(Session.java:202)
10-30 13:07:50.732   600   620 W WindowManager: 	at android.view.ViewRootImpl.dispatchDetachedFromWindow(ViewRootImpl.java:3290)
10-30 13:07:50.732   600   620 W WindowManager: 	at android.view.ViewRootImpl.doDie(ViewRootImpl.java:5917)
10-30 13:07:50.732   600   620 W WindowManager: 	at android.view.ViewRootImpl$ViewRootHandler.handleMessage(ViewRootImpl.java:3626)
10-30 13:07:50.732   600   620 W WindowManager: 	at android.os.Handler.dispatchMessage(Handler.java:102)
10-30 13:07:50.732   600   620 W WindowManager: 	at android.os.Looper.loop(Looper.java:154)
10-30 13:07:50.732   600   620 W WindowManager: 	at android.os.HandlerThread.run(HandlerThread.java:61)
10-30 13:07:50.732   600   620 W WindowManager: 	at com.android.server.ServiceThread.run(ServiceThread.java:46)
10-30 13:07:50.746  7598  7598 I art     : Starting a blocking GC AddRemoveAppImageSpace
10-30 13:07:50.766  7598  7598 I LoadedApk: No resource references to update in package com.opera.browser.nord_vpn
10-30 13:07:50.884  7598  7628 E libEGL  : validate_display:99 error 3008 (EGL_BAD_DISPLAY)
10-30 13:07:50.935  7463  7473 I art     : Background sticky concurrent mark sweep GC freed 5151(487KB) AllocSpace objects, 13(260KB) LOS objects, 13% free, 6MB/7MB, paused 12.543ms total 96.592ms
10-30 13:07:50.979  1140  1140 I MemoryTrimmer: Trimming objects from memory, since app is in the background.
10-30 13:07:51.028  1140  1197 W SearchService: Abort, client detached.
10-30 13:07:51.063  1084  1084 I MemoryTrimmer: Trimming objects from memory, since app is in the background.
10-30 13:07:51.070  1140  7339 I DeviceStateChecker: DeviceStateChecker cancelled
10-30 13:07:51.070  1140  1140 I MicroDetector: Keeping mic open: false
10-30 13:07:51.071  1140  1177 I AudioController: internalShutdown
10-30 13:07:51.071  1140  1177 I MicrophoneInputStream: mic_close com.google.android.apps.gsa.speech.audio.ae@7f75e87
10-30 13:07:51.080  1140  1218 I MicroRecognitionRunner: Stopping hotword detection.
10-30 13:07:51.085   238   285 I SoundTriggerHwService::Module: void android::SoundTriggerHwService::Module::onCallbackEvent(const sp<android::SoundTriggerHwService::CallbackEvent> &) mClient == 0
10-30 13:07:51.096  7598  7628 E libEGL  : validate_display:99 error 3008 (EGL_BAD_DISPLAY)
10-30 13:07:51.097  1140  7340 I MicroRecognitionRunner: Detection finished
10-30 13:07:51.160  1140  1140 I MemoryTrimmer: Trimming objects from memory, since app is in the background.
10-30 13:07:51.194   787  3995 W Conscrypt: Could not set socket write timeout: java.net.SocketException: Socket closed
10-30 13:07:51.203   787  3995 W Conscrypt: 	at com.google.android.gms.org.conscrypt.Platform.setSocketWriteTimeout(:com.google.android.gms@203915020@20.39.15 (040406-335085812):2)
10-30 13:07:51.203   787  3995 W Conscrypt: 	at com.google.android.gms.org.conscrypt.ConscryptFileDescriptorSocket.setSoWriteTimeout(:com.google.android.gms@203915020@20.39.15 (040406-335085812):0)
10-30 13:07:51.231   787  3995 W Conscrypt: Could not set socket write timeout: java.net.SocketException: Socket closed
10-30 13:07:51.231   787  3995 W Conscrypt: 	at com.google.android.gms.org.conscrypt.Platform.setSocketWriteTimeout(:com.google.android.gms@203915020@20.39.15 (040406-335085812):2)
10-30 13:07:51.231   787  3995 W Conscrypt: 	at com.google.android.gms.org.conscrypt.ConscryptFileDescriptorSocket.setSoWriteTimeout(:com.google.android.gms@203915020@20.39.15 (040406-335085812):0)
10-30 13:07:51.316  7463  7505 I FA      : Tag Manager is not found and thus will not be used
10-30 13:07:51.445   787  4001 W NetworkScheduler: Error inserting service_kind=0 source=16 tag=Measurement.PackageMeasurementTaskService.UPLOAD_TASK_TAG target_package=com.google.android.gms requires_charging=0 source_version=203915000 required_network_type=0 flex_time=1808000 persistence_level=1 target_class=com.google.android.gms.measurement.PackageMeasurementTaskService runtime=1667131671440 retry_strategy={"maximum_backoff_seconds":{"3600":0},"initial_backoff_seconds":{"30":0},"retry_policy":{"0":0}} preferred_network_type=1 required_idleness_state=0 preferred_charging_state=1 period=3618000 last_runtime=0 task_type=0 job_id=-1 user_id=0, error message: UNIQUE constraint failed: pending_ops.tag, pending_ops.target_class, pending_ops.target_package, pending_ops.user_id (code 2067) [CONTEXT service_id=218 ]
10-30 13:07:51.479   787  4001 W NetworkScheduler: Error inserting service_kind=0 source=16 tag=Measurement.PackageMeasurementTaskService.UPLOAD_TASK_TAG target_package=com.google.android.gms requires_charging=0 source_version=203915000 required_network_type=0 flex_time=1808000 persistence_level=1 target_class=com.google.android.gms.measurement.PackageMeasurementTaskService runtime=1667131671472 retry_strategy={"maximum_backoff_seconds":{"3600":0},"initial_backoff_seconds":{"30":0},"retry_policy":{"0":0}} preferred_network_type=1 required_idleness_state=0 preferred_charging_state=1 period=3617000 last_runtime=0 task_type=0 job_id=-1 user_id=0, error message: UNIQUE constraint failed: pending_ops.tag, pending_ops.target_class, pending_ops.target_package, pending_ops.user_id (code 2067) [CONTEXT service_id=218 ]
10-30 13:07:51.497   787  7651 W NetworkScheduler: Error inserting service_kind=0 source=16 tag=Measurement.PackageMeasurementTaskService.UPLOAD_TASK_TAG target_package=com.google.android.gms requires_charging=0 source_version=203915000 required_network_type=0 flex_time=1808000 persistence_level=1 target_class=com.google.android.gms.measurement.PackageMeasurementTaskService runtime=1667131671496 retry_strategy={"maximum_backoff_seconds":{"3600":0},"initial_backoff_seconds":{"30":0},"retry_policy":{"0":0}} preferred_network_type=1 required_idleness_state=0 preferred_charging_state=1 period=3617000 last_runtime=0 task_type=0 job_id=-1 user_id=0, error message: UNIQUE constraint failed: pending_ops.tag, pending_ops.target_class, pending_ops.target_package, pending_ops.user_id (code 2067) [CONTEXT service_id=218 ]
10-30 13:07:54.974  7463  7463 I PlayCore: UID: [10122]  PID: [7463] AppUpdateListenerRegistry : registerListener
10-30 13:07:54.975  7463  7463 I PlayCore: UID: [10122]  PID: [7463] AppUpdateService : requestUpdateInfo(com.opera.browser)
10-30 13:07:54.976  7463  7680 I PlayCore: UID: [10122]  PID: [7463] AppUpdateService : Initiate binding to the service.
10-30 13:07:54.977   600  6312 W ActivityManager: Unable to start service Intent { act=com.google.android.play.core.install.BIND_UPDATE_SERVICE pkg=com.android.vending } U=0: not found
10-30 13:07:54.977  7463  7680 I PlayCore: UID: [10122]  PID: [7463] AppUpdateService : Failed to bind to the service.
10-30 13:07:55.046  7463  7682 D ApplicationLoaders: ignored Vulkan layer search path /data/app/com.google.android.gms-1/lib/arm:/data/app/com.google.android.gms-1/base.apk!/lib/armeabi-v7a:/data/app/com.google.android.gms-1/split_config.en.apk!/lib/armeabi-v7a for namespace 0xf4a3b090
10-30 13:07:55.048  7463  7682 W ResourceType: ResTable_typeSpec entry count inconsistent: given 67, previously 69
10-30 13:07:55.048  7463  7682 W ResourceType: ResTable_typeSpec entry count inconsistent: given 5346, previously 5347
10-30 13:07:55.429   600   612 D SyncManager: failed sync operation JobId: 100983, com.opera.browser u0 (com.opera.browser.ping), com.opera.browser.ping.provider, SERVER, reason: 10122, SyncResult: delayUntil: 1667138875 stats [ numIoExceptions: 1]
10-30 13:08:01.200  1140  1140 I MemoryTrimmer: Trimming objects from memory, since app is in the background.
10-30 13:08:02.367  7711  7711 D AndroidRuntime: >>>>>> START com.android.internal.os.RuntimeInit uid 2000 <<<<<<
10-30 13:08:02.370  7711  7711 D AndroidRuntime: CheckJNI is OFF
10-30 13:08:02.435  7711  7711 D ICU     : No timezone override file found: /data/misc/zoneinfo/current/icu/icu_tzdata.dat
10-30 13:08:02.468  7711  7711 I Radio-JNI: register_android_hardware_Radio DONE
10-30 13:08:02.484  7711  7711 D AndroidRuntime: Calling main entry com.android.commands.monkey.Monkey
10-30 13:08:02.549   600   613 W BroadcastQueue: Skipping deliver [background] BroadcastRecord{35b85a0 u-1 android.net.conn.CONNECTIVITY_CHANGE} to ReceiverList{a6ed559 7711 (unknown name)/2000/u-1 remote:90bfdd2}: process crashing
10-30 13:08:04.224  7711  7711 D MonkeyStub: translateCommand: wake
10-30 13:08:04.340  7711  7711 D MonkeyStub: translateCommand: tap 960 1881
10-30 13:08:04.391   600   611 I ActivityManager: START u0 {act=android.intent.action.VIEW flg=0x1000000 cmp=com.opera.browser/com.opera.android.IntentDispatcherActivity} from uid 10122 on display 0
10-30 13:08:04.484  1084  1171 I OpenGLRenderer: Initialized EGL, version 1.4
10-30 13:08:04.484  1084  1171 D OpenGLRenderer: Swap behavior 2
10-30 13:08:04.536   600 16391 I ActivityManager: START u0 {act=android.intent.action.VIEW flg=0x15002000 cmp=com.opera.browser/com.opera.android.BrowserActivity} from uid 10122 on display 0
10-30 13:08:04.635   600   609 W art     : Suspending all threads took: 14.785ms
10-30 13:08:04.652   600   609 I art     : Background partial concurrent mark sweep GC freed 43398(2MB) AllocSpace objects, 42(1272KB) LOS objects, 33% free, 15MB/23MB, paused 15.805ms total 209.494ms
10-30 13:08:04.685  7463  7473 I art     : Background partial concurrent mark sweep GC freed 24979(1933KB) AllocSpace objects, 40(800KB) LOS objects, 40% free, 6MB/11MB, paused 3.840ms total 143.652ms
10-30 13:08:04.902  1084  1084 I MemoryTrimmer: Trimming objects from memory, since app is in the background.
10-30 13:08:04.912  7463  7758 W ResourceType: ResTable_typeSpec entry count inconsistent: given 67, previously 69
10-30 13:08:04.913  7463  7758 W ResourceType: ResTable_typeSpec entry count inconsistent: given 5346, previously 5347
10-30 13:08:05.050   600   620 I ActivityManager: Displayed com.opera.browser/com.opera.android.BrowserActivity: +452ms (total +634ms)
10-30 13:08:05.064   600  3507 I CwMcuSensor: CwMcuSensor::flush: fd = 252, sensors_id = 0, path = /sys/class/htc_sensorhub/sensor_hub/flush, err = 0
10-30 13:08:05.088  7463  7574 D OpenGLRenderer: endAllActiveAnimators on 0xd1234f80 (RippleDrawable) with handle 0xd2a12ec0
10-30 13:08:05.162  7463  7754 E [Leanplum][ERROR]: No variable values were received from the server. Please contact us to investigate.
10-30 13:08:05.211  7463  7473 I art     : Background sticky concurrent mark sweep GC freed 47957(3MB) AllocSpace objects, 52(1040KB) LOS objects, 27% free, 8MB/11MB, paused 2.892ms total 201.604ms
10-30 13:08:05.383  7463  7776 W ResourceType: ResTable_typeSpec entry count inconsistent: given 67, previously 69
10-30 13:08:05.383  7463  7776 W ResourceType: ResTable_typeSpec entry count inconsistent: given 5346, previously 5347
10-30 13:08:05.617  7463  7468 I art     : Do partial code cache collection, code=18KB, data=30KB
10-30 13:08:05.618  7463  7468 I art     : After code cache collection, code=18KB, data=30KB
10-30 13:08:05.618  7463  7468 I art     : Increasing code cache capacity to 128KB
10-30 13:08:05.698  7463  7463 E Sensors : sendAck failure -1 1
10-30 13:08:05.729  7463  7463 I Choreographer: Skipped 36 frames!  The application may be doing too much work on its main thread.
10-30 13:08:05.930  7463  7463 W View    : requestLayout() improperly called by com.opera.android.custom_views.FadingRecyclerView{44027ec VFED.V... ......ID 0,813-1536,813 #7f0a0825 app:id/suggested_dials_grid} during layout: running second layout pass
10-30 13:08:06.176  7463  7473 I art     : Background partial concurrent mark sweep GC freed 30496(1599KB) AllocSpace objects, 10(1148KB) LOS objects, 39% free, 10MB/17MB, paused 5.770ms total 201.272ms
10-30 13:08:06.387  7827  7827 I dex2oat : /system/bin/dex2oat --dex-file=/data/user/0/com.opera.browser/code_cache/.       --oat-fd=193 --oat-location=/data/user/0/com.opera.browser/code_cache/.     --compiler-filter=speed
10-30 13:08:06.676  7827  7827 I dex2oat : dex2oat took 298.220ms (threads: 2) arena alloc=432KB (442800B) java alloc=32KB (33064B) native alloc=346KB (354496B) free=1189KB (1218368B)
10-30 13:08:06.756  7463  7463 E Sensors : sendAck failure -1 1
10-30 13:08:07.105  7835  7835 I dex2oat : /system/bin/dex2oat --dex-file=/data/user/0/com.opera.browser/code_cache/.    ​ --oat-fd=61 --oat-location=/data/user/0/com.opera.browser/code_cache/.    --compiler-filter=speed
10-30 13:08:07.125  7463  7473 I art     : Background sticky concurrent mark sweep GC freed 45513(4MB) AllocSpace objects, 40(1280KB) LOS objects, 26% free, 13MB/17MB, paused 4.019ms total 183.954ms
10-30 13:08:07.397  7463  7468 I art     : Do partial code cache collection, code=38KB, data=62KB
10-30 13:08:07.434  7463  7468 I art     : After code cache collection, code=37KB, data=62KB
10-30 13:08:07.440  7463  7468 I art     : Increasing code cache capacity to 256KB
10-30 13:08:07.585  7835  7835 I dex2oat : dex2oat took 481.254ms (threads: 2) arena alloc=611KB (626512B) java alloc=109KB (112048B) native alloc=523KB (536456B) free=1524KB (1560696B)
10-30 13:08:07.786   787  3918 W NetworkScheduler: Error inserting service_kind=0 source=16 tag=Measurement.PackageMeasurementTaskService.UPLOAD_TASK_TAG target_package=com.google.android.gms requires_charging=0 source_version=203915000 required_network_type=0 flex_time=1792000 persistence_level=1 target_class=com.google.android.gms.measurement.PackageMeasurementTaskService runtime=1667131687782 retry_strategy={"maximum_backoff_seconds":{"3600":0},"initial_backoff_seconds":{"30":0},"retry_policy":{"0":0}} preferred_network_type=1 required_idleness_state=0 preferred_charging_state=1 period=3585000 last_runtime=0 task_type=0 job_id=-1 user_id=0, error message: UNIQUE constraint failed: pending_ops.tag, pending_ops.target_class, pending_ops.target_package, pending_ops.user_id (code 2067) [CONTEXT service_id=218 ]
10-30 13:08:07.823   787  7651 W NetworkScheduler: Error inserting service_kind=0 source=16 tag=Measurement.PackageMeasurementTaskService.UPLOAD_TASK_TAG target_package=com.google.android.gms requires_charging=0 source_version=203915000 required_network_type=0 flex_time=1792000 persistence_level=1 target_class=com.google.android.gms.measurement.PackageMeasurementTaskService runtime=1667131687820 retry_strategy={"maximum_backoff_seconds":{"3600":0},"initial_backoff_seconds":{"30":0},"retry_policy":{"0":0}} preferred_network_type=1 required_idleness_state=0 preferred_charging_state=1 period=3585000 last_runtime=0 task_type=0 job_id=-1 user_id=0, error message: UNIQUE constraint failed: pending_ops.tag, pending_ops.target_class, pending_ops.target_package, pending_ops.user_id (code 2067) [CONTEXT service_id=218 ]
10-30 13:08:08.061  7463  7473 I art     : Background partial concurrent mark sweep GC freed 113406(5MB) AllocSpace objects, 14(1032KB) LOS objects, 39% free, 13MB/22MB, paused 1.550ms total 182.745ms
10-30 13:08:08.395  7711  7711 D MonkeyStub: translateCommand: tap 57 93
10-30 13:08:10.517  7711  7711 D MonkeyStub: translateCommand: tap 57 93
10-30 13:08:12.773  7711  7711 D MonkeyStub: translateCommand: tap 446 593
10-30 13:08:15.021  7711  7711 D MonkeyStub: translateCommand: tap 667 302
10-30 13:08:15.185  7463  7468 I art     : Do full code cache collection, code=80KB, data=123KB
10-30 13:08:15.187  7463  7468 I art     : Starting a blocking GC JitCodeCache
10-30 13:08:15.187  7463  7468 I art     : After code cache collection, code=62KB, data=67KB
10-30 13:08:15.628  7463  7468 I art     : Do partial code cache collection, code=72KB, data=83KB
10-30 13:08:15.629  7463  7468 I art     : After code cache collection, code=72KB, data=83KB
10-30 13:08:15.629  7463  7468 I art     : Increasing code cache capacity to 512KB
10-30 13:08:18.300  7711  7711 D MonkeyStub: translateCommand: tap 1286 930
10-30 13:08:19.529  7711  7711 D MonkeyStub: translateCommand: tap 62 98
10-30 13:08:19.568  7711  7711 D MonkeyStub: translateCommand: tap 729 89
10-30 13:08:19.584  7711  7711 D MonkeyStub: Quit requested
10-30 13:08:19.609   600   614 I CwMcuSensor: CwMcuSensor::flush: fd = 252, sensors_id = 0, path = /sys/class/htc_sensorhub/sensor_hub/flush, err = 0
10-30 13:08:19.628  7711  7711 I art     : System.exit called, status: 16
10-30 13:08:19.628  7711  7711 I AndroidRuntime: VM exiting with result code 16.
10-30 13:08:19.664   600   610 W WindowManager: Attempted to remove non-existing token: android.os.Binder@1ae6e15
10-30 13:08:19.929   600  7064 E BatteryStatsService: power: Missing API
10-30 13:08:19.936   600  7064 E BatteryStatsService: no controller energy info supplied
10-30 13:08:19.937   796   796 E PhoneInterfaceManager: [PhoneIntfMgr] queryModemActivityInfo: Empty response
10-30 13:08:19.943   600  7064 E BatteryStatsService: modem info is invalid: ModemActivityInfo{ mTimestamp=0 mSleepTimeMs=0 mIdleTimeMs=0 mTxTimeMs[]=[0, 0, 0, 0, 0] mRxTimeMs=0 mEnergyUsed=0}
10-30 13:08:20.381  7869  7869 D AndroidRuntime: >>>>>> START com.android.internal.os.RuntimeInit uid 2000 <<<<<<
10-30 13:08:20.384  7869  7869 D AndroidRuntime: CheckJNI is OFF
10-30 13:08:20.451  7869  7869 D ICU     : No timezone override file found: /data/misc/zoneinfo/current/icu/icu_tzdata.dat
10-30 13:08:20.480  7869  7869 I Radio-JNI: register_android_hardware_Radio DONE
10-30 13:08:20.495  7869  7869 D AndroidRuntime: Calling main entry com.android.commands.am.Am
10-30 13:08:20.513   600   611 I ActivityManager: START u0 {act=android.intent.action.VIEW dat=http://scientificamerican.com/... flg=0x10000000 cmp=com.opera.browser/com.opera.Opera} from uid 2000 on display 0
10-30 13:08:20.519  7869  7869 D AndroidRuntime: Shutting down VM
10-30 13:08:20.618  7463  7463 W art     : Before Android 4.1, method double java.util.concurrent.ThreadLocalRandom.internalNextDouble(double, double) would have incorrectly overridden the package-private method in java.util.Random
10-30 13:08:20.618  7463  7463 W art     : Before Android 4.1, method int java.util.concurrent.ThreadLocalRandom.internalNextInt(int, int) would have incorrectly overridden the package-private method in java.util.Random
10-30 13:08:20.618  7463  7463 W art     : Before Android 4.1, method long java.util.concurrent.ThreadLocalRandom.internalNextLong(long, long) would have incorrectly overridden the package-private method in java.util.Random
10-30 13:08:20.655   600   619 D BluetoothManagerService: Message: 20
10-30 13:08:20.655   600   619 D BluetoothManagerService: Added callback: android.bluetooth.IBluetoothManagerCallback$Stub$Proxy@42400c0:true
10-30 13:08:20.673   600 24611 I ActivityManager: Start proc 7881:com.opera.browser:sandboxed_process0/u0a122 for service com.opera.browser/com.opera.android.browser.chromium.services.SandboxedProcessService0
10-30 13:08:20.736  7881  7881 I art     : Starting a blocking GC AddRemoveAppImageSpace
10-30 13:08:20.752  7881  7881 I LoadedApk: No resource references to update in package com.opera.browser.nord_vpn
10-30 13:08:20.814  7463  7833 W ResourceType: ResTable_typeSpec entry count inconsistent: given 67, previously 69
10-30 13:08:20.814  7463  7833 W ResourceType: ResTable_typeSpec entry count inconsistent: given 5346, previously 5347
10-30 13:08:20.910   787  1714 I FontLog : Received query name=Google Sans&weight=400&besteffort=false, URI content://com.google.android.gms.fonts [CONTEXT service_id=132 ]
10-30 13:08:20.910   787  1714 I FontLog : Query [name=Google Sans&weight=400&besteffort=false] resolved to {Google Sans, wdth 100.0, wght 400, ital 0.0, bestEffort false} [CONTEXT service_id=132 ]
10-30 13:08:20.913   787  1714 I FontLog : Font PFD returned from cache for {Google Sans, wdth 100.0, wght 400, ital 0.0, bestEffort false} [CONTEXT service_id=132 ]
10-30 13:08:20.913   787  1714 I FontLog : Fetch {Google Sans, wdth 100.0, wght 400, ital 0.0, bestEffort false} end status Status{statusCode=SUCCESS, resolution=null} [CONTEXT service_id=132 ]
10-30 13:08:20.916   787 28592 I FontLog : Pulling font file for id = 880, cache size = 5 [CONTEXT service_id=132 ]
10-30 13:08:20.922   787 28597 I FontLog : Received query name=Google Sans&weight=500&besteffort=false, URI content://com.google.android.gms.fonts [CONTEXT service_id=132 ]
10-30 13:08:20.922   787 28597 I FontLog : Query [name=Google Sans&weight=500&besteffort=false] resolved to {Google Sans, wdth 100.0, wght 500, ital 0.0, bestEffort false} [CONTEXT service_id=132 ]
10-30 13:08:20.923   787 28597 I FontLog : Font PFD returned from cache for {Google Sans, wdth 100.0, wght 500, ital 0.0, bestEffort false} [CONTEXT service_id=132 ]
10-30 13:08:20.923   787 28597 I FontLog : Fetch {Google Sans, wdth 100.0, wght 500, ital 0.0, bestEffort false} end status Status{statusCode=SUCCESS, resolution=null} [CONTEXT service_id=132 ]
10-30 13:08:20.928   787  1716 I FontLog : Pulling font file for id = 881, cache size = 6 [CONTEXT service_id=132 ]
10-30 13:08:20.971   787   806 I FontLog : Received query name=Google Sans&weight=700&besteffort=false, URI content://com.google.android.gms.fonts [CONTEXT service_id=132 ]
10-30 13:08:20.971   787   806 I FontLog : Query [name=Google Sans&weight=700&besteffort=false] resolved to {Google Sans, wdth 100.0, wght 700, ital 0.0, bestEffort false} [CONTEXT service_id=132 ]
10-30 13:08:20.972   787   806 I FontLog : Fetch {Google Sans, wdth 100.0, wght 700, ital 0.0, bestEffort false} end status Status{statusCode=SUCCESS, resolution=null} [CONTEXT service_id=132 ]
10-30 13:08:20.976   787 28590 I FontLog : Pulling font file for id = 882, cache size = 7 [CONTEXT service_id=132 ]
10-30 13:08:20.985   787 28588 I FontLog : Received query name=Noto Color Emoji Compat&weight=400&besteffort=false, URI content://com.google.android.gms.fonts [CONTEXT service_id=132 ]
10-30 13:08:20.985   787 28588 I FontLog : Query [name=Noto Color Emoji Compat&weight=400&besteffort=false] resolved to {Noto Color Emoji Compat, wdth 100.0, wght 400, ital 0.0, bestEffort false} [CONTEXT service_id=132 ]
10-30 13:08:20.987   787 28588 I FontLog : Fetch {Noto Color Emoji Compat, wdth 100.0, wght 400, ital 0.0, bestEffort false} end status Status{statusCode=SUCCESS, resolution=null} [CONTEXT service_id=132 ]
10-30 13:08:20.989   787 28591 I FontLog : Pulling font file for id = 883, cache size = 8 [CONTEXT service_id=132 ]
10-30 13:08:21.175   787  7905 W FontLog : Error updating last accessed time for {Noto Color Emoji Compat, wdth 100.0, wght 400, ital 0.0, bestEffort false}. [CONTEXT service_id=132 ]
10-30 13:08:21.175   787  7905 W FontLog : java.lang.IllegalStateException: Cannot perform this operation because the connection pool has been closed.
10-30 13:08:21.175   787  7905 W FontLog : 	at android.database.sqlite.SQLiteConnectionPool.throwIfClosedLocked(SQLiteConnectionPool.java:962)
10-30 13:08:21.175   787  7905 W FontLog : 	at android.database.sqlite.SQLiteConnectionPool.waitForConnection(SQLiteConnectionPool.java:599)
10-30 13:08:21.175   787  7905 W FontLog : 	at android.database.sqlite.SQLiteConnectionPool.acquireConnection(SQLiteConnectionPool.java:348)
10-30 13:08:21.175   787  7905 W FontLog : 	at android.database.sqlite.SQLiteSession.acquireConnection(SQLiteSession.java:894)
10-30 13:08:21.175   787  7905 W FontLog : 	at android.database.sqlite.SQLiteSession.executeForChangedRowCount(SQLiteSession.java:752)
10-30 13:08:21.175   787  7905 W FontLog : 	at android.database.sqlite.SQLiteStatement.executeUpdateDelete(SQLiteStatement.java:64)
10-30 13:08:21.175   787  7905 W FontLog : 	at android.database.sqlite.SQLiteDatabase.executeSql(SQLiteDatabase.java:1679)
10-30 13:08:21.175   787  7905 W FontLog : 	at android.database.sqlite.SQLiteDatabase.execSQL(SQLiteDatabase.java:1658)
10-30 13:08:21.175   787  7905 W FontLog : 	at aafx.run(Unknown Source)
10-30 13:08:21.175   787  7905 W FontLog : 	at sup.b(:com.google.android.gms@203915020@20.39.15 (040406-335085812):12)
10-30 13:08:21.175   787  7905 W FontLog : 	at sup.run(:com.google.android.gms@203915020@20.39.15 (040406-335085812):7)
10-30 13:08:21.175   787  7905 W FontLog : 	at java.util.concurrent.ThreadPoolExecutor.runWorker(ThreadPoolExecutor.java:1133)
10-30 13:08:21.175   787  7905 W FontLog : 	at java.util.concurrent.ThreadPoolExecutor$Worker.run(ThreadPoolExecutor.java:607)
10-30 13:08:21.175   787  7905 W FontLog : 	at tam.run(:com.google.android.gms@203915020@20.39.15 (040406-335085812):0)
10-30 13:08:21.175   787  7905 W FontLog : 	at java.lang.Thread.run(Thread.java:761)
10-30 13:08:21.331   787  3918 W NetworkScheduler: Error inserting service_kind=0 source=16 tag=Measurement.PackageMeasurementTaskService.UPLOAD_TASK_TAG target_package=com.google.android.gms requires_charging=0 source_version=203915000 required_network_type=0 flex_time=1778000 persistence_level=1 target_class=com.google.android.gms.measurement.PackageMeasurementTaskService runtime=1667131701328 retry_strategy={"maximum_backoff_seconds":{"3600":0},"initial_backoff_seconds":{"30":0},"retry_policy":{"0":0}} preferred_network_type=1 required_idleness_state=0 preferred_charging_state=1 period=3558000 last_runtime=0 task_type=0 job_id=-1 user_id=0, error message: UNIQUE constraint failed: pending_ops.tag, pending_ops.target_class, pending_ops.target_package, pending_ops.user_id (code 2067) [CONTEXT service_id=218 ]
10-30 13:08:33.875  7938  7938 D AndroidRuntime: >>>>>> START com.android.internal.os.RuntimeInit uid 2000 <<<<<<
10-30 13:08:33.879  7938  7938 D AndroidRuntime: CheckJNI is OFF
10-30 13:08:33.945  7938  7938 D ICU     : No timezone override file found: /data/misc/zoneinfo/current/icu/icu_tzdata.dat
10-30 13:08:33.977  7938  7938 I Radio-JNI: register_android_hardware_Radio DONE
10-30 13:08:33.991  7938  7938 D AndroidRuntime: Calling main entry com.android.commands.monkey.Monkey
10-30 13:08:34.061   600   613 W BroadcastQueue: Skipping deliver [background] BroadcastRecord{afee211 u-1 android.net.conn.CONNECTIVITY_CHANGE} to ReceiverList{18d9f76 7938 (unknown name)/2000/u-1 remote:2ff1e9b}: process crashing
10-30 13:08:35.775  7938  7938 D MonkeyStub: translateCommand: wake
10-30 13:08:35.912  7938  7938 D MonkeyStub: translateCommand: tap 1046 1868
10-30 13:08:36.379   600   609 I art     : Background partial concurrent mark sweep GC freed 42767(2MB) AllocSpace objects, 11(236KB) LOS objects, 33% free, 15MB/23MB, paused 4.667ms total 138.752ms
10-30 13:08:46.153  7938  7938 D MonkeyStub: translateCommand: touch down 614 1561
10-30 13:08:46.171  7938  7938 D MonkeyStub: translateCommand: touch move 614 1561
10-30 13:08:46.283  7938  7938 D MonkeyStub: translateCommand: touch move 614 1436
10-30 13:08:46.391  7938  7938 D MonkeyStub: translateCommand: touch move 614 1311
10-30 13:08:46.502  7938  7938 D MonkeyStub: translateCommand: touch move 614 1186
10-30 13:08:46.610  7938  7938 D MonkeyStub: translateCommand: touch move 614 1061
10-30 13:08:46.723  7938  7938 D MonkeyStub: translateCommand: touch move 614 937
10-30 13:08:46.835  7938  7938 D MonkeyStub: translateCommand: touch move 614 812
10-30 13:08:46.948  7938  7938 D MonkeyStub: translateCommand: touch move 614 687
10-30 13:08:47.056  7938  7938 D MonkeyStub: translateCommand: touch move 614 562
10-30 13:08:47.167  7938  7938 D MonkeyStub: translateCommand: touch move 614 437
10-30 13:08:47.275  7938  7938 D MonkeyStub: translateCommand: touch move 614 312
10-30 13:08:47.280  7938  7938 D MonkeyStub: translateCommand: touch up 614 312
10-30 13:08:47.333  7938  7938 D MonkeyStub: translateCommand: touch down 614 1561
10-30 13:08:47.340  7938  7938 D MonkeyStub: translateCommand: touch move 614 1561
10-30 13:08:47.450  7938  7938 D MonkeyStub: translateCommand: touch move 614 1436
10-30 13:08:47.563  7938  7938 D MonkeyStub: translateCommand: touch move 614 1311
10-30 13:08:47.672  7938  7938 D MonkeyStub: translateCommand: touch move 614 1186
10-30 13:08:47.782  7938  7938 D MonkeyStub: translateCommand: touch move 614 1061
10-30 13:08:47.893  7938  7938 D MonkeyStub: translateCommand: touch move 614 937
10-30 13:08:48.001  7938  7938 D MonkeyStub: translateCommand: touch move 614 812
10-30 13:08:48.117  7938  7938 D MonkeyStub: translateCommand: touch move 614 687
10-30 13:08:48.228  7938  7938 D MonkeyStub: translateCommand: touch move 614 562
10-30 13:08:48.333  7938  7938 D MonkeyStub: translateCommand: touch move 614 437
10-30 13:08:48.446  7938  7938 D MonkeyStub: translateCommand: touch move 614 312
10-30 13:08:48.449  7938  7938 D MonkeyStub: translateCommand: touch up 614 312
10-30 13:08:50.660  7938  7938 D MonkeyStub: translateCommand: touch down 614 1561
10-30 13:08:50.680  7938  7938 D MonkeyStub: translateCommand: touch move 614 1561
10-30 13:08:50.792  7938  7938 D MonkeyStub: translateCommand: touch move 614 1436
10-30 13:08:50.901  7938  7938 D MonkeyStub: translateCommand: touch move 614 1311
10-30 13:08:51.014  7938  7938 D MonkeyStub: translateCommand: touch move 614 1186
10-30 13:08:51.126  7938  7938 D MonkeyStub: translateCommand: touch move 614 1061
10-30 13:08:51.241  7938  7938 D MonkeyStub: translateCommand: touch move 614 937
10-30 13:08:51.353  7938  7938 D MonkeyStub: translateCommand: touch move 614 812
10-30 13:08:51.486  7938  7938 D MonkeyStub: translateCommand: touch move 614 687
10-30 13:08:51.607  7938  7938 D MonkeyStub: translateCommand: touch move 614 562
10-30 13:08:51.736  7938  7938 D MonkeyStub: translateCommand: touch move 614 437
10-30 13:08:51.840  7938  7938 D MonkeyStub: translateCommand: touch move 614 312
10-30 13:08:51.847  7938  7938 D MonkeyStub: translateCommand: touch up 614 312
10-30 13:08:51.907  7938  7938 D MonkeyStub: translateCommand: touch down 614 1561
10-30 13:08:51.913  7938  7938 D MonkeyStub: translateCommand: touch move 614 1561
10-30 13:08:52.018  7938  7938 D MonkeyStub: translateCommand: touch move 614 1436
10-30 13:08:52.123  7938  7938 D MonkeyStub: translateCommand: touch move 614 1311
10-30 13:08:52.228  7938  7938 D MonkeyStub: translateCommand: touch move 614 1186
10-30 13:08:52.360  7938  7938 D MonkeyStub: translateCommand: touch move 614 1061
10-30 13:08:52.473  7938  7938 D MonkeyStub: translateCommand: touch move 614 937
10-30 13:08:52.583  7938  7938 D MonkeyStub: translateCommand: touch move 614 812
10-30 13:08:52.695  7938  7938 D MonkeyStub: translateCommand: touch move 614 687
10-30 13:08:52.808  7938  7938 D MonkeyStub: translateCommand: touch move 614 562
10-30 13:08:52.937  7938  7938 D MonkeyStub: translateCommand: touch move 614 437
10-30 13:08:53.041  7938  7938 D MonkeyStub: translateCommand: touch move 614 312
10-30 13:08:53.045  7938  7938 D MonkeyStub: translateCommand: touch up 614 312
10-30 13:08:53.088  7938  7938 D MonkeyStub: translateCommand: touch down 614 1561
10-30 13:08:53.094  7938  7938 D MonkeyStub: translateCommand: touch move 614 1561
10-30 13:08:53.204  7938  7938 D MonkeyStub: translateCommand: touch move 614 1436
10-30 13:08:53.318  7938  7938 D MonkeyStub: translateCommand: touch move 614 1311
10-30 13:08:53.427  7938  7938 D MonkeyStub: translateCommand: touch move 614 1186
10-30 13:08:53.546  7938  7938 D MonkeyStub: translateCommand: touch move 614 1061
10-30 13:08:53.656  7938  7938 D MonkeyStub: translateCommand: touch move 614 937
10-30 13:08:53.765  7938  7938 D MonkeyStub: translateCommand: touch move 614 812
10-30 13:08:53.870  7938  7938 D MonkeyStub: translateCommand: touch move 614 687
10-30 13:08:53.983  7938  7938 D MonkeyStub: translateCommand: touch move 614 562
10-30 13:08:54.092  7938  7938 D MonkeyStub: translateCommand: touch move 614 437
10-30 13:08:54.206  7938  7938 D MonkeyStub: translateCommand: touch move 614 312
10-30 13:08:54.213  7938  7938 D MonkeyStub: translateCommand: touch up 614 312
10-30 13:08:57.283  7938  7938 D MonkeyStub: translateCommand: touch down 614 1561
10-30 13:08:57.297  7938  7938 D MonkeyStub: translateCommand: touch move 614 1561
10-30 13:08:57.412  7938  7938 D MonkeyStub: translateCommand: touch move 614 1436
10-30 13:08:57.522  7938  7938 D MonkeyStub: translateCommand: touch move 614 1311
10-30 13:08:57.626  7938  7938 D MonkeyStub: translateCommand: touch move 614 1186
10-30 13:08:57.745  7938  7938 D MonkeyStub: translateCommand: touch move 614 1061
10-30 13:08:57.851  7938  7938 D MonkeyStub: translateCommand: touch move 614 937
10-30 13:08:57.960  7938  7938 D MonkeyStub: translateCommand: touch move 614 812
10-30 13:08:58.064  7938  7938 D MonkeyStub: translateCommand: touch move 614 687
10-30 13:08:58.178  7938  7938 D MonkeyStub: translateCommand: touch move 614 562
10-30 13:08:58.286  7938  7938 D MonkeyStub: translateCommand: touch move 614 437
10-30 13:08:58.404  7938  7938 D MonkeyStub: translateCommand: touch move 614 312
10-30 13:08:58.415  7938  7938 D MonkeyStub: translateCommand: touch up 614 312
10-30 13:08:58.458  7938  7938 D MonkeyStub: translateCommand: touch down 614 1561
10-30 13:08:58.463  7938  7938 D MonkeyStub: translateCommand: touch move 614 1561
10-30 13:08:58.574  7938  7938 D MonkeyStub: translateCommand: touch move 614 1436
10-30 13:08:58.686  7938  7938 D MonkeyStub: translateCommand: touch move 614 1311
10-30 13:08:58.855  7938  7938 D MonkeyStub: translateCommand: touch move 614 1186
10-30 13:08:58.984  7938  7938 D MonkeyStub: translateCommand: touch move 614 1061
10-30 13:08:59.102  7938  7938 D MonkeyStub: translateCommand: touch move 614 937
10-30 13:08:59.225  7938  7938 D MonkeyStub: translateCommand: touch move 614 812
10-30 13:08:59.344  7938  7938 D MonkeyStub: translateCommand: touch move 614 687
10-30 13:08:59.457  7938  7938 D MonkeyStub: translateCommand: touch move 614 562
10-30 13:08:59.568  7938  7938 D MonkeyStub: translateCommand: touch move 614 437
10-30 13:08:59.688  7938  7938 D MonkeyStub: translateCommand: touch move 614 312
10-30 13:08:59.697  7938  7938 D MonkeyStub: translateCommand: touch up 614 312
10-30 13:09:01.929  7938  7938 D MonkeyStub: translateCommand: tap 734 1352
10-30 13:09:03.341   600  3994 D DnsEventListenerService: Logging 100 results for netId 100
10-30 13:09:04.134  7881  7896 I chromium: [INFO:pipeline_controller.cc(46)] MCHR-300: Starting pipeline, demuxer: FFmpegDemuxer
10-30 13:09:04.192  7881  7982 I chromium: [INFO:ffmpeg_glue.cc(159)] MCHR-300: Container: mov,mp4,m4a,3gp,3g2,mj2
10-30 13:09:04.259  7598  8018 W VideoCapabilities: Unrecognized level 0 for video/x-vnd.on2.vp8
10-30 13:09:04.287  7598  8018 I VideoCapabilities: Unsupported profile 4 for video/mp4v-es
10-30 13:09:04.304  7598  8019 W VideoCapabilities: Unrecognized level 0 for video/x-vnd.on2.vp8
10-30 13:09:04.309  7598  8019 I VideoCapabilities: Unsupported profile 4 for video/mp4v-es
10-30 13:09:04.420  7463  7463 V MediaRouter: Adding route: RouteInfo{ name=Tablet, description=null, status=null, category=RouteCategory{ name=null types=ROUTE_TYPE_LIVE_AUDIO ROUTE_TYPE_LIVE_VIDEO  groupable=false }, supportedTypes=ROUTE_TYPE_LIVE_AUDIO ROUTE_TYPE_LIVE_VIDEO , presentationDisplay=null }
10-30 13:09:04.426  7463  7463 V MediaRouter: Updating audio routes: AudioRoutesInfo{ type=SPEAKER }
10-30 13:09:04.428  7463  7463 V MediaRouter: Selecting route: RouteInfo{ name=Tablet, description=null, status=null, category=RouteCategory{ name=null types=ROUTE_TYPE_LIVE_AUDIO ROUTE_TYPE_LIVE_VIDEO  groupable=false }, supportedTypes=ROUTE_TYPE_LIVE_AUDIO ROUTE_TYPE_LIVE_VIDEO , presentationDisplay=null }
10-30 13:09:04.455  7881  8015 I chromium: [INFO:decoder_stream.cc(443)] MCHR-300: Selected MediaCodecVideoDecoder for video decoding, config: codec: h264, profile: h264 main, level: not available, alpha_mode: is_opaque, coded size: [2526,1000], visible rect: [0,0,2526,1000], natural size: [2526,1000], has extra data: true, encryption scheme: Unencrypted, rotation: 0°, flipped: 0, color space: {primaries:BT709, transfer:BT709, matrix:BT709, range:LIMITED}
10-30 13:09:04.464  7463  7463 V MediaRouter: Selecting route: RouteInfo{ name=Tablet, description=null, status=null, category=RouteCategory{ name=null types=ROUTE_TYPE_LIVE_AUDIO ROUTE_TYPE_LIVE_VIDEO  groupable=false }, supportedTypes=ROUTE_TYPE_LIVE_AUDIO ROUTE_TYPE_LIVE_VIDEO , presentationDisplay=null }
10-30 13:09:04.487  1279  1279 I DiscoveryManager: WifiGuestModeDeviceScanner enabled.
10-30 13:09:04.488   600   647 I WifiHAL : Got channel list with 13 channels
10-30 13:09:04.488   600   647 I WifiHAL : Got channel list with 4 channels
10-30 13:09:04.489   600   647 I WifiHAL : Got channel list with 15 channels
10-30 13:09:04.502  1279  1326 I CastDatabase: Opening the database
10-30 13:09:04.558  1279  1326 I SQLiteCastStore: 2 CastNetworkInfo instances loaded, 1 CastDeviceInfo instances loaded, 0 paired guest mode devices loaded.
10-30 13:09:04.558  1279  1326 I DiscoveryManager: Filter criteria(D38CB0C5) scannerFlags(0)
10-30 13:09:04.566  1279  1326 I CastDatabase: CastDeviceInfo created: V_ad901d7f-8e9a-46a3-9190-c2b02f9bb273
10-30 13:09:04.567  1279  1326 W GuestModeDeviceProber: setFilterCriteria
10-30 13:09:04.578  1279  1326 E DeviceScanner: [BLE] Failed to start scan because the Bluetooth is disabled.
10-30 13:09:04.581  1279  1326 W DatabaseProcessor: processLocalDevices: failed to get the network info with non-null bssid.
10-30 13:09:04.588  1279  1326 W DatabaseProcessor: processLocalDevices: failed to get the network info with non-null bssid.
10-30 13:09:04.592  1279  1326 E DeviceScanner: [BLE] Failed to start scan because the Bluetooth is disabled.
10-30 13:09:04.592  1279  1326 W DatabaseProcessor: processLocalDevices: failed to get the network info with non-null bssid.
10-30 13:09:04.593  1279  1326 W DatabaseProcessor: processLocalDevices: failed to get the network info with non-null bssid.
10-30 13:09:04.659   246   916 I MediaPlayerService: MediaPlayerService::getOMX
10-30 13:09:04.660  7598  8024 I OMXClient: MuxOMX ctor
10-30 13:09:04.661   243   952 I OMXMaster: makeComponentInstance(OMX.Nvidia.h264.decode) in mediacodec process
10-30 13:09:04.668  7598  8023 I MediaCodec: MediaCodec will operate in async mode
10-30 13:09:04.669  7598  8023 I MediaCodec: [OMX.Nvidia.h264.decode] setting surface generation to 7780353
10-30 13:09:04.674   243  2208 E OMXNodeInstance: getConfig(f30099:Nvidia.h264.decode, ConfigCommonOutputCrop(0x700000f)) ERROR: BadParameter(0x80001005)
10-30 13:09:04.684  7598  8024 D SurfaceUtils: set up nativeWindow 0xd07a4008 for 2526x1000, color 0x106, rotation 0, usage 0x2b00
10-30 13:09:04.686   243  8025 D NvOsDebugPrintf: NvMMLiteOpen : Block : BlockType = 261 
10-30 13:09:04.686   243  8025 D NvOsDebugPrintf: TVMR: NvMMLiteTVMRDecBlockOpen: 5008: NvMMLiteBlockOpen 
10-30 13:09:04.692   243  8025 D NvOsDebugPrintf: NvMMLiteBlockCreate : Block : BlockType = 261 
10-30 13:09:04.701   243  8027 D NvOsDebugPrintf: TVMR: cbBeginSequence: 655: BeginSequence  2528x1008, bVPR = 0
10-30 13:09:04.701   243  8027 D NvOsDebugPrintf: TVMR: cbBeginSequence: 918: DecodeBuffers = 12 
10-30 13:09:04.709   243  8027 D NvOsDebugPrintf: TVMR: cbBeginSequence: 938: Display Resolution : (2526x1000) 
10-30 13:09:04.709   243  8027 D NvOsDebugPrintf: TVMR: cbBeginSequence: 939: Display Aspect Ratio : (2526x1000) 
10-30 13:09:04.709   243  8027 D NvOsDebugPrintf: TVMR: cbBeginSequence: 1041: SurfaceLayout = 3
10-30 13:09:04.709   243  8027 D NvOsDebugPrintf: TVMR: cbBeginSequence: 1071: NumOfSurfaces = 16, InteraceStream = 0, InterlaceEnabled = 0, bSecure = 0, MVC = 0 Semiplanar = 1, bReinit = 1 
10-30 13:09:04.709   243  8027 D NvOsDebugPrintf: Allocating new output: 2528x1008 (x 18), ThumbnailMode = 0
10-30 13:09:04.713  7598  8024 D SurfaceUtils: set up nativeWindow 0xd07a4008 for 2528x1008, color 0x106, rotation 0, usage 0x2b00
10-30 13:09:04.713   243  3872 E OMXNodeInstance: setParameter(f30099:Nvidia.h264.decode, ParamPortDefinition(0x2000001)) ERROR: UnsupportedSetting(0x80001019)
10-30 13:09:04.713  7598  8024 W ACodec  : [OMX.Nvidia.h264.decode] setting nBufferCountActual to 23 failed: -1010
10-30 13:09:04.713   243  7970 E OMXNodeInstance: setParameter(f30099:Nvidia.h264.decode, ParamPortDefinition(0x2000001)) ERROR: UnsupportedSetting(0x80001019)
10-30 13:09:04.713  7598  8024 W ACodec  : [OMX.Nvidia.h264.decode] setting nBufferCountActual to 22 failed: -1010
10-30 13:09:04.713   243   263 E OMXNodeInstance: setParameter(f30099:Nvidia.h264.decode, ParamPortDefinition(0x2000001)) ERROR: UnsupportedSetting(0x80001019)
10-30 13:09:04.713  7598  8024 W ACodec  : [OMX.Nvidia.h264.decode] setting nBufferCountActual to 21 failed: -1010
10-30 13:09:07.589  1279  1327 W AdaptiveDiscoveryWorker: Exiting Adaptive Discovery. Current NetworkInfo is NULL.
10-30 13:09:07.786  1279  1327 W DatabaseProcessor: processLocalDevices: failed to get the network info with non-null bssid.
10-30 13:09:11.390   198   198 E SELinux : avc:  denied  { find } for service=netd pid=8038 uid=2000 scontext=u:r:shell:s0 tcontext=u:object_r:netd_service:s0 tclass=service_manager permissive=0
10-30 13:09:11.395   198   198 E SELinux : avc:  denied  { find } for service=android.service.gatekeeper.IGateKeeperService pid=8038 uid=2000 scontext=u:r:shell:s0 tcontext=u:object_r:gatekeeper_service:s0 tclass=service_manager permissive=0
10-30 13:09:14.987  7938  7938 D MonkeyStub: translateCommand: touch down 614 1561
10-30 13:09:15.007  7938  7938 D MonkeyStub: translateCommand: touch move 614 1561
10-30 13:09:15.132  7938  7938 D MonkeyStub: translateCommand: touch move 614 1436
