10-29 16:28:54.624 30197 30197 I ContactsPerf: VoicemailContentProvider.onCreate finish
10-29 16:28:54.633 30197 30197 W System  : ClassLoader referenced unknown path: /system/priv-app/BlockedNumberProvider/lib/arm64
10-29 16:28:54.635 30197 30197 D ApplicationLoaders: ignored Vulkan layer search path /system/priv-app/BlockedNumberProvider/lib/arm64:/system/lib64:/vendor/lib64 for namespace 0x7f9ac4d0f0
10-29 16:28:54.672 30182 30233 I cr_LibraryLoader: Loaded native library version number "85.0.4183.127"
10-29 16:28:54.673 30182 30233 I cr_CachingUmaRecorder: Flushed 1 samples from 1 histograms.
10-29 16:28:54.673 30176 30232 I cr_LibraryLoader: Loaded native library version number "85.0.4183.127"
10-29 16:28:54.674 30176 30232 I cr_CachingUmaRecorder: Flushed 1 samples from 1 histograms.
10-29 16:28:54.681 30197 30197 W System  : ClassLoader referenced unknown path: /system/app/UserDictionaryProvider/lib/arm64
10-29 16:28:54.687 30197 30197 D ApplicationLoaders: ignored Vulkan layer search path /system/app/UserDictionaryProvider/lib/arm64:/system/lib64:/vendor/lib64 for namespace 0x7f9ac4d160
10-29 16:28:54.688 30158 30220 I chromium: [INFO:child_process_service.cc(69)] ChildProcessService: Exiting child process.
10-29 16:28:54.688   197   197 E lowmemorykiller: Error writing /proc/30158/oom_score_adj; errno=22
10-29 16:28:54.712   600 17381 I ActivityManager: START u0 {act=android.intent.action.VIEW dat=http://w3schools.com/... flg=0x10000000 cmp=com.android.chrome/com.google.android.apps.chrome.Main} from uid 2000 on display 0
10-29 16:28:54.719 29903 29903 D AndroidRuntime: Shutting down VM
10-29 16:28:54.724 30133 30133 I cr_ChildProcessService: Destroying ChildProcessService pid=30133
10-29 16:28:54.730 29735 29735 W chromium: [WARNING:compositor_view.cc(315)] Child process died (type=6) pid=29954)
10-29 16:28:54.741   600   609 I art     : Background partial concurrent mark sweep GC freed 43557(2MB) AllocSpace objects, 41(1060KB) LOS objects, 33% free, 15MB/22MB, paused 865us total 524.239ms
10-29 16:28:54.748 30100 30100 I dex2oat : dex2oat took 1.147s (threads: 2) arena alloc=771KB (790272B) java alloc=100KB (103104B) native alloc=560KB (573528B) free=1487KB (1523624B)
10-29 16:28:54.775 30182 30233 I chromium: [INFO:child_process_service.cc(69)] ChildProcessService: Exiting child process.
10-29 16:28:54.777   197   197 E lowmemorykiller: Error writing /proc/30182/oom_score_adj; errno=22
10-29 16:28:54.783 30176 30232 I chromium: [INFO:child_process_service.cc(69)] ChildProcessService: Exiting child process.
10-29 16:28:54.787   197   197 E lowmemorykiller: Error writing /proc/30176/oom_score_adj; errno=22
10-29 16:28:54.839 29735 29735 E cr_IntentUtils: getInt failed on bundle null
10-29 16:28:54.872   600  3507 I ActivityManager: Start proc 30255:com.android.chrome:sandboxed_process18/u0i403 for service com.android.chrome/org.chromium.content.app.SandboxedProcessService18
10-29 16:28:54.892 29735 29735 W FeedModelProvider: sessionId is null, this should have been set during population
10-29 16:28:54.895 29735 29735 I cr_tabmodel: Appending tabs being restored to metadata lists, 0, startingNormalCount: 2, startingIncognitoCount: 0
10-29 16:28:54.895 29735 29735 I cr_tabmodel: Serializing tab lists; counts: 2, 0
10-29 16:28:54.897   600   611 I ActivityManager: Killing 30176:com.android.chrome:sandboxed_process16/u0a35i401 (adj 0): isolated not needed
10-29 16:28:54.898   600   611 I ActivityManager: Killing 30182:com.android.chrome:sandboxed_process17/u0a35i402 (adj 0): isolated not needed
10-29 16:28:54.898   600   611 I ActivityManager: Killing 30158:com.android.chrome:sandboxed_process15/u0a35i400 (adj 0): isolated not needed
10-29 16:28:54.898   600   611 I ActivityManager: Killing 30133:com.android.chrome:sandboxed_process14/u0a35i399 (adj 0): isolated not needed
10-29 16:28:54.933 30255 30255 W boxed_process18: type=1400 audit(0.0:610): avc: denied { getattr } for path="/data/data/com.android.chrome" dev="dm-2" ino=12190 scontext=u:r:isolated_app:s0:c512,c768 tcontext=u:object_r:app_data_file:s0:c512,c768 tclass=dir permissive=0
10-29 16:28:54.953 29735 29735 I FeedRequestManagerImpl: Request: /httpservice/noretry/DiscoverClankService/FeedQuery completed with response code: 200
10-29 16:28:54.953 29735 29735 I TaskQueue:  - task [IMMEDIATE - d: true, b: 2]: 15
10-29 16:28:54.953 29735 29735 I TaskQueue:  - queueTask starting immediate task
10-29 16:28:54.953 29735 29802 I TaskQueue: Execute task [IMMEDIATE - d: true, b: 2]: 15
10-29 16:28:55.039 30255 30255 I cr_ChildProcessService: Creating new ChildProcessService pid=30255
10-29 16:28:55.045 29735 29802 I MainThreadRunner: Running task [FeedRequestManagerImpl consumer] on the Main Thread
10-29 16:28:55.045 29735 29802 I TaskQueue:  - Finished 15, time 92 ms
10-29 16:28:55.067 29735 29735 I FeedProtocolAdapter: createModel, operations 33
10-29 16:28:55.078 29735 29735 I TimingUtils: Task Timing   9ms, thread ui | task : convertWireProtocol | mutations : 33
10-29 16:28:55.083 29735 29735 I TaskQueue:  - task [HEAD_RESET - d: true, b: 2]: 5
10-29 16:28:55.083 29735 29735 I TaskQueue:  - queueTask starting immediate task
10-29 16:28:55.083 29735 29802 I TaskQueue: Execute task [HEAD_RESET - d: true, b: 2]: 5
10-29 16:28:55.091 29735 29802 I TaskQueue:  - task [BACKGROUND - d: true, b: 2]: 23
10-29 16:28:55.092 29735 29802 W SessionCache: Persisted Sessions were not found
10-29 16:28:55.098 29735 29802 I PersistentFeedStore: commitSessionMutation - Success true, Update Session $HEAD, stream structures 32
10-29 16:28:55.102 29735 29802 I MainThreadRunner: Running task [SchedulerApiWrapper onReceiveNewContent] on the Main Thread
10-29 16:28:55.102 29735 29802 I MainThreadRunner: Running task [FeedKnownContentImpl onNewContentReceived] on the Main Thread
10-29 16:28:55.125 29735 29802 I SessionManagerMutation: Cleared Head, new creation time 10-29 16:28:55.092
10-29 16:28:55.125 29735 29802 I TimingUtils: Task Timing  41ms, thread background-1 | task : sessionMutation.commitTask:updateConsumer | mutations : 33 | userInitiated : false
10-29 16:28:55.125 29735 29802 I TaskQueue: Cancelling starvation checks
10-29 16:28:55.125 29735 29802 I TaskQueue:  - Finished 5, time 43 ms
10-29 16:28:55.126 29735 29802 I TaskQueue: Execute task [USER_FACING - d: false, b: 2]: 24
10-29 16:28:55.135 30255 30269 I cr_LibraryLoader: Loaded native library version number "85.0.4183.127"
10-29 16:28:55.137 30255 30269 I cr_CachingUmaRecorder: Flushed 1 samples from 1 histograms.
10-29 16:28:55.143 29735 29802 I TimeoutSessionImpl: TimeoutSession.populateModelProvider, shouldAppend false
10-29 16:28:55.143 29735 29802 I SessionImpl: PopulateModelProvider 32 items
10-29 16:28:55.144 29735 29802 I FeedModelProvider: FeedModelProvider - committer, structure changes 31, update changes 0
10-29 16:28:55.144 29735 29802 I FeedModelProvider: SyntheticTokenTracker: 0, 11, 11, false
10-29 16:28:55.144 29735 29802 I FeedSessionManagerImpl: Caching getStreamFeatures - items 31, cache misses 0, cache size 31
10-29 16:28:55.145 29735 29802 I FeedModelProvider: Moving _session:ee5abebb-5c1b-45a7-8081-5463c922d356 to READY
10-29 16:28:55.145 29735 29802 I MainThreadRunner: Running task [FeedModelProvider onSessionStart] on the Main Thread
10-29 16:28:55.145 29735 29802 I FeedModelProvider: ModelProvider Mutation committed - structure changes 31, childrenToBind 31, removedChildren false, Token false
10-29 16:28:55.146 29735 29735 I FeedModelProvider: No children found for Cursor
10-29 16:28:55.147 29735 29802 I FeedSessionManagerImpl: Populate new session: _session:ee5abebb-5c1b-45a7-8081-5463c922d356, creation time 10-29 16:28:55.143
10-29 16:28:55.147 29735 29802 I TimingUtils: Task Timing  21ms, thread background-2 | task : Create/Populate New Session
10-29 16:28:55.147 29735 29802 I TaskQueue:  - Finished 24, time 22 ms
10-29 16:28:55.147 29735 29802 I TaskQueue: Execute task [BACKGROUND - d: false, b: 1]: 11
10-29 16:28:55.147 29735 29802 I ContentGc: Re-enqueuing triggerContentGc; attempts(0)
10-29 16:28:55.148 29735 29802 I TaskQueue:  - task [BACKGROUND - d: false, b: 1]: 11
10-29 16:28:55.148 29735 29802 I TaskQueue:  - Finished 11, time 0 ms
10-29 16:28:55.148 29735 29802 I TaskQueue: Execute task [BACKGROUND - d: false, b: 1]: 23
10-29 16:28:55.237 29735 29809 W chromium: [WARNING:spdy_session.cc(3090)] Received RST for invalid stream1
10-29 16:28:55.342   600   713 D ActivityManager: cleanUpApplicationRecord -- 30182
10-29 16:28:55.345 29735 29735 W chromium: [WARNING:compositor_view.cc(315)] Child process died (type=6) pid=30176)
10-29 16:28:55.346 29735 29735 W chromium: [WARNING:compositor_view.cc(315)] Child process died (type=6) pid=30158)
10-29 16:28:55.348   600 17381 D ActivityManager: cleanUpApplicationRecord -- 30158
10-29 16:28:55.349   600  3507 D ActivityManager: cleanUpApplicationRecord -- 30176
10-29 16:28:55.353   600   611 D ActivityManager: cleanUpApplicationRecord -- 30001
10-29 16:28:55.358 29735 29735 W chromium: [WARNING:compositor_view.cc(315)] Child process died (type=6) pid=30001)
10-29 16:28:55.358 29735 29735 W chromium: [WARNING:compositor_view.cc(315)] Child process died (type=6) pid=30182)
10-29 16:28:55.365 29765 30155 I Icing   : Storage manager: low false usage 1.99MB avail 5.39GB capacity 11.05GB
10-29 16:28:55.494 29735 29802 I TimingUtils: Task Timing 346ms, thread background-3 | task : commitContentMutation | mutations : 32
10-29 16:28:55.495 29735 29802 I TimingUtils: Task Timing   0ms, thread background-4 | task : commitSemanticPropertiesMutation | mutations : 0
10-29 16:28:55.495 29735 29802 I TaskQueue:  - Finished 23, time 347 ms
10-29 16:28:55.495 29735 29802 I TaskQueue: Execute task [BACKGROUND - d: false, b: 0]: 11
10-29 16:28:55.498 29735 29802 I SessionCache: Determining accessible content
10-29 16:28:55.502 29735 29802 I TimingUtils: Task Timing   6ms, thread background-5 | task : ContentGc | contentItemsRemoved : 0
10-29 16:28:55.502 29735 29802 I TaskQueue:  - Finished 11, time 6 ms
10-29 16:28:55.674   600  3994 D ActivityManager: cleanUpApplicationRecord -- 30113
10-29 16:28:55.676 29735 29735 W chromium: [WARNING:compositor_view.cc(315)] Child process died (type=6) pid=30113)
10-29 16:28:55.680   600  3507 D ActivityManager: cleanUpApplicationRecord -- 30069
10-29 16:28:55.682 29735 29735 W chromium: [WARNING:compositor_view.cc(315)] Child process died (type=6) pid=30069)
10-29 16:28:55.702   600  3509 D ActivityManager: cleanUpApplicationRecord -- 30120
10-29 16:28:55.705 29735 29735 W chromium: [WARNING:compositor_view.cc(315)] Child process died (type=6) pid=30120)
10-29 16:28:55.729 29735 29735 W chromium: [WARNING:compositor_view.cc(315)] Child process died (type=6) pid=30133)
10-29 16:28:55.733   600  3675 D ActivityManager: cleanUpApplicationRecord -- 30133
10-29 16:28:55.735 29765 29776 I art     : Background sticky concurrent mark sweep GC freed 102681(2MB) AllocSpace objects, 4(192KB) LOS objects, 3% free, 7MB/7MB, paused 2.135ms total 134.900ms
10-29 16:28:55.891 30197 30239 I ContactLocale: AddressBook Labels [[en_US]]: [, A, B, C, D, E, F, G, H, I, J, K, L, M, N, O, P, Q, R, S, T, U, V, W, X, Y, Z, , , , , , , , , , , , , , , , , , , , , , , , , , , , , , , , , , , , , , , , , , , , , , , , , , , , , , , , , , , , , , , , , , , , , , , , , , , , , , , , , , , , , , , , , , , , , , , , , , , , , , , , , , , , , , , , , , , , , , , , , , , , , , , , , , , , , , , , , , , , , , , , , , , , , , , , , , , , , , , , , , , , , , , , , , , , , , , , , , , , , , , , , , , #, ]
10-29 16:28:56.184   787 28190 I NetworkScheduler.Stats: Task com.google.android.gms/com.google.android.gms.icing.proxy.IcingInternalCorporaUpdateService started execution. cause:9 exec_start_elapsed_seconds: 5784 [CONTEXT service_id=218 ]
10-29 16:28:56.256   787   802 W SQLiteConnectionPool: A SQLiteConnection object for database '/data/user/0/com.google.android.gms/databases/metadata.db' was leaked!  Please fix your application to end transactions in progress properly and to close the database when it is no longer needed.
10-29 16:28:56.321 29765 30155 W native  : model-utils.cc:15 No CRC32, most likely an old model; skip CRC32 check
10-29 16:28:56.337 29765 30155 E native  : model-utils.cc:38 Not a valid Model flatbuffer
10-29 16:28:56.337 29765 30155 E native  : model-provider-from-fb.cc:102 Unable to initialize ModelProviderFromFlatbuffer
10-29 16:28:56.338 29765 30155 I native  : model-api.cc:45 Registered model under key tmp-segmentation-model
10-29 16:28:56.393 29765 30155 I native  : permission-checker.cc:74 Creating PermissionChecker based on ACL with config_version 1 having 9 permissions defined.
10-29 16:28:56.401 29765 30155 W native  : words-map.cc:30 INVALID_ARGUMENT: Empty URI
10-29 16:28:56.401 29765 30155 W native  : words-map.cc:34 WordsMap was not properly initialized
10-29 16:28:56.508   787  1258 W GmsStrictMode: LEAKED_CLOSABLE [CONTEXT service_id=256 ]
10-29 16:28:56.508   787  1258 W GmsStrictMode: rvo: LEAKED_CLOSABLE
10-29 16:28:56.508   787  1258 W GmsStrictMode: 	at dalvik.system.VMStack.getThreadStackTrace(Native Method)
10-29 16:28:56.508   787  1258 W GmsStrictMode: 	at java.lang.Thread.getStackTrace(Thread.java:1566)
10-29 16:28:56.508   787  1258 W GmsStrictMode: 	at bhdb.containsKey(:com.google.android.gms@203915020@20.39.15 (040406-335085812):1)
10-29 16:28:56.508   787  1258 W GmsStrictMode: 	at android.os.StrictMode.onVmPolicyViolation(StrictMode.java:1867)
10-29 16:28:56.508   787  1258 W GmsStrictMode: 	at android.os.StrictMode.onVmPolicyViolation(StrictMode.java:1844)
10-29 16:28:56.508   787  1258 W GmsStrictMode: 	at android.os.StrictMode$AndroidCloseGuardReporter.report(StrictMode.java:1590)
10-29 16:28:56.508   787  1258 W GmsStrictMode: 	at dalvik.system.CloseGuard.warnIfOpen(CloseGuard.java:208)
10-29 16:28:56.508   787  1258 W GmsStrictMode: 	at android.database.sqlite.SQLiteConnection.dispose(SQLiteConnection.java:231)
10-29 16:28:56.508   787  1258 W GmsStrictMode: 	at android.database.sqlite.SQLiteConnection.finalize(SQLiteConnection.java:180)
10-29 16:28:56.508   787  1258 W GmsStrictMode: 	at java.lang.Daemons$FinalizerDaemon.doFinalize(Daemons.java:222)
10-29 16:28:56.508   787  1258 W GmsStrictMode: 	at java.lang.Daemons$FinalizerDaemon.run(Daemons.java:209)
10-29 16:28:56.508   787  1258 W GmsStrictMode: 	at java.lang.Thread.run(Thread.java:761)
10-29 16:28:56.577   787 29368 I NetworkScheduler.Stats: Task com.google.android.gms/com.google.android.gms.icing.proxy.IcingInternalCorporaUpdateService finished executing. cause:9 result: 1 elapsed_millis: 415 uptime_millis: 415 exec_start_elapsed_seconds: 5784 [CONTEXT service_id=218 ]
10-29 16:28:56.627 29765 30155 I Icing   : doRemovePackageData com.google.android.gm
10-29 16:28:56.957 29765 30155 I Icing   : updateResources: need to parse acol{com.google.android.gms}
10-29 16:28:57.138 29735 29802 I cr_omaha: Request to Server Successful. Timestamp for next request:1667057337137
10-29 16:28:57.190 29735 29802 I cr_omaha: Request to Server Successful. Timestamp for next request:1667057337190
10-29 16:28:57.190 29735 29802 I cr_omaha: Attempting to schedule next job for: Sat Oct 29 21:28:56 GMT+02:00 2022
10-29 16:28:57.192 29735 29735 I cr_omaha: Scheduled using JobService
10-29 16:28:57.192 29735 29735 E cr_BkgrdTaskJS: Tried finishing non-current BackgroundTask.
10-29 16:28:58.127   787   806 W Icing   : isOptedInForAppHistory: empty Account Name encountered
10-29 16:28:58.180   787   806 W Icing   : isOptedInForAppHistory: empty Account Name encountered
10-29 16:28:58.216   787 28190 W Icing   : isOptedInForAppHistory: empty Account Name encountered
10-29 16:28:58.277 29735 30104 E cr_Icing: Connection to GmsCore unsuccessful. Error 14
10-29 16:28:58.348 29765 30155 I Icing   : Internal init done: storage state 0
10-29 16:28:58.393 29765 30157 I Icing   : IndexChimeraService.getServiceInterface callingPackage=com.google.android.gms componentName=null serviceId=30
10-29 16:28:58.397 29765 30234 I Icing   : IndexChimeraService.getServiceInterface callingPackage=com.android.chrome componentName=null serviceId=36
10-29 16:28:58.398 29735 29735 E cr_BTSPrefs: No data found for task id: 53
10-29 16:28:58.398 29735 29735 E cr_BkgrdTaskScheduler: Task cannot be canceled because no data was found instorage or data was invalid
10-29 16:28:58.408 29765 30234 I Icing   : IndexChimeraService.getServiceInterface callingPackage=com.google.android.gms componentName=AppsCorpus serviceId=36
10-29 16:28:58.409 29765 30157 I Icing   : IndexChimeraService.getServiceInterface callingPackage=com.google.android.gms componentName=AppsCorpus serviceId=32
10-29 16:28:58.649 29765 30155 I Icing   : Post-init done
10-29 16:28:58.664 29765 30155 W Icing   : No valid account for uploading user actions
10-29 16:28:58.864 29765 30155 I Icing   : Using regular flags by method 2
10-29 16:28:58.945 29765 30155 I Icing   : Usage reports ok 2, Failed Usage reports 0, indexed 1, rejected 0
10-29 16:28:58.955 29765 30155 W Icing   : No valid account for uploading user actions
10-29 16:28:59.017 29765 30155 I Icing   : Usage reports ok 0, Failed Usage reports 0, indexed 0, rejected 0
10-29 16:28:59.025 29765 30155 I Icing   : Removing corpus key com.android.chrome-omnibox for package com.android.chrome
10-29 16:28:59.049 29765 30155 I native  : flash-index.cc:1519 Flash index sort hb 11 prefix-hits 19 -> 16 at 11.411ms
10-29 16:28:59.200 29765 30155 I native  : document-store.cc:1654 Scored 1281 usage reports, missing_corpora 0 update_failed 639
10-29 16:28:59.577 29765 30155 W Icing   : No valid account for uploading user actions
10-29 16:28:59.623 29765 30155 I Icing   : Usage reports ok 0, Failed Usage reports 0, indexed 0, rejected 0
10-29 16:28:59.631 29765 30155 W Icing   : No valid account for uploading user actions
10-29 16:28:59.650 29765 30155 I Icing   : Usage reports ok 0, Failed Usage reports 0, indexed 0, rejected 0
10-29 16:28:59.652 29765 30155 W Icing   : No valid account for uploading user actions
10-29 16:28:59.675 29765 30155 I Icing   : Usage reports ok 0, Failed Usage reports 0, indexed 0, rejected 0
10-29 16:28:59.677 29765 30155 W Icing   : No valid account for uploading user actions
10-29 16:28:59.688 29765 30155 I Icing   : Usage reports ok 0, Failed Usage reports 0, indexed 0, rejected 0
10-29 16:28:59.689 29765 30155 I Icing   : Indexing com.android.chrome-omnibox from com.android.chrome
10-29 16:28:59.836 29735 29735 I cr_tabmodel: Appending tabs being restored to metadata lists, 0, startingNormalCount: 2, startingIncognitoCount: 0
10-29 16:28:59.836 29735 29735 I cr_tabmodel: Serializing tab lists; counts: 2, 0
10-29 16:28:59.996 29765 30155 I Icing   : Indexing done com.android.chrome-omnibox
10-29 16:29:00.096 29735 29802 W InstanceID: Instance ID SDK is deprecated, com.android.chrome should update to use Firebase Instance ID
10-29 16:29:01.007   787 29367 W Conscrypt: Could not set socket write timeout: java.net.SocketException: Socket closed
10-29 16:29:01.014   787 29367 W Conscrypt: 	at com.google.android.gms.org.conscrypt.Platform.setSocketWriteTimeout(:com.google.android.gms@203915020@20.39.15 (040406-335085812):2)
10-29 16:29:01.014   787 29367 W Conscrypt: 	at com.google.android.gms.org.conscrypt.ConscryptFileDescriptorSocket.setSoWriteTimeout(:com.google.android.gms@203915020@20.39.15 (040406-335085812):0)
10-29 16:29:01.055   787 29367 W Conscrypt: Could not set socket write timeout: java.net.SocketException: Socket closed
10-29 16:29:01.056   787 29367 W Conscrypt: 	at com.google.android.gms.org.conscrypt.Platform.setSocketWriteTimeout(:com.google.android.gms@203915020@20.39.15 (040406-335085812):2)
10-29 16:29:01.056   787 29367 W Conscrypt: 	at com.google.android.gms.org.conscrypt.ConscryptFileDescriptorSocket.setSoWriteTimeout(:com.google.android.gms@203915020@20.39.15 (040406-335085812):0)
10-29 16:29:02.348 29735 29735 E cr_BTSPrefs: No data found for task id: 57
10-29 16:29:02.348 29735 29735 E cr_BkgrdTaskScheduler: Task cannot be canceled because no data was found instorage or data was invalid
10-29 16:29:02.348 29735 29735 E cr_BTSPrefs: No data found for task id: 56
10-29 16:29:02.348 29735 29735 E cr_BkgrdTaskScheduler: Task cannot be canceled because no data was found instorage or data was invalid
10-29 16:29:07.934 30319 30319 D AndroidRuntime: >>>>>> START com.android.internal.os.RuntimeInit uid 2000 <<<<<<
10-29 16:29:07.938 30319 30319 D AndroidRuntime: CheckJNI is OFF
10-29 16:29:08.004 30319 30319 D ICU     : No timezone override file found: /data/misc/zoneinfo/current/icu/icu_tzdata.dat
10-29 16:29:08.036 30319 30319 I Radio-JNI: register_android_hardware_Radio DONE
10-29 16:29:08.051 30319 30319 D AndroidRuntime: Calling main entry com.android.commands.monkey.Monkey
10-29 16:29:08.124   600   613 W BroadcastQueue: Skipping deliver [background] BroadcastRecord{8033205 u-1 android.net.conn.CONNECTIVITY_CHANGE} to ReceiverList{778025a 30319 (unknown name)/2000/u-1 remote:91fe86f}: process crashing
10-29 16:29:08.316 29765 30289 I Icing   : IndexChimeraService.getServiceInterface callingPackage=com.android.chrome componentName=null serviceId=36
10-29 16:29:08.343 29765 30155 W Icing   : No valid account for uploading user actions
10-29 16:29:08.373 29765 30155 I Icing   : Usage reports ok 0, Failed Usage reports 0, indexed 0, rejected 0
10-29 16:29:09.644 30319 30319 D MonkeyStub: translateCommand: wake
10-29 16:29:09.766 30319 30319 D MonkeyStub: translateCommand: tap 1156 1096
10-29 16:29:11.847 30319 30319 D MonkeyStub: translateCommand: tap 259 298
10-29 16:29:13.901 30319 30319 D MonkeyStub: translateCommand: tap 777 567
10-29 16:29:15.948 30319 30319 D MonkeyStub: translateCommand: tap 168 1070
10-29 16:29:16.162   787  1258 E AsyncOperation: serviceID=121, operation=GetLaunchDataOperation [CONTEXT service_id=259 ]
10-29 16:29:16.162   787  1258 E AsyncOperation: OperationException[Status{statusCode=Not an instant app, resolution=null}]
10-29 16:29:16.162   787  1258 E AsyncOperation: 	at aeay.a(:com.google.android.gms@203915020@20.39.15 (040406-335085812):20)
10-29 16:29:16.162   787  1258 E AsyncOperation: 	at aain.run(:com.google.android.gms@203915020@20.39.15 (040406-335085812):7)
10-29 16:29:16.162   787  1258 E AsyncOperation: 	at boex.run(:com.google.android.gms@203915020@20.39.15 (040406-335085812):2)
10-29 16:29:16.162   787  1258 E AsyncOperation: 	at sup.b(:com.google.android.gms@203915020@20.39.15 (040406-335085812):12)
10-29 16:29:16.162   787  1258 E AsyncOperation: 	at sup.run(:com.google.android.gms@203915020@20.39.15 (040406-335085812):7)
10-29 16:29:16.162   787  1258 E AsyncOperation: 	at java.util.concurrent.ThreadPoolExecutor.runWorker(ThreadPoolExecutor.java:1133)
10-29 16:29:16.162   787  1258 E AsyncOperation: 	at java.util.concurrent.ThreadPoolExecutor$Worker.run(ThreadPoolExecutor.java:607)
10-29 16:29:16.162   787  1258 E AsyncOperation: 	at tam.run(:com.google.android.gms@203915020@20.39.15 (040406-335085812):0)
10-29 16:29:16.162   787  1258 E AsyncOperation: 	at java.lang.Thread.run(Thread.java:761)
10-29 16:29:16.706   787  1714 W Icing   : isOptedInForAppHistory: empty Account Name encountered
10-29 16:29:16.720   787  1714 W Icing   : isOptedInForAppHistory: empty Account Name encountered
10-29 16:29:16.742   787 29368 W Icing   : isOptedInForAppHistory: empty Account Name encountered
10-29 16:29:18.162 29735 29735 I cr_tabmodel: Appending tabs being restored to metadata lists, 0, startingNormalCount: 2, startingIncognitoCount: 0
10-29 16:29:18.162 29735 29735 I cr_tabmodel: Serializing tab lists; counts: 2, 0
10-29 16:29:23.995 30319 30319 D MonkeyStub: translateCommand: touch down 614 1561
10-29 16:29:24.001 30319 30319 D MonkeyStub: translateCommand: touch move 614 1561
10-29 16:29:24.106 30319 30319 D MonkeyStub: translateCommand: touch move 614 1436
10-29 16:29:24.211 30319 30319 D MonkeyStub: translateCommand: touch move 614 1311
10-29 16:29:24.321 30319 30319 D MonkeyStub: translateCommand: touch move 614 1186
10-29 16:29:24.425 30319 30319 D MonkeyStub: translateCommand: touch move 614 1061
10-29 16:29:24.529 30319 30319 D MonkeyStub: translateCommand: touch move 614 937
10-29 16:29:24.634 30319 30319 D MonkeyStub: translateCommand: touch move 614 812
10-29 16:29:24.741 30319 30319 D MonkeyStub: translateCommand: touch move 614 687
10-29 16:29:24.847 30319 30319 D MonkeyStub: translateCommand: touch move 614 562
10-29 16:29:24.950 30319 30319 D MonkeyStub: translateCommand: touch move 614 437
10-29 16:29:25.055 30319 30319 D MonkeyStub: translateCommand: touch move 614 312
10-29 16:29:25.062 30319 30319 D MonkeyStub: translateCommand: touch up 614 312
10-29 16:29:25.106 30319 30319 D MonkeyStub: translateCommand: touch down 614 1561
10-29 16:29:25.111 30319 30319 D MonkeyStub: translateCommand: touch move 614 1561
10-29 16:29:25.215 30319 30319 D MonkeyStub: translateCommand: touch move 614 1436
10-29 16:29:25.328 30319 30319 D MonkeyStub: translateCommand: touch move 614 1311
10-29 16:29:25.433 30319 30319 D MonkeyStub: translateCommand: touch move 614 1186
10-29 16:29:25.539 30319 30319 D MonkeyStub: translateCommand: touch move 614 1061
10-29 16:29:25.652 30319 30319 D MonkeyStub: translateCommand: touch move 614 937
10-29 16:29:25.756 30319 30319 D MonkeyStub: translateCommand: touch move 614 812
10-29 16:29:25.861 30319 30319 D MonkeyStub: translateCommand: touch move 614 687
10-29 16:29:25.966 30319 30319 D MonkeyStub: translateCommand: touch move 614 562
10-29 16:29:26.098 30319 30319 D MonkeyStub: translateCommand: touch move 614 437
10-29 16:29:26.204 30319 30319 D MonkeyStub: translateCommand: touch move 614 312
10-29 16:29:26.208 30319 30319 D MonkeyStub: translateCommand: touch up 614 312
10-29 16:29:26.660 29765 30234 I Icing   : IndexChimeraService.getServiceInterface callingPackage=com.android.chrome componentName=null serviceId=36
10-29 16:29:26.781 29765 30291 W Icing   : No valid account for uploading user actions
10-29 16:29:26.824 29765 30234 I Icing   : IndexChimeraService.getServiceInterface callingPackage=com.google.android.gms componentName=null serviceId=30
10-29 16:29:26.884   600   609 I art     : Background partial concurrent mark sweep GC freed 59761(3MB) AllocSpace objects, 34(1484KB) LOS objects, 33% free, 14MB/22MB, paused 1.077ms total 169.576ms
10-29 16:29:27.120 29765 30291 I Icing   : Usage reports ok 1, Failed Usage reports 0, indexed 1, rejected 0
10-29 16:29:27.186 29765 30291 W Icing   : No valid account for uploading user actions
10-29 16:29:27.208 29765 30291 I Icing   : Usage reports ok 0, Failed Usage reports 0, indexed 0, rejected 0
10-29 16:29:27.216 29765 30291 I Icing   : Indexing com.android.chrome-omnibox from com.android.chrome
10-29 16:29:27.277 29765 30291 I Icing   : Indexing done com.android.chrome-omnibox
10-29 16:29:28.251   787  1174 W Icing   : isOptedInForAppHistory: empty Account Name encountered
10-29 16:29:28.309   787 29367 W Icing   : isOptedInForAppHistory: empty Account Name encountered
10-29 16:29:30.248 30319 30319 D MonkeyStub: translateCommand: touch down 614 1561
10-29 16:29:30.257 30319 30319 D MonkeyStub: translateCommand: touch move 614 1561
10-29 16:29:30.362 30319 30319 D MonkeyStub: translateCommand: touch move 614 1436
10-29 16:29:30.467 30319 30319 D MonkeyStub: translateCommand: touch move 614 1311
10-29 16:29:30.572 30319 30319 D MonkeyStub: translateCommand: touch move 614 1186
10-29 16:29:30.697 30319 30319 D MonkeyStub: translateCommand: touch move 614 1061
10-29 16:29:30.802 30319 30319 D MonkeyStub: translateCommand: touch move 614 937
10-29 16:29:30.914 30319 30319 D MonkeyStub: translateCommand: touch move 614 812
10-29 16:29:30.990 29811 29836 W VideoCapabilities: Unrecognized level 0 for video/x-vnd.on2.vp8
10-29 16:29:30.992 30255 30372 W chromium: [WARNING:used_ids.h(55)] Duplicate id found. Reassigning from 100 to 127
10-29 16:29:30.992 30255 30372 W chromium: [WARNING:used_ids.h(55)] Duplicate id found. Reassigning from 103 to 125
10-29 16:29:31.007 29811 29836 I VideoCapabilities: Unsupported profile 4 for video/mp4v-es
10-29 16:29:31.012 29811 29836 W cr_MediaCodecUtil: HW encoder for video/avc is not available on this device.
10-29 16:29:31.017 30319 30319 D MonkeyStub: translateCommand: touch move 614 687
10-29 16:29:31.044 29811 30376 W VideoCapabilities: Unrecognized level 0 for video/x-vnd.on2.vp8
10-29 16:29:31.049 29811 30376 I VideoCapabilities: Unsupported profile 4 for video/mp4v-es
10-29 16:29:31.124 30319 30319 D MonkeyStub: translateCommand: touch move 614 562
10-29 16:29:31.230 30319 30319 D MonkeyStub: translateCommand: touch move 614 437
10-29 16:29:31.334 30319 30319 D MonkeyStub: translateCommand: touch move 614 312
10-29 16:29:31.349 30319 30319 D MonkeyStub: translateCommand: touch up 614 312
10-29 16:29:32.076 30255 30372 W chromium: [WARNING:used_ids.h(55)] Duplicate id found. Reassigning from 100 to 127
10-29 16:29:32.076 30255 30372 W chromium: [WARNING:used_ids.h(55)] Duplicate id found. Reassigning from 102 to 125
10-29 16:29:32.076 30255 30372 W chromium: [WARNING:used_ids.h(55)] Duplicate id found. Reassigning from 103 to 124
10-29 16:29:32.076 30255 30372 W chromium: [WARNING:used_ids.h(55)] Duplicate id found. Reassigning from 105 to 123
10-29 16:29:32.076 30255 30372 W chromium: [WARNING:used_ids.h(55)] Duplicate id found. Reassigning from 109 to 122
10-29 16:29:32.306 30255 30372 W chromium: [WARNING:used_ids.h(55)] Duplicate id found. Reassigning from 100 to 127
10-29 16:29:32.306 30255 30372 W chromium: [WARNING:used_ids.h(55)] Duplicate id found. Reassigning from 102 to 125
10-29 16:29:32.306 30255 30372 W chromium: [WARNING:used_ids.h(55)] Duplicate id found. Reassigning from 103 to 124
10-29 16:29:32.306 30255 30372 W chromium: [WARNING:used_ids.h(55)] Duplicate id found. Reassigning from 105 to 123
10-29 16:29:32.306 30255 30372 W chromium: [WARNING:used_ids.h(55)] Duplicate id found. Reassigning from 109 to 122
10-29 16:29:33.381 30319 30319 D MonkeyStub: translateCommand: tap 278 93
10-29 16:29:33.427   600   707 I ActivityManager: Start proc 30382:com.android.chrome:sandboxed_process19/u0i404 for service com.android.chrome/org.chromium.content.app.SandboxedProcessService19
10-29 16:29:33.463 30382 30382 W boxed_process19: type=1400 audit(0.0:611): avc: denied { getattr } for path="/data/data/com.android.chrome" dev="dm-2" ino=12190 scontext=u:r:isolated_app:s0:c512,c768 tcontext=u:object_r:app_data_file:s0:c512,c768 tclass=dir permissive=0
10-29 16:29:33.487 30382 30382 I cr_ChildProcessService: Creating new ChildProcessService pid=30382
10-29 16:29:33.530 30382 30395 I cr_LibraryLoader: Loaded native library version number "85.0.4183.127"
10-29 16:29:33.530 30382 30395 I cr_CachingUmaRecorder: Flushed 1 samples from 1 histograms.
10-29 16:29:33.547 30395 30395 W CrUtilityMain: type=1400 audit(0.0:612): avc: denied { setattr } for name="LICENSE.txt" dev="dm-2" ino=50284 scontext=u:r:isolated_app:s0:c512,c768 tcontext=u:object_r:app_data_file:s0:c512,c768 tclass=file permissive=0
10-29 16:29:33.557 30395 30395 W CrUtilityMain: type=1400 audit(0.0:613): avc: denied { setattr } for name=46696C746572696E672052756C6573 dev="dm-2" ino=23352 scontext=u:r:isolated_app:s0:c512,c768 tcontext=u:object_r:app_data_file:s0:c512,c768 tclass=file permissive=0
10-29 16:29:33.557 30395 30395 W CrUtilityMain: type=1400 audit(0.0:614): avc: denied { setattr } for name="manifest.json" dev="dm-2" ino=23228 scontext=u:r:isolated_app:s0:c512,c768 tcontext=u:object_r:app_data_file:s0:c512,c768 tclass=file permissive=0
10-29 16:29:33.560 30395 30395 W CrUtilityMain: type=1400 audit(0.0:615): avc: denied { setattr } for name="verified_contents.json" dev="dm-2" ino=61211 scontext=u:r:isolated_app:s0:c512,c768 tcontext=u:object_r:app_data_file:s0:c512,c768 tclass=file permissive=0
10-29 16:29:33.568 30382 30395 I chromium: [INFO:child_process_service.cc(69)] ChildProcessService: Exiting child process.
10-29 16:29:33.572   197   197 E lowmemorykiller: Error writing /proc/30382/oom_score_adj; errno=22
10-29 16:29:33.588   600  1079 I ActivityManager: Process com.android.chrome:sandboxed_process19 (pid 30382) has died
10-29 16:29:33.588   600  1079 D ActivityManager: cleanUpApplicationRecord -- 30382
10-29 16:29:33.588 29735 29735 W chromium: [WARNING:compositor_view.cc(315)] Child process died (type=6) pid=30382)
10-29 16:29:33.688   787  1258 E AsyncOperation: serviceID=121, operation=GetLaunchDataOperation [CONTEXT service_id=259 ]
10-29 16:29:33.688   787  1258 E AsyncOperation: OperationException[Status{statusCode=Not an instant app, resolution=null}]
10-29 16:29:33.688   787  1258 E AsyncOperation: 	at aeay.a(:com.google.android.gms@203915020@20.39.15 (040406-335085812):20)
10-29 16:29:33.688   787  1258 E AsyncOperation: 	at aain.run(:com.google.android.gms@203915020@20.39.15 (040406-335085812):7)
10-29 16:29:33.688   787  1258 E AsyncOperation: 	at boex.run(:com.google.android.gms@203915020@20.39.15 (040406-335085812):2)
10-29 16:29:33.688   787  1258 E AsyncOperation: 	at sup.b(:com.google.android.gms@203915020@20.39.15 (040406-335085812):12)
10-29 16:29:33.688   787  1258 E AsyncOperation: 	at sup.run(:com.google.android.gms@203915020@20.39.15 (040406-335085812):7)
10-29 16:29:33.688   787  1258 E AsyncOperation: 	at java.util.concurrent.ThreadPoolExecutor.runWorker(ThreadPoolExecutor.java:1133)
10-29 16:29:33.688   787  1258 E AsyncOperation: 	at java.util.concurrent.ThreadPoolExecutor$Worker.run(ThreadPoolExecutor.java:607)
10-29 16:29:33.688   787  1258 E AsyncOperation: 	at tam.run(:com.google.android.gms@203915020@20.39.15 (040406-335085812):0)
10-29 16:29:33.688   787  1258 E AsyncOperation: 	at java.lang.Thread.run(Thread.java:761)
10-29 16:29:34.357   600  1079 I ActivityManager: Start proc 30403:com.android.chrome:sandboxed_process20/u0i405 for service com.android.chrome/org.chromium.content.app.SandboxedProcessService20
10-29 16:29:34.717 30403 30403 W boxed_process20: type=1400 audit(0.0:616): avc: denied { getattr } for path="/data/data/com.android.chrome" dev="dm-2" ino=12190 scontext=u:r:isolated_app:s0:c512,c768 tcontext=u:object_r:app_data_file:s0:c512,c768 tclass=dir permissive=0
10-29 16:29:34.793 30403 30403 I cr_ChildProcessService: Creating new ChildProcessService pid=30403
10-29 16:29:34.845   198   198 E SELinux : avc:  denied  { find } for service=netd pid=30401 uid=2000 scontext=u:r:shell:s0 tcontext=u:object_r:netd_service:s0 tclass=service_manager permissive=0
10-29 16:29:34.850   198   198 E SELinux : avc:  denied  { find } for service=android.service.gatekeeper.IGateKeeperService pid=30401 uid=2000 scontext=u:r:shell:s0 tcontext=u:object_r:gatekeeper_service:s0 tclass=service_manager permissive=0
10-29 16:29:34.988 30403 30416 I cr_LibraryLoader: Loaded native library version number "85.0.4183.127"
10-29 16:29:34.992 30403 30416 I cr_CachingUmaRecorder: Flushed 1 samples from 1 histograms.
10-29 16:29:35.093 30416 30416 W CrUtilityMain: type=1400 audit(0.0:617): avc: denied { setattr } for name="tl_en-us_2022-10-17_483521407_100000_index.bin" dev="dm-2" ino=40439 scontext=u:r:isolated_app:s0:c512,c768 tcontext=u:object_r:app_data_file:s0:c512,c768 tclass=file permissive=0
10-29 16:29:35.103 30416 30416 W CrUtilityMain: type=1400 audit(0.0:618): avc: denied { setattr } for name="manifest.json" dev="dm-2" ino=56680 scontext=u:r:isolated_app:s0:c512,c768 tcontext=u:object_r:app_data_file:s0:c512,c768 tclass=file permissive=0
10-29 16:29:35.107 30416 30416 W CrUtilityMain: type=1400 audit(0.0:619): avc: denied { setattr } for name="verified_contents.json" dev="dm-2" ino=34315 scontext=u:r:isolated_app:s0:c512,c768 tcontext=u:object_r:app_data_file:s0:c512,c768 tclass=file permissive=0
10-29 16:29:35.132 30403 30403 I cr_ChildProcessService: Destroying ChildProcessService pid=30403
10-29 16:29:35.136 30403 30416 I chromium: [INFO:child_process_service.cc(69)] ChildProcessService: Exiting child process.
10-29 16:29:35.168 30403 30403 I art     : System.exit called, status: 0
10-29 16:29:35.168 30403 30403 I AndroidRuntime: VM exiting with result code 0, cleanup skipped.
10-29 16:29:35.189   600  1081 I ActivityManager: Process com.android.chrome:sandboxed_process20 (pid 30403) has died
10-29 16:29:35.189   600  1081 D ActivityManager: cleanUpApplicationRecord -- 30403
10-29 16:29:35.196 29735 29735 W chromium: [WARNING:compositor_view.cc(315)] Child process died (type=6) pid=30403)
10-29 16:29:36.397   787  1245 W Icing   : isOptedInForAppHistory: empty Account Name encountered
10-29 16:29:36.408   787  1245 W Icing   : isOptedInForAppHistory: empty Account Name encountered
10-29 16:29:36.417   787 29368 W Icing   : isOptedInForAppHistory: empty Account Name encountered
10-29 16:29:36.722   600  1081 I ActivityManager: Start proc 30422:com.android.chrome:sandboxed_process21/u0i406 for service com.android.chrome/org.chromium.content.app.SandboxedProcessService21
10-29 16:29:36.767 30422 30422 W boxed_process21: type=1400 audit(0.0:620): avc: denied { getattr } for path="/data/data/com.android.chrome" dev="dm-2" ino=12190 scontext=u:r:isolated_app:s0:c512,c768 tcontext=u:object_r:app_data_file:s0:c512,c768 tclass=dir permissive=0
10-29 16:29:36.799 30422 30422 I cr_ChildProcessService: Creating new ChildProcessService pid=30422
10-29 16:29:36.873 30422 30435 I cr_LibraryLoader: Loaded native library version number "85.0.4183.127"
10-29 16:29:36.873 30422 30435 I cr_CachingUmaRecorder: Flushed 1 samples from 1 histograms.
10-29 16:29:36.893 30435 30435 W CrUtilityMain: type=1400 audit(0.0:621): avc: denied { setattr } for name="optimization-hints.pb" dev="dm-2" ino=49721 scontext=u:r:isolated_app:s0:c512,c768 tcontext=u:object_r:app_data_file:s0:c512,c768 tclass=file permissive=0
10-29 16:29:36.897 30435 30435 W CrUtilityMain: type=1400 audit(0.0:622): avc: denied { setattr } for name="manifest.json" dev="dm-2" ino=49988 scontext=u:r:isolated_app:s0:c512,c768 tcontext=u:object_r:app_data_file:s0:c512,c768 tclass=file permissive=0
10-29 16:29:36.897 30435 30435 W CrUtilityMain: type=1400 audit(0.0:623): avc: denied { setattr } for name="verified_contents.json" dev="dm-2" ino=49970 scontext=u:r:isolated_app:s0:c512,c768 tcontext=u:object_r:app_data_file:s0:c512,c768 tclass=file permissive=0
10-29 16:29:36.906 30422 30422 I cr_ChildProcessService: Destroying ChildProcessService pid=30422
10-29 16:29:36.907 30422 30435 I chromium: [INFO:child_process_service.cc(69)] ChildProcessService: Exiting child process.
10-29 16:29:36.926   600  1080 I ActivityManager: Process com.android.chrome:sandboxed_process21 (pid 30422) has died
10-29 16:29:36.926   600  1080 D ActivityManager: cleanUpApplicationRecord -- 30422
10-29 16:29:36.935 29735 29735 W chromium: [WARNING:compositor_view.cc(315)] Child process died (type=6) pid=30422)
10-29 16:29:38.359 29735 29735 I cr_tabmodel: Appending tabs being restored to metadata lists, 0, startingNormalCount: 2, startingIncognitoCount: 0
10-29 16:29:38.359 29735 29735 I cr_tabmodel: Serializing tab lists; counts: 2, 0
10-29 16:29:38.699 29735 29735 I cr_tabmodel: Appending tabs being restored to metadata lists, 0, startingNormalCount: 2, startingIncognitoCount: 0
10-29 16:29:38.699 29735 29735 I cr_tabmodel: Serializing tab lists; counts: 2, 0
10-29 16:29:38.735   600  1081 I ActivityManager: Start proc 30441:com.android.chrome:sandboxed_process22/u0i407 for service com.android.chrome/org.chromium.content.app.SandboxedProcessService22
10-29 16:29:38.763 30441 30441 W boxed_process22: type=1400 audit(0.0:624): avc: denied { getattr } for path="/data/data/com.android.chrome" dev="dm-2" ino=12190 scontext=u:r:isolated_app:s0:c512,c768 tcontext=u:object_r:app_data_file:s0:c512,c768 tclass=dir permissive=0
10-29 16:29:38.786 30441 30441 I cr_ChildProcessService: Creating new ChildProcessService pid=30441
10-29 16:29:38.829 30441 30454 I cr_LibraryLoader: Loaded native library version number "85.0.4183.127"
10-29 16:29:38.830 30441 30454 I cr_CachingUmaRecorder: Flushed 1 samples from 1 histograms.
10-29 16:29:38.843 30454 30454 W CrUtilityMain: type=1400 audit(0.0:625): avc: denied { setattr } for name="crl-set" dev="dm-2" ino=62493 scontext=u:r:isolated_app:s0:c512,c768 tcontext=u:object_r:app_data_file:s0:c512,c768 tclass=file permissive=0
10-29 16:29:38.847 30454 30454 W CrUtilityMain: type=1400 audit(0.0:626): avc: denied { setattr } for name="manifest.json" dev="dm-2" ino=35308 scontext=u:r:isolated_app:s0:c512,c768 tcontext=u:object_r:app_data_file:s0:c512,c768 tclass=file permissive=0
10-29 16:29:38.847 30454 30454 W CrUtilityMain: type=1400 audit(0.0:627): avc: denied { setattr } for name="LICENSE" dev="dm-2" ino=22558 scontext=u:r:isolated_app:s0:c512,c768 tcontext=u:object_r:app_data_file:s0:c512,c768 tclass=file permissive=0
10-29 16:29:38.847 30454 30454 W CrUtilityMain: type=1400 audit(0.0:628): avc: denied { setattr } for name="verified_contents.json" dev="dm-2" ino=54662 scontext=u:r:isolated_app:s0:c512,c768 tcontext=u:object_r:app_data_file:s0:c512,c768 tclass=file permissive=0
10-29 16:29:38.862 30441 30454 I chromium: [INFO:child_process_service.cc(69)] ChildProcessService: Exiting child process.
10-29 16:29:38.866   197   197 E lowmemorykiller: Error writing /proc/30441/oom_score_adj; errno=22
10-29 16:29:38.879   600   713 I ActivityManager: Process com.android.chrome:sandboxed_process22 (pid 30441) has died
10-29 16:29:38.879   600   713 D ActivityManager: cleanUpApplicationRecord -- 30441
10-29 16:29:38.881 29735 29735 W chromium: [WARNING:compositor_view.cc(315)] Child process died (type=6) pid=30441)
10-29 16:29:39.800 29735 29735 I cr_tabmodel: Appending tabs being restored to metadata lists, 0, startingNormalCount: 2, startingIncognitoCount: 0
10-29 16:29:39.800 29735 29735 I cr_tabmodel: Serializing tab lists; counts: 2, 0
10-29 16:29:39.981 29735 29735 I cr_tabmodel: Appending tabs being restored to metadata lists, 0, startingNormalCount: 2, startingIncognitoCount: 0
10-29 16:29:39.981 29735 29735 I cr_tabmodel: Serializing tab lists; counts: 2, 0
10-29 16:29:40.021 29735 29735 I cr_tabmodel: Appending tabs being restored to metadata lists, 0, startingNormalCount: 2, startingIncognitoCount: 0
10-29 16:29:40.021 29735 29735 I cr_tabmodel: Serializing tab lists; counts: 2, 0
10-29 16:29:40.090 29735 29735 I cr_tabmodel: Appending tabs being restored to metadata lists, 0, startingNormalCount: 2, startingIncognitoCount: 0
10-29 16:29:40.090 29735 29735 I cr_tabmodel: Serializing tab lists; counts: 2, 0
10-29 16:29:40.146 29735 29735 I cr_tabmodel: Appending tabs being restored to metadata lists, 0, startingNormalCount: 2, startingIncognitoCount: 0
10-29 16:29:40.146 29735 29735 I cr_tabmodel: Serializing tab lists; counts: 2, 0
10-29 16:29:40.345 29735 29735 I cr_tabmodel: Appending tabs being restored to metadata lists, 0, startingNormalCount: 2, startingIncognitoCount: 0
10-29 16:29:40.345 29735 29735 I cr_tabmodel: Serializing tab lists; counts: 2, 0
10-29 16:29:40.697 29735 29735 I cr_tabmodel: Appending tabs being restored to metadata lists, 0, startingNormalCount: 2, startingIncognitoCount: 0
10-29 16:29:40.697 29735 29735 I cr_tabmodel: Serializing tab lists; counts: 2, 0
10-29 16:29:40.862   600  1076 I ActivityManager: Start proc 30460:com.android.chrome:sandboxed_process23/u0i408 for service com.android.chrome/org.chromium.content.app.SandboxedProcessService23
10-29 16:29:40.917 30460 30460 W boxed_process23: type=1400 audit(0.0:629): avc: denied { getattr } for path="/data/data/com.android.chrome" dev="dm-2" ino=12190 scontext=u:r:isolated_app:s0:c512,c768 tcontext=u:object_r:app_data_file:s0:c512,c768 tclass=dir permissive=0
10-29 16:29:40.950 30460 30460 I cr_ChildProcessService: Creating new ChildProcessService pid=30460
10-29 16:29:41.000 30460 30473 I cr_LibraryLoader: Loaded native library version number "85.0.4183.127"
10-29 16:29:41.001 30460 30473 I cr_CachingUmaRecorder: Flushed 1 samples from 1 histograms.
10-29 16:29:41.013 30473 30473 W CrUtilityMain: type=1400 audit(0.0:630): avc: denied { setattr } for name="manifest.json" dev="dm-2" ino=57272 scontext=u:r:isolated_app:s0:c512,c768 tcontext=u:object_r:app_data_file:s0:c512,c768 tclass=file permissive=0
10-29 16:29:41.017 30473 30473 W CrUtilityMain: type=1400 audit(0.0:631): avc: denied { setattr } for name="verified_contents.json" dev="dm-2" ino=57197 scontext=u:r:isolated_app:s0:c512,c768 tcontext=u:object_r:app_data_file:s0:c512,c768 tclass=file permissive=0
10-29 16:29:41.024 30460 30473 I chromium: [INFO:child_process_service.cc(69)] ChildProcessService: Exiting child process.
10-29 16:29:41.025   197   197 E lowmemorykiller: Error writing /proc/30460/oom_score_adj; errno=22
10-29 16:29:41.043   600  1081 I ActivityManager: Process com.android.chrome:sandboxed_process23 (pid 30460) has died
10-29 16:29:41.043   600  1081 D ActivityManager: cleanUpApplicationRecord -- 30460
10-29 16:29:41.043 29735 29735 W chromium: [WARNING:compositor_view.cc(315)] Child process died (type=6) pid=30460)
10-29 16:29:41.238 29735 29735 I cr_tabmodel: Appending tabs being restored to metadata lists, 0, startingNormalCount: 2, startingIncognitoCount: 0
10-29 16:29:41.238 29735 29735 I cr_tabmodel: Serializing tab lists; counts: 2, 0
10-29 16:29:41.439 30319 30319 D MonkeyStub: translateCommand: touch down 614 1561
10-29 16:29:41.447 30319 30319 D MonkeyStub: translateCommand: touch move 614 1561
10-29 16:29:41.553 30319 30319 D MonkeyStub: translateCommand: touch move 614 1436
10-29 16:29:41.658 30319 30319 D MonkeyStub: translateCommand: touch move 614 1311
10-29 16:29:41.766 30319 30319 D MonkeyStub: translateCommand: touch move 614 1186
10-29 16:29:41.870 30319 30319 D MonkeyStub: translateCommand: touch move 614 1061
10-29 16:29:41.974 30319 30319 D MonkeyStub: translateCommand: touch move 614 937
10-29 16:29:42.085 30319 30319 D MonkeyStub: translateCommand: touch move 614 812
10-29 16:29:42.205 30319 30319 D MonkeyStub: translateCommand: touch move 614 687
10-29 16:29:42.317 30319 30319 D MonkeyStub: translateCommand: touch move 614 562
10-29 16:29:42.428 30319 30319 D MonkeyStub: translateCommand: touch move 614 437
10-29 16:29:42.532 30319 30319 D MonkeyStub: translateCommand: touch move 614 312
10-29 16:29:42.536 30319 30319 D MonkeyStub: translateCommand: touch up 614 312
10-29 16:29:42.562 30319 30319 D MonkeyStub: translateCommand: touch down 614 1561
10-29 16:29:42.570 30319 30319 D MonkeyStub: translateCommand: touch move 614 1561
10-29 16:29:42.676 30319 30319 D MonkeyStub: translateCommand: touch move 614 1436
10-29 16:29:42.781 30319 30319 D MonkeyStub: translateCommand: touch move 614 1311
10-29 16:29:42.887 30319 30319 D MonkeyStub: translateCommand: touch move 614 1186
10-29 16:29:42.996 30319 30319 D MonkeyStub: translateCommand: touch move 614 1061
10-29 16:29:43.104 30319 30319 D MonkeyStub: translateCommand: touch move 614 937
10-29 16:29:43.209 30319 30319 D MonkeyStub: translateCommand: touch move 614 812
10-29 16:29:43.261   600   611 I ActivityManager: Start proc 30479:com.android.chrome:sandboxed_process24/u0i409 for service com.android.chrome/org.chromium.content.app.SandboxedProcessService24
10-29 16:29:43.307 30479 30479 W boxed_process24: type=1400 audit(0.0:632): avc: denied { getattr } for path="/data/data/com.android.chrome" dev="dm-2" ino=12190 scontext=u:r:isolated_app:s0:c512,c768 tcontext=u:object_r:app_data_file:s0:c512,c768 tclass=dir permissive=0
10-29 16:29:43.314 30319 30319 D MonkeyStub: translateCommand: touch move 614 687
10-29 16:29:43.347 30479 30479 I cr_ChildProcessService: Creating new ChildProcessService pid=30479
10-29 16:29:43.405 30479 30492 I cr_LibraryLoader: Loaded native library version number "85.0.4183.127"
10-29 16:29:43.406 30479 30492 I cr_CachingUmaRecorder: Flushed 1 samples from 1 histograms.
10-29 16:29:43.418 30319 30319 D MonkeyStub: translateCommand: touch move 614 562
10-29 16:29:43.430 30492 30492 W CrUtilityMain: type=1400 audit(0.0:633): avc: denied { setattr } for name="download_file_types.pb" dev="dm-2" ino=58195 scontext=u:r:isolated_app:s0:c512,c768 tcontext=u:object_r:app_data_file:s0:c512,c768 tclass=file permissive=0
10-29 16:29:43.433 30492 30492 W CrUtilityMain: type=1400 audit(0.0:634): avc: denied { setattr } for name="manifest.json" dev="dm-2" ino=57913 scontext=u:r:isolated_app:s0:c512,c768 tcontext=u:object_r:app_data_file:s0:c512,c768 tclass=file permissive=0
10-29 16:29:43.437 30492 30492 W CrUtilityMain: type=1400 audit(0.0:635): avc: denied { setattr } for name="verified_contents.json" dev="dm-2" ino=57827 scontext=u:r:isolated_app:s0:c512,c768 tcontext=u:object_r:app_data_file:s0:c512,c768 tclass=file permissive=0
10-29 16:29:43.454 30479 30479 I cr_ChildProcessService: Destroying ChildProcessService pid=30479
10-29 16:29:43.456 30479 30492 I chromium: [INFO:child_process_service.cc(69)] ChildProcessService: Exiting child process.
10-29 16:29:43.480   600   611 I ActivityManager: Process com.android.chrome:sandboxed_process24 (pid 30479) has died
10-29 16:29:43.480   600   611 D ActivityManager: cleanUpApplicationRecord -- 30479
10-29 16:29:43.487 29735 29735 W chromium: [WARNING:compositor_view.cc(315)] Child process died (type=6) pid=30479)
10-29 16:29:43.533 30319 30319 D MonkeyStub: translateCommand: touch move 614 437
10-29 16:29:43.637 30319 30319 D MonkeyStub: translateCommand: touch move 614 312
10-29 16:29:43.641 30319 30319 D MonkeyStub: translateCommand: touch up 614 312
10-29 16:29:46.149   600 24515 I ActivityManager: Start proc 30498:com.android.chrome:sandboxed_process25/u0i410 for service com.android.chrome/org.chromium.content.app.SandboxedProcessService25
