--------- beginning of main
10-30 20:02:41.546 28613 28613 D AndroidRuntime: >>>>>> START com.android.internal.os.RuntimeInit uid 2000 <<<<<<
10-30 20:02:41.550 28613 28613 D AndroidRuntime: CheckJNI is OFF
10-30 20:02:41.614 28613 28613 D ICU     : No timezone override file found: /data/misc/zoneinfo/current/icu/icu_tzdata.dat
10-30 20:02:41.642 28613 28613 I Radio-JNI: register_android_hardware_Radio DONE
10-30 20:02:41.656 28613 28613 D AndroidRuntime: Calling main entry com.android.commands.am.Am
--------- beginning of system
10-30 20:02:41.673   600  1080 I ActivityManager: Force stopping com.opera.browser appid=10122 user=0: from pid 28613
10-30 20:02:41.685  1061  1061 D RegisteredNfcFServicesCache: Service unchanged, not updating
10-30 20:02:41.935   600  1082 I ActivityManager: START u0 {act=android.intent.action.VIEW flg=0x10008000 cmp=com.opera.browser/com.opera.Opera} from uid 2000 on display 0
10-30 20:02:41.964 28613 28613 D AndroidRuntime: Shutting down VM
10-30 20:02:41.993   600 13557 I ActivityManager: Start proc 28623:com.opera.browser/u0a122 for activity com.opera.browser/com.opera.Opera
10-30 20:02:42.086 28623 28623 I art     : Starting a blocking GC AddRemoveAppImageSpace
10-30 20:02:42.114 28623 28623 I LoadedApk: No resource references to update in package com.opera.browser.nord_vpn
10-30 20:02:42.195 28623 28657 D NetworkSecurityConfig: Using Network Security Config from resource network_security_config_official_build debugBuild: false
10-30 20:02:42.210 28623 28623 I art     : Rejecting re-init on previously-failed class java.lang.Class<com.opera.android.job.a$j>: java.lang.NoClassDefFoundError: Failed resolution of: Landroid/app/job/JobServiceEngine;
10-30 20:02:42.210 28623 28623 I art     :   at void com.opera.android.OperaApplication.onCreate() (SourceFile:52)
10-30 20:02:42.210 28623 28623 I art     :   at void android.app.Instrumentation.callApplicationOnCreate(android.app.Application) (Instrumentation.java:1024)
10-30 20:02:42.210 28623 28623 I art     :   at void android.app.ActivityThread.handleBindApplication(android.app.ActivityThread$AppBindData) (ActivityThread.java:5403)
10-30 20:02:42.210 28623 28623 I art     :   at void android.app.ActivityThread.-wrap2(android.app.ActivityThread, android.app.ActivityThread$AppBindData) (ActivityThread.java:-1)
10-30 20:02:42.210 28623 28623 I art     :   at void android.app.ActivityThread$H.handleMessage(android.os.Message) (ActivityThread.java:1545)
10-30 20:02:42.210 28623 28623 I art     :   at void android.os.Handler.dispatchMessage(android.os.Message) (Handler.java:102)
10-30 20:02:42.210 28623 28623 I art     :   at void android.os.Looper.loop() (Looper.java:154)
10-30 20:02:42.210 28623 28623 I art     :   at void android.app.ActivityThread.main(java.lang.String[]) (ActivityThread.java:6119)
10-30 20:02:42.210 28623 28623 I art     :   at java.lang.Object java.lang.reflect.Method.invoke!(java.lang.Object, java.lang.Object[]) (Method.java:-2)
10-30 20:02:42.210 28623 28623 I art     :   at void com.android.internal.os.ZygoteInit$MethodAndArgsCaller.run() (ZygoteInit.java:886)
10-30 20:02:42.210 28623 28623 I art     :   at void com.android.internal.os.ZygoteInit.main(java.lang.String[]) (ZygoteInit.java:776)
10-30 20:02:42.210 28623 28623 I art     : Caused by: java.lang.ClassNotFoundException: Didn't find class "android.app.job.JobServiceEngine" on path: DexPathList[[zip file "/data/app/com.opera.browser-1/base.apk"],nativeLibraryDirectories=[/data/app/com.opera.browser-1/lib/arm, /data/app/com.opera.browser-1/base.apk!/lib/armeabi-v7a, /system/lib, /vendor/lib]]
10-30 20:02:42.210 28623 28623 I art     :   at java.lang.Class dalvik.system.BaseDexClassLoader.findClass(java.lang.String) (BaseDexClassLoader.java:56)
10-30 20:02:42.210 28623 28623 I art     :   at java.lang.Class java.lang.ClassLoader.loadClass(java.lang.String, boolean) (ClassLoader.java:380)
10-30 20:02:42.210 28623 28623 I art     :   at java.lang.Class java.lang.ClassLoader.loadClass(java.lang.String) (ClassLoader.java:312)
10-30 20:02:42.210 28623 28623 I art     :   at void com.opera.android.OperaApplication.onCreate() (SourceFile:52)
10-30 20:02:42.210 28623 28623 I art     :   at void android.app.Instrumentation.callApplicationOnCreate(android.app.Application) (Instrumentation.java:1024)
10-30 20:02:42.210 28623 28623 I art     :   at void android.app.ActivityThread.handleBindApplication(android.app.ActivityThread$AppBindData) (ActivityThread.java:5403)
10-30 20:02:42.210 28623 28623 I art     :   at void android.app.ActivityThread.-wrap2(android.app.ActivityThread, android.app.ActivityThread$AppBindData) (ActivityThread.java:-1)
10-30 20:02:42.210 28623 28623 I art     :   at void android.app.ActivityThread$H.handleMessage(android.os.Message) (ActivityThread.java:1545)
10-30 20:02:42.210 28623 28623 I art     :   at void android.os.Handler.dispatchMessage(android.os.Message) (Handler.java:102)
10-30 20:02:42.210 28623 28623 I art     :   at void android.os.Looper.loop() (Looper.java:154)
10-30 20:02:42.210 28623 28623 I art     :   at void android.app.ActivityThread.main(java.lang.String[]) (ActivityThread.java:6119)
10-30 20:02:42.210 28623 28623 I art     :   at java.lang.Object java.lang.reflect.Method.invoke!(java.lang.Object, java.lang.Object[]) (Method.java:-2)
10-30 20:02:42.210 28623 28623 I art     :   at void com.android.internal.os.ZygoteInit$MethodAndArgsCaller.run() (ZygoteInit.java:886)
10-30 20:02:42.210 28623 28623 I art     :   at void com.android.internal.os.ZygoteInit.main(java.lang.String[]) (ZygoteInit.java:776)
10-30 20:02:42.210 28623 28623 I art     : 
10-30 20:02:42.405 28623 28633 I art     : Background partial concurrent mark sweep GC freed 15813(909KB) AllocSpace objects, 6(260KB) LOS objects, 39% free, 4MB/7MB, paused 13.978ms total 85.316ms
10-30 20:02:42.472   600  1076 I ActivityManager: START u0 {act=android.intent.action.VIEW flg=0x10008000 cmp=com.opera.browser/com.opera.android.startup.WelcomeActivity} from uid 10122 on display 0
10-30 20:02:42.486   600  6312 W ActivityManager: Duplicate finish request for ActivityRecord{6a30302 u0 com.opera.browser/com.opera.Opera t1814 f}
10-30 20:02:42.674 28623 28633 I art     : Background sticky concurrent mark sweep GC freed 22917(2MB) AllocSpace objects, 4(80KB) LOS objects, 35% free, 4MB/7MB, paused 9.417ms total 88.736ms
10-30 20:02:42.816   600   609 I art     : Background partial concurrent mark sweep GC freed 93254(4MB) AllocSpace objects, 39(940KB) LOS objects, 33% free, 15MB/23MB, paused 5.334ms total 206.021ms
10-30 20:02:42.835 28623 28735 I OpenGLRenderer: Initialized EGL, version 1.4
10-30 20:02:42.835 28623 28735 D OpenGLRenderer: Swap behavior 2
10-30 20:02:42.915 28623 28676 I FA      : App measurement initialized, version: 43042
10-30 20:02:42.915 28623 28676 I FA      : To enable debug logging run: adb shell setprop log.tag.FA VERBOSE
10-30 20:02:42.915 28623 28676 I FA      : To enable faster debug mode event logging run:
10-30 20:02:42.915 28623 28676 I FA      :   adb shell setprop debug.firebase.analytics.app com.opera.browser
10-30 20:02:43.127 28623 28676 I FA      : Tag Manager is not found and thus will not be used
10-30 20:02:43.210   600   620 I ActivityManager: Displayed com.opera.browser/com.opera.android.startup.WelcomeActivity: +667ms (total +1s253ms)
10-30 20:02:43.313   600   620 W WindowManager: Failed looking up window
10-30 20:02:43.313   600   620 W WindowManager: java.lang.IllegalArgumentException: Requested window android.view.ViewRootImpl$W@c2f28b does not exist
10-30 20:02:43.313   600   620 W WindowManager: 	at com.android.server.wm.WindowManagerService.windowForClientLocked(WindowManagerService.java:9422)
10-30 20:02:43.313   600   620 W WindowManager: 	at com.android.server.wm.WindowManagerService.windowForClientLocked(WindowManagerService.java:9413)
10-30 20:02:43.313   600   620 W WindowManager: 	at com.android.server.wm.WindowManagerService.removeWindow(WindowManagerService.java:2393)
10-30 20:02:43.313   600   620 W WindowManager: 	at com.android.server.wm.Session.remove(Session.java:202)
10-30 20:02:43.313   600   620 W WindowManager: 	at android.view.ViewRootImpl.dispatchDetachedFromWindow(ViewRootImpl.java:3290)
10-30 20:02:43.313   600   620 W WindowManager: 	at android.view.ViewRootImpl.doDie(ViewRootImpl.java:5917)
10-30 20:02:43.313   600   620 W WindowManager: 	at android.view.ViewRootImpl$ViewRootHandler.handleMessage(ViewRootImpl.java:3626)
10-30 20:02:43.313   600   620 W WindowManager: 	at android.os.Handler.dispatchMessage(Handler.java:102)
10-30 20:02:43.313   600   620 W WindowManager: 	at android.os.Looper.loop(Looper.java:154)
10-30 20:02:43.313   600   620 W WindowManager: 	at android.os.HandlerThread.run(HandlerThread.java:61)
10-30 20:02:43.313   600   620 W WindowManager: 	at com.android.server.ServiceThread.run(ServiceThread.java:46)
10-30 20:02:43.342 28623 28753 W chromium: [WARNING:op_site_scripts.cc(424)] Failed to map /data/user/0/com.opera.browser/app_opera/sjs
10-30 20:02:43.351   600   610 I ActivityManager: Start proc 28761:com.opera.browser:privileged_process0/u0a122 for service com.opera.browser/com.opera.android.browser.chromium.services.PrivilegedProcessService0
10-30 20:02:43.454 28761 28761 I art     : Starting a blocking GC AddRemoveAppImageSpace
10-30 20:02:43.479 28761 28761 I LoadedApk: No resource references to update in package com.opera.browser.nord_vpn
10-30 20:02:43.607 28761 28788 E libEGL  : validate_display:99 error 3008 (EGL_BAD_DISPLAY)
10-30 20:02:43.644 17571 17571 I MemoryTrimmer: Trimming objects from memory, since app is in the background.
10-30 20:02:43.696 17571 19750 W SearchService: Abort, client detached.
10-30 20:02:43.703  1084  1084 I MemoryTrimmer: Trimming objects from memory, since app is in the background.
10-30 20:02:43.745 17571 28456 I DeviceStateChecker: DeviceStateChecker cancelled
10-30 20:02:43.746 17571 17571 I MicroDetector: Keeping mic open: false
10-30 20:02:43.747 17571 18767 I AudioController: internalShutdown
10-30 20:02:43.748 17571 18767 I MicrophoneInputStream: mic_close com.google.android.apps.gsa.speech.audio.ae@c7e1ab4
10-30 20:02:43.749 17571 17643 I MicroRecognitionRunner: Stopping hotword detection.
10-30 20:02:43.758   238   285 I SoundTriggerHwService::Module: void android::SoundTriggerHwService::Module::onCallbackEvent(const sp<android::SoundTriggerHwService::CallbackEvent> &) mClient == 0
10-30 20:02:43.765 17571 28457 I MicroRecognitionRunner: Detection finished
10-30 20:02:43.776 17571 17571 I MemoryTrimmer: Trimming objects from memory, since app is in the background.
10-30 20:02:43.786 28761 28788 E libEGL  : validate_display:99 error 3008 (EGL_BAD_DISPLAY)
10-30 20:02:43.947   787 28144 W NetworkScheduler: Error inserting service_kind=0 source=16 tag=Measurement.PackageMeasurementTaskService.UPLOAD_TASK_TAG target_package=com.google.android.gms requires_charging=0 source_version=203915000 required_network_type=0 flex_time=984000 persistence_level=1 target_class=com.google.android.gms.measurement.PackageMeasurementTaskService runtime=1667156563941 retry_strategy={"maximum_backoff_seconds":{"3600":0},"initial_backoff_seconds":{"30":0},"retry_policy":{"0":0}} preferred_network_type=1 required_idleness_state=0 preferred_charging_state=1 period=1970000 last_runtime=0 task_type=0 job_id=-1 user_id=0, error message: UNIQUE constraint failed: pending_ops.tag, pending_ops.target_class, pending_ops.target_package, pending_ops.user_id (code 2067) [CONTEXT service_id=218 ]
10-30 20:02:43.989   787 28144 W NetworkScheduler: Error inserting service_kind=0 source=16 tag=Measurement.PackageMeasurementTaskService.UPLOAD_TASK_TAG target_package=com.google.android.gms requires_charging=0 source_version=203915000 required_network_type=0 flex_time=984000 persistence_level=1 target_class=com.google.android.gms.measurement.PackageMeasurementTaskService runtime=1667156563985 retry_strategy={"maximum_backoff_seconds":{"3600":0},"initial_backoff_seconds":{"30":0},"retry_policy":{"0":0}} preferred_network_type=1 required_idleness_state=0 preferred_charging_state=1 period=1970000 last_runtime=0 task_type=0 job_id=-1 user_id=0, error message: UNIQUE constraint failed: pending_ops.tag, pending_ops.target_class, pending_ops.target_package, pending_ops.user_id (code 2067) [CONTEXT service_id=218 ]
10-30 20:02:44.010   787 28810 W NetworkScheduler: Error inserting service_kind=0 source=16 tag=Measurement.PackageMeasurementTaskService.UPLOAD_TASK_TAG target_package=com.google.android.gms requires_charging=0 source_version=203915000 required_network_type=0 flex_time=984000 persistence_level=1 target_class=com.google.android.gms.measurement.PackageMeasurementTaskService runtime=1667156564008 retry_strategy={"maximum_backoff_seconds":{"3600":0},"initial_backoff_seconds":{"30":0},"retry_policy":{"0":0}} preferred_network_type=1 required_idleness_state=0 preferred_charging_state=1 period=1970000 last_runtime=0 task_type=0 job_id=-1 user_id=0, error message: UNIQUE constraint failed: pending_ops.tag, pending_ops.target_class, pending_ops.target_package, pending_ops.user_id (code 2067) [CONTEXT service_id=218 ]
10-30 20:02:47.702 28623 28623 I PlayCore: UID: [10122]  PID: [28623] AppUpdateListenerRegistry : registerListener
10-30 20:02:47.705 28623 28623 I PlayCore: UID: [10122]  PID: [28623] AppUpdateService : requestUpdateInfo(com.opera.browser)
10-30 20:02:47.706 28623 28840 I PlayCore: UID: [10122]  PID: [28623] AppUpdateService : Initiate binding to the service.
10-30 20:02:47.707   600 13558 W ActivityManager: Unable to start service Intent { act=com.google.android.play.core.install.BIND_UPDATE_SERVICE pkg=com.android.vending } U=0: not found
10-30 20:02:47.709 28623 28840 I PlayCore: UID: [10122]  PID: [28623] AppUpdateService : Failed to bind to the service.
10-30 20:02:47.771 28623 28842 D ApplicationLoaders: ignored Vulkan layer search path /data/app/com.google.android.gms-1/lib/arm:/data/app/com.google.android.gms-1/base.apk!/lib/armeabi-v7a:/data/app/com.google.android.gms-1/split_config.en.apk!/lib/armeabi-v7a for namespace 0xf4a41090
10-30 20:02:47.773 28623 28842 W ResourceType: ResTable_typeSpec entry count inconsistent: given 67, previously 69
10-30 20:02:47.773 28623 28842 W ResourceType: ResTable_typeSpec entry count inconsistent: given 5346, previously 5347
10-30 20:02:48.341   600   612 D SyncManager: failed sync operation JobId: 100983, com.opera.browser u0 (com.opera.browser.ping), com.opera.browser.ping.provider, SERVER, reason: 10122, SyncResult: delayUntil: 1667163768 stats [ numIoExceptions: 1]
10-30 20:02:53.801 17571 17571 I MemoryTrimmer: Trimming objects from memory, since app is in the background.
10-30 20:02:53.826   787   802 W SQLiteConnectionPool: A SQLiteConnection object for database '/data/user/0/com.google.android.gms/databases/metadata.db' was leaked!  Please fix your application to end transactions in progress properly and to close the database when it is no longer needed.
10-30 20:02:54.084   787  1258 W GmsStrictMode: LEAKED_CLOSABLE [CONTEXT service_id=256 ]
10-30 20:02:54.084   787  1258 W GmsStrictMode: rvo: LEAKED_CLOSABLE
10-30 20:02:54.084   787  1258 W GmsStrictMode: 	at dalvik.system.VMStack.getThreadStackTrace(Native Method)
10-30 20:02:54.084   787  1258 W GmsStrictMode: 	at java.lang.Thread.getStackTrace(Thread.java:1566)
10-30 20:02:54.084   787  1258 W GmsStrictMode: 	at bhdb.containsKey(:com.google.android.gms@203915020@20.39.15 (040406-335085812):1)
10-30 20:02:54.084   787  1258 W GmsStrictMode: 	at android.os.StrictMode.onVmPolicyViolation(StrictMode.java:1867)
10-30 20:02:54.084   787  1258 W GmsStrictMode: 	at android.os.StrictMode.onVmPolicyViolation(StrictMode.java:1844)
10-30 20:02:54.084   787  1258 W GmsStrictMode: 	at android.os.StrictMode$AndroidCloseGuardReporter.report(StrictMode.java:1590)
10-30 20:02:54.084   787  1258 W GmsStrictMode: 	at dalvik.system.CloseGuard.warnIfOpen(CloseGuard.java:208)
10-30 20:02:54.084   787  1258 W GmsStrictMode: 	at android.database.sqlite.SQLiteConnection.dispose(SQLiteConnection.java:231)
10-30 20:02:54.084   787  1258 W GmsStrictMode: 	at android.database.sqlite.SQLiteConnection.finalize(SQLiteConnection.java:180)
10-30 20:02:54.084   787  1258 W GmsStrictMode: 	at java.lang.Daemons$FinalizerDaemon.doFinalize(Daemons.java:222)
10-30 20:02:54.084   787  1258 W GmsStrictMode: 	at java.lang.Daemons$FinalizerDaemon.run(Daemons.java:209)
10-30 20:02:54.084   787  1258 W GmsStrictMode: 	at java.lang.Thread.run(Thread.java:761)
10-30 20:02:55.075 28871 28871 D AndroidRuntime: >>>>>> START com.android.internal.os.RuntimeInit uid 2000 <<<<<<
10-30 20:02:55.079 28871 28871 D AndroidRuntime: CheckJNI is OFF
10-30 20:02:55.143 28871 28871 D ICU     : No timezone override file found: /data/misc/zoneinfo/current/icu/icu_tzdata.dat
10-30 20:02:55.174 28871 28871 I Radio-JNI: register_android_hardware_Radio DONE
10-30 20:02:55.189 28871 28871 D AndroidRuntime: Calling main entry com.android.commands.monkey.Monkey
10-30 20:02:55.256   600   613 W BroadcastQueue: Skipping deliver [background] BroadcastRecord{67f513a u-1 android.net.conn.CONNECTIVITY_CHANGE} to ReceiverList{bd171eb 28871 (unknown name)/2000/u-1 remote:4dc355c}: process crashing
10-30 20:02:56.804 28871 28871 D MonkeyStub: translateCommand: wake
10-30 20:02:56.905 20848 20968 I CastDatabase: Saving the database
10-30 20:02:56.919 28871 28871 D MonkeyStub: translateCommand: tap 960 1881
10-30 20:02:56.960 20848 20968 E SQLiteCastStore: Skip saving CastDeviceInfo: "Nearby device" (__cast_nearby___V_a794e608-6156-4960-9a32-926c98882ed2)
10-30 20:02:56.964 20848 20968 I SQLiteCastStore: [CastNetworkInfo] saved: 2, skipped: 0, [CastDeviceInfo]: saved 1, skipped 1, [Paired Guest Mode DeviceInfo] saved: 0, skipped: 0. [ProbedNetworks]: saved 0, skipped: 0, [ProbedSocketAddress]: saved 1, skipped: 0, [Network-Device pairs]: saved: 2
10-30 20:02:56.991   600  1081 I ActivityManager: START u0 {act=android.intent.action.VIEW flg=0x1000000 cmp=com.opera.browser/com.opera.android.IntentDispatcherActivity} from uid 10122 on display 0
10-30 20:02:57.099   600  7064 I ActivityManager: START u0 {act=android.intent.action.VIEW flg=0x15002000 cmp=com.opera.browser/com.opera.android.BrowserActivity} from uid 10122 on display 0
10-30 20:02:57.101  1084  1171 I OpenGLRenderer: Initialized EGL, version 1.4
10-30 20:02:57.101  1084  1171 D OpenGLRenderer: Swap behavior 2
10-30 20:02:57.214   600   609 I art     : Background partial concurrent mark sweep GC freed 41868(2MB) AllocSpace objects, 43(1344KB) LOS objects, 33% free, 15MB/23MB, paused 7.678ms total 170.174ms
10-30 20:02:57.387 28623 28916 W ResourceType: ResTable_typeSpec entry count inconsistent: given 67, previously 69
10-30 20:02:57.387 28623 28916 W ResourceType: ResTable_typeSpec entry count inconsistent: given 5346, previously 5347
10-30 20:02:57.435  1084  1084 I MemoryTrimmer: Trimming objects from memory, since app is in the background.
10-30 20:02:57.474 28623 28888 E [Leanplum][ERROR]: No variable values were received from the server. Please contact us to investigate.
10-30 20:02:57.631   600  7064 I CwMcuSensor: CwMcuSensor::flush: fd = 252, sensors_id = 0, path = /sys/class/htc_sensorhub/sensor_hub/flush, err = 0
10-30 20:02:57.687   600   620 I ActivityManager: Displayed com.opera.browser/com.opera.android.BrowserActivity: +571ms (total +670ms)
10-30 20:02:58.039 28623 28920 W ResourceType: ResTable_typeSpec entry count inconsistent: given 67, previously 69
10-30 20:02:58.042 28623 28920 W ResourceType: ResTable_typeSpec entry count inconsistent: given 5346, previously 5347
10-30 20:02:58.389 28623 28955 W ResourceType: ResTable_typeSpec entry count inconsistent: given 67, previously 69
10-30 20:02:58.389 28623 28955 W ResourceType: ResTable_typeSpec entry count inconsistent: given 5346, previously 5347
10-30 20:02:58.402 28623 28628 I art     : Do partial code cache collection, code=18KB, data=30KB
10-30 20:02:58.404 28623 28628 I art     : After code cache collection, code=18KB, data=30KB
10-30 20:02:58.418 28623 28628 I art     : Increasing code cache capacity to 128KB
10-30 20:02:58.420 28623 28623 E Sensors : sendAck failure -1 1
10-30 20:02:58.442 28623 28623 I Choreographer: Skipped 33 frames!  The application may be doing too much work on its main thread.
10-30 20:02:58.575 28623 28633 I art     : Background sticky concurrent mark sweep GC freed 19173(1650KB) AllocSpace objects, 27(540KB) LOS objects, 18% free, 9MB/12MB, paused 7.915ms total 49.236ms
10-30 20:02:58.597 28623 28623 W View    : requestLayout() improperly called by com.opera.android.custom_views.FadingRecyclerView{433edf5 VFED.V... ......ID 0,813-1536,813 #7f0a0825 app:id/suggested_dials_grid} during layout: running second layout pass
10-30 20:02:58.607   787 28144 W NetworkScheduler: Error inserting service_kind=0 source=16 tag=Measurement.PackageMeasurementTaskService.UPLOAD_TASK_TAG target_package=com.google.android.gms requires_charging=0 source_version=203915000 required_network_type=0 flex_time=970000 persistence_level=1 target_class=com.google.android.gms.measurement.PackageMeasurementTaskService runtime=1667156578604 retry_strategy={"maximum_backoff_seconds":{"3600":0},"initial_backoff_seconds":{"30":0},"retry_policy":{"0":0}} preferred_network_type=1 required_idleness_state=0 preferred_charging_state=1 period=1941000 last_runtime=0 task_type=0 job_id=-1 user_id=0, error message: UNIQUE constraint failed: pending_ops.tag, pending_ops.target_class, pending_ops.target_package, pending_ops.user_id (code 2067) [CONTEXT service_id=218 ]
10-30 20:02:58.838 28623 28633 I art     : Background partial concurrent mark sweep GC freed 36853(1641KB) AllocSpace objects, 5(200KB) LOS objects, 40% free, 10MB/17MB, paused 2.451ms total 201.954ms
10-30 20:02:59.151 28984 28984 I dex2oat : /system/bin/dex2oat --dex-file=/data/user/0/com.opera.browser/code_cache/.   ​   --oat-fd=163 --oat-location=/data/user/0/com.opera.browser/code_cache/.     --compiler-filter=speed
10-30 20:02:59.304   787 25662 W NetworkScheduler: Error inserting service_kind=0 source=16 tag=Measurement.PackageMeasurementTaskService.UPLOAD_TASK_TAG target_package=com.google.android.gms requires_charging=0 source_version=203915000 required_network_type=0 flex_time=969000 persistence_level=1 target_class=com.google.android.gms.measurement.PackageMeasurementTaskService runtime=1667156579302 retry_strategy={"maximum_backoff_seconds":{"3600":0},"initial_backoff_seconds":{"30":0},"retry_policy":{"0":0}} preferred_network_type=1 required_idleness_state=0 preferred_charging_state=1 period=1940000 last_runtime=0 task_type=0 job_id=-1 user_id=0, error message: UNIQUE constraint failed: pending_ops.tag, pending_ops.target_class, pending_ops.target_package, pending_ops.user_id (code 2067) [CONTEXT service_id=218 ]
10-30 20:02:59.441 28623 28633 I art     : Background sticky concurrent mark sweep GC freed 57309(2MB) AllocSpace objects, 29(1328KB) LOS objects, 28% free, 12MB/17MB, paused 1.423ms total 117.258ms
10-30 20:02:59.459 28984 28984 I dex2oat : dex2oat took 310.907ms (threads: 2) arena alloc=432KB (442800B) java alloc=32KB (33064B) native alloc=354KB (362688B) free=1181KB (1210176B)
10-30 20:02:59.691 28992 28992 I dex2oat : /system/bin/dex2oat --dex-file=/data/user/0/com.opera.browser/code_cache/.      --oat-fd=154 --oat-location=/data/user/0/com.opera.browser/code_cache/. ​  --compiler-filter=speed
10-30 20:03:00.168 28992 28992 I dex2oat : dex2oat took 478.424ms (threads: 2) arena alloc=609KB (624408B) java alloc=86KB (88128B) native alloc=523KB (536312B) free=1524KB (1560840B)
10-30 20:03:00.416 28623 28633 I art     : Background sticky concurrent mark sweep GC freed 57220(3MB) AllocSpace objects, 4(184KB) LOS objects, 8% free, 15MB/17MB, paused 4.150ms total 126.367ms
10-30 20:03:00.434 28623 28628 I art     : Do partial code cache collection, code=38KB, data=62KB
10-30 20:03:00.435 28623 28628 I art     : After code cache collection, code=37KB, data=62KB
10-30 20:03:00.435 28623 28628 I art     : Increasing code cache capacity to 256KB
10-30 20:03:00.987 28871 28871 D MonkeyStub: translateCommand: tap 57 93
10-30 20:03:00.993 28623 28633 I art     : Background partial concurrent mark sweep GC freed 87346(4MB) AllocSpace objects, 17(1612KB) LOS objects, 40% free, 14MB/23MB, paused 4.183ms total 169.331ms
10-30 20:03:03.097 28871 28871 D MonkeyStub: translateCommand: tap 57 93
10-30 20:03:05.346 28871 28871 D MonkeyStub: translateCommand: tap 446 593
10-30 20:03:07.394 28871 28871 D MonkeyStub: translateCommand: tap 667 302
10-30 20:03:07.479 28623 28628 I art     : Do full code cache collection, code=85KB, data=124KB
10-30 20:03:07.481 28623 28628 I art     : Starting a blocking GC JitCodeCache
10-30 20:03:07.482 28623 28628 I art     : After code cache collection, code=68KB, data=71KB
10-30 20:03:10.672 28871 28871 D MonkeyStub: translateCommand: tap 1286 930
10-30 20:03:11.902 28871 28871 D MonkeyStub: translateCommand: tap 62 98
10-30 20:03:11.925 28871 28871 D MonkeyStub: translateCommand: tap 729 89
10-30 20:03:11.952 28871 28871 D MonkeyStub: Quit requested
10-30 20:03:11.972   600   614 I CwMcuSensor: CwMcuSensor::flush: fd = 252, sensors_id = 0, path = /sys/class/htc_sensorhub/sensor_hub/flush, err = 0
10-30 20:03:11.984 28871 28871 I art     : System.exit called, status: 16
10-30 20:03:11.984 28871 28871 I AndroidRuntime: VM exiting with result code 16.
10-30 20:03:12.006   600 13557 W WindowManager: Attempted to remove non-existing token: android.os.Binder@fa54b48
10-30 20:03:12.219   600 17381 E BatteryStatsService: power: Missing API
10-30 20:03:12.223   600 17381 E BatteryStatsService: no controller energy info supplied
10-30 20:03:12.224   796   796 E PhoneInterfaceManager: [PhoneIntfMgr] queryModemActivityInfo: Empty response
10-30 20:03:12.230   600 17381 E BatteryStatsService: modem info is invalid: ModemActivityInfo{ mTimestamp=0 mSleepTimeMs=0 mIdleTimeMs=0 mTxTimeMs[]=[0, 0, 0, 0, 0] mRxTimeMs=0 mEnergyUsed=0}
10-30 20:03:12.616 29026 29026 D AndroidRuntime: >>>>>> START com.android.internal.os.RuntimeInit uid 2000 <<<<<<
10-30 20:03:12.620 29026 29026 D AndroidRuntime: CheckJNI is OFF
10-30 20:03:12.684 29026 29026 D ICU     : No timezone override file found: /data/misc/zoneinfo/current/icu/icu_tzdata.dat
10-30 20:03:12.714 29026 29026 I Radio-JNI: register_android_hardware_Radio DONE
10-30 20:03:12.729 29026 29026 D AndroidRuntime: Calling main entry com.android.commands.am.Am
10-30 20:03:12.747   600 13557 I ActivityManager: START u0 {act=android.intent.action.VIEW dat=http://www.britannica.com/... flg=0x10000000 cmp=com.opera.browser/com.opera.Opera} from uid 2000 on display 0
10-30 20:03:12.753 29026 29026 D AndroidRuntime: Shutting down VM
10-30 20:03:12.847 28623 28623 W art     : Before Android 4.1, method double java.util.concurrent.ThreadLocalRandom.internalNextDouble(double, double) would have incorrectly overridden the package-private method in java.util.Random
10-30 20:03:12.847 28623 28623 W art     : Before Android 4.1, method int java.util.concurrent.ThreadLocalRandom.internalNextInt(int, int) would have incorrectly overridden the package-private method in java.util.Random
10-30 20:03:12.847 28623 28623 W art     : Before Android 4.1, method long java.util.concurrent.ThreadLocalRandom.internalNextLong(long, long) would have incorrectly overridden the package-private method in java.util.Random
10-30 20:03:12.891   600   619 D BluetoothManagerService: Message: 20
10-30 20:03:12.892   600   619 D BluetoothManagerService: Added callback: android.bluetooth.IBluetoothManagerCallback$Stub$Proxy@c492b9b:true
10-30 20:03:12.910   600 27731 I ActivityManager: Start proc 29039:com.opera.browser:sandboxed_process0/u0a122 for service com.opera.browser/com.opera.android.browser.chromium.services.SandboxedProcessService0
10-30 20:03:12.965 29039 29039 I art     : Starting a blocking GC AddRemoveAppImageSpace
10-30 20:03:12.982 29039 29039 I LoadedApk: No resource references to update in package com.opera.browser.nord_vpn
10-30 20:03:13.018 28623 28989 W ResourceType: ResTable_typeSpec entry count inconsistent: given 67, previously 69
10-30 20:03:13.018 28623 28989 W ResourceType: ResTable_typeSpec entry count inconsistent: given 5346, previously 5347
10-30 20:03:13.139   787  1245 I FontLog : Received query name=Google Sans&weight=400&besteffort=false, URI content://com.google.android.gms.fonts [CONTEXT service_id=132 ]
10-30 20:03:13.139   787  1245 I FontLog : Query [name=Google Sans&weight=400&besteffort=false] resolved to {Google Sans, wdth 100.0, wght 400, ital 0.0, bestEffort false} [CONTEXT service_id=132 ]
10-30 20:03:13.141   787  1245 I FontLog : Font PFD returned from cache for {Google Sans, wdth 100.0, wght 400, ital 0.0, bestEffort false} [CONTEXT service_id=132 ]
10-30 20:03:13.141   787  1245 I FontLog : Fetch {Google Sans, wdth 100.0, wght 400, ital 0.0, bestEffort false} end status Status{statusCode=SUCCESS, resolution=null} [CONTEXT service_id=132 ]
10-30 20:03:13.147   787 23224 I FontLog : Pulling font file for id = 1076, cache size = 5 [CONTEXT service_id=132 ]
10-30 20:03:13.151   787  1620 I FontLog : Received query name=Google Sans&weight=500&besteffort=false, URI content://com.google.android.gms.fonts [CONTEXT service_id=132 ]
10-30 20:03:13.151   787  1620 I FontLog : Query [name=Google Sans&weight=500&besteffort=false] resolved to {Google Sans, wdth 100.0, wght 500, ital 0.0, bestEffort false} [CONTEXT service_id=132 ]
10-30 20:03:13.152   787  1620 I FontLog : Font PFD returned from cache for {Google Sans, wdth 100.0, wght 500, ital 0.0, bestEffort false} [CONTEXT service_id=132 ]
10-30 20:03:13.152   787  1620 I FontLog : Fetch {Google Sans, wdth 100.0, wght 500, ital 0.0, bestEffort false} end status Status{statusCode=SUCCESS, resolution=null} [CONTEXT service_id=132 ]
10-30 20:03:13.154   787 28589 I FontLog : Pulling font file for id = 1077, cache size = 4 [CONTEXT service_id=132 ]
10-30 20:03:13.162   787  1174 I FontLog : Received query name=Google Sans&weight=700&besteffort=false, URI content://com.google.android.gms.fonts [CONTEXT service_id=132 ]
10-30 20:03:13.162   787  1174 I FontLog : Query [name=Google Sans&weight=700&besteffort=false] resolved to {Google Sans, wdth 100.0, wght 700, ital 0.0, bestEffort false} [CONTEXT service_id=132 ]
10-30 20:03:13.174   787  1174 I FontLog : Fetch {Google Sans, wdth 100.0, wght 700, ital 0.0, bestEffort false} end status Status{statusCode=SUCCESS, resolution=null} [CONTEXT service_id=132 ]
10-30 20:03:13.185   787 28591 I FontLog : Pulling font file for id = 1078, cache size = 5 [CONTEXT service_id=132 ]
10-30 20:03:13.192   787  1714 I FontLog : Received query name=Noto Color Emoji Compat&weight=400&besteffort=false, URI content://com.google.android.gms.fonts [CONTEXT service_id=132 ]
10-30 20:03:13.193   787  1714 I FontLog : Query [name=Noto Color Emoji Compat&weight=400&besteffort=false] resolved to {Noto Color Emoji Compat, wdth 100.0, wght 400, ital 0.0, bestEffort false} [CONTEXT service_id=132 ]
10-30 20:03:13.194   787  1714 I FontLog : Fetch {Noto Color Emoji Compat, wdth 100.0, wght 400, ital 0.0, bestEffort false} end status Status{statusCode=SUCCESS, resolution=null} [CONTEXT service_id=132 ]
10-30 20:03:13.203   787  1245 I FontLog : Pulling font file for id = 1079, cache size = 5 [CONTEXT service_id=132 ]
10-30 20:03:13.412 28623 28628 I art     : Do partial code cache collection, code=90KB, data=114KB
10-30 20:03:13.428 28623 28628 I art     : After code cache collection, code=90KB, data=115KB
10-30 20:03:13.428 28623 28628 I art     : Increasing code cache capacity to 512KB
10-30 20:03:13.509   787 28134 I SQLiteConnectionPool: The connection pool for /data/user/0/com.google.android.gms/databases/metadata.db has been closed but there are still 1 connections in use.  They will be closed as they are released back to the pool.
10-30 20:03:13.510   787 29061 W FontLog : Error updating last accessed time for {Noto Color Emoji Compat, wdth 100.0, wght 400, ital 0.0, bestEffort false}. [CONTEXT service_id=132 ]
10-30 20:03:13.510   787 29061 W FontLog : java.lang.IllegalStateException: Cannot perform this operation because the connection pool has been closed.
10-30 20:03:13.510   787 29061 W FontLog : 	at android.database.sqlite.SQLiteConnectionPool.throwIfClosedLocked(SQLiteConnectionPool.java:962)
10-30 20:03:13.510   787 29061 W FontLog : 	at android.database.sqlite.SQLiteConnectionPool.waitForConnection(SQLiteConnectionPool.java:677)
10-30 20:03:13.510   787 29061 W FontLog : 	at android.database.sqlite.SQLiteConnectionPool.acquireConnection(SQLiteConnectionPool.java:348)
10-30 20:03:13.510   787 29061 W FontLog : 	at android.database.sqlite.SQLiteSession.acquireConnection(SQLiteSession.java:894)
10-30 20:03:13.510   787 29061 W FontLog : 	at android.database.sqlite.SQLiteSession.executeForChangedRowCount(SQLiteSession.java:752)
10-30 20:03:13.510   787 29061 W FontLog : 	at android.database.sqlite.SQLiteStatement.executeUpdateDelete(SQLiteStatement.java:64)
10-30 20:03:13.510   787 29061 W FontLog : 	at android.database.sqlite.SQLiteDatabase.executeSql(SQLiteDatabase.java:1679)
10-30 20:03:13.510   787 29061 W FontLog : 	at android.database.sqlite.SQLiteDatabase.execSQL(SQLiteDatabase.java:1658)
10-30 20:03:13.510   787 29061 W FontLog : 	at aafx.run(Unknown Source)
10-30 20:03:13.510   787 29061 W FontLog : 	at sup.b(:com.google.android.gms@203915020@20.39.15 (040406-335085812):12)
10-30 20:03:13.510   787 29061 W FontLog : 	at sup.run(:com.google.android.gms@203915020@20.39.15 (040406-335085812):7)
10-30 20:03:13.510   787 29061 W FontLog : 	at java.util.concurrent.ThreadPoolExecutor.runWorker(ThreadPoolExecutor.java:1133)
10-30 20:03:13.510   787 29061 W FontLog : 	at java.util.concurrent.ThreadPoolExecutor$Worker.run(ThreadPoolExecutor.java:607)
10-30 20:03:13.510   787 29061 W FontLog : 	at tam.run(:com.google.android.gms@203915020@20.39.15 (040406-335085812):0)
10-30 20:03:13.510   787 29061 W FontLog : 	at java.lang.Thread.run(Thread.java:761)
10-30 20:03:13.590   787 28134 W NetworkScheduler: Error inserting service_kind=0 source=16 tag=Measurement.PackageMeasurementTaskService.UPLOAD_TASK_TAG target_package=com.google.android.gms requires_charging=0 source_version=203915000 required_network_type=0 flex_time=955000 persistence_level=1 target_class=com.google.android.gms.measurement.PackageMeasurementTaskService runtime=1667156593585 retry_strategy={"maximum_backoff_seconds":{"3600":0},"initial_backoff_seconds":{"30":0},"retry_policy":{"0":0}} preferred_network_type=1 required_idleness_state=0 preferred_charging_state=1 period=1911000 last_runtime=0 task_type=0 job_id=-1 user_id=0, error message: UNIQUE constraint failed: pending_ops.tag, pending_ops.target_class, pending_ops.target_package, pending_ops.user_id (code 2067) [CONTEXT service_id=218 ]
10-30 20:03:15.517 28623 28633 I art     : Background sticky concurrent mark sweep GC freed 114056(6MB) AllocSpace objects, 15(348KB) LOS objects, 27% free, 17MB/24MB, paused 1.901ms total 220.776ms
10-30 20:03:25.746 29110 29110 D AndroidRuntime: >>>>>> START com.android.internal.os.RuntimeInit uid 2000 <<<<<<
10-30 20:03:25.749 29110 29110 D AndroidRuntime: CheckJNI is OFF
10-30 20:03:25.813 29110 29110 D ICU     : No timezone override file found: /data/misc/zoneinfo/current/icu/icu_tzdata.dat
10-30 20:03:25.844 29110 29110 I Radio-JNI: register_android_hardware_Radio DONE
10-30 20:03:25.860 29110 29110 D AndroidRuntime: Calling main entry com.android.commands.monkey.Monkey
10-30 20:03:25.927   600   613 W BroadcastQueue: Skipping deliver [background] BroadcastRecord{46d5c2d u-1 android.net.conn.CONNECTIVITY_CHANGE} to ReceiverList{c742562 29110 (unknown name)/2000/u-1 remote:286ec57}: process crashing
10-30 20:03:27.332 29110 29110 D MonkeyStub: translateCommand: wake
10-30 20:03:27.471 29110 29110 D MonkeyStub: translateCommand: touch down 432 1772
10-30 20:03:27.489 29110 29110 D MonkeyStub: translateCommand: touch move 432 1772
10-30 20:03:27.614 29110 29110 D MonkeyStub: translateCommand: touch move 432 1630
10-30 20:03:27.725 29110 29110 D MonkeyStub: translateCommand: touch move 432 1488
10-30 20:03:27.840 29110 29110 D MonkeyStub: translateCommand: touch move 432 1347
10-30 20:03:27.949 29110 29110 D MonkeyStub: translateCommand: touch move 432 1205
10-30 20:03:28.060 29110 29110 D MonkeyStub: translateCommand: touch move 432 1063
10-30 20:03:28.164 29110 29110 D MonkeyStub: translateCommand: touch move 432 921
10-30 20:03:28.270 29110 29110 D MonkeyStub: translateCommand: touch move 432 779
10-30 20:03:28.387 29110 29110 D MonkeyStub: translateCommand: touch move 432 638
10-30 20:03:28.497 29110 29110 D MonkeyStub: translateCommand: touch move 432 496
10-30 20:03:28.609 29110 29110 D MonkeyStub: translateCommand: touch move 432 354
10-30 20:03:28.614 29110 29110 D MonkeyStub: translateCommand: touch up 432 354
10-30 20:03:28.651 29110 29110 D MonkeyStub: translateCommand: touch down 432 1772
10-30 20:03:28.658 29110 29110 D MonkeyStub: translateCommand: touch move 432 1772
10-30 20:03:28.768 29110 29110 D MonkeyStub: translateCommand: touch move 432 1630
10-30 20:03:28.875 29110 29110 D MonkeyStub: translateCommand: touch move 432 1488
10-30 20:03:28.984 29110 29110 D MonkeyStub: translateCommand: touch move 432 1347
10-30 20:03:29.092 29110 29110 D MonkeyStub: translateCommand: touch move 432 1205
10-30 20:03:29.203 29110 29110 D MonkeyStub: translateCommand: touch move 432 1063
10-30 20:03:29.308 29110 29110 D MonkeyStub: translateCommand: touch move 432 921
10-30 20:03:29.413 29110 29110 D MonkeyStub: translateCommand: touch move 432 779
10-30 20:03:29.527 29110 29110 D MonkeyStub: translateCommand: touch move 432 638
10-30 20:03:29.640 29110 29110 D MonkeyStub: translateCommand: touch move 432 496
10-30 20:03:29.752 29110 29110 D MonkeyStub: translateCommand: touch move 432 354
10-30 20:03:29.770 29110 29110 D MonkeyStub: translateCommand: touch up 432 354
10-30 20:03:29.871 29110 29110 D MonkeyStub: translateCommand: touch down 432 1772
10-30 20:03:29.875 29110 29110 D MonkeyStub: translateCommand: touch move 432 1772
10-30 20:03:29.984 29110 29110 D MonkeyStub: translateCommand: touch move 432 1630
10-30 20:03:30.094 29110 29110 D MonkeyStub: translateCommand: touch move 432 1488
10-30 20:03:30.199 29110 29110 D MonkeyStub: translateCommand: touch move 432 1347
10-30 20:03:30.310 29110 29110 D MonkeyStub: translateCommand: touch move 432 1205
10-30 20:03:30.425 29110 29110 D MonkeyStub: translateCommand: touch move 432 1063
10-30 20:03:30.537 29110 29110 D MonkeyStub: translateCommand: touch move 432 921
10-30 20:03:30.690 29110 29110 D MonkeyStub: translateCommand: touch move 432 779
10-30 20:03:30.823 29110 29110 D MonkeyStub: translateCommand: touch move 432 638
10-30 20:03:30.932 29110 29110 D MonkeyStub: translateCommand: touch move 432 496
10-30 20:03:31.036 29110 29110 D MonkeyStub: translateCommand: touch move 432 354
10-30 20:03:31.042 29110 29110 D MonkeyStub: translateCommand: touch up 432 354
10-30 20:03:35.250 29110 29110 D MonkeyStub: translateCommand: tap 405 550
10-30 20:03:43.309 29110 29110 D MonkeyStub: translateCommand: touch down 432 1772
10-30 20:03:43.325 29110 29110 D MonkeyStub: translateCommand: touch move 432 1772
10-30 20:03:43.437 29110 29110 D MonkeyStub: translateCommand: touch move 432 1630
10-30 20:03:43.546 29110 29110 D MonkeyStub: translateCommand: touch move 432 1488
10-30 20:03:43.656 29110 29110 D MonkeyStub: translateCommand: touch move 432 1347
10-30 20:03:43.760 29110 29110 D MonkeyStub: translateCommand: touch move 432 1205
10-30 20:03:43.899 29110 29110 D MonkeyStub: translateCommand: touch move 432 1063
10-30 20:03:44.007 29110 29110 D MonkeyStub: translateCommand: touch move 432 921
10-30 20:03:44.114 29110 29110 D MonkeyStub: translateCommand: touch move 432 779
10-30 20:03:44.226 29110 29110 D MonkeyStub: translateCommand: touch move 432 638
10-30 20:03:44.334 29110 29110 D MonkeyStub: translateCommand: touch move 432 496
10-30 20:03:44.446 29110 29110 D MonkeyStub: translateCommand: touch move 432 354
10-30 20:03:44.451 29110 29110 D MonkeyStub: translateCommand: touch up 432 354
10-30 20:03:44.475 29110 29110 D MonkeyStub: translateCommand: touch down 432 1772
10-30 20:03:44.489 29110 29110 D MonkeyStub: translateCommand: touch move 432 1772
10-30 20:03:44.599 29110 29110 D MonkeyStub: translateCommand: touch move 432 1630
10-30 20:03:44.718 29110 29110 D MonkeyStub: translateCommand: touch move 432 1488
10-30 20:03:44.828 29110 29110 D MonkeyStub: translateCommand: touch move 432 1347
10-30 20:03:44.938 29110 29110 D MonkeyStub: translateCommand: touch move 432 1205
10-30 20:03:45.044 29110 29110 D MonkeyStub: translateCommand: touch move 432 1063
10-30 20:03:45.160 29110 29110 D MonkeyStub: translateCommand: touch move 432 921
10-30 20:03:45.269 29110 29110 D MonkeyStub: translateCommand: touch move 432 779
10-30 20:03:45.380 29110 29110 D MonkeyStub: translateCommand: touch move 432 638
10-30 20:03:45.497 29110 29110 D MonkeyStub: translateCommand: touch move 432 496
10-30 20:03:45.605 29110 29110 D MonkeyStub: translateCommand: touch move 432 354
10-30 20:03:45.610 29110 29110 D MonkeyStub: translateCommand: touch up 432 354
10-30 20:03:53.702 29110 29110 D MonkeyStub: translateCommand: touch down 432 1772
10-30 20:03:53.711 29110 29110 D MonkeyStub: translateCommand: touch move 432 1772
10-30 20:03:53.830 29110 29110 D MonkeyStub: translateCommand: touch move 432 1630
10-30 20:03:53.940 29110 29110 D MonkeyStub: translateCommand: touch move 432 1488
10-30 20:03:54.050 29110 29110 D MonkeyStub: translateCommand: touch move 432 1347
10-30 20:03:54.160 29110 29110 D MonkeyStub: translateCommand: touch move 432 1205
10-30 20:03:54.275 29110 29110 D MonkeyStub: translateCommand: touch move 432 1063
10-30 20:03:54.383 29110 29110 D MonkeyStub: translateCommand: touch move 432 921
10-30 20:03:54.495 29110 29110 D MonkeyStub: translateCommand: touch move 432 779
10-30 20:03:54.610 29110 29110 D MonkeyStub: translateCommand: touch move 432 638
10-30 20:03:54.716 29110 29110 D MonkeyStub: translateCommand: touch move 432 496
10-30 20:03:54.821 29110 29110 D MonkeyStub: translateCommand: touch move 432 354
10-30 20:03:54.827 29110 29110 D MonkeyStub: translateCommand: touch up 432 354
10-30 20:03:54.850 29110 29110 D MonkeyStub: translateCommand: touch down 432 1772
10-30 20:03:54.855 29110 29110 D MonkeyStub: translateCommand: touch move 432 1772
10-30 20:03:54.960 29110 29110 D MonkeyStub: translateCommand: touch move 432 1630
10-30 20:03:55.010   198   198 E SELinux : avc:  denied  { find } for service=netd pid=29159 uid=2000 scontext=u:r:shell:s0 tcontext=u:object_r:netd_service:s0 tclass=service_manager permissive=0
10-30 20:03:55.013   198   198 E SELinux : avc:  denied  { find } for service=android.service.gatekeeper.IGateKeeperService pid=29159 uid=2000 scontext=u:r:shell:s0 tcontext=u:object_r:gatekeeper_service:s0 tclass=service_manager permissive=0
10-30 20:03:55.064 29110 29110 D MonkeyStub: translateCommand: touch move 432 1488
10-30 20:03:55.176 29110 29110 D MonkeyStub: translateCommand: touch move 432 1347
10-30 20:03:55.287 29110 29110 D MonkeyStub: translateCommand: touch move 432 1205
10-30 20:03:55.398 29110 29110 D MonkeyStub: translateCommand: touch move 432 1063
10-30 20:03:55.513 29110 29110 D MonkeyStub: translateCommand: touch move 432 921
10-30 20:03:55.618 29110 29110 D MonkeyStub: translateCommand: touch move 432 779
10-30 20:03:55.730 29110 29110 D MonkeyStub: translateCommand: touch move 432 638
10-30 20:03:55.848 29110 29110 D MonkeyStub: translateCommand: touch move 432 496
10-30 20:03:55.954 29110 29110 D MonkeyStub: translateCommand: touch move 432 354
10-30 20:03:55.957 29110 29110 D MonkeyStub: translateCommand: touch up 432 354
10-30 20:04:01.053 29110 29110 D MonkeyStub: translateCommand: touch down 432 1772
10-30 20:04:01.064 29110 29110 D MonkeyStub: translateCommand: touch move 432 1772
10-30 20:04:01.179 29110 29110 D MonkeyStub: translateCommand: touch move 432 1630
10-30 20:04:01.289 29110 29110 D MonkeyStub: translateCommand: touch move 432 1488
10-30 20:04:01.409 29110 29110 D MonkeyStub: translateCommand: touch move 432 1347
10-30 20:04:01.519 29110 29110 D MonkeyStub: translateCommand: touch move 432 1205
10-30 20:04:01.623 29110 29110 D MonkeyStub: translateCommand: touch move 432 1063
10-30 20:04:01.737 29110 29110 D MonkeyStub: translateCommand: touch move 432 921
10-30 20:04:01.841 29110 29110 D MonkeyStub: translateCommand: touch move 432 779
10-30 20:04:01.951 29110 29110 D MonkeyStub: translateCommand: touch move 432 638
10-30 20:04:02.057 29110 29110 D MonkeyStub: translateCommand: touch move 432 496
10-30 20:04:02.165 29110 29110 D MonkeyStub: translateCommand: touch move 432 354
10-30 20:04:02.171 29110 29110 D MonkeyStub: translateCommand: touch up 432 354
10-30 20:04:02.177 29110 29110 D MonkeyStub: Quit requested
10-30 20:04:02.197   600   614 I CwMcuSensor: CwMcuSensor::flush: fd = 252, sensors_id = 0, path = /sys/class/htc_sensorhub/sensor_hub/flush, err = 0
10-30 20:04:02.203 29110 29110 I art     : System.exit called, status: 106
10-30 20:04:02.203 29110 29110 I AndroidRuntime: VM exiting with result code 106.
10-30 20:04:02.229   600 17381 W WindowManager: Attempted to remove non-existing token: android.os.Binder@ca3f6f3
10-30 20:04:18.130 29176 29176 D AndroidRuntime: >>>>>> START com.android.internal.os.RuntimeInit uid 2000 <<<<<<
10-30 20:04:18.133 29176 29176 D AndroidRuntime: CheckJNI is OFF
10-30 20:04:18.198 29176 29176 D ICU     : No timezone override file found: /data/misc/zoneinfo/current/icu/icu_tzdata.dat
10-30 20:04:18.227 29176 29176 I Radio-JNI: register_android_hardware_Radio DONE
10-30 20:04:18.242 29176 29176 D AndroidRuntime: Calling main entry com.android.commands.am.Am
10-30 20:04:18.259   600 16391 I ActivityManager: Force stopping com.opera.browser appid=10122 user=0: from pid 29176
10-30 20:04:18.260   600 16391 I ActivityManager: Killing 28761:com.opera.browser:privileged_process0/u0a122 (adj 0): stop com.opera.browser
10-30 20:04:18.260   600 16391 D ActivityManager: cleanUpApplicationRecord -- 28761
10-30 20:04:18.260   600 16391 W ActivityManager: Scheduling restart of crashed service com.opera.browser/com.opera.android.browser.chromium.services.PrivilegedProcessService0 in 1000ms
10-30 20:04:18.260   600 16391 I ActivityManager: Killing 28623:com.opera.browser/u0a122 (adj 0): stop com.opera.browser
10-30 20:04:18.261   600 16391 D ActivityManager: cleanUpApplicationRecord -- 28623
10-30 20:04:18.262   600 16391 W ActivityManager: Force removing ActivityRecord{581c71d u0 com.opera.browser/com.opera.android.BrowserActivity t1814}: app died, no saved state
10-30 20:04:18.275   600 16391 I ActivityManager: Killing 29039:com.opera.browser:sandboxed_process0/u0a122 (adj 0): stop com.opera.browser
10-30 20:04:18.275   600 16391 D ActivityManager: cleanUpApplicationRecord -- 29039
10-30 20:04:18.277 29176 29176 D AndroidRuntime: Shutting down VM
10-30 20:04:18.310  1084  1171 I OpenGLRenderer: Initialized EGL, version 1.4
10-30 20:04:18.311  1084  1171 D OpenGLRenderer: Swap behavior 2
10-30 20:04:18.332  1061  1061 D RegisteredNfcFServicesCache: Service unchanged, not updating
10-30 20:04:18.393 17571 19750 I AttachedClient: Adding client event 2 to pending list.
10-30 20:04:18.421  1061  1071 I art     : Background partial concurrent mark sweep GC freed 23153(793KB) AllocSpace objects, 0(0B) LOS objects, 40% free, 3MB/5MB, paused 236us total 114.484ms
10-30 20:04:18.422 17571 17571 I OptInState: There is a new client and it does not support opt-in. Dropping request.
10-30 20:04:18.435 17571 17571 I MicroDetectionWorker: Micro detection mode: [mDetectionMode: [1]].
10-30 20:04:18.448 17571 29191 I MicroRecognitionRunner: Starting detection.
10-30 20:04:18.453 17571 18767 I MicrophoneInputStream: mic_starting com.google.android.apps.gsa.speech.audio.ae@6ccafd2
10-30 20:04:18.457   238   285 I SoundTriggerHwService::Module: void android::SoundTriggerHwService::Module::onCallbackEvent(const sp<android::SoundTriggerHwService::CallbackEvent> &) mClient == 0
10-30 20:04:18.460   238 29195 I AudioFlinger: AudioFlinger's thread 0xef6926c0 ready to run
10-30 20:04:18.463 17571 18767 I MicrophoneInputStream: mic_started com.google.android.apps.gsa.speech.audio.ae@6ccafd2
10-30 20:04:18.543   600   609 I art     : Background partial concurrent mark sweep GC freed 66815(3MB) AllocSpace objects, 14(296KB) LOS objects, 33% free, 15MB/23MB, paused 1.911ms total 188.275ms
10-30 20:04:18.626   600  1076 D GraphicsStats: Buffer count: 2
10-30 20:04:18.627   600   611 D ConnectivityService: ConnectivityService NetworkRequestInfo binderDied(NetworkRequest [ LISTEN id=1120, [ Capabilities: INTERNET&NOT_RESTRICTED&TRUSTED&FOREGROUND] ], android.os.BinderProxy@f23e33c)
10-30 20:04:18.627   600  2707 D ConnectivityService: ConnectivityService NetworkRequestInfo binderDied(NetworkRequest [ LISTEN id=1119, [ Capabilities: INTERNET&NOT_RESTRICTED&TRUSTED&FOREGROUND] ], android.os.BinderProxy@dec38c5)
10-30 20:04:18.628   600   649 E ConnectivityService: RemoteException caught trying to send a callback msg for NetworkRequest [ LISTEN id=1120, [ Capabilities: INTERNET&NOT_RESTRICTED&TRUSTED&FOREGROUND] ]
10-30 20:04:18.628   600   649 E ConnectivityService: RemoteException caught trying to send a callback msg for NetworkRequest [ LISTEN id=1119, [ Capabilities: INTERNET&NOT_RESTRICTED&TRUSTED&FOREGROUND] ]
10-30 20:04:18.661 17571 17571 I MicroDetectionWorker: onReady
10-30 20:04:18.851  1084  1171 W OpenGLRenderer: Incorrectly called buildLayer on View: ShortcutAndWidgetContainer, destroying layer...
