--------- beginning of main
10-29 16:35:18.893 32162 32162 D AndroidRuntime: >>>>>> START com.android.internal.os.RuntimeInit uid 2000 <<<<<<
10-29 16:35:18.896 32162 32162 D AndroidRuntime: CheckJNI is OFF
10-29 16:35:18.959 32162 32162 D ICU     : No timezone override file found: /data/misc/zoneinfo/current/icu/icu_tzdata.dat
10-29 16:35:18.988 32162 32162 I Radio-JNI: register_android_hardware_Radio DONE
10-29 16:35:19.002 32162 32162 D AndroidRuntime: Calling main entry com.android.commands.am.Am
--------- beginning of system
10-29 16:35:19.019   600  1081 I ActivityManager: Force stopping com.opera.browser appid=10122 user=0: from pid 32162
10-29 16:35:19.035  1061  1061 D RegisteredNfcFServicesCache: Service unchanged, not updating
10-29 16:35:19.275   600  6312 I ActivityManager: START u0 {act=android.intent.action.VIEW flg=0x10008000 cmp=com.opera.browser/com.opera.Opera} from uid 2000 on display 0
10-29 16:35:19.300 32162 32162 D AndroidRuntime: Shutting down VM
10-29 16:35:19.335   600  2707 I ActivityManager: Start proc 32172:com.opera.browser/u0a122 for activity com.opera.browser/com.opera.Opera
10-29 16:35:19.408 32172 32172 I art     : Starting a blocking GC AddRemoveAppImageSpace
10-29 16:35:19.435 32172 32172 I LoadedApk: No resource references to update in package com.opera.browser.nord_vpn
10-29 16:35:19.523 32172 32172 I art     : Rejecting re-init on previously-failed class java.lang.Class<com.opera.android.job.a$j>: java.lang.NoClassDefFoundError: Failed resolution of: Landroid/app/job/JobServiceEngine;
10-29 16:35:19.523 32172 32172 I art     :   at void com.opera.android.OperaApplication.onCreate() (SourceFile:52)
10-29 16:35:19.523 32172 32172 I art     :   at void android.app.Instrumentation.callApplicationOnCreate(android.app.Application) (Instrumentation.java:1024)
10-29 16:35:19.523 32172 32172 I art     :   at void android.app.ActivityThread.handleBindApplication(android.app.ActivityThread$AppBindData) (ActivityThread.java:5403)
10-29 16:35:19.523 32172 32172 I art     :   at void android.app.ActivityThread.-wrap2(android.app.ActivityThread, android.app.ActivityThread$AppBindData) (ActivityThread.java:-1)
10-29 16:35:19.523 32172 32172 I art     :   at void android.app.ActivityThread$H.handleMessage(android.os.Message) (ActivityThread.java:1545)
10-29 16:35:19.523 32172 32172 I art     :   at void android.os.Handler.dispatchMessage(android.os.Message) (Handler.java:102)
10-29 16:35:19.523 32172 32172 I art     :   at void android.os.Looper.loop() (Looper.java:154)
10-29 16:35:19.523 32172 32172 I art     :   at void android.app.ActivityThread.main(java.lang.String[]) (ActivityThread.java:6119)
10-29 16:35:19.523 32172 32172 I art     :   at java.lang.Object java.lang.reflect.Method.invoke!(java.lang.Object, java.lang.Object[]) (Method.java:-2)
10-29 16:35:19.523 32172 32172 I art     :   at void com.android.internal.os.ZygoteInit$MethodAndArgsCaller.run() (ZygoteInit.java:886)
10-29 16:35:19.523 32172 32172 I art     :   at void com.android.internal.os.ZygoteInit.main(java.lang.String[]) (ZygoteInit.java:776)
10-29 16:35:19.523 32172 32172 I art     : Caused by: java.lang.ClassNotFoundException: Didn't find class "android.app.job.JobServiceEngine" on path: DexPathList[[zip file "/data/app/com.opera.browser-1/base.apk"],nativeLibraryDirectories=[/data/app/com.opera.browser-1/lib/arm, /data/app/com.opera.browser-1/base.apk!/lib/armeabi-v7a, /system/lib, /vendor/lib]]
10-29 16:35:19.523 32172 32172 I art     :   at java.lang.Class dalvik.system.BaseDexClassLoader.findClass(java.lang.String) (BaseDexClassLoader.java:56)
10-29 16:35:19.523 32172 32172 I art     :   at java.lang.Class java.lang.ClassLoader.loadClass(java.lang.String, boolean) (ClassLoader.java:380)
10-29 16:35:19.523 32172 32172 I art     :   at java.lang.Class java.lang.ClassLoader.loadClass(java.lang.String) (ClassLoader.java:312)
10-29 16:35:19.523 32172 32172 I art     :   at void com.opera.android.OperaApplication.onCreate() (SourceFile:52)
10-29 16:35:19.523 32172 32172 I art     :   at void android.app.Instrumentation.callApplicationOnCreate(android.app.Application) (Instrumentation.java:1024)
10-29 16:35:19.523 32172 32172 I art     :   at void android.app.ActivityThread.handleBindApplication(android.app.ActivityThread$AppBindData) (ActivityThread.java:5403)
10-29 16:35:19.523 32172 32172 I art     :   at void android.app.ActivityThread.-wrap2(android.app.ActivityThread, android.app.ActivityThread$AppBindData) (ActivityThread.java:-1)
10-29 16:35:19.523 32172 32172 I art     :   at void android.app.ActivityThread$H.handleMessage(android.os.Message) (ActivityThread.java:1545)
10-29 16:35:19.523 32172 32172 I art     :   at void android.os.Handler.dispatchMessage(android.os.Message) (Handler.java:102)
10-29 16:35:19.523 32172 32172 I art     :   at void android.os.Looper.loop() (Looper.java:154)
10-29 16:35:19.523 32172 32172 I art     :   at void android.app.ActivityThread.main(java.lang.String[]) (ActivityThread.java:6119)
10-29 16:35:19.523 32172 32172 I art     :   at java.lang.Object java.lang.reflect.Method.invoke!(java.lang.Object, java.lang.Object[]) (Method.java:-2)
10-29 16:35:19.523 32172 32172 I art     :   at void com.android.internal.os.ZygoteInit$MethodAndArgsCaller.run() (ZygoteInit.java:886)
10-29 16:35:19.523 32172 32172 I art     :   at void com.android.internal.os.ZygoteInit.main(java.lang.String[]) (ZygoteInit.java:776)
10-29 16:35:19.523 32172 32172 I art     : 
10-29 16:35:19.570 32172 32219 D NetworkSecurityConfig: Using Network Security Config from resource network_security_config_official_build debugBuild: false
10-29 16:35:19.782   600  1081 I ActivityManager: START u0 {act=android.intent.action.VIEW flg=0x10008000 cmp=com.opera.browser/com.opera.android.startup.WelcomeActivity} from uid 10122 on display 0
10-29 16:35:19.809   600  3675 W ActivityManager: Duplicate finish request for ActivityRecord{4fd790b u0 com.opera.browser/com.opera.Opera t1177 f}
10-29 16:35:20.087 32172 32284 I OpenGLRenderer: Initialized EGL, version 1.4
10-29 16:35:20.087 32172 32284 D OpenGLRenderer: Swap behavior 2
10-29 16:35:20.102   600   609 I art     : Background partial concurrent mark sweep GC freed 18572(918KB) AllocSpace objects, 2(40KB) LOS objects, 33% free, 14MB/22MB, paused 971us total 239.343ms
10-29 16:35:20.110 32172 32182 I art     : Background sticky concurrent mark sweep GC freed 28859(2MB) AllocSpace objects, 15(356KB) LOS objects, 23% free, 5MB/7MB, paused 9.185ms total 253.009ms
10-29 16:35:20.225 32172 32220 I FA      : App measurement initialized, version: 43042
10-29 16:35:20.225 32172 32220 I FA      : To enable debug logging run: adb shell setprop log.tag.FA VERBOSE
10-29 16:35:20.225 32172 32220 I FA      : To enable faster debug mode event logging run:
10-29 16:35:20.225 32172 32220 I FA      :   adb shell setprop debug.firebase.analytics.app com.opera.browser
10-29 16:35:20.276   600   620 I ActivityManager: Displayed com.opera.browser/com.opera.android.startup.WelcomeActivity: +456ms (total +976ms)
10-29 16:35:20.423   600  3675 I ActivityManager: Start proc 32309:com.opera.browser:privileged_process0/u0a122 for service com.opera.browser/com.opera.android.browser.chromium.services.PrivilegedProcessService0
10-29 16:35:20.428 32172 32297 W chromium: [WARNING:op_site_scripts.cc(424)] Failed to map /data/user/0/com.opera.browser/app_opera/sjs
10-29 16:35:20.520 32309 32309 I art     : Starting a blocking GC AddRemoveAppImageSpace
10-29 16:35:20.543 32309 32309 I LoadedApk: No resource references to update in package com.opera.browser.nord_vpn
10-29 16:35:20.594   600   620 W WindowManager: Failed looking up window
10-29 16:35:20.594   600   620 W WindowManager: java.lang.IllegalArgumentException: Requested window android.view.ViewRootImpl$W@40f7800 does not exist
10-29 16:35:20.594   600   620 W WindowManager: 	at com.android.server.wm.WindowManagerService.windowForClientLocked(WindowManagerService.java:9422)
10-29 16:35:20.594   600   620 W WindowManager: 	at com.android.server.wm.WindowManagerService.windowForClientLocked(WindowManagerService.java:9413)
10-29 16:35:20.594   600   620 W WindowManager: 	at com.android.server.wm.WindowManagerService.removeWindow(WindowManagerService.java:2393)
10-29 16:35:20.594   600   620 W WindowManager: 	at com.android.server.wm.Session.remove(Session.java:202)
10-29 16:35:20.594   600   620 W WindowManager: 	at android.view.ViewRootImpl.dispatchDetachedFromWindow(ViewRootImpl.java:3290)
10-29 16:35:20.594   600   620 W WindowManager: 	at android.view.ViewRootImpl.doDie(ViewRootImpl.java:5917)
10-29 16:35:20.594   600   620 W WindowManager: 	at android.view.ViewRootImpl$ViewRootHandler.handleMessage(ViewRootImpl.java:3626)
10-29 16:35:20.594   600   620 W WindowManager: 	at android.os.Handler.dispatchMessage(Handler.java:102)
10-29 16:35:20.594   600   620 W WindowManager: 	at android.os.Looper.loop(Looper.java:154)
10-29 16:35:20.594   600   620 W WindowManager: 	at android.os.HandlerThread.run(HandlerThread.java:61)
10-29 16:35:20.594   600   620 W WindowManager: 	at com.android.server.ServiceThread.run(ServiceThread.java:46)
10-29 16:35:20.709 32309 32329 E libEGL  : validate_display:99 error 3008 (EGL_BAD_DISPLAY)
10-29 16:35:20.850 32309 32329 E libEGL  : validate_display:99 error 3008 (EGL_BAD_DISPLAY)
10-29 16:35:20.899  3410 32080 I DeviceStateChecker: DeviceStateChecker cancelled
10-29 16:35:20.899  3410  3410 I MicroDetector: Keeping mic open: false
10-29 16:35:20.899  3410  8655 I AudioController: internalShutdown
10-29 16:35:20.899  3410  8655 I MicrophoneInputStream: mic_close com.google.android.apps.gsa.speech.audio.ae@dbf9e3f
10-29 16:35:20.900  3410  4353 I MicroRecognitionRunner: Stopping hotword detection.
10-29 16:35:20.912   238   285 I SoundTriggerHwService::Module: void android::SoundTriggerHwService::Module::onCallbackEvent(const sp<android::SoundTriggerHwService::CallbackEvent> &) mClient == 0
10-29 16:35:20.916  3410 32079 I MicroRecognitionRunner: Detection finished
10-29 16:35:21.013 32172 32220 I FA      : Tag Manager is not found and thus will not be used
10-29 16:35:21.826 32172 32182 I art     : Background partial concurrent mark sweep GC freed 28628(2018KB) AllocSpace objects, 22(440KB) LOS objects, 39% free, 5MB/9MB, paused 1.305ms total 100.115ms
10-29 16:35:24.806 32172 32172 I PlayCore: UID: [10122]  PID: [32172] AppUpdateListenerRegistry : registerListener
10-29 16:35:24.807 32172 32172 I PlayCore: UID: [10122]  PID: [32172] AppUpdateService : requestUpdateInfo(com.opera.browser)
10-29 16:35:24.811 32172 32389 I PlayCore: UID: [10122]  PID: [32172] AppUpdateService : Initiate binding to the service.
10-29 16:35:24.811   600   713 W ActivityManager: Unable to start service Intent { act=com.google.android.play.core.install.BIND_UPDATE_SERVICE pkg=com.android.vending } U=0: not found
10-29 16:35:24.812 32172 32389 I PlayCore: UID: [10122]  PID: [32172] AppUpdateService : Failed to bind to the service.
10-29 16:35:24.882 32172 32391 D ApplicationLoaders: ignored Vulkan layer search path /data/app/com.google.android.gms-1/lib/arm:/data/app/com.google.android.gms-1/base.apk!/lib/armeabi-v7a:/data/app/com.google.android.gms-1/split_config.en.apk!/lib/armeabi-v7a for namespace 0xf4a41090
10-29 16:35:24.884 32172 32391 W ResourceType: ResTable_typeSpec entry count inconsistent: given 67, previously 69
10-29 16:35:24.884 32172 32391 W ResourceType: ResTable_typeSpec entry count inconsistent: given 5346, previously 5347
10-29 16:35:25.163   600   612 D SyncManager: failed sync operation JobId: 100983, com.opera.browser u0 (com.opera.browser.ping), com.opera.browser.ping.provider, SERVER, reason: 10122, SyncResult: delayUntil: 1667061325 stats [ numIoExceptions: 1]
10-29 16:35:32.224 32420 32420 D AndroidRuntime: >>>>>> START com.android.internal.os.RuntimeInit uid 2000 <<<<<<
10-29 16:35:32.227 32420 32420 D AndroidRuntime: CheckJNI is OFF
10-29 16:35:32.291 32420 32420 D ICU     : No timezone override file found: /data/misc/zoneinfo/current/icu/icu_tzdata.dat
10-29 16:35:32.322 32420 32420 I Radio-JNI: register_android_hardware_Radio DONE
10-29 16:35:32.337 32420 32420 D AndroidRuntime: Calling main entry com.android.commands.monkey.Monkey
10-29 16:35:32.403   600   613 W BroadcastQueue: Skipping deliver [background] BroadcastRecord{b6c599d u-1 android.net.conn.CONNECTIVITY_CHANGE} to ReceiverList{cde2e12 32420 (unknown name)/2000/u-1 remote:56df047}: process crashing
10-29 16:35:34.071 32420 32420 D MonkeyStub: translateCommand: wake
10-29 16:35:34.182 32420 32420 D MonkeyStub: translateCommand: tap 960 1881
10-29 16:35:34.249   600  1082 I ActivityManager: START u0 {act=android.intent.action.VIEW flg=0x1000000 cmp=com.opera.browser/com.opera.android.IntentDispatcherActivity} from uid 10122 on display 0
10-29 16:35:34.348   600   707 I ActivityManager: START u0 {act=android.intent.action.VIEW flg=0x15002000 cmp=com.opera.browser/com.opera.android.BrowserActivity} from uid 10122 on display 0
10-29 16:35:34.436   600   609 I art     : Background partial concurrent mark sweep GC freed 40121(2MB) AllocSpace objects, 42(1272KB) LOS objects, 33% free, 14MB/22MB, paused 848us total 132.847ms
10-29 16:35:34.682 32172 32465 W ResourceType: ResTable_typeSpec entry count inconsistent: given 67, previously 69
10-29 16:35:34.682 32172 32465 W ResourceType: ResTable_typeSpec entry count inconsistent: given 5346, previously 5347
10-29 16:35:34.745 32172 32182 I art     : Background sticky concurrent mark sweep GC freed 38699(2MB) AllocSpace objects, 41(820KB) LOS objects, 21% free, 8MB/10MB, paused 1.967ms total 121.746ms
10-29 16:35:34.752 32172 32461 E [Leanplum][ERROR]: No variable values were received from the server. Please contact us to investigate.
10-29 16:35:34.843   600   620 I ActivityManager: Displayed com.opera.browser/com.opera.android.BrowserActivity: +470ms (total +563ms)
10-29 16:35:34.847   600  6312 I CwMcuSensor: CwMcuSensor::flush: fd = 235, sensors_id = 0, path = /sys/class/htc_sensorhub/sensor_hub/flush, err = 0
10-29 16:35:34.962 32172 32284 D OpenGLRenderer: endAllActiveAnimators on 0xd3663f80 (RippleDrawable) with handle 0xd17f5690
10-29 16:35:35.174 32172 32182 I art     : Background partial concurrent mark sweep GC freed 42485(3MB) AllocSpace objects, 40(800KB) LOS objects, 40% free, 7MB/13MB, paused 4.006ms total 241.706ms
10-29 16:35:35.193 32172 32481 W ResourceType: ResTable_typeSpec entry count inconsistent: given 67, previously 69
10-29 16:35:35.193 32172 32481 W ResourceType: ResTable_typeSpec entry count inconsistent: given 5346, previously 5347
10-29 16:35:35.451 32172 32177 I art     : Do partial code cache collection, code=18KB, data=30KB
10-29 16:35:35.453 32172 32177 I art     : After code cache collection, code=18KB, data=30KB
10-29 16:35:35.453 32172 32177 I art     : Increasing code cache capacity to 128KB
10-29 16:35:35.536 32172 32172 E Sensors : sendAck failure -1 1
10-29 16:35:35.536 32172 32172 E Sensors : sendAck failure -1 2
10-29 16:35:35.538 32172 32172 E Sensors : sendAck failure -1 1
10-29 16:35:35.538 32172 32172 E Sensors : sendAck failure -1 2
10-29 16:35:35.538 32172 32172 E Sensors : sendAck failure -1 3
10-29 16:35:35.578 32172 32172 I Choreographer: Skipped 39 frames!  The application may be doing too much work on its main thread.
10-29 16:35:35.718 32172 32182 I art     : Background sticky concurrent mark sweep GC freed 44366(2MB) AllocSpace objects, 37(740KB) LOS objects, 25% free, 9MB/13MB, paused 4.873ms total 117.628ms
10-29 16:35:35.764 32172 32172 W View    : requestLayout() improperly called by com.opera.android.custom_views.FadingRecyclerView{b75f953 VFED.V... ......ID 0,813-1536,813 #7f0a0825 app:id/suggested_dials_grid} during layout: running second layout pass
10-29 16:35:35.848 32172 32172 E Sensors : sendAck failure -1 1
10-29 16:35:35.848 32172 32172 E Sensors : sendAck failure -1 2
10-29 16:35:35.848 32172 32172 E Sensors : sendAck failure -1 3
10-29 16:35:35.848 32172 32172 E Sensors : sendAck failure -1 4
10-29 16:35:35.848 32172 32172 E Sensors : sendAck failure -1 5
10-29 16:35:35.848 32172 32172 E Sensors : sendAck failure -1 6
10-29 16:35:35.848 32172 32172 E Sensors : sendAck failure -1 7
10-29 16:35:35.848 32172 32172 E Sensors : sendAck failure -1 8
10-29 16:35:35.848 32172 32172 E Sensors : sendAck failure -1 9
10-29 16:35:35.848 32172 32172 E Sensors : sendAck failure -1 10
10-29 16:35:35.848 32172 32172 E Sensors : sendAck failure -1 11
10-29 16:35:35.848 32172 32172 E Sensors : sendAck failure -1 12
10-29 16:35:35.848 32172 32172 E Sensors : sendAck failure -1 13
10-29 16:35:35.848 32172 32172 E Sensors : sendAck failure -1 14
10-29 16:35:35.848 32172 32172 E Sensors : sendAck failure -1 15
10-29 16:35:35.848 32172 32172 E Sensors : sendAck failure -1 16
10-29 16:35:35.848 32172 32172 E Sensors : sendAck failure -1 1
10-29 16:35:35.848 32172 32172 E Sensors : sendAck failure -1 2
10-29 16:35:35.848 32172 32172 E Sensors : sendAck failure -1 3
10-29 16:35:35.848 32172 32172 E Sensors : sendAck failure -1 4
10-29 16:35:35.848 32172 32172 E Sensors : sendAck failure -1 5
10-29 16:35:35.848 32172 32172 E Sensors : sendAck failure -1 6
10-29 16:35:35.848 32172 32172 E Sensors : sendAck failure -1 7
10-29 16:35:35.848 32172 32172 E Sensors : sendAck failure -1 8
10-29 16:35:35.848 32172 32172 E Sensors : sendAck failure -1 9
10-29 16:35:35.848 32172 32172 E Sensors : sendAck failure -1 10
10-29 16:35:35.848 32172 32172 E Sensors : sendAck failure -1 11
10-29 16:35:35.848 32172 32172 E Sensors : sendAck failure -1 12
10-29 16:35:35.848 32172 32172 E Sensors : sendAck failure -1 13
10-29 16:35:35.848 32172 32172 E Sensors : sendAck failure -1 14
10-29 16:35:35.848 32172 32172 E Sensors : sendAck failure -1 15
10-29 16:35:35.848 32172 32172 E Sensors : sendAck failure -1 16
10-29 16:35:35.859 32172 32172 E Sensors : sendAck failure -1 1
10-29 16:35:35.993 32172 32182 I art     : Background partial concurrent mark sweep GC freed 22944(1694KB) AllocSpace objects, 10(816KB) LOS objects, 40% free, 10MB/16MB, paused 3.961ms total 177.955ms
10-29 16:35:36.100 32172 32172 I Choreographer: Skipped 30 frames!  The application may be doing too much work on its main thread.
10-29 16:35:36.371 32535 32535 I dex2oat : /system/bin/dex2oat --dex-file=/data/user/0/com.opera.browser/code_cache/.       --oat-fd=198 --oat-location=/data/user/0/com.opera.browser/code_cache/.​    --compiler-filter=speed
10-29 16:35:36.618 32172 32182 I art     : Background sticky concurrent mark sweep GC freed 59803(3MB) AllocSpace objects, 31(1392KB) LOS objects, 23% free, 12MB/16MB, paused 4.123ms total 138.749ms
10-29 16:35:36.797 32535 32535 I dex2oat : dex2oat took 428.154ms (threads: 2) arena alloc=432KB (442800B) java alloc=32KB (33064B) native alloc=354KB (362688B) free=1181KB (1210176B)
10-29 16:35:37.001 32543 32543 I dex2oat : /system/bin/dex2oat --dex-file=/data/user/0/com.opera.browser/code_cache/. ​    --oat-fd=189 --oat-location=/data/user/0/com.opera.browser/code_cache/.    --compiler-filter=speed
10-29 16:35:37.390 32172 32177 I art     : Do partial code cache collection, code=38KB, data=62KB
10-29 16:35:37.390 32543 32543 I dex2oat : dex2oat took 389.621ms (threads: 2) arena alloc=614KB (628760B) java alloc=101KB (104080B) native alloc=523KB (536408B) free=1524KB (1560744B)
10-29 16:35:37.397 32172 32177 I art     : After code cache collection, code=38KB, data=62KB
10-29 16:35:37.397 32172 32177 I art     : Increasing code cache capacity to 256KB
10-29 16:35:37.485 32172 32182 W art     : Suspending all threads took: 9.527ms
10-29 16:35:37.503 32172 32182 I art     : Background sticky concurrent mark sweep GC freed 40510(2MB) AllocSpace objects, 6(264KB) LOS objects, 15% free, 14MB/16MB, paused 12.139ms total 42.213ms
10-29 16:35:38.255 32420 32420 D MonkeyStub: translateCommand: tap 57 93
10-29 16:35:40.364 32420 32420 D MonkeyStub: translateCommand: tap 57 93
10-29 16:35:42.410 32420 32420 D MonkeyStub: translateCommand: tap 446 593
10-29 16:35:44.663 32420 32420 D MonkeyStub: translateCommand: tap 667 302
10-29 16:35:44.801 32172 32177 I art     : Do full code cache collection, code=81KB, data=125KB
10-29 16:35:44.802 32172 32177 I art     : Starting a blocking GC JitCodeCache
10-29 16:35:44.802 32172 32177 I art     : After code cache collection, code=65KB, data=71KB
10-29 16:35:45.193 32172 32177 I art     : Do partial code cache collection, code=73KB, data=83KB
10-29 16:35:45.194 32172 32177 I art     : After code cache collection, code=73KB, data=83KB
10-29 16:35:45.194 32172 32177 I art     : Increasing code cache capacity to 512KB
10-29 16:35:47.735 32420 32420 D MonkeyStub: translateCommand: tap 1286 930
10-29 16:35:48.966 32420 32420 D MonkeyStub: translateCommand: tap 62 98
10-29 16:35:48.993 32420 32420 D MonkeyStub: translateCommand: tap 729 89
10-29 16:35:49.008 32420 32420 D MonkeyStub: Quit requested
10-29 16:35:49.033   600   614 I CwMcuSensor: CwMcuSensor::flush: fd = 235, sensors_id = 0, path = /sys/class/htc_sensorhub/sensor_hub/flush, err = 0
10-29 16:35:49.042 32420 32420 I art     : System.exit called, status: 16
10-29 16:35:49.042 32420 32420 I AndroidRuntime: VM exiting with result code 16.
10-29 16:35:49.076   600  2707 W WindowManager: Attempted to remove non-existing token: android.os.Binder@a6d195e
10-29 16:35:49.324   600  1079 E BatteryStatsService: power: Missing API
10-29 16:35:49.331   600  1079 E BatteryStatsService: no controller energy info supplied
10-29 16:35:49.332   796   796 E PhoneInterfaceManager: [PhoneIntfMgr] queryModemActivityInfo: Empty response
10-29 16:35:49.338   600  1079 E BatteryStatsService: modem info is invalid: ModemActivityInfo{ mTimestamp=0 mSleepTimeMs=0 mIdleTimeMs=0 mTxTimeMs[]=[0, 0, 0, 0, 0] mRxTimeMs=0 mEnergyUsed=0}
10-29 16:35:49.748 32576 32576 D AndroidRuntime: >>>>>> START com.android.internal.os.RuntimeInit uid 2000 <<<<<<
10-29 16:35:49.751 32576 32576 D AndroidRuntime: CheckJNI is OFF
10-29 16:35:49.819 32576 32576 D ICU     : No timezone override file found: /data/misc/zoneinfo/current/icu/icu_tzdata.dat
10-29 16:35:49.849 32576 32576 I Radio-JNI: register_android_hardware_Radio DONE
10-29 16:35:49.863 32576 32576 D AndroidRuntime: Calling main entry com.android.commands.am.Am
10-29 16:35:49.882   600  3994 I ActivityManager: START u0 {act=android.intent.action.VIEW dat=http://www.britannica.com/... flg=0x10000000 cmp=com.opera.browser/com.opera.Opera} from uid 2000 on display 0
10-29 16:35:49.896 32576 32576 D AndroidRuntime: Shutting down VM
10-29 16:35:49.977 32172 32172 W art     : Before Android 4.1, method double java.util.concurrent.ThreadLocalRandom.internalNextDouble(double, double) would have incorrectly overridden the package-private method in java.util.Random
10-29 16:35:49.977 32172 32172 W art     : Before Android 4.1, method int java.util.concurrent.ThreadLocalRandom.internalNextInt(int, int) would have incorrectly overridden the package-private method in java.util.Random
10-29 16:35:49.977 32172 32172 W art     : Before Android 4.1, method long java.util.concurrent.ThreadLocalRandom.internalNextLong(long, long) would have incorrectly overridden the package-private method in java.util.Random
10-29 16:35:50.011   600   619 D BluetoothManagerService: Message: 20
10-29 16:35:50.011   600   619 D BluetoothManagerService: Added callback: android.bluetooth.IBluetoothManagerCallback$Stub$Proxy@ddd11c9:true
10-29 16:35:50.038   600   707 I ActivityManager: Start proc 32588:com.opera.browser:sandboxed_process0/u0a122 for service com.opera.browser/com.opera.android.browser.chromium.services.SandboxedProcessService0
10-29 16:35:50.088 32588 32588 I art     : Starting a blocking GC AddRemoveAppImageSpace
10-29 16:35:50.110 32588 32588 I LoadedApk: No resource references to update in package com.opera.browser.nord_vpn
10-29 16:35:50.127 32172 32507 W ResourceType: ResTable_typeSpec entry count inconsistent: given 67, previously 69
10-29 16:35:50.127 32172 32507 W ResourceType: ResTable_typeSpec entry count inconsistent: given 5346, previously 5347
10-29 16:35:50.408   787  1714 I FontLog : Received query name=Google Sans&weight=400&besteffort=false, URI content://com.google.android.gms.fonts [CONTEXT service_id=132 ]
10-29 16:35:50.409   787  1714 I FontLog : Query [name=Google Sans&weight=400&besteffort=false] resolved to {Google Sans, wdth 100.0, wght 400, ital 0.0, bestEffort false} [CONTEXT service_id=132 ]
10-29 16:35:50.410   787  1714 I FontLog : Font PFD returned from cache for {Google Sans, wdth 100.0, wght 400, ital 0.0, bestEffort false} [CONTEXT service_id=132 ]
10-29 16:35:50.410   787  1714 I FontLog : Fetch {Google Sans, wdth 100.0, wght 400, ital 0.0, bestEffort false} end status Status{statusCode=SUCCESS, resolution=null} [CONTEXT service_id=132 ]
10-29 16:35:50.414   787  1716 I FontLog : Pulling font file for id = 116, cache size = 6 [CONTEXT service_id=132 ]
10-29 16:35:50.418   787   806 I FontLog : Received query name=Google Sans&weight=500&besteffort=false, URI content://com.google.android.gms.fonts [CONTEXT service_id=132 ]
10-29 16:35:50.418   787   806 I FontLog : Query [name=Google Sans&weight=500&besteffort=false] resolved to {Google Sans, wdth 100.0, wght 500, ital 0.0, bestEffort false} [CONTEXT service_id=132 ]
10-29 16:35:50.424   787   806 I FontLog : Font PFD returned from cache for {Google Sans, wdth 100.0, wght 500, ital 0.0, bestEffort false} [CONTEXT service_id=132 ]
10-29 16:35:50.424   787   806 I FontLog : Fetch {Google Sans, wdth 100.0, wght 500, ital 0.0, bestEffort false} end status Status{statusCode=SUCCESS, resolution=null} [CONTEXT service_id=132 ]
10-29 16:35:50.428   787  1714 I FontLog : Pulling font file for id = 117, cache size = 6 [CONTEXT service_id=132 ]
10-29 16:35:50.433   787  1620 I FontLog : Received query name=Google Sans&weight=700&besteffort=false, URI content://com.google.android.gms.fonts [CONTEXT service_id=132 ]
10-29 16:35:50.433   787  1620 I FontLog : Query [name=Google Sans&weight=700&besteffort=false] resolved to {Google Sans, wdth 100.0, wght 700, ital 0.0, bestEffort false} [CONTEXT service_id=132 ]
10-29 16:35:50.434   787  1620 I FontLog : Fetch {Google Sans, wdth 100.0, wght 700, ital 0.0, bestEffort false} end status Status{statusCode=SUCCESS, resolution=null} [CONTEXT service_id=132 ]
10-29 16:35:50.440   787   806 I FontLog : Pulling font file for id = 118, cache size = 7 [CONTEXT service_id=132 ]
10-29 16:35:50.447   787  1245 I FontLog : Received query name=Noto Color Emoji Compat&weight=400&besteffort=false, URI content://com.google.android.gms.fonts [CONTEXT service_id=132 ]
10-29 16:35:50.448   787  1245 I FontLog : Query [name=Noto Color Emoji Compat&weight=400&besteffort=false] resolved to {Noto Color Emoji Compat, wdth 100.0, wght 400, ital 0.0, bestEffort false} [CONTEXT service_id=132 ]
10-29 16:35:50.449   787  1245 I FontLog : Fetch {Noto Color Emoji Compat, wdth 100.0, wght 400, ital 0.0, bestEffort false} end status Status{statusCode=SUCCESS, resolution=null} [CONTEXT service_id=132 ]
10-29 16:35:50.456   787  1620 I FontLog : Pulling font file for id = 119, cache size = 8 [CONTEXT service_id=132 ]
10-29 16:35:50.497   787 32043 I SQLiteConnectionPool: The connection pool for /data/user/0/com.google.android.gms/databases/metadata.db has been closed but there are still 1 connections in use.  They will be closed as they are released back to the pool.
10-29 16:35:50.520   787 31789 W FontLog : Error updating last accessed time for {Google Sans, wdth 100.0, wght 500, ital 0.0, bestEffort false}. [CONTEXT service_id=132 ]
10-29 16:35:50.520   787 31789 W FontLog : java.lang.IllegalStateException: Cannot perform this operation because the connection pool has been closed.
10-29 16:35:50.520   787 31789 W FontLog : 	at android.database.sqlite.SQLiteConnectionPool.throwIfClosedLocked(SQLiteConnectionPool.java:962)
10-29 16:35:50.520   787 31789 W FontLog : 	at android.database.sqlite.SQLiteConnectionPool.waitForConnection(SQLiteConnectionPool.java:677)
10-29 16:35:50.520   787 31789 W FontLog : 	at android.database.sqlite.SQLiteConnectionPool.acquireConnection(SQLiteConnectionPool.java:348)
10-29 16:35:50.520   787 31789 W FontLog : 	at android.database.sqlite.SQLiteSession.acquireConnection(SQLiteSession.java:894)
10-29 16:35:50.520   787 31789 W FontLog : 	at android.database.sqlite.SQLiteSession.executeForChangedRowCount(SQLiteSession.java:752)
10-29 16:35:50.520   787 31789 W FontLog : 	at android.database.sqlite.SQLiteStatement.executeUpdateDelete(SQLiteStatement.java:64)
10-29 16:35:50.520   787 31789 W FontLog : 	at android.database.sqlite.SQLiteDatabase.executeSql(SQLiteDatabase.java:1679)
10-29 16:35:50.520   787 31789 W FontLog : 	at android.database.sqlite.SQLiteDatabase.execSQL(SQLiteDatabase.java:1658)
10-29 16:35:50.520   787 31789 W FontLog : 	at aafx.run(Unknown Source)
10-29 16:35:50.520   787 31789 W FontLog : 	at sup.b(:com.google.android.gms@203915020@20.39.15 (040406-335085812):12)
10-29 16:35:50.520   787 31789 W FontLog : 	at sup.run(:com.google.android.gms@203915020@20.39.15 (040406-335085812):7)
10-29 16:35:50.520   787 31789 W FontLog : 	at java.util.concurrent.ThreadPoolExecutor.runWorker(ThreadPoolExecutor.java:1133)
10-29 16:35:50.520   787 31789 W FontLog : 	at java.util.concurrent.ThreadPoolExecutor$Worker.run(ThreadPoolExecutor.java:607)
10-29 16:35:50.520   787 31789 W FontLog : 	at tam.run(:com.google.android.gms@203915020@20.39.15 (040406-335085812):0)
10-29 16:35:50.520   787 31789 W FontLog : 	at java.lang.Thread.run(Thread.java:761)
10-29 16:35:50.528   787   802 W SQLiteConnectionPool: A SQLiteConnection object for database '/data/user/0/com.google.android.gms/databases/metadata.db' was leaked!  Please fix your application to end transactions in progress properly and to close the database when it is no longer needed.
10-29 16:35:50.531   787  1258 W GmsStrictMode: LEAKED_CLOSABLE [CONTEXT service_id=256 ]
10-29 16:35:50.531   787  1258 W GmsStrictMode: rvo: LEAKED_CLOSABLE
10-29 16:35:50.531   787  1258 W GmsStrictMode: 	at dalvik.system.VMStack.getThreadStackTrace(Native Method)
10-29 16:35:50.531   787  1258 W GmsStrictMode: 	at java.lang.Thread.getStackTrace(Thread.java:1566)
10-29 16:35:50.531   787  1258 W GmsStrictMode: 	at bhdb.containsKey(:com.google.android.gms@203915020@20.39.15 (040406-335085812):1)
10-29 16:35:50.531   787  1258 W GmsStrictMode: 	at android.os.StrictMode.onVmPolicyViolation(StrictMode.java:1867)
10-29 16:35:50.531   787  1258 W GmsStrictMode: 	at android.os.StrictMode.onVmPolicyViolation(StrictMode.java:1844)
10-29 16:35:50.531   787  1258 W GmsStrictMode: 	at android.os.StrictMode$AndroidCloseGuardReporter.report(StrictMode.java:1590)
10-29 16:35:50.531   787  1258 W GmsStrictMode: 	at dalvik.system.CloseGuard.warnIfOpen(CloseGuard.java:208)
10-29 16:35:50.531   787  1258 W GmsStrictMode: 	at android.database.sqlite.SQLiteConnection.dispose(SQLiteConnection.java:231)
10-29 16:35:50.531   787  1258 W GmsStrictMode: 	at android.database.sqlite.SQLiteConnection.finalize(SQLiteConnection.java:180)
10-29 16:35:50.531   787  1258 W GmsStrictMode: 	at java.lang.Daemons$FinalizerDaemon.doFinalize(Daemons.java:222)
10-29 16:35:50.531   787  1258 W GmsStrictMode: 	at java.lang.Daemons$FinalizerDaemon.run(Daemons.java:209)
10-29 16:35:50.531   787  1258 W GmsStrictMode: 	at java.lang.Thread.run(Thread.java:761)
10-29 16:36:02.643 32658 32658 D AndroidRuntime: >>>>>> START com.android.internal.os.RuntimeInit uid 2000 <<<<<<
10-29 16:36:02.646 32658 32658 D AndroidRuntime: CheckJNI is OFF
10-29 16:36:02.711 32658 32658 D ICU     : No timezone override file found: /data/misc/zoneinfo/current/icu/icu_tzdata.dat
10-29 16:36:02.743 32658 32658 I Radio-JNI: register_android_hardware_Radio DONE
10-29 16:36:02.758 32658 32658 D AndroidRuntime: Calling main entry com.android.commands.monkey.Monkey
10-29 16:36:02.824   600   613 W BroadcastQueue: Skipping deliver [background] BroadcastRecord{abfa506 u-1 android.net.conn.CONNECTIVITY_CHANGE} to ReceiverList{8547c7 32658 (unknown name)/2000/u-1 remote:a38f948}: process crashing
10-29 16:36:04.384 32658 32658 D MonkeyStub: translateCommand: wake
10-29 16:36:04.580 32658 32658 D MonkeyStub: translateCommand: touch down 432 1772
10-29 16:36:04.595 32658 32658 D MonkeyStub: translateCommand: touch move 432 1772
10-29 16:36:04.712 32658 32658 D MonkeyStub: translateCommand: touch move 432 1630
10-29 16:36:04.821 32658 32658 D MonkeyStub: translateCommand: touch move 432 1488
10-29 16:36:04.936 32658 32658 D MonkeyStub: translateCommand: touch move 432 1347
10-29 16:36:05.044 32658 32658 D MonkeyStub: translateCommand: touch move 432 1205
10-29 16:36:05.152 32658 32658 D MonkeyStub: translateCommand: touch move 432 1063
10-29 16:36:05.262 32658 32658 D MonkeyStub: translateCommand: touch move 432 921
10-29 16:36:05.372 32658 32658 D MonkeyStub: translateCommand: touch move 432 779
10-29 16:36:05.479 32658 32658 D MonkeyStub: translateCommand: touch move 432 638
10-29 16:36:05.596 32658 32658 D MonkeyStub: translateCommand: touch move 432 496
10-29 16:36:05.705 32658 32658 D MonkeyStub: translateCommand: touch move 432 354
10-29 16:36:05.710 32658 32658 D MonkeyStub: translateCommand: touch up 432 354
10-29 16:36:05.733 32658 32658 D MonkeyStub: translateCommand: touch down 432 1772
10-29 16:36:05.739 32658 32658 D MonkeyStub: translateCommand: touch move 432 1772
10-29 16:36:05.849 32658 32658 D MonkeyStub: translateCommand: touch move 432 1630
10-29 16:36:05.955 32658 32658 D MonkeyStub: translateCommand: touch move 432 1488
10-29 16:36:06.068 32658 32658 D MonkeyStub: translateCommand: touch move 432 1347
10-29 16:36:06.175 32658 32658 D MonkeyStub: translateCommand: touch move 432 1205
10-29 16:36:06.283 32658 32658 D MonkeyStub: translateCommand: touch move 432 1063
10-29 16:36:06.393 32658 32658 D MonkeyStub: translateCommand: touch move 432 921
10-29 16:36:06.504 32658 32658 D MonkeyStub: translateCommand: touch move 432 779
10-29 16:36:06.619 32658 32658 D MonkeyStub: translateCommand: touch move 432 638
10-29 16:36:06.732 32658 32658 D MonkeyStub: translateCommand: touch move 432 496
10-29 16:36:06.842 32658 32658 D MonkeyStub: translateCommand: touch move 432 354
10-29 16:36:06.846 32658 32658 D MonkeyStub: translateCommand: touch up 432 354
10-29 16:36:06.896 32658 32658 D MonkeyStub: translateCommand: touch down 432 1772
10-29 16:36:06.907 32658 32658 D MonkeyStub: translateCommand: touch move 432 1772
10-29 16:36:07.016 32658 32658 D MonkeyStub: translateCommand: touch move 432 1630
10-29 16:36:07.136 32658 32658 D MonkeyStub: translateCommand: touch move 432 1488
10-29 16:36:07.244 32658 32658 D MonkeyStub: translateCommand: touch move 432 1347
10-29 16:36:07.348 32658 32658 D MonkeyStub: translateCommand: touch move 432 1205
10-29 16:36:07.461 32658 32658 D MonkeyStub: translateCommand: touch move 432 1063
10-29 16:36:07.570 32658 32658 D MonkeyStub: translateCommand: touch move 432 921
10-29 16:36:07.685 32658 32658 D MonkeyStub: translateCommand: touch move 432 779
10-29 16:36:07.821 32658 32658 D MonkeyStub: translateCommand: touch move 432 638
10-29 16:36:07.929 32658 32658 D MonkeyStub: translateCommand: touch move 432 496
10-29 16:36:08.033 32658 32658 D MonkeyStub: translateCommand: touch move 432 354
10-29 16:36:08.037 32658 32658 D MonkeyStub: translateCommand: touch up 432 354
10-29 16:36:12.110 32658 32658 D MonkeyStub: translateCommand: tap 405 550
10-29 16:36:20.301 32658 32658 D MonkeyStub: translateCommand: touch down 432 1772
10-29 16:36:20.318 32658 32658 D MonkeyStub: translateCommand: touch move 432 1772
10-29 16:36:20.430 32658 32658 D MonkeyStub: translateCommand: touch move 432 1630
10-29 16:36:20.548 32658 32658 D MonkeyStub: translateCommand: touch move 432 1488
10-29 16:36:20.655 32658 32658 D MonkeyStub: translateCommand: touch move 432 1347
10-29 16:36:20.764 32658 32658 D MonkeyStub: translateCommand: touch move 432 1205
10-29 16:36:20.874 32658 32658 D MonkeyStub: translateCommand: touch move 432 1063
10-29 16:36:20.985 32658 32658 D MonkeyStub: translateCommand: touch move 432 921
10-29 16:36:21.097 32658 32658 D MonkeyStub: translateCommand: touch move 432 779
10-29 16:36:21.207 32658 32658 D MonkeyStub: translateCommand: touch move 432 638
10-29 16:36:21.336 32658 32658 D MonkeyStub: translateCommand: touch move 432 496
10-29 16:36:21.444 32658 32658 D MonkeyStub: translateCommand: touch move 432 354
10-29 16:36:21.450 32658 32658 D MonkeyStub: translateCommand: touch up 432 354
10-29 16:36:21.504 32658 32658 D MonkeyStub: translateCommand: touch down 432 1772
10-29 16:36:21.508 32658 32658 D MonkeyStub: translateCommand: touch move 432 1772
10-29 16:36:21.616 32658 32658 D MonkeyStub: translateCommand: touch move 432 1630
10-29 16:36:21.730 32658 32658 D MonkeyStub: translateCommand: touch move 432 1488
10-29 16:36:21.839 32658 32658 D MonkeyStub: translateCommand: touch move 432 1347
10-29 16:36:21.945 32658 32658 D MonkeyStub: translateCommand: touch move 432 1205
10-29 16:36:22.058 32658 32658 D MonkeyStub: translateCommand: touch move 432 1063
10-29 16:36:22.168 32658 32658 D MonkeyStub: translateCommand: touch move 432 921
10-29 16:36:22.277 32658 32658 D MonkeyStub: translateCommand: touch move 432 779
10-29 16:36:22.392 32658 32658 D MonkeyStub: translateCommand: touch move 432 638
10-29 16:36:22.502 32658 32658 D MonkeyStub: translateCommand: touch move 432 496
10-29 16:36:22.611 32658 32658 D MonkeyStub: translateCommand: touch move 432 354
10-29 16:36:22.615 32658 32658 D MonkeyStub: translateCommand: touch up 432 354
10-29 16:36:30.746 32658 32658 D MonkeyStub: translateCommand: touch down 432 1772
10-29 16:36:30.753 32658 32658 D MonkeyStub: translateCommand: touch move 432 1772
10-29 16:36:30.863 32658 32658 D MonkeyStub: translateCommand: touch move 432 1630
10-29 16:36:30.969 32658 32658 D MonkeyStub: translateCommand: touch move 432 1488
10-29 16:36:31.079 32658 32658 D MonkeyStub: translateCommand: touch move 432 1347
10-29 16:36:31.198 32658 32658 D MonkeyStub: translateCommand: touch move 432 1205
10-29 16:36:31.308 32658 32658 D MonkeyStub: translateCommand: touch move 432 1063
10-29 16:36:31.418 32658 32658 D MonkeyStub: translateCommand: touch move 432 921
10-29 16:36:31.526 32658 32658 D MonkeyStub: translateCommand: touch move 432 779
10-29 16:36:31.634 32658 32658 D MonkeyStub: translateCommand: touch move 432 638
10-29 16:36:31.749 32658 32658 D MonkeyStub: translateCommand: touch move 432 496
10-29 16:36:31.856 32658 32658 D MonkeyStub: translateCommand: touch move 432 354
10-29 16:36:31.862 32658 32658 D MonkeyStub: translateCommand: touch up 432 354
10-29 16:36:31.888 32658 32658 D MonkeyStub: translateCommand: touch down 432 1772
10-29 16:36:31.894 32658 32658 D MonkeyStub: translateCommand: touch move 432 1772
10-29 16:36:32.014 32658 32658 D MonkeyStub: translateCommand: touch move 432 1630
10-29 16:36:32.120 32658 32658 D MonkeyStub: translateCommand: touch move 432 1488
10-29 16:36:32.229 32658 32658 D MonkeyStub: translateCommand: touch move 432 1347
10-29 16:36:32.340 32658 32658 D MonkeyStub: translateCommand: touch move 432 1205
10-29 16:36:32.448 32658 32658 D MonkeyStub: translateCommand: touch move 432 1063
10-29 16:36:32.554 32658 32658 D MonkeyStub: translateCommand: touch move 432 921
10-29 16:36:32.665 32658 32658 D MonkeyStub: translateCommand: touch move 432 779
10-29 16:36:32.698   198   198 E SELinux : avc:  denied  { find } for service=netd pid=32703 uid=2000 scontext=u:r:shell:s0 tcontext=u:object_r:netd_service:s0 tclass=service_manager permissive=0
10-29 16:36:32.703   198   198 E SELinux : avc:  denied  { find } for service=android.service.gatekeeper.IGateKeeperService pid=32703 uid=2000 scontext=u:r:shell:s0 tcontext=u:object_r:gatekeeper_service:s0 tclass=service_manager permissive=0
10-29 16:36:32.769 32658 32658 D MonkeyStub: translateCommand: touch move 432 638
10-29 16:36:32.878 32658 32658 D MonkeyStub: translateCommand: touch move 432 496
10-29 16:36:32.994 32658 32658 D MonkeyStub: translateCommand: touch move 432 354
10-29 16:36:32.998 32658 32658 D MonkeyStub: translateCommand: touch up 432 354
10-29 16:36:38.117 32658 32658 D MonkeyStub: translateCommand: touch down 432 1772
10-29 16:36:38.130 32658 32658 D MonkeyStub: translateCommand: touch move 432 1772
10-29 16:36:38.239 32658 32658 D MonkeyStub: translateCommand: touch move 432 1630
10-29 16:36:38.346 32658 32658 D MonkeyStub: translateCommand: touch move 432 1488
10-29 16:36:38.456 32658 32658 D MonkeyStub: translateCommand: touch move 432 1347
10-29 16:36:38.571 32658 32658 D MonkeyStub: translateCommand: touch move 432 1205
10-29 16:36:38.680 32658 32658 D MonkeyStub: translateCommand: touch move 432 1063
10-29 16:36:38.786 32658 32658 D MonkeyStub: translateCommand: touch move 432 921
10-29 16:36:38.896 32658 32658 D MonkeyStub: translateCommand: touch move 432 779
10-29 16:36:39.006 32658 32658 D MonkeyStub: translateCommand: touch move 432 638
10-29 16:36:39.123 32658 32658 D MonkeyStub: translateCommand: touch move 432 496
10-29 16:36:39.228 32658 32658 D MonkeyStub: translateCommand: touch move 432 354
10-29 16:36:39.236 32658 32658 D MonkeyStub: translateCommand: touch up 432 354
10-29 16:36:39.243 32658 32658 D MonkeyStub: Quit requested
10-29 16:36:39.258   600   614 I CwMcuSensor: CwMcuSensor::flush: fd = 235, sensors_id = 0, path = /sys/class/htc_sensorhub/sensor_hub/flush, err = 0
10-29 16:36:39.267 32658 32658 I art     : System.exit called, status: 106
10-29 16:36:39.267 32658 32658 I AndroidRuntime: VM exiting with result code 106.
10-29 16:36:39.295   600  1081 W WindowManager: Attempted to remove non-existing token: android.os.Binder@f8861f4
10-29 16:36:52.057   600   647 I WifiHAL : Got channel list with 13 channels
10-29 16:36:52.058   600   647 I WifiHAL : Got channel list with 4 channels
10-29 16:36:52.060   600   647 I WifiHAL : Got channel list with 15 channels
10-29 16:36:55.279 32723 32723 D AndroidRuntime: >>>>>> START com.android.internal.os.RuntimeInit uid 2000 <<<<<<
10-29 16:36:55.282 32723 32723 D AndroidRuntime: CheckJNI is OFF
10-29 16:36:55.347 32723 32723 D ICU     : No timezone override file found: /data/misc/zoneinfo/current/icu/icu_tzdata.dat
10-29 16:36:55.375 32723 32723 I Radio-JNI: register_android_hardware_Radio DONE
10-29 16:36:55.390 32723 32723 D AndroidRuntime: Calling main entry com.android.commands.am.Am
10-29 16:36:55.407   600  1076 I ActivityManager: Force stopping com.opera.browser appid=10122 user=0: from pid 32723
10-29 16:36:55.407   600  1076 I ActivityManager: Killing 32309:com.opera.browser:privileged_process0/u0a122 (adj 0): stop com.opera.browser
10-29 16:36:55.407   600  1076 D ActivityManager: cleanUpApplicationRecord -- 32309
10-29 16:36:55.407   600  1076 W ActivityManager: Scheduling restart of crashed service com.opera.browser/com.opera.android.browser.chromium.services.PrivilegedProcessService0 in 1000ms
10-29 16:36:55.407   600  1076 I ActivityManager: Killing 32172:com.opera.browser/u0a122 (adj 0): stop com.opera.browser
10-29 16:36:55.407   600  1076 D ActivityManager: cleanUpApplicationRecord -- 32172
10-29 16:36:55.408   600  1076 W ActivityManager: Force removing ActivityRecord{6ea125b u0 com.opera.browser/com.opera.android.BrowserActivity t1177}: app died, no saved state
10-29 16:36:55.419   600  1076 I ActivityManager: Killing 32588:com.opera.browser:sandboxed_process0/u0a122 (adj 0): stop com.opera.browser
10-29 16:36:55.419   600  1076 D ActivityManager: cleanUpApplicationRecord -- 32588
10-29 16:36:55.424 32723 32723 D AndroidRuntime: Shutting down VM
10-29 16:36:55.435  1061  1061 W ResourceType: ResTable_typeSpec entry count inconsistent: given 67, previously 69
10-29 16:36:55.435  1061  1061 W ResourceType: ResTable_typeSpec entry count inconsistent: given 5346, previously 5347
10-29 16:36:55.513  3410  3440 I AttachedClient: Adding client event 2 to pending list.
10-29 16:36:55.528  1061  1061 D RegisteredNfcFServicesCache: Service unchanged, not updating
10-29 16:36:55.540  3410  3410 I OptInState: There is a new client and it does not support opt-in. Dropping request.
10-29 16:36:55.542  3410  3410 I MicroDetectionWorker: Micro detection mode: [mDetectionMode: [1]].
10-29 16:36:55.562  3410 32734 I MicroRecognitionRunner: Starting detection.
10-29 16:36:55.562  3410  8655 I MicrophoneInputStream: mic_starting com.google.android.apps.gsa.speech.audio.ae@738d78
10-29 16:36:55.571   238   285 I SoundTriggerHwService::Module: void android::SoundTriggerHwService::Module::onCallbackEvent(const sp<android::SoundTriggerHwService::CallbackEvent> &) mClient == 0
10-29 16:36:55.574   238 32737 I AudioFlinger: AudioFlinger's thread 0xef692a00 ready to run
10-29 16:36:55.577  3410  8655 I MicrophoneInputStream: mic_started com.google.android.apps.gsa.speech.audio.ae@738d78
10-29 16:36:55.653   600   609 I art     : Background partial concurrent mark sweep GC freed 73625(3MB) AllocSpace objects, 20(432KB) LOS objects, 33% free, 14MB/22MB, paused 810us total 153.718ms
10-29 16:36:55.741   600  3509 D ConnectivityService: ConnectivityService NetworkRequestInfo binderDied(NetworkRequest [ LISTEN id=142, [ Capabilities: INTERNET&NOT_RESTRICTED&TRUSTED&FOREGROUND] ], android.os.BinderProxy@120943e)
10-29 16:36:55.741   600  3509 D GraphicsStats: Buffer count: 2
10-29 16:36:55.741   600  3507 D ConnectivityService: ConnectivityService NetworkRequestInfo binderDied(NetworkRequest [ LISTEN id=141, [ Capabilities: INTERNET&NOT_RESTRICTED&TRUSTED&FOREGROUND] ], android.os.BinderProxy@dfe329f)
10-29 16:36:55.742   600   649 E ConnectivityService: RemoteException caught trying to send a callback msg for NetworkRequest [ LISTEN id=142, [ Capabilities: INTERNET&NOT_RESTRICTED&TRUSTED&FOREGROUND] ]
10-29 16:36:55.743   600   649 E ConnectivityService: RemoteException caught trying to send a callback msg for NetworkRequest [ LISTEN id=141, [ Capabilities: INTERNET&NOT_RESTRICTED&TRUSTED&FOREGROUND] ]
10-29 16:36:55.755  3410  3410 I MicroDetectionWorker: onReady
10-29 16:36:55.954 32735 32735 D AndroidRuntime: >>>>>> START com.android.internal.os.RuntimeInit uid 2000 <<<<<<
10-29 16:36:55.957 32735 32735 D AndroidRuntime: CheckJNI is OFF
10-29 16:36:55.997  1084  1171 W OpenGLRenderer: Incorrectly called buildLayer on View: ShortcutAndWidgetContainer, destroying layer...
10-29 16:36:56.024 32735 32735 D ICU     : No timezone override file found: /data/misc/zoneinfo/current/icu/icu_tzdata.dat
10-29 16:36:56.050 32735 32735 I Radio-JNI: register_android_hardware_Radio DONE
10-29 16:36:56.065 32735 32735 D AndroidRuntime: Calling main entry com.android.commands.pm.Pm
10-29 16:36:56.078   600  1081 I ActivityManager: Force stopping com.opera.browser appid=10122 user=0: clear data
10-29 16:36:56.079   600   613 I ActivityManager: Force stopping com.opera.browser appid=10122 user=-1: clearApplicationUserData
10-29 16:36:56.112   787   787 I GeofencerStateMachine: removeGeofences: removeRequest=RemoveGeofencingRequest[REMOVE_ALL packageName=com.opera.browser]
10-29 16:36:56.115 32735 32735 I art     : System.exit called, status: 0
10-29 16:36:56.115 32735 32735 I AndroidRuntime: VM exiting with result code 0.
10-29 16:36:56.126  1061  1061 D RegisteredNfcFServicesCache: Service unchanged, not updating
10-29 16:36:56.128   600   612 W ResourceType: No known package when getting value for resource number 0x7f100007
10-29 16:36:56.128   600   612 W ResourceType: No known package when getting value for resource number 0x7f13090c
10-29 16:36:56.128   600   612 W ResourceType: No known package when getting value for resource number 0x7f100005
10-29 16:36:56.128   600   612 W ResourceType: No known package when getting value for resource number 0x7f13090a
10-29 16:36:56.128   600   612 W ResourceType: No known package when getting value for resource number 0x7f100004
10-29 16:36:56.128   600   612 W ResourceType: No known package when getting value for resource number 0x7f130909
10-29 16:36:56.128   600   612 W ResourceType: No known package when getting value for resource number 0x7f100006
10-29 16:36:56.128   600   612 W ResourceType: No known package when getting value for resource number 0x7f13090b
10-29 16:36:56.146   787 32751 I Fitness : FitCleanupIntentOperation received Intent android.intent.action.PACKAGE_DATA_CLEARED [CONTEXT service_id=17 ]
10-29 16:36:56.163 29765 29890 I Icing   : doRemovePackageData com.opera.browser
