--------- beginning of main
11-01 15:10:15.370   379   379 D AndroidRuntime: >>>>>> START com.android.internal.os.RuntimeInit uid 2000 <<<<<<
11-01 15:10:15.374   379   379 D AndroidRuntime: CheckJNI is OFF
11-01 15:10:15.444   379   379 D ICU     : No timezone override file found: /data/misc/zoneinfo/current/icu/icu_tzdata.dat
11-01 15:10:15.476   379   379 I Radio-JNI: register_android_hardware_Radio DONE
11-01 15:10:15.492   379   379 D AndroidRuntime: Calling main entry com.android.commands.am.Am
--------- beginning of system
11-01 15:10:15.511   600  8039 I ActivityManager: Force stopping com.opera.browser appid=10122 user=0: from pid 379
11-01 15:10:15.522  1058  1058 D RegisteredNfcFServicesCache: Service unchanged, not updating
11-01 15:10:15.768   600  1068 I ActivityManager: START u0 {act=android.intent.action.VIEW flg=0x10008000 cmp=com.opera.browser/com.opera.Opera} from uid 2000 on display 0
11-01 15:10:15.804   379   379 D AndroidRuntime: Shutting down VM
11-01 15:10:15.875   600  5522 I ActivityManager: Start proc 389:com.opera.browser/u0a122 for activity com.opera.browser/com.opera.Opera
11-01 15:10:15.917   389   389 I art     : Starting a blocking GC AddRemoveAppImageSpace
11-01 15:10:15.945   389   389 I LoadedApk: No resource references to update in package com.opera.browser.nord_vpn
11-01 15:10:16.037   389   389 I art     : Rejecting re-init on previously-failed class java.lang.Class<com.opera.android.job.a$j>: java.lang.NoClassDefFoundError: Failed resolution of: Landroid/app/job/JobServiceEngine;
11-01 15:10:16.037   389   389 I art     :   at void com.opera.android.OperaApplication.onCreate() (SourceFile:52)
11-01 15:10:16.037   389   389 I art     :   at void android.app.Instrumentation.callApplicationOnCreate(android.app.Application) (Instrumentation.java:1024)
11-01 15:10:16.037   389   389 I art     :   at void android.app.ActivityThread.handleBindApplication(android.app.ActivityThread$AppBindData) (ActivityThread.java:5403)
11-01 15:10:16.037   389   389 I art     :   at void android.app.ActivityThread.-wrap2(android.app.ActivityThread, android.app.ActivityThread$AppBindData) (ActivityThread.java:-1)
11-01 15:10:16.037   389   389 I art     :   at void android.app.ActivityThread$H.handleMessage(android.os.Message) (ActivityThread.java:1545)
11-01 15:10:16.037   389   389 I art     :   at void android.os.Handler.dispatchMessage(android.os.Message) (Handler.java:102)
11-01 15:10:16.037   389   389 I art     :   at void android.os.Looper.loop() (Looper.java:154)
11-01 15:10:16.037   389   389 I art     :   at void android.app.ActivityThread.main(java.lang.String[]) (ActivityThread.java:6119)
11-01 15:10:16.037   389   389 I art     :   at java.lang.Object java.lang.reflect.Method.invoke!(java.lang.Object, java.lang.Object[]) (Method.java:-2)
11-01 15:10:16.037   389   389 I art     :   at void com.android.internal.os.ZygoteInit$MethodAndArgsCaller.run() (ZygoteInit.java:886)
11-01 15:10:16.037   389   389 I art     :   at void com.android.internal.os.ZygoteInit.main(java.lang.String[]) (ZygoteInit.java:776)
11-01 15:10:16.037   389   389 I art     : Caused by: java.lang.ClassNotFoundException: Didn't find class "android.app.job.JobServiceEngine" on path: DexPathList[[zip file "/data/app/com.opera.browser-1/base.apk"],nativeLibraryDirectories=[/data/app/com.opera.browser-1/lib/arm, /data/app/com.opera.browser-1/base.apk!/lib/armeabi-v7a, /system/lib, /vendor/lib]]
11-01 15:10:16.037   389   389 I art     :   at java.lang.Class dalvik.system.BaseDexClassLoader.findClass(java.lang.String) (BaseDexClassLoader.java:56)
11-01 15:10:16.037   389   389 I art     :   at java.lang.Class java.lang.ClassLoader.loadClass(java.lang.String, boolean) (ClassLoader.java:380)
11-01 15:10:16.037   389   389 I art     :   at java.lang.Class java.lang.ClassLoader.loadClass(java.lang.String) (ClassLoader.java:312)
11-01 15:10:16.037   389   389 I art     :   at void com.opera.android.OperaApplication.onCreate() (SourceFile:52)
11-01 15:10:16.037   389   389 I art     :   at void android.app.Instrumentation.callApplicationOnCreate(android.app.Application) (Instrumentation.java:1024)
11-01 15:10:16.037   389   389 I art     :   at void android.app.ActivityThread.handleBindApplication(android.app.ActivityThread$AppBindData) (ActivityThread.java:5403)
11-01 15:10:16.037   389   389 I art     :   at void android.app.ActivityThread.-wrap2(android.app.ActivityThread, android.app.ActivityThread$AppBindData) (ActivityThread.java:-1)
11-01 15:10:16.037   389   389 I art     :   at void android.app.ActivityThread$H.handleMessage(android.os.Message) (ActivityThread.java:1545)
11-01 15:10:16.037   389   389 I art     :   at void android.os.Handler.dispatchMessage(android.os.Message) (Handler.java:102)
11-01 15:10:16.038   389   389 I art     :   at void android.os.Looper.loop() (Looper.java:154)
11-01 15:10:16.038   389   389 I art     :   at void android.app.ActivityThread.main(java.lang.String[]) (ActivityThread.java:6119)
11-01 15:10:16.038   389   389 I art     :   at java.lang.Object java.lang.reflect.Method.invoke!(java.lang.Object, java.lang.Object[]) (Method.java:-2)
11-01 15:10:16.038   389   389 I art     :   at void com.android.internal.os.ZygoteInit$MethodAndArgsCaller.run() (ZygoteInit.java:886)
11-01 15:10:16.038   389   389 I art     :   at void com.android.internal.os.ZygoteInit.main(java.lang.String[]) (ZygoteInit.java:776)
11-01 15:10:16.038   389   389 I art     : 
11-01 15:10:16.080   389   433 D NetworkSecurityConfig: Using Network Security Config from resource network_security_config_official_build debugBuild: false
11-01 15:10:16.274   600  8931 I ActivityManager: START u0 {act=android.intent.action.VIEW flg=0x10008000 cmp=com.opera.browser/com.opera.android.startup.WelcomeActivity} from uid 10122 on display 0
11-01 15:10:16.300   600  8928 W ActivityManager: Duplicate finish request for ActivityRecord{6f2fbd6 u0 com.opera.browser/com.opera.Opera t1252 f}
11-01 15:10:16.440   389   395 I art     : Background sticky concurrent mark sweep GC freed 12865(2MB) AllocSpace objects, 13(400KB) LOS objects, 27% free, 4MB/6MB, paused 11.121ms total 93.380ms
11-01 15:10:16.536   600   609 I art     : Background partial concurrent mark sweep GC freed 57676(2MB) AllocSpace objects, 8(708KB) LOS objects, 33% free, 15MB/22MB, paused 673us total 138.324ms
11-01 15:10:16.657   389   438 I FA      : App measurement initialized, version: 43042
11-01 15:10:16.657   389   438 I FA      : To enable debug logging run: adb shell setprop log.tag.FA VERBOSE
11-01 15:10:16.658   389   438 I FA      : To enable faster debug mode event logging run:
11-01 15:10:16.658   389   438 I FA      :   adb shell setprop debug.firebase.analytics.app com.opera.browser
11-01 15:10:16.813   389   502 I OpenGLRenderer: Initialized EGL, version 1.4
11-01 15:10:16.813   389   502 D OpenGLRenderer: Swap behavior 2
11-01 15:10:16.973   389   438 I FA      : Tag Manager is not found and thus will not be used
11-01 15:10:17.054   600   620 I ActivityManager: Displayed com.opera.browser/com.opera.android.startup.WelcomeActivity: +740ms (total +1s261ms)
11-01 15:10:17.121   600   819 I ActivityManager: Start proc 530:com.opera.browser:privileged_process0/u0a122 for service com.opera.browser/com.opera.android.browser.chromium.services.PrivilegedProcessService0
11-01 15:10:17.143   389   517 W chromium: [WARNING:op_site_scripts.cc(424)] Failed to map /data/user/0/com.opera.browser/app_opera/sjs
11-01 15:10:17.152   600   620 W WindowManager: Failed looking up window
11-01 15:10:17.152   600   620 W WindowManager: java.lang.IllegalArgumentException: Requested window android.view.ViewRootImpl$W@f6f014f does not exist
11-01 15:10:17.152   600   620 W WindowManager: 	at com.android.server.wm.WindowManagerService.windowForClientLocked(WindowManagerService.java:9422)
11-01 15:10:17.152   600   620 W WindowManager: 	at com.android.server.wm.WindowManagerService.windowForClientLocked(WindowManagerService.java:9413)
11-01 15:10:17.152   600   620 W WindowManager: 	at com.android.server.wm.WindowManagerService.removeWindow(WindowManagerService.java:2393)
11-01 15:10:17.152   600   620 W WindowManager: 	at com.android.server.wm.Session.remove(Session.java:202)
11-01 15:10:17.152   600   620 W WindowManager: 	at android.view.ViewRootImpl.dispatchDetachedFromWindow(ViewRootImpl.java:3290)
11-01 15:10:17.152   600   620 W WindowManager: 	at android.view.ViewRootImpl.doDie(ViewRootImpl.java:5917)
11-01 15:10:17.152   600   620 W WindowManager: 	at android.view.ViewRootImpl$ViewRootHandler.handleMessage(ViewRootImpl.java:3626)
11-01 15:10:17.152   600   620 W WindowManager: 	at android.os.Handler.dispatchMessage(Handler.java:102)
11-01 15:10:17.152   600   620 W WindowManager: 	at android.os.Looper.loop(Looper.java:154)
11-01 15:10:17.152   600   620 W WindowManager: 	at android.os.HandlerThread.run(HandlerThread.java:61)
11-01 15:10:17.152   600   620 W WindowManager: 	at com.android.server.ServiceThread.run(ServiceThread.java:46)
11-01 15:10:17.218   530   530 I art     : Starting a blocking GC AddRemoveAppImageSpace
11-01 15:10:17.240   530   530 I LoadedApk: No resource references to update in package com.opera.browser.nord_vpn
11-01 15:10:17.340   785 29366 W Conscrypt: Could not set socket write timeout: java.net.SocketException: Socket closed
11-01 15:10:17.407   530   556 E libEGL  : validate_display:99 error 3008 (EGL_BAD_DISPLAY)
11-01 15:10:17.454   785 29366 W Conscrypt: 	at com.google.android.gms.org.conscrypt.Platform.setSocketWriteTimeout(:com.google.android.gms@203915020@20.39.15 (040406-335085812):2)
11-01 15:10:17.454   785 29366 W Conscrypt: 	at com.google.android.gms.org.conscrypt.ConscryptFileDescriptorSocket.setSoWriteTimeout(:com.google.android.gms@203915020@20.39.15 (040406-335085812):0)
11-01 15:10:17.483   785 29366 W Conscrypt: Could not set socket write timeout: java.net.SocketException: Socket closed
11-01 15:10:17.496   785 29366 W Conscrypt: 	at com.google.android.gms.org.conscrypt.Platform.setSocketWriteTimeout(:com.google.android.gms@203915020@20.39.15 (040406-335085812):2)
11-01 15:10:17.496   785 29366 W Conscrypt: 	at com.google.android.gms.org.conscrypt.ConscryptFileDescriptorSocket.setSoWriteTimeout(:com.google.android.gms@203915020@20.39.15 (040406-335085812):0)
11-01 15:10:17.564 23814 23814 I MemoryTrimmer: Trimming objects from memory, since app is in the background.
11-01 15:10:17.624   530   556 E libEGL  : validate_display:99 error 3008 (EGL_BAD_DISPLAY)
11-01 15:10:17.624 23814 23861 W SearchService: Abort, client detached.
11-01 15:10:17.633  1075  1075 I MemoryTrimmer: Trimming objects from memory, since app is in the background.
11-01 15:10:17.659 23814 32731 I DeviceStateChecker: DeviceStateChecker cancelled
11-01 15:10:17.659 23814 23814 I MicroDetector: Keeping mic open: false
11-01 15:10:17.659 23814 23862 I AudioController: internalShutdown
11-01 15:10:17.659 23814 23862 I MicrophoneInputStream: mic_close com.google.android.apps.gsa.speech.audio.ae@a08daf
11-01 15:10:17.660 23814 23870 I MicroRecognitionRunner: Stopping hotword detection.
11-01 15:10:17.675   238   286 I SoundTriggerHwService::Module: void android::SoundTriggerHwService::Module::onCallbackEvent(const sp<android::SoundTriggerHwService::CallbackEvent> &) mClient == 0
11-01 15:10:17.693 23814 32730 I MicroRecognitionRunner: Detection finished
11-01 15:10:17.702 23814 23814 I MemoryTrimmer: Trimming objects from memory, since app is in the background.
11-01 15:10:17.730   785 29102 E NetworkScheduler.ATC: Called cancelTask for already completed task com.google.android.gms/.measurement.PackageMeasurementTaskService{u=0 tag="Measurement.PackageMeasurementTaskService.UPLOAD_TASK_TAG" trigger=window{start=110s,end=221s,earliest=-1213s,latest=-1102s} requirements=[NET_CONNECTED] attributes=[PERSISTED] scheduled=-1323s last_run=-1099s jid=N/A status=ACTIVE retries=0 client_lib=GMS_TASK_SCHEDULER-203915000} :1 [CONTEXT service_id=218 ]
11-01 15:10:17.803   785 29102 E NetworkScheduler.ATC: Called cancelTask for already completed task com.google.android.gms/.measurement.PackageMeasurementTaskService{u=0 tag="Measurement.PackageMeasurementTaskService.UPLOAD_TASK_TAG" trigger=window{start=110s,end=221s,earliest=-1214s,latest=-1103s} requirements=[NET_CONNECTED] attributes=[PERSISTED] scheduled=-1324s last_run=-1099s jid=N/A status=ACTIVE retries=0 client_lib=GMS_TASK_SCHEDULER-203915000} :1 [CONTEXT service_id=218 ]
11-01 15:10:17.837   785 29102 E NetworkScheduler.ATC: Called cancelTask for already completed task com.google.android.gms/.measurement.PackageMeasurementTaskService{u=0 tag="Measurement.PackageMeasurementTaskService.UPLOAD_TASK_TAG" trigger=window{start=110s,end=221s,earliest=-1214s,latest=-1103s} requirements=[NET_CONNECTED] attributes=[PERSISTED] scheduled=-1324s last_run=-1099s jid=N/A status=ACTIVE retries=0 client_lib=GMS_TASK_SCHEDULER-203915000} :1 [CONTEXT service_id=218 ]
11-01 15:10:21.283   785   797 I art     : Background partial concurrent mark sweep GC freed 67312(4MB) AllocSpace objects, 3(60KB) LOS objects, 40% free, 11MB/19MB, paused 6.185ms total 79.788ms
11-01 15:10:21.326   389   389 I PlayCore: UID: [10122]  PID: [389] AppUpdateListenerRegistry : registerListener
11-01 15:10:21.329   389   389 I PlayCore: UID: [10122]  PID: [389] AppUpdateService : requestUpdateInfo(com.opera.browser)
11-01 15:10:21.330   389   677 I PlayCore: UID: [10122]  PID: [389] AppUpdateService : Initiate binding to the service.
11-01 15:10:21.331   600  1066 W ActivityManager: Unable to start service Intent { act=com.google.android.play.core.install.BIND_UPDATE_SERVICE pkg=com.android.vending } U=0: not found
11-01 15:10:21.331   389   677 I PlayCore: UID: [10122]  PID: [389] AppUpdateService : Failed to bind to the service.
11-01 15:10:21.435   389   679 D ApplicationLoaders: ignored Vulkan layer search path /data/app/com.google.android.gms-1/lib/arm:/data/app/com.google.android.gms-1/base.apk!/lib/armeabi-v7a:/data/app/com.google.android.gms-1/split_config.en.apk!/lib/armeabi-v7a for namespace 0xf7270090
11-01 15:10:21.437   389   679 W ResourceType: ResTable_typeSpec entry count inconsistent: given 67, previously 69
11-01 15:10:21.437   389   679 W ResourceType: ResTable_typeSpec entry count inconsistent: given 5346, previously 5347
11-01 15:10:21.734   600   612 D SyncManager: failed sync operation JobId: 108392, com.opera.browser u0 (com.opera.browser.ping), com.opera.browser.ping.provider, SERVER, reason: 10122, SyncResult: delayUntil: 1667319021 stats [ numIoExceptions: 1]
11-01 15:10:27.699 23814 23814 I MemoryTrimmer: Trimming objects from memory, since app is in the background.
11-01 15:10:28.995   735   735 D AndroidRuntime: >>>>>> START com.android.internal.os.RuntimeInit uid 2000 <<<<<<
11-01 15:10:29.000   735   735 D AndroidRuntime: CheckJNI is OFF
11-01 15:10:29.065   735   735 D ICU     : No timezone override file found: /data/misc/zoneinfo/current/icu/icu_tzdata.dat
11-01 15:10:29.097   735   735 I Radio-JNI: register_android_hardware_Radio DONE
11-01 15:10:29.112   735   735 D AndroidRuntime: Calling main entry com.android.commands.monkey.Monkey
11-01 15:10:29.179   600   613 W BroadcastQueue: Skipping deliver [background] BroadcastRecord{389f289 u-1 android.net.conn.CONNECTIVITY_CHANGE} to ReceiverList{898328e 735 (unknown name)/2000/u-1 remote:415ec53}: process crashing
11-01 15:10:30.889   735   735 D MonkeyStub: translateCommand: wake
11-01 15:10:31.002   735   735 D MonkeyStub: translateCommand: tap 960 1881
11-01 15:10:31.054   600  1485 I ActivityManager: START u0 {act=android.intent.action.VIEW flg=0x1000000 cmp=com.opera.browser/com.opera.android.IntentDispatcherActivity} from uid 10122 on display 0
11-01 15:10:31.147 23814 23814 I MemoryTrimmer: Trimming objects from memory, since app is in the background.
11-01 15:10:31.152   600  8040 I ActivityManager: START u0 {act=android.intent.action.VIEW flg=0x15002000 cmp=com.opera.browser/com.opera.android.BrowserActivity} from uid 10122 on display 0
11-01 15:10:31.161  1075  1164 I OpenGLRenderer: Initialized EGL, version 1.4
11-01 15:10:31.161  1075  1164 D OpenGLRenderer: Swap behavior 2
11-01 15:10:31.263  1075  1075 I MemoryTrimmer: Trimming objects from memory, since app is in the background.
11-01 15:10:31.361   600   609 I art     : Background partial concurrent mark sweep GC freed 45305(2MB) AllocSpace objects, 43(1396KB) LOS objects, 33% free, 15MB/22MB, paused 3.643ms total 232.232ms
11-01 15:10:31.530   389   395 I art     : Background sticky concurrent mark sweep GC freed 28163(1986KB) AllocSpace objects, 26(520KB) LOS objects, 11% free, 8MB/9MB, paused 2.964ms total 127.151ms
11-01 15:10:31.576   389   756 E [Leanplum][ERROR]: No variable values were received from the server. Please contact us to investigate.
11-01 15:10:31.579   389   816 W ResourceType: ResTable_typeSpec entry count inconsistent: given 67, previously 69
11-01 15:10:31.579   389   816 W ResourceType: ResTable_typeSpec entry count inconsistent: given 5346, previously 5347
11-01 15:10:31.613 23814 23814 I MemoryTrimmer: Trimming objects from memory, since app is in the background.
11-01 15:10:31.770   600   620 I ActivityManager: Displayed com.opera.browser/com.opera.android.BrowserActivity: +590ms (total +673ms)
11-01 15:10:31.799   600 30165 I CwMcuSensor: CwMcuSensor::flush: fd = 239, sensors_id = 0, path = /sys/class/htc_sensorhub/sensor_hub/flush, err = 0
11-01 15:10:31.847   389   502 D OpenGLRenderer: endAllActiveAnimators on 0xd0d74780 (RippleDrawable) with handle 0xd0c92c60
11-01 15:10:31.977   389   395 I art     : Background sticky concurrent mark sweep GC freed 11481(946KB) AllocSpace objects, 8(160KB) LOS objects, 9% free, 8MB/9MB, paused 9.277ms total 85.561ms
11-01 15:10:32.175   389   839 W ResourceType: ResTable_typeSpec entry count inconsistent: given 67, previously 69
11-01 15:10:32.175   389   839 W ResourceType: ResTable_typeSpec entry count inconsistent: given 5346, previously 5347
11-01 15:10:32.368   389   390 I art     : Do partial code cache collection, code=19KB, data=30KB
11-01 15:10:32.369   389   390 I art     : After code cache collection, code=19KB, data=30KB
11-01 15:10:32.369   389   390 I art     : Increasing code cache capacity to 128KB
11-01 15:10:32.478   389   389 I Choreographer: Skipped 36 frames!  The application may be doing too much work on its main thread.
11-01 15:10:32.662   389   389 W View    : requestLayout() improperly called by com.opera.android.custom_views.FadingRecyclerView{21734fa VFED.V... ......ID 0,813-1536,813 #7f0a0825 app:id/suggested_dials_grid} during layout: running second layout pass
11-01 15:10:32.687   785 30902 E NetworkScheduler.ATC: Called cancelTask for already completed task com.google.android.gms/.measurement.PackageMeasurementTaskService{u=0 tag="Measurement.PackageMeasurementTaskService.UPLOAD_TASK_TAG" trigger=window{start=110s,end=221s,earliest=-1228s,latest=-1117s} requirements=[NET_CONNECTED] attributes=[PERSISTED] scheduled=-1338s last_run=-1114s jid=N/A status=ACTIVE retries=0 client_lib=GMS_TASK_SCHEDULER-203915000} :1 [CONTEXT service_id=218 ]
11-01 15:10:32.693   389   395 I art     : Background sticky concurrent mark sweep GC freed 47051(2MB) AllocSpace objects, 39(780KB) LOS objects, 10% free, 11MB/13MB, paused 4.357ms total 153.615ms
11-01 15:10:32.746   389   389 E Sensors : sendAck failure -1 1
11-01 15:10:32.746   389   389 E Sensors : sendAck failure -1 2
11-01 15:10:32.746   389   389 E Sensors : sendAck failure -1 3
11-01 15:10:32.746   389   389 E Sensors : sendAck failure -1 4
11-01 15:10:32.747   389   389 E Sensors : sendAck failure -1 5
11-01 15:10:32.747   389   389 E Sensors : sendAck failure -1 6
11-01 15:10:32.747   389   389 E Sensors : sendAck failure -1 7
11-01 15:10:32.747   389   389 E Sensors : sendAck failure -1 8
11-01 15:10:32.747   389   389 E Sensors : sendAck failure -1 9
11-01 15:10:32.747   389   389 E Sensors : sendAck failure -1 10
11-01 15:10:32.747   389   389 E Sensors : sendAck failure -1 11
11-01 15:10:32.747   389   389 E Sensors : sendAck failure -1 12
11-01 15:10:32.747   389   389 E Sensors : sendAck failure -1 13
11-01 15:10:32.747   389   389 E Sensors : sendAck failure -1 14
11-01 15:10:32.747   389   389 E Sensors : sendAck failure -1 15
11-01 15:10:32.748   389   389 E Sensors : sendAck failure -1 1
11-01 15:10:32.748   389   389 E Sensors : sendAck failure -1 2
11-01 15:10:32.748   389   389 E Sensors : sendAck failure -1 3
11-01 15:10:32.748   389   389 E Sensors : sendAck failure -1 4
11-01 15:10:32.748   389   389 E Sensors : sendAck failure -1 5
11-01 15:10:32.748   389   389 E Sensors : sendAck failure -1 6
11-01 15:10:32.748   389   389 E Sensors : sendAck failure -1 7
11-01 15:10:32.749   389   389 E Sensors : sendAck failure -1 8
11-01 15:10:32.749   389   389 E Sensors : sendAck failure -1 9
11-01 15:10:32.749   389   389 E Sensors : sendAck failure -1 10
11-01 15:10:32.749   389   389 E Sensors : sendAck failure -1 11
11-01 15:10:32.749   389   389 E Sensors : sendAck failure -1 12
11-01 15:10:32.749   389   389 E Sensors : sendAck failure -1 13
11-01 15:10:32.749   389   389 E Sensors : sendAck failure -1 14
11-01 15:10:32.749   389   389 E Sensors : sendAck failure -1 15
11-01 15:10:32.749   389   389 E Sensors : sendAck failure -1 1
11-01 15:10:32.749   389   389 E Sensors : sendAck failure -1 2
11-01 15:10:32.749   389   389 E Sensors : sendAck failure -1 3
11-01 15:10:32.749   389   389 E Sensors : sendAck failure -1 4
11-01 15:10:32.749   389   389 E Sensors : sendAck failure -1 5
11-01 15:10:32.749   389   389 E Sensors : sendAck failure -1 6
11-01 15:10:32.749   389   389 E Sensors : sendAck failure -1 7
11-01 15:10:32.749   389   389 E Sensors : sendAck failure -1 8
11-01 15:10:32.749   389   389 E Sensors : sendAck failure -1 9
11-01 15:10:32.749   389   389 E Sensors : sendAck failure -1 10
11-01 15:10:32.749   389   389 E Sensors : sendAck failure -1 11
11-01 15:10:32.749   389   389 E Sensors : sendAck failure -1 12
11-01 15:10:32.749   389   389 E Sensors : sendAck failure -1 13
11-01 15:10:32.749   389   389 E Sensors : sendAck failure -1 14
11-01 15:10:32.749   389   389 E Sensors : sendAck failure -1 15
11-01 15:10:32.749   389   389 E Sensors : sendAck failure -1 16
11-01 15:10:32.949   389   395 I art     : Background partial concurrent mark sweep GC freed 44402(2MB) AllocSpace objects, 13(692KB) LOS objects, 39% free, 11MB/19MB, paused 4.776ms total 229.797ms
11-01 15:10:33.018   785 30902 E NetworkScheduler.ATC: Called cancelTask for already completed task com.google.android.gms/.measurement.PackageMeasurementTaskService{u=0 tag="Measurement.PackageMeasurementTaskService.UPLOAD_TASK_TAG" trigger=window{start=110s,end=221s,earliest=-1229s,latest=-1118s} requirements=[NET_CONNECTED] attributes=[PERSISTED] scheduled=-1339s last_run=-1114s jid=N/A status=ACTIVE retries=0 client_lib=GMS_TASK_SCHEDULER-203915000} :1 [CONTEXT service_id=218 ]
11-01 15:10:33.182   900   900 I dex2oat : /system/bin/dex2oat --dex-file=/data/user/0/com.opera.browser/code_cache/. ​   ​ --oat-fd=192 --oat-location=/data/user/0/com.opera.browser/code_cache/.   ​ --compiler-filter=speed
11-01 15:10:33.480   900   900 I dex2oat : dex2oat took 302.210ms (threads: 2) arena alloc=432KB (442800B) java alloc=32KB (33064B) native alloc=346KB (354496B) free=1189KB (1218368B)
11-01 15:10:33.552   389   389 E Sensors : sendAck failure -1 1
11-01 15:10:33.552   389   389 E Sensors : sendAck failure -1 2
11-01 15:10:33.553   389   389 E Sensors : sendAck failure -1 1
11-01 15:10:33.553   389   389 E Sensors : sendAck failure -1 2
11-01 15:10:33.553   389   389 E Sensors : sendAck failure -1 3
11-01 15:10:33.554   389   389 E Sensors : sendAck failure -1 1
11-01 15:10:33.554   389   389 E Sensors : sendAck failure -1 2
11-01 15:10:33.554   389   389 E Sensors : sendAck failure -1 3
11-01 15:10:33.554   389   389 E Sensors : sendAck failure -1 4
11-01 15:10:33.554   389   389 E Sensors : sendAck failure -1 5
11-01 15:10:33.554   389   389 E Sensors : sendAck failure -1 6
11-01 15:10:33.554   389   389 E Sensors : sendAck failure -1 7
11-01 15:10:33.554   389   389 E Sensors : sendAck failure -1 8
11-01 15:10:33.554   389   389 E Sensors : sendAck failure -1 9
11-01 15:10:33.554   389   389 E Sensors : sendAck failure -1 10
11-01 15:10:33.554   389   389 E Sensors : sendAck failure -1 11
11-01 15:10:33.554   389   389 E Sensors : sendAck failure -1 12
11-01 15:10:33.810   909   909 I dex2oat : /system/bin/dex2oat --dex-file=/data/user/0/com.opera.browser/code_cache/.      --oat-fd=197 --oat-location=/data/user/0/com.opera.browser/code_cache/.    --compiler-filter=speed
11-01 15:10:34.081   389   395 I art     : Background sticky concurrent mark sweep GC freed 42836(4MB) AllocSpace objects, 44(1916KB) LOS objects, 25% free, 14MB/19MB, paused 3.280ms total 183.459ms
11-01 15:10:34.190   909   909 I dex2oat : dex2oat took 382.436ms (threads: 2) arena alloc=572KB (585928B) java alloc=101KB (103920B) native alloc=523KB (536528B) free=1524KB (1560624B)
11-01 15:10:34.202   389   390 I art     : Do partial code cache collection, code=37KB, data=62KB
11-01 15:10:34.207   389   390 I art     : After code cache collection, code=37KB, data=62KB
11-01 15:10:34.207   389   390 I art     : Increasing code cache capacity to 256KB
11-01 15:10:34.685   389   395 I art     : Background partial concurrent mark sweep GC freed 82263(3MB) AllocSpace objects, 12(1480KB) LOS objects, 39% free, 13MB/23MB, paused 2.020ms total 103.887ms
11-01 15:10:35.073   735   735 D MonkeyStub: translateCommand: tap 57 93
11-01 15:10:37.185   735   735 D MonkeyStub: translateCommand: tap 57 93
11-01 15:10:39.436   735   735 D MonkeyStub: translateCommand: tap 446 593
11-01 15:10:41.687   735   735 D MonkeyStub: translateCommand: tap 667 302
11-01 15:10:41.791   389   390 I art     : Do full code cache collection, code=80KB, data=125KB
11-01 15:10:41.792   389   390 I art     : Starting a blocking GC JitCodeCache
11-01 15:10:41.793   389   390 I art     : After code cache collection, code=62KB, data=67KB
11-01 15:10:42.234   389   390 I art     : Do partial code cache collection, code=74KB, data=87KB
11-01 15:10:42.235   389   390 I art     : After code cache collection, code=74KB, data=87KB
11-01 15:10:42.235   389   390 I art     : Increasing code cache capacity to 512KB
11-01 15:10:44.966   735   735 D MonkeyStub: translateCommand: tap 1286 930
11-01 15:10:46.196   735   735 D MonkeyStub: translateCommand: tap 62 98
11-01 15:10:46.243   735   735 D MonkeyStub: translateCommand: tap 729 89
11-01 15:10:46.257   735   735 D MonkeyStub: Quit requested
11-01 15:10:46.286   600   614 I CwMcuSensor: CwMcuSensor::flush: fd = 141, sensors_id = 0, path = /sys/class/htc_sensorhub/sensor_hub/flush, err = 0
11-01 15:10:46.304   735   735 I art     : System.exit called, status: 16
11-01 15:10:46.304   735   735 I AndroidRuntime: VM exiting with result code 16.
11-01 15:10:46.333   600  1665 W WindowManager: Attempted to remove non-existing token: android.os.Binder@ce8e99a
11-01 15:10:46.587   600  8930 E BatteryStatsService: power: Missing API
11-01 15:10:46.596   600  8930 E BatteryStatsService: no controller energy info supplied
11-01 15:10:46.597   800   800 E PhoneInterfaceManager: [PhoneIntfMgr] queryModemActivityInfo: Empty response
11-01 15:10:46.603   600  8930 E BatteryStatsService: modem info is invalid: ModemActivityInfo{ mTimestamp=0 mSleepTimeMs=0 mIdleTimeMs=0 mTxTimeMs[]=[0, 0, 0, 0, 0] mRxTimeMs=0 mEnergyUsed=0}
11-01 15:10:47.030   953   953 D AndroidRuntime: >>>>>> START com.android.internal.os.RuntimeInit uid 2000 <<<<<<
11-01 15:10:47.033   953   953 D AndroidRuntime: CheckJNI is OFF
11-01 15:10:47.098   953   953 D ICU     : No timezone override file found: /data/misc/zoneinfo/current/icu/icu_tzdata.dat
11-01 15:10:47.126   953   953 I Radio-JNI: register_android_hardware_Radio DONE
11-01 15:10:47.140   953   953 D AndroidRuntime: Calling main entry com.android.commands.am.Am
11-01 15:10:47.158   600  8040 I ActivityManager: START u0 {act=android.intent.action.VIEW dat=http://www.britannica.com/... flg=0x10000000 cmp=com.opera.browser/com.opera.Opera} from uid 2000 on display 0
11-01 15:10:47.163   953   953 D AndroidRuntime: Shutting down VM
11-01 15:10:47.256   389   389 W art     : Before Android 4.1, method double java.util.concurrent.ThreadLocalRandom.internalNextDouble(double, double) would have incorrectly overridden the package-private method in java.util.Random
11-01 15:10:47.256   389   389 W art     : Before Android 4.1, method int java.util.concurrent.ThreadLocalRandom.internalNextInt(int, int) would have incorrectly overridden the package-private method in java.util.Random
11-01 15:10:47.257   389   389 W art     : Before Android 4.1, method long java.util.concurrent.ThreadLocalRandom.internalNextLong(long, long) would have incorrectly overridden the package-private method in java.util.Random
11-01 15:10:47.291   600   619 D BluetoothManagerService: Message: 20
11-01 15:10:47.291   600   619 D BluetoothManagerService: Added callback: android.bluetooth.IBluetoothManagerCallback$Stub$Proxy@21a247b:true
11-01 15:10:47.308   600  1665 I ActivityManager: Start proc 965:com.opera.browser:sandboxed_process0/u0a122 for service com.opera.browser/com.opera.android.browser.chromium.services.SandboxedProcessService0
11-01 15:10:47.316 23814 23814 I MemoryTrimmer: Trimming objects from memory, since app is in the background.
11-01 15:10:47.372   965   965 I art     : Starting a blocking GC AddRemoveAppImageSpace
11-01 15:10:47.394   965   965 I LoadedApk: No resource references to update in package com.opera.browser.nord_vpn
11-01 15:10:47.424   389   903 W ResourceType: ResTable_typeSpec entry count inconsistent: given 67, previously 69
11-01 15:10:47.424   389   903 W ResourceType: ResTable_typeSpec entry count inconsistent: given 5346, previously 5347
11-01 15:10:47.672   785  1586 I FontLog : Received query name=Google Sans&weight=400&besteffort=false, URI content://com.google.android.gms.fonts [CONTEXT service_id=132 ]
11-01 15:10:47.672   785  1586 I FontLog : Query [name=Google Sans&weight=400&besteffort=false] resolved to {Google Sans, wdth 100.0, wght 400, ital 0.0, bestEffort false} [CONTEXT service_id=132 ]
11-01 15:10:47.674   785  1586 I FontLog : Font PFD returned from cache for {Google Sans, wdth 100.0, wght 400, ital 0.0, bestEffort false} [CONTEXT service_id=132 ]
11-01 15:10:47.674   785  1586 I FontLog : Fetch {Google Sans, wdth 100.0, wght 400, ital 0.0, bestEffort false} end status Status{statusCode=SUCCESS, resolution=null} [CONTEXT service_id=132 ]
11-01 15:10:47.682   785  1576 I FontLog : Pulling font file for id = 258, cache size = 4 [CONTEXT service_id=132 ]
11-01 15:10:47.699   785  1300 I FontLog : Received query name=Google Sans&weight=500&besteffort=false, URI content://com.google.android.gms.fonts [CONTEXT service_id=132 ]
11-01 15:10:47.699   785  1300 I FontLog : Query [name=Google Sans&weight=500&besteffort=false] resolved to {Google Sans, wdth 100.0, wght 500, ital 0.0, bestEffort false} [CONTEXT service_id=132 ]
11-01 15:10:47.700   785  1300 I FontLog : Font PFD returned from cache for {Google Sans, wdth 100.0, wght 500, ital 0.0, bestEffort false} [CONTEXT service_id=132 ]
11-01 15:10:47.701   785  1300 I FontLog : Fetch {Google Sans, wdth 100.0, wght 500, ital 0.0, bestEffort false} end status Status{statusCode=SUCCESS, resolution=null} [CONTEXT service_id=132 ]
11-01 15:10:47.710   785   798 I FontLog : Pulling font file for id = 259, cache size = 4 [CONTEXT service_id=132 ]
11-01 15:10:47.724   785   799 I FontLog : Received query name=Google Sans&weight=700&besteffort=false, URI content://com.google.android.gms.fonts [CONTEXT service_id=132 ]
11-01 15:10:47.725   785   799 I FontLog : Query [name=Google Sans&weight=700&besteffort=false] resolved to {Google Sans, wdth 100.0, wght 700, ital 0.0, bestEffort false} [CONTEXT service_id=132 ]
11-01 15:10:47.736   785   799 I FontLog : Fetch {Google Sans, wdth 100.0, wght 700, ital 0.0, bestEffort false} end status Status{statusCode=SUCCESS, resolution=null} [CONTEXT service_id=132 ]
11-01 15:10:47.769   785  1744 I FontLog : Pulling font file for id = 260, cache size = 4 [CONTEXT service_id=132 ]
11-01 15:10:47.775   785  1684 I FontLog : Received query name=Noto Color Emoji Compat&weight=400&besteffort=false, URI content://com.google.android.gms.fonts [CONTEXT service_id=132 ]
11-01 15:10:47.775   785  1684 I FontLog : Query [name=Noto Color Emoji Compat&weight=400&besteffort=false] resolved to {Noto Color Emoji Compat, wdth 100.0, wght 400, ital 0.0, bestEffort false} [CONTEXT service_id=132 ]
11-01 15:10:47.778   785  1684 I FontLog : Fetch {Noto Color Emoji Compat, wdth 100.0, wght 400, ital 0.0, bestEffort false} end status Status{statusCode=SUCCESS, resolution=null} [CONTEXT service_id=132 ]
11-01 15:10:47.786   785  1681 I FontLog : Pulling font file for id = 261, cache size = 5 [CONTEXT service_id=132 ]
11-01 15:10:47.887   785  1005 E NetworkScheduler.ATC: Called cancelTask for already completed task com.google.android.gms/.measurement.PackageMeasurementTaskService{u=0 tag="Measurement.PackageMeasurementTaskService.UPLOAD_TASK_TAG" trigger=window{start=110s,end=221s,earliest=-1244s,latest=-1133s} requirements=[NET_CONNECTED] attributes=[PERSISTED] scheduled=-1354s last_run=-1129s jid=N/A status=ACTIVE retries=0 client_lib=GMS_TASK_SCHEDULER-203915000} :1 [CONTEXT service_id=218 ]
11-01 15:10:47.983   785 29363 I SQLiteConnectionPool: The connection pool for /data/user/0/com.google.android.gms/databases/metadata.db has been closed but there are still 1 connections in use.  They will be closed as they are released back to the pool.
11-01 15:10:47.989   785  1002 W FontLog : Error updating last accessed time for {Noto Color Emoji Compat, wdth 100.0, wght 400, ital 0.0, bestEffort false}. [CONTEXT service_id=132 ]
11-01 15:10:47.989   785  1002 W FontLog : java.lang.IllegalStateException: Cannot perform this operation because the connection pool has been closed.
11-01 15:10:47.989   785  1002 W FontLog : 	at android.database.sqlite.SQLiteConnectionPool.throwIfClosedLocked(SQLiteConnectionPool.java:962)
11-01 15:10:47.989   785  1002 W FontLog : 	at android.database.sqlite.SQLiteConnectionPool.waitForConnection(SQLiteConnectionPool.java:677)
11-01 15:10:47.989   785  1002 W FontLog : 	at android.database.sqlite.SQLiteConnectionPool.acquireConnection(SQLiteConnectionPool.java:348)
11-01 15:10:47.989   785  1002 W FontLog : 	at android.database.sqlite.SQLiteSession.acquireConnection(SQLiteSession.java:894)
11-01 15:10:47.989   785  1002 W FontLog : 	at android.database.sqlite.SQLiteSession.executeForChangedRowCount(SQLiteSession.java:752)
11-01 15:10:47.989   785  1002 W FontLog : 	at android.database.sqlite.SQLiteStatement.executeUpdateDelete(SQLiteStatement.java:64)
11-01 15:10:47.989   785  1002 W FontLog : 	at android.database.sqlite.SQLiteDatabase.executeSql(SQLiteDatabase.java:1679)
11-01 15:10:47.989   785  1002 W FontLog : 	at android.database.sqlite.SQLiteDatabase.execSQL(SQLiteDatabase.java:1658)
11-01 15:10:47.989   785  1002 W FontLog : 	at aafx.run(Unknown Source)
11-01 15:10:47.989   785  1002 W FontLog : 	at sup.b(:com.google.android.gms@203915020@20.39.15 (040406-335085812):12)
11-01 15:10:47.989   785  1002 W FontLog : 	at sup.run(:com.google.android.gms@203915020@20.39.15 (040406-335085812):7)
11-01 15:10:47.989   785  1002 W FontLog : 	at java.util.concurrent.ThreadPoolExecutor.runWorker(ThreadPoolExecutor.java:1133)
11-01 15:10:47.989   785  1002 W FontLog : 	at java.util.concurrent.ThreadPoolExecutor$Worker.run(ThreadPoolExecutor.java:607)
11-01 15:10:47.989   785  1002 W FontLog : 	at tam.run(:com.google.android.gms@203915020@20.39.15 (040406-335085812):0)
11-01 15:10:47.989   785  1002 W FontLog : 	at java.lang.Thread.run(Thread.java:761)
11-01 15:10:52.276   600  5522 D DnsEventListenerService: Logging 100 results for netId 100
11-01 15:11:00.265  1102  1102 D AndroidRuntime: >>>>>> START com.android.internal.os.RuntimeInit uid 2000 <<<<<<
11-01 15:11:00.269  1102  1102 D AndroidRuntime: CheckJNI is OFF
11-01 15:11:00.344  1102  1102 D ICU     : No timezone override file found: /data/misc/zoneinfo/current/icu/icu_tzdata.dat
11-01 15:11:00.377  1102  1102 I Radio-JNI: register_android_hardware_Radio DONE
11-01 15:11:00.392  1102  1102 D AndroidRuntime: Calling main entry com.android.commands.monkey.Monkey
11-01 15:11:00.465   600   613 W BroadcastQueue: Skipping deliver [background] BroadcastRecord{a0324b u-1 android.net.conn.CONNECTIVITY_CHANGE} to ReceiverList{48a7428 1102 (unknown name)/2000/u-1 remote:ce5e1c5}: process crashing
11-01 15:11:01.817  1102  1102 D MonkeyStub: translateCommand: wake
11-01 15:11:02.011  1102  1102 D MonkeyStub: translateCommand: touch down 432 1772
11-01 15:11:02.037  1102  1102 D MonkeyStub: translateCommand: touch move 432 1772
11-01 15:11:02.147  1102  1102 D MonkeyStub: translateCommand: touch move 432 1630
11-01 15:11:02.255  1102  1102 D MonkeyStub: translateCommand: touch move 432 1488
11-01 15:11:02.359  1102  1102 D MonkeyStub: translateCommand: touch move 432 1347
11-01 15:11:02.471  1102  1102 D MonkeyStub: translateCommand: touch move 432 1205
11-01 15:11:02.587  1102  1102 D MonkeyStub: translateCommand: touch move 432 1063
11-01 15:11:02.698  1102  1102 D MonkeyStub: translateCommand: touch move 432 921
11-01 15:11:02.812  1102  1102 D MonkeyStub: translateCommand: touch move 432 779
11-01 15:11:02.928  1102  1102 D MonkeyStub: translateCommand: touch move 432 638
11-01 15:11:03.042  1102  1102 D MonkeyStub: translateCommand: touch move 432 496
11-01 15:11:03.146  1102  1102 D MonkeyStub: translateCommand: touch move 432 354
11-01 15:11:03.150  1102  1102 D MonkeyStub: translateCommand: touch up 432 354
11-01 15:11:03.175  1102  1102 D MonkeyStub: translateCommand: touch down 432 1772
11-01 15:11:03.184  1102  1102 D MonkeyStub: translateCommand: touch move 432 1772
11-01 15:11:03.303  1102  1102 D MonkeyStub: translateCommand: touch move 432 1630
11-01 15:11:03.407  1102  1102 D MonkeyStub: translateCommand: touch move 432 1488
11-01 15:11:03.516  1102  1102 D MonkeyStub: translateCommand: touch move 432 1347
11-01 15:11:03.627  1102  1102 D MonkeyStub: translateCommand: touch move 432 1205
11-01 15:11:03.736  1102  1102 D MonkeyStub: translateCommand: touch move 432 1063
11-01 15:11:03.846  1102  1102 D MonkeyStub: translateCommand: touch move 432 921
11-01 15:11:03.956  1102  1102 D MonkeyStub: translateCommand: touch move 432 779
11-01 15:11:04.064  1102  1102 D MonkeyStub: translateCommand: touch move 432 638
11-01 15:11:04.175  1102  1102 D MonkeyStub: translateCommand: touch move 432 496
11-01 15:11:04.291  1102  1102 D MonkeyStub: translateCommand: touch move 432 354
11-01 15:11:04.295  1102  1102 D MonkeyStub: translateCommand: touch up 432 354
11-01 15:11:04.325  1102  1102 D MonkeyStub: translateCommand: touch down 432 1772
11-01 15:11:04.333  1102  1102 D MonkeyStub: translateCommand: touch move 432 1772
11-01 15:11:04.437  1102  1102 D MonkeyStub: translateCommand: touch move 432 1630
11-01 15:11:04.547  1102  1102 D MonkeyStub: translateCommand: touch move 432 1488
11-01 15:11:04.659  1102  1102 D MonkeyStub: translateCommand: touch move 432 1347
11-01 15:11:04.763  1102  1102 D MonkeyStub: translateCommand: touch move 432 1205
11-01 15:11:04.877  1102  1102 D MonkeyStub: translateCommand: touch move 432 1063
11-01 15:11:04.981  1102  1102 D MonkeyStub: translateCommand: touch move 432 921
11-01 15:11:05.091  1102  1102 D MonkeyStub: translateCommand: touch move 432 779
11-01 15:11:05.234  1102  1102 D MonkeyStub: translateCommand: touch move 432 638
11-01 15:11:05.362  1102  1102 D MonkeyStub: translateCommand: touch move 432 496
11-01 15:11:05.475  1102  1102 D MonkeyStub: translateCommand: touch move 432 354
11-01 15:11:05.480  1102  1102 D MonkeyStub: translateCommand: touch up 432 354
11-01 15:11:09.760  1102  1102 D MonkeyStub: translateCommand: tap 405 550
11-01 15:11:17.954  1102  1102 D MonkeyStub: translateCommand: touch down 432 1772
11-01 15:11:17.968  1102  1102 D MonkeyStub: translateCommand: touch move 432 1772
11-01 15:11:18.079  1102  1102 D MonkeyStub: translateCommand: touch move 432 1630
11-01 15:11:18.188  1102  1102 D MonkeyStub: translateCommand: touch move 432 1488
11-01 15:11:18.300  1102  1102 D MonkeyStub: translateCommand: touch move 432 1347
11-01 15:11:18.404  1102  1102 D MonkeyStub: translateCommand: touch move 432 1205
11-01 15:11:18.512  1102  1102 D MonkeyStub: translateCommand: touch move 432 1063
11-01 15:11:18.623  1102  1102 D MonkeyStub: translateCommand: touch move 432 921
11-01 15:11:18.740  1102  1102 D MonkeyStub: translateCommand: touch move 432 779
11-01 15:11:18.855  1102  1102 D MonkeyStub: translateCommand: touch move 432 638
11-01 15:11:18.968  1102  1102 D MonkeyStub: translateCommand: touch move 432 496
11-01 15:11:19.073  1102  1102 D MonkeyStub: translateCommand: touch move 432 354
11-01 15:11:19.078  1102  1102 D MonkeyStub: translateCommand: touch up 432 354
11-01 15:11:19.099  1102  1102 D MonkeyStub: translateCommand: touch down 432 1772
11-01 15:11:19.104  1102  1102 D MonkeyStub: translateCommand: touch move 432 1772
11-01 15:11:19.215  1102  1102 D MonkeyStub: translateCommand: touch move 432 1630
11-01 15:11:19.328  1102  1102 D MonkeyStub: translateCommand: touch move 432 1488
11-01 15:11:19.437  1102  1102 D MonkeyStub: translateCommand: touch move 432 1347
11-01 15:11:19.547  1102  1102 D MonkeyStub: translateCommand: touch move 432 1205
11-01 15:11:19.655  1102  1102 D MonkeyStub: translateCommand: touch move 432 1063
11-01 15:11:19.768  1102  1102 D MonkeyStub: translateCommand: touch move 432 921
11-01 15:11:19.899  1102  1102 D MonkeyStub: translateCommand: touch move 432 779
11-01 15:11:20.030  1102  1102 D MonkeyStub: translateCommand: touch move 432 638
11-01 15:11:20.143  1102  1102 D MonkeyStub: translateCommand: touch move 432 496
11-01 15:11:20.254  1102  1102 D MonkeyStub: translateCommand: touch move 432 354
11-01 15:11:20.258  1102  1102 D MonkeyStub: translateCommand: touch up 432 354
11-01 15:11:28.386  1102  1102 D MonkeyStub: translateCommand: touch down 432 1772
11-01 15:11:28.397  1102  1102 D MonkeyStub: translateCommand: touch move 432 1772
11-01 15:11:28.508  1102  1102 D MonkeyStub: translateCommand: touch move 432 1630
11-01 15:11:28.617  1102  1102 D MonkeyStub: translateCommand: touch move 432 1488
11-01 15:11:28.733  1102  1102 D MonkeyStub: translateCommand: touch move 432 1347
11-01 15:11:28.837  1102  1102 D MonkeyStub: translateCommand: touch move 432 1205
11-01 15:11:28.948  1102  1102 D MonkeyStub: translateCommand: touch move 432 1063
11-01 15:11:29.055  1102  1102 D MonkeyStub: translateCommand: touch move 432 921
11-01 15:11:29.164  1102  1102 D MonkeyStub: translateCommand: touch move 432 779
11-01 15:11:29.267  1102  1102 D MonkeyStub: translateCommand: touch move 432 638
11-01 15:11:29.377  1102  1102 D MonkeyStub: translateCommand: touch move 432 496
11-01 15:11:29.486  1102  1102 D MonkeyStub: translateCommand: touch move 432 354
11-01 15:11:29.489  1102  1102 D MonkeyStub: translateCommand: touch up 432 354
11-01 15:11:29.514  1102  1102 D MonkeyStub: translateCommand: touch down 432 1772
11-01 15:11:29.520  1102  1102 D MonkeyStub: translateCommand: touch move 432 1772
11-01 15:11:29.634  1102  1102 D MonkeyStub: translateCommand: touch move 432 1630
11-01 15:11:29.763  1102  1102 D MonkeyStub: translateCommand: touch move 432 1488
11-01 15:11:29.874  1102  1102 D MonkeyStub: translateCommand: touch move 432 1347
11-01 15:11:29.959   198   198 E SELinux : avc:  denied  { find } for service=netd pid=1154 uid=2000 scontext=u:r:shell:s0 tcontext=u:object_r:netd_service:s0 tclass=service_manager permissive=0
11-01 15:11:29.963   198   198 E SELinux : avc:  denied  { find } for service=android.service.gatekeeper.IGateKeeperService pid=1154 uid=2000 scontext=u:r:shell:s0 tcontext=u:object_r:gatekeeper_service:s0 tclass=service_manager permissive=0
11-01 15:11:29.983  1102  1102 D MonkeyStub: translateCommand: touch move 432 1205
11-01 15:11:30.091  1102  1102 D MonkeyStub: translateCommand: touch move 432 1063
11-01 15:11:30.203  1102  1102 D MonkeyStub: translateCommand: touch move 432 921
11-01 15:11:30.313  1102  1102 D MonkeyStub: translateCommand: touch move 432 779
11-01 15:11:30.417  1102  1102 D MonkeyStub: translateCommand: touch move 432 638
11-01 15:11:30.529  1102  1102 D MonkeyStub: translateCommand: touch move 432 496
11-01 15:11:30.646  1102  1102 D MonkeyStub: translateCommand: touch move 432 354
11-01 15:11:30.654  1102  1102 D MonkeyStub: translateCommand: touch up 432 354
11-01 15:11:35.759  1102  1102 D MonkeyStub: translateCommand: touch down 432 1772
11-01 15:11:35.768  1102  1102 D MonkeyStub: translateCommand: touch move 432 1772
11-01 15:11:35.885  1102  1102 D MonkeyStub: translateCommand: touch move 432 1630
11-01 15:11:35.995  1102  1102 D MonkeyStub: translateCommand: touch move 432 1488
11-01 15:11:36.108  1102  1102 D MonkeyStub: translateCommand: touch move 432 1347
11-01 15:11:36.219  1102  1102 D MonkeyStub: translateCommand: touch move 432 1205
11-01 15:11:36.327  1102  1102 D MonkeyStub: translateCommand: touch move 432 1063
11-01 15:11:36.446  1102  1102 D MonkeyStub: translateCommand: touch move 432 921
11-01 15:11:36.555  1102  1102 D MonkeyStub: translateCommand: touch move 432 779
11-01 15:11:36.674  1102  1102 D MonkeyStub: translateCommand: touch move 432 638
11-01 15:11:36.788  1102  1102 D MonkeyStub: translateCommand: touch move 432 496
11-01 15:11:36.898  1102  1102 D MonkeyStub: translateCommand: touch move 432 354
11-01 15:11:36.905  1102  1102 D MonkeyStub: translateCommand: touch up 432 354
11-01 15:11:36.924  1102  1102 D MonkeyStub: Quit requested
11-01 15:11:36.945  1102  1102 I art     : System.exit called, status: 106
11-01 15:11:36.945  1102  1102 I AndroidRuntime: VM exiting with result code 106.
11-01 15:11:36.959   600   614 I CwMcuSensor: CwMcuSensor::flush: fd = 141, sensors_id = 0, path = /sys/class/htc_sensorhub/sensor_hub/flush, err = 0
11-01 15:11:36.976   600  8930 W WindowManager: Attempted to remove non-existing token: android.os.Binder@d47d541
11-01 15:11:53.085  1180  1180 D AndroidRuntime: >>>>>> START com.android.internal.os.RuntimeInit uid 2000 <<<<<<
11-01 15:11:53.088  1180  1180 D AndroidRuntime: CheckJNI is OFF
11-01 15:11:53.153  1180  1180 D ICU     : No timezone override file found: /data/misc/zoneinfo/current/icu/icu_tzdata.dat
11-01 15:11:53.183  1180  1180 I Radio-JNI: register_android_hardware_Radio DONE
11-01 15:11:53.197  1180  1180 D AndroidRuntime: Calling main entry com.android.commands.am.Am
11-01 15:11:53.213   600  1068 I ActivityManager: Force stopping com.opera.browser appid=10122 user=0: from pid 1180
11-01 15:11:53.213   600  1068 I ActivityManager: Killing 530:com.opera.browser:privileged_process0/u0a122 (adj 0): stop com.opera.browser
11-01 15:11:53.214   600  1068 D ActivityManager: cleanUpApplicationRecord -- 530
11-01 15:11:53.214   600  1068 W ActivityManager: Scheduling restart of crashed service com.opera.browser/com.opera.android.browser.chromium.services.PrivilegedProcessService0 in 1000ms
11-01 15:11:53.215   600  1068 I ActivityManager: Killing 389:com.opera.browser/u0a122 (adj 0): stop com.opera.browser
11-01 15:11:53.215   600  1068 D ActivityManager: cleanUpApplicationRecord -- 389
11-01 15:11:53.216   600  1068 W ActivityManager: Force removing ActivityRecord{ab790a7 u0 com.opera.browser/com.opera.android.BrowserActivity t1252}: app died, no saved state
11-01 15:11:53.225   965   965 I art     : System.exit called, status: 0
11-01 15:11:53.225   965   965 I AndroidRuntime: VM exiting with result code 0, cleanup skipped.
11-01 15:11:53.238 23814 23814 I MemoryTrimmer: Trimming objects from memory, since app is in the background.
11-01 15:11:53.239   600  1068 I ActivityManager: Killing 965:com.opera.browser:sandboxed_process0/u0a122 (adj 0): stop com.opera.browser
11-01 15:11:53.239   600  1068 D ActivityManager: cleanUpApplicationRecord -- 965
11-01 15:11:53.241  1180  1180 D AndroidRuntime: Shutting down VM
11-01 15:11:53.260  1058  1058 D RegisteredNfcFServicesCache: Service unchanged, not updating
11-01 15:11:53.272  1075  1164 I OpenGLRenderer: Initialized EGL, version 1.4
11-01 15:11:53.272  1075  1164 D OpenGLRenderer: Swap behavior 2
11-01 15:11:53.365 23814 23861 I AttachedClient: Adding client event 2 to pending list.
11-01 15:11:53.372 23814 23814 I OptInState: There is a new client and it does not support opt-in. Dropping request.
11-01 15:11:53.375 23814 23814 I MicroDetectionWorker: Micro detection mode: [mDetectionMode: [1]].
11-01 15:11:53.396 23814  1198 I MicroRecognitionRunner: Starting detection.
11-01 15:11:53.397 23814 23862 I MicrophoneInputStream: mic_starting com.google.android.apps.gsa.speech.audio.ae@cad6e6a
11-01 15:11:53.406   238   286 I SoundTriggerHwService::Module: void android::SoundTriggerHwService::Module::onCallbackEvent(const sp<android::SoundTriggerHwService::CallbackEvent> &) mClient == 0
11-01 15:11:53.410   238  1201 I AudioFlinger: AudioFlinger's thread 0xec312f80 ready to run
11-01 15:11:53.418 23814 23862 I MicrophoneInputStream: mic_started com.google.android.apps.gsa.speech.audio.ae@cad6e6a
11-01 15:11:53.442   600   609 I art     : Background partial concurrent mark sweep GC freed 62574(2MB) AllocSpace objects, 14(296KB) LOS objects, 33% free, 15MB/22MB, paused 812us total 144.134ms
11-01 15:11:53.588 23814 23814 I MicroDetectionWorker: onReady
