--------- beginning of main
10-31 16:14:29.050  6149  6149 D AndroidRuntime: >>>>>> START com.android.internal.os.RuntimeInit uid 2000 <<<<<<
10-31 16:14:29.054  6149  6149 D AndroidRuntime: CheckJNI is OFF
10-31 16:14:29.118  6149  6149 D ICU     : No timezone override file found: /data/misc/zoneinfo/current/icu/icu_tzdata.dat
10-31 16:14:29.148  6149  6149 I Radio-JNI: register_android_hardware_Radio DONE
10-31 16:14:29.163  6149  6149 D AndroidRuntime: Calling main entry com.android.commands.am.Am
--------- beginning of system
10-31 16:14:29.180   600  1082 I ActivityManager: Force stopping com.opera.browser appid=10122 user=0: from pid 6149
10-31 16:14:29.187  1061  1061 W ResourceType: ResTable_typeSpec entry count inconsistent: given 67, previously 69
10-31 16:14:29.187  1061  1061 W ResourceType: ResTable_typeSpec entry count inconsistent: given 5346, previously 5347
10-31 16:14:29.206  1061  1061 D RegisteredNfcFServicesCache: Service unchanged, not updating
10-31 16:14:29.438   600 17381 I ActivityManager: START u0 {act=android.intent.action.VIEW flg=0x10008000 cmp=com.opera.browser/com.opera.Opera} from uid 2000 on display 0
10-31 16:14:29.471  6149  6149 D AndroidRuntime: Shutting down VM
10-31 16:14:29.503   600 24611 I ActivityManager: Start proc 6159:com.opera.browser/u0a122 for activity com.opera.browser/com.opera.Opera
10-31 16:14:29.583  6159  6159 I art     : Starting a blocking GC AddRemoveAppImageSpace
10-31 16:14:29.608  6159  6159 I LoadedApk: No resource references to update in package com.opera.browser.nord_vpn
10-31 16:14:29.720  6159  6169 I art     : Background sticky concurrent mark sweep GC freed 7362(424KB) AllocSpace objects, 2(40KB) LOS objects, 25% free, 3MB/4MB, paused 6.503ms total 52.996ms
10-31 16:14:29.723  6159  6159 I art     : Rejecting re-init on previously-failed class java.lang.Class<com.opera.android.job.a$j>: java.lang.NoClassDefFoundError: Failed resolution of: Landroid/app/job/JobServiceEngine;
10-31 16:14:29.723  6159  6159 I art     :   at void com.opera.android.OperaApplication.onCreate() (SourceFile:52)
10-31 16:14:29.723  6159  6159 I art     :   at void android.app.Instrumentation.callApplicationOnCreate(android.app.Application) (Instrumentation.java:1024)
10-31 16:14:29.723  6159  6159 I art     :   at void android.app.ActivityThread.handleBindApplication(android.app.ActivityThread$AppBindData) (ActivityThread.java:5403)
10-31 16:14:29.723  6159  6159 I art     :   at void android.app.ActivityThread.-wrap2(android.app.ActivityThread, android.app.ActivityThread$AppBindData) (ActivityThread.java:-1)
10-31 16:14:29.723  6159  6159 I art     :   at void android.app.ActivityThread$H.handleMessage(android.os.Message) (ActivityThread.java:1545)
10-31 16:14:29.723  6159  6159 I art     :   at void android.os.Handler.dispatchMessage(android.os.Message) (Handler.java:102)
10-31 16:14:29.723  6159  6159 I art     :   at void android.os.Looper.loop() (Looper.java:154)
10-31 16:14:29.723  6159  6159 I art     :   at void android.app.ActivityThread.main(java.lang.String[]) (ActivityThread.java:6119)
10-31 16:14:29.723  6159  6159 I art     :   at java.lang.Object java.lang.reflect.Method.invoke!(java.lang.Object, java.lang.Object[]) (Method.java:-2)
10-31 16:14:29.723  6159  6159 I art     :   at void com.android.internal.os.ZygoteInit$MethodAndArgsCaller.run() (ZygoteInit.java:886)
10-31 16:14:29.723  6159  6159 I art     :   at void com.android.internal.os.ZygoteInit.main(java.lang.String[]) (ZygoteInit.java:776)
10-31 16:14:29.723  6159  6159 I art     : Caused by: java.lang.ClassNotFoundException: Didn't find class "android.app.job.JobServiceEngine" on path: DexPathList[[zip file "/data/app/com.opera.browser-1/base.apk"],nativeLibraryDirectories=[/data/app/com.opera.browser-1/lib/arm, /data/app/com.opera.browser-1/base.apk!/lib/armeabi-v7a, /system/lib, /vendor/lib]]
10-31 16:14:29.723  6159  6159 I art     :   at java.lang.Class dalvik.system.BaseDexClassLoader.findClass(java.lang.String) (BaseDexClassLoader.java:56)
10-31 16:14:29.723  6159  6159 I art     :   at java.lang.Class java.lang.ClassLoader.loadClass(java.lang.String, boolean) (ClassLoader.java:380)
10-31 16:14:29.723  6159  6159 I art     :   at java.lang.Class java.lang.ClassLoader.loadClass(java.lang.String) (ClassLoader.java:312)
10-31 16:14:29.723  6159  6159 I art     :   at void com.opera.android.OperaApplication.onCreate() (SourceFile:52)
10-31 16:14:29.723  6159  6159 I art     :   at void android.app.Instrumentation.callApplicationOnCreate(android.app.Application) (Instrumentation.java:1024)
10-31 16:14:29.723  6159  6159 I art     :   at void android.app.ActivityThread.handleBindApplication(android.app.ActivityThread$AppBindData) (ActivityThread.java:5403)
10-31 16:14:29.723  6159  6159 I art     :   at void android.app.ActivityThread.-wrap2(android.app.ActivityThread, android.app.ActivityThread$AppBindData) (ActivityThread.java:-1)
10-31 16:14:29.723  6159  6159 I art     :   at void android.app.ActivityThread$H.handleMessage(android.os.Message) (ActivityThread.java:1545)
10-31 16:14:29.723  6159  6159 I art     :   at void android.os.Handler.dispatchMessage(android.os.Message) (Handler.java:102)
10-31 16:14:29.723  6159  6159 I art     :   at void android.os.Looper.loop() (Looper.java:154)
10-31 16:14:29.723  6159  6159 I art     :   at void android.app.ActivityThread.main(java.lang.String[]) (ActivityThread.java:6119)
10-31 16:14:29.723  6159  6159 I art     :   at java.lang.Object java.lang.reflect.Method.invoke!(java.lang.Object, java.lang.Object[]) (Method.java:-2)
10-31 16:14:29.723  6159  6159 I art     :   at void com.android.internal.os.ZygoteInit$MethodAndArgsCaller.run() (ZygoteInit.java:886)
10-31 16:14:29.723  6159  6159 I art     :   at void com.android.internal.os.ZygoteInit.main(java.lang.String[]) (ZygoteInit.java:776)
10-31 16:14:29.723  6159  6159 I art     : 
10-31 16:14:29.762  6159  6205 D NetworkSecurityConfig: Using Network Security Config from resource network_security_config_official_build debugBuild: false
10-31 16:14:29.844  6159  6169 I art     : Background partial concurrent mark sweep GC freed 12801(611KB) AllocSpace objects, 8(160KB) LOS objects, 40% free, 4MB/6MB, paused 8.232ms total 61.186ms
10-31 16:14:29.923   600 13557 I ActivityManager: START u0 {act=android.intent.action.VIEW flg=0x10008000 cmp=com.opera.browser/com.opera.android.startup.WelcomeActivity} from uid 10122 on display 0
10-31 16:14:29.941   600 13558 W ActivityManager: Duplicate finish request for ActivityRecord{ddf40ff u0 com.opera.browser/com.opera.Opera t2409 f}
10-31 16:14:30.158  6159  6169 I art     : Background sticky concurrent mark sweep GC freed 18320(1915KB) AllocSpace objects, 6(120KB) LOS objects, 10% free, 5MB/6MB, paused 9.809ms total 179.998ms
10-31 16:14:30.277   600   609 I art     : Background partial concurrent mark sweep GC freed 85063(3MB) AllocSpace objects, 30(768KB) LOS objects, 33% free, 17MB/25MB, paused 874us total 288.519ms
10-31 16:14:30.338  6159  6169 I art     : Background partial concurrent mark sweep GC freed 29482(2MB) AllocSpace objects, 15(436KB) LOS objects, 40% free, 4MB/7MB, paused 989us total 132.904ms
10-31 16:14:30.419  6159  6202 I FA      : App measurement initialized, version: 43042
10-31 16:14:30.419  6159  6202 I FA      : To enable debug logging run: adb shell setprop log.tag.FA VERBOSE
10-31 16:14:30.420  6159  6202 I FA      : To enable faster debug mode event logging run:
10-31 16:14:30.420  6159  6202 I FA      :   adb shell setprop debug.firebase.analytics.app com.opera.browser
10-31 16:14:30.718  6159  6267 I OpenGLRenderer: Initialized EGL, version 1.4
10-31 16:14:30.718  6159  6267 D OpenGLRenderer: Swap behavior 2
10-31 16:14:30.785  6159  6202 I FA      : Tag Manager is not found and thus will not be used
10-31 16:14:30.796   600   620 W WindowManager: Failed looking up window
10-31 16:14:30.796   600   620 W WindowManager: java.lang.IllegalArgumentException: Requested window android.view.ViewRootImpl$W@285eb64 does not exist
10-31 16:14:30.796   600   620 W WindowManager: 	at com.android.server.wm.WindowManagerService.windowForClientLocked(WindowManagerService.java:9422)
10-31 16:14:30.796   600   620 W WindowManager: 	at com.android.server.wm.WindowManagerService.windowForClientLocked(WindowManagerService.java:9413)
10-31 16:14:30.796   600   620 W WindowManager: 	at com.android.server.wm.WindowManagerService.removeWindow(WindowManagerService.java:2393)
10-31 16:14:30.796   600   620 W WindowManager: 	at com.android.server.wm.Session.remove(Session.java:202)
10-31 16:14:30.796   600   620 W WindowManager: 	at android.view.ViewRootImpl.dispatchDetachedFromWindow(ViewRootImpl.java:3290)
10-31 16:14:30.796   600   620 W WindowManager: 	at android.view.ViewRootImpl.doDie(ViewRootImpl.java:5917)
10-31 16:14:30.796   600   620 W WindowManager: 	at android.view.ViewRootImpl$ViewRootHandler.handleMessage(ViewRootImpl.java:3626)
10-31 16:14:30.796   600   620 W WindowManager: 	at android.os.Handler.dispatchMessage(Handler.java:102)
10-31 16:14:30.796   600   620 W WindowManager: 	at android.os.Looper.loop(Looper.java:154)
10-31 16:14:30.796   600   620 W WindowManager: 	at android.os.HandlerThread.run(HandlerThread.java:61)
10-31 16:14:30.796   600   620 W WindowManager: 	at com.android.server.ServiceThread.run(ServiceThread.java:46)
10-31 16:14:30.860   600   620 I ActivityManager: Displayed com.opera.browser/com.opera.android.startup.WelcomeActivity: +890ms (total +1s387ms)
10-31 16:14:30.986   600  3507 I ActivityManager: Start proc 6300:com.opera.browser:privileged_process0/u0a122 for service com.opera.browser/com.opera.android.browser.chromium.services.PrivilegedProcessService0
10-31 16:14:30.993  6159  6289 W chromium: [WARNING:op_site_scripts.cc(424)] Failed to map /data/user/0/com.opera.browser/app_opera/sjs
10-31 16:14:31.080  6300  6300 I art     : Starting a blocking GC AddRemoveAppImageSpace
10-31 16:14:31.101  6300  6300 I LoadedApk: No resource references to update in package com.opera.browser.nord_vpn
10-31 16:14:31.213  6300  6320 E libEGL  : validate_display:99 error 3008 (EGL_BAD_DISPLAY)
10-31 16:14:31.327 18311 19172 W SearchService: Abort, client detached.
10-31 16:14:31.340 18269 18269 I MemoryTrimmer: Trimming objects from memory, since app is in the background.
10-31 16:14:31.346 18311  6078 I DeviceStateChecker: DeviceStateChecker cancelled
10-31 16:14:31.346 18311 18311 I MicroDetector: Keeping mic open: false
10-31 16:14:31.347 18311 18337 I AudioController: internalShutdown
10-31 16:14:31.347 18311 18337 I MicrophoneInputStream: mic_close com.google.android.apps.gsa.speech.audio.ae@e1ac629
10-31 16:14:31.347 18311 18405 I MicroRecognitionRunner: Stopping hotword detection.
10-31 16:14:31.350 18311 18311 I MemoryTrimmer: Trimming objects from memory, since app is in the background.
10-31 16:14:31.373   238   285 I SoundTriggerHwService::Module: void android::SoundTriggerHwService::Module::onCallbackEvent(const sp<android::SoundTriggerHwService::CallbackEvent> &) mClient == 0
10-31 16:14:31.381 18311  6079 I MicroRecognitionRunner: Detection finished
10-31 16:14:31.387 18311 18311 I MemoryTrimmer: Trimming objects from memory, since app is in the background.
10-31 16:14:31.405  6300  6320 E libEGL  : validate_display:99 error 3008 (EGL_BAD_DISPLAY)
10-31 16:14:31.470   787  5040 W NetworkScheduler: Error inserting service_kind=0 source=16 tag=Measurement.PackageMeasurementTaskService.UPLOAD_TASK_TAG target_package=com.google.android.gms requires_charging=0 source_version=203915000 required_network_type=0 flex_time=119000 persistence_level=1 target_class=com.google.android.gms.measurement.PackageMeasurementTaskService runtime=1667229271463 retry_strategy={"maximum_backoff_seconds":{"3600":0},"initial_backoff_seconds":{"30":0},"retry_policy":{"0":0}} preferred_network_type=1 required_idleness_state=0 preferred_charging_state=1 period=239000 last_runtime=0 task_type=0 job_id=-1 user_id=0, error message: UNIQUE constraint failed: pending_ops.tag, pending_ops.target_class, pending_ops.target_package, pending_ops.user_id (code 2067) [CONTEXT service_id=218 ]
10-31 16:14:31.601   787  5040 W NetworkScheduler: Error inserting service_kind=0 source=16 tag=Measurement.PackageMeasurementTaskService.UPLOAD_TASK_TAG target_package=com.google.android.gms requires_charging=0 source_version=203915000 required_network_type=0 flex_time=118000 persistence_level=1 target_class=com.google.android.gms.measurement.PackageMeasurementTaskService runtime=1667229271597 retry_strategy={"maximum_backoff_seconds":{"3600":0},"initial_backoff_seconds":{"30":0},"retry_policy":{"0":0}} preferred_network_type=1 required_idleness_state=0 preferred_charging_state=1 period=238000 last_runtime=0 task_type=0 job_id=-1 user_id=0, error message: UNIQUE constraint failed: pending_ops.tag, pending_ops.target_class, pending_ops.target_package, pending_ops.user_id (code 2067) [CONTEXT service_id=218 ]
10-31 16:14:31.650   787  4974 W NetworkScheduler: Error inserting service_kind=0 source=16 tag=Measurement.PackageMeasurementTaskService.UPLOAD_TASK_TAG target_package=com.google.android.gms requires_charging=0 source_version=203915000 required_network_type=0 flex_time=118000 persistence_level=1 target_class=com.google.android.gms.measurement.PackageMeasurementTaskService runtime=1667229271643 retry_strategy={"maximum_backoff_seconds":{"3600":0},"initial_backoff_seconds":{"30":0},"retry_policy":{"0":0}} preferred_network_type=1 required_idleness_state=0 preferred_charging_state=1 period=238000 last_runtime=0 task_type=0 job_id=-1 user_id=0, error message: UNIQUE constraint failed: pending_ops.tag, pending_ops.target_class, pending_ops.target_package, pending_ops.user_id (code 2067) [CONTEXT service_id=218 ]
10-31 16:14:32.348  6159  6169 I art     : Background sticky concurrent mark sweep GC freed 18511(1033KB) AllocSpace objects, 16(320KB) LOS objects, 22% free, 6MB/7MB, paused 5.839ms total 42.209ms
10-31 16:14:35.483  6159  6159 I PlayCore: UID: [10122]  PID: [6159] AppUpdateListenerRegistry : registerListener
10-31 16:14:35.483  6159  6159 I PlayCore: UID: [10122]  PID: [6159] AppUpdateService : requestUpdateInfo(com.opera.browser)
10-31 16:14:35.493  6159  6376 I PlayCore: UID: [10122]  PID: [6159] AppUpdateService : Initiate binding to the service.
10-31 16:14:35.495   600  1076 W ActivityManager: Unable to start service Intent { act=com.google.android.play.core.install.BIND_UPDATE_SERVICE pkg=com.android.vending } U=0: not found
10-31 16:14:35.497  6159  6376 I PlayCore: UID: [10122]  PID: [6159] AppUpdateService : Failed to bind to the service.
10-31 16:14:35.551  6159  6378 D ApplicationLoaders: ignored Vulkan layer search path /data/app/com.google.android.gms-1/lib/arm:/data/app/com.google.android.gms-1/base.apk!/lib/armeabi-v7a:/data/app/com.google.android.gms-1/split_config.en.apk!/lib/armeabi-v7a for namespace 0xf4a41090
10-31 16:14:35.554  6159  6378 W ResourceType: ResTable_typeSpec entry count inconsistent: given 67, previously 69
10-31 16:14:35.554  6159  6378 W ResourceType: ResTable_typeSpec entry count inconsistent: given 5346, previously 5347
10-31 16:14:36.183   600   612 D SyncManager: failed sync operation JobId: 100983, com.opera.browser u0 (com.opera.browser.ping), com.opera.browser.ping.provider, SERVER, reason: 10122, SyncResult: delayUntil: 1667236476 stats [ numIoExceptions: 1]
10-31 16:14:41.447 18311 18311 I MemoryTrimmer: Trimming objects from memory, since app is in the background.
10-31 16:14:42.025  6407  6407 D AndroidRuntime: >>>>>> START com.android.internal.os.RuntimeInit uid 2000 <<<<<<
10-31 16:14:42.029  6407  6407 D AndroidRuntime: CheckJNI is OFF
10-31 16:14:42.091  6407  6407 D ICU     : No timezone override file found: /data/misc/zoneinfo/current/icu/icu_tzdata.dat
10-31 16:14:42.122  6407  6407 I Radio-JNI: register_android_hardware_Radio DONE
10-31 16:14:42.136  6407  6407 D AndroidRuntime: Calling main entry com.android.commands.monkey.Monkey
10-31 16:14:42.204   600   613 W BroadcastQueue: Skipping deliver [background] BroadcastRecord{31e2f62 u-1 android.net.conn.CONNECTIVITY_CHANGE} to ReceiverList{e1638f3 6407 (unknown name)/2000/u-1 remote:7b3cd44}: process crashing
10-31 16:14:43.787  6407  6407 D MonkeyStub: translateCommand: wake
10-31 16:14:43.887  6407  6407 D MonkeyStub: translateCommand: tap 960 1881
10-31 16:14:43.939   600 16391 I ActivityManager: START u0 {act=android.intent.action.VIEW flg=0x1000000 cmp=com.opera.browser/com.opera.android.IntentDispatcherActivity} from uid 10122 on display 0
10-31 16:14:44.024 18269 18304 I OpenGLRenderer: Initialized EGL, version 1.4
10-31 16:14:44.024 18269 18304 D OpenGLRenderer: Swap behavior 2
10-31 16:14:44.035   600 10249 I ActivityManager: START u0 {act=android.intent.action.VIEW flg=0x15002000 cmp=com.opera.browser/com.opera.android.BrowserActivity} from uid 10122 on display 0
10-31 16:14:44.234 18269 18269 I MemoryTrimmer: Trimming objects from memory, since app is in the background.
10-31 16:14:44.240   600   609 I art     : Background partial concurrent mark sweep GC freed 45850(2MB) AllocSpace objects, 42(1272KB) LOS objects, 33% free, 17MB/25MB, paused 3.073ms total 246.028ms
10-31 16:14:44.329  6159  6452 W ResourceType: ResTable_typeSpec entry count inconsistent: given 67, previously 69
10-31 16:14:44.329  6159  6452 W ResourceType: ResTable_typeSpec entry count inconsistent: given 5346, previously 5347
10-31 16:14:44.405  6159  6169 I art     : Background sticky concurrent mark sweep GC freed 32092(2MB) AllocSpace objects, 36(720KB) LOS objects, 27% free, 7MB/10MB, paused 6.232ms total 70.082ms
10-31 16:14:44.471  6159  6424 E [Leanplum][ERROR]: No variable values were received from the server. Please contact us to investigate.
10-31 16:14:44.550   600   620 I ActivityManager: Displayed com.opera.browser/com.opera.android.BrowserActivity: +499ms (total +580ms)
10-31 16:14:44.559   600  3507 I CwMcuSensor: CwMcuSensor::flush: fd = 263, sensors_id = 0, path = /sys/class/htc_sensorhub/sensor_hub/flush, err = 0
10-31 16:14:44.649  6159  6267 D OpenGLRenderer: endAllActiveAnimators on 0xce1c4400 (RippleDrawable) with handle 0xce19d9f0
10-31 16:14:44.813  6159  6169 I art     : Background sticky concurrent mark sweep GC freed 31875(2MB) AllocSpace objects, 42(840KB) LOS objects, 23% free, 8MB/10MB, paused 9.621ms total 140.954ms
10-31 16:14:45.078  6159  6477 W ResourceType: ResTable_typeSpec entry count inconsistent: given 67, previously 69
10-31 16:14:45.079  6159  6477 W ResourceType: ResTable_typeSpec entry count inconsistent: given 5346, previously 5347
10-31 16:14:45.196  6159  6164 I art     : Do partial code cache collection, code=18KB, data=30KB
10-31 16:14:45.219  6159  6164 I art     : After code cache collection, code=18KB, data=30KB
10-31 16:14:45.219  6159  6164 I art     : Increasing code cache capacity to 128KB
10-31 16:14:45.235  6159  6463 W ResourceType: ResTable_typeSpec entry count inconsistent: given 67, previously 69
10-31 16:14:45.235  6159  6463 W ResourceType: ResTable_typeSpec entry count inconsistent: given 5346, previously 5347
10-31 16:14:45.239  6159  6169 I art     : Background sticky concurrent mark sweep GC freed 8876(855KB) AllocSpace objects, 16(320KB) LOS objects, 8% free, 9MB/10MB, paused 6.010ms total 50.966ms
10-31 16:14:45.285  6159  6159 I Choreographer: Skipped 38 frames!  The application may be doing too much work on its main thread.
10-31 16:14:45.430  6159  6169 I art     : Background partial concurrent mark sweep GC freed 43185(2MB) AllocSpace objects, 18(452KB) LOS objects, 40% free, 9MB/15MB, paused 5.612ms total 112.491ms
10-31 16:14:45.454  6159  6159 W View    : requestLayout() improperly called by com.opera.android.custom_views.FadingRecyclerView{20d638e VFED.V... ......ID 0,813-1536,813 #7f0a0825 app:id/suggested_dials_grid} during layout: running second layout pass
10-31 16:14:45.859  6159  6169 I art     : Background partial concurrent mark sweep GC freed 47496(2MB) AllocSpace objects, 24(1592KB) LOS objects, 40% free, 12MB/20MB, paused 4.778ms total 361.592ms
10-31 16:14:46.103  6522  6522 I dex2oat : /system/bin/dex2oat --dex-file=/data/user/0/com.opera.browser/code_cache/.​      --oat-fd=205 --oat-location=/data/user/0/com.opera.browser/code_cache/.     --compiler-filter=speed
10-31 16:14:46.369  6522  6522 I dex2oat : dex2oat took 268.189ms (threads: 2) arena alloc=432KB (442800B) java alloc=32KB (33064B) native alloc=354KB (362688B) free=1181KB (1210176B)
10-31 16:14:46.533  6530  6530 I dex2oat : /system/bin/dex2oat --dex-file=/data/user/0/com.opera.browser/code_cache/.      --oat-fd=140 --oat-location=/data/user/0/com.opera.browser/code_cache/.​   --compiler-filter=speed
10-31 16:14:46.602   787  6346 W NetworkScheduler: Error inserting service_kind=0 source=16 tag=Measurement.PackageMeasurementTaskService.UPLOAD_TASK_TAG target_package=com.google.android.gms requires_charging=0 source_version=203915000 required_network_type=0 flex_time=104000 persistence_level=1 target_class=com.google.android.gms.measurement.PackageMeasurementTaskService runtime=1667229286520 retry_strategy={"maximum_backoff_seconds":{"3600":0},"initial_backoff_seconds":{"30":0},"retry_policy":{"0":0}} preferred_network_type=1 required_idleness_state=0 preferred_charging_state=1 period=209000 last_runtime=0 task_type=0 job_id=-1 user_id=0, error message: UNIQUE constraint failed: pending_ops.tag, pending_ops.target_class, pending_ops.target_package, pending_ops.user_id (code 2067) [CONTEXT service_id=218 ]
10-31 16:14:46.645   787  6346 W NetworkScheduler: Error inserting service_kind=0 source=16 tag=Measurement.PackageMeasurementTaskService.UPLOAD_TASK_TAG target_package=com.google.android.gms requires_charging=0 source_version=203915000 required_network_type=0 flex_time=103000 persistence_level=1 target_class=com.google.android.gms.measurement.PackageMeasurementTaskService runtime=1667229286643 retry_strategy={"maximum_backoff_seconds":{"3600":0},"initial_backoff_seconds":{"30":0},"retry_policy":{"0":0}} preferred_network_type=1 required_idleness_state=0 preferred_charging_state=1 period=208000 last_runtime=0 task_type=0 job_id=-1 user_id=0, error message: UNIQUE constraint failed: pending_ops.tag, pending_ops.target_class, pending_ops.target_package, pending_ops.user_id (code 2067) [CONTEXT service_id=218 ]
10-31 16:14:46.767  6530  6530 I dex2oat : dex2oat took 239.331ms (threads: 2) arena alloc=611KB (626512B) java alloc=120KB (123880B) native alloc=523KB (536528B) free=1524KB (1560624B)
10-31 16:14:46.920  6159  6164 I art     : Do partial code cache collection, code=40KB, data=62KB
10-31 16:14:46.937  6159  6164 I art     : After code cache collection, code=40KB, data=62KB
10-31 16:14:46.937  6159  6164 I art     : Increasing code cache capacity to 256KB
10-31 16:14:47.021  6159  6169 I art     : Background sticky concurrent mark sweep GC freed 68059(4MB) AllocSpace objects, 30(1368KB) LOS objects, 23% free, 15MB/20MB, paused 4.508ms total 112.331ms
10-31 16:14:47.390  6159  6169 I art     : Background sticky concurrent mark sweep GC freed 98142(4MB) AllocSpace objects, 7(668KB) LOS objects, 17% free, 16MB/20MB, paused 2.537ms total 145.340ms
10-31 16:14:48.000  6407  6407 D MonkeyStub: translateCommand: tap 57 93
10-31 16:14:50.296  6407  6407 D MonkeyStub: translateCommand: tap 57 93
10-31 16:14:52.532  6407  6407 D MonkeyStub: translateCommand: tap 446 593
10-31 16:14:54.598  6407  6407 D MonkeyStub: translateCommand: tap 667 302
10-31 16:14:54.715  6159  6164 I art     : Do full code cache collection, code=82KB, data=124KB
10-31 16:14:54.716  6159  6164 I art     : Starting a blocking GC JitCodeCache
10-31 16:14:54.716  6159  6164 I art     : After code cache collection, code=64KB, data=67KB
10-31 16:14:58.270  6407  6407 D MonkeyStub: translateCommand: tap 1286 930
10-31 16:14:59.527  6407  6407 D MonkeyStub: translateCommand: tap 62 98
10-31 16:14:59.567  6407  6407 D MonkeyStub: translateCommand: tap 729 89
10-31 16:14:59.577  6407  6407 D MonkeyStub: Quit requested
10-31 16:14:59.605   600   614 I CwMcuSensor: CwMcuSensor::flush: fd = 263, sensors_id = 0, path = /sys/class/htc_sensorhub/sensor_hub/flush, err = 0
10-31 16:14:59.611  6407  6407 I art     : System.exit called, status: 16
10-31 16:14:59.611  6407  6407 I AndroidRuntime: VM exiting with result code 16.
10-31 16:14:59.646   600  7064 W WindowManager: Attempted to remove non-existing token: android.os.Binder@bd1714f
10-31 16:14:59.924   600   713 E BatteryStatsService: power: Missing API
10-31 16:14:59.931   600   713 E BatteryStatsService: no controller energy info supplied
10-31 16:14:59.932   796   796 E PhoneInterfaceManager: [PhoneIntfMgr] queryModemActivityInfo: Empty response
10-31 16:14:59.938   600   713 E BatteryStatsService: modem info is invalid: ModemActivityInfo{ mTimestamp=0 mSleepTimeMs=0 mIdleTimeMs=0 mTxTimeMs[]=[0, 0, 0, 0, 0] mRxTimeMs=0 mEnergyUsed=0}
10-31 16:15:00.355  6564  6564 D AndroidRuntime: >>>>>> START com.android.internal.os.RuntimeInit uid 2000 <<<<<<
10-31 16:15:00.358  6564  6564 D AndroidRuntime: CheckJNI is OFF
10-31 16:15:00.426  6564  6564 D ICU     : No timezone override file found: /data/misc/zoneinfo/current/icu/icu_tzdata.dat
10-31 16:15:00.456  6564  6564 I Radio-JNI: register_android_hardware_Radio DONE
10-31 16:15:00.471  6564  6564 D AndroidRuntime: Calling main entry com.android.commands.am.Am
10-31 16:15:00.489   600  1081 I ActivityManager: START u0 {act=android.intent.action.VIEW dat=http://www.britannica.com/... flg=0x10000000 cmp=com.opera.browser/com.opera.Opera} from uid 2000 on display 0
10-31 16:15:00.500  6564  6564 D AndroidRuntime: Shutting down VM
10-31 16:15:00.590  6159  6159 W art     : Before Android 4.1, method double java.util.concurrent.ThreadLocalRandom.internalNextDouble(double, double) would have incorrectly overridden the package-private method in java.util.Random
10-31 16:15:00.590  6159  6159 W art     : Before Android 4.1, method int java.util.concurrent.ThreadLocalRandom.internalNextInt(int, int) would have incorrectly overridden the package-private method in java.util.Random
10-31 16:15:00.590  6159  6159 W art     : Before Android 4.1, method long java.util.concurrent.ThreadLocalRandom.internalNextLong(long, long) would have incorrectly overridden the package-private method in java.util.Random
10-31 16:15:00.626   600   619 D BluetoothManagerService: Message: 20
10-31 16:15:00.626   600   619 D BluetoothManagerService: Added callback: android.bluetooth.IBluetoothManagerCallback$Stub$Proxy@ddcbff7:true
10-31 16:15:00.636   600   707 I ActivityManager: Start proc 6576:com.opera.browser:sandboxed_process0/u0a122 for service com.opera.browser/com.opera.android.browser.chromium.services.SandboxedProcessService0
10-31 16:15:00.706  6576  6576 I art     : Starting a blocking GC AddRemoveAppImageSpace
10-31 16:15:00.723  6576  6576 I LoadedApk: No resource references to update in package com.opera.browser.nord_vpn
10-31 16:15:00.752  6159  6463 W ResourceType: ResTable_typeSpec entry count inconsistent: given 67, previously 69
10-31 16:15:00.752  6159  6463 W ResourceType: ResTable_typeSpec entry count inconsistent: given 5346, previously 5347
10-31 16:15:00.859  6159  6164 I art     : Do partial code cache collection, code=86KB, data=113KB
10-31 16:15:00.867  6159  6164 I art     : After code cache collection, code=86KB, data=113KB
10-31 16:15:00.867  6159  6164 I art     : Increasing code cache capacity to 512KB
10-31 16:15:00.901   787 28588 I FontLog : Received query name=Google Sans&weight=400&besteffort=false, URI content://com.google.android.gms.fonts [CONTEXT service_id=132 ]
10-31 16:15:00.901   787 28588 I FontLog : Query [name=Google Sans&weight=400&besteffort=false] resolved to {Google Sans, wdth 100.0, wght 400, ital 0.0, bestEffort false} [CONTEXT service_id=132 ]
10-31 16:15:00.903   787 28588 I FontLog : Font PFD returned from cache for {Google Sans, wdth 100.0, wght 400, ital 0.0, bestEffort false} [CONTEXT service_id=132 ]
10-31 16:15:00.903   787 28588 I FontLog : Fetch {Google Sans, wdth 100.0, wght 400, ital 0.0, bestEffort false} end status Status{statusCode=SUCCESS, resolution=null} [CONTEXT service_id=132 ]
10-31 16:15:00.916   787  1245 I FontLog : Pulling font file for id = 1964, cache size = 8 [CONTEXT service_id=132 ]
10-31 16:15:00.930   787  1174 I FontLog : Received query name=Google Sans&weight=500&besteffort=false, URI content://com.google.android.gms.fonts [CONTEXT service_id=132 ]
10-31 16:15:00.930   787  1174 I FontLog : Query [name=Google Sans&weight=500&besteffort=false] resolved to {Google Sans, wdth 100.0, wght 500, ital 0.0, bestEffort false} [CONTEXT service_id=132 ]
10-31 16:15:00.931   787  1174 I FontLog : Font PFD returned from cache for {Google Sans, wdth 100.0, wght 500, ital 0.0, bestEffort false} [CONTEXT service_id=132 ]
10-31 16:15:00.932   787  1174 I FontLog : Fetch {Google Sans, wdth 100.0, wght 500, ital 0.0, bestEffort false} end status Status{statusCode=SUCCESS, resolution=null} [CONTEXT service_id=132 ]
10-31 16:15:00.935   787 28596 I FontLog : Pulling font file for id = 1965, cache size = 7 [CONTEXT service_id=132 ]
10-31 16:15:00.943   787   806 I FontLog : Received query name=Google Sans&weight=700&besteffort=false, URI content://com.google.android.gms.fonts [CONTEXT service_id=132 ]
10-31 16:15:00.943   787   806 I FontLog : Query [name=Google Sans&weight=700&besteffort=false] resolved to {Google Sans, wdth 100.0, wght 700, ital 0.0, bestEffort false} [CONTEXT service_id=132 ]
10-31 16:15:00.945   787   806 I FontLog : Fetch {Google Sans, wdth 100.0, wght 700, ital 0.0, bestEffort false} end status Status{statusCode=SUCCESS, resolution=null} [CONTEXT service_id=132 ]
10-31 16:15:00.948   787  1620 I FontLog : Pulling font file for id = 1966, cache size = 5 [CONTEXT service_id=132 ]
10-31 16:15:00.953   787 28592 I FontLog : Received query name=Noto Color Emoji Compat&weight=400&besteffort=false, URI content://com.google.android.gms.fonts [CONTEXT service_id=132 ]
10-31 16:15:00.953   787 28592 I FontLog : Query [name=Noto Color Emoji Compat&weight=400&besteffort=false] resolved to {Noto Color Emoji Compat, wdth 100.0, wght 400, ital 0.0, bestEffort false} [CONTEXT service_id=132 ]
10-31 16:15:00.955   787 28592 I FontLog : Fetch {Noto Color Emoji Compat, wdth 100.0, wght 400, ital 0.0, bestEffort false} end status Status{statusCode=SUCCESS, resolution=null} [CONTEXT service_id=132 ]
10-31 16:15:00.958   787 28591 I FontLog : Pulling font file for id = 1967, cache size = 6 [CONTEXT service_id=132 ]
10-31 16:15:01.181   787  4200 I SQLiteConnectionPool: The connection pool for /data/user/0/com.google.android.gms/databases/metadata.db has been closed but there are still 1 connections in use.  They will be closed as they are released back to the pool.
10-31 16:15:01.182   787  6599 W FontLog : Error updating last accessed time for {Noto Color Emoji Compat, wdth 100.0, wght 400, ital 0.0, bestEffort false}. [CONTEXT service_id=132 ]
10-31 16:15:01.182   787  6599 W FontLog : java.lang.IllegalStateException: Cannot perform this operation because the connection pool has been closed.
10-31 16:15:01.182   787  6599 W FontLog : 	at android.database.sqlite.SQLiteConnectionPool.throwIfClosedLocked(SQLiteConnectionPool.java:962)
10-31 16:15:01.182   787  6599 W FontLog : 	at android.database.sqlite.SQLiteConnectionPool.waitForConnection(SQLiteConnectionPool.java:677)
10-31 16:15:01.182   787  6599 W FontLog : 	at android.database.sqlite.SQLiteConnectionPool.acquireConnection(SQLiteConnectionPool.java:348)
10-31 16:15:01.182   787  6599 W FontLog : 	at android.database.sqlite.SQLiteSession.acquireConnection(SQLiteSession.java:894)
10-31 16:15:01.182   787  6599 W FontLog : 	at android.database.sqlite.SQLiteSession.executeForChangedRowCount(SQLiteSession.java:752)
10-31 16:15:01.182   787  6599 W FontLog : 	at android.database.sqlite.SQLiteStatement.executeUpdateDelete(SQLiteStatement.java:64)
10-31 16:15:01.182   787  6599 W FontLog : 	at android.database.sqlite.SQLiteDatabase.executeSql(SQLiteDatabase.java:1679)
10-31 16:15:01.182   787  6599 W FontLog : 	at android.database.sqlite.SQLiteDatabase.execSQL(SQLiteDatabase.java:1658)
10-31 16:15:01.182   787  6599 W FontLog : 	at aafx.run(Unknown Source)
10-31 16:15:01.182   787  6599 W FontLog : 	at sup.b(:com.google.android.gms@203915020@20.39.15 (040406-335085812):12)
10-31 16:15:01.182   787  6599 W FontLog : 	at sup.run(:com.google.android.gms@203915020@20.39.15 (040406-335085812):7)
10-31 16:15:01.182   787  6599 W FontLog : 	at java.util.concurrent.ThreadPoolExecutor.runWorker(ThreadPoolExecutor.java:1133)
10-31 16:15:01.182   787  6599 W FontLog : 	at java.util.concurrent.ThreadPoolExecutor$Worker.run(ThreadPoolExecutor.java:607)
10-31 16:15:01.182   787  6599 W FontLog : 	at tam.run(:com.google.android.gms@203915020@20.39.15 (040406-335085812):0)
10-31 16:15:01.182   787  6599 W FontLog : 	at java.lang.Thread.run(Thread.java:761)
10-31 16:15:01.485   787  4454 W NetworkScheduler: Error inserting service_kind=0 source=16 tag=Measurement.PackageMeasurementTaskService.UPLOAD_TASK_TAG target_package=com.google.android.gms requires_charging=0 source_version=203915000 required_network_type=0 flex_time=89000 persistence_level=1 target_class=com.google.android.gms.measurement.PackageMeasurementTaskService runtime=1667229301479 retry_strategy={"maximum_backoff_seconds":{"3600":0},"initial_backoff_seconds":{"30":0},"retry_policy":{"0":0}} preferred_network_type=1 required_idleness_state=0 preferred_charging_state=1 period=179000 last_runtime=0 task_type=0 job_id=-1 user_id=0, error message: UNIQUE constraint failed: pending_ops.tag, pending_ops.target_class, pending_ops.target_package, pending_ops.user_id (code 2067) [CONTEXT service_id=218 ]
10-31 16:15:01.693   600  3967 D DnsEventListenerService: Logging 100 results for netId 101
10-31 16:15:02.048  6159  6169 I art     : Background sticky concurrent mark sweep GC freed 113885(6MB) AllocSpace objects, 15(348KB) LOS objects, 28% free, 17MB/24MB, paused 5.012ms total 83.475ms
10-31 16:15:13.177  6649  6649 D AndroidRuntime: >>>>>> START com.android.internal.os.RuntimeInit uid 2000 <<<<<<
10-31 16:15:13.181  6649  6649 D AndroidRuntime: CheckJNI is OFF
10-31 16:15:13.245  6649  6649 D ICU     : No timezone override file found: /data/misc/zoneinfo/current/icu/icu_tzdata.dat
10-31 16:15:13.277  6649  6649 I Radio-JNI: register_android_hardware_Radio DONE
10-31 16:15:13.291  6649  6649 D AndroidRuntime: Calling main entry com.android.commands.monkey.Monkey
10-31 16:15:13.359   600   613 W BroadcastQueue: Skipping deliver [background] BroadcastRecord{764125c u-1 android.net.conn.CONNECTIVITY_CHANGE} to ReceiverList{25c0965 6649 (unknown name)/2000/u-1 remote:d84b52e}: process crashing
10-31 16:15:14.914  6649  6649 D MonkeyStub: translateCommand: wake
10-31 16:15:15.110  6649  6649 D MonkeyStub: translateCommand: touch down 432 1772
10-31 16:15:15.129  6649  6649 D MonkeyStub: translateCommand: touch move 432 1772
10-31 16:15:15.239  6649  6649 D MonkeyStub: translateCommand: touch move 432 1630
10-31 16:15:15.346  6649  6649 D MonkeyStub: translateCommand: touch move 432 1488
10-31 16:15:15.456  6649  6649 D MonkeyStub: translateCommand: touch move 432 1347
10-31 16:15:15.568  6649  6649 D MonkeyStub: translateCommand: touch move 432 1205
10-31 16:15:15.688  6649  6649 D MonkeyStub: translateCommand: touch move 432 1063
10-31 16:15:15.803  6649  6649 D MonkeyStub: translateCommand: touch move 432 921
10-31 16:15:15.916  6649  6649 D MonkeyStub: translateCommand: touch move 432 779
10-31 16:15:16.034  6649  6649 D MonkeyStub: translateCommand: touch move 432 638
10-31 16:15:16.148  6649  6649 D MonkeyStub: translateCommand: touch move 432 496
10-31 16:15:16.253  6649  6649 D MonkeyStub: translateCommand: touch move 432 354
10-31 16:15:16.259  6649  6649 D MonkeyStub: translateCommand: touch up 432 354
10-31 16:15:16.309  6649  6649 D MonkeyStub: translateCommand: touch down 432 1772
10-31 16:15:16.314  6649  6649 D MonkeyStub: translateCommand: touch move 432 1772
10-31 16:15:16.430  6649  6649 D MonkeyStub: translateCommand: touch move 432 1630
10-31 16:15:16.537  6649  6649 D MonkeyStub: translateCommand: touch move 432 1488
10-31 16:15:16.646  6649  6649 D MonkeyStub: translateCommand: touch move 432 1347
10-31 16:15:16.757  6649  6649 D MonkeyStub: translateCommand: touch move 432 1205
10-31 16:15:16.872  6649  6649 D MonkeyStub: translateCommand: touch move 432 1063
10-31 16:15:16.978  6649  6649 D MonkeyStub: translateCommand: touch move 432 921
10-31 16:15:17.082  6649  6649 D MonkeyStub: translateCommand: touch move 432 779
10-31 16:15:17.187  6649  6649 D MonkeyStub: translateCommand: touch move 432 638
10-31 16:15:17.294  6649  6649 D MonkeyStub: translateCommand: touch move 432 496
10-31 16:15:17.399  6649  6649 D MonkeyStub: translateCommand: touch move 432 354
10-31 16:15:17.402  6649  6649 D MonkeyStub: translateCommand: touch up 432 354
10-31 16:15:17.428  6649  6649 D MonkeyStub: translateCommand: touch down 432 1772
10-31 16:15:17.436  6649  6649 D MonkeyStub: translateCommand: touch move 432 1772
10-31 16:15:17.495   600   609 I art     : Background partial concurrent mark sweep GC freed 49102(2MB) AllocSpace objects, 11(236KB) LOS objects, 33% free, 16MB/25MB, paused 1.035ms total 102.987ms
10-31 16:15:17.546  6649  6649 D MonkeyStub: translateCommand: touch move 432 1630
10-31 16:15:17.650  6649  6649 D MonkeyStub: translateCommand: touch move 432 1488
10-31 16:15:17.758  6649  6649 D MonkeyStub: translateCommand: touch move 432 1347
10-31 16:15:17.864  6649  6649 D MonkeyStub: translateCommand: touch move 432 1205
10-31 16:15:17.976  6649  6649 D MonkeyStub: translateCommand: touch move 432 1063
10-31 16:15:18.084  6649  6649 D MonkeyStub: translateCommand: touch move 432 921
10-31 16:15:18.194  6649  6649 D MonkeyStub: translateCommand: touch move 432 779
10-31 16:15:18.325  6649  6649 D MonkeyStub: translateCommand: touch move 432 638
10-31 16:15:18.436  6649  6649 D MonkeyStub: translateCommand: touch move 432 496
10-31 16:15:18.556  6649  6649 D MonkeyStub: translateCommand: touch move 432 354
10-31 16:15:18.563  6649  6649 D MonkeyStub: translateCommand: touch up 432 354
10-31 16:15:22.641  6649  6649 D MonkeyStub: translateCommand: tap 405 550
10-31 16:15:30.681  6649  6649 D MonkeyStub: translateCommand: touch down 432 1772
10-31 16:15:30.692  6649  6649 D MonkeyStub: translateCommand: touch move 432 1772
10-31 16:15:30.819  6649  6649 D MonkeyStub: translateCommand: touch move 432 1630
10-31 16:15:30.925  6649  6649 D MonkeyStub: translateCommand: touch move 432 1488
10-31 16:15:31.034  6649  6649 D MonkeyStub: translateCommand: touch move 432 1347
10-31 16:15:31.150  6649  6649 D MonkeyStub: translateCommand: touch move 432 1205
10-31 16:15:31.259  6649  6649 D MonkeyStub: translateCommand: touch move 432 1063
10-31 16:15:31.372  6649  6649 D MonkeyStub: translateCommand: touch move 432 921
10-31 16:15:31.480  6649  6649 D MonkeyStub: translateCommand: touch move 432 779
10-31 16:15:31.603  6649  6649 D MonkeyStub: translateCommand: touch move 432 638
10-31 16:15:31.711  6649  6649 D MonkeyStub: translateCommand: touch move 432 496
10-31 16:15:31.823  6649  6649 D MonkeyStub: translateCommand: touch move 432 354
10-31 16:15:31.828  6649  6649 D MonkeyStub: translateCommand: touch up 432 354
10-31 16:15:31.848  6649  6649 D MonkeyStub: translateCommand: touch down 432 1772
10-31 16:15:31.866  6649  6649 D MonkeyStub: translateCommand: touch move 432 1772
10-31 16:15:31.974  6649  6649 D MonkeyStub: translateCommand: touch move 432 1630
10-31 16:15:32.090  6649  6649 D MonkeyStub: translateCommand: touch move 432 1488
10-31 16:15:32.205  6649  6649 D MonkeyStub: translateCommand: touch move 432 1347
10-31 16:15:32.315  6649  6649 D MonkeyStub: translateCommand: touch move 432 1205
10-31 16:15:32.425  6649  6649 D MonkeyStub: translateCommand: touch move 432 1063
10-31 16:15:32.533  6649  6649 D MonkeyStub: translateCommand: touch move 432 921
10-31 16:15:32.644  6649  6649 D MonkeyStub: translateCommand: touch move 432 779
10-31 16:15:32.752  6649  6649 D MonkeyStub: translateCommand: touch move 432 638
10-31 16:15:32.862  6649  6649 D MonkeyStub: translateCommand: touch move 432 496
10-31 16:15:32.972  6649  6649 D MonkeyStub: translateCommand: touch move 432 354
10-31 16:15:32.989  6649  6649 D MonkeyStub: translateCommand: touch up 432 354
10-31 16:15:40.496   198   198 E SELinux : avc:  denied  { find } for service=netd pid=6697 uid=2000 scontext=u:r:shell:s0 tcontext=u:object_r:netd_service:s0 tclass=service_manager permissive=0
10-31 16:15:40.500   198   198 E SELinux : avc:  denied  { find } for service=android.service.gatekeeper.IGateKeeperService pid=6697 uid=2000 scontext=u:r:shell:s0 tcontext=u:object_r:gatekeeper_service:s0 tclass=service_manager permissive=0
10-31 16:15:41.072  6649  6649 D MonkeyStub: translateCommand: touch down 432 1772
10-31 16:15:41.082  6649  6649 D MonkeyStub: translateCommand: touch move 432 1772
10-31 16:15:41.198  6649  6649 D MonkeyStub: translateCommand: touch move 432 1630
10-31 16:15:41.312  6649  6649 D MonkeyStub: translateCommand: touch move 432 1488
10-31 16:15:41.426  6649  6649 D MonkeyStub: translateCommand: touch move 432 1347
10-31 16:15:41.533  6649  6649 D MonkeyStub: translateCommand: touch move 432 1205
10-31 16:15:41.641  6649  6649 D MonkeyStub: translateCommand: touch move 432 1063
10-31 16:15:41.749  6649  6649 D MonkeyStub: translateCommand: touch move 432 921
10-31 16:15:41.857  6649  6649 D MonkeyStub: translateCommand: touch move 432 779
10-31 16:15:41.965  6649  6649 D MonkeyStub: translateCommand: touch move 432 638
10-31 16:15:42.075  6649  6649 D MonkeyStub: translateCommand: touch move 432 496
10-31 16:15:42.178  6649  6649 D MonkeyStub: translateCommand: touch move 432 354
10-31 16:15:42.182  6649  6649 D MonkeyStub: translateCommand: touch up 432 354
10-31 16:15:42.207  6649  6649 D MonkeyStub: translateCommand: touch down 432 1772
10-31 16:15:42.213  6649  6649 D MonkeyStub: translateCommand: touch move 432 1772
10-31 16:15:42.324  6649  6649 D MonkeyStub: translateCommand: touch move 432 1630
10-31 16:15:42.434  6649  6649 D MonkeyStub: translateCommand: touch move 432 1488
10-31 16:15:42.542  6649  6649 D MonkeyStub: translateCommand: touch move 432 1347
10-31 16:15:42.657  6649  6649 D MonkeyStub: translateCommand: touch move 432 1205
10-31 16:15:42.765  6649  6649 D MonkeyStub: translateCommand: touch move 432 1063
10-31 16:15:42.874  6649  6649 D MonkeyStub: translateCommand: touch move 432 921
10-31 16:15:42.985  6649  6649 D MonkeyStub: translateCommand: touch move 432 779
10-31 16:15:43.093  6649  6649 D MonkeyStub: translateCommand: touch move 432 638
10-31 16:15:43.198  6649  6649 D MonkeyStub: translateCommand: touch move 432 496
10-31 16:15:43.308  6649  6649 D MonkeyStub: translateCommand: touch move 432 354
10-31 16:15:43.313  6649  6649 D MonkeyStub: translateCommand: touch up 432 354
10-31 16:15:48.445  6649  6649 D MonkeyStub: translateCommand: touch down 432 1772
10-31 16:15:48.460  6649  6649 D MonkeyStub: translateCommand: touch move 432 1772
10-31 16:15:48.571  6649  6649 D MonkeyStub: translateCommand: touch move 432 1630
10-31 16:15:48.682  6649  6649 D MonkeyStub: translateCommand: touch move 432 1488
10-31 16:15:48.795  6649  6649 D MonkeyStub: translateCommand: touch move 432 1347
10-31 16:15:48.903  6649  6649 D MonkeyStub: translateCommand: touch move 432 1205
10-31 16:15:49.014  6649  6649 D MonkeyStub: translateCommand: touch move 432 1063
10-31 16:15:49.121  6649  6649 D MonkeyStub: translateCommand: touch move 432 921
10-31 16:15:49.231  6649  6649 D MonkeyStub: translateCommand: touch move 432 779
10-31 16:15:49.340  6649  6649 D MonkeyStub: translateCommand: touch move 432 638
10-31 16:15:49.452  6649  6649 D MonkeyStub: translateCommand: touch move 432 496
10-31 16:15:49.561  6649  6649 D MonkeyStub: translateCommand: touch move 432 354
10-31 16:15:49.578  6649  6649 D MonkeyStub: translateCommand: touch up 432 354
10-31 16:15:49.585  6649  6649 D MonkeyStub: Quit requested
10-31 16:15:49.606  6649  6649 I art     : System.exit called, status: 106
10-31 16:15:49.606  6649  6649 I AndroidRuntime: VM exiting with result code 106.
10-31 16:15:49.611   600   614 I CwMcuSensor: CwMcuSensor::flush: fd = 263, sensors_id = 0, path = /sys/class/htc_sensorhub/sensor_hub/flush, err = 0
10-31 16:15:49.636   600  3509 W WindowManager: Attempted to remove non-existing token: android.os.Binder@52af63a
10-31 16:15:59.354   600   647 I WifiHAL : Got channel list with 13 channels
10-31 16:15:59.355   600   647 I WifiHAL : Got channel list with 4 channels
10-31 16:15:59.357   600   647 I WifiHAL : Got channel list with 15 channels
10-31 16:16:05.615  6715  6715 D AndroidRuntime: >>>>>> START com.android.internal.os.RuntimeInit uid 2000 <<<<<<
10-31 16:16:05.618  6715  6715 D AndroidRuntime: CheckJNI is OFF
10-31 16:16:05.683  6715  6715 D ICU     : No timezone override file found: /data/misc/zoneinfo/current/icu/icu_tzdata.dat
10-31 16:16:05.711  6715  6715 I Radio-JNI: register_android_hardware_Radio DONE
10-31 16:16:05.725  6715  6715 D AndroidRuntime: Calling main entry com.android.commands.am.Am
10-31 16:16:05.741   600 13631 I ActivityManager: Force stopping com.opera.browser appid=10122 user=0: from pid 6715
10-31 16:16:05.741   600 13631 I ActivityManager: Killing 6300:com.opera.browser:privileged_process0/u0a122 (adj 0): stop com.opera.browser
10-31 16:16:05.742   600 13631 D ActivityManager: cleanUpApplicationRecord -- 6300
10-31 16:16:05.742   600 13631 W ActivityManager: Scheduling restart of crashed service com.opera.browser/com.opera.android.browser.chromium.services.PrivilegedProcessService0 in 1000ms
10-31 16:16:05.742   600 13631 I ActivityManager: Killing 6159:com.opera.browser/u0a122 (adj 0): stop com.opera.browser
10-31 16:16:05.743   600 13631 D ActivityManager: cleanUpApplicationRecord -- 6159
10-31 16:16:05.745   600 13631 W ActivityManager: Force removing ActivityRecord{e1fcec8 u0 com.opera.browser/com.opera.android.BrowserActivity t2409}: app died, no saved state
10-31 16:16:05.760  6576  6576 I art     : System.exit called, status: 0
10-31 16:16:05.760  6576  6576 I AndroidRuntime: VM exiting with result code 0, cleanup skipped.
10-31 16:16:05.776   600 13631 I ActivityManager: Killing 6576:com.opera.browser:sandboxed_process0/u0a122 (adj 0): stop com.opera.browser
10-31 16:16:05.776   600 13631 D ActivityManager: cleanUpApplicationRecord -- 6576
10-31 16:16:05.779  6715  6715 D AndroidRuntime: Shutting down VM
10-31 16:16:05.799 18269 18304 I OpenGLRenderer: Initialized EGL, version 1.4
10-31 16:16:05.799 18269 18304 D OpenGLRenderer: Swap behavior 2
10-31 16:16:05.844  1061  1061 D RegisteredNfcFServicesCache: Service unchanged, not updating
10-31 16:16:05.883 18311 19172 I AttachedClient: Adding client event 2 to pending list.
10-31 16:16:05.895 18311 18311 I OptInState: There is a new client and it does not support opt-in. Dropping request.
10-31 16:16:05.898 18311 18311 I MicroDetectionWorker: Micro detection mode: [mDetectionMode: [1]].
10-31 16:16:05.904 18311  6729 I MicroRecognitionRunner: Starting detection.
10-31 16:16:05.910 18311 18337 I MicrophoneInputStream: mic_starting com.google.android.apps.gsa.speech.audio.ae@c89e32e
10-31 16:16:05.913   238  6732 I AudioFlinger: AudioFlinger's thread 0xef692a00 ready to run
10-31 16:16:05.925   238   285 I SoundTriggerHwService::Module: void android::SoundTriggerHwService::Module::onCallbackEvent(const sp<android::SoundTriggerHwService::CallbackEvent> &) mClient == 0
10-31 16:16:05.929 18311 18337 I MicrophoneInputStream: mic_started com.google.android.apps.gsa.speech.audio.ae@c89e32e
10-31 16:16:06.015   600  2707 D ConnectivityService: ConnectivityService NetworkRequestInfo binderDied(NetworkRequest [ LISTEN id=2033, [ Capabilities: INTERNET&NOT_RESTRICTED&TRUSTED&FOREGROUND] ], android.os.BinderProxy@cd03566)
10-31 16:16:06.016   600  2707 D GraphicsStats: Buffer count: 2
10-31 16:16:06.016   600  3509 D ConnectivityService: ConnectivityService NetworkRequestInfo binderDied(NetworkRequest [ LISTEN id=2032, [ Capabilities: INTERNET&NOT_RESTRICTED&TRUSTED&FOREGROUND] ], android.os.BinderProxy@7d000a7)
10-31 16:16:06.017   600   649 E ConnectivityService: RemoteException caught trying to send a callback msg for NetworkRequest [ LISTEN id=2033, [ Capabilities: INTERNET&NOT_RESTRICTED&TRUSTED&FOREGROUND] ]
10-31 16:16:06.017   600   649 E ConnectivityService: RemoteException caught trying to send a callback msg for NetworkRequest [ LISTEN id=2032, [ Capabilities: INTERNET&NOT_RESTRICTED&TRUSTED&FOREGROUND] ]
10-31 16:16:06.109 18311 18311 I MicroDetectionWorker: onReady
10-31 16:16:06.289  6734  6734 D AndroidRuntime: >>>>>> START com.android.internal.os.RuntimeInit uid 2000 <<<<<<
10-31 16:16:06.293  6734  6734 D AndroidRuntime: CheckJNI is OFF
10-31 16:16:06.340 18269 18304 W OpenGLRenderer: Incorrectly called buildLayer on View: ShortcutAndWidgetContainer, destroying layer...
10-31 16:16:06.364  6734  6734 D ICU     : No timezone override file found: /data/misc/zoneinfo/current/icu/icu_tzdata.dat
10-31 16:16:06.394  6734  6734 I Radio-JNI: register_android_hardware_Radio DONE
10-31 16:16:06.410  6734  6734 D AndroidRuntime: Calling main entry com.android.commands.pm.Pm
10-31 16:16:06.423   600  3509 I ActivityManager: Force stopping com.opera.browser appid=10122 user=0: clear data
10-31 16:16:06.424   600   613 I ActivityManager: Force stopping com.opera.browser appid=10122 user=-1: clearApplicationUserData
10-31 16:16:06.458   787   787 I GeofencerStateMachine: removeGeofences: removeRequest=RemoveGeofencingRequest[REMOVE_ALL packageName=com.opera.browser]
