--------- beginning of main
11-02 10:58:13.188 29636 29636 D AndroidRuntime: >>>>>> START com.android.internal.os.RuntimeInit uid 2000 <<<<<<
11-02 10:58:13.192 29636 29636 D AndroidRuntime: CheckJNI is OFF
11-02 10:58:13.259 29636 29636 D ICU     : No timezone override file found: /data/misc/zoneinfo/current/icu/icu_tzdata.dat
11-02 10:58:13.287 29636 29636 I Radio-JNI: register_android_hardware_Radio DONE
11-02 10:58:13.302 29636 29636 D AndroidRuntime: Calling main entry com.android.commands.am.Am
--------- beginning of system
11-02 10:58:13.319   601   832 I ActivityManager: Force stopping com.opera.browser appid=10122 user=0: from pid 29636
11-02 10:58:13.329  1052  1052 D RegisteredNfcFServicesCache: Service unchanged, not updating
11-02 10:58:13.579   601   819 I ActivityManager: START u0 {act=android.intent.action.VIEW flg=0x10008000 cmp=com.opera.browser/com.opera.Opera} from uid 2000 on display 0
11-02 10:58:13.597 29636 29636 D AndroidRuntime: Shutting down VM
11-02 10:58:13.660   601 17045 I ActivityManager: Start proc 29647:com.opera.browser/u0a122 for activity com.opera.browser/com.opera.Opera
11-02 10:58:13.744 29647 29647 I art     : Starting a blocking GC AddRemoveAppImageSpace
11-02 10:58:13.789 29647 29647 I LoadedApk: No resource references to update in package com.opera.browser.nord_vpn
11-02 10:58:13.913 29647 29647 I art     : Rejecting re-init on previously-failed class java.lang.Class<com.opera.android.job.a$j>: java.lang.NoClassDefFoundError: Failed resolution of: Landroid/app/job/JobServiceEngine;
11-02 10:58:13.913 29647 29647 I art     :   at void com.opera.android.OperaApplication.onCreate() (SourceFile:52)
11-02 10:58:13.913 29647 29647 I art     :   at void android.app.Instrumentation.callApplicationOnCreate(android.app.Application) (Instrumentation.java:1024)
11-02 10:58:13.913 29647 29647 I art     :   at void android.app.ActivityThread.handleBindApplication(android.app.ActivityThread$AppBindData) (ActivityThread.java:5403)
11-02 10:58:13.913 29647 29647 I art     :   at void android.app.ActivityThread.-wrap2(android.app.ActivityThread, android.app.ActivityThread$AppBindData) (ActivityThread.java:-1)
11-02 10:58:13.913 29647 29647 I art     :   at void android.app.ActivityThread$H.handleMessage(android.os.Message) (ActivityThread.java:1545)
11-02 10:58:13.913 29647 29647 I art     :   at void android.os.Handler.dispatchMessage(android.os.Message) (Handler.java:102)
11-02 10:58:13.913 29647 29647 I art     :   at void android.os.Looper.loop() (Looper.java:154)
11-02 10:58:13.913 29647 29647 I art     :   at void android.app.ActivityThread.main(java.lang.String[]) (ActivityThread.java:6119)
11-02 10:58:13.913 29647 29647 I art     :   at java.lang.Object java.lang.reflect.Method.invoke!(java.lang.Object, java.lang.Object[]) (Method.java:-2)
11-02 10:58:13.913 29647 29647 I art     :   at void com.android.internal.os.ZygoteInit$MethodAndArgsCaller.run() (ZygoteInit.java:886)
11-02 10:58:13.913 29647 29647 I art     :   at void com.android.internal.os.ZygoteInit.main(java.lang.String[]) (ZygoteInit.java:776)
11-02 10:58:13.913 29647 29647 I art     : Caused by: java.lang.ClassNotFoundException: Didn't find class "android.app.job.JobServiceEngine" on path: DexPathList[[zip file "/data/app/com.opera.browser-1/base.apk"],nativeLibraryDirectories=[/data/app/com.opera.browser-1/lib/arm, /data/app/com.opera.browser-1/base.apk!/lib/armeabi-v7a, /system/lib, /vendor/lib]]
11-02 10:58:13.913 29647 29647 I art     :   at java.lang.Class dalvik.system.BaseDexClassLoader.findClass(java.lang.String) (BaseDexClassLoader.java:56)
11-02 10:58:13.913 29647 29647 I art     :   at java.lang.Class java.lang.ClassLoader.loadClass(java.lang.String, boolean) (ClassLoader.java:380)
11-02 10:58:13.913 29647 29647 I art     :   at java.lang.Class java.lang.ClassLoader.loadClass(java.lang.String) (ClassLoader.java:312)
11-02 10:58:13.913 29647 29647 I art     :   at void com.opera.android.OperaApplication.onCreate() (SourceFile:52)
11-02 10:58:13.913 29647 29647 I art     :   at void android.app.Instrumentation.callApplicationOnCreate(android.app.Application) (Instrumentation.java:1024)
11-02 10:58:13.913 29647 29647 I art     :   at void android.app.ActivityThread.handleBindApplication(android.app.ActivityThread$AppBindData) (ActivityThread.java:5403)
11-02 10:58:13.913 29647 29647 I art     :   at void android.app.ActivityThread.-wrap2(android.app.ActivityThread, android.app.ActivityThread$AppBindData) (ActivityThread.java:-1)
11-02 10:58:13.913 29647 29647 I art     :   at void android.app.ActivityThread$H.handleMessage(android.os.Message) (ActivityThread.java:1545)
11-02 10:58:13.913 29647 29647 I art     :   at void android.os.Handler.dispatchMessage(android.os.Message) (Handler.java:102)
11-02 10:58:13.913 29647 29647 I art     :   at void android.os.Looper.loop() (Looper.java:154)
11-02 10:58:13.913 29647 29647 I art     :   at void android.app.ActivityThread.main(java.lang.String[]) (ActivityThread.java:6119)
11-02 10:58:13.913 29647 29647 I art     :   at java.lang.Object java.lang.reflect.Method.invoke!(java.lang.Object, java.lang.Object[]) (Method.java:-2)
11-02 10:58:13.913 29647 29647 I art     :   at void com.android.internal.os.ZygoteInit$MethodAndArgsCaller.run() (ZygoteInit.java:886)
11-02 10:58:13.913 29647 29647 I art     :   at void com.android.internal.os.ZygoteInit.main(java.lang.String[]) (ZygoteInit.java:776)
11-02 10:58:13.913 29647 29647 I art     : 
11-02 10:58:13.941 29647 29681 D NetworkSecurityConfig: Using Network Security Config from resource network_security_config_official_build debugBuild: false
11-02 10:58:13.983 29647 29657 I art     : Background partial concurrent mark sweep GC freed 7679(476KB) AllocSpace objects, 6(120KB) LOS objects, 39% free, 3MB/6MB, paused 6.790ms total 90.899ms
11-02 10:58:14.202   601 10729 I ActivityManager: START u0 {act=android.intent.action.VIEW flg=0x10008000 cmp=com.opera.browser/com.opera.android.startup.WelcomeActivity} from uid 10122 on display 0
11-02 10:58:14.220   601  9643 W ActivityManager: Duplicate finish request for ActivityRecord{5e55519 u0 com.opera.browser/com.opera.Opera t1265 f}
11-02 10:58:14.226 29647 29657 I art     : Background sticky concurrent mark sweep GC freed 23867(1705KB) AllocSpace objects, 6(200KB) LOS objects, 19% free, 5MB/6MB, paused 8.750ms total 81.324ms
11-02 10:58:14.419 29647 29657 I art     : Background sticky concurrent mark sweep GC freed 13755(1708KB) AllocSpace objects, 13(256KB) LOS objects, 22% free, 4MB/6MB, paused 4.553ms total 113.430ms
11-02 10:58:14.515   601   610 I art     : Background partial concurrent mark sweep GC freed 14611(633KB) AllocSpace objects, 1(20KB) LOS objects, 33% free, 14MB/22MB, paused 642us total 219.259ms
11-02 10:58:14.590 29647 29657 I art     : Background sticky concurrent mark sweep GC freed 24831(1993KB) AllocSpace objects, 2(40KB) LOS objects, 11% free, 5MB/6MB, paused 9.065ms total 93.920ms
11-02 10:58:14.664   785   795 W SQLiteConnectionPool: A SQLiteConnection object for database '/data/user/0/com.google.android.gms/databases/metadata.db' was leaked!  Please fix your application to end transactions in progress properly and to close the database when it is no longer needed.
11-02 10:58:14.668   785  1162 W GmsStrictMode: LEAKED_CLOSABLE [CONTEXT service_id=256 ]
11-02 10:58:14.668   785  1162 W GmsStrictMode: rvo: LEAKED_CLOSABLE
11-02 10:58:14.668   785  1162 W GmsStrictMode: 	at dalvik.system.VMStack.getThreadStackTrace(Native Method)
11-02 10:58:14.668   785  1162 W GmsStrictMode: 	at java.lang.Thread.getStackTrace(Thread.java:1566)
11-02 10:58:14.668   785  1162 W GmsStrictMode: 	at bhdb.containsKey(:com.google.android.gms@203915020@20.39.15 (040406-335085812):1)
11-02 10:58:14.668   785  1162 W GmsStrictMode: 	at android.os.StrictMode.onVmPolicyViolation(StrictMode.java:1867)
11-02 10:58:14.668   785  1162 W GmsStrictMode: 	at android.os.StrictMode.onVmPolicyViolation(StrictMode.java:1844)
11-02 10:58:14.668   785  1162 W GmsStrictMode: 	at android.os.StrictMode$AndroidCloseGuardReporter.report(StrictMode.java:1590)
11-02 10:58:14.668   785  1162 W GmsStrictMode: 	at dalvik.system.CloseGuard.warnIfOpen(CloseGuard.java:208)
11-02 10:58:14.668   785  1162 W GmsStrictMode: 	at android.database.sqlite.SQLiteConnection.dispose(SQLiteConnection.java:231)
11-02 10:58:14.668   785  1162 W GmsStrictMode: 	at android.database.sqlite.SQLiteConnection.finalize(SQLiteConnection.java:180)
11-02 10:58:14.668   785  1162 W GmsStrictMode: 	at java.lang.Daemons$FinalizerDaemon.doFinalize(Daemons.java:222)
11-02 10:58:14.668   785  1162 W GmsStrictMode: 	at java.lang.Daemons$FinalizerDaemon.run(Daemons.java:209)
11-02 10:58:14.668   785  1162 W GmsStrictMode: 	at java.lang.Thread.run(Thread.java:761)
11-02 10:58:14.685 29647 29701 I FA      : App measurement initialized, version: 43042
11-02 10:58:14.685 29647 29701 I FA      : To enable debug logging run: adb shell setprop log.tag.FA VERBOSE
11-02 10:58:14.685 29647 29701 I FA      : To enable faster debug mode event logging run:
11-02 10:58:14.685 29647 29701 I FA      :   adb shell setprop debug.firebase.analytics.app com.opera.browser
11-02 10:58:14.720 29647 29759 I OpenGLRenderer: Initialized EGL, version 1.4
11-02 10:58:14.720 29647 29759 D OpenGLRenderer: Swap behavior 2
11-02 10:58:14.914   601   621 I ActivityManager: Displayed com.opera.browser/com.opera.android.startup.WelcomeActivity: +666ms (total +1s318ms)
11-02 10:58:14.981 29647 29701 I FA      : Tag Manager is not found and thus will not be used
11-02 10:58:15.037   601   621 W WindowManager: Failed looking up window
11-02 10:58:15.037   601   621 W WindowManager: java.lang.IllegalArgumentException: Requested window android.view.ViewRootImpl$W@d6676b6 does not exist
11-02 10:58:15.037   601   621 W WindowManager: 	at com.android.server.wm.WindowManagerService.windowForClientLocked(WindowManagerService.java:9422)
11-02 10:58:15.037   601   621 W WindowManager: 	at com.android.server.wm.WindowManagerService.windowForClientLocked(WindowManagerService.java:9413)
11-02 10:58:15.037   601   621 W WindowManager: 	at com.android.server.wm.WindowManagerService.removeWindow(WindowManagerService.java:2393)
11-02 10:58:15.037   601   621 W WindowManager: 	at com.android.server.wm.Session.remove(Session.java:202)
11-02 10:58:15.037   601   621 W WindowManager: 	at android.view.ViewRootImpl.dispatchDetachedFromWindow(ViewRootImpl.java:3290)
11-02 10:58:15.037   601   621 W WindowManager: 	at android.view.ViewRootImpl.doDie(ViewRootImpl.java:5917)
11-02 10:58:15.037   601   621 W WindowManager: 	at android.view.ViewRootImpl$ViewRootHandler.handleMessage(ViewRootImpl.java:3626)
11-02 10:58:15.037   601   621 W WindowManager: 	at android.os.Handler.dispatchMessage(Handler.java:102)
11-02 10:58:15.037   601   621 W WindowManager: 	at android.os.Looper.loop(Looper.java:154)
11-02 10:58:15.037   601   621 W WindowManager: 	at android.os.HandlerThread.run(HandlerThread.java:61)
11-02 10:58:15.037   601   621 W WindowManager: 	at com.android.server.ServiceThread.run(ServiceThread.java:46)
11-02 10:58:15.100   601  9663 I ActivityManager: Start proc 29784:com.opera.browser:privileged_process0/u0a122 for service com.opera.browser/com.opera.android.browser.chromium.services.PrivilegedProcessService0
11-02 10:58:15.110 29647 29773 W chromium: [WARNING:op_site_scripts.cc(424)] Failed to map /data/user/0/com.opera.browser/app_opera/sjs
11-02 10:58:15.184 29647 29657 I art     : Background sticky concurrent mark sweep GC freed 1293(87KB) AllocSpace objects, 1(20KB) LOS objects, 4% free, 6MB/6MB, paused 5.449ms total 29.758ms
11-02 10:58:15.230 29784 29784 I art     : Starting a blocking GC AddRemoveAppImageSpace
11-02 10:58:15.252 29784 29784 I LoadedApk: No resource references to update in package com.opera.browser.nord_vpn
11-02 10:58:15.330 29647 29657 W art     : Suspending all threads took: 9.143ms
11-02 10:58:15.378 29647 29657 I art     : Background partial concurrent mark sweep GC freed 10765(896KB) AllocSpace objects, 15(360KB) LOS objects, 39% free, 5MB/9MB, paused 15.024ms total 161.971ms
11-02 10:58:15.427 29784 29814 E libEGL  : validate_display:99 error 3008 (EGL_BAD_DISPLAY)
11-02 10:58:15.427 26552 30767 W SearchService: Abort, client detached.
11-02 10:58:15.427 26552 26552 I MemoryTrimmer: Trimming objects from memory, since app is in the background.
11-02 10:58:15.477  1065  1065 I MemoryTrimmer: Trimming objects from memory, since app is in the background.
11-02 10:58:15.545 26552 29537 I DeviceStateChecker: DeviceStateChecker cancelled
11-02 10:58:15.614 29784 29814 E libEGL  : validate_display:99 error 3008 (EGL_BAD_DISPLAY)
11-02 10:58:15.623 26552 26552 I MicroDetector: Keeping mic open: false
11-02 10:58:15.629 26552 26609 I AudioController: internalShutdown
11-02 10:58:15.629 26552 26609 I MicrophoneInputStream: mic_close com.google.android.apps.gsa.speech.audio.ae@72f5b0f
11-02 10:58:15.630 26552 27106 I MicroRecognitionRunner: Stopping hotword detection.
11-02 10:58:15.657   237   285 I SoundTriggerHwService::Module: void android::SoundTriggerHwService::Module::onCallbackEvent(const sp<android::SoundTriggerHwService::CallbackEvent> &) mClient == 0
11-02 10:58:15.662 26552 29536 I MicroRecognitionRunner: Detection finished
11-02 10:58:15.681 26552 26552 I MemoryTrimmer: Trimming objects from memory, since app is in the background.
11-02 10:58:15.789   785 11878 W NetworkScheduler: Error inserting service_kind=0 source=16 tag=Measurement.PackageMeasurementTaskService.UPLOAD_TASK_TAG target_package=com.google.android.gms requires_charging=0 source_version=203915000 required_network_type=0 flex_time=1488000 persistence_level=1 target_class=com.google.android.gms.measurement.PackageMeasurementTaskService runtime=1667383095770 retry_strategy={"maximum_backoff_seconds":{"3600":0},"initial_backoff_seconds":{"30":0},"retry_policy":{"0":0}} preferred_network_type=1 required_idleness_state=0 preferred_charging_state=1 period=2977000 last_runtime=0 task_type=0 job_id=-1 user_id=0, error message: UNIQUE constraint failed: pending_ops.tag, pending_ops.target_class, pending_ops.target_package, pending_ops.user_id (code 2067) [CONTEXT service_id=218 ]
11-02 10:58:15.831   785 29833 W NetworkScheduler: Error inserting service_kind=0 source=16 tag=Measurement.PackageMeasurementTaskService.UPLOAD_TASK_TAG target_package=com.google.android.gms requires_charging=0 source_version=203915000 required_network_type=0 flex_time=1488000 persistence_level=1 target_class=com.google.android.gms.measurement.PackageMeasurementTaskService runtime=1667383095829 retry_strategy={"maximum_backoff_seconds":{"3600":0},"initial_backoff_seconds":{"30":0},"retry_policy":{"0":0}} preferred_network_type=1 required_idleness_state=0 preferred_charging_state=1 period=2977000 last_runtime=0 task_type=0 job_id=-1 user_id=0, error message: UNIQUE constraint failed: pending_ops.tag, pending_ops.target_class, pending_ops.target_package, pending_ops.user_id (code 2067) [CONTEXT service_id=218 ]
11-02 10:58:15.855   785 29391 W NetworkScheduler: Error inserting service_kind=0 source=16 tag=Measurement.PackageMeasurementTaskService.UPLOAD_TASK_TAG target_package=com.google.android.gms requires_charging=0 source_version=203915000 required_network_type=0 flex_time=1488000 persistence_level=1 target_class=com.google.android.gms.measurement.PackageMeasurementTaskService runtime=1667383095851 retry_strategy={"maximum_backoff_seconds":{"3600":0},"initial_backoff_seconds":{"30":0},"retry_policy":{"0":0}} preferred_network_type=1 required_idleness_state=0 preferred_charging_state=1 period=2977000 last_runtime=0 task_type=0 job_id=-1 user_id=0, error message: UNIQUE constraint failed: pending_ops.tag, pending_ops.target_class, pending_ops.target_package, pending_ops.user_id (code 2067) [CONTEXT service_id=218 ]
11-02 10:58:19.536 29647 29647 I PlayCore: UID: [10122]  PID: [29647] AppUpdateListenerRegistry : registerListener
11-02 10:58:19.537 29647 29647 I PlayCore: UID: [10122]  PID: [29647] AppUpdateService : requestUpdateInfo(com.opera.browser)
11-02 10:58:19.540 29647 29863 I PlayCore: UID: [10122]  PID: [29647] AppUpdateService : Initiate binding to the service.
11-02 10:58:19.541   601 15862 W ActivityManager: Unable to start service Intent { act=com.google.android.play.core.install.BIND_UPDATE_SERVICE pkg=com.android.vending } U=0: not found
11-02 10:58:19.541 29647 29863 I PlayCore: UID: [10122]  PID: [29647] AppUpdateService : Failed to bind to the service.
11-02 10:58:19.607 29647 29865 D ApplicationLoaders: ignored Vulkan layer search path /data/app/com.google.android.gms-1/lib/arm:/data/app/com.google.android.gms-1/base.apk!/lib/armeabi-v7a:/data/app/com.google.android.gms-1/split_config.en.apk!/lib/armeabi-v7a for namespace 0xf387a090
11-02 10:58:19.610 29647 29865 W ResourceType: ResTable_typeSpec entry count inconsistent: given 67, previously 69
11-02 10:58:19.610 29647 29865 W ResourceType: ResTable_typeSpec entry count inconsistent: given 5346, previously 5347
11-02 10:58:20.138   601   613 D SyncManager: failed sync operation JobId: 108392, com.opera.browser u0 (com.opera.browser.ping), com.opera.browser.ping.provider, SERVER, reason: 10122, SyncResult: delayUntil: 1667390300 stats [ numIoExceptions: 1]
11-02 10:58:25.707   785 29391 W CCTFlatFileLogStore: Excessive logging: 256 events, 117788 bytes from log source ANDROID_GSA last 2846s
11-02 10:58:25.732 26552 26552 I MemoryTrimmer: Trimming objects from memory, since app is in the background.
11-02 10:58:26.876 29894 29894 D AndroidRuntime: >>>>>> START com.android.internal.os.RuntimeInit uid 2000 <<<<<<
11-02 10:58:26.880 29894 29894 D AndroidRuntime: CheckJNI is OFF
11-02 10:58:26.950 29894 29894 D ICU     : No timezone override file found: /data/misc/zoneinfo/current/icu/icu_tzdata.dat
11-02 10:58:26.985 29894 29894 I Radio-JNI: register_android_hardware_Radio DONE
11-02 10:58:27.000 29894 29894 D AndroidRuntime: Calling main entry com.android.commands.monkey.Monkey
11-02 10:58:27.076   601   614 W BroadcastQueue: Skipping deliver [background] BroadcastRecord{3870d22 u-1 android.net.conn.CONNECTIVITY_CHANGE} to ReceiverList{cd23b3 29894 (unknown name)/2000/u-1 remote:6a88504}: process crashing
11-02 10:58:28.648 29894 29894 D MonkeyStub: translateCommand: wake
11-02 10:58:28.767 29894 29894 D MonkeyStub: translateCommand: tap 960 1881
11-02 10:58:28.849   601   611 I ActivityManager: START u0 {act=android.intent.action.VIEW flg=0x1000000 cmp=com.opera.browser/com.opera.android.IntentDispatcherActivity} from uid 10122 on display 0
11-02 10:58:28.950   601  9643 I ActivityManager: START u0 {act=android.intent.action.VIEW flg=0x15002000 cmp=com.opera.browser/com.opera.android.BrowserActivity} from uid 10122 on display 0
11-02 10:58:28.962  1065  1161 I OpenGLRenderer: Initialized EGL, version 1.4
11-02 10:58:28.962  1065  1161 D OpenGLRenderer: Swap behavior 2
11-02 10:58:29.187 29647 29657 I art     : Background sticky concurrent mark sweep GC freed 15296(1211KB) AllocSpace objects, 19(380KB) LOS objects, 14% free, 8MB/9MB, paused 8.232ms total 59.073ms
11-02 10:58:29.291 29647 29941 W ResourceType: ResTable_typeSpec entry count inconsistent: given 67, previously 69
11-02 10:58:29.291 29647 29941 W ResourceType: ResTable_typeSpec entry count inconsistent: given 5346, previously 5347
11-02 10:58:29.359 29647 29657 I art     : Background sticky concurrent mark sweep GC freed 19024(1287KB) AllocSpace objects, 22(440KB) LOS objects, 12% free, 8MB/9MB, paused 4.706ms total 128.511ms
11-02 10:58:29.362  1065  1065 I MemoryTrimmer: Trimming objects from memory, since app is in the background.
11-02 10:58:29.456   601   621 I ActivityManager: Displayed com.opera.browser/com.opera.android.BrowserActivity: +459ms (total +567ms)
11-02 10:58:29.467   601 17045 I CwMcuSensor: CwMcuSensor::flush: fd = 238, sensors_id = 0, path = /sys/class/htc_sensorhub/sensor_hub/flush, err = 0
11-02 10:58:29.533 29647 29759 D OpenGLRenderer: endAllActiveAnimators on 0xcc76c780 (RippleDrawable) with handle 0xcd471b60
11-02 10:58:29.545 29647 29657 I art     : Background sticky concurrent mark sweep GC freed 7433(1007KB) AllocSpace objects, 19(380KB) LOS objects, 13% free, 8MB/9MB, paused 6.843ms total 82.819ms
11-02 10:58:29.758 29647 29913 E [Leanplum][ERROR]: No variable values were received from the server. Please contact us to investigate.
11-02 10:58:29.825 29647 29657 I art     : Background sticky concurrent mark sweep GC freed 4104(464KB) AllocSpace objects, 5(100KB) LOS objects, 4% free, 9MB/9MB, paused 6.441ms total 45.826ms
11-02 10:58:29.852 29647 29956 W ResourceType: ResTable_typeSpec entry count inconsistent: given 67, previously 69
11-02 10:58:29.852 29647 29956 W ResourceType: ResTable_typeSpec entry count inconsistent: given 5346, previously 5347
11-02 10:58:30.203 29647 29984 W ResourceType: ResTable_typeSpec entry count inconsistent: given 67, previously 69
11-02 10:58:30.205 29647 29984 W ResourceType: ResTable_typeSpec entry count inconsistent: given 5346, previously 5347
11-02 10:58:30.208 29647 29652 I art     : Do partial code cache collection, code=18KB, data=30KB
11-02 10:58:30.215 29647 29652 I art     : After code cache collection, code=18KB, data=30KB
11-02 10:58:30.216 29647 29652 I art     : Increasing code cache capacity to 128KB
11-02 10:58:30.257 29647 29647 I Choreographer: Skipped 41 frames!  The application may be doing too much work on its main thread.
11-02 10:58:30.461 29647 29647 W View    : requestLayout() improperly called by com.opera.android.custom_views.FadingRecyclerView{166360 VFED.V... ......ID 0,813-1536,813 #7f0a0825 app:id/suggested_dials_grid} during layout: running second layout pass
11-02 10:58:30.531 29647 29657 I art     : Background sticky concurrent mark sweep GC freed 46699(3MB) AllocSpace objects, 34(680KB) LOS objects, 15% free, 11MB/13MB, paused 7.095ms total 135.246ms
11-02 10:58:30.648 23975 23986 I art     : Background sticky concurrent mark sweep GC freed 9778(746KB) AllocSpace objects, 5(100KB) LOS objects, 18% free, 6MB/8MB, paused 318us total 112.159ms
11-02 10:58:30.762 29647 29657 I art     : Background partial concurrent mark sweep GC freed 41626(1935KB) AllocSpace objects, 15(1124KB) LOS objects, 40% free, 12MB/20MB, paused 4.962ms total 228.604ms
11-02 10:58:30.864   785 23731 W NetworkScheduler: Error inserting service_kind=0 source=16 tag=Measurement.PackageMeasurementTaskService.UPLOAD_TASK_TAG target_package=com.google.android.gms requires_charging=0 source_version=203915000 required_network_type=0 flex_time=1473000 persistence_level=1 target_class=com.google.android.gms.measurement.PackageMeasurementTaskService runtime=1667383110859 retry_strategy={"maximum_backoff_seconds":{"3600":0},"initial_backoff_seconds":{"30":0},"retry_policy":{"0":0}} preferred_network_type=1 required_idleness_state=0 preferred_charging_state=1 period=2947000 last_runtime=0 task_type=0 job_id=-1 user_id=0, error message: UNIQUE constraint failed: pending_ops.tag, pending_ops.target_class, pending_ops.target_package, pending_ops.user_id (code 2067) [CONTEXT service_id=218 ]
11-02 10:58:30.975 30008 30008 I dex2oat : /system/bin/dex2oat --dex-file=/data/user/0/com.opera.browser/code_cache/.       --oat-fd=186 --oat-location=/data/user/0/com.opera.browser/code_cache/.     --compiler-filter=speed
11-02 10:58:30.985   785 11878 W NetworkScheduler: Error inserting service_kind=0 source=16 tag=Measurement.PackageMeasurementTaskService.UPLOAD_TASK_TAG target_package=com.google.android.gms requires_charging=0 source_version=203915000 required_network_type=0 flex_time=1472000 persistence_level=1 target_class=com.google.android.gms.measurement.PackageMeasurementTaskService runtime=1667383110981 retry_strategy={"maximum_backoff_seconds":{"3600":0},"initial_backoff_seconds":{"30":0},"retry_policy":{"0":0}} preferred_network_type=1 required_idleness_state=0 preferred_charging_state=1 period=2946000 last_runtime=0 task_type=0 job_id=-1 user_id=0, error message: UNIQUE constraint failed: pending_ops.tag, pending_ops.target_class, pending_ops.target_package, pending_ops.user_id (code 2067) [CONTEXT service_id=218 ]
11-02 10:58:31.412 29647 29647 E Sensors : sendAck failure -1 1
11-02 10:58:31.412 29647 29647 E Sensors : sendAck failure -1 2
11-02 10:58:31.412 29647 29647 E Sensors : sendAck failure -1 3
11-02 10:58:31.412 29647 29647 E Sensors : sendAck failure -1 4
11-02 10:58:31.412 29647 29647 E Sensors : sendAck failure -1 5
11-02 10:58:31.412 29647 29647 E Sensors : sendAck failure -1 6
11-02 10:58:31.412 29647 29647 E Sensors : sendAck failure -1 7
11-02 10:58:31.412 29647 29647 E Sensors : sendAck failure -1 8
11-02 10:58:31.412 29647 29647 E Sensors : sendAck failure -1 9
11-02 10:58:31.412 29647 29647 E Sensors : sendAck failure -1 10
11-02 10:58:31.412 29647 29647 E Sensors : sendAck failure -1 11
11-02 10:58:31.412 29647 29647 E Sensors : sendAck failure -1 12
11-02 10:58:31.412 29647 29647 E Sensors : sendAck failure -1 13
11-02 10:58:31.412 29647 29647 E Sensors : sendAck failure -1 14
11-02 10:58:31.412 29647 29647 E Sensors : sendAck failure -1 15
11-02 10:58:31.412 29647 29647 E Sensors : sendAck failure -1 16
11-02 10:58:31.412 29647 29647 E Sensors : sendAck failure -1 17
11-02 10:58:31.412 29647 29647 E Sensors : sendAck failure -1 18
11-02 10:58:31.413 29647 29647 E Sensors : sendAck failure -1 1
11-02 10:58:31.413 29647 29647 E Sensors : sendAck failure -1 2
11-02 10:58:31.413 29647 29647 E Sensors : sendAck failure -1 3
11-02 10:58:31.413 29647 29647 E Sensors : sendAck failure -1 4
11-02 10:58:31.413 29647 29647 E Sensors : sendAck failure -1 5
11-02 10:58:31.413 29647 29647 E Sensors : sendAck failure -1 6
11-02 10:58:31.413 29647 29647 E Sensors : sendAck failure -1 7
11-02 10:58:31.413 29647 29647 E Sensors : sendAck failure -1 8
11-02 10:58:31.413 29647 29647 E Sensors : sendAck failure -1 9
11-02 10:58:31.413 29647 29647 E Sensors : sendAck failure -1 10
11-02 10:58:31.413 29647 29647 E Sensors : sendAck failure -1 11
11-02 10:58:31.413 29647 29647 E Sensors : sendAck failure -1 1
11-02 10:58:31.413 29647 29647 E Sensors : sendAck failure -1 2
11-02 10:58:31.413 29647 29647 E Sensors : sendAck failure -1 3
11-02 10:58:31.413 29647 29647 E Sensors : sendAck failure -1 4
11-02 10:58:31.413 29647 29647 E Sensors : sendAck failure -1 5
11-02 10:58:31.413 29647 29647 E Sensors : sendAck failure -1 6
11-02 10:58:31.413 29647 29647 E Sensors : sendAck failure -1 7
11-02 10:58:31.413 29647 29647 E Sensors : sendAck failure -1 8
11-02 10:58:31.413 29647 29647 E Sensors : sendAck failure -1 9
11-02 10:58:31.413 29647 29647 E Sensors : sendAck failure -1 10
11-02 10:58:31.414 29647 29647 E Sensors : sendAck failure -1 11
11-02 10:58:31.414 29647 29647 E Sensors : sendAck failure -1 12
11-02 10:58:31.414 29647 29647 E Sensors : sendAck failure -1 13
11-02 10:58:31.414 29647 29647 E Sensors : sendAck failure -1 14
11-02 10:58:31.414 29647 29647 E Sensors : sendAck failure -1 15
11-02 10:58:31.414 29647 29647 E Sensors : sendAck failure -1 16
11-02 10:58:31.414 29647 29647 E Sensors : sendAck failure -1 1
11-02 10:58:31.524 30008 30008 I dex2oat : dex2oat took 556.620ms (threads: 2) arena alloc=432KB (442800B) java alloc=32KB (33064B) native alloc=354KB (362688B) free=1181KB (1210176B)
11-02 10:58:31.601 29647 29652 I art     : Do partial code cache collection, code=33KB, data=58KB
11-02 10:58:31.601 29647 29652 I art     : After code cache collection, code=33KB, data=58KB
11-02 10:58:31.601 29647 29652 I art     : Increasing code cache capacity to 256KB
11-02 10:58:31.717 30017 30017 I dex2oat : /system/bin/dex2oat --dex-file=/data/user/0/com.opera.browser/code_cache/.      --oat-fd=164 --oat-location=/data/user/0/com.opera.browser/code_cache/.    --compiler-filter=speed
11-02 10:58:31.823 29647 29657 I art     : Background sticky concurrent mark sweep GC freed 44592(4MB) AllocSpace objects, 41(1616KB) LOS objects, 32% free, 13MB/20MB, paused 5.419ms total 108.690ms
11-02 10:58:32.202 30017 30017 I dex2oat : dex2oat took 489.895ms (threads: 2) arena alloc=483KB (495448B) java alloc=97KB (100080B) native alloc=523KB (536384B) free=1524KB (1560768B)
11-02 10:58:32.889 29894 29894 D MonkeyStub: translateCommand: tap 57 93
11-02 10:58:35.145 29894 29894 D MonkeyStub: translateCommand: tap 57 93
11-02 10:58:37.188 29894 29894 D MonkeyStub: translateCommand: tap 446 593
11-02 10:58:38.597 29647 29652 I art     : Do full code cache collection, code=86KB, data=125KB
11-02 10:58:38.600 29647 29652 I art     : Starting a blocking GC JitCodeCache
11-02 10:58:38.600 29647 29652 I art     : After code cache collection, code=72KB, data=76KB
11-02 10:58:39.240 29894 29894 D MonkeyStub: translateCommand: tap 667 302
11-02 10:58:39.809 29647 29652 I art     : Do partial code cache collection, code=84KB, data=97KB
11-02 10:58:39.810 29647 29652 I art     : After code cache collection, code=84KB, data=97KB
11-02 10:58:39.810 29647 29652 I art     : Increasing code cache capacity to 512KB
11-02 10:58:42.518 29894 29894 D MonkeyStub: translateCommand: tap 1286 930
11-02 10:58:43.747 29894 29894 D MonkeyStub: translateCommand: tap 62 98
11-02 10:58:43.781 29894 29894 D MonkeyStub: translateCommand: tap 729 89
11-02 10:58:43.802 29894 29894 D MonkeyStub: Quit requested
11-02 10:58:43.816 29894 29894 I art     : System.exit called, status: 16
11-02 10:58:43.816 29894 29894 I AndroidRuntime: VM exiting with result code 16.
11-02 10:58:43.819   601   615 I CwMcuSensor: CwMcuSensor::flush: fd = 217, sensors_id = 0, path = /sys/class/htc_sensorhub/sensor_hub/flush, err = 0
11-02 10:58:43.854   601   611 W WindowManager: Attempted to remove non-existing token: android.os.Binder@7aaed70
11-02 10:58:44.112   601 10729 E BatteryStatsService: power: Missing API
11-02 10:58:44.119   601 10729 E BatteryStatsService: no controller energy info supplied
11-02 10:58:44.119   799   799 E PhoneInterfaceManager: [PhoneIntfMgr] queryModemActivityInfo: Empty response
11-02 10:58:44.129   601 10729 E BatteryStatsService: modem info is invalid: ModemActivityInfo{ mTimestamp=0 mSleepTimeMs=0 mIdleTimeMs=0 mTxTimeMs[]=[0, 0, 0, 0, 0] mRxTimeMs=0 mEnergyUsed=0}
11-02 10:58:44.139   601   614 W ProcessCpuTracker: Skipping unknown process pid 30046
11-02 10:58:44.539 30049 30049 D AndroidRuntime: >>>>>> START com.android.internal.os.RuntimeInit uid 2000 <<<<<<
11-02 10:58:44.543 30049 30049 D AndroidRuntime: CheckJNI is OFF
11-02 10:58:44.609 30049 30049 D ICU     : No timezone override file found: /data/misc/zoneinfo/current/icu/icu_tzdata.dat
11-02 10:58:44.638 30049 30049 I Radio-JNI: register_android_hardware_Radio DONE
11-02 10:58:44.654 30049 30049 D AndroidRuntime: Calling main entry com.android.commands.am.Am
11-02 10:58:44.672   601  9643 I ActivityManager: START u0 {act=android.intent.action.VIEW dat=http://www.britannica.com/... flg=0x10000000 cmp=com.opera.browser/com.opera.Opera} from uid 2000 on display 0
11-02 10:58:44.681 30049 30049 D AndroidRuntime: Shutting down VM
11-02 10:58:44.771 29647 29647 W art     : Before Android 4.1, method double java.util.concurrent.ThreadLocalRandom.internalNextDouble(double, double) would have incorrectly overridden the package-private method in java.util.Random
11-02 10:58:44.771 29647 29647 W art     : Before Android 4.1, method int java.util.concurrent.ThreadLocalRandom.internalNextInt(int, int) would have incorrectly overridden the package-private method in java.util.Random
11-02 10:58:44.771 29647 29647 W art     : Before Android 4.1, method long java.util.concurrent.ThreadLocalRandom.internalNextLong(long, long) would have incorrectly overridden the package-private method in java.util.Random
11-02 10:58:44.808   601   620 D BluetoothManagerService: Message: 20
11-02 10:58:44.808   601   620 D BluetoothManagerService: Added callback: android.bluetooth.IBluetoothManagerCallback$Stub$Proxy@7d5e763:true
11-02 10:58:44.826   601  3564 I ActivityManager: Start proc 30061:com.opera.browser:sandboxed_process0/u0a122 for service com.opera.browser/com.opera.android.browser.chromium.services.SandboxedProcessService0
11-02 10:58:44.897 30061 30061 I art     : Starting a blocking GC AddRemoveAppImageSpace
11-02 10:58:44.915 30061 30061 I LoadedApk: No resource references to update in package com.opera.browser.nord_vpn
11-02 10:58:44.946 29647 30010 W ResourceType: ResTable_typeSpec entry count inconsistent: given 67, previously 69
11-02 10:58:44.946 29647 30010 W ResourceType: ResTable_typeSpec entry count inconsistent: given 5346, previously 5347
11-02 10:58:45.180   785  1271 I FontLog : Received query name=Google Sans&weight=400&besteffort=false, URI content://com.google.android.gms.fonts [CONTEXT service_id=132 ]
11-02 10:58:45.180   785  1271 I FontLog : Query [name=Google Sans&weight=400&besteffort=false] resolved to {Google Sans, wdth 100.0, wght 400, ital 0.0, bestEffort false} [CONTEXT service_id=132 ]
11-02 10:58:45.184   785  1271 I FontLog : Font PFD returned from cache for {Google Sans, wdth 100.0, wght 400, ital 0.0, bestEffort false} [CONTEXT service_id=132 ]
11-02 10:58:45.184   785  1271 I FontLog : Fetch {Google Sans, wdth 100.0, wght 400, ital 0.0, bestEffort false} end status Status{statusCode=SUCCESS, resolution=null} [CONTEXT service_id=132 ]
11-02 10:58:45.187   785  1696 I FontLog : Pulling font file for id = 213, cache size = 6 [CONTEXT service_id=132 ]
11-02 10:58:45.197   785   798 I FontLog : Received query name=Google Sans&weight=500&besteffort=false, URI content://com.google.android.gms.fonts [CONTEXT service_id=132 ]
11-02 10:58:45.197   785   798 I FontLog : Query [name=Google Sans&weight=500&besteffort=false] resolved to {Google Sans, wdth 100.0, wght 500, ital 0.0, bestEffort false} [CONTEXT service_id=132 ]
11-02 10:58:45.199   785   798 I FontLog : Font PFD returned from cache for {Google Sans, wdth 100.0, wght 500, ital 0.0, bestEffort false} [CONTEXT service_id=132 ]
11-02 10:58:45.199   785   798 I FontLog : Fetch {Google Sans, wdth 100.0, wght 500, ital 0.0, bestEffort false} end status Status{statusCode=SUCCESS, resolution=null} [CONTEXT service_id=132 ]
11-02 10:58:45.210   785  1710 I FontLog : Pulling font file for id = 214, cache size = 5 [CONTEXT service_id=132 ]
11-02 10:58:45.238   785  1711 I FontLog : Received query name=Google Sans&weight=700&besteffort=false, URI content://com.google.android.gms.fonts [CONTEXT service_id=132 ]
11-02 10:58:45.239   785  1711 I FontLog : Query [name=Google Sans&weight=700&besteffort=false] resolved to {Google Sans, wdth 100.0, wght 700, ital 0.0, bestEffort false} [CONTEXT service_id=132 ]
11-02 10:58:45.240   785  1711 I FontLog : Fetch {Google Sans, wdth 100.0, wght 700, ital 0.0, bestEffort false} end status Status{statusCode=SUCCESS, resolution=null} [CONTEXT service_id=132 ]
11-02 10:58:45.244   785  1271 I FontLog : Pulling font file for id = 215, cache size = 4 [CONTEXT service_id=132 ]
11-02 10:58:45.249   785  1608 I FontLog : Received query name=Noto Color Emoji Compat&weight=400&besteffort=false, URI content://com.google.android.gms.fonts [CONTEXT service_id=132 ]
11-02 10:58:45.249   785  1608 I FontLog : Query [name=Noto Color Emoji Compat&weight=400&besteffort=false] resolved to {Noto Color Emoji Compat, wdth 100.0, wght 400, ital 0.0, bestEffort false} [CONTEXT service_id=132 ]
11-02 10:58:45.251   785  1608 I FontLog : Fetch {Noto Color Emoji Compat, wdth 100.0, wght 400, ital 0.0, bestEffort false} end status Status{statusCode=SUCCESS, resolution=null} [CONTEXT service_id=132 ]
11-02 10:58:45.258   785   798 I FontLog : Pulling font file for id = 216, cache size = 5 [CONTEXT service_id=132 ]
11-02 10:58:45.330   785 30087 I SQLiteConnectionPool: The connection pool for /data/user/0/com.google.android.gms/databases/metadata.db has been closed but there are still 1 connections in use.  They will be closed as they are released back to the pool.
11-02 10:58:45.338   785 29391 W FontLog : Error updating last accessed time for {Google Sans, wdth 100.0, wght 400, ital 0.0, bestEffort false}. [CONTEXT service_id=132 ]
11-02 10:58:45.338   785 29391 W FontLog : java.lang.IllegalStateException: Cannot perform this operation because the connection pool has been closed.
11-02 10:58:45.338   785 29391 W FontLog : 	at android.database.sqlite.SQLiteConnectionPool.throwIfClosedLocked(SQLiteConnectionPool.java:962)
11-02 10:58:45.338   785 29391 W FontLog : 	at android.database.sqlite.SQLiteConnectionPool.waitForConnection(SQLiteConnectionPool.java:677)
11-02 10:58:45.338   785 29391 W FontLog : 	at android.database.sqlite.SQLiteConnectionPool.acquireConnection(SQLiteConnectionPool.java:348)
11-02 10:58:45.338   785 29391 W FontLog : 	at android.database.sqlite.SQLiteSession.acquireConnection(SQLiteSession.java:894)
11-02 10:58:45.338   785 29391 W FontLog : 	at android.database.sqlite.SQLiteSession.executeForChangedRowCount(SQLiteSession.java:752)
11-02 10:58:45.338   785 29391 W FontLog : 	at android.database.sqlite.SQLiteStatement.executeUpdateDelete(SQLiteStatement.java:64)
11-02 10:58:45.338   785 29391 W FontLog : 	at android.database.sqlite.SQLiteDatabase.executeSql(SQLiteDatabase.java:1679)
11-02 10:58:45.338   785 29391 W FontLog : 	at android.database.sqlite.SQLiteDatabase.execSQL(SQLiteDatabase.java:1658)
11-02 10:58:45.338   785 29391 W FontLog : 	at aafx.run(Unknown Source)
11-02 10:58:45.338   785 29391 W FontLog : 	at sup.b(:com.google.android.gms@203915020@20.39.15 (040406-335085812):12)
11-02 10:58:45.338   785 29391 W FontLog : 	at sup.run(:com.google.android.gms@203915020@20.39.15 (040406-335085812):7)
11-02 10:58:45.338   785 29391 W FontLog : 	at java.util.concurrent.ThreadPoolExecutor.runWorker(ThreadPoolExecutor.java:1133)
11-02 10:58:45.338   785 29391 W FontLog : 	at java.util.concurrent.ThreadPoolExecutor$Worker.run(ThreadPoolExecutor.java:607)
11-02 10:58:45.338   785 29391 W FontLog : 	at tam.run(:com.google.android.gms@203915020@20.39.15 (040406-335085812):0)
11-02 10:58:45.338   785 29391 W FontLog : 	at java.lang.Thread.run(Thread.java:761)
11-02 10:58:45.405   785 29391 W NetworkScheduler: Error inserting service_kind=0 source=16 tag=Measurement.PackageMeasurementTaskService.UPLOAD_TASK_TAG target_package=com.google.android.gms requires_charging=0 source_version=203915000 required_network_type=0 flex_time=1458000 persistence_level=1 target_class=com.google.android.gms.measurement.PackageMeasurementTaskService runtime=1667383125402 retry_strategy={"maximum_backoff_seconds":{"3600":0},"initial_backoff_seconds":{"30":0},"retry_policy":{"0":0}} preferred_network_type=1 required_idleness_state=0 preferred_charging_state=1 period=2918000 last_runtime=0 task_type=0 job_id=-1 user_id=0, error message: UNIQUE constraint failed: pending_ops.tag, pending_ops.target_class, pending_ops.target_package, pending_ops.user_id (code 2067) [CONTEXT service_id=218 ]
11-02 10:58:57.840 30137 30137 D AndroidRuntime: >>>>>> START com.android.internal.os.RuntimeInit uid 2000 <<<<<<
11-02 10:58:57.844 30137 30137 D AndroidRuntime: CheckJNI is OFF
11-02 10:58:57.908 30137 30137 D ICU     : No timezone override file found: /data/misc/zoneinfo/current/icu/icu_tzdata.dat
11-02 10:58:57.940 30137 30137 I Radio-JNI: register_android_hardware_Radio DONE
11-02 10:58:57.955 30137 30137 D AndroidRuntime: Calling main entry com.android.commands.monkey.Monkey
11-02 10:58:58.022   601   614 W BroadcastQueue: Skipping deliver [background] BroadcastRecord{3c6d316 u-1 android.net.conn.CONNECTIVITY_CHANGE} to ReceiverList{8fcc497 30137 (unknown name)/2000/u-1 remote:dde54d8}: process crashing
11-02 10:58:59.400 30137 30137 D MonkeyStub: translateCommand: wake
11-02 10:58:59.560 30137 30137 D MonkeyStub: translateCommand: touch down 432 1772
11-02 10:58:59.582 30137 30137 D MonkeyStub: translateCommand: touch move 432 1772
11-02 10:58:59.696 30137 30137 D MonkeyStub: translateCommand: touch move 432 1630
11-02 10:58:59.810 30137 30137 D MonkeyStub: translateCommand: touch move 432 1488
11-02 10:58:59.918 30137 30137 D MonkeyStub: translateCommand: touch move 432 1347
11-02 10:59:00.027 30137 30137 D MonkeyStub: translateCommand: touch move 432 1205
11-02 10:59:00.135 30137 30137 D MonkeyStub: translateCommand: touch move 432 1063
11-02 10:59:00.241 30137 30137 D MonkeyStub: translateCommand: touch move 432 921
11-02 10:59:00.346 30137 30137 D MonkeyStub: translateCommand: touch move 432 779
11-02 10:59:00.455 30137 30137 D MonkeyStub: translateCommand: touch move 432 638
11-02 10:59:00.613 30137 30137 D MonkeyStub: translateCommand: touch move 432 496
11-02 10:59:00.718 30137 30137 D MonkeyStub: translateCommand: touch move 432 354
11-02 10:59:00.722 30137 30137 D MonkeyStub: translateCommand: touch up 432 354
11-02 10:59:00.762 30137 30137 D MonkeyStub: translateCommand: touch down 432 1772
11-02 10:59:00.773 30137 30137 D MonkeyStub: translateCommand: touch move 432 1772
11-02 10:59:00.897 30137 30137 D MonkeyStub: translateCommand: touch move 432 1630
11-02 10:59:01.009 30137 30137 D MonkeyStub: translateCommand: touch move 432 1488
11-02 10:59:01.121 30137 30137 D MonkeyStub: translateCommand: touch move 432 1347
11-02 10:59:01.242 30137 30137 D MonkeyStub: translateCommand: touch move 432 1205
11-02 10:59:01.351 30137 30137 D MonkeyStub: translateCommand: touch move 432 1063
11-02 10:59:01.457 30137 30137 D MonkeyStub: translateCommand: touch move 432 921
11-02 10:59:01.563 30137 30137 D MonkeyStub: translateCommand: touch move 432 779
11-02 10:59:01.671 30137 30137 D MonkeyStub: translateCommand: touch move 432 638
11-02 10:59:01.780 30137 30137 D MonkeyStub: translateCommand: touch move 432 496
11-02 10:59:01.896 30137 30137 D MonkeyStub: translateCommand: touch move 432 354
11-02 10:59:01.909 30137 30137 D MonkeyStub: translateCommand: touch up 432 354
11-02 10:59:01.953 30137 30137 D MonkeyStub: translateCommand: touch down 432 1772
11-02 10:59:01.960 30137 30137 D MonkeyStub: translateCommand: touch move 432 1772
11-02 10:59:02.073 30137 30137 D MonkeyStub: translateCommand: touch move 432 1630
11-02 10:59:02.183 30137 30137 D MonkeyStub: translateCommand: touch move 432 1488
11-02 10:59:02.292 30137 30137 D MonkeyStub: translateCommand: touch move 432 1347
11-02 10:59:02.397 30137 30137 D MonkeyStub: translateCommand: touch move 432 1205
11-02 10:59:02.505 30137 30137 D MonkeyStub: translateCommand: touch move 432 1063
11-02 10:59:02.643 30137 30137 D MonkeyStub: translateCommand: touch move 432 921
11-02 10:59:02.750 30137 30137 D MonkeyStub: translateCommand: touch move 432 779
11-02 10:59:02.889 30137 30137 D MonkeyStub: translateCommand: touch move 432 638
11-02 10:59:02.994 30137 30137 D MonkeyStub: translateCommand: touch move 432 496
11-02 10:59:03.108 30137 30137 D MonkeyStub: translateCommand: touch move 432 354
11-02 10:59:03.113 30137 30137 D MonkeyStub: translateCommand: touch up 432 354
11-02 10:59:07.300 30137 30137 D MonkeyStub: translateCommand: tap 405 550
11-02 10:59:15.336 30137 30137 D MonkeyStub: translateCommand: touch down 432 1772
11-02 10:59:15.349 30137 30137 D MonkeyStub: translateCommand: touch move 432 1772
11-02 10:59:15.457 30137 30137 D MonkeyStub: translateCommand: touch move 432 1630
11-02 10:59:15.569 30137 30137 D MonkeyStub: translateCommand: touch move 432 1488
11-02 10:59:15.683 30137 30137 D MonkeyStub: translateCommand: touch move 432 1347
11-02 10:59:15.810 30137 30137 D MonkeyStub: translateCommand: touch move 432 1205
11-02 10:59:15.923 30137 30137 D MonkeyStub: translateCommand: touch move 432 1063
11-02 10:59:16.046 30137 30137 D MonkeyStub: translateCommand: touch move 432 921
11-02 10:59:16.194 30137 30137 D MonkeyStub: translateCommand: touch move 432 779
11-02 10:59:16.304 30137 30137 D MonkeyStub: translateCommand: touch move 432 638
11-02 10:59:16.412 30137 30137 D MonkeyStub: translateCommand: touch move 432 496
11-02 10:59:16.518 30137 30137 D MonkeyStub: translateCommand: touch move 432 354
11-02 10:59:16.524 30137 30137 D MonkeyStub: translateCommand: touch up 432 354
11-02 10:59:16.550 30137 30137 D MonkeyStub: translateCommand: touch down 432 1772
11-02 10:59:16.556 30137 30137 D MonkeyStub: translateCommand: touch move 432 1772
11-02 10:59:16.666 30137 30137 D MonkeyStub: translateCommand: touch move 432 1630
11-02 10:59:16.773 30137 30137 D MonkeyStub: translateCommand: touch move 432 1488
11-02 10:59:16.881 30137 30137 D MonkeyStub: translateCommand: touch move 432 1347
11-02 10:59:16.989 30137 30137 D MonkeyStub: translateCommand: touch move 432 1205
11-02 10:59:17.099 30137 30137 D MonkeyStub: translateCommand: touch move 432 1063
11-02 10:59:17.210 30137 30137 D MonkeyStub: translateCommand: touch move 432 921
11-02 10:59:17.331 30137 30137 D MonkeyStub: translateCommand: touch move 432 779
11-02 10:59:17.444 30137 30137 D MonkeyStub: translateCommand: touch move 432 638
11-02 10:59:17.551 30137 30137 D MonkeyStub: translateCommand: touch move 432 496
11-02 10:59:17.659 30137 30137 D MonkeyStub: translateCommand: touch move 432 354
11-02 10:59:17.678 30137 30137 D MonkeyStub: translateCommand: touch up 432 354
11-02 10:59:18.327   601   648 I WifiHAL : Got channel list with 13 channels
11-02 10:59:18.328   601   648 I WifiHAL : Got channel list with 4 channels
11-02 10:59:18.328   601   648 I WifiHAL : Got channel list with 15 channels
11-02 10:59:25.743 30137 30137 D MonkeyStub: translateCommand: touch down 432 1772
11-02 10:59:25.757 30137 30137 D MonkeyStub: translateCommand: touch move 432 1772
11-02 10:59:25.870 30137 30137 D MonkeyStub: translateCommand: touch move 432 1630
11-02 10:59:25.977 30137 30137 D MonkeyStub: translateCommand: touch move 432 1488
11-02 10:59:26.087 30137 30137 D MonkeyStub: translateCommand: touch move 432 1347
11-02 10:59:26.191 30137 30137 D MonkeyStub: translateCommand: touch move 432 1205
11-02 10:59:26.299 30137 30137 D MonkeyStub: translateCommand: touch move 432 1063
11-02 10:59:26.410 30137 30137 D MonkeyStub: translateCommand: touch move 432 921
11-02 10:59:26.520 30137 30137 D MonkeyStub: translateCommand: touch move 432 779
11-02 10:59:26.630 30137 30137 D MonkeyStub: translateCommand: touch move 432 638
11-02 10:59:26.741 30137 30137 D MonkeyStub: translateCommand: touch move 432 496
11-02 10:59:26.848 30137 30137 D MonkeyStub: translateCommand: touch move 432 354
11-02 10:59:26.851 30137 30137 D MonkeyStub: translateCommand: touch up 432 354
11-02 10:59:26.875 30137 30137 D MonkeyStub: translateCommand: touch down 432 1772
11-02 10:59:26.896 30137 30137 D MonkeyStub: translateCommand: touch move 432 1772
11-02 10:59:27.006 30137 30137 D MonkeyStub: translateCommand: touch move 432 1630
11-02 10:59:27.073   196   196 E SELinux : avc:  denied  { find } for service=netd pid=30185 uid=2000 scontext=u:r:shell:s0 tcontext=u:object_r:netd_service:s0 tclass=service_manager permissive=0
11-02 10:59:27.076   196   196 E SELinux : avc:  denied  { find } for service=android.service.gatekeeper.IGateKeeperService pid=30185 uid=2000 scontext=u:r:shell:s0 tcontext=u:object_r:gatekeeper_service:s0 tclass=service_manager permissive=0
11-02 10:59:27.112 30137 30137 D MonkeyStub: translateCommand: touch move 432 1488
11-02 10:59:27.224 30137 30137 D MonkeyStub: translateCommand: touch move 432 1347
11-02 10:59:27.335 30137 30137 D MonkeyStub: translateCommand: touch move 432 1205
11-02 10:59:27.443 30137 30137 D MonkeyStub: translateCommand: touch move 432 1063
11-02 10:59:27.551 30137 30137 D MonkeyStub: translateCommand: touch move 432 921
11-02 10:59:27.662 30137 30137 D MonkeyStub: translateCommand: touch move 432 779
11-02 10:59:27.770 30137 30137 D MonkeyStub: translateCommand: touch move 432 638
11-02 10:59:27.879 30137 30137 D MonkeyStub: translateCommand: touch move 432 496
11-02 10:59:27.989 30137 30137 D MonkeyStub: translateCommand: touch move 432 354
11-02 10:59:27.996 30137 30137 D MonkeyStub: translateCommand: touch up 432 354
11-02 10:59:33.113 30137 30137 D MonkeyStub: translateCommand: touch down 432 1772
11-02 10:59:33.126 30137 30137 D MonkeyStub: translateCommand: touch move 432 1772
11-02 10:59:33.251 30137 30137 D MonkeyStub: translateCommand: touch move 432 1630
11-02 10:59:33.368 30137 30137 D MonkeyStub: translateCommand: touch move 432 1488
11-02 10:59:33.484 30137 30137 D MonkeyStub: translateCommand: touch move 432 1347
11-02 10:59:33.595 30137 30137 D MonkeyStub: translateCommand: touch move 432 1205
11-02 10:59:33.705 30137 30137 D MonkeyStub: translateCommand: touch move 432 1063
11-02 10:59:33.815 30137 30137 D MonkeyStub: translateCommand: touch move 432 921
11-02 10:59:33.928 30137 30137 D MonkeyStub: translateCommand: touch move 432 779
11-02 10:59:34.035 30137 30137 D MonkeyStub: translateCommand: touch move 432 638
11-02 10:59:34.152 30137 30137 D MonkeyStub: translateCommand: touch move 432 496
11-02 10:59:34.273 30137 30137 D MonkeyStub: translateCommand: touch move 432 354
11-02 10:59:34.277 30137 30137 D MonkeyStub: translateCommand: touch up 432 354
11-02 10:59:34.284 30137 30137 D MonkeyStub: Quit requested
11-02 10:59:34.308   601   615 I CwMcuSensor: CwMcuSensor::flush: fd = 217, sensors_id = 0, path = /sys/class/htc_sensorhub/sensor_hub/flush, err = 0
11-02 10:59:34.311 30137 30137 I art     : System.exit called, status: 106
11-02 10:59:34.311 30137 30137 I AndroidRuntime: VM exiting with result code 106.
11-02 10:59:34.333   601  4276 W WindowManager: Attempted to remove non-existing token: android.os.Binder@b4fe684
11-02 10:59:50.522 30203 30203 D AndroidRuntime: >>>>>> START com.android.internal.os.RuntimeInit uid 2000 <<<<<<
11-02 10:59:50.525 30203 30203 D AndroidRuntime: CheckJNI is OFF
11-02 10:59:50.590 30203 30203 D ICU     : No timezone override file found: /data/misc/zoneinfo/current/icu/icu_tzdata.dat
11-02 10:59:50.620 30203 30203 I Radio-JNI: register_android_hardware_Radio DONE
