--------- beginning of main
10-29 15:23:01.358 10634 10634 D AndroidRuntime: >>>>>> START com.android.internal.os.RuntimeInit uid 2000 <<<<<<
10-29 15:23:01.361 10634 10634 D AndroidRuntime: CheckJNI is OFF
10-29 15:23:01.428 10634 10634 D ICU     : No timezone override file found: /data/misc/zoneinfo/current/icu/icu_tzdata.dat
10-29 15:23:01.456 10634 10634 I Radio-JNI: register_android_hardware_Radio DONE
10-29 15:23:01.471 10634 10634 D AndroidRuntime: Calling main entry com.android.commands.am.Am
--------- beginning of system
10-29 15:23:01.490   600  3675 I ActivityManager: Force stopping com.opera.browser appid=10122 user=0: from pid 10634
10-29 15:23:01.500  1061  1061 D RegisteredNfcFServicesCache: Service unchanged, not updating
10-29 15:23:01.748   600   707 I ActivityManager: START u0 {act=android.intent.action.VIEW flg=0x10008000 cmp=com.opera.browser/com.opera.Opera} from uid 2000 on display 0
10-29 15:23:01.784 10634 10634 D AndroidRuntime: Shutting down VM
10-29 15:23:01.809   600  3994 I ActivityManager: Start proc 10644:com.opera.browser/u0a122 for activity com.opera.browser/com.opera.Opera
10-29 15:23:01.887 10644 10644 I art     : Starting a blocking GC AddRemoveAppImageSpace
10-29 15:23:01.918 10644 10644 I LoadedApk: No resource references to update in package com.opera.browser.nord_vpn
10-29 15:23:02.020 10644 10644 I art     : Rejecting re-init on previously-failed class java.lang.Class<com.opera.android.job.a$j>: java.lang.NoClassDefFoundError: Failed resolution of: Landroid/app/job/JobServiceEngine;
10-29 15:23:02.020 10644 10644 I art     :   at void com.opera.android.OperaApplication.onCreate() (SourceFile:52)
10-29 15:23:02.020 10644 10644 I art     :   at void android.app.Instrumentation.callApplicationOnCreate(android.app.Application) (Instrumentation.java:1024)
10-29 15:23:02.020 10644 10644 I art     :   at void android.app.ActivityThread.handleBindApplication(android.app.ActivityThread$AppBindData) (ActivityThread.java:5403)
10-29 15:23:02.020 10644 10644 I art     :   at void android.app.ActivityThread.-wrap2(android.app.ActivityThread, android.app.ActivityThread$AppBindData) (ActivityThread.java:-1)
10-29 15:23:02.020 10644 10644 I art     :   at void android.app.ActivityThread$H.handleMessage(android.os.Message) (ActivityThread.java:1545)
10-29 15:23:02.020 10644 10644 I art     :   at void android.os.Handler.dispatchMessage(android.os.Message) (Handler.java:102)
10-29 15:23:02.020 10644 10644 I art     :   at void android.os.Looper.loop() (Looper.java:154)
10-29 15:23:02.020 10644 10644 I art     :   at void android.app.ActivityThread.main(java.lang.String[]) (ActivityThread.java:6119)
10-29 15:23:02.020 10644 10644 I art     :   at java.lang.Object java.lang.reflect.Method.invoke!(java.lang.Object, java.lang.Object[]) (Method.java:-2)
10-29 15:23:02.020 10644 10644 I art     :   at void com.android.internal.os.ZygoteInit$MethodAndArgsCaller.run() (ZygoteInit.java:886)
10-29 15:23:02.020 10644 10644 I art     :   at void com.android.internal.os.ZygoteInit.main(java.lang.String[]) (ZygoteInit.java:776)
10-29 15:23:02.020 10644 10644 I art     : Caused by: java.lang.ClassNotFoundException: Didn't find class "android.app.job.JobServiceEngine" on path: DexPathList[[zip file "/data/app/com.opera.browser-1/base.apk"],nativeLibraryDirectories=[/data/app/com.opera.browser-1/lib/arm, /data/app/com.opera.browser-1/base.apk!/lib/armeabi-v7a, /system/lib, /vendor/lib]]
10-29 15:23:02.020 10644 10644 I art     :   at java.lang.Class dalvik.system.BaseDexClassLoader.findClass(java.lang.String) (BaseDexClassLoader.java:56)
10-29 15:23:02.020 10644 10644 I art     :   at java.lang.Class java.lang.ClassLoader.loadClass(java.lang.String, boolean) (ClassLoader.java:380)
10-29 15:23:02.020 10644 10644 I art     :   at java.lang.Class java.lang.ClassLoader.loadClass(java.lang.String) (ClassLoader.java:312)
10-29 15:23:02.020 10644 10644 I art     :   at void com.opera.android.OperaApplication.onCreate() (SourceFile:52)
10-29 15:23:02.020 10644 10644 I art     :   at void android.app.Instrumentation.callApplicationOnCreate(android.app.Application) (Instrumentation.java:1024)
10-29 15:23:02.020 10644 10644 I art     :   at void android.app.ActivityThread.handleBindApplication(android.app.ActivityThread$AppBindData) (ActivityThread.java:5403)
10-29 15:23:02.020 10644 10644 I art     :   at void android.app.ActivityThread.-wrap2(android.app.ActivityThread, android.app.ActivityThread$AppBindData) (ActivityThread.java:-1)
10-29 15:23:02.020 10644 10644 I art     :   at void android.app.ActivityThread$H.handleMessage(android.os.Message) (ActivityThread.java:1545)
10-29 15:23:02.020 10644 10644 I art     :   at void android.os.Handler.dispatchMessage(android.os.Message) (Handler.java:102)
10-29 15:23:02.020 10644 10644 I art     :   at void android.os.Looper.loop() (Looper.java:154)
10-29 15:23:02.020 10644 10644 I art     :   at void android.app.ActivityThread.main(java.lang.String[]) (ActivityThread.java:6119)
10-29 15:23:02.020 10644 10644 I art     :   at java.lang.Object java.lang.reflect.Method.invoke!(java.lang.Object, java.lang.Object[]) (Method.java:-2)
10-29 15:23:02.020 10644 10644 I art     :   at void com.android.internal.os.ZygoteInit$MethodAndArgsCaller.run() (ZygoteInit.java:886)
10-29 15:23:02.020 10644 10644 I art     :   at void com.android.internal.os.ZygoteInit.main(java.lang.String[]) (ZygoteInit.java:776)
10-29 15:23:02.020 10644 10644 I art     : 
10-29 15:23:02.059 10644 10687 D NetworkSecurityConfig: Using Network Security Config from resource network_security_config_official_build debugBuild: false
10-29 15:23:02.258   600   610 I ActivityManager: START u0 {act=android.intent.action.VIEW flg=0x10008000 cmp=com.opera.browser/com.opera.android.startup.WelcomeActivity} from uid 10122 on display 0
10-29 15:23:02.279   600  9614 W ActivityManager: Duplicate finish request for ActivityRecord{996d94d u0 com.opera.browser/com.opera.Opera t1125 f}
10-29 15:23:02.346 10644 10654 I art     : Background partial concurrent mark sweep GC freed 34783(2MB) AllocSpace objects, 15(440KB) LOS objects, 40% free, 5MB/9MB, paused 7.055ms total 186.503ms
10-29 15:23:02.535   600   609 I art     : Background partial concurrent mark sweep GC freed 57522(3MB) AllocSpace objects, 20(1112KB) LOS objects, 33% free, 13MB/20MB, paused 975us total 197.357ms
10-29 15:23:02.627 10644 10654 I art     : Background sticky concurrent mark sweep GC freed 46512(3MB) AllocSpace objects, 12(240KB) LOS objects, 43% free, 5MB/9MB, paused 5.537ms total 58.719ms
10-29 15:23:02.667 10644 10693 I FA      : App measurement initialized, version: 43042
10-29 15:23:02.667 10644 10693 I FA      : To enable debug logging run: adb shell setprop log.tag.FA VERBOSE
10-29 15:23:02.667 10644 10693 I FA      : To enable faster debug mode event logging run:
10-29 15:23:02.667 10644 10693 I FA      :   adb shell setprop debug.firebase.analytics.app com.opera.browser
10-29 15:23:02.732 10644 10756 I OpenGLRenderer: Initialized EGL, version 1.4
10-29 15:23:02.732 10644 10756 D OpenGLRenderer: Swap behavior 2
10-29 15:23:02.896   600   620 I ActivityManager: Displayed com.opera.browser/com.opera.android.startup.WelcomeActivity: +600ms (total +1s113ms)
10-29 15:23:02.966 10644 10693 I FA      : Tag Manager is not found and thus will not be used
10-29 15:23:03.022   600   610 I ActivityManager: Start proc 10783:com.opera.browser:privileged_process0/u0a122 for service com.opera.browser/com.opera.android.browser.chromium.services.PrivilegedProcessService0
10-29 15:23:03.051 10644 10768 W chromium: [WARNING:op_site_scripts.cc(424)] Failed to map /data/user/0/com.opera.browser/app_opera/sjs
10-29 15:23:03.097 10783 10783 I art     : Starting a blocking GC AddRemoveAppImageSpace
10-29 15:23:03.133 10783 10783 I LoadedApk: No resource references to update in package com.opera.browser.nord_vpn
10-29 15:23:03.150   600   620 W WindowManager: Failed looking up window
10-29 15:23:03.150   600   620 W WindowManager: java.lang.IllegalArgumentException: Requested window android.view.ViewRootImpl$W@af1395a does not exist
10-29 15:23:03.150   600   620 W WindowManager: 	at com.android.server.wm.WindowManagerService.windowForClientLocked(WindowManagerService.java:9422)
10-29 15:23:03.150   600   620 W WindowManager: 	at com.android.server.wm.WindowManagerService.windowForClientLocked(WindowManagerService.java:9413)
10-29 15:23:03.150   600   620 W WindowManager: 	at com.android.server.wm.WindowManagerService.removeWindow(WindowManagerService.java:2393)
10-29 15:23:03.150   600   620 W WindowManager: 	at com.android.server.wm.Session.remove(Session.java:202)
10-29 15:23:03.150   600   620 W WindowManager: 	at android.view.ViewRootImpl.dispatchDetachedFromWindow(ViewRootImpl.java:3290)
10-29 15:23:03.150   600   620 W WindowManager: 	at android.view.ViewRootImpl.doDie(ViewRootImpl.java:5917)
10-29 15:23:03.150   600   620 W WindowManager: 	at android.view.ViewRootImpl$ViewRootHandler.handleMessage(ViewRootImpl.java:3626)
10-29 15:23:03.150   600   620 W WindowManager: 	at android.os.Handler.dispatchMessage(Handler.java:102)
10-29 15:23:03.150   600   620 W WindowManager: 	at android.os.Looper.loop(Looper.java:154)
10-29 15:23:03.150   600   620 W WindowManager: 	at android.os.HandlerThread.run(HandlerThread.java:61)
10-29 15:23:03.150   600   620 W WindowManager: 	at com.android.server.ServiceThread.run(ServiceThread.java:46)
10-29 15:23:03.297 10783 10801 E libEGL  : validate_display:99 error 3008 (EGL_BAD_DISPLAY)
10-29 15:23:03.437 10783 10801 E libEGL  : validate_display:99 error 3008 (EGL_BAD_DISPLAY)
10-29 15:23:03.445  3410  3440 W SearchService: Abort, client detached.
10-29 15:23:03.455  3410 10516 I DeviceStateChecker: DeviceStateChecker cancelled
10-29 15:23:03.455  3410  3410 I MicroDetector: Keeping mic open: false
10-29 15:23:03.455  3410  8543 I AudioController: internalShutdown
10-29 15:23:03.455  3410  8543 I MicrophoneInputStream: mic_close com.google.android.apps.gsa.speech.audio.ae@f5d3105
10-29 15:23:03.456  3410  4353 I MicroRecognitionRunner: Stopping hotword detection.
10-29 15:23:03.467   238   285 I SoundTriggerHwService::Module: void android::SoundTriggerHwService::Module::onCallbackEvent(const sp<android::SoundTriggerHwService::CallbackEvent> &) mClient == 0
10-29 15:23:03.472  3410 10515 I MicroRecognitionRunner: Detection finished
10-29 15:23:03.515 10644 10654 I art     : Background sticky concurrent mark sweep GC freed 24486(1879KB) AllocSpace objects, 34(680KB) LOS objects, 33% free, 6MB/9MB, paused 3.153ms total 143.153ms
10-29 15:23:03.582  8766 10817 W ResourceType: ResTable_typeSpec entry count inconsistent: given 67, previously 69
10-29 15:23:03.582  8766 10817 W ResourceType: ResTable_typeSpec entry count inconsistent: given 5346, previously 5347
10-29 15:23:03.590  8766 10817 I FA-SVC  : App measurement initialized, version: 203915
10-29 15:23:07.199 10644 10644 I PlayCore: UID: [10122]  PID: [10644] AppUpdateListenerRegistry : registerListener
10-29 15:23:07.200 10644 10644 I PlayCore: UID: [10122]  PID: [10644] AppUpdateService : requestUpdateInfo(com.opera.browser)
10-29 15:23:07.203 10644 10863 I PlayCore: UID: [10122]  PID: [10644] AppUpdateService : Initiate binding to the service.
10-29 15:23:07.205   600  3509 W ActivityManager: Unable to start service Intent { act=com.google.android.play.core.install.BIND_UPDATE_SERVICE pkg=com.android.vending } U=0: not found
10-29 15:23:07.211 10644 10863 I PlayCore: UID: [10122]  PID: [10644] AppUpdateService : Failed to bind to the service.
10-29 15:23:07.332 10644 10865 D ApplicationLoaders: ignored Vulkan layer search path /data/app/com.google.android.gms-1/lib/arm:/data/app/com.google.android.gms-1/base.apk!/lib/armeabi-v7a:/data/app/com.google.android.gms-1/split_config.en.apk!/lib/armeabi-v7a for namespace 0xf4a41090
10-29 15:23:07.334 10644 10865 W ResourceType: ResTable_typeSpec entry count inconsistent: given 67, previously 69
10-29 15:23:07.334 10644 10865 W ResourceType: ResTable_typeSpec entry count inconsistent: given 5346, previously 5347
10-29 15:23:07.637   600   612 D SyncManager: failed sync operation JobId: 100983, com.opera.browser u0 (com.opera.browser.ping), com.opera.browser.ping.provider, SERVER, reason: 10122, SyncResult: delayUntil: 1667056987 stats [ numIoExceptions: 1]
10-29 15:23:14.981 10905 10905 D AndroidRuntime: >>>>>> START com.android.internal.os.RuntimeInit uid 2000 <<<<<<
10-29 15:23:14.984 10905 10905 D AndroidRuntime: CheckJNI is OFF
10-29 15:23:15.048 10905 10905 D ICU     : No timezone override file found: /data/misc/zoneinfo/current/icu/icu_tzdata.dat
10-29 15:23:15.079 10905 10905 I Radio-JNI: register_android_hardware_Radio DONE
10-29 15:23:15.094 10905 10905 D AndroidRuntime: Calling main entry com.android.commands.monkey.Monkey
10-29 15:23:15.160   600   613 W BroadcastQueue: Skipping deliver [background] BroadcastRecord{7ed27bf u-1 android.net.conn.CONNECTIVITY_CHANGE} to ReceiverList{ed04e8c 10905 (unknown name)/2000/u-1 remote:4ee7519}: process crashing
10-29 15:23:16.476 10917 10917 W Thread-10: type=1400 audit(0.0:182): avc: denied { read } for name="1770" dev="debugfs" ino=20008 scontext=u:r:priv_app:s0:c512,c768 tcontext=u:object_r:debugfs:s0 tclass=file permissive=0
10-29 15:23:16.480 10917 10917 W Thread-10: type=1400 audit(0.0:183): avc: denied { read } for name="1770" dev="debugfs" ino=20008 scontext=u:r:priv_app:s0:c512,c768 tcontext=u:object_r:debugfs:s0 tclass=file permissive=0
10-29 15:23:16.480 10917 10917 W Thread-10: type=1400 audit(0.0:184): avc: denied { read } for name="1770" dev="debugfs" ino=20008 scontext=u:r:priv_app:s0:c512,c768 tcontext=u:object_r:debugfs:s0 tclass=file permissive=0
10-29 15:23:16.480 10917 10917 W Thread-10: type=1400 audit(0.0:185): avc: denied { read } for name="1770" dev="debugfs" ino=20008 scontext=u:r:priv_app:s0:c512,c768 tcontext=u:object_r:debugfs:s0 tclass=file permissive=0
10-29 15:23:16.480 10917 10917 W Thread-10: type=1400 audit(0.0:186): avc: denied { read } for name="1770" dev="debugfs" ino=20008 scontext=u:r:priv_app:s0:c512,c768 tcontext=u:object_r:debugfs:s0 tclass=file permissive=0
10-29 15:23:16.482  1770 10917 E tegra_memtrack_hal: failed to open /sys/kernel/debug/nvmap/handles_by_pid/1770: Permission denied
10-29 15:23:16.483  1770 10917 E tegra_memtrack_hal: failed to open /sys/kernel/debug/nvmap/handles_by_pid/1770: Permission denied
10-29 15:23:16.483  1770 10917 E tegra_memtrack_hal: failed to open /sys/kernel/debug/nvmap/handles_by_pid/1770: Permission denied
10-29 15:23:16.483  1770 10917 E tegra_memtrack_hal: failed to open /sys/kernel/debug/nvmap/handles_by_pid/1770: Permission denied
10-29 15:23:16.483  1770 10917 E tegra_memtrack_hal: failed to open /sys/kernel/debug/nvmap/handles_by_pid/1770: Permission denied
10-29 15:23:16.750 10905 10905 D MonkeyStub: translateCommand: wake
10-29 15:23:16.875 10905 10905 D MonkeyStub: translateCommand: tap 960 1881
10-29 15:23:16.950   600  1076 I ActivityManager: START u0 {act=android.intent.action.VIEW flg=0x1000000 cmp=com.opera.browser/com.opera.android.IntentDispatcherActivity} from uid 10122 on display 0
10-29 15:23:17.067   600  2707 I ActivityManager: START u0 {act=android.intent.action.VIEW flg=0x15002000 cmp=com.opera.browser/com.opera.android.BrowserActivity} from uid 10122 on display 0
10-29 15:23:17.137   600   609 I art     : Background partial concurrent mark sweep GC freed 6484(309KB) AllocSpace objects, 1(20KB) LOS objects, 33% free, 13MB/20MB, paused 783us total 111.797ms
10-29 15:23:17.211 10644 10654 I art     : Background sticky concurrent mark sweep GC freed 14675(1380KB) AllocSpace objects, 42(840KB) LOS objects, 24% free, 7MB/9MB, paused 8.487ms total 58.365ms
10-29 15:23:17.393 10644 10953 W ResourceType: ResTable_typeSpec entry count inconsistent: given 67, previously 69
10-29 15:23:17.393 10644 10953 W ResourceType: ResTable_typeSpec entry count inconsistent: given 5346, previously 5347
10-29 15:23:17.506 10644 10654 I art     : Background partial concurrent mark sweep GC freed 44905(2MB) AllocSpace objects, 28(600KB) LOS objects, 40% free, 7MB/13MB, paused 4.911ms total 129.353ms
10-29 15:23:17.516 10644 10923 E [Leanplum][ERROR]: No variable values were received from the server. Please contact us to investigate.
10-29 15:23:17.617   600   620 I ActivityManager: Displayed com.opera.browser/com.opera.android.BrowserActivity: +528ms (total +632ms)
10-29 15:23:17.637   600  3675 I CwMcuSensor: CwMcuSensor::flush: fd = 239, sensors_id = 0, path = /sys/class/htc_sensorhub/sensor_hub/flush, err = 0
10-29 15:23:17.719 10644 10756 D OpenGLRenderer: endAllActiveAnimators on 0xce07a300 (RippleDrawable) with handle 0xc932d970
10-29 15:23:18.268 10644 10649 I art     : Do partial code cache collection, code=18KB, data=30KB
10-29 15:23:18.269 10644 10649 I art     : After code cache collection, code=18KB, data=30KB
10-29 15:23:18.269 10644 10649 I art     : Increasing code cache capacity to 128KB
10-29 15:23:18.344 10644 10644 I Choreographer: Skipped 38 frames!  The application may be doing too much work on its main thread.
10-29 15:23:18.535 10644 10644 W View    : requestLayout() improperly called by com.opera.android.custom_views.FadingRecyclerView{b9a7a31 VFED.V... ......ID 0,813-1536,813 #7f0a0825 app:id/suggested_dials_grid} during layout: running second layout pass
10-29 15:23:18.765 10644 10654 I art     : Background partial concurrent mark sweep GC freed 54080(2MB) AllocSpace objects, 15(1124KB) LOS objects, 39% free, 10MB/17MB, paused 4.220ms total 188.366ms
10-29 15:23:19.118 11019 11019 I dex2oat : /system/bin/dex2oat --dex-file=/data/user/0/com.opera.browser/code_cache/.       --oat-fd=161 --oat-location=/data/user/0/com.opera.browser/code_cache/.     --compiler-filter=speed
10-29 15:23:19.421 10644 10644 E Sensors : sendAck failure -1 1
10-29 15:23:19.421 10644 10644 E Sensors : sendAck failure -1 2
10-29 15:23:19.421 10644 10644 E Sensors : sendAck failure -1 3
10-29 15:23:19.421 10644 10644 E Sensors : sendAck failure -1 4
10-29 15:23:19.421 10644 10644 E Sensors : sendAck failure -1 5
10-29 15:23:19.421 10644 10644 E Sensors : sendAck failure -1 6
10-29 15:23:19.421 10644 10644 E Sensors : sendAck failure -1 7
10-29 15:23:19.421 10644 10644 E Sensors : sendAck failure -1 8
10-29 15:23:19.421 10644 10644 E Sensors : sendAck failure -1 9
10-29 15:23:19.421 10644 10644 E Sensors : sendAck failure -1 10
10-29 15:23:19.421 10644 10644 E Sensors : sendAck failure -1 11
10-29 15:23:19.421 10644 10644 E Sensors : sendAck failure -1 12
10-29 15:23:19.421 10644 10644 E Sensors : sendAck failure -1 13
10-29 15:23:19.421 10644 10644 E Sensors : sendAck failure -1 14
10-29 15:23:19.421 10644 10644 E Sensors : sendAck failure -1 15
10-29 15:23:19.421 10644 10644 E Sensors : sendAck failure -1 16
10-29 15:23:19.423 10644 10644 E Sensors : sendAck failure -1 1
10-29 15:23:19.577 11019 11019 I dex2oat : dex2oat took 490.875ms (threads: 2) arena alloc=432KB (442800B) java alloc=32KB (33064B) native alloc=346KB (354496B) free=1189KB (1218368B)
10-29 15:23:19.731 10644 10654 I art     : Background sticky concurrent mark sweep GC freed 41911(4MB) AllocSpace objects, 41(1880KB) LOS objects, 21% free, 13MB/17MB, paused 8.741ms total 177.345ms
10-29 15:23:19.825 11028 11028 I dex2oat : /system/bin/dex2oat --dex-file=/data/user/0/com.opera.browser/code_cache/.      --oat-fd=148 --oat-location=/data/user/0/com.opera.browser/code_cache/.    --compiler-filter=speed
10-29 15:23:19.827 10644 10649 I art     : Do partial code cache collection, code=33KB, data=58KB
10-29 15:23:19.852 10644 10649 I art     : After code cache collection, code=33KB, data=57KB
10-29 15:23:19.852 10644 10649 I art     : Increasing code cache capacity to 256KB
10-29 15:23:20.230 11028 11028 I dex2oat : dex2oat took 412.972ms (threads: 2) arena alloc=611KB (626464B) java alloc=97KB (100080B) native alloc=523KB (536384B) free=1524KB (1560768B)
10-29 15:23:20.320 10644 10654 I art     : Background partial concurrent mark sweep GC freed 63301(3MB) AllocSpace objects, 13(1060KB) LOS objects, 39% free, 13MB/22MB, paused 4.737ms total 213.668ms
10-29 15:23:20.935 10905 10905 D MonkeyStub: translateCommand: tap 57 93
10-29 15:23:23.047 10905 10905 D MonkeyStub: translateCommand: tap 57 93
10-29 15:23:23.565 10644 10649 I art     : Do full code cache collection, code=86KB, data=125KB
10-29 15:23:23.566 10644 10649 I art     : Starting a blocking GC JitCodeCache
10-29 15:23:23.566 10644 10649 I art     : After code cache collection, code=72KB, data=75KB
10-29 15:23:24.990  8766  8810 I CastDatabase: Saving the database
10-29 15:23:25.032   600   713 I ActivityManager: Killing 1016:com.google.android.deskclock/u0a39 (adj 906): empty for 1801s
10-29 15:23:25.039  8766  8810 E SQLiteCastStore: Skip saving CastDeviceInfo: "Nearby device" (__cast_nearby___V_15632737-55ba-4f96-9ced-eba9fe216e1b)
10-29 15:23:25.043  8766  8810 I SQLiteCastStore: [CastNetworkInfo] saved: 2, skipped: 0, [CastDeviceInfo]: saved 1, skipped 1, [Paired Guest Mode DeviceInfo] saved: 0, skipped: 0. [ProbedNetworks]: saved 0, skipped: 0, [ProbedSocketAddress]: saved 1, skipped: 0, [Network-Device pairs]: saved: 2
10-29 15:23:25.060   600  3509 D ActivityManager: cleanUpApplicationRecord -- 1016
10-29 15:23:25.302 10905 10905 D MonkeyStub: translateCommand: tap 446 593
10-29 15:23:27.346 10905 10905 D MonkeyStub: translateCommand: tap 667 302
10-29 15:23:29.739   600  6312 I ActivityManager: Killing 1386:com.android.providers.calendar/u0a2 (adj 906): empty for 1801s
10-29 15:23:29.777   600  3507 D ActivityManager: cleanUpApplicationRecord -- 1386
10-29 15:23:30.625 10905 10905 D MonkeyStub: translateCommand: tap 1286 930
10-29 15:23:31.853 10905 10905 D MonkeyStub: translateCommand: tap 62 98
10-29 15:23:31.883 10905 10905 D MonkeyStub: translateCommand: tap 729 89
10-29 15:23:31.893 10905 10905 D MonkeyStub: Quit requested
10-29 15:23:31.933   600   614 I CwMcuSensor: CwMcuSensor::flush: fd = 223, sensors_id = 0, path = /sys/class/htc_sensorhub/sensor_hub/flush, err = 0
10-29 15:23:31.947 10905 10905 I art     : System.exit called, status: 16
10-29 15:23:31.947 10905 10905 I AndroidRuntime: VM exiting with result code 16.
10-29 15:23:31.972   600   611 W WindowManager: Attempted to remove non-existing token: android.os.Binder@879c778
10-29 15:23:32.194   600  1076 E BatteryStatsService: power: Missing API
10-29 15:23:32.200   600  1076 E BatteryStatsService: no controller energy info supplied
10-29 15:23:32.200   796   796 E PhoneInterfaceManager: [PhoneIntfMgr] queryModemActivityInfo: Empty response
10-29 15:23:32.206   600  1076 E BatteryStatsService: modem info is invalid: ModemActivityInfo{ mTimestamp=0 mSleepTimeMs=0 mIdleTimeMs=0 mTxTimeMs[]=[0, 0, 0, 0, 0] mRxTimeMs=0 mEnergyUsed=0}
10-29 15:23:32.600 11062 11062 D AndroidRuntime: >>>>>> START com.android.internal.os.RuntimeInit uid 2000 <<<<<<
10-29 15:23:32.604 11062 11062 D AndroidRuntime: CheckJNI is OFF
10-29 15:23:32.671 11062 11062 D ICU     : No timezone override file found: /data/misc/zoneinfo/current/icu/icu_tzdata.dat
10-29 15:23:32.701 11062 11062 I Radio-JNI: register_android_hardware_Radio DONE
10-29 15:23:32.716 11062 11062 D AndroidRuntime: Calling main entry com.android.commands.am.Am
10-29 15:23:32.734   600   713 I ActivityManager: START u0 {act=android.intent.action.VIEW dat=http://scientificamerican.com/... flg=0x10000000 cmp=com.opera.browser/com.opera.Opera} from uid 2000 on display 0
10-29 15:23:32.741 11062 11062 D AndroidRuntime: Shutting down VM
10-29 15:23:32.838 10644 10644 W art     : Before Android 4.1, method double java.util.concurrent.ThreadLocalRandom.internalNextDouble(double, double) would have incorrectly overridden the package-private method in java.util.Random
10-29 15:23:32.838 10644 10644 W art     : Before Android 4.1, method int java.util.concurrent.ThreadLocalRandom.internalNextInt(int, int) would have incorrectly overridden the package-private method in java.util.Random
10-29 15:23:32.838 10644 10644 W art     : Before Android 4.1, method long java.util.concurrent.ThreadLocalRandom.internalNextLong(long, long) would have incorrectly overridden the package-private method in java.util.Random
10-29 15:23:32.903   600   619 D BluetoothManagerService: Message: 20
10-29 15:23:32.904   600   619 D BluetoothManagerService: Added callback: android.bluetooth.IBluetoothManagerCallback$Stub$Proxy@a371c26:true
10-29 15:23:32.908   600  2707 I ActivityManager: Start proc 11074:com.opera.browser:sandboxed_process0/u0a122 for service com.opera.browser/com.opera.android.browser.chromium.services.SandboxedProcessService0
10-29 15:23:32.955 11074 11074 I art     : Starting a blocking GC AddRemoveAppImageSpace
10-29 15:23:32.973 11074 11074 I LoadedApk: No resource references to update in package com.opera.browser.nord_vpn
10-29 15:23:33.048 10644 11024 W ResourceType: ResTable_typeSpec entry count inconsistent: given 67, previously 69
10-29 15:23:33.048 10644 11024 W ResourceType: ResTable_typeSpec entry count inconsistent: given 5346, previously 5347
10-29 15:23:33.102   787  1620 I FontLog : Received query name=Google Sans&weight=400&besteffort=false, URI content://com.google.android.gms.fonts [CONTEXT service_id=132 ]
10-29 15:23:33.102   787  1620 I FontLog : Query [name=Google Sans&weight=400&besteffort=false] resolved to {Google Sans, wdth 100.0, wght 400, ital 0.0, bestEffort false} [CONTEXT service_id=132 ]
10-29 15:23:33.104   787  1620 I FontLog : Font PFD returned from cache for {Google Sans, wdth 100.0, wght 400, ital 0.0, bestEffort false} [CONTEXT service_id=132 ]
10-29 15:23:33.104   787  1620 I FontLog : Fetch {Google Sans, wdth 100.0, wght 400, ital 0.0, bestEffort false} end status Status{statusCode=SUCCESS, resolution=null} [CONTEXT service_id=132 ]
10-29 15:23:33.122   787  1245 I FontLog : Pulling font file for id = 32, cache size = 4 [CONTEXT service_id=132 ]
10-29 15:23:33.135   787   805 I FontLog : Received query name=Google Sans&weight=500&besteffort=false, URI content://com.google.android.gms.fonts [CONTEXT service_id=132 ]
10-29 15:23:33.135   787   805 I FontLog : Query [name=Google Sans&weight=500&besteffort=false] resolved to {Google Sans, wdth 100.0, wght 500, ital 0.0, bestEffort false} [CONTEXT service_id=132 ]
10-29 15:23:33.137   787   805 I FontLog : Font PFD returned from cache for {Google Sans, wdth 100.0, wght 500, ital 0.0, bestEffort false} [CONTEXT service_id=132 ]
10-29 15:23:33.137   787   805 I FontLog : Fetch {Google Sans, wdth 100.0, wght 500, ital 0.0, bestEffort false} end status Status{statusCode=SUCCESS, resolution=null} [CONTEXT service_id=132 ]
10-29 15:23:33.155   787  1714 I FontLog : Pulling font file for id = 33, cache size = 4 [CONTEXT service_id=132 ]
10-29 15:23:33.164   787  1716 I FontLog : Received query name=Google Sans&weight=700&besteffort=false, URI content://com.google.android.gms.fonts [CONTEXT service_id=132 ]
10-29 15:23:33.165   787  1716 I FontLog : Query [name=Google Sans&weight=700&besteffort=false] resolved to {Google Sans, wdth 100.0, wght 700, ital 0.0, bestEffort false} [CONTEXT service_id=132 ]
10-29 15:23:33.166   787  1716 I FontLog : Fetch {Google Sans, wdth 100.0, wght 700, ital 0.0, bestEffort false} end status Status{statusCode=SUCCESS, resolution=null} [CONTEXT service_id=132 ]
10-29 15:23:33.170   787   805 I FontLog : Pulling font file for id = 34, cache size = 5 [CONTEXT service_id=132 ]
10-29 15:23:33.176   787  1174 I FontLog : Received query name=Noto Color Emoji Compat&weight=400&besteffort=false, URI content://com.google.android.gms.fonts [CONTEXT service_id=132 ]
10-29 15:23:33.176   787  1174 I FontLog : Query [name=Noto Color Emoji Compat&weight=400&besteffort=false] resolved to {Noto Color Emoji Compat, wdth 100.0, wght 400, ital 0.0, bestEffort false} [CONTEXT service_id=132 ]
10-29 15:23:33.178   787  1174 I FontLog : Fetch {Noto Color Emoji Compat, wdth 100.0, wght 400, ital 0.0, bestEffort false} end status Status{statusCode=SUCCESS, resolution=null} [CONTEXT service_id=132 ]
10-29 15:23:33.183   787  1716 I FontLog : Pulling font file for id = 35, cache size = 5 [CONTEXT service_id=132 ]
10-29 15:23:33.404 10644 10649 I art     : Do partial code cache collection, code=96KB, data=121KB
10-29 15:23:33.405 10644 10649 I art     : After code cache collection, code=95KB, data=120KB
10-29 15:23:33.405 10644 10649 I art     : Increasing code cache capacity to 512KB
10-29 15:23:33.438   787  8271 I SQLiteConnectionPool: The connection pool for /data/user/0/com.google.android.gms/databases/metadata.db has been closed but there are still 1 connections in use.  They will be closed as they are released back to the pool.
10-29 15:23:33.441   787 11097 W FontLog : Error updating last accessed time for {Noto Color Emoji Compat, wdth 100.0, wght 400, ital 0.0, bestEffort false}. [CONTEXT service_id=132 ]
10-29 15:23:33.441   787 11097 W FontLog : java.lang.IllegalStateException: Cannot perform this operation because the connection pool has been closed.
10-29 15:23:33.441   787 11097 W FontLog : 	at android.database.sqlite.SQLiteConnectionPool.throwIfClosedLocked(SQLiteConnectionPool.java:962)
10-29 15:23:33.441   787 11097 W FontLog : 	at android.database.sqlite.SQLiteConnectionPool.waitForConnection(SQLiteConnectionPool.java:677)
10-29 15:23:33.441   787 11097 W FontLog : 	at android.database.sqlite.SQLiteConnectionPool.acquireConnection(SQLiteConnectionPool.java:348)
10-29 15:23:33.441   787 11097 W FontLog : 	at android.database.sqlite.SQLiteSession.acquireConnection(SQLiteSession.java:894)
10-29 15:23:33.441   787 11097 W FontLog : 	at android.database.sqlite.SQLiteSession.executeForChangedRowCount(SQLiteSession.java:752)
10-29 15:23:33.441   787 11097 W FontLog : 	at android.database.sqlite.SQLiteStatement.executeUpdateDelete(SQLiteStatement.java:64)
10-29 15:23:33.441   787 11097 W FontLog : 	at android.database.sqlite.SQLiteDatabase.executeSql(SQLiteDatabase.java:1679)
10-29 15:23:33.441   787 11097 W FontLog : 	at android.database.sqlite.SQLiteDatabase.execSQL(SQLiteDatabase.java:1658)
10-29 15:23:33.441   787 11097 W FontLog : 	at aafx.run(Unknown Source)
10-29 15:23:33.441   787 11097 W FontLog : 	at sup.b(:com.google.android.gms@203915020@20.39.15 (040406-335085812):12)
10-29 15:23:33.441   787 11097 W FontLog : 	at sup.run(:com.google.android.gms@203915020@20.39.15 (040406-335085812):7)
10-29 15:23:33.441   787 11097 W FontLog : 	at java.util.concurrent.ThreadPoolExecutor.runWorker(ThreadPoolExecutor.java:1133)
10-29 15:23:33.441   787 11097 W FontLog : 	at java.util.concurrent.ThreadPoolExecutor$Worker.run(ThreadPoolExecutor.java:607)
10-29 15:23:33.441   787 11097 W FontLog : 	at tam.run(:com.google.android.gms@203915020@20.39.15 (040406-335085812):0)
10-29 15:23:33.441   787 11097 W FontLog : 	at java.lang.Thread.run(Thread.java:761)
10-29 15:23:36.205   600  1082 D DnsEventListenerService: Logging 100 results for netId 100
10-29 15:23:36.896 10644 10654 I art     : Background sticky concurrent mark sweep GC freed 109239(6MB) AllocSpace objects, 14(332KB) LOS objects, 28% free, 17MB/24MB, paused 7.151ms total 63.980ms
10-29 15:23:45.897 11130 11130 D AndroidRuntime: >>>>>> START com.android.internal.os.RuntimeInit uid 2000 <<<<<<
10-29 15:23:45.901 11130 11130 D AndroidRuntime: CheckJNI is OFF
10-29 15:23:45.964 11130 11130 D ICU     : No timezone override file found: /data/misc/zoneinfo/current/icu/icu_tzdata.dat
10-29 15:23:45.996 11130 11130 I Radio-JNI: register_android_hardware_Radio DONE
10-29 15:23:46.011 11130 11130 D AndroidRuntime: Calling main entry com.android.commands.monkey.Monkey
10-29 15:23:46.081   600   613 W BroadcastQueue: Skipping deliver [background] BroadcastRecord{1847e47 u-1 android.net.conn.CONNECTIVITY_CHANGE} to ReceiverList{5cd9674 11130 (unknown name)/2000/u-1 remote:cf3f661}: process crashing
10-29 15:23:47.675 11130 11130 D MonkeyStub: translateCommand: wake
10-29 15:23:47.811 11130 11130 D MonkeyStub: translateCommand: tap 1051 1856
10-29 15:23:58.069 11130 11130 D MonkeyStub: translateCommand: touch down 614 1561
10-29 15:23:58.093 11130 11130 D MonkeyStub: translateCommand: touch move 614 1561
10-29 15:23:58.203 11130 11130 D MonkeyStub: translateCommand: touch move 614 1436
10-29 15:23:58.311 11130 11130 D MonkeyStub: translateCommand: touch move 614 1311
10-29 15:23:58.423 11130 11130 D MonkeyStub: translateCommand: touch move 614 1186
10-29 15:23:58.533 11130 11130 D MonkeyStub: translateCommand: touch move 614 1061
10-29 15:23:58.638 11130 11130 D MonkeyStub: translateCommand: touch move 614 937
10-29 15:23:58.746 11130 11130 D MonkeyStub: translateCommand: touch move 614 812
10-29 15:23:58.855 11130 11130 D MonkeyStub: translateCommand: touch move 614 687
10-29 15:23:58.987 11130 11130 D MonkeyStub: translateCommand: touch move 614 562
10-29 15:23:59.120 11130 11130 D MonkeyStub: translateCommand: touch move 614 437
10-29 15:23:59.228 11130 11130 D MonkeyStub: translateCommand: touch move 614 312
10-29 15:23:59.232 11130 11130 D MonkeyStub: translateCommand: touch up 614 312
10-29 15:23:59.266 11130 11130 D MonkeyStub: translateCommand: touch down 614 1561
10-29 15:23:59.273 11130 11130 D MonkeyStub: translateCommand: touch move 614 1561
10-29 15:23:59.383 11130 11130 D MonkeyStub: translateCommand: touch move 614 1436
10-29 15:23:59.493 11130 11130 D MonkeyStub: translateCommand: touch move 614 1311
10-29 15:23:59.599 11130 11130 D MonkeyStub: translateCommand: touch move 614 1186
10-29 15:23:59.733 11130 11130 D MonkeyStub: translateCommand: touch move 614 1061
10-29 15:23:59.841 11130 11130 D MonkeyStub: translateCommand: touch move 614 937
10-29 15:23:59.955 11130 11130 D MonkeyStub: translateCommand: touch move 614 812
10-29 15:24:00.063 11130 11130 D MonkeyStub: translateCommand: touch move 614 687
10-29 15:24:00.168 11130 11130 D MonkeyStub: translateCommand: touch move 614 562
10-29 15:24:00.278 11130 11130 D MonkeyStub: translateCommand: touch move 614 437
10-29 15:24:00.388 11130 11130 D MonkeyStub: translateCommand: touch move 614 312
10-29 15:24:00.392 11130 11130 D MonkeyStub: translateCommand: touch up 614 312
10-29 15:24:02.473 11130 11130 D MonkeyStub: translateCommand: touch down 614 1561
10-29 15:24:02.480 11130 11130 D MonkeyStub: translateCommand: touch move 614 1561
10-29 15:24:02.589 11130 11130 D MonkeyStub: translateCommand: touch move 614 1436
10-29 15:24:02.703 11130 11130 D MonkeyStub: translateCommand: touch move 614 1311
10-29 15:24:02.812 11130 11130 D MonkeyStub: translateCommand: touch move 614 1186
10-29 15:24:02.920 11130 11130 D MonkeyStub: translateCommand: touch move 614 1061
10-29 15:24:03.027 11130 11130 D MonkeyStub: translateCommand: touch move 614 937
10-29 15:24:03.134 11130 11130 D MonkeyStub: translateCommand: touch move 614 812
10-29 15:24:03.260 11130 11130 D MonkeyStub: translateCommand: touch move 614 687
10-29 15:24:03.371 11130 11130 D MonkeyStub: translateCommand: touch move 614 562
10-29 15:24:03.483 11130 11130 D MonkeyStub: translateCommand: touch move 614 437
10-29 15:24:03.592 11130 11130 D MonkeyStub: translateCommand: touch move 614 312
10-29 15:24:03.597 11130 11130 D MonkeyStub: translateCommand: touch up 614 312
10-29 15:24:03.642 11130 11130 D MonkeyStub: translateCommand: touch down 614 1561
10-29 15:24:03.645 11130 11130 D MonkeyStub: translateCommand: touch move 614 1561
10-29 15:24:03.756 11130 11130 D MonkeyStub: translateCommand: touch move 614 1436
10-29 15:24:03.865 11130 11130 D MonkeyStub: translateCommand: touch move 614 1311
10-29 15:24:03.979 11130 11130 D MonkeyStub: translateCommand: touch move 614 1186
10-29 15:24:04.092 11130 11130 D MonkeyStub: translateCommand: touch move 614 1061
10-29 15:24:04.197 11130 11130 D MonkeyStub: translateCommand: touch move 614 937
10-29 15:24:04.302 11130 11130 D MonkeyStub: translateCommand: touch move 614 812
10-29 15:24:04.407 11130 11130 D MonkeyStub: translateCommand: touch move 614 687
10-29 15:24:04.512 11130 11130 D MonkeyStub: translateCommand: touch move 614 562
10-29 15:24:04.624 11130 11130 D MonkeyStub: translateCommand: touch move 614 437
10-29 15:24:04.732 11130 11130 D MonkeyStub: translateCommand: touch move 614 312
10-29 15:24:04.748 11130 11130 D MonkeyStub: translateCommand: touch up 614 312
10-29 15:24:04.789 11130 11130 D MonkeyStub: translateCommand: touch down 614 1561
10-29 15:24:04.793 11130 11130 D MonkeyStub: translateCommand: touch move 614 1561
10-29 15:24:04.911 11130 11130 D MonkeyStub: translateCommand: touch move 614 1436
10-29 15:24:05.026 11130 11130 D MonkeyStub: translateCommand: touch move 614 1311
10-29 15:24:05.135 11130 11130 D MonkeyStub: translateCommand: touch move 614 1186
10-29 15:24:05.245 11130 11130 D MonkeyStub: translateCommand: touch move 614 1061
10-29 15:24:05.352 11130 11130 D MonkeyStub: translateCommand: touch move 614 937
10-29 15:24:05.469 11130 11130 D MonkeyStub: translateCommand: touch move 614 812
10-29 15:24:05.575 11130 11130 D MonkeyStub: translateCommand: touch move 614 687
10-29 15:24:05.681 11130 11130 D MonkeyStub: translateCommand: touch move 614 562
10-29 15:24:05.791 11130 11130 D MonkeyStub: translateCommand: touch move 614 437
10-29 15:24:05.894 11130 11130 D MonkeyStub: translateCommand: touch move 614 312
10-29 15:24:05.897 11130 11130 D MonkeyStub: translateCommand: touch up 614 312
10-29 15:24:08.966 11130 11130 D MonkeyStub: translateCommand: touch down 614 1561
10-29 15:24:08.971 11130 11130 D MonkeyStub: translateCommand: touch move 614 1561
10-29 15:24:09.075 11130 11130 D MonkeyStub: translateCommand: touch move 614 1436
10-29 15:24:09.180 11130 11130 D MonkeyStub: translateCommand: touch move 614 1311
10-29 15:24:09.284 11130 11130 D MonkeyStub: translateCommand: touch move 614 1186
10-29 15:24:09.394 11130 11130 D MonkeyStub: translateCommand: touch move 614 1061
10-29 15:24:09.503 11130 11130 D MonkeyStub: translateCommand: touch move 614 937
10-29 15:24:09.612 11130 11130 D MonkeyStub: translateCommand: touch move 614 812
10-29 15:24:09.721 11130 11130 D MonkeyStub: translateCommand: touch move 614 687
10-29 15:24:09.830 11130 11130 D MonkeyStub: translateCommand: touch move 614 562
10-29 15:24:09.945 11130 11130 D MonkeyStub: translateCommand: touch move 614 437
10-29 15:24:10.053 11130 11130 D MonkeyStub: translateCommand: touch move 614 312
10-29 15:24:10.059 11130 11130 D MonkeyStub: translateCommand: touch up 614 312
10-29 15:24:10.093 11130 11130 D MonkeyStub: translateCommand: touch down 614 1561
10-29 15:24:10.105 11130 11130 D MonkeyStub: translateCommand: touch move 614 1561
10-29 15:24:10.211 11130 11130 D MonkeyStub: translateCommand: touch move 614 1436
10-29 15:24:10.326 11130 11130 D MonkeyStub: translateCommand: touch move 614 1311
10-29 15:24:10.435 11130 11130 D MonkeyStub: translateCommand: touch move 614 1186
10-29 15:24:10.452 10644 10654 I art     : Background sticky concurrent mark sweep GC freed 137838(5MB) AllocSpace objects, 3(52KB) LOS objects, 24% free, 18MB/24MB, paused 15.553ms total 133.717ms
10-29 15:24:10.545 11130 11130 D MonkeyStub: translateCommand: touch move 614 1061
10-29 15:24:10.653 11130 11130 D MonkeyStub: translateCommand: touch move 614 937
10-29 15:24:10.764 11130 11130 D MonkeyStub: translateCommand: touch move 614 812
10-29 15:24:10.876 11130 11130 D MonkeyStub: translateCommand: touch move 614 687
10-29 15:24:10.985 11130 11130 D MonkeyStub: translateCommand: touch move 614 562
10-29 15:24:11.103 11130 11130 D MonkeyStub: translateCommand: touch move 614 437
10-29 15:24:11.209 11130 11130 D MonkeyStub: translateCommand: touch move 614 312
10-29 15:24:11.225 11130 11130 D MonkeyStub: translateCommand: touch up 614 312
10-29 15:24:13.425 11130 11130 D MonkeyStub: translateCommand: touch down 614 1561
10-29 15:24:13.429 11130 11130 D MonkeyStub: translateCommand: touch move 614 1561
10-29 15:24:13.533 11130 11130 D MonkeyStub: translateCommand: touch move 614 1436
10-29 15:24:13.638 11130 11130 D MonkeyStub: translateCommand: touch move 614 1311
10-29 15:24:13.742 11130 11130 D MonkeyStub: translateCommand: touch move 614 1186
10-29 15:24:13.847 11130 11130 D MonkeyStub: translateCommand: touch move 614 1061
10-29 15:24:13.951 11130 11130 D MonkeyStub: translateCommand: touch move 614 937
10-29 15:24:14.055 11130 11130 D MonkeyStub: translateCommand: touch move 614 812
10-29 15:24:14.170 11130 11130 D MonkeyStub: translateCommand: touch move 614 687
10-29 15:24:14.274 11130 11130 D MonkeyStub: translateCommand: touch move 614 562
10-29 15:24:14.378 11130 11130 D MonkeyStub: translateCommand: touch move 614 437
10-29 15:24:14.483 11130 11130 D MonkeyStub: translateCommand: touch move 614 312
10-29 15:24:14.491 11130 11130 D MonkeyStub: translateCommand: touch up 614 312
10-29 15:24:17.225   198   198 E SELinux : avc:  denied  { find } for service=netd pid=11247 uid=2000 scontext=u:r:shell:s0 tcontext=u:object_r:netd_service:s0 tclass=service_manager permissive=0
10-29 15:24:17.239   198   198 E SELinux : avc:  denied  { find } for service=android.service.gatekeeper.IGateKeeperService pid=11247 uid=2000 scontext=u:r:shell:s0 tcontext=u:object_r:gatekeeper_service:s0 tclass=service_manager permissive=0
10-29 15:24:17.731 11130 11130 D MonkeyStub: translateCommand: tap 720 1220
10-29 15:24:27.972 11130 11130 D MonkeyStub: translateCommand: touch down 614 1561
10-29 15:24:27.987 11130 11130 D MonkeyStub: translateCommand: touch move 614 1561
10-29 15:24:28.100 11130 11130 D MonkeyStub: translateCommand: touch move 614 1436
10-29 15:24:28.209 11130 11130 D MonkeyStub: translateCommand: touch move 614 1311
10-29 15:24:28.321 11130 11130 D MonkeyStub: translateCommand: touch move 614 1186
10-29 15:24:28.429 11130 11130 D MonkeyStub: translateCommand: touch move 614 1061
10-29 15:24:28.537 11130 11130 D MonkeyStub: translateCommand: touch move 614 937
10-29 15:24:28.641 11130 11130 D MonkeyStub: translateCommand: touch move 614 812
10-29 15:24:28.748 11130 11130 D MonkeyStub: translateCommand: touch move 614 687
10-29 15:24:28.856 11130 11130 D MonkeyStub: translateCommand: touch move 614 562
10-29 15:24:28.967 11130 11130 D MonkeyStub: translateCommand: touch move 614 437
10-29 15:24:29.076 11130 11130 D MonkeyStub: translateCommand: touch move 614 312
10-29 15:24:29.083 11130 11130 D MonkeyStub: translateCommand: touch up 614 312
10-29 15:24:33.297 11130 11130 D MonkeyStub: translateCommand: touch down 614 1561
10-29 15:24:33.326 11130 11130 D MonkeyStub: translateCommand: touch move 614 1561
10-29 15:24:33.435 11130 11130 D MonkeyStub: translateCommand: touch move 614 1436
10-29 15:24:33.543 11130 11130 D MonkeyStub: translateCommand: touch move 614 1311
10-29 15:24:33.650 11130 11130 D MonkeyStub: translateCommand: touch move 614 1186
10-29 15:24:33.763 11130 11130 D MonkeyStub: translateCommand: touch move 614 1061
10-29 15:24:33.911 11130 11130 D MonkeyStub: translateCommand: touch move 614 937
10-29 15:24:34.019 11130 11130 D MonkeyStub: translateCommand: touch move 614 812
10-29 15:24:34.146 11130 11130 D MonkeyStub: translateCommand: touch move 614 687
10-29 15:24:34.258 11130 11130 D MonkeyStub: translateCommand: touch move 614 562
10-29 15:24:34.366 11130 11130 D MonkeyStub: translateCommand: touch move 614 437
10-29 15:24:34.478 11130 11130 D MonkeyStub: translateCommand: touch move 614 312
10-29 15:24:34.486 11130 11130 D MonkeyStub: translateCommand: touch up 614 312
10-29 15:24:34.515 11130 11130 D MonkeyStub: Quit requested
10-29 15:24:34.561   600   614 I CwMcuSensor: CwMcuSensor::flush: fd = 223, sensors_id = 0, path = /sys/class/htc_sensorhub/sensor_hub/flush, err = 0
10-29 15:24:34.586 11130 11130 I art     : System.exit called, status: 134
10-29 15:24:34.587 11130 11130 I AndroidRuntime: VM exiting with result code 134.
10-29 15:24:34.647   600   611 W WindowManager: Attempted to remove non-existing token: android.os.Binder@e18979d
10-29 15:24:50.779 11275 11275 D AndroidRuntime: >>>>>> START com.android.internal.os.RuntimeInit uid 2000 <<<<<<
10-29 15:24:50.787 11275 11275 D AndroidRuntime: CheckJNI is OFF
10-29 15:24:50.876 11275 11275 D ICU     : No timezone override file found: /data/misc/zoneinfo/current/icu/icu_tzdata.dat
10-29 15:24:50.919 11275 11275 I Radio-JNI: register_android_hardware_Radio DONE
10-29 15:24:50.936 11275 11275 D AndroidRuntime: Calling main entry com.android.commands.am.Am
10-29 15:24:50.953   600  3509 I ActivityManager: Force stopping com.opera.browser appid=10122 user=0: from pid 11275
10-29 15:24:50.953   600  3509 I ActivityManager: Killing 10783:com.opera.browser:privileged_process0/u0a122 (adj 0): stop com.opera.browser
10-29 15:24:50.953   600  3509 D ActivityManager: cleanUpApplicationRecord -- 10783
10-29 15:24:50.953   600  3509 W ActivityManager: Scheduling restart of crashed service com.opera.browser/com.opera.android.browser.chromium.services.PrivilegedProcessService0 in 1000ms
10-29 15:24:50.954   600  3509 I ActivityManager: Killing 10644:com.opera.browser/u0a122 (adj 0): stop com.opera.browser
10-29 15:24:50.954   600  3509 D ActivityManager: cleanUpApplicationRecord -- 10644
10-29 15:24:50.955   600  3509 W ActivityManager: Force removing ActivityRecord{d40de8d u0 com.opera.browser/com.opera.android.BrowserActivity t1125}: app died, no saved state
10-29 15:24:50.986   600  3509 I ActivityManager: Killing 11074:com.opera.browser:sandboxed_process0/u0a122 (adj 0): stop com.opera.browser
10-29 15:24:50.987   600  3509 D ActivityManager: cleanUpApplicationRecord -- 11074
10-29 15:24:50.998 11275 11275 D AndroidRuntime: Shutting down VM
10-29 15:24:51.067  1061  1061 D RegisteredNfcFServicesCache: Service unchanged, not updating
10-29 15:24:51.113  3410  4358 I AttachedClient: Adding client event 2 to pending list.
10-29 15:24:51.145  3410  3410 I OptInState: There is a new client and it does not support opt-in. Dropping request.
10-29 15:24:51.148  3410  3410 I MicroDetectionWorker: Micro detection mode: [mDetectionMode: [1]].
10-29 15:24:51.163  3410 11286 I MicroRecognitionRunner: Starting detection.
10-29 15:24:51.164  3410  8543 I MicrophoneInputStream: mic_starting com.google.android.apps.gsa.speech.audio.ae@1a14c15
10-29 15:24:51.182   238 11290 I AudioFlinger: AudioFlinger's thread 0xef692880 ready to run
10-29 15:24:51.192   238   285 I SoundTriggerHwService::Module: void android::SoundTriggerHwService::Module::onCallbackEvent(const sp<android::SoundTriggerHwService::CallbackEvent> &) mClient == 0
10-29 15:24:51.193  3410  8543 I MicrophoneInputStream: mic_started com.google.android.apps.gsa.speech.audio.ae@1a14c15
10-29 15:24:51.289   600   609 I art     : Background partial concurrent mark sweep GC freed 86197(3MB) AllocSpace objects, 13(276KB) LOS objects, 33% free, 13MB/20MB, paused 990us total 265.728ms
10-29 15:24:51.382  3410  3410 I MicroDetectionWorker: onReady
10-29 15:24:51.383   600  1076 D ConnectivityService: ConnectivityService NetworkRequestInfo binderDied(NetworkRequest [ LISTEN id=58, [ Capabilities: INTERNET&NOT_RESTRICTED&TRUSTED&FOREGROUND] ], android.os.BinderProxy@4aeea35)
10-29 15:24:51.384   600   611 D ConnectivityService: ConnectivityService NetworkRequestInfo binderDied(NetworkRequest [ LISTEN id=57, [ Capabilities: INTERNET&NOT_RESTRICTED&TRUSTED&FOREGROUND] ], android.os.BinderProxy@3d40eca)
10-29 15:24:51.386   600  1076 D GraphicsStats: Buffer count: 2
10-29 15:24:51.390   600   649 E ConnectivityService: RemoteException caught trying to send a callback msg for NetworkRequest [ LISTEN id=58, [ Capabilities: INTERNET&NOT_RESTRICTED&TRUSTED&FOREGROUND] ]
10-29 15:24:51.392   600   649 E ConnectivityService: RemoteException caught trying to send a callback msg for NetworkRequest [ LISTEN id=57, [ Capabilities: INTERNET&NOT_RESTRICTED&TRUSTED&FOREGROUND] ]
10-29 15:24:51.583  1084  1171 W OpenGLRenderer: Incorrectly called buildLayer on View: ShortcutAndWidgetContainer, destroying layer...
10-29 15:24:51.622 11285 11285 D AndroidRuntime: >>>>>> START com.android.internal.os.RuntimeInit uid 2000 <<<<<<
10-29 15:24:51.625 11285 11285 D AndroidRuntime: CheckJNI is OFF
10-29 15:24:51.694 11285 11285 D ICU     : No timezone override file found: /data/misc/zoneinfo/current/icu/icu_tzdata.dat
10-29 15:24:51.724 11285 11285 I Radio-JNI: register_android_hardware_Radio DONE
10-29 15:24:51.740 11285 11285 D AndroidRuntime: Calling main entry com.android.commands.pm.Pm
10-29 15:24:51.756   600  2707 I ActivityManager: Force stopping com.opera.browser appid=10122 user=0: clear data
10-29 15:24:51.758   600   613 I ActivityManager: Force stopping com.opera.browser appid=10122 user=-1: clearApplicationUserData
10-29 15:24:51.919   787   787 I GeofencerStateMachine: removeGeofences: removeRequest=RemoveGeofencingRequest[REMOVE_ALL packageName=com.opera.browser]
10-29 15:24:51.923 11285 11285 I art     : System.exit called, status: 0
10-29 15:24:51.923 11285 11285 I AndroidRuntime: VM exiting with result code 0.
10-29 15:24:51.928  1061  1061 D RegisteredNfcFServicesCache: Service unchanged, not updating
10-29 15:24:51.960   600   612 W ResourceType: No known package when getting value for resource number 0x7f100007
10-29 15:24:51.960   600   612 W ResourceType: No known package when getting value for resource number 0x7f13090c
10-29 15:24:51.964   600   612 W ResourceType: No known package when getting value for resource number 0x7f100005
10-29 15:24:51.964   600   612 W ResourceType: No known package when getting value for resource number 0x7f13090a
10-29 15:24:51.965   600   612 W ResourceType: No known package when getting value for resource number 0x7f100004
10-29 15:24:51.965   600   612 W ResourceType: No known package when getting value for resource number 0x7f130909
10-29 15:24:51.965   600   612 W ResourceType: No known package when getting value for resource number 0x7f100006
