--------- beginning of main
10-30 14:03:27.591 26039 26039 D AndroidRuntime: >>>>>> START com.android.internal.os.RuntimeInit uid 2000 <<<<<<
10-30 14:03:27.595 26039 26039 D AndroidRuntime: CheckJNI is OFF
10-30 14:03:27.659 26039 26039 D ICU     : No timezone override file found: /data/misc/zoneinfo/current/icu/icu_tzdata.dat
10-30 14:03:27.688 26039 26039 I Radio-JNI: register_android_hardware_Radio DONE
10-30 14:03:27.703 26039 26039 D AndroidRuntime: Calling main entry com.android.commands.am.Am
--------- beginning of system
10-30 14:03:27.721   600 13558 I ActivityManager: Force stopping com.android.chrome appid=10035 user=0: from pid 26039
10-30 14:03:27.721   600 13558 I ActivityManager: Killing 25627:com.android.chrome:webview_service/u0a35 (adj 904): stop com.android.chrome
10-30 14:03:27.721   600 13558 D ActivityManager: cleanUpApplicationRecord -- 25627
10-30 14:03:27.721   600 13558 I ActivityManager: Killing 23745:com.android.chrome/u0a35 (adj 902): stop com.android.chrome
10-30 14:03:27.722   600 13558 D ActivityManager: cleanUpApplicationRecord -- 23745
10-30 14:03:27.722   600 13558 I ActivityManager: Killing 16382:com.google.android.gms/u0a8 (adj 900): stop com.android.chrome
10-30 14:03:27.722   600 13558 D ActivityManager: cleanUpApplicationRecord -- 16382
10-30 14:03:27.733  1061  1061 D RegisteredNfcFServicesCache: Service unchanged, not updating
10-30 14:03:27.766   600 24515 D ConnectivityService: ConnectivityService NetworkRequestInfo binderDied(NetworkRequest [ LISTEN id=988, [ Capabilities: INTERNET&NOT_RESTRICTED&TRUSTED] ], android.os.BinderProxy@6e5feeb)
10-30 14:03:27.768   600   649 E ConnectivityService: RemoteException caught trying to send a callback msg for NetworkRequest [ LISTEN id=988, [ Capabilities: INTERNET&NOT_RESTRICTED&TRUSTED] ]
10-30 14:03:27.981   600  9614 I ActivityManager: START u0 {act=android.intent.action.VIEW flg=0x10008000 cmp=com.android.chrome/com.google.android.apps.chrome.Main} from uid 2000 on display 0
10-30 14:03:28.010 26039 26039 D AndroidRuntime: Shutting down VM
10-30 14:03:28.032   600 13557 I ActivityManager: Start proc 26049:com.android.chrome/u0a35 for activity com.android.chrome/com.google.android.apps.chrome.Main
10-30 14:03:28.560   600 29683 I ActivityManager: START u0 {cmp=com.android.chrome/org.chromium.chrome.browser.firstrun.TabbedModeFirstRunActivity (has extras)} from uid 10035 on display 0
10-30 14:03:28.569 26049 26066 W DynamiteModule: Local module descriptor class for com.google.android.gms.googlecertificates not found.
10-30 14:03:28.595 26049 26066 I DynamiteModule: Considering local module com.google.android.gms.googlecertificates:0 and remote module com.google.android.gms.googlecertificates:6
10-30 14:03:28.595 26049 26066 I DynamiteModule: Selected remote version of com.google.android.gms.googlecertificates, version >= 6
10-30 14:03:28.645 26049 26066 W System  : ClassLoader referenced unknown path: 
10-30 14:03:28.647 26049 26066 D ApplicationLoaders: ignored Vulkan layer search path /data/app/com.google.android.gms-1/lib/arm:/data/app/com.google.android.gms-1/base.apk!/lib/armeabi-v7a:/data/app/com.google.android.gms-1/split_config.en.apk!/lib/armeabi-v7a for namespace 0xf4a47090
10-30 14:03:28.673 26049 26066 W ResourceType: ResTable_typeSpec entry count inconsistent: given 67, previously 69
10-30 14:03:28.673 26049 26066 W ResourceType: ResTable_typeSpec entry count inconsistent: given 5346, previously 5347
10-30 14:03:28.800   600   609 I art     : Background partial concurrent mark sweep GC freed 50018(2MB) AllocSpace objects, 6(120KB) LOS objects, 33% free, 16MB/24MB, paused 1.629ms total 111.429ms
10-30 14:03:28.821 26049 26066 I DynamiteLoaderV2Impl: [70] Googlecertificates
10-30 14:03:28.842 26049 26066 W System  : ClassLoader referenced unknown path: /data/user_de/0/com.google.android.gms/app_chimera/m/00000061/n/armeabi-v7a
10-30 14:03:28.842 26049 26066 W System  : ClassLoader referenced unknown path: /data/user_de/0/com.google.android.gms/app_chimera/m/00000061/n/armeabi
10-30 14:03:28.877 26049 26068 I OpenGLRenderer: Initialized EGL, version 1.4
10-30 14:03:28.877 26049 26068 D OpenGLRenderer: Swap behavior 2
10-30 14:03:28.879 26049 26067 I cr_LibraryLoader: Loaded native library version number "85.0.4183.127"
10-30 14:03:28.880 26049 26067 I cr_CachingUmaRecorder: Flushed 10 samples from 10 histograms.
10-30 14:03:29.046   600   620 W WindowManager: Failed looking up window
10-30 14:03:29.046   600   620 W WindowManager: java.lang.IllegalArgumentException: Requested window android.view.ViewRootImpl$W@d4d668c does not exist
10-30 14:03:29.046   600   620 W WindowManager: 	at com.android.server.wm.WindowManagerService.windowForClientLocked(WindowManagerService.java:9422)
10-30 14:03:29.046   600   620 W WindowManager: 	at com.android.server.wm.WindowManagerService.windowForClientLocked(WindowManagerService.java:9413)
10-30 14:03:29.046   600   620 W WindowManager: 	at com.android.server.wm.WindowManagerService.removeWindow(WindowManagerService.java:2393)
10-30 14:03:29.046   600   620 W WindowManager: 	at com.android.server.wm.Session.remove(Session.java:202)
10-30 14:03:29.046   600   620 W WindowManager: 	at android.view.ViewRootImpl.dispatchDetachedFromWindow(ViewRootImpl.java:3290)
10-30 14:03:29.046   600   620 W WindowManager: 	at android.view.ViewRootImpl.doDie(ViewRootImpl.java:5917)
10-30 14:03:29.046   600   620 W WindowManager: 	at android.view.ViewRootImpl$ViewRootHandler.handleMessage(ViewRootImpl.java:3626)
10-30 14:03:29.046   600   620 W WindowManager: 	at android.os.Handler.dispatchMessage(Handler.java:102)
10-30 14:03:29.046   600   620 W WindowManager: 	at android.os.Looper.loop(Looper.java:154)
10-30 14:03:29.046   600   620 W WindowManager: 	at android.os.HandlerThread.run(HandlerThread.java:61)
10-30 14:03:29.046   600   620 W WindowManager: 	at com.android.server.ServiceThread.run(ServiceThread.java:46)
10-30 14:03:29.069   600   620 I ActivityManager: Displayed com.android.chrome/org.chromium.chrome.browser.firstrun.TabbedModeFirstRunActivity: +425ms (total +1s62ms)
10-30 14:03:29.121   787   806 I FontLog : Received query Google Sans, URI content://com.google.android.gms.fonts [CONTEXT service_id=132 ]
10-30 14:03:29.136   787   806 I FontLog : Query [Google Sans] resolved to {Google Sans, wdth 100.0, wght 400, ital 0.0, bestEffort false} [CONTEXT service_id=132 ]
10-30 14:03:29.154   787   806 I FontLog : Font PFD returned from cache for {Google Sans, wdth 100.0, wght 400, ital 0.0, bestEffort false} [CONTEXT service_id=132 ]
10-30 14:03:29.154   787   806 I FontLog : Fetch {Google Sans, wdth 100.0, wght 400, ital 0.0, bestEffort false} end status Status{statusCode=SUCCESS, resolution=null} [CONTEXT service_id=132 ]
10-30 14:03:29.186   787  1716 I FontLog : Pulling font file for id = 956, cache size = 8 [CONTEXT service_id=132 ]
10-30 14:03:29.210   787 28591 I FontLog : Received query Google Sans:500, URI content://com.google.android.gms.fonts [CONTEXT service_id=132 ]
10-30 14:03:29.212   787 28591 I FontLog : Query [Google Sans:500] resolved to {Google Sans, wdth 100.0, wght 500, ital 0.0, bestEffort false} [CONTEXT service_id=132 ]
10-30 14:03:29.215   787 28591 I FontLog : Font PFD returned from cache for {Google Sans, wdth 100.0, wght 500, ital 0.0, bestEffort false} [CONTEXT service_id=132 ]
10-30 14:03:29.216   787 28591 I FontLog : Fetch {Google Sans, wdth 100.0, wght 500, ital 0.0, bestEffort false} end status Status{statusCode=SUCCESS, resolution=null} [CONTEXT service_id=132 ]
10-30 14:03:29.227   787   805 I FontLog : Pulling font file for id = 957, cache size = 7 [CONTEXT service_id=132 ]
10-30 14:03:29.252   787  1259 E apju    : Phenotype API error. Event # cdub@fa835102, EventCode: 7 [CONTEXT service_id=51 ]
10-30 14:03:29.252   787  1259 E apju    : apiz: 29505: No config packages for log source, or config package not registered
10-30 14:03:29.252   787  1259 E apju    : 	at apkj.b(:com.google.android.gms@203915020@20.39.15 (040406-335085812):7)
10-30 14:03:29.252   787  1259 E apju    : 	at apkg.b(:com.google.android.gms@203915020@20.39.15 (040406-335085812):2)
10-30 14:03:29.252   787  1259 E apju    : 	at apju.a(:com.google.android.gms@203915020@20.39.15 (040406-335085812):85)
10-30 14:03:29.252   787  1259 E apju    : 	at apju.a(:com.google.android.gms@203915020@20.39.15 (040406-335085812):80)
10-30 14:03:29.252   787  1259 E apju    : 	at aain.run(:com.google.android.gms@203915020@20.39.15 (040406-335085812):7)
10-30 14:03:29.252   787  1259 E apju    : 	at boex.run(:com.google.android.gms@203915020@20.39.15 (040406-335085812):2)
10-30 14:03:29.252   787  1259 E apju    : 	at sup.b(:com.google.android.gms@203915020@20.39.15 (040406-335085812):12)
10-30 14:03:29.252   787  1259 E apju    : 	at sup.run(:com.google.android.gms@203915020@20.39.15 (040406-335085812):7)
10-30 14:03:29.252   787  1259 E apju    : 	at java.util.concurrent.ThreadPoolExecutor.runWorker(ThreadPoolExecutor.java:1133)
10-30 14:03:29.252   787  1259 E apju    : 	at java.util.concurrent.ThreadPoolExecutor$Worker.run(ThreadPoolExecutor.java:607)
10-30 14:03:29.252   787  1259 E apju    : 	at tam.run(:com.google.android.gms@203915020@20.39.15 (040406-335085812):0)
10-30 14:03:29.252   787  1259 E apju    : 	at java.lang.Thread.run(Thread.java:761)
10-30 14:03:29.261   787  1259 E AsyncOperation: serviceID=51, operation=GetExperimentTokensOperationCall [CONTEXT service_id=259 ]
10-30 14:03:29.261   787  1259 E AsyncOperation: OperationException[Status{statusCode=No config packages for log source, or config package not registered, resolution=null}]
10-30 14:03:29.261   787  1259 E AsyncOperation: 	at apju.a(:com.google.android.gms@203915020@20.39.15 (040406-335085812):87)
10-30 14:03:29.261   787  1259 E AsyncOperation: 	at apju.a(:com.google.android.gms@203915020@20.39.15 (040406-335085812):80)
10-30 14:03:29.261   787  1259 E AsyncOperation: 	at aain.run(:com.google.android.gms@203915020@20.39.15 (040406-335085812):7)
10-30 14:03:29.261   787  1259 E AsyncOperation: 	at boex.run(:com.google.android.gms@203915020@20.39.15 (040406-335085812):2)
10-30 14:03:29.261   787  1259 E AsyncOperation: 	at sup.b(:com.google.android.gms@203915020@20.39.15 (040406-335085812):12)
10-30 14:03:29.261   787  1259 E AsyncOperation: 	at sup.run(:com.google.android.gms@203915020@20.39.15 (040406-335085812):7)
10-30 14:03:29.261   787  1259 E AsyncOperation: 	at java.util.concurrent.ThreadPoolExecutor.runWorker(ThreadPoolExecutor.java:1133)
10-30 14:03:29.261   787  1259 E AsyncOperation: 	at java.util.concurrent.ThreadPoolExecutor$Worker.run(ThreadPoolExecutor.java:607)
10-30 14:03:29.261   787  1259 E AsyncOperation: 	at tam.run(:com.google.android.gms@203915020@20.39.15 (040406-335085812):0)
10-30 14:03:29.261   787  1259 E AsyncOperation: 	at java.lang.Thread.run(Thread.java:761)
10-30 14:03:29.271 26049 26066 D NetworkSecurityConfig: Using Network Security Config from resource 0_resource_name_obfuscated debugBuild: false
10-30 14:03:29.380 16251 16251 I MemoryTrimmer: Trimming objects from memory, since app is in the background.
10-30 14:03:29.384 16251 16263 W SearchService: Abort, client detached.
10-30 14:03:29.393 16251 25955 I DeviceStateChecker: DeviceStateChecker cancelled
10-30 14:03:29.397 16251 16251 I MicroDetector: Keeping mic open: false
10-30 14:03:29.398 16251 16283 I AudioController: internalShutdown
10-30 14:03:29.398 16251 16283 I MicrophoneInputStream: mic_close com.google.android.apps.gsa.speech.audio.ae@54e3a4d
10-30 14:03:29.399 16251 16324 I MicroRecognitionRunner: Stopping hotword detection.
10-30 14:03:29.404   238   285 I SoundTriggerHwService::Module: void android::SoundTriggerHwService::Module::onCallbackEvent(const sp<android::SoundTriggerHwService::CallbackEvent> &) mClient == 0
10-30 14:03:29.415 16251 25956 I MicroRecognitionRunner: Detection finished
10-30 14:03:29.417  1084  1084 I MemoryTrimmer: Trimming objects from memory, since app is in the background.
10-30 14:03:29.428 16251 16251 I MemoryTrimmer: Trimming objects from memory, since app is in the background.
10-30 14:03:29.476   600 13558 I ActivityManager: Start proc 26079:com.google.android.gms/u0a8 for service com.google.android.gms/.chimera.GmsIntentOperationService
10-30 14:03:29.560 26049 26066 I cr_VariationsSeedFetch: Fetched first run seed in 291 ms
10-30 14:03:29.599   600  3675 I ActivityManager: Start proc 26095:com.android.chrome:sandboxed_process0/u0i142 for service com.android.chrome/org.chromium.content.app.SandboxedProcessService0
10-30 14:03:29.661 26095 26095 W dboxed_process0: type=1400 audit(0.0:6949): avc: denied { getattr } for path="/data/data/com.android.chrome" dev="dm-2" ino=12190 scontext=u:r:isolated_app:s0:c512,c768 tcontext=u:object_r:app_data_file:s0:c512,c768 tclass=dir permissive=0
10-30 14:03:29.699 26095 26095 I cr_ChildProcessService: Creating new ChildProcessService pid=26095
10-30 14:03:29.710 26079 26079 W ResourceType: ResTable_typeSpec entry count inconsistent: given 67, previously 69
10-30 14:03:29.710 26079 26079 W ResourceType: ResTable_typeSpec entry count inconsistent: given 5346, previously 5347
10-30 14:03:29.937   600  3994 I ActivityManager: Start proc 26123:com.android.chrome:privileged_process0/u0a35 for service com.android.chrome/org.chromium.content.app.PrivilegedProcessService0
10-30 14:03:30.042 26049 26070 W ConnectionStatusConfig: Dynamic lookup for intent failed for action: com.google.android.gms.auth.key.retrieval.service.START
10-30 14:03:30.057 26079 26079 W art     : Verification of void rvg.onCreate() took 172.325ms
10-30 14:03:30.059 26123 26123 I cr_ChildProcessService: Creating new ChildProcessService pid=26123
10-30 14:03:30.099 26049 26070 W ConnectionStatusConfig: Dynamic lookup for intent failed for action: com.google.android.gms.auth.key.retrieval.service.START
10-30 14:03:30.111   600   611 W ActivityManager: Unable to start service Intent { act=com.google.android.gms.auth.key.retrieval.service.START pkg=com.google.android.gms } U=0: not found
10-30 14:03:30.116   600 17381 W ActivityManager: Unbind failed: could not find connection for android.os.BinderProxy@6b72b68
10-30 14:03:30.117 26049 26070 E GmsClient: unable to connect to service: com.google.android.gms.auth.key.retrieval.service.START on com.google.android.gms
10-30 14:03:30.126 26123 26139 I cr_LibraryLoader: Loaded native library version number "85.0.4183.127"
10-30 14:03:30.126 26123 26139 I cr_CachingUmaRecorder: Flushed 1 samples from 1 histograms.
10-30 14:03:30.140 26123 26139 E libEGL  : validate_display:99 error 3008 (EGL_BAD_DISPLAY)
10-30 14:03:30.159 26049 26049 W cr_KnoxSettingsProvider: Permission to read device policy denied.
10-30 14:03:30.418 26049 26049 I Choreographer: Skipped 31 frames!  The application may be doing too much work on its main thread.
10-30 14:03:30.665 26079 26079 W ResourceType: ResTable_typeSpec entry count inconsistent: given 67, previously 69
10-30 14:03:30.665 26079 26079 W ResourceType: ResTable_typeSpec entry count inconsistent: given 5346, previously 5347
10-30 14:03:30.746 26079 26079 W ProviderHelper: Unknown dynamite feature providerinstaller
10-30 14:03:30.747 26079 26079 I DynamiteModule: Considering local module com.google.android.gms.providerinstaller:1 and remote module com.google.android.gms.providerinstaller:0
10-30 14:03:30.747 26079 26079 I DynamiteModule: Selected local version of com.google.android.gms.providerinstaller
10-30 14:03:30.763 26079 26079 V NativeCrypto: Registering com/google/android/gms/org/conscrypt/NativeCrypto's 288 native methods...
10-30 14:03:30.830 26079 26079 D NetworkSecurityConfig: Using Network Security Config from resource network_security_config debugBuild: false
10-30 14:03:30.840 26079 26079 I ProviderInstaller: Installed default security provider GmsCore_OpenSSL
10-30 14:03:30.840 26079 26079 I Safeboot: Checking safeboot...
10-30 14:03:30.840 26079 26079 I Safeboot: Not entering safeboot; wrong process.
10-30 14:03:30.959 26079 26079 I Watchcat: Started
10-30 14:03:30.976 26079 26079 I GMS_MM_Logger: Started.
10-30 14:03:30.977 26079 26079 I bfrm    : Primes not initialized, returning default (no-op) Primes instance which will ignore all calls. Please call Primes.initialize(...) before using any Primes API.
10-30 14:03:31.465   787  1259 W ProcessReaper: Memory state is: 100
10-30 14:03:39.245   787   787 W GCM     : broadcast intent callback: result=CANCELLED forIntent { act=com.google.android.c2dm.intent.RECEIVE pkg=com.opera.browser (has extras) }
10-30 14:03:39.497 16251 16251 I MemoryTrimmer: Trimming objects from memory, since app is in the background.
10-30 14:03:41.349 26182 26182 D AndroidRuntime: >>>>>> START com.android.internal.os.RuntimeInit uid 2000 <<<<<<
10-30 14:03:41.353 26182 26182 D AndroidRuntime: CheckJNI is OFF
10-30 14:03:41.416 26182 26182 D ICU     : No timezone override file found: /data/misc/zoneinfo/current/icu/icu_tzdata.dat
10-30 14:03:41.450 26182 26182 I Radio-JNI: register_android_hardware_Radio DONE
10-30 14:03:41.464 26182 26182 D AndroidRuntime: Calling main entry com.android.commands.monkey.Monkey
10-30 14:03:41.571   600   613 W BroadcastQueue: Skipping deliver [background] BroadcastRecord{a8c7dc8 u-1 android.net.conn.CONNECTIVITY_CHANGE} to ReceiverList{cd4ae61 26182 (unknown name)/2000/u-1 remote:2dd9fba}: process crashing
10-30 14:03:43.120 26182 26182 D MonkeyStub: translateCommand: wake
10-30 14:03:43.242 26182 26182 D MonkeyStub: translateCommand: tap 398 1198
10-30 14:03:45.308 26182 26182 D MonkeyStub: translateCommand: tap 720 1506
10-30 14:03:45.531 26079 26079 W ModuleManager: Unable to get current module's fulfilled APIs in ModuleManager created with non-module Context
10-30 14:03:45.565 26079 26092 I DynamiteModule: Considering local module com.google.android.gms.googlecertificates:6 and remote module com.google.android.gms.googlecertificates:6
10-30 14:03:45.565 26079 26092 I DynamiteModule: Selected local version of com.google.android.gms.googlecertificates
10-30 14:03:45.612 26079 26092 I PeopleChimeraService: onService. callbacks = aaik@e4502c8, request = com.google.android.gms.common.internal.GetServiceRequest@8eb4f61
10-30 14:03:45.612 26079 26090 I PeopleChimeraService: onService. callbacks = aaik@4668a86, request = com.google.android.gms.common.internal.GetServiceRequest@781ff47
10-30 14:03:45.786 26079 26202 I PeopleDatabaseHelper: cleanUpNonGplusAccounts done.
10-30 14:03:47.357 26182 26182 D MonkeyStub: translateCommand: tap 355 1480
10-30 14:03:47.378 26182 26182 D MonkeyStub: Quit requested
10-30 14:03:47.418   600 13558 I ActivityManager: START u0 {act=android.intent.action.VIEW flg=0x10008000 cmp=com.android.chrome/com.google.android.apps.chrome.Main (has extras)} from uid 10035 on display 0
10-30 14:03:47.441   600   614 I CwMcuSensor: CwMcuSensor::flush: fd = 239, sensors_id = 0, path = /sys/class/htc_sensorhub/sensor_hub/flush, err = 0
10-30 14:03:47.522 26182 26182 I art     : System.exit called, status: 6
10-30 14:03:47.522 26182 26182 I AndroidRuntime: VM exiting with result code 6.
10-30 14:03:47.574   600   600 E JavaBinder: !!! FAILED BINDER TRANSACTION !!!  (parcel size = 720)
10-30 14:03:47.583   600   600 E AccessibilityManagerService: Error during sending EventType: TYPE_WINDOW_CONTENT_CHANGED; EventTime: 76991610; PackageName: com.android.chrome; MovementGranularity: 0; Action: 0 [ ClassName: android.view.View; Text: []; ContentDescription: null; ItemCount: -1; CurrentItemIndex: -1; IsEnabled: true; IsPassword: false; IsChecked: false; IsFullScreen: false; Scrollable: false; BeforeText: null; FromIndex: -1; ToIndex: -1; ScrollX: -1; ScrollY: -1; MaxScrollX: -1; MaxScrollY: -1; AddedCount: -1; RemovedCount: -1; ParcelableData: null ]; recordCount: 0 to android.accessibilityservice.IAccessibilityServiceClient$Stub$Proxy@2293dc5
10-30 14:03:47.583   600   600 E AccessibilityManagerService: android.os.DeadObjectException: Transaction failed on small parcel; remote process probably died
10-30 14:03:47.583   600   600 E AccessibilityManagerService: 	at android.os.BinderProxy.transactNative(Native Method)
10-30 14:03:47.583   600   600 E AccessibilityManagerService: 	at android.os.BinderProxy.transact(Binder.java:615)
10-30 14:03:47.583   600   600 E AccessibilityManagerService: 	at android.accessibilityservice.IAccessibilityServiceClient$Stub$Proxy.onAccessibilityEvent(IAccessibilityServiceClient.java:191)
10-30 14:03:47.583   600   600 E AccessibilityManagerService: 	at com.android.server.accessibility.AccessibilityManagerService$Service.notifyAccessibilityEventInternal(AccessibilityManagerService.java:3245)
10-30 14:03:47.583   600   600 E AccessibilityManagerService: 	at com.android.server.accessibility.AccessibilityManagerService$Service.-wrap0(AccessibilityManagerService.java)
10-30 14:03:47.583   600   600 E AccessibilityManagerService: 	at com.android.server.accessibility.AccessibilityManagerService$Service$1.handleMessage(AccessibilityManagerService.java:2260)
10-30 14:03:47.583   600   600 E AccessibilityManagerService: 	at android.os.Handler.dispatchMessage(Handler.java:102)
10-30 14:03:47.583   600   600 E AccessibilityManagerService: 	at android.os.Looper.loop(Looper.java:154)
10-30 14:03:47.583   600   600 E AccessibilityManagerService: 	at com.android.server.SystemServer.run(SystemServer.java:349)
10-30 14:03:47.583   600   600 E AccessibilityManagerService: 	at com.android.server.SystemServer.main(SystemServer.java:219)
10-30 14:03:47.583   600   600 E AccessibilityManagerService: 	at java.lang.reflect.Method.invoke(Native Method)
10-30 14:03:47.583   600   600 E AccessibilityManagerService: 	at com.android.internal.os.ZygoteInit$MethodAndArgsCaller.run(ZygoteInit.java:886)
10-30 14:03:47.583   600   600 E AccessibilityManagerService: 	at com.android.internal.os.ZygoteInit.main(ZygoteInit.java:776)
10-30 14:03:47.587   600  3994 W WindowManager: Attempted to remove non-existing token: android.os.Binder@3b5fd86
10-30 14:03:47.596 26049 26049 E cr_CompositorSurfaceMgr: Transitioning to surface with format : -1
10-30 14:03:47.652   600   609 I art     : Background partial concurrent mark sweep GC freed 22559(1241KB) AllocSpace objects, 3(60KB) LOS objects, 33% free, 16MB/24MB, paused 1.012ms total 180.815ms
10-30 14:03:47.699 26049 26114 W cr_tabmodel: Starting to perform legacy migration.
10-30 14:03:47.700 26049 26114 W cr_tabmodel: Finished performing legacy migration.
10-30 14:03:47.700 26049 26114 W cr_tabmodel: Starting to perform multi-instance migration.
10-30 14:03:47.703 26049 26114 W cr_tabmodel: Finished performing multi-instance migration.
10-30 14:03:47.703 26049 26114 I cr_tabmodel: Starting to fetch tab list for tab_state0
10-30 14:03:47.703 26049 26114 I cr_tabmodel: State file does not exist.
10-30 14:03:47.703 26049 26114 I cr_tabmodel: Starting to fetch tab list for tab_state1
10-30 14:03:47.703 26049 26114 I cr_tabmodel: State file does not exist.
10-30 14:03:47.733 26049 26114 I cr_ADCP : No customization source found
10-30 14:03:47.793   600  3675 E BatteryStatsService: power: Missing API
10-30 14:03:47.799   600  3675 E BatteryStatsService: no controller energy info supplied
10-30 14:03:47.818   796   796 E PhoneInterfaceManager: [PhoneIntfMgr] queryModemActivityInfo: Empty response
10-30 14:03:47.822   600   620 I ActivityManager: Displayed com.android.chrome/com.google.android.apps.chrome.Main: +375ms
10-30 14:03:47.822 26049 26049 E cr_CompositorSurfaceMgr: Transitioning to surface with format : -1
10-30 14:03:47.826 26049 26049 E cr_CompositorSurfaceMgr: surfaceCreated format : 0
10-30 14:03:47.836   600  3675 E BatteryStatsService: modem info is invalid: ModemActivityInfo{ mTimestamp=0 mSleepTimeMs=0 mIdleTimeMs=0 mTxTimeMs[]=[0, 0, 0, 0, 0] mRxTimeMs=0 mEnergyUsed=0}
10-30 14:03:47.843 26049 26049 I cr_ContextualSearch: Tap suppression enabled: false
10-30 14:03:47.851 26049 26049 I cr_ChromeTabbedActivity: #initializeState
10-30 14:03:47.852 26049 26049 I cr_CipherFactory: #restoreFromBundle, no savedInstanceState.
10-30 14:03:47.852 26049 26049 I cr_tabmodel: #loadState, ignoreIncognitoFiles? true
10-30 14:03:48.096 26049 26049 I SchedulerApiWrapper: Create SchedulerApiMainThreadWrapper
10-30 14:03:48.106 26049 26049 I FeedSessionManagerImpl: FeedSessionManagerImpl has been created
10-30 14:03:48.106 26049 26049 I FeedAppLifecycleLstnr: onEnterForeground called
10-30 14:03:48.106 26049 26049 I FeedSessionManagerImpl: onLifecycleEvent foreground
10-30 14:03:48.107 26049 26049 I FeedSessionManagerImpl: Lazy initialization triggered, getUpdateConsumer
10-30 14:03:48.108 26049 26114 I TaskQueue: Execute task [IMMEDIATE - d: true, b: 0]: 30
10-30 14:03:48.109 26049 26049 I FeedRequestManagerImpl: trigger refresh 2
10-30 14:03:48.109 26049 26049 I TaskQueue:  - task [HEAD_INVALIDATE - d: true, b: 0]: 26
10-30 14:03:48.109 26049 26049 I FeedAppLifecycleLstnr: initialize called
10-30 14:03:48.110 26049 26049 I FeedSessionManagerImpl: onLifecycleEvent initialize
10-30 14:03:48.110 26049 26049 W FeedSessionManagerImpl: FeedSessionManagerImpl has previously been initialized
10-30 14:03:48.133 26049 26049 I ViewConfigCompat: Could not find method getScaledScrollFactor() on ViewConfiguration
10-30 14:03:48.140 26049 26049 I BasicStream: Setting 2 header views, currently have 0 headers
10-30 14:03:48.141 26049 26049 I BasicStream: Setting 2 header views, currently have 2 headers
10-30 14:03:48.212   600   619 D BluetoothManagerService: Message: 20
10-30 14:03:48.212   600   619 D BluetoothManagerService: Added callback: android.bluetooth.IBluetoothManagerCallback$Stub$Proxy@c17bcbe:true
10-30 14:03:48.215 26095 26108 I cr_LibraryLoader: Loaded native library version number "85.0.4183.127"
10-30 14:03:48.216 26095 26108 I cr_CachingUmaRecorder: Flushed 1 samples from 1 histograms.
10-30 14:03:48.232 26049 26049 E cr_IntentUtils: getBooleanExtra failed on intent null
10-30 14:03:48.240 26049 26049 I TimeoutSessionImpl: Using TimeoutSessionImpl
10-30 14:03:48.240 26049 26049 I FeedSessionManagerImpl: Delaying populateSession until initialization is finished
10-30 14:03:48.240 26049 26049 I TaskQueue:  - task [IMMEDIATE - d: true, b: 1]: 13
10-30 14:03:48.241 26049 26049 I MainThreadRunner: Running task [BasicStream onShow] on the Main Thread with a delay of 500 milliseconds
10-30 14:03:48.330 26049 26114 W SessionCache: Persisted Sessions were not found
10-30 14:03:48.330 26049 26114 I HeadSessionImpl: Initialize HEAD 0 items
10-30 14:03:48.332 26049 26114 I TaskQueue:  - task [BACKGROUND - d: true, b: 2]: 11
10-30 14:03:48.332 26049 26114 I TimingUtils: Task Timing 224ms, thread JardinExecutor | task : Initialization
10-30 14:03:48.333 26049 26114 I TaskQueue:  - Finished 30, time 225 ms
10-30 14:03:48.333 26049 26114 I TaskQueue: Execute task [HEAD_INVALIDATE - d: true, b: 2]: 26
10-30 14:03:48.336 26049 26114 I TimingUtils: Task Timing   2ms, thread JardinExecutor | task : getAllDismissLocalActions | size : 0
10-30 14:03:48.337 26049 26114 I TimingUtils: Task Timing   0ms, thread JardinExecutor | task : getSemanticProperties | size : 0
10-30 14:03:48.337 26049 26114 I MainThreadRunner: Running task [Check Tooltips] on the Main Thread
10-30 14:03:48.337 26049 26114 I TaskQueue:  * Starting starvation checks
10-30 14:03:48.337 26049 26114 I MainThreadRunner: Running task [starvationChecks] on the Main Thread with a delay of 6000 milliseconds
10-30 14:03:48.337 26049 26114 I TaskQueue:  - Finished 26, time 5 ms
10-30 14:03:48.337 26049 26114 I TaskQueue: Execute task [IMMEDIATE - d: true, b: 1]: 13
10-30 14:03:48.337 26049 26114 I FeedSessionManagerImpl: shouldSessionRequestData; hasContent(false), contentCreationTime(0), outstandingRequest(true)
10-30 14:03:48.337 26049 26114 I MainThreadRunner: Running task [SchedulerApiWrapper shouldSessionRequestData] on the Main Thread
10-30 14:03:48.347   600   707 I ActivityManager: Start proc 26223:com.android.chrome:sandboxed_process1/u0i143 for service com.android.chrome/org.chromium.content.app.SandboxedProcessService1
10-30 14:03:48.381   600  3675 I ActivityManager: Start proc 26229:com.android.chrome:sandboxed_process2/u0i144 for service com.android.chrome/org.chromium.content.app.SandboxedProcessService2
10-30 14:03:48.431   600  3509 I ActivityManager: Start proc 26237:com.android.chrome:sandboxed_process3/u0i145 for service com.android.chrome/org.chromium.content.app.SandboxedProcessService3
10-30 14:03:48.465   600   611 I ActivityManager: Start proc 26256:com.android.chrome:sandboxed_process4/u0i146 for service com.android.chrome/org.chromium.content.app.SandboxedProcessService4
10-30 14:03:48.526   237 26261 I art     : Starting a blocking GC HeapTrim
10-30 14:03:48.549   600  1076 I ActivityManager: Start proc 26280:com.android.chrome:sandboxed_process5/u0i147 for service com.android.chrome/org.chromium.content.app.SandboxedProcessService5
10-30 14:03:48.628 26223 26223 W dboxed_process1: type=1400 audit(0.0:6950): avc: denied { getattr } for path="/data/data/com.android.chrome" dev="dm-2" ino=12190 scontext=u:r:isolated_app:s0:c512,c768 tcontext=u:object_r:app_data_file:s0:c512,c768 tclass=dir permissive=0
10-30 14:03:48.653   600 24515 I ActivityManager: Start proc 26288:com.android.chrome:sandboxed_process6/u0i148 for service com.android.chrome/org.chromium.content.app.SandboxedProcessService6
10-30 14:03:48.694 26049 26049 I PlayCore: UID: [10035]  PID: [26049] SplitInstallService : deferredInstall([image_editor])
10-30 14:03:48.720 26049 26303 I PlayCore: UID: [10035]  PID: [26049] SplitInstallService : Initiate binding to the service.
10-30 14:03:48.738   600 24515 I ActivityManager: Start proc 26304:com.android.chrome:sandboxed_process7/u0i149 for service com.android.chrome/org.chromium.content.app.SandboxedProcessService7
10-30 14:03:48.738   600 27731 W ActivityManager: Unable to start service Intent { act=com.google.android.play.core.splitinstall.BIND_SPLIT_INSTALL_SERVICE pkg=com.android.vending } U=0: not found
10-30 14:03:48.744 26229 26229 W dboxed_process2: type=1400 audit(0.0:6951): avc: denied { getattr } for path="/data/data/com.android.chrome" dev="dm-2" ino=12190 scontext=u:r:isolated_app:s0:c512,c768 tcontext=u:object_r:app_data_file:s0:c512,c768 tclass=dir permissive=0
10-30 14:03:48.771 26237 26237 W dboxed_process3: type=1400 audit(0.0:6952): avc: denied { getattr } for path="/data/data/com.android.chrome" dev="dm-2" ino=12190 scontext=u:r:isolated_app:s0:c512,c768 tcontext=u:object_r:app_data_file:s0:c512,c768 tclass=dir permissive=0
10-30 14:03:48.802   600  3507 I ActivityManager: Start proc 26318:com.android.chrome:sandboxed_process8/u0i150 for service com.android.chrome/org.chromium.content.app.SandboxedProcessService8
10-30 14:03:48.822 26049 26049 I Choreographer: Skipped 59 frames!  The application may be doing too much work on its main thread.
10-30 14:03:48.828 26256 26256 W dboxed_process4: type=1400 audit(0.0:6953): avc: denied { getattr } for path="/data/data/com.android.chrome" dev="dm-2" ino=12190 scontext=u:r:isolated_app:s0:c512,c768 tcontext=u:object_r:app_data_file:s0:c512,c768 tclass=dir permissive=0
10-30 14:03:48.908 26223 26223 I cr_ChildProcessService: Creating new ChildProcessService pid=26223
10-30 14:03:49.004 26280 26280 W dboxed_process5: type=1400 audit(0.0:6954): avc: denied { getattr } for path="/data/data/com.android.chrome" dev="dm-2" ino=12190 scontext=u:r:isolated_app:s0:c512,c768 tcontext=u:object_r:app_data_file:s0:c512,c768 tclass=dir permissive=0
10-30 14:03:49.015 26049 26059 W art     : Suspending all threads took: 10.113ms
10-30 14:03:49.019 26229 26229 I cr_ChildProcessService: Creating new ChildProcessService pid=26229
10-30 14:03:49.037 26049 26059 I art     : Background sticky concurrent mark sweep GC freed 45842(2MB) AllocSpace objects, 26(576KB) LOS objects, 21% free, 9MB/12MB, paused 11.530ms total 143.037ms
10-30 14:03:49.075 26237 26237 I cr_ChildProcessService: Creating new ChildProcessService pid=26237
10-30 14:03:49.098 26288 26288 W dboxed_process6: type=1400 audit(0.0:6955): avc: denied { getattr } for path="/data/data/com.android.chrome" dev="dm-2" ino=12190 scontext=u:r:isolated_app:s0:c512,c768 tcontext=u:object_r:app_data_file:s0:c512,c768 tclass=dir permissive=0
10-30 14:03:49.144 26256 26256 I cr_ChildProcessService: Creating new ChildProcessService pid=26256
10-30 14:03:49.191 26304 26304 W dboxed_process7: type=1400 audit(0.0:6956): avc: denied { getattr } for path="/data/data/com.android.chrome" dev="dm-2" ino=12190 scontext=u:r:isolated_app:s0:c512,c768 tcontext=u:object_r:app_data_file:s0:c512,c768 tclass=dir permissive=0
10-30 14:03:49.201 26049 26049 I cr_tabmodel: Appending tabs being restored to metadata lists, 0, startingNormalCount: 1, startingIncognitoCount: 0
10-30 14:03:49.201 26049 26049 I cr_tabmodel: Serializing tab lists; counts: 1, 0
10-30 14:03:49.251 26318 26318 W dboxed_process8: type=1400 audit(0.0:6957): avc: denied { getattr } for path="/data/data/com.android.chrome" dev="dm-2" ino=12190 scontext=u:r:isolated_app:s0:c512,c768 tcontext=u:object_r:app_data_file:s0:c512,c768 tclass=dir permissive=0
10-30 14:03:49.262 26280 26280 I cr_ChildProcessService: Creating new ChildProcessService pid=26280
10-30 14:03:49.286 26049 26049 I TaskQueue:  - task [IMMEDIATE - d: true, b: 1]: 27
10-30 14:03:49.287 26049 26114 I FeedSessionManagerImpl: shouldSessionRequestDataResult: NO_REQUEST_WITH_WAIT, shouldMakeRequest(false), withTimeout(false), withAppend(false)
10-30 14:03:49.287 26049 26114 I TaskQueue:  - task [USER_FACING - d: true, b: 2]: 24
10-30 14:03:49.287 26049 26114 I TaskQueue:  - Finished 13, time 950 ms
10-30 14:03:49.287 26049 26114 I TaskQueue: Execute task [IMMEDIATE - d: true, b: 2]: 27
10-30 14:03:49.289 26049 26114 I FeedRequestManagerImpl: Consistency Token: # hU2@7bca4
10-30 14:03:49.313 26049 26114 I FeedRequestManagerImpl: Capability: FEED_UI
10-30 14:03:49.313 26049 26114 I FeedRequestManagerImpl: Capability: UNDOABLE_ACTIONS
10-30 14:03:49.313 26049 26114 I FeedRequestManagerImpl: Capability: MANAGE_INTERESTS
10-30 14:03:49.313 26049 26114 I FeedRequestManagerImpl: Capability: SEND_FEEDBACK
10-30 14:03:49.313 26049 26114 I FeedRequestManagerImpl: Capability: ARTICLE_SNIPPETS
10-30 14:03:49.313 26049 26114 I FeedRequestManagerImpl: Capability: CLICK_ACTION
10-30 14:03:49.313 26049 26114 I FeedRequestManagerImpl: Capability: VIEW_ACTION
10-30 14:03:49.313 26049 26114 I FeedRequestManagerImpl: Capability: REPORT_FEED_USER_ACTIONS_NOTICE_CARD
10-30 14:03:49.313 26049 26114 I FeedRequestManagerImpl: Capability: BASE_UI
10-30 14:03:49.338 26288 26288 I cr_ChildProcessService: Creating new ChildProcessService pid=26288
10-30 14:03:49.339 26223 26336 I cr_LibraryLoader: Loaded native library version number "85.0.4183.127"
10-30 14:03:49.339 26223 26336 I cr_CachingUmaRecorder: Flushed 1 samples from 1 histograms.
10-30 14:03:49.356 26049 26114 I FeedRequestManagerImpl: Making Request: /httpservice/noretry/DiscoverClankService/FeedQuery
10-30 14:03:49.356 26049 26114 I MainThreadRunner: Running task [NetworkClientWrapper send] on the Main Thread
10-30 14:03:49.356 26049 26114 I TaskQueue:  - Finished 27, time 69 ms
10-30 14:03:49.387 26229 26339 I cr_LibraryLoader: Loaded native library version number "85.0.4183.127"
10-30 14:03:49.388 26229 26339 I cr_CachingUmaRecorder: Flushed 1 samples from 1 histograms.
10-30 14:03:49.410 26304 26304 I cr_ChildProcessService: Creating new ChildProcessService pid=26304
10-30 14:03:49.443 26237 26341 I cr_LibraryLoader: Loaded native library version number "85.0.4183.127"
10-30 14:03:49.444 26237 26341 I cr_CachingUmaRecorder: Flushed 1 samples from 1 histograms.
10-30 14:03:49.463 26318 26318 I cr_ChildProcessService: Creating new ChildProcessService pid=26318
10-30 14:03:49.476 26256 26342 I cr_LibraryLoader: Loaded native library version number "85.0.4183.127"
10-30 14:03:49.476 26256 26342 I cr_CachingUmaRecorder: Flushed 1 samples from 1 histograms.
10-30 14:03:49.529   600  7064 I ActivityManager: Start proc 26353:com.android.chrome:sandboxed_process9/u0i151 for service com.android.chrome/org.chromium.content.app.SandboxedProcessService9
10-30 14:03:49.572   600 27731 I ActivityManager: Killing 26223:com.android.chrome:sandboxed_process1/u0a35i143 (adj 0): isolated not needed
10-30 14:03:49.630   600 24611 I ActivityManager: Killing 26229:com.android.chrome:sandboxed_process2/u0a35i144 (adj 0): isolated not needed
10-30 14:03:49.664 26049 26116 W cr_CrashFileManager: /data/user/0/com.android.chrome/cache/Crash Reports does not exist or is not a directory
10-30 14:03:49.665 26049 26116 W cr_CrashFileManager: /data/user/0/com.android.chrome/cache/Crash Reports does not exist or is not a directory
10-30 14:03:49.665 26049 26116 W cr_CrashFileManager: /data/user/0/com.android.chrome/cache/Crash Reports does not exist or is not a directory
10-30 14:03:49.667 26049 26094 I cr_BindingManager: Moderate binding enabled: maxSize=40
10-30 14:03:49.670 26280 26344 I cr_LibraryLoader: Loaded native library version number "85.0.4183.127"
10-30 14:03:49.671 26280 26344 I cr_CachingUmaRecorder: Flushed 1 samples from 1 histograms.
10-30 14:03:49.704 26049 26116 I cr_FileUtils: Writing to /data/user/0/com.android.chrome/app_dex/webapk7.dex
10-30 14:03:49.746 26288 26345 I cr_LibraryLoader: Loaded native library version number "85.0.4183.127"
10-30 14:03:49.747 26288 26345 I cr_CachingUmaRecorder: Flushed 1 samples from 1 histograms.
10-30 14:03:49.785 26237 26341 I chromium: [INFO:child_process_service.cc(69)] ChildProcessService: Exiting child process.
10-30 14:03:49.788   197   197 E lowmemorykiller: Error writing /proc/26237/oom_score_adj; errno=22
10-30 14:03:49.802 26049 26059 I art     : Background partial concurrent mark sweep GC freed 55394(2MB) AllocSpace objects, 26(512KB) LOS objects, 39% free, 10MB/17MB, paused 33.265ms total 389.910ms
10-30 14:03:49.835   600 24611 I ActivityManager: Process com.android.chrome:sandboxed_process3 (pid 26237) has died
10-30 14:03:49.835   600 24611 D ActivityManager: cleanUpApplicationRecord -- 26237
10-30 14:03:49.837 26049 26049 W chromium: [WARNING:compositor_view.cc(315)] Child process died (type=6) pid=26237)
10-30 14:03:49.839   600 24611 I ActivityManager: Killing 26256:com.android.chrome:sandboxed_process4/u0a35i146 (adj 0): isolated not needed
10-30 14:03:49.882 26049 26094 I cr_BindingManager: onTrimMemory: level=15, size=0
10-30 14:03:49.884 26353 26353 W dboxed_process9: type=1400 audit(0.0:6958): avc: denied { getattr } for path="/data/data/com.android.chrome" dev="dm-2" ino=12190 scontext=u:r:isolated_app:s0:c512,c768 tcontext=u:object_r:app_data_file:s0:c512,c768 tclass=dir permissive=0
10-30 14:03:49.932   600  9614 I ActivityManager: Killing 26288:com.android.chrome:sandboxed_process6/u0a35i148 (adj 0): isolated not needed
10-30 14:03:49.939 26304 26346 I cr_LibraryLoader: Loaded native library version number "85.0.4183.127"
10-30 14:03:49.941 26304 26346 I cr_CachingUmaRecorder: Flushed 1 samples from 1 histograms.
10-30 14:03:49.943 26318 26352 I cr_LibraryLoader: Loaded native library version number "85.0.4183.127"
10-30 14:03:49.945 26280 26344 I chromium: [INFO:child_process_service.cc(69)] ChildProcessService: Exiting child process.
10-30 14:03:49.959 26318 26352 I cr_CachingUmaRecorder: Flushed 1 samples from 1 histograms.
10-30 14:03:50.099 26304 26346 I chromium: [INFO:child_process_service.cc(69)] ChildProcessService: Exiting child process.
10-30 14:03:50.102   197   197 E lowmemorykiller: Error writing /proc/26304/oom_score_adj; errno=22
10-30 14:03:50.116 26318 26352 I chromium: [INFO:child_process_service.cc(69)] ChildProcessService: Exiting child process.
10-30 14:03:50.119   600 29683 I ActivityManager: Process com.android.chrome:sandboxed_process7 (pid 26304) has died
10-30 14:03:50.119   600 29683 D ActivityManager: cleanUpApplicationRecord -- 26304
10-30 14:03:50.119   600 29683 I ActivityManager: Killing 26318:com.android.chrome:sandboxed_process8/u0a35i150 (adj 0): isolated not needed
10-30 14:03:50.120   600 29683 I ActivityManager: Killing 26280:com.android.chrome:sandboxed_process5/u0a35i147 (adj 0): isolated not needed
10-30 14:03:50.122 26049 26049 W chromium: [WARNING:compositor_view.cc(315)] Child process died (type=6) pid=26304)
10-30 14:03:50.126 26353 26353 I cr_ChildProcessService: Creating new ChildProcessService pid=26353
10-30 14:03:50.352 26353 26390 I cr_LibraryLoader: Loaded native library version number "85.0.4183.127"
10-30 14:03:50.353 26353 26390 I cr_CachingUmaRecorder: Flushed 1 samples from 1 histograms.
10-30 14:03:50.406 26379 26379 I dex2oat : /system/bin/dex2oat --dex-file=/data/user/0/com.android.chrome/app_dex/webapk7.dex --oat-fd=190 --oat-location=/data/user/0/com.android.chrome/app_dex/oat/arm/webapk7.dex --compiler-filter=speed
10-30 14:03:50.470 26218 26218 D AndroidRuntime: >>>>>> START com.android.internal.os.RuntimeInit uid 2000 <<<<<<
10-30 14:03:50.493 26218 26218 D AndroidRuntime: CheckJNI is OFF
10-30 14:03:50.507   600   610 I ActivityManager: Start proc 26401:com.android.chrome:sandboxed_process10/u0i152 for service com.android.chrome/org.chromium.content.app.SandboxedProcessService10
10-30 14:03:50.507 26353 26390 I chromium: [INFO:child_process_service.cc(69)] ChildProcessService: Exiting child process.
10-30 14:03:50.524 26079 26089 I art     : Background partial concurrent mark sweep GC freed 4157(405KB) AllocSpace objects, 4(80KB) LOS objects, 39% free, 4MB/7MB, paused 5.081ms total 65.457ms
10-30 14:03:50.568   600   713 I ActivityManager: Start proc 26407:com.android.chrome:sandboxed_process11/u0i153 for service com.android.chrome/org.chromium.content.app.SandboxedProcessService11
10-30 14:03:50.603   600 24515 I ActivityManager: Start proc 26418:com.android.chrome:sandboxed_process12/u0i154 for service com.android.chrome/org.chromium.content.app.SandboxedProcessService12
10-30 14:03:50.604   600  1080 I ActivityManager: Killing 26353:com.android.chrome:sandboxed_process9/u0a35i151 (adj 0): isolated not needed
10-30 14:03:50.634   600  6312 I ActivityManager: Start proc 26427:com.android.chrome:sandboxed_process13/u0i155 for service com.android.chrome/org.chromium.content.app.SandboxedProcessService13
10-30 14:03:50.651   600 13557 I ActivityManager: Start proc 26438:android.process.acore/u0a3 for content provider com.android.providers.contacts/.ContactsProvider2
10-30 14:03:50.701   600  7064 I ActivityManager: Start proc 26452:com.android.chrome:sandboxed_process14/u0i156 for service com.android.chrome/org.chromium.content.app.SandboxedProcessService14
10-30 14:03:50.758 26401 26401 W boxed_process10: type=1400 audit(0.0:6959): avc: denied { getattr } for path="/data/data/com.android.chrome" dev="dm-2" ino=12190 scontext=u:r:isolated_app:s0:c512,c768 tcontext=u:object_r:app_data_file:s0:c512,c768 tclass=dir permissive=0
10-30 14:03:50.767   600 24611 I ActivityManager: Start proc 26470:com.android.chrome:sandboxed_process15/u0i157 for service com.android.chrome/org.chromium.content.app.SandboxedProcessService15
10-30 14:03:50.804 26407 26407 W boxed_process11: type=1400 audit(0.0:6960): avc: denied { getattr } for path="/data/data/com.android.chrome" dev="dm-2" ino=12190 scontext=u:r:isolated_app:s0:c512,c768 tcontext=u:object_r:app_data_file:s0:c512,c768 tclass=dir permissive=0
10-30 14:03:50.814 26418 26418 W boxed_process12: type=1400 audit(0.0:6961): avc: denied { getattr } for path="/data/data/com.android.chrome" dev="dm-2" ino=12190 scontext=u:r:isolated_app:s0:c512,c768 tcontext=u:object_r:app_data_file:s0:c512,c768 tclass=dir permissive=0
10-30 14:03:50.856 26438 26438 W System  : ClassLoader referenced unknown path: /system/priv-app/ContactsProvider/lib/arm64
10-30 14:03:50.884 26427 26427 W boxed_process13: type=1400 audit(0.0:6962): avc: denied { getattr } for path="/data/data/com.android.chrome" dev="dm-2" ino=12190 scontext=u:r:isolated_app:s0:c512,c768 tcontext=u:object_r:app_data_file:s0:c512,c768 tclass=dir permissive=0
10-30 14:03:50.907 26401 26401 I cr_ChildProcessService: Creating new ChildProcessService pid=26401
10-30 14:03:50.930 26407 26407 I cr_ChildProcessService: Creating new ChildProcessService pid=26407
10-30 14:03:50.931 26452 26452 W boxed_process14: type=1400 audit(0.0:6963): avc: denied { getattr } for path="/data/data/com.android.chrome" dev="dm-2" ino=12190 scontext=u:r:isolated_app:s0:c512,c768 tcontext=u:object_r:app_data_file:s0:c512,c768 tclass=dir permissive=0
10-30 14:03:50.951 26418 26418 I cr_ChildProcessService: Creating new ChildProcessService pid=26418
10-30 14:03:50.971 26470 26470 W boxed_process15: type=1400 audit(0.0:6964): avc: denied { getattr } for path="/data/data/com.android.chrome" dev="dm-2" ino=12190 scontext=u:r:isolated_app:s0:c512,c768 tcontext=u:object_r:app_data_file:s0:c512,c768 tclass=dir permissive=0
10-30 14:03:51.009 26427 26427 I cr_ChildProcessService: Creating new ChildProcessService pid=26427
10-30 14:03:51.019 26438 26462 W art     : Suspending all threads took: 11.736ms
10-30 14:03:51.032 26079 26398 I Icing   : IndexChimeraService.getServiceInterface callingPackage=com.android.chrome componentName=null serviceId=36
10-30 14:03:51.032 26079 26493 I Icing   : IndexChimeraService.getServiceInterface callingPackage=com.google.android.gms componentName=null serviceId=36
10-30 14:03:51.050 26438 26462 I art     : Background sticky concurrent mark sweep GC freed 15221(676KB) AllocSpace objects, 0(0B) LOS objects, 52% free, 3MB/6MB, paused 12.946ms total 60.821ms
10-30 14:03:51.051 26452 26452 I cr_ChildProcessService: Creating new ChildProcessService pid=26452
10-30 14:03:51.068 26218 26218 D ICU     : No timezone override file found: /data/misc/zoneinfo/current/icu/icu_tzdata.dat
10-30 14:03:51.093 26470 26470 I cr_ChildProcessService: Creating new ChildProcessService pid=26470
10-30 14:03:51.119 26438 26438 I ContactsPerf: VoicemailContentProvider.onCreate start
10-30 14:03:51.128 26438 26438 I ContactsPerf: VoicemailContentProvider.onCreate finish
10-30 14:03:51.131 26401 26492 I cr_LibraryLoader: Loaded native library version number "85.0.4183.127"
10-30 14:03:51.136 26438 26438 W System  : ClassLoader referenced unknown path: /system/priv-app/BlockedNumberProvider/lib/arm64
10-30 14:03:51.136 26401 26492 I cr_CachingUmaRecorder: Flushed 1 samples from 1 histograms.
10-30 14:03:51.138 26438 26438 D ApplicationLoaders: ignored Vulkan layer search path /system/priv-app/BlockedNumberProvider/lib/arm64:/system/lib64:/vendor/lib64 for namespace 0x7f9ac4d0f0
10-30 14:03:51.165 26407 26494 I cr_LibraryLoader: Loaded native library version number "85.0.4183.127"
10-30 14:03:51.166 26407 26494 I cr_CachingUmaRecorder: Flushed 1 samples from 1 histograms.
10-30 14:03:51.171 26427 26497 I cr_LibraryLoader: Loaded native library version number "85.0.4183.127"
10-30 14:03:51.172 26427 26497 I cr_CachingUmaRecorder: Flushed 1 samples from 1 histograms.
10-30 14:03:51.173 26438 26438 W System  : ClassLoader referenced unknown path: /system/app/UserDictionaryProvider/lib/arm64
10-30 14:03:51.183 26438 26438 D ApplicationLoaders: ignored Vulkan layer search path /system/app/UserDictionaryProvider/lib/arm64:/system/lib64:/vendor/lib64 for namespace 0x7f9ac4d160
10-30 14:03:51.203 26418 26496 I cr_LibraryLoader: Loaded native library version number "85.0.4183.127"
10-30 14:03:51.204 26418 26496 I cr_CachingUmaRecorder: Flushed 1 samples from 1 histograms.
10-30 14:03:51.263 26218 26218 I Radio-JNI: register_android_hardware_Radio DONE
10-30 14:03:51.296 26218 26218 D AndroidRuntime: Calling main entry com.android.commands.am.Am
10-30 14:03:51.332   600  3507 I ActivityManager: START u0 {act=android.intent.action.VIEW dat=http://192.168.40.1/... flg=0x10000000 cmp=com.android.chrome/com.google.android.apps.chrome.Main} from uid 2000 on display 0
10-30 14:03:51.335 26218 26218 D AndroidRuntime: Shutting down VM
10-30 14:03:51.360 26379 26379 I dex2oat : dex2oat took 962.022ms (threads: 2) arena alloc=771KB (790272B) java alloc=104KB (107184B) native alloc=559KB (573400B) free=1488KB (1523752B)
10-30 14:03:51.421 26407 26494 I chromium: [INFO:child_process_service.cc(69)] ChildProcessService: Exiting child process.
10-30 14:03:51.421 26401 26492 I chromium: [INFO:child_process_service.cc(69)] ChildProcessService: Exiting child process.
10-30 14:03:51.424 26452 26501 I cr_LibraryLoader: Loaded native library version number "85.0.4183.127"
10-30 14:03:51.425 26452 26501 I cr_CachingUmaRecorder: Flushed 1 samples from 1 histograms.
10-30 14:03:51.426 26049 26303 I PlayCore: UID: [10035]  PID: [26049] SplitInstallService : Failed to bind to the service.
10-30 14:03:51.429 26470 26504 I cr_LibraryLoader: Loaded native library version number "85.0.4183.127"
10-30 14:03:51.430 26470 26504 I cr_CachingUmaRecorder: Flushed 1 samples from 1 histograms.
10-30 14:03:51.431 26418 26496 I chromium: [INFO:child_process_service.cc(69)] ChildProcessService: Exiting child process.
10-30 14:03:51.432 26427 26497 I chromium: [INFO:child_process_service.cc(69)] ChildProcessService: Exiting child process.
10-30 14:03:51.444 26079 26391 I Icing   : Storage manager: low false usage 1.98MB avail 5.39GB capacity 11.05GB
10-30 14:03:51.444   600   609 W art     : Suspending all threads took: 60.756ms
10-30 14:03:51.448   197   197 E lowmemorykiller: Error writing /proc/26407/oom_score_adj; errno=22
10-30 14:03:51.450   197   197 E lowmemorykiller: Error writing /proc/26401/oom_score_adj; errno=22
10-30 14:03:51.456   197   197 E lowmemorykiller: Error writing /proc/26418/oom_score_adj; errno=22
10-30 14:03:51.457   197   197 E lowmemorykiller: Error writing /proc/26427/oom_score_adj; errno=22
