--------- beginning of main
10-30 12:29:19.401 24137 24137 D AndroidRuntime: >>>>>> START com.android.internal.os.RuntimeInit uid 2000 <<<<<<
10-30 12:29:19.405 24137 24137 D AndroidRuntime: CheckJNI is OFF
10-30 12:29:19.478 24137 24137 D ICU     : No timezone override file found: /data/misc/zoneinfo/current/icu/icu_tzdata.dat
10-30 12:29:19.510 24137 24137 I Radio-JNI: register_android_hardware_Radio DONE
10-30 12:29:19.528 24137 24137 D AndroidRuntime: Calling main entry com.android.commands.am.Am
--------- beginning of system
10-30 12:29:19.546   600  2707 I ActivityManager: Force stopping com.android.chrome appid=10035 user=0: from pid 24137
10-30 12:29:19.546   600  2707 I ActivityManager: Killing 23457:com.android.chrome/u0a35 (adj 902): stop com.android.chrome
10-30 12:29:19.546   600  2707 D ActivityManager: cleanUpApplicationRecord -- 23457
10-30 12:29:19.557  1061  1061 D RegisteredNfcFServicesCache: Service unchanged, not updating
10-30 12:29:19.804   600  3994 I ActivityManager: START u0 {act=android.intent.action.VIEW flg=0x10008000 cmp=com.android.chrome/com.google.android.apps.chrome.Main} from uid 2000 on display 0
10-30 12:29:19.837 24137 24137 D AndroidRuntime: Shutting down VM
10-30 12:29:19.862   600   611 I ActivityManager: Start proc 24147:com.android.chrome/u0a35 for activity com.android.chrome/com.google.android.apps.chrome.Main
10-30 12:29:20.020   600   707 I ActivityManager: START u0 {cmp=com.android.chrome/org.chromium.chrome.browser.firstrun.TabbedModeFirstRunActivity (has extras)} from uid 10035 on display 0
10-30 12:29:20.048 24147 24164 W DynamiteModule: Local module descriptor class for com.google.android.gms.googlecertificates not found.
10-30 12:29:20.059 24147 24157 I art     : Background partial concurrent mark sweep GC freed 6409(495KB) AllocSpace objects, 0(0B) LOS objects, 39% free, 3MB/6MB, paused 6.215ms total 18.987ms
10-30 12:29:20.075 24147 24164 I DynamiteModule: Considering local module com.google.android.gms.googlecertificates:0 and remote module com.google.android.gms.googlecertificates:6
10-30 12:29:20.075 24147 24164 I DynamiteModule: Selected remote version of com.google.android.gms.googlecertificates, version >= 6
10-30 12:29:20.196 24147 24164 W System  : ClassLoader referenced unknown path: 
10-30 12:29:20.201 24147 24164 D ApplicationLoaders: ignored Vulkan layer search path /data/app/com.google.android.gms-1/lib/arm:/data/app/com.google.android.gms-1/base.apk!/lib/armeabi-v7a:/data/app/com.google.android.gms-1/split_config.en.apk!/lib/armeabi-v7a for namespace 0xf4a47090
10-30 12:29:20.204 24147 24164 W ResourceType: ResTable_typeSpec entry count inconsistent: given 67, previously 69
10-30 12:29:20.204 24147 24164 W ResourceType: ResTable_typeSpec entry count inconsistent: given 5346, previously 5347
10-30 12:29:20.206 24147 24166 I cr_LibraryLoader: Loaded native library version number "85.0.4183.127"
10-30 12:29:20.207 24147 24166 I cr_CachingUmaRecorder: Flushed 10 samples from 10 histograms.
10-30 12:29:20.227 24147 24167 I OpenGLRenderer: Initialized EGL, version 1.4
10-30 12:29:20.227 24147 24167 D OpenGLRenderer: Swap behavior 2
10-30 12:29:20.245 24147 24164 I DynamiteLoaderV2Impl: [70] Googlecertificates
10-30 12:29:20.267 24147 24164 W System  : ClassLoader referenced unknown path: /data/user_de/0/com.google.android.gms/app_chimera/m/00000061/n/armeabi-v7a
10-30 12:29:20.267 24147 24164 W System  : ClassLoader referenced unknown path: /data/user_de/0/com.google.android.gms/app_chimera/m/00000061/n/armeabi
10-30 12:29:20.409   600   620 I ActivityManager: Displayed com.android.chrome/org.chromium.chrome.browser.firstrun.TabbedModeFirstRunActivity: +332ms (total +580ms)
10-30 12:29:20.415   600   620 W WindowManager: Failed looking up window
10-30 12:29:20.415   600   620 W WindowManager: java.lang.IllegalArgumentException: Requested window android.view.ViewRootImpl$W@5d05a3a does not exist
10-30 12:29:20.415   600   620 W WindowManager: 	at com.android.server.wm.WindowManagerService.windowForClientLocked(WindowManagerService.java:9422)
10-30 12:29:20.415   600   620 W WindowManager: 	at com.android.server.wm.WindowManagerService.windowForClientLocked(WindowManagerService.java:9413)
10-30 12:29:20.415   600   620 W WindowManager: 	at com.android.server.wm.WindowManagerService.removeWindow(WindowManagerService.java:2393)
10-30 12:29:20.415   600   620 W WindowManager: 	at com.android.server.wm.Session.remove(Session.java:202)
10-30 12:29:20.415   600   620 W WindowManager: 	at android.view.ViewRootImpl.dispatchDetachedFromWindow(ViewRootImpl.java:3290)
10-30 12:29:20.415   600   620 W WindowManager: 	at android.view.ViewRootImpl.doDie(ViewRootImpl.java:5917)
10-30 12:29:20.415   600   620 W WindowManager: 	at android.view.ViewRootImpl$ViewRootHandler.handleMessage(ViewRootImpl.java:3626)
10-30 12:29:20.415   600   620 W WindowManager: 	at android.os.Handler.dispatchMessage(Handler.java:102)
10-30 12:29:20.415   600   620 W WindowManager: 	at android.os.Looper.loop(Looper.java:154)
10-30 12:29:20.415   600   620 W WindowManager: 	at android.os.HandlerThread.run(HandlerThread.java:61)
10-30 12:29:20.415   600   620 W WindowManager: 	at com.android.server.ServiceThread.run(ServiceThread.java:46)
10-30 12:29:20.430   787  1259 E apju    : Phenotype API error. Event # cdub@d93548fb, EventCode: 7 [CONTEXT service_id=51 ]
10-30 12:29:20.430   787  1259 E apju    : apiz: 29505: No config packages for log source, or config package not registered
10-30 12:29:20.430   787  1259 E apju    : 	at apkj.b(:com.google.android.gms@203915020@20.39.15 (040406-335085812):7)
10-30 12:29:20.430   787  1259 E apju    : 	at apkg.b(:com.google.android.gms@203915020@20.39.15 (040406-335085812):2)
10-30 12:29:20.430   787  1259 E apju    : 	at apju.a(:com.google.android.gms@203915020@20.39.15 (040406-335085812):85)
10-30 12:29:20.430   787  1259 E apju    : 	at apju.a(:com.google.android.gms@203915020@20.39.15 (040406-335085812):80)
10-30 12:29:20.430   787  1259 E apju    : 	at aain.run(:com.google.android.gms@203915020@20.39.15 (040406-335085812):7)
10-30 12:29:20.430   787  1259 E apju    : 	at boex.run(:com.google.android.gms@203915020@20.39.15 (040406-335085812):2)
10-30 12:29:20.430   787  1259 E apju    : 	at sup.b(:com.google.android.gms@203915020@20.39.15 (040406-335085812):12)
10-30 12:29:20.430   787  1259 E apju    : 	at sup.run(:com.google.android.gms@203915020@20.39.15 (040406-335085812):7)
10-30 12:29:20.430   787  1259 E apju    : 	at java.util.concurrent.ThreadPoolExecutor.runWorker(ThreadPoolExecutor.java:1133)
10-30 12:29:20.430   787  1259 E apju    : 	at java.util.concurrent.ThreadPoolExecutor$Worker.run(ThreadPoolExecutor.java:607)
10-30 12:29:20.430   787  1259 E apju    : 	at tam.run(:com.google.android.gms@203915020@20.39.15 (040406-335085812):0)
10-30 12:29:20.430   787  1259 E apju    : 	at java.lang.Thread.run(Thread.java:761)
10-30 12:29:20.432   787  1259 E AsyncOperation: serviceID=51, operation=GetExperimentTokensOperationCall [CONTEXT service_id=259 ]
10-30 12:29:20.432   787  1259 E AsyncOperation: OperationException[Status{statusCode=No config packages for log source, or config package not registered, resolution=null}]
10-30 12:29:20.432   787  1259 E AsyncOperation: 	at apju.a(:com.google.android.gms@203915020@20.39.15 (040406-335085812):87)
10-30 12:29:20.432   787  1259 E AsyncOperation: 	at apju.a(:com.google.android.gms@203915020@20.39.15 (040406-335085812):80)
10-30 12:29:20.432   787  1259 E AsyncOperation: 	at aain.run(:com.google.android.gms@203915020@20.39.15 (040406-335085812):7)
10-30 12:29:20.432   787  1259 E AsyncOperation: 	at boex.run(:com.google.android.gms@203915020@20.39.15 (040406-335085812):2)
10-30 12:29:20.432   787  1259 E AsyncOperation: 	at sup.b(:com.google.android.gms@203915020@20.39.15 (040406-335085812):12)
10-30 12:29:20.432   787  1259 E AsyncOperation: 	at sup.run(:com.google.android.gms@203915020@20.39.15 (040406-335085812):7)
10-30 12:29:20.432   787  1259 E AsyncOperation: 	at java.util.concurrent.ThreadPoolExecutor.runWorker(ThreadPoolExecutor.java:1133)
10-30 12:29:20.432   787  1259 E AsyncOperation: 	at java.util.concurrent.ThreadPoolExecutor$Worker.run(ThreadPoolExecutor.java:607)
10-30 12:29:20.432   787  1259 E AsyncOperation: 	at tam.run(:com.google.android.gms@203915020@20.39.15 (040406-335085812):0)
10-30 12:29:20.432   787  1259 E AsyncOperation: 	at java.lang.Thread.run(Thread.java:761)
10-30 12:29:20.441 24147 24164 D NetworkSecurityConfig: Using Network Security Config from resource 0_resource_name_obfuscated debugBuild: false
10-30 12:29:20.447   787   805 I FontLog : Received query Google Sans, URI content://com.google.android.gms.fonts [CONTEXT service_id=132 ]
10-30 12:29:20.448   787   805 I FontLog : Query [Google Sans] resolved to {Google Sans, wdth 100.0, wght 400, ital 0.0, bestEffort false} [CONTEXT service_id=132 ]
10-30 12:29:20.454   787   805 I FontLog : Font PFD returned from cache for {Google Sans, wdth 100.0, wght 400, ital 0.0, bestEffort false} [CONTEXT service_id=132 ]
10-30 12:29:20.454   787   805 I FontLog : Fetch {Google Sans, wdth 100.0, wght 400, ital 0.0, bestEffort false} end status Status{statusCode=SUCCESS, resolution=null} [CONTEXT service_id=132 ]
10-30 12:29:20.482   787 28591 I FontLog : Pulling font file for id = 820, cache size = 7 [CONTEXT service_id=132 ]
10-30 12:29:20.522   787 28588 I FontLog : Received query Google Sans:500, URI content://com.google.android.gms.fonts [CONTEXT service_id=132 ]
10-30 12:29:20.582   787 28588 I FontLog : Query [Google Sans:500] resolved to {Google Sans, wdth 100.0, wght 500, ital 0.0, bestEffort false} [CONTEXT service_id=132 ]
10-30 12:29:20.590   787 28588 I FontLog : Font PFD returned from cache for {Google Sans, wdth 100.0, wght 500, ital 0.0, bestEffort false} [CONTEXT service_id=132 ]
10-30 12:29:20.591   787 28588 I FontLog : Fetch {Google Sans, wdth 100.0, wght 500, ital 0.0, bestEffort false} end status Status{statusCode=SUCCESS, resolution=null} [CONTEXT service_id=132 ]
10-30 12:29:20.653 13728 13796 W SearchService: Abort, client detached.
10-30 12:29:20.667  1084  1084 I MemoryTrimmer: Trimming objects from memory, since app is in the background.
10-30 12:29:20.677   787  1174 I FontLog : Pulling font file for id = 821, cache size = 6 [CONTEXT service_id=132 ]
10-30 12:29:20.682 13728 24050 I DeviceStateChecker: DeviceStateChecker cancelled
10-30 12:29:20.683 13728 13728 I MicroDetector: Keeping mic open: false
10-30 12:29:20.685 13728 13760 I AudioController: internalShutdown
10-30 12:29:20.685 13728 13760 I MicrophoneInputStream: mic_close com.google.android.apps.gsa.speech.audio.ae@95a2704
10-30 12:29:20.688 13728 13800 I MicroRecognitionRunner: Stopping hotword detection.
10-30 12:29:20.693 13728 13728 I MemoryTrimmer: Trimming objects from memory, since app is in the background.
10-30 12:29:20.707   238   285 I SoundTriggerHwService::Module: void android::SoundTriggerHwService::Module::onCallbackEvent(const sp<android::SoundTriggerHwService::CallbackEvent> &) mClient == 0
10-30 12:29:20.720 24147 24164 I cr_VariationsSeedFetch: Fetched first run seed in 281 ms
10-30 12:29:20.725 13728 24051 I MicroRecognitionRunner: Detection finished
10-30 12:29:20.750   600  2707 I ActivityManager: Start proc 24184:com.android.chrome:sandboxed_process0/u0i634 for service com.android.chrome/org.chromium.content.app.SandboxedProcessService0
10-30 12:29:20.759 13728 13728 I MemoryTrimmer: Trimming objects from memory, since app is in the background.
10-30 12:29:20.807 24184 24184 W dboxed_process0: type=1400 audit(0.0:6120): avc: denied { getattr } for path="/data/data/com.android.chrome" dev="dm-2" ino=12190 scontext=u:r:isolated_app:s0:c512,c768 tcontext=u:object_r:app_data_file:s0:c512,c768 tclass=dir permissive=0
10-30 12:29:20.836 24184 24184 I cr_ChildProcessService: Creating new ChildProcessService pid=24184
10-30 12:29:20.953   600   610 I ActivityManager: Start proc 24210:com.android.chrome:privileged_process0/u0a35 for service com.android.chrome/org.chromium.content.app.PrivilegedProcessService0
10-30 12:29:21.037 24147 24169 W ConnectionStatusConfig: Dynamic lookup for intent failed for action: com.google.android.gms.auth.key.retrieval.service.START
10-30 12:29:21.073 24210 24210 I cr_ChildProcessService: Creating new ChildProcessService pid=24210
10-30 12:29:21.090 24147 24169 W ConnectionStatusConfig: Dynamic lookup for intent failed for action: com.google.android.gms.auth.key.retrieval.service.START
10-30 12:29:21.092   600   611 W ActivityManager: Unable to start service Intent { act=com.google.android.gms.auth.key.retrieval.service.START pkg=com.google.android.gms } U=0: not found
10-30 12:29:21.092   600  1076 W ActivityManager: Unbind failed: could not find connection for android.os.BinderProxy@c26a976
10-30 12:29:21.092 24147 24169 E GmsClient: unable to connect to service: com.google.android.gms.auth.key.retrieval.service.START on com.google.android.gms
10-30 12:29:21.121 24210 24227 I cr_LibraryLoader: Loaded native library version number "85.0.4183.127"
10-30 12:29:21.124 24210 24227 I cr_CachingUmaRecorder: Flushed 1 samples from 1 histograms.
10-30 12:29:21.126 24147 24147 W cr_KnoxSettingsProvider: Permission to read device policy denied.
10-30 12:29:21.140 24210 24227 E libEGL  : validate_display:99 error 3008 (EGL_BAD_DISPLAY)
10-30 12:29:30.791 13728 13728 I MemoryTrimmer: Trimming objects from memory, since app is in the background.
10-30 12:29:33.953 24253 24253 D AndroidRuntime: >>>>>> START com.android.internal.os.RuntimeInit uid 2000 <<<<<<
10-30 12:29:33.956 24253 24253 D AndroidRuntime: CheckJNI is OFF
10-30 12:29:34.024 24253 24253 D ICU     : No timezone override file found: /data/misc/zoneinfo/current/icu/icu_tzdata.dat
10-30 12:29:34.056 24253 24253 I Radio-JNI: register_android_hardware_Radio DONE
10-30 12:29:34.070 24253 24253 D AndroidRuntime: Calling main entry com.android.commands.monkey.Monkey
10-30 12:29:34.137   600   613 W BroadcastQueue: Skipping deliver [background] BroadcastRecord{27f81b9 u-1 android.net.conn.CONNECTIVITY_CHANGE} to ReceiverList{7e6c9fe 24253 (unknown name)/2000/u-1 remote:6d33c03}: process crashing
10-30 12:29:36.314 24253 24253 D MonkeyStub: translateCommand: wake
10-30 12:29:36.465 24253 24253 D MonkeyStub: translateCommand: tap 398 1198
10-30 12:29:38.720 24253 24253 D MonkeyStub: translateCommand: tap 720 1506
10-30 12:29:38.898 13859 13872 I PeopleChimeraService: onService. callbacks = aaik@f1c1712, request = com.google.android.gms.common.internal.GetServiceRequest@7e97ee3
10-30 12:29:38.908 13859 13906 I PeopleChimeraService: onService. callbacks = aaik@a9baf99, request = com.google.android.gms.common.internal.GetServiceRequest@d20925e
10-30 12:29:41.385 24253 24253 D MonkeyStub: translateCommand: tap 355 1480
10-30 12:29:41.404 24253 24253 D MonkeyStub: Quit requested
10-30 12:29:41.419   600   707 I ActivityManager: START u0 {act=android.intent.action.VIEW flg=0x10008000 cmp=com.android.chrome/com.google.android.apps.chrome.Main (has extras)} from uid 10035 on display 0
10-30 12:29:41.469 24253 24253 I art     : System.exit called, status: 6
10-30 12:29:41.469 24253 24253 I AndroidRuntime: VM exiting with result code 6.
10-30 12:29:41.477   600   614 I CwMcuSensor: CwMcuSensor::flush: fd = 241, sensors_id = 0, path = /sys/class/htc_sensorhub/sensor_hub/flush, err = 0
10-30 12:29:41.568   600  3507 W WindowManager: Attempted to remove non-existing token: android.os.Binder@743955f
10-30 12:29:41.626 24147 24147 E cr_CompositorSurfaceMgr: Transitioning to surface with format : -1
10-30 12:29:41.679   600   609 I art     : Background partial concurrent mark sweep GC freed 15940(792KB) AllocSpace objects, 3(60KB) LOS objects, 33% free, 15MB/23MB, paused 1.672ms total 173.249ms
10-30 12:29:41.716 24147 24203 W cr_tabmodel: Starting to perform legacy migration.
10-30 12:29:41.717 24147 24203 W cr_tabmodel: Finished performing legacy migration.
10-30 12:29:41.717 24147 24203 W cr_tabmodel: Starting to perform multi-instance migration.
10-30 12:29:41.718 24147 24203 W cr_tabmodel: Finished performing multi-instance migration.
10-30 12:29:41.718 24147 24203 I cr_tabmodel: Starting to fetch tab list for tab_state0
10-30 12:29:41.718 24147 24203 I cr_tabmodel: State file does not exist.
10-30 12:29:41.718 24147 24203 I cr_tabmodel: Starting to fetch tab list for tab_state1
10-30 12:29:41.718 24147 24203 I cr_tabmodel: State file does not exist.
10-30 12:29:41.766 24147 24203 I cr_ADCP : No customization source found
10-30 12:29:41.852   600   620 I ActivityManager: Displayed com.android.chrome/com.google.android.apps.chrome.Main: +379ms
10-30 12:29:41.886 24147 24167 D OpenGLRenderer: endAllActiveAnimators on 0xd38b5900 (InsetDrawable) with handle 0xd4b93120
10-30 12:29:41.892   600  1079 E BatteryStatsService: power: Missing API
10-30 12:29:41.899 24147 24147 E cr_CompositorSurfaceMgr: Transitioning to surface with format : -1
10-30 12:29:41.903 24147 24147 E cr_CompositorSurfaceMgr: surfaceCreated format : 0
10-30 12:29:41.910   796   796 E PhoneInterfaceManager: [PhoneIntfMgr] queryModemActivityInfo: Empty response
10-30 12:29:41.916 24147 24147 I cr_ContextualSearch: Tap suppression enabled: false
10-30 12:29:41.917   600  1079 E BatteryStatsService: no controller energy info supplied
10-30 12:29:41.919 24147 24147 I cr_ChromeTabbedActivity: #initializeState
10-30 12:29:41.920 24147 24147 I cr_CipherFactory: #restoreFromBundle, no savedInstanceState.
10-30 12:29:41.920 24147 24147 I cr_tabmodel: #loadState, ignoreIncognitoFiles? true
10-30 12:29:41.944   600  1079 E BatteryStatsService: modem info is invalid: ModemActivityInfo{ mTimestamp=0 mSleepTimeMs=0 mIdleTimeMs=0 mTxTimeMs[]=[0, 0, 0, 0, 0] mRxTimeMs=0 mEnergyUsed=0}
10-30 12:29:42.103 24147 24147 I SchedulerApiWrapper: Create SchedulerApiMainThreadWrapper
10-30 12:29:42.119 24147 24147 I FeedSessionManagerImpl: FeedSessionManagerImpl has been created
10-30 12:29:42.120 24147 24147 I FeedAppLifecycleLstnr: onEnterForeground called
10-30 12:29:42.120 24147 24147 I FeedSessionManagerImpl: onLifecycleEvent foreground
10-30 12:29:42.121 24147 24147 I FeedSessionManagerImpl: Lazy initialization triggered, getUpdateConsumer
10-30 12:29:42.122 24147 24203 I TaskQueue: Execute task [IMMEDIATE - d: true, b: 0]: 30
10-30 12:29:42.122 24147 24147 I FeedRequestManagerImpl: trigger refresh 2
10-30 12:29:42.122 24147 24147 I TaskQueue:  - task [HEAD_INVALIDATE - d: true, b: 0]: 26
10-30 12:29:42.124 24147 24147 I FeedAppLifecycleLstnr: initialize called
10-30 12:29:42.125 24147 24147 I FeedSessionManagerImpl: onLifecycleEvent initialize
10-30 12:29:42.125 24147 24147 W FeedSessionManagerImpl: FeedSessionManagerImpl has previously been initialized
10-30 12:29:42.154 24147 24147 I ViewConfigCompat: Could not find method getScaledScrollFactor() on ViewConfiguration
10-30 12:29:42.157 24147 24147 I BasicStream: Setting 2 header views, currently have 0 headers
10-30 12:29:42.158 24147 24147 I BasicStream: Setting 2 header views, currently have 2 headers
10-30 12:29:42.198   600   619 D BluetoothManagerService: Message: 20
10-30 12:29:42.198   600   619 D BluetoothManagerService: Added callback: android.bluetooth.IBluetoothManagerCallback$Stub$Proxy@4b9805b:true
10-30 12:29:42.217 24147 24147 E cr_IntentUtils: getBooleanExtra failed on intent null
10-30 12:29:42.233 24147 24147 I TimeoutSessionImpl: Using TimeoutSessionImpl
10-30 12:29:42.233 24147 24147 I FeedSessionManagerImpl: Delaying populateSession until initialization is finished
10-30 12:29:42.234 24147 24147 I TaskQueue:  - task [IMMEDIATE - d: true, b: 1]: 13
10-30 12:29:42.234 24147 24147 I MainThreadRunner: Running task [BasicStream onShow] on the Main Thread with a delay of 500 milliseconds
10-30 12:29:42.236 24184 24197 I cr_LibraryLoader: Loaded native library version number "85.0.4183.127"
10-30 12:29:42.236 24184 24197 I cr_CachingUmaRecorder: Flushed 1 samples from 1 histograms.
10-30 12:29:42.318   600   707 I ActivityManager: Start proc 24283:com.android.chrome:sandboxed_process1/u0i635 for service com.android.chrome/org.chromium.content.app.SandboxedProcessService1
10-30 12:29:42.344 24147 24203 W SessionCache: Persisted Sessions were not found
10-30 12:29:42.344 24147 24203 I HeadSessionImpl: Initialize HEAD 0 items
10-30 12:29:42.344 24147 24203 I TaskQueue:  - task [BACKGROUND - d: true, b: 2]: 11
10-30 12:29:42.345 24147 24203 I TimingUtils: Task Timing 222ms, thread JardinExecutor | task : Initialization
10-30 12:29:42.345 24147 24203 I TaskQueue:  - Finished 30, time 223 ms
10-30 12:29:42.345 24147 24203 I TaskQueue: Execute task [HEAD_INVALIDATE - d: true, b: 2]: 26
10-30 12:29:42.346 24147 24203 I TimingUtils: Task Timing   0ms, thread JardinExecutor | task : getAllDismissLocalActions | size : 0
10-30 12:29:42.346 24147 24203 I TimingUtils: Task Timing   0ms, thread JardinExecutor | task : getSemanticProperties | size : 0
10-30 12:29:42.347 24147 24203 I MainThreadRunner: Running task [Check Tooltips] on the Main Thread
10-30 12:29:42.347 24147 24203 I TaskQueue:  * Starting starvation checks
10-30 12:29:42.347 24147 24203 I MainThreadRunner: Running task [starvationChecks] on the Main Thread with a delay of 6000 milliseconds
10-30 12:29:42.347 24147 24203 I TaskQueue:  - Finished 26, time 2 ms
10-30 12:29:42.347 24147 24203 I TaskQueue: Execute task [IMMEDIATE - d: true, b: 1]: 13
10-30 12:29:42.347 24147 24203 I FeedSessionManagerImpl: shouldSessionRequestData; hasContent(false), contentCreationTime(0), outstandingRequest(true)
10-30 12:29:42.347 24147 24203 I MainThreadRunner: Running task [SchedulerApiWrapper shouldSessionRequestData] on the Main Thread
10-30 12:29:42.356   600   611 I ActivityManager: Start proc 24298:com.android.chrome:sandboxed_process2/u0i636 for service com.android.chrome/org.chromium.content.app.SandboxedProcessService2
10-30 12:29:42.371 24147 24157 I art     : Background partial concurrent mark sweep GC freed 12780(686KB) AllocSpace objects, 1(552KB) LOS objects, 40% free, 7MB/12MB, paused 10.483ms total 112.236ms
10-30 12:29:42.399   600  1082 I ActivityManager: Start proc 24306:com.android.chrome:sandboxed_process3/u0i637 for service com.android.chrome/org.chromium.content.app.SandboxedProcessService3
10-30 12:29:42.450   600  1080 I ActivityManager: Start proc 24318:com.android.chrome:sandboxed_process4/u0i638 for service com.android.chrome/org.chromium.content.app.SandboxedProcessService4
10-30 12:29:42.487 24283 24283 W dboxed_process1: type=1400 audit(0.0:6121): avc: denied { getattr } for path="/data/data/com.android.chrome" dev="dm-2" ino=12190 scontext=u:r:isolated_app:s0:c512,c768 tcontext=u:object_r:app_data_file:s0:c512,c768 tclass=dir permissive=0
10-30 12:29:42.508   600 29683 I ActivityManager: Start proc 24332:com.android.chrome:sandboxed_process5/u0i639 for service com.android.chrome/org.chromium.content.app.SandboxedProcessService5
10-30 12:29:42.590   600  2707 I ActivityManager: Start proc 24348:com.android.chrome:sandboxed_process6/u0i640 for service com.android.chrome/org.chromium.content.app.SandboxedProcessService6
10-30 12:29:42.643 24147 24147 I PlayCore: UID: [10035]  PID: [24147] SplitInstallService : deferredInstall([image_editor])
10-30 12:29:42.647   600  1082 I ActivityManager: Start proc 24364:com.android.chrome:sandboxed_process7/u0i641 for service com.android.chrome/org.chromium.content.app.SandboxedProcessService7
10-30 12:29:42.706 24147 24363 I PlayCore: UID: [10035]  PID: [24147] SplitInstallService : Initiate binding to the service.
10-30 12:29:42.727 24298 24298 W dboxed_process2: type=1400 audit(0.0:6122): avc: denied { getattr } for path="/data/data/com.android.chrome" dev="dm-2" ino=12190 scontext=u:r:isolated_app:s0:c512,c768 tcontext=u:object_r:app_data_file:s0:c512,c768 tclass=dir permissive=0
10-30 12:29:42.739   600  1081 I ActivityManager: Start proc 24377:com.android.chrome:sandboxed_process8/u0i642 for service com.android.chrome/org.chromium.content.app.SandboxedProcessService8
10-30 12:29:42.740   600 16391 W ActivityManager: Unable to start service Intent { act=com.google.android.play.core.splitinstall.BIND_SPLIT_INSTALL_SERVICE pkg=com.android.vending } U=0: not found
10-30 12:29:42.780 24283 24283 I cr_ChildProcessService: Creating new ChildProcessService pid=24283
10-30 12:29:42.782 24147 24147 I Choreographer: Skipped 55 frames!  The application may be doing too much work on its main thread.
10-30 12:29:42.844 24306 24306 W dboxed_process3: type=1400 audit(0.0:6123): avc: denied { getattr } for path="/data/data/com.android.chrome" dev="dm-2" ino=12190 scontext=u:r:isolated_app:s0:c512,c768 tcontext=u:object_r:app_data_file:s0:c512,c768 tclass=dir permissive=0
10-30 12:29:42.900 24318 24318 W dboxed_process4: type=1400 audit(0.0:6124): avc: denied { getattr } for path="/data/data/com.android.chrome" dev="dm-2" ino=12190 scontext=u:r:isolated_app:s0:c512,c768 tcontext=u:object_r:app_data_file:s0:c512,c768 tclass=dir permissive=0
10-30 12:29:42.934 24332 24332 W dboxed_process5: type=1400 audit(0.0:6125): avc: denied { getattr } for path="/data/data/com.android.chrome" dev="dm-2" ino=12190 scontext=u:r:isolated_app:s0:c512,c768 tcontext=u:object_r:app_data_file:s0:c512,c768 tclass=dir permissive=0
10-30 12:29:42.943 24298 24298 I cr_ChildProcessService: Creating new ChildProcessService pid=24298
10-30 12:29:43.004 24348 24348 W dboxed_process6: type=1400 audit(0.0:6126): avc: denied { getattr } for path="/data/data/com.android.chrome" dev="dm-2" ino=12190 scontext=u:r:isolated_app:s0:c512,c768 tcontext=u:object_r:app_data_file:s0:c512,c768 tclass=dir permissive=0
10-30 12:29:43.057 24364 24364 W dboxed_process7: type=1400 audit(0.0:6127): avc: denied { getattr } for path="/data/data/com.android.chrome" dev="dm-2" ino=12190 scontext=u:r:isolated_app:s0:c512,c768 tcontext=u:object_r:app_data_file:s0:c512,c768 tclass=dir permissive=0
10-30 12:29:43.079 24306 24306 I cr_ChildProcessService: Creating new ChildProcessService pid=24306
10-30 12:29:43.094 24318 24318 I cr_ChildProcessService: Creating new ChildProcessService pid=24318
10-30 12:29:43.140 24377 24377 W dboxed_process8: type=1400 audit(0.0:6128): avc: denied { getattr } for path="/data/data/com.android.chrome" dev="dm-2" ino=12190 scontext=u:r:isolated_app:s0:c512,c768 tcontext=u:object_r:app_data_file:s0:c512,c768 tclass=dir permissive=0
10-30 12:29:43.187 24147 24363 I PlayCore: UID: [10035]  PID: [24147] SplitInstallService : Failed to bind to the service.
10-30 12:29:43.192 24147 24157 I art     : Background sticky concurrent mark sweep GC freed 44271(2MB) AllocSpace objects, 30(656KB) LOS objects, 22% free, 9MB/12MB, paused 319us total 142.936ms
10-30 12:29:43.234 24332 24332 I cr_ChildProcessService: Creating new ChildProcessService pid=24332
10-30 12:29:43.246 24147 24147 I cr_tabmodel: Appending tabs being restored to metadata lists, 0, startingNormalCount: 1, startingIncognitoCount: 0
10-30 12:29:43.246 24147 24147 I cr_tabmodel: Serializing tab lists; counts: 1, 0
10-30 12:29:43.278 24348 24348 I cr_ChildProcessService: Creating new ChildProcessService pid=24348
10-30 12:29:43.288 24298 24402 I cr_LibraryLoader: Loaded native library version number "85.0.4183.127"
10-30 12:29:43.288 24298 24402 I cr_CachingUmaRecorder: Flushed 1 samples from 1 histograms.
10-30 12:29:43.299 24364 24364 I cr_ChildProcessService: Creating new ChildProcessService pid=24364
10-30 12:29:43.303   600  1079 I ActivityManager: Start proc 24410:com.android.chrome:sandboxed_process9/u0i643 for service com.android.chrome/org.chromium.content.app.SandboxedProcessService9
10-30 12:29:43.314 24283 24389 I cr_LibraryLoader: Loaded native library version number "85.0.4183.127"
10-30 12:29:43.331 24283 24389 I cr_CachingUmaRecorder: Flushed 1 samples from 1 histograms.
10-30 12:29:43.373 24377 24377 I cr_ChildProcessService: Creating new ChildProcessService pid=24377
10-30 12:29:43.382 24147 24147 I TaskQueue:  - task [IMMEDIATE - d: true, b: 1]: 27
10-30 12:29:43.382 24147 24203 I FeedSessionManagerImpl: shouldSessionRequestDataResult: NO_REQUEST_WITH_WAIT, shouldMakeRequest(false), withTimeout(false), withAppend(false)
10-30 12:29:43.383 24147 24203 I TaskQueue:  - task [USER_FACING - d: true, b: 2]: 24
10-30 12:29:43.383 24147 24203 I TaskQueue:  - Finished 13, time 1035 ms
10-30 12:29:43.383 24147 24203 I TaskQueue: Execute task [IMMEDIATE - d: true, b: 2]: 27
10-30 12:29:43.384 24147 24203 I FeedRequestManagerImpl: Consistency Token: # hU2@7bca4
10-30 12:29:43.389 24147 24203 I FeedRequestManagerImpl: Capability: FEED_UI
10-30 12:29:43.389 24147 24203 I FeedRequestManagerImpl: Capability: UNDOABLE_ACTIONS
10-30 12:29:43.389 24147 24203 I FeedRequestManagerImpl: Capability: MANAGE_INTERESTS
10-30 12:29:43.389 24147 24203 I FeedRequestManagerImpl: Capability: SEND_FEEDBACK
10-30 12:29:43.389 24147 24203 I FeedRequestManagerImpl: Capability: ARTICLE_SNIPPETS
10-30 12:29:43.389 24147 24203 I FeedRequestManagerImpl: Capability: CLICK_ACTION
10-30 12:29:43.389 24147 24203 I FeedRequestManagerImpl: Capability: VIEW_ACTION
10-30 12:29:43.389 24147 24203 I FeedRequestManagerImpl: Capability: REPORT_FEED_USER_ACTIONS_NOTICE_CARD
10-30 12:29:43.389 24147 24203 I FeedRequestManagerImpl: Capability: BASE_UI
10-30 12:29:43.391 24147 24203 I FeedRequestManagerImpl: Making Request: /httpservice/noretry/DiscoverClankService/FeedQuery
10-30 12:29:43.392 24147 24203 I MainThreadRunner: Running task [NetworkClientWrapper send] on the Main Thread
10-30 12:29:43.392 24147 24203 I TaskQueue:  - Finished 27, time 9 ms
10-30 12:29:43.431 24306 24404 I cr_LibraryLoader: Loaded native library version number "85.0.4183.127"
10-30 12:29:43.432 24306 24404 I cr_CachingUmaRecorder: Flushed 1 samples from 1 histograms.
10-30 12:29:43.440 24147 24147 I Choreographer: Skipped 38 frames!  The application may be doing too much work on its main thread.
10-30 12:29:43.463 24318 24405 I cr_LibraryLoader: Loaded native library version number "85.0.4183.127"
10-30 12:29:43.486 24318 24405 I cr_CachingUmaRecorder: Flushed 1 samples from 1 histograms.
10-30 12:29:43.509   600  1076 I ActivityManager: Killing 24298:com.android.chrome:sandboxed_process2/u0a35i636 (adj 0): isolated not needed
10-30 12:29:43.574 24283 24389 I chromium: [INFO:child_process_service.cc(69)] ChildProcessService: Exiting child process.
10-30 12:29:43.598   600  3675 I ActivityManager: Start proc 24436:com.android.chrome:sandboxed_process10/u0i644 for service com.android.chrome/org.chromium.content.app.SandboxedProcessService10
10-30 12:29:43.679   600  1076 I ActivityManager: Killing 24283:com.android.chrome:sandboxed_process1/u0a35i635 (adj 0): isolated not needed
10-30 12:29:43.690 24348 24415 I cr_LibraryLoader: Loaded native library version number "85.0.4183.127"
10-30 12:29:43.707 24318 24405 I chromium: [INFO:child_process_service.cc(69)] ChildProcessService: Exiting child process.
10-30 12:29:43.708 24348 24415 I cr_CachingUmaRecorder: Flushed 1 samples from 1 histograms.
10-30 12:29:43.710   197   197 E lowmemorykiller: Error writing /proc/24318/oom_score_adj; errno=22
10-30 12:29:43.723 24332 24409 I cr_LibraryLoader: Loaded native library version number "85.0.4183.127"
10-30 12:29:43.723 24332 24409 I cr_CachingUmaRecorder: Flushed 1 samples from 1 histograms.
10-30 12:29:43.740 24410 24410 W dboxed_process9: type=1400 audit(0.0:6129): avc: denied { getattr } for path="/data/data/com.android.chrome" dev="dm-2" ino=12190 scontext=u:r:isolated_app:s0:c512,c768 tcontext=u:object_r:app_data_file:s0:c512,c768 tclass=dir permissive=0
10-30 12:29:43.750 24377 24425 I cr_LibraryLoader: Loaded native library version number "85.0.4183.127"
10-30 12:29:43.754 24306 24404 I chromium: [INFO:child_process_service.cc(69)] ChildProcessService: Exiting child process.
10-30 12:29:43.762 24377 24425 I cr_CachingUmaRecorder: Flushed 1 samples from 1 histograms.
10-30 12:29:43.765   600   611 I ActivityManager: Killing 24306:com.android.chrome:sandboxed_process3/u0a35i637 (adj 0): isolated not needed
10-30 12:29:43.765   600   611 I ActivityManager: Killing 24318:com.android.chrome:sandboxed_process4/u0a35i638 (adj 0): isolated not needed
10-30 12:29:43.776   600  7064 D ActivityManager: cleanUpApplicationRecord -- 24306
10-30 12:29:43.802 24364 24416 I cr_LibraryLoader: Loaded native library version number "85.0.4183.127"
10-30 12:29:43.806 24147 24147 W chromium: [WARNING:compositor_view.cc(315)] Child process died (type=6) pid=24306)
10-30 12:29:43.813 24364 24416 I cr_CachingUmaRecorder: Flushed 1 samples from 1 histograms.
10-30 12:29:43.902 24147 24203 W cr_CrashFileManager: /data/user/0/com.android.chrome/cache/Crash Reports does not exist or is not a directory
10-30 12:29:43.902 24147 24203 W cr_CrashFileManager: /data/user/0/com.android.chrome/cache/Crash Reports does not exist or is not a directory
10-30 12:29:43.919 24410 24410 I cr_ChildProcessService: Creating new ChildProcessService pid=24410
10-30 12:29:43.922 24147 24203 W cr_CrashFileManager: /data/user/0/com.android.chrome/cache/Crash Reports does not exist or is not a directory
10-30 12:29:43.941 24147 24183 I cr_BindingManager: Moderate binding enabled: maxSize=40
10-30 12:29:43.942   600   613 I ActivityManager: Killing 24332:com.android.chrome:sandboxed_process5/u0a35i639 (adj 0): isolated not needed
10-30 12:29:43.942   600   613 I ActivityManager: Killing 24348:com.android.chrome:sandboxed_process6/u0a35i640 (adj 0): isolated not needed
10-30 12:29:43.967 24147 24203 I cr_FileUtils: Writing to /data/user/0/com.android.chrome/app_dex/webapk7.dex
10-30 12:29:44.008   600  7064 D ActivityManager: cleanUpApplicationRecord -- 24318
10-30 12:29:44.009   600  7064 I ActivityManager: Killing 24377:com.android.chrome:sandboxed_process8/u0a35i642 (adj 0): isolated not needed
10-30 12:29:44.023 24364 24416 I chromium: [INFO:child_process_service.cc(69)] ChildProcessService: Exiting child process.
10-30 12:29:44.024 24147 24147 W chromium: [WARNING:compositor_view.cc(315)] Child process died (type=6) pid=24318)
10-30 12:29:44.025   197   197 E lowmemorykiller: Error writing /proc/24364/oom_score_adj; errno=22
10-30 12:29:44.069   600   610 I ActivityManager: Process com.android.chrome:sandboxed_process7 (pid 24364) has died
10-30 12:29:44.069   600   610 D ActivityManager: cleanUpApplicationRecord -- 24364
10-30 12:29:44.071 24147 24147 W chromium: [WARNING:compositor_view.cc(315)] Child process died (type=6) pid=24364)
10-30 12:29:44.082 24147 24183 I cr_BindingManager: onTrimMemory: level=15, size=0
10-30 12:29:44.087 24436 24436 W boxed_process10: type=1400 audit(0.0:6130): avc: denied { getattr } for path="/data/data/com.android.chrome" dev="dm-2" ino=12190 scontext=u:r:isolated_app:s0:c512,c768 tcontext=u:object_r:app_data_file:s0:c512,c768 tclass=dir permissive=0
10-30 12:29:44.123 13859 13907 I Icing   : IndexChimeraService.getServiceInterface callingPackage=com.android.chrome componentName=null serviceId=36
10-30 12:29:44.185 24410 24464 I cr_LibraryLoader: Loaded native library version number "85.0.4183.127"
10-30 12:29:44.201 24410 24464 I cr_CachingUmaRecorder: Flushed 1 samples from 1 histograms.
10-30 12:29:44.202 13859 13908 I Icing   : IndexChimeraService.getServiceInterface callingPackage=com.android.chrome componentName=null serviceId=36
10-30 12:29:44.241 24436 24436 I cr_ChildProcessService: Creating new ChildProcessService pid=24436
10-30 12:29:44.351   600  3675 I ActivityManager: Start proc 24475:com.android.chrome:sandboxed_process11/u0i645 for service com.android.chrome/org.chromium.content.app.SandboxedProcessService11
10-30 12:29:44.386 24436 24470 I cr_LibraryLoader: Loaded native library version number "85.0.4183.127"
10-30 12:29:44.387 24436 24470 I cr_CachingUmaRecorder: Flushed 1 samples from 1 histograms.
10-30 12:29:44.394   600  3994 I ActivityManager: Killing 24410:com.android.chrome:sandboxed_process9/u0a35i643 (adj 0): isolated not needed
10-30 12:29:44.402 24466 24466 I dex2oat : /system/bin/dex2oat --dex-file=/data/user/0/com.android.chrome/app_dex/webapk7.dex --oat-fd=207 --oat-location=/data/user/0/com.android.chrome/app_dex/oat/arm/webapk7.dex --compiler-filter=speed
10-30 12:29:44.434   600 24515 I ActivityManager: Start proc 24492:com.android.chrome:sandboxed_process12/u0i646 for service com.android.chrome/org.chromium.content.app.SandboxedProcessService12
10-30 12:29:44.444 24475 24475 W boxed_process11: type=1400 audit(0.0:6131): avc: denied { getattr } for path="/data/data/com.android.chrome" dev="dm-2" ino=12190 scontext=u:r:isolated_app:s0:c512,c768 tcontext=u:object_r:app_data_file:s0:c512,c768 tclass=dir permissive=0
10-30 12:29:44.488   600 29683 I ActivityManager: Start proc 24498:com.android.chrome:sandboxed_process13/u0i647 for service com.android.chrome/org.chromium.content.app.SandboxedProcessService13
10-30 12:29:44.540   600 16391 I ActivityManager: Start proc 24509:com.android.chrome:sandboxed_process14/u0i648 for service com.android.chrome/org.chromium.content.app.SandboxedProcessService14
10-30 12:29:44.550   600  2707 I ActivityManager: Killing 24436:com.android.chrome:sandboxed_process10/u0a35i644 (adj 0): isolated not needed
10-30 12:29:44.597   600 24515 I ActivityManager: Start proc 24531:com.android.chrome:sandboxed_process15/u0i649 for service com.android.chrome/org.chromium.content.app.SandboxedProcessService15
10-30 12:29:44.623 24475 24475 I cr_ChildProcessService: Creating new ChildProcessService pid=24475
10-30 12:29:44.639   600   610 I ActivityManager: Start proc 24544:com.android.chrome:sandboxed_process16/u0i650 for service com.android.chrome/org.chromium.content.app.SandboxedProcessService16
10-30 12:29:44.670 24492 24492 W boxed_process12: type=1400 audit(0.0:6132): avc: denied { getattr } for path="/data/data/com.android.chrome" dev="dm-2" ino=12190 scontext=u:r:isolated_app:s0:c512,c768 tcontext=u:object_r:app_data_file:s0:c512,c768 tclass=dir permissive=0
10-30 12:29:44.687 24498 24498 W boxed_process13: type=1400 audit(0.0:6133): avc: denied { getattr } for path="/data/data/com.android.chrome" dev="dm-2" ino=12190 scontext=u:r:isolated_app:s0:c512,c768 tcontext=u:object_r:app_data_file:s0:c512,c768 tclass=dir permissive=0
10-30 12:29:44.694   600  3994 I ActivityManager: Start proc 24553:com.android.chrome:sandboxed_process17/u0i651 for service com.android.chrome/org.chromium.content.app.SandboxedProcessService17
10-30 12:29:44.750 24509 24509 W boxed_process14: type=1400 audit(0.0:6134): avc: denied { getattr } for path="/data/data/com.android.chrome" dev="dm-2" ino=12190 scontext=u:r:isolated_app:s0:c512,c768 tcontext=u:object_r:app_data_file:s0:c512,c768 tclass=dir permissive=0
10-30 12:29:44.761   600  1076 I ActivityManager: Start proc 24564:com.android.chrome:sandboxed_process18/u0i652 for service com.android.chrome/org.chromium.content.app.SandboxedProcessService18
10-30 12:29:44.800 24531 24531 W boxed_process15: type=1400 audit(0.0:6135): avc: denied { getattr } for path="/data/data/com.android.chrome" dev="dm-2" ino=12190 scontext=u:r:isolated_app:s0:c512,c768 tcontext=u:object_r:app_data_file:s0:c512,c768 tclass=dir permissive=0
10-30 12:29:44.809 24492 24492 I cr_ChildProcessService: Creating new ChildProcessService pid=24492
10-30 12:29:44.818   600  2707 I ActivityManager: Start proc 24584:com.android.chrome:sandboxed_process19/u0i653 for service com.android.chrome/org.chromium.content.app.SandboxedProcessService19
10-30 12:29:44.864 24498 24498 I cr_ChildProcessService: Creating new ChildProcessService pid=24498
10-30 12:29:44.894 24544 24544 W boxed_process16: type=1400 audit(0.0:6136): avc: denied { getattr } for path="/data/data/com.android.chrome" dev="dm-2" ino=12190 scontext=u:r:isolated_app:s0:c512,c768 tcontext=u:object_r:app_data_file:s0:c512,c768 tclass=dir permissive=0
10-30 12:29:44.903 24509 24509 I cr_ChildProcessService: Creating new ChildProcessService pid=24509
10-30 12:29:44.923 24475 24538 I cr_LibraryLoader: Loaded native library version number "85.0.4183.127"
10-30 12:29:44.924 24475 24538 I cr_CachingUmaRecorder: Flushed 1 samples from 1 histograms.
10-30 12:29:44.960 24553 24553 W boxed_process17: type=1400 audit(0.0:6137): avc: denied { getattr } for path="/data/data/com.android.chrome" dev="dm-2" ino=12190 scontext=u:r:isolated_app:s0:c512,c768 tcontext=u:object_r:app_data_file:s0:c512,c768 tclass=dir permissive=0
10-30 12:29:44.984 24531 24531 I cr_ChildProcessService: Creating new ChildProcessService pid=24531
10-30 12:29:44.990 24564 24564 W boxed_process18: type=1400 audit(0.0:6138): avc: denied { getattr } for path="/data/data/com.android.chrome" dev="dm-2" ino=12190 scontext=u:r:isolated_app:s0:c512,c768 tcontext=u:object_r:app_data_file:s0:c512,c768 tclass=dir permissive=0
10-30 12:29:45.037 24544 24544 I cr_ChildProcessService: Creating new ChildProcessService pid=24544
10-30 12:29:45.040 24492 24589 I cr_LibraryLoader: Loaded native library version number "85.0.4183.127"
10-30 12:29:45.041 24492 24589 I cr_CachingUmaRecorder: Flushed 1 samples from 1 histograms.
10-30 12:29:45.045 24281 24281 D AndroidRuntime: >>>>>> START com.android.internal.os.RuntimeInit uid 2000 <<<<<<
10-30 12:29:45.087 24584 24584 W boxed_process19: type=1400 audit(0.0:6139): avc: denied { getattr } for path="/data/data/com.android.chrome" dev="dm-2" ino=12190 scontext=u:r:isolated_app:s0:c512,c768 tcontext=u:object_r:app_data_file:s0:c512,c768 tclass=dir permissive=0
10-30 12:29:45.109 24281 24281 D AndroidRuntime: CheckJNI is OFF
10-30 12:29:45.117 24553 24553 I cr_ChildProcessService: Creating new ChildProcessService pid=24553
10-30 12:29:45.130 24498 24593 I cr_LibraryLoader: Loaded native library version number "85.0.4183.127"
10-30 12:29:45.135 24498 24593 I cr_CachingUmaRecorder: Flushed 1 samples from 1 histograms.
10-30 12:29:45.167 24492 24589 I chromium: [INFO:child_process_service.cc(69)] ChildProcessService: Exiting child process.
10-30 12:29:45.168   197   197 E lowmemorykiller: Error writing /proc/24492/oom_score_adj; errno=22
10-30 12:29:45.184 24564 24564 I cr_ChildProcessService: Creating new ChildProcessService pid=24564
10-30 12:29:45.205   600  3675 I ActivityManager: Process com.android.chrome:sandboxed_process12 (pid 24492) has died
10-30 12:29:45.205   600  3675 D ActivityManager: cleanUpApplicationRecord -- 24492
10-30 12:29:45.205   600  3675 I ActivityManager: Killing 24475:com.android.chrome:sandboxed_process11/u0a35i645 (adj 0): isolated not needed
10-30 12:29:45.209 24147 24147 W chromium: [WARNING:compositor_view.cc(315)] Child process died (type=6) pid=24492)
10-30 12:29:45.212 24509 24600 I cr_LibraryLoader: Loaded native library version number "85.0.4183.127"
10-30 12:29:45.213 24509 24600 I cr_CachingUmaRecorder: Flushed 1 samples from 1 histograms.
10-30 12:29:45.276 24584 24584 I cr_ChildProcessService: Creating new ChildProcessService pid=24584
10-30 12:29:45.291   600   609 I art     : Background partial concurrent mark sweep GC freed 39063(1983KB) AllocSpace objects, 26(676KB) LOS objects, 33% free, 15MB/23MB, paused 11.531ms total 445.319ms
10-30 12:29:45.342 24531 24602 I cr_LibraryLoader: Loaded native library version number "85.0.4183.127"
10-30 12:29:45.362 24531 24602 I cr_CachingUmaRecorder: Flushed 1 samples from 1 histograms.
10-30 12:29:45.373 24544 24606 I cr_LibraryLoader: Loaded native library version number "85.0.4183.127"
10-30 12:29:45.373 24544 24606 I cr_CachingUmaRecorder: Flushed 1 samples from 1 histograms.
10-30 12:29:45.393 24553 24612 I cr_LibraryLoader: Loaded native library version number "85.0.4183.127"
10-30 12:29:45.394 24553 24612 I cr_CachingUmaRecorder: Flushed 1 samples from 1 histograms.
10-30 12:29:45.399 24509 24509 I cr_ChildProcessService: Destroying ChildProcessService pid=24509
10-30 12:29:45.445 24509 24509 I art     : System.exit called, status: 0
10-30 12:29:45.445 24509 24509 I AndroidRuntime: VM exiting with result code 0, cleanup skipped.
10-30 12:29:45.461 24544 24606 I chromium: [INFO:child_process_service.cc(69)] ChildProcessService: Exiting child process.
10-30 12:29:45.489 24553 24612 I chromium: [INFO:child_process_service.cc(69)] ChildProcessService: Exiting child process.
10-30 12:29:45.500   197   197 E lowmemorykiller: Error writing /proc/24553/oom_score_adj; errno=22
10-30 12:29:45.500   600  3994 E JavaBinder: !!! FAILED BINDER TRANSACTION !!!  (parcel size = 76)
10-30 12:29:45.501   600  3994 E JavaBinder: !!! FAILED BINDER TRANSACTION !!!  (parcel size = 576)
10-30 12:29:45.506   600  3994 W ActivityManager: Exception when unbinding service com.android.chrome/org.chromium.content.app.SandboxedProcessService17
10-30 12:29:45.506   600  3994 W ActivityManager: android.os.DeadObjectException: Transaction failed on small parcel; remote process probably died
10-30 12:29:45.506   600  3994 W ActivityManager: 	at android.os.BinderProxy.transactNative(Native Method)
10-30 12:29:45.506   600  3994 W ActivityManager: 	at android.os.BinderProxy.transact(Binder.java:615)
10-30 12:29:45.506   600  3994 W ActivityManager: 	at android.app.ApplicationThreadProxy.scheduleUnbindService(ApplicationThreadNative.java:1016)
10-30 12:29:45.506   600  3994 W ActivityManager: 	at com.android.server.am.ActiveServices.removeConnectionLocked(ActiveServices.java:2175)
10-30 12:29:45.506   600  3994 W ActivityManager: 	at com.android.server.am.ActiveServices.unbindServiceLocked(ActiveServices.java:1163)
10-30 12:29:45.506   600  3994 W ActivityManager: 	at com.android.server.am.ActivityManagerService.unbindService(ActivityManagerService.java:17309)
10-30 12:29:45.506   600  3994 W ActivityManager: 	at android.app.ActivityManagerNative.onTransact(ActivityManagerNative.java:1145)
10-30 12:29:45.506   600  3994 W ActivityManager: 	at com.android.server.am.ActivityManagerService.onTransact(ActivityManagerService.java:2795)
10-30 12:29:45.506   600  3994 W ActivityManager: 	at android.os.Binder.execTransact(Binder.java:565)
10-30 12:29:45.506   600  3994 E JavaBinder: !!! FAILED BINDER TRANSACTION !!!  (parcel size = 76)
10-30 12:29:45.507   197   197 E lowmemorykiller: Error writing /proc/24553/oom_score_adj; errno=22
10-30 12:29:45.507   600  3994 I ActivityManager: Killing 24544:com.android.chrome:sandboxed_process16/u0a35i650 (adj 0): isolated not needed
10-30 12:29:45.507   600  3994 I ActivityManager: Killing 24509:com.android.chrome:sandboxed_process14/u0a35i648 (adj 0): isolated not needed
10-30 12:29:45.507   600  3994 I ActivityManager: Killing 24498:com.android.chrome:sandboxed_process13/u0a35i647 (adj 0): isolated not needed
10-30 12:29:45.507   600  3994 E JavaBinder: !!! FAILED BINDER TRANSACTION !!!  (parcel size = 76)
10-30 12:29:45.511 24147 24147 W chromium: [WARNING:compositor_view.cc(315)] Child process died (type=6) pid=24553)
10-30 12:29:45.512   600  3509 I ActivityManager: Process com.android.chrome:sandboxed_process17 (pid 24553) has died
10-30 12:29:45.512   600  3509 D ActivityManager: cleanUpApplicationRecord -- 24553
10-30 12:29:45.514 24531 24602 I chromium: [INFO:child_process_service.cc(69)] ChildProcessService: Exiting child process.
10-30 12:29:45.517   197   197 E lowmemorykiller: Error writing /proc/24531/oom_score_adj; errno=22
10-30 12:29:45.520 24564 24613 I cr_LibraryLoader: Loaded native library version number "85.0.4183.127"
10-30 12:29:45.521 24564 24613 I cr_CachingUmaRecorder: Flushed 1 samples from 1 histograms.
10-30 12:29:45.523   600  9614 D ActivityManager: cleanUpApplicationRecord -- 24509
10-30 12:29:45.528   600  9614 I ActivityManager: Killing 24531:com.android.chrome:sandboxed_process15/u0a35i649 (adj 0): isolated not needed
10-30 12:29:45.546   600 16391 D ActivityManager: cleanUpApplicationRecord -- 24544
10-30 12:29:45.549 24147 24147 W chromium: [WARNING:compositor_view.cc(315)] Child process died (type=6) pid=24544)
10-30 12:29:45.560 24147 24147 W chromium: [WARNING:compositor_view.cc(315)] Child process died (type=6) pid=24531)
10-30 12:29:45.561   600   713 D ActivityManager: cleanUpApplicationRecord -- 24531
10-30 12:29:45.561 24584 24620 I cr_LibraryLoader: Loaded native library version number "85.0.4183.127"
10-30 12:29:45.561 24584 24620 I cr_CachingUmaRecorder: Flushed 1 samples from 1 histograms.
10-30 12:29:45.567 24147 24147 W chromium: [WARNING:compositor_view.cc(315)] Child process died (type=6) pid=24509)
10-30 12:29:45.602 24584 24620 I chromium: [INFO:child_process_service.cc(69)] ChildProcessService: Exiting child process.
10-30 12:29:45.603 24564 24564 I cr_ChildProcessService: Destroying ChildProcessService pid=24564
10-30 12:29:45.605   197   197 E lowmemorykiller: Error writing /proc/24584/oom_score_adj; errno=22
10-30 12:29:45.624 24466 24466 I dex2oat : dex2oat took 1.223s (threads: 2) arena alloc=771KB (790272B) java alloc=81KB (83360B) native alloc=559KB (573080B) free=1488KB (1524072B)
10-30 12:29:45.643 24564 24613 I chromium: [INFO:child_process_service.cc(69)] ChildProcessService: Exiting child process.
10-30 12:29:45.649 13859 21558 W Icing   : No valid account for uploading user actions
10-30 12:29:45.650 24147 24157 W art     : Suspending all threads took: 38.635ms
10-30 12:29:45.661   600  2707 I ActivityManager: Killing 24584:com.android.chrome:sandboxed_process19/u0a35i653 (adj 0): isolated not needed
10-30 12:29:45.661   600  2707 I ActivityManager: Killing 24564:com.android.chrome:sandboxed_process18/u0a35i652 (adj 0): isolated not needed
10-30 12:29:45.680 13859 13907 I Icing   : IndexChimeraService.getServiceInterface callingPackage=com.google.android.gms componentName=null serviceId=30
10-30 12:29:45.695   600 13631 D ActivityManager: cleanUpApplicationRecord -- 24584
10-30 12:29:45.695 24147 24147 W chromium: [WARNING:compositor_view.cc(315)] Child process died (type=6) pid=24584)
10-30 12:29:45.703   600  3994 D ActivityManager: cleanUpApplicationRecord -- 24498
