11-02 01:07:26.005  4547  4547 D MonkeyStub: translateCommand: touch move 614 312
11-02 01:07:26.012  4547  4547 D MonkeyStub: translateCommand: touch up 614 312
11-02 01:07:26.461   601  3864 I ActivityManager: Start proc 4765:com.android.chrome:sandboxed_process30/u0i61 for service com.android.chrome/org.chromium.content.app.SandboxedProcessService30
11-02 01:07:26.518  4765  4765 W boxed_process30: type=1400 audit(0.0:145): avc: denied { getattr } for path="/data/data/com.android.chrome" dev="dm-2" ino=12190 scontext=u:r:isolated_app:s0:c512,c768 tcontext=u:object_r:app_data_file:s0:c512,c768 tclass=dir permissive=0
11-02 01:07:26.545  4765  4765 I cr_ChildProcessService: Creating new ChildProcessService pid=4765
11-02 01:07:26.588  4765  4778 I cr_LibraryLoader: Loaded native library version number "85.0.4183.127"
11-02 01:07:26.589  4765  4778 I cr_CachingUmaRecorder: Flushed 1 samples from 1 histograms.
11-02 01:07:26.605  4778  4778 W CrUtilityMain: type=1400 audit(0.0:146): avc: denied { setattr } for name="manifest.json" dev="dm-2" ino=59587 scontext=u:r:isolated_app:s0:c512,c768 tcontext=u:object_r:app_data_file:s0:c512,c768 tclass=file permissive=0
11-02 01:07:26.608  4778  4778 W CrUtilityMain: type=1400 audit(0.0:147): avc: denied { setattr } for name="verified_contents.json" dev="dm-2" ino=59188 scontext=u:r:isolated_app:s0:c512,c768 tcontext=u:object_r:app_data_file:s0:c512,c768 tclass=file permissive=0
11-02 01:07:26.619  4765  4778 I chromium: [INFO:child_process_service.cc(69)] ChildProcessService: Exiting child process.
11-02 01:07:26.620   195   195 E lowmemorykiller: Error writing /proc/4765/oom_score_adj; errno=22
11-02 01:07:26.640   601   612 I ActivityManager: Process com.android.chrome:sandboxed_process30 (pid 4765) has died
11-02 01:07:26.640   601   612 D ActivityManager: cleanUpApplicationRecord -- 4765
11-02 01:07:26.641  3981  3981 W chromium: [WARNING:compositor_view.cc(315)] Child process died (type=6) pid=4765)
11-02 01:07:29.245  4782  4782 W Thread-8: type=1400 audit(0.0:148): avc: denied { read } for name="1712" dev="debugfs" ino=19929 scontext=u:r:priv_app:s0:c512,c768 tcontext=u:object_r:debugfs:s0 tclass=file permissive=0
11-02 01:07:29.245  4782  4782 W Thread-8: type=1400 audit(0.0:149): avc: denied { read } for name="1712" dev="debugfs" ino=19929 scontext=u:r:priv_app:s0:c512,c768 tcontext=u:object_r:debugfs:s0 tclass=file permissive=0
11-02 01:07:29.245  4782  4782 W Thread-8: type=1400 audit(0.0:150): avc: denied { read } for name="1712" dev="debugfs" ino=19929 scontext=u:r:priv_app:s0:c512,c768 tcontext=u:object_r:debugfs:s0 tclass=file permissive=0
11-02 01:07:29.245  4782  4782 W Thread-8: type=1400 audit(0.0:151): avc: denied { read } for name="1712" dev="debugfs" ino=19929 scontext=u:r:priv_app:s0:c512,c768 tcontext=u:object_r:debugfs:s0 tclass=file permissive=0
11-02 01:07:29.245  4782  4782 W Thread-8: type=1400 audit(0.0:152): avc: denied { read } for name="1712" dev="debugfs" ino=19929 scontext=u:r:priv_app:s0:c512,c768 tcontext=u:object_r:debugfs:s0 tclass=file permissive=0
11-02 01:07:29.249  1712  4782 E tegra_memtrack_hal: failed to open /sys/kernel/debug/nvmap/handles_by_pid/1712: Permission denied
11-02 01:07:29.249  1712  4782 E tegra_memtrack_hal: failed to open /sys/kernel/debug/nvmap/handles_by_pid/1712: Permission denied
11-02 01:07:29.249  1712  4782 E tegra_memtrack_hal: failed to open /sys/kernel/debug/nvmap/handles_by_pid/1712: Permission denied
11-02 01:07:29.249  1712  4782 E tegra_memtrack_hal: failed to open /sys/kernel/debug/nvmap/handles_by_pid/1712: Permission denied
11-02 01:07:29.249  1712  4782 E tegra_memtrack_hal: failed to open /sys/kernel/debug/nvmap/handles_by_pid/1712: Permission denied
11-02 01:07:30.115  4547  4547 D MonkeyStub: translateCommand: touch down 614 1561
11-02 01:07:30.127  4547  4547 D MonkeyStub: translateCommand: touch move 614 1561
11-02 01:07:30.252  4547  4547 D MonkeyStub: translateCommand: touch move 614 1436
11-02 01:07:30.472  4547  4547 D MonkeyStub: translateCommand: touch move 614 1311
11-02 01:07:30.604  4547  4547 D MonkeyStub: translateCommand: touch move 614 1186
11-02 01:07:30.886  4547  4547 D MonkeyStub: translateCommand: touch move 614 1061
11-02 01:07:31.066  4547  4547 D MonkeyStub: translateCommand: touch move 614 937
11-02 01:07:31.218  4547  4547 D MonkeyStub: translateCommand: touch move 614 812
11-02 01:07:31.331  4547  4547 D MonkeyStub: translateCommand: touch move 614 687
11-02 01:07:31.445  4547  4547 D MonkeyStub: translateCommand: touch move 614 562
11-02 01:07:31.556  4547  4547 D MonkeyStub: translateCommand: touch move 614 437
11-02 01:07:31.666  4547  4547 D MonkeyStub: translateCommand: touch move 614 312
11-02 01:07:31.674  4547  4547 D MonkeyStub: translateCommand: touch up 614 312
11-02 01:07:35.736  4547  4547 D MonkeyStub: translateCommand: touch down 614 1561
11-02 01:07:35.747  4547  4547 D MonkeyStub: translateCommand: touch move 614 1561
11-02 01:07:35.863  4547  4547 D MonkeyStub: translateCommand: touch move 614 1436
11-02 01:07:35.972  4547  4547 D MonkeyStub: translateCommand: touch move 614 1311
11-02 01:07:36.081  4547  4547 D MonkeyStub: translateCommand: touch move 614 1186
11-02 01:07:36.184  4547  4547 D MonkeyStub: translateCommand: touch move 614 1061
11-02 01:07:36.293  4547  4547 D MonkeyStub: translateCommand: touch move 614 937
11-02 01:07:36.403  4547  4547 D MonkeyStub: translateCommand: touch move 614 812
11-02 01:07:36.510  4547  4547 D MonkeyStub: translateCommand: touch move 614 687
11-02 01:07:36.620  4547  4547 D MonkeyStub: translateCommand: touch move 614 562
11-02 01:07:36.727  4547  4547 D MonkeyStub: translateCommand: touch move 614 437
11-02 01:07:36.838  4547  4547 D MonkeyStub: translateCommand: touch move 614 312
11-02 01:07:36.850  4547  4547 D MonkeyStub: translateCommand: touch up 614 312
11-02 01:07:36.859  4547  4547 D MonkeyStub: Quit requested
11-02 01:07:36.883   601   615 I CwMcuSensor: CwMcuSensor::flush: fd = 213, sensors_id = 0, path = /sys/class/htc_sensorhub/sensor_hub/flush, err = 0
11-02 01:07:36.884  4547  4547 I art     : System.exit called, status: 145
11-02 01:07:36.884  4547  4547 I AndroidRuntime: VM exiting with result code 145.
11-02 01:07:36.929   601   660 W WindowManager: Attempted to remove non-existing token: android.os.Binder@e86b8cc
11-02 01:07:41.273  1244  1639 I Icing   : IndexChimeraService.getServiceInterface callingPackage=com.android.chrome componentName=null serviceId=36
11-02 01:07:41.324  1244  1602 W Icing   : No valid account for uploading user actions
11-02 01:07:41.340  1244  1419 I Icing   : IndexChimeraService.getServiceInterface callingPackage=com.google.android.gms componentName=null serviceId=30
11-02 01:07:41.364  1244  1602 I Icing   : Usage reports ok 1, Failed Usage reports 0, indexed 1, rejected 0
11-02 01:07:41.364  1244  1602 I Icing   : Indexing com.android.chrome-omnibox from com.android.chrome
11-02 01:07:41.395  1244  1602 W Icing   : No valid account for uploading user actions
11-02 01:07:41.403  1244  1602 I Icing   : Usage reports ok 0, Failed Usage reports 0, indexed 0, rejected 0
11-02 01:07:41.410  1244  1602 I Icing   : Indexing done com.android.chrome-omnibox
11-02 01:07:42.416   785  1271 W Icing   : isOptedInForAppHistory: empty Account Name encountered
11-02 01:07:42.460   785  2161 W Icing   : isOptedInForAppHistory: empty Account Name encountered
11-02 01:07:53.486  4802  4802 D AndroidRuntime: >>>>>> START com.android.internal.os.RuntimeInit uid 2000 <<<<<<
11-02 01:07:53.490  4802  4802 D AndroidRuntime: CheckJNI is OFF
11-02 01:07:53.557  4802  4802 D ICU     : No timezone override file found: /data/misc/zoneinfo/current/icu/icu_tzdata.dat
11-02 01:07:53.588  4802  4802 I Radio-JNI: register_android_hardware_Radio DONE
11-02 01:07:53.603  4802  4802 D AndroidRuntime: Calling main entry com.android.commands.am.Am
11-02 01:07:53.621   601  1452 I ActivityManager: Force stopping com.android.chrome appid=10035 user=0: from pid 4802
11-02 01:07:53.621   601  1452 I ActivityManager: Killing 4044:com.android.chrome:privileged_process0/u0a35 (adj 0): stop com.android.chrome
11-02 01:07:53.621   601  1452 D ActivityManager: cleanUpApplicationRecord -- 4044
11-02 01:07:53.621   601  1452 W ActivityManager: Scheduling restart of crashed service com.android.chrome/org.chromium.content.app.PrivilegedProcessService0 in 1000ms
11-02 01:07:53.621   601  1452 I ActivityManager: Killing 3981:com.android.chrome/u0a35 (adj 0): stop com.android.chrome
11-02 01:07:53.622   601  1452 D ActivityManager: cleanUpApplicationRecord -- 3981
11-02 01:07:53.631   601  1452 W ActivityManager: Force removing ActivityRecord{cdb06da u0 com.android.chrome/com.google.android.apps.chrome.Main t1108}: app died, no saved state
11-02 01:07:53.644  4442  4442 I cr_ChildProcessService: Destroying ChildProcessService pid=4442
11-02 01:07:53.644  4018  4018 I cr_ChildProcessService: Destroying ChildProcessService pid=4018
11-02 01:07:53.645  4018  4018 I art     : System.exit called, status: 0
11-02 01:07:53.645  4018  4018 I AndroidRuntime: VM exiting with result code 0, cleanup skipped.
11-02 01:07:53.647  4442  4442 I art     : System.exit called, status: 0
11-02 01:07:53.647  4442  4442 I AndroidRuntime: VM exiting with result code 0, cleanup skipped.
11-02 01:07:53.655   601   621 E JavaBinder: !!! FAILED BINDER TRANSACTION !!!  (parcel size = 60)
11-02 01:07:53.661   601   612 D ConnectivityService: ConnectivityService NetworkRequestInfo binderDied(NetworkRequest [ LISTEN id=18, [ Capabilities: INTERNET&NOT_RESTRICTED&TRUSTED&FOREGROUND] ], android.os.BinderProxy@f662f8f)
11-02 01:07:53.662   601   612 D ConnectivityService: ConnectivityService NetworkRequestInfo binderDied(NetworkRequest [ LISTEN id=17, [ Capabilities: INTERNET&NOT_RESTRICTED&TRUSTED&FOREGROUND] ], android.os.BinderProxy@89a021c)
11-02 01:07:53.662   601   612 D ConnectivityService: ConnectivityService NetworkRequestInfo binderDied(NetworkRequest [ LISTEN id=15, [ Capabilities: INTERNET&NOT_RESTRICTED&TRUSTED&FOREGROUND] ], android.os.BinderProxy@3df9e25)
11-02 01:07:53.663   601   612 D ConnectivityService: ConnectivityService NetworkRequestInfo binderDied(NetworkRequest [ LISTEN id=16, [ Capabilities: INTERNET&NOT_RESTRICTED&TRUSTED&FOREGROUND] ], android.os.BinderProxy@e03cbfa)
11-02 01:07:53.663   601   650 E ConnectivityService: RemoteException caught trying to send a callback msg for NetworkRequest [ LISTEN id=18, [ Capabilities: INTERNET&NOT_RESTRICTED&TRUSTED&FOREGROUND] ]
11-02 01:07:53.663   601   650 E ConnectivityService: RemoteException caught trying to send a callback msg for NetworkRequest [ LISTEN id=17, [ Capabilities: INTERNET&NOT_RESTRICTED&TRUSTED&FOREGROUND] ]
11-02 01:07:53.663   601   650 E ConnectivityService: RemoteException caught trying to send a callback msg for NetworkRequest [ LISTEN id=15, [ Capabilities: INTERNET&NOT_RESTRICTED&TRUSTED&FOREGROUND] ]
11-02 01:07:53.664   601   832 D GraphicsStats: Buffer count: 2
11-02 01:07:53.664   601   650 E ConnectivityService: RemoteException caught trying to send a callback msg for NetworkRequest [ LISTEN id=16, [ Capabilities: INTERNET&NOT_RESTRICTED&TRUSTED&FOREGROUND] ]
11-02 01:07:53.665   601  1452 I ActivityManager: Killing 4442:com.android.chrome:sandboxed_process20/u0a35i51 (adj 0): isolated not needed
11-02 01:07:53.665   601  1452 I ActivityManager: Killing 4018:com.android.chrome:sandboxed_process0/u0a35i31 (adj 0): isolated not needed
11-02 01:07:53.686  4802  4802 D AndroidRuntime: Shutting down VM
11-02 01:07:53.709  1065  1161 I OpenGLRenderer: Initialized EGL, version 1.4
11-02 01:07:53.709  1065  1161 D OpenGLRenderer: Swap behavior 2
11-02 01:07:53.724  1052  1052 D RegisteredNfcFServicesCache: Service unchanged, not updating
11-02 01:07:53.737   601   660 D ActivityManager: cleanUpApplicationRecord -- 4442
11-02 01:07:53.785   601   660 D ActivityManager: cleanUpApplicationRecord -- 4018
11-02 01:07:53.864  3002  3014 I AttachedClient: Adding client event 2 to pending list.
11-02 01:07:53.875  3002  3002 I OptInState: There is a new client and it does not support opt-in. Dropping request.
11-02 01:07:53.883  3002  3002 I MicroDetectionWorker: Micro detection mode: [mDetectionMode: [1]].
11-02 01:07:53.904   601   610 I art     : Background partial concurrent mark sweep GC freed 71721(3MB) AllocSpace objects, 47(1728KB) LOS objects, 33% free, 13MB/20MB, paused 4.579ms total 104.955ms
11-02 01:07:53.904  3002  4820 I MicroRecognitionRunner: Starting detection.
11-02 01:07:53.911  3002  3062 I MicrophoneInputStream: mic_starting com.google.android.apps.gsa.speech.audio.ae@c8bb87
11-02 01:07:53.916   237  4823 I AudioFlinger: AudioFlinger's thread 0xf0812cc0 ready to run
11-02 01:07:53.918   237   285 I SoundTriggerHwService::Module: void android::SoundTriggerHwService::Module::onCallbackEvent(const sp<android::SoundTriggerHwService::CallbackEvent> &) mClient == 0
11-02 01:07:53.921  3002  3062 I MicrophoneInputStream: mic_started com.google.android.apps.gsa.speech.audio.ae@c8bb87
11-02 01:07:54.096  3002  3002 I MicroDetectionWorker: onReady
11-02 01:07:54.240  1065  1161 W OpenGLRenderer: Incorrectly called buildLayer on View: ShortcutAndWidgetContainer, destroying layer...
11-02 01:07:54.359  4824  4824 D AndroidRuntime: >>>>>> START com.android.internal.os.RuntimeInit uid 2000 <<<<<<
11-02 01:07:54.363  4824  4824 D AndroidRuntime: CheckJNI is OFF
11-02 01:07:54.429  4824  4824 D ICU     : No timezone override file found: /data/misc/zoneinfo/current/icu/icu_tzdata.dat
11-02 01:07:54.456  4824  4824 I Radio-JNI: register_android_hardware_Radio DONE
11-02 01:07:54.470  4824  4824 D AndroidRuntime: Calling main entry com.android.commands.pm.Pm
11-02 01:07:54.484   601  4276 I ActivityManager: Force stopping com.android.chrome appid=10035 user=0: clear data
11-02 01:07:54.485   601   614 I ActivityManager: Force stopping com.android.chrome appid=10035 user=-1: clearApplicationUserData
11-02 01:07:54.542   785   785 I GeofencerStateMachine: removeGeofences: removeRequest=RemoveGeofencingRequest[REMOVE_ALL packageName=com.android.chrome]
11-02 01:07:54.545  4824  4824 I art     : System.exit called, status: 0
11-02 01:07:54.545  4824  4824 I AndroidRuntime: VM exiting with result code 0.
11-02 01:07:54.548  1052  1052 D RegisteredNfcFServicesCache: Service unchanged, not updating
11-02 01:07:54.564   601   613 W ResourceType: No known package when getting value for resource number 0x7f080316
11-02 01:07:54.564   601   613 W ResourceType: No known package when getting value for resource number 0x7f130448
11-02 01:07:54.590   785  4841 I Fitness : FitCleanupIntentOperation received Intent android.intent.action.PACKAGE_DATA_CLEARED [CONTEXT service_id=17 ]
11-02 01:07:54.590  1244  1665 I Icing   : doRemovePackageData com.android.chrome
11-02 01:07:54.590  1244  1665 I Icing   : Removing corpus key com.android.chrome-.implicit: for package com.android.chrome
11-02 01:07:54.593   601   613 W ResourceType: No known package when getting value for resource number 0x7f080315
11-02 01:07:54.593   601   613 W ResourceType: No known package when getting value for resource number 0x7f130123
11-02 01:07:54.593   601   613 W ResourceType: No known package when getting value for resource number 0x7f130447
11-02 01:07:54.593   601   613 W ResourceType: No known package when getting value for resource number 0x7f1302e4
11-02 01:07:54.593   601   613 E ShortcutService: Ignoring excessive intent tag.
11-02 01:07:54.659  1244  1665 I native  : flash-index.cc:1519 Flash index sort hb 48 prefix-hits 84 -> 77 at 8.997ms
11-02 01:07:54.692  1244  1665 I Icing   : Removing corpus key com.android.chrome-omnibox for package com.android.chrome
11-02 01:07:54.749  1244  1665 I Icing   : Starting compaction min disk 99.930% min index 99.993%
11-02 01:07:54.893  1244  1665 I native  : document-store.cc:1654 Scored 3065 usage reports, missing_corpora 1679 update_failed 1
11-02 01:07:54.926  1244  1665 W native  : words-map.cc:30 INVALID_ARGUMENT: Empty URI
11-02 01:07:54.926  1244  1665 W native  : words-map.cc:34 WordsMap was not properly initialized
11-02 01:07:55.009  1244  1665 E native  : compactor.cc:67 Could not index embedding for docid 1: INTERNAL: Unable to find Thing Proto section 
11-02 01:07:55.010  1244  1665 E native  : compactor.cc:67 Could not index embedding for docid 3: INTERNAL: Unable to find Thing Proto section 
11-02 01:07:55.011  1244  1665 E native  : compactor.cc:67 Could not index embedding for docid 5: INTERNAL: Unable to find Thing Proto section 
11-02 01:07:55.011  1244  1665 E native  : compactor.cc:67 Could not index embedding for docid 7: INTERNAL: Unable to find Thing Proto section 
11-02 01:07:55.016  1244  1665 E native  : compactor.cc:67 Could not index embedding for docid 8: INTERNAL: Unable to find Thing Proto section 
11-02 01:07:55.017  1244  1665 E native  : compactor.cc:67 Could not index embedding for docid 10: INTERNAL: Unable to find Thing Proto section 
11-02 01:07:55.017  1244  1665 E native  : compactor.cc:67 Could not index embedding for docid 11: INTERNAL: Unable to find Thing Proto section 
11-02 01:07:55.017  1244  1665 E native  : compactor.cc:67 Could not index embedding for docid 13: INTERNAL: Unable to find Thing Proto section 
11-02 01:07:55.018  1244  1665 E native  : compactor.cc:67 Could not index embedding for docid 14: INTERNAL: Unable to find Thing Proto section 
11-02 01:07:55.024  1244  1665 E native  : compactor.cc:67 Could not index embedding for docid 17: INTERNAL: Unable to find Thing Proto section 
11-02 01:07:55.024  1244  1665 E native  : compactor.cc:67 Could not index embedding for docid 18: INTERNAL: Unable to find Thing Proto section 
11-02 01:07:55.025  1244  1665 E native  : compactor.cc:67 Could not index embedding for docid 21: INTERNAL: Unable to find Thing Proto section 
11-02 01:07:55.025  1244  1665 E native  : compactor.cc:67 Could not index embedding for docid 22: INTERNAL: Unable to find Thing Proto section 
11-02 01:07:55.032  1244  1665 E native  : compactor.cc:67 Could not index embedding for docid 26: INTERNAL: Unable to find Thing Proto section 
11-02 01:07:55.032  1244  1665 E native  : compactor.cc:67 Could not index embedding for docid 27: INTERNAL: Unable to find Thing Proto section 
11-02 01:07:55.078  1244  1665 I native  : flash-index.cc:1519 Flash index sort hb 34 prefix-hits 54 -> 54 at 29.073ms
11-02 01:07:55.112  1244  1665 W native  : words-map.cc:30 INVALID_ARGUMENT: Empty URI
11-02 01:07:55.112  1244  1665 W native  : words-map.cc:34 WordsMap was not properly initialized
11-02 01:07:55.150  1244  1665 I Icing   : updateResources: need to parse acol{com.android.chrome}
11-02 01:07:55.226  1244  1665 I Icing   : Indexing com.android.chrome-omnibox from com.android.chrome
11-02 01:07:55.238   601   660 I ActivityManager: Start proc 4852:com.android.chrome/u0a35 for content provider com.android.chrome/com.google.android.apps.chrome.icing.IcingProvider
11-02 01:07:55.338  1244  1665 I Icing   : Indexing done com.android.chrome-omnibox
