--------- beginning of main
11-02 01:06:13.694  3971  3971 D AndroidRuntime: >>>>>> START com.android.internal.os.RuntimeInit uid 2000 <<<<<<
11-02 01:06:13.697  3971  3971 D AndroidRuntime: CheckJNI is OFF
11-02 01:06:13.764  3971  3971 D ICU     : No timezone override file found: /data/misc/zoneinfo/current/icu/icu_tzdata.dat
11-02 01:06:13.793  3971  3971 I Radio-JNI: register_android_hardware_Radio DONE
11-02 01:06:13.808  3971  3971 D AndroidRuntime: Calling main entry com.android.commands.am.Am
--------- beginning of system
11-02 01:06:13.824   601   832 I ActivityManager: Force stopping com.android.chrome appid=10035 user=0: from pid 3971
11-02 01:06:13.824   601   832 I ActivityManager: Killing 3888:com.android.chrome/u0a35 (adj 900): stop com.android.chrome
11-02 01:06:13.824   601   832 D ActivityManager: cleanUpApplicationRecord -- 3888
11-02 01:06:13.835  1052  1052 D RegisteredNfcFServicesCache: Service unchanged, not updating
11-02 01:06:14.080   601  3864 I ActivityManager: START u0 {act=android.intent.action.VIEW flg=0x10008000 cmp=com.android.chrome/com.google.android.apps.chrome.Main} from uid 2000 on display 0
11-02 01:06:14.108  3971  3971 D AndroidRuntime: Shutting down VM
11-02 01:06:14.124   601   819 I ActivityManager: Start proc 3981:com.android.chrome/u0a35 for activity com.android.chrome/com.google.android.apps.chrome.Main
11-02 01:06:14.373   601  3864 I ActivityManager: START u0 {cmp=com.android.chrome/org.chromium.chrome.browser.firstrun.TabbedModeFirstRunActivity (has extras)} from uid 10035 on display 0
11-02 01:06:14.390  3981  3999 W DynamiteModule: Local module descriptor class for com.google.android.gms.googlecertificates not found.
11-02 01:06:14.437  3981  3999 I DynamiteModule: Considering local module com.google.android.gms.googlecertificates:0 and remote module com.google.android.gms.googlecertificates:6
11-02 01:06:14.437  3981  3999 I DynamiteModule: Selected remote version of com.google.android.gms.googlecertificates, version >= 6
11-02 01:06:14.613  3981  3999 W System  : ClassLoader referenced unknown path: 
11-02 01:06:14.615  3981  4000 I cr_LibraryLoader: Loaded native library version number "85.0.4183.127"
11-02 01:06:14.617  3981  4000 I cr_CachingUmaRecorder: Flushed 10 samples from 10 histograms.
11-02 01:06:14.638  3981  3999 D ApplicationLoaders: ignored Vulkan layer search path /data/app/com.google.android.gms-1/lib/arm:/data/app/com.google.android.gms-1/base.apk!/lib/armeabi-v7a:/data/app/com.google.android.gms-1/split_config.en.apk!/lib/armeabi-v7a for namespace 0xf387c090
11-02 01:06:14.642  3981  4001 I OpenGLRenderer: Initialized EGL, version 1.4
11-02 01:06:14.643  3981  4001 D OpenGLRenderer: Swap behavior 2
11-02 01:06:14.655  3981  3999 W ResourceType: ResTable_typeSpec entry count inconsistent: given 67, previously 69
11-02 01:06:14.655  3981  3999 W ResourceType: ResTable_typeSpec entry count inconsistent: given 5346, previously 5347
11-02 01:06:14.691  3981  3999 I DynamiteLoaderV2Impl: [70] Googlecertificates
11-02 01:06:14.713  3981  3999 W System  : ClassLoader referenced unknown path: /data/user_de/0/com.google.android.gms/app_chimera/m/00000061/n/armeabi-v7a
11-02 01:06:14.713  3981  3999 W System  : ClassLoader referenced unknown path: /data/user_de/0/com.google.android.gms/app_chimera/m/00000061/n/armeabi
11-02 01:06:14.806   601   621 W WindowManager: Failed looking up window
11-02 01:06:14.806   601   621 W WindowManager: java.lang.IllegalArgumentException: Requested window android.view.ViewRootImpl$W@ef17975 does not exist
11-02 01:06:14.806   601   621 W WindowManager: 	at com.android.server.wm.WindowManagerService.windowForClientLocked(WindowManagerService.java:9422)
11-02 01:06:14.806   601   621 W WindowManager: 	at com.android.server.wm.WindowManagerService.windowForClientLocked(WindowManagerService.java:9413)
11-02 01:06:14.806   601   621 W WindowManager: 	at com.android.server.wm.WindowManagerService.removeWindow(WindowManagerService.java:2393)
11-02 01:06:14.806   601   621 W WindowManager: 	at com.android.server.wm.Session.remove(Session.java:202)
11-02 01:06:14.806   601   621 W WindowManager: 	at android.view.ViewRootImpl.dispatchDetachedFromWindow(ViewRootImpl.java:3290)
11-02 01:06:14.806   601   621 W WindowManager: 	at android.view.ViewRootImpl.doDie(ViewRootImpl.java:5917)
11-02 01:06:14.806   601   621 W WindowManager: 	at android.view.ViewRootImpl$ViewRootHandler.handleMessage(ViewRootImpl.java:3626)
11-02 01:06:14.806   601   621 W WindowManager: 	at android.os.Handler.dispatchMessage(Handler.java:102)
11-02 01:06:14.806   601   621 W WindowManager: 	at android.os.Looper.loop(Looper.java:154)
11-02 01:06:14.806   601   621 W WindowManager: 	at android.os.HandlerThread.run(HandlerThread.java:61)
11-02 01:06:14.806   601   621 W WindowManager: 	at com.android.server.ServiceThread.run(ServiceThread.java:46)
11-02 01:06:14.832   601   621 I ActivityManager: Displayed com.android.chrome/org.chromium.chrome.browser.firstrun.TabbedModeFirstRunActivity: +382ms (total +724ms)
11-02 01:06:14.866   785  1271 I FontLog : Received query Google Sans, URI content://com.google.android.gms.fonts [CONTEXT service_id=132 ]
11-02 01:06:14.867   785  1271 I FontLog : Query [Google Sans] resolved to {Google Sans, wdth 100.0, wght 400, ital 0.0, bestEffort false} [CONTEXT service_id=132 ]
11-02 01:06:14.871   785  1271 I FontLog : Font PFD returned from cache for {Google Sans, wdth 100.0, wght 400, ital 0.0, bestEffort false} [CONTEXT service_id=132 ]
11-02 01:06:14.880   785  1271 I FontLog : Fetch {Google Sans, wdth 100.0, wght 400, ital 0.0, bestEffort false} end status Status{statusCode=SUCCESS, resolution=null} [CONTEXT service_id=132 ]
11-02 01:06:14.893   785  1608 I FontLog : Pulling font file for id = 7, cache size = 7 [CONTEXT service_id=132 ]
11-02 01:06:14.943   785  1711 I FontLog : Received query Google Sans:500, URI content://com.google.android.gms.fonts [CONTEXT service_id=132 ]
11-02 01:06:14.943   785  1711 I FontLog : Query [Google Sans:500] resolved to {Google Sans, wdth 100.0, wght 500, ital 0.0, bestEffort false} [CONTEXT service_id=132 ]
11-02 01:06:14.951   785  1229 E apju    : Phenotype API error. Event # cdub@27933583, EventCode: 7 [CONTEXT service_id=51 ]
11-02 01:06:14.951   785  1229 E apju    : apiz: 29505: No config packages for log source, or config package not registered
11-02 01:06:14.951   785  1229 E apju    : 	at apkj.b(:com.google.android.gms@203915020@20.39.15 (040406-335085812):7)
11-02 01:06:14.951   785  1229 E apju    : 	at apkg.b(:com.google.android.gms@203915020@20.39.15 (040406-335085812):2)
11-02 01:06:14.951   785  1229 E apju    : 	at apju.a(:com.google.android.gms@203915020@20.39.15 (040406-335085812):85)
11-02 01:06:14.951   785  1229 E apju    : 	at apju.a(:com.google.android.gms@203915020@20.39.15 (040406-335085812):80)
11-02 01:06:14.951   785  1229 E apju    : 	at aain.run(:com.google.android.gms@203915020@20.39.15 (040406-335085812):7)
11-02 01:06:14.951   785  1229 E apju    : 	at boex.run(:com.google.android.gms@203915020@20.39.15 (040406-335085812):2)
11-02 01:06:14.951   785  1229 E apju    : 	at sup.b(:com.google.android.gms@203915020@20.39.15 (040406-335085812):12)
11-02 01:06:14.951   785  1229 E apju    : 	at sup.run(:com.google.android.gms@203915020@20.39.15 (040406-335085812):7)
11-02 01:06:14.951   785  1229 E apju    : 	at java.util.concurrent.ThreadPoolExecutor.runWorker(ThreadPoolExecutor.java:1133)
11-02 01:06:14.951   785  1229 E apju    : 	at java.util.concurrent.ThreadPoolExecutor$Worker.run(ThreadPoolExecutor.java:607)
11-02 01:06:14.951   785  1229 E apju    : 	at tam.run(:com.google.android.gms@203915020@20.39.15 (040406-335085812):0)
11-02 01:06:14.951   785  1229 E apju    : 	at java.lang.Thread.run(Thread.java:761)
11-02 01:06:14.954   785  1229 E AsyncOperation: serviceID=51, operation=GetExperimentTokensOperationCall [CONTEXT service_id=259 ]
11-02 01:06:14.954   785  1229 E AsyncOperation: OperationException[Status{statusCode=No config packages for log source, or config package not registered, resolution=null}]
11-02 01:06:14.954   785  1229 E AsyncOperation: 	at apju.a(:com.google.android.gms@203915020@20.39.15 (040406-335085812):87)
11-02 01:06:14.954   785  1229 E AsyncOperation: 	at apju.a(:com.google.android.gms@203915020@20.39.15 (040406-335085812):80)
11-02 01:06:14.954   785  1229 E AsyncOperation: 	at aain.run(:com.google.android.gms@203915020@20.39.15 (040406-335085812):7)
11-02 01:06:14.954   785  1229 E AsyncOperation: 	at boex.run(:com.google.android.gms@203915020@20.39.15 (040406-335085812):2)
11-02 01:06:14.954   785  1229 E AsyncOperation: 	at sup.b(:com.google.android.gms@203915020@20.39.15 (040406-335085812):12)
11-02 01:06:14.954   785  1229 E AsyncOperation: 	at sup.run(:com.google.android.gms@203915020@20.39.15 (040406-335085812):7)
11-02 01:06:14.954   785  1229 E AsyncOperation: 	at java.util.concurrent.ThreadPoolExecutor.runWorker(ThreadPoolExecutor.java:1133)
11-02 01:06:14.954   785  1229 E AsyncOperation: 	at java.util.concurrent.ThreadPoolExecutor$Worker.run(ThreadPoolExecutor.java:607)
11-02 01:06:14.954   785  1229 E AsyncOperation: 	at tam.run(:com.google.android.gms@203915020@20.39.15 (040406-335085812):0)
11-02 01:06:14.954   785  1229 E AsyncOperation: 	at java.lang.Thread.run(Thread.java:761)
11-02 01:06:14.966   785  1711 I FontLog : Font PFD returned from cache for {Google Sans, wdth 100.0, wght 500, ital 0.0, bestEffort false} [CONTEXT service_id=132 ]
11-02 01:06:14.967   785  1711 I FontLog : Fetch {Google Sans, wdth 100.0, wght 500, ital 0.0, bestEffort false} end status Status{statusCode=SUCCESS, resolution=null} [CONTEXT service_id=132 ]
11-02 01:06:14.971  3981  3999 D NetworkSecurityConfig: Using Network Security Config from resource 0_resource_name_obfuscated debugBuild: false
11-02 01:06:15.023   785  1694 I FontLog : Pulling font file for id = 8, cache size = 8 [CONTEXT service_id=132 ]
11-02 01:06:15.074  3002  3860 W SearchService: Abort, client detached.
11-02 01:06:15.120  3002  3002 I MicroDetector: Keeping mic open: false
11-02 01:06:15.121  3002  3062 I AudioController: internalShutdown
11-02 01:06:15.121  3002  3062 I MicrophoneInputStream: mic_close com.google.android.apps.gsa.speech.audio.ae@3f230ca
11-02 01:06:15.122  3002  3861 I MicroRecognitionRunner: Stopping hotword detection.
11-02 01:06:15.126  3002  3862 I DeviceStateChecker: DeviceStateChecker cancelled
11-02 01:06:15.135   237   285 I SoundTriggerHwService::Module: void android::SoundTriggerHwService::Module::onCallbackEvent(const sp<android::SoundTriggerHwService::CallbackEvent> &) mClient == 0
11-02 01:06:15.143  3002  3865 I MicroRecognitionRunner: Detection finished
11-02 01:06:15.289  3981  3999 I cr_VariationsSeedFetch: Fetched first run seed in 329 ms
11-02 01:06:15.320   601   660 I ActivityManager: Start proc 4018:com.android.chrome:sandboxed_process0/u0i31 for service com.android.chrome/org.chromium.content.app.SandboxedProcessService0
11-02 01:06:15.358  4018  4018 W dboxed_process0: type=1400 audit(0.0:86): avc: denied { getattr } for path="/data/data/com.android.chrome" dev="dm-2" ino=12190 scontext=u:r:isolated_app:s0:c512,c768 tcontext=u:object_r:app_data_file:s0:c512,c768 tclass=dir permissive=0
11-02 01:06:15.384  4018  4018 I cr_ChildProcessService: Creating new ChildProcessService pid=4018
11-02 01:06:15.528   601   660 I ActivityManager: Start proc 4044:com.android.chrome:privileged_process0/u0a35 for service com.android.chrome/org.chromium.content.app.PrivilegedProcessService0
11-02 01:06:15.598  3981  4003 W ConnectionStatusConfig: Dynamic lookup for intent failed for action: com.google.android.gms.auth.key.retrieval.service.START
11-02 01:06:15.602  3981  4003 W ConnectionStatusConfig: Dynamic lookup for intent failed for action: com.google.android.gms.auth.key.retrieval.service.START
11-02 01:06:15.604   601   612 W ActivityManager: Unable to start service Intent { act=com.google.android.gms.auth.key.retrieval.service.START pkg=com.google.android.gms } U=0: not found
11-02 01:06:15.607   601  3864 W ActivityManager: Unbind failed: could not find connection for android.os.BinderProxy@934172b
11-02 01:06:15.607  3981  4003 E GmsClient: unable to connect to service: com.google.android.gms.auth.key.retrieval.service.START on com.google.android.gms
11-02 01:06:15.681  4044  4044 I cr_ChildProcessService: Creating new ChildProcessService pid=4044
11-02 01:06:15.712  3981  3981 W cr_KnoxSettingsProvider: Permission to read device policy denied.
11-02 01:06:15.749  4044  4061 I cr_LibraryLoader: Loaded native library version number "85.0.4183.127"
11-02 01:06:15.752  4044  4061 I cr_CachingUmaRecorder: Flushed 1 samples from 1 histograms.
11-02 01:06:15.783  4044  4061 E libEGL  : validate_display:99 error 3008 (EGL_BAD_DISPLAY)
11-02 01:06:25.148   601   648 I WifiHAL : Got channel list with 13 channels
11-02 01:06:25.153   601   648 I WifiHAL : Got channel list with 4 channels
11-02 01:06:25.155   601   648 I WifiHAL : Got channel list with 15 channels
11-02 01:06:26.908  4090  4090 D AndroidRuntime: >>>>>> START com.android.internal.os.RuntimeInit uid 2000 <<<<<<
11-02 01:06:26.911  4090  4090 D AndroidRuntime: CheckJNI is OFF
11-02 01:06:26.974  4090  4090 D ICU     : No timezone override file found: /data/misc/zoneinfo/current/icu/icu_tzdata.dat
11-02 01:06:27.007  4090  4090 I Radio-JNI: register_android_hardware_Radio DONE
11-02 01:06:27.021  4090  4090 D AndroidRuntime: Calling main entry com.android.commands.monkey.Monkey
11-02 01:06:27.091   601   614 W BroadcastQueue: Skipping deliver [background] BroadcastRecord{bd3f0d0 u-1 android.net.conn.CONNECTIVITY_CHANGE} to ReceiverList{d7d18c9 4090 (unknown name)/2000/u-1 remote:5c1c982}: process crashing
11-02 01:06:28.727  4090  4090 D MonkeyStub: translateCommand: wake
11-02 01:06:28.837  4090  4090 D MonkeyStub: translateCommand: tap 398 1198
11-02 01:06:30.932  4090  4090 D MonkeyStub: translateCommand: tap 720 1506
11-02 01:06:31.121  1244  1663 I PeopleChimeraService: onService. callbacks = aaik@947b7eb, request = com.google.android.gms.common.internal.GetServiceRequest@8551948
11-02 01:06:31.122  1244  1664 I PeopleChimeraService: onService. callbacks = aaik@f88c506, request = com.google.android.gms.common.internal.GetServiceRequest@1e7e7c7
11-02 01:06:32.979  4090  4090 D MonkeyStub: translateCommand: tap 355 1480
11-02 01:06:33.009  4090  4090 D MonkeyStub: Quit requested
11-02 01:06:33.011   601  1452 I ActivityManager: START u0 {act=android.intent.action.VIEW flg=0x10008000 cmp=com.android.chrome/com.google.android.apps.chrome.Main (has extras)} from uid 10035 on display 0
11-02 01:06:33.051   601   615 I CwMcuSensor: CwMcuSensor::flush: fd = 236, sensors_id = 0, path = /sys/class/htc_sensorhub/sensor_hub/flush, err = 0
11-02 01:06:33.072  4090  4090 I art     : System.exit called, status: 6
11-02 01:06:33.072  4090  4090 I AndroidRuntime: VM exiting with result code 6.
11-02 01:06:33.175   601   832 W WindowManager: Attempted to remove non-existing token: android.os.Binder@46fbce
11-02 01:06:33.180   601   601 E AccessibilityManagerService: Error during sending EventType: TYPE_WINDOW_STATE_CHANGED; EventTime: 1187632; PackageName: com.android.chrome; MovementGranularity: 0; Action: 0 [ ClassName: android.widget.FrameLayout; Text: []; ContentDescription: null; ItemCount: -1; CurrentItemIndex: -1; IsEnabled: true; IsPassword: false; IsChecked: false; IsFullScreen: false; Scrollable: false; BeforeText: null; FromIndex: -1; ToIndex: -1; ScrollX: -1; ScrollY: -1; MaxScrollX: -1; MaxScrollY: -1; AddedCount: -1; RemovedCount: -1; ParcelableData: null ]; recordCount: 0 to android.accessibilityservice.IAccessibilityServiceClient$Stub$Proxy@b948fb
11-02 01:06:33.180   601   601 E AccessibilityManagerService: android.os.DeadObjectException
11-02 01:06:33.180   601   601 E AccessibilityManagerService: 	at android.os.BinderProxy.transactNative(Native Method)
11-02 01:06:33.180   601   601 E AccessibilityManagerService: 	at android.os.BinderProxy.transact(Binder.java:615)
11-02 01:06:33.180   601   601 E AccessibilityManagerService: 	at android.accessibilityservice.IAccessibilityServiceClient$Stub$Proxy.onAccessibilityEvent(IAccessibilityServiceClient.java:191)
11-02 01:06:33.180   601   601 E AccessibilityManagerService: 	at com.android.server.accessibility.AccessibilityManagerService$Service.notifyAccessibilityEventInternal(AccessibilityManagerService.java:3245)
11-02 01:06:33.180   601   601 E AccessibilityManagerService: 	at com.android.server.accessibility.AccessibilityManagerService$Service.-wrap0(AccessibilityManagerService.java)
11-02 01:06:33.180   601   601 E AccessibilityManagerService: 	at com.android.server.accessibility.AccessibilityManagerService$Service$1.handleMessage(AccessibilityManagerService.java:2260)
11-02 01:06:33.180   601   601 E AccessibilityManagerService: 	at android.os.Handler.dispatchMessage(Handler.java:102)
11-02 01:06:33.180   601   601 E AccessibilityManagerService: 	at android.os.Looper.loop(Looper.java:154)
11-02 01:06:33.180   601   601 E AccessibilityManagerService: 	at com.android.server.SystemServer.run(SystemServer.java:349)
11-02 01:06:33.180   601   601 E AccessibilityManagerService: 	at com.android.server.SystemServer.main(SystemServer.java:219)
11-02 01:06:33.180   601   601 E AccessibilityManagerService: 	at java.lang.reflect.Method.invoke(Native Method)
11-02 01:06:33.180   601   601 E AccessibilityManagerService: 	at com.android.internal.os.ZygoteInit$MethodAndArgsCaller.run(ZygoteInit.java:886)
11-02 01:06:33.180   601   601 E AccessibilityManagerService: 	at com.android.internal.os.ZygoteInit.main(ZygoteInit.java:776)
11-02 01:06:33.316  3981  3981 E cr_CompositorSurfaceMgr: Transitioning to surface with format : -1
11-02 01:06:33.329   601   610 I art     : Background partial concurrent mark sweep GC freed 40435(2MB) AllocSpace objects, 7(156KB) LOS objects, 33% free, 13MB/20MB, paused 9.617ms total 153.584ms
11-02 01:06:33.389  3981  4039 W cr_tabmodel: Starting to perform legacy migration.
11-02 01:06:33.390  3981  4039 W cr_tabmodel: Finished performing legacy migration.
11-02 01:06:33.390  3981  4039 W cr_tabmodel: Starting to perform multi-instance migration.
11-02 01:06:33.391  3981  4039 W cr_tabmodel: Finished performing multi-instance migration.
11-02 01:06:33.391  3981  4039 I cr_tabmodel: Starting to fetch tab list for tab_state0
11-02 01:06:33.391  3981  4039 I cr_tabmodel: State file does not exist.
11-02 01:06:33.391  3981  4039 I cr_tabmodel: Starting to fetch tab list for tab_state1
11-02 01:06:33.391  3981  4039 I cr_tabmodel: State file does not exist.
11-02 01:06:33.392   601  3864 E BatteryStatsService: power: Missing API
11-02 01:06:33.400   601  3864 E BatteryStatsService: no controller energy info supplied
11-02 01:06:33.401   799   799 E PhoneInterfaceManager: [PhoneIntfMgr] queryModemActivityInfo: Empty response
11-02 01:06:33.405   601  3864 E BatteryStatsService: modem info is invalid: ModemActivityInfo{ mTimestamp=0 mSleepTimeMs=0 mIdleTimeMs=0 mTxTimeMs[]=[0, 0, 0, 0, 0] mRxTimeMs=0 mEnergyUsed=0}
11-02 01:06:33.416   601   614 W ProcessCpuTracker: Skipping unknown process pid 4116
11-02 01:06:33.444  3981  4039 I cr_ADCP : No customization source found
11-02 01:06:33.602   601   621 I ActivityManager: Displayed com.android.chrome/com.google.android.apps.chrome.Main: +518ms
11-02 01:06:33.616  3981  4001 D OpenGLRenderer: endAllActiveAnimators on 0xd2dc9900 (InsetDrawable) with handle 0xd29f18d0
11-02 01:06:33.621  3981  3981 E cr_CompositorSurfaceMgr: Transitioning to surface with format : -1
11-02 01:06:33.627  3981  3981 E cr_CompositorSurfaceMgr: surfaceCreated format : 0
11-02 01:06:33.652  3981  3981 I cr_ContextualSearch: Tap suppression enabled: false
11-02 01:06:33.657  3981  3981 I cr_ChromeTabbedActivity: #initializeState
11-02 01:06:33.658  3981  3981 I cr_CipherFactory: #restoreFromBundle, no savedInstanceState.
11-02 01:06:33.658  3981  3981 I cr_tabmodel: #loadState, ignoreIncognitoFiles? true
11-02 01:06:33.874  3981  3981 I SchedulerApiWrapper: Create SchedulerApiMainThreadWrapper
11-02 01:06:33.885  3981  3981 I FeedSessionManagerImpl: FeedSessionManagerImpl has been created
11-02 01:06:33.886  3981  3981 I FeedAppLifecycleLstnr: onEnterForeground called
11-02 01:06:33.886  3981  3981 I FeedSessionManagerImpl: onLifecycleEvent foreground
11-02 01:06:33.887  3981  3981 I FeedSessionManagerImpl: Lazy initialization triggered, getUpdateConsumer
11-02 01:06:33.888  3981  4037 I TaskQueue: Execute task [IMMEDIATE - d: true, b: 0]: 30
11-02 01:06:33.889  3981  3981 I FeedRequestManagerImpl: trigger refresh 2
11-02 01:06:33.890  3981  3981 I TaskQueue:  - task [HEAD_INVALIDATE - d: true, b: 0]: 26
11-02 01:06:33.890  3981  3981 I FeedAppLifecycleLstnr: initialize called
11-02 01:06:33.890  3981  3981 I FeedSessionManagerImpl: onLifecycleEvent initialize
11-02 01:06:33.890  3981  3981 W FeedSessionManagerImpl: FeedSessionManagerImpl has previously been initialized
11-02 01:06:33.911  3981  3981 I ViewConfigCompat: Could not find method getScaledScrollFactor() on ViewConfiguration
11-02 01:06:33.915  3981  3981 I BasicStream: Setting 2 header views, currently have 0 headers
11-02 01:06:33.916  3981  3981 I BasicStream: Setting 2 header views, currently have 2 headers
11-02 01:06:33.969   601   620 D BluetoothManagerService: Message: 20
11-02 01:06:33.970   601   620 D BluetoothManagerService: Added callback: android.bluetooth.IBluetoothManagerCallback$Stub$Proxy@38686c7:true
11-02 01:06:33.991  4018  4031 I cr_LibraryLoader: Loaded native library version number "85.0.4183.127"
11-02 01:06:33.992  4018  4031 I cr_CachingUmaRecorder: Flushed 1 samples from 1 histograms.
11-02 01:06:33.999  3981  3981 E cr_IntentUtils: getBooleanExtra failed on intent null
11-02 01:06:34.010  3981  3981 I TimeoutSessionImpl: Using TimeoutSessionImpl
11-02 01:06:34.010  3981  3981 I FeedSessionManagerImpl: Delaying populateSession until initialization is finished
11-02 01:06:34.011  3981  3981 I TaskQueue:  - task [IMMEDIATE - d: true, b: 1]: 13
11-02 01:06:34.011  3981  3981 I MainThreadRunner: Running task [BasicStream onShow] on the Main Thread with a delay of 500 milliseconds
11-02 01:06:34.105   601  1452 I ActivityManager: Start proc 4127:com.android.chrome:sandboxed_process1/u0i32 for service com.android.chrome/org.chromium.content.app.SandboxedProcessService1
11-02 01:06:34.121  3981  4037 W SessionCache: Persisted Sessions were not found
11-02 01:06:34.121  3981  4037 I HeadSessionImpl: Initialize HEAD 0 items
11-02 01:06:34.122  3981  4037 I TaskQueue:  - task [BACKGROUND - d: true, b: 2]: 11
11-02 01:06:34.122  3981  4037 I TimingUtils: Task Timing 233ms, thread JardinExecutor | task : Initialization
11-02 01:06:34.122  3981  4037 I TaskQueue:  - Finished 30, time 234 ms
11-02 01:06:34.122  3981  4037 I TaskQueue: Execute task [HEAD_INVALIDATE - d: true, b: 2]: 26
11-02 01:06:34.124  3981  4037 I TimingUtils: Task Timing   1ms, thread JardinExecutor | task : getAllDismissLocalActions | size : 0
11-02 01:06:34.124  3981  4037 I TimingUtils: Task Timing   0ms, thread JardinExecutor | task : getSemanticProperties | size : 0
11-02 01:06:34.124  3981  4037 I MainThreadRunner: Running task [Check Tooltips] on the Main Thread
11-02 01:06:34.124  3981  4037 I TaskQueue:  * Starting starvation checks
11-02 01:06:34.124  3981  4037 I MainThreadRunner: Running task [starvationChecks] on the Main Thread with a delay of 6000 milliseconds
11-02 01:06:34.125  3981  4037 I TaskQueue:  - Finished 26, time 2 ms
11-02 01:06:34.125  3981  4037 I TaskQueue: Execute task [IMMEDIATE - d: true, b: 1]: 13
11-02 01:06:34.125  3981  4037 I FeedSessionManagerImpl: shouldSessionRequestData; hasContent(false), contentCreationTime(0), outstandingRequest(true)
11-02 01:06:34.125  3981  4037 I MainThreadRunner: Running task [SchedulerApiWrapper shouldSessionRequestData] on the Main Thread
11-02 01:06:34.133  3981  3991 I art     : Background partial concurrent mark sweep GC freed 12850(704KB) AllocSpace objects, 1(552KB) LOS objects, 40% free, 7MB/12MB, paused 1.065ms total 134.481ms
11-02 01:06:34.137   601  3864 I ActivityManager: Start proc 4132:com.android.chrome:sandboxed_process2/u0i33 for service com.android.chrome/org.chromium.content.app.SandboxedProcessService2
11-02 01:06:34.168   601   611 I ActivityManager: Start proc 4147:com.android.chrome:sandboxed_process3/u0i34 for service com.android.chrome/org.chromium.content.app.SandboxedProcessService3
11-02 01:06:34.199   601   819 I ActivityManager: Start proc 4157:com.android.chrome:sandboxed_process4/u0i35 for service com.android.chrome/org.chromium.content.app.SandboxedProcessService4
11-02 01:06:34.258   601  1452 W ActivityManager: Slow operation: 55ms so far, now at startProcess: returned from zygote!
11-02 01:06:34.258   601  1452 W ActivityManager: Slow operation: 55ms so far, now at startProcess: done updating battery stats
11-02 01:06:34.258   601  1452 W ActivityManager: Slow operation: 55ms so far, now at startProcess: building log message
11-02 01:06:34.258   601  1452 I ActivityManager: Start proc 4166:com.android.chrome:sandboxed_process5/u0i36 for service com.android.chrome/org.chromium.content.app.SandboxedProcessService5
11-02 01:06:34.258   601  1452 W ActivityManager: Slow operation: 55ms so far, now at startProcess: starting to update pids map
11-02 01:06:34.258   601  1452 W ActivityManager: Slow operation: 55ms so far, now at startProcess: done updating pids map
11-02 01:06:34.258   601  1452 W ActivityManager: Slow operation: 55ms so far, now at startProcess: done starting proc!
11-02 01:06:34.322   601  2013 W ActivityManager: Slow operation: 53ms so far, now at startProcess: returned from zygote!
11-02 01:06:34.322   601  2013 W ActivityManager: Slow operation: 53ms so far, now at startProcess: done updating battery stats
11-02 01:06:34.322   601  2013 W ActivityManager: Slow operation: 53ms so far, now at startProcess: building log message
11-02 01:06:34.322   601  2013 I ActivityManager: Start proc 4190:com.android.chrome:sandboxed_process6/u0i37 for service com.android.chrome/org.chromium.content.app.SandboxedProcessService6
11-02 01:06:34.322   601  2013 W ActivityManager: Slow operation: 53ms so far, now at startProcess: starting to update pids map
11-02 01:06:34.322   601  2013 W ActivityManager: Slow operation: 53ms so far, now at startProcess: done updating pids map
11-02 01:06:34.322   601  2013 W ActivityManager: Slow operation: 53ms so far, now at startProcess: done starting proc!
11-02 01:06:34.376   601  3864 I ActivityManager: Start proc 4205:com.android.chrome:sandboxed_process7/u0i38 for service com.android.chrome/org.chromium.content.app.SandboxedProcessService7
11-02 01:06:34.411  4127  4127 W dboxed_process1: type=1400 audit(0.0:87): avc: denied { getattr } for path="/data/data/com.android.chrome" dev="dm-2" ino=12190 scontext=u:r:isolated_app:s0:c512,c768 tcontext=u:object_r:app_data_file:s0:c512,c768 tclass=dir permissive=0
11-02 01:06:34.441  3981  3981 I PlayCore: UID: [10035]  PID: [3981] SplitInstallService : deferredInstall([image_editor])
11-02 01:06:34.448  4132  4132 W dboxed_process2: type=1400 audit(0.0:88): avc: denied { getattr } for path="/data/data/com.android.chrome" dev="dm-2" ino=12190 scontext=u:r:isolated_app:s0:c512,c768 tcontext=u:object_r:app_data_file:s0:c512,c768 tclass=dir permissive=0
11-02 01:06:34.488   601  2013 W ActivityManager: Slow operation: 105ms so far, now at startProcess: returned from zygote!
11-02 01:06:34.488   601  2013 W ActivityManager: Slow operation: 105ms so far, now at startProcess: done updating battery stats
11-02 01:06:34.488   601  2013 W ActivityManager: Slow operation: 105ms so far, now at startProcess: building log message
11-02 01:06:34.488   601  2013 I ActivityManager: Start proc 4224:com.android.chrome:sandboxed_process8/u0i39 for service com.android.chrome/org.chromium.content.app.SandboxedProcessService8
11-02 01:06:34.488   601  2013 W ActivityManager: Slow operation: 105ms so far, now at startProcess: starting to update pids map
11-02 01:06:34.488   601  2013 W ActivityManager: Slow operation: 105ms so far, now at startProcess: done updating pids map
11-02 01:06:34.488   601  2013 W ActivityManager: Slow operation: 105ms so far, now at startProcess: done starting proc!
11-02 01:06:34.531  4157  4157 W dboxed_process4: type=1400 audit(0.0:89): avc: denied { getattr } for path="/data/data/com.android.chrome" dev="dm-2" ino=12190 scontext=u:r:isolated_app:s0:c512,c768 tcontext=u:object_r:app_data_file:s0:c512,c768 tclass=dir permissive=0
11-02 01:06:34.541  4147  4147 W dboxed_process3: type=1400 audit(0.0:90): avc: denied { getattr } for path="/data/data/com.android.chrome" dev="dm-2" ino=12190 scontext=u:r:isolated_app:s0:c512,c768 tcontext=u:object_r:app_data_file:s0:c512,c768 tclass=dir permissive=0
11-02 01:06:34.568  4166  4166 W dboxed_process5: type=1400 audit(0.0:91): avc: denied { getattr } for path="/data/data/com.android.chrome" dev="dm-2" ino=12190 scontext=u:r:isolated_app:s0:c512,c768 tcontext=u:object_r:app_data_file:s0:c512,c768 tclass=dir permissive=0
11-02 01:06:34.573  3981  3981 I Choreographer: Skipped 59 frames!  The application may be doing too much work on its main thread.
11-02 01:06:34.641  4127  4127 I cr_ChildProcessService: Creating new ChildProcessService pid=4127
11-02 01:06:34.704  4120  4120 D AndroidRuntime: >>>>>> START com.android.internal.os.RuntimeInit uid 2000 <<<<<<
11-02 01:06:34.726  4157  4157 I cr_ChildProcessService: Creating new ChildProcessService pid=4157
11-02 01:06:34.735  3981  3981 I TaskQueue:  - task [IMMEDIATE - d: true, b: 1]: 27
11-02 01:06:34.736  3981  4037 I FeedSessionManagerImpl: shouldSessionRequestDataResult: NO_REQUEST_WITH_WAIT, shouldMakeRequest(false), withTimeout(false), withAppend(false)
11-02 01:06:34.736  3981  4037 I TaskQueue:  - task [USER_FACING - d: true, b: 2]: 24
11-02 01:06:34.736  3981  4037 I TaskQueue:  - Finished 13, time 611 ms
11-02 01:06:34.751  4190  4190 W dboxed_process6: type=1400 audit(0.0:92): avc: denied { getattr } for path="/data/data/com.android.chrome" dev="dm-2" ino=12190 scontext=u:r:isolated_app:s0:c512,c768 tcontext=u:object_r:app_data_file:s0:c512,c768 tclass=dir permissive=0
11-02 01:06:34.757  4120  4120 D AndroidRuntime: CheckJNI is OFF
11-02 01:06:34.774  4132  4132 I cr_ChildProcessService: Creating new ChildProcessService pid=4132
11-02 01:06:34.775  4205  4205 W dboxed_process7: type=1400 audit(0.0:93): avc: denied { getattr } for path="/data/data/com.android.chrome" dev="dm-2" ino=12190 scontext=u:r:isolated_app:s0:c512,c768 tcontext=u:object_r:app_data_file:s0:c512,c768 tclass=dir permissive=0
11-02 01:06:34.793  4147  4147 I cr_ChildProcessService: Creating new ChildProcessService pid=4147
11-02 01:06:34.809  4166  4166 I cr_ChildProcessService: Creating new ChildProcessService pid=4166
11-02 01:06:34.888  4224  4224 W dboxed_process8: type=1400 audit(0.0:94): avc: denied { getattr } for path="/data/data/com.android.chrome" dev="dm-2" ino=12190 scontext=u:r:isolated_app:s0:c512,c768 tcontext=u:object_r:app_data_file:s0:c512,c768 tclass=dir permissive=0
11-02 01:06:35.008  4190  4190 I cr_ChildProcessService: Creating new ChildProcessService pid=4190
11-02 01:06:35.021  4205  4205 I cr_ChildProcessService: Creating new ChildProcessService pid=4205
11-02 01:06:35.061  4127  4241 I cr_LibraryLoader: Loaded native library version number "85.0.4183.127"
11-02 01:06:35.062  4127  4241 I cr_CachingUmaRecorder: Flushed 1 samples from 1 histograms.
11-02 01:06:35.095  4224  4224 I cr_ChildProcessService: Creating new ChildProcessService pid=4224
11-02 01:06:35.102  4132  4244 I cr_LibraryLoader: Loaded native library version number "85.0.4183.127"
11-02 01:06:35.106  4132  4244 I cr_CachingUmaRecorder: Flushed 1 samples from 1 histograms.
11-02 01:06:35.131  4157  4243 I cr_LibraryLoader: Loaded native library version number "85.0.4183.127"
11-02 01:06:35.139  4157  4243 I cr_CachingUmaRecorder: Flushed 1 samples from 1 histograms.
11-02 01:06:35.160  4166  4247 I cr_LibraryLoader: Loaded native library version number "85.0.4183.127"
11-02 01:06:35.160  4166  4247 I cr_CachingUmaRecorder: Flushed 1 samples from 1 histograms.
11-02 01:06:35.171  4147  4246 I cr_LibraryLoader: Loaded native library version number "85.0.4183.127"
11-02 01:06:35.171  4147  4246 I cr_CachingUmaRecorder: Flushed 1 samples from 1 histograms.
11-02 01:06:35.232  4127  4241 I chromium: [INFO:child_process_service.cc(69)] ChildProcessService: Exiting child process.
11-02 01:06:35.233  4166  4247 I chromium: [INFO:child_process_service.cc(69)] ChildProcessService: Exiting child process.
11-02 01:06:35.236  4132  4244 I chromium: [INFO:child_process_service.cc(69)] ChildProcessService: Exiting child process.
11-02 01:06:35.237  4157  4243 I chromium: [INFO:child_process_service.cc(69)] ChildProcessService: Exiting child process.
11-02 01:06:35.256   195   195 E lowmemorykiller: Error writing /proc/4127/oom_score_adj; errno=22
11-02 01:06:35.258   601   611 I ActivityManager: Process com.android.chrome:sandboxed_process2 (pid 4132) has died
11-02 01:06:35.258   601   611 D ActivityManager: cleanUpApplicationRecord -- 4132
11-02 01:06:35.258   601   611 W ActivityManager: Scheduling restart of crashed service com.android.chrome/org.chromium.content.app.SandboxedProcessService2 in 1000ms
11-02 01:06:35.260   601   611 I ActivityManager: Killing 4127:com.android.chrome:sandboxed_process1/u0a35i32 (adj 0): isolated not needed
11-02 01:06:35.268  3981  3981 I cr_tabmodel: Appending tabs being restored to metadata lists, 0, startingNormalCount: 1, startingIncognitoCount: 0
11-02 01:06:35.268  3981  3981 I cr_tabmodel: Serializing tab lists; counts: 1, 0
11-02 01:06:35.281   195   195 E lowmemorykiller: Error writing /proc/4166/oom_score_adj; errno=22
11-02 01:06:35.318   601   612 D ActivityManager: cleanUpApplicationRecord -- 4127
11-02 01:06:35.318   601   612 I ActivityManager: Killing 4166:com.android.chrome:sandboxed_process5/u0a35i36 (adj 0): isolated not needed
11-02 01:06:35.325   601  2013 I ActivityManager: Process com.android.chrome:sandboxed_process4 (pid 4157) has died
11-02 01:06:35.325   601  2013 D ActivityManager: cleanUpApplicationRecord -- 4157
11-02 01:06:35.325   601  2013 W ActivityManager: Scheduling restart of crashed service com.android.chrome/org.chromium.content.app.SandboxedProcessService4 in 10933ms
11-02 01:06:35.367  3981  3981 W chromium: [WARNING:compositor_view.cc(315)] Child process died (type=6) pid=4132)
11-02 01:06:35.368  3981  3981 W chromium: [WARNING:compositor_view.cc(315)] Child process died (type=6) pid=4157)
11-02 01:06:35.372  4190  4250 I cr_LibraryLoader: Loaded native library version number "85.0.4183.127"
11-02 01:06:35.373  4147  4147 I cr_ChildProcessService: Destroying ChildProcessService pid=4147
11-02 01:06:35.373  3981  3981 W chromium: [WARNING:compositor_view.cc(315)] Child process died (type=6) pid=4127)
11-02 01:06:35.374  4190  4250 I cr_CachingUmaRecorder: Flushed 1 samples from 1 histograms.
11-02 01:06:35.393   601   612 I ActivityManager: Start proc 4277:com.android.chrome:sandboxed_process9/u0i40 for service com.android.chrome/org.chromium.content.app.SandboxedProcessService9
11-02 01:06:35.396  4224  4255 I cr_LibraryLoader: Loaded native library version number "85.0.4183.127"
11-02 01:06:35.397  4224  4255 I cr_CachingUmaRecorder: Flushed 1 samples from 1 histograms.
11-02 01:06:35.425  4205  4251 I cr_LibraryLoader: Loaded native library version number "85.0.4183.127"
11-02 01:06:35.426  4205  4251 I cr_CachingUmaRecorder: Flushed 1 samples from 1 histograms.
11-02 01:06:35.450  3981  3981 I Choreographer: Skipped 41 frames!  The application may be doing too much work on its main thread.
11-02 01:06:35.488   601  3864 D ActivityManager: cleanUpApplicationRecord -- 4166
11-02 01:06:35.490   601  3864 I ActivityManager: Killing 4147:com.android.chrome:sandboxed_process3/u0a35i34 (adj 0): isolated not needed
11-02 01:06:35.499  3981  3981 W chromium: [WARNING:compositor_view.cc(315)] Child process died (type=6) pid=4166)
11-02 01:06:35.544  4190  4250 I chromium: [INFO:child_process_service.cc(69)] ChildProcessService: Exiting child process.
11-02 01:06:35.552  4224  4255 I chromium: [INFO:child_process_service.cc(69)] ChildProcessService: Exiting child process.
11-02 01:06:35.564  4120  4120 D ICU     : No timezone override file found: /data/misc/zoneinfo/current/icu/icu_tzdata.dat
11-02 01:06:35.572   195   195 E lowmemorykiller: Error writing /proc/4190/oom_score_adj; errno=22
11-02 01:06:35.574   195   195 E lowmemorykiller: Error writing /proc/4224/oom_score_adj; errno=22
11-02 01:06:35.584  4205  4251 I chromium: [INFO:child_process_service.cc(69)] ChildProcessService: Exiting child process.
11-02 01:06:35.586   195   195 E lowmemorykiller: Error writing /proc/4205/oom_score_adj; errno=22
11-02 01:06:35.590   601   611 I ActivityManager: Process com.android.chrome:sandboxed_process6 (pid 4190) has died
11-02 01:06:35.590   601   611 D ActivityManager: cleanUpApplicationRecord -- 4190
11-02 01:06:35.591   601   611 I ActivityManager: Killing 4205:com.android.chrome:sandboxed_process7/u0a35i38 (adj 0): isolated not needed
11-02 01:06:35.591   601   611 I ActivityManager: Killing 4224:com.android.chrome:sandboxed_process8/u0a35i39 (adj 0): isolated not needed
11-02 01:06:35.599   601  4276 D ActivityManager: cleanUpApplicationRecord -- 4224
11-02 01:06:35.645  4277  4277 W dboxed_process9: type=1400 audit(0.0:95): avc: denied { getattr } for path="/data/data/com.android.chrome" dev="dm-2" ino=12190 scontext=u:r:isolated_app:s0:c512,c768 tcontext=u:object_r:app_data_file:s0:c512,c768 tclass=dir permissive=0
11-02 01:06:35.707  3981  4037 I TaskQueue: Execute task [IMMEDIATE - d: true, b: 2]: 27
11-02 01:06:35.717  3981  4037 I FeedRequestManagerImpl: Consistency Token: # hU2@7bca4
11-02 01:06:35.733  4277  4277 I cr_ChildProcessService: Creating new ChildProcessService pid=4277
11-02 01:06:35.740   601   611 D ActivityManager: cleanUpApplicationRecord -- 4205
11-02 01:06:35.779  3981  4037 I FeedRequestManagerImpl: Capability: FEED_UI
11-02 01:06:35.779  3981  4037 I FeedRequestManagerImpl: Capability: UNDOABLE_ACTIONS
11-02 01:06:35.779  3981  4037 I FeedRequestManagerImpl: Capability: MANAGE_INTERESTS
11-02 01:06:35.779  3981  4037 I FeedRequestManagerImpl: Capability: SEND_FEEDBACK
11-02 01:06:35.779  3981  4037 I FeedRequestManagerImpl: Capability: ARTICLE_SNIPPETS
11-02 01:06:35.779  3981  4037 I FeedRequestManagerImpl: Capability: CLICK_ACTION
11-02 01:06:35.784  3981  4037 I FeedRequestManagerImpl: Capability: VIEW_ACTION
11-02 01:06:35.784  3981  4037 I FeedRequestManagerImpl: Capability: REPORT_FEED_USER_ACTIONS_NOTICE_CARD
11-02 01:06:35.784  3981  4037 I FeedRequestManagerImpl: Capability: BASE_UI
11-02 01:06:35.803  3981  4037 I FeedRequestManagerImpl: Making Request: /httpservice/noretry/DiscoverClankService/FeedQuery
11-02 01:06:35.803  3981  4037 I MainThreadRunner: Running task [NetworkClientWrapper send] on the Main Thread
11-02 01:06:35.803  3981  4037 I TaskQueue:  - Finished 27, time 96 ms
11-02 01:06:35.807  4120  4120 I Radio-JNI: register_android_hardware_Radio DONE
11-02 01:06:35.838  4120  4120 D AndroidRuntime: Calling main entry com.android.commands.am.Am
11-02 01:06:35.884  3981  3991 W art     : Suspending all threads took: 10.007ms
11-02 01:06:35.888  3981  4218 I PlayCore: UID: [10035]  PID: [3981] SplitInstallService : Initiate binding to the service.
11-02 01:06:35.891  4277  4308 I cr_LibraryLoader: Loaded native library version number "85.0.4183.127"
11-02 01:06:35.894   601   611 I ActivityManager: START u0 {act=android.intent.action.VIEW dat=http://science.org/... flg=0x10000000 cmp=com.android.chrome/com.google.android.apps.chrome.Main} from uid 2000 on display 0
11-02 01:06:35.900  4120  4120 D AndroidRuntime: Shutting down VM
11-02 01:06:35.907  4277  4308 I cr_CachingUmaRecorder: Flushed 1 samples from 1 histograms.
11-02 01:06:35.908  3981  3981 W chromium: [WARNING:compositor_view.cc(315)] Child process died (type=6) pid=4190)
11-02 01:06:35.909  3981  3981 W chromium: [WARNING:compositor_view.cc(315)] Child process died (type=6) pid=4224)
11-02 01:06:35.911  3981  3981 W chromium: [WARNING:compositor_view.cc(315)] Child process died (type=6) pid=4205)
11-02 01:06:35.972  4277  4308 I chromium: [INFO:child_process_service.cc(69)] ChildProcessService: Exiting child process.
11-02 01:06:36.021   601   832 W ActivityManager: Slow operation: 95ms so far, now at startProcess: returned from zygote!
11-02 01:06:36.021   601   832 W ActivityManager: Slow operation: 95ms so far, now at startProcess: done updating battery stats
11-02 01:06:36.021   601   832 W ActivityManager: Slow operation: 95ms so far, now at startProcess: building log message
11-02 01:06:36.021   601   832 I ActivityManager: Start proc 4314:com.android.chrome:sandboxed_process10/u0i41 for service com.android.chrome/org.chromium.content.app.SandboxedProcessService10
11-02 01:06:36.021   601   832 W ActivityManager: Slow operation: 95ms so far, now at startProcess: starting to update pids map
11-02 01:06:36.021   601   832 W ActivityManager: Slow operation: 95ms so far, now at startProcess: done updating pids map
11-02 01:06:36.021   601   832 W ActivityManager: Slow operation: 95ms so far, now at startProcess: done starting proc!
11-02 01:06:36.022   601   660 W ActivityManager: Unable to start service Intent { act=com.google.android.play.core.splitinstall.BIND_SPLIT_INSTALL_SERVICE pkg=com.android.vending } U=0: not found
11-02 01:06:36.022   601  4276 I ActivityManager: Process com.android.chrome:sandboxed_process9 (pid 4277) has died
11-02 01:06:36.022   601  4276 D ActivityManager: cleanUpApplicationRecord -- 4277
11-02 01:06:36.022   601  4276 W ActivityManager: Scheduling restart of crashed service com.android.chrome/org.chromium.content.app.SandboxedProcessService9 in 1000ms
11-02 01:06:36.028  3981  4218 I PlayCore: UID: [10035]  PID: [3981] SplitInstallService : Failed to bind to the service.
11-02 01:06:36.028  3981  3991 I art     : Background sticky concurrent mark sweep GC freed 108665(5MB) AllocSpace objects, 70(1456KB) LOS objects, 11% free, 11MB/12MB, paused 11.663ms total 1.044s
11-02 01:06:36.029  3981  3981 W chromium: [WARNING:compositor_view.cc(315)] Child process died (type=6) pid=4277)
11-02 01:06:36.046   601   611 I ActivityManager: Start proc 4319:com.android.chrome:sandboxed_process11/u0i42 for service com.android.chrome/org.chromium.content.app.SandboxedProcessService11
11-02 01:06:36.088   601  4276 I ActivityManager: Start proc 4328:com.android.chrome:sandboxed_process12/u0i43 for service com.android.chrome/org.chromium.content.app.SandboxedProcessService12
11-02 01:06:36.090   601   611 D ActivityManager: cleanUpApplicationRecord -- 4147
11-02 01:06:36.124   601  3864 I ActivityManager: Start proc 4338:com.android.chrome:sandboxed_process13/u0i44 for service com.android.chrome/org.chromium.content.app.SandboxedProcessService13
11-02 01:06:36.131  3981  3981 E cr_IntentUtils: getInt failed on bundle null
11-02 01:06:36.164   601   819 I ActivityManager: Start proc 4358:com.android.chrome:sandboxed_process14/u0i45 for service com.android.chrome/org.chromium.content.app.SandboxedProcessService14
11-02 01:06:36.205  3981  3981 W FeedModelProvider: sessionId is null, this should have been set during population
11-02 01:06:36.206  3981  3981 I cr_tabmodel: Appending tabs being restored to metadata lists, 0, startingNormalCount: 2, startingIncognitoCount: 0
11-02 01:06:36.206  3981  3981 I cr_tabmodel: Serializing tab lists; counts: 2, 0
11-02 01:06:36.209  3981  3991 I art     : Background partial concurrent mark sweep GC freed 22755(1115KB) AllocSpace objects, 15(400KB) LOS objects, 40% free, 12MB/21MB, paused 786us total 158.454ms
11-02 01:06:36.260   601   819 I ActivityManager: Start proc 4375:com.android.chrome:sandboxed_process15/u0i46 for service com.android.chrome/org.chromium.content.app.SandboxedProcessService15
11-02 01:06:36.282   601  4276 I ActivityManager: Start proc 4386:com.android.chrome:sandboxed_process16/u0i47 for service com.android.chrome/org.chromium.content.app.SandboxedProcessService16
11-02 01:06:36.301  4319  4319 W boxed_process11: type=1400 audit(0.0:96): avc: denied { getattr } for path="/data/data/com.android.chrome" dev="dm-2" ino=12190 scontext=u:r:isolated_app:s0:c512,c768 tcontext=u:object_r:app_data_file:s0:c512,c768 tclass=dir permissive=0
11-02 01:06:36.305  4338  4338 W boxed_process13: type=1400 audit(0.0:97): avc: denied { getattr } for path="/data/data/com.android.chrome" dev="dm-2" ino=12190 scontext=u:r:isolated_app:s0:c512,c768 tcontext=u:object_r:app_data_file:s0:c512,c768 tclass=dir permissive=0
11-02 01:06:36.305  4314  4314 W boxed_process10: type=1400 audit(0.0:98): avc: denied { getattr } for path="/data/data/com.android.chrome" dev="dm-2" ino=12190 scontext=u:r:isolated_app:s0:c512,c768 tcontext=u:object_r:app_data_file:s0:c512,c768 tclass=dir permissive=0
11-02 01:06:36.308  4328  4328 W boxed_process12: type=1400 audit(0.0:99): avc: denied { getattr } for path="/data/data/com.android.chrome" dev="dm-2" ino=12190 scontext=u:r:isolated_app:s0:c512,c768 tcontext=u:object_r:app_data_file:s0:c512,c768 tclass=dir permissive=0
11-02 01:06:36.318   601  2013 I ActivityManager: Start proc 4399:com.android.chrome:sandboxed_process17/u0i48 for service com.android.chrome/org.chromium.content.app.SandboxedProcessService17
11-02 01:06:36.354   601   832 I ActivityManager: Start proc 4412:com.android.chrome:sandboxed_process18/u0i49 for service com.android.chrome/org.chromium.content.app.SandboxedProcessService18
11-02 01:06:36.381  4358  4358 W boxed_process14: type=1400 audit(0.0:100): avc: denied { getattr } for path="/data/data/com.android.chrome" dev="dm-2" ino=12190 scontext=u:r:isolated_app:s0:c512,c768 tcontext=u:object_r:app_data_file:s0:c512,c768 tclass=dir permissive=0
11-02 01:06:36.402   601  1452 I ActivityManager: Start proc 4426:com.android.chrome:sandboxed_process19/u0i50 for service com.android.chrome/org.chromium.content.app.SandboxedProcessService19
11-02 01:06:36.407  4314  4314 I cr_ChildProcessService: Creating new ChildProcessService pid=4314
11-02 01:06:36.414  3981  3981 W chromium: [WARNING:compositor_view.cc(315)] Child process died (type=6) pid=4147)
11-02 01:06:36.425  4319  4319 I cr_ChildProcessService: Creating new ChildProcessService pid=4319
11-02 01:06:36.426  4328  4328 I cr_ChildProcessService: Creating new ChildProcessService pid=4328
11-02 01:06:36.454  4338  4338 I cr_ChildProcessService: Creating new ChildProcessService pid=4338
11-02 01:06:36.476   601  1452 W ActivityManager: Slow operation: 63ms so far, now at startProcess: returned from zygote!
11-02 01:06:36.476   601  1452 W ActivityManager: Slow operation: 63ms so far, now at startProcess: done updating battery stats
11-02 01:06:36.476   601  1452 W ActivityManager: Slow operation: 63ms so far, now at startProcess: building log message
11-02 01:06:36.476   601  1452 I ActivityManager: Start proc 4442:com.android.chrome:sandboxed_process20/u0i51 for service com.android.chrome/org.chromium.content.app.SandboxedProcessService20
11-02 01:06:36.476   601  1452 W ActivityManager: Slow operation: 63ms so far, now at startProcess: starting to update pids map
11-02 01:06:36.476   601  1452 W ActivityManager: Slow operation: 63ms so far, now at startProcess: done updating pids map
11-02 01:06:36.476   601  1452 W ActivityManager: Slow operation: 63ms so far, now at startProcess: done starting proc!
11-02 01:06:36.518  4375  4375 W boxed_process15: type=1400 audit(0.0:101): avc: denied { getattr } for path="/data/data/com.android.chrome" dev="dm-2" ino=12190 scontext=u:r:isolated_app:s0:c512,c768 tcontext=u:object_r:app_data_file:s0:c512,c768 tclass=dir permissive=0
11-02 01:06:36.621  4399  4399 W boxed_process17: type=1400 audit(0.0:102): avc: denied { getattr } for path="/data/data/com.android.chrome" dev="dm-2" ino=12190 scontext=u:r:isolated_app:s0:c512,c768 tcontext=u:object_r:app_data_file:s0:c512,c768 tclass=dir permissive=0
11-02 01:06:36.646  3981  4039 W cr_CrashFileManager: /data/user/0/com.android.chrome/cache/Crash Reports does not exist or is not a directory
11-02 01:06:36.646  3981  4039 W cr_CrashFileManager: /data/user/0/com.android.chrome/cache/Crash Reports does not exist or is not a directory
11-02 01:06:36.646  3981  4039 W cr_CrashFileManager: /data/user/0/com.android.chrome/cache/Crash Reports does not exist or is not a directory
11-02 01:06:36.652  3981  4017 I cr_BindingManager: Moderate binding enabled: maxSize=40
11-02 01:06:36.658  4386  4386 W boxed_process16: type=1400 audit(0.0:103): avc: denied { getattr } for path="/data/data/com.android.chrome" dev="dm-2" ino=12190 scontext=u:r:isolated_app:s0:c512,c768 tcontext=u:object_r:app_data_file:s0:c512,c768 tclass=dir permissive=0
11-02 01:06:36.660  4358  4358 I cr_ChildProcessService: Creating new ChildProcessService pid=4358
11-02 01:06:36.688  4412  4412 W boxed_process18: type=1400 audit(0.0:104): avc: denied { getattr } for path="/data/data/com.android.chrome" dev="dm-2" ino=12190 scontext=u:r:isolated_app:s0:c512,c768 tcontext=u:object_r:app_data_file:s0:c512,c768 tclass=dir permissive=0
11-02 01:06:36.723  1244  1639 I Icing   : IndexChimeraService.getServiceInterface callingPackage=com.android.chrome componentName=null serviceId=36
11-02 01:06:36.752  4375  4375 I cr_ChildProcessService: Creating new ChildProcessService pid=4375
