11-02 01:06:36.755  4426  4426 W boxed_process19: type=1400 audit(0.0:105): avc: denied { getattr } for path="/data/data/com.android.chrome" dev="dm-2" ino=12190 scontext=u:r:isolated_app:s0:c512,c768 tcontext=u:object_r:app_data_file:s0:c512,c768 tclass=dir permissive=0
11-02 01:06:36.761  4314  4432 I cr_LibraryLoader: Loaded native library version number "85.0.4183.127"
11-02 01:06:36.762  4314  4432 I cr_CachingUmaRecorder: Flushed 1 samples from 1 histograms.
11-02 01:06:36.778  4328  4434 I cr_LibraryLoader: Loaded native library version number "85.0.4183.127"
11-02 01:06:36.779  4328  4434 I cr_CachingUmaRecorder: Flushed 1 samples from 1 histograms.
11-02 01:06:36.780  1244  1644 I Icing   : IndexChimeraService.getServiceInterface callingPackage=com.android.chrome componentName=null serviceId=36
11-02 01:06:36.800  4399  4399 I cr_ChildProcessService: Creating new ChildProcessService pid=4399
11-02 01:06:36.841  4386  4386 I cr_ChildProcessService: Creating new ChildProcessService pid=4386
11-02 01:06:36.847  4319  4433 I cr_LibraryLoader: Loaded native library version number "85.0.4183.127"
11-02 01:06:36.847  4319  4433 I cr_CachingUmaRecorder: Flushed 1 samples from 1 histograms.
11-02 01:06:36.849  4338  4440 I cr_LibraryLoader: Loaded native library version number "85.0.4183.127"
11-02 01:06:36.849  4338  4440 I cr_CachingUmaRecorder: Flushed 1 samples from 1 histograms.
11-02 01:06:36.868  4412  4412 I cr_ChildProcessService: Creating new ChildProcessService pid=4412
11-02 01:06:36.878  4442  4442 W boxed_process20: type=1400 audit(0.0:106): avc: denied { getattr } for path="/data/data/com.android.chrome" dev="dm-2" ino=12190 scontext=u:r:isolated_app:s0:c512,c768 tcontext=u:object_r:app_data_file:s0:c512,c768 tclass=dir permissive=0
11-02 01:06:36.965  4426  4426 I cr_ChildProcessService: Creating new ChildProcessService pid=4426
11-02 01:06:37.001  4358  4463 I cr_LibraryLoader: Loaded native library version number "85.0.4183.127"
11-02 01:06:37.002  4358  4463 I cr_CachingUmaRecorder: Flushed 1 samples from 1 histograms.
11-02 01:06:37.028  4338  4440 I chromium: [INFO:child_process_service.cc(69)] ChildProcessService: Exiting child process.
11-02 01:06:37.031  4375  4466 I cr_LibraryLoader: Loaded native library version number "85.0.4183.127"
11-02 01:06:37.032  4375  4466 I cr_CachingUmaRecorder: Flushed 1 samples from 1 histograms.
11-02 01:06:37.033   195   195 E lowmemorykiller: Error writing /proc/4338/oom_score_adj; errno=22
11-02 01:06:37.038  4442  4442 I cr_ChildProcessService: Creating new ChildProcessService pid=4442
11-02 01:06:37.047   601  3864 I ActivityManager: Process com.android.chrome:sandboxed_process13 (pid 4338) has died
11-02 01:06:37.047   601  3864 D ActivityManager: cleanUpApplicationRecord -- 4338
11-02 01:06:37.050   601  3864 I ActivityManager: Killing 4319:com.android.chrome:sandboxed_process11/u0a35i42 (adj 0): isolated not needed
11-02 01:06:37.050   601  3864 I ActivityManager: Killing 4328:com.android.chrome:sandboxed_process12/u0a35i43 (adj 0): isolated not needed
11-02 01:06:37.050   601  3864 I ActivityManager: Killing 4314:com.android.chrome:sandboxed_process10/u0a35i41 (adj 0): isolated not needed
11-02 01:06:37.062  3981  3981 W chromium: [WARNING:compositor_view.cc(315)] Child process died (type=6) pid=4338)
11-02 01:06:37.069  3981  4017 I cr_BindingManager: onTrimMemory: level=5, size=0
11-02 01:06:37.071   601   610 I art     : Background partial concurrent mark sweep GC freed 37750(2MB) AllocSpace objects, 41(1052KB) LOS objects, 33% free, 13MB/20MB, paused 939us total 512.705ms
11-02 01:06:37.124  4399  4467 I cr_LibraryLoader: Loaded native library version number "85.0.4183.127"
11-02 01:06:37.124  4399  4467 I cr_CachingUmaRecorder: Flushed 1 samples from 1 histograms.
11-02 01:06:37.152  4386  4471 I cr_LibraryLoader: Loaded native library version number "85.0.4183.127"
11-02 01:06:37.153  4358  4463 I chromium: [INFO:child_process_service.cc(69)] ChildProcessService: Exiting child process.
11-02 01:06:37.153   195   195 E lowmemorykiller: Error writing /proc/4358/oom_score_adj; errno=22
11-02 01:06:37.155  1065  1065 I MemoryTrimmer: Trimming objects from memory, since app is in the background.
11-02 01:06:37.162  4386  4471 I cr_CachingUmaRecorder: Flushed 1 samples from 1 histograms.
11-02 01:06:37.180  3981  3981 W chromium: [WARNING:compositor_view.cc(315)] Child process died (type=6) pid=4358)
11-02 01:06:37.181   601   819 I ActivityManager: Process com.android.chrome:sandboxed_process14 (pid 4358) has died
11-02 01:06:37.181   601   819 D ActivityManager: cleanUpApplicationRecord -- 4358
11-02 01:06:37.187  4412  4472 I cr_LibraryLoader: Loaded native library version number "85.0.4183.127"
11-02 01:06:37.188  4412  4472 I cr_CachingUmaRecorder: Flushed 1 samples from 1 histograms.
11-02 01:06:37.192  4426  4482 I cr_LibraryLoader: Loaded native library version number "85.0.4183.127"
11-02 01:06:37.204  4426  4482 I cr_CachingUmaRecorder: Flushed 1 samples from 1 histograms.
11-02 01:06:37.248  4399  4467 I chromium: [INFO:child_process_service.cc(69)] ChildProcessService: Exiting child process.
11-02 01:06:37.252   195   195 E lowmemorykiller: Error writing /proc/4399/oom_score_adj; errno=22
11-02 01:06:37.277  4426  4482 I chromium: [INFO:child_process_service.cc(69)] ChildProcessService: Exiting child process.
11-02 01:06:37.279  4442  4483 I cr_LibraryLoader: Loaded native library version number "85.0.4183.127"
11-02 01:06:37.280  4442  4483 I cr_CachingUmaRecorder: Flushed 1 samples from 1 histograms.
11-02 01:06:37.292  4375  4375 I cr_ChildProcessService: Destroying ChildProcessService pid=4375
11-02 01:06:37.305  4386  4386 I cr_ChildProcessService: Destroying ChildProcessService pid=4386
11-02 01:06:37.356  4412  4412 I cr_ChildProcessService: Destroying ChildProcessService pid=4412
11-02 01:06:37.423   601  1452 I ActivityManager: Killing 4426:com.android.chrome:sandboxed_process19/u0a35i50 (adj 0): isolated not needed
11-02 01:06:37.423   601  1452 I ActivityManager: Killing 4386:com.android.chrome:sandboxed_process16/u0a35i47 (adj 0): isolated not needed
11-02 01:06:37.423   601  1452 I ActivityManager: Killing 4412:com.android.chrome:sandboxed_process18/u0a35i49 (adj 0): isolated not needed
11-02 01:06:37.423   601  1452 I ActivityManager: Killing 4399:com.android.chrome:sandboxed_process17/u0a35i48 (adj 0): isolated not needed
11-02 01:06:37.424   601  1452 I ActivityManager: Killing 4375:com.android.chrome:sandboxed_process15/u0a35i46 (adj 0): isolated not needed
11-02 01:06:37.590  3981  3981 I FeedRequestManagerImpl: Request: /httpservice/noretry/DiscoverClankService/FeedQuery completed with response code: 200
11-02 01:06:37.590  3981  3981 I TaskQueue:  - task [IMMEDIATE - d: true, b: 2]: 15
11-02 01:06:37.590  3981  3981 I TaskQueue:  - queueTask starting immediate task
11-02 01:06:37.590  3981  4036 I TaskQueue: Execute task [IMMEDIATE - d: true, b: 2]: 15
11-02 01:06:37.591  3981  4039 I cr_FileUtils: Writing to /data/user/0/com.android.chrome/app_dex/webapk7.dex
11-02 01:06:37.607   601   832 D ActivityManager: cleanUpApplicationRecord -- 4426
11-02 01:06:37.625   601  4276 D ActivityManager: cleanUpApplicationRecord -- 4314
11-02 01:06:37.641   601  3864 D ActivityManager: cleanUpApplicationRecord -- 4386
11-02 01:06:37.652   601  4276 D ActivityManager: cleanUpApplicationRecord -- 4399
11-02 01:06:37.653  3981  3981 W chromium: [WARNING:compositor_view.cc(315)] Child process died (type=6) pid=4314)
11-02 01:06:37.656  3981  3981 W chromium: [WARNING:compositor_view.cc(315)] Child process died (type=6) pid=4399)
11-02 01:06:37.656  3981  3981 W chromium: [WARNING:compositor_view.cc(315)] Child process died (type=6) pid=4386)
11-02 01:06:37.661  3981  3981 W chromium: [WARNING:compositor_view.cc(315)] Child process died (type=6) pid=4426)
11-02 01:06:37.733  1244  1602 W Icing   : No valid account for uploading user actions
11-02 01:06:37.777  3981  4036 I MainThreadRunner: Running task [FeedRequestManagerImpl consumer] on the Main Thread
11-02 01:06:37.777  3981  4036 I TaskQueue:  - Finished 15, time 187 ms
11-02 01:06:37.777  3981  3981 I FeedProtocolAdapter: createModel, operations 33
11-02 01:06:37.786  3981  3981 I TimingUtils: Task Timing   7ms, thread ui | task : convertWireProtocol | mutations : 33
11-02 01:06:37.788  3981  3981 I TaskQueue:  - task [HEAD_RESET - d: true, b: 2]: 5
11-02 01:06:37.788  3981  3981 I TaskQueue:  - queueTask starting immediate task
11-02 01:06:37.788  3981  4036 I TaskQueue: Execute task [HEAD_RESET - d: true, b: 2]: 5
11-02 01:06:37.797  3981  4036 I TaskQueue:  - task [BACKGROUND - d: true, b: 2]: 23
11-02 01:06:37.798  3981  4036 W SessionCache: Persisted Sessions were not found
11-02 01:06:37.810  3981  4036 I PersistentFeedStore: commitSessionMutation - Success true, Update Session $HEAD, stream structures 32
11-02 01:06:37.830  3981  4036 I MainThreadRunner: Running task [SchedulerApiWrapper onReceiveNewContent] on the Main Thread
11-02 01:06:37.835  3981  4036 I MainThreadRunner: Running task [FeedKnownContentImpl onNewContentReceived] on the Main Thread
11-02 01:06:37.849  3981  4036 I SessionManagerMutation: Cleared Head, new creation time 11-02 01:06:37.798
11-02 01:06:37.849  3981  4036 I TimingUtils: Task Timing  60ms, thread background-1 | task : sessionMutation.commitTask:updateConsumer | mutations : 33 | userInitiated : false
11-02 01:06:37.849  3981  4036 I TaskQueue: Cancelling starvation checks
11-02 01:06:37.850  3981  4036 I TaskQueue:  - Finished 5, time 62 ms
11-02 01:06:37.850  3981  4036 I TaskQueue: Execute task [USER_FACING - d: false, b: 2]: 24
11-02 01:06:37.963  1244  1639 I Icing   : IndexChimeraService.getServiceInterface callingPackage=com.google.android.gms componentName=null serviceId=30
11-02 01:06:37.970  3981  4036 I TimeoutSessionImpl: TimeoutSession.populateModelProvider, shouldAppend false
11-02 01:06:37.970  3981  4036 I SessionImpl: PopulateModelProvider 32 items
11-02 01:06:37.971  3981  4036 I FeedModelProvider: FeedModelProvider - committer, structure changes 31, update changes 0
11-02 01:06:37.971  3981  4036 I FeedModelProvider: SyntheticTokenTracker: 0, 11, 11, false
11-02 01:06:37.971  3981  4036 I FeedSessionManagerImpl: Caching getStreamFeatures - items 31, cache misses 0, cache size 31
11-02 01:06:37.972  3981  4036 I FeedModelProvider: Moving _session:492274ba-4aaf-4880-9c33-25d27dc13dbf to READY
11-02 01:06:37.972  3981  4036 I MainThreadRunner: Running task [FeedModelProvider onSessionStart] on the Main Thread
11-02 01:06:37.972  3981  4036 I FeedModelProvider: ModelProvider Mutation committed - structure changes 31, childrenToBind 31, removedChildren false, Token false
11-02 01:06:37.974  3981  3981 I FeedModelProvider: No children found for Cursor
11-02 01:06:37.987  3981  4036 I FeedSessionManagerImpl: Populate new session: _session:492274ba-4aaf-4880-9c33-25d27dc13dbf, creation time 11-02 01:06:37.970
11-02 01:06:37.987  3981  4036 I TimingUtils: Task Timing 136ms, thread background-2 | task : Create/Populate New Session
11-02 01:06:37.987  3981  4036 I TaskQueue:  - Finished 24, time 137 ms
11-02 01:06:37.987  3981  4036 I TaskQueue: Execute task [BACKGROUND - d: false, b: 1]: 11
11-02 01:06:37.987  3981  4036 I ContentGc: Re-enqueuing triggerContentGc; attempts(0)
11-02 01:06:37.988  3981  4036 I TaskQueue:  - task [BACKGROUND - d: false, b: 1]: 11
11-02 01:06:37.988  3981  4036 I TaskQueue:  - Finished 11, time 1 ms
11-02 01:06:37.988  3981  4036 I TaskQueue: Execute task [BACKGROUND - d: false, b: 1]: 23
11-02 01:06:38.095  4519  4519 I dex2oat : /system/bin/dex2oat --dex-file=/data/user/0/com.android.chrome/app_dex/webapk7.dex --oat-fd=202 --oat-location=/data/user/0/com.android.chrome/app_dex/oat/arm/webapk7.dex --compiler-filter=speed
11-02 01:06:38.142  3981  4043 W chromium: [WARNING:spdy_session.cc(3090)] Received RST for invalid stream1
11-02 01:06:38.180   601   611 D ActivityManager: cleanUpApplicationRecord -- 4375
11-02 01:06:38.184  3981  3981 W chromium: [WARNING:compositor_view.cc(315)] Child process died (type=6) pid=4375)
11-02 01:06:38.185   601   832 D ActivityManager: cleanUpApplicationRecord -- 4412
11-02 01:06:38.188  3981  3981 W chromium: [WARNING:compositor_view.cc(315)] Child process died (type=6) pid=4412)
11-02 01:06:38.191  3981  3981 W chromium: [WARNING:compositor_view.cc(315)] Child process died (type=6) pid=4319)
11-02 01:06:38.197  3981  4036 I TimingUtils: Task Timing 206ms, thread background-3 | task : commitContentMutation | mutations : 32
11-02 01:06:38.197  3981  4036 I TimingUtils: Task Timing   0ms, thread background-4 | task : commitSemanticPropertiesMutation | mutations : 0
11-02 01:06:38.197  3981  4036 I TaskQueue:  - Finished 23, time 209 ms
11-02 01:06:38.198  3981  4036 I TaskQueue: Execute task [BACKGROUND - d: false, b: 0]: 11
11-02 01:06:38.198   601   660 D ActivityManager: cleanUpApplicationRecord -- 4319
11-02 01:06:38.200  3981  4036 I SessionCache: Determining accessible content
11-02 01:06:38.203  3981  4036 I TimingUtils: Task Timing   5ms, thread background-5 | task : ContentGc | contentItemsRemoved : 0
11-02 01:06:38.203  3981  4036 I TaskQueue:  - Finished 11, time 5 ms
11-02 01:06:38.231   601   819 D ActivityManager: cleanUpApplicationRecord -- 4328
11-02 01:06:38.234  3981  3981 W chromium: [WARNING:compositor_view.cc(315)] Child process died (type=6) pid=4328)
11-02 01:06:38.375  1244  1602 E native  : document-store.cc:1328 Failed to update per-doc-data with usage report
11-02 01:06:38.382  1244  1602 E native  : document-store.cc:1328 Failed to update per-doc-data with usage report
11-02 01:06:38.467  3981  4040 W InstanceID: Instance ID SDK is deprecated, com.android.chrome should update to use Firebase Instance ID
11-02 01:06:38.790  4519  4519 I dex2oat : dex2oat took 695.903ms (threads: 2) arena alloc=1000KB (1024080B) java alloc=81KB (83360B) native alloc=559KB (573208B) free=2000KB (2048232B)
11-02 01:06:38.986  1244  1602 I Icing   : Usage reports ok 1, Failed Usage reports 2, indexed 0, rejected 0
11-02 01:06:38.987  1244  1602 I Icing   : Removing corpus key com.android.chrome-omnibox for package com.android.chrome
11-02 01:06:39.419  1244  1602 I native  : document-store.cc:1654 Scored 3063 usage reports, missing_corpora 1677 update_failed 1
11-02 01:06:39.968  3981  4036 I cr_omaha: Request to Server Successful. Timestamp for next request:1667351199968
11-02 01:06:40.045  3981  4036 I cr_omaha: Request to Server Successful. Timestamp for next request:1667351200045
11-02 01:06:40.045  3981  4036 I cr_omaha: Attempting to schedule next job for: Wed Nov 02 06:06:39 GMT+01:00 2022
11-02 01:06:40.051  3981  3981 I cr_omaha: Scheduled using JobService
11-02 01:06:40.054  3981  3981 E cr_BkgrdTaskJS: Tried finishing non-current BackgroundTask.
11-02 01:06:40.084  1244  1602 W Icing   : No valid account for uploading user actions
11-02 01:06:40.837  1244  1602 I Icing   : Usage reports ok 0, Failed Usage reports 0, indexed 0, rejected 0
11-02 01:06:40.840  1244  1602 W Icing   : No valid account for uploading user actions
11-02 01:06:40.868  1244  1602 I Icing   : Usage reports ok 0, Failed Usage reports 0, indexed 0, rejected 0
11-02 01:06:40.870  1244  1602 I Icing   : Indexing com.android.chrome-omnibox from com.android.chrome
11-02 01:06:40.922  3981  3981 E cr_BTSPrefs: No data found for task id: 53
11-02 01:06:40.922  3981  3981 E cr_BkgrdTaskScheduler: Task cannot be canceled because no data was found instorage or data was invalid
11-02 01:06:41.076  1244  1602 I Icing   : Indexing done com.android.chrome-omnibox
11-02 01:06:41.486   785  1711 W Icing   : isOptedInForAppHistory: empty Account Name encountered
11-02 01:06:41.527   785  1711 W Icing   : isOptedInForAppHistory: empty Account Name encountered
11-02 01:06:42.569   785  2161 W Icing   : isOptedInForAppHistory: empty Account Name encountered
11-02 01:06:43.371  3981  3991 I art     : Background sticky concurrent mark sweep GC freed 87282(4MB) AllocSpace objects, 51(1072KB) LOS objects, 31% free, 14MB/21MB, paused 2.393ms total 104.470ms
11-02 01:06:44.926  3981  3981 E cr_BTSPrefs: No data found for task id: 57
11-02 01:06:44.926  3981  3981 E cr_BkgrdTaskScheduler: Task cannot be canceled because no data was found instorage or data was invalid
11-02 01:06:44.926  3981  3981 E cr_BTSPrefs: No data found for task id: 56
11-02 01:06:44.926  3981  3981 E cr_BkgrdTaskScheduler: Task cannot be canceled because no data was found instorage or data was invalid
11-02 01:06:49.470  4547  4547 D AndroidRuntime: >>>>>> START com.android.internal.os.RuntimeInit uid 2000 <<<<<<
11-02 01:06:49.475  4547  4547 D AndroidRuntime: CheckJNI is OFF
11-02 01:06:49.575  4547  4547 D ICU     : No timezone override file found: /data/misc/zoneinfo/current/icu/icu_tzdata.dat
11-02 01:06:49.624  4547  4547 I Radio-JNI: register_android_hardware_Radio DONE
11-02 01:06:49.647  4547  4547 D AndroidRuntime: Calling main entry com.android.commands.monkey.Monkey
11-02 01:06:49.795  3981  3981 I cr_tabmodel: Appending tabs being restored to metadata lists, 0, startingNormalCount: 2, startingIncognitoCount: 0
11-02 01:06:49.796  3981  3981 I cr_tabmodel: Serializing tab lists; counts: 2, 0
11-02 01:06:49.855   601   614 W BroadcastQueue: Skipping deliver [background] BroadcastRecord{c02fa1e u-1 android.net.conn.CONNECTIVITY_CHANGE} to ReceiverList{6add2ff 4547 (unknown name)/2000/u-1 remote:2f312a0}: process crashing
11-02 01:06:51.029  4547  4547 D MonkeyStub: translateCommand: wake
11-02 01:06:51.203  4547  4547 D MonkeyStub: translateCommand: touch down 614 1561
11-02 01:06:51.210  4547  4547 D MonkeyStub: translateCommand: touch move 614 1561
11-02 01:06:51.320  4547  4547 D MonkeyStub: translateCommand: touch move 614 1436
11-02 01:06:51.423  4547  4547 D MonkeyStub: translateCommand: touch move 614 1311
11-02 01:06:51.531  4547  4547 D MonkeyStub: translateCommand: touch move 614 1186
11-02 01:06:51.680  4547  4547 D MonkeyStub: translateCommand: touch move 614 1061
11-02 01:06:51.784  4547  4547 D MonkeyStub: translateCommand: touch move 614 937
11-02 01:06:51.896  4547  4547 D MonkeyStub: translateCommand: touch move 614 812
11-02 01:06:52.008  4547  4547 D MonkeyStub: translateCommand: touch move 614 687
11-02 01:06:52.112  4547  4547 D MonkeyStub: translateCommand: touch move 614 562
11-02 01:06:52.223  4547  4547 D MonkeyStub: translateCommand: touch move 614 437
11-02 01:06:52.332  4547  4547 D MonkeyStub: translateCommand: touch move 614 312
11-02 01:06:52.346  4547  4547 D MonkeyStub: translateCommand: touch up 614 312
11-02 01:06:54.480  4547  4547 D MonkeyStub: translateCommand: touch down 614 1561
11-02 01:06:54.503  4547  4547 D MonkeyStub: translateCommand: touch move 614 1561
11-02 01:06:54.609  4547  4547 D MonkeyStub: translateCommand: touch move 614 1436
11-02 01:06:54.720  4547  4547 D MonkeyStub: translateCommand: touch move 614 1311
11-02 01:06:54.838  4547  4547 D MonkeyStub: translateCommand: touch move 614 1186
11-02 01:06:54.942  4547  4547 D MonkeyStub: translateCommand: touch move 614 1061
11-02 01:06:55.052  4547  4547 D MonkeyStub: translateCommand: touch move 614 937
11-02 01:06:55.162  4547  4547 D MonkeyStub: translateCommand: touch move 614 812
11-02 01:06:55.270  4547  4547 D MonkeyStub: translateCommand: touch move 614 687
11-02 01:06:55.382  4547  4547 D MonkeyStub: translateCommand: touch move 614 562
11-02 01:06:55.489  4547  4547 D MonkeyStub: translateCommand: touch move 614 437
11-02 01:06:55.594  4547  4547 D MonkeyStub: translateCommand: touch move 614 312
11-02 01:06:55.601  4547  4547 D MonkeyStub: translateCommand: touch up 614 312
11-02 01:06:55.630  4547  4547 D MonkeyStub: translateCommand: touch down 614 1561
11-02 01:06:55.637  4547  4547 D MonkeyStub: translateCommand: touch move 614 1561
11-02 01:06:55.760  4547  4547 D MonkeyStub: translateCommand: touch move 614 1436
11-02 01:06:55.868  4547  4547 D MonkeyStub: translateCommand: touch move 614 1311
11-02 01:06:55.976  4547  4547 D MonkeyStub: translateCommand: touch move 614 1186
11-02 01:06:56.085  4547  4547 D MonkeyStub: translateCommand: touch move 614 1061
11-02 01:06:56.203  4547  4547 D MonkeyStub: translateCommand: touch move 614 937
11-02 01:06:56.347  4547  4547 D MonkeyStub: translateCommand: touch move 614 812
11-02 01:06:56.481  4547  4547 D MonkeyStub: translateCommand: touch move 614 687
11-02 01:06:56.619  4547  4547 D MonkeyStub: translateCommand: touch move 614 562
11-02 01:06:56.749  4547  4547 D MonkeyStub: translateCommand: touch move 614 437
11-02 01:06:56.898  4547  4547 D MonkeyStub: translateCommand: touch move 614 312
11-02 01:06:56.921  4547  4547 D MonkeyStub: translateCommand: touch up 614 312
11-02 01:07:02.080  4547  4547 D MonkeyStub: translateCommand: touch down 614 1561
11-02 01:07:02.101  4547  4547 D MonkeyStub: translateCommand: touch move 614 1561
11-02 01:07:02.213  4547  4547 D MonkeyStub: translateCommand: touch move 614 1436
11-02 01:07:02.334  4547  4547 D MonkeyStub: translateCommand: touch move 614 1311
11-02 01:07:02.442  4547  4547 D MonkeyStub: translateCommand: touch move 614 1186
11-02 01:07:02.550  4547  4547 D MonkeyStub: translateCommand: touch move 614 1061
11-02 01:07:02.661  4547  4547 D MonkeyStub: translateCommand: touch move 614 937
11-02 01:07:02.774  4547  4547 D MonkeyStub: translateCommand: touch move 614 812
11-02 01:07:02.882  4547  4547 D MonkeyStub: translateCommand: touch move 614 687
11-02 01:07:02.993  4547  4547 D MonkeyStub: translateCommand: touch move 614 562
11-02 01:07:03.109  4547  4547 D MonkeyStub: translateCommand: touch move 614 437
11-02 01:07:03.225  4547  4547 D MonkeyStub: translateCommand: touch move 614 312
11-02 01:07:03.234  4547  4547 D MonkeyStub: translateCommand: touch up 614 312
11-02 01:07:03.263  4547  4547 D MonkeyStub: translateCommand: touch down 614 1561
11-02 01:07:03.268  4547  4547 D MonkeyStub: translateCommand: touch move 614 1561
11-02 01:07:03.374  4547  4547 D MonkeyStub: translateCommand: touch move 614 1436
11-02 01:07:03.487  4547  4547 D MonkeyStub: translateCommand: touch move 614 1311
11-02 01:07:03.597  4547  4547 D MonkeyStub: translateCommand: touch move 614 1186
11-02 01:07:03.709  4547  4547 D MonkeyStub: translateCommand: touch move 614 1061
11-02 01:07:03.820  4547  4547 D MonkeyStub: translateCommand: touch move 614 937
11-02 01:07:03.931  4547  4547 D MonkeyStub: translateCommand: touch move 614 812
11-02 01:07:04.049  4547  4547 D MonkeyStub: translateCommand: touch move 614 687
11-02 01:07:04.159  4547  4547 D MonkeyStub: translateCommand: touch move 614 562
11-02 01:07:04.268  4547  4547 D MonkeyStub: translateCommand: touch move 614 437
11-02 01:07:04.376  4547  4547 D MonkeyStub: translateCommand: touch move 614 312
11-02 01:07:04.381  4547  4547 D MonkeyStub: translateCommand: touch up 614 312
11-02 01:07:06.470  4547  4547 D MonkeyStub: translateCommand: touch down 614 1561
11-02 01:07:06.504  4547  4547 D MonkeyStub: translateCommand: touch move 614 1561
11-02 01:07:06.829  4547  4547 D MonkeyStub: translateCommand: touch move 614 1436
11-02 01:07:07.146  4547  4547 D MonkeyStub: translateCommand: touch move 614 1311
11-02 01:07:07.285  4547  4547 D MonkeyStub: translateCommand: touch move 614 1186
11-02 01:07:07.410  4547  4547 D MonkeyStub: translateCommand: touch move 614 1061
11-02 01:07:07.798  4547  4547 D MonkeyStub: translateCommand: touch move 614 937
11-02 01:07:07.911  4547  4547 D MonkeyStub: translateCommand: touch move 614 812
11-02 01:07:08.017  4547  4547 D MonkeyStub: translateCommand: touch move 614 687
11-02 01:07:08.129  4547  4547 D MonkeyStub: translateCommand: touch move 614 562
11-02 01:07:08.174  1244  1639 I Icing   : IndexChimeraService.getServiceInterface callingPackage=com.android.chrome componentName=null serviceId=36
11-02 01:07:08.200  1244  1602 W Icing   : No valid account for uploading user actions
11-02 01:07:08.220  1244  1639 I Icing   : IndexChimeraService.getServiceInterface callingPackage=com.google.android.gms componentName=null serviceId=30
11-02 01:07:08.247  4547  4547 D MonkeyStub: translateCommand: touch move 614 437
11-02 01:07:08.309  1244  1602 I Icing   : Usage reports ok 1, Failed Usage reports 0, indexed 1, rejected 0
11-02 01:07:08.313  1244  1602 W Icing   : No valid account for uploading user actions
11-02 01:07:08.321  1244  1602 I Icing   : Usage reports ok 0, Failed Usage reports 0, indexed 0, rejected 0
11-02 01:07:08.324  1244  1602 I Icing   : Indexing com.android.chrome-omnibox from com.android.chrome
11-02 01:07:08.354  1244  1602 I Icing   : Indexing done com.android.chrome-omnibox
11-02 01:07:08.354  4547  4547 D MonkeyStub: translateCommand: touch move 614 312
11-02 01:07:08.357  4547  4547 D MonkeyStub: translateCommand: touch up 614 312
11-02 01:07:08.644   601   613 I UsageStatsService: User[0] Flushing usage stats to disk
11-02 01:07:10.456  4547  4547 D MonkeyStub: translateCommand: tap 1233 1011
11-02 01:07:10.872   785  1229 E AsyncOperation: serviceID=121, operation=GetLaunchDataOperation [CONTEXT service_id=259 ]
11-02 01:07:10.872   785  1229 E AsyncOperation: OperationException[Status{statusCode=Not an instant app, resolution=null}]
11-02 01:07:10.872   785  1229 E AsyncOperation: 	at aeay.a(:com.google.android.gms@203915020@20.39.15 (040406-335085812):20)
11-02 01:07:10.872   785  1229 E AsyncOperation: 	at aain.run(:com.google.android.gms@203915020@20.39.15 (040406-335085812):7)
11-02 01:07:10.872   785  1229 E AsyncOperation: 	at boex.run(:com.google.android.gms@203915020@20.39.15 (040406-335085812):2)
11-02 01:07:10.872   785  1229 E AsyncOperation: 	at sup.b(:com.google.android.gms@203915020@20.39.15 (040406-335085812):12)
11-02 01:07:10.872   785  1229 E AsyncOperation: 	at sup.run(:com.google.android.gms@203915020@20.39.15 (040406-335085812):7)
11-02 01:07:10.872   785  1229 E AsyncOperation: 	at java.util.concurrent.ThreadPoolExecutor.runWorker(ThreadPoolExecutor.java:1133)
11-02 01:07:10.872   785  1229 E AsyncOperation: 	at java.util.concurrent.ThreadPoolExecutor$Worker.run(ThreadPoolExecutor.java:607)
11-02 01:07:10.872   785  1229 E AsyncOperation: 	at tam.run(:com.google.android.gms@203915020@20.39.15 (040406-335085812):0)
11-02 01:07:10.872   785  1229 E AsyncOperation: 	at java.lang.Thread.run(Thread.java:761)
11-02 01:07:11.808   785  1696 W Icing   : isOptedInForAppHistory: empty Account Name encountered
11-02 01:07:11.819   785  1696 W Icing   : isOptedInForAppHistory: empty Account Name encountered
11-02 01:07:11.829   785  2678 W Icing   : isOptedInForAppHistory: empty Account Name encountered
11-02 01:07:13.582   196   196 E SELinux : avc:  denied  { find } for service=netd pid=4596 uid=2000 scontext=u:r:shell:s0 tcontext=u:object_r:netd_service:s0 tclass=service_manager permissive=0
11-02 01:07:13.590   196   196 E SELinux : avc:  denied  { find } for service=android.service.gatekeeper.IGateKeeperService pid=4596 uid=2000 scontext=u:r:shell:s0 tcontext=u:object_r:gatekeeper_service:s0 tclass=service_manager permissive=0
11-02 01:07:14.619  3981  4043 W chromium: [WARNING:spdy_session.cc(3352)] Received HEADERS for invalid stream 3
11-02 01:07:16.135   601  3864 I ActivityManager: Start proc 4600:com.android.chrome:sandboxed_process21/u0i52 for service com.android.chrome/org.chromium.content.app.SandboxedProcessService21
11-02 01:07:16.258  4600  4600 W boxed_process21: type=1400 audit(0.0:107): avc: denied { getattr } for path="/data/data/com.android.chrome" dev="dm-2" ino=12190 scontext=u:r:isolated_app:s0:c512,c768 tcontext=u:object_r:app_data_file:s0:c512,c768 tclass=dir permissive=0
11-02 01:07:16.305  4600  4600 I cr_ChildProcessService: Creating new ChildProcessService pid=4600
11-02 01:07:16.449  4600  4613 I cr_LibraryLoader: Loaded native library version number "85.0.4183.127"
11-02 01:07:16.449  4600  4613 I cr_CachingUmaRecorder: Flushed 1 samples from 1 histograms.
11-02 01:07:16.508  4613  4613 W CrUtilityMain: type=1400 audit(0.0:108): avc: denied { setattr } for name="LICENSE.txt" dev="dm-2" ino=63052 scontext=u:r:isolated_app:s0:c512,c768 tcontext=u:object_r:app_data_file:s0:c512,c768 tclass=file permissive=0
11-02 01:07:16.511  4613  4613 W CrUtilityMain: type=1400 audit(0.0:109): avc: denied { setattr } for name=46696C746572696E672052756C6573 dev="dm-2" ino=63199 scontext=u:r:isolated_app:s0:c512,c768 tcontext=u:object_r:app_data_file:s0:c512,c768 tclass=file permissive=0
11-02 01:07:16.515  4613  4613 W CrUtilityMain: type=1400 audit(0.0:110): avc: denied { setattr } for name="manifest.json" dev="dm-2" ino=62963 scontext=u:r:isolated_app:s0:c512,c768 tcontext=u:object_r:app_data_file:s0:c512,c768 tclass=file permissive=0
11-02 01:07:16.518  4613  4613 W CrUtilityMain: type=1400 audit(0.0:111): avc: denied { setattr } for name="verified_contents.json" dev="dm-2" ino=63159 scontext=u:r:isolated_app:s0:c512,c768 tcontext=u:object_r:app_data_file:s0:c512,c768 tclass=file permissive=0
11-02 01:07:16.541  4600  4613 I chromium: [INFO:child_process_service.cc(69)] ChildProcessService: Exiting child process.
11-02 01:07:16.740   601   819 I ActivityManager: Process com.android.chrome:sandboxed_process21 (pid 4600) has died
11-02 01:07:16.740   601   819 D ActivityManager: cleanUpApplicationRecord -- 4600
11-02 01:07:16.751  3981  3981 W chromium: [WARNING:compositor_view.cc(315)] Child process died (type=6) pid=4600)
11-02 01:07:17.789   601  4276 I ActivityManager: Start proc 4617:com.android.chrome:sandboxed_process22/u0i53 for service com.android.chrome/org.chromium.content.app.SandboxedProcessService22
11-02 01:07:17.835  4617  4617 W boxed_process22: type=1400 audit(0.0:112): avc: denied { getattr } for path="/data/data/com.android.chrome" dev="dm-2" ino=12190 scontext=u:r:isolated_app:s0:c512,c768 tcontext=u:object_r:app_data_file:s0:c512,c768 tclass=dir permissive=0
11-02 01:07:17.880  4617  4617 I cr_ChildProcessService: Creating new ChildProcessService pid=4617
11-02 01:07:17.932  4617  4630 I cr_LibraryLoader: Loaded native library version number "85.0.4183.127"
11-02 01:07:17.933  4617  4630 I cr_CachingUmaRecorder: Flushed 1 samples from 1 histograms.
11-02 01:07:17.998  4630  4630 W CrUtilityMain: type=1400 audit(0.0:113): avc: denied { setattr } for name="tl_en-us_2022-10-26_484799359_100000_index.bin" dev="dm-2" ino=62846 scontext=u:r:isolated_app:s0:c512,c768 tcontext=u:object_r:app_data_file:s0:c512,c768 tclass=file permissive=0
11-02 01:07:17.998  4630  4630 W CrUtilityMain: type=1400 audit(0.0:114): avc: denied { setattr } for name="manifest.json" dev="dm-2" ino=51752 scontext=u:r:isolated_app:s0:c512,c768 tcontext=u:object_r:app_data_file:s0:c512,c768 tclass=file permissive=0
11-02 01:07:18.001  4630  4630 W CrUtilityMain: type=1400 audit(0.0:115): avc: denied { setattr } for name="verified_contents.json" dev="dm-2" ino=44719 scontext=u:r:isolated_app:s0:c512,c768 tcontext=u:object_r:app_data_file:s0:c512,c768 tclass=file permissive=0
11-02 01:07:18.014  4617  4630 I chromium: [INFO:child_process_service.cc(69)] ChildProcessService: Exiting child process.
11-02 01:07:18.047   601   832 I ActivityManager: Process com.android.chrome:sandboxed_process22 (pid 4617) has died
11-02 01:07:18.047   601   832 D ActivityManager: cleanUpApplicationRecord -- 4617
11-02 01:07:18.050  3981  3981 W chromium: [WARNING:compositor_view.cc(315)] Child process died (type=6) pid=4617)
11-02 01:07:18.491  4547  4547 D MonkeyStub: translateCommand: touch down 614 1561
11-02 01:07:18.497  4547  4547 D MonkeyStub: translateCommand: touch move 614 1561
11-02 01:07:18.607  4547  4547 D MonkeyStub: translateCommand: touch move 614 1436
11-02 01:07:18.713  4547  4547 D MonkeyStub: translateCommand: touch move 614 1311
11-02 01:07:18.820  4547  4547 D MonkeyStub: translateCommand: touch move 614 1186
11-02 01:07:18.927  4547  4547 D MonkeyStub: translateCommand: touch move 614 1061
11-02 01:07:19.035  4547  4547 D MonkeyStub: translateCommand: touch move 614 937
11-02 01:07:19.138  4547  4547 D MonkeyStub: translateCommand: touch move 614 812
11-02 01:07:19.246  4547  4547 D MonkeyStub: translateCommand: touch move 614 687
11-02 01:07:19.362  4547  4547 D MonkeyStub: translateCommand: touch move 614 562
11-02 01:07:19.467  4547  4547 D MonkeyStub: translateCommand: touch move 614 437
11-02 01:07:19.560   601   612 I ActivityManager: Start proc 4635:com.android.chrome:sandboxed_process23/u0i54 for service com.android.chrome/org.chromium.content.app.SandboxedProcessService23
11-02 01:07:19.571  4547  4547 D MonkeyStub: translateCommand: touch move 614 312
11-02 01:07:19.583  4547  4547 D MonkeyStub: translateCommand: touch up 614 312
11-02 01:07:19.691  4635  4635 W boxed_process23: type=1400 audit(0.0:116): avc: denied { getattr } for path="/data/data/com.android.chrome" dev="dm-2" ino=12190 scontext=u:r:isolated_app:s0:c512,c768 tcontext=u:object_r:app_data_file:s0:c512,c768 tclass=dir permissive=0
11-02 01:07:19.729  4635  4635 I cr_ChildProcessService: Creating new ChildProcessService pid=4635
11-02 01:07:19.808  4635  4648 I cr_LibraryLoader: Loaded native library version number "85.0.4183.127"
11-02 01:07:19.809  4635  4648 I cr_CachingUmaRecorder: Flushed 1 samples from 1 histograms.
11-02 01:07:19.825  4648  4648 W CrUtilityMain: type=1400 audit(0.0:117): avc: denied { setattr } for name="optimization-hints.pb" dev="dm-2" ino=24738 scontext=u:r:isolated_app:s0:c512,c768 tcontext=u:object_r:app_data_file:s0:c512,c768 tclass=file permissive=0
11-02 01:07:19.828  4648  4648 W CrUtilityMain: type=1400 audit(0.0:118): avc: denied { setattr } for name="manifest.json" dev="dm-2" ino=24651 scontext=u:r:isolated_app:s0:c512,c768 tcontext=u:object_r:app_data_file:s0:c512,c768 tclass=file permissive=0
11-02 01:07:19.828  4648  4648 W CrUtilityMain: type=1400 audit(0.0:119): avc: denied { setattr } for name="verified_contents.json" dev="dm-2" ino=24797 scontext=u:r:isolated_app:s0:c512,c768 tcontext=u:object_r:app_data_file:s0:c512,c768 tclass=file permissive=0
11-02 01:07:19.837  4635  4648 I chromium: [INFO:child_process_service.cc(69)] ChildProcessService: Exiting child process.
11-02 01:07:19.841   195   195 E lowmemorykiller: Error writing /proc/4635/oom_score_adj; errno=22
11-02 01:07:19.854   601  3864 I ActivityManager: Process com.android.chrome:sandboxed_process23 (pid 4635) has died
11-02 01:07:19.854   601  3864 D ActivityManager: cleanUpApplicationRecord -- 4635
11-02 01:07:19.855  3981  3981 W chromium: [WARNING:compositor_view.cc(315)] Child process died (type=6) pid=4635)
11-02 01:07:21.424  3981  3981 I cr_tabmodel: Appending tabs being restored to metadata lists, 0, startingNormalCount: 2, startingIncognitoCount: 0
11-02 01:07:21.424  3981  3981 I cr_tabmodel: Serializing tab lists; counts: 2, 0
11-02 01:07:21.760   601  4276 I ActivityManager: Start proc 4653:com.android.chrome:sandboxed_process24/u0i55 for service com.android.chrome/org.chromium.content.app.SandboxedProcessService24
11-02 01:07:21.805  4653  4653 W boxed_process24: type=1400 audit(0.0:120): avc: denied { getattr } for path="/data/data/com.android.chrome" dev="dm-2" ino=12190 scontext=u:r:isolated_app:s0:c512,c768 tcontext=u:object_r:app_data_file:s0:c512,c768 tclass=dir permissive=0
11-02 01:07:21.830  4653  4653 I cr_ChildProcessService: Creating new ChildProcessService pid=4653
11-02 01:07:21.858  3981  3981 I cr_tabmodel: Appending tabs being restored to metadata lists, 0, startingNormalCount: 2, startingIncognitoCount: 0
11-02 01:07:21.858  3981  3981 I cr_tabmodel: Serializing tab lists; counts: 2, 0
11-02 01:07:21.887  4653  4666 I cr_LibraryLoader: Loaded native library version number "85.0.4183.127"
11-02 01:07:21.887  4653  4666 I cr_CachingUmaRecorder: Flushed 1 samples from 1 histograms.
11-02 01:07:21.908  4666  4666 W CrUtilityMain: type=1400 audit(0.0:121): avc: denied { setattr } for name="crl-set" dev="dm-2" ino=62454 scontext=u:r:isolated_app:s0:c512,c768 tcontext=u:object_r:app_data_file:s0:c512,c768 tclass=file permissive=0
11-02 01:07:21.908  4666  4666 W CrUtilityMain: type=1400 audit(0.0:122): avc: denied { setattr } for name="manifest.json" dev="dm-2" ino=62625 scontext=u:r:isolated_app:s0:c512,c768 tcontext=u:object_r:app_data_file:s0:c512,c768 tclass=file permissive=0
11-02 01:07:21.908  4666  4666 W CrUtilityMain: type=1400 audit(0.0:123): avc: denied { setattr } for name="LICENSE" dev="dm-2" ino=62409 scontext=u:r:isolated_app:s0:c512,c768 tcontext=u:object_r:app_data_file:s0:c512,c768 tclass=file permissive=0
11-02 01:07:21.915  4666  4666 W CrUtilityMain: type=1400 audit(0.0:124): avc: denied { setattr } for name="verified_contents.json" dev="dm-2" ino=62411 scontext=u:r:isolated_app:s0:c512,c768 tcontext=u:object_r:app_data_file:s0:c512,c768 tclass=file permissive=0
11-02 01:07:21.923  4653  4653 I cr_ChildProcessService: Destroying ChildProcessService pid=4653
11-02 01:07:21.924  4653  4666 I chromium: [INFO:child_process_service.cc(69)] ChildProcessService: Exiting child process.
11-02 01:07:21.949   601  4276 I ActivityManager: Process com.android.chrome:sandboxed_process24 (pid 4653) has died
11-02 01:07:21.949   601  4276 D ActivityManager: cleanUpApplicationRecord -- 4653
11-02 01:07:21.951  3981  3981 W chromium: [WARNING:compositor_view.cc(315)] Child process died (type=6) pid=4653)
11-02 01:07:21.996   601   819 I ActivityManager: Start proc 4672:com.android.chrome:sandboxed_process25/u0i56 for service com.android.chrome/org.chromium.content.app.SandboxedProcessService25
11-02 01:07:22.041  4672  4672 W boxed_process25: type=1400 audit(0.0:125): avc: denied { getattr } for path="/data/data/com.android.chrome" dev="dm-2" ino=12190 scontext=u:r:isolated_app:s0:c512,c768 tcontext=u:object_r:app_data_file:s0:c512,c768 tclass=dir permissive=0
11-02 01:07:22.064  4672  4672 I cr_ChildProcessService: Creating new ChildProcessService pid=4672
11-02 01:07:22.093  3981  3981 I cr_tabmodel: Appending tabs being restored to metadata lists, 0, startingNormalCount: 2, startingIncognitoCount: 0
11-02 01:07:22.093  3981  3981 I cr_tabmodel: Serializing tab lists; counts: 2, 0
11-02 01:07:22.123  4672  4685 I cr_LibraryLoader: Loaded native library version number "85.0.4183.127"
11-02 01:07:22.124  4672  4685 I cr_CachingUmaRecorder: Flushed 1 samples from 1 histograms.
11-02 01:07:22.138  4685  4685 W CrUtilityMain: type=1400 audit(0.0:126): avc: denied { setattr } for name="download_file_types.pb" dev="dm-2" ino=62771 scontext=u:r:isolated_app:s0:c512,c768 tcontext=u:object_r:app_data_file:s0:c512,c768 tclass=file permissive=0
11-02 01:07:22.141  4685  4685 W CrUtilityMain: type=1400 audit(0.0:127): avc: denied { setattr } for name="manifest.json" dev="dm-2" ino=62525 scontext=u:r:isolated_app:s0:c512,c768 tcontext=u:object_r:app_data_file:s0:c512,c768 tclass=file permissive=0
11-02 01:07:22.145  4685  4685 W CrUtilityMain: type=1400 audit(0.0:128): avc: denied { setattr } for name="verified_contents.json" dev="dm-2" ino=62616 scontext=u:r:isolated_app:s0:c512,c768 tcontext=u:object_r:app_data_file:s0:c512,c768 tclass=file permissive=0
11-02 01:07:22.172  4672  4672 I cr_ChildProcessService: Destroying ChildProcessService pid=4672
11-02 01:07:22.179  4672  4685 I chromium: [INFO:child_process_service.cc(69)] ChildProcessService: Exiting child process.
11-02 01:07:22.253   601   660 I ActivityManager: Process com.android.chrome:sandboxed_process25 (pid 4672) has died
11-02 01:07:22.253   601   660 D ActivityManager: cleanUpApplicationRecord -- 4672
11-02 01:07:22.257  3981  3981 W chromium: [WARNING:compositor_view.cc(315)] Child process died (type=6) pid=4672)
11-02 01:07:22.440   601   819 I ActivityManager: Start proc 4692:com.android.chrome:sandboxed_process26/u0i57 for service com.android.chrome/org.chromium.content.app.SandboxedProcessService26
11-02 01:07:22.468  4692  4692 W boxed_process26: type=1400 audit(0.0:129): avc: denied { getattr } for path="/data/data/com.android.chrome" dev="dm-2" ino=12190 scontext=u:r:isolated_app:s0:c512,c768 tcontext=u:object_r:app_data_file:s0:c512,c768 tclass=dir permissive=0
11-02 01:07:22.489  4692  4692 I cr_ChildProcessService: Creating new ChildProcessService pid=4692
11-02 01:07:22.528  4692  4705 I cr_LibraryLoader: Loaded native library version number "85.0.4183.127"
11-02 01:07:22.528  4692  4705 I cr_CachingUmaRecorder: Flushed 1 samples from 1 histograms.
11-02 01:07:22.545  4705  4705 W CrUtilityMain: type=1400 audit(0.0:130): avc: denied { setattr } for name="ssl_error_assistant.pb" dev="dm-2" ino=62571 scontext=u:r:isolated_app:s0:c512,c768 tcontext=u:object_r:app_data_file:s0:c512,c768 tclass=file permissive=0
11-02 01:07:22.545  4705  4705 W CrUtilityMain: type=1400 audit(0.0:131): avc: denied { setattr } for name="manifest.json" dev="dm-2" ino=62483 scontext=u:r:isolated_app:s0:c512,c768 tcontext=u:object_r:app_data_file:s0:c512,c768 tclass=file permissive=0
11-02 01:07:22.548  4705  4705 W CrUtilityMain: type=1400 audit(0.0:132): avc: denied { setattr } for name="verified_contents.json" dev="dm-2" ino=62668 scontext=u:r:isolated_app:s0:c512,c768 tcontext=u:object_r:app_data_file:s0:c512,c768 tclass=file permissive=0
11-02 01:07:22.556  4692  4705 I chromium: [INFO:child_process_service.cc(69)] ChildProcessService: Exiting child process.
11-02 01:07:22.557   195   195 E lowmemorykiller: Error writing /proc/4692/oom_score_adj; errno=22
11-02 01:07:22.574  3981  3981 W chromium: [WARNING:compositor_view.cc(315)] Child process died (type=6) pid=4692)
11-02 01:07:22.574   601   832 I ActivityManager: Process com.android.chrome:sandboxed_process26 (pid 4692) has died
11-02 01:07:22.574   601   832 D ActivityManager: cleanUpApplicationRecord -- 4692
11-02 01:07:23.044   601  1452 I ActivityManager: Start proc 4710:com.android.chrome:sandboxed_process27/u0i58 for service com.android.chrome/org.chromium.content.app.SandboxedProcessService27
11-02 01:07:23.111  4710  4710 W boxed_process27: type=1400 audit(0.0:133): avc: denied { getattr } for path="/data/data/com.android.chrome" dev="dm-2" ino=12190 scontext=u:r:isolated_app:s0:c512,c768 tcontext=u:object_r:app_data_file:s0:c512,c768 tclass=dir permissive=0
11-02 01:07:23.134  4710  4710 I cr_ChildProcessService: Creating new ChildProcessService pid=4710
11-02 01:07:23.175  4710  4723 I cr_LibraryLoader: Loaded native library version number "85.0.4183.127"
11-02 01:07:23.175  4710  4723 I cr_CachingUmaRecorder: Flushed 1 samples from 1 histograms.
11-02 01:07:23.188  4723  4723 W CrUtilityMain: type=1400 audit(0.0:134): avc: denied { setattr } for name="safety_tips.pb" dev="dm-2" ino=26025 scontext=u:r:isolated_app:s0:c512,c768 tcontext=u:object_r:app_data_file:s0:c512,c768 tclass=file permissive=0
11-02 01:07:23.191  4723  4723 W CrUtilityMain: type=1400 audit(0.0:135): avc: denied { setattr } for name="manifest.json" dev="dm-2" ino=27585 scontext=u:r:isolated_app:s0:c512,c768 tcontext=u:object_r:app_data_file:s0:c512,c768 tclass=file permissive=0
11-02 01:07:23.191  4723  4723 W CrUtilityMain: type=1400 audit(0.0:136): avc: denied { setattr } for name="verified_contents.json" dev="dm-2" ino=27992 scontext=u:r:isolated_app:s0:c512,c768 tcontext=u:object_r:app_data_file:s0:c512,c768 tclass=file permissive=0
11-02 01:07:23.203  4710  4723 I chromium: [INFO:child_process_service.cc(69)] ChildProcessService: Exiting child process.
11-02 01:07:23.220  3981  3981 W chromium: [WARNING:compositor_view.cc(315)] Child process died (type=6) pid=4710)
11-02 01:07:23.221   601  3864 I ActivityManager: Process com.android.chrome:sandboxed_process27 (pid 4710) has died
11-02 01:07:23.221   601  3864 D ActivityManager: cleanUpApplicationRecord -- 4710
11-02 01:07:23.709  4547  4547 D MonkeyStub: translateCommand: touch down 614 1561
11-02 01:07:23.716  4547  4547 D MonkeyStub: translateCommand: touch move 614 1561
11-02 01:07:23.827  4547  4547 D MonkeyStub: translateCommand: touch move 614 1436
11-02 01:07:23.910   601   660 I ActivityManager: Start proc 4727:com.android.chrome:sandboxed_process28/u0i59 for service com.android.chrome/org.chromium.content.app.SandboxedProcessService28
11-02 01:07:23.932  4547  4547 D MonkeyStub: translateCommand: touch move 614 1311
11-02 01:07:23.978  4727  4727 W boxed_process28: type=1400 audit(0.0:137): avc: denied { getattr } for path="/data/data/com.android.chrome" dev="dm-2" ino=12190 scontext=u:r:isolated_app:s0:c512,c768 tcontext=u:object_r:app_data_file:s0:c512,c768 tclass=dir permissive=0
11-02 01:07:24.007  4727  4727 I cr_ChildProcessService: Creating new ChildProcessService pid=4727
11-02 01:07:24.046  4547  4547 D MonkeyStub: translateCommand: touch move 614 1186
11-02 01:07:24.069  4727  4740 I cr_LibraryLoader: Loaded native library version number "85.0.4183.127"
11-02 01:07:24.070  4727  4740 I cr_CachingUmaRecorder: Flushed 1 samples from 1 histograms.
11-02 01:07:24.105  4740  4740 W CrUtilityMain: type=1400 audit(0.0:138): avc: denied { setattr } for name=5072656C6F61642044617461 dev="dm-2" ino=61917 scontext=u:r:isolated_app:s0:c512,c768 tcontext=u:object_r:app_data_file:s0:c512,c768 tclass=file permissive=0
11-02 01:07:24.105  4740  4740 W CrUtilityMain: type=1400 audit(0.0:139): avc: denied { setattr } for name="manifest.json" dev="dm-2" ino=22570 scontext=u:r:isolated_app:s0:c512,c768 tcontext=u:object_r:app_data_file:s0:c512,c768 tclass=file permissive=0
11-02 01:07:24.111  4740  4740 W CrUtilityMain: type=1400 audit(0.0:140): avc: denied { setattr } for name="verified_contents.json" dev="dm-2" ino=53382 scontext=u:r:isolated_app:s0:c512,c768 tcontext=u:object_r:app_data_file:s0:c512,c768 tclass=file permissive=0
11-02 01:07:24.120  4727  4727 I cr_ChildProcessService: Destroying ChildProcessService pid=4727
11-02 01:07:24.121  4727  4740 I chromium: [INFO:child_process_service.cc(69)] ChildProcessService: Exiting child process.
11-02 01:07:24.143   601   819 I ActivityManager: Process com.android.chrome:sandboxed_process28 (pid 4727) has died
11-02 01:07:24.143   601   819 D ActivityManager: cleanUpApplicationRecord -- 4727
11-02 01:07:24.151  3981  3981 W chromium: [WARNING:compositor_view.cc(315)] Child process died (type=6) pid=4727)
11-02 01:07:24.154  4547  4547 D MonkeyStub: translateCommand: touch move 614 1061
11-02 01:07:24.263  4547  4547 D MonkeyStub: translateCommand: touch move 614 937
11-02 01:07:24.376  4547  4547 D MonkeyStub: translateCommand: touch move 614 812
11-02 01:07:24.494  4547  4547 D MonkeyStub: translateCommand: touch move 614 687
11-02 01:07:24.613  4547  4547 D MonkeyStub: translateCommand: touch move 614 562
11-02 01:07:24.742  4547  4547 D MonkeyStub: translateCommand: touch move 614 437
11-02 01:07:24.853  4547  4547 D MonkeyStub: translateCommand: touch move 614 312
11-02 01:07:24.857  4547  4547 D MonkeyStub: translateCommand: touch up 614 312
11-02 01:07:24.888  4547  4547 D MonkeyStub: translateCommand: touch down 614 1561
11-02 01:07:24.893  4547  4547 D MonkeyStub: translateCommand: touch move 614 1561
11-02 01:07:25.011  4547  4547 D MonkeyStub: translateCommand: touch move 614 1436
11-02 01:07:25.105   601  4276 I ActivityManager: Start proc 4746:com.android.chrome:sandboxed_process29/u0i60 for service com.android.chrome/org.chromium.content.app.SandboxedProcessService29
11-02 01:07:25.121  4547  4547 D MonkeyStub: translateCommand: touch move 614 1311
11-02 01:07:25.155  4746  4746 W boxed_process29: type=1400 audit(0.0:141): avc: denied { getattr } for path="/data/data/com.android.chrome" dev="dm-2" ino=12190 scontext=u:r:isolated_app:s0:c512,c768 tcontext=u:object_r:app_data_file:s0:c512,c768 tclass=dir permissive=0
11-02 01:07:25.187  4746  4746 I cr_ChildProcessService: Creating new ChildProcessService pid=4746
11-02 01:07:25.227  4746  4759 I cr_LibraryLoader: Loaded native library version number "85.0.4183.127"
11-02 01:07:25.227  4746  4759 I cr_CachingUmaRecorder: Flushed 1 samples from 1 histograms.
11-02 01:07:25.232  4547  4547 D MonkeyStub: translateCommand: touch move 614 1186
11-02 01:07:25.251  4759  4759 W CrUtilityMain: type=1400 audit(0.0:142): avc: denied { setattr } for name="tls_deprecation_config.pb" dev="dm-2" ino=56857 scontext=u:r:isolated_app:s0:c512,c768 tcontext=u:object_r:app_data_file:s0:c512,c768 tclass=file permissive=0
11-02 01:07:25.251  4759  4759 W CrUtilityMain: type=1400 audit(0.0:143): avc: denied { setattr } for name="manifest.json" dev="dm-2" ino=56638 scontext=u:r:isolated_app:s0:c512,c768 tcontext=u:object_r:app_data_file:s0:c512,c768 tclass=file permissive=0
11-02 01:07:25.255  4759  4759 W CrUtilityMain: type=1400 audit(0.0:144): avc: denied { setattr } for name="verified_contents.json" dev="dm-2" ino=58967 scontext=u:r:isolated_app:s0:c512,c768 tcontext=u:object_r:app_data_file:s0:c512,c768 tclass=file permissive=0
11-02 01:07:25.274  4746  4746 I cr_ChildProcessService: Destroying ChildProcessService pid=4746
11-02 01:07:25.297  4746  4759 I chromium: [INFO:child_process_service.cc(69)] ChildProcessService: Exiting child process.
11-02 01:07:25.317   601   612 I ActivityManager: Process com.android.chrome:sandboxed_process29 (pid 4746) has died
11-02 01:07:25.317   601   612 D ActivityManager: cleanUpApplicationRecord -- 4746
11-02 01:07:25.322  3981  3981 W chromium: [WARNING:compositor_view.cc(315)] Child process died (type=6) pid=4746)
11-02 01:07:25.345  4547  4547 D MonkeyStub: translateCommand: touch move 614 1061
11-02 01:07:25.457  4547  4547 D MonkeyStub: translateCommand: touch move 614 937
11-02 01:07:25.567  4547  4547 D MonkeyStub: translateCommand: touch move 614 812
11-02 01:07:25.675  4547  4547 D MonkeyStub: translateCommand: touch move 614 687
11-02 01:07:25.786  4547  4547 D MonkeyStub: translateCommand: touch move 614 562
11-02 01:07:25.896  4547  4547 D MonkeyStub: translateCommand: touch move 614 437
