--------- beginning of main
11-01 14:39:44.850 20879 20879 D AndroidRuntime: >>>>>> START com.android.internal.os.RuntimeInit uid 2000 <<<<<<
11-01 14:39:44.854 20879 20879 D AndroidRuntime: CheckJNI is OFF
11-01 14:39:44.918 20879 20879 D ICU     : No timezone override file found: /data/misc/zoneinfo/current/icu/icu_tzdata.dat
11-01 14:39:44.946 20879 20879 I Radio-JNI: register_android_hardware_Radio DONE
11-01 14:39:44.961 20879 20879 D AndroidRuntime: Calling main entry com.android.commands.am.Am
--------- beginning of system
11-01 14:39:44.979   600  8928 I ActivityManager: Force stopping com.opera.browser appid=10122 user=0: from pid 20879
11-01 14:39:44.990  1058  1058 D RegisteredNfcFServicesCache: Service unchanged, not updating
11-01 14:39:45.236   600  8931 I ActivityManager: START u0 {act=android.intent.action.VIEW flg=0x10008000 cmp=com.opera.browser/com.opera.Opera} from uid 2000 on display 0
11-01 14:39:45.273 20879 20879 D AndroidRuntime: Shutting down VM
11-01 14:39:45.313   600  1665 I ActivityManager: Start proc 20889:com.opera.browser/u0a122 for activity com.opera.browser/com.opera.Opera
11-01 14:39:45.433 20889 20889 I art     : Starting a blocking GC AddRemoveAppImageSpace
11-01 14:39:45.456 20889 20889 I LoadedApk: No resource references to update in package com.opera.browser.nord_vpn
11-01 14:39:45.543 20889 20889 I art     : Rejecting re-init on previously-failed class java.lang.Class<com.opera.android.job.a$j>: java.lang.NoClassDefFoundError: Failed resolution of: Landroid/app/job/JobServiceEngine;
11-01 14:39:45.543 20889 20889 I art     :   at void com.opera.android.OperaApplication.onCreate() (SourceFile:52)
11-01 14:39:45.543 20889 20889 I art     :   at void android.app.Instrumentation.callApplicationOnCreate(android.app.Application) (Instrumentation.java:1024)
11-01 14:39:45.543 20889 20889 I art     :   at void android.app.ActivityThread.handleBindApplication(android.app.ActivityThread$AppBindData) (ActivityThread.java:5403)
11-01 14:39:45.543 20889 20889 I art     :   at void android.app.ActivityThread.-wrap2(android.app.ActivityThread, android.app.ActivityThread$AppBindData) (ActivityThread.java:-1)
11-01 14:39:45.543 20889 20889 I art     :   at void android.app.ActivityThread$H.handleMessage(android.os.Message) (ActivityThread.java:1545)
11-01 14:39:45.543 20889 20889 I art     :   at void android.os.Handler.dispatchMessage(android.os.Message) (Handler.java:102)
11-01 14:39:45.543 20889 20889 I art     :   at void android.os.Looper.loop() (Looper.java:154)
11-01 14:39:45.543 20889 20889 I art     :   at void android.app.ActivityThread.main(java.lang.String[]) (ActivityThread.java:6119)
11-01 14:39:45.543 20889 20889 I art     :   at java.lang.Object java.lang.reflect.Method.invoke!(java.lang.Object, java.lang.Object[]) (Method.java:-2)
11-01 14:39:45.543 20889 20889 I art     :   at void com.android.internal.os.ZygoteInit$MethodAndArgsCaller.run() (ZygoteInit.java:886)
11-01 14:39:45.543 20889 20889 I art     :   at void com.android.internal.os.ZygoteInit.main(java.lang.String[]) (ZygoteInit.java:776)
11-01 14:39:45.543 20889 20889 I art     : Caused by: java.lang.ClassNotFoundException: Didn't find class "android.app.job.JobServiceEngine" on path: DexPathList[[zip file "/data/app/com.opera.browser-1/base.apk"],nativeLibraryDirectories=[/data/app/com.opera.browser-1/lib/arm, /data/app/com.opera.browser-1/base.apk!/lib/armeabi-v7a, /system/lib, /vendor/lib]]
11-01 14:39:45.543 20889 20889 I art     :   at java.lang.Class dalvik.system.BaseDexClassLoader.findClass(java.lang.String) (BaseDexClassLoader.java:56)
11-01 14:39:45.543 20889 20889 I art     :   at java.lang.Class java.lang.ClassLoader.loadClass(java.lang.String, boolean) (ClassLoader.java:380)
11-01 14:39:45.543 20889 20889 I art     :   at java.lang.Class java.lang.ClassLoader.loadClass(java.lang.String) (ClassLoader.java:312)
11-01 14:39:45.543 20889 20889 I art     :   at void com.opera.android.OperaApplication.onCreate() (SourceFile:52)
11-01 14:39:45.543 20889 20889 I art     :   at void android.app.Instrumentation.callApplicationOnCreate(android.app.Application) (Instrumentation.java:1024)
11-01 14:39:45.543 20889 20889 I art     :   at void android.app.ActivityThread.handleBindApplication(android.app.ActivityThread$AppBindData) (ActivityThread.java:5403)
11-01 14:39:45.543 20889 20889 I art     :   at void android.app.ActivityThread.-wrap2(android.app.ActivityThread, android.app.ActivityThread$AppBindData) (ActivityThread.java:-1)
11-01 14:39:45.543 20889 20889 I art     :   at void android.app.ActivityThread$H.handleMessage(android.os.Message) (ActivityThread.java:1545)
11-01 14:39:45.543 20889 20889 I art     :   at void android.os.Handler.dispatchMessage(android.os.Message) (Handler.java:102)
11-01 14:39:45.543 20889 20889 I art     :   at void android.os.Looper.loop() (Looper.java:154)
11-01 14:39:45.543 20889 20889 I art     :   at void android.app.ActivityThread.main(java.lang.String[]) (ActivityThread.java:6119)
11-01 14:39:45.543 20889 20889 I art     :   at java.lang.Object java.lang.reflect.Method.invoke!(java.lang.Object, java.lang.Object[]) (Method.java:-2)
11-01 14:39:45.543 20889 20889 I art     :   at void com.android.internal.os.ZygoteInit$MethodAndArgsCaller.run() (ZygoteInit.java:886)
11-01 14:39:45.544 20889 20889 I art     :   at void com.android.internal.os.ZygoteInit.main(java.lang.String[]) (ZygoteInit.java:776)
11-01 14:39:45.544 20889 20889 I art     : 
11-01 14:39:45.584 20889 20927 D NetworkSecurityConfig: Using Network Security Config from resource network_security_config_official_build debugBuild: false
11-01 14:39:45.765 20889 20899 I art     : Background partial concurrent mark sweep GC freed 22124(1316KB) AllocSpace objects, 6(200KB) LOS objects, 40% free, 4MB/8MB, paused 2.167ms total 103.404ms
11-01 14:39:45.804   600  8928 I ActivityManager: START u0 {act=android.intent.action.VIEW flg=0x10008000 cmp=com.opera.browser/com.opera.android.startup.WelcomeActivity} from uid 10122 on display 0
11-01 14:39:45.824   600   713 W ActivityManager: Duplicate finish request for ActivityRecord{dc490b4 u0 com.opera.browser/com.opera.Opera t1222 f}
11-01 14:39:46.110   600   609 I art     : Background partial concurrent mark sweep GC freed 65484(2MB) AllocSpace objects, 14(328KB) LOS objects, 33% free, 15MB/22MB, paused 1.028ms total 228.260ms
11-01 14:39:46.137 20889 20899 I art     : Background sticky concurrent mark sweep GC freed 35279(3MB) AllocSpace objects, 17(336KB) LOS objects, 36% free, 5MB/8MB, paused 2.553ms total 169.880ms
11-01 14:39:46.210 20889 20938 I FA      : App measurement initialized, version: 43042
11-01 14:39:46.210 20889 20938 I FA      : To enable debug logging run: adb shell setprop log.tag.FA VERBOSE
11-01 14:39:46.210 20889 20938 I FA      : To enable faster debug mode event logging run:
11-01 14:39:46.210 20889 20938 I FA      :   adb shell setprop debug.firebase.analytics.app com.opera.browser
11-01 14:39:46.223 20889 21002 I OpenGLRenderer: Initialized EGL, version 1.4
11-01 14:39:46.223 20889 21002 D OpenGLRenderer: Swap behavior 2
11-01 14:39:46.394   600   620 I ActivityManager: Displayed com.opera.browser/com.opera.android.startup.WelcomeActivity: +551ms (total +1s112ms)
11-01 14:39:46.547   600  1664 I ActivityManager: Start proc 21030:com.opera.browser:privileged_process0/u0a122 for service com.opera.browser/com.opera.android.browser.chromium.services.PrivilegedProcessService0
11-01 14:39:46.569 20889 21018 W chromium: [WARNING:op_site_scripts.cc(424)] Failed to map /data/user/0/com.opera.browser/app_opera/sjs
11-01 14:39:46.616 21030 21030 I art     : Starting a blocking GC AddRemoveAppImageSpace
11-01 14:39:46.636 21030 21030 I LoadedApk: No resource references to update in package com.opera.browser.nord_vpn
11-01 14:39:46.663   600   620 W WindowManager: Failed looking up window
11-01 14:39:46.663   600   620 W WindowManager: java.lang.IllegalArgumentException: Requested window android.view.ViewRootImpl$W@2989295 does not exist
11-01 14:39:46.663   600   620 W WindowManager: 	at com.android.server.wm.WindowManagerService.windowForClientLocked(WindowManagerService.java:9422)
11-01 14:39:46.663   600   620 W WindowManager: 	at com.android.server.wm.WindowManagerService.windowForClientLocked(WindowManagerService.java:9413)
11-01 14:39:46.663   600   620 W WindowManager: 	at com.android.server.wm.WindowManagerService.removeWindow(WindowManagerService.java:2393)
11-01 14:39:46.663   600   620 W WindowManager: 	at com.android.server.wm.Session.remove(Session.java:202)
11-01 14:39:46.663   600   620 W WindowManager: 	at android.view.ViewRootImpl.dispatchDetachedFromWindow(ViewRootImpl.java:3290)
11-01 14:39:46.663   600   620 W WindowManager: 	at android.view.ViewRootImpl.doDie(ViewRootImpl.java:5917)
11-01 14:39:46.663   600   620 W WindowManager: 	at android.view.ViewRootImpl$ViewRootHandler.handleMessage(ViewRootImpl.java:3626)
11-01 14:39:46.663   600   620 W WindowManager: 	at android.os.Handler.dispatchMessage(Handler.java:102)
11-01 14:39:46.663   600   620 W WindowManager: 	at android.os.Looper.loop(Looper.java:154)
11-01 14:39:46.663   600   620 W WindowManager: 	at android.os.HandlerThread.run(HandlerThread.java:61)
11-01 14:39:46.663   600   620 W WindowManager: 	at com.android.server.ServiceThread.run(ServiceThread.java:46)
11-01 14:39:46.811 21030 21048 E libEGL  : validate_display:99 error 3008 (EGL_BAD_DISPLAY)
11-01 14:39:46.953 21030 21048 E libEGL  : validate_display:99 error 3008 (EGL_BAD_DISPLAY)
11-01 14:39:46.972 23814 23826 W SearchService: Abort, client detached.
11-01 14:39:46.983 23814 20771 I DeviceStateChecker: DeviceStateChecker cancelled
11-01 14:39:46.984 23814 23814 I MicroDetector: Keeping mic open: false
11-01 14:39:46.984 23814 16799 I AudioController: internalShutdown
11-01 14:39:46.984 23814 16799 I MicrophoneInputStream: mic_close com.google.android.apps.gsa.speech.audio.ae@22ba794
11-01 14:39:46.984 23814 23870 I MicroRecognitionRunner: Stopping hotword detection.
11-01 14:39:47.000   238   286 I SoundTriggerHwService::Module: void android::SoundTriggerHwService::Module::onCallbackEvent(const sp<android::SoundTriggerHwService::CallbackEvent> &) mClient == 0
11-01 14:39:47.016 23814 20770 I MicroRecognitionRunner: Detection finished
11-01 14:39:47.049  1075  1075 I MemoryTrimmer: Trimming objects from memory, since app is in the background.
11-01 14:39:47.049 23814 23814 I MemoryTrimmer: Trimming objects from memory, since app is in the background.
11-01 14:39:47.067 20889 20899 I art     : Background sticky concurrent mark sweep GC freed 16332(1183KB) AllocSpace objects, 23(460KB) LOS objects, 24% free, 6MB/8MB, paused 4.321ms total 170.343ms
11-01 14:39:47.102 20889 20938 I FA      : Tag Manager is not found and thus will not be used
11-01 14:39:47.299   785 21077 W NetworkScheduler: Error inserting service_kind=0 source=16 tag=Measurement.PackageMeasurementTaskService.UPLOAD_TASK_TAG target_package=com.google.android.gms requires_charging=0 source_version=203915000 required_network_type=0 flex_time=616000 persistence_level=1 target_class=com.google.android.gms.measurement.PackageMeasurementTaskService runtime=1667309987297 retry_strategy={"maximum_backoff_seconds":{"3600":0},"initial_backoff_seconds":{"30":0},"retry_policy":{"0":0}} preferred_network_type=1 required_idleness_state=0 preferred_charging_state=1 period=1233000 last_runtime=0 task_type=0 job_id=-1 user_id=0, error message: UNIQUE constraint failed: pending_ops.tag, pending_ops.target_class, pending_ops.target_package, pending_ops.user_id (code 2067) [CONTEXT service_id=218 ]
11-01 14:39:47.330   785 15689 W NetworkScheduler: Error inserting service_kind=0 source=16 tag=Measurement.PackageMeasurementTaskService.UPLOAD_TASK_TAG target_package=com.google.android.gms requires_charging=0 source_version=203915000 required_network_type=0 flex_time=616000 persistence_level=1 target_class=com.google.android.gms.measurement.PackageMeasurementTaskService runtime=1667309987327 retry_strategy={"maximum_backoff_seconds":{"3600":0},"initial_backoff_seconds":{"30":0},"retry_policy":{"0":0}} preferred_network_type=1 required_idleness_state=0 preferred_charging_state=1 period=1233000 last_runtime=0 task_type=0 job_id=-1 user_id=0, error message: UNIQUE constraint failed: pending_ops.tag, pending_ops.target_class, pending_ops.target_package, pending_ops.user_id (code 2067) [CONTEXT service_id=218 ]
11-01 14:39:47.352   785 21077 W NetworkScheduler: Error inserting service_kind=0 source=16 tag=Measurement.PackageMeasurementTaskService.UPLOAD_TASK_TAG target_package=com.google.android.gms requires_charging=0 source_version=203915000 required_network_type=0 flex_time=616000 persistence_level=1 target_class=com.google.android.gms.measurement.PackageMeasurementTaskService runtime=1667309987350 retry_strategy={"maximum_backoff_seconds":{"3600":0},"initial_backoff_seconds":{"30":0},"retry_policy":{"0":0}} preferred_network_type=1 required_idleness_state=0 preferred_charging_state=1 period=1233000 last_runtime=0 task_type=0 job_id=-1 user_id=0, error message: UNIQUE constraint failed: pending_ops.tag, pending_ops.target_class, pending_ops.target_package, pending_ops.user_id (code 2067) [CONTEXT service_id=218 ]
11-01 14:39:50.766 20889 20889 I PlayCore: UID: [10122]  PID: [20889] AppUpdateListenerRegistry : registerListener
11-01 14:39:50.766 20889 20889 I PlayCore: UID: [10122]  PID: [20889] AppUpdateService : requestUpdateInfo(com.opera.browser)
11-01 14:39:50.772 20889 21106 I PlayCore: UID: [10122]  PID: [20889] AppUpdateService : Initiate binding to the service.
11-01 14:39:50.773   600  8931 W ActivityManager: Unable to start service Intent { act=com.google.android.play.core.install.BIND_UPDATE_SERVICE pkg=com.android.vending } U=0: not found
11-01 14:39:50.774 20889 21106 I PlayCore: UID: [10122]  PID: [20889] AppUpdateService : Failed to bind to the service.
11-01 14:39:50.846 20889 21108 D ApplicationLoaders: ignored Vulkan layer search path /data/app/com.google.android.gms-1/lib/arm:/data/app/com.google.android.gms-1/base.apk!/lib/armeabi-v7a:/data/app/com.google.android.gms-1/split_config.en.apk!/lib/armeabi-v7a for namespace 0xf7270090
11-01 14:39:50.848 20889 21108 W ResourceType: ResTable_typeSpec entry count inconsistent: given 67, previously 69
11-01 14:39:50.848 20889 21108 W ResourceType: ResTable_typeSpec entry count inconsistent: given 5346, previously 5347
11-01 14:39:51.125   600   612 D SyncManager: failed sync operation JobId: 108392, com.opera.browser u0 (com.opera.browser.ping), com.opera.browser.ping.provider, SERVER, reason: 10122, SyncResult: delayUntil: 1667317191 stats [ numIoExceptions: 1]
11-01 14:39:57.154 23814 23814 I MemoryTrimmer: Trimming objects from memory, since app is in the background.
11-01 14:39:58.340 21132 21132 D AndroidRuntime: >>>>>> START com.android.internal.os.RuntimeInit uid 2000 <<<<<<
11-01 14:39:58.343 21132 21132 D AndroidRuntime: CheckJNI is OFF
11-01 14:39:58.409 21132 21132 D ICU     : No timezone override file found: /data/misc/zoneinfo/current/icu/icu_tzdata.dat
11-01 14:39:58.439 21132 21132 I Radio-JNI: register_android_hardware_Radio DONE
11-01 14:39:58.454 21132 21132 D AndroidRuntime: Calling main entry com.android.commands.monkey.Monkey
11-01 14:39:58.533   600   613 W BroadcastQueue: Skipping deliver [background] BroadcastRecord{a81e532 u-1 android.net.conn.CONNECTIVITY_CHANGE} to ReceiverList{3d00283 21132 (unknown name)/2000/u-1 remote:7cafa94}: process crashing
11-01 14:40:00.100 21132 21132 D MonkeyStub: translateCommand: wake
11-01 14:40:00.219 21132 21132 D MonkeyStub: translateCommand: tap 960 1881
11-01 14:40:00.285   600   819 I ActivityManager: START u0 {act=android.intent.action.VIEW flg=0x1000000 cmp=com.opera.browser/com.opera.android.IntentDispatcherActivity} from uid 10122 on display 0
11-01 14:40:00.401 23814 23814 I MemoryTrimmer: Trimming objects from memory, since app is in the background.
11-01 14:40:00.417   600  1483 I ActivityManager: START u0 {act=android.intent.action.VIEW flg=0x15002000 cmp=com.opera.browser/com.opera.android.BrowserActivity} from uid 10122 on display 0
11-01 14:40:00.437  1075  1164 I OpenGLRenderer: Initialized EGL, version 1.4
11-01 14:40:00.440  1075  1164 D OpenGLRenderer: Swap behavior 2
11-01 14:40:00.563   600   609 I art     : Background partial concurrent mark sweep GC freed 42729(2MB) AllocSpace objects, 44(1416KB) LOS objects, 33% free, 15MB/22MB, paused 2.166ms total 181.950ms
11-01 14:40:00.764 20889 21182 W ResourceType: ResTable_typeSpec entry count inconsistent: given 67, previously 69
11-01 14:40:00.764 20889 21182 W ResourceType: ResTable_typeSpec entry count inconsistent: given 5346, previously 5347
11-01 14:40:00.863  1075  1075 I MemoryTrimmer: Trimming objects from memory, since app is in the background.
11-01 14:40:00.872 20889 21154 E [Leanplum][ERROR]: No variable values were received from the server. Please contact us to investigate.
11-01 14:40:00.887 20889 20899 I art     : Background partial concurrent mark sweep GC freed 38606(2MB) AllocSpace objects, 24(528KB) LOS objects, 40% free, 7MB/12MB, paused 5.434ms total 89.722ms
11-01 14:40:00.942   600   620 I ActivityManager: Displayed com.opera.browser/com.opera.android.BrowserActivity: +489ms (total +595ms)
11-01 14:40:00.966   600   611 I CwMcuSensor: CwMcuSensor::flush: fd = 233, sensors_id = 0, path = /sys/class/htc_sensorhub/sensor_hub/flush, err = 0
11-01 14:40:01.016 20889 21002 D OpenGLRenderer: endAllActiveAnimators on 0xd5936c00 (RippleDrawable) with handle 0xd5810b30
11-01 14:40:01.053   600   713 D DnsEventListenerService: Logging 100 results for netId 100
11-01 14:40:01.360 20889 21206 W ResourceType: ResTable_typeSpec entry count inconsistent: given 67, previously 69
11-01 14:40:01.360 20889 21206 W ResourceType: ResTable_typeSpec entry count inconsistent: given 5346, previously 5347
11-01 14:40:01.515   785 21077 W NetworkScheduler: Error inserting service_kind=0 source=16 tag=Measurement.PackageMeasurementTaskService.UPLOAD_TASK_TAG target_package=com.google.android.gms requires_charging=0 source_version=203915000 required_network_type=0 flex_time=602000 persistence_level=1 target_class=com.google.android.gms.measurement.PackageMeasurementTaskService runtime=1667310001506 retry_strategy={"maximum_backoff_seconds":{"3600":0},"initial_backoff_seconds":{"30":0},"retry_policy":{"0":0}} preferred_network_type=1 required_idleness_state=0 preferred_charging_state=1 period=1205000 last_runtime=0 task_type=0 job_id=-1 user_id=0, error message: UNIQUE constraint failed: pending_ops.tag, pending_ops.target_class, pending_ops.target_package, pending_ops.user_id (code 2067) [CONTEXT service_id=218 ]
11-01 14:40:01.548 20889 20894 I art     : Do partial code cache collection, code=19KB, data=30KB
11-01 14:40:01.549 20889 20894 I art     : After code cache collection, code=19KB, data=30KB
11-01 14:40:01.549 20889 20894 I art     : Increasing code cache capacity to 128KB
11-01 14:40:01.553   785 21077 W NetworkScheduler: Error inserting service_kind=0 source=16 tag=Measurement.PackageMeasurementTaskService.UPLOAD_TASK_TAG target_package=com.google.android.gms requires_charging=0 source_version=203915000 required_network_type=0 flex_time=602000 persistence_level=1 target_class=com.google.android.gms.measurement.PackageMeasurementTaskService runtime=1667310001545 retry_strategy={"maximum_backoff_seconds":{"3600":0},"initial_backoff_seconds":{"30":0},"retry_policy":{"0":0}} preferred_network_type=1 required_idleness_state=0 preferred_charging_state=1 period=1205000 last_runtime=0 task_type=0 job_id=-1 user_id=0, error message: UNIQUE constraint failed: pending_ops.tag, pending_ops.target_class, pending_ops.target_package, pending_ops.user_id (code 2067) [CONTEXT service_id=218 ]
11-01 14:40:01.658 20889 20889 I Choreographer: Skipped 39 frames!  The application may be doing too much work on its main thread.
11-01 14:40:01.810 20889 20889 W View    : requestLayout() improperly called by com.opera.android.custom_views.FadingRecyclerView{9fbec0 VFED.V... ......ID 0,813-1536,813 #7f0a0825 app:id/suggested_dials_grid} during layout: running second layout pass
11-01 14:40:01.870 20889 20889 E Sensors : sendAck failure -1 1
11-01 14:40:01.870 20889 20889 E Sensors : sendAck failure -1 2
11-01 14:40:01.870 20889 20889 E Sensors : sendAck failure -1 3
11-01 14:40:01.870 20889 20889 E Sensors : sendAck failure -1 4
11-01 14:40:01.870 20889 20889 E Sensors : sendAck failure -1 5
11-01 14:40:01.870 20889 20889 E Sensors : sendAck failure -1 6
11-01 14:40:01.870 20889 20889 E Sensors : sendAck failure -1 7
11-01 14:40:01.870 20889 20889 E Sensors : sendAck failure -1 8
11-01 14:40:01.870 20889 20889 E Sensors : sendAck failure -1 9
11-01 14:40:01.870 20889 20889 E Sensors : sendAck failure -1 1
11-01 14:40:01.870 20889 20889 E Sensors : sendAck failure -1 2
11-01 14:40:01.870 20889 20889 E Sensors : sendAck failure -1 3
11-01 14:40:01.870 20889 20889 E Sensors : sendAck failure -1 4
11-01 14:40:01.870 20889 20889 E Sensors : sendAck failure -1 5
11-01 14:40:01.870 20889 20889 E Sensors : sendAck failure -1 6
11-01 14:40:01.870 20889 20889 E Sensors : sendAck failure -1 7
11-01 14:40:01.870 20889 20889 E Sensors : sendAck failure -1 8
11-01 14:40:01.870 20889 20889 E Sensors : sendAck failure -1 9
11-01 14:40:01.871 20889 20889 E Sensors : sendAck failure -1 1
11-01 14:40:01.871 20889 20889 E Sensors : sendAck failure -1 2
11-01 14:40:01.871 20889 20889 E Sensors : sendAck failure -1 3
11-01 14:40:01.871 20889 20889 E Sensors : sendAck failure -1 4
11-01 14:40:01.871 20889 20889 E Sensors : sendAck failure -1 5
11-01 14:40:01.871 20889 20889 E Sensors : sendAck failure -1 6
11-01 14:40:01.871 20889 20889 E Sensors : sendAck failure -1 7
11-01 14:40:01.871 20889 20889 E Sensors : sendAck failure -1 8
11-01 14:40:01.871 20889 20889 E Sensors : sendAck failure -1 9
11-01 14:40:01.915   600   647 I WifiHAL : Got channel list with 13 channels
11-01 14:40:01.916   600   647 I WifiHAL : Got channel list with 4 channels
11-01 14:40:01.916   600   647 I WifiHAL : Got channel list with 15 channels
11-01 14:40:01.996 20889 20899 I art     : Background partial concurrent mark sweep GC freed 31579(1761KB) AllocSpace objects, 7(240KB) LOS objects, 40% free, 10MB/17MB, paused 3.816ms total 147.548ms
11-01 14:40:02.332 21250 21250 I dex2oat : /system/bin/dex2oat --dex-file=/data/user/0/com.opera.browser/code_cache/.       --oat-fd=197 --oat-location=/data/user/0/com.opera.browser/code_cache/.     --compiler-filter=speed
11-01 14:40:02.633 21250 21250 I dex2oat : dex2oat took 305.431ms (threads: 2) arena alloc=432KB (442800B) java alloc=32KB (33064B) native alloc=354KB (362688B) free=1181KB (1210176B)
11-01 14:40:02.794 21261 21261 I dex2oat : /system/bin/dex2oat --dex-file=/data/user/0/com.opera.browser/code_cache/. ​  ​ --oat-fd=190 --oat-location=/data/user/0/com.opera.browser/code_cache/.    --compiler-filter=speed
11-01 14:40:02.879 20889 20899 I art     : Background sticky concurrent mark sweep GC freed 49044(2MB) AllocSpace objects, 25(1284KB) LOS objects, 17% free, 14MB/17MB, paused 4.358ms total 234.356ms
11-01 14:40:03.139 20889 20894 I art     : Do partial code cache collection, code=36KB, data=61KB
11-01 14:40:03.140 20889 20894 I art     : After code cache collection, code=36KB, data=61KB
11-01 14:40:03.140 20889 20894 I art     : Increasing code cache capacity to 256KB
11-01 14:40:03.266 21261 21261 I dex2oat : dex2oat took 473.651ms (threads: 2) arena alloc=699KB (716640B) java alloc=101KB (104080B) native alloc=523KB (536408B) free=1524KB (1560744B)
11-01 14:40:03.371 20889 20899 I art     : Background partial concurrent mark sweep GC freed 75762(5MB) AllocSpace objects, 31(1956KB) LOS objects, 40% free, 12MB/21MB, paused 2.231ms total 207.711ms
11-01 14:40:03.531 20889 20889 D ApplicationLoaders: ignored Vulkan layer search path /data/app/com.android.chrome-1/lib/arm:/data/app/com.android.chrome-1/base.apk!/lib/armeabi-v7a:/data/app/com.android.chrome-1/split_config.en.apk!/lib/armeabi-v7a:/data/app/com.android.chrome-1/split_extra_icu.apk!/lib/armeabi-v7a for namespace 0xf72700d0
11-01 14:40:03.535 20889 20889 I WebViewFactory: Loading com.android.chrome version 85.0.4183.127 (code 418312773)
11-01 14:40:03.795 20889 20889 I cr_LibraryLoader: Loaded native library version number "85.0.4183.127"
11-01 14:40:03.796 20889 20889 I cr_CachingUmaRecorder: Flushed 5 samples from 5 histograms.
11-01 14:40:03.822 20889 20899 I art     : Background partial concurrent mark sweep GC freed 116424(4MB) AllocSpace objects, 10(344KB) LOS objects, 39% free, 13MB/22MB, paused 2.124ms total 204.916ms
11-01 14:40:03.832 20889 20889 E cr_VariationsSeedLoader: Failed loading variations seed. Variations disabled.
11-01 14:40:03.852   600  8930 I ActivityManager: Start proc 21276:com.android.chrome:webview_service/u0a35 for service com.android.chrome/org.chromium.android_webview.services.VariationsSeedServer
11-01 14:40:03.872 20889 20889 E chromium: [ERROR:filesystem_posix.cc(62)] mkdir /data/user/0/com.opera.browser/cache/WebView/Crashpad: No such file or directory (2)
11-01 14:40:03.989 21275 21275 I dex2oat : /system/bin/dex2oat --dex-file=/data/user/0/com.opera.browser/files/audience_network.dex --oat-fd=159 --oat-location=/data/user/0/com.opera.browser/app_optimized/audience_network.dex --compiler-filter=speed
11-01 14:40:04.137   600   610 D VoldConnector: SND -> {13 volume mkdirs /storage/emulated/0/Android/data/com.opera.browser/cache/}
11-01 14:40:04.145   600   638 D VoldConnector: RCV <- {200 13 Command succeeded}
11-01 14:40:04.174 20889 20889 W ResourceType: ResTable_typeSpec entry count inconsistent: given 67, previously 69
11-01 14:40:04.175 20889 20889 W ResourceType: ResTable_typeSpec entry count inconsistent: given 5346, previously 5347
11-01 14:40:04.252 20889 21316 W System  : ClassLoader referenced unknown path: 
11-01 14:40:04.260 20889 21316 D ApplicationLoaders: ignored Vulkan layer search path /data/app/com.google.android.gms-1/lib/arm:/data/app/com.google.android.gms-1/base.apk!/lib/armeabi-v7a:/data/app/com.google.android.gms-1/split_config.en.apk!/lib/armeabi-v7a for namespace 0xf7270110
11-01 14:40:04.310 20889 21316 I DynamiteLoaderV2Impl: [70] AdsFdrDynamite.integ
11-01 14:40:04.408 20889 20899 I art     : Background partial concurrent mark sweep GC freed 88073(3MB) AllocSpace objects, 2(208KB) LOS objects, 40% free, 13MB/22MB, paused 2.483ms total 149.362ms
11-01 14:40:04.412 21132 21132 D MonkeyStub: translateCommand: tap 57 93
11-01 14:40:04.460 20889 20889 I DynamiteModule: Considering local module com.google.android.gms.ads.dynamite:0 and remote module com.google.android.gms.ads.dynamite:203404601
11-01 14:40:04.462 20889 20889 I DynamiteModule: Selected remote version of com.google.android.gms.ads.dynamite, version >= 203404601
11-01 14:40:04.591 20889 21316 W System  : ClassLoader referenced unknown path: /data/user_de/0/com.google.android.gms/app_chimera/m/00000057/n/armeabi-v7a
11-01 14:40:04.591 20889 21316 W System  : ClassLoader referenced unknown path: /data/user_de/0/com.google.android.gms/app_chimera/m/00000057/n/armeabi
11-01 14:40:04.609 20889 20889 D DynamitePackage: Instantiated singleton DynamitePackage.
11-01 14:40:04.609 20889 20889 D DynamitePackage: Instantiating com.google.android.gms.ads.ChimeraMobileAdsSettingManagerCreatorImpl
11-01 14:40:04.757 20889 21316 W DynamiteModule: Local module descriptor class for com.google.android.gms.ads.dynamite not found.
11-01 14:40:04.782 20889 20889 I Ads     : Updating ad debug logging enablement.
11-01 14:40:04.914   600   619 D BluetoothManagerService: Message: 20
11-01 14:40:04.914   600   619 D BluetoothManagerService: Added callback: android.bluetooth.IBluetoothManagerCallback$Stub$Proxy@87cba49:true
11-01 14:40:04.918 20889 21325 E libEGL  : validate_display:99 error 3008 (EGL_BAD_DISPLAY)
11-01 14:40:04.997 20889 20889 I Choreographer: Skipped 90 frames!  The application may be doing too much work on its main thread.
11-01 14:40:05.060 20889 21315 W System  : Ignoring header User-Agent because its value was null.
11-01 14:40:05.067 20889 21323 W Ads     : Update ad debug logging enablement as false
11-01 14:40:05.188 20889 20889 D DynamitePackage: Instantiating com.google.android.gms.ads.ChimeraAdLoaderBuilderCreatorImpl
11-01 14:40:05.250 20889 20889 I Ads     : Use RequestConfiguration.Builder().setTestDeviceIds(Arrays.asList("E975D60B8B6136BB8437A20FB42B8437") to get test ads on this device.
11-01 14:40:05.476 20889 21320 W art     : Before Android 4.1, method double java.util.concurrent.ThreadLocalRandom.internalNextDouble(double, double) would have incorrectly overridden the package-private method in java.util.Random
11-01 14:40:05.477 20889 21320 W art     : Before Android 4.1, method int java.util.concurrent.ThreadLocalRandom.internalNextInt(int, int) would have incorrectly overridden the package-private method in java.util.Random
11-01 14:40:05.477 20889 21320 W art     : Before Android 4.1, method long java.util.concurrent.ThreadLocalRandom.internalNextLong(long, long) would have incorrectly overridden the package-private method in java.util.Random
11-01 14:40:05.765 20889 20899 I art     : Background sticky concurrent mark sweep GC freed 93853(7MB) AllocSpace objects, 16(712KB) LOS objects, 26% free, 16MB/22MB, paused 3.303ms total 390.357ms
11-01 14:40:05.850 21348 21348 I dex2oat : /system/bin/dex2oat --dex-file=/data/user/0/com.opera.browser/cache/1596060835607.jar --oat-fd=157 --oat-location=/data/user/0/com.opera.browser/cache/1596060835607.dex --compiler-filter=speed
11-01 14:40:06.003 20889 20889 I DynamiteModule: Considering local module com.google.android.gms.ads.dynamite:0 and remote module com.google.android.gms.ads.dynamite:203404601
11-01 14:40:06.004 20889 20889 I DynamiteModule: Selected remote version of com.google.android.gms.ads.dynamite, version >= 203404601
11-01 14:40:06.081 20889 21358 W DynamiteModule: Local module descriptor class for com.google.android.gms.ads.dynamite not found.
11-01 14:40:06.083 20889 21357 W DynamiteModule: Local module descriptor class for com.google.android.gms.ads.dynamite not found.
11-01 14:40:06.086 20889 21357 W DynamiteModule: Local module descriptor class for com.google.android.gms.ads.dynamite not found.
11-01 14:40:06.102 20889 21357 W DynamiteModule: Local module descriptor class for com.google.android.gms.ads.dynamite not found.
11-01 14:40:06.102 20889 21357 W DynamiteModule: Local module descriptor class for com.google.android.gms.ads.dynamite not found.
11-01 14:40:06.204 21348 21348 I dex2oat : dex2oat took 355.455ms (threads: 2) arena alloc=397KB (407472B) java alloc=74KB (76488B) native alloc=506KB (518600B) free=1029KB (1054264B)
11-01 14:40:06.246 20889 20889 I Choreographer: Skipped 67 frames!  The application may be doing too much work on its main thread.
11-01 14:40:06.421 20889 20889 D DynamitePackage: Instantiating com.google.android.gms.ads.ChimeraAdLoaderBuilderCreatorImpl
11-01 14:40:06.437 20889 20889 I Ads     : Use RequestConfiguration.Builder().setTestDeviceIds(Arrays.asList("E975D60B8B6136BB8437A20FB42B8437") to get test ads on this device.
11-01 14:40:06.457 21132 21132 D MonkeyStub: translateCommand: tap 57 93
11-01 14:40:06.474 20889 21364 W DynamiteModule: Local module descriptor class for com.google.android.gms.ads.dynamite not found.
11-01 14:40:06.475 20889 21364 W DynamiteModule: Local module descriptor class for com.google.android.gms.ads.dynamite not found.
11-01 14:40:06.477 20889 21365 W DynamiteModule: Local module descriptor class for com.google.android.gms.ads.dynamite not found.
11-01 14:40:06.653 23814 23814 I MemoryTrimmer: Trimming objects from memory, since app is in the background.
11-01 14:40:06.875 21275 21317 W dex2oat : Compilation of com.facebook.ads.redexgen.X.11 com.facebook.ads.redexgen.X.13.A01(com.facebook.ads.redexgen.X.Xn, org.json.JSONObject, java.lang.String, boolean, int, int) took 122.324ms
11-01 14:40:07.098 20889 20889 I Choreographer: Skipped 30 frames!  The application may be doing too much work on its main thread.
11-01 14:40:07.137 20889 20899 I art     : Background partial concurrent mark sweep GC freed 59740(4MB) AllocSpace objects, 32(2MB) LOS objects, 40% free, 15MB/25MB, paused 4.436ms total 377.155ms
11-01 14:40:07.307 21275 21317 W dex2oat : Compilation of java.lang.String com.facebook.ads.redexgen.X.1O.toString() took 125.929ms
11-01 14:40:07.695 20889 20899 W art     : Suspending all threads took: 36.277ms
11-01 14:40:07.735 20889 20899 I art     : Background partial concurrent mark sweep GC freed 28596(1069KB) AllocSpace objects, 5(100KB) LOS objects, 39% free, 15MB/25MB, paused 39.662ms total 443.707ms
11-01 14:40:07.877 21275 21275 W dex2oat : Compilation of boolean com.facebook.ads.redexgen.X.1Y.A0U(java.lang.String) took 310.771ms
11-01 14:40:08.068 21275 21317 W dex2oat : Compilation of void com.facebook.ads.redexgen.X.1o.A02(com.facebook.ads.redexgen.X.Xn, com.facebook.ads.redexgen.X.7T, com.facebook.ads.redexgen.X.d2) took 114.182ms
11-01 14:40:08.433 20889 21382 W Ads     : Not retrying to fetch app settings
11-01 14:40:08.435 20889 21320 W Ads     : Not retrying to fetch app settings
11-01 14:40:08.674 21132 21132 D MonkeyStub: translateCommand: tap 446 593
11-01 14:40:08.877 21275 21275 W dex2oat : Compilation of com.facebook.ads.redexgen.X.GX com.facebook.ads.redexgen.X.2m.A0b(byte[], int, boolean) took 107.756ms
11-01 14:40:09.062 14210 14793 I Ads     : Parental control value is stale. Refreshing.
11-01 14:40:09.063 14210 14793 W Ads     : Play store is not installed or the service for parental controls is not available.
11-01 14:40:09.162 21275 21317 W dex2oat : Compilation of com.facebook.ads.redexgen.X.Gv com.facebook.ads.redexgen.X.2t.A04(org.xmlpull.v1.XmlPullParser, com.facebook.ads.redexgen.X.Gs) took 117.636ms
11-01 14:40:09.231 20889 20894 I art     : Do full code cache collection, code=84KB, data=125KB
11-01 14:40:09.249 21275 21275 W dex2oat : Compilation of void com.facebook.ads.redexgen.X.2v.A06(java.lang.String) took 127.375ms
11-01 14:40:09.480 20889 20894 I art     : Waiting for a blocking GC JitCodeCache
11-01 14:40:09.546 20889 20899 I art     : Background sticky concurrent mark sweep GC freed 104262(4MB) AllocSpace objects, 19(4MB) LOS objects, 31% free, 17MB/25MB, paused 2.356ms total 471.420ms
11-01 14:40:09.547 20889 20894 I art     : WaitForGcToComplete blocked for 67.203ms for cause JitCodeCache
11-01 14:40:09.547 20889 20894 I art     : Starting a blocking GC JitCodeCache
11-01 14:40:09.547 20889 20894 I art     : After code cache collection, code=65KB, data=69KB
11-01 14:40:09.689 23814 23814 I MemoryTrimmer: Trimming objects from memory, since app is in the background.
11-01 14:40:09.847 14210 14221 W art     : Suspending all threads took: 397.692ms
11-01 14:40:09.876 14210 14763 E Ads     : Error waiting for future.
11-01 14:40:09.876 14210 14763 E Ads     : java.util.concurrent.TimeoutException
11-01 14:40:09.876 14210 14763 E Ads     : 	at java.util.concurrent.FutureTask.get(FutureTask.java:177)
11-01 14:40:09.876 14210 14763 E Ads     : 	at com.google.android.gms.ads.nonagon.signals.gmscore.u.call(Unknown Source)
11-01 14:40:09.876 14210 14763 E Ads     : 	at btfw.b(:com.google.android.gms@203915020@20.39.15 (040406-335085812):0)
11-01 14:40:09.876 14210 14763 E Ads     : 	at btex.run(:com.google.android.gms@203915020@20.39.15 (040406-335085812):3)
11-01 14:40:09.876 14210 14763 E Ads     : 	at btfx.run(:com.google.android.gms@203915020@20.39.15 (040406-335085812):0)
11-01 14:40:09.876 14210 14763 E Ads     : 	at sup.b(:com.google.android.gms@203915020@20.39.15 (040406-335085812):12)
11-01 14:40:09.876 14210 14763 E Ads     : 	at sup.run(:com.google.android.gms@203915020@20.39.15 (040406-335085812):7)
11-01 14:40:09.876 14210 14763 E Ads     : 	at java.util.concurrent.ThreadPoolExecutor.runWorker(ThreadPoolExecutor.java:1133)
11-01 14:40:09.876 14210 14763 E Ads     : 	at java.util.concurrent.ThreadPoolExecutor$Worker.run(ThreadPoolExecutor.java:607)
11-01 14:40:09.876 14210 14763 E Ads     : 	at tam.run(:com.google.android.gms@203915020@20.39.15 (040406-335085812):0)
11-01 14:40:09.876 14210 14763 E Ads     : 	at java.lang.Thread.run(Thread.java:761)
11-01 14:40:09.876 14210 21403 E Ads     : Error waiting for future.
11-01 14:40:09.876 14210 21403 E Ads     : java.util.concurrent.TimeoutException
11-01 14:40:09.876 14210 21403 E Ads     : 	at java.util.concurrent.FutureTask.get(FutureTask.java:177)
11-01 14:40:09.876 14210 21403 E Ads     : 	at com.google.android.gms.ads.nonagon.signals.gmscore.u.call(Unknown Source)
11-01 14:40:09.876 14210 21403 E Ads     : 	at btfw.b(:com.google.android.gms@203915020@20.39.15 (040406-335085812):0)
11-01 14:40:09.876 14210 21403 E Ads     : 	at btex.run(:com.google.android.gms@203915020@20.39.15 (040406-335085812):3)
11-01 14:40:09.876 14210 21403 E Ads     : 	at btfx.run(:com.google.android.gms@203915020@20.39.15 (040406-335085812):0)
11-01 14:40:09.876 14210 21403 E Ads     : 	at sup.b(:com.google.android.gms@203915020@20.39.15 (040406-335085812):12)
11-01 14:40:09.876 14210 21403 E Ads     : 	at sup.run(:com.google.android.gms@203915020@20.39.15 (040406-335085812):7)
11-01 14:40:09.876 14210 21403 E Ads     : 	at java.util.concurrent.ThreadPoolExecutor.runWorker(ThreadPoolExecutor.java:1133)
11-01 14:40:09.876 14210 21403 E Ads     : 	at java.util.concurrent.ThreadPoolExecutor$Worker.run(ThreadPoolExecutor.java:607)
11-01 14:40:09.876 14210 21403 E Ads     : 	at tam.run(:com.google.android.gms@203915020@20.39.15 (040406-335085812):0)
11-01 14:40:09.876 14210 21403 E Ads     : 	at java.lang.Thread.run(Thread.java:761)
11-01 14:40:09.883 14210 14221 I art     : Background partial concurrent mark sweep GC freed 17604(928KB) AllocSpace objects, 9(296KB) LOS objects, 40% free, 7MB/13MB, paused 400.021ms total 799.460ms
11-01 14:40:09.957 14210 14766 I Icing   : IndexChimeraService.getServiceInterface callingPackage=com.google.android.gms componentName=null serviceId=30
11-01 14:40:09.965 14210 14614 W Icing   : No valid account for uploading user actions
11-01 14:40:10.094 14210 14614 E native  : document-store.cc:1328 Failed to update per-doc-data with usage report
11-01 14:40:10.223 14210 14614 I Icing   : Usage reports ok 1, Failed Usage reports 1, indexed 0, rejected 0
11-01 14:40:10.761 21132 21132 D MonkeyStub: translateCommand: tap 667 302
11-01 14:40:11.508 20889 20889 I Choreographer: Skipped 42 frames!  The application may be doing too much work on its main thread.
11-01 14:40:11.517 21275 21275 W dex2oat : Compilation of boolean com.facebook.ads.redexgen.X.90.A0H(com.facebook.ads.redexgen.X.8T) took 149.457ms
11-01 14:40:11.547 14210 14210 D ApplicationLoaders: ignored Vulkan layer search path /data/app/com.android.chrome-1/lib/arm64:/data/app/com.android.chrome-1/base.apk!/lib/arm64-v8a:/data/app/com.android.chrome-1/split_config.en.apk!/lib/arm64-v8a:/data/app/com.android.chrome-1/split_extra_icu.apk!/lib/arm64-v8a for namespace 0x725366c160
11-01 14:40:11.557 14210 14210 I WebViewFactory: Loading com.android.chrome version 85.0.4183.127 (code 418312773)
11-01 14:40:12.024 14210 14210 W ResourceType: ResTable_typeSpec entry count inconsistent: given 67, previously 69
11-01 14:40:12.024 14210 14210 W ResourceType: ResTable_typeSpec entry count inconsistent: given 5346, previously 5347
11-01 14:40:12.138 14210 14210 I cr_LibraryLoader: Loaded native library version number "85.0.4183.127"
11-01 14:40:12.140 21275 21317 W dex2oat : Compilation of void com.facebook.ads.redexgen.X.9s.<init>(java.io.RandomAccessFile, long[], long) took 157.228ms
11-01 14:40:12.146 14210 14210 I cr_CachingUmaRecorder: Flushed 5 samples from 5 histograms.
11-01 14:40:12.288 14210 14210 W ResourceType: ResTable_typeSpec entry count inconsistent: given 67, previously 69
11-01 14:40:12.288 14210 14210 W ResourceType: ResTable_typeSpec entry count inconsistent: given 5346, previously 5347
11-01 14:40:12.577 20889 20894 I art     : Do partial code cache collection, code=83KB, data=99KB
11-01 14:40:12.581 20889 20894 I art     : After code cache collection, code=83KB, data=99KB
11-01 14:40:12.582 20889 20894 I art     : Increasing code cache capacity to 512KB
11-01 14:40:12.857 14210 21441 E libEGL  : validate_display:99 error 3008 (EGL_BAD_DISPLAY)
11-01 14:40:13.693 14210 14221 W art     : Suspending all threads took: 8.948ms
11-01 14:40:13.704 14210 14221 I art     : Background sticky concurrent mark sweep GC freed 33691(2MB) AllocSpace objects, 19(556KB) LOS objects, 32% free, 8MB/13MB, paused 10ms total 51.224ms
11-01 14:40:13.832 21132 21132 D MonkeyStub: translateCommand: tap 1286 930
11-01 14:40:13.993 21275 21317 W dex2oat : Compilation of boolean com.facebook.ads.redexgen.X.EA.A0C(android.media.MediaCodecInfo, java.lang.String, boolean, java.lang.String) took 168.215ms
11-01 14:40:14.041 14210 14221 I art     : Background sticky concurrent mark sweep GC freed 1015(1242KB) AllocSpace objects, 5(116KB) LOS objects, 8% free, 12MB/13MB, paused 6.594ms total 163.043ms
11-01 14:40:14.244 14210 14793 I Ads     : SDK version: afma-sdk-a-v203404999.202510000.1
11-01 14:40:14.392 14210 14793 I Ads     : HTTP timeout: 60000 milliseconds.
11-01 14:40:14.429 14210 21409 I Ads     : SDK version: afma-sdk-a-v203404999.202510000.1
11-01 14:40:14.433 14210 21409 I Ads     : HTTP timeout: 60000 milliseconds.
11-01 14:40:14.600 14210 14221 W art     : Suspending all threads took: 7.958ms
11-01 14:40:14.631 14210 14221 I art     : Background partial concurrent mark sweep GC freed 171453(5MB) AllocSpace objects, 4(260KB) LOS objects, 40% free, 14MB/23MB, paused 12.421ms total 307.287ms
11-01 14:40:14.930 21132 21132 D MonkeyStub: translateCommand: tap 62 98
11-01 14:40:14.979 21132 21132 D MonkeyStub: translateCommand: tap 729 89
11-01 14:40:14.991 21132 21132 D MonkeyStub: Quit requested
11-01 14:40:15.010   600   614 I CwMcuSensor: CwMcuSensor::flush: fd = 233, sensors_id = 0, path = /sys/class/htc_sensorhub/sensor_hub/flush, err = 0
11-01 14:40:15.012 21132 21132 I art     : System.exit called, status: 16
11-01 14:40:15.012 21132 21132 I AndroidRuntime: VM exiting with result code 16.
11-01 14:40:15.195   600 12440 W WindowManager: Attempted to remove non-existing token: android.os.Binder@18643df
11-01 14:40:15.307 20889 21365 W DynamiteModule: Local module descriptor class for com.google.android.gms.ads.dynamite not found.
11-01 14:40:15.321 20889 21320 I Ads     : Ad failed to load : 3
11-01 14:40:15.529   600  1068 E BatteryStatsService: power: Missing API
11-01 14:40:15.541   600  1068 E BatteryStatsService: no controller energy info supplied
11-01 14:40:15.542   800   800 E PhoneInterfaceManager: [PhoneIntfMgr] queryModemActivityInfo: Empty response
11-01 14:40:15.547   600  1068 E BatteryStatsService: modem info is invalid: ModemActivityInfo{ mTimestamp=0 mSleepTimeMs=0 mIdleTimeMs=0 mTxTimeMs[]=[0, 0, 0, 0, 0] mRxTimeMs=0 mEnergyUsed=0}
11-01 14:40:15.567   600   613 W ProcessCpuTracker: Skipping unknown process pid 21468
11-01 14:40:15.765 20889 21365 W DynamiteModule: Local module descriptor class for com.google.android.gms.ads.dynamite not found.
11-01 14:40:16.146 21471 21471 D AndroidRuntime: >>>>>> START com.android.internal.os.RuntimeInit uid 2000 <<<<<<
11-01 14:40:16.153 21471 21471 D AndroidRuntime: CheckJNI is OFF
11-01 14:40:16.262 21471 21471 D ICU     : No timezone override file found: /data/misc/zoneinfo/current/icu/icu_tzdata.dat
11-01 14:40:16.320 21471 21471 I Radio-JNI: register_android_hardware_Radio DONE
11-01 14:40:16.338 21471 21471 D AndroidRuntime: Calling main entry com.android.commands.am.Am
11-01 14:40:16.363   600  1666 I ActivityManager: START u0 {act=android.intent.action.VIEW dat=http://www.britannica.com/... flg=0x10000000 cmp=com.opera.browser/com.opera.Opera} from uid 2000 on display 0
11-01 14:40:16.383 21471 21471 D AndroidRuntime: Shutting down VM
11-01 14:40:16.565   600 12440 I ActivityManager: Start proc 21486:com.opera.browser:sandboxed_process0/u0a122 for service com.opera.browser/com.opera.android.browser.chromium.services.SandboxedProcessService0
11-01 14:40:16.699 21486 21486 I art     : Starting a blocking GC AddRemoveAppImageSpace
11-01 14:40:16.764 21486 21486 I LoadedApk: No resource references to update in package com.opera.browser.nord_vpn
11-01 14:40:17.200   785  1681 I FontLog : Received query name=Google Sans&weight=400&besteffort=false, URI content://com.google.android.gms.fonts [CONTEXT service_id=132 ]
11-01 14:40:17.202   785  1681 I FontLog : Query [name=Google Sans&weight=400&besteffort=false] resolved to {Google Sans, wdth 100.0, wght 400, ital 0.0, bestEffort false} [CONTEXT service_id=132 ]
11-01 14:40:17.203   785  1681 I FontLog : Font PFD returned from cache for {Google Sans, wdth 100.0, wght 400, ital 0.0, bestEffort false} [CONTEXT service_id=132 ]
11-01 14:40:17.203   785  1681 I FontLog : Fetch {Google Sans, wdth 100.0, wght 400, ital 0.0, bestEffort false} end status Status{statusCode=SUCCESS, resolution=null} [CONTEXT service_id=132 ]
11-01 14:40:17.214   785  1684 I FontLog : Pulling font file for id = 208, cache size = 7 [CONTEXT service_id=132 ]
11-01 14:40:17.220   785  1576 I FontLog : Received query name=Google Sans&weight=500&besteffort=false, URI content://com.google.android.gms.fonts [CONTEXT service_id=132 ]
11-01 14:40:17.220   785  1576 I FontLog : Query [name=Google Sans&weight=500&besteffort=false] resolved to {Google Sans, wdth 100.0, wght 500, ital 0.0, bestEffort false} [CONTEXT service_id=132 ]
11-01 14:40:17.221   785  1576 I FontLog : Font PFD returned from cache for {Google Sans, wdth 100.0, wght 500, ital 0.0, bestEffort false} [CONTEXT service_id=132 ]
11-01 14:40:17.222   785  1576 I FontLog : Fetch {Google Sans, wdth 100.0, wght 500, ital 0.0, bestEffort false} end status Status{statusCode=SUCCESS, resolution=null} [CONTEXT service_id=132 ]
11-01 14:40:17.231   785  1191 I FontLog : Pulling font file for id = 209, cache size = 6 [CONTEXT service_id=132 ]
11-01 14:40:17.249   785   798 I FontLog : Received query name=Google Sans&weight=700&besteffort=false, URI content://com.google.android.gms.fonts [CONTEXT service_id=132 ]
11-01 14:40:17.249   785   798 I FontLog : Query [name=Google Sans&weight=700&besteffort=false] resolved to {Google Sans, wdth 100.0, wght 700, ital 0.0, bestEffort false} [CONTEXT service_id=132 ]
11-01 14:40:17.250   785   798 I FontLog : Fetch {Google Sans, wdth 100.0, wght 700, ital 0.0, bestEffort false} end status Status{statusCode=SUCCESS, resolution=null} [CONTEXT service_id=132 ]
11-01 14:40:17.254   785  1744 I FontLog : Pulling font file for id = 210, cache size = 7 [CONTEXT service_id=132 ]
11-01 14:40:17.262   785  1300 I FontLog : Received query name=Noto Color Emoji Compat&weight=400&besteffort=false, URI content://com.google.android.gms.fonts [CONTEXT service_id=132 ]
11-01 14:40:17.263   785  1300 I FontLog : Query [name=Noto Color Emoji Compat&weight=400&besteffort=false] resolved to {Noto Color Emoji Compat, wdth 100.0, wght 400, ital 0.0, bestEffort false} [CONTEXT service_id=132 ]
11-01 14:40:17.265   785  1300 I FontLog : Fetch {Noto Color Emoji Compat, wdth 100.0, wght 400, ital 0.0, bestEffort false} end status Status{statusCode=SUCCESS, resolution=null} [CONTEXT service_id=132 ]
11-01 14:40:17.267   785   799 I FontLog : Pulling font file for id = 211, cache size = 6 [CONTEXT service_id=132 ]
11-01 14:40:17.877 20889 20899 W art     : Suspending all threads took: 123.375ms
11-01 14:40:17.960 20889 20899 I art     : Background partial concurrent mark sweep GC freed 140326(7MB) AllocSpace objects, 43(2044KB) LOS objects, 39% free, 18MB/31MB, paused 128.559ms total 1.291s
11-01 14:40:19.585   785 21511 I SQLiteConnectionPool: The connection pool for /data/user/0/com.google.android.gms/databases/metadata.db has been closed but there are still 1 connections in use.  They will be closed as they are released back to the pool.
11-01 14:40:19.792   785 15646 W FontLog : Error updating last accessed time for {Google Sans, wdth 100.0, wght 700, ital 0.0, bestEffort false}. [CONTEXT service_id=132 ]
11-01 14:40:19.792   785 15646 W FontLog : java.lang.IllegalStateException: Cannot perform this operation because the connection pool has been closed.
11-01 14:40:19.792   785 15646 W FontLog : 	at android.database.sqlite.SQLiteConnectionPool.throwIfClosedLocked(SQLiteConnectionPool.java:962)
11-01 14:40:19.792   785 15646 W FontLog : 	at android.database.sqlite.SQLiteConnectionPool.waitForConnection(SQLiteConnectionPool.java:677)
11-01 14:40:19.792   785 15646 W FontLog : 	at android.database.sqlite.SQLiteConnectionPool.acquireConnection(SQLiteConnectionPool.java:348)
11-01 14:40:19.792   785 15646 W FontLog : 	at android.database.sqlite.SQLiteSession.acquireConnection(SQLiteSession.java:894)
11-01 14:40:19.792   785 15646 W FontLog : 	at android.database.sqlite.SQLiteSession.executeForChangedRowCount(SQLiteSession.java:752)
11-01 14:40:19.792   785 15646 W FontLog : 	at android.database.sqlite.SQLiteStatement.executeUpdateDelete(SQLiteStatement.java:64)
11-01 14:40:19.792   785 15646 W FontLog : 	at android.database.sqlite.SQLiteDatabase.executeSql(SQLiteDatabase.java:1679)
11-01 14:40:19.792   785 15646 W FontLog : 	at android.database.sqlite.SQLiteDatabase.execSQL(SQLiteDatabase.java:1658)
11-01 14:40:19.792   785 15646 W FontLog : 	at aafx.run(Unknown Source)
11-01 14:40:19.792   785 15646 W FontLog : 	at sup.b(:com.google.android.gms@203915020@20.39.15 (040406-335085812):12)
11-01 14:40:19.792   785 15646 W FontLog : 	at sup.run(:com.google.android.gms@203915020@20.39.15 (040406-335085812):7)
