10-30 11:34:21.138  4447  4501 I FeedModelProvider: ModelProvider Mutation committed - structure changes 31, childrenToBind 31, removedChildren false, Token false
10-30 11:34:21.139  4447  4447 I FeedModelProvider: No children found for Cursor
10-30 11:34:21.140   600 29683 I ActivityManager: Killing 4807:com.android.chrome:sandboxed_process13/u0a35i360 (adj 0): isolated not needed
10-30 11:34:21.140   600 29683 I ActivityManager: Killing 4780:com.android.chrome:sandboxed_process12/u0a35i359 (adj 0): isolated not needed
10-30 11:34:21.141   600 29683 I ActivityManager: Killing 4767:com.android.chrome:sandboxed_process11/u0a35i358 (adj 0): isolated not needed
10-30 11:34:21.146  4903  4903 I cr_ChildProcessService: Creating new ChildProcessService pid=4903
10-30 11:34:21.164  4447  4501 I FeedSessionManagerImpl: Populate new session: _session:9cf98bde-fee1-4cc3-870d-a427c2d7588d, creation time 10-30 11:34:21.129
10-30 11:34:21.164  4447  4501 I TimingUtils: Task Timing  50ms, thread JardinExecutor | task : Create/Populate New Session
10-30 11:34:21.164  4447  4501 I TaskQueue:  - Finished 24, time 51 ms
10-30 11:34:21.164  4447  4501 I TaskQueue: Execute task [BACKGROUND - d: false, b: 1]: 11
10-30 11:34:21.164  4447  4501 I ContentGc: Re-enqueuing triggerContentGc; attempts(0)
10-30 11:34:21.165  4447  4501 I TaskQueue:  - task [BACKGROUND - d: false, b: 1]: 11
10-30 11:34:21.165  4447  4501 I TaskQueue:  - Finished 11, time 0 ms
10-30 11:34:21.165  4447  4501 I TaskQueue: Execute task [BACKGROUND - d: false, b: 1]: 23
10-30 11:34:21.175  4855  4946 I cr_LibraryLoader: Loaded native library version number "85.0.4183.127"
10-30 11:34:21.176  4855  4946 I cr_CachingUmaRecorder: Flushed 1 samples from 1 histograms.
10-30 11:34:21.198   600   613 I ActivityManager: Killing 4816:com.android.chrome:sandboxed_process14/u0a35i361 (adj 0): isolated not needed
10-30 11:34:21.207  4916  4916 I cr_ChildProcessService: Creating new ChildProcessService pid=4916
10-30 11:34:21.282  4447  4501 I TimingUtils: Task Timing 117ms, thread JardinExecutor | task : commitContentMutation | mutations : 32
10-30 11:34:21.282  4447  4501 I TimingUtils: Task Timing   0ms, thread JardinExecutor | task : commitSemanticPropertiesMutation | mutations : 0
10-30 11:34:21.282  4447  4501 I TaskQueue:  - Finished 23, time 118 ms
10-30 11:34:21.283  4447  4501 I TaskQueue: Execute task [BACKGROUND - d: false, b: 0]: 11
10-30 11:34:21.302  4447  4501 I SessionCache: Determining accessible content
10-30 11:34:21.305  4447  4501 I TimingUtils: Task Timing  21ms, thread JardinExecutor | task : ContentGc | contentItemsRemoved : 0
10-30 11:34:21.305  4447  4501 I TaskQueue:  - Finished 11, time 22 ms
10-30 11:34:21.330  4916  4965 I cr_LibraryLoader: Loaded native library version number "85.0.4183.127"
10-30 11:34:21.331  4916  4965 I cr_CachingUmaRecorder: Flushed 1 samples from 1 histograms.
10-30 11:34:21.336  4883  4948 I cr_LibraryLoader: Loaded native library version number "85.0.4183.127"
10-30 11:34:21.336  4883  4948 I cr_CachingUmaRecorder: Flushed 1 samples from 1 histograms.
10-30 11:34:21.338  4863  4947 I cr_LibraryLoader: Loaded native library version number "85.0.4183.127"
10-30 11:34:21.339  4863  4947 I cr_CachingUmaRecorder: Flushed 1 samples from 1 histograms.
10-30 11:34:21.345  4447  4507 W chromium: [WARNING:spdy_session.cc(3090)] Received RST for invalid stream1
10-30 11:34:21.369  4827  4827 I cr_ChildProcessService: Destroying ChildProcessService pid=4827
10-30 11:34:21.380  4890  4957 I cr_LibraryLoader: Loaded native library version number "85.0.4183.127"
10-30 11:34:21.381  4890  4957 I cr_CachingUmaRecorder: Flushed 1 samples from 1 histograms.
10-30 11:34:21.409  4903  4962 I cr_LibraryLoader: Loaded native library version number "85.0.4183.127"
10-30 11:34:21.410  4903  4962 I cr_CachingUmaRecorder: Flushed 1 samples from 1 histograms.
10-30 11:34:21.435  4863  4947 I chromium: [INFO:child_process_service.cc(69)] ChildProcessService: Exiting child process.
10-30 11:34:21.436   197   197 E lowmemorykiller: Error writing /proc/4863/oom_score_adj; errno=22
10-30 11:34:21.476  4890  4957 I chromium: [INFO:child_process_service.cc(69)] ChildProcessService: Exiting child process.
10-30 11:34:21.480   197   197 E lowmemorykiller: Error writing /proc/4890/oom_score_adj; errno=22
10-30 11:34:21.484  4903  4962 I chromium: [INFO:child_process_service.cc(69)] ChildProcessService: Exiting child process.
10-30 11:34:21.486   197   197 E lowmemorykiller: Error writing /proc/4903/oom_score_adj; errno=22
10-30 11:34:21.487  4883  4883 I cr_ChildProcessService: Destroying ChildProcessService pid=4883
10-30 11:34:21.560  4827  4925 I chromium: [INFO:child_process_service.cc(69)] ChildProcessService: Exiting child process.
10-30 11:34:21.561  4883  4948 I chromium: [INFO:child_process_service.cc(69)] ChildProcessService: Exiting child process.
10-30 11:34:21.587   600  1079 I ActivityManager: Process com.android.chrome:sandboxed_process17 (pid 4863) has died
10-30 11:34:21.587   600  1079 D ActivityManager: cleanUpApplicationRecord -- 4863
10-30 11:34:21.588   600  1079 I ActivityManager: Killing 4903:com.android.chrome:sandboxed_process20/u0a35i367 (adj 0): isolated not needed
10-30 11:34:21.588   600  1079 I ActivityManager: Killing 4890:com.android.chrome:sandboxed_process19/u0a35i366 (adj 0): isolated not needed
10-30 11:34:21.588   600  1079 I ActivityManager: Killing 4883:com.android.chrome:sandboxed_process18/u0a35i365 (adj 0): isolated not needed
10-30 11:34:21.588   600  1079 I ActivityManager: Killing 4855:com.android.chrome:sandboxed_process16/u0a35i363 (adj 0): isolated not needed
10-30 11:34:21.588   600  1079 I ActivityManager: Killing 4827:com.android.chrome:sandboxed_process15/u0a35i362 (adj 0): isolated not needed
10-30 11:34:21.603   600  9614 D ActivityManager: cleanUpApplicationRecord -- 4903
10-30 11:34:21.606  4447  4447 W chromium: [WARNING:compositor_view.cc(315)] Child process died (type=6) pid=4863)
10-30 11:34:21.606  4447  4447 W chromium: [WARNING:compositor_view.cc(315)] Child process died (type=6) pid=4903)
10-30 11:34:22.246   600   609 I art     : Background partial concurrent mark sweep GC freed 47733(2MB) AllocSpace objects, 34(972KB) LOS objects, 33% free, 16MB/25MB, paused 1.216ms total 1.592s
10-30 11:34:22.330   600  1080 D ActivityManager: cleanUpApplicationRecord -- 4761
10-30 11:34:22.337  4447  4447 W chromium: [WARNING:compositor_view.cc(315)] Child process died (type=6) pid=4761)
10-30 11:34:22.337  4447  4447 W chromium: [WARNING:compositor_view.cc(315)] Child process died (type=6) pid=4890)
10-30 11:34:22.346   600  1082 D ActivityManager: cleanUpApplicationRecord -- 4890
10-30 11:34:22.355   600  7064 D ActivityManager: cleanUpApplicationRecord -- 4623
10-30 11:34:22.363   600  1079 D ActivityManager: cleanUpApplicationRecord -- 4682
10-30 11:34:22.369   600   713 D ActivityManager: cleanUpApplicationRecord -- 4703
10-30 11:34:22.374   600   611 D ActivityManager: cleanUpApplicationRecord -- 4855
10-30 11:34:22.383   600 24611 D ActivityManager: cleanUpApplicationRecord -- 4588
10-30 11:34:22.391   600 29683 D ActivityManager: cleanUpApplicationRecord -- 4780
10-30 11:34:22.400   600   610 D ActivityManager: cleanUpApplicationRecord -- 4807
10-30 11:34:22.406   600  3507 D ActivityManager: cleanUpApplicationRecord -- 4599
10-30 11:34:22.409   600  1081 D ActivityManager: cleanUpApplicationRecord -- 4617
10-30 11:34:22.413   600 27731 D ActivityManager: cleanUpApplicationRecord -- 4645
10-30 11:34:22.418   600 24515 D ActivityManager: cleanUpApplicationRecord -- 4827
10-30 11:34:22.423   600   610 D ActivityManager: cleanUpApplicationRecord -- 4767
10-30 11:34:22.424  4447  4447 W chromium: [WARNING:compositor_view.cc(315)] Child process died (type=6) pid=4617)
10-30 11:34:22.427  4447  4447 W chromium: [WARNING:compositor_view.cc(315)] Child process died (type=6) pid=4599)
10-30 11:34:22.431  4447  4447 W chromium: [WARNING:compositor_view.cc(315)] Child process died (type=6) pid=4827)
10-30 11:34:22.432  4447  4447 W chromium: [WARNING:compositor_view.cc(315)] Child process died (type=6) pid=4623)
10-30 11:34:22.433  4447  4447 W chromium: [WARNING:compositor_view.cc(315)] Child process died (type=6) pid=4780)
10-30 11:34:22.434  4447  4447 W chromium: [WARNING:compositor_view.cc(315)] Child process died (type=6) pid=4767)
10-30 11:34:22.435  4447  4447 W chromium: [WARNING:compositor_view.cc(315)] Child process died (type=6) pid=4682)
10-30 11:34:22.435  4447  4447 W chromium: [WARNING:compositor_view.cc(315)] Child process died (type=6) pid=4645)
10-30 11:34:22.436  4447  4447 W chromium: [WARNING:compositor_view.cc(315)] Child process died (type=6) pid=4855)
10-30 11:34:22.438  4447  4447 W chromium: [WARNING:compositor_view.cc(315)] Child process died (type=6) pid=4807)
10-30 11:34:22.439   600  3507 D ActivityManager: cleanUpApplicationRecord -- 4816
10-30 11:34:22.443  4447  4447 W chromium: [WARNING:compositor_view.cc(315)] Child process died (type=6) pid=4703)
10-30 11:34:22.444  4447  4447 W chromium: [WARNING:compositor_view.cc(315)] Child process died (type=6) pid=4816)
10-30 11:34:22.446  4447  4447 W chromium: [WARNING:compositor_view.cc(315)] Child process died (type=6) pid=4588)
10-30 11:34:22.449   600 17381 D ActivityManager: cleanUpApplicationRecord -- 4655
10-30 11:34:22.455  4447  4447 W chromium: [WARNING:compositor_view.cc(315)] Child process died (type=6) pid=4655)
10-30 11:34:22.477   600 13631 D ActivityManager: cleanUpApplicationRecord -- 4883
10-30 11:34:22.481  4447  4447 W chromium: [WARNING:compositor_view.cc(315)] Child process died (type=6) pid=4883)
10-30 11:34:22.546  2434  2875 I native  : document-store.cc:1654 Scored 1686 usage reports, missing_corpora 887 update_failed 1
10-30 11:34:22.609  2434  2875 W Icing   : No valid account for uploading user actions
10-30 11:34:22.631  2434  2888 I Icing   : IndexChimeraService.getServiceInterface callingPackage=com.google.android.gms componentName=null serviceId=30
10-30 11:34:23.267  4447  4457 I art     : Background sticky concurrent mark sweep GC freed 10028(572KB) AllocSpace objects, 8(156KB) LOS objects, 4% free, 16MB/17MB, paused 11.549ms total 33.611ms
10-30 11:34:23.302  4447  4504 I cr_omaha: Request to Server Successful. Timestamp for next request:1667129663302
10-30 11:34:23.362  4447  4504 I cr_omaha: Request to Server Successful. Timestamp for next request:1667129663361
10-30 11:34:23.362  4447  4504 I cr_omaha: Attempting to schedule next job for: Sun Oct 30 16:34:23 GMT+01:00 2022
10-30 11:34:23.366  4447  4447 I cr_omaha: Scheduled using JobService
10-30 11:34:23.366  4447  4447 E cr_BkgrdTaskJS: Tried finishing non-current BackgroundTask.
10-30 11:34:23.669  2434  2875 I Icing   : Usage reports ok 2, Failed Usage reports 0, indexed 1, rejected 0
10-30 11:34:23.677  2434  2875 W Icing   : No valid account for uploading user actions
10-30 11:34:23.756  2434  2875 I Icing   : Usage reports ok 0, Failed Usage reports 0, indexed 0, rejected 0
10-30 11:34:23.757  2434  2875 I Icing   : Indexing com.android.chrome-omnibox from com.android.chrome
10-30 11:34:23.921   787  1620 W Icing   : isOptedInForAppHistory: empty Account Name encountered
10-30 11:34:23.932   787  1620 W Icing   : isOptedInForAppHistory: empty Account Name encountered
10-30 11:34:23.953   787 26372 W Icing   : isOptedInForAppHistory: empty Account Name encountered
10-30 11:34:24.062  4447  4447 E cr_BTSPrefs: No data found for task id: 53
10-30 11:34:24.062  4447  4447 E cr_BkgrdTaskScheduler: Task cannot be canceled because no data was found instorage or data was invalid
10-30 11:34:24.216  2434  2875 W Icing   : No valid account for uploading user actions
10-30 11:34:24.239  2434  2875 I Icing   : Usage reports ok 1, Failed Usage reports 0, indexed 1, rejected 0
10-30 11:34:24.286  2434  2875 I Icing   : Indexing done com.android.chrome-omnibox
10-30 11:34:26.639  4447  4447 I cr_tabmodel: Appending tabs being restored to metadata lists, 0, startingNormalCount: 2, startingIncognitoCount: 0
10-30 11:34:26.640  4447  4447 I cr_tabmodel: Serializing tab lists; counts: 2, 0
10-30 11:34:26.754  4447  4447 I cr_tabmodel: Appending tabs being restored to metadata lists, 0, startingNormalCount: 2, startingIncognitoCount: 0
10-30 11:34:26.754  4447  4447 I cr_tabmodel: Serializing tab lists; counts: 2, 0
10-30 11:34:26.921  4447  4447 I cr_tabmodel: Appending tabs being restored to metadata lists, 0, startingNormalCount: 2, startingIncognitoCount: 0
10-30 11:34:26.921  4447  4447 I cr_tabmodel: Serializing tab lists; counts: 2, 0
10-30 11:34:28.593  4447  4447 E cr_BTSPrefs: No data found for task id: 57
10-30 11:34:28.594  4447  4447 E cr_BkgrdTaskScheduler: Task cannot be canceled because no data was found instorage or data was invalid
10-30 11:34:28.594  4447  4447 E cr_BTSPrefs: No data found for task id: 56
10-30 11:34:28.595  4447  4447 E cr_BkgrdTaskScheduler: Task cannot be canceled because no data was found instorage or data was invalid
10-30 11:34:33.936  5015  5015 D AndroidRuntime: >>>>>> START com.android.internal.os.RuntimeInit uid 2000 <<<<<<
10-30 11:34:33.940  5015  5015 D AndroidRuntime: CheckJNI is OFF
10-30 11:34:34.009  5015  5015 D ICU     : No timezone override file found: /data/misc/zoneinfo/current/icu/icu_tzdata.dat
10-30 11:34:34.041  5015  5015 I Radio-JNI: register_android_hardware_Radio DONE
10-30 11:34:34.056  5015  5015 D AndroidRuntime: Calling main entry com.android.commands.monkey.Monkey
10-30 11:34:34.126   600   613 W BroadcastQueue: Skipping deliver [background] BroadcastRecord{7dc43ac u-1 android.net.conn.CONNECTIVITY_CHANGE} to ReceiverList{86f6875 5015 (unknown name)/2000/u-1 remote:5da11fe}: process crashing
10-30 11:34:34.897   600   647 I WifiHAL : Got channel list with 13 channels
10-30 11:34:34.900   600   647 I WifiHAL : Got channel list with 4 channels
10-30 11:34:34.902   600   647 I WifiHAL : Got channel list with 15 channels
10-30 11:34:35.004   787  2058 I NetworkScheduler.Stats: Task com.google.android.gms/com.google.android.gms.measurement.PackageMeasurementTaskService started execution. cause:4 exec_start_elapsed_seconds: 78123 [CONTEXT service_id=218 ]
10-30 11:34:35.434  2434  2874 W FA-SVC  : Interrupted in onRunTask while uploading
10-30 11:34:35.477  5015  5015 D MonkeyStub: translateCommand: wake
10-30 11:34:35.601   787  1793 E NetworkScheduler.ATC: Called cancelTask for already completed task com.google.android.gms/.measurement.PackageMeasurementTaskService{u=0 tag="Measurement.PackageMeasurementTaskService.UPLOAD_TASK_TAG" trigger=window{start=77s,end=156s,earliest=-83s,latest=-4s} requirements=[NET_CONNECTED] attributes=[PERSISTED] scheduled=-160s last_run=0s jid=N/A status=ACTIVE retries=0 client_lib=GMS_TASK_SCHEDULER-203915000} :1 [CONTEXT service_id=218 ]
10-30 11:34:35.641  5015  5015 D MonkeyStub: translateCommand: touch down 432 1772
10-30 11:34:35.684  5015  5015 D MonkeyStub: translateCommand: touch move 432 1772
10-30 11:34:35.865  5015  5015 D MonkeyStub: translateCommand: touch move 432 1630
10-30 11:34:35.905   787  2058 E NetworkScheduler.ATC: Called cancelTask for already completed task com.google.android.gms/.measurement.PackageMeasurementTaskService{u=0 tag="Measurement.PackageMeasurementTaskService.UPLOAD_TASK_TAG" trigger=window{start=77s,end=156s,earliest=-84s,latest=-5s} requirements=[NET_CONNECTED] attributes=[PERSISTED] scheduled=-161s last_run=0s jid=N/A status=ACTIVE retries=0 client_lib=GMS_TASK_SCHEDULER-203915000} :1 [CONTEXT service_id=218 ]
10-30 11:34:35.972  5015  5015 D MonkeyStub: translateCommand: touch move 432 1488
10-30 11:34:36.076  5015  5015 D MonkeyStub: translateCommand: touch move 432 1347
10-30 11:34:36.119   787  2058 E NetworkScheduler.ATC: Called cancelTask for already completed task com.google.android.gms/.measurement.PackageMeasurementTaskService{u=0 tag="Measurement.PackageMeasurementTaskService.UPLOAD_TASK_TAG" trigger=window{start=77s,end=156s,earliest=-84s,latest=-5s} requirements=[NET_CONNECTED] attributes=[PERSISTED] scheduled=-161s last_run=-1s jid=N/A status=ACTIVE retries=0 client_lib=GMS_TASK_SCHEDULER-203915000} :1 [CONTEXT service_id=218 ]
10-30 11:34:36.180  5015  5015 D MonkeyStub: translateCommand: touch move 432 1205
10-30 11:34:36.282   787  1793 E NetworkScheduler.ATC: Called cancelTask for already completed task com.google.android.gms/.measurement.PackageMeasurementTaskService{u=0 tag="Measurement.PackageMeasurementTaskService.UPLOAD_TASK_TAG" trigger=window{start=77s,end=156s,earliest=-84s,latest=-5s} requirements=[NET_CONNECTED] attributes=[PERSISTED] scheduled=-161s last_run=-1s jid=N/A status=ACTIVE retries=0 client_lib=GMS_TASK_SCHEDULER-203915000} :1 [CONTEXT service_id=218 ]
10-30 11:34:36.284  5015  5015 D MonkeyStub: translateCommand: touch move 432 1063
10-30 11:34:36.396  5015  5015 D MonkeyStub: translateCommand: touch move 432 921
10-30 11:34:36.478   787  2058 E NetworkScheduler.ATC: Called cancelTask for already completed task com.google.android.gms/.measurement.PackageMeasurementTaskService{u=0 tag="Measurement.PackageMeasurementTaskService.UPLOAD_TASK_TAG" trigger=window{start=77s,end=156s,earliest=-84s,latest=-5s} requirements=[NET_CONNECTED] attributes=[PERSISTED] scheduled=-161s last_run=-1s jid=N/A status=ACTIVE retries=0 client_lib=GMS_TASK_SCHEDULER-203915000} :1 [CONTEXT service_id=218 ]
10-30 11:34:36.510  5015  5015 D MonkeyStub: translateCommand: touch move 432 779
10-30 11:34:36.620  5015  5015 D MonkeyStub: translateCommand: touch move 432 638
10-30 11:34:36.689   787  1793 E NetworkScheduler.ATC: Called cancelTask for already completed task com.google.android.gms/.measurement.PackageMeasurementTaskService{u=0 tag="Measurement.PackageMeasurementTaskService.UPLOAD_TASK_TAG" trigger=window{start=77s,end=156s,earliest=-84s,latest=-5s} requirements=[NET_CONNECTED] attributes=[PERSISTED] scheduled=-161s last_run=-1s jid=N/A status=ACTIVE retries=0 client_lib=GMS_TASK_SCHEDULER-203915000} :1 [CONTEXT service_id=218 ]
10-30 11:34:36.728  5015  5015 D MonkeyStub: translateCommand: touch move 432 496
10-30 11:34:36.839  5015  5015 D MonkeyStub: translateCommand: touch move 432 354
10-30 11:34:36.849  5015  5015 D MonkeyStub: translateCommand: touch up 432 354
10-30 11:34:36.871   787 26372 E NetworkScheduler.ATC: Called cancelTask for already completed task com.google.android.gms/.measurement.PackageMeasurementTaskService{u=0 tag="Measurement.PackageMeasurementTaskService.UPLOAD_TASK_TAG" trigger=window{start=77s,end=156s,earliest=-85s,latest=-6s} requirements=[NET_CONNECTED] attributes=[PERSISTED] scheduled=-162s last_run=-1s jid=N/A status=ACTIVE retries=0 client_lib=GMS_TASK_SCHEDULER-203915000} :1 [CONTEXT service_id=218 ]
10-30 11:34:36.890  5015  5015 D MonkeyStub: translateCommand: touch down 432 1772
10-30 11:34:36.893  5015  5015 D MonkeyStub: translateCommand: touch move 432 1772
10-30 11:34:37.007  5015  5015 D MonkeyStub: translateCommand: touch move 432 1630
10-30 11:34:37.123  5015  5015 D MonkeyStub: translateCommand: touch move 432 1488
10-30 11:34:37.215   787  1793 E NetworkScheduler.ATC: Called cancelTask for already completed task com.google.android.gms/.measurement.PackageMeasurementTaskService{u=0 tag="Measurement.PackageMeasurementTaskService.UPLOAD_TASK_TAG" trigger=window{start=77s,end=156s,earliest=-85s,latest=-6s} requirements=[NET_CONNECTED] attributes=[PERSISTED] scheduled=-162s last_run=-2s jid=N/A status=ACTIVE retries=0 client_lib=GMS_TASK_SCHEDULER-203915000} :1 [CONTEXT service_id=218 ]
10-30 11:34:37.228  5015  5015 D MonkeyStub: translateCommand: touch move 432 1347
10-30 11:34:37.337  5015  5015 D MonkeyStub: translateCommand: touch move 432 1205
10-30 11:34:37.389   787  1793 E NetworkScheduler.ATC: Called cancelTask for already completed task com.google.android.gms/.measurement.PackageMeasurementTaskService{u=0 tag="Measurement.PackageMeasurementTaskService.UPLOAD_TASK_TAG" trigger=window{start=77s,end=156s,earliest=-85s,latest=-6s} requirements=[NET_CONNECTED] attributes=[PERSISTED] scheduled=-162s last_run=-2s jid=N/A status=ACTIVE retries=0 client_lib=GMS_TASK_SCHEDULER-203915000} :1 [CONTEXT service_id=218 ]
10-30 11:34:37.445  5015  5015 D MonkeyStub: translateCommand: touch move 432 1063
10-30 11:34:37.548   787  2058 E NetworkScheduler.ATC: Called cancelTask for already completed task com.google.android.gms/.measurement.PackageMeasurementTaskService{u=0 tag="Measurement.PackageMeasurementTaskService.UPLOAD_TASK_TAG" trigger=window{start=77s,end=156s,earliest=-85s,latest=-6s} requirements=[NET_CONNECTED] attributes=[PERSISTED] scheduled=-162s last_run=-2s jid=N/A status=ACTIVE retries=0 client_lib=GMS_TASK_SCHEDULER-203915000} :1 [CONTEXT service_id=218 ]
10-30 11:34:37.553  5015  5015 D MonkeyStub: translateCommand: touch move 432 921
10-30 11:34:37.662  5015  5015 D MonkeyStub: translateCommand: touch move 432 779
10-30 11:34:37.717   787  1793 E NetworkScheduler.ATC: Called cancelTask for already completed task com.google.android.gms/.measurement.PackageMeasurementTaskService{u=0 tag="Measurement.PackageMeasurementTaskService.UPLOAD_TASK_TAG" trigger=window{start=77s,end=156s,earliest=-85s,latest=-6s} requirements=[NET_CONNECTED] attributes=[PERSISTED] scheduled=-162s last_run=-2s jid=N/A status=ACTIVE retries=0 client_lib=GMS_TASK_SCHEDULER-203915000} :1 [CONTEXT service_id=218 ]
10-30 11:34:37.772  5015  5015 D MonkeyStub: translateCommand: touch move 432 638
10-30 11:34:37.851   787  2058 E NetworkScheduler.ATC: Called cancelTask for already completed task com.google.android.gms/.measurement.PackageMeasurementTaskService{u=0 tag="Measurement.PackageMeasurementTaskService.UPLOAD_TASK_TAG" trigger=window{start=77s,end=156s,earliest=-86s,latest=-7s} requirements=[NET_CONNECTED] attributes=[PERSISTED] scheduled=-163s last_run=-2s jid=N/A status=ACTIVE retries=0 client_lib=GMS_TASK_SCHEDULER-203915000} :1 [CONTEXT service_id=218 ]
10-30 11:34:37.886  5015  5015 D MonkeyStub: translateCommand: touch move 432 496
10-30 11:34:37.992  5015  5015 D MonkeyStub: translateCommand: touch move 432 354
10-30 11:34:37.999  5015  5015 D MonkeyStub: translateCommand: touch up 432 354
10-30 11:34:38.007   787  1793 E NetworkScheduler.ATC: Called cancelTask for already completed task com.google.android.gms/.measurement.PackageMeasurementTaskService{u=0 tag="Measurement.PackageMeasurementTaskService.UPLOAD_TASK_TAG" trigger=window{start=77s,end=156s,earliest=-86s,latest=-7s} requirements=[NET_CONNECTED] attributes=[PERSISTED] scheduled=-163s last_run=-3s jid=N/A status=ACTIVE retries=0 client_lib=GMS_TASK_SCHEDULER-203915000} :1 [CONTEXT service_id=218 ]
10-30 11:34:38.035  5015  5015 D MonkeyStub: translateCommand: touch down 432 1772
10-30 11:34:38.042  5015  5015 D MonkeyStub: translateCommand: touch move 432 1772
10-30 11:34:38.055   787 26372 E NetworkScheduler.ATC: Called cancelTask for already completed task com.google.android.gms/.measurement.PackageMeasurementTaskService{u=0 tag="Measurement.PackageMeasurementTaskService.UPLOAD_TASK_TAG" trigger=window{start=77s,end=156s,earliest=-86s,latest=-7s} requirements=[NET_CONNECTED] attributes=[PERSISTED] scheduled=-163s last_run=-3s jid=N/A status=ACTIVE retries=0 client_lib=GMS_TASK_SCHEDULER-203915000} :1 [CONTEXT service_id=218 ]
10-30 11:34:38.153  5015  5015 D MonkeyStub: translateCommand: touch move 432 1630
10-30 11:34:38.260  5015  5015 D MonkeyStub: translateCommand: touch move 432 1488
10-30 11:34:38.372  5015  5015 D MonkeyStub: translateCommand: touch move 432 1347
10-30 11:34:38.480  5015  5015 D MonkeyStub: translateCommand: touch move 432 1205
10-30 11:34:38.589  5015  5015 D MonkeyStub: translateCommand: touch move 432 1063
10-30 11:34:38.710  5015  5015 D MonkeyStub: translateCommand: touch move 432 921
10-30 11:34:38.820  5015  5015 D MonkeyStub: translateCommand: touch move 432 779
10-30 11:34:38.952  5015  5015 D MonkeyStub: translateCommand: touch move 432 638
10-30 11:34:39.063  5015  5015 D MonkeyStub: translateCommand: touch move 432 496
10-30 11:34:39.177  5015  5015 D MonkeyStub: translateCommand: touch move 432 354
10-30 11:34:39.181  5015  5015 D MonkeyStub: translateCommand: touch up 432 354
10-30 11:34:43.224  5015  5015 D MonkeyStub: translateCommand: tap 405 550
10-30 11:34:51.266  5015  5015 D MonkeyStub: translateCommand: touch down 432 1772
10-30 11:34:51.278  5015  5015 D MonkeyStub: translateCommand: touch move 432 1772
10-30 11:34:51.390  5015  5015 D MonkeyStub: translateCommand: touch move 432 1630
10-30 11:34:51.513  5015  5015 D MonkeyStub: translateCommand: touch move 432 1488
10-30 11:34:51.622  5015  5015 D MonkeyStub: translateCommand: touch move 432 1347
10-30 11:34:51.663  2434  2888 I Icing   : IndexChimeraService.getServiceInterface callingPackage=com.android.chrome componentName=null serviceId=36
10-30 11:34:51.683  2434  2875 W Icing   : No valid account for uploading user actions
10-30 11:34:51.704  2434  2888 I Icing   : IndexChimeraService.getServiceInterface callingPackage=com.google.android.gms componentName=null serviceId=30
10-30 11:34:51.712  2434  2875 I Icing   : Usage reports ok 0, Failed Usage reports 0, indexed 0, rejected 0
10-30 11:34:51.727  2434  2875 W Icing   : No valid account for uploading user actions
10-30 11:34:51.732  5015  5015 D MonkeyStub: translateCommand: touch move 432 1205
10-30 11:34:51.736  2434  2875 I Icing   : Usage reports ok 0, Failed Usage reports 0, indexed 0, rejected 0
10-30 11:34:51.737  2434  2875 I Icing   : Indexing com.android.chrome-omnibox from com.android.chrome
10-30 11:34:51.745  2434  2875 I Icing   : Indexing done com.android.chrome-omnibox
10-30 11:34:51.842  5015  5015 D MonkeyStub: translateCommand: touch move 432 1063
10-30 11:34:51.947  5015  5015 D MonkeyStub: translateCommand: touch move 432 921
10-30 11:34:52.057  5015  5015 D MonkeyStub: translateCommand: touch move 432 779
10-30 11:34:52.169  5015  5015 D MonkeyStub: translateCommand: touch move 432 638
10-30 11:34:52.276  5015  5015 D MonkeyStub: translateCommand: touch move 432 496
10-30 11:34:52.380  5015  5015 D MonkeyStub: translateCommand: touch move 432 354
10-30 11:34:52.384  5015  5015 D MonkeyStub: translateCommand: touch up 432 354
10-30 11:34:52.406  5015  5015 D MonkeyStub: translateCommand: touch down 432 1772
10-30 11:34:52.410  5015  5015 D MonkeyStub: translateCommand: touch move 432 1772
10-30 11:34:52.516  5015  5015 D MonkeyStub: translateCommand: touch move 432 1630
10-30 11:34:52.646  5015  5015 D MonkeyStub: translateCommand: touch move 432 1488
10-30 11:34:52.761  5015  5015 D MonkeyStub: translateCommand: touch move 432 1347
10-30 11:34:52.872  5015  5015 D MonkeyStub: translateCommand: touch move 432 1205
10-30 11:34:52.976  5015  5015 D MonkeyStub: translateCommand: touch move 432 1063
10-30 11:34:53.090  5015  5015 D MonkeyStub: translateCommand: touch move 432 921
10-30 11:34:53.202  5015  5015 D MonkeyStub: translateCommand: touch move 432 779
10-30 11:34:53.314  5015  5015 D MonkeyStub: translateCommand: touch move 432 638
10-30 11:34:53.419  5015  5015 D MonkeyStub: translateCommand: touch move 432 496
10-30 11:34:53.525  5015  5015 D MonkeyStub: translateCommand: touch move 432 354
10-30 11:34:53.528  5015  5015 D MonkeyStub: translateCommand: touch up 432 354
10-30 11:34:59.154   600   610 I ActivityManager: Start proc 5064:com.android.chrome:sandboxed_process22/u0i369 for service com.android.chrome/org.chromium.content.app.SandboxedProcessService22
10-30 11:34:59.200  5064  5064 W boxed_process22: type=1400 audit(0.0:5638): avc: denied { getattr } for path="/data/data/com.android.chrome" dev="dm-2" ino=12190 scontext=u:r:isolated_app:s0:c512,c768 tcontext=u:object_r:app_data_file:s0:c512,c768 tclass=dir permissive=0
10-30 11:34:59.222  5064  5064 I cr_ChildProcessService: Creating new ChildProcessService pid=5064
10-30 11:34:59.261  5064  5077 I cr_LibraryLoader: Loaded native library version number "85.0.4183.127"
10-30 11:34:59.261  5064  5077 I cr_CachingUmaRecorder: Flushed 1 samples from 1 histograms.
10-30 11:34:59.273  5077  5077 W CrUtilityMain: type=1400 audit(0.0:5639): avc: denied { setattr } for name="LICENSE.txt" dev="dm-2" ino=59899 scontext=u:r:isolated_app:s0:c512,c768 tcontext=u:object_r:app_data_file:s0:c512,c768 tclass=file permissive=0
10-30 11:34:59.273  5077  5077 W CrUtilityMain: type=1400 audit(0.0:5640): avc: denied { setattr } for name=46696C746572696E672052756C6573 dev="dm-2" ino=56930 scontext=u:r:isolated_app:s0:c512,c768 tcontext=u:object_r:app_data_file:s0:c512,c768 tclass=file permissive=0
10-30 11:34:59.273  5077  5077 W CrUtilityMain: type=1400 audit(0.0:5641): avc: denied { setattr } for name="manifest.json" dev="dm-2" ino=22423 scontext=u:r:isolated_app:s0:c512,c768 tcontext=u:object_r:app_data_file:s0:c512,c768 tclass=file permissive=0
10-30 11:34:59.277  5077  5077 W CrUtilityMain: type=1400 audit(0.0:5642): avc: denied { setattr } for name="verified_contents.json" dev="dm-2" ino=50811 scontext=u:r:isolated_app:s0:c512,c768 tcontext=u:object_r:app_data_file:s0:c512,c768 tclass=file permissive=0
10-30 11:34:59.286  5064  5077 I chromium: [INFO:child_process_service.cc(69)] ChildProcessService: Exiting child process.
10-30 11:34:59.290   197   197 E lowmemorykiller: Error writing /proc/5064/oom_score_adj; errno=22
10-30 11:34:59.306   600  3507 I ActivityManager: Process com.android.chrome:sandboxed_process22 (pid 5064) has died
10-30 11:34:59.307   600  3507 D ActivityManager: cleanUpApplicationRecord -- 5064
10-30 11:34:59.311  4447  4447 W chromium: [WARNING:compositor_view.cc(315)] Child process died (type=6) pid=5064)
10-30 11:35:00.100   600  7064 I ActivityManager: Start proc 5081:com.android.chrome:sandboxed_process23/u0i370 for service com.android.chrome/org.chromium.content.app.SandboxedProcessService23
10-30 11:35:00.140  5081  5081 W boxed_process23: type=1400 audit(0.0:5643): avc: denied { getattr } for path="/data/data/com.android.chrome" dev="dm-2" ino=12190 scontext=u:r:isolated_app:s0:c512,c768 tcontext=u:object_r:app_data_file:s0:c512,c768 tclass=dir permissive=0
10-30 11:35:00.162  5081  5081 I cr_ChildProcessService: Creating new ChildProcessService pid=5081
10-30 11:35:00.198  5081  5094 I cr_LibraryLoader: Loaded native library version number "85.0.4183.127"
10-30 11:35:00.198  5081  5094 I cr_CachingUmaRecorder: Flushed 1 samples from 1 histograms.
10-30 11:35:00.230  5094  5094 W CrUtilityMain: type=1400 audit(0.0:5644): avc: denied { setattr } for name="tl_en-us_2022-10-17_483521407_100000_index.bin" dev="dm-2" ino=57159 scontext=u:r:isolated_app:s0:c512,c768 tcontext=u:object_r:app_data_file:s0:c512,c768 tclass=file permissive=0
10-30 11:35:00.230  5094  5094 W CrUtilityMain: type=1400 audit(0.0:5645): avc: denied { setattr } for name="manifest.json" dev="dm-2" ino=50988 scontext=u:r:isolated_app:s0:c512,c768 tcontext=u:object_r:app_data_file:s0:c512,c768 tclass=file permissive=0
10-30 11:35:00.233  5094  5094 W CrUtilityMain: type=1400 audit(0.0:5646): avc: denied { setattr } for name="verified_contents.json" dev="dm-2" ino=41471 scontext=u:r:isolated_app:s0:c512,c768 tcontext=u:object_r:app_data_file:s0:c512,c768 tclass=file permissive=0
10-30 11:35:00.241  5081  5094 I chromium: [INFO:child_process_service.cc(69)] ChildProcessService: Exiting child process.
10-30 11:35:00.243   197   197 E lowmemorykiller: Error writing /proc/5081/oom_score_adj; errno=22
10-30 11:35:00.257   600  2707 I ActivityManager: Process com.android.chrome:sandboxed_process23 (pid 5081) has died
10-30 11:35:00.257   600  2707 D ActivityManager: cleanUpApplicationRecord -- 5081
10-30 11:35:00.261  4447  4447 W chromium: [WARNING:compositor_view.cc(315)] Child process died (type=6) pid=5081)
10-30 11:35:00.799   198   198 E SELinux : avc:  denied  { find } for service=netd pid=5101 uid=2000 scontext=u:r:shell:s0 tcontext=u:object_r:netd_service:s0 tclass=service_manager permissive=0
10-30 11:35:00.804   198   198 E SELinux : avc:  denied  { find } for service=android.service.gatekeeper.IGateKeeperService pid=5101 uid=2000 scontext=u:r:shell:s0 tcontext=u:object_r:gatekeeper_service:s0 tclass=service_manager permissive=0
10-30 11:35:01.298   600  2707 I ActivityManager: Start proc 5103:com.android.chrome:sandboxed_process24/u0i371 for service com.android.chrome/org.chromium.content.app.SandboxedProcessService24
10-30 11:35:01.360  5103  5103 W boxed_process24: type=1400 audit(0.0:5647): avc: denied { getattr } for path="/data/data/com.android.chrome" dev="dm-2" ino=12190 scontext=u:r:isolated_app:s0:c512,c768 tcontext=u:object_r:app_data_file:s0:c512,c768 tclass=dir permissive=0
10-30 11:35:01.392  5103  5103 I cr_ChildProcessService: Creating new ChildProcessService pid=5103
10-30 11:35:01.450  5103  5116 I cr_LibraryLoader: Loaded native library version number "85.0.4183.127"
10-30 11:35:01.451  5103  5116 I cr_CachingUmaRecorder: Flushed 1 samples from 1 histograms.
10-30 11:35:01.470  5116  5116 W CrUtilityMain: type=1400 audit(0.0:5648): avc: denied { setattr } for name="optimization-hints.pb" dev="dm-2" ino=57660 scontext=u:r:isolated_app:s0:c512,c768 tcontext=u:object_r:app_data_file:s0:c512,c768 tclass=file permissive=0
10-30 11:35:01.470  5116  5116 W CrUtilityMain: type=1400 audit(0.0:5649): avc: denied { setattr } for name="manifest.json" dev="dm-2" ino=45066 scontext=u:r:isolated_app:s0:c512,c768 tcontext=u:object_r:app_data_file:s0:c512,c768 tclass=file permissive=0
10-30 11:35:01.473  5116  5116 W CrUtilityMain: type=1400 audit(0.0:5650): avc: denied { setattr } for name="verified_contents.json" dev="dm-2" ino=22531 scontext=u:r:isolated_app:s0:c512,c768 tcontext=u:object_r:app_data_file:s0:c512,c768 tclass=file permissive=0
10-30 11:35:01.489  5103  5103 I cr_ChildProcessService: Destroying ChildProcessService pid=5103
10-30 11:35:01.492  5103  5116 I chromium: [INFO:child_process_service.cc(69)] ChildProcessService: Exiting child process.
10-30 11:35:01.514   600  7064 I ActivityManager: Process com.android.chrome:sandboxed_process24 (pid 5103) has died
10-30 11:35:01.514   600  7064 D ActivityManager: cleanUpApplicationRecord -- 5103
10-30 11:35:01.516  4447  4447 W chromium: [WARNING:compositor_view.cc(315)] Child process died (type=6) pid=5103)
10-30 11:35:01.591  5015  5015 D MonkeyStub: translateCommand: touch down 432 1772
10-30 11:35:01.599  5015  5015 D MonkeyStub: translateCommand: touch move 432 1772
10-30 11:35:01.710  5015  5015 D MonkeyStub: translateCommand: touch move 432 1630
10-30 11:35:01.823  5015  5015 D MonkeyStub: translateCommand: touch move 432 1488
10-30 11:35:01.932  5015  5015 D MonkeyStub: translateCommand: touch move 432 1347
10-30 11:35:02.040  5015  5015 D MonkeyStub: translateCommand: touch move 432 1205
10-30 11:35:02.161  5015  5015 D MonkeyStub: translateCommand: touch move 432 1063
10-30 11:35:02.270  5015  5015 D MonkeyStub: translateCommand: touch move 432 921
10-30 11:35:02.379  5015  5015 D MonkeyStub: translateCommand: touch move 432 779
10-30 11:35:02.492  5015  5015 D MonkeyStub: translateCommand: touch move 432 638
10-30 11:35:02.601  5015  5015 D MonkeyStub: translateCommand: touch move 432 496
10-30 11:35:02.706  5015  5015 D MonkeyStub: translateCommand: touch move 432 354
10-30 11:35:02.712  5015  5015 D MonkeyStub: translateCommand: touch up 432 354
10-30 11:35:02.740  5015  5015 D MonkeyStub: translateCommand: touch down 432 1772
10-30 11:35:02.753  5015  5015 D MonkeyStub: translateCommand: touch move 432 1772
10-30 11:35:02.795   600  3507 I ActivityManager: Start proc 5123:com.android.chrome:sandboxed_process25/u0i372 for service com.android.chrome/org.chromium.content.app.SandboxedProcessService25
10-30 11:35:02.830  5123  5123 W boxed_process25: type=1400 audit(0.0:5651): avc: denied { getattr } for path="/data/data/com.android.chrome" dev="dm-2" ino=12190 scontext=u:r:isolated_app:s0:c512,c768 tcontext=u:object_r:app_data_file:s0:c512,c768 tclass=dir permissive=0
10-30 11:35:02.854  5123  5123 I cr_ChildProcessService: Creating new ChildProcessService pid=5123
10-30 11:35:02.863  5015  5015 D MonkeyStub: translateCommand: touch move 432 1630
10-30 11:35:02.914  5123  5136 I cr_LibraryLoader: Loaded native library version number "85.0.4183.127"
10-30 11:35:02.915  5123  5136 I cr_CachingUmaRecorder: Flushed 1 samples from 1 histograms.
10-30 11:35:02.927  5136  5136 W CrUtilityMain: type=1400 audit(0.0:5652): avc: denied { setattr } for name="crl-set" dev="dm-2" ino=22949 scontext=u:r:isolated_app:s0:c512,c768 tcontext=u:object_r:app_data_file:s0:c512,c768 tclass=file permissive=0
10-30 11:35:02.927  5136  5136 W CrUtilityMain: type=1400 audit(0.0:5653): avc: denied { setattr } for name="manifest.json" dev="dm-2" ino=54691 scontext=u:r:isolated_app:s0:c512,c768 tcontext=u:object_r:app_data_file:s0:c512,c768 tclass=file permissive=0
10-30 11:35:02.930  5136  5136 W CrUtilityMain: type=1400 audit(0.0:5654): avc: denied { setattr } for name="LICENSE" dev="dm-2" ino=45483 scontext=u:r:isolated_app:s0:c512,c768 tcontext=u:object_r:app_data_file:s0:c512,c768 tclass=file permissive=0
10-30 11:35:02.930  5136  5136 W CrUtilityMain: type=1400 audit(0.0:5655): avc: denied { setattr } for name="verified_contents.json" dev="dm-2" ino=23149 scontext=u:r:isolated_app:s0:c512,c768 tcontext=u:object_r:app_data_file:s0:c512,c768 tclass=file permissive=0
10-30 11:35:02.940  5123  5136 I chromium: [INFO:child_process_service.cc(69)] ChildProcessService: Exiting child process.
10-30 11:35:02.942   197   197 E lowmemorykiller: Error writing /proc/5123/oom_score_adj; errno=22
10-30 11:35:02.962  4447  4447 W chromium: [WARNING:compositor_view.cc(315)] Child process died (type=6) pid=5123)
10-30 11:35:02.962   600   611 I ActivityManager: Process com.android.chrome:sandboxed_process25 (pid 5123) has died
10-30 11:35:02.962   600   611 D ActivityManager: cleanUpApplicationRecord -- 5123
10-30 11:35:03.000  5015  5015 D MonkeyStub: translateCommand: touch move 432 1488
10-30 11:35:03.105  5015  5015 D MonkeyStub: translateCommand: touch move 432 1347
10-30 11:35:03.214  5015  5015 D MonkeyStub: translateCommand: touch move 432 1205
10-30 11:35:03.324  5015  5015 D MonkeyStub: translateCommand: touch move 432 1063
10-30 11:35:03.429  5015  5015 D MonkeyStub: translateCommand: touch move 432 921
10-30 11:35:03.542  5015  5015 D MonkeyStub: translateCommand: touch move 432 779
10-30 11:35:03.649  5015  5015 D MonkeyStub: translateCommand: touch move 432 638
10-30 11:35:03.757  5015  5015 D MonkeyStub: translateCommand: touch move 432 496
10-30 11:35:03.865  5015  5015 D MonkeyStub: translateCommand: touch move 432 354
10-30 11:35:03.869  5015  5015 D MonkeyStub: translateCommand: touch up 432 354
10-30 11:35:04.455   600   707 I ActivityManager: Start proc 5140:com.android.chrome:sandboxed_process26/u0i373 for service com.android.chrome/org.chromium.content.app.SandboxedProcessService26
10-30 11:35:04.507  5140  5140 W boxed_process26: type=1400 audit(0.0:5656): avc: denied { getattr } for path="/data/data/com.android.chrome" dev="dm-2" ino=12190 scontext=u:r:isolated_app:s0:c512,c768 tcontext=u:object_r:app_data_file:s0:c512,c768 tclass=dir permissive=0
10-30 11:35:04.533  5140  5140 I cr_ChildProcessService: Creating new ChildProcessService pid=5140
10-30 11:35:04.572  5140  5153 I cr_LibraryLoader: Loaded native library version number "85.0.4183.127"
10-30 11:35:04.572  5140  5153 I cr_CachingUmaRecorder: Flushed 1 samples from 1 histograms.
10-30 11:35:04.583  5153  5153 W CrUtilityMain: type=1400 audit(0.0:5657): avc: denied { setattr } for name="manifest.json" dev="dm-2" ino=56909 scontext=u:r:isolated_app:s0:c512,c768 tcontext=u:object_r:app_data_file:s0:c512,c768 tclass=file permissive=0
10-30 11:35:04.587  5153  5153 W CrUtilityMain: type=1400 audit(0.0:5658): avc: denied { setattr } for name="verified_contents.json" dev="dm-2" ino=57280 scontext=u:r:isolated_app:s0:c512,c768 tcontext=u:object_r:app_data_file:s0:c512,c768 tclass=file permissive=0
10-30 11:35:04.596  5140  5153 I chromium: [INFO:child_process_service.cc(69)] ChildProcessService: Exiting child process.
10-30 11:35:04.596   197   197 E lowmemorykiller: Error writing /proc/5140/oom_score_adj; errno=22
10-30 11:35:04.610   600  7064 I ActivityManager: Process com.android.chrome:sandboxed_process26 (pid 5140) has died
10-30 11:35:04.610   600  7064 D ActivityManager: cleanUpApplicationRecord -- 5140
10-30 11:35:04.613  4447  4447 W chromium: [WARNING:compositor_view.cc(315)] Child process died (type=6) pid=5140)
10-30 11:35:06.327   600 29683 I ActivityManager: Start proc 5157:com.android.chrome:sandboxed_process27/u0i374 for service com.android.chrome/org.chromium.content.app.SandboxedProcessService27
10-30 11:35:06.363  5157  5157 W boxed_process27: type=1400 audit(0.0:5659): avc: denied { getattr } for path="/data/data/com.android.chrome" dev="dm-2" ino=12190 scontext=u:r:isolated_app:s0:c512,c768 tcontext=u:object_r:app_data_file:s0:c512,c768 tclass=dir permissive=0
10-30 11:35:06.389  5157  5157 I cr_ChildProcessService: Creating new ChildProcessService pid=5157
10-30 11:35:06.425  5157  5170 I cr_LibraryLoader: Loaded native library version number "85.0.4183.127"
10-30 11:35:06.426  5157  5170 I cr_CachingUmaRecorder: Flushed 1 samples from 1 histograms.
10-30 11:35:06.437  5170  5170 W CrUtilityMain: type=1400 audit(0.0:5660): avc: denied { setattr } for name="download_file_types.pb" dev="dm-2" ino=57133 scontext=u:r:isolated_app:s0:c512,c768 tcontext=u:object_r:app_data_file:s0:c512,c768 tclass=file permissive=0
10-30 11:35:06.440  5170  5170 W CrUtilityMain: type=1400 audit(0.0:5661): avc: denied { setattr } for name="manifest.json" dev="dm-2" ino=56771 scontext=u:r:isolated_app:s0:c512,c768 tcontext=u:object_r:app_data_file:s0:c512,c768 tclass=file permissive=0
10-30 11:35:06.440  5170  5170 W CrUtilityMain: type=1400 audit(0.0:5662): avc: denied { setattr } for name="verified_contents.json" dev="dm-2" ino=57323 scontext=u:r:isolated_app:s0:c512,c768 tcontext=u:object_r:app_data_file:s0:c512,c768 tclass=file permissive=0
10-30 11:35:06.450  5157  5170 I chromium: [INFO:child_process_service.cc(69)] ChildProcessService: Exiting child process.
10-30 11:35:06.470   600   713 I ActivityManager: Process com.android.chrome:sandboxed_process27 (pid 5157) has died
10-30 11:35:06.470   600   713 D ActivityManager: cleanUpApplicationRecord -- 5157
10-30 11:35:06.471  4447  4447 W chromium: [WARNING:compositor_view.cc(315)] Child process died (type=6) pid=5157)
10-30 11:35:08.398   600  1081 I ActivityManager: Start proc 5175:com.android.chrome:sandboxed_process28/u0i375 for service com.android.chrome/org.chromium.content.app.SandboxedProcessService28
10-30 11:35:08.433  5175  5175 W boxed_process28: type=1400 audit(0.0:5663): avc: denied { getattr } for path="/data/data/com.android.chrome" dev="dm-2" ino=12190 scontext=u:r:isolated_app:s0:c512,c768 tcontext=u:object_r:app_data_file:s0:c512,c768 tclass=dir permissive=0
10-30 11:35:08.459  5175  5175 I cr_ChildProcessService: Creating new ChildProcessService pid=5175
10-30 11:35:08.496  5175  5188 I cr_LibraryLoader: Loaded native library version number "85.0.4183.127"
10-30 11:35:08.496  5175  5188 I cr_CachingUmaRecorder: Flushed 1 samples from 1 histograms.
10-30 11:35:08.507  5188  5188 W CrUtilityMain: type=1400 audit(0.0:5664): avc: denied { setattr } for name="ssl_error_assistant.pb" dev="dm-2" ino=22651 scontext=u:r:isolated_app:s0:c512,c768 tcontext=u:object_r:app_data_file:s0:c512,c768 tclass=file permissive=0
10-30 11:35:08.507  5188  5188 W CrUtilityMain: type=1400 audit(0.0:5665): avc: denied { setattr } for name="manifest.json" dev="dm-2" ino=57620 scontext=u:r:isolated_app:s0:c512,c768 tcontext=u:object_r:app_data_file:s0:c512,c768 tclass=file permissive=0
10-30 11:35:08.510  5188  5188 W CrUtilityMain: type=1400 audit(0.0:5666): avc: denied { setattr } for name="verified_contents.json" dev="dm-2" ino=22810 scontext=u:r:isolated_app:s0:c512,c768 tcontext=u:object_r:app_data_file:s0:c512,c768 tclass=file permissive=0
10-30 11:35:08.518  5175  5188 I chromium: [INFO:child_process_service.cc(69)] ChildProcessService: Exiting child process.
10-30 11:35:08.536   600 17381 I ActivityManager: Process com.android.chrome:sandboxed_process28 (pid 5175) has died
10-30 11:35:08.536   600 17381 D ActivityManager: cleanUpApplicationRecord -- 5175
10-30 11:35:08.538  4447  4447 W chromium: [WARNING:compositor_view.cc(315)] Child process died (type=6) pid=5175)
10-30 11:35:09.050  5015  5015 D MonkeyStub: translateCommand: touch down 432 1772
10-30 11:35:09.061  5015  5015 D MonkeyStub: translateCommand: touch move 432 1772
10-30 11:35:09.173  5015  5015 D MonkeyStub: translateCommand: touch move 432 1630
10-30 11:35:09.283  5015  5015 D MonkeyStub: translateCommand: touch move 432 1488
10-30 11:35:09.395  5015  5015 D MonkeyStub: translateCommand: touch move 432 1347
10-30 11:35:09.503  5015  5015 D MonkeyStub: translateCommand: touch move 432 1205
10-30 11:35:09.614  5015  5015 D MonkeyStub: translateCommand: touch move 432 1063
10-30 11:35:09.734  5015  5015 D MonkeyStub: translateCommand: touch move 432 921
10-30 11:35:09.843  5015  5015 D MonkeyStub: translateCommand: touch move 432 779
10-30 11:35:09.954  5015  5015 D MonkeyStub: translateCommand: touch move 432 638
10-30 11:35:10.066  5015  5015 D MonkeyStub: translateCommand: touch move 432 496
10-30 11:35:10.179  5015  5015 D MonkeyStub: translateCommand: touch move 432 354
10-30 11:35:10.187  5015  5015 D MonkeyStub: translateCommand: touch up 432 354
10-30 11:35:10.195  5015  5015 D MonkeyStub: Quit requested
10-30 11:35:10.221   600   614 I CwMcuSensor: CwMcuSensor::flush: fd = 239, sensors_id = 0, path = /sys/class/htc_sensorhub/sensor_hub/flush, err = 0
10-30 11:35:10.239  5015  5015 I art     : System.exit called, status: 106
10-30 11:35:10.239  5015  5015 I AndroidRuntime: VM exiting with result code 106.
10-30 11:35:10.264   600  7064 W WindowManager: Attempted to remove non-existing token: android.os.Binder@c4defdc
10-30 11:35:10.659   600  3507 I ActivityManager: Start proc 5193:com.android.chrome:sandboxed_process29/u0i376 for service com.android.chrome/org.chromium.content.app.SandboxedProcessService29
10-30 11:35:10.717  5193  5193 W boxed_process29: type=1400 audit(0.0:5667): avc: denied { getattr } for path="/data/data/com.android.chrome" dev="dm-2" ino=12190 scontext=u:r:isolated_app:s0:c512,c768 tcontext=u:object_r:app_data_file:s0:c512,c768 tclass=dir permissive=0
10-30 11:35:10.743  5193  5193 I cr_ChildProcessService: Creating new ChildProcessService pid=5193
10-30 11:35:10.787  5193  5206 I cr_LibraryLoader: Loaded native library version number "85.0.4183.127"
10-30 11:35:10.787  5193  5206 I cr_CachingUmaRecorder: Flushed 1 samples from 1 histograms.
10-30 11:35:10.803  5206  5206 W CrUtilityMain: type=1400 audit(0.0:5668): avc: denied { setattr } for name="safety_tips.pb" dev="dm-2" ino=23232 scontext=u:r:isolated_app:s0:c512,c768 tcontext=u:object_r:app_data_file:s0:c512,c768 tclass=file permissive=0
10-30 11:35:10.803  5206  5206 W CrUtilityMain: type=1400 audit(0.0:5669): avc: denied { setattr } for name="manifest.json" dev="dm-2" ino=22527 scontext=u:r:isolated_app:s0:c512,c768 tcontext=u:object_r:app_data_file:s0:c512,c768 tclass=file permissive=0
10-30 11:35:10.803  5206  5206 W CrUtilityMain: type=1400 audit(0.0:5670): avc: denied { setattr } for name="verified_contents.json" dev="dm-2" ino=23788 scontext=u:r:isolated_app:s0:c512,c768 tcontext=u:object_r:app_data_file:s0:c512,c768 tclass=file permissive=0
10-30 11:35:10.822  5193  5206 I chromium: [INFO:child_process_service.cc(69)] ChildProcessService: Exiting child process.
10-30 11:35:10.822   197   197 E lowmemorykiller: Error writing /proc/5193/oom_score_adj; errno=22
10-30 11:35:10.836   600  3509 I ActivityManager: Process com.android.chrome:sandboxed_process29 (pid 5193) has died
10-30 11:35:10.836   600  3509 D ActivityManager: cleanUpApplicationRecord -- 5193
10-30 11:35:10.838  4447  4447 W chromium: [WARNING:compositor_view.cc(315)] Child process died (type=6) pid=5193)
10-30 11:35:13.216   600 17381 I ActivityManager: Start proc 5211:com.android.chrome:sandboxed_process30/u0i377 for service com.android.chrome/org.chromium.content.app.SandboxedProcessService30
10-30 11:35:13.287  5211  5211 W boxed_process30: type=1400 audit(0.0:5671): avc: denied { getattr } for path="/data/data/com.android.chrome" dev="dm-2" ino=12190 scontext=u:r:isolated_app:s0:c512,c768 tcontext=u:object_r:app_data_file:s0:c512,c768 tclass=dir permissive=0
10-30 11:35:13.319  5211  5211 I cr_ChildProcessService: Creating new ChildProcessService pid=5211
10-30 11:35:13.372  5211  5224 I cr_LibraryLoader: Loaded native library version number "85.0.4183.127"
10-30 11:35:13.372  5211  5224 I cr_CachingUmaRecorder: Flushed 1 samples from 1 histograms.
10-30 11:35:13.383  5224  5224 W CrUtilityMain: type=1400 audit(0.0:5672): avc: denied { setattr } for name=5072656C6F61642044617461 dev="dm-2" ino=24222 scontext=u:r:isolated_app:s0:c512,c768 tcontext=u:object_r:app_data_file:s0:c512,c768 tclass=file permissive=0
10-30 11:35:13.383  5224  5224 W CrUtilityMain: type=1400 audit(0.0:5673): avc: denied { setattr } for name="manifest.json" dev="dm-2" ino=24383 scontext=u:r:isolated_app:s0:c512,c768 tcontext=u:object_r:app_data_file:s0:c512,c768 tclass=file permissive=0
10-30 11:35:13.387  5224  5224 W CrUtilityMain: type=1400 audit(0.0:5674): avc: denied { setattr } for name="verified_contents.json" dev="dm-2" ino=24341 scontext=u:r:isolated_app:s0:c512,c768 tcontext=u:object_r:app_data_file:s0:c512,c768 tclass=file permissive=0
10-30 11:35:13.395  5211  5224 I chromium: [INFO:child_process_service.cc(69)] ChildProcessService: Exiting child process.
