--------- beginning of main
10-30 23:34:11.848  9094  9094 D AndroidRuntime: >>>>>> START com.android.internal.os.RuntimeInit uid 2000 <<<<<<
10-30 23:34:11.852  9094  9094 D AndroidRuntime: CheckJNI is OFF
10-30 23:34:11.926  9094  9094 D ICU     : No timezone override file found: /data/misc/zoneinfo/current/icu/icu_tzdata.dat
10-30 23:34:11.960  9094  9094 I Radio-JNI: register_android_hardware_Radio DONE
10-30 23:34:11.977  9094  9094 D AndroidRuntime: Calling main entry com.android.commands.am.Am
--------- beginning of system
10-30 23:34:11.998   600  2707 I ActivityManager: Force stopping com.android.chrome appid=10035 user=0: from pid 9094
10-30 23:34:11.998   600  2707 I ActivityManager: Killing 9009:com.android.chrome/u0a35 (adj 902): stop com.android.chrome
10-30 23:34:11.998   600  2707 D ActivityManager: cleanUpApplicationRecord -- 9009
10-30 23:34:12.010  1061  1061 D RegisteredNfcFServicesCache: Service unchanged, not updating
10-30 23:34:12.255   600  6312 I ActivityManager: START u0 {act=android.intent.action.VIEW flg=0x10008000 cmp=com.android.chrome/com.google.android.apps.chrome.Main} from uid 2000 on display 0
10-30 23:34:12.280  9094  9094 D AndroidRuntime: Shutting down VM
10-30 23:34:12.316   600  3507 I ActivityManager: Start proc 9104:com.android.chrome/u0a35 for activity com.android.chrome/com.google.android.apps.chrome.Main
10-30 23:34:12.471   600 24611 I ActivityManager: START u0 {cmp=com.android.chrome/org.chromium.chrome.browser.firstrun.TabbedModeFirstRunActivity (has extras)} from uid 10035 on display 0
10-30 23:34:12.486  9104  9123 W DynamiteModule: Local module descriptor class for com.google.android.gms.googlecertificates not found.
10-30 23:34:12.620   787   804 I art     : Background partial concurrent mark sweep GC freed 62863(3MB) AllocSpace objects, 0(0B) LOS objects, 40% free, 12MB/20MB, paused 762us total 122.836ms
10-30 23:34:12.685   600   609 I art     : Background partial concurrent mark sweep GC freed 49432(2MB) AllocSpace objects, 8(176KB) LOS objects, 33% free, 16MB/25MB, paused 999us total 124.618ms
10-30 23:34:12.703  9104  9124 I cr_LibraryLoader: Loaded native library version number "85.0.4183.127"
10-30 23:34:12.714  9104  9125 I OpenGLRenderer: Initialized EGL, version 1.4
10-30 23:34:12.714  9104  9125 D OpenGLRenderer: Swap behavior 2
10-30 23:34:12.728  9104  9123 I DynamiteModule: Considering local module com.google.android.gms.googlecertificates:0 and remote module com.google.android.gms.googlecertificates:6
10-30 23:34:12.728  9104  9123 I DynamiteModule: Selected remote version of com.google.android.gms.googlecertificates, version >= 6
10-30 23:34:12.729  9104  9124 I cr_CachingUmaRecorder: Flushed 10 samples from 10 histograms.
10-30 23:34:12.762  9104  9123 W System  : ClassLoader referenced unknown path: 
10-30 23:34:12.763  9104  9123 D ApplicationLoaders: ignored Vulkan layer search path /data/app/com.google.android.gms-1/lib/arm:/data/app/com.google.android.gms-1/base.apk!/lib/armeabi-v7a:/data/app/com.google.android.gms-1/split_config.en.apk!/lib/armeabi-v7a for namespace 0xf4a47090
10-30 23:34:12.765  9104  9123 W ResourceType: ResTable_typeSpec entry count inconsistent: given 67, previously 69
10-30 23:34:12.765  9104  9123 W ResourceType: ResTable_typeSpec entry count inconsistent: given 5346, previously 5347
10-30 23:34:12.794  9104  9123 I DynamiteLoaderV2Impl: [70] Googlecertificates
10-30 23:34:12.814  9104  9123 W System  : ClassLoader referenced unknown path: /data/user_de/0/com.google.android.gms/app_chimera/m/00000061/n/armeabi-v7a
10-30 23:34:12.814  9104  9123 W System  : ClassLoader referenced unknown path: /data/user_de/0/com.google.android.gms/app_chimera/m/00000061/n/armeabi
10-30 23:34:12.834   600   620 W WindowManager: Failed looking up window
10-30 23:34:12.834   600   620 W WindowManager: java.lang.IllegalArgumentException: Requested window android.view.ViewRootImpl$W@87c24fa does not exist
10-30 23:34:12.834   600   620 W WindowManager: 	at com.android.server.wm.WindowManagerService.windowForClientLocked(WindowManagerService.java:9422)
10-30 23:34:12.834   600   620 W WindowManager: 	at com.android.server.wm.WindowManagerService.windowForClientLocked(WindowManagerService.java:9413)
10-30 23:34:12.834   600   620 W WindowManager: 	at com.android.server.wm.WindowManagerService.removeWindow(WindowManagerService.java:2393)
10-30 23:34:12.834   600   620 W WindowManager: 	at com.android.server.wm.Session.remove(Session.java:202)
10-30 23:34:12.834   600   620 W WindowManager: 	at android.view.ViewRootImpl.dispatchDetachedFromWindow(ViewRootImpl.java:3290)
10-30 23:34:12.834   600   620 W WindowManager: 	at android.view.ViewRootImpl.doDie(ViewRootImpl.java:5917)
10-30 23:34:12.834   600   620 W WindowManager: 	at android.view.ViewRootImpl$ViewRootHandler.handleMessage(ViewRootImpl.java:3626)
10-30 23:34:12.834   600   620 W WindowManager: 	at android.os.Handler.dispatchMessage(Handler.java:102)
10-30 23:34:12.834   600   620 W WindowManager: 	at android.os.Looper.loop(Looper.java:154)
10-30 23:34:12.834   600   620 W WindowManager: 	at android.os.HandlerThread.run(HandlerThread.java:61)
10-30 23:34:12.834   600   620 W WindowManager: 	at com.android.server.ServiceThread.run(ServiceThread.java:46)
10-30 23:34:12.875   600   620 I ActivityManager: Displayed com.android.chrome/org.chromium.chrome.browser.firstrun.TabbedModeFirstRunActivity: +360ms (total +596ms)
10-30 23:34:12.880  9104  9120 D NetworkSecurityConfig: Using Network Security Config from resource 0_resource_name_obfuscated debugBuild: false
10-30 23:34:12.901   787 28591 I FontLog : Received query Google Sans, URI content://com.google.android.gms.fonts [CONTEXT service_id=132 ]
10-30 23:34:12.901   787 28591 I FontLog : Query [Google Sans] resolved to {Google Sans, wdth 100.0, wght 400, ital 0.0, bestEffort false} [CONTEXT service_id=132 ]
10-30 23:34:12.902   787 28591 I FontLog : Font PFD returned from cache for {Google Sans, wdth 100.0, wght 400, ital 0.0, bestEffort false} [CONTEXT service_id=132 ]
10-30 23:34:12.902   787 28591 I FontLog : Fetch {Google Sans, wdth 100.0, wght 400, ital 0.0, bestEffort false} end status Status{statusCode=SUCCESS, resolution=null} [CONTEXT service_id=132 ]
10-30 23:34:12.920   787 28592 I FontLog : Pulling font file for id = 1362, cache size = 6 [CONTEXT service_id=132 ]
10-30 23:34:12.955   787  1259 E apju    : Phenotype API error. Event # cdub@d93548fb, EventCode: 7 [CONTEXT service_id=51 ]
10-30 23:34:12.955   787  1259 E apju    : apiz: 29505: No config packages for log source, or config package not registered
10-30 23:34:12.955   787  1259 E apju    : 	at apkj.b(:com.google.android.gms@203915020@20.39.15 (040406-335085812):7)
10-30 23:34:12.955   787  1259 E apju    : 	at apkg.b(:com.google.android.gms@203915020@20.39.15 (040406-335085812):2)
10-30 23:34:12.955   787  1259 E apju    : 	at apju.a(:com.google.android.gms@203915020@20.39.15 (040406-335085812):85)
10-30 23:34:12.955   787  1259 E apju    : 	at apju.a(:com.google.android.gms@203915020@20.39.15 (040406-335085812):80)
10-30 23:34:12.955   787  1259 E apju    : 	at aain.run(:com.google.android.gms@203915020@20.39.15 (040406-335085812):7)
10-30 23:34:12.955   787  1259 E apju    : 	at boex.run(:com.google.android.gms@203915020@20.39.15 (040406-335085812):2)
10-30 23:34:12.955   787  1259 E apju    : 	at sup.b(:com.google.android.gms@203915020@20.39.15 (040406-335085812):12)
10-30 23:34:12.955   787  1259 E apju    : 	at sup.run(:com.google.android.gms@203915020@20.39.15 (040406-335085812):7)
10-30 23:34:12.955   787  1259 E apju    : 	at java.util.concurrent.ThreadPoolExecutor.runWorker(ThreadPoolExecutor.java:1133)
10-30 23:34:12.955   787  1259 E apju    : 	at java.util.concurrent.ThreadPoolExecutor$Worker.run(ThreadPoolExecutor.java:607)
10-30 23:34:12.955   787  1259 E apju    : 	at tam.run(:com.google.android.gms@203915020@20.39.15 (040406-335085812):0)
10-30 23:34:12.955   787  1259 E apju    : 	at java.lang.Thread.run(Thread.java:761)
10-30 23:34:12.956   787  1259 E AsyncOperation: serviceID=51, operation=GetExperimentTokensOperationCall [CONTEXT service_id=259 ]
10-30 23:34:12.956   787  1259 E AsyncOperation: OperationException[Status{statusCode=No config packages for log source, or config package not registered, resolution=null}]
10-30 23:34:12.956   787  1259 E AsyncOperation: 	at apju.a(:com.google.android.gms@203915020@20.39.15 (040406-335085812):87)
10-30 23:34:12.956   787  1259 E AsyncOperation: 	at apju.a(:com.google.android.gms@203915020@20.39.15 (040406-335085812):80)
10-30 23:34:12.956   787  1259 E AsyncOperation: 	at aain.run(:com.google.android.gms@203915020@20.39.15 (040406-335085812):7)
10-30 23:34:12.956   787  1259 E AsyncOperation: 	at boex.run(:com.google.android.gms@203915020@20.39.15 (040406-335085812):2)
10-30 23:34:12.956   787  1259 E AsyncOperation: 	at sup.b(:com.google.android.gms@203915020@20.39.15 (040406-335085812):12)
10-30 23:34:12.956   787  1259 E AsyncOperation: 	at sup.run(:com.google.android.gms@203915020@20.39.15 (040406-335085812):7)
10-30 23:34:12.956   787  1259 E AsyncOperation: 	at java.util.concurrent.ThreadPoolExecutor.runWorker(ThreadPoolExecutor.java:1133)
10-30 23:34:12.956   787  1259 E AsyncOperation: 	at java.util.concurrent.ThreadPoolExecutor$Worker.run(ThreadPoolExecutor.java:607)
10-30 23:34:12.956   787  1259 E AsyncOperation: 	at tam.run(:com.google.android.gms@203915020@20.39.15 (040406-335085812):0)
10-30 23:34:12.956   787  1259 E AsyncOperation: 	at java.lang.Thread.run(Thread.java:761)
10-30 23:34:12.987   787   806 I FontLog : Received query Google Sans:500, URI content://com.google.android.gms.fonts [CONTEXT service_id=132 ]
10-30 23:34:12.987   787   806 I FontLog : Query [Google Sans:500] resolved to {Google Sans, wdth 100.0, wght 500, ital 0.0, bestEffort false} [CONTEXT service_id=132 ]
10-30 23:34:12.997   787   806 I FontLog : Font PFD returned from cache for {Google Sans, wdth 100.0, wght 500, ital 0.0, bestEffort false} [CONTEXT service_id=132 ]
10-30 23:34:12.998   787   806 I FontLog : Fetch {Google Sans, wdth 100.0, wght 500, ital 0.0, bestEffort false} end status Status{statusCode=SUCCESS, resolution=null} [CONTEXT service_id=132 ]
10-30 23:34:13.002   787  1174 I FontLog : Pulling font file for id = 1363, cache size = 7 [CONTEXT service_id=132 ]
10-30 23:34:13.102  7916  7916 I MemoryTrimmer: Trimming objects from memory, since app is in the background.
10-30 23:34:13.104  7916  7928 W SearchService: Abort, client detached.
10-30 23:34:13.109  1084  1084 I MemoryTrimmer: Trimming objects from memory, since app is in the background.
10-30 23:34:13.126  7916  8979 I DeviceStateChecker: DeviceStateChecker cancelled
10-30 23:34:13.128  7916  7916 I MicroDetector: Keeping mic open: false
10-30 23:34:13.129  7916  7973 I MicroRecognitionRunner: Stopping hotword detection.
10-30 23:34:13.129  7916  7964 I AudioController: internalShutdown
10-30 23:34:13.129  7916  7964 I MicrophoneInputStream: mic_close com.google.android.apps.gsa.speech.audio.ae@8e027b
10-30 23:34:13.138  9104  9120 I cr_VariationsSeedFetch: Fetched first run seed in 265 ms
10-30 23:34:13.150   238   285 I SoundTriggerHwService::Module: void android::SoundTriggerHwService::Module::onCallbackEvent(const sp<android::SoundTriggerHwService::CallbackEvent> &) mClient == 0
10-30 23:34:13.166   600 24611 I ActivityManager: Start proc 9140:com.android.chrome:sandboxed_process0/u0i193 for service com.android.chrome/org.chromium.content.app.SandboxedProcessService0
10-30 23:34:13.186  7916  8978 I MicroRecognitionRunner: Detection finished
10-30 23:34:13.214  9140  9140 W dboxed_process0: type=1400 audit(0.0:10588): avc: denied { getattr } for path="/data/data/com.android.chrome" dev="dm-2" ino=12190 scontext=u:r:isolated_app:s0:c512,c768 tcontext=u:object_r:app_data_file:s0:c512,c768 tclass=dir permissive=0
10-30 23:34:13.237  9140  9140 I cr_ChildProcessService: Creating new ChildProcessService pid=9140
10-30 23:34:13.284  7916  7916 I MemoryTrimmer: Trimming objects from memory, since app is in the background.
10-30 23:34:13.363   600 29683 I ActivityManager: Start proc 9166:com.android.chrome:privileged_process0/u0a35 for service com.android.chrome/org.chromium.content.app.PrivilegedProcessService0
10-30 23:34:13.466  9104  9127 W ConnectionStatusConfig: Dynamic lookup for intent failed for action: com.google.android.gms.auth.key.retrieval.service.START
10-30 23:34:13.483  9104  9127 W ConnectionStatusConfig: Dynamic lookup for intent failed for action: com.google.android.gms.auth.key.retrieval.service.START
10-30 23:34:13.484   600 29683 W ActivityManager: Unable to start service Intent { act=com.google.android.gms.auth.key.retrieval.service.START pkg=com.google.android.gms } U=0: not found
10-30 23:34:13.494   600  1080 W ActivityManager: Unbind failed: could not find connection for android.os.BinderProxy@f845036
10-30 23:34:13.495  9104  9127 E GmsClient: unable to connect to service: com.google.android.gms.auth.key.retrieval.service.START on com.google.android.gms
10-30 23:34:13.508  9166  9166 I cr_ChildProcessService: Creating new ChildProcessService pid=9166
10-30 23:34:13.556  9104  9104 W cr_KnoxSettingsProvider: Permission to read device policy denied.
10-30 23:34:13.567  9166  9183 I cr_LibraryLoader: Loaded native library version number "85.0.4183.127"
10-30 23:34:13.568  9166  9183 I cr_CachingUmaRecorder: Flushed 1 samples from 1 histograms.
10-30 23:34:13.598  9166  9183 E libEGL  : validate_display:99 error 3008 (EGL_BAD_DISPLAY)
10-30 23:34:23.263  7916  7916 I MemoryTrimmer: Trimming objects from memory, since app is in the background.
10-30 23:34:25.221  9209  9209 D AndroidRuntime: >>>>>> START com.android.internal.os.RuntimeInit uid 2000 <<<<<<
10-30 23:34:25.224  9209  9209 D AndroidRuntime: CheckJNI is OFF
10-30 23:34:25.287  9209  9209 D ICU     : No timezone override file found: /data/misc/zoneinfo/current/icu/icu_tzdata.dat
10-30 23:34:25.319  9209  9209 I Radio-JNI: register_android_hardware_Radio DONE
10-30 23:34:25.334  9209  9209 D AndroidRuntime: Calling main entry com.android.commands.monkey.Monkey
10-30 23:34:25.399   600   613 W BroadcastQueue: Skipping deliver [background] BroadcastRecord{427f379 u-1 android.net.conn.CONNECTIVITY_CHANGE} to ReceiverList{9c7b8be 9209 (unknown name)/2000/u-1 remote:5d067c3}: process crashing
10-30 23:34:27.004  9209  9209 D MonkeyStub: translateCommand: wake
10-30 23:34:27.113  9209  9209 D MonkeyStub: translateCommand: tap 398 1198
10-30 23:34:29.209  9209  9209 D MonkeyStub: translateCommand: tap 720 1506
10-30 23:34:29.390 12169 12181 I PeopleChimeraService: onService. callbacks = aaik@b4494db, request = com.google.android.gms.common.internal.GetServiceRequest@df04b78
10-30 23:34:29.410 12169 12286 I PeopleChimeraService: onService. callbacks = aaik@ac13ab6, request = com.google.android.gms.common.internal.GetServiceRequest@2eda3b7
10-30 23:34:29.433  9104  9114 I art     : Background partial concurrent mark sweep GC freed 4858(268KB) AllocSpace objects, 4(528KB) LOS objects, 39% free, 5MB/9MB, paused 11.096ms total 56.443ms
10-30 23:34:31.250  9209  9209 D MonkeyStub: translateCommand: tap 355 1480
10-30 23:34:31.268  9209  9209 D MonkeyStub: Quit requested
10-30 23:34:31.305   600   707 I ActivityManager: START u0 {act=android.intent.action.VIEW flg=0x10008000 cmp=com.android.chrome/com.google.android.apps.chrome.Main (has extras)} from uid 10035 on display 0
10-30 23:34:31.338  9209  9209 I art     : System.exit called, status: 6
10-30 23:34:31.338  9209  9209 I AndroidRuntime: VM exiting with result code 6.
10-30 23:34:31.339   600   614 I CwMcuSensor: CwMcuSensor::flush: fd = 252, sensors_id = 0, path = /sys/class/htc_sensorhub/sensor_hub/flush, err = 0
10-30 23:34:31.395   600 16391 W WindowManager: Attempted to remove non-existing token: android.os.Binder@547bd1f
10-30 23:34:31.400   600   600 E AccessibilityManagerService: Error during sending EventType: TYPE_WINDOW_STATE_CHANGED; EventTime: 103118733; PackageName: com.android.chrome; MovementGranularity: 0; Action: 0 [ ClassName: android.widget.FrameLayout; Text: []; ContentDescription: null; ItemCount: -1; CurrentItemIndex: -1; IsEnabled: true; IsPassword: false; IsChecked: false; IsFullScreen: false; Scrollable: false; BeforeText: null; FromIndex: -1; ToIndex: -1; ScrollX: -1; ScrollY: -1; MaxScrollX: -1; MaxScrollY: -1; AddedCount: -1; RemovedCount: -1; ParcelableData: null ]; recordCount: 0 to android.accessibilityservice.IAccessibilityServiceClient$Stub$Proxy@4684e88
10-30 23:34:31.400   600   600 E AccessibilityManagerService: android.os.DeadObjectException
10-30 23:34:31.400   600   600 E AccessibilityManagerService: 	at android.os.BinderProxy.transactNative(Native Method)
10-30 23:34:31.400   600   600 E AccessibilityManagerService: 	at android.os.BinderProxy.transact(Binder.java:615)
10-30 23:34:31.400   600   600 E AccessibilityManagerService: 	at android.accessibilityservice.IAccessibilityServiceClient$Stub$Proxy.onAccessibilityEvent(IAccessibilityServiceClient.java:191)
10-30 23:34:31.400   600   600 E AccessibilityManagerService: 	at com.android.server.accessibility.AccessibilityManagerService$Service.notifyAccessibilityEventInternal(AccessibilityManagerService.java:3245)
10-30 23:34:31.400   600   600 E AccessibilityManagerService: 	at com.android.server.accessibility.AccessibilityManagerService$Service.-wrap0(AccessibilityManagerService.java)
10-30 23:34:31.400   600   600 E AccessibilityManagerService: 	at com.android.server.accessibility.AccessibilityManagerService$Service$1.handleMessage(AccessibilityManagerService.java:2260)
10-30 23:34:31.400   600   600 E AccessibilityManagerService: 	at android.os.Handler.dispatchMessage(Handler.java:102)
10-30 23:34:31.400   600   600 E AccessibilityManagerService: 	at android.os.Looper.loop(Looper.java:154)
10-30 23:34:31.400   600   600 E AccessibilityManagerService: 	at com.android.server.SystemServer.run(SystemServer.java:349)
10-30 23:34:31.400   600   600 E AccessibilityManagerService: 	at com.android.server.SystemServer.main(SystemServer.java:219)
10-30 23:34:31.400   600   600 E AccessibilityManagerService: 	at java.lang.reflect.Method.invoke(Native Method)
10-30 23:34:31.400   600   600 E AccessibilityManagerService: 	at com.android.internal.os.ZygoteInit$MethodAndArgsCaller.run(ZygoteInit.java:886)
10-30 23:34:31.400   600   600 E AccessibilityManagerService: 	at com.android.internal.os.ZygoteInit.main(ZygoteInit.java:776)
10-30 23:34:31.497  9104  9104 E cr_CompositorSurfaceMgr: Transitioning to surface with format : -1
10-30 23:34:31.562   600   609 I art     : Background partial concurrent mark sweep GC freed 17648(906KB) AllocSpace objects, 3(60KB) LOS objects, 33% free, 16MB/25MB, paused 1.620ms total 187.539ms
10-30 23:34:31.590  9104  9160 W cr_tabmodel: Starting to perform legacy migration.
10-30 23:34:31.610  9104  9160 W cr_tabmodel: Finished performing legacy migration.
10-30 23:34:31.610  9104  9160 W cr_tabmodel: Starting to perform multi-instance migration.
10-30 23:34:31.610  9104  9160 W cr_tabmodel: Finished performing multi-instance migration.
10-30 23:34:31.610  9104  9160 I cr_tabmodel: Starting to fetch tab list for tab_state0
10-30 23:34:31.610  9104  9160 I cr_tabmodel: State file does not exist.
10-30 23:34:31.611  9104  9160 I cr_tabmodel: Starting to fetch tab list for tab_state1
10-30 23:34:31.611  9104  9160 I cr_tabmodel: State file does not exist.
10-30 23:34:31.633  9104  9160 I cr_ADCP : No customization source found
10-30 23:34:31.720   600   620 I ActivityManager: Displayed com.android.chrome/com.google.android.apps.chrome.Main: +377ms
10-30 23:34:31.729   600  6312 E BatteryStatsService: power: Missing API
10-30 23:34:31.738   796   796 E PhoneInterfaceManager: [PhoneIntfMgr] queryModemActivityInfo: Empty response
10-30 23:34:31.738   600  6312 E BatteryStatsService: no controller energy info supplied
10-30 23:34:31.754   600  6312 E BatteryStatsService: modem info is invalid: ModemActivityInfo{ mTimestamp=0 mSleepTimeMs=0 mIdleTimeMs=0 mTxTimeMs[]=[0, 0, 0, 0, 0] mRxTimeMs=0 mEnergyUsed=0}
10-30 23:34:31.758  9104  9125 D OpenGLRenderer: endAllActiveAnimators on 0xd3d89580 (InsetDrawable) with handle 0xd3dddbd0
10-30 23:34:31.767  9104  9104 E cr_CompositorSurfaceMgr: Transitioning to surface with format : -1
10-30 23:34:31.771  9104  9104 E cr_CompositorSurfaceMgr: surfaceCreated format : 0
10-30 23:34:31.780  9104  9104 I cr_ContextualSearch: Tap suppression enabled: false
10-30 23:34:31.783  9104  9104 I cr_ChromeTabbedActivity: #initializeState
10-30 23:34:31.784  9104  9104 I cr_CipherFactory: #restoreFromBundle, no savedInstanceState.
10-30 23:34:31.784  9104  9104 I cr_tabmodel: #loadState, ignoreIncognitoFiles? true
10-30 23:34:31.971  9104  9104 I SchedulerApiWrapper: Create SchedulerApiMainThreadWrapper
10-30 23:34:31.980  9104  9104 I FeedSessionManagerImpl: FeedSessionManagerImpl has been created
10-30 23:34:31.982  9104  9104 I FeedAppLifecycleLstnr: onEnterForeground called
10-30 23:34:31.982  9104  9104 I FeedSessionManagerImpl: onLifecycleEvent foreground
10-30 23:34:31.984  9104  9104 I FeedSessionManagerImpl: Lazy initialization triggered, getUpdateConsumer
10-30 23:34:31.984  9104  9161 I TaskQueue: Execute task [IMMEDIATE - d: true, b: 0]: 30
10-30 23:34:31.986  9104  9104 I FeedRequestManagerImpl: trigger refresh 2
10-30 23:34:31.986  9104  9104 I TaskQueue:  - task [HEAD_INVALIDATE - d: true, b: 0]: 26
10-30 23:34:31.986  9104  9104 I FeedAppLifecycleLstnr: initialize called
10-30 23:34:31.986  9104  9104 I FeedSessionManagerImpl: onLifecycleEvent initialize
10-30 23:34:31.986  9104  9104 W FeedSessionManagerImpl: FeedSessionManagerImpl has previously been initialized
10-30 23:34:32.025  9104  9104 I ViewConfigCompat: Could not find method getScaledScrollFactor() on ViewConfiguration
10-30 23:34:32.030  9104  9104 I BasicStream: Setting 2 header views, currently have 0 headers
10-30 23:34:32.034  9104  9104 I BasicStream: Setting 2 header views, currently have 2 headers
10-30 23:34:32.096   600   619 D BluetoothManagerService: Message: 20
10-30 23:34:32.096   600   619 D BluetoothManagerService: Added callback: android.bluetooth.IBluetoothManagerCallback$Stub$Proxy@8834391:true
10-30 23:34:32.114  9140  9153 I cr_LibraryLoader: Loaded native library version number "85.0.4183.127"
10-30 23:34:32.115  9140  9153 I cr_CachingUmaRecorder: Flushed 1 samples from 1 histograms.
10-30 23:34:32.123  9104  9104 E cr_IntentUtils: getBooleanExtra failed on intent null
10-30 23:34:32.134  9104  9104 I TimeoutSessionImpl: Using TimeoutSessionImpl
10-30 23:34:32.134  9104  9104 I FeedSessionManagerImpl: Delaying populateSession until initialization is finished
10-30 23:34:32.134  9104  9104 I TaskQueue:  - task [IMMEDIATE - d: true, b: 1]: 13
10-30 23:34:32.134  9104  9104 I MainThreadRunner: Running task [BasicStream onShow] on the Main Thread with a delay of 500 milliseconds
10-30 23:34:32.205   600 17381 I ActivityManager: Start proc 9239:com.android.chrome:sandboxed_process1/u0i194 for service com.android.chrome/org.chromium.content.app.SandboxedProcessService1
10-30 23:34:32.227  9104  9114 W art     : Suspending all threads took: 5.133ms
10-30 23:34:32.242  9104  9161 W SessionCache: Persisted Sessions were not found
10-30 23:34:32.242  9104  9161 I HeadSessionImpl: Initialize HEAD 0 items
10-30 23:34:32.243  9104  9161 I TaskQueue:  - task [BACKGROUND - d: true, b: 2]: 11
10-30 23:34:32.243  9104  9161 I TimingUtils: Task Timing 258ms, thread JardinExecutor | task : Initialization
10-30 23:34:32.243  9104  9161 I TaskQueue:  - Finished 30, time 259 ms
10-30 23:34:32.244  9104  9161 I TaskQueue: Execute task [HEAD_INVALIDATE - d: true, b: 2]: 26
10-30 23:34:32.245  9104  9161 I TimingUtils: Task Timing   1ms, thread JardinExecutor | task : getAllDismissLocalActions | size : 0
10-30 23:34:32.246  9104  9161 I TimingUtils: Task Timing   0ms, thread JardinExecutor | task : getSemanticProperties | size : 0
10-30 23:34:32.246  9104  9161 I MainThreadRunner: Running task [Check Tooltips] on the Main Thread
10-30 23:34:32.246  9104  9161 I TaskQueue:  * Starting starvation checks
10-30 23:34:32.246  9104  9161 I MainThreadRunner: Running task [starvationChecks] on the Main Thread with a delay of 6000 milliseconds
10-30 23:34:32.246  9104  9161 I TaskQueue:  - Finished 26, time 3 ms
10-30 23:34:32.246  9104  9161 I TaskQueue: Execute task [IMMEDIATE - d: true, b: 1]: 13
10-30 23:34:32.246  9104  9161 I FeedSessionManagerImpl: shouldSessionRequestData; hasContent(false), contentCreationTime(0), outstandingRequest(true)
10-30 23:34:32.247  9104  9161 I MainThreadRunner: Running task [SchedulerApiWrapper shouldSessionRequestData] on the Main Thread
10-30 23:34:32.250   600 16391 I ActivityManager: Start proc 9247:com.android.chrome:sandboxed_process2/u0i195 for service com.android.chrome/org.chromium.content.app.SandboxedProcessService2
10-30 23:34:32.255  9104  9114 I art     : Background sticky concurrent mark sweep GC freed 10291(533KB) AllocSpace objects, 0(0B) LOS objects, 4% free, 8MB/9MB, paused 5.663ms total 44.818ms
10-30 23:34:32.309   600   713 I ActivityManager: Start proc 9261:com.android.chrome:sandboxed_process3/u0i196 for service com.android.chrome/org.chromium.content.app.SandboxedProcessService3
10-30 23:34:32.347   600 13631 I ActivityManager: Start proc 9269:com.android.chrome:sandboxed_process4/u0i197 for service com.android.chrome/org.chromium.content.app.SandboxedProcessService4
10-30 23:34:32.427   600  3994 I ActivityManager: Start proc 9293:com.android.chrome:sandboxed_process5/u0i198 for service com.android.chrome/org.chromium.content.app.SandboxedProcessService5
10-30 23:34:32.497  9104  9104 I PlayCore: UID: [10035]  PID: [9104] SplitInstallService : deferredInstall([image_editor])
10-30 23:34:32.497   600 17381 I ActivityManager: Start proc 9307:com.android.chrome:sandboxed_process6/u0i199 for service com.android.chrome/org.chromium.content.app.SandboxedProcessService6
10-30 23:34:32.530  9239  9239 W dboxed_process1: type=1400 audit(0.0:10589): avc: denied { getattr } for path="/data/data/com.android.chrome" dev="dm-2" ino=12190 scontext=u:r:isolated_app:s0:c512,c768 tcontext=u:object_r:app_data_file:s0:c512,c768 tclass=dir permissive=0
10-30 23:34:32.548  9104  9114 I art     : Background partial concurrent mark sweep GC freed 14074(660KB) AllocSpace objects, 6(1184KB) LOS objects, 39% free, 9MB/15MB, paused 9.421ms total 256.278ms
10-30 23:34:32.564   600  1080 I ActivityManager: Start proc 9321:com.android.chrome:sandboxed_process7/u0i200 for service com.android.chrome/org.chromium.content.app.SandboxedProcessService7
10-30 23:34:32.614  9261  9261 W dboxed_process3: type=1400 audit(0.0:10590): avc: denied { getattr } for path="/data/data/com.android.chrome" dev="dm-2" ino=12190 scontext=u:r:isolated_app:s0:c512,c768 tcontext=u:object_r:app_data_file:s0:c512,c768 tclass=dir permissive=0
10-30 23:34:32.647   600  1079 I ActivityManager: Start proc 9341:com.android.chrome:sandboxed_process8/u0i201 for service com.android.chrome/org.chromium.content.app.SandboxedProcessService8
10-30 23:34:32.722  9104  9104 I Choreographer: Skipped 59 frames!  The application may be doing too much work on its main thread.
10-30 23:34:32.740  9269  9269 W dboxed_process4: type=1400 audit(0.0:10591): avc: denied { getattr } for path="/data/data/com.android.chrome" dev="dm-2" ino=12190 scontext=u:r:isolated_app:s0:c512,c768 tcontext=u:object_r:app_data_file:s0:c512,c768 tclass=dir permissive=0
10-30 23:34:32.740  9247  9247 W dboxed_process2: type=1400 audit(0.0:10592): avc: denied { getattr } for path="/data/data/com.android.chrome" dev="dm-2" ino=12190 scontext=u:r:isolated_app:s0:c512,c768 tcontext=u:object_r:app_data_file:s0:c512,c768 tclass=dir permissive=0
10-30 23:34:32.767  9293  9293 W dboxed_process5: type=1400 audit(0.0:10593): avc: denied { getattr } for path="/data/data/com.android.chrome" dev="dm-2" ino=12190 scontext=u:r:isolated_app:s0:c512,c768 tcontext=u:object_r:app_data_file:s0:c512,c768 tclass=dir permissive=0
10-30 23:34:32.769  9239  9239 I cr_ChildProcessService: Creating new ChildProcessService pid=9239
10-30 23:34:32.785  9261  9261 I cr_ChildProcessService: Creating new ChildProcessService pid=9261
10-30 23:34:32.814  9307  9307 W dboxed_process6: type=1400 audit(0.0:10594): avc: denied { getattr } for path="/data/data/com.android.chrome" dev="dm-2" ino=12190 scontext=u:r:isolated_app:s0:c512,c768 tcontext=u:object_r:app_data_file:s0:c512,c768 tclass=dir permissive=0
10-30 23:34:32.827  9321  9321 W dboxed_process7: type=1400 audit(0.0:10595): avc: denied { getattr } for path="/data/data/com.android.chrome" dev="dm-2" ino=12190 scontext=u:r:isolated_app:s0:c512,c768 tcontext=u:object_r:app_data_file:s0:c512,c768 tclass=dir permissive=0
10-30 23:34:32.833  9247  9247 I cr_ChildProcessService: Creating new ChildProcessService pid=9247
10-30 23:34:32.844  9293  9293 I cr_ChildProcessService: Creating new ChildProcessService pid=9293
10-30 23:34:32.860  9269  9269 I cr_ChildProcessService: Creating new ChildProcessService pid=9269
10-30 23:34:32.927  9341  9341 W dboxed_process8: type=1400 audit(0.0:10596): avc: denied { getattr } for path="/data/data/com.android.chrome" dev="dm-2" ino=12190 scontext=u:r:isolated_app:s0:c512,c768 tcontext=u:object_r:app_data_file:s0:c512,c768 tclass=dir permissive=0
10-30 23:34:32.932  9104  9312 I PlayCore: UID: [10035]  PID: [9104] SplitInstallService : Initiate binding to the service.
10-30 23:34:32.933   600  6312 W ActivityManager: Unable to start service Intent { act=com.google.android.play.core.splitinstall.BIND_SPLIT_INSTALL_SERVICE pkg=com.android.vending } U=0: not found
10-30 23:34:32.950  9307  9307 I cr_ChildProcessService: Creating new ChildProcessService pid=9307
10-30 23:34:32.955  9321  9321 I cr_ChildProcessService: Creating new ChildProcessService pid=9321
10-30 23:34:32.987  9104  9104 I TaskQueue:  - task [IMMEDIATE - d: true, b: 1]: 27
10-30 23:34:32.988  9104  9161 I FeedSessionManagerImpl: shouldSessionRequestDataResult: NO_REQUEST_WITH_WAIT, shouldMakeRequest(false), withTimeout(false), withAppend(false)
10-30 23:34:32.988  9104  9161 I TaskQueue:  - task [USER_FACING - d: true, b: 2]: 24
10-30 23:34:32.989  9104  9161 I TaskQueue:  - Finished 13, time 742 ms
10-30 23:34:32.990  9104  9161 I TaskQueue: Execute task [IMMEDIATE - d: true, b: 2]: 27
10-30 23:34:32.994  9104  9161 I FeedRequestManagerImpl: Consistency Token: # hU2@7bca4
10-30 23:34:33.061  9104  9161 I FeedRequestManagerImpl: Capability: FEED_UI
10-30 23:34:33.061  9104  9161 I FeedRequestManagerImpl: Capability: UNDOABLE_ACTIONS
10-30 23:34:33.061  9104  9161 I FeedRequestManagerImpl: Capability: MANAGE_INTERESTS
10-30 23:34:33.061  9104  9161 I FeedRequestManagerImpl: Capability: SEND_FEEDBACK
10-30 23:34:33.061  9104  9161 I FeedRequestManagerImpl: Capability: ARTICLE_SNIPPETS
10-30 23:34:33.061  9104  9161 I FeedRequestManagerImpl: Capability: CLICK_ACTION
10-30 23:34:33.061  9104  9161 I FeedRequestManagerImpl: Capability: VIEW_ACTION
10-30 23:34:33.061  9104  9161 I FeedRequestManagerImpl: Capability: REPORT_FEED_USER_ACTIONS_NOTICE_CARD
10-30 23:34:33.062  9104  9161 I FeedRequestManagerImpl: Capability: BASE_UI
10-30 23:34:33.063  9239  9357 I cr_LibraryLoader: Loaded native library version number "85.0.4183.127"
10-30 23:34:33.064  9239  9357 I cr_CachingUmaRecorder: Flushed 1 samples from 1 histograms.
10-30 23:34:33.064  9104  9161 I FeedRequestManagerImpl: Making Request: /httpservice/noretry/DiscoverClankService/FeedQuery
10-30 23:34:33.064  9104  9161 I MainThreadRunner: Running task [NetworkClientWrapper send] on the Main Thread
10-30 23:34:33.065  9104  9161 I TaskQueue:  - Finished 27, time 74 ms
10-30 23:34:33.069  9261  9359 I cr_LibraryLoader: Loaded native library version number "85.0.4183.127"
10-30 23:34:33.070  9261  9359 I cr_CachingUmaRecorder: Flushed 1 samples from 1 histograms.
10-30 23:34:33.131  9104  9104 I cr_tabmodel: Appending tabs being restored to metadata lists, 0, startingNormalCount: 1, startingIncognitoCount: 0
10-30 23:34:33.131  9104  9104 I cr_tabmodel: Serializing tab lists; counts: 1, 0
10-30 23:34:33.171  9341  9341 I cr_ChildProcessService: Creating new ChildProcessService pid=9341
10-30 23:34:33.176  9269  9362 I cr_LibraryLoader: Loaded native library version number "85.0.4183.127"
10-30 23:34:33.176  9269  9362 I cr_CachingUmaRecorder: Flushed 1 samples from 1 histograms.
10-30 23:34:33.199  9247  9360 I cr_LibraryLoader: Loaded native library version number "85.0.4183.127"
10-30 23:34:33.200  9247  9360 I cr_CachingUmaRecorder: Flushed 1 samples from 1 histograms.
10-30 23:34:33.218  9293  9361 I cr_LibraryLoader: Loaded native library version number "85.0.4183.127"
10-30 23:34:33.218  9293  9361 I cr_CachingUmaRecorder: Flushed 1 samples from 1 histograms.
10-30 23:34:33.250   600 27731 I ActivityManager: Start proc 9374:com.android.chrome:sandboxed_process9/u0i202 for service com.android.chrome/org.chromium.content.app.SandboxedProcessService9
10-30 23:34:33.275  9104  9104 I Choreographer: Skipped 32 frames!  The application may be doing too much work on its main thread.
10-30 23:34:33.292  9239  9357 I chromium: [INFO:child_process_service.cc(69)] ChildProcessService: Exiting child process.
10-30 23:34:33.294   197   197 E lowmemorykiller: Error writing /proc/9239/oom_score_adj; errno=22
10-30 23:34:33.319   600 16391 I ActivityManager: Process com.android.chrome:sandboxed_process1 (pid 9239) has died
10-30 23:34:33.319   600 16391 D ActivityManager: cleanUpApplicationRecord -- 9239
10-30 23:34:33.319   600 16391 I ActivityManager: Killing 9261:com.android.chrome:sandboxed_process3/u0a35i196 (adj 0): isolated not needed
10-30 23:34:33.346  9321  9364 I cr_LibraryLoader: Loaded native library version number "85.0.4183.127"
10-30 23:34:33.346  9321  9364 I cr_CachingUmaRecorder: Flushed 1 samples from 1 histograms.
10-30 23:34:33.354  9307  9365 I cr_LibraryLoader: Loaded native library version number "85.0.4183.127"
10-30 23:34:33.375  9307  9365 I cr_CachingUmaRecorder: Flushed 1 samples from 1 histograms.
10-30 23:34:33.407  9104  9104 W chromium: [WARNING:compositor_view.cc(315)] Child process died (type=6) pid=9239)
10-30 23:34:33.463   600 24611 I ActivityManager: Killing 9269:com.android.chrome:sandboxed_process4/u0a35i197 (adj 0): isolated not needed
10-30 23:34:33.463   600 24611 I ActivityManager: Killing 9247:com.android.chrome:sandboxed_process2/u0a35i195 (adj 0): isolated not needed
10-30 23:34:33.463   600 24611 I ActivityManager: Killing 9293:com.android.chrome:sandboxed_process5/u0a35i198 (adj 0): isolated not needed
10-30 23:34:33.524   600  3507 I ActivityManager: Killing 9321:com.android.chrome:sandboxed_process7/u0a35i200 (adj 0): isolated not needed
10-30 23:34:33.566  9341  9371 I cr_LibraryLoader: Loaded native library version number "85.0.4183.127"
10-30 23:34:33.571   600   610 I ActivityManager: Killing 9307:com.android.chrome:sandboxed_process6/u0a35i199 (adj 0): isolated not needed
10-30 23:34:33.582  9341  9371 I cr_CachingUmaRecorder: Flushed 1 samples from 1 histograms.
10-30 23:34:33.594  9374  9374 W dboxed_process9: type=1400 audit(0.0:10597): avc: denied { getattr } for path="/data/data/com.android.chrome" dev="dm-2" ino=12190 scontext=u:r:isolated_app:s0:c512,c768 tcontext=u:object_r:app_data_file:s0:c512,c768 tclass=dir permissive=0
10-30 23:34:33.606  9104  9139 I cr_BindingManager: Moderate binding enabled: maxSize=40
10-30 23:34:33.649  9104  9161 W cr_CrashFileManager: /data/user/0/com.android.chrome/cache/Crash Reports does not exist or is not a directory
10-30 23:34:33.649  9104  9161 W cr_CrashFileManager: /data/user/0/com.android.chrome/cache/Crash Reports does not exist or is not a directory
10-30 23:34:33.649  9104  9161 W cr_CrashFileManager: /data/user/0/com.android.chrome/cache/Crash Reports does not exist or is not a directory
10-30 23:34:33.676  9104  9161 I cr_FileUtils: Writing to /data/user/0/com.android.chrome/app_dex/webapk7.dex
10-30 23:34:33.777  9341  9371 I chromium: [INFO:child_process_service.cc(69)] ChildProcessService: Exiting child process.
10-30 23:34:33.783   197   197 E lowmemorykiller: Error writing /proc/9341/oom_score_adj; errno=22
10-30 23:34:33.797  9374  9374 I cr_ChildProcessService: Creating new ChildProcessService pid=9374
10-30 23:34:33.812   600  3507 I ActivityManager: Process com.android.chrome:sandboxed_process8 (pid 9341) has died
10-30 23:34:33.812   600  3507 D ActivityManager: cleanUpApplicationRecord -- 9341
10-30 23:34:33.856  9104  9104 W chromium: [WARNING:compositor_view.cc(315)] Child process died (type=6) pid=9341)
10-30 23:34:33.891   600 13558 I ActivityManager: Start proc 9409:com.android.chrome:sandboxed_process10/u0i203 for service com.android.chrome/org.chromium.content.app.SandboxedProcessService10
10-30 23:34:33.929 12169 12563 I Icing   : IndexChimeraService.getServiceInterface callingPackage=com.android.chrome componentName=null serviceId=36
10-30 23:34:34.020  9374  9407 I cr_LibraryLoader: Loaded native library version number "85.0.4183.127"
10-30 23:34:34.021  9374  9407 I cr_CachingUmaRecorder: Flushed 1 samples from 1 histograms.
10-30 23:34:34.079 12169 12810 I Icing   : IndexChimeraService.getServiceInterface callingPackage=com.android.chrome componentName=null serviceId=36
10-30 23:34:34.174  9409  9409 W boxed_process10: type=1400 audit(0.0:10598): avc: denied { getattr } for path="/data/data/com.android.chrome" dev="dm-2" ino=12190 scontext=u:r:isolated_app:s0:c512,c768 tcontext=u:object_r:app_data_file:s0:c512,c768 tclass=dir permissive=0
10-30 23:34:34.197   600 27731 I ActivityManager: Start proc 9427:com.android.chrome:sandboxed_process11/u0i204 for service com.android.chrome/org.chromium.content.app.SandboxedProcessService11
10-30 23:34:34.206  9406  9406 I dex2oat : /system/bin/dex2oat --dex-file=/data/user/0/com.android.chrome/app_dex/webapk7.dex --oat-fd=193 --oat-location=/data/user/0/com.android.chrome/app_dex/oat/arm/webapk7.dex --compiler-filter=speed
10-30 23:34:34.229   600  6312 I ActivityManager: Start proc 9434:com.android.chrome:sandboxed_process12/u0i205 for service com.android.chrome/org.chromium.content.app.SandboxedProcessService12
10-30 23:34:34.231  9374  9374 I cr_ChildProcessService: Destroying ChildProcessService pid=9374
10-30 23:34:34.251  9409  9409 I cr_ChildProcessService: Creating new ChildProcessService pid=9409
10-30 23:34:34.280   600  2707 I ActivityManager: Killing 9374:com.android.chrome:sandboxed_process9/u0a35i202 (adj 0): isolated not needed
10-30 23:34:34.342  9237  9237 D AndroidRuntime: >>>>>> START com.android.internal.os.RuntimeInit uid 2000 <<<<<<
10-30 23:34:34.349   600   707 I ActivityManager: Start proc 9457:com.android.chrome:sandboxed_process13/u0i206 for service com.android.chrome/org.chromium.content.app.SandboxedProcessService13
10-30 23:34:34.384   600 27731 I ActivityManager: Start proc 9463:com.android.chrome:sandboxed_process14/u0i207 for service com.android.chrome/org.chromium.content.app.SandboxedProcessService14
10-30 23:34:34.386  9237  9237 D AndroidRuntime: CheckJNI is OFF
10-30 23:34:34.437   600  3509 I ActivityManager: Start proc 9476:com.android.chrome:sandboxed_process15/u0i208 for service com.android.chrome/org.chromium.content.app.SandboxedProcessService15
10-30 23:34:34.437  9409  9448 I cr_LibraryLoader: Loaded native library version number "85.0.4183.127"
10-30 23:34:34.438  9409  9448 I cr_CachingUmaRecorder: Flushed 1 samples from 1 histograms.
10-30 23:34:34.444  9434  9434 W boxed_process12: type=1400 audit(0.0:10599): avc: denied { getattr } for path="/data/data/com.android.chrome" dev="dm-2" ino=12190 scontext=u:r:isolated_app:s0:c512,c768 tcontext=u:object_r:app_data_file:s0:c512,c768 tclass=dir permissive=0
10-30 23:34:34.460  9427  9427 W boxed_process11: type=1400 audit(0.0:10600): avc: denied { getattr } for path="/data/data/com.android.chrome" dev="dm-2" ino=12190 scontext=u:r:isolated_app:s0:c512,c768 tcontext=u:object_r:app_data_file:s0:c512,c768 tclass=dir permissive=0
10-30 23:34:34.496   600 10249 I ActivityManager: Start proc 9489:com.android.chrome:sandboxed_process16/u0i209 for service com.android.chrome/org.chromium.content.app.SandboxedProcessService16
10-30 23:34:34.543   600  7064 I ActivityManager: Start proc 9507:com.android.chrome:sandboxed_process17/u0i210 for service com.android.chrome/org.chromium.content.app.SandboxedProcessService17
10-30 23:34:34.580  9427  9427 I cr_ChildProcessService: Creating new ChildProcessService pid=9427
10-30 23:34:34.593  9409  9448 I chromium: [INFO:child_process_service.cc(69)] ChildProcessService: Exiting child process.
10-30 23:34:34.606   600  3994 I ActivityManager: Start proc 9518:com.android.chrome:sandboxed_process18/u0i211 for service com.android.chrome/org.chromium.content.app.SandboxedProcessService18
10-30 23:34:34.614  9457  9457 W boxed_process13: type=1400 audit(0.0:10601): avc: denied { getattr } for path="/data/data/com.android.chrome" dev="dm-2" ino=12190 scontext=u:r:isolated_app:s0:c512,c768 tcontext=u:object_r:app_data_file:s0:c512,c768 tclass=dir permissive=0
10-30 23:34:34.616  9434  9434 I cr_ChildProcessService: Creating new ChildProcessService pid=9434
10-30 23:34:34.640   600   707 I ActivityManager: Start proc 9528:com.android.chrome:sandboxed_process19/u0i212 for service com.android.chrome/org.chromium.content.app.SandboxedProcessService19
10-30 23:34:34.643   600  6312 I ActivityManager: Process com.android.chrome:sandboxed_process10 (pid 9409) has died
10-30 23:34:34.643   600  6312 D ActivityManager: cleanUpApplicationRecord -- 9409
10-30 23:34:34.643   600  6312 W ActivityManager: Scheduling restart of crashed service com.android.chrome/org.chromium.content.app.SandboxedProcessService10 in 1000ms
10-30 23:34:34.664  9463  9463 W boxed_process14: type=1400 audit(0.0:10602): avc: denied { getattr } for path="/data/data/com.android.chrome" dev="dm-2" ino=12190 scontext=u:r:isolated_app:s0:c512,c768 tcontext=u:object_r:app_data_file:s0:c512,c768 tclass=dir permissive=0
10-30 23:34:34.669  9104  9104 W chromium: [WARNING:compositor_view.cc(315)] Child process died (type=6) pid=9409)
10-30 23:34:34.710  9476  9476 W boxed_process15: type=1400 audit(0.0:10603): avc: denied { getattr } for path="/data/data/com.android.chrome" dev="dm-2" ino=12190 scontext=u:r:isolated_app:s0:c512,c768 tcontext=u:object_r:app_data_file:s0:c512,c768 tclass=dir permissive=0
10-30 23:34:34.782  9457  9457 I cr_ChildProcessService: Creating new ChildProcessService pid=9457
10-30 23:34:34.790  9489  9489 W boxed_process16: type=1400 audit(0.0:10604): avc: denied { getattr } for path="/data/data/com.android.chrome" dev="dm-2" ino=12190 scontext=u:r:isolated_app:s0:c512,c768 tcontext=u:object_r:app_data_file:s0:c512,c768 tclass=dir permissive=0
10-30 23:34:34.839  9463  9463 I cr_ChildProcessService: Creating new ChildProcessService pid=9463
10-30 23:34:34.854  9507  9507 W boxed_process17: type=1400 audit(0.0:10605): avc: denied { getattr } for path="/data/data/com.android.chrome" dev="dm-2" ino=12190 scontext=u:r:isolated_app:s0:c512,c768 tcontext=u:object_r:app_data_file:s0:c512,c768 tclass=dir permissive=0
10-30 23:34:34.889  9427  9519 I cr_LibraryLoader: Loaded native library version number "85.0.4183.127"
10-30 23:34:34.889  9427  9519 I cr_CachingUmaRecorder: Flushed 1 samples from 1 histograms.
10-30 23:34:34.895  9476  9476 I cr_ChildProcessService: Creating new ChildProcessService pid=9476
10-30 23:34:34.904  9528  9528 W boxed_process19: type=1400 audit(0.0:10606): avc: denied { getattr } for path="/data/data/com.android.chrome" dev="dm-2" ino=12190 scontext=u:r:isolated_app:s0:c512,c768 tcontext=u:object_r:app_data_file:s0:c512,c768 tclass=dir permissive=0
10-30 23:34:34.920  9518  9518 W boxed_process18: type=1400 audit(0.0:10607): avc: denied { getattr } for path="/data/data/com.android.chrome" dev="dm-2" ino=12190 scontext=u:r:isolated_app:s0:c512,c768 tcontext=u:object_r:app_data_file:s0:c512,c768 tclass=dir permissive=0
10-30 23:34:34.943  9434  9527 I cr_LibraryLoader: Loaded native library version number "85.0.4183.127"
10-30 23:34:34.943  9434  9527 I cr_CachingUmaRecorder: Flushed 1 samples from 1 histograms.
10-30 23:34:34.989  9489  9489 I cr_ChildProcessService: Creating new ChildProcessService pid=9489
10-30 23:34:35.057  9457  9555 I cr_LibraryLoader: Loaded native library version number "85.0.4183.127"
10-30 23:34:35.058  9457  9555 I cr_CachingUmaRecorder: Flushed 1 samples from 1 histograms.
10-30 23:34:35.062  9427  9519 I chromium: [INFO:child_process_service.cc(69)] ChildProcessService: Exiting child process.
10-30 23:34:35.066   197   197 E lowmemorykiller: Error writing /proc/9427/oom_score_adj; errno=22
10-30 23:34:35.076  9104  9104 W chromium: [WARNING:compositor_view.cc(315)] Child process died (type=6) pid=9427)
10-30 23:34:35.076   600  1080 I ActivityManager: Process com.android.chrome:sandboxed_process11 (pid 9427) has died
10-30 23:34:35.076   600  1080 D ActivityManager: cleanUpApplicationRecord -- 9427
10-30 23:34:35.077  9507  9507 I cr_ChildProcessService: Creating new ChildProcessService pid=9507
10-30 23:34:35.096  9528  9528 I cr_ChildProcessService: Creating new ChildProcessService pid=9528
10-30 23:34:35.102  9463  9556 I cr_LibraryLoader: Loaded native library version number "85.0.4183.127"
10-30 23:34:35.103  9463  9556 I cr_CachingUmaRecorder: Flushed 1 samples from 1 histograms.
10-30 23:34:35.129  9518  9518 I cr_ChildProcessService: Creating new ChildProcessService pid=9518
10-30 23:34:35.133  9237  9237 D ICU     : No timezone override file found: /data/misc/zoneinfo/current/icu/icu_tzdata.dat
10-30 23:34:35.162  9104  9104 I FeedRequestManagerImpl: Request: /httpservice/noretry/DiscoverClankService/FeedQuery completed with response code: 200
10-30 23:34:35.162  9104  9104 I TaskQueue:  - task [IMMEDIATE - d: true, b: 2]: 15
10-30 23:34:35.162  9104  9104 I TaskQueue:  - queueTask starting immediate task
10-30 23:34:35.163  9104  9160 I TaskQueue: Execute task [IMMEDIATE - d: true, b: 2]: 15
10-30 23:34:35.211  9457  9555 I chromium: [INFO:child_process_service.cc(69)] ChildProcessService: Exiting child process.
10-30 23:34:35.215   197   197 E lowmemorykiller: Error writing /proc/9457/oom_score_adj; errno=22
10-30 23:34:35.239   600 25704 I ActivityManager: Process com.android.chrome:sandboxed_process13 (pid 9457) has died
10-30 23:34:35.239   600 25704 D ActivityManager: cleanUpApplicationRecord -- 9457
10-30 23:34:35.239   600 25704 I ActivityManager: Killing 9434:com.android.chrome:sandboxed_process12/u0a35i205 (adj 0): isolated not needed
10-30 23:34:35.259  9104  9104 W chromium: [WARNING:compositor_view.cc(315)] Child process died (type=6) pid=9457)
10-30 23:34:35.279  9463  9556 I chromium: [INFO:child_process_service.cc(69)] ChildProcessService: Exiting child process.
10-30 23:34:35.279   197   197 E lowmemorykiller: Error writing /proc/9463/oom_score_adj; errno=22
10-30 23:34:35.310   600  3507 I ActivityManager: Process com.android.chrome:sandboxed_process14 (pid 9463) has died
10-30 23:34:35.310   600  3507 D ActivityManager: cleanUpApplicationRecord -- 9463
10-30 23:34:35.311  9104  9104 W chromium: [WARNING:compositor_view.cc(315)] Child process died (type=6) pid=9463)
10-30 23:34:35.339  9489  9561 I cr_LibraryLoader: Loaded native library version number "85.0.4183.127"
10-30 23:34:35.340  9489  9561 I cr_CachingUmaRecorder: Flushed 1 samples from 1 histograms.
10-30 23:34:35.356  9476  9557 I cr_LibraryLoader: Loaded native library version number "85.0.4183.127"
10-30 23:34:35.356  9476  9557 I cr_CachingUmaRecorder: Flushed 1 samples from 1 histograms.
10-30 23:34:35.363   600   609 I art     : Background partial concurrent mark sweep GC freed 41467(2MB) AllocSpace objects, 29(744KB) LOS objects, 33% free, 17MB/25MB, paused 1.223ms total 584.694ms
10-30 23:34:35.395  9104  9160 I MainThreadRunner: Running task [FeedRequestManagerImpl consumer] on the Main Thread
10-30 23:34:35.396  9104  9104 I FeedProtocolAdapter: createModel, operations 33
10-30 23:34:35.405  9104  9104 I TimingUtils: Task Timing   9ms, thread ui | task : convertWireProtocol | mutations : 33
10-30 23:34:35.407  9104  9104 I TaskQueue:  - task [HEAD_RESET - d: true, b: 2]: 5
10-30 23:34:35.407  9104  9104 I TaskQueue:  - queueTask starting immediate task
10-30 23:34:35.408  9104  9160 I TaskQueue:  - Finished 15, time 233 ms
10-30 23:34:35.409  9104  9160 I TaskQueue: Execute task [HEAD_RESET - d: true, b: 2]: 5
10-30 23:34:35.419  9104  9160 I TaskQueue:  - task [BACKGROUND - d: true, b: 2]: 23
10-30 23:34:35.420  9104  9160 W SessionCache: Persisted Sessions were not found
10-30 23:34:35.432  9104  9160 I PersistentFeedStore: commitSessionMutation - Success true, Update Session $HEAD, stream structures 32
10-30 23:34:35.442  9104  9160 I MainThreadRunner: Running task [SchedulerApiWrapper onReceiveNewContent] on the Main Thread
10-30 23:34:35.453  9104  9160 I MainThreadRunner: Running task [FeedKnownContentImpl onNewContentReceived] on the Main Thread
10-30 23:34:35.461  9237  9237 I Radio-JNI: register_android_hardware_Radio DONE
10-30 23:34:35.467  9518  9571 I cr_LibraryLoader: Loaded native library version number "85.0.4183.127"
10-30 23:34:35.471  9104  9160 I SessionManagerMutation: Cleared Head, new creation time 10-30 23:34:35.420
10-30 23:34:35.471  9104  9160 I TimingUtils: Task Timing  62ms, thread background-1 | task : sessionMutation.commitTask:updateConsumer | mutations : 33 | userInitiated : false
10-30 23:34:35.471  9104  9160 I TaskQueue: Cancelling starvation checks
10-30 23:34:35.471  9104  9160 I TaskQueue:  - Finished 5, time 63 ms
