--------- beginning of main
11-02 11:49:44.776 17066 17066 D AndroidRuntime: >>>>>> START com.android.internal.os.RuntimeInit uid 2000 <<<<<<
11-02 11:49:44.780 17066 17066 D AndroidRuntime: CheckJNI is OFF
11-02 11:49:44.845 17066 17066 D ICU     : No timezone override file found: /data/misc/zoneinfo/current/icu/icu_tzdata.dat
11-02 11:49:44.873 17066 17066 I Radio-JNI: register_android_hardware_Radio DONE
11-02 11:49:44.888 17066 17066 D AndroidRuntime: Calling main entry com.android.commands.am.Am
--------- beginning of system
11-02 11:49:44.905   601   832 I ActivityManager: Force stopping com.opera.browser appid=10122 user=0: from pid 17066
11-02 11:49:44.919  1052  1052 D RegisteredNfcFServicesCache: Service unchanged, not updating
11-02 11:49:45.158   601 12301 I ActivityManager: START u0 {act=android.intent.action.VIEW flg=0x10008000 cmp=com.opera.browser/com.opera.Opera} from uid 2000 on display 0
11-02 11:49:45.163 17066 17066 D AndroidRuntime: Shutting down VM
11-02 11:49:45.177   601  4276 I ActivityManager: Start proc 17076:com.opera.browser/u0a122 for activity com.opera.browser/com.opera.Opera
11-02 11:49:45.263 17076 17076 I art     : Starting a blocking GC AddRemoveAppImageSpace
11-02 11:49:45.290 17076 17076 I LoadedApk: No resource references to update in package com.opera.browser.nord_vpn
11-02 11:49:45.411 17076 17110 D NetworkSecurityConfig: Using Network Security Config from resource network_security_config_official_build debugBuild: false
11-02 11:49:45.417 17076 17086 I art     : Background sticky concurrent mark sweep GC freed 6817(368KB) AllocSpace objects, 3(60KB) LOS objects, 23% free, 3MB/4MB, paused 8.716ms total 59.195ms
11-02 11:49:45.422 17076 17076 I art     : Rejecting re-init on previously-failed class java.lang.Class<com.opera.android.job.a$j>: java.lang.NoClassDefFoundError: Failed resolution of: Landroid/app/job/JobServiceEngine;
11-02 11:49:45.422 17076 17076 I art     :   at void com.opera.android.OperaApplication.onCreate() (SourceFile:52)
11-02 11:49:45.422 17076 17076 I art     :   at void android.app.Instrumentation.callApplicationOnCreate(android.app.Application) (Instrumentation.java:1024)
11-02 11:49:45.422 17076 17076 I art     :   at void android.app.ActivityThread.handleBindApplication(android.app.ActivityThread$AppBindData) (ActivityThread.java:5403)
11-02 11:49:45.422 17076 17076 I art     :   at void android.app.ActivityThread.-wrap2(android.app.ActivityThread, android.app.ActivityThread$AppBindData) (ActivityThread.java:-1)
11-02 11:49:45.422 17076 17076 I art     :   at void android.app.ActivityThread$H.handleMessage(android.os.Message) (ActivityThread.java:1545)
11-02 11:49:45.422 17076 17076 I art     :   at void android.os.Handler.dispatchMessage(android.os.Message) (Handler.java:102)
11-02 11:49:45.422 17076 17076 I art     :   at void android.os.Looper.loop() (Looper.java:154)
11-02 11:49:45.422 17076 17076 I art     :   at void android.app.ActivityThread.main(java.lang.String[]) (ActivityThread.java:6119)
11-02 11:49:45.422 17076 17076 I art     :   at java.lang.Object java.lang.reflect.Method.invoke!(java.lang.Object, java.lang.Object[]) (Method.java:-2)
11-02 11:49:45.422 17076 17076 I art     :   at void com.android.internal.os.ZygoteInit$MethodAndArgsCaller.run() (ZygoteInit.java:886)
11-02 11:49:45.422 17076 17076 I art     :   at void com.android.internal.os.ZygoteInit.main(java.lang.String[]) (ZygoteInit.java:776)
11-02 11:49:45.422 17076 17076 I art     : Caused by: java.lang.ClassNotFoundException: Didn't find class "android.app.job.JobServiceEngine" on path: DexPathList[[zip file "/data/app/com.opera.browser-1/base.apk"],nativeLibraryDirectories=[/data/app/com.opera.browser-1/lib/arm, /data/app/com.opera.browser-1/base.apk!/lib/armeabi-v7a, /system/lib, /vendor/lib]]
11-02 11:49:45.422 17076 17076 I art     :   at java.lang.Class dalvik.system.BaseDexClassLoader.findClass(java.lang.String) (BaseDexClassLoader.java:56)
11-02 11:49:45.422 17076 17076 I art     :   at java.lang.Class java.lang.ClassLoader.loadClass(java.lang.String, boolean) (ClassLoader.java:380)
11-02 11:49:45.422 17076 17076 I art     :   at java.lang.Class java.lang.ClassLoader.loadClass(java.lang.String) (ClassLoader.java:312)
11-02 11:49:45.422 17076 17076 I art     :   at void com.opera.android.OperaApplication.onCreate() (SourceFile:52)
11-02 11:49:45.422 17076 17076 I art     :   at void android.app.Instrumentation.callApplicationOnCreate(android.app.Application) (Instrumentation.java:1024)
11-02 11:49:45.422 17076 17076 I art     :   at void android.app.ActivityThread.handleBindApplication(android.app.ActivityThread$AppBindData) (ActivityThread.java:5403)
11-02 11:49:45.422 17076 17076 I art     :   at void android.app.ActivityThread.-wrap2(android.app.ActivityThread, android.app.ActivityThread$AppBindData) (ActivityThread.java:-1)
11-02 11:49:45.422 17076 17076 I art     :   at void android.app.ActivityThread$H.handleMessage(android.os.Message) (ActivityThread.java:1545)
11-02 11:49:45.422 17076 17076 I art     :   at void android.os.Handler.dispatchMessage(android.os.Message) (Handler.java:102)
11-02 11:49:45.422 17076 17076 I art     :   at void android.os.Looper.loop() (Looper.java:154)
11-02 11:49:45.422 17076 17076 I art     :   at void android.app.ActivityThread.main(java.lang.String[]) (ActivityThread.java:6119)
11-02 11:49:45.422 17076 17076 I art     :   at java.lang.Object java.lang.reflect.Method.invoke!(java.lang.Object, java.lang.Object[]) (Method.java:-2)
11-02 11:49:45.422 17076 17076 I art     :   at void com.android.internal.os.ZygoteInit$MethodAndArgsCaller.run() (ZygoteInit.java:886)
11-02 11:49:45.422 17076 17076 I art     :   at void com.android.internal.os.ZygoteInit.main(java.lang.String[]) (ZygoteInit.java:776)
11-02 11:49:45.422 17076 17076 I art     : 
11-02 11:49:45.552 17076 17086 I art     : Background partial concurrent mark sweep GC freed 11100(584KB) AllocSpace objects, 7(140KB) LOS objects, 39% free, 4MB/7MB, paused 7.657ms total 64.765ms
11-02 11:49:45.632   601 17045 I ActivityManager: START u0 {act=android.intent.action.VIEW flg=0x10008000 cmp=com.opera.browser/com.opera.android.startup.WelcomeActivity} from uid 10122 on display 0
11-02 11:49:45.670   601   819 W ActivityManager: Duplicate finish request for ActivityRecord{af7c88a u0 com.opera.browser/com.opera.Opera t1320 f}
11-02 11:49:45.918   601   610 I art     : Background partial concurrent mark sweep GC freed 42635(1928KB) AllocSpace objects, 3(60KB) LOS objects, 33% free, 14MB/22MB, paused 761us total 189.142ms
11-02 11:49:45.958 17076 17188 I OpenGLRenderer: Initialized EGL, version 1.4
11-02 11:49:45.958 17076 17188 D OpenGLRenderer: Swap behavior 2
11-02 11:49:45.959 17076 17086 W art     : Suspending all threads took: 6.861ms
11-02 11:49:46.014 17076 17086 I art     : Background sticky concurrent mark sweep GC freed 43117(3MB) AllocSpace objects, 17(476KB) LOS objects, 20% free, 5MB/7MB, paused 13.490ms total 333.475ms
11-02 11:49:46.122 17076 17121 I FA      : App measurement initialized, version: 43042
11-02 11:49:46.122 17076 17121 I FA      : To enable debug logging run: adb shell setprop log.tag.FA VERBOSE
11-02 11:49:46.122 17076 17121 I FA      : To enable faster debug mode event logging run:
11-02 11:49:46.122 17076 17121 I FA      :   adb shell setprop debug.firebase.analytics.app com.opera.browser
11-02 11:49:46.202   601   621 I ActivityManager: Displayed com.opera.browser/com.opera.android.startup.WelcomeActivity: +509ms (total +1s40ms)
11-02 11:49:46.326   601   819 I ActivityManager: Start proc 17211:com.opera.browser:privileged_process0/u0a122 for service com.opera.browser/com.opera.android.browser.chromium.services.PrivilegedProcessService0
11-02 11:49:46.344 17076 17206 W chromium: [WARNING:op_site_scripts.cc(424)] Failed to map /data/user/0/com.opera.browser/app_opera/sjs
11-02 11:49:46.424 17211 17211 I art     : Starting a blocking GC AddRemoveAppImageSpace
11-02 11:49:46.470 17211 17211 I LoadedApk: No resource references to update in package com.opera.browser.nord_vpn
11-02 11:49:46.561   601   621 W WindowManager: Failed looking up window
11-02 11:49:46.561   601   621 W WindowManager: java.lang.IllegalArgumentException: Requested window android.view.ViewRootImpl$W@f73f273 does not exist
11-02 11:49:46.561   601   621 W WindowManager: 	at com.android.server.wm.WindowManagerService.windowForClientLocked(WindowManagerService.java:9422)
11-02 11:49:46.561   601   621 W WindowManager: 	at com.android.server.wm.WindowManagerService.windowForClientLocked(WindowManagerService.java:9413)
11-02 11:49:46.561   601   621 W WindowManager: 	at com.android.server.wm.WindowManagerService.removeWindow(WindowManagerService.java:2393)
11-02 11:49:46.561   601   621 W WindowManager: 	at com.android.server.wm.Session.remove(Session.java:202)
11-02 11:49:46.561   601   621 W WindowManager: 	at android.view.ViewRootImpl.dispatchDetachedFromWindow(ViewRootImpl.java:3290)
11-02 11:49:46.561   601   621 W WindowManager: 	at android.view.ViewRootImpl.doDie(ViewRootImpl.java:5917)
11-02 11:49:46.561   601   621 W WindowManager: 	at android.view.ViewRootImpl$ViewRootHandler.handleMessage(ViewRootImpl.java:3626)
11-02 11:49:46.561   601   621 W WindowManager: 	at android.os.Handler.dispatchMessage(Handler.java:102)
11-02 11:49:46.561   601   621 W WindowManager: 	at android.os.Looper.loop(Looper.java:154)
11-02 11:49:46.561   601   621 W WindowManager: 	at android.os.HandlerThread.run(HandlerThread.java:61)
11-02 11:49:46.561   601   621 W WindowManager: 	at com.android.server.ServiceThread.run(ServiceThread.java:46)
11-02 11:49:46.616 17211 17234 E libEGL  : validate_display:99 error 3008 (EGL_BAD_DISPLAY)
11-02 11:49:46.735 26552 26564 W SearchService: Abort, client detached.
11-02 11:49:46.754 26552 16952 I DeviceStateChecker: DeviceStateChecker cancelled
11-02 11:49:46.755 26552 26552 I MicroDetector: Keeping mic open: false
11-02 11:49:46.755  1065  1065 I MemoryTrimmer: Trimming objects from memory, since app is in the background.
11-02 11:49:46.755 26552 26609 I AudioController: internalShutdown
11-02 11:49:46.755 26552 26609 I MicrophoneInputStream: mic_close com.google.android.apps.gsa.speech.audio.ae@24dace6
11-02 11:49:46.757 26552 27106 I MicroRecognitionRunner: Stopping hotword detection.
11-02 11:49:46.774   237   285 I SoundTriggerHwService::Module: void android::SoundTriggerHwService::Module::onCallbackEvent(const sp<android::SoundTriggerHwService::CallbackEvent> &) mClient == 0
11-02 11:49:46.804 26552 26552 I MemoryTrimmer: Trimming objects from memory, since app is in the background.
11-02 11:49:46.805 17211 17234 E libEGL  : validate_display:99 error 3008 (EGL_BAD_DISPLAY)
11-02 11:49:46.828 26552 16951 I MicroRecognitionRunner: Detection finished
11-02 11:49:46.834 26552 26552 I MemoryTrimmer: Trimming objects from memory, since app is in the background.
11-02 11:49:46.879   785 16669 W Conscrypt: Could not set socket write timeout: java.net.SocketException: Socket closed
11-02 11:49:46.882   785 16669 W Conscrypt: 	at com.google.android.gms.org.conscrypt.Platform.setSocketWriteTimeout(:com.google.android.gms@203915020@20.39.15 (040406-335085812):2)
11-02 11:49:46.883   785 16669 W Conscrypt: 	at com.google.android.gms.org.conscrypt.ConscryptFileDescriptorSocket.setSoWriteTimeout(:com.google.android.gms@203915020@20.39.15 (040406-335085812):0)
11-02 11:49:46.911   785 16669 W Conscrypt: Could not set socket write timeout: java.net.SocketException: Socket closed
11-02 11:49:46.914   785 16669 W Conscrypt: 	at com.google.android.gms.org.conscrypt.Platform.setSocketWriteTimeout(:com.google.android.gms@203915020@20.39.15 (040406-335085812):2)
11-02 11:49:46.914   785 16669 W Conscrypt: 	at com.google.android.gms.org.conscrypt.ConscryptFileDescriptorSocket.setSoWriteTimeout(:com.google.android.gms@203915020@20.39.15 (040406-335085812):0)
11-02 11:49:46.980 17076 17121 I FA      : Tag Manager is not found and thus will not be used
11-02 11:49:47.215   785  7584 W NetworkScheduler: Error inserting service_kind=0 source=16 tag=Measurement.PackageMeasurementTaskService.UPLOAD_TASK_TAG target_package=com.google.android.gms requires_charging=0 source_version=203915000 required_network_type=0 flex_time=2078000 persistence_level=1 target_class=com.google.android.gms.measurement.PackageMeasurementTaskService runtime=1667386187212 retry_strategy={"maximum_backoff_seconds":{"3600":0},"initial_backoff_seconds":{"30":0},"retry_policy":{"0":0}} preferred_network_type=1 required_idleness_state=0 preferred_charging_state=1 period=4157000 last_runtime=0 task_type=0 job_id=-1 user_id=0, error message: UNIQUE constraint failed: pending_ops.tag, pending_ops.target_class, pending_ops.target_package, pending_ops.user_id (code 2067) [CONTEXT service_id=218 ]
11-02 11:49:47.252   785 17264 W NetworkScheduler: Error inserting service_kind=0 source=16 tag=Measurement.PackageMeasurementTaskService.UPLOAD_TASK_TAG target_package=com.google.android.gms requires_charging=0 source_version=203915000 required_network_type=0 flex_time=2077000 persistence_level=1 target_class=com.google.android.gms.measurement.PackageMeasurementTaskService runtime=1667386187250 retry_strategy={"maximum_backoff_seconds":{"3600":0},"initial_backoff_seconds":{"30":0},"retry_policy":{"0":0}} preferred_network_type=1 required_idleness_state=0 preferred_charging_state=1 period=4156000 last_runtime=0 task_type=0 job_id=-1 user_id=0, error message: UNIQUE constraint failed: pending_ops.tag, pending_ops.target_class, pending_ops.target_package, pending_ops.user_id (code 2067) [CONTEXT service_id=218 ]
11-02 11:49:47.273   785 15368 W NetworkScheduler: Error inserting service_kind=0 source=16 tag=Measurement.PackageMeasurementTaskService.UPLOAD_TASK_TAG target_package=com.google.android.gms requires_charging=0 source_version=203915000 required_network_type=0 flex_time=2077000 persistence_level=1 target_class=com.google.android.gms.measurement.PackageMeasurementTaskService runtime=1667386187271 retry_strategy={"maximum_backoff_seconds":{"3600":0},"initial_backoff_seconds":{"30":0},"retry_policy":{"0":0}} preferred_network_type=1 required_idleness_state=0 preferred_charging_state=1 period=4156000 last_runtime=0 task_type=0 job_id=-1 user_id=0, error message: UNIQUE constraint failed: pending_ops.tag, pending_ops.target_class, pending_ops.target_package, pending_ops.user_id (code 2067) [CONTEXT service_id=218 ]
11-02 11:49:52.052 17076 17076 I PlayCore: UID: [10122]  PID: [17076] AppUpdateListenerRegistry : registerListener
11-02 11:49:52.057 17076 17076 I PlayCore: UID: [10122]  PID: [17076] AppUpdateService : requestUpdateInfo(com.opera.browser)
11-02 11:49:52.062 17076 17294 I PlayCore: UID: [10122]  PID: [17076] AppUpdateService : Initiate binding to the service.
11-02 11:49:52.063   601   660 W ActivityManager: Unable to start service Intent { act=com.google.android.play.core.install.BIND_UPDATE_SERVICE pkg=com.android.vending } U=0: not found
11-02 11:49:52.063 17076 17294 I PlayCore: UID: [10122]  PID: [17076] AppUpdateService : Failed to bind to the service.
11-02 11:49:52.129 17076 17296 D ApplicationLoaders: ignored Vulkan layer search path /data/app/com.google.android.gms-1/lib/arm:/data/app/com.google.android.gms-1/base.apk!/lib/armeabi-v7a:/data/app/com.google.android.gms-1/split_config.en.apk!/lib/armeabi-v7a for namespace 0xf387a090
11-02 11:49:52.131 17076 17296 W ResourceType: ResTable_typeSpec entry count inconsistent: given 67, previously 69
11-02 11:49:52.131 17076 17296 W ResourceType: ResTable_typeSpec entry count inconsistent: given 5346, previously 5347
11-02 11:49:52.548   601   613 D SyncManager: failed sync operation JobId: 108392, com.opera.browser u0 (com.opera.browser.ping), com.opera.browser.ping.provider, SERVER, reason: 10122, SyncResult: delayUntil: 1667393392 stats [ numIoExceptions: 1]
11-02 11:49:58.459 17326 17326 D AndroidRuntime: >>>>>> START com.android.internal.os.RuntimeInit uid 2000 <<<<<<
11-02 11:49:58.463 17326 17326 D AndroidRuntime: CheckJNI is OFF
11-02 11:49:58.528 17326 17326 D ICU     : No timezone override file found: /data/misc/zoneinfo/current/icu/icu_tzdata.dat
11-02 11:49:58.560 17326 17326 I Radio-JNI: register_android_hardware_Radio DONE
11-02 11:49:58.575 17326 17326 D AndroidRuntime: Calling main entry com.android.commands.monkey.Monkey
11-02 11:49:58.642   601   614 W BroadcastQueue: Skipping deliver [background] BroadcastRecord{c659d37 u-1 android.net.conn.CONNECTIVITY_CHANGE} to ReceiverList{cb4e2a4 17326 (unknown name)/2000/u-1 remote:a08dfd1}: process crashing
11-02 11:49:58.784   601   648 I WifiHAL : Got channel list with 13 channels
11-02 11:49:58.786   601   648 I WifiHAL : Got channel list with 4 channels
11-02 11:49:58.787   601   648 I WifiHAL : Got channel list with 15 channels
11-02 11:49:58.889 26552 26552 I MemoryTrimmer: Trimming objects from memory, since app is in the background.
11-02 11:49:58.943   785 17338 I NetworkScheduler.Stats: Task com.google.android.gms/com.google.android.gms.auth.account.be.accountstate.GcmTaskService started execution. cause:4 exec_start_elapsed_seconds: 39793 [CONTEXT service_id=218 ]
11-02 11:49:58.966   785 17338 I NetworkScheduler.Stats: Task com.google.android.gms/com.google.android.gms.auth.account.be.accountstate.GcmTaskService finished executing. cause:4 result: 1 elapsed_millis: 85 uptime_millis: 85 exec_start_elapsed_seconds: 39793 [CONTEXT service_id=218 ]
11-02 11:50:00.352 17326 17326 D MonkeyStub: translateCommand: wake
11-02 11:50:00.471 17326 17326 D MonkeyStub: translateCommand: tap 960 1881
11-02 11:50:00.519   601   612 I ActivityManager: START u0 {act=android.intent.action.VIEW flg=0x1000000 cmp=com.opera.browser/com.opera.android.IntentDispatcherActivity} from uid 10122 on display 0
11-02 11:50:00.623   601 10729 I ActivityManager: START u0 {act=android.intent.action.VIEW flg=0x15002000 cmp=com.opera.browser/com.opera.android.BrowserActivity} from uid 10122 on display 0
11-02 11:50:00.634  1065  1161 I OpenGLRenderer: Initialized EGL, version 1.4
11-02 11:50:00.634  1065  1161 D OpenGLRenderer: Swap behavior 2
11-02 11:50:00.719   601   610 I art     : Background partial concurrent mark sweep GC freed 57074(3MB) AllocSpace objects, 48(1408KB) LOS objects, 33% free, 14MB/22MB, paused 1.003ms total 130.831ms
11-02 11:50:00.789  1065  1065 I MemoryTrimmer: Trimming objects from memory, since app is in the background.
11-02 11:50:01.069 17076 17086 W art     : Suspending all threads took: 7.129ms
11-02 11:50:01.091 17076 17086 I art     : Background partial concurrent mark sweep GC freed 41566(2MB) AllocSpace objects, 27(540KB) LOS objects, 39% free, 7MB/12MB, paused 8.620ms total 114.688ms
11-02 11:50:01.108 17076 17345 E [Leanplum][ERROR]: No variable values were received from the server. Please contact us to investigate.
11-02 11:50:01.148 17076 17373 W ResourceType: ResTable_typeSpec entry count inconsistent: given 67, previously 69
11-02 11:50:01.148 17076 17373 W ResourceType: ResTable_typeSpec entry count inconsistent: given 5346, previously 5347
11-02 11:50:01.168   601   621 I ActivityManager: Displayed com.opera.browser/com.opera.android.BrowserActivity: +514ms (total +608ms)
11-02 11:50:01.179   601  9643 I CwMcuSensor: CwMcuSensor::flush: fd = 237, sensors_id = 0, path = /sys/class/htc_sensorhub/sensor_hub/flush, err = 0
11-02 11:50:01.283 17076 17188 D OpenGLRenderer: endAllActiveAnimators on 0xd098df80 (RippleDrawable) with handle 0xefcf8130
11-02 11:50:01.618   785 17263 W NetworkScheduler: Error inserting service_kind=0 source=16 tag=Measurement.PackageMeasurementTaskService.UPLOAD_TASK_TAG target_package=com.google.android.gms requires_charging=0 source_version=203915000 required_network_type=0 flex_time=2063000 persistence_level=1 target_class=com.google.android.gms.measurement.PackageMeasurementTaskService runtime=1667386201553 retry_strategy={"maximum_backoff_seconds":{"3600":0},"initial_backoff_seconds":{"30":0},"retry_policy":{"0":0}} preferred_network_type=1 required_idleness_state=0 preferred_charging_state=1 period=4128000 last_runtime=0 task_type=0 job_id=-1 user_id=0, error message: UNIQUE constraint failed: pending_ops.tag, pending_ops.target_class, pending_ops.target_package, pending_ops.user_id (code 2067) [CONTEXT service_id=218 ]
11-02 11:50:01.664   785 17263 W NetworkScheduler: Error inserting service_kind=0 source=16 tag=Measurement.PackageMeasurementTaskService.UPLOAD_TASK_TAG target_package=com.google.android.gms requires_charging=0 source_version=203915000 required_network_type=0 flex_time=2063000 persistence_level=1 target_class=com.google.android.gms.measurement.PackageMeasurementTaskService runtime=1667386201660 retry_strategy={"maximum_backoff_seconds":{"3600":0},"initial_backoff_seconds":{"30":0},"retry_policy":{"0":0}} preferred_network_type=1 required_idleness_state=0 preferred_charging_state=1 period=4128000 last_runtime=0 task_type=0 job_id=-1 user_id=0, error message: UNIQUE constraint failed: pending_ops.tag, pending_ops.target_class, pending_ops.target_package, pending_ops.user_id (code 2067) [CONTEXT service_id=218 ]
11-02 11:50:01.811 17076 17081 I art     : Do partial code cache collection, code=19KB, data=30KB
11-02 11:50:01.813 17076 17081 I art     : After code cache collection, code=19KB, data=30KB
11-02 11:50:01.813 17076 17081 I art     : Increasing code cache capacity to 128KB
11-02 11:50:01.844 17076 17417 W ResourceType: ResTable_typeSpec entry count inconsistent: given 67, previously 69
11-02 11:50:01.844 17076 17417 W ResourceType: ResTable_typeSpec entry count inconsistent: given 5346, previously 5347
11-02 11:50:01.869 17076 17076 E Sensors : sendAck failure -1 1
11-02 11:50:01.869 17076 17076 E Sensors : sendAck failure -1 2
11-02 11:50:01.869 17076 17076 E Sensors : sendAck failure -1 3
11-02 11:50:01.869 17076 17076 E Sensors : sendAck failure -1 4
11-02 11:50:01.869 17076 17076 E Sensors : sendAck failure -1 5
11-02 11:50:01.870 17076 17076 E Sensors : sendAck failure -1 6
11-02 11:50:01.870 17076 17076 E Sensors : sendAck failure -1 7
11-02 11:50:01.870 17076 17076 E Sensors : sendAck failure -1 8
11-02 11:50:01.870 17076 17076 E Sensors : sendAck failure -1 9
11-02 11:50:01.875 17076 17076 E Sensors : sendAck failure -1 1
11-02 11:50:01.875 17076 17076 E Sensors : sendAck failure -1 2
11-02 11:50:01.875 17076 17076 E Sensors : sendAck failure -1 3
11-02 11:50:01.875 17076 17076 E Sensors : sendAck failure -1 4
11-02 11:50:01.875 17076 17076 E Sensors : sendAck failure -1 5
11-02 11:50:01.896 17076 17076 I Choreographer: Skipped 38 frames!  The application may be doing too much work on its main thread.
11-02 11:50:02.085 17076 17076 W View    : requestLayout() improperly called by com.opera.android.custom_views.FadingRecyclerView{cdf35e1 VFED.V... ......ID 0,813-1536,813 #7f0a0825 app:id/suggested_dials_grid} during layout: running second layout pass
11-02 11:50:02.311 17076 17086 I art     : Background partial concurrent mark sweep GC freed 32510(1578KB) AllocSpace objects, 5(200KB) LOS objects, 40% free, 11MB/19MB, paused 2.048ms total 181ms
11-02 11:50:02.590 17440 17440 I dex2oat : /system/bin/dex2oat --dex-file=/data/user/0/com.opera.browser/code_cache/.​  ​ ​ --oat-fd=196 --oat-location=/data/user/0/com.opera.browser/code_cache/.  ​  --compiler-filter=speed
11-02 11:50:02.918 17440 17440 I dex2oat : dex2oat took 329.420ms (threads: 2) arena alloc=432KB (442800B) java alloc=32KB (33064B) native alloc=354KB (362688B) free=1181KB (1210176B)
11-02 11:50:03.021 17076 17076 E Sensors : sendAck failure -1 1
11-02 11:50:03.021 17076 17076 E Sensors : sendAck failure -1 2
11-02 11:50:03.021 17076 17076 E Sensors : sendAck failure -1 3
11-02 11:50:03.021 17076 17076 E Sensors : sendAck failure -1 4
11-02 11:50:03.021 17076 17076 E Sensors : sendAck failure -1 5
11-02 11:50:03.021 17076 17076 E Sensors : sendAck failure -1 6
11-02 11:50:03.021 17076 17076 E Sensors : sendAck failure -1 7
11-02 11:50:03.021 17076 17076 E Sensors : sendAck failure -1 8
11-02 11:50:03.021 17076 17076 E Sensors : sendAck failure -1 9
11-02 11:50:03.021 17076 17076 E Sensors : sendAck failure -1 10
11-02 11:50:03.021 17076 17076 E Sensors : sendAck failure -1 11
11-02 11:50:03.021 17076 17076 E Sensors : sendAck failure -1 12
11-02 11:50:03.021 17076 17076 E Sensors : sendAck failure -1 13
11-02 11:50:03.021 17076 17076 E Sensors : sendAck failure -1 14
11-02 11:50:03.021 17076 17076 E Sensors : sendAck failure -1 15
11-02 11:50:03.021 17076 17076 E Sensors : sendAck failure -1 16
11-02 11:50:03.021 17076 17076 E Sensors : sendAck failure -1 17
11-02 11:50:03.021 17076 17076 E Sensors : sendAck failure -1 18
11-02 11:50:03.021 17076 17076 E Sensors : sendAck failure -1 19
11-02 11:50:03.021 17076 17076 E Sensors : sendAck failure -1 20
11-02 11:50:03.021 17076 17076 E Sensors : sendAck failure -1 21
11-02 11:50:03.021 17076 17076 E Sensors : sendAck failure -1 22
11-02 11:50:03.021 17076 17076 E Sensors : sendAck failure -1 23
11-02 11:50:03.022 17076 17076 E Sensors : sendAck failure -1 1
11-02 11:50:03.022 17076 17076 E Sensors : sendAck failure -1 2
11-02 11:50:03.022 17076 17076 E Sensors : sendAck failure -1 3
11-02 11:50:03.022 17076 17076 E Sensors : sendAck failure -1 4
11-02 11:50:03.022 17076 17076 E Sensors : sendAck failure -1 5
11-02 11:50:03.022 17076 17076 E Sensors : sendAck failure -1 6
11-02 11:50:03.022 17076 17076 E Sensors : sendAck failure -1 7
11-02 11:50:03.022 17076 17076 E Sensors : sendAck failure -1 8
11-02 11:50:03.022 17076 17076 E Sensors : sendAck failure -1 9
11-02 11:50:03.022 17076 17076 E Sensors : sendAck failure -1 10
11-02 11:50:03.022 17076 17076 E Sensors : sendAck failure -1 11
11-02 11:50:03.022 17076 17076 E Sensors : sendAck failure -1 12
11-02 11:50:03.022 17076 17076 E Sensors : sendAck failure -1 13
11-02 11:50:03.022 17076 17076 E Sensors : sendAck failure -1 14
11-02 11:50:03.022 17076 17076 E Sensors : sendAck failure -1 15
11-02 11:50:03.022 17076 17076 E Sensors : sendAck failure -1 16
11-02 11:50:03.022 17076 17076 E Sensors : sendAck failure -1 17
11-02 11:50:03.022 17076 17076 E Sensors : sendAck failure -1 18
11-02 11:50:03.022 17076 17076 E Sensors : sendAck failure -1 19
11-02 11:50:03.022 17076 17076 E Sensors : sendAck failure -1 20
11-02 11:50:03.022 17076 17076 E Sensors : sendAck failure -1 21
11-02 11:50:03.022 17076 17076 E Sensors : sendAck failure -1 22
11-02 11:50:03.022 17076 17076 E Sensors : sendAck failure -1 23
11-02 11:50:03.118 17448 17448 I dex2oat : /system/bin/dex2oat --dex-file=/data/user/0/com.opera.browser/code_cache/.    ​ --oat-fd=196 --oat-location=/data/user/0/com.opera.browser/code_cache/.    --compiler-filter=speed
11-02 11:50:03.318 17076 17086 I art     : Background sticky concurrent mark sweep GC freed 61543(4MB) AllocSpace objects, 43(1844KB) LOS objects, 31% free, 13MB/19MB, paused 3.919ms total 102.923ms
11-02 11:50:03.472 17076 17081 I art     : Do partial code cache collection, code=37KB, data=61KB
11-02 11:50:03.476 17076 17081 I art     : After code cache collection, code=37KB, data=61KB
11-02 11:50:03.476 17076 17081 I art     : Increasing code cache capacity to 256KB
11-02 11:50:03.482 17448 17448 I dex2oat : dex2oat took 364.957ms (threads: 2) arena alloc=567KB (581496B) java alloc=101KB (104080B) native alloc=523KB (536408B) free=1524KB (1560744B)
11-02 11:50:03.859 17076 17086 I art     : Background partial concurrent mark sweep GC freed 37845(1850KB) AllocSpace objects, 8(896KB) LOS objects, 39% free, 13MB/22MB, paused 4.930ms total 106.124ms
11-02 11:50:04.540 17326 17326 D MonkeyStub: translateCommand: tap 57 93
11-02 11:50:06.644 17326 17326 D MonkeyStub: translateCommand: tap 57 93
11-02 11:50:08.692 17326 17326 D MonkeyStub: translateCommand: tap 446 593
11-02 11:50:10.944 17326 17326 D MonkeyStub: translateCommand: tap 667 302
11-02 11:50:11.030 17076 17081 I art     : Do full code cache collection, code=84KB, data=124KB
11-02 11:50:11.031 17076 17081 I art     : Starting a blocking GC JitCodeCache
11-02 11:50:11.031 17076 17081 I art     : After code cache collection, code=66KB, data=70KB
11-02 11:50:14.223 17326 17326 D MonkeyStub: translateCommand: tap 1286 930
11-02 11:50:15.657 17326 17326 D MonkeyStub: translateCommand: tap 62 98
11-02 11:50:15.714 17326 17326 D MonkeyStub: translateCommand: tap 729 89
11-02 11:50:15.721 17326 17326 D MonkeyStub: Quit requested
11-02 11:50:15.741   601   615 I CwMcuSensor: CwMcuSensor::flush: fd = 237, sensors_id = 0, path = /sys/class/htc_sensorhub/sensor_hub/flush, err = 0
11-02 11:50:15.748 17326 17326 I art     : System.exit called, status: 16
11-02 11:50:15.748 17326 17326 I AndroidRuntime: VM exiting with result code 16.
11-02 11:50:15.787   601 17045 W WindowManager: Attempted to remove non-existing token: android.os.Binder@ecff91a
11-02 11:50:16.025   601 15862 E BatteryStatsService: power: Missing API
11-02 11:50:16.033   601 15862 E BatteryStatsService: no controller energy info supplied
11-02 11:50:16.034   799   799 E PhoneInterfaceManager: [PhoneIntfMgr] queryModemActivityInfo: Empty response
11-02 11:50:16.042   601 15862 E BatteryStatsService: modem info is invalid: ModemActivityInfo{ mTimestamp=0 mSleepTimeMs=0 mIdleTimeMs=0 mTxTimeMs[]=[0, 0, 0, 0, 0] mRxTimeMs=0 mEnergyUsed=0}
11-02 11:50:16.045   601   614 W ProcessCpuTracker: Skipping unknown process pid 17482
11-02 11:50:16.465 17485 17485 D AndroidRuntime: >>>>>> START com.android.internal.os.RuntimeInit uid 2000 <<<<<<
11-02 11:50:16.470 17485 17485 D AndroidRuntime: CheckJNI is OFF
11-02 11:50:16.537 17485 17485 D ICU     : No timezone override file found: /data/misc/zoneinfo/current/icu/icu_tzdata.dat
11-02 11:50:16.567 17485 17485 I Radio-JNI: register_android_hardware_Radio DONE
11-02 11:50:16.582 17485 17485 D AndroidRuntime: Calling main entry com.android.commands.am.Am
11-02 11:50:16.600   601  1452 I ActivityManager: START u0 {act=android.intent.action.VIEW dat=http://192.168.40.1/... flg=0x10000000 cmp=com.opera.browser/com.opera.Opera} from uid 2000 on display 0
11-02 11:50:16.608 17485 17485 D AndroidRuntime: Shutting down VM
11-02 11:50:16.706 17076 17076 W art     : Before Android 4.1, method double java.util.concurrent.ThreadLocalRandom.internalNextDouble(double, double) would have incorrectly overridden the package-private method in java.util.Random
11-02 11:50:16.706 17076 17076 W art     : Before Android 4.1, method int java.util.concurrent.ThreadLocalRandom.internalNextInt(int, int) would have incorrectly overridden the package-private method in java.util.Random
11-02 11:50:16.706 17076 17076 W art     : Before Android 4.1, method long java.util.concurrent.ThreadLocalRandom.internalNextLong(long, long) would have incorrectly overridden the package-private method in java.util.Random
11-02 11:50:16.735 26552 26552 I MemoryTrimmer: Trimming objects from memory, since app is in the background.
11-02 11:50:16.757   601   620 D BluetoothManagerService: Message: 20
11-02 11:50:16.757   601   620 D BluetoothManagerService: Added callback: android.bluetooth.IBluetoothManagerCallback$Stub$Proxy@c1e11cf:true
11-02 11:50:16.762   601  7042 I ActivityManager: Start proc 17498:com.opera.browser:sandboxed_process0/u0a122 for service com.opera.browser/com.opera.android.browser.chromium.services.SandboxedProcessService0
11-02 11:50:16.819 17498 17498 I art     : Starting a blocking GC AddRemoveAppImageSpace
11-02 11:50:16.840 17498 17498 I LoadedApk: No resource references to update in package com.opera.browser.nord_vpn
11-02 11:50:16.867 17076 17446 W ResourceType: ResTable_typeSpec entry count inconsistent: given 67, previously 69
11-02 11:50:16.867 17076 17446 W ResourceType: ResTable_typeSpec entry count inconsistent: given 5346, previously 5347
11-02 11:50:17.017   785  1711 I FontLog : Received query name=Google Sans&weight=400&besteffort=false, URI content://com.google.android.gms.fonts [CONTEXT service_id=132 ]
11-02 11:50:17.017   785  1711 I FontLog : Query [name=Google Sans&weight=400&besteffort=false] resolved to {Google Sans, wdth 100.0, wght 400, ital 0.0, bestEffort false} [CONTEXT service_id=132 ]
11-02 11:50:17.020   785  1711 I FontLog : Font PFD returned from cache for {Google Sans, wdth 100.0, wght 400, ital 0.0, bestEffort false} [CONTEXT service_id=132 ]
11-02 11:50:17.020   785  1711 I FontLog : Fetch {Google Sans, wdth 100.0, wght 400, ital 0.0, bestEffort false} end status Status{statusCode=SUCCESS, resolution=null} [CONTEXT service_id=132 ]
11-02 11:50:17.029   785   804 I FontLog : Pulling font file for id = 283, cache size = 5 [CONTEXT service_id=132 ]
11-02 11:50:17.038   785   798 I FontLog : Received query name=Google Sans&weight=500&besteffort=false, URI content://com.google.android.gms.fonts [CONTEXT service_id=132 ]
11-02 11:50:17.038   785   798 I FontLog : Query [name=Google Sans&weight=500&besteffort=false] resolved to {Google Sans, wdth 100.0, wght 500, ital 0.0, bestEffort false} [CONTEXT service_id=132 ]
11-02 11:50:17.039   785   798 I FontLog : Font PFD returned from cache for {Google Sans, wdth 100.0, wght 500, ital 0.0, bestEffort false} [CONTEXT service_id=132 ]
11-02 11:50:17.039   785   798 I FontLog : Fetch {Google Sans, wdth 100.0, wght 500, ital 0.0, bestEffort false} end status Status{statusCode=SUCCESS, resolution=null} [CONTEXT service_id=132 ]
11-02 11:50:17.050   785  1195 I FontLog : Pulling font file for id = 284, cache size = 4 [CONTEXT service_id=132 ]
11-02 11:50:17.066   785  1694 I FontLog : Received query name=Google Sans&weight=700&besteffort=false, URI content://com.google.android.gms.fonts [CONTEXT service_id=132 ]
11-02 11:50:17.066   785  1694 I FontLog : Query [name=Google Sans&weight=700&besteffort=false] resolved to {Google Sans, wdth 100.0, wght 700, ital 0.0, bestEffort false} [CONTEXT service_id=132 ]
11-02 11:50:17.067   785  1694 I FontLog : Fetch {Google Sans, wdth 100.0, wght 700, ital 0.0, bestEffort false} end status Status{statusCode=SUCCESS, resolution=null} [CONTEXT service_id=132 ]
11-02 11:50:17.071   785  1711 I FontLog : Pulling font file for id = 285, cache size = 5 [CONTEXT service_id=132 ]
11-02 11:50:17.075   785  1706 I FontLog : Received query name=Noto Color Emoji Compat&weight=400&besteffort=false, URI content://com.google.android.gms.fonts [CONTEXT service_id=132 ]
11-02 11:50:17.075   785  1706 I FontLog : Query [name=Noto Color Emoji Compat&weight=400&besteffort=false] resolved to {Noto Color Emoji Compat, wdth 100.0, wght 400, ital 0.0, bestEffort false} [CONTEXT service_id=132 ]
11-02 11:50:17.077   785  1706 I FontLog : Fetch {Noto Color Emoji Compat, wdth 100.0, wght 400, ital 0.0, bestEffort false} end status Status{statusCode=SUCCESS, resolution=null} [CONTEXT service_id=132 ]
11-02 11:50:17.081   785   798 I FontLog : Pulling font file for id = 286, cache size = 6 [CONTEXT service_id=132 ]
11-02 11:50:17.194 17076 17081 I art     : Do partial code cache collection, code=88KB, data=113KB
11-02 11:50:17.195 17076 17081 I art     : After code cache collection, code=87KB, data=112KB
11-02 11:50:17.195 17076 17081 I art     : Increasing code cache capacity to 512KB
11-02 11:50:17.514   785 17519 I SQLiteConnectionPool: The connection pool for /data/user/0/com.google.android.gms/databases/metadata.db has been closed but there are still 1 connections in use.  They will be closed as they are released back to the pool.
11-02 11:50:17.531   785 17263 W FontLog : Error updating last accessed time for {Google Sans, wdth 100.0, wght 700, ital 0.0, bestEffort false}. [CONTEXT service_id=132 ]
11-02 11:50:17.531   785 17263 W FontLog : java.lang.IllegalStateException: Cannot perform this operation because the connection pool has been closed.
11-02 11:50:17.531   785 17263 W FontLog : 	at android.database.sqlite.SQLiteConnectionPool.throwIfClosedLocked(SQLiteConnectionPool.java:962)
11-02 11:50:17.531   785 17263 W FontLog : 	at android.database.sqlite.SQLiteConnectionPool.waitForConnection(SQLiteConnectionPool.java:677)
11-02 11:50:17.531   785 17263 W FontLog : 	at android.database.sqlite.SQLiteConnectionPool.acquireConnection(SQLiteConnectionPool.java:348)
11-02 11:50:17.531   785 17263 W FontLog : 	at android.database.sqlite.SQLiteSession.acquireConnection(SQLiteSession.java:894)
11-02 11:50:17.531   785 17263 W FontLog : 	at android.database.sqlite.SQLiteSession.executeForChangedRowCount(SQLiteSession.java:752)
11-02 11:50:17.531   785 17263 W FontLog : 	at android.database.sqlite.SQLiteStatement.executeUpdateDelete(SQLiteStatement.java:64)
11-02 11:50:17.531   785 17263 W FontLog : 	at android.database.sqlite.SQLiteDatabase.executeSql(SQLiteDatabase.java:1679)
11-02 11:50:17.531   785 17263 W FontLog : 	at android.database.sqlite.SQLiteDatabase.execSQL(SQLiteDatabase.java:1658)
11-02 11:50:17.531   785 17263 W FontLog : 	at aafx.run(Unknown Source)
11-02 11:50:17.531   785 17263 W FontLog : 	at sup.b(:com.google.android.gms@203915020@20.39.15 (040406-335085812):12)
11-02 11:50:17.531   785 17263 W FontLog : 	at sup.run(:com.google.android.gms@203915020@20.39.15 (040406-335085812):7)
11-02 11:50:17.531   785 17263 W FontLog : 	at java.util.concurrent.ThreadPoolExecutor.runWorker(ThreadPoolExecutor.java:1133)
11-02 11:50:17.531   785 17263 W FontLog : 	at java.util.concurrent.ThreadPoolExecutor$Worker.run(ThreadPoolExecutor.java:607)
11-02 11:50:17.531   785 17263 W FontLog : 	at tam.run(:com.google.android.gms@203915020@20.39.15 (040406-335085812):0)
11-02 11:50:17.531   785 17263 W FontLog : 	at java.lang.Thread.run(Thread.java:761)
11-02 11:50:17.588   785 15368 W NetworkScheduler: Error inserting service_kind=0 source=16 tag=Measurement.PackageMeasurementTaskService.UPLOAD_TASK_TAG target_package=com.google.android.gms requires_charging=0 source_version=203915000 required_network_type=0 flex_time=2047000 persistence_level=1 target_class=com.google.android.gms.measurement.PackageMeasurementTaskService runtime=1667386217584 retry_strategy={"maximum_backoff_seconds":{"3600":0},"initial_backoff_seconds":{"30":0},"retry_policy":{"0":0}} preferred_network_type=1 required_idleness_state=0 preferred_charging_state=1 period=4096000 last_runtime=0 task_type=0 job_id=-1 user_id=0, error message: UNIQUE constraint failed: pending_ops.tag, pending_ops.target_class, pending_ops.target_package, pending_ops.user_id (code 2067) [CONTEXT service_id=218 ]
11-02 11:50:20.665   601  9663 D DnsEventListenerService: Logging 100 results for netId 100
11-02 11:50:29.678 17571 17571 D AndroidRuntime: >>>>>> START com.android.internal.os.RuntimeInit uid 2000 <<<<<<
11-02 11:50:29.682 17571 17571 D AndroidRuntime: CheckJNI is OFF
11-02 11:50:29.788 17571 17571 D ICU     : No timezone override file found: /data/misc/zoneinfo/current/icu/icu_tzdata.dat
11-02 11:50:29.827 17571 17571 I Radio-JNI: register_android_hardware_Radio DONE
11-02 11:50:29.846 17571 17571 D AndroidRuntime: Calling main entry com.android.commands.monkey.Monkey
11-02 11:50:29.939   601   614 W BroadcastQueue: Skipping deliver [background] BroadcastRecord{931cfa8 u-1 android.net.conn.CONNECTIVITY_CHANGE} to ReceiverList{b6acac1 17571 (unknown name)/2000/u-1 remote:27669a}: process crashing
11-02 11:50:31.313 17571 17571 D MonkeyStub: translateCommand: wake
11-02 11:50:31.433 17571 17571 D MonkeyStub: translateCommand: tap 1339 1877
11-02 11:50:41.321 26552 26552 I MemoryTrimmer: Trimming objects from memory, since app is in the background.
11-02 11:50:41.481 17571 17571 D MonkeyStub: translateCommand: touch down 614 1561
11-02 11:50:41.490 17571 17571 D MonkeyStub: translateCommand: touch move 614 1561
11-02 11:50:41.595 17571 17571 D MonkeyStub: translateCommand: touch move 614 1436
11-02 11:50:41.714 17571 17571 D MonkeyStub: translateCommand: touch move 614 1311
11-02 11:50:41.819 17571 17571 D MonkeyStub: translateCommand: touch move 614 1186
11-02 11:50:41.925 17571 17571 D MonkeyStub: translateCommand: touch move 614 1061
11-02 11:50:42.031 17571 17571 D MonkeyStub: translateCommand: touch move 614 937
11-02 11:50:42.140 17571 17571 D MonkeyStub: translateCommand: touch move 614 812
11-02 11:50:42.245 17571 17571 D MonkeyStub: translateCommand: touch move 614 687
11-02 11:50:42.363 17571 17571 D MonkeyStub: translateCommand: touch move 614 562
11-02 11:50:42.497 17571 17571 D MonkeyStub: translateCommand: touch move 614 437
11-02 11:50:42.603 17571 17571 D MonkeyStub: translateCommand: touch move 614 312
11-02 11:50:42.612 17571 17571 D MonkeyStub: translateCommand: touch up 614 312
11-02 11:50:44.655 17571 17571 D MonkeyStub: translateCommand: touch down 614 1561
11-02 11:50:44.667 17571 17571 D MonkeyStub: translateCommand: touch move 614 1561
11-02 11:50:44.793 17571 17571 D MonkeyStub: translateCommand: touch move 614 1436
11-02 11:50:44.890 17076 17086 W art     : Suspending all threads took: 14.883ms
11-02 11:50:44.906 17571 17571 D MonkeyStub: translateCommand: touch move 614 1311
11-02 11:50:44.990 17076 17086 I art     : Background sticky concurrent mark sweep GC freed 125355(5MB) AllocSpace objects, 6(140KB) LOS objects, 21% free, 18MB/23MB, paused 22.412ms total 182.054ms
11-02 11:50:45.011 17571 17571 D MonkeyStub: translateCommand: touch move 614 1186
11-02 11:50:45.116 17571 17571 D MonkeyStub: translateCommand: touch move 614 1061
11-02 11:50:45.225 17571 17571 D MonkeyStub: translateCommand: touch move 614 937
11-02 11:50:45.338 17571 17571 D MonkeyStub: translateCommand: touch move 614 812
11-02 11:50:45.445 17571 17571 D MonkeyStub: translateCommand: touch move 614 687
11-02 11:50:45.552 17571 17571 D MonkeyStub: translateCommand: touch move 614 562
11-02 11:50:45.742 17571 17571 D MonkeyStub: translateCommand: touch move 614 437
11-02 11:50:45.860 17571 17571 D MonkeyStub: translateCommand: touch move 614 312
11-02 11:50:45.869 17571 17571 D MonkeyStub: translateCommand: touch up 614 312
11-02 11:50:48.922 17571 17571 D MonkeyStub: translateCommand: touch down 614 312
11-02 11:50:48.929 17571 17571 D MonkeyStub: translateCommand: touch move 614 312
11-02 11:50:49.033 17571 17571 D MonkeyStub: translateCommand: touch move 614 437
11-02 11:50:49.140 17571 17571 D MonkeyStub: translateCommand: touch move 614 562
11-02 11:50:49.245 17571 17571 D MonkeyStub: translateCommand: touch move 614 687
11-02 11:50:49.362 17571 17571 D MonkeyStub: translateCommand: touch move 614 812
11-02 11:50:49.467 17571 17571 D MonkeyStub: translateCommand: touch move 614 937
11-02 11:50:49.603 17571 17571 D MonkeyStub: translateCommand: touch move 614 1061
11-02 11:50:49.709 17571 17571 D MonkeyStub: translateCommand: touch move 614 1186
11-02 11:50:49.814 17571 17571 D MonkeyStub: translateCommand: touch move 614 1311
11-02 11:50:49.919 17571 17571 D MonkeyStub: translateCommand: touch move 614 1436
11-02 11:50:50.047 17571 17571 D MonkeyStub: translateCommand: touch move 614 1561
11-02 11:50:50.052 17571 17571 D MonkeyStub: translateCommand: touch up 614 1561
11-02 11:50:50.077 17571 17571 D MonkeyStub: translateCommand: touch down 614 312
11-02 11:50:50.082 17571 17571 D MonkeyStub: translateCommand: touch move 614 312
11-02 11:50:50.199 17571 17571 D MonkeyStub: translateCommand: touch move 614 437
11-02 11:50:50.303 17571 17571 D MonkeyStub: translateCommand: touch move 614 562
11-02 11:50:50.419 17571 17571 D MonkeyStub: translateCommand: touch move 614 687
11-02 11:50:50.527 17571 17571 D MonkeyStub: translateCommand: touch move 614 812
11-02 11:50:50.635 17571 17571 D MonkeyStub: translateCommand: touch move 614 937
11-02 11:50:50.752 17571 17571 D MonkeyStub: translateCommand: touch move 614 1061
11-02 11:50:50.860 17571 17571 D MonkeyStub: translateCommand: touch move 614 1186
11-02 11:50:50.972 17571 17571 D MonkeyStub: translateCommand: touch move 614 1311
11-02 11:50:51.088 17571 17571 D MonkeyStub: translateCommand: touch move 614 1436
11-02 11:50:51.196 17571 17571 D MonkeyStub: translateCommand: touch move 614 1561
11-02 11:50:51.201 17571 17571 D MonkeyStub: translateCommand: touch up 614 1561
11-02 11:50:52.542 17498 17512 I chromium: [INFO:pipeline_controller.cc(46)] MCHR-300: Starting pipeline, demuxer: FFmpegDemuxer
11-02 11:50:52.577 17498 17515 I chromium: [INFO:ffmpeg_glue.cc(159)] MCHR-300: Container: mov,mp4,m4a,3gp,3g2,mj2
11-02 11:50:54.438 17076 17076 V MediaRouter: Adding route: RouteInfo{ name=Tablet, description=null, status=null, category=RouteCategory{ name=null types=ROUTE_TYPE_LIVE_AUDIO ROUTE_TYPE_LIVE_VIDEO  groupable=false }, supportedTypes=ROUTE_TYPE_LIVE_AUDIO ROUTE_TYPE_LIVE_VIDEO , presentationDisplay=null }
11-02 11:50:54.441 17076 17076 V MediaRouter: Updating audio routes: AudioRoutesInfo{ type=SPEAKER }
11-02 11:50:54.443 17076 17076 V MediaRouter: Selecting route: RouteInfo{ name=Tablet, description=null, status=null, category=RouteCategory{ name=null types=ROUTE_TYPE_LIVE_AUDIO ROUTE_TYPE_LIVE_VIDEO  groupable=false }, supportedTypes=ROUTE_TYPE_LIVE_AUDIO ROUTE_TYPE_LIVE_VIDEO , presentationDisplay=null }
11-02 11:50:54.463 17076 17076 V MediaRouter: Selecting route: RouteInfo{ name=Tablet, description=null, status=null, category=RouteCategory{ name=null types=ROUTE_TYPE_LIVE_AUDIO ROUTE_TYPE_LIVE_VIDEO  groupable=false }, supportedTypes=ROUTE_TYPE_LIVE_AUDIO ROUTE_TYPE_LIVE_VIDEO , presentationDisplay=null }
11-02 11:50:54.473 26552 26552 I MemoryTrimmer: Trimming objects from memory, since app is in the background.
11-02 11:50:54.487 23975 13576 I CastDatabase: Opening the database
11-02 11:50:54.499   601   648 I WifiHAL : Got channel list with 13 channels
11-02 11:50:54.502   601   648 I WifiHAL : Got channel list with 4 channels
11-02 11:50:54.503   601   648 I WifiHAL : Got channel list with 15 channels
11-02 11:50:54.516 23975 23975 I DiscoveryManager: WifiGuestModeDeviceScanner enabled.
11-02 11:50:54.540 23975 13576 I SQLiteCastStore: 2 CastNetworkInfo instances loaded, 1 CastDeviceInfo instances loaded, 0 paired guest mode devices loaded.
11-02 11:50:54.541 23975 13576 I DiscoveryManager: Filter criteria(D38CB0C5) scannerFlags(0)
11-02 11:50:54.542 23975 13576 I CastDatabase: CastDeviceInfo created: V_ccc1392e-1c49-47b6-9861-18a932348b4a
11-02 11:50:54.542 23975 13576 W GuestModeDeviceProber: setFilterCriteria
11-02 11:50:54.564 23975 13576 E DeviceScanner: [BLE] Failed to start scan because the Bluetooth is disabled.
11-02 11:50:54.564 23975 13576 W DatabaseProcessor: processLocalDevices: failed to get the network info with non-null bssid.
11-02 11:50:54.573 23975 13576 W DatabaseProcessor: processLocalDevices: failed to get the network info with non-null bssid.
11-02 11:50:54.581 23975 13576 E DeviceScanner: [BLE] Failed to start scan because the Bluetooth is disabled.
11-02 11:50:54.581 23975 13576 W DatabaseProcessor: processLocalDevices: failed to get the network info with non-null bssid.
11-02 11:50:54.581 23975 13576 W DatabaseProcessor: processLocalDevices: failed to get the network info with non-null bssid.
11-02 11:50:54.642   601 15862 D DnsEventListenerService: Logging 100 results for netId 100
11-02 11:50:55.945 17076 17086 I art     : Background partial concurrent mark sweep GC freed 160836(6MB) AllocSpace objects, 10(316KB) LOS objects, 39% free, 16MB/27MB, paused 6.559ms total 152.869ms
11-02 11:50:56.045 17211 17728 W VideoCapabilities: Unrecognized level 0 for video/x-vnd.on2.vp8
11-02 11:50:56.063 17211 17728 I VideoCapabilities: Unsupported profile 4 for video/mp4v-es
11-02 11:50:56.076 17211 17729 W VideoCapabilities: Unrecognized level 0 for video/x-vnd.on2.vp8
11-02 11:50:56.082 17211 17729 I VideoCapabilities: Unsupported profile 4 for video/mp4v-es
11-02 11:50:56.326 17571 17571 D MonkeyStub: translateCommand: tap 724 439
11-02 11:50:57.574 23975  4479 W AdaptiveDiscoveryWorker: Exiting Adaptive Discovery. Current NetworkInfo is NULL.
11-02 11:50:57.884 23975  4479 W DatabaseProcessor: processLocalDevices: failed to get the network info with non-null bssid.
11-02 11:50:58.722   245   755 I MediaPlayerService: MediaPlayerService::getOMX
11-02 11:50:58.723 17211 17735 I OMXClient: MuxOMX ctor
11-02 11:50:58.724   242 15767 I OMXMaster: makeComponentInstance(OMX.google.aac.decoder) in mediacodec process
11-02 11:50:58.734 17211 17735 I MediaCodec: MediaCodec will operate in async mode
11-02 11:50:58.741 17498 17669 I chromium: [INFO:decoder_stream.cc(443)] MCHR-300: Selected MediaCodecAudioDecoder for audio decoding, config: codec: aac, profile: unknown, bytes_per_channel: 4, channel_layout: STEREO, channels: 2, samples_per_second: 48000, sample_format: Float 32-bit planar, bytes_per_frame: 8, seek_preroll: 0us, codec_delay: 0, has extra data: true, encryption scheme: Unencrypted, discard decoder delay: true, target_output_channel_layout: STEREO, target_output_sample_format: Unknown sample format, has aac extra data: true
11-02 11:50:59.930   196   196 E SELinux : avc:  denied  { find } for service=netd pid=17740 uid=2000 scontext=u:r:shell:s0 tcontext=u:object_r:netd_service:s0 tclass=service_manager permissive=0
11-02 11:50:59.941   196   196 E SELinux : avc:  denied  { find } for service=android.service.gatekeeper.IGateKeeperService pid=17740 uid=2000 scontext=u:r:shell:s0 tcontext=u:object_r:gatekeeper_service:s0 tclass=service_manager permissive=0
11-02 11:51:00.331 23975  4479 I DiscoveryManager: Filter criteria(null) scannerFlags(0)
11-02 11:51:00.336 17498 17512 I chromium: [INFO:pipeline_controller.cc(355)] MCHR-300: Pipeline stopped.
11-02 11:51:00.339 23975  4479 W GuestModeDeviceProber: setFilterCriteria
11-02 11:51:04.421 17571 17571 D MonkeyStub: translateCommand: touch down 614 1561
11-02 11:51:04.452 17571 17571 D MonkeyStub: translateCommand: touch move 614 1561
11-02 11:51:04.559 17571 17571 D MonkeyStub: translateCommand: touch move 614 1436
11-02 11:51:04.670 17571 17571 D MonkeyStub: translateCommand: touch move 614 1311
11-02 11:51:04.780 17571 17571 D MonkeyStub: translateCommand: touch move 614 1186
