11-01 23:39:34.106   600   647 I WifiHAL : Got channel list with 4 channels
11-01 23:39:34.106   600   647 I WifiHAL : Got channel list with 15 channels
11-01 23:39:34.110  9419 11306 I CastDatabase: Opening the database
11-01 23:39:34.200   600   609 I art     : Background partial concurrent mark sweep GC freed 58115(3MB) AllocSpace objects, 11(236KB) LOS objects, 33% free, 15MB/22MB, paused 1.136ms total 155.821ms
11-01 23:39:34.209  9419 11306 I SQLiteCastStore: 2 CastNetworkInfo instances loaded, 1 CastDeviceInfo instances loaded, 0 paired guest mode devices loaded.
11-01 23:39:34.209  9419 11306 I DiscoveryManager: Filter criteria(D38CB0C5) scannerFlags(0)
11-01 23:39:34.212  9419 11306 I CastDatabase: CastDeviceInfo created: V_ca5a3743-c855-40cc-996e-cb7b10ce003c
11-01 23:39:34.212  9419 11306 W GuestModeDeviceProber: setFilterCriteria
11-01 23:39:34.216  9419 11306 E DeviceScanner: [BLE] Failed to start scan because the Bluetooth is disabled.
11-01 23:39:34.217  9419 11306 W DatabaseProcessor: processLocalDevices: failed to get the network info with non-null bssid.
11-01 23:39:34.219  9419 11306 W DatabaseProcessor: processLocalDevices: failed to get the network info with non-null bssid.
11-01 23:39:34.234  9419 11306 E DeviceScanner: [BLE] Failed to start scan because the Bluetooth is disabled.
11-01 23:39:34.234  9419 11306 W DatabaseProcessor: processLocalDevices: failed to get the network info with non-null bssid.
11-01 23:39:34.234  9419 11306 W DatabaseProcessor: processLocalDevices: failed to get the network info with non-null bssid.
11-01 23:39:36.978 23161 23161 D MonkeyStub: translateCommand: touch down 614 312
11-01 23:39:36.993 23161 23161 D MonkeyStub: translateCommand: touch move 614 312
11-01 23:39:37.154 23161 23161 D MonkeyStub: translateCommand: touch move 614 437
11-01 23:39:37.219  9419  9544 W AdaptiveDiscoveryWorker: Exiting Adaptive Discovery. Current NetworkInfo is NULL.
11-01 23:39:37.335 23161 23161 D MonkeyStub: translateCommand: touch move 614 562
11-01 23:39:37.410  9419  9544 W DatabaseProcessor: processLocalDevices: failed to get the network info with non-null bssid.
11-01 23:39:37.439 23161 23161 D MonkeyStub: translateCommand: touch move 614 687
11-01 23:39:37.549 23161 23161 D MonkeyStub: translateCommand: touch move 614 812
11-01 23:39:37.656 23161 23161 D MonkeyStub: translateCommand: touch move 614 937
11-01 23:39:37.765 23161 23161 D MonkeyStub: translateCommand: touch move 614 1061
11-01 23:39:37.896 23161 23161 D MonkeyStub: translateCommand: touch move 614 1186
11-01 23:39:38.008 23161 23161 D MonkeyStub: translateCommand: touch move 614 1311
11-01 23:39:38.121 23161 23161 D MonkeyStub: translateCommand: touch move 614 1436
11-01 23:39:38.232 23161 23161 D MonkeyStub: translateCommand: touch move 614 1561
11-01 23:39:38.237 23161 23161 D MonkeyStub: translateCommand: touch up 614 1561
11-01 23:39:38.304 23161 23161 D MonkeyStub: translateCommand: touch down 614 312
11-01 23:39:38.308 23161 23161 D MonkeyStub: translateCommand: touch move 614 312
11-01 23:39:38.416 23161 23161 D MonkeyStub: translateCommand: touch move 614 437
11-01 23:39:38.525 23161 23161 D MonkeyStub: translateCommand: touch move 614 562
11-01 23:39:38.630 23161 23161 D MonkeyStub: translateCommand: touch move 614 687
11-01 23:39:38.734 23161 23161 D MonkeyStub: translateCommand: touch move 614 812
11-01 23:39:38.848 23161 23161 D MonkeyStub: translateCommand: touch move 614 937
11-01 23:39:38.960 23161 23161 D MonkeyStub: translateCommand: touch move 614 1061
11-01 23:39:39.085 23161 23161 D MonkeyStub: translateCommand: touch move 614 1186
11-01 23:39:39.196 23161 23161 D MonkeyStub: translateCommand: touch move 614 1311
11-01 23:39:39.306 23161 23161 D MonkeyStub: translateCommand: touch move 614 1436
11-01 23:39:39.427 23161 23161 D MonkeyStub: translateCommand: touch move 614 1561
11-01 23:39:39.438 23161 23161 D MonkeyStub: translateCommand: touch up 614 1561
11-01 23:39:44.581 23161 23161 D MonkeyStub: translateCommand: tap 724 439
11-01 23:39:45.618   198   198 E SELinux : avc:  denied  { find } for service=netd pid=23254 uid=2000 scontext=u:r:shell:s0 tcontext=u:object_r:netd_service:s0 tclass=service_manager permissive=0
11-01 23:39:45.621   198   198 E SELinux : avc:  denied  { find } for service=android.service.gatekeeper.IGateKeeperService pid=23254 uid=2000 scontext=u:r:shell:s0 tcontext=u:object_r:gatekeeper_service:s0 tclass=service_manager permissive=0
11-01 23:39:52.771 23161 23161 D MonkeyStub: translateCommand: touch down 614 1561
11-01 23:39:52.782 23161 23161 D MonkeyStub: translateCommand: touch move 614 1561
11-01 23:39:52.900 23161 23161 D MonkeyStub: translateCommand: touch move 614 1436
11-01 23:39:53.004 23161 23161 D MonkeyStub: translateCommand: touch move 614 1311
11-01 23:39:53.134 23161 23161 D MonkeyStub: translateCommand: touch move 614 1186
11-01 23:39:53.246 23161 23161 D MonkeyStub: translateCommand: touch move 614 1061
11-01 23:39:53.355 23161 23161 D MonkeyStub: translateCommand: touch move 614 937
11-01 23:39:53.469 23161 23161 D MonkeyStub: translateCommand: touch move 614 812
11-01 23:39:53.577 23161 23161 D MonkeyStub: translateCommand: touch move 614 687
11-01 23:39:53.686 23161 23161 D MonkeyStub: translateCommand: touch move 614 562
11-01 23:39:53.793 23161 23161 D MonkeyStub: translateCommand: touch move 614 437
11-01 23:39:53.902 23161 23161 D MonkeyStub: translateCommand: touch move 614 312
11-01 23:39:53.907 23161 23161 D MonkeyStub: translateCommand: touch up 614 312
11-01 23:39:53.942 23161 23161 D MonkeyStub: translateCommand: touch down 614 1561
11-01 23:39:53.950 23161 23161 D MonkeyStub: translateCommand: touch move 614 1561
11-01 23:39:54.059 23161 23161 D MonkeyStub: translateCommand: touch move 614 1436
11-01 23:39:54.164 23161 23161 D MonkeyStub: translateCommand: touch move 614 1311
11-01 23:39:54.272 23161 23161 D MonkeyStub: translateCommand: touch move 614 1186
11-01 23:39:54.382 23161 23161 D MonkeyStub: translateCommand: touch move 614 1061
11-01 23:39:54.492 23161 23161 D MonkeyStub: translateCommand: touch move 614 937
11-01 23:39:54.602 23161 23161 D MonkeyStub: translateCommand: touch move 614 812
11-01 23:39:54.712 23161 23161 D MonkeyStub: translateCommand: touch move 614 687
11-01 23:39:54.822 23161 23161 D MonkeyStub: translateCommand: touch move 614 562
11-01 23:39:54.930 23161 23161 D MonkeyStub: translateCommand: touch move 614 437
11-01 23:39:55.040 23161 23161 D MonkeyStub: translateCommand: touch move 614 312
11-01 23:39:55.048 23161 23161 D MonkeyStub: translateCommand: touch up 614 312
11-01 23:40:00.142 23161 23161 D MonkeyStub: Quit requested
11-01 23:40:00.156   600   614 I CwMcuSensor: CwMcuSensor::flush: fd = 229, sensors_id = 0, path = /sys/class/htc_sensorhub/sensor_hub/flush, err = 0
11-01 23:40:00.165 23161 23161 I art     : System.exit called, status: 82
11-01 23:40:00.165 23161 23161 I AndroidRuntime: VM exiting with result code 82.
11-01 23:40:00.190   600  8040 W WindowManager: Attempted to remove non-existing token: android.os.Binder@514f996
11-01 23:40:16.315 23271 23271 D AndroidRuntime: >>>>>> START com.android.internal.os.RuntimeInit uid 2000 <<<<<<
11-01 23:40:16.318 23271 23271 D AndroidRuntime: CheckJNI is OFF
11-01 23:40:16.384 23271 23271 D ICU     : No timezone override file found: /data/misc/zoneinfo/current/icu/icu_tzdata.dat
11-01 23:40:16.412 23271 23271 I Radio-JNI: register_android_hardware_Radio DONE
11-01 23:40:16.427 23271 23271 D AndroidRuntime: Calling main entry com.android.commands.am.Am
11-01 23:40:16.443   600  1664 I ActivityManager: Force stopping com.opera.browser appid=10122 user=0: from pid 23271
11-01 23:40:16.443   600  1664 I ActivityManager: Killing 22803:com.opera.browser:privileged_process0/u0a122 (adj 0): stop com.opera.browser
11-01 23:40:16.443   600  1664 D ActivityManager: cleanUpApplicationRecord -- 22803
11-01 23:40:16.443   600  1664 W ActivityManager: Scheduling restart of crashed service com.opera.browser/com.opera.android.browser.chromium.services.PrivilegedProcessService0 in 1000ms
11-01 23:40:16.446   600  1664 I ActivityManager: Killing 22664:com.opera.browser/u0a122 (adj 0): stop com.opera.browser
11-01 23:40:16.446   600  1664 D ActivityManager: cleanUpApplicationRecord -- 22664
11-01 23:40:16.448   600  1664 W ActivityManager: Force removing ActivityRecord{96c1ba2 u0 com.opera.browser/com.opera.android.BrowserActivity t1473}: app died, no saved state
11-01 23:40:16.468 23083 23083 I art     : System.exit called, status: 0
11-01 23:40:16.468 23083 23083 I AndroidRuntime: VM exiting with result code 0, cleanup skipped.
11-01 23:40:16.479   600  1664 I ActivityManager: Killing 23083:com.opera.browser:sandboxed_process0/u0a122 (adj 0): stop com.opera.browser
11-01 23:40:16.479   600  1664 D ActivityManager: cleanUpApplicationRecord -- 23083
11-01 23:40:16.486 23271 23271 D AndroidRuntime: Shutting down VM
11-01 23:40:16.507  1075  1164 I OpenGLRenderer: Initialized EGL, version 1.4
11-01 23:40:16.507  1075  1164 D OpenGLRenderer: Swap behavior 2
11-01 23:40:16.546  1058  1058 D RegisteredNfcFServicesCache: Service unchanged, not updating
11-01 23:40:16.601  8521  8532 I AttachedClient: Adding client event 2 to pending list.
11-01 23:40:16.611  8521  8521 I OptInState: There is a new client and it does not support opt-in. Dropping request.
11-01 23:40:16.613  8521  8521 I MicroDetectionWorker: Micro detection mode: [mDetectionMode: [1]].
11-01 23:40:16.625  8521 23286 I MicroRecognitionRunner: Starting detection.
11-01 23:40:16.625  8521  8553 I MicrophoneInputStream: mic_starting com.google.android.apps.gsa.speech.audio.ae@ab2d3ae
11-01 23:40:16.638   238 23288 I AudioFlinger: AudioFlinger's thread 0xec312ec0 ready to run
11-01 23:40:16.646   238   286 I SoundTriggerHwService::Module: void android::SoundTriggerHwService::Module::onCallbackEvent(const sp<android::SoundTriggerHwService::CallbackEvent> &) mClient == 0
11-01 23:40:16.651  8521  8553 I MicrophoneInputStream: mic_started com.google.android.apps.gsa.speech.audio.ae@ab2d3ae
11-01 23:40:16.779   600  1666 D ConnectivityService: ConnectivityService NetworkRequestInfo binderDied(NetworkRequest [ LISTEN id=595, [ Capabilities: INTERNET&NOT_RESTRICTED&TRUSTED&FOREGROUND] ], android.os.BinderProxy@cc9702e)
11-01 23:40:16.779   600  1068 D GraphicsStats: Buffer count: 2
11-01 23:40:16.780   600  1068 D ConnectivityService: ConnectivityService NetworkRequestInfo binderDied(NetworkRequest [ LISTEN id=594, [ Capabilities: INTERNET&NOT_RESTRICTED&TRUSTED&FOREGROUND] ], android.os.BinderProxy@386f7cf)
11-01 23:40:16.781   600   649 E ConnectivityService: RemoteException caught trying to send a callback msg for NetworkRequest [ LISTEN id=595, [ Capabilities: INTERNET&NOT_RESTRICTED&TRUSTED&FOREGROUND] ]
11-01 23:40:16.781   600   649 E ConnectivityService: RemoteException caught trying to send a callback msg for NetworkRequest [ LISTEN id=594, [ Capabilities: INTERNET&NOT_RESTRICTED&TRUSTED&FOREGROUND] ]
11-01 23:40:16.786  9419 11306 I DiscoveryManager: Filter criteria(null) scannerFlags(0)
11-01 23:40:16.788  9419 11306 W GuestModeDeviceProber: setFilterCriteria
11-01 23:40:16.827  8521  8521 I MicroDetectionWorker: onReady
11-01 23:40:17.008 23289 23289 D AndroidRuntime: >>>>>> START com.android.internal.os.RuntimeInit uid 2000 <<<<<<
11-01 23:40:17.012 23289 23289 D AndroidRuntime: CheckJNI is OFF
11-01 23:40:17.050  1075  1164 W OpenGLRenderer: Incorrectly called buildLayer on View: ShortcutAndWidgetContainer, destroying layer...
11-01 23:40:17.091 23289 23289 D ICU     : No timezone override file found: /data/misc/zoneinfo/current/icu/icu_tzdata.dat
11-01 23:40:17.118 23289 23289 I Radio-JNI: register_android_hardware_Radio DONE
11-01 23:40:17.134 23289 23289 D AndroidRuntime: Calling main entry com.android.commands.pm.Pm
11-01 23:40:17.147   600 30165 I ActivityManager: Force stopping com.opera.browser appid=10122 user=0: clear data
11-01 23:40:17.148   600   613 I ActivityManager: Force stopping com.opera.browser appid=10122 user=-1: clearApplicationUserData
11-01 23:40:17.188  1058  1058 W ResourceType: ResTable_typeSpec entry count inconsistent: given 67, previously 69
11-01 23:40:17.189  1058  1058 W ResourceType: ResTable_typeSpec entry count inconsistent: given 5346, previously 5347
11-01 23:40:17.190   785   785 I GeofencerStateMachine: removeGeofences: removeRequest=RemoveGeofencingRequest[REMOVE_ALL packageName=com.opera.browser]
11-01 23:40:17.199  1058  1058 D RegisteredNfcFServicesCache: Service unchanged, not updating
11-01 23:40:17.201   600   612 W ResourceType: No known package when getting value for resource number 0x7f100007
11-01 23:40:17.202   600   612 W ResourceType: No known package when getting value for resource number 0x7f13090c
11-01 23:40:17.202   600   612 W ResourceType: No known package when getting value for resource number 0x7f100005
11-01 23:40:17.202   600   612 W ResourceType: No known package when getting value for resource number 0x7f13090a
11-01 23:40:17.203   600   612 W ResourceType: No known package when getting value for resource number 0x7f100004
11-01 23:40:17.203   600   612 W ResourceType: No known package when getting value for resource number 0x7f130909
11-01 23:40:17.203   600   612 W ResourceType: No known package when getting value for resource number 0x7f100006
11-01 23:40:17.203   600   612 W ResourceType: No known package when getting value for resource number 0x7f13090b
11-01 23:40:17.203 23289 23289 I art     : System.exit called, status: 0
11-01 23:40:17.203 23289 23289 I AndroidRuntime: VM exiting with result code 0.
11-01 23:40:17.243   785 23309 I Fitness : FitCleanupIntentOperation received Intent android.intent.action.PACKAGE_DATA_CLEARED [CONTEXT service_id=17 ]
11-01 23:40:17.299  9419 11306 I Icing   : doRemovePackageData com.opera.browser
