--------- beginning of main
11-01 00:59:18.227  5568  5568 D AndroidRuntime: >>>>>> START com.android.internal.os.RuntimeInit uid 2000 <<<<<<
11-01 00:59:18.230  5568  5568 D AndroidRuntime: CheckJNI is OFF
11-01 00:59:18.294  5568  5568 D ICU     : No timezone override file found: /data/misc/zoneinfo/current/icu/icu_tzdata.dat
11-01 00:59:18.323  5568  5568 I Radio-JNI: register_android_hardware_Radio DONE
11-01 00:59:18.338  5568  5568 D AndroidRuntime: Calling main entry com.android.commands.am.Am
--------- beginning of system
11-01 00:59:18.355   600  3509 I ActivityManager: Force stopping com.android.chrome appid=10035 user=0: from pid 5568
11-01 00:59:18.355   600  3509 I ActivityManager: Killing 3476:com.android.chrome/u0a35 (adj 906): stop com.android.chrome
11-01 00:59:18.355   600  3509 D ActivityManager: cleanUpApplicationRecord -- 3476
11-01 00:59:18.366  1061  1061 W ResourceType: ResTable_typeSpec entry count inconsistent: given 67, previously 69
11-01 00:59:18.366  1061  1061 W ResourceType: ResTable_typeSpec entry count inconsistent: given 5346, previously 5347
11-01 00:59:18.382  1061  1061 D RegisteredNfcFServicesCache: Service unchanged, not updating
11-01 00:59:18.613   600 17381 I ActivityManager: START u0 {act=android.intent.action.VIEW flg=0x10008000 cmp=com.android.chrome/com.google.android.apps.chrome.Main} from uid 2000 on display 0
11-01 00:59:18.621  5568  5568 D AndroidRuntime: Shutting down VM
11-01 00:59:18.628   600  2707 I ActivityManager: Start proc 5578:com.android.chrome/u0a35 for activity com.android.chrome/com.google.android.apps.chrome.Main
11-01 00:59:19.023   600 13558 I ActivityManager: START u0 {cmp=com.android.chrome/org.chromium.chrome.browser.firstrun.TabbedModeFirstRunActivity (has extras)} from uid 10035 on display 0
11-01 00:59:19.092  5578  5595 W DynamiteModule: Local module descriptor class for com.google.android.gms.googlecertificates not found.
11-01 00:59:19.172  5578  5595 I DynamiteModule: Considering local module com.google.android.gms.googlecertificates:0 and remote module com.google.android.gms.googlecertificates:6
11-01 00:59:19.172  5578  5595 I DynamiteModule: Selected remote version of com.google.android.gms.googlecertificates, version >= 6
11-01 00:59:19.309   600   609 I art     : Background partial concurrent mark sweep GC freed 85257(3MB) AllocSpace objects, 21(484KB) LOS objects, 33% free, 17MB/26MB, paused 1.771ms total 173.445ms
11-01 00:59:19.314  5578  5598 I OpenGLRenderer: Initialized EGL, version 1.4
11-01 00:59:19.314  5578  5598 D OpenGLRenderer: Swap behavior 2
11-01 00:59:19.317  5578  5595 W System  : ClassLoader referenced unknown path: 
11-01 00:59:19.318  5578  5595 D ApplicationLoaders: ignored Vulkan layer search path /data/app/com.google.android.gms-1/lib/arm:/data/app/com.google.android.gms-1/base.apk!/lib/armeabi-v7a:/data/app/com.google.android.gms-1/split_config.en.apk!/lib/armeabi-v7a for namespace 0xf4a47090
11-01 00:59:19.321  5578  5595 W ResourceType: ResTable_typeSpec entry count inconsistent: given 67, previously 69
11-01 00:59:19.321  5578  5595 W ResourceType: ResTable_typeSpec entry count inconsistent: given 5346, previously 5347
11-01 00:59:19.350  5578  5597 I cr_LibraryLoader: Loaded native library version number "85.0.4183.127"
11-01 00:59:19.366  5578  5597 I cr_CachingUmaRecorder: Flushed 10 samples from 10 histograms.
11-01 00:59:19.371  5578  5595 I DynamiteLoaderV2Impl: [70] Googlecertificates
11-01 00:59:19.393  5578  5595 W System  : ClassLoader referenced unknown path: /data/user_de/0/com.google.android.gms/app_chimera/m/00000061/n/armeabi-v7a
11-01 00:59:19.393  5578  5595 W System  : ClassLoader referenced unknown path: /data/user_de/0/com.google.android.gms/app_chimera/m/00000061/n/armeabi
11-01 00:59:19.437   600   620 W WindowManager: Failed looking up window
11-01 00:59:19.437   600   620 W WindowManager: java.lang.IllegalArgumentException: Requested window android.view.ViewRootImpl$W@dbeb378 does not exist
11-01 00:59:19.437   600   620 W WindowManager: 	at com.android.server.wm.WindowManagerService.windowForClientLocked(WindowManagerService.java:9422)
11-01 00:59:19.437   600   620 W WindowManager: 	at com.android.server.wm.WindowManagerService.windowForClientLocked(WindowManagerService.java:9413)
11-01 00:59:19.437   600   620 W WindowManager: 	at com.android.server.wm.WindowManagerService.removeWindow(WindowManagerService.java:2393)
11-01 00:59:19.437   600   620 W WindowManager: 	at com.android.server.wm.Session.remove(Session.java:202)
11-01 00:59:19.437   600   620 W WindowManager: 	at android.view.ViewRootImpl.dispatchDetachedFromWindow(ViewRootImpl.java:3290)
11-01 00:59:19.437   600   620 W WindowManager: 	at android.view.ViewRootImpl.doDie(ViewRootImpl.java:5917)
11-01 00:59:19.437   600   620 W WindowManager: 	at android.view.ViewRootImpl$ViewRootHandler.handleMessage(ViewRootImpl.java:3626)
11-01 00:59:19.437   600   620 W WindowManager: 	at android.os.Handler.dispatchMessage(Handler.java:102)
11-01 00:59:19.437   600   620 W WindowManager: 	at android.os.Looper.loop(Looper.java:154)
11-01 00:59:19.437   600   620 W WindowManager: 	at android.os.HandlerThread.run(HandlerThread.java:61)
11-01 00:59:19.437   600   620 W WindowManager: 	at com.android.server.ServiceThread.run(ServiceThread.java:46)
11-01 00:59:19.503   600   620 I ActivityManager: Displayed com.android.chrome/org.chromium.chrome.browser.firstrun.TabbedModeFirstRunActivity: +405ms (total +886ms)
11-01 00:59:19.560   787 28590 I FontLog : Received query Google Sans, URI content://com.google.android.gms.fonts [CONTEXT service_id=132 ]
11-01 00:59:19.566   787 28590 I FontLog : Query [Google Sans] resolved to {Google Sans, wdth 100.0, wght 400, ital 0.0, bestEffort false} [CONTEXT service_id=132 ]
11-01 00:59:19.568   787 28590 I FontLog : Font PFD returned from cache for {Google Sans, wdth 100.0, wght 400, ital 0.0, bestEffort false} [CONTEXT service_id=132 ]
11-01 00:59:19.568   787 28590 I FontLog : Fetch {Google Sans, wdth 100.0, wght 400, ital 0.0, bestEffort false} end status Status{statusCode=SUCCESS, resolution=null} [CONTEXT service_id=132 ]
11-01 00:59:19.598   787  1245 I FontLog : Pulling font file for id = 2222, cache size = 4 [CONTEXT service_id=132 ]
11-01 00:59:19.601   787  1259 E apju    : Phenotype API error. Event # cdub@610ae7a3, EventCode: 7 [CONTEXT service_id=51 ]
11-01 00:59:19.601   787  1259 E apju    : apiz: 29505: No config packages for log source, or config package not registered
11-01 00:59:19.601   787  1259 E apju    : 	at apkj.b(:com.google.android.gms@203915020@20.39.15 (040406-335085812):7)
11-01 00:59:19.601   787  1259 E apju    : 	at apkg.b(:com.google.android.gms@203915020@20.39.15 (040406-335085812):2)
11-01 00:59:19.601   787  1259 E apju    : 	at apju.a(:com.google.android.gms@203915020@20.39.15 (040406-335085812):85)
11-01 00:59:19.601   787  1259 E apju    : 	at apju.a(:com.google.android.gms@203915020@20.39.15 (040406-335085812):80)
11-01 00:59:19.601   787  1259 E apju    : 	at aain.run(:com.google.android.gms@203915020@20.39.15 (040406-335085812):7)
11-01 00:59:19.601   787  1259 E apju    : 	at boex.run(:com.google.android.gms@203915020@20.39.15 (040406-335085812):2)
11-01 00:59:19.601   787  1259 E apju    : 	at sup.b(:com.google.android.gms@203915020@20.39.15 (040406-335085812):12)
11-01 00:59:19.601   787  1259 E apju    : 	at sup.run(:com.google.android.gms@203915020@20.39.15 (040406-335085812):7)
11-01 00:59:19.601   787  1259 E apju    : 	at java.util.concurrent.ThreadPoolExecutor.runWorker(ThreadPoolExecutor.java:1133)
11-01 00:59:19.601   787  1259 E apju    : 	at java.util.concurrent.ThreadPoolExecutor$Worker.run(ThreadPoolExecutor.java:607)
11-01 00:59:19.601   787  1259 E apju    : 	at tam.run(:com.google.android.gms@203915020@20.39.15 (040406-335085812):0)
11-01 00:59:19.601   787  1259 E apju    : 	at java.lang.Thread.run(Thread.java:761)
11-01 00:59:19.602   787  1259 E AsyncOperation: serviceID=51, operation=GetExperimentTokensOperationCall [CONTEXT service_id=259 ]
11-01 00:59:19.602   787  1259 E AsyncOperation: OperationException[Status{statusCode=No config packages for log source, or config package not registered, resolution=null}]
11-01 00:59:19.602   787  1259 E AsyncOperation: 	at apju.a(:com.google.android.gms@203915020@20.39.15 (040406-335085812):87)
11-01 00:59:19.602   787  1259 E AsyncOperation: 	at apju.a(:com.google.android.gms@203915020@20.39.15 (040406-335085812):80)
11-01 00:59:19.602   787  1259 E AsyncOperation: 	at aain.run(:com.google.android.gms@203915020@20.39.15 (040406-335085812):7)
11-01 00:59:19.602   787  1259 E AsyncOperation: 	at boex.run(:com.google.android.gms@203915020@20.39.15 (040406-335085812):2)
11-01 00:59:19.602   787  1259 E AsyncOperation: 	at sup.b(:com.google.android.gms@203915020@20.39.15 (040406-335085812):12)
11-01 00:59:19.602   787  1259 E AsyncOperation: 	at sup.run(:com.google.android.gms@203915020@20.39.15 (040406-335085812):7)
11-01 00:59:19.602   787  1259 E AsyncOperation: 	at java.util.concurrent.ThreadPoolExecutor.runWorker(ThreadPoolExecutor.java:1133)
11-01 00:59:19.602   787  1259 E AsyncOperation: 	at java.util.concurrent.ThreadPoolExecutor$Worker.run(ThreadPoolExecutor.java:607)
11-01 00:59:19.602   787  1259 E AsyncOperation: 	at tam.run(:com.google.android.gms@203915020@20.39.15 (040406-335085812):0)
11-01 00:59:19.602   787  1259 E AsyncOperation: 	at java.lang.Thread.run(Thread.java:761)
11-01 00:59:19.615  5578  5595 D NetworkSecurityConfig: Using Network Security Config from resource 0_resource_name_obfuscated debugBuild: false
11-01 00:59:19.637   787  1620 I FontLog : Received query Google Sans:500, URI content://com.google.android.gms.fonts [CONTEXT service_id=132 ]
11-01 00:59:19.637   787  1620 I FontLog : Query [Google Sans:500] resolved to {Google Sans, wdth 100.0, wght 500, ital 0.0, bestEffort false} [CONTEXT service_id=132 ]
11-01 00:59:19.639   787  1620 I FontLog : Font PFD returned from cache for {Google Sans, wdth 100.0, wght 500, ital 0.0, bestEffort false} [CONTEXT service_id=132 ]
11-01 00:59:19.640   787  1620 I FontLog : Fetch {Google Sans, wdth 100.0, wght 500, ital 0.0, bestEffort false} end status Status{statusCode=SUCCESS, resolution=null} [CONTEXT service_id=132 ]
11-01 00:59:19.650   787  1714 I FontLog : Pulling font file for id = 2223, cache size = 5 [CONTEXT service_id=132 ]
11-01 00:59:19.758 12218 12218 I MemoryTrimmer: Trimming objects from memory, since app is in the background.
11-01 00:59:19.763 12218 19490 W SearchService: Abort, client detached.
11-01 00:59:19.772 12218 12218 I MicroDetector: Keeping mic open: false
11-01 00:59:19.773 12218 12248 I AudioController: internalShutdown
11-01 00:59:19.773 12218 12248 I MicrophoneInputStream: mic_close com.google.android.apps.gsa.speech.audio.ae@4991c03
11-01 00:59:19.773 12218  5477 I DeviceStateChecker: DeviceStateChecker cancelled
11-01 00:59:19.773 12218 12292 I MicroRecognitionRunner: Stopping hotword detection.
11-01 00:59:19.778 18269 18269 I MemoryTrimmer: Trimming objects from memory, since app is in the background.
11-01 00:59:19.790   238   285 I SoundTriggerHwService::Module: void android::SoundTriggerHwService::Module::onCallbackEvent(const sp<android::SoundTriggerHwService::CallbackEvent> &) mClient == 0
11-01 00:59:19.821 12218  5476 I MicroRecognitionRunner: Detection finished
11-01 00:59:19.830 12218 12218 I MemoryTrimmer: Trimming objects from memory, since app is in the background.
11-01 00:59:19.949  5578  5595 I cr_VariationsSeedFetch: Fetched first run seed in 337 ms
11-01 00:59:19.987   600 29683 I ActivityManager: Start proc 5614:com.android.chrome:sandboxed_process0/u0i675 for service com.android.chrome/org.chromium.content.app.SandboxedProcessService0
11-01 00:59:20.024  5614  5614 W dboxed_process0: type=1400 audit(0.0:16708): avc: denied { getattr } for path="/data/data/com.android.chrome" dev="dm-2" ino=12190 scontext=u:r:isolated_app:s0:c512,c768 tcontext=u:object_r:app_data_file:s0:c512,c768 tclass=dir permissive=0
11-01 00:59:20.052  5614  5614 I cr_ChildProcessService: Creating new ChildProcessService pid=5614
11-01 00:59:20.303   600 25704 I ActivityManager: Start proc 5640:com.android.chrome:privileged_process0/u0a35 for service com.android.chrome/org.chromium.content.app.PrivilegedProcessService0
11-01 00:59:20.392  5640  5640 I cr_ChildProcessService: Creating new ChildProcessService pid=5640
11-01 00:59:20.460  5640  5657 I cr_LibraryLoader: Loaded native library version number "85.0.4183.127"
11-01 00:59:20.462  5578  5600 W ConnectionStatusConfig: Dynamic lookup for intent failed for action: com.google.android.gms.auth.key.retrieval.service.START
11-01 00:59:20.462  5640  5657 I cr_CachingUmaRecorder: Flushed 1 samples from 1 histograms.
11-01 00:59:20.466  5578  5600 W ConnectionStatusConfig: Dynamic lookup for intent failed for action: com.google.android.gms.auth.key.retrieval.service.START
11-01 00:59:20.467   600  2707 W ActivityManager: Unable to start service Intent { act=com.google.android.gms.auth.key.retrieval.service.START pkg=com.google.android.gms } U=0: not found
11-01 00:59:20.475   600  3675 W ActivityManager: Unbind failed: could not find connection for android.os.BinderProxy@9e82a14
11-01 00:59:20.475  5578  5600 E GmsClient: unable to connect to service: com.google.android.gms.auth.key.retrieval.service.START on com.google.android.gms
11-01 00:59:20.498  5578  5578 W cr_KnoxSettingsProvider: Permission to read device policy denied.
11-01 00:59:20.511  5640  5657 E libEGL  : validate_display:99 error 3008 (EGL_BAD_DISPLAY)
11-01 00:59:29.866 12218 12218 I MemoryTrimmer: Trimming objects from memory, since app is in the background.
11-01 00:59:32.899  5691  5691 D AndroidRuntime: >>>>>> START com.android.internal.os.RuntimeInit uid 2000 <<<<<<
11-01 00:59:32.903  5691  5691 D AndroidRuntime: CheckJNI is OFF
11-01 00:59:32.967  5691  5691 D ICU     : No timezone override file found: /data/misc/zoneinfo/current/icu/icu_tzdata.dat
11-01 00:59:32.998  5691  5691 I Radio-JNI: register_android_hardware_Radio DONE
11-01 00:59:33.013  5691  5691 D AndroidRuntime: Calling main entry com.android.commands.monkey.Monkey
11-01 00:59:33.082   600   613 W BroadcastQueue: Skipping deliver [background] BroadcastRecord{1c953dc u-1 android.net.conn.CONNECTIVITY_CHANGE} to ReceiverList{26dece5 5691 (unknown name)/2000/u-1 remote:e78baae}: process crashing
11-01 00:59:34.714  5691  5691 D MonkeyStub: translateCommand: wake
11-01 00:59:34.840  5691  5691 D MonkeyStub: translateCommand: tap 398 1198
11-01 00:59:37.123  5691  5691 D MonkeyStub: translateCommand: tap 720 1506
11-01 00:59:37.338 20673 21218 I PeopleChimeraService: onService. callbacks = aaik@f2a26eb, request = com.google.android.gms.common.internal.GetServiceRequest@1905c48
11-01 00:59:37.344 20673 20794 I PeopleChimeraService: onService. callbacks = aaik@5254006, request = com.google.android.gms.common.internal.GetServiceRequest@50246c7
11-01 00:59:38.058   600   612 I UsageStatsService: User[0] Flushing usage stats to disk
11-01 00:59:39.377  5691  5691 D MonkeyStub: translateCommand: tap 355 1480
11-01 00:59:39.407  5691  5691 D MonkeyStub: Quit requested
11-01 00:59:39.410   600  2707 I ActivityManager: START u0 {act=android.intent.action.VIEW flg=0x10008000 cmp=com.android.chrome/com.google.android.apps.chrome.Main (has extras)} from uid 10035 on display 0
11-01 00:59:39.447  5691  5691 I art     : System.exit called, status: 6
11-01 00:59:39.447  5691  5691 I AndroidRuntime: VM exiting with result code 6.
11-01 00:59:39.487   600 17381 W WindowManager: Attempted to remove non-existing token: android.os.Binder@519d3ba
11-01 00:59:39.623  5578  5578 E cr_CompositorSurfaceMgr: Transitioning to surface with format : -1
11-01 00:59:39.733   600   609 I art     : Background partial concurrent mark sweep GC freed 21368(1040KB) AllocSpace objects, 8(160KB) LOS objects, 33% free, 17MB/26MB, paused 3.896ms total 244.666ms
11-01 00:59:39.735  5578  5634 W cr_tabmodel: Starting to perform legacy migration.
11-01 00:59:39.740  5578  5634 W cr_tabmodel: Finished performing legacy migration.
11-01 00:59:39.741  5578  5634 W cr_tabmodel: Starting to perform multi-instance migration.
11-01 00:59:39.741  5578  5634 W cr_tabmodel: Finished performing multi-instance migration.
11-01 00:59:39.742  5578  5634 I cr_tabmodel: Starting to fetch tab list for tab_state0
11-01 00:59:39.742  5578  5634 I cr_tabmodel: State file does not exist.
11-01 00:59:39.742  5578  5634 I cr_tabmodel: Starting to fetch tab list for tab_state1
11-01 00:59:39.743  5578  5634 I cr_tabmodel: State file does not exist.
11-01 00:59:39.774  5578  5634 I cr_ADCP : No customization source found
11-01 00:59:39.831   600  6312 E BatteryStatsService: power: Missing API
11-01 00:59:39.853   796   796 E PhoneInterfaceManager: [PhoneIntfMgr] queryModemActivityInfo: Empty response
11-01 00:59:39.854   600  6312 E BatteryStatsService: no controller energy info supplied
11-01 00:59:39.862   600  6312 E BatteryStatsService: modem info is invalid: ModemActivityInfo{ mTimestamp=0 mSleepTimeMs=0 mIdleTimeMs=0 mTxTimeMs[]=[0, 0, 0, 0, 0] mRxTimeMs=0 mEnergyUsed=0}
11-01 00:59:39.874   600   620 I ActivityManager: Displayed com.android.chrome/com.google.android.apps.chrome.Main: +423ms
11-01 00:59:39.914  5578  5598 D OpenGLRenderer: endAllActiveAnimators on 0xd2c89900 (InsetDrawable) with handle 0xd3857490
11-01 00:59:39.921  5578  5578 E cr_CompositorSurfaceMgr: Transitioning to surface with format : -1
11-01 00:59:39.925  5578  5578 E cr_CompositorSurfaceMgr: surfaceCreated format : 0
11-01 00:59:39.931  5578  5578 I cr_ContextualSearch: Tap suppression enabled: false
11-01 00:59:39.937  5578  5578 I cr_ChromeTabbedActivity: #initializeState
11-01 00:59:39.937  5578  5578 I cr_CipherFactory: #restoreFromBundle, no savedInstanceState.
11-01 00:59:39.938  5578  5578 I cr_tabmodel: #loadState, ignoreIncognitoFiles? true
11-01 00:59:40.120  5578  5578 I SchedulerApiWrapper: Create SchedulerApiMainThreadWrapper
11-01 00:59:40.132  5578  5578 I FeedSessionManagerImpl: FeedSessionManagerImpl has been created
11-01 00:59:40.133  5578  5578 I FeedAppLifecycleLstnr: onEnterForeground called
11-01 00:59:40.133  5578  5578 I FeedSessionManagerImpl: onLifecycleEvent foreground
11-01 00:59:40.136  5578  5578 I FeedSessionManagerImpl: Lazy initialization triggered, getUpdateConsumer
11-01 00:59:40.136  5578  5632 I TaskQueue: Execute task [IMMEDIATE - d: true, b: 0]: 30
11-01 00:59:40.140  5578  5578 I FeedRequestManagerImpl: trigger refresh 2
11-01 00:59:40.140  5578  5578 I TaskQueue:  - task [HEAD_INVALIDATE - d: true, b: 0]: 26
11-01 00:59:40.157  5578  5632 W SessionCache: Persisted Sessions were not found
11-01 00:59:40.157  5578  5632 I HeadSessionImpl: Initialize HEAD 0 items
11-01 00:59:40.159  5578  5632 I TaskQueue:  - task [BACKGROUND - d: true, b: 1]: 11
11-01 00:59:40.159  5578  5632 I TimingUtils: Task Timing  21ms, thread JardinExecutor | task : Initialization
11-01 00:59:40.159  5578  5632 I TaskQueue:  - Finished 30, time 23 ms
11-01 00:59:40.160  5578  5632 I TaskQueue: Execute task [HEAD_INVALIDATE - d: true, b: 1]: 26
11-01 00:59:40.162  5578  5632 I TimingUtils: Task Timing   2ms, thread JardinExecutor | task : getAllDismissLocalActions | size : 0
11-01 00:59:40.162  5578  5632 I TimingUtils: Task Timing   0ms, thread JardinExecutor | task : getSemanticProperties | size : 0
11-01 00:59:40.166  5578  5632 I MainThreadRunner: Running task [Check Tooltips] on the Main Thread
11-01 00:59:40.166  5578  5632 I TaskQueue:  * Starting starvation checks
11-01 00:59:40.167  5578  5632 I MainThreadRunner: Running task [starvationChecks] on the Main Thread with a delay of 6000 milliseconds
11-01 00:59:40.167  5578  5632 I TaskQueue:  - Finished 26, time 7 ms
11-01 00:59:40.230  5578  5578 I PlayCore: UID: [10035]  PID: [5578] SplitInstallService : deferredInstall([image_editor])
11-01 00:59:40.237  5578  5722 I PlayCore: UID: [10035]  PID: [5578] SplitInstallService : Initiate binding to the service.
11-01 00:59:40.238   600 13558 W ActivityManager: Unable to start service Intent { act=com.google.android.play.core.splitinstall.BIND_SPLIT_INSTALL_SERVICE pkg=com.android.vending } U=0: not found
11-01 00:59:40.273  5578  5588 I art     : Background sticky concurrent mark sweep GC freed 1518(180KB) AllocSpace objects, 3(60KB) LOS objects, 3% free, 9MB/9MB, paused 5.584ms total 24.015ms
11-01 00:59:40.306  5578  5722 I PlayCore: UID: [10035]  PID: [5578] SplitInstallService : Failed to bind to the service.
11-01 00:59:40.360   600  3507 I ActivityManager: Start proc 5724:com.google.android.partnersetup/u0a12 for content provider com.google.android.partnersetup/.RlzAppProvider
11-01 00:59:40.442  5578  5578 I FeedAppLifecycleLstnr: initialize called
11-01 00:59:40.442  5578  5578 I FeedSessionManagerImpl: onLifecycleEvent initialize
11-01 00:59:40.442  5578  5578 W FeedSessionManagerImpl: FeedSessionManagerImpl has previously been initialized
11-01 00:59:40.466  5724  5724 I art     : Starting a blocking GC AddRemoveAppImageSpace
11-01 00:59:40.469  5724  5724 W System  : ClassLoader referenced unknown path: /system/priv-app/GooglePartnerSetup/lib/arm64
11-01 00:59:40.473  5578  5578 I ViewConfigCompat: Could not find method getScaledScrollFactor() on ViewConfiguration
11-01 00:59:40.477  5578  5578 I BasicStream: Setting 2 header views, currently have 0 headers
11-01 00:59:40.481  5578  5578 I BasicStream: Setting 2 header views, currently have 2 headers
11-01 00:59:40.558   600   619 D BluetoothManagerService: Message: 20
11-01 00:59:40.558   600   619 D BluetoothManagerService: Added callback: android.bluetooth.IBluetoothManagerCallback$Stub$Proxy@7ec0f72:true
11-01 00:59:40.581  5614  5627 I cr_LibraryLoader: Loaded native library version number "85.0.4183.127"
11-01 00:59:40.581  5614  5627 I cr_CachingUmaRecorder: Flushed 1 samples from 1 histograms.
11-01 00:59:40.595  5578  5578 E cr_IntentUtils: getBooleanExtra failed on intent null
11-01 00:59:40.628  5578  5578 I TimeoutSessionImpl: Using TimeoutSessionImpl
11-01 00:59:40.629  5578  5578 I FeedSessionManagerImpl: shouldSessionRequestData; hasContent(false), contentCreationTime(0), outstandingRequest(true)
11-01 00:59:40.630  5578  5578 I FeedSessionManagerImpl: shouldSessionRequestDataResult: NO_REQUEST_WITH_WAIT, shouldMakeRequest(false), withTimeout(false), withAppend(false)
11-01 00:59:40.630  5578  5578 I TaskQueue:  - task [USER_FACING - d: true, b: 1]: 24
11-01 00:59:40.633  5578  5578 I MainThreadRunner: Running task [BasicStream onShow] on the Main Thread with a delay of 500 milliseconds
11-01 00:59:40.685   600  3509 I ActivityManager: Start proc 5741:com.android.chrome:sandboxed_process1/u0i676 for service com.android.chrome/org.chromium.content.app.SandboxedProcessService1
11-01 00:59:40.720   600  3967 I ActivityManager: Start proc 5749:com.android.chrome:sandboxed_process2/u0i677 for service com.android.chrome/org.chromium.content.app.SandboxedProcessService2
11-01 00:59:40.754   600   707 I ActivityManager: Start proc 5757:com.android.chrome:sandboxed_process3/u0i678 for service com.android.chrome/org.chromium.content.app.SandboxedProcessService3
11-01 00:59:40.800   600  6312 I ActivityManager: Start proc 5776:com.android.chrome:sandboxed_process4/u0i679 for service com.android.chrome/org.chromium.content.app.SandboxedProcessService4
11-01 00:59:40.824   600  9614 I ActivityManager: Start proc 5783:com.android.chrome:sandboxed_process5/u0i680 for service com.android.chrome/org.chromium.content.app.SandboxedProcessService5
11-01 00:59:40.875   600  1080 I ActivityManager: Start proc 5802:com.android.chrome:sandboxed_process6/u0i681 for service com.android.chrome/org.chromium.content.app.SandboxedProcessService6
11-01 00:59:40.895  5578  5578 I Choreographer: Skipped 61 frames!  The application may be doing too much work on its main thread.
11-01 00:59:40.927   600  1076 I ActivityManager: Start proc 5819:com.android.chrome:sandboxed_process7/u0i682 for service com.android.chrome/org.chromium.content.app.SandboxedProcessService7
11-01 00:59:40.991  5749  5749 W dboxed_process2: type=1400 audit(0.0:16709): avc: denied { getattr } for path="/data/data/com.android.chrome" dev="dm-2" ino=12190 scontext=u:r:isolated_app:s0:c512,c768 tcontext=u:object_r:app_data_file:s0:c512,c768 tclass=dir permissive=0
11-01 00:59:41.001   600  1079 I ActivityManager: Start proc 5833:com.android.chrome:sandboxed_process8/u0i683 for service com.android.chrome/org.chromium.content.app.SandboxedProcessService8
11-01 00:59:41.047  5741  5741 W dboxed_process1: type=1400 audit(0.0:16710): avc: denied { getattr } for path="/data/data/com.android.chrome" dev="dm-2" ino=12190 scontext=u:r:isolated_app:s0:c512,c768 tcontext=u:object_r:app_data_file:s0:c512,c768 tclass=dir permissive=0
11-01 00:59:41.073  5578  5578 I TaskQueue:  - task [IMMEDIATE - d: true, b: 2]: 27
11-01 00:59:41.073  5578  5578 I TaskQueue:  - queueTask starting immediate task
11-01 00:59:41.077  5578  5634 I TaskQueue: Execute task [IMMEDIATE - d: true, b: 2]: 27
11-01 00:59:41.079  5578  5634 I FeedRequestManagerImpl: Consistency Token: # hU2@7bca4
11-01 00:59:41.084  5578  5634 I FeedRequestManagerImpl: Capability: FEED_UI
11-01 00:59:41.085  5578  5634 I FeedRequestManagerImpl: Capability: UNDOABLE_ACTIONS
11-01 00:59:41.085  5578  5634 I FeedRequestManagerImpl: Capability: MANAGE_INTERESTS
11-01 00:59:41.085  5578  5634 I FeedRequestManagerImpl: Capability: SEND_FEEDBACK
11-01 00:59:41.085  5578  5634 I FeedRequestManagerImpl: Capability: ARTICLE_SNIPPETS
11-01 00:59:41.085  5578  5634 I FeedRequestManagerImpl: Capability: CLICK_ACTION
11-01 00:59:41.085  5578  5634 I FeedRequestManagerImpl: Capability: VIEW_ACTION
11-01 00:59:41.085  5578  5634 I FeedRequestManagerImpl: Capability: REPORT_FEED_USER_ACTIONS_NOTICE_CARD
11-01 00:59:41.085  5578  5634 I FeedRequestManagerImpl: Capability: BASE_UI
11-01 00:59:41.131  5578  5634 I FeedRequestManagerImpl: Making Request: /httpservice/noretry/DiscoverClankService/FeedQuery
11-01 00:59:41.131  5578  5634 I MainThreadRunner: Running task [NetworkClientWrapper send] on the Main Thread
11-01 00:59:41.131  5578  5634 I TaskQueue:  - Finished 27, time 54 ms
11-01 00:59:41.137  5776  5776 W dboxed_process4: type=1400 audit(0.0:16711): avc: denied { getattr } for path="/data/data/com.android.chrome" dev="dm-2" ino=12190 scontext=u:r:isolated_app:s0:c512,c768 tcontext=u:object_r:app_data_file:s0:c512,c768 tclass=dir permissive=0
11-01 00:59:41.167  5757  5757 W dboxed_process3: type=1400 audit(0.0:16712): avc: denied { getattr } for path="/data/data/com.android.chrome" dev="dm-2" ino=12190 scontext=u:r:isolated_app:s0:c512,c768 tcontext=u:object_r:app_data_file:s0:c512,c768 tclass=dir permissive=0
11-01 00:59:41.202  5749  5749 I cr_ChildProcessService: Creating new ChildProcessService pid=5749
11-01 00:59:41.244  5783  5783 W dboxed_process5: type=1400 audit(0.0:16713): avc: denied { getattr } for path="/data/data/com.android.chrome" dev="dm-2" ino=12190 scontext=u:r:isolated_app:s0:c512,c768 tcontext=u:object_r:app_data_file:s0:c512,c768 tclass=dir permissive=0
11-01 00:59:41.254  5802  5802 W dboxed_process6: type=1400 audit(0.0:16714): avc: denied { getattr } for path="/data/data/com.android.chrome" dev="dm-2" ino=12190 scontext=u:r:isolated_app:s0:c512,c768 tcontext=u:object_r:app_data_file:s0:c512,c768 tclass=dir permissive=0
11-01 00:59:41.316  5741  5741 I cr_ChildProcessService: Creating new ChildProcessService pid=5741
11-01 00:59:41.319  5578  5588 W art     : Suspending all threads took: 8.587ms
11-01 00:59:41.348  5776  5776 I cr_ChildProcessService: Creating new ChildProcessService pid=5776
11-01 00:59:41.407  5819  5819 W dboxed_process7: type=1400 audit(0.0:16715): avc: denied { getattr } for path="/data/data/com.android.chrome" dev="dm-2" ino=12190 scontext=u:r:isolated_app:s0:c512,c768 tcontext=u:object_r:app_data_file:s0:c512,c768 tclass=dir permissive=0
11-01 00:59:41.425  5757  5757 I cr_ChildProcessService: Creating new ChildProcessService pid=5757
11-01 00:59:41.439  5578  5588 I art     : Background sticky concurrent mark sweep GC freed 41311(2MB) AllocSpace objects, 50(1040KB) LOS objects, 23% free, 10MB/13MB, paused 13.185ms total 245.877ms
11-01 00:59:41.456  5802  5802 I cr_ChildProcessService: Creating new ChildProcessService pid=5802
11-01 00:59:41.474  5833  5833 W dboxed_process8: type=1400 audit(0.0:16716): avc: denied { getattr } for path="/data/data/com.android.chrome" dev="dm-2" ino=12190 scontext=u:r:isolated_app:s0:c512,c768 tcontext=u:object_r:app_data_file:s0:c512,c768 tclass=dir permissive=0
11-01 00:59:41.484  5783  5783 I cr_ChildProcessService: Creating new ChildProcessService pid=5783
11-01 00:59:41.525  5578  5578 I cr_tabmodel: Appending tabs being restored to metadata lists, 0, startingNormalCount: 1, startingIncognitoCount: 0
11-01 00:59:41.525  5578  5578 I cr_tabmodel: Serializing tab lists; counts: 1, 0
11-01 00:59:41.570  5749  5855 I cr_LibraryLoader: Loaded native library version number "85.0.4183.127"
11-01 00:59:41.582  5749  5855 I cr_CachingUmaRecorder: Flushed 1 samples from 1 histograms.
11-01 00:59:41.658  5741  5857 I cr_LibraryLoader: Loaded native library version number "85.0.4183.127"
11-01 00:59:41.658  5741  5857 I cr_CachingUmaRecorder: Flushed 1 samples from 1 histograms.
11-01 00:59:41.659   600 13631 I ActivityManager: Start proc 5865:com.android.chrome:sandboxed_process9/u0i684 for service com.android.chrome/org.chromium.content.app.SandboxedProcessService9
11-01 00:59:41.668  5819  5819 I cr_ChildProcessService: Creating new ChildProcessService pid=5819
11-01 00:59:41.670  5578  5635 W cr_CrashFileManager: /data/user/0/com.android.chrome/cache/Crash Reports does not exist or is not a directory
11-01 00:59:41.670  5578  5635 W cr_CrashFileManager: /data/user/0/com.android.chrome/cache/Crash Reports does not exist or is not a directory
11-01 00:59:41.670  5578  5635 W cr_CrashFileManager: /data/user/0/com.android.chrome/cache/Crash Reports does not exist or is not a directory
11-01 00:59:41.690  5578  5613 I cr_BindingManager: Moderate binding enabled: maxSize=40
11-01 00:59:41.707  5833  5833 I cr_ChildProcessService: Creating new ChildProcessService pid=5833
11-01 00:59:41.709  5578  5635 I cr_FileUtils: Writing to /data/user/0/com.android.chrome/app_dex/webapk7.dex
11-01 00:59:41.728  5776  5858 I cr_LibraryLoader: Loaded native library version number "85.0.4183.127"
11-01 00:59:41.729  5776  5858 I cr_CachingUmaRecorder: Flushed 1 samples from 1 histograms.
11-01 00:59:41.771  5802  5861 I cr_LibraryLoader: Loaded native library version number "85.0.4183.127"
11-01 00:59:41.772  5802  5861 I cr_CachingUmaRecorder: Flushed 1 samples from 1 histograms.
11-01 00:59:41.783  5783  5863 I cr_LibraryLoader: Loaded native library version number "85.0.4183.127"
11-01 00:59:41.847  5783  5863 I cr_CachingUmaRecorder: Flushed 1 samples from 1 histograms.
11-01 00:59:41.883   600 13557 I ActivityManager: Killing 5749:com.android.chrome:sandboxed_process2/u0a35i677 (adj 0): isolated not needed
11-01 00:59:41.892  5757  5859 I cr_LibraryLoader: Loaded native library version number "85.0.4183.127"
11-01 00:59:41.892  5757  5859 I cr_CachingUmaRecorder: Flushed 1 samples from 1 histograms.
11-01 00:59:41.971  5741  5741 I cr_ChildProcessService: Destroying ChildProcessService pid=5741
11-01 00:59:41.986  5720  5720 D AndroidRuntime: >>>>>> START com.android.internal.os.RuntimeInit uid 2000 <<<<<<
11-01 00:59:42.004  5819  5870 I cr_LibraryLoader: Loaded native library version number "85.0.4183.127"
11-01 00:59:42.005  5819  5870 I cr_CachingUmaRecorder: Flushed 1 samples from 1 histograms.
11-01 00:59:42.008  5783  5863 I chromium: [INFO:child_process_service.cc(69)] ChildProcessService: Exiting child process.
11-01 00:59:42.012  5833  5875 I cr_LibraryLoader: Loaded native library version number "85.0.4183.127"
11-01 00:59:42.012  5833  5875 I cr_CachingUmaRecorder: Flushed 1 samples from 1 histograms.
11-01 00:59:42.014  5720  5720 D AndroidRuntime: CheckJNI is OFF
11-01 00:59:42.023  5757  5859 I chromium: [INFO:child_process_service.cc(69)] ChildProcessService: Exiting child process.
11-01 00:59:42.024   197   197 E lowmemorykiller: Error writing /proc/5757/oom_score_adj; errno=22
11-01 00:59:42.027  5865  5865 W dboxed_process9: type=1400 audit(0.0:16717): avc: denied { getattr } for path="/data/data/com.android.chrome" dev="dm-2" ino=12190 scontext=u:r:isolated_app:s0:c512,c768 tcontext=u:object_r:app_data_file:s0:c512,c768 tclass=dir permissive=0
11-01 00:59:42.077  5802  5802 I cr_ChildProcessService: Destroying ChildProcessService pid=5802
11-01 00:59:42.086  5833  5875 I chromium: [INFO:child_process_service.cc(69)] ChildProcessService: Exiting child process.
11-01 00:59:42.087   197   197 E lowmemorykiller: Error writing /proc/5833/oom_score_adj; errno=22
11-01 00:59:42.093  5783  5783 I cr_ChildProcessService: Destroying ChildProcessService pid=5783
11-01 00:59:42.094  5819  5819 I cr_ChildProcessService: Destroying ChildProcessService pid=5819
11-01 00:59:42.094  5776  5776 I cr_ChildProcessService: Destroying ChildProcessService pid=5776
11-01 00:59:42.094  5819  5870 I chromium: [INFO:child_process_service.cc(69)] ChildProcessService: Exiting child process.
11-01 00:59:42.095  5776  5858 I chromium: [INFO:child_process_service.cc(69)] ChildProcessService: Exiting child process.
11-01 00:59:42.101   600 10249 I ActivityManager: Process com.android.chrome:sandboxed_process3 (pid 5757) has died
11-01 00:59:42.101   600 10249 D ActivityManager: cleanUpApplicationRecord -- 5757
11-01 00:59:42.108  5865  5865 I cr_ChildProcessService: Creating new ChildProcessService pid=5865
11-01 00:59:42.123  5741  5857 I chromium: [INFO:child_process_service.cc(69)] ChildProcessService: Exiting child process.
11-01 00:59:42.131  5802  5802 I art     : System.exit called, status: 0
11-01 00:59:42.131  5802  5802 I AndroidRuntime: VM exiting with result code 0, cleanup skipped.
11-01 00:59:42.163  5578  5578 W chromium: [WARNING:compositor_view.cc(315)] Child process died (type=6) pid=5757)
11-01 00:59:42.164  5578  5578 W chromium: [WARNING:compositor_view.cc(315)] Child process died (type=6) pid=5776)
11-01 00:59:42.164  5578  5578 W chromium: [WARNING:compositor_view.cc(315)] Child process died (type=6) pid=5833)
11-01 00:59:42.164  5578  5578 W chromium: [WARNING:compositor_view.cc(315)] Child process died (type=6) pid=5819)
11-01 00:59:42.164  5578  5578 W chromium: [WARNING:compositor_view.cc(315)] Child process died (type=6) pid=5783)
11-01 00:59:42.164  5578  5578 W chromium: [WARNING:compositor_view.cc(315)] Child process died (type=6) pid=5802)
11-01 00:59:42.183  5578  5578 W chromium: [WARNING:compositor_view.cc(315)] Child process died (type=6) pid=5741)
11-01 00:59:42.184  5578  5578 W chromium: [WARNING:compositor_view.cc(315)] Child process died (type=6) pid=5749)
11-01 00:59:42.215  5720  5720 D ICU     : No timezone override file found: /data/misc/zoneinfo/current/icu/icu_tzdata.dat
11-01 00:59:42.219   600 10249 I ActivityManager: Killing 5819:com.android.chrome:sandboxed_process7/u0a35i682 (adj 0): isolated not needed
11-01 00:59:42.219   600 10249 I ActivityManager: Killing 5833:com.android.chrome:sandboxed_process8/u0a35i683 (adj 0): isolated not needed
11-01 00:59:42.219   600 10249 I ActivityManager: Killing 5783:com.android.chrome:sandboxed_process5/u0a35i680 (adj 0): isolated not needed
11-01 00:59:42.219   600 10249 I ActivityManager: Killing 5802:com.android.chrome:sandboxed_process6/u0a35i681 (adj 0): isolated not needed
11-01 00:59:42.219   600 10249 I ActivityManager: Killing 5776:com.android.chrome:sandboxed_process4/u0a35i679 (adj 0): isolated not needed
11-01 00:59:42.219   600 10249 I ActivityManager: Killing 5741:com.android.chrome:sandboxed_process1/u0a35i676 (adj 0): isolated not needed
11-01 00:59:42.261   600 13558 D ActivityManager: cleanUpApplicationRecord -- 5833
11-01 00:59:42.262   600 24611 D ActivityManager: cleanUpApplicationRecord -- 5776
11-01 00:59:42.262   600 22670 D ActivityManager: cleanUpApplicationRecord -- 5819
11-01 00:59:42.263   600  1076 D ActivityManager: cleanUpApplicationRecord -- 5783
11-01 00:59:42.266   600  6312 D ActivityManager: cleanUpApplicationRecord -- 5802
11-01 00:59:42.336   600  3507 I ActivityManager: Start proc 5921:com.android.chrome:sandboxed_process10/u0i685 for service com.android.chrome/org.chromium.content.app.SandboxedProcessService10
11-01 00:59:42.342   600  2707 D ActivityManager: cleanUpApplicationRecord -- 5741
11-01 00:59:42.342   600  3675 D ActivityManager: cleanUpApplicationRecord -- 5749
11-01 00:59:42.368 20673 20795 I Icing   : IndexChimeraService.getServiceInterface callingPackage=com.android.chrome componentName=null serviceId=36
11-01 00:59:42.397   600  7064 I ActivityManager: Start proc 5935:com.android.chrome:sandboxed_process11/u0i686 for service com.android.chrome/org.chromium.content.app.SandboxedProcessService11
11-01 00:59:42.437  5578  5588 W art     : Suspending all threads took: 13.204ms
11-01 00:59:42.470  5887  5887 I dex2oat : /system/bin/dex2oat --dex-file=/data/user/0/com.android.chrome/app_dex/webapk7.dex --oat-fd=224 --oat-location=/data/user/0/com.android.chrome/app_dex/oat/arm/webapk7.dex --compiler-filter=speed
11-01 00:59:42.474  5720  5720 I Radio-JNI: register_android_hardware_Radio DONE
11-01 00:59:42.517  5578  5588 I art     : Background partial concurrent mark sweep GC freed 69274(3MB) AllocSpace objects, 24(472KB) LOS objects, 39% free, 10MB/16MB, paused 17.088ms total 188.670ms
11-01 00:59:42.603  5720  5720 D AndroidRuntime: Calling main entry com.android.commands.am.Am
11-01 00:59:42.612   600 22670 I ActivityManager: Start proc 5948:com.android.chrome:sandboxed_process12/u0i687 for service com.android.chrome/org.chromium.content.app.SandboxedProcessService12
11-01 00:59:42.662   600 13631 I ActivityManager: Start proc 5962:com.android.chrome:sandboxed_process13/u0i688 for service com.android.chrome/org.chromium.content.app.SandboxedProcessService13
11-01 00:59:42.684  5921  5921 W boxed_process10: type=1400 audit(0.0:16718): avc: denied { getattr } for path="/data/data/com.android.chrome" dev="dm-2" ino=12190 scontext=u:r:isolated_app:s0:c512,c768 tcontext=u:object_r:app_data_file:s0:c512,c768 tclass=dir permissive=0
11-01 00:59:42.686 20673 21208 I Icing   : IndexChimeraService.getServiceInterface callingPackage=com.android.chrome componentName=null serviceId=36
11-01 00:59:42.695   600 27731 I ActivityManager: Start proc 5969:com.android.chrome:sandboxed_process14/u0i689 for service com.android.chrome/org.chromium.content.app.SandboxedProcessService14
11-01 00:59:42.700  5578  5613 I cr_BindingManager: onTrimMemory: level=15, size=0
11-01 00:59:42.734  5865  5918 I cr_LibraryLoader: Loaded native library version number "85.0.4183.127"
11-01 00:59:42.734  5865  5918 I cr_CachingUmaRecorder: Flushed 1 samples from 1 histograms.
11-01 00:59:42.784   600   610 I ActivityManager: Start proc 5988:com.android.chrome:sandboxed_process15/u0i690 for service com.android.chrome/org.chromium.content.app.SandboxedProcessService15
11-01 00:59:42.800   600  7064 I ActivityManager: START u0 {act=android.intent.action.VIEW dat=http://independent.co.uk/... flg=0x10000000 cmp=com.android.chrome/com.google.android.apps.chrome.Main} from uid 2000 on display 0
11-01 00:59:42.825  5720  5720 D AndroidRuntime: Shutting down VM
11-01 00:59:42.887  5578  5578 E cr_IntentUtils: getInt failed on bundle null
11-01 00:59:42.897  5935  5935 W boxed_process11: type=1400 audit(0.0:16719): avc: denied { getattr } for path="/data/data/com.android.chrome" dev="dm-2" ino=12190 scontext=u:r:isolated_app:s0:c512,c768 tcontext=u:object_r:app_data_file:s0:c512,c768 tclass=dir permissive=0
11-01 00:59:42.909  5921  5921 I cr_ChildProcessService: Creating new ChildProcessService pid=5921
11-01 00:59:42.937   600   707 I ActivityManager: Start proc 6012:com.android.chrome:sandboxed_process16/u0i691 for service com.android.chrome/org.chromium.content.app.SandboxedProcessService16
11-01 00:59:42.938   600  6312 I ActivityManager: Killing 5865:com.android.chrome:sandboxed_process9/u0a35i684 (adj 0): isolated not needed
11-01 00:59:42.951  5962  5962 W boxed_process13: type=1400 audit(0.0:16720): avc: denied { getattr } for path="/data/data/com.android.chrome" dev="dm-2" ino=12190 scontext=u:r:isolated_app:s0:c512,c768 tcontext=u:object_r:app_data_file:s0:c512,c768 tclass=dir permissive=0
11-01 00:59:42.961  5948  5948 W boxed_process12: type=1400 audit(0.0:16721): avc: denied { getattr } for path="/data/data/com.android.chrome" dev="dm-2" ino=12190 scontext=u:r:isolated_app:s0:c512,c768 tcontext=u:object_r:app_data_file:s0:c512,c768 tclass=dir permissive=0
11-01 00:59:42.983  5578  5578 W FeedModelProvider: sessionId is null, this should have been set during population
11-01 00:59:42.991  5578  5578 I cr_tabmodel: Appending tabs being restored to metadata lists, 0, startingNormalCount: 2, startingIncognitoCount: 0
11-01 00:59:42.991  5578  5578 I cr_tabmodel: Serializing tab lists; counts: 2, 0
11-01 00:59:43.014  5969  5969 W boxed_process14: type=1400 audit(0.0:16722): avc: denied { getattr } for path="/data/data/com.android.chrome" dev="dm-2" ino=12190 scontext=u:r:isolated_app:s0:c512,c768 tcontext=u:object_r:app_data_file:s0:c512,c768 tclass=dir permissive=0
11-01 00:59:43.029  5935  5935 I cr_ChildProcessService: Creating new ChildProcessService pid=5935
11-01 00:59:43.089   600 10249 I ActivityManager: Start proc 6029:com.android.chrome:sandboxed_process17/u0i692 for service com.android.chrome/org.chromium.content.app.SandboxedProcessService17
11-01 00:59:43.091  5988  5988 W boxed_process15: type=1400 audit(0.0:16723): avc: denied { getattr } for path="/data/data/com.android.chrome" dev="dm-2" ino=12190 scontext=u:r:isolated_app:s0:c512,c768 tcontext=u:object_r:app_data_file:s0:c512,c768 tclass=dir permissive=0
11-01 00:59:43.141  5948  5948 I cr_ChildProcessService: Creating new ChildProcessService pid=5948
11-01 00:59:43.154  5962  5962 I cr_ChildProcessService: Creating new ChildProcessService pid=5962
11-01 00:59:43.163   600  6312 I ActivityManager: Start proc 6034:com.android.chrome:sandboxed_process18/u0i693 for service com.android.chrome/org.chromium.content.app.SandboxedProcessService18
11-01 00:59:43.217   600 13557 I ActivityManager: Start proc 6049:com.android.chrome:sandboxed_process19/u0i694 for service com.android.chrome/org.chromium.content.app.SandboxedProcessService19
11-01 00:59:43.240  5969  5969 I cr_ChildProcessService: Creating new ChildProcessService pid=5969
11-01 00:59:43.241  6012  6012 W boxed_process16: type=1400 audit(0.0:16724): avc: denied { getattr } for path="/data/data/com.android.chrome" dev="dm-2" ino=12190 scontext=u:r:isolated_app:s0:c512,c768 tcontext=u:object_r:app_data_file:s0:c512,c768 tclass=dir permissive=0
11-01 00:59:43.249  5921  6013 I cr_LibraryLoader: Loaded native library version number "85.0.4183.127"
11-01 00:59:43.274  5921  6013 I cr_CachingUmaRecorder: Flushed 1 samples from 1 histograms.
11-01 00:59:43.284  5988  5988 I cr_ChildProcessService: Creating new ChildProcessService pid=5988
11-01 00:59:43.331   600  1081 I ActivityManager: Start proc 6064:com.android.chrome:sandboxed_process20/u0i695 for service com.android.chrome/org.chromium.content.app.SandboxedProcessService20
11-01 00:59:43.415  5578  5578 I FeedRequestManagerImpl: Request: /httpservice/noretry/DiscoverClankService/FeedQuery completed with response code: 200
11-01 00:59:43.415  5578  5578 I TaskQueue:  - task [IMMEDIATE - d: true, b: 2]: 15
11-01 00:59:43.415  5578  5578 I TaskQueue:  - queueTask starting immediate task
11-01 00:59:43.415  5578  5633 I TaskQueue: Execute task [IMMEDIATE - d: true, b: 2]: 15
11-01 00:59:43.520  5935  6027 I cr_LibraryLoader: Loaded native library version number "85.0.4183.127"
11-01 00:59:43.520  5935  6027 I cr_CachingUmaRecorder: Flushed 1 samples from 1 histograms.
11-01 00:59:43.524  6029  6029 W boxed_process17: type=1400 audit(0.0:16725): avc: denied { getattr } for path="/data/data/com.android.chrome" dev="dm-2" ino=12190 scontext=u:r:isolated_app:s0:c512,c768 tcontext=u:object_r:app_data_file:s0:c512,c768 tclass=dir permissive=0
11-01 00:59:43.526  5921  6013 I chromium: [INFO:child_process_service.cc(69)] ChildProcessService: Exiting child process.
11-01 00:59:43.527   197   197 E lowmemorykiller: Error writing /proc/5921/oom_score_adj; errno=22
11-01 00:59:43.541  6012  6012 I cr_ChildProcessService: Creating new ChildProcessService pid=6012
11-01 00:59:43.557  6034  6034 W boxed_process18: type=1400 audit(0.0:16726): avc: denied { getattr } for path="/data/data/com.android.chrome" dev="dm-2" ino=12190 scontext=u:r:isolated_app:s0:c512,c768 tcontext=u:object_r:app_data_file:s0:c512,c768 tclass=dir permissive=0
11-01 00:59:43.560  5948  6036 I cr_LibraryLoader: Loaded native library version number "85.0.4183.127"
11-01 00:59:43.560  5948  6036 I cr_CachingUmaRecorder: Flushed 1 samples from 1 histograms.
11-01 00:59:43.567  5962  6038 I cr_LibraryLoader: Loaded native library version number "85.0.4183.127"
11-01 00:59:43.567  5962  6038 I cr_CachingUmaRecorder: Flushed 1 samples from 1 histograms.
11-01 00:59:43.611  6049  6049 W boxed_process19: type=1400 audit(0.0:16727): avc: denied { getattr } for path="/data/data/com.android.chrome" dev="dm-2" ino=12190 scontext=u:r:isolated_app:s0:c512,c768 tcontext=u:object_r:app_data_file:s0:c512,c768 tclass=dir permissive=0
11-01 00:59:43.643  5578  5633 I MainThreadRunner: Running task [FeedRequestManagerImpl consumer] on the Main Thread
11-01 00:59:43.643  5578  5633 I TaskQueue:  - Finished 15, time 227 ms
11-01 00:59:43.643  5578  5578 I FeedProtocolAdapter: createModel, operations 33
11-01 00:59:43.650  5578  5578 I TimingUtils: Task Timing   7ms, thread ui | task : convertWireProtocol | mutations : 33
11-01 00:59:43.652  5578  5578 I TaskQueue:  - task [HEAD_RESET - d: true, b: 2]: 5
11-01 00:59:43.652  5578  5578 I TaskQueue:  - queueTask starting immediate task
11-01 00:59:43.653  5578  5633 I TaskQueue: Execute task [HEAD_RESET - d: true, b: 2]: 5
11-01 00:59:43.658  6012  6088 I cr_LibraryLoader: Loaded native library version number "85.0.4183.127"
11-01 00:59:43.659  6012  6088 I cr_CachingUmaRecorder: Flushed 1 samples from 1 histograms.
11-01 00:59:43.662  5988  6070 I cr_LibraryLoader: Loaded native library version number "85.0.4183.127"
11-01 00:59:43.663  5988  6070 I cr_CachingUmaRecorder: Flushed 1 samples from 1 histograms.
11-01 00:59:43.666  5578  5633 I TaskQueue:  - task [BACKGROUND - d: true, b: 2]: 23
11-01 00:59:43.667  5578  5633 W SessionCache: Persisted Sessions were not found
11-01 00:59:43.701  6064  6064 W boxed_process20: type=1400 audit(0.0:16728): avc: denied { getattr } for path="/data/data/com.android.chrome" dev="dm-2" ino=12190 scontext=u:r:isolated_app:s0:c512,c768 tcontext=u:object_r:app_data_file:s0:c512,c768 tclass=dir permissive=0
11-01 00:59:43.701   600 10249 I ActivityManager: Process com.android.chrome:sandboxed_process10 (pid 5921) has died
11-01 00:59:43.701   600 10249 D ActivityManager: cleanUpApplicationRecord -- 5921
11-01 00:59:43.706  5969  6061 I cr_LibraryLoader: Loaded native library version number "85.0.4183.127"
11-01 00:59:43.706  5969  6061 I cr_CachingUmaRecorder: Flushed 1 samples from 1 histograms.
11-01 00:59:43.713  5578  5633 I PersistentFeedStore: commitSessionMutation - Success true, Update Session $HEAD, stream structures 32
11-01 00:59:43.713  5578  5578 W chromium: [WARNING:compositor_view.cc(315)] Child process died (type=6) pid=5921)
11-01 00:59:43.720  5935  6027 I chromium: [INFO:child_process_service.cc(69)] ChildProcessService: Exiting child process.
11-01 00:59:43.725  5578  5633 I MainThreadRunner: Running task [SchedulerApiWrapper onReceiveNewContent] on the Main Thread
11-01 00:59:43.726  5578  5633 I MainThreadRunner: Running task [FeedKnownContentImpl onNewContentReceived] on the Main Thread
11-01 00:59:43.730  5578  5633 I SessionManagerMutation: Cleared Head, new creation time 11-01 00:59:43.667
11-01 00:59:43.730  5578  5633 I TimingUtils: Task Timing  77ms, thread background-1 | task : sessionMutation.commitTask:updateConsumer | mutations : 33 | userInitiated : false
11-01 00:59:43.730  5578  5633 I TaskQueue: Cancelling starvation checks
11-01 00:59:43.730  5578  5633 I TaskQueue:  - Finished 5, time 78 ms
11-01 00:59:43.730  5578  5633 I TaskQueue: Execute task [USER_FACING - d: false, b: 2]: 24
11-01 00:59:43.736  5578  5633 I TimeoutSessionImpl: TimeoutSession.populateModelProvider, shouldAppend false
11-01 00:59:43.736  5578  5633 I SessionImpl: PopulateModelProvider 32 items
11-01 00:59:43.736  5578  5633 I FeedModelProvider: FeedModelProvider - committer, structure changes 31, update changes 0
11-01 00:59:43.736  5578  5633 I FeedModelProvider: SyntheticTokenTracker: 0, 11, 11, false
11-01 00:59:43.737  5578  5633 I FeedSessionManagerImpl: Caching getStreamFeatures - items 31, cache misses 0, cache size 31
11-01 00:59:43.737  5578  5633 I FeedModelProvider: Moving _session:a52c9334-3d3f-4506-8501-577db9579e9f to READY
11-01 00:59:43.737  5578  5633 I MainThreadRunner: Running task [FeedModelProvider onSessionStart] on the Main Thread
11-01 00:59:43.737  5578  5633 I FeedModelProvider: ModelProvider Mutation committed - structure changes 31, childrenToBind 31, removedChildren false, Token false
11-01 00:59:43.739  5948  6036 I chromium: [INFO:child_process_service.cc(69)] ChildProcessService: Exiting child process.
11-01 00:59:43.744  6029  6029 I cr_ChildProcessService: Creating new ChildProcessService pid=6029
