11-02 12:01:11.815 21026 21080 I PersistentFeedStore: commitSessionMutation - Success true, Update Session $HEAD, stream structures 32
11-02 12:01:11.821 21026 21080 I MainThreadRunner: Running task [SchedulerApiWrapper onReceiveNewContent] on the Main Thread
11-02 12:01:11.821 21026 21080 I MainThreadRunner: Running task [FeedKnownContentImpl onNewContentReceived] on the Main Thread
11-02 12:01:11.822 21026 21080 I SessionManagerMutation: Cleared Head, new creation time 11-02 12:01:11.803
11-02 12:01:11.822 21026 21080 I TimingUtils: Task Timing  24ms, thread background-1 | task : sessionMutation.commitTask:updateConsumer | mutations : 33 | userInitiated : false
11-02 12:01:11.822 21026 21080 I TaskQueue: Cancelling starvation checks
11-02 12:01:11.822 21026 21080 I TaskQueue:  - Finished 5, time 25 ms
11-02 12:01:11.844 21026 21080 I TaskQueue: Execute task [USER_FACING - d: false, b: 2]: 24
11-02 12:01:11.861 21026 21080 I TimeoutSessionImpl: TimeoutSession.populateModelProvider, shouldAppend false
11-02 12:01:11.861 21026 21080 I SessionImpl: PopulateModelProvider 32 items
11-02 12:01:11.861 21026 21080 I FeedModelProvider: FeedModelProvider - committer, structure changes 31, update changes 0
11-02 12:01:11.862 21026 21080 I FeedModelProvider: SyntheticTokenTracker: 0, 11, 11, false
11-02 12:01:11.862 21026 21080 I FeedSessionManagerImpl: Caching getStreamFeatures - items 31, cache misses 0, cache size 31
11-02 12:01:11.862 21026 21080 I FeedModelProvider: Moving _session:a186160f-9e5d-4896-b3c0-9347f67c9ab8 to READY
11-02 12:01:11.863 21026 21080 I MainThreadRunner: Running task [FeedModelProvider onSessionStart] on the Main Thread
11-02 12:01:11.863 21026 21080 I FeedModelProvider: ModelProvider Mutation committed - structure changes 31, childrenToBind 31, removedChildren false, Token false
11-02 12:01:11.865 21026 21026 I FeedModelProvider: No children found for Cursor
11-02 12:01:11.866 21026 21080 I FeedSessionManagerImpl: Populate new session: _session:a186160f-9e5d-4896-b3c0-9347f67c9ab8, creation time 11-02 12:01:11.861
11-02 12:01:11.866 21026 21080 I TimingUtils: Task Timing  21ms, thread background-2 | task : Create/Populate New Session
11-02 12:01:11.866 21026 21080 I TaskQueue:  - Finished 24, time 24 ms
11-02 12:01:11.866 21026 21080 I TaskQueue: Execute task [BACKGROUND - d: false, b: 1]: 11
11-02 12:01:11.867 21026 21080 I ContentGc: Re-enqueuing triggerContentGc; attempts(0)
11-02 12:01:11.867 21026 21080 I TaskQueue:  - task [BACKGROUND - d: false, b: 1]: 11
11-02 12:01:11.867 21026 21080 I TaskQueue:  - Finished 11, time 1 ms
11-02 12:01:11.867 21026 21080 I TaskQueue: Execute task [BACKGROUND - d: false, b: 1]: 23
11-02 12:01:11.885 21532 21546 I cr_LibraryLoader: Loaded native library version number "85.0.4183.127"
11-02 12:01:11.886 21532 21546 I cr_CachingUmaRecorder: Flushed 1 samples from 1 histograms.
11-02 12:01:11.923   601  3864 D ActivityManager: cleanUpApplicationRecord -- 21170
11-02 12:01:11.929 21026 21026 W chromium: [WARNING:compositor_view.cc(315)] Child process died (type=6) pid=21170)
11-02 12:01:12.018 21026 21080 I TimingUtils: Task Timing 150ms, thread background-3 | task : commitContentMutation | mutations : 32
11-02 12:01:12.018 21026 21080 I TimingUtils: Task Timing   0ms, thread background-4 | task : commitSemanticPropertiesMutation | mutations : 0
11-02 12:01:12.018 21026 21080 I TaskQueue:  - Finished 23, time 151 ms
11-02 12:01:12.018 21026 21080 I TaskQueue: Execute task [BACKGROUND - d: false, b: 0]: 11
11-02 12:01:12.020 21026 21080 I SessionCache: Determining accessible content
11-02 12:01:12.023 21026 21080 I TimingUtils: Task Timing   4ms, thread background-5 | task : ContentGc | contentItemsRemoved : 0
11-02 12:01:12.023 21026 21080 I TaskQueue:  - Finished 11, time 5 ms
11-02 12:01:13.057   601  9611 D ActivityManager: cleanUpApplicationRecord -- 21210
11-02 12:01:13.220 21026 21026 W chromium: [WARNING:compositor_view.cc(315)] Child process died (type=6) pid=21210)
11-02 12:01:13.345   601   819 D ActivityManager: cleanUpApplicationRecord -- 21228
11-02 12:01:13.625 21026 21077 I cr_omaha: Request to Server Successful. Timestamp for next request:1667390473625
11-02 12:01:13.661 21026 21077 I cr_omaha: Request to Server Successful. Timestamp for next request:1667390473661
11-02 12:01:13.661 21026 21077 I cr_omaha: Attempting to schedule next job for: Wed Nov 02 17:01:13 GMT+01:00 2022
11-02 12:01:13.664 21026 21026 I cr_omaha: Scheduled using JobService
11-02 12:01:13.665 21026 21026 E cr_BkgrdTaskJS: Tried finishing non-current BackgroundTask.
11-02 12:01:13.696   785   804 W Icing   : isOptedInForAppHistory: empty Account Name encountered
11-02 12:01:13.715   785   804 W Icing   : isOptedInForAppHistory: empty Account Name encountered
11-02 12:01:13.800   601  2013 D ActivityManager: cleanUpApplicationRecord -- 21253
11-02 12:01:13.843   601   832 D ActivityManager: cleanUpApplicationRecord -- 21239
11-02 12:01:13.844 21026 21026 W chromium: [WARNING:compositor_view.cc(315)] Child process died (type=6) pid=21253)
11-02 12:01:13.844 21026 21026 W chromium: [WARNING:compositor_view.cc(315)] Child process died (type=6) pid=21385)
11-02 12:01:13.844 21026 21026 W chromium: [WARNING:compositor_view.cc(315)] Child process died (type=6) pid=21228)
11-02 12:01:13.845 21026 21026 W chromium: [WARNING:compositor_view.cc(315)] Child process died (type=6) pid=21239)
11-02 12:01:13.851   601  4262 D ActivityManager: cleanUpApplicationRecord -- 21385
11-02 12:01:13.876   601 19770 D ActivityManager: cleanUpApplicationRecord -- 21441
11-02 12:01:13.896   601   832 D ActivityManager: cleanUpApplicationRecord -- 21192
11-02 12:01:13.903 21026 21026 W chromium: [WARNING:compositor_view.cc(315)] Child process died (type=6) pid=21441)
11-02 12:01:13.910 21026 21026 W chromium: [WARNING:compositor_view.cc(315)] Child process died (type=6) pid=21192)
11-02 12:01:13.934   601  4276 D ActivityManager: cleanUpApplicationRecord -- 21454
11-02 12:01:13.943 21026 21026 W chromium: [WARNING:compositor_view.cc(315)] Child process died (type=6) pid=21454)
11-02 12:01:14.046   601   612 D ActivityManager: cleanUpApplicationRecord -- 21432
11-02 12:01:14.048 21026 21026 W chromium: [WARNING:compositor_view.cc(315)] Child process died (type=6) pid=21285)
11-02 12:01:14.049 21026 21026 W chromium: [WARNING:compositor_view.cc(315)] Child process died (type=6) pid=21432)
11-02 12:01:14.054   601  3864 D ActivityManager: cleanUpApplicationRecord -- 21285
11-02 12:01:14.059 21026 21026 W chromium: [WARNING:compositor_view.cc(315)] Child process died (type=6) pid=21164)
11-02 12:01:14.060 21026 21026 W chromium: [WARNING:compositor_view.cc(315)] Child process died (type=6) pid=21349)
11-02 12:01:14.061 21026 21026 W chromium: [WARNING:compositor_view.cc(315)] Child process died (type=6) pid=21336)
11-02 12:01:14.067   601   832 D ActivityManager: cleanUpApplicationRecord -- 21349
11-02 12:01:14.068   601  9663 D ActivityManager: cleanUpApplicationRecord -- 21336
11-02 12:01:14.068   601  3564 D ActivityManager: cleanUpApplicationRecord -- 21164
11-02 12:01:14.070 21026 21026 W chromium: [WARNING:compositor_view.cc(315)] Child process died (type=6) pid=21407)
11-02 12:01:14.086   601  7042 D ActivityManager: cleanUpApplicationRecord -- 21407
11-02 12:01:14.128   601   660 D ActivityManager: cleanUpApplicationRecord -- 21398
11-02 12:01:14.168 21026 21026 W chromium: [WARNING:compositor_view.cc(315)] Child process died (type=6) pid=21398)
11-02 12:01:14.256   601  9663 D ActivityManager: cleanUpApplicationRecord -- 21366
11-02 12:01:14.258 21026 21026 W chromium: [WARNING:compositor_view.cc(315)] Child process died (type=6) pid=21366)
11-02 12:01:14.464 21026 21026 E cr_BTSPrefs: No data found for task id: 53
11-02 12:01:14.464 21026 21026 E cr_BkgrdTaskScheduler: Task cannot be canceled because no data was found instorage or data was invalid
11-02 12:01:14.577 23975  4479 E native  : document-store.cc:1328 Failed to update per-doc-data with usage report
11-02 12:01:14.732   785 19721 W Icing   : isOptedInForAppHistory: empty Account Name encountered
11-02 12:01:15.240 23975  4479 I Icing   : Usage reports ok 2, Failed Usage reports 1, indexed 1, rejected 0
11-02 12:01:15.241 23975  4479 I Icing   : Removing corpus key com.android.chrome-omnibox for package com.android.chrome
11-02 12:01:15.392 23975  4479 I native  : flash-index.cc:1519 Flash index sort hb 10 prefix-hits 18 -> 15 at 23.580ms
11-02 12:01:15.551 23975  4479 I native  : document-store.cc:1654 Scored 3268 usage reports, missing_corpora 0 update_failed 1781
11-02 12:01:15.647 23975  4479 W Icing   : No valid account for uploading user actions
11-02 12:01:16.104 23975  4479 I Icing   : Usage reports ok 1, Failed Usage reports 0, indexed 1, rejected 0
11-02 12:01:16.236 23975  4479 W Icing   : No valid account for uploading user actions
11-02 12:01:16.344 23975  4479 I Icing   : Usage reports ok 0, Failed Usage reports 0, indexed 0, rejected 0
11-02 12:01:16.387 23975  4479 I Icing   : Indexing com.android.chrome-omnibox from com.android.chrome
11-02 12:01:16.907 21026 21036 W art     : Suspending all threads took: 7.992ms
11-02 12:01:16.915 21026 21036 I art     : Background sticky concurrent mark sweep GC freed 35324(1506KB) AllocSpace objects, 2(40KB) LOS objects, 5% free, 16MB/17MB, paused 8.485ms total 160.471ms
11-02 12:01:17.007 23975  4479 I Icing   : Indexing done com.android.chrome-omnibox
11-02 12:01:18.860 21026 21026 E cr_BTSPrefs: No data found for task id: 57
11-02 12:01:18.860 21026 21026 E cr_BkgrdTaskScheduler: Task cannot be canceled because no data was found instorage or data was invalid
11-02 12:01:18.861 21026 21026 E cr_BTSPrefs: No data found for task id: 56
11-02 12:01:18.861 21026 21026 E cr_BkgrdTaskScheduler: Task cannot be canceled because no data was found instorage or data was invalid
11-02 12:01:20.517 21026 21026 I cr_tabmodel: Appending tabs being restored to metadata lists, 0, startingNormalCount: 2, startingIncognitoCount: 0
11-02 12:01:20.518 21026 21026 I cr_tabmodel: Serializing tab lists; counts: 2, 0
11-02 12:01:20.659   785  1711 W Icing   : isOptedInForAppHistory: empty Account Name encountered
11-02 12:01:20.674   785  1711 W Icing   : isOptedInForAppHistory: empty Account Name encountered
11-02 12:01:20.694   785 19977 W Icing   : isOptedInForAppHistory: empty Account Name encountered
11-02 12:01:20.729 23975  4479 I Icing   : Indexing com.android.chrome-internal.3p:WebPage from com.android.chrome
11-02 12:01:20.730 23975  4479 E SQLiteLog: (1) no such table: WebPage_com.android.chrome_seq_table
11-02 12:01:20.731 23975  4479 E Icing   : Cursor call threw an exception: no such table: WebPage_com.android.chrome_seq_table (code 1): , while compiling: SELECT * FROM [WebPage_com.android.chrome_seq_table] WHERE seqno>0 AND tag IS NULL ORDER BY seqno LIMIT 20
11-02 12:01:20.731 23975  4479 I Icing   : Indexing done com.android.chrome-internal.3p:WebPage
11-02 12:01:20.731 23975  4479 E Icing   : Aborting indexing of corpus internal.3p:WebPage
11-02 12:01:20.732 23975  4479 I Icing   : Indexing com.android.chrome-internal.3p:WebPage from com.android.chrome using seqno 0
11-02 12:01:24.927 21582 21582 D AndroidRuntime: >>>>>> START com.android.internal.os.RuntimeInit uid 2000 <<<<<<
11-02 12:01:24.931 21582 21582 D AndroidRuntime: CheckJNI is OFF
11-02 12:01:25.001 21582 21582 D ICU     : No timezone override file found: /data/misc/zoneinfo/current/icu/icu_tzdata.dat
11-02 12:01:25.033 21582 21582 I Radio-JNI: register_android_hardware_Radio DONE
11-02 12:01:25.049 21582 21582 D AndroidRuntime: Calling main entry com.android.commands.monkey.Monkey
11-02 12:01:25.116   601   614 W BroadcastQueue: Skipping deliver [background] BroadcastRecord{c7d3106 u-1 android.net.conn.CONNECTIVITY_CHANGE} to ReceiverList{6e1e3c7 21582 (unknown name)/2000/u-1 remote:660a548}: process crashing
11-02 12:01:26.659 21582 21582 D MonkeyStub: translateCommand: wake
11-02 12:01:26.793 21582 21582 D MonkeyStub: translateCommand: tap 686 1843
11-02 12:01:37.642 21026 21026 I cr_tabmodel: Appending tabs being restored to metadata lists, 0, startingNormalCount: 2, startingIncognitoCount: 0
11-02 12:01:37.642 21026 21026 I cr_tabmodel: Serializing tab lists; counts: 2, 0
11-02 12:01:38.315 21026 21026 I cr_tabmodel: Appending tabs being restored to metadata lists, 0, startingNormalCount: 2, startingIncognitoCount: 0
11-02 12:01:38.315 21026 21026 I cr_tabmodel: Serializing tab lists; counts: 2, 0
11-02 12:01:38.875 21582 21582 D MonkeyStub: translateCommand: tap 1320 704
11-02 12:01:40.921 21582 21582 D MonkeyStub: translateCommand: touch down 614 1561
11-02 12:01:40.925 21582 21582 D MonkeyStub: translateCommand: touch move 614 1561
11-02 12:01:41.036 21582 21582 D MonkeyStub: translateCommand: touch move 614 1436
11-02 12:01:41.144 21582 21582 D MonkeyStub: translateCommand: touch move 614 1311
11-02 12:01:41.255 21582 21582 D MonkeyStub: translateCommand: touch move 614 1186
11-02 12:01:41.360 21582 21582 D MonkeyStub: translateCommand: touch move 614 1061
11-02 12:01:41.474 21582 21582 D MonkeyStub: translateCommand: touch move 614 937
11-02 12:01:41.594 21582 21582 D MonkeyStub: translateCommand: touch move 614 812
11-02 12:01:41.704 21582 21582 D MonkeyStub: translateCommand: touch move 614 687
11-02 12:01:41.812 21582 21582 D MonkeyStub: translateCommand: touch move 614 562
11-02 12:01:41.922 21582 21582 D MonkeyStub: translateCommand: touch move 614 437
11-02 12:01:42.027 21582 21582 D MonkeyStub: translateCommand: touch move 614 312
11-02 12:01:42.032 21582 21582 D MonkeyStub: translateCommand: touch up 614 312
11-02 12:01:42.186 23975 24302 I Icing   : IndexChimeraService.getServiceInterface callingPackage=com.android.chrome componentName=null serviceId=36
11-02 12:01:42.206 23975  4479 W Icing   : No valid account for uploading user actions
11-02 12:01:42.226 23975 24436 I Icing   : IndexChimeraService.getServiceInterface callingPackage=com.google.android.gms componentName=null serviceId=30
11-02 12:01:42.430 23975  4479 I Icing   : Usage reports ok 1, Failed Usage reports 0, indexed 1, rejected 0
11-02 12:01:42.525 23975  4479 W Icing   : No valid account for uploading user actions
11-02 12:01:42.545 23975  4479 I Icing   : Usage reports ok 0, Failed Usage reports 0, indexed 0, rejected 0
11-02 12:01:42.547 23975  4479 I Icing   : Indexing com.android.chrome-omnibox from com.android.chrome
11-02 12:01:42.601 23975  4479 I Icing   : Indexing done com.android.chrome-omnibox
11-02 12:01:45.237 21026 21026 I cr_tabmodel: Appending tabs being restored to metadata lists, 0, startingNormalCount: 2, startingIncognitoCount: 0
11-02 12:01:45.237 21026 21026 I cr_tabmodel: Serializing tab lists; counts: 2, 0
11-02 12:01:45.515 21026 21026 I cr_tabmodel: Appending tabs being restored to metadata lists, 0, startingNormalCount: 2, startingIncognitoCount: 0
11-02 12:01:45.515 21026 21026 I cr_tabmodel: Serializing tab lists; counts: 2, 0
11-02 12:01:46.252 21582 21582 D MonkeyStub: translateCommand: tap 321 1446
11-02 12:01:46.659   785  1162 E AsyncOperation: serviceID=121, operation=GetLaunchDataOperation [CONTEXT service_id=259 ]
11-02 12:01:46.659   785  1162 E AsyncOperation: OperationException[Status{statusCode=Not an instant app, resolution=null}]
11-02 12:01:46.659   785  1162 E AsyncOperation: 	at aeay.a(:com.google.android.gms@203915020@20.39.15 (040406-335085812):20)
11-02 12:01:46.659   785  1162 E AsyncOperation: 	at aain.run(:com.google.android.gms@203915020@20.39.15 (040406-335085812):7)
11-02 12:01:46.659   785  1162 E AsyncOperation: 	at boex.run(:com.google.android.gms@203915020@20.39.15 (040406-335085812):2)
11-02 12:01:46.659   785  1162 E AsyncOperation: 	at sup.b(:com.google.android.gms@203915020@20.39.15 (040406-335085812):12)
11-02 12:01:46.659   785  1162 E AsyncOperation: 	at sup.run(:com.google.android.gms@203915020@20.39.15 (040406-335085812):7)
11-02 12:01:46.659   785  1162 E AsyncOperation: 	at java.util.concurrent.ThreadPoolExecutor.runWorker(ThreadPoolExecutor.java:1133)
11-02 12:01:46.659   785  1162 E AsyncOperation: 	at java.util.concurrent.ThreadPoolExecutor$Worker.run(ThreadPoolExecutor.java:607)
11-02 12:01:46.659   785  1162 E AsyncOperation: 	at tam.run(:com.google.android.gms@203915020@20.39.15 (040406-335085812):0)
11-02 12:01:46.659   785  1162 E AsyncOperation: 	at java.lang.Thread.run(Thread.java:761)
11-02 12:01:48.122   785  1694 W Icing   : isOptedInForAppHistory: empty Account Name encountered
11-02 12:01:48.131   785  1694 W Icing   : isOptedInForAppHistory: empty Account Name encountered
11-02 12:01:48.145   785 17263 W Icing   : isOptedInForAppHistory: empty Account Name encountered
11-02 12:01:49.481   601  9663 I ActivityManager: Start proc 21721:com.android.chrome:sandboxed_process21/u0i616 for service com.android.chrome/org.chromium.content.app.SandboxedProcessService21
11-02 12:01:49.534 21721 21721 W boxed_process21: type=1400 audit(0.0:2611): avc: denied { getattr } for path="/data/data/com.android.chrome" dev="dm-2" ino=12190 scontext=u:r:isolated_app:s0:c512,c768 tcontext=u:object_r:app_data_file:s0:c512,c768 tclass=dir permissive=0
11-02 12:01:49.557 21721 21721 I cr_ChildProcessService: Creating new ChildProcessService pid=21721
11-02 12:01:49.628 21721 21734 I cr_LibraryLoader: Loaded native library version number "85.0.4183.127"
11-02 12:01:49.628 21721 21734 I cr_CachingUmaRecorder: Flushed 1 samples from 1 histograms.
11-02 12:01:49.641 21734 21734 W CrUtilityMain: type=1400 audit(0.0:2612): avc: denied { setattr } for name="LICENSE.txt" dev="dm-2" ino=59733 scontext=u:r:isolated_app:s0:c512,c768 tcontext=u:object_r:app_data_file:s0:c512,c768 tclass=file permissive=0
11-02 12:01:49.644 21734 21734 W CrUtilityMain: type=1400 audit(0.0:2613): avc: denied { setattr } for name=46696C746572696E672052756C6573 dev="dm-2" ino=59651 scontext=u:r:isolated_app:s0:c512,c768 tcontext=u:object_r:app_data_file:s0:c512,c768 tclass=file permissive=0
11-02 12:01:49.644 21734 21734 W CrUtilityMain: type=1400 audit(0.0:2614): avc: denied { setattr } for name="manifest.json" dev="dm-2" ino=59868 scontext=u:r:isolated_app:s0:c512,c768 tcontext=u:object_r:app_data_file:s0:c512,c768 tclass=file permissive=0
11-02 12:01:49.647 21734 21734 W CrUtilityMain: type=1400 audit(0.0:2615): avc: denied { setattr } for name="verified_contents.json" dev="dm-2" ino=59635 scontext=u:r:isolated_app:s0:c512,c768 tcontext=u:object_r:app_data_file:s0:c512,c768 tclass=file permissive=0
11-02 12:01:49.655 21721 21721 I cr_ChildProcessService: Destroying ChildProcessService pid=21721
11-02 12:01:49.656 21721 21734 I chromium: [INFO:child_process_service.cc(69)] ChildProcessService: Exiting child process.
11-02 12:01:49.757   601 10729 I ActivityManager: Process com.android.chrome:sandboxed_process21 (pid 21721) has died
11-02 12:01:49.757   601 10729 D ActivityManager: cleanUpApplicationRecord -- 21721
11-02 12:01:49.774 21026 21026 W chromium: [WARNING:compositor_view.cc(315)] Child process died (type=6) pid=21721)
11-02 12:01:50.113   601  2013 I ActivityManager: Start proc 21740:com.android.chrome:sandboxed_process22/u0i617 for service com.android.chrome/org.chromium.content.app.SandboxedProcessService22
11-02 12:01:50.174 21740 21740 W boxed_process22: type=1400 audit(0.0:2616): avc: denied { getattr } for path="/data/data/com.android.chrome" dev="dm-2" ino=12190 scontext=u:r:isolated_app:s0:c512,c768 tcontext=u:object_r:app_data_file:s0:c512,c768 tclass=dir permissive=0
11-02 12:01:50.197 21740 21740 I cr_ChildProcessService: Creating new ChildProcessService pid=21740
11-02 12:01:50.243 21740 21754 I cr_LibraryLoader: Loaded native library version number "85.0.4183.127"
11-02 12:01:50.244 21740 21754 I cr_CachingUmaRecorder: Flushed 1 samples from 1 histograms.
11-02 12:01:50.291 21754 21754 W CrUtilityMain: type=1400 audit(0.0:2617): avc: denied { setattr } for name="tl_en-us_2022-10-26_484799359_100000_index.bin" dev="dm-2" ino=60083 scontext=u:r:isolated_app:s0:c512,c768 tcontext=u:object_r:app_data_file:s0:c512,c768 tclass=file permissive=0
11-02 12:01:50.294 21754 21754 W CrUtilityMain: type=1400 audit(0.0:2618): avc: denied { setattr } for name="manifest.json" dev="dm-2" ino=60507 scontext=u:r:isolated_app:s0:c512,c768 tcontext=u:object_r:app_data_file:s0:c512,c768 tclass=file permissive=0
11-02 12:01:50.297 21754 21754 W CrUtilityMain: type=1400 audit(0.0:2619): avc: denied { setattr } for name="verified_contents.json" dev="dm-2" ino=60182 scontext=u:r:isolated_app:s0:c512,c768 tcontext=u:object_r:app_data_file:s0:c512,c768 tclass=file permissive=0
11-02 12:01:50.306 21740 21740 I cr_ChildProcessService: Destroying ChildProcessService pid=21740
11-02 12:01:50.307 21740 21754 I chromium: [INFO:child_process_service.cc(69)] ChildProcessService: Exiting child process.
11-02 12:01:50.327   601   832 I ActivityManager: Process com.android.chrome:sandboxed_process22 (pid 21740) has died
11-02 12:01:50.327   601   832 D ActivityManager: cleanUpApplicationRecord -- 21740
11-02 12:01:50.334 21026 21026 W chromium: [WARNING:compositor_view.cc(315)] Child process died (type=6) pid=21740)
11-02 12:01:51.331   601 19770 I ActivityManager: Start proc 21760:com.android.chrome:sandboxed_process23/u0i618 for service com.android.chrome/org.chromium.content.app.SandboxedProcessService23
11-02 12:01:51.384 21760 21760 W boxed_process23: type=1400 audit(0.0:2620): avc: denied { getattr } for path="/data/data/com.android.chrome" dev="dm-2" ino=12190 scontext=u:r:isolated_app:s0:c512,c768 tcontext=u:object_r:app_data_file:s0:c512,c768 tclass=dir permissive=0
11-02 12:01:51.416 21760 21760 I cr_ChildProcessService: Creating new ChildProcessService pid=21760
11-02 12:01:51.469 21760 21773 I cr_LibraryLoader: Loaded native library version number "85.0.4183.127"
11-02 12:01:51.470 21760 21773 I cr_CachingUmaRecorder: Flushed 1 samples from 1 histograms.
11-02 12:01:51.491 21773 21773 W CrUtilityMain: type=1400 audit(0.0:2621): avc: denied { setattr } for name="optimization-hints.pb" dev="dm-2" ino=60466 scontext=u:r:isolated_app:s0:c512,c768 tcontext=u:object_r:app_data_file:s0:c512,c768 tclass=file permissive=0
11-02 12:01:51.491 21773 21773 W CrUtilityMain: type=1400 audit(0.0:2622): avc: denied { setattr } for name="manifest.json" dev="dm-2" ino=60216 scontext=u:r:isolated_app:s0:c512,c768 tcontext=u:object_r:app_data_file:s0:c512,c768 tclass=file permissive=0
11-02 12:01:51.494 21773 21773 W CrUtilityMain: type=1400 audit(0.0:2623): avc: denied { setattr } for name="verified_contents.json" dev="dm-2" ino=60170 scontext=u:r:isolated_app:s0:c512,c768 tcontext=u:object_r:app_data_file:s0:c512,c768 tclass=file permissive=0
11-02 12:01:51.502 21760 21773 I chromium: [INFO:child_process_service.cc(69)] ChildProcessService: Exiting child process.
11-02 12:01:51.503   195   195 E lowmemorykiller: Error writing /proc/21760/oom_score_adj; errno=22
11-02 12:01:51.520   601  9611 I ActivityManager: Process com.android.chrome:sandboxed_process23 (pid 21760) has died
11-02 12:01:51.520   601  9611 D ActivityManager: cleanUpApplicationRecord -- 21760
11-02 12:01:51.523 21026 21026 W chromium: [WARNING:compositor_view.cc(315)] Child process died (type=6) pid=21760)
11-02 12:01:51.783   196   196 E SELinux : avc:  denied  { find } for service=netd pid=21779 uid=2000 scontext=u:r:shell:s0 tcontext=u:object_r:netd_service:s0 tclass=service_manager permissive=0
11-02 12:01:51.788   196   196 E SELinux : avc:  denied  { find } for service=android.service.gatekeeper.IGateKeeperService pid=21779 uid=2000 scontext=u:r:shell:s0 tcontext=u:object_r:gatekeeper_service:s0 tclass=service_manager permissive=0
11-02 12:01:52.752   601  9663 I ActivityManager: Start proc 21780:com.android.chrome:sandboxed_process24/u0i619 for service com.android.chrome/org.chromium.content.app.SandboxedProcessService24
11-02 12:01:52.821 21780 21780 W boxed_process24: type=1400 audit(0.0:2624): avc: denied { getattr } for path="/data/data/com.android.chrome" dev="dm-2" ino=12190 scontext=u:r:isolated_app:s0:c512,c768 tcontext=u:object_r:app_data_file:s0:c512,c768 tclass=dir permissive=0
11-02 12:01:52.868 21780 21780 I cr_ChildProcessService: Creating new ChildProcessService pid=21780
11-02 12:01:52.898   601   610 I art     : Background partial concurrent mark sweep GC freed 64276(3MB) AllocSpace objects, 9(228KB) LOS objects, 33% free, 15MB/22MB, paused 4.886ms total 144.580ms
11-02 12:01:52.922 21780 21793 I cr_LibraryLoader: Loaded native library version number "85.0.4183.127"
11-02 12:01:52.922 21780 21793 I cr_CachingUmaRecorder: Flushed 1 samples from 1 histograms.
11-02 12:01:52.941 21793 21793 W CrUtilityMain: type=1400 audit(0.0:2625): avc: denied { setattr } for name="crl-set" dev="dm-2" ino=60924 scontext=u:r:isolated_app:s0:c512,c768 tcontext=u:object_r:app_data_file:s0:c512,c768 tclass=file permissive=0
11-02 12:01:52.941 21793 21793 W CrUtilityMain: type=1400 audit(0.0:2626): avc: denied { setattr } for name="manifest.json" dev="dm-2" ino=60758 scontext=u:r:isolated_app:s0:c512,c768 tcontext=u:object_r:app_data_file:s0:c512,c768 tclass=file permissive=0
11-02 12:01:52.941 21793 21793 W CrUtilityMain: type=1400 audit(0.0:2627): avc: denied { setattr } for name="LICENSE" dev="dm-2" ino=60606 scontext=u:r:isolated_app:s0:c512,c768 tcontext=u:object_r:app_data_file:s0:c512,c768 tclass=file permissive=0
11-02 12:01:52.944 21793 21793 W CrUtilityMain: type=1400 audit(0.0:2628): avc: denied { setattr } for name="verified_contents.json" dev="dm-2" ino=60537 scontext=u:r:isolated_app:s0:c512,c768 tcontext=u:object_r:app_data_file:s0:c512,c768 tclass=file permissive=0
11-02 12:01:52.956 21780 21780 I cr_ChildProcessService: Destroying ChildProcessService pid=21780
11-02 12:01:52.957 21780 21793 I chromium: [INFO:child_process_service.cc(69)] ChildProcessService: Exiting child process.
11-02 12:01:52.984   601   612 I ActivityManager: Process com.android.chrome:sandboxed_process24 (pid 21780) has died
11-02 12:01:52.984   601   612 D ActivityManager: cleanUpApplicationRecord -- 21780
11-02 12:01:52.984 21026 21026 W chromium: [WARNING:compositor_view.cc(315)] Child process died (type=6) pid=21780)
11-02 12:01:54.326 21582 21582 D MonkeyStub: translateCommand: touch down 614 1561
11-02 12:01:54.331 21582 21582 D MonkeyStub: translateCommand: touch move 614 1561
11-02 12:01:54.435 21582 21582 D MonkeyStub: translateCommand: touch move 614 1436
11-02 12:01:54.445   601   660 I ActivityManager: Start proc 21802:com.android.chrome:sandboxed_process25/u0i620 for service com.android.chrome/org.chromium.content.app.SandboxedProcessService25
11-02 12:01:54.507 21802 21802 W boxed_process25: type=1400 audit(0.0:2629): avc: denied { getattr } for path="/data/data/com.android.chrome" dev="dm-2" ino=12190 scontext=u:r:isolated_app:s0:c512,c768 tcontext=u:object_r:app_data_file:s0:c512,c768 tclass=dir permissive=0
11-02 12:01:54.541 21582 21582 D MonkeyStub: translateCommand: touch move 614 1311
11-02 12:01:54.545 21802 21802 I cr_ChildProcessService: Creating new ChildProcessService pid=21802
11-02 12:01:54.610 21802 21815 I cr_LibraryLoader: Loaded native library version number "85.0.4183.127"
11-02 12:01:54.610 21802 21815 I cr_CachingUmaRecorder: Flushed 1 samples from 1 histograms.
11-02 12:01:54.624 21815 21815 W CrUtilityMain: type=1400 audit(0.0:2630): avc: denied { setattr } for name="manifest.json" dev="dm-2" ino=60777 scontext=u:r:isolated_app:s0:c512,c768 tcontext=u:object_r:app_data_file:s0:c512,c768 tclass=file permissive=0
11-02 12:01:54.627 21815 21815 W CrUtilityMain: type=1400 audit(0.0:2631): avc: denied { setattr } for name="verified_contents.json" dev="dm-2" ino=60623 scontext=u:r:isolated_app:s0:c512,c768 tcontext=u:object_r:app_data_file:s0:c512,c768 tclass=file permissive=0
11-02 12:01:54.641 21802 21815 I chromium: [INFO:child_process_service.cc(69)] ChildProcessService: Exiting child process.
11-02 12:01:54.646 21582 21582 D MonkeyStub: translateCommand: touch move 614 1186
11-02 12:01:54.666   601  9643 I ActivityManager: Process com.android.chrome:sandboxed_process25 (pid 21802) has died
11-02 12:01:54.666   601  9643 D ActivityManager: cleanUpApplicationRecord -- 21802
11-02 12:01:54.677 21026 21026 W chromium: [WARNING:compositor_view.cc(315)] Child process died (type=6) pid=21802)
11-02 12:01:54.750 21582 21582 D MonkeyStub: translateCommand: touch move 614 1061
11-02 12:01:54.856 21582 21582 D MonkeyStub: translateCommand: touch move 614 937
11-02 12:01:54.961 21582 21582 D MonkeyStub: translateCommand: touch move 614 812
11-02 12:01:55.066 21582 21582 D MonkeyStub: translateCommand: touch move 614 687
11-02 12:01:55.177 21582 21582 D MonkeyStub: translateCommand: touch move 614 562
11-02 12:01:55.288 21582 21582 D MonkeyStub: translateCommand: touch move 614 437
11-02 12:01:55.398 21582 21582 D MonkeyStub: translateCommand: touch move 614 312
11-02 12:01:55.415 21582 21582 D MonkeyStub: translateCommand: touch up 614 312
11-02 12:01:55.445 21582 21582 D MonkeyStub: translateCommand: touch down 614 1561
11-02 12:01:55.451 21582 21582 D MonkeyStub: translateCommand: touch move 614 1561
11-02 12:01:55.559 21582 21582 D MonkeyStub: translateCommand: touch move 614 1436
11-02 12:01:55.665 21582 21582 D MonkeyStub: translateCommand: touch move 614 1311
11-02 12:01:55.785 21582 21582 D MonkeyStub: translateCommand: touch move 614 1186
11-02 12:01:55.895 21582 21582 D MonkeyStub: translateCommand: touch move 614 1061
11-02 12:01:56.031 21582 21582 D MonkeyStub: translateCommand: touch move 614 937
11-02 12:01:56.139 21582 21582 D MonkeyStub: translateCommand: touch move 614 812
11-02 12:01:56.242 21582 21582 D MonkeyStub: translateCommand: touch move 614 687
11-02 12:01:56.346 21582 21582 D MonkeyStub: translateCommand: touch move 614 562
11-02 12:01:56.387   601  2013 I ActivityManager: Start proc 21821:com.android.chrome:sandboxed_process26/u0i621 for service com.android.chrome/org.chromium.content.app.SandboxedProcessService26
11-02 12:01:56.439   785  1162 W ProcessReaper: Memory state is: 100
11-02 12:01:56.451 21582 21582 D MonkeyStub: translateCommand: touch move 614 437
11-02 12:01:56.481 21821 21821 W boxed_process26: type=1400 audit(0.0:2632): avc: denied { getattr } for path="/data/data/com.android.chrome" dev="dm-2" ino=12190 scontext=u:r:isolated_app:s0:c512,c768 tcontext=u:object_r:app_data_file:s0:c512,c768 tclass=dir permissive=0
11-02 12:01:56.505 21821 21821 I cr_ChildProcessService: Creating new ChildProcessService pid=21821
11-02 12:01:56.562 21582 21582 D MonkeyStub: translateCommand: touch move 614 312
11-02 12:01:56.571 21582 21582 D MonkeyStub: translateCommand: touch up 614 312
11-02 12:01:56.603 21821 21834 I cr_LibraryLoader: Loaded native library version number "85.0.4183.127"
11-02 12:01:56.604 21821 21834 I cr_CachingUmaRecorder: Flushed 1 samples from 1 histograms.
11-02 12:01:56.621 21834 21834 W CrUtilityMain: type=1400 audit(0.0:2633): avc: denied { setattr } for name="download_file_types.pb" dev="dm-2" ino=61187 scontext=u:r:isolated_app:s0:c512,c768 tcontext=u:object_r:app_data_file:s0:c512,c768 tclass=file permissive=0
11-02 12:01:56.624 21834 21834 W CrUtilityMain: type=1400 audit(0.0:2634): avc: denied { setattr } for name="manifest.json" dev="dm-2" ino=61208 scontext=u:r:isolated_app:s0:c512,c768 tcontext=u:object_r:app_data_file:s0:c512,c768 tclass=file permissive=0
11-02 12:01:56.627 21834 21834 W CrUtilityMain: type=1400 audit(0.0:2635): avc: denied { setattr } for name="verified_contents.json" dev="dm-2" ino=61146 scontext=u:r:isolated_app:s0:c512,c768 tcontext=u:object_r:app_data_file:s0:c512,c768 tclass=file permissive=0
11-02 12:01:56.641 21821 21821 I cr_ChildProcessService: Destroying ChildProcessService pid=21821
11-02 12:01:56.642 21821 21834 I chromium: [INFO:child_process_service.cc(69)] ChildProcessService: Exiting child process.
11-02 12:01:56.667   601 15862 I ActivityManager: Process com.android.chrome:sandboxed_process26 (pid 21821) has died
11-02 12:01:56.667   601 15862 D ActivityManager: cleanUpApplicationRecord -- 21821
11-02 12:01:56.677 21026 21026 W chromium: [WARNING:compositor_view.cc(315)] Child process died (type=6) pid=21821)
11-02 12:01:58.676   601 15862 I ActivityManager: Start proc 21841:com.android.chrome:sandboxed_process27/u0i622 for service com.android.chrome/org.chromium.content.app.SandboxedProcessService27
11-02 12:01:58.761 21841 21841 W boxed_process27: type=1400 audit(0.0:2636): avc: denied { getattr } for path="/data/data/com.android.chrome" dev="dm-2" ino=12190 scontext=u:r:isolated_app:s0:c512,c768 tcontext=u:object_r:app_data_file:s0:c512,c768 tclass=dir permissive=0
11-02 12:01:58.790 21841 21841 I cr_ChildProcessService: Creating new ChildProcessService pid=21841
11-02 12:01:58.844 21841 21854 I cr_LibraryLoader: Loaded native library version number "85.0.4183.127"
11-02 12:01:58.845 21841 21854 I cr_CachingUmaRecorder: Flushed 1 samples from 1 histograms.
11-02 12:01:58.871 21854 21854 W CrUtilityMain: type=1400 audit(0.0:2637): avc: denied { setattr } for name="ssl_error_assistant.pb" dev="dm-2" ino=61376 scontext=u:r:isolated_app:s0:c512,c768 tcontext=u:object_r:app_data_file:s0:c512,c768 tclass=file permissive=0
11-02 12:01:58.871 21854 21854 W CrUtilityMain: type=1400 audit(0.0:2638): avc: denied { setattr } for name="manifest.json" dev="dm-2" ino=61161 scontext=u:r:isolated_app:s0:c512,c768 tcontext=u:object_r:app_data_file:s0:c512,c768 tclass=file permissive=0
11-02 12:01:58.874 21854 21854 W CrUtilityMain: type=1400 audit(0.0:2639): avc: denied { setattr } for name="verified_contents.json" dev="dm-2" ino=61131 scontext=u:r:isolated_app:s0:c512,c768 tcontext=u:object_r:app_data_file:s0:c512,c768 tclass=file permissive=0
11-02 12:01:58.883 21841 21854 I chromium: [INFO:child_process_service.cc(69)] ChildProcessService: Exiting child process.
11-02 12:01:58.884 21841 21841 I cr_ChildProcessService: Destroying ChildProcessService pid=21841
11-02 12:01:58.903   601 12691 I ActivityManager: Process com.android.chrome:sandboxed_process27 (pid 21841) has died
11-02 12:01:58.903   601 12691 D ActivityManager: cleanUpApplicationRecord -- 21841
11-02 12:01:58.912 21026 21026 W chromium: [WARNING:compositor_view.cc(315)] Child process died (type=6) pid=21841)
11-02 12:02:01.194   601  9663 I ActivityManager: Start proc 21860:com.android.chrome:sandboxed_process28/u0i623 for service com.android.chrome/org.chromium.content.app.SandboxedProcessService28
11-02 12:02:01.241 21860 21860 W boxed_process28: type=1400 audit(0.0:2640): avc: denied { getattr } for path="/data/data/com.android.chrome" dev="dm-2" ino=12190 scontext=u:r:isolated_app:s0:c512,c768 tcontext=u:object_r:app_data_file:s0:c512,c768 tclass=dir permissive=0
11-02 12:02:01.268 21860 21860 I cr_ChildProcessService: Creating new ChildProcessService pid=21860
11-02 12:02:01.348 21860 21873 I cr_LibraryLoader: Loaded native library version number "85.0.4183.127"
11-02 12:02:01.348 21860 21873 I cr_CachingUmaRecorder: Flushed 1 samples from 1 histograms.
11-02 12:02:01.397 21873 21873 W CrUtilityMain: type=1400 audit(0.0:2641): avc: denied { setattr } for name="safety_tips.pb" dev="dm-2" ino=61516 scontext=u:r:isolated_app:s0:c512,c768 tcontext=u:object_r:app_data_file:s0:c512,c768 tclass=file permissive=0
11-02 12:02:01.397 21873 21873 W CrUtilityMain: type=1400 audit(0.0:2642): avc: denied { setattr } for name="manifest.json" dev="dm-2" ino=61438 scontext=u:r:isolated_app:s0:c512,c768 tcontext=u:object_r:app_data_file:s0:c512,c768 tclass=file permissive=0
11-02 12:02:01.401 21873 21873 W CrUtilityMain: type=1400 audit(0.0:2643): avc: denied { setattr } for name="verified_contents.json" dev="dm-2" ino=61592 scontext=u:r:isolated_app:s0:c512,c768 tcontext=u:object_r:app_data_file:s0:c512,c768 tclass=file permissive=0
11-02 12:02:01.438 21860 21860 I cr_ChildProcessService: Destroying ChildProcessService pid=21860
11-02 12:02:01.441 21860 21873 I chromium: [INFO:child_process_service.cc(69)] ChildProcessService: Exiting child process.
11-02 12:02:01.463   601 17045 I ActivityManager: Process com.android.chrome:sandboxed_process28 (pid 21860) has died
11-02 12:02:01.463   601 17045 D ActivityManager: cleanUpApplicationRecord -- 21860
11-02 12:02:01.495 21026 21026 W chromium: [WARNING:compositor_view.cc(315)] Child process died (type=6) pid=21860)
11-02 12:02:02.620 21582 21582 D MonkeyStub: translateCommand: touch down 614 1561
11-02 12:02:02.628 21582 21582 D MonkeyStub: translateCommand: touch move 614 1561
11-02 12:02:02.732 21582 21582 D MonkeyStub: translateCommand: touch move 614 1436
11-02 12:02:02.839 21582 21582 D MonkeyStub: translateCommand: touch move 614 1311
11-02 12:02:02.950 21582 21582 D MonkeyStub: translateCommand: touch move 614 1186
11-02 12:02:03.055 21582 21582 D MonkeyStub: translateCommand: touch move 614 1061
11-02 12:02:03.162 21582 21582 D MonkeyStub: translateCommand: touch move 614 937
11-02 12:02:03.274 21582 21582 D MonkeyStub: translateCommand: touch move 614 812
11-02 12:02:03.392 21582 21582 D MonkeyStub: translateCommand: touch move 614 687
11-02 12:02:03.514 21582 21582 D MonkeyStub: translateCommand: touch move 614 562
11-02 12:02:03.620 21582 21582 D MonkeyStub: translateCommand: touch move 614 437
11-02 12:02:03.729 21582 21582 D MonkeyStub: translateCommand: touch move 614 312
11-02 12:02:03.735 21582 21582 D MonkeyStub: translateCommand: touch up 614 312
11-02 12:02:03.766 21582 21582 D MonkeyStub: translateCommand: touch down 614 1561
11-02 12:02:03.770 21582 21582 D MonkeyStub: translateCommand: touch move 614 1561
11-02 12:02:03.876 21582 21582 D MonkeyStub: translateCommand: touch move 614 1436
11-02 12:02:03.983 21582 21582 D MonkeyStub: translateCommand: touch move 614 1311
11-02 12:02:03.991   601  4262 I ActivityManager: Start proc 21880:com.android.chrome:sandboxed_process29/u0i624 for service com.android.chrome/org.chromium.content.app.SandboxedProcessService29
11-02 12:02:04.041 21880 21880 W boxed_process29: type=1400 audit(0.0:2644): avc: denied { getattr } for path="/data/data/com.android.chrome" dev="dm-2" ino=12190 scontext=u:r:isolated_app:s0:c512,c768 tcontext=u:object_r:app_data_file:s0:c512,c768 tclass=dir permissive=0
11-02 12:02:04.071 21880 21880 I cr_ChildProcessService: Creating new ChildProcessService pid=21880
11-02 12:02:04.093 21582 21582 D MonkeyStub: translateCommand: touch move 614 1186
11-02 12:02:04.124 21880 21893 I cr_LibraryLoader: Loaded native library version number "85.0.4183.127"
11-02 12:02:04.124 21880 21893 I cr_CachingUmaRecorder: Flushed 1 samples from 1 histograms.
11-02 12:02:04.144 21893 21893 W CrUtilityMain: type=1400 audit(0.0:2645): avc: denied { setattr } for name=5072656C6F61642044617461 dev="dm-2" ino=61545 scontext=u:r:isolated_app:s0:c512,c768 tcontext=u:object_r:app_data_file:s0:c512,c768 tclass=file permissive=0
11-02 12:02:04.147 21893 21893 W CrUtilityMain: type=1400 audit(0.0:2646): avc: denied { setattr } for name="manifest.json" dev="dm-2" ino=61742 scontext=u:r:isolated_app:s0:c512,c768 tcontext=u:object_r:app_data_file:s0:c512,c768 tclass=file permissive=0
11-02 12:02:04.147 21893 21893 W CrUtilityMain: type=1400 audit(0.0:2647): avc: denied { setattr } for name="verified_contents.json" dev="dm-2" ino=62270 scontext=u:r:isolated_app:s0:c512,c768 tcontext=u:object_r:app_data_file:s0:c512,c768 tclass=file permissive=0
11-02 12:02:04.158 21880 21880 I cr_ChildProcessService: Destroying ChildProcessService pid=21880
11-02 12:02:04.158 21880 21893 I chromium: [INFO:child_process_service.cc(69)] ChildProcessService: Exiting child process.
11-02 12:02:04.185   601  9611 I ActivityManager: Process com.android.chrome:sandboxed_process29 (pid 21880) has died
11-02 12:02:04.185   601  9611 D ActivityManager: cleanUpApplicationRecord -- 21880
11-02 12:02:04.186 21026 21026 W chromium: [WARNING:compositor_view.cc(315)] Child process died (type=6) pid=21880)
11-02 12:02:04.201 21582 21582 D MonkeyStub: translateCommand: touch move 614 1061
11-02 12:02:04.305 21582 21582 D MonkeyStub: translateCommand: touch move 614 937
11-02 12:02:04.411 21582 21582 D MonkeyStub: translateCommand: touch move 614 812
11-02 12:02:04.528 21582 21582 D MonkeyStub: translateCommand: touch move 614 687
11-02 12:02:04.633 21582 21582 D MonkeyStub: translateCommand: touch move 614 562
11-02 12:02:04.779 21582 21582 D MonkeyStub: translateCommand: touch move 614 437
11-02 12:02:04.891 21582 21582 D MonkeyStub: translateCommand: touch move 614 312
11-02 12:02:04.894 21582 21582 D MonkeyStub: translateCommand: touch up 614 312
11-02 12:02:04.900 21582 21582 D MonkeyStub: Quit requested
11-02 12:02:04.913   601   615 I CwMcuSensor: CwMcuSensor::flush: fd = 217, sensors_id = 0, path = /sys/class/htc_sensorhub/sensor_hub/flush, err = 0
11-02 12:02:04.926 21582 21582 I art     : System.exit called, status: 71
11-02 12:02:04.926 21582 21582 I AndroidRuntime: VM exiting with result code 71.
11-02 12:02:04.957   601   819 W WindowManager: Attempted to remove non-existing token: android.os.Binder@47ecdf4
11-02 12:02:06.953   601  2013 I ActivityManager: Start proc 21900:com.android.chrome:sandboxed_process30/u0i625 for service com.android.chrome/org.chromium.content.app.SandboxedProcessService30
11-02 12:02:07.007 21900 21900 W boxed_process30: type=1400 audit(0.0:2648): avc: denied { getattr } for path="/data/data/com.android.chrome" dev="dm-2" ino=12190 scontext=u:r:isolated_app:s0:c512,c768 tcontext=u:object_r:app_data_file:s0:c512,c768 tclass=dir permissive=0
11-02 12:02:07.038 21900 21900 I cr_ChildProcessService: Creating new ChildProcessService pid=21900
11-02 12:02:07.092 21900 21913 I cr_LibraryLoader: Loaded native library version number "85.0.4183.127"
11-02 12:02:07.093 21900 21913 I cr_CachingUmaRecorder: Flushed 1 samples from 1 histograms.
11-02 12:02:07.121 21913 21913 W CrUtilityMain: type=1400 audit(0.0:2649): avc: denied { setattr } for name="tls_deprecation_config.pb" dev="dm-2" ino=62267 scontext=u:r:isolated_app:s0:c512,c768 tcontext=u:object_r:app_data_file:s0:c512,c768 tclass=file permissive=0
11-02 12:02:07.124 21913 21913 W CrUtilityMain: type=1400 audit(0.0:2650): avc: denied { setattr } for name="manifest.json" dev="dm-2" ino=62054 scontext=u:r:isolated_app:s0:c512,c768 tcontext=u:object_r:app_data_file:s0:c512,c768 tclass=file permissive=0
11-02 12:02:07.124 21913 21913 W CrUtilityMain: type=1400 audit(0.0:2651): avc: denied { setattr } for name="verified_contents.json" dev="dm-2" ino=62728 scontext=u:r:isolated_app:s0:c512,c768 tcontext=u:object_r:app_data_file:s0:c512,c768 tclass=file permissive=0
11-02 12:02:07.134 21900 21900 I cr_ChildProcessService: Destroying ChildProcessService pid=21900
11-02 12:02:07.134 21900 21913 I chromium: [INFO:child_process_service.cc(69)] ChildProcessService: Exiting child process.
11-02 12:02:07.155   601  3864 I ActivityManager: Process com.android.chrome:sandboxed_process30 (pid 21900) has died
11-02 12:02:07.156   601  3864 D ActivityManager: cleanUpApplicationRecord -- 21900
11-02 12:02:07.159 21026 21026 W chromium: [WARNING:compositor_view.cc(315)] Child process died (type=6) pid=21900)
11-02 12:02:12.543   785 17263 I NetworkScheduler.Stats: Task com.google.android.gms/com.google.android.gms.icing.service.IcingGcmTaskService started execution. cause:4 exec_start_elapsed_seconds: 40527 [CONTEXT service_id=218 ]
11-02 12:02:12.563   785 19977 I NetworkScheduler.Stats: Task com.google.android.gms/com.google.android.gms.icing.service.IcingGcmTaskService finished executing. cause:4 result: 1 elapsed_millis: 34 uptime_millis: 34 exec_start_elapsed_seconds: 40527 [CONTEXT service_id=218 ]
11-02 12:02:13.040 26552 26552 E BgTasksJobSvc: Asked to start non-existing job android.app.job.JobParameters@a9fd39b
11-02 12:02:13.057 26552 26552 E BgTasksJobSvc: Asked to start non-existing job android.app.job.JobParameters@c199876
11-02 12:02:14.202 21026 21036 W art     : Suspending all threads took: 7.270ms
11-02 12:02:14.218 21026 21036 I art     : Background sticky concurrent mark sweep GC freed 51025(2MB) AllocSpace objects, 0(0B) LOS objects, 15% free, 12MB/14MB, paused 10.173ms total 42.232ms
11-02 12:02:16.836 21026 21026 I cr_tabmodel: Appending tabs being restored to metadata lists, 0, startingNormalCount: 2, startingIncognitoCount: 0
11-02 12:02:16.836 21026 21026 I cr_tabmodel: Serializing tab lists; counts: 2, 0
11-02 12:02:17.103   785  1195 W Icing   : isOptedInForAppHistory: empty Account Name encountered
11-02 12:02:17.124   785  1195 W Icing   : isOptedInForAppHistory: empty Account Name encountered
11-02 12:02:17.250   601   610 I art     : Background partial concurrent mark sweep GC freed 66369(3MB) AllocSpace objects, 33(916KB) LOS objects, 33% free, 15MB/22MB, paused 4.740ms total 130.039ms
11-02 12:02:17.267   785 19977 W Icing   : isOptedInForAppHistory: empty Account Name encountered
11-02 12:02:17.355 21026 21026 I cr_tabmodel: Appending tabs being restored to metadata lists, 0, startingNormalCount: 2, startingIncognitoCount: 0
11-02 12:02:17.355 21026 21026 I cr_tabmodel: Serializing tab lists; counts: 2, 0
11-02 12:02:17.390 23975 24436 I Icing   : IndexChimeraService.getServiceInterface callingPackage=com.android.chrome componentName=null serviceId=36
11-02 12:02:17.434 23975 27032 W Icing   : No valid account for uploading user actions
11-02 12:02:17.451 23975 24436 I Icing   : IndexChimeraService.getServiceInterface callingPackage=com.google.android.gms componentName=null serviceId=30
11-02 12:02:17.506 23975 27032 I Icing   : Usage reports ok 2, Failed Usage reports 0, indexed 2, rejected 0
11-02 12:02:17.509 23975 27032 W Icing   : No valid account for uploading user actions
11-02 12:02:17.525 23975 27032 I Icing   : Usage reports ok 0, Failed Usage reports 0, indexed 0, rejected 0
11-02 12:02:17.526 23975 27032 I Icing   : Indexing com.android.chrome-internal.3p:WebPage from com.android.chrome using seqno 0
11-02 12:02:17.546 23975 27032 I Icing   : Indexing com.android.chrome-omnibox from com.android.chrome
11-02 12:02:17.588 23975 27032 I Icing   : Indexing done com.android.chrome-omnibox
11-02 12:02:17.621 21026 21026 I cr_tabmodel: Appending tabs being restored to metadata lists, 0, startingNormalCount: 2, startingIncognitoCount: 0
11-02 12:02:17.621 21026 21026 I cr_tabmodel: Serializing tab lists; counts: 2, 0
11-02 12:02:18.574   785  1271 W Icing   : isOptedInForAppHistory: empty Account Name encountered
11-02 12:02:18.924   785 19721 W Icing   : isOptedInForAppHistory: empty Account Name encountered
11-02 12:02:19.122 21026 21026 I cr_tabmodel: Appending tabs being restored to metadata lists, 0, startingNormalCount: 2, startingIncognitoCount: 0
11-02 12:02:19.123 21026 21026 I cr_tabmodel: Serializing tab lists; counts: 2, 0
11-02 12:02:21.170 21938 21938 D AndroidRuntime: >>>>>> START com.android.internal.os.RuntimeInit uid 2000 <<<<<<
11-02 12:02:21.179 21938 21938 D AndroidRuntime: CheckJNI is OFF
11-02 12:02:21.328 21938 21938 D ICU     : No timezone override file found: /data/misc/zoneinfo/current/icu/icu_tzdata.dat
11-02 12:02:21.400 21026 21026 I cr_tabmodel: Appending tabs being restored to metadata lists, 0, startingNormalCount: 2, startingIncognitoCount: 0
11-02 12:02:21.400 21026 21026 I cr_tabmodel: Serializing tab lists; counts: 2, 0
11-02 12:02:21.412 21938 21938 I Radio-JNI: register_android_hardware_Radio DONE
11-02 12:02:21.443 21938 21938 D AndroidRuntime: Calling main entry com.android.commands.am.Am
11-02 12:02:21.482   601  9611 I ActivityManager: Force stopping com.android.chrome appid=10035 user=0: from pid 21938
11-02 12:02:21.482   601  9611 I ActivityManager: Killing 21086:com.android.chrome:privileged_process0/u0a35 (adj 0): stop com.android.chrome
11-02 12:02:21.483   601  9611 D ActivityManager: cleanUpApplicationRecord -- 21086
11-02 12:02:21.483   601  9611 W ActivityManager: Scheduling restart of crashed service com.android.chrome/org.chromium.content.app.PrivilegedProcessService0 in 1000ms
11-02 12:02:21.483   601  9611 I ActivityManager: Killing 21026:com.android.chrome/u0a35 (adj 0): stop com.android.chrome
11-02 12:02:21.484   601  9611 D ActivityManager: cleanUpApplicationRecord -- 21026
11-02 12:02:21.485   601  9611 I ActivityManager: Killing 21532:com.android.chrome:sandboxed_process20/u0a35i615 (adj 0): isolated not needed
11-02 12:02:21.486   601  9611 W ActivityManager: Force removing ActivityRecord{475c7d5 u0 com.android.chrome/com.google.android.apps.chrome.Main t1331}: app died, no saved state
11-02 12:02:21.498 21059 21059 I cr_ChildProcessService: Destroying ChildProcessService pid=21059
11-02 12:02:21.500 21059 21059 I art     : System.exit called, status: 0
11-02 12:02:21.500 21059 21059 I AndroidRuntime: VM exiting with result code 0, cleanup skipped.
11-02 12:02:21.503   601  9611 I ActivityManager: Killing 21059:com.android.chrome:sandboxed_process0/u0a35i595 (adj 0): isolated not needed
11-02 12:02:21.536  1065  1161 I OpenGLRenderer: Initialized EGL, version 1.4
11-02 12:02:21.536 21938 21938 D AndroidRuntime: Shutting down VM
11-02 12:02:21.536  1065  1161 D OpenGLRenderer: Swap behavior 2
11-02 12:02:21.561 26552 26552 I MemoryTrimmer: Trimming objects from memory, since app is in the background.
11-02 12:02:21.597  1052  1052 D RegisteredNfcFServicesCache: Service unchanged, not updating
11-02 12:02:21.647 26552 11718 I AttachedClient: Adding client event 2 to pending list.
11-02 12:02:21.651   601 10729 D ActivityManager: cleanUpApplicationRecord -- 21059
11-02 12:02:21.660 26552 26552 I OptInState: There is a new client and it does not support opt-in. Dropping request.
11-02 12:02:21.663 26552 26552 I MicroDetectionWorker: Micro detection mode: [mDetectionMode: [1]].
11-02 12:02:21.672 26552 21953 I MicroRecognitionRunner: Starting detection.
