11-01 00:59:43.765  6034  6034 I cr_ChildProcessService: Creating new ChildProcessService pid=6034
11-01 00:59:43.766  5962  6038 I chromium: [INFO:child_process_service.cc(69)] ChildProcessService: Exiting child process.
11-01 00:59:43.769  5578  5633 I FeedSessionManagerImpl: Populate new session: _session:a52c9334-3d3f-4506-8501-577db9579e9f, creation time 11-01 00:59:43.736
11-01 00:59:43.770  5578  5633 I TimingUtils: Task Timing  39ms, thread background-2 | task : Create/Populate New Session
11-01 00:59:43.770  5578  5633 I TaskQueue:  - Finished 24, time 39 ms
11-01 00:59:43.770  5578  5633 I TaskQueue: Execute task [BACKGROUND - d: false, b: 1]: 11
11-01 00:59:43.770  5578  5633 I ContentGc: Re-enqueuing triggerContentGc; attempts(0)
11-01 00:59:43.770  5578  5633 I TaskQueue:  - task [BACKGROUND - d: false, b: 1]: 11
11-01 00:59:43.770  5578  5633 I TaskQueue:  - Finished 11, time 1 ms
11-01 00:59:43.770  5578  5633 I TaskQueue: Execute task [BACKGROUND - d: false, b: 1]: 23
11-01 00:59:43.832  5969  6061 I chromium: [INFO:child_process_service.cc(69)] ChildProcessService: Exiting child process.
11-01 00:59:43.836  5988  6070 I chromium: [INFO:child_process_service.cc(69)] ChildProcessService: Exiting child process.
11-01 00:59:43.853  6064  6064 I cr_ChildProcessService: Creating new ChildProcessService pid=6064
11-01 00:59:43.885  5887  5887 I dex2oat : dex2oat took 1.419s (threads: 2) arena alloc=996KB (1019984B) java alloc=96KB (99200B) native alloc=559KB (573304B) free=2000KB (2048136B)
11-01 00:59:43.891   600   609 I art     : Background partial concurrent mark sweep GC freed 44414(2MB) AllocSpace objects, 23(592KB) LOS objects, 33% free, 17MB/26MB, paused 839us total 822.645ms
11-01 00:59:43.898   600   707 I ActivityManager: Process com.android.chrome:sandboxed_process13 (pid 5962) has died
11-01 00:59:43.898   600   707 D ActivityManager: cleanUpApplicationRecord -- 5962
11-01 00:59:43.898   600   707 W ActivityManager: Scheduling restart of crashed service com.android.chrome/org.chromium.content.app.SandboxedProcessService13 in 1000ms
11-01 00:59:43.899   600 16391 I ActivityManager: Process com.android.chrome:sandboxed_process14 (pid 5969) has died
11-01 00:59:43.899   600 16391 D ActivityManager: cleanUpApplicationRecord -- 5969
11-01 00:59:43.899   600 16391 W ActivityManager: Scheduling restart of crashed service com.android.chrome/org.chromium.content.app.SandboxedProcessService14 in 10998ms
11-01 00:59:43.900   600   610 I ActivityManager: Process com.android.chrome:sandboxed_process15 (pid 5988) has died
11-01 00:59:43.900   600   610 D ActivityManager: cleanUpApplicationRecord -- 5988
11-01 00:59:43.901   600   610 W ActivityManager: Scheduling restart of crashed service com.android.chrome/org.chromium.content.app.SandboxedProcessService15 in 20997ms
11-01 00:59:43.901   600  1080 I ActivityManager: Process com.android.chrome:sandboxed_process11 (pid 5935) has died
11-01 00:59:43.901   600  1080 D ActivityManager: cleanUpApplicationRecord -- 5935
11-01 00:59:43.901   600  1080 W ActivityManager: Scheduling restart of crashed service com.android.chrome/org.chromium.content.app.SandboxedProcessService11 in 30996ms
11-01 00:59:43.904  6049  6049 I cr_ChildProcessService: Creating new ChildProcessService pid=6049
11-01 00:59:43.905   600 29683 I ActivityManager: Process com.android.chrome:sandboxed_process12 (pid 5948) has died
11-01 00:59:43.905   600 29683 D ActivityManager: cleanUpApplicationRecord -- 5948
11-01 00:59:43.905   600 29683 W ActivityManager: Scheduling restart of crashed service com.android.chrome/org.chromium.content.app.SandboxedProcessService12 in 40993ms
11-01 00:59:43.916  5578  5578 W chromium: [WARNING:compositor_view.cc(315)] Child process died (type=6) pid=5935)
11-01 00:59:43.917  5578  5578 W chromium: [WARNING:compositor_view.cc(315)] Child process died (type=6) pid=5948)
11-01 00:59:43.917  5578  5578 W chromium: [WARNING:compositor_view.cc(315)] Child process died (type=6) pid=5962)
11-01 00:59:43.918  5578  5578 W chromium: [WARNING:compositor_view.cc(315)] Child process died (type=6) pid=5969)
11-01 00:59:43.918  5578  5578 W chromium: [WARNING:compositor_view.cc(315)] Child process died (type=6) pid=5988)
11-01 00:59:43.922  5578  5578 I FeedModelProvider: No children found for Cursor
11-01 00:59:43.999  5578  5633 I TimingUtils: Task Timing 228ms, thread background-3 | task : commitContentMutation | mutations : 32
11-01 00:59:43.999  5578  5633 I TimingUtils: Task Timing   0ms, thread background-4 | task : commitSemanticPropertiesMutation | mutations : 0
11-01 00:59:43.999  5578  5633 I TaskQueue:  - Finished 23, time 228 ms
11-01 00:59:43.999  5578  5633 I TaskQueue: Execute task [BACKGROUND - d: false, b: 0]: 11
11-01 00:59:44.000  5578  5633 I SessionCache: Determining accessible content
11-01 00:59:44.003  5578  5633 I TimingUtils: Task Timing   3ms, thread background-5 | task : ContentGc | contentItemsRemoved : 0
11-01 00:59:44.003  5578  5633 I TaskQueue:  - Finished 11, time 3 ms
11-01 00:59:44.124  6029  6098 I cr_LibraryLoader: Loaded native library version number "85.0.4183.127"
11-01 00:59:44.124  6029  6098 I cr_CachingUmaRecorder: Flushed 1 samples from 1 histograms.
11-01 00:59:44.128  6049  6115 I cr_LibraryLoader: Loaded native library version number "85.0.4183.127"
11-01 00:59:44.128  6049  6115 I cr_CachingUmaRecorder: Flushed 1 samples from 1 histograms.
11-01 00:59:44.142  6064  6110 I cr_LibraryLoader: Loaded native library version number "85.0.4183.127"
11-01 00:59:44.142  6064  6110 I cr_CachingUmaRecorder: Flushed 1 samples from 1 histograms.
11-01 00:59:44.150  5578  5639 W chromium: [WARNING:spdy_session.cc(3090)] Received RST for invalid stream1
11-01 00:59:44.173  6034  6099 I cr_LibraryLoader: Loaded native library version number "85.0.4183.127"
11-01 00:59:44.173  6034  6099 I cr_CachingUmaRecorder: Flushed 1 samples from 1 histograms.
11-01 00:59:44.302  6064  6064 I cr_ChildProcessService: Destroying ChildProcessService pid=6064
11-01 00:59:44.303  6034  6034 I cr_ChildProcessService: Destroying ChildProcessService pid=6034
11-01 00:59:44.303  6029  6029 I cr_ChildProcessService: Destroying ChildProcessService pid=6029
11-01 00:59:44.304  6049  6049 I cr_ChildProcessService: Destroying ChildProcessService pid=6049
11-01 00:59:44.307  6034  6099 I chromium: [INFO:child_process_service.cc(69)] ChildProcessService: Exiting child process.
11-01 00:59:44.308  6049  6115 I chromium: [INFO:child_process_service.cc(69)] ChildProcessService: Exiting child process.
11-01 00:59:44.315  6064  6064 I art     : System.exit called, status: 0
11-01 00:59:44.316  6064  6064 I AndroidRuntime: VM exiting with result code 0, cleanup skipped.
11-01 00:59:44.337  6029  6029 I art     : System.exit called, status: 0
11-01 00:59:44.337  6029  6029 I AndroidRuntime: VM exiting with result code 0, cleanup skipped.
11-01 00:59:44.502  5578  5588 I art     : Background partial concurrent mark sweep GC freed 29058(1615KB) AllocSpace objects, 26(5MB) LOS objects, 39% free, 9MB/15MB, paused 1.841ms total 177.936ms
11-01 00:59:44.692   600 13631 I ActivityManager: Killing 6034:com.android.chrome:sandboxed_process18/u0a35i693 (adj 0): isolated not needed
11-01 00:59:44.692   600 13631 I ActivityManager: Killing 6049:com.android.chrome:sandboxed_process19/u0a35i694 (adj 0): isolated not needed
11-01 00:59:44.692   600 13631 I ActivityManager: Killing 6029:com.android.chrome:sandboxed_process17/u0a35i692 (adj 0): isolated not needed
11-01 00:59:44.692   600 13631 I ActivityManager: Killing 6064:com.android.chrome:sandboxed_process20/u0a35i695 (adj 0): isolated not needed
11-01 00:59:44.934 20673 28372 W Icing   : No valid account for uploading user actions
11-01 00:59:44.958 20673 20795 I Icing   : IndexChimeraService.getServiceInterface callingPackage=com.google.android.gms componentName=null serviceId=30
11-01 00:59:44.962   600  1081 D ActivityManager: cleanUpApplicationRecord -- 6034
11-01 00:59:44.971  5578  5578 W chromium: [WARNING:compositor_view.cc(315)] Child process died (type=6) pid=6034)
11-01 00:59:44.972   600 24611 D ActivityManager: cleanUpApplicationRecord -- 5865
11-01 00:59:44.978  5578  5578 W chromium: [WARNING:compositor_view.cc(315)] Child process died (type=6) pid=5865)
11-01 00:59:45.040   600  1080 D ActivityManager: cleanUpApplicationRecord -- 6049
11-01 00:59:45.103  5578  5578 W chromium: [WARNING:compositor_view.cc(315)] Child process died (type=6) pid=6049)
11-01 00:59:45.279   600 24515 D ActivityManager: cleanUpApplicationRecord -- 6029
11-01 00:59:45.287  5578  5578 W chromium: [WARNING:compositor_view.cc(315)] Child process died (type=6) pid=6029)
11-01 00:59:45.365   600  1081 D ActivityManager: cleanUpApplicationRecord -- 6064
11-01 00:59:45.493  5578  5578 W chromium: [WARNING:compositor_view.cc(315)] Child process died (type=6) pid=6064)
11-01 00:59:45.521 20673 28372 E native  : document-store.cc:1328 Failed to update per-doc-data with usage report
11-01 00:59:45.653 20673 28372 I Icing   : Usage reports ok 2, Failed Usage reports 1, indexed 0, rejected 0
11-01 00:59:45.671  5578  5578 E cr_BTSPrefs: No data found for task id: 53
11-01 00:59:45.671  5578  5578 E cr_BkgrdTaskScheduler: Task cannot be canceled because no data was found instorage or data was invalid
11-01 00:59:45.680 20673 28372 I Icing   : Removing corpus key com.android.chrome-omnibox for package com.android.chrome
11-01 00:59:45.816   787 28589 W Icing   : isOptedInForAppHistory: empty Account Name encountered
11-01 00:59:45.861  5578  5636 I cr_omaha: Request to Server Successful. Timestamp for next request:1667264385860
11-01 00:59:45.871   787 28589 W Icing   : isOptedInForAppHistory: empty Account Name encountered
11-01 00:59:45.897  5578  5636 I cr_omaha: Request to Server Successful. Timestamp for next request:1667264385897
11-01 00:59:45.898  5578  5636 I cr_omaha: Attempting to schedule next job for: Tue Nov 01 05:59:45 GMT+01:00 2022
11-01 00:59:45.900  5578  5578 I cr_omaha: Scheduled using JobService
11-01 00:59:45.901  5578  5578 E cr_BkgrdTaskJS: Tried finishing non-current BackgroundTask.
11-01 00:59:46.034   787  5349 W Icing   : isOptedInForAppHistory: empty Account Name encountered
11-01 00:59:46.318 20673 28372 I native  : document-store.cc:1654 Scored 2596 usage reports, missing_corpora 1409 update_failed 1
11-01 00:59:46.451 20673 28372 W Icing   : No valid account for uploading user actions
11-01 00:59:46.638 20673 28372 I Icing   : Usage reports ok 1, Failed Usage reports 0, indexed 1, rejected 0
11-01 00:59:46.640 20673 28372 W Icing   : No valid account for uploading user actions
11-01 00:59:46.686 20673 28372 I Icing   : Usage reports ok 0, Failed Usage reports 0, indexed 0, rejected 0
11-01 00:59:46.687 20673 28372 I Icing   : Indexing com.android.chrome-omnibox from com.android.chrome
11-01 00:59:46.800 20673 28372 I Icing   : Indexing done com.android.chrome-omnibox
11-01 00:59:49.664  5578  5636 W InstanceID: Instance ID SDK is deprecated, com.android.chrome should update to use Firebase Instance ID
11-01 00:59:51.228  5578  5578 E cr_BTSPrefs: No data found for task id: 57
11-01 00:59:51.228  5578  5578 E cr_BkgrdTaskScheduler: Task cannot be canceled because no data was found instorage or data was invalid
11-01 00:59:51.228  5578  5578 E cr_BTSPrefs: No data found for task id: 56
11-01 00:59:51.228  5578  5578 E cr_BkgrdTaskScheduler: Task cannot be canceled because no data was found instorage or data was invalid
11-01 00:59:53.444  5578  5578 I cr_tabmodel: Appending tabs being restored to metadata lists, 0, startingNormalCount: 2, startingIncognitoCount: 0
11-01 00:59:53.444  5578  5578 I cr_tabmodel: Serializing tab lists; counts: 2, 0
11-01 00:59:53.745   787 23224 W Icing   : isOptedInForAppHistory: empty Account Name encountered
11-01 00:59:53.779   787 23224 W Icing   : isOptedInForAppHistory: empty Account Name encountered
11-01 00:59:53.829   787 30001 W Icing   : isOptedInForAppHistory: empty Account Name encountered
11-01 00:59:53.920 20673 28372 I Icing   : Indexing com.android.chrome-internal.3p:WebPage from com.android.chrome
11-01 00:59:53.921 20673 28372 E SQLiteLog: (1) no such table: WebPage_com.android.chrome_seq_table
11-01 00:59:53.932 20673 28372 E Icing   : Cursor call threw an exception: no such table: WebPage_com.android.chrome_seq_table (code 1): , while compiling: SELECT * FROM [WebPage_com.android.chrome_seq_table] WHERE seqno>0 AND tag IS NULL ORDER BY seqno LIMIT 20
11-01 00:59:53.932 20673 28372 I Icing   : Indexing done com.android.chrome-internal.3p:WebPage
11-01 00:59:53.932 20673 28372 E Icing   : Aborting indexing of corpus internal.3p:WebPage
11-01 00:59:53.934 20673 28372 I Icing   : Indexing com.android.chrome-internal.3p:WebPage from com.android.chrome using seqno 0
11-01 00:59:57.555  6168  6168 D AndroidRuntime: >>>>>> START com.android.internal.os.RuntimeInit uid 2000 <<<<<<
11-01 00:59:57.559  6168  6168 D AndroidRuntime: CheckJNI is OFF
11-01 00:59:57.630  6168  6168 D ICU     : No timezone override file found: /data/misc/zoneinfo/current/icu/icu_tzdata.dat
11-01 00:59:57.663  6168  6168 I Radio-JNI: register_android_hardware_Radio DONE
11-01 00:59:57.677  6168  6168 D AndroidRuntime: Calling main entry com.android.commands.monkey.Monkey
11-01 00:59:57.754   600   613 W BroadcastQueue: Skipping deliver [background] BroadcastRecord{b0f4c2d u-1 android.net.conn.CONNECTIVITY_CHANGE} to ReceiverList{6875562 6168 (unknown name)/2000/u-1 remote:27b5c57}: process crashing
11-01 00:59:59.310  6168  6168 D MonkeyStub: translateCommand: wake
11-01 00:59:59.529  6168  6168 D MonkeyStub: translateCommand: tap 686 1843
11-01 01:00:04.571   600   609 I art     : Background partial concurrent mark sweep GC freed 59769(3MB) AllocSpace objects, 34(1460KB) LOS objects, 33% free, 17MB/26MB, paused 840us total 139.345ms
11-01 01:00:11.574  5578  5578 I cr_tabmodel: Appending tabs being restored to metadata lists, 0, startingNormalCount: 2, startingIncognitoCount: 0
11-01 01:00:11.574  5578  5578 I cr_tabmodel: Serializing tab lists; counts: 2, 0
11-01 01:00:11.640  6168  6168 D MonkeyStub: translateCommand: tap 1320 704
11-01 01:00:12.146  5578  5578 I cr_tabmodel: Appending tabs being restored to metadata lists, 0, startingNormalCount: 2, startingIncognitoCount: 0
11-01 01:00:12.146  5578  5578 I cr_tabmodel: Serializing tab lists; counts: 2, 0
11-01 01:00:13.718  6168  6168 D MonkeyStub: translateCommand: touch down 614 1561
11-01 01:00:13.736  6168  6168 D MonkeyStub: translateCommand: touch move 614 1561
11-01 01:00:13.854  6168  6168 D MonkeyStub: translateCommand: touch move 614 1436
11-01 01:00:13.974  6168  6168 D MonkeyStub: translateCommand: touch move 614 1311
11-01 01:00:14.080  6168  6168 D MonkeyStub: translateCommand: touch move 614 1186
11-01 01:00:14.193  6168  6168 D MonkeyStub: translateCommand: touch move 614 1061
11-01 01:00:14.335  6168  6168 D MonkeyStub: translateCommand: touch move 614 937
11-01 01:00:14.444  6168  6168 D MonkeyStub: translateCommand: touch move 614 812
11-01 01:00:14.505 20673 21208 I Icing   : IndexChimeraService.getServiceInterface callingPackage=com.android.chrome componentName=null serviceId=36
11-01 01:00:14.567  6168  6168 D MonkeyStub: translateCommand: touch move 614 687
11-01 01:00:14.582 20673 28372 W Icing   : No valid account for uploading user actions
11-01 01:00:14.655 20673 21208 I Icing   : IndexChimeraService.getServiceInterface callingPackage=com.google.android.gms componentName=null serviceId=30
11-01 01:00:14.684  6168  6168 D MonkeyStub: translateCommand: touch move 614 562
11-01 01:00:14.793  6168  6168 D MonkeyStub: translateCommand: touch move 614 437
11-01 01:00:14.838 20673 28372 I Icing   : Usage reports ok 1, Failed Usage reports 0, indexed 1, rejected 0
11-01 01:00:14.845 20673 28372 W Icing   : No valid account for uploading user actions
11-01 01:00:14.854 20673 28372 I Icing   : Usage reports ok 0, Failed Usage reports 0, indexed 0, rejected 0
11-01 01:00:14.856 20673 28372 I Icing   : Indexing com.android.chrome-omnibox from com.android.chrome
11-01 01:00:14.869 20673 28372 I Icing   : Indexing done com.android.chrome-omnibox
11-01 01:00:14.907  6168  6168 D MonkeyStub: translateCommand: touch move 614 312
11-01 01:00:14.911  6168  6168 D MonkeyStub: translateCommand: touch up 614 312
11-01 01:00:16.587  5578  5578 I cr_tabmodel: Appending tabs being restored to metadata lists, 0, startingNormalCount: 2, startingIncognitoCount: 0
11-01 01:00:16.587  5578  5578 I cr_tabmodel: Serializing tab lists; counts: 2, 0
11-01 01:00:17.803  5578  5578 I cr_tabmodel: Appending tabs being restored to metadata lists, 0, startingNormalCount: 2, startingIncognitoCount: 0
11-01 01:00:17.804  5578  5578 I cr_tabmodel: Serializing tab lists; counts: 2, 0
11-01 01:00:19.103  6168  6168 D MonkeyStub: translateCommand: tap 321 1446
11-01 01:00:19.461   787  1259 E AsyncOperation: serviceID=121, operation=GetLaunchDataOperation [CONTEXT service_id=259 ]
11-01 01:00:19.461   787  1259 E AsyncOperation: OperationException[Status{statusCode=Not an instant app, resolution=null}]
11-01 01:00:19.461   787  1259 E AsyncOperation: 	at aeay.a(:com.google.android.gms@203915020@20.39.15 (040406-335085812):20)
11-01 01:00:19.461   787  1259 E AsyncOperation: 	at aain.run(:com.google.android.gms@203915020@20.39.15 (040406-335085812):7)
11-01 01:00:19.461   787  1259 E AsyncOperation: 	at boex.run(:com.google.android.gms@203915020@20.39.15 (040406-335085812):2)
11-01 01:00:19.461   787  1259 E AsyncOperation: 	at sup.b(:com.google.android.gms@203915020@20.39.15 (040406-335085812):12)
11-01 01:00:19.461   787  1259 E AsyncOperation: 	at sup.run(:com.google.android.gms@203915020@20.39.15 (040406-335085812):7)
11-01 01:00:19.461   787  1259 E AsyncOperation: 	at java.util.concurrent.ThreadPoolExecutor.runWorker(ThreadPoolExecutor.java:1133)
11-01 01:00:19.461   787  1259 E AsyncOperation: 	at java.util.concurrent.ThreadPoolExecutor$Worker.run(ThreadPoolExecutor.java:607)
11-01 01:00:19.461   787  1259 E AsyncOperation: 	at tam.run(:com.google.android.gms@203915020@20.39.15 (040406-335085812):0)
11-01 01:00:19.461   787  1259 E AsyncOperation: 	at java.lang.Thread.run(Thread.java:761)
11-01 01:00:20.974   600  3967 I ActivityManager: Start proc 6217:com.android.chrome:sandboxed_process21/u0i696 for service com.android.chrome/org.chromium.content.app.SandboxedProcessService21
11-01 01:00:21.027  6217  6217 W boxed_process21: type=1400 audit(0.0:16729): avc: denied { getattr } for path="/data/data/com.android.chrome" dev="dm-2" ino=12190 scontext=u:r:isolated_app:s0:c512,c768 tcontext=u:object_r:app_data_file:s0:c512,c768 tclass=dir permissive=0
11-01 01:00:21.063  6217  6217 I cr_ChildProcessService: Creating new ChildProcessService pid=6217
11-01 01:00:21.110  6217  6231 I cr_LibraryLoader: Loaded native library version number "85.0.4183.127"
11-01 01:00:21.110  6217  6231 I cr_CachingUmaRecorder: Flushed 1 samples from 1 histograms.
11-01 01:00:21.124  6231  6231 W CrUtilityMain: type=1400 audit(0.0:16730): avc: denied { setattr } for name="LICENSE.txt" dev="dm-2" ino=23583 scontext=u:r:isolated_app:s0:c512,c768 tcontext=u:object_r:app_data_file:s0:c512,c768 tclass=file permissive=0
11-01 01:00:21.127  6231  6231 W CrUtilityMain: type=1400 audit(0.0:16731): avc: denied { setattr } for name=46696C746572696E672052756C6573 dev="dm-2" ino=23586 scontext=u:r:isolated_app:s0:c512,c768 tcontext=u:object_r:app_data_file:s0:c512,c768 tclass=file permissive=0
11-01 01:00:21.127  6231  6231 W CrUtilityMain: type=1400 audit(0.0:16732): avc: denied { setattr } for name="manifest.json" dev="dm-2" ino=23246 scontext=u:r:isolated_app:s0:c512,c768 tcontext=u:object_r:app_data_file:s0:c512,c768 tclass=file permissive=0
11-01 01:00:21.131  6231  6231 W CrUtilityMain: type=1400 audit(0.0:16733): avc: denied { setattr } for name="verified_contents.json" dev="dm-2" ino=23224 scontext=u:r:isolated_app:s0:c512,c768 tcontext=u:object_r:app_data_file:s0:c512,c768 tclass=file permissive=0
11-01 01:00:21.139  6217  6217 I cr_ChildProcessService: Destroying ChildProcessService pid=6217
11-01 01:00:21.141  6217  6231 I chromium: [INFO:child_process_service.cc(69)] ChildProcessService: Exiting child process.
11-01 01:00:21.162   600  3967 I ActivityManager: Process com.android.chrome:sandboxed_process21 (pid 6217) has died
11-01 01:00:21.162   600  3967 D ActivityManager: cleanUpApplicationRecord -- 6217
11-01 01:00:21.166  5578  5578 W chromium: [WARNING:compositor_view.cc(315)] Child process died (type=6) pid=6217)
11-01 01:00:21.546   787  1174 W Icing   : isOptedInForAppHistory: empty Account Name encountered
11-01 01:00:21.554   787  1174 W Icing   : isOptedInForAppHistory: empty Account Name encountered
11-01 01:00:21.567   787 30001 W Icing   : isOptedInForAppHistory: empty Account Name encountered
11-01 01:00:22.803   600 17381 I ActivityManager: Start proc 6242:com.android.chrome:sandboxed_process22/u0i697 for service com.android.chrome/org.chromium.content.app.SandboxedProcessService22
11-01 01:00:22.917  6242  6242 W boxed_process22: type=1400 audit(0.0:16734): avc: denied { getattr } for path="/data/data/com.android.chrome" dev="dm-2" ino=12190 scontext=u:r:isolated_app:s0:c512,c768 tcontext=u:object_r:app_data_file:s0:c512,c768 tclass=dir permissive=0
11-01 01:00:22.940  6242  6242 I cr_ChildProcessService: Creating new ChildProcessService pid=6242
11-01 01:00:22.998  6242  6255 I cr_LibraryLoader: Loaded native library version number "85.0.4183.127"
11-01 01:00:23.000  6242  6255 I cr_CachingUmaRecorder: Flushed 1 samples from 1 histograms.
11-01 01:00:23.054  6255  6255 W CrUtilityMain: type=1400 audit(0.0:16735): avc: denied { setattr } for name="tl_en-us_2022-10-26_484799359_100000_index.bin" dev="dm-2" ino=50008 scontext=u:r:isolated_app:s0:c512,c768 tcontext=u:object_r:app_data_file:s0:c512,c768 tclass=file permissive=0
11-01 01:00:23.067  6255  6255 W CrUtilityMain: type=1400 audit(0.0:16736): avc: denied { setattr } for name="manifest.json" dev="dm-2" ino=49689 scontext=u:r:isolated_app:s0:c512,c768 tcontext=u:object_r:app_data_file:s0:c512,c768 tclass=file permissive=0
11-01 01:00:23.071  6255  6255 W CrUtilityMain: type=1400 audit(0.0:16737): avc: denied { setattr } for name="verified_contents.json" dev="dm-2" ino=50030 scontext=u:r:isolated_app:s0:c512,c768 tcontext=u:object_r:app_data_file:s0:c512,c768 tclass=file permissive=0
11-01 01:00:23.084  6242  6242 I cr_ChildProcessService: Destroying ChildProcessService pid=6242
11-01 01:00:23.085  6242  6255 I chromium: [INFO:child_process_service.cc(69)] ChildProcessService: Exiting child process.
11-01 01:00:23.103   600   610 I ActivityManager: Process com.android.chrome:sandboxed_process22 (pid 6242) has died
11-01 01:00:23.103   600   610 D ActivityManager: cleanUpApplicationRecord -- 6242
11-01 01:00:23.104  5578  5578 W chromium: [WARNING:compositor_view.cc(315)] Child process died (type=6) pid=6242)
11-01 01:00:23.989   787 30001 I NetworkScheduler.Stats: Task com.google.android.gms/com.google.android.gms.icing.service.IcingGcmTaskService started execution. cause:4 exec_start_elapsed_seconds: 212872 [CONTEXT service_id=218 ]
11-01 01:00:24.003   787  4734 I NetworkScheduler.Stats: Task com.google.android.gms/com.google.android.gms.icing.service.IcingGcmTaskService finished executing. cause:4 result: 1 elapsed_millis: 44 uptime_millis: 45 exec_start_elapsed_seconds: 212872 [CONTEXT service_id=218 ]
11-01 01:00:24.071   787 30001 I NetworkScheduler.Stats: Task com.google.android.gms/com.google.android.gms.stats.PlatformStatsCollectorService started execution. cause:5 exec_start_elapsed_seconds: 212872 [CONTEXT service_id=218 ]
11-01 01:00:24.085   787  4734 I NetworkScheduler.Stats: Task com.google.android.gms/com.google.android.gms.stats.PlatformStatsCollectorService finished executing. cause:5 result: 1 elapsed_millis: 38 uptime_millis: 38 exec_start_elapsed_seconds: 212872 [CONTEXT service_id=218 ]
11-01 01:00:25.068   600   707 I ActivityManager: Start proc 6261:com.android.chrome:sandboxed_process23/u0i698 for service com.android.chrome/org.chromium.content.app.SandboxedProcessService23
11-01 01:00:25.117  6261  6261 W boxed_process23: type=1400 audit(0.0:16738): avc: denied { getattr } for path="/data/data/com.android.chrome" dev="dm-2" ino=12190 scontext=u:r:isolated_app:s0:c512,c768 tcontext=u:object_r:app_data_file:s0:c512,c768 tclass=dir permissive=0
11-01 01:00:25.143  6261  6261 I cr_ChildProcessService: Creating new ChildProcessService pid=6261
11-01 01:00:25.183  6261  6274 I cr_LibraryLoader: Loaded native library version number "85.0.4183.127"
11-01 01:00:25.185  6261  6274 I cr_CachingUmaRecorder: Flushed 1 samples from 1 histograms.
11-01 01:00:25.201  6274  6274 W CrUtilityMain: type=1400 audit(0.0:16739): avc: denied { setattr } for name="optimization-hints.pb" dev="dm-2" ino=51476 scontext=u:r:isolated_app:s0:c512,c768 tcontext=u:object_r:app_data_file:s0:c512,c768 tclass=file permissive=0
11-01 01:00:25.204  6274  6274 W CrUtilityMain: type=1400 audit(0.0:16740): avc: denied { setattr } for name="manifest.json" dev="dm-2" ino=51749 scontext=u:r:isolated_app:s0:c512,c768 tcontext=u:object_r:app_data_file:s0:c512,c768 tclass=file permissive=0
11-01 01:00:25.204  6274  6274 W CrUtilityMain: type=1400 audit(0.0:16741): avc: denied { setattr } for name="verified_contents.json" dev="dm-2" ino=52009 scontext=u:r:isolated_app:s0:c512,c768 tcontext=u:object_r:app_data_file:s0:c512,c768 tclass=file permissive=0
11-01 01:00:25.216  6261  6261 I cr_ChildProcessService: Destroying ChildProcessService pid=6261
11-01 01:00:25.217  6261  6274 I chromium: [INFO:child_process_service.cc(69)] ChildProcessService: Exiting child process.
11-01 01:00:25.240   600  3507 I ActivityManager: Process com.android.chrome:sandboxed_process23 (pid 6261) has died
11-01 01:00:25.240   600  3507 D ActivityManager: cleanUpApplicationRecord -- 6261
11-01 01:00:25.248  5578  5578 W chromium: [WARNING:compositor_view.cc(315)] Child process died (type=6) pid=6261)
11-01 01:00:26.066   198   198 E SELinux : avc:  denied  { find } for service=netd pid=6282 uid=2000 scontext=u:r:shell:s0 tcontext=u:object_r:netd_service:s0 tclass=service_manager permissive=0
11-01 01:00:26.073   198   198 E SELinux : avc:  denied  { find } for service=android.service.gatekeeper.IGateKeeperService pid=6282 uid=2000 scontext=u:r:shell:s0 tcontext=u:object_r:gatekeeper_service:s0 tclass=service_manager permissive=0
11-01 01:00:27.176  6168  6168 D MonkeyStub: translateCommand: touch down 614 1561
11-01 01:00:27.195  6168  6168 D MonkeyStub: translateCommand: touch move 614 1561
11-01 01:00:27.301  6168  6168 D MonkeyStub: translateCommand: touch move 614 1436
11-01 01:00:27.429  6168  6168 D MonkeyStub: translateCommand: touch move 614 1311
11-01 01:00:27.434   600   707 I ActivityManager: Start proc 6284:com.android.chrome:sandboxed_process24/u0i699 for service com.android.chrome/org.chromium.content.app.SandboxedProcessService24
11-01 01:00:27.534  6284  6284 W boxed_process24: type=1400 audit(0.0:16742): avc: denied { getattr } for path="/data/data/com.android.chrome" dev="dm-2" ino=12190 scontext=u:r:isolated_app:s0:c512,c768 tcontext=u:object_r:app_data_file:s0:c512,c768 tclass=dir permissive=0
11-01 01:00:27.539  6168  6168 D MonkeyStub: translateCommand: touch move 614 1186
11-01 01:00:27.580  6284  6284 I cr_ChildProcessService: Creating new ChildProcessService pid=6284
11-01 01:00:27.663  6284  6297 I cr_LibraryLoader: Loaded native library version number "85.0.4183.127"
11-01 01:00:27.663  6284  6297 I cr_CachingUmaRecorder: Flushed 1 samples from 1 histograms.
11-01 01:00:27.666  6168  6168 D MonkeyStub: translateCommand: touch move 614 1061
11-01 01:00:27.707  6297  6297 W CrUtilityMain: type=1400 audit(0.0:16743): avc: denied { setattr } for name="crl-set" dev="dm-2" ino=52915 scontext=u:r:isolated_app:s0:c512,c768 tcontext=u:object_r:app_data_file:s0:c512,c768 tclass=file permissive=0
11-01 01:00:27.711  6297  6297 W CrUtilityMain: type=1400 audit(0.0:16744): avc: denied { setattr } for name="manifest.json" dev="dm-2" ino=53186 scontext=u:r:isolated_app:s0:c512,c768 tcontext=u:object_r:app_data_file:s0:c512,c768 tclass=file permissive=0
11-01 01:00:27.711  6297  6297 W CrUtilityMain: type=1400 audit(0.0:16745): avc: denied { setattr } for name="LICENSE" dev="dm-2" ino=52831 scontext=u:r:isolated_app:s0:c512,c768 tcontext=u:object_r:app_data_file:s0:c512,c768 tclass=file permissive=0
11-01 01:00:27.711  6297  6297 W CrUtilityMain: type=1400 audit(0.0:16746): avc: denied { setattr } for name="verified_contents.json" dev="dm-2" ino=53379 scontext=u:r:isolated_app:s0:c512,c768 tcontext=u:object_r:app_data_file:s0:c512,c768 tclass=file permissive=0
11-01 01:00:27.719  6284  6297 I chromium: [INFO:child_process_service.cc(69)] ChildProcessService: Exiting child process.
11-01 01:00:27.722  6284  6284 I cr_ChildProcessService: Destroying ChildProcessService pid=6284
11-01 01:00:27.744   600 24611 I ActivityManager: Process com.android.chrome:sandboxed_process24 (pid 6284) has died
11-01 01:00:27.744   600 24611 D ActivityManager: cleanUpApplicationRecord -- 6284
11-01 01:00:27.759  5578  5578 W chromium: [WARNING:compositor_view.cc(315)] Child process died (type=6) pid=6284)
11-01 01:00:27.773  6168  6168 D MonkeyStub: translateCommand: touch move 614 937
11-01 01:00:27.887  6168  6168 D MonkeyStub: translateCommand: touch move 614 812
11-01 01:00:28.013  6168  6168 D MonkeyStub: translateCommand: touch move 614 687
11-01 01:00:28.126  6168  6168 D MonkeyStub: translateCommand: touch move 614 562
11-01 01:00:28.252  6168  6168 D MonkeyStub: translateCommand: touch move 614 437
11-01 01:00:28.385  6168  6168 D MonkeyStub: translateCommand: touch move 614 312
11-01 01:00:28.396  6168  6168 D MonkeyStub: translateCommand: touch up 614 312
11-01 01:00:28.456  6168  6168 D MonkeyStub: translateCommand: touch down 614 1561
11-01 01:00:28.461  6168  6168 D MonkeyStub: translateCommand: touch move 614 1561
11-01 01:00:28.570  6168  6168 D MonkeyStub: translateCommand: touch move 614 1436
11-01 01:00:28.686  6168  6168 D MonkeyStub: translateCommand: touch move 614 1311
11-01 01:00:28.799  6168  6168 D MonkeyStub: translateCommand: touch move 614 1186
11-01 01:00:28.933  6168  6168 D MonkeyStub: translateCommand: touch move 614 1061
11-01 01:00:29.062  6168  6168 D MonkeyStub: translateCommand: touch move 614 937
11-01 01:00:29.198  6168  6168 D MonkeyStub: translateCommand: touch move 614 812
11-01 01:00:29.313  6168  6168 D MonkeyStub: translateCommand: touch move 614 687
11-01 01:00:29.425  6168  6168 D MonkeyStub: translateCommand: touch move 614 562
11-01 01:00:29.624  6168  6168 D MonkeyStub: translateCommand: touch move 614 437
11-01 01:00:29.751  6168  6168 D MonkeyStub: translateCommand: touch move 614 312
11-01 01:00:29.775  6168  6168 D MonkeyStub: translateCommand: touch up 614 312
11-01 01:00:30.359   600  1082 I ActivityManager: Start proc 6308:com.android.chrome:sandboxed_process25/u0i700 for service com.android.chrome/org.chromium.content.app.SandboxedProcessService25
11-01 01:00:30.407  6308  6308 W boxed_process25: type=1400 audit(0.0:16747): avc: denied { getattr } for path="/data/data/com.android.chrome" dev="dm-2" ino=12190 scontext=u:r:isolated_app:s0:c512,c768 tcontext=u:object_r:app_data_file:s0:c512,c768 tclass=dir permissive=0
11-01 01:00:30.438  6308  6308 I cr_ChildProcessService: Creating new ChildProcessService pid=6308
11-01 01:00:30.479  6308  6322 I cr_LibraryLoader: Loaded native library version number "85.0.4183.127"
11-01 01:00:30.480  6308  6322 I cr_CachingUmaRecorder: Flushed 1 samples from 1 histograms.
11-01 01:00:30.497  6322  6322 W CrUtilityMain: type=1400 audit(0.0:16748): avc: denied { setattr } for name="manifest.json" dev="dm-2" ino=53744 scontext=u:r:isolated_app:s0:c512,c768 tcontext=u:object_r:app_data_file:s0:c512,c768 tclass=file permissive=0
11-01 01:00:30.501  6322  6322 W CrUtilityMain: type=1400 audit(0.0:16749): avc: denied { setattr } for name="verified_contents.json" dev="dm-2" ino=54263 scontext=u:r:isolated_app:s0:c512,c768 tcontext=u:object_r:app_data_file:s0:c512,c768 tclass=file permissive=0
11-01 01:00:30.505  6308  6322 I chromium: [INFO:child_process_service.cc(69)] ChildProcessService: Exiting child process.
11-01 01:00:30.507   197   197 E lowmemorykiller: Error writing /proc/6308/oom_score_adj; errno=22
11-01 01:00:30.527   600  3507 I ActivityManager: Process com.android.chrome:sandboxed_process25 (pid 6308) has died
11-01 01:00:30.527   600  3507 D ActivityManager: cleanUpApplicationRecord -- 6308
11-01 01:00:30.528  5578  5578 W chromium: [WARNING:compositor_view.cc(315)] Child process died (type=6) pid=6308)
11-01 01:00:33.449   600 13631 I ActivityManager: Start proc 6327:com.android.chrome:sandboxed_process26/u0i701 for service com.android.chrome/org.chromium.content.app.SandboxedProcessService26
11-01 01:00:33.534  6327  6327 W boxed_process26: type=1400 audit(0.0:16750): avc: denied { getattr } for path="/data/data/com.android.chrome" dev="dm-2" ino=12190 scontext=u:r:isolated_app:s0:c512,c768 tcontext=u:object_r:app_data_file:s0:c512,c768 tclass=dir permissive=0
11-01 01:00:33.567  6327  6327 I cr_ChildProcessService: Creating new ChildProcessService pid=6327
11-01 01:00:33.635  6327  6340 I cr_LibraryLoader: Loaded native library version number "85.0.4183.127"
11-01 01:00:33.635  6327  6340 I cr_CachingUmaRecorder: Flushed 1 samples from 1 histograms.
11-01 01:00:33.657  6340  6340 W CrUtilityMain: type=1400 audit(0.0:16751): avc: denied { setattr } for name="download_file_types.pb" dev="dm-2" ino=56867 scontext=u:r:isolated_app:s0:c512,c768 tcontext=u:object_r:app_data_file:s0:c512,c768 tclass=file permissive=0
11-01 01:00:33.657  6340  6340 W CrUtilityMain: type=1400 audit(0.0:16752): avc: denied { setattr } for name="manifest.json" dev="dm-2" ino=56709 scontext=u:r:isolated_app:s0:c512,c768 tcontext=u:object_r:app_data_file:s0:c512,c768 tclass=file permissive=0
11-01 01:00:33.661  6340  6340 W CrUtilityMain: type=1400 audit(0.0:16753): avc: denied { setattr } for name="verified_contents.json" dev="dm-2" ino=56437 scontext=u:r:isolated_app:s0:c512,c768 tcontext=u:object_r:app_data_file:s0:c512,c768 tclass=file permissive=0
11-01 01:00:33.680  6327  6327 I cr_ChildProcessService: Destroying ChildProcessService pid=6327
11-01 01:00:33.680  6327  6340 I chromium: [INFO:child_process_service.cc(69)] ChildProcessService: Exiting child process.
11-01 01:00:33.707   600 13558 I ActivityManager: Process com.android.chrome:sandboxed_process26 (pid 6327) has died
11-01 01:00:33.707   600 13558 D ActivityManager: cleanUpApplicationRecord -- 6327
11-01 01:00:33.709  5578  5578 W chromium: [WARNING:compositor_view.cc(315)] Child process died (type=6) pid=6327)
11-01 01:00:33.799   600  1079 I ActivityManager: Start proc 6346:com.android.chrome:sandboxed_process27/u0i702 for service com.android.chrome/org.chromium.content.app.SandboxedProcessService27
11-01 01:00:33.877  6346  6346 W boxed_process27: type=1400 audit(0.0:16754): avc: denied { getattr } for path="/data/data/com.android.chrome" dev="dm-2" ino=12190 scontext=u:r:isolated_app:s0:c512,c768 tcontext=u:object_r:app_data_file:s0:c512,c768 tclass=dir permissive=0
11-01 01:00:33.915  6346  6346 I cr_ChildProcessService: Creating new ChildProcessService pid=6346
11-01 01:00:33.965  6346  6359 I cr_LibraryLoader: Loaded native library version number "85.0.4183.127"
11-01 01:00:33.967  6346  6359 I cr_CachingUmaRecorder: Flushed 1 samples from 1 histograms.
11-01 01:00:33.981  6359  6359 W CrUtilityMain: type=1400 audit(0.0:16755): avc: denied { setattr } for name="ssl_error_assistant.pb" dev="dm-2" ino=56628 scontext=u:r:isolated_app:s0:c512,c768 tcontext=u:object_r:app_data_file:s0:c512,c768 tclass=file permissive=0
11-01 01:00:33.984  6359  6359 W CrUtilityMain: type=1400 audit(0.0:16756): avc: denied { setattr } for name="manifest.json" dev="dm-2" ino=56795 scontext=u:r:isolated_app:s0:c512,c768 tcontext=u:object_r:app_data_file:s0:c512,c768 tclass=file permissive=0
11-01 01:00:33.984  6359  6359 W CrUtilityMain: type=1400 audit(0.0:16757): avc: denied { setattr } for name="verified_contents.json" dev="dm-2" ino=56521 scontext=u:r:isolated_app:s0:c512,c768 tcontext=u:object_r:app_data_file:s0:c512,c768 tclass=file permissive=0
11-01 01:00:33.995  6346  6346 I cr_ChildProcessService: Destroying ChildProcessService pid=6346
11-01 01:00:33.996  6346  6359 I chromium: [INFO:child_process_service.cc(69)] ChildProcessService: Exiting child process.
11-01 01:00:34.020   600  1076 I ActivityManager: Process com.android.chrome:sandboxed_process27 (pid 6346) has died
11-01 01:00:34.020   600  1076 D ActivityManager: cleanUpApplicationRecord -- 6346
11-01 01:00:34.021  5578  5578 W chromium: [WARNING:compositor_view.cc(315)] Child process died (type=6) pid=6346)
11-01 01:00:34.452   600   610 I ActivityManager: Start proc 6365:com.android.chrome:sandboxed_process28/u0i703 for service com.android.chrome/org.chromium.content.app.SandboxedProcessService28
11-01 01:00:34.497  6365  6365 W boxed_process28: type=1400 audit(0.0:16758): avc: denied { getattr } for path="/data/data/com.android.chrome" dev="dm-2" ino=12190 scontext=u:r:isolated_app:s0:c512,c768 tcontext=u:object_r:app_data_file:s0:c512,c768 tclass=dir permissive=0
11-01 01:00:34.522  6365  6365 I cr_ChildProcessService: Creating new ChildProcessService pid=6365
11-01 01:00:34.564  6365  6379 I cr_LibraryLoader: Loaded native library version number "85.0.4183.127"
11-01 01:00:34.564  6365  6379 I cr_CachingUmaRecorder: Flushed 1 samples from 1 histograms.
11-01 01:00:34.584  6379  6379 W CrUtilityMain: type=1400 audit(0.0:16759): avc: denied { setattr } for name="safety_tips.pb" dev="dm-2" ino=56447 scontext=u:r:isolated_app:s0:c512,c768 tcontext=u:object_r:app_data_file:s0:c512,c768 tclass=file permissive=0
11-01 01:00:34.584  6379  6379 W CrUtilityMain: type=1400 audit(0.0:16760): avc: denied { setattr } for name="manifest.json" dev="dm-2" ino=56440 scontext=u:r:isolated_app:s0:c512,c768 tcontext=u:object_r:app_data_file:s0:c512,c768 tclass=file permissive=0
11-01 01:00:34.587  6379  6379 W CrUtilityMain: type=1400 audit(0.0:16761): avc: denied { setattr } for name="verified_contents.json" dev="dm-2" ino=56765 scontext=u:r:isolated_app:s0:c512,c768 tcontext=u:object_r:app_data_file:s0:c512,c768 tclass=file permissive=0
11-01 01:00:34.606  6365  6365 I cr_ChildProcessService: Destroying ChildProcessService pid=6365
11-01 01:00:34.620  6365  6379 I chromium: [INFO:child_process_service.cc(69)] ChildProcessService: Exiting child process.
11-01 01:00:34.692   600   713 I ActivityManager: Process com.android.chrome:sandboxed_process28 (pid 6365) has died
11-01 01:00:34.692   600   713 D ActivityManager: cleanUpApplicationRecord -- 6365
11-01 01:00:34.694  5578  5578 W chromium: [WARNING:compositor_view.cc(315)] Child process died (type=6) pid=6365)
11-01 01:00:35.387   600  1080 I ActivityManager: Start proc 6385:com.android.chrome:sandboxed_process29/u0i704 for service com.android.chrome/org.chromium.content.app.SandboxedProcessService29
11-01 01:00:35.491  6385  6385 W boxed_process29: type=1400 audit(0.0:16762): avc: denied { getattr } for path="/data/data/com.android.chrome" dev="dm-2" ino=12190 scontext=u:r:isolated_app:s0:c512,c768 tcontext=u:object_r:app_data_file:s0:c512,c768 tclass=dir permissive=0
11-01 01:00:35.555  6385  6385 I cr_ChildProcessService: Creating new ChildProcessService pid=6385
11-01 01:00:35.635  6385  6398 I cr_LibraryLoader: Loaded native library version number "85.0.4183.127"
11-01 01:00:35.635  6385  6398 I cr_CachingUmaRecorder: Flushed 1 samples from 1 histograms.
11-01 01:00:35.704  6398  6398 W CrUtilityMain: type=1400 audit(0.0:16763): avc: denied { setattr } for name=5072656C6F61642044617461 dev="dm-2" ino=56524 scontext=u:r:isolated_app:s0:c512,c768 tcontext=u:object_r:app_data_file:s0:c512,c768 tclass=file permissive=0
11-01 01:00:35.704  6398  6398 W CrUtilityMain: type=1400 audit(0.0:16764): avc: denied { setattr } for name="manifest.json" dev="dm-2" ino=56625 scontext=u:r:isolated_app:s0:c512,c768 tcontext=u:object_r:app_data_file:s0:c512,c768 tclass=file permissive=0
11-01 01:00:35.707  6398  6398 W CrUtilityMain: type=1400 audit(0.0:16765): avc: denied { setattr } for name="verified_contents.json" dev="dm-2" ino=56694 scontext=u:r:isolated_app:s0:c512,c768 tcontext=u:object_r:app_data_file:s0:c512,c768 tclass=file permissive=0
11-01 01:00:35.727  6385  6398 I chromium: [INFO:child_process_service.cc(69)] ChildProcessService: Exiting child process.
11-01 01:00:35.855  6168  6168 D MonkeyStub: translateCommand: touch down 614 1561
11-01 01:00:35.859  6168  6168 D MonkeyStub: translateCommand: touch move 614 1561
11-01 01:00:35.936   600 24515 I ActivityManager: Process com.android.chrome:sandboxed_process29 (pid 6385) has died
11-01 01:00:35.936   600 24515 D ActivityManager: cleanUpApplicationRecord -- 6385
11-01 01:00:35.937  5578  5578 W chromium: [WARNING:compositor_view.cc(315)] Child process died (type=6) pid=6385)
11-01 01:00:35.980  6168  6168 D MonkeyStub: translateCommand: touch move 614 1436
11-01 01:00:36.093  6168  6168 D MonkeyStub: translateCommand: touch move 614 1311
11-01 01:00:36.214  6168  6168 D MonkeyStub: translateCommand: touch move 614 1186
11-01 01:00:36.348  6168  6168 D MonkeyStub: translateCommand: touch move 614 1061
11-01 01:00:36.459  6168  6168 D MonkeyStub: translateCommand: touch move 614 937
11-01 01:00:36.575  6168  6168 D MonkeyStub: translateCommand: touch move 614 812
11-01 01:00:36.683  6168  6168 D MonkeyStub: translateCommand: touch move 614 687
11-01 01:00:36.791  6168  6168 D MonkeyStub: translateCommand: touch move 614 562
11-01 01:00:36.841   600 13557 I ActivityManager: Start proc 6403:com.android.chrome:sandboxed_process30/u0i705 for service com.android.chrome/org.chromium.content.app.SandboxedProcessService30
11-01 01:00:36.884  6403  6403 W boxed_process30: type=1400 audit(0.0:16766): avc: denied { getattr } for path="/data/data/com.android.chrome" dev="dm-2" ino=12190 scontext=u:r:isolated_app:s0:c512,c768 tcontext=u:object_r:app_data_file:s0:c512,c768 tclass=dir permissive=0
11-01 01:00:36.905  6168  6168 D MonkeyStub: translateCommand: touch move 614 437
11-01 01:00:36.910  6403  6403 I cr_ChildProcessService: Creating new ChildProcessService pid=6403
11-01 01:00:36.973  6403  6416 I cr_LibraryLoader: Loaded native library version number "85.0.4183.127"
11-01 01:00:36.973  6403  6416 I cr_CachingUmaRecorder: Flushed 1 samples from 1 histograms.
11-01 01:00:36.987  6416  6416 W CrUtilityMain: type=1400 audit(0.0:16767): avc: denied { setattr } for name="tls_deprecation_config.pb" dev="dm-2" ino=57236 scontext=u:r:isolated_app:s0:c512,c768 tcontext=u:object_r:app_data_file:s0:c512,c768 tclass=file permissive=0
11-01 01:00:36.991  6416  6416 W CrUtilityMain: type=1400 audit(0.0:16768): avc: denied { setattr } for name="manifest.json" dev="dm-2" ino=57045 scontext=u:r:isolated_app:s0:c512,c768 tcontext=u:object_r:app_data_file:s0:c512,c768 tclass=file permissive=0
11-01 01:00:36.991  6416  6416 W CrUtilityMain: type=1400 audit(0.0:16769): avc: denied { setattr } for name="verified_contents.json" dev="dm-2" ino=56922 scontext=u:r:isolated_app:s0:c512,c768 tcontext=u:object_r:app_data_file:s0:c512,c768 tclass=file permissive=0
11-01 01:00:37.008  6403  6403 I cr_ChildProcessService: Destroying ChildProcessService pid=6403
11-01 01:00:37.009  6403  6403 I art     : System.exit called, status: 0
11-01 01:00:37.009  6403  6403 I AndroidRuntime: VM exiting with result code 0, cleanup skipped.
11-01 01:00:37.020  6168  6168 D MonkeyStub: translateCommand: touch move 614 312
11-01 01:00:37.032  6168  6168 D MonkeyStub: translateCommand: touch up 614 312
11-01 01:00:37.053   600  1080 I ActivityManager: Process com.android.chrome:sandboxed_process30 (pid 6403) has died
11-01 01:00:37.053   600  1080 D ActivityManager: cleanUpApplicationRecord -- 6403
11-01 01:00:37.062  5578  5578 W chromium: [WARNING:compositor_view.cc(315)] Child process died (type=6) pid=6403)
11-01 01:00:37.100  6168  6168 D MonkeyStub: translateCommand: touch down 614 1561
11-01 01:00:37.125  6168  6168 D MonkeyStub: translateCommand: touch move 614 1561
11-01 01:00:37.238  6168  6168 D MonkeyStub: translateCommand: touch move 614 1436
11-01 01:00:37.372  6168  6168 D MonkeyStub: translateCommand: touch move 614 1311
11-01 01:00:37.493  6168  6168 D MonkeyStub: translateCommand: touch move 614 1186
11-01 01:00:37.605  6168  6168 D MonkeyStub: translateCommand: touch move 614 1061
11-01 01:00:37.733  6168  6168 D MonkeyStub: translateCommand: touch move 614 937
11-01 01:00:37.842  6168  6168 D MonkeyStub: translateCommand: touch move 614 812
11-01 01:00:37.954  6168  6168 D MonkeyStub: translateCommand: touch move 614 687
11-01 01:00:38.070  6168  6168 D MonkeyStub: translateCommand: touch move 614 562
11-01 01:00:38.240  6168  6168 D MonkeyStub: translateCommand: touch move 614 437
11-01 01:00:38.391  6168  6168 D MonkeyStub: translateCommand: touch move 614 312
11-01 01:00:38.403  6168  6168 D MonkeyStub: translateCommand: touch up 614 312
11-01 01:00:38.417  6168  6168 D MonkeyStub: Quit requested
11-01 01:00:38.445   600   614 I CwMcuSensor: CwMcuSensor::flush: fd = 234, sensors_id = 0, path = /sys/class/htc_sensorhub/sensor_hub/flush, err = 0
11-01 01:00:38.451  6168  6168 I art     : System.exit called, status: 71
11-01 01:00:38.451  6168  6168 I AndroidRuntime: VM exiting with result code 71.
11-01 01:00:38.479   600  3509 W WindowManager: Attempted to remove non-existing token: android.os.Binder@f6f66f3
11-01 01:00:48.717  5578  5578 I cr_tabmodel: Appending tabs being restored to metadata lists, 0, startingNormalCount: 2, startingIncognitoCount: 0
11-01 01:00:48.717  5578  5578 I cr_tabmodel: Serializing tab lists; counts: 2, 0
11-01 01:00:48.856   787  1716 W Icing   : isOptedInForAppHistory: empty Account Name encountered
11-01 01:00:48.868   787  1716 W Icing   : isOptedInForAppHistory: empty Account Name encountered
11-01 01:00:48.908   787 30001 W Icing   : isOptedInForAppHistory: empty Account Name encountered
11-01 01:00:49.391  5578  5578 I cr_tabmodel: Appending tabs being restored to metadata lists, 0, startingNormalCount: 2, startingIncognitoCount: 0
11-01 01:00:49.391  5578  5578 I cr_tabmodel: Serializing tab lists; counts: 2, 0
11-01 01:00:49.552  5578  5578 I cr_tabmodel: Appending tabs being restored to metadata lists, 0, startingNormalCount: 2, startingIncognitoCount: 0
11-01 01:00:49.552  5578  5578 I cr_tabmodel: Serializing tab lists; counts: 2, 0
11-01 01:00:50.370 20673 21208 I Icing   : IndexChimeraService.getServiceInterface callingPackage=com.android.chrome componentName=null serviceId=36
11-01 01:00:50.499 20673 28372 W Icing   : No valid account for uploading user actions
11-01 01:00:50.513   600   609 I art     : Background partial concurrent mark sweep GC freed 57999(2MB) AllocSpace objects, 23(572KB) LOS objects, 33% free, 17MB/25MB, paused 752us total 145.817ms
11-01 01:00:50.529 20673 20795 I Icing   : IndexChimeraService.getServiceInterface callingPackage=com.google.android.gms componentName=null serviceId=30
11-01 01:00:50.577 20673 28372 I Icing   : Usage reports ok 2, Failed Usage reports 0, indexed 2, rejected 0
11-01 01:00:50.579 20673 28372 I Icing   : Indexing com.android.chrome-internal.3p:WebPage from com.android.chrome using seqno 0
11-01 01:00:50.593   787   802 W SQLiteConnectionPool: A SQLiteConnection object for database '/data/user/0/com.google.android.gms/databases/metadata.db' was leaked!  Please fix your application to end transactions in progress properly and to close the database when it is no longer needed.
11-01 01:00:50.603 20673 28372 W Icing   : No valid account for uploading user actions
11-01 01:00:50.617 20673 28372 I Icing   : Usage reports ok 0, Failed Usage reports 0, indexed 0, rejected 0
11-01 01:00:50.618 20673 28372 I Icing   : Indexing com.android.chrome-omnibox from com.android.chrome
11-01 01:00:50.654 20673 28372 I Icing   : Indexing done com.android.chrome-omnibox
11-01 01:00:50.890   787  1259 W GmsStrictMode: LEAKED_CLOSABLE [CONTEXT service_id=256 ]
11-01 01:00:50.890   787  1259 W GmsStrictMode: rvo: LEAKED_CLOSABLE
11-01 01:00:50.890   787  1259 W GmsStrictMode: 	at dalvik.system.VMStack.getThreadStackTrace(Native Method)
11-01 01:00:50.890   787  1259 W GmsStrictMode: 	at java.lang.Thread.getStackTrace(Thread.java:1566)
11-01 01:00:50.890   787  1259 W GmsStrictMode: 	at bhdb.containsKey(:com.google.android.gms@203915020@20.39.15 (040406-335085812):1)
11-01 01:00:50.890   787  1259 W GmsStrictMode: 	at android.os.StrictMode.onVmPolicyViolation(StrictMode.java:1867)
11-01 01:00:50.890   787  1259 W GmsStrictMode: 	at android.os.StrictMode.onVmPolicyViolation(StrictMode.java:1844)
11-01 01:00:50.890   787  1259 W GmsStrictMode: 	at android.os.StrictMode$AndroidCloseGuardReporter.report(StrictMode.java:1590)
11-01 01:00:50.890   787  1259 W GmsStrictMode: 	at dalvik.system.CloseGuard.warnIfOpen(CloseGuard.java:208)
11-01 01:00:50.890   787  1259 W GmsStrictMode: 	at android.database.sqlite.SQLiteConnection.dispose(SQLiteConnection.java:231)
11-01 01:00:50.890   787  1259 W GmsStrictMode: 	at android.database.sqlite.SQLiteConnection.finalize(SQLiteConnection.java:180)
11-01 01:00:50.890   787  1259 W GmsStrictMode: 	at java.lang.Daemons$FinalizerDaemon.doFinalize(Daemons.java:222)
11-01 01:00:50.890   787  1259 W GmsStrictMode: 	at java.lang.Daemons$FinalizerDaemon.run(Daemons.java:209)
11-01 01:00:50.890   787  1259 W GmsStrictMode: 	at java.lang.Thread.run(Thread.java:761)
