--------- beginning of main
11-02 12:00:47.449 21016 21016 D AndroidRuntime: >>>>>> START com.android.internal.os.RuntimeInit uid 2000 <<<<<<
11-02 12:00:47.452 21016 21016 D AndroidRuntime: CheckJNI is OFF
11-02 12:00:47.517 21016 21016 D ICU     : No timezone override file found: /data/misc/zoneinfo/current/icu/icu_tzdata.dat
11-02 12:00:47.545 21016 21016 I Radio-JNI: register_android_hardware_Radio DONE
11-02 12:00:47.559 21016 21016 D AndroidRuntime: Calling main entry com.android.commands.am.Am
--------- beginning of system
11-02 12:00:47.576   601  2013 I ActivityManager: Force stopping com.android.chrome appid=10035 user=0: from pid 21016
11-02 12:00:47.577   601  2013 I ActivityManager: Killing 20977:com.android.chrome/u0a35 (adj 900): stop com.android.chrome
11-02 12:00:47.577   601  2013 D ActivityManager: cleanUpApplicationRecord -- 20977
11-02 12:00:47.589  1052  1052 D RegisteredNfcFServicesCache: Service unchanged, not updating
11-02 12:00:47.837   601  9643 I ActivityManager: START u0 {act=android.intent.action.VIEW flg=0x10008000 cmp=com.android.chrome/com.google.android.apps.chrome.Main} from uid 2000 on display 0
11-02 12:00:47.868 21016 21016 D AndroidRuntime: Shutting down VM
11-02 12:00:47.895   601  9663 I ActivityManager: Start proc 21026:com.android.chrome/u0a35 for activity com.android.chrome/com.google.android.apps.chrome.Main
11-02 12:00:48.065   601   612 I ActivityManager: START u0 {cmp=com.android.chrome/org.chromium.chrome.browser.firstrun.TabbedModeFirstRunActivity (has extras)} from uid 10035 on display 0
11-02 12:00:48.078 21026 21044 W DynamiteModule: Local module descriptor class for com.google.android.gms.googlecertificates not found.
11-02 12:00:48.229 21026 21036 W art     : Suspending all threads took: 8.307ms
11-02 12:00:48.239 21026 21036 I art     : Background partial concurrent mark sweep GC freed 4909(595KB) AllocSpace objects, 1(20KB) LOS objects, 39% free, 4MB/6MB, paused 12.486ms total 49.970ms
11-02 12:00:48.249 21026 21045 I cr_LibraryLoader: Loaded native library version number "85.0.4183.127"
11-02 12:00:48.250 21026 21045 I cr_CachingUmaRecorder: Flushed 10 samples from 10 histograms.
11-02 12:00:48.269 21026 21046 I OpenGLRenderer: Initialized EGL, version 1.4
11-02 12:00:48.269 21026 21046 D OpenGLRenderer: Swap behavior 2
11-02 12:00:48.275 21026 21044 I DynamiteModule: Considering local module com.google.android.gms.googlecertificates:0 and remote module com.google.android.gms.googlecertificates:6
11-02 12:00:48.275 21026 21044 I DynamiteModule: Selected remote version of com.google.android.gms.googlecertificates, version >= 6
11-02 12:00:48.306 21026 21044 W System  : ClassLoader referenced unknown path: 
11-02 12:00:48.307 21026 21044 D ApplicationLoaders: ignored Vulkan layer search path /data/app/com.google.android.gms-1/lib/arm:/data/app/com.google.android.gms-1/base.apk!/lib/armeabi-v7a:/data/app/com.google.android.gms-1/split_config.en.apk!/lib/armeabi-v7a for namespace 0xf387f090
11-02 12:00:48.309 21026 21044 W ResourceType: ResTable_typeSpec entry count inconsistent: given 67, previously 69
11-02 12:00:48.310 21026 21044 W ResourceType: ResTable_typeSpec entry count inconsistent: given 5346, previously 5347
11-02 12:00:48.336 21026 21044 I DynamiteLoaderV2Impl: [70] Googlecertificates
11-02 12:00:48.354 21026 21044 W System  : ClassLoader referenced unknown path: /data/user_de/0/com.google.android.gms/app_chimera/m/00000061/n/armeabi-v7a
11-02 12:00:48.355 21026 21044 W System  : ClassLoader referenced unknown path: /data/user_de/0/com.google.android.gms/app_chimera/m/00000061/n/armeabi
11-02 12:00:48.422 21026 21041 D NetworkSecurityConfig: Using Network Security Config from resource 0_resource_name_obfuscated debugBuild: false
11-02 12:00:48.432   601   621 I ActivityManager: Displayed com.android.chrome/org.chromium.chrome.browser.firstrun.TabbedModeFirstRunActivity: +321ms (total +567ms)
11-02 12:00:48.444   785  1711 I FontLog : Received query Google Sans, URI content://com.google.android.gms.fonts [CONTEXT service_id=132 ]
11-02 12:00:48.444   785  1711 I FontLog : Query [Google Sans] resolved to {Google Sans, wdth 100.0, wght 400, ital 0.0, bestEffort false} [CONTEXT service_id=132 ]
11-02 12:00:48.445   785  1711 I FontLog : Font PFD returned from cache for {Google Sans, wdth 100.0, wght 400, ital 0.0, bestEffort false} [CONTEXT service_id=132 ]
11-02 12:00:48.445   785  1711 I FontLog : Fetch {Google Sans, wdth 100.0, wght 400, ital 0.0, bestEffort false} end status Status{statusCode=SUCCESS, resolution=null} [CONTEXT service_id=132 ]
11-02 12:00:48.457   601   621 W WindowManager: Failed looking up window
11-02 12:00:48.457   601   621 W WindowManager: java.lang.IllegalArgumentException: Requested window android.view.ViewRootImpl$W@618f61a does not exist
11-02 12:00:48.457   601   621 W WindowManager: 	at com.android.server.wm.WindowManagerService.windowForClientLocked(WindowManagerService.java:9422)
11-02 12:00:48.457   601   621 W WindowManager: 	at com.android.server.wm.WindowManagerService.windowForClientLocked(WindowManagerService.java:9413)
11-02 12:00:48.457   601   621 W WindowManager: 	at com.android.server.wm.WindowManagerService.removeWindow(WindowManagerService.java:2393)
11-02 12:00:48.457   601   621 W WindowManager: 	at com.android.server.wm.Session.remove(Session.java:202)
11-02 12:00:48.457   601   621 W WindowManager: 	at android.view.ViewRootImpl.dispatchDetachedFromWindow(ViewRootImpl.java:3290)
11-02 12:00:48.457   601   621 W WindowManager: 	at android.view.ViewRootImpl.doDie(ViewRootImpl.java:5917)
11-02 12:00:48.457   601   621 W WindowManager: 	at android.view.ViewRootImpl$ViewRootHandler.handleMessage(ViewRootImpl.java:3626)
11-02 12:00:48.457   601   621 W WindowManager: 	at android.os.Handler.dispatchMessage(Handler.java:102)
11-02 12:00:48.457   601   621 W WindowManager: 	at android.os.Looper.loop(Looper.java:154)
11-02 12:00:48.457   601   621 W WindowManager: 	at android.os.HandlerThread.run(HandlerThread.java:61)
11-02 12:00:48.457   601   621 W WindowManager: 	at com.android.server.ServiceThread.run(ServiceThread.java:46)
11-02 12:00:48.463   785  1710 I FontLog : Pulling font file for id = 299, cache size = 5 [CONTEXT service_id=132 ]
11-02 12:00:48.486   785  1617 I FontLog : Received query Google Sans:500, URI content://com.google.android.gms.fonts [CONTEXT service_id=132 ]
11-02 12:00:48.486   785  1617 I FontLog : Query [Google Sans:500] resolved to {Google Sans, wdth 100.0, wght 500, ital 0.0, bestEffort false} [CONTEXT service_id=132 ]
11-02 12:00:48.488   785  1617 I FontLog : Font PFD returned from cache for {Google Sans, wdth 100.0, wght 500, ital 0.0, bestEffort false} [CONTEXT service_id=132 ]
11-02 12:00:48.488   785  1617 I FontLog : Fetch {Google Sans, wdth 100.0, wght 500, ital 0.0, bestEffort false} end status Status{statusCode=SUCCESS, resolution=null} [CONTEXT service_id=132 ]
11-02 12:00:48.494   785  1696 I FontLog : Pulling font file for id = 300, cache size = 5 [CONTEXT service_id=132 ]
11-02 12:00:48.531   785  1162 E apju    : Phenotype API error. Event # cdub@369881ae, EventCode: 7 [CONTEXT service_id=51 ]
11-02 12:00:48.531   785  1162 E apju    : apiz: 29505: No config packages for log source, or config package not registered
11-02 12:00:48.531   785  1162 E apju    : 	at apkj.b(:com.google.android.gms@203915020@20.39.15 (040406-335085812):7)
11-02 12:00:48.531   785  1162 E apju    : 	at apkg.b(:com.google.android.gms@203915020@20.39.15 (040406-335085812):2)
11-02 12:00:48.531   785  1162 E apju    : 	at apju.a(:com.google.android.gms@203915020@20.39.15 (040406-335085812):85)
11-02 12:00:48.531   785  1162 E apju    : 	at apju.a(:com.google.android.gms@203915020@20.39.15 (040406-335085812):80)
11-02 12:00:48.531   785  1162 E apju    : 	at aain.run(:com.google.android.gms@203915020@20.39.15 (040406-335085812):7)
11-02 12:00:48.531   785  1162 E apju    : 	at boex.run(:com.google.android.gms@203915020@20.39.15 (040406-335085812):2)
11-02 12:00:48.531   785  1162 E apju    : 	at sup.b(:com.google.android.gms@203915020@20.39.15 (040406-335085812):12)
11-02 12:00:48.531   785  1162 E apju    : 	at sup.run(:com.google.android.gms@203915020@20.39.15 (040406-335085812):7)
11-02 12:00:48.531   785  1162 E apju    : 	at java.util.concurrent.ThreadPoolExecutor.runWorker(ThreadPoolExecutor.java:1133)
11-02 12:00:48.531   785  1162 E apju    : 	at java.util.concurrent.ThreadPoolExecutor$Worker.run(ThreadPoolExecutor.java:607)
11-02 12:00:48.531   785  1162 E apju    : 	at tam.run(:com.google.android.gms@203915020@20.39.15 (040406-335085812):0)
11-02 12:00:48.531   785  1162 E apju    : 	at java.lang.Thread.run(Thread.java:761)
11-02 12:00:48.533   785  1162 E AsyncOperation: serviceID=51, operation=GetExperimentTokensOperationCall [CONTEXT service_id=259 ]
11-02 12:00:48.533   785  1162 E AsyncOperation: OperationException[Status{statusCode=No config packages for log source, or config package not registered, resolution=null}]
11-02 12:00:48.533   785  1162 E AsyncOperation: 	at apju.a(:com.google.android.gms@203915020@20.39.15 (040406-335085812):87)
11-02 12:00:48.533   785  1162 E AsyncOperation: 	at apju.a(:com.google.android.gms@203915020@20.39.15 (040406-335085812):80)
11-02 12:00:48.533   785  1162 E AsyncOperation: 	at aain.run(:com.google.android.gms@203915020@20.39.15 (040406-335085812):7)
11-02 12:00:48.533   785  1162 E AsyncOperation: 	at boex.run(:com.google.android.gms@203915020@20.39.15 (040406-335085812):2)
11-02 12:00:48.533   785  1162 E AsyncOperation: 	at sup.b(:com.google.android.gms@203915020@20.39.15 (040406-335085812):12)
11-02 12:00:48.533   785  1162 E AsyncOperation: 	at sup.run(:com.google.android.gms@203915020@20.39.15 (040406-335085812):7)
11-02 12:00:48.533   785  1162 E AsyncOperation: 	at java.util.concurrent.ThreadPoolExecutor.runWorker(ThreadPoolExecutor.java:1133)
11-02 12:00:48.533   785  1162 E AsyncOperation: 	at java.util.concurrent.ThreadPoolExecutor$Worker.run(ThreadPoolExecutor.java:607)
11-02 12:00:48.533   785  1162 E AsyncOperation: 	at tam.run(:com.google.android.gms@203915020@20.39.15 (040406-335085812):0)
11-02 12:00:48.533   785  1162 E AsyncOperation: 	at java.lang.Thread.run(Thread.java:761)
11-02 12:00:48.601 21026 21036 I art     : Background sticky concurrent mark sweep GC freed 16273(1415KB) AllocSpace objects, 7(276KB) LOS objects, 28% free, 4MB/6MB, paused 10.716ms total 39.215ms
11-02 12:00:48.625 26552 26563 W SearchService: Abort, client detached.
11-02 12:00:48.630  1065  1065 I MemoryTrimmer: Trimming objects from memory, since app is in the background.
11-02 12:00:48.636 26552 20896 I DeviceStateChecker: DeviceStateChecker cancelled
11-02 12:00:48.637 26552 26552 I MicroDetector: Keeping mic open: false
11-02 12:00:48.637 26552 26616 I AudioController: internalShutdown
11-02 12:00:48.637 26552 26616 I MicrophoneInputStream: mic_close com.google.android.apps.gsa.speech.audio.ae@a4f8866
11-02 12:00:48.637 26552 27106 I MicroRecognitionRunner: Stopping hotword detection.
11-02 12:00:48.641 26552 26552 I MemoryTrimmer: Trimming objects from memory, since app is in the background.
11-02 12:00:48.648   237   285 I SoundTriggerHwService::Module: void android::SoundTriggerHwService::Module::onCallbackEvent(const sp<android::SoundTriggerHwService::CallbackEvent> &) mClient == 0
11-02 12:00:48.654 26552 20897 I MicroRecognitionRunner: Detection finished
11-02 12:00:48.661 26552 26552 I MemoryTrimmer: Trimming objects from memory, since app is in the background.
11-02 12:00:48.726 21026 21041 I cr_VariationsSeedFetch: Fetched first run seed in 306 ms
11-02 12:00:48.758   236 21030 I art     : Starting a blocking GC HeapTrim
11-02 12:00:48.777   601 12301 I ActivityManager: Start proc 21059:com.android.chrome:sandboxed_process0/u0i595 for service com.android.chrome/org.chromium.content.app.SandboxedProcessService0
11-02 12:00:48.844 21059 21059 W dboxed_process0: type=1400 audit(0.0:2590): avc: denied { getattr } for path="/data/data/com.android.chrome" dev="dm-2" ino=12190 scontext=u:r:isolated_app:s0:c512,c768 tcontext=u:object_r:app_data_file:s0:c512,c768 tclass=dir permissive=0
11-02 12:00:48.884 21059 21059 I cr_ChildProcessService: Creating new ChildProcessService pid=21059
11-02 12:00:49.014   601 12301 I ActivityManager: Start proc 21086:com.android.chrome:privileged_process0/u0a35 for service com.android.chrome/org.chromium.content.app.PrivilegedProcessService0
11-02 12:00:49.100 21026 21048 W ConnectionStatusConfig: Dynamic lookup for intent failed for action: com.google.android.gms.auth.key.retrieval.service.START
11-02 12:00:49.129 21026 21048 W ConnectionStatusConfig: Dynamic lookup for intent failed for action: com.google.android.gms.auth.key.retrieval.service.START
11-02 12:00:49.131   601   612 W ActivityManager: Unable to start service Intent { act=com.google.android.gms.auth.key.retrieval.service.START pkg=com.google.android.gms } U=0: not found
11-02 12:00:49.138   601   611 W ActivityManager: Unbind failed: could not find connection for android.os.BinderProxy@7ce96fb
11-02 12:00:49.141 21026 21048 E GmsClient: unable to connect to service: com.google.android.gms.auth.key.retrieval.service.START on com.google.android.gms
11-02 12:00:49.156 21086 21086 I cr_ChildProcessService: Creating new ChildProcessService pid=21086
11-02 12:00:49.157 21026 21026 W cr_KnoxSettingsProvider: Permission to read device policy denied.
11-02 12:00:49.219 21086 21103 I cr_LibraryLoader: Loaded native library version number "85.0.4183.127"
11-02 12:00:49.220 21086 21103 I cr_CachingUmaRecorder: Flushed 1 samples from 1 histograms.
11-02 12:00:49.235 21086 21103 E libEGL  : validate_display:99 error 3008 (EGL_BAD_DISPLAY)
11-02 12:00:58.744 26552 26552 I MemoryTrimmer: Trimming objects from memory, since app is in the background.
11-02 12:01:01.172 21129 21129 D AndroidRuntime: >>>>>> START com.android.internal.os.RuntimeInit uid 2000 <<<<<<
11-02 12:01:01.176 21129 21129 D AndroidRuntime: CheckJNI is OFF
11-02 12:01:01.247 21129 21129 D ICU     : No timezone override file found: /data/misc/zoneinfo/current/icu/icu_tzdata.dat
11-02 12:01:01.281 21129 21129 I Radio-JNI: register_android_hardware_Radio DONE
11-02 12:01:01.297 21129 21129 D AndroidRuntime: Calling main entry com.android.commands.monkey.Monkey
11-02 12:01:01.371   601   614 W BroadcastQueue: Skipping deliver [background] BroadcastRecord{5eb5663 u-1 android.net.conn.CONNECTIVITY_CHANGE} to ReceiverList{d182260 21129 (unknown name)/2000/u-1 remote:fb9721d}: process crashing
11-02 12:01:02.893 21129 21129 D MonkeyStub: translateCommand: wake
11-02 12:01:03.013 21129 21129 D MonkeyStub: translateCommand: tap 398 1198
11-02 12:01:05.100 21129 21129 D MonkeyStub: translateCommand: tap 720 1506
11-02 12:01:05.256 23975 23988 I PeopleChimeraService: onService. callbacks = aaik@5d7ee66, request = com.google.android.gms.common.internal.GetServiceRequest@77c5a7
11-02 12:01:05.265 23975 24096 I PeopleChimeraService: onService. callbacks = aaik@3909dfd, request = com.google.android.gms.common.internal.GetServiceRequest@3648af2
11-02 12:01:07.166 21129 21129 D MonkeyStub: translateCommand: tap 355 1480
11-02 12:01:07.192   601  9611 I ActivityManager: START u0 {act=android.intent.action.VIEW flg=0x10008000 cmp=com.android.chrome/com.google.android.apps.chrome.Main (has extras)} from uid 10035 on display 0
11-02 12:01:07.210 21129 21129 D MonkeyStub: Quit requested
11-02 12:01:07.241   601   615 I CwMcuSensor: CwMcuSensor::flush: fd = 238, sensors_id = 0, path = /sys/class/htc_sensorhub/sensor_hub/flush, err = 0
11-02 12:01:07.328 21129 21129 I art     : System.exit called, status: 6
11-02 12:01:07.328 21129 21129 I AndroidRuntime: VM exiting with result code 6.
11-02 12:01:07.376 21026 21026 E cr_CompositorSurfaceMgr: Transitioning to surface with format : -1
11-02 12:01:07.386   601  2013 W WindowManager: Attempted to remove non-existing token: android.os.Binder@4001319
11-02 12:01:07.443   601   610 I art     : Background partial concurrent mark sweep GC freed 20019(1023KB) AllocSpace objects, 3(60KB) LOS objects, 33% free, 15MB/23MB, paused 3.078ms total 179.134ms
11-02 12:01:07.454 21026 21081 W cr_tabmodel: Starting to perform legacy migration.
11-02 12:01:07.456 21026 21081 W cr_tabmodel: Finished performing legacy migration.
11-02 12:01:07.456 21026 21081 W cr_tabmodel: Starting to perform multi-instance migration.
11-02 12:01:07.457 21026 21081 W cr_tabmodel: Finished performing multi-instance migration.
11-02 12:01:07.458 21026 21081 I cr_tabmodel: Starting to fetch tab list for tab_state0
11-02 12:01:07.458 21026 21081 I cr_tabmodel: State file does not exist.
11-02 12:01:07.458 21026 21081 I cr_tabmodel: Starting to fetch tab list for tab_state1
11-02 12:01:07.458 21026 21081 I cr_tabmodel: State file does not exist.
11-02 12:01:07.489 21026 21081 I cr_ADCP : No customization source found
11-02 12:01:07.554   601   621 I ActivityManager: Displayed com.android.chrome/com.google.android.apps.chrome.Main: +316ms
11-02 12:01:07.589 21026 21046 D OpenGLRenderer: endAllActiveAnimators on 0xef886480 (InsetDrawable) with handle 0xd1871b60
11-02 12:01:07.597 21026 21026 E cr_CompositorSurfaceMgr: Transitioning to surface with format : -1
11-02 12:01:07.605 21026 21026 E cr_CompositorSurfaceMgr: surfaceCreated format : 0
11-02 12:01:07.612 21026 21026 I cr_ContextualSearch: Tap suppression enabled: false
11-02 12:01:07.619   601  3564 E BatteryStatsService: power: Missing API
11-02 12:01:07.620 21026 21026 I cr_ChromeTabbedActivity: #initializeState
11-02 12:01:07.620 21026 21026 I cr_CipherFactory: #restoreFromBundle, no savedInstanceState.
11-02 12:01:07.620 21026 21026 I cr_tabmodel: #loadState, ignoreIncognitoFiles? true
11-02 12:01:07.641   601  3564 E BatteryStatsService: no controller energy info supplied
11-02 12:01:07.642   799   799 E PhoneInterfaceManager: [PhoneIntfMgr] queryModemActivityInfo: Empty response
11-02 12:01:07.656   601  3564 E BatteryStatsService: modem info is invalid: ModemActivityInfo{ mTimestamp=0 mSleepTimeMs=0 mIdleTimeMs=0 mTxTimeMs[]=[0, 0, 0, 0, 0] mRxTimeMs=0 mEnergyUsed=0}
11-02 12:01:07.809 21026 21026 I SchedulerApiWrapper: Create SchedulerApiMainThreadWrapper
11-02 12:01:07.820 21026 21026 I FeedSessionManagerImpl: FeedSessionManagerImpl has been created
11-02 12:01:07.821 21026 21026 I FeedAppLifecycleLstnr: onEnterForeground called
11-02 12:01:07.822 21026 21026 I FeedSessionManagerImpl: onLifecycleEvent foreground
11-02 12:01:07.823 21026 21026 I FeedSessionManagerImpl: Lazy initialization triggered, getUpdateConsumer
11-02 12:01:07.823 21026 21074 I TaskQueue: Execute task [IMMEDIATE - d: true, b: 0]: 30
11-02 12:01:07.823 21026 21026 I FeedRequestManagerImpl: trigger refresh 2
11-02 12:01:07.824 21026 21026 I TaskQueue:  - task [HEAD_INVALIDATE - d: true, b: 0]: 26
11-02 12:01:07.824 21026 21026 I FeedAppLifecycleLstnr: initialize called
11-02 12:01:07.824 21026 21026 I FeedSessionManagerImpl: onLifecycleEvent initialize
11-02 12:01:07.824 21026 21026 W FeedSessionManagerImpl: FeedSessionManagerImpl has previously been initialized
11-02 12:01:07.844 21026 21026 I ViewConfigCompat: Could not find method getScaledScrollFactor() on ViewConfiguration
11-02 12:01:07.847 21026 21026 I BasicStream: Setting 2 header views, currently have 0 headers
11-02 12:01:07.850 21026 21026 I BasicStream: Setting 2 header views, currently have 2 headers
11-02 12:01:07.912   601   620 D BluetoothManagerService: Message: 20
11-02 12:01:07.912   601   620 D BluetoothManagerService: Added callback: android.bluetooth.IBluetoothManagerCallback$Stub$Proxy@667d4b5:true
11-02 12:01:07.941 21059 21072 I cr_LibraryLoader: Loaded native library version number "85.0.4183.127"
11-02 12:01:07.942 21059 21072 I cr_CachingUmaRecorder: Flushed 1 samples from 1 histograms.
11-02 12:01:07.950 21026 21026 E cr_IntentUtils: getBooleanExtra failed on intent null
11-02 12:01:07.964 21026 21026 I TimeoutSessionImpl: Using TimeoutSessionImpl
11-02 12:01:07.965 21026 21026 I FeedSessionManagerImpl: Delaying populateSession until initialization is finished
11-02 12:01:07.965 21026 21026 I TaskQueue:  - task [IMMEDIATE - d: true, b: 1]: 13
11-02 12:01:07.965 21026 21026 I MainThreadRunner: Running task [BasicStream onShow] on the Main Thread with a delay of 500 milliseconds
11-02 12:01:08.040   601   832 I ActivityManager: Start proc 21164:com.android.chrome:sandboxed_process1/u0i596 for service com.android.chrome/org.chromium.content.app.SandboxedProcessService1
11-02 12:01:08.053 21026 21074 W SessionCache: Persisted Sessions were not found
11-02 12:01:08.053 21026 21074 I HeadSessionImpl: Initialize HEAD 0 items
11-02 12:01:08.055 21026 21074 I TaskQueue:  - task [BACKGROUND - d: true, b: 2]: 11
11-02 12:01:08.055 21026 21074 I TimingUtils: Task Timing 231ms, thread JardinExecutor | task : Initialization
11-02 12:01:08.055 21026 21074 I TaskQueue:  - Finished 30, time 232 ms
11-02 12:01:08.056 21026 21074 I TaskQueue: Execute task [HEAD_INVALIDATE - d: true, b: 2]: 26
11-02 12:01:08.057 21026 21074 I TimingUtils: Task Timing   1ms, thread JardinExecutor | task : getAllDismissLocalActions | size : 0
11-02 12:01:08.057 21026 21074 I TimingUtils: Task Timing   0ms, thread JardinExecutor | task : getSemanticProperties | size : 0
11-02 12:01:08.058 21026 21074 I MainThreadRunner: Running task [Check Tooltips] on the Main Thread
11-02 12:01:08.058 21026 21074 I TaskQueue:  * Starting starvation checks
11-02 12:01:08.058 21026 21074 I MainThreadRunner: Running task [starvationChecks] on the Main Thread with a delay of 6000 milliseconds
11-02 12:01:08.058 21026 21074 I TaskQueue:  - Finished 26, time 2 ms
11-02 12:01:08.058 21026 21074 I TaskQueue: Execute task [IMMEDIATE - d: true, b: 1]: 13
11-02 12:01:08.058 21026 21074 I FeedSessionManagerImpl: shouldSessionRequestData; hasContent(false), contentCreationTime(0), outstandingRequest(true)
11-02 12:01:08.058 21026 21074 I MainThreadRunner: Running task [SchedulerApiWrapper shouldSessionRequestData] on the Main Thread
11-02 12:01:08.094   601  9663 I ActivityManager: Start proc 21170:com.android.chrome:sandboxed_process2/u0i597 for service com.android.chrome/org.chromium.content.app.SandboxedProcessService2
11-02 12:01:08.125   601  1452 I ActivityManager: Start proc 21192:com.android.chrome:sandboxed_process3/u0i598 for service com.android.chrome/org.chromium.content.app.SandboxedProcessService3
11-02 12:01:08.184   601  3864 I ActivityManager: Start proc 21200:com.android.chrome:sandboxed_process4/u0i599 for service com.android.chrome/org.chromium.content.app.SandboxedProcessService4
11-02 12:01:08.227   601 10729 I ActivityManager: Start proc 21210:com.android.chrome:sandboxed_process5/u0i600 for service com.android.chrome/org.chromium.content.app.SandboxedProcessService5
11-02 12:01:08.237 21164 21164 W dboxed_process1: type=1400 audit(0.0:2591): avc: denied { getattr } for path="/data/data/com.android.chrome" dev="dm-2" ino=12190 scontext=u:r:isolated_app:s0:c512,c768 tcontext=u:object_r:app_data_file:s0:c512,c768 tclass=dir permissive=0
11-02 12:01:08.266   601  4262 I ActivityManager: Start proc 21228:com.android.chrome:sandboxed_process6/u0i601 for service com.android.chrome/org.chromium.content.app.SandboxedProcessService6
11-02 12:01:08.310 21026 21026 I PlayCore: UID: [10035]  PID: [21026] SplitInstallService : deferredInstall([image_editor])
11-02 12:01:08.321   601  9663 I ActivityManager: Start proc 21239:com.android.chrome:sandboxed_process7/u0i602 for service com.android.chrome/org.chromium.content.app.SandboxedProcessService7
11-02 12:01:08.347 21026 21240 I PlayCore: UID: [10035]  PID: [21026] SplitInstallService : Initiate binding to the service.
11-02 12:01:08.361 21170 21170 W dboxed_process2: type=1400 audit(0.0:2592): avc: denied { getattr } for path="/data/data/com.android.chrome" dev="dm-2" ino=12190 scontext=u:r:isolated_app:s0:c512,c768 tcontext=u:object_r:app_data_file:s0:c512,c768 tclass=dir permissive=0
11-02 12:01:08.391   601 12301 I ActivityManager: Start proc 21253:com.android.chrome:sandboxed_process8/u0i603 for service com.android.chrome/org.chromium.content.app.SandboxedProcessService8
11-02 12:01:08.392   601 17045 W ActivityManager: Unable to start service Intent { act=com.google.android.play.core.splitinstall.BIND_SPLIT_INSTALL_SERVICE pkg=com.android.vending } U=0: not found
11-02 12:01:08.470 21026 21026 I Choreographer: Skipped 54 frames!  The application may be doing too much work on its main thread.
11-02 12:01:08.473 21164 21164 I cr_ChildProcessService: Creating new ChildProcessService pid=21164
11-02 12:01:08.524 21192 21192 W dboxed_process3: type=1400 audit(0.0:2593): avc: denied { getattr } for path="/data/data/com.android.chrome" dev="dm-2" ino=12190 scontext=u:r:isolated_app:s0:c512,c768 tcontext=u:object_r:app_data_file:s0:c512,c768 tclass=dir permissive=0
11-02 12:01:08.561 21200 21200 W dboxed_process4: type=1400 audit(0.0:2594): avc: denied { getattr } for path="/data/data/com.android.chrome" dev="dm-2" ino=12190 scontext=u:r:isolated_app:s0:c512,c768 tcontext=u:object_r:app_data_file:s0:c512,c768 tclass=dir permissive=0
11-02 12:01:08.574 21210 21210 W dboxed_process5: type=1400 audit(0.0:2595): avc: denied { getattr } for path="/data/data/com.android.chrome" dev="dm-2" ino=12190 scontext=u:r:isolated_app:s0:c512,c768 tcontext=u:object_r:app_data_file:s0:c512,c768 tclass=dir permissive=0
11-02 12:01:08.608 21170 21170 I cr_ChildProcessService: Creating new ChildProcessService pid=21170
11-02 12:01:08.744 21228 21228 W dboxed_process6: type=1400 audit(0.0:2596): avc: denied { getattr } for path="/data/data/com.android.chrome" dev="dm-2" ino=12190 scontext=u:r:isolated_app:s0:c512,c768 tcontext=u:object_r:app_data_file:s0:c512,c768 tclass=dir permissive=0
11-02 12:01:08.752 21192 21192 I cr_ChildProcessService: Creating new ChildProcessService pid=21192
11-02 12:01:08.754 21239 21239 W dboxed_process7: type=1400 audit(0.0:2597): avc: denied { getattr } for path="/data/data/com.android.chrome" dev="dm-2" ino=12190 scontext=u:r:isolated_app:s0:c512,c768 tcontext=u:object_r:app_data_file:s0:c512,c768 tclass=dir permissive=0
11-02 12:01:08.757 21253 21253 W dboxed_process8: type=1400 audit(0.0:2598): avc: denied { getattr } for path="/data/data/com.android.chrome" dev="dm-2" ino=12190 scontext=u:r:isolated_app:s0:c512,c768 tcontext=u:object_r:app_data_file:s0:c512,c768 tclass=dir permissive=0
11-02 12:01:08.808 21200 21200 I cr_ChildProcessService: Creating new ChildProcessService pid=21200
11-02 12:01:08.821 21026 21026 I cr_tabmodel: Appending tabs being restored to metadata lists, 0, startingNormalCount: 1, startingIncognitoCount: 0
11-02 12:01:08.822 21026 21026 I cr_tabmodel: Serializing tab lists; counts: 1, 0
11-02 12:01:08.849 21210 21210 I cr_ChildProcessService: Creating new ChildProcessService pid=21210
11-02 12:01:08.899   601   819 I ActivityManager: Start proc 21285:com.android.chrome:sandboxed_process9/u0i604 for service com.android.chrome/org.chromium.content.app.SandboxedProcessService9
11-02 12:01:08.967 21026 21026 I TaskQueue:  - task [IMMEDIATE - d: true, b: 1]: 27
11-02 12:01:08.967 21026 21074 I FeedSessionManagerImpl: shouldSessionRequestDataResult: NO_REQUEST_WITH_WAIT, shouldMakeRequest(false), withTimeout(false), withAppend(false)
11-02 12:01:08.967 21026 21074 I TaskQueue:  - task [USER_FACING - d: true, b: 2]: 24
11-02 12:01:08.968 21026 21074 I TaskQueue:  - Finished 13, time 909 ms
11-02 12:01:08.970 21026 21074 I TaskQueue: Execute task [IMMEDIATE - d: true, b: 2]: 27
11-02 12:01:08.971 21026 21074 I FeedRequestManagerImpl: Consistency Token: # hU2@7bca4
11-02 12:01:08.981 21026 21074 I FeedRequestManagerImpl: Capability: FEED_UI
11-02 12:01:08.981 21026 21074 I FeedRequestManagerImpl: Capability: UNDOABLE_ACTIONS
11-02 12:01:08.981 21026 21074 I FeedRequestManagerImpl: Capability: MANAGE_INTERESTS
11-02 12:01:08.981 21026 21074 I FeedRequestManagerImpl: Capability: SEND_FEEDBACK
11-02 12:01:08.981 21026 21074 I FeedRequestManagerImpl: Capability: ARTICLE_SNIPPETS
11-02 12:01:08.981 21026 21074 I FeedRequestManagerImpl: Capability: CLICK_ACTION
11-02 12:01:08.981 21026 21074 I FeedRequestManagerImpl: Capability: VIEW_ACTION
11-02 12:01:08.981 21026 21074 I FeedRequestManagerImpl: Capability: REPORT_FEED_USER_ACTIONS_NOTICE_CARD
11-02 12:01:08.981 21026 21074 I FeedRequestManagerImpl: Capability: BASE_UI
11-02 12:01:08.986 21164 21274 I cr_LibraryLoader: Loaded native library version number "85.0.4183.127"
11-02 12:01:08.993 21164 21274 I cr_CachingUmaRecorder: Flushed 1 samples from 1 histograms.
11-02 12:01:08.994 21239 21239 I cr_ChildProcessService: Creating new ChildProcessService pid=21239
11-02 12:01:08.996 21228 21228 I cr_ChildProcessService: Creating new ChildProcessService pid=21228
11-02 12:01:09.000 21026 21036 W art     : Suspending all threads took: 15.291ms
11-02 12:01:09.016 21026 21026 I Choreographer: Skipped 31 frames!  The application may be doing too much work on its main thread.
11-02 12:01:09.039 21026 21074 I FeedRequestManagerImpl: Making Request: /httpservice/noretry/DiscoverClankService/FeedQuery
11-02 12:01:09.039 21026 21074 I MainThreadRunner: Running task [NetworkClientWrapper send] on the Main Thread
11-02 12:01:09.040 21026 21074 I TaskQueue:  - Finished 27, time 71 ms
11-02 12:01:09.042 21026 21036 I art     : Background sticky concurrent mark sweep GC freed 44735(2MB) AllocSpace objects, 35(736KB) LOS objects, 17% free, 10MB/12MB, paused 17.551ms total 268.263ms
11-02 12:01:09.043 21253 21253 I cr_ChildProcessService: Creating new ChildProcessService pid=21253
11-02 12:01:09.050 21170 21276 I cr_LibraryLoader: Loaded native library version number "85.0.4183.127"
11-02 12:01:09.050 21170 21276 I cr_CachingUmaRecorder: Flushed 1 samples from 1 histograms.
11-02 12:01:09.072 21026 21240 I PlayCore: UID: [10035]  PID: [21026] SplitInstallService : Failed to bind to the service.
11-02 12:01:09.230 21192 21277 I cr_LibraryLoader: Loaded native library version number "85.0.4183.127"
11-02 12:01:09.240 21210 21284 I cr_LibraryLoader: Loaded native library version number "85.0.4183.127"
11-02 12:01:09.240 21210 21284 I cr_CachingUmaRecorder: Flushed 1 samples from 1 histograms.
11-02 12:01:09.251   601 15862 I ActivityManager: Killing 21164:com.android.chrome:sandboxed_process1/u0a35i596 (adj 0): isolated not needed
11-02 12:01:09.261 21192 21277 I cr_CachingUmaRecorder: Flushed 1 samples from 1 histograms.
11-02 12:01:09.278 21170 21276 I chromium: [INFO:child_process_service.cc(69)] ChildProcessService: Exiting child process.
11-02 12:01:09.287 21285 21285 W dboxed_process9: type=1400 audit(0.0:2599): avc: denied { getattr } for path="/data/data/com.android.chrome" dev="dm-2" ino=12190 scontext=u:r:isolated_app:s0:c512,c768 tcontext=u:object_r:app_data_file:s0:c512,c768 tclass=dir permissive=0
11-02 12:01:09.367 21228 21293 I cr_LibraryLoader: Loaded native library version number "85.0.4183.127"
11-02 12:01:09.368 21228 21293 I cr_CachingUmaRecorder: Flushed 1 samples from 1 histograms.
11-02 12:01:09.421 21026 21080 W cr_CrashFileManager: /data/user/0/com.android.chrome/cache/Crash Reports does not exist or is not a directory
11-02 12:01:09.426 21026 21058 I cr_BindingManager: Moderate binding enabled: maxSize=40
11-02 12:01:09.432 21239 21292 I cr_LibraryLoader: Loaded native library version number "85.0.4183.127"
11-02 12:01:09.440 21026 21080 W cr_CrashFileManager: /data/user/0/com.android.chrome/cache/Crash Reports does not exist or is not a directory
11-02 12:01:09.440 21026 21080 W cr_CrashFileManager: /data/user/0/com.android.chrome/cache/Crash Reports does not exist or is not a directory
11-02 12:01:09.448 21253 21300 I cr_LibraryLoader: Loaded native library version number "85.0.4183.127"
11-02 12:01:09.449 21253 21300 I cr_CachingUmaRecorder: Flushed 1 samples from 1 histograms.
11-02 12:01:09.453 21239 21292 I cr_CachingUmaRecorder: Flushed 1 samples from 1 histograms.
11-02 12:01:09.459   601   614 I ActivityManager: Killing 21210:com.android.chrome:sandboxed_process5/u0a35i600 (adj 0): isolated not needed
11-02 12:01:09.460   601   614 I ActivityManager: Killing 21170:com.android.chrome:sandboxed_process2/u0a35i597 (adj 0): isolated not needed
11-02 12:01:09.461 21026 21080 I cr_FileUtils: Writing to /data/user/0/com.android.chrome/app_dex/webapk7.dex
11-02 12:01:09.495 21285 21285 I cr_ChildProcessService: Creating new ChildProcessService pid=21285
11-02 12:01:09.509 21192 21192 I cr_ChildProcessService: Destroying ChildProcessService pid=21192
11-02 12:01:09.676 21253 21253 I cr_ChildProcessService: Destroying ChildProcessService pid=21253
11-02 12:01:09.689   601 15862 I ActivityManager: Killing 21253:com.android.chrome:sandboxed_process8/u0a35i603 (adj 0): isolated not needed
11-02 12:01:09.689   601 15862 I ActivityManager: Killing 21239:com.android.chrome:sandboxed_process7/u0a35i602 (adj 0): isolated not needed
11-02 12:01:09.689   601 15862 I ActivityManager: Killing 21228:com.android.chrome:sandboxed_process6/u0a35i601 (adj 0): isolated not needed
11-02 12:01:09.689   601 15862 I ActivityManager: Killing 21192:com.android.chrome:sandboxed_process3/u0a35i598 (adj 0): isolated not needed
11-02 12:01:09.709 21026 21036 I art     : Background partial concurrent mark sweep GC freed 46257(2MB) AllocSpace objects, 25(520KB) LOS objects, 40% free, 10MB/17MB, paused 4.424ms total 383.360ms
11-02 12:01:09.735 21285 21316 I cr_LibraryLoader: Loaded native library version number "85.0.4183.127"
11-02 12:01:09.735 21285 21316 I cr_CachingUmaRecorder: Flushed 1 samples from 1 histograms.
11-02 12:01:09.766 23975 24302 I Icing   : IndexChimeraService.getServiceInterface callingPackage=com.android.chrome componentName=null serviceId=36
11-02 12:01:09.812 23975 24436 I Icing   : IndexChimeraService.getServiceInterface callingPackage=com.android.chrome componentName=null serviceId=36
11-02 12:01:09.854 21285 21285 I cr_ChildProcessService: Destroying ChildProcessService pid=21285
11-02 12:01:09.876 21285 21316 I chromium: [INFO:child_process_service.cc(69)] ChildProcessService: Exiting child process.
11-02 12:01:09.885   601 12301 I ActivityManager: Killing 21285:com.android.chrome:sandboxed_process9/u0a35i604 (adj 0): isolated not needed
11-02 12:01:09.900 21325 21325 I dex2oat : /system/bin/dex2oat --dex-file=/data/user/0/com.android.chrome/app_dex/webapk7.dex --oat-fd=223 --oat-location=/data/user/0/com.android.chrome/app_dex/oat/arm/webapk7.dex --compiler-filter=speed
11-02 12:01:10.009   601  9611 I ActivityManager: Start proc 21336:com.android.chrome:sandboxed_process10/u0i605 for service com.android.chrome/org.chromium.content.app.SandboxedProcessService10
11-02 12:01:10.083 21200 21280 I cr_LibraryLoader: Loaded native library version number "85.0.4183.127"
11-02 12:01:10.084 21200 21280 I cr_CachingUmaRecorder: Flushed 1 samples from 1 histograms.
11-02 12:01:10.093   601  3864 I ActivityManager: Start proc 21349:com.android.chrome:sandboxed_process11/u0i606 for service com.android.chrome/org.chromium.content.app.SandboxedProcessService11
11-02 12:01:10.144 21336 21336 W boxed_process10: type=1400 audit(0.0:2600): avc: denied { getattr } for path="/data/data/com.android.chrome" dev="dm-2" ino=12190 scontext=u:r:isolated_app:s0:c512,c768 tcontext=u:object_r:app_data_file:s0:c512,c768 tclass=dir permissive=0
11-02 12:01:10.180 21200 21280 I chromium: [INFO:child_process_service.cc(69)] ChildProcessService: Exiting child process.
11-02 12:01:10.193   601 19770 I ActivityManager: Start proc 21366:com.android.chrome:sandboxed_process12/u0i607 for service com.android.chrome/org.chromium.content.app.SandboxedProcessService12
11-02 12:01:10.242   601   819 I ActivityManager: Start proc 21372:com.android.chrome:sandboxed_process13/u0i608 for service com.android.chrome/org.chromium.content.app.SandboxedProcessService13
11-02 12:01:10.242   601 12691 I ActivityManager: Process com.android.chrome:sandboxed_process4 (pid 21200) has died
11-02 12:01:10.242   601 12691 D ActivityManager: cleanUpApplicationRecord -- 21200
11-02 12:01:10.242   601 12691 W ActivityManager: Scheduling restart of crashed service com.android.chrome/org.chromium.content.app.SandboxedProcessService4 in 1000ms
11-02 12:01:10.261 21026 21026 W chromium: [WARNING:compositor_view.cc(315)] Child process died (type=6) pid=21200)
11-02 12:01:10.311 21158 21158 D AndroidRuntime: >>>>>> START com.android.internal.os.RuntimeInit uid 2000 <<<<<<
11-02 12:01:10.311   601 12301 I ActivityManager: Start proc 21385:com.android.chrome:sandboxed_process14/u0i609 for service com.android.chrome/org.chromium.content.app.SandboxedProcessService14
11-02 12:01:10.325 21336 21336 I cr_ChildProcessService: Creating new ChildProcessService pid=21336
11-02 12:01:10.361 21349 21349 W boxed_process11: type=1400 audit(0.0:2601): avc: denied { getattr } for path="/data/data/com.android.chrome" dev="dm-2" ino=12190 scontext=u:r:isolated_app:s0:c512,c768 tcontext=u:object_r:app_data_file:s0:c512,c768 tclass=dir permissive=0
11-02 12:01:10.369 21158 21158 D AndroidRuntime: CheckJNI is OFF
11-02 12:01:10.370   601  7042 I ActivityManager: Start proc 21398:com.android.chrome:sandboxed_process15/u0i610 for service com.android.chrome/org.chromium.content.app.SandboxedProcessService15
11-02 12:01:10.431 21366 21366 W boxed_process12: type=1400 audit(0.0:2602): avc: denied { getattr } for path="/data/data/com.android.chrome" dev="dm-2" ino=12190 scontext=u:r:isolated_app:s0:c512,c768 tcontext=u:object_r:app_data_file:s0:c512,c768 tclass=dir permissive=0
11-02 12:01:10.436   601  3564 I ActivityManager: Start proc 21407:com.android.chrome:sandboxed_process16/u0i611 for service com.android.chrome/org.chromium.content.app.SandboxedProcessService16
11-02 12:01:10.485   601 17045 I ActivityManager: Start proc 21432:com.android.chrome:sandboxed_process17/u0i612 for service com.android.chrome/org.chromium.content.app.SandboxedProcessService17
11-02 12:01:10.511 21349 21349 I cr_ChildProcessService: Creating new ChildProcessService pid=21349
11-02 12:01:10.527 21372 21372 W boxed_process13: type=1400 audit(0.0:2603): avc: denied { getattr } for path="/data/data/com.android.chrome" dev="dm-2" ino=12190 scontext=u:r:isolated_app:s0:c512,c768 tcontext=u:object_r:app_data_file:s0:c512,c768 tclass=dir permissive=0
11-02 12:01:10.542   601   612 I ActivityManager: Start proc 21441:com.android.chrome:sandboxed_process18/u0i613 for service com.android.chrome/org.chromium.content.app.SandboxedProcessService18
11-02 12:01:10.591 21398 21398 W boxed_process15: type=1400 audit(0.0:2604): avc: denied { getattr } for path="/data/data/com.android.chrome" dev="dm-2" ino=12190 scontext=u:r:isolated_app:s0:c512,c768 tcontext=u:object_r:app_data_file:s0:c512,c768 tclass=dir permissive=0
11-02 12:01:10.603   601  2013 I ActivityManager: Start proc 21454:com.android.chrome:sandboxed_process19/u0i614 for service com.android.chrome/org.chromium.content.app.SandboxedProcessService19
11-02 12:01:10.604 21366 21366 I cr_ChildProcessService: Creating new ChildProcessService pid=21366
11-02 12:01:10.612 21026 21058 I cr_BindingManager: onTrimMemory: level=15, size=0
11-02 12:01:10.628 21336 21392 I cr_LibraryLoader: Loaded native library version number "85.0.4183.127"
11-02 12:01:10.629 21336 21392 I cr_CachingUmaRecorder: Flushed 1 samples from 1 histograms.
11-02 12:01:10.681 21385 21385 W boxed_process14: type=1400 audit(0.0:2605): avc: denied { getattr } for path="/data/data/com.android.chrome" dev="dm-2" ino=12190 scontext=u:r:isolated_app:s0:c512,c768 tcontext=u:object_r:app_data_file:s0:c512,c768 tclass=dir permissive=0
11-02 12:01:10.713 21372 21372 I cr_ChildProcessService: Creating new ChildProcessService pid=21372
11-02 12:01:10.727 21407 21407 W boxed_process16: type=1400 audit(0.0:2606): avc: denied { getattr } for path="/data/data/com.android.chrome" dev="dm-2" ino=12190 scontext=u:r:isolated_app:s0:c512,c768 tcontext=u:object_r:app_data_file:s0:c512,c768 tclass=dir permissive=0
11-02 12:01:10.774 21432 21432 W boxed_process17: type=1400 audit(0.0:2607): avc: denied { getattr } for path="/data/data/com.android.chrome" dev="dm-2" ino=12190 scontext=u:r:isolated_app:s0:c512,c768 tcontext=u:object_r:app_data_file:s0:c512,c768 tclass=dir permissive=0
11-02 12:01:10.824 21398 21398 I cr_ChildProcessService: Creating new ChildProcessService pid=21398
11-02 12:01:10.865 21325 21325 W dex2oat : Compilation of java.lang.String androidx.core.graphics.drawable.IconCompat.toString() took 120.793ms
11-02 12:01:10.867 21385 21385 I cr_ChildProcessService: Creating new ChildProcessService pid=21385
11-02 12:01:10.894 21349 21439 I cr_LibraryLoader: Loaded native library version number "85.0.4183.127"
11-02 12:01:10.894 21349 21439 I cr_CachingUmaRecorder: Flushed 1 samples from 1 histograms.
11-02 12:01:10.904 21441 21441 W boxed_process18: type=1400 audit(0.0:2608): avc: denied { getattr } for path="/data/data/com.android.chrome" dev="dm-2" ino=12190 scontext=u:r:isolated_app:s0:c512,c768 tcontext=u:object_r:app_data_file:s0:c512,c768 tclass=dir permissive=0
11-02 12:01:10.914 21407 21407 I cr_ChildProcessService: Creating new ChildProcessService pid=21407
11-02 12:01:10.921 21325 21325 I dex2oat : dex2oat took 1.024s (threads: 2) arena alloc=771KB (790272B) java alloc=100KB (103160B) native alloc=559KB (573424B) free=1488KB (1523728B)
11-02 12:01:10.937 21454 21454 W boxed_process19: type=1400 audit(0.0:2609): avc: denied { getattr } for path="/data/data/com.android.chrome" dev="dm-2" ino=12190 scontext=u:r:isolated_app:s0:c512,c768 tcontext=u:object_r:app_data_file:s0:c512,c768 tclass=dir permissive=0
11-02 12:01:10.951 21366 21464 I cr_LibraryLoader: Loaded native library version number "85.0.4183.127"
11-02 12:01:10.951 21366 21464 I cr_CachingUmaRecorder: Flushed 1 samples from 1 histograms.
11-02 12:01:10.960 21432 21432 I cr_ChildProcessService: Creating new ChildProcessService pid=21432
11-02 12:01:11.039 21372 21473 I cr_LibraryLoader: Loaded native library version number "85.0.4183.127"
11-02 12:01:11.040 21372 21473 I cr_CachingUmaRecorder: Flushed 1 samples from 1 histograms.
11-02 12:01:11.054 21441 21441 I cr_ChildProcessService: Creating new ChildProcessService pid=21441
11-02 12:01:11.089   601   610 I art     : Background partial concurrent mark sweep GC freed 36288(1769KB) AllocSpace objects, 17(452KB) LOS objects, 33% free, 15MB/23MB, paused 1.933ms total 456.528ms
11-02 12:01:11.102 21366 21464 I chromium: [INFO:child_process_service.cc(69)] ChildProcessService: Exiting child process.
11-02 12:01:11.103   195   195 E lowmemorykiller: Error writing /proc/21366/oom_score_adj; errno=22
11-02 12:01:11.111 21398 21478 I cr_LibraryLoader: Loaded native library version number "85.0.4183.127"
11-02 12:01:11.111 21398 21478 I cr_CachingUmaRecorder: Flushed 1 samples from 1 histograms.
11-02 12:01:11.112 21158 21158 D ICU     : No timezone override file found: /data/misc/zoneinfo/current/icu/icu_tzdata.dat
11-02 12:01:11.114 21454 21454 I cr_ChildProcessService: Creating new ChildProcessService pid=21454
11-02 12:01:11.154 21385 21479 I cr_LibraryLoader: Loaded native library version number "85.0.4183.127"
11-02 12:01:11.155 21385 21479 I cr_CachingUmaRecorder: Flushed 1 samples from 1 histograms.
11-02 12:01:11.167 21407 21480 I cr_LibraryLoader: Loaded native library version number "85.0.4183.127"
11-02 12:01:11.168 21407 21480 I cr_CachingUmaRecorder: Flushed 1 samples from 1 histograms.
11-02 12:01:11.190 21372 21473 I chromium: [INFO:child_process_service.cc(69)] ChildProcessService: Exiting child process.
11-02 12:01:11.196   195   195 E lowmemorykiller: Error writing /proc/21372/oom_score_adj; errno=22
11-02 12:01:11.211   601  3864 I ActivityManager: Process com.android.chrome:sandboxed_process13 (pid 21372) has died
11-02 12:01:11.211   601  3864 D ActivityManager: cleanUpApplicationRecord -- 21372
11-02 12:01:11.211   601  3864 I ActivityManager: Killing 21366:com.android.chrome:sandboxed_process12/u0a35i607 (adj 0): isolated not needed
11-02 12:01:11.211   601  3864 I ActivityManager: Killing 21349:com.android.chrome:sandboxed_process11/u0a35i606 (adj 0): isolated not needed
11-02 12:01:11.211   601  3864 I ActivityManager: Killing 21336:com.android.chrome:sandboxed_process10/u0a35i605 (adj 0): isolated not needed
11-02 12:01:11.212 21026 21026 W chromium: [WARNING:compositor_view.cc(315)] Child process died (type=6) pid=21372)
11-02 12:01:11.227 21432 21481 I cr_LibraryLoader: Loaded native library version number "85.0.4183.127"
11-02 12:01:11.228 21432 21481 I cr_CachingUmaRecorder: Flushed 1 samples from 1 histograms.
11-02 12:01:11.239 23975  4479 W Icing   : No valid account for uploading user actions
11-02 12:01:11.305   601  1452 I ActivityManager: Killing 21407:com.android.chrome:sandboxed_process16/u0a35i611 (adj 0): isolated not needed
11-02 12:01:11.305   601  1452 I ActivityManager: Killing 21398:com.android.chrome:sandboxed_process15/u0a35i610 (adj 0): isolated not needed
11-02 12:01:11.333 21158 21158 I Radio-JNI: register_android_hardware_Radio DONE
11-02 12:01:11.343 21441 21488 I cr_LibraryLoader: Loaded native library version number "85.0.4183.127"
11-02 12:01:11.343 21441 21488 I cr_CachingUmaRecorder: Flushed 1 samples from 1 histograms.
11-02 12:01:11.346 21454 21491 I cr_LibraryLoader: Loaded native library version number "85.0.4183.127"
11-02 12:01:11.347 21454 21491 I cr_CachingUmaRecorder: Flushed 1 samples from 1 histograms.
11-02 12:01:11.397 23975 24302 I Icing   : IndexChimeraService.getServiceInterface callingPackage=com.google.android.gms componentName=null serviceId=30
11-02 12:01:11.402 21158 21158 D AndroidRuntime: Calling main entry com.android.commands.am.Am
11-02 12:01:11.413 21026 21078 W InstanceID: Instance ID SDK is deprecated, com.android.chrome should update to use Firebase Instance ID
11-02 12:01:11.415 21441 21441 I cr_ChildProcessService: Destroying ChildProcessService pid=21441
11-02 12:01:11.415 21432 21432 I cr_ChildProcessService: Destroying ChildProcessService pid=21432
11-02 12:01:11.419 21454 21454 I cr_ChildProcessService: Destroying ChildProcessService pid=21454
11-02 12:01:11.419 21385 21385 I cr_ChildProcessService: Destroying ChildProcessService pid=21385
11-02 12:01:11.421 21454 21491 I chromium: [INFO:child_process_service.cc(69)] ChildProcessService: Exiting child process.
11-02 12:01:11.457 21432 21481 I chromium: [INFO:child_process_service.cc(69)] ChildProcessService: Exiting child process.
11-02 12:01:11.457 21441 21488 I chromium: [INFO:child_process_service.cc(69)] ChildProcessService: Exiting child process.
11-02 12:01:11.458 21385 21479 I chromium: [INFO:child_process_service.cc(69)] ChildProcessService: Exiting child process.
11-02 12:01:11.472   601  4262 I ActivityManager: START u0 {act=android.intent.action.VIEW dat=http://independent.co.uk/... flg=0x10000000 cmp=com.android.chrome/com.google.android.apps.chrome.Main} from uid 2000 on display 0
11-02 12:01:11.483 21158 21158 D AndroidRuntime: Shutting down VM
11-02 12:01:11.518 21026 21026 E cr_IntentUtils: getInt failed on bundle null
11-02 12:01:11.564 21026 21026 W FeedModelProvider: sessionId is null, this should have been set during population
11-02 12:01:11.570 21026 21026 I cr_tabmodel: Appending tabs being restored to metadata lists, 0, startingNormalCount: 2, startingIncognitoCount: 0
11-02 12:01:11.570 21026 21026 I cr_tabmodel: Serializing tab lists; counts: 2, 0
11-02 12:01:11.603   601  4276 I ActivityManager: Start proc 21532:com.android.chrome:sandboxed_process20/u0i615 for service com.android.chrome/org.chromium.content.app.SandboxedProcessService20
11-02 12:01:11.629   601  7042 I ActivityManager: Killing 21441:com.android.chrome:sandboxed_process18/u0a35i613 (adj 0): isolated not needed
11-02 12:01:11.629   601  7042 I ActivityManager: Killing 21454:com.android.chrome:sandboxed_process19/u0a35i614 (adj 0): isolated not needed
11-02 12:01:11.629   601  7042 I ActivityManager: Killing 21432:com.android.chrome:sandboxed_process17/u0a35i612 (adj 0): isolated not needed
11-02 12:01:11.629   601  7042 I ActivityManager: Killing 21385:com.android.chrome:sandboxed_process14/u0a35i609 (adj 0): isolated not needed
11-02 12:01:11.664 21026 21026 I FeedRequestManagerImpl: Request: /httpservice/noretry/DiscoverClankService/FeedQuery completed with response code: 200
11-02 12:01:11.664 21026 21026 I TaskQueue:  - task [IMMEDIATE - d: true, b: 2]: 15
11-02 12:01:11.664 21026 21026 I TaskQueue:  - queueTask starting immediate task
11-02 12:01:11.664 21026 21080 I TaskQueue: Execute task [IMMEDIATE - d: true, b: 2]: 15
11-02 12:01:11.681 21532 21532 W boxed_process20: type=1400 audit(0.0:2610): avc: denied { getattr } for path="/data/data/com.android.chrome" dev="dm-2" ino=12190 scontext=u:r:isolated_app:s0:c512,c768 tcontext=u:object_r:app_data_file:s0:c512,c768 tclass=dir permissive=0
11-02 12:01:11.768 21532 21532 I cr_ChildProcessService: Creating new ChildProcessService pid=21532
11-02 12:01:11.783 21026 21080 I MainThreadRunner: Running task [FeedRequestManagerImpl consumer] on the Main Thread
11-02 12:01:11.783 21026 21080 I TaskQueue:  - Finished 15, time 119 ms
11-02 12:01:11.788 21026 21026 I FeedProtocolAdapter: createModel, operations 33
11-02 12:01:11.796 21026 21026 I TimingUtils: Task Timing   7ms, thread ui | task : convertWireProtocol | mutations : 33
11-02 12:01:11.797 21026 21026 I TaskQueue:  - task [HEAD_RESET - d: true, b: 2]: 5
11-02 12:01:11.797 21026 21026 I TaskQueue:  - queueTask starting immediate task
11-02 12:01:11.798 21026 21080 I TaskQueue: Execute task [HEAD_RESET - d: true, b: 2]: 5
11-02 12:01:11.802 21026 21080 I TaskQueue:  - task [BACKGROUND - d: true, b: 2]: 23
11-02 12:01:11.803 21026 21080 W SessionCache: Persisted Sessions were not found
