10-30 14:50:26.121   600  1082 W ActivityManager: 	at com.android.server.am.ActivityManagerService.onTransact(ActivityManagerService.java:2795)
10-30 14:50:26.121   600  1082 W ActivityManager: 	at android.os.Binder.execTransact(Binder.java:565)
10-30 14:50:26.121   600  1082 E JavaBinder: !!! FAILED BINDER TRANSACTION !!!  (parcel size = 76)
10-30 14:50:26.121   197   197 E lowmemorykiller: Error writing /proc/10204/oom_score_adj; errno=22
10-30 14:50:26.121   600  1082 I ActivityManager: Killing 10183:com.android.chrome:sandboxed_process12/u0a35i509 (adj 904): isolated not needed
10-30 14:50:26.121   197   197 E lowmemorykiller: Error writing /proc/10183/oom_score_adj; errno=22
10-30 14:50:26.121   600  1082 E JavaBinder: !!! FAILED BINDER TRANSACTION !!!  (parcel size = 76)
10-30 14:50:26.123   197   197 E lowmemorykiller: Error writing /proc/10223/oom_score_adj; errno=22
10-30 14:50:26.123   600  3509 E JavaBinder: !!! FAILED BINDER TRANSACTION !!!  (parcel size = 76)
10-30 14:50:26.123   600  3509 E JavaBinder: !!! FAILED BINDER TRANSACTION !!!  (parcel size = 576)
10-30 14:50:26.124   600  3509 W ActivityManager: Exception when unbinding service com.android.chrome/org.chromium.content.app.SandboxedProcessService15
10-30 14:50:26.124   600  3509 W ActivityManager: android.os.DeadObjectException: Transaction failed on small parcel; remote process probably died
10-30 14:50:26.124   600  3509 W ActivityManager: 	at android.os.BinderProxy.transactNative(Native Method)
10-30 14:50:26.124   600  3509 W ActivityManager: 	at android.os.BinderProxy.transact(Binder.java:615)
10-30 14:50:26.124   600  3509 W ActivityManager: 	at android.app.ApplicationThreadProxy.scheduleUnbindService(ApplicationThreadNative.java:1016)
10-30 14:50:26.124   600  3509 W ActivityManager: 	at com.android.server.am.ActiveServices.removeConnectionLocked(ActiveServices.java:2175)
10-30 14:50:26.124   600  3509 W ActivityManager: 	at com.android.server.am.ActiveServices.unbindServiceLocked(ActiveServices.java:1163)
10-30 14:50:26.124   600  3509 W ActivityManager: 	at com.android.server.am.ActivityManagerService.unbindService(ActivityManagerService.java:17309)
10-30 14:50:26.124   600  3509 W ActivityManager: 	at android.app.ActivityManagerNative.onTransact(ActivityManagerNative.java:1145)
10-30 14:50:26.124   600  3509 W ActivityManager: 	at com.android.server.am.ActivityManagerService.onTransact(ActivityManagerService.java:2795)
10-30 14:50:26.124   600  3509 W ActivityManager: 	at android.os.Binder.execTransact(Binder.java:565)
10-30 14:50:26.124   600  3509 E JavaBinder: !!! FAILED BINDER TRANSACTION !!!  (parcel size = 76)
10-30 14:50:26.124   600  3509 I ActivityManager: Killing 10204:com.android.chrome:sandboxed_process13/u0a35i510 (adj 902): isolated not needed
10-30 14:50:26.124   197   197 E lowmemorykiller: Error writing /proc/10223/oom_score_adj; errno=22
10-30 14:50:26.125   600  3509 E JavaBinder: !!! FAILED BINDER TRANSACTION !!!  (parcel size = 76)
10-30 14:50:26.126   197   197 E lowmemorykiller: Error writing /proc/10171/oom_score_adj; errno=22
10-30 14:50:26.126   600  9614 E JavaBinder: !!! FAILED BINDER TRANSACTION !!!  (parcel size = 76)
10-30 14:50:26.126   600  9614 E JavaBinder: !!! FAILED BINDER TRANSACTION !!!  (parcel size = 576)
10-30 14:50:26.127   600  9614 W ActivityManager: Exception when unbinding service com.android.chrome/org.chromium.content.app.SandboxedProcessService11
10-30 14:50:26.127   600  9614 W ActivityManager: android.os.DeadObjectException: Transaction failed on small parcel; remote process probably died
10-30 14:50:26.127   600  9614 W ActivityManager: 	at android.os.BinderProxy.transactNative(Native Method)
10-30 14:50:26.127   600  9614 W ActivityManager: 	at android.os.BinderProxy.transact(Binder.java:615)
10-30 14:50:26.127   600  9614 W ActivityManager: 	at android.app.ApplicationThreadProxy.scheduleUnbindService(ApplicationThreadNative.java:1016)
10-30 14:50:26.127   600  9614 W ActivityManager: 	at com.android.server.am.ActiveServices.removeConnectionLocked(ActiveServices.java:2175)
10-30 14:50:26.127   600  9614 W ActivityManager: 	at com.android.server.am.ActiveServices.unbindServiceLocked(ActiveServices.java:1163)
10-30 14:50:26.127   600  9614 W ActivityManager: 	at com.android.server.am.ActivityManagerService.unbindService(ActivityManagerService.java:17309)
10-30 14:50:26.127   600  9614 W ActivityManager: 	at android.app.ActivityManagerNative.onTransact(ActivityManagerNative.java:1145)
10-30 14:50:26.127   600  9614 W ActivityManager: 	at com.android.server.am.ActivityManagerService.onTransact(ActivityManagerService.java:2795)
10-30 14:50:26.127   600  9614 W ActivityManager: 	at android.os.Binder.execTransact(Binder.java:565)
10-30 14:50:26.127   600  9614 E JavaBinder: !!! FAILED BINDER TRANSACTION !!!  (parcel size = 76)
10-30 14:50:26.127   197   197 E lowmemorykiller: Error writing /proc/10171/oom_score_adj; errno=22
10-30 14:50:26.127   600  9614 I ActivityManager: Killing 10223:com.android.chrome:sandboxed_process15/u0a35i512 (adj 902): isolated not needed
10-30 14:50:26.127   197   197 E lowmemorykiller: Error writing /proc/10223/oom_score_adj; errno=22
10-30 14:50:26.127   600  9614 E JavaBinder: !!! FAILED BINDER TRANSACTION !!!  (parcel size = 76)
10-30 14:50:26.128   197   197 E lowmemorykiller: Error writing /proc/10209/oom_score_adj; errno=22
10-30 14:50:26.130   197   197 E lowmemorykiller: Error writing /proc/10151/oom_score_adj; errno=22
10-30 14:50:26.131   600  3507 E JavaBinder: !!! FAILED BINDER TRANSACTION !!!  (parcel size = 76)
10-30 14:50:26.131   600  3507 E JavaBinder: !!! FAILED BINDER TRANSACTION !!!  (parcel size = 572)
10-30 14:50:26.132   600  3507 W ActivityManager: Exception when unbinding service com.android.chrome/org.chromium.content.app.SandboxedProcessService9
10-30 14:50:26.132   600  3507 W ActivityManager: android.os.DeadObjectException: Transaction failed on small parcel; remote process probably died
10-30 14:50:26.132   600  3507 W ActivityManager: 	at android.os.BinderProxy.transactNative(Native Method)
10-30 14:50:26.132   600  3507 W ActivityManager: 	at android.os.BinderProxy.transact(Binder.java:615)
10-30 14:50:26.132   600  3507 W ActivityManager: 	at android.app.ApplicationThreadProxy.scheduleUnbindService(ApplicationThreadNative.java:1016)
10-30 14:50:26.132   600  3507 W ActivityManager: 	at com.android.server.am.ActiveServices.removeConnectionLocked(ActiveServices.java:2175)
10-30 14:50:26.132   600  3507 W ActivityManager: 	at com.android.server.am.ActiveServices.unbindServiceLocked(ActiveServices.java:1163)
10-30 14:50:26.132   600  3507 W ActivityManager: 	at com.android.server.am.ActivityManagerService.unbindService(ActivityManagerService.java:17309)
10-30 14:50:26.132   600  3507 W ActivityManager: 	at android.app.ActivityManagerNative.onTransact(ActivityManagerNative.java:1145)
10-30 14:50:26.132   600  3507 W ActivityManager: 	at com.android.server.am.ActivityManagerService.onTransact(ActivityManagerService.java:2795)
10-30 14:50:26.132   600  3507 W ActivityManager: 	at android.os.Binder.execTransact(Binder.java:565)
10-30 14:50:26.132   600  3507 E JavaBinder: !!! FAILED BINDER TRANSACTION !!!  (parcel size = 76)
10-30 14:50:26.133   197   197 E lowmemorykiller: Error writing /proc/10151/oom_score_adj; errno=22
10-30 14:50:26.137   600  3507 I ActivityManager: Killing 10209:com.android.chrome:sandboxed_process14/u0a35i511 (adj 0): isolated not needed
10-30 14:50:26.137   197   197 E lowmemorykiller: Error writing /proc/10171/oom_score_adj; errno=22
10-30 14:50:26.137   600  3507 I ActivityManager: Killing 10171:com.android.chrome:sandboxed_process11/u0a35i508 (adj 902): isolated not needed
10-30 14:50:26.137   600  3507 E JavaBinder: !!! FAILED BINDER TRANSACTION !!!  (parcel size = 76)
10-30 14:50:26.139   197   197 E lowmemorykiller: Error writing /proc/10238/oom_score_adj; errno=22
10-30 14:50:26.139   600 24515 E JavaBinder: !!! FAILED BINDER TRANSACTION !!!  (parcel size = 76)
10-30 14:50:26.140   600 24515 E JavaBinder: !!! FAILED BINDER TRANSACTION !!!  (parcel size = 576)
10-30 14:50:26.140   600 24515 W ActivityManager: Exception when unbinding service com.android.chrome/org.chromium.content.app.SandboxedProcessService16
10-30 14:50:26.140   600 24515 W ActivityManager: android.os.DeadObjectException: Transaction failed on small parcel; remote process probably died
10-30 14:50:26.140   600 24515 W ActivityManager: 	at android.os.BinderProxy.transactNative(Native Method)
10-30 14:50:26.140   600 24515 W ActivityManager: 	at android.os.BinderProxy.transact(Binder.java:615)
10-30 14:50:26.140   600 24515 W ActivityManager: 	at android.app.ApplicationThreadProxy.scheduleUnbindService(ApplicationThreadNative.java:1016)
10-30 14:50:26.140   600 24515 W ActivityManager: 	at com.android.server.am.ActiveServices.removeConnectionLocked(ActiveServices.java:2175)
10-30 14:50:26.140   600 24515 W ActivityManager: 	at com.android.server.am.ActiveServices.unbindServiceLocked(ActiveServices.java:1163)
10-30 14:50:26.140   600 24515 W ActivityManager: 	at com.android.server.am.ActivityManagerService.unbindService(ActivityManagerService.java:17309)
10-30 14:50:26.140   600 24515 W ActivityManager: 	at android.app.ActivityManagerNative.onTransact(ActivityManagerNative.java:1145)
10-30 14:50:26.140   600 24515 W ActivityManager: 	at com.android.server.am.ActivityManagerService.onTransact(ActivityManagerService.java:2795)
10-30 14:50:26.140   600 24515 W ActivityManager: 	at android.os.Binder.execTransact(Binder.java:565)
10-30 14:50:26.140   600 24515 E JavaBinder: !!! FAILED BINDER TRANSACTION !!!  (parcel size = 76)
10-30 14:50:26.141   197   197 E lowmemorykiller: Error writing /proc/10238/oom_score_adj; errno=22
10-30 14:50:26.141   600 24515 I ActivityManager: Killing 10151:com.android.chrome:sandboxed_process9/u0a35i506 (adj 900): isolated not needed
10-30 14:50:26.141   600 24515 E JavaBinder: !!! FAILED BINDER TRANSACTION !!!  (parcel size = 76)
10-30 14:50:26.171   600  1076 I ActivityManager: Killing 10238:com.android.chrome:sandboxed_process16/u0a35i513 (adj 900): isolated not needed
10-30 14:50:26.198 10270 10270 W boxed_process17: type=1400 audit(0.0:7605): avc: denied { getattr } for path="/data/data/com.android.chrome" dev="dm-2" ino=12190 scontext=u:r:isolated_app:s0:c512,c768 tcontext=u:object_r:app_data_file:s0:c512,c768 tclass=dir permissive=0
10-30 14:50:26.215 10311 10311 W boxed_process19: type=1400 audit(0.0:7606): avc: denied { getattr } for path="/data/data/com.android.chrome" dev="dm-2" ino=12190 scontext=u:r:isolated_app:s0:c512,c768 tcontext=u:object_r:app_data_file:s0:c512,c768 tclass=dir permissive=0
10-30 14:50:26.225 10296 10296 W boxed_process18: type=1400 audit(0.0:7607): avc: denied { getattr } for path="/data/data/com.android.chrome" dev="dm-2" ino=12190 scontext=u:r:isolated_app:s0:c512,c768 tcontext=u:object_r:app_data_file:s0:c512,c768 tclass=dir permissive=0
10-30 14:50:26.256  9993  9993 D ICU     : No timezone override file found: /data/misc/zoneinfo/current/icu/icu_tzdata.dat
10-30 14:50:26.274 10270 10270 I cr_ChildProcessService: Creating new ChildProcessService pid=10270
10-30 14:50:26.278 10324 10324 W boxed_process20: type=1400 audit(0.0:7608): avc: denied { getattr } for path="/data/data/com.android.chrome" dev="dm-2" ino=12190 scontext=u:r:isolated_app:s0:c512,c768 tcontext=u:object_r:app_data_file:s0:c512,c768 tclass=dir permissive=0
10-30 14:50:26.292 10311 10311 I cr_ChildProcessService: Creating new ChildProcessService pid=10311
10-30 14:50:26.360 10296 10296 I cr_ChildProcessService: Creating new ChildProcessService pid=10296
10-30 14:50:26.428 10324 10324 I cr_ChildProcessService: Creating new ChildProcessService pid=10324
10-30 14:50:26.493  9993  9993 I Radio-JNI: register_android_hardware_Radio DONE
10-30 14:50:26.505 10311 10349 I cr_LibraryLoader: Loaded native library version number "85.0.4183.127"
10-30 14:50:26.505 10311 10349 I cr_CachingUmaRecorder: Flushed 1 samples from 1 histograms.
10-30 14:50:26.516   600   609 I art     : Background partial concurrent mark sweep GC freed 45961(2MB) AllocSpace objects, 35(900KB) LOS objects, 33% free, 16MB/25MB, paused 13.721ms total 451.151ms
10-30 14:50:26.526 10270 10348 I cr_LibraryLoader: Loaded native library version number "85.0.4183.127"
10-30 14:50:26.526 10270 10348 I cr_CachingUmaRecorder: Flushed 1 samples from 1 histograms.
10-30 14:50:26.564 10296 10350 I cr_LibraryLoader: Loaded native library version number "85.0.4183.127"
10-30 14:50:26.578 10296 10350 I cr_CachingUmaRecorder: Flushed 1 samples from 1 histograms.
10-30 14:50:26.594  9860  9860 I FeedRequestManagerImpl: Request: /httpservice/noretry/DiscoverClankService/FeedQuery completed with response code: 200
10-30 14:50:26.595  9860  9860 I TaskQueue:  - task [IMMEDIATE - d: true, b: 2]: 15
10-30 14:50:26.595  9860  9860 I TaskQueue:  - queueTask starting immediate task
10-30 14:50:26.595  9860  9917 I TaskQueue: Execute task [IMMEDIATE - d: true, b: 2]: 15
10-30 14:50:26.596  9993  9993 D AndroidRuntime: Calling main entry com.android.commands.am.Am
10-30 14:50:26.605 10324 10356 I cr_LibraryLoader: Loaded native library version number "85.0.4183.127"
10-30 14:50:26.606 10324 10356 I cr_CachingUmaRecorder: Flushed 1 samples from 1 histograms.
10-30 14:50:26.623 10311 10349 I chromium: [INFO:child_process_service.cc(69)] ChildProcessService: Exiting child process.
10-30 14:50:26.623   197   197 E lowmemorykiller: Error writing /proc/10311/oom_score_adj; errno=22
10-30 14:50:26.666  9860  9917 I MainThreadRunner: Running task [FeedRequestManagerImpl consumer] on the Main Thread
10-30 14:50:26.666  9860  9917 I TaskQueue:  - Finished 15, time 71 ms
10-30 14:50:26.667  9860  9860 I FeedProtocolAdapter: createModel, operations 33
10-30 14:50:26.671 10270 10270 I cr_ChildProcessService: Destroying ChildProcessService pid=10270
10-30 14:50:26.674  9860  9860 I TimingUtils: Task Timing   5ms, thread ui | task : convertWireProtocol | mutations : 33
10-30 14:50:26.675 10270 10348 I chromium: [INFO:child_process_service.cc(69)] ChildProcessService: Exiting child process.
10-30 14:50:26.675  9860  9860 I TaskQueue:  - task [HEAD_RESET - d: true, b: 2]: 5
10-30 14:50:26.675  9860  9860 I TaskQueue:  - queueTask starting immediate task
10-30 14:50:26.675  9860  9917 I TaskQueue: Execute task [HEAD_RESET - d: true, b: 2]: 5
10-30 14:50:26.685  9860  9860 W chromium: [WARNING:compositor_view.cc(315)] Child process died (type=6) pid=10183)
10-30 14:50:26.686  9860  9917 I TaskQueue:  - task [BACKGROUND - d: true, b: 2]: 23
10-30 14:50:26.686  9860  9917 W SessionCache: Persisted Sessions were not found
10-30 14:50:26.688  9860  9860 W chromium: [WARNING:compositor_view.cc(315)] Child process died (type=6) pid=10238)
10-30 14:50:26.689  9860  9860 W chromium: [WARNING:compositor_view.cc(315)] Child process died (type=6) pid=10151)
10-30 14:50:26.689  9860  9860 W chromium: [WARNING:compositor_view.cc(315)] Child process died (type=6) pid=10209)
10-30 14:50:26.689  9860  9860 W chromium: [WARNING:compositor_view.cc(315)] Child process died (type=6) pid=10223)
10-30 14:50:26.690  9860  9917 I PersistentFeedStore: commitSessionMutation - Success true, Update Session $HEAD, stream structures 32
10-30 14:50:26.699  9860  9860 W chromium: [WARNING:compositor_view.cc(315)] Child process died (type=6) pid=10156)
10-30 14:50:26.700  9860  9860 W chromium: [WARNING:compositor_view.cc(315)] Child process died (type=6) pid=10204)
10-30 14:50:26.700  9860  9860 W chromium: [WARNING:compositor_view.cc(315)] Child process died (type=6) pid=10171)
10-30 14:50:26.700  9860  9917 I MainThreadRunner: Running task [SchedulerApiWrapper onReceiveNewContent] on the Main Thread
10-30 14:50:26.701  9860  9917 I MainThreadRunner: Running task [FeedKnownContentImpl onNewContentReceived] on the Main Thread
10-30 14:50:26.709  6173  6643 W Icing   : No valid account for uploading user actions
10-30 14:50:26.715  9860  9917 I SessionManagerMutation: Cleared Head, new creation time 10-30 14:50:26.686
10-30 14:50:26.715  9860  9917 I TimingUtils: Task Timing  39ms, thread background-1 | task : sessionMutation.commitTask:updateConsumer | mutations : 33 | userInitiated : false
10-30 14:50:26.715  9860  9917 I TaskQueue: Cancelling starvation checks
10-30 14:50:26.715  9860  9917 I TaskQueue:  - Finished 5, time 40 ms
10-30 14:50:26.716  9860  9917 I TaskQueue: Execute task [USER_FACING - d: false, b: 2]: 24
10-30 14:50:26.717 10296 10350 I chromium: [INFO:child_process_service.cc(69)] ChildProcessService: Exiting child process.
10-30 14:50:26.718   600  3509 D ActivityManager: cleanUpApplicationRecord -- 10209
10-30 14:50:26.718   600  3509 I ActivityManager: Killing 10270:com.android.chrome:sandboxed_process17/u0a35i514 (adj 0): isolated not needed
10-30 14:50:26.719   600  3509 I ActivityManager: Killing 10311:com.android.chrome:sandboxed_process19/u0a35i516 (adj 0): isolated not needed
10-30 14:50:26.719   600 13631 D ActivityManager: cleanUpApplicationRecord -- 10151
10-30 14:50:26.719   600  6312 D ActivityManager: cleanUpApplicationRecord -- 10238
10-30 14:50:26.726  9860  9917 I TimeoutSessionImpl: TimeoutSession.populateModelProvider, shouldAppend false
10-30 14:50:26.726  9860  9917 I SessionImpl: PopulateModelProvider 32 items
10-30 14:50:26.726  9860  9917 I FeedModelProvider: FeedModelProvider - committer, structure changes 31, update changes 0
10-30 14:50:26.726  9860  9917 I FeedModelProvider: SyntheticTokenTracker: 0, 11, 11, false
10-30 14:50:26.727  9860  9917 I FeedSessionManagerImpl: Caching getStreamFeatures - items 31, cache misses 0, cache size 31
10-30 14:50:26.727  9860  9917 I FeedModelProvider: Moving _session:9dd94e12-0e4e-4da0-a653-058f251479ed to READY
10-30 14:50:26.730   600  3675 D ActivityManager: cleanUpApplicationRecord -- 10183
10-30 14:50:26.731   600 29683 D ActivityManager: cleanUpApplicationRecord -- 10204
10-30 14:50:26.733   600  7064 D ActivityManager: cleanUpApplicationRecord -- 10156
10-30 14:50:26.733   600 17381 D ActivityManager: cleanUpApplicationRecord -- 10171
10-30 14:50:26.734   197   197 E lowmemorykiller: Error writing /proc/10296/oom_score_adj; errno=22
10-30 14:50:26.734  9860  9917 I MainThreadRunner: Running task [FeedModelProvider onSessionStart] on the Main Thread
10-30 14:50:26.734   600  3994 E JavaBinder: !!! FAILED BINDER TRANSACTION !!!  (parcel size = 76)
10-30 14:50:26.735   600  3994 E JavaBinder: !!! FAILED BINDER TRANSACTION !!!  (parcel size = 576)
10-30 14:50:26.735   600  3994 W ActivityManager: Exception when unbinding service com.android.chrome/org.chromium.content.app.SandboxedProcessService18
10-30 14:50:26.735   600  3994 W ActivityManager: android.os.DeadObjectException: Transaction failed on small parcel; remote process probably died
10-30 14:50:26.735   600  3994 W ActivityManager: 	at android.os.BinderProxy.transactNative(Native Method)
10-30 14:50:26.735   600  3994 W ActivityManager: 	at android.os.BinderProxy.transact(Binder.java:615)
10-30 14:50:26.735   600  3994 W ActivityManager: 	at android.app.ApplicationThreadProxy.scheduleUnbindService(ApplicationThreadNative.java:1016)
10-30 14:50:26.735   600  3994 W ActivityManager: 	at com.android.server.am.ActiveServices.removeConnectionLocked(ActiveServices.java:2175)
10-30 14:50:26.735   600  3994 W ActivityManager: 	at com.android.server.am.ActiveServices.unbindServiceLocked(ActiveServices.java:1163)
10-30 14:50:26.735   600  3994 W ActivityManager: 	at com.android.server.am.ActivityManagerService.unbindService(ActivityManagerService.java:17309)
10-30 14:50:26.735   600  3994 W ActivityManager: 	at android.app.ActivityManagerNative.onTransact(ActivityManagerNative.java:1145)
10-30 14:50:26.735   600  3994 W ActivityManager: 	at com.android.server.am.ActivityManagerService.onTransact(ActivityManagerService.java:2795)
10-30 14:50:26.735   600  3994 W ActivityManager: 	at android.os.Binder.execTransact(Binder.java:565)
10-30 14:50:26.735   600  3994 E JavaBinder: !!! FAILED BINDER TRANSACTION !!!  (parcel size = 76)
10-30 14:50:26.736   197   197 E lowmemorykiller: Error writing /proc/10296/oom_score_adj; errno=22
10-30 14:50:26.736   600  3994 E JavaBinder: !!! FAILED BINDER TRANSACTION !!!  (parcel size = 76)
10-30 14:50:26.737   600 16391 D ActivityManager: cleanUpApplicationRecord -- 10223
10-30 14:50:26.737   600 16391 I ActivityManager: Killing 10296:com.android.chrome:sandboxed_process18/u0a35i515 (adj 900): isolated not needed
10-30 14:50:26.745  9860  9860 I FeedModelProvider: No children found for Cursor
10-30 14:50:26.760  9860  9917 I FeedModelProvider: ModelProvider Mutation committed - structure changes 31, childrenToBind 31, removedChildren false, Token false
10-30 14:50:26.770   600  1082 I ActivityManager: START u0 {act=android.intent.action.VIEW dat=http://scientificamerican.com/... flg=0x10000000 cmp=com.android.chrome/com.google.android.apps.chrome.Main} from uid 2000 on display 0
10-30 14:50:26.772 10324 10356 I chromium: [INFO:child_process_service.cc(69)] ChildProcessService: Exiting child process.
10-30 14:50:26.773  9860  9917 I FeedSessionManagerImpl: Populate new session: _session:9dd94e12-0e4e-4da0-a653-058f251479ed, creation time 10-30 14:50:26.726
10-30 14:50:26.774  9860  9917 I TimingUtils: Task Timing  57ms, thread background-2 | task : Create/Populate New Session
10-30 14:50:26.774  9860  9917 I TaskQueue:  - Finished 24, time 59 ms
10-30 14:50:26.774  9860  9917 I TaskQueue: Execute task [BACKGROUND - d: false, b: 1]: 11
10-30 14:50:26.774  9860  9917 I ContentGc: Re-enqueuing triggerContentGc; attempts(0)
10-30 14:50:26.775  9860  9917 I TaskQueue:  - task [BACKGROUND - d: false, b: 1]: 11
10-30 14:50:26.775  9860  9917 I TaskQueue:  - Finished 11, time 0 ms
10-30 14:50:26.775  9860  9917 I TaskQueue: Execute task [BACKGROUND - d: false, b: 1]: 23
10-30 14:50:26.776   197   197 E lowmemorykiller: Error writing /proc/10324/oom_score_adj; errno=22
10-30 14:50:26.788 10257 10347 W dex2oat : Compilation of java.lang.String androidx.core.graphics.drawable.IconCompat.toString() took 126.939ms
10-30 14:50:26.796  9993  9993 D AndroidRuntime: Shutting down VM
10-30 14:50:26.810   600   611 I ActivityManager: Killing 10324:com.android.chrome:sandboxed_process20/u0a35i517 (adj 0): isolated not needed
10-30 14:50:26.819 10257 10257 I dex2oat : dex2oat took 1.172s (threads: 2) arena alloc=771KB (790272B) java alloc=65KB (67400B) native alloc=559KB (573112B) free=1488KB (1524040B)
10-30 14:50:26.843   600 29683 D ActivityManager: cleanUpApplicationRecord -- 10296
10-30 14:50:26.853  6173  6738 I Icing   : IndexChimeraService.getServiceInterface callingPackage=com.google.android.gms componentName=null serviceId=30
10-30 14:50:26.887   600  1076 D ActivityManager: cleanUpApplicationRecord -- 10324
10-30 14:50:26.912   600  1081 D ActivityManager: cleanUpApplicationRecord -- 10311
10-30 14:50:26.929  9860  9921 W chromium: [WARNING:spdy_session.cc(3090)] Received RST for invalid stream1
10-30 14:50:26.935   600 13631 D ActivityManager: cleanUpApplicationRecord -- 10270
10-30 14:50:26.939  9860  9860 W FrameAdapter: [] Slow Bind () time: 147944 ps
10-30 14:50:26.951  6173  6643 E native  : document-store.cc:1328 Failed to update per-doc-data with usage report
10-30 14:50:26.952  6173  6643 E native  : document-store.cc:1328 Failed to update per-doc-data with usage report
10-30 14:50:26.966  9860  9917 I TimingUtils: Task Timing 190ms, thread background-3 | task : commitContentMutation | mutations : 32
10-30 14:50:26.967  9860  9917 I TimingUtils: Task Timing   0ms, thread background-4 | task : commitSemanticPropertiesMutation | mutations : 0
10-30 14:50:26.967  9860  9917 I TaskQueue:  - Finished 23, time 192 ms
10-30 14:50:26.967  9860  9917 I TaskQueue: Execute task [BACKGROUND - d: false, b: 0]: 11
10-30 14:50:26.970  9860  9917 I SessionCache: Determining accessible content
10-30 14:50:26.973  9860  9917 I TimingUtils: Task Timing   5ms, thread background-5 | task : ContentGc | contentItemsRemoved : 0
10-30 14:50:26.973  9860  9917 I TaskQueue:  - Finished 11, time 6 ms
10-30 14:50:26.982  6173  6643 I Icing   : Usage reports ok 1, Failed Usage reports 2, indexed 0, rejected 0
10-30 14:50:26.982  6173  6643 I Icing   : Removing corpus key com.android.chrome-omnibox for package com.android.chrome
10-30 14:50:26.991  9860  9860 I MainThreadRunner: Running task [ContentDriver2] on the Main Thread with a delay of 500 milliseconds
10-30 14:50:27.004  9860  9860 W chromium: [WARNING:compositor_view.cc(315)] Child process died (type=6) pid=10296)
10-30 14:50:27.004  9860  9860 W chromium: [WARNING:compositor_view.cc(315)] Child process died (type=6) pid=10311)
10-30 14:50:27.005  9860  9860 W chromium: [WARNING:compositor_view.cc(315)] Child process died (type=6) pid=10324)
10-30 14:50:27.005  9860  9860 W chromium: [WARNING:compositor_view.cc(315)] Child process died (type=6) pid=10270)
10-30 14:50:27.059  9860  9860 E cr_IntentUtils: getInt failed on bundle null
10-30 14:50:27.081   600  9614 I ActivityManager: Start proc 10375:com.android.chrome:sandboxed_process21/u0i518 for service com.android.chrome/org.chromium.content.app.SandboxedProcessService21
10-30 14:50:27.126  9860  9860 I cr_tabmodel: Appending tabs being restored to metadata lists, 0, startingNormalCount: 2, startingIncognitoCount: 0
10-30 14:50:27.126  9860  9860 I cr_tabmodel: Serializing tab lists; counts: 2, 0
10-30 14:50:27.141 10375 10375 W boxed_process21: type=1400 audit(0.0:7609): avc: denied { getattr } for path="/data/data/com.android.chrome" dev="dm-2" ino=12190 scontext=u:r:isolated_app:s0:c512,c768 tcontext=u:object_r:app_data_file:s0:c512,c768 tclass=dir permissive=0
10-30 14:50:27.166 10375 10375 I cr_ChildProcessService: Creating new ChildProcessService pid=10375
10-30 14:50:27.213 10375 10389 I cr_LibraryLoader: Loaded native library version number "85.0.4183.127"
10-30 14:50:27.222 10375 10389 I cr_CachingUmaRecorder: Flushed 1 samples from 1 histograms.
10-30 14:50:27.477   600  1080 I ActivityManager: Start proc 10400:com.android.chrome:sandboxed_process22/u0i519 for service com.android.chrome/org.chromium.content.app.SandboxedProcessService22
10-30 14:50:27.500   600  2707 I ActivityManager: Start proc 10405:com.android.chrome:sandboxed_process23/u0i520 for service com.android.chrome/org.chromium.content.app.SandboxedProcessService23
10-30 14:50:27.524   600  6312 I ActivityManager: Start proc 10419:com.android.chrome:sandboxed_process24/u0i521 for service com.android.chrome/org.chromium.content.app.SandboxedProcessService24
10-30 14:50:27.551   600  3675 I ActivityManager: Start proc 10431:com.android.chrome:sandboxed_process25/u0i522 for service com.android.chrome/org.chromium.content.app.SandboxedProcessService25
10-30 14:50:27.615 10405 10405 W boxed_process23: type=1400 audit(0.0:7610): avc: denied { getattr } for path="/data/data/com.android.chrome" dev="dm-2" ino=12190 scontext=u:r:isolated_app:s0:c512,c768 tcontext=u:object_r:app_data_file:s0:c512,c768 tclass=dir permissive=0
10-30 14:50:27.638 10400 10400 W boxed_process22: type=1400 audit(0.0:7611): avc: denied { getattr } for path="/data/data/com.android.chrome" dev="dm-2" ino=12190 scontext=u:r:isolated_app:s0:c512,c768 tcontext=u:object_r:app_data_file:s0:c512,c768 tclass=dir permissive=0
10-30 14:50:27.691 10431 10431 W boxed_process25: type=1400 audit(0.0:7612): avc: denied { getattr } for path="/data/data/com.android.chrome" dev="dm-2" ino=12190 scontext=u:r:isolated_app:s0:c512,c768 tcontext=u:object_r:app_data_file:s0:c512,c768 tclass=dir permissive=0
10-30 14:50:27.699 10405 10405 I cr_ChildProcessService: Creating new ChildProcessService pid=10405
10-30 14:50:27.705 10419 10419 W boxed_process24: type=1400 audit(0.0:7613): avc: denied { getattr } for path="/data/data/com.android.chrome" dev="dm-2" ino=12190 scontext=u:r:isolated_app:s0:c512,c768 tcontext=u:object_r:app_data_file:s0:c512,c768 tclass=dir permissive=0
10-30 14:50:27.775 10400 10400 I cr_ChildProcessService: Creating new ChildProcessService pid=10400
10-30 14:50:27.780 10431 10431 I cr_ChildProcessService: Creating new ChildProcessService pid=10431
10-30 14:50:27.889 10419 10419 I cr_ChildProcessService: Creating new ChildProcessService pid=10419
10-30 14:50:27.979 10405 10453 I cr_LibraryLoader: Loaded native library version number "85.0.4183.127"
10-30 14:50:27.980 10405 10453 I cr_CachingUmaRecorder: Flushed 1 samples from 1 histograms.
10-30 14:50:28.000 10400 10455 I cr_LibraryLoader: Loaded native library version number "85.0.4183.127"
10-30 14:50:28.000 10400 10455 I cr_CachingUmaRecorder: Flushed 1 samples from 1 histograms.
10-30 14:50:28.056 10431 10456 I cr_LibraryLoader: Loaded native library version number "85.0.4183.127"
10-30 14:50:28.056 10431 10456 I cr_CachingUmaRecorder: Flushed 1 samples from 1 histograms.
10-30 14:50:28.157 10419 10457 I cr_LibraryLoader: Loaded native library version number "85.0.4183.127"
10-30 14:50:28.157 10419 10457 I cr_CachingUmaRecorder: Flushed 1 samples from 1 histograms.
10-30 14:50:28.172 10419 10442 I art     : Background sticky concurrent mark sweep GC freed 6979(309KB) AllocSpace objects, 0(0B) LOS objects, 37% free, 3MB/4MB, paused 12.257ms total 39.145ms
10-30 14:50:28.179 10400 10455 I chromium: [INFO:child_process_service.cc(69)] ChildProcessService: Exiting child process.
10-30 14:50:28.182   197   197 E lowmemorykiller: Error writing /proc/10400/oom_score_adj; errno=22
10-30 14:50:28.249 10419 10419 I cr_ChildProcessService: Destroying ChildProcessService pid=10419
10-30 14:50:28.272 10431 10431 I cr_ChildProcessService: Destroying ChildProcessService pid=10431
10-30 14:50:28.274 10431 10456 I chromium: [INFO:child_process_service.cc(69)] ChildProcessService: Exiting child process.
10-30 14:50:28.275 10419 10457 I chromium: [INFO:child_process_service.cc(69)] ChildProcessService: Exiting child process.
10-30 14:50:28.292   600   613 I ActivityManager: Killing 10431:com.android.chrome:sandboxed_process25/u0a35i522 (adj 0): isolated not needed
10-30 14:50:28.292   600   613 I ActivityManager: Killing 10419:com.android.chrome:sandboxed_process24/u0a35i521 (adj 0): isolated not needed
10-30 14:50:28.292   600   613 I ActivityManager: Killing 10400:com.android.chrome:sandboxed_process22/u0a35i519 (adj 0): isolated not needed
10-30 14:50:28.292   600   613 I ActivityManager: Killing 10405:com.android.chrome:sandboxed_process23/u0a35i520 (adj 0): isolated not needed
10-30 14:50:28.335   600  9614 D ActivityManager: cleanUpApplicationRecord -- 10431
10-30 14:50:28.363   600  6312 D ActivityManager: cleanUpApplicationRecord -- 10419
10-30 14:50:28.521  9860  9860 W chromium: [WARNING:compositor_view.cc(315)] Child process died (type=6) pid=10419)
10-30 14:50:28.536  9860  9860 W chromium: [WARNING:compositor_view.cc(315)] Child process died (type=6) pid=10431)
10-30 14:50:29.002   600  1082 D ActivityManager: cleanUpApplicationRecord -- 10400
10-30 14:50:29.019   600  1080 D ActivityManager: cleanUpApplicationRecord -- 10405
10-30 14:50:29.095  9860  9860 W chromium: [WARNING:compositor_view.cc(315)] Child process died (type=6) pid=10400)
10-30 14:50:29.096  9860  9860 W chromium: [WARNING:compositor_view.cc(315)] Child process died (type=6) pid=10405)
10-30 14:50:29.267  9860  9870 I art     : Background sticky concurrent mark sweep GC freed 143001(6MB) AllocSpace objects, 12(240KB) LOS objects, 21% free, 24MB/31MB, paused 1.758ms total 109.795ms
10-30 14:50:29.286  9860  9916 I cr_omaha: Request to Server Successful. Timestamp for next request:1667141429286
10-30 14:50:29.337  9860  9916 I cr_omaha: Request to Server Successful. Timestamp for next request:1667141429337
10-30 14:50:29.337  9860  9916 I cr_omaha: Attempting to schedule next job for: Sun Oct 30 19:50:28 GMT+01:00 2022
10-30 14:50:29.340  9860  9860 I cr_omaha: Scheduled using JobService
10-30 14:50:29.340  9860  9860 E cr_BkgrdTaskJS: Tried finishing non-current BackgroundTask.
10-30 14:50:29.795  9860  9860 E cr_BTSPrefs: No data found for task id: 53
10-30 14:50:29.795  9860  9860 E cr_BkgrdTaskScheduler: Task cannot be canceled because no data was found instorage or data was invalid
10-30 14:50:30.489  6173  6643 I native  : document-store.cc:1654 Scored 1848 usage reports, missing_corpora 982 update_failed 1
10-30 14:50:30.506   787   805 W Icing   : isOptedInForAppHistory: empty Account Name encountered
10-30 14:50:30.515   787   805 W Icing   : isOptedInForAppHistory: empty Account Name encountered
10-30 14:50:30.538   787  1261 W Icing   : isOptedInForAppHistory: empty Account Name encountered
10-30 14:50:30.571  6173  6643 W Icing   : No valid account for uploading user actions
10-30 14:50:30.884  6173  6643 I Icing   : Usage reports ok 1, Failed Usage reports 0, indexed 1, rejected 0
10-30 14:50:30.888  6173  6643 W Icing   : No valid account for uploading user actions
10-30 14:50:30.904  6173  6643 I Icing   : Usage reports ok 0, Failed Usage reports 0, indexed 0, rejected 0
10-30 14:50:30.904  6173  6643 I Icing   : Indexing com.android.chrome-omnibox from com.android.chrome
10-30 14:50:31.060  6173  6643 I Icing   : Indexing done com.android.chrome-omnibox
10-30 14:50:32.132  9860  9918 W InstanceID: Instance ID SDK is deprecated, com.android.chrome should update to use Firebase Instance ID
10-30 14:50:33.085  9860  9860 I cr_tabmodel: Appending tabs being restored to metadata lists, 0, startingNormalCount: 2, startingIncognitoCount: 0
10-30 14:50:33.085  9860  9860 I cr_tabmodel: Serializing tab lists; counts: 2, 0
10-30 14:50:34.088  9860  9860 E cr_BTSPrefs: No data found for task id: 57
10-30 14:50:34.089  9860  9860 E cr_BkgrdTaskScheduler: Task cannot be canceled because no data was found instorage or data was invalid
10-30 14:50:34.090  9860  9860 E cr_BTSPrefs: No data found for task id: 56
10-30 14:50:34.090  9860  9860 E cr_BkgrdTaskScheduler: Task cannot be canceled because no data was found instorage or data was invalid
10-30 14:50:40.277 10503 10503 D AndroidRuntime: >>>>>> START com.android.internal.os.RuntimeInit uid 2000 <<<<<<
10-30 14:50:40.281 10503 10503 D AndroidRuntime: CheckJNI is OFF
10-30 14:50:40.348 10503 10503 D ICU     : No timezone override file found: /data/misc/zoneinfo/current/icu/icu_tzdata.dat
10-30 14:50:40.381 10503 10503 I Radio-JNI: register_android_hardware_Radio DONE
10-30 14:50:40.396 10503 10503 D AndroidRuntime: Calling main entry com.android.commands.monkey.Monkey
10-30 14:50:40.466   600   613 W BroadcastQueue: Skipping deliver [background] BroadcastRecord{c2fc1c1 u-1 android.net.conn.CONNECTIVITY_CHANGE} to ReceiverList{9a47d66 10503 (unknown name)/2000/u-1 remote:5de2acb}: process crashing
10-30 14:50:41.742 10503 10503 D MonkeyStub: translateCommand: wake
10-30 14:50:41.864 10503 10503 D MonkeyStub: translateCommand: tap 1051 1856
10-30 14:50:46.606  9860  9860 I cr_tabmodel: Appending tabs being restored to metadata lists, 0, startingNormalCount: 2, startingIncognitoCount: 0
10-30 14:50:46.606  9860  9860 I cr_tabmodel: Serializing tab lists; counts: 2, 0
10-30 14:50:47.036  9860  9860 I cr_tabmodel: Appending tabs being restored to metadata lists, 0, startingNormalCount: 2, startingIncognitoCount: 0
10-30 14:50:47.036  9860  9860 I cr_tabmodel: Serializing tab lists; counts: 2, 0
10-30 14:50:52.012 10503 10503 D MonkeyStub: translateCommand: touch down 614 1561
10-30 14:50:52.031 10503 10503 D MonkeyStub: translateCommand: touch move 614 1561
10-30 14:50:52.141 10503 10503 D MonkeyStub: translateCommand: touch move 614 1436
10-30 14:50:52.261 10503 10503 D MonkeyStub: translateCommand: touch move 614 1311
10-30 14:50:52.374 10503 10503 D MonkeyStub: translateCommand: touch move 614 1186
10-30 14:50:52.486 10503 10503 D MonkeyStub: translateCommand: touch move 614 1061
10-30 14:50:52.596 10503 10503 D MonkeyStub: translateCommand: touch move 614 937
10-30 14:50:52.706 10503 10503 D MonkeyStub: translateCommand: touch move 614 812
10-30 14:50:52.816 10503 10503 D MonkeyStub: translateCommand: touch move 614 687
10-30 14:50:52.928 10503 10503 D MonkeyStub: translateCommand: touch move 614 562
10-30 14:50:53.036 10503 10503 D MonkeyStub: translateCommand: touch move 614 437
10-30 14:50:53.141 10503 10503 D MonkeyStub: translateCommand: touch move 614 312
10-30 14:50:53.148 10503 10503 D MonkeyStub: translateCommand: touch up 614 312
10-30 14:50:53.178 10503 10503 D MonkeyStub: translateCommand: touch down 614 1561
10-30 14:50:53.184 10503 10503 D MonkeyStub: translateCommand: touch move 614 1561
10-30 14:50:53.290 10503 10503 D MonkeyStub: translateCommand: touch move 614 1436
10-30 14:50:53.400 10503 10503 D MonkeyStub: translateCommand: touch move 614 1311
10-30 14:50:53.512 10503 10503 D MonkeyStub: translateCommand: touch move 614 1186
10-30 14:50:53.621 10503 10503 D MonkeyStub: translateCommand: touch move 614 1061
10-30 14:50:53.737 10503 10503 D MonkeyStub: translateCommand: touch move 614 937
10-30 14:50:53.845 10503 10503 D MonkeyStub: translateCommand: touch move 614 812
10-30 14:50:53.949 10503 10503 D MonkeyStub: translateCommand: touch move 614 687
10-30 14:50:54.058 10503 10503 D MonkeyStub: translateCommand: touch move 614 562
10-30 14:50:54.171 10503 10503 D MonkeyStub: translateCommand: touch move 614 437
10-30 14:50:54.283 10503 10503 D MonkeyStub: translateCommand: touch move 614 312
10-30 14:50:54.288 10503 10503 D MonkeyStub: translateCommand: touch up 614 312
10-30 14:50:56.529 10503 10503 D MonkeyStub: translateCommand: touch down 614 1561
10-30 14:50:56.545 10503 10503 D MonkeyStub: translateCommand: touch move 614 1561
10-30 14:50:56.665 10503 10503 D MonkeyStub: translateCommand: touch move 614 1436
10-30 14:50:56.775 10503 10503 D MonkeyStub: translateCommand: touch move 614 1311
10-30 14:50:56.888 10503 10503 D MonkeyStub: translateCommand: touch move 614 1186
10-30 14:50:56.998 10503 10503 D MonkeyStub: translateCommand: touch move 614 1061
10-30 14:50:57.111 10503 10503 D MonkeyStub: translateCommand: touch move 614 937
10-30 14:50:57.222 10503 10503 D MonkeyStub: translateCommand: touch move 614 812
10-30 14:50:57.353 10503 10503 D MonkeyStub: translateCommand: touch move 614 687
10-30 14:50:57.464 10503 10503 D MonkeyStub: translateCommand: touch move 614 562
10-30 14:50:57.570 10503 10503 D MonkeyStub: translateCommand: touch move 614 437
10-30 14:50:57.684 10503 10503 D MonkeyStub: translateCommand: touch move 614 312
10-30 14:50:57.688 10503 10503 D MonkeyStub: translateCommand: touch up 614 312
10-30 14:50:57.721 10503 10503 D MonkeyStub: translateCommand: touch down 614 1561
10-30 14:50:57.728 10503 10503 D MonkeyStub: translateCommand: touch move 614 1561
10-30 14:50:57.751  6173  6738 I Icing   : IndexChimeraService.getServiceInterface callingPackage=com.android.chrome componentName=null serviceId=36
10-30 14:50:57.761  6173  6643 W Icing   : No valid account for uploading user actions
10-30 14:50:57.779  6173  6738 I Icing   : IndexChimeraService.getServiceInterface callingPackage=com.google.android.gms componentName=null serviceId=30
10-30 14:50:57.795  6173  6643 I Icing   : Usage reports ok 0, Failed Usage reports 0, indexed 0, rejected 0
10-30 14:50:57.799  6173  6643 W Icing   : No valid account for uploading user actions
10-30 14:50:57.807  6173  6643 I Icing   : Usage reports ok 0, Failed Usage reports 0, indexed 0, rejected 0
10-30 14:50:57.809  6173  6643 I Icing   : Indexing com.android.chrome-omnibox from com.android.chrome
10-30 14:50:57.821  6173  6643 I Icing   : Indexing done com.android.chrome-omnibox
10-30 14:50:57.840 10503 10503 D MonkeyStub: translateCommand: touch move 614 1436
10-30 14:50:57.949 10503 10503 D MonkeyStub: translateCommand: touch move 614 1311
10-30 14:50:58.058 10503 10503 D MonkeyStub: translateCommand: touch move 614 1186
10-30 14:50:58.166 10503 10503 D MonkeyStub: translateCommand: touch move 614 1061
10-30 14:50:58.275 10503 10503 D MonkeyStub: translateCommand: touch move 614 937
10-30 14:50:58.380 10503 10503 D MonkeyStub: translateCommand: touch move 614 812
10-30 14:50:58.486 10503 10503 D MonkeyStub: translateCommand: touch move 614 687
10-30 14:50:58.594 10503 10503 D MonkeyStub: translateCommand: touch move 614 562
10-30 14:50:58.710 10503 10503 D MonkeyStub: translateCommand: touch move 614 437
10-30 14:50:58.814 10503 10503 D MonkeyStub: translateCommand: touch move 614 312
10-30 14:50:58.818 10503 10503 D MonkeyStub: translateCommand: touch up 614 312
10-30 14:50:58.845 10503 10503 D MonkeyStub: translateCommand: touch down 614 1561
10-30 14:50:58.853 10503 10503 D MonkeyStub: translateCommand: touch move 614 1561
10-30 14:50:58.958 10503 10503 D MonkeyStub: translateCommand: touch move 614 1436
10-30 14:50:59.067 10503 10503 D MonkeyStub: translateCommand: touch move 614 1311
10-30 14:50:59.175  9860  9860 I cr_tabmodel: Appending tabs being restored to metadata lists, 0, startingNormalCount: 2, startingIncognitoCount: 0
10-30 14:50:59.176  9860  9860 I cr_tabmodel: Serializing tab lists; counts: 2, 0
10-30 14:50:59.182 10503 10503 D MonkeyStub: translateCommand: touch move 614 1186
10-30 14:50:59.293 10503 10503 D MonkeyStub: translateCommand: touch move 614 1061
10-30 14:50:59.398 10503 10503 D MonkeyStub: translateCommand: touch move 614 937
10-30 14:50:59.507 10503 10503 D MonkeyStub: translateCommand: touch move 614 812
10-30 14:50:59.612 10503 10503 D MonkeyStub: translateCommand: touch move 614 687
10-30 14:50:59.718 10503 10503 D MonkeyStub: translateCommand: touch move 614 562
10-30 14:50:59.834 10503 10503 D MonkeyStub: translateCommand: touch move 614 437
10-30 14:50:59.945 10503 10503 D MonkeyStub: translateCommand: touch move 614 312
10-30 14:50:59.953 10503 10503 D MonkeyStub: translateCommand: touch up 614 312
10-30 14:51:00.081  9860  9860 I cr_tabmodel: Appending tabs being restored to metadata lists, 0, startingNormalCount: 2, startingIncognitoCount: 0
10-30 14:51:00.081  9860  9860 I cr_tabmodel: Serializing tab lists; counts: 2, 0
10-30 14:51:02.506  9860  9860 I cr_tabmodel: Appending tabs being restored to metadata lists, 0, startingNormalCount: 2, startingIncognitoCount: 0
10-30 14:51:02.506  9860  9860 I cr_tabmodel: Serializing tab lists; counts: 2, 0
10-30 14:51:02.683  9860  9860 I cr_tabmodel: Appending tabs being restored to metadata lists, 0, startingNormalCount: 2, startingIncognitoCount: 0
10-30 14:51:02.683  9860  9860 I cr_tabmodel: Serializing tab lists; counts: 2, 0
10-30 14:51:02.854  9860  9860 I cr_tabmodel: Appending tabs being restored to metadata lists, 0, startingNormalCount: 2, startingIncognitoCount: 0
10-30 14:51:02.855  9860  9860 I cr_tabmodel: Serializing tab lists; counts: 2, 0
10-30 14:51:02.898  9860  9860 I cr_tabmodel: Appending tabs being restored to metadata lists, 0, startingNormalCount: 2, startingIncognitoCount: 0
10-30 14:51:02.898  9860  9860 I cr_tabmodel: Serializing tab lists; counts: 2, 0
10-30 14:51:02.926  9860  9860 I cr_tabmodel: Appending tabs being restored to metadata lists, 0, startingNormalCount: 2, startingIncognitoCount: 0
10-30 14:51:02.926  9860  9860 I cr_tabmodel: Serializing tab lists; counts: 2, 0
10-30 14:51:02.969  9860  9860 I cr_tabmodel: Appending tabs being restored to metadata lists, 0, startingNormalCount: 2, startingIncognitoCount: 0
10-30 14:51:02.969  9860  9860 I cr_tabmodel: Serializing tab lists; counts: 2, 0
10-30 14:51:03.018  9860  9860 I cr_tabmodel: Appending tabs being restored to metadata lists, 0, startingNormalCount: 2, startingIncognitoCount: 0
10-30 14:51:03.018  9860  9860 I cr_tabmodel: Serializing tab lists; counts: 2, 0
10-30 14:51:03.048 10503 10503 D MonkeyStub: translateCommand: touch down 614 1561
10-30 14:51:03.058 10503 10503 D MonkeyStub: translateCommand: touch move 614 1561
10-30 14:51:03.061  9860  9860 I cr_tabmodel: Appending tabs being restored to metadata lists, 0, startingNormalCount: 2, startingIncognitoCount: 0
10-30 14:51:03.061  9860  9860 I cr_tabmodel: Serializing tab lists; counts: 2, 0
10-30 14:51:03.107  9860  9860 I cr_tabmodel: Appending tabs being restored to metadata lists, 0, startingNormalCount: 2, startingIncognitoCount: 0
10-30 14:51:03.107  9860  9860 I cr_tabmodel: Serializing tab lists; counts: 2, 0
10-30 14:51:03.169 10503 10503 D MonkeyStub: translateCommand: touch move 614 1436
10-30 14:51:03.192  9860  9860 I cr_tabmodel: Appending tabs being restored to metadata lists, 0, startingNormalCount: 2, startingIncognitoCount: 0
10-30 14:51:03.192  9860  9860 I cr_tabmodel: Serializing tab lists; counts: 2, 0
10-30 14:51:03.252  9860  9860 I cr_tabmodel: Appending tabs being restored to metadata lists, 0, startingNormalCount: 2, startingIncognitoCount: 0
10-30 14:51:03.252  9860  9860 I cr_tabmodel: Serializing tab lists; counts: 2, 0
10-30 14:51:03.281 10503 10503 D MonkeyStub: translateCommand: touch move 614 1311
10-30 14:51:03.284  9860  9860 I cr_tabmodel: Appending tabs being restored to metadata lists, 0, startingNormalCount: 2, startingIncognitoCount: 0
10-30 14:51:03.284  9860  9860 I cr_tabmodel: Serializing tab lists; counts: 2, 0
10-30 14:51:03.339  9860  9860 I cr_tabmodel: Appending tabs being restored to metadata lists, 0, startingNormalCount: 2, startingIncognitoCount: 0
10-30 14:51:03.339  9860  9860 I cr_tabmodel: Serializing tab lists; counts: 2, 0
10-30 14:51:03.368  9860  9860 I cr_tabmodel: Appending tabs being restored to metadata lists, 0, startingNormalCount: 2, startingIncognitoCount: 0
10-30 14:51:03.368  9860  9860 I cr_tabmodel: Serializing tab lists; counts: 2, 0
10-30 14:51:03.394  9860  9860 I cr_tabmodel: Appending tabs being restored to metadata lists, 0, startingNormalCount: 2, startingIncognitoCount: 0
10-30 14:51:03.394  9860  9860 I cr_tabmodel: Serializing tab lists; counts: 2, 0
10-30 14:51:03.399 10503 10503 D MonkeyStub: translateCommand: touch move 614 1186
10-30 14:51:03.433  9860  9860 I cr_tabmodel: Appending tabs being restored to metadata lists, 0, startingNormalCount: 2, startingIncognitoCount: 0
10-30 14:51:03.433  9860  9860 I cr_tabmodel: Serializing tab lists; counts: 2, 0
10-30 14:51:03.504 10503 10503 D MonkeyStub: translateCommand: touch move 614 1061
10-30 14:51:03.608 10503 10503 D MonkeyStub: translateCommand: touch move 614 937
10-30 14:51:03.714 10503 10503 D MonkeyStub: translateCommand: touch move 614 812
10-30 14:51:03.828 10503 10503 D MonkeyStub: translateCommand: touch move 614 687
10-30 14:51:03.938 10503 10503 D MonkeyStub: translateCommand: touch move 614 562
10-30 14:51:04.062 10503 10503 D MonkeyStub: translateCommand: touch move 614 437
10-30 14:51:04.179 10503 10503 D MonkeyStub: translateCommand: touch move 614 312
10-30 14:51:04.185 10503 10503 D MonkeyStub: translateCommand: touch up 614 312
10-30 14:51:04.210 10503 10503 D MonkeyStub: translateCommand: touch down 614 1561
10-30 14:51:04.218 10503 10503 D MonkeyStub: translateCommand: touch move 614 1561
10-30 14:51:04.327 10503 10503 D MonkeyStub: translateCommand: touch move 614 1436
10-30 14:51:04.405  9860  9860 I cr_tabmodel: Appending tabs being restored to metadata lists, 0, startingNormalCount: 2, startingIncognitoCount: 0
10-30 14:51:04.405  9860  9860 I cr_tabmodel: Serializing tab lists; counts: 2, 0
10-30 14:51:04.431 10503 10503 D MonkeyStub: translateCommand: touch move 614 1311
10-30 14:51:04.467  9860  9860 I cr_tabmodel: Appending tabs being restored to metadata lists, 0, startingNormalCount: 2, startingIncognitoCount: 0
10-30 14:51:04.467  9860  9860 I cr_tabmodel: Serializing tab lists; counts: 2, 0
10-30 14:51:04.545 10503 10503 D MonkeyStub: translateCommand: touch move 614 1186
10-30 14:51:04.654 10503 10503 D MonkeyStub: translateCommand: touch move 614 1061
10-30 14:51:04.765 10503 10503 D MonkeyStub: translateCommand: touch move 614 937
10-30 14:51:04.858   600  1082 I ActivityManager: Start proc 10557:com.android.chrome:sandboxed_process26/u0i523 for service com.android.chrome/org.chromium.content.app.SandboxedProcessService26
10-30 14:51:04.874 10503 10503 D MonkeyStub: translateCommand: touch move 614 812
10-30 14:51:04.931 10557 10557 W boxed_process26: type=1400 audit(0.0:7614): avc: denied { getattr } for path="/data/data/com.android.chrome" dev="dm-2" ino=12190 scontext=u:r:isolated_app:s0:c512,c768 tcontext=u:object_r:app_data_file:s0:c512,c768 tclass=dir permissive=0
10-30 14:51:04.983 10503 10503 D MonkeyStub: translateCommand: touch move 614 687
10-30 14:51:04.992 10557 10557 I cr_ChildProcessService: Creating new ChildProcessService pid=10557
10-30 14:51:05.097 10503 10503 D MonkeyStub: translateCommand: touch move 614 562
10-30 14:51:05.185 10557 10570 I cr_LibraryLoader: Loaded native library version number "85.0.4183.127"
10-30 14:51:05.186 10557 10570 I cr_CachingUmaRecorder: Flushed 1 samples from 1 histograms.
10-30 14:51:05.202 10503 10503 D MonkeyStub: translateCommand: touch move 614 437
10-30 14:51:05.278 10570 10570 W CrUtilityMain: type=1400 audit(0.0:7615): avc: denied { setattr } for name="LICENSE.txt" dev="dm-2" ino=39015 scontext=u:r:isolated_app:s0:c512,c768 tcontext=u:object_r:app_data_file:s0:c512,c768 tclass=file permissive=0
10-30 14:51:05.281 10570 10570 W CrUtilityMain: type=1400 audit(0.0:7616): avc: denied { setattr } for name=46696C746572696E672052756C6573 dev="dm-2" ino=39254 scontext=u:r:isolated_app:s0:c512,c768 tcontext=u:object_r:app_data_file:s0:c512,c768 tclass=file permissive=0
10-30 14:51:05.288 10570 10570 W CrUtilityMain: type=1400 audit(0.0:7617): avc: denied { setattr } for name="manifest.json" dev="dm-2" ino=39186 scontext=u:r:isolated_app:s0:c512,c768 tcontext=u:object_r:app_data_file:s0:c512,c768 tclass=file permissive=0
