10-30 14:51:05.291 10570 10570 W CrUtilityMain: type=1400 audit(0.0:7618): avc: denied { setattr } for name="verified_contents.json" dev="dm-2" ino=42899 scontext=u:r:isolated_app:s0:c512,c768 tcontext=u:object_r:app_data_file:s0:c512,c768 tclass=file permissive=0
10-30 14:51:05.310 10503 10503 D MonkeyStub: translateCommand: touch move 614 312
10-30 14:51:05.317 10503 10503 D MonkeyStub: translateCommand: touch up 614 312
10-30 14:51:05.325 10557 10557 I cr_ChildProcessService: Destroying ChildProcessService pid=10557
10-30 14:51:05.475 10557 10570 I chromium: [INFO:child_process_service.cc(69)] ChildProcessService: Exiting child process.
10-30 14:51:05.629   600 13557 I ActivityManager: Process com.android.chrome:sandboxed_process26 (pid 10557) has died
10-30 14:51:05.629   600 13557 D ActivityManager: cleanUpApplicationRecord -- 10557
10-30 14:51:05.631  9860  9860 W chromium: [WARNING:compositor_view.cc(315)] Child process died (type=6) pid=10557)
10-30 14:51:05.887   600  3675 I ActivityManager: Start proc 10576:com.android.chrome:sandboxed_process27/u0i524 for service com.android.chrome/org.chromium.content.app.SandboxedProcessService27
10-30 14:51:05.965 10576 10576 W boxed_process27: type=1400 audit(0.0:7619): avc: denied { getattr } for path="/data/data/com.android.chrome" dev="dm-2" ino=12190 scontext=u:r:isolated_app:s0:c512,c768 tcontext=u:object_r:app_data_file:s0:c512,c768 tclass=dir permissive=0
10-30 14:51:05.997 10576 10576 I cr_ChildProcessService: Creating new ChildProcessService pid=10576
10-30 14:51:06.073 10576 10592 I cr_LibraryLoader: Loaded native library version number "85.0.4183.127"
10-30 14:51:06.074 10576 10592 I cr_CachingUmaRecorder: Flushed 1 samples from 1 histograms.
10-30 14:51:06.115 10592 10592 W CrUtilityMain: type=1400 audit(0.0:7620): avc: denied { setattr } for name="tl_en-us_2022-10-17_483521407_100000_index.bin" dev="dm-2" ino=49701 scontext=u:r:isolated_app:s0:c512,c768 tcontext=u:object_r:app_data_file:s0:c512,c768 tclass=file permissive=0
10-30 14:51:06.115 10592 10592 W CrUtilityMain: type=1400 audit(0.0:7621): avc: denied { setattr } for name="manifest.json" dev="dm-2" ino=49940 scontext=u:r:isolated_app:s0:c512,c768 tcontext=u:object_r:app_data_file:s0:c512,c768 tclass=file permissive=0
10-30 14:51:06.118 10592 10592 W CrUtilityMain: type=1400 audit(0.0:7622): avc: denied { setattr } for name="verified_contents.json" dev="dm-2" ino=49730 scontext=u:r:isolated_app:s0:c512,c768 tcontext=u:object_r:app_data_file:s0:c512,c768 tclass=file permissive=0
10-30 14:51:06.130 10576 10592 I chromium: [INFO:child_process_service.cc(69)] ChildProcessService: Exiting child process.
10-30 14:51:06.137   197   197 E lowmemorykiller: Error writing /proc/10576/oom_score_adj; errno=22
10-30 14:51:06.183   600   611 I ActivityManager: Process com.android.chrome:sandboxed_process27 (pid 10576) has died
10-30 14:51:06.183   600   611 D ActivityManager: cleanUpApplicationRecord -- 10576
10-30 14:51:06.184  9860  9860 W chromium: [WARNING:compositor_view.cc(315)] Child process died (type=6) pid=10576)
10-30 14:51:06.264   198   198 E SELinux : avc:  denied  { find } for service=netd pid=10591 uid=2000 scontext=u:r:shell:s0 tcontext=u:object_r:netd_service:s0 tclass=service_manager permissive=0
10-30 14:51:06.270   198   198 E SELinux : avc:  denied  { find } for service=android.service.gatekeeper.IGateKeeperService pid=10591 uid=2000 scontext=u:r:shell:s0 tcontext=u:object_r:gatekeeper_service:s0 tclass=service_manager permissive=0
10-30 14:51:07.006   600   713 I ActivityManager: Start proc 10596:com.android.chrome:sandboxed_process28/u0i525 for service com.android.chrome/org.chromium.content.app.SandboxedProcessService28
10-30 14:51:07.078 10596 10596 W boxed_process28: type=1400 audit(0.0:7623): avc: denied { getattr } for path="/data/data/com.android.chrome" dev="dm-2" ino=12190 scontext=u:r:isolated_app:s0:c512,c768 tcontext=u:object_r:app_data_file:s0:c512,c768 tclass=dir permissive=0
10-30 14:51:07.116 10596 10596 I cr_ChildProcessService: Creating new ChildProcessService pid=10596
10-30 14:51:07.175 10596 10609 I cr_LibraryLoader: Loaded native library version number "85.0.4183.127"
10-30 14:51:07.175 10596 10609 I cr_CachingUmaRecorder: Flushed 1 samples from 1 histograms.
10-30 14:51:07.198 10609 10609 W CrUtilityMain: type=1400 audit(0.0:7624): avc: denied { setattr } for name="optimization-hints.pb" dev="dm-2" ino=50282 scontext=u:r:isolated_app:s0:c512,c768 tcontext=u:object_r:app_data_file:s0:c512,c768 tclass=file permissive=0
10-30 14:51:07.198 10609 10609 W CrUtilityMain: type=1400 audit(0.0:7625): avc: denied { setattr } for name="manifest.json" dev="dm-2" ino=50208 scontext=u:r:isolated_app:s0:c512,c768 tcontext=u:object_r:app_data_file:s0:c512,c768 tclass=file permissive=0
10-30 14:51:07.198 10609 10609 W CrUtilityMain: type=1400 audit(0.0:7626): avc: denied { setattr } for name="verified_contents.json" dev="dm-2" ino=50753 scontext=u:r:isolated_app:s0:c512,c768 tcontext=u:object_r:app_data_file:s0:c512,c768 tclass=file permissive=0
10-30 14:51:07.207 10596 10596 I cr_ChildProcessService: Destroying ChildProcessService pid=10596
10-30 14:51:07.207 10596 10609 I chromium: [INFO:child_process_service.cc(69)] ChildProcessService: Exiting child process.
10-30 14:51:07.248   600   707 I ActivityManager: Process com.android.chrome:sandboxed_process28 (pid 10596) has died
10-30 14:51:07.248   600   707 D ActivityManager: cleanUpApplicationRecord -- 10596
10-30 14:51:07.259  9860  9860 W chromium: [WARNING:compositor_view.cc(315)] Child process died (type=6) pid=10596)
10-30 14:51:07.362 10503 10503 D MonkeyStub: translateCommand: touch down 614 1561
10-30 14:51:07.367 10503 10503 D MonkeyStub: translateCommand: touch move 614 1561
10-30 14:51:07.475 10503 10503 D MonkeyStub: translateCommand: touch move 614 1436
10-30 14:51:07.578 10503 10503 D MonkeyStub: translateCommand: touch move 614 1311
10-30 14:51:07.686 10503 10503 D MonkeyStub: translateCommand: touch move 614 1186
10-30 14:51:07.797 10503 10503 D MonkeyStub: translateCommand: touch move 614 1061
10-30 14:51:07.907 10503 10503 D MonkeyStub: translateCommand: touch move 614 937
10-30 14:51:08.033 10503 10503 D MonkeyStub: translateCommand: touch move 614 812
10-30 14:51:08.136 10503 10503 D MonkeyStub: translateCommand: touch move 614 687
10-30 14:51:08.244 10503 10503 D MonkeyStub: translateCommand: touch move 614 562
10-30 14:51:08.353 10503 10503 D MonkeyStub: translateCommand: touch move 614 437
10-30 14:51:08.373   600 29683 I ActivityManager: Start proc 10615:com.android.chrome:sandboxed_process29/u0i526 for service com.android.chrome/org.chromium.content.app.SandboxedProcessService29
10-30 14:51:08.438 10615 10615 W boxed_process29: type=1400 audit(0.0:7627): avc: denied { getattr } for path="/data/data/com.android.chrome" dev="dm-2" ino=12190 scontext=u:r:isolated_app:s0:c512,c768 tcontext=u:object_r:app_data_file:s0:c512,c768 tclass=dir permissive=0
10-30 14:51:08.462 10503 10503 D MonkeyStub: translateCommand: touch move 614 312
10-30 14:51:08.470 10615 10615 I cr_ChildProcessService: Creating new ChildProcessService pid=10615
10-30 14:51:08.473 10503 10503 D MonkeyStub: translateCommand: touch up 614 312
10-30 14:51:08.553 10615 10628 I cr_LibraryLoader: Loaded native library version number "85.0.4183.127"
10-30 14:51:08.554 10615 10628 I cr_CachingUmaRecorder: Flushed 1 samples from 1 histograms.
10-30 14:51:08.588 10628 10628 W CrUtilityMain: type=1400 audit(0.0:7628): avc: denied { setattr } for name="crl-set" dev="dm-2" ino=51876 scontext=u:r:isolated_app:s0:c512,c768 tcontext=u:object_r:app_data_file:s0:c512,c768 tclass=file permissive=0
10-30 14:51:08.591 10628 10628 W CrUtilityMain: type=1400 audit(0.0:7629): avc: denied { setattr } for name="manifest.json" dev="dm-2" ino=52248 scontext=u:r:isolated_app:s0:c512,c768 tcontext=u:object_r:app_data_file:s0:c512,c768 tclass=file permissive=0
10-30 14:51:08.591 10628 10628 W CrUtilityMain: type=1400 audit(0.0:7630): avc: denied { setattr } for name="LICENSE" dev="dm-2" ino=52199 scontext=u:r:isolated_app:s0:c512,c768 tcontext=u:object_r:app_data_file:s0:c512,c768 tclass=file permissive=0
10-30 14:51:08.595 10628 10628 W CrUtilityMain: type=1400 audit(0.0:7631): avc: denied { setattr } for name="verified_contents.json" dev="dm-2" ino=52534 scontext=u:r:isolated_app:s0:c512,c768 tcontext=u:object_r:app_data_file:s0:c512,c768 tclass=file permissive=0
10-30 14:51:08.605 10615 10628 I chromium: [INFO:child_process_service.cc(69)] ChildProcessService: Exiting child process.
10-30 14:51:08.608   197   197 E lowmemorykiller: Error writing /proc/10615/oom_score_adj; errno=22
10-30 14:51:08.629   600 17381 I ActivityManager: Process com.android.chrome:sandboxed_process29 (pid 10615) has died
10-30 14:51:08.629   600 17381 D ActivityManager: cleanUpApplicationRecord -- 10615
10-30 14:51:08.630  9860  9860 W chromium: [WARNING:compositor_view.cc(315)] Child process died (type=6) pid=10615)
10-30 14:51:09.408  9860  9860 I cr_tabmodel: Appending tabs being restored to metadata lists, 0, startingNormalCount: 2, startingIncognitoCount: 0
10-30 14:51:09.408  9860  9860 I cr_tabmodel: Serializing tab lists; counts: 2, 0
10-30 14:51:09.468  9860  9860 I cr_tabmodel: Appending tabs being restored to metadata lists, 0, startingNormalCount: 2, startingIncognitoCount: 0
10-30 14:51:09.468  9860  9860 I cr_tabmodel: Serializing tab lists; counts: 2, 0
10-30 14:51:10.053   600 13631 I ActivityManager: Start proc 10633:com.android.chrome:sandboxed_process30/u0i527 for service com.android.chrome/org.chromium.content.app.SandboxedProcessService30
10-30 14:51:10.108 10633 10633 W boxed_process30: type=1400 audit(0.0:7632): avc: denied { getattr } for path="/data/data/com.android.chrome" dev="dm-2" ino=12190 scontext=u:r:isolated_app:s0:c512,c768 tcontext=u:object_r:app_data_file:s0:c512,c768 tclass=dir permissive=0
10-30 14:51:10.142 10633 10633 I cr_ChildProcessService: Creating new ChildProcessService pid=10633
10-30 14:51:10.216 10633 10647 I cr_LibraryLoader: Loaded native library version number "85.0.4183.127"
10-30 14:51:10.217 10633 10647 I cr_CachingUmaRecorder: Flushed 1 samples from 1 histograms.
10-30 14:51:10.245 10647 10647 W CrUtilityMain: type=1400 audit(0.0:7633): avc: denied { setattr } for name="manifest.json" dev="dm-2" ino=56851 scontext=u:r:isolated_app:s0:c512,c768 tcontext=u:object_r:app_data_file:s0:c512,c768 tclass=file permissive=0
10-30 14:51:10.251 10647 10647 W CrUtilityMain: type=1400 audit(0.0:7634): avc: denied { setattr } for name="verified_contents.json" dev="dm-2" ino=56866 scontext=u:r:isolated_app:s0:c512,c768 tcontext=u:object_r:app_data_file:s0:c512,c768 tclass=file permissive=0
10-30 14:51:10.262 10633 10647 I chromium: [INFO:child_process_service.cc(69)] ChildProcessService: Exiting child process.
10-30 14:51:10.265   197   197 E lowmemorykiller: Error writing /proc/10633/oom_score_adj; errno=22
10-30 14:51:10.282   600  6312 I ActivityManager: Process com.android.chrome:sandboxed_process30 (pid 10633) has died
10-30 14:51:10.282   600  6312 D ActivityManager: cleanUpApplicationRecord -- 10633
10-30 14:51:10.283  9860  9860 W chromium: [WARNING:compositor_view.cc(315)] Child process died (type=6) pid=10633)
10-30 14:51:10.424  9860  9860 I cr_tabmodel: Appending tabs being restored to metadata lists, 0, startingNormalCount: 2, startingIncognitoCount: 0
10-30 14:51:10.424  9860  9860 I cr_tabmodel: Serializing tab lists; counts: 2, 0
10-30 14:51:10.491  9860  9860 I cr_tabmodel: Appending tabs being restored to metadata lists, 0, startingNormalCount: 2, startingIncognitoCount: 0
10-30 14:51:10.491  9860  9860 I cr_tabmodel: Serializing tab lists; counts: 2, 0
10-30 14:51:10.830  6173  6183 I art     : Background sticky concurrent mark sweep GC freed 23002(1393KB) AllocSpace objects, 0(0B) LOS objects, 17% free, 7MB/9MB, paused 7.534ms total 33.928ms
10-30 14:51:11.542 10503 10503 D MonkeyStub: translateCommand: tap 720 1220
10-30 14:51:11.982  9860  9870 I art     : Background sticky concurrent mark sweep GC freed 102788(4MB) AllocSpace objects, 10(196KB) LOS objects, 13% free, 27MB/31MB, paused 1.490ms total 103.936ms
10-30 14:51:11.983   787  1258 E AsyncOperation: serviceID=121, operation=GetLaunchDataOperation [CONTEXT service_id=259 ]
10-30 14:51:11.983   787  1258 E AsyncOperation: OperationException[Status{statusCode=Not an instant app, resolution=null}]
10-30 14:51:11.983   787  1258 E AsyncOperation: 	at aeay.a(:com.google.android.gms@203915020@20.39.15 (040406-335085812):20)
10-30 14:51:11.983   787  1258 E AsyncOperation: 	at aain.run(:com.google.android.gms@203915020@20.39.15 (040406-335085812):7)
10-30 14:51:11.983   787  1258 E AsyncOperation: 	at boex.run(:com.google.android.gms@203915020@20.39.15 (040406-335085812):2)
10-30 14:51:11.983   787  1258 E AsyncOperation: 	at sup.b(:com.google.android.gms@203915020@20.39.15 (040406-335085812):12)
10-30 14:51:11.983   787  1258 E AsyncOperation: 	at sup.run(:com.google.android.gms@203915020@20.39.15 (040406-335085812):7)
10-30 14:51:11.983   787  1258 E AsyncOperation: 	at java.util.concurrent.ThreadPoolExecutor.runWorker(ThreadPoolExecutor.java:1133)
10-30 14:51:11.983   787  1258 E AsyncOperation: 	at java.util.concurrent.ThreadPoolExecutor$Worker.run(ThreadPoolExecutor.java:607)
10-30 14:51:11.983   787  1258 E AsyncOperation: 	at tam.run(:com.google.android.gms@203915020@20.39.15 (040406-335085812):0)
10-30 14:51:11.983   787  1258 E AsyncOperation: 	at java.lang.Thread.run(Thread.java:761)
10-30 14:51:12.037   600   609 I art     : Background partial concurrent mark sweep GC freed 52289(2MB) AllocSpace objects, 15(380KB) LOS objects, 33% free, 16MB/24MB, paused 750us total 204.813ms
10-30 14:51:12.135   600 13558 I ActivityManager: Start proc 10651:com.android.chrome:sandboxed_process31/u0i528 for service com.android.chrome/org.chromium.content.app.SandboxedProcessService31
10-30 14:51:12.171 10651 10651 W boxed_process31: type=1400 audit(0.0:7635): avc: denied { getattr } for path="/data/data/com.android.chrome" dev="dm-2" ino=12190 scontext=u:r:isolated_app:s0:c512,c768 tcontext=u:object_r:app_data_file:s0:c512,c768 tclass=dir permissive=0
10-30 14:51:12.207 10651 10651 I cr_ChildProcessService: Creating new ChildProcessService pid=10651
10-30 14:51:12.254 10651 10664 I cr_LibraryLoader: Loaded native library version number "85.0.4183.127"
10-30 14:51:12.254 10651 10664 I cr_CachingUmaRecorder: Flushed 1 samples from 1 histograms.
10-30 14:51:12.278 10664 10664 W CrUtilityMain: type=1400 audit(0.0:7636): avc: denied { setattr } for name="download_file_types.pb" dev="dm-2" ino=57956 scontext=u:r:isolated_app:s0:c512,c768 tcontext=u:object_r:app_data_file:s0:c512,c768 tclass=file permissive=0
10-30 14:51:12.281 10664 10664 W CrUtilityMain: type=1400 audit(0.0:7637): avc: denied { setattr } for name="manifest.json" dev="dm-2" ino=57807 scontext=u:r:isolated_app:s0:c512,c768 tcontext=u:object_r:app_data_file:s0:c512,c768 tclass=file permissive=0
10-30 14:51:12.285 10664 10664 W CrUtilityMain: type=1400 audit(0.0:7638): avc: denied { setattr } for name="verified_contents.json" dev="dm-2" ino=57891 scontext=u:r:isolated_app:s0:c512,c768 tcontext=u:object_r:app_data_file:s0:c512,c768 tclass=file permissive=0
10-30 14:51:12.292 10651 10664 I chromium: [INFO:child_process_service.cc(69)] ChildProcessService: Exiting child process.
10-30 14:51:12.472   600  9614 I ActivityManager: Process com.android.chrome:sandboxed_process31 (pid 10651) has died
10-30 14:51:12.472   600  9614 D ActivityManager: cleanUpApplicationRecord -- 10651
10-30 14:51:12.481  9860  9860 W chromium: [WARNING:compositor_view.cc(315)] Child process died (type=6) pid=10651)
10-30 14:51:13.864  9860  9860 V MediaRouter: Adding route: RouteInfo{ name=Tablet, description=null, status=null, category=RouteCategory{ name=null types=ROUTE_TYPE_LIVE_AUDIO ROUTE_TYPE_LIVE_VIDEO  groupable=false }, supportedTypes=ROUTE_TYPE_LIVE_AUDIO ROUTE_TYPE_LIVE_VIDEO , presentationDisplay=null }
10-30 14:51:13.873  9860  9860 V MediaRouter: Updating audio routes: AudioRoutesInfo{ type=SPEAKER }
10-30 14:51:13.874  9860  9860 V MediaRouter: Selecting route: RouteInfo{ name=Tablet, description=null, status=null, category=RouteCategory{ name=null types=ROUTE_TYPE_LIVE_AUDIO ROUTE_TYPE_LIVE_VIDEO  groupable=false }, supportedTypes=ROUTE_TYPE_LIVE_AUDIO ROUTE_TYPE_LIVE_VIDEO , presentationDisplay=null }
10-30 14:51:13.888  9860  9860 I MediaRouter: Found default route: MediaRouter.RouteInfo{ uniqueId=android/Qf:DEFAULT_ROUTE, name=Tablet, description=null, iconUri=null, enabled=true, connecting=false, connectionState=0, canDisconnect=false, playbackType=0, playbackStream=3, deviceType=0, volumeHandling=1, volume=0, volumeMax=15, presentationDisplayId=-1, extras=null, settingsIntent=null, providerPackageName=android }
10-30 14:51:13.889  9860  9860 I MediaRouter: Unselecting the current route because it is no longer selectable: null
10-30 14:51:13.903  9860  9860 V MediaRouter: Selecting route: RouteInfo{ name=Tablet, description=null, status=null, category=RouteCategory{ name=null types=ROUTE_TYPE_LIVE_AUDIO ROUTE_TYPE_LIVE_VIDEO  groupable=false }, supportedTypes=ROUTE_TYPE_LIVE_AUDIO ROUTE_TYPE_LIVE_VIDEO , presentationDisplay=null }
10-30 14:51:14.166   787  1245 W Icing   : isOptedInForAppHistory: empty Account Name encountered
10-30 14:51:14.179   787  1245 W Icing   : isOptedInForAppHistory: empty Account Name encountered
10-30 14:51:14.200   787  5771 W Icing   : isOptedInForAppHistory: empty Account Name encountered
10-30 14:51:14.373   600  3994 I ActivityManager: Start proc 10672:com.android.chrome:sandboxed_process32/u0i529 for service com.android.chrome/org.chromium.content.app.SandboxedProcessService32
10-30 14:51:14.425 10672 10672 W boxed_process32: type=1400 audit(0.0:7639): avc: denied { getattr } for path="/data/data/com.android.chrome" dev="dm-2" ino=12190 scontext=u:r:isolated_app:s0:c512,c768 tcontext=u:object_r:app_data_file:s0:c512,c768 tclass=dir permissive=0
10-30 14:51:14.459 10672 10672 I cr_ChildProcessService: Creating new ChildProcessService pid=10672
10-30 14:51:14.519 10672 10686 I cr_LibraryLoader: Loaded native library version number "85.0.4183.127"
10-30 14:51:14.519 10672 10686 I cr_CachingUmaRecorder: Flushed 1 samples from 1 histograms.
10-30 14:51:14.545 10686 10686 W CrUtilityMain: type=1400 audit(0.0:7640): avc: denied { setattr } for name="ssl_error_assistant.pb" dev="dm-2" ino=58279 scontext=u:r:isolated_app:s0:c512,c768 tcontext=u:object_r:app_data_file:s0:c512,c768 tclass=file permissive=0
10-30 14:51:14.548 10686 10686 W CrUtilityMain: type=1400 audit(0.0:7641): avc: denied { setattr } for name="manifest.json" dev="dm-2" ino=58592 scontext=u:r:isolated_app:s0:c512,c768 tcontext=u:object_r:app_data_file:s0:c512,c768 tclass=file permissive=0
10-30 14:51:14.548 10686 10686 W CrUtilityMain: type=1400 audit(0.0:7642): avc: denied { setattr } for name="verified_contents.json" dev="dm-2" ino=58648 scontext=u:r:isolated_app:s0:c512,c768 tcontext=u:object_r:app_data_file:s0:c512,c768 tclass=file permissive=0
10-30 14:51:14.556 10672 10672 I cr_ChildProcessService: Destroying ChildProcessService pid=10672
10-30 14:51:14.556 10672 10686 I chromium: [INFO:child_process_service.cc(69)] ChildProcessService: Exiting child process.
10-30 14:51:14.575   600 17381 I ActivityManager: Process com.android.chrome:sandboxed_process32 (pid 10672) has died
10-30 14:51:14.576   600 17381 D ActivityManager: cleanUpApplicationRecord -- 10672
10-30 14:51:14.576  9860  9860 W chromium: [WARNING:compositor_view.cc(315)] Child process died (type=6) pid=10672)
10-30 14:51:15.108  9923  9946 W VideoCapabilities: Unrecognized level 0 for video/x-vnd.on2.vp8
10-30 14:51:15.132  9923  9946 I VideoCapabilities: Unsupported profile 4 for video/mp4v-es
10-30 14:51:15.146  9923  9946 W cr_MediaCodecUtil: HW encoder for video/avc is not available on this device.
10-30 14:51:15.169  9923 10690 W VideoCapabilities: Unrecognized level 0 for video/x-vnd.on2.vp8
10-30 14:51:15.187  9923 10690 I VideoCapabilities: Unsupported profile 4 for video/mp4v-es
10-30 14:51:16.097   600   647 I WifiHAL : Got channel list with 13 channels
10-30 14:51:16.098   600   647 I WifiHAL : Got channel list with 4 channels
10-30 14:51:16.099   600   647 I WifiHAL : Got channel list with 15 channels
10-30 14:51:16.102  6173  6173 I DiscoveryManager: WifiGuestModeDeviceScanner enabled.
10-30 14:51:16.124  6173  6833 I CastDatabase: Opening the database
10-30 14:51:16.225  6173  6833 I SQLiteCastStore: 2 CastNetworkInfo instances loaded, 1 CastDeviceInfo instances loaded, 0 paired guest mode devices loaded.
10-30 14:51:16.225  6173  6833 I DiscoveryManager: Filter criteria(37F83649) scannerFlags(0)
10-30 14:51:16.228  6173  6833 I CastDatabase: CastDeviceInfo created: V_4517a143-146e-47a2-af83-9bd91c8f66b5
10-30 14:51:16.228  6173  6833 W GuestModeDeviceProber: setFilterCriteria
10-30 14:51:16.236  6173  6833 E DeviceScanner: [BLE] Failed to start scan because the Bluetooth is disabled.
10-30 14:51:16.237  6173  6833 W DatabaseProcessor: processLocalDevices: failed to get the network info with non-null bssid.
10-30 14:51:16.238  6173  6833 W DatabaseProcessor: processLocalDevices: failed to get the network info with non-null bssid.
10-30 14:51:16.240  6173  6833 E DeviceScanner: [BLE] Failed to start scan because the Bluetooth is disabled.
10-30 14:51:16.241  6173  6833 W DatabaseProcessor: processLocalDevices: failed to get the network info with non-null bssid.
10-30 14:51:16.241  6173  6833 W DatabaseProcessor: processLocalDevices: failed to get the network info with non-null bssid.
10-30 14:51:16.700  9923  9945 I cr_MediaCodecBridge: create MediaCodec video decoder, mime video/avc
10-30 14:51:16.704   246   246 I MediaPlayerService: MediaPlayerService::getOMX
10-30 14:51:16.705  9923 10695 I OMXClient: MuxOMX ctor
10-30 14:51:16.706   243   263 I OMXMaster: makeComponentInstance(OMX.Nvidia.h264.decode) in mediacodec process
10-30 14:51:16.711  9923 10694 I MediaCodec: MediaCodec will operate in async mode
10-30 14:51:16.719  9923 10694 I MediaCodec: [OMX.Nvidia.h264.decode] setting surface generation to 10161153
10-30 14:51:16.722   243  2208 E OMXNodeInstance: getConfig(f300ab:Nvidia.h264.decode, ConfigCommonOutputCrop(0x700000f)) ERROR: BadParameter(0x80001005)
10-30 14:51:16.731  9923 10695 D SurfaceUtils: set up nativeWindow 0xd1f4b008 for 2526x1000, color 0x106, rotation 0, usage 0x2b00
10-30 14:51:16.733   243 10696 D NvOsDebugPrintf: NvMMLiteOpen : Block : BlockType = 261 
10-30 14:51:16.733   243 10696 D NvOsDebugPrintf: TVMR: NvMMLiteTVMRDecBlockOpen: 5008: NvMMLiteBlockOpen 
10-30 14:51:16.741   243 10696 D NvOsDebugPrintf: NvMMLiteBlockCreate : Block : BlockType = 261 
10-30 14:51:16.755   243 10698 D NvOsDebugPrintf: TVMR: cbBeginSequence: 655: BeginSequence  2528x1008, bVPR = 0
10-30 14:51:16.755   243 10698 D NvOsDebugPrintf: TVMR: cbBeginSequence: 918: DecodeBuffers = 12 
10-30 14:51:16.772   243 10698 D NvOsDebugPrintf: TVMR: cbBeginSequence: 938: Display Resolution : (2526x1000) 
10-30 14:51:16.772   243 10698 D NvOsDebugPrintf: TVMR: cbBeginSequence: 939: Display Aspect Ratio : (2526x1000) 
10-30 14:51:16.772   243 10698 D NvOsDebugPrintf: TVMR: cbBeginSequence: 1041: SurfaceLayout = 3
10-30 14:51:16.772   243 10698 D NvOsDebugPrintf: TVMR: cbBeginSequence: 1071: NumOfSurfaces = 16, InteraceStream = 0, InterlaceEnabled = 0, bSecure = 0, MVC = 0 Semiplanar = 1, bReinit = 1 
10-30 14:51:16.772   243 10698 D NvOsDebugPrintf: Allocating new output: 2528x1008 (x 18), ThumbnailMode = 0
10-30 14:51:16.776  9923 10695 D SurfaceUtils: set up nativeWindow 0xd1f4b008 for 2528x1008, color 0x106, rotation 0, usage 0x2b00
10-30 14:51:16.776   243   951 E OMXNodeInstance: setParameter(f300ab:Nvidia.h264.decode, ParamPortDefinition(0x2000001)) ERROR: UnsupportedSetting(0x80001019)
10-30 14:51:16.777  9923 10695 W ACodec  : [OMX.Nvidia.h264.decode] setting nBufferCountActual to 23 failed: -1010
10-30 14:51:16.777   243   951 E OMXNodeInstance: setParameter(f300ab:Nvidia.h264.decode, ParamPortDefinition(0x2000001)) ERROR: UnsupportedSetting(0x80001019)
10-30 14:51:16.777  9923 10695 W ACodec  : [OMX.Nvidia.h264.decode] setting nBufferCountActual to 22 failed: -1010
10-30 14:51:16.777   243   952 E OMXNodeInstance: setParameter(f300ab:Nvidia.h264.decode, ParamPortDefinition(0x2000001)) ERROR: UnsupportedSetting(0x80001019)
10-30 14:51:16.777  9923 10695 W ACodec  : [OMX.Nvidia.h264.decode] setting nBufferCountActual to 21 failed: -1010
10-30 14:51:17.224   600 13558 I ActivityManager: Start proc 10700:com.android.chrome:sandboxed_process33/u0i530 for service com.android.chrome/org.chromium.content.app.SandboxedProcessService33
10-30 14:51:17.272   197   197 E lowmemorykiller: Error writing /proc/6040/oom_score_adj; errno=22
10-30 14:51:17.272   197   197 E lowmemorykiller: Error writing /proc/6004/oom_score_adj; errno=22
10-30 14:51:17.305 10700 10700 W boxed_process33: type=1400 audit(0.0:7643): avc: denied { getattr } for path="/data/data/com.android.chrome" dev="dm-2" ino=12190 scontext=u:r:isolated_app:s0:c512,c768 tcontext=u:object_r:app_data_file:s0:c512,c768 tclass=dir permissive=0
10-30 14:51:17.342 10700 10700 I cr_ChildProcessService: Creating new ChildProcessService pid=10700
10-30 14:51:17.435   600 27731 I ActivityManager: Process com.android.documentsui (pid 6040) has died
10-30 14:51:17.435   600 27731 D ActivityManager: cleanUpApplicationRecord -- 6040
10-30 14:51:17.436   197   197 E lowmemorykiller: Error writing /proc/6004/oom_score_adj; errno=22
10-30 14:51:17.442  9860  9894 I cr_BindingManager: onTrimMemory: level=10, size=1
10-30 14:51:17.442  9860  9894 I cr_BindingManager: Reduce connections from 1 to 0
10-30 14:51:17.461   600 13631 I ActivityManager: Process com.android.defcontainer (pid 6004) has died
10-30 14:51:17.461   600 13631 D ActivityManager: cleanUpApplicationRecord -- 6004
10-30 14:51:17.464 10700 10713 I cr_LibraryLoader: Loaded native library version number "85.0.4183.127"
10-30 14:51:17.464 10700 10713 I cr_CachingUmaRecorder: Flushed 1 samples from 1 histograms.
10-30 14:51:17.491 10713 10713 W CrUtilityMain: type=1400 audit(0.0:7644): avc: denied { setattr } for name="safety_tips.pb" dev="dm-2" ino=59492 scontext=u:r:isolated_app:s0:c512,c768 tcontext=u:object_r:app_data_file:s0:c512,c768 tclass=file permissive=0
10-30 14:51:17.491 10713 10713 W CrUtilityMain: type=1400 audit(0.0:7645): avc: denied { setattr } for name="manifest.json" dev="dm-2" ino=59511 scontext=u:r:isolated_app:s0:c512,c768 tcontext=u:object_r:app_data_file:s0:c512,c768 tclass=file permissive=0
10-30 14:51:17.495 10713 10713 W CrUtilityMain: type=1400 audit(0.0:7646): avc: denied { setattr } for name="verified_contents.json" dev="dm-2" ino=59534 scontext=u:r:isolated_app:s0:c512,c768 tcontext=u:object_r:app_data_file:s0:c512,c768 tclass=file permissive=0
10-30 14:51:17.519 10700 10713 I chromium: [INFO:child_process_service.cc(69)] ChildProcessService: Exiting child process.
10-30 14:51:17.542   600 24611 I ActivityManager: Process com.android.chrome:sandboxed_process33 (pid 10700) has died
10-30 14:51:17.542   600 24611 D ActivityManager: cleanUpApplicationRecord -- 10700
10-30 14:51:17.544  9860  9860 W chromium: [WARNING:compositor_view.cc(315)] Child process died (type=6) pid=10700)
10-30 14:51:19.240  6173  6833 W AdaptiveDiscoveryWorker: Exiting Adaptive Discovery. Current NetworkInfo is NULL.
10-30 14:51:19.428  6173  6833 W DatabaseProcessor: processLocalDevices: failed to get the network info with non-null bssid.
10-30 14:51:20.523   600  3507 I ActivityManager: Start proc 10719:com.android.chrome:sandboxed_process34/u0i531 for service com.android.chrome/org.chromium.content.app.SandboxedProcessService34
10-30 14:51:20.688 10719 10719 W boxed_process34: type=1400 audit(0.0:7647): avc: denied { getattr } for path="/data/data/com.android.chrome" dev="dm-2" ino=12190 scontext=u:r:isolated_app:s0:c512,c768 tcontext=u:object_r:app_data_file:s0:c512,c768 tclass=dir permissive=0
10-30 14:51:20.719 10719 10719 I cr_ChildProcessService: Creating new ChildProcessService pid=10719
10-30 14:51:20.809 10719 10733 I cr_LibraryLoader: Loaded native library version number "85.0.4183.127"
10-30 14:51:20.809 10719 10733 I cr_CachingUmaRecorder: Flushed 1 samples from 1 histograms.
10-30 14:51:20.838 10733 10733 W CrUtilityMain: type=1400 audit(0.0:7648): avc: denied { setattr } for name=5072656C6F61642044617461 dev="dm-2" ino=60010 scontext=u:r:isolated_app:s0:c512,c768 tcontext=u:object_r:app_data_file:s0:c512,c768 tclass=file permissive=0
10-30 14:51:20.841 10733 10733 W CrUtilityMain: type=1400 audit(0.0:7649): avc: denied { setattr } for name="manifest.json" dev="dm-2" ino=59607 scontext=u:r:isolated_app:s0:c512,c768 tcontext=u:object_r:app_data_file:s0:c512,c768 tclass=file permissive=0
10-30 14:51:20.845 10733 10733 W CrUtilityMain: type=1400 audit(0.0:7650): avc: denied { setattr } for name="verified_contents.json" dev="dm-2" ino=60107 scontext=u:r:isolated_app:s0:c512,c768 tcontext=u:object_r:app_data_file:s0:c512,c768 tclass=file permissive=0
10-30 14:51:20.857 10719 10733 I chromium: [INFO:child_process_service.cc(69)] ChildProcessService: Exiting child process.
10-30 14:51:20.860   197   197 E lowmemorykiller: Error writing /proc/10719/oom_score_adj; errno=22
10-30 14:51:20.903  9860  9860 W chromium: [WARNING:compositor_view.cc(315)] Child process died (type=6) pid=10719)
10-30 14:51:20.903   600  3675 I ActivityManager: Process com.android.chrome:sandboxed_process34 (pid 10719) has died
10-30 14:51:20.903   600  3675 D ActivityManager: cleanUpApplicationRecord -- 10719
10-30 14:51:21.587 10503 10503 D MonkeyStub: translateCommand: touch down 614 1561
10-30 14:51:21.602 10503 10503 D MonkeyStub: translateCommand: touch move 614 1561
10-30 14:51:21.710 10503 10503 D MonkeyStub: translateCommand: touch move 614 1436
10-30 14:51:21.820 10503 10503 D MonkeyStub: translateCommand: touch move 614 1311
10-30 14:51:21.925 10503 10503 D MonkeyStub: translateCommand: touch move 614 1186
10-30 14:51:22.030 10503 10503 D MonkeyStub: translateCommand: touch move 614 1061
10-30 14:51:22.134 10503 10503 D MonkeyStub: translateCommand: touch move 614 937
10-30 14:51:22.239 10503 10503 D MonkeyStub: translateCommand: touch move 614 812
10-30 14:51:22.345 10503 10503 D MonkeyStub: translateCommand: touch move 614 687
10-30 14:51:22.466 10503 10503 D MonkeyStub: translateCommand: touch move 614 562
10-30 14:51:22.572 10503 10503 D MonkeyStub: translateCommand: touch move 614 437
10-30 14:51:22.678 10503 10503 D MonkeyStub: translateCommand: touch move 614 312
10-30 14:51:22.685 10503 10503 D MonkeyStub: translateCommand: touch up 614 312
10-30 14:51:24.280   600 17381 I ActivityManager: Start proc 10738:com.android.chrome:sandboxed_process35/u0i532 for service com.android.chrome/org.chromium.content.app.SandboxedProcessService35
10-30 14:51:24.365 10738 10738 W boxed_process35: type=1400 audit(0.0:7651): avc: denied { getattr } for path="/data/data/com.android.chrome" dev="dm-2" ino=12190 scontext=u:r:isolated_app:s0:c512,c768 tcontext=u:object_r:app_data_file:s0:c512,c768 tclass=dir permissive=0
10-30 14:51:24.411 10738 10738 I cr_ChildProcessService: Creating new ChildProcessService pid=10738
10-30 14:51:24.482 10738 10751 I cr_LibraryLoader: Loaded native library version number "85.0.4183.127"
10-30 14:51:24.483 10738 10751 I cr_CachingUmaRecorder: Flushed 1 samples from 1 histograms.
10-30 14:51:24.505 10751 10751 W CrUtilityMain: type=1400 audit(0.0:7652): avc: denied { setattr } for name="tls_deprecation_config.pb" dev="dm-2" ino=58112 scontext=u:r:isolated_app:s0:c512,c768 tcontext=u:object_r:app_data_file:s0:c512,c768 tclass=file permissive=0
10-30 14:51:24.505 10751 10751 W CrUtilityMain: type=1400 audit(0.0:7653): avc: denied { setattr } for name="manifest.json" dev="dm-2" ino=51274 scontext=u:r:isolated_app:s0:c512,c768 tcontext=u:object_r:app_data_file:s0:c512,c768 tclass=file permissive=0
10-30 14:51:24.508 10751 10751 W CrUtilityMain: type=1400 audit(0.0:7654): avc: denied { setattr } for name="verified_contents.json" dev="dm-2" ino=49848 scontext=u:r:isolated_app:s0:c512,c768 tcontext=u:object_r:app_data_file:s0:c512,c768 tclass=file permissive=0
10-30 14:51:24.516 10738 10738 I cr_ChildProcessService: Destroying ChildProcessService pid=10738
10-30 14:51:24.519 10738 10738 I art     : System.exit called, status: 0
10-30 14:51:24.519 10738 10738 I AndroidRuntime: VM exiting with result code 0, cleanup skipped.
10-30 14:51:24.549   600  1080 I ActivityManager: Process com.android.chrome:sandboxed_process35 (pid 10738) has died
10-30 14:51:24.549   600  1080 D ActivityManager: cleanUpApplicationRecord -- 10738
10-30 14:51:24.557  9860  9860 W chromium: [WARNING:compositor_view.cc(315)] Child process died (type=6) pid=10738)
10-30 14:51:27.011 10503 10503 D MonkeyStub: translateCommand: touch down 614 1561
10-30 14:51:27.018 10503 10503 D MonkeyStub: translateCommand: touch move 614 1561
10-30 14:51:27.132 10503 10503 D MonkeyStub: translateCommand: touch move 614 1436
10-30 14:51:27.258   600   609 I art     : Background partial concurrent mark sweep GC freed 79302(4MB) AllocSpace objects, 20(496KB) LOS objects, 33% free, 16MB/24MB, paused 1.247ms total 189.901ms
10-30 14:51:27.367 10503 10503 D MonkeyStub: translateCommand: touch move 614 1311
10-30 14:51:27.500 10503 10503 D MonkeyStub: translateCommand: touch move 614 1186
10-30 14:51:27.608 10503 10503 D MonkeyStub: translateCommand: touch move 614 1061
10-30 14:51:27.720 10503 10503 D MonkeyStub: translateCommand: touch move 614 937
10-30 14:51:27.827 10503 10503 D MonkeyStub: translateCommand: touch move 614 812
10-30 14:51:27.940 10503 10503 D MonkeyStub: translateCommand: touch move 614 687
10-30 14:51:28.047 10503 10503 D MonkeyStub: translateCommand: touch move 614 562
10-30 14:51:28.154 10503 10503 D MonkeyStub: translateCommand: touch move 614 437
10-30 14:51:28.259 10503 10503 D MonkeyStub: translateCommand: touch move 614 312
10-30 14:51:28.318 10503 10503 D MonkeyStub: translateCommand: touch up 614 312
10-30 14:51:28.329 10503 10503 D MonkeyStub: Quit requested
10-30 14:51:28.346   600   614 I CwMcuSensor: CwMcuSensor::flush: fd = 240, sensors_id = 0, path = /sys/class/htc_sensorhub/sensor_hub/flush, err = 0
10-30 14:51:28.371 10503 10503 I art     : System.exit called, status: 134
10-30 14:51:28.371 10503 10503 I AndroidRuntime: VM exiting with result code 134.
10-30 14:51:28.432   600  3675 W WindowManager: Attempted to remove non-existing token: android.os.Binder@c22a8a7
10-30 14:51:43.152  6173  6738 I Icing   : IndexChimeraService.getServiceInterface callingPackage=com.android.chrome componentName=null serviceId=36
10-30 14:51:43.185  6173  6643 W Icing   : No valid account for uploading user actions
10-30 14:51:43.219  6173  6657 I Icing   : IndexChimeraService.getServiceInterface callingPackage=com.google.android.gms componentName=null serviceId=30
10-30 14:51:43.384  6173  6643 I Icing   : Usage reports ok 1, Failed Usage reports 0, indexed 1, rejected 0
10-30 14:51:43.405  6173  6643 W Icing   : No valid account for uploading user actions
10-30 14:51:43.445  6173  6643 I Icing   : Usage reports ok 0, Failed Usage reports 0, indexed 0, rejected 0
10-30 14:51:43.448  6173  6643 I Icing   : Indexing com.android.chrome-omnibox from com.android.chrome
10-30 14:51:43.548  6173  6643 I Icing   : Indexing done com.android.chrome-omnibox
10-30 14:51:43.582  9860  9860 I cr_tabmodel: Appending tabs being restored to metadata lists, 0, startingNormalCount: 2, startingIncognitoCount: 0
10-30 14:51:43.582  9860  9860 I cr_tabmodel: Serializing tab lists; counts: 2, 0
10-30 14:51:44.462  9860  9860 I cr_tabmodel: Appending tabs being restored to metadata lists, 0, startingNormalCount: 2, startingIncognitoCount: 0
10-30 14:51:44.462  9860  9860 I cr_tabmodel: Serializing tab lists; counts: 2, 0
10-30 14:51:44.484   787 28592 W Icing   : isOptedInForAppHistory: empty Account Name encountered
10-30 14:51:44.596   787  5771 W Icing   : isOptedInForAppHistory: empty Account Name encountered
10-30 14:51:44.760  9860  9860 I cr_tabmodel: Appending tabs being restored to metadata lists, 0, startingNormalCount: 2, startingIncognitoCount: 0
10-30 14:51:44.760  9860  9860 I cr_tabmodel: Serializing tab lists; counts: 2, 0
10-30 14:51:44.997 10782 10782 D AndroidRuntime: >>>>>> START com.android.internal.os.RuntimeInit uid 2000 <<<<<<
10-30 14:51:45.004 10782 10782 D AndroidRuntime: CheckJNI is OFF
10-30 14:51:45.177 10782 10782 D ICU     : No timezone override file found: /data/misc/zoneinfo/current/icu/icu_tzdata.dat
10-30 14:51:45.284 10782 10782 I Radio-JNI: register_android_hardware_Radio DONE
10-30 14:51:45.376 10782 10782 D AndroidRuntime: Calling main entry com.android.commands.am.Am
10-30 14:51:45.414   600  1082 I ActivityManager: Force stopping com.android.chrome appid=10035 user=0: from pid 10782
10-30 14:51:45.414   600  1082 I ActivityManager: Killing 9923:com.android.chrome:privileged_process0/u0a35 (adj 0): stop com.android.chrome
10-30 14:51:45.414   600  1082 D ActivityManager: cleanUpApplicationRecord -- 9923
10-30 14:51:45.414   600  1082 W ActivityManager: Scheduling restart of crashed service com.android.chrome/org.chromium.content.app.PrivilegedProcessService0 in 1000ms
10-30 14:51:45.419   600  1082 I ActivityManager: Killing 9860:com.android.chrome/u0a35 (adj 0): stop com.android.chrome
10-30 14:51:45.420   600  1082 D ActivityManager: cleanUpApplicationRecord -- 9860
10-30 14:51:45.432   600  1082 I ActivityManager: Killing 10375:com.android.chrome:sandboxed_process21/u0a35i518 (adj 0): isolated not needed
10-30 14:51:45.438   600  1082 W ActivityManager: Force removing ActivityRecord{6ff2553 u0 com.android.chrome/com.google.android.apps.chrome.Main t1778}: app died, no saved state
10-30 14:51:45.448   600  1082 I ActivityManager: Killing 9895:com.android.chrome:sandboxed_process0/u0a35i497 (adj 0): isolated not needed
10-30 14:51:45.453 10782 10782 D AndroidRuntime: Shutting down VM
10-30 14:51:45.455   243   952 E OMXNodeInstance: !!! Observer died. Quickly, do something, ... anything...
10-30 14:51:45.498  1084  1171 I OpenGLRenderer: Initialized EGL, version 1.4
10-30 14:51:45.498  1084  1171 D OpenGLRenderer: Swap behavior 2
10-30 14:51:45.519  5940  5940 I MemoryTrimmer: Trimming objects from memory, since app is in the background.
10-30 14:51:45.527  1061  1061 D RegisteredNfcFServicesCache: Service unchanged, not updating
10-30 14:51:45.559   243 10699 D NvOsDebugPrintf: TVMR: TVMRFrameDelivery: 3741: Closing TVMR Frame Delivery Thread -------------
10-30 14:51:45.563   243 10696 D NvOsDebugPrintf: TVMR: NvMMDecTVMRDestroyParser: 4224: NvAvpClose
10-30 14:51:45.572   243 10696 D NvOsDebugPrintf: TVMR: NvMMLiteTVMRDecBlockClose: 5163: Done 
10-30 14:51:45.611  5940  5951 I AttachedClient: Adding client event 2 to pending list.
10-30 14:51:45.641  5940  5940 I OptInState: There is a new client and it does not support opt-in. Dropping request.
10-30 14:51:45.643  5940  5940 I MicroDetectionWorker: Micro detection mode: [mDetectionMode: [1]].
10-30 14:51:45.672  5940 10797 I MicroRecognitionRunner: Starting detection.
10-30 14:51:45.698  5940  5972 I MicrophoneInputStream: mic_starting com.google.android.apps.gsa.speech.audio.ae@375a515
10-30 14:51:45.702   238 10799 I AudioFlinger: AudioFlinger's thread 0xef692780 ready to run
10-30 14:51:45.708   238   285 I SoundTriggerHwService::Module: void android::SoundTriggerHwService::Module::onCallbackEvent(const sp<android::SoundTriggerHwService::CallbackEvent> &) mClient == 0
10-30 14:51:45.710  5940  5972 I MicrophoneInputStream: mic_started com.google.android.apps.gsa.speech.audio.ae@375a515
10-30 14:51:45.799   600 24515 D ActivityManager: cleanUpApplicationRecord -- 10375
10-30 14:51:45.810   600   610 D ConnectivityService: ConnectivityService NetworkRequestInfo binderDied(NetworkRequest [ LISTEN id=1055, [ Capabilities: INTERNET&NOT_RESTRICTED&TRUSTED&FOREGROUND] ], android.os.BinderProxy@290f9b8)
10-30 14:51:45.810   600   610 D ConnectivityService: ConnectivityService NetworkRequestInfo binderDied(NetworkRequest [ LISTEN id=1054, [ Capabilities: INTERNET&NOT_RESTRICTED&TRUSTED&FOREGROUND] ], android.os.BinderProxy@209391)
10-30 14:51:45.810   600   610 D GraphicsStats: Buffer count: 2
10-30 14:51:45.811   600 17381 D ConnectivityService: ConnectivityService NetworkRequestInfo binderDied(NetworkRequest [ LISTEN id=1056, [ Capabilities: INTERNET&NOT_RESTRICTED&TRUSTED&FOREGROUND] ], android.os.BinderProxy@dfb32f6)
10-30 14:51:45.812   600 24611 D ActivityManager: cleanUpApplicationRecord -- 9895
10-30 14:51:45.813   600   649 E ConnectivityService: RemoteException caught trying to send a callback msg for NetworkRequest [ LISTEN id=1055, [ Capabilities: INTERNET&NOT_RESTRICTED&TRUSTED&FOREGROUND] ]
10-30 14:51:45.814   600  9614 D ConnectivityService: ConnectivityService NetworkRequestInfo binderDied(NetworkRequest [ LISTEN id=1053, [ Capabilities: INTERNET&NOT_RESTRICTED&TRUSTED&FOREGROUND] ], android.os.BinderProxy@dbfd6f7)
10-30 14:51:45.814   600   649 E ConnectivityService: RemoteException caught trying to send a callback msg for NetworkRequest [ LISTEN id=1054, [ Capabilities: INTERNET&NOT_RESTRICTED&TRUSTED&FOREGROUND] ]
10-30 14:51:45.814   600   649 E ConnectivityService: RemoteException caught trying to send a callback msg for NetworkRequest [ LISTEN id=1056, [ Capabilities: INTERNET&NOT_RESTRICTED&TRUSTED&FOREGROUND] ]
10-30 14:51:45.815   600   649 E ConnectivityService: RemoteException caught trying to send a callback msg for NetworkRequest [ LISTEN id=1053, [ Capabilities: INTERNET&NOT_RESTRICTED&TRUSTED&FOREGROUND] ]
10-30 14:51:45.815  6173  6833 I DiscoveryManager: Filter criteria(null) scannerFlags(0)
10-30 14:51:45.817  6173  6833 W GuestModeDeviceProber: setFilterCriteria
10-30 14:51:45.885  5940  5940 I MicroDetectionWorker: onReady
10-30 14:51:46.040  1084  1171 W OpenGLRenderer: Incorrectly called buildLayer on View: ShortcutAndWidgetContainer, destroying layer...
10-30 14:51:46.088 10792 10792 D AndroidRuntime: >>>>>> START com.android.internal.os.RuntimeInit uid 2000 <<<<<<
10-30 14:51:46.092 10792 10792 D AndroidRuntime: CheckJNI is OFF
10-30 14:51:46.164 10792 10792 D ICU     : No timezone override file found: /data/misc/zoneinfo/current/icu/icu_tzdata.dat
10-30 14:51:46.195 10792 10792 I Radio-JNI: register_android_hardware_Radio DONE
10-30 14:51:46.211 10792 10792 D AndroidRuntime: Calling main entry com.android.commands.pm.Pm
10-30 14:51:46.229   600 13631 I ActivityManager: Force stopping com.android.chrome appid=10035 user=0: clear data
10-30 14:51:46.229   600   613 I ActivityManager: Force stopping com.android.chrome appid=10035 user=-1: clearApplicationUserData
10-30 14:51:46.466   600   625 I ActivityManager: Start proc 10808:com.android.defcontainer/u0a4 for service com.android.defcontainer/.DefaultContainerService
10-30 14:51:46.536   787   787 I GeofencerStateMachine: removeGeofences: removeRequest=RemoveGeofencingRequest[REMOVE_ALL packageName=com.android.chrome]
10-30 14:51:46.540 10792 10792 I art     : System.exit called, status: 0
10-30 14:51:46.541 10792 10792 I AndroidRuntime: VM exiting with result code 0.
10-30 14:51:46.548   600   613 I ActivityManager: Start proc 10823:com.android.documentsui/u0a40 for broadcast com.android.documentsui/.PackageReceiver
10-30 14:51:46.552  1061  1061 D RegisteredNfcFServicesCache: Service unchanged, not updating
10-30 14:51:46.561   600   612 W ResourceType: No known package when getting value for resource number 0x7f080316
10-30 14:51:46.561   600   612 W ResourceType: No known package when getting value for resource number 0x7f130448
10-30 14:51:46.562   600   612 W ResourceType: No known package when getting value for resource number 0x7f080315
10-30 14:51:46.562   600   612 W ResourceType: No known package when getting value for resource number 0x7f130123
10-30 14:51:46.562   600   612 W ResourceType: No known package when getting value for resource number 0x7f130447
10-30 14:51:46.562   600   612 W ResourceType: No known package when getting value for resource number 0x7f1302e4
10-30 14:51:46.562   600   612 E ShortcutService: Ignoring excessive intent tag.
10-30 14:51:46.606 10823 10823 I art     : Starting a blocking GC AddRemoveAppImageSpace
10-30 14:51:46.609 10823 10823 W System  : ClassLoader referenced unknown path: /system/priv-app/DocumentsUI/lib/arm64
10-30 14:51:46.692  6173 10477 I Icing   : doRemovePackageData com.android.chrome
10-30 14:51:46.693  6173 10477 I Icing   : Removing corpus key com.android.chrome-.implicit: for package com.android.chrome
10-30 14:51:46.735   787 10849 I Fitness : FitCleanupIntentOperation received Intent android.intent.action.PACKAGE_DATA_CLEARED [CONTEXT service_id=17 ]
10-30 14:51:46.751  6173 10477 I native  : flash-index.cc:1519 Flash index sort hb 60 prefix-hits 135 -> 110 at 10.071ms
10-30 14:51:46.787  6173 10477 I Icing   : Removing corpus key com.android.chrome-omnibox for package com.android.chrome
10-30 14:51:46.857  6173 10477 I Icing   : Starting compaction min disk 99.927% min index 99.988%
10-30 14:51:46.977  6173 10477 I native  : document-store.cc:1654 Scored 1850 usage reports, missing_corpora 984 update_failed 1
10-30 14:51:47.006  6173 10477 W native  : words-map.cc:30 INVALID_ARGUMENT: Empty URI
10-30 14:51:47.006  6173 10477 W native  : words-map.cc:34 WordsMap was not properly initialized
10-30 14:51:47.100  6173 10477 E native  : compactor.cc:67 Could not index embedding for docid 1: INTERNAL: Unable to find Thing Proto section 
10-30 14:51:47.100  6173 10477 E native  : compactor.cc:67 Could not index embedding for docid 3: INTERNAL: Unable to find Thing Proto section 
10-30 14:51:47.101  6173 10477 E native  : compactor.cc:67 Could not index embedding for docid 5: INTERNAL: Unable to find Thing Proto section 
10-30 14:51:47.102  6173 10477 E native  : compactor.cc:67 Could not index embedding for docid 7: INTERNAL: Unable to find Thing Proto section 
10-30 14:51:47.106  6173 10477 E native  : compactor.cc:67 Could not index embedding for docid 8: INTERNAL: Unable to find Thing Proto section 
10-30 14:51:47.107  6173 10477 E native  : compactor.cc:67 Could not index embedding for docid 10: INTERNAL: Unable to find Thing Proto section 
10-30 14:51:47.107  6173 10477 E native  : compactor.cc:67 Could not index embedding for docid 11: INTERNAL: Unable to find Thing Proto section 
10-30 14:51:47.107  6173 10477 E native  : compactor.cc:67 Could not index embedding for docid 13: INTERNAL: Unable to find Thing Proto section 
10-30 14:51:47.108  6173 10477 E native  : compactor.cc:67 Could not index embedding for docid 14: INTERNAL: Unable to find Thing Proto section 
10-30 14:51:47.113  6173 10477 E native  : compactor.cc:67 Could not index embedding for docid 17: INTERNAL: Unable to find Thing Proto section 
10-30 14:51:47.113  6173 10477 E native  : compactor.cc:67 Could not index embedding for docid 18: INTERNAL: Unable to find Thing Proto section 
10-30 14:51:47.114  6173 10477 E native  : compactor.cc:67 Could not index embedding for docid 21: INTERNAL: Unable to find Thing Proto section 
10-30 14:51:47.114  6173 10477 E native  : compactor.cc:67 Could not index embedding for docid 22: INTERNAL: Unable to find Thing Proto section 
10-30 14:51:47.119  6173 10477 E native  : compactor.cc:67 Could not index embedding for docid 26: INTERNAL: Unable to find Thing Proto section 
10-30 14:51:47.120  6173 10477 E native  : compactor.cc:67 Could not index embedding for docid 27: INTERNAL: Unable to find Thing Proto section 
10-30 14:51:47.175  6173 10477 I native  : flash-index.cc:1519 Flash index sort hb 34 prefix-hits 54 -> 54 at 39.335ms
10-30 14:51:47.205  6173 10477 W native  : words-map.cc:30 INVALID_ARGUMENT: Empty URI
10-30 14:51:47.205  6173 10477 W native  : words-map.cc:34 WordsMap was not properly initialized
10-30 14:51:47.288  6173 10477 I Icing   : updateResources: need to parse acol{com.android.chrome}
10-30 14:51:47.372  6173 10477 I Icing   : Indexing com.android.chrome-omnibox from com.android.chrome
10-30 14:51:47.384   600   713 I ActivityManager: Start proc 10851:com.android.chrome/u0a35 for content provider com.android.chrome/com.google.android.apps.chrome.icing.IcingProvider
10-30 14:51:47.428 10851 10861 I art     : Background sticky concurrent mark sweep GC freed 6808(273KB) AllocSpace objects, 0(0B) LOS objects, 37% free, 2MB/4MB, paused 7.621ms total 28.879ms
10-30 14:51:47.630  6173 10477 I Icing   : Indexing done com.android.chrome-omnibox
