--------- beginning of main
10-31 07:32:25.266  1742  1742 D AndroidRuntime: >>>>>> START com.android.internal.os.RuntimeInit uid 2000 <<<<<<
10-31 07:32:25.269  1742  1742 D AndroidRuntime: CheckJNI is OFF
10-31 07:32:25.340  1742  1742 D ICU     : No timezone override file found: /data/misc/zoneinfo/current/icu/icu_tzdata.dat
10-31 07:32:25.372  1742  1742 I Radio-JNI: register_android_hardware_Radio DONE
10-31 07:32:25.387  1742  1742 D AndroidRuntime: Calling main entry com.android.commands.am.Am
--------- beginning of system
10-31 07:32:25.407   600  3994 I ActivityManager: Force stopping com.opera.browser appid=10122 user=0: from pid 1742
10-31 07:32:25.418  1061  1061 D RegisteredNfcFServicesCache: Service unchanged, not updating
10-31 07:32:25.664   600 25704 I ActivityManager: START u0 {act=android.intent.action.VIEW flg=0x10008000 cmp=com.opera.browser/com.opera.Opera} from uid 2000 on display 0
10-31 07:32:25.698  1742  1742 D AndroidRuntime: Shutting down VM
10-31 07:32:25.752   600  1082 I ActivityManager: Start proc 1752:com.opera.browser/u0a122 for activity com.opera.browser/com.opera.Opera
10-31 07:32:25.833  1752  1752 I art     : Starting a blocking GC AddRemoveAppImageSpace
10-31 07:32:25.869  1752  1752 I LoadedApk: No resource references to update in package com.opera.browser.nord_vpn
10-31 07:32:26.071  1752  1789 D NetworkSecurityConfig: Using Network Security Config from resource network_security_config_official_build debugBuild: false
10-31 07:32:26.099  1752  1752 I art     : Rejecting re-init on previously-failed class java.lang.Class<com.opera.android.job.a$j>: java.lang.NoClassDefFoundError: Failed resolution of: Landroid/app/job/JobServiceEngine;
10-31 07:32:26.099  1752  1752 I art     :   at void com.opera.android.OperaApplication.onCreate() (SourceFile:52)
10-31 07:32:26.099  1752  1752 I art     :   at void android.app.Instrumentation.callApplicationOnCreate(android.app.Application) (Instrumentation.java:1024)
10-31 07:32:26.099  1752  1752 I art     :   at void android.app.ActivityThread.handleBindApplication(android.app.ActivityThread$AppBindData) (ActivityThread.java:5403)
10-31 07:32:26.099  1752  1752 I art     :   at void android.app.ActivityThread.-wrap2(android.app.ActivityThread, android.app.ActivityThread$AppBindData) (ActivityThread.java:-1)
10-31 07:32:26.099  1752  1752 I art     :   at void android.app.ActivityThread$H.handleMessage(android.os.Message) (ActivityThread.java:1545)
10-31 07:32:26.099  1752  1752 I art     :   at void android.os.Handler.dispatchMessage(android.os.Message) (Handler.java:102)
10-31 07:32:26.099  1752  1752 I art     :   at void android.os.Looper.loop() (Looper.java:154)
10-31 07:32:26.099  1752  1752 I art     :   at void android.app.ActivityThread.main(java.lang.String[]) (ActivityThread.java:6119)
10-31 07:32:26.099  1752  1752 I art     :   at java.lang.Object java.lang.reflect.Method.invoke!(java.lang.Object, java.lang.Object[]) (Method.java:-2)
10-31 07:32:26.099  1752  1752 I art     :   at void com.android.internal.os.ZygoteInit$MethodAndArgsCaller.run() (ZygoteInit.java:886)
10-31 07:32:26.099  1752  1752 I art     :   at void com.android.internal.os.ZygoteInit.main(java.lang.String[]) (ZygoteInit.java:776)
10-31 07:32:26.099  1752  1752 I art     : Caused by: java.lang.ClassNotFoundException: Didn't find class "android.app.job.JobServiceEngine" on path: DexPathList[[zip file "/data/app/com.opera.browser-1/base.apk"],nativeLibraryDirectories=[/data/app/com.opera.browser-1/lib/arm, /data/app/com.opera.browser-1/base.apk!/lib/armeabi-v7a, /system/lib, /vendor/lib]]
10-31 07:32:26.099  1752  1752 I art     :   at java.lang.Class dalvik.system.BaseDexClassLoader.findClass(java.lang.String) (BaseDexClassLoader.java:56)
10-31 07:32:26.099  1752  1752 I art     :   at java.lang.Class java.lang.ClassLoader.loadClass(java.lang.String, boolean) (ClassLoader.java:380)
10-31 07:32:26.099  1752  1752 I art     :   at java.lang.Class java.lang.ClassLoader.loadClass(java.lang.String) (ClassLoader.java:312)
10-31 07:32:26.099  1752  1752 I art     :   at void com.opera.android.OperaApplication.onCreate() (SourceFile:52)
10-31 07:32:26.099  1752  1752 I art     :   at void android.app.Instrumentation.callApplicationOnCreate(android.app.Application) (Instrumentation.java:1024)
10-31 07:32:26.099  1752  1752 I art     :   at void android.app.ActivityThread.handleBindApplication(android.app.ActivityThread$AppBindData) (ActivityThread.java:5403)
10-31 07:32:26.099  1752  1752 I art     :   at void android.app.ActivityThread.-wrap2(android.app.ActivityThread, android.app.ActivityThread$AppBindData) (ActivityThread.java:-1)
10-31 07:32:26.099  1752  1752 I art     :   at void android.app.ActivityThread$H.handleMessage(android.os.Message) (ActivityThread.java:1545)
10-31 07:32:26.099  1752  1752 I art     :   at void android.os.Handler.dispatchMessage(android.os.Message) (Handler.java:102)
10-31 07:32:26.099  1752  1752 I art     :   at void android.os.Looper.loop() (Looper.java:154)
10-31 07:32:26.099  1752  1752 I art     :   at void android.app.ActivityThread.main(java.lang.String[]) (ActivityThread.java:6119)
10-31 07:32:26.099  1752  1752 I art     :   at java.lang.Object java.lang.reflect.Method.invoke!(java.lang.Object, java.lang.Object[]) (Method.java:-2)
10-31 07:32:26.099  1752  1752 I art     :   at void com.android.internal.os.ZygoteInit$MethodAndArgsCaller.run() (ZygoteInit.java:886)
10-31 07:32:26.099  1752  1752 I art     :   at void com.android.internal.os.ZygoteInit.main(java.lang.String[]) (ZygoteInit.java:776)
10-31 07:32:26.099  1752  1752 I art     : 
10-31 07:32:26.377   600  2707 I ActivityManager: START u0 {act=android.intent.action.VIEW flg=0x10008000 cmp=com.opera.browser/com.opera.android.startup.WelcomeActivity} from uid 10122 on display 0
10-31 07:32:26.422   600  3509 W ActivityManager: Duplicate finish request for ActivityRecord{cf43b6a u0 com.opera.browser/com.opera.Opera t2159 f}
10-31 07:32:26.556  1752  1762 I art     : Background sticky concurrent mark sweep GC freed 26806(2MB) AllocSpace objects, 8(296KB) LOS objects, 26% free, 5MB/7MB, paused 1.249ms total 162.819ms
10-31 07:32:26.726   600   609 W art     : Suspending all threads took: 7.066ms
10-31 07:32:26.747   600   609 I art     : Background partial concurrent mark sweep GC freed 77816(3MB) AllocSpace objects, 25(656KB) LOS objects, 33% free, 16MB/25MB, paused 7.987ms total 264.259ms
10-31 07:32:26.751   787   804 I art     : Background partial concurrent mark sweep GC freed 67054(3MB) AllocSpace objects, 6(152KB) LOS objects, 39% free, 11MB/19MB, paused 533us total 243.451ms
10-31 07:32:26.757  1752  1786 I FA      : App measurement initialized, version: 43042
10-31 07:32:26.757  1752  1786 I FA      : To enable debug logging run: adb shell setprop log.tag.FA VERBOSE
10-31 07:32:26.757  1752  1786 I FA      : To enable faster debug mode event logging run:
10-31 07:32:26.757  1752  1786 I FA      :   adb shell setprop debug.firebase.analytics.app com.opera.browser
10-31 07:32:26.792  1752  1762 I art     : Background sticky concurrent mark sweep GC freed 34466(2MB) AllocSpace objects, 13(260KB) LOS objects, 32% free, 5MB/7MB, paused 7.020ms total 187.109ms
10-31 07:32:26.861  1752  1875 I OpenGLRenderer: Initialized EGL, version 1.4
10-31 07:32:26.861  1752  1875 D OpenGLRenderer: Swap behavior 2
10-31 07:32:27.043  1752  1786 I FA      : Tag Manager is not found and thus will not be used
10-31 07:32:27.073   600   620 I ActivityManager: Displayed com.opera.browser/com.opera.android.startup.WelcomeActivity: +635ms (total +1s374ms)
10-31 07:32:27.145  1752  1762 W art     : Suspending all threads took: 12.144ms
10-31 07:32:27.152  1752  1762 I art     : Background sticky concurrent mark sweep GC freed 10944(1028KB) AllocSpace objects, 14(280KB) LOS objects, 24% free, 5MB/7MB, paused 16.178ms total 35.120ms
10-31 07:32:27.237   600   620 W WindowManager: Failed looking up window
10-31 07:32:27.237   600   620 W WindowManager: java.lang.IllegalArgumentException: Requested window android.view.ViewRootImpl$W@2c0e7d3 does not exist
10-31 07:32:27.237   600   620 W WindowManager: 	at com.android.server.wm.WindowManagerService.windowForClientLocked(WindowManagerService.java:9422)
10-31 07:32:27.237   600   620 W WindowManager: 	at com.android.server.wm.WindowManagerService.windowForClientLocked(WindowManagerService.java:9413)
10-31 07:32:27.237   600   620 W WindowManager: 	at com.android.server.wm.WindowManagerService.removeWindow(WindowManagerService.java:2393)
10-31 07:32:27.237   600   620 W WindowManager: 	at com.android.server.wm.Session.remove(Session.java:202)
10-31 07:32:27.237   600   620 W WindowManager: 	at android.view.ViewRootImpl.dispatchDetachedFromWindow(ViewRootImpl.java:3290)
10-31 07:32:27.237   600   620 W WindowManager: 	at android.view.ViewRootImpl.doDie(ViewRootImpl.java:5917)
10-31 07:32:27.237   600   620 W WindowManager: 	at android.view.ViewRootImpl$ViewRootHandler.handleMessage(ViewRootImpl.java:3626)
10-31 07:32:27.237   600   620 W WindowManager: 	at android.os.Handler.dispatchMessage(Handler.java:102)
10-31 07:32:27.237   600   620 W WindowManager: 	at android.os.Looper.loop(Looper.java:154)
10-31 07:32:27.237   600   620 W WindowManager: 	at android.os.HandlerThread.run(HandlerThread.java:61)
10-31 07:32:27.237   600   620 W WindowManager: 	at com.android.server.ServiceThread.run(ServiceThread.java:46)
10-31 07:32:27.246  1752  1893 W chromium: [WARNING:op_site_scripts.cc(424)] Failed to map /data/user/0/com.opera.browser/app_opera/sjs
10-31 07:32:27.277   600 10249 I ActivityManager: Start proc 1904:com.opera.browser:privileged_process0/u0a122 for service com.opera.browser/com.opera.android.browser.chromium.services.PrivilegedProcessService0
10-31 07:32:27.373  1904  1904 I art     : Starting a blocking GC AddRemoveAppImageSpace
10-31 07:32:27.393  1904  1904 I LoadedApk: No resource references to update in package com.opera.browser.nord_vpn
10-31 07:32:27.481  1904  1931 E libEGL  : validate_display:99 error 3008 (EGL_BAD_DISPLAY)
10-31 07:32:27.600 23104 23104 I MemoryTrimmer: Trimming objects from memory, since app is in the background.
10-31 07:32:27.611 23104 32213 W SearchService: Abort, client detached.
10-31 07:32:27.652  1904  1931 E libEGL  : validate_display:99 error 3008 (EGL_BAD_DISPLAY)
10-31 07:32:27.699 23104 23104 I MicroDetector: Keeping mic open: false
10-31 07:32:27.700 23104  1625 I DeviceStateChecker: DeviceStateChecker cancelled
10-31 07:32:27.700 23104 22563 I AudioController: internalShutdown
10-31 07:32:27.700 23104 22563 I MicrophoneInputStream: mic_close com.google.android.apps.gsa.speech.audio.ae@2a7f9c5
10-31 07:32:27.700 23104 23198 I MicroRecognitionRunner: Stopping hotword detection.
10-31 07:32:27.720  1084  1084 I MemoryTrimmer: Trimming objects from memory, since app is in the background.
10-31 07:32:27.723   238   285 I SoundTriggerHwService::Module: void android::SoundTriggerHwService::Module::onCallbackEvent(const sp<android::SoundTriggerHwService::CallbackEvent> &) mClient == 0
10-31 07:32:27.729 23104  1624 I MicroRecognitionRunner: Detection finished
10-31 07:32:27.740 23104 23104 I MemoryTrimmer: Trimming objects from memory, since app is in the background.
10-31 07:32:27.786   787 30073 W NetworkScheduler: Error inserting service_kind=0 source=16 tag=Measurement.PackageMeasurementTaskService.UPLOAD_TASK_TAG target_package=com.google.android.gms requires_charging=0 source_version=203915000 required_network_type=0 flex_time=2364000 persistence_level=1 target_class=com.google.android.gms.measurement.PackageMeasurementTaskService runtime=1667197947779 retry_strategy={"maximum_backoff_seconds":{"3600":0},"initial_backoff_seconds":{"30":0},"retry_policy":{"0":0}} preferred_network_type=1 required_idleness_state=0 preferred_charging_state=1 period=4729000 last_runtime=0 task_type=0 job_id=-1 user_id=0, error message: UNIQUE constraint failed: pending_ops.tag, pending_ops.target_class, pending_ops.target_package, pending_ops.user_id (code 2067) [CONTEXT service_id=218 ]
10-31 07:32:27.829   787 30073 W NetworkScheduler: Error inserting service_kind=0 source=16 tag=Measurement.PackageMeasurementTaskService.UPLOAD_TASK_TAG target_package=com.google.android.gms requires_charging=0 source_version=203915000 required_network_type=0 flex_time=2364000 persistence_level=1 target_class=com.google.android.gms.measurement.PackageMeasurementTaskService runtime=1667197947826 retry_strategy={"maximum_backoff_seconds":{"3600":0},"initial_backoff_seconds":{"30":0},"retry_policy":{"0":0}} preferred_network_type=1 required_idleness_state=0 preferred_charging_state=1 period=4729000 last_runtime=0 task_type=0 job_id=-1 user_id=0, error message: UNIQUE constraint failed: pending_ops.tag, pending_ops.target_class, pending_ops.target_package, pending_ops.user_id (code 2067) [CONTEXT service_id=218 ]
10-31 07:32:27.851   787 30073 W NetworkScheduler: Error inserting service_kind=0 source=16 tag=Measurement.PackageMeasurementTaskService.UPLOAD_TASK_TAG target_package=com.google.android.gms requires_charging=0 source_version=203915000 required_network_type=0 flex_time=2364000 persistence_level=1 target_class=com.google.android.gms.measurement.PackageMeasurementTaskService runtime=1667197947848 retry_strategy={"maximum_backoff_seconds":{"3600":0},"initial_backoff_seconds":{"30":0},"retry_policy":{"0":0}} preferred_network_type=1 required_idleness_state=0 preferred_charging_state=1 period=4729000 last_runtime=0 task_type=0 job_id=-1 user_id=0, error message: UNIQUE constraint failed: pending_ops.tag, pending_ops.target_class, pending_ops.target_package, pending_ops.user_id (code 2067) [CONTEXT service_id=218 ]
10-31 07:32:31.721  1752  1752 I PlayCore: UID: [10122]  PID: [1752] AppUpdateListenerRegistry : registerListener
10-31 07:32:31.722  1752  1752 I PlayCore: UID: [10122]  PID: [1752] AppUpdateService : requestUpdateInfo(com.opera.browser)
10-31 07:32:31.727  1752  1981 I PlayCore: UID: [10122]  PID: [1752] AppUpdateService : Initiate binding to the service.
10-31 07:32:31.734   600  9614 W ActivityManager: Unable to start service Intent { act=com.google.android.play.core.install.BIND_UPDATE_SERVICE pkg=com.android.vending } U=0: not found
10-31 07:32:31.735  1752  1981 I PlayCore: UID: [10122]  PID: [1752] AppUpdateService : Failed to bind to the service.
10-31 07:32:31.953  1752  1983 D ApplicationLoaders: ignored Vulkan layer search path /data/app/com.google.android.gms-1/lib/arm:/data/app/com.google.android.gms-1/base.apk!/lib/armeabi-v7a:/data/app/com.google.android.gms-1/split_config.en.apk!/lib/armeabi-v7a for namespace 0xf4a41090
10-31 07:32:31.955  1752  1983 W ResourceType: ResTable_typeSpec entry count inconsistent: given 67, previously 69
10-31 07:32:31.955  1752  1983 W ResourceType: ResTable_typeSpec entry count inconsistent: given 5346, previously 5347
10-31 07:32:32.290   600   612 D SyncManager: failed sync operation JobId: 100983, com.opera.browser u0 (com.opera.browser.ping), com.opera.browser.ping.provider, SERVER, reason: 10122, SyncResult: delayUntil: 1667205152 stats [ numIoExceptions: 1]
10-31 07:32:37.876 23104 23104 I MemoryTrimmer: Trimming objects from memory, since app is in the background.
10-31 07:32:38.102  2010  2010 D AndroidRuntime: >>>>>> START com.android.internal.os.RuntimeInit uid 2000 <<<<<<
10-31 07:32:38.106  2010  2010 D AndroidRuntime: CheckJNI is OFF
10-31 07:32:38.169  2010  2010 D ICU     : No timezone override file found: /data/misc/zoneinfo/current/icu/icu_tzdata.dat
10-31 07:32:38.200  2010  2010 I Radio-JNI: register_android_hardware_Radio DONE
10-31 07:32:38.215  2010  2010 D AndroidRuntime: Calling main entry com.android.commands.monkey.Monkey
10-31 07:32:38.284   600   613 W BroadcastQueue: Skipping deliver [background] BroadcastRecord{4f38c69 u-1 android.net.conn.CONNECTIVITY_CHANGE} to ReceiverList{2b0f6ee 2010 (unknown name)/2000/u-1 remote:7a8bb33}: process crashing
10-31 07:32:39.943  2010  2010 D MonkeyStub: translateCommand: wake
10-31 07:32:40.069  2010  2010 D MonkeyStub: translateCommand: tap 960 1881
10-31 07:32:40.141   600   707 I ActivityManager: START u0 {act=android.intent.action.VIEW flg=0x1000000 cmp=com.opera.browser/com.opera.android.IntentDispatcherActivity} from uid 10122 on display 0
10-31 07:32:40.245   600  7064 I ActivityManager: START u0 {act=android.intent.action.VIEW flg=0x15002000 cmp=com.opera.browser/com.opera.android.BrowserActivity} from uid 10122 on display 0
10-31 07:32:40.259  1084  1171 I OpenGLRenderer: Initialized EGL, version 1.4
10-31 07:32:40.260  1084  1171 D OpenGLRenderer: Swap behavior 2
10-31 07:32:40.419   600   609 I art     : Background partial concurrent mark sweep GC freed 45273(2MB) AllocSpace objects, 45(1460KB) LOS objects, 33% free, 16MB/25MB, paused 956us total 195.487ms
10-31 07:32:40.467  1084  1084 I MemoryTrimmer: Trimming objects from memory, since app is in the background.
10-31 07:32:40.615  1752  2059 W ResourceType: ResTable_typeSpec entry count inconsistent: given 67, previously 69
10-31 07:32:40.615  1752  2059 W ResourceType: ResTable_typeSpec entry count inconsistent: given 5346, previously 5347
10-31 07:32:40.699  1752  2031 E [Leanplum][ERROR]: No variable values were received from the server. Please contact us to investigate.
10-31 07:32:40.796   600   620 I ActivityManager: Displayed com.opera.browser/com.opera.android.BrowserActivity: +527ms (total +616ms)
10-31 07:32:40.825   600  1079 I CwMcuSensor: CwMcuSensor::flush: fd = 245, sensors_id = 0, path = /sys/class/htc_sensorhub/sensor_hub/flush, err = 0
10-31 07:32:40.882  1752  1875 D OpenGLRenderer: endAllActiveAnimators on 0xce235400 (RippleDrawable) with handle 0xc9ef9e20
10-31 07:32:41.088  1752  1762 I art     : Background sticky concurrent mark sweep GC freed 23730(2MB) AllocSpace objects, 33(660KB) LOS objects, 24% free, 7MB/10MB, paused 5.019ms total 91.269ms
10-31 07:32:41.210  1752  2078 W ResourceType: ResTable_typeSpec entry count inconsistent: given 67, previously 69
10-31 07:32:41.210  1752  2078 W ResourceType: ResTable_typeSpec entry count inconsistent: given 5346, previously 5347
10-31 07:32:41.454  1752  1757 I art     : Do partial code cache collection, code=19KB, data=30KB
10-31 07:32:41.455  1752  1757 I art     : After code cache collection, code=19KB, data=30KB
10-31 07:32:41.455  1752  1757 I art     : Increasing code cache capacity to 128KB
10-31 07:32:41.502  1752  2107 W ResourceType: ResTable_typeSpec entry count inconsistent: given 67, previously 69
10-31 07:32:41.502  1752  2107 W ResourceType: ResTable_typeSpec entry count inconsistent: given 5346, previously 5347
10-31 07:32:41.527  1752  1752 E Sensors : sendAck failure -1 1
10-31 07:32:41.527  1752  1752 E Sensors : sendAck failure -1 2
10-31 07:32:41.527  1752  1752 E Sensors : sendAck failure -1 3
10-31 07:32:41.527  1752  1752 E Sensors : sendAck failure -1 4
10-31 07:32:41.527  1752  1752 E Sensors : sendAck failure -1 5
10-31 07:32:41.527  1752  1752 E Sensors : sendAck failure -1 6
10-31 07:32:41.527  1752  1752 E Sensors : sendAck failure -1 7
10-31 07:32:41.527  1752  1752 E Sensors : sendAck failure -1 8
10-31 07:32:41.527  1752  1752 E Sensors : sendAck failure -1 9
10-31 07:32:41.527  1752  1752 E Sensors : sendAck failure -1 10
10-31 07:32:41.527  1752  1752 E Sensors : sendAck failure -1 11
10-31 07:32:41.527  1752  1752 E Sensors : sendAck failure -1 12
10-31 07:32:41.527  1752  1752 E Sensors : sendAck failure -1 13
10-31 07:32:41.527  1752  1752 E Sensors : sendAck failure -1 14
10-31 07:32:41.527  1752  1752 E Sensors : sendAck failure -1 15
10-31 07:32:41.527  1752  1752 E Sensors : sendAck failure -1 16
10-31 07:32:41.527  1752  1752 E Sensors : sendAck failure -1 17
10-31 07:32:41.527  1752  1752 E Sensors : sendAck failure -1 18
10-31 07:32:41.527  1752  1752 E Sensors : sendAck failure -1 19
10-31 07:32:41.527  1752  1752 E Sensors : sendAck failure -1 20
10-31 07:32:41.527  1752  1752 E Sensors : sendAck failure -1 21
10-31 07:32:41.527  1752  1752 E Sensors : sendAck failure -1 22
10-31 07:32:41.527  1752  1752 E Sensors : sendAck failure -1 23
10-31 07:32:41.527  1752  1752 E Sensors : sendAck failure -1 24
10-31 07:32:41.527  1752  1752 E Sensors : sendAck failure -1 25
10-31 07:32:41.527  1752  1752 E Sensors : sendAck failure -1 26
10-31 07:32:41.527  1752  1752 E Sensors : sendAck failure -1 27
10-31 07:32:41.527  1752  1752 E Sensors : sendAck failure -1 28
10-31 07:32:41.528  1752  1752 E Sensors : sendAck failure -1 29
10-31 07:32:41.528  1752  1752 E Sensors : sendAck failure -1 30
10-31 07:32:41.528  1752  1752 E Sensors : sendAck failure -1 31
10-31 07:32:41.528  1752  1752 E Sensors : sendAck failure -1 32
10-31 07:32:41.528  1752  1752 E Sensors : sendAck failure -1 33
10-31 07:32:41.528  1752  1752 E Sensors : sendAck failure -1 34
10-31 07:32:41.528  1752  1752 E Sensors : sendAck failure -1 35
10-31 07:32:41.528  1752  1752 E Sensors : sendAck failure -1 36
10-31 07:32:41.528  1752  1752 E Sensors : sendAck failure -1 37
10-31 07:32:41.528  1752  1752 E Sensors : sendAck failure -1 38
10-31 07:32:41.528  1752  1752 E Sensors : sendAck failure -1 39
10-31 07:32:41.528  1752  1752 E Sensors : sendAck failure -1 40
10-31 07:32:41.528  1752  1752 E Sensors : sendAck failure -1 41
10-31 07:32:41.528  1752  1752 E Sensors : sendAck failure -1 42
10-31 07:32:41.528  1752  1752 E Sensors : sendAck failure -1 1
10-31 07:32:41.528  1752  1752 E Sensors : sendAck failure -1 2
10-31 07:32:41.528  1752  1752 E Sensors : sendAck failure -1 3
10-31 07:32:41.528  1752  1752 E Sensors : sendAck failure -1 4
10-31 07:32:41.528  1752  1752 E Sensors : sendAck failure -1 5
10-31 07:32:41.528  1752  1752 E Sensors : sendAck failure -1 6
10-31 07:32:41.528  1752  1752 E Sensors : sendAck failure -1 7
10-31 07:32:41.528  1752  1752 E Sensors : sendAck failure -1 8
10-31 07:32:41.528  1752  1752 E Sensors : sendAck failure -1 9
10-31 07:32:41.528  1752  1752 E Sensors : sendAck failure -1 10
10-31 07:32:41.528  1752  1752 E Sensors : sendAck failure -1 11
10-31 07:32:41.528  1752  1752 E Sensors : sendAck failure -1 12
10-31 07:32:41.528  1752  1752 E Sensors : sendAck failure -1 13
10-31 07:32:41.528  1752  1752 E Sensors : sendAck failure -1 14
10-31 07:32:41.528  1752  1752 E Sensors : sendAck failure -1 15
10-31 07:32:41.528  1752  1752 E Sensors : sendAck failure -1 16
10-31 07:32:41.528  1752  1752 E Sensors : sendAck failure -1 17
10-31 07:32:41.528  1752  1752 E Sensors : sendAck failure -1 18
10-31 07:32:41.528  1752  1752 E Sensors : sendAck failure -1 19
10-31 07:32:41.528  1752  1752 E Sensors : sendAck failure -1 20
10-31 07:32:41.528  1752  1752 E Sensors : sendAck failure -1 21
10-31 07:32:41.528  1752  1752 E Sensors : sendAck failure -1 22
10-31 07:32:41.528  1752  1752 E Sensors : sendAck failure -1 23
10-31 07:32:41.528  1752  1752 E Sensors : sendAck failure -1 24
10-31 07:32:41.528  1752  1752 E Sensors : sendAck failure -1 25
10-31 07:32:41.528  1752  1752 E Sensors : sendAck failure -1 26
10-31 07:32:41.528  1752  1752 E Sensors : sendAck failure -1 27
10-31 07:32:41.529  1752  1752 E Sensors : sendAck failure -1 28
10-31 07:32:41.529  1752  1752 E Sensors : sendAck failure -1 29
10-31 07:32:41.563  1752  1752 I Choreographer: Skipped 40 frames!  The application may be doing too much work on its main thread.
10-31 07:32:41.742  1752  1762 I art     : Background partial concurrent mark sweep GC freed 41802(2MB) AllocSpace objects, 16(420KB) LOS objects, 40% free, 9MB/16MB, paused 3.353ms total 149.904ms
10-31 07:32:41.760  1752  1752 W View    : requestLayout() improperly called by com.opera.android.custom_views.FadingRecyclerView{80317b5 VFED.V... ......ID 0,813-1536,813 #7f0a0825 app:id/suggested_dials_grid} during layout: running second layout pass
10-31 07:32:41.874  1752  1752 E Sensors : sendAck failure -1 1
10-31 07:32:41.874  1752  1752 E Sensors : sendAck failure -1 2
10-31 07:32:41.874  1752  1752 E Sensors : sendAck failure -1 3
10-31 07:32:41.874  1752  1752 E Sensors : sendAck failure -1 4
10-31 07:32:41.874  1752  1752 E Sensors : sendAck failure -1 5
10-31 07:32:41.874  1752  1752 E Sensors : sendAck failure -1 6
10-31 07:32:41.874  1752  1752 E Sensors : sendAck failure -1 1
10-31 07:32:41.874  1752  1752 E Sensors : sendAck failure -1 2
10-31 07:32:41.989  1752  1762 I art     : Background partial concurrent mark sweep GC freed 27443(1672KB) AllocSpace objects, 5(100KB) LOS objects, 40% free, 11MB/19MB, paused 2.399ms total 143.713ms
10-31 07:32:41.992   787  1259 W ProcessReaper: Memory state is: 100
10-31 07:32:42.084  1752  1752 I Choreographer: Skipped 30 frames!  The application may be doing too much work on its main thread.
10-31 07:32:42.254  2137  2137 I dex2oat : /system/bin/dex2oat --dex-file=/data/user/0/com.opera.browser/code_cache/.       --oat-fd=190 --oat-location=/data/user/0/com.opera.browser/code_cache/.     --compiler-filter=speed
10-31 07:32:42.322   787 31404 W NetworkScheduler: Error inserting service_kind=0 source=16 tag=Measurement.PackageMeasurementTaskService.UPLOAD_TASK_TAG target_package=com.google.android.gms requires_charging=0 source_version=203915000 required_network_type=0 flex_time=2350000 persistence_level=1 target_class=com.google.android.gms.measurement.PackageMeasurementTaskService runtime=1667197962195 retry_strategy={"maximum_backoff_seconds":{"3600":0},"initial_backoff_seconds":{"30":0},"retry_policy":{"0":0}} preferred_network_type=1 required_idleness_state=0 preferred_charging_state=1 period=4701000 last_runtime=0 task_type=0 job_id=-1 user_id=0, error message: UNIQUE constraint failed: pending_ops.tag, pending_ops.target_class, pending_ops.target_package, pending_ops.user_id (code 2067) [CONTEXT service_id=218 ]
10-31 07:32:42.350   787 30073 W NetworkScheduler: Error inserting service_kind=0 source=16 tag=Measurement.PackageMeasurementTaskService.UPLOAD_TASK_TAG target_package=com.google.android.gms requires_charging=0 source_version=203915000 required_network_type=0 flex_time=2349000 persistence_level=1 target_class=com.google.android.gms.measurement.PackageMeasurementTaskService runtime=1667197962347 retry_strategy={"maximum_backoff_seconds":{"3600":0},"initial_backoff_seconds":{"30":0},"retry_policy":{"0":0}} preferred_network_type=1 required_idleness_state=0 preferred_charging_state=1 period=4700000 last_runtime=0 task_type=0 job_id=-1 user_id=0, error message: UNIQUE constraint failed: pending_ops.tag, pending_ops.target_class, pending_ops.target_package, pending_ops.user_id (code 2067) [CONTEXT service_id=218 ]
10-31 07:32:42.601  2137  2137 I dex2oat : dex2oat took 348.426ms (threads: 2) arena alloc=432KB (442800B) java alloc=32KB (33064B) native alloc=354KB (362688B) free=1181KB (1210176B)
10-31 07:32:42.819  2144  2144 I dex2oat : /system/bin/dex2oat --dex-file=/data/user/0/com.opera.browser/code_cache/. ​    --oat-fd=178 --oat-location=/data/user/0/com.opera.browser/code_cache/.    --compiler-filter=speed
10-31 07:32:42.992  1752  1762 W art     : Suspending all threads took: 35.761ms
10-31 07:32:43.095  1752  1762 I art     : Background sticky concurrent mark sweep GC freed 52022(4MB) AllocSpace objects, 46(1988KB) LOS objects, 26% free, 14MB/19MB, paused 38.193ms total 222.602ms
10-31 07:32:43.175  1752  1757 I art     : Do partial code cache collection, code=37KB, data=61KB
10-31 07:32:43.185  1752  1757 I art     : After code cache collection, code=36KB, data=60KB
10-31 07:32:43.185  1752  1757 I art     : Increasing code cache capacity to 256KB
10-31 07:32:43.193  2144  2144 I dex2oat : dex2oat took 375.382ms (threads: 2) arena alloc=611KB (626184B) java alloc=97KB (100080B) native alloc=523KB (536384B) free=1524KB (1560768B)
10-31 07:32:43.273   600  6312 D DnsEventListenerService: Logging 100 results for netId 100
10-31 07:32:43.598  1752  1762 I art     : Background sticky concurrent mark sweep GC freed 84192(4MB) AllocSpace objects, 10(856KB) LOS objects, 23% free, 14MB/19MB, paused 2.651ms total 148.456ms
10-31 07:32:43.989  1752  1762 I art     : Background partial concurrent mark sweep GC freed 98427(5MB) AllocSpace objects, 23(2MB) LOS objects, 39% free, 14MB/24MB, paused 3.601ms total 186.240ms
10-31 07:32:44.131  2010  2010 D MonkeyStub: translateCommand: tap 57 93
10-31 07:32:44.354  1752  1762 I art     : Background partial concurrent mark sweep GC freed 106701(3MB) AllocSpace objects, 5(220KB) LOS objects, 40% free, 13MB/23MB, paused 1.329ms total 100.083ms
10-31 07:32:46.239  2010  2010 D MonkeyStub: translateCommand: tap 57 93
10-31 07:32:46.501  1752  1757 I art     : Do full code cache collection, code=83KB, data=125KB
10-31 07:32:46.506  1752  1757 I art     : Starting a blocking GC JitCodeCache
10-31 07:32:46.507  1752  1757 I art     : After code cache collection, code=59KB, data=61KB
10-31 07:32:48.493  2010  2010 D MonkeyStub: translateCommand: tap 446 593
10-31 07:32:50.539  2010  2010 D MonkeyStub: translateCommand: tap 667 302
10-31 07:32:53.819  2010  2010 D MonkeyStub: translateCommand: tap 1286 930
10-31 07:32:55.045  2010  2010 D MonkeyStub: translateCommand: tap 62 98
10-31 07:32:55.081  2010  2010 D MonkeyStub: translateCommand: tap 729 89
10-31 07:32:55.096  2010  2010 D MonkeyStub: Quit requested
10-31 07:32:55.126   600   614 I CwMcuSensor: CwMcuSensor::flush: fd = 245, sensors_id = 0, path = /sys/class/htc_sensorhub/sensor_hub/flush, err = 0
10-31 07:32:55.135  2010  2010 I art     : System.exit called, status: 16
10-31 07:32:55.135  2010  2010 I AndroidRuntime: VM exiting with result code 16.
10-31 07:32:55.163   600 24515 W WindowManager: Attempted to remove non-existing token: android.os.Binder@c3993fa
10-31 07:32:55.390   600   713 E BatteryStatsService: power: Missing API
10-31 07:32:55.396   600   713 E BatteryStatsService: no controller energy info supplied
10-31 07:32:55.397   796   796 E PhoneInterfaceManager: [PhoneIntfMgr] queryModemActivityInfo: Empty response
10-31 07:32:55.406   600   713 E BatteryStatsService: modem info is invalid: ModemActivityInfo{ mTimestamp=0 mSleepTimeMs=0 mIdleTimeMs=0 mTxTimeMs[]=[0, 0, 0, 0, 0] mRxTimeMs=0 mEnergyUsed=0}
10-31 07:32:55.419   600   613 W ProcessCpuTracker: Skipping unknown process pid 2180
10-31 07:32:55.785  2183  2183 D AndroidRuntime: >>>>>> START com.android.internal.os.RuntimeInit uid 2000 <<<<<<
10-31 07:32:55.789  2183  2183 D AndroidRuntime: CheckJNI is OFF
10-31 07:32:55.854  2183  2183 D ICU     : No timezone override file found: /data/misc/zoneinfo/current/icu/icu_tzdata.dat
10-31 07:32:55.883  2183  2183 I Radio-JNI: register_android_hardware_Radio DONE
10-31 07:32:55.898  2183  2183 D AndroidRuntime: Calling main entry com.android.commands.am.Am
10-31 07:32:55.915   600  1076 I ActivityManager: START u0 {act=android.intent.action.VIEW dat=http://192.168.40.1/... flg=0x10000000 cmp=com.opera.browser/com.opera.Opera} from uid 2000 on display 0
10-31 07:32:55.921  2183  2183 D AndroidRuntime: Shutting down VM
10-31 07:32:56.023  1752  1752 W art     : Before Android 4.1, method double java.util.concurrent.ThreadLocalRandom.internalNextDouble(double, double) would have incorrectly overridden the package-private method in java.util.Random
10-31 07:32:56.023  1752  1752 W art     : Before Android 4.1, method int java.util.concurrent.ThreadLocalRandom.internalNextInt(int, int) would have incorrectly overridden the package-private method in java.util.Random
10-31 07:32:56.023  1752  1752 W art     : Before Android 4.1, method long java.util.concurrent.ThreadLocalRandom.internalNextLong(long, long) would have incorrectly overridden the package-private method in java.util.Random
10-31 07:32:56.080   600   619 D BluetoothManagerService: Message: 20
10-31 07:32:56.080   600   619 D BluetoothManagerService: Added callback: android.bluetooth.IBluetoothManagerCallback$Stub$Proxy@bca710d:true
10-31 07:32:56.085   600  2707 I ActivityManager: Start proc 2195:com.opera.browser:sandboxed_process0/u0a122 for service com.opera.browser/com.opera.android.browser.chromium.services.SandboxedProcessService0
10-31 07:32:56.140  2195  2195 I art     : Starting a blocking GC AddRemoveAppImageSpace
10-31 07:32:56.156  2195  2195 I LoadedApk: No resource references to update in package com.opera.browser.nord_vpn
10-31 07:32:56.193  1752  2072 W ResourceType: ResTable_typeSpec entry count inconsistent: given 67, previously 69
10-31 07:32:56.193  1752  2072 W ResourceType: ResTable_typeSpec entry count inconsistent: given 5346, previously 5347
10-31 07:32:56.321  1752  1757 I art     : Do partial code cache collection, code=83KB, data=106KB
10-31 07:32:56.328  1752  1757 I art     : After code cache collection, code=83KB, data=106KB
10-31 07:32:56.328  1752  1757 I art     : Increasing code cache capacity to 512KB
10-31 07:32:56.524   787  1174 I FontLog : Received query name=Google Sans&weight=400&besteffort=false, URI content://com.google.android.gms.fonts [CONTEXT service_id=132 ]
10-31 07:32:56.525   787  1174 I FontLog : Query [name=Google Sans&weight=400&besteffort=false] resolved to {Google Sans, wdth 100.0, wght 400, ital 0.0, bestEffort false} [CONTEXT service_id=132 ]
10-31 07:32:56.527   787  1174 I FontLog : Font PFD returned from cache for {Google Sans, wdth 100.0, wght 400, ital 0.0, bestEffort false} [CONTEXT service_id=132 ]
10-31 07:32:56.527   787  1174 I FontLog : Fetch {Google Sans, wdth 100.0, wght 400, ital 0.0, bestEffort false} end status Status{statusCode=SUCCESS, resolution=null} [CONTEXT service_id=132 ]
10-31 07:32:56.554   787 28597 I FontLog : Pulling font file for id = 1582, cache size = 7 [CONTEXT service_id=132 ]
10-31 07:32:56.559   787 28590 I FontLog : Received query name=Google Sans&weight=500&besteffort=false, URI content://com.google.android.gms.fonts [CONTEXT service_id=132 ]
10-31 07:32:56.560   787 28590 I FontLog : Query [name=Google Sans&weight=500&besteffort=false] resolved to {Google Sans, wdth 100.0, wght 500, ital 0.0, bestEffort false} [CONTEXT service_id=132 ]
10-31 07:32:56.566   787 28590 I FontLog : Font PFD returned from cache for {Google Sans, wdth 100.0, wght 500, ital 0.0, bestEffort false} [CONTEXT service_id=132 ]
10-31 07:32:56.566   787 28590 I FontLog : Fetch {Google Sans, wdth 100.0, wght 500, ital 0.0, bestEffort false} end status Status{statusCode=SUCCESS, resolution=null} [CONTEXT service_id=132 ]
10-31 07:32:56.571   787  1245 I FontLog : Pulling font file for id = 1583, cache size = 8 [CONTEXT service_id=132 ]
10-31 07:32:56.575   787 28591 I FontLog : Received query name=Google Sans&weight=700&besteffort=false, URI content://com.google.android.gms.fonts [CONTEXT service_id=132 ]
10-31 07:32:56.575   787 28591 I FontLog : Query [name=Google Sans&weight=700&besteffort=false] resolved to {Google Sans, wdth 100.0, wght 700, ital 0.0, bestEffort false} [CONTEXT service_id=132 ]
10-31 07:32:56.580   787 28591 I FontLog : Fetch {Google Sans, wdth 100.0, wght 700, ital 0.0, bestEffort false} end status Status{statusCode=SUCCESS, resolution=null} [CONTEXT service_id=132 ]
10-31 07:32:56.584   787 28588 I FontLog : Pulling font file for id = 1584, cache size = 7 [CONTEXT service_id=132 ]
10-31 07:32:56.591   787   806 I FontLog : Received query name=Noto Color Emoji Compat&weight=400&besteffort=false, URI content://com.google.android.gms.fonts [CONTEXT service_id=132 ]
10-31 07:32:56.591   787   806 I FontLog : Query [name=Noto Color Emoji Compat&weight=400&besteffort=false] resolved to {Noto Color Emoji Compat, wdth 100.0, wght 400, ital 0.0, bestEffort false} [CONTEXT service_id=132 ]
10-31 07:32:56.596   787   806 I FontLog : Fetch {Noto Color Emoji Compat, wdth 100.0, wght 400, ital 0.0, bestEffort false} end status Status{statusCode=SUCCESS, resolution=null} [CONTEXT service_id=132 ]
10-31 07:32:56.599   787 28590 I FontLog : Pulling font file for id = 1585, cache size = 6 [CONTEXT service_id=132 ]
10-31 07:32:56.606   787 30073 W FontLog : Error updating last accessed time for {Google Sans, wdth 100.0, wght 500, ital 0.0, bestEffort false}. [CONTEXT service_id=132 ]
10-31 07:32:56.606   787 30073 W FontLog : java.lang.IllegalStateException: attempt to re-open an already-closed object: SQLiteDatabase: /data/user/0/com.google.android.gms/databases/metadata.db
10-31 07:32:56.606   787 30073 W FontLog : 	at android.database.sqlite.SQLiteClosable.acquireReference(SQLiteClosable.java:55)
10-31 07:32:56.606   787 30073 W FontLog : 	at android.database.sqlite.SQLiteDatabase.executeSql(SQLiteDatabase.java:1662)
10-31 07:32:56.606   787 30073 W FontLog : 	at android.database.sqlite.SQLiteDatabase.execSQL(SQLiteDatabase.java:1658)
10-31 07:32:56.606   787 30073 W FontLog : 	at aafx.run(Unknown Source)
10-31 07:32:56.606   787 30073 W FontLog : 	at sup.b(:com.google.android.gms@203915020@20.39.15 (040406-335085812):12)
10-31 07:32:56.606   787 30073 W FontLog : 	at sup.run(:com.google.android.gms@203915020@20.39.15 (040406-335085812):7)
10-31 07:32:56.606   787 30073 W FontLog : 	at java.util.concurrent.ThreadPoolExecutor.runWorker(ThreadPoolExecutor.java:1133)
10-31 07:32:56.606   787 30073 W FontLog : 	at java.util.concurrent.ThreadPoolExecutor$Worker.run(ThreadPoolExecutor.java:607)
10-31 07:32:56.606   787 30073 W FontLog : 	at tam.run(:com.google.android.gms@203915020@20.39.15 (040406-335085812):0)
10-31 07:32:56.606   787 30073 W FontLog : 	at java.lang.Thread.run(Thread.java:761)
10-31 07:32:56.615   787  2219 W NetworkScheduler: Error inserting service_kind=0 source=16 tag=Measurement.PackageMeasurementTaskService.UPLOAD_TASK_TAG target_package=com.google.android.gms requires_charging=0 source_version=203915000 required_network_type=0 flex_time=2335000 persistence_level=1 target_class=com.google.android.gms.measurement.PackageMeasurementTaskService runtime=1667197976604 retry_strategy={"maximum_backoff_seconds":{"3600":0},"initial_backoff_seconds":{"30":0},"retry_policy":{"0":0}} preferred_network_type=1 required_idleness_state=0 preferred_charging_state=1 period=4672000 last_runtime=0 task_type=0 job_id=-1 user_id=0, error message: UNIQUE constraint failed: pending_ops.tag, pending_ops.target_class, pending_ops.target_package, pending_ops.user_id (code 2067) [CONTEXT service_id=218 ]
10-31 07:33:08.576  2244  2244 D AndroidRuntime: >>>>>> START com.android.internal.os.RuntimeInit uid 2000 <<<<<<
10-31 07:33:08.584  2244  2244 D AndroidRuntime: CheckJNI is OFF
10-31 07:33:08.693  2244  2244 D ICU     : No timezone override file found: /data/misc/zoneinfo/current/icu/icu_tzdata.dat
10-31 07:33:08.740  2244  2244 I Radio-JNI: register_android_hardware_Radio DONE
10-31 07:33:08.769  2244  2244 D AndroidRuntime: Calling main entry com.android.commands.monkey.Monkey
10-31 07:33:08.863   600   613 W BroadcastQueue: Skipping deliver [background] BroadcastRecord{df65004 u-1 android.net.conn.CONNECTIVITY_CHANGE} to ReceiverList{55979ed 2244 (unknown name)/2000/u-1 remote:3dc096}: process crashing
10-31 07:33:10.052  2244  2244 D MonkeyStub: translateCommand: wake
10-31 07:33:10.218  2244  2244 D MonkeyStub: translateCommand: tap 196 1873
10-31 07:33:14.422   600   609 I art     : Background partial concurrent mark sweep GC freed 45900(2MB) AllocSpace objects, 10(216KB) LOS objects, 33% free, 16MB/24MB, paused 6.505ms total 129.112ms
10-31 07:33:20.445  2244  2244 D MonkeyStub: translateCommand: touch down 614 1561
10-31 07:33:20.465  2244  2244 D MonkeyStub: translateCommand: touch move 614 1561
10-31 07:33:20.570  2244  2244 D MonkeyStub: translateCommand: touch move 614 1436
10-31 07:33:20.675  2244  2244 D MonkeyStub: translateCommand: touch move 614 1311
10-31 07:33:20.795  2244  2244 D MonkeyStub: translateCommand: touch move 614 1186
10-31 07:33:20.929  2244  2244 D MonkeyStub: translateCommand: touch move 614 1061
10-31 07:33:21.053  2244  2244 D MonkeyStub: translateCommand: touch move 614 937
10-31 07:33:21.165  2244  2244 D MonkeyStub: translateCommand: touch move 614 812
10-31 07:33:21.271  2244  2244 D MonkeyStub: translateCommand: touch move 614 687
10-31 07:33:21.383  2244  2244 D MonkeyStub: translateCommand: touch move 614 562
10-31 07:33:21.490  2244  2244 D MonkeyStub: translateCommand: touch move 614 437
10-31 07:33:21.602  2244  2244 D MonkeyStub: translateCommand: touch move 614 312
10-31 07:33:21.607  2244  2244 D MonkeyStub: translateCommand: touch up 614 312
10-31 07:33:21.665  2244  2244 D MonkeyStub: translateCommand: touch down 614 1561
10-31 07:33:21.672  2244  2244 D MonkeyStub: translateCommand: touch move 614 1561
10-31 07:33:21.777  2244  2244 D MonkeyStub: translateCommand: touch move 614 1436
10-31 07:33:21.889  2244  2244 D MonkeyStub: translateCommand: touch move 614 1311
10-31 07:33:21.998  2244  2244 D MonkeyStub: translateCommand: touch move 614 1186
10-31 07:33:22.110  2244  2244 D MonkeyStub: translateCommand: touch move 614 1061
10-31 07:33:22.221  2244  2244 D MonkeyStub: translateCommand: touch move 614 937
10-31 07:33:22.326  2244  2244 D MonkeyStub: translateCommand: touch move 614 812
10-31 07:33:22.449  2244  2244 D MonkeyStub: translateCommand: touch move 614 687
10-31 07:33:22.563  2244  2244 D MonkeyStub: translateCommand: touch move 614 562
10-31 07:33:22.685  2244  2244 D MonkeyStub: translateCommand: touch move 614 437
10-31 07:33:22.793  2244  2244 D MonkeyStub: translateCommand: touch move 614 312
10-31 07:33:22.799  2244  2244 D MonkeyStub: translateCommand: touch up 614 312
10-31 07:33:22.826  2244  2244 D MonkeyStub: translateCommand: touch down 614 1561
10-31 07:33:22.830  2244  2244 D MonkeyStub: translateCommand: touch move 614 1561
10-31 07:33:22.943  2244  2244 D MonkeyStub: translateCommand: touch move 614 1436
10-31 07:33:23.054  2244  2244 D MonkeyStub: translateCommand: touch move 614 1311
10-31 07:33:23.162  2244  2244 D MonkeyStub: translateCommand: touch move 614 1186
10-31 07:33:23.270  2244  2244 D MonkeyStub: translateCommand: touch move 614 1061
10-31 07:33:23.375  2244  2244 D MonkeyStub: translateCommand: touch move 614 937
10-31 07:33:23.503  2244  2244 D MonkeyStub: translateCommand: touch move 614 812
10-31 07:33:23.628  2244  2244 D MonkeyStub: translateCommand: touch move 614 687
10-31 07:33:23.756  2244  2244 D MonkeyStub: translateCommand: touch move 614 562
10-31 07:33:23.887  2244  2244 D MonkeyStub: translateCommand: touch move 614 437
10-31 07:33:23.996  2244  2244 D MonkeyStub: translateCommand: touch move 614 312
10-31 07:33:24.001  2244  2244 D MonkeyStub: translateCommand: touch up 614 312
10-31 07:33:26.182  2244  2244 D MonkeyStub: translateCommand: touch down 614 1561
10-31 07:33:26.197  2244  2244 D MonkeyStub: translateCommand: touch move 614 1561
10-31 07:33:26.306  2244  2244 D MonkeyStub: translateCommand: touch move 614 1436
10-31 07:33:26.413  2244  2244 D MonkeyStub: translateCommand: touch move 614 1311
10-31 07:33:26.518  2244  2244 D MonkeyStub: translateCommand: touch move 614 1186
10-31 07:33:26.623  2244  2244 D MonkeyStub: translateCommand: touch move 614 1061
10-31 07:33:26.730  2244  2244 D MonkeyStub: translateCommand: touch move 614 937
10-31 07:33:26.843  2244  2244 D MonkeyStub: translateCommand: touch move 614 812
10-31 07:33:26.956  2244  2244 D MonkeyStub: translateCommand: touch move 614 687
10-31 07:33:27.065  2244  2244 D MonkeyStub: translateCommand: touch move 614 562
10-31 07:33:27.171  2244  2244 D MonkeyStub: translateCommand: touch move 614 437
10-31 07:33:27.277  2244  2244 D MonkeyStub: translateCommand: touch move 614 312
10-31 07:33:27.294  2244  2244 D MonkeyStub: translateCommand: touch up 614 312
10-31 07:33:27.344  2244  2244 D MonkeyStub: translateCommand: touch down 614 1561
10-31 07:33:27.357  2244  2244 D MonkeyStub: translateCommand: touch move 614 1561
10-31 07:33:27.466  2244  2244 D MonkeyStub: translateCommand: touch move 614 1436
10-31 07:33:27.576  2244  2244 D MonkeyStub: translateCommand: touch move 614 1311
10-31 07:33:27.686  2244  2244 D MonkeyStub: translateCommand: touch move 614 1186
10-31 07:33:27.807  2244  2244 D MonkeyStub: translateCommand: touch move 614 1061
10-31 07:33:27.918  2244  2244 D MonkeyStub: translateCommand: touch move 614 937
10-31 07:33:28.023  2244  2244 D MonkeyStub: translateCommand: touch move 614 812
10-31 07:33:28.127  2244  2244 D MonkeyStub: translateCommand: touch move 614 687
10-31 07:33:28.234  2244  2244 D MonkeyStub: translateCommand: touch move 614 562
10-31 07:33:28.342  2244  2244 D MonkeyStub: translateCommand: touch move 614 437
10-31 07:33:28.449  2244  2244 D MonkeyStub: translateCommand: touch move 614 312
10-31 07:33:28.455  2244  2244 D MonkeyStub: translateCommand: touch up 614 312
10-31 07:33:29.591   600   610 I ActivityManager: Process com.google.android.partnersetup (pid 11176) has died
10-31 07:33:29.591   600   610 D ActivityManager: cleanUpApplicationRecord -- 11176
10-31 07:33:31.497  2244  2244 D MonkeyStub: translateCommand: tap 1238 1216
10-31 07:33:33.150   198   198 E SELinux : avc:  denied  { find } for service=netd pid=2333 uid=2000 scontext=u:r:shell:s0 tcontext=u:object_r:netd_service:s0 tclass=service_manager permissive=0
10-31 07:33:33.157   198   198 E SELinux : avc:  denied  { find } for service=android.service.gatekeeper.IGateKeeperService pid=2333 uid=2000 scontext=u:r:shell:s0 tcontext=u:object_r:gatekeeper_service:s0 tclass=service_manager permissive=0
10-31 07:33:36.819   600   647 I WifiHAL : Got channel list with 13 channels
10-31 07:33:36.820   600   647 I WifiHAL : Got channel list with 4 channels
10-31 07:33:36.821   600   647 I WifiHAL : Got channel list with 15 channels
10-31 07:33:41.543  2244  2244 D MonkeyStub: translateCommand: tap 163 1864
10-31 07:33:45.264   600 10249 I ActivityManager: Process com.android.defcontainer (pid 12860) has died
10-31 07:33:45.264   600 10249 D ActivityManager: cleanUpApplicationRecord -- 12860
10-31 07:33:46.655  2244  2244 D MonkeyStub: translateCommand: touch down 614 1561
10-31 07:33:46.662  2244  2244 D MonkeyStub: translateCommand: touch move 614 1561
10-31 07:33:46.769  2244  2244 D MonkeyStub: translateCommand: touch move 614 1436
10-31 07:33:46.879  2244  2244 D MonkeyStub: translateCommand: touch move 614 1311
10-31 07:33:46.983  2244  2244 D MonkeyStub: translateCommand: touch move 614 1186
10-31 07:33:47.088  2244  2244 D MonkeyStub: translateCommand: touch move 614 1061
10-31 07:33:47.201  2244  2244 D MonkeyStub: translateCommand: touch move 614 937
10-31 07:33:47.308  2244  2244 D MonkeyStub: translateCommand: touch move 614 812
10-31 07:33:47.420  2244  2244 D MonkeyStub: translateCommand: touch move 614 687
10-31 07:33:47.535  2244  2244 D MonkeyStub: translateCommand: touch move 614 562
10-31 07:33:47.646  2244  2244 D MonkeyStub: translateCommand: touch move 614 437
10-31 07:33:47.754  2244  2244 D MonkeyStub: translateCommand: touch move 614 312
10-31 07:33:47.772  2244  2244 D MonkeyStub: translateCommand: touch up 614 312
10-31 07:33:47.802  2244  2244 D MonkeyStub: translateCommand: touch down 614 1561
10-31 07:33:47.804  2244  2244 D MonkeyStub: translateCommand: touch move 614 1561
10-31 07:33:47.911  2244  2244 D MonkeyStub: translateCommand: touch move 614 1436
10-31 07:33:48.019  2244  2244 D MonkeyStub: translateCommand: touch move 614 1311
10-31 07:33:48.129  2244  2244 D MonkeyStub: translateCommand: touch move 614 1186
10-31 07:33:48.246  2244  2244 D MonkeyStub: translateCommand: touch move 614 1061
10-31 07:33:48.356  2244  2244 D MonkeyStub: translateCommand: touch move 614 937
10-31 07:33:48.468  2244  2244 D MonkeyStub: translateCommand: touch move 614 812
10-31 07:33:48.578  2244  2244 D MonkeyStub: translateCommand: touch move 614 687
10-31 07:33:48.697  2244  2244 D MonkeyStub: translateCommand: touch move 614 562
10-31 07:33:48.804  2244  2244 D MonkeyStub: translateCommand: touch move 614 437
10-31 07:33:48.912  2244  2244 D MonkeyStub: translateCommand: touch move 614 312
10-31 07:33:48.919  2244  2244 D MonkeyStub: translateCommand: touch up 614 312
10-31 07:33:49.228  1752  1762 I art     : Background sticky concurrent mark sweep GC freed 135373(5MB) AllocSpace objects, 8(156KB) LOS objects, 25% free, 17MB/23MB, paused 6.268ms total 146.522ms
10-31 07:33:50.807  1752  1762 I art     : Background sticky concurrent mark sweep GC freed 128387(5MB) AllocSpace objects, 0(0B) LOS objects, 22% free, 18MB/23MB, paused 8.093ms total 110.222ms
10-31 07:33:50.959  2244  2244 D MonkeyStub: translateCommand: touch down 614 1561
10-31 07:33:50.969  2244  2244 D MonkeyStub: translateCommand: touch move 614 1561
10-31 07:33:51.079  2244  2244 D MonkeyStub: translateCommand: touch move 614 1436
10-31 07:33:51.182  2244  2244 D MonkeyStub: translateCommand: touch move 614 1311
10-31 07:33:51.291  2244  2244 D MonkeyStub: translateCommand: touch move 614 1186
10-31 07:33:51.404  2244  2244 D MonkeyStub: translateCommand: touch move 614 1061
10-31 07:33:51.512  2244  2244 D MonkeyStub: translateCommand: touch move 614 937
10-31 07:33:51.625  2244  2244 D MonkeyStub: translateCommand: touch move 614 812
10-31 07:33:51.730  2244  2244 D MonkeyStub: translateCommand: touch move 614 687
10-31 07:33:51.839  2244  2244 D MonkeyStub: translateCommand: touch move 614 562
10-31 07:33:51.944  2244  2244 D MonkeyStub: translateCommand: touch move 614 437
10-31 07:33:52.050  2244  2244 D MonkeyStub: translateCommand: touch move 614 312
10-31 07:33:52.060  2244  2244 D MonkeyStub: translateCommand: touch up 614 312
10-31 07:33:52.076  2244  2244 D MonkeyStub: Quit requested
10-31 07:33:52.111   600   614 I CwMcuSensor: CwMcuSensor::flush: fd = 245, sensors_id = 0, path = /sys/class/htc_sensorhub/sensor_hub/flush, err = 0
10-31 07:33:52.133  2244  2244 I art     : System.exit called, status: 110
10-31 07:33:52.133  2244  2244 I AndroidRuntime: VM exiting with result code 110.
