--------- beginning of main
10-29 18:34:01.644 13280 13280 D AndroidRuntime: >>>>>> START com.android.internal.os.RuntimeInit uid 2000 <<<<<<
10-29 18:34:01.648 13280 13280 D AndroidRuntime: CheckJNI is OFF
10-29 18:34:01.722 13280 13280 D ICU     : No timezone override file found: /data/misc/zoneinfo/current/icu/icu_tzdata.dat
10-29 18:34:01.755 13280 13280 I Radio-JNI: register_android_hardware_Radio DONE
10-29 18:34:01.772 13280 13280 D AndroidRuntime: Calling main entry com.android.commands.am.Am
--------- beginning of system
10-29 18:34:01.790   600  2707 I ActivityManager: Force stopping com.opera.browser appid=10122 user=0: from pid 13280
10-29 18:34:01.799  1061  1061 D RegisteredNfcFServicesCache: Service unchanged, not updating
10-29 18:34:02.046   600  3509 I ActivityManager: START u0 {act=android.intent.action.VIEW flg=0x10008000 cmp=com.opera.browser/com.opera.Opera} from uid 2000 on display 0
10-29 18:34:02.076 13280 13280 D AndroidRuntime: Shutting down VM
10-29 18:34:02.103   600  6312 I ActivityManager: Start proc 13290:com.opera.browser/u0a122 for activity com.opera.browser/com.opera.Opera
10-29 18:34:02.182 13290 13290 I art     : Starting a blocking GC AddRemoveAppImageSpace
10-29 18:34:02.201 13290 13290 I LoadedApk: No resource references to update in package com.opera.browser.nord_vpn
10-29 18:34:02.296 13290 13290 I art     : Rejecting re-init on previously-failed class java.lang.Class<com.opera.android.job.a$j>: java.lang.NoClassDefFoundError: Failed resolution of: Landroid/app/job/JobServiceEngine;
10-29 18:34:02.296 13290 13290 I art     :   at void com.opera.android.OperaApplication.onCreate() (SourceFile:52)
10-29 18:34:02.296 13290 13290 I art     :   at void android.app.Instrumentation.callApplicationOnCreate(android.app.Application) (Instrumentation.java:1024)
10-29 18:34:02.296 13290 13290 I art     :   at void android.app.ActivityThread.handleBindApplication(android.app.ActivityThread$AppBindData) (ActivityThread.java:5403)
10-29 18:34:02.296 13290 13290 I art     :   at void android.app.ActivityThread.-wrap2(android.app.ActivityThread, android.app.ActivityThread$AppBindData) (ActivityThread.java:-1)
10-29 18:34:02.296 13290 13290 I art     :   at void android.app.ActivityThread$H.handleMessage(android.os.Message) (ActivityThread.java:1545)
10-29 18:34:02.298 13290 13290 I art     :   at void android.os.Handler.dispatchMessage(android.os.Message) (Handler.java:102)
10-29 18:34:02.298 13290 13290 I art     :   at void android.os.Looper.loop() (Looper.java:154)
10-29 18:34:02.298 13290 13290 I art     :   at void android.app.ActivityThread.main(java.lang.String[]) (ActivityThread.java:6119)
10-29 18:34:02.298 13290 13290 I art     :   at java.lang.Object java.lang.reflect.Method.invoke!(java.lang.Object, java.lang.Object[]) (Method.java:-2)
10-29 18:34:02.298 13290 13290 I art     :   at void com.android.internal.os.ZygoteInit$MethodAndArgsCaller.run() (ZygoteInit.java:886)
10-29 18:34:02.298 13290 13290 I art     :   at void com.android.internal.os.ZygoteInit.main(java.lang.String[]) (ZygoteInit.java:776)
10-29 18:34:02.298 13290 13290 I art     : Caused by: java.lang.ClassNotFoundException: Didn't find class "android.app.job.JobServiceEngine" on path: DexPathList[[zip file "/data/app/com.opera.browser-1/base.apk"],nativeLibraryDirectories=[/data/app/com.opera.browser-1/lib/arm, /data/app/com.opera.browser-1/base.apk!/lib/armeabi-v7a, /system/lib, /vendor/lib]]
10-29 18:34:02.298 13290 13290 I art     :   at java.lang.Class dalvik.system.BaseDexClassLoader.findClass(java.lang.String) (BaseDexClassLoader.java:56)
10-29 18:34:02.298 13290 13290 I art     :   at java.lang.Class java.lang.ClassLoader.loadClass(java.lang.String, boolean) (ClassLoader.java:380)
10-29 18:34:02.298 13290 13290 I art     :   at java.lang.Class java.lang.ClassLoader.loadClass(java.lang.String) (ClassLoader.java:312)
10-29 18:34:02.298 13290 13290 I art     :   at void com.opera.android.OperaApplication.onCreate() (SourceFile:52)
10-29 18:34:02.298 13290 13290 I art     :   at void android.app.Instrumentation.callApplicationOnCreate(android.app.Application) (Instrumentation.java:1024)
10-29 18:34:02.298 13290 13290 I art     :   at void android.app.ActivityThread.handleBindApplication(android.app.ActivityThread$AppBindData) (ActivityThread.java:5403)
10-29 18:34:02.298 13290 13290 I art     :   at void android.app.ActivityThread.-wrap2(android.app.ActivityThread, android.app.ActivityThread$AppBindData) (ActivityThread.java:-1)
10-29 18:34:02.298 13290 13290 I art     :   at void android.app.ActivityThread$H.handleMessage(android.os.Message) (ActivityThread.java:1545)
10-29 18:34:02.298 13290 13290 I art     :   at void android.os.Handler.dispatchMessage(android.os.Message) (Handler.java:102)
10-29 18:34:02.298 13290 13290 I art     :   at void android.os.Looper.loop() (Looper.java:154)
10-29 18:34:02.298 13290 13290 I art     :   at void android.app.ActivityThread.main(java.lang.String[]) (ActivityThread.java:6119)
10-29 18:34:02.298 13290 13290 I art     :   at java.lang.Object java.lang.reflect.Method.invoke!(java.lang.Object, java.lang.Object[]) (Method.java:-2)
10-29 18:34:02.298 13290 13290 I art     :   at void com.android.internal.os.ZygoteInit$MethodAndArgsCaller.run() (ZygoteInit.java:886)
10-29 18:34:02.298 13290 13290 I art     :   at void com.android.internal.os.ZygoteInit.main(java.lang.String[]) (ZygoteInit.java:776)
10-29 18:34:02.298 13290 13290 I art     : 
10-29 18:34:02.311 13290 13327 D NetworkSecurityConfig: Using Network Security Config from resource network_security_config_official_build debugBuild: false
10-29 18:34:02.500   600  3507 I ActivityManager: START u0 {act=android.intent.action.VIEW flg=0x10008000 cmp=com.opera.browser/com.opera.android.startup.WelcomeActivity} from uid 10122 on display 0
10-29 18:34:02.536   600   713 W ActivityManager: Duplicate finish request for ActivityRecord{878e086 u0 com.opera.browser/com.opera.Opera t1298 f}
10-29 18:34:02.618 13290 13300 I art     : Background sticky concurrent mark sweep GC freed 21242(2MB) AllocSpace objects, 4(160KB) LOS objects, 26% free, 5MB/6MB, paused 3.187ms total 101.248ms
10-29 18:34:02.808   600   609 I art     : Background partial concurrent mark sweep GC freed 30121(1556KB) AllocSpace objects, 4(80KB) LOS objects, 33% free, 14MB/22MB, paused 1.157ms total 202.284ms
10-29 18:34:02.870 13290 13300 I art     : Background sticky concurrent mark sweep GC freed 29452(2MB) AllocSpace objects, 16(316KB) LOS objects, 22% free, 5MB/6MB, paused 1.406ms total 129.542ms
10-29 18:34:02.897 13290 13401 I OpenGLRenderer: Initialized EGL, version 1.4
10-29 18:34:02.897 13290 13401 D OpenGLRenderer: Swap behavior 2
10-29 18:34:02.922 13290 13300 W art     : Suspending all threads took: 9.997ms
10-29 18:34:02.926 13290 13300 I art     : Background sticky concurrent mark sweep GC freed 12831(536KB) AllocSpace objects, 0(0B) LOS objects, 26% free, 5MB/6MB, paused 11.161ms total 52.648ms
10-29 18:34:02.955 13290 13343 I FA      : App measurement initialized, version: 43042
10-29 18:34:02.955 13290 13343 I FA      : To enable debug logging run: adb shell setprop log.tag.FA VERBOSE
10-29 18:34:02.955 13290 13343 I FA      : To enable faster debug mode event logging run:
10-29 18:34:02.955 13290 13343 I FA      :   adb shell setprop debug.firebase.analytics.app com.opera.browser
10-29 18:34:03.079   600   620 I ActivityManager: Displayed com.opera.browser/com.opera.android.startup.WelcomeActivity: +513ms (total +1s2ms)
10-29 18:34:03.230 13290 13414 W chromium: [WARNING:op_site_scripts.cc(424)] Failed to map /data/user/0/com.opera.browser/app_opera/sjs
10-29 18:34:03.230   600 27731 I ActivityManager: Start proc 13426:com.opera.browser:privileged_process0/u0a122 for service com.opera.browser/com.opera.android.browser.chromium.services.PrivilegedProcessService0
10-29 18:34:03.316 13426 13426 I art     : Starting a blocking GC AddRemoveAppImageSpace
10-29 18:34:03.336   600   620 W WindowManager: Failed looking up window
10-29 18:34:03.336   600   620 W WindowManager: java.lang.IllegalArgumentException: Requested window android.view.ViewRootImpl$W@f81ee3f does not exist
10-29 18:34:03.336   600   620 W WindowManager: 	at com.android.server.wm.WindowManagerService.windowForClientLocked(WindowManagerService.java:9422)
10-29 18:34:03.336   600   620 W WindowManager: 	at com.android.server.wm.WindowManagerService.windowForClientLocked(WindowManagerService.java:9413)
10-29 18:34:03.336   600   620 W WindowManager: 	at com.android.server.wm.WindowManagerService.removeWindow(WindowManagerService.java:2393)
10-29 18:34:03.336   600   620 W WindowManager: 	at com.android.server.wm.Session.remove(Session.java:202)
10-29 18:34:03.336   600   620 W WindowManager: 	at android.view.ViewRootImpl.dispatchDetachedFromWindow(ViewRootImpl.java:3290)
10-29 18:34:03.336   600   620 W WindowManager: 	at android.view.ViewRootImpl.doDie(ViewRootImpl.java:5917)
10-29 18:34:03.336   600   620 W WindowManager: 	at android.view.ViewRootImpl$ViewRootHandler.handleMessage(ViewRootImpl.java:3626)
10-29 18:34:03.336   600   620 W WindowManager: 	at android.os.Handler.dispatchMessage(Handler.java:102)
10-29 18:34:03.336   600   620 W WindowManager: 	at android.os.Looper.loop(Looper.java:154)
10-29 18:34:03.336   600   620 W WindowManager: 	at android.os.HandlerThread.run(HandlerThread.java:61)
10-29 18:34:03.336   600   620 W WindowManager: 	at com.android.server.ServiceThread.run(ServiceThread.java:46)
10-29 18:34:03.354 13426 13426 I LoadedApk: No resource references to update in package com.opera.browser.nord_vpn
10-29 18:34:03.517 13426 13447 E libEGL  : validate_display:99 error 3008 (EGL_BAD_DISPLAY)
10-29 18:34:03.597 11382 11382 I MemoryTrimmer: Trimming objects from memory, since app is in the background.
10-29 18:34:03.599 11382 11394 W SearchService: Abort, client detached.
10-29 18:34:03.603  1084  1084 I MemoryTrimmer: Trimming objects from memory, since app is in the background.
10-29 18:34:03.614 11382 13194 I DeviceStateChecker: DeviceStateChecker cancelled
10-29 18:34:03.617 11382 11382 I MicroDetector: Keeping mic open: false
10-29 18:34:03.617 11382 11414 I AudioController: internalShutdown
10-29 18:34:03.618 11382 11414 I MicrophoneInputStream: mic_close com.google.android.apps.gsa.speech.audio.ae@6b89eda
10-29 18:34:03.618 11382 11439 I MicroRecognitionRunner: Stopping hotword detection.
10-29 18:34:03.646   238   285 I SoundTriggerHwService::Module: void android::SoundTriggerHwService::Module::onCallbackEvent(const sp<android::SoundTriggerHwService::CallbackEvent> &) mClient == 0
10-29 18:34:03.694 11382 13195 I MicroRecognitionRunner: Detection finished
10-29 18:34:03.722 11382 11382 I MemoryTrimmer: Trimming objects from memory, since app is in the background.
10-29 18:34:03.750 13426 13447 E libEGL  : validate_display:99 error 3008 (EGL_BAD_DISPLAY)
10-29 18:34:03.807 13290 13343 I FA      : Tag Manager is not found and thus will not be used
10-29 18:34:07.596 13290 13290 I PlayCore: UID: [10122]  PID: [13290] AppUpdateListenerRegistry : registerListener
10-29 18:34:07.596 13290 13290 I PlayCore: UID: [10122]  PID: [13290] AppUpdateService : requestUpdateInfo(com.opera.browser)
10-29 18:34:07.599 13290 13507 I PlayCore: UID: [10122]  PID: [13290] AppUpdateService : Initiate binding to the service.
10-29 18:34:07.600   600   610 W ActivityManager: Unable to start service Intent { act=com.google.android.play.core.install.BIND_UPDATE_SERVICE pkg=com.android.vending } U=0: not found
10-29 18:34:07.600 13290 13507 I PlayCore: UID: [10122]  PID: [13290] AppUpdateService : Failed to bind to the service.
10-29 18:34:07.678 13290 13509 D ApplicationLoaders: ignored Vulkan layer search path /data/app/com.google.android.gms-1/lib/arm:/data/app/com.google.android.gms-1/base.apk!/lib/armeabi-v7a:/data/app/com.google.android.gms-1/split_config.en.apk!/lib/armeabi-v7a for namespace 0xf4a41090
10-29 18:34:07.680 13290 13509 W ResourceType: ResTable_typeSpec entry count inconsistent: given 67, previously 69
10-29 18:34:07.680 13290 13509 W ResourceType: ResTable_typeSpec entry count inconsistent: given 5346, previously 5347
10-29 18:34:08.097   600   612 D SyncManager: failed sync operation JobId: 100983, com.opera.browser u0 (com.opera.browser.ping), com.opera.browser.ping.provider, SERVER, reason: 10122, SyncResult: delayUntil: 1667068448 stats [ numIoExceptions: 1]
10-29 18:34:15.144 13537 13537 D AndroidRuntime: >>>>>> START com.android.internal.os.RuntimeInit uid 2000 <<<<<<
10-29 18:34:15.147 13537 13537 D AndroidRuntime: CheckJNI is OFF
10-29 18:34:15.213 13537 13537 D ICU     : No timezone override file found: /data/misc/zoneinfo/current/icu/icu_tzdata.dat
10-29 18:34:15.245 13537 13537 I Radio-JNI: register_android_hardware_Radio DONE
10-29 18:34:15.260 13537 13537 D AndroidRuntime: Calling main entry com.android.commands.monkey.Monkey
10-29 18:34:15.330   600   613 W BroadcastQueue: Skipping deliver [background] BroadcastRecord{ce002fd u-1 android.net.conn.CONNECTIVITY_CHANGE} to ReceiverList{8f88bf2 13537 (unknown name)/2000/u-1 remote:68d62a7}: process crashing
10-29 18:34:16.698 13537 13537 D MonkeyStub: translateCommand: wake
10-29 18:34:16.842 13537 13537 D MonkeyStub: translateCommand: tap 960 1881
10-29 18:34:16.864   600   647 I WifiHAL : Got channel list with 13 channels
10-29 18:34:16.866   600   647 I WifiHAL : Got channel list with 4 channels
10-29 18:34:16.870   600   647 I WifiHAL : Got channel list with 15 channels
10-29 18:34:16.925   600  9614 I ActivityManager: START u0 {act=android.intent.action.VIEW flg=0x1000000 cmp=com.opera.browser/com.opera.android.IntentDispatcherActivity} from uid 10122 on display 0
10-29 18:34:17.059   600  3994 I ActivityManager: START u0 {act=android.intent.action.VIEW flg=0x15002000 cmp=com.opera.browser/com.opera.android.BrowserActivity} from uid 10122 on display 0
10-29 18:34:17.064  1084  1171 I OpenGLRenderer: Initialized EGL, version 1.4
10-29 18:34:17.064  1084  1171 D OpenGLRenderer: Swap behavior 2
10-29 18:34:17.187   600   609 I art     : Background partial concurrent mark sweep GC freed 62648(3MB) AllocSpace objects, 47(1356KB) LOS objects, 33% free, 15MB/22MB, paused 6.418ms total 162.914ms
10-29 18:34:17.287 13290 13300 I art     : Background sticky concurrent mark sweep GC freed 17800(1504KB) AllocSpace objects, 36(720KB) LOS objects, 15% free, 7MB/9MB, paused 5.425ms total 127.466ms
10-29 18:34:17.325  1084  1084 I MemoryTrimmer: Trimming objects from memory, since app is in the background.
10-29 18:34:17.468 13290 13584 W ResourceType: ResTable_typeSpec entry count inconsistent: given 67, previously 69
10-29 18:34:17.468 13290 13584 W ResourceType: ResTable_typeSpec entry count inconsistent: given 5346, previously 5347
10-29 18:34:17.569 11382 11382 I MemoryTrimmer: Trimming objects from memory, since app is in the background.
10-29 18:34:17.583 13290 13555 E [Leanplum][ERROR]: No variable values were received from the server. Please contact us to investigate.
10-29 18:34:17.693   600   620 I ActivityManager: Displayed com.opera.browser/com.opera.android.BrowserActivity: +598ms (total +726ms)
10-29 18:34:17.725   600 24515 I CwMcuSensor: CwMcuSensor::flush: fd = 239, sensors_id = 0, path = /sys/class/htc_sensorhub/sensor_hub/flush, err = 0
10-29 18:34:17.772 13290 13401 D OpenGLRenderer: endAllActiveAnimators on 0xce3ca780 (RippleDrawable) with handle 0xce45ea10
10-29 18:34:18.028 13290 13300 I art     : Background sticky concurrent mark sweep GC freed 44828(3MB) AllocSpace objects, 44(880KB) LOS objects, 32% free, 8MB/12MB, paused 2.274ms total 104.580ms
10-29 18:34:18.063 13290 13600 W ResourceType: ResTable_typeSpec entry count inconsistent: given 67, previously 69
10-29 18:34:18.063 13290 13600 W ResourceType: ResTable_typeSpec entry count inconsistent: given 5346, previously 5347
10-29 18:34:18.374 13290 13295 I art     : Do partial code cache collection, code=18KB, data=30KB
10-29 18:34:18.398 13290 13295 I art     : After code cache collection, code=18KB, data=30KB
10-29 18:34:18.398 13290 13295 I art     : Increasing code cache capacity to 128KB
10-29 18:34:18.407 13290 13290 I Choreographer: Skipped 36 frames!  The application may be doing too much work on its main thread.
10-29 18:34:18.570 13290 13290 W View    : requestLayout() improperly called by com.opera.android.custom_views.FadingRecyclerView{3edb1bb VFED.V... ......ID 0,813-1536,813 #7f0a0825 app:id/suggested_dials_grid} during layout: running second layout pass
10-29 18:34:18.609 13290 13300 W art     : Suspending all threads took: 13.578ms
10-29 18:34:18.616 13290 13300 I art     : Background sticky concurrent mark sweep GC freed 28586(1730KB) AllocSpace objects, 16(320KB) LOS objects, 9% free, 11MB/12MB, paused 15.262ms total 58.449ms
10-29 18:34:18.641 13290 13290 E Sensors : sendAck failure -1 1
10-29 18:34:18.641 13290 13290 E Sensors : sendAck failure -1 2
10-29 18:34:18.641 13290 13290 E Sensors : sendAck failure -1 3
10-29 18:34:19.031   787   802 W SQLiteConnectionPool: A SQLiteConnection object for database '/data/user/0/com.google.android.gms/databases/metadata.db' was leaked!  Please fix your application to end transactions in progress properly and to close the database when it is no longer needed.
10-29 18:34:19.032   787  1258 W GmsStrictMode: LEAKED_CLOSABLE [CONTEXT service_id=256 ]
10-29 18:34:19.032   787  1258 W GmsStrictMode: rvo: LEAKED_CLOSABLE
10-29 18:34:19.032   787  1258 W GmsStrictMode: 	at dalvik.system.VMStack.getThreadStackTrace(Native Method)
10-29 18:34:19.032   787  1258 W GmsStrictMode: 	at java.lang.Thread.getStackTrace(Thread.java:1566)
10-29 18:34:19.032   787  1258 W GmsStrictMode: 	at bhdb.containsKey(:com.google.android.gms@203915020@20.39.15 (040406-335085812):1)
10-29 18:34:19.032   787  1258 W GmsStrictMode: 	at android.os.StrictMode.onVmPolicyViolation(StrictMode.java:1867)
10-29 18:34:19.032   787  1258 W GmsStrictMode: 	at android.os.StrictMode.onVmPolicyViolation(StrictMode.java:1844)
10-29 18:34:19.032   787  1258 W GmsStrictMode: 	at android.os.StrictMode$AndroidCloseGuardReporter.report(StrictMode.java:1590)
10-29 18:34:19.032   787  1258 W GmsStrictMode: 	at dalvik.system.CloseGuard.warnIfOpen(CloseGuard.java:208)
10-29 18:34:19.032   787  1258 W GmsStrictMode: 	at android.database.sqlite.SQLiteConnection.dispose(SQLiteConnection.java:231)
10-29 18:34:19.032   787  1258 W GmsStrictMode: 	at android.database.sqlite.SQLiteConnection.finalize(SQLiteConnection.java:180)
10-29 18:34:19.032   787  1258 W GmsStrictMode: 	at java.lang.Daemons$FinalizerDaemon.doFinalize(Daemons.java:222)
10-29 18:34:19.032   787  1258 W GmsStrictMode: 	at java.lang.Daemons$FinalizerDaemon.run(Daemons.java:209)
10-29 18:34:19.032   787  1258 W GmsStrictMode: 	at java.lang.Thread.run(Thread.java:761)
10-29 18:34:19.045   787   804 I art     : Background partial concurrent mark sweep GC freed 65735(4MB) AllocSpace objects, 3(60KB) LOS objects, 39% free, 10MB/17MB, paused 8.934ms total 197.898ms
10-29 18:34:19.111 13654 13654 I dex2oat : /system/bin/dex2oat --dex-file=/data/user/0/com.opera.browser/code_cache/.       --oat-fd=199 --oat-location=/data/user/0/com.opera.browser/code_cache/.     --compiler-filter=speed
10-29 18:34:19.400 13654 13654 I dex2oat : dex2oat took 289.726ms (threads: 2) arena alloc=432KB (442800B) java alloc=32KB (33064B) native alloc=354KB (362688B) free=1181KB (1210176B)
10-29 18:34:19.779 13665 13665 I dex2oat : /system/bin/dex2oat --dex-file=/data/user/0/com.opera.browser/code_cache/.   ​  --oat-fd=199 --oat-location=/data/user/0/com.opera.browser/code_cache/.  ​ --compiler-filter=speed
10-29 18:34:19.804 13290 13300 I art     : Background sticky concurrent mark sweep GC freed 21570(2MB) AllocSpace objects, 14(816KB) LOS objects, 11% free, 14MB/16MB, paused 3.101ms total 179.897ms
10-29 18:34:20.066 13290 13295 I art     : Do partial code cache collection, code=36KB, data=61KB
10-29 18:34:20.085 13665 13665 I dex2oat : dex2oat took 312.351ms (threads: 2) arena alloc=611KB (626232B) java alloc=109KB (112048B) native alloc=523KB (536456B) free=1524KB (1560696B)
10-29 18:34:20.155 13290 13295 I art     : After code cache collection, code=36KB, data=62KB
10-29 18:34:20.155 13290 13295 I art     : Increasing code cache capacity to 256KB
10-29 18:34:20.266 13290 13300 I art     : Background partial concurrent mark sweep GC freed 48858(3MB) AllocSpace objects, 19(1524KB) LOS objects, 40% free, 14MB/24MB, paused 2.551ms total 208.904ms
10-29 18:34:20.948 13537 13537 D MonkeyStub: translateCommand: tap 57 93
10-29 18:34:23.206 13537 13537 D MonkeyStub: translateCommand: tap 57 93
10-29 18:34:25.125 11497   448 I CastDatabase: Saving the database
10-29 18:34:25.139 11497   448 E SQLiteCastStore: Skip saving CastDeviceInfo: "Nearby device" (__cast_nearby___V_5d0a355f-f64c-4a46-bdd4-5d0e4972b6c8)
10-29 18:34:25.141 11497   448 I SQLiteCastStore: [CastNetworkInfo] saved: 2, skipped: 0, [CastDeviceInfo]: saved 1, skipped 1, [Paired Guest Mode DeviceInfo] saved: 0, skipped: 0. [ProbedNetworks]: saved 0, skipped: 0, [ProbedSocketAddress]: saved 1, skipped: 0, [Network-Device pairs]: saved: 2
10-29 18:34:25.456 13537 13537 D MonkeyStub: translateCommand: tap 446 593
10-29 18:34:27.497 13537 13537 D MonkeyStub: translateCommand: tap 667 302
10-29 18:34:27.655 13290 13295 I art     : Do full code cache collection, code=80KB, data=124KB
10-29 18:34:27.656 13290 13295 I art     : Starting a blocking GC JitCodeCache
10-29 18:34:27.656 13290 13295 I art     : After code cache collection, code=62KB, data=68KB
10-29 18:34:30.780 13537 13537 D MonkeyStub: translateCommand: tap 1286 930
10-29 18:34:32.011 13537 13537 D MonkeyStub: translateCommand: tap 62 98
10-29 18:34:32.032 13537 13537 D MonkeyStub: translateCommand: tap 729 89
10-29 18:34:32.055 13537 13537 D MonkeyStub: Quit requested
10-29 18:34:32.086   600   614 I CwMcuSensor: CwMcuSensor::flush: fd = 223, sensors_id = 0, path = /sys/class/htc_sensorhub/sensor_hub/flush, err = 0
10-29 18:34:32.101 13537 13537 I art     : System.exit called, status: 16
10-29 18:34:32.101 13537 13537 I AndroidRuntime: VM exiting with result code 16.
10-29 18:34:32.137   600  3509 W WindowManager: Attempted to remove non-existing token: android.os.Binder@fff753e
10-29 18:34:32.355   600 27731 E BatteryStatsService: power: Missing API
10-29 18:34:32.364   796   796 E PhoneInterfaceManager: [PhoneIntfMgr] queryModemActivityInfo: Empty response
10-29 18:34:32.364   600 27731 E BatteryStatsService: no controller energy info supplied
10-29 18:34:32.370   600 27731 E BatteryStatsService: modem info is invalid: ModemActivityInfo{ mTimestamp=0 mSleepTimeMs=0 mIdleTimeMs=0 mTxTimeMs[]=[0, 0, 0, 0, 0] mRxTimeMs=0 mEnergyUsed=0}
10-29 18:34:32.376   600   613 W ProcessCpuTracker: Skipping unknown process pid 13699
10-29 18:34:32.787 13702 13702 D AndroidRuntime: >>>>>> START com.android.internal.os.RuntimeInit uid 2000 <<<<<<
10-29 18:34:32.792 13702 13702 D AndroidRuntime: CheckJNI is OFF
10-29 18:34:32.857 13702 13702 D ICU     : No timezone override file found: /data/misc/zoneinfo/current/icu/icu_tzdata.dat
10-29 18:34:32.885 13702 13702 I Radio-JNI: register_android_hardware_Radio DONE
10-29 18:34:32.901 13702 13702 D AndroidRuntime: Calling main entry com.android.commands.am.Am
10-29 18:34:32.921   600  3507 I ActivityManager: START u0 {act=android.intent.action.VIEW dat=http://192.168.40.1/... flg=0x10000000 cmp=com.opera.browser/com.opera.Opera} from uid 2000 on display 0
10-29 18:34:32.927 13702 13702 D AndroidRuntime: Shutting down VM
10-29 18:34:33.028 13290 13290 W art     : Before Android 4.1, method double java.util.concurrent.ThreadLocalRandom.internalNextDouble(double, double) would have incorrectly overridden the package-private method in java.util.Random
10-29 18:34:33.028 13290 13290 W art     : Before Android 4.1, method int java.util.concurrent.ThreadLocalRandom.internalNextInt(int, int) would have incorrectly overridden the package-private method in java.util.Random
10-29 18:34:33.028 13290 13290 W art     : Before Android 4.1, method long java.util.concurrent.ThreadLocalRandom.internalNextLong(long, long) would have incorrectly overridden the package-private method in java.util.Random
10-29 18:34:33.049 11382 11382 I MemoryTrimmer: Trimming objects from memory, since app is in the background.
10-29 18:34:33.069   600   619 D BluetoothManagerService: Message: 20
10-29 18:34:33.070   600   619 D BluetoothManagerService: Added callback: android.bluetooth.IBluetoothManagerCallback$Stub$Proxy@f22e55e:true
10-29 18:34:33.077   600  7064 I ActivityManager: Start proc 13714:com.opera.browser:sandboxed_process0/u0a122 for service com.opera.browser/com.opera.android.browser.chromium.services.SandboxedProcessService0
10-29 18:34:33.133 13714 13714 I art     : Starting a blocking GC AddRemoveAppImageSpace
10-29 18:34:33.150 13714 13714 I LoadedApk: No resource references to update in package com.opera.browser.nord_vpn
10-29 18:34:33.179 13290 13663 W ResourceType: ResTable_typeSpec entry count inconsistent: given 67, previously 69
10-29 18:34:33.179 13290 13663 W ResourceType: ResTable_typeSpec entry count inconsistent: given 5346, previously 5347
10-29 18:34:33.303 13290 13295 I art     : Do partial code cache collection, code=79KB, data=104KB
10-29 18:34:33.304 13290 13295 I art     : After code cache collection, code=79KB, data=104KB
10-29 18:34:33.304 13290 13295 I art     : Increasing code cache capacity to 512KB
10-29 18:34:33.435   787  1174 I FontLog : Received query name=Google Sans&weight=400&besteffort=false, URI content://com.google.android.gms.fonts [CONTEXT service_id=132 ]
10-29 18:34:33.436   787  1174 I FontLog : Query [name=Google Sans&weight=400&besteffort=false] resolved to {Google Sans, wdth 100.0, wght 400, ital 0.0, bestEffort false} [CONTEXT service_id=132 ]
10-29 18:34:33.437   787  1174 I FontLog : Font PFD returned from cache for {Google Sans, wdth 100.0, wght 400, ital 0.0, bestEffort false} [CONTEXT service_id=132 ]
10-29 18:34:33.437   787  1174 I FontLog : Fetch {Google Sans, wdth 100.0, wght 400, ital 0.0, bestEffort false} end status Status{statusCode=SUCCESS, resolution=null} [CONTEXT service_id=132 ]
10-29 18:34:33.454   787  1620 I FontLog : Pulling font file for id = 300, cache size = 7 [CONTEXT service_id=132 ]
10-29 18:34:33.461   787  1716 I FontLog : Received query name=Google Sans&weight=500&besteffort=false, URI content://com.google.android.gms.fonts [CONTEXT service_id=132 ]
10-29 18:34:33.462   787  1716 I FontLog : Query [name=Google Sans&weight=500&besteffort=false] resolved to {Google Sans, wdth 100.0, wght 500, ital 0.0, bestEffort false} [CONTEXT service_id=132 ]
10-29 18:34:33.463   787  1716 I FontLog : Font PFD returned from cache for {Google Sans, wdth 100.0, wght 500, ital 0.0, bestEffort false} [CONTEXT service_id=132 ]
10-29 18:34:33.463   787  1716 I FontLog : Fetch {Google Sans, wdth 100.0, wght 500, ital 0.0, bestEffort false} end status Status{statusCode=SUCCESS, resolution=null} [CONTEXT service_id=132 ]
10-29 18:34:33.471   787  1174 I FontLog : Pulling font file for id = 301, cache size = 8 [CONTEXT service_id=132 ]
10-29 18:34:33.484   787   806 I FontLog : Received query name=Google Sans&weight=700&besteffort=false, URI content://com.google.android.gms.fonts [CONTEXT service_id=132 ]
10-29 18:34:33.484   787   806 I FontLog : Query [name=Google Sans&weight=700&besteffort=false] resolved to {Google Sans, wdth 100.0, wght 700, ital 0.0, bestEffort false} [CONTEXT service_id=132 ]
10-29 18:34:33.486   787   806 I FontLog : Fetch {Google Sans, wdth 100.0, wght 700, ital 0.0, bestEffort false} end status Status{statusCode=SUCCESS, resolution=null} [CONTEXT service_id=132 ]
10-29 18:34:33.489   787  1716 I FontLog : Pulling font file for id = 302, cache size = 7 [CONTEXT service_id=132 ]
10-29 18:34:33.494   787   805 I FontLog : Received query name=Noto Color Emoji Compat&weight=400&besteffort=false, URI content://com.google.android.gms.fonts [CONTEXT service_id=132 ]
10-29 18:34:33.494   787   805 I FontLog : Query [name=Noto Color Emoji Compat&weight=400&besteffort=false] resolved to {Noto Color Emoji Compat, wdth 100.0, wght 400, ital 0.0, bestEffort false} [CONTEXT service_id=132 ]
10-29 18:34:33.497   787   805 I FontLog : Fetch {Noto Color Emoji Compat, wdth 100.0, wght 400, ital 0.0, bestEffort false} end status Status{statusCode=SUCCESS, resolution=null} [CONTEXT service_id=132 ]
10-29 18:34:33.501   787   806 I FontLog : Pulling font file for id = 303, cache size = 8 [CONTEXT service_id=132 ]
10-29 18:34:33.589   787 13690 I SQLiteConnectionPool: The connection pool for /data/user/0/com.google.android.gms/databases/metadata.db has been closed but there are still 1 connections in use.  They will be closed as they are released back to the pool.
10-29 18:34:45.778 13762 13762 D AndroidRuntime: >>>>>> START com.android.internal.os.RuntimeInit uid 2000 <<<<<<
10-29 18:34:45.784 13762 13762 D AndroidRuntime: CheckJNI is OFF
10-29 18:34:45.892 13762 13762 D ICU     : No timezone override file found: /data/misc/zoneinfo/current/icu/icu_tzdata.dat
10-29 18:34:45.943 13762 13762 I Radio-JNI: register_android_hardware_Radio DONE
10-29 18:34:45.969 13762 13762 D AndroidRuntime: Calling main entry com.android.commands.monkey.Monkey
10-29 18:34:46.086   600   613 W BroadcastQueue: Skipping deliver [background] BroadcastRecord{9bc2d79 u-1 android.net.conn.CONNECTIVITY_CHANGE} to ReceiverList{f906abe 13762 (unknown name)/2000/u-1 remote:e3791c3}: process crashing
10-29 18:34:47.657 13762 13762 D MonkeyStub: translateCommand: wake
10-29 18:34:47.779 13762 13762 D MonkeyStub: translateCommand: tap 196 1873
10-29 18:34:50.373   600  2707 D DnsEventListenerService: Logging 100 results for netId 100
10-29 18:34:50.649 11382 11382 I MemoryTrimmer: Trimming objects from memory, since app is in the background.
10-29 18:34:51.590   600   609 I art     : Background partial concurrent mark sweep GC freed 46824(2MB) AllocSpace objects, 11(236KB) LOS objects, 33% free, 14MB/22MB, paused 747us total 110.685ms
10-29 18:34:57.853 13762 13762 D MonkeyStub: translateCommand: touch down 614 1561
10-29 18:34:57.866 13762 13762 D MonkeyStub: translateCommand: touch move 614 1561
10-29 18:34:57.988 13762 13762 D MonkeyStub: translateCommand: touch move 614 1436
10-29 18:34:58.095 13762 13762 D MonkeyStub: translateCommand: touch move 614 1311
10-29 18:34:58.206 13762 13762 D MonkeyStub: translateCommand: touch move 614 1186
10-29 18:34:58.315 13762 13762 D MonkeyStub: translateCommand: touch move 614 1061
10-29 18:34:58.428 13762 13762 D MonkeyStub: translateCommand: touch move 614 937
10-29 18:34:58.536 13762 13762 D MonkeyStub: translateCommand: touch move 614 812
10-29 18:34:58.640 13762 13762 D MonkeyStub: translateCommand: touch move 614 687
10-29 18:34:58.750 13762 13762 D MonkeyStub: translateCommand: touch move 614 562
10-29 18:34:58.858 13762 13762 D MonkeyStub: translateCommand: touch move 614 437
10-29 18:34:58.964 13762 13762 D MonkeyStub: translateCommand: touch move 614 312
10-29 18:34:58.968 13762 13762 D MonkeyStub: translateCommand: touch up 614 312
10-29 18:34:59.028 13762 13762 D MonkeyStub: translateCommand: touch down 614 1561
10-29 18:34:59.040 13762 13762 D MonkeyStub: translateCommand: touch move 614 1561
10-29 18:34:59.152 13762 13762 D MonkeyStub: translateCommand: touch move 614 1436
10-29 18:34:59.263 13762 13762 D MonkeyStub: translateCommand: touch move 614 1311
10-29 18:34:59.377 13762 13762 D MonkeyStub: translateCommand: touch move 614 1186
10-29 18:34:59.486 13762 13762 D MonkeyStub: translateCommand: touch move 614 1061
10-29 18:34:59.595 13762 13762 D MonkeyStub: translateCommand: touch move 614 937
10-29 18:34:59.710 13762 13762 D MonkeyStub: translateCommand: touch move 614 812
10-29 18:34:59.831 13762 13762 D MonkeyStub: translateCommand: touch move 614 687
10-29 18:34:59.941 13762 13762 D MonkeyStub: translateCommand: touch move 614 562
10-29 18:35:00.064 13762 13762 D MonkeyStub: translateCommand: touch move 614 437
10-29 18:35:00.188 13762 13762 D MonkeyStub: translateCommand: touch move 614 312
10-29 18:35:00.196 13762 13762 D MonkeyStub: translateCommand: touch up 614 312
10-29 18:35:00.221 13762 13762 D MonkeyStub: translateCommand: touch down 614 1561
10-29 18:35:00.236 13762 13762 D MonkeyStub: translateCommand: touch move 614 1561
10-29 18:35:00.347 13762 13762 D MonkeyStub: translateCommand: touch move 614 1436
10-29 18:35:00.455 13762 13762 D MonkeyStub: translateCommand: touch move 614 1311
10-29 18:35:00.569 13762 13762 D MonkeyStub: translateCommand: touch move 614 1186
10-29 18:35:00.681 13762 13762 D MonkeyStub: translateCommand: touch move 614 1061
10-29 18:35:00.796 13762 13762 D MonkeyStub: translateCommand: touch move 614 937
10-29 18:35:01.029 13762 13762 D MonkeyStub: translateCommand: touch move 614 812
10-29 18:35:01.159 13762 13762 D MonkeyStub: translateCommand: touch move 614 687
10-29 18:35:01.271 13762 13762 D MonkeyStub: translateCommand: touch move 614 562
10-29 18:35:01.380 13762 13762 D MonkeyStub: translateCommand: touch move 614 437
10-29 18:35:01.484 13762 13762 D MonkeyStub: translateCommand: touch move 614 312
10-29 18:35:01.494 13762 13762 D MonkeyStub: translateCommand: touch up 614 312
10-29 18:35:03.551 13762 13762 D MonkeyStub: translateCommand: touch down 614 1561
10-29 18:35:03.568 13762 13762 D MonkeyStub: translateCommand: touch move 614 1561
10-29 18:35:03.673 13762 13762 D MonkeyStub: translateCommand: touch move 614 1436
10-29 18:35:03.782 13762 13762 D MonkeyStub: translateCommand: touch move 614 1311
10-29 18:35:03.890 13762 13762 D MonkeyStub: translateCommand: touch move 614 1186
10-29 18:35:03.997 13762 13762 D MonkeyStub: translateCommand: touch move 614 1061
10-29 18:35:04.107 13762 13762 D MonkeyStub: translateCommand: touch move 614 937
10-29 18:35:04.211 13762 13762 D MonkeyStub: translateCommand: touch move 614 812
10-29 18:35:04.321 13762 13762 D MonkeyStub: translateCommand: touch move 614 687
10-29 18:35:04.441 13762 13762 D MonkeyStub: translateCommand: touch move 614 562
10-29 18:35:04.570 13762 13762 D MonkeyStub: translateCommand: touch move 614 437
10-29 18:35:04.675 13762 13762 D MonkeyStub: translateCommand: touch move 614 312
10-29 18:35:04.680 13762 13762 D MonkeyStub: translateCommand: touch up 614 312
10-29 18:35:04.721 13762 13762 D MonkeyStub: translateCommand: touch down 614 1561
10-29 18:35:04.727 13762 13762 D MonkeyStub: translateCommand: touch move 614 1561
10-29 18:35:04.836 13762 13762 D MonkeyStub: translateCommand: touch move 614 1436
10-29 18:35:04.948 13762 13762 D MonkeyStub: translateCommand: touch move 614 1311
10-29 18:35:05.061 13762 13762 D MonkeyStub: translateCommand: touch move 614 1186
10-29 18:35:05.170 13762 13762 D MonkeyStub: translateCommand: touch move 614 1061
10-29 18:35:05.275 13762 13762 D MonkeyStub: translateCommand: touch move 614 937
10-29 18:35:05.392 13762 13762 D MonkeyStub: translateCommand: touch move 614 812
10-29 18:35:05.522 13762 13762 D MonkeyStub: translateCommand: touch move 614 687
10-29 18:35:05.628 13762 13762 D MonkeyStub: translateCommand: touch move 614 562
10-29 18:35:05.740 13762 13762 D MonkeyStub: translateCommand: touch move 614 437
10-29 18:35:05.845 13762 13762 D MonkeyStub: translateCommand: touch move 614 312
10-29 18:35:05.850 13762 13762 D MonkeyStub: translateCommand: touch up 614 312
10-29 18:35:08.887 13762 13762 D MonkeyStub: translateCommand: tap 1238 1216
10-29 18:35:16.027   198   198 E SELinux : avc:  denied  { find } for service=netd pid=13851 uid=2000 scontext=u:r:shell:s0 tcontext=u:object_r:netd_service:s0 tclass=service_manager permissive=0
10-29 18:35:16.041   198   198 E SELinux : avc:  denied  { find } for service=android.service.gatekeeper.IGateKeeperService pid=13851 uid=2000 scontext=u:r:shell:s0 tcontext=u:object_r:gatekeeper_service:s0 tclass=service_manager permissive=0
10-29 18:35:19.123 13762 13762 D MonkeyStub: translateCommand: tap 163 1864
10-29 18:35:19.773 11382 11382 I MemoryTrimmer: Trimming objects from memory, since app is in the background.
10-29 18:35:24.177 13762 13762 D MonkeyStub: translateCommand: touch down 614 1561
10-29 18:35:24.184 13762 13762 D MonkeyStub: translateCommand: touch move 614 1561
10-29 18:35:24.292 13762 13762 D MonkeyStub: translateCommand: touch move 614 1436
10-29 18:35:24.409 13762 13762 D MonkeyStub: translateCommand: touch move 614 1311
10-29 18:35:24.521 13762 13762 D MonkeyStub: translateCommand: touch move 614 1186
10-29 18:35:24.630 13762 13762 D MonkeyStub: translateCommand: touch move 614 1061
10-29 18:35:24.735 13762 13762 D MonkeyStub: translateCommand: touch move 614 937
10-29 18:35:24.847 13762 13762 D MonkeyStub: translateCommand: touch move 614 812
10-29 18:35:24.953 13762 13762 D MonkeyStub: translateCommand: touch move 614 687
10-29 18:35:25.057 13762 13762 D MonkeyStub: translateCommand: touch move 614 562
10-29 18:35:25.171 13762 13762 D MonkeyStub: translateCommand: touch move 614 437
10-29 18:35:25.284 13762 13762 D MonkeyStub: translateCommand: touch move 614 312
10-29 18:35:25.290 13762 13762 D MonkeyStub: translateCommand: touch up 614 312
10-29 18:35:25.312 13762 13762 D MonkeyStub: translateCommand: touch down 614 1561
10-29 18:35:25.326 13762 13762 D MonkeyStub: translateCommand: touch move 614 1561
10-29 18:35:25.430 13762 13762 D MonkeyStub: translateCommand: touch move 614 1436
10-29 18:35:25.534 13762 13762 D MonkeyStub: translateCommand: touch move 614 1311
10-29 18:35:25.641 13762 13762 D MonkeyStub: translateCommand: touch move 614 1186
10-29 18:35:25.744 13762 13762 D MonkeyStub: translateCommand: touch move 614 1061
10-29 18:35:25.849 13762 13762 D MonkeyStub: translateCommand: touch move 614 937
10-29 18:35:25.953 13762 13762 D MonkeyStub: translateCommand: touch move 614 812
10-29 18:35:26.059 13762 13762 D MonkeyStub: translateCommand: touch move 614 687
10-29 18:35:26.163 13762 13762 D MonkeyStub: translateCommand: touch move 614 562
10-29 18:35:26.266 13762 13762 D MonkeyStub: translateCommand: touch move 614 437
10-29 18:35:26.384 13762 13762 D MonkeyStub: translateCommand: touch move 614 312
10-29 18:35:26.392 13762 13762 D MonkeyStub: translateCommand: touch up 614 312
10-29 18:35:28.425 13762 13762 D MonkeyStub: translateCommand: touch down 614 1561
10-29 18:35:28.434 13762 13762 D MonkeyStub: translateCommand: touch move 614 1561
10-29 18:35:28.541 13762 13762 D MonkeyStub: translateCommand: touch move 614 1436
10-29 18:35:28.650 13762 13762 D MonkeyStub: translateCommand: touch move 614 1311
10-29 18:35:28.753 13762 13762 D MonkeyStub: translateCommand: touch move 614 1186
10-29 18:35:28.859 13762 13762 D MonkeyStub: translateCommand: touch move 614 1061
10-29 18:35:28.965 13762 13762 D MonkeyStub: translateCommand: touch move 614 937
10-29 18:35:29.075 13762 13762 D MonkeyStub: translateCommand: touch move 614 812
10-29 18:35:29.180 13762 13762 D MonkeyStub: translateCommand: touch move 614 687
10-29 18:35:29.286 13762 13762 D MonkeyStub: translateCommand: touch move 614 562
10-29 18:35:29.395 13762 13762 D MonkeyStub: translateCommand: touch move 614 437
10-29 18:35:29.503 13762 13762 D MonkeyStub: translateCommand: touch move 614 312
10-29 18:35:29.508 13762 13762 D MonkeyStub: translateCommand: touch up 614 312
10-29 18:35:29.523 13762 13762 D MonkeyStub: Quit requested
10-29 18:35:29.550   600   614 I CwMcuSensor: CwMcuSensor::flush: fd = 223, sensors_id = 0, path = /sys/class/htc_sensorhub/sensor_hub/flush, err = 0
10-29 18:35:29.566 13762 13762 I art     : System.exit called, status: 110
10-29 18:35:29.566 13762 13762 I AndroidRuntime: VM exiting with result code 110.
10-29 18:35:29.606   600  1076 W WindowManager: Attempted to remove non-existing token: android.os.Binder@df7871f
10-29 18:35:30.209 13290 13300 I art     : Background sticky concurrent mark sweep GC freed 118570(5MB) AllocSpace objects, 1(20KB) LOS objects, 21% free, 18MB/24MB, paused 5.184ms total 96.408ms
10-29 18:35:45.735 13955 13955 D AndroidRuntime: >>>>>> START com.android.internal.os.RuntimeInit uid 2000 <<<<<<
10-29 18:35:45.741 13955 13955 D AndroidRuntime: CheckJNI is OFF
10-29 18:35:45.827 13955 13955 D ICU     : No timezone override file found: /data/misc/zoneinfo/current/icu/icu_tzdata.dat
10-29 18:35:45.866 13955 13955 I Radio-JNI: register_android_hardware_Radio DONE
10-29 18:35:45.883 13955 13955 D AndroidRuntime: Calling main entry com.android.commands.am.Am
10-29 18:35:45.900   600  1080 I ActivityManager: Force stopping com.opera.browser appid=10122 user=0: from pid 13955
10-29 18:35:45.900   600  1080 I ActivityManager: Killing 13426:com.opera.browser:privileged_process0/u0a122 (adj 0): stop com.opera.browser
10-29 18:35:45.900   600  1080 D ActivityManager: cleanUpApplicationRecord -- 13426
10-29 18:35:45.901   600  1080 W ActivityManager: Scheduling restart of crashed service com.opera.browser/com.opera.android.browser.chromium.services.PrivilegedProcessService0 in 1000ms
10-29 18:35:45.901   600  1080 I ActivityManager: Killing 13290:com.opera.browser/u0a122 (adj 0): stop com.opera.browser
10-29 18:35:45.902   600  1080 D ActivityManager: cleanUpApplicationRecord -- 13290
10-29 18:35:45.905   600  1080 W ActivityManager: Force removing ActivityRecord{cb2ee16 u0 com.opera.browser/com.opera.android.BrowserActivity t1298}: app died, no saved state
10-29 18:35:45.921 11382 11382 I MemoryTrimmer: Trimming objects from memory, since app is in the background.
10-29 18:35:45.927   600  1080 I ActivityManager: Killing 13714:com.opera.browser:sandboxed_process0/u0a122 (adj 0): stop com.opera.browser
10-29 18:35:45.927   600  1080 D ActivityManager: cleanUpApplicationRecord -- 13714
10-29 18:35:45.944 13955 13955 D AndroidRuntime: Shutting down VM
10-29 18:35:45.958  1084  1171 I OpenGLRenderer: Initialized EGL, version 1.4
10-29 18:35:45.958  1084  1171 D OpenGLRenderer: Swap behavior 2
10-29 18:35:45.975  1061  1061 D RegisteredNfcFServicesCache: Service unchanged, not updating
10-29 18:35:46.087 11382 11606 I AttachedClient: Adding client event 2 to pending list.
10-29 18:35:46.093 11382 11382 I OptInState: There is a new client and it does not support opt-in. Dropping request.
10-29 18:35:46.098 11382 11382 I MicroDetectionWorker: Micro detection mode: [mDetectionMode: [1]].
10-29 18:35:46.113 11382 13972 I MicroRecognitionRunner: Starting detection.
10-29 18:35:46.114 11382 11414 I MicrophoneInputStream: mic_starting com.google.android.apps.gsa.speech.audio.ae@9f68c49
10-29 18:35:46.124   238   285 I SoundTriggerHwService::Module: void android::SoundTriggerHwService::Module::onCallbackEvent(const sp<android::SoundTriggerHwService::CallbackEvent> &) mClient == 0
10-29 18:35:46.139   238 13975 I AudioFlinger: AudioFlinger's thread 0xef692b00 ready to run
10-29 18:35:46.141 11382 11414 I MicrophoneInputStream: mic_started com.google.android.apps.gsa.speech.audio.ae@9f68c49
10-29 18:35:46.221   600   610 D GraphicsStats: Buffer count: 2
10-29 18:35:46.221   600   610 D ConnectivityService: ConnectivityService NetworkRequestInfo binderDied(NetworkRequest [ LISTEN id=323, [ Capabilities: INTERNET&NOT_RESTRICTED&TRUSTED&FOREGROUND] ], android.os.BinderProxy@fcaab64)
10-29 18:35:46.224   600   649 E ConnectivityService: RemoteException caught trying to send a callback msg for NetworkRequest [ LISTEN id=323, [ Capabilities: INTERNET&NOT_RESTRICTED&TRUSTED&FOREGROUND] ]
10-29 18:35:46.225   600  9614 D ConnectivityService: ConnectivityService NetworkRequestInfo binderDied(NetworkRequest [ LISTEN id=324, [ Capabilities: INTERNET&NOT_RESTRICTED&TRUSTED&FOREGROUND] ], android.os.BinderProxy@cdba1cd)
10-29 18:35:46.225   600   649 E ConnectivityService: RemoteException caught trying to send a callback msg for NetworkRequest [ LISTEN id=324, [ Capabilities: INTERNET&NOT_RESTRICTED&TRUSTED&FOREGROUND] ]
10-29 18:35:46.331 11382 11382 I MicroDetectionWorker: onReady
10-29 18:35:46.505  1084  1171 W OpenGLRenderer: Incorrectly called buildLayer on View: ShortcutAndWidgetContainer, destroying layer...
10-29 18:35:46.546 13970 13970 D AndroidRuntime: >>>>>> START com.android.internal.os.RuntimeInit uid 2000 <<<<<<
10-29 18:35:46.550 13970 13970 D AndroidRuntime: CheckJNI is OFF
10-29 18:35:46.616 13970 13970 D ICU     : No timezone override file found: /data/misc/zoneinfo/current/icu/icu_tzdata.dat
10-29 18:35:46.645 13970 13970 I Radio-JNI: register_android_hardware_Radio DONE
10-29 18:35:46.660 13970 13970 D AndroidRuntime: Calling main entry com.android.commands.pm.Pm
10-29 18:35:46.676   600  1080 I ActivityManager: Force stopping com.opera.browser appid=10122 user=0: clear data
10-29 18:35:46.677   600   613 I ActivityManager: Force stopping com.opera.browser appid=10122 user=-1: clearApplicationUserData
10-29 18:35:46.734   787   787 I GeofencerStateMachine: removeGeofences: removeRequest=RemoveGeofencingRequest[REMOVE_ALL packageName=com.opera.browser]
10-29 18:35:46.739   600   612 W ResourceType: No known package when getting value for resource number 0x7f100007
10-29 18:35:46.739   600   612 W ResourceType: No known package when getting value for resource number 0x7f13090c
10-29 18:35:46.739   600   612 W ResourceType: No known package when getting value for resource number 0x7f100005
10-29 18:35:46.739   600   612 W ResourceType: No known package when getting value for resource number 0x7f13090a
10-29 18:35:46.739   600   612 W ResourceType: No known package when getting value for resource number 0x7f100004
10-29 18:35:46.739   600   612 W ResourceType: No known package when getting value for resource number 0x7f130909
10-29 18:35:46.739  1061  1061 W ResourceType: ResTable_typeSpec entry count inconsistent: given 67, previously 69
10-29 18:35:46.739  1061  1061 W ResourceType: ResTable_typeSpec entry count inconsistent: given 5346, previously 5347
10-29 18:35:46.739   600   612 W ResourceType: No known package when getting value for resource number 0x7f100006
10-29 18:35:46.739   600   612 W ResourceType: No known package when getting value for resource number 0x7f13090b
10-29 18:35:46.745 13970 13970 I art     : System.exit called, status: 0
10-29 18:35:46.745 13970 13970 I AndroidRuntime: VM exiting with result code 0.
10-29 18:35:46.763  1061  1061 D RegisteredNfcFServicesCache: Service unchanged, not updating
10-29 18:35:46.790   787 13989 I Fitness : FitCleanupIntentOperation received Intent android.intent.action.PACKAGE_DATA_CLEARED [CONTEXT service_id=17 ]
10-29 18:35:46.810 11497   448 I Icing   : doRemovePackageData com.opera.browser
10-29 18:35:48.690   787   787 W GCM     : broadcast intent callback: result=CANCELLED forIntent { act=com.google.android.c2dm.intent.RECEIVE pkg=com.opera.browser (has extras) }
