10-31 13:41:25.733   600  3509 I ActivityManager: Start proc 13180:com.android.chrome:sandboxed_process20/u0i741 for service com.android.chrome/org.chromium.content.app.SandboxedProcessService20
10-31 13:41:25.755 12715 12748 I cr_BindingManager: onTrimMemory: level=15, size=0
10-31 13:41:25.759   600 29683 I ActivityManager: START u0 {act=android.intent.action.VIEW dat=http://biomedcentral.com/... flg=0x10000000 cmp=com.android.chrome/com.google.android.apps.chrome.Main} from uid 2000 on display 0
10-31 13:41:25.780   600   611 D ActivityManager: cleanUpApplicationRecord -- 12851
10-31 13:41:25.801 12849 12849 D AndroidRuntime: Shutting down VM
10-31 13:41:25.820 13115 13115 W boxed_process16: type=1400 audit(0.0:13312): avc: denied { getattr } for path="/data/data/com.android.chrome" dev="dm-2" ino=12190 scontext=u:r:isolated_app:s0:c512,c768 tcontext=u:object_r:app_data_file:s0:c512,c768 tclass=dir permissive=0
10-31 13:41:25.830 13142 13142 W boxed_process18: type=1400 audit(0.0:13313): avc: denied { getattr } for path="/data/data/com.android.chrome" dev="dm-2" ino=12190 scontext=u:r:isolated_app:s0:c512,c768 tcontext=u:object_r:app_data_file:s0:c512,c768 tclass=dir permissive=0
10-31 13:41:25.855 12715 12715 E cr_IntentUtils: getInt failed on bundle null
10-31 13:41:25.870 13127 13127 W boxed_process17: type=1400 audit(0.0:13314): avc: denied { getattr } for path="/data/data/com.android.chrome" dev="dm-2" ino=12190 scontext=u:r:isolated_app:s0:c512,c768 tcontext=u:object_r:app_data_file:s0:c512,c768 tclass=dir permissive=0
10-31 13:41:25.924   600  9614 I ActivityManager: Start proc 13194:com.android.chrome:sandboxed_process21/u0i742 for service com.android.chrome/org.chromium.content.app.SandboxedProcessService21
10-31 13:41:25.948 13101 13171 I cr_LibraryLoader: Loaded native library version number "85.0.4183.127"
10-31 13:41:25.948 13101 13171 I cr_CachingUmaRecorder: Flushed 1 samples from 1 histograms.
10-31 13:41:25.950 13156 13156 W boxed_process19: type=1400 audit(0.0:13315): avc: denied { getattr } for path="/data/data/com.android.chrome" dev="dm-2" ino=12190 scontext=u:r:isolated_app:s0:c512,c768 tcontext=u:object_r:app_data_file:s0:c512,c768 tclass=dir permissive=0
10-31 13:41:25.965 13115 13115 I cr_ChildProcessService: Creating new ChildProcessService pid=13115
10-31 13:41:25.967 13083 13170 I cr_LibraryLoader: Loaded native library version number "85.0.4183.127"
10-31 13:41:25.967 13083 13170 I cr_CachingUmaRecorder: Flushed 1 samples from 1 histograms.
10-31 13:41:25.972 13142 13142 I cr_ChildProcessService: Creating new ChildProcessService pid=13142
10-31 13:41:25.988 12715 12715 W FeedModelProvider: sessionId is null, this should have been set during population
10-31 13:41:26.003 12715 12715 I cr_tabmodel: Appending tabs being restored to metadata lists, 0, startingNormalCount: 2, startingIncognitoCount: 0
10-31 13:41:26.003 12715 12715 I cr_tabmodel: Serializing tab lists; counts: 2, 0
10-31 13:41:26.026 13127 13127 I cr_ChildProcessService: Creating new ChildProcessService pid=13127
10-31 13:41:26.036 13070 13169 I cr_LibraryLoader: Loaded native library version number "85.0.4183.127"
10-31 13:41:26.036 13070 13169 I cr_CachingUmaRecorder: Flushed 1 samples from 1 histograms.
10-31 13:41:26.120 13180 13180 W boxed_process20: type=1400 audit(0.0:13316): avc: denied { getattr } for path="/data/data/com.android.chrome" dev="dm-2" ino=12190 scontext=u:r:isolated_app:s0:c512,c768 tcontext=u:object_r:app_data_file:s0:c512,c768 tclass=dir permissive=0
10-31 13:41:26.122 12715 12715 W chromium: [WARNING:compositor_view.cc(315)] Child process died (type=6) pid=12851)
10-31 13:41:26.139 13101 13171 I chromium: [INFO:child_process_service.cc(69)] ChildProcessService: Exiting child process.
10-31 13:41:26.139   197   197 E lowmemorykiller: Error writing /proc/13101/oom_score_adj; errno=22
10-31 13:41:26.161 13156 13156 I cr_ChildProcessService: Creating new ChildProcessService pid=13156
10-31 13:41:26.225 12715 12725 I art     : Background partial concurrent mark sweep GC freed 15408(802KB) AllocSpace objects, 18(1732KB) LOS objects, 39% free, 13MB/21MB, paused 20.590ms total 299.641ms
10-31 13:41:26.260 13194 13194 W boxed_process21: type=1400 audit(0.0:13317): avc: denied { getattr } for path="/data/data/com.android.chrome" dev="dm-2" ino=12190 scontext=u:r:isolated_app:s0:c512,c768 tcontext=u:object_r:app_data_file:s0:c512,c768 tclass=dir permissive=0
10-31 13:41:26.283 13180 13180 I cr_ChildProcessService: Creating new ChildProcessService pid=13180
10-31 13:41:26.302 13142 13202 I cr_LibraryLoader: Loaded native library version number "85.0.4183.127"
10-31 13:41:26.302 13142 13202 I cr_CachingUmaRecorder: Flushed 1 samples from 1 histograms.
10-31 13:41:26.310 13127 13217 I cr_LibraryLoader: Loaded native library version number "85.0.4183.127"
10-31 13:41:26.325 13115 13200 I cr_LibraryLoader: Loaded native library version number "85.0.4183.127"
10-31 13:41:26.326 13115 13200 I cr_CachingUmaRecorder: Flushed 1 samples from 1 histograms.
10-31 13:41:26.334 13127 13217 I cr_CachingUmaRecorder: Flushed 1 samples from 1 histograms.
10-31 13:41:26.382 12715 12715 I FeedRequestManagerImpl: Request: /httpservice/noretry/DiscoverClankService/FeedQuery completed with response code: 200
10-31 13:41:26.382 12715 12715 I TaskQueue:  - task [IMMEDIATE - d: true, b: 2]: 15
10-31 13:41:26.382 12715 12715 I TaskQueue:  - queueTask starting immediate task
10-31 13:41:26.382 12715 12772 I TaskQueue: Execute task [IMMEDIATE - d: true, b: 2]: 15
10-31 13:41:26.409 13156 13221 I cr_LibraryLoader: Loaded native library version number "85.0.4183.127"
10-31 13:41:26.409 13156 13221 I cr_CachingUmaRecorder: Flushed 1 samples from 1 histograms.
10-31 13:41:26.424   600   609 I art     : Background partial concurrent mark sweep GC freed 62338(2MB) AllocSpace objects, 47(1204KB) LOS objects, 33% free, 17MB/26MB, paused 7.153ms total 679.709ms
10-31 13:41:26.433 13194 13194 I cr_ChildProcessService: Creating new ChildProcessService pid=13194
10-31 13:41:26.514 13194 13227 I cr_LibraryLoader: Loaded native library version number "85.0.4183.127"
10-31 13:41:26.515 13194 13227 I cr_CachingUmaRecorder: Flushed 1 samples from 1 histograms.
10-31 13:41:26.570 12715 12772 I MainThreadRunner: Running task [FeedRequestManagerImpl consumer] on the Main Thread
10-31 13:41:26.571 12715 12715 I FeedProtocolAdapter: createModel, operations 33
10-31 13:41:26.575 12715 12715 I TimingUtils: Task Timing   4ms, thread ui | task : convertWireProtocol | mutations : 33
10-31 13:41:26.577 12715 12715 I TaskQueue:  - task [HEAD_RESET - d: true, b: 2]: 5
10-31 13:41:26.577 12715 12715 I TaskQueue:  - queueTask starting immediate task
10-31 13:41:26.578 13156 13221 I chromium: [INFO:child_process_service.cc(69)] ChildProcessService: Exiting child process.
10-31 13:41:26.579 12715 12772 I TaskQueue:  - Finished 15, time 188 ms
10-31 13:41:26.579 13180 13223 I cr_LibraryLoader: Loaded native library version number "85.0.4183.127"
10-31 13:41:26.579 12715 12772 I TaskQueue: Execute task [HEAD_RESET - d: true, b: 2]: 5
10-31 13:41:26.580 13180 13223 I cr_CachingUmaRecorder: Flushed 1 samples from 1 histograms.
10-31 13:41:26.595 12715 12772 I TaskQueue:  - task [BACKGROUND - d: true, b: 2]: 23
10-31 13:41:26.596 12715 12772 W SessionCache: Persisted Sessions were not found
10-31 13:41:26.601 13063 13063 I dex2oat : dex2oat took 1.399s (threads: 2) arena alloc=896KB (918200B) java alloc=96KB (99200B) native alloc=559KB (573304B) free=2000KB (2048136B)
10-31 13:41:26.609 12715 12772 I PersistentFeedStore: commitSessionMutation - Success true, Update Session $HEAD, stream structures 32
10-31 13:41:26.623 12715 12772 I MainThreadRunner: Running task [SchedulerApiWrapper onReceiveNewContent] on the Main Thread
10-31 13:41:26.623 12715 12772 I MainThreadRunner: Running task [FeedKnownContentImpl onNewContentReceived] on the Main Thread
10-31 13:41:26.628 12715 12772 I SessionManagerMutation: Cleared Head, new creation time 10-31 13:41:26.596
10-31 13:41:26.628 12715 12772 I TimingUtils: Task Timing  48ms, thread background-1 | task : sessionMutation.commitTask:updateConsumer | mutations : 33 | userInitiated : false
10-31 13:41:26.628 12715 12772 I TaskQueue: Cancelling starvation checks
10-31 13:41:26.628 12715 12772 I TaskQueue:  - Finished 5, time 49 ms
10-31 13:41:26.628 12715 12772 I TaskQueue: Execute task [USER_FACING - d: false, b: 2]: 24
10-31 13:41:26.652 12715 12772 I TimeoutSessionImpl: TimeoutSession.populateModelProvider, shouldAppend false
10-31 13:41:26.652 12715 12772 I SessionImpl: PopulateModelProvider 32 items
10-31 13:41:26.653 12715 12772 I FeedModelProvider: FeedModelProvider - committer, structure changes 31, update changes 0
10-31 13:41:26.657 12715 12772 I FeedModelProvider: SyntheticTokenTracker: 0, 11, 11, false
10-31 13:41:26.657 12715 12772 I FeedSessionManagerImpl: Caching getStreamFeatures - items 31, cache misses 0, cache size 31
10-31 13:41:26.659 12715 12772 I FeedModelProvider: Moving _session:021fa9b6-674a-45f0-8334-33915b241833 to READY
10-31 13:41:26.659 12715 12772 I MainThreadRunner: Running task [FeedModelProvider onSessionStart] on the Main Thread
10-31 13:41:26.659 12715 12772 I FeedModelProvider: ModelProvider Mutation committed - structure changes 31, childrenToBind 31, removedChildren false, Token false
10-31 13:41:26.670 12715 12772 I FeedSessionManagerImpl: Populate new session: _session:021fa9b6-674a-45f0-8334-33915b241833, creation time 10-31 13:41:26.652
10-31 13:41:26.670 12715 12772 I TimingUtils: Task Timing  41ms, thread background-2 | task : Create/Populate New Session
10-31 13:41:26.670 12715 12772 I TaskQueue:  - Finished 24, time 42 ms
10-31 13:41:26.676 12715 12772 I TaskQueue: Execute task [BACKGROUND - d: false, b: 1]: 11
10-31 13:41:26.676 12715 12772 I ContentGc: Re-enqueuing triggerContentGc; attempts(0)
10-31 13:41:26.681 12715 12772 I TaskQueue:  - task [BACKGROUND - d: false, b: 1]: 11
10-31 13:41:26.681 12715 12772 I TaskQueue:  - Finished 11, time 11 ms
10-31 13:41:26.688 12715 12772 I TaskQueue: Execute task [BACKGROUND - d: false, b: 1]: 23
10-31 13:41:26.690 12715 12715 I FeedModelProvider: No children found for Cursor
10-31 13:41:26.711 13115 13115 I cr_ChildProcessService: Destroying ChildProcessService pid=13115
10-31 13:41:26.716 13142 13142 I cr_ChildProcessService: Destroying ChildProcessService pid=13142
10-31 13:41:26.718 13070 13070 I cr_ChildProcessService: Destroying ChildProcessService pid=13070
10-31 13:41:26.718 13083 13083 I cr_ChildProcessService: Destroying ChildProcessService pid=13083
10-31 13:41:26.718 13180 13180 I cr_ChildProcessService: Destroying ChildProcessService pid=13180
10-31 13:41:26.719 13127 13127 I cr_ChildProcessService: Destroying ChildProcessService pid=13127
10-31 13:41:26.727 13070 13169 I chromium: [INFO:child_process_service.cc(69)] ChildProcessService: Exiting child process.
10-31 13:41:26.727 13180 13223 I chromium: [INFO:child_process_service.cc(69)] ChildProcessService: Exiting child process.
10-31 13:41:26.752 13142 13202 I chromium: [INFO:child_process_service.cc(69)] ChildProcessService: Exiting child process.
10-31 13:41:26.768 12715 12715 W chromium: [WARNING:compositor_view.cc(315)] Child process died (type=6) pid=13156)
10-31 13:41:26.770 12715 12715 W chromium: [WARNING:compositor_view.cc(315)] Child process died (type=6) pid=13101)
10-31 13:41:26.771 13127 13217 I chromium: [INFO:child_process_service.cc(69)] ChildProcessService: Exiting child process.
10-31 13:41:26.776   600 25704 I ActivityManager: Process com.android.chrome:sandboxed_process19 (pid 13156) has died
10-31 13:41:26.776   600 25704 D ActivityManager: cleanUpApplicationRecord -- 13156
10-31 13:41:26.779   600 25704 I ActivityManager: Killing 13180:com.android.chrome:sandboxed_process20/u0a35i741 (adj 0): isolated not needed
10-31 13:41:26.780   600 25704 I ActivityManager: Killing 13115:com.android.chrome:sandboxed_process16/u0a35i737 (adj 0): isolated not needed
10-31 13:41:26.781   600 25704 I ActivityManager: Killing 13127:com.android.chrome:sandboxed_process17/u0a35i738 (adj 0): isolated not needed
10-31 13:41:26.781   600 25704 I ActivityManager: Killing 13142:com.android.chrome:sandboxed_process18/u0a35i739 (adj 0): isolated not needed
10-31 13:41:26.781   600 25704 I ActivityManager: Killing 13070:com.android.chrome:sandboxed_process13/u0a35i734 (adj 0): isolated not needed
10-31 13:41:26.781   600 25704 I ActivityManager: Killing 13083:com.android.chrome:sandboxed_process14/u0a35i735 (adj 0): isolated not needed
10-31 13:41:26.781   600 25704 I ActivityManager: Killing 13101:com.android.chrome:sandboxed_process15/u0a35i736 (adj 0): isolated not needed
10-31 13:41:26.795   600  2707 D ActivityManager: cleanUpApplicationRecord -- 13101
10-31 13:41:26.843 12715 12772 I TimingUtils: Task Timing 154ms, thread background-3 | task : commitContentMutation | mutations : 32
10-31 13:41:26.844 12715 12772 I TimingUtils: Task Timing   0ms, thread background-4 | task : commitSemanticPropertiesMutation | mutations : 0
10-31 13:41:26.844 12715 12772 I TaskQueue:  - Finished 23, time 155 ms
10-31 13:41:26.844 12715 12772 I TaskQueue: Execute task [BACKGROUND - d: false, b: 0]: 11
10-31 13:41:26.845 12715 12772 I SessionCache: Determining accessible content
10-31 13:41:26.850 12715 12772 I TimingUtils: Task Timing   5ms, thread background-5 | task : ContentGc | contentItemsRemoved : 0
10-31 13:41:26.850 12715 12772 I TaskQueue:  - Finished 11, time 7 ms
10-31 13:41:26.881 12715 12775 W chromium: [WARNING:spdy_session.cc(3090)] Received RST for invalid stream1
10-31 13:41:26.987  6616  6945 W Icing   : No valid account for uploading user actions
10-31 13:41:27.007  6616  6965 I Icing   : IndexChimeraService.getServiceInterface callingPackage=com.google.android.gms componentName=null serviceId=30
10-31 13:41:27.019   600 25704 D ActivityManager: cleanUpApplicationRecord -- 13180
10-31 13:41:27.029   600 24611 D ActivityManager: cleanUpApplicationRecord -- 13127
10-31 13:41:27.042 12715 12715 W chromium: [WARNING:compositor_view.cc(315)] Child process died (type=6) pid=13127)
10-31 13:41:27.046 12715 12715 W chromium: [WARNING:compositor_view.cc(315)] Child process died (type=6) pid=13180)
10-31 13:41:27.061   600   611 D ActivityManager: cleanUpApplicationRecord -- 13115
10-31 13:41:27.066   600  3507 D ActivityManager: cleanUpApplicationRecord -- 13070
10-31 13:41:27.072   600  1079 D ActivityManager: cleanUpApplicationRecord -- 13083
10-31 13:41:27.077   600   713 D ActivityManager: cleanUpApplicationRecord -- 13142
10-31 13:41:27.082 12715 12715 W chromium: [WARNING:compositor_view.cc(315)] Child process died (type=6) pid=13115)
10-31 13:41:27.086 12715 12715 W chromium: [WARNING:compositor_view.cc(315)] Child process died (type=6) pid=13142)
10-31 13:41:27.087 12715 12715 W chromium: [WARNING:compositor_view.cc(315)] Child process died (type=6) pid=13083)
10-31 13:41:27.088 12715 12715 W chromium: [WARNING:compositor_view.cc(315)] Child process died (type=6) pid=13070)
10-31 13:41:27.459  6616  6945 I Icing   : Usage reports ok 1, Failed Usage reports 0, indexed 0, rejected 0
10-31 13:41:27.460  6616  6945 I Icing   : Removing corpus key com.android.chrome-omnibox for package com.android.chrome
10-31 13:41:28.034   787  1245 W Icing   : isOptedInForAppHistory: empty Account Name encountered
10-31 13:41:28.051   787  1245 W Icing   : isOptedInForAppHistory: empty Account Name encountered
10-31 13:41:28.083 12715 12715 E cr_BTSPrefs: No data found for task id: 53
10-31 13:41:28.083 12715 12715 E cr_BkgrdTaskScheduler: Task cannot be canceled because no data was found instorage or data was invalid
10-31 13:41:28.142   787 10682 W Icing   : isOptedInForAppHistory: empty Account Name encountered
10-31 13:41:28.182  6616  6945 I native  : document-store.cc:1654 Scored 2302 usage reports, missing_corpora 1240 update_failed 1
10-31 13:41:28.231  6616  6945 W Icing   : No valid account for uploading user actions
10-31 13:41:28.358  6616  6945 I Icing   : Usage reports ok 1, Failed Usage reports 0, indexed 1, rejected 0
10-31 13:41:28.361  6616  6945 W Icing   : No valid account for uploading user actions
10-31 13:41:28.372  6616  6945 I Icing   : Usage reports ok 0, Failed Usage reports 0, indexed 0, rejected 0
10-31 13:41:28.382  6616  6945 I Icing   : Indexing com.android.chrome-omnibox from com.android.chrome
10-31 13:41:28.506  6616  6945 I Icing   : Indexing done com.android.chrome-omnibox
10-31 13:41:28.523 12715 12768 I cr_omaha: Request to Server Successful. Timestamp for next request:1667223688523
10-31 13:41:28.607 12715 12768 I cr_omaha: Request to Server Successful. Timestamp for next request:1667223688607
10-31 13:41:28.608 12715 12768 I cr_omaha: Attempting to schedule next job for: Mon Oct 31 18:41:28 GMT+01:00 2022
10-31 13:41:28.611 12715 12715 I cr_omaha: Scheduled using JobService
10-31 13:41:28.614 12715 12715 E cr_BkgrdTaskJS: Tried finishing non-current BackgroundTask.
10-31 13:41:28.915 12715 12715 I cr_tabmodel: Appending tabs being restored to metadata lists, 0, startingNormalCount: 2, startingIncognitoCount: 0
10-31 13:41:28.915 12715 12715 I cr_tabmodel: Serializing tab lists; counts: 2, 0
10-31 13:41:29.573 12715 12765 W InstanceID: Instance ID SDK is deprecated, com.android.chrome should update to use Firebase Instance ID
10-31 13:41:30.107 12715 12715 V MediaRouter: Adding route: RouteInfo{ name=Tablet, description=null, status=null, category=RouteCategory{ name=null types=ROUTE_TYPE_LIVE_AUDIO ROUTE_TYPE_LIVE_VIDEO  groupable=false }, supportedTypes=ROUTE_TYPE_LIVE_AUDIO ROUTE_TYPE_LIVE_VIDEO , presentationDisplay=null }
10-31 13:41:30.116 12715 12715 V MediaRouter: Updating audio routes: AudioRoutesInfo{ type=SPEAKER }
10-31 13:41:30.119 12715 12715 V MediaRouter: Selecting route: RouteInfo{ name=Tablet, description=null, status=null, category=RouteCategory{ name=null types=ROUTE_TYPE_LIVE_AUDIO ROUTE_TYPE_LIVE_VIDEO  groupable=false }, supportedTypes=ROUTE_TYPE_LIVE_AUDIO ROUTE_TYPE_LIVE_VIDEO , presentationDisplay=null }
10-31 13:41:30.133 12715 12715 I MediaRouter: Found default route: MediaRouter.RouteInfo{ uniqueId=android/Qf:DEFAULT_ROUTE, name=Tablet, description=null, iconUri=null, enabled=true, connecting=false, connectionState=0, canDisconnect=false, playbackType=0, playbackStream=3, deviceType=0, volumeHandling=1, volume=0, volumeMax=15, presentationDisplayId=-1, extras=null, settingsIntent=null, providerPackageName=android }
10-31 13:41:30.133 12715 12715 I MediaRouter: Unselecting the current route because it is no longer selectable: null
10-31 13:41:30.153 12715 12715 V MediaRouter: Selecting route: RouteInfo{ name=Tablet, description=null, status=null, category=RouteCategory{ name=null types=ROUTE_TYPE_LIVE_AUDIO ROUTE_TYPE_LIVE_VIDEO  groupable=false }, supportedTypes=ROUTE_TYPE_LIVE_AUDIO ROUTE_TYPE_LIVE_VIDEO , presentationDisplay=null }
10-31 13:41:30.432 12777 12795 E chromium: [ERROR:gles2_cmd_decoder.cc(7062)] [.RendererMainThread-0xd4f5e100]GL ERROR :GL_INVALID_OPERATION : glGetIntegerv: incomplete framebuffer
10-31 13:41:30.432 12777 12795 E chromium: [ERROR:gles2_cmd_decoder.cc(7062)] [.RendererMainThread-0xd4f5e100]GL ERROR :GL_INVALID_OPERATION : glGetIntegerv: incomplete framebuffer
10-31 13:41:30.434 12777 12795 E chromium: [ERROR:gles2_cmd_decoder.cc(7062)] [.RendererMainThread-0xd4f5e100]GL ERROR :GL_INVALID_OPERATION : glGetIntegerv: incomplete framebuffer
10-31 13:41:30.435 12777 12795 E chromium: [ERROR:gles2_cmd_decoder.cc(7062)] [.RendererMainThread-0xd4f5e100]GL ERROR :GL_INVALID_OPERATION : glGetIntegerv: incomplete framebuffer
10-31 13:41:30.454 12777 12795 E chromium: [ERROR:gles2_cmd_decoder.cc(4968)] [.RendererMainThread-0xd4f5e100]GL ERROR :GL_INVALID_FRAMEBUFFER_OPERATION : glClear: framebuffer incomplete
10-31 13:41:30.767 12777 12800 W VideoCapabilities: Unrecognized level 0 for video/x-vnd.on2.vp8
10-31 13:41:30.780 12777 12800 I VideoCapabilities: Unsupported profile 4 for video/mp4v-es
10-31 13:41:30.783 12777 12800 W cr_MediaCodecUtil: HW encoder for video/avc is not available on this device.
10-31 13:41:30.793 12777 13274 W VideoCapabilities: Unrecognized level 0 for video/x-vnd.on2.vp8
10-31 13:41:30.797 12777 13274 I VideoCapabilities: Unsupported profile 4 for video/mp4v-es
10-31 13:41:30.892  6616  8240 I CastDatabase: Opening the database
10-31 13:41:30.898   600   647 I WifiHAL : Got channel list with 13 channels
10-31 13:41:30.899   600   647 I WifiHAL : Got channel list with 4 channels
10-31 13:41:30.899   600   647 I WifiHAL : Got channel list with 15 channels
10-31 13:41:30.902  6616  6616 I DiscoveryManager: WifiGuestModeDeviceScanner enabled.
10-31 13:41:30.922   245   708 D MediaBufferGroup: creating MemoryDealer
10-31 13:41:30.923   246 13275 D NuPlayerDriver: notifyListener_l(0xf0220b40), (1, 0, 0), loop setting(0, 0)
10-31 13:41:30.923 12715 12715 D MediaPlayer: setSubtitleAnchor in MediaPlayer
10-31 13:41:30.932 12715 12715 W MediaPlayer: Couldn't open https://vod.video-cdn.net/F-TUvd9pk8UYjAqC7mYdAm/4312z8mUGRLb5UPsLza27-.aaa,828,596,1656,2356,.mp4.csmil/master.m3u8?set-cc-attribute=cc&hdnea=exp=1667220687~acl=/F-TUvd9pk8UYjAqC7mYdAm/4312z8mUGRLb5UPsLza27-.aaa,828,596,1656,2356,.mp4.csmil/*~hmac=b9f33aea6851c3aca92aad08266665d491cd4bb3a80c79d38439ba021a18f2a8: java.io.FileNotFoundException: No content provider: https://vod.video-cdn.net/F-TUvd9pk8UYjAqC7mYdAm/4312z8mUGRLb5UPsLza27-.aaa,828,596,1656,2356,.mp4.csmil/master.m3u8?set-cc-attribute=cc&hdnea=exp=1667220687~acl=/F-TUvd9pk8UYjAqC7mYdAm/4312z8mUGRLb5UPsLza27-.aaa,828,596,1656,2356,.mp4.csmil/*~hmac=b9f33aea6851c3aca92aad08266665d491cd4bb3a80c79d38439ba021a18f2a8
10-31 13:41:30.938  6616  8240 I SQLiteCastStore: 2 CastNetworkInfo instances loaded, 1 CastDeviceInfo instances loaded, 0 paired guest mode devices loaded.
10-31 13:41:30.941   246 13278 D NuPlayer: onSetVideoSurface(0xeb67f800, no video decoder)
10-31 13:41:30.949  6616  8240 I DiscoveryManager: Filter criteria(37F83649) scannerFlags(0)
10-31 13:41:30.950   246 13279 I LiveSession: onConnect https://<suppressed>
10-31 13:41:30.955  6616  8240 I CastDatabase: CastDeviceInfo created: V_e3f74009-0e05-400d-85a2-b2157bbc42c7
10-31 13:41:30.955  6616  8240 W GuestModeDeviceProber: setFilterCriteria
10-31 13:41:30.961  6616  8240 E DeviceScanner: [BLE] Failed to start scan because the Bluetooth is disabled.
10-31 13:41:30.970  6616  8240 W DatabaseProcessor: processLocalDevices: failed to get the network info with non-null bssid.
10-31 13:41:30.971  6616  8240 W DatabaseProcessor: processLocalDevices: failed to get the network info with non-null bssid.
10-31 13:41:30.976  6616  8240 E DeviceScanner: [BLE] Failed to start scan because the Bluetooth is disabled.
10-31 13:41:30.980  6616  8240 W DatabaseProcessor: processLocalDevices: failed to get the network info with non-null bssid.
10-31 13:41:30.980  6616  8240 W DatabaseProcessor: processLocalDevices: failed to get the network info with non-null bssid.
10-31 13:41:31.391   246 13279 I LiveSession: #### Starting Bandwidth Switch: -1 => 0
10-31 13:41:31.837   246 13280 I ESQueue : found something resembling an H.264/MPEG syncword at offset 1
10-31 13:41:31.838   246 13280 I avc_utils: found AVC codec config (512 x 288, Baseline-profile level 2.1)
10-31 13:41:31.839   246 13280 I ESQueue : found AAC codec config (44100 Hz, 1 channels)
10-31 13:41:32.392   246 13278 D NuPlayerDriver: notifyListener_l(0xf0220c60), (3, 4, 0), loop setting(0, 0)
10-31 13:41:32.393   246 13278 D NuPlayerDriver: notifyListener_l(0xf0220c60), (5, 512, 288), loop setting(0, 0)
10-31 13:41:32.394   246 13278 D NuPlayerDriver: notifyListener_l(0xf0220c60), (1, 0, 0), loop setting(0, 0)
10-31 13:41:32.395 12715 12715 D MediaPlayer: setSubtitleAnchor in MediaPlayer
10-31 13:41:32.408 12715 12715 D MediaPlayer: getMetadata
10-31 13:41:32.411   246   246 D NuPlayerDriver: seekTo(0xf0220c60) 0 ms at state 4
10-31 13:41:32.411   246   246 D NuPlayerDriver: notifyListener_l(0xf0220c60), (7, 0, 0), loop setting(0, 0)
10-31 13:41:32.416   246 13278 W NuPlayer: source has video meta but not file meta
10-31 13:41:32.416   246 13278 D NuPlayerDriver: notifyListener_l(0xf0220c60), (4, 0, 0), loop setting(0, 0)
10-31 13:41:32.417   246 13278 W NuPlayer: source has video meta but not file meta
10-31 13:41:32.418   246 13278 W NuPlayer: source has video meta but not file meta
10-31 13:41:32.434   246 13294 I MediaPlayerService: MediaPlayerService::getOMX
10-31 13:41:32.436   246 13294 I OMXClient: MuxOMX ctor
10-31 13:41:32.437   243 31204 I OMXMaster: makeComponentInstance(OMX.google.aac.decoder) in mediacodec process
10-31 13:41:32.443   246 13295 I MediaPlayerService: MediaPlayerService::getOMX
10-31 13:41:32.446   246 13295 I OMXClient: MuxOMX ctor
10-31 13:41:32.453   243   243 I OMXMaster: makeComponentInstance(OMX.Nvidia.h264.decode) in mediacodec process
10-31 13:41:32.464   246 13292 I MediaCodec: [OMX.Nvidia.h264.decode] setting surface generation to 251971
10-31 13:41:32.480   243   860 E OMXNodeInstance: setConfig(f300f5:google.aac.decoder, ConfigPriority(0x6f800002)) ERROR: Undefined(0x80001001)
10-31 13:41:32.481   246 13294 I ACodec  : codec does not support config priority (err -2147483648)
10-31 13:41:32.484   246 13294 I MediaCodec: MediaCodec will operate in async mode
10-31 13:41:32.491   243   952 E OMXNodeInstance: getConfig(f300f6:Nvidia.h264.decode, ConfigCommonOutputCrop(0x700000f)) ERROR: BadParameter(0x80001005)
10-31 13:41:32.493   246 13292 I MediaCodec: MediaCodec will operate in async mode
10-31 13:41:32.501   246 13295 D SurfaceUtils: set up nativeWindow 0xeb67f808 for 512x288, color 0x106, rotation 0, usage 0x2b00
10-31 13:41:32.504   243 13296 I SoftAAC2: Reconfiguring decoder: 0->44100 Hz, 0->1 channels
10-31 13:41:32.506   243 13298 D NvOsDebugPrintf: NvMMLiteOpen : Block : BlockType = 261 
10-31 13:41:32.507   243 13298 D NvOsDebugPrintf: TVMR: NvMMLiteTVMRDecBlockOpen: 5008: NvMMLiteBlockOpen 
10-31 13:41:32.521   243 13298 D NvOsDebugPrintf: NvMMLiteBlockCreate : Block : BlockType = 261 
10-31 13:41:32.525   246 13290 D AudioTrack: Client defaulted notificationFrames to 7407 for frameCount 22221
10-31 13:41:32.542   243 13301 D NvOsDebugPrintf: TVMR: cbBeginSequence: 655: BeginSequence  512x288, bVPR = 0
10-31 13:41:32.542   243 13301 D NvOsDebugPrintf: TVMR: cbBeginSequence: 918: DecodeBuffers = 3 
10-31 13:41:32.543   243 13301 D NvOsDebugPrintf: TVMR: cbBeginSequence: 938: Display Resolution : (512x288) 
10-31 13:41:32.543   243 13301 D NvOsDebugPrintf: TVMR: cbBeginSequence: 939: Display Aspect Ratio : (512x288) 
10-31 13:41:32.544   243 13301 D NvOsDebugPrintf: TVMR: cbBeginSequence: 1041: SurfaceLayout = 3
10-31 13:41:32.544   243 13301 D NvOsDebugPrintf: TVMR: cbBeginSequence: 1071: NumOfSurfaces = 7, InteraceStream = 0, InterlaceEnabled = 0, bSecure = 0, MVC = 0 Semiplanar = 1, bReinit = 1 
10-31 13:41:32.544   243 13301 D NvOsDebugPrintf: Allocating new output: 512x288 (x 9), ThumbnailMode = 0
10-31 13:41:32.549   246 13295 D SurfaceUtils: set up nativeWindow 0xeb67f808 for 512x288, color 0x106, rotation 0, usage 0x2b00
10-31 13:41:32.549   243   263 E OMXNodeInstance: setParameter(f300f6:Nvidia.h264.decode, ParamPortDefinition(0x2000001)) ERROR: UnsupportedSetting(0x80001019)
10-31 13:41:32.549   246 13295 W ACodec  : [OMX.Nvidia.h264.decode] setting nBufferCountActual to 14 failed: -1010
10-31 13:41:32.549   243 21682 E OMXNodeInstance: setParameter(f300f6:Nvidia.h264.decode, ParamPortDefinition(0x2000001)) ERROR: UnsupportedSetting(0x80001019)
10-31 13:41:32.549   246 13295 W ACodec  : [OMX.Nvidia.h264.decode] setting nBufferCountActual to 13 failed: -1010
10-31 13:41:32.549   243  6645 E OMXNodeInstance: setParameter(f300f6:Nvidia.h264.decode, ParamPortDefinition(0x2000001)) ERROR: UnsupportedSetting(0x80001019)
10-31 13:41:32.549   246 13295 W ACodec  : [OMX.Nvidia.h264.decode] setting nBufferCountActual to 12 failed: -1010
10-31 13:41:32.572   246 13278 D NuPlayerDriver: notifyListener_l(0xf0220c60), (5, 512, 288), loop setting(0, 0)
10-31 13:41:32.729   246 13280 I ATSParser: discontinuity on stream pid 0x0100
10-31 13:41:32.731   246 13280 I ATSParser: discontinuity on stream pid 0x0101
10-31 13:41:33.392   246 13278 D NuPlayerDriver: notifyListener_l(0xf0220c60), (3, 5, 0), loop setting(0, 0)
10-31 13:41:33.860 12715 12715 E cr_BTSPrefs: No data found for task id: 57
10-31 13:41:33.861 12715 12715 E cr_BkgrdTaskScheduler: Task cannot be canceled because no data was found instorage or data was invalid
10-31 13:41:33.862 12715 12715 E cr_BTSPrefs: No data found for task id: 56
10-31 13:41:33.862 12715 12715 E cr_BkgrdTaskScheduler: Task cannot be canceled because no data was found instorage or data was invalid
10-31 13:41:33.972  6616  8240 W AdaptiveDiscoveryWorker: Exiting Adaptive Discovery. Current NetworkInfo is NULL.
10-31 13:41:34.325  6616  8240 W DatabaseProcessor: processLocalDevices: failed to get the network info with non-null bssid.
10-31 13:41:34.392   246 13278 D NuPlayerDriver: notifyListener_l(0xf0220c60), (3, 5, 0), loop setting(0, 0)
10-31 13:41:35.393   246 13278 D NuPlayerDriver: notifyListener_l(0xf0220c60), (3, 6, 0), loop setting(0, 0)
10-31 13:41:36.393   246 13278 D NuPlayerDriver: notifyListener_l(0xf0220c60), (3, 6, 0), loop setting(0, 0)
10-31 13:41:36.783   600   647 I WifiHAL : Got channel list with 13 channels
10-31 13:41:36.784   600   647 I WifiHAL : Got channel list with 4 channels
10-31 13:41:36.785   600   647 I WifiHAL : Got channel list with 15 channels
10-31 13:41:37.393   246 13278 D NuPlayerDriver: notifyListener_l(0xf0220c60), (3, 7, 0), loop setting(0, 0)
10-31 13:41:38.394   246 13278 D NuPlayerDriver: notifyListener_l(0xf0220c60), (3, 9, 0), loop setting(0, 0)
10-31 13:41:39.119   246 13280 I ATSParser: discontinuity on stream pid 0x0100
10-31 13:41:39.121   246 13280 I ATSParser: discontinuity on stream pid 0x0101
10-31 13:41:39.394   246 13278 D NuPlayerDriver: notifyListener_l(0xf0220c60), (3, 11, 0), loop setting(0, 0)
10-31 13:41:40.217   246 13280 I ATSParser: discontinuity on stream pid 0x0100
10-31 13:41:40.218   246 13280 I ATSParser: discontinuity on stream pid 0x0101
10-31 13:41:40.394   246 13279 I LiveSession: #### Starting Bandwidth Switch: 0 => 1
10-31 13:41:40.394   246 13278 D NuPlayerDriver: notifyListener_l(0xf0220c60), (3, 20, 0), loop setting(0, 0)
10-31 13:41:40.527   246 13280 I ESQueue : found something resembling an H.264/MPEG syncword at offset 1
10-31 13:41:40.527   246 13280 I avc_utils: found AVC codec config (640 x 360, Baseline-profile level 3.0)
10-31 13:41:40.528   246 13280 I ESQueue : found AAC codec config (44100 Hz, 2 channels)
10-31 13:41:40.531   246 13279 I LiveSession: [timed_id3] i 0 UriIsSameAsIndex newUri false, https://vod.video-cdn.net/F-TUvd9pk8UYjAqC7mYdAm/4312z8mUGRLb5UPsLza27-.aaa,828,596,1656,2356,.mp4.csmil/chunklist_b828000.m3u8?hdntl=exp=1667306490~acl=/*~data=hdntl~hmac=a1eafb2665edabdb8b78bed12a5250f4822328dc922570bce6c5ab5d474db03d&set-cc-attribute=cc
10-31 13:41:40.531   246 13279 I LiveSession: [timed_id3] i 1 UriIsSameAsIndex newUri false, https://vod.video-cdn.net/F-TUvd9pk8UYjAqC7mYdAm/4312z8mUGRLb5UPsLza27-.aaa,828,596,1656,2356,.mp4.csmil/chunklist_b828000.m3u8?hdntl=exp=1667306490~acl=/*~data=hdntl~hmac=a1eafb2665edabdb8b78bed12a5250f4822328dc922570bce6c5ab5d474db03d&set-cc-attribute=cc
10-31 13:41:40.531   246 13279 I LiveSession: #### Finished Bandwidth Switch: 0 => 1
10-31 13:41:40.531   246 13278 D NuPlayerDriver: notifyListener_l(0xf0220c60), (3, 10, 0), loop setting(0, 0)
10-31 13:41:40.568 13313 13313 D AndroidRuntime: >>>>>> START com.android.internal.os.RuntimeInit uid 2000 <<<<<<
10-31 13:41:40.573 13313 13313 D AndroidRuntime: CheckJNI is OFF
10-31 13:41:40.655 13313 13313 D ICU     : No timezone override file found: /data/misc/zoneinfo/current/icu/icu_tzdata.dat
10-31 13:41:40.691 13313 13313 I Radio-JNI: register_android_hardware_Radio DONE
10-31 13:41:40.709 13313 13313 D AndroidRuntime: Calling main entry com.android.commands.monkey.Monkey
10-31 13:41:40.784   600   613 W BroadcastQueue: Skipping deliver [background] BroadcastRecord{b8d0b81 u-1 android.net.conn.CONNECTIVITY_CHANGE} to ReceiverList{b556426 13313 (unknown name)/2000/u-1 remote:4de6e8b}: process crashing
10-31 13:41:40.992   246 13280 I ATSParser: discontinuity on stream pid 0x0100
10-31 13:41:40.994   246 13280 I ATSParser: discontinuity on stream pid 0x0101
10-31 13:41:41.531   246 13278 D NuPlayerDriver: notifyListener_l(0xf0220c60), (3, 19, 0), loop setting(0, 0)
10-31 13:41:42.532   246 13278 D NuPlayerDriver: notifyListener_l(0xf0220c60), (3, 19, 0), loop setting(0, 0)
10-31 13:41:43.532   246 13278 D NuPlayerDriver: notifyListener_l(0xf0220c60), (3, 19, 0), loop setting(0, 0)
10-31 13:41:44.532   246 13278 D NuPlayerDriver: notifyListener_l(0xf0220c60), (3, 19, 0), loop setting(0, 0)
10-31 13:41:44.726 13313 13313 D MonkeyStub: translateCommand: wake
10-31 13:41:44.928 13313 13313 D MonkeyStub: translateCommand: tap 273 1877
10-31 13:41:44.945   246 13280 I ATSParser: discontinuity on stream pid 0x0100
10-31 13:41:44.947   246 13280 I ATSParser: discontinuity on stream pid 0x0101
10-31 13:41:45.533   246 13278 D NuPlayerDriver: notifyListener_l(0xf0220c60), (3, 26, 0), loop setting(0, 0)
10-31 13:41:46.088   246 13280 I ATSParser: discontinuity on stream pid 0x0100
10-31 13:41:46.088   246 13280 I ATSParser: discontinuity on stream pid 0x0101
10-31 13:41:46.295   246 13278 D NuPlayer: onSetVideoSurface(0x0, have video decoder)
10-31 13:41:46.306   243 13302 D NvOsDebugPrintf: TVMR: TVMRFrameDelivery: 3741: Closing TVMR Frame Delivery Thread -------------
10-31 13:41:46.311   243 13298 D NvOsDebugPrintf: TVMR: NvMMDecTVMRDestroyParser: 4224: NvAvpClose
10-31 13:41:46.311   243 13298 D NvOsDebugPrintf: TVMR: NvMMLiteTVMRDecBlockClose: 5163: Done 
10-31 13:41:46.316   246 13278 W AMessage: failed to post message as target looper for handler 0 is gone.
10-31 13:41:46.318   246   760 D NuPlayerDriver: reset(0xf0220c60) at state 4
10-31 13:41:46.318   246 13293 I NuPlayerDecoder: [OMX.google.aac.decoder] resubmitting CSD
10-31 13:41:46.318   246   760 D NuPlayerDriver: notifyListener_l(0xf0220c60), (8, 0, 0), loop setting(0, 0)
10-31 13:41:46.319   243 13296 I SoftAAC2: Initially configuring decoder: 44100 Hz, 1 channels
10-31 13:41:46.325   246 13278 W AMessage: failed to post message as target looper for handler 0 is gone.
10-31 13:41:46.359   246 13280 W AMessage: failed to deliver message as target handler 997 is gone.
10-31 13:41:46.363   246 13278 D NuPlayerDriver: notifyResetComplete(0xf0220c60)
10-31 13:41:50.214 13313 13313 D MonkeyStub: translateCommand: tap 1195 298
10-31 13:41:50.472   787  1259 E AsyncOperation: serviceID=121, operation=GetLaunchDataOperation [CONTEXT service_id=259 ]
10-31 13:41:50.472   787  1259 E AsyncOperation: OperationException[Status{statusCode=Not an instant app, resolution=null}]
10-31 13:41:50.472   787  1259 E AsyncOperation: 	at aeay.a(:com.google.android.gms@203915020@20.39.15 (040406-335085812):20)
10-31 13:41:50.472   787  1259 E AsyncOperation: 	at aain.run(:com.google.android.gms@203915020@20.39.15 (040406-335085812):7)
10-31 13:41:50.472   787  1259 E AsyncOperation: 	at boex.run(:com.google.android.gms@203915020@20.39.15 (040406-335085812):2)
10-31 13:41:50.472   787  1259 E AsyncOperation: 	at sup.b(:com.google.android.gms@203915020@20.39.15 (040406-335085812):12)
10-31 13:41:50.472   787  1259 E AsyncOperation: 	at sup.run(:com.google.android.gms@203915020@20.39.15 (040406-335085812):7)
10-31 13:41:50.472   787  1259 E AsyncOperation: 	at java.util.concurrent.ThreadPoolExecutor.runWorker(ThreadPoolExecutor.java:1133)
10-31 13:41:50.472   787  1259 E AsyncOperation: 	at java.util.concurrent.ThreadPoolExecutor$Worker.run(ThreadPoolExecutor.java:607)
10-31 13:41:50.472   787  1259 E AsyncOperation: 	at tam.run(:com.google.android.gms@203915020@20.39.15 (040406-335085812):0)
10-31 13:41:50.472   787  1259 E AsyncOperation: 	at java.lang.Thread.run(Thread.java:761)
10-31 13:41:50.639  6616  8240 I DiscoveryManager: Filter criteria(null) scannerFlags(0)
10-31 13:41:50.654  6616  8240 W GuestModeDeviceProber: setFilterCriteria
10-31 13:41:50.968   787  1714 W Icing   : isOptedInForAppHistory: empty Account Name encountered
10-31 13:41:50.976   787  1714 W Icing   : isOptedInForAppHistory: empty Account Name encountered
10-31 13:41:51.009   787 10677 W Icing   : isOptedInForAppHistory: empty Account Name encountered
10-31 13:41:51.131 12715 12715 I cr_tabmodel: Appending tabs being restored to metadata lists, 0, startingNormalCount: 2, startingIncognitoCount: 0
10-31 13:41:51.131 12715 12715 I cr_tabmodel: Serializing tab lists; counts: 2, 0
10-31 13:41:53.945   600   609 I art     : Background partial concurrent mark sweep GC freed 108979(6MB) AllocSpace objects, 42(1660KB) LOS objects, 33% free, 16MB/25MB, paused 845us total 137.632ms
10-31 13:41:55.062 12715 12715 I cr_tabmodel: Appending tabs being restored to metadata lists, 0, startingNormalCount: 2, startingIncognitoCount: 0
10-31 13:41:55.062 12715 12715 I cr_tabmodel: Serializing tab lists; counts: 2, 0
10-31 13:41:55.230 12715 12715 I cr_tabmodel: Appending tabs being restored to metadata lists, 0, startingNormalCount: 2, startingIncognitoCount: 0
10-31 13:41:55.230 12715 12715 I cr_tabmodel: Serializing tab lists; counts: 2, 0
10-31 13:41:56.960  6616  6965 I Icing   : IndexChimeraService.getServiceInterface callingPackage=com.android.chrome componentName=null serviceId=36
10-31 13:41:56.986  6616  8240 W Icing   : No valid account for uploading user actions
10-31 13:41:57.019  6616  6965 I Icing   : IndexChimeraService.getServiceInterface callingPackage=com.google.android.gms componentName=null serviceId=30
10-31 13:41:57.067  6616  8240 I Icing   : Usage reports ok 1, Failed Usage reports 0, indexed 1, rejected 0
10-31 13:41:57.075  6616  8240 W Icing   : No valid account for uploading user actions
10-31 13:41:57.090  6616  8240 I Icing   : Usage reports ok 0, Failed Usage reports 0, indexed 0, rejected 0
10-31 13:41:57.094  6616  8240 I Icing   : Indexing com.android.chrome-omnibox from com.android.chrome
10-31 13:41:57.143  6616  6945 I Icing   : Indexing done com.android.chrome-omnibox
10-31 13:41:58.142   787  1245 W Icing   : isOptedInForAppHistory: empty Account Name encountered
10-31 13:41:58.175   787 11040 W Icing   : isOptedInForAppHistory: empty Account Name encountered
10-31 13:42:00.452 13313 13313 D MonkeyStub: translateCommand: touch down 614 1561
10-31 13:42:00.472 13313 13313 D MonkeyStub: translateCommand: touch move 614 1561
10-31 13:42:00.600 13313 13313 D MonkeyStub: translateCommand: touch move 614 1436
10-31 13:42:00.725 13313 13313 D MonkeyStub: translateCommand: touch move 614 1311
10-31 13:42:00.975 13313 13313 D MonkeyStub: translateCommand: touch move 614 1186
10-31 13:42:01.084 13313 13313 D MonkeyStub: translateCommand: touch move 614 1061
10-31 13:42:01.200 13313 13313 D MonkeyStub: translateCommand: touch move 614 937
10-31 13:42:01.357 13313 13313 D MonkeyStub: translateCommand: touch move 614 812
10-31 13:42:01.470 13313 13313 D MonkeyStub: translateCommand: touch move 614 687
10-31 13:42:01.578 13313 13313 D MonkeyStub: translateCommand: touch move 614 562
10-31 13:42:01.684 13313 13313 D MonkeyStub: translateCommand: touch move 614 437
10-31 13:42:01.793 13313 13313 D MonkeyStub: translateCommand: touch move 614 312
10-31 13:42:01.810 13313 13313 D MonkeyStub: translateCommand: touch up 614 312
10-31 13:42:01.849 13313 13313 D MonkeyStub: translateCommand: touch down 614 1561
10-31 13:42:01.889 13313 13313 D MonkeyStub: translateCommand: touch move 614 1561
10-31 13:42:02.000 13313 13313 D MonkeyStub: translateCommand: touch move 614 1436
10-31 13:42:02.113 13313 13313 D MonkeyStub: translateCommand: touch move 614 1311
10-31 13:42:02.219 13313 13313 D MonkeyStub: translateCommand: touch move 614 1186
10-31 13:42:02.324 13313 13313 D MonkeyStub: translateCommand: touch move 614 1061
10-31 13:42:02.465 13313 13313 D MonkeyStub: translateCommand: touch move 614 937
10-31 13:42:02.589 13313 13313 D MonkeyStub: translateCommand: touch move 614 812
10-31 13:42:02.811 13313 13313 D MonkeyStub: translateCommand: touch move 614 687
10-31 13:42:02.943 13313 13313 D MonkeyStub: translateCommand: touch move 614 562
10-31 13:42:03.282 13313 13313 D MonkeyStub: translateCommand: touch move 614 437
10-31 13:42:03.431 13313 13313 D MonkeyStub: translateCommand: touch move 614 312
10-31 13:42:03.448 13313 13313 D MonkeyStub: translateCommand: touch up 614 312
10-31 13:42:03.654   600  1079 I ActivityManager: Start proc 13366:com.android.chrome:sandboxed_process22/u0i743 for service com.android.chrome/org.chromium.content.app.SandboxedProcessService22
10-31 13:42:03.696 13366 13366 W boxed_process22: type=1400 audit(0.0:13318): avc: denied { getattr } for path="/data/data/com.android.chrome" dev="dm-2" ino=12190 scontext=u:r:isolated_app:s0:c512,c768 tcontext=u:object_r:app_data_file:s0:c512,c768 tclass=dir permissive=0
10-31 13:42:03.723 13366 13366 I cr_ChildProcessService: Creating new ChildProcessService pid=13366
10-31 13:42:03.769 13366 13380 I cr_LibraryLoader: Loaded native library version number "85.0.4183.127"
10-31 13:42:03.769 13366 13380 I cr_CachingUmaRecorder: Flushed 1 samples from 1 histograms.
10-31 13:42:03.783 13380 13380 W CrUtilityMain: type=1400 audit(0.0:13319): avc: denied { setattr } for name="LICENSE.txt" dev="dm-2" ino=57262 scontext=u:r:isolated_app:s0:c512,c768 tcontext=u:object_r:app_data_file:s0:c512,c768 tclass=file permissive=0
10-31 13:42:03.786 13380 13380 W CrUtilityMain: type=1400 audit(0.0:13320): avc: denied { setattr } for name=46696C746572696E672052756C6573 dev="dm-2" ino=57041 scontext=u:r:isolated_app:s0:c512,c768 tcontext=u:object_r:app_data_file:s0:c512,c768 tclass=file permissive=0
10-31 13:42:03.786 13380 13380 W CrUtilityMain: type=1400 audit(0.0:13321): avc: denied { setattr } for name="manifest.json" dev="dm-2" ino=22839 scontext=u:r:isolated_app:s0:c512,c768 tcontext=u:object_r:app_data_file:s0:c512,c768 tclass=file permissive=0
10-31 13:42:03.790 13380 13380 W CrUtilityMain: type=1400 audit(0.0:13322): avc: denied { setattr } for name="verified_contents.json" dev="dm-2" ino=57258 scontext=u:r:isolated_app:s0:c512,c768 tcontext=u:object_r:app_data_file:s0:c512,c768 tclass=file permissive=0
10-31 13:42:03.797 13366 13380 I chromium: [INFO:child_process_service.cc(69)] ChildProcessService: Exiting child process.
10-31 13:42:03.799   197   197 E lowmemorykiller: Error writing /proc/13366/oom_score_adj; errno=22
10-31 13:42:03.827 12715 12715 W chromium: [WARNING:compositor_view.cc(315)] Child process died (type=6) pid=13366)
10-31 13:42:03.828   600  3507 I ActivityManager: Process com.android.chrome:sandboxed_process22 (pid 13366) has died
10-31 13:42:03.828   600  3507 D ActivityManager: cleanUpApplicationRecord -- 13366
10-31 13:42:06.522 13313 13313 D MonkeyStub: translateCommand: touch down 614 312
10-31 13:42:06.557 13313 13313 D MonkeyStub: translateCommand: touch move 614 312
10-31 13:42:06.610   600  3507 I ActivityManager: Start proc 13384:com.android.chrome:sandboxed_process23/u0i744 for service com.android.chrome/org.chromium.content.app.SandboxedProcessService23
10-31 13:42:06.670 13313 13313 D MonkeyStub: translateCommand: touch move 614 437
10-31 13:42:06.686 13384 13384 W boxed_process23: type=1400 audit(0.0:13323): avc: denied { getattr } for path="/data/data/com.android.chrome" dev="dm-2" ino=12190 scontext=u:r:isolated_app:s0:c512,c768 tcontext=u:object_r:app_data_file:s0:c512,c768 tclass=dir permissive=0
10-31 13:42:06.712 13384 13384 I cr_ChildProcessService: Creating new ChildProcessService pid=13384
10-31 13:42:06.750 13384 13397 I cr_LibraryLoader: Loaded native library version number "85.0.4183.127"
10-31 13:42:06.750 13384 13397 I cr_CachingUmaRecorder: Flushed 1 samples from 1 histograms.
10-31 13:42:06.788 13313 13313 D MonkeyStub: translateCommand: touch move 614 562
10-31 13:42:06.796 13397 13397 W CrUtilityMain: type=1400 audit(0.0:13324): avc: denied { setattr } for name="tl_en-us_2022-10-24_484508980_100000_index.bin" dev="dm-2" ino=57272 scontext=u:r:isolated_app:s0:c512,c768 tcontext=u:object_r:app_data_file:s0:c512,c768 tclass=file permissive=0
10-31 13:42:06.796 13397 13397 W CrUtilityMain: type=1400 audit(0.0:13325): avc: denied { setattr } for name="manifest.json" dev="dm-2" ino=57717 scontext=u:r:isolated_app:s0:c512,c768 tcontext=u:object_r:app_data_file:s0:c512,c768 tclass=file permissive=0
10-31 13:42:06.800 13397 13397 W CrUtilityMain: type=1400 audit(0.0:13326): avc: denied { setattr } for name="verified_contents.json" dev="dm-2" ino=57421 scontext=u:r:isolated_app:s0:c512,c768 tcontext=u:object_r:app_data_file:s0:c512,c768 tclass=file permissive=0
10-31 13:42:06.831 13384 13384 I cr_ChildProcessService: Destroying ChildProcessService pid=13384
10-31 13:42:06.834 13384 13397 I chromium: [INFO:child_process_service.cc(69)] ChildProcessService: Exiting child process.
10-31 13:42:06.867   600  3509 I ActivityManager: Process com.android.chrome:sandboxed_process23 (pid 13384) has died
10-31 13:42:06.867   600  3509 D ActivityManager: cleanUpApplicationRecord -- 13384
10-31 13:42:06.868 12715 12715 W chromium: [WARNING:compositor_view.cc(315)] Child process died (type=6) pid=13384)
10-31 13:42:06.897 13313 13313 D MonkeyStub: translateCommand: touch move 614 687
10-31 13:42:07.068 13313 13313 D MonkeyStub: translateCommand: touch move 614 812
10-31 13:42:07.207 13313 13313 D MonkeyStub: translateCommand: touch move 614 937
10-31 13:42:07.396 13313 13313 D MonkeyStub: translateCommand: touch move 614 1061
10-31 13:42:07.501 13313 13313 D MonkeyStub: translateCommand: touch move 614 1186
10-31 13:42:07.610 13313 13313 D MonkeyStub: translateCommand: touch move 614 1311
10-31 13:42:07.733 13313 13313 D MonkeyStub: translateCommand: touch move 614 1436
10-31 13:42:07.843 13313 13313 D MonkeyStub: translateCommand: touch move 614 1561
10-31 13:42:07.853 13313 13313 D MonkeyStub: translateCommand: touch up 614 1561
10-31 13:42:07.955 13313 13313 D MonkeyStub: translateCommand: touch down 614 312
10-31 13:42:07.964 13313 13313 D MonkeyStub: translateCommand: touch move 614 312
10-31 13:42:08.069 13313 13313 D MonkeyStub: translateCommand: touch move 614 437
10-31 13:42:08.175 13313 13313 D MonkeyStub: translateCommand: touch move 614 562
10-31 13:42:08.310 13313 13313 D MonkeyStub: translateCommand: touch move 614 687
10-31 13:42:08.458 13313 13313 D MonkeyStub: translateCommand: touch move 614 812
10-31 13:42:08.608 13313 13313 D MonkeyStub: translateCommand: touch move 614 937
10-31 13:42:08.724 13313 13313 D MonkeyStub: translateCommand: touch move 614 1061
10-31 13:42:08.837 13313 13313 D MonkeyStub: translateCommand: touch move 614 1186
10-31 13:42:08.952 13313 13313 D MonkeyStub: translateCommand: touch move 614 1311
10-31 13:42:09.065 13313 13313 D MonkeyStub: translateCommand: touch move 614 1436
10-31 13:42:09.178 13313 13313 D MonkeyStub: translateCommand: touch move 614 1561
10-31 13:42:09.197 13313 13313 D MonkeyStub: translateCommand: touch up 614 1561
10-31 13:42:09.885   600  7064 I ActivityManager: Start proc 13406:com.android.chrome:sandboxed_process24/u0i745 for service com.android.chrome/org.chromium.content.app.SandboxedProcessService24
10-31 13:42:09.923 13406 13406 W boxed_process24: type=1400 audit(0.0:13327): avc: denied { getattr } for path="/data/data/com.android.chrome" dev="dm-2" ino=12190 scontext=u:r:isolated_app:s0:c512,c768 tcontext=u:object_r:app_data_file:s0:c512,c768 tclass=dir permissive=0
10-31 13:42:09.947 13406 13406 I cr_ChildProcessService: Creating new ChildProcessService pid=13406
10-31 13:42:09.984 13406 13419 I cr_LibraryLoader: Loaded native library version number "85.0.4183.127"
10-31 13:42:09.984 13406 13419 I cr_CachingUmaRecorder: Flushed 1 samples from 1 histograms.
10-31 13:42:09.996 13419 13419 W CrUtilityMain: type=1400 audit(0.0:13328): avc: denied { setattr } for name="optimization-hints.pb" dev="dm-2" ino=57588 scontext=u:r:isolated_app:s0:c512,c768 tcontext=u:object_r:app_data_file:s0:c512,c768 tclass=file permissive=0
10-31 13:42:09.996 13419 13419 W CrUtilityMain: type=1400 audit(0.0:13329): avc: denied { setattr } for name="manifest.json" dev="dm-2" ino=57615 scontext=u:r:isolated_app:s0:c512,c768 tcontext=u:object_r:app_data_file:s0:c512,c768 tclass=file permissive=0
10-31 13:42:10.000 13419 13419 W CrUtilityMain: type=1400 audit(0.0:13330): avc: denied { setattr } for name="verified_contents.json" dev="dm-2" ino=57513 scontext=u:r:isolated_app:s0:c512,c768 tcontext=u:object_r:app_data_file:s0:c512,c768 tclass=file permissive=0
10-31 13:42:10.007 13406 13419 I chromium: [INFO:child_process_service.cc(69)] ChildProcessService: Exiting child process.
10-31 13:42:10.008   197   197 E lowmemorykiller: Error writing /proc/13406/oom_score_adj; errno=22
10-31 13:42:10.024   600  1079 I ActivityManager: Process com.android.chrome:sandboxed_process24 (pid 13406) has died
10-31 13:42:10.024   600  1079 D ActivityManager: cleanUpApplicationRecord -- 13406
10-31 13:42:10.025 12715 12715 W chromium: [WARNING:compositor_view.cc(315)] Child process died (type=6) pid=13406)
10-31 13:42:11.314 13313 13313 D MonkeyStub: translateCommand: tap 158 750
10-31 13:42:11.485   787  1259 E AsyncOperation: serviceID=121, operation=GetLaunchDataOperation [CONTEXT service_id=259 ]
10-31 13:42:11.485   787  1259 E AsyncOperation: OperationException[Status{statusCode=Not an instant app, resolution=null}]
10-31 13:42:11.485   787  1259 E AsyncOperation: 	at aeay.a(:com.google.android.gms@203915020@20.39.15 (040406-335085812):20)
