10-31 15:44:24.401 26550 26550 W CrUtilityMain: type=1400 audit(0.0:14554): avc: denied { setattr } for name="verified_contents.json" dev="dm-2" ino=54120 scontext=u:r:isolated_app:s0:c512,c768 tcontext=u:object_r:app_data_file:s0:c512,c768 tclass=file permissive=0
10-31 15:44:24.410 26537 26550 I chromium: [INFO:child_process_service.cc(69)] ChildProcessService: Exiting child process.
10-31 15:44:24.415   197   197 E lowmemorykiller: Error writing /proc/26537/oom_score_adj; errno=22
10-31 15:44:24.443 25804 25804 W chromium: [WARNING:compositor_view.cc(315)] Child process died (type=6) pid=26537)
10-31 15:44:24.444   600   611 I ActivityManager: Process com.android.chrome:sandboxed_process22 (pid 26537) has died
10-31 15:44:24.444   600   611 D ActivityManager: cleanUpApplicationRecord -- 26537
10-31 15:44:24.901   198   198 E SELinux : avc:  denied  { find } for service=netd pid=26556 uid=2000 scontext=u:r:shell:s0 tcontext=u:object_r:netd_service:s0 tclass=service_manager permissive=0
10-31 15:44:24.907   198   198 E SELinux : avc:  denied  { find } for service=android.service.gatekeeper.IGateKeeperService pid=26556 uid=2000 scontext=u:r:shell:s0 tcontext=u:object_r:gatekeeper_service:s0 tclass=service_manager permissive=0
10-31 15:44:24.945   600  6312 I ActivityManager: Start proc 26557:com.android.chrome:sandboxed_process23/u0i516 for service com.android.chrome/org.chromium.content.app.SandboxedProcessService23
10-31 15:44:24.987 26557 26557 W boxed_process23: type=1400 audit(0.0:14555): avc: denied { getattr } for path="/data/data/com.android.chrome" dev="dm-2" ino=12190 scontext=u:r:isolated_app:s0:c512,c768 tcontext=u:object_r:app_data_file:s0:c512,c768 tclass=dir permissive=0
10-31 15:44:25.012 26557 26557 I cr_ChildProcessService: Creating new ChildProcessService pid=26557
10-31 15:44:25.068 26557 26570 I cr_LibraryLoader: Loaded native library version number "85.0.4183.127"
10-31 15:44:25.069 26557 26570 I cr_CachingUmaRecorder: Flushed 1 samples from 1 histograms.
10-31 15:44:25.101 26570 26570 W CrUtilityMain: type=1400 audit(0.0:14556): avc: denied { setattr } for name="tl_en-us_2022-10-24_484508980_100000_index.bin" dev="dm-2" ino=55552 scontext=u:r:isolated_app:s0:c512,c768 tcontext=u:object_r:app_data_file:s0:c512,c768 tclass=file permissive=0
10-31 15:44:25.104 26570 26570 W CrUtilityMain: type=1400 audit(0.0:14557): avc: denied { setattr } for name="manifest.json" dev="dm-2" ino=55903 scontext=u:r:isolated_app:s0:c512,c768 tcontext=u:object_r:app_data_file:s0:c512,c768 tclass=file permissive=0
10-31 15:44:25.107 26570 26570 W CrUtilityMain: type=1400 audit(0.0:14558): avc: denied { setattr } for name="verified_contents.json" dev="dm-2" ino=55908 scontext=u:r:isolated_app:s0:c512,c768 tcontext=u:object_r:app_data_file:s0:c512,c768 tclass=file permissive=0
10-31 15:44:25.115 26557 26570 I chromium: [INFO:child_process_service.cc(69)] ChildProcessService: Exiting child process.
10-31 15:44:25.116   197   197 E lowmemorykiller: Error writing /proc/26557/oom_score_adj; errno=22
10-31 15:44:25.133   600  1082 I ActivityManager: Process com.android.chrome:sandboxed_process23 (pid 26557) has died
10-31 15:44:25.133   600  1082 D ActivityManager: cleanUpApplicationRecord -- 26557
10-31 15:44:25.136 25804 25804 W chromium: [WARNING:compositor_view.cc(315)] Child process died (type=6) pid=26557)
10-31 15:44:25.136   600   615 W libprocessgroup: failed to kill pid 26557: No such process
10-31 15:44:25.920   600  6312 I ActivityManager: Start proc 26574:com.android.chrome:sandboxed_process24/u0i517 for service com.android.chrome/org.chromium.content.app.SandboxedProcessService24
10-31 15:44:25.987 26574 26574 W boxed_process24: type=1400 audit(0.0:14559): avc: denied { getattr } for path="/data/data/com.android.chrome" dev="dm-2" ino=12190 scontext=u:r:isolated_app:s0:c512,c768 tcontext=u:object_r:app_data_file:s0:c512,c768 tclass=dir permissive=0
10-31 15:44:26.000 26479 26479 D MonkeyStub: translateCommand: tap 158 750
10-31 15:44:26.064 26574 26574 I cr_ChildProcessService: Creating new ChildProcessService pid=26574
10-31 15:44:26.171 26574 26587 I cr_LibraryLoader: Loaded native library version number "85.0.4183.127"
10-31 15:44:26.172 26574 26587 I cr_CachingUmaRecorder: Flushed 1 samples from 1 histograms.
10-31 15:44:26.227 26587 26587 W CrUtilityMain: type=1400 audit(0.0:14560): avc: denied { setattr } for name="optimization-hints.pb" dev="dm-2" ino=56377 scontext=u:r:isolated_app:s0:c512,c768 tcontext=u:object_r:app_data_file:s0:c512,c768 tclass=file permissive=0
10-31 15:44:26.227 26587 26587 W CrUtilityMain: type=1400 audit(0.0:14561): avc: denied { setattr } for name="manifest.json" dev="dm-2" ino=56079 scontext=u:r:isolated_app:s0:c512,c768 tcontext=u:object_r:app_data_file:s0:c512,c768 tclass=file permissive=0
10-31 15:44:26.244 26587 26587 W CrUtilityMain: type=1400 audit(0.0:14562): avc: denied { setattr } for name="verified_contents.json" dev="dm-2" ino=56229 scontext=u:r:isolated_app:s0:c512,c768 tcontext=u:object_r:app_data_file:s0:c512,c768 tclass=file permissive=0
10-31 15:44:26.266 26574 26587 I chromium: [INFO:child_process_service.cc(69)] ChildProcessService: Exiting child process.
10-31 15:44:26.269   787  1169 E AsyncOperation: serviceID=121, operation=GetLaunchDataOperation [CONTEXT service_id=259 ]
10-31 15:44:26.269   787  1169 E AsyncOperation: OperationException[Status{statusCode=Not an instant app, resolution=null}]
10-31 15:44:26.269   787  1169 E AsyncOperation: 	at aeay.a(:com.google.android.gms@203915020@20.39.15 (040406-335085812):20)
10-31 15:44:26.269   787  1169 E AsyncOperation: 	at aain.run(:com.google.android.gms@203915020@20.39.15 (040406-335085812):7)
10-31 15:44:26.269   787  1169 E AsyncOperation: 	at boex.run(:com.google.android.gms@203915020@20.39.15 (040406-335085812):2)
10-31 15:44:26.269   787  1169 E AsyncOperation: 	at sup.b(:com.google.android.gms@203915020@20.39.15 (040406-335085812):12)
10-31 15:44:26.269   787  1169 E AsyncOperation: 	at sup.run(:com.google.android.gms@203915020@20.39.15 (040406-335085812):7)
10-31 15:44:26.269   787  1169 E AsyncOperation: 	at java.util.concurrent.ThreadPoolExecutor.runWorker(ThreadPoolExecutor.java:1133)
10-31 15:44:26.269   787  1169 E AsyncOperation: 	at java.util.concurrent.ThreadPoolExecutor$Worker.run(ThreadPoolExecutor.java:607)
10-31 15:44:26.269   787  1169 E AsyncOperation: 	at tam.run(:com.google.android.gms@203915020@20.39.15 (040406-335085812):0)
10-31 15:44:26.269   787  1169 E AsyncOperation: 	at java.lang.Thread.run(Thread.java:761)
10-31 15:44:26.407 25835 25845 I art     : Background partial concurrent mark sweep GC freed 217047(6MB) AllocSpace objects, 6(120KB) LOS objects, 40% free, 6MB/10MB, paused 1.243ms total 160.612ms
10-31 15:44:26.440   600  9614 I ActivityManager: Process com.android.chrome:sandboxed_process24 (pid 26574) has died
10-31 15:44:26.441   600  9614 D ActivityManager: cleanUpApplicationRecord -- 26574
10-31 15:44:26.447 25804 25804 W chromium: [WARNING:compositor_view.cc(315)] Child process died (type=6) pid=26574)
10-31 15:44:27.088   787 28597 W Icing   : isOptedInForAppHistory: empty Account Name encountered
10-31 15:44:27.119   787 28597 W Icing   : isOptedInForAppHistory: empty Account Name encountered
10-31 15:44:27.134   787 24722 W Icing   : isOptedInForAppHistory: empty Account Name encountered
10-31 15:44:27.178 25804 25804 I cr_tabmodel: Appending tabs being restored to metadata lists, 0, startingNormalCount: 2, startingIncognitoCount: 0
10-31 15:44:27.178 25804 25804 I cr_tabmodel: Serializing tab lists; counts: 2, 0
10-31 15:44:27.571   600 24515 I ActivityManager: Start proc 26593:com.android.chrome:sandboxed_process25/u0i518 for service com.android.chrome/org.chromium.content.app.SandboxedProcessService25
10-31 15:44:27.611 26593 26593 W boxed_process25: type=1400 audit(0.0:14563): avc: denied { getattr } for path="/data/data/com.android.chrome" dev="dm-2" ino=12190 scontext=u:r:isolated_app:s0:c512,c768 tcontext=u:object_r:app_data_file:s0:c512,c768 tclass=dir permissive=0
10-31 15:44:27.634 26593 26593 I cr_ChildProcessService: Creating new ChildProcessService pid=26593
10-31 15:44:27.680 26593 26606 I cr_LibraryLoader: Loaded native library version number "85.0.4183.127"
10-31 15:44:27.680 26593 26606 I cr_CachingUmaRecorder: Flushed 1 samples from 1 histograms.
10-31 15:44:27.694 26606 26606 W CrUtilityMain: type=1400 audit(0.0:14564): avc: denied { setattr } for name="crl-set" dev="dm-2" ino=56858 scontext=u:r:isolated_app:s0:c512,c768 tcontext=u:object_r:app_data_file:s0:c512,c768 tclass=file permissive=0
10-31 15:44:27.697 26606 26606 W CrUtilityMain: type=1400 audit(0.0:14565): avc: denied { setattr } for name="manifest.json" dev="dm-2" ino=56792 scontext=u:r:isolated_app:s0:c512,c768 tcontext=u:object_r:app_data_file:s0:c512,c768 tclass=file permissive=0
10-31 15:44:27.697 26606 26606 W CrUtilityMain: type=1400 audit(0.0:14566): avc: denied { setattr } for name="LICENSE" dev="dm-2" ino=57282 scontext=u:r:isolated_app:s0:c512,c768 tcontext=u:object_r:app_data_file:s0:c512,c768 tclass=file permissive=0
10-31 15:44:27.701 26606 26606 W CrUtilityMain: type=1400 audit(0.0:14567): avc: denied { setattr } for name="verified_contents.json" dev="dm-2" ino=56970 scontext=u:r:isolated_app:s0:c512,c768 tcontext=u:object_r:app_data_file:s0:c512,c768 tclass=file permissive=0
10-31 15:44:27.711 26593 26606 I chromium: [INFO:child_process_service.cc(69)] ChildProcessService: Exiting child process.
10-31 15:44:27.718   197   197 E lowmemorykiller: Error writing /proc/26593/oom_score_adj; errno=22
10-31 15:44:27.730   600   707 I ActivityManager: Process com.android.chrome:sandboxed_process25 (pid 26593) has died
10-31 15:44:27.730   600   707 D ActivityManager: cleanUpApplicationRecord -- 26593
10-31 15:44:27.731 25804 25804 W chromium: [WARNING:compositor_view.cc(315)] Child process died (type=6) pid=26593)
10-31 15:44:29.158   600   713 I ActivityManager: Start proc 26613:com.android.chrome:sandboxed_process26/u0i519 for service com.android.chrome/org.chromium.content.app.SandboxedProcessService26
10-31 15:44:29.197 26613 26613 W boxed_process26: type=1400 audit(0.0:14568): avc: denied { getattr } for path="/data/data/com.android.chrome" dev="dm-2" ino=12190 scontext=u:r:isolated_app:s0:c512,c768 tcontext=u:object_r:app_data_file:s0:c512,c768 tclass=dir permissive=0
10-31 15:44:29.224 26613 26613 I cr_ChildProcessService: Creating new ChildProcessService pid=26613
10-31 15:44:29.281 26613 26626 I cr_LibraryLoader: Loaded native library version number "85.0.4183.127"
10-31 15:44:29.282 26613 26626 I cr_CachingUmaRecorder: Flushed 1 samples from 1 histograms.
10-31 15:44:29.297 26626 26626 W CrUtilityMain: type=1400 audit(0.0:14569): avc: denied { setattr } for name="manifest.json" dev="dm-2" ino=57168 scontext=u:r:isolated_app:s0:c512,c768 tcontext=u:object_r:app_data_file:s0:c512,c768 tclass=file permissive=0
10-31 15:44:29.301 26626 26626 W CrUtilityMain: type=1400 audit(0.0:14570): avc: denied { setattr } for name="verified_contents.json" dev="dm-2" ino=57547 scontext=u:r:isolated_app:s0:c512,c768 tcontext=u:object_r:app_data_file:s0:c512,c768 tclass=file permissive=0
10-31 15:44:29.310 26613 26626 I chromium: [INFO:child_process_service.cc(69)] ChildProcessService: Exiting child process.
10-31 15:44:29.313   197   197 E lowmemorykiller: Error writing /proc/26613/oom_score_adj; errno=22
10-31 15:44:29.340   600  3967 I ActivityManager: Process com.android.chrome:sandboxed_process26 (pid 26613) has died
10-31 15:44:29.340   600  3967 D ActivityManager: cleanUpApplicationRecord -- 26613
10-31 15:44:29.343 25804 25804 W chromium: [WARNING:compositor_view.cc(315)] Child process died (type=6) pid=26613)
10-31 15:44:30.495 25804 25804 I cr_tabmodel: Appending tabs being restored to metadata lists, 0, startingNormalCount: 2, startingIncognitoCount: 0
10-31 15:44:30.495 25804 25804 I cr_tabmodel: Serializing tab lists; counts: 2, 0
10-31 15:44:30.642 25804 25804 I cr_tabmodel: Appending tabs being restored to metadata lists, 0, startingNormalCount: 2, startingIncognitoCount: 0
10-31 15:44:30.642 25804 25804 I cr_tabmodel: Serializing tab lists; counts: 2, 0
10-31 15:44:30.967   600  9614 I ActivityManager: Start proc 26630:com.android.chrome:sandboxed_process27/u0i520 for service com.android.chrome/org.chromium.content.app.SandboxedProcessService27
10-31 15:44:31.021 26630 26630 W boxed_process27: type=1400 audit(0.0:14571): avc: denied { getattr } for path="/data/data/com.android.chrome" dev="dm-2" ino=12190 scontext=u:r:isolated_app:s0:c512,c768 tcontext=u:object_r:app_data_file:s0:c512,c768 tclass=dir permissive=0
10-31 15:44:31.046 26630 26630 I cr_ChildProcessService: Creating new ChildProcessService pid=26630
10-31 15:44:31.051 26479 26479 D MonkeyStub: translateCommand: touch down 614 1561
10-31 15:44:31.063 26479 26479 D MonkeyStub: translateCommand: touch move 614 1561
10-31 15:44:31.114 26630 26644 I cr_LibraryLoader: Loaded native library version number "85.0.4183.127"
10-31 15:44:31.114 26630 26644 I cr_CachingUmaRecorder: Flushed 1 samples from 1 histograms.
10-31 15:44:31.134 26644 26644 W CrUtilityMain: type=1400 audit(0.0:14572): avc: denied { setattr } for name="download_file_types.pb" dev="dm-2" ino=57676 scontext=u:r:isolated_app:s0:c512,c768 tcontext=u:object_r:app_data_file:s0:c512,c768 tclass=file permissive=0
10-31 15:44:31.137 26644 26644 W CrUtilityMain: type=1400 audit(0.0:14573): avc: denied { setattr } for name="manifest.json" dev="dm-2" ino=57678 scontext=u:r:isolated_app:s0:c512,c768 tcontext=u:object_r:app_data_file:s0:c512,c768 tclass=file permissive=0
10-31 15:44:31.141 26644 26644 W CrUtilityMain: type=1400 audit(0.0:14574): avc: denied { setattr } for name="verified_contents.json" dev="dm-2" ino=57477 scontext=u:r:isolated_app:s0:c512,c768 tcontext=u:object_r:app_data_file:s0:c512,c768 tclass=file permissive=0
10-31 15:44:31.170 26630 26630 I cr_ChildProcessService: Destroying ChildProcessService pid=26630
10-31 15:44:31.171 26630 26644 I chromium: [INFO:child_process_service.cc(69)] ChildProcessService: Exiting child process.
10-31 15:44:31.174 26479 26479 D MonkeyStub: translateCommand: touch move 614 1436
10-31 15:44:31.233   600   610 I ActivityManager: Process com.android.chrome:sandboxed_process27 (pid 26630) has died
10-31 15:44:31.233   600   610 D ActivityManager: cleanUpApplicationRecord -- 26630
10-31 15:44:31.235 25804 25804 W chromium: [WARNING:compositor_view.cc(315)] Child process died (type=6) pid=26630)
10-31 15:44:31.287 26479 26479 D MonkeyStub: translateCommand: touch move 614 1311
10-31 15:44:31.402 26479 26479 D MonkeyStub: translateCommand: touch move 614 1186
10-31 15:44:31.515 26479 26479 D MonkeyStub: translateCommand: touch move 614 1061
10-31 15:44:31.637 26479 26479 D MonkeyStub: translateCommand: touch move 614 937
10-31 15:44:31.747 26479 26479 D MonkeyStub: translateCommand: touch move 614 812
10-31 15:44:31.854 26479 26479 D MonkeyStub: translateCommand: touch move 614 687
10-31 15:44:32.008 26479 26479 D MonkeyStub: translateCommand: touch move 614 562
10-31 15:44:32.120 26479 26479 D MonkeyStub: translateCommand: touch move 614 437
10-31 15:44:32.229 26479 26479 D MonkeyStub: translateCommand: touch move 614 312
10-31 15:44:32.246 26479 26479 D MonkeyStub: translateCommand: touch up 614 312
10-31 15:44:33.045   600   713 I ActivityManager: Start proc 26651:com.android.chrome:sandboxed_process28/u0i521 for service com.android.chrome/org.chromium.content.app.SandboxedProcessService28
10-31 15:44:33.084 26651 26651 W boxed_process28: type=1400 audit(0.0:14575): avc: denied { getattr } for path="/data/data/com.android.chrome" dev="dm-2" ino=12190 scontext=u:r:isolated_app:s0:c512,c768 tcontext=u:object_r:app_data_file:s0:c512,c768 tclass=dir permissive=0
10-31 15:44:33.105 26651 26651 I cr_ChildProcessService: Creating new ChildProcessService pid=26651
10-31 15:44:33.140 26651 26664 I cr_LibraryLoader: Loaded native library version number "85.0.4183.127"
10-31 15:44:33.140 26651 26664 I cr_CachingUmaRecorder: Flushed 1 samples from 1 histograms.
10-31 15:44:33.151 26664 26664 W CrUtilityMain: type=1400 audit(0.0:14576): avc: denied { setattr } for name="ssl_error_assistant.pb" dev="dm-2" ino=57831 scontext=u:r:isolated_app:s0:c512,c768 tcontext=u:object_r:app_data_file:s0:c512,c768 tclass=file permissive=0
10-31 15:44:33.151 26664 26664 W CrUtilityMain: type=1400 audit(0.0:14577): avc: denied { setattr } for name="manifest.json" dev="dm-2" ino=58041 scontext=u:r:isolated_app:s0:c512,c768 tcontext=u:object_r:app_data_file:s0:c512,c768 tclass=file permissive=0
10-31 15:44:33.154 26664 26664 W CrUtilityMain: type=1400 audit(0.0:14578): avc: denied { setattr } for name="verified_contents.json" dev="dm-2" ino=57895 scontext=u:r:isolated_app:s0:c512,c768 tcontext=u:object_r:app_data_file:s0:c512,c768 tclass=file permissive=0
10-31 15:44:33.163 26651 26651 I cr_ChildProcessService: Destroying ChildProcessService pid=26651
10-31 15:44:33.163 26651 26664 I chromium: [INFO:child_process_service.cc(69)] ChildProcessService: Exiting child process.
10-31 15:44:33.183   600 27731 I ActivityManager: Process com.android.chrome:sandboxed_process28 (pid 26651) has died
10-31 15:44:33.183   600 27731 D ActivityManager: cleanUpApplicationRecord -- 26651
10-31 15:44:33.187 25804 25804 W chromium: [WARNING:compositor_view.cc(315)] Child process died (type=6) pid=26651)
10-31 15:44:35.328   600   713 I ActivityManager: Start proc 26670:com.android.chrome:sandboxed_process29/u0i522 for service com.android.chrome/org.chromium.content.app.SandboxedProcessService29
10-31 15:44:35.411 26670 26670 W boxed_process29: type=1400 audit(0.0:14579): avc: denied { getattr } for path="/data/data/com.android.chrome" dev="dm-2" ino=12190 scontext=u:r:isolated_app:s0:c512,c768 tcontext=u:object_r:app_data_file:s0:c512,c768 tclass=dir permissive=0
10-31 15:44:35.447 26670 26670 I cr_ChildProcessService: Creating new ChildProcessService pid=26670
10-31 15:44:35.505 26670 26683 I cr_LibraryLoader: Loaded native library version number "85.0.4183.127"
10-31 15:44:35.507 26670 26683 I cr_CachingUmaRecorder: Flushed 1 samples from 1 histograms.
10-31 15:44:35.524 26683 26683 W CrUtilityMain: type=1400 audit(0.0:14580): avc: denied { setattr } for name="safety_tips.pb" dev="dm-2" ino=57826 scontext=u:r:isolated_app:s0:c512,c768 tcontext=u:object_r:app_data_file:s0:c512,c768 tclass=file permissive=0
10-31 15:44:35.524 26683 26683 W CrUtilityMain: type=1400 audit(0.0:14581): avc: denied { setattr } for name="manifest.json" dev="dm-2" ino=58106 scontext=u:r:isolated_app:s0:c512,c768 tcontext=u:object_r:app_data_file:s0:c512,c768 tclass=file permissive=0
10-31 15:44:35.527 26683 26683 W CrUtilityMain: type=1400 audit(0.0:14582): avc: denied { setattr } for name="verified_contents.json" dev="dm-2" ino=57981 scontext=u:r:isolated_app:s0:c512,c768 tcontext=u:object_r:app_data_file:s0:c512,c768 tclass=file permissive=0
10-31 15:44:35.541 26670 26683 I chromium: [INFO:child_process_service.cc(69)] ChildProcessService: Exiting child process.
10-31 15:44:35.545   197   197 E lowmemorykiller: Error writing /proc/26670/oom_score_adj; errno=22
10-31 15:44:35.556   600  6312 I ActivityManager: Process com.android.chrome:sandboxed_process29 (pid 26670) has died
10-31 15:44:35.556   600  6312 D ActivityManager: cleanUpApplicationRecord -- 26670
10-31 15:44:35.557 25804 25804 W chromium: [WARNING:compositor_view.cc(315)] Child process died (type=6) pid=26670)
10-31 15:44:37.286 26479 26479 D MonkeyStub: translateCommand: touch down 614 1561
10-31 15:44:37.295 26479 26479 D MonkeyStub: translateCommand: touch move 614 1561
10-31 15:44:37.406 26479 26479 D MonkeyStub: translateCommand: touch move 614 1436
10-31 15:44:37.516 26479 26479 D MonkeyStub: translateCommand: touch move 614 1311
10-31 15:44:37.621 26479 26479 D MonkeyStub: translateCommand: touch move 614 1186
10-31 15:44:37.725 26479 26479 D MonkeyStub: translateCommand: touch move 614 1061
10-31 15:44:37.775 25804 25804 I cr_tabmodel: Appending tabs being restored to metadata lists, 0, startingNormalCount: 2, startingIncognitoCount: 0
10-31 15:44:37.775 25804 25804 I cr_tabmodel: Serializing tab lists; counts: 2, 0
10-31 15:44:37.835 26479 26479 D MonkeyStub: translateCommand: touch move 614 937
10-31 15:44:37.945 26479 26479 D MonkeyStub: translateCommand: touch move 614 812
10-31 15:44:37.993   600  7064 I ActivityManager: Start proc 26687:com.android.chrome:sandboxed_process30/u0i523 for service com.android.chrome/org.chromium.content.app.SandboxedProcessService30
10-31 15:44:38.041 26687 26687 W boxed_process30: type=1400 audit(0.0:14583): avc: denied { getattr } for path="/data/data/com.android.chrome" dev="dm-2" ino=12190 scontext=u:r:isolated_app:s0:c512,c768 tcontext=u:object_r:app_data_file:s0:c512,c768 tclass=dir permissive=0
10-31 15:44:38.048 26479 26479 D MonkeyStub: translateCommand: touch move 614 687
10-31 15:44:38.075 26687 26687 I cr_ChildProcessService: Creating new ChildProcessService pid=26687
10-31 15:44:38.115 26687 26700 I cr_LibraryLoader: Loaded native library version number "85.0.4183.127"
10-31 15:44:38.115 26687 26700 I cr_CachingUmaRecorder: Flushed 1 samples from 1 histograms.
10-31 15:44:38.134 26700 26700 W CrUtilityMain: type=1400 audit(0.0:14584): avc: denied { setattr } for name=5072656C6F61642044617461 dev="dm-2" ino=57799 scontext=u:r:isolated_app:s0:c512,c768 tcontext=u:object_r:app_data_file:s0:c512,c768 tclass=file permissive=0
10-31 15:44:38.137 26700 26700 W CrUtilityMain: type=1400 audit(0.0:14585): avc: denied { setattr } for name="manifest.json" dev="dm-2" ino=58031 scontext=u:r:isolated_app:s0:c512,c768 tcontext=u:object_r:app_data_file:s0:c512,c768 tclass=file permissive=0
10-31 15:44:38.137 26700 26700 W CrUtilityMain: type=1400 audit(0.0:14586): avc: denied { setattr } for name="verified_contents.json" dev="dm-2" ino=58567 scontext=u:r:isolated_app:s0:c512,c768 tcontext=u:object_r:app_data_file:s0:c512,c768 tclass=file permissive=0
10-31 15:44:38.149 26687 26687 I cr_ChildProcessService: Destroying ChildProcessService pid=26687
10-31 15:44:38.150 26687 26700 I chromium: [INFO:child_process_service.cc(69)] ChildProcessService: Exiting child process.
10-31 15:44:38.156 26479 26479 D MonkeyStub: translateCommand: touch move 614 562
10-31 15:44:38.171   600  3994 I ActivityManager: Process com.android.chrome:sandboxed_process30 (pid 26687) has died
10-31 15:44:38.171   600  3994 D ActivityManager: cleanUpApplicationRecord -- 26687
10-31 15:44:38.187 25804 25804 W chromium: [WARNING:compositor_view.cc(315)] Child process died (type=6) pid=26687)
10-31 15:44:38.270 26479 26479 D MonkeyStub: translateCommand: touch move 614 437
10-31 15:44:38.408 26479 26479 D MonkeyStub: translateCommand: touch move 614 312
10-31 15:44:38.422 26479 26479 D MonkeyStub: translateCommand: touch up 614 312
10-31 15:44:38.438 25835 25845 I art     : Background partial concurrent mark sweep GC freed 35165(2MB) AllocSpace objects, 1(20KB) LOS objects, 39% free, 6MB/10MB, paused 8.345ms total 39.555ms
10-31 15:44:40.645 26479 26479 D MonkeyStub: Quit requested
10-31 15:44:40.693   600   614 I CwMcuSensor: CwMcuSensor::flush: fd = 238, sensors_id = 0, path = /sys/class/htc_sensorhub/sensor_hub/flush, err = 0
10-31 15:44:40.701 26479 26479 I art     : System.exit called, status: 84
10-31 15:44:40.701 26479 26479 I AndroidRuntime: VM exiting with result code 84.
10-31 15:44:40.731   600  3507 W WindowManager: Attempted to remove non-existing token: android.os.Binder@bc4a794
10-31 15:44:40.805   600  2707 I ActivityManager: Start proc 26708:com.android.chrome:sandboxed_process31/u0i524 for service com.android.chrome/org.chromium.content.app.SandboxedProcessService31
10-31 15:44:40.844 26708 26708 W boxed_process31: type=1400 audit(0.0:14587): avc: denied { getattr } for path="/data/data/com.android.chrome" dev="dm-2" ino=12190 scontext=u:r:isolated_app:s0:c512,c768 tcontext=u:object_r:app_data_file:s0:c512,c768 tclass=dir permissive=0
10-31 15:44:40.872 26708 26708 I cr_ChildProcessService: Creating new ChildProcessService pid=26708
10-31 15:44:40.915 26708 26721 I cr_LibraryLoader: Loaded native library version number "85.0.4183.127"
10-31 15:44:40.916 26708 26721 I cr_CachingUmaRecorder: Flushed 1 samples from 1 histograms.
10-31 15:44:40.931 26721 26721 W CrUtilityMain: type=1400 audit(0.0:14588): avc: denied { setattr } for name="tls_deprecation_config.pb" dev="dm-2" ino=58613 scontext=u:r:isolated_app:s0:c512,c768 tcontext=u:object_r:app_data_file:s0:c512,c768 tclass=file permissive=0
10-31 15:44:40.934 26721 26721 W CrUtilityMain: type=1400 audit(0.0:14589): avc: denied { setattr } for name="manifest.json" dev="dm-2" ino=58355 scontext=u:r:isolated_app:s0:c512,c768 tcontext=u:object_r:app_data_file:s0:c512,c768 tclass=file permissive=0
10-31 15:44:40.934 26721 26721 W CrUtilityMain: type=1400 audit(0.0:14590): avc: denied { setattr } for name="verified_contents.json" dev="dm-2" ino=58467 scontext=u:r:isolated_app:s0:c512,c768 tcontext=u:object_r:app_data_file:s0:c512,c768 tclass=file permissive=0
10-31 15:44:40.945 26708 26708 I cr_ChildProcessService: Destroying ChildProcessService pid=26708
10-31 15:44:40.950 26708 26708 I art     : System.exit called, status: 0
10-31 15:44:40.950 26708 26708 I AndroidRuntime: VM exiting with result code 0, cleanup skipped.
10-31 15:44:40.973   600   610 I ActivityManager: Process com.android.chrome:sandboxed_process31 (pid 26708) has died
10-31 15:44:40.973   600   610 D ActivityManager: cleanUpApplicationRecord -- 26708
10-31 15:44:40.974 25804 25804 W chromium: [WARNING:compositor_view.cc(315)] Child process died (type=6) pid=26708)
10-31 15:44:51.415   246   246 D NuPlayerDriver: reset(0xf0220b40) at state 4
10-31 15:44:51.416   246   246 D NuPlayerDriver: notifyListener_l(0xf0220b40), (8, 0, 0), loop setting(0, 0)
10-31 15:44:51.419   246 26446 D NuPlayerDriver: notifyResetComplete(0xf0220b40)
10-31 15:44:56.666 25835 26422 I Icing   : IndexChimeraService.getServiceInterface callingPackage=com.android.chrome componentName=null serviceId=36
10-31 15:44:56.698 25835 26358 W Icing   : No valid account for uploading user actions
10-31 15:44:56.722 25835 26422 I Icing   : IndexChimeraService.getServiceInterface callingPackage=com.google.android.gms componentName=null serviceId=30
10-31 15:44:56.796 25835 26358 I Icing   : Usage reports ok 2, Failed Usage reports 0, indexed 1, rejected 0
10-31 15:44:56.800 25835 26358 W Icing   : No valid account for uploading user actions
10-31 15:44:56.809 25835 26358 I Icing   : Usage reports ok 0, Failed Usage reports 0, indexed 0, rejected 0
10-31 15:44:56.811 25835 26358 I Icing   : Indexing com.android.chrome-omnibox from com.android.chrome
10-31 15:44:56.841 25835 26358 I Icing   : Indexing done com.android.chrome-omnibox
10-31 15:44:56.954 26743 26743 D AndroidRuntime: >>>>>> START com.android.internal.os.RuntimeInit uid 2000 <<<<<<
10-31 15:44:56.961 26743 26743 D AndroidRuntime: CheckJNI is OFF
10-31 15:44:57.051 26743 26743 D ICU     : No timezone override file found: /data/misc/zoneinfo/current/icu/icu_tzdata.dat
10-31 15:44:57.093 26743 26743 I Radio-JNI: register_android_hardware_Radio DONE
10-31 15:44:57.111 26743 26743 D AndroidRuntime: Calling main entry com.android.commands.am.Am
10-31 15:44:57.130   600 24611 I ActivityManager: Force stopping com.android.chrome appid=10035 user=0: from pid 26743
10-31 15:44:57.130   600 24611 I ActivityManager: Killing 25880:com.android.chrome:privileged_process0/u0a35 (adj 0): stop com.android.chrome
10-31 15:44:57.131   600 24611 D ActivityManager: cleanUpApplicationRecord -- 25880
10-31 15:44:57.131   600 24611 W ActivityManager: Scheduling restart of crashed service com.android.chrome/org.chromium.content.app.PrivilegedProcessService0 in 1000ms
10-31 15:44:57.131   600 24611 I ActivityManager: Killing 25804:com.android.chrome/u0a35 (adj 0): stop com.android.chrome
10-31 15:44:57.131   600 24611 D ActivityManager: cleanUpApplicationRecord -- 25804
10-31 15:44:57.136   600 24611 W ActivityManager: Force removing ActivityRecord{4d959c u0 com.android.chrome/com.google.android.apps.chrome.Main t2379}: app died, no saved state
10-31 15:44:57.146 18311 18311 I MemoryTrimmer: Trimming objects from memory, since app is in the background.
10-31 15:44:57.148 25852 25852 I cr_ChildProcessService: Destroying ChildProcessService pid=25852
10-31 15:44:57.160   600 24611 I ActivityManager: Killing 26320:com.android.chrome:sandboxed_process21/u0a35i514 (adj 0): isolated not needed
10-31 15:44:57.160   600 24611 I ActivityManager: Killing 25852:com.android.chrome:sandboxed_process0/u0a35i493 (adj 0): isolated not needed
10-31 15:44:57.169 26743 26743 D AndroidRuntime: Shutting down VM
10-31 15:44:57.195 18269 18304 I OpenGLRenderer: Initialized EGL, version 1.4
10-31 15:44:57.195 18269 18304 D OpenGLRenderer: Swap behavior 2
10-31 15:44:57.228  1061  1061 D RegisteredNfcFServicesCache: Service unchanged, not updating
10-31 15:44:57.290   600 25704 D ConnectivityService: ConnectivityService NetworkRequestInfo binderDied(NetworkRequest [ LISTEN id=1982, [ Capabilities: INTERNET&NOT_RESTRICTED&TRUSTED&FOREGROUND] ], android.os.BinderProxy@c3bcb0a)
10-31 15:44:57.290   600   610 D ConnectivityService: ConnectivityService NetworkRequestInfo binderDied(NetworkRequest [ LISTEN id=1983, [ Capabilities: INTERNET&NOT_RESTRICTED&TRUSTED&FOREGROUND] ], android.os.BinderProxy@9aaef75)
10-31 15:44:57.291   600 29683 D ConnectivityService: ConnectivityService NetworkRequestInfo binderDied(NetworkRequest [ LISTEN id=1985, [ Capabilities: INTERNET&NOT_RESTRICTED&TRUSTED&FOREGROUND] ], android.os.BinderProxy@10eaf7b)
10-31 15:44:57.291   600   610 D ConnectivityService: ConnectivityService NetworkRequestInfo binderDied(NetworkRequest [ LISTEN id=1984, [ Capabilities: INTERNET&NOT_RESTRICTED&TRUSTED&FOREGROUND] ], android.os.BinderProxy@da6198)
10-31 15:44:57.291   600 29683 D GraphicsStats: Buffer count: 2
10-31 15:44:57.293   600   649 E ConnectivityService: RemoteException caught trying to send a callback msg for NetworkRequest [ LISTEN id=1983, [ Capabilities: INTERNET&NOT_RESTRICTED&TRUSTED&FOREGROUND] ]
10-31 15:44:57.294   600   649 E ConnectivityService: RemoteException caught trying to send a callback msg for NetworkRequest [ LISTEN id=1985, [ Capabilities: INTERNET&NOT_RESTRICTED&TRUSTED&FOREGROUND] ]
10-31 15:44:57.294   600   649 E ConnectivityService: RemoteException caught trying to send a callback msg for NetworkRequest [ LISTEN id=1984, [ Capabilities: INTERNET&NOT_RESTRICTED&TRUSTED&FOREGROUND] ]
10-31 15:44:57.296   600   649 E ConnectivityService: RemoteException caught trying to send a callback msg for NetworkRequest [ LISTEN id=1982, [ Capabilities: INTERNET&NOT_RESTRICTED&TRUSTED&FOREGROUND] ]
10-31 15:44:57.311 18311 18322 I AttachedClient: Adding client event 2 to pending list.
10-31 15:44:57.323 18311 18311 I OptInState: There is a new client and it does not support opt-in. Dropping request.
10-31 15:44:57.327 18311 18311 I MicroDetectionWorker: Micro detection mode: [mDetectionMode: [1]].
10-31 15:44:57.361 18311 26760 I MicroRecognitionRunner: Starting detection.
10-31 15:44:57.377 18311 18337 I MicrophoneInputStream: mic_starting com.google.android.apps.gsa.speech.audio.ae@301c06e
10-31 15:44:57.384   238 26762 I AudioFlinger: AudioFlinger's thread 0xef692a40 ready to run
10-31 15:44:57.384   238   285 I SoundTriggerHwService::Module: void android::SoundTriggerHwService::Module::onCallbackEvent(const sp<android::SoundTriggerHwService::CallbackEvent> &) mClient == 0
10-31 15:44:57.388 18311 18337 I MicrophoneInputStream: mic_started com.google.android.apps.gsa.speech.audio.ae@301c06e
10-31 15:44:57.456   600  1079 D ActivityManager: cleanUpApplicationRecord -- 25852
10-31 15:44:57.477   600 16391 D ActivityManager: cleanUpApplicationRecord -- 26320
10-31 15:44:57.566 18311 18311 I MicroDetectionWorker: onReady
10-31 15:44:57.727 26755 26755 D AndroidRuntime: >>>>>> START com.android.internal.os.RuntimeInit uid 2000 <<<<<<
10-31 15:44:57.730 26755 26755 D AndroidRuntime: CheckJNI is OFF
10-31 15:44:57.738 18269 18304 W OpenGLRenderer: Incorrectly called buildLayer on View: ShortcutAndWidgetContainer, destroying layer...
10-31 15:44:57.800 26755 26755 D ICU     : No timezone override file found: /data/misc/zoneinfo/current/icu/icu_tzdata.dat
10-31 15:44:57.829 26755 26755 I Radio-JNI: register_android_hardware_Radio DONE
10-31 15:44:57.843 26755 26755 D AndroidRuntime: Calling main entry com.android.commands.pm.Pm
10-31 15:44:57.860   600  1081 I ActivityManager: Force stopping com.android.chrome appid=10035 user=0: clear data
10-31 15:44:57.863   600   613 I ActivityManager: Force stopping com.android.chrome appid=10035 user=-1: clearApplicationUserData
10-31 15:44:57.957   787   787 I GeofencerStateMachine: removeGeofences: removeRequest=RemoveGeofencingRequest[REMOVE_ALL packageName=com.android.chrome]
10-31 15:44:57.958 26755 26755 I art     : System.exit called, status: 0
10-31 15:44:57.958 26755 26755 I AndroidRuntime: VM exiting with result code 0.
10-31 15:44:57.969  1061  1061 D RegisteredNfcFServicesCache: Service unchanged, not updating
10-31 15:44:57.994   787 26777 I Fitness : FitCleanupIntentOperation received Intent android.intent.action.PACKAGE_DATA_CLEARED [CONTEXT service_id=17 ]
10-31 15:44:57.997   600   612 W ResourceType: No known package when getting value for resource number 0x7f080316
10-31 15:44:57.997   600   612 W ResourceType: No known package when getting value for resource number 0x7f130448
10-31 15:44:57.998   600   612 W ResourceType: No known package when getting value for resource number 0x7f080315
10-31 15:44:57.998   600   612 W ResourceType: No known package when getting value for resource number 0x7f130123
10-31 15:44:57.998   600   612 W ResourceType: No known package when getting value for resource number 0x7f130447
10-31 15:44:57.998   600   612 W ResourceType: No known package when getting value for resource number 0x7f1302e4
10-31 15:44:57.998   600   612 E ShortcutService: Ignoring excessive intent tag.
10-31 15:44:58.024 25835 26358 I Icing   : doRemovePackageData com.android.chrome
10-31 15:44:58.024 25835 26358 I Icing   : Removing corpus key com.android.chrome-.implicit: for package com.android.chrome
10-31 15:44:58.073 25835 26358 I native  : flash-index.cc:1519 Flash index sort hb 50 prefix-hits 106 -> 101 at 7.029ms
10-31 15:44:58.132 25835 26358 I Icing   : Removing corpus key com.android.chrome-omnibox for package com.android.chrome
10-31 15:44:58.208 25835 26358 I Icing   : Starting compaction min disk 99.926% min index 99.987%
10-31 15:44:58.357 25835 26358 I native  : document-store.cc:1654 Scored 2420 usage reports, missing_corpora 1309 update_failed 1
10-31 15:44:58.390 25835 26358 W native  : words-map.cc:30 INVALID_ARGUMENT: Empty URI
10-31 15:44:58.390 25835 26358 W native  : words-map.cc:34 WordsMap was not properly initialized
10-31 15:44:58.472 25835 26358 E native  : compactor.cc:67 Could not index embedding for docid 1: INTERNAL: Unable to find Thing Proto section 
10-31 15:44:58.472 25835 26358 E native  : compactor.cc:67 Could not index embedding for docid 3: INTERNAL: Unable to find Thing Proto section 
10-31 15:44:58.472 25835 26358 E native  : compactor.cc:67 Could not index embedding for docid 5: INTERNAL: Unable to find Thing Proto section 
10-31 15:44:58.473 25835 26358 E native  : compactor.cc:67 Could not index embedding for docid 7: INTERNAL: Unable to find Thing Proto section 
10-31 15:44:58.477 25835 26358 E native  : compactor.cc:67 Could not index embedding for docid 8: INTERNAL: Unable to find Thing Proto section 
10-31 15:44:58.478 25835 26358 E native  : compactor.cc:67 Could not index embedding for docid 10: INTERNAL: Unable to find Thing Proto section 
10-31 15:44:58.478 25835 26358 E native  : compactor.cc:67 Could not index embedding for docid 11: INTERNAL: Unable to find Thing Proto section 
10-31 15:44:58.478 25835 26358 E native  : compactor.cc:67 Could not index embedding for docid 13: INTERNAL: Unable to find Thing Proto section 
10-31 15:44:58.478 25835 26358 E native  : compactor.cc:67 Could not index embedding for docid 14: INTERNAL: Unable to find Thing Proto section 
10-31 15:44:58.484 25835 26358 E native  : compactor.cc:67 Could not index embedding for docid 17: INTERNAL: Unable to find Thing Proto section 
10-31 15:44:58.484 25835 26358 E native  : compactor.cc:67 Could not index embedding for docid 18: INTERNAL: Unable to find Thing Proto section 
10-31 15:44:58.485 25835 26358 E native  : compactor.cc:67 Could not index embedding for docid 21: INTERNAL: Unable to find Thing Proto section 
10-31 15:44:58.485 25835 26358 E native  : compactor.cc:67 Could not index embedding for docid 22: INTERNAL: Unable to find Thing Proto section 
10-31 15:44:58.491 25835 26358 E native  : compactor.cc:67 Could not index embedding for docid 26: INTERNAL: Unable to find Thing Proto section 
10-31 15:44:58.491 25835 26358 E native  : compactor.cc:67 Could not index embedding for docid 27: INTERNAL: Unable to find Thing Proto section 
10-31 15:44:58.543 25835 26358 I native  : flash-index.cc:1519 Flash index sort hb 34 prefix-hits 54 -> 54 at 34.426ms
10-31 15:44:58.568 25835 26358 W native  : words-map.cc:30 INVALID_ARGUMENT: Empty URI
10-31 15:44:58.568 25835 26358 W native  : words-map.cc:34 WordsMap was not properly initialized
10-31 15:44:58.643 25835 26358 I Icing   : updateResources: need to parse acol{com.android.chrome}
10-31 15:44:58.644 25835 26358 W System  : ClassLoader referenced unknown path: 
10-31 15:44:58.645 25835 26358 D ApplicationLoaders: ignored Vulkan layer search path /data/app/com.android.chrome-1/lib/arm64:/data/app/com.android.chrome-1/base.apk!/lib/arm64-v8a:/data/app/com.android.chrome-1/split_config.en.apk!/lib/arm64-v8a:/data/app/com.android.chrome-1/split_extra_icu.apk!/lib/arm64-v8a for namespace 0x7f9ac4d0f0
10-31 15:44:58.708 25835 26358 I Icing   : Indexing com.android.chrome-omnibox from com.android.chrome
10-31 15:44:58.720   600  1082 I ActivityManager: Start proc 26785:com.android.chrome/u0a35 for content provider com.android.chrome/com.google.android.apps.chrome.icing.IcingProvider
10-31 15:44:58.807 25835 26358 I Icing   : Indexing done com.android.chrome-omnibox
