10-31 13:42:11.485   787  1259 E AsyncOperation: 	at aain.run(:com.google.android.gms@203915020@20.39.15 (040406-335085812):7)
10-31 13:42:11.485   787  1259 E AsyncOperation: 	at boex.run(:com.google.android.gms@203915020@20.39.15 (040406-335085812):2)
10-31 13:42:11.485   787  1259 E AsyncOperation: 	at sup.b(:com.google.android.gms@203915020@20.39.15 (040406-335085812):12)
10-31 13:42:11.485   787  1259 E AsyncOperation: 	at sup.run(:com.google.android.gms@203915020@20.39.15 (040406-335085812):7)
10-31 13:42:11.485   787  1259 E AsyncOperation: 	at java.util.concurrent.ThreadPoolExecutor.runWorker(ThreadPoolExecutor.java:1133)
10-31 13:42:11.485   787  1259 E AsyncOperation: 	at java.util.concurrent.ThreadPoolExecutor$Worker.run(ThreadPoolExecutor.java:607)
10-31 13:42:11.485   787  1259 E AsyncOperation: 	at tam.run(:com.google.android.gms@203915020@20.39.15 (040406-335085812):0)
10-31 13:42:11.485   787  1259 E AsyncOperation: 	at java.lang.Thread.run(Thread.java:761)
10-31 13:42:12.326   198   198 E SELinux : avc:  denied  { find } for service=netd pid=13425 uid=2000 scontext=u:r:shell:s0 tcontext=u:object_r:netd_service:s0 tclass=service_manager permissive=0
10-31 13:42:12.332   198   198 E SELinux : avc:  denied  { find } for service=android.service.gatekeeper.IGateKeeperService pid=13425 uid=2000 scontext=u:r:shell:s0 tcontext=u:object_r:gatekeeper_service:s0 tclass=service_manager permissive=0
10-31 13:42:12.601   787 28597 W Icing   : isOptedInForAppHistory: empty Account Name encountered
10-31 13:42:12.615   787 28597 W Icing   : isOptedInForAppHistory: empty Account Name encountered
10-31 13:42:12.720   787 10677 W Icing   : isOptedInForAppHistory: empty Account Name encountered
10-31 13:42:12.748 12715 12715 I cr_tabmodel: Appending tabs being restored to metadata lists, 0, startingNormalCount: 2, startingIncognitoCount: 0
10-31 13:42:12.748 12715 12715 I cr_tabmodel: Serializing tab lists; counts: 2, 0
10-31 13:42:13.346   600  6312 I ActivityManager: Start proc 13429:com.android.chrome:sandboxed_process25/u0i746 for service com.android.chrome/org.chromium.content.app.SandboxedProcessService25
10-31 13:42:13.400 13429 13429 W boxed_process25: type=1400 audit(0.0:13331): avc: denied { getattr } for path="/data/data/com.android.chrome" dev="dm-2" ino=12190 scontext=u:r:isolated_app:s0:c512,c768 tcontext=u:object_r:app_data_file:s0:c512,c768 tclass=dir permissive=0
10-31 13:42:13.425 13429 13429 I cr_ChildProcessService: Creating new ChildProcessService pid=13429
10-31 13:42:13.496 13429 13442 I cr_LibraryLoader: Loaded native library version number "85.0.4183.127"
10-31 13:42:13.496 13429 13442 I cr_CachingUmaRecorder: Flushed 1 samples from 1 histograms.
10-31 13:42:13.513 13442 13442 W CrUtilityMain: type=1400 audit(0.0:13332): avc: denied { setattr } for name="crl-set" dev="dm-2" ino=58220 scontext=u:r:isolated_app:s0:c512,c768 tcontext=u:object_r:app_data_file:s0:c512,c768 tclass=file permissive=0
10-31 13:42:13.513 13442 13442 W CrUtilityMain: type=1400 audit(0.0:13333): avc: denied { setattr } for name="manifest.json" dev="dm-2" ino=57638 scontext=u:r:isolated_app:s0:c512,c768 tcontext=u:object_r:app_data_file:s0:c512,c768 tclass=file permissive=0
10-31 13:42:13.513 13442 13442 W CrUtilityMain: type=1400 audit(0.0:13334): avc: denied { setattr } for name="LICENSE" dev="dm-2" ino=58165 scontext=u:r:isolated_app:s0:c512,c768 tcontext=u:object_r:app_data_file:s0:c512,c768 tclass=file permissive=0
10-31 13:42:13.516 13442 13442 W CrUtilityMain: type=1400 audit(0.0:13335): avc: denied { setattr } for name="verified_contents.json" dev="dm-2" ino=58276 scontext=u:r:isolated_app:s0:c512,c768 tcontext=u:object_r:app_data_file:s0:c512,c768 tclass=file permissive=0
10-31 13:42:13.525 13429 13442 I chromium: [INFO:child_process_service.cc(69)] ChildProcessService: Exiting child process.
10-31 13:42:13.531   197   197 E lowmemorykiller: Error writing /proc/13429/oom_score_adj; errno=22
10-31 13:42:13.548   600 13557 I ActivityManager: Process com.android.chrome:sandboxed_process25 (pid 13429) has died
10-31 13:42:13.548   600 13557 D ActivityManager: cleanUpApplicationRecord -- 13429
10-31 13:42:13.549 12715 12715 W chromium: [WARNING:compositor_view.cc(315)] Child process died (type=6) pid=13429)
10-31 13:42:15.804 12715 12715 I cr_tabmodel: Appending tabs being restored to metadata lists, 0, startingNormalCount: 2, startingIncognitoCount: 0
10-31 13:42:15.805 12715 12715 I cr_tabmodel: Serializing tab lists; counts: 2, 0
10-31 13:42:16.086 12715 12715 I cr_tabmodel: Appending tabs being restored to metadata lists, 0, startingNormalCount: 2, startingIncognitoCount: 0
10-31 13:42:16.086 12715 12715 I cr_tabmodel: Serializing tab lists; counts: 2, 0
10-31 13:42:16.362 13313 13313 D MonkeyStub: translateCommand: touch down 614 1561
10-31 13:42:16.379 13313 13313 D MonkeyStub: translateCommand: touch move 614 1561
10-31 13:42:16.487 13313 13313 D MonkeyStub: translateCommand: touch move 614 1436
10-31 13:42:16.597 13313 13313 D MonkeyStub: translateCommand: touch move 614 1311
10-31 13:42:16.701 12715 12715 I cr_tabmodel: Appending tabs being restored to metadata lists, 0, startingNormalCount: 2, startingIncognitoCount: 0
10-31 13:42:16.701 12715 12715 I cr_tabmodel: Serializing tab lists; counts: 2, 0
10-31 13:42:16.714 13313 13313 D MonkeyStub: translateCommand: touch move 614 1186
10-31 13:42:16.839 13313 13313 D MonkeyStub: translateCommand: touch move 614 1061
10-31 13:42:16.947 13313 13313 D MonkeyStub: translateCommand: touch move 614 937
10-31 13:42:17.058 13313 13313 D MonkeyStub: translateCommand: touch move 614 812
10-31 13:42:17.106   600 29683 I ActivityManager: Start proc 13449:com.android.chrome:sandboxed_process26/u0i747 for service com.android.chrome/org.chromium.content.app.SandboxedProcessService26
10-31 13:42:17.161 13313 13313 D MonkeyStub: translateCommand: touch move 614 687
10-31 13:42:17.173 13449 13449 W boxed_process26: type=1400 audit(0.0:13336): avc: denied { getattr } for path="/data/data/com.android.chrome" dev="dm-2" ino=12190 scontext=u:r:isolated_app:s0:c512,c768 tcontext=u:object_r:app_data_file:s0:c512,c768 tclass=dir permissive=0
10-31 13:42:17.209 13449 13449 I cr_ChildProcessService: Creating new ChildProcessService pid=13449
10-31 13:42:17.265 13313 13313 D MonkeyStub: translateCommand: touch move 614 562
10-31 13:42:17.279 13449 13462 I cr_LibraryLoader: Loaded native library version number "85.0.4183.127"
10-31 13:42:17.279 13449 13462 I cr_CachingUmaRecorder: Flushed 1 samples from 1 histograms.
10-31 13:42:17.320 13462 13462 W CrUtilityMain: type=1400 audit(0.0:13337): avc: denied { setattr } for name="manifest.json" dev="dm-2" ino=59052 scontext=u:r:isolated_app:s0:c512,c768 tcontext=u:object_r:app_data_file:s0:c512,c768 tclass=file permissive=0
10-31 13:42:17.323 13462 13462 W CrUtilityMain: type=1400 audit(0.0:13338): avc: denied { setattr } for name="verified_contents.json" dev="dm-2" ino=59133 scontext=u:r:isolated_app:s0:c512,c768 tcontext=u:object_r:app_data_file:s0:c512,c768 tclass=file permissive=0
10-31 13:42:17.337 13449 13462 I chromium: [INFO:child_process_service.cc(69)] ChildProcessService: Exiting child process.
10-31 13:42:17.339   197   197 E lowmemorykiller: Error writing /proc/13449/oom_score_adj; errno=22
10-31 13:42:17.371   600  3994 I ActivityManager: Process com.android.chrome:sandboxed_process26 (pid 13449) has died
10-31 13:42:17.371   600  3994 D ActivityManager: cleanUpApplicationRecord -- 13449
10-31 13:42:17.371 12715 12715 W chromium: [WARNING:compositor_view.cc(315)] Child process died (type=6) pid=13449)
10-31 13:42:17.383 13313 13313 D MonkeyStub: translateCommand: touch move 614 437
10-31 13:42:17.496 13313 13313 D MonkeyStub: translateCommand: touch move 614 312
10-31 13:42:17.616 13313 13313 D MonkeyStub: translateCommand: touch up 614 312
10-31 13:42:21.216   600  6312 I ActivityManager: Start proc 13466:com.android.chrome:sandboxed_process27/u0i748 for service com.android.chrome/org.chromium.content.app.SandboxedProcessService27
10-31 13:42:21.253 13466 13466 W boxed_process27: type=1400 audit(0.0:13339): avc: denied { getattr } for path="/data/data/com.android.chrome" dev="dm-2" ino=12190 scontext=u:r:isolated_app:s0:c512,c768 tcontext=u:object_r:app_data_file:s0:c512,c768 tclass=dir permissive=0
10-31 13:42:21.282 13466 13466 I cr_ChildProcessService: Creating new ChildProcessService pid=13466
10-31 13:42:21.318 13466 13479 I cr_LibraryLoader: Loaded native library version number "85.0.4183.127"
10-31 13:42:21.319 13466 13479 I cr_CachingUmaRecorder: Flushed 1 samples from 1 histograms.
10-31 13:42:21.330 13479 13479 W CrUtilityMain: type=1400 audit(0.0:13340): avc: denied { setattr } for name="download_file_types.pb" dev="dm-2" ino=58735 scontext=u:r:isolated_app:s0:c512,c768 tcontext=u:object_r:app_data_file:s0:c512,c768 tclass=file permissive=0
10-31 13:42:21.330 13479 13479 W CrUtilityMain: type=1400 audit(0.0:13341): avc: denied { setattr } for name="manifest.json" dev="dm-2" ino=58512 scontext=u:r:isolated_app:s0:c512,c768 tcontext=u:object_r:app_data_file:s0:c512,c768 tclass=file permissive=0
10-31 13:42:21.330 13479 13479 W CrUtilityMain: type=1400 audit(0.0:13342): avc: denied { setattr } for name="verified_contents.json" dev="dm-2" ino=58976 scontext=u:r:isolated_app:s0:c512,c768 tcontext=u:object_r:app_data_file:s0:c512,c768 tclass=file permissive=0
10-31 13:42:21.342 13466 13479 I chromium: [INFO:child_process_service.cc(69)] ChildProcessService: Exiting child process.
10-31 13:42:21.360   600  1082 I ActivityManager: Process com.android.chrome:sandboxed_process27 (pid 13466) has died
10-31 13:42:21.360   600  1082 D ActivityManager: cleanUpApplicationRecord -- 13466
10-31 13:42:21.363 12715 12715 W chromium: [WARNING:compositor_view.cc(315)] Child process died (type=6) pid=13466)
10-31 13:42:22.780 13313 13313 D MonkeyStub: translateCommand: touch down 614 1561
10-31 13:42:22.791 13313 13313 D MonkeyStub: translateCommand: touch move 614 1561
10-31 13:42:22.897 13313 13313 D MonkeyStub: translateCommand: touch move 614 1436
10-31 13:42:23.011 13313 13313 D MonkeyStub: translateCommand: touch move 614 1311
10-31 13:42:23.251 13313 13313 D MonkeyStub: translateCommand: touch move 614 1186
10-31 13:42:23.363 13313 13313 D MonkeyStub: translateCommand: touch move 614 1061
10-31 13:42:23.390 12715 12715 I cr_tabmodel: Appending tabs being restored to metadata lists, 0, startingNormalCount: 2, startingIncognitoCount: 0
10-31 13:42:23.390 12715 12715 I cr_tabmodel: Serializing tab lists; counts: 2, 0
10-31 13:42:23.502 13313 13313 D MonkeyStub: translateCommand: touch move 614 937
10-31 13:42:23.619 13313 13313 D MonkeyStub: translateCommand: touch move 614 812
10-31 13:42:23.759 13313 13313 D MonkeyStub: translateCommand: touch move 614 687
10-31 13:42:23.871 13313 13313 D MonkeyStub: translateCommand: touch move 614 562
10-31 13:42:23.981 13313 13313 D MonkeyStub: translateCommand: touch move 614 437
10-31 13:42:24.094 13313 13313 D MonkeyStub: translateCommand: touch move 614 312
10-31 13:42:24.101 13313 13313 D MonkeyStub: translateCommand: touch up 614 312
10-31 13:42:25.449   600 25704 I ActivityManager: Start proc 13485:com.android.chrome:sandboxed_process28/u0i749 for service com.android.chrome/org.chromium.content.app.SandboxedProcessService28
10-31 13:42:25.526 13485 13485 W boxed_process28: type=1400 audit(0.0:13343): avc: denied { getattr } for path="/data/data/com.android.chrome" dev="dm-2" ino=12190 scontext=u:r:isolated_app:s0:c512,c768 tcontext=u:object_r:app_data_file:s0:c512,c768 tclass=dir permissive=0
10-31 13:42:25.561 13485 13485 I cr_ChildProcessService: Creating new ChildProcessService pid=13485
10-31 13:42:25.637 13485 13498 I cr_LibraryLoader: Loaded native library version number "85.0.4183.127"
10-31 13:42:25.637 13485 13498 I cr_CachingUmaRecorder: Flushed 1 samples from 1 histograms.
10-31 13:42:25.660 13498 13498 W CrUtilityMain: type=1400 audit(0.0:13344): avc: denied { setattr } for name="ssl_error_assistant.pb" dev="dm-2" ino=59310 scontext=u:r:isolated_app:s0:c512,c768 tcontext=u:object_r:app_data_file:s0:c512,c768 tclass=file permissive=0
10-31 13:42:25.660 13498 13498 W CrUtilityMain: type=1400 audit(0.0:13345): avc: denied { setattr } for name="manifest.json" dev="dm-2" ino=59356 scontext=u:r:isolated_app:s0:c512,c768 tcontext=u:object_r:app_data_file:s0:c512,c768 tclass=file permissive=0
10-31 13:42:25.660 13498 13498 W CrUtilityMain: type=1400 audit(0.0:13346): avc: denied { setattr } for name="verified_contents.json" dev="dm-2" ino=59378 scontext=u:r:isolated_app:s0:c512,c768 tcontext=u:object_r:app_data_file:s0:c512,c768 tclass=file permissive=0
10-31 13:42:25.672 13485 13498 I chromium: [INFO:child_process_service.cc(69)] ChildProcessService: Exiting child process.
10-31 13:42:25.687   600 13557 I ActivityManager: Process com.android.chrome:sandboxed_process28 (pid 13485) has died
10-31 13:42:25.687   600 13557 D ActivityManager: cleanUpApplicationRecord -- 13485
10-31 13:42:25.689 12715 12715 W chromium: [WARNING:compositor_view.cc(315)] Child process died (type=6) pid=13485)
10-31 13:42:26.265 13313 13313 D MonkeyStub: Quit requested
10-31 13:42:26.328   600   614 I CwMcuSensor: CwMcuSensor::flush: fd = 245, sensors_id = 0, path = /sys/class/htc_sensorhub/sensor_hub/flush, err = 0
10-31 13:42:26.344 13313 13313 I art     : System.exit called, status: 84
10-31 13:42:26.344 13313 13313 I AndroidRuntime: VM exiting with result code 84.
10-31 13:42:26.378   600   611 W WindowManager: Attempted to remove non-existing token: android.os.Binder@3436867
10-31 13:42:30.177   600  9614 I ActivityManager: Start proc 13503:com.android.chrome:sandboxed_process29/u0i750 for service com.android.chrome/org.chromium.content.app.SandboxedProcessService29
10-31 13:42:30.240 13503 13503 W boxed_process29: type=1400 audit(0.0:13347): avc: denied { getattr } for path="/data/data/com.android.chrome" dev="dm-2" ino=12190 scontext=u:r:isolated_app:s0:c512,c768 tcontext=u:object_r:app_data_file:s0:c512,c768 tclass=dir permissive=0
10-31 13:42:30.268 13503 13503 I cr_ChildProcessService: Creating new ChildProcessService pid=13503
10-31 13:42:30.315 13503 13516 I cr_LibraryLoader: Loaded native library version number "85.0.4183.127"
10-31 13:42:30.316 13503 13516 I cr_CachingUmaRecorder: Flushed 1 samples from 1 histograms.
10-31 13:42:30.330 13516 13516 W CrUtilityMain: type=1400 audit(0.0:13348): avc: denied { setattr } for name="safety_tips.pb" dev="dm-2" ino=59251 scontext=u:r:isolated_app:s0:c512,c768 tcontext=u:object_r:app_data_file:s0:c512,c768 tclass=file permissive=0
10-31 13:42:30.330 13516 13516 W CrUtilityMain: type=1400 audit(0.0:13349): avc: denied { setattr } for name="manifest.json" dev="dm-2" ino=59163 scontext=u:r:isolated_app:s0:c512,c768 tcontext=u:object_r:app_data_file:s0:c512,c768 tclass=file permissive=0
10-31 13:42:30.330 13516 13516 W CrUtilityMain: type=1400 audit(0.0:13350): avc: denied { setattr } for name="verified_contents.json" dev="dm-2" ino=59441 scontext=u:r:isolated_app:s0:c512,c768 tcontext=u:object_r:app_data_file:s0:c512,c768 tclass=file permissive=0
10-31 13:42:30.341 13503 13503 I cr_ChildProcessService: Destroying ChildProcessService pid=13503
10-31 13:42:30.342 13503 13516 I chromium: [INFO:child_process_service.cc(69)] ChildProcessService: Exiting child process.
10-31 13:42:30.367   600 24611 I ActivityManager: Process com.android.chrome:sandboxed_process29 (pid 13503) has died
10-31 13:42:30.367   600 24611 D ActivityManager: cleanUpApplicationRecord -- 13503
10-31 13:42:30.368 12715 12715 W chromium: [WARNING:compositor_view.cc(315)] Child process died (type=6) pid=13503)
10-31 13:42:30.932   246   916 D NuPlayerDriver: reset(0xf0220b40) at state 4
10-31 13:42:30.932   246   916 D NuPlayerDriver: notifyListener_l(0xf0220b40), (8, 0, 0), loop setting(0, 0)
10-31 13:42:30.935   246 13275 D NuPlayerDriver: notifyResetComplete(0xf0220b40)
10-31 13:42:35.186   600 17381 I ActivityManager: Start proc 13522:com.android.chrome:sandboxed_process30/u0i751 for service com.android.chrome/org.chromium.content.app.SandboxedProcessService30
10-31 13:42:35.256 13522 13522 W boxed_process30: type=1400 audit(0.0:13351): avc: denied { getattr } for path="/data/data/com.android.chrome" dev="dm-2" ino=12190 scontext=u:r:isolated_app:s0:c512,c768 tcontext=u:object_r:app_data_file:s0:c512,c768 tclass=dir permissive=0
10-31 13:42:35.284 13522 13522 I cr_ChildProcessService: Creating new ChildProcessService pid=13522
10-31 13:42:35.331 13522 13535 I cr_LibraryLoader: Loaded native library version number "85.0.4183.127"
10-31 13:42:35.332 13522 13535 I cr_CachingUmaRecorder: Flushed 1 samples from 1 histograms.
10-31 13:42:35.343 13535 13535 W CrUtilityMain: type=1400 audit(0.0:13352): avc: denied { setattr } for name=5072656C6F61642044617461 dev="dm-2" ino=59391 scontext=u:r:isolated_app:s0:c512,c768 tcontext=u:object_r:app_data_file:s0:c512,c768 tclass=file permissive=0
10-31 13:42:35.343 13535 13535 W CrUtilityMain: type=1400 audit(0.0:13353): avc: denied { setattr } for name="manifest.json" dev="dm-2" ino=58970 scontext=u:r:isolated_app:s0:c512,c768 tcontext=u:object_r:app_data_file:s0:c512,c768 tclass=file permissive=0
10-31 13:42:35.346 13535 13535 W CrUtilityMain: type=1400 audit(0.0:13354): avc: denied { setattr } for name="verified_contents.json" dev="dm-2" ino=59413 scontext=u:r:isolated_app:s0:c512,c768 tcontext=u:object_r:app_data_file:s0:c512,c768 tclass=file permissive=0
10-31 13:42:35.358 13522 13522 I cr_ChildProcessService: Destroying ChildProcessService pid=13522
10-31 13:42:35.359 13522 13535 I chromium: [INFO:child_process_service.cc(69)] ChildProcessService: Exiting child process.
10-31 13:42:35.387   600  3675 I ActivityManager: Process com.android.chrome:sandboxed_process30 (pid 13522) has died
10-31 13:42:35.387   600  3675 D ActivityManager: cleanUpApplicationRecord -- 13522
10-31 13:42:35.389 12715 12715 W chromium: [WARNING:compositor_view.cc(315)] Child process died (type=6) pid=13522)
10-31 13:42:40.483   600  9614 I ActivityManager: Start proc 13541:com.android.chrome:sandboxed_process31/u0i752 for service com.android.chrome/org.chromium.content.app.SandboxedProcessService31
10-31 13:42:40.550 13541 13541 W boxed_process31: type=1400 audit(0.0:13355): avc: denied { getattr } for path="/data/data/com.android.chrome" dev="dm-2" ino=12190 scontext=u:r:isolated_app:s0:c512,c768 tcontext=u:object_r:app_data_file:s0:c512,c768 tclass=dir permissive=0
10-31 13:42:40.585 13541 13541 I cr_ChildProcessService: Creating new ChildProcessService pid=13541
10-31 13:42:40.646 13541 13554 I cr_LibraryLoader: Loaded native library version number "85.0.4183.127"
10-31 13:42:40.646 13541 13554 I cr_CachingUmaRecorder: Flushed 1 samples from 1 histograms.
10-31 13:42:40.663 13554 13554 W CrUtilityMain: type=1400 audit(0.0:13356): avc: denied { setattr } for name="tls_deprecation_config.pb" dev="dm-2" ino=59272 scontext=u:r:isolated_app:s0:c512,c768 tcontext=u:object_r:app_data_file:s0:c512,c768 tclass=file permissive=0
10-31 13:42:40.663 13554 13554 W CrUtilityMain: type=1400 audit(0.0:13357): avc: denied { setattr } for name="manifest.json" dev="dm-2" ino=59157 scontext=u:r:isolated_app:s0:c512,c768 tcontext=u:object_r:app_data_file:s0:c512,c768 tclass=file permissive=0
10-31 13:42:40.666 13554 13554 W CrUtilityMain: type=1400 audit(0.0:13358): avc: denied { setattr } for name="verified_contents.json" dev="dm-2" ino=59491 scontext=u:r:isolated_app:s0:c512,c768 tcontext=u:object_r:app_data_file:s0:c512,c768 tclass=file permissive=0
10-31 13:42:40.672 13541 13554 I chromium: [INFO:child_process_service.cc(69)] ChildProcessService: Exiting child process.
10-31 13:42:40.675   197   197 E lowmemorykiller: Error writing /proc/13541/oom_score_adj; errno=22
10-31 13:42:40.698   600 24515 I ActivityManager: Process com.android.chrome:sandboxed_process31 (pid 13541) has died
10-31 13:42:40.698   600 24515 D ActivityManager: cleanUpApplicationRecord -- 13541
10-31 13:42:40.700 12715 12715 W chromium: [WARNING:compositor_view.cc(315)] Child process died (type=6) pid=13541)
10-31 13:42:42.111  6616  6965 I Icing   : IndexChimeraService.getServiceInterface callingPackage=com.android.chrome componentName=null serviceId=36
10-31 13:42:42.125  6616  6945 W Icing   : No valid account for uploading user actions
10-31 13:42:42.154  6616  6965 I Icing   : IndexChimeraService.getServiceInterface callingPackage=com.google.android.gms componentName=null serviceId=30
10-31 13:42:42.237  6616  6945 I Icing   : Usage reports ok 2, Failed Usage reports 0, indexed 1, rejected 0
10-31 13:42:42.239  6616  6945 W Icing   : No valid account for uploading user actions
10-31 13:42:42.261  6616  6945 I Icing   : Usage reports ok 0, Failed Usage reports 0, indexed 0, rejected 0
10-31 13:42:42.268  6616  6945 I Icing   : Indexing com.android.chrome-omnibox from com.android.chrome
10-31 13:42:42.311  6616  6945 I Icing   : Indexing done com.android.chrome-omnibox
10-31 13:42:42.592 13575 13575 D AndroidRuntime: >>>>>> START com.android.internal.os.RuntimeInit uid 2000 <<<<<<
10-31 13:42:42.600 13575 13575 D AndroidRuntime: CheckJNI is OFF
10-31 13:42:42.689 13575 13575 D ICU     : No timezone override file found: /data/misc/zoneinfo/current/icu/icu_tzdata.dat
10-31 13:42:42.728 13575 13575 I Radio-JNI: register_android_hardware_Radio DONE
10-31 13:42:42.744 13575 13575 D AndroidRuntime: Calling main entry com.android.commands.am.Am
10-31 13:42:42.763   600  3967 I ActivityManager: Force stopping com.android.chrome appid=10035 user=0: from pid 13575
10-31 13:42:42.763   600  3967 I ActivityManager: Killing 12777:com.android.chrome:privileged_process0/u0a35 (adj 0): stop com.android.chrome
10-31 13:42:42.763   600  3967 D ActivityManager: cleanUpApplicationRecord -- 12777
10-31 13:42:42.763   600  3967 W ActivityManager: Scheduling restart of crashed service com.android.chrome/org.chromium.content.app.PrivilegedProcessService0 in 1000ms
10-31 13:42:42.763   600  3967 I ActivityManager: Killing 12715:com.android.chrome/u0a35 (adj 0): stop com.android.chrome
10-31 13:42:42.763   600  3967 D ActivityManager: cleanUpApplicationRecord -- 12715
10-31 13:42:42.766   600  3967 W ActivityManager: Force removing ActivityRecord{ab8e511 u0 com.android.chrome/com.google.android.apps.chrome.Main t2264}: app died, no saved state
10-31 13:42:42.767  5409  5409 I MemoryTrimmer: Trimming objects from memory, since app is in the background.
10-31 13:42:42.772 12749 12749 I cr_ChildProcessService: Destroying ChildProcessService pid=12749
10-31 13:42:42.800   600  3967 I ActivityManager: Killing 13194:com.android.chrome:sandboxed_process21/u0a35i742 (adj 0): isolated not needed
10-31 13:42:42.800   600  3967 I ActivityManager: Killing 12749:com.android.chrome:sandboxed_process0/u0a35i721 (adj 0): isolated not needed
10-31 13:42:42.806   600  2707 D ConnectivityService: ConnectivityService NetworkRequestInfo binderDied(NetworkRequest [ LISTEN id=1806, [ Capabilities: INTERNET&NOT_RESTRICTED&TRUSTED&FOREGROUND] ], android.os.BinderProxy@f5f94fc)
10-31 13:42:42.806   600  2707 D ConnectivityService: ConnectivityService NetworkRequestInfo binderDied(NetworkRequest [ LISTEN id=1807, [ Capabilities: INTERNET&NOT_RESTRICTED&TRUSTED&FOREGROUND] ], android.os.BinderProxy@1ff6785)
10-31 13:42:42.806   600  2707 D ConnectivityService: ConnectivityService NetworkRequestInfo binderDied(NetworkRequest [ LISTEN id=1809, [ Capabilities: INTERNET&NOT_RESTRICTED&TRUSTED&FOREGROUND] ], android.os.BinderProxy@127c9da)
10-31 13:42:42.806   600  2707 D ConnectivityService: ConnectivityService NetworkRequestInfo binderDied(NetworkRequest [ LISTEN id=1808, [ Capabilities: INTERNET&NOT_RESTRICTED&TRUSTED&FOREGROUND] ], android.os.BinderProxy@60d8e0b)
10-31 13:42:42.807   600  6312 D GraphicsStats: Buffer count: 2
10-31 13:42:42.808   600   649 E ConnectivityService: RemoteException caught trying to send a callback msg for NetworkRequest [ LISTEN id=1806, [ Capabilities: INTERNET&NOT_RESTRICTED&TRUSTED&FOREGROUND] ]
10-31 13:42:42.808   600   649 E ConnectivityService: RemoteException caught trying to send a callback msg for NetworkRequest [ LISTEN id=1807, [ Capabilities: INTERNET&NOT_RESTRICTED&TRUSTED&FOREGROUND] ]
10-31 13:42:42.809   600   649 E ConnectivityService: RemoteException caught trying to send a callback msg for NetworkRequest [ LISTEN id=1809, [ Capabilities: INTERNET&NOT_RESTRICTED&TRUSTED&FOREGROUND] ]
10-31 13:42:42.809   600   649 E ConnectivityService: RemoteException caught trying to send a callback msg for NetworkRequest [ LISTEN id=1808, [ Capabilities: INTERNET&NOT_RESTRICTED&TRUSTED&FOREGROUND] ]
10-31 13:42:42.839  1084  1171 I OpenGLRenderer: Initialized EGL, version 1.4
10-31 13:42:42.839 13575 13575 D AndroidRuntime: Shutting down VM
10-31 13:42:42.839  1084  1171 D OpenGLRenderer: Swap behavior 2
10-31 13:42:42.887  1061  1061 D RegisteredNfcFServicesCache: Service unchanged, not updating
10-31 13:42:42.969  5409  5627 I AttachedClient: Adding client event 2 to pending list.
10-31 13:42:42.980   600  2707 D ActivityManager: cleanUpApplicationRecord -- 12749
10-31 13:42:43.023  5409  5409 I OptInState: There is a new client and it does not support opt-in. Dropping request.
10-31 13:42:43.025  5409  5409 I MicroDetectionWorker: Micro detection mode: [mDetectionMode: [1]].
10-31 13:42:43.041  5409 13591 I MicroRecognitionRunner: Starting detection.
10-31 13:42:43.043  5409  6631 I MicrophoneInputStream: mic_starting com.google.android.apps.gsa.speech.audio.ae@c0bd2d7
10-31 13:42:43.060   238 13594 I AudioFlinger: AudioFlinger's thread 0xef692240 ready to run
10-31 13:42:43.077   238   285 I SoundTriggerHwService::Module: void android::SoundTriggerHwService::Module::onCallbackEvent(const sp<android::SoundTriggerHwService::CallbackEvent> &) mClient == 0
10-31 13:42:43.085  5409  6631 I MicrophoneInputStream: mic_started com.google.android.apps.gsa.speech.audio.ae@c0bd2d7
10-31 13:42:43.148   600 24515 D ActivityManager: cleanUpApplicationRecord -- 13194
10-31 13:42:43.253  5409  5409 I MicroDetectionWorker: onReady
10-31 13:42:43.351 13589 13589 D AndroidRuntime: >>>>>> START com.android.internal.os.RuntimeInit uid 2000 <<<<<<
10-31 13:42:43.355 13589 13589 D AndroidRuntime: CheckJNI is OFF
10-31 13:42:43.382  1084  1171 W OpenGLRenderer: Incorrectly called buildLayer on View: ShortcutAndWidgetContainer, destroying layer...
10-31 13:42:43.425 13589 13589 D ICU     : No timezone override file found: /data/misc/zoneinfo/current/icu/icu_tzdata.dat
10-31 13:42:43.453 13589 13589 I Radio-JNI: register_android_hardware_Radio DONE
10-31 13:42:43.470 13589 13589 D AndroidRuntime: Calling main entry com.android.commands.pm.Pm
10-31 13:42:43.485   600   713 I ActivityManager: Force stopping com.android.chrome appid=10035 user=0: clear data
10-31 13:42:43.486   600   613 I ActivityManager: Force stopping com.android.chrome appid=10035 user=-1: clearApplicationUserData
10-31 13:42:43.538   787   787 I GeofencerStateMachine: removeGeofences: removeRequest=RemoveGeofencingRequest[REMOVE_ALL packageName=com.android.chrome]
10-31 13:42:43.541 13589 13589 I art     : System.exit called, status: 0
10-31 13:42:43.541 13589 13589 I AndroidRuntime: VM exiting with result code 0.
10-31 13:42:43.545  1061  1061 D RegisteredNfcFServicesCache: Service unchanged, not updating
10-31 13:42:43.582  6616  8240 I Icing   : doRemovePackageData com.android.chrome
10-31 13:42:43.582  6616  8240 I Icing   : Removing corpus key com.android.chrome-.implicit: for package com.android.chrome
10-31 13:42:43.584   600   612 W ResourceType: No known package when getting value for resource number 0x7f080316
10-31 13:42:43.584   600   612 W ResourceType: No known package when getting value for resource number 0x7f130448
10-31 13:42:43.586   600   612 W ResourceType: No known package when getting value for resource number 0x7f080315
10-31 13:42:43.586   600   612 W ResourceType: No known package when getting value for resource number 0x7f130123
10-31 13:42:43.586   600   612 W ResourceType: No known package when getting value for resource number 0x7f130447
10-31 13:42:43.586   600   612 W ResourceType: No known package when getting value for resource number 0x7f1302e4
10-31 13:42:43.586   600   612 E ShortcutService: Ignoring excessive intent tag.
10-31 13:42:43.644   787 13618 I Fitness : FitCleanupIntentOperation received Intent android.intent.action.PACKAGE_DATA_CLEARED [CONTEXT service_id=17 ]
10-31 13:42:43.644  6616  8240 I native  : flash-index.cc:1519 Flash index sort hb 54 prefix-hits 119 -> 109 at 18.849ms
10-31 13:42:43.679  6616  8240 I Icing   : Removing corpus key com.android.chrome-omnibox for package com.android.chrome
10-31 13:42:43.733  6616  8240 I Icing   : Starting compaction min disk 99.926% min index 99.985%
10-31 13:42:43.856  6616  8240 I native  : document-store.cc:1654 Scored 2306 usage reports, missing_corpora 1244 update_failed 1
10-31 13:42:43.886  6616  8240 W native  : words-map.cc:30 INVALID_ARGUMENT: Empty URI
10-31 13:42:43.886  6616  8240 W native  : words-map.cc:34 WordsMap was not properly initialized
10-31 13:42:43.969  6616  8240 E native  : compactor.cc:67 Could not index embedding for docid 1: INTERNAL: Unable to find Thing Proto section 
10-31 13:42:43.970  6616  8240 E native  : compactor.cc:67 Could not index embedding for docid 3: INTERNAL: Unable to find Thing Proto section 
10-31 13:42:43.970  6616  8240 E native  : compactor.cc:67 Could not index embedding for docid 5: INTERNAL: Unable to find Thing Proto section 
10-31 13:42:43.971  6616  8240 E native  : compactor.cc:67 Could not index embedding for docid 7: INTERNAL: Unable to find Thing Proto section 
10-31 13:42:43.974  6616  8240 E native  : compactor.cc:67 Could not index embedding for docid 8: INTERNAL: Unable to find Thing Proto section 
10-31 13:42:43.975  6616  8240 E native  : compactor.cc:67 Could not index embedding for docid 10: INTERNAL: Unable to find Thing Proto section 
10-31 13:42:43.975  6616  8240 E native  : compactor.cc:67 Could not index embedding for docid 11: INTERNAL: Unable to find Thing Proto section 
10-31 13:42:43.975  6616  8240 E native  : compactor.cc:67 Could not index embedding for docid 13: INTERNAL: Unable to find Thing Proto section 
10-31 13:42:43.975  6616  8240 E native  : compactor.cc:67 Could not index embedding for docid 14: INTERNAL: Unable to find Thing Proto section 
10-31 13:42:43.979  6616  8240 E native  : compactor.cc:67 Could not index embedding for docid 17: INTERNAL: Unable to find Thing Proto section 
10-31 13:42:43.979  6616  8240 E native  : compactor.cc:67 Could not index embedding for docid 18: INTERNAL: Unable to find Thing Proto section 
10-31 13:42:43.980  6616  8240 E native  : compactor.cc:67 Could not index embedding for docid 21: INTERNAL: Unable to find Thing Proto section 
10-31 13:42:43.980  6616  8240 E native  : compactor.cc:67 Could not index embedding for docid 22: INTERNAL: Unable to find Thing Proto section 
10-31 13:42:43.985  6616  8240 E native  : compactor.cc:67 Could not index embedding for docid 26: INTERNAL: Unable to find Thing Proto section 
10-31 13:42:43.985  6616  8240 E native  : compactor.cc:67 Could not index embedding for docid 27: INTERNAL: Unable to find Thing Proto section 
10-31 13:42:44.028  6616  8240 I native  : flash-index.cc:1519 Flash index sort hb 34 prefix-hits 54 -> 54 at 24.999ms
10-31 13:42:44.052  6616  8240 W native  : words-map.cc:30 INVALID_ARGUMENT: Empty URI
10-31 13:42:44.052  6616  8240 W native  : words-map.cc:34 WordsMap was not properly initialized
10-31 13:42:44.108  6616  8240 I Icing   : updateResources: need to parse acol{com.android.chrome}
10-31 13:42:44.172  6616  8240 I Icing   : Indexing com.android.chrome-omnibox from com.android.chrome
10-31 13:42:44.193   600 13557 I ActivityManager: Start proc 13620:com.android.chrome/u0a35 for content provider com.android.chrome/com.google.android.apps.chrome.icing.IcingProvider
10-31 13:42:44.268  6616  8240 I Icing   : Indexing done com.android.chrome-omnibox
