--------- beginning of main
10-31 13:54:36.025 18001 18001 D AndroidRuntime: >>>>>> START com.android.internal.os.RuntimeInit uid 2000 <<<<<<
10-31 13:54:36.029 18001 18001 D AndroidRuntime: CheckJNI is OFF
10-31 13:54:36.093 18001 18001 D ICU     : No timezone override file found: /data/misc/zoneinfo/current/icu/icu_tzdata.dat
10-31 13:54:36.121 18001 18001 I Radio-JNI: register_android_hardware_Radio DONE
10-31 13:54:36.136 18001 18001 D AndroidRuntime: Calling main entry com.android.commands.am.Am
--------- beginning of system
10-31 13:54:36.154   600 16391 I ActivityManager: Force stopping com.opera.browser appid=10122 user=0: from pid 18001
10-31 13:54:36.164  1061  1061 D RegisteredNfcFServicesCache: Service unchanged, not updating
10-31 13:54:36.411   600  1080 I ActivityManager: START u0 {act=android.intent.action.VIEW flg=0x10008000 cmp=com.opera.browser/com.opera.Opera} from uid 2000 on display 0
10-31 13:54:36.440 18001 18001 D AndroidRuntime: Shutting down VM
10-31 13:54:36.473   600  1079 I ActivityManager: Start proc 18011:com.opera.browser/u0a122 for activity com.opera.browser/com.opera.Opera
10-31 13:54:36.570 18011 18011 I art     : Starting a blocking GC AddRemoveAppImageSpace
10-31 13:54:36.601 18011 18011 I LoadedApk: No resource references to update in package com.opera.browser.nord_vpn
10-31 13:54:36.720 18011 18011 I art     : Rejecting re-init on previously-failed class java.lang.Class<com.opera.android.job.a$j>: java.lang.NoClassDefFoundError: Failed resolution of: Landroid/app/job/JobServiceEngine;
10-31 13:54:36.720 18011 18011 I art     :   at void com.opera.android.OperaApplication.onCreate() (SourceFile:52)
10-31 13:54:36.720 18011 18011 I art     :   at void android.app.Instrumentation.callApplicationOnCreate(android.app.Application) (Instrumentation.java:1024)
10-31 13:54:36.720 18011 18011 I art     :   at void android.app.ActivityThread.handleBindApplication(android.app.ActivityThread$AppBindData) (ActivityThread.java:5403)
10-31 13:54:36.720 18011 18011 I art     :   at void android.app.ActivityThread.-wrap2(android.app.ActivityThread, android.app.ActivityThread$AppBindData) (ActivityThread.java:-1)
10-31 13:54:36.720 18011 18011 I art     :   at void android.app.ActivityThread$H.handleMessage(android.os.Message) (ActivityThread.java:1545)
10-31 13:54:36.720 18011 18011 I art     :   at void android.os.Handler.dispatchMessage(android.os.Message) (Handler.java:102)
10-31 13:54:36.720 18011 18011 I art     :   at void android.os.Looper.loop() (Looper.java:154)
10-31 13:54:36.720 18011 18011 I art     :   at void android.app.ActivityThread.main(java.lang.String[]) (ActivityThread.java:6119)
10-31 13:54:36.720 18011 18011 I art     :   at java.lang.Object java.lang.reflect.Method.invoke!(java.lang.Object, java.lang.Object[]) (Method.java:-2)
10-31 13:54:36.720 18011 18011 I art     :   at void com.android.internal.os.ZygoteInit$MethodAndArgsCaller.run() (ZygoteInit.java:886)
10-31 13:54:36.721 18011 18011 I art     :   at void com.android.internal.os.ZygoteInit.main(java.lang.String[]) (ZygoteInit.java:776)
10-31 13:54:36.721 18011 18011 I art     : Caused by: java.lang.ClassNotFoundException: Didn't find class "android.app.job.JobServiceEngine" on path: DexPathList[[zip file "/data/app/com.opera.browser-1/base.apk"],nativeLibraryDirectories=[/data/app/com.opera.browser-1/lib/arm, /data/app/com.opera.browser-1/base.apk!/lib/armeabi-v7a, /system/lib, /vendor/lib]]
10-31 13:54:36.721 18011 18011 I art     :   at java.lang.Class dalvik.system.BaseDexClassLoader.findClass(java.lang.String) (BaseDexClassLoader.java:56)
10-31 13:54:36.721 18011 18011 I art     :   at java.lang.Class java.lang.ClassLoader.loadClass(java.lang.String, boolean) (ClassLoader.java:380)
10-31 13:54:36.721 18011 18011 I art     :   at java.lang.Class java.lang.ClassLoader.loadClass(java.lang.String) (ClassLoader.java:312)
10-31 13:54:36.721 18011 18011 I art     :   at void com.opera.android.OperaApplication.onCreate() (SourceFile:52)
10-31 13:54:36.721 18011 18011 I art     :   at void android.app.Instrumentation.callApplicationOnCreate(android.app.Application) (Instrumentation.java:1024)
10-31 13:54:36.721 18011 18011 I art     :   at void android.app.ActivityThread.handleBindApplication(android.app.ActivityThread$AppBindData) (ActivityThread.java:5403)
10-31 13:54:36.721 18011 18011 I art     :   at void android.app.ActivityThread.-wrap2(android.app.ActivityThread, android.app.ActivityThread$AppBindData) (ActivityThread.java:-1)
10-31 13:54:36.721 18011 18011 I art     :   at void android.app.ActivityThread$H.handleMessage(android.os.Message) (ActivityThread.java:1545)
10-31 13:54:36.721 18011 18011 I art     :   at void android.os.Handler.dispatchMessage(android.os.Message) (Handler.java:102)
10-31 13:54:36.721 18011 18011 I art     :   at void android.os.Looper.loop() (Looper.java:154)
10-31 13:54:36.721 18011 18011 I art     :   at void android.app.ActivityThread.main(java.lang.String[]) (ActivityThread.java:6119)
10-31 13:54:36.721 18011 18011 I art     :   at java.lang.Object java.lang.reflect.Method.invoke!(java.lang.Object, java.lang.Object[]) (Method.java:-2)
10-31 13:54:36.721 18011 18011 I art     :   at void com.android.internal.os.ZygoteInit$MethodAndArgsCaller.run() (ZygoteInit.java:886)
10-31 13:54:36.721 18011 18011 I art     :   at void com.android.internal.os.ZygoteInit.main(java.lang.String[]) (ZygoteInit.java:776)
10-31 13:54:36.721 18011 18011 I art     : 
10-31 13:54:36.779 18011 18053 D NetworkSecurityConfig: Using Network Security Config from resource network_security_config_official_build debugBuild: false
10-31 13:54:36.954 18011 18021 I art     : Background partial concurrent mark sweep GC freed 15472(787KB) AllocSpace objects, 9(180KB) LOS objects, 40% free, 5MB/8MB, paused 8.982ms total 127.175ms
10-31 13:54:37.007   600  7064 I ActivityManager: START u0 {act=android.intent.action.VIEW flg=0x10008000 cmp=com.opera.browser/com.opera.android.startup.WelcomeActivity} from uid 10122 on display 0
10-31 13:54:37.030   600 16391 W ActivityManager: Duplicate finish request for ActivityRecord{a4745a2 u0 com.opera.browser/com.opera.Opera t2278 f}
10-31 13:54:37.318 18011 18120 I OpenGLRenderer: Initialized EGL, version 1.4
10-31 13:54:37.318 18011 18120 D OpenGLRenderer: Swap behavior 2
10-31 13:54:37.361   600   609 I art     : Background partial concurrent mark sweep GC freed 79452(3MB) AllocSpace objects, 25(656KB) LOS objects, 33% free, 16MB/25MB, paused 1.097ms total 269.952ms
10-31 13:54:37.428 18011 18021 I art     : Background sticky concurrent mark sweep GC freed 44218(4MB) AllocSpace objects, 20(536KB) LOS objects, 35% free, 5MB/8MB, paused 1.578ms total 253.102ms
10-31 13:54:37.443 18011 18061 I FA      : App measurement initialized, version: 43042
10-31 13:54:37.443 18011 18061 I FA      : To enable debug logging run: adb shell setprop log.tag.FA VERBOSE
10-31 13:54:37.443 18011 18061 I FA      : To enable faster debug mode event logging run:
10-31 13:54:37.443 18011 18061 I FA      :   adb shell setprop debug.firebase.analytics.app com.opera.browser
10-31 13:54:37.650 18011 18061 I FA      : Tag Manager is not found and thus will not be used
10-31 13:54:37.678   600   620 I ActivityManager: Displayed com.opera.browser/com.opera.android.startup.WelcomeActivity: +636ms (total +1s244ms)
10-31 13:54:37.799   600  7064 I ActivityManager: Start proc 18149:com.opera.browser:privileged_process0/u0a122 for service com.opera.browser/com.opera.android.browser.chromium.services.PrivilegedProcessService0
10-31 13:54:37.808 18011 18143 W chromium: [WARNING:op_site_scripts.cc(424)] Failed to map /data/user/0/com.opera.browser/app_opera/sjs
10-31 13:54:37.815   600   620 W WindowManager: Failed looking up window
10-31 13:54:37.815   600   620 W WindowManager: java.lang.IllegalArgumentException: Requested window android.view.ViewRootImpl$W@41b4ab does not exist
10-31 13:54:37.815   600   620 W WindowManager: 	at com.android.server.wm.WindowManagerService.windowForClientLocked(WindowManagerService.java:9422)
10-31 13:54:37.815   600   620 W WindowManager: 	at com.android.server.wm.WindowManagerService.windowForClientLocked(WindowManagerService.java:9413)
10-31 13:54:37.815   600   620 W WindowManager: 	at com.android.server.wm.WindowManagerService.removeWindow(WindowManagerService.java:2393)
10-31 13:54:37.815   600   620 W WindowManager: 	at com.android.server.wm.Session.remove(Session.java:202)
10-31 13:54:37.815   600   620 W WindowManager: 	at android.view.ViewRootImpl.dispatchDetachedFromWindow(ViewRootImpl.java:3290)
10-31 13:54:37.815   600   620 W WindowManager: 	at android.view.ViewRootImpl.doDie(ViewRootImpl.java:5917)
10-31 13:54:37.815   600   620 W WindowManager: 	at android.view.ViewRootImpl$ViewRootHandler.handleMessage(ViewRootImpl.java:3626)
10-31 13:54:37.815   600   620 W WindowManager: 	at android.os.Handler.dispatchMessage(Handler.java:102)
10-31 13:54:37.815   600   620 W WindowManager: 	at android.os.Looper.loop(Looper.java:154)
10-31 13:54:37.815   600   620 W WindowManager: 	at android.os.HandlerThread.run(HandlerThread.java:61)
10-31 13:54:37.815   600   620 W WindowManager: 	at com.android.server.ServiceThread.run(ServiceThread.java:46)
10-31 13:54:37.889 18149 18149 I art     : Starting a blocking GC AddRemoveAppImageSpace
10-31 13:54:37.908 18149 18149 I LoadedApk: No resource references to update in package com.opera.browser.nord_vpn
10-31 13:54:38.063 18149 18169 E libEGL  : validate_display:99 error 3008 (EGL_BAD_DISPLAY)
10-31 13:54:38.103  5409  5409 I MemoryTrimmer: Trimming objects from memory, since app is in the background.
10-31 13:54:38.153  5409  5627 W SearchService: Abort, client detached.
10-31 13:54:38.155  1084  1084 I MemoryTrimmer: Trimming objects from memory, since app is in the background.
10-31 13:54:38.175  5409 17886 I DeviceStateChecker: DeviceStateChecker cancelled
10-31 13:54:38.176  5409  5409 I MicroDetector: Keeping mic open: false
10-31 13:54:38.177  5409  6631 I AudioController: internalShutdown
10-31 13:54:38.177  5409  6631 I MicrophoneInputStream: mic_close com.google.android.apps.gsa.speech.audio.ae@9174198
10-31 13:54:38.183  5409  5483 I MicroRecognitionRunner: Stopping hotword detection.
10-31 13:54:38.208   238   285 I SoundTriggerHwService::Module: void android::SoundTriggerHwService::Module::onCallbackEvent(const sp<android::SoundTriggerHwService::CallbackEvent> &) mClient == 0
10-31 13:54:38.223  5409 17887 I MicroRecognitionRunner: Detection finished
10-31 13:54:38.228  5409  5409 I MemoryTrimmer: Trimming objects from memory, since app is in the background.
10-31 13:54:38.247 18149 18169 E libEGL  : validate_display:99 error 3008 (EGL_BAD_DISPLAY)
10-31 13:54:38.403   787 18199 W NetworkScheduler: Error inserting service_kind=0 source=16 tag=Measurement.PackageMeasurementTaskService.UPLOAD_TASK_TAG target_package=com.google.android.gms requires_charging=0 source_version=203915000 required_network_type=0 flex_time=3141000 persistence_level=1 target_class=com.google.android.gms.measurement.PackageMeasurementTaskService runtime=1667220878389 retry_strategy={"maximum_backoff_seconds":{"3600":0},"initial_backoff_seconds":{"30":0},"retry_policy":{"0":0}} preferred_network_type=1 required_idleness_state=0 preferred_charging_state=1 period=6284000 last_runtime=0 task_type=0 job_id=-1 user_id=0, error message: UNIQUE constraint failed: pending_ops.tag, pending_ops.target_class, pending_ops.target_package, pending_ops.user_id (code 2067) [CONTEXT service_id=218 ]
10-31 13:54:38.447   787 18199 W NetworkScheduler: Error inserting service_kind=0 source=16 tag=Measurement.PackageMeasurementTaskService.UPLOAD_TASK_TAG target_package=com.google.android.gms requires_charging=0 source_version=203915000 required_network_type=0 flex_time=0 persistence_level=1 target_class=com.google.android.gms.measurement.PackageMeasurementTaskService runtime=1667220878443 retry_strategy={"maximum_backoff_seconds":{"3600":0},"initial_backoff_seconds":{"30":0},"retry_policy":{"0":0}} preferred_network_type=1 required_idleness_state=0 preferred_charging_state=1 period=2000 last_runtime=0 task_type=0 job_id=-1 user_id=0, error message: UNIQUE constraint failed: pending_ops.tag, pending_ops.target_class, pending_ops.target_package, pending_ops.user_id (code 2067) [CONTEXT service_id=218 ]
10-31 13:54:38.487   787 11040 W NetworkScheduler: Error inserting service_kind=0 source=16 tag=Measurement.PackageMeasurementTaskService.UPLOAD_TASK_TAG target_package=com.google.android.gms requires_charging=0 source_version=203915000 required_network_type=0 flex_time=9000 persistence_level=1 target_class=com.google.android.gms.measurement.PackageMeasurementTaskService runtime=1667220878481 retry_strategy={"maximum_backoff_seconds":{"3600":0},"initial_backoff_seconds":{"30":0},"retry_policy":{"0":0}} preferred_network_type=1 required_idleness_state=0 preferred_charging_state=1 period=20000 last_runtime=0 task_type=0 job_id=-1 user_id=0, error message: UNIQUE constraint failed: pending_ops.tag, pending_ops.target_class, pending_ops.target_package, pending_ops.user_id (code 2067) [CONTEXT service_id=218 ]
10-31 13:54:42.194 18011 18011 I PlayCore: UID: [10122]  PID: [18011] AppUpdateListenerRegistry : registerListener
10-31 13:54:42.195 18011 18011 I PlayCore: UID: [10122]  PID: [18011] AppUpdateService : requestUpdateInfo(com.opera.browser)
10-31 13:54:42.196 18011 18228 I PlayCore: UID: [10122]  PID: [18011] AppUpdateService : Initiate binding to the service.
10-31 13:54:42.197   600 13631 W ActivityManager: Unable to start service Intent { act=com.google.android.play.core.install.BIND_UPDATE_SERVICE pkg=com.android.vending } U=0: not found
10-31 13:54:42.198 18011 18228 I PlayCore: UID: [10122]  PID: [18011] AppUpdateService : Failed to bind to the service.
10-31 13:54:42.360 18011 18230 D ApplicationLoaders: ignored Vulkan layer search path /data/app/com.google.android.gms-1/lib/arm:/data/app/com.google.android.gms-1/base.apk!/lib/armeabi-v7a:/data/app/com.google.android.gms-1/split_config.en.apk!/lib/armeabi-v7a for namespace 0xf4a41090
10-31 13:54:42.362 18011 18230 W ResourceType: ResTable_typeSpec entry count inconsistent: given 67, previously 69
10-31 13:54:42.362 18011 18230 W ResourceType: ResTable_typeSpec entry count inconsistent: given 5346, previously 5347
10-31 13:54:42.848   600   612 D SyncManager: failed sync operation JobId: 100983, com.opera.browser u0 (com.opera.browser.ping), com.opera.browser.ping.provider, SERVER, reason: 10122, SyncResult: delayUntil: 1667228082 stats [ numIoExceptions: 1]
10-31 13:54:48.561   787 18199 I LockboxService: Completed task: true [CONTEXT service_id=26 ]
10-31 13:54:48.705   787 18199 W NetworkScheduler: Error inserting service_kind=0 source=16 tag=Measurement.PackageMeasurementTaskService.UPLOAD_TASK_TAG target_package=com.google.android.gms requires_charging=0 source_version=203915000 required_network_type=0 flex_time=9000 persistence_level=1 target_class=com.google.android.gms.measurement.PackageMeasurementTaskService runtime=1667220888700 retry_strategy={"maximum_backoff_seconds":{"3600":0},"initial_backoff_seconds":{"30":0},"retry_policy":{"0":0}} preferred_network_type=1 required_idleness_state=0 preferred_charging_state=1 period=20000 last_runtime=0 task_type=0 job_id=-1 user_id=0, error message: UNIQUE constraint failed: pending_ops.tag, pending_ops.target_class, pending_ops.target_package, pending_ops.user_id (code 2067) [CONTEXT service_id=218 ]
10-31 13:54:48.824   787 15070 W NetworkScheduler: Error inserting service_kind=0 source=16 tag=Measurement.PackageMeasurementTaskService.UPLOAD_TASK_TAG target_package=com.google.android.gms requires_charging=0 source_version=203915000 required_network_type=0 flex_time=9000 persistence_level=1 target_class=com.google.android.gms.measurement.PackageMeasurementTaskService runtime=1667220888810 retry_strategy={"maximum_backoff_seconds":{"3600":0},"initial_backoff_seconds":{"30":0},"retry_policy":{"0":0}} preferred_network_type=1 required_idleness_state=0 preferred_charging_state=1 period=20000 last_runtime=0 task_type=0 job_id=-1 user_id=0, error message: UNIQUE constraint failed: pending_ops.tag, pending_ops.target_class, pending_ops.target_package, pending_ops.user_id (code 2067) [CONTEXT service_id=218 ]
10-31 13:54:49.656 18267 18267 D AndroidRuntime: >>>>>> START com.android.internal.os.RuntimeInit uid 2000 <<<<<<
10-31 13:54:49.659 18267 18267 D AndroidRuntime: CheckJNI is OFF
10-31 13:54:49.723 18267 18267 D ICU     : No timezone override file found: /data/misc/zoneinfo/current/icu/icu_tzdata.dat
10-31 13:54:49.754 18267 18267 I Radio-JNI: register_android_hardware_Radio DONE
10-31 13:54:49.768 18267 18267 D AndroidRuntime: Calling main entry com.android.commands.monkey.Monkey
10-31 13:54:49.835   600   613 W BroadcastQueue: Skipping deliver [background] BroadcastRecord{1a78700 u-1 android.net.conn.CONNECTIVITY_CHANGE} to ReceiverList{976ab39 18267 (unknown name)/2000/u-1 remote:8c60832}: process crashing
10-31 13:54:51.383 18267 18267 D MonkeyStub: translateCommand: wake
10-31 13:54:51.498 18267 18267 D MonkeyStub: translateCommand: tap 960 1881
10-31 13:54:51.563   600   610 I ActivityManager: START u0 {act=android.intent.action.VIEW flg=0x1000000 cmp=com.opera.browser/com.opera.android.IntentDispatcherActivity} from uid 10122 on display 0
10-31 13:54:51.677  1084  1171 I OpenGLRenderer: Initialized EGL, version 1.4
10-31 13:54:51.677  1084  1171 D OpenGLRenderer: Swap behavior 2
10-31 13:54:51.679   600  2707 I ActivityManager: START u0 {act=android.intent.action.VIEW flg=0x15002000 cmp=com.opera.browser/com.opera.android.BrowserActivity} from uid 10122 on display 0
10-31 13:54:51.806   600   609 I art     : Background partial concurrent mark sweep GC freed 49494(2MB) AllocSpace objects, 42(1304KB) LOS objects, 33% free, 16MB/25MB, paused 4.005ms total 164.965ms
10-31 13:54:52.008 18011 18021 I art     : Background sticky concurrent mark sweep GC freed 10236(686KB) AllocSpace objects, 7(140KB) LOS objects, 1% free, 8MB/8MB, paused 6.313ms total 67.686ms
10-31 13:54:52.166 18011 18021 I art     : Background partial concurrent mark sweep GC freed 38848(2MB) AllocSpace objects, 19(572KB) LOS objects, 39% free, 7MB/12MB, paused 6.535ms total 120.877ms
10-31 13:54:52.202 18011 18315 W ResourceType: ResTable_typeSpec entry count inconsistent: given 67, previously 69
10-31 13:54:52.202 18011 18315 W ResourceType: ResTable_typeSpec entry count inconsistent: given 5346, previously 5347
10-31 13:54:52.207 18011 18284 E [Leanplum][ERROR]: No variable values were received from the server. Please contact us to investigate.
10-31 13:54:52.355   600   620 I ActivityManager: Displayed com.opera.browser/com.opera.android.BrowserActivity: +635ms (total +751ms)
10-31 13:54:52.369  1084  1171 W OpenGLRenderer: Incorrectly called buildLayer on View: ShortcutAndWidgetContainer, destroying layer...
10-31 13:54:52.423   600  1082 I CwMcuSensor: CwMcuSensor::flush: fd = 252, sensors_id = 0, path = /sys/class/htc_sensorhub/sensor_hub/flush, err = 0
10-31 13:54:52.659   787 18199 W NetworkScheduler: Error inserting service_kind=0 source=16 tag=Measurement.PackageMeasurementTaskService.UPLOAD_TASK_TAG target_package=com.google.android.gms requires_charging=0 source_version=203915000 required_network_type=0 flex_time=3596000 persistence_level=1 target_class=com.google.android.gms.measurement.PackageMeasurementTaskService runtime=1667220892647 retry_strategy={"maximum_backoff_seconds":{"3600":0},"initial_backoff_seconds":{"30":0},"retry_policy":{"0":0}} preferred_network_type=1 required_idleness_state=0 preferred_charging_state=1 period=7193000 last_runtime=0 task_type=0 job_id=-1 user_id=0, error message: UNIQUE constraint failed: pending_ops.tag, pending_ops.target_class, pending_ops.target_package, pending_ops.user_id (code 2067) [CONTEXT service_id=218 ]
10-31 13:54:52.702 18011 18021 I art     : Background sticky concurrent mark sweep GC freed 34750(3MB) AllocSpace objects, 43(860KB) LOS objects, 35% free, 7MB/12MB, paused 8.186ms total 47.926ms
10-31 13:54:52.707 18011 18330 W ResourceType: ResTable_typeSpec entry count inconsistent: given 67, previously 69
10-31 13:54:52.707 18011 18330 W ResourceType: ResTable_typeSpec entry count inconsistent: given 5346, previously 5347
10-31 13:54:52.761   787 18199 W NetworkScheduler: Error inserting service_kind=0 source=16 tag=Measurement.PackageMeasurementTaskService.UPLOAD_TASK_TAG target_package=com.google.android.gms requires_charging=0 source_version=203915000 required_network_type=0 flex_time=3596000 persistence_level=1 target_class=com.google.android.gms.measurement.PackageMeasurementTaskService runtime=1667220892755 retry_strategy={"maximum_backoff_seconds":{"3600":0},"initial_backoff_seconds":{"30":0},"retry_policy":{"0":0}} preferred_network_type=1 required_idleness_state=0 preferred_charging_state=1 period=7193000 last_runtime=0 task_type=0 job_id=-1 user_id=0, error message: UNIQUE constraint failed: pending_ops.tag, pending_ops.target_class, pending_ops.target_package, pending_ops.user_id (code 2067) [CONTEXT service_id=218 ]
10-31 13:54:53.020 18011 18016 I art     : Do partial code cache collection, code=18KB, data=30KB
10-31 13:54:53.021 18011 18016 I art     : After code cache collection, code=18KB, data=30KB
10-31 13:54:53.021 18011 18016 I art     : Increasing code cache capacity to 128KB
10-31 13:54:53.124 18011 18011 E Sensors : sendAck failure -1 1
10-31 13:54:53.124 18011 18011 E Sensors : sendAck failure -1 1
10-31 13:54:53.124 18011 18011 E Sensors : sendAck failure -1 2
10-31 13:54:53.124 18011 18011 E Sensors : sendAck failure -1 3
10-31 13:54:53.124 18011 18011 E Sensors : sendAck failure -1 4
10-31 13:54:53.124 18011 18011 E Sensors : sendAck failure -1 5
10-31 13:54:53.124 18011 18011 E Sensors : sendAck failure -1 6
10-31 13:54:53.124 18011 18011 E Sensors : sendAck failure -1 7
10-31 13:54:53.124 18011 18011 E Sensors : sendAck failure -1 8
10-31 13:54:53.124 18011 18011 E Sensors : sendAck failure -1 9
10-31 13:54:53.124 18011 18011 E Sensors : sendAck failure -1 10
10-31 13:54:53.124 18011 18011 E Sensors : sendAck failure -1 11
10-31 13:54:53.124 18011 18011 E Sensors : sendAck failure -1 12
10-31 13:54:53.124 18011 18011 E Sensors : sendAck failure -1 13
10-31 13:54:53.124 18011 18011 E Sensors : sendAck failure -1 14
10-31 13:54:53.124 18011 18011 E Sensors : sendAck failure -1 15
10-31 13:54:53.124 18011 18011 E Sensors : sendAck failure -1 16
10-31 13:54:53.124 18011 18011 E Sensors : sendAck failure -1 17
10-31 13:54:53.124 18011 18011 E Sensors : sendAck failure -1 18
10-31 13:54:53.124 18011 18011 E Sensors : sendAck failure -1 19
10-31 13:54:53.124 18011 18011 E Sensors : sendAck failure -1 20
10-31 13:54:53.124 18011 18011 E Sensors : sendAck failure -1 21
10-31 13:54:53.124 18011 18011 E Sensors : sendAck failure -1 22
10-31 13:54:53.124 18011 18011 E Sensors : sendAck failure -1 23
10-31 13:54:53.124 18011 18011 E Sensors : sendAck failure -1 24
10-31 13:54:53.124 18011 18011 E Sensors : sendAck failure -1 25
10-31 13:54:53.172 18011 18011 I Choreographer: Skipped 44 frames!  The application may be doing too much work on its main thread.
10-31 13:54:53.287 18011 18021 I art     : Background sticky concurrent mark sweep GC freed 38839(2MB) AllocSpace objects, 32(640KB) LOS objects, 18% free, 10MB/12MB, paused 6.187ms total 128.899ms
10-31 13:54:53.370 18011 18011 W View    : requestLayout() improperly called by com.opera.android.custom_views.FadingRecyclerView{d8d5252 VFED.V... ......ID 0,813-1536,813 #7f0a0825 app:id/suggested_dials_grid} during layout: running second layout pass
10-31 13:54:53.433 18011 18011 E Sensors : sendAck failure -1 1
10-31 13:54:53.433 18011 18011 E Sensors : sendAck failure -1 2
10-31 13:54:53.433 18011 18011 E Sensors : sendAck failure -1 3
10-31 13:54:53.433 18011 18011 E Sensors : sendAck failure -1 4
10-31 13:54:53.433 18011 18011 E Sensors : sendAck failure -1 5
10-31 13:54:53.433 18011 18011 E Sensors : sendAck failure -1 6
10-31 13:54:53.433 18011 18011 E Sensors : sendAck failure -1 7
10-31 13:54:53.433 18011 18011 E Sensors : sendAck failure -1 8
10-31 13:54:53.433 18011 18011 E Sensors : sendAck failure -1 9
10-31 13:54:53.433 18011 18011 E Sensors : sendAck failure -1 10
10-31 13:54:53.433 18011 18011 E Sensors : sendAck failure -1 11
10-31 13:54:53.433 18011 18011 E Sensors : sendAck failure -1 12
10-31 13:54:53.433 18011 18011 E Sensors : sendAck failure -1 13
10-31 13:54:53.433 18011 18011 E Sensors : sendAck failure -1 14
10-31 13:54:53.433 18011 18011 E Sensors : sendAck failure -1 15
10-31 13:54:53.433 18011 18011 E Sensors : sendAck failure -1 1
10-31 13:54:53.433 18011 18011 E Sensors : sendAck failure -1 2
10-31 13:54:53.434 18011 18011 E Sensors : sendAck failure -1 3
10-31 13:54:53.434 18011 18011 E Sensors : sendAck failure -1 4
10-31 13:54:53.434 18011 18011 E Sensors : sendAck failure -1 5
10-31 13:54:53.434 18011 18011 E Sensors : sendAck failure -1 6
10-31 13:54:53.434 18011 18011 E Sensors : sendAck failure -1 7
10-31 13:54:53.434 18011 18011 E Sensors : sendAck failure -1 8
10-31 13:54:53.434 18011 18011 E Sensors : sendAck failure -1 9
10-31 13:54:53.434 18011 18011 E Sensors : sendAck failure -1 10
10-31 13:54:53.434 18011 18011 E Sensors : sendAck failure -1 11
10-31 13:54:53.434 18011 18011 E Sensors : sendAck failure -1 12
10-31 13:54:53.434 18011 18011 E Sensors : sendAck failure -1 13
10-31 13:54:53.434 18011 18011 E Sensors : sendAck failure -1 14
10-31 13:54:53.434 18011 18011 E Sensors : sendAck failure -1 15
10-31 13:54:53.434 18011 18011 E Sensors : sendAck failure -1 1
10-31 13:54:53.434 18011 18011 E Sensors : sendAck failure -1 2
10-31 13:54:53.434 18011 18011 E Sensors : sendAck failure -1 3
10-31 13:54:53.434 18011 18011 E Sensors : sendAck failure -1 4
10-31 13:54:53.434 18011 18011 E Sensors : sendAck failure -1 5
10-31 13:54:53.434 18011 18011 E Sensors : sendAck failure -1 6
10-31 13:54:53.434 18011 18011 E Sensors : sendAck failure -1 7
10-31 13:54:53.434 18011 18011 E Sensors : sendAck failure -1 8
10-31 13:54:53.434 18011 18011 E Sensors : sendAck failure -1 9
10-31 13:54:53.434 18011 18011 E Sensors : sendAck failure -1 10
10-31 13:54:53.434 18011 18011 E Sensors : sendAck failure -1 11
10-31 13:54:53.434 18011 18011 E Sensors : sendAck failure -1 12
10-31 13:54:53.600 18011 18021 I art     : Background partial concurrent mark sweep GC freed 25547(1383KB) AllocSpace objects, 8(260KB) LOS objects, 40% free, 10MB/18MB, paused 2.537ms total 172.793ms
10-31 13:54:53.904 18383 18383 I dex2oat : /system/bin/dex2oat --dex-file=/data/user/0/com.opera.browser/code_cache/.       --oat-fd=199 --oat-location=/data/user/0/com.opera.browser/code_cache/.  ​  --compiler-filter=speed
10-31 13:54:53.948 18011 18011 E Sensors : sendAck failure -1 1
10-31 13:54:53.948 18011 18011 E Sensors : sendAck failure -1 1
10-31 13:54:53.948 18011 18011 E Sensors : sendAck failure -1 1
10-31 13:54:54.238 18011 18011 E Sensors : sendAck failure -1 1
10-31 13:54:54.238 18011 18011 E Sensors : sendAck failure -1 2
10-31 13:54:54.238 18011 18011 E Sensors : sendAck failure -1 3
10-31 13:54:54.238 18011 18011 E Sensors : sendAck failure -1 4
10-31 13:54:54.238 18011 18011 E Sensors : sendAck failure -1 5
10-31 13:54:54.238 18011 18011 E Sensors : sendAck failure -1 6
10-31 13:54:54.239 18011 18011 E Sensors : sendAck failure -1 7
10-31 13:54:54.239 18011 18011 E Sensors : sendAck failure -1 8
10-31 13:54:54.239 18011 18011 E Sensors : sendAck failure -1 9
10-31 13:54:54.239 18011 18011 E Sensors : sendAck failure -1 10
10-31 13:54:54.239 18011 18011 E Sensors : sendAck failure -1 11
10-31 13:54:54.239 18011 18011 E Sensors : sendAck failure -1 12
10-31 13:54:54.239 18011 18011 E Sensors : sendAck failure -1 13
10-31 13:54:54.239 18011 18011 E Sensors : sendAck failure -1 14
10-31 13:54:54.239 18011 18011 E Sensors : sendAck failure -1 15
10-31 13:54:54.239 18011 18011 E Sensors : sendAck failure -1 16
10-31 13:54:54.239 18011 18011 E Sensors : sendAck failure -1 1
10-31 13:54:54.239 18011 18011 E Sensors : sendAck failure -1 2
10-31 13:54:54.239 18011 18011 E Sensors : sendAck failure -1 3
10-31 13:54:54.239 18011 18011 E Sensors : sendAck failure -1 4
10-31 13:54:54.239 18011 18011 E Sensors : sendAck failure -1 5
10-31 13:54:54.239 18011 18011 E Sensors : sendAck failure -1 6
10-31 13:54:54.239 18011 18011 E Sensors : sendAck failure -1 7
10-31 13:54:54.239 18011 18011 E Sensors : sendAck failure -1 8
10-31 13:54:54.239 18011 18011 E Sensors : sendAck failure -1 9
10-31 13:54:54.239 18011 18011 E Sensors : sendAck failure -1 10
10-31 13:54:54.239 18011 18011 E Sensors : sendAck failure -1 11
10-31 13:54:54.239 18011 18011 E Sensors : sendAck failure -1 12
10-31 13:54:54.239 18011 18011 E Sensors : sendAck failure -1 13
10-31 13:54:54.239 18011 18011 E Sensors : sendAck failure -1 14
10-31 13:54:54.239 18011 18011 E Sensors : sendAck failure -1 15
10-31 13:54:54.239 18011 18011 E Sensors : sendAck failure -1 16
10-31 13:54:54.239 18011 18011 E Sensors : sendAck failure -1 1
10-31 13:54:54.239 18011 18011 E Sensors : sendAck failure -1 2
10-31 13:54:54.239 18011 18011 E Sensors : sendAck failure -1 3
10-31 13:54:54.239 18011 18011 E Sensors : sendAck failure -1 4
10-31 13:54:54.239 18011 18011 E Sensors : sendAck failure -1 5
10-31 13:54:54.239 18011 18011 E Sensors : sendAck failure -1 6
10-31 13:54:54.239 18011 18011 E Sensors : sendAck failure -1 7
10-31 13:54:54.239 18011 18011 E Sensors : sendAck failure -1 8
10-31 13:54:54.239 18011 18011 E Sensors : sendAck failure -1 9
10-31 13:54:54.239 18011 18011 E Sensors : sendAck failure -1 10
10-31 13:54:54.239 18011 18011 E Sensors : sendAck failure -1 11
10-31 13:54:54.430 18383 18383 I dex2oat : dex2oat took 527.809ms (threads: 2) arena alloc=432KB (442800B) java alloc=32KB (33064B) native alloc=354KB (362688B) free=1181KB (1210176B)
10-31 13:54:54.509 18011 18021 I art     : Background sticky concurrent mark sweep GC freed 47974(3MB) AllocSpace objects, 35(1592KB) LOS objects, 8% free, 16MB/18MB, paused 4.773ms total 251.990ms
10-31 13:54:54.704 18395 18395 I dex2oat : /system/bin/dex2oat --dex-file=/data/user/0/com.opera.browser/code_cache/. ​    --oat-fd=165 --oat-location=/data/user/0/com.opera.browser/code_cache/.    --compiler-filter=speed
10-31 13:54:54.809 18011 18016 I art     : Do partial code cache collection, code=34KB, data=59KB
10-31 13:54:54.812 18011 18016 I art     : After code cache collection, code=34KB, data=59KB
10-31 13:54:54.812 18011 18016 I art     : Increasing code cache capacity to 256KB
10-31 13:54:55.130 18395 18395 I dex2oat : dex2oat took 427.620ms (threads: 2) arena alloc=574KB (588424B) java alloc=109KB (112048B) native alloc=523KB (536456B) free=1524KB (1560696B)
10-31 13:54:55.565 18267 18267 D MonkeyStub: translateCommand: tap 57 93
10-31 13:54:55.590 18011 18021 I art     : Background partial concurrent mark sweep GC freed 63995(3MB) AllocSpace objects, 23(2MB) LOS objects, 40% free, 14MB/23MB, paused 2.143ms total 104.261ms
10-31 13:54:57.712 18267 18267 D MonkeyStub: translateCommand: tap 57 93
10-31 13:54:59.927 18267 18267 D MonkeyStub: translateCommand: tap 446 593
10-31 13:55:02.182 18267 18267 D MonkeyStub: translateCommand: tap 667 302
10-31 13:55:02.217 18011 18016 I art     : Do full code cache collection, code=86KB, data=124KB
10-31 13:55:02.236 18011 18016 I art     : Starting a blocking GC JitCodeCache
10-31 13:55:02.236 18011 18016 I art     : After code cache collection, code=71KB, data=73KB
10-31 13:55:05.454 18267 18267 D MonkeyStub: translateCommand: tap 1286 930
10-31 13:55:06.685 18267 18267 D MonkeyStub: translateCommand: tap 62 98
10-31 13:55:06.713 18267 18267 D MonkeyStub: translateCommand: tap 729 89
10-31 13:55:06.733 18267 18267 D MonkeyStub: Quit requested
10-31 13:55:06.752   600   614 I CwMcuSensor: CwMcuSensor::flush: fd = 252, sensors_id = 0, path = /sys/class/htc_sensorhub/sensor_hub/flush, err = 0
10-31 13:55:06.776 18267 18267 I art     : System.exit called, status: 16
10-31 13:55:06.777 18267 18267 I AndroidRuntime: VM exiting with result code 16.
10-31 13:55:06.811   600  3509 W WindowManager: Attempted to remove non-existing token: android.os.Binder@78dc1f5
10-31 13:55:07.036   600  2707 E BatteryStatsService: power: Missing API
10-31 13:55:07.041   796   796 E PhoneInterfaceManager: [PhoneIntfMgr] queryModemActivityInfo: Empty response
10-31 13:55:07.042   600  2707 E BatteryStatsService: no controller energy info supplied
10-31 13:55:07.048   600  2707 E BatteryStatsService: modem info is invalid: ModemActivityInfo{ mTimestamp=0 mSleepTimeMs=0 mIdleTimeMs=0 mTxTimeMs[]=[0, 0, 0, 0, 0] mRxTimeMs=0 mEnergyUsed=0}
10-31 13:55:07.053   600   613 W ProcessCpuTracker: Skipping unknown process pid 18421
10-31 13:55:07.432 18424 18424 D AndroidRuntime: >>>>>> START com.android.internal.os.RuntimeInit uid 2000 <<<<<<
10-31 13:55:07.436 18424 18424 D AndroidRuntime: CheckJNI is OFF
10-31 13:55:07.504 18424 18424 D ICU     : No timezone override file found: /data/misc/zoneinfo/current/icu/icu_tzdata.dat
10-31 13:55:07.533 18424 18424 I Radio-JNI: register_android_hardware_Radio DONE
10-31 13:55:07.548 18424 18424 D AndroidRuntime: Calling main entry com.android.commands.am.Am
10-31 13:55:07.566   600 13631 I ActivityManager: START u0 {act=android.intent.action.VIEW dat=http://w3schools.com/... flg=0x10000000 cmp=com.opera.browser/com.opera.Opera} from uid 2000 on display 0
10-31 13:55:07.572 18424 18424 D AndroidRuntime: Shutting down VM
10-31 13:55:07.672 18011 18011 W art     : Before Android 4.1, method double java.util.concurrent.ThreadLocalRandom.internalNextDouble(double, double) would have incorrectly overridden the package-private method in java.util.Random
10-31 13:55:07.672 18011 18011 W art     : Before Android 4.1, method int java.util.concurrent.ThreadLocalRandom.internalNextInt(int, int) would have incorrectly overridden the package-private method in java.util.Random
10-31 13:55:07.672 18011 18011 W art     : Before Android 4.1, method long java.util.concurrent.ThreadLocalRandom.internalNextLong(long, long) would have incorrectly overridden the package-private method in java.util.Random
10-31 13:55:07.713   600   619 D BluetoothManagerService: Message: 20
10-31 13:55:07.713   600   619 D BluetoothManagerService: Added callback: android.bluetooth.IBluetoothManagerCallback$Stub$Proxy@1c373ab:true
10-31 13:55:07.736   600 13558 I ActivityManager: Start proc 18437:com.opera.browser:sandboxed_process0/u0a122 for service com.opera.browser/com.opera.android.browser.chromium.services.SandboxedProcessService0
10-31 13:55:07.791 18437 18437 I art     : Starting a blocking GC AddRemoveAppImageSpace
10-31 13:55:07.816 18437 18437 I LoadedApk: No resource references to update in package com.opera.browser.nord_vpn
10-31 13:55:07.835 18011 18385 W ResourceType: ResTable_typeSpec entry count inconsistent: given 67, previously 69
10-31 13:55:07.835 18011 18385 W ResourceType: ResTable_typeSpec entry count inconsistent: given 5346, previously 5347
10-31 13:55:08.092 18011 18016 I art     : Do partial code cache collection, code=93KB, data=115KB
10-31 13:55:08.095 18011 18016 I art     : After code cache collection, code=93KB, data=115KB
10-31 13:55:08.095 18011 18016 I art     : Increasing code cache capacity to 512KB
10-31 13:55:08.124   787 23224 I FontLog : Received query name=Google Sans&weight=400&besteffort=false, URI content://com.google.android.gms.fonts [CONTEXT service_id=132 ]
10-31 13:55:08.124   787 23224 I FontLog : Query [name=Google Sans&weight=400&besteffort=false] resolved to {Google Sans, wdth 100.0, wght 400, ital 0.0, bestEffort false} [CONTEXT service_id=132 ]
10-31 13:55:08.126   787 23224 I FontLog : Font PFD returned from cache for {Google Sans, wdth 100.0, wght 400, ital 0.0, bestEffort false} [CONTEXT service_id=132 ]
10-31 13:55:08.126   787 23224 I FontLog : Fetch {Google Sans, wdth 100.0, wght 400, ital 0.0, bestEffort false} end status Status{statusCode=SUCCESS, resolution=null} [CONTEXT service_id=132 ]
10-31 13:55:08.137   787  1620 I FontLog : Pulling font file for id = 1760, cache size = 5 [CONTEXT service_id=132 ]
10-31 13:55:08.145   787   805 I FontLog : Received query name=Google Sans&weight=500&besteffort=false, URI content://com.google.android.gms.fonts [CONTEXT service_id=132 ]
10-31 13:55:08.146   787   805 I FontLog : Query [name=Google Sans&weight=500&besteffort=false] resolved to {Google Sans, wdth 100.0, wght 500, ital 0.0, bestEffort false} [CONTEXT service_id=132 ]
10-31 13:55:08.147   787   805 I FontLog : Font PFD returned from cache for {Google Sans, wdth 100.0, wght 500, ital 0.0, bestEffort false} [CONTEXT service_id=132 ]
10-31 13:55:08.147   787   805 I FontLog : Fetch {Google Sans, wdth 100.0, wght 500, ital 0.0, bestEffort false} end status Status{statusCode=SUCCESS, resolution=null} [CONTEXT service_id=132 ]
10-31 13:55:08.152   787  1245 I FontLog : Pulling font file for id = 1761, cache size = 4 [CONTEXT service_id=132 ]
10-31 13:55:08.155   787  1716 I FontLog : Received query name=Google Sans&weight=700&besteffort=false, URI content://com.google.android.gms.fonts [CONTEXT service_id=132 ]
10-31 13:55:08.156   787  1716 I FontLog : Query [name=Google Sans&weight=700&besteffort=false] resolved to {Google Sans, wdth 100.0, wght 700, ital 0.0, bestEffort false} [CONTEXT service_id=132 ]
10-31 13:55:08.157   787  1716 I FontLog : Fetch {Google Sans, wdth 100.0, wght 700, ital 0.0, bestEffort false} end status Status{statusCode=SUCCESS, resolution=null} [CONTEXT service_id=132 ]
10-31 13:55:08.164   787 28596 I FontLog : Pulling font file for id = 1762, cache size = 5 [CONTEXT service_id=132 ]
10-31 13:55:08.167   787  1714 I FontLog : Received query name=Noto Color Emoji Compat&weight=400&besteffort=false, URI content://com.google.android.gms.fonts [CONTEXT service_id=132 ]
10-31 13:55:08.167   787  1714 I FontLog : Query [name=Noto Color Emoji Compat&weight=400&besteffort=false] resolved to {Noto Color Emoji Compat, wdth 100.0, wght 400, ital 0.0, bestEffort false} [CONTEXT service_id=132 ]
10-31 13:55:08.169   787  1714 I FontLog : Fetch {Noto Color Emoji Compat, wdth 100.0, wght 400, ital 0.0, bestEffort false} end status Status{statusCode=SUCCESS, resolution=null} [CONTEXT service_id=132 ]
10-31 13:55:08.172   787 23224 I FontLog : Pulling font file for id = 1763, cache size = 5 [CONTEXT service_id=132 ]
10-31 13:55:08.299   787 18199 W NetworkScheduler: Error inserting service_kind=0 source=16 tag=Measurement.PackageMeasurementTaskService.UPLOAD_TASK_TAG target_package=com.google.android.gms requires_charging=0 source_version=203915000 required_network_type=0 flex_time=3580000 persistence_level=1 target_class=com.google.android.gms.measurement.PackageMeasurementTaskService runtime=1667220908296 retry_strategy={"maximum_backoff_seconds":{"3600":0},"initial_backoff_seconds":{"30":0},"retry_policy":{"0":0}} preferred_network_type=1 required_idleness_state=0 preferred_charging_state=1 period=7162000 last_runtime=0 task_type=0 job_id=-1 user_id=0, error message: UNIQUE constraint failed: pending_ops.tag, pending_ops.target_class, pending_ops.target_package, pending_ops.user_id (code 2067) [CONTEXT service_id=218 ]
10-31 13:55:08.303   787 18461 I SQLiteConnectionPool: The connection pool for /data/user/0/com.google.android.gms/databases/metadata.db has been closed but there are still 1 connections in use.  They will be closed as they are released back to the pool.
10-31 13:55:08.304   787 10682 W FontLog : Error updating last accessed time for {Google Sans, wdth 100.0, wght 700, ital 0.0, bestEffort false}. [CONTEXT service_id=132 ]
10-31 13:55:08.304   787 10682 W FontLog : java.lang.IllegalStateException: Cannot perform this operation because the connection pool has been closed.
10-31 13:55:08.304   787 10682 W FontLog : 	at android.database.sqlite.SQLiteConnectionPool.throwIfClosedLocked(SQLiteConnectionPool.java:962)
10-31 13:55:08.304   787 10682 W FontLog : 	at android.database.sqlite.SQLiteConnectionPool.waitForConnection(SQLiteConnectionPool.java:677)
10-31 13:55:08.304   787 10682 W FontLog : 	at android.database.sqlite.SQLiteConnectionPool.acquireConnection(SQLiteConnectionPool.java:348)
10-31 13:55:08.304   787 10682 W FontLog : 	at android.database.sqlite.SQLiteSession.acquireConnection(SQLiteSession.java:894)
10-31 13:55:08.304   787 10682 W FontLog : 	at android.database.sqlite.SQLiteSession.executeForChangedRowCount(SQLiteSession.java:752)
10-31 13:55:08.304   787 10682 W FontLog : 	at android.database.sqlite.SQLiteStatement.executeUpdateDelete(SQLiteStatement.java:64)
10-31 13:55:08.304   787 10682 W FontLog : 	at android.database.sqlite.SQLiteDatabase.executeSql(SQLiteDatabase.java:1679)
10-31 13:55:08.304   787 10682 W FontLog : 	at android.database.sqlite.SQLiteDatabase.execSQL(SQLiteDatabase.java:1658)
10-31 13:55:08.304   787 10682 W FontLog : 	at aafx.run(Unknown Source)
10-31 13:55:08.304   787 10682 W FontLog : 	at sup.b(:com.google.android.gms@203915020@20.39.15 (040406-335085812):12)
10-31 13:55:08.304   787 10682 W FontLog : 	at sup.run(:com.google.android.gms@203915020@20.39.15 (040406-335085812):7)
10-31 13:55:08.304   787 10682 W FontLog : 	at java.util.concurrent.ThreadPoolExecutor.runWorker(ThreadPoolExecutor.java:1133)
10-31 13:55:08.304   787 10682 W FontLog : 	at java.util.concurrent.ThreadPoolExecutor$Worker.run(ThreadPoolExecutor.java:607)
10-31 13:55:08.304   787 10682 W FontLog : 	at tam.run(:com.google.android.gms@203915020@20.39.15 (040406-335085812):0)
10-31 13:55:08.304   787 10682 W FontLog : 	at java.lang.Thread.run(Thread.java:761)
10-31 13:55:20.783 18485 18485 D AndroidRuntime: >>>>>> START com.android.internal.os.RuntimeInit uid 2000 <<<<<<
10-31 13:55:20.787 18485 18485 D AndroidRuntime: CheckJNI is OFF
10-31 13:55:20.850 18485 18485 D ICU     : No timezone override file found: /data/misc/zoneinfo/current/icu/icu_tzdata.dat
10-31 13:55:20.881 18485 18485 I Radio-JNI: register_android_hardware_Radio DONE
10-31 13:55:20.899 18485 18485 D AndroidRuntime: Calling main entry com.android.commands.monkey.Monkey
10-31 13:55:20.967   600   613 W BroadcastQueue: Skipping deliver [background] BroadcastRecord{5d5ebbd u-1 android.net.conn.CONNECTIVITY_CHANGE} to ReceiverList{b1725b2 18485 (unknown name)/2000/u-1 remote:776d67}: process crashing
10-31 13:55:22.511 18485 18485 D MonkeyStub: translateCommand: wake
10-31 13:55:22.667 18485 18485 D MonkeyStub: translateCommand: tap 1156 1096
10-31 13:55:24.916 18485 18485 D MonkeyStub: translateCommand: tap 259 298
10-31 13:55:26.956 18485 18485 D MonkeyStub: translateCommand: tap 777 567
10-31 13:55:29.216 18485 18485 D MonkeyStub: translateCommand: tap 168 1070
10-31 13:55:29.564 18011 18021 W art     : Suspending all threads took: 5.473ms
10-31 13:55:29.610 18011 18021 I art     : Background sticky concurrent mark sweep GC freed 110046(6MB) AllocSpace objects, 18(408KB) LOS objects, 29% free, 17MB/24MB, paused 7.825ms total 80.299ms
10-31 13:55:37.425 18485 18485 D MonkeyStub: translateCommand: touch down 614 1561
10-31 13:55:37.435 18485 18485 D MonkeyStub: translateCommand: touch move 614 1561
10-31 13:55:37.544 18485 18485 D MonkeyStub: translateCommand: touch move 614 1436
10-31 13:55:37.654 18485 18485 D MonkeyStub: translateCommand: touch move 614 1311
10-31 13:55:37.766 18485 18485 D MonkeyStub: translateCommand: touch move 614 1186
10-31 13:55:37.882 18485 18485 D MonkeyStub: translateCommand: touch move 614 1061
10-31 13:55:37.992 18485 18485 D MonkeyStub: translateCommand: touch move 614 937
10-31 13:55:38.103 18485 18485 D MonkeyStub: translateCommand: touch move 614 812
10-31 13:55:38.217 18485 18485 D MonkeyStub: translateCommand: touch move 614 687
10-31 13:55:38.321 18485 18485 D MonkeyStub: translateCommand: touch move 614 562
10-31 13:55:38.427 18485 18485 D MonkeyStub: translateCommand: touch move 614 437
10-31 13:55:38.536 18485 18485 D MonkeyStub: translateCommand: touch move 614 312
10-31 13:55:38.544 18485 18485 D MonkeyStub: translateCommand: touch up 614 312
10-31 13:55:38.597 18485 18485 D MonkeyStub: translateCommand: touch down 614 1561
10-31 13:55:38.615 18485 18485 D MonkeyStub: translateCommand: touch move 614 1561
10-31 13:55:38.735 18485 18485 D MonkeyStub: translateCommand: touch move 614 1436
10-31 13:55:38.844 18485 18485 D MonkeyStub: translateCommand: touch move 614 1311
10-31 13:55:38.953 18485 18485 D MonkeyStub: translateCommand: touch move 614 1186
10-31 13:55:39.066 18485 18485 D MonkeyStub: translateCommand: touch move 614 1061
10-31 13:55:39.177 18485 18485 D MonkeyStub: translateCommand: touch move 614 937
10-31 13:55:39.286 18485 18485 D MonkeyStub: translateCommand: touch move 614 812
10-31 13:55:39.393 18485 18485 D MonkeyStub: translateCommand: touch move 614 687
10-31 13:55:39.503 18485 18485 D MonkeyStub: translateCommand: touch move 614 562
10-31 13:55:39.614 18485 18485 D MonkeyStub: translateCommand: touch move 614 437
10-31 13:55:39.726 18485 18485 D MonkeyStub: translateCommand: touch move 614 312
10-31 13:55:39.729 18485 18485 D MonkeyStub: translateCommand: touch up 614 312
10-31 13:55:43.963 18485 18485 D MonkeyStub: translateCommand: touch down 614 1561
10-31 13:55:43.975 18485 18485 D MonkeyStub: translateCommand: touch move 614 1561
10-31 13:55:44.091 18485 18485 D MonkeyStub: translateCommand: touch move 614 1436
10-31 13:55:44.204 18485 18485 D MonkeyStub: translateCommand: touch move 614 1311
10-31 13:55:44.310 18485 18485 D MonkeyStub: translateCommand: touch move 614 1186
10-31 13:55:44.442 18485 18485 D MonkeyStub: translateCommand: touch move 614 1061
10-31 13:55:44.550 18485 18485 D MonkeyStub: translateCommand: touch move 614 937
10-31 13:55:44.663 18485 18485 D MonkeyStub: translateCommand: touch move 614 812
10-31 13:55:44.768 18485 18485 D MonkeyStub: translateCommand: touch move 614 687
10-31 13:55:44.878 18485 18485 D MonkeyStub: translateCommand: touch move 614 562
10-31 13:55:44.997 18485 18485 D MonkeyStub: translateCommand: touch move 614 437
10-31 13:55:45.101 18485 18485 D MonkeyStub: translateCommand: touch move 614 312
10-31 13:55:45.109 18485 18485 D MonkeyStub: translateCommand: touch up 614 312
10-31 13:55:47.140 18485 18485 D MonkeyStub: translateCommand: tap 278 93
10-31 13:55:51.018   198   198 E SELinux : avc:  denied  { find } for service=netd pid=18530 uid=2000 scontext=u:r:shell:s0 tcontext=u:object_r:netd_service:s0 tclass=service_manager permissive=0
10-31 13:55:51.026   198   198 E SELinux : avc:  denied  { find } for service=android.service.gatekeeper.IGateKeeperService pid=18530 uid=2000 scontext=u:r:shell:s0 tcontext=u:object_r:gatekeeper_service:s0 tclass=service_manager permissive=0
10-31 13:55:54.318   600   647 I WifiHAL : Got channel list with 13 channels
10-31 13:55:54.319   600   647 I WifiHAL : Got channel list with 4 channels
10-31 13:55:54.320   600   647 I WifiHAL : Got channel list with 15 channels
10-31 13:55:54.424   787 10682 I NetworkScheduler.Stats: Task com.google.android.gms/com.google.android.gms.gass.chimera.SchedulePeriodicTasksService started execution. cause:3 exec_start_elapsed_seconds: 173002 [CONTEXT service_id=218 ]
10-31 13:55:54.472   787 18199 I NetworkScheduler.Stats: Task com.google.android.gms/com.google.android.gms.gass.chimera.SchedulePeriodicTasksService finished executing. cause:3 result: 1 elapsed_millis: 132 uptime_millis: 132 exec_start_elapsed_seconds: 173002 [CONTEXT service_id=218 ]
10-31 13:55:54.698   600 10249 I ActivityManager: Start proc 18538:com.google.android.gms.unstable/u0a8 for service com.google.android.gms/.droidguard.DroidGuardService
10-31 13:55:54.857 18538 18538 W ResourceType: ResTable_typeSpec entry count inconsistent: given 67, previously 69
10-31 13:55:54.857 18538 18538 W ResourceType: ResTable_typeSpec entry count inconsistent: given 5346, previously 5347
10-31 13:55:55.195 18485 18485 D MonkeyStub: translateCommand: touch down 614 1561
10-31 13:55:55.222 18485 18485 D MonkeyStub: translateCommand: touch move 614 1561
10-31 13:55:55.334 18485 18485 D MonkeyStub: translateCommand: touch move 614 1436
10-31 13:55:55.409 18538 18538 W ProviderHelper: Unknown dynamite feature providerinstaller
10-31 13:55:55.410 18538 18538 I DynamiteModule: Considering local module com.google.android.gms.providerinstaller:1 and remote module com.google.android.gms.providerinstaller:0
10-31 13:55:55.410 18538 18538 I DynamiteModule: Selected local version of com.google.android.gms.providerinstaller
10-31 13:55:55.443 18485 18485 D MonkeyStub: translateCommand: touch move 614 1311
10-31 13:55:55.470 18538 18538 V NativeCrypto: Registering com/google/android/gms/org/conscrypt/NativeCrypto's 288 native methods...
10-31 13:55:55.633 18538 18538 D NetworkSecurityConfig: Using Network Security Config from resource network_security_config debugBuild: false
10-31 13:55:55.635 18485 18485 D MonkeyStub: translateCommand: touch move 614 1186
10-31 13:55:55.642 18538 18538 I ProviderInstaller: Installed default security provider GmsCore_OpenSSL
10-31 13:55:55.642 18538 18538 I Safeboot: Checking safeboot...
10-31 13:55:55.644 18538 18538 I Safeboot: Not entering safeboot; wrong process.
10-31 13:55:55.743 18485 18485 D MonkeyStub: translateCommand: touch move 614 1061
10-31 13:55:55.838 18538 18538 I Watchcat: Started
10-31 13:55:55.850 18485 18485 D MonkeyStub: translateCommand: touch move 614 937
10-31 13:55:55.856 18538 18538 I GMS_MM_Logger: Started.
10-31 13:55:55.857 18538 18538 I bfrm    : Primes not initialized, returning default (no-op) Primes instance which will ignore all calls. Please call Primes.initialize(...) before using any Primes API.
10-31 13:55:55.963 18485 18485 D MonkeyStub: translateCommand: touch move 614 812
