--------- beginning of main
11-01 14:00:38.464  8809  8809 D AndroidRuntime: >>>>>> START com.android.internal.os.RuntimeInit uid 2000 <<<<<<
11-01 14:00:38.468  8809  8809 D AndroidRuntime: CheckJNI is OFF
11-01 14:00:38.533  8809  8809 D ICU     : No timezone override file found: /data/misc/zoneinfo/current/icu/icu_tzdata.dat
11-01 14:00:38.561  8809  8809 I Radio-JNI: register_android_hardware_Radio DONE
11-01 14:00:38.576  8809  8809 D AndroidRuntime: Calling main entry com.android.commands.am.Am
--------- beginning of system
11-01 14:00:38.592   600  1666 I ActivityManager: Force stopping com.opera.browser appid=10122 user=0: from pid 8809
11-01 14:00:38.604  1058  1058 D RegisteredNfcFServicesCache: Service unchanged, not updating
11-01 14:00:38.849   600  1484 I ActivityManager: START u0 {act=android.intent.action.VIEW flg=0x10008000 cmp=com.opera.browser/com.opera.Opera} from uid 2000 on display 0
11-01 14:00:38.875  8809  8809 D AndroidRuntime: Shutting down VM
11-01 14:00:38.932   600  1068 I ActivityManager: Start proc 8819:com.opera.browser/u0a122 for activity com.opera.browser/com.opera.Opera
11-01 14:00:38.995  8819  8819 I art     : Starting a blocking GC AddRemoveAppImageSpace
11-01 14:00:39.016  8819  8819 I LoadedApk: No resource references to update in package com.opera.browser.nord_vpn
11-01 14:00:39.104  8819  8819 I art     : Rejecting re-init on previously-failed class java.lang.Class<com.opera.android.job.a$j>: java.lang.NoClassDefFoundError: Failed resolution of: Landroid/app/job/JobServiceEngine;
11-01 14:00:39.104  8819  8819 I art     :   at void com.opera.android.OperaApplication.onCreate() (SourceFile:52)
11-01 14:00:39.104  8819  8819 I art     :   at void android.app.Instrumentation.callApplicationOnCreate(android.app.Application) (Instrumentation.java:1024)
11-01 14:00:39.104  8819  8819 I art     :   at void android.app.ActivityThread.handleBindApplication(android.app.ActivityThread$AppBindData) (ActivityThread.java:5403)
11-01 14:00:39.104  8819  8819 I art     :   at void android.app.ActivityThread.-wrap2(android.app.ActivityThread, android.app.ActivityThread$AppBindData) (ActivityThread.java:-1)
11-01 14:00:39.104  8819  8819 I art     :   at void android.app.ActivityThread$H.handleMessage(android.os.Message) (ActivityThread.java:1545)
11-01 14:00:39.104  8819  8819 I art     :   at void android.os.Handler.dispatchMessage(android.os.Message) (Handler.java:102)
11-01 14:00:39.104  8819  8819 I art     :   at void android.os.Looper.loop() (Looper.java:154)
11-01 14:00:39.104  8819  8819 I art     :   at void android.app.ActivityThread.main(java.lang.String[]) (ActivityThread.java:6119)
11-01 14:00:39.105  8819  8819 I art     :   at java.lang.Object java.lang.reflect.Method.invoke!(java.lang.Object, java.lang.Object[]) (Method.java:-2)
11-01 14:00:39.105  8819  8819 I art     :   at void com.android.internal.os.ZygoteInit$MethodAndArgsCaller.run() (ZygoteInit.java:886)
11-01 14:00:39.105  8819  8819 I art     :   at void com.android.internal.os.ZygoteInit.main(java.lang.String[]) (ZygoteInit.java:776)
11-01 14:00:39.105  8819  8819 I art     : Caused by: java.lang.ClassNotFoundException: Didn't find class "android.app.job.JobServiceEngine" on path: DexPathList[[zip file "/data/app/com.opera.browser-1/base.apk"],nativeLibraryDirectories=[/data/app/com.opera.browser-1/lib/arm, /data/app/com.opera.browser-1/base.apk!/lib/armeabi-v7a, /system/lib, /vendor/lib]]
11-01 14:00:39.105  8819  8819 I art     :   at java.lang.Class dalvik.system.BaseDexClassLoader.findClass(java.lang.String) (BaseDexClassLoader.java:56)
11-01 14:00:39.105  8819  8819 I art     :   at java.lang.Class java.lang.ClassLoader.loadClass(java.lang.String, boolean) (ClassLoader.java:380)
11-01 14:00:39.105  8819  8819 I art     :   at java.lang.Class java.lang.ClassLoader.loadClass(java.lang.String) (ClassLoader.java:312)
11-01 14:00:39.105  8819  8819 I art     :   at void com.opera.android.OperaApplication.onCreate() (SourceFile:52)
11-01 14:00:39.105  8819  8819 I art     :   at void android.app.Instrumentation.callApplicationOnCreate(android.app.Application) (Instrumentation.java:1024)
11-01 14:00:39.105  8819  8819 I art     :   at void android.app.ActivityThread.handleBindApplication(android.app.ActivityThread$AppBindData) (ActivityThread.java:5403)
11-01 14:00:39.105  8819  8819 I art     :   at void android.app.ActivityThread.-wrap2(android.app.ActivityThread, android.app.ActivityThread$AppBindData) (ActivityThread.java:-1)
11-01 14:00:39.105  8819  8819 I art     :   at void android.app.ActivityThread$H.handleMessage(android.os.Message) (ActivityThread.java:1545)
11-01 14:00:39.105  8819  8819 I art     :   at void android.os.Handler.dispatchMessage(android.os.Message) (Handler.java:102)
11-01 14:00:39.105  8819  8819 I art     :   at void android.os.Looper.loop() (Looper.java:154)
11-01 14:00:39.105  8819  8819 I art     :   at void android.app.ActivityThread.main(java.lang.String[]) (ActivityThread.java:6119)
11-01 14:00:39.105  8819  8819 I art     :   at java.lang.Object java.lang.reflect.Method.invoke!(java.lang.Object, java.lang.Object[]) (Method.java:-2)
11-01 14:00:39.105  8819  8819 I art     :   at void com.android.internal.os.ZygoteInit$MethodAndArgsCaller.run() (ZygoteInit.java:886)
11-01 14:00:39.105  8819  8819 I art     :   at void com.android.internal.os.ZygoteInit.main(java.lang.String[]) (ZygoteInit.java:776)
11-01 14:00:39.105  8819  8819 I art     : 
11-01 14:00:39.165  8819  8869 D NetworkSecurityConfig: Using Network Security Config from resource network_security_config_official_build debugBuild: false
11-01 14:00:39.334   600  8928 I ActivityManager: START u0 {act=android.intent.action.VIEW flg=0x10008000 cmp=com.opera.browser/com.opera.android.startup.WelcomeActivity} from uid 10122 on display 0
11-01 14:00:39.349   600  1666 W ActivityManager: Duplicate finish request for ActivityRecord{23e7ab0 u0 com.opera.browser/com.opera.Opera t1194 f}
11-01 14:00:39.593   600   609 I art     : Background partial concurrent mark sweep GC freed 29481(1523KB) AllocSpace objects, 4(80KB) LOS objects, 33% free, 14MB/22MB, paused 988us total 182.829ms
11-01 14:00:39.690  8819  8829 I art     : Background sticky concurrent mark sweep GC freed 72485(5MB) AllocSpace objects, 27(616KB) LOS objects, 8% free, 6MB/6MB, paused 7.350ms total 410.724ms
11-01 14:00:39.701  8819  8934 I OpenGLRenderer: Initialized EGL, version 1.4
11-01 14:00:39.701  8819  8934 D OpenGLRenderer: Swap behavior 2
11-01 14:00:39.756  8819  8867 I FA      : App measurement initialized, version: 43042
11-01 14:00:39.757  8819  8867 I FA      : To enable debug logging run: adb shell setprop log.tag.FA VERBOSE
11-01 14:00:39.759  8819  8867 I FA      : To enable faster debug mode event logging run:
11-01 14:00:39.759  8819  8867 I FA      :   adb shell setprop debug.firebase.analytics.app com.opera.browser
11-01 14:00:39.856   600   620 I ActivityManager: Displayed com.opera.browser/com.opera.android.startup.WelcomeActivity: +479ms (total +982ms)
11-01 14:00:40.048   600  8931 I ActivityManager: Start proc 8959:com.opera.browser:privileged_process0/u0a122 for service com.opera.browser/com.opera.android.browser.chromium.services.PrivilegedProcessService0
11-01 14:00:40.062  8819  8954 W chromium: [WARNING:op_site_scripts.cc(424)] Failed to map /data/user/0/com.opera.browser/app_opera/sjs
11-01 14:00:40.133   600   620 W WindowManager: Failed looking up window
11-01 14:00:40.133   600   620 W WindowManager: java.lang.IllegalArgumentException: Requested window android.view.ViewRootImpl$W@5973861 does not exist
11-01 14:00:40.133   600   620 W WindowManager: 	at com.android.server.wm.WindowManagerService.windowForClientLocked(WindowManagerService.java:9422)
11-01 14:00:40.133   600   620 W WindowManager: 	at com.android.server.wm.WindowManagerService.windowForClientLocked(WindowManagerService.java:9413)
11-01 14:00:40.133   600   620 W WindowManager: 	at com.android.server.wm.WindowManagerService.removeWindow(WindowManagerService.java:2393)
11-01 14:00:40.133   600   620 W WindowManager: 	at com.android.server.wm.Session.remove(Session.java:202)
11-01 14:00:40.133   600   620 W WindowManager: 	at android.view.ViewRootImpl.dispatchDetachedFromWindow(ViewRootImpl.java:3290)
11-01 14:00:40.133   600   620 W WindowManager: 	at android.view.ViewRootImpl.doDie(ViewRootImpl.java:5917)
11-01 14:00:40.133   600   620 W WindowManager: 	at android.view.ViewRootImpl$ViewRootHandler.handleMessage(ViewRootImpl.java:3626)
11-01 14:00:40.133   600   620 W WindowManager: 	at android.os.Handler.dispatchMessage(Handler.java:102)
11-01 14:00:40.133   600   620 W WindowManager: 	at android.os.Looper.loop(Looper.java:154)
11-01 14:00:40.133   600   620 W WindowManager: 	at android.os.HandlerThread.run(HandlerThread.java:61)
11-01 14:00:40.133   600   620 W WindowManager: 	at com.android.server.ServiceThread.run(ServiceThread.java:46)
11-01 14:00:40.179  8959  8959 I art     : Starting a blocking GC AddRemoveAppImageSpace
11-01 14:00:40.200  8959  8959 I LoadedApk: No resource references to update in package com.opera.browser.nord_vpn
11-01 14:00:40.328  8959  8986 E libEGL  : validate_display:99 error 3008 (EGL_BAD_DISPLAY)
11-01 14:00:40.413  1075  1075 I MemoryTrimmer: Trimming objects from memory, since app is in the background.
11-01 14:00:40.422 23814  8723 I DeviceStateChecker: DeviceStateChecker cancelled
11-01 14:00:40.423 23814 23814 I MicroDetector: Keeping mic open: false
11-01 14:00:40.424 23814 23862 I AudioController: internalShutdown
11-01 14:00:40.424 23814 23862 I MicrophoneInputStream: mic_close com.google.android.apps.gsa.speech.audio.ae@aa51a07
11-01 14:00:40.431 23814 23870 I MicroRecognitionRunner: Stopping hotword detection.
11-01 14:00:40.447   238   286 I SoundTriggerHwService::Module: void android::SoundTriggerHwService::Module::onCallbackEvent(const sp<android::SoundTriggerHwService::CallbackEvent> &) mClient == 0
11-01 14:00:40.478  8959  8986 E libEGL  : validate_display:99 error 3008 (EGL_BAD_DISPLAY)
11-01 14:00:40.488 23814  8722 I MicroRecognitionRunner: Detection finished
11-01 14:00:40.532 23814 23814 I MemoryTrimmer: Trimming objects from memory, since app is in the background.
11-01 14:00:40.540 23814 23814 I MemoryTrimmer: Trimming objects from memory, since app is in the background.
11-01 14:00:40.649  8819  8867 I FA      : Tag Manager is not found and thus will not be used
11-01 14:00:40.773   785  6817 W NetworkScheduler: Error inserting service_kind=0 source=16 tag=Measurement.PackageMeasurementTaskService.UPLOAD_TASK_TAG target_package=com.google.android.gms requires_charging=0 source_version=203915000 required_network_type=0 flex_time=2963000 persistence_level=1 target_class=com.google.android.gms.measurement.PackageMeasurementTaskService runtime=1667307640769 retry_strategy={"maximum_backoff_seconds":{"3600":0},"initial_backoff_seconds":{"30":0},"retry_policy":{"0":0}} preferred_network_type=1 required_idleness_state=0 preferred_charging_state=1 period=5927000 last_runtime=0 task_type=0 job_id=-1 user_id=0, error message: UNIQUE constraint failed: pending_ops.tag, pending_ops.target_class, pending_ops.target_package, pending_ops.user_id (code 2067) [CONTEXT service_id=218 ]
11-01 14:00:40.815   785  9008 W NetworkScheduler: Error inserting service_kind=0 source=16 tag=Measurement.PackageMeasurementTaskService.UPLOAD_TASK_TAG target_package=com.google.android.gms requires_charging=0 source_version=203915000 required_network_type=0 flex_time=2962000 persistence_level=1 target_class=com.google.android.gms.measurement.PackageMeasurementTaskService runtime=1667307640811 retry_strategy={"maximum_backoff_seconds":{"3600":0},"initial_backoff_seconds":{"30":0},"retry_policy":{"0":0}} preferred_network_type=1 required_idleness_state=0 preferred_charging_state=1 period=5926000 last_runtime=0 task_type=0 job_id=-1 user_id=0, error message: UNIQUE constraint failed: pending_ops.tag, pending_ops.target_class, pending_ops.target_package, pending_ops.user_id (code 2067) [CONTEXT service_id=218 ]
11-01 14:00:40.833   785  8647 W NetworkScheduler: Error inserting service_kind=0 source=16 tag=Measurement.PackageMeasurementTaskService.UPLOAD_TASK_TAG target_package=com.google.android.gms requires_charging=0 source_version=203915000 required_network_type=0 flex_time=2962000 persistence_level=1 target_class=com.google.android.gms.measurement.PackageMeasurementTaskService runtime=1667307640830 retry_strategy={"maximum_backoff_seconds":{"3600":0},"initial_backoff_seconds":{"30":0},"retry_policy":{"0":0}} preferred_network_type=1 required_idleness_state=0 preferred_charging_state=1 period=5926000 last_runtime=0 task_type=0 job_id=-1 user_id=0, error message: UNIQUE constraint failed: pending_ops.tag, pending_ops.target_class, pending_ops.target_package, pending_ops.user_id (code 2067) [CONTEXT service_id=218 ]
11-01 14:00:44.394  8819  8819 I PlayCore: UID: [10122]  PID: [8819] AppUpdateListenerRegistry : registerListener
11-01 14:00:44.395  8819  8819 I PlayCore: UID: [10122]  PID: [8819] AppUpdateService : requestUpdateInfo(com.opera.browser)
11-01 14:00:44.403  8819  9038 I PlayCore: UID: [10122]  PID: [8819] AppUpdateService : Initiate binding to the service.
11-01 14:00:44.404   600  1485 W ActivityManager: Unable to start service Intent { act=com.google.android.play.core.install.BIND_UPDATE_SERVICE pkg=com.android.vending } U=0: not found
11-01 14:00:44.406  8819  9038 I PlayCore: UID: [10122]  PID: [8819] AppUpdateService : Failed to bind to the service.
11-01 14:00:44.466  8819  9040 D ApplicationLoaders: ignored Vulkan layer search path /data/app/com.google.android.gms-1/lib/arm:/data/app/com.google.android.gms-1/base.apk!/lib/armeabi-v7a:/data/app/com.google.android.gms-1/split_config.en.apk!/lib/armeabi-v7a for namespace 0xf7270090
11-01 14:00:44.471  8819  9040 W ResourceType: ResTable_typeSpec entry count inconsistent: given 67, previously 69
11-01 14:00:44.471  8819  9040 W ResourceType: ResTable_typeSpec entry count inconsistent: given 5346, previously 5347
11-01 14:00:44.746   600   612 D SyncManager: failed sync operation JobId: 108392, com.opera.browser u0 (com.opera.browser.ping), com.opera.browser.ping.provider, SERVER, reason: 10122, SyncResult: delayUntil: 1667314844 stats [ numIoExceptions: 1]
11-01 14:00:50.599 23814 23814 I MemoryTrimmer: Trimming objects from memory, since app is in the background.
11-01 14:00:52.006  9069  9069 D AndroidRuntime: >>>>>> START com.android.internal.os.RuntimeInit uid 2000 <<<<<<
11-01 14:00:52.010  9069  9069 D AndroidRuntime: CheckJNI is OFF
11-01 14:00:52.075  9069  9069 D ICU     : No timezone override file found: /data/misc/zoneinfo/current/icu/icu_tzdata.dat
11-01 14:00:52.106  9069  9069 I Radio-JNI: register_android_hardware_Radio DONE
11-01 14:00:52.121  9069  9069 D AndroidRuntime: Calling main entry com.android.commands.monkey.Monkey
11-01 14:00:52.188   600   613 W BroadcastQueue: Skipping deliver [background] BroadcastRecord{3774b8e u-1 android.net.conn.CONNECTIVITY_CHANGE} to ReceiverList{a49faf 9069 (unknown name)/2000/u-1 remote:3324a90}: process crashing
11-01 14:00:53.732  9069  9069 D MonkeyStub: translateCommand: wake
11-01 14:00:53.847  9069  9069 D MonkeyStub: translateCommand: tap 960 1881
11-01 14:00:53.920   600  1484 I ActivityManager: START u0 {act=android.intent.action.VIEW flg=0x1000000 cmp=com.opera.browser/com.opera.android.IntentDispatcherActivity} from uid 10122 on display 0
11-01 14:00:54.043 23814 23814 I MemoryTrimmer: Trimming objects from memory, since app is in the background.
11-01 14:00:54.071  1075  1164 I OpenGLRenderer: Initialized EGL, version 1.4
11-01 14:00:54.071   600  8928 I ActivityManager: START u0 {act=android.intent.action.VIEW flg=0x15002000 cmp=com.opera.browser/com.opera.android.BrowserActivity} from uid 10122 on display 0
11-01 14:00:54.073  1075  1164 D OpenGLRenderer: Swap behavior 2
11-01 14:00:54.172   600   609 I art     : Background partial concurrent mark sweep GC freed 43223(2MB) AllocSpace objects, 43(1344KB) LOS objects, 33% free, 14MB/22MB, paused 2.080ms total 143.030ms
11-01 14:00:54.438  8819  9116 W ResourceType: ResTable_typeSpec entry count inconsistent: given 67, previously 69
11-01 14:00:54.438  8819  9116 W ResourceType: ResTable_typeSpec entry count inconsistent: given 5346, previously 5347
11-01 14:00:54.451 23814 23814 I MemoryTrimmer: Trimming objects from memory, since app is in the background.
11-01 14:00:54.473  8819  8829 I art     : Background sticky concurrent mark sweep GC freed 34166(2MB) AllocSpace objects, 37(740KB) LOS objects, 12% free, 8MB/9MB, paused 5.339ms total 168.244ms
11-01 14:00:54.519  8819  9110 E [Leanplum][ERROR]: No variable values were received from the server. Please contact us to investigate.
11-01 14:00:54.524  1075  1075 I MemoryTrimmer: Trimming objects from memory, since app is in the background.
11-01 14:00:54.569   600   620 I ActivityManager: Displayed com.opera.browser/com.opera.android.BrowserActivity: +475ms (total +561ms)
11-01 14:00:54.617   600  8930 I CwMcuSensor: CwMcuSensor::flush: fd = 234, sensors_id = 0, path = /sys/class/htc_sensorhub/sensor_hub/flush, err = 0
11-01 14:00:54.670  8819  8934 D OpenGLRenderer: endAllActiveAnimators on 0xd0470780 (RippleDrawable) with handle 0xd0467e50
11-01 14:00:54.726  8819  8829 I art     : Background sticky concurrent mark sweep GC freed 7625(848KB) AllocSpace objects, 9(180KB) LOS objects, 10% free, 8MB/9MB, paused 7.985ms total 70.128ms
11-01 14:00:54.966  8819  9133 W ResourceType: ResTable_typeSpec entry count inconsistent: given 67, previously 69
11-01 14:00:54.966  8819  9133 W ResourceType: ResTable_typeSpec entry count inconsistent: given 5346, previously 5347
11-01 14:00:55.206  8819  8824 I art     : Do partial code cache collection, code=19KB, data=30KB
11-01 14:00:55.207  8819  8824 I art     : After code cache collection, code=19KB, data=30KB
11-01 14:00:55.207  8819  8824 I art     : Increasing code cache capacity to 128KB
11-01 14:00:55.242  8819  9160 W ResourceType: ResTable_typeSpec entry count inconsistent: given 67, previously 69
11-01 14:00:55.242  8819  9160 W ResourceType: ResTable_typeSpec entry count inconsistent: given 5346, previously 5347
11-01 14:00:55.265  8819  8819 E Sensors : sendAck failure -1 1
11-01 14:00:55.267  8819  8819 E Sensors : sendAck failure -1 1
11-01 14:00:55.291  8819  8819 I Choreographer: Skipped 35 frames!  The application may be doing too much work on its main thread.
11-01 14:00:55.472  8819  8819 W View    : requestLayout() improperly called by com.opera.android.custom_views.FadingRecyclerView{8582843 VFED.V... ......ID 0,813-1536,813 #7f0a0825 app:id/suggested_dials_grid} during layout: running second layout pass
11-01 14:00:55.738  8819  8829 I art     : Background partial concurrent mark sweep GC freed 55471(2MB) AllocSpace objects, 20(832KB) LOS objects, 40% free, 11MB/18MB, paused 3.197ms total 219.820ms
11-01 14:00:55.884   785   795 W SQLiteConnectionPool: A SQLiteConnection object for database '/data/user/0/com.google.android.gms/databases/metadata.db' was leaked!  Please fix your application to end transactions in progress properly and to close the database when it is no longer needed.
11-01 14:00:55.938  9185  9185 I dex2oat : /system/bin/dex2oat --dex-file=/data/user/0/com.opera.browser/code_cache/.  ​    --oat-fd=64 --oat-location=/data/user/0/com.opera.browser/code_cache/.     --compiler-filter=speed
11-01 14:00:55.970   785  8393 W NetworkScheduler: Error inserting service_kind=0 source=16 tag=Measurement.PackageMeasurementTaskService.UPLOAD_TASK_TAG target_package=com.google.android.gms requires_charging=0 source_version=203915000 required_network_type=0 flex_time=2947000 persistence_level=1 target_class=com.google.android.gms.measurement.PackageMeasurementTaskService runtime=1667307655931 retry_strategy={"maximum_backoff_seconds":{"3600":0},"initial_backoff_seconds":{"30":0},"retry_policy":{"0":0}} preferred_network_type=1 required_idleness_state=0 preferred_charging_state=1 period=5896000 last_runtime=0 task_type=0 job_id=-1 user_id=0, error message: UNIQUE constraint failed: pending_ops.tag, pending_ops.target_class, pending_ops.target_package, pending_ops.user_id (code 2067) [CONTEXT service_id=218 ]
11-01 14:00:56.138   785  1234 W GmsStrictMode: LEAKED_CLOSABLE [CONTEXT service_id=256 ]
11-01 14:00:56.138   785  1234 W GmsStrictMode: rvo: LEAKED_CLOSABLE
11-01 14:00:56.138   785  1234 W GmsStrictMode: 	at dalvik.system.VMStack.getThreadStackTrace(Native Method)
11-01 14:00:56.138   785  1234 W GmsStrictMode: 	at java.lang.Thread.getStackTrace(Thread.java:1566)
11-01 14:00:56.138   785  1234 W GmsStrictMode: 	at bhdb.containsKey(:com.google.android.gms@203915020@20.39.15 (040406-335085812):1)
11-01 14:00:56.138   785  1234 W GmsStrictMode: 	at android.os.StrictMode.onVmPolicyViolation(StrictMode.java:1867)
11-01 14:00:56.138   785  1234 W GmsStrictMode: 	at android.os.StrictMode.onVmPolicyViolation(StrictMode.java:1844)
11-01 14:00:56.138   785  1234 W GmsStrictMode: 	at android.os.StrictMode$AndroidCloseGuardReporter.report(StrictMode.java:1590)
11-01 14:00:56.138   785  1234 W GmsStrictMode: 	at dalvik.system.CloseGuard.warnIfOpen(CloseGuard.java:208)
11-01 14:00:56.138   785  1234 W GmsStrictMode: 	at android.database.sqlite.SQLiteConnection.dispose(SQLiteConnection.java:231)
11-01 14:00:56.138   785  1234 W GmsStrictMode: 	at android.database.sqlite.SQLiteConnection.finalize(SQLiteConnection.java:180)
11-01 14:00:56.138   785  1234 W GmsStrictMode: 	at java.lang.Daemons$FinalizerDaemon.doFinalize(Daemons.java:222)
11-01 14:00:56.138   785  1234 W GmsStrictMode: 	at java.lang.Daemons$FinalizerDaemon.run(Daemons.java:209)
11-01 14:00:56.138   785  1234 W GmsStrictMode: 	at java.lang.Thread.run(Thread.java:761)
11-01 14:00:56.273   785  4314 W NetworkScheduler: Error inserting service_kind=0 source=16 tag=Measurement.PackageMeasurementTaskService.UPLOAD_TASK_TAG target_package=com.google.android.gms requires_charging=0 source_version=203915000 required_network_type=0 flex_time=2947000 persistence_level=1 target_class=com.google.android.gms.measurement.PackageMeasurementTaskService runtime=1667307656269 retry_strategy={"maximum_backoff_seconds":{"3600":0},"initial_backoff_seconds":{"30":0},"retry_policy":{"0":0}} preferred_network_type=1 required_idleness_state=0 preferred_charging_state=1 period=5896000 last_runtime=0 task_type=0 job_id=-1 user_id=0, error message: UNIQUE constraint failed: pending_ops.tag, pending_ops.target_class, pending_ops.target_package, pending_ops.user_id (code 2067) [CONTEXT service_id=218 ]
11-01 14:00:56.294  9185  9185 I dex2oat : dex2oat took 357.508ms (threads: 2) arena alloc=432KB (442800B) java alloc=32KB (33064B) native alloc=354KB (362688B) free=1181KB (1210176B)
11-01 14:00:56.480  9192  9192 I dex2oat : /system/bin/dex2oat --dex-file=/data/user/0/com.opera.browser/code_cache/.      --oat-fd=176 --oat-location=/data/user/0/com.opera.browser/code_cache/.    --compiler-filter=speed
11-01 14:00:56.743  8819  8824 I art     : Do partial code cache collection, code=37KB, data=61KB
11-01 14:00:56.765  8819  8829 I art     : Background sticky concurrent mark sweep GC freed 34706(3MB) AllocSpace objects, 38(1676KB) LOS objects, 25% free, 14MB/18MB, paused 3.372ms total 170.720ms
11-01 14:00:56.801  8819  8824 I art     : After code cache collection, code=36KB, data=62KB
11-01 14:00:56.801  8819  8824 I art     : Increasing code cache capacity to 256KB
11-01 14:00:56.841  9192  9192 I dex2oat : dex2oat took 362.438ms (threads: 2) arena alloc=665KB (681224B) java alloc=97KB (100080B) native alloc=523KB (536384B) free=1524KB (1560768B)
11-01 14:00:57.659  8819  8819 D ApplicationLoaders: ignored Vulkan layer search path /data/app/com.android.chrome-1/lib/arm:/data/app/com.android.chrome-1/base.apk!/lib/armeabi-v7a:/data/app/com.android.chrome-1/split_config.en.apk!/lib/armeabi-v7a:/data/app/com.android.chrome-1/split_extra_icu.apk!/lib/armeabi-v7a for namespace 0xf72700d0
11-01 14:00:57.675  8819  8819 I WebViewFactory: Loading com.android.chrome version 85.0.4183.127 (code 418312773)
11-01 14:00:57.789   600  8040 I ActivityManager: Start proc 9211:com.android.chrome:webview_service/u0a35 for service com.android.chrome/org.chromium.android_webview.services.VariationsSeedServer
11-01 14:00:57.794  8819  8819 I cr_LibraryLoader: Loaded native library version number "85.0.4183.127"
11-01 14:00:57.795  8819  8819 I cr_CachingUmaRecorder: Flushed 5 samples from 5 histograms.
11-01 14:00:57.838  8819  8819 E chromium: [ERROR:filesystem_posix.cc(62)] mkdir /data/user/0/com.opera.browser/cache/WebView/Crashpad: No such file or directory (2)
11-01 14:00:57.902  9069  9069 D MonkeyStub: translateCommand: tap 57 93
11-01 14:00:57.998   600  1483 D VoldConnector: SND -> {12 volume mkdirs /storage/emulated/0/Android/data/com.opera.browser/cache/}
11-01 14:00:58.007   600   638 D VoldConnector: RCV <- {200 12 Command succeeded}
11-01 14:00:58.014  8819  8819 W ResourceType: ResTable_typeSpec entry count inconsistent: given 67, previously 69
11-01 14:00:58.014  8819  8819 W ResourceType: ResTable_typeSpec entry count inconsistent: given 5346, previously 5347
11-01 14:00:58.067  8819  9253 W System  : ClassLoader referenced unknown path: 
11-01 14:00:58.069  8819  9253 D ApplicationLoaders: ignored Vulkan layer search path /data/app/com.google.android.gms-1/lib/arm:/data/app/com.google.android.gms-1/base.apk!/lib/armeabi-v7a:/data/app/com.google.android.gms-1/split_config.en.apk!/lib/armeabi-v7a for namespace 0xf7270110
11-01 14:00:58.090  8819  9253 I DynamiteLoaderV2Impl: [70] AdsFdrDynamite.integ
11-01 14:00:58.230  9254  9254 I dex2oat : /system/bin/dex2oat --dex-file=/data/user/0/com.opera.browser/files/audience_network.dex --oat-fd=249 --oat-location=/data/user/0/com.opera.browser/app_optimized/audience_network.dex --compiler-filter=speed
11-01 14:00:58.241  8819  8819 I DynamiteModule: Considering local module com.google.android.gms.ads.dynamite:0 and remote module com.google.android.gms.ads.dynamite:203404601
11-01 14:00:58.242  8819  8819 I DynamiteModule: Selected remote version of com.google.android.gms.ads.dynamite, version >= 203404601
11-01 14:00:58.254  8819  9253 W System  : ClassLoader referenced unknown path: /data/user_de/0/com.google.android.gms/app_chimera/m/00000057/n/armeabi-v7a
11-01 14:00:58.254  8819  9253 W System  : ClassLoader referenced unknown path: /data/user_de/0/com.google.android.gms/app_chimera/m/00000057/n/armeabi
11-01 14:00:58.266  8819  8819 D DynamitePackage: Instantiated singleton DynamitePackage.
11-01 14:00:58.266  8819  8819 D DynamitePackage: Instantiating com.google.android.gms.ads.ChimeraMobileAdsSettingManagerCreatorImpl
11-01 14:00:58.388  8819  9253 W DynamiteModule: Local module descriptor class for com.google.android.gms.ads.dynamite not found.
11-01 14:00:58.439  8819  8819 I Ads     : Updating ad debug logging enablement.
11-01 14:00:58.552  8819  9262 E libEGL  : validate_display:99 error 3008 (EGL_BAD_DISPLAY)
11-01 14:00:58.553   600   619 D BluetoothManagerService: Message: 20
11-01 14:00:58.553   600   619 D BluetoothManagerService: Added callback: android.bluetooth.IBluetoothManagerCallback$Stub$Proxy@406655:true
11-01 14:00:58.599  8819  8819 I Choreographer: Skipped 58 frames!  The application may be doing too much work on its main thread.
11-01 14:00:58.636  8819  9252 W System  : Ignoring header User-Agent because its value was null.
11-01 14:00:58.637  8819  9260 W Ads     : Update ad debug logging enablement as false
11-01 14:00:58.676  8819  8819 D DynamitePackage: Instantiating com.google.android.gms.ads.ChimeraAdLoaderBuilderCreatorImpl
11-01 14:00:58.758  8819  8819 I Ads     : Use RequestConfiguration.Builder().setTestDeviceIds(Arrays.asList("E975D60B8B6136BB8437A20FB42B8437") to get test ads on this device.
11-01 14:00:58.917  8819  9258 W art     : Before Android 4.1, method double java.util.concurrent.ThreadLocalRandom.internalNextDouble(double, double) would have incorrectly overridden the package-private method in java.util.Random
11-01 14:00:58.917  8819  9258 W art     : Before Android 4.1, method int java.util.concurrent.ThreadLocalRandom.internalNextInt(int, int) would have incorrectly overridden the package-private method in java.util.Random
11-01 14:00:58.917  8819  9258 W art     : Before Android 4.1, method long java.util.concurrent.ThreadLocalRandom.internalNextLong(long, long) would have incorrectly overridden the package-private method in java.util.Random
11-01 14:00:59.079  9285  9285 I dex2oat : /system/bin/dex2oat --dex-file=/data/user/0/com.opera.browser/cache/1596060835607.jar --oat-fd=277 --oat-location=/data/user/0/com.opera.browser/cache/1596060835607.dex --compiler-filter=speed
11-01 14:00:59.145  8819  8829 I art     : Background sticky concurrent mark sweep GC freed 41828(5MB) AllocSpace objects, 14(424KB) LOS objects, 26% free, 15MB/20MB, paused 5.475ms total 85.993ms
11-01 14:00:59.187  8819  8819 I DynamiteModule: Considering local module com.google.android.gms.ads.dynamite:0 and remote module com.google.android.gms.ads.dynamite:203404601
11-01 14:00:59.187  8819  8819 I DynamiteModule: Selected remote version of com.google.android.gms.ads.dynamite, version >= 203404601
11-01 14:00:59.238  8819  9295 W DynamiteModule: Local module descriptor class for com.google.android.gms.ads.dynamite not found.
11-01 14:00:59.247  8819  9298 W DynamiteModule: Local module descriptor class for com.google.android.gms.ads.dynamite not found.
11-01 14:00:59.252  8819  9295 W DynamiteModule: Local module descriptor class for com.google.android.gms.ads.dynamite not found.
11-01 14:00:59.258  8819  9295 W DynamiteModule: Local module descriptor class for com.google.android.gms.ads.dynamite not found.
11-01 14:00:59.259  8819  9295 W DynamiteModule: Local module descriptor class for com.google.android.gms.ads.dynamite not found.
11-01 14:00:59.296  8819  8819 I Choreographer: Skipped 37 frames!  The application may be doing too much work on its main thread.
11-01 14:00:59.463  9285  9285 I dex2oat : dex2oat took 388.468ms (threads: 2) arena alloc=443KB (454408B) java alloc=66KB (68504B) native alloc=506KB (518576B) free=1029KB (1054288B)
11-01 14:00:59.470 26891 26902 I art     : Background sticky concurrent mark sweep GC freed 16078(1114KB) AllocSpace objects, 8(276KB) LOS objects, 17% free, 7MB/9MB, paused 20.989ms total 86.014ms
11-01 14:00:59.544 23814 23814 I MemoryTrimmer: Trimming objects from memory, since app is in the background.
11-01 14:00:59.645  8819  8819 D DynamitePackage: Instantiating com.google.android.gms.ads.ChimeraAdLoaderBuilderCreatorImpl
11-01 14:00:59.650  8819  8819 I Ads     : Use RequestConfiguration.Builder().setTestDeviceIds(Arrays.asList("E975D60B8B6136BB8437A20FB42B8437") to get test ads on this device.
11-01 14:00:59.672  8819  9300 W DynamiteModule: Local module descriptor class for com.google.android.gms.ads.dynamite not found.
11-01 14:00:59.673  8819  9300 W DynamiteModule: Local module descriptor class for com.google.android.gms.ads.dynamite not found.
11-01 14:00:59.676  8819  9298 W DynamiteModule: Local module descriptor class for com.google.android.gms.ads.dynamite not found.
11-01 14:00:59.949  9069  9069 D MonkeyStub: translateCommand: tap 57 93
11-01 14:01:00.430  9254  9284 W dex2oat : Verification of android.graphics.Point com.facebook.ads.redexgen.X.1Y.A02(com.facebook.ads.redexgen.X.Dz, com.facebook.ads.internal.exoplayer2.Format) took 151.661ms
11-01 14:01:00.606  8819  8824 I art     : Do full code cache collection, code=85KB, data=125KB
11-01 14:01:00.624  9254  9284 W dex2oat : Verification of boolean com.facebook.ads.redexgen.X.1Y.A0U(java.lang.String) took 185.637ms
11-01 14:01:00.647  8819  8829 I art     : Background partial concurrent mark sweep GC freed 42376(1913KB) AllocSpace objects, 8(476KB) LOS objects, 40% free, 16MB/27MB, paused 2.461ms total 261.205ms
11-01 14:01:00.658  8819  8824 I art     : Starting a blocking GC JitCodeCache
11-01 14:01:00.659  8819  8824 I art     : After code cache collection, code=67KB, data=70KB
11-01 14:01:00.750  8819  9301 W Ads     : Not retrying to fetch app settings
11-01 14:01:00.764  8819  9294 W Ads     : Not retrying to fetch app settings
11-01 14:01:00.930  9254  9254 W dex2oat : Verification of void com.facebook.ads.redexgen.X.3L.onLayout(boolean, int, int, int, int) took 113.814ms
11-01 14:01:00.970 26891 27230 I Ads     : Parental control value is stale. Refreshing.
11-01 14:01:00.970 26891 27230 W Ads     : Play store is not installed or the service for parental controls is not available.
11-01 14:01:00.971 26891 27330 I Ads     : Parental control value is stale. Refreshing.
11-01 14:01:00.972 26891 27330 W Ads     : Play store is not installed or the service for parental controls is not available.
11-01 14:01:01.062 26891  9334 I Icing   : IndexChimeraService.getServiceInterface callingPackage=com.google.android.gms componentName=null serviceId=30
11-01 14:01:01.194 26891  9346 W Icing   : No valid account for uploading user actions
11-01 14:01:01.204 26891 26902 I art     : Background partial concurrent mark sweep GC freed 11890(807KB) AllocSpace objects, 4(80KB) LOS objects, 40% free, 7MB/13MB, paused 1.537ms total 125.919ms
11-01 14:01:01.235 26891  9337 E Ads     : Error waiting for future.
11-01 14:01:01.235 26891  9337 E Ads     : java.util.concurrent.TimeoutException
11-01 14:01:01.235 26891  9337 E Ads     : 	at java.util.concurrent.FutureTask.get(FutureTask.java:177)
11-01 14:01:01.235 26891  9337 E Ads     : 	at com.google.android.gms.ads.nonagon.signals.gmscore.u.call(Unknown Source)
11-01 14:01:01.235 26891  9337 E Ads     : 	at btfw.b(:com.google.android.gms@203915020@20.39.15 (040406-335085812):0)
11-01 14:01:01.235 26891  9337 E Ads     : 	at btex.run(:com.google.android.gms@203915020@20.39.15 (040406-335085812):3)
11-01 14:01:01.235 26891  9337 E Ads     : 	at btfx.run(:com.google.android.gms@203915020@20.39.15 (040406-335085812):0)
11-01 14:01:01.235 26891  9337 E Ads     : 	at sup.b(:com.google.android.gms@203915020@20.39.15 (040406-335085812):12)
11-01 14:01:01.235 26891  9337 E Ads     : 	at sup.run(:com.google.android.gms@203915020@20.39.15 (040406-335085812):7)
11-01 14:01:01.235 26891  9337 E Ads     : 	at java.util.concurrent.ThreadPoolExecutor.runWorker(ThreadPoolExecutor.java:1133)
11-01 14:01:01.235 26891  9337 E Ads     : 	at java.util.concurrent.ThreadPoolExecutor$Worker.run(ThreadPoolExecutor.java:607)
11-01 14:01:01.235 26891  9337 E Ads     : 	at tam.run(:com.google.android.gms@203915020@20.39.15 (040406-335085812):0)
11-01 14:01:01.235 26891  9337 E Ads     : 	at java.lang.Thread.run(Thread.java:761)
11-01 14:01:01.259 26891  9341 E Ads     : Error waiting for future.
11-01 14:01:01.259 26891  9341 E Ads     : java.util.concurrent.TimeoutException
11-01 14:01:01.259 26891  9341 E Ads     : 	at java.util.concurrent.FutureTask.get(FutureTask.java:177)
11-01 14:01:01.259 26891  9341 E Ads     : 	at com.google.android.gms.ads.nonagon.signals.gmscore.u.call(Unknown Source)
11-01 14:01:01.259 26891  9341 E Ads     : 	at btfw.b(:com.google.android.gms@203915020@20.39.15 (040406-335085812):0)
11-01 14:01:01.259 26891  9341 E Ads     : 	at btex.run(:com.google.android.gms@203915020@20.39.15 (040406-335085812):3)
11-01 14:01:01.259 26891  9341 E Ads     : 	at btfx.run(:com.google.android.gms@203915020@20.39.15 (040406-335085812):0)
11-01 14:01:01.259 26891  9341 E Ads     : 	at sup.b(:com.google.android.gms@203915020@20.39.15 (040406-335085812):12)
11-01 14:01:01.259 26891  9341 E Ads     : 	at sup.run(:com.google.android.gms@203915020@20.39.15 (040406-335085812):7)
11-01 14:01:01.259 26891  9341 E Ads     : 	at java.util.concurrent.ThreadPoolExecutor.runWorker(ThreadPoolExecutor.java:1133)
11-01 14:01:01.259 26891  9341 E Ads     : 	at java.util.concurrent.ThreadPoolExecutor$Worker.run(ThreadPoolExecutor.java:607)
11-01 14:01:01.259 26891  9341 E Ads     : 	at tam.run(:com.google.android.gms@203915020@20.39.15 (040406-335085812):0)
11-01 14:01:01.259 26891  9341 E Ads     : 	at java.lang.Thread.run(Thread.java:761)
11-01 14:01:01.401 26891  9346 I Icing   : Usage reports ok 2, Failed Usage reports 0, indexed 1, rejected 0
11-01 14:01:01.792 26891 32034 I CastDatabase: Saving the database
11-01 14:01:01.804 26891 32034 E SQLiteCastStore: Skip saving CastDeviceInfo: "Nearby device" (__cast_nearby___V_11d7d06a-7dff-403e-a0a3-0671f1e4c1a2)
11-01 14:01:01.804 26891 32034 I SQLiteCastStore: [CastNetworkInfo] saved: 2, skipped: 0, [CastDeviceInfo]: saved 1, skipped 1, [Paired Guest Mode DeviceInfo] saved: 0, skipped: 0. [ProbedNetworks]: saved 0, skipped: 0, [ProbedSocketAddress]: saved 1, skipped: 0, [Network-Device pairs]: saved: 2
11-01 14:01:02.000  9069  9069 D MonkeyStub: translateCommand: tap 446 593
11-01 14:01:02.030 26891 26891 D ApplicationLoaders: ignored Vulkan layer search path /data/app/com.android.chrome-1/lib/arm64:/data/app/com.android.chrome-1/base.apk!/lib/arm64-v8a:/data/app/com.android.chrome-1/split_config.en.apk!/lib/arm64-v8a:/data/app/com.android.chrome-1/split_extra_icu.apk!/lib/arm64-v8a for namespace 0x725366c160
11-01 14:01:02.054 26891 26891 I WebViewFactory: Loading com.android.chrome version 85.0.4183.127 (code 418312773)
11-01 14:01:02.460 26891 26891 W ResourceType: ResTable_typeSpec entry count inconsistent: given 67, previously 69
11-01 14:01:02.461 26891 26891 W ResourceType: ResTable_typeSpec entry count inconsistent: given 5346, previously 5347
11-01 14:01:02.531 26891 26891 I cr_LibraryLoader: Loaded native library version number "85.0.4183.127"
11-01 14:01:02.548 23814 23814 I MemoryTrimmer: Trimming objects from memory, since app is in the background.
11-01 14:01:02.557 26891 26891 I cr_CachingUmaRecorder: Flushed 5 samples from 5 histograms.
11-01 14:01:02.568  9254  9254 W dex2oat : Compilation of com.facebook.ads.redexgen.X.11 com.facebook.ads.redexgen.X.13.A01(com.facebook.ads.redexgen.X.Xn, org.json.JSONObject, java.lang.String, boolean, int, int) took 104.682ms
11-01 14:01:02.593  9254  9284 W dex2oat : Compilation of android.content.IntentFilter com.facebook.ads.redexgen.X.15.A00() took 112.563ms
11-01 14:01:02.693 26891 26891 W ResourceType: ResTable_typeSpec entry count inconsistent: given 67, previously 69
11-01 14:01:02.693 26891 26891 W ResourceType: ResTable_typeSpec entry count inconsistent: given 5346, previously 5347
11-01 14:01:02.771   600   609 I art     : Background partial concurrent mark sweep GC freed 27646(1262KB) AllocSpace objects, 1(20KB) LOS objects, 33% free, 14MB/22MB, paused 2.707ms total 136.089ms
11-01 14:01:03.033  9254  9284 W dex2oat : Compilation of boolean com.facebook.ads.redexgen.X.1Y.A0U(java.lang.String) took 118.739ms
11-01 14:01:03.227 26891  9373 E libEGL  : validate_display:99 error 3008 (EGL_BAD_DISPLAY)
11-01 14:01:03.376  9254  9284 W dex2oat : Compilation of void com.facebook.ads.redexgen.X.2C.A0N(java.lang.String) took 112.679ms
11-01 14:01:03.462  9254  9254 W dex2oat : Compilation of boolean com.facebook.ads.redexgen.X.2S.A07(android.content.Intent) took 136.063ms
11-01 14:01:03.964  9254  9254 W dex2oat : Compilation of com.facebook.ads.redexgen.X.Gv com.facebook.ads.redexgen.X.2t.A04(org.xmlpull.v1.XmlPullParser, com.facebook.ads.redexgen.X.Gs) took 255.620ms
11-01 14:01:04.036  9069  9069 D MonkeyStub: translateCommand: tap 667 302
11-01 14:01:04.261  9254  9284 W dex2oat : Compilation of void com.facebook.ads.redexgen.X.3E.<init>(android.content.Context, android.util.AttributeSet) took 141.962ms
11-01 14:01:04.361 26891 26902 I art     : Background sticky concurrent mark sweep GC freed 38280(3MB) AllocSpace objects, 22(448KB) LOS objects, 15% free, 11MB/13MB, paused 16.087ms total 180.093ms
11-01 14:01:04.418  9254  9254 W dex2oat : Compilation of com.facebook.ads.redexgen.X.H0 com.facebook.ads.redexgen.X.2t.A06(org.xmlpull.v1.XmlPullParser, com.facebook.ads.redexgen.X.H0) took 452.886ms
11-01 14:01:04.437  8819  8829 I art     : Background sticky concurrent mark sweep GC freed 102418(4MB) AllocSpace objects, 23(4MB) LOS objects, 33% free, 17MB/27MB, paused 2.830ms total 142.089ms
11-01 14:01:04.653  9254  9254 W dex2oat : Compilation of com.facebook.ads.redexgen.X.3D com.facebook.ads.redexgen.X.3L.A05(int, int) took 102.107ms
11-01 14:01:04.779  9254  9284 W dex2oat : Compilation of void com.facebook.ads.redexgen.X.3F.<init>(int, com.facebook.ads.redexgen.X.E5, com.facebook.ads.redexgen.X.CL, boolean) took 517.905ms
11-01 14:01:04.821 26891 26902 I art     : Background partial concurrent mark sweep GC freed 5478(793KB) AllocSpace objects, 2(40KB) LOS objects, 39% free, 12MB/21MB, paused 10.131ms total 359.301ms
11-01 14:01:04.884  8819  8819 I Choreographer: Skipped 48 frames!  The application may be doing too much work on its main thread.
11-01 14:01:04.922 26891  9337 I Ads     : SDK version: afma-sdk-a-v203404999.202510000.1
11-01 14:01:04.939  9254  9254 W dex2oat : Compilation of void com.facebook.ads.redexgen.X.3L.A0B() took 251.702ms
11-01 14:01:05.056 26891  9337 I Ads     : HTTP timeout: 60000 milliseconds.
11-01 14:01:05.201 26891  9334 I Ads     : SDK version: afma-sdk-a-v203404999.202510000.1
11-01 14:01:05.203 26891  9334 I Ads     : HTTP timeout: 60000 milliseconds.
11-01 14:01:05.222  9254  9254 W dex2oat : Compilation of void com.facebook.ads.redexgen.X.3L.A0C() took 283.489ms
11-01 14:01:05.406  9254  9254 W dex2oat : Compilation of void com.facebook.ads.redexgen.X.3L.A0G(int) took 151.159ms
11-01 14:01:05.467  9254  9284 W dex2oat : Compilation of int com.facebook.ads.redexgen.X.3F.A0W(java.lang.String) took 674.681ms
11-01 14:01:05.677 26891 26902 I art     : Background sticky concurrent mark sweep GC freed 187970(4MB) AllocSpace objects, 10(160KB) LOS objects, 5% free, 20MB/21MB, paused 5.805ms total 173.974ms
11-01 14:01:05.810  8819  9299 W DynamiteModule: Local module descriptor class for com.google.android.gms.ads.dynamite not found.
11-01 14:01:05.823  8819  9258 I Ads     : Ad failed to load : 3
11-01 14:01:06.457 26891  9341 W GmsStrictMode: LEAKED_CLOSABLE [CONTEXT service_id=256 ]
11-01 14:01:06.457 26891  9341 W GmsStrictMode: rvo: LEAKED_CLOSABLE
11-01 14:01:06.457 26891  9341 W GmsStrictMode: 	at dalvik.system.VMStack.getThreadStackTrace(Native Method)
11-01 14:01:06.457 26891  9341 W GmsStrictMode: 	at java.lang.Thread.getStackTrace(Thread.java:1566)
11-01 14:01:06.457 26891  9341 W GmsStrictMode: 	at bhdb.containsKey(:com.google.android.gms@203915020@20.39.15 (040406-335085812):1)
11-01 14:01:06.457 26891  9341 W GmsStrictMode: 	at android.os.StrictMode.onVmPolicyViolation(StrictMode.java:1867)
11-01 14:01:06.457 26891  9341 W GmsStrictMode: 	at android.os.StrictMode.onVmPolicyViolation(StrictMode.java:1844)
11-01 14:01:06.457 26891  9341 W GmsStrictMode: 	at android.os.StrictMode$AndroidCloseGuardReporter.report(StrictMode.java:1590)
11-01 14:01:06.457 26891  9341 W GmsStrictMode: 	at dalvik.system.CloseGuard.warnIfOpen(CloseGuard.java:208)
11-01 14:01:06.457 26891  9341 W GmsStrictMode: 	at android.os.ParcelFileDescriptor.finalize(ParcelFileDescriptor.java:935)
11-01 14:01:06.457 26891  9341 W GmsStrictMode: 	at java.lang.Daemons$FinalizerDaemon.doFinalize(Daemons.java:222)
11-01 14:01:06.457 26891  9341 W GmsStrictMode: 	at java.lang.Daemons$FinalizerDaemon.run(Daemons.java:209)
11-01 14:01:06.457 26891  9341 W GmsStrictMode: 	at java.lang.Thread.run(Thread.java:761)
11-01 14:01:06.550  9254  9254 W dex2oat : Compilation of void com.facebook.ads.redexgen.X.5T.<init>(com.facebook.ads.internal.api.NativeAdBaseApi) took 116.058ms
11-01 14:01:06.872  9254  9284 W dex2oat : Compilation of org.json.JSONObject com.facebook.ads.redexgen.X.6g.A00() took 127.996ms
11-01 14:01:06.980  8819  9256 W DynamiteModule: Local module descriptor class for com.google.android.gms.ads.dynamite not found.
11-01 14:01:07.110  9069  9069 D MonkeyStub: translateCommand: tap 1286 930
11-01 14:01:07.239  9254  9284 W dex2oat : Compilation of android.graphics.Bitmap com.facebook.ads.redexgen.X.7U.A04(java.lang.String, int, int) took 144.902ms
11-01 14:01:08.225  9069  9069 D MonkeyStub: translateCommand: tap 62 98
11-01 14:01:08.246  9069  9069 D MonkeyStub: translateCommand: tap 729 89
11-01 14:01:08.255  9069  9069 D MonkeyStub: Quit requested
11-01 14:01:08.274   600   614 I CwMcuSensor: CwMcuSensor::flush: fd = 234, sensors_id = 0, path = /sys/class/htc_sensorhub/sensor_hub/flush, err = 0
11-01 14:01:08.280  9069  9069 I art     : System.exit called, status: 16
11-01 14:01:08.280  9069  9069 I AndroidRuntime: VM exiting with result code 16.
11-01 14:01:08.376   600   611 W WindowManager: Attempted to remove non-existing token: android.os.Binder@ca587cb
11-01 14:01:08.460  9254  9254 W dex2oat : Compilation of void com.facebook.ads.redexgen.X.Cx.A09(com.facebook.ads.redexgen.X.Cd, int) took 228.774ms
11-01 14:01:08.506  9254  9284 W dex2oat : Compilation of com.facebook.ads.redexgen.X.DQ com.facebook.ads.redexgen.X.D7.A0E(com.facebook.ads.redexgen.X.DN, com.facebook.ads.redexgen.X.WP, com.facebook.ads.redexgen.X.Cf) took 116.552ms
11-01 14:01:08.576   600  8928 E BatteryStatsService: power: Missing API
11-01 14:01:08.582   600  8928 E BatteryStatsService: no controller energy info supplied
11-01 14:01:08.583   800   800 E PhoneInterfaceManager: [PhoneIntfMgr] queryModemActivityInfo: Empty response
11-01 14:01:08.590   600  8928 E BatteryStatsService: modem info is invalid: ModemActivityInfo{ mTimestamp=0 mSleepTimeMs=0 mIdleTimeMs=0 mTxTimeMs[]=[0, 0, 0, 0, 0] mRxTimeMs=0 mEnergyUsed=0}
11-01 14:01:08.600   600   613 W ProcessCpuTracker: Skipping unknown process pid 9405
11-01 14:01:09.113  9254  9254 W dex2oat : Compilation of void com.facebook.ads.redexgen.X.Df.A0S(com.facebook.ads.redexgen.X.AR) took 388.028ms
11-01 14:01:09.135  9408  9408 D AndroidRuntime: >>>>>> START com.android.internal.os.RuntimeInit uid 2000 <<<<<<
11-01 14:01:09.140  9408  9408 D AndroidRuntime: CheckJNI is OFF
11-01 14:01:09.247  9408  9408 D ICU     : No timezone override file found: /data/misc/zoneinfo/current/icu/icu_tzdata.dat
11-01 14:01:09.286  9408  9408 I Radio-JNI: register_android_hardware_Radio DONE
11-01 14:01:09.305  9408  9408 D AndroidRuntime: Calling main entry com.android.commands.am.Am
11-01 14:01:09.326   600   611 I ActivityManager: START u0 {act=android.intent.action.VIEW dat=http://w3schools.com/... flg=0x10000000 cmp=com.opera.browser/com.opera.Opera} from uid 2000 on display 0
11-01 14:01:09.346  9408  9408 D AndroidRuntime: Shutting down VM
11-01 14:01:09.509   600  1068 I ActivityManager: Start proc 9420:com.opera.browser:sandboxed_process0/u0a122 for service com.opera.browser/com.opera.android.browser.chromium.services.SandboxedProcessService0
11-01 14:01:09.570  9420  9420 I art     : Starting a blocking GC AddRemoveAppImageSpace
11-01 14:01:09.589  9420  9420 I LoadedApk: No resource references to update in package com.opera.browser.nord_vpn
11-01 14:01:09.653  9254  9254 W dex2oat : Compilation of void com.facebook.ads.redexgen.X.F8.A0J() took 244.391ms
11-01 14:01:09.682  8819  8819 D DynamitePackage: Instantiating com.google.android.gms.ads.ChimeraNativeAdViewDelegateCreatorImpl
11-01 14:01:09.729  8819  8829 I art     : Background sticky concurrent mark sweep GC freed 112842(6MB) AllocSpace objects, 39(2MB) LOS objects, 25% free, 20MB/27MB, paused 9.604ms total 141.006ms
11-01 14:01:09.826   785  1682 I FontLog : Received query name=Google Sans&weight=400&besteffort=false, URI content://com.google.android.gms.fonts [CONTEXT service_id=132 ]
11-01 14:01:09.826   785  1682 I FontLog : Query [name=Google Sans&weight=400&besteffort=false] resolved to {Google Sans, wdth 100.0, wght 400, ital 0.0, bestEffort false} [CONTEXT service_id=132 ]
11-01 14:01:09.827   785  1682 I FontLog : Font PFD returned from cache for {Google Sans, wdth 100.0, wght 400, ital 0.0, bestEffort false} [CONTEXT service_id=132 ]
11-01 14:01:09.827   785  1682 I FontLog : Fetch {Google Sans, wdth 100.0, wght 400, ital 0.0, bestEffort false} end status Status{statusCode=SUCCESS, resolution=null} [CONTEXT service_id=132 ]
11-01 14:01:09.829  8819  8819 W DynamiteModule: Local module descriptor class for com.google.android.gms.ads.dynamite not found.
11-01 14:01:09.832   785   798 I FontLog : Pulling font file for id = 156, cache size = 6 [CONTEXT service_id=132 ]
11-01 14:01:09.839   785   799 I FontLog : Received query name=Google Sans&weight=500&besteffort=false, URI content://com.google.android.gms.fonts [CONTEXT service_id=132 ]
11-01 14:01:09.839   785   799 I FontLog : Query [name=Google Sans&weight=500&besteffort=false] resolved to {Google Sans, wdth 100.0, wght 500, ital 0.0, bestEffort false} [CONTEXT service_id=132 ]
11-01 14:01:09.843   785   799 I FontLog : Font PFD returned from cache for {Google Sans, wdth 100.0, wght 500, ital 0.0, bestEffort false} [CONTEXT service_id=132 ]
11-01 14:01:09.843   785   799 I FontLog : Fetch {Google Sans, wdth 100.0, wght 500, ital 0.0, bestEffort false} end status Status{statusCode=SUCCESS, resolution=null} [CONTEXT service_id=132 ]
11-01 14:01:09.848   785  1681 I FontLog : Pulling font file for id = 157, cache size = 6 [CONTEXT service_id=132 ]
11-01 14:01:09.851   785  1300 I FontLog : Received query name=Google Sans&weight=700&besteffort=false, URI content://com.google.android.gms.fonts [CONTEXT service_id=132 ]
11-01 14:01:09.851   785  1300 I FontLog : Query [name=Google Sans&weight=700&besteffort=false] resolved to {Google Sans, wdth 100.0, wght 700, ital 0.0, bestEffort false} [CONTEXT service_id=132 ]
11-01 14:01:09.853   785  1300 I FontLog : Fetch {Google Sans, wdth 100.0, wght 700, ital 0.0, bestEffort false} end status Status{statusCode=SUCCESS, resolution=null} [CONTEXT service_id=132 ]
