--------- beginning of main
11-01 00:34:53.219 29542 29542 D AndroidRuntime: >>>>>> START com.android.internal.os.RuntimeInit uid 2000 <<<<<<
11-01 00:34:53.223 29542 29542 D AndroidRuntime: CheckJNI is OFF
11-01 00:34:53.287 29542 29542 D ICU     : No timezone override file found: /data/misc/zoneinfo/current/icu/icu_tzdata.dat
11-01 00:34:53.315 29542 29542 I Radio-JNI: register_android_hardware_Radio DONE
11-01 00:34:53.330 29542 29542 D AndroidRuntime: Calling main entry com.android.commands.am.Am
--------- beginning of system
11-01 00:34:53.346   600  1079 I ActivityManager: Force stopping com.opera.browser appid=10122 user=0: from pid 29542
11-01 00:34:53.350   600   613 I ProcessStatsService: Prepared write state in 4ms
11-01 00:34:53.358  1061  1061 W ResourceType: ResTable_typeSpec entry count inconsistent: given 67, previously 69
11-01 00:34:53.358  1061  1061 W ResourceType: ResTable_typeSpec entry count inconsistent: given 5346, previously 5347
11-01 00:34:53.381  1061  1061 D RegisteredNfcFServicesCache: Service unchanged, not updating
11-01 00:34:53.602   600 29683 I ActivityManager: START u0 {act=android.intent.action.VIEW flg=0x10008000 cmp=com.opera.browser/com.opera.Opera} from uid 2000 on display 0
11-01 00:34:53.632 29542 29542 D AndroidRuntime: Shutting down VM
11-01 00:34:53.655   600  3507 I ActivityManager: Start proc 29552:com.opera.browser/u0a122 for activity com.opera.browser/com.opera.Opera
11-01 00:34:53.748 29552 29552 I art     : Starting a blocking GC AddRemoveAppImageSpace
11-01 00:34:53.772 29552 29552 I LoadedApk: No resource references to update in package com.opera.browser.nord_vpn
11-01 00:34:53.881 29552 29552 I art     : Rejecting re-init on previously-failed class java.lang.Class<com.opera.android.job.a$j>: java.lang.NoClassDefFoundError: Failed resolution of: Landroid/app/job/JobServiceEngine;
11-01 00:34:53.881 29552 29552 I art     :   at void com.opera.android.OperaApplication.onCreate() (SourceFile:52)
11-01 00:34:53.881 29552 29552 I art     :   at void android.app.Instrumentation.callApplicationOnCreate(android.app.Application) (Instrumentation.java:1024)
11-01 00:34:53.881 29552 29552 I art     :   at void android.app.ActivityThread.handleBindApplication(android.app.ActivityThread$AppBindData) (ActivityThread.java:5403)
11-01 00:34:53.881 29552 29552 I art     :   at void android.app.ActivityThread.-wrap2(android.app.ActivityThread, android.app.ActivityThread$AppBindData) (ActivityThread.java:-1)
11-01 00:34:53.881 29552 29552 I art     :   at void android.app.ActivityThread$H.handleMessage(android.os.Message) (ActivityThread.java:1545)
11-01 00:34:53.881 29552 29552 I art     :   at void android.os.Handler.dispatchMessage(android.os.Message) (Handler.java:102)
11-01 00:34:53.881 29552 29552 I art     :   at void android.os.Looper.loop() (Looper.java:154)
11-01 00:34:53.881 29552 29552 I art     :   at void android.app.ActivityThread.main(java.lang.String[]) (ActivityThread.java:6119)
11-01 00:34:53.881 29552 29552 I art     :   at java.lang.Object java.lang.reflect.Method.invoke!(java.lang.Object, java.lang.Object[]) (Method.java:-2)
11-01 00:34:53.881 29552 29552 I art     :   at void com.android.internal.os.ZygoteInit$MethodAndArgsCaller.run() (ZygoteInit.java:886)
11-01 00:34:53.881 29552 29552 I art     :   at void com.android.internal.os.ZygoteInit.main(java.lang.String[]) (ZygoteInit.java:776)
11-01 00:34:53.881 29552 29552 I art     : Caused by: java.lang.ClassNotFoundException: Didn't find class "android.app.job.JobServiceEngine" on path: DexPathList[[zip file "/data/app/com.opera.browser-1/base.apk"],nativeLibraryDirectories=[/data/app/com.opera.browser-1/lib/arm, /data/app/com.opera.browser-1/base.apk!/lib/armeabi-v7a, /system/lib, /vendor/lib]]
11-01 00:34:53.881 29552 29552 I art     :   at java.lang.Class dalvik.system.BaseDexClassLoader.findClass(java.lang.String) (BaseDexClassLoader.java:56)
11-01 00:34:53.882 29552 29552 I art     :   at java.lang.Class java.lang.ClassLoader.loadClass(java.lang.String, boolean) (ClassLoader.java:380)
11-01 00:34:53.882 29552 29552 I art     :   at java.lang.Class java.lang.ClassLoader.loadClass(java.lang.String) (ClassLoader.java:312)
11-01 00:34:53.882 29552 29552 I art     :   at void com.opera.android.OperaApplication.onCreate() (SourceFile:52)
11-01 00:34:53.882 29552 29552 I art     :   at void android.app.Instrumentation.callApplicationOnCreate(android.app.Application) (Instrumentation.java:1024)
11-01 00:34:53.882 29552 29552 I art     :   at void android.app.ActivityThread.handleBindApplication(android.app.ActivityThread$AppBindData) (ActivityThread.java:5403)
11-01 00:34:53.882 29552 29552 I art     :   at void android.app.ActivityThread.-wrap2(android.app.ActivityThread, android.app.ActivityThread$AppBindData) (ActivityThread.java:-1)
11-01 00:34:53.882 29552 29552 I art     :   at void android.app.ActivityThread$H.handleMessage(android.os.Message) (ActivityThread.java:1545)
11-01 00:34:53.882 29552 29552 I art     :   at void android.os.Handler.dispatchMessage(android.os.Message) (Handler.java:102)
11-01 00:34:53.882 29552 29552 I art     :   at void android.os.Looper.loop() (Looper.java:154)
11-01 00:34:53.882 29552 29552 I art     :   at void android.app.ActivityThread.main(java.lang.String[]) (ActivityThread.java:6119)
11-01 00:34:53.882 29552 29552 I art     :   at java.lang.Object java.lang.reflect.Method.invoke!(java.lang.Object, java.lang.Object[]) (Method.java:-2)
11-01 00:34:53.882 29552 29552 I art     :   at void com.android.internal.os.ZygoteInit$MethodAndArgsCaller.run() (ZygoteInit.java:886)
11-01 00:34:53.882 29552 29552 I art     :   at void com.android.internal.os.ZygoteInit.main(java.lang.String[]) (ZygoteInit.java:776)
11-01 00:34:53.882 29552 29552 I art     : 
11-01 00:34:53.916 29552 29590 D NetworkSecurityConfig: Using Network Security Config from resource network_security_config_official_build debugBuild: false
11-01 00:34:54.057 29552 29562 I art     : Background partial concurrent mark sweep GC freed 12369(678KB) AllocSpace objects, 6(120KB) LOS objects, 39% free, 5MB/8MB, paused 4.887ms total 110.774ms
11-01 00:34:54.094   600  3509 I ActivityManager: START u0 {act=android.intent.action.VIEW flg=0x10008000 cmp=com.opera.browser/com.opera.android.startup.WelcomeActivity} from uid 10122 on display 0
11-01 00:34:54.107   600 27731 W ActivityManager: Duplicate finish request for ActivityRecord{b612ed1 u0 com.opera.browser/com.opera.Opera t2541 f}
11-01 00:34:54.429   600   609 I art     : Background partial concurrent mark sweep GC freed 67322(2MB) AllocSpace objects, 21(536KB) LOS objects, 33% free, 17MB/25MB, paused 1.403ms total 239.910ms
11-01 00:34:54.441 29552 29562 I art     : Background sticky concurrent mark sweep GC freed 43920(3MB) AllocSpace objects, 11(356KB) LOS objects, 38% free, 5MB/8MB, paused 1.094ms total 179.060ms
11-01 00:34:54.484 29552 29602 I FA      : App measurement initialized, version: 43042
11-01 00:34:54.484 29552 29602 I FA      : To enable debug logging run: adb shell setprop log.tag.FA VERBOSE
11-01 00:34:54.489 29552 29602 I FA      : To enable faster debug mode event logging run:
11-01 00:34:54.489 29552 29602 I FA      :   adb shell setprop debug.firebase.analytics.app com.opera.browser
11-01 00:34:54.639 29552 29663 I OpenGLRenderer: Initialized EGL, version 1.4
11-01 00:34:54.639 29552 29663 D OpenGLRenderer: Swap behavior 2
11-01 00:34:54.806 29552 29602 I FA      : Tag Manager is not found and thus will not be used
11-01 00:34:54.886   600   620 I ActivityManager: Displayed com.opera.browser/com.opera.android.startup.WelcomeActivity: +755ms (total +1s256ms)
11-01 00:34:55.002   600 29683 I ActivityManager: Start proc 29694:com.opera.browser:privileged_process0/u0a122 for service com.opera.browser/com.opera.android.browser.chromium.services.PrivilegedProcessService0
11-01 00:34:55.031   600   620 W WindowManager: Failed looking up window
11-01 00:34:55.031   600   620 W WindowManager: java.lang.IllegalArgumentException: Requested window android.view.ViewRootImpl$W@c224d0e does not exist
11-01 00:34:55.031   600   620 W WindowManager: 	at com.android.server.wm.WindowManagerService.windowForClientLocked(WindowManagerService.java:9422)
11-01 00:34:55.031   600   620 W WindowManager: 	at com.android.server.wm.WindowManagerService.windowForClientLocked(WindowManagerService.java:9413)
11-01 00:34:55.031   600   620 W WindowManager: 	at com.android.server.wm.WindowManagerService.removeWindow(WindowManagerService.java:2393)
11-01 00:34:55.031   600   620 W WindowManager: 	at com.android.server.wm.Session.remove(Session.java:202)
11-01 00:34:55.031   600   620 W WindowManager: 	at android.view.ViewRootImpl.dispatchDetachedFromWindow(ViewRootImpl.java:3290)
11-01 00:34:55.031   600   620 W WindowManager: 	at android.view.ViewRootImpl.doDie(ViewRootImpl.java:5917)
11-01 00:34:55.031   600   620 W WindowManager: 	at android.view.ViewRootImpl$ViewRootHandler.handleMessage(ViewRootImpl.java:3626)
11-01 00:34:55.031   600   620 W WindowManager: 	at android.os.Handler.dispatchMessage(Handler.java:102)
11-01 00:34:55.031   600   620 W WindowManager: 	at android.os.Looper.loop(Looper.java:154)
11-01 00:34:55.031   600   620 W WindowManager: 	at android.os.HandlerThread.run(HandlerThread.java:61)
11-01 00:34:55.031   600   620 W WindowManager: 	at com.android.server.ServiceThread.run(ServiceThread.java:46)
11-01 00:34:55.035 29552 29688 W chromium: [WARNING:op_site_scripts.cc(424)] Failed to map /data/user/0/com.opera.browser/app_opera/sjs
11-01 00:34:55.091 29694 29694 I art     : Starting a blocking GC AddRemoveAppImageSpace
11-01 00:34:55.121 29694 29694 I LoadedApk: No resource references to update in package com.opera.browser.nord_vpn
11-01 00:34:55.226 29694 29710 E libEGL  : validate_display:99 error 3008 (EGL_BAD_DISPLAY)
11-01 00:34:55.360 12218 12218 I MemoryTrimmer: Trimming objects from memory, since app is in the background.
11-01 00:34:55.370 12218 12229 W SearchService: Abort, client detached.
11-01 00:34:55.376 18269 18269 I MemoryTrimmer: Trimming objects from memory, since app is in the background.
11-01 00:34:55.422 29694 29710 E libEGL  : validate_display:99 error 3008 (EGL_BAD_DISPLAY)
11-01 00:34:55.493 12218 29444 I DeviceStateChecker: DeviceStateChecker cancelled
11-01 00:34:55.495 12218 12218 I MicroDetector: Keeping mic open: false
11-01 00:34:55.495 12218 12248 I AudioController: internalShutdown
11-01 00:34:55.495 12218 12248 I MicrophoneInputStream: mic_close com.google.android.apps.gsa.speech.audio.ae@1a26d5a
11-01 00:34:55.496 12218 12292 I MicroRecognitionRunner: Stopping hotword detection.
11-01 00:34:55.512   238   285 I SoundTriggerHwService::Module: void android::SoundTriggerHwService::Module::onCallbackEvent(const sp<android::SoundTriggerHwService::CallbackEvent> &) mClient == 0
11-01 00:34:55.522 12218 29445 I MicroRecognitionRunner: Detection finished
11-01 00:34:55.531 12218 12218 I MemoryTrimmer: Trimming objects from memory, since app is in the background.
11-01 00:34:55.604   787 29260 W NetworkScheduler: Error inserting service_kind=0 source=16 tag=Measurement.PackageMeasurementTaskService.UPLOAD_TASK_TAG target_package=com.google.android.gms requires_charging=0 source_version=203915000 required_network_type=0 flex_time=3491000 persistence_level=1 target_class=com.google.android.gms.measurement.PackageMeasurementTaskService runtime=1667259295600 retry_strategy={"maximum_backoff_seconds":{"3600":0},"initial_backoff_seconds":{"30":0},"retry_policy":{"0":0}} preferred_network_type=1 required_idleness_state=0 preferred_charging_state=1 period=6983000 last_runtime=0 task_type=0 job_id=-1 user_id=0, error message: UNIQUE constraint failed: pending_ops.tag, pending_ops.target_class, pending_ops.target_package, pending_ops.user_id (code 2067) [CONTEXT service_id=218 ]
11-01 00:34:55.673   787 29260 W NetworkScheduler: Error inserting service_kind=0 source=16 tag=Measurement.PackageMeasurementTaskService.UPLOAD_TASK_TAG target_package=com.google.android.gms requires_charging=0 source_version=203915000 required_network_type=0 flex_time=3491000 persistence_level=1 target_class=com.google.android.gms.measurement.PackageMeasurementTaskService runtime=1667259295670 retry_strategy={"maximum_backoff_seconds":{"3600":0},"initial_backoff_seconds":{"30":0},"retry_policy":{"0":0}} preferred_network_type=1 required_idleness_state=0 preferred_charging_state=1 period=6983000 last_runtime=0 task_type=0 job_id=-1 user_id=0, error message: UNIQUE constraint failed: pending_ops.tag, pending_ops.target_class, pending_ops.target_package, pending_ops.user_id (code 2067) [CONTEXT service_id=218 ]
11-01 00:34:55.690   787 25581 W NetworkScheduler: Error inserting service_kind=0 source=16 tag=Measurement.PackageMeasurementTaskService.UPLOAD_TASK_TAG target_package=com.google.android.gms requires_charging=0 source_version=203915000 required_network_type=0 flex_time=3491000 persistence_level=1 target_class=com.google.android.gms.measurement.PackageMeasurementTaskService runtime=1667259295687 retry_strategy={"maximum_backoff_seconds":{"3600":0},"initial_backoff_seconds":{"30":0},"retry_policy":{"0":0}} preferred_network_type=1 required_idleness_state=0 preferred_charging_state=1 period=6983000 last_runtime=0 task_type=0 job_id=-1 user_id=0, error message: UNIQUE constraint failed: pending_ops.tag, pending_ops.target_class, pending_ops.target_package, pending_ops.user_id (code 2067) [CONTEXT service_id=218 ]
11-01 00:34:59.518 29552 29552 I PlayCore: UID: [10122]  PID: [29552] AppUpdateListenerRegistry : registerListener
11-01 00:34:59.519 29552 29552 I PlayCore: UID: [10122]  PID: [29552] AppUpdateService : requestUpdateInfo(com.opera.browser)
11-01 00:34:59.527 29552 29770 I PlayCore: UID: [10122]  PID: [29552] AppUpdateService : Initiate binding to the service.
11-01 00:34:59.528   600  3675 W ActivityManager: Unable to start service Intent { act=com.google.android.play.core.install.BIND_UPDATE_SERVICE pkg=com.android.vending } U=0: not found
11-01 00:34:59.528 29552 29770 I PlayCore: UID: [10122]  PID: [29552] AppUpdateService : Failed to bind to the service.
11-01 00:34:59.590 29552 29772 D ApplicationLoaders: ignored Vulkan layer search path /data/app/com.google.android.gms-1/lib/arm:/data/app/com.google.android.gms-1/base.apk!/lib/armeabi-v7a:/data/app/com.google.android.gms-1/split_config.en.apk!/lib/armeabi-v7a for namespace 0xf4a41090
11-01 00:34:59.594 29552 29772 W ResourceType: ResTable_typeSpec entry count inconsistent: given 67, previously 69
11-01 00:34:59.594 29552 29772 W ResourceType: ResTable_typeSpec entry count inconsistent: given 5346, previously 5347
11-01 00:34:59.864   600   612 D SyncManager: failed sync operation JobId: 100983, com.opera.browser u0 (com.opera.browser.ping), com.opera.browser.ping.provider, SERVER, reason: 10122, SyncResult: delayUntil: 1667266499 stats [ numIoExceptions: 1]
11-01 00:35:00.401   787   802 W SQLiteConnectionPool: A SQLiteConnection object for database '/data/user/0/com.google.android.gms/databases/metadata.db' was leaked!  Please fix your application to end transactions in progress properly and to close the database when it is no longer needed.
11-01 00:35:00.414   787  1259 W GmsStrictMode: LEAKED_CLOSABLE [CONTEXT service_id=256 ]
11-01 00:35:00.414   787  1259 W GmsStrictMode: rvo: LEAKED_CLOSABLE
11-01 00:35:00.414   787  1259 W GmsStrictMode: 	at dalvik.system.VMStack.getThreadStackTrace(Native Method)
11-01 00:35:00.414   787  1259 W GmsStrictMode: 	at java.lang.Thread.getStackTrace(Thread.java:1566)
11-01 00:35:00.414   787  1259 W GmsStrictMode: 	at bhdb.containsKey(:com.google.android.gms@203915020@20.39.15 (040406-335085812):1)
11-01 00:35:00.414   787  1259 W GmsStrictMode: 	at android.os.StrictMode.onVmPolicyViolation(StrictMode.java:1867)
11-01 00:35:00.414   787  1259 W GmsStrictMode: 	at android.os.StrictMode.onVmPolicyViolation(StrictMode.java:1844)
11-01 00:35:00.414   787  1259 W GmsStrictMode: 	at android.os.StrictMode$AndroidCloseGuardReporter.report(StrictMode.java:1590)
11-01 00:35:00.414   787  1259 W GmsStrictMode: 	at dalvik.system.CloseGuard.warnIfOpen(CloseGuard.java:208)
11-01 00:35:00.414   787  1259 W GmsStrictMode: 	at android.database.sqlite.SQLiteConnection.dispose(SQLiteConnection.java:231)
11-01 00:35:00.414   787  1259 W GmsStrictMode: 	at android.database.sqlite.SQLiteConnection.finalize(SQLiteConnection.java:180)
11-01 00:35:00.414   787  1259 W GmsStrictMode: 	at java.lang.Daemons$FinalizerDaemon.doFinalize(Daemons.java:222)
11-01 00:35:00.414   787  1259 W GmsStrictMode: 	at java.lang.Daemons$FinalizerDaemon.run(Daemons.java:209)
11-01 00:35:00.414   787  1259 W GmsStrictMode: 	at java.lang.Thread.run(Thread.java:761)
11-01 00:35:05.557 12218 12218 I MemoryTrimmer: Trimming objects from memory, since app is in the background.
11-01 00:35:06.965 29801 29801 D AndroidRuntime: >>>>>> START com.android.internal.os.RuntimeInit uid 2000 <<<<<<
11-01 00:35:06.969 29801 29801 D AndroidRuntime: CheckJNI is OFF
11-01 00:35:07.031 29801 29801 D ICU     : No timezone override file found: /data/misc/zoneinfo/current/icu/icu_tzdata.dat
11-01 00:35:07.064 29801 29801 I Radio-JNI: register_android_hardware_Radio DONE
11-01 00:35:07.079 29801 29801 D AndroidRuntime: Calling main entry com.android.commands.monkey.Monkey
11-01 00:35:07.149   600   613 W BroadcastQueue: Skipping deliver [background] BroadcastRecord{9608ba2 u-1 android.net.conn.CONNECTIVITY_CHANGE} to ReceiverList{9f30033 29801 (unknown name)/2000/u-1 remote:a53f84}: process crashing
11-01 00:35:08.734 29801 29801 D MonkeyStub: translateCommand: wake
11-01 00:35:08.850 29801 29801 D MonkeyStub: translateCommand: tap 960 1881
11-01 00:35:08.918   600  3994 I ActivityManager: START u0 {act=android.intent.action.VIEW flg=0x1000000 cmp=com.opera.browser/com.opera.android.IntentDispatcherActivity} from uid 10122 on display 0
11-01 00:35:09.024 18269 18304 I OpenGLRenderer: Initialized EGL, version 1.4
11-01 00:35:09.024 18269 18304 D OpenGLRenderer: Swap behavior 2
11-01 00:35:09.030   600  3994 I ActivityManager: START u0 {act=android.intent.action.VIEW flg=0x15002000 cmp=com.opera.browser/com.opera.android.BrowserActivity} from uid 10122 on display 0
11-01 00:35:09.145   600   609 I art     : Background partial concurrent mark sweep GC freed 42223(2MB) AllocSpace objects, 42(1272KB) LOS objects, 33% free, 17MB/25MB, paused 1.083ms total 153.467ms
11-01 00:35:09.365 29552 29846 W ResourceType: ResTable_typeSpec entry count inconsistent: given 67, previously 69
11-01 00:35:09.365 29552 29846 W ResourceType: ResTable_typeSpec entry count inconsistent: given 5346, previously 5347
11-01 00:35:09.455 18269 18269 I MemoryTrimmer: Trimming objects from memory, since app is in the background.
11-01 00:35:09.462 29552 29562 I art     : Background partial concurrent mark sweep GC freed 41385(2MB) AllocSpace objects, 19(572KB) LOS objects, 40% free, 7MB/12MB, paused 4.472ms total 117.688ms
11-01 00:35:09.465 29552 29818 E [Leanplum][ERROR]: No variable values were received from the server. Please contact us to investigate.
11-01 00:35:09.705   600   620 I ActivityManager: Displayed com.opera.browser/com.opera.android.BrowserActivity: +647ms (total +745ms)
11-01 00:35:09.748   600  1081 I CwMcuSensor: CwMcuSensor::flush: fd = 254, sensors_id = 0, path = /sys/class/htc_sensorhub/sensor_hub/flush, err = 0
11-01 00:35:10.030   600 24515 D DnsEventListenerService: Logging 100 results for netId 101
11-01 00:35:10.101 29552 29861 W ResourceType: ResTable_typeSpec entry count inconsistent: given 67, previously 69
11-01 00:35:10.101 29552 29861 W ResourceType: ResTable_typeSpec entry count inconsistent: given 5346, previously 5347
11-01 00:35:10.310 29552 29557 I art     : Do partial code cache collection, code=19KB, data=30KB
11-01 00:35:10.312 29552 29557 I art     : After code cache collection, code=19KB, data=30KB
11-01 00:35:10.313 29552 29557 I art     : Increasing code cache capacity to 128KB
11-01 00:35:10.366 29552 29552 E Sensors : sendAck failure -1 1
11-01 00:35:10.366 29552 29552 E Sensors : sendAck failure -1 2
11-01 00:35:10.366 29552 29552 E Sensors : sendAck failure -1 3
11-01 00:35:10.366 29552 29552 E Sensors : sendAck failure -1 4
11-01 00:35:10.366 29552 29552 E Sensors : sendAck failure -1 5
11-01 00:35:10.366 29552 29552 E Sensors : sendAck failure -1 6
11-01 00:35:10.366 29552 29552 E Sensors : sendAck failure -1 7
11-01 00:35:10.366 29552 29552 E Sensors : sendAck failure -1 8
11-01 00:35:10.366 29552 29552 E Sensors : sendAck failure -1 9
11-01 00:35:10.366 29552 29552 E Sensors : sendAck failure -1 10
11-01 00:35:10.366 29552 29552 E Sensors : sendAck failure -1 11
11-01 00:35:10.366 29552 29552 E Sensors : sendAck failure -1 12
11-01 00:35:10.367 29552 29552 E Sensors : sendAck failure -1 13
11-01 00:35:10.367 29552 29552 E Sensors : sendAck failure -1 14
11-01 00:35:10.367 29552 29552 E Sensors : sendAck failure -1 15
11-01 00:35:10.367 29552 29552 E Sensors : sendAck failure -1 16
11-01 00:35:10.367 29552 29552 E Sensors : sendAck failure -1 17
11-01 00:35:10.367 29552 29552 E Sensors : sendAck failure -1 18
11-01 00:35:10.367 29552 29552 E Sensors : sendAck failure -1 19
11-01 00:35:10.367 29552 29552 E Sensors : sendAck failure -1 20
11-01 00:35:10.367 29552 29552 E Sensors : sendAck failure -1 21
11-01 00:35:10.367 29552 29552 E Sensors : sendAck failure -1 22
11-01 00:35:10.367 29552 29552 E Sensors : sendAck failure -1 23
11-01 00:35:10.367 29552 29552 E Sensors : sendAck failure -1 24
11-01 00:35:10.369 29552 29552 E Sensors : sendAck failure -1 1
11-01 00:35:10.369 29552 29552 E Sensors : sendAck failure -1 2
11-01 00:35:10.369 29552 29552 E Sensors : sendAck failure -1 3
11-01 00:35:10.369 29552 29552 E Sensors : sendAck failure -1 4
11-01 00:35:10.369 29552 29552 E Sensors : sendAck failure -1 5
11-01 00:35:10.369 29552 29552 E Sensors : sendAck failure -1 6
11-01 00:35:10.369 29552 29552 E Sensors : sendAck failure -1 7
11-01 00:35:10.369 29552 29552 E Sensors : sendAck failure -1 8
11-01 00:35:10.369 29552 29552 E Sensors : sendAck failure -1 9
11-01 00:35:10.369 29552 29552 E Sensors : sendAck failure -1 10
11-01 00:35:10.369 29552 29552 E Sensors : sendAck failure -1 11
11-01 00:35:10.369 29552 29552 E Sensors : sendAck failure -1 12
11-01 00:35:10.369 29552 29552 E Sensors : sendAck failure -1 13
11-01 00:35:10.369 29552 29552 E Sensors : sendAck failure -1 14
11-01 00:35:10.369 29552 29552 E Sensors : sendAck failure -1 15
11-01 00:35:10.369 29552 29552 E Sensors : sendAck failure -1 16
11-01 00:35:10.369 29552 29552 E Sensors : sendAck failure -1 17
11-01 00:35:10.369 29552 29552 E Sensors : sendAck failure -1 18
11-01 00:35:10.369 29552 29552 E Sensors : sendAck failure -1 19
11-01 00:35:10.369 29552 29552 E Sensors : sendAck failure -1 20
11-01 00:35:10.369 29552 29552 E Sensors : sendAck failure -1 21
11-01 00:35:10.370 29552 29552 E Sensors : sendAck failure -1 1
11-01 00:35:10.417 29552 29552 I Choreographer: Skipped 36 frames!  The application may be doing too much work on its main thread.
11-01 00:35:10.626 29552 29552 W View    : requestLayout() improperly called by com.opera.android.custom_views.FadingRecyclerView{cf6b87 VFED.V... ......ID 0,813-1536,813 #7f0a0825 app:id/suggested_dials_grid} during layout: running second layout pass
11-01 00:35:10.867 29552 29562 I art     : Background partial concurrent mark sweep GC freed 31056(1634KB) AllocSpace objects, 7(240KB) LOS objects, 40% free, 10MB/17MB, paused 1.796ms total 133.483ms
11-01 00:35:10.891   787 29741 W NetworkScheduler: Error inserting service_kind=0 source=16 tag=Measurement.PackageMeasurementTaskService.UPLOAD_TASK_TAG target_package=com.google.android.gms requires_charging=0 source_version=203915000 required_network_type=0 flex_time=3475000 persistence_level=1 target_class=com.google.android.gms.measurement.PackageMeasurementTaskService runtime=1667259310887 retry_strategy={"maximum_backoff_seconds":{"3600":0},"initial_backoff_seconds":{"30":0},"retry_policy":{"0":0}} preferred_network_type=1 required_idleness_state=0 preferred_charging_state=1 period=6952000 last_runtime=0 task_type=0 job_id=-1 user_id=0, error message: UNIQUE constraint failed: pending_ops.tag, pending_ops.target_class, pending_ops.target_package, pending_ops.user_id (code 2067) [CONTEXT service_id=218 ]
11-01 00:35:10.898 29552 29552 E Sensors : sendAck failure -1 1
11-01 00:35:10.898 29552 29552 E Sensors : sendAck failure -1 2
11-01 00:35:10.898 29552 29552 E Sensors : sendAck failure -1 3
11-01 00:35:10.898 29552 29552 E Sensors : sendAck failure -1 4
11-01 00:35:10.898 29552 29552 E Sensors : sendAck failure -1 1
11-01 00:35:10.898 29552 29552 E Sensors : sendAck failure -1 2
11-01 00:35:10.898 29552 29552 E Sensors : sendAck failure -1 3
11-01 00:35:10.898 29552 29552 E Sensors : sendAck failure -1 4
11-01 00:35:10.898 29552 29552 E Sensors : sendAck failure -1 1
11-01 00:35:10.898 29552 29552 E Sensors : sendAck failure -1 2
11-01 00:35:10.898 29552 29552 E Sensors : sendAck failure -1 3
11-01 00:35:10.898 29552 29552 E Sensors : sendAck failure -1 4
11-01 00:35:10.953 29552 29552 I Choreographer: Skipped 31 frames!  The application may be doing too much work on its main thread.
11-01 00:35:11.082 29916 29916 I dex2oat : /system/bin/dex2oat --dex-file=/data/user/0/com.opera.browser/code_cache/.  ​    --oat-fd=198 --oat-location=/data/user/0/com.opera.browser/code_cache/. ​   --compiler-filter=speed
11-01 00:35:11.239   787 25581 W NetworkScheduler: Error inserting service_kind=0 source=16 tag=Measurement.PackageMeasurementTaskService.UPLOAD_TASK_TAG target_package=com.google.android.gms requires_charging=0 source_version=203915000 required_network_type=0 flex_time=3475000 persistence_level=1 target_class=com.google.android.gms.measurement.PackageMeasurementTaskService runtime=1667259311157 retry_strategy={"maximum_backoff_seconds":{"3600":0},"initial_backoff_seconds":{"30":0},"retry_policy":{"0":0}} preferred_network_type=1 required_idleness_state=0 preferred_charging_state=1 period=6952000 last_runtime=0 task_type=0 job_id=-1 user_id=0, error message: UNIQUE constraint failed: pending_ops.tag, pending_ops.target_class, pending_ops.target_package, pending_ops.user_id (code 2067) [CONTEXT service_id=218 ]
11-01 00:35:11.557 29916 29916 I dex2oat : dex2oat took 487.180ms (threads: 2) arena alloc=432KB (442800B) java alloc=32KB (33064B) native alloc=354KB (362688B) free=1181KB (1210176B)
11-01 00:35:11.652 29552 29552 E Sensors : sendAck failure -1 1
11-01 00:35:11.652 29552 29552 E Sensors : sendAck failure -1 2
11-01 00:35:11.652 29552 29552 E Sensors : sendAck failure -1 3
11-01 00:35:11.653 29552 29552 E Sensors : sendAck failure -1 1
11-01 00:35:11.656 29552 29552 E Sensors : sendAck failure -1 1
11-01 00:35:11.671 29552 29562 I art     : Background sticky concurrent mark sweep GC freed 47934(3MB) AllocSpace objects, 36(1908KB) LOS objects, 15% free, 14MB/17MB, paused 2.886ms total 281.898ms
11-01 00:35:11.838 29924 29924 I dex2oat : /system/bin/dex2oat --dex-file=/data/user/0/com.opera.browser/code_cache/.    ​ --oat-fd=199 --oat-location=/data/user/0/com.opera.browser/code_cache/.    --compiler-filter=speed
11-01 00:35:11.970 29552 29562 I art     : Background partial concurrent mark sweep GC freed 24619(2MB) AllocSpace objects, 24(2MB) LOS objects, 39% free, 12MB/21MB, paused 5.975ms total 125.149ms
11-01 00:35:11.980 29552 29557 I art     : Do partial code cache collection, code=38KB, data=62KB
11-01 00:35:11.983 29552 29557 I art     : After code cache collection, code=37KB, data=62KB
11-01 00:35:11.983 29552 29557 I art     : Increasing code cache capacity to 256KB
11-01 00:35:12.267 29924 29924 I dex2oat : dex2oat took 430.486ms (threads: 2) arena alloc=609KB (624304B) java alloc=109KB (112048B) native alloc=523KB (536456B) free=1524KB (1560696B)
11-01 00:35:12.665 29552 29562 I art     : Background partial concurrent mark sweep GC freed 133074(6MB) AllocSpace objects, 14(1044KB) LOS objects, 39% free, 14MB/24MB, paused 4.205ms total 198.313ms
11-01 00:35:12.909 29801 29801 D MonkeyStub: translateCommand: tap 57 93
11-01 00:35:13.054 29552 29562 I art     : Background partial concurrent mark sweep GC freed 120228(4MB) AllocSpace objects, 7(256KB) LOS objects, 39% free, 14MB/23MB, paused 4.599ms total 153.585ms
11-01 00:35:14.965 29801 29801 D MonkeyStub: translateCommand: tap 57 93
11-01 00:35:17.278 29801 29801 D MonkeyStub: translateCommand: tap 446 593
11-01 00:35:19.538 29801 29801 D MonkeyStub: translateCommand: tap 667 302
11-01 00:35:19.636 29552 29557 I art     : Do full code cache collection, code=85KB, data=124KB
11-01 00:35:19.640 29552 29557 I art     : Starting a blocking GC JitCodeCache
11-01 00:35:19.640 29552 29557 I art     : After code cache collection, code=64KB, data=66KB
11-01 00:35:22.809 29801 29801 D MonkeyStub: translateCommand: tap 1286 930
11-01 00:35:24.038 29801 29801 D MonkeyStub: translateCommand: tap 62 98
11-01 00:35:24.081 29801 29801 D MonkeyStub: translateCommand: tap 729 89
11-01 00:35:24.094 29801 29801 D MonkeyStub: Quit requested
11-01 00:35:24.117   600   614 I CwMcuSensor: CwMcuSensor::flush: fd = 254, sensors_id = 0, path = /sys/class/htc_sensorhub/sensor_hub/flush, err = 0
11-01 00:35:24.121 29801 29801 I art     : System.exit called, status: 16
11-01 00:35:24.121 29801 29801 I AndroidRuntime: VM exiting with result code 16.
11-01 00:35:24.160   600 27731 W WindowManager: Attempted to remove non-existing token: android.os.Binder@7d36c8f
11-01 00:35:24.398   600   611 E BatteryStatsService: power: Missing API
11-01 00:35:24.409   600   611 E BatteryStatsService: no controller energy info supplied
11-01 00:35:24.410   796   796 E PhoneInterfaceManager: [PhoneIntfMgr] queryModemActivityInfo: Empty response
11-01 00:35:24.415   600   611 E BatteryStatsService: modem info is invalid: ModemActivityInfo{ mTimestamp=0 mSleepTimeMs=0 mIdleTimeMs=0 mTxTimeMs[]=[0, 0, 0, 0, 0] mRxTimeMs=0 mEnergyUsed=0}
11-01 00:35:24.832 29958 29958 D AndroidRuntime: >>>>>> START com.android.internal.os.RuntimeInit uid 2000 <<<<<<
11-01 00:35:24.835 29958 29958 D AndroidRuntime: CheckJNI is OFF
11-01 00:35:24.903 29958 29958 D ICU     : No timezone override file found: /data/misc/zoneinfo/current/icu/icu_tzdata.dat
11-01 00:35:24.932 29958 29958 I Radio-JNI: register_android_hardware_Radio DONE
11-01 00:35:24.947 29958 29958 D AndroidRuntime: Calling main entry com.android.commands.am.Am
11-01 00:35:24.965   600  7064 I ActivityManager: START u0 {act=android.intent.action.VIEW dat=http://w3schools.com/... flg=0x10000000 cmp=com.opera.browser/com.opera.Opera} from uid 2000 on display 0
11-01 00:35:24.970 29958 29958 D AndroidRuntime: Shutting down VM
11-01 00:35:25.066 29552 29552 W art     : Before Android 4.1, method double java.util.concurrent.ThreadLocalRandom.internalNextDouble(double, double) would have incorrectly overridden the package-private method in java.util.Random
11-01 00:35:25.066 29552 29552 W art     : Before Android 4.1, method int java.util.concurrent.ThreadLocalRandom.internalNextInt(int, int) would have incorrectly overridden the package-private method in java.util.Random
11-01 00:35:25.066 29552 29552 W art     : Before Android 4.1, method long java.util.concurrent.ThreadLocalRandom.internalNextLong(long, long) would have incorrectly overridden the package-private method in java.util.Random
11-01 00:35:25.110   600   619 D BluetoothManagerService: Message: 20
11-01 00:35:25.110   600   619 D BluetoothManagerService: Added callback: android.bluetooth.IBluetoothManagerCallback$Stub$Proxy@fa26955:true
11-01 00:35:25.122   600   611 I ActivityManager: Start proc 29970:com.opera.browser:sandboxed_process0/u0a122 for service com.opera.browser/com.opera.android.browser.chromium.services.SandboxedProcessService0
11-01 00:35:25.170 29970 29970 I art     : Starting a blocking GC AddRemoveAppImageSpace
11-01 00:35:25.195 29970 29970 I LoadedApk: No resource references to update in package com.opera.browser.nord_vpn
11-01 00:35:25.237 29552 29858 W ResourceType: ResTable_typeSpec entry count inconsistent: given 67, previously 69
11-01 00:35:25.237 29552 29858 W ResourceType: ResTable_typeSpec entry count inconsistent: given 5346, previously 5347
11-01 00:35:25.329   787  1716 I FontLog : Received query name=Google Sans&weight=400&besteffort=false, URI content://com.google.android.gms.fonts [CONTEXT service_id=132 ]
11-01 00:35:25.329   787  1716 I FontLog : Query [name=Google Sans&weight=400&besteffort=false] resolved to {Google Sans, wdth 100.0, wght 400, ital 0.0, bestEffort false} [CONTEXT service_id=132 ]
11-01 00:35:25.332   787  1716 I FontLog : Font PFD returned from cache for {Google Sans, wdth 100.0, wght 400, ital 0.0, bestEffort false} [CONTEXT service_id=132 ]
11-01 00:35:25.332   787  1716 I FontLog : Fetch {Google Sans, wdth 100.0, wght 400, ital 0.0, bestEffort false} end status Status{statusCode=SUCCESS, resolution=null} [CONTEXT service_id=132 ]
11-01 00:35:25.358   787 28597 I FontLog : Pulling font file for id = 2190, cache size = 6 [CONTEXT service_id=132 ]
11-01 00:35:25.361   787 28590 I FontLog : Received query name=Google Sans&weight=500&besteffort=false, URI content://com.google.android.gms.fonts [CONTEXT service_id=132 ]
11-01 00:35:25.361   787 28590 I FontLog : Query [name=Google Sans&weight=500&besteffort=false] resolved to {Google Sans, wdth 100.0, wght 500, ital 0.0, bestEffort false} [CONTEXT service_id=132 ]
11-01 00:35:25.362   787 28590 I FontLog : Font PFD returned from cache for {Google Sans, wdth 100.0, wght 500, ital 0.0, bestEffort false} [CONTEXT service_id=132 ]
11-01 00:35:25.363   787 28590 I FontLog : Fetch {Google Sans, wdth 100.0, wght 500, ital 0.0, bestEffort false} end status Status{statusCode=SUCCESS, resolution=null} [CONTEXT service_id=132 ]
11-01 00:35:25.365   787  1174 I FontLog : Pulling font file for id = 2191, cache size = 6 [CONTEXT service_id=132 ]
11-01 00:35:25.368   787 28591 I FontLog : Received query name=Google Sans&weight=700&besteffort=false, URI content://com.google.android.gms.fonts [CONTEXT service_id=132 ]
11-01 00:35:25.368   787 28591 I FontLog : Query [name=Google Sans&weight=700&besteffort=false] resolved to {Google Sans, wdth 100.0, wght 700, ital 0.0, bestEffort false} [CONTEXT service_id=132 ]
11-01 00:35:25.370   787 28591 I FontLog : Fetch {Google Sans, wdth 100.0, wght 700, ital 0.0, bestEffort false} end status Status{statusCode=SUCCESS, resolution=null} [CONTEXT service_id=132 ]
11-01 00:35:25.375   787  1620 I FontLog : Pulling font file for id = 2192, cache size = 5 [CONTEXT service_id=132 ]
11-01 00:35:25.385   787 23224 I FontLog : Received query name=Noto Color Emoji Compat&weight=400&besteffort=false, URI content://com.google.android.gms.fonts [CONTEXT service_id=132 ]
11-01 00:35:25.385   787 23224 I FontLog : Query [name=Noto Color Emoji Compat&weight=400&besteffort=false] resolved to {Noto Color Emoji Compat, wdth 100.0, wght 400, ital 0.0, bestEffort false} [CONTEXT service_id=132 ]
11-01 00:35:25.389   787 23224 I FontLog : Fetch {Noto Color Emoji Compat, wdth 100.0, wght 400, ital 0.0, bestEffort false} end status Status{statusCode=SUCCESS, resolution=null} [CONTEXT service_id=132 ]
11-01 00:35:25.393   787  1716 I FontLog : Pulling font file for id = 2193, cache size = 6 [CONTEXT service_id=132 ]
11-01 00:35:25.445 29552 29557 I art     : Do partial code cache collection, code=85KB, data=107KB
11-01 00:35:25.447 29552 29557 I art     : After code cache collection, code=84KB, data=107KB
11-01 00:35:25.447 29552 29557 I art     : Increasing code cache capacity to 512KB
11-01 00:35:25.893   787 29741 I SQLiteConnectionPool: The connection pool for /data/user/0/com.google.android.gms/databases/metadata.db has been closed but there are still 1 connections in use.  They will be closed as they are released back to the pool.
11-01 00:35:25.956   787 29998 W NetworkScheduler: Error inserting service_kind=0 source=16 tag=Measurement.PackageMeasurementTaskService.UPLOAD_TASK_TAG target_package=com.google.android.gms requires_charging=0 source_version=203915000 required_network_type=0 flex_time=3460000 persistence_level=1 target_class=com.google.android.gms.measurement.PackageMeasurementTaskService runtime=1667259325951 retry_strategy={"maximum_backoff_seconds":{"3600":0},"initial_backoff_seconds":{"30":0},"retry_policy":{"0":0}} preferred_network_type=1 required_idleness_state=0 preferred_charging_state=1 period=6922000 last_runtime=0 task_type=0 job_id=-1 user_id=0, error message: UNIQUE constraint failed: pending_ops.tag, pending_ops.target_class, pending_ops.target_package, pending_ops.user_id (code 2067) [CONTEXT service_id=218 ]
11-01 00:35:25.958   787 29253 W FontLog : Error updating last accessed time for {Google Sans, wdth 100.0, wght 400, ital 0.0, bestEffort false}. [CONTEXT service_id=132 ]
11-01 00:35:25.958   787 29253 W FontLog : java.lang.IllegalStateException: Cannot perform this operation because the connection pool has been closed.
11-01 00:35:25.958   787 29253 W FontLog : 	at android.database.sqlite.SQLiteConnectionPool.throwIfClosedLocked(SQLiteConnectionPool.java:962)
11-01 00:35:25.958   787 29253 W FontLog : 	at android.database.sqlite.SQLiteConnectionPool.waitForConnection(SQLiteConnectionPool.java:677)
11-01 00:35:25.958   787 29253 W FontLog : 	at android.database.sqlite.SQLiteConnectionPool.acquireConnection(SQLiteConnectionPool.java:348)
11-01 00:35:25.958   787 29253 W FontLog : 	at android.database.sqlite.SQLiteSession.acquireConnection(SQLiteSession.java:894)
11-01 00:35:25.958   787 29253 W FontLog : 	at android.database.sqlite.SQLiteSession.prepare(SQLiteSession.java:586)
11-01 00:35:25.958   787 29253 W FontLog : 	at android.database.sqlite.SQLiteProgram.<init>(SQLiteProgram.java:58)
11-01 00:35:25.958   787 29253 W FontLog : 	at android.database.sqlite.SQLiteStatement.<init>(SQLiteStatement.java:31)
11-01 00:35:25.958   787 29253 W FontLog : 	at android.database.sqlite.SQLiteDatabase.executeSql(SQLiteDatabase.java:1677)
11-01 00:35:25.958   787 29253 W FontLog : 	at android.database.sqlite.SQLiteDatabase.execSQL(SQLiteDatabase.java:1658)
11-01 00:35:25.958   787 29253 W FontLog : 	at aafx.run(Unknown Source)
11-01 00:35:25.958   787 29253 W FontLog : 	at sup.b(:com.google.android.gms@203915020@20.39.15 (040406-335085812):12)
11-01 00:35:25.958   787 29253 W FontLog : 	at sup.run(:com.google.android.gms@203915020@20.39.15 (040406-335085812):7)
11-01 00:35:25.958   787 29253 W FontLog : 	at java.util.concurrent.ThreadPoolExecutor.runWorker(ThreadPoolExecutor.java:1133)
11-01 00:35:25.958   787 29253 W FontLog : 	at java.util.concurrent.ThreadPoolExecutor$Worker.run(ThreadPoolExecutor.java:607)
11-01 00:35:25.958   787 29253 W FontLog : 	at tam.run(:com.google.android.gms@203915020@20.39.15 (040406-335085812):0)
11-01 00:35:25.958   787 29253 W FontLog : 	at java.lang.Thread.run(Thread.java:761)
11-01 00:35:38.339 30024 30024 D AndroidRuntime: >>>>>> START com.android.internal.os.RuntimeInit uid 2000 <<<<<<
11-01 00:35:38.342 30024 30024 D AndroidRuntime: CheckJNI is OFF
11-01 00:35:38.406 30024 30024 D ICU     : No timezone override file found: /data/misc/zoneinfo/current/icu/icu_tzdata.dat
11-01 00:35:38.437 30024 30024 I Radio-JNI: register_android_hardware_Radio DONE
11-01 00:35:38.452 30024 30024 D AndroidRuntime: Calling main entry com.android.commands.monkey.Monkey
11-01 00:35:38.519   600   613 W BroadcastQueue: Skipping deliver [background] BroadcastRecord{4796758 u-1 android.net.conn.CONNECTIVITY_CHANGE} to ReceiverList{b3e00b1 30024 (unknown name)/2000/u-1 remote:9606aca}: process crashing
11-01 00:35:39.662 30024 30024 D MonkeyStub: translateCommand: wake
11-01 00:35:39.927 30024 30024 D MonkeyStub: translateCommand: tap 1156 1096
11-01 00:35:42.070 30024 30024 D MonkeyStub: translateCommand: tap 259 298
11-01 00:35:44.314 30024 30024 D MonkeyStub: translateCommand: tap 777 567
11-01 00:35:46.365 30024 30024 D MonkeyStub: translateCommand: tap 168 1070
11-01 00:35:54.555 30024 30024 D MonkeyStub: translateCommand: touch down 614 1561
11-01 00:35:54.566 30024 30024 D MonkeyStub: translateCommand: touch move 614 1561
11-01 00:35:54.685 30024 30024 D MonkeyStub: translateCommand: touch move 614 1436
11-01 00:35:54.797 30024 30024 D MonkeyStub: translateCommand: touch move 614 1311
11-01 00:35:54.911 30024 30024 D MonkeyStub: translateCommand: touch move 614 1186
11-01 00:35:55.016 30024 30024 D MonkeyStub: translateCommand: touch move 614 1061
11-01 00:35:55.121 30024 30024 D MonkeyStub: translateCommand: touch move 614 937
11-01 00:35:55.232 30024 30024 D MonkeyStub: translateCommand: touch move 614 812
11-01 00:35:55.340 30024 30024 D MonkeyStub: translateCommand: touch move 614 687
11-01 00:35:55.450 30024 30024 D MonkeyStub: translateCommand: touch move 614 562
11-01 00:35:55.561 30024 30024 D MonkeyStub: translateCommand: touch move 614 437
11-01 00:35:55.665 30024 30024 D MonkeyStub: translateCommand: touch move 614 312
11-01 00:35:55.671 30024 30024 D MonkeyStub: translateCommand: touch up 614 312
11-01 00:35:55.701 30024 30024 D MonkeyStub: translateCommand: touch down 614 1561
11-01 00:35:55.713 30024 30024 D MonkeyStub: translateCommand: touch move 614 1561
11-01 00:35:55.823 30024 30024 D MonkeyStub: translateCommand: touch move 614 1436
11-01 00:35:55.929 30024 30024 D MonkeyStub: translateCommand: touch move 614 1311
11-01 00:35:56.033 30024 30024 D MonkeyStub: translateCommand: touch move 614 1186
11-01 00:35:56.145 30024 30024 D MonkeyStub: translateCommand: touch move 614 1061
11-01 00:35:56.254 30024 30024 D MonkeyStub: translateCommand: touch move 614 937
11-01 00:35:56.364 30024 30024 D MonkeyStub: translateCommand: touch move 614 812
11-01 00:35:56.475 30024 30024 D MonkeyStub: translateCommand: touch move 614 687
11-01 00:35:56.581 30024 30024 D MonkeyStub: translateCommand: touch move 614 562
11-01 00:35:56.687 30024 30024 D MonkeyStub: translateCommand: touch move 614 437
11-01 00:35:56.802 30024 30024 D MonkeyStub: translateCommand: touch move 614 312
11-01 00:35:56.810 30024 30024 D MonkeyStub: translateCommand: touch up 614 312
11-01 00:36:01.516 30024 30024 D MonkeyStub: translateCommand: touch down 614 1561
11-01 00:36:01.541 30024 30024 D MonkeyStub: translateCommand: touch move 614 1561
11-01 00:36:01.650 30024 30024 D MonkeyStub: translateCommand: touch move 614 1436
11-01 00:36:01.759 30024 30024 D MonkeyStub: translateCommand: touch move 614 1311
11-01 00:36:01.880 30024 30024 D MonkeyStub: translateCommand: touch move 614 1186
11-01 00:36:02.011 30024 30024 D MonkeyStub: translateCommand: touch move 614 1061
11-01 00:36:02.127 30024 30024 D MonkeyStub: translateCommand: touch move 614 937
11-01 00:36:02.241 30024 30024 D MonkeyStub: translateCommand: touch move 614 812
11-01 00:36:02.366 30024 30024 D MonkeyStub: translateCommand: touch move 614 687
11-01 00:36:02.475 30024 30024 D MonkeyStub: translateCommand: touch move 614 562
11-01 00:36:02.580 30024 30024 D MonkeyStub: translateCommand: touch move 614 437
11-01 00:36:02.701 30024 30024 D MonkeyStub: translateCommand: touch move 614 312
11-01 00:36:02.707 30024 30024 D MonkeyStub: translateCommand: touch up 614 312
11-01 00:36:04.806 30024 30024 D MonkeyStub: translateCommand: tap 278 93
11-01 00:36:08.724   198   198 E SELinux : avc:  denied  { find } for service=netd pid=30069 uid=2000 scontext=u:r:shell:s0 tcontext=u:object_r:netd_service:s0 tclass=service_manager permissive=0
11-01 00:36:08.728   198   198 E SELinux : avc:  denied  { find } for service=android.service.gatekeeper.IGateKeeperService pid=30069 uid=2000 scontext=u:r:shell:s0 tcontext=u:object_r:gatekeeper_service:s0 tclass=service_manager permissive=0
11-01 00:36:12.987 30024 30024 D MonkeyStub: translateCommand: touch down 614 1561
11-01 00:36:13.001 30024 30024 D MonkeyStub: translateCommand: touch move 614 1561
11-01 00:36:13.109 30024 30024 D MonkeyStub: translateCommand: touch move 614 1436
11-01 00:36:13.221 30024 30024 D MonkeyStub: translateCommand: touch move 614 1311
11-01 00:36:13.335 30024 30024 D MonkeyStub: translateCommand: touch move 614 1186
11-01 00:36:13.440 30024 30024 D MonkeyStub: translateCommand: touch move 614 1061
11-01 00:36:13.551 30024 30024 D MonkeyStub: translateCommand: touch move 614 937
11-01 00:36:13.663 30024 30024 D MonkeyStub: translateCommand: touch move 614 812
11-01 00:36:13.784 30024 30024 D MonkeyStub: translateCommand: touch move 614 687
11-01 00:36:13.894 30024 30024 D MonkeyStub: translateCommand: touch move 614 562
11-01 00:36:14.015 30024 30024 D MonkeyStub: translateCommand: touch move 614 437
11-01 00:36:14.145 30024 30024 D MonkeyStub: translateCommand: touch move 614 312
11-01 00:36:14.156 30024 30024 D MonkeyStub: translateCommand: touch up 614 312
11-01 00:36:14.206 30024 30024 D MonkeyStub: translateCommand: touch down 614 1561
11-01 00:36:14.222 30024 30024 D MonkeyStub: translateCommand: touch move 614 1561
11-01 00:36:14.355 30024 30024 D MonkeyStub: translateCommand: touch move 614 1436
11-01 00:36:14.478 30024 30024 D MonkeyStub: translateCommand: touch move 614 1311
11-01 00:36:14.593 30024 30024 D MonkeyStub: translateCommand: touch move 614 1186
11-01 00:36:14.703 30024 30024 D MonkeyStub: translateCommand: touch move 614 1061
11-01 00:36:14.882 30024 30024 D MonkeyStub: translateCommand: touch move 614 937
11-01 00:36:14.998 30024 30024 D MonkeyStub: translateCommand: touch move 614 812
11-01 00:36:15.106 30024 30024 D MonkeyStub: translateCommand: touch move 614 687
11-01 00:36:15.220 30024 30024 D MonkeyStub: translateCommand: touch move 614 562
11-01 00:36:15.333 30024 30024 D MonkeyStub: translateCommand: touch move 614 437
11-01 00:36:15.452 30024 30024 D MonkeyStub: translateCommand: touch move 614 312
11-01 00:36:15.471 30024 30024 D MonkeyStub: translateCommand: touch up 614 312
11-01 00:36:19.540 30024 30024 D MonkeyStub: translateCommand: touch down 614 1561
11-01 00:36:19.563 30024 30024 D MonkeyStub: translateCommand: touch move 614 1561
11-01 00:36:19.674 30024 30024 D MonkeyStub: translateCommand: touch move 614 1436
11-01 00:36:19.783 30024 30024 D MonkeyStub: translateCommand: touch move 614 1311
11-01 00:36:19.895 30024 30024 D MonkeyStub: translateCommand: touch move 614 1186
11-01 00:36:20.003 30024 30024 D MonkeyStub: translateCommand: touch move 614 1061
11-01 00:36:20.113 30024 30024 D MonkeyStub: translateCommand: touch move 614 937
11-01 00:36:20.224 30024 30024 D MonkeyStub: translateCommand: touch move 614 812
11-01 00:36:20.333 30024 30024 D MonkeyStub: translateCommand: touch move 614 687
11-01 00:36:20.443 30024 30024 D MonkeyStub: translateCommand: touch move 614 562
11-01 00:36:20.553 30024 30024 D MonkeyStub: translateCommand: touch move 614 437
11-01 00:36:20.664 30024 30024 D MonkeyStub: translateCommand: touch move 614 312
11-01 00:36:20.672 30024 30024 D MonkeyStub: translateCommand: touch up 614 312
11-01 00:36:24.864 30024 30024 D MonkeyStub: translateCommand: touch down 614 1561
11-01 00:36:24.875 30024 30024 D MonkeyStub: translateCommand: touch move 614 1561
11-01 00:36:24.992 30024 30024 D MonkeyStub: translateCommand: touch move 614 1436
11-01 00:36:25.101 30024 30024 D MonkeyStub: translateCommand: touch move 614 1311
11-01 00:36:25.208 30024 30024 D MonkeyStub: translateCommand: touch move 614 1186
11-01 00:36:25.316 30024 30024 D MonkeyStub: translateCommand: touch move 614 1061
11-01 00:36:25.433 30024 30024 D MonkeyStub: translateCommand: touch move 614 937
11-01 00:36:25.559 30024 30024 D MonkeyStub: translateCommand: touch move 614 812
11-01 00:36:25.664 30024 30024 D MonkeyStub: translateCommand: touch move 614 687
11-01 00:36:25.774 30024 30024 D MonkeyStub: translateCommand: touch move 614 562
11-01 00:36:25.886 30024 30024 D MonkeyStub: translateCommand: touch move 614 437
11-01 00:36:25.996 30024 30024 D MonkeyStub: translateCommand: touch move 614 312
11-01 00:36:26.011 30024 30024 D MonkeyStub: translateCommand: touch up 614 312
11-01 00:36:26.019 30024 30024 D MonkeyStub: Quit requested
11-01 00:36:26.042   600   614 I CwMcuSensor: CwMcuSensor::flush: fd = 254, sensors_id = 0, path = /sys/class/htc_sensorhub/sensor_hub/flush, err = 0
11-01 00:36:26.047 30024 30024 I art     : System.exit called, status: 101
11-01 00:36:26.047 30024 30024 I AndroidRuntime: VM exiting with result code 101.
11-01 00:36:26.078   600  1082 W WindowManager: Attempted to remove non-existing token: android.os.Binder@7826996
11-01 00:36:42.057 30087 30087 D AndroidRuntime: >>>>>> START com.android.internal.os.RuntimeInit uid 2000 <<<<<<
11-01 00:36:42.060 30087 30087 D AndroidRuntime: CheckJNI is OFF
11-01 00:36:42.124 30087 30087 D ICU     : No timezone override file found: /data/misc/zoneinfo/current/icu/icu_tzdata.dat
11-01 00:36:42.154 30087 30087 I Radio-JNI: register_android_hardware_Radio DONE
11-01 00:36:42.168 30087 30087 D AndroidRuntime: Calling main entry com.android.commands.am.Am
11-01 00:36:42.184   600  3967 I ActivityManager: Force stopping com.opera.browser appid=10122 user=0: from pid 30087
11-01 00:36:42.184   600  3967 I ActivityManager: Killing 29694:com.opera.browser:privileged_process0/u0a122 (adj 0): stop com.opera.browser
11-01 00:36:42.184   600  3967 D ActivityManager: cleanUpApplicationRecord -- 29694
11-01 00:36:42.184   600  3967 W ActivityManager: Scheduling restart of crashed service com.opera.browser/com.opera.android.browser.chromium.services.PrivilegedProcessService0 in 1000ms
11-01 00:36:42.184   600  3967 I ActivityManager: Killing 29552:com.opera.browser/u0a122 (adj 0): stop com.opera.browser
11-01 00:36:42.184   600  3967 D ActivityManager: cleanUpApplicationRecord -- 29552
