--------- beginning of main
10-31 16:45:27.417 16954 16954 D AndroidRuntime: >>>>>> START com.android.internal.os.RuntimeInit uid 2000 <<<<<<
10-31 16:45:27.420 16954 16954 D AndroidRuntime: CheckJNI is OFF
10-31 16:45:27.487 16954 16954 D ICU     : No timezone override file found: /data/misc/zoneinfo/current/icu/icu_tzdata.dat
10-31 16:45:27.516 16954 16954 I Radio-JNI: register_android_hardware_Radio DONE
10-31 16:45:27.531 16954 16954 D AndroidRuntime: Calling main entry com.android.commands.am.Am
--------- beginning of system
10-31 16:45:27.548   600 16391 I ActivityManager: Force stopping com.opera.browser appid=10122 user=0: from pid 16954
10-31 16:45:27.558  1061  1061 D RegisteredNfcFServicesCache: Service unchanged, not updating
10-31 16:45:27.806   600   713 I ActivityManager: START u0 {act=android.intent.action.VIEW flg=0x10008000 cmp=com.opera.browser/com.opera.Opera} from uid 2000 on display 0
10-31 16:45:27.835 16954 16954 D AndroidRuntime: Shutting down VM
10-31 16:45:27.892   600 13631 I ActivityManager: Start proc 16964:com.opera.browser/u0a122 for activity com.opera.browser/com.opera.Opera
10-31 16:45:28.075 16964 16964 I art     : Starting a blocking GC AddRemoveAppImageSpace
10-31 16:45:28.223 16964 16964 I LoadedApk: No resource references to update in package com.opera.browser.nord_vpn
10-31 16:45:28.424 16964 16999 D NetworkSecurityConfig: Using Network Security Config from resource network_security_config_official_build debugBuild: false
10-31 16:45:28.447 16964 16964 I art     : Rejecting re-init on previously-failed class java.lang.Class<com.opera.android.job.a$j>: java.lang.NoClassDefFoundError: Failed resolution of: Landroid/app/job/JobServiceEngine;
10-31 16:45:28.447 16964 16964 I art     :   at void com.opera.android.OperaApplication.onCreate() (SourceFile:52)
10-31 16:45:28.447 16964 16964 I art     :   at void android.app.Instrumentation.callApplicationOnCreate(android.app.Application) (Instrumentation.java:1024)
10-31 16:45:28.447 16964 16964 I art     :   at void android.app.ActivityThread.handleBindApplication(android.app.ActivityThread$AppBindData) (ActivityThread.java:5403)
10-31 16:45:28.447 16964 16964 I art     :   at void android.app.ActivityThread.-wrap2(android.app.ActivityThread, android.app.ActivityThread$AppBindData) (ActivityThread.java:-1)
10-31 16:45:28.447 16964 16964 I art     :   at void android.app.ActivityThread$H.handleMessage(android.os.Message) (ActivityThread.java:1545)
10-31 16:45:28.447 16964 16964 I art     :   at void android.os.Handler.dispatchMessage(android.os.Message) (Handler.java:102)
10-31 16:45:28.447 16964 16964 I art     :   at void android.os.Looper.loop() (Looper.java:154)
10-31 16:45:28.447 16964 16964 I art     :   at void android.app.ActivityThread.main(java.lang.String[]) (ActivityThread.java:6119)
10-31 16:45:28.447 16964 16964 I art     :   at java.lang.Object java.lang.reflect.Method.invoke!(java.lang.Object, java.lang.Object[]) (Method.java:-2)
10-31 16:45:28.447 16964 16964 I art     :   at void com.android.internal.os.ZygoteInit$MethodAndArgsCaller.run() (ZygoteInit.java:886)
10-31 16:45:28.447 16964 16964 I art     :   at void com.android.internal.os.ZygoteInit.main(java.lang.String[]) (ZygoteInit.java:776)
10-31 16:45:28.447 16964 16964 I art     : Caused by: java.lang.ClassNotFoundException: Didn't find class "android.app.job.JobServiceEngine" on path: DexPathList[[zip file "/data/app/com.opera.browser-1/base.apk"],nativeLibraryDirectories=[/data/app/com.opera.browser-1/lib/arm, /data/app/com.opera.browser-1/base.apk!/lib/armeabi-v7a, /system/lib, /vendor/lib]]
10-31 16:45:28.447 16964 16964 I art     :   at java.lang.Class dalvik.system.BaseDexClassLoader.findClass(java.lang.String) (BaseDexClassLoader.java:56)
10-31 16:45:28.447 16964 16964 I art     :   at java.lang.Class java.lang.ClassLoader.loadClass(java.lang.String, boolean) (ClassLoader.java:380)
10-31 16:45:28.447 16964 16964 I art     :   at java.lang.Class java.lang.ClassLoader.loadClass(java.lang.String) (ClassLoader.java:312)
10-31 16:45:28.447 16964 16964 I art     :   at void com.opera.android.OperaApplication.onCreate() (SourceFile:52)
10-31 16:45:28.447 16964 16964 I art     :   at void android.app.Instrumentation.callApplicationOnCreate(android.app.Application) (Instrumentation.java:1024)
10-31 16:45:28.447 16964 16964 I art     :   at void android.app.ActivityThread.handleBindApplication(android.app.ActivityThread$AppBindData) (ActivityThread.java:5403)
10-31 16:45:28.447 16964 16964 I art     :   at void android.app.ActivityThread.-wrap2(android.app.ActivityThread, android.app.ActivityThread$AppBindData) (ActivityThread.java:-1)
10-31 16:45:28.447 16964 16964 I art     :   at void android.app.ActivityThread$H.handleMessage(android.os.Message) (ActivityThread.java:1545)
10-31 16:45:28.447 16964 16964 I art     :   at void android.os.Handler.dispatchMessage(android.os.Message) (Handler.java:102)
10-31 16:45:28.447 16964 16964 I art     :   at void android.os.Looper.loop() (Looper.java:154)
10-31 16:45:28.447 16964 16964 I art     :   at void android.app.ActivityThread.main(java.lang.String[]) (ActivityThread.java:6119)
10-31 16:45:28.447 16964 16964 I art     :   at java.lang.Object java.lang.reflect.Method.invoke!(java.lang.Object, java.lang.Object[]) (Method.java:-2)
10-31 16:45:28.447 16964 16964 I art     :   at void com.android.internal.os.ZygoteInit$MethodAndArgsCaller.run() (ZygoteInit.java:886)
10-31 16:45:28.447 16964 16964 I art     :   at void com.android.internal.os.ZygoteInit.main(java.lang.String[]) (ZygoteInit.java:776)
10-31 16:45:28.447 16964 16964 I art     : 
10-31 16:45:28.574 16964 16974 I art     : Background partial concurrent mark sweep GC freed 12931(769KB) AllocSpace objects, 11(300KB) LOS objects, 40% free, 4MB/7MB, paused 5.853ms total 99.635ms
10-31 16:45:28.746   600  3994 I ActivityManager: START u0 {act=android.intent.action.VIEW flg=0x10008000 cmp=com.opera.browser/com.opera.android.startup.WelcomeActivity} from uid 10122 on display 0
10-31 16:45:28.764   600   610 W ActivityManager: Duplicate finish request for ActivityRecord{542eb9a u0 com.opera.browser/com.opera.Opera t2430 f}
10-31 16:45:28.863   600   611 I WindowManager: Failed to capture screenshot of Token{4636ccb ActivityRecord{542eb9a u0 com.opera.browser/com.opera.Opera t2430 f}} appWin=Window{f0518c0 u0 Starting com.opera.browser} drawState=4
10-31 16:45:28.878   600   609 I art     : Background partial concurrent mark sweep GC freed 106365(4MB) AllocSpace objects, 21(460KB) LOS objects, 33% free, 17MB/25MB, paused 2.307ms total 170.353ms
10-31 16:45:29.145 16964 17012 I FA      : App measurement initialized, version: 43042
10-31 16:45:29.145 16964 17012 I FA      : To enable debug logging run: adb shell setprop log.tag.FA VERBOSE
10-31 16:45:29.145 16964 17012 I FA      : To enable faster debug mode event logging run:
10-31 16:45:29.145 16964 17012 I FA      :   adb shell setprop debug.firebase.analytics.app com.opera.browser
10-31 16:45:29.206 16964 17079 I OpenGLRenderer: Initialized EGL, version 1.4
10-31 16:45:29.206 16964 17079 D OpenGLRenderer: Swap behavior 2
10-31 16:45:29.267 16964 16974 I art     : Background sticky concurrent mark sweep GC freed 27215(2MB) AllocSpace objects, 11(220KB) LOS objects, 24% free, 5MB/7MB, paused 1.328ms total 111.019ms
10-31 16:45:29.464   600   620 I ActivityManager: Displayed com.opera.browser/com.opera.android.startup.WelcomeActivity: +601ms (total +1s629ms)
10-31 16:45:29.572   600  9614 I ActivityManager: Start proc 17103:com.opera.browser:privileged_process0/u0a122 for service com.opera.browser/com.opera.android.browser.chromium.services.PrivilegedProcessService0
10-31 16:45:29.581 16964 17093 W chromium: [WARNING:op_site_scripts.cc(424)] Failed to map /data/user/0/com.opera.browser/app_opera/sjs
10-31 16:45:29.587   600   620 W WindowManager: Failed looking up window
10-31 16:45:29.587   600   620 W WindowManager: java.lang.IllegalArgumentException: Requested window android.view.ViewRootImpl$W@9f2aa43 does not exist
10-31 16:45:29.587   600   620 W WindowManager: 	at com.android.server.wm.WindowManagerService.windowForClientLocked(WindowManagerService.java:9422)
10-31 16:45:29.587   600   620 W WindowManager: 	at com.android.server.wm.WindowManagerService.windowForClientLocked(WindowManagerService.java:9413)
10-31 16:45:29.587   600   620 W WindowManager: 	at com.android.server.wm.WindowManagerService.removeWindow(WindowManagerService.java:2393)
10-31 16:45:29.587   600   620 W WindowManager: 	at com.android.server.wm.Session.remove(Session.java:202)
10-31 16:45:29.587   600   620 W WindowManager: 	at android.view.ViewRootImpl.dispatchDetachedFromWindow(ViewRootImpl.java:3290)
10-31 16:45:29.587   600   620 W WindowManager: 	at android.view.ViewRootImpl.doDie(ViewRootImpl.java:5917)
10-31 16:45:29.587   600   620 W WindowManager: 	at android.view.ViewRootImpl$ViewRootHandler.handleMessage(ViewRootImpl.java:3626)
10-31 16:45:29.587   600   620 W WindowManager: 	at android.os.Handler.dispatchMessage(Handler.java:102)
10-31 16:45:29.587   600   620 W WindowManager: 	at android.os.Looper.loop(Looper.java:154)
10-31 16:45:29.587   600   620 W WindowManager: 	at android.os.HandlerThread.run(HandlerThread.java:61)
10-31 16:45:29.587   600   620 W WindowManager: 	at com.android.server.ServiceThread.run(ServiceThread.java:46)
10-31 16:45:29.674 17103 17103 I art     : Starting a blocking GC AddRemoveAppImageSpace
10-31 16:45:29.699 17103 17103 I LoadedApk: No resource references to update in package com.opera.browser.nord_vpn
10-31 16:45:29.818 16964 17012 I FA      : Tag Manager is not found and thus will not be used
10-31 16:45:29.823 16964 16974 I art     : Background sticky concurrent mark sweep GC freed 7962(735KB) AllocSpace objects, 13(260KB) LOS objects, 13% free, 6MB/7MB, paused 8.837ms total 106.901ms
10-31 16:45:29.879 17103 17123 E libEGL  : validate_display:99 error 3008 (EGL_BAD_DISPLAY)
10-31 16:45:30.002 18311 18323 W SearchService: Abort, client detached.
10-31 16:45:30.003 18311 18311 I MemoryTrimmer: Trimming objects from memory, since app is in the background.
10-31 16:45:30.022 18311 16874 I DeviceStateChecker: DeviceStateChecker cancelled
10-31 16:45:30.023 18311 18311 I MicroDetector: Keeping mic open: false
10-31 16:45:30.023 18311 18357 I AudioController: internalShutdown
10-31 16:45:30.023 18311 18357 I MicrophoneInputStream: mic_close com.google.android.apps.gsa.speech.audio.ae@1c0c2a9
10-31 16:45:30.024 18311 18405 I MicroRecognitionRunner: Stopping hotword detection.
10-31 16:45:30.037   238   285 I SoundTriggerHwService::Module: void android::SoundTriggerHwService::Module::onCallbackEvent(const sp<android::SoundTriggerHwService::CallbackEvent> &) mClient == 0
10-31 16:45:30.061 17103 17123 E libEGL  : validate_display:99 error 3008 (EGL_BAD_DISPLAY)
10-31 16:45:30.100 18311 16875 I MicroRecognitionRunner: Detection finished
10-31 16:45:30.119 18269 18269 I MemoryTrimmer: Trimming objects from memory, since app is in the background.
10-31 16:45:30.148 18311 18311 I MemoryTrimmer: Trimming objects from memory, since app is in the background.
10-31 16:45:30.412   787 17150 W NetworkScheduler: Error inserting service_kind=0 source=16 tag=Measurement.PackageMeasurementTaskService.UPLOAD_TASK_TAG target_package=com.google.android.gms requires_charging=0 source_version=203915000 required_network_type=0 flex_time=1928000 persistence_level=1 target_class=com.google.android.gms.measurement.PackageMeasurementTaskService runtime=1667231130400 retry_strategy={"maximum_backoff_seconds":{"3600":0},"initial_backoff_seconds":{"30":0},"retry_policy":{"0":0}} preferred_network_type=1 required_idleness_state=0 preferred_charging_state=1 period=3858000 last_runtime=0 task_type=0 job_id=-1 user_id=0, error message: UNIQUE constraint failed: pending_ops.tag, pending_ops.target_class, pending_ops.target_package, pending_ops.user_id (code 2067) [CONTEXT service_id=218 ]
10-31 16:45:30.441   787 15761 W NetworkScheduler: Error inserting service_kind=0 source=16 tag=Measurement.PackageMeasurementTaskService.UPLOAD_TASK_TAG target_package=com.google.android.gms requires_charging=0 source_version=203915000 required_network_type=0 flex_time=1928000 persistence_level=1 target_class=com.google.android.gms.measurement.PackageMeasurementTaskService runtime=1667231130437 retry_strategy={"maximum_backoff_seconds":{"3600":0},"initial_backoff_seconds":{"30":0},"retry_policy":{"0":0}} preferred_network_type=1 required_idleness_state=0 preferred_charging_state=1 period=3858000 last_runtime=0 task_type=0 job_id=-1 user_id=0, error message: UNIQUE constraint failed: pending_ops.tag, pending_ops.target_class, pending_ops.target_package, pending_ops.user_id (code 2067) [CONTEXT service_id=218 ]
10-31 16:45:30.463   787 17150 W NetworkScheduler: Error inserting service_kind=0 source=16 tag=Measurement.PackageMeasurementTaskService.UPLOAD_TASK_TAG target_package=com.google.android.gms requires_charging=0 source_version=203915000 required_network_type=0 flex_time=1928000 persistence_level=1 target_class=com.google.android.gms.measurement.PackageMeasurementTaskService runtime=1667231130462 retry_strategy={"maximum_backoff_seconds":{"3600":0},"initial_backoff_seconds":{"30":0},"retry_policy":{"0":0}} preferred_network_type=1 required_idleness_state=0 preferred_charging_state=1 period=3858000 last_runtime=0 task_type=0 job_id=-1 user_id=0, error message: UNIQUE constraint failed: pending_ops.tag, pending_ops.target_class, pending_ops.target_package, pending_ops.user_id (code 2067) [CONTEXT service_id=218 ]
10-31 16:45:33.768 16964 16964 I PlayCore: UID: [10122]  PID: [16964] AppUpdateListenerRegistry : registerListener
10-31 16:45:33.771 16964 16964 I PlayCore: UID: [10122]  PID: [16964] AppUpdateService : requestUpdateInfo(com.opera.browser)
10-31 16:45:33.772 16964 17180 I PlayCore: UID: [10122]  PID: [16964] AppUpdateService : Initiate binding to the service.
10-31 16:45:33.773   600 24515 W ActivityManager: Unable to start service Intent { act=com.google.android.play.core.install.BIND_UPDATE_SERVICE pkg=com.android.vending } U=0: not found
10-31 16:45:33.774 16964 17180 I PlayCore: UID: [10122]  PID: [16964] AppUpdateService : Failed to bind to the service.
10-31 16:45:33.905 16964 17182 D ApplicationLoaders: ignored Vulkan layer search path /data/app/com.google.android.gms-1/lib/arm:/data/app/com.google.android.gms-1/base.apk!/lib/armeabi-v7a:/data/app/com.google.android.gms-1/split_config.en.apk!/lib/armeabi-v7a for namespace 0xf4a41090
10-31 16:45:33.922 16964 17182 W ResourceType: ResTable_typeSpec entry count inconsistent: given 67, previously 69
10-31 16:45:33.923 16964 17182 W ResourceType: ResTable_typeSpec entry count inconsistent: given 5346, previously 5347
10-31 16:45:34.207   600   612 D SyncManager: failed sync operation JobId: 100983, com.opera.browser u0 (com.opera.browser.ping), com.opera.browser.ping.provider, SERVER, reason: 10122, SyncResult: delayUntil: 1667238334 stats [ numIoExceptions: 1]
10-31 16:45:38.778   787   804 I art     : Background partial concurrent mark sweep GC freed 50334(3MB) AllocSpace objects, 5(100KB) LOS objects, 40% free, 11MB/19MB, paused 818us total 100.406ms
10-31 16:45:38.780   787   802 W SQLiteConnectionPool: A SQLiteConnection object for database '/data/user/0/com.google.android.gms/databases/metadata.db' was leaked!  Please fix your application to end transactions in progress properly and to close the database when it is no longer needed.
10-31 16:45:39.044   787  1169 W GmsStrictMode: LEAKED_CLOSABLE [CONTEXT service_id=256 ]
10-31 16:45:39.044   787  1169 W GmsStrictMode: rvo: LEAKED_CLOSABLE
10-31 16:45:39.044   787  1169 W GmsStrictMode: 	at dalvik.system.VMStack.getThreadStackTrace(Native Method)
10-31 16:45:39.044   787  1169 W GmsStrictMode: 	at java.lang.Thread.getStackTrace(Thread.java:1566)
10-31 16:45:39.044   787  1169 W GmsStrictMode: 	at bhdb.containsKey(:com.google.android.gms@203915020@20.39.15 (040406-335085812):1)
10-31 16:45:39.044   787  1169 W GmsStrictMode: 	at android.os.StrictMode.onVmPolicyViolation(StrictMode.java:1867)
10-31 16:45:39.044   787  1169 W GmsStrictMode: 	at android.os.StrictMode.onVmPolicyViolation(StrictMode.java:1844)
10-31 16:45:39.044   787  1169 W GmsStrictMode: 	at android.os.StrictMode$AndroidCloseGuardReporter.report(StrictMode.java:1590)
10-31 16:45:39.044   787  1169 W GmsStrictMode: 	at dalvik.system.CloseGuard.warnIfOpen(CloseGuard.java:208)
10-31 16:45:39.044   787  1169 W GmsStrictMode: 	at android.database.sqlite.SQLiteConnection.dispose(SQLiteConnection.java:231)
10-31 16:45:39.044   787  1169 W GmsStrictMode: 	at android.database.sqlite.SQLiteConnection.finalize(SQLiteConnection.java:180)
10-31 16:45:39.044   787  1169 W GmsStrictMode: 	at java.lang.Daemons$FinalizerDaemon.doFinalize(Daemons.java:222)
10-31 16:45:39.044   787  1169 W GmsStrictMode: 	at java.lang.Daemons$FinalizerDaemon.run(Daemons.java:209)
10-31 16:45:39.044   787  1169 W GmsStrictMode: 	at java.lang.Thread.run(Thread.java:761)
10-31 16:45:40.458 17205 17205 D AndroidRuntime: >>>>>> START com.android.internal.os.RuntimeInit uid 2000 <<<<<<
10-31 16:45:40.461 17205 17205 D AndroidRuntime: CheckJNI is OFF
10-31 16:45:40.528 17205 17205 D ICU     : No timezone override file found: /data/misc/zoneinfo/current/icu/icu_tzdata.dat
10-31 16:45:40.563 17205 17205 I Radio-JNI: register_android_hardware_Radio DONE
10-31 16:45:40.578 17205 17205 D AndroidRuntime: Calling main entry com.android.commands.monkey.Monkey
10-31 16:45:40.693   600   613 W BroadcastQueue: Skipping deliver [background] BroadcastRecord{8c17221 u-1 android.net.conn.CONNECTIVITY_CHANGE} to ReceiverList{1a9d646 17205 (unknown name)/2000/u-1 remote:1848c2b}: process crashing
10-31 16:45:41.991 17205 17205 D MonkeyStub: translateCommand: wake
10-31 16:45:42.104 17205 17205 D MonkeyStub: translateCommand: tap 960 1881
10-31 16:45:42.192   600   707 I ActivityManager: START u0 {act=android.intent.action.VIEW flg=0x1000000 cmp=com.opera.browser/com.opera.android.IntentDispatcherActivity} from uid 10122 on display 0
10-31 16:45:42.288   600 24515 I ActivityManager: START u0 {act=android.intent.action.VIEW flg=0x15002000 cmp=com.opera.browser/com.opera.android.BrowserActivity} from uid 10122 on display 0
10-31 16:45:42.291 18269 18304 I OpenGLRenderer: Initialized EGL, version 1.4
10-31 16:45:42.294 18269 18304 D OpenGLRenderer: Swap behavior 2
10-31 16:45:42.420   600   609 I art     : Background partial concurrent mark sweep GC freed 43182(2MB) AllocSpace objects, 43(1292KB) LOS objects, 33% free, 17MB/25MB, paused 2.825ms total 154.114ms
10-31 16:45:42.526 18269 18269 I MemoryTrimmer: Trimming objects from memory, since app is in the background.
10-31 16:45:42.708 16964 17256 W ResourceType: ResTable_typeSpec entry count inconsistent: given 67, previously 69
10-31 16:45:42.708 16964 17256 W ResourceType: ResTable_typeSpec entry count inconsistent: given 5346, previously 5347
10-31 16:45:42.734 16964 16974 I art     : Background partial concurrent mark sweep GC freed 44440(2MB) AllocSpace objects, 22(440KB) LOS objects, 40% free, 7MB/12MB, paused 2.934ms total 103.277ms
10-31 16:45:42.781 16964 17227 E [Leanplum][ERROR]: No variable values were received from the server. Please contact us to investigate.
10-31 16:45:42.899   600   620 I ActivityManager: Displayed com.opera.browser/com.opera.android.BrowserActivity: +586ms (total +670ms)
10-31 16:45:42.943   600  3507 I CwMcuSensor: CwMcuSensor::flush: fd = 263, sensors_id = 0, path = /sys/class/htc_sensorhub/sensor_hub/flush, err = 0
10-31 16:45:42.996 16964 17079 D OpenGLRenderer: endAllActiveAnimators on 0xce470c00 (RippleDrawable) with handle 0xf0e2f950
10-31 16:45:43.535   600   647 I WifiHAL : Got channel list with 13 channels
10-31 16:45:43.535   600   647 I WifiHAL : Got channel list with 4 channels
10-31 16:45:43.536   600   647 I WifiHAL : Got channel list with 15 channels
10-31 16:45:43.597 16964 16969 I art     : Do partial code cache collection, code=18KB, data=30KB
10-31 16:45:43.606 16964 16964 E Sensors : sendAck failure -1 1
10-31 16:45:43.606 16964 16964 E Sensors : sendAck failure -1 2
10-31 16:45:43.606 16964 16964 E Sensors : sendAck failure -1 3
10-31 16:45:43.606 16964 16964 E Sensors : sendAck failure -1 4
10-31 16:45:43.606 16964 16964 E Sensors : sendAck failure -1 5
10-31 16:45:43.606 16964 16964 E Sensors : sendAck failure -1 6
10-31 16:45:43.606 16964 16964 E Sensors : sendAck failure -1 7
10-31 16:45:43.606 16964 16964 E Sensors : sendAck failure -1 8
10-31 16:45:43.606 16964 16964 E Sensors : sendAck failure -1 9
10-31 16:45:43.606 16964 16964 E Sensors : sendAck failure -1 10
10-31 16:45:43.606 16964 16964 E Sensors : sendAck failure -1 11
10-31 16:45:43.606 16964 16964 E Sensors : sendAck failure -1 12
10-31 16:45:43.606 16964 16964 E Sensors : sendAck failure -1 13
10-31 16:45:43.606 16964 16964 E Sensors : sendAck failure -1 14
10-31 16:45:43.607 16964 16964 E Sensors : sendAck failure -1 15
10-31 16:45:43.607 16964 16964 E Sensors : sendAck failure -1 16
10-31 16:45:43.607 16964 16964 E Sensors : sendAck failure -1 17
10-31 16:45:43.607 16964 16964 E Sensors : sendAck failure -1 18
10-31 16:45:43.607 16964 16964 E Sensors : sendAck failure -1 19
10-31 16:45:43.607 16964 16964 E Sensors : sendAck failure -1 20
10-31 16:45:43.607 16964 16964 E Sensors : sendAck failure -1 21
10-31 16:45:43.607 16964 16964 E Sensors : sendAck failure -1 22
10-31 16:45:43.607 16964 16964 E Sensors : sendAck failure -1 23
10-31 16:45:43.607 16964 16964 E Sensors : sendAck failure -1 24
10-31 16:45:43.607 16964 16964 E Sensors : sendAck failure -1 25
10-31 16:45:43.607 16964 16964 E Sensors : sendAck failure -1 26
10-31 16:45:43.607 16964 16964 E Sensors : sendAck failure -1 27
10-31 16:45:43.607 16964 16964 E Sensors : sendAck failure -1 28
10-31 16:45:43.607 16964 16964 E Sensors : sendAck failure -1 29
10-31 16:45:43.607 16964 16964 E Sensors : sendAck failure -1 30
10-31 16:45:43.607 16964 16964 E Sensors : sendAck failure -1 31
10-31 16:45:43.607 16964 16964 E Sensors : sendAck failure -1 32
10-31 16:45:43.607 16964 16964 E Sensors : sendAck failure -1 33
10-31 16:45:43.607 16964 16964 E Sensors : sendAck failure -1 34
10-31 16:45:43.607 16964 16964 E Sensors : sendAck failure -1 35
10-31 16:45:43.607 16964 16964 E Sensors : sendAck failure -1 36
10-31 16:45:43.607 16964 16964 E Sensors : sendAck failure -1 37
10-31 16:45:43.607 16964 16964 E Sensors : sendAck failure -1 38
10-31 16:45:43.607 16964 16964 E Sensors : sendAck failure -1 39
10-31 16:45:43.607 16964 16964 E Sensors : sendAck failure -1 40
10-31 16:45:43.607 16964 16964 E Sensors : sendAck failure -1 41
10-31 16:45:43.607 16964 16964 E Sensors : sendAck failure -1 42
10-31 16:45:43.607 16964 16964 E Sensors : sendAck failure -1 43
10-31 16:45:43.607 16964 16964 E Sensors : sendAck failure -1 1
10-31 16:45:43.607 16964 16964 E Sensors : sendAck failure -1 2
10-31 16:45:43.607 16964 16964 E Sensors : sendAck failure -1 3
10-31 16:45:43.607 16964 16964 E Sensors : sendAck failure -1 4
10-31 16:45:43.607 16964 16964 E Sensors : sendAck failure -1 5
10-31 16:45:43.607 16964 16964 E Sensors : sendAck failure -1 6
10-31 16:45:43.607 16964 16964 E Sensors : sendAck failure -1 7
10-31 16:45:43.607 16964 16964 E Sensors : sendAck failure -1 8
10-31 16:45:43.607 16964 16964 E Sensors : sendAck failure -1 9
10-31 16:45:43.607 16964 16964 E Sensors : sendAck failure -1 10
10-31 16:45:43.607 16964 16964 E Sensors : sendAck failure -1 11
10-31 16:45:43.607 16964 16964 E Sensors : sendAck failure -1 12
10-31 16:45:43.607 16964 16964 E Sensors : sendAck failure -1 13
10-31 16:45:43.607 16964 16964 E Sensors : sendAck failure -1 14
10-31 16:45:43.607 16964 16964 E Sensors : sendAck failure -1 15
10-31 16:45:43.607 16964 16964 E Sensors : sendAck failure -1 16
10-31 16:45:43.607 16964 16964 E Sensors : sendAck failure -1 17
10-31 16:45:43.607 16964 16964 E Sensors : sendAck failure -1 18
10-31 16:45:43.608 16964 16964 E Sensors : sendAck failure -1 19
10-31 16:45:43.608 16964 16964 E Sensors : sendAck failure -1 20
10-31 16:45:43.608 16964 16964 E Sensors : sendAck failure -1 21
10-31 16:45:43.608 16964 16964 E Sensors : sendAck failure -1 22
10-31 16:45:43.608 16964 16964 E Sensors : sendAck failure -1 23
10-31 16:45:43.608 16964 16964 E Sensors : sendAck failure -1 24
10-31 16:45:43.608 16964 16964 E Sensors : sendAck failure -1 25
10-31 16:45:43.608 16964 16964 E Sensors : sendAck failure -1 26
10-31 16:45:43.608 16964 16964 E Sensors : sendAck failure -1 27
10-31 16:45:43.608 16964 16964 E Sensors : sendAck failure -1 28
10-31 16:45:43.608 16964 16964 E Sensors : sendAck failure -1 29
10-31 16:45:43.608 16964 16964 E Sensors : sendAck failure -1 30
10-31 16:45:43.608 16964 16964 E Sensors : sendAck failure -1 31
10-31 16:45:43.608 16964 16964 E Sensors : sendAck failure -1 32
10-31 16:45:43.608 16964 16964 E Sensors : sendAck failure -1 33
10-31 16:45:43.608 16964 16964 E Sensors : sendAck failure -1 34
10-31 16:45:43.608 16964 16964 E Sensors : sendAck failure -1 35
10-31 16:45:43.608 16964 16964 E Sensors : sendAck failure -1 36
10-31 16:45:43.608 16964 16964 E Sensors : sendAck failure -1 37
10-31 16:45:43.608 16964 16964 E Sensors : sendAck failure -1 38
10-31 16:45:43.608 16964 16964 E Sensors : sendAck failure -1 39
10-31 16:45:43.608 16964 16964 E Sensors : sendAck failure -1 40
10-31 16:45:43.608 16964 16964 E Sensors : sendAck failure -1 41
10-31 16:45:43.608 16964 16964 E Sensors : sendAck failure -1 42
10-31 16:45:43.608 16964 16964 E Sensors : sendAck failure -1 43
10-31 16:45:43.610 16964 16969 I art     : After code cache collection, code=18KB, data=30KB
10-31 16:45:43.610 16964 16969 I art     : Increasing code cache capacity to 128KB
10-31 16:45:43.658 16964 16964 I Choreographer: Skipped 40 frames!  The application may be doing too much work on its main thread.
10-31 16:45:43.825 16964 16974 I art     : Background sticky concurrent mark sweep GC freed 46021(2MB) AllocSpace objects, 37(740KB) LOS objects, 20% free, 9MB/12MB, paused 4.451ms total 171.251ms
10-31 16:45:43.921 16964 16964 W View    : requestLayout() improperly called by com.opera.android.custom_views.FadingRecyclerView{5886e4a VFED.V... ......ID 0,813-1536,813 #7f0a0825 app:id/suggested_dials_grid} during layout: running second layout pass
10-31 16:45:43.979 16964 16964 E Sensors : sendAck failure -1 1
10-31 16:45:44.065 16964 16974 I art     : Background partial concurrent mark sweep GC freed 45067(2MB) AllocSpace objects, 14(968KB) LOS objects, 40% free, 10MB/18MB, paused 2.461ms total 134.456ms
10-31 16:45:44.333 18311 18311 I MemoryTrimmer: Trimming objects from memory, since app is in the background.
10-31 16:45:44.394   787 16766 W NetworkScheduler: Error inserting service_kind=0 source=16 tag=Measurement.PackageMeasurementTaskService.UPLOAD_TASK_TAG target_package=com.google.android.gms requires_charging=0 source_version=203915000 required_network_type=0 flex_time=1914000 persistence_level=1 target_class=com.google.android.gms.measurement.PackageMeasurementTaskService runtime=1667231144391 retry_strategy={"maximum_backoff_seconds":{"3600":0},"initial_backoff_seconds":{"30":0},"retry_policy":{"0":0}} preferred_network_type=1 required_idleness_state=0 preferred_charging_state=1 period=3830000 last_runtime=0 task_type=0 job_id=-1 user_id=0, error message: UNIQUE constraint failed: pending_ops.tag, pending_ops.target_class, pending_ops.target_package, pending_ops.user_id (code 2067) [CONTEXT service_id=218 ]
10-31 16:45:44.545 17329 17329 I dex2oat : /system/bin/dex2oat --dex-file=/data/user/0/com.opera.browser/code_cache/.       --oat-fd=202 --oat-location=/data/user/0/com.opera.browser/code_cache/.     --compiler-filter=speed
10-31 16:45:44.820 16964 16964 E Sensors : sendAck failure -1 1
10-31 16:45:44.820 16964 16964 E Sensors : sendAck failure -1 2
10-31 16:45:44.820 16964 16964 E Sensors : sendAck failure -1 3
10-31 16:45:44.820 16964 16964 E Sensors : sendAck failure -1 4
10-31 16:45:44.820 16964 16964 E Sensors : sendAck failure -1 5
10-31 16:45:44.820 16964 16964 E Sensors : sendAck failure -1 6
10-31 16:45:44.820 16964 16964 E Sensors : sendAck failure -1 7
10-31 16:45:44.820 16964 16964 E Sensors : sendAck failure -1 8
10-31 16:45:44.820 16964 16964 E Sensors : sendAck failure -1 9
10-31 16:45:44.820 16964 16964 E Sensors : sendAck failure -1 10
10-31 16:45:44.821 16964 16964 E Sensors : sendAck failure -1 11
10-31 16:45:44.821 16964 16964 E Sensors : sendAck failure -1 12
10-31 16:45:44.821 16964 16964 E Sensors : sendAck failure -1 13
10-31 16:45:44.821 16964 16964 E Sensors : sendAck failure -1 14
10-31 16:45:44.821 16964 16964 E Sensors : sendAck failure -1 15
10-31 16:45:44.821 16964 16964 E Sensors : sendAck failure -1 16
10-31 16:45:44.822 16964 16964 E Sensors : sendAck failure -1 1
10-31 16:45:44.823 16964 16964 E Sensors : sendAck failure -1 2
10-31 16:45:44.823 16964 16964 E Sensors : sendAck failure -1 3
10-31 16:45:44.823 16964 16964 E Sensors : sendAck failure -1 4
10-31 16:45:44.823 16964 16964 E Sensors : sendAck failure -1 5
10-31 16:45:44.823 16964 16964 E Sensors : sendAck failure -1 6
10-31 16:45:44.823 16964 16964 E Sensors : sendAck failure -1 7
10-31 16:45:44.823 16964 16964 E Sensors : sendAck failure -1 8
10-31 16:45:44.823 16964 16964 E Sensors : sendAck failure -1 1
10-31 16:45:44.823 16964 16964 E Sensors : sendAck failure -1 1
10-31 16:45:44.823 16964 16964 E Sensors : sendAck failure -1 2
10-31 16:45:44.823 16964 16964 E Sensors : sendAck failure -1 3
10-31 16:45:44.823 16964 16964 E Sensors : sendAck failure -1 4
10-31 16:45:44.823 16964 16964 E Sensors : sendAck failure -1 5
10-31 16:45:44.823 16964 16964 E Sensors : sendAck failure -1 6
10-31 16:45:44.823 16964 16964 E Sensors : sendAck failure -1 7
10-31 16:45:44.823 16964 16964 E Sensors : sendAck failure -1 8
10-31 16:45:44.823 16964 16964 E Sensors : sendAck failure -1 9
10-31 16:45:44.823 16964 16964 E Sensors : sendAck failure -1 10
10-31 16:45:44.823 16964 16964 E Sensors : sendAck failure -1 11
10-31 16:45:44.823 16964 16964 E Sensors : sendAck failure -1 12
10-31 16:45:44.823 16964 16964 E Sensors : sendAck failure -1 13
10-31 16:45:44.823 16964 16964 E Sensors : sendAck failure -1 14
10-31 16:45:44.823 16964 16964 E Sensors : sendAck failure -1 15
10-31 16:45:44.823 16964 16964 E Sensors : sendAck failure -1 16
10-31 16:45:44.823 16964 16964 E Sensors : sendAck failure -1 17
10-31 16:45:44.823 16964 16964 E Sensors : sendAck failure -1 18
10-31 16:45:44.823 16964 16964 E Sensors : sendAck failure -1 19
10-31 16:45:44.823 16964 16964 E Sensors : sendAck failure -1 20
10-31 16:45:44.824 16964 16964 E Sensors : sendAck failure -1 21
10-31 16:45:44.824 16964 16964 E Sensors : sendAck failure -1 22
10-31 16:45:44.824 16964 16964 E Sensors : sendAck failure -1 23
10-31 16:45:44.824 16964 16964 E Sensors : sendAck failure -1 24
10-31 16:45:44.918   787 16766 W NetworkScheduler: Error inserting service_kind=0 source=16 tag=Measurement.PackageMeasurementTaskService.UPLOAD_TASK_TAG target_package=com.google.android.gms requires_charging=0 source_version=203915000 required_network_type=0 flex_time=1914000 persistence_level=1 target_class=com.google.android.gms.measurement.PackageMeasurementTaskService runtime=1667231144679 retry_strategy={"maximum_backoff_seconds":{"3600":0},"initial_backoff_seconds":{"30":0},"retry_policy":{"0":0}} preferred_network_type=1 required_idleness_state=0 preferred_charging_state=1 period=3830000 last_runtime=0 task_type=0 job_id=-1 user_id=0, error message: UNIQUE constraint failed: pending_ops.tag, pending_ops.target_class, pending_ops.target_package, pending_ops.user_id (code 2067) [CONTEXT service_id=218 ]
10-31 16:45:45.080 17329 17329 I dex2oat : dex2oat took 536.821ms (threads: 2) arena alloc=432KB (442800B) java alloc=32KB (33064B) native alloc=354KB (362688B) free=1181KB (1210176B)
10-31 16:45:45.088 16964 16974 I art     : Background sticky concurrent mark sweep GC freed 42441(4MB) AllocSpace objects, 47(2MB) LOS objects, 20% free, 14MB/18MB, paused 5.808ms total 219.996ms
10-31 16:45:45.242 17337 17337 I dex2oat : /system/bin/dex2oat --dex-file=/data/user/0/com.opera.browser/code_cache/.​     --oat-fd=142 --oat-location=/data/user/0/com.opera.browser/code_cache/.​ ​ --compiler-filter=speed
10-31 16:45:45.439 16964 16969 I art     : Do partial code cache collection, code=36KB, data=62KB
10-31 16:45:45.466 16964 16969 I art     : After code cache collection, code=36KB, data=62KB
10-31 16:45:45.466 16964 16969 I art     : Increasing code cache capacity to 256KB
10-31 16:45:45.601 17337 17337 I dex2oat : dex2oat took 372.278ms (threads: 2) arena alloc=483KB (495448B) java alloc=97KB (100080B) native alloc=523KB (536384B) free=1524KB (1560768B)
10-31 16:45:45.640 16964 16974 W art     : Suspending all threads took: 7.523ms
10-31 16:45:45.686 16964 16974 I art     : Background sticky concurrent mark sweep GC freed 51788(2MB) AllocSpace objects, 12(840KB) LOS objects, 8% free, 16MB/18MB, paused 11.985ms total 159.973ms
10-31 16:45:45.859 16964 16974 I art     : Background partial concurrent mark sweep GC freed 71167(3MB) AllocSpace objects, 16(1456KB) LOS objects, 39% free, 13MB/22MB, paused 3.780ms total 135.547ms
10-31 16:45:46.202 17205 17205 D MonkeyStub: translateCommand: tap 57 93
10-31 16:45:48.254 17205 17205 D MonkeyStub: translateCommand: tap 57 93
10-31 16:45:50.500 17205 17205 D MonkeyStub: translateCommand: tap 446 593
10-31 16:45:52.557 17205 17205 D MonkeyStub: translateCommand: tap 667 302
10-31 16:45:52.734 16964 16969 I art     : Do full code cache collection, code=81KB, data=124KB
10-31 16:45:52.736 16964 16969 I art     : Starting a blocking GC JitCodeCache
10-31 16:45:52.736 16964 16969 I art     : After code cache collection, code=63KB, data=68KB
10-31 16:45:55.833 17205 17205 D MonkeyStub: translateCommand: tap 1286 930
10-31 16:45:57.067 17205 17205 D MonkeyStub: translateCommand: tap 62 98
10-31 16:45:57.107 17205 17205 D MonkeyStub: translateCommand: tap 729 89
10-31 16:45:57.118 17205 17205 D MonkeyStub: Quit requested
10-31 16:45:57.161   600   614 I CwMcuSensor: CwMcuSensor::flush: fd = 238, sensors_id = 0, path = /sys/class/htc_sensorhub/sensor_hub/flush, err = 0
10-31 16:45:57.183 17205 17205 I art     : System.exit called, status: 16
10-31 16:45:57.183 17205 17205 I AndroidRuntime: VM exiting with result code 16.
10-31 16:45:57.184   238   281 D AudioFlinger: mixer(0xef5030c0) throttle end: throttle time(9)
10-31 16:45:57.221   600  2707 W WindowManager: Attempted to remove non-existing token: android.os.Binder@d9d10d2
10-31 16:45:57.427   600  1082 E BatteryStatsService: power: Missing API
10-31 16:45:57.432   600  1082 E BatteryStatsService: no controller energy info supplied
10-31 16:45:57.446   796   796 E PhoneInterfaceManager: [PhoneIntfMgr] queryModemActivityInfo: Empty response
10-31 16:45:57.452   600  1082 E BatteryStatsService: modem info is invalid: ModemActivityInfo{ mTimestamp=0 mSleepTimeMs=0 mIdleTimeMs=0 mTxTimeMs[]=[0, 0, 0, 0, 0] mRxTimeMs=0 mEnergyUsed=0}
10-31 16:45:57.853 17369 17369 D AndroidRuntime: >>>>>> START com.android.internal.os.RuntimeInit uid 2000 <<<<<<
10-31 16:45:57.857 17369 17369 D AndroidRuntime: CheckJNI is OFF
10-31 16:45:57.925 17369 17369 D ICU     : No timezone override file found: /data/misc/zoneinfo/current/icu/icu_tzdata.dat
10-31 16:45:57.955 17369 17369 I Radio-JNI: register_android_hardware_Radio DONE
10-31 16:45:57.970 17369 17369 D AndroidRuntime: Calling main entry com.android.commands.am.Am
10-31 16:45:57.989   600  3675 I ActivityManager: START u0 {act=android.intent.action.VIEW dat=http://w3schools.com/... flg=0x10000000 cmp=com.opera.browser/com.opera.Opera} from uid 2000 on display 0
10-31 16:45:57.994 17369 17369 D AndroidRuntime: Shutting down VM
10-31 16:45:58.102 16964 16964 W art     : Before Android 4.1, method double java.util.concurrent.ThreadLocalRandom.internalNextDouble(double, double) would have incorrectly overridden the package-private method in java.util.Random
10-31 16:45:58.102 16964 16964 W art     : Before Android 4.1, method int java.util.concurrent.ThreadLocalRandom.internalNextInt(int, int) would have incorrectly overridden the package-private method in java.util.Random
10-31 16:45:58.102 16964 16964 W art     : Before Android 4.1, method long java.util.concurrent.ThreadLocalRandom.internalNextLong(long, long) would have incorrectly overridden the package-private method in java.util.Random
10-31 16:45:58.147   600   619 D BluetoothManagerService: Message: 20
10-31 16:45:58.147   600   619 D BluetoothManagerService: Added callback: android.bluetooth.IBluetoothManagerCallback$Stub$Proxy@a92b266:true
10-31 16:45:58.160   600 10249 I ActivityManager: Start proc 17382:com.opera.browser:sandboxed_process0/u0a122 for service com.opera.browser/com.opera.android.browser.chromium.services.SandboxedProcessService0
10-31 16:45:58.203   600 13557 D DnsEventListenerService: Logging 100 results for netId 101
10-31 16:45:58.214 17382 17382 I art     : Starting a blocking GC AddRemoveAppImageSpace
10-31 16:45:58.243 17382 17382 I LoadedApk: No resource references to update in package com.opera.browser.nord_vpn
10-31 16:45:58.293 16964 17302 W ResourceType: ResTable_typeSpec entry count inconsistent: given 67, previously 69
10-31 16:45:58.293 16964 17302 W ResourceType: ResTable_typeSpec entry count inconsistent: given 5346, previously 5347
10-31 16:45:58.428   787  1245 I FontLog : Received query name=Google Sans&weight=400&besteffort=false, URI content://com.google.android.gms.fonts [CONTEXT service_id=132 ]
10-31 16:45:58.428   787  1245 I FontLog : Query [name=Google Sans&weight=400&besteffort=false] resolved to {Google Sans, wdth 100.0, wght 400, ital 0.0, bestEffort false} [CONTEXT service_id=132 ]
10-31 16:45:58.432   787  1245 I FontLog : Font PFD returned from cache for {Google Sans, wdth 100.0, wght 400, ital 0.0, bestEffort false} [CONTEXT service_id=132 ]
10-31 16:45:58.433   787  1245 I FontLog : Fetch {Google Sans, wdth 100.0, wght 400, ital 0.0, bestEffort false} end status Status{statusCode=SUCCESS, resolution=null} [CONTEXT service_id=132 ]
10-31 16:45:58.442   787  1620 I FontLog : Pulling font file for id = 2018, cache size = 5 [CONTEXT service_id=132 ]
10-31 16:45:58.447   787 28591 I FontLog : Received query name=Google Sans&weight=500&besteffort=false, URI content://com.google.android.gms.fonts [CONTEXT service_id=132 ]
10-31 16:45:58.447   787 28591 I FontLog : Query [name=Google Sans&weight=500&besteffort=false] resolved to {Google Sans, wdth 100.0, wght 500, ital 0.0, bestEffort false} [CONTEXT service_id=132 ]
10-31 16:45:58.448   787 28591 I FontLog : Font PFD returned from cache for {Google Sans, wdth 100.0, wght 500, ital 0.0, bestEffort false} [CONTEXT service_id=132 ]
10-31 16:45:58.448   787 28591 I FontLog : Fetch {Google Sans, wdth 100.0, wght 500, ital 0.0, bestEffort false} end status Status{statusCode=SUCCESS, resolution=null} [CONTEXT service_id=132 ]
10-31 16:45:58.467   787  1174 I FontLog : Pulling font file for id = 2019, cache size = 6 [CONTEXT service_id=132 ]
10-31 16:45:58.475   787 28588 I FontLog : Received query name=Google Sans&weight=700&besteffort=false, URI content://com.google.android.gms.fonts [CONTEXT service_id=132 ]
10-31 16:45:58.475   787 28588 I FontLog : Query [name=Google Sans&weight=700&besteffort=false] resolved to {Google Sans, wdth 100.0, wght 700, ital 0.0, bestEffort false} [CONTEXT service_id=132 ]
10-31 16:45:58.477   787 28588 I FontLog : Fetch {Google Sans, wdth 100.0, wght 700, ital 0.0, bestEffort false} end status Status{statusCode=SUCCESS, resolution=null} [CONTEXT service_id=132 ]
10-31 16:45:58.485   787 28590 I FontLog : Pulling font file for id = 2020, cache size = 7 [CONTEXT service_id=132 ]
10-31 16:45:58.491   787   806 I FontLog : Received query name=Noto Color Emoji Compat&weight=400&besteffort=false, URI content://com.google.android.gms.fonts [CONTEXT service_id=132 ]
10-31 16:45:58.491   787   806 I FontLog : Query [name=Noto Color Emoji Compat&weight=400&besteffort=false] resolved to {Noto Color Emoji Compat, wdth 100.0, wght 400, ital 0.0, bestEffort false} [CONTEXT service_id=132 ]
10-31 16:45:58.499   787   806 I FontLog : Fetch {Noto Color Emoji Compat, wdth 100.0, wght 400, ital 0.0, bestEffort false} end status Status{statusCode=SUCCESS, resolution=null} [CONTEXT service_id=132 ]
10-31 16:45:58.502   787  1245 I FontLog : Pulling font file for id = 2021, cache size = 7 [CONTEXT service_id=132 ]
10-31 16:45:58.676 16964 16969 I art     : Do partial code cache collection, code=83KB, data=108KB
10-31 16:45:58.686 16964 16969 I art     : After code cache collection, code=83KB, data=108KB
10-31 16:45:58.686 16964 16969 I art     : Increasing code cache capacity to 512KB
10-31 16:45:58.940   787 15176 I SQLiteConnectionPool: The connection pool for /data/user/0/com.google.android.gms/databases/metadata.db has been closed but there are still 1 connections in use.  They will be closed as they are released back to the pool.
10-31 16:45:59.022   787 17406 W FontLog : Error updating last accessed time for {Noto Color Emoji Compat, wdth 100.0, wght 400, ital 0.0, bestEffort false}. [CONTEXT service_id=132 ]
10-31 16:45:59.022   787 17406 W FontLog : java.lang.IllegalStateException: Cannot perform this operation because the connection pool has been closed.
10-31 16:45:59.022   787 17406 W FontLog : 	at android.database.sqlite.SQLiteConnectionPool.throwIfClosedLocked(SQLiteConnectionPool.java:962)
10-31 16:45:59.022   787 17406 W FontLog : 	at android.database.sqlite.SQLiteConnectionPool.waitForConnection(SQLiteConnectionPool.java:677)
10-31 16:45:59.022   787 17406 W FontLog : 	at android.database.sqlite.SQLiteConnectionPool.acquireConnection(SQLiteConnectionPool.java:348)
10-31 16:45:59.022   787 17406 W FontLog : 	at android.database.sqlite.SQLiteSession.acquireConnection(SQLiteSession.java:894)
10-31 16:45:59.022   787 17406 W FontLog : 	at android.database.sqlite.SQLiteSession.executeForChangedRowCount(SQLiteSession.java:752)
10-31 16:45:59.022   787 17406 W FontLog : 	at android.database.sqlite.SQLiteStatement.executeUpdateDelete(SQLiteStatement.java:64)
10-31 16:45:59.022   787 17406 W FontLog : 	at android.database.sqlite.SQLiteDatabase.executeSql(SQLiteDatabase.java:1679)
10-31 16:45:59.022   787 17406 W FontLog : 	at android.database.sqlite.SQLiteDatabase.execSQL(SQLiteDatabase.java:1658)
10-31 16:45:59.022   787 17406 W FontLog : 	at aafx.run(Unknown Source)
10-31 16:45:59.022   787 17406 W FontLog : 	at sup.b(:com.google.android.gms@203915020@20.39.15 (040406-335085812):12)
10-31 16:45:59.022   787 17406 W FontLog : 	at sup.run(:com.google.android.gms@203915020@20.39.15 (040406-335085812):7)
10-31 16:45:59.022   787 17406 W FontLog : 	at java.util.concurrent.ThreadPoolExecutor.runWorker(ThreadPoolExecutor.java:1133)
10-31 16:45:59.022   787 17406 W FontLog : 	at java.util.concurrent.ThreadPoolExecutor$Worker.run(ThreadPoolExecutor.java:607)
10-31 16:45:59.022   787 17406 W FontLog : 	at tam.run(:com.google.android.gms@203915020@20.39.15 (040406-335085812):0)
10-31 16:45:59.022   787 17406 W FontLog : 	at java.lang.Thread.run(Thread.java:761)
10-31 16:45:59.069   787 17406 W NetworkScheduler: Error inserting service_kind=0 source=16 tag=Measurement.PackageMeasurementTaskService.UPLOAD_TASK_TAG target_package=com.google.android.gms requires_charging=0 source_version=203915000 required_network_type=0 flex_time=1900000 persistence_level=1 target_class=com.google.android.gms.measurement.PackageMeasurementTaskService runtime=1667231159058 retry_strategy={"maximum_backoff_seconds":{"3600":0},"initial_backoff_seconds":{"30":0},"retry_policy":{"0":0}} preferred_network_type=1 required_idleness_state=0 preferred_charging_state=1 period=3801000 last_runtime=0 task_type=0 job_id=-1 user_id=0, error message: UNIQUE constraint failed: pending_ops.tag, pending_ops.target_class, pending_ops.target_package, pending_ops.user_id (code 2067) [CONTEXT service_id=218 ]
10-31 16:46:10.530 17433 17433 D AndroidRuntime: >>>>>> START com.android.internal.os.RuntimeInit uid 2000 <<<<<<
10-31 16:46:10.533 17433 17433 D AndroidRuntime: CheckJNI is OFF
10-31 16:46:10.614 17433 17433 D ICU     : No timezone override file found: /data/misc/zoneinfo/current/icu/icu_tzdata.dat
10-31 16:46:10.649 17433 17433 I Radio-JNI: register_android_hardware_Radio DONE
10-31 16:46:10.666 17433 17433 D AndroidRuntime: Calling main entry com.android.commands.monkey.Monkey
10-31 16:46:10.739   600   613 W BroadcastQueue: Skipping deliver [background] BroadcastRecord{4af72dd u-1 android.net.conn.CONNECTIVITY_CHANGE} to ReceiverList{7a16e52 17433 (unknown name)/2000/u-1 remote:4009787}: process crashing
10-31 16:46:12.273 17433 17433 D MonkeyStub: translateCommand: wake
10-31 16:46:12.439 17433 17433 D MonkeyStub: translateCommand: tap 1156 1096
10-31 16:46:14.673 17433 17433 D MonkeyStub: translateCommand: tap 259 298
10-31 16:46:16.722 17433 17433 D MonkeyStub: translateCommand: tap 777 567
10-31 16:46:18.979 17433 17433 D MonkeyStub: translateCommand: tap 168 1070
10-31 16:46:27.165 17433 17433 D MonkeyStub: translateCommand: touch down 614 1561
10-31 16:46:27.179 17433 17433 D MonkeyStub: translateCommand: touch move 614 1561
10-31 16:46:27.288 17433 17433 D MonkeyStub: translateCommand: touch move 614 1436
10-31 16:46:27.401 17433 17433 D MonkeyStub: translateCommand: touch move 614 1311
10-31 16:46:27.513 17433 17433 D MonkeyStub: translateCommand: touch move 614 1186
10-31 16:46:27.622 17433 17433 D MonkeyStub: translateCommand: touch move 614 1061
10-31 16:46:27.730 17433 17433 D MonkeyStub: translateCommand: touch move 614 937
10-31 16:46:27.839 17433 17433 D MonkeyStub: translateCommand: touch move 614 812
10-31 16:46:27.946 17433 17433 D MonkeyStub: translateCommand: touch move 614 687
10-31 16:46:28.053 17433 17433 D MonkeyStub: translateCommand: touch move 614 562
10-31 16:46:28.163 17433 17433 D MonkeyStub: translateCommand: touch move 614 437
10-31 16:46:28.270 17433 17433 D MonkeyStub: translateCommand: touch move 614 312
10-31 16:46:28.277 17433 17433 D MonkeyStub: translateCommand: touch up 614 312
10-31 16:46:28.307 17433 17433 D MonkeyStub: translateCommand: touch down 614 1561
10-31 16:46:28.322 17433 17433 D MonkeyStub: translateCommand: touch move 614 1561
10-31 16:46:28.435 17433 17433 D MonkeyStub: translateCommand: touch move 614 1436
10-31 16:46:28.543 17433 17433 D MonkeyStub: translateCommand: touch move 614 1311
10-31 16:46:28.652 17433 17433 D MonkeyStub: translateCommand: touch move 614 1186
10-31 16:46:28.763 17433 17433 D MonkeyStub: translateCommand: touch move 614 1061
10-31 16:46:28.873 17433 17433 D MonkeyStub: translateCommand: touch move 614 937
10-31 16:46:28.979 17433 17433 D MonkeyStub: translateCommand: touch move 614 812
10-31 16:46:29.139 17433 17433 D MonkeyStub: translateCommand: touch move 614 687
10-31 16:46:29.385 17433 17433 D MonkeyStub: translateCommand: touch move 614 562
10-31 16:46:29.493 17433 17433 D MonkeyStub: translateCommand: touch move 614 437
10-31 16:46:29.603 17433 17433 D MonkeyStub: translateCommand: touch move 614 312
10-31 16:46:29.608 17433 17433 D MonkeyStub: translateCommand: touch up 614 312
10-31 16:46:33.646 17433 17433 D MonkeyStub: translateCommand: touch down 614 1561
10-31 16:46:33.654 17433 17433 D MonkeyStub: translateCommand: touch move 614 1561
10-31 16:46:33.766 17433 17433 D MonkeyStub: translateCommand: touch move 614 1436
10-31 16:46:33.873 17433 17433 D MonkeyStub: translateCommand: touch move 614 1311
10-31 16:46:33.983 17433 17433 D MonkeyStub: translateCommand: touch move 614 1186
10-31 16:46:34.118 17433 17433 D MonkeyStub: translateCommand: touch move 614 1061
10-31 16:46:34.222 17433 17433 D MonkeyStub: translateCommand: touch move 614 937
10-31 16:46:34.332 17433 17433 D MonkeyStub: translateCommand: touch move 614 812
10-31 16:46:34.442 17433 17433 D MonkeyStub: translateCommand: touch move 614 687
10-31 16:46:34.555 17433 17433 D MonkeyStub: translateCommand: touch move 614 562
10-31 16:46:34.664 17433 17433 D MonkeyStub: translateCommand: touch move 614 437
10-31 16:46:34.774 17433 17433 D MonkeyStub: translateCommand: touch move 614 312
10-31 16:46:34.779 17433 17433 D MonkeyStub: translateCommand: touch up 614 312
10-31 16:46:35.723   198   198 E SELinux : avc:  denied  { find } for service=netd pid=17480 uid=2000 scontext=u:r:shell:s0 tcontext=u:object_r:netd_service:s0 tclass=service_manager permissive=0
10-31 16:46:35.742   198   198 E SELinux : avc:  denied  { find } for service=android.service.gatekeeper.IGateKeeperService pid=17480 uid=2000 scontext=u:r:shell:s0 tcontext=u:object_r:gatekeeper_service:s0 tclass=service_manager permissive=0
10-31 16:46:36.998 17433 17433 D MonkeyStub: translateCommand: tap 278 93
10-31 16:46:45.187 17433 17433 D MonkeyStub: translateCommand: touch down 614 1561
10-31 16:46:45.202 17433 17433 D MonkeyStub: translateCommand: touch move 614 1561
10-31 16:46:45.306 17433 17433 D MonkeyStub: translateCommand: touch move 614 1436
10-31 16:46:45.416 17433 17433 D MonkeyStub: translateCommand: touch move 614 1311
10-31 16:46:45.529 17433 17433 D MonkeyStub: translateCommand: touch move 614 1186
10-31 16:46:45.642 17433 17433 D MonkeyStub: translateCommand: touch move 614 1061
10-31 16:46:45.751 17433 17433 D MonkeyStub: translateCommand: touch move 614 937
10-31 16:46:45.859 17433 17433 D MonkeyStub: translateCommand: touch move 614 812
10-31 16:46:45.967 17433 17433 D MonkeyStub: translateCommand: touch move 614 687
10-31 16:46:46.077 17433 17433 D MonkeyStub: translateCommand: touch move 614 562
10-31 16:46:46.188 17433 17433 D MonkeyStub: translateCommand: touch move 614 437
