--------- beginning of main
10-29 17:29:00.029 20313 20313 D AndroidRuntime: >>>>>> START com.android.internal.os.RuntimeInit uid 2000 <<<<<<
10-29 17:29:00.033 20313 20313 D AndroidRuntime: CheckJNI is OFF
10-29 17:29:00.135 20313 20313 D ICU     : No timezone override file found: /data/misc/zoneinfo/current/icu/icu_tzdata.dat
10-29 17:29:00.164 20313 20313 I Radio-JNI: register_android_hardware_Radio DONE
10-29 17:29:00.179 20313 20313 D AndroidRuntime: Calling main entry com.android.commands.am.Am
--------- beginning of system
10-29 17:29:00.198   600  1082 I ActivityManager: Force stopping com.android.chrome appid=10035 user=0: from pid 20313
10-29 17:29:00.198   600  1082 I ActivityManager: Killing 20280:com.android.chrome/u0a35 (adj 902): stop com.android.chrome
10-29 17:29:00.198   600  1082 D ActivityManager: cleanUpApplicationRecord -- 20280
10-29 17:29:00.208  1061  1061 D RegisteredNfcFServicesCache: Service unchanged, not updating
10-29 17:29:00.456   600 24515 I ActivityManager: START u0 {act=android.intent.action.VIEW flg=0x10008000 cmp=com.android.chrome/com.google.android.apps.chrome.Main} from uid 2000 on display 0
10-29 17:29:00.476 20313 20313 D AndroidRuntime: Shutting down VM
10-29 17:29:00.510   600  3994 I ActivityManager: Start proc 20323:com.android.chrome/u0a35 for activity com.android.chrome/com.google.android.apps.chrome.Main
10-29 17:29:00.669   600   611 I ActivityManager: START u0 {cmp=com.android.chrome/org.chromium.chrome.browser.firstrun.TabbedModeFirstRunActivity (has extras)} from uid 10035 on display 0
10-29 17:29:00.723 20323 20340 W DynamiteModule: Local module descriptor class for com.google.android.gms.googlecertificates not found.
10-29 17:29:00.837 20323 20341 I cr_LibraryLoader: Loaded native library version number "85.0.4183.127"
10-29 17:29:00.837 20323 20341 I cr_CachingUmaRecorder: Flushed 10 samples from 10 histograms.
10-29 17:29:00.868 20323 20342 I OpenGLRenderer: Initialized EGL, version 1.4
10-29 17:29:00.868 20323 20342 D OpenGLRenderer: Swap behavior 2
10-29 17:29:00.875 20323 20340 I DynamiteModule: Considering local module com.google.android.gms.googlecertificates:0 and remote module com.google.android.gms.googlecertificates:6
10-29 17:29:00.875 20323 20340 I DynamiteModule: Selected remote version of com.google.android.gms.googlecertificates, version >= 6
10-29 17:29:00.901 20323 20340 W System  : ClassLoader referenced unknown path: 
10-29 17:29:00.902 20323 20340 D ApplicationLoaders: ignored Vulkan layer search path /data/app/com.google.android.gms-1/lib/arm:/data/app/com.google.android.gms-1/base.apk!/lib/armeabi-v7a:/data/app/com.google.android.gms-1/split_config.en.apk!/lib/armeabi-v7a for namespace 0xf4a47090
10-29 17:29:00.904 20323 20340 W ResourceType: ResTable_typeSpec entry count inconsistent: given 67, previously 69
10-29 17:29:00.904 20323 20340 W ResourceType: ResTable_typeSpec entry count inconsistent: given 5346, previously 5347
10-29 17:29:00.930 20323 20340 I DynamiteLoaderV2Impl: [70] Googlecertificates
10-29 17:29:00.948 20323 20340 W System  : ClassLoader referenced unknown path: /data/user_de/0/com.google.android.gms/app_chimera/m/00000061/n/armeabi-v7a
10-29 17:29:00.948 20323 20340 W System  : ClassLoader referenced unknown path: /data/user_de/0/com.google.android.gms/app_chimera/m/00000061/n/armeabi
10-29 17:29:01.020 20323 20337 D NetworkSecurityConfig: Using Network Security Config from resource 0_resource_name_obfuscated debugBuild: false
10-29 17:29:01.026   600   620 W WindowManager: Failed looking up window
10-29 17:29:01.026   600   620 W WindowManager: java.lang.IllegalArgumentException: Requested window android.view.ViewRootImpl$W@1963561 does not exist
10-29 17:29:01.026   600   620 W WindowManager: 	at com.android.server.wm.WindowManagerService.windowForClientLocked(WindowManagerService.java:9422)
10-29 17:29:01.026   600   620 W WindowManager: 	at com.android.server.wm.WindowManagerService.windowForClientLocked(WindowManagerService.java:9413)
10-29 17:29:01.026   600   620 W WindowManager: 	at com.android.server.wm.WindowManagerService.removeWindow(WindowManagerService.java:2393)
10-29 17:29:01.026   600   620 W WindowManager: 	at com.android.server.wm.Session.remove(Session.java:202)
10-29 17:29:01.026   600   620 W WindowManager: 	at android.view.ViewRootImpl.dispatchDetachedFromWindow(ViewRootImpl.java:3290)
10-29 17:29:01.026   600   620 W WindowManager: 	at android.view.ViewRootImpl.doDie(ViewRootImpl.java:5917)
10-29 17:29:01.026   600   620 W WindowManager: 	at android.view.ViewRootImpl$ViewRootHandler.handleMessage(ViewRootImpl.java:3626)
10-29 17:29:01.026   600   620 W WindowManager: 	at android.os.Handler.dispatchMessage(Handler.java:102)
10-29 17:29:01.026   600   620 W WindowManager: 	at android.os.Looper.loop(Looper.java:154)
10-29 17:29:01.026   600   620 W WindowManager: 	at android.os.HandlerThread.run(HandlerThread.java:61)
10-29 17:29:01.026   600   620 W WindowManager: 	at com.android.server.ServiceThread.run(ServiceThread.java:46)
10-29 17:29:01.027   600   620 I ActivityManager: Displayed com.android.chrome/org.chromium.chrome.browser.firstrun.TabbedModeFirstRunActivity: +318ms (total +550ms)
10-29 17:29:01.045   787  1174 I FontLog : Received query Google Sans, URI content://com.google.android.gms.fonts [CONTEXT service_id=132 ]
10-29 17:29:01.047   787  1174 I FontLog : Query [Google Sans] resolved to {Google Sans, wdth 100.0, wght 400, ital 0.0, bestEffort false} [CONTEXT service_id=132 ]
10-29 17:29:01.048   787  1174 I FontLog : Font PFD returned from cache for {Google Sans, wdth 100.0, wght 400, ital 0.0, bestEffort false} [CONTEXT service_id=132 ]
10-29 17:29:01.048   787  1174 I FontLog : Fetch {Google Sans, wdth 100.0, wght 400, ital 0.0, bestEffort false} end status Status{statusCode=SUCCESS, resolution=null} [CONTEXT service_id=132 ]
10-29 17:29:01.069   787   806 I FontLog : Pulling font file for id = 194, cache size = 7 [CONTEXT service_id=132 ]
10-29 17:29:01.094   787  1714 I FontLog : Received query Google Sans:500, URI content://com.google.android.gms.fonts [CONTEXT service_id=132 ]
10-29 17:29:01.095   787  1714 I FontLog : Query [Google Sans:500] resolved to {Google Sans, wdth 100.0, wght 500, ital 0.0, bestEffort false} [CONTEXT service_id=132 ]
10-29 17:29:01.098   787  1714 I FontLog : Font PFD returned from cache for {Google Sans, wdth 100.0, wght 500, ital 0.0, bestEffort false} [CONTEXT service_id=132 ]
10-29 17:29:01.099   787  1714 I FontLog : Fetch {Google Sans, wdth 100.0, wght 500, ital 0.0, bestEffort false} end status Status{statusCode=SUCCESS, resolution=null} [CONTEXT service_id=132 ]
10-29 17:29:01.105   787   806 I FontLog : Pulling font file for id = 195, cache size = 8 [CONTEXT service_id=132 ]
10-29 17:29:01.110   787  1258 E apju    : Phenotype API error. Event # cdub@369881ae, EventCode: 7 [CONTEXT service_id=51 ]
10-29 17:29:01.110   787  1258 E apju    : apiz: 29505: No config packages for log source, or config package not registered
10-29 17:29:01.110   787  1258 E apju    : 	at apkj.b(:com.google.android.gms@203915020@20.39.15 (040406-335085812):7)
10-29 17:29:01.110   787  1258 E apju    : 	at apkg.b(:com.google.android.gms@203915020@20.39.15 (040406-335085812):2)
10-29 17:29:01.110   787  1258 E apju    : 	at apju.a(:com.google.android.gms@203915020@20.39.15 (040406-335085812):85)
10-29 17:29:01.110   787  1258 E apju    : 	at apju.a(:com.google.android.gms@203915020@20.39.15 (040406-335085812):80)
10-29 17:29:01.110   787  1258 E apju    : 	at aain.run(:com.google.android.gms@203915020@20.39.15 (040406-335085812):7)
10-29 17:29:01.110   787  1258 E apju    : 	at boex.run(:com.google.android.gms@203915020@20.39.15 (040406-335085812):2)
10-29 17:29:01.110   787  1258 E apju    : 	at sup.b(:com.google.android.gms@203915020@20.39.15 (040406-335085812):12)
10-29 17:29:01.110   787  1258 E apju    : 	at sup.run(:com.google.android.gms@203915020@20.39.15 (040406-335085812):7)
10-29 17:29:01.110   787  1258 E apju    : 	at java.util.concurrent.ThreadPoolExecutor.runWorker(ThreadPoolExecutor.java:1133)
10-29 17:29:01.110   787  1258 E apju    : 	at java.util.concurrent.ThreadPoolExecutor$Worker.run(ThreadPoolExecutor.java:607)
10-29 17:29:01.110   787  1258 E apju    : 	at tam.run(:com.google.android.gms@203915020@20.39.15 (040406-335085812):0)
10-29 17:29:01.110   787  1258 E apju    : 	at java.lang.Thread.run(Thread.java:761)
10-29 17:29:01.114   787  1258 E AsyncOperation: serviceID=51, operation=GetExperimentTokensOperationCall [CONTEXT service_id=259 ]
10-29 17:29:01.114   787  1258 E AsyncOperation: OperationException[Status{statusCode=No config packages for log source, or config package not registered, resolution=null}]
10-29 17:29:01.114   787  1258 E AsyncOperation: 	at apju.a(:com.google.android.gms@203915020@20.39.15 (040406-335085812):87)
10-29 17:29:01.114   787  1258 E AsyncOperation: 	at apju.a(:com.google.android.gms@203915020@20.39.15 (040406-335085812):80)
10-29 17:29:01.114   787  1258 E AsyncOperation: 	at aain.run(:com.google.android.gms@203915020@20.39.15 (040406-335085812):7)
10-29 17:29:01.114   787  1258 E AsyncOperation: 	at boex.run(:com.google.android.gms@203915020@20.39.15 (040406-335085812):2)
10-29 17:29:01.114   787  1258 E AsyncOperation: 	at sup.b(:com.google.android.gms@203915020@20.39.15 (040406-335085812):12)
10-29 17:29:01.114   787  1258 E AsyncOperation: 	at sup.run(:com.google.android.gms@203915020@20.39.15 (040406-335085812):7)
10-29 17:29:01.114   787  1258 E AsyncOperation: 	at java.util.concurrent.ThreadPoolExecutor.runWorker(ThreadPoolExecutor.java:1133)
10-29 17:29:01.114   787  1258 E AsyncOperation: 	at java.util.concurrent.ThreadPoolExecutor$Worker.run(ThreadPoolExecutor.java:607)
10-29 17:29:01.114   787  1258 E AsyncOperation: 	at tam.run(:com.google.android.gms@203915020@20.39.15 (040406-335085812):0)
10-29 17:29:01.114   787  1258 E AsyncOperation: 	at java.lang.Thread.run(Thread.java:761)
10-29 17:29:01.240 11382 11382 I MemoryTrimmer: Trimming objects from memory, since app is in the background.
10-29 17:29:01.257 20323 20337 I cr_VariationsSeedFetch: Fetched first run seed in 239 ms
10-29 17:29:01.294   600  3994 I ActivityManager: Start proc 20357:com.android.chrome:sandboxed_process0/u0i770 for service com.android.chrome/org.chromium.content.app.SandboxedProcessService0
10-29 17:29:01.337 20357 20357 W dboxed_process0: type=1400 audit(0.0:1256): avc: denied { getattr } for path="/data/data/com.android.chrome" dev="dm-2" ino=12190 scontext=u:r:isolated_app:s0:c512,c768 tcontext=u:object_r:app_data_file:s0:c512,c768 tclass=dir permissive=0
10-29 17:29:01.355 20357 20357 I cr_ChildProcessService: Creating new ChildProcessService pid=20357
10-29 17:29:01.382  1084  1084 I MemoryTrimmer: Trimming objects from memory, since app is in the background.
10-29 17:29:01.400 11382 20197 I DeviceStateChecker: DeviceStateChecker cancelled
10-29 17:29:01.400 11382 11382 I MicroDetector: Keeping mic open: false
10-29 17:29:01.400 11382 11412 I AudioController: internalShutdown
10-29 17:29:01.401 11382 11412 I MicrophoneInputStream: mic_close com.google.android.apps.gsa.speech.audio.ae@900b496
10-29 17:29:01.401 11382 11439 I MicroRecognitionRunner: Stopping hotword detection.
10-29 17:29:01.418   238   285 I SoundTriggerHwService::Module: void android::SoundTriggerHwService::Module::onCallbackEvent(const sp<android::SoundTriggerHwService::CallbackEvent> &) mClient == 0
10-29 17:29:01.430 11382 20198 I MicroRecognitionRunner: Detection finished
10-29 17:29:01.441 11382 11382 I MemoryTrimmer: Trimming objects from memory, since app is in the background.
10-29 17:29:01.505   600   611 I ActivityManager: Start proc 20384:com.android.chrome:privileged_process0/u0a35 for service com.android.chrome/org.chromium.content.app.PrivilegedProcessService0
10-29 17:29:01.621 20384 20384 I cr_ChildProcessService: Creating new ChildProcessService pid=20384
10-29 17:29:01.632 20323 20344 W ConnectionStatusConfig: Dynamic lookup for intent failed for action: com.google.android.gms.auth.key.retrieval.service.START
10-29 17:29:01.665 20323 20344 W ConnectionStatusConfig: Dynamic lookup for intent failed for action: com.google.android.gms.auth.key.retrieval.service.START
10-29 17:29:01.666   600  6312 W ActivityManager: Unable to start service Intent { act=com.google.android.gms.auth.key.retrieval.service.START pkg=com.google.android.gms } U=0: not found
10-29 17:29:01.668   600  1081 W ActivityManager: Unbind failed: could not find connection for android.os.BinderProxy@cd892cd
10-29 17:29:01.668 20323 20344 E GmsClient: unable to connect to service: com.google.android.gms.auth.key.retrieval.service.START on com.google.android.gms
10-29 17:29:01.685 20384 20401 I cr_LibraryLoader: Loaded native library version number "85.0.4183.127"
10-29 17:29:01.685 20384 20401 I cr_CachingUmaRecorder: Flushed 1 samples from 1 histograms.
10-29 17:29:01.690 20323 20323 W cr_KnoxSettingsProvider: Permission to read device policy denied.
10-29 17:29:01.718 20384 20401 E libEGL  : validate_display:99 error 3008 (EGL_BAD_DISPLAY)
10-29 17:29:11.510 11382 11382 I MemoryTrimmer: Trimming objects from memory, since app is in the background.
10-29 17:29:13.682 20428 20428 D AndroidRuntime: >>>>>> START com.android.internal.os.RuntimeInit uid 2000 <<<<<<
10-29 17:29:13.686 20428 20428 D AndroidRuntime: CheckJNI is OFF
10-29 17:29:13.749 20428 20428 D ICU     : No timezone override file found: /data/misc/zoneinfo/current/icu/icu_tzdata.dat
10-29 17:29:13.779 20428 20428 I Radio-JNI: register_android_hardware_Radio DONE
10-29 17:29:13.794 20428 20428 D AndroidRuntime: Calling main entry com.android.commands.monkey.Monkey
10-29 17:29:13.859   600   613 W BroadcastQueue: Skipping deliver [background] BroadcastRecord{d11182c u-1 android.net.conn.CONNECTIVITY_CHANGE} to ReceiverList{3ace2f5 20428 (unknown name)/2000/u-1 remote:550b27e}: process crashing
10-29 17:29:15.419 20428 20428 D MonkeyStub: translateCommand: wake
10-29 17:29:15.537 20428 20428 D MonkeyStub: translateCommand: tap 398 1198
10-29 17:29:17.609 20428 20428 D MonkeyStub: translateCommand: tap 720 1506
10-29 17:29:17.776 11497 13224 I PeopleChimeraService: onService. callbacks = aaik@1a8edec, request = com.google.android.gms.common.internal.GetServiceRequest@df365b5
10-29 17:29:17.783 11497 11508 I PeopleChimeraService: onService. callbacks = aaik@e69afbb, request = com.google.android.gms.common.internal.GetServiceRequest@c2cfcd8
10-29 17:29:19.666 20428 20428 D MonkeyStub: translateCommand: tap 355 1480
10-29 17:29:19.686 20428 20428 D MonkeyStub: Quit requested
10-29 17:29:19.722   600   614 I CwMcuSensor: CwMcuSensor::flush: fd = 223, sensors_id = 0, path = /sys/class/htc_sensorhub/sensor_hub/flush, err = 0
10-29 17:29:19.729   600  6312 I ActivityManager: START u0 {act=android.intent.action.VIEW flg=0x10008000 cmp=com.android.chrome/com.google.android.apps.chrome.Main (has extras)} from uid 10035 on display 0
10-29 17:29:19.771 20428 20428 I art     : System.exit called, status: 6
10-29 17:29:19.771 20428 20428 I AndroidRuntime: VM exiting with result code 6.
10-29 17:29:19.870   600  3509 W WindowManager: Attempted to remove non-existing token: android.os.Binder@c41788a
10-29 17:29:19.904 20323 20323 E cr_CompositorSurfaceMgr: Transitioning to surface with format : -1
10-29 17:29:19.967   600   609 I art     : Background partial concurrent mark sweep GC freed 19815(1001KB) AllocSpace objects, 3(60KB) LOS objects, 33% free, 15MB/23MB, paused 2.124ms total 173.327ms
10-29 17:29:20.006 20323 20377 W cr_tabmodel: Starting to perform legacy migration.
10-29 17:29:20.007 20323 20377 W cr_tabmodel: Finished performing legacy migration.
10-29 17:29:20.007 20323 20377 W cr_tabmodel: Starting to perform multi-instance migration.
10-29 17:29:20.007 20323 20377 W cr_tabmodel: Finished performing multi-instance migration.
10-29 17:29:20.008 20323 20377 I cr_tabmodel: Starting to fetch tab list for tab_state0
10-29 17:29:20.008 20323 20377 I cr_tabmodel: State file does not exist.
10-29 17:29:20.008 20323 20377 I cr_tabmodel: Starting to fetch tab list for tab_state1
10-29 17:29:20.008 20323 20377 I cr_tabmodel: State file does not exist.
10-29 17:29:20.046 20323 20377 I cr_ADCP : No customization source found
10-29 17:29:20.140   600   620 I ActivityManager: Displayed com.android.chrome/com.google.android.apps.chrome.Main: +377ms
10-29 17:29:20.164 20323 20342 D OpenGLRenderer: endAllActiveAnimators on 0xd4cfcf00 (InsetDrawable) with handle 0xd2d0dce0
10-29 17:29:20.170 20323 20323 E cr_CompositorSurfaceMgr: Transitioning to surface with format : -1
10-29 17:29:20.184   600   713 E BatteryStatsService: power: Missing API
10-29 17:29:20.184 20323 20323 E cr_CompositorSurfaceMgr: surfaceCreated format : 0
10-29 17:29:20.192 20323 20323 I cr_ContextualSearch: Tap suppression enabled: false
10-29 17:29:20.203 20323 20323 I cr_ChromeTabbedActivity: #initializeState
10-29 17:29:20.203 20323 20323 I cr_CipherFactory: #restoreFromBundle, no savedInstanceState.
10-29 17:29:20.203 20323 20323 I cr_tabmodel: #loadState, ignoreIncognitoFiles? true
10-29 17:29:20.209   600   713 E BatteryStatsService: no controller energy info supplied
10-29 17:29:20.210   796   796 E PhoneInterfaceManager: [PhoneIntfMgr] queryModemActivityInfo: Empty response
10-29 17:29:20.225   600   713 E BatteryStatsService: modem info is invalid: ModemActivityInfo{ mTimestamp=0 mSleepTimeMs=0 mIdleTimeMs=0 mTxTimeMs[]=[0, 0, 0, 0, 0] mRxTimeMs=0 mEnergyUsed=0}
10-29 17:29:20.404 20323 20323 I SchedulerApiWrapper: Create SchedulerApiMainThreadWrapper
10-29 17:29:20.416 20323 20323 I FeedSessionManagerImpl: FeedSessionManagerImpl has been created
10-29 17:29:20.417 20323 20323 I FeedAppLifecycleLstnr: onEnterForeground called
10-29 17:29:20.417 20323 20323 I FeedSessionManagerImpl: onLifecycleEvent foreground
10-29 17:29:20.418 20323 20323 I FeedSessionManagerImpl: Lazy initialization triggered, getUpdateConsumer
10-29 17:29:20.418 20323 20380 I TaskQueue: Execute task [IMMEDIATE - d: true, b: 0]: 30
10-29 17:29:20.419 20323 20323 I FeedRequestManagerImpl: trigger refresh 2
10-29 17:29:20.420 20323 20323 I TaskQueue:  - task [HEAD_INVALIDATE - d: true, b: 0]: 26
10-29 17:29:20.420 20323 20323 I FeedAppLifecycleLstnr: initialize called
10-29 17:29:20.420 20323 20323 I FeedSessionManagerImpl: onLifecycleEvent initialize
10-29 17:29:20.420 20323 20323 W FeedSessionManagerImpl: FeedSessionManagerImpl has previously been initialized
10-29 17:29:20.441 20323 20323 I ViewConfigCompat: Could not find method getScaledScrollFactor() on ViewConfiguration
10-29 17:29:20.445 20323 20323 I BasicStream: Setting 2 header views, currently have 0 headers
10-29 17:29:20.448 20323 20323 I BasicStream: Setting 2 header views, currently have 2 headers
10-29 17:29:20.508   600   619 D BluetoothManagerService: Message: 20
10-29 17:29:20.508   600   619 D BluetoothManagerService: Added callback: android.bluetooth.IBluetoothManagerCallback$Stub$Proxy@73274b6:true
10-29 17:29:20.520 20323 20323 E cr_IntentUtils: getBooleanExtra failed on intent null
10-29 17:29:20.525 20357 20370 I cr_LibraryLoader: Loaded native library version number "85.0.4183.127"
10-29 17:29:20.525 20357 20370 I cr_CachingUmaRecorder: Flushed 1 samples from 1 histograms.
10-29 17:29:20.536 20323 20323 I TimeoutSessionImpl: Using TimeoutSessionImpl
10-29 17:29:20.536 20323 20323 I FeedSessionManagerImpl: Delaying populateSession until initialization is finished
10-29 17:29:20.536 20323 20323 I TaskQueue:  - task [IMMEDIATE - d: true, b: 1]: 13
10-29 17:29:20.537 20323 20323 I MainThreadRunner: Running task [BasicStream onShow] on the Main Thread with a delay of 500 milliseconds
10-29 17:29:20.613   600   610 I ActivityManager: Start proc 20459:com.android.chrome:sandboxed_process1/u0i771 for service com.android.chrome/org.chromium.content.app.SandboxedProcessService1
10-29 17:29:20.619 20323 20380 W SessionCache: Persisted Sessions were not found
10-29 17:29:20.619 20323 20380 I HeadSessionImpl: Initialize HEAD 0 items
10-29 17:29:20.619 20323 20380 I TaskQueue:  - task [BACKGROUND - d: true, b: 2]: 11
10-29 17:29:20.620 20323 20380 I TimingUtils: Task Timing 201ms, thread JardinExecutor | task : Initialization
10-29 17:29:20.620 20323 20380 I TaskQueue:  - Finished 30, time 201 ms
10-29 17:29:20.620 20323 20380 I TaskQueue: Execute task [HEAD_INVALIDATE - d: true, b: 2]: 26
10-29 17:29:20.621 20323 20380 I TimingUtils: Task Timing   0ms, thread JardinExecutor | task : getAllDismissLocalActions | size : 0
10-29 17:29:20.621 20323 20380 I TimingUtils: Task Timing   0ms, thread JardinExecutor | task : getSemanticProperties | size : 0
10-29 17:29:20.621 20323 20380 I MainThreadRunner: Running task [Check Tooltips] on the Main Thread
10-29 17:29:20.621 20323 20380 I TaskQueue:  * Starting starvation checks
10-29 17:29:20.622 20323 20380 I MainThreadRunner: Running task [starvationChecks] on the Main Thread with a delay of 6000 milliseconds
10-29 17:29:20.622 20323 20380 I TaskQueue:  - Finished 26, time 1 ms
10-29 17:29:20.622 20323 20380 I TaskQueue: Execute task [IMMEDIATE - d: true, b: 1]: 13
10-29 17:29:20.622 20323 20380 I FeedSessionManagerImpl: shouldSessionRequestData; hasContent(false), contentCreationTime(0), outstandingRequest(true)
10-29 17:29:20.622 20323 20380 I MainThreadRunner: Running task [SchedulerApiWrapper shouldSessionRequestData] on the Main Thread
10-29 17:29:20.659   600  3507 I ActivityManager: Start proc 20475:com.android.chrome:sandboxed_process2/u0i772 for service com.android.chrome/org.chromium.content.app.SandboxedProcessService2
10-29 17:29:20.696   600  3675 I ActivityManager: Start proc 20481:com.android.chrome:sandboxed_process3/u0i773 for service com.android.chrome/org.chromium.content.app.SandboxedProcessService3
10-29 17:29:20.751   600  1081 I ActivityManager: Start proc 20493:com.android.chrome:sandboxed_process4/u0i774 for service com.android.chrome/org.chromium.content.app.SandboxedProcessService4
10-29 17:29:20.803   600  7064 I ActivityManager: Start proc 20513:com.android.chrome:sandboxed_process5/u0i775 for service com.android.chrome/org.chromium.content.app.SandboxedProcessService5
10-29 17:29:20.852 20323 20333 I art     : Background sticky concurrent mark sweep GC freed 20491(1351KB) AllocSpace objects, 10(236KB) LOS objects, 12% free, 9MB/11MB, paused 1.427ms total 102.681ms
10-29 17:29:20.885 20323 20323 I PlayCore: UID: [10035]  PID: [20323] SplitInstallService : deferredInstall([image_editor])
10-29 17:29:20.892   600   707 W ActivityManager: Slow operation: 83ms so far, now at startProcess: returned from zygote!
10-29 17:29:20.892   600   707 W ActivityManager: Slow operation: 83ms so far, now at startProcess: done updating battery stats
10-29 17:29:20.892   600   707 W ActivityManager: Slow operation: 83ms so far, now at startProcess: building log message
10-29 17:29:20.892   600   707 I ActivityManager: Start proc 20527:com.android.chrome:sandboxed_process6/u0i776 for service com.android.chrome/org.chromium.content.app.SandboxedProcessService6
10-29 17:29:20.892   600   707 W ActivityManager: Slow operation: 83ms so far, now at startProcess: starting to update pids map
10-29 17:29:20.892   600   707 W ActivityManager: Slow operation: 83ms so far, now at startProcess: done updating pids map
10-29 17:29:20.892   600   707 W ActivityManager: Slow operation: 83ms so far, now at startProcess: done starting proc!
10-29 17:29:20.913 20323 20529 I PlayCore: UID: [10035]  PID: [20323] SplitInstallService : Initiate binding to the service.
10-29 17:29:20.937 20459 20459 W dboxed_process1: type=1400 audit(0.0:1257): avc: denied { getattr } for path="/data/data/com.android.chrome" dev="dm-2" ino=12190 scontext=u:r:isolated_app:s0:c512,c768 tcontext=u:object_r:app_data_file:s0:c512,c768 tclass=dir permissive=0
10-29 17:29:20.950   600 17381 I ActivityManager: Start proc 20542:com.android.chrome:sandboxed_process7/u0i777 for service com.android.chrome/org.chromium.content.app.SandboxedProcessService7
10-29 17:29:20.951   600  3509 W ActivityManager: Unable to start service Intent { act=com.google.android.play.core.splitinstall.BIND_SPLIT_INSTALL_SERVICE pkg=com.android.vending } U=0: not found
10-29 17:29:20.984 20475 20475 W dboxed_process2: type=1400 audit(0.0:1258): avc: denied { getattr } for path="/data/data/com.android.chrome" dev="dm-2" ino=12190 scontext=u:r:isolated_app:s0:c512,c768 tcontext=u:object_r:app_data_file:s0:c512,c768 tclass=dir permissive=0
10-29 17:29:21.014   600  3675 W ActivityManager: Slow operation: 59ms so far, now at startProcess: returned from zygote!
10-29 17:29:21.014   600  3675 W ActivityManager: Slow operation: 59ms so far, now at startProcess: done updating battery stats
10-29 17:29:21.015   600  3675 W ActivityManager: Slow operation: 59ms so far, now at startProcess: building log message
10-29 17:29:21.015   600  3675 I ActivityManager: Start proc 20555:com.android.chrome:sandboxed_process8/u0i778 for service com.android.chrome/org.chromium.content.app.SandboxedProcessService8
10-29 17:29:21.015   600  3675 W ActivityManager: Slow operation: 59ms so far, now at startProcess: starting to update pids map
10-29 17:29:21.015   600  3675 W ActivityManager: Slow operation: 59ms so far, now at startProcess: done updating pids map
10-29 17:29:21.015   600  3675 W ActivityManager: Slow operation: 59ms so far, now at startProcess: done starting proc!
10-29 17:29:21.058 20323 20323 I Choreographer: Skipped 54 frames!  The application may be doing too much work on its main thread.
10-29 17:29:21.124 20481 20481 W dboxed_process3: type=1400 audit(0.0:1259): avc: denied { getattr } for path="/data/data/com.android.chrome" dev="dm-2" ino=12190 scontext=u:r:isolated_app:s0:c512,c768 tcontext=u:object_r:app_data_file:s0:c512,c768 tclass=dir permissive=0
10-29 17:29:21.140 20493 20493 W dboxed_process4: type=1400 audit(0.0:1260): avc: denied { getattr } for path="/data/data/com.android.chrome" dev="dm-2" ino=12190 scontext=u:r:isolated_app:s0:c512,c768 tcontext=u:object_r:app_data_file:s0:c512,c768 tclass=dir permissive=0
10-29 17:29:21.155 20459 20459 I cr_ChildProcessService: Creating new ChildProcessService pid=20459
10-29 17:29:21.185 20323 20333 W art     : Suspending all threads took: 11.294ms
10-29 17:29:21.235 20475 20475 I cr_ChildProcessService: Creating new ChildProcessService pid=20475
10-29 17:29:21.257 20513 20513 W dboxed_process5: type=1400 audit(0.0:1261): avc: denied { getattr } for path="/data/data/com.android.chrome" dev="dm-2" ino=12190 scontext=u:r:isolated_app:s0:c512,c768 tcontext=u:object_r:app_data_file:s0:c512,c768 tclass=dir permissive=0
10-29 17:29:21.288 20323 20323 I TaskQueue:  - task [IMMEDIATE - d: true, b: 1]: 27
10-29 17:29:21.289 20323 20380 I FeedSessionManagerImpl: shouldSessionRequestDataResult: NO_REQUEST_WITH_WAIT, shouldMakeRequest(false), withTimeout(false), withAppend(false)
10-29 17:29:21.289 20323 20380 I TaskQueue:  - task [USER_FACING - d: true, b: 2]: 24
10-29 17:29:21.290 20323 20380 I TaskQueue:  - Finished 13, time 668 ms
10-29 17:29:21.290 20323 20380 I TaskQueue: Execute task [IMMEDIATE - d: true, b: 2]: 27
10-29 17:29:21.292 20323 20380 I FeedRequestManagerImpl: Consistency Token: # hU2@7bca4
10-29 17:29:21.313 20481 20481 I cr_ChildProcessService: Creating new ChildProcessService pid=20481
10-29 17:29:21.314 20323 20380 I FeedRequestManagerImpl: Capability: FEED_UI
10-29 17:29:21.314 20323 20380 I FeedRequestManagerImpl: Capability: UNDOABLE_ACTIONS
10-29 17:29:21.314 20323 20380 I FeedRequestManagerImpl: Capability: MANAGE_INTERESTS
10-29 17:29:21.314 20323 20380 I FeedRequestManagerImpl: Capability: SEND_FEEDBACK
10-29 17:29:21.314 20323 20380 I FeedRequestManagerImpl: Capability: ARTICLE_SNIPPETS
10-29 17:29:21.314 20323 20380 I FeedRequestManagerImpl: Capability: CLICK_ACTION
10-29 17:29:21.314 20323 20380 I FeedRequestManagerImpl: Capability: VIEW_ACTION
10-29 17:29:21.314 20323 20380 I FeedRequestManagerImpl: Capability: REPORT_FEED_USER_ACTIONS_NOTICE_CARD
10-29 17:29:21.314 20323 20380 I FeedRequestManagerImpl: Capability: BASE_UI
10-29 17:29:21.346 20323 20380 I FeedRequestManagerImpl: Making Request: /httpservice/noretry/DiscoverClankService/FeedQuery
10-29 17:29:21.346 20323 20380 I MainThreadRunner: Running task [NetworkClientWrapper send] on the Main Thread
10-29 17:29:21.346 20323 20380 I TaskQueue:  - Finished 27, time 57 ms
10-29 17:29:21.355 20323 20333 I art     : Background partial concurrent mark sweep GC freed 33747(1918KB) AllocSpace objects, 20(944KB) LOS objects, 40% free, 10MB/16MB, paused 19.852ms total 363.078ms
10-29 17:29:21.360 20542 20542 W dboxed_process7: type=1400 audit(0.0:1262): avc: denied { getattr } for path="/data/data/com.android.chrome" dev="dm-2" ino=12190 scontext=u:r:isolated_app:s0:c512,c768 tcontext=u:object_r:app_data_file:s0:c512,c768 tclass=dir permissive=0
10-29 17:29:21.365 20493 20493 I cr_ChildProcessService: Creating new ChildProcessService pid=20493
10-29 17:29:21.387 20527 20527 W dboxed_process6: type=1400 audit(0.0:1263): avc: denied { getattr } for path="/data/data/com.android.chrome" dev="dm-2" ino=12190 scontext=u:r:isolated_app:s0:c512,c768 tcontext=u:object_r:app_data_file:s0:c512,c768 tclass=dir permissive=0
10-29 17:29:21.433 20323 20529 I PlayCore: UID: [10035]  PID: [20323] SplitInstallService : Failed to bind to the service.
10-29 17:29:21.479 20513 20513 I cr_ChildProcessService: Creating new ChildProcessService pid=20513
10-29 17:29:21.570 20555 20555 W dboxed_process8: type=1400 audit(0.0:1264): avc: denied { getattr } for path="/data/data/com.android.chrome" dev="dm-2" ino=12190 scontext=u:r:isolated_app:s0:c512,c768 tcontext=u:object_r:app_data_file:s0:c512,c768 tclass=dir permissive=0
10-29 17:29:21.570 20323 20323 I cr_tabmodel: Appending tabs being restored to metadata lists, 0, startingNormalCount: 1, startingIncognitoCount: 0
10-29 17:29:21.570 20323 20323 I cr_tabmodel: Serializing tab lists; counts: 1, 0
10-29 17:29:21.583 20542 20542 I cr_ChildProcessService: Creating new ChildProcessService pid=20542
10-29 17:29:21.597 20527 20527 I cr_ChildProcessService: Creating new ChildProcessService pid=20527
10-29 17:29:21.618 20459 20576 I cr_LibraryLoader: Loaded native library version number "85.0.4183.127"
10-29 17:29:21.619 20459 20576 I cr_CachingUmaRecorder: Flushed 1 samples from 1 histograms.
10-29 17:29:21.688 20475 20578 I cr_LibraryLoader: Loaded native library version number "85.0.4183.127"
10-29 17:29:21.695 20475 20578 I cr_CachingUmaRecorder: Flushed 1 samples from 1 histograms.
10-29 17:29:21.707 20481 20579 I cr_LibraryLoader: Loaded native library version number "85.0.4183.127"
10-29 17:29:21.715 20481 20579 I cr_CachingUmaRecorder: Flushed 1 samples from 1 histograms.
10-29 17:29:21.730 20493 20580 I cr_LibraryLoader: Loaded native library version number "85.0.4183.127"
10-29 17:29:21.738 20493 20580 I cr_CachingUmaRecorder: Flushed 1 samples from 1 histograms.
10-29 17:29:21.782 20555 20555 I cr_ChildProcessService: Creating new ChildProcessService pid=20555
10-29 17:29:21.857 20323 20376 W cr_CrashFileManager: /data/user/0/com.android.chrome/cache/Crash Reports does not exist or is not a directory
10-29 17:29:21.857 20323 20376 W cr_CrashFileManager: /data/user/0/com.android.chrome/cache/Crash Reports does not exist or is not a directory
10-29 17:29:21.857 20323 20376 W cr_CrashFileManager: /data/user/0/com.android.chrome/cache/Crash Reports does not exist or is not a directory
10-29 17:29:21.864 20323 20376 I cr_FileUtils: Writing to /data/user/0/com.android.chrome/app_dex/webapk7.dex
10-29 17:29:21.915 20459 20576 I chromium: [INFO:child_process_service.cc(69)] ChildProcessService: Exiting child process.
10-29 17:29:21.918   197   197 E lowmemorykiller: Error writing /proc/20459/oom_score_adj; errno=22
10-29 17:29:21.924 20323 20356 I cr_BindingManager: Moderate binding enabled: maxSize=40
10-29 17:29:21.925 20513 20581 I cr_LibraryLoader: Loaded native library version number "85.0.4183.127"
10-29 17:29:21.933 20513 20581 I cr_CachingUmaRecorder: Flushed 1 samples from 1 histograms.
10-29 17:29:21.942   600  1080 I ActivityManager: Process com.android.chrome:sandboxed_process1 (pid 20459) has died
10-29 17:29:21.943   600  1080 D ActivityManager: cleanUpApplicationRecord -- 20459
10-29 17:29:21.973 20323 20323 W chromium: [WARNING:compositor_view.cc(315)] Child process died (type=6) pid=20459)
10-29 17:29:21.978 20323 20356 I cr_BindingManager: onTrimMemory: level=10, size=0
10-29 17:29:22.047 20527 20584 I cr_LibraryLoader: Loaded native library version number "85.0.4183.127"
10-29 17:29:22.047 20527 20584 I cr_CachingUmaRecorder: Flushed 1 samples from 1 histograms.
10-29 17:29:22.076 20542 20583 I cr_LibraryLoader: Loaded native library version number "85.0.4183.127"
10-29 17:29:22.082 20542 20583 I cr_CachingUmaRecorder: Flushed 1 samples from 1 histograms.
10-29 17:29:22.096   600  1076 I ActivityManager: Killing 20513:com.android.chrome:sandboxed_process5/u0a35i775 (adj 0): isolated not needed
10-29 17:29:22.096   600  1076 I ActivityManager: Killing 20493:com.android.chrome:sandboxed_process4/u0a35i774 (adj 0): isolated not needed
10-29 17:29:22.096   600  1076 I ActivityManager: Killing 20481:com.android.chrome:sandboxed_process3/u0a35i773 (adj 0): isolated not needed
10-29 17:29:22.096   600  1076 I ActivityManager: Killing 20475:com.android.chrome:sandboxed_process2/u0a35i772 (adj 0): isolated not needed
10-29 17:29:22.256 20555 20588 I cr_LibraryLoader: Loaded native library version number "85.0.4183.127"
10-29 17:29:22.262 20555 20588 I cr_CachingUmaRecorder: Flushed 1 samples from 1 histograms.
10-29 17:29:22.363 20602 20602 I dex2oat : /system/bin/dex2oat --dex-file=/data/user/0/com.android.chrome/app_dex/webapk7.dex --oat-fd=194 --oat-location=/data/user/0/com.android.chrome/app_dex/oat/arm/webapk7.dex --compiler-filter=speed
10-29 17:29:22.380 20555 20588 I chromium: [INFO:child_process_service.cc(69)] ChildProcessService: Exiting child process.
10-29 17:29:22.383 20542 20583 I chromium: [INFO:child_process_service.cc(69)] ChildProcessService: Exiting child process.
10-29 17:29:22.384 20527 20584 I chromium: [INFO:child_process_service.cc(69)] ChildProcessService: Exiting child process.
10-29 17:29:22.390   197   197 E lowmemorykiller: Error writing /proc/20555/oom_score_adj; errno=22
10-29 17:29:22.413   600  3507 I ActivityManager: Start proc 20615:com.android.chrome:sandboxed_process9/u0i779 for service com.android.chrome/org.chromium.content.app.SandboxedProcessService9
10-29 17:29:22.414   600 17381 I ActivityManager: Killing 20555:com.android.chrome:sandboxed_process8/u0a35i778 (adj 0): isolated not needed
10-29 17:29:22.419   197   197 E lowmemorykiller: Error writing /proc/20527/oom_score_adj; errno=22
10-29 17:29:22.419   600   611 E JavaBinder: !!! FAILED BINDER TRANSACTION !!!  (parcel size = 76)
10-29 17:29:22.419 11497 11547 I Icing   : IndexChimeraService.getServiceInterface callingPackage=com.android.chrome componentName=null serviceId=36
10-29 17:29:22.420   600   611 E JavaBinder: !!! FAILED BINDER TRANSACTION !!!  (parcel size = 572)
10-29 17:29:22.420   600   611 W ActivityManager: Exception when unbinding service com.android.chrome/org.chromium.content.app.SandboxedProcessService6
10-29 17:29:22.420   600   611 W ActivityManager: android.os.DeadObjectException: Transaction failed on small parcel; remote process probably died
10-29 17:29:22.420   600   611 W ActivityManager: 	at android.os.BinderProxy.transactNative(Native Method)
10-29 17:29:22.420   600   611 W ActivityManager: 	at android.os.BinderProxy.transact(Binder.java:615)
10-29 17:29:22.420   600   611 W ActivityManager: 	at android.app.ApplicationThreadProxy.scheduleUnbindService(ApplicationThreadNative.java:1016)
10-29 17:29:22.420   600   611 W ActivityManager: 	at com.android.server.am.ActiveServices.removeConnectionLocked(ActiveServices.java:2175)
10-29 17:29:22.420   600   611 W ActivityManager: 	at com.android.server.am.ActiveServices.unbindServiceLocked(ActiveServices.java:1163)
10-29 17:29:22.420   600   611 W ActivityManager: 	at com.android.server.am.ActivityManagerService.unbindService(ActivityManagerService.java:17309)
10-29 17:29:22.420   600   611 W ActivityManager: 	at android.app.ActivityManagerNative.onTransact(ActivityManagerNative.java:1145)
10-29 17:29:22.420   600   611 W ActivityManager: 	at com.android.server.am.ActivityManagerService.onTransact(ActivityManagerService.java:2795)
10-29 17:29:22.420   600   611 W ActivityManager: 	at android.os.Binder.execTransact(Binder.java:565)
10-29 17:29:22.420   600   611 E JavaBinder: !!! FAILED BINDER TRANSACTION !!!  (parcel size = 76)
10-29 17:29:22.421   197   197 E lowmemorykiller: Error writing /proc/20527/oom_score_adj; errno=22
10-29 17:29:22.421   600   611 E JavaBinder: !!! FAILED BINDER TRANSACTION !!!  (parcel size = 76)
10-29 17:29:22.422   197   197 E lowmemorykiller: Error writing /proc/20542/oom_score_adj; errno=22
10-29 17:29:22.422   600  7064 E JavaBinder: !!! FAILED BINDER TRANSACTION !!!  (parcel size = 76)
10-29 17:29:22.422   600  7064 E JavaBinder: !!! FAILED BINDER TRANSACTION !!!  (parcel size = 572)
10-29 17:29:22.423   600  7064 W ActivityManager: Exception when unbinding service com.android.chrome/org.chromium.content.app.SandboxedProcessService7
10-29 17:29:22.423   600  7064 W ActivityManager: android.os.DeadObjectException: Transaction failed on small parcel; remote process probably died
10-29 17:29:22.423   600  7064 W ActivityManager: 	at android.os.BinderProxy.transactNative(Native Method)
10-29 17:29:22.423   600  7064 W ActivityManager: 	at android.os.BinderProxy.transact(Binder.java:615)
10-29 17:29:22.423   600  7064 W ActivityManager: 	at android.app.ApplicationThreadProxy.scheduleUnbindService(ApplicationThreadNative.java:1016)
10-29 17:29:22.423   600  7064 W ActivityManager: 	at com.android.server.am.ActiveServices.removeConnectionLocked(ActiveServices.java:2175)
10-29 17:29:22.423   600  7064 W ActivityManager: 	at com.android.server.am.ActiveServices.unbindServiceLocked(ActiveServices.java:1163)
10-29 17:29:22.423   600  7064 W ActivityManager: 	at com.android.server.am.ActivityManagerService.unbindService(ActivityManagerService.java:17309)
10-29 17:29:22.423   600  7064 W ActivityManager: 	at android.app.ActivityManagerNative.onTransact(ActivityManagerNative.java:1145)
10-29 17:29:22.423   600  7064 W ActivityManager: 	at com.android.server.am.ActivityManagerService.onTransact(ActivityManagerService.java:2795)
10-29 17:29:22.423   600  7064 W ActivityManager: 	at android.os.Binder.execTransact(Binder.java:565)
10-29 17:29:22.423   600  7064 E JavaBinder: !!! FAILED BINDER TRANSACTION !!!  (parcel size = 76)
10-29 17:29:22.423   600  7064 I ActivityManager: Killing 20527:com.android.chrome:sandboxed_process6/u0a35i776 (adj 900): isolated not needed
10-29 17:29:22.423   197   197 E lowmemorykiller: Error opening /proc/20542/oom_score_adj; errno=2
10-29 17:29:22.424   600  7064 E JavaBinder: !!! FAILED BINDER TRANSACTION !!!  (parcel size = 76)
10-29 17:29:22.424   600   610 I ActivityManager: Process com.android.chrome:sandboxed_process7 (pid 20542) has died
10-29 17:29:22.424   600   610 D ActivityManager: cleanUpApplicationRecord -- 20542
10-29 17:29:22.425   600   610 E JavaBinder: !!! FAILED BINDER TRANSACTION !!!  (parcel size = 76)
10-29 17:29:22.426   600   610 E JavaBinder: !!! FAILED BINDER TRANSACTION !!!  (parcel size = 76)
10-29 17:29:22.431   600  1082 D ActivityManager: cleanUpApplicationRecord -- 20555
10-29 17:29:22.432   600 24515 D ActivityManager: cleanUpApplicationRecord -- 20527
10-29 17:29:22.440 20323 20323 W chromium: [WARNING:compositor_view.cc(315)] Child process died (type=6) pid=20542)
10-29 17:29:22.452 20323 20323 W chromium: [WARNING:compositor_view.cc(315)] Child process died (type=6) pid=20555)
10-29 17:29:22.453 20323 20323 W chromium: [WARNING:compositor_view.cc(315)] Child process died (type=6) pid=20527)
10-29 17:29:22.509   600  3507 I ActivityManager: Start proc 20622:com.android.chrome:sandboxed_process10/u0i780 for service com.android.chrome/org.chromium.content.app.SandboxedProcessService10
10-29 17:29:22.511 20323 20356 I cr_BindingManager: onTrimMemory: level=10, size=0
10-29 17:29:22.565   600  1082 I ActivityManager: Start proc 20635:com.android.chrome:sandboxed_process11/u0i781 for service com.android.chrome/org.chromium.content.app.SandboxedProcessService11
10-29 17:29:22.613   600 24515 I ActivityManager: Start proc 20649:com.android.chrome:sandboxed_process12/u0i782 for service com.android.chrome/org.chromium.content.app.SandboxedProcessService12
10-29 17:29:22.648   600  1081 I ActivityManager: Start proc 20661:com.android.chrome:sandboxed_process13/u0i783 for service com.android.chrome/org.chromium.content.app.SandboxedProcessService13
10-29 17:29:22.700   600   611 I ActivityManager: Start proc 20673:com.android.chrome:sandboxed_process14/u0i784 for service com.android.chrome/org.chromium.content.app.SandboxedProcessService14
10-29 17:29:22.707 20615 20615 W dboxed_process9: type=1400 audit(0.0:1265): avc: denied { getattr } for path="/data/data/com.android.chrome" dev="dm-2" ino=12190 scontext=u:r:isolated_app:s0:c512,c768 tcontext=u:object_r:app_data_file:s0:c512,c768 tclass=dir permissive=0
10-29 17:29:22.765 20323 20333 I art     : Background sticky concurrent mark sweep GC freed 70338(4MB) AllocSpace objects, 69(1380KB) LOS objects, 36% free, 10MB/16MB, paused 955us total 186.350ms
10-29 17:29:22.787 20622 20622 W boxed_process10: type=1400 audit(0.0:1266): avc: denied { getattr } for path="/data/data/com.android.chrome" dev="dm-2" ino=12190 scontext=u:r:isolated_app:s0:c512,c768 tcontext=u:object_r:app_data_file:s0:c512,c768 tclass=dir permissive=0
10-29 17:29:22.804 20635 20635 W boxed_process11: type=1400 audit(0.0:1267): avc: denied { getattr } for path="/data/data/com.android.chrome" dev="dm-2" ino=12190 scontext=u:r:isolated_app:s0:c512,c768 tcontext=u:object_r:app_data_file:s0:c512,c768 tclass=dir permissive=0
10-29 17:29:22.816 20615 20615 I cr_ChildProcessService: Creating new ChildProcessService pid=20615
10-29 17:29:22.817 20649 20649 W boxed_process12: type=1400 audit(0.0:1268): avc: denied { getattr } for path="/data/data/com.android.chrome" dev="dm-2" ino=12190 scontext=u:r:isolated_app:s0:c512,c768 tcontext=u:object_r:app_data_file:s0:c512,c768 tclass=dir permissive=0
10-29 17:29:22.831 20457 20457 D AndroidRuntime: >>>>>> START com.android.internal.os.RuntimeInit uid 2000 <<<<<<
10-29 17:29:22.848 20457 20457 D AndroidRuntime: CheckJNI is OFF
10-29 17:29:22.873 20622 20622 I cr_ChildProcessService: Creating new ChildProcessService pid=20622
10-29 17:29:22.873 20635 20635 I cr_ChildProcessService: Creating new ChildProcessService pid=20635
10-29 17:29:22.903 20649 20649 I cr_ChildProcessService: Creating new ChildProcessService pid=20649
10-29 17:29:23.025 11497 11547 I Icing   : IndexChimeraService.getServiceInterface callingPackage=com.android.chrome componentName=null serviceId=36
10-29 17:29:23.031   600  1076 W ActivityManager: Slow operation: 294ms so far, now at startProcess: returned from zygote!
10-29 17:29:23.031   600  1076 W ActivityManager: Slow operation: 294ms so far, now at startProcess: done updating battery stats
10-29 17:29:23.031   600  1076 W ActivityManager: Slow operation: 294ms so far, now at startProcess: building log message
10-29 17:29:23.032   600  1076 I ActivityManager: Start proc 20699:com.android.chrome:sandboxed_process15/u0i785 for service com.android.chrome/org.chromium.content.app.SandboxedProcessService15
10-29 17:29:23.032   600  1076 W ActivityManager: Slow operation: 294ms so far, now at startProcess: starting to update pids map
10-29 17:29:23.032   600  1076 W ActivityManager: Slow operation: 294ms so far, now at startProcess: done updating pids map
10-29 17:29:23.032   600  1076 W ActivityManager: Slow operation: 294ms so far, now at startProcess: done starting proc!
10-29 17:29:23.094   600   611 I ActivityManager: Start proc 20706:com.android.chrome:sandboxed_process16/u0i786 for service com.android.chrome/org.chromium.content.app.SandboxedProcessService16
10-29 17:29:23.139   600  1080 I ActivityManager: Start proc 20712:com.android.chrome:sandboxed_process17/u0i787 for service com.android.chrome/org.chromium.content.app.SandboxedProcessService17
10-29 17:29:23.167 20661 20661 W boxed_process13: type=1400 audit(0.0:1269): avc: denied { getattr } for path="/data/data/com.android.chrome" dev="dm-2" ino=12190 scontext=u:r:isolated_app:s0:c512,c768 tcontext=u:object_r:app_data_file:s0:c512,c768 tclass=dir permissive=0
10-29 17:29:23.180 20673 20673 W boxed_process14: type=1400 audit(0.0:1270): avc: denied { getattr } for path="/data/data/com.android.chrome" dev="dm-2" ino=12190 scontext=u:r:isolated_app:s0:c512,c768 tcontext=u:object_r:app_data_file:s0:c512,c768 tclass=dir permissive=0
10-29 17:29:23.209   600   707 W ActivityManager: Slow operation: 59ms so far, now at startProcess: returned from zygote!
10-29 17:29:23.209   600   707 W ActivityManager: Slow operation: 59ms so far, now at startProcess: done updating battery stats
10-29 17:29:23.209   600   707 W ActivityManager: Slow operation: 59ms so far, now at startProcess: building log message
10-29 17:29:23.210   600   707 I ActivityManager: Start proc 20726:com.android.chrome:sandboxed_process18/u0i788 for service com.android.chrome/org.chromium.content.app.SandboxedProcessService18
10-29 17:29:23.210   600   707 W ActivityManager: Slow operation: 59ms so far, now at startProcess: starting to update pids map
10-29 17:29:23.210   600   707 W ActivityManager: Slow operation: 59ms so far, now at startProcess: done updating pids map
10-29 17:29:23.210   600   707 W ActivityManager: Slow operation: 59ms so far, now at startProcess: done starting proc!
10-29 17:29:23.266   600  1082 I ActivityManager: Start proc 20743:com.android.chrome:sandboxed_process19/u0i789 for service com.android.chrome/org.chromium.content.app.SandboxedProcessService19
10-29 17:29:23.333 20615 20694 I cr_LibraryLoader: Loaded native library version number "85.0.4183.127"
10-29 17:29:23.334 20615 20694 I cr_CachingUmaRecorder: Flushed 1 samples from 1 histograms.
10-29 17:29:23.334 20457 20457 D ICU     : No timezone override file found: /data/misc/zoneinfo/current/icu/icu_tzdata.dat
10-29 17:29:23.353 20622 20696 I cr_LibraryLoader: Loaded native library version number "85.0.4183.127"
10-29 17:29:23.354 20622 20696 I cr_CachingUmaRecorder: Flushed 1 samples from 1 histograms.
10-29 17:29:23.386 20602 20602 W dex2oat : Compilation of java.lang.String androidx.core.graphics.drawable.IconCompat.toString() took 151.860ms
10-29 17:29:23.387 20699 20699 W boxed_process15: type=1400 audit(0.0:1271): avc: denied { getattr } for path="/data/data/com.android.chrome" dev="dm-2" ino=12190 scontext=u:r:isolated_app:s0:c512,c768 tcontext=u:object_r:app_data_file:s0:c512,c768 tclass=dir permissive=0
10-29 17:29:23.402 20661 20661 I cr_ChildProcessService: Creating new ChildProcessService pid=20661
10-29 17:29:23.412 20649 20698 I cr_LibraryLoader: Loaded native library version number "85.0.4183.127"
10-29 17:29:23.413 20649 20698 I cr_CachingUmaRecorder: Flushed 1 samples from 1 histograms.
10-29 17:29:23.421 20635 20695 I cr_LibraryLoader: Loaded native library version number "85.0.4183.127"
10-29 17:29:23.421 20635 20695 I cr_CachingUmaRecorder: Flushed 1 samples from 1 histograms.
10-29 17:29:23.425 20673 20673 I cr_ChildProcessService: Creating new ChildProcessService pid=20673
10-29 17:29:23.449 20602 20602 I dex2oat : dex2oat took 1.089s (threads: 2) arena alloc=1000KB (1024080B) java alloc=65KB (67400B) native alloc=559KB (572984B) free=2000KB (2048456B)
10-29 17:29:23.487 20706 20706 W boxed_process16: type=1400 audit(0.0:1272): avc: denied { getattr } for path="/data/data/com.android.chrome" dev="dm-2" ino=12190 scontext=u:r:isolated_app:s0:c512,c768 tcontext=u:object_r:app_data_file:s0:c512,c768 tclass=dir permissive=0
10-29 17:29:23.510 20712 20712 W boxed_process17: type=1400 audit(0.0:1273): avc: denied { getattr } for path="/data/data/com.android.chrome" dev="dm-2" ino=12190 scontext=u:r:isolated_app:s0:c512,c768 tcontext=u:object_r:app_data_file:s0:c512,c768 tclass=dir permissive=0
10-29 17:29:23.550 20726 20726 W boxed_process18: type=1400 audit(0.0:1274): avc: denied { getattr } for path="/data/data/com.android.chrome" dev="dm-2" ino=12190 scontext=u:r:isolated_app:s0:c512,c768 tcontext=u:object_r:app_data_file:s0:c512,c768 tclass=dir permissive=0
10-29 17:29:23.582 20699 20699 I cr_ChildProcessService: Creating new ChildProcessService pid=20699
10-29 17:29:23.596 20635 20695 I chromium: [INFO:child_process_service.cc(69)] ChildProcessService: Exiting child process.
10-29 17:29:23.597 20743 20743 W boxed_process19: type=1400 audit(0.0:1275): avc: denied { getattr } for path="/data/data/com.android.chrome" dev="dm-2" ino=12190 scontext=u:r:isolated_app:s0:c512,c768 tcontext=u:object_r:app_data_file:s0:c512,c768 tclass=dir permissive=0
10-29 17:29:23.608 20615 20615 I cr_ChildProcessService: Destroying ChildProcessService pid=20615
10-29 17:29:23.627 20661 20766 I cr_LibraryLoader: Loaded native library version number "85.0.4183.127"
10-29 17:29:23.627 20661 20766 I cr_CachingUmaRecorder: Flushed 1 samples from 1 histograms.
10-29 17:29:23.637 20457 20457 I Radio-JNI: register_android_hardware_Radio DONE
10-29 17:29:23.653 20622 20622 I cr_ChildProcessService: Destroying ChildProcessService pid=20622
10-29 17:29:23.654 20615 20694 I chromium: [INFO:child_process_service.cc(69)] ChildProcessService: Exiting child process.
10-29 17:29:23.656 20622 20696 I chromium: [INFO:child_process_service.cc(69)] ChildProcessService: Exiting child process.
