--------- beginning of main
10-29 16:09:30.239 24054 24054 D AndroidRuntime: >>>>>> START com.android.internal.os.RuntimeInit uid 2000 <<<<<<
10-29 16:09:30.243 24054 24054 D AndroidRuntime: CheckJNI is OFF
10-29 16:09:30.307 24054 24054 D ICU     : No timezone override file found: /data/misc/zoneinfo/current/icu/icu_tzdata.dat
10-29 16:09:30.336 24054 24054 I Radio-JNI: register_android_hardware_Radio DONE
10-29 16:09:30.351 24054 24054 D AndroidRuntime: Calling main entry com.android.commands.am.Am
--------- beginning of system
10-29 16:09:30.368   600  1082 I ActivityManager: Force stopping com.android.chrome appid=10035 user=0: from pid 24054
10-29 16:09:30.368   600  1082 I ActivityManager: Killing 23970:com.android.chrome/u0a35 (adj 902): stop com.android.chrome
10-29 16:09:30.369   600  1082 D ActivityManager: cleanUpApplicationRecord -- 23970
10-29 16:09:30.381  1061  1061 D RegisteredNfcFServicesCache: Service unchanged, not updating
10-29 16:09:30.627   600  9614 I ActivityManager: START u0 {act=android.intent.action.VIEW flg=0x10008000 cmp=com.android.chrome/com.google.android.apps.chrome.Main} from uid 2000 on display 0
10-29 16:09:30.660 24054 24054 D AndroidRuntime: Shutting down VM
10-29 16:09:30.707   600  1079 I ActivityManager: Start proc 24064:com.android.chrome/u0a35 for activity com.android.chrome/com.google.android.apps.chrome.Main
10-29 16:09:30.879   600  9614 I ActivityManager: START u0 {cmp=com.android.chrome/org.chromium.chrome.browser.firstrun.TabbedModeFirstRunActivity (has extras)} from uid 10035 on display 0
10-29 16:09:30.894 24064 24081 W DynamiteModule: Local module descriptor class for com.google.android.gms.googlecertificates not found.
10-29 16:09:30.933 24064 24081 I DynamiteModule: Considering local module com.google.android.gms.googlecertificates:0 and remote module com.google.android.gms.googlecertificates:6
10-29 16:09:30.933 24064 24081 I DynamiteModule: Selected remote version of com.google.android.gms.googlecertificates, version >= 6
10-29 16:09:31.092 24064 24081 W System  : ClassLoader referenced unknown path: 
10-29 16:09:31.096 24064 24083 I OpenGLRenderer: Initialized EGL, version 1.4
10-29 16:09:31.097 24064 24083 D OpenGLRenderer: Swap behavior 2
10-29 16:09:31.099 24064 24082 I cr_LibraryLoader: Loaded native library version number "85.0.4183.127"
10-29 16:09:31.100 24064 24082 I cr_CachingUmaRecorder: Flushed 10 samples from 10 histograms.
10-29 16:09:31.101 24064 24081 D ApplicationLoaders: ignored Vulkan layer search path /data/app/com.google.android.gms-1/lib/arm:/data/app/com.google.android.gms-1/base.apk!/lib/armeabi-v7a:/data/app/com.google.android.gms-1/split_config.en.apk!/lib/armeabi-v7a for namespace 0xf4a47090
10-29 16:09:31.105 24064 24081 W ResourceType: ResTable_typeSpec entry count inconsistent: given 67, previously 69
10-29 16:09:31.105 24064 24081 W ResourceType: ResTable_typeSpec entry count inconsistent: given 5346, previously 5347
10-29 16:09:31.133 24064 24081 I DynamiteLoaderV2Impl: [70] Googlecertificates
10-29 16:09:31.151 24064 24081 W System  : ClassLoader referenced unknown path: /data/user_de/0/com.google.android.gms/app_chimera/m/00000061/n/armeabi-v7a
10-29 16:09:31.151 24064 24081 W System  : ClassLoader referenced unknown path: /data/user_de/0/com.google.android.gms/app_chimera/m/00000061/n/armeabi
10-29 16:09:31.245   600   620 W WindowManager: Failed looking up window
10-29 16:09:31.245   600   620 W WindowManager: java.lang.IllegalArgumentException: Requested window android.view.ViewRootImpl$W@33f2b34 does not exist
10-29 16:09:31.245   600   620 W WindowManager: 	at com.android.server.wm.WindowManagerService.windowForClientLocked(WindowManagerService.java:9422)
10-29 16:09:31.245   600   620 W WindowManager: 	at com.android.server.wm.WindowManagerService.windowForClientLocked(WindowManagerService.java:9413)
10-29 16:09:31.245   600   620 W WindowManager: 	at com.android.server.wm.WindowManagerService.removeWindow(WindowManagerService.java:2393)
10-29 16:09:31.245   600   620 W WindowManager: 	at com.android.server.wm.Session.remove(Session.java:202)
10-29 16:09:31.245   600   620 W WindowManager: 	at android.view.ViewRootImpl.dispatchDetachedFromWindow(ViewRootImpl.java:3290)
10-29 16:09:31.245   600   620 W WindowManager: 	at android.view.ViewRootImpl.doDie(ViewRootImpl.java:5917)
10-29 16:09:31.245   600   620 W WindowManager: 	at android.view.ViewRootImpl$ViewRootHandler.handleMessage(ViewRootImpl.java:3626)
10-29 16:09:31.245   600   620 W WindowManager: 	at android.os.Handler.dispatchMessage(Handler.java:102)
10-29 16:09:31.245   600   620 W WindowManager: 	at android.os.Looper.loop(Looper.java:154)
10-29 16:09:31.245   600   620 W WindowManager: 	at android.os.HandlerThread.run(HandlerThread.java:61)
10-29 16:09:31.245   600   620 W WindowManager: 	at com.android.server.ServiceThread.run(ServiceThread.java:46)
10-29 16:09:31.289   600   620 I ActivityManager: Displayed com.android.chrome/org.chromium.chrome.browser.firstrun.TabbedModeFirstRunActivity: +366ms (total +631ms)
10-29 16:09:31.310   787  1174 I FontLog : Received query Google Sans, URI content://com.google.android.gms.fonts [CONTEXT service_id=132 ]
10-29 16:09:31.311   787  1174 I FontLog : Query [Google Sans] resolved to {Google Sans, wdth 100.0, wght 400, ital 0.0, bestEffort false} [CONTEXT service_id=132 ]
10-29 16:09:31.323   787  1174 I FontLog : Font PFD returned from cache for {Google Sans, wdth 100.0, wght 400, ital 0.0, bestEffort false} [CONTEXT service_id=132 ]
10-29 16:09:31.323   787  1174 I FontLog : Fetch {Google Sans, wdth 100.0, wght 400, ital 0.0, bestEffort false} end status Status{statusCode=SUCCESS, resolution=null} [CONTEXT service_id=132 ]
10-29 16:09:31.330   787  1716 I FontLog : Pulling font file for id = 84, cache size = 6 [CONTEXT service_id=132 ]
10-29 16:09:31.352   787   806 I FontLog : Received query Google Sans:500, URI content://com.google.android.gms.fonts [CONTEXT service_id=132 ]
10-29 16:09:31.364   787  1258 E apju    : Phenotype API error. Event # cdub@d93548fb, EventCode: 7 [CONTEXT service_id=51 ]
10-29 16:09:31.364   787  1258 E apju    : apiz: 29505: No config packages for log source, or config package not registered
10-29 16:09:31.364   787  1258 E apju    : 	at apkj.b(:com.google.android.gms@203915020@20.39.15 (040406-335085812):7)
10-29 16:09:31.364   787  1258 E apju    : 	at apkg.b(:com.google.android.gms@203915020@20.39.15 (040406-335085812):2)
10-29 16:09:31.364   787  1258 E apju    : 	at apju.a(:com.google.android.gms@203915020@20.39.15 (040406-335085812):85)
10-29 16:09:31.364   787  1258 E apju    : 	at apju.a(:com.google.android.gms@203915020@20.39.15 (040406-335085812):80)
10-29 16:09:31.364   787  1258 E apju    : 	at aain.run(:com.google.android.gms@203915020@20.39.15 (040406-335085812):7)
10-29 16:09:31.364   787  1258 E apju    : 	at boex.run(:com.google.android.gms@203915020@20.39.15 (040406-335085812):2)
10-29 16:09:31.364   787  1258 E apju    : 	at sup.b(:com.google.android.gms@203915020@20.39.15 (040406-335085812):12)
10-29 16:09:31.364   787  1258 E apju    : 	at sup.run(:com.google.android.gms@203915020@20.39.15 (040406-335085812):7)
10-29 16:09:31.364   787  1258 E apju    : 	at java.util.concurrent.ThreadPoolExecutor.runWorker(ThreadPoolExecutor.java:1133)
10-29 16:09:31.364   787  1258 E apju    : 	at java.util.concurrent.ThreadPoolExecutor$Worker.run(ThreadPoolExecutor.java:607)
10-29 16:09:31.364   787  1258 E apju    : 	at tam.run(:com.google.android.gms@203915020@20.39.15 (040406-335085812):0)
10-29 16:09:31.364   787  1258 E apju    : 	at java.lang.Thread.run(Thread.java:761)
10-29 16:09:31.364   787   806 I FontLog : Query [Google Sans:500] resolved to {Google Sans, wdth 100.0, wght 500, ital 0.0, bestEffort false} [CONTEXT service_id=132 ]
10-29 16:09:31.369   787   806 I FontLog : Font PFD returned from cache for {Google Sans, wdth 100.0, wght 500, ital 0.0, bestEffort false} [CONTEXT service_id=132 ]
10-29 16:09:31.369   787   806 I FontLog : Fetch {Google Sans, wdth 100.0, wght 500, ital 0.0, bestEffort false} end status Status{statusCode=SUCCESS, resolution=null} [CONTEXT service_id=132 ]
10-29 16:09:31.371   787  1258 E AsyncOperation: serviceID=51, operation=GetExperimentTokensOperationCall [CONTEXT service_id=259 ]
10-29 16:09:31.371   787  1258 E AsyncOperation: OperationException[Status{statusCode=No config packages for log source, or config package not registered, resolution=null}]
10-29 16:09:31.371   787  1258 E AsyncOperation: 	at apju.a(:com.google.android.gms@203915020@20.39.15 (040406-335085812):87)
10-29 16:09:31.371   787  1258 E AsyncOperation: 	at apju.a(:com.google.android.gms@203915020@20.39.15 (040406-335085812):80)
10-29 16:09:31.371   787  1258 E AsyncOperation: 	at aain.run(:com.google.android.gms@203915020@20.39.15 (040406-335085812):7)
10-29 16:09:31.371   787  1258 E AsyncOperation: 	at boex.run(:com.google.android.gms@203915020@20.39.15 (040406-335085812):2)
10-29 16:09:31.371   787  1258 E AsyncOperation: 	at sup.b(:com.google.android.gms@203915020@20.39.15 (040406-335085812):12)
10-29 16:09:31.371   787  1258 E AsyncOperation: 	at sup.run(:com.google.android.gms@203915020@20.39.15 (040406-335085812):7)
10-29 16:09:31.371   787  1258 E AsyncOperation: 	at java.util.concurrent.ThreadPoolExecutor.runWorker(ThreadPoolExecutor.java:1133)
10-29 16:09:31.371   787  1258 E AsyncOperation: 	at java.util.concurrent.ThreadPoolExecutor$Worker.run(ThreadPoolExecutor.java:607)
10-29 16:09:31.371   787  1258 E AsyncOperation: 	at tam.run(:com.google.android.gms@203915020@20.39.15 (040406-335085812):0)
10-29 16:09:31.371   787  1258 E AsyncOperation: 	at java.lang.Thread.run(Thread.java:761)
10-29 16:09:31.379 24064 24081 D NetworkSecurityConfig: Using Network Security Config from resource 0_resource_name_obfuscated debugBuild: false
10-29 16:09:31.394   787  1174 I FontLog : Pulling font file for id = 85, cache size = 6 [CONTEXT service_id=132 ]
10-29 16:09:31.530  3410  3410 I MemoryTrimmer: Trimming objects from memory, since app is in the background.
10-29 16:09:31.560  1084  1084 I MemoryTrimmer: Trimming objects from memory, since app is in the background.
10-29 16:09:31.582  3410 23943 I DeviceStateChecker: DeviceStateChecker cancelled
10-29 16:09:31.583  3410  3410 I MicroDetector: Keeping mic open: false
10-29 16:09:31.584  3410 15486 I AudioController: internalShutdown
10-29 16:09:31.584  3410  4353 I MicroRecognitionRunner: Stopping hotword detection.
10-29 16:09:31.584  3410 15486 I MicrophoneInputStream: mic_close com.google.android.apps.gsa.speech.audio.ae@7a4ed6
10-29 16:09:31.597 24064 24081 I cr_VariationsSeedFetch: Fetched first run seed in 219 ms
10-29 16:09:31.600   238   285 I SoundTriggerHwService::Module: void android::SoundTriggerHwService::Module::onCallbackEvent(const sp<android::SoundTriggerHwService::CallbackEvent> &) mClient == 0
10-29 16:09:31.611  3410 23942 I MicroRecognitionRunner: Detection finished
10-29 16:09:31.629   600   707 I ActivityManager: Start proc 24100:com.android.chrome:sandboxed_process0/u0i308 for service com.android.chrome/org.chromium.content.app.SandboxedProcessService0
10-29 16:09:31.646  3410  3410 I MemoryTrimmer: Trimming objects from memory, since app is in the background.
10-29 16:09:31.680 24100 24100 W dboxed_process0: type=1400 audit(0.0:479): avc: denied { getattr } for path="/data/data/com.android.chrome" dev="dm-2" ino=12190 scontext=u:r:isolated_app:s0:c512,c768 tcontext=u:object_r:app_data_file:s0:c512,c768 tclass=dir permissive=0
10-29 16:09:31.703 24100 24100 I cr_ChildProcessService: Creating new ChildProcessService pid=24100
10-29 16:09:31.887   600  3994 I ActivityManager: Start proc 24127:com.android.chrome:privileged_process0/u0a35 for service com.android.chrome/org.chromium.content.app.PrivilegedProcessService0
10-29 16:09:31.956 24064 24086 W ConnectionStatusConfig: Dynamic lookup for intent failed for action: com.google.android.gms.auth.key.retrieval.service.START
10-29 16:09:31.961 24064 24086 W ConnectionStatusConfig: Dynamic lookup for intent failed for action: com.google.android.gms.auth.key.retrieval.service.START
10-29 16:09:31.964   600   707 W ActivityManager: Unable to start service Intent { act=com.google.android.gms.auth.key.retrieval.service.START pkg=com.google.android.gms } U=0: not found
10-29 16:09:31.983   600  1076 W ActivityManager: Unbind failed: could not find connection for android.os.BinderProxy@61a1490
10-29 16:09:31.993 24064 24086 E GmsClient: unable to connect to service: com.google.android.gms.auth.key.retrieval.service.START on com.google.android.gms
10-29 16:09:32.020 24064 24064 W cr_KnoxSettingsProvider: Permission to read device policy denied.
10-29 16:09:32.030 24127 24127 I cr_ChildProcessService: Creating new ChildProcessService pid=24127
10-29 16:09:32.106 24127 24144 I cr_LibraryLoader: Loaded native library version number "85.0.4183.127"
10-29 16:09:32.109 24127 24144 I cr_CachingUmaRecorder: Flushed 1 samples from 1 histograms.
10-29 16:09:32.127 24127 24144 E libEGL  : validate_display:99 error 3008 (EGL_BAD_DISPLAY)
10-29 16:09:41.653  3410  3410 I MemoryTrimmer: Trimming objects from memory, since app is in the background.
10-29 16:09:43.998 24169 24169 D AndroidRuntime: >>>>>> START com.android.internal.os.RuntimeInit uid 2000 <<<<<<
10-29 16:09:44.002 24169 24169 D AndroidRuntime: CheckJNI is OFF
10-29 16:09:44.066 24169 24169 D ICU     : No timezone override file found: /data/misc/zoneinfo/current/icu/icu_tzdata.dat
10-29 16:09:44.097 24169 24169 I Radio-JNI: register_android_hardware_Radio DONE
10-29 16:09:44.113 24169 24169 D AndroidRuntime: Calling main entry com.android.commands.monkey.Monkey
10-29 16:09:44.182   600   613 W BroadcastQueue: Skipping deliver [background] BroadcastRecord{a316bbb u-1 android.net.conn.CONNECTIVITY_CHANGE} to ReceiverList{38008d8 24169 (unknown name)/2000/u-1 remote:aadc1b5}: process crashing
10-29 16:09:45.350 24169 24169 D MonkeyStub: translateCommand: wake
10-29 16:09:45.472 24169 24169 D MonkeyStub: translateCommand: tap 398 1198
10-29 16:09:47.548 24169 24169 D MonkeyStub: translateCommand: tap 720 1506
10-29 16:09:47.713 13178 13191 I PeopleChimeraService: onService. callbacks = aaik@f8db54c, request = com.google.android.gms.common.internal.GetServiceRequest@15b8995
10-29 16:09:47.714 13178 13190 I PeopleChimeraService: onService. callbacks = aaik@d75269b, request = com.google.android.gms.common.internal.GetServiceRequest@386da38
10-29 16:09:49.804 24169 24169 D MonkeyStub: translateCommand: tap 355 1480
10-29 16:09:49.825 24169 24169 D MonkeyStub: Quit requested
10-29 16:09:49.850   600  3994 I ActivityManager: START u0 {act=android.intent.action.VIEW flg=0x10008000 cmp=com.android.chrome/com.google.android.apps.chrome.Main (has extras)} from uid 10035 on display 0
10-29 16:09:49.852   600   614 I CwMcuSensor: CwMcuSensor::flush: fd = 223, sensors_id = 0, path = /sys/class/htc_sensorhub/sensor_hub/flush, err = 0
10-29 16:09:49.921 24169 24169 I art     : System.exit called, status: 6
10-29 16:09:49.921 24169 24169 I AndroidRuntime: VM exiting with result code 6.
10-29 16:09:50.009   600   713 W WindowManager: Attempted to remove non-existing token: android.os.Binder@f45c431
10-29 16:09:50.033 24064 24064 E cr_CompositorSurfaceMgr: Transitioning to surface with format : -1
10-29 16:09:50.081   600   609 I art     : Background partial concurrent mark sweep GC freed 19730(962KB) AllocSpace objects, 3(60KB) LOS objects, 33% free, 15MB/22MB, paused 884us total 173.194ms
10-29 16:09:50.113 24064 24119 W cr_tabmodel: Starting to perform legacy migration.
10-29 16:09:50.114 24064 24119 W cr_tabmodel: Finished performing legacy migration.
10-29 16:09:50.114 24064 24119 W cr_tabmodel: Starting to perform multi-instance migration.
10-29 16:09:50.114 24064 24119 W cr_tabmodel: Finished performing multi-instance migration.
10-29 16:09:50.115 24064 24119 I cr_tabmodel: Starting to fetch tab list for tab_state0
10-29 16:09:50.115 24064 24119 I cr_tabmodel: State file does not exist.
10-29 16:09:50.115 24064 24119 I cr_tabmodel: Starting to fetch tab list for tab_state1
10-29 16:09:50.115 24064 24119 I cr_tabmodel: State file does not exist.
10-29 16:09:50.150 24064 24119 I cr_ADCP : No customization source found
10-29 16:09:50.211   600 17381 E BatteryStatsService: power: Missing API
10-29 16:09:50.223   600   620 I ActivityManager: Displayed com.android.chrome/com.google.android.apps.chrome.Main: +339ms
10-29 16:09:50.228 24064 24064 E cr_CompositorSurfaceMgr: Transitioning to surface with format : -1
10-29 16:09:50.229   796   796 E PhoneInterfaceManager: [PhoneIntfMgr] queryModemActivityInfo: Empty response
10-29 16:09:50.229   600 17381 E BatteryStatsService: no controller energy info supplied
10-29 16:09:50.232 24064 24064 E cr_CompositorSurfaceMgr: surfaceCreated format : 0
10-29 16:09:50.240   600 17381 E BatteryStatsService: modem info is invalid: ModemActivityInfo{ mTimestamp=0 mSleepTimeMs=0 mIdleTimeMs=0 mTxTimeMs[]=[0, 0, 0, 0, 0] mRxTimeMs=0 mEnergyUsed=0}
10-29 16:09:50.251 24064 24064 I cr_ContextualSearch: Tap suppression enabled: false
10-29 16:09:50.262 24064 24064 I cr_ChromeTabbedActivity: #initializeState
10-29 16:09:50.262 24064 24064 I cr_CipherFactory: #restoreFromBundle, no savedInstanceState.
10-29 16:09:50.262 24064 24064 I cr_tabmodel: #loadState, ignoreIncognitoFiles? true
10-29 16:09:50.455 24064 24064 I SchedulerApiWrapper: Create SchedulerApiMainThreadWrapper
10-29 16:09:50.466 24064 24064 I FeedSessionManagerImpl: FeedSessionManagerImpl has been created
10-29 16:09:50.466 24064 24064 I FeedAppLifecycleLstnr: onEnterForeground called
10-29 16:09:50.466 24064 24064 I FeedSessionManagerImpl: onLifecycleEvent foreground
10-29 16:09:50.467 24064 24064 I FeedSessionManagerImpl: Lazy initialization triggered, getUpdateConsumer
10-29 16:09:50.468 24064 24120 I TaskQueue: Execute task [IMMEDIATE - d: true, b: 0]: 30
10-29 16:09:50.472 24064 24064 I FeedRequestManagerImpl: trigger refresh 2
10-29 16:09:50.473 24064 24064 I TaskQueue:  - task [HEAD_INVALIDATE - d: true, b: 0]: 26
10-29 16:09:50.473 24064 24064 I FeedAppLifecycleLstnr: initialize called
10-29 16:09:50.473 24064 24064 I FeedSessionManagerImpl: onLifecycleEvent initialize
10-29 16:09:50.473 24064 24064 W FeedSessionManagerImpl: FeedSessionManagerImpl has previously been initialized
10-29 16:09:50.498 24064 24064 I ViewConfigCompat: Could not find method getScaledScrollFactor() on ViewConfiguration
10-29 16:09:50.500 24064 24064 I BasicStream: Setting 2 header views, currently have 0 headers
10-29 16:09:50.503 24064 24064 I BasicStream: Setting 2 header views, currently have 2 headers
10-29 16:09:50.558   600   619 D BluetoothManagerService: Message: 20
10-29 16:09:50.558   600   619 D BluetoothManagerService: Added callback: android.bluetooth.IBluetoothManagerCallback$Stub$Proxy@decab4d:true
10-29 16:09:50.585 24100 24113 I cr_LibraryLoader: Loaded native library version number "85.0.4183.127"
10-29 16:09:50.586 24064 24064 E cr_IntentUtils: getBooleanExtra failed on intent null
10-29 16:09:50.592 24100 24113 I cr_CachingUmaRecorder: Flushed 1 samples from 1 histograms.
10-29 16:09:50.596 24064 24064 I TimeoutSessionImpl: Using TimeoutSessionImpl
10-29 16:09:50.596 24064 24064 I FeedSessionManagerImpl: Delaying populateSession until initialization is finished
10-29 16:09:50.596 24064 24064 I TaskQueue:  - task [IMMEDIATE - d: true, b: 1]: 13
10-29 16:09:50.597 24064 24064 I MainThreadRunner: Running task [BasicStream onShow] on the Main Thread with a delay of 500 milliseconds
10-29 16:09:50.657   600  1081 I ActivityManager: Start proc 24199:com.android.chrome:sandboxed_process1/u0i309 for service com.android.chrome/org.chromium.content.app.SandboxedProcessService1
10-29 16:09:50.694 24064 24120 W SessionCache: Persisted Sessions were not found
10-29 16:09:50.694 24064 24120 I HeadSessionImpl: Initialize HEAD 0 items
10-29 16:09:50.694 24064 24120 I TaskQueue:  - task [BACKGROUND - d: true, b: 2]: 11
10-29 16:09:50.694 24064 24120 I TimingUtils: Task Timing 226ms, thread JardinExecutor | task : Initialization
10-29 16:09:50.695 24064 24120 I TaskQueue:  - Finished 30, time 227 ms
10-29 16:09:50.695 24064 24118 I TaskQueue: Execute task [HEAD_INVALIDATE - d: true, b: 2]: 26
10-29 16:09:50.696 24064 24118 I TimingUtils: Task Timing   0ms, thread background-1 | task : getAllDismissLocalActions | size : 0
10-29 16:09:50.697 24064 24118 I TimingUtils: Task Timing   0ms, thread background-2 | task : getSemanticProperties | size : 0
10-29 16:09:50.697 24064 24118 I MainThreadRunner: Running task [Check Tooltips] on the Main Thread
10-29 16:09:50.697 24064 24118 I TaskQueue:  * Starting starvation checks
10-29 16:09:50.697 24064 24118 I MainThreadRunner: Running task [starvationChecks] on the Main Thread with a delay of 6000 milliseconds
10-29 16:09:50.697 24064 24118 I TaskQueue:  - Finished 26, time 2 ms
10-29 16:09:50.697 24064 24118 I TaskQueue: Execute task [IMMEDIATE - d: true, b: 1]: 13
10-29 16:09:50.698 24064 24118 I FeedSessionManagerImpl: shouldSessionRequestData; hasContent(false), contentCreationTime(0), outstandingRequest(true)
10-29 16:09:50.698 24064 24118 I MainThreadRunner: Running task [SchedulerApiWrapper shouldSessionRequestData] on the Main Thread
10-29 16:09:50.711   600  3509 W ActivityManager: Slow operation: 51ms so far, now at startProcess: returned from zygote!
10-29 16:09:50.712   600  3509 W ActivityManager: Slow operation: 51ms so far, now at startProcess: done updating battery stats
10-29 16:09:50.712   600  3509 W ActivityManager: Slow operation: 51ms so far, now at startProcess: building log message
10-29 16:09:50.712   600  3509 I ActivityManager: Start proc 24204:com.android.chrome:sandboxed_process2/u0i310 for service com.android.chrome/org.chromium.content.app.SandboxedProcessService2
10-29 16:09:50.712   600  3509 W ActivityManager: Slow operation: 51ms so far, now at startProcess: starting to update pids map
10-29 16:09:50.712   600  3509 W ActivityManager: Slow operation: 51ms so far, now at startProcess: done updating pids map
10-29 16:09:50.712   600  3509 W ActivityManager: Slow operation: 51ms so far, now at startProcess: done starting proc!
10-29 16:09:50.765   600  3994 I ActivityManager: Start proc 24223:com.android.chrome:sandboxed_process3/u0i311 for service com.android.chrome/org.chromium.content.app.SandboxedProcessService3
10-29 16:09:50.818   600  1080 I ActivityManager: Start proc 24234:com.android.chrome:sandboxed_process4/u0i312 for service com.android.chrome/org.chromium.content.app.SandboxedProcessService4
10-29 16:09:50.891   600  3507 W ActivityManager: Slow operation: 66ms so far, now at startProcess: returned from zygote!
10-29 16:09:50.891   600  3507 W ActivityManager: Slow operation: 67ms so far, now at startProcess: done updating battery stats
10-29 16:09:50.891   600  3507 W ActivityManager: Slow operation: 67ms so far, now at startProcess: building log message
10-29 16:09:50.891   600  3507 I ActivityManager: Start proc 24259:com.android.chrome:sandboxed_process5/u0i313 for service com.android.chrome/org.chromium.content.app.SandboxedProcessService5
10-29 16:09:50.891   600  3507 W ActivityManager: Slow operation: 67ms so far, now at startProcess: starting to update pids map
10-29 16:09:50.891   600  3507 W ActivityManager: Slow operation: 67ms so far, now at startProcess: done updating pids map
10-29 16:09:50.891   600  3507 W ActivityManager: Slow operation: 67ms so far, now at startProcess: done starting proc!
10-29 16:09:50.960   600  1080 W ActivityManager: Slow operation: 59ms so far, now at startProcess: returned from zygote!
10-29 16:09:50.960   600  1080 W ActivityManager: Slow operation: 59ms so far, now at startProcess: done updating battery stats
10-29 16:09:50.960   600  1080 W ActivityManager: Slow operation: 59ms so far, now at startProcess: building log message
10-29 16:09:50.960   600  1080 I ActivityManager: Start proc 24265:com.android.chrome:sandboxed_process6/u0i314 for service com.android.chrome/org.chromium.content.app.SandboxedProcessService6
10-29 16:09:50.960   600  1080 W ActivityManager: Slow operation: 59ms so far, now at startProcess: starting to update pids map
10-29 16:09:50.960   600  1080 W ActivityManager: Slow operation: 59ms so far, now at startProcess: done updating pids map
10-29 16:09:50.960   600  1080 W ActivityManager: Slow operation: 60ms so far, now at startProcess: done starting proc!
10-29 16:09:50.993 24199 24199 W dboxed_process1: type=1400 audit(0.0:480): avc: denied { getattr } for path="/data/data/com.android.chrome" dev="dm-2" ino=12190 scontext=u:r:isolated_app:s0:c512,c768 tcontext=u:object_r:app_data_file:s0:c512,c768 tclass=dir permissive=0
10-29 16:09:51.041 24064 24064 I PlayCore: UID: [10035]  PID: [24064] SplitInstallService : deferredInstall([image_editor])
10-29 16:09:51.043   600  1079 W ActivityManager: Slow operation: 67ms so far, now at startProcess: returned from zygote!
10-29 16:09:51.043   600  1079 W ActivityManager: Slow operation: 67ms so far, now at startProcess: done updating battery stats
10-29 16:09:51.043   600  1079 W ActivityManager: Slow operation: 67ms so far, now at startProcess: building log message
10-29 16:09:51.043   600  1079 I ActivityManager: Start proc 24282:com.android.chrome:sandboxed_process7/u0i315 for service com.android.chrome/org.chromium.content.app.SandboxedProcessService7
10-29 16:09:51.043   600  1079 W ActivityManager: Slow operation: 67ms so far, now at startProcess: starting to update pids map
10-29 16:09:51.043   600  1079 W ActivityManager: Slow operation: 67ms so far, now at startProcess: done updating pids map
10-29 16:09:51.043   600  1079 W ActivityManager: Slow operation: 67ms so far, now at startProcess: done starting proc!
10-29 16:09:51.110 24204 24204 W dboxed_process2: type=1400 audit(0.0:481): avc: denied { getattr } for path="/data/data/com.android.chrome" dev="dm-2" ino=12190 scontext=u:r:isolated_app:s0:c512,c768 tcontext=u:object_r:app_data_file:s0:c512,c768 tclass=dir permissive=0
10-29 16:09:51.123   600   713 W ActivityManager: Slow operation: 57ms so far, now at startProcess: returned from zygote!
10-29 16:09:51.123   600   713 W ActivityManager: Slow operation: 57ms so far, now at startProcess: done updating battery stats
10-29 16:09:51.123   600   713 W ActivityManager: Slow operation: 57ms so far, now at startProcess: building log message
10-29 16:09:51.123   600   713 I ActivityManager: Start proc 24297:com.android.chrome:sandboxed_process8/u0i316 for service com.android.chrome/org.chromium.content.app.SandboxedProcessService8
10-29 16:09:51.123   600   713 W ActivityManager: Slow operation: 57ms so far, now at startProcess: starting to update pids map
10-29 16:09:51.123   600   713 W ActivityManager: Slow operation: 57ms so far, now at startProcess: done updating pids map
10-29 16:09:51.123   600   713 W ActivityManager: Slow operation: 57ms so far, now at startProcess: done starting proc!
10-29 16:09:51.140 24223 24223 W dboxed_process3: type=1400 audit(0.0:482): avc: denied { getattr } for path="/data/data/com.android.chrome" dev="dm-2" ino=12190 scontext=u:r:isolated_app:s0:c512,c768 tcontext=u:object_r:app_data_file:s0:c512,c768 tclass=dir permissive=0
10-29 16:09:51.180 24234 24234 W dboxed_process4: type=1400 audit(0.0:483): avc: denied { getattr } for path="/data/data/com.android.chrome" dev="dm-2" ino=12190 scontext=u:r:isolated_app:s0:c512,c768 tcontext=u:object_r:app_data_file:s0:c512,c768 tclass=dir permissive=0
10-29 16:09:51.190 24199 24199 I cr_ChildProcessService: Creating new ChildProcessService pid=24199
10-29 16:09:51.193 24259 24259 W dboxed_process5: type=1400 audit(0.0:484): avc: denied { getattr } for path="/data/data/com.android.chrome" dev="dm-2" ino=12190 scontext=u:r:isolated_app:s0:c512,c768 tcontext=u:object_r:app_data_file:s0:c512,c768 tclass=dir permissive=0
10-29 16:09:51.197 24265 24265 W dboxed_process6: type=1400 audit(0.0:485): avc: denied { getattr } for path="/data/data/com.android.chrome" dev="dm-2" ino=12190 scontext=u:r:isolated_app:s0:c512,c768 tcontext=u:object_r:app_data_file:s0:c512,c768 tclass=dir permissive=0
10-29 16:09:51.220 24282 24282 W dboxed_process7: type=1400 audit(0.0:486): avc: denied { getattr } for path="/data/data/com.android.chrome" dev="dm-2" ino=12190 scontext=u:r:isolated_app:s0:c512,c768 tcontext=u:object_r:app_data_file:s0:c512,c768 tclass=dir permissive=0
10-29 16:09:51.291 24204 24204 I cr_ChildProcessService: Creating new ChildProcessService pid=24204
10-29 16:09:51.298 24064 24293 I PlayCore: UID: [10035]  PID: [24064] SplitInstallService : Initiate binding to the service.
10-29 16:09:51.299   600  1079 W ActivityManager: Unable to start service Intent { act=com.google.android.play.core.splitinstall.BIND_SPLIT_INSTALL_SERVICE pkg=com.android.vending } U=0: not found
10-29 16:09:51.342 24223 24223 I cr_ChildProcessService: Creating new ChildProcessService pid=24223
10-29 16:09:51.363 24204 24230 W art     : Suspending all threads took: 11.288ms
10-29 16:09:51.383 24234 24234 I cr_ChildProcessService: Creating new ChildProcessService pid=24234
10-29 16:09:51.387 24204 24230 I art     : Background sticky concurrent mark sweep GC freed 7192(310KB) AllocSpace objects, 0(0B) LOS objects, 37% free, 3MB/4MB, paused 11.776ms total 49.214ms
10-29 16:09:51.404 24223 24245 W art     : Suspending all threads took: 20.360ms
10-29 16:09:51.417 24265 24265 I cr_ChildProcessService: Creating new ChildProcessService pid=24265
10-29 16:09:51.418 24259 24259 I cr_ChildProcessService: Creating new ChildProcessService pid=24259
10-29 16:09:51.440 24297 24297 W dboxed_process8: type=1400 audit(0.0:487): avc: denied { getattr } for path="/data/data/com.android.chrome" dev="dm-2" ino=12190 scontext=u:r:isolated_app:s0:c512,c768 tcontext=u:object_r:app_data_file:s0:c512,c768 tclass=dir permissive=0
10-29 16:09:51.455 24223 24245 I art     : Background sticky concurrent mark sweep GC freed 7264(312KB) AllocSpace objects, 0(0B) LOS objects, 37% free, 2MB/4MB, paused 20.929ms total 76.811ms
10-29 16:09:51.455 24259 24275 W art     : Suspending all threads took: 8.086ms
10-29 16:09:51.493 24064 24074 W art     : Suspending all threads took: 5.972ms
10-29 16:09:51.498 24282 24282 I cr_ChildProcessService: Creating new ChildProcessService pid=24282
10-29 16:09:51.526 24259 24275 I art     : Background sticky concurrent mark sweep GC freed 7426(319KB) AllocSpace objects, 0(0B) LOS objects, 37% free, 3MB/4MB, paused 8.471ms total 83.013ms
10-29 16:09:51.537 24064 24074 I art     : Background sticky concurrent mark sweep GC freed 42621(2MB) AllocSpace objects, 22(496KB) LOS objects, 22% free, 9MB/12MB, paused 7.241ms total 104.044ms
10-29 16:09:51.546 24064 24064 I cr_tabmodel: Appending tabs being restored to metadata lists, 0, startingNormalCount: 1, startingIncognitoCount: 0
10-29 16:09:51.546 24064 24064 I cr_tabmodel: Serializing tab lists; counts: 1, 0
10-29 16:09:51.604 24064 24293 I PlayCore: UID: [10035]  PID: [24064] SplitInstallService : Failed to bind to the service.
10-29 16:09:51.611   600   611 I ActivityManager: Start proc 24327:com.android.chrome:sandboxed_process9/u0i317 for service com.android.chrome/org.chromium.content.app.SandboxedProcessService9
10-29 16:09:51.616 24199 24316 I cr_LibraryLoader: Loaded native library version number "85.0.4183.127"
10-29 16:09:51.617 24199 24316 I cr_CachingUmaRecorder: Flushed 1 samples from 1 histograms.
10-29 16:09:51.633 24064 24064 I Choreographer: Skipped 83 frames!  The application may be doing too much work on its main thread.
10-29 16:09:51.648 24297 24297 I cr_ChildProcessService: Creating new ChildProcessService pid=24297
10-29 16:09:51.682   600  3507 W ActivityManager: Slow operation: 68ms so far, now at startProcess: returned from zygote!
10-29 16:09:51.682   600  3507 W ActivityManager: Slow operation: 69ms so far, now at startProcess: done updating battery stats
10-29 16:09:51.682   600  3507 W ActivityManager: Slow operation: 69ms so far, now at startProcess: building log message
10-29 16:09:51.682   600  3507 I ActivityManager: Start proc 24334:com.android.chrome:sandboxed_process10/u0i318 for service com.android.chrome/org.chromium.content.app.SandboxedProcessService10
10-29 16:09:51.682   600  3507 W ActivityManager: Slow operation: 69ms so far, now at startProcess: starting to update pids map
10-29 16:09:51.682   600  3507 W ActivityManager: Slow operation: 69ms so far, now at startProcess: done updating pids map
10-29 16:09:51.682   600  3507 W ActivityManager: Slow operation: 69ms so far, now at startProcess: done starting proc!
10-29 16:09:51.750 24204 24319 I cr_LibraryLoader: Loaded native library version number "85.0.4183.127"
10-29 16:09:51.751 24204 24319 I cr_CachingUmaRecorder: Flushed 1 samples from 1 histograms.
10-29 16:09:51.827   600  2707 I ActivityManager: Start proc 24357:com.android.chrome:sandboxed_process11/u0i319 for service com.android.chrome/org.chromium.content.app.SandboxedProcessService11
10-29 16:09:51.831 24259 24324 I cr_LibraryLoader: Loaded native library version number "85.0.4183.127"
10-29 16:09:51.831 24259 24324 I cr_CachingUmaRecorder: Flushed 1 samples from 1 histograms.
10-29 16:09:51.837 24064 24064 I TaskQueue:  - task [IMMEDIATE - d: true, b: 1]: 27
10-29 16:09:51.837 24064 24118 I FeedSessionManagerImpl: shouldSessionRequestDataResult: NO_REQUEST_WITH_WAIT, shouldMakeRequest(false), withTimeout(false), withAppend(false)
10-29 16:09:51.837 24064 24118 I TaskQueue:  - task [USER_FACING - d: true, b: 2]: 24
10-29 16:09:51.837 24064 24118 I TaskQueue:  - Finished 13, time 1140 ms
10-29 16:09:51.838 24064 24118 I TaskQueue: Execute task [IMMEDIATE - d: true, b: 2]: 27
10-29 16:09:51.839 24064 24118 I FeedRequestManagerImpl: Consistency Token: # hU2@7bca4
10-29 16:09:51.843 24064 24118 I FeedRequestManagerImpl: Capability: FEED_UI
10-29 16:09:51.843 24064 24118 I FeedRequestManagerImpl: Capability: UNDOABLE_ACTIONS
10-29 16:09:51.843 24064 24118 I FeedRequestManagerImpl: Capability: MANAGE_INTERESTS
10-29 16:09:51.843 24064 24118 I FeedRequestManagerImpl: Capability: SEND_FEEDBACK
10-29 16:09:51.843 24064 24118 I FeedRequestManagerImpl: Capability: ARTICLE_SNIPPETS
10-29 16:09:51.843 24064 24118 I FeedRequestManagerImpl: Capability: CLICK_ACTION
10-29 16:09:51.843 24064 24118 I FeedRequestManagerImpl: Capability: VIEW_ACTION
10-29 16:09:51.843 24064 24118 I FeedRequestManagerImpl: Capability: REPORT_FEED_USER_ACTIONS_NOTICE_CARD
10-29 16:09:51.844 24265 24323 I cr_LibraryLoader: Loaded native library version number "85.0.4183.127"
10-29 16:09:51.850 24265 24323 I cr_CachingUmaRecorder: Flushed 1 samples from 1 histograms.
10-29 16:09:51.856 24223 24321 I cr_LibraryLoader: Loaded native library version number "85.0.4183.127"
10-29 16:09:51.856 24223 24321 I cr_CachingUmaRecorder: Flushed 1 samples from 1 histograms.
10-29 16:09:51.860 24064 24118 I FeedRequestManagerImpl: Capability: BASE_UI
10-29 16:09:51.891 24064 24118 I FeedRequestManagerImpl: Making Request: /httpservice/noretry/DiscoverClankService/FeedQuery
10-29 16:09:51.891 24064 24118 I MainThreadRunner: Running task [NetworkClientWrapper send] on the Main Thread
10-29 16:09:51.892 24064 24118 I TaskQueue:  - Finished 27, time 54 ms
10-29 16:09:51.917   600  3994 I ActivityManager: Killing 24199:com.android.chrome:sandboxed_process1/u0a35i309 (adj 0): isolated not needed
10-29 16:09:52.005 24282 24326 I cr_LibraryLoader: Loaded native library version number "85.0.4183.127"
10-29 16:09:52.006 24282 24326 I cr_CachingUmaRecorder: Flushed 1 samples from 1 histograms.
10-29 16:09:52.059   600   713 I ActivityManager: Killing 24204:com.android.chrome:sandboxed_process2/u0a35i310 (adj 0): isolated not needed
10-29 16:09:52.108 24234 24322 I cr_LibraryLoader: Loaded native library version number "85.0.4183.127"
10-29 16:09:52.108 24234 24322 I cr_CachingUmaRecorder: Flushed 1 samples from 1 histograms.
10-29 16:09:52.109 24334 24354 I art     : Background sticky concurrent mark sweep GC freed 7035(282KB) AllocSpace objects, 0(0B) LOS objects, 38% free, 2MB/4MB, paused 6.323ms total 14.377ms
10-29 16:09:52.113 24327 24327 W dboxed_process9: type=1400 audit(0.0:488): avc: denied { getattr } for path="/data/data/com.android.chrome" dev="dm-2" ino=12190 scontext=u:r:isolated_app:s0:c512,c768 tcontext=u:object_r:app_data_file:s0:c512,c768 tclass=dir permissive=0
10-29 16:09:52.132   600 17381 I ActivityManager: Killing 24259:com.android.chrome:sandboxed_process5/u0a35i313 (adj 0): isolated not needed
10-29 16:09:52.163 24297 24333 I cr_LibraryLoader: Loaded native library version number "85.0.4183.127"
10-29 16:09:52.167 24297 24333 I cr_CachingUmaRecorder: Flushed 1 samples from 1 histograms.
10-29 16:09:52.170 24334 24334 W boxed_process10: type=1400 audit(0.0:489): avc: denied { getattr } for path="/data/data/com.android.chrome" dev="dm-2" ino=12190 scontext=u:r:isolated_app:s0:c512,c768 tcontext=u:object_r:app_data_file:s0:c512,c768 tclass=dir permissive=0
10-29 16:09:52.233 24064 24074 W art     : Suspending all threads took: 21.277ms
10-29 16:09:52.261   600   611 I ActivityManager: Killing 24223:com.android.chrome:sandboxed_process3/u0a35i311 (adj 0): isolated not needed
10-29 16:09:52.261   600   611 I ActivityManager: Killing 24265:com.android.chrome:sandboxed_process6/u0a35i314 (adj 0): isolated not needed
10-29 16:09:52.281   600  9614 I ActivityManager: Killing 24282:com.android.chrome:sandboxed_process7/u0a35i315 (adj 0): isolated not needed
10-29 16:09:52.313 24357 24357 W boxed_process11: type=1400 audit(0.0:490): avc: denied { getattr } for path="/data/data/com.android.chrome" dev="dm-2" ino=12190 scontext=u:r:isolated_app:s0:c512,c768 tcontext=u:object_r:app_data_file:s0:c512,c768 tclass=dir permissive=0
10-29 16:09:52.327 24064 24074 I art     : Background partial concurrent mark sweep GC freed 50589(2MB) AllocSpace objects, 34(668KB) LOS objects, 40% free, 10MB/17MB, paused 22.713ms total 287.815ms
10-29 16:09:52.327 24234 24322 I chromium: [INFO:child_process_service.cc(69)] ChildProcessService: Exiting child process.
10-29 16:09:52.337   197   197 E lowmemorykiller: Error writing /proc/24234/oom_score_adj; errno=22
10-29 16:09:52.337   600  1076 E JavaBinder: !!! FAILED BINDER TRANSACTION !!!  (parcel size = 76)
10-29 16:09:52.353 24064 24120 W cr_CrashFileManager: /data/user/0/com.android.chrome/cache/Crash Reports does not exist or is not a directory
10-29 16:09:52.353 24064 24120 W cr_CrashFileManager: /data/user/0/com.android.chrome/cache/Crash Reports does not exist or is not a directory
10-29 16:09:52.353 24064 24120 W cr_CrashFileManager: /data/user/0/com.android.chrome/cache/Crash Reports does not exist or is not a directory
10-29 16:09:52.357   600  1076 W ActivityManager: Exception when unbinding service com.android.chrome/org.chromium.content.app.SandboxedProcessService4
10-29 16:09:52.357   600  1076 W ActivityManager: android.os.DeadObjectException
10-29 16:09:52.357   600  1076 W ActivityManager: 	at android.os.BinderProxy.transactNative(Native Method)
10-29 16:09:52.357   600  1076 W ActivityManager: 	at android.os.BinderProxy.transact(Binder.java:615)
10-29 16:09:52.357   600  1076 W ActivityManager: 	at android.app.ApplicationThreadProxy.scheduleUnbindService(ApplicationThreadNative.java:1016)
10-29 16:09:52.357   600  1076 W ActivityManager: 	at com.android.server.am.ActiveServices.removeConnectionLocked(ActiveServices.java:2175)
10-29 16:09:52.357   600  1076 W ActivityManager: 	at com.android.server.am.ActiveServices.unbindServiceLocked(ActiveServices.java:1163)
10-29 16:09:52.357   600  1076 W ActivityManager: 	at com.android.server.am.ActivityManagerService.unbindService(ActivityManagerService.java:17309)
10-29 16:09:52.357   600  1076 W ActivityManager: 	at android.app.ActivityManagerNative.onTransact(ActivityManagerNative.java:1145)
10-29 16:09:52.357   600  1076 W ActivityManager: 	at com.android.server.am.ActivityManagerService.onTransact(ActivityManagerService.java:2795)
10-29 16:09:52.357   600  1076 W ActivityManager: 	at android.os.Binder.execTransact(Binder.java:565)
10-29 16:09:52.358   197   197 E lowmemorykiller: Error opening /proc/24234/oom_score_adj; errno=2
10-29 16:09:52.358   600   611 I ActivityManager: Process com.android.chrome:sandboxed_process4 (pid 24234) has died
10-29 16:09:52.358   600   611 D ActivityManager: cleanUpApplicationRecord -- 24234
10-29 16:09:52.368 24064 24099 I cr_BindingManager: Moderate binding enabled: maxSize=40
10-29 16:09:52.376 24327 24327 I cr_ChildProcessService: Creating new ChildProcessService pid=24327
10-29 16:09:52.397 24064 24120 I cr_FileUtils: Writing to /data/user/0/com.android.chrome/app_dex/webapk7.dex
10-29 16:09:52.408 24334 24334 I cr_ChildProcessService: Creating new ChildProcessService pid=24334
10-29 16:09:52.421 24064 24064 W chromium: [WARNING:compositor_view.cc(315)] Child process died (type=6) pid=24234)
10-29 16:09:52.432 24064 24099 I cr_BindingManager: onTrimMemory: level=15, size=0
10-29 16:09:52.467 24297 24333 I chromium: [INFO:child_process_service.cc(69)] ChildProcessService: Exiting child process.
10-29 16:09:52.483   197   197 E lowmemorykiller: Error writing /proc/24297/oom_score_adj; errno=22
10-29 16:09:52.483   600   610 E JavaBinder: !!! FAILED BINDER TRANSACTION !!!  (parcel size = 76)
10-29 16:09:52.483   600   610 E JavaBinder: !!! FAILED BINDER TRANSACTION !!!  (parcel size = 572)
10-29 16:09:52.484   600   610 W ActivityManager: Exception when unbinding service com.android.chrome/org.chromium.content.app.SandboxedProcessService8
10-29 16:09:52.484   600   610 W ActivityManager: android.os.DeadObjectException: Transaction failed on small parcel; remote process probably died
10-29 16:09:52.484   600   610 W ActivityManager: 	at android.os.BinderProxy.transactNative(Native Method)
10-29 16:09:52.484   600   610 W ActivityManager: 	at android.os.BinderProxy.transact(Binder.java:615)
10-29 16:09:52.484   600   610 W ActivityManager: 	at android.app.ApplicationThreadProxy.scheduleUnbindService(ApplicationThreadNative.java:1016)
10-29 16:09:52.484   600   610 W ActivityManager: 	at com.android.server.am.ActiveServices.removeConnectionLocked(ActiveServices.java:2175)
10-29 16:09:52.484   600   610 W ActivityManager: 	at com.android.server.am.ActiveServices.unbindServiceLocked(ActiveServices.java:1163)
10-29 16:09:52.484   600   610 W ActivityManager: 	at com.android.server.am.ActivityManagerService.unbindService(ActivityManagerService.java:17309)
10-29 16:09:52.484   600   610 W ActivityManager: 	at android.app.ActivityManagerNative.onTransact(ActivityManagerNative.java:1145)
10-29 16:09:52.484   600   610 W ActivityManager: 	at com.android.server.am.ActivityManagerService.onTransact(ActivityManagerService.java:2795)
10-29 16:09:52.484   600   610 W ActivityManager: 	at android.os.Binder.execTransact(Binder.java:565)
10-29 16:09:52.484   600   610 E JavaBinder: !!! FAILED BINDER TRANSACTION !!!  (parcel size = 76)
10-29 16:09:52.484   197   197 E lowmemorykiller: Error writing /proc/24297/oom_score_adj; errno=22
10-29 16:09:52.488   600   610 E JavaBinder: !!! FAILED BINDER TRANSACTION !!!  (parcel size = 76)
10-29 16:09:52.489   600   707 I ActivityManager: Process com.android.chrome:sandboxed_process8 (pid 24297) has died
10-29 16:09:52.489   600   707 D ActivityManager: cleanUpApplicationRecord -- 24297
10-29 16:09:52.499 24064 24064 W chromium: [WARNING:compositor_view.cc(315)] Child process died (type=6) pid=24297)
10-29 16:09:52.511 24357 24357 I cr_ChildProcessService: Creating new ChildProcessService pid=24357
10-29 16:09:52.515   600   611 I ActivityManager: Start proc 24395:com.android.chrome:sandboxed_process12/u0i320 for service com.android.chrome/org.chromium.content.app.SandboxedProcessService12
10-29 16:09:52.524 24064 24099 I cr_BindingManager: onTrimMemory: level=15, size=0
10-29 16:09:52.589 13178 13668 I Icing   : IndexChimeraService.getServiceInterface callingPackage=com.android.chrome componentName=null serviceId=36
10-29 16:09:52.644 13178 13667 I Icing   : IndexChimeraService.getServiceInterface callingPackage=com.android.chrome componentName=null serviceId=36
10-29 16:09:52.757   600  1076 I ActivityManager: Start proc 24411:com.android.chrome:sandboxed_process13/u0i321 for service com.android.chrome/org.chromium.content.app.SandboxedProcessService13
10-29 16:09:52.771 24334 24393 I cr_LibraryLoader: Loaded native library version number "85.0.4183.127"
10-29 16:09:52.771 24334 24393 I cr_CachingUmaRecorder: Flushed 1 samples from 1 histograms.
10-29 16:09:52.789 24327 24392 I cr_LibraryLoader: Loaded native library version number "85.0.4183.127"
10-29 16:09:52.790 24327 24392 I cr_CachingUmaRecorder: Flushed 1 samples from 1 histograms.
10-29 16:09:52.813   600  1080 I ActivityManager: Start proc 24423:com.android.chrome:sandboxed_process14/u0i322 for service com.android.chrome/org.chromium.content.app.SandboxedProcessService14
10-29 16:09:52.894   600  3507 W ActivityManager: Slow operation: 57ms so far, now at startProcess: returned from zygote!
10-29 16:09:52.894   600  3507 W ActivityManager: Slow operation: 57ms so far, now at startProcess: done updating battery stats
10-29 16:09:52.894   600  3507 W ActivityManager: Slow operation: 57ms so far, now at startProcess: building log message
10-29 16:09:52.894   600  3507 I ActivityManager: Start proc 24437:com.android.chrome:sandboxed_process15/u0i323 for service com.android.chrome/org.chromium.content.app.SandboxedProcessService15
10-29 16:09:52.894   600  3507 W ActivityManager: Slow operation: 57ms so far, now at startProcess: starting to update pids map
10-29 16:09:52.894   600  3507 W ActivityManager: Slow operation: 57ms so far, now at startProcess: done updating pids map
10-29 16:09:52.894   600  3507 W ActivityManager: Slow operation: 58ms so far, now at startProcess: done starting proc!
10-29 16:09:52.912 24357 24400 I cr_LibraryLoader: Loaded native library version number "85.0.4183.127"
10-29 16:09:52.917 24357 24400 I cr_CachingUmaRecorder: Flushed 1 samples from 1 histograms.
10-29 16:09:52.930 24395 24395 W boxed_process12: type=1400 audit(0.0:491): avc: denied { getattr } for path="/data/data/com.android.chrome" dev="dm-2" ino=12190 scontext=u:r:isolated_app:s0:c512,c768 tcontext=u:object_r:app_data_file:s0:c512,c768 tclass=dir permissive=0
10-29 16:09:52.974 24334 24393 I chromium: [INFO:child_process_service.cc(69)] ChildProcessService: Exiting child process.
10-29 16:09:52.992 24394 24394 I dex2oat : /system/bin/dex2oat --dex-file=/data/user/0/com.android.chrome/app_dex/webapk7.dex --oat-fd=183 --oat-location=/data/user/0/com.android.chrome/app_dex/oat/arm/webapk7.dex --compiler-filter=speed
10-29 16:09:53.007 24327 24392 I chromium: [INFO:child_process_service.cc(69)] ChildProcessService: Exiting child process.
10-29 16:09:53.009 24064 24064 W chromium: [WARNING:compositor_view.cc(315)] Child process died (type=6) pid=24334)
10-29 16:09:53.031   237 24442 I art     : Starting a blocking GC HeapTrim
10-29 16:09:53.038   600  1081 W ActivityManager: Slow operation: 89ms so far, now at startProcess: returned from zygote!
10-29 16:09:53.038   600  1081 W ActivityManager: Slow operation: 89ms so far, now at startProcess: done updating battery stats
10-29 16:09:53.038   600  1081 W ActivityManager: Slow operation: 89ms so far, now at startProcess: building log message
10-29 16:09:53.038   600  1081 I ActivityManager: Start proc 24461:com.android.chrome:sandboxed_process16/u0i324 for service com.android.chrome/org.chromium.content.app.SandboxedProcessService16
10-29 16:09:53.038   600  1081 W ActivityManager: Slow operation: 89ms so far, now at startProcess: starting to update pids map
10-29 16:09:53.038   600  1081 W ActivityManager: Slow operation: 89ms so far, now at startProcess: done updating pids map
10-29 16:09:53.038   600  1081 W ActivityManager: Slow operation: 90ms so far, now at startProcess: done starting proc!
10-29 16:09:53.039   600  9614 I ActivityManager: Process com.android.chrome:sandboxed_process10 (pid 24334) has died
10-29 16:09:53.039   600  9614 D ActivityManager: cleanUpApplicationRecord -- 24334
10-29 16:09:53.039   600  9614 W ActivityManager: Scheduling restart of crashed service com.android.chrome/org.chromium.content.app.SandboxedProcessService10 in 1000ms
10-29 16:09:53.045   600  1076 I ActivityManager: Process com.android.chrome:sandboxed_process9 (pid 24327) has died
10-29 16:09:53.045   600  1076 D ActivityManager: cleanUpApplicationRecord -- 24327
10-29 16:09:53.045   600  1076 W ActivityManager: Scheduling restart of crashed service com.android.chrome/org.chromium.content.app.SandboxedProcessService9 in 10995ms
10-29 16:09:53.055 24064 24064 W chromium: [WARNING:compositor_view.cc(315)] Child process died (type=6) pid=24327)
10-29 16:09:53.062 24423 24446 I art     : Background sticky concurrent mark sweep GC freed 7219(290KB) AllocSpace objects, 0(0B) LOS objects, 38% free, 2MB/4MB, paused 185us total 106.073ms
10-29 16:09:53.130 24411 24411 W boxed_process13: type=1400 audit(0.0:492): avc: denied { getattr } for path="/data/data/com.android.chrome" dev="dm-2" ino=12190 scontext=u:r:isolated_app:s0:c512,c768 tcontext=u:object_r:app_data_file:s0:c512,c768 tclass=dir permissive=0
10-29 16:09:53.145 24395 24395 I cr_ChildProcessService: Creating new ChildProcessService pid=24395
10-29 16:09:53.163 24437 24437 W boxed_process15: type=1400 audit(0.0:493): avc: denied { getattr } for path="/data/data/com.android.chrome" dev="dm-2" ino=12190 scontext=u:r:isolated_app:s0:c512,c768 tcontext=u:object_r:app_data_file:s0:c512,c768 tclass=dir permissive=0
10-29 16:09:53.165 24357 24357 I cr_ChildProcessService: Destroying ChildProcessService pid=24357
