10-29 20:25:13.852   600  1082 W ActivityManager: 	at com.android.server.am.ActiveServices.unbindServiceLocked(ActiveServices.java:1163)
10-29 20:25:13.852   600  1082 W ActivityManager: 	at com.android.server.am.ActivityManagerService.unbindService(ActivityManagerService.java:17309)
10-29 20:25:13.852   600  1082 W ActivityManager: 	at android.app.ActivityManagerNative.onTransact(ActivityManagerNative.java:1145)
10-29 20:25:13.852   600  1082 W ActivityManager: 	at com.android.server.am.ActivityManagerService.onTransact(ActivityManagerService.java:2795)
10-29 20:25:13.852   600  1082 W ActivityManager: 	at android.os.Binder.execTransact(Binder.java:565)
10-29 20:25:13.852   600  1082 E JavaBinder: !!! FAILED BINDER TRANSACTION !!!  (parcel size = 76)
10-29 20:25:13.853   197   197 E lowmemorykiller: Error writing /proc/16873/oom_score_adj; errno=22
10-29 20:25:13.864 16926 16926 W System  : ClassLoader referenced unknown path: /system/priv-app/BlockedNumberProvider/lib/arm64
10-29 20:25:13.868 16926 16926 D ApplicationLoaders: ignored Vulkan layer search path /system/priv-app/BlockedNumberProvider/lib/arm64:/system/lib64:/vendor/lib64 for namespace 0x7f9ac4d0f0
10-29 20:25:13.888 17014 17014 W boxed_process19: type=1400 audit(0.0:2783): avc: denied { getattr } for path="/data/data/com.android.chrome" dev="dm-2" ino=12190 scontext=u:r:isolated_app:s0:c512,c768 tcontext=u:object_r:app_data_file:s0:c512,c768 tclass=dir permissive=0
10-29 20:25:13.890 16866 16954 I chromium: [INFO:child_process_service.cc(69)] ChildProcessService: Exiting child process.
10-29 20:25:13.890   197   197 E lowmemorykiller: Error writing /proc/16866/oom_score_adj; errno=22
10-29 20:25:13.896 16939 16939 I cr_ChildProcessService: Creating new ChildProcessService pid=16939
10-29 20:25:13.897 16988 16988 I cr_ChildProcessService: Creating new ChildProcessService pid=16988
10-29 20:25:13.900 16926 16926 W System  : ClassLoader referenced unknown path: /system/app/UserDictionaryProvider/lib/arm64
10-29 20:25:13.910 16926 16926 D ApplicationLoaders: ignored Vulkan layer search path /system/app/UserDictionaryProvider/lib/arm64:/system/lib64:/vendor/lib64 for namespace 0x7f9ac4d160
10-29 20:25:13.912   600   610 I ActivityManager: START u0 {act=android.intent.action.VIEW dat=http://geeksforgeeks.org/... flg=0x10000000 cmp=com.android.chrome/com.google.android.apps.chrome.Main} from uid 2000 on display 0
10-29 20:25:13.922 16693 16693 D AndroidRuntime: Shutting down VM
10-29 20:25:13.922   600   609 I art     : Background partial concurrent mark sweep GC freed 33125(1667KB) AllocSpace objects, 13(356KB) LOS objects, 33% free, 15MB/23MB, paused 976us total 500.339ms
10-29 20:25:13.951 16962 17028 I cr_LibraryLoader: Loaded native library version number "85.0.4183.127"
10-29 20:25:13.952 16962 17028 I cr_CachingUmaRecorder: Flushed 1 samples from 1 histograms.
10-29 20:25:13.960 17014 17014 I cr_ChildProcessService: Creating new ChildProcessService pid=17014
10-29 20:25:13.998 16962 17028 I chromium: [INFO:child_process_service.cc(69)] ChildProcessService: Exiting child process.
10-29 20:25:13.999   197   197 E lowmemorykiller: Error writing /proc/16962/oom_score_adj; errno=22
10-29 20:25:13.999   600  1079 E JavaBinder: !!! FAILED BINDER TRANSACTION !!!  (parcel size = 76)
10-29 20:25:14.000   600  1079 E JavaBinder: !!! FAILED BINDER TRANSACTION !!!  (parcel size = 576)
10-29 20:25:14.001   600  1079 W ActivityManager: Exception when unbinding service com.android.chrome/org.chromium.content.app.SandboxedProcessService16
10-29 20:25:14.001   600  1079 W ActivityManager: android.os.DeadObjectException: Transaction failed on small parcel; remote process probably died
10-29 20:25:14.001   600  1079 W ActivityManager: 	at android.os.BinderProxy.transactNative(Native Method)
10-29 20:25:14.001   600  1079 W ActivityManager: 	at android.os.BinderProxy.transact(Binder.java:615)
10-29 20:25:14.001   600  1079 W ActivityManager: 	at android.app.ApplicationThreadProxy.scheduleUnbindService(ApplicationThreadNative.java:1016)
10-29 20:25:14.001   600  1079 W ActivityManager: 	at com.android.server.am.ActiveServices.removeConnectionLocked(ActiveServices.java:2175)
10-29 20:25:14.001   600  1079 W ActivityManager: 	at com.android.server.am.ActiveServices.unbindServiceLocked(ActiveServices.java:1163)
10-29 20:25:14.001   600  1079 W ActivityManager: 	at com.android.server.am.ActivityManagerService.unbindService(ActivityManagerService.java:17309)
10-29 20:25:14.001   600  1079 W ActivityManager: 	at android.app.ActivityManagerNative.onTransact(ActivityManagerNative.java:1145)
10-29 20:25:14.001   600  1079 W ActivityManager: 	at com.android.server.am.ActivityManagerService.onTransact(ActivityManagerService.java:2795)
10-29 20:25:14.001   600  1079 W ActivityManager: 	at android.os.Binder.execTransact(Binder.java:565)
10-29 20:25:14.002   600  1079 E JavaBinder: !!! FAILED BINDER TRANSACTION !!!  (parcel size = 76)
10-29 20:25:14.002   600  1079 I ActivityManager: Killing 16899:com.android.chrome:sandboxed_process13/u0a35i785 (adj 0): isolated not needed
10-29 20:25:14.003   197   197 E lowmemorykiller: Error writing /proc/16962/oom_score_adj; errno=22
10-29 20:25:14.003   600  1079 I ActivityManager: Killing 16888:com.android.chrome:sandboxed_process12/u0a35i784 (adj 0): isolated not needed
10-29 20:25:14.003   600  1079 I ActivityManager: Killing 16866:com.android.chrome:sandboxed_process10/u0a35i782 (adj 0): isolated not needed
10-29 20:25:14.003   600  1079 I ActivityManager: Killing 16873:com.android.chrome:sandboxed_process11/u0a35i783 (adj 900): isolated not needed
10-29 20:25:14.003 16988 17046 I cr_LibraryLoader: Loaded native library version number "85.0.4183.127"
10-29 20:25:14.003 16988 17046 I cr_CachingUmaRecorder: Flushed 1 samples from 1 histograms.
10-29 20:25:14.102 16931 16931 I cr_ChildProcessService: Creating new ChildProcessService pid=16931
10-29 20:25:14.103 16971 16971 I cr_ChildProcessService: Creating new ChildProcessService pid=16971
10-29 20:25:14.114 16525 16525 E cr_IntentUtils: getInt failed on bundle null
10-29 20:25:14.180 16988 16988 I cr_ChildProcessService: Destroying ChildProcessService pid=16988
10-29 20:25:14.202 16525 16525 W FeedModelProvider: sessionId is null, this should have been set during population
10-29 20:25:14.203 16525 16525 I cr_tabmodel: Appending tabs being restored to metadata lists, 0, startingNormalCount: 2, startingIncognitoCount: 0
10-29 20:25:14.203 16525 16525 I cr_tabmodel: Serializing tab lists; counts: 2, 0
10-29 20:25:14.208 16525 16535 I art     : Background partial concurrent mark sweep GC freed 46083(2MB) AllocSpace objects, 16(440KB) LOS objects, 40% free, 12MB/21MB, paused 7.659ms total 155.619ms
10-29 20:25:14.222 17014 17048 I cr_LibraryLoader: Loaded native library version number "85.0.4183.127"
10-29 20:25:14.222 17014 17048 I cr_CachingUmaRecorder: Flushed 1 samples from 1 histograms.
10-29 20:25:14.241 16939 17047 I cr_LibraryLoader: Loaded native library version number "85.0.4183.127"
10-29 20:25:14.242 16939 17047 I cr_CachingUmaRecorder: Flushed 1 samples from 1 histograms.
10-29 20:25:14.280 17014 17048 I chromium: [INFO:child_process_service.cc(69)] ChildProcessService: Exiting child process.
10-29 20:25:14.281 16971 17057 I cr_LibraryLoader: Loaded native library version number "85.0.4183.127"
10-29 20:25:14.282 16971 17057 I cr_CachingUmaRecorder: Flushed 1 samples from 1 histograms.
10-29 20:25:14.292 16931 17055 I cr_LibraryLoader: Loaded native library version number "85.0.4183.127"
10-29 20:25:14.293 16931 17055 I cr_CachingUmaRecorder: Flushed 1 samples from 1 histograms.
10-29 20:25:14.298   600 24515 W ActivityManager: Slow operation: 166ms so far, now at startProcess: returned from zygote!
10-29 20:25:14.298   600 24515 W ActivityManager: Slow operation: 166ms so far, now at startProcess: done updating battery stats
10-29 20:25:14.298   600 24515 W ActivityManager: Slow operation: 166ms so far, now at startProcess: building log message
10-29 20:25:14.298   600 24515 I ActivityManager: Start proc 17066:com.android.chrome:sandboxed_process20/u0i792 for service com.android.chrome/org.chromium.content.app.SandboxedProcessService20
10-29 20:25:14.298   600 24515 W ActivityManager: Slow operation: 166ms so far, now at startProcess: starting to update pids map
10-29 20:25:14.299   600 24515 W ActivityManager: Slow operation: 166ms so far, now at startProcess: done updating pids map
10-29 20:25:14.299   600 24515 W ActivityManager: Slow operation: 166ms so far, now at startProcess: done starting proc!
10-29 20:25:14.308   600 13631 I ActivityManager: Killing 16988:com.android.chrome:sandboxed_process18/u0a35i790 (adj 0): isolated not needed
10-29 20:25:14.308   600 13631 I ActivityManager: Killing 16962:com.android.chrome:sandboxed_process16/u0a35i788 (adj 900): isolated not needed
10-29 20:25:14.314   197   197 E lowmemorykiller: Error writing /proc/17014/oom_score_adj; errno=22
10-29 20:25:14.314   600 16391 E JavaBinder: !!! FAILED BINDER TRANSACTION !!!  (parcel size = 76)
10-29 20:25:14.315   600 16391 E JavaBinder: !!! FAILED BINDER TRANSACTION !!!  (parcel size = 576)
10-29 20:25:14.315   600 16391 W ActivityManager: Exception when unbinding service com.android.chrome/org.chromium.content.app.SandboxedProcessService19
10-29 20:25:14.315   600 16391 W ActivityManager: android.os.DeadObjectException: Transaction failed on small parcel; remote process probably died
10-29 20:25:14.315   600 16391 W ActivityManager: 	at android.os.BinderProxy.transactNative(Native Method)
10-29 20:25:14.315   600 16391 W ActivityManager: 	at android.os.BinderProxy.transact(Binder.java:615)
10-29 20:25:14.315   600 16391 W ActivityManager: 	at android.app.ApplicationThreadProxy.scheduleUnbindService(ApplicationThreadNative.java:1016)
10-29 20:25:14.315   600 16391 W ActivityManager: 	at com.android.server.am.ActiveServices.removeConnectionLocked(ActiveServices.java:2175)
10-29 20:25:14.315   600 16391 W ActivityManager: 	at com.android.server.am.ActiveServices.unbindServiceLocked(ActiveServices.java:1163)
10-29 20:25:14.315   600 16391 W ActivityManager: 	at com.android.server.am.ActivityManagerService.unbindService(ActivityManagerService.java:17309)
10-29 20:25:14.315   600 16391 W ActivityManager: 	at android.app.ActivityManagerNative.onTransact(ActivityManagerNative.java:1145)
10-29 20:25:14.315   600 16391 W ActivityManager: 	at com.android.server.am.ActivityManagerService.onTransact(ActivityManagerService.java:2795)
10-29 20:25:14.315   600 16391 W ActivityManager: 	at android.os.Binder.execTransact(Binder.java:565)
10-29 20:25:14.315   600 16391 E JavaBinder: !!! FAILED BINDER TRANSACTION !!!  (parcel size = 76)
10-29 20:25:14.316   197   197 E lowmemorykiller: Error writing /proc/17014/oom_score_adj; errno=22
10-29 20:25:14.389 16971 17057 I chromium: [INFO:child_process_service.cc(69)] ChildProcessService: Exiting child process.
10-29 20:25:14.394   600  1080 I ActivityManager: Killing 16971:com.android.chrome:sandboxed_process17/u0a35i789 (adj 0): isolated not needed
10-29 20:25:14.394   600  1080 I ActivityManager: Killing 16939:com.android.chrome:sandboxed_process15/u0a35i787 (adj 0): isolated not needed
10-29 20:25:14.394   600  1080 I ActivityManager: Killing 17014:com.android.chrome:sandboxed_process19/u0a35i791 (adj 900): isolated not needed
10-29 20:25:14.413 16931 17055 I chromium: [INFO:child_process_service.cc(69)] ChildProcessService: Exiting child process.
10-29 20:25:14.481 17066 17066 W boxed_process20: type=1400 audit(0.0:2784): avc: denied { getattr } for path="/data/data/com.android.chrome" dev="dm-2" ino=12190 scontext=u:r:isolated_app:s0:c512,c768 tcontext=u:object_r:app_data_file:s0:c512,c768 tclass=dir permissive=0
10-29 20:25:14.545 17066 17066 I cr_ChildProcessService: Creating new ChildProcessService pid=17066
10-29 20:25:14.592 16931 16931 I cr_ChildProcessService: Destroying ChildProcessService pid=16931
10-29 20:25:14.606 17066 17087 I cr_LibraryLoader: Loaded native library version number "85.0.4183.127"
10-29 20:25:14.607 17066 17087 I cr_CachingUmaRecorder: Flushed 1 samples from 1 histograms.
10-29 20:25:14.645 16557 16568 W art     : Suspending all threads took: 5.030ms
10-29 20:25:14.652 16557 16568 I art     : Background partial concurrent mark sweep GC freed 5530(517KB) AllocSpace objects, 4(80KB) LOS objects, 39% free, 5MB/8MB, paused 8.356ms total 1.814s
10-29 20:25:14.654 16557 17094 I Icing   : IndexChimeraService.getServiceInterface callingPackage=com.google.android.gms componentName=null serviceId=36
10-29 20:25:14.658 16525 16525 W chromium: [WARNING:compositor_view.cc(315)] Child process died (type=6) pid=16873)
10-29 20:25:14.663   600  3509 D ActivityManager: cleanUpApplicationRecord -- 16873
10-29 20:25:14.664 16525 16525 W chromium: [WARNING:compositor_view.cc(315)] Child process died (type=6) pid=16866)
10-29 20:25:14.664 16525 16525 W chromium: [WARNING:compositor_view.cc(315)] Child process died (type=6) pid=16741)
10-29 20:25:14.664 16525 16525 W chromium: [WARNING:compositor_view.cc(315)] Child process died (type=6) pid=16780)
10-29 20:25:14.665 16525 16525 W chromium: [WARNING:compositor_view.cc(315)] Child process died (type=6) pid=16791)
10-29 20:25:14.668   600  3509 I ActivityManager: Killing 16931:com.android.chrome:sandboxed_process14/u0a35i786 (adj 0): isolated not needed
10-29 20:25:14.670 16525 16525 W chromium: [WARNING:compositor_view.cc(315)] Child process died (type=6) pid=17014)
10-29 20:25:14.672   600   707 D ActivityManager: cleanUpApplicationRecord -- 16791
10-29 20:25:14.673   600  9614 D ActivityManager: cleanUpApplicationRecord -- 16780
10-29 20:25:14.673   600   611 D ActivityManager: cleanUpApplicationRecord -- 16741
10-29 20:25:14.674   600  2707 D ActivityManager: cleanUpApplicationRecord -- 16866
10-29 20:25:14.675   600  1079 D ActivityManager: cleanUpApplicationRecord -- 17014
10-29 20:25:14.680   600  1081 D ActivityManager: cleanUpApplicationRecord -- 16971
10-29 20:25:14.685   600  1082 D ActivityManager: cleanUpApplicationRecord -- 16962
10-29 20:25:14.690   600 16391 D ActivityManager: cleanUpApplicationRecord -- 16823
10-29 20:25:14.690 16525 16525 W chromium: [WARNING:compositor_view.cc(315)] Child process died (type=6) pid=16971)
10-29 20:25:14.691 16525 16525 W chromium: [WARNING:compositor_view.cc(315)] Child process died (type=6) pid=16962)
10-29 20:25:14.695   600  2707 D ActivityManager: cleanUpApplicationRecord -- 16706
10-29 20:25:14.695 16525 16525 W chromium: [WARNING:compositor_view.cc(315)] Child process died (type=6) pid=16823)
10-29 20:25:14.700 16525 16525 W chromium: [WARNING:compositor_view.cc(315)] Child process died (type=6) pid=16706)
10-29 20:25:14.788   600  3675 D ActivityManager: cleanUpApplicationRecord -- 16747
10-29 20:25:14.794   600   610 D ActivityManager: cleanUpApplicationRecord -- 16988
10-29 20:25:14.798   600 13631 D ActivityManager: cleanUpApplicationRecord -- 16888
10-29 20:25:14.801   600  9614 D ActivityManager: cleanUpApplicationRecord -- 16721
10-29 20:25:14.805   600 17381 D ActivityManager: cleanUpApplicationRecord -- 16899
10-29 20:25:14.810   600 24515 D ActivityManager: cleanUpApplicationRecord -- 16765
10-29 20:25:14.814 16525 16525 W chromium: [WARNING:compositor_view.cc(315)] Child process died (type=6) pid=16747)
10-29 20:25:14.815 16525 16525 W chromium: [WARNING:compositor_view.cc(315)] Child process died (type=6) pid=16721)
10-29 20:25:14.816 16525 16525 W chromium: [WARNING:compositor_view.cc(315)] Child process died (type=6) pid=16888)
10-29 20:25:14.817 16525 16525 W chromium: [WARNING:compositor_view.cc(315)] Child process died (type=6) pid=16765)
10-29 20:25:14.817 16525 16525 W chromium: [WARNING:compositor_view.cc(315)] Child process died (type=6) pid=16899)
10-29 20:25:14.819 16525 16525 W chromium: [WARNING:compositor_view.cc(315)] Child process died (type=6) pid=16988)
10-29 20:25:14.852 16557 16871 I Icing   : Storage manager: low false usage 1.98MB avail 5.39GB capacity 11.05GB
10-29 20:25:14.858   600   707 D ActivityManager: cleanUpApplicationRecord -- 16699
10-29 20:25:14.863 16525 16525 W chromium: [WARNING:compositor_view.cc(315)] Child process died (type=6) pid=16699)
10-29 20:25:14.971 16525 16525 W chromium: [WARNING:compositor_view.cc(315)] Child process died (type=6) pid=16931)
10-29 20:25:14.972 16525 16525 W chromium: [WARNING:compositor_view.cc(315)] Child process died (type=6) pid=16939)
10-29 20:25:14.978   600  3675 D ActivityManager: cleanUpApplicationRecord -- 16939
10-29 20:25:14.981   600  1082 D ActivityManager: cleanUpApplicationRecord -- 16931
10-29 20:25:15.183 16926 17029 I ContactLocale: AddressBook Labels [[en_US]]: [, A, B, C, D, E, F, G, H, I, J, K, L, M, N, O, P, Q, R, S, T, U, V, W, X, Y, Z, , , , , , , , , , , , , , , , , , , , , , , , , , , , , , , , , , , , , , , , , , , , , , , , , , , , , , , , , , , , , , , , , , , , , , , , , , , , , , , , , , , , , , , , , , , , , , , , , , , , , , , , , , , , , , , , , , , , , , , , , , , , , , , , , , , , , , , , , , , , , , , , , , , , , , , , , , , , , , , , , , , , , , , , , , , , , , , , , , , , , , , , , , , #, ]
10-29 20:25:15.414 16557 16871 W native  : model-utils.cc:15 No CRC32, most likely an old model; skip CRC32 check
10-29 20:25:15.437 16557 16871 E native  : model-utils.cc:38 Not a valid Model flatbuffer
10-29 20:25:15.437 16557 16871 E native  : model-provider-from-fb.cc:102 Unable to initialize ModelProviderFromFlatbuffer
10-29 20:25:15.437 16557 16871 I native  : model-api.cc:45 Registered model under key tmp-segmentation-model
10-29 20:25:15.473   787 15303 I NetworkScheduler.Stats: Task com.google.android.gms/com.google.android.gms.icing.proxy.IcingInternalCorporaUpdateService started execution. cause:9 exec_start_elapsed_seconds: 19964 [CONTEXT service_id=218 ]
10-29 20:25:15.552 16557 16871 I native  : permission-checker.cc:74 Creating PermissionChecker based on ACL with config_version 1 having 9 permissions defined.
10-29 20:25:15.569 16557 16871 W native  : words-map.cc:30 INVALID_ARGUMENT: Empty URI
10-29 20:25:15.569 16557 16871 W native  : words-map.cc:34 WordsMap was not properly initialized
10-29 20:25:15.651   787 16289 I NetworkScheduler.Stats: Task com.google.android.gms/com.google.android.gms.icing.proxy.IcingInternalCorporaUpdateService finished executing. cause:9 result: 1 elapsed_millis: 207 uptime_millis: 207 exec_start_elapsed_seconds: 19964 [CONTEXT service_id=218 ]
10-29 20:25:15.752 16525 16593 I cr_omaha: Request to Server Successful. Timestamp for next request:1667071515751
10-29 20:25:15.792 16525 16593 I cr_omaha: Request to Server Successful. Timestamp for next request:1667071515792
10-29 20:25:15.793 16525 16593 I cr_omaha: Attempting to schedule next job for: Sun Oct 30 01:25:15 GMT+02:00 2022
10-29 20:25:15.800 16525 16525 I cr_omaha: Scheduled using JobService
10-29 20:25:15.800 16525 16525 E cr_BkgrdTaskJS: Tried finishing non-current BackgroundTask.
10-29 20:25:15.807   787 16289 I NetworkScheduler.Stats: Task com.google.android.gms/com.google.android.gms.clearcut.uploader.QosUploaderService started execution. cause:5 exec_start_elapsed_seconds: 19964 [CONTEXT service_id=218 ]
10-29 20:25:15.819   787 16289 I NetworkScheduler.Stats: Task com.google.android.gms/com.google.android.gms.checkin.EventLogService started execution. cause:5 exec_start_elapsed_seconds: 19964 [CONTEXT service_id=218 ]
10-29 20:25:15.841 16557 16680 I Checkin : [EventLogChimeraService] Opted in for usage reporting: false
10-29 20:25:15.847 16557 16680 I Checkin : [EventLogChimeraService] Aggregate from 1667066067889 (log), 1667066067889 (data)
10-29 20:25:16.333 16557 16871 I Icing   : doRemovePackageData com.google.android.gm
10-29 20:25:16.344 16557 16680 I Checkin : [ServiceDumpSys] dumping service [account]
10-29 20:25:16.378   787 16289 I NetworkScheduler.Stats: Task com.google.android.gms/com.google.android.gms.checkin.EventLogService finished executing. cause:5 result: 1 elapsed_millis: 615 uptime_millis: 615 exec_start_elapsed_seconds: 19964 [CONTEXT service_id=218 ]
10-29 20:25:16.464 16557 16871 I Icing   : updateResources: need to parse acol{com.google.android.gms}
10-29 20:25:16.524 16525 16525 I TaskQueue:  * Starvation Check, last task 10-29 20:25:11.332
10-29 20:25:16.525 16525 16525 I MainThreadRunner: Running task [StarvationChecks] on the Main Thread with a delay of 6000 milliseconds
10-29 20:25:17.169 16557 16871 I Icing   : Internal init done: storage state 0
10-29 20:25:17.243 16557 16904 I Icing   : IndexChimeraService.getServiceInterface callingPackage=com.google.android.gms componentName=null serviceId=30
10-29 20:25:17.243 16557 17103 I Icing   : IndexChimeraService.getServiceInterface callingPackage=com.google.android.gms componentName=AppsCorpus serviceId=36
10-29 20:25:17.244 16557 17108 I Icing   : IndexChimeraService.getServiceInterface callingPackage=com.google.android.gms componentName=AppsCorpus serviceId=32
10-29 20:25:17.305 16557 17094 I Icing   : IndexChimeraService.getServiceInterface callingPackage=com.android.chrome componentName=null serviceId=36
10-29 20:25:17.572 16525 16593 W InstanceID: Instance ID SDK is deprecated, com.android.chrome should update to use Firebase Instance ID
10-29 20:25:17.697 16525 16525 E cr_BTSPrefs: No data found for task id: 53
10-29 20:25:17.697 16525 16525 E cr_BkgrdTaskScheduler: Task cannot be canceled because no data was found instorage or data was invalid
10-29 20:25:18.124   787  1716 W Icing   : isOptedInForAppHistory: empty Account Name encountered
10-29 20:25:18.198   787  1716 W Icing   : isOptedInForAppHistory: empty Account Name encountered
10-29 20:25:18.467 16557 16871 W art     : Verification of java.util.List acle.a(achk, java.util.List, java.lang.String[]) took 515.993ms
10-29 20:25:18.690 16557 16871 W art     : Verification of void acle.a(android.database.sqlite.SQLiteDatabase) took 108.790ms
10-29 20:25:18.990   787 16289 W Icing   : isOptedInForAppHistory: empty Account Name encountered
10-29 20:25:18.999 16557 16871 W art     : Verification of boolean acle.a(achk, acoo, acnj) took 264.104ms
10-29 20:25:19.323 16557 16871 I Icing   : Post-init done
10-29 20:25:19.364 16557 16871 W Icing   : No valid account for uploading user actions
10-29 20:25:21.016   600   609 I art     : Background partial concurrent mark sweep GC freed 53363(2MB) AllocSpace objects, 48(1732KB) LOS objects, 33% free, 15MB/23MB, paused 772us total 115.491ms
10-29 20:25:21.071 16557 16871 I Icing   : Using regular flags by method 2
10-29 20:25:21.140 16557 16871 I Icing   : Usage reports ok 3, Failed Usage reports 0, indexed 1, rejected 0
10-29 20:25:21.152 16557 16871 W Icing   : No valid account for uploading user actions
10-29 20:25:21.298 16525 16525 I cr_tabmodel: Appending tabs being restored to metadata lists, 0, startingNormalCount: 2, startingIncognitoCount: 0
10-29 20:25:21.298 16525 16525 I cr_tabmodel: Serializing tab lists; counts: 2, 0
10-29 20:25:21.312 16557 16871 I Icing   : Usage reports ok 0, Failed Usage reports 0, indexed 0, rejected 0
10-29 20:25:21.325 16557 16871 W Icing   : No valid account for uploading user actions
10-29 20:25:21.373   787  1245 W Icing   : isOptedInForAppHistory: empty Account Name encountered
10-29 20:25:21.382   787  1245 W Icing   : isOptedInForAppHistory: empty Account Name encountered
10-29 20:25:21.385 16557 16871 I Icing   : Usage reports ok 0, Failed Usage reports 0, indexed 0, rejected 0
10-29 20:25:21.387 16557 16871 W Icing   : No valid account for uploading user actions
10-29 20:25:21.420   787 16289 W Icing   : isOptedInForAppHistory: empty Account Name encountered
10-29 20:25:21.427   787 15303 I NetworkScheduler.Stats: Task com.google.android.gms/com.google.android.gms.clearcut.uploader.QosUploaderService finished executing. cause:5 result: 1 elapsed_millis: 5737 uptime_millis: 5737 exec_start_elapsed_seconds: 19964 [CONTEXT service_id=218 ]
10-29 20:25:21.485 16557 16871 I Icing   : Usage reports ok 1, Failed Usage reports 0, indexed 1, rejected 0
10-29 20:25:21.487 16557 16871 W Icing   : No valid account for uploading user actions
10-29 20:25:21.496 16557 16871 I Icing   : Usage reports ok 0, Failed Usage reports 0, indexed 0, rejected 0
10-29 20:25:21.496 16557 16871 I Icing   : Removing corpus key com.android.chrome-omnibox for package com.android.chrome
10-29 20:25:21.510 16557 16871 I native  : flash-index.cc:1519 Flash index sort hb 14 prefix-hits 24 -> 20 at 5.413ms
10-29 20:25:21.560 16525 16525 E cr_BTSPrefs: No data found for task id: 57
10-29 20:25:21.560 16525 16525 E cr_BkgrdTaskScheduler: Task cannot be canceled because no data was found instorage or data was invalid
10-29 20:25:21.560 16525 16525 E cr_BTSPrefs: No data found for task id: 56
10-29 20:25:21.560 16525 16525 E cr_BkgrdTaskScheduler: Task cannot be canceled because no data was found instorage or data was invalid
10-29 20:25:21.594 16557 16871 I native  : document-store.cc:1654 Scored 1486 usage reports, missing_corpora 0 update_failed 766
10-29 20:25:21.631 16557 16871 W Icing   : No valid account for uploading user actions
10-29 20:25:21.643 16557 16871 I Icing   : Usage reports ok 0, Failed Usage reports 0, indexed 0, rejected 0
10-29 20:25:21.737 16557 16871 I Icing   : Indexing com.android.chrome-omnibox from com.android.chrome
10-29 20:25:21.807 16557 16871 I Icing   : Indexing com.android.chrome-internal.3p:WebPage from com.android.chrome using seqno 0
10-29 20:25:21.821 16557 16871 I Icing   : Indexing com.android.chrome-internal.3p:WebPage from com.android.chrome using seqno 0
10-29 20:25:21.823 16557 16871 I Icing   : Indexing com.android.chrome-internal.3p:WebPage from com.android.chrome using seqno 0
10-29 20:25:21.825 16557 16871 I Icing   : Indexing com.android.chrome-internal.3p:WebPage from com.android.chrome using seqno 0
10-29 20:25:21.827 16557 16871 I Icing   : Indexing com.android.chrome-internal.3p:WebPage from com.android.chrome using seqno 0
10-29 20:25:21.829 16557 16871 I Icing   : Indexing com.android.chrome-internal.3p:WebPage from com.android.chrome using seqno 0
10-29 20:25:21.830 16557 16871 I Icing   : Indexing com.android.chrome-internal.3p:WebPage from com.android.chrome using seqno 0
10-29 20:25:21.832 16557 16871 I Icing   : Indexing com.android.chrome-internal.3p:WebPage from com.android.chrome using seqno 0
10-29 20:25:21.834 16557 16871 I Icing   : Indexing com.android.chrome-internal.3p:WebPage from com.android.chrome using seqno 0
10-29 20:25:21.837 16557 16871 I Icing   : Indexing com.android.chrome-internal.3p:WebPage from com.android.chrome using seqno 0
10-29 20:25:21.839 16557 16871 I Icing   : Indexing com.android.chrome-internal.3p:WebPage from com.android.chrome using seqno 0
10-29 20:25:21.841 16557 16871 I Icing   : Indexing com.android.chrome-internal.3p:WebPage from com.android.chrome using seqno 0
10-29 20:25:21.865 16557 16871 I Icing   : Indexing com.android.chrome-internal.3p:WebPage from com.android.chrome
10-29 20:25:21.874 16557 16871 E SQLiteLog: (1) no such table: WebPage_com.android.chrome_seq_table
10-29 20:25:21.875 16557 16871 E Icing   : Cursor call threw an exception: no such table: WebPage_com.android.chrome_seq_table (code 1): , while compiling: SELECT * FROM [WebPage_com.android.chrome_seq_table] WHERE seqno>0 AND tag IS NULL ORDER BY seqno LIMIT 20
10-29 20:25:21.888 16557 16871 I Icing   : Indexing done com.android.chrome-internal.3p:WebPage
10-29 20:25:21.888 16557 16871 E Icing   : Aborting indexing of corpus internal.3p:WebPage
10-29 20:25:21.894 16557 16871 I Icing   : Indexing done com.android.chrome-omnibox
10-29 20:25:22.525 16525 16525 I TaskQueue:  * Starvation Check, last task 10-29 20:25:11.332
10-29 20:25:22.525 16525 16525 I MainThreadRunner: Running task [StarvationChecks] on the Main Thread with a delay of 6000 milliseconds
10-29 20:25:26.679 16525 16525 I FeedRequestManagerImpl: Request: /httpservice/noretry/DiscoverClankService/FeedQuery completed with response code: 200
10-29 20:25:26.680 16525 16525 I TaskQueue:  - task [IMMEDIATE - d: true, b: 2]: 15
10-29 20:25:26.680 16525 16525 I TaskQueue:  - queueTask starting immediate task
10-29 20:25:26.680 16525 16592 I TaskQueue: Execute task [IMMEDIATE - d: true, b: 2]: 15
10-29 20:25:26.713 16525 16592 I MainThreadRunner: Running task [FeedRequestManagerImpl consumer] on the Main Thread
10-29 20:25:26.713 16525 16592 I TaskQueue:  - Finished 15, time 33 ms
10-29 20:25:26.714 16525 16525 I FeedProtocolAdapter: createModel, operations 33
10-29 20:25:26.721 16525 16525 I TimingUtils: Task Timing   6ms, thread ui | task : convertWireProtocol | mutations : 33
10-29 20:25:26.722 16525 16525 I TaskQueue:  - task [HEAD_RESET - d: true, b: 2]: 5
10-29 20:25:26.722 16525 16525 I TaskQueue:  - queueTask starting immediate task
10-29 20:25:26.723 16525 16592 I TaskQueue: Execute task [HEAD_RESET - d: true, b: 2]: 5
10-29 20:25:26.728 16525 16592 I TaskQueue:  - task [BACKGROUND - d: true, b: 2]: 23
10-29 20:25:26.729 16525 16592 W SessionCache: Persisted Sessions were not found
10-29 20:25:26.734 16525 16592 I PersistentFeedStore: commitSessionMutation - Success true, Update Session $HEAD, stream structures 32
10-29 20:25:26.737 16525 16592 I MainThreadRunner: Running task [SchedulerApiWrapper onReceiveNewContent] on the Main Thread
10-29 20:25:26.738 16525 16592 I MainThreadRunner: Running task [FeedKnownContentImpl onNewContentReceived] on the Main Thread
10-29 20:25:26.738 16525 16592 I SessionManagerMutation: Cleared Head, new creation time 10-29 20:25:26.729
10-29 20:25:26.738 16525 16592 I TimingUtils: Task Timing  15ms, thread background-1 | task : sessionMutation.commitTask:updateConsumer | mutations : 33 | userInitiated : false
10-29 20:25:26.738 16525 16592 I TaskQueue: Cancelling starvation checks
10-29 20:25:26.738 16525 16592 I TaskQueue:  - Finished 5, time 16 ms
10-29 20:25:26.738 16525 16592 I TaskQueue: Execute task [USER_FACING - d: false, b: 2]: 24
10-29 20:25:26.749 16525 16592 I TimeoutSessionImpl: TimeoutSession.populateModelProvider, shouldAppend false
10-29 20:25:26.750 16525 16592 I SessionImpl: PopulateModelProvider 32 items
10-29 20:25:26.751 16525 16592 I FeedModelProvider: FeedModelProvider - committer, structure changes 31, update changes 0
10-29 20:25:26.752 16525 16592 I FeedModelProvider: SyntheticTokenTracker: 0, 11, 11, false
10-29 20:25:26.753 16525 16592 I FeedSessionManagerImpl: Caching getStreamFeatures - items 31, cache misses 0, cache size 31
10-29 20:25:26.753 16525 16592 I FeedModelProvider: Moving _session:ae37aab7-50a5-40a9-8b99-f578873788f3 to READY
10-29 20:25:26.753 16525 16592 I MainThreadRunner: Running task [FeedModelProvider onSessionStart] on the Main Thread
10-29 20:25:26.754 16525 16592 I FeedModelProvider: ModelProvider Mutation committed - structure changes 31, childrenToBind 31, removedChildren false, Token false
10-29 20:25:26.755 16525 16525 I FeedModelProvider: No children found for Cursor
10-29 20:25:26.765 16525 16592 I FeedSessionManagerImpl: Populate new session: _session:ae37aab7-50a5-40a9-8b99-f578873788f3, creation time 10-29 20:25:26.749
10-29 20:25:26.765 16525 16592 I TimingUtils: Task Timing  26ms, thread background-2 | task : Create/Populate New Session
10-29 20:25:26.765 16525 16592 I TaskQueue:  - Finished 24, time 26 ms
10-29 20:25:26.765 16525 16592 I TaskQueue: Execute task [BACKGROUND - d: false, b: 1]: 11
10-29 20:25:26.765 16525 16592 I ContentGc: Re-enqueuing triggerContentGc; attempts(0)
10-29 20:25:26.766 16525 16592 I TaskQueue:  - task [BACKGROUND - d: false, b: 1]: 11
10-29 20:25:26.766 16525 16592 I TaskQueue:  - Finished 11, time 0 ms
10-29 20:25:26.766 16525 16592 I TaskQueue: Execute task [BACKGROUND - d: false, b: 1]: 23
10-29 20:25:26.906 16525 16592 I TimingUtils: Task Timing 140ms, thread background-3 | task : commitContentMutation | mutations : 32
10-29 20:25:26.909 16525 16592 I TimingUtils: Task Timing   2ms, thread background-4 | task : commitSemanticPropertiesMutation | mutations : 0
10-29 20:25:26.910 16525 16592 I TaskQueue:  - Finished 23, time 144 ms
10-29 20:25:26.910 16525 16592 I TaskQueue: Execute task [BACKGROUND - d: false, b: 0]: 11
10-29 20:25:26.911 16525 16592 I SessionCache: Determining accessible content
10-29 20:25:26.915 16525 16599 W chromium: [WARNING:spdy_session.cc(3090)] Received RST for invalid stream1
10-29 20:25:26.917 16525 16592 I TimingUtils: Task Timing   7ms, thread background-5 | task : ContentGc | contentItemsRemoved : 0
10-29 20:25:26.917 16525 16592 I TaskQueue:  - Finished 11, time 8 ms
10-29 20:25:27.111 17148 17148 D AndroidRuntime: >>>>>> START com.android.internal.os.RuntimeInit uid 2000 <<<<<<
10-29 20:25:27.115 17148 17148 D AndroidRuntime: CheckJNI is OFF
10-29 20:25:27.204 17148 17148 D ICU     : No timezone override file found: /data/misc/zoneinfo/current/icu/icu_tzdata.dat
10-29 20:25:27.248 17148 17148 I Radio-JNI: register_android_hardware_Radio DONE
10-29 20:25:27.269 17148 17148 D AndroidRuntime: Calling main entry com.android.commands.monkey.Monkey
10-29 20:25:27.377   600   613 W BroadcastQueue: Skipping deliver [background] BroadcastRecord{fce0110 u-1 android.net.conn.CONNECTIVITY_CHANGE} to ReceiverList{1698409 17148 (unknown name)/2000/u-1 remote:b2ecfc2}: process crashing
10-29 20:25:28.785 17148 17148 D MonkeyStub: translateCommand: wake
10-29 20:25:28.938 17148 17148 D MonkeyStub: translateCommand: touch down 614 1561
10-29 20:25:28.945 17148 17148 D MonkeyStub: translateCommand: touch move 614 1561
10-29 20:25:29.063 17148 17148 D MonkeyStub: translateCommand: touch move 614 1436
10-29 20:25:29.175 17148 17148 D MonkeyStub: translateCommand: touch move 614 1311
10-29 20:25:29.279 17148 17148 D MonkeyStub: translateCommand: touch move 614 1186
10-29 20:25:29.394 17148 17148 D MonkeyStub: translateCommand: touch move 614 1061
10-29 20:25:29.502 17148 17148 D MonkeyStub: translateCommand: touch move 614 937
10-29 20:25:29.611 17148 17148 D MonkeyStub: translateCommand: touch move 614 812
10-29 20:25:29.721 17148 17148 D MonkeyStub: translateCommand: touch move 614 687
10-29 20:25:29.838 17148 17148 D MonkeyStub: translateCommand: touch move 614 562
10-29 20:25:29.954 17148 17148 D MonkeyStub: translateCommand: touch move 614 437
10-29 20:25:30.061 17148 17148 D MonkeyStub: translateCommand: touch move 614 312
10-29 20:25:30.066 17148 17148 D MonkeyStub: translateCommand: touch up 614 312
10-29 20:25:30.092 17148 17148 D MonkeyStub: translateCommand: touch down 614 1561
10-29 20:25:30.102 17148 17148 D MonkeyStub: translateCommand: touch move 614 1561
10-29 20:25:30.217 17148 17148 D MonkeyStub: translateCommand: touch move 614 1436
10-29 20:25:30.329 17148 17148 D MonkeyStub: translateCommand: touch move 614 1311
10-29 20:25:30.438 17148 17148 D MonkeyStub: translateCommand: touch move 614 1186
10-29 20:25:30.557 17148 17148 D MonkeyStub: translateCommand: touch move 614 1061
10-29 20:25:30.669 17148 17148 D MonkeyStub: translateCommand: touch move 614 937
10-29 20:25:30.781 17148 17148 D MonkeyStub: translateCommand: touch move 614 812
10-29 20:25:30.894 17148 17148 D MonkeyStub: translateCommand: touch move 614 687
10-29 20:25:31.013 17148 17148 D MonkeyStub: translateCommand: touch move 614 562
10-29 20:25:31.162 17148 17148 D MonkeyStub: translateCommand: touch move 614 437
10-29 20:25:31.277 17148 17148 D MonkeyStub: translateCommand: touch move 614 312
10-29 20:25:31.281 17148 17148 D MonkeyStub: translateCommand: touch up 614 312
10-29 20:25:35.479 17148 17148 D MonkeyStub: translateCommand: tap 139 85
10-29 20:25:35.722   787  1258 E AsyncOperation: serviceID=121, operation=GetLaunchDataOperation [CONTEXT service_id=259 ]
10-29 20:25:35.722   787  1258 E AsyncOperation: OperationException[Status{statusCode=Not an instant app, resolution=null}]
10-29 20:25:35.722   787  1258 E AsyncOperation: 	at aeay.a(:com.google.android.gms@203915020@20.39.15 (040406-335085812):20)
10-29 20:25:35.722   787  1258 E AsyncOperation: 	at aain.run(:com.google.android.gms@203915020@20.39.15 (040406-335085812):7)
10-29 20:25:35.722   787  1258 E AsyncOperation: 	at boex.run(:com.google.android.gms@203915020@20.39.15 (040406-335085812):2)
10-29 20:25:35.722   787  1258 E AsyncOperation: 	at sup.b(:com.google.android.gms@203915020@20.39.15 (040406-335085812):12)
10-29 20:25:35.722   787  1258 E AsyncOperation: 	at sup.run(:com.google.android.gms@203915020@20.39.15 (040406-335085812):7)
10-29 20:25:35.722   787  1258 E AsyncOperation: 	at java.util.concurrent.ThreadPoolExecutor.runWorker(ThreadPoolExecutor.java:1133)
10-29 20:25:35.722   787  1258 E AsyncOperation: 	at java.util.concurrent.ThreadPoolExecutor$Worker.run(ThreadPoolExecutor.java:607)
10-29 20:25:35.722   787  1258 E AsyncOperation: 	at tam.run(:com.google.android.gms@203915020@20.39.15 (040406-335085812):0)
10-29 20:25:35.722   787  1258 E AsyncOperation: 	at java.lang.Thread.run(Thread.java:761)
10-29 20:25:37.553   787  1714 W Icing   : isOptedInForAppHistory: empty Account Name encountered
10-29 20:25:37.577   787  1714 W Icing   : isOptedInForAppHistory: empty Account Name encountered
10-29 20:25:37.646   787 16036 W Icing   : isOptedInForAppHistory: empty Account Name encountered
10-29 20:25:42.704 16525 16525 I cr_tabmodel: Appending tabs being restored to metadata lists, 0, startingNormalCount: 2, startingIncognitoCount: 0
10-29 20:25:42.704 16525 16525 I cr_tabmodel: Serializing tab lists; counts: 2, 0
10-29 20:25:43.070   787   805 W Icing   : isOptedInForAppHistory: empty Account Name encountered
10-29 20:25:43.101   787   805 W Icing   : isOptedInForAppHistory: empty Account Name encountered
10-29 20:25:43.131   787 15555 W Icing   : isOptedInForAppHistory: empty Account Name encountered
10-29 20:25:43.671 17148 17148 D MonkeyStub: translateCommand: tap 993 1514
10-29 20:25:46.016 16557 17094 I Icing   : IndexChimeraService.getServiceInterface callingPackage=com.android.chrome componentName=null serviceId=36
10-29 20:25:46.024 16557 16871 W Icing   : No valid account for uploading user actions
10-29 20:25:46.043 16557 17094 I Icing   : IndexChimeraService.getServiceInterface callingPackage=com.google.android.gms componentName=null serviceId=30
10-29 20:25:46.101 16557 16871 I Icing   : Usage reports ok 2, Failed Usage reports 0, indexed 2, rejected 0
10-29 20:25:46.109 16557 16871 W Icing   : No valid account for uploading user actions
10-29 20:25:46.122 16557 16871 I Icing   : Usage reports ok 0, Failed Usage reports 0, indexed 0, rejected 0
10-29 20:25:46.123 16557 16871 I Icing   : Indexing com.android.chrome-internal.3p:WebPage from com.android.chrome using seqno 0
10-29 20:25:46.142 16557 16871 I Icing   : Indexing com.android.chrome-omnibox from com.android.chrome
10-29 20:25:46.229 16557 16871 I Icing   : Indexing done com.android.chrome-omnibox
10-29 20:25:47.179   787  1174 W Icing   : isOptedInForAppHistory: empty Account Name encountered
10-29 20:25:47.210   787 15303 W Icing   : isOptedInForAppHistory: empty Account Name encountered
10-29 20:25:47.532 16525 16525 I cr_tabmodel: Appending tabs being restored to metadata lists, 0, startingNormalCount: 2, startingIncognitoCount: 0
10-29 20:25:47.532 16525 16525 I cr_tabmodel: Serializing tab lists; counts: 2, 0
10-29 20:25:47.767 17148 17148 D MonkeyStub: translateCommand: tap 1291 1873
10-29 20:25:48.624 16525 16535 W art     : Suspending all threads took: 9.904ms
10-29 20:25:48.678 16525 16535 I art     : Background sticky concurrent mark sweep GC freed 97407(4MB) AllocSpace objects, 7(144KB) LOS objects, 20% free, 16MB/21MB, paused 10.910ms total 82.656ms
10-29 20:25:49.811 17148 17148 D MonkeyStub: translateCommand: touch down 614 1561
10-29 20:25:49.816 17148 17148 D MonkeyStub: translateCommand: touch move 614 1561
10-29 20:25:49.927 17148 17148 D MonkeyStub: translateCommand: touch move 614 1436
10-29 20:25:50.034 17148 17148 D MonkeyStub: translateCommand: touch move 614 1311
10-29 20:25:50.141 17148 17148 D MonkeyStub: translateCommand: touch move 614 1186
10-29 20:25:50.248 17148 17148 D MonkeyStub: translateCommand: touch move 614 1061
10-29 20:25:50.376 17148 17148 D MonkeyStub: translateCommand: touch move 614 937
10-29 20:25:51.215 16525 16525 I Choreographer: Skipped 160 frames!  The application may be doing too much work on its main thread.
10-29 20:25:51.216 17148 17148 D MonkeyStub: translateCommand: touch move 614 812
10-29 20:25:51.328 17148 17148 D MonkeyStub: translateCommand: touch move 614 687
10-29 20:25:51.441 17148 17148 D MonkeyStub: translateCommand: touch move 614 562
10-29 20:25:51.552 17148 17148 D MonkeyStub: translateCommand: touch move 614 437
10-29 20:25:51.663 17148 17148 D MonkeyStub: translateCommand: touch move 614 312
10-29 20:25:51.667 17148 17148 D MonkeyStub: translateCommand: touch up 614 312
10-29 20:25:51.691 17148 17148 D MonkeyStub: translateCommand: touch down 614 1561
10-29 20:25:51.697 17148 17148 D MonkeyStub: translateCommand: touch move 614 1561
10-29 20:25:51.808 17148 17148 D MonkeyStub: translateCommand: touch move 614 1436
10-29 20:25:51.916 17148 17148 D MonkeyStub: translateCommand: touch move 614 1311
10-29 20:25:52.025 17148 17148 D MonkeyStub: translateCommand: touch move 614 1186
10-29 20:25:52.129 17148 17148 D MonkeyStub: translateCommand: touch move 614 1061
10-29 20:25:52.236 17148 17148 D MonkeyStub: translateCommand: touch move 614 937
10-29 20:25:52.377 17148 17148 D MonkeyStub: translateCommand: touch move 614 812
10-29 20:25:52.484 17148 17148 D MonkeyStub: translateCommand: touch move 614 687
10-29 20:25:52.590 17148 17148 D MonkeyStub: translateCommand: touch move 614 562
10-29 20:25:52.601 16525 16525 I cr_tabmodel: Appending tabs being restored to metadata lists, 0, startingNormalCount: 2, startingIncognitoCount: 0
10-29 20:25:52.601 16525 16525 I cr_tabmodel: Serializing tab lists; counts: 2, 0
10-29 20:25:52.694 17148 17148 D MonkeyStub: translateCommand: touch move 614 437
10-29 20:25:52.801 17148 17148 D MonkeyStub: translateCommand: touch move 614 312
10-29 20:25:52.810 17148 17148 D MonkeyStub: translateCommand: touch up 614 312
10-29 20:25:52.813   600  2707 I ActivityManager: Start proc 17203:com.android.chrome:sandboxed_process21/u0i793 for service com.android.chrome/org.chromium.content.app.SandboxedProcessService21
10-29 20:25:52.865 17203 17203 W boxed_process21: type=1400 audit(0.0:2785): avc: denied { getattr } for path="/data/data/com.android.chrome" dev="dm-2" ino=12190 scontext=u:r:isolated_app:s0:c512,c768 tcontext=u:object_r:app_data_file:s0:c512,c768 tclass=dir permissive=0
10-29 20:25:52.894 17203 17203 I cr_ChildProcessService: Creating new ChildProcessService pid=17203
10-29 20:25:52.946 17203 17216 I cr_LibraryLoader: Loaded native library version number "85.0.4183.127"
10-29 20:25:52.946 17203 17216 I cr_CachingUmaRecorder: Flushed 1 samples from 1 histograms.
10-29 20:25:52.958 17216 17216 W CrUtilityMain: type=1400 audit(0.0:2786): avc: denied { setattr } for name="LICENSE.txt" dev="dm-2" ino=22893 scontext=u:r:isolated_app:s0:c512,c768 tcontext=u:object_r:app_data_file:s0:c512,c768 tclass=file permissive=0
10-29 20:25:52.961 17216 17216 W CrUtilityMain: type=1400 audit(0.0:2787): avc: denied { setattr } for name=46696C746572696E672052756C6573 dev="dm-2" ino=22941 scontext=u:r:isolated_app:s0:c512,c768 tcontext=u:object_r:app_data_file:s0:c512,c768 tclass=file permissive=0
10-29 20:25:52.961 17216 17216 W CrUtilityMain: type=1400 audit(0.0:2788): avc: denied { setattr } for name="manifest.json" dev="dm-2" ino=22852 scontext=u:r:isolated_app:s0:c512,c768 tcontext=u:object_r:app_data_file:s0:c512,c768 tclass=file permissive=0
10-29 20:25:52.965 17216 17216 W CrUtilityMain: type=1400 audit(0.0:2789): avc: denied { setattr } for name="verified_contents.json" dev="dm-2" ino=23037 scontext=u:r:isolated_app:s0:c512,c768 tcontext=u:object_r:app_data_file:s0:c512,c768 tclass=file permissive=0
10-29 20:25:52.981 17203 17216 I chromium: [INFO:child_process_service.cc(69)] ChildProcessService: Exiting child process.
10-29 20:25:52.982   197   197 E lowmemorykiller: Error writing /proc/17203/oom_score_adj; errno=22
10-29 20:25:53.002   600 27731 I ActivityManager: Process com.android.chrome:sandboxed_process21 (pid 17203) has died
10-29 20:25:53.002   600 27731 D ActivityManager: cleanUpApplicationRecord -- 17203
10-29 20:25:53.003 16525 16525 W chromium: [WARNING:compositor_view.cc(315)] Child process died (type=6) pid=17203)
10-29 20:25:53.015 16525 16572 I cr_BindingManager: onTrimMemory: level=5, size=1
10-29 20:25:53.016 16525 16572 I cr_BindingManager: Reduce connections from 1 to 0
10-29 20:25:53.031  1084  1084 I MemoryTrimmer: Trimming objects from memory, since app is in the background.
10-29 20:25:53.512   600   611 I ActivityManager: Start proc 17221:com.android.chrome:sandboxed_process22/u0i794 for service com.android.chrome/org.chromium.content.app.SandboxedProcessService22
10-29 20:25:53.565 17221 17221 W boxed_process22: type=1400 audit(0.0:2790): avc: denied { getattr } for path="/data/data/com.android.chrome" dev="dm-2" ino=12190 scontext=u:r:isolated_app:s0:c512,c768 tcontext=u:object_r:app_data_file:s0:c512,c768 tclass=dir permissive=0
10-29 20:25:53.616 17221 17221 I cr_ChildProcessService: Creating new ChildProcessService pid=17221
10-29 20:25:53.695 17221 17237 I cr_LibraryLoader: Loaded native library version number "85.0.4183.127"
10-29 20:25:53.695 17221 17237 I cr_CachingUmaRecorder: Flushed 1 samples from 1 histograms.
10-29 20:25:53.755 17237 17237 W CrUtilityMain: type=1400 audit(0.0:2791): avc: denied { setattr } for name="tl_en-us_2022-10-17_483521407_100000_index.bin" dev="dm-2" ino=23196 scontext=u:r:isolated_app:s0:c512,c768 tcontext=u:object_r:app_data_file:s0:c512,c768 tclass=file permissive=0
10-29 20:25:53.755 17237 17237 W CrUtilityMain: type=1400 audit(0.0:2792): avc: denied { setattr } for name="manifest.json" dev="dm-2" ino=23188 scontext=u:r:isolated_app:s0:c512,c768 tcontext=u:object_r:app_data_file:s0:c512,c768 tclass=file permissive=0
10-29 20:25:53.758 17237 17237 W CrUtilityMain: type=1400 audit(0.0:2793): avc: denied { setattr } for name="verified_contents.json" dev="dm-2" ino=23053 scontext=u:r:isolated_app:s0:c512,c768 tcontext=u:object_r:app_data_file:s0:c512,c768 tclass=file permissive=0
10-29 20:25:53.775 17221 17221 I cr_ChildProcessService: Destroying ChildProcessService pid=17221
10-29 20:25:53.776 17221 17237 I chromium: [INFO:child_process_service.cc(69)] ChildProcessService: Exiting child process.
10-29 20:25:53.799   600   611 I ActivityManager: Process com.android.chrome:sandboxed_process22 (pid 17221) has died
10-29 20:25:53.799   600   611 D ActivityManager: cleanUpApplicationRecord -- 17221
10-29 20:25:53.805 16525 16525 W chromium: [WARNING:compositor_view.cc(315)] Child process died (type=6) pid=17221)
10-29 20:25:53.817   600   615 W libprocessgroup: failed to kill pid 17221: No such process
10-29 20:25:53.858   198   198 E SELinux : avc:  denied  { find } for service=netd pid=17236 uid=2000 scontext=u:r:shell:s0 tcontext=u:object_r:netd_service:s0 tclass=service_manager permissive=0
10-29 20:25:53.862   198   198 E SELinux : avc:  denied  { find } for service=android.service.gatekeeper.IGateKeeperService pid=17236 uid=2000 scontext=u:r:shell:s0 tcontext=u:object_r:gatekeeper_service:s0 tclass=service_manager permissive=0
10-29 20:25:54.658   600  3509 I ActivityManager: Start proc 17243:com.android.chrome:sandboxed_process23/u0i795 for service com.android.chrome/org.chromium.content.app.SandboxedProcessService23
10-29 20:25:54.735 17243 17243 W boxed_process23: type=1400 audit(0.0:2794): avc: denied { getattr } for path="/data/data/com.android.chrome" dev="dm-2" ino=12190 scontext=u:r:isolated_app:s0:c512,c768 tcontext=u:object_r:app_data_file:s0:c512,c768 tclass=dir permissive=0
10-29 20:25:54.783 17243 17243 I cr_ChildProcessService: Creating new ChildProcessService pid=17243
10-29 20:25:54.896 17243 17256 I cr_LibraryLoader: Loaded native library version number "85.0.4183.127"
10-29 20:25:54.896 17243 17256 I cr_CachingUmaRecorder: Flushed 1 samples from 1 histograms.
10-29 20:25:54.925 17256 17256 W CrUtilityMain: type=1400 audit(0.0:2795): avc: denied { setattr } for name="optimization-hints.pb" dev="dm-2" ino=23101 scontext=u:r:isolated_app:s0:c512,c768 tcontext=u:object_r:app_data_file:s0:c512,c768 tclass=file permissive=0
10-29 20:25:54.928 17256 17256 W CrUtilityMain: type=1400 audit(0.0:2796): avc: denied { setattr } for name="manifest.json" dev="dm-2" ino=23016 scontext=u:r:isolated_app:s0:c512,c768 tcontext=u:object_r:app_data_file:s0:c512,c768 tclass=file permissive=0
10-29 20:25:54.931 17256 17256 W CrUtilityMain: type=1400 audit(0.0:2797): avc: denied { setattr } for name="verified_contents.json" dev="dm-2" ino=22761 scontext=u:r:isolated_app:s0:c512,c768 tcontext=u:object_r:app_data_file:s0:c512,c768 tclass=file permissive=0
10-29 20:25:54.947 17243 17256 I chromium: [INFO:child_process_service.cc(69)] ChildProcessService: Exiting child process.
10-29 20:25:54.950   197   197 E lowmemorykiller: Error writing /proc/17243/oom_score_adj; errno=22
10-29 20:25:54.972   600  7064 I ActivityManager: Process com.android.chrome:sandboxed_process23 (pid 17243) has died
10-29 20:25:54.972   600  7064 D ActivityManager: cleanUpApplicationRecord -- 17243
10-29 20:25:54.977 16525 16525 W chromium: [WARNING:compositor_view.cc(315)] Child process died (type=6) pid=17243)
10-29 20:25:56.255   600 27731 I ActivityManager: Start proc 17260:com.android.chrome:sandboxed_process24/u0i796 for service com.android.chrome/org.chromium.content.app.SandboxedProcessService24
