10-30 02:19:57.755   600  1076 W ActivityManager: 	at android.os.BinderProxy.transactNative(Native Method)
10-30 02:19:57.755   600  1076 W ActivityManager: 	at android.os.BinderProxy.transact(Binder.java:615)
10-30 02:19:57.755   600  1076 W ActivityManager: 	at android.app.ApplicationThreadProxy.scheduleUnbindService(ApplicationThreadNative.java:1016)
10-30 02:19:57.755   600  1076 W ActivityManager: 	at com.android.server.am.ActiveServices.removeConnectionLocked(ActiveServices.java:2175)
10-30 02:19:57.755   600  1076 W ActivityManager: 	at com.android.server.am.ActiveServices.unbindServiceLocked(ActiveServices.java:1163)
10-30 02:19:57.755   600  1076 W ActivityManager: 	at com.android.server.am.ActivityManagerService.unbindService(ActivityManagerService.java:17309)
10-30 02:19:57.755   600  1076 W ActivityManager: 	at android.app.ActivityManagerNative.onTransact(ActivityManagerNative.java:1145)
10-30 02:19:57.755   600  1076 W ActivityManager: 	at com.android.server.am.ActivityManagerService.onTransact(ActivityManagerService.java:2795)
10-30 02:19:57.755   600  1076 W ActivityManager: 	at android.os.Binder.execTransact(Binder.java:565)
10-30 02:19:57.756   600  1076 E JavaBinder: !!! FAILED BINDER TRANSACTION !!!  (parcel size = 76)
10-30 02:19:57.756   197   197 E lowmemorykiller: Error writing /proc/12923/oom_score_adj; errno=22
10-30 02:19:57.756   600  1076 I ActivityManager: Killing 12891:com.android.chrome:sandboxed_process14/u0a35i335 (adj 0): isolated not needed
10-30 02:19:57.756   600  1076 I ActivityManager: Killing 12903:com.android.chrome:sandboxed_process15/u0a35i336 (adj 0): isolated not needed
10-30 02:19:57.756   600  1076 I ActivityManager: Killing 12883:com.android.chrome:sandboxed_process13/u0a35i334 (adj 0): isolated not needed
10-30 02:19:57.756   600  1076 I ActivityManager: Killing 12866:com.android.chrome:sandboxed_process12/u0a35i333 (adj 0): isolated not needed
10-30 02:19:57.757   600  1076 E JavaBinder: !!! FAILED BINDER TRANSACTION !!!  (parcel size = 76)
10-30 02:19:57.764   600   609 I art     : Background partial concurrent mark sweep GC freed 45790(2MB) AllocSpace objects, 35(900KB) LOS objects, 33% free, 15MB/23MB, paused 16.589ms total 352.699ms
10-30 02:19:57.767 12520 12520 W chromium: [WARNING:compositor_view.cc(315)] Child process died (type=6) pid=12923)
10-30 02:19:57.767   600  3675 I ActivityManager: Process com.android.chrome:sandboxed_process16 (pid 12923) has died
10-30 02:19:57.767   600  3675 D ActivityManager: cleanUpApplicationRecord -- 12923
10-30 02:19:57.771   600  3675 E JavaBinder: !!! FAILED BINDER TRANSACTION !!!  (parcel size = 76)
10-30 02:19:57.771   600  3675 E JavaBinder: !!! FAILED BINDER TRANSACTION !!!  (parcel size = 76)
10-30 02:19:57.771   600  3675 E JavaBinder: !!! FAILED BINDER TRANSACTION !!!  (parcel size = 76)
10-30 02:19:57.774 12520 12554 I cr_BindingManager: onTrimMemory: level=10, size=1
10-30 02:19:57.774 12520 12554 I cr_BindingManager: Reduce connections from 1 to 0
10-30 02:19:57.776 12520 12520 W chromium: [WARNING:compositor_view.cc(315)] Child process died (type=6) pid=12891)
10-30 02:19:57.776   600  7064 D ActivityManager: cleanUpApplicationRecord -- 12891
10-30 02:19:57.779 12520 12520 W chromium: [WARNING:compositor_view.cc(315)] Child process died (type=6) pid=12903)
10-30 02:19:57.781 12520 12520 W chromium: [WARNING:compositor_view.cc(315)] Child process died (type=6) pid=12883)
10-30 02:19:57.784   600  9614 D ActivityManager: cleanUpApplicationRecord -- 12903
10-30 02:19:57.784   600 16391 D ActivityManager: cleanUpApplicationRecord -- 12883
10-30 02:19:57.786 12970 13005 I cr_LibraryLoader: Loaded native library version number "85.0.4183.127"
10-30 02:19:57.786 12970 13005 I cr_CachingUmaRecorder: Flushed 1 samples from 1 histograms.
10-30 02:19:57.799 12930 12930 I cr_ChildProcessService: Destroying ChildProcessService pid=12930
10-30 02:19:57.802 12930 12976 I chromium: [INFO:child_process_service.cc(69)] ChildProcessService: Exiting child process.
10-30 02:19:57.813 12941 12941 I cr_ChildProcessService: Destroying ChildProcessService pid=12941
10-30 02:19:57.836   600  7064 I ActivityManager: Killing 12941:com.android.chrome:sandboxed_process18/u0a35i339 (adj 0): isolated not needed
10-30 02:19:57.836   600  7064 I ActivityManager: Killing 12930:com.android.chrome:sandboxed_process17/u0a35i338 (adj 0): isolated not needed
10-30 02:19:57.854   600  1080 D ActivityManager: cleanUpApplicationRecord -- 12661
10-30 02:19:57.857 12520 12520 W chromium: [WARNING:compositor_view.cc(315)] Child process died (type=6) pid=12661)
10-30 02:19:57.861 12520 12734 I PlayCore: UID: [10035]  PID: [12520] SplitInstallService : Failed to bind to the service.
10-30 02:19:57.874 12849 12849 I dex2oat : /system/bin/dex2oat --dex-file=/data/user/0/com.android.chrome/app_dex/webapk7.dex --oat-fd=187 --oat-location=/data/user/0/com.android.chrome/app_dex/oat/arm/webapk7.dex --compiler-filter=speed
10-30 02:19:58.004   600  7064 D ActivityManager: cleanUpApplicationRecord -- 12706
10-30 02:19:58.010   600 16391 D ActivityManager: cleanUpApplicationRecord -- 12941
10-30 02:19:58.011   600  1081 D ActivityManager: cleanUpApplicationRecord -- 12930
10-30 02:19:58.018 12520 12520 W chromium: [WARNING:compositor_view.cc(315)] Child process died (type=6) pid=12706)
10-30 02:19:58.018 12520 12520 W chromium: [WARNING:compositor_view.cc(315)] Child process died (type=6) pid=12930)
10-30 02:19:58.028   600  1080 I ActivityManager: Start proc 13030:com.android.chrome:sandboxed_process20/u0i341 for service com.android.chrome/org.chromium.content.app.SandboxedProcessService20
10-30 02:19:58.077 11473 11990 W Icing   : No valid account for uploading user actions
10-30 02:19:58.085   600  9614 I ActivityManager: Start proc 13044:com.android.chrome:sandboxed_process21/u0i342 for service com.android.chrome/org.chromium.content.app.SandboxedProcessService21
10-30 02:19:58.124 13030 13030 W boxed_process20: type=1400 audit(0.0:3794): avc: denied { getattr } for path="/data/data/com.android.chrome" dev="dm-2" ino=12190 scontext=u:r:isolated_app:s0:c512,c768 tcontext=u:object_r:app_data_file:s0:c512,c768 tclass=dir permissive=0
10-30 02:19:58.176 11473 11995 I Icing   : IndexChimeraService.getServiceInterface callingPackage=com.google.android.gms componentName=null serviceId=30
10-30 02:19:58.177 13044 13044 W boxed_process21: type=1400 audit(0.0:3795): avc: denied { getattr } for path="/data/data/com.android.chrome" dev="dm-2" ino=12190 scontext=u:r:isolated_app:s0:c512,c768 tcontext=u:object_r:app_data_file:s0:c512,c768 tclass=dir permissive=0
10-30 02:19:58.185 13030 13030 I cr_ChildProcessService: Creating new ChildProcessService pid=13030
10-30 02:19:58.229 13044 13044 I cr_ChildProcessService: Creating new ChildProcessService pid=13044
10-30 02:19:58.254 12520 12530 W art     : Suspending all threads took: 172.102ms
10-30 02:19:58.269 12520 12530 I art     : Background sticky concurrent mark sweep GC freed 12715(575KB) AllocSpace objects, 2(40KB) LOS objects, 2% free, 14MB/14MB, paused 172.970ms total 225.393ms
10-30 02:19:58.280 13030 13058 I cr_LibraryLoader: Loaded native library version number "85.0.4183.127"
10-30 02:19:58.288 12520 12520 W chromium: [WARNING:compositor_view.cc(315)] Child process died (type=6) pid=12941)
10-30 02:19:58.296 12520 12520 I FeedRequestManagerImpl: Request: /httpservice/noretry/DiscoverClankService/FeedQuery completed with response code: 200
10-30 02:19:58.296 12520 12520 I TaskQueue:  - task [IMMEDIATE - d: true, b: 2]: 15
10-30 02:19:58.296 12520 12520 I TaskQueue:  - queueTask starting immediate task
10-30 02:19:58.297 12520 12576 I TaskQueue: Execute task [IMMEDIATE - d: true, b: 2]: 15
10-30 02:19:58.307 13030 13058 I cr_CachingUmaRecorder: Flushed 1 samples from 1 histograms.
10-30 02:19:58.422 13044 13059 I cr_LibraryLoader: Loaded native library version number "85.0.4183.127"
10-30 02:19:58.423 13044 13059 I cr_CachingUmaRecorder: Flushed 1 samples from 1 histograms.
10-30 02:19:58.461 13030 13058 I chromium: [INFO:child_process_service.cc(69)] ChildProcessService: Exiting child process.
10-30 02:19:58.461   197   197 E lowmemorykiller: Error writing /proc/13030/oom_score_adj; errno=22
10-30 02:19:58.475 12520 12576 I MainThreadRunner: Running task [FeedRequestManagerImpl consumer] on the Main Thread
10-30 02:19:58.475 12520 12576 I TaskQueue:  - Finished 15, time 178 ms
10-30 02:19:58.475 12520 12520 I FeedProtocolAdapter: createModel, operations 33
10-30 02:19:58.476 12520 12530 I art     : Background partial concurrent mark sweep GC freed 12496(701KB) AllocSpace objects, 11(5MB) LOS objects, 39% free, 8MB/14MB, paused 8.164ms total 151.490ms
10-30 02:19:58.480 12520 12520 I TimingUtils: Task Timing   4ms, thread ui | task : convertWireProtocol | mutations : 33
10-30 02:19:58.482 12520 12520 I TaskQueue:  - task [HEAD_RESET - d: true, b: 2]: 5
10-30 02:19:58.482 12520 12520 I TaskQueue:  - queueTask starting immediate task
10-30 02:19:58.482 12520 12576 I TaskQueue: Execute task [HEAD_RESET - d: true, b: 2]: 5
10-30 02:19:58.486 12520 12576 I TaskQueue:  - task [BACKGROUND - d: true, b: 2]: 23
10-30 02:19:58.491 12520 12576 W SessionCache: Persisted Sessions were not found
10-30 02:19:58.496 12520 12576 I PersistentFeedStore: commitSessionMutation - Success true, Update Session $HEAD, stream structures 32
10-30 02:19:58.499 12520 12576 I MainThreadRunner: Running task [SchedulerApiWrapper onReceiveNewContent] on the Main Thread
10-30 02:19:58.500 12520 12576 I MainThreadRunner: Running task [FeedKnownContentImpl onNewContentReceived] on the Main Thread
10-30 02:19:58.501 12520 12576 I SessionManagerMutation: Cleared Head, new creation time 10-30 02:19:58.491
10-30 02:19:58.501 12520 12576 I TimingUtils: Task Timing  18ms, thread background-1 | task : sessionMutation.commitTask:updateConsumer | mutations : 33 | userInitiated : false
10-30 02:19:58.501 12520 12576 I TaskQueue: Cancelling starvation checks
10-30 02:19:58.501 12520 12576 I TaskQueue:  - Finished 5, time 19 ms
10-30 02:19:58.501 12520 12576 I TaskQueue: Execute task [USER_FACING - d: false, b: 2]: 24
10-30 02:19:58.511 12520 12576 I TimeoutSessionImpl: TimeoutSession.populateModelProvider, shouldAppend false
10-30 02:19:58.511 12520 12576 I SessionImpl: PopulateModelProvider 32 items
10-30 02:19:58.513 12520 12576 I FeedModelProvider: FeedModelProvider - committer, structure changes 31, update changes 0
10-30 02:19:58.518 12520 12576 I FeedModelProvider: SyntheticTokenTracker: 0, 11, 11, false
10-30 02:19:58.518 12520 12576 I FeedSessionManagerImpl: Caching getStreamFeatures - items 31, cache misses 0, cache size 31
10-30 02:19:58.519 12520 12576 I FeedModelProvider: Moving _session:57d95b71-d8fc-4c94-b952-c5f6412796ee to READY
10-30 02:19:58.519 12520 12576 I MainThreadRunner: Running task [FeedModelProvider onSessionStart] on the Main Thread
10-30 02:19:58.519 12520 12576 I FeedModelProvider: ModelProvider Mutation committed - structure changes 31, childrenToBind 31, removedChildren false, Token false
10-30 02:19:58.529 12520 12576 I FeedSessionManagerImpl: Populate new session: _session:57d95b71-d8fc-4c94-b952-c5f6412796ee, creation time 10-30 02:19:58.511
10-30 02:19:58.529 12520 12576 I TimingUtils: Task Timing  27ms, thread background-2 | task : Create/Populate New Session
10-30 02:19:58.529 12520 12576 I TaskQueue:  - Finished 24, time 28 ms
10-30 02:19:58.529 12520 12576 I TaskQueue: Execute task [BACKGROUND - d: false, b: 1]: 11
10-30 02:19:58.529 12520 12576 I ContentGc: Re-enqueuing triggerContentGc; attempts(0)
10-30 02:19:58.530 12520 12576 I TaskQueue:  - task [BACKGROUND - d: false, b: 1]: 11
10-30 02:19:58.530 12520 12576 I TaskQueue:  - Finished 11, time 0 ms
10-30 02:19:58.530 12520 12576 I TaskQueue: Execute task [BACKGROUND - d: false, b: 1]: 23
10-30 02:19:58.565 12849 12849 I dex2oat : dex2oat took 1.670s (threads: 2) arena alloc=875KB (896152B) java alloc=65KB (67400B) native alloc=559KB (573240B) free=2000KB (2048200B)
10-30 02:19:58.568 13044 13059 I chromium: [INFO:child_process_service.cc(69)] ChildProcessService: Exiting child process.
10-30 02:19:58.568   600   611 D ActivityManager: cleanUpApplicationRecord -- 12721
10-30 02:19:58.569   600   611 I ActivityManager: Killing 13030:com.android.chrome:sandboxed_process20/u0a35i341 (adj 0): isolated not needed
10-30 02:19:58.574   197   197 E lowmemorykiller: Error writing /proc/13044/oom_score_adj; errno=22
10-30 02:19:58.584 12520 12520 I FeedModelProvider: No children found for Cursor
10-30 02:19:58.611   600   707 D ActivityManager: cleanUpApplicationRecord -- 13030
10-30 02:19:58.612   600   707 I ActivityManager: Killing 13044:com.android.chrome:sandboxed_process21/u0a35i342 (adj 0): isolated not needed
10-30 02:19:58.621 12520 12520 W chromium: [WARNING:compositor_view.cc(315)] Child process died (type=6) pid=13030)
10-30 02:19:58.765 12520 12576 I TimingUtils: Task Timing 234ms, thread background-3 | task : commitContentMutation | mutations : 32
10-30 02:19:58.765 12520 12576 I TimingUtils: Task Timing   0ms, thread background-4 | task : commitSemanticPropertiesMutation | mutations : 0
10-30 02:19:58.765 12520 12576 I TaskQueue:  - Finished 23, time 236 ms
10-30 02:19:58.765 12520 12576 I TaskQueue: Execute task [BACKGROUND - d: false, b: 0]: 11
10-30 02:19:58.769 12520 12576 I SessionCache: Determining accessible content
10-30 02:19:58.772 12520 12576 I TimingUtils: Task Timing   6ms, thread background-5 | task : ContentGc | contentItemsRemoved : 0
10-30 02:19:58.772 12520 12576 I TaskQueue:  - Finished 11, time 7 ms
10-30 02:19:58.848 12520 12581 W chromium: [WARNING:spdy_session.cc(3090)] Received RST for invalid stream1
10-30 02:19:58.897 12520 12520 W chromium: [WARNING:compositor_view.cc(315)] Child process died (type=6) pid=12721)
10-30 02:19:58.931   600  3507 D ActivityManager: cleanUpApplicationRecord -- 12866
10-30 02:19:58.958 12520 12520 W chromium: [WARNING:compositor_view.cc(315)] Child process died (type=6) pid=12866)
10-30 02:19:59.036   600 17381 D ActivityManager: cleanUpApplicationRecord -- 12655
10-30 02:19:59.079 12520 12520 W chromium: [WARNING:compositor_view.cc(315)] Child process died (type=6) pid=12655)
10-30 02:19:59.091   600  6312 D ActivityManager: cleanUpApplicationRecord -- 13044
10-30 02:19:59.104 12520 12520 W chromium: [WARNING:compositor_view.cc(315)] Child process died (type=6) pid=13044)
10-30 02:19:59.177 11473 11990 E native  : document-store.cc:1328 Failed to update per-doc-data with usage report
10-30 02:19:59.228 11473 11990 I Icing   : Usage reports ok 1, Failed Usage reports 1, indexed 0, rejected 0
10-30 02:19:59.228 11473 11990 I Icing   : Removing corpus key com.android.chrome-omnibox for package com.android.chrome
10-30 02:19:59.371 12520 12571 W InstanceID: Instance ID SDK is deprecated, com.android.chrome should update to use Firebase Instance ID
10-30 02:19:59.797   787 28597 W Icing   : isOptedInForAppHistory: empty Account Name encountered
10-30 02:19:59.811   787 28597 W Icing   : isOptedInForAppHistory: empty Account Name encountered
10-30 02:19:59.918   787 11200 W Icing   : isOptedInForAppHistory: empty Account Name encountered
10-30 02:20:00.300 12520 12575 I cr_omaha: Request to Server Successful. Timestamp for next request:1667092800300
10-30 02:20:00.664   600 13631 W ActivityManager: Slow operation: 98ms so far, now at getContentProviderImpl: after updateOomAdj
10-30 02:20:00.664   600 13631 W ActivityManager: Slow operation: 98ms so far, now at getContentProviderImpl: done!
10-30 02:20:00.716 12520 12520 I cr_tabmodel: Appending tabs being restored to metadata lists, 0, startingNormalCount: 2, startingIncognitoCount: 0
10-30 02:20:00.716 12520 12520 I cr_tabmodel: Serializing tab lists; counts: 2, 0
10-30 02:20:00.729 12520 12575 I cr_omaha: Request to Server Successful. Timestamp for next request:1667092800729
10-30 02:20:00.729 12520 12575 I cr_omaha: Attempting to schedule next job for: Sun Oct 30 06:20:00 GMT+01:00 2022
10-30 02:20:00.732 12520 12520 I cr_omaha: Scheduled using JobService
10-30 02:20:00.732 12520 12520 E cr_BkgrdTaskJS: Tried finishing non-current BackgroundTask.
10-30 02:20:00.971 12520 12520 I cr_tabmodel: Appending tabs being restored to metadata lists, 0, startingNormalCount: 2, startingIncognitoCount: 0
10-30 02:20:00.971 12520 12520 I cr_tabmodel: Serializing tab lists; counts: 2, 0
10-30 02:20:01.118 12520 12520 E cr_BTSPrefs: No data found for task id: 53
10-30 02:20:01.118 12520 12520 E cr_BkgrdTaskScheduler: Task cannot be canceled because no data was found instorage or data was invalid
10-30 02:20:02.097 12520 12520 V MediaRouter: Adding route: RouteInfo{ name=Tablet, description=null, status=null, category=RouteCategory{ name=null types=ROUTE_TYPE_LIVE_AUDIO ROUTE_TYPE_LIVE_VIDEO  groupable=false }, supportedTypes=ROUTE_TYPE_LIVE_AUDIO ROUTE_TYPE_LIVE_VIDEO , presentationDisplay=null }
10-30 02:20:02.108 12520 12520 V MediaRouter: Updating audio routes: AudioRoutesInfo{ type=SPEAKER }
10-30 02:20:02.111 12520 12520 V MediaRouter: Selecting route: RouteInfo{ name=Tablet, description=null, status=null, category=RouteCategory{ name=null types=ROUTE_TYPE_LIVE_AUDIO ROUTE_TYPE_LIVE_VIDEO  groupable=false }, supportedTypes=ROUTE_TYPE_LIVE_AUDIO ROUTE_TYPE_LIVE_VIDEO , presentationDisplay=null }
10-30 02:20:02.130 12520 12520 I MediaRouter: Found default route: MediaRouter.RouteInfo{ uniqueId=android/Qf:DEFAULT_ROUTE, name=Tablet, description=null, iconUri=null, enabled=true, connecting=false, connectionState=0, canDisconnect=false, playbackType=0, playbackStream=3, deviceType=0, volumeHandling=1, volume=0, volumeMax=15, presentationDisplayId=-1, extras=null, settingsIntent=null, providerPackageName=android }
10-30 02:20:02.130 12520 12520 I MediaRouter: Unselecting the current route because it is no longer selectable: null
10-30 02:20:02.153 12520 12520 V MediaRouter: Selecting route: RouteInfo{ name=Tablet, description=null, status=null, category=RouteCategory{ name=null types=ROUTE_TYPE_LIVE_AUDIO ROUTE_TYPE_LIVE_VIDEO  groupable=false }, supportedTypes=ROUTE_TYPE_LIVE_AUDIO ROUTE_TYPE_LIVE_VIDEO , presentationDisplay=null }
10-30 02:20:02.471 12583 12606 W VideoCapabilities: Unrecognized level 0 for video/x-vnd.on2.vp8
10-30 02:20:02.482 12583 12606 I VideoCapabilities: Unsupported profile 4 for video/mp4v-es
10-30 02:20:02.485 12583 12606 W cr_MediaCodecUtil: HW encoder for video/avc is not available on this device.
10-30 02:20:02.497 12583 13078 W VideoCapabilities: Unrecognized level 0 for video/x-vnd.on2.vp8
10-30 02:20:02.507 12583 13078 I VideoCapabilities: Unsupported profile 4 for video/mp4v-es
10-30 02:20:02.642 12583 12597 E chromium: [ERROR:gles2_cmd_decoder.cc(7062)] [.RendererMainThread-0xd4e54100]GL ERROR :GL_INVALID_OPERATION : glGetIntegerv: incomplete framebuffer
10-30 02:20:02.642 12583 12597 E chromium: [ERROR:gles2_cmd_decoder.cc(7062)] [.RendererMainThread-0xd4e54100]GL ERROR :GL_INVALID_OPERATION : glGetIntegerv: incomplete framebuffer
10-30 02:20:02.644 12583 12597 E chromium: [ERROR:gles2_cmd_decoder.cc(7062)] [.RendererMainThread-0xd4e54100]GL ERROR :GL_INVALID_OPERATION : glGetIntegerv: incomplete framebuffer
10-30 02:20:02.644 12583 12597 E chromium: [ERROR:gles2_cmd_decoder.cc(7062)] [.RendererMainThread-0xd4e54100]GL ERROR :GL_INVALID_OPERATION : glGetIntegerv: incomplete framebuffer
10-30 02:20:02.682 12583 12597 E chromium: [ERROR:gles2_cmd_decoder.cc(4968)] [.RendererMainThread-0xd4e54100]GL ERROR :GL_INVALID_FRAMEBUFFER_OPERATION : glClear: framebuffer incomplete
10-30 02:20:02.706 11473 13076 I CastDatabase: Opening the database
10-30 02:20:02.798 11473 13076 I SQLiteCastStore: 2 CastNetworkInfo instances loaded, 1 CastDeviceInfo instances loaded, 0 paired guest mode devices loaded.
10-30 02:20:02.804 11473 11473 I CastSocket: 25 >= 18. Adding new CastClientAuthKeyManager. [CONTEXT service_id=161 ]
10-30 02:20:02.823   600   647 I WifiHAL : Got channel list with 13 channels
10-30 02:20:02.823   600   647 I WifiHAL : Got channel list with 4 channels
10-30 02:20:02.824   600   647 I WifiHAL : Got channel list with 15 channels
10-30 02:20:02.848 11473 11473 I DiscoveryManager: WifiGuestModeDeviceScanner enabled.
10-30 02:20:02.850   600   619 D BluetoothManagerService: Message: 20
10-30 02:20:02.850   600   619 D BluetoothManagerService: Added callback: android.bluetooth.IBluetoothManagerCallback$Stub$Proxy@3beb8d4:true
10-30 02:20:03.059 11473 12086 I DiscoveryManager: Filter criteria(37F83649) scannerFlags(0)
10-30 02:20:03.069 11473 11990 I native  : document-store.cc:1654 Scored 1558 usage reports, missing_corpora 815 update_failed 1
10-30 02:20:03.087 11473 12086 I CastDatabase: CastDeviceInfo created: V_44086b5d-1595-4bd1-bf49-949dedb63025
10-30 02:20:03.088 11473 12086 W GuestModeDeviceProber: setFilterCriteria
10-30 02:20:03.164   245   269 D MediaBufferGroup: creating MemoryDealer
10-30 02:20:03.165   246 13086 D NuPlayerDriver: notifyListener_l(0xf0220b40), (1, 0, 0), loop setting(0, 0)
10-30 02:20:03.165 12520 12520 D MediaPlayer: setSubtitleAnchor in MediaPlayer
10-30 02:20:03.231 12520 12520 W MediaPlayer: Couldn't open https://vod.video-cdn.net/F-TUvd9pk8UYjAqC7mYdAm/4312z8mUGRLb5UPsLza27-.aaa,828,596,1656,2356,.mp4.csmil/master.m3u8?set-cc-attribute=cc&hdnea=exp=1667089800~acl=/F-TUvd9pk8UYjAqC7mYdAm/4312z8mUGRLb5UPsLza27-.aaa,828,596,1656,2356,.mp4.csmil/*~hmac=bb6bd1686fdf04f212897e8976e512ebcc4117c1485ed7901b05427955fbcbbd: java.io.FileNotFoundException: No content provider: https://vod.video-cdn.net/F-TUvd9pk8UYjAqC7mYdAm/4312z8mUGRLb5UPsLza27-.aaa,828,596,1656,2356,.mp4.csmil/master.m3u8?set-cc-attribute=cc&hdnea=exp=1667089800~acl=/F-TUvd9pk8UYjAqC7mYdAm/4312z8mUGRLb5UPsLza27-.aaa,828,596,1656,2356,.mp4.csmil/*~hmac=bb6bd1686fdf04f212897e8976e512ebcc4117c1485ed7901b05427955fbcbbd
10-30 02:20:03.241   246 13089 D NuPlayer: onSetVideoSurface(0xeb67f800, no video decoder)
10-30 02:20:03.241   246 13090 I LiveSession: onConnect https://<suppressed>
10-30 02:20:03.357 11473 12086 E DeviceScanner: [BLE] Failed to start scan because the Bluetooth is disabled.
10-30 02:20:03.358 11473 12086 W DatabaseProcessor: processLocalDevices: failed to get the network info with non-null bssid.
10-30 02:20:03.361 11473 12086 W DatabaseProcessor: processLocalDevices: failed to get the network info with non-null bssid.
10-30 02:20:03.373 11473 12086 E DeviceScanner: [BLE] Failed to start scan because the Bluetooth is disabled.
10-30 02:20:03.373 11473 12086 W DatabaseProcessor: processLocalDevices: failed to get the network info with non-null bssid.
10-30 02:20:03.373 11473 12086 W DatabaseProcessor: processLocalDevices: failed to get the network info with non-null bssid.
10-30 02:20:03.395   246 13090 I LiveSession: #### Starting Bandwidth Switch: -1 => 0
10-30 02:20:03.424 11473 11990 W Icing   : No valid account for uploading user actions
10-30 02:20:03.590   246 13091 I ESQueue : found something resembling an H.264/MPEG syncword at offset 1
10-30 02:20:03.590   246 13091 I avc_utils: found AVC codec config (512 x 288, Baseline-profile level 2.1)
10-30 02:20:03.590   246 13091 I ESQueue : found AAC codec config (44100 Hz, 1 channels)
10-30 02:20:03.604 11473 11990 I Icing   : Usage reports ok 1, Failed Usage reports 0, indexed 1, rejected 0
10-30 02:20:03.605 11473 11990 W Icing   : No valid account for uploading user actions
10-30 02:20:03.612 11473 11990 I Icing   : Usage reports ok 0, Failed Usage reports 0, indexed 0, rejected 0
10-30 02:20:03.612 11473 11990 I Icing   : Indexing com.android.chrome-omnibox from com.android.chrome
10-30 02:20:03.674 11473 11990 I Icing   : Indexing done com.android.chrome-omnibox
10-30 02:20:04.291   246 13091 I ATSParser: discontinuity on stream pid 0x0100
10-30 02:20:04.293   246 13091 I ATSParser: discontinuity on stream pid 0x0101
10-30 02:20:04.396   246 13089 D NuPlayerDriver: notifyListener_l(0xf0220c60), (3, 5, 0), loop setting(0, 0)
10-30 02:20:04.397   246 13089 D NuPlayerDriver: notifyListener_l(0xf0220c60), (5, 512, 288), loop setting(0, 0)
10-30 02:20:04.397   246 13089 D NuPlayerDriver: notifyListener_l(0xf0220c60), (1, 0, 0), loop setting(0, 0)
10-30 02:20:04.402 12520 12520 D MediaPlayer: setSubtitleAnchor in MediaPlayer
10-30 02:20:04.417 12520 12520 D MediaPlayer: getMetadata
10-30 02:20:04.424   246  9471 D NuPlayerDriver: seekTo(0xf0220c60) 0 ms at state 4
10-30 02:20:04.424   246  9471 D NuPlayerDriver: notifyListener_l(0xf0220c60), (7, 0, 0), loop setting(0, 0)
10-30 02:20:04.428   246 13089 W NuPlayer: source has video meta but not file meta
10-30 02:20:04.428   246 13089 D NuPlayerDriver: notifyListener_l(0xf0220c60), (4, 0, 0), loop setting(0, 0)
10-30 02:20:04.429   246 13089 W NuPlayer: source has video meta but not file meta
10-30 02:20:04.431   246 13089 W NuPlayer: source has video meta but not file meta
10-30 02:20:04.439   246 13103 I MediaPlayerService: MediaPlayerService::getOMX
10-30 02:20:04.441   246 13103 I OMXClient: MuxOMX ctor
10-30 02:20:04.442   246 13104 I MediaPlayerService: MediaPlayerService::getOMX
10-30 02:20:04.442   246 13104 I OMXClient: MuxOMX ctor
10-30 02:20:04.446   243  7993 I OMXMaster: makeComponentInstance(OMX.google.aac.decoder) in mediacodec process
10-30 02:20:04.518   243   951 I OMXMaster: makeComponentInstance(OMX.Nvidia.h264.decode) in mediacodec process
10-30 02:20:04.523   246 13101 I MediaCodec: [OMX.Nvidia.h264.decode] setting surface generation to 251926
10-30 02:20:04.525   243   905 E OMXNodeInstance: setConfig(f3006e:google.aac.decoder, ConfigPriority(0x6f800002)) ERROR: Undefined(0x80001001)
10-30 02:20:04.525   246 13103 I ACodec  : codec does not support config priority (err -2147483648)
10-30 02:20:04.526   246 13103 I MediaCodec: MediaCodec will operate in async mode
10-30 02:20:04.528   243   951 E OMXNodeInstance: getConfig(f3006f:Nvidia.h264.decode, ConfigCommonOutputCrop(0x700000f)) ERROR: BadParameter(0x80001005)
10-30 02:20:04.530   246 13101 I MediaCodec: MediaCodec will operate in async mode
10-30 02:20:04.534   246 13104 D SurfaceUtils: set up nativeWindow 0xeb67f808 for 512x288, color 0x106, rotation 0, usage 0x2b00
10-30 02:20:04.535   243 13105 I SoftAAC2: Reconfiguring decoder: 0->44100 Hz, 0->1 channels
10-30 02:20:04.539   243 13107 D NvOsDebugPrintf: NvMMLiteOpen : Block : BlockType = 261 
10-30 02:20:04.541   243 13107 D NvOsDebugPrintf: TVMR: NvMMLiteTVMRDecBlockOpen: 5008: NvMMLiteBlockOpen 
10-30 02:20:04.545   243 13107 D NvOsDebugPrintf: NvMMLiteBlockCreate : Block : BlockType = 261 
10-30 02:20:04.545   246 13099 D AudioTrack: Client defaulted notificationFrames to 7407 for frameCount 22221
10-30 02:20:04.557   243 13110 D NvOsDebugPrintf: TVMR: cbBeginSequence: 655: BeginSequence  512x288, bVPR = 0
10-30 02:20:04.557   243 13110 D NvOsDebugPrintf: TVMR: cbBeginSequence: 918: DecodeBuffers = 3 
10-30 02:20:04.559   243 13110 D NvOsDebugPrintf: TVMR: cbBeginSequence: 938: Display Resolution : (512x288) 
10-30 02:20:04.559   243 13110 D NvOsDebugPrintf: TVMR: cbBeginSequence: 939: Display Aspect Ratio : (512x288) 
10-30 02:20:04.559   243 13110 D NvOsDebugPrintf: TVMR: cbBeginSequence: 1041: SurfaceLayout = 3
10-30 02:20:04.559   243 13110 D NvOsDebugPrintf: TVMR: cbBeginSequence: 1071: NumOfSurfaces = 7, InteraceStream = 0, InterlaceEnabled = 0, bSecure = 0, MVC = 0 Semiplanar = 1, bReinit = 1 
10-30 02:20:04.559   243 13110 D NvOsDebugPrintf: Allocating new output: 512x288 (x 9), ThumbnailMode = 0
10-30 02:20:04.563   246 13104 D SurfaceUtils: set up nativeWindow 0xeb67f808 for 512x288, color 0x106, rotation 0, usage 0x2b00
10-30 02:20:04.563   243 21682 E OMXNodeInstance: setParameter(f3006f:Nvidia.h264.decode, ParamPortDefinition(0x2000001)) ERROR: UnsupportedSetting(0x80001019)
10-30 02:20:04.563   246 13104 W ACodec  : [OMX.Nvidia.h264.decode] setting nBufferCountActual to 14 failed: -1010
10-30 02:20:04.563   243 21682 E OMXNodeInstance: setParameter(f3006f:Nvidia.h264.decode, ParamPortDefinition(0x2000001)) ERROR: UnsupportedSetting(0x80001019)
10-30 02:20:04.563   246 13104 W ACodec  : [OMX.Nvidia.h264.decode] setting nBufferCountActual to 13 failed: -1010
10-30 02:20:04.563   243 21682 E OMXNodeInstance: setParameter(f3006f:Nvidia.h264.decode, ParamPortDefinition(0x2000001)) ERROR: UnsupportedSetting(0x80001019)
10-30 02:20:04.563   246 13104 W ACodec  : [OMX.Nvidia.h264.decode] setting nBufferCountActual to 12 failed: -1010
10-30 02:20:04.583   246 13089 D NuPlayerDriver: notifyListener_l(0xf0220c60), (5, 512, 288), loop setting(0, 0)
10-30 02:20:05.396   246 13089 D NuPlayerDriver: notifyListener_l(0xf0220c60), (3, 5, 0), loop setting(0, 0)
10-30 02:20:05.574 12520 12520 E cr_BTSPrefs: No data found for task id: 57
10-30 02:20:05.574 12520 12520 E cr_BkgrdTaskScheduler: Task cannot be canceled because no data was found instorage or data was invalid
10-30 02:20:05.575 12520 12520 E cr_BTSPrefs: No data found for task id: 56
10-30 02:20:05.575 12520 12520 E cr_BkgrdTaskScheduler: Task cannot be canceled because no data was found instorage or data was invalid
10-30 02:20:06.175 11473 11990 W DatabaseProcessor: processLocalDevices: failed to get the network info with non-null bssid.
10-30 02:20:06.363 11473 11990 W AdaptiveDiscoveryWorker: Exiting Adaptive Discovery. Current NetworkInfo is NULL.
10-30 02:20:06.396   246 13089 D NuPlayerDriver: notifyListener_l(0xf0220c60), (3, 6, 0), loop setting(0, 0)
10-30 02:20:07.397   246 13089 D NuPlayerDriver: notifyListener_l(0xf0220c60), (3, 6, 0), loop setting(0, 0)
10-30 02:20:08.144   246 13091 I ATSParser: discontinuity on stream pid 0x0100
10-30 02:20:08.144   246 13091 I ATSParser: discontinuity on stream pid 0x0101
10-30 02:20:08.320   246 13091 I ATSParser: discontinuity on stream pid 0x0100
10-30 02:20:08.321   246 13091 I ATSParser: discontinuity on stream pid 0x0101
10-30 02:20:08.397   246 13090 I LiveSession: #### Starting Bandwidth Switch: 0 => 2
10-30 02:20:08.397   246 13089 D NuPlayerDriver: notifyListener_l(0xf0220c60), (3, 20, 0), loop setting(0, 0)
10-30 02:20:08.522   246 13091 I ESQueue : found something resembling an H.264/MPEG syncword at offset 1
10-30 02:20:08.542   246 13091 I avc_utils: found AVC codec config (854 x 480, Baseline-profile level 3.0) SAR 1280 : 1281
10-30 02:20:08.543   246 13091 I ESQueue : found AAC codec config (44100 Hz, 2 channels)
10-30 02:20:08.548   246 13090 I LiveSession: [timed_id3] i 0 UriIsSameAsIndex newUri false, https://vod.video-cdn.net/F-TUvd9pk8UYjAqC7mYdAm/4312z8mUGRLb5UPsLza27-.aaa,828,596,1656,2356,.mp4.csmil/chunklist_b1656000.m3u8?hdntl=exp=1667175603~acl=/*~data=hdntl~hmac=57391a79e70f8baca001dfd9d9d855b66c35d598e03bc5ed277c48ec1bac517a&set-cc-attribute=cc
10-30 02:20:08.548   246 13090 I LiveSession: [timed_id3] i 1 UriIsSameAsIndex newUri false, https://vod.video-cdn.net/F-TUvd9pk8UYjAqC7mYdAm/4312z8mUGRLb5UPsLza27-.aaa,828,596,1656,2356,.mp4.csmil/chunklist_b1656000.m3u8?hdntl=exp=1667175603~acl=/*~data=hdntl~hmac=57391a79e70f8baca001dfd9d9d855b66c35d598e03bc5ed277c48ec1bac517a&set-cc-attribute=cc
10-30 02:20:08.548   246 13090 I LiveSession: #### Finished Bandwidth Switch: 0 => 2
10-30 02:20:08.548   246 13089 D NuPlayerDriver: notifyListener_l(0xf0220c60), (3, 10, 0), loop setting(0, 0)
10-30 02:20:08.997   246 13091 I ATSParser: discontinuity on stream pid 0x0100
10-30 02:20:08.997   246 13091 I ATSParser: discontinuity on stream pid 0x0101
10-30 02:20:09.391   246 13091 I ATSParser: discontinuity on stream pid 0x0100
10-30 02:20:09.393   246 13091 I ATSParser: discontinuity on stream pid 0x0101
10-30 02:20:09.548   246 13090 I LiveSession: #### Starting Bandwidth Switch: 2 => 3
10-30 02:20:09.549   246 13089 D NuPlayerDriver: notifyListener_l(0xf0220c60), (3, 24, 0), loop setting(0, 0)
10-30 02:20:09.954   246 13091 I ESQueue : found something resembling an H.264/MPEG syncword at offset 1
10-30 02:20:09.957   246 13091 I avc_utils: found AVC codec config (1280 x 720, Baseline-profile level 3.1)
10-30 02:20:09.965   246 13091 I ESQueue : found AAC codec config (44100 Hz, 2 channels)
10-30 02:20:09.980   246 13090 I LiveSession: [timed_id3] i 0 UriIsSameAsIndex newUri false, https://vod.video-cdn.net/F-TUvd9pk8UYjAqC7mYdAm/4312z8mUGRLb5UPsLza27-.aaa,828,596,1656,2356,.mp4.csmil/chunklist_b2356000.m3u8?hdntl=exp=1667175603~acl=/*~data=hdntl~hmac=57391a79e70f8baca001dfd9d9d855b66c35d598e03bc5ed277c48ec1bac517a&set-cc-attribute=cc
10-30 02:20:09.980   246 13090 I LiveSession: [timed_id3] i 1 UriIsSameAsIndex newUri false, https://vod.video-cdn.net/F-TUvd9pk8UYjAqC7mYdAm/4312z8mUGRLb5UPsLza27-.aaa,828,596,1656,2356,.mp4.csmil/chunklist_b2356000.m3u8?hdntl=exp=1667175603~acl=/*~data=hdntl~hmac=57391a79e70f8baca001dfd9d9d855b66c35d598e03bc5ed277c48ec1bac517a&set-cc-attribute=cc
10-30 02:20:09.981   246 13090 I LiveSession: #### Finished Bandwidth Switch: 2 => 3
10-30 02:20:09.981   246 13089 D NuPlayerDriver: notifyListener_l(0xf0220c60), (3, 10, 0), loop setting(0, 0)
10-30 02:20:10.540   246 13091 I ATSParser: discontinuity on stream pid 0x0100
10-30 02:20:10.584   246 13091 I ATSParser: discontinuity on stream pid 0x0101
10-30 02:20:10.981   246 13089 D NuPlayerDriver: notifyListener_l(0xf0220c60), (3, 21, 0), loop setting(0, 0)
10-30 02:20:11.038   246 13091 I ATSParser: discontinuity on stream pid 0x0100
10-30 02:20:11.041   246 13091 I ATSParser: discontinuity on stream pid 0x0101
10-30 02:20:11.674   246 13091 I ATSParser: discontinuity on stream pid 0x0100
10-30 02:20:11.675   246 13091 I ATSParser: discontinuity on stream pid 0x0101
10-30 02:20:11.951 13119 13119 D AndroidRuntime: >>>>>> START com.android.internal.os.RuntimeInit uid 2000 <<<<<<
10-30 02:20:11.958 13119 13119 D AndroidRuntime: CheckJNI is OFF
10-30 02:20:11.981   246 13089 D NuPlayerDriver: notifyListener_l(0xf0220c60), (3, 32, 0), loop setting(0, 0)
10-30 02:20:12.005   246 13091 I ATSParser: discontinuity on stream pid 0x0100
10-30 02:20:12.043 13119 13119 D ICU     : No timezone override file found: /data/misc/zoneinfo/current/icu/icu_tzdata.dat
10-30 02:20:12.057   246 13091 I ATSParser: discontinuity on stream pid 0x0101
10-30 02:20:12.082 13119 13119 I Radio-JNI: register_android_hardware_Radio DONE
10-30 02:20:12.099 13119 13119 D AndroidRuntime: Calling main entry com.android.commands.monkey.Monkey
10-30 02:20:12.180   600   613 W BroadcastQueue: Skipping deliver [background] BroadcastRecord{44836e u-1 android.net.conn.CONNECTIVITY_CHANGE} to ReceiverList{24baa0f 13119 (unknown name)/2000/u-1 remote:12c0770}: process crashing
10-30 02:20:12.982   246 13089 D NuPlayerDriver: notifyListener_l(0xf0220c60), (3, 38, 0), loop setting(0, 0)
10-30 02:20:13.496 13119 13119 D MonkeyStub: translateCommand: wake
10-30 02:20:13.641 13119 13119 D MonkeyStub: translateCommand: tap 273 1877
10-30 02:20:13.982   246 13089 D NuPlayerDriver: notifyListener_l(0xf0220c60), (3, 38, 0), loop setting(0, 0)
10-30 02:20:14.982   246 13089 D NuPlayerDriver: notifyListener_l(0xf0220c60), (3, 38, 0), loop setting(0, 0)
10-30 02:20:15.983   246 13089 D NuPlayerDriver: notifyListener_l(0xf0220c60), (3, 38, 0), loop setting(0, 0)
10-30 02:20:16.983   246 13089 D NuPlayerDriver: notifyListener_l(0xf0220c60), (3, 38, 0), loop setting(0, 0)
10-30 02:20:17.984   246 13089 D NuPlayerDriver: notifyListener_l(0xf0220c60), (3, 38, 0), loop setting(0, 0)
10-30 02:20:18.368   246 13089 D NuPlayer: onSetVideoSurface(0x0, have video decoder)
10-30 02:20:18.386   243 13111 D NvOsDebugPrintf: TVMR: TVMRFrameDelivery: 3741: Closing TVMR Frame Delivery Thread -------------
10-30 02:20:18.390   243 13107 D NvOsDebugPrintf: TVMR: NvMMDecTVMRDestroyParser: 4224: NvAvpClose
10-30 02:20:18.391   243 13107 D NvOsDebugPrintf: TVMR: NvMMLiteTVMRDecBlockClose: 5163: Done 
10-30 02:20:18.399   246 13089 W AMessage: failed to post message as target looper for handler 0 is gone.
10-30 02:20:18.402   246 13102 I NuPlayerDecoder: [OMX.google.aac.decoder] resubmitting CSD
10-30 02:20:18.404   243 13105 I SoftAAC2: Initially configuring decoder: 44100 Hz, 1 channels
10-30 02:20:18.406   246   246 D NuPlayerDriver: reset(0xf0220c60) at state 4
10-30 02:20:18.406   246   246 D NuPlayerDriver: notifyListener_l(0xf0220c60), (8, 0, 0), loop setting(0, 0)
10-30 02:20:18.423   246 13089 W AMessage: failed to post message as target looper for handler 0 is gone.
10-30 02:20:18.425   246 13091 W AMessage: failed to deliver message as target handler 326 is gone.
10-30 02:20:18.432   246 13089 D NuPlayerDriver: notifyResetComplete(0xf0220c60)
10-30 02:20:18.848 13119 13119 D MonkeyStub: translateCommand: tap 1195 298
10-30 02:20:19.081   787  1259 E AsyncOperation: serviceID=121, operation=GetLaunchDataOperation [CONTEXT service_id=259 ]
10-30 02:20:19.081   787  1259 E AsyncOperation: OperationException[Status{statusCode=Not an instant app, resolution=null}]
10-30 02:20:19.081   787  1259 E AsyncOperation: 	at aeay.a(:com.google.android.gms@203915020@20.39.15 (040406-335085812):20)
10-30 02:20:19.081   787  1259 E AsyncOperation: 	at aain.run(:com.google.android.gms@203915020@20.39.15 (040406-335085812):7)
10-30 02:20:19.081   787  1259 E AsyncOperation: 	at boex.run(:com.google.android.gms@203915020@20.39.15 (040406-335085812):2)
10-30 02:20:19.081   787  1259 E AsyncOperation: 	at sup.b(:com.google.android.gms@203915020@20.39.15 (040406-335085812):12)
10-30 02:20:19.081   787  1259 E AsyncOperation: 	at sup.run(:com.google.android.gms@203915020@20.39.15 (040406-335085812):7)
10-30 02:20:19.081   787  1259 E AsyncOperation: 	at java.util.concurrent.ThreadPoolExecutor.runWorker(ThreadPoolExecutor.java:1133)
10-30 02:20:19.081   787  1259 E AsyncOperation: 	at java.util.concurrent.ThreadPoolExecutor$Worker.run(ThreadPoolExecutor.java:607)
10-30 02:20:19.081   787  1259 E AsyncOperation: 	at tam.run(:com.google.android.gms@203915020@20.39.15 (040406-335085812):0)
10-30 02:20:19.081   787  1259 E AsyncOperation: 	at java.lang.Thread.run(Thread.java:761)
10-30 02:20:19.283 11473 12086 I DiscoveryManager: Filter criteria(null) scannerFlags(0)
10-30 02:20:19.286 11473 12086 W GuestModeDeviceProber: setFilterCriteria
10-30 02:20:19.569   787  1714 W Icing   : isOptedInForAppHistory: empty Account Name encountered
10-30 02:20:19.584   787  1714 W Icing   : isOptedInForAppHistory: empty Account Name encountered
10-30 02:20:19.598   787 10388 W Icing   : isOptedInForAppHistory: empty Account Name encountered
10-30 02:20:19.767 12520 12520 I cr_tabmodel: Appending tabs being restored to metadata lists, 0, startingNormalCount: 2, startingIncognitoCount: 0
10-30 02:20:19.767 12520 12520 I cr_tabmodel: Serializing tab lists; counts: 2, 0
10-30 02:20:23.988 12520 12520 I cr_tabmodel: Appending tabs being restored to metadata lists, 0, startingNormalCount: 2, startingIncognitoCount: 0
10-30 02:20:23.988 12520 12520 I cr_tabmodel: Serializing tab lists; counts: 2, 0
10-30 02:20:24.161 12520 12520 I cr_tabmodel: Appending tabs being restored to metadata lists, 0, startingNormalCount: 2, startingIncognitoCount: 0
10-30 02:20:24.161 12520 12520 I cr_tabmodel: Serializing tab lists; counts: 2, 0
10-30 02:20:28.339 11473 11609 I Icing   : IndexChimeraService.getServiceInterface callingPackage=com.android.chrome componentName=null serviceId=36
10-30 02:20:28.373 11473 11990 W Icing   : No valid account for uploading user actions
10-30 02:20:28.396 11473 11609 I Icing   : IndexChimeraService.getServiceInterface callingPackage=com.google.android.gms componentName=null serviceId=30
10-30 02:20:28.446 11473 11990 I Icing   : Usage reports ok 1, Failed Usage reports 0, indexed 1, rejected 0
10-30 02:20:28.448 11473 11990 W Icing   : No valid account for uploading user actions
10-30 02:20:28.457 11473 11990 I Icing   : Usage reports ok 0, Failed Usage reports 0, indexed 0, rejected 0
10-30 02:20:28.459 11473 11990 I Icing   : Indexing com.android.chrome-omnibox from com.android.chrome
10-30 02:20:28.489 11473 12086 I Icing   : Indexing done com.android.chrome-omnibox
10-30 02:20:28.975 13119 13119 D MonkeyStub: translateCommand: touch down 614 1561
10-30 02:20:28.984 13119 13119 D MonkeyStub: translateCommand: touch move 614 1561
10-30 02:20:29.100 13119 13119 D MonkeyStub: translateCommand: touch move 614 1436
10-30 02:20:29.214 13119 13119 D MonkeyStub: translateCommand: touch move 614 1311
10-30 02:20:29.324 13119 13119 D MonkeyStub: translateCommand: touch move 614 1186
10-30 02:20:29.433 13119 13119 D MonkeyStub: translateCommand: touch move 614 1061
10-30 02:20:29.476   787 28589 W Icing   : isOptedInForAppHistory: empty Account Name encountered
10-30 02:20:29.489   787 10388 W Icing   : isOptedInForAppHistory: empty Account Name encountered
10-30 02:20:29.542 13119 13119 D MonkeyStub: translateCommand: touch move 614 937
10-30 02:20:29.653 13119 13119 D MonkeyStub: translateCommand: touch move 614 812
10-30 02:20:29.763 13119 13119 D MonkeyStub: translateCommand: touch move 614 687
10-30 02:20:29.874 13119 13119 D MonkeyStub: translateCommand: touch move 614 562
10-30 02:20:29.985 13119 13119 D MonkeyStub: translateCommand: touch move 614 437
10-30 02:20:30.093 13119 13119 D MonkeyStub: translateCommand: touch move 614 312
10-30 02:20:30.097 13119 13119 D MonkeyStub: translateCommand: touch up 614 312
10-30 02:20:30.127 13119 13119 D MonkeyStub: translateCommand: touch down 614 1561
10-30 02:20:30.132 13119 13119 D MonkeyStub: translateCommand: touch move 614 1561
10-30 02:20:30.245 13119 13119 D MonkeyStub: translateCommand: touch move 614 1436
10-30 02:20:30.351 13119 13119 D MonkeyStub: translateCommand: touch move 614 1311
10-30 02:20:30.484 13119 13119 D MonkeyStub: translateCommand: touch move 614 1186
10-30 02:20:30.589 13119 13119 D MonkeyStub: translateCommand: touch move 614 1061
10-30 02:20:30.699 13119 13119 D MonkeyStub: translateCommand: touch move 614 937
10-30 02:20:30.813 13119 13119 D MonkeyStub: translateCommand: touch move 614 812
10-30 02:20:30.917 13119 13119 D MonkeyStub: translateCommand: touch move 614 687
10-30 02:20:31.028 13119 13119 D MonkeyStub: translateCommand: touch move 614 562
10-30 02:20:31.138 13119 13119 D MonkeyStub: translateCommand: touch move 614 437
10-30 02:20:31.257 13119 13119 D MonkeyStub: translateCommand: touch move 614 312
10-30 02:20:31.261 13119 13119 D MonkeyStub: translateCommand: touch up 614 312
10-30 02:20:34.296 13119 13119 D MonkeyStub: translateCommand: touch down 614 312
10-30 02:20:34.310 13119 13119 D MonkeyStub: translateCommand: touch move 614 312
10-30 02:20:34.419 13119 13119 D MonkeyStub: translateCommand: touch move 614 437
10-30 02:20:34.534 13119 13119 D MonkeyStub: translateCommand: touch move 614 562
10-30 02:20:34.644 13119 13119 D MonkeyStub: translateCommand: touch move 614 687
10-30 02:20:34.752 13119 13119 D MonkeyStub: translateCommand: touch move 614 812
10-30 02:20:34.883 13119 13119 D MonkeyStub: translateCommand: touch move 614 937
10-30 02:20:34.991 13119 13119 D MonkeyStub: translateCommand: touch move 614 1061
10-30 02:20:35.098 13119 13119 D MonkeyStub: translateCommand: touch move 614 1186
10-30 02:20:35.210 13119 13119 D MonkeyStub: translateCommand: touch move 614 1311
10-30 02:20:35.318 13119 13119 D MonkeyStub: translateCommand: touch move 614 1436
10-30 02:20:35.422 13119 13119 D MonkeyStub: translateCommand: touch move 614 1561
10-30 02:20:35.429 13119 13119 D MonkeyStub: translateCommand: touch up 614 1561
10-30 02:20:35.452 13119 13119 D MonkeyStub: translateCommand: touch down 614 312
10-30 02:20:35.459 13119 13119 D MonkeyStub: translateCommand: touch move 614 312
10-30 02:20:35.564 13119 13119 D MonkeyStub: translateCommand: touch move 614 437
10-30 02:20:35.673 13119 13119 D MonkeyStub: translateCommand: touch move 614 562
10-30 02:20:35.784 13119 13119 D MonkeyStub: translateCommand: touch move 614 687
10-30 02:20:35.893 13119 13119 D MonkeyStub: translateCommand: touch move 614 812
10-30 02:20:35.996 13119 13119 D MonkeyStub: translateCommand: touch move 614 937
10-30 02:20:36.100 13119 13119 D MonkeyStub: translateCommand: touch move 614 1061
10-30 02:20:36.225 13119 13119 D MonkeyStub: translateCommand: touch move 614 1186
10-30 02:20:36.253   600   610 I ActivityManager: Start proc 13178:com.android.chrome:sandboxed_process22/u0i343 for service com.android.chrome/org.chromium.content.app.SandboxedProcessService22
10-30 02:20:36.300 13178 13178 W boxed_process22: type=1400 audit(0.0:3796): avc: denied { getattr } for path="/data/data/com.android.chrome" dev="dm-2" ino=12190 scontext=u:r:isolated_app:s0:c512,c768 tcontext=u:object_r:app_data_file:s0:c512,c768 tclass=dir permissive=0
10-30 02:20:36.324 13178 13178 I cr_ChildProcessService: Creating new ChildProcessService pid=13178
10-30 02:20:36.334 13119 13119 D MonkeyStub: translateCommand: touch move 614 1311
10-30 02:20:36.392 13178 13191 I cr_LibraryLoader: Loaded native library version number "85.0.4183.127"
10-30 02:20:36.392 13178 13191 I cr_CachingUmaRecorder: Flushed 1 samples from 1 histograms.
10-30 02:20:36.410 13191 13191 W CrUtilityMain: type=1400 audit(0.0:3797): avc: denied { setattr } for name="LICENSE.txt" dev="dm-2" ino=22428 scontext=u:r:isolated_app:s0:c512,c768 tcontext=u:object_r:app_data_file:s0:c512,c768 tclass=file permissive=0
10-30 02:20:36.414 13191 13191 W CrUtilityMain: type=1400 audit(0.0:3798): avc: denied { setattr } for name=46696C746572696E672052756C6573 dev="dm-2" ino=22746 scontext=u:r:isolated_app:s0:c512,c768 tcontext=u:object_r:app_data_file:s0:c512,c768 tclass=file permissive=0
10-30 02:20:36.420 13191 13191 W CrUtilityMain: type=1400 audit(0.0:3799): avc: denied { setattr } for name="manifest.json" dev="dm-2" ino=22602 scontext=u:r:isolated_app:s0:c512,c768 tcontext=u:object_r:app_data_file:s0:c512,c768 tclass=file permissive=0
10-30 02:20:36.420 13191 13191 W CrUtilityMain: type=1400 audit(0.0:3800): avc: denied { setattr } for name="verified_contents.json" dev="dm-2" ino=22827 scontext=u:r:isolated_app:s0:c512,c768 tcontext=u:object_r:app_data_file:s0:c512,c768 tclass=file permissive=0
10-30 02:20:36.432 13178 13178 I cr_ChildProcessService: Destroying ChildProcessService pid=13178
10-30 02:20:36.436 13178 13191 I chromium: [INFO:child_process_service.cc(69)] ChildProcessService: Exiting child process.
10-30 02:20:36.441 13119 13119 D MonkeyStub: translateCommand: touch move 614 1436
10-30 02:20:36.466   600   713 I ActivityManager: Process com.android.chrome:sandboxed_process22 (pid 13178) has died
10-30 02:20:36.466   600   713 D ActivityManager: cleanUpApplicationRecord -- 13178
10-30 02:20:36.488 12520 12520 W chromium: [WARNING:compositor_view.cc(315)] Child process died (type=6) pid=13178)
10-30 02:20:36.551 13119 13119 D MonkeyStub: translateCommand: touch move 614 1561
10-30 02:20:36.558 13119 13119 D MonkeyStub: translateCommand: touch up 614 1561
10-30 02:20:37.297   600   611 I ActivityManager: Start proc 13197:com.android.chrome:sandboxed_process23/u0i344 for service com.android.chrome/org.chromium.content.app.SandboxedProcessService23
10-30 02:20:37.330 13197 13197 W boxed_process23: type=1400 audit(0.0:3801): avc: denied { getattr } for path="/data/data/com.android.chrome" dev="dm-2" ino=12190 scontext=u:r:isolated_app:s0:c512,c768 tcontext=u:object_r:app_data_file:s0:c512,c768 tclass=dir permissive=0
10-30 02:20:37.358 13197 13197 I cr_ChildProcessService: Creating new ChildProcessService pid=13197
10-30 02:20:37.398 13197 13210 I cr_LibraryLoader: Loaded native library version number "85.0.4183.127"
10-30 02:20:37.398 13197 13210 I cr_CachingUmaRecorder: Flushed 1 samples from 1 histograms.
10-30 02:20:37.427 13210 13210 W CrUtilityMain: type=1400 audit(0.0:3802): avc: denied { setattr } for name="tl_en-us_2022-10-17_483521407_100000_index.bin" dev="dm-2" ino=22888 scontext=u:r:isolated_app:s0:c512,c768 tcontext=u:object_r:app_data_file:s0:c512,c768 tclass=file permissive=0
10-30 02:20:37.427 13210 13210 W CrUtilityMain: type=1400 audit(0.0:3803): avc: denied { setattr } for name="manifest.json" dev="dm-2" ino=23288 scontext=u:r:isolated_app:s0:c512,c768 tcontext=u:object_r:app_data_file:s0:c512,c768 tclass=file permissive=0
10-30 02:20:37.427 13210 13210 W CrUtilityMain: type=1400 audit(0.0:3804): avc: denied { setattr } for name="verified_contents.json" dev="dm-2" ino=23407 scontext=u:r:isolated_app:s0:c512,c768 tcontext=u:object_r:app_data_file:s0:c512,c768 tclass=file permissive=0
10-30 02:20:37.438 13197 13197 I cr_ChildProcessService: Destroying ChildProcessService pid=13197
10-30 02:20:37.439 13197 13210 I chromium: [INFO:child_process_service.cc(69)] ChildProcessService: Exiting child process.
10-30 02:20:37.462   600   610 I ActivityManager: Process com.android.chrome:sandboxed_process23 (pid 13197) has died
10-30 02:20:37.462   600   610 D ActivityManager: cleanUpApplicationRecord -- 13197
10-30 02:20:37.462 12520 12520 W chromium: [WARNING:compositor_view.cc(315)] Child process died (type=6) pid=13197)
10-30 02:20:37.876   198   198 E SELinux : avc:  denied  { find } for service=netd pid=13218 uid=2000 scontext=u:r:shell:s0 tcontext=u:object_r:netd_service:s0 tclass=service_manager permissive=0
10-30 02:20:37.879   198   198 E SELinux : avc:  denied  { find } for service=android.service.gatekeeper.IGateKeeperService pid=13218 uid=2000 scontext=u:r:shell:s0 tcontext=u:object_r:gatekeeper_service:s0 tclass=service_manager permissive=0
10-30 02:20:38.549   600  2707 I ActivityManager: Start proc 13219:com.android.chrome:sandboxed_process24/u0i345 for service com.android.chrome/org.chromium.content.app.SandboxedProcessService24
10-30 02:20:38.607 13219 13219 W boxed_process24: type=1400 audit(0.0:3805): avc: denied { getattr } for path="/data/data/com.android.chrome" dev="dm-2" ino=12190 scontext=u:r:isolated_app:s0:c512,c768 tcontext=u:object_r:app_data_file:s0:c512,c768 tclass=dir permissive=0
10-30 02:20:38.621 13119 13119 D MonkeyStub: translateCommand: tap 158 750
