10-29 20:05:56.419 10763 10763 I cr_ChildProcessService: Creating new ChildProcessService pid=10763
10-29 20:05:56.420 10333 10333 I TaskQueue:  - task [HEAD_RESET - d: true, b: 2]: 5
10-29 20:05:56.420 10333 10333 I TaskQueue:  - queueTask starting immediate task
10-29 20:05:56.425 10687 10788 I cr_LibraryLoader: Loaded native library version number "85.0.4183.127"
10-29 20:05:56.425 10687 10788 I cr_CachingUmaRecorder: Flushed 1 samples from 1 histograms.
10-29 20:05:56.444 10333 10389 I TaskQueue: Execute task [HEAD_RESET - d: true, b: 2]: 5
10-29 20:05:56.458 10333 10389 I TaskQueue:  - task [BACKGROUND - d: true, b: 2]: 23
10-29 20:05:56.459 10333 10389 W SessionCache: Persisted Sessions were not found
10-29 20:05:56.462   600 24515 I ActivityManager: START u0 {act=android.intent.action.VIEW dat=http://biomedcentral.com/... flg=0x10000000 cmp=com.android.chrome/com.google.android.apps.chrome.Main} from uid 2000 on display 0
10-29 20:05:56.466 10466 10466 D AndroidRuntime: Shutting down VM
10-29 20:05:56.484 10333 10389 I PersistentFeedStore: commitSessionMutation - Success true, Update Session $HEAD, stream structures 32
10-29 20:05:56.489 10721 10789 I cr_LibraryLoader: Loaded native library version number "85.0.4183.127"
10-29 20:05:56.490 10721 10789 I cr_CachingUmaRecorder: Flushed 1 samples from 1 histograms.
10-29 20:05:56.499 10333 10343 I art     : Background sticky concurrent mark sweep GC freed 41780(2MB) AllocSpace objects, 35(700KB) LOS objects, 22% free, 11MB/14MB, paused 520us total 126.623ms
10-29 20:05:56.538 10333 10389 I MainThreadRunner: Running task [SchedulerApiWrapper onReceiveNewContent] on the Main Thread
10-29 20:05:56.539 10333 10389 I MainThreadRunner: Running task [FeedKnownContentImpl onNewContentReceived] on the Main Thread
10-29 20:05:56.539 10333 10389 I SessionManagerMutation: Cleared Head, new creation time 10-29 20:05:56.459
10-29 20:05:56.539 10333 10389 I TimingUtils: Task Timing  95ms, thread background-1 | task : sessionMutation.commitTask:updateConsumer | mutations : 33 | userInitiated : false
10-29 20:05:56.540 10333 10389 I TaskQueue: Cancelling starvation checks
10-29 20:05:56.540 10333 10389 I TaskQueue:  - Finished 5, time 96 ms
10-29 20:05:56.540 10333 10389 I TaskQueue: Execute task [USER_FACING - d: false, b: 2]: 24
10-29 20:05:56.562 10333 10389 I TimeoutSessionImpl: TimeoutSession.populateModelProvider, shouldAppend false
10-29 20:05:56.562 10333 10389 I SessionImpl: PopulateModelProvider 32 items
10-29 20:05:56.570 10610 10610 W dex2oat : Compilation of java.lang.String androidx.core.graphics.drawable.IconCompat.toString() took 171.454ms
10-29 20:05:56.577 10333 10389 I FeedModelProvider: FeedModelProvider - committer, structure changes 31, update changes 0
10-29 20:05:56.578 10333 10389 I FeedModelProvider: SyntheticTokenTracker: 0, 11, 11, false
10-29 20:05:56.578 10333 10389 I FeedSessionManagerImpl: Caching getStreamFeatures - items 31, cache misses 0, cache size 31
10-29 20:05:56.578 10333 10389 I FeedModelProvider: Moving _session:99767b6d-8811-4a8b-b964-0b0e4ccf7c2a to READY
10-29 20:05:56.578 10333 10389 I MainThreadRunner: Running task [FeedModelProvider onSessionStart] on the Main Thread
10-29 20:05:56.579 10333 10389 I FeedModelProvider: ModelProvider Mutation committed - structure changes 31, childrenToBind 31, removedChildren false, Token false
10-29 20:05:56.580 10673 10787 I chromium: [INFO:child_process_service.cc(69)] ChildProcessService: Exiting child process.
10-29 20:05:56.588 10702 10790 I cr_LibraryLoader: Loaded native library version number "85.0.4183.127"
10-29 20:05:56.588 10702 10790 I cr_CachingUmaRecorder: Flushed 1 samples from 1 histograms.
10-29 20:05:56.593 10333 10333 E cr_IntentUtils: getInt failed on bundle null
10-29 20:05:56.599 10712 10794 I cr_LibraryLoader: Loaded native library version number "85.0.4183.127"
10-29 20:05:56.600 10712 10794 I cr_CachingUmaRecorder: Flushed 1 samples from 1 histograms.
10-29 20:05:56.601 10333 10389 I FeedSessionManagerImpl: Populate new session: _session:99767b6d-8811-4a8b-b964-0b0e4ccf7c2a, creation time 10-29 20:05:56.562
10-29 20:05:56.601 10333 10389 I TimingUtils: Task Timing  60ms, thread background-2 | task : Create/Populate New Session
10-29 20:05:56.601 10333 10389 I TaskQueue:  - Finished 24, time 61 ms
10-29 20:05:56.601 10333 10389 I TaskQueue: Execute task [BACKGROUND - d: false, b: 1]: 11
10-29 20:05:56.601 10333 10389 I ContentGc: Re-enqueuing triggerContentGc; attempts(0)
10-29 20:05:56.601 10333 10389 I TaskQueue:  - task [BACKGROUND - d: false, b: 1]: 11
10-29 20:05:56.601 10333 10389 I TaskQueue:  - Finished 11, time 0 ms
10-29 20:05:56.602 10333 10389 I TaskQueue: Execute task [BACKGROUND - d: false, b: 1]: 23
10-29 20:05:56.638 10687 10788 I chromium: [INFO:child_process_service.cc(69)] ChildProcessService: Exiting child process.
10-29 20:05:56.666 10610 10610 I dex2oat : dex2oat took 1.467s (threads: 2) arena alloc=1000KB (1024080B) java alloc=108KB (111072B) native alloc=560KB (573552B) free=1999KB (2047888B)
10-29 20:05:56.682 10661 10661 I cr_ChildProcessService: Destroying ChildProcessService pid=10661
10-29 20:05:56.688 10749 10800 I cr_LibraryLoader: Loaded native library version number "85.0.4183.127"
10-29 20:05:56.691 10333 10333 I cr_tabmodel: Appending tabs being restored to metadata lists, 0, startingNormalCount: 2, startingIncognitoCount: 0
10-29 20:05:56.691 10333 10333 I cr_tabmodel: Serializing tab lists; counts: 2, 0
10-29 20:05:56.699 10749 10800 I cr_CachingUmaRecorder: Flushed 1 samples from 1 histograms.
10-29 20:05:56.703 10721 10789 I chromium: [INFO:child_process_service.cc(69)] ChildProcessService: Exiting child process.
10-29 20:05:56.729 10702 10790 I chromium: [INFO:child_process_service.cc(69)] ChildProcessService: Exiting child process.
10-29 20:05:56.738 10673 10673 I cr_ChildProcessService: Destroying ChildProcessService pid=10673
10-29 20:05:56.739 10654 10654 I cr_ChildProcessService: Destroying ChildProcessService pid=10654
10-29 20:05:56.756 10763 10804 I cr_LibraryLoader: Loaded native library version number "85.0.4183.127"
10-29 20:05:56.758 10763 10804 I cr_CachingUmaRecorder: Flushed 1 samples from 1 histograms.
10-29 20:05:56.760   600  2707 W ActivityManager: Slow operation: 138ms so far, now at startProcess: returned from zygote!
10-29 20:05:56.760   600  2707 W ActivityManager: Slow operation: 138ms so far, now at startProcess: done updating battery stats
10-29 20:05:56.760   600  2707 W ActivityManager: Slow operation: 138ms so far, now at startProcess: building log message
10-29 20:05:56.760   600  2707 I ActivityManager: Start proc 10830:com.android.chrome:sandboxed_process20/u0i761 for service com.android.chrome/org.chromium.content.app.SandboxedProcessService20
10-29 20:05:56.760   600  2707 W ActivityManager: Slow operation: 138ms so far, now at startProcess: starting to update pids map
10-29 20:05:56.760   600  2707 W ActivityManager: Slow operation: 138ms so far, now at startProcess: done updating pids map
10-29 20:05:56.760   600  2707 W ActivityManager: Slow operation: 138ms so far, now at startProcess: done starting proc!
10-29 20:05:56.763   600 13631 I ActivityManager: Process com.android.chrome:sandboxed_process17 (pid 10721) has died
10-29 20:05:56.763   600 13631 D ActivityManager: cleanUpApplicationRecord -- 10721
10-29 20:05:56.763   600 13631 W ActivityManager: Scheduling restart of crashed service com.android.chrome/org.chromium.content.app.SandboxedProcessService17 in 1000ms
10-29 20:05:56.768   600 13631 I ActivityManager: Killing 10673:com.android.chrome:sandboxed_process13/u0a35i754 (adj 0): isolated not needed
10-29 20:05:56.768   600 13631 I ActivityManager: Killing 10654:com.android.chrome:sandboxed_process11/u0a35i752 (adj 0): isolated not needed
10-29 20:05:56.768   600 13631 I ActivityManager: Killing 10661:com.android.chrome:sandboxed_process12/u0a35i753 (adj 0): isolated not needed
10-29 20:05:56.768 10712 10794 I chromium: [INFO:child_process_service.cc(69)] ChildProcessService: Exiting child process.
10-29 20:05:56.770   600  3509 I ActivityManager: Process com.android.chrome:sandboxed_process15 (pid 10702) has died
10-29 20:05:56.770   600  3509 D ActivityManager: cleanUpApplicationRecord -- 10702
10-29 20:05:56.770   600  3509 W ActivityManager: Scheduling restart of crashed service com.android.chrome/org.chromium.content.app.SandboxedProcessService15 in 10992ms
10-29 20:05:56.771   600 24515 I ActivityManager: Process com.android.chrome:sandboxed_process14 (pid 10687) has died
10-29 20:05:56.771   600 24515 D ActivityManager: cleanUpApplicationRecord -- 10687
10-29 20:05:56.771   600 24515 W ActivityManager: Scheduling restart of crashed service com.android.chrome/org.chromium.content.app.SandboxedProcessService14 in 20992ms
10-29 20:05:56.781   197   197 E lowmemorykiller: Error writing /proc/10712/oom_score_adj; errno=22
10-29 20:05:56.797 10333 10389 I TimingUtils: Task Timing 195ms, thread background-3 | task : commitContentMutation | mutations : 32
10-29 20:05:56.798 10333 10389 I TimingUtils: Task Timing   0ms, thread background-4 | task : commitSemanticPropertiesMutation | mutations : 0
10-29 20:05:56.798 10333 10389 I TaskQueue:  - Finished 23, time 196 ms
10-29 20:05:56.798 10333 10389 I TaskQueue: Execute task [BACKGROUND - d: false, b: 0]: 11
10-29 20:05:56.799 10333 10389 I SessionCache: Determining accessible content
10-29 20:05:56.808 10333 10389 I TimingUtils: Task Timing   9ms, thread background-5 | task : ContentGc | contentItemsRemoved : 0
10-29 20:05:56.808 10333 10389 I TaskQueue:  - Finished 11, time 9 ms
10-29 20:05:56.842   600  3994 I ActivityManager: Killing 10749:com.android.chrome:sandboxed_process18/u0a35i759 (adj 0): isolated not needed
10-29 20:05:56.842   600  3994 I ActivityManager: Killing 10712:com.android.chrome:sandboxed_process16/u0a35i757 (adj 0): isolated not needed
10-29 20:05:56.854 10333 10333 W chromium: [WARNING:compositor_view.cc(315)] Child process died (type=6) pid=10721)
10-29 20:05:56.854 10333 10333 W chromium: [WARNING:compositor_view.cc(315)] Child process died (type=6) pid=10702)
10-29 20:05:56.855 10333 10333 W chromium: [WARNING:compositor_view.cc(315)] Child process died (type=6) pid=10687)
10-29 20:05:56.856 10763 10804 I chromium: [INFO:child_process_service.cc(69)] ChildProcessService: Exiting child process.
10-29 20:05:56.860   197   197 E lowmemorykiller: Error writing /proc/10763/oom_score_adj; errno=22
10-29 20:05:56.864   600  1081 D ActivityManager: cleanUpApplicationRecord -- 10712
10-29 20:05:56.865   600  1081 I ActivityManager: Killing 10763:com.android.chrome:sandboxed_process19/u0a35i760 (adj 0): isolated not needed
10-29 20:05:56.881   600   713 D ActivityManager: cleanUpApplicationRecord -- 10763
10-29 20:05:56.918 10830 10830 W boxed_process20: type=1400 audit(0.0:2712): avc: denied { getattr } for path="/data/data/com.android.chrome" dev="dm-2" ino=12190 scontext=u:r:isolated_app:s0:c512,c768 tcontext=u:object_r:app_data_file:s0:c512,c768 tclass=dir permissive=0
10-29 20:05:56.919 10333 10333 W chromium: [WARNING:compositor_view.cc(315)] Child process died (type=6) pid=10712)
10-29 20:05:56.928 10333 10333 W chromium: [WARNING:compositor_view.cc(315)] Child process died (type=6) pid=10763)
10-29 20:05:56.970 10333 10333 I FeedModelProvider: No children found for Cursor
10-29 20:05:56.982 10830 10830 I cr_ChildProcessService: Creating new ChildProcessService pid=10830
10-29 20:05:57.011 10333 10343 I art     : Background partial concurrent mark sweep GC freed 17339(822KB) AllocSpace objects, 19(4MB) LOS objects, 39% free, 10MB/18MB, paused 337us total 121.021ms
10-29 20:05:57.093   600  2707 D ActivityManager: cleanUpApplicationRecord -- 10550
10-29 20:05:57.110 10333 10333 W chromium: [WARNING:compositor_view.cc(315)] Child process died (type=6) pid=10550)
10-29 20:05:57.159 10333 10394 W chromium: [WARNING:spdy_session.cc(3090)] Received RST for invalid stream1
10-29 20:05:57.171 10830 10847 I cr_LibraryLoader: Loaded native library version number "85.0.4183.127"
10-29 20:05:57.172 10830 10847 I cr_CachingUmaRecorder: Flushed 1 samples from 1 histograms.
10-29 20:05:57.277 10333 10544 I PlayCore: UID: [10035]  PID: [10333] SplitInstallService : Failed to bind to the service.
10-29 20:05:57.468   600  3509 D ActivityManager: cleanUpApplicationRecord -- 10513
10-29 20:05:57.485 10333 10333 W chromium: [WARNING:compositor_view.cc(315)] Child process died (type=6) pid=10513)
10-29 20:05:57.697   600 13631 D ActivityManager: cleanUpApplicationRecord -- 10485
10-29 20:05:57.698 10333 10333 W chromium: [WARNING:compositor_view.cc(315)] Child process died (type=6) pid=10485)
10-29 20:05:57.700 14919 28128 W Icing   : No valid account for uploading user actions
10-29 20:05:57.748   600   707 D ActivityManager: cleanUpApplicationRecord -- 10473
10-29 20:05:57.749 10333 10333 W chromium: [WARNING:compositor_view.cc(315)] Child process died (type=6) pid=10473)
10-29 20:05:57.768 10333 10333 W chromium: [WARNING:compositor_view.cc(315)] Child process died (type=6) pid=10478)
10-29 20:05:57.771 10333 10333 W chromium: [WARNING:compositor_view.cc(315)] Child process died (type=6) pid=10749)
10-29 20:05:57.773 10333 10333 W chromium: [WARNING:compositor_view.cc(315)] Child process died (type=6) pid=10661)
10-29 20:05:57.804 10333 10333 W chromium: [WARNING:compositor_view.cc(315)] Child process died (type=6) pid=10654)
10-29 20:05:57.806 10333 10333 W chromium: [WARNING:compositor_view.cc(315)] Child process died (type=6) pid=10673)
10-29 20:05:57.809   600  2707 D ActivityManager: cleanUpApplicationRecord -- 10749
10-29 20:05:57.813 14919 14965 I Icing   : IndexChimeraService.getServiceInterface callingPackage=com.google.android.gms componentName=null serviceId=30
10-29 20:05:57.816   600  1081 D ActivityManager: cleanUpApplicationRecord -- 10673
10-29 20:05:57.841   600 13631 D ActivityManager: cleanUpApplicationRecord -- 10654
10-29 20:05:57.841   600  3675 D ActivityManager: cleanUpApplicationRecord -- 10478
10-29 20:05:57.842   600 27731 D ActivityManager: cleanUpApplicationRecord -- 10661
10-29 20:05:57.904 14919 28128 E native  : document-store.cc:1328 Failed to update per-doc-data with usage report
10-29 20:05:58.370   787   805 W Icing   : isOptedInForAppHistory: empty Account Name encountered
10-29 20:05:58.396   787   805 W Icing   : isOptedInForAppHistory: empty Account Name encountered
10-29 20:05:58.508   787  6655 W Icing   : isOptedInForAppHistory: empty Account Name encountered
10-29 20:05:58.518 14919 28128 I Icing   : Usage reports ok 2, Failed Usage reports 1, indexed 0, rejected 0
10-29 20:05:58.520 14919 28128 W Icing   : No valid account for uploading user actions
10-29 20:05:58.709 14919 28128 I Icing   : Usage reports ok 1, Failed Usage reports 0, indexed 1, rejected 0
10-29 20:05:58.713 14919 28128 I Icing   : Removing corpus key com.android.chrome-omnibox for package com.android.chrome
10-29 20:05:58.755 14919 28128 I native  : flash-index.cc:1519 Flash index sort hb 4 prefix-hits 4 -> 4 at 17.501ms
10-29 20:05:58.816 10333 10390 I cr_omaha: Request to Server Successful. Timestamp for next request:1667070358816
10-29 20:05:58.851 10333 10390 I cr_omaha: Request to Server Successful. Timestamp for next request:1667070358851
10-29 20:05:58.851 10333 10390 I cr_omaha: Attempting to schedule next job for: Sun Oct 30 01:05:58 GMT+02:00 2022
10-29 20:05:58.854 10333 10333 I cr_omaha: Scheduled using JobService
10-29 20:05:58.855 10333 10333 E cr_BkgrdTaskJS: Tried finishing non-current BackgroundTask.
10-29 20:05:59.136 10333 10333 I cr_tabmodel: Appending tabs being restored to metadata lists, 0, startingNormalCount: 2, startingIncognitoCount: 0
10-29 20:05:59.136 10333 10333 I cr_tabmodel: Serializing tab lists; counts: 2, 0
10-29 20:05:59.212 10333 10333 E cr_BTSPrefs: No data found for task id: 53
10-29 20:05:59.212 10333 10333 E cr_BkgrdTaskScheduler: Task cannot be canceled because no data was found instorage or data was invalid
10-29 20:05:59.431 14919 28128 I native  : document-store.cc:1654 Scored 1479 usage reports, missing_corpora 0 update_failed 771
10-29 20:05:59.479 14919 28128 W Icing   : No valid account for uploading user actions
10-29 20:05:59.656 14919 28128 I Icing   : Usage reports ok 0, Failed Usage reports 0, indexed 0, rejected 0
10-29 20:05:59.657 14919 28128 I Icing   : Indexing com.android.chrome-omnibox from com.android.chrome
10-29 20:05:59.684 10333 10333 I cr_tabmodel: Appending tabs being restored to metadata lists, 0, startingNormalCount: 2, startingIncognitoCount: 0
10-29 20:05:59.684 10333 10333 I cr_tabmodel: Serializing tab lists; counts: 2, 0
10-29 20:05:59.822 14919 28128 I Icing   : Indexing done com.android.chrome-omnibox
10-29 20:06:00.007 14919 14929 W art     : Suspending all threads took: 12.893ms
10-29 20:06:00.015 14919 14929 I art     : Background sticky concurrent mark sweep GC freed 22384(1548KB) AllocSpace objects, 8(160KB) LOS objects, 22% free, 7MB/9MB, paused 13.807ms total 26.963ms
10-29 20:06:00.355 10333 10333 V MediaRouter: Adding route: RouteInfo{ name=Tablet, description=null, status=null, category=RouteCategory{ name=null types=ROUTE_TYPE_LIVE_AUDIO ROUTE_TYPE_LIVE_VIDEO  groupable=false }, supportedTypes=ROUTE_TYPE_LIVE_AUDIO ROUTE_TYPE_LIVE_VIDEO , presentationDisplay=null }
10-29 20:06:00.361 10333 10333 V MediaRouter: Updating audio routes: AudioRoutesInfo{ type=SPEAKER }
10-29 20:06:00.363 10333 10333 V MediaRouter: Selecting route: RouteInfo{ name=Tablet, description=null, status=null, category=RouteCategory{ name=null types=ROUTE_TYPE_LIVE_AUDIO ROUTE_TYPE_LIVE_VIDEO  groupable=false }, supportedTypes=ROUTE_TYPE_LIVE_AUDIO ROUTE_TYPE_LIVE_VIDEO , presentationDisplay=null }
10-29 20:06:00.376 10333 10333 I MediaRouter: Found default route: MediaRouter.RouteInfo{ uniqueId=android/Qf:DEFAULT_ROUTE, name=Tablet, description=null, iconUri=null, enabled=true, connecting=false, connectionState=0, canDisconnect=false, playbackType=0, playbackStream=3, deviceType=0, volumeHandling=1, volume=0, volumeMax=15, presentationDisplayId=-1, extras=null, settingsIntent=null, providerPackageName=android }
10-29 20:06:00.377 10333 10333 I MediaRouter: Unselecting the current route because it is no longer selectable: null
10-29 20:06:00.381 10333 10333 V MediaRouter: Selecting route: RouteInfo{ name=Tablet, description=null, status=null, category=RouteCategory{ name=null types=ROUTE_TYPE_LIVE_AUDIO ROUTE_TYPE_LIVE_VIDEO  groupable=false }, supportedTypes=ROUTE_TYPE_LIVE_AUDIO ROUTE_TYPE_LIVE_VIDEO , presentationDisplay=null }
10-29 20:06:00.592 10395 10419 W VideoCapabilities: Unrecognized level 0 for video/x-vnd.on2.vp8
10-29 20:06:00.604 10333 10388 W InstanceID: Instance ID SDK is deprecated, com.android.chrome should update to use Firebase Instance ID
10-29 20:06:00.614 14919 14960 I CastDatabase: Opening the database
10-29 20:06:00.619 14919 14919 I DiscoveryManager: WifiGuestModeDeviceScanner enabled.
10-29 20:06:00.619   600   647 I WifiHAL : Got channel list with 13 channels
10-29 20:06:00.620   600   647 I WifiHAL : Got channel list with 4 channels
10-29 20:06:00.623   600   647 I WifiHAL : Got channel list with 15 channels
10-29 20:06:00.629 10395 10419 I VideoCapabilities: Unsupported profile 4 for video/mp4v-es
10-29 20:06:00.633 10395 10419 W cr_MediaCodecUtil: HW encoder for video/avc is not available on this device.
10-29 20:06:00.660 10395 10868 W VideoCapabilities: Unrecognized level 0 for video/x-vnd.on2.vp8
10-29 20:06:00.676 10395 10868 I VideoCapabilities: Unsupported profile 4 for video/mp4v-es
10-29 20:06:00.746 14919 14960 I SQLiteCastStore: 2 CastNetworkInfo instances loaded, 1 CastDeviceInfo instances loaded, 0 paired guest mode devices loaded.
10-29 20:06:00.746 14919 14960 I DiscoveryManager: Filter criteria(37F83649) scannerFlags(0)
10-29 20:06:00.775 14919 14960 I CastDatabase: CastDeviceInfo created: V_e0728fc9-0bbe-4163-905f-d803ebf9a54b
10-29 20:06:00.775 14919 14960 W GuestModeDeviceProber: setFilterCriteria
10-29 20:06:00.894 14919 14960 E DeviceScanner: [BLE] Failed to start scan because the Bluetooth is disabled.
10-29 20:06:00.921 14919 14960 W DatabaseProcessor: processLocalDevices: failed to get the network info with non-null bssid.
10-29 20:06:00.930 14919 14960 W DatabaseProcessor: processLocalDevices: failed to get the network info with non-null bssid.
10-29 20:06:00.940   245   269 D MediaBufferGroup: creating MemoryDealer
10-29 20:06:00.940   246 10869 D NuPlayerDriver: notifyListener_l(0xf0220b40), (1, 0, 0), loop setting(0, 0)
10-29 20:06:00.941 10333 10333 D MediaPlayer: setSubtitleAnchor in MediaPlayer
10-29 20:06:00.944 14919 14960 E DeviceScanner: [BLE] Failed to start scan because the Bluetooth is disabled.
10-29 20:06:00.944 14919 14960 W DatabaseProcessor: processLocalDevices: failed to get the network info with non-null bssid.
10-29 20:06:00.944 14919 14960 W DatabaseProcessor: processLocalDevices: failed to get the network info with non-null bssid.
10-29 20:06:00.952 10333 10333 W MediaPlayer: Couldn't open https://vod.video-cdn.net/F-TUvd9pk8UYjAqC7mYdAm/4312z8mUGRLb5UPsLza27-.aaa,828,596,1656,2356,.mp4.csmil/master.m3u8?set-cc-attribute=cc&hdnea=exp=1667067358~acl=/F-TUvd9pk8UYjAqC7mYdAm/4312z8mUGRLb5UPsLza27-.aaa,828,596,1656,2356,.mp4.csmil/*~hmac=433e45ecfb4b0c1d3e35d84cce1d984caac13e601dea8bb4f6f1a1e3e37357b7: java.io.FileNotFoundException: No content provider: https://vod.video-cdn.net/F-TUvd9pk8UYjAqC7mYdAm/4312z8mUGRLb5UPsLza27-.aaa,828,596,1656,2356,.mp4.csmil/master.m3u8?set-cc-attribute=cc&hdnea=exp=1667067358~acl=/F-TUvd9pk8UYjAqC7mYdAm/4312z8mUGRLb5UPsLza27-.aaa,828,596,1656,2356,.mp4.csmil/*~hmac=433e45ecfb4b0c1d3e35d84cce1d984caac13e601dea8bb4f6f1a1e3e37357b7
10-29 20:06:00.961   246 10873 D NuPlayer: onSetVideoSurface(0xeb67f800, no video decoder)
10-29 20:06:00.962   246 10874 I LiveSession: onConnect https://<suppressed>
10-29 20:06:00.982 10395 10410 E chromium: [ERROR:gles2_cmd_decoder.cc(7062)] [.RendererMainThread-0xd4e5dd00]GL ERROR :GL_INVALID_OPERATION : glGetIntegerv: incomplete framebuffer
10-29 20:06:00.982 10395 10410 E chromium: [ERROR:gles2_cmd_decoder.cc(7062)] [.RendererMainThread-0xd4e5dd00]GL ERROR :GL_INVALID_OPERATION : glGetIntegerv: incomplete framebuffer
10-29 20:06:00.984 10395 10410 E chromium: [ERROR:gles2_cmd_decoder.cc(7062)] [.RendererMainThread-0xd4e5dd00]GL ERROR :GL_INVALID_OPERATION : glGetIntegerv: incomplete framebuffer
10-29 20:06:00.984 10395 10410 E chromium: [ERROR:gles2_cmd_decoder.cc(7062)] [.RendererMainThread-0xd4e5dd00]GL ERROR :GL_INVALID_OPERATION : glGetIntegerv: incomplete framebuffer
10-29 20:06:01.007 10395 10410 E chromium: [ERROR:gles2_cmd_decoder.cc(4968)] [.RendererMainThread-0xd4e5dd00]GL ERROR :GL_INVALID_FRAMEBUFFER_OPERATION : glClear: framebuffer incomplete
10-29 20:06:01.181   246 10874 I LiveSession: #### Starting Bandwidth Switch: -1 => 0
10-29 20:06:01.369   246 10875 I ESQueue : found something resembling an H.264/MPEG syncword at offset 1
10-29 20:06:01.370   246 10875 I avc_utils: found AVC codec config (512 x 288, Baseline-profile level 2.1)
10-29 20:06:01.370   246 10875 I ESQueue : found AAC codec config (44100 Hz, 1 channels)
10-29 20:06:02.107   246 10875 I ATSParser: discontinuity on stream pid 0x0100
10-29 20:06:02.113   246 10875 I ATSParser: discontinuity on stream pid 0x0101
10-29 20:06:02.182   246 10873 D NuPlayerDriver: notifyListener_l(0xf0220c60), (3, 5, 0), loop setting(0, 0)
10-29 20:06:02.183   246 10873 D NuPlayerDriver: notifyListener_l(0xf0220c60), (5, 512, 288), loop setting(0, 0)
10-29 20:06:02.184   246 10873 D NuPlayerDriver: notifyListener_l(0xf0220c60), (1, 0, 0), loop setting(0, 0)
10-29 20:06:02.184 10333 10333 D MediaPlayer: setSubtitleAnchor in MediaPlayer
10-29 20:06:02.191 10333 10333 D MediaPlayer: getMetadata
10-29 20:06:02.197   246   761 D NuPlayerDriver: seekTo(0xf0220c60) 0 ms at state 4
10-29 20:06:02.197   246   761 D NuPlayerDriver: notifyListener_l(0xf0220c60), (7, 0, 0), loop setting(0, 0)
10-29 20:06:02.198   246 10873 W NuPlayer: source has video meta but not file meta
10-29 20:06:02.198   246 10873 D NuPlayerDriver: notifyListener_l(0xf0220c60), (4, 0, 0), loop setting(0, 0)
10-29 20:06:02.198   246 10873 W NuPlayer: source has video meta but not file meta
10-29 20:06:02.199   246 10873 W NuPlayer: source has video meta but not file meta
10-29 20:06:02.200   246 10892 I MediaPlayerService: MediaPlayerService::getOMX
10-29 20:06:02.202   246 10892 I OMXClient: MuxOMX ctor
10-29 20:06:02.202   243   243 I OMXMaster: makeComponentInstance(OMX.Nvidia.h264.decode) in mediacodec process
10-29 20:06:02.203   246 10891 I MediaPlayerService: MediaPlayerService::getOMX
10-29 20:06:02.204   246 10891 I OMXClient: MuxOMX ctor
10-29 20:06:02.204   243   263 I OMXMaster: makeComponentInstance(OMX.google.aac.decoder) in mediacodec process
10-29 20:06:02.205   246 10889 I MediaCodec: [OMX.Nvidia.h264.decode] setting surface generation to 251919
10-29 20:06:02.227   243   951 E OMXNodeInstance: getConfig(f3005f:Nvidia.h264.decode, ConfigCommonOutputCrop(0x700000f)) ERROR: BadParameter(0x80001005)
10-29 20:06:02.230   246 10889 I MediaCodec: MediaCodec will operate in async mode
10-29 20:06:02.233   243 21682 E OMXNodeInstance: setConfig(f30060:google.aac.decoder, ConfigPriority(0x6f800002)) ERROR: Undefined(0x80001001)
10-29 20:06:02.233   246 10891 I ACodec  : codec does not support config priority (err -2147483648)
10-29 20:06:02.235   246 10891 I MediaCodec: MediaCodec will operate in async mode
10-29 20:06:02.238   246 10892 D SurfaceUtils: set up nativeWindow 0xeb67f808 for 512x288, color 0x106, rotation 0, usage 0x2b00
10-29 20:06:02.246   243 10893 D NvOsDebugPrintf: NvMMLiteOpen : Block : BlockType = 261 
10-29 20:06:02.246   243 10893 D NvOsDebugPrintf: TVMR: NvMMLiteTVMRDecBlockOpen: 5008: NvMMLiteBlockOpen 
10-29 20:06:02.247   243 10896 I SoftAAC2: Reconfiguring decoder: 0->44100 Hz, 0->1 channels
10-29 20:06:02.268   246 10887 D AudioTrack: Client defaulted notificationFrames to 7407 for frameCount 22221
10-29 20:06:02.270   243 10893 D NvOsDebugPrintf: NvMMLiteBlockCreate : Block : BlockType = 261 
10-29 20:06:02.286   243 10898 D NvOsDebugPrintf: TVMR: cbBeginSequence: 655: BeginSequence  512x288, bVPR = 0
10-29 20:06:02.286   243 10898 D NvOsDebugPrintf: TVMR: cbBeginSequence: 918: DecodeBuffers = 3 
10-29 20:06:02.289   243 10898 D NvOsDebugPrintf: TVMR: cbBeginSequence: 938: Display Resolution : (512x288) 
10-29 20:06:02.289   243 10898 D NvOsDebugPrintf: TVMR: cbBeginSequence: 939: Display Aspect Ratio : (512x288) 
10-29 20:06:02.289   243 10898 D NvOsDebugPrintf: TVMR: cbBeginSequence: 1041: SurfaceLayout = 3
10-29 20:06:02.289   243 10898 D NvOsDebugPrintf: TVMR: cbBeginSequence: 1071: NumOfSurfaces = 7, InteraceStream = 0, InterlaceEnabled = 0, bSecure = 0, MVC = 0 Semiplanar = 1, bReinit = 1 
10-29 20:06:02.289   243 10898 D NvOsDebugPrintf: Allocating new output: 512x288 (x 9), ThumbnailMode = 0
10-29 20:06:02.295   246 10892 D SurfaceUtils: set up nativeWindow 0xeb67f808 for 512x288, color 0x106, rotation 0, usage 0x2b00
10-29 20:06:02.295   243  7993 E OMXNodeInstance: setParameter(f3005f:Nvidia.h264.decode, ParamPortDefinition(0x2000001)) ERROR: UnsupportedSetting(0x80001019)
10-29 20:06:02.295   246 10892 W ACodec  : [OMX.Nvidia.h264.decode] setting nBufferCountActual to 14 failed: -1010
10-29 20:06:02.295   243   951 E OMXNodeInstance: setParameter(f3005f:Nvidia.h264.decode, ParamPortDefinition(0x2000001)) ERROR: UnsupportedSetting(0x80001019)
10-29 20:06:02.295   246 10892 W ACodec  : [OMX.Nvidia.h264.decode] setting nBufferCountActual to 13 failed: -1010
10-29 20:06:02.295   243   860 E OMXNodeInstance: setParameter(f3005f:Nvidia.h264.decode, ParamPortDefinition(0x2000001)) ERROR: UnsupportedSetting(0x80001019)
10-29 20:06:02.295   246 10892 W ACodec  : [OMX.Nvidia.h264.decode] setting nBufferCountActual to 12 failed: -1010
10-29 20:06:02.318   246 10873 D NuPlayerDriver: notifyListener_l(0xf0220c60), (5, 512, 288), loop setting(0, 0)
10-29 20:06:03.183   246 10873 D NuPlayerDriver: notifyListener_l(0xf0220c60), (3, 5, 0), loop setting(0, 0)
10-29 20:06:03.931 14919 18741 W AdaptiveDiscoveryWorker: Exiting Adaptive Discovery. Current NetworkInfo is NULL.
10-29 20:06:04.008 14919 18741 W DatabaseProcessor: processLocalDevices: failed to get the network info with non-null bssid.
10-29 20:06:04.134 10333 10333 E cr_BTSPrefs: No data found for task id: 57
10-29 20:06:04.134 10333 10333 E cr_BkgrdTaskScheduler: Task cannot be canceled because no data was found instorage or data was invalid
10-29 20:06:04.135 10333 10333 E cr_BTSPrefs: No data found for task id: 56
10-29 20:06:04.135 10333 10333 E cr_BkgrdTaskScheduler: Task cannot be canceled because no data was found instorage or data was invalid
10-29 20:06:04.183   246 10873 D NuPlayerDriver: notifyListener_l(0xf0220c60), (3, 6, 0), loop setting(0, 0)
10-29 20:06:04.515   246 10875 I ATSParser: discontinuity on stream pid 0x0100
10-29 20:06:04.516   246 10875 I ATSParser: discontinuity on stream pid 0x0101
10-29 20:06:04.665   246 10875 I ATSParser: discontinuity on stream pid 0x0100
10-29 20:06:04.665   246 10875 I ATSParser: discontinuity on stream pid 0x0101
10-29 20:06:04.815   246 10875 I ATSParser: discontinuity on stream pid 0x0100
10-29 20:06:04.815   246 10875 I ATSParser: discontinuity on stream pid 0x0101
10-29 20:06:05.045   246 10875 I ATSParser: discontinuity on stream pid 0x0100
10-29 20:06:05.046   246 10875 I ATSParser: discontinuity on stream pid 0x0101
10-29 20:06:05.183   246 10874 I LiveSession: #### Starting Bandwidth Switch: 0 => 3
10-29 20:06:05.183   246 10873 D NuPlayerDriver: notifyListener_l(0xf0220c60), (3, 33, 0), loop setting(0, 0)
10-29 20:06:05.224   246 10875 I ATSParser: discontinuity on stream pid 0x0100
10-29 20:06:05.226   246 10875 I ATSParser: discontinuity on stream pid 0x0101
10-29 20:06:05.629   246 10875 I ESQueue : found something resembling an H.264/MPEG syncword at offset 1
10-29 20:06:05.631   246 10875 I avc_utils: found AVC codec config (1280 x 720, Baseline-profile level 3.1)
10-29 20:06:05.649   246 10875 I ESQueue : found AAC codec config (44100 Hz, 2 channels)
10-29 20:06:05.678   246 10874 I LiveSession: [timed_id3] i 0 UriIsSameAsIndex newUri false, https://vod.video-cdn.net/F-TUvd9pk8UYjAqC7mYdAm/4312z8mUGRLb5UPsLza27-.aaa,828,596,1656,2356,.mp4.csmil/chunklist_b2356000.m3u8?hdntl=exp=1667153161~acl=/*~data=hdntl~hmac=81e64486186ce97e9fdf03b7da45f6602a29477db860cef17df3ba83b767a021&set-cc-attribute=cc
10-29 20:06:05.678   246 10874 I LiveSession: [timed_id3] i 1 UriIsSameAsIndex newUri false, https://vod.video-cdn.net/F-TUvd9pk8UYjAqC7mYdAm/4312z8mUGRLb5UPsLza27-.aaa,828,596,1656,2356,.mp4.csmil/chunklist_b2356000.m3u8?hdntl=exp=1667153161~acl=/*~data=hdntl~hmac=81e64486186ce97e9fdf03b7da45f6602a29477db860cef17df3ba83b767a021&set-cc-attribute=cc
10-29 20:06:05.678   246 10874 I LiveSession: #### Finished Bandwidth Switch: 0 => 3
10-29 20:06:05.679   246 10873 D NuPlayerDriver: notifyListener_l(0xf0220c60), (3, 10, 0), loop setting(0, 0)
10-29 20:06:06.186   246 10875 I ATSParser: discontinuity on stream pid 0x0100
10-29 20:06:06.207   246 10875 I ATSParser: discontinuity on stream pid 0x0101
10-29 20:06:06.667   246 10875 I ATSParser: discontinuity on stream pid 0x0100
10-29 20:06:06.668   246 10875 I ATSParser: discontinuity on stream pid 0x0101
10-29 20:06:06.679   246 10873 D NuPlayerDriver: notifyListener_l(0xf0220c60), (3, 22, 0), loop setting(0, 0)
10-29 20:06:07.192   246 10875 I ATSParser: discontinuity on stream pid 0x0100
10-29 20:06:07.195   246 10875 I ATSParser: discontinuity on stream pid 0x0101
10-29 20:06:07.480   246 10875 I ATSParser: discontinuity on stream pid 0x0100
10-29 20:06:07.524   246 10875 I ATSParser: discontinuity on stream pid 0x0101
10-29 20:06:07.679   246 10873 D NuPlayerDriver: notifyListener_l(0xf0220c60), (3, 34, 0), loop setting(0, 0)
10-29 20:06:08.680   246 10873 D NuPlayerDriver: notifyListener_l(0xf0220c60), (3, 38, 0), loop setting(0, 0)
10-29 20:06:09.680   246 10873 D NuPlayerDriver: notifyListener_l(0xf0220c60), (3, 38, 0), loop setting(0, 0)
10-29 20:06:10.680   246 10873 D NuPlayerDriver: notifyListener_l(0xf0220c60), (3, 38, 0), loop setting(0, 0)
10-29 20:06:10.984 10910 10910 D AndroidRuntime: >>>>>> START com.android.internal.os.RuntimeInit uid 2000 <<<<<<
10-29 20:06:10.987 10910 10910 D AndroidRuntime: CheckJNI is OFF
10-29 20:06:11.061 10910 10910 D ICU     : No timezone override file found: /data/misc/zoneinfo/current/icu/icu_tzdata.dat
10-29 20:06:11.098 10910 10910 I Radio-JNI: register_android_hardware_Radio DONE
10-29 20:06:11.114 10910 10910 D AndroidRuntime: Calling main entry com.android.commands.monkey.Monkey
10-29 20:06:11.188   600   613 W BroadcastQueue: Skipping deliver [background] BroadcastRecord{af809ae u-1 android.net.conn.CONNECTIVITY_CHANGE} to ReceiverList{923534f 10910 (unknown name)/2000/u-1 remote:37c13b0}: process crashing
10-29 20:06:11.681   246 10873 D NuPlayerDriver: notifyListener_l(0xf0220c60), (3, 38, 0), loop setting(0, 0)
10-29 20:06:12.671 10910 10910 D MonkeyStub: translateCommand: wake
10-29 20:06:12.681   246 10873 D NuPlayerDriver: notifyListener_l(0xf0220c60), (3, 38, 0), loop setting(0, 0)
10-29 20:06:12.803 10910 10910 D MonkeyStub: translateCommand: tap 273 1877
10-29 20:06:13.681   246 10873 D NuPlayerDriver: notifyListener_l(0xf0220c60), (3, 38, 0), loop setting(0, 0)
10-29 20:06:14.576 10333 10343 I art     : Background sticky concurrent mark sweep GC freed 107043(5MB) AllocSpace objects, 11(216KB) LOS objects, 28% free, 13MB/18MB, paused 5.018ms total 89.130ms
10-29 20:06:14.681   246 10873 D NuPlayerDriver: notifyListener_l(0xf0220c60), (3, 38, 0), loop setting(0, 0)
10-29 20:06:15.683   246 10873 D NuPlayerDriver: notifyListener_l(0xf0220c60), (3, 38, 0), loop setting(0, 0)
10-29 20:06:16.287   246 10873 D NuPlayer: onSetVideoSurface(0x0, have video decoder)
10-29 20:06:16.292   243 10899 D NvOsDebugPrintf: TVMR: TVMRFrameDelivery: 3741: Closing TVMR Frame Delivery Thread -------------
10-29 20:06:16.295   243 10893 D NvOsDebugPrintf: TVMR: NvMMDecTVMRDestroyParser: 4224: NvAvpClose
10-29 20:06:16.295   243 10893 D NvOsDebugPrintf: TVMR: NvMMLiteTVMRDecBlockClose: 5163: Done 
10-29 20:06:16.302   246 10873 W AMessage: failed to post message as target looper for handler 0 is gone.
10-29 20:06:16.303   246 10890 I NuPlayerDecoder: [OMX.google.aac.decoder] resubmitting CSD
10-29 20:06:16.304   243 10896 I SoftAAC2: Initially configuring decoder: 44100 Hz, 1 channels
10-29 20:06:16.305   246   760 D NuPlayerDriver: reset(0xf0220c60) at state 4
10-29 20:06:16.305   246   760 D NuPlayerDriver: notifyListener_l(0xf0220c60), (8, 0, 0), loop setting(0, 0)
10-29 20:06:16.316   246 10873 W AMessage: failed to post message as target looper for handler 0 is gone.
10-29 20:06:16.317   246 10875 W AMessage: failed to deliver message as target handler 222 is gone.
10-29 20:06:16.330   246 10873 D NuPlayerDriver: notifyResetComplete(0xf0220c60)
10-29 20:06:17.861 10910 10910 D MonkeyStub: translateCommand: tap 1195 298
10-29 20:06:18.128   787  1258 E AsyncOperation: serviceID=121, operation=GetLaunchDataOperation [CONTEXT service_id=259 ]
10-29 20:06:18.128   787  1258 E AsyncOperation: OperationException[Status{statusCode=Not an instant app, resolution=null}]
10-29 20:06:18.128   787  1258 E AsyncOperation: 	at aeay.a(:com.google.android.gms@203915020@20.39.15 (040406-335085812):20)
10-29 20:06:18.128   787  1258 E AsyncOperation: 	at aain.run(:com.google.android.gms@203915020@20.39.15 (040406-335085812):7)
10-29 20:06:18.128   787  1258 E AsyncOperation: 	at boex.run(:com.google.android.gms@203915020@20.39.15 (040406-335085812):2)
10-29 20:06:18.128   787  1258 E AsyncOperation: 	at sup.b(:com.google.android.gms@203915020@20.39.15 (040406-335085812):12)
10-29 20:06:18.128   787  1258 E AsyncOperation: 	at sup.run(:com.google.android.gms@203915020@20.39.15 (040406-335085812):7)
10-29 20:06:18.128   787  1258 E AsyncOperation: 	at java.util.concurrent.ThreadPoolExecutor.runWorker(ThreadPoolExecutor.java:1133)
10-29 20:06:18.128   787  1258 E AsyncOperation: 	at java.util.concurrent.ThreadPoolExecutor$Worker.run(ThreadPoolExecutor.java:607)
10-29 20:06:18.128   787  1258 E AsyncOperation: 	at tam.run(:com.google.android.gms@203915020@20.39.15 (040406-335085812):0)
10-29 20:06:18.128   787  1258 E AsyncOperation: 	at java.lang.Thread.run(Thread.java:761)
10-29 20:06:18.308 14919 18741 I DiscoveryManager: Filter criteria(null) scannerFlags(0)
10-29 20:06:18.310 14919 18741 W GuestModeDeviceProber: setFilterCriteria
10-29 20:06:18.611   787  1714 W Icing   : isOptedInForAppHistory: empty Account Name encountered
10-29 20:06:18.651   787  1714 W Icing   : isOptedInForAppHistory: empty Account Name encountered
10-29 20:06:18.747   600   609 I art     : Background partial concurrent mark sweep GC freed 93379(5MB) AllocSpace objects, 54(1980KB) LOS objects, 33% free, 15MB/23MB, paused 708us total 135.250ms
10-29 20:06:18.757   787  7957 W Icing   : isOptedInForAppHistory: empty Account Name encountered
10-29 20:06:18.842 10333 10333 I cr_tabmodel: Appending tabs being restored to metadata lists, 0, startingNormalCount: 2, startingIncognitoCount: 0
10-29 20:06:18.842 10333 10333 I cr_tabmodel: Serializing tab lists; counts: 2, 0
10-29 20:06:22.214 10333 10333 I cr_tabmodel: Appending tabs being restored to metadata lists, 0, startingNormalCount: 2, startingIncognitoCount: 0
10-29 20:06:22.214 10333 10333 I cr_tabmodel: Serializing tab lists; counts: 2, 0
10-29 20:06:22.401 10333 10333 I cr_tabmodel: Appending tabs being restored to metadata lists, 0, startingNormalCount: 2, startingIncognitoCount: 0
10-29 20:06:22.401 10333 10333 I cr_tabmodel: Serializing tab lists; counts: 2, 0
10-29 20:06:22.551 10333 10333 I cr_tabmodel: Appending tabs being restored to metadata lists, 0, startingNormalCount: 2, startingIncognitoCount: 0
10-29 20:06:22.551 10333 10333 I cr_tabmodel: Serializing tab lists; counts: 2, 0
10-29 20:06:25.586   600   647 I WifiHAL : Got channel list with 13 channels
10-29 20:06:25.588   600   647 I WifiHAL : Got channel list with 4 channels
10-29 20:06:25.590   600   647 I WifiHAL : Got channel list with 15 channels
10-29 20:06:27.349 14919 14965 I Icing   : IndexChimeraService.getServiceInterface callingPackage=com.android.chrome componentName=null serviceId=36
10-29 20:06:27.367 14919 18741 W Icing   : No valid account for uploading user actions
10-29 20:06:27.394 14919 14965 I Icing   : IndexChimeraService.getServiceInterface callingPackage=com.google.android.gms componentName=null serviceId=30
10-29 20:06:27.441 14919 18741 I Icing   : Usage reports ok 1, Failed Usage reports 0, indexed 1, rejected 0
10-29 20:06:27.446 14919 18741 W Icing   : No valid account for uploading user actions
10-29 20:06:27.455 14919 18741 I Icing   : Usage reports ok 0, Failed Usage reports 0, indexed 0, rejected 0
10-29 20:06:27.456 14919 18741 I Icing   : Indexing com.android.chrome-omnibox from com.android.chrome
10-29 20:06:27.485 14919 18741 I Icing   : Indexing done com.android.chrome-omnibox
10-29 20:06:27.962 10910 10910 D MonkeyStub: translateCommand: touch down 614 1561
10-29 20:06:27.973 10910 10910 D MonkeyStub: translateCommand: touch move 614 1561
10-29 20:06:28.095 10910 10910 D MonkeyStub: translateCommand: touch move 614 1436
10-29 20:06:28.214 10910 10910 D MonkeyStub: translateCommand: touch move 614 1311
10-29 20:06:28.328 10910 10910 D MonkeyStub: translateCommand: touch move 614 1186
10-29 20:06:28.442 10910 10910 D MonkeyStub: translateCommand: touch move 614 1061
10-29 20:06:28.477   787   805 W Icing   : isOptedInForAppHistory: empty Account Name encountered
10-29 20:06:28.495   787  6655 W Icing   : isOptedInForAppHistory: empty Account Name encountered
10-29 20:06:28.557 10910 10910 D MonkeyStub: translateCommand: touch move 614 937
10-29 20:06:28.685 10910 10910 D MonkeyStub: translateCommand: touch move 614 812
10-29 20:06:28.795 10910 10910 D MonkeyStub: translateCommand: touch move 614 687
10-29 20:06:28.900 10910 10910 D MonkeyStub: translateCommand: touch move 614 562
10-29 20:06:29.008 10910 10910 D MonkeyStub: translateCommand: touch move 614 437
10-29 20:06:29.115 10910 10910 D MonkeyStub: translateCommand: touch move 614 312
10-29 20:06:29.129 10910 10910 D MonkeyStub: translateCommand: touch up 614 312
10-29 20:06:29.162 10910 10910 D MonkeyStub: translateCommand: touch down 614 1561
10-29 20:06:29.166 10910 10910 D MonkeyStub: translateCommand: touch move 614 1561
10-29 20:06:29.288 10910 10910 D MonkeyStub: translateCommand: touch move 614 1436
10-29 20:06:29.408 10910 10910 D MonkeyStub: translateCommand: touch move 614 1311
10-29 20:06:29.517 10910 10910 D MonkeyStub: translateCommand: touch move 614 1186
10-29 20:06:29.627 10910 10910 D MonkeyStub: translateCommand: touch move 614 1061
10-29 20:06:29.739 10910 10910 D MonkeyStub: translateCommand: touch move 614 937
10-29 20:06:29.849 10910 10910 D MonkeyStub: translateCommand: touch move 614 812
10-29 20:06:29.953 10910 10910 D MonkeyStub: translateCommand: touch move 614 687
10-29 20:06:30.063 10910 10910 D MonkeyStub: translateCommand: touch move 614 562
10-29 20:06:30.173 10910 10910 D MonkeyStub: translateCommand: touch move 614 437
10-29 20:06:30.282 10910 10910 D MonkeyStub: translateCommand: touch move 614 312
10-29 20:06:30.289 10910 10910 D MonkeyStub: translateCommand: touch up 614 312
10-29 20:06:33.495 10910 10910 D MonkeyStub: translateCommand: touch down 614 312
10-29 20:06:33.503 10910 10910 D MonkeyStub: translateCommand: touch move 614 312
10-29 20:06:33.609 10910 10910 D MonkeyStub: translateCommand: touch move 614 437
10-29 20:06:33.714 10910 10910 D MonkeyStub: translateCommand: touch move 614 562
10-29 20:06:33.834 10910 10910 D MonkeyStub: translateCommand: touch move 614 687
10-29 20:06:33.943 10910 10910 D MonkeyStub: translateCommand: touch move 614 812
10-29 20:06:34.052 10910 10910 D MonkeyStub: translateCommand: touch move 614 937
10-29 20:06:34.178 10910 10910 D MonkeyStub: translateCommand: touch move 614 1061
10-29 20:06:34.301 10910 10910 D MonkeyStub: translateCommand: touch move 614 1186
10-29 20:06:34.442 10910 10910 D MonkeyStub: translateCommand: touch move 614 1311
10-29 20:06:34.774 10910 10910 D MonkeyStub: translateCommand: touch move 614 1436
10-29 20:06:34.826   600 13631 I ActivityManager: Start proc 10966:com.android.chrome:sandboxed_process21/u0i762 for service com.android.chrome/org.chromium.content.app.SandboxedProcessService21
10-29 20:06:34.861 10966 10966 W boxed_process21: type=1400 audit(0.0:2713): avc: denied { getattr } for path="/data/data/com.android.chrome" dev="dm-2" ino=12190 scontext=u:r:isolated_app:s0:c512,c768 tcontext=u:object_r:app_data_file:s0:c512,c768 tclass=dir permissive=0
10-29 20:06:34.883 10910 10910 D MonkeyStub: translateCommand: touch move 614 1561
10-29 20:06:34.892 10966 10966 I cr_ChildProcessService: Creating new ChildProcessService pid=10966
10-29 20:06:34.895 10910 10910 D MonkeyStub: translateCommand: touch up 614 1561
10-29 20:06:34.967 10910 10910 D MonkeyStub: translateCommand: touch down 614 312
10-29 20:06:34.975 10910 10910 D MonkeyStub: translateCommand: touch move 614 312
10-29 20:06:34.981 10966 10979 I cr_LibraryLoader: Loaded native library version number "85.0.4183.127"
10-29 20:06:34.981 10966 10979 I cr_CachingUmaRecorder: Flushed 1 samples from 1 histograms.
10-29 20:06:35.015 10979 10979 W CrUtilityMain: type=1400 audit(0.0:2714): avc: denied { setattr } for name="tl_en-us_2022-10-17_483521407_100000_index.bin" dev="dm-2" ino=23053 scontext=u:r:isolated_app:s0:c512,c768 tcontext=u:object_r:app_data_file:s0:c512,c768 tclass=file permissive=0
10-29 20:06:35.015 10979 10979 W CrUtilityMain: type=1400 audit(0.0:2715): avc: denied { setattr } for name="manifest.json" dev="dm-2" ino=23007 scontext=u:r:isolated_app:s0:c512,c768 tcontext=u:object_r:app_data_file:s0:c512,c768 tclass=file permissive=0
10-29 20:06:35.018 10979 10979 W CrUtilityMain: type=1400 audit(0.0:2716): avc: denied { setattr } for name="verified_contents.json" dev="dm-2" ino=23030 scontext=u:r:isolated_app:s0:c512,c768 tcontext=u:object_r:app_data_file:s0:c512,c768 tclass=file permissive=0
10-29 20:06:35.024 10966 10979 I chromium: [INFO:child_process_service.cc(69)] ChildProcessService: Exiting child process.
10-29 20:06:35.025   197   197 E lowmemorykiller: Error writing /proc/10966/oom_score_adj; errno=22
10-29 20:06:35.047   600   611 I ActivityManager: Process com.android.chrome:sandboxed_process21 (pid 10966) has died
10-29 20:06:35.047   600   611 D ActivityManager: cleanUpApplicationRecord -- 10966
10-29 20:06:35.056 10333 10333 W chromium: [WARNING:compositor_view.cc(315)] Child process died (type=6) pid=10966)
10-29 20:06:35.057   600   615 W libprocessgroup: failed to kill pid 10966: No such process
10-29 20:06:35.079 10910 10910 D MonkeyStub: translateCommand: touch move 614 437
10-29 20:06:35.187 10910 10910 D MonkeyStub: translateCommand: touch move 614 562
10-29 20:06:35.300 10910 10910 D MonkeyStub: translateCommand: touch move 614 687
10-29 20:06:35.412 10910 10910 D MonkeyStub: translateCommand: touch move 614 812
10-29 20:06:35.523 10910 10910 D MonkeyStub: translateCommand: touch move 614 937
10-29 20:06:35.747 10910 10910 D MonkeyStub: translateCommand: touch move 614 1061
10-29 20:06:35.853 10910 10910 D MonkeyStub: translateCommand: touch move 614 1186
10-29 20:06:35.882   600   611 I ActivityManager: Start proc 10985:com.android.chrome:sandboxed_process22/u0i763 for service com.android.chrome/org.chromium.content.app.SandboxedProcessService22
10-29 20:06:35.925 10985 10985 W boxed_process22: type=1400 audit(0.0:2717): avc: denied { getattr } for path="/data/data/com.android.chrome" dev="dm-2" ino=12190 scontext=u:r:isolated_app:s0:c512,c768 tcontext=u:object_r:app_data_file:s0:c512,c768 tclass=dir permissive=0
10-29 20:06:35.947 10985 10985 I cr_ChildProcessService: Creating new ChildProcessService pid=10985
10-29 20:06:35.966 10910 10910 D MonkeyStub: translateCommand: touch move 614 1311
10-29 20:06:36.038 10985 10998 I cr_LibraryLoader: Loaded native library version number "85.0.4183.127"
10-29 20:06:36.043 10985 10998 I cr_CachingUmaRecorder: Flushed 1 samples from 1 histograms.
10-29 20:06:36.079 10910 10910 D MonkeyStub: translateCommand: touch move 614 1436
10-29 20:06:36.091 10998 10998 W CrUtilityMain: type=1400 audit(0.0:2718): avc: denied { setattr } for name="optimization-hints.pb" dev="dm-2" ino=22825 scontext=u:r:isolated_app:s0:c512,c768 tcontext=u:object_r:app_data_file:s0:c512,c768 tclass=file permissive=0
10-29 20:06:36.091 10998 10998 W CrUtilityMain: type=1400 audit(0.0:2719): avc: denied { setattr } for name="manifest.json" dev="dm-2" ino=23026 scontext=u:r:isolated_app:s0:c512,c768 tcontext=u:object_r:app_data_file:s0:c512,c768 tclass=file permissive=0
10-29 20:06:36.091 10998 10998 W CrUtilityMain: type=1400 audit(0.0:2720): avc: denied { setattr } for name="verified_contents.json" dev="dm-2" ino=22919 scontext=u:r:isolated_app:s0:c512,c768 tcontext=u:object_r:app_data_file:s0:c512,c768 tclass=file permissive=0
10-29 20:06:36.109 10985 10998 I chromium: [INFO:child_process_service.cc(69)] ChildProcessService: Exiting child process.
10-29 20:06:36.170   600  1082 I ActivityManager: Process com.android.chrome:sandboxed_process22 (pid 10985) has died
10-29 20:06:36.171   600  1082 D ActivityManager: cleanUpApplicationRecord -- 10985
10-29 20:06:36.179 10333 10333 W chromium: [WARNING:compositor_view.cc(315)] Child process died (type=6) pid=10985)
10-29 20:06:36.189 10910 10910 D MonkeyStub: translateCommand: touch move 614 1561
10-29 20:06:36.196 10910 10910 D MonkeyStub: translateCommand: touch up 614 1561
10-29 20:06:36.240   198   198 E SELinux : avc:  denied  { find } for service=netd pid=11001 uid=2000 scontext=u:r:shell:s0 tcontext=u:object_r:netd_service:s0 tclass=service_manager permissive=0
10-29 20:06:36.244   198   198 E SELinux : avc:  denied  { find } for service=android.service.gatekeeper.IGateKeeperService pid=11001 uid=2000 scontext=u:r:shell:s0 tcontext=u:object_r:gatekeeper_service:s0 tclass=service_manager permissive=0
10-29 20:06:37.235   600   610 I ActivityManager: Start proc 11005:com.android.chrome:sandboxed_process23/u0i764 for service com.android.chrome/org.chromium.content.app.SandboxedProcessService23
10-29 20:06:37.278 11005 11005 W boxed_process23: type=1400 audit(0.0:2721): avc: denied { getattr } for path="/data/data/com.android.chrome" dev="dm-2" ino=12190 scontext=u:r:isolated_app:s0:c512,c768 tcontext=u:object_r:app_data_file:s0:c512,c768 tclass=dir permissive=0
10-29 20:06:37.304 11005 11005 I cr_ChildProcessService: Creating new ChildProcessService pid=11005
10-29 20:06:37.350 11005 11018 I cr_LibraryLoader: Loaded native library version number "85.0.4183.127"
10-29 20:06:37.351 11005 11018 I cr_CachingUmaRecorder: Flushed 1 samples from 1 histograms.
10-29 20:06:37.361 11018 11018 W CrUtilityMain: type=1400 audit(0.0:2722): avc: denied { setattr } for name="crl-set" dev="dm-2" ino=22778 scontext=u:r:isolated_app:s0:c512,c768 tcontext=u:object_r:app_data_file:s0:c512,c768 tclass=file permissive=0
10-29 20:06:37.361 11018 11018 W CrUtilityMain: type=1400 audit(0.0:2723): avc: denied { setattr } for name="manifest.json" dev="dm-2" ino=22841 scontext=u:r:isolated_app:s0:c512,c768 tcontext=u:object_r:app_data_file:s0:c512,c768 tclass=file permissive=0
10-29 20:06:37.361 11018 11018 W CrUtilityMain: type=1400 audit(0.0:2724): avc: denied { setattr } for name="LICENSE" dev="dm-2" ino=23115 scontext=u:r:isolated_app:s0:c512,c768 tcontext=u:object_r:app_data_file:s0:c512,c768 tclass=file permissive=0
