11-02 01:23:38.091 10932 10932 W boxed_process27: type=1400 audit(0.0:399): avc: denied { getattr } for path="/data/data/com.android.chrome" dev="dm-2" ino=12190 scontext=u:r:isolated_app:s0:c512,c768 tcontext=u:object_r:app_data_file:s0:c512,c768 tclass=dir permissive=0
11-02 01:23:38.112 10932 10932 I cr_ChildProcessService: Creating new ChildProcessService pid=10932
11-02 01:23:38.191 10932 10945 I cr_LibraryLoader: Loaded native library version number "85.0.4183.127"
11-02 01:23:38.192 10932 10945 I cr_CachingUmaRecorder: Flushed 1 samples from 1 histograms.
11-02 01:23:38.211 10945 10945 W CrUtilityMain: type=1400 audit(0.0:400): avc: denied { setattr } for name="crl-set" dev="dm-2" ino=59471 scontext=u:r:isolated_app:s0:c512,c768 tcontext=u:object_r:app_data_file:s0:c512,c768 tclass=file permissive=0
11-02 01:23:38.211 10945 10945 W CrUtilityMain: type=1400 audit(0.0:401): avc: denied { setattr } for name="manifest.json" dev="dm-2" ino=59604 scontext=u:r:isolated_app:s0:c512,c768 tcontext=u:object_r:app_data_file:s0:c512,c768 tclass=file permissive=0
11-02 01:23:38.215 10945 10945 W CrUtilityMain: type=1400 audit(0.0:402): avc: denied { setattr } for name="LICENSE" dev="dm-2" ino=59502 scontext=u:r:isolated_app:s0:c512,c768 tcontext=u:object_r:app_data_file:s0:c512,c768 tclass=file permissive=0
11-02 01:23:38.215 10945 10945 W CrUtilityMain: type=1400 audit(0.0:403): avc: denied { setattr } for name="verified_contents.json" dev="dm-2" ino=59556 scontext=u:r:isolated_app:s0:c512,c768 tcontext=u:object_r:app_data_file:s0:c512,c768 tclass=file permissive=0
11-02 01:23:38.227 10932 10945 I chromium: [INFO:child_process_service.cc(69)] ChildProcessService: Exiting child process.
11-02 01:23:38.252   601  1452 I ActivityManager: Process com.android.chrome:sandboxed_process27 (pid 10932) has died
11-02 01:23:38.252   601  1452 D ActivityManager: cleanUpApplicationRecord -- 10932
11-02 01:23:38.265 10215 10215 W chromium: [WARNING:compositor_view.cc(315)] Child process died (type=6) pid=10932)
11-02 01:23:39.106  1244  1602 W AdaptiveDiscoveryWorker: Exiting Adaptive Discovery. Current NetworkInfo is NULL.
11-02 01:23:39.379  1244  1602 W DatabaseProcessor: processLocalDevices: failed to get the network info with non-null bssid.
11-02 01:23:39.800 10215 10215 I cr_tabmodel: Appending tabs being restored to metadata lists, 0, startingNormalCount: 2, startingIncognitoCount: 0
11-02 01:23:39.800 10215 10215 I cr_tabmodel: Serializing tab lists; counts: 2, 0
11-02 01:23:43.706   601   611 I ActivityManager: Start proc 10949:com.android.chrome:sandboxed_process28/u0i183 for service com.android.chrome/org.chromium.content.app.SandboxedProcessService28
11-02 01:23:43.775 10949 10949 W boxed_process28: type=1400 audit(0.0:404): avc: denied { getattr } for path="/data/data/com.android.chrome" dev="dm-2" ino=12190 scontext=u:r:isolated_app:s0:c512,c768 tcontext=u:object_r:app_data_file:s0:c512,c768 tclass=dir permissive=0
11-02 01:23:43.809 10949 10949 I cr_ChildProcessService: Creating new ChildProcessService pid=10949
11-02 01:23:43.864 10949 10962 I cr_LibraryLoader: Loaded native library version number "85.0.4183.127"
11-02 01:23:43.864 10949 10962 I cr_CachingUmaRecorder: Flushed 1 samples from 1 histograms.
11-02 01:23:43.885 10962 10962 W CrUtilityMain: type=1400 audit(0.0:405): avc: denied { setattr } for name=5072656C6F61642044617461 dev="dm-2" ino=60055 scontext=u:r:isolated_app:s0:c512,c768 tcontext=u:object_r:app_data_file:s0:c512,c768 tclass=file permissive=0
11-02 01:23:43.885 10962 10962 W CrUtilityMain: type=1400 audit(0.0:406): avc: denied { setattr } for name="manifest.json" dev="dm-2" ino=60053 scontext=u:r:isolated_app:s0:c512,c768 tcontext=u:object_r:app_data_file:s0:c512,c768 tclass=file permissive=0
11-02 01:23:43.888 10962 10962 W CrUtilityMain: type=1400 audit(0.0:407): avc: denied { setattr } for name="verified_contents.json" dev="dm-2" ino=59823 scontext=u:r:isolated_app:s0:c512,c768 tcontext=u:object_r:app_data_file:s0:c512,c768 tclass=file permissive=0
11-02 01:23:43.899 10949 10949 I cr_ChildProcessService: Destroying ChildProcessService pid=10949
11-02 01:23:43.900 10949 10962 I chromium: [INFO:child_process_service.cc(69)] ChildProcessService: Exiting child process.
11-02 01:23:43.930   601  9663 I ActivityManager: Process com.android.chrome:sandboxed_process28 (pid 10949) has died
11-02 01:23:43.930   601  9663 D ActivityManager: cleanUpApplicationRecord -- 10949
11-02 01:23:43.934 10215 10215 W chromium: [WARNING:compositor_view.cc(315)] Child process died (type=6) pid=10949)
11-02 01:23:46.815 10763 10763 D MonkeyStub: translateCommand: touch down 614 1561
11-02 01:23:46.852 10763 10763 D MonkeyStub: translateCommand: touch move 614 1561
11-02 01:23:47.023 10763 10763 D MonkeyStub: translateCommand: touch move 614 1436
11-02 01:23:47.434 10763 10763 D MonkeyStub: translateCommand: touch move 614 1311
11-02 01:23:47.672 10763 10763 D MonkeyStub: translateCommand: touch move 614 1186
11-02 01:23:47.809 10763 10763 D MonkeyStub: translateCommand: touch move 614 1061
11-02 01:23:47.935 10763 10763 D MonkeyStub: translateCommand: touch move 614 937
11-02 01:23:48.047 10763 10763 D MonkeyStub: translateCommand: touch move 614 812
11-02 01:23:48.159 10763 10763 D MonkeyStub: translateCommand: touch move 614 687
11-02 01:23:48.272 10763 10763 D MonkeyStub: translateCommand: touch move 614 562
11-02 01:23:48.381 10763 10763 D MonkeyStub: translateCommand: touch move 614 437
11-02 01:23:48.493 10763 10763 D MonkeyStub: translateCommand: touch move 614 312
11-02 01:23:48.511 10763 10763 D MonkeyStub: translateCommand: touch up 614 312
11-02 01:23:49.621   601   819 I ActivityManager: Start proc 10968:com.android.chrome:sandboxed_process29/u0i184 for service com.android.chrome/org.chromium.content.app.SandboxedProcessService29
11-02 01:23:49.678 10968 10968 W boxed_process29: type=1400 audit(0.0:408): avc: denied { getattr } for path="/data/data/com.android.chrome" dev="dm-2" ino=12190 scontext=u:r:isolated_app:s0:c512,c768 tcontext=u:object_r:app_data_file:s0:c512,c768 tclass=dir permissive=0
11-02 01:23:49.703 10968 10968 I cr_ChildProcessService: Creating new ChildProcessService pid=10968
11-02 01:23:49.754 10968 10981 I cr_LibraryLoader: Loaded native library version number "85.0.4183.127"
11-02 01:23:49.757 10968 10981 I cr_CachingUmaRecorder: Flushed 1 samples from 1 histograms.
11-02 01:23:49.771 10981 10981 W CrUtilityMain: type=1400 audit(0.0:409): avc: denied { setattr } for name="tls_deprecation_config.pb" dev="dm-2" ino=59651 scontext=u:r:isolated_app:s0:c512,c768 tcontext=u:object_r:app_data_file:s0:c512,c768 tclass=file permissive=0
11-02 01:23:49.775 10981 10981 W CrUtilityMain: type=1400 audit(0.0:410): avc: denied { setattr } for name="manifest.json" dev="dm-2" ino=59635 scontext=u:r:isolated_app:s0:c512,c768 tcontext=u:object_r:app_data_file:s0:c512,c768 tclass=file permissive=0
11-02 01:23:49.778 10981 10981 W CrUtilityMain: type=1400 audit(0.0:411): avc: denied { setattr } for name="verified_contents.json" dev="dm-2" ino=59985 scontext=u:r:isolated_app:s0:c512,c768 tcontext=u:object_r:app_data_file:s0:c512,c768 tclass=file permissive=0
11-02 01:23:49.785 10968 10968 I cr_ChildProcessService: Destroying ChildProcessService pid=10968
11-02 01:23:49.786 10968 10981 I chromium: [INFO:child_process_service.cc(69)] ChildProcessService: Exiting child process.
11-02 01:23:49.813   601  2013 I ActivityManager: Process com.android.chrome:sandboxed_process29 (pid 10968) has died
11-02 01:23:49.813   601  2013 D ActivityManager: cleanUpApplicationRecord -- 10968
11-02 01:23:49.818 10215 10215 W chromium: [WARNING:compositor_view.cc(315)] Child process died (type=6) pid=10968)
11-02 01:23:52.715 10763 10763 D MonkeyStub: translateCommand: touch down 614 1561
11-02 01:23:52.725 10763 10763 D MonkeyStub: translateCommand: touch move 614 1561
11-02 01:23:52.835 10763 10763 D MonkeyStub: translateCommand: touch move 614 1436
11-02 01:23:52.952 10763 10763 D MonkeyStub: translateCommand: touch move 614 1311
11-02 01:23:53.061 10763 10763 D MonkeyStub: translateCommand: touch move 614 1186
11-02 01:23:53.172 10763 10763 D MonkeyStub: translateCommand: touch move 614 1061
11-02 01:23:53.287 10763 10763 D MonkeyStub: translateCommand: touch move 614 937
11-02 01:23:53.393 10763 10763 D MonkeyStub: translateCommand: touch move 614 812
11-02 01:23:53.507 10763 10763 D MonkeyStub: translateCommand: touch move 614 687
11-02 01:23:53.615 10763 10763 D MonkeyStub: translateCommand: touch move 614 562
11-02 01:23:53.807 10763 10763 D MonkeyStub: translateCommand: touch move 614 437
11-02 01:23:53.920 10763 10763 D MonkeyStub: translateCommand: touch move 614 312
11-02 01:23:53.938 10763 10763 D MonkeyStub: translateCommand: touch up 614 312
11-02 01:23:53.952 10763 10763 D MonkeyStub: Quit requested
11-02 01:23:53.968   601   615 I CwMcuSensor: CwMcuSensor::flush: fd = 213, sensors_id = 0, path = /sys/class/htc_sensorhub/sensor_hub/flush, err = 0
11-02 01:23:53.982 10763 10763 I art     : System.exit called, status: 121
11-02 01:23:53.982 10763 10763 I AndroidRuntime: VM exiting with result code 121.
11-02 01:23:54.008   601   611 W WindowManager: Attempted to remove non-existing token: android.os.Binder@4867047
11-02 01:23:55.764   601   611 I ActivityManager: Start proc 10988:com.android.chrome:sandboxed_process30/u0i185 for service com.android.chrome/org.chromium.content.app.SandboxedProcessService30
11-02 01:23:55.815 10988 10988 W boxed_process30: type=1400 audit(0.0:412): avc: denied { getattr } for path="/data/data/com.android.chrome" dev="dm-2" ino=12190 scontext=u:r:isolated_app:s0:c512,c768 tcontext=u:object_r:app_data_file:s0:c512,c768 tclass=dir permissive=0
11-02 01:23:55.837 10988 10988 I cr_ChildProcessService: Creating new ChildProcessService pid=10988
11-02 01:23:55.879 10988 11001 I cr_LibraryLoader: Loaded native library version number "85.0.4183.127"
11-02 01:23:55.880 10988 11001 I cr_CachingUmaRecorder: Flushed 1 samples from 1 histograms.
11-02 01:23:55.895 11001 11001 W CrUtilityMain: type=1400 audit(0.0:413): avc: denied { setattr } for name="safety_tips.pb" dev="dm-2" ino=60060 scontext=u:r:isolated_app:s0:c512,c768 tcontext=u:object_r:app_data_file:s0:c512,c768 tclass=file permissive=0
11-02 01:23:55.895 11001 11001 W CrUtilityMain: type=1400 audit(0.0:414): avc: denied { setattr } for name="manifest.json" dev="dm-2" ino=60564 scontext=u:r:isolated_app:s0:c512,c768 tcontext=u:object_r:app_data_file:s0:c512,c768 tclass=file permissive=0
11-02 01:23:55.898 11001 11001 W CrUtilityMain: type=1400 audit(0.0:415): avc: denied { setattr } for name="verified_contents.json" dev="dm-2" ino=60962 scontext=u:r:isolated_app:s0:c512,c768 tcontext=u:object_r:app_data_file:s0:c512,c768 tclass=file permissive=0
11-02 01:23:55.902 10988 11001 I chromium: [INFO:child_process_service.cc(69)] ChildProcessService: Exiting child process.
11-02 01:23:55.906   195   195 E lowmemorykiller: Error writing /proc/10988/oom_score_adj; errno=22
11-02 01:23:55.923   601  7042 I ActivityManager: Process com.android.chrome:sandboxed_process30 (pid 10988) has died
11-02 01:23:55.923   601  7042 D ActivityManager: cleanUpApplicationRecord -- 10988
11-02 01:23:55.929 10215 10215 W chromium: [WARNING:compositor_view.cc(315)] Child process died (type=6) pid=10988)
11-02 01:24:04.164  1244  1419 I Icing   : IndexChimeraService.getServiceInterface callingPackage=com.android.chrome componentName=null serviceId=36
11-02 01:24:04.184  1244  1602 W Icing   : No valid account for uploading user actions
11-02 01:24:04.210  1244  1639 I Icing   : IndexChimeraService.getServiceInterface callingPackage=com.google.android.gms componentName=null serviceId=30
11-02 01:24:04.238  1244  1602 I Icing   : Usage reports ok 1, Failed Usage reports 0, indexed 1, rejected 0
11-02 01:24:04.247  1244  1602 W Icing   : No valid account for uploading user actions
11-02 01:24:04.257  1244  1602 I Icing   : Usage reports ok 0, Failed Usage reports 0, indexed 0, rejected 0
11-02 01:24:04.258  1244  1602 I Icing   : Indexing com.android.chrome-omnibox from com.android.chrome
11-02 01:24:04.299  1244  1665 I Icing   : Indexing done com.android.chrome-omnibox
11-02 01:24:05.283   785  1694 W Icing   : isOptedInForAppHistory: empty Account Name encountered
11-02 01:24:05.301   785  7317 W Icing   : isOptedInForAppHistory: empty Account Name encountered
11-02 01:24:10.263 11020 11020 D AndroidRuntime: >>>>>> START com.android.internal.os.RuntimeInit uid 2000 <<<<<<
11-02 01:24:10.272 11020 11020 D AndroidRuntime: CheckJNI is OFF
11-02 01:24:10.369 11020 11020 D ICU     : No timezone override file found: /data/misc/zoneinfo/current/icu/icu_tzdata.dat
11-02 01:24:10.405 11020 11020 I Radio-JNI: register_android_hardware_Radio DONE
11-02 01:24:10.425 11020 11020 D AndroidRuntime: Calling main entry com.android.commands.am.Am
11-02 01:24:10.452   601  7042 I ActivityManager: Force stopping com.android.chrome appid=10035 user=0: from pid 11020
11-02 01:24:10.452   601  7042 I ActivityManager: Killing 10278:com.android.chrome:privileged_process0/u0a35 (adj 0): stop com.android.chrome
11-02 01:24:10.452   601  7042 D ActivityManager: cleanUpApplicationRecord -- 10278
11-02 01:24:10.452   601  7042 W ActivityManager: Scheduling restart of crashed service com.android.chrome/org.chromium.content.app.PrivilegedProcessService0 in 1000ms
11-02 01:24:10.453   601  7042 I ActivityManager: Killing 10215:com.android.chrome/u0a35 (adj 0): stop com.android.chrome
11-02 01:24:10.453   601  7042 D ActivityManager: cleanUpApplicationRecord -- 10215
11-02 01:24:10.465   601  7042 W ActivityManager: Force removing ActivityRecord{57bcba4 u0 com.android.chrome/com.google.android.apps.chrome.Main t1124}: app died, no saved state
11-02 01:24:10.469 10250 10250 I cr_ChildProcessService: Destroying ChildProcessService pid=10250
11-02 01:24:10.474   242   242 E OMXNodeInstance: !!! Observer died. Quickly, do something, ... anything...
11-02 01:24:10.474 10685 10685 I cr_ChildProcessService: Destroying ChildProcessService pid=10685
11-02 01:24:10.476 10685 10917 E chromium: [ERROR:batching_media_log.cc(38)] MediaEvent: {"error":"video decode error!"}
11-02 01:24:10.480 10685 10685 I art     : System.exit called, status: 0
11-02 01:24:10.480 10685 10685 I AndroidRuntime: VM exiting with result code 0, cleanup skipped.
11-02 01:24:10.489   601  7042 I ActivityManager: Killing 10685:com.android.chrome:sandboxed_process20/u0a35i175 (adj 0): isolated not needed
11-02 01:24:10.489   601  7042 I ActivityManager: Killing 10250:com.android.chrome:sandboxed_process0/u0a35i155 (adj 0): isolated not needed
11-02 01:24:10.498 11020 11020 D AndroidRuntime: Shutting down VM
11-02 01:24:10.530  1065  1161 I OpenGLRenderer: Initialized EGL, version 1.4
11-02 01:24:10.530  1065  1161 D OpenGLRenderer: Swap behavior 2
11-02 01:24:10.578   242 10929 D NvOsDebugPrintf: TVMR: TVMRFrameDelivery: 3741: Closing TVMR Frame Delivery Thread -------------
11-02 01:24:10.581   242 10926 D NvOsDebugPrintf: TVMR: NvMMDecTVMRDestroyParser: 4224: NvAvpClose
11-02 01:24:10.581   242 10926 D NvOsDebugPrintf: TVMR: NvMMLiteTVMRDecBlockClose: 5163: Done 
11-02 01:24:10.588  1052  1052 D RegisteredNfcFServicesCache: Service unchanged, not updating
11-02 01:24:10.699   601  9663 D ConnectivityService: ConnectivityService NetworkRequestInfo binderDied(NetworkRequest [ LISTEN id=42, [ Capabilities: INTERNET&NOT_RESTRICTED&TRUSTED&FOREGROUND] ], android.os.BinderProxy@a5b143e)
11-02 01:24:10.700   601  9643 D ConnectivityService: ConnectivityService NetworkRequestInfo binderDied(NetworkRequest [ LISTEN id=39, [ Capabilities: INTERNET&NOT_RESTRICTED&TRUSTED&FOREGROUND] ], android.os.BinderProxy@ee6b29f)
11-02 01:24:10.700   601  9643 D ConnectivityService: ConnectivityService NetworkRequestInfo binderDied(NetworkRequest [ LISTEN id=40, [ Capabilities: INTERNET&NOT_RESTRICTED&TRUSTED&FOREGROUND] ], android.os.BinderProxy@8a0afec)
11-02 01:24:10.700   601  9643 D ConnectivityService: ConnectivityService NetworkRequestInfo binderDied(NetworkRequest [ LISTEN id=41, [ Capabilities: INTERNET&NOT_RESTRICTED&TRUSTED&FOREGROUND] ], android.os.BinderProxy@e8cffb5)
11-02 01:24:10.701   601  9663 D GraphicsStats: Buffer count: 2
11-02 01:24:10.702   601   650 E ConnectivityService: RemoteException caught trying to send a callback msg for NetworkRequest [ LISTEN id=42, [ Capabilities: INTERNET&NOT_RESTRICTED&TRUSTED&FOREGROUND] ]
11-02 01:24:10.703  1244  1602 I DiscoveryManager: Filter criteria(null) scannerFlags(0)
11-02 01:24:10.710  3002  3013 I AttachedClient: Adding client event 2 to pending list.
11-02 01:24:10.712   601   650 E ConnectivityService: RemoteException caught trying to send a callback msg for NetworkRequest [ LISTEN id=39, [ Capabilities: INTERNET&NOT_RESTRICTED&TRUSTED&FOREGROUND] ]
11-02 01:24:10.712   601   650 E ConnectivityService: RemoteException caught trying to send a callback msg for NetworkRequest [ LISTEN id=40, [ Capabilities: INTERNET&NOT_RESTRICTED&TRUSTED&FOREGROUND] ]
11-02 01:24:10.713   601   650 E ConnectivityService: RemoteException caught trying to send a callback msg for NetworkRequest [ LISTEN id=41, [ Capabilities: INTERNET&NOT_RESTRICTED&TRUSTED&FOREGROUND] ]
11-02 01:24:10.718   601   832 D ActivityManager: cleanUpApplicationRecord -- 10250
11-02 01:24:10.718  3002  3002 I OptInState: There is a new client and it does not support opt-in. Dropping request.
11-02 01:24:10.721  3002  3002 I MicroDetectionWorker: Micro detection mode: [mDetectionMode: [1]].
11-02 01:24:10.728  1244  1602 W GuestModeDeviceProber: setFilterCriteria
11-02 01:24:10.748  3002 11039 I MicroRecognitionRunner: Starting detection.
11-02 01:24:10.750  3002  3062 I MicrophoneInputStream: mic_starting com.google.android.apps.gsa.speech.audio.ae@5f00208
11-02 01:24:10.761   237   285 I SoundTriggerHwService::Module: void android::SoundTriggerHwService::Module::onCallbackEvent(const sp<android::SoundTriggerHwService::CallbackEvent> &) mClient == 0
11-02 01:24:10.761   237 11042 I AudioFlinger: AudioFlinger's thread 0xf0812400 ready to run
11-02 01:24:10.763  3002  3062 I MicrophoneInputStream: mic_started com.google.android.apps.gsa.speech.audio.ae@5f00208
11-02 01:24:10.810   601  2013 D ActivityManager: cleanUpApplicationRecord -- 10685
11-02 01:24:10.950  3002  3002 I MicroDetectionWorker: onReady
11-02 01:24:11.047 11034 11034 D AndroidRuntime: >>>>>> START com.android.internal.os.RuntimeInit uid 2000 <<<<<<
11-02 01:24:11.051 11034 11034 D AndroidRuntime: CheckJNI is OFF
11-02 01:24:11.073  1065  1161 W OpenGLRenderer: Incorrectly called buildLayer on View: ShortcutAndWidgetContainer, destroying layer...
11-02 01:24:11.125 11034 11034 D ICU     : No timezone override file found: /data/misc/zoneinfo/current/icu/icu_tzdata.dat
11-02 01:24:11.152 11034 11034 I Radio-JNI: register_android_hardware_Radio DONE
11-02 01:24:11.167 11034 11034 D AndroidRuntime: Calling main entry com.android.commands.pm.Pm
11-02 01:24:11.181   601   819 I ActivityManager: Force stopping com.android.chrome appid=10035 user=0: clear data
11-02 01:24:11.185   601   614 I ActivityManager: Force stopping com.android.chrome appid=10035 user=-1: clearApplicationUserData
11-02 01:24:11.225   785   785 I GeofencerStateMachine: removeGeofences: removeRequest=RemoveGeofencingRequest[REMOVE_ALL packageName=com.android.chrome]
11-02 01:24:11.230 11034 11034 I art     : System.exit called, status: 0
11-02 01:24:11.230 11034 11034 I AndroidRuntime: VM exiting with result code 0.
11-02 01:24:11.239  1052  1052 D RegisteredNfcFServicesCache: Service unchanged, not updating
11-02 01:24:11.257   601   613 W ResourceType: No known package when getting value for resource number 0x7f080316
11-02 01:24:11.258   601   613 W ResourceType: No known package when getting value for resource number 0x7f130448
11-02 01:24:11.258   601   613 W ResourceType: No known package when getting value for resource number 0x7f080315
11-02 01:24:11.258   601   613 W ResourceType: No known package when getting value for resource number 0x7f130123
11-02 01:24:11.258   601   613 W ResourceType: No known package when getting value for resource number 0x7f130447
11-02 01:24:11.258   601   613 W ResourceType: No known package when getting value for resource number 0x7f1302e4
11-02 01:24:11.258   601   613 E ShortcutService: Ignoring excessive intent tag.
11-02 01:24:11.300  1244  1725 I Icing   : doRemovePackageData com.android.chrome
11-02 01:24:11.300  1244  1725 I Icing   : Removing corpus key com.android.chrome-.implicit: for package com.android.chrome
11-02 01:24:11.359   785 11064 I Fitness : FitCleanupIntentOperation received Intent android.intent.action.PACKAGE_DATA_CLEARED [CONTEXT service_id=17 ]
11-02 01:24:11.361  1244  1725 I native  : flash-index.cc:1519 Flash index sort hb 60 prefix-hits 135 -> 110 at 25.771ms
11-02 01:24:11.395  1244  1725 I Icing   : Removing corpus key com.android.chrome-omnibox for package com.android.chrome
11-02 01:24:11.455  1244  1725 I Icing   : Starting compaction min disk 99.926% min index 99.988%
11-02 01:24:11.587  1244  1725 I native  : document-store.cc:1654 Scored 3080 usage reports, missing_corpora 1689 update_failed 1
11-02 01:24:11.624  1244  1725 W native  : words-map.cc:30 INVALID_ARGUMENT: Empty URI
11-02 01:24:11.624  1244  1725 W native  : words-map.cc:34 WordsMap was not properly initialized
11-02 01:24:11.716  1244  1725 E native  : compactor.cc:67 Could not index embedding for docid 1: INTERNAL: Unable to find Thing Proto section 
11-02 01:24:11.717  1244  1725 E native  : compactor.cc:67 Could not index embedding for docid 3: INTERNAL: Unable to find Thing Proto section 
11-02 01:24:11.717  1244  1725 E native  : compactor.cc:67 Could not index embedding for docid 5: INTERNAL: Unable to find Thing Proto section 
11-02 01:24:11.718  1244  1725 E native  : compactor.cc:67 Could not index embedding for docid 7: INTERNAL: Unable to find Thing Proto section 
11-02 01:24:11.723  1244  1725 E native  : compactor.cc:67 Could not index embedding for docid 8: INTERNAL: Unable to find Thing Proto section 
11-02 01:24:11.723  1244  1725 E native  : compactor.cc:67 Could not index embedding for docid 10: INTERNAL: Unable to find Thing Proto section 
11-02 01:24:11.723  1244  1725 E native  : compactor.cc:67 Could not index embedding for docid 11: INTERNAL: Unable to find Thing Proto section 
11-02 01:24:11.724  1244  1725 E native  : compactor.cc:67 Could not index embedding for docid 13: INTERNAL: Unable to find Thing Proto section 
11-02 01:24:11.724  1244  1725 E native  : compactor.cc:67 Could not index embedding for docid 14: INTERNAL: Unable to find Thing Proto section 
11-02 01:24:11.733  1244  1725 E native  : compactor.cc:67 Could not index embedding for docid 17: INTERNAL: Unable to find Thing Proto section 
11-02 01:24:11.733  1244  1725 E native  : compactor.cc:67 Could not index embedding for docid 18: INTERNAL: Unable to find Thing Proto section 
11-02 01:24:11.734  1244  1725 E native  : compactor.cc:67 Could not index embedding for docid 21: INTERNAL: Unable to find Thing Proto section 
11-02 01:24:11.734  1244  1725 E native  : compactor.cc:67 Could not index embedding for docid 22: INTERNAL: Unable to find Thing Proto section 
11-02 01:24:11.739  1244  1725 E native  : compactor.cc:67 Could not index embedding for docid 26: INTERNAL: Unable to find Thing Proto section 
11-02 01:24:11.739  1244  1725 E native  : compactor.cc:67 Could not index embedding for docid 27: INTERNAL: Unable to find Thing Proto section 
11-02 01:24:11.785  1244  1725 I native  : flash-index.cc:1519 Flash index sort hb 34 prefix-hits 54 -> 54 at 31.924ms
11-02 01:24:11.812  1244  1725 W native  : words-map.cc:30 INVALID_ARGUMENT: Empty URI
11-02 01:24:11.812  1244  1725 W native  : words-map.cc:34 WordsMap was not properly initialized
11-02 01:24:11.844  1244  1725 I Icing   : updateResources: need to parse acol{com.android.chrome}
11-02 01:24:11.906  1244  1725 I Icing   : Indexing com.android.chrome-omnibox from com.android.chrome
11-02 01:24:11.917   601 10729 I ActivityManager: Start proc 11067:com.android.chrome/u0a35 for content provider com.android.chrome/com.google.android.apps.chrome.icing.IcingProvider
11-02 01:24:12.009  1244  1725 I Icing   : Indexing done com.android.chrome-omnibox
