--------- beginning of main
10-29 16:57:49.773  8752  8752 D AndroidRuntime: >>>>>> START com.android.internal.os.RuntimeInit uid 2000 <<<<<<
10-29 16:57:49.776  8752  8752 D AndroidRuntime: CheckJNI is OFF
10-29 16:57:49.840  8752  8752 D ICU     : No timezone override file found: /data/misc/zoneinfo/current/icu/icu_tzdata.dat
10-29 16:57:49.868  8752  8752 I Radio-JNI: register_android_hardware_Radio DONE
10-29 16:57:49.882  8752  8752 D AndroidRuntime: Calling main entry com.android.commands.am.Am
--------- beginning of system
10-29 16:57:49.899   600   611 I ActivityManager: Force stopping com.android.chrome appid=10035 user=0: from pid 8752
10-29 16:57:49.899   600   611 I ActivityManager: Killing 8660:com.android.chrome/u0a35 (adj 700): stop com.android.chrome
10-29 16:57:49.899   600   611 D ActivityManager: cleanUpApplicationRecord -- 8660
10-29 16:57:49.911  1061  1061 D RegisteredNfcFServicesCache: Service unchanged, not updating
10-29 16:57:50.155   600  1082 I ActivityManager: START u0 {act=android.intent.action.VIEW flg=0x10008000 cmp=com.android.chrome/com.google.android.apps.chrome.Main} from uid 2000 on display 0
10-29 16:57:50.184  8752  8752 D AndroidRuntime: Shutting down VM
10-29 16:57:50.216   600  2707 I ActivityManager: Start proc 8762:com.android.chrome/u0a35 for activity com.android.chrome/com.google.android.apps.chrome.Main
10-29 16:57:50.383   600  9614 I ActivityManager: START u0 {cmp=com.android.chrome/org.chromium.chrome.browser.firstrun.TabbedModeFirstRunActivity (has extras)} from uid 10035 on display 0
10-29 16:57:50.436  8762  8779 W DynamiteModule: Local module descriptor class for com.google.android.gms.googlecertificates not found.
10-29 16:57:50.572  8762  8779 I DynamiteModule: Considering local module com.google.android.gms.googlecertificates:0 and remote module com.google.android.gms.googlecertificates:6
10-29 16:57:50.572  8762  8779 I DynamiteModule: Selected remote version of com.google.android.gms.googlecertificates, version >= 6
10-29 16:57:50.620  8762  8780 I cr_LibraryLoader: Loaded native library version number "85.0.4183.127"
10-29 16:57:50.620  8762  8781 I OpenGLRenderer: Initialized EGL, version 1.4
10-29 16:57:50.620  8762  8781 D OpenGLRenderer: Swap behavior 2
10-29 16:57:50.623  8762  8780 I cr_CachingUmaRecorder: Flushed 10 samples from 10 histograms.
10-29 16:57:50.646  8762  8779 W System  : ClassLoader referenced unknown path: 
10-29 16:57:50.649  8762  8779 D ApplicationLoaders: ignored Vulkan layer search path /data/app/com.google.android.gms-1/lib/arm:/data/app/com.google.android.gms-1/base.apk!/lib/armeabi-v7a:/data/app/com.google.android.gms-1/split_config.en.apk!/lib/armeabi-v7a for namespace 0xf4a47090
10-29 16:57:50.652  8762  8779 W ResourceType: ResTable_typeSpec entry count inconsistent: given 67, previously 69
10-29 16:57:50.652  8762  8779 W ResourceType: ResTable_typeSpec entry count inconsistent: given 5346, previously 5347
10-29 16:57:50.682  8762  8779 I DynamiteLoaderV2Impl: [70] Googlecertificates
10-29 16:57:50.704  8762  8779 W System  : ClassLoader referenced unknown path: /data/user_de/0/com.google.android.gms/app_chimera/m/00000061/n/armeabi-v7a
10-29 16:57:50.704  8762  8779 W System  : ClassLoader referenced unknown path: /data/user_de/0/com.google.android.gms/app_chimera/m/00000061/n/armeabi
10-29 16:57:50.780   600   620 W WindowManager: Failed looking up window
10-29 16:57:50.780   600   620 W WindowManager: java.lang.IllegalArgumentException: Requested window android.view.ViewRootImpl$W@3d4c8d7 does not exist
10-29 16:57:50.780   600   620 W WindowManager: 	at com.android.server.wm.WindowManagerService.windowForClientLocked(WindowManagerService.java:9422)
10-29 16:57:50.780   600   620 W WindowManager: 	at com.android.server.wm.WindowManagerService.windowForClientLocked(WindowManagerService.java:9413)
10-29 16:57:50.780   600   620 W WindowManager: 	at com.android.server.wm.WindowManagerService.removeWindow(WindowManagerService.java:2393)
10-29 16:57:50.780   600   620 W WindowManager: 	at com.android.server.wm.Session.remove(Session.java:202)
10-29 16:57:50.780   600   620 W WindowManager: 	at android.view.ViewRootImpl.dispatchDetachedFromWindow(ViewRootImpl.java:3290)
10-29 16:57:50.780   600   620 W WindowManager: 	at android.view.ViewRootImpl.doDie(ViewRootImpl.java:5917)
10-29 16:57:50.780   600   620 W WindowManager: 	at android.view.ViewRootImpl$ViewRootHandler.handleMessage(ViewRootImpl.java:3626)
10-29 16:57:50.780   600   620 W WindowManager: 	at android.os.Handler.dispatchMessage(Handler.java:102)
10-29 16:57:50.780   600   620 W WindowManager: 	at android.os.Looper.loop(Looper.java:154)
10-29 16:57:50.780   600   620 W WindowManager: 	at android.os.HandlerThread.run(HandlerThread.java:61)
10-29 16:57:50.780   600   620 W WindowManager: 	at com.android.server.ServiceThread.run(ServiceThread.java:46)
10-29 16:57:50.798   600   620 I ActivityManager: Displayed com.android.chrome/org.chromium.chrome.browser.firstrun.TabbedModeFirstRunActivity: +365ms (total +618ms)
10-29 16:57:50.862   787  1245 I FontLog : Received query Google Sans, URI content://com.google.android.gms.fonts [CONTEXT service_id=132 ]
10-29 16:57:50.863   787  1245 I FontLog : Query [Google Sans] resolved to {Google Sans, wdth 100.0, wght 400, ital 0.0, bestEffort false} [CONTEXT service_id=132 ]
10-29 16:57:50.869   787  1245 I FontLog : Font PFD returned from cache for {Google Sans, wdth 100.0, wght 400, ital 0.0, bestEffort false} [CONTEXT service_id=132 ]
10-29 16:57:50.869   787  1245 I FontLog : Fetch {Google Sans, wdth 100.0, wght 400, ital 0.0, bestEffort false} end status Status{statusCode=SUCCESS, resolution=null} [CONTEXT service_id=132 ]
10-29 16:57:50.891   787   806 I FontLog : Pulling font file for id = 154, cache size = 5 [CONTEXT service_id=132 ]
10-29 16:57:50.903   787  1258 E apju    : Phenotype API error. Event # cdub@84f66e36, EventCode: 7 [CONTEXT service_id=51 ]
10-29 16:57:50.903   787  1258 E apju    : apiz: 29505: No config packages for log source, or config package not registered
10-29 16:57:50.903   787  1258 E apju    : 	at apkj.b(:com.google.android.gms@203915020@20.39.15 (040406-335085812):7)
10-29 16:57:50.903   787  1258 E apju    : 	at apkg.b(:com.google.android.gms@203915020@20.39.15 (040406-335085812):2)
10-29 16:57:50.903   787  1258 E apju    : 	at apju.a(:com.google.android.gms@203915020@20.39.15 (040406-335085812):85)
10-29 16:57:50.903   787  1258 E apju    : 	at apju.a(:com.google.android.gms@203915020@20.39.15 (040406-335085812):80)
10-29 16:57:50.903   787  1258 E apju    : 	at aain.run(:com.google.android.gms@203915020@20.39.15 (040406-335085812):7)
10-29 16:57:50.903   787  1258 E apju    : 	at boex.run(:com.google.android.gms@203915020@20.39.15 (040406-335085812):2)
10-29 16:57:50.903   787  1258 E apju    : 	at sup.b(:com.google.android.gms@203915020@20.39.15 (040406-335085812):12)
10-29 16:57:50.903   787  1258 E apju    : 	at sup.run(:com.google.android.gms@203915020@20.39.15 (040406-335085812):7)
10-29 16:57:50.903   787  1258 E apju    : 	at java.util.concurrent.ThreadPoolExecutor.runWorker(ThreadPoolExecutor.java:1133)
10-29 16:57:50.903   787  1258 E apju    : 	at java.util.concurrent.ThreadPoolExecutor$Worker.run(ThreadPoolExecutor.java:607)
10-29 16:57:50.903   787  1258 E apju    : 	at tam.run(:com.google.android.gms@203915020@20.39.15 (040406-335085812):0)
10-29 16:57:50.903   787  1258 E apju    : 	at java.lang.Thread.run(Thread.java:761)
10-29 16:57:50.905   787  1258 E AsyncOperation: serviceID=51, operation=GetExperimentTokensOperationCall [CONTEXT service_id=259 ]
10-29 16:57:50.905   787  1258 E AsyncOperation: OperationException[Status{statusCode=No config packages for log source, or config package not registered, resolution=null}]
10-29 16:57:50.905   787  1258 E AsyncOperation: 	at apju.a(:com.google.android.gms@203915020@20.39.15 (040406-335085812):87)
10-29 16:57:50.905   787  1258 E AsyncOperation: 	at apju.a(:com.google.android.gms@203915020@20.39.15 (040406-335085812):80)
10-29 16:57:50.905   787  1258 E AsyncOperation: 	at aain.run(:com.google.android.gms@203915020@20.39.15 (040406-335085812):7)
10-29 16:57:50.905   787  1258 E AsyncOperation: 	at boex.run(:com.google.android.gms@203915020@20.39.15 (040406-335085812):2)
10-29 16:57:50.905   787  1258 E AsyncOperation: 	at sup.b(:com.google.android.gms@203915020@20.39.15 (040406-335085812):12)
10-29 16:57:50.905   787  1258 E AsyncOperation: 	at sup.run(:com.google.android.gms@203915020@20.39.15 (040406-335085812):7)
10-29 16:57:50.905   787  1258 E AsyncOperation: 	at java.util.concurrent.ThreadPoolExecutor.runWorker(ThreadPoolExecutor.java:1133)
10-29 16:57:50.905   787  1258 E AsyncOperation: 	at java.util.concurrent.ThreadPoolExecutor$Worker.run(ThreadPoolExecutor.java:607)
10-29 16:57:50.905   787  1258 E AsyncOperation: 	at tam.run(:com.google.android.gms@203915020@20.39.15 (040406-335085812):0)
10-29 16:57:50.905   787  1258 E AsyncOperation: 	at java.lang.Thread.run(Thread.java:761)
10-29 16:57:50.909  8762  8779 D NetworkSecurityConfig: Using Network Security Config from resource 0_resource_name_obfuscated debugBuild: false
10-29 16:57:50.928   787   805 I FontLog : Received query Google Sans:500, URI content://com.google.android.gms.fonts [CONTEXT service_id=132 ]
10-29 16:57:50.929   787   805 I FontLog : Query [Google Sans:500] resolved to {Google Sans, wdth 100.0, wght 500, ital 0.0, bestEffort false} [CONTEXT service_id=132 ]
10-29 16:57:50.931   787   805 I FontLog : Font PFD returned from cache for {Google Sans, wdth 100.0, wght 500, ital 0.0, bestEffort false} [CONTEXT service_id=132 ]
10-29 16:57:50.931   787   805 I FontLog : Fetch {Google Sans, wdth 100.0, wght 500, ital 0.0, bestEffort false} end status Status{statusCode=SUCCESS, resolution=null} [CONTEXT service_id=132 ]
10-29 16:57:50.945   787  1716 I FontLog : Pulling font file for id = 155, cache size = 5 [CONTEXT service_id=132 ]
10-29 16:57:51.030  3410  3410 I MemoryTrimmer: Trimming objects from memory, since app is in the background.
10-29 16:57:51.052  3410  3440 W SearchService: Abort, client detached.
10-29 16:57:51.067  3410  8633 I DeviceStateChecker: DeviceStateChecker cancelled
10-29 16:57:51.069  3410  3410 I MicroDetector: Keeping mic open: false
10-29 16:57:51.070  3410  8655 I AudioController: internalShutdown
10-29 16:57:51.070  3410  8655 I MicrophoneInputStream: mic_close com.google.android.apps.gsa.speech.audio.ae@743fa96
10-29 16:57:51.071  3410  4353 I MicroRecognitionRunner: Stopping hotword detection.
10-29 16:57:51.081   238   285 I SoundTriggerHwService::Module: void android::SoundTriggerHwService::Module::onCallbackEvent(const sp<android::SoundTriggerHwService::CallbackEvent> &) mClient == 0
10-29 16:57:51.085  3410  8634 I MicroRecognitionRunner: Detection finished
10-29 16:57:51.086  1084  1084 I MemoryTrimmer: Trimming objects from memory, since app is in the background.
10-29 16:57:51.097  3410  3410 I MemoryTrimmer: Trimming objects from memory, since app is in the background.
10-29 16:57:51.163  8762  8779 I cr_VariationsSeedFetch: Fetched first run seed in 255 ms
10-29 16:57:51.194   600  1080 I ActivityManager: Start proc 8797:com.android.chrome:sandboxed_process0/u0i548 for service com.android.chrome/org.chromium.content.app.SandboxedProcessService0
10-29 16:57:51.244  8797  8797 W dboxed_process0: type=1400 audit(0.0:879): avc: denied { getattr } for path="/data/data/com.android.chrome" dev="dm-2" ino=12190 scontext=u:r:isolated_app:s0:c512,c768 tcontext=u:object_r:app_data_file:s0:c512,c768 tclass=dir permissive=0
10-29 16:57:51.266  8797  8797 I cr_ChildProcessService: Creating new ChildProcessService pid=8797
10-29 16:57:51.556   600   707 I ActivityManager: Start proc 8825:com.android.chrome:privileged_process0/u0a35 for service com.android.chrome/org.chromium.content.app.PrivilegedProcessService0
10-29 16:57:51.602  8762  8783 W ConnectionStatusConfig: Dynamic lookup for intent failed for action: com.google.android.gms.auth.key.retrieval.service.START
10-29 16:57:51.610  8762  8783 W ConnectionStatusConfig: Dynamic lookup for intent failed for action: com.google.android.gms.auth.key.retrieval.service.START
10-29 16:57:51.619   600  7064 W ActivityManager: Unable to start service Intent { act=com.google.android.gms.auth.key.retrieval.service.START pkg=com.google.android.gms } U=0: not found
10-29 16:57:51.624   600 24515 W ActivityManager: Unbind failed: could not find connection for android.os.BinderProxy@5c0c052
10-29 16:57:51.624  8762  8783 E GmsClient: unable to connect to service: com.google.android.gms.auth.key.retrieval.service.START on com.google.android.gms
10-29 16:57:51.686  8825  8825 I cr_ChildProcessService: Creating new ChildProcessService pid=8825
10-29 16:57:51.728  8762  8762 W cr_KnoxSettingsProvider: Permission to read device policy denied.
10-29 16:57:51.755  8762  8772 I art     : Background sticky concurrent mark sweep GC freed 1920(224KB) AllocSpace objects, 11(688KB) LOS objects, 14% free, 5MB/6MB, paused 577us total 138.029ms
10-29 16:57:51.763  8825  8842 I cr_LibraryLoader: Loaded native library version number "85.0.4183.127"
10-29 16:57:51.763  8825  8842 I cr_CachingUmaRecorder: Flushed 1 samples from 1 histograms.
10-29 16:57:51.780  8825  8842 E libEGL  : validate_display:99 error 3008 (EGL_BAD_DISPLAY)
10-29 16:58:01.121  3410  3410 I MemoryTrimmer: Trimming objects from memory, since app is in the background.
10-29 16:58:01.171   787  7386 W CCTFlatFileLogStore: Excessive logging: 256 events, 117753 bytes from log source ANDROID_GSA last 2899s
10-29 16:58:03.410  8870  8870 D AndroidRuntime: >>>>>> START com.android.internal.os.RuntimeInit uid 2000 <<<<<<
10-29 16:58:03.413  8870  8870 D AndroidRuntime: CheckJNI is OFF
10-29 16:58:03.477  8870  8870 D ICU     : No timezone override file found: /data/misc/zoneinfo/current/icu/icu_tzdata.dat
10-29 16:58:03.508  8870  8870 I Radio-JNI: register_android_hardware_Radio DONE
10-29 16:58:03.523  8870  8870 D AndroidRuntime: Calling main entry com.android.commands.monkey.Monkey
10-29 16:58:03.593   600   613 W BroadcastQueue: Skipping deliver [background] BroadcastRecord{969458b u-1 android.net.conn.CONNECTIVITY_CHANGE} to ReceiverList{9852668 8870 (unknown name)/2000/u-1 remote:68b7305}: process crashing
10-29 16:58:05.147  8870  8870 D MonkeyStub: translateCommand: wake
10-29 16:58:05.261  8870  8870 D MonkeyStub: translateCommand: tap 398 1198
10-29 16:58:07.354  8870  8870 D MonkeyStub: translateCommand: tap 720 1506
10-29 16:58:07.529 29765 29885 I PeopleChimeraService: onService. callbacks = aaik@b0da369, request = com.google.android.gms.common.internal.GetServiceRequest@8cec1ee
10-29 16:58:07.531 29765 29884 I PeopleChimeraService: onService. callbacks = aaik@5eecd1c, request = com.google.android.gms.common.internal.GetServiceRequest@8d40d25
10-29 16:58:09.602  8870  8870 D MonkeyStub: translateCommand: tap 355 1480
10-29 16:58:09.624  8870  8870 D MonkeyStub: Quit requested
10-29 16:58:09.651   600   614 I CwMcuSensor: CwMcuSensor::flush: fd = 223, sensors_id = 0, path = /sys/class/htc_sensorhub/sensor_hub/flush, err = 0
10-29 16:58:09.655   600  6312 I ActivityManager: START u0 {act=android.intent.action.VIEW flg=0x10008000 cmp=com.android.chrome/com.google.android.apps.chrome.Main (has extras)} from uid 10035 on display 0
10-29 16:58:09.679  8870  8870 I art     : System.exit called, status: 6
10-29 16:58:09.679  8870  8870 I AndroidRuntime: VM exiting with result code 6.
10-29 16:58:09.726   600  2707 W WindowManager: Attempted to remove non-existing token: android.os.Binder@bd53a81
10-29 16:58:09.829  8762  8762 E cr_CompositorSurfaceMgr: Transitioning to surface with format : -1
10-29 16:58:09.894   600   609 I art     : Background partial concurrent mark sweep GC freed 20946(1016KB) AllocSpace objects, 3(60KB) LOS objects, 33% free, 15MB/23MB, paused 888us total 171.060ms
10-29 16:58:09.919  8762  8813 W cr_tabmodel: Starting to perform legacy migration.
10-29 16:58:09.921  8762  8813 W cr_tabmodel: Finished performing legacy migration.
10-29 16:58:09.921  8762  8813 W cr_tabmodel: Starting to perform multi-instance migration.
10-29 16:58:09.921  8762  8813 W cr_tabmodel: Finished performing multi-instance migration.
10-29 16:58:09.921  8762  8813 I cr_tabmodel: Starting to fetch tab list for tab_state0
10-29 16:58:09.921  8762  8813 I cr_tabmodel: State file does not exist.
10-29 16:58:09.921  8762  8813 I cr_tabmodel: Starting to fetch tab list for tab_state1
10-29 16:58:09.921  8762  8813 I cr_tabmodel: State file does not exist.
10-29 16:58:09.962  8762  8813 I cr_ADCP : No customization source found
10-29 16:58:10.042   600   620 I ActivityManager: Displayed com.android.chrome/com.google.android.apps.chrome.Main: +352ms
10-29 16:58:10.056  8762  8781 D OpenGLRenderer: endAllActiveAnimators on 0xd506a100 (InsetDrawable) with handle 0xd3d2e470
10-29 16:58:10.061  8762  8762 E cr_CompositorSurfaceMgr: Transitioning to surface with format : -1
10-29 16:58:10.065  8762  8762 E cr_CompositorSurfaceMgr: surfaceCreated format : 0
10-29 16:58:10.066   600 17381 E BatteryStatsService: power: Missing API
10-29 16:58:10.082  8762  8762 I cr_ContextualSearch: Tap suppression enabled: false
10-29 16:58:10.089   796   796 E PhoneInterfaceManager: [PhoneIntfMgr] queryModemActivityInfo: Empty response
10-29 16:58:10.089   600 17381 E BatteryStatsService: no controller energy info supplied
10-29 16:58:10.091  8762  8762 I cr_ChromeTabbedActivity: #initializeState
10-29 16:58:10.091  8762  8762 I cr_CipherFactory: #restoreFromBundle, no savedInstanceState.
10-29 16:58:10.091  8762  8762 I cr_tabmodel: #loadState, ignoreIncognitoFiles? true
10-29 16:58:10.102   600 17381 E BatteryStatsService: modem info is invalid: ModemActivityInfo{ mTimestamp=0 mSleepTimeMs=0 mIdleTimeMs=0 mTxTimeMs[]=[0, 0, 0, 0, 0] mRxTimeMs=0 mEnergyUsed=0}
10-29 16:58:10.278  8762  8762 I SchedulerApiWrapper: Create SchedulerApiMainThreadWrapper
10-29 16:58:10.287  8762  8762 I FeedSessionManagerImpl: FeedSessionManagerImpl has been created
10-29 16:58:10.291  8762  8762 I FeedAppLifecycleLstnr: onEnterForeground called
10-29 16:58:10.291  8762  8762 I FeedSessionManagerImpl: onLifecycleEvent foreground
10-29 16:58:10.292  8762  8762 I FeedSessionManagerImpl: Lazy initialization triggered, getUpdateConsumer
10-29 16:58:10.294  8762  8819 I TaskQueue: Execute task [IMMEDIATE - d: true, b: 0]: 30
10-29 16:58:10.294  8762  8762 I FeedRequestManagerImpl: trigger refresh 2
10-29 16:58:10.295  8762  8762 I TaskQueue:  - task [HEAD_INVALIDATE - d: true, b: 0]: 26
10-29 16:58:10.295  8762  8762 I FeedAppLifecycleLstnr: initialize called
10-29 16:58:10.295  8762  8762 I FeedSessionManagerImpl: onLifecycleEvent initialize
10-29 16:58:10.295  8762  8762 W FeedSessionManagerImpl: FeedSessionManagerImpl has previously been initialized
10-29 16:58:10.317  8762  8762 I ViewConfigCompat: Could not find method getScaledScrollFactor() on ViewConfiguration
10-29 16:58:10.330  8762  8762 I BasicStream: Setting 2 header views, currently have 0 headers
10-29 16:58:10.331  8762  8762 I BasicStream: Setting 2 header views, currently have 2 headers
10-29 16:58:10.406   600   619 D BluetoothManagerService: Message: 20
10-29 16:58:10.406   600   619 D BluetoothManagerService: Added callback: android.bluetooth.IBluetoothManagerCallback$Stub$Proxy@48d1e9d:true
10-29 16:58:10.435  8762  8762 E cr_IntentUtils: getBooleanExtra failed on intent null
10-29 16:58:10.440  8797  8810 I cr_LibraryLoader: Loaded native library version number "85.0.4183.127"
10-29 16:58:10.440  8797  8810 I cr_CachingUmaRecorder: Flushed 1 samples from 1 histograms.
10-29 16:58:10.455  8762  8762 I TimeoutSessionImpl: Using TimeoutSessionImpl
10-29 16:58:10.456  8762  8762 I FeedSessionManagerImpl: Delaying populateSession until initialization is finished
10-29 16:58:10.456  8762  8762 I TaskQueue:  - task [IMMEDIATE - d: true, b: 1]: 13
10-29 16:58:10.457  8762  8762 I MainThreadRunner: Running task [BasicStream onShow] on the Main Thread with a delay of 500 milliseconds
10-29 16:58:10.536   600   713 I ActivityManager: Start proc 8904:com.android.chrome:sandboxed_process1/u0i549 for service com.android.chrome/org.chromium.content.app.SandboxedProcessService1
10-29 16:58:10.559  8762  8819 W SessionCache: Persisted Sessions were not found
10-29 16:58:10.559  8762  8819 I HeadSessionImpl: Initialize HEAD 0 items
10-29 16:58:10.560  8762  8819 I TaskQueue:  - task [BACKGROUND - d: true, b: 2]: 11
10-29 16:58:10.560  8762  8819 I TimingUtils: Task Timing 265ms, thread JardinExecutor | task : Initialization
10-29 16:58:10.560  8762  8819 I TaskQueue:  - Finished 30, time 267 ms
10-29 16:58:10.567  8762  8813 I TaskQueue: Execute task [HEAD_INVALIDATE - d: true, b: 2]: 26
10-29 16:58:10.568  8762  8813 I TimingUtils: Task Timing   0ms, thread background-1 | task : getAllDismissLocalActions | size : 0
10-29 16:58:10.569  8762  8813 I TimingUtils: Task Timing   0ms, thread background-2 | task : getSemanticProperties | size : 0
10-29 16:58:10.569  8762  8813 I MainThreadRunner: Running task [Check Tooltips] on the Main Thread
10-29 16:58:10.569  8762  8813 I TaskQueue:  * Starting starvation checks
10-29 16:58:10.569  8762  8813 I MainThreadRunner: Running task [starvationChecks] on the Main Thread with a delay of 6000 milliseconds
10-29 16:58:10.569  8762  8813 I TaskQueue:  - Finished 26, time 2 ms
10-29 16:58:10.570  8762  8813 I TaskQueue: Execute task [IMMEDIATE - d: true, b: 1]: 13
10-29 16:58:10.570  8762  8813 I FeedSessionManagerImpl: shouldSessionRequestData; hasContent(false), contentCreationTime(0), outstandingRequest(true)
10-29 16:58:10.570  8762  8813 I MainThreadRunner: Running task [SchedulerApiWrapper shouldSessionRequestData] on the Main Thread
10-29 16:58:10.578   600  1080 I ActivityManager: Start proc 8910:com.android.chrome:sandboxed_process2/u0i550 for service com.android.chrome/org.chromium.content.app.SandboxedProcessService2
10-29 16:58:10.627   600  1081 I ActivityManager: Start proc 8930:com.android.chrome:sandboxed_process3/u0i551 for service com.android.chrome/org.chromium.content.app.SandboxedProcessService3
10-29 16:58:10.664   600  3675 I ActivityManager: Start proc 8938:com.android.chrome:sandboxed_process4/u0i552 for service com.android.chrome/org.chromium.content.app.SandboxedProcessService4
10-29 16:58:10.728   600  3994 W ActivityManager: Slow operation: 56ms so far, now at startProcess: returned from zygote!
10-29 16:58:10.728   600  3994 W ActivityManager: Slow operation: 56ms so far, now at startProcess: done updating battery stats
10-29 16:58:10.728   600  3994 W ActivityManager: Slow operation: 56ms so far, now at startProcess: building log message
10-29 16:58:10.728   600  3994 I ActivityManager: Start proc 8955:com.android.chrome:sandboxed_process5/u0i553 for service com.android.chrome/org.chromium.content.app.SandboxedProcessService5
10-29 16:58:10.728   600  3994 W ActivityManager: Slow operation: 56ms so far, now at startProcess: starting to update pids map
10-29 16:58:10.728   600  3994 W ActivityManager: Slow operation: 56ms so far, now at startProcess: done updating pids map
10-29 16:58:10.728   600  3994 W ActivityManager: Slow operation: 56ms so far, now at startProcess: done starting proc!
10-29 16:58:10.807  8904  8904 W dboxed_process1: type=1400 audit(0.0:880): avc: denied { getattr } for path="/data/data/com.android.chrome" dev="dm-2" ino=12190 scontext=u:r:isolated_app:s0:c512,c768 tcontext=u:object_r:app_data_file:s0:c512,c768 tclass=dir permissive=0
10-29 16:58:10.817   600  1076 W ActivityManager: Slow operation: 84ms so far, now at startProcess: returned from zygote!
10-29 16:58:10.817   600  1076 W ActivityManager: Slow operation: 85ms so far, now at startProcess: done updating battery stats
10-29 16:58:10.817   600  1076 W ActivityManager: Slow operation: 85ms so far, now at startProcess: building log message
10-29 16:58:10.817   600  1076 I ActivityManager: Start proc 8967:com.android.chrome:sandboxed_process6/u0i554 for service com.android.chrome/org.chromium.content.app.SandboxedProcessService6
10-29 16:58:10.817   600  1076 W ActivityManager: Slow operation: 85ms so far, now at startProcess: starting to update pids map
10-29 16:58:10.817   600  1076 W ActivityManager: Slow operation: 85ms so far, now at startProcess: done updating pids map
10-29 16:58:10.817   600  1076 W ActivityManager: Slow operation: 85ms so far, now at startProcess: done starting proc!
10-29 16:58:10.860  8910  8910 W dboxed_process2: type=1400 audit(0.0:881): avc: denied { getattr } for path="/data/data/com.android.chrome" dev="dm-2" ino=12190 scontext=u:r:isolated_app:s0:c512,c768 tcontext=u:object_r:app_data_file:s0:c512,c768 tclass=dir permissive=0
10-29 16:58:10.866   600  3994 I ActivityManager: Start proc 8983:com.android.chrome:sandboxed_process7/u0i555 for service com.android.chrome/org.chromium.content.app.SandboxedProcessService7
10-29 16:58:10.872  8762  8762 I PlayCore: UID: [10035]  PID: [8762] SplitInstallService : deferredInstall([image_editor])
10-29 16:58:10.914  8930  8930 W dboxed_process3: type=1400 audit(0.0:882): avc: denied { getattr } for path="/data/data/com.android.chrome" dev="dm-2" ino=12190 scontext=u:r:isolated_app:s0:c512,c768 tcontext=u:object_r:app_data_file:s0:c512,c768 tclass=dir permissive=0
10-29 16:58:10.950   600   707 W ActivityManager: Slow operation: 76ms so far, now at startProcess: returned from zygote!
10-29 16:58:10.950   600   707 W ActivityManager: Slow operation: 76ms so far, now at startProcess: done updating battery stats
10-29 16:58:10.950   600   707 W ActivityManager: Slow operation: 76ms so far, now at startProcess: building log message
10-29 16:58:10.950   600   707 I ActivityManager: Start proc 8998:com.android.chrome:sandboxed_process8/u0i556 for service com.android.chrome/org.chromium.content.app.SandboxedProcessService8
10-29 16:58:10.950   600   707 W ActivityManager: Slow operation: 76ms so far, now at startProcess: starting to update pids map
10-29 16:58:10.950   600   707 W ActivityManager: Slow operation: 76ms so far, now at startProcess: done updating pids map
10-29 16:58:10.950   600   707 W ActivityManager: Slow operation: 76ms so far, now at startProcess: done starting proc!
10-29 16:58:10.978  8904  8904 I cr_ChildProcessService: Creating new ChildProcessService pid=8904
10-29 16:58:10.980  8762  8762 I Choreographer: Skipped 56 frames!  The application may be doing too much work on its main thread.
10-29 16:58:11.000  8938  8938 W dboxed_process4: type=1400 audit(0.0:883): avc: denied { getattr } for path="/data/data/com.android.chrome" dev="dm-2" ino=12190 scontext=u:r:isolated_app:s0:c512,c768 tcontext=u:object_r:app_data_file:s0:c512,c768 tclass=dir permissive=0
10-29 16:58:11.063  8910  8910 I cr_ChildProcessService: Creating new ChildProcessService pid=8910
10-29 16:58:11.177  8762  8772 I art     : Background sticky concurrent mark sweep GC freed 38310(2MB) AllocSpace objects, 20(456KB) LOS objects, 18% free, 9MB/12MB, paused 5.238ms total 115.018ms
10-29 16:58:11.212  8762  8762 I TaskQueue:  - task [IMMEDIATE - d: true, b: 1]: 27
10-29 16:58:11.213  8762  8813 I FeedSessionManagerImpl: shouldSessionRequestDataResult: NO_REQUEST_WITH_WAIT, shouldMakeRequest(false), withTimeout(false), withAppend(false)
10-29 16:58:11.213  8762  8813 I TaskQueue:  - task [USER_FACING - d: true, b: 2]: 24
10-29 16:58:11.214  8762  8813 I TaskQueue:  - Finished 13, time 644 ms
10-29 16:58:11.232  8930  8930 I cr_ChildProcessService: Creating new ChildProcessService pid=8930
10-29 16:58:11.237  8955  8955 W dboxed_process5: type=1400 audit(0.0:884): avc: denied { getattr } for path="/data/data/com.android.chrome" dev="dm-2" ino=12190 scontext=u:r:isolated_app:s0:c512,c768 tcontext=u:object_r:app_data_file:s0:c512,c768 tclass=dir permissive=0
10-29 16:58:11.290  8967  8967 W dboxed_process6: type=1400 audit(0.0:885): avc: denied { getattr } for path="/data/data/com.android.chrome" dev="dm-2" ino=12190 scontext=u:r:isolated_app:s0:c512,c768 tcontext=u:object_r:app_data_file:s0:c512,c768 tclass=dir permissive=0
10-29 16:58:11.314  8983  8983 W dboxed_process7: type=1400 audit(0.0:886): avc: denied { getattr } for path="/data/data/com.android.chrome" dev="dm-2" ino=12190 scontext=u:r:isolated_app:s0:c512,c768 tcontext=u:object_r:app_data_file:s0:c512,c768 tclass=dir permissive=0
10-29 16:58:11.324  8938  8938 I cr_ChildProcessService: Creating new ChildProcessService pid=8938
10-29 16:58:11.363  8762  8762 I cr_tabmodel: Appending tabs being restored to metadata lists, 0, startingNormalCount: 1, startingIncognitoCount: 0
10-29 16:58:11.363  8762  8762 I cr_tabmodel: Serializing tab lists; counts: 1, 0
10-29 16:58:11.418  8955  8955 I cr_ChildProcessService: Creating new ChildProcessService pid=8955
10-29 16:58:11.440  8998  8998 W dboxed_process8: type=1400 audit(0.0:887): avc: denied { getattr } for path="/data/data/com.android.chrome" dev="dm-2" ino=12190 scontext=u:r:isolated_app:s0:c512,c768 tcontext=u:object_r:app_data_file:s0:c512,c768 tclass=dir permissive=0
10-29 16:58:11.483  8904  9009 I cr_LibraryLoader: Loaded native library version number "85.0.4183.127"
10-29 16:58:11.483  8904  9009 I cr_CachingUmaRecorder: Flushed 1 samples from 1 histograms.
10-29 16:58:11.489  8967  8967 I cr_ChildProcessService: Creating new ChildProcessService pid=8967
10-29 16:58:11.520  8910  9018 I cr_LibraryLoader: Loaded native library version number "85.0.4183.127"
10-29 16:58:11.521  8910  9018 I cr_CachingUmaRecorder: Flushed 1 samples from 1 histograms.
10-29 16:58:11.524  8983  8983 I cr_ChildProcessService: Creating new ChildProcessService pid=8983
10-29 16:58:11.545  8762  8817 I TaskQueue: Execute task [IMMEDIATE - d: true, b: 2]: 27
10-29 16:58:11.586  8762  8817 I FeedRequestManagerImpl: Consistency Token: # hU2@7bca4
10-29 16:58:11.607  8930  9021 I cr_LibraryLoader: Loaded native library version number "85.0.4183.127"
10-29 16:58:11.619  8930  9021 I cr_CachingUmaRecorder: Flushed 1 samples from 1 histograms.
10-29 16:58:11.632  8762  8817 I FeedRequestManagerImpl: Capability: FEED_UI
10-29 16:58:11.632  8762  8817 I FeedRequestManagerImpl: Capability: UNDOABLE_ACTIONS
10-29 16:58:11.632  8762  8817 I FeedRequestManagerImpl: Capability: MANAGE_INTERESTS
10-29 16:58:11.632  8762  8817 I FeedRequestManagerImpl: Capability: SEND_FEEDBACK
10-29 16:58:11.632  8762  8817 I FeedRequestManagerImpl: Capability: ARTICLE_SNIPPETS
10-29 16:58:11.648  8762  8817 I FeedRequestManagerImpl: Capability: CLICK_ACTION
10-29 16:58:11.648  8762  8817 I FeedRequestManagerImpl: Capability: VIEW_ACTION
10-29 16:58:11.648  8762  8817 I FeedRequestManagerImpl: Capability: REPORT_FEED_USER_ACTIONS_NOTICE_CARD
10-29 16:58:11.648  8762  8817 I FeedRequestManagerImpl: Capability: BASE_UI
10-29 16:58:11.650  8762  8817 I FeedRequestManagerImpl: Making Request: /httpservice/noretry/DiscoverClankService/FeedQuery
10-29 16:58:11.650  8762  8817 I MainThreadRunner: Running task [NetworkClientWrapper send] on the Main Thread
10-29 16:58:11.650  8762  8817 I TaskQueue:  - Finished 27, time 114 ms
10-29 16:58:11.702  8998  8998 I cr_ChildProcessService: Creating new ChildProcessService pid=8998
10-29 16:58:11.766   600  1076 I ActivityManager: Killing 8904:com.android.chrome:sandboxed_process1/u0a35i549 (adj 0): isolated not needed
10-29 16:58:11.797  8938  9022 I cr_LibraryLoader: Loaded native library version number "85.0.4183.127"
10-29 16:58:11.797  8938  9022 I cr_CachingUmaRecorder: Flushed 1 samples from 1 histograms.
10-29 16:58:11.824  8762  8817 W cr_CrashFileManager: /data/user/0/com.android.chrome/cache/Crash Reports does not exist or is not a directory
10-29 16:58:11.824  8762  8817 W cr_CrashFileManager: /data/user/0/com.android.chrome/cache/Crash Reports does not exist or is not a directory
10-29 16:58:11.824  8762  8817 W cr_CrashFileManager: /data/user/0/com.android.chrome/cache/Crash Reports does not exist or is not a directory
10-29 16:58:11.834   600   613 I ActivityManager: Killing 8910:com.android.chrome:sandboxed_process2/u0a35i550 (adj 0): isolated not needed
10-29 16:58:11.835  8762  8817 I cr_FileUtils: Writing to /data/user/0/com.android.chrome/app_dex/webapk7.dex
10-29 16:58:11.847  8762  8796 I cr_BindingManager: Moderate binding enabled: maxSize=40
10-29 16:58:11.934  8955  9024 I cr_LibraryLoader: Loaded native library version number "85.0.4183.127"
10-29 16:58:11.934  8955  9024 I cr_CachingUmaRecorder: Flushed 1 samples from 1 histograms.
10-29 16:58:11.939   600  1081 I ActivityManager: Start proc 9044:com.android.chrome:sandboxed_process9/u0i557 for service com.android.chrome/org.chromium.content.app.SandboxedProcessService9
10-29 16:58:12.033  8967  9026 I cr_LibraryLoader: Loaded native library version number "85.0.4183.127"
10-29 16:58:12.047  8967  9026 I cr_CachingUmaRecorder: Flushed 1 samples from 1 histograms.
10-29 16:58:12.050   600  1076 I ActivityManager: Killing 8938:com.android.chrome:sandboxed_process4/u0a35i552 (adj 0): isolated not needed
10-29 16:58:12.050   600  1076 I ActivityManager: Killing 8930:com.android.chrome:sandboxed_process3/u0a35i551 (adj 0): isolated not needed
10-29 16:58:12.053  8983  9027 I cr_LibraryLoader: Loaded native library version number "85.0.4183.127"
10-29 16:58:12.063 29765 30286 I Icing   : IndexChimeraService.getServiceInterface callingPackage=com.android.chrome componentName=null serviceId=36
10-29 16:58:12.065  8983  9027 I cr_CachingUmaRecorder: Flushed 1 samples from 1 histograms.
10-29 16:58:12.096 29765 30157 I Icing   : IndexChimeraService.getServiceInterface callingPackage=com.android.chrome componentName=null serviceId=36
10-29 16:58:12.138  8998  9035 I cr_LibraryLoader: Loaded native library version number "85.0.4183.127"
10-29 16:58:12.141  8998  9035 I cr_CachingUmaRecorder: Flushed 1 samples from 1 histograms.
10-29 16:58:12.240  9044  9044 W dboxed_process9: type=1400 audit(0.0:888): avc: denied { getattr } for path="/data/data/com.android.chrome" dev="dm-2" ino=12190 scontext=u:r:isolated_app:s0:c512,c768 tcontext=u:object_r:app_data_file:s0:c512,c768 tclass=dir permissive=0
10-29 16:58:12.255  8955  8955 I cr_ChildProcessService: Destroying ChildProcessService pid=8955
10-29 16:58:12.279  9043  9043 I dex2oat : /system/bin/dex2oat --dex-file=/data/user/0/com.android.chrome/app_dex/webapk7.dex --oat-fd=171 --oat-location=/data/user/0/com.android.chrome/app_dex/oat/arm/webapk7.dex --compiler-filter=speed
10-29 16:58:12.324  9044  9044 I cr_ChildProcessService: Creating new ChildProcessService pid=9044
10-29 16:58:12.329  8983  9027 I chromium: [INFO:child_process_service.cc(69)] ChildProcessService: Exiting child process.
10-29 16:58:12.394  8967  8967 I cr_ChildProcessService: Destroying ChildProcessService pid=8967
10-29 16:58:12.409   600   707 I ActivityManager: Killing 8967:com.android.chrome:sandboxed_process6/u0a35i554 (adj 0): isolated not needed
10-29 16:58:12.409   600   707 I ActivityManager: Killing 8983:com.android.chrome:sandboxed_process7/u0a35i555 (adj 0): isolated not needed
10-29 16:58:12.409   600   707 I ActivityManager: Killing 8998:com.android.chrome:sandboxed_process8/u0a35i556 (adj 0): isolated not needed
10-29 16:58:12.409   600   707 I ActivityManager: Killing 8955:com.android.chrome:sandboxed_process5/u0a35i553 (adj 0): isolated not needed
10-29 16:58:12.512  9044  9074 I cr_LibraryLoader: Loaded native library version number "85.0.4183.127"
10-29 16:58:12.513  9044  9074 I cr_CachingUmaRecorder: Flushed 1 samples from 1 histograms.
10-29 16:58:12.527   600  1079 I ActivityManager: Start proc 9077:com.android.chrome:sandboxed_process10/u0i558 for service com.android.chrome/org.chromium.content.app.SandboxedProcessService10
10-29 16:58:12.587   600   707 W ActivityManager: Slow operation: 52ms so far, now at startProcess: returned from zygote!
10-29 16:58:12.587   600   707 W ActivityManager: Slow operation: 52ms so far, now at startProcess: done updating battery stats
10-29 16:58:12.587   600   707 W ActivityManager: Slow operation: 52ms so far, now at startProcess: building log message
10-29 16:58:12.587   600   707 I ActivityManager: Start proc 9083:com.android.chrome:sandboxed_process11/u0i559 for service com.android.chrome/org.chromium.content.app.SandboxedProcessService11
10-29 16:58:12.587   600   707 W ActivityManager: Slow operation: 52ms so far, now at startProcess: starting to update pids map
10-29 16:58:12.587   600   707 W ActivityManager: Slow operation: 52ms so far, now at startProcess: done updating pids map
10-29 16:58:12.587   600   707 W ActivityManager: Slow operation: 52ms so far, now at startProcess: done starting proc!
10-29 16:58:12.622  9044  9074 I chromium: [INFO:child_process_service.cc(69)] ChildProcessService: Exiting child process.
10-29 16:58:12.625   600  3509 I ActivityManager: Start proc 9098:com.android.chrome:sandboxed_process12/u0i560 for service com.android.chrome/org.chromium.content.app.SandboxedProcessService12
10-29 16:58:12.682   600  3507 I ActivityManager: Start proc 9112:com.android.chrome:sandboxed_process13/u0i561 for service com.android.chrome/org.chromium.content.app.SandboxedProcessService13
10-29 16:58:12.685   600 24515 I ActivityManager: Killing 9044:com.android.chrome:sandboxed_process9/u0a35i557 (adj 0): isolated not needed
10-29 16:58:12.724   600  3675 I ActivityManager: Start proc 9128:com.android.chrome:sandboxed_process14/u0i562 for service com.android.chrome/org.chromium.content.app.SandboxedProcessService14
10-29 16:58:12.767   600   713 I ActivityManager: Start proc 9139:com.android.chrome:sandboxed_process15/u0i563 for service com.android.chrome/org.chromium.content.app.SandboxedProcessService15
10-29 16:58:12.827  9077  9077 W boxed_process10: type=1400 audit(0.0:889): avc: denied { getattr } for path="/data/data/com.android.chrome" dev="dm-2" ino=12190 scontext=u:r:isolated_app:s0:c512,c768 tcontext=u:object_r:app_data_file:s0:c512,c768 tclass=dir permissive=0
10-29 16:58:12.829  8762  8818 W InstanceID: Instance ID SDK is deprecated, com.android.chrome should update to use Firebase Instance ID
10-29 16:58:12.844  8899  8899 D AndroidRuntime: >>>>>> START com.android.internal.os.RuntimeInit uid 2000 <<<<<<
10-29 16:58:12.860  9083  9083 W boxed_process11: type=1400 audit(0.0:890): avc: denied { getattr } for path="/data/data/com.android.chrome" dev="dm-2" ino=12190 scontext=u:r:isolated_app:s0:c512,c768 tcontext=u:object_r:app_data_file:s0:c512,c768 tclass=dir permissive=0
10-29 16:58:12.864   600  3509 I ActivityManager: Start proc 9161:com.android.chrome:sandboxed_process16/u0i564 for service com.android.chrome/org.chromium.content.app.SandboxedProcessService16
10-29 16:58:12.889  8899  8899 D AndroidRuntime: CheckJNI is OFF
10-29 16:58:12.950  9112  9112 W boxed_process13: type=1400 audit(0.0:891): avc: denied { getattr } for path="/data/data/com.android.chrome" dev="dm-2" ino=12190 scontext=u:r:isolated_app:s0:c512,c768 tcontext=u:object_r:app_data_file:s0:c512,c768 tclass=dir permissive=0
10-29 16:58:12.974  9098  9098 W boxed_process12: type=1400 audit(0.0:892): avc: denied { getattr } for path="/data/data/com.android.chrome" dev="dm-2" ino=12190 scontext=u:r:isolated_app:s0:c512,c768 tcontext=u:object_r:app_data_file:s0:c512,c768 tclass=dir permissive=0
10-29 16:58:13.029   600  3507 I ActivityManager: Start proc 9177:com.android.chrome:sandboxed_process17/u0i565 for service com.android.chrome/org.chromium.content.app.SandboxedProcessService17
10-29 16:58:13.051  9077  9077 I cr_ChildProcessService: Creating new ChildProcessService pid=9077
10-29 16:58:13.088  9083  9083 I cr_ChildProcessService: Creating new ChildProcessService pid=9083
10-29 16:58:13.090  9128  9128 W boxed_process14: type=1400 audit(0.0:893): avc: denied { getattr } for path="/data/data/com.android.chrome" dev="dm-2" ino=12190 scontext=u:r:isolated_app:s0:c512,c768 tcontext=u:object_r:app_data_file:s0:c512,c768 tclass=dir permissive=0
10-29 16:58:13.092   600   611 I ActivityManager: Start proc 9186:com.android.chrome:sandboxed_process18/u0i566 for service com.android.chrome/org.chromium.content.app.SandboxedProcessService18
10-29 16:58:13.107  9139  9139 W boxed_process15: type=1400 audit(0.0:894): avc: denied { getattr } for path="/data/data/com.android.chrome" dev="dm-2" ino=12190 scontext=u:r:isolated_app:s0:c512,c768 tcontext=u:object_r:app_data_file:s0:c512,c768 tclass=dir permissive=0
10-29 16:58:13.167  9098  9098 I cr_ChildProcessService: Creating new ChildProcessService pid=9098
10-29 16:58:13.169  9112  9112 I cr_ChildProcessService: Creating new ChildProcessService pid=9112
10-29 16:58:13.170   600  1082 W ActivityManager: Slow operation: 70ms so far, now at startProcess: returned from zygote!
10-29 16:58:13.171   600  1082 W ActivityManager: Slow operation: 70ms so far, now at startProcess: done updating battery stats
10-29 16:58:13.171   600  1082 W ActivityManager: Slow operation: 70ms so far, now at startProcess: building log message
10-29 16:58:13.171   600  1082 I ActivityManager: Start proc 9197:com.android.chrome:sandboxed_process19/u0i567 for service com.android.chrome/org.chromium.content.app.SandboxedProcessService19
10-29 16:58:13.171   600  1082 W ActivityManager: Slow operation: 70ms so far, now at startProcess: starting to update pids map
10-29 16:58:13.171   600  1082 W ActivityManager: Slow operation: 70ms so far, now at startProcess: done updating pids map
10-29 16:58:13.171   600  1082 W ActivityManager: Slow operation: 70ms so far, now at startProcess: done starting proc!
10-29 16:58:13.214  9161  9161 W boxed_process16: type=1400 audit(0.0:895): avc: denied { getattr } for path="/data/data/com.android.chrome" dev="dm-2" ino=12190 scontext=u:r:isolated_app:s0:c512,c768 tcontext=u:object_r:app_data_file:s0:c512,c768 tclass=dir permissive=0
10-29 16:58:13.267  9128  9128 I cr_ChildProcessService: Creating new ChildProcessService pid=9128
10-29 16:58:13.315  9139  9139 I cr_ChildProcessService: Creating new ChildProcessService pid=9139
10-29 16:58:13.362  9077  9183 I cr_LibraryLoader: Loaded native library version number "85.0.4183.127"
10-29 16:58:13.363  9077  9183 I cr_CachingUmaRecorder: Flushed 1 samples from 1 histograms.
10-29 16:58:13.364  9177  9177 W boxed_process17: type=1400 audit(0.0:896): avc: denied { getattr } for path="/data/data/com.android.chrome" dev="dm-2" ino=12190 scontext=u:r:isolated_app:s0:c512,c768 tcontext=u:object_r:app_data_file:s0:c512,c768 tclass=dir permissive=0
10-29 16:58:13.393  9161  9161 I cr_ChildProcessService: Creating new ChildProcessService pid=9161
10-29 16:58:13.410  9043  9043 W dex2oat : Compilation of java.lang.String androidx.core.graphics.drawable.IconCompat.toString() took 167.378ms
10-29 16:58:13.420  9186  9186 W boxed_process18: type=1400 audit(0.0:897): avc: denied { getattr } for path="/data/data/com.android.chrome" dev="dm-2" ino=12190 scontext=u:r:isolated_app:s0:c512,c768 tcontext=u:object_r:app_data_file:s0:c512,c768 tclass=dir permissive=0
10-29 16:58:13.437  9043  9043 I dex2oat : dex2oat took 1.158s (threads: 2) arena alloc=1000KB (1024080B) java alloc=81KB (83240B) native alloc=559KB (573208B) free=2000KB (2048232B)
10-29 16:58:13.469  9083  9185 I cr_LibraryLoader: Loaded native library version number "85.0.4183.127"
10-29 16:58:13.470  9197  9197 W boxed_process19: type=1400 audit(0.0:898): avc: denied { getattr } for path="/data/data/com.android.chrome" dev="dm-2" ino=12190 scontext=u:r:isolated_app:s0:c512,c768 tcontext=u:object_r:app_data_file:s0:c512,c768 tclass=dir permissive=0
10-29 16:58:13.470  9083  9185 I cr_CachingUmaRecorder: Flushed 1 samples from 1 histograms.
10-29 16:58:13.476  9112  9203 I cr_LibraryLoader: Loaded native library version number "85.0.4183.127"
10-29 16:58:13.476  9112  9203 I cr_CachingUmaRecorder: Flushed 1 samples from 1 histograms.
10-29 16:58:13.510  9098  9202 I cr_LibraryLoader: Loaded native library version number "85.0.4183.127"
10-29 16:58:13.510  9098  9202 I cr_CachingUmaRecorder: Flushed 1 samples from 1 histograms.
10-29 16:58:13.576  9177  9177 I cr_ChildProcessService: Creating new ChildProcessService pid=9177
10-29 16:58:13.583  9186  9186 I cr_ChildProcessService: Creating new ChildProcessService pid=9186
10-29 16:58:13.628  9128  9221 I cr_LibraryLoader: Loaded native library version number "85.0.4183.127"
10-29 16:58:13.628  9128  9221 I cr_CachingUmaRecorder: Flushed 1 samples from 1 histograms.
10-29 16:58:13.636  9139  9222 I cr_LibraryLoader: Loaded native library version number "85.0.4183.127"
10-29 16:58:13.648  9139  9222 I cr_CachingUmaRecorder: Flushed 1 samples from 1 histograms.
10-29 16:58:13.670  9197  9197 I cr_ChildProcessService: Creating new ChildProcessService pid=9197
10-29 16:58:13.712  9161  9223 I cr_LibraryLoader: Loaded native library version number "85.0.4183.127"
10-29 16:58:13.712  9161  9223 I cr_CachingUmaRecorder: Flushed 1 samples from 1 histograms.
10-29 16:58:13.727   600   609 I art     : Background partial concurrent mark sweep GC freed 32584(1693KB) AllocSpace objects, 13(356KB) LOS objects, 33% free, 15MB/23MB, paused 888us total 450.644ms
10-29 16:58:13.738  8899  8899 D ICU     : No timezone override file found: /data/misc/zoneinfo/current/icu/icu_tzdata.dat
10-29 16:58:13.817  9128  9221 I chromium: [INFO:child_process_service.cc(69)] ChildProcessService: Exiting child process.
10-29 16:58:13.835  9177  9230 I cr_LibraryLoader: Loaded native library version number "85.0.4183.127"
10-29 16:58:13.842  9177  9230 I cr_CachingUmaRecorder: Flushed 1 samples from 1 histograms.
10-29 16:58:13.874  9197  9238 I cr_LibraryLoader: Loaded native library version number "85.0.4183.127"
10-29 16:58:13.874  9197  9238 I cr_CachingUmaRecorder: Flushed 1 samples from 1 histograms.
10-29 16:58:13.883  9186  9234 I cr_LibraryLoader: Loaded native library version number "85.0.4183.127"
10-29 16:58:13.884  9186  9234 I cr_CachingUmaRecorder: Flushed 1 samples from 1 histograms.
10-29 16:58:13.897  8899  8899 I Radio-JNI: register_android_hardware_Radio DONE
10-29 16:58:13.943  8899  8899 D AndroidRuntime: Calling main entry com.android.commands.am.Am
10-29 16:58:13.958  9197  9238 I chromium: [INFO:child_process_service.cc(69)] ChildProcessService: Exiting child process.
10-29 16:58:13.959   197   197 E lowmemorykiller: Error writing /proc/9197/oom_score_adj; errno=22
10-29 16:58:13.964  9186  9234 I chromium: [INFO:child_process_service.cc(69)] ChildProcessService: Exiting child process.
10-29 16:58:13.970  8762  8762 W chromium: [WARNING:compositor_view.cc(315)] Child process died (type=6) pid=9186)
10-29 16:58:13.971   600  2707 I ActivityManager: Process com.android.chrome:sandboxed_process18 (pid 9186) has died
10-29 16:58:13.971   600  2707 D ActivityManager: cleanUpApplicationRecord -- 9186
10-29 16:58:13.975   600  2707 I ActivityManager: Killing 9197:com.android.chrome:sandboxed_process19/u0a35i567 (adj 0): isolated not needed
10-29 16:58:13.975   600  2707 I ActivityManager: Killing 9177:com.android.chrome:sandboxed_process17/u0a35i565 (adj 0): isolated not needed
10-29 16:58:13.976   600  2707 I ActivityManager: Killing 9128:com.android.chrome:sandboxed_process14/u0a35i562 (adj 0): isolated not needed
10-29 16:58:13.976   600  2707 I ActivityManager: Killing 9161:com.android.chrome:sandboxed_process16/u0a35i564 (adj 0): isolated not needed
10-29 16:58:13.976   600  2707 I ActivityManager: Killing 9139:com.android.chrome:sandboxed_process15/u0a35i563 (adj 0): isolated not needed
10-29 16:58:13.976   600  2707 I ActivityManager: Killing 9098:com.android.chrome:sandboxed_process12/u0a35i560 (adj 0): isolated not needed
10-29 16:58:13.976   600  2707 I ActivityManager: Killing 9083:com.android.chrome:sandboxed_process11/u0a35i559 (adj 0): isolated not needed
10-29 16:58:13.976   600  2707 I ActivityManager: Killing 9112:com.android.chrome:sandboxed_process13/u0a35i561 (adj 0): isolated not needed
10-29 16:58:13.976   600  2707 I ActivityManager: Killing 9077:com.android.chrome:sandboxed_process10/u0a35i558 (adj 0): isolated not needed
10-29 16:58:13.977   600  2707 E JavaBinder: !!! FAILED BINDER TRANSACTION !!!  (parcel size = 76)
10-29 16:58:13.985  8762  8796 I cr_BindingManager: onTrimMemory: level=15, size=0
10-29 16:58:14.006   600  1080 D ActivityManager: cleanUpApplicationRecord -- 9197
10-29 16:58:14.009  8762  8762 W chromium: [WARNING:compositor_view.cc(315)] Child process died (type=6) pid=9197)
10-29 16:58:14.026   600   611 I ActivityManager: START u0 {act=android.intent.action.VIEW dat=http://biomedcentral.com/... flg=0x10000000 cmp=com.android.chrome/com.google.android.apps.chrome.Main} from uid 2000 on display 0
10-29 16:58:14.031  8899  8899 D AndroidRuntime: Shutting down VM
10-29 16:58:14.063  8762  8762 E cr_IntentUtils: getInt failed on bundle null
10-29 16:58:14.094   600  3994 I ActivityManager: Start proc 9266:com.android.chrome:sandboxed_process20/u0i568 for service com.android.chrome/org.chromium.content.app.SandboxedProcessService20
10-29 16:58:14.124  8762  8762 W FeedModelProvider: sessionId is null, this should have been set during population
10-29 16:58:14.125  8762  8762 I cr_tabmodel: Appending tabs being restored to metadata lists, 0, startingNormalCount: 2, startingIncognitoCount: 0
10-29 16:58:14.125  8762  8762 I cr_tabmodel: Serializing tab lists; counts: 2, 0
10-29 16:58:14.197  9266  9266 W boxed_process20: type=1400 audit(0.0:899): avc: denied { getattr } for path="/data/data/com.android.chrome" dev="dm-2" ino=12190 scontext=u:r:isolated_app:s0:c512,c768 tcontext=u:object_r:app_data_file:s0:c512,c768 tclass=dir permissive=0
10-29 16:58:14.252  9266  9266 I cr_ChildProcessService: Creating new ChildProcessService pid=9266
