10-31 07:09:43.526 24843 24843 W CrUtilityMain: type=1400 audit(0.0:11743): avc: denied { setattr } for name="tl_en-us_2022-10-24_484508980_100000_index.bin" dev="dm-2" ino=52803 scontext=u:r:isolated_app:s0:c512,c768 tcontext=u:object_r:app_data_file:s0:c512,c768 tclass=file permissive=0
10-31 07:09:43.526 24843 24843 W CrUtilityMain: type=1400 audit(0.0:11744): avc: denied { setattr } for name="manifest.json" dev="dm-2" ino=53070 scontext=u:r:isolated_app:s0:c512,c768 tcontext=u:object_r:app_data_file:s0:c512,c768 tclass=file permissive=0
10-31 07:09:43.530 24843 24843 W CrUtilityMain: type=1400 audit(0.0:11745): avc: denied { setattr } for name="verified_contents.json" dev="dm-2" ino=53139 scontext=u:r:isolated_app:s0:c512,c768 tcontext=u:object_r:app_data_file:s0:c512,c768 tclass=file permissive=0
10-31 07:09:43.539 24830 24830 I cr_ChildProcessService: Destroying ChildProcessService pid=24830
10-31 07:09:43.540 24830 24843 I chromium: [INFO:child_process_service.cc(69)] ChildProcessService: Exiting child process.
10-31 07:09:43.557   600 24611 I ActivityManager: Process com.android.chrome:sandboxed_process23 (pid 24830) has died
10-31 07:09:43.557   600 24611 D ActivityManager: cleanUpApplicationRecord -- 24830
10-31 07:09:43.559 24151 24151 W chromium: [WARNING:compositor_view.cc(315)] Child process died (type=6) pid=24830)
10-31 07:09:43.854 24753 24753 D MonkeyStub: translateCommand: tap 158 750
10-31 07:09:44.126   787  1259 E AsyncOperation: serviceID=121, operation=GetLaunchDataOperation [CONTEXT service_id=259 ]
10-31 07:09:44.126   787  1259 E AsyncOperation: OperationException[Status{statusCode=Not an instant app, resolution=null}]
10-31 07:09:44.126   787  1259 E AsyncOperation: 	at aeay.a(:com.google.android.gms@203915020@20.39.15 (040406-335085812):20)
10-31 07:09:44.126   787  1259 E AsyncOperation: 	at aain.run(:com.google.android.gms@203915020@20.39.15 (040406-335085812):7)
10-31 07:09:44.126   787  1259 E AsyncOperation: 	at boex.run(:com.google.android.gms@203915020@20.39.15 (040406-335085812):2)
10-31 07:09:44.126   787  1259 E AsyncOperation: 	at sup.b(:com.google.android.gms@203915020@20.39.15 (040406-335085812):12)
10-31 07:09:44.126   787  1259 E AsyncOperation: 	at sup.run(:com.google.android.gms@203915020@20.39.15 (040406-335085812):7)
10-31 07:09:44.126   787  1259 E AsyncOperation: 	at java.util.concurrent.ThreadPoolExecutor.runWorker(ThreadPoolExecutor.java:1133)
10-31 07:09:44.126   787  1259 E AsyncOperation: 	at java.util.concurrent.ThreadPoolExecutor$Worker.run(ThreadPoolExecutor.java:607)
10-31 07:09:44.126   787  1259 E AsyncOperation: 	at tam.run(:com.google.android.gms@203915020@20.39.15 (040406-335085812):0)
10-31 07:09:44.126   787  1259 E AsyncOperation: 	at java.lang.Thread.run(Thread.java:761)
10-31 07:09:44.245   600   713 I ActivityManager: Start proc 24849:com.android.chrome:sandboxed_process24/u0i928 for service com.android.chrome/org.chromium.content.app.SandboxedProcessService24
10-31 07:09:44.300 24849 24849 W boxed_process24: type=1400 audit(0.0:11746): avc: denied { getattr } for path="/data/data/com.android.chrome" dev="dm-2" ino=12190 scontext=u:r:isolated_app:s0:c512,c768 tcontext=u:object_r:app_data_file:s0:c512,c768 tclass=dir permissive=0
10-31 07:09:44.357 24849 24849 I cr_ChildProcessService: Creating new ChildProcessService pid=24849
10-31 07:09:44.431 24849 24862 I cr_LibraryLoader: Loaded native library version number "85.0.4183.127"
10-31 07:09:44.432 24849 24862 I cr_CachingUmaRecorder: Flushed 1 samples from 1 histograms.
10-31 07:09:44.456 24862 24862 W CrUtilityMain: type=1400 audit(0.0:11747): avc: denied { setattr } for name="optimization-hints.pb" dev="dm-2" ino=53542 scontext=u:r:isolated_app:s0:c512,c768 tcontext=u:object_r:app_data_file:s0:c512,c768 tclass=file permissive=0
10-31 07:09:44.456 24862 24862 W CrUtilityMain: type=1400 audit(0.0:11748): avc: denied { setattr } for name="manifest.json" dev="dm-2" ino=53275 scontext=u:r:isolated_app:s0:c512,c768 tcontext=u:object_r:app_data_file:s0:c512,c768 tclass=file permissive=0
10-31 07:09:44.456 24862 24862 W CrUtilityMain: type=1400 audit(0.0:11749): avc: denied { setattr } for name="verified_contents.json" dev="dm-2" ino=53429 scontext=u:r:isolated_app:s0:c512,c768 tcontext=u:object_r:app_data_file:s0:c512,c768 tclass=file permissive=0
10-31 07:09:44.491 24849 24849 I cr_ChildProcessService: Destroying ChildProcessService pid=24849
10-31 07:09:44.492 24849 24849 I art     : System.exit called, status: 0
10-31 07:09:44.492 24849 24849 I AndroidRuntime: VM exiting with result code 0, cleanup skipped.
10-31 07:09:44.557   600  6312 I ActivityManager: Process com.android.chrome:sandboxed_process24 (pid 24849) has died
10-31 07:09:44.557   600  6312 D ActivityManager: cleanUpApplicationRecord -- 24849
10-31 07:09:44.566 24151 24151 W chromium: [WARNING:compositor_view.cc(315)] Child process died (type=6) pid=24849)
10-31 07:09:44.918   787   805 W Icing   : isOptedInForAppHistory: empty Account Name encountered
10-31 07:09:44.932   787   805 W Icing   : isOptedInForAppHistory: empty Account Name encountered
10-31 07:09:44.963   787 22798 W Icing   : isOptedInForAppHistory: empty Account Name encountered
10-31 07:09:45.023 24151 24151 I cr_tabmodel: Appending tabs being restored to metadata lists, 0, startingNormalCount: 2, startingIncognitoCount: 0
10-31 07:09:45.023 24151 24151 I cr_tabmodel: Serializing tab lists; counts: 2, 0
10-31 07:09:45.631   600 29683 I ActivityManager: Start proc 24869:com.android.chrome:sandboxed_process25/u0i929 for service com.android.chrome/org.chromium.content.app.SandboxedProcessService25
10-31 07:09:45.673 24869 24869 W boxed_process25: type=1400 audit(0.0:11750): avc: denied { getattr } for path="/data/data/com.android.chrome" dev="dm-2" ino=12190 scontext=u:r:isolated_app:s0:c512,c768 tcontext=u:object_r:app_data_file:s0:c512,c768 tclass=dir permissive=0
10-31 07:09:45.699 24869 24869 I cr_ChildProcessService: Creating new ChildProcessService pid=24869
10-31 07:09:45.755 24869 24882 I cr_LibraryLoader: Loaded native library version number "85.0.4183.127"
10-31 07:09:45.755 24869 24882 I cr_CachingUmaRecorder: Flushed 1 samples from 1 histograms.
10-31 07:09:45.766 24882 24882 W CrUtilityMain: type=1400 audit(0.0:11751): avc: denied { setattr } for name="crl-set" dev="dm-2" ino=56901 scontext=u:r:isolated_app:s0:c512,c768 tcontext=u:object_r:app_data_file:s0:c512,c768 tclass=file permissive=0
10-31 07:09:45.770 24882 24882 W CrUtilityMain: type=1400 audit(0.0:11752): avc: denied { setattr } for name="manifest.json" dev="dm-2" ino=56970 scontext=u:r:isolated_app:s0:c512,c768 tcontext=u:object_r:app_data_file:s0:c512,c768 tclass=file permissive=0
10-31 07:09:45.770 24882 24882 W CrUtilityMain: type=1400 audit(0.0:11753): avc: denied { setattr } for name="LICENSE" dev="dm-2" ino=54930 scontext=u:r:isolated_app:s0:c512,c768 tcontext=u:object_r:app_data_file:s0:c512,c768 tclass=file permissive=0
10-31 07:09:45.773 24882 24882 W CrUtilityMain: type=1400 audit(0.0:11754): avc: denied { setattr } for name="verified_contents.json" dev="dm-2" ino=58163 scontext=u:r:isolated_app:s0:c512,c768 tcontext=u:object_r:app_data_file:s0:c512,c768 tclass=file permissive=0
10-31 07:09:45.786 24869 24869 I cr_ChildProcessService: Destroying ChildProcessService pid=24869
10-31 07:09:45.787 24869 24882 I chromium: [INFO:child_process_service.cc(69)] ChildProcessService: Exiting child process.
10-31 07:09:45.807   600  7064 I ActivityManager: Process com.android.chrome:sandboxed_process25 (pid 24869) has died
10-31 07:09:45.807   600  7064 D ActivityManager: cleanUpApplicationRecord -- 24869
10-31 07:09:45.814 24151 24151 W chromium: [WARNING:compositor_view.cc(315)] Child process died (type=6) pid=24869)
10-31 07:09:46.932 24151 24151 I cr_tabmodel: Appending tabs being restored to metadata lists, 0, startingNormalCount: 2, startingIncognitoCount: 0
10-31 07:09:46.932 24151 24151 I cr_tabmodel: Serializing tab lists; counts: 2, 0
10-31 07:09:46.958 24151 24151 I cr_tabmodel: Appending tabs being restored to metadata lists, 0, startingNormalCount: 2, startingIncognitoCount: 0
10-31 07:09:46.958 24151 24151 I cr_tabmodel: Serializing tab lists; counts: 2, 0
10-31 07:09:47.055   600  6312 I ActivityManager: Start proc 24894:com.android.chrome:sandboxed_process26/u0i930 for service com.android.chrome/org.chromium.content.app.SandboxedProcessService26
10-31 07:09:47.113 24894 24894 W boxed_process26: type=1400 audit(0.0:11755): avc: denied { getattr } for path="/data/data/com.android.chrome" dev="dm-2" ino=12190 scontext=u:r:isolated_app:s0:c512,c768 tcontext=u:object_r:app_data_file:s0:c512,c768 tclass=dir permissive=0
10-31 07:09:47.140 24894 24894 I cr_ChildProcessService: Creating new ChildProcessService pid=24894
10-31 07:09:47.187 24894 24907 I cr_LibraryLoader: Loaded native library version number "85.0.4183.127"
10-31 07:09:47.187 24894 24907 I cr_CachingUmaRecorder: Flushed 1 samples from 1 histograms.
10-31 07:09:47.203 24907 24907 W CrUtilityMain: type=1400 audit(0.0:11756): avc: denied { setattr } for name="manifest.json" dev="dm-2" ino=54392 scontext=u:r:isolated_app:s0:c512,c768 tcontext=u:object_r:app_data_file:s0:c512,c768 tclass=file permissive=0
10-31 07:09:47.206 24907 24907 W CrUtilityMain: type=1400 audit(0.0:11757): avc: denied { setattr } for name="verified_contents.json" dev="dm-2" ino=56428 scontext=u:r:isolated_app:s0:c512,c768 tcontext=u:object_r:app_data_file:s0:c512,c768 tclass=file permissive=0
10-31 07:09:47.218 24894 24907 I chromium: [INFO:child_process_service.cc(69)] ChildProcessService: Exiting child process.
10-31 07:09:47.219   197   197 E lowmemorykiller: Error writing /proc/24894/oom_score_adj; errno=22
10-31 07:09:47.244   600  7064 I ActivityManager: Process com.android.chrome:sandboxed_process26 (pid 24894) has died
10-31 07:09:47.244   600  7064 D ActivityManager: cleanUpApplicationRecord -- 24894
10-31 07:09:47.245 24151 24151 W chromium: [WARNING:compositor_view.cc(315)] Child process died (type=6) pid=24894)
10-31 07:09:48.271 24151 24151 I cr_tabmodel: Appending tabs being restored to metadata lists, 0, startingNormalCount: 2, startingIncognitoCount: 0
10-31 07:09:48.271 24151 24151 I cr_tabmodel: Serializing tab lists; counts: 2, 0
10-31 07:09:48.660 24151 24151 I cr_tabmodel: Appending tabs being restored to metadata lists, 0, startingNormalCount: 2, startingIncognitoCount: 0
10-31 07:09:48.660 24151 24151 I cr_tabmodel: Serializing tab lists; counts: 2, 0
10-31 07:09:48.697   600  1079 I ActivityManager: Start proc 24911:com.android.chrome:sandboxed_process27/u0i931 for service com.android.chrome/org.chromium.content.app.SandboxedProcessService27
10-31 07:09:48.743 24911 24911 W boxed_process27: type=1400 audit(0.0:11758): avc: denied { getattr } for path="/data/data/com.android.chrome" dev="dm-2" ino=12190 scontext=u:r:isolated_app:s0:c512,c768 tcontext=u:object_r:app_data_file:s0:c512,c768 tclass=dir permissive=0
10-31 07:09:48.772 24911 24911 I cr_ChildProcessService: Creating new ChildProcessService pid=24911
10-31 07:09:48.823 24911 24924 I cr_LibraryLoader: Loaded native library version number "85.0.4183.127"
10-31 07:09:48.824 24911 24924 I cr_CachingUmaRecorder: Flushed 1 samples from 1 histograms.
10-31 07:09:48.843 24924 24924 W CrUtilityMain: type=1400 audit(0.0:11759): avc: denied { setattr } for name="download_file_types.pb" dev="dm-2" ino=57743 scontext=u:r:isolated_app:s0:c512,c768 tcontext=u:object_r:app_data_file:s0:c512,c768 tclass=file permissive=0
10-31 07:09:48.843 24924 24924 W CrUtilityMain: type=1400 audit(0.0:11760): avc: denied { setattr } for name="manifest.json" dev="dm-2" ino=57539 scontext=u:r:isolated_app:s0:c512,c768 tcontext=u:object_r:app_data_file:s0:c512,c768 tclass=file permissive=0
10-31 07:09:48.846 24924 24924 W CrUtilityMain: type=1400 audit(0.0:11761): avc: denied { setattr } for name="verified_contents.json" dev="dm-2" ino=51856 scontext=u:r:isolated_app:s0:c512,c768 tcontext=u:object_r:app_data_file:s0:c512,c768 tclass=file permissive=0
10-31 07:09:48.857 24911 24924 I chromium: [INFO:child_process_service.cc(69)] ChildProcessService: Exiting child process.
10-31 07:09:48.880   600  3509 I ActivityManager: Process com.android.chrome:sandboxed_process27 (pid 24911) has died
10-31 07:09:48.880   600  3509 D ActivityManager: cleanUpApplicationRecord -- 24911
10-31 07:09:48.888 24151 24151 W chromium: [WARNING:compositor_view.cc(315)] Child process died (type=6) pid=24911)
10-31 07:09:48.899 24753 24753 D MonkeyStub: translateCommand: touch down 614 1561
10-31 07:09:48.910 24753 24753 D MonkeyStub: translateCommand: touch move 614 1561
10-31 07:09:49.037 24753 24753 D MonkeyStub: translateCommand: touch move 614 1436
10-31 07:09:49.283 24753 24753 D MonkeyStub: translateCommand: touch move 614 1311
10-31 07:09:49.404 24753 24753 D MonkeyStub: translateCommand: touch move 614 1186
10-31 07:09:49.509 24753 24753 D MonkeyStub: translateCommand: touch move 614 1061
10-31 07:09:49.614 24753 24753 D MonkeyStub: translateCommand: touch move 614 937
10-31 07:09:49.719 24753 24753 D MonkeyStub: translateCommand: touch move 614 812
10-31 07:09:49.834 24753 24753 D MonkeyStub: translateCommand: touch move 614 687
10-31 07:09:49.962 24753 24753 D MonkeyStub: translateCommand: touch move 614 562
10-31 07:09:50.074 24753 24753 D MonkeyStub: translateCommand: touch move 614 437
10-31 07:09:50.186 24753 24753 D MonkeyStub: translateCommand: touch move 614 312
10-31 07:09:50.193 24753 24753 D MonkeyStub: translateCommand: touch up 614 312
10-31 07:09:50.553   600  3509 I ActivityManager: Start proc 24929:com.android.chrome:sandboxed_process28/u0i932 for service com.android.chrome/org.chromium.content.app.SandboxedProcessService28
10-31 07:09:50.603 24929 24929 W boxed_process28: type=1400 audit(0.0:11762): avc: denied { getattr } for path="/data/data/com.android.chrome" dev="dm-2" ino=12190 scontext=u:r:isolated_app:s0:c512,c768 tcontext=u:object_r:app_data_file:s0:c512,c768 tclass=dir permissive=0
10-31 07:09:50.629 24929 24929 I cr_ChildProcessService: Creating new ChildProcessService pid=24929
10-31 07:09:50.674 24929 24943 I cr_LibraryLoader: Loaded native library version number "85.0.4183.127"
10-31 07:09:50.674 24929 24943 I cr_CachingUmaRecorder: Flushed 1 samples from 1 histograms.
10-31 07:09:50.686 24943 24943 W CrUtilityMain: type=1400 audit(0.0:11763): avc: denied { setattr } for name="ssl_error_assistant.pb" dev="dm-2" ino=59479 scontext=u:r:isolated_app:s0:c512,c768 tcontext=u:object_r:app_data_file:s0:c512,c768 tclass=file permissive=0
10-31 07:09:50.690 24943 24943 W CrUtilityMain: type=1400 audit(0.0:11764): avc: denied { setattr } for name="manifest.json" dev="dm-2" ino=57478 scontext=u:r:isolated_app:s0:c512,c768 tcontext=u:object_r:app_data_file:s0:c512,c768 tclass=file permissive=0
10-31 07:09:50.690 24943 24943 W CrUtilityMain: type=1400 audit(0.0:11765): avc: denied { setattr } for name="verified_contents.json" dev="dm-2" ino=41440 scontext=u:r:isolated_app:s0:c512,c768 tcontext=u:object_r:app_data_file:s0:c512,c768 tclass=file permissive=0
10-31 07:09:50.703 24929 24943 I chromium: [INFO:child_process_service.cc(69)] ChildProcessService: Exiting child process.
10-31 07:09:50.704   197   197 E lowmemorykiller: Error writing /proc/24929/oom_score_adj; errno=22
10-31 07:09:50.727   600  1082 I ActivityManager: Process com.android.chrome:sandboxed_process28 (pid 24929) has died
10-31 07:09:50.727   600  1082 D ActivityManager: cleanUpApplicationRecord -- 24929
10-31 07:09:50.729 24151 24151 W chromium: [WARNING:compositor_view.cc(315)] Child process died (type=6) pid=24929)
10-31 07:09:52.646   600  1079 I ActivityManager: Start proc 24947:com.android.chrome:sandboxed_process29/u0i933 for service com.android.chrome/org.chromium.content.app.SandboxedProcessService29
10-31 07:09:52.736 24947 24947 W boxed_process29: type=1400 audit(0.0:11766): avc: denied { getattr } for path="/data/data/com.android.chrome" dev="dm-2" ino=12190 scontext=u:r:isolated_app:s0:c512,c768 tcontext=u:object_r:app_data_file:s0:c512,c768 tclass=dir permissive=0
10-31 07:09:52.763 24947 24947 I cr_ChildProcessService: Creating new ChildProcessService pid=24947
10-31 07:09:52.806 24947 24960 I cr_LibraryLoader: Loaded native library version number "85.0.4183.127"
10-31 07:09:52.807 24947 24960 I cr_CachingUmaRecorder: Flushed 1 samples from 1 histograms.
10-31 07:09:52.820 24960 24960 W CrUtilityMain: type=1400 audit(0.0:11767): avc: denied { setattr } for name="safety_tips.pb" dev="dm-2" ino=22558 scontext=u:r:isolated_app:s0:c512,c768 tcontext=u:object_r:app_data_file:s0:c512,c768 tclass=file permissive=0
10-31 07:09:52.820 24960 24960 W CrUtilityMain: type=1400 audit(0.0:11768): avc: denied { setattr } for name="manifest.json" dev="dm-2" ino=22474 scontext=u:r:isolated_app:s0:c512,c768 tcontext=u:object_r:app_data_file:s0:c512,c768 tclass=file permissive=0
10-31 07:09:52.823 24960 24960 W CrUtilityMain: type=1400 audit(0.0:11769): avc: denied { setattr } for name="verified_contents.json" dev="dm-2" ino=16073 scontext=u:r:isolated_app:s0:c512,c768 tcontext=u:object_r:app_data_file:s0:c512,c768 tclass=file permissive=0
10-31 07:09:52.833 24947 24960 I chromium: [INFO:child_process_service.cc(69)] ChildProcessService: Exiting child process.
10-31 07:09:52.850   600  7064 I ActivityManager: Process com.android.chrome:sandboxed_process29 (pid 24947) has died
10-31 07:09:52.850   600  7064 D ActivityManager: cleanUpApplicationRecord -- 24947
10-31 07:09:52.853 24151 24151 W chromium: [WARNING:compositor_view.cc(315)] Child process died (type=6) pid=24947)
10-31 07:09:55.028   600  1081 I ActivityManager: Start proc 24965:com.android.chrome:sandboxed_process30/u0i934 for service com.android.chrome/org.chromium.content.app.SandboxedProcessService30
10-31 07:09:55.060 24965 24965 W boxed_process30: type=1400 audit(0.0:11770): avc: denied { getattr } for path="/data/data/com.android.chrome" dev="dm-2" ino=12190 scontext=u:r:isolated_app:s0:c512,c768 tcontext=u:object_r:app_data_file:s0:c512,c768 tclass=dir permissive=0
10-31 07:09:55.082 24965 24965 I cr_ChildProcessService: Creating new ChildProcessService pid=24965
10-31 07:09:55.120 24965 24978 I cr_LibraryLoader: Loaded native library version number "85.0.4183.127"
10-31 07:09:55.120 24965 24978 I cr_CachingUmaRecorder: Flushed 1 samples from 1 histograms.
10-31 07:09:55.136 24978 24978 W CrUtilityMain: type=1400 audit(0.0:11771): avc: denied { setattr } for name=5072656C6F61642044617461 dev="dm-2" ino=57983 scontext=u:r:isolated_app:s0:c512,c768 tcontext=u:object_r:app_data_file:s0:c512,c768 tclass=file permissive=0
10-31 07:09:55.136 24978 24978 W CrUtilityMain: type=1400 audit(0.0:11772): avc: denied { setattr } for name="manifest.json" dev="dm-2" ino=57813 scontext=u:r:isolated_app:s0:c512,c768 tcontext=u:object_r:app_data_file:s0:c512,c768 tclass=file permissive=0
10-31 07:09:55.140 24978 24978 W CrUtilityMain: type=1400 audit(0.0:11773): avc: denied { setattr } for name="verified_contents.json" dev="dm-2" ino=58642 scontext=u:r:isolated_app:s0:c512,c768 tcontext=u:object_r:app_data_file:s0:c512,c768 tclass=file permissive=0
10-31 07:09:55.151 24965 24965 I cr_ChildProcessService: Destroying ChildProcessService pid=24965
10-31 07:09:55.152 24965 24978 I chromium: [INFO:child_process_service.cc(69)] ChildProcessService: Exiting child process.
10-31 07:09:55.174   600  1076 I ActivityManager: Process com.android.chrome:sandboxed_process30 (pid 24965) has died
10-31 07:09:55.174   600  1076 D ActivityManager: cleanUpApplicationRecord -- 24965
10-31 07:09:55.176 24151 24151 W chromium: [WARNING:compositor_view.cc(315)] Child process died (type=6) pid=24965)
10-31 07:09:55.234 24753 24753 D MonkeyStub: translateCommand: touch down 614 1561
10-31 07:09:55.242 24753 24753 D MonkeyStub: translateCommand: touch move 614 1561
10-31 07:09:55.347 24753 24753 D MonkeyStub: translateCommand: touch move 614 1436
10-31 07:09:55.452 24753 24753 D MonkeyStub: translateCommand: touch move 614 1311
10-31 07:09:55.563 24753 24753 D MonkeyStub: translateCommand: touch move 614 1186
10-31 07:09:55.669 24753 24753 D MonkeyStub: translateCommand: touch move 614 1061
10-31 07:09:55.702 24151 24151 I cr_tabmodel: Appending tabs being restored to metadata lists, 0, startingNormalCount: 2, startingIncognitoCount: 0
10-31 07:09:55.702 24151 24151 I cr_tabmodel: Serializing tab lists; counts: 2, 0
10-31 07:09:55.793 24753 24753 D MonkeyStub: translateCommand: touch move 614 937
10-31 07:09:55.901 24753 24753 D MonkeyStub: translateCommand: touch move 614 812
10-31 07:09:56.007 24753 24753 D MonkeyStub: translateCommand: touch move 614 687
10-31 07:09:56.112 24753 24753 D MonkeyStub: translateCommand: touch move 614 562
10-31 07:09:56.224 24753 24753 D MonkeyStub: translateCommand: touch move 614 437
10-31 07:09:56.330 24753 24753 D MonkeyStub: translateCommand: touch move 614 312
10-31 07:09:56.339 24753 24753 D MonkeyStub: translateCommand: touch up 614 312
10-31 07:09:57.590   600 25704 I ActivityManager: Start proc 24985:com.android.chrome:sandboxed_process31/u0i935 for service com.android.chrome/org.chromium.content.app.SandboxedProcessService31
10-31 07:09:57.693 24985 24985 W boxed_process31: type=1400 audit(0.0:11774): avc: denied { getattr } for path="/data/data/com.android.chrome" dev="dm-2" ino=12190 scontext=u:r:isolated_app:s0:c512,c768 tcontext=u:object_r:app_data_file:s0:c512,c768 tclass=dir permissive=0
10-31 07:09:57.723 24985 24985 I cr_ChildProcessService: Creating new ChildProcessService pid=24985
10-31 07:09:57.764 24985 24998 I cr_LibraryLoader: Loaded native library version number "85.0.4183.127"
10-31 07:09:57.765 24985 24998 I cr_CachingUmaRecorder: Flushed 1 samples from 1 histograms.
10-31 07:09:57.776 24998 24998 W CrUtilityMain: type=1400 audit(0.0:11775): avc: denied { setattr } for name="tls_deprecation_config.pb" dev="dm-2" ino=57585 scontext=u:r:isolated_app:s0:c512,c768 tcontext=u:object_r:app_data_file:s0:c512,c768 tclass=file permissive=0
10-31 07:09:57.780 24998 24998 W CrUtilityMain: type=1400 audit(0.0:11776): avc: denied { setattr } for name="manifest.json" dev="dm-2" ino=57604 scontext=u:r:isolated_app:s0:c512,c768 tcontext=u:object_r:app_data_file:s0:c512,c768 tclass=file permissive=0
10-31 07:09:57.780 24998 24998 W CrUtilityMain: type=1400 audit(0.0:11777): avc: denied { setattr } for name="verified_contents.json" dev="dm-2" ino=57736 scontext=u:r:isolated_app:s0:c512,c768 tcontext=u:object_r:app_data_file:s0:c512,c768 tclass=file permissive=0
10-31 07:09:57.792 24985 24998 I chromium: [INFO:child_process_service.cc(69)] ChildProcessService: Exiting child process.
10-31 07:09:57.793   197   197 E lowmemorykiller: Error writing /proc/24985/oom_score_adj; errno=22
10-31 07:09:57.817   600 13558 I ActivityManager: Process com.android.chrome:sandboxed_process31 (pid 24985) has died
10-31 07:09:57.817   600 13558 D ActivityManager: cleanUpApplicationRecord -- 24985
10-31 07:09:57.820 24151 24151 W chromium: [WARNING:compositor_view.cc(315)] Child process died (type=6) pid=24985)
10-31 07:09:58.565 24753 24753 D MonkeyStub: Quit requested
10-31 07:09:58.609 24753 24753 I art     : System.exit called, status: 84
10-31 07:09:58.609 24753 24753 I AndroidRuntime: VM exiting with result code 84.
10-31 07:09:58.617   600   614 I CwMcuSensor: CwMcuSensor::flush: fd = 225, sensors_id = 0, path = /sys/class/htc_sensorhub/sensor_hub/flush, err = 0
10-31 07:09:58.647   600 25704 W WindowManager: Attempted to remove non-existing token: android.os.Binder@924636d
10-31 07:10:09.640   246  9471 D NuPlayerDriver: reset(0xf0220b40) at state 4
10-31 07:10:09.640   246  9471 D NuPlayerDriver: notifyListener_l(0xf0220b40), (8, 0, 0), loop setting(0, 0)
10-31 07:10:09.643   246 24714 D NuPlayerDriver: notifyResetComplete(0xf0220b40)
10-31 07:10:14.524 17545 18097 I Icing   : IndexChimeraService.getServiceInterface callingPackage=com.android.chrome componentName=null serviceId=36
10-31 07:10:14.539 17545 23970 W Icing   : No valid account for uploading user actions
10-31 07:10:14.556 17545 17879 I Icing   : IndexChimeraService.getServiceInterface callingPackage=com.google.android.gms componentName=null serviceId=30
10-31 07:10:14.606 17545 23970 I Icing   : Usage reports ok 2, Failed Usage reports 0, indexed 1, rejected 0
10-31 07:10:14.610 17545 23970 W Icing   : No valid account for uploading user actions
10-31 07:10:14.618 17545 23970 I Icing   : Usage reports ok 0, Failed Usage reports 0, indexed 0, rejected 0
10-31 07:10:14.620 17545 23970 I Icing   : Indexing com.android.chrome-omnibox from com.android.chrome
10-31 07:10:14.646 17545 23970 I Icing   : Indexing done com.android.chrome-omnibox
10-31 07:10:14.771 25019 25019 D AndroidRuntime: >>>>>> START com.android.internal.os.RuntimeInit uid 2000 <<<<<<
10-31 07:10:14.775 25019 25019 D AndroidRuntime: CheckJNI is OFF
10-31 07:10:14.841 25019 25019 D ICU     : No timezone override file found: /data/misc/zoneinfo/current/icu/icu_tzdata.dat
10-31 07:10:14.873 25019 25019 I Radio-JNI: register_android_hardware_Radio DONE
10-31 07:10:14.888 25019 25019 D AndroidRuntime: Calling main entry com.android.commands.am.Am
10-31 07:10:14.905   600  1080 I ActivityManager: Force stopping com.android.chrome appid=10035 user=0: from pid 25019
10-31 07:10:14.906   600  1080 I ActivityManager: Killing 24212:com.android.chrome:privileged_process0/u0a35 (adj 0): stop com.android.chrome
10-31 07:10:14.906   600  1080 D ActivityManager: cleanUpApplicationRecord -- 24212
10-31 07:10:14.906   600  1080 W ActivityManager: Scheduling restart of crashed service com.android.chrome/org.chromium.content.app.PrivilegedProcessService0 in 1000ms
10-31 07:10:14.908   600  1080 I ActivityManager: Killing 24151:com.android.chrome/u0a35 (adj 0): stop com.android.chrome
10-31 07:10:14.908   600  1080 D ActivityManager: cleanUpApplicationRecord -- 24151
10-31 07:10:14.918   600  1080 I ActivityManager: Killing 24636:com.android.chrome:sandboxed_process19/u0a35i923 (adj 0): isolated not needed
10-31 07:10:14.920   600  1080 W ActivityManager: Force removing ActivityRecord{5b4ee9a u0 com.android.chrome/com.google.android.apps.chrome.Main t2134}: app died, no saved state
10-31 07:10:14.922 24185 24185 I cr_ChildProcessService: Destroying ChildProcessService pid=24185
10-31 07:10:14.930   600  1080 I ActivityManager: Killing 24185:com.android.chrome:sandboxed_process0/u0a35i904 (adj 0): isolated not needed
10-31 07:10:14.953 25019 25019 D AndroidRuntime: Shutting down VM
10-31 07:10:14.976  1084  1171 I OpenGLRenderer: Initialized EGL, version 1.4
10-31 07:10:14.976  1084  1171 D OpenGLRenderer: Swap behavior 2
10-31 07:10:15.012  1061  1061 D RegisteredNfcFServicesCache: Service unchanged, not updating
10-31 07:10:15.068 23104 23115 I AttachedClient: Adding client event 2 to pending list.
10-31 07:10:15.075   600 27731 D ActivityManager: cleanUpApplicationRecord -- 24636
10-31 07:10:15.076 23104 23104 I OptInState: There is a new client and it does not support opt-in. Dropping request.
10-31 07:10:15.080 23104 23104 I MicroDetectionWorker: Micro detection mode: [mDetectionMode: [1]].
10-31 07:10:15.087 23104 25034 I MicroRecognitionRunner: Starting detection.
10-31 07:10:15.088 23104 22563 I MicrophoneInputStream: mic_starting com.google.android.apps.gsa.speech.audio.ae@b272061
10-31 07:10:15.090   238 25036 I AudioFlinger: AudioFlinger's thread 0xef6921c0 ready to run
10-31 07:10:15.093   238   285 I SoundTriggerHwService::Module: void android::SoundTriggerHwService::Module::onCallbackEvent(const sp<android::SoundTriggerHwService::CallbackEvent> &) mClient == 0
10-31 07:10:15.095   600  1079 D ActivityManager: cleanUpApplicationRecord -- 24185
10-31 07:10:15.102 23104 22563 I MicrophoneInputStream: mic_started com.google.android.apps.gsa.speech.audio.ae@b272061
10-31 07:10:15.161   600  7064 D ConnectivityService: ConnectivityService NetworkRequestInfo binderDied(NetworkRequest [ LISTEN id=1608, [ Capabilities: INTERNET&NOT_RESTRICTED&TRUSTED&FOREGROUND] ], android.os.BinderProxy@c8ea607)
10-31 07:10:15.161   600  7064 D ConnectivityService: ConnectivityService NetworkRequestInfo binderDied(NetworkRequest [ LISTEN id=1606, [ Capabilities: INTERNET&NOT_RESTRICTED&TRUSTED&FOREGROUND] ], android.os.BinderProxy@fbd0334)
10-31 07:10:15.162   600  7064 D ConnectivityService: ConnectivityService NetworkRequestInfo binderDied(NetworkRequest [ LISTEN id=1605, [ Capabilities: INTERNET&NOT_RESTRICTED&TRUSTED&FOREGROUND] ], android.os.BinderProxy@8ac655d)
10-31 07:10:15.162   600  7064 D ConnectivityService: ConnectivityService NetworkRequestInfo binderDied(NetworkRequest [ LISTEN id=1607, [ Capabilities: INTERNET&NOT_RESTRICTED&TRUSTED&FOREGROUND] ], android.os.BinderProxy@b37aed2)
10-31 07:10:15.162   600  7064 D GraphicsStats: Buffer count: 2
10-31 07:10:15.164   600   649 E ConnectivityService: RemoteException caught trying to send a callback msg for NetworkRequest [ LISTEN id=1608, [ Capabilities: INTERNET&NOT_RESTRICTED&TRUSTED&FOREGROUND] ]
10-31 07:10:15.164   600   649 E ConnectivityService: RemoteException caught trying to send a callback msg for NetworkRequest [ LISTEN id=1606, [ Capabilities: INTERNET&NOT_RESTRICTED&TRUSTED&FOREGROUND] ]
10-31 07:10:15.164   600   649 E ConnectivityService: RemoteException caught trying to send a callback msg for NetworkRequest [ LISTEN id=1605, [ Capabilities: INTERNET&NOT_RESTRICTED&TRUSTED&FOREGROUND] ]
10-31 07:10:15.165   600   649 E ConnectivityService: RemoteException caught trying to send a callback msg for NetworkRequest [ LISTEN id=1607, [ Capabilities: INTERNET&NOT_RESTRICTED&TRUSTED&FOREGROUND] ]
10-31 07:10:15.276 23104 23104 I MicroDetectionWorker: onReady
10-31 07:10:15.448 25037 25037 D AndroidRuntime: >>>>>> START com.android.internal.os.RuntimeInit uid 2000 <<<<<<
10-31 07:10:15.452 25037 25037 D AndroidRuntime: CheckJNI is OFF
10-31 07:10:15.512  1084  1171 W OpenGLRenderer: Incorrectly called buildLayer on View: ShortcutAndWidgetContainer, destroying layer...
10-31 07:10:15.525 25037 25037 D ICU     : No timezone override file found: /data/misc/zoneinfo/current/icu/icu_tzdata.dat
10-31 07:10:15.553 25037 25037 I Radio-JNI: register_android_hardware_Radio DONE
10-31 07:10:15.568 25037 25037 D AndroidRuntime: Calling main entry com.android.commands.pm.Pm
10-31 07:10:15.582   600 25704 I ActivityManager: Force stopping com.android.chrome appid=10035 user=0: clear data
10-31 07:10:15.586   600   613 I ActivityManager: Force stopping com.android.chrome appid=10035 user=-1: clearApplicationUserData
10-31 07:10:15.627   787   787 I GeofencerStateMachine: removeGeofences: removeRequest=RemoveGeofencingRequest[REMOVE_ALL packageName=com.android.chrome]
10-31 07:10:15.632 25037 25037 I art     : System.exit called, status: 0
10-31 07:10:15.632 25037 25037 I AndroidRuntime: VM exiting with result code 0.
10-31 07:10:15.637  1061  1061 D RegisteredNfcFServicesCache: Service unchanged, not updating
10-31 07:10:15.643   600   612 W ResourceType: No known package when getting value for resource number 0x7f080316
10-31 07:10:15.643   600   612 W ResourceType: No known package when getting value for resource number 0x7f130448
10-31 07:10:15.644   600   612 W ResourceType: No known package when getting value for resource number 0x7f080315
10-31 07:10:15.644   600   612 W ResourceType: No known package when getting value for resource number 0x7f130123
10-31 07:10:15.644   600   612 W ResourceType: No known package when getting value for resource number 0x7f130447
10-31 07:10:15.648   600   612 W ResourceType: No known package when getting value for resource number 0x7f1302e4
10-31 07:10:15.648   600   612 E ShortcutService: Ignoring excessive intent tag.
10-31 07:10:15.675 17545 23264 I Icing   : doRemovePackageData com.android.chrome
10-31 07:10:15.675 17545 23264 I Icing   : Removing corpus key com.android.chrome-.implicit: for package com.android.chrome
10-31 07:10:15.702   787 25052 I Fitness : FitCleanupIntentOperation received Intent android.intent.action.PACKAGE_DATA_CLEARED [CONTEXT service_id=17 ]
10-31 07:10:15.714 17545 23264 I native  : flash-index.cc:1519 Flash index sort hb 68 prefix-hits 139 -> 128 at 10.560ms
10-31 07:10:15.751 17545 23264 I Icing   : Removing corpus key com.android.chrome-omnibox for package com.android.chrome
10-31 07:10:15.809 17545 23264 I Icing   : Starting compaction min disk 99.926% min index 99.988%
10-31 07:10:15.939 17545 23264 I native  : document-store.cc:1654 Scored 2186 usage reports, missing_corpora 1182 update_failed 1
10-31 07:10:15.971 17545 23264 W native  : words-map.cc:30 INVALID_ARGUMENT: Empty URI
10-31 07:10:15.971 17545 23264 W native  : words-map.cc:34 WordsMap was not properly initialized
10-31 07:10:16.065 17545 23264 E native  : compactor.cc:67 Could not index embedding for docid 1: INTERNAL: Unable to find Thing Proto section 
10-31 07:10:16.066 17545 23264 E native  : compactor.cc:67 Could not index embedding for docid 3: INTERNAL: Unable to find Thing Proto section 
10-31 07:10:16.066 17545 23264 E native  : compactor.cc:67 Could not index embedding for docid 5: INTERNAL: Unable to find Thing Proto section 
10-31 07:10:16.067 17545 23264 E native  : compactor.cc:67 Could not index embedding for docid 7: INTERNAL: Unable to find Thing Proto section 
10-31 07:10:16.072 17545 23264 E native  : compactor.cc:67 Could not index embedding for docid 8: INTERNAL: Unable to find Thing Proto section 
10-31 07:10:16.073 17545 23264 E native  : compactor.cc:67 Could not index embedding for docid 10: INTERNAL: Unable to find Thing Proto section 
10-31 07:10:16.073 17545 23264 E native  : compactor.cc:67 Could not index embedding for docid 11: INTERNAL: Unable to find Thing Proto section 
10-31 07:10:16.073 17545 23264 E native  : compactor.cc:67 Could not index embedding for docid 13: INTERNAL: Unable to find Thing Proto section 
10-31 07:10:16.074 17545 23264 E native  : compactor.cc:67 Could not index embedding for docid 14: INTERNAL: Unable to find Thing Proto section 
10-31 07:10:16.079 17545 23264 E native  : compactor.cc:67 Could not index embedding for docid 17: INTERNAL: Unable to find Thing Proto section 
10-31 07:10:16.079 17545 23264 E native  : compactor.cc:67 Could not index embedding for docid 18: INTERNAL: Unable to find Thing Proto section 
10-31 07:10:16.080 17545 23264 E native  : compactor.cc:67 Could not index embedding for docid 21: INTERNAL: Unable to find Thing Proto section 
10-31 07:10:16.080 17545 23264 E native  : compactor.cc:67 Could not index embedding for docid 22: INTERNAL: Unable to find Thing Proto section 
10-31 07:10:16.087 17545 23264 E native  : compactor.cc:67 Could not index embedding for docid 26: INTERNAL: Unable to find Thing Proto section 
10-31 07:10:16.087 17545 23264 E native  : compactor.cc:67 Could not index embedding for docid 27: INTERNAL: Unable to find Thing Proto section 
10-31 07:10:16.136 17545 23264 I native  : flash-index.cc:1519 Flash index sort hb 34 prefix-hits 54 -> 54 at 31.259ms
10-31 07:10:16.161 17545 23264 W native  : words-map.cc:30 INVALID_ARGUMENT: Empty URI
10-31 07:10:16.161 17545 23264 W native  : words-map.cc:34 WordsMap was not properly initialized
10-31 07:10:16.199 17545 23264 I Icing   : updateResources: need to parse acol{com.android.chrome}
10-31 07:10:16.258 17545 23264 I Icing   : Indexing com.android.chrome-omnibox from com.android.chrome
10-31 07:10:16.269   600 13557 I ActivityManager: Start proc 25065:com.android.chrome/u0a35 for content provider com.android.chrome/com.google.android.apps.chrome.icing.IcingProvider
10-31 07:10:16.365 17545 23264 I Icing   : Indexing done com.android.chrome-omnibox
