10-30 23:19:42.078  3319  3376 I FeedSessionManagerImpl: Caching getStreamFeatures - items 31, cache misses 0, cache size 31
10-30 23:19:42.079  3319  3376 I FeedModelProvider: Moving _session:b0200732-7ee2-40b8-9ae8-522d684e2692 to READY
10-30 23:19:42.079  3319  3376 I MainThreadRunner: Running task [FeedModelProvider onSessionStart] on the Main Thread
10-30 23:19:42.079  3319  3376 I FeedModelProvider: ModelProvider Mutation committed - structure changes 31, childrenToBind 31, removedChildren false, Token false
10-30 23:19:42.080   600 10249 D ActivityManager: cleanUpApplicationRecord -- 3511
10-30 23:19:42.080   600 10249 I ActivityManager: Killing 3750:com.android.chrome:sandboxed_process19/u0a35i71 (adj 0): isolated not needed
10-30 23:19:42.081   600 10249 I ActivityManager: Killing 3733:com.android.chrome:sandboxed_process18/u0a35i70 (adj 0): isolated not needed
10-30 23:19:42.087  3319  3376 I FeedSessionManagerImpl: Populate new session: _session:b0200732-7ee2-40b8-9ae8-522d684e2692, creation time 10-30 23:19:42.077
10-30 23:19:42.087  3319  3376 I TimingUtils: Task Timing  16ms, thread background-2 | task : Create/Populate New Session
10-30 23:19:42.087  3319  3376 I TaskQueue:  - Finished 24, time 17 ms
10-30 23:19:42.088  3319  3376 I TaskQueue: Execute task [BACKGROUND - d: false, b: 1]: 11
10-30 23:19:42.088  3319  3376 I ContentGc: Re-enqueuing triggerContentGc; attempts(0)
10-30 23:19:42.088  3319  3376 I TaskQueue:  - task [BACKGROUND - d: false, b: 1]: 11
10-30 23:19:42.088  3319  3376 I TaskQueue:  - Finished 11, time 0 ms
10-30 23:19:42.088  3319  3376 I TaskQueue: Execute task [BACKGROUND - d: false, b: 1]: 23
10-30 23:19:42.118  3319  3319 W chromium: [WARNING:compositor_view.cc(315)] Child process died (type=6) pid=3511)
10-30 23:19:42.124  3319  3319 I FeedModelProvider: No children found for Cursor
10-30 23:19:42.134   600 17381 D ActivityManager: cleanUpApplicationRecord -- 3750
10-30 23:19:42.145   600 24515 D ActivityManager: cleanUpApplicationRecord -- 3647
10-30 23:19:42.164   600  9614 D ActivityManager: cleanUpApplicationRecord -- 3662
10-30 23:19:42.173   600   713 D ActivityManager: cleanUpApplicationRecord -- 3682
10-30 23:19:42.179   600  7064 D ActivityManager: cleanUpApplicationRecord -- 3635
10-30 23:19:42.185   600 13558 D ActivityManager: cleanUpApplicationRecord -- 3463
10-30 23:19:42.195 12169  2057 W Icing   : No valid account for uploading user actions
10-30 23:19:42.199  3319  3319 W FrameAdapter: [] Slow Bind () time: 63999 ps
10-30 23:19:42.211   600  2707 D ActivityManager: cleanUpApplicationRecord -- 3628
10-30 23:19:42.239   600 24515 D ActivityManager: cleanUpApplicationRecord -- 3733
10-30 23:19:42.251  3319  3376 I TimingUtils: Task Timing 162ms, thread background-3 | task : commitContentMutation | mutations : 32
10-30 23:19:42.251  3319  3376 I TimingUtils: Task Timing   0ms, thread background-4 | task : commitSemanticPropertiesMutation | mutations : 0
10-30 23:19:42.251  3319  3376 I TaskQueue:  - Finished 23, time 163 ms
10-30 23:19:42.251  3319  3380 W chromium: [WARNING:spdy_session.cc(3090)] Received RST for invalid stream1
10-30 23:19:42.251  3319  3376 I TaskQueue: Execute task [BACKGROUND - d: false, b: 0]: 11
10-30 23:19:42.254   600   615 W libprocessgroup: failed to kill pid 3463: No such process
10-30 23:19:42.255  3319  3376 I SessionCache: Determining accessible content
10-30 23:19:42.257 12169 12810 I Icing   : IndexChimeraService.getServiceInterface callingPackage=com.google.android.gms componentName=null serviceId=30
10-30 23:19:42.258  3319  3376 I TimingUtils: Task Timing   6ms, thread background-5 | task : ContentGc | contentItemsRemoved : 0
10-30 23:19:42.258  3319  3376 I TaskQueue:  - Finished 11, time 7 ms
10-30 23:19:42.259  3319  3319 E ParameterizedTextEvalua: Error formatting display string "Optical Illusion IQ Test: Only 2% can spot cat hidden inside wardrobe in 15 secs!
10-30 23:19:42.259  3319  3319 E ParameterizedTextEvalua: Optical Illusion IQ Test: An optical illusion is a mind-bending, deeply fascinating, shape-shifting image of an object or drawing or people ...
10-30 23:19:42.259  3319  3319 E ParameterizedTextEvalua: Jagran Josh - %s. "
10-30 23:19:42.259  3319  3319 E ParameterizedTextEvalua: java.util.FormatFlagsConversionMismatchException: Conversion = c, Flags =  
10-30 23:19:42.259  3319  3319 E ParameterizedTextEvalua: 	at java.util.Formatter$FormatSpecifier.failMismatch(Formatter.java:4131)
10-30 23:19:42.259  3319  3319 E ParameterizedTextEvalua: 	at java.util.Formatter$FormatSpecifier.checkBadFlags(Formatter.java:3035)
10-30 23:19:42.259  3319  3319 E ParameterizedTextEvalua: 	at java.util.Formatter$FormatSpecifier.checkCharacter(Formatter.java:3012)
10-30 23:19:42.259  3319  3319 E ParameterizedTextEvalua: 	at java.util.Formatter$FormatSpecifier.<init>(Formatter.java:2766)
10-30 23:19:42.259  3319  3319 E ParameterizedTextEvalua: 	at java.util.Formatter$FormatSpecifierParser.<init>(Formatter.java:2591)
10-30 23:19:42.259  3319  3319 E ParameterizedTextEvalua: 	at java.util.Formatter.parse(Formatter.java:2524)
10-30 23:19:42.259  3319  3319 E ParameterizedTextEvalua: 	at java.util.Formatter.format(Formatter.java:2472)
10-30 23:19:42.259  3319  3319 E ParameterizedTextEvalua: 	at java.util.Formatter.format(Formatter.java:2426)
10-30 23:19:42.259  3319  3319 E ParameterizedTextEvalua: 	at java.lang.String.format(String.java:2626)
10-30 23:19:42.259  3319  3319 E ParameterizedTextEvalua: 	at Ju1.a(chromium-Monochrome.aab-stable-418312773:24)
10-30 23:19:42.259  3319  3319 E ParameterizedTextEvalua: 	at iu1.a(chromium-Monochrome.aab-stable-418312773:80)
10-30 23:19:42.259  3319  3319 E ParameterizedTextEvalua: 	at av1.a(chromium-Monochrome.aab-stable-418312773:12)
10-30 23:19:42.259  3319  3319 E ParameterizedTextEvalua: 	at su1.a(chromium-Monochrome.aab-stable-418312773:16)
10-30 23:19:42.259  3319  3319 E ParameterizedTextEvalua: 	at Ko1.f(chromium-Monochrome.aab-stable-418312773:65)
10-30 23:19:42.259  3319  3319 E ParameterizedTextEvalua: 	at so1.r(chromium-Monochrome.aab-stable-418312773:13)
10-30 23:19:42.259  3319  3319 E ParameterizedTextEvalua: 	at fi.t(chromium-Monochrome.aab-stable-418312773:1)
10-30 23:19:42.259  3319  3319 E ParameterizedTextEvalua: 	at Bi.k(chromium-Monochrome.aab-stable-418312773:169)
10-30 23:19:42.259  3319  3319 E ParameterizedTextEvalua: 	at Bi.e(chromium-Monochrome.aab-stable-418312773:1)
10-30 23:19:42.259  3319  3319 E ParameterizedTextEvalua: 	at Rh.c(chromium-Monochrome.aab-stable-418312773:8)
10-30 23:19:42.259  3319  3319 E ParameterizedTextEvalua: 	at androidx.recyclerview.widget.LinearLayoutManager.s1(chromium-Monochrome.aab-stable-418312773:1)
10-30 23:19:42.259  3319  3319 E ParameterizedTextEvalua: 	at androidx.recyclerview.widget.LinearLayoutManager.d1(chromium-Monochrome.aab-stable-418312773:12)
10-30 23:19:42.259  3319  3319 E ParameterizedTextEvalua: 	at androidx.recyclerview.widget.LinearLayoutManager.u0(chromium-Monochrome.aab-stable-418312773:127)
10-30 23:19:42.259  3319  3319 E ParameterizedTextEvalua: 	at androidx.recyclerview.widget.RecyclerView.x(chromium-Monochrome.aab-stable-418312773:8)
10-30 23:19:42.259  3319  3319 E ParameterizedTextEvalua: 	at androidx.recyclerview.widget.RecyclerView.v(chromium-Monochrome.aab-stable-418312773:9)
10-30 23:19:42.259  3319  3319 E ParameterizedTextEvalua: 	at androidx.recyclerview.widget.RecyclerView.onLayout(chromium-Monochrome.aab-stable-418312773:3)
10-30 23:19:42.259  3319  3319 E ParameterizedTextEvalua: 	at android.view.View.layout(View.java:17637)
10-30 23:19:42.259  3319  3319 E ParameterizedTextEvalua: 	at android.view.ViewGroup.layout(ViewGroup.java:5575)
10-30 23:19:42.259  3319  3319 E ParameterizedTextEvalua: 	at android.widget.FrameLayout.layoutChildren(FrameLayout.java:323)
10-30 23:19:42.259  3319  3319 E ParameterizedTextEvalua: 	at android.widget.FrameLayout.onLayout(FrameLayout.java:261)
10-30 23:19:42.259  3319  3319 E ParameterizedTextEvalua: 	at android.view.View.layout(View.java:17637)
10-30 23:19:42.259  3319  3319 E ParameterizedTextEvalua: 	at android.view.ViewGroup.layout(ViewGroup.java:5575)
10-30 23:19:42.259  3319  3319 E ParameterizedTextEvalua: 	at android.widget.FrameLayout.layoutChildren(FrameLayout.java:323)
10-30 23:19:42.259  3319  3319 E ParameterizedTextEvalua: 	at android.widget.FrameLayout.onLayout(FrameLayout.java:261)
10-30 23:19:42.259  3319  3319 E ParameterizedTextEvalua: 	at org.chromium.chrome.browser.compositor.CompositorViewHolder.onLayout(chromium-Monochrome.aab-stable-418312773:2)
10-30 23:19:42.259  3319  3319 E ParameterizedTextEvalua: 	at android.view.View.layout(View.java:17637)
10-30 23:19:42.259  3319  3319 E ParameterizedTextEvalua: 	at android.view.ViewGroup.layout(ViewGroup.java:5575)
10-30 23:19:42.259  3319  3319 E ParameterizedTextEvalua: 	at androidx.coordinatorlayout.widget.CoordinatorLayout.p(chromium-Monochrome.aab-stable-418312773:60)
10-30 23:19:42.259  3319  3319 E ParameterizedTextEvalua: 	at androidx.coordinatorlayout.widget.CoordinatorLayout.onLayout(chromium-Monochrome.aab-stable-418312773:9)
10-30 23:19:42.259  3319  3319 E ParameterizedTextEvalua: 	at android.view.View.layout(View.java:17637)
10-30 23:19:42.259  3319  3319 E ParameterizedTextEvalua: 	at android.view.ViewGroup.layout(ViewGroup.java:5575)
10-30 23:19:42.259  3319  3319 E ParameterizedTextEvalua: 	at android.widget.FrameLayout.layoutChildren(FrameLayout.java:323)
10-30 23:19:42.259  3319  3319 E ParameterizedTextEvalua: 	at android.widget.FrameLayout.onLayout(FrameLayout.java:261)
10-30 23:19:42.259  3319  3319 E ParameterizedTextEvalua: 	at android.view.View.layout(View.java:17637)
10-30 23:19:42.259  3319  3319 E ParameterizedTextEvalua: 	at android.view.ViewGroup.layout(ViewGroup.java:5575)
10-30 23:19:42.259  3319  3319 E ParameterizedTextEvalua: 	at android.widget.FrameLayout.layoutChildren(FrameLayout.java:323)
10-30 23:19:42.259  3319  3319 E ParameterizedTextEvalua: 	at android.widget.FrameLayout.onLayout(FrameLayout.java:261)
10-30 23:19:42.259  3319  3319 E ParameterizedTextEvalua: 	at android.view.View.layout(View.java:17637)
10-30 23:19:42.259  3319  3319 E ParameterizedTextEvalua: 	at android.view.ViewGroup.layout(ViewGroup.java:5575)
10-30 23:19:42.259  3319  3319 E ParameterizedTextEvalua: 	at android.widget.FrameLayout.layoutChildren(FrameLayout.java:323)
10-30 23:19:42.259  3319  3319 E ParameterizedTextEvalua: 	at android.widget.FrameLayout.onLayout(FrameLayout.java:261)
10-30 23:19:42.259  3319  3319 E ParameterizedTextEvalua: 	at android.view.View.layout(View.java:17637)
10-30 23:19:42.259  3319  3319 E ParameterizedTextEvalua: 	at android.view.ViewGroup.layout(ViewGroup.java:5575)
10-30 23:19:42.259  3319  3319 E ParameterizedTextEvalua: 	at android.widget.LinearLayout.setChildFrame(LinearLayout.java:1741)
10-30 23:19:42.259  3319  3319 E ParameterizedTextEvalua: 	at android.widget.LinearLayout.layoutVertical(LinearLayout.java:1585)
10-30 23:19:42.259  3319  3319 E ParameterizedTextEvalua: 	at android.widget.LinearLayout.onLayout(LinearLayout.java:1494)
10-30 23:19:42.259  3319  3319 E ParameterizedTextEvalua: 	at android.view.View.layout(View.java:17637)
10-30 23:19:42.259  3319  3319 E ParameterizedTextEvalua: 	at android.view.ViewGroup.layout(ViewGroup.java:5575)
10-30 23:19:42.259  3319  3319 E ParameterizedTextEvalua: 	at android.widget.FrameLayout.layoutChildren(FrameLayout.java:323)
10-30 23:19:42.259  3319  3319 E ParameterizedTextEvalua: 	at android.widget.FrameLayout.onLayout(FrameLayout.java:261)
10-30 23:19:42.259  3319  3319 E ParameterizedTextEvalua: 	at com.android.internal.policy.DecorView.onLayout(DecorView.java:726)
10-30 23:19:42.259  3319  3319 E ParameterizedTextEvalua: 	at android.view.View.layout(View.java:17637)
10-30 23:19:42.259  3319  3319 E ParameterizedTextEvalua: 	at android.view.ViewGroup.layout(ViewGroup.java:5575)
10-30 23:19:42.259  3319  3319 E ParameterizedTextEvalua: 	at android.view.ViewRootImpl.performLayout(ViewRootImpl.java:2346)
10-30 23:19:42.259  3319  3319 E ParameterizedTextEvalua: 	at android.view.ViewRootImpl.performTraversals(ViewRootImpl.java:2068)
10-30 23:19:42.259  3319  3319 E ParameterizedTextEvalua: 	at android.view.ViewRootImpl.doTraversal(ViewRootImpl.java:1254)
10-30 23:19:42.259  3319  3319 E ParameterizedTextEvalua: 	at android.view.ViewRootImpl$TraversalRunnable.run(ViewRootImpl.java:6337)
10-30 23:19:42.259  3319  3319 E ParameterizedTextEvalua: 	at android.view.Choreographer$CallbackRecord.run(Choreographer.java:874)
10-30 23:19:42.259  3319  3319 E ParameterizedTextEvalua: 	at android.view.Choreographer.doCallbacks(Choreographer.java:686)
10-30 23:19:42.259  3319  3319 E ParameterizedTextEvalua: 	at android.view.Choreographer.doFrame(Choreographer.java:621)
10-30 23:19:42.259  3319  3319 E ParameterizedTextEvalua: 	at android.view.Choreographer$FrameDisplayEventReceiver.run(Choreographer.java:860)
10-30 23:19:42.259  3319  3319 E ParameterizedTextEvalua: 	at android.os.Handler.handleCallback(Handler.java:751)
10-30 23:19:42.259  3319  3319 E ParameterizedTextEvalua: 	at android.os.Handler.dispatchMessage(Handler.java:95)
10-30 23:19:42.259  3319  3319 E ParameterizedTextEvalua: 	at android.os.Looper.loop(Looper.java:154)
10-30 23:19:42.259  3319  3319 E ParameterizedTextEvalua: 	at android.app.ActivityThread.main(ActivityThread.java:6119)
10-30 23:19:42.259  3319  3319 E ParameterizedTextEvalua: 	at java.lang.reflect.Method.invoke(Native Method)
10-30 23:19:42.259  3319  3319 E ParameterizedTextEvalua: 	at com.android.internal.os.ZygoteInit$MethodAndArgsCaller.run(ZygoteInit.java:886)
10-30 23:19:42.259  3319  3319 E ParameterizedTextEvalua: 	at com.android.internal.os.ZygoteInit.main(ZygoteInit.java:776)
10-30 23:19:42.259  3319  3319 W FrameAdapter: [] Slow Bind () time: 42685 ps
10-30 23:19:42.266  3319  3319 I MainThreadRunner: Running task [ContentDriver2] on the Main Thread with a delay of 500 milliseconds
10-30 23:19:42.275   600 17381 D ActivityManager: cleanUpApplicationRecord -- 3707
10-30 23:19:42.280  3319  3319 W chromium: [WARNING:compositor_view.cc(315)] Child process died (type=6) pid=3647)
10-30 23:19:42.280  3319  3319 W chromium: [WARNING:compositor_view.cc(315)] Child process died (type=6) pid=3750)
10-30 23:19:42.280  3319  3319 W chromium: [WARNING:compositor_view.cc(315)] Child process died (type=6) pid=3662)
10-30 23:19:42.280  3319  3319 W chromium: [WARNING:compositor_view.cc(315)] Child process died (type=6) pid=3682)
10-30 23:19:42.280  3319  3319 W chromium: [WARNING:compositor_view.cc(315)] Child process died (type=6) pid=3635)
10-30 23:19:42.281  3319  3319 W chromium: [WARNING:compositor_view.cc(315)] Child process died (type=6) pid=3463)
10-30 23:19:42.281  3319  3319 W chromium: [WARNING:compositor_view.cc(315)] Child process died (type=6) pid=3628)
10-30 23:19:42.281  3319  3319 W chromium: [WARNING:compositor_view.cc(315)] Child process died (type=6) pid=3733)
10-30 23:19:42.293   600  1081 D ActivityManager: cleanUpApplicationRecord -- 3523
10-30 23:19:42.302   600  1080 D ActivityManager: cleanUpApplicationRecord -- 3534
10-30 23:19:42.315  3319  3319 W chromium: [WARNING:compositor_view.cc(315)] Child process died (type=6) pid=3523)
10-30 23:19:42.315  3319  3319 W chromium: [WARNING:compositor_view.cc(315)] Child process died (type=6) pid=3707)
10-30 23:19:42.316  3319  3319 W chromium: [WARNING:compositor_view.cc(315)] Child process died (type=6) pid=3534)
10-30 23:19:42.333  3319  3563 I PlayCore: UID: [10035]  PID: [3319] SplitInstallService : Failed to bind to the service.
10-30 23:19:42.336   600  3507 D ActivityManager: cleanUpApplicationRecord -- 3610
10-30 23:19:42.338  3319  3319 W chromium: [WARNING:compositor_view.cc(315)] Child process died (type=6) pid=3610)
10-30 23:19:42.340  3319  3319 W chromium: [WARNING:compositor_view.cc(315)] Child process died (type=6) pid=3481)
10-30 23:19:42.349   600 13557 D ActivityManager: cleanUpApplicationRecord -- 3481
10-30 23:19:42.355  3319  3319 W chromium: [WARNING:compositor_view.cc(315)] Child process died (type=6) pid=3551)
10-30 23:19:42.364  3453  3453 D ICU     : No timezone override file found: /data/misc/zoneinfo/current/icu/icu_tzdata.dat
10-30 23:19:42.365   600   713 D ActivityManager: cleanUpApplicationRecord -- 3551
10-30 23:19:42.424  3453  3453 I Radio-JNI: register_android_hardware_Radio DONE
10-30 23:19:42.470 12169  2057 E native  : document-store.cc:1328 Failed to update per-doc-data with usage report
10-30 23:19:42.485  3453  3453 D AndroidRuntime: Calling main entry com.android.commands.am.Am
10-30 23:19:42.519   600 29683 I ActivityManager: START u0 {act=android.intent.action.VIEW dat=http://biomedcentral.com/... flg=0x10000000 cmp=com.android.chrome/com.google.android.apps.chrome.Main} from uid 2000 on display 0
10-30 23:19:42.540  3453  3453 D AndroidRuntime: Shutting down VM
10-30 23:19:42.586 12169  2057 I Icing   : Usage reports ok 1, Failed Usage reports 1, indexed 0, rejected 0
10-30 23:19:42.588 12169  2057 I Icing   : Removing corpus key com.android.chrome-omnibox for package com.android.chrome
10-30 23:19:42.607  3319  3319 E cr_IntentUtils: getInt failed on bundle null
10-30 23:19:42.636   600  3994 I ActivityManager: Start proc 3817:com.android.chrome:sandboxed_process20/u0i72 for service com.android.chrome/org.chromium.content.app.SandboxedProcessService20
10-30 23:19:42.662  3319  3319 I cr_tabmodel: Appending tabs being restored to metadata lists, 0, startingNormalCount: 2, startingIncognitoCount: 0
10-30 23:19:42.662  3319  3319 I cr_tabmodel: Serializing tab lists; counts: 2, 0
10-30 23:19:42.695  3319  3329 W art     : Suspending all threads took: 6.441ms
10-30 23:19:42.738  3319  3329 I art     : Background partial concurrent mark sweep GC freed 19513(951KB) AllocSpace objects, 12(2032KB) LOS objects, 40% free, 17MB/28MB, paused 7.015ms total 155.586ms
10-30 23:19:42.740   600  3509 I ActivityManager: Start proc 3831:com.android.chrome:sandboxed_process21/u0i73 for service com.android.chrome/org.chromium.content.app.SandboxedProcessService21
10-30 23:19:42.762   600 24515 I ActivityManager: Start proc 3836:com.android.chrome:sandboxed_process22/u0i74 for service com.android.chrome/org.chromium.content.app.SandboxedProcessService22
10-30 23:19:42.790   600  1082 I ActivityManager: Start proc 3844:com.android.chrome:sandboxed_process23/u0i75 for service com.android.chrome/org.chromium.content.app.SandboxedProcessService23
10-30 23:19:42.793  3817  3817 W boxed_process20: type=1400 audit(0.0:10374): avc: denied { getattr } for path="/data/data/com.android.chrome" dev="dm-2" ino=12190 scontext=u:r:isolated_app:s0:c512,c768 tcontext=u:object_r:app_data_file:s0:c512,c768 tclass=dir permissive=0
10-30 23:19:42.821   600 13631 I ActivityManager: Start proc 3856:com.android.chrome:sandboxed_process24/u0i76 for service com.android.chrome/org.chromium.content.app.SandboxedProcessService24
10-30 23:19:42.874  3817  3817 I cr_ChildProcessService: Creating new ChildProcessService pid=3817
10-30 23:19:42.943  3831  3831 W boxed_process21: type=1400 audit(0.0:10375): avc: denied { getattr } for path="/data/data/com.android.chrome" dev="dm-2" ino=12190 scontext=u:r:isolated_app:s0:c512,c768 tcontext=u:object_r:app_data_file:s0:c512,c768 tclass=dir permissive=0
10-30 23:19:42.970  3836  3836 W boxed_process22: type=1400 audit(0.0:10376): avc: denied { getattr } for path="/data/data/com.android.chrome" dev="dm-2" ino=12190 scontext=u:r:isolated_app:s0:c512,c768 tcontext=u:object_r:app_data_file:s0:c512,c768 tclass=dir permissive=0
10-30 23:19:42.997  3856  3856 W boxed_process24: type=1400 audit(0.0:10377): avc: denied { getattr } for path="/data/data/com.android.chrome" dev="dm-2" ino=12190 scontext=u:r:isolated_app:s0:c512,c768 tcontext=u:object_r:app_data_file:s0:c512,c768 tclass=dir permissive=0
10-30 23:19:43.000  3844  3844 W boxed_process23: type=1400 audit(0.0:10378): avc: denied { getattr } for path="/data/data/com.android.chrome" dev="dm-2" ino=12190 scontext=u:r:isolated_app:s0:c512,c768 tcontext=u:object_r:app_data_file:s0:c512,c768 tclass=dir permissive=0
10-30 23:19:43.008  3831  3831 I cr_ChildProcessService: Creating new ChildProcessService pid=3831
10-30 23:19:43.036  3817  3875 I cr_LibraryLoader: Loaded native library version number "85.0.4183.127"
10-30 23:19:43.039  3817  3875 I cr_CachingUmaRecorder: Flushed 1 samples from 1 histograms.
10-30 23:19:43.046  3836  3836 I cr_ChildProcessService: Creating new ChildProcessService pid=3836
10-30 23:19:43.094  3856  3856 I cr_ChildProcessService: Creating new ChildProcessService pid=3856
10-30 23:19:43.097  3844  3844 I cr_ChildProcessService: Creating new ChildProcessService pid=3844
10-30 23:19:43.161  3831  3886 I cr_LibraryLoader: Loaded native library version number "85.0.4183.127"
10-30 23:19:43.161  3831  3886 I cr_CachingUmaRecorder: Flushed 1 samples from 1 histograms.
10-30 23:19:43.189  3836  3887 I cr_LibraryLoader: Loaded native library version number "85.0.4183.127"
10-30 23:19:43.189  3836  3887 I cr_CachingUmaRecorder: Flushed 1 samples from 1 histograms.
10-30 23:19:43.229  3844  3889 I cr_LibraryLoader: Loaded native library version number "85.0.4183.127"
10-30 23:19:43.230  3844  3889 I cr_CachingUmaRecorder: Flushed 1 samples from 1 histograms.
10-30 23:19:43.249  3856  3888 I cr_LibraryLoader: Loaded native library version number "85.0.4183.127"
10-30 23:19:43.249  3856  3888 I cr_CachingUmaRecorder: Flushed 1 samples from 1 histograms.
10-30 23:19:43.330  3844  3844 I cr_ChildProcessService: Destroying ChildProcessService pid=3844
10-30 23:19:43.377  3856  3856 I cr_ChildProcessService: Destroying ChildProcessService pid=3856
10-30 23:19:43.377  3856  3888 I chromium: [INFO:child_process_service.cc(69)] ChildProcessService: Exiting child process.
10-30 23:19:43.378  3844  3889 I chromium: [INFO:child_process_service.cc(69)] ChildProcessService: Exiting child process.
10-30 23:19:43.405  3831  3886 I chromium: [INFO:child_process_service.cc(69)] ChildProcessService: Exiting child process.
10-30 23:19:43.681  3836  3836 I cr_ChildProcessService: Destroying ChildProcessService pid=3836
10-30 23:19:43.920  3836  3887 I chromium: [INFO:child_process_service.cc(69)] ChildProcessService: Exiting child process.
10-30 23:19:44.086   600   600 I ActivityManager: Killing 3831:com.android.chrome:sandboxed_process21/u0a35i73 (adj 0): isolated not needed
10-30 23:19:44.086   600   600 I ActivityManager: Killing 3856:com.android.chrome:sandboxed_process24/u0a35i76 (adj 0): isolated not needed
10-30 23:19:44.086   600   600 I ActivityManager: Killing 3844:com.android.chrome:sandboxed_process23/u0a35i75 (adj 0): isolated not needed
10-30 23:19:44.087   600   600 I ActivityManager: Killing 3836:com.android.chrome:sandboxed_process22/u0a35i74 (adj 0): isolated not needed
10-30 23:19:44.362   600 13557 D ActivityManager: cleanUpApplicationRecord -- 3836
10-30 23:19:44.375   600   610 D ActivityManager: cleanUpApplicationRecord -- 3856
10-30 23:19:44.384   600  1076 D ActivityManager: cleanUpApplicationRecord -- 3844
10-30 23:19:44.391   600 25704 D ActivityManager: cleanUpApplicationRecord -- 3831
10-30 23:19:44.427  3319  3319 W chromium: [WARNING:compositor_view.cc(315)] Child process died (type=6) pid=3836)
10-30 23:19:44.436  3319  3319 W chromium: [WARNING:compositor_view.cc(315)] Child process died (type=6) pid=3856)
10-30 23:19:44.436  3319  3319 W chromium: [WARNING:compositor_view.cc(315)] Child process died (type=6) pid=3844)
10-30 23:19:44.436  3319  3319 W chromium: [WARNING:compositor_view.cc(315)] Child process died (type=6) pid=3831)
10-30 23:19:44.654  3319  3370 I cr_omaha: Request to Server Successful. Timestamp for next request:1667171984654
10-30 23:19:44.704  3319  3370 I cr_omaha: Request to Server Successful. Timestamp for next request:1667171984704
10-30 23:19:44.704  3319  3370 I cr_omaha: Attempting to schedule next job for: Mon Oct 31 04:19:44 GMT+01:00 2022
10-30 23:19:44.725  3319  3319 I cr_omaha: Scheduled using JobService
10-30 23:19:44.726  3319  3319 E cr_BkgrdTaskJS: Tried finishing non-current BackgroundTask.
10-30 23:19:44.771   787   806 W Icing   : isOptedInForAppHistory: empty Account Name encountered
10-30 23:19:44.848   787   806 W Icing   : isOptedInForAppHistory: empty Account Name encountered
10-30 23:19:45.164  3319  3319 E cr_BTSPrefs: No data found for task id: 53
10-30 23:19:45.164  3319  3319 E cr_BkgrdTaskScheduler: Task cannot be canceled because no data was found instorage or data was invalid
10-30 23:19:45.225  3319  3375 W InstanceID: Instance ID SDK is deprecated, com.android.chrome should update to use Firebase Instance ID
10-30 23:19:45.564   787 32475 W Icing   : isOptedInForAppHistory: empty Account Name encountered
10-30 23:19:46.993  3319  3319 V MediaRouter: Adding route: RouteInfo{ name=Tablet, description=null, status=null, category=RouteCategory{ name=null types=ROUTE_TYPE_LIVE_AUDIO ROUTE_TYPE_LIVE_VIDEO  groupable=false }, supportedTypes=ROUTE_TYPE_LIVE_AUDIO ROUTE_TYPE_LIVE_VIDEO , presentationDisplay=null }
10-30 23:19:46.999  3319  3319 V MediaRouter: Updating audio routes: AudioRoutesInfo{ type=SPEAKER }
10-30 23:19:47.001  3319  3319 V MediaRouter: Selecting route: RouteInfo{ name=Tablet, description=null, status=null, category=RouteCategory{ name=null types=ROUTE_TYPE_LIVE_AUDIO ROUTE_TYPE_LIVE_VIDEO  groupable=false }, supportedTypes=ROUTE_TYPE_LIVE_AUDIO ROUTE_TYPE_LIVE_VIDEO , presentationDisplay=null }
10-30 23:19:47.005  3319  3319 I MediaRouter: Found default route: MediaRouter.RouteInfo{ uniqueId=android/Qf:DEFAULT_ROUTE, name=Tablet, description=null, iconUri=null, enabled=true, connecting=false, connectionState=0, canDisconnect=false, playbackType=0, playbackStream=3, deviceType=0, volumeHandling=1, volume=0, volumeMax=15, presentationDisplayId=-1, extras=null, settingsIntent=null, providerPackageName=android }
10-30 23:19:47.005  3319  3319 I MediaRouter: Unselecting the current route because it is no longer selectable: null
10-30 23:19:47.021  3319  3319 V MediaRouter: Selecting route: RouteInfo{ name=Tablet, description=null, status=null, category=RouteCategory{ name=null types=ROUTE_TYPE_LIVE_AUDIO ROUTE_TYPE_LIVE_VIDEO  groupable=false }, supportedTypes=ROUTE_TYPE_LIVE_AUDIO ROUTE_TYPE_LIVE_VIDEO , presentationDisplay=null }
10-30 23:19:47.101 12169  2057 I native  : document-store.cc:1654 Scored 2060 usage reports, missing_corpora 1105 update_failed 1
10-30 23:19:47.471  3382  3405 W VideoCapabilities: Unrecognized level 0 for video/x-vnd.on2.vp8
10-30 23:19:47.489  3382  3405 I VideoCapabilities: Unsupported profile 4 for video/mp4v-es
10-30 23:19:47.493  3382  3405 W cr_MediaCodecUtil: HW encoder for video/avc is not available on this device.
10-30 23:19:47.502  3319  3319 I cr_tabmodel: Appending tabs being restored to metadata lists, 0, startingNormalCount: 2, startingIncognitoCount: 0
10-30 23:19:47.502  3319  3319 I cr_tabmodel: Serializing tab lists; counts: 2, 0
10-30 23:19:47.516 12169 12169 I DiscoveryManager: WifiGuestModeDeviceScanner enabled.
10-30 23:19:47.522   600   647 I WifiHAL : Got channel list with 13 channels
10-30 23:19:47.523   600   647 I WifiHAL : Got channel list with 4 channels
10-30 23:19:47.523   600   647 I WifiHAL : Got channel list with 15 channels
10-30 23:19:47.537 12169  3917 I CastDatabase: Opening the database
10-30 23:19:47.539  3382  3929 W VideoCapabilities: Unrecognized level 0 for video/x-vnd.on2.vp8
10-30 23:19:47.548  3382  3929 I VideoCapabilities: Unsupported profile 4 for video/mp4v-es
10-30 23:19:47.631   245   245 D MediaBufferGroup: creating MemoryDealer
10-30 23:19:47.632   246  3930 D NuPlayerDriver: notifyListener_l(0xf0220b40), (1, 0, 0), loop setting(0, 0)
10-30 23:19:47.632  3319  3319 D MediaPlayer: setSubtitleAnchor in MediaPlayer
10-30 23:19:47.647  3319  3319 W MediaPlayer: Couldn't open https://vod.video-cdn.net/F-TUvd9pk8UYjAqC7mYdAm/4312z8mUGRLb5UPsLza27-.aaa,828,596,1656,2356,.mp4.csmil/master.m3u8?set-cc-attribute=cc&hdnea=exp=1667168984~acl=/F-TUvd9pk8UYjAqC7mYdAm/4312z8mUGRLb5UPsLza27-.aaa,828,596,1656,2356,.mp4.csmil/*~hmac=d0dc8f652f6549cec5a499a242426a11797fcb02b30d87bb86094b25189cdb7a: java.io.FileNotFoundException: No content provider: https://vod.video-cdn.net/F-TUvd9pk8UYjAqC7mYdAm/4312z8mUGRLb5UPsLza27-.aaa,828,596,1656,2356,.mp4.csmil/master.m3u8?set-cc-attribute=cc&hdnea=exp=1667168984~acl=/F-TUvd9pk8UYjAqC7mYdAm/4312z8mUGRLb5UPsLza27-.aaa,828,596,1656,2356,.mp4.csmil/*~hmac=d0dc8f652f6549cec5a499a242426a11797fcb02b30d87bb86094b25189cdb7a
10-30 23:19:47.659   246  3933 D NuPlayer: onSetVideoSurface(0xeb67f800, no video decoder)
10-30 23:19:47.660   246  3934 I LiveSession: onConnect https://<suppressed>
10-30 23:19:47.727  3382  3399 E chromium: [ERROR:gles2_cmd_decoder.cc(7062)] [.RendererMainThread-0xd4f60c00]GL ERROR :GL_INVALID_OPERATION : glGetIntegerv: incomplete framebuffer
10-30 23:19:47.727  3382  3399 E chromium: [ERROR:gles2_cmd_decoder.cc(7062)] [.RendererMainThread-0xd4f60c00]GL ERROR :GL_INVALID_OPERATION : glGetIntegerv: incomplete framebuffer
10-30 23:19:47.727  3382  3399 E chromium: [ERROR:gles2_cmd_decoder.cc(7062)] [.RendererMainThread-0xd4f60c00]GL ERROR :GL_INVALID_OPERATION : glGetIntegerv: incomplete framebuffer
10-30 23:19:47.728  3382  3399 E chromium: [ERROR:gles2_cmd_decoder.cc(7062)] [.RendererMainThread-0xd4f60c00]GL ERROR :GL_INVALID_OPERATION : glGetIntegerv: incomplete framebuffer
10-30 23:19:47.752  3382  3399 E chromium: [ERROR:gles2_cmd_decoder.cc(4968)] [.RendererMainThread-0xd4f60c00]GL ERROR :GL_INVALID_FRAMEBUFFER_OPERATION : glClear: framebuffer incomplete
10-30 23:19:47.769 12169  2057 W Icing   : No valid account for uploading user actions
10-30 23:19:47.788 12169  3917 I SQLiteCastStore: 2 CastNetworkInfo instances loaded, 1 CastDeviceInfo instances loaded, 0 paired guest mode devices loaded.
10-30 23:19:47.788 12169  3917 I DiscoveryManager: Filter criteria(37F83649) scannerFlags(0)
10-30 23:19:47.791 12169  3917 I CastDatabase: CastDeviceInfo created: V_8072bf40-0088-4ea2-84cf-ddeae63d4007
10-30 23:19:47.791 12169  3917 W GuestModeDeviceProber: setFilterCriteria
10-30 23:19:47.807 12169  3917 E DeviceScanner: [BLE] Failed to start scan because the Bluetooth is disabled.
10-30 23:19:47.812 12169  3917 W DatabaseProcessor: processLocalDevices: failed to get the network info with non-null bssid.
10-30 23:19:47.814 12169  3917 W DatabaseProcessor: processLocalDevices: failed to get the network info with non-null bssid.
10-30 23:19:47.822 12169  3917 E DeviceScanner: [BLE] Failed to start scan because the Bluetooth is disabled.
10-30 23:19:47.822 12169  3917 W DatabaseProcessor: processLocalDevices: failed to get the network info with non-null bssid.
10-30 23:19:47.822 12169  3917 W DatabaseProcessor: processLocalDevices: failed to get the network info with non-null bssid.
10-30 23:19:48.085 12169  2057 I Icing   : Usage reports ok 1, Failed Usage reports 0, indexed 1, rejected 0
10-30 23:19:48.090   246  3934 I LiveSession: #### Starting Bandwidth Switch: -1 => 0
10-30 23:19:48.135 12169  2057 W Icing   : No valid account for uploading user actions
10-30 23:19:48.255 12169  2057 I Icing   : Usage reports ok 0, Failed Usage reports 0, indexed 0, rejected 0
10-30 23:19:48.261 12169  2057 I Icing   : Indexing com.android.chrome-omnibox from com.android.chrome
10-30 23:19:48.329 12169  2057 I Icing   : Indexing done com.android.chrome-omnibox
10-30 23:19:48.486   246  3935 I ESQueue : found something resembling an H.264/MPEG syncword at offset 1
10-30 23:19:48.486   246  3935 I avc_utils: found AVC codec config (512 x 288, Baseline-profile level 2.1)
10-30 23:19:48.486   246  3935 I ESQueue : found AAC codec config (44100 Hz, 1 channels)
10-30 23:19:49.091   246  3933 D NuPlayerDriver: notifyListener_l(0xf0220c60), (3, 3, 0), loop setting(0, 0)
10-30 23:19:49.092   246  3933 D NuPlayerDriver: notifyListener_l(0xf0220c60), (5, 512, 288), loop setting(0, 0)
10-30 23:19:49.093   246  3933 D NuPlayerDriver: notifyListener_l(0xf0220c60), (1, 0, 0), loop setting(0, 0)
10-30 23:19:49.095  3319  3319 D MediaPlayer: setSubtitleAnchor in MediaPlayer
10-30 23:19:49.106  3319  3319 D MediaPlayer: getMetadata
10-30 23:19:49.108   246   273 D NuPlayerDriver: seekTo(0xf0220c60) 0 ms at state 4
10-30 23:19:49.108   246   273 D NuPlayerDriver: notifyListener_l(0xf0220c60), (7, 0, 0), loop setting(0, 0)
10-30 23:19:49.116   246  3933 W NuPlayer: source has video meta but not file meta
10-30 23:19:49.117   246  3933 D NuPlayerDriver: notifyListener_l(0xf0220c60), (4, 0, 0), loop setting(0, 0)
10-30 23:19:49.117   246  3933 W NuPlayer: source has video meta but not file meta
10-30 23:19:49.119   246  3933 W NuPlayer: source has video meta but not file meta
10-30 23:19:49.129   246  3953 I MediaPlayerService: MediaPlayerService::getOMX
10-30 23:19:49.129   246  3954 I MediaPlayerService: MediaPlayerService::getOMX
10-30 23:19:49.130   246  3953 I OMXClient: MuxOMX ctor
10-30 23:19:49.130   246  3954 I OMXClient: MuxOMX ctor
10-30 23:19:49.130   243   952 I OMXMaster: makeComponentInstance(OMX.Nvidia.h264.decode) in mediacodec process
10-30 23:19:49.141   243   243 I OMXMaster: makeComponentInstance(OMX.google.aac.decoder) in mediacodec process
10-30 23:19:49.146   246  3951 I MediaCodec: [OMX.Nvidia.h264.decode] setting surface generation to 251958
10-30 23:19:49.157   243 15159 E OMXNodeInstance: getConfig(f300cc:Nvidia.h264.decode, ConfigCommonOutputCrop(0x700000f)) ERROR: BadParameter(0x80001005)
10-30 23:19:49.159   243 31204 E OMXNodeInstance: setConfig(f300cd:google.aac.decoder, ConfigPriority(0x6f800002)) ERROR: Undefined(0x80001001)
10-30 23:19:49.159   246  3951 I MediaCodec: MediaCodec will operate in async mode
10-30 23:19:49.159   246  3953 I ACodec  : codec does not support config priority (err -2147483648)
10-30 23:19:49.161   246  3953 I MediaCodec: MediaCodec will operate in async mode
10-30 23:19:49.172   246  3954 D SurfaceUtils: set up nativeWindow 0xeb67f808 for 512x288, color 0x106, rotation 0, usage 0x2b00
10-30 23:19:49.176   243  3956 D NvOsDebugPrintf: NvMMLiteOpen : Block : BlockType = 261 
10-30 23:19:49.176   243  3956 D NvOsDebugPrintf: TVMR: NvMMLiteTVMRDecBlockOpen: 5008: NvMMLiteBlockOpen 
10-30 23:19:49.199   243  3958 I SoftAAC2: Reconfiguring decoder: 0->44100 Hz, 0->1 channels
10-30 23:19:49.205   243  3956 D NvOsDebugPrintf: NvMMLiteBlockCreate : Block : BlockType = 261 
10-30 23:19:49.208   246  3949 D AudioTrack: Client defaulted notificationFrames to 7407 for frameCount 22221
10-30 23:19:49.220   243  3960 D NvOsDebugPrintf: TVMR: cbBeginSequence: 655: BeginSequence  512x288, bVPR = 0
10-30 23:19:49.220   243  3960 D NvOsDebugPrintf: TVMR: cbBeginSequence: 918: DecodeBuffers = 3 
10-30 23:19:49.221   243  3960 D NvOsDebugPrintf: TVMR: cbBeginSequence: 938: Display Resolution : (512x288) 
10-30 23:19:49.221   243  3960 D NvOsDebugPrintf: TVMR: cbBeginSequence: 939: Display Aspect Ratio : (512x288) 
10-30 23:19:49.221   243  3960 D NvOsDebugPrintf: TVMR: cbBeginSequence: 1041: SurfaceLayout = 3
10-30 23:19:49.221   243  3960 D NvOsDebugPrintf: TVMR: cbBeginSequence: 1071: NumOfSurfaces = 7, InteraceStream = 0, InterlaceEnabled = 0, bSecure = 0, MVC = 0 Semiplanar = 1, bReinit = 1 
10-30 23:19:49.221   243  3960 D NvOsDebugPrintf: Allocating new output: 512x288 (x 9), ThumbnailMode = 0
10-30 23:19:49.225   246  3954 D SurfaceUtils: set up nativeWindow 0xeb67f808 for 512x288, color 0x106, rotation 0, usage 0x2b00
10-30 23:19:49.226   243  3872 E OMXNodeInstance: setParameter(f300cc:Nvidia.h264.decode, ParamPortDefinition(0x2000001)) ERROR: UnsupportedSetting(0x80001019)
10-30 23:19:49.226   246  3954 W ACodec  : [OMX.Nvidia.h264.decode] setting nBufferCountActual to 14 failed: -1010
10-30 23:19:49.226   243   243 E OMXNodeInstance: setParameter(f300cc:Nvidia.h264.decode, ParamPortDefinition(0x2000001)) ERROR: UnsupportedSetting(0x80001019)
10-30 23:19:49.226   246  3954 W ACodec  : [OMX.Nvidia.h264.decode] setting nBufferCountActual to 13 failed: -1010
10-30 23:19:49.226   243 21682 E OMXNodeInstance: setParameter(f300cc:Nvidia.h264.decode, ParamPortDefinition(0x2000001)) ERROR: UnsupportedSetting(0x80001019)
10-30 23:19:49.226   246  3954 W ACodec  : [OMX.Nvidia.h264.decode] setting nBufferCountActual to 12 failed: -1010
10-30 23:19:49.248   246  3933 D NuPlayerDriver: notifyListener_l(0xf0220c60), (5, 512, 288), loop setting(0, 0)
10-30 23:19:49.289   246  3935 I ATSParser: discontinuity on stream pid 0x0100
10-30 23:19:49.289   246  3935 I ATSParser: discontinuity on stream pid 0x0101
10-30 23:19:49.506  3319  3319 E cr_BTSPrefs: No data found for task id: 57
10-30 23:19:49.507  3319  3319 E cr_BkgrdTaskScheduler: Task cannot be canceled because no data was found instorage or data was invalid
10-30 23:19:49.507  3319  3319 E cr_BTSPrefs: No data found for task id: 56
10-30 23:19:49.508  3319  3319 E cr_BkgrdTaskScheduler: Task cannot be canceled because no data was found instorage or data was invalid
10-30 23:19:50.091   246  3933 D NuPlayerDriver: notifyListener_l(0xf0220c60), (3, 5, 0), loop setting(0, 0)
10-30 23:19:50.678 12169  2057 W DatabaseProcessor: processLocalDevices: failed to get the network info with non-null bssid.
10-30 23:19:50.814 12169  2057 W AdaptiveDiscoveryWorker: Exiting Adaptive Discovery. Current NetworkInfo is NULL.
10-30 23:19:50.973   246  3935 I ATSParser: discontinuity on stream pid 0x0100
10-30 23:19:50.974   246  3935 I ATSParser: discontinuity on stream pid 0x0101
10-30 23:19:51.091   246  3933 D NuPlayerDriver: notifyListener_l(0xf0220c60), (3, 16, 0), loop setting(0, 0)
10-30 23:19:51.134   246  3935 I ATSParser: discontinuity on stream pid 0x0100
10-30 23:19:51.135   246  3935 I ATSParser: discontinuity on stream pid 0x0101
10-30 23:19:51.279   246  3935 I ATSParser: discontinuity on stream pid 0x0100
10-30 23:19:51.280   246  3935 I ATSParser: discontinuity on stream pid 0x0101
10-30 23:19:51.511   246  3935 I ATSParser: discontinuity on stream pid 0x0100
10-30 23:19:51.512   246  3935 I ATSParser: discontinuity on stream pid 0x0101
10-30 23:19:51.606   246  3935 I ATSParser: discontinuity on stream pid 0x0100
10-30 23:19:51.606   246  3935 I ATSParser: discontinuity on stream pid 0x0101
10-30 23:19:52.092   246  3934 I LiveSession: #### Starting Bandwidth Switch: 0 => 3
10-30 23:19:52.093   246  3933 D NuPlayerDriver: notifyListener_l(0xf0220c60), (3, 38, 0), loop setting(0, 0)
10-30 23:19:52.222   246  3935 I ESQueue : found something resembling an H.264/MPEG syncword at offset 1
10-30 23:19:52.226   246  3935 I avc_utils: found AVC codec config (1280 x 720, Baseline-profile level 3.1)
10-30 23:19:52.238   246  3935 I ESQueue : found AAC codec config (44100 Hz, 2 channels)
10-30 23:19:52.256   246  3934 I LiveSession: [timed_id3] i 0 UriIsSameAsIndex newUri false, https://vod.video-cdn.net/F-TUvd9pk8UYjAqC7mYdAm/4312z8mUGRLb5UPsLza27-.aaa,828,596,1656,2356,.mp4.csmil/chunklist_b2356000.m3u8?hdntl=exp=1667254787~acl=/*~data=hdntl~hmac=1c2c484914e3cd9184cb31f4078b117f4735ab927d386f68eeec7eac2718cddf&set-cc-attribute=cc
10-30 23:19:52.256   246  3934 I LiveSession: [timed_id3] i 1 UriIsSameAsIndex newUri false, https://vod.video-cdn.net/F-TUvd9pk8UYjAqC7mYdAm/4312z8mUGRLb5UPsLza27-.aaa,828,596,1656,2356,.mp4.csmil/chunklist_b2356000.m3u8?hdntl=exp=1667254787~acl=/*~data=hdntl~hmac=1c2c484914e3cd9184cb31f4078b117f4735ab927d386f68eeec7eac2718cddf&set-cc-attribute=cc
10-30 23:19:52.256   246  3934 I LiveSession: #### Finished Bandwidth Switch: 0 => 3
10-30 23:19:52.257   246  3933 D NuPlayerDriver: notifyListener_l(0xf0220c60), (3, 10, 0), loop setting(0, 0)
10-30 23:19:52.839   246  3935 I ATSParser: discontinuity on stream pid 0x0100
10-30 23:19:52.863   246  3935 I ATSParser: discontinuity on stream pid 0x0101
10-30 23:19:53.256   246  3933 D NuPlayerDriver: notifyListener_l(0xf0220c60), (3, 22, 0), loop setting(0, 0)
10-30 23:19:53.274   246  3935 I ATSParser: discontinuity on stream pid 0x0100
10-30 23:19:53.277   246  3935 I ATSParser: discontinuity on stream pid 0x0101
10-30 23:19:53.782   246  3935 W AMessage: failed to deliver message as target handler 794 is gone.
10-30 23:19:53.812   246  3935 I ATSParser: discontinuity on stream pid 0x0100
10-30 23:19:53.812   246  3935 I ATSParser: discontinuity on stream pid 0x0101
10-30 23:19:54.141   246  3935 I ATSParser: discontinuity on stream pid 0x0100
10-30 23:19:54.188   246  3935 I ATSParser: discontinuity on stream pid 0x0101
10-30 23:19:54.257   246  3933 D NuPlayerDriver: notifyListener_l(0xf0220c60), (3, 33, 0), loop setting(0, 0)
10-30 23:19:55.257   246  3933 D NuPlayerDriver: notifyListener_l(0xf0220c60), (3, 38, 0), loop setting(0, 0)
10-30 23:19:56.258   246  3933 D NuPlayerDriver: notifyListener_l(0xf0220c60), (3, 38, 0), loop setting(0, 0)
10-30 23:19:57.155  3969  3969 D AndroidRuntime: >>>>>> START com.android.internal.os.RuntimeInit uid 2000 <<<<<<
10-30 23:19:57.158  3969  3969 D AndroidRuntime: CheckJNI is OFF
10-30 23:19:57.226  3969  3969 D ICU     : No timezone override file found: /data/misc/zoneinfo/current/icu/icu_tzdata.dat
10-30 23:19:57.258   246  3933 D NuPlayerDriver: notifyListener_l(0xf0220c60), (3, 38, 0), loop setting(0, 0)
10-30 23:19:57.258  3969  3969 I Radio-JNI: register_android_hardware_Radio DONE
10-30 23:19:57.276  3969  3969 D AndroidRuntime: Calling main entry com.android.commands.monkey.Monkey
10-30 23:19:57.348   600   613 W BroadcastQueue: Skipping deliver [background] BroadcastRecord{18af0ea u-1 android.net.conn.CONNECTIVITY_CHANGE} to ReceiverList{c8c0fdb 3969 (unknown name)/2000/u-1 remote:3e8018c}: process crashing
10-30 23:19:58.244   600   647 I WifiHAL : Got channel list with 13 channels
10-30 23:19:58.247   600   647 I WifiHAL : Got channel list with 4 channels
10-30 23:19:58.249   600   647 I WifiHAL : Got channel list with 15 channels
10-30 23:19:58.258   246  3933 D NuPlayerDriver: notifyListener_l(0xf0220c60), (3, 38, 0), loop setting(0, 0)
10-30 23:19:58.851  3969  3969 D MonkeyStub: translateCommand: wake
10-30 23:19:58.994  3969  3969 D MonkeyStub: translateCommand: tap 273 1877
10-30 23:19:59.258   246  3933 D NuPlayerDriver: notifyListener_l(0xf0220c60), (3, 38, 0), loop setting(0, 0)
10-30 23:20:00.259   246  3933 D NuPlayerDriver: notifyListener_l(0xf0220c60), (3, 38, 0), loop setting(0, 0)
10-30 23:20:01.260   246  3933 D NuPlayerDriver: notifyListener_l(0xf0220c60), (3, 38, 0), loop setting(0, 0)
10-30 23:20:02.260   246  3933 D NuPlayerDriver: notifyListener_l(0xf0220c60), (3, 38, 0), loop setting(0, 0)
10-30 23:20:02.690   246  3933 D NuPlayer: onSetVideoSurface(0x0, have video decoder)
10-30 23:20:02.706   243  3961 D NvOsDebugPrintf: TVMR: TVMRFrameDelivery: 3741: Closing TVMR Frame Delivery Thread -------------
10-30 23:20:02.717   243  3956 D NvOsDebugPrintf: TVMR: NvMMDecTVMRDestroyParser: 4224: NvAvpClose
10-30 23:20:02.720   243  3956 D NvOsDebugPrintf: TVMR: NvMMLiteTVMRDecBlockClose: 5163: Done 
10-30 23:20:02.733   246  3933 W AMessage: failed to post message as target looper for handler 0 is gone.
10-30 23:20:02.735   246   760 D NuPlayerDriver: reset(0xf0220c60) at state 4
10-30 23:20:02.735   246   760 D NuPlayerDriver: notifyListener_l(0xf0220c60), (8, 0, 0), loop setting(0, 0)
10-30 23:20:02.736   246  3952 I NuPlayerDecoder: [OMX.google.aac.decoder] resubmitting CSD
10-30 23:20:02.737   243  3958 I SoftAAC2: Initially configuring decoder: 44100 Hz, 1 channels
10-30 23:20:02.761   246  3933 W AMessage: failed to post message as target looper for handler 0 is gone.
10-30 23:20:02.763   246  3935 W AMessage: failed to deliver message as target handler 802 is gone.
10-30 23:20:02.776   246  3933 D NuPlayerDriver: notifyResetComplete(0xf0220c60)
10-30 23:20:04.050  3969  3969 D MonkeyStub: translateCommand: tap 1195 298
10-30 23:20:04.297   787  1259 E AsyncOperation: serviceID=121, operation=GetLaunchDataOperation [CONTEXT service_id=259 ]
10-30 23:20:04.297   787  1259 E AsyncOperation: OperationException[Status{statusCode=Not an instant app, resolution=null}]
10-30 23:20:04.297   787  1259 E AsyncOperation: 	at aeay.a(:com.google.android.gms@203915020@20.39.15 (040406-335085812):20)
10-30 23:20:04.297   787  1259 E AsyncOperation: 	at aain.run(:com.google.android.gms@203915020@20.39.15 (040406-335085812):7)
10-30 23:20:04.297   787  1259 E AsyncOperation: 	at boex.run(:com.google.android.gms@203915020@20.39.15 (040406-335085812):2)
10-30 23:20:04.297   787  1259 E AsyncOperation: 	at sup.b(:com.google.android.gms@203915020@20.39.15 (040406-335085812):12)
10-30 23:20:04.297   787  1259 E AsyncOperation: 	at sup.run(:com.google.android.gms@203915020@20.39.15 (040406-335085812):7)
10-30 23:20:04.297   787  1259 E AsyncOperation: 	at java.util.concurrent.ThreadPoolExecutor.runWorker(ThreadPoolExecutor.java:1133)
10-30 23:20:04.297   787  1259 E AsyncOperation: 	at java.util.concurrent.ThreadPoolExecutor$Worker.run(ThreadPoolExecutor.java:607)
10-30 23:20:04.297   787  1259 E AsyncOperation: 	at tam.run(:com.google.android.gms@203915020@20.39.15 (040406-335085812):0)
10-30 23:20:04.297   787  1259 E AsyncOperation: 	at java.lang.Thread.run(Thread.java:761)
10-30 23:20:04.496 12169  3917 I DiscoveryManager: Filter criteria(null) scannerFlags(0)
10-30 23:20:04.547 12169  3917 W GuestModeDeviceProber: setFilterCriteria
10-30 23:20:04.826   787 28590 W Icing   : isOptedInForAppHistory: empty Account Name encountered
10-30 23:20:04.902   787 28590 W Icing   : isOptedInForAppHistory: empty Account Name encountered
10-30 23:20:04.920   787   804 W art     : Suspending all threads took: 6.300ms
10-30 23:20:04.928   787   804 I art     : Background partial concurrent mark sweep GC freed 53790(3MB) AllocSpace objects, 0(0B) LOS objects, 40% free, 11MB/19MB, paused 7.118ms total 117.322ms
10-30 23:20:04.947   787 32728 W Icing   : isOptedInForAppHistory: empty Account Name encountered
10-30 23:20:05.044  3319  3319 I cr_tabmodel: Appending tabs being restored to metadata lists, 0, startingNormalCount: 2, startingIncognitoCount: 0
10-30 23:20:05.044  3319  3319 I cr_tabmodel: Serializing tab lists; counts: 2, 0
10-30 23:20:08.262  3319  3319 I cr_tabmodel: Appending tabs being restored to metadata lists, 0, startingNormalCount: 2, startingIncognitoCount: 0
10-30 23:20:08.262  3319  3319 I cr_tabmodel: Serializing tab lists; counts: 2, 0
10-30 23:20:09.122  3319  3319 I cr_tabmodel: Appending tabs being restored to metadata lists, 0, startingNormalCount: 2, startingIncognitoCount: 0
10-30 23:20:09.122  3319  3319 I cr_tabmodel: Serializing tab lists; counts: 2, 0
10-30 23:20:09.291  3319  3319 I cr_tabmodel: Appending tabs being restored to metadata lists, 0, startingNormalCount: 2, startingIncognitoCount: 0
10-30 23:20:09.291  3319  3319 I cr_tabmodel: Serializing tab lists; counts: 2, 0
10-30 23:20:13.511 12169 12810 I Icing   : IndexChimeraService.getServiceInterface callingPackage=com.android.chrome componentName=null serviceId=36
10-30 23:20:13.550 12169  3917 W Icing   : No valid account for uploading user actions
10-30 23:20:13.574 12169 12810 I Icing   : IndexChimeraService.getServiceInterface callingPackage=com.google.android.gms componentName=null serviceId=30
10-30 23:20:13.629 12169  3917 I Icing   : Usage reports ok 1, Failed Usage reports 0, indexed 1, rejected 0
10-30 23:20:13.634 12169  3917 W Icing   : No valid account for uploading user actions
10-30 23:20:13.646 12169  3917 I Icing   : Usage reports ok 0, Failed Usage reports 0, indexed 0, rejected 0
10-30 23:20:13.648 12169  3917 I Icing   : Indexing com.android.chrome-omnibox from com.android.chrome
10-30 23:20:13.675 12169  3917 I Icing   : Indexing done com.android.chrome-omnibox
10-30 23:20:14.096  3969  3969 D MonkeyStub: translateCommand: touch down 614 1561
10-30 23:20:14.108  3969  3969 D MonkeyStub: translateCommand: touch move 614 1561
10-30 23:20:14.214  3969  3969 D MonkeyStub: translateCommand: touch move 614 1436
10-30 23:20:14.322  3969  3969 D MonkeyStub: translateCommand: touch move 614 1311
10-30 23:20:14.443  3969  3969 D MonkeyStub: translateCommand: touch move 614 1186
10-30 23:20:14.557  3969  3969 D MonkeyStub: translateCommand: touch move 614 1061
10-30 23:20:14.662   787  1714 W Icing   : isOptedInForAppHistory: empty Account Name encountered
10-30 23:20:14.672   787 32475 W Icing   : isOptedInForAppHistory: empty Account Name encountered
10-30 23:20:14.675  3969  3969 D MonkeyStub: translateCommand: touch move 614 937
10-30 23:20:14.787  3969  3969 D MonkeyStub: translateCommand: touch move 614 812
10-30 23:20:14.896  3969  3969 D MonkeyStub: translateCommand: touch move 614 687
10-30 23:20:15.010  3969  3969 D MonkeyStub: translateCommand: touch move 614 562
10-30 23:20:15.124  3969  3969 D MonkeyStub: translateCommand: touch move 614 437
10-30 23:20:15.285  3969  3969 D MonkeyStub: translateCommand: touch move 614 312
10-30 23:20:15.291  3969  3969 D MonkeyStub: translateCommand: touch up 614 312
10-30 23:20:15.383  3969  3969 D MonkeyStub: translateCommand: touch down 614 1561
10-30 23:20:15.390  3969  3969 D MonkeyStub: translateCommand: touch move 614 1561
10-30 23:20:15.503  3969  3969 D MonkeyStub: translateCommand: touch move 614 1436
10-30 23:20:15.612  3969  3969 D MonkeyStub: translateCommand: touch move 614 1311
10-30 23:20:15.724  3969  3969 D MonkeyStub: translateCommand: touch move 614 1186
10-30 23:20:15.831  3969  3969 D MonkeyStub: translateCommand: touch move 614 1061
10-30 23:20:15.942  3969  3969 D MonkeyStub: translateCommand: touch move 614 937
10-30 23:20:16.049  3969  3969 D MonkeyStub: translateCommand: touch move 614 812
10-30 23:20:16.153  3969  3969 D MonkeyStub: translateCommand: touch move 614 687
10-30 23:20:16.264  3969  3969 D MonkeyStub: translateCommand: touch move 614 562
