--------- beginning of main
10-31 07:15:20.965 26714 26714 D AndroidRuntime: >>>>>> START com.android.internal.os.RuntimeInit uid 2000 <<<<<<
10-31 07:15:20.968 26714 26714 D AndroidRuntime: CheckJNI is OFF
10-31 07:15:21.034 26714 26714 D ICU     : No timezone override file found: /data/misc/zoneinfo/current/icu/icu_tzdata.dat
10-31 07:15:21.063 26714 26714 I Radio-JNI: register_android_hardware_Radio DONE
10-31 07:15:21.078 26714 26714 D AndroidRuntime: Calling main entry com.android.commands.am.Am
--------- beginning of system
10-31 07:15:21.095   600  6312 I ActivityManager: Force stopping com.opera.browser appid=10122 user=0: from pid 26714
10-31 07:15:21.105  1061  1061 D RegisteredNfcFServicesCache: Service unchanged, not updating
10-31 07:15:21.350   600 13558 I ActivityManager: START u0 {act=android.intent.action.VIEW flg=0x10008000 cmp=com.opera.browser/com.opera.Opera} from uid 2000 on display 0
10-31 07:15:21.393 26714 26714 D AndroidRuntime: Shutting down VM
10-31 07:15:21.414   600 27731 I ActivityManager: Start proc 26724:com.opera.browser/u0a122 for activity com.opera.browser/com.opera.Opera
10-31 07:15:21.510 26724 26724 I art     : Starting a blocking GC AddRemoveAppImageSpace
10-31 07:15:21.574 26724 26724 I LoadedApk: No resource references to update in package com.opera.browser.nord_vpn
10-31 07:15:21.893 26724 26764 D NetworkSecurityConfig: Using Network Security Config from resource network_security_config_official_build debugBuild: false
10-31 07:15:21.938 26724 26724 I art     : Rejecting re-init on previously-failed class java.lang.Class<com.opera.android.job.a$j>: java.lang.NoClassDefFoundError: Failed resolution of: Landroid/app/job/JobServiceEngine;
10-31 07:15:21.938 26724 26724 I art     :   at void com.opera.android.OperaApplication.onCreate() (SourceFile:52)
10-31 07:15:21.938 26724 26724 I art     :   at void android.app.Instrumentation.callApplicationOnCreate(android.app.Application) (Instrumentation.java:1024)
10-31 07:15:21.938 26724 26724 I art     :   at void android.app.ActivityThread.handleBindApplication(android.app.ActivityThread$AppBindData) (ActivityThread.java:5403)
10-31 07:15:21.938 26724 26724 I art     :   at void android.app.ActivityThread.-wrap2(android.app.ActivityThread, android.app.ActivityThread$AppBindData) (ActivityThread.java:-1)
10-31 07:15:21.938 26724 26724 I art     :   at void android.app.ActivityThread$H.handleMessage(android.os.Message) (ActivityThread.java:1545)
10-31 07:15:21.938 26724 26724 I art     :   at void android.os.Handler.dispatchMessage(android.os.Message) (Handler.java:102)
10-31 07:15:21.938 26724 26724 I art     :   at void android.os.Looper.loop() (Looper.java:154)
10-31 07:15:21.938 26724 26724 I art     :   at void android.app.ActivityThread.main(java.lang.String[]) (ActivityThread.java:6119)
10-31 07:15:21.938 26724 26724 I art     :   at java.lang.Object java.lang.reflect.Method.invoke!(java.lang.Object, java.lang.Object[]) (Method.java:-2)
10-31 07:15:21.938 26724 26724 I art     :   at void com.android.internal.os.ZygoteInit$MethodAndArgsCaller.run() (ZygoteInit.java:886)
10-31 07:15:21.938 26724 26724 I art     :   at void com.android.internal.os.ZygoteInit.main(java.lang.String[]) (ZygoteInit.java:776)
10-31 07:15:21.938 26724 26724 I art     : Caused by: java.lang.ClassNotFoundException: Didn't find class "android.app.job.JobServiceEngine" on path: DexPathList[[zip file "/data/app/com.opera.browser-1/base.apk"],nativeLibraryDirectories=[/data/app/com.opera.browser-1/lib/arm, /data/app/com.opera.browser-1/base.apk!/lib/armeabi-v7a, /system/lib, /vendor/lib]]
10-31 07:15:21.938 26724 26724 I art     :   at java.lang.Class dalvik.system.BaseDexClassLoader.findClass(java.lang.String) (BaseDexClassLoader.java:56)
10-31 07:15:21.938 26724 26724 I art     :   at java.lang.Class java.lang.ClassLoader.loadClass(java.lang.String, boolean) (ClassLoader.java:380)
10-31 07:15:21.938 26724 26724 I art     :   at java.lang.Class java.lang.ClassLoader.loadClass(java.lang.String) (ClassLoader.java:312)
10-31 07:15:21.938 26724 26724 I art     :   at void com.opera.android.OperaApplication.onCreate() (SourceFile:52)
10-31 07:15:21.938 26724 26724 I art     :   at void android.app.Instrumentation.callApplicationOnCreate(android.app.Application) (Instrumentation.java:1024)
10-31 07:15:21.938 26724 26724 I art     :   at void android.app.ActivityThread.handleBindApplication(android.app.ActivityThread$AppBindData) (ActivityThread.java:5403)
10-31 07:15:21.938 26724 26724 I art     :   at void android.app.ActivityThread.-wrap2(android.app.ActivityThread, android.app.ActivityThread$AppBindData) (ActivityThread.java:-1)
10-31 07:15:21.938 26724 26724 I art     :   at void android.app.ActivityThread$H.handleMessage(android.os.Message) (ActivityThread.java:1545)
10-31 07:15:21.938 26724 26724 I art     :   at void android.os.Handler.dispatchMessage(android.os.Message) (Handler.java:102)
10-31 07:15:21.938 26724 26724 I art     :   at void android.os.Looper.loop() (Looper.java:154)
10-31 07:15:21.938 26724 26724 I art     :   at void android.app.ActivityThread.main(java.lang.String[]) (ActivityThread.java:6119)
10-31 07:15:21.938 26724 26724 I art     :   at java.lang.Object java.lang.reflect.Method.invoke!(java.lang.Object, java.lang.Object[]) (Method.java:-2)
10-31 07:15:21.938 26724 26724 I art     :   at void com.android.internal.os.ZygoteInit$MethodAndArgsCaller.run() (ZygoteInit.java:886)
10-31 07:15:21.938 26724 26724 I art     :   at void com.android.internal.os.ZygoteInit.main(java.lang.String[]) (ZygoteInit.java:776)
10-31 07:15:21.938 26724 26724 I art     : 
10-31 07:15:22.027 26724 26759 I FA      : App measurement initialized, version: 43042
10-31 07:15:22.027 26724 26759 I FA      : To enable debug logging run: adb shell setprop log.tag.FA VERBOSE
10-31 07:15:22.028 26724 26759 I FA      : To enable faster debug mode event logging run:
10-31 07:15:22.028 26724 26759 I FA      :   adb shell setprop debug.firebase.analytics.app com.opera.browser
10-31 07:15:22.041 26724 26734 I art     : Background partial concurrent mark sweep GC freed 6810(472KB) AllocSpace objects, 8(160KB) LOS objects, 39% free, 3MB/6MB, paused 5.563ms total 35.936ms
10-31 07:15:22.231 26724 26734 I art     : Background sticky concurrent mark sweep GC freed 26433(1625KB) AllocSpace objects, 7(276KB) LOS objects, 23% free, 4MB/6MB, paused 5.188ms total 73.243ms
10-31 07:15:22.252   600   707 I ActivityManager: START u0 {act=android.intent.action.VIEW flg=0x10008000 cmp=com.opera.browser/com.opera.android.startup.WelcomeActivity} from uid 10122 on display 0
10-31 07:15:22.277   600   611 W ActivityManager: Duplicate finish request for ActivityRecord{e086438 u0 com.opera.browser/com.opera.Opera t2139 f}
10-31 07:15:22.297   600 16391 I WindowManager: Failed to capture screenshot of Token{36bec11 ActivityRecord{e086438 u0 com.opera.browser/com.opera.Opera t2139 f}} appWin=Window{644a94e u0 Starting com.opera.browser} drawState=4
10-31 07:15:22.439 26724 26734 I art     : Background sticky concurrent mark sweep GC freed 13522(1563KB) AllocSpace objects, 14(280KB) LOS objects, 15% free, 5MB/6MB, paused 6.765ms total 124.549ms
10-31 07:15:22.646 26724 26837 I OpenGLRenderer: Initialized EGL, version 1.4
10-31 07:15:22.646 26724 26837 D OpenGLRenderer: Swap behavior 2
10-31 07:15:22.709 26724 26759 I FA      : Tag Manager is not found and thus will not be used
10-31 07:15:22.904   600   620 I ActivityManager: Displayed com.opera.browser/com.opera.android.startup.WelcomeActivity: +607ms (total +1s529ms)
10-31 07:15:23.085   600   620 W WindowManager: Failed looking up window
10-31 07:15:23.085   600   620 W WindowManager: java.lang.IllegalArgumentException: Requested window android.view.ViewRootImpl$W@a570c49 does not exist
10-31 07:15:23.085   600   620 W WindowManager: 	at com.android.server.wm.WindowManagerService.windowForClientLocked(WindowManagerService.java:9422)
10-31 07:15:23.085   600   620 W WindowManager: 	at com.android.server.wm.WindowManagerService.windowForClientLocked(WindowManagerService.java:9413)
10-31 07:15:23.085   600   620 W WindowManager: 	at com.android.server.wm.WindowManagerService.removeWindow(WindowManagerService.java:2393)
10-31 07:15:23.085   600   620 W WindowManager: 	at com.android.server.wm.Session.remove(Session.java:202)
10-31 07:15:23.085   600   620 W WindowManager: 	at android.view.ViewRootImpl.dispatchDetachedFromWindow(ViewRootImpl.java:3290)
10-31 07:15:23.085   600   620 W WindowManager: 	at android.view.ViewRootImpl.doDie(ViewRootImpl.java:5917)
10-31 07:15:23.085   600   620 W WindowManager: 	at android.view.ViewRootImpl$ViewRootHandler.handleMessage(ViewRootImpl.java:3626)
10-31 07:15:23.085   600   620 W WindowManager: 	at android.os.Handler.dispatchMessage(Handler.java:102)
10-31 07:15:23.085   600   620 W WindowManager: 	at android.os.Looper.loop(Looper.java:154)
10-31 07:15:23.085   600   620 W WindowManager: 	at android.os.HandlerThread.run(HandlerThread.java:61)
10-31 07:15:23.085   600   620 W WindowManager: 	at com.android.server.ServiceThread.run(ServiceThread.java:46)
10-31 07:15:23.153   600   611 I ActivityManager: Start proc 26863:com.opera.browser:privileged_process0/u0a122 for service com.opera.browser/com.opera.android.browser.chromium.services.PrivilegedProcessService0
10-31 07:15:23.201 26724 26855 W chromium: [WARNING:op_site_scripts.cc(424)] Failed to map /data/user/0/com.opera.browser/app_opera/sjs
10-31 07:15:23.210 26863 26863 I art     : Starting a blocking GC AddRemoveAppImageSpace
10-31 07:15:23.230 26863 26863 I LoadedApk: No resource references to update in package com.opera.browser.nord_vpn
10-31 07:15:23.395 26863 26878 E libEGL  : validate_display:99 error 3008 (EGL_BAD_DISPLAY)
10-31 07:15:23.458 26724 26724 I Choreographer: Skipped 31 frames!  The application may be doing too much work on its main thread.
10-31 07:15:23.563 23104 23104 I MemoryTrimmer: Trimming objects from memory, since app is in the background.
10-31 07:15:23.569 23104 32213 W SearchService: Abort, client detached.
10-31 07:15:23.594 26863 26878 E libEGL  : validate_display:99 error 3008 (EGL_BAD_DISPLAY)
10-31 07:15:23.624  1084  1084 I MemoryTrimmer: Trimming objects from memory, since app is in the background.
10-31 07:15:23.641 23104 26606 I DeviceStateChecker: DeviceStateChecker cancelled
10-31 07:15:23.644 23104 23104 I MicroDetector: Keeping mic open: false
10-31 07:15:23.645 23104 23137 I AudioController: internalShutdown
10-31 07:15:23.645 23104 23137 I MicrophoneInputStream: mic_close com.google.android.apps.gsa.speech.audio.ae@aebce55
10-31 07:15:23.647 23104 23198 I MicroRecognitionRunner: Stopping hotword detection.
10-31 07:15:23.653   238   285 I SoundTriggerHwService::Module: void android::SoundTriggerHwService::Module::onCallbackEvent(const sp<android::SoundTriggerHwService::CallbackEvent> &) mClient == 0
10-31 07:15:23.658 23104 26605 I MicroRecognitionRunner: Detection finished
10-31 07:15:23.676 23104 23104 I MemoryTrimmer: Trimming objects from memory, since app is in the background.
10-31 07:15:23.807   787 26911 W NetworkScheduler: Error inserting service_kind=0 source=16 tag=Measurement.PackageMeasurementTaskService.UPLOAD_TASK_TAG target_package=com.google.android.gms requires_charging=0 source_version=203915000 required_network_type=0 flex_time=3388000 persistence_level=1 target_class=com.google.android.gms.measurement.PackageMeasurementTaskService runtime=1667196923778 retry_strategy={"maximum_backoff_seconds":{"3600":0},"initial_backoff_seconds":{"30":0},"retry_policy":{"0":0}} preferred_network_type=1 required_idleness_state=0 preferred_charging_state=1 period=6777000 last_runtime=0 task_type=0 job_id=-1 user_id=0, error message: UNIQUE constraint failed: pending_ops.tag, pending_ops.target_class, pending_ops.target_package, pending_ops.user_id (code 2067) [CONTEXT service_id=218 ]
10-31 07:15:23.880   787 20910 W NetworkScheduler: Error inserting service_kind=0 source=16 tag=Measurement.PackageMeasurementTaskService.UPLOAD_TASK_TAG target_package=com.google.android.gms requires_charging=0 source_version=203915000 required_network_type=0 flex_time=3388000 persistence_level=1 target_class=com.google.android.gms.measurement.PackageMeasurementTaskService runtime=1667196923877 retry_strategy={"maximum_backoff_seconds":{"3600":0},"initial_backoff_seconds":{"30":0},"retry_policy":{"0":0}} preferred_network_type=1 required_idleness_state=0 preferred_charging_state=1 period=6777000 last_runtime=0 task_type=0 job_id=-1 user_id=0, error message: UNIQUE constraint failed: pending_ops.tag, pending_ops.target_class, pending_ops.target_package, pending_ops.user_id (code 2067) [CONTEXT service_id=218 ]
10-31 07:15:23.911   787 20910 W NetworkScheduler: Error inserting service_kind=0 source=16 tag=Measurement.PackageMeasurementTaskService.UPLOAD_TASK_TAG target_package=com.google.android.gms requires_charging=0 source_version=203915000 required_network_type=0 flex_time=3388000 persistence_level=1 target_class=com.google.android.gms.measurement.PackageMeasurementTaskService runtime=1667196923909 retry_strategy={"maximum_backoff_seconds":{"3600":0},"initial_backoff_seconds":{"30":0},"retry_policy":{"0":0}} preferred_network_type=1 required_idleness_state=0 preferred_charging_state=1 period=6777000 last_runtime=0 task_type=0 job_id=-1 user_id=0, error message: UNIQUE constraint failed: pending_ops.tag, pending_ops.target_class, pending_ops.target_package, pending_ops.user_id (code 2067) [CONTEXT service_id=218 ]
10-31 07:15:28.843 26724 26724 I PlayCore: UID: [10122]  PID: [26724] AppUpdateListenerRegistry : registerListener
10-31 07:15:28.845 26724 26724 I PlayCore: UID: [10122]  PID: [26724] AppUpdateService : requestUpdateInfo(com.opera.browser)
10-31 07:15:28.848 26724 26946 I PlayCore: UID: [10122]  PID: [26724] AppUpdateService : Initiate binding to the service.
10-31 07:15:28.849   600 17381 W ActivityManager: Unable to start service Intent { act=com.google.android.play.core.install.BIND_UPDATE_SERVICE pkg=com.android.vending } U=0: not found
10-31 07:15:28.850 26724 26946 I PlayCore: UID: [10122]  PID: [26724] AppUpdateService : Failed to bind to the service.
10-31 07:15:29.033 26724 26948 D ApplicationLoaders: ignored Vulkan layer search path /data/app/com.google.android.gms-1/lib/arm:/data/app/com.google.android.gms-1/base.apk!/lib/armeabi-v7a:/data/app/com.google.android.gms-1/split_config.en.apk!/lib/armeabi-v7a for namespace 0xf4a41090
10-31 07:15:29.035 26724 26948 W ResourceType: ResTable_typeSpec entry count inconsistent: given 67, previously 69
10-31 07:15:29.035 26724 26948 W ResourceType: ResTable_typeSpec entry count inconsistent: given 5346, previously 5347
10-31 07:15:29.296   600   612 W JobInfo : Specified flex for 106367 is +4m48s0ms. Clamped to +6m0s0ms
10-31 07:15:29.353   600   612 D SyncManager: failed sync operation JobId: 100983, com.opera.browser u0 (com.opera.browser.ping), com.opera.browser.ping.provider, SERVER, reason: 10122, SyncResult: delayUntil: 1667204129 stats [ numIoExceptions: 1]
10-31 07:15:33.631 26972 26972 D AndroidRuntime: >>>>>> START com.android.internal.os.RuntimeInit uid 2000 <<<<<<
10-31 07:15:33.637 26972 26972 D AndroidRuntime: CheckJNI is OFF
10-31 07:15:33.748 26972 26972 D ICU     : No timezone override file found: /data/misc/zoneinfo/current/icu/icu_tzdata.dat
10-31 07:15:33.781 23104 23104 I MemoryTrimmer: Trimming objects from memory, since app is in the background.
10-31 07:15:33.788 26972 26972 I Radio-JNI: register_android_hardware_Radio DONE
10-31 07:15:33.804 26972 26972 D AndroidRuntime: Calling main entry com.android.commands.monkey.Monkey
10-31 07:15:33.944   600   613 W BroadcastQueue: Skipping deliver [background] BroadcastRecord{8846992 u-1 android.net.conn.CONNECTIVITY_CHANGE} to ReceiverList{1779f63 26972 (unknown name)/2000/u-1 remote:7790ff4}: process crashing
10-31 07:15:35.516 26972 26972 D MonkeyStub: translateCommand: wake
10-31 07:15:35.621 26972 26972 D MonkeyStub: translateCommand: tap 960 1881
10-31 07:15:35.694   600  3994 I ActivityManager: START u0 {act=android.intent.action.VIEW flg=0x1000000 cmp=com.opera.browser/com.opera.android.IntentDispatcherActivity} from uid 10122 on display 0
10-31 07:15:35.804   600 13631 I ActivityManager: START u0 {act=android.intent.action.VIEW flg=0x15002000 cmp=com.opera.browser/com.opera.android.BrowserActivity} from uid 10122 on display 0
10-31 07:15:35.809  1084  1171 I OpenGLRenderer: Initialized EGL, version 1.4
10-31 07:15:35.809  1084  1171 D OpenGLRenderer: Swap behavior 2
10-31 07:15:35.957   600   609 I art     : Background partial concurrent mark sweep GC freed 54182(3MB) AllocSpace objects, 66(2MB) LOS objects, 33% free, 16MB/25MB, paused 7.958ms total 181.785ms
10-31 07:15:36.075  1084  1084 I MemoryTrimmer: Trimming objects from memory, since app is in the background.
10-31 07:15:36.161 26724 27019 W ResourceType: ResTable_typeSpec entry count inconsistent: given 67, previously 69
10-31 07:15:36.161 26724 27019 W ResourceType: ResTable_typeSpec entry count inconsistent: given 5346, previously 5347
10-31 07:15:36.299 26724 26991 E [Leanplum][ERROR]: No variable values were received from the server. Please contact us to investigate.
10-31 07:15:36.330 26724 26734 I art     : Background partial concurrent mark sweep GC freed 41756(2MB) AllocSpace objects, 23(460KB) LOS objects, 40% free, 7MB/12MB, paused 2.491ms total 143.731ms
10-31 07:15:36.506   600   620 I ActivityManager: Displayed com.opera.browser/com.opera.android.BrowserActivity: +669ms (total +764ms)
10-31 07:15:36.517   600  3507 I CwMcuSensor: CwMcuSensor::flush: fd = 245, sensors_id = 0, path = /sys/class/htc_sensorhub/sensor_hub/flush, err = 0
10-31 07:15:36.851 26724 27035 W ResourceType: ResTable_typeSpec entry count inconsistent: given 67, previously 69
10-31 07:15:36.851 26724 27035 W ResourceType: ResTable_typeSpec entry count inconsistent: given 5346, previously 5347
10-31 07:15:37.150 26724 26729 I art     : Do partial code cache collection, code=19KB, data=30KB
10-31 07:15:37.151 26724 26729 I art     : After code cache collection, code=19KB, data=30KB
10-31 07:15:37.151 26724 26729 I art     : Increasing code cache capacity to 128KB
10-31 07:15:37.185 26724 27063 W ResourceType: ResTable_typeSpec entry count inconsistent: given 67, previously 69
10-31 07:15:37.185 26724 27063 W ResourceType: ResTable_typeSpec entry count inconsistent: given 5346, previously 5347
10-31 07:15:37.236 26724 26724 I Choreographer: Skipped 39 frames!  The application may be doing too much work on its main thread.
10-31 07:15:37.374 26724 26734 I art     : Background sticky concurrent mark sweep GC freed 38560(2MB) AllocSpace objects, 29(580KB) LOS objects, 21% free, 9MB/12MB, paused 7.577ms total 72.365ms
10-31 07:15:37.438 26724 26724 W View    : requestLayout() improperly called by com.opera.android.custom_views.FadingRecyclerView{8bbae97 VFED.V... ......ID 0,813-1536,813 #7f0a0825 app:id/suggested_dials_grid} during layout: running second layout pass
10-31 07:15:37.521 26724 26724 E Sensors : sendAck failure -1 1
10-31 07:15:37.521 26724 26724 E Sensors : sendAck failure -1 2
10-31 07:15:37.689   787 25607 W NetworkScheduler: Error inserting service_kind=0 source=16 tag=Measurement.PackageMeasurementTaskService.UPLOAD_TASK_TAG target_package=com.google.android.gms requires_charging=0 source_version=203915000 required_network_type=0 flex_time=3374000 persistence_level=1 target_class=com.google.android.gms.measurement.PackageMeasurementTaskService runtime=1667196937511 retry_strategy={"maximum_backoff_seconds":{"3600":0},"initial_backoff_seconds":{"30":0},"retry_policy":{"0":0}} preferred_network_type=1 required_idleness_state=0 preferred_charging_state=1 period=6750000 last_runtime=0 task_type=0 job_id=-1 user_id=0, error message: UNIQUE constraint failed: pending_ops.tag, pending_ops.target_class, pending_ops.target_package, pending_ops.user_id (code 2067) [CONTEXT service_id=218 ]
10-31 07:15:37.915 26724 26734 I art     : Background partial concurrent mark sweep GC freed 62628(3MB) AllocSpace objects, 29(1268KB) LOS objects, 40% free, 12MB/21MB, paused 5.568ms total 410.524ms
10-31 07:15:38.101 27086 27086 I dex2oat : /system/bin/dex2oat --dex-file=/data/user/0/com.opera.browser/code_cache/.    ​  --oat-fd=197 --oat-location=/data/user/0/com.opera.browser/code_cache/.     --compiler-filter=speed
10-31 07:15:38.178   787 25606 W NetworkScheduler: Error inserting service_kind=0 source=16 tag=Measurement.PackageMeasurementTaskService.UPLOAD_TASK_TAG target_package=com.google.android.gms requires_charging=0 source_version=203915000 required_network_type=0 flex_time=3374000 persistence_level=1 target_class=com.google.android.gms.measurement.PackageMeasurementTaskService runtime=1667196938052 retry_strategy={"maximum_backoff_seconds":{"3600":0},"initial_backoff_seconds":{"30":0},"retry_policy":{"0":0}} preferred_network_type=1 required_idleness_state=0 preferred_charging_state=1 period=6749000 last_runtime=0 task_type=0 job_id=-1 user_id=0, error message: UNIQUE constraint failed: pending_ops.tag, pending_ops.target_class, pending_ops.target_package, pending_ops.user_id (code 2067) [CONTEXT service_id=218 ]
10-31 07:15:38.366 26724 26724 E Sensors : sendAck failure -1 1
10-31 07:15:38.367 26724 26724 E Sensors : sendAck failure -1 2
10-31 07:15:38.367 26724 26724 E Sensors : sendAck failure -1 3
10-31 07:15:38.367 26724 26724 E Sensors : sendAck failure -1 1
10-31 07:15:38.367 26724 26724 E Sensors : sendAck failure -1 2
10-31 07:15:38.367 26724 26724 E Sensors : sendAck failure -1 3
10-31 07:15:38.367 26724 26724 E Sensors : sendAck failure -1 4
10-31 07:15:38.367 26724 26724 E Sensors : sendAck failure -1 5
10-31 07:15:38.367 26724 26724 E Sensors : sendAck failure -1 6
10-31 07:15:38.367 26724 26724 E Sensors : sendAck failure -1 7
10-31 07:15:38.367 26724 26724 E Sensors : sendAck failure -1 8
10-31 07:15:38.367 26724 26724 E Sensors : sendAck failure -1 1
10-31 07:15:38.367 26724 26724 E Sensors : sendAck failure -1 2
10-31 07:15:38.367 26724 26724 E Sensors : sendAck failure -1 3
10-31 07:15:38.367 26724 26724 E Sensors : sendAck failure -1 4
10-31 07:15:38.367 26724 26724 E Sensors : sendAck failure -1 5
10-31 07:15:38.367 26724 26724 E Sensors : sendAck failure -1 6
10-31 07:15:38.367 26724 26724 E Sensors : sendAck failure -1 7
10-31 07:15:38.367 26724 26724 E Sensors : sendAck failure -1 8
10-31 07:15:38.367 26724 26724 E Sensors : sendAck failure -1 9
10-31 07:15:38.367 26724 26724 E Sensors : sendAck failure -1 10
10-31 07:15:38.368 26724 26724 E Sensors : sendAck failure -1 11
10-31 07:15:38.368 26724 26724 E Sensors : sendAck failure -1 12
10-31 07:15:38.368 26724 26724 E Sensors : sendAck failure -1 13
10-31 07:15:38.368 26724 26724 E Sensors : sendAck failure -1 14
10-31 07:15:38.368 26724 26724 E Sensors : sendAck failure -1 15
10-31 07:15:38.368 26724 26724 E Sensors : sendAck failure -1 16
10-31 07:15:38.703 27086 27086 I dex2oat : dex2oat took 603.544ms (threads: 2) arena alloc=432KB (442800B) java alloc=32KB (33064B) native alloc=354KB (362688B) free=1181KB (1210176B)
10-31 07:15:38.885 26724 26734 I art     : Background sticky concurrent mark sweep GC freed 49306(4MB) AllocSpace objects, 36(2MB) LOS objects, 34% free, 14MB/21MB, paused 1.558ms total 114.411ms
10-31 07:15:38.887 27096 27096 I dex2oat : /system/bin/dex2oat --dex-file=/data/user/0/com.opera.browser/code_cache/.  ​   --oat-fd=54 --oat-location=/data/user/0/com.opera.browser/code_cache/.    --compiler-filter=speed
10-31 07:15:39.050 26724 26729 I art     : Do partial code cache collection, code=37KB, data=62KB
10-31 07:15:39.072 26724 26729 I art     : After code cache collection, code=37KB, data=62KB
10-31 07:15:39.072 26724 26729 I art     : Increasing code cache capacity to 256KB
10-31 07:15:39.250 27096 27096 I dex2oat : dex2oat took 364.660ms (threads: 2) arena alloc=483KB (495400B) java alloc=109KB (112048B) native alloc=523KB (536456B) free=1524KB (1560696B)
10-31 07:15:39.693 26972 26972 D MonkeyStub: translateCommand: tap 57 93
10-31 07:15:41.741 26972 26972 D MonkeyStub: translateCommand: tap 57 93
10-31 07:15:43.861 26972 26972 D MonkeyStub: translateCommand: tap 446 593
10-31 07:15:46.115 26972 26972 D MonkeyStub: translateCommand: tap 667 302
10-31 07:15:46.286 26724 26729 I art     : Do full code cache collection, code=82KB, data=125KB
10-31 07:15:46.287 26724 26729 I art     : Starting a blocking GC JitCodeCache
10-31 07:15:46.287 26724 26729 I art     : After code cache collection, code=64KB, data=68KB
10-31 07:15:49.402 26972 26972 D MonkeyStub: translateCommand: tap 1286 930
10-31 07:15:50.622 26972 26972 D MonkeyStub: translateCommand: tap 62 98
10-31 07:15:50.653 26972 26972 D MonkeyStub: translateCommand: tap 729 89
10-31 07:15:50.662 26972 26972 D MonkeyStub: Quit requested
10-31 07:15:50.683   600   614 I CwMcuSensor: CwMcuSensor::flush: fd = 245, sensors_id = 0, path = /sys/class/htc_sensorhub/sensor_hub/flush, err = 0
10-31 07:15:50.686 26972 26972 I art     : System.exit called, status: 16
10-31 07:15:50.686 26972 26972 I AndroidRuntime: VM exiting with result code 16.
10-31 07:15:50.730   600 24611 W WindowManager: Attempted to remove non-existing token: android.os.Binder@dbacebf
10-31 07:15:50.976   600  1079 E BatteryStatsService: power: Missing API
10-31 07:15:50.983   600  1079 E BatteryStatsService: no controller energy info supplied
10-31 07:15:50.983   796   796 E PhoneInterfaceManager: [PhoneIntfMgr] queryModemActivityInfo: Empty response
10-31 07:15:50.991   600  1079 E BatteryStatsService: modem info is invalid: ModemActivityInfo{ mTimestamp=0 mSleepTimeMs=0 mIdleTimeMs=0 mTxTimeMs[]=[0, 0, 0, 0, 0] mRxTimeMs=0 mEnergyUsed=0}
10-31 07:15:50.998   600   613 W ProcessCpuTracker: Skipping unknown process pid 27123
10-31 07:15:51.400 27126 27126 D AndroidRuntime: >>>>>> START com.android.internal.os.RuntimeInit uid 2000 <<<<<<
10-31 07:15:51.403 27126 27126 D AndroidRuntime: CheckJNI is OFF
10-31 07:15:51.470 27126 27126 D ICU     : No timezone override file found: /data/misc/zoneinfo/current/icu/icu_tzdata.dat
10-31 07:15:51.499 27126 27126 I Radio-JNI: register_android_hardware_Radio DONE
10-31 07:15:51.514 27126 27126 D AndroidRuntime: Calling main entry com.android.commands.am.Am
10-31 07:15:51.533   600  2707 I ActivityManager: START u0 {act=android.intent.action.VIEW dat=http://biomedcentral.com/... flg=0x10000000 cmp=com.opera.browser/com.opera.Opera} from uid 2000 on display 0
10-31 07:15:51.546 27126 27126 D AndroidRuntime: Shutting down VM
10-31 07:15:51.919 26724 26724 W art     : Before Android 4.1, method double java.util.concurrent.ThreadLocalRandom.internalNextDouble(double, double) would have incorrectly overridden the package-private method in java.util.Random
10-31 07:15:51.919 26724 26724 W art     : Before Android 4.1, method int java.util.concurrent.ThreadLocalRandom.internalNextInt(int, int) would have incorrectly overridden the package-private method in java.util.Random
10-31 07:15:51.919 26724 26724 W art     : Before Android 4.1, method long java.util.concurrent.ThreadLocalRandom.internalNextLong(long, long) would have incorrectly overridden the package-private method in java.util.Random
10-31 07:15:51.970   600   619 D BluetoothManagerService: Message: 20
10-31 07:15:51.970   600   619 D BluetoothManagerService: Added callback: android.bluetooth.IBluetoothManagerCallback$Stub$Proxy@975596f:true
10-31 07:15:51.975   600 25704 I ActivityManager: Start proc 27138:com.opera.browser:sandboxed_process0/u0a122 for service com.opera.browser/com.opera.android.browser.chromium.services.SandboxedProcessService0
10-31 07:15:52.043 27138 27138 I art     : Starting a blocking GC AddRemoveAppImageSpace
10-31 07:15:52.071 27138 27138 I LoadedApk: No resource references to update in package com.opera.browser.nord_vpn
10-31 07:15:52.094 26724 27032 W ResourceType: ResTable_typeSpec entry count inconsistent: given 67, previously 69
10-31 07:15:52.094 26724 27032 W ResourceType: ResTable_typeSpec entry count inconsistent: given 5346, previously 5347
10-31 07:15:52.127 26724 26729 I art     : Do partial code cache collection, code=84KB, data=104KB
10-31 07:15:52.128 26724 26729 I art     : After code cache collection, code=83KB, data=103KB
10-31 07:15:52.128 26724 26729 I art     : Increasing code cache capacity to 512KB
10-31 07:15:52.163 26724 26724 I Choreographer: Skipped 31 frames!  The application may be doing too much work on its main thread.
10-31 07:15:52.367   787  1174 I FontLog : Received query name=Google Sans&weight=400&besteffort=false, URI content://com.google.android.gms.fonts [CONTEXT service_id=132 ]
10-31 07:15:52.368   787  1174 I FontLog : Query [name=Google Sans&weight=400&besteffort=false] resolved to {Google Sans, wdth 100.0, wght 400, ital 0.0, bestEffort false} [CONTEXT service_id=132 ]
10-31 07:15:52.369   787  1174 I FontLog : Font PFD returned from cache for {Google Sans, wdth 100.0, wght 400, ital 0.0, bestEffort false} [CONTEXT service_id=132 ]
10-31 07:15:52.369   787  1174 I FontLog : Fetch {Google Sans, wdth 100.0, wght 400, ital 0.0, bestEffort false} end status Status{statusCode=SUCCESS, resolution=null} [CONTEXT service_id=132 ]
10-31 07:15:52.374   787 28592 I FontLog : Pulling font file for id = 1552, cache size = 8 [CONTEXT service_id=132 ]
10-31 07:15:52.377   787 23224 I FontLog : Received query name=Google Sans&weight=500&besteffort=false, URI content://com.google.android.gms.fonts [CONTEXT service_id=132 ]
10-31 07:15:52.377   787 23224 I FontLog : Query [name=Google Sans&weight=500&besteffort=false] resolved to {Google Sans, wdth 100.0, wght 500, ital 0.0, bestEffort false} [CONTEXT service_id=132 ]
10-31 07:15:52.378   787 23224 I FontLog : Font PFD returned from cache for {Google Sans, wdth 100.0, wght 500, ital 0.0, bestEffort false} [CONTEXT service_id=132 ]
10-31 07:15:52.378   787 23224 I FontLog : Fetch {Google Sans, wdth 100.0, wght 500, ital 0.0, bestEffort false} end status Status{statusCode=SUCCESS, resolution=null} [CONTEXT service_id=132 ]
10-31 07:15:52.385   787  1714 I FontLog : Pulling font file for id = 1553, cache size = 9 [CONTEXT service_id=132 ]
10-31 07:15:52.409   787 28588 I FontLog : Received query name=Google Sans&weight=700&besteffort=false, URI content://com.google.android.gms.fonts [CONTEXT service_id=132 ]
10-31 07:15:52.409   787 28588 I FontLog : Query [name=Google Sans&weight=700&besteffort=false] resolved to {Google Sans, wdth 100.0, wght 700, ital 0.0, bestEffort false} [CONTEXT service_id=132 ]
10-31 07:15:52.410   787 28588 I FontLog : Fetch {Google Sans, wdth 100.0, wght 700, ital 0.0, bestEffort false} end status Status{statusCode=SUCCESS, resolution=null} [CONTEXT service_id=132 ]
10-31 07:15:52.435   787   806 I FontLog : Pulling font file for id = 1554, cache size = 9 [CONTEXT service_id=132 ]
10-31 07:15:52.442   787   805 I FontLog : Received query name=Noto Color Emoji Compat&weight=400&besteffort=false, URI content://com.google.android.gms.fonts [CONTEXT service_id=132 ]
10-31 07:15:52.443   787   805 I FontLog : Query [name=Noto Color Emoji Compat&weight=400&besteffort=false] resolved to {Noto Color Emoji Compat, wdth 100.0, wght 400, ital 0.0, bestEffort false} [CONTEXT service_id=132 ]
10-31 07:15:52.460   787   805 I FontLog : Fetch {Noto Color Emoji Compat, wdth 100.0, wght 400, ital 0.0, bestEffort false} end status Status{statusCode=SUCCESS, resolution=null} [CONTEXT service_id=132 ]
10-31 07:15:52.464   787  1245 I FontLog : Pulling font file for id = 1555, cache size = 10 [CONTEXT service_id=132 ]
10-31 07:15:52.623   787 27166 W NetworkScheduler: Error inserting service_kind=0 source=16 tag=Measurement.PackageMeasurementTaskService.UPLOAD_TASK_TAG target_package=com.google.android.gms requires_charging=0 source_version=203915000 required_network_type=0 flex_time=3359000 persistence_level=1 target_class=com.google.android.gms.measurement.PackageMeasurementTaskService runtime=1667196952619 retry_strategy={"maximum_backoff_seconds":{"3600":0},"initial_backoff_seconds":{"30":0},"retry_policy":{"0":0}} preferred_network_type=1 required_idleness_state=0 preferred_charging_state=1 period=6720000 last_runtime=0 task_type=0 job_id=-1 user_id=0, error message: UNIQUE constraint failed: pending_ops.tag, pending_ops.target_class, pending_ops.target_package, pending_ops.user_id (code 2067) [CONTEXT service_id=218 ]
10-31 07:15:52.634   787 25606 I SQLiteConnectionPool: The connection pool for /data/user/0/com.google.android.gms/databases/metadata.db has been closed but there are still 1 connections in use.  They will be closed as they are released back to the pool.
10-31 07:15:52.635   787 20910 W FontLog : Error updating last accessed time for {Google Sans, wdth 100.0, wght 700, ital 0.0, bestEffort false}. [CONTEXT service_id=132 ]
10-31 07:15:52.635   787 20910 W FontLog : java.lang.IllegalStateException: Cannot perform this operation because the connection pool has been closed.
10-31 07:15:52.635   787 20910 W FontLog : 	at android.database.sqlite.SQLiteConnectionPool.throwIfClosedLocked(SQLiteConnectionPool.java:962)
10-31 07:15:52.635   787 20910 W FontLog : 	at android.database.sqlite.SQLiteConnectionPool.waitForConnection(SQLiteConnectionPool.java:677)
10-31 07:15:52.635   787 20910 W FontLog : 	at android.database.sqlite.SQLiteConnectionPool.acquireConnection(SQLiteConnectionPool.java:348)
10-31 07:15:52.635   787 20910 W FontLog : 	at android.database.sqlite.SQLiteSession.acquireConnection(SQLiteSession.java:894)
10-31 07:15:52.635   787 20910 W FontLog : 	at android.database.sqlite.SQLiteSession.executeForChangedRowCount(SQLiteSession.java:752)
10-31 07:15:52.635   787 20910 W FontLog : 	at android.database.sqlite.SQLiteStatement.executeUpdateDelete(SQLiteStatement.java:64)
10-31 07:15:52.635   787 20910 W FontLog : 	at android.database.sqlite.SQLiteDatabase.executeSql(SQLiteDatabase.java:1679)
10-31 07:15:52.635   787 20910 W FontLog : 	at android.database.sqlite.SQLiteDatabase.execSQL(SQLiteDatabase.java:1658)
10-31 07:15:52.635   787 20910 W FontLog : 	at aafx.run(Unknown Source)
10-31 07:15:52.635   787 20910 W FontLog : 	at sup.b(:com.google.android.gms@203915020@20.39.15 (040406-335085812):12)
10-31 07:15:52.635   787 20910 W FontLog : 	at sup.run(:com.google.android.gms@203915020@20.39.15 (040406-335085812):7)
10-31 07:15:52.635   787 20910 W FontLog : 	at java.util.concurrent.ThreadPoolExecutor.runWorker(ThreadPoolExecutor.java:1133)
10-31 07:15:52.635   787 20910 W FontLog : 	at java.util.concurrent.ThreadPoolExecutor$Worker.run(ThreadPoolExecutor.java:607)
10-31 07:15:52.635   787 20910 W FontLog : 	at tam.run(:com.google.android.gms@203915020@20.39.15 (040406-335085812):0)
10-31 07:15:52.635   787 20910 W FontLog : 	at java.lang.Thread.run(Thread.java:761)
10-31 07:15:56.316 27138 27153 I chromium: [INFO:pipeline_controller.cc(46)] MCHR-300: Starting pipeline, demuxer: FFmpegDemuxer
10-31 07:15:56.336 27138 27160 I chromium: [INFO:ffmpeg_glue.cc(128)] MCHR-300: Container: HLS
10-31 07:15:56.363 26863 27192 W VideoCapabilities: Unrecognized level 0 for video/x-vnd.on2.vp8
10-31 07:15:56.374 26863 27192 I VideoCapabilities: Unsupported profile 4 for video/mp4v-es
10-31 07:15:56.384 26863 27193 W VideoCapabilities: Unrecognized level 0 for video/x-vnd.on2.vp8
10-31 07:15:56.389 26863 27193 I VideoCapabilities: Unsupported profile 4 for video/mp4v-es
10-31 07:15:56.462 27138 27153 I chromium: [INFO:pipeline_controller.cc(355)] MCHR-300: Pipeline stopped.
10-31 07:15:56.470 27138 27153 I chromium: [INFO:pipeline_controller.cc(46)] MCHR-300: Starting pipeline, demuxer: MediaUrlDemuxer
10-31 07:15:56.471 26724 26724 V MediaRouter: Adding route: RouteInfo{ name=Tablet, description=null, status=null, category=RouteCategory{ name=null types=ROUTE_TYPE_LIVE_AUDIO ROUTE_TYPE_LIVE_VIDEO  groupable=false }, supportedTypes=ROUTE_TYPE_LIVE_AUDIO ROUTE_TYPE_LIVE_VIDEO , presentationDisplay=null }
10-31 07:15:56.476 26724 26724 V MediaRouter: Updating audio routes: AudioRoutesInfo{ type=SPEAKER }
10-31 07:15:56.478 26724 26724 V MediaRouter: Selecting route: RouteInfo{ name=Tablet, description=null, status=null, category=RouteCategory{ name=null types=ROUTE_TYPE_LIVE_AUDIO ROUTE_TYPE_LIVE_VIDEO  groupable=false }, supportedTypes=ROUTE_TYPE_LIVE_AUDIO ROUTE_TYPE_LIVE_VIDEO , presentationDisplay=null }
10-31 07:15:56.526   245   269 D MediaBufferGroup: creating MemoryDealer
10-31 07:15:56.527   246 27194 D NuPlayerDriver: notifyListener_l(0xf0220b40), (1, 0, 0), loop setting(0, 0)
10-31 07:15:56.527 26724 26724 D MediaPlayer: setSubtitleAnchor in MediaPlayer
10-31 07:15:56.537 26724 26724 V MediaRouter: Selecting route: RouteInfo{ name=Tablet, description=null, status=null, category=RouteCategory{ name=null types=ROUTE_TYPE_LIVE_AUDIO ROUTE_TYPE_LIVE_VIDEO  groupable=false }, supportedTypes=ROUTE_TYPE_LIVE_AUDIO ROUTE_TYPE_LIVE_VIDEO , presentationDisplay=null }
10-31 07:15:56.554 26724 26724 W MediaPlayer: Couldn't open https://vod.video-cdn.net/F-TUvd9pk8UYjAqC7mYdAm/4312z8mUGRLb5UPsLza27-.aaa,828,596,1656,2356,.mp4.csmil/master.m3u8?set-cc-attribute=cc&hdnea=exp=1667197554~acl=/F-TUvd9pk8UYjAqC7mYdAm/4312z8mUGRLb5UPsLza27-.aaa,828,596,1656,2356,.mp4.csmil/*~hmac=f424097a03b82a05a1c58923f2019e68ad0a48b829911aa695b6d8851535d8fb: java.io.FileNotFoundException: No content provider: https://vod.video-cdn.net/F-TUvd9pk8UYjAqC7mYdAm/4312z8mUGRLb5UPsLza27-.aaa,828,596,1656,2356,.mp4.csmil/master.m3u8?set-cc-attribute=cc&hdnea=exp=1667197554~acl=/F-TUvd9pk8UYjAqC7mYdAm/4312z8mUGRLb5UPsLza27-.aaa,828,596,1656,2356,.mp4.csmil/*~hmac=f424097a03b82a05a1c58923f2019e68ad0a48b829911aa695b6d8851535d8fb
10-31 07:15:56.559   246 27198 I LiveSession: onConnect https://<suppressed>
10-31 07:15:56.572 17545 23264 I CastDatabase: Opening the database
10-31 07:15:56.577 17545 17545 I DiscoveryManager: WifiGuestModeDeviceScanner enabled.
10-31 07:15:56.577   600   647 I WifiHAL : Got channel list with 13 channels
10-31 07:15:56.578   600   647 I WifiHAL : Got channel list with 4 channels
10-31 07:15:56.579   600   647 I WifiHAL : Got channel list with 15 channels
10-31 07:15:56.602 17545 23264 I SQLiteCastStore: 2 CastNetworkInfo instances loaded, 1 CastDeviceInfo instances loaded, 0 paired guest mode devices loaded.
10-31 07:15:56.602 17545 23264 I DiscoveryManager: Filter criteria(D38CB0C5) scannerFlags(0)
10-31 07:15:56.603 17545 23264 I CastDatabase: CastDeviceInfo created: V_2a42d327-96f0-43d0-b9e5-a328096ab6f3
10-31 07:15:56.604 17545 23264 W GuestModeDeviceProber: setFilterCriteria
10-31 07:15:56.620 17545 23264 E DeviceScanner: [BLE] Failed to start scan because the Bluetooth is disabled.
10-31 07:15:56.623 17545 23264 W DatabaseProcessor: processLocalDevices: failed to get the network info with non-null bssid.
10-31 07:15:56.625 17545 23264 W DatabaseProcessor: processLocalDevices: failed to get the network info with non-null bssid.
10-31 07:15:56.631 17545 23264 E DeviceScanner: [BLE] Failed to start scan because the Bluetooth is disabled.
10-31 07:15:56.631 17545 23264 W DatabaseProcessor: processLocalDevices: failed to get the network info with non-null bssid.
10-31 07:15:56.631 17545 23264 W DatabaseProcessor: processLocalDevices: failed to get the network info with non-null bssid.
10-31 07:15:56.896   246 27198 I LiveSession: #### Starting Bandwidth Switch: -1 => 0
10-31 07:15:57.147   246 27199 I ESQueue : found something resembling an H.264/MPEG syncword at offset 1
10-31 07:15:57.147   246 27199 I avc_utils: found AVC codec config (512 x 288, Baseline-profile level 2.1)
10-31 07:15:57.148   246 27199 I ESQueue : found AAC codec config (44100 Hz, 1 channels)
10-31 07:15:57.521   246 27199 I ATSParser: discontinuity on stream pid 0x0100
10-31 07:15:57.524   246 27199 I ATSParser: discontinuity on stream pid 0x0101
10-31 07:15:57.897   246 27197 D NuPlayerDriver: notifyListener_l(0xf0220c60), (3, 5, 0), loop setting(0, 0)
10-31 07:15:57.897   246 27197 D NuPlayerDriver: notifyListener_l(0xf0220c60), (5, 512, 288), loop setting(0, 0)
10-31 07:15:57.897   246 27197 D NuPlayerDriver: notifyListener_l(0xf0220c60), (1, 0, 0), loop setting(0, 0)
10-31 07:15:57.898 26724 26724 D MediaPlayer: setSubtitleAnchor in MediaPlayer
10-31 07:15:57.904 26724 26724 D MediaPlayer: getMetadata
10-31 07:15:57.906   246 27197 D NuPlayer: onSetVideoSurface(0xeb513800, no video decoder)
10-31 07:15:57.907   246   246 D NuPlayerDriver: seekTo(0xf0220c60) 0 ms at state 4
10-31 07:15:57.907   246   246 D NuPlayerDriver: notifyListener_l(0xf0220c60), (7, 0, 0), loop setting(0, 0)
10-31 07:15:57.908   246 27197 W NuPlayer: source has video meta but not file meta
10-31 07:15:57.908   246 27197 D NuPlayerDriver: notifyListener_l(0xf0220c60), (4, 0, 0), loop setting(0, 0)
10-31 07:15:57.908   246 27197 W NuPlayer: source has video meta but not file meta
10-31 07:15:57.908   246 27197 W NuPlayer: source has video meta but not file meta
10-31 07:15:57.910   246 27215 I MediaPlayerService: MediaPlayerService::getOMX
10-31 07:15:57.910   246 27214 I MediaPlayerService: MediaPlayerService::getOMX
10-31 07:15:57.911   246 27214 I OMXClient: MuxOMX ctor
10-31 07:15:57.911   246 27215 I OMXClient: MuxOMX ctor
10-31 07:15:57.912   243   951 I OMXMaster: makeComponentInstance(OMX.Nvidia.h264.decode) in mediacodec process
10-31 07:15:57.913   243  7970 I OMXMaster: makeComponentInstance(OMX.google.aac.decoder) in mediacodec process
10-31 07:15:57.915   246 27212 I MediaCodec: [OMX.Nvidia.h264.decode] setting surface generation to 251962
10-31 07:15:57.929   243 15159 E OMXNodeInstance: getConfig(f300dd:Nvidia.h264.decode, ConfigCommonOutputCrop(0x700000f)) ERROR: BadParameter(0x80001005)
10-31 07:15:57.934   243 21682 E OMXNodeInstance: setConfig(f300de:google.aac.decoder, ConfigPriority(0x6f800002)) ERROR: Undefined(0x80001001)
10-31 07:15:57.934   246 27214 I ACodec  : codec does not support config priority (err -2147483648)
10-31 07:15:57.937   246 27212 I MediaCodec: MediaCodec will operate in async mode
10-31 07:15:57.938   246 27214 I MediaCodec: MediaCodec will operate in async mode
10-31 07:15:57.941   246 27215 D SurfaceUtils: set up nativeWindow 0xeb513808 for 512x288, color 0x106, rotation 0, usage 0x2b00
10-31 07:15:57.944   243 27216 D NvOsDebugPrintf: NvMMLiteOpen : Block : BlockType = 261 
10-31 07:15:57.945   243 27216 D NvOsDebugPrintf: TVMR: NvMMLiteTVMRDecBlockOpen: 5008: NvMMLiteBlockOpen 
10-31 07:15:57.949   243 27218 I SoftAAC2: Reconfiguring decoder: 0->44100 Hz, 0->1 channels
10-31 07:15:57.952   243 27216 D NvOsDebugPrintf: NvMMLiteBlockCreate : Block : BlockType = 261 
10-31 07:15:57.962   246 27210 D AudioTrack: Client defaulted notificationFrames to 7407 for frameCount 22221
10-31 07:15:57.968   243 27220 D NvOsDebugPrintf: TVMR: cbBeginSequence: 655: BeginSequence  512x288, bVPR = 0
10-31 07:15:57.969   243 27220 D NvOsDebugPrintf: TVMR: cbBeginSequence: 918: DecodeBuffers = 3 
10-31 07:15:57.970   243 27220 D NvOsDebugPrintf: TVMR: cbBeginSequence: 938: Display Resolution : (512x288) 
10-31 07:15:57.971   243 27220 D NvOsDebugPrintf: TVMR: cbBeginSequence: 939: Display Aspect Ratio : (512x288) 
10-31 07:15:57.971   243 27220 D NvOsDebugPrintf: TVMR: cbBeginSequence: 1041: SurfaceLayout = 3
10-31 07:15:57.971   243 27220 D NvOsDebugPrintf: TVMR: cbBeginSequence: 1071: NumOfSurfaces = 7, InteraceStream = 0, InterlaceEnabled = 0, bSecure = 0, MVC = 0 Semiplanar = 1, bReinit = 1 
10-31 07:15:57.971   243 27220 D NvOsDebugPrintf: Allocating new output: 512x288 (x 9), ThumbnailMode = 0
10-31 07:15:57.976   246 27215 D SurfaceUtils: set up nativeWindow 0xeb513808 for 512x288, color 0x106, rotation 0, usage 0x2b00
10-31 07:15:57.976   243   951 E OMXNodeInstance: setParameter(f300dd:Nvidia.h264.decode, ParamPortDefinition(0x2000001)) ERROR: UnsupportedSetting(0x80001019)
10-31 07:15:57.977   246 27215 W ACodec  : [OMX.Nvidia.h264.decode] setting nBufferCountActual to 14 failed: -1010
10-31 07:15:57.977   243   905 E OMXNodeInstance: setParameter(f300dd:Nvidia.h264.decode, ParamPortDefinition(0x2000001)) ERROR: UnsupportedSetting(0x80001019)
10-31 07:15:57.978   246 27215 W ACodec  : [OMX.Nvidia.h264.decode] setting nBufferCountActual to 13 failed: -1010
10-31 07:15:57.978   243 31204 E OMXNodeInstance: setParameter(f300dd:Nvidia.h264.decode, ParamPortDefinition(0x2000001)) ERROR: UnsupportedSetting(0x80001019)
10-31 07:15:57.978   246 27215 W ACodec  : [OMX.Nvidia.h264.decode] setting nBufferCountActual to 12 failed: -1010
10-31 07:15:57.993   246 27197 D NuPlayerDriver: notifyListener_l(0xf0220c60), (5, 512, 288), loop setting(0, 0)
10-31 07:15:58.897   246 27197 D NuPlayerDriver: notifyListener_l(0xf0220c60), (3, 6, 0), loop setting(0, 0)
10-31 07:15:59.627 17545 23264 W AdaptiveDiscoveryWorker: Exiting Adaptive Discovery. Current NetworkInfo is NULL.
10-31 07:15:59.898   246 27197 D NuPlayerDriver: notifyListener_l(0xf0220c60), (3, 6, 0), loop setting(0, 0)
10-31 07:15:59.921 17545 23264 W DatabaseProcessor: processLocalDevices: failed to get the network info with non-null bssid.
10-31 07:16:00.898   246 27197 D NuPlayerDriver: notifyListener_l(0xf0220c60), (3, 10, 0), loop setting(0, 0)
10-31 07:16:01.102   246 27199 I ATSParser: discontinuity on stream pid 0x0100
10-31 07:16:01.104   246 27199 I ATSParser: discontinuity on stream pid 0x0101
10-31 07:16:01.392   246 27199 I ATSParser: discontinuity on stream pid 0x0100
10-31 07:16:01.393   246 27199 I ATSParser: discontinuity on stream pid 0x0101
10-31 07:16:01.592   246 27199 I ATSParser: discontinuity on stream pid 0x0100
10-31 07:16:01.595   246 27199 I ATSParser: discontinuity on stream pid 0x0101
10-31 07:16:01.783   246 27199 I ATSParser: discontinuity on stream pid 0x0100
10-31 07:16:01.784   246 27199 I ATSParser: discontinuity on stream pid 0x0101
10-31 07:16:01.856   246 27199 I ATSParser: discontinuity on stream pid 0x0100
10-31 07:16:01.856   246 27199 I ATSParser: discontinuity on stream pid 0x0101
10-31 07:16:01.897   246 27198 I LiveSession: #### Starting Bandwidth Switch: 0 => 3
10-31 07:16:01.898   246 27197 D NuPlayerDriver: notifyListener_l(0xf0220c60), (3, 34, 0), loop setting(0, 0)
10-31 07:16:02.111   246 27199 I ESQueue : found something resembling an H.264/MPEG syncword at offset 1
10-31 07:16:02.120   246 27199 I avc_utils: found AVC codec config (1280 x 720, Baseline-profile level 3.1)
10-31 07:16:02.130   246 27199 I ESQueue : found AAC codec config (44100 Hz, 2 channels)
10-31 07:16:02.151   246 27198 I LiveSession: [timed_id3] i 0 UriIsSameAsIndex newUri false, https://vod.video-cdn.net/F-TUvd9pk8UYjAqC7mYdAm/4312z8mUGRLb5UPsLza27-.aaa,828,596,1656,2356,.mp4.csmil/chunklist_b2356000.m3u8?hdntl=exp=1667283356~acl=/*~data=hdntl~hmac=02f15cbb7eb8c8936f154fe0ed106b63414439f3703e4e3000b05552ba95662c&set-cc-attribute=cc
10-31 07:16:02.151   246 27198 I LiveSession: [timed_id3] i 1 UriIsSameAsIndex newUri false, https://vod.video-cdn.net/F-TUvd9pk8UYjAqC7mYdAm/4312z8mUGRLb5UPsLza27-.aaa,828,596,1656,2356,.mp4.csmil/chunklist_b2356000.m3u8?hdntl=exp=1667283356~acl=/*~data=hdntl~hmac=02f15cbb7eb8c8936f154fe0ed106b63414439f3703e4e3000b05552ba95662c&set-cc-attribute=cc
10-31 07:16:02.151   246 27198 I LiveSession: #### Finished Bandwidth Switch: 0 => 3
10-31 07:16:02.152   246 27197 D NuPlayerDriver: notifyListener_l(0xf0220c60), (3, 10, 0), loop setting(0, 0)
10-31 07:16:02.627   246 27199 I ATSParser: discontinuity on stream pid 0x0100
10-31 07:16:02.644   246 27199 I ATSParser: discontinuity on stream pid 0x0101
10-31 07:16:03.029   246 27199 I ATSParser: discontinuity on stream pid 0x0100
10-31 07:16:03.032   246 27199 I ATSParser: discontinuity on stream pid 0x0101
10-31 07:16:03.153   246 27197 D NuPlayerDriver: notifyListener_l(0xf0220c60), (3, 23, 0), loop setting(0, 0)
10-31 07:16:03.592   246 27199 I ATSParser: discontinuity on stream pid 0x0100
10-31 07:16:03.593   246 27199 I ATSParser: discontinuity on stream pid 0x0101
10-31 07:16:04.031   246 27199 I ATSParser: discontinuity on stream pid 0x0100
10-31 07:16:04.064   246 27199 I ATSParser: discontinuity on stream pid 0x0101
10-31 07:16:04.152   246 27197 D NuPlayerDriver: notifyListener_l(0xf0220c60), (3, 33, 0), loop setting(0, 0)
10-31 07:16:05.150 27231 27231 D AndroidRuntime: >>>>>> START com.android.internal.os.RuntimeInit uid 2000 <<<<<<
10-31 07:16:05.152   246 27197 D NuPlayerDriver: notifyListener_l(0xf0220c60), (3, 38, 0), loop setting(0, 0)
10-31 07:16:05.154 27231 27231 D AndroidRuntime: CheckJNI is OFF
10-31 07:16:05.219 27231 27231 D ICU     : No timezone override file found: /data/misc/zoneinfo/current/icu/icu_tzdata.dat
10-31 07:16:05.251 27231 27231 I Radio-JNI: register_android_hardware_Radio DONE
10-31 07:16:05.266 27231 27231 D AndroidRuntime: Calling main entry com.android.commands.monkey.Monkey
10-31 07:16:05.334   600   613 W BroadcastQueue: Skipping deliver [background] BroadcastRecord{2c2477d u-1 android.net.conn.CONNECTIVITY_CHANGE} to ReceiverList{62eb672 27231 (unknown name)/2000/u-1 remote:b37f327}: process crashing
10-31 07:16:06.153   246 27197 D NuPlayerDriver: notifyListener_l(0xf0220c60), (3, 38, 0), loop setting(0, 0)
10-31 07:16:07.077 27231 27231 D MonkeyStub: translateCommand: wake
10-31 07:16:07.154   246 27197 D NuPlayerDriver: notifyListener_l(0xf0220c60), (3, 38, 0), loop setting(0, 0)
10-31 07:16:07.304 27231 27231 D MonkeyStub: translateCommand: tap 273 1877
10-31 07:16:08.154   246 27197 D NuPlayerDriver: notifyListener_l(0xf0220c60), (3, 38, 0), loop setting(0, 0)
10-31 07:16:09.154   246 27197 D NuPlayerDriver: notifyListener_l(0xf0220c60), (3, 38, 0), loop setting(0, 0)
10-31 07:16:10.155   246 27197 D NuPlayerDriver: notifyListener_l(0xf0220c60), (3, 38, 0), loop setting(0, 0)
