--------- beginning of main
11-01 16:38:24.552 32664 32664 D AndroidRuntime: >>>>>> START com.android.internal.os.RuntimeInit uid 2000 <<<<<<
11-01 16:38:24.556 32664 32664 D AndroidRuntime: CheckJNI is OFF
11-01 16:38:24.642 32664 32664 D ICU     : No timezone override file found: /data/misc/zoneinfo/current/icu/icu_tzdata.dat
11-01 16:38:24.675 32664 32664 I Radio-JNI: register_android_hardware_Radio DONE
11-01 16:38:24.691 32664 32664 D AndroidRuntime: Calling main entry com.android.commands.am.Am
--------- beginning of system
11-01 16:38:24.711   600  6822 I ActivityManager: Force stopping com.android.chrome appid=10035 user=0: from pid 32664
11-01 16:38:24.711   600  6822 I ActivityManager: Killing 31122:com.android.chrome/u0a35 (adj 902): stop com.android.chrome
11-01 16:38:24.711   600  6822 D ActivityManager: cleanUpApplicationRecord -- 31122
11-01 16:38:24.725  1058  1058 D RegisteredNfcFServicesCache: Service unchanged, not updating
11-01 16:38:24.965   600  1068 I ActivityManager: START u0 {act=android.intent.action.VIEW flg=0x10008000 cmp=com.android.chrome/com.google.android.apps.chrome.Main} from uid 2000 on display 0
11-01 16:38:24.977 32664 32664 D AndroidRuntime: Shutting down VM
11-01 16:38:24.991   600 28743 I ActivityManager: Start proc 32674:com.android.chrome/u0a35 for activity com.android.chrome/com.google.android.apps.chrome.Main
11-01 16:38:25.146   600  1484 I ActivityManager: START u0 {cmp=com.android.chrome/org.chromium.chrome.browser.firstrun.TabbedModeFirstRunActivity (has extras)} from uid 10035 on display 0
11-01 16:38:25.171 32674 32691 W DynamiteModule: Local module descriptor class for com.google.android.gms.googlecertificates not found.
11-01 16:38:25.292 32674 32692 I cr_LibraryLoader: Loaded native library version number "85.0.4183.127"
11-01 16:38:25.293 32674 32692 I cr_CachingUmaRecorder: Flushed 10 samples from 10 histograms.
11-01 16:38:25.303 32674 32691 I DynamiteModule: Considering local module com.google.android.gms.googlecertificates:0 and remote module com.google.android.gms.googlecertificates:6
11-01 16:38:25.303 32674 32691 I DynamiteModule: Selected remote version of com.google.android.gms.googlecertificates, version >= 6
11-01 16:38:25.331 32674 32693 I OpenGLRenderer: Initialized EGL, version 1.4
11-01 16:38:25.332 32674 32693 D OpenGLRenderer: Swap behavior 2
11-01 16:38:25.352 32674 32691 W System  : ClassLoader referenced unknown path: 
11-01 16:38:25.354 32674 32691 D ApplicationLoaders: ignored Vulkan layer search path /data/app/com.google.android.gms-1/lib/arm:/data/app/com.google.android.gms-1/base.apk!/lib/armeabi-v7a:/data/app/com.google.android.gms-1/split_config.en.apk!/lib/armeabi-v7a for namespace 0xf7275090
11-01 16:38:25.357 32674 32691 W ResourceType: ResTable_typeSpec entry count inconsistent: given 67, previously 69
11-01 16:38:25.357 32674 32691 W ResourceType: ResTable_typeSpec entry count inconsistent: given 5346, previously 5347
11-01 16:38:25.390 32674 32691 I DynamiteLoaderV2Impl: [70] Googlecertificates
11-01 16:38:25.404 32674 32691 W System  : ClassLoader referenced unknown path: /data/user_de/0/com.google.android.gms/app_chimera/m/00000061/n/armeabi-v7a
11-01 16:38:25.404 32674 32691 W System  : ClassLoader referenced unknown path: /data/user_de/0/com.google.android.gms/app_chimera/m/00000061/n/armeabi
11-01 16:38:25.493 32674 32688 D NetworkSecurityConfig: Using Network Security Config from resource 0_resource_name_obfuscated debugBuild: false
11-01 16:38:25.500   600   620 I ActivityManager: Displayed com.android.chrome/org.chromium.chrome.browser.firstrun.TabbedModeFirstRunActivity: +310ms (total +526ms)
11-01 16:38:25.515   600   620 W WindowManager: Failed looking up window
11-01 16:38:25.515   600   620 W WindowManager: java.lang.IllegalArgumentException: Requested window android.view.ViewRootImpl$W@788ec5a does not exist
11-01 16:38:25.515   600   620 W WindowManager: 	at com.android.server.wm.WindowManagerService.windowForClientLocked(WindowManagerService.java:9422)
11-01 16:38:25.515   600   620 W WindowManager: 	at com.android.server.wm.WindowManagerService.windowForClientLocked(WindowManagerService.java:9413)
11-01 16:38:25.515   600   620 W WindowManager: 	at com.android.server.wm.WindowManagerService.removeWindow(WindowManagerService.java:2393)
11-01 16:38:25.515   600   620 W WindowManager: 	at com.android.server.wm.Session.remove(Session.java:202)
11-01 16:38:25.515   600   620 W WindowManager: 	at android.view.ViewRootImpl.dispatchDetachedFromWindow(ViewRootImpl.java:3290)
11-01 16:38:25.515   600   620 W WindowManager: 	at android.view.ViewRootImpl.doDie(ViewRootImpl.java:5917)
11-01 16:38:25.515   600   620 W WindowManager: 	at android.view.ViewRootImpl$ViewRootHandler.handleMessage(ViewRootImpl.java:3626)
11-01 16:38:25.515   600   620 W WindowManager: 	at android.os.Handler.dispatchMessage(Handler.java:102)
11-01 16:38:25.515   600   620 W WindowManager: 	at android.os.Looper.loop(Looper.java:154)
11-01 16:38:25.515   600   620 W WindowManager: 	at android.os.HandlerThread.run(HandlerThread.java:61)
11-01 16:38:25.515   600   620 W WindowManager: 	at com.android.server.ServiceThread.run(ServiceThread.java:46)
11-01 16:38:25.522   785  1684 I FontLog : Received query Google Sans, URI content://com.google.android.gms.fonts [CONTEXT service_id=132 ]
11-01 16:38:25.522   785  1684 I FontLog : Query [Google Sans] resolved to {Google Sans, wdth 100.0, wght 400, ital 0.0, bestEffort false} [CONTEXT service_id=132 ]
11-01 16:38:25.524   785  1684 I FontLog : Font PFD returned from cache for {Google Sans, wdth 100.0, wght 400, ital 0.0, bestEffort false} [CONTEXT service_id=132 ]
11-01 16:38:25.532   785  1684 I FontLog : Fetch {Google Sans, wdth 100.0, wght 400, ital 0.0, bestEffort false} end status Status{statusCode=SUCCESS, resolution=null} [CONTEXT service_id=132 ]
11-01 16:38:25.553   785  1682 I FontLog : Pulling font file for id = 392, cache size = 6 [CONTEXT service_id=132 ]
11-01 16:38:25.555   785  1234 E apju    : Phenotype API error. Event # cdub@d93548fb, EventCode: 7 [CONTEXT service_id=51 ]
11-01 16:38:25.555   785  1234 E apju    : apiz: 29505: No config packages for log source, or config package not registered
11-01 16:38:25.555   785  1234 E apju    : 	at apkj.b(:com.google.android.gms@203915020@20.39.15 (040406-335085812):7)
11-01 16:38:25.555   785  1234 E apju    : 	at apkg.b(:com.google.android.gms@203915020@20.39.15 (040406-335085812):2)
11-01 16:38:25.555   785  1234 E apju    : 	at apju.a(:com.google.android.gms@203915020@20.39.15 (040406-335085812):85)
11-01 16:38:25.555   785  1234 E apju    : 	at apju.a(:com.google.android.gms@203915020@20.39.15 (040406-335085812):80)
11-01 16:38:25.555   785  1234 E apju    : 	at aain.run(:com.google.android.gms@203915020@20.39.15 (040406-335085812):7)
11-01 16:38:25.555   785  1234 E apju    : 	at boex.run(:com.google.android.gms@203915020@20.39.15 (040406-335085812):2)
11-01 16:38:25.555   785  1234 E apju    : 	at sup.b(:com.google.android.gms@203915020@20.39.15 (040406-335085812):12)
11-01 16:38:25.555   785  1234 E apju    : 	at sup.run(:com.google.android.gms@203915020@20.39.15 (040406-335085812):7)
11-01 16:38:25.555   785  1234 E apju    : 	at java.util.concurrent.ThreadPoolExecutor.runWorker(ThreadPoolExecutor.java:1133)
11-01 16:38:25.555   785  1234 E apju    : 	at java.util.concurrent.ThreadPoolExecutor$Worker.run(ThreadPoolExecutor.java:607)
11-01 16:38:25.555   785  1234 E apju    : 	at tam.run(:com.google.android.gms@203915020@20.39.15 (040406-335085812):0)
11-01 16:38:25.555   785  1234 E apju    : 	at java.lang.Thread.run(Thread.java:761)
11-01 16:38:25.556   785  1234 E AsyncOperation: serviceID=51, operation=GetExperimentTokensOperationCall [CONTEXT service_id=259 ]
11-01 16:38:25.556   785  1234 E AsyncOperation: OperationException[Status{statusCode=No config packages for log source, or config package not registered, resolution=null}]
11-01 16:38:25.556   785  1234 E AsyncOperation: 	at apju.a(:com.google.android.gms@203915020@20.39.15 (040406-335085812):87)
11-01 16:38:25.556   785  1234 E AsyncOperation: 	at apju.a(:com.google.android.gms@203915020@20.39.15 (040406-335085812):80)
11-01 16:38:25.556   785  1234 E AsyncOperation: 	at aain.run(:com.google.android.gms@203915020@20.39.15 (040406-335085812):7)
11-01 16:38:25.556   785  1234 E AsyncOperation: 	at boex.run(:com.google.android.gms@203915020@20.39.15 (040406-335085812):2)
11-01 16:38:25.556   785  1234 E AsyncOperation: 	at sup.b(:com.google.android.gms@203915020@20.39.15 (040406-335085812):12)
11-01 16:38:25.556   785  1234 E AsyncOperation: 	at sup.run(:com.google.android.gms@203915020@20.39.15 (040406-335085812):7)
11-01 16:38:25.556   785  1234 E AsyncOperation: 	at java.util.concurrent.ThreadPoolExecutor.runWorker(ThreadPoolExecutor.java:1133)
11-01 16:38:25.556   785  1234 E AsyncOperation: 	at java.util.concurrent.ThreadPoolExecutor$Worker.run(ThreadPoolExecutor.java:607)
11-01 16:38:25.556   785  1234 E AsyncOperation: 	at tam.run(:com.google.android.gms@203915020@20.39.15 (040406-335085812):0)
11-01 16:38:25.556   785  1234 E AsyncOperation: 	at java.lang.Thread.run(Thread.java:761)
11-01 16:38:25.598   785  1191 I FontLog : Received query Google Sans:500, URI content://com.google.android.gms.fonts [CONTEXT service_id=132 ]
11-01 16:38:25.599   785  1191 I FontLog : Query [Google Sans:500] resolved to {Google Sans, wdth 100.0, wght 500, ital 0.0, bestEffort false} [CONTEXT service_id=132 ]
11-01 16:38:25.600   785  1191 I FontLog : Font PFD returned from cache for {Google Sans, wdth 100.0, wght 500, ital 0.0, bestEffort false} [CONTEXT service_id=132 ]
11-01 16:38:25.600   785  1191 I FontLog : Fetch {Google Sans, wdth 100.0, wght 500, ital 0.0, bestEffort false} end status Status{statusCode=SUCCESS, resolution=null} [CONTEXT service_id=132 ]
11-01 16:38:25.675 27901 27901 I MemoryTrimmer: Trimming objects from memory, since app is in the background.
11-01 16:38:25.686  1075  1075 I MemoryTrimmer: Trimming objects from memory, since app is in the background.
11-01 16:38:25.741 27901 27901 I MemoryTrimmer: Trimming objects from memory, since app is in the background.
11-01 16:38:25.777 32674 32688 I cr_VariationsSeedFetch: Fetched first run seed in 286 ms
11-01 16:38:25.786   785  1300 I FontLog : Pulling font file for id = 393, cache size = 7 [CONTEXT service_id=132 ]
11-01 16:38:25.794   785   797 I art     : Background partial concurrent mark sweep GC freed 75165(4MB) AllocSpace objects, 3(60KB) LOS objects, 39% free, 10MB/18MB, paused 7.091ms total 213.745ms
11-01 16:38:25.812   785   795 W SQLiteConnectionPool: A SQLiteConnection object for database '/data/user/0/com.google.android.gms/databases/metadata.db' was leaked!  Please fix your application to end transactions in progress properly and to close the database when it is no longer needed.
11-01 16:38:25.822   600  8930 I ActivityManager: Start proc 32708:com.android.chrome:sandboxed_process0/u0i384 for service com.android.chrome/org.chromium.content.app.SandboxedProcessService0
11-01 16:38:25.906 32708 32708 W dboxed_process0: type=1400 audit(0.0:2326): avc: denied { getattr } for path="/data/data/com.android.chrome" dev="dm-2" ino=12190 scontext=u:r:isolated_app:s0:c512,c768 tcontext=u:object_r:app_data_file:s0:c512,c768 tclass=dir permissive=0
11-01 16:38:25.939 32708 32708 I cr_ChildProcessService: Creating new ChildProcessService pid=32708
11-01 16:38:26.063   785  1234 W GmsStrictMode: LEAKED_CLOSABLE [CONTEXT service_id=256 ]
11-01 16:38:26.063   785  1234 W GmsStrictMode: rvo: LEAKED_CLOSABLE
11-01 16:38:26.063   785  1234 W GmsStrictMode: 	at dalvik.system.VMStack.getThreadStackTrace(Native Method)
11-01 16:38:26.063   785  1234 W GmsStrictMode: 	at java.lang.Thread.getStackTrace(Thread.java:1566)
11-01 16:38:26.063   785  1234 W GmsStrictMode: 	at bhdb.containsKey(:com.google.android.gms@203915020@20.39.15 (040406-335085812):1)
11-01 16:38:26.063   785  1234 W GmsStrictMode: 	at android.os.StrictMode.onVmPolicyViolation(StrictMode.java:1867)
11-01 16:38:26.063   785  1234 W GmsStrictMode: 	at android.os.StrictMode.onVmPolicyViolation(StrictMode.java:1844)
11-01 16:38:26.063   785  1234 W GmsStrictMode: 	at android.os.StrictMode$AndroidCloseGuardReporter.report(StrictMode.java:1590)
11-01 16:38:26.063   785  1234 W GmsStrictMode: 	at dalvik.system.CloseGuard.warnIfOpen(CloseGuard.java:208)
11-01 16:38:26.063   785  1234 W GmsStrictMode: 	at android.database.sqlite.SQLiteConnection.dispose(SQLiteConnection.java:231)
11-01 16:38:26.063   785  1234 W GmsStrictMode: 	at android.database.sqlite.SQLiteConnection.finalize(SQLiteConnection.java:180)
11-01 16:38:26.063   785  1234 W GmsStrictMode: 	at java.lang.Daemons$FinalizerDaemon.doFinalize(Daemons.java:222)
11-01 16:38:26.063   785  1234 W GmsStrictMode: 	at java.lang.Daemons$FinalizerDaemon.run(Daemons.java:209)
11-01 16:38:26.063   785  1234 W GmsStrictMode: 	at java.lang.Thread.run(Thread.java:761)
11-01 16:38:26.084   600  1485 I ActivityManager: Setting hasTopUi=false for pid=685
11-01 16:38:26.085   685   685 D PhoneStatusBar: disable: < expand icons* alerts system_info* back home recent clock search quick_settings >
11-01 16:38:26.114   600  6822 I ActivityManager: Start proc 32736:com.android.chrome:privileged_process0/u0a35 for service com.android.chrome/org.chromium.content.app.PrivilegedProcessService0
11-01 16:38:26.241 32736 32736 I cr_ChildProcessService: Creating new ChildProcessService pid=32736
11-01 16:38:26.282 32674 32695 W ConnectionStatusConfig: Dynamic lookup for intent failed for action: com.google.android.gms.auth.key.retrieval.service.START
11-01 16:38:26.310 32674 32684 I art     : Background partial concurrent mark sweep GC freed 4432(330KB) AllocSpace objects, 14(1264KB) LOS objects, 39% free, 5MB/8MB, paused 1.234ms total 178.755ms
11-01 16:38:26.311 32674 32695 W ConnectionStatusConfig: Dynamic lookup for intent failed for action: com.google.android.gms.auth.key.retrieval.service.START
11-01 16:38:26.312   600  8928 W ActivityManager: Unable to start service Intent { act=com.google.android.gms.auth.key.retrieval.service.START pkg=com.google.android.gms } U=0: not found
11-01 16:38:26.318 32674 32674 W cr_KnoxSettingsProvider: Permission to read device policy denied.
11-01 16:38:26.326   600  8930 W ActivityManager: Unbind failed: could not find connection for android.os.BinderProxy@7163bb3
11-01 16:38:26.327 32674 32695 E GmsClient: unable to connect to service: com.google.android.gms.auth.key.retrieval.service.START on com.google.android.gms
11-01 16:38:26.347 32736 32752 I cr_LibraryLoader: Loaded native library version number "85.0.4183.127"
11-01 16:38:26.353 32736 32752 I cr_CachingUmaRecorder: Flushed 1 samples from 1 histograms.
11-01 16:38:26.386 32736 32752 E libEGL  : validate_display:99 error 3008 (EGL_BAD_DISPLAY)
11-01 16:38:35.794 27901 27901 I MemoryTrimmer: Trimming objects from memory, since app is in the background.
11-01 16:38:38.199   311   311 D AndroidRuntime: >>>>>> START com.android.internal.os.RuntimeInit uid 2000 <<<<<<
11-01 16:38:38.202   311   311 D AndroidRuntime: CheckJNI is OFF
11-01 16:38:38.267   311   311 D ICU     : No timezone override file found: /data/misc/zoneinfo/current/icu/icu_tzdata.dat
11-01 16:38:38.299   311   311 I Radio-JNI: register_android_hardware_Radio DONE
11-01 16:38:38.313   311   311 D AndroidRuntime: Calling main entry com.android.commands.monkey.Monkey
11-01 16:38:38.379   600   613 W BroadcastQueue: Skipping deliver [background] BroadcastRecord{df4721e u-1 android.net.conn.CONNECTIVITY_CHANGE} to ReceiverList{d0deaff 311 (unknown name)/2000/u-1 remote:379caa0}: process crashing
11-01 16:38:39.915   311   311 D MonkeyStub: translateCommand: wake
11-01 16:38:40.037   311   311 D MonkeyStub: translateCommand: tap 398 1198
11-01 16:38:42.120   311   311 D MonkeyStub: translateCommand: tap 720 1506
11-01 16:38:42.289 28033 28044 I PeopleChimeraService: onService. callbacks = aaik@be8dc6e, request = com.google.android.gms.common.internal.GetServiceRequest@638f0f
11-01 16:38:42.306 28033 28080 I PeopleChimeraService: onService. callbacks = aaik@63ec9a5, request = com.google.android.gms.common.internal.GetServiceRequest@4ca517a
11-01 16:38:44.168   311   311 D MonkeyStub: translateCommand: tap 355 1480
11-01 16:38:44.184   311   311 D MonkeyStub: Quit requested
11-01 16:38:44.204   600   614 I CwMcuSensor: CwMcuSensor::flush: fd = 228, sensors_id = 0, path = /sys/class/htc_sensorhub/sensor_hub/flush, err = 0
11-01 16:38:44.210   600   610 I ActivityManager: START u0 {act=android.intent.action.VIEW flg=0x10008000 cmp=com.android.chrome/com.google.android.apps.chrome.Main (has extras)} from uid 10035 on display 0
11-01 16:38:44.221   311   311 I art     : System.exit called, status: 6
11-01 16:38:44.221   311   311 I AndroidRuntime: VM exiting with result code 6.
11-01 16:38:44.273   600 28743 W WindowManager: Attempted to remove non-existing token: android.os.Binder@cc0f0cc
11-01 16:38:44.401 32674 32674 E cr_CompositorSurfaceMgr: Transitioning to surface with format : -1
11-01 16:38:44.490   600   609 I art     : Background partial concurrent mark sweep GC freed 17179(859KB) AllocSpace objects, 3(60KB) LOS objects, 33% free, 15MB/23MB, paused 3.361ms total 211.287ms
11-01 16:38:44.497 32674 32728 W cr_tabmodel: Starting to perform legacy migration.
11-01 16:38:44.504 32674 32728 W cr_tabmodel: Finished performing legacy migration.
11-01 16:38:44.504 32674 32728 W cr_tabmodel: Starting to perform multi-instance migration.
11-01 16:38:44.504 32674 32728 W cr_tabmodel: Finished performing multi-instance migration.
11-01 16:38:44.504 32674 32728 I cr_tabmodel: Starting to fetch tab list for tab_state0
11-01 16:38:44.504 32674 32728 I cr_tabmodel: State file does not exist.
11-01 16:38:44.505 32674 32728 I cr_tabmodel: Starting to fetch tab list for tab_state1
11-01 16:38:44.505 32674 32728 I cr_tabmodel: State file does not exist.
11-01 16:38:44.538 32674 32728 I cr_ADCP : No customization source found
11-01 16:38:44.577   600   611 E BatteryStatsService: power: Missing API
11-01 16:38:44.603   800   800 E PhoneInterfaceManager: [PhoneIntfMgr] queryModemActivityInfo: Empty response
11-01 16:38:44.603   600   611 E BatteryStatsService: no controller energy info supplied
11-01 16:38:44.611   600   611 E BatteryStatsService: modem info is invalid: ModemActivityInfo{ mTimestamp=0 mSleepTimeMs=0 mIdleTimeMs=0 mTxTimeMs[]=[0, 0, 0, 0, 0] mRxTimeMs=0 mEnergyUsed=0}
11-01 16:38:44.626   600   620 I ActivityManager: Displayed com.android.chrome/com.google.android.apps.chrome.Main: +376ms
11-01 16:38:44.636 32674 32693 D OpenGLRenderer: endAllActiveAnimators on 0xd70f2900 (InsetDrawable) with handle 0xd547fa10
11-01 16:38:44.639 32674 32674 E cr_CompositorSurfaceMgr: Transitioning to surface with format : -1
11-01 16:38:44.643 32674 32674 E cr_CompositorSurfaceMgr: surfaceCreated format : 0
11-01 16:38:44.654 32674 32674 I cr_ContextualSearch: Tap suppression enabled: false
11-01 16:38:44.661 32674 32674 I cr_ChromeTabbedActivity: #initializeState
11-01 16:38:44.661 32674 32674 I cr_CipherFactory: #restoreFromBundle, no savedInstanceState.
11-01 16:38:44.661 32674 32674 I cr_tabmodel: #loadState, ignoreIncognitoFiles? true
11-01 16:38:44.883 32674 32674 I SchedulerApiWrapper: Create SchedulerApiMainThreadWrapper
11-01 16:38:44.899 32674 32674 I FeedSessionManagerImpl: FeedSessionManagerImpl has been created
11-01 16:38:44.900 32674 32674 I FeedAppLifecycleLstnr: onEnterForeground called
11-01 16:38:44.900 32674 32674 I FeedSessionManagerImpl: onLifecycleEvent foreground
11-01 16:38:44.901 32674 32674 I FeedSessionManagerImpl: Lazy initialization triggered, getUpdateConsumer
11-01 16:38:44.901 32674 32724 I TaskQueue: Execute task [IMMEDIATE - d: true, b: 0]: 30
11-01 16:38:44.901 32674 32674 I FeedRequestManagerImpl: trigger refresh 2
11-01 16:38:44.902 32674 32674 I TaskQueue:  - task [HEAD_INVALIDATE - d: true, b: 0]: 26
11-01 16:38:44.902 32674 32674 I FeedAppLifecycleLstnr: initialize called
11-01 16:38:44.902 32674 32674 I FeedSessionManagerImpl: onLifecycleEvent initialize
11-01 16:38:44.902 32674 32674 W FeedSessionManagerImpl: FeedSessionManagerImpl has previously been initialized
11-01 16:38:44.930 32674 32674 I ViewConfigCompat: Could not find method getScaledScrollFactor() on ViewConfiguration
11-01 16:38:44.933 32674 32674 I BasicStream: Setting 2 header views, currently have 0 headers
11-01 16:38:44.934 32674 32674 I BasicStream: Setting 2 header views, currently have 2 headers
11-01 16:38:44.987   600   619 D BluetoothManagerService: Message: 20
11-01 16:38:44.987   600   619 D BluetoothManagerService: Added callback: android.bluetooth.IBluetoothManagerCallback$Stub$Proxy@de70818:true
11-01 16:38:45.010 32674 32674 E cr_IntentUtils: getBooleanExtra failed on intent null
11-01 16:38:45.013 32708 32721 I cr_LibraryLoader: Loaded native library version number "85.0.4183.127"
11-01 16:38:45.014 32708 32721 I cr_CachingUmaRecorder: Flushed 1 samples from 1 histograms.
11-01 16:38:45.023 32674 32674 I TimeoutSessionImpl: Using TimeoutSessionImpl
11-01 16:38:45.023 32674 32674 I FeedSessionManagerImpl: Delaying populateSession until initialization is finished
11-01 16:38:45.023 32674 32674 I TaskQueue:  - task [IMMEDIATE - d: true, b: 1]: 13
11-01 16:38:45.023 32674 32674 I MainThreadRunner: Running task [BasicStream onShow] on the Main Thread with a delay of 500 milliseconds
11-01 16:38:45.121   600   610 I ActivityManager: Start proc 345:com.android.chrome:sandboxed_process1/u0i385 for service com.android.chrome/org.chromium.content.app.SandboxedProcessService1
11-01 16:38:45.123 32674 32724 W SessionCache: Persisted Sessions were not found
11-01 16:38:45.124 32674 32724 I HeadSessionImpl: Initialize HEAD 0 items
11-01 16:38:45.124 32674 32724 I TaskQueue:  - task [BACKGROUND - d: true, b: 2]: 11
11-01 16:38:45.124 32674 32724 I TimingUtils: Task Timing 222ms, thread JardinExecutor | task : Initialization
11-01 16:38:45.124 32674 32724 I TaskQueue:  - Finished 30, time 223 ms
11-01 16:38:45.125 32674 32724 I TaskQueue: Execute task [HEAD_INVALIDATE - d: true, b: 2]: 26
11-01 16:38:45.128 32674 32724 I TimingUtils: Task Timing   3ms, thread JardinExecutor | task : getAllDismissLocalActions | size : 0
11-01 16:38:45.129 32674 32724 I TimingUtils: Task Timing   0ms, thread JardinExecutor | task : getSemanticProperties | size : 0
11-01 16:38:45.129 32674 32724 I MainThreadRunner: Running task [Check Tooltips] on the Main Thread
11-01 16:38:45.129 32674 32724 I TaskQueue:  * Starting starvation checks
11-01 16:38:45.129 32674 32724 I MainThreadRunner: Running task [starvationChecks] on the Main Thread with a delay of 6000 milliseconds
11-01 16:38:45.129 32674 32724 I TaskQueue:  - Finished 26, time 5 ms
11-01 16:38:45.130 32674 32724 I TaskQueue: Execute task [IMMEDIATE - d: true, b: 1]: 13
11-01 16:38:45.131 32674 32724 I FeedSessionManagerImpl: shouldSessionRequestData; hasContent(false), contentCreationTime(0), outstandingRequest(true)
11-01 16:38:45.131 32674 32724 I MainThreadRunner: Running task [SchedulerApiWrapper shouldSessionRequestData] on the Main Thread
11-01 16:38:45.162   600   611 I ActivityManager: Start proc 350:com.android.chrome:sandboxed_process2/u0i386 for service com.android.chrome/org.chromium.content.app.SandboxedProcessService2
11-01 16:38:45.165 32674 32684 I art     : Background partial concurrent mark sweep GC freed 13526(731KB) AllocSpace objects, 2(572KB) LOS objects, 40% free, 7MB/12MB, paused 1.088ms total 112.965ms
11-01 16:38:45.193   600  1664 I ActivityManager: Start proc 358:com.android.chrome:sandboxed_process3/u0i387 for service com.android.chrome/org.chromium.content.app.SandboxedProcessService3
11-01 16:38:45.247   600  6822 I ActivityManager: Start proc 379:com.android.chrome:sandboxed_process4/u0i388 for service com.android.chrome/org.chromium.content.app.SandboxedProcessService4
11-01 16:38:45.324   600  1483 I ActivityManager: Start proc 390:com.android.chrome:sandboxed_process5/u0i389 for service com.android.chrome/org.chromium.content.app.SandboxedProcessService5
11-01 16:38:45.376   600  8039 I ActivityManager: Start proc 411:com.android.chrome:sandboxed_process6/u0i390 for service com.android.chrome/org.chromium.content.app.SandboxedProcessService6
11-01 16:38:45.386 32674 32674 I PlayCore: UID: [10035]  PID: [32674] SplitInstallService : deferredInstall([image_editor])
11-01 16:38:45.402 32674   417 I PlayCore: UID: [10035]  PID: [32674] SplitInstallService : Initiate binding to the service.
11-01 16:38:45.425   600 28743 I ActivityManager: Start proc 425:com.android.chrome:sandboxed_process7/u0i391 for service com.android.chrome/org.chromium.content.app.SandboxedProcessService7
11-01 16:38:45.466   345   345 W dboxed_process1: type=1400 audit(0.0:2327): avc: denied { getattr } for path="/data/data/com.android.chrome" dev="dm-2" ino=12190 scontext=u:r:isolated_app:s0:c512,c768 tcontext=u:object_r:app_data_file:s0:c512,c768 tclass=dir permissive=0
11-01 16:38:45.496   350   350 W dboxed_process2: type=1400 audit(0.0:2328): avc: denied { getattr } for path="/data/data/com.android.chrome" dev="dm-2" ino=12190 scontext=u:r:isolated_app:s0:c512,c768 tcontext=u:object_r:app_data_file:s0:c512,c768 tclass=dir permissive=0
11-01 16:38:45.503   600  1484 I ActivityManager: Start proc 437:com.android.chrome:sandboxed_process8/u0i392 for service com.android.chrome/org.chromium.content.app.SandboxedProcessService8
11-01 16:38:45.559 32674 32674 I Choreographer: Skipped 55 frames!  The application may be doing too much work on its main thread.
11-01 16:38:45.569   358   358 W dboxed_process3: type=1400 audit(0.0:2329): avc: denied { getattr } for path="/data/data/com.android.chrome" dev="dm-2" ino=12190 scontext=u:r:isolated_app:s0:c512,c768 tcontext=u:object_r:app_data_file:s0:c512,c768 tclass=dir permissive=0
11-01 16:38:45.659   379   379 W dboxed_process4: type=1400 audit(0.0:2330): avc: denied { getattr } for path="/data/data/com.android.chrome" dev="dm-2" ino=12190 scontext=u:r:isolated_app:s0:c512,c768 tcontext=u:object_r:app_data_file:s0:c512,c768 tclass=dir permissive=0
11-01 16:38:45.676   390   390 W dboxed_process5: type=1400 audit(0.0:2331): avc: denied { getattr } for path="/data/data/com.android.chrome" dev="dm-2" ino=12190 scontext=u:r:isolated_app:s0:c512,c768 tcontext=u:object_r:app_data_file:s0:c512,c768 tclass=dir permissive=0
11-01 16:38:45.728   345   345 I cr_ChildProcessService: Creating new ChildProcessService pid=345
11-01 16:38:45.798   350   350 I cr_ChildProcessService: Creating new ChildProcessService pid=350
11-01 16:38:45.807   358   358 I cr_ChildProcessService: Creating new ChildProcessService pid=358
11-01 16:38:45.843   411   411 W dboxed_process6: type=1400 audit(0.0:2332): avc: denied { getattr } for path="/data/data/com.android.chrome" dev="dm-2" ino=12190 scontext=u:r:isolated_app:s0:c512,c768 tcontext=u:object_r:app_data_file:s0:c512,c768 tclass=dir permissive=0
11-01 16:38:45.856   425   425 W dboxed_process7: type=1400 audit(0.0:2333): avc: denied { getattr } for path="/data/data/com.android.chrome" dev="dm-2" ino=12190 scontext=u:r:isolated_app:s0:c512,c768 tcontext=u:object_r:app_data_file:s0:c512,c768 tclass=dir permissive=0
11-01 16:38:45.901   379   379 I cr_ChildProcessService: Creating new ChildProcessService pid=379
11-01 16:38:45.931   390   390 I cr_ChildProcessService: Creating new ChildProcessService pid=390
11-01 16:38:45.936 32674 32674 I cr_tabmodel: Appending tabs being restored to metadata lists, 0, startingNormalCount: 1, startingIncognitoCount: 0
11-01 16:38:45.936 32674 32674 I cr_tabmodel: Serializing tab lists; counts: 1, 0
11-01 16:38:45.985   600   611 W ActivityManager: Unable to start service Intent { act=com.google.android.play.core.splitinstall.BIND_SPLIT_INSTALL_SERVICE pkg=com.android.vending } U=0: not found
11-01 16:38:46.048   600  5522 I ActivityManager: Start proc 468:com.android.chrome:sandboxed_process9/u0i393 for service com.android.chrome/org.chromium.content.app.SandboxedProcessService9
11-01 16:38:46.072   425   425 I cr_ChildProcessService: Creating new ChildProcessService pid=425
11-01 16:38:46.074   411   411 I cr_ChildProcessService: Creating new ChildProcessService pid=411
11-01 16:38:46.083 32674 32674 I TaskQueue:  - task [IMMEDIATE - d: true, b: 1]: 27
11-01 16:38:46.107 32674 32724 I FeedSessionManagerImpl: shouldSessionRequestDataResult: NO_REQUEST_WITH_WAIT, shouldMakeRequest(false), withTimeout(false), withAppend(false)
11-01 16:38:46.108 32674 32724 I TaskQueue:  - task [USER_FACING - d: true, b: 2]: 24
11-01 16:38:46.108 32674 32724 I TaskQueue:  - Finished 13, time 977 ms
11-01 16:38:46.108 32674 32724 I TaskQueue: Execute task [IMMEDIATE - d: true, b: 2]: 27
11-01 16:38:46.109 32674 32724 I FeedRequestManagerImpl: Consistency Token: # hU2@7bca4
11-01 16:38:46.109   345   453 I cr_LibraryLoader: Loaded native library version number "85.0.4183.127"
11-01 16:38:46.110   345   453 I cr_CachingUmaRecorder: Flushed 1 samples from 1 histograms.
11-01 16:38:46.114 32674 32674 I Choreographer: Skipped 32 frames!  The application may be doing too much work on its main thread.
11-01 16:38:46.136 32674 32724 I FeedRequestManagerImpl: Capability: FEED_UI
11-01 16:38:46.136 32674 32724 I FeedRequestManagerImpl: Capability: UNDOABLE_ACTIONS
11-01 16:38:46.136 32674 32724 I FeedRequestManagerImpl: Capability: MANAGE_INTERESTS
11-01 16:38:46.136 32674 32724 I FeedRequestManagerImpl: Capability: SEND_FEEDBACK
11-01 16:38:46.136 32674 32724 I FeedRequestManagerImpl: Capability: ARTICLE_SNIPPETS
11-01 16:38:46.136 32674 32724 I FeedRequestManagerImpl: Capability: CLICK_ACTION
11-01 16:38:46.136 32674 32724 I FeedRequestManagerImpl: Capability: VIEW_ACTION
11-01 16:38:46.136 32674 32724 I FeedRequestManagerImpl: Capability: REPORT_FEED_USER_ACTIONS_NOTICE_CARD
11-01 16:38:46.136 32674 32724 I FeedRequestManagerImpl: Capability: BASE_UI
11-01 16:38:46.138 32674 32724 I FeedRequestManagerImpl: Making Request: /httpservice/noretry/DiscoverClankService/FeedQuery
11-01 16:38:46.138 32674 32724 I MainThreadRunner: Running task [NetworkClientWrapper send] on the Main Thread
11-01 16:38:46.138 32674 32724 I TaskQueue:  - Finished 27, time 30 ms
11-01 16:38:46.183 32674 32684 I art     : Background sticky concurrent mark sweep GC freed 59324(3MB) AllocSpace objects, 41(876KB) LOS objects, 18% free, 10MB/12MB, paused 2.571ms total 338.667ms
11-01 16:38:46.186   437   437 W dboxed_process8: type=1400 audit(0.0:2334): avc: denied { getattr } for path="/data/data/com.android.chrome" dev="dm-2" ino=12190 scontext=u:r:isolated_app:s0:c512,c768 tcontext=u:object_r:app_data_file:s0:c512,c768 tclass=dir permissive=0
11-01 16:38:46.206   350   455 I cr_LibraryLoader: Loaded native library version number "85.0.4183.127"
11-01 16:38:46.244   350   455 I cr_CachingUmaRecorder: Flushed 1 samples from 1 histograms.
11-01 16:38:46.271   358   456 I cr_LibraryLoader: Loaded native library version number "85.0.4183.127"
11-01 16:38:46.271   358   456 I cr_CachingUmaRecorder: Flushed 1 samples from 1 histograms.
11-01 16:38:46.275   379   465 I cr_LibraryLoader: Loaded native library version number "85.0.4183.127"
11-01 16:38:46.276   379   465 I cr_CachingUmaRecorder: Flushed 1 samples from 1 histograms.
11-01 16:38:46.279 32674   417 I PlayCore: UID: [10035]  PID: [32674] SplitInstallService : Failed to bind to the service.
11-01 16:38:46.283   390   467 I cr_LibraryLoader: Loaded native library version number "85.0.4183.127"
11-01 16:38:46.283   390   467 I cr_CachingUmaRecorder: Flushed 1 samples from 1 histograms.
11-01 16:38:46.426   468   468 W dboxed_process9: type=1400 audit(0.0:2335): avc: denied { getattr } for path="/data/data/com.android.chrome" dev="dm-2" ino=12190 scontext=u:r:isolated_app:s0:c512,c768 tcontext=u:object_r:app_data_file:s0:c512,c768 tclass=dir permissive=0
11-01 16:38:46.445 32674 32728 W cr_CrashFileManager: /data/user/0/com.android.chrome/cache/Crash Reports does not exist or is not a directory
11-01 16:38:46.445 32674 32728 W cr_CrashFileManager: /data/user/0/com.android.chrome/cache/Crash Reports does not exist or is not a directory
11-01 16:38:46.445 32674 32728 W cr_CrashFileManager: /data/user/0/com.android.chrome/cache/Crash Reports does not exist or is not a directory
11-01 16:38:46.471   425   473 I cr_LibraryLoader: Loaded native library version number "85.0.4183.127"
11-01 16:38:46.471   425   473 I cr_CachingUmaRecorder: Flushed 1 samples from 1 histograms.
11-01 16:38:46.480   600  6822 I ActivityManager: Start proc 499:com.android.chrome:sandboxed_process10/u0i394 for service com.android.chrome/org.chromium.content.app.SandboxedProcessService10
11-01 16:38:46.481   600   613 I ActivityManager: Killing 345:com.android.chrome:sandboxed_process1/u0a35i385 (adj 0): isolated not needed
11-01 16:38:46.511 32674 32728 I cr_FileUtils: Writing to /data/user/0/com.android.chrome/app_dex/webapk7.dex
11-01 16:38:46.515 32674 32707 I cr_BindingManager: Moderate binding enabled: maxSize=40
11-01 16:38:46.534   437   437 I cr_ChildProcessService: Creating new ChildProcessService pid=437
11-01 16:38:46.552   350   455 I chromium: [INFO:child_process_service.cc(69)] ChildProcessService: Exiting child process.
11-01 16:38:46.552   379   465 I chromium: [INFO:child_process_service.cc(69)] ChildProcessService: Exiting child process.
11-01 16:38:46.553   411   474 I cr_LibraryLoader: Loaded native library version number "85.0.4183.127"
11-01 16:38:46.553   411   474 I cr_CachingUmaRecorder: Flushed 1 samples from 1 histograms.
11-01 16:38:46.576   197   197 E lowmemorykiller: Error writing /proc/379/oom_score_adj; errno=22
11-01 16:38:46.576   600   819 E JavaBinder: !!! FAILED BINDER TRANSACTION !!!  (parcel size = 76)
11-01 16:38:46.576   600   819 E JavaBinder: !!! FAILED BINDER TRANSACTION !!!  (parcel size = 572)
11-01 16:38:46.577   600   819 W ActivityManager: Exception when unbinding service com.android.chrome/org.chromium.content.app.SandboxedProcessService4
11-01 16:38:46.577   600   819 W ActivityManager: android.os.DeadObjectException: Transaction failed on small parcel; remote process probably died
11-01 16:38:46.577   600   819 W ActivityManager: 	at android.os.BinderProxy.transactNative(Native Method)
11-01 16:38:46.577   600   819 W ActivityManager: 	at android.os.BinderProxy.transact(Binder.java:615)
11-01 16:38:46.577   600   819 W ActivityManager: 	at android.app.ApplicationThreadProxy.scheduleUnbindService(ApplicationThreadNative.java:1016)
11-01 16:38:46.577   600   819 W ActivityManager: 	at com.android.server.am.ActiveServices.removeConnectionLocked(ActiveServices.java:2175)
11-01 16:38:46.577   600   819 W ActivityManager: 	at com.android.server.am.ActiveServices.unbindServiceLocked(ActiveServices.java:1163)
11-01 16:38:46.577   600   819 W ActivityManager: 	at com.android.server.am.ActivityManagerService.unbindService(ActivityManagerService.java:17309)
11-01 16:38:46.577   600   819 W ActivityManager: 	at android.app.ActivityManagerNative.onTransact(ActivityManagerNative.java:1145)
11-01 16:38:46.577   600   819 W ActivityManager: 	at com.android.server.am.ActivityManagerService.onTransact(ActivityManagerService.java:2795)
11-01 16:38:46.577   600   819 W ActivityManager: 	at android.os.Binder.execTransact(Binder.java:565)
11-01 16:38:46.577   600   819 E JavaBinder: !!! FAILED BINDER TRANSACTION !!!  (parcel size = 76)
11-01 16:38:46.578   197   197 E lowmemorykiller: Error writing /proc/379/oom_score_adj; errno=22
11-01 16:38:46.578   390   467 I chromium: [INFO:child_process_service.cc(69)] ChildProcessService: Exiting child process.
11-01 16:38:46.578   600   819 I ActivityManager: Killing 358:com.android.chrome:sandboxed_process3/u0a35i387 (adj 0): isolated not needed
11-01 16:38:46.587   600   819 E JavaBinder: !!! FAILED BINDER TRANSACTION !!!  (parcel size = 76)
11-01 16:38:46.590   197   197 E lowmemorykiller: Error writing /proc/350/oom_score_adj; errno=22
11-01 16:38:46.590   600  1665 E JavaBinder: !!! FAILED BINDER TRANSACTION !!!  (parcel size = 76)
11-01 16:38:46.590   600  1665 E JavaBinder: !!! FAILED BINDER TRANSACTION !!!  (parcel size = 572)
11-01 16:38:46.591   600  1665 W ActivityManager: Exception when unbinding service com.android.chrome/org.chromium.content.app.SandboxedProcessService2
11-01 16:38:46.591   600  1665 W ActivityManager: android.os.DeadObjectException: Transaction failed on small parcel; remote process probably died
11-01 16:38:46.591   600  1665 W ActivityManager: 	at android.os.BinderProxy.transactNative(Native Method)
11-01 16:38:46.591   600  1665 W ActivityManager: 	at android.os.BinderProxy.transact(Binder.java:615)
11-01 16:38:46.591   600  1665 W ActivityManager: 	at android.app.ApplicationThreadProxy.scheduleUnbindService(ApplicationThreadNative.java:1016)
11-01 16:38:46.591   600  1665 W ActivityManager: 	at com.android.server.am.ActiveServices.removeConnectionLocked(ActiveServices.java:2175)
11-01 16:38:46.591   600  1665 W ActivityManager: 	at com.android.server.am.ActiveServices.unbindServiceLocked(ActiveServices.java:1163)
11-01 16:38:46.591   600  1665 W ActivityManager: 	at com.android.server.am.ActivityManagerService.unbindService(ActivityManagerService.java:17309)
11-01 16:38:46.591   600  1665 W ActivityManager: 	at android.app.ActivityManagerNative.onTransact(ActivityManagerNative.java:1145)
11-01 16:38:46.591   600  1665 W ActivityManager: 	at com.android.server.am.ActivityManagerService.onTransact(ActivityManagerService.java:2795)
11-01 16:38:46.591   600  1665 W ActivityManager: 	at android.os.Binder.execTransact(Binder.java:565)
11-01 16:38:46.591   600  1665 E JavaBinder: !!! FAILED BINDER TRANSACTION !!!  (parcel size = 76)
11-01 16:38:46.591   197   197 E lowmemorykiller: Error writing /proc/350/oom_score_adj; errno=22
11-01 16:38:46.591   600  1665 I ActivityManager: Killing 379:com.android.chrome:sandboxed_process4/u0a35i388 (adj 902): isolated not needed
11-01 16:38:46.591   600  1665 E JavaBinder: !!! FAILED BINDER TRANSACTION !!!  (parcel size = 76)
11-01 16:38:46.592   197   197 E lowmemorykiller: Error writing /proc/379/oom_score_adj; errno=22
11-01 16:38:46.596   600   713 D ActivityManager: cleanUpApplicationRecord -- 379
11-01 16:38:46.599   600   713 I ActivityManager: Killing 350:com.android.chrome:sandboxed_process2/u0a35i386 (adj 900): isolated not needed
11-01 16:38:46.603   197   197 E lowmemorykiller: Error writing /proc/390/oom_score_adj; errno=22
11-01 16:38:46.610   600  1664 D ActivityManager: cleanUpApplicationRecord -- 350
11-01 16:38:46.611   600  1664 I ActivityManager: Killing 390:com.android.chrome:sandboxed_process5/u0a35i389 (adj 0): isolated not needed
11-01 16:38:46.612 32674 32674 W chromium: [WARNING:compositor_view.cc(315)] Child process died (type=6) pid=379)
11-01 16:38:46.616 32674 32674 W chromium: [WARNING:compositor_view.cc(315)] Child process died (type=6) pid=350)
11-01 16:38:46.652   600  1068 D ActivityManager: cleanUpApplicationRecord -- 390
11-01 16:38:46.656 32674 32674 W chromium: [WARNING:compositor_view.cc(315)] Child process died (type=6) pid=390)
11-01 16:38:46.676   468   468 I cr_ChildProcessService: Creating new ChildProcessService pid=468
11-01 16:38:46.737 28033 28067 I Icing   : IndexChimeraService.getServiceInterface callingPackage=com.android.chrome componentName=null serviceId=36
11-01 16:38:46.876 32674 32684 W art     : Suspending all threads took: 5.839ms
11-01 16:38:46.877 28033 28081 I Icing   : IndexChimeraService.getServiceInterface callingPackage=com.android.chrome componentName=null serviceId=36
11-01 16:38:46.920   437   504 I cr_LibraryLoader: Loaded native library version number "85.0.4183.127"
11-01 16:38:46.921   437   504 I cr_CachingUmaRecorder: Flushed 1 samples from 1 histograms.
11-01 16:38:46.936   499   499 W boxed_process10: type=1400 audit(0.0:2336): avc: denied { getattr } for path="/data/data/com.android.chrome" dev="dm-2" ino=12190 scontext=u:r:isolated_app:s0:c512,c768 tcontext=u:object_r:app_data_file:s0:c512,c768 tclass=dir permissive=0
11-01 16:38:46.996 32674 32684 I art     : Background partial concurrent mark sweep GC freed 58393(3MB) AllocSpace objects, 39(764KB) LOS objects, 39% free, 10MB/17MB, paused 7.881ms total 398.861ms
11-01 16:38:47.026   468   518 I cr_LibraryLoader: Loaded native library version number "85.0.4183.127"
11-01 16:38:47.026   468   518 I cr_CachingUmaRecorder: Flushed 1 samples from 1 histograms.
11-01 16:38:47.034   425   425 I cr_ChildProcessService: Destroying ChildProcessService pid=425
11-01 16:38:47.055   506   506 I dex2oat : /system/bin/dex2oat --dex-file=/data/user/0/com.android.chrome/app_dex/webapk7.dex --oat-fd=246 --oat-location=/data/user/0/com.android.chrome/app_dex/oat/arm/webapk7.dex --compiler-filter=speed
11-01 16:38:47.076   499   499 I cr_ChildProcessService: Creating new ChildProcessService pid=499
11-01 16:38:47.125   339   339 D AndroidRuntime: >>>>>> START com.android.internal.os.RuntimeInit uid 2000 <<<<<<
11-01 16:38:47.134   339   339 D AndroidRuntime: CheckJNI is OFF
11-01 16:38:47.143   411   411 I cr_ChildProcessService: Destroying ChildProcessService pid=411
11-01 16:38:47.155   437   437 I cr_ChildProcessService: Destroying ChildProcessService pid=437
11-01 16:38:47.156   437   504 I chromium: [INFO:child_process_service.cc(69)] ChildProcessService: Exiting child process.
11-01 16:38:47.158   600   611 I ActivityManager: Killing 437:com.android.chrome:sandboxed_process8/u0a35i392 (adj 0): isolated not needed
11-01 16:38:47.158   600   611 I ActivityManager: Killing 411:com.android.chrome:sandboxed_process6/u0a35i390 (adj 0): isolated not needed
11-01 16:38:47.159   600   611 I ActivityManager: Killing 425:com.android.chrome:sandboxed_process7/u0a35i391 (adj 0): isolated not needed
11-01 16:38:47.167   468   518 I chromium: [INFO:child_process_service.cc(69)] ChildProcessService: Exiting child process.
11-01 16:38:47.174 28033 28072 W Icing   : No valid account for uploading user actions
11-01 16:38:47.194   600  5522 I ActivityManager: Killing 468:com.android.chrome:sandboxed_process9/u0a35i393 (adj 0): isolated not needed
11-01 16:38:47.210 28033 28067 I Icing   : IndexChimeraService.getServiceInterface callingPackage=com.google.android.gms componentName=null serviceId=30
11-01 16:38:47.229   499   528 I cr_LibraryLoader: Loaded native library version number "85.0.4183.127"
11-01 16:38:47.229   499   528 I cr_CachingUmaRecorder: Flushed 1 samples from 1 histograms.
11-01 16:38:47.239   600  1066 D ActivityManager: cleanUpApplicationRecord -- 437
11-01 16:38:47.245   600 30165 D ActivityManager: cleanUpApplicationRecord -- 411
11-01 16:38:47.250   600  1664 D ActivityManager: cleanUpApplicationRecord -- 425
11-01 16:38:47.251 32674 32674 W chromium: [WARNING:compositor_view.cc(315)] Child process died (type=6) pid=437)
11-01 16:38:47.253 32674 32674 W chromium: [WARNING:compositor_view.cc(315)] Child process died (type=6) pid=411)
11-01 16:38:47.253 32674 32674 W chromium: [WARNING:compositor_view.cc(315)] Child process died (type=6) pid=425)
11-01 16:38:47.256 32674 32674 W chromium: [WARNING:compositor_view.cc(315)] Child process died (type=6) pid=468)
11-01 16:38:47.258   600  8930 D ActivityManager: cleanUpApplicationRecord -- 468
11-01 16:38:47.282   600  1666 I ActivityManager: Start proc 539:com.android.chrome:sandboxed_process11/u0i395 for service com.android.chrome/org.chromium.content.app.SandboxedProcessService11
11-01 16:38:47.283   600  8928 D ActivityManager: cleanUpApplicationRecord -- 345
11-01 16:38:47.293 32674 32674 W chromium: [WARNING:compositor_view.cc(315)] Child process died (type=6) pid=345)
11-01 16:38:47.351   499   528 I chromium: [INFO:child_process_service.cc(69)] ChildProcessService: Exiting child process.
11-01 16:38:47.364   600  6822 I ActivityManager: Start proc 553:com.android.chrome:sandboxed_process12/u0i396 for service com.android.chrome/org.chromium.content.app.SandboxedProcessService12
11-01 16:38:47.374 32674 32674 W chromium: [WARNING:compositor_view.cc(315)] Child process died (type=6) pid=499)
11-01 16:38:47.397   600   713 I ActivityManager: Start proc 561:com.android.chrome:sandboxed_process13/u0i397 for service com.android.chrome/org.chromium.content.app.SandboxedProcessService13
11-01 16:38:47.398   600  1483 I ActivityManager: Process com.android.chrome:sandboxed_process10 (pid 499) has died
11-01 16:38:47.398   600  1483 D ActivityManager: cleanUpApplicationRecord -- 499
11-01 16:38:47.398   600  1483 W ActivityManager: Scheduling restart of crashed service com.android.chrome/org.chromium.content.app.SandboxedProcessService10 in 1000ms
11-01 16:38:47.399   600  1483 E JavaBinder: !!! FAILED BINDER TRANSACTION !!!  (parcel size = 76)
11-01 16:38:47.448   600  8930 I ActivityManager: Start proc 568:com.android.chrome:sandboxed_process14/u0i398 for service com.android.chrome/org.chromium.content.app.SandboxedProcessService14
11-01 16:38:47.476   600  8039 I ActivityManager: Start proc 582:com.android.chrome:sandboxed_process15/u0i399 for service com.android.chrome/org.chromium.content.app.SandboxedProcessService15
11-01 16:38:47.523   600 12440 I ActivityManager: Start proc 666:com.android.chrome:sandboxed_process16/u0i400 for service com.android.chrome/org.chromium.content.app.SandboxedProcessService16
11-01 16:38:47.525   600  8931 D ActivityManager: cleanUpApplicationRecord -- 358
11-01 16:38:47.535 32674 32674 W chromium: [WARNING:compositor_view.cc(315)] Child process died (type=6) pid=358)
11-01 16:38:47.546   539   539 W boxed_process11: type=1400 audit(0.0:2337): avc: denied { getattr } for path="/data/data/com.android.chrome" dev="dm-2" ino=12190 scontext=u:r:isolated_app:s0:c512,c768 tcontext=u:object_r:app_data_file:s0:c512,c768 tclass=dir permissive=0
11-01 16:38:47.568   600   615 W libprocessgroup: failed to kill pid 345: No such process
11-01 16:38:47.586   600  1666 I ActivityManager: Start proc 690:com.android.chrome:sandboxed_process17/u0i401 for service com.android.chrome/org.chromium.content.app.SandboxedProcessService17
11-01 16:38:47.632   600  5522 I ActivityManager: Start proc 727:com.android.chrome:sandboxed_process18/u0i402 for service com.android.chrome/org.chromium.content.app.SandboxedProcessService18
11-01 16:38:47.643   553   553 W boxed_process12: type=1400 audit(0.0:2338): avc: denied { getattr } for path="/data/data/com.android.chrome" dev="dm-2" ino=12190 scontext=u:r:isolated_app:s0:c512,c768 tcontext=u:object_r:app_data_file:s0:c512,c768 tclass=dir permissive=0
11-01 16:38:47.663   568   568 W boxed_process14: type=1400 audit(0.0:2339): avc: denied { getattr } for path="/data/data/com.android.chrome" dev="dm-2" ino=12190 scontext=u:r:isolated_app:s0:c512,c768 tcontext=u:object_r:app_data_file:s0:c512,c768 tclass=dir permissive=0
11-01 16:38:47.664   600  8930 I ActivityManager: Start proc 738:com.android.chrome:sandboxed_process19/u0i403 for service com.android.chrome/org.chromium.content.app.SandboxedProcessService19
11-01 16:38:47.666 32674 32707 I cr_BindingManager: onTrimMemory: level=15, size=0
11-01 16:38:47.679   561   561 W boxed_process13: type=1400 audit(0.0:2340): avc: denied { getattr } for path="/data/data/com.android.chrome" dev="dm-2" ino=12190 scontext=u:r:isolated_app:s0:c512,c768 tcontext=u:object_r:app_data_file:s0:c512,c768 tclass=dir permissive=0
11-01 16:38:47.689   539   539 I cr_ChildProcessService: Creating new ChildProcessService pid=539
11-01 16:38:47.699   582   582 W boxed_process15: type=1400 audit(0.0:2341): avc: denied { getattr } for path="/data/data/com.android.chrome" dev="dm-2" ino=12190 scontext=u:r:isolated_app:s0:c512,c768 tcontext=u:object_r:app_data_file:s0:c512,c768 tclass=dir permissive=0
11-01 16:38:47.749   666   666 W boxed_process16: type=1400 audit(0.0:2342): avc: denied { getattr } for path="/data/data/com.android.chrome" dev="dm-2" ino=12190 scontext=u:r:isolated_app:s0:c512,c768 tcontext=u:object_r:app_data_file:s0:c512,c768 tclass=dir permissive=0
11-01 16:38:47.761   568   568 I cr_ChildProcessService: Creating new ChildProcessService pid=568
11-01 16:38:47.763   553   553 I cr_ChildProcessService: Creating new ChildProcessService pid=553
11-01 16:38:47.766   690   690 W boxed_process17: type=1400 audit(0.0:2343): avc: denied { getattr } for path="/data/data/com.android.chrome" dev="dm-2" ino=12190 scontext=u:r:isolated_app:s0:c512,c768 tcontext=u:object_r:app_data_file:s0:c512,c768 tclass=dir permissive=0
11-01 16:38:47.774   339   339 D ICU     : No timezone override file found: /data/misc/zoneinfo/current/icu/icu_tzdata.dat
11-01 16:38:47.788   539   754 I cr_LibraryLoader: Loaded native library version number "85.0.4183.127"
11-01 16:38:47.790   539   754 I cr_CachingUmaRecorder: Flushed 1 samples from 1 histograms.
11-01 16:38:47.876   582   582 I cr_ChildProcessService: Creating new ChildProcessService pid=582
11-01 16:38:47.930   600  6822 I ActivityManager: Killing 539:com.android.chrome:sandboxed_process11/u0a35i395 (adj 0): isolated not needed
11-01 16:38:47.935   561   561 I cr_ChildProcessService: Creating new ChildProcessService pid=561
11-01 16:38:47.936   690   690 I cr_ChildProcessService: Creating new ChildProcessService pid=690
11-01 16:38:47.976   666   666 I cr_ChildProcessService: Creating new ChildProcessService pid=666
11-01 16:38:48.025   339   339 I Radio-JNI: register_android_hardware_Radio DONE
11-01 16:38:48.056   738   738 W boxed_process19: type=1400 audit(0.0:2344): avc: denied { getattr } for path="/data/data/com.android.chrome" dev="dm-2" ino=12190 scontext=u:r:isolated_app:s0:c512,c768 tcontext=u:object_r:app_data_file:s0:c512,c768 tclass=dir permissive=0
