11-01 23:15:05.270 13568 13581 I cr_CachingUmaRecorder: Flushed 1 samples from 1 histograms.
11-01 23:15:05.300 13581 13581 W CrUtilityMain: type=1400 audit(0.0:3601): avc: denied { setattr } for name="crl-set" dev="dm-2" ino=26615 scontext=u:r:isolated_app:s0:c512,c768 tcontext=u:object_r:app_data_file:s0:c512,c768 tclass=file permissive=0
11-01 23:15:05.300 13581 13581 W CrUtilityMain: type=1400 audit(0.0:3602): avc: denied { setattr } for name="manifest.json" dev="dm-2" ino=26668 scontext=u:r:isolated_app:s0:c512,c768 tcontext=u:object_r:app_data_file:s0:c512,c768 tclass=file permissive=0
11-01 23:15:05.303 13581 13581 W CrUtilityMain: type=1400 audit(0.0:3603): avc: denied { setattr } for name="LICENSE" dev="dm-2" ino=26596 scontext=u:r:isolated_app:s0:c512,c768 tcontext=u:object_r:app_data_file:s0:c512,c768 tclass=file permissive=0
11-01 23:15:05.303 13581 13581 W CrUtilityMain: type=1400 audit(0.0:3604): avc: denied { setattr } for name="verified_contents.json" dev="dm-2" ino=27580 scontext=u:r:isolated_app:s0:c512,c768 tcontext=u:object_r:app_data_file:s0:c512,c768 tclass=file permissive=0
11-01 23:15:05.317 13568 13568 I cr_ChildProcessService: Destroying ChildProcessService pid=13568
11-01 23:15:05.321 13568 13568 I art     : System.exit called, status: 0
11-01 23:15:05.321 13568 13568 I AndroidRuntime: VM exiting with result code 0, cleanup skipped.
11-01 23:15:05.345   600 12440 I ActivityManager: Process com.android.chrome:sandboxed_process23 (pid 13568) has died
11-01 23:15:05.345   600 12440 D ActivityManager: cleanUpApplicationRecord -- 13568
11-01 23:15:05.346 12900 12900 W chromium: [WARNING:compositor_view.cc(315)] Child process died (type=6) pid=13568)
11-01 23:15:07.188   600  8039 I ActivityManager: Start proc 13591:com.android.chrome:sandboxed_process24/u0i114 for service com.android.chrome/org.chromium.content.app.SandboxedProcessService24
11-01 23:15:07.270 13591 13591 W boxed_process24: type=1400 audit(0.0:3605): avc: denied { getattr } for path="/data/data/com.android.chrome" dev="dm-2" ino=12190 scontext=u:r:isolated_app:s0:c512,c768 tcontext=u:object_r:app_data_file:s0:c512,c768 tclass=dir permissive=0
11-01 23:15:07.296 13591 13591 I cr_ChildProcessService: Creating new ChildProcessService pid=13591
11-01 23:15:07.367 13591 13604 I cr_LibraryLoader: Loaded native library version number "85.0.4183.127"
11-01 23:15:07.367 13591 13604 I cr_CachingUmaRecorder: Flushed 1 samples from 1 histograms.
11-01 23:15:07.383 13604 13604 W CrUtilityMain: type=1400 audit(0.0:3606): avc: denied { setattr } for name="manifest.json" dev="dm-2" ino=27841 scontext=u:r:isolated_app:s0:c512,c768 tcontext=u:object_r:app_data_file:s0:c512,c768 tclass=file permissive=0
11-01 23:15:07.386 13604 13604 W CrUtilityMain: type=1400 audit(0.0:3607): avc: denied { setattr } for name="verified_contents.json" dev="dm-2" ino=28195 scontext=u:r:isolated_app:s0:c512,c768 tcontext=u:object_r:app_data_file:s0:c512,c768 tclass=file permissive=0
11-01 23:15:07.394 13591 13604 I chromium: [INFO:child_process_service.cc(69)] ChildProcessService: Exiting child process.
11-01 23:15:07.397   197   197 E lowmemorykiller: Error writing /proc/13591/oom_score_adj; errno=22
11-01 23:15:07.420   600  8930 I ActivityManager: Process com.android.chrome:sandboxed_process24 (pid 13591) has died
11-01 23:15:07.421   600  8930 D ActivityManager: cleanUpApplicationRecord -- 13591
11-01 23:15:07.422 12900 12900 W chromium: [WARNING:compositor_view.cc(315)] Child process died (type=6) pid=13591)
11-01 23:15:07.573 12900 12900 I cr_tabmodel: Appending tabs being restored to metadata lists, 0, startingNormalCount: 2, startingIncognitoCount: 0
11-01 23:15:07.573 12900 12900 I cr_tabmodel: Serializing tab lists; counts: 2, 0
11-01 23:15:07.721 12900 12900 I cr_tabmodel: Appending tabs being restored to metadata lists, 0, startingNormalCount: 2, startingIncognitoCount: 0
11-01 23:15:07.721 12900 12900 I cr_tabmodel: Serializing tab lists; counts: 2, 0
11-01 23:15:08.177 13455 13455 D MonkeyStub: translateCommand: touch down 614 1561
11-01 23:15:08.188 13455 13455 D MonkeyStub: translateCommand: touch move 614 1561
11-01 23:15:08.303 13455 13455 D MonkeyStub: translateCommand: touch move 614 1436
11-01 23:15:08.414 13455 13455 D MonkeyStub: translateCommand: touch move 614 1311
11-01 23:15:08.523 13455 13455 D MonkeyStub: translateCommand: touch move 614 1186
11-01 23:15:08.636 13455 13455 D MonkeyStub: translateCommand: touch move 614 1061
11-01 23:15:08.749 13455 13455 D MonkeyStub: translateCommand: touch move 614 937
11-01 23:15:08.871 13455 13455 D MonkeyStub: translateCommand: touch move 614 812
11-01 23:15:08.985 13455 13455 D MonkeyStub: translateCommand: touch move 614 687
11-01 23:15:09.095 13455 13455 D MonkeyStub: translateCommand: touch move 614 562
11-01 23:15:09.207 13455 13455 D MonkeyStub: translateCommand: touch move 614 437
11-01 23:15:09.318 13455 13455 D MonkeyStub: translateCommand: touch move 614 312
11-01 23:15:09.321 13455 13455 D MonkeyStub: translateCommand: touch up 614 312
11-01 23:15:09.551   600  5522 I ActivityManager: Start proc 13609:com.android.chrome:sandboxed_process25/u0i115 for service com.android.chrome/org.chromium.content.app.SandboxedProcessService25
11-01 23:15:09.580 13609 13609 W boxed_process25: type=1400 audit(0.0:3608): avc: denied { getattr } for path="/data/data/com.android.chrome" dev="dm-2" ino=12190 scontext=u:r:isolated_app:s0:c512,c768 tcontext=u:object_r:app_data_file:s0:c512,c768 tclass=dir permissive=0
11-01 23:15:09.599 13609 13609 I cr_ChildProcessService: Creating new ChildProcessService pid=13609
11-01 23:15:09.636 13609 13622 I cr_LibraryLoader: Loaded native library version number "85.0.4183.127"
11-01 23:15:09.637 13609 13622 I cr_CachingUmaRecorder: Flushed 1 samples from 1 histograms.
11-01 23:15:09.646 13622 13622 W CrUtilityMain: type=1400 audit(0.0:3609): avc: denied { setattr } for name="download_file_types.pb" dev="dm-2" ino=27844 scontext=u:r:isolated_app:s0:c512,c768 tcontext=u:object_r:app_data_file:s0:c512,c768 tclass=file permissive=0
11-01 23:15:09.646 13622 13622 W CrUtilityMain: type=1400 audit(0.0:3610): avc: denied { setattr } for name="manifest.json" dev="dm-2" ino=27851 scontext=u:r:isolated_app:s0:c512,c768 tcontext=u:object_r:app_data_file:s0:c512,c768 tclass=file permissive=0
11-01 23:15:09.650 13622 13622 W CrUtilityMain: type=1400 audit(0.0:3611): avc: denied { setattr } for name="verified_contents.json" dev="dm-2" ino=27885 scontext=u:r:isolated_app:s0:c512,c768 tcontext=u:object_r:app_data_file:s0:c512,c768 tclass=file permissive=0
11-01 23:15:09.660 13609 13622 I chromium: [INFO:child_process_service.cc(69)] ChildProcessService: Exiting child process.
11-01 23:15:09.662   197   197 E lowmemorykiller: Error writing /proc/13609/oom_score_adj; errno=22
11-01 23:15:09.676   600  1666 I ActivityManager: Process com.android.chrome:sandboxed_process25 (pid 13609) has died
11-01 23:15:09.676   600  1666 D ActivityManager: cleanUpApplicationRecord -- 13609
11-01 23:15:09.678 12900 12900 W chromium: [WARNING:compositor_view.cc(315)] Child process died (type=6) pid=13609)
11-01 23:15:12.025   600   713 I ActivityManager: Start proc 13626:com.android.chrome:sandboxed_process26/u0i116 for service com.android.chrome/org.chromium.content.app.SandboxedProcessService26
11-01 23:15:12.080 13626 13626 W boxed_process26: type=1400 audit(0.0:3612): avc: denied { getattr } for path="/data/data/com.android.chrome" dev="dm-2" ino=12190 scontext=u:r:isolated_app:s0:c512,c768 tcontext=u:object_r:app_data_file:s0:c512,c768 tclass=dir permissive=0
11-01 23:15:12.104 13626 13626 I cr_ChildProcessService: Creating new ChildProcessService pid=13626
11-01 23:15:12.143 13626 13639 I cr_LibraryLoader: Loaded native library version number "85.0.4183.127"
11-01 23:15:12.143 13626 13639 I cr_CachingUmaRecorder: Flushed 1 samples from 1 histograms.
11-01 23:15:12.153 13639 13639 W CrUtilityMain: type=1400 audit(0.0:3613): avc: denied { setattr } for name="ssl_error_assistant.pb" dev="dm-2" ino=51155 scontext=u:r:isolated_app:s0:c512,c768 tcontext=u:object_r:app_data_file:s0:c512,c768 tclass=file permissive=0
11-01 23:15:12.153 13639 13639 W CrUtilityMain: type=1400 audit(0.0:3614): avc: denied { setattr } for name="manifest.json" dev="dm-2" ino=51379 scontext=u:r:isolated_app:s0:c512,c768 tcontext=u:object_r:app_data_file:s0:c512,c768 tclass=file permissive=0
11-01 23:15:12.156 13639 13639 W CrUtilityMain: type=1400 audit(0.0:3615): avc: denied { setattr } for name="verified_contents.json" dev="dm-2" ino=51150 scontext=u:r:isolated_app:s0:c512,c768 tcontext=u:object_r:app_data_file:s0:c512,c768 tclass=file permissive=0
11-01 23:15:12.166 13626 13639 I chromium: [INFO:child_process_service.cc(69)] ChildProcessService: Exiting child process.
11-01 23:15:12.167   197   197 E lowmemorykiller: Error writing /proc/13626/oom_score_adj; errno=22
11-01 23:15:12.172   600   611 I ActivityManager: Process com.android.chrome:sandboxed_process26 (pid 13626) has died
11-01 23:15:12.172   600   611 D ActivityManager: cleanUpApplicationRecord -- 13626
11-01 23:15:12.173 12900 12900 W chromium: [WARNING:compositor_view.cc(315)] Child process died (type=6) pid=13626)
11-01 23:15:14.363 13455 13455 D MonkeyStub: translateCommand: touch down 614 1561
11-01 23:15:14.370 13455 13455 D MonkeyStub: translateCommand: touch move 614 1561
11-01 23:15:14.476 13455 13455 D MonkeyStub: translateCommand: touch move 614 1436
11-01 23:15:14.585 13455 13455 D MonkeyStub: translateCommand: touch move 614 1311
11-01 23:15:14.692 13455 13455 D MonkeyStub: translateCommand: touch move 614 1186
11-01 23:15:14.792   600   713 I ActivityManager: Start proc 13643:com.android.chrome:sandboxed_process27/u0i117 for service com.android.chrome/org.chromium.content.app.SandboxedProcessService27
11-01 23:15:14.815 13455 13455 D MonkeyStub: translateCommand: touch move 614 1061
11-01 23:15:14.850 13643 13643 W boxed_process27: type=1400 audit(0.0:3616): avc: denied { getattr } for path="/data/data/com.android.chrome" dev="dm-2" ino=12190 scontext=u:r:isolated_app:s0:c512,c768 tcontext=u:object_r:app_data_file:s0:c512,c768 tclass=dir permissive=0
11-01 23:15:14.877 12900 12900 I cr_tabmodel: Appending tabs being restored to metadata lists, 0, startingNormalCount: 2, startingIncognitoCount: 0
11-01 23:15:14.877 12900 12900 I cr_tabmodel: Serializing tab lists; counts: 2, 0
11-01 23:15:14.882 13643 13643 I cr_ChildProcessService: Creating new ChildProcessService pid=13643
11-01 23:15:14.922 13455 13455 D MonkeyStub: translateCommand: touch move 614 937
11-01 23:15:14.932 13643 13656 I cr_LibraryLoader: Loaded native library version number "85.0.4183.127"
11-01 23:15:14.932 13643 13656 I cr_CachingUmaRecorder: Flushed 1 samples from 1 histograms.
11-01 23:15:14.973 13656 13656 W CrUtilityMain: type=1400 audit(0.0:3617): avc: denied { setattr } for name="safety_tips.pb" dev="dm-2" ino=53219 scontext=u:r:isolated_app:s0:c512,c768 tcontext=u:object_r:app_data_file:s0:c512,c768 tclass=file permissive=0
11-01 23:15:14.980 13656 13656 W CrUtilityMain: type=1400 audit(0.0:3618): avc: denied { setattr } for name="manifest.json" dev="dm-2" ino=52949 scontext=u:r:isolated_app:s0:c512,c768 tcontext=u:object_r:app_data_file:s0:c512,c768 tclass=file permissive=0
11-01 23:15:14.983 13656 13656 W CrUtilityMain: type=1400 audit(0.0:3619): avc: denied { setattr } for name="verified_contents.json" dev="dm-2" ino=54091 scontext=u:r:isolated_app:s0:c512,c768 tcontext=u:object_r:app_data_file:s0:c512,c768 tclass=file permissive=0
11-01 23:15:14.996 13643 13643 I cr_ChildProcessService: Destroying ChildProcessService pid=13643
11-01 23:15:14.997 13643 13656 I chromium: [INFO:child_process_service.cc(69)] ChildProcessService: Exiting child process.
11-01 23:15:15.027   600  1066 I ActivityManager: Process com.android.chrome:sandboxed_process27 (pid 13643) has died
11-01 23:15:15.027   600  1066 D ActivityManager: cleanUpApplicationRecord -- 13643
11-01 23:15:15.030 12900 12900 W chromium: [WARNING:compositor_view.cc(315)] Child process died (type=6) pid=13643)
11-01 23:15:15.037 13455 13455 D MonkeyStub: translateCommand: touch move 614 812
11-01 23:15:15.142 13455 13455 D MonkeyStub: translateCommand: touch move 614 687
11-01 23:15:15.248 13455 13455 D MonkeyStub: translateCommand: touch move 614 562
11-01 23:15:15.353 13455 13455 D MonkeyStub: translateCommand: touch move 614 437
11-01 23:15:15.459 13455 13455 D MonkeyStub: translateCommand: touch move 614 312
11-01 23:15:15.462 13455 13455 D MonkeyStub: translateCommand: touch up 614 312
11-01 23:15:17.579 13455 13455 D MonkeyStub: Quit requested
11-01 23:15:17.617 13455 13455 I art     : System.exit called, status: 84
11-01 23:15:17.617 13455 13455 I AndroidRuntime: VM exiting with result code 84.
11-01 23:15:17.646   600  6822 W WindowManager: Attempted to remove non-existing token: android.os.Binder@f16f97e
11-01 23:15:17.895   600   819 I ActivityManager: Start proc 13665:com.android.chrome:sandboxed_process28/u0i118 for service com.android.chrome/org.chromium.content.app.SandboxedProcessService28
11-01 23:15:17.936 13665 13665 W boxed_process28: type=1400 audit(0.0:3620): avc: denied { getattr } for path="/data/data/com.android.chrome" dev="dm-2" ino=12190 scontext=u:r:isolated_app:s0:c512,c768 tcontext=u:object_r:app_data_file:s0:c512,c768 tclass=dir permissive=0
11-01 23:15:17.960 13665 13665 I cr_ChildProcessService: Creating new ChildProcessService pid=13665
11-01 23:15:17.999 13665 13678 I cr_LibraryLoader: Loaded native library version number "85.0.4183.127"
11-01 23:15:17.999 13665 13678 I cr_CachingUmaRecorder: Flushed 1 samples from 1 histograms.
11-01 23:15:18.013 13678 13678 W CrUtilityMain: type=1400 audit(0.0:3621): avc: denied { setattr } for name=5072656C6F61642044617461 dev="dm-2" ino=56511 scontext=u:r:isolated_app:s0:c512,c768 tcontext=u:object_r:app_data_file:s0:c512,c768 tclass=file permissive=0
11-01 23:15:18.013 13678 13678 W CrUtilityMain: type=1400 audit(0.0:3622): avc: denied { setattr } for name="manifest.json" dev="dm-2" ino=56690 scontext=u:r:isolated_app:s0:c512,c768 tcontext=u:object_r:app_data_file:s0:c512,c768 tclass=file permissive=0
11-01 23:15:18.013 13678 13678 W CrUtilityMain: type=1400 audit(0.0:3623): avc: denied { setattr } for name="verified_contents.json" dev="dm-2" ino=56804 scontext=u:r:isolated_app:s0:c512,c768 tcontext=u:object_r:app_data_file:s0:c512,c768 tclass=file permissive=0
11-01 23:15:18.022 13665 13678 I chromium: [INFO:child_process_service.cc(69)] ChildProcessService: Exiting child process.
11-01 23:15:18.023   197   197 E lowmemorykiller: Error writing /proc/13665/oom_score_adj; errno=22
11-01 23:15:18.030   600  1485 I ActivityManager: Process com.android.chrome:sandboxed_process28 (pid 13665) has died
11-01 23:15:18.030   600  1485 D ActivityManager: cleanUpApplicationRecord -- 13665
11-01 23:15:18.037 12900 12900 W chromium: [WARNING:compositor_view.cc(315)] Child process died (type=6) pid=13665)
11-01 23:15:21.159   600  8040 I ActivityManager: Start proc 13682:com.android.chrome:sandboxed_process29/u0i119 for service com.android.chrome/org.chromium.content.app.SandboxedProcessService29
11-01 23:15:21.200 13682 13682 W boxed_process29: type=1400 audit(0.0:3624): avc: denied { getattr } for path="/data/data/com.android.chrome" dev="dm-2" ino=12190 scontext=u:r:isolated_app:s0:c512,c768 tcontext=u:object_r:app_data_file:s0:c512,c768 tclass=dir permissive=0
11-01 23:15:21.222 13682 13682 I cr_ChildProcessService: Creating new ChildProcessService pid=13682
11-01 23:15:21.259 13682 13695 I cr_LibraryLoader: Loaded native library version number "85.0.4183.127"
11-01 23:15:21.259 13682 13695 I cr_CachingUmaRecorder: Flushed 1 samples from 1 histograms.
11-01 23:15:21.270 13695 13695 W CrUtilityMain: type=1400 audit(0.0:3625): avc: denied { setattr } for name="tls_deprecation_config.pb" dev="dm-2" ino=56483 scontext=u:r:isolated_app:s0:c512,c768 tcontext=u:object_r:app_data_file:s0:c512,c768 tclass=file permissive=0
11-01 23:15:21.270 13695 13695 W CrUtilityMain: type=1400 audit(0.0:3626): avc: denied { setattr } for name="manifest.json" dev="dm-2" ino=56859 scontext=u:r:isolated_app:s0:c512,c768 tcontext=u:object_r:app_data_file:s0:c512,c768 tclass=file permissive=0
11-01 23:15:21.270 13695 13695 W CrUtilityMain: type=1400 audit(0.0:3627): avc: denied { setattr } for name="verified_contents.json" dev="dm-2" ino=56880 scontext=u:r:isolated_app:s0:c512,c768 tcontext=u:object_r:app_data_file:s0:c512,c768 tclass=file permissive=0
11-01 23:15:21.281 13682 13695 I chromium: [INFO:child_process_service.cc(69)] ChildProcessService: Exiting child process.
11-01 23:15:21.310   600  1484 I ActivityManager: Process com.android.chrome:sandboxed_process29 (pid 13682) has died
11-01 23:15:21.310   600  1484 D ActivityManager: cleanUpApplicationRecord -- 13682
11-01 23:15:21.316 12900 12900 W chromium: [WARNING:compositor_view.cc(315)] Child process died (type=6) pid=13682)
11-01 23:15:26.115   246   246 D NuPlayerDriver: reset(0xf2520b40) at state 4
11-01 23:15:26.115   246   246 D NuPlayerDriver: notifyListener_l(0xf2520b40), (8, 0, 0), loop setting(0, 0)
11-01 23:15:26.118   246 13417 D NuPlayerDriver: notifyResetComplete(0xf2520b40)
11-01 23:15:33.666 13714 13714 D AndroidRuntime: >>>>>> START com.android.internal.os.RuntimeInit uid 2000 <<<<<<
11-01 23:15:33.671 13714 13714 D AndroidRuntime: CheckJNI is OFF
11-01 23:15:33.707  9419  9924 I Icing   : IndexChimeraService.getServiceInterface callingPackage=com.android.chrome componentName=null serviceId=36
11-01 23:15:33.730  9419  9544 W Icing   : No valid account for uploading user actions
11-01 23:15:33.751  9419  9919 I Icing   : IndexChimeraService.getServiceInterface callingPackage=com.google.android.gms componentName=null serviceId=30
11-01 23:15:33.788 13714 13714 D ICU     : No timezone override file found: /data/misc/zoneinfo/current/icu/icu_tzdata.dat
11-01 23:15:33.829 13714 13714 I Radio-JNI: register_android_hardware_Radio DONE
11-01 23:15:33.846 13714 13714 D AndroidRuntime: Calling main entry com.android.commands.am.Am
11-01 23:15:33.864   600  1483 I ActivityManager: Force stopping com.android.chrome appid=10035 user=0: from pid 13714
11-01 23:15:33.864   600  1483 I ActivityManager: Killing 12961:com.android.chrome:privileged_process0/u0a35 (adj 0): stop com.android.chrome
11-01 23:15:33.864   600  1483 D ActivityManager: cleanUpApplicationRecord -- 12961
11-01 23:15:33.864   600  1483 W ActivityManager: Scheduling restart of crashed service com.android.chrome/org.chromium.content.app.PrivilegedProcessService0 in 1000ms
11-01 23:15:33.868   600  1483 I ActivityManager: Killing 12900:com.android.chrome/u0a35 (adj 0): stop com.android.chrome
11-01 23:15:33.868   600  1483 D ActivityManager: cleanUpApplicationRecord -- 12900
11-01 23:15:33.880   600  1483 W ActivityManager: Force removing ActivityRecord{ddad3e8 u0 com.android.chrome/com.google.android.apps.chrome.Main t1442}: app died, no saved state
11-01 23:15:33.889  8521  8521 I MemoryTrimmer: Trimming objects from memory, since app is in the background.
11-01 23:15:33.889   600  1483 I ActivityManager: Killing 13381:com.android.chrome:sandboxed_process19/u0a35i109 (adj 0): isolated not needed
11-01 23:15:33.889   600  1483 I ActivityManager: Killing 12935:com.android.chrome:sandboxed_process0/u0a35i90 (adj 0): isolated not needed
11-01 23:15:33.898 13714 13714 D AndroidRuntime: Shutting down VM
11-01 23:15:33.926  1075  1164 I OpenGLRenderer: Initialized EGL, version 1.4
11-01 23:15:33.926  1075  1164 D OpenGLRenderer: Swap behavior 2
11-01 23:15:33.937  8521  8521 I MemoryTrimmer: Trimming objects from memory, since app is in the background.
11-01 23:15:33.942  1058  1058 W ResourceType: ResTable_typeSpec entry count inconsistent: given 67, previously 69
11-01 23:15:33.942  1058  1058 W ResourceType: ResTable_typeSpec entry count inconsistent: given 5346, previously 5347
11-01 23:15:33.966  1058  1058 D RegisteredNfcFServicesCache: Service unchanged, not updating
11-01 23:15:34.035  8521  8532 I AttachedClient: Adding client event 2 to pending list.
11-01 23:15:34.047  8521  8521 I OptInState: There is a new client and it does not support opt-in. Dropping request.
11-01 23:15:34.049   600  8931 D ActivityManager: cleanUpApplicationRecord -- 12935
11-01 23:15:34.050  8521  8521 I MicroDetectionWorker: Micro detection mode: [mDetectionMode: [1]].
11-01 23:15:34.064  8521 13728 I MicroRecognitionRunner: Starting detection.
11-01 23:15:34.079  9419  9544 I Icing   : Usage reports ok 2, Failed Usage reports 0, indexed 1, rejected 0
11-01 23:15:34.085  8521  8553 I MicrophoneInputStream: mic_starting com.google.android.apps.gsa.speech.audio.ae@ec1adb8
11-01 23:15:34.091   238   286 I SoundTriggerHwService::Module: void android::SoundTriggerHwService::Module::onCallbackEvent(const sp<android::SoundTriggerHwService::CallbackEvent> &) mClient == 0
11-01 23:15:34.091   238 13731 I AudioFlinger: AudioFlinger's thread 0xec3128c0 ready to run
11-01 23:15:34.093  8521  8553 I MicrophoneInputStream: mic_started com.google.android.apps.gsa.speech.audio.ae@ec1adb8
11-01 23:15:34.099  9419  9544 W Icing   : No valid account for uploading user actions
11-01 23:15:34.143  9419  9544 I Icing   : Usage reports ok 0, Failed Usage reports 0, indexed 0, rejected 0
11-01 23:15:34.145  9419  9544 I Icing   : Indexing com.android.chrome-omnibox from com.android.chrome
11-01 23:15:34.149   600  8040 D ActivityManager: cleanUpApplicationRecord -- 13381
11-01 23:15:34.184   600   611 I ActivityManager: Start proc 13733:com.android.chrome/u0a35 for content provider com.android.chrome/com.google.android.apps.chrome.icing.IcingProvider
11-01 23:15:34.212   600   610 D ConnectivityService: ConnectivityService NetworkRequestInfo binderDied(NetworkRequest [ LISTEN id=550, [ Capabilities: INTERNET&NOT_RESTRICTED&TRUSTED&FOREGROUND] ], android.os.BinderProxy@d28a429)
11-01 23:15:34.212   600   610 D ConnectivityService: ConnectivityService NetworkRequestInfo binderDied(NetworkRequest [ LISTEN id=549, [ Capabilities: INTERNET&NOT_RESTRICTED&TRUSTED&FOREGROUND] ], android.os.BinderProxy@d0893ae)
11-01 23:15:34.212   600   610 D ConnectivityService: ConnectivityService NetworkRequestInfo binderDied(NetworkRequest [ LISTEN id=548, [ Capabilities: INTERNET&NOT_RESTRICTED&TRUSTED&FOREGROUND] ], android.os.BinderProxy@3a154f)
11-01 23:15:34.212   600   610 D ConnectivityService: ConnectivityService NetworkRequestInfo binderDied(NetworkRequest [ LISTEN id=551, [ Capabilities: INTERNET&NOT_RESTRICTED&TRUSTED&FOREGROUND] ], android.os.BinderProxy@55354dc)
11-01 23:15:34.213   600   610 D GraphicsStats: Buffer count: 2
11-01 23:15:34.214   600   649 E ConnectivityService: RemoteException caught trying to send a callback msg for NetworkRequest [ LISTEN id=550, [ Capabilities: INTERNET&NOT_RESTRICTED&TRUSTED&FOREGROUND] ]
11-01 23:15:34.214   600   649 E ConnectivityService: RemoteException caught trying to send a callback msg for NetworkRequest [ LISTEN id=549, [ Capabilities: INTERNET&NOT_RESTRICTED&TRUSTED&FOREGROUND] ]
11-01 23:15:34.215   600   649 E ConnectivityService: RemoteException caught trying to send a callback msg for NetworkRequest [ LISTEN id=548, [ Capabilities: INTERNET&NOT_RESTRICTED&TRUSTED&FOREGROUND] ]
11-01 23:15:34.215   600   649 E ConnectivityService: RemoteException caught trying to send a callback msg for NetworkRequest [ LISTEN id=551, [ Capabilities: INTERNET&NOT_RESTRICTED&TRUSTED&FOREGROUND] ]
11-01 23:15:34.279  8521  8521 I MicroDetectionWorker: onReady
11-01 23:15:34.316  9419  9544 I Icing   : Indexing done com.android.chrome-omnibox
11-01 23:15:34.469  1075  1164 W OpenGLRenderer: Incorrectly called buildLayer on View: ShortcutAndWidgetContainer, destroying layer...
11-01 23:15:34.488 13726 13726 D AndroidRuntime: >>>>>> START com.android.internal.os.RuntimeInit uid 2000 <<<<<<
11-01 23:15:34.492 13726 13726 D AndroidRuntime: CheckJNI is OFF
11-01 23:15:34.559 13726 13726 D ICU     : No timezone override file found: /data/misc/zoneinfo/current/icu/icu_tzdata.dat
11-01 23:15:34.587 13726 13726 I Radio-JNI: register_android_hardware_Radio DONE
11-01 23:15:34.603 13726 13726 D AndroidRuntime: Calling main entry com.android.commands.pm.Pm
11-01 23:15:34.616   600  1066 I ActivityManager: Force stopping com.android.chrome appid=10035 user=0: clear data
11-01 23:15:34.616   600  1066 I ActivityManager: Killing 13733:com.android.chrome/u0a35 (adj 700): stop com.android.chrome
11-01 23:15:34.616   600  1066 D ActivityManager: cleanUpApplicationRecord -- 13733
11-01 23:15:34.622   600   613 I ActivityManager: Force stopping com.android.chrome appid=10035 user=-1: clearApplicationUserData
11-01 23:15:34.667   785   785 I GeofencerStateMachine: removeGeofences: removeRequest=RemoveGeofencingRequest[REMOVE_ALL packageName=com.android.chrome]
11-01 23:15:34.670 13726 13726 I art     : System.exit called, status: 0
11-01 23:15:34.670 13726 13726 I AndroidRuntime: VM exiting with result code 0.
11-01 23:15:34.676  1058  1058 D RegisteredNfcFServicesCache: Service unchanged, not updating
11-01 23:15:34.707   600   612 W ResourceType: No known package when getting value for resource number 0x7f080316
11-01 23:15:34.707   600   612 W ResourceType: No known package when getting value for resource number 0x7f130448
11-01 23:15:34.708   600   612 W ResourceType: No known package when getting value for resource number 0x7f080315
11-01 23:15:34.708   600   612 W ResourceType: No known package when getting value for resource number 0x7f130123
11-01 23:15:34.708   600   612 W ResourceType: No known package when getting value for resource number 0x7f130447
11-01 23:15:34.708   600   612 W ResourceType: No known package when getting value for resource number 0x7f1302e4
11-01 23:15:34.708   600   612 E ShortcutService: Ignoring excessive intent tag.
11-01 23:15:34.722  9419 11306 I Icing   : doRemovePackageData com.android.chrome
11-01 23:15:34.723  9419 11306 I Icing   : Removing corpus key com.android.chrome-.implicit: for package com.android.chrome
11-01 23:15:34.745   785 13768 I Fitness : FitCleanupIntentOperation received Intent android.intent.action.PACKAGE_DATA_CLEARED [CONTEXT service_id=17 ]
11-01 23:15:34.756  9419 11306 I native  : flash-index.cc:1519 Flash index sort hb 30 prefix-hits 60 -> 57 at 5.221ms
11-01 23:15:34.790  9419 11306 I Icing   : Removing corpus key com.android.chrome-omnibox for package com.android.chrome
11-01 23:15:34.848  9419 11306 I Icing   : Starting compaction min disk 99.926% min index 99.992%
11-01 23:15:35.007  9419 11306 I native  : document-store.cc:1654 Scored 2987 usage reports, missing_corpora 1633 update_failed 1
11-01 23:15:35.042  9419 11306 W native  : words-map.cc:30 INVALID_ARGUMENT: Empty URI
11-01 23:15:35.042  9419 11306 W native  : words-map.cc:34 WordsMap was not properly initialized
11-01 23:15:35.124  9419 11306 E native  : compactor.cc:67 Could not index embedding for docid 1: INTERNAL: Unable to find Thing Proto section 
11-01 23:15:35.124  9419 11306 E native  : compactor.cc:67 Could not index embedding for docid 3: INTERNAL: Unable to find Thing Proto section 
11-01 23:15:35.125  9419 11306 E native  : compactor.cc:67 Could not index embedding for docid 5: INTERNAL: Unable to find Thing Proto section 
11-01 23:15:35.125  9419 11306 E native  : compactor.cc:67 Could not index embedding for docid 7: INTERNAL: Unable to find Thing Proto section 
11-01 23:15:35.132  9419 11306 E native  : compactor.cc:67 Could not index embedding for docid 8: INTERNAL: Unable to find Thing Proto section 
11-01 23:15:35.133  9419 11306 E native  : compactor.cc:67 Could not index embedding for docid 10: INTERNAL: Unable to find Thing Proto section 
11-01 23:15:35.133  9419 11306 E native  : compactor.cc:67 Could not index embedding for docid 11: INTERNAL: Unable to find Thing Proto section 
11-01 23:15:35.133  9419 11306 E native  : compactor.cc:67 Could not index embedding for docid 13: INTERNAL: Unable to find Thing Proto section 
11-01 23:15:35.133  9419 11306 E native  : compactor.cc:67 Could not index embedding for docid 14: INTERNAL: Unable to find Thing Proto section 
11-01 23:15:35.140  9419 11306 E native  : compactor.cc:67 Could not index embedding for docid 17: INTERNAL: Unable to find Thing Proto section 
11-01 23:15:35.140  9419 11306 E native  : compactor.cc:67 Could not index embedding for docid 18: INTERNAL: Unable to find Thing Proto section 
11-01 23:15:35.141  9419 11306 E native  : compactor.cc:67 Could not index embedding for docid 21: INTERNAL: Unable to find Thing Proto section 
11-01 23:15:35.141  9419 11306 E native  : compactor.cc:67 Could not index embedding for docid 22: INTERNAL: Unable to find Thing Proto section 
11-01 23:15:35.147  9419 11306 E native  : compactor.cc:67 Could not index embedding for docid 26: INTERNAL: Unable to find Thing Proto section 
11-01 23:15:35.147  9419 11306 E native  : compactor.cc:67 Could not index embedding for docid 27: INTERNAL: Unable to find Thing Proto section 
11-01 23:15:35.205  9419 11306 I native  : flash-index.cc:1519 Flash index sort hb 34 prefix-hits 54 -> 54 at 41.056ms
11-01 23:15:35.235  9419 11306 W native  : words-map.cc:30 INVALID_ARGUMENT: Empty URI
11-01 23:15:35.235  9419 11306 W native  : words-map.cc:34 WordsMap was not properly initialized
11-01 23:15:35.291  9419 11306 I Icing   : updateResources: need to parse acol{com.android.chrome}
11-01 23:15:35.365  9419 11306 I Icing   : Indexing com.android.chrome-omnibox from com.android.chrome
11-01 23:15:35.376   600  1665 I ActivityManager: Start proc 13775:com.android.chrome/u0a35 for content provider com.android.chrome/com.google.android.apps.chrome.icing.IcingProvider
11-01 23:15:35.478  9419 11306 I Icing   : Indexing done com.android.chrome-omnibox
