11-01 23:14:21.673 13291 13352 I chromium: [INFO:child_process_service.cc(69)] ChildProcessService: Exiting child process.
11-01 23:14:21.673 13306 13353 I chromium: [INFO:child_process_service.cc(69)] ChildProcessService: Exiting child process.
11-01 23:14:21.680   197   197 E lowmemorykiller: Error writing /proc/13314/oom_score_adj; errno=22
11-01 23:14:21.687   197   197 E lowmemorykiller: Error writing /proc/13285/oom_score_adj; errno=22
11-01 23:14:21.688   197   197 E lowmemorykiller: Error writing /proc/13291/oom_score_adj; errno=22
11-01 23:14:21.690   197   197 E lowmemorykiller: Error writing /proc/13306/oom_score_adj; errno=22
11-01 23:14:21.703 12900 12955 I MainThreadRunner: Running task [FeedRequestManagerImpl consumer] on the Main Thread
11-01 23:14:21.703 12900 12955 I TaskQueue:  - Finished 15, time 62 ms
11-01 23:14:21.703 12900 12900 I FeedProtocolAdapter: createModel, operations 33
11-01 23:14:21.706   600  1485 I ActivityManager: START u0 {act=android.intent.action.VIEW dat=http://biomedcentral.com/... flg=0x10000000 cmp=com.android.chrome/com.google.android.apps.chrome.Main} from uid 2000 on display 0
11-01 23:14:21.709 12900 12900 I TimingUtils: Task Timing   4ms, thread ui | task : convertWireProtocol | mutations : 33
11-01 23:14:21.711 12900 12900 I TaskQueue:  - task [HEAD_RESET - d: true, b: 2]: 5
11-01 23:14:21.711 12900 12900 I TaskQueue:  - queueTask starting immediate task
11-01 23:14:21.711 12900 12955 I TaskQueue: Execute task [HEAD_RESET - d: true, b: 2]: 5
11-01 23:14:21.716 13034 13034 D AndroidRuntime: Shutting down VM
11-01 23:14:21.718 12900 12955 I TaskQueue:  - task [BACKGROUND - d: true, b: 2]: 23
11-01 23:14:21.719 12900 12955 W SessionCache: Persisted Sessions were not found
11-01 23:14:21.723 12900 12955 I PersistentFeedStore: commitSessionMutation - Success true, Update Session $HEAD, stream structures 32
11-01 23:14:21.732 12900 12955 I MainThreadRunner: Running task [SchedulerApiWrapper onReceiveNewContent] on the Main Thread
11-01 23:14:21.732 12900 12955 I MainThreadRunner: Running task [FeedKnownContentImpl onNewContentReceived] on the Main Thread
11-01 23:14:21.736 12900 12955 I SessionManagerMutation: Cleared Head, new creation time 11-01 23:14:21.719
11-01 23:14:21.736 12900 12955 I TimingUtils: Task Timing  24ms, thread background-1 | task : sessionMutation.commitTask:updateConsumer | mutations : 33 | userInitiated : false
11-01 23:14:21.736 12900 12955 I TaskQueue: Cancelling starvation checks
11-01 23:14:21.736 12900 12955 I TaskQueue:  - Finished 5, time 25 ms
11-01 23:14:21.736 12900 12955 I TaskQueue: Execute task [USER_FACING - d: false, b: 2]: 24
11-01 23:14:21.742 12900 12955 I TimeoutSessionImpl: TimeoutSession.populateModelProvider, shouldAppend false
11-01 23:14:21.742 12900 12955 I SessionImpl: PopulateModelProvider 32 items
11-01 23:14:21.745 12900 12955 I FeedModelProvider: FeedModelProvider - committer, structure changes 31, update changes 0
11-01 23:14:21.745 12900 12955 I FeedModelProvider: SyntheticTokenTracker: 0, 11, 11, false
11-01 23:14:21.747 12900 12955 I FeedSessionManagerImpl: Caching getStreamFeatures - items 31, cache misses 0, cache size 31
11-01 23:14:21.748 12900 12955 I FeedModelProvider: Moving _session:a1b8c492-067d-4e07-bcb4-a20ad39cbed3 to READY
11-01 23:14:21.748 12900 12955 I MainThreadRunner: Running task [FeedModelProvider onSessionStart] on the Main Thread
11-01 23:14:21.748 12900 12955 I FeedModelProvider: ModelProvider Mutation committed - structure changes 31, childrenToBind 31, removedChildren false, Token false
11-01 23:14:21.751 12900 12955 I FeedSessionManagerImpl: Populate new session: _session:a1b8c492-067d-4e07-bcb4-a20ad39cbed3, creation time 11-01 23:14:21.742
11-01 23:14:21.751 12900 12955 I TimingUtils: Task Timing  14ms, thread background-2 | task : Create/Populate New Session
11-01 23:14:21.751 12900 12955 I TaskQueue:  - Finished 24, time 15 ms
11-01 23:14:21.752 12900 12955 I TaskQueue: Execute task [BACKGROUND - d: false, b: 1]: 11
11-01 23:14:21.752 12900 12955 I ContentGc: Re-enqueuing triggerContentGc; attempts(0)
11-01 23:14:21.752 12900 12955 I TaskQueue:  - task [BACKGROUND - d: false, b: 1]: 11
11-01 23:14:21.752 12900 12955 I TaskQueue:  - Finished 11, time 1 ms
11-01 23:14:21.753 12900 12955 I TaskQueue: Execute task [BACKGROUND - d: false, b: 1]: 23
11-01 23:14:21.770 12900 12900 E cr_IntentUtils: getInt failed on bundle null
11-01 23:14:21.796 13235 13303 I chromium: [INFO:child_process_service.cc(69)] ChildProcessService: Exiting child process.
11-01 23:14:21.826 12900 12910 I art     : Background partial concurrent mark sweep GC freed 25073(1364KB) AllocSpace objects, 24(1876KB) LOS objects, 40% free, 12MB/20MB, paused 1.335ms total 107.501ms
11-01 23:14:21.848 12900 12900 I cr_tabmodel: Appending tabs being restored to metadata lists, 0, startingNormalCount: 2, startingIncognitoCount: 0
11-01 23:14:21.849 12900 12900 I cr_tabmodel: Serializing tab lists; counts: 2, 0
11-01 23:14:21.874 12900 12955 I TimingUtils: Task Timing 121ms, thread background-3 | task : commitContentMutation | mutations : 32
11-01 23:14:21.874 12900 12955 I TimingUtils: Task Timing   0ms, thread background-4 | task : commitSemanticPropertiesMutation | mutations : 0
11-01 23:14:21.874 12900 12955 I TaskQueue:  - Finished 23, time 122 ms
11-01 23:14:21.875 12900 12955 I TaskQueue: Execute task [BACKGROUND - d: false, b: 0]: 11
11-01 23:14:21.876 12900 12955 I SessionCache: Determining accessible content
11-01 23:14:21.878 12900 12955 I TimingUtils: Task Timing   2ms, thread background-5 | task : ContentGc | contentItemsRemoved : 0
11-01 23:14:21.878 12900 12955 I TaskQueue:  - Finished 11, time 3 ms
11-01 23:14:21.958   600   609 I art     : Background partial concurrent mark sweep GC freed 57056(2MB) AllocSpace objects, 34(872KB) LOS objects, 33% free, 15MB/23MB, paused 2.708ms total 157.695ms
11-01 23:14:22.009   600 28743 I ActivityManager: Start proc 13381:com.android.chrome:sandboxed_process19/u0i109 for service com.android.chrome/org.chromium.content.app.SandboxedProcessService19
11-01 23:14:22.026   600   610 I ActivityManager: Process com.android.chrome:sandboxed_process12 (pid 13235) has died
11-01 23:14:22.026   600   610 D ActivityManager: cleanUpApplicationRecord -- 13235
11-01 23:14:22.027   600   610 I ActivityManager: Killing 13306:com.android.chrome:sandboxed_process17/u0a35i107 (adj 0): isolated not needed
11-01 23:14:22.027   600   610 I ActivityManager: Killing 13291:com.android.chrome:sandboxed_process16/u0a35i106 (adj 0): isolated not needed
11-01 23:14:22.027   600   610 I ActivityManager: Killing 13285:com.android.chrome:sandboxed_process15/u0a35i105 (adj 0): isolated not needed
11-01 23:14:22.027   600   610 I ActivityManager: Killing 13314:com.android.chrome:sandboxed_process18/u0a35i108 (adj 0): isolated not needed
11-01 23:14:22.027   600   610 I ActivityManager: Killing 13266:com.android.chrome:sandboxed_process14/u0a35i104 (adj 0): isolated not needed
11-01 23:14:22.027   600   610 I ActivityManager: Killing 13248:com.android.chrome:sandboxed_process13/u0a35i103 (adj 0): isolated not needed
11-01 23:14:22.046   600 11980 D ActivityManager: cleanUpApplicationRecord -- 13045
11-01 23:14:22.053   600  5522 D ActivityManager: cleanUpApplicationRecord -- 13248
11-01 23:14:22.058   600  1066 D ActivityManager: cleanUpApplicationRecord -- 13159
11-01 23:14:22.059   600   611 D ActivityManager: cleanUpApplicationRecord -- 13306
11-01 23:14:22.066   600  8040 D ActivityManager: cleanUpApplicationRecord -- 13291
11-01 23:14:22.067   600  1483 D ActivityManager: cleanUpApplicationRecord -- 13285
11-01 23:14:22.068   600 30165 D ActivityManager: cleanUpApplicationRecord -- 13119
11-01 23:14:22.110 12900 12900 W chromium: [WARNING:compositor_view.cc(315)] Child process died (type=6) pid=13248)
11-01 23:14:22.111 12900 12900 W chromium: [WARNING:compositor_view.cc(315)] Child process died (type=6) pid=13285)
11-01 23:14:22.111 12900 12900 W chromium: [WARNING:compositor_view.cc(315)] Child process died (type=6) pid=13291)
11-01 23:14:22.112 12900 12900 W chromium: [WARNING:compositor_view.cc(315)] Child process died (type=6) pid=13306)
11-01 23:14:22.112 12900 12900 W chromium: [WARNING:compositor_view.cc(315)] Child process died (type=6) pid=13159)
11-01 23:14:22.112 12900 12900 W chromium: [WARNING:compositor_view.cc(315)] Child process died (type=6) pid=13235)
11-01 23:14:22.112 12900 12900 W chromium: [WARNING:compositor_view.cc(315)] Child process died (type=6) pid=13045)
11-01 23:14:22.143 13381 13381 W boxed_process19: type=1400 audit(0.0:3586): avc: denied { getattr } for path="/data/data/com.android.chrome" dev="dm-2" ino=12190 scontext=u:r:isolated_app:s0:c512,c768 tcontext=u:object_r:app_data_file:s0:c512,c768 tclass=dir permissive=0
11-01 23:14:22.171 12900 12900 I FeedModelProvider: No children found for Cursor
11-01 23:14:22.241 13381 13381 I cr_ChildProcessService: Creating new ChildProcessService pid=13381
11-01 23:14:22.294 13381 13397 I cr_LibraryLoader: Loaded native library version number "85.0.4183.127"
11-01 23:14:22.294 13381 13397 I cr_CachingUmaRecorder: Flushed 1 samples from 1 histograms.
11-01 23:14:22.306 12900 12900 W chromium: [WARNING:compositor_view.cc(315)] Child process died (type=6) pid=13119)
11-01 23:14:22.319 12900 12960 W chromium: [WARNING:spdy_session.cc(3090)] Received RST for invalid stream1
11-01 23:14:22.325   600   610 D ActivityManager: cleanUpApplicationRecord -- 13314
11-01 23:14:22.333 12900 12900 W chromium: [WARNING:compositor_view.cc(315)] Child process died (type=6) pid=13314)
11-01 23:14:22.343   600 12440 D ActivityManager: cleanUpApplicationRecord -- 13178
11-01 23:14:22.360   600  5522 D ActivityManager: cleanUpApplicationRecord -- 13266
11-01 23:14:22.376 12900 12900 W chromium: [WARNING:compositor_view.cc(315)] Child process died (type=6) pid=13266)
11-01 23:14:22.380 12900 12900 W chromium: [WARNING:compositor_view.cc(315)] Child process died (type=6) pid=13178)
11-01 23:14:22.462  9419  9924 I Icing   : IndexChimeraService.getServiceInterface callingPackage=com.android.chrome componentName=null serviceId=36
11-01 23:14:22.473  9419  9544 W Icing   : No valid account for uploading user actions
11-01 23:14:22.530   600 28743 D ActivityManager: cleanUpApplicationRecord -- 13089
11-01 23:14:22.556   600   610 D ActivityManager: cleanUpApplicationRecord -- 13063
11-01 23:14:22.570  9419  9919 I Icing   : IndexChimeraService.getServiceInterface callingPackage=com.google.android.gms componentName=null serviceId=30
11-01 23:14:22.611 12900 12900 W chromium: [WARNING:compositor_view.cc(315)] Child process died (type=6) pid=13089)
11-01 23:14:22.625 12900 12900 W chromium: [WARNING:compositor_view.cc(315)] Child process died (type=6) pid=13063)
11-01 23:14:23.321   785  1191 W Icing   : isOptedInForAppHistory: empty Account Name encountered
11-01 23:14:23.332   785  1191 W Icing   : isOptedInForAppHistory: empty Account Name encountered
11-01 23:14:23.335  9419  9544 I Icing   : Usage reports ok 1, Failed Usage reports 0, indexed 0, rejected 0
11-01 23:14:23.342  9419  9544 W Icing   : No valid account for uploading user actions
11-01 23:14:23.508   785 10578 W Icing   : isOptedInForAppHistory: empty Account Name encountered
11-01 23:14:23.760  9419  9544 I Icing   : Usage reports ok 1, Failed Usage reports 0, indexed 1, rejected 0
11-01 23:14:23.764  9419  9544 I Icing   : Removing corpus key com.android.chrome-omnibox for package com.android.chrome
11-01 23:14:23.789  9419  9544 I native  : flash-index.cc:1519 Flash index sort hb 4 prefix-hits 4 -> 4 at 11.151ms
11-01 23:14:24.022 12900 12955 I cr_omaha: Request to Server Successful. Timestamp for next request:1667344464022
11-01 23:14:24.075 12900 12955 I cr_omaha: Request to Server Successful. Timestamp for next request:1667344464075
11-01 23:14:24.075 12900 12955 I cr_omaha: Attempting to schedule next job for: Wed Nov 02 04:14:23 GMT+01:00 2022
11-01 23:14:24.078 12900 12900 I cr_omaha: Scheduled using JobService
11-01 23:14:24.079 12900 12900 E cr_BkgrdTaskJS: Tried finishing non-current BackgroundTask.
11-01 23:14:24.183  9419  9544 I native  : document-store.cc:1654 Scored 2984 usage reports, missing_corpora 0 update_failed 1622
11-01 23:14:24.225  9419  9544 W Icing   : No valid account for uploading user actions
11-01 23:14:24.245  9419  9544 I Icing   : Usage reports ok 0, Failed Usage reports 0, indexed 0, rejected 0
11-01 23:14:24.246  9419  9544 I Icing   : Indexing com.android.chrome-omnibox from com.android.chrome
11-01 23:14:24.327  9419  9544 I Icing   : Indexing done com.android.chrome-omnibox
11-01 23:14:24.773 12900 12900 I cr_tabmodel: Appending tabs being restored to metadata lists, 0, startingNormalCount: 2, startingIncognitoCount: 0
11-01 23:14:24.773 12900 12900 I cr_tabmodel: Serializing tab lists; counts: 2, 0
11-01 23:14:25.266 12900 12900 V MediaRouter: Adding route: RouteInfo{ name=Tablet, description=null, status=null, category=RouteCategory{ name=null types=ROUTE_TYPE_LIVE_AUDIO ROUTE_TYPE_LIVE_VIDEO  groupable=false }, supportedTypes=ROUTE_TYPE_LIVE_AUDIO ROUTE_TYPE_LIVE_VIDEO , presentationDisplay=null }
11-01 23:14:25.273 12900 12900 V MediaRouter: Updating audio routes: AudioRoutesInfo{ type=SPEAKER }
11-01 23:14:25.275 12900 12900 V MediaRouter: Selecting route: RouteInfo{ name=Tablet, description=null, status=null, category=RouteCategory{ name=null types=ROUTE_TYPE_LIVE_AUDIO ROUTE_TYPE_LIVE_VIDEO  groupable=false }, supportedTypes=ROUTE_TYPE_LIVE_AUDIO ROUTE_TYPE_LIVE_VIDEO , presentationDisplay=null }
11-01 23:14:25.280 12900 12900 I MediaRouter: Found default route: MediaRouter.RouteInfo{ uniqueId=android/Qf:DEFAULT_ROUTE, name=Tablet, description=null, iconUri=null, enabled=true, connecting=false, connectionState=0, canDisconnect=false, playbackType=0, playbackStream=3, deviceType=0, volumeHandling=1, volume=0, volumeMax=15, presentationDisplayId=-1, extras=null, settingsIntent=null, providerPackageName=android }
11-01 23:14:25.280 12900 12900 I MediaRouter: Unselecting the current route because it is no longer selectable: null
11-01 23:14:25.284 12900 12900 V MediaRouter: Selecting route: RouteInfo{ name=Tablet, description=null, status=null, category=RouteCategory{ name=null types=ROUTE_TYPE_LIVE_AUDIO ROUTE_TYPE_LIVE_VIDEO  groupable=false }, supportedTypes=ROUTE_TYPE_LIVE_AUDIO ROUTE_TYPE_LIVE_VIDEO , presentationDisplay=null }
11-01 23:14:25.603 12900 12900 E cr_BTSPrefs: No data found for task id: 53
11-01 23:14:25.603 12900 12900 E cr_BkgrdTaskScheduler: Task cannot be canceled because no data was found instorage or data was invalid
11-01 23:14:26.026  9419  9751 I CastDatabase: Opening the database
11-01 23:14:26.031   600   647 I WifiHAL : Got channel list with 13 channels
11-01 23:14:26.031  9419  9419 I DiscoveryManager: WifiGuestModeDeviceScanner enabled.
11-01 23:14:26.032   600   647 I WifiHAL : Got channel list with 4 channels
11-01 23:14:26.032   600   647 I WifiHAL : Got channel list with 15 channels
11-01 23:14:26.036 12961 12986 W VideoCapabilities: Unrecognized level 0 for video/x-vnd.on2.vp8
11-01 23:14:26.054  9419  9751 I SQLiteCastStore: 2 CastNetworkInfo instances loaded, 1 CastDeviceInfo instances loaded, 0 paired guest mode devices loaded.
11-01 23:14:26.054  9419  9751 I DiscoveryManager: Filter criteria(37F83649) scannerFlags(0)
11-01 23:14:26.055  9419  9751 I CastDatabase: CastDeviceInfo created: V_343c1426-bfdb-45ce-a6cd-94da3f9073c8
11-01 23:14:26.055  9419  9751 W GuestModeDeviceProber: setFilterCriteria
11-01 23:14:26.058 12961 12986 I VideoCapabilities: Unsupported profile 4 for video/mp4v-es
11-01 23:14:26.061 12961 12986 W cr_MediaCodecUtil: HW encoder for video/avc is not available on this device.
11-01 23:14:26.078  9419  9751 E DeviceScanner: [BLE] Failed to start scan because the Bluetooth is disabled.
11-01 23:14:26.086 12961 13415 W VideoCapabilities: Unrecognized level 0 for video/x-vnd.on2.vp8
11-01 23:14:26.092 12961 12979 E chromium: [ERROR:gles2_cmd_decoder.cc(7062)] [.RendererMainThread-0xd765b800]GL ERROR :GL_INVALID_OPERATION : glGetIntegerv: incomplete framebuffer
11-01 23:14:26.092 12961 12979 E chromium: [ERROR:gles2_cmd_decoder.cc(7062)] [.RendererMainThread-0xd765b800]GL ERROR :GL_INVALID_OPERATION : glGetIntegerv: incomplete framebuffer
11-01 23:14:26.093 12961 13415 I VideoCapabilities: Unsupported profile 4 for video/mp4v-es
11-01 23:14:26.093 12961 12979 E chromium: [ERROR:gles2_cmd_decoder.cc(7062)] [.RendererMainThread-0xd765b800]GL ERROR :GL_INVALID_OPERATION : glGetIntegerv: incomplete framebuffer
11-01 23:14:26.093 12961 12979 E chromium: [ERROR:gles2_cmd_decoder.cc(7062)] [.RendererMainThread-0xd765b800]GL ERROR :GL_INVALID_OPERATION : glGetIntegerv: incomplete framebuffer
11-01 23:14:26.096  9419  9751 W DatabaseProcessor: processLocalDevices: failed to get the network info with non-null bssid.
11-01 23:14:26.100  9419  9751 W DatabaseProcessor: processLocalDevices: failed to get the network info with non-null bssid.
11-01 23:14:26.104  9419  9751 E DeviceScanner: [BLE] Failed to start scan because the Bluetooth is disabled.
11-01 23:14:26.104  9419  9751 W DatabaseProcessor: processLocalDevices: failed to get the network info with non-null bssid.
11-01 23:14:26.104  9419  9751 W DatabaseProcessor: processLocalDevices: failed to get the network info with non-null bssid.
11-01 23:14:26.105   245   949 D MediaBufferGroup: creating MemoryDealer
11-01 23:14:26.106   246 13417 D NuPlayerDriver: notifyListener_l(0xf2520b40), (1, 0, 0), loop setting(0, 0)
11-01 23:14:26.106 12900 12900 D MediaPlayer: setSubtitleAnchor in MediaPlayer
11-01 23:14:26.114 12900 12900 W MediaPlayer: Couldn't open https://vod.video-cdn.net/F-TUvd9pk8UYjAqC7mYdAm/4312z8mUGRLb5UPsLza27-.aaa,828,596,1656,2356,.mp4.csmil/master.m3u8?set-cc-attribute=cc&hdnea=exp=1667341463~acl=/F-TUvd9pk8UYjAqC7mYdAm/4312z8mUGRLb5UPsLza27-.aaa,828,596,1656,2356,.mp4.csmil/*~hmac=46ddc90ab81f649e13e786363d3824e95e1a8435955c05aa8b0afb37cbc5a85b: java.io.FileNotFoundException: No content provider: https://vod.video-cdn.net/F-TUvd9pk8UYjAqC7mYdAm/4312z8mUGRLb5UPsLza27-.aaa,828,596,1656,2356,.mp4.csmil/master.m3u8?set-cc-attribute=cc&hdnea=exp=1667341463~acl=/F-TUvd9pk8UYjAqC7mYdAm/4312z8mUGRLb5UPsLza27-.aaa,828,596,1656,2356,.mp4.csmil/*~hmac=46ddc90ab81f649e13e786363d3824e95e1a8435955c05aa8b0afb37cbc5a85b
11-01 23:14:26.120   246 13424 I LiveSession: onConnect https://<suppressed>
11-01 23:14:26.122   246 13420 D NuPlayer: onSetVideoSurface(0xf2569800, no video decoder)
11-01 23:14:26.130 12961 12979 E chromium: [ERROR:gles2_cmd_decoder.cc(4968)] [.RendererMainThread-0xd765b800]GL ERROR :GL_INVALID_FRAMEBUFFER_OPERATION : glClear: framebuffer incomplete
11-01 23:14:26.490   246 13424 I LiveSession: #### Starting Bandwidth Switch: -1 => 0
11-01 23:14:26.754   246 13425 I ESQueue : found something resembling an H.264/MPEG syncword at offset 1
11-01 23:14:26.755   246 13425 I avc_utils: found AVC codec config (512 x 288, Baseline-profile level 2.1)
11-01 23:14:26.756   246 13425 I ESQueue : found AAC codec config (44100 Hz, 1 channels)
11-01 23:14:27.491   246 13420 D NuPlayerDriver: notifyListener_l(0xf2520c60), (3, 3, 0), loop setting(0, 0)
11-01 23:14:27.491   246 13420 D NuPlayerDriver: notifyListener_l(0xf2520c60), (5, 512, 288), loop setting(0, 0)
11-01 23:14:27.492   246 13420 D NuPlayerDriver: notifyListener_l(0xf2520c60), (1, 0, 0), loop setting(0, 0)
11-01 23:14:27.494 12900 12900 D MediaPlayer: setSubtitleAnchor in MediaPlayer
11-01 23:14:27.505 12900 12900 D MediaPlayer: getMetadata
11-01 23:14:27.509   246   939 D NuPlayerDriver: seekTo(0xf2520c60) 0 ms at state 4
11-01 23:14:27.509   246   939 D NuPlayerDriver: notifyListener_l(0xf2520c60), (7, 0, 0), loop setting(0, 0)
11-01 23:14:27.514   246 13420 W NuPlayer: source has video meta but not file meta
11-01 23:14:27.514   246 13420 D NuPlayerDriver: notifyListener_l(0xf2520c60), (4, 0, 0), loop setting(0, 0)
11-01 23:14:27.515   246 13420 W NuPlayer: source has video meta but not file meta
11-01 23:14:27.517   246 13420 W NuPlayer: source has video meta but not file meta
11-01 23:14:27.520   246 13436 I MediaPlayerService: MediaPlayerService::getOMX
11-01 23:14:27.521   246 13436 I OMXClient: MuxOMX ctor
11-01 23:14:27.521   243  3182 I OMXMaster: makeComponentInstance(OMX.Nvidia.h264.decode) in mediacodec process
11-01 23:14:27.523   246 13438 I MediaPlayerService: MediaPlayerService::getOMX
11-01 23:14:27.523   246 13438 I OMXClient: MuxOMX ctor
11-01 23:14:27.523   243   948 I OMXMaster: makeComponentInstance(OMX.google.aac.decoder) in mediacodec process
11-01 23:14:27.527   246 13435 I MediaCodec: [OMX.Nvidia.h264.decode] setting surface generation to 251931
11-01 23:14:27.538   243  3182 E OMXNodeInstance: getConfig(f3006e:Nvidia.h264.decode, ConfigCommonOutputCrop(0x700000f)) ERROR: BadParameter(0x80001005)
11-01 23:14:27.539   246 13435 I MediaCodec: MediaCodec will operate in async mode
11-01 23:14:27.548   246 13436 D SurfaceUtils: set up nativeWindow 0xf2569808 for 512x288, color 0x106, rotation 0, usage 0x2b00
11-01 23:14:27.552   243 13439 D NvOsDebugPrintf: NvMMLiteOpen : Block : BlockType = 261 
11-01 23:14:27.553   243 13439 D NvOsDebugPrintf: TVMR: NvMMLiteTVMRDecBlockOpen: 5008: NvMMLiteBlockOpen 
11-01 23:14:27.555   243  3182 E OMXNodeInstance: setConfig(f3006f:google.aac.decoder, ConfigPriority(0x6f800002)) ERROR: Undefined(0x80001001)
11-01 23:14:27.555   246 13438 I ACodec  : codec does not support config priority (err -2147483648)
11-01 23:14:27.556   246 13438 I MediaCodec: MediaCodec will operate in async mode
11-01 23:14:27.571   243 13441 I SoftAAC2: Reconfiguring decoder: 0->44100 Hz, 0->1 channels
11-01 23:14:27.581   243 13439 D NvOsDebugPrintf: NvMMLiteBlockCreate : Block : BlockType = 261 
11-01 23:14:27.584   246 13433 D AudioTrack: Client defaulted notificationFrames to 7407 for frameCount 22221
11-01 23:14:27.600   243 13443 D NvOsDebugPrintf: TVMR: cbBeginSequence: 655: BeginSequence  512x288, bVPR = 0
11-01 23:14:27.600   243 13443 D NvOsDebugPrintf: TVMR: cbBeginSequence: 918: DecodeBuffers = 3 
11-01 23:14:27.602   243 13443 D NvOsDebugPrintf: TVMR: cbBeginSequence: 938: Display Resolution : (512x288) 
11-01 23:14:27.602   243 13443 D NvOsDebugPrintf: TVMR: cbBeginSequence: 939: Display Aspect Ratio : (512x288) 
11-01 23:14:27.602   243 13443 D NvOsDebugPrintf: TVMR: cbBeginSequence: 1041: SurfaceLayout = 3
11-01 23:14:27.602   243 13443 D NvOsDebugPrintf: TVMR: cbBeginSequence: 1071: NumOfSurfaces = 7, InteraceStream = 0, InterlaceEnabled = 0, bSecure = 0, MVC = 0 Semiplanar = 1, bReinit = 1 
11-01 23:14:27.603   243 13443 D NvOsDebugPrintf: Allocating new output: 512x288 (x 9), ThumbnailMode = 0
11-01 23:14:27.606   246 13436 D SurfaceUtils: set up nativeWindow 0xf2569808 for 512x288, color 0x106, rotation 0, usage 0x2b00
11-01 23:14:27.606   243  3178 E OMXNodeInstance: setParameter(f3006e:Nvidia.h264.decode, ParamPortDefinition(0x2000001)) ERROR: UnsupportedSetting(0x80001019)
11-01 23:14:27.607   246 13436 W ACodec  : [OMX.Nvidia.h264.decode] setting nBufferCountActual to 14 failed: -1010
11-01 23:14:27.607   243   243 E OMXNodeInstance: setParameter(f3006e:Nvidia.h264.decode, ParamPortDefinition(0x2000001)) ERROR: UnsupportedSetting(0x80001019)
11-01 23:14:27.608   246 13436 W ACodec  : [OMX.Nvidia.h264.decode] setting nBufferCountActual to 13 failed: -1010
11-01 23:14:27.608   243 31018 E OMXNodeInstance: setParameter(f3006e:Nvidia.h264.decode, ParamPortDefinition(0x2000001)) ERROR: UnsupportedSetting(0x80001019)
11-01 23:14:27.608   246 13436 W ACodec  : [OMX.Nvidia.h264.decode] setting nBufferCountActual to 12 failed: -1010
11-01 23:14:27.625   246 13420 D NuPlayerDriver: notifyListener_l(0xf2520c60), (5, 512, 288), loop setting(0, 0)
11-01 23:14:28.178   246 13425 I ATSParser: discontinuity on stream pid 0x0100
11-01 23:14:28.178   246 13425 I ATSParser: discontinuity on stream pid 0x0101
11-01 23:14:28.491   246 13420 D NuPlayerDriver: notifyListener_l(0xf2520c60), (3, 5, 0), loop setting(0, 0)
11-01 23:14:29.100  9419  9544 W AdaptiveDiscoveryWorker: Exiting Adaptive Discovery. Current NetworkInfo is NULL.
11-01 23:14:29.248 12900 12900 E cr_BTSPrefs: No data found for task id: 57
11-01 23:14:29.249 12900 12900 E cr_BkgrdTaskScheduler: Task cannot be canceled because no data was found instorage or data was invalid
11-01 23:14:29.250 12900 12900 E cr_BTSPrefs: No data found for task id: 56
11-01 23:14:29.250 12900 12900 E cr_BkgrdTaskScheduler: Task cannot be canceled because no data was found instorage or data was invalid
11-01 23:14:29.389  9419  9544 W DatabaseProcessor: processLocalDevices: failed to get the network info with non-null bssid.
11-01 23:14:29.492   246 13420 D NuPlayerDriver: notifyListener_l(0xf2520c60), (3, 5, 0), loop setting(0, 0)
11-01 23:14:30.492   246 13420 D NuPlayerDriver: notifyListener_l(0xf2520c60), (3, 6, 0), loop setting(0, 0)
11-01 23:14:31.493   246 13420 D NuPlayerDriver: notifyListener_l(0xf2520c60), (3, 6, 0), loop setting(0, 0)
11-01 23:14:32.494   246 13420 D NuPlayerDriver: notifyListener_l(0xf2520c60), (3, 7, 0), loop setting(0, 0)
11-01 23:14:32.980   246 13425 I ATSParser: discontinuity on stream pid 0x0100
11-01 23:14:32.981   246 13425 I ATSParser: discontinuity on stream pid 0x0101
11-01 23:14:33.318   246 13425 I ATSParser: discontinuity on stream pid 0x0100
11-01 23:14:33.321   246 13425 I ATSParser: discontinuity on stream pid 0x0101
11-01 23:14:33.493   246 13424 I LiveSession: #### Starting Bandwidth Switch: 0 => 2
11-01 23:14:33.494   246 13420 D NuPlayerDriver: notifyListener_l(0xf2520c60), (3, 22, 0), loop setting(0, 0)
11-01 23:14:33.550   246 13425 I ATSParser: discontinuity on stream pid 0x0100
11-01 23:14:33.551   246 13425 I ATSParser: discontinuity on stream pid 0x0101
11-01 23:14:33.885   246 13425 I ESQueue : found something resembling an H.264/MPEG syncword at offset 1
11-01 23:14:33.923   246 13425 I avc_utils: found AVC codec config (854 x 480, Baseline-profile level 3.0) SAR 1280 : 1281
11-01 23:14:33.926   246 13425 I ESQueue : found AAC codec config (44100 Hz, 2 channels)
11-01 23:14:33.945   246 13424 I LiveSession: [timed_id3] i 0 UriIsSameAsIndex newUri false, https://vod.video-cdn.net/F-TUvd9pk8UYjAqC7mYdAm/4312z8mUGRLb5UPsLza27-.aaa,828,596,1656,2356,.mp4.csmil/chunklist_b1656000.m3u8?hdntl=exp=1667427266~acl=/*~data=hdntl~hmac=18f45d142d9a6d6575ed9ed78bfad53f1afdf9ecb66682cd63e3cb323e096544&set-cc-attribute=cc
11-01 23:14:33.946   246 13424 I LiveSession: [timed_id3] i 1 UriIsSameAsIndex newUri false, https://vod.video-cdn.net/F-TUvd9pk8UYjAqC7mYdAm/4312z8mUGRLb5UPsLza27-.aaa,828,596,1656,2356,.mp4.csmil/chunklist_b1656000.m3u8?hdntl=exp=1667427266~acl=/*~data=hdntl~hmac=18f45d142d9a6d6575ed9ed78bfad53f1afdf9ecb66682cd63e3cb323e096544&set-cc-attribute=cc
11-01 23:14:33.946   246 13424 I LiveSession: #### Finished Bandwidth Switch: 0 => 2
11-01 23:14:33.947   246 13420 D NuPlayerDriver: notifyListener_l(0xf2520c60), (3, 10, 0), loop setting(0, 0)
11-01 23:14:34.550   246 13425 I ATSParser: discontinuity on stream pid 0x0100
11-01 23:14:34.554   246 13425 I ATSParser: discontinuity on stream pid 0x0101
11-01 23:14:34.947   246 13424 I LiveSession: #### Starting Bandwidth Switch: 2 => 3
11-01 23:14:34.948   246 13420 D NuPlayerDriver: notifyListener_l(0xf2520c60), (3, 22, 0), loop setting(0, 0)
11-01 23:14:35.003   246 13425 I ATSParser: discontinuity on stream pid 0x0100
11-01 23:14:35.007   246 13425 I ATSParser: discontinuity on stream pid 0x0101
11-01 23:14:35.550   246 13425 I ESQueue : found something resembling an H.264/MPEG syncword at offset 1
11-01 23:14:35.556   246 13425 I avc_utils: found AVC codec config (1280 x 720, Baseline-profile level 3.1)
11-01 23:14:35.568   246 13425 I ESQueue : found AAC codec config (44100 Hz, 2 channels)
11-01 23:14:35.582   246 13424 I LiveSession: [timed_id3] i 0 UriIsSameAsIndex newUri false, https://vod.video-cdn.net/F-TUvd9pk8UYjAqC7mYdAm/4312z8mUGRLb5UPsLza27-.aaa,828,596,1656,2356,.mp4.csmil/chunklist_b2356000.m3u8?hdntl=exp=1667427266~acl=/*~data=hdntl~hmac=18f45d142d9a6d6575ed9ed78bfad53f1afdf9ecb66682cd63e3cb323e096544&set-cc-attribute=cc
11-01 23:14:35.582   246 13424 I LiveSession: [timed_id3] i 1 UriIsSameAsIndex newUri false, https://vod.video-cdn.net/F-TUvd9pk8UYjAqC7mYdAm/4312z8mUGRLb5UPsLza27-.aaa,828,596,1656,2356,.mp4.csmil/chunklist_b2356000.m3u8?hdntl=exp=1667427266~acl=/*~data=hdntl~hmac=18f45d142d9a6d6575ed9ed78bfad53f1afdf9ecb66682cd63e3cb323e096544&set-cc-attribute=cc
11-01 23:14:35.582   246 13424 I LiveSession: #### Finished Bandwidth Switch: 2 => 3
11-01 23:14:35.583   246 13420 D NuPlayerDriver: notifyListener_l(0xf2520c60), (3, 10, 0), loop setting(0, 0)
11-01 23:14:36.184   246 13425 I ATSParser: discontinuity on stream pid 0x0100
11-01 23:14:36.187   246 13425 I ATSParser: discontinuity on stream pid 0x0101
11-01 23:14:36.279 13455 13455 D AndroidRuntime: >>>>>> START com.android.internal.os.RuntimeInit uid 2000 <<<<<<
11-01 23:14:36.283 13455 13455 D AndroidRuntime: CheckJNI is OFF
11-01 23:14:36.363 13455 13455 D ICU     : No timezone override file found: /data/misc/zoneinfo/current/icu/icu_tzdata.dat
11-01 23:14:36.399 13455 13455 I Radio-JNI: register_android_hardware_Radio DONE
11-01 23:14:36.419 13455 13455 D AndroidRuntime: Calling main entry com.android.commands.monkey.Monkey
11-01 23:14:36.497   600   613 W BroadcastQueue: Skipping deliver [background] BroadcastRecord{f096b00 u-1 android.net.conn.CONNECTIVITY_CHANGE} to ReceiverList{79cbf39 13455 (unknown name)/2000/u-1 remote:a744c32}: process crashing
11-01 23:14:36.583   246 13420 D NuPlayerDriver: notifyListener_l(0xf2520c60), (3, 21, 0), loop setting(0, 0)
11-01 23:14:36.708   246 13425 I ATSParser: discontinuity on stream pid 0x0100
11-01 23:14:36.711   246 13425 I ATSParser: discontinuity on stream pid 0x0101
11-01 23:14:37.417   246 13425 I ATSParser: discontinuity on stream pid 0x0100
11-01 23:14:37.421   246 13425 I ATSParser: discontinuity on stream pid 0x0101
11-01 23:14:37.583   246 13420 D NuPlayerDriver: notifyListener_l(0xf2520c60), (3, 30, 0), loop setting(0, 0)
11-01 23:14:37.855   246 13425 I ATSParser: discontinuity on stream pid 0x0100
11-01 23:14:37.934   246 13425 I ATSParser: discontinuity on stream pid 0x0101
11-01 23:14:37.955 13455 13455 D MonkeyStub: translateCommand: wake
11-01 23:14:38.153 13455 13455 D MonkeyStub: translateCommand: tap 273 1877
11-01 23:14:38.584   246 13420 D NuPlayerDriver: notifyListener_l(0xf2520c60), (3, 37, 0), loop setting(0, 0)
11-01 23:14:38.768 12900 12910 I art     : Background sticky concurrent mark sweep GC freed 79825(4MB) AllocSpace objects, 8(156KB) LOS objects, 23% free, 15MB/20MB, paused 6.269ms total 62.268ms
11-01 23:14:39.584   246 13420 D NuPlayerDriver: notifyListener_l(0xf2520c60), (3, 38, 0), loop setting(0, 0)
11-01 23:14:40.584   246 13420 D NuPlayerDriver: notifyListener_l(0xf2520c60), (3, 38, 0), loop setting(0, 0)
11-01 23:14:41.427   246 13420 D NuPlayer: onSetVideoSurface(0x0, have video decoder)
11-01 23:14:41.451   243 13444 D NvOsDebugPrintf: TVMR: TVMRFrameDelivery: 3741: Closing TVMR Frame Delivery Thread -------------
11-01 23:14:41.457   243 13439 D NvOsDebugPrintf: TVMR: NvMMDecTVMRDestroyParser: 4224: NvAvpClose
11-01 23:14:41.458   243 13439 D NvOsDebugPrintf: TVMR: NvMMLiteTVMRDecBlockClose: 5163: Done 
11-01 23:14:41.476   246 13420 W AMessage: failed to post message as target looper for handler 0 is gone.
11-01 23:14:41.478   246   759 D NuPlayerDriver: reset(0xf2520c60) at state 4
11-01 23:14:41.478   246   759 D NuPlayerDriver: notifyListener_l(0xf2520c60), (8, 0, 0), loop setting(0, 0)
11-01 23:14:41.479   246 13437 I NuPlayerDecoder: [OMX.google.aac.decoder] resubmitting CSD
11-01 23:14:41.480   243 13441 I SoftAAC2: Initially configuring decoder: 44100 Hz, 1 channels
11-01 23:14:41.496   246 13420 W AMessage: failed to post message as target looper for handler 0 is gone.
11-01 23:14:41.498   246 13425 W AMessage: failed to deliver message as target handler 402 is gone.
11-01 23:14:41.511   246 13420 D NuPlayerDriver: notifyResetComplete(0xf2520c60)
11-01 23:14:43.223 13455 13455 D MonkeyStub: translateCommand: tap 1195 298
11-01 23:14:43.483   785  1233 E AsyncOperation: serviceID=121, operation=GetLaunchDataOperation [CONTEXT service_id=259 ]
11-01 23:14:43.483   785  1233 E AsyncOperation: OperationException[Status{statusCode=Not an instant app, resolution=null}]
11-01 23:14:43.483   785  1233 E AsyncOperation: 	at aeay.a(:com.google.android.gms@203915020@20.39.15 (040406-335085812):20)
11-01 23:14:43.483   785  1233 E AsyncOperation: 	at aain.run(:com.google.android.gms@203915020@20.39.15 (040406-335085812):7)
11-01 23:14:43.483   785  1233 E AsyncOperation: 	at boex.run(:com.google.android.gms@203915020@20.39.15 (040406-335085812):2)
11-01 23:14:43.483   785  1233 E AsyncOperation: 	at sup.b(:com.google.android.gms@203915020@20.39.15 (040406-335085812):12)
11-01 23:14:43.483   785  1233 E AsyncOperation: 	at sup.run(:com.google.android.gms@203915020@20.39.15 (040406-335085812):7)
11-01 23:14:43.483   785  1233 E AsyncOperation: 	at java.util.concurrent.ThreadPoolExecutor.runWorker(ThreadPoolExecutor.java:1133)
11-01 23:14:43.483   785  1233 E AsyncOperation: 	at java.util.concurrent.ThreadPoolExecutor$Worker.run(ThreadPoolExecutor.java:607)
11-01 23:14:43.483   785  1233 E AsyncOperation: 	at tam.run(:com.google.android.gms@203915020@20.39.15 (040406-335085812):0)
11-01 23:14:43.483   785  1233 E AsyncOperation: 	at java.lang.Thread.run(Thread.java:761)
11-01 23:14:43.650  9419  9544 I DiscoveryManager: Filter criteria(null) scannerFlags(0)
11-01 23:14:43.654  9419  9544 W GuestModeDeviceProber: setFilterCriteria
11-01 23:14:43.958   785  1744 W Icing   : isOptedInForAppHistory: empty Account Name encountered
11-01 23:14:43.980   785  1744 W Icing   : isOptedInForAppHistory: empty Account Name encountered
11-01 23:14:43.991   785  9175 W Icing   : isOptedInForAppHistory: empty Account Name encountered
11-01 23:14:44.163 12900 12900 I cr_tabmodel: Appending tabs being restored to metadata lists, 0, startingNormalCount: 2, startingIncognitoCount: 0
11-01 23:14:44.163 12900 12900 I cr_tabmodel: Serializing tab lists; counts: 2, 0
11-01 23:14:47.454 12900 12900 I cr_tabmodel: Appending tabs being restored to metadata lists, 0, startingNormalCount: 2, startingIncognitoCount: 0
11-01 23:14:47.454 12900 12900 I cr_tabmodel: Serializing tab lists; counts: 2, 0
11-01 23:14:48.107 12900 12900 I cr_tabmodel: Appending tabs being restored to metadata lists, 0, startingNormalCount: 2, startingIncognitoCount: 0
11-01 23:14:48.107 12900 12900 I cr_tabmodel: Serializing tab lists; counts: 2, 0
11-01 23:14:48.261 12900 12900 I cr_tabmodel: Appending tabs being restored to metadata lists, 0, startingNormalCount: 2, startingIncognitoCount: 0
11-01 23:14:48.261 12900 12900 I cr_tabmodel: Serializing tab lists; counts: 2, 0
11-01 23:14:52.533  9419  9919 I Icing   : IndexChimeraService.getServiceInterface callingPackage=com.android.chrome componentName=null serviceId=36
11-01 23:14:52.552  9419  9544 W Icing   : No valid account for uploading user actions
11-01 23:14:52.568  9419  9919 I Icing   : IndexChimeraService.getServiceInterface callingPackage=com.google.android.gms componentName=null serviceId=30
11-01 23:14:52.625  9419  9544 I Icing   : Usage reports ok 1, Failed Usage reports 0, indexed 1, rejected 0
11-01 23:14:52.630  9419  9544 W Icing   : No valid account for uploading user actions
11-01 23:14:52.638  9419  9544 I Icing   : Usage reports ok 0, Failed Usage reports 0, indexed 0, rejected 0
11-01 23:14:52.639  9419  9544 I Icing   : Indexing com.android.chrome-omnibox from com.android.chrome
11-01 23:14:52.669  9419  9544 I Icing   : Indexing done com.android.chrome-omnibox
11-01 23:14:53.274 13455 13455 D MonkeyStub: translateCommand: touch down 614 1561
11-01 23:14:53.282 13455 13455 D MonkeyStub: translateCommand: touch move 614 1561
11-01 23:14:53.391 13455 13455 D MonkeyStub: translateCommand: touch move 614 1436
11-01 23:14:53.500 13455 13455 D MonkeyStub: translateCommand: touch move 614 1311
11-01 23:14:53.613 13455 13455 D MonkeyStub: translateCommand: touch move 614 1186
11-01 23:14:53.656   785  1744 W Icing   : isOptedInForAppHistory: empty Account Name encountered
11-01 23:14:53.668   785  9170 W Icing   : isOptedInForAppHistory: empty Account Name encountered
11-01 23:14:53.722 13455 13455 D MonkeyStub: translateCommand: touch move 614 1061
11-01 23:14:53.841 13455 13455 D MonkeyStub: translateCommand: touch move 614 937
11-01 23:14:53.952 13455 13455 D MonkeyStub: translateCommand: touch move 614 812
11-01 23:14:54.066 13455 13455 D MonkeyStub: translateCommand: touch move 614 687
11-01 23:14:54.173 13455 13455 D MonkeyStub: translateCommand: touch move 614 562
11-01 23:14:54.282 13455 13455 D MonkeyStub: translateCommand: touch move 614 437
11-01 23:14:54.391 13455 13455 D MonkeyStub: translateCommand: touch move 614 312
11-01 23:14:54.399 13455 13455 D MonkeyStub: translateCommand: touch up 614 312
11-01 23:14:54.425 13455 13455 D MonkeyStub: translateCommand: touch down 614 1561
11-01 23:14:54.432 13455 13455 D MonkeyStub: translateCommand: touch move 614 1561
11-01 23:14:54.540 13455 13455 D MonkeyStub: translateCommand: touch move 614 1436
11-01 23:14:54.662 13455 13455 D MonkeyStub: translateCommand: touch move 614 1311
11-01 23:14:54.771 13455 13455 D MonkeyStub: translateCommand: touch move 614 1186
11-01 23:14:54.883 13455 13455 D MonkeyStub: translateCommand: touch move 614 1061
11-01 23:14:54.995 13455 13455 D MonkeyStub: translateCommand: touch move 614 937
11-01 23:14:55.100 13455 13455 D MonkeyStub: translateCommand: touch move 614 812
11-01 23:14:55.204 13455 13455 D MonkeyStub: translateCommand: touch move 614 687
11-01 23:14:55.316 13455 13455 D MonkeyStub: translateCommand: touch move 614 562
11-01 23:14:55.426 13455 13455 D MonkeyStub: translateCommand: touch move 614 437
11-01 23:14:55.536 13455 13455 D MonkeyStub: translateCommand: touch move 614 312
11-01 23:14:55.542 13455 13455 D MonkeyStub: translateCommand: touch up 614 312
11-01 23:14:58.735 13455 13455 D MonkeyStub: translateCommand: touch down 614 312
11-01 23:14:58.753 13455 13455 D MonkeyStub: translateCommand: touch move 614 312
11-01 23:14:58.864 13455 13455 D MonkeyStub: translateCommand: touch move 614 437
11-01 23:14:58.973 13455 13455 D MonkeyStub: translateCommand: touch move 614 562
11-01 23:14:59.076 13455 13455 D MonkeyStub: translateCommand: touch move 614 687
11-01 23:14:59.185 13455 13455 D MonkeyStub: translateCommand: touch move 614 812
11-01 23:14:59.292 13455 13455 D MonkeyStub: translateCommand: touch move 614 937
11-01 23:14:59.423 13455 13455 D MonkeyStub: translateCommand: touch move 614 1061
11-01 23:14:59.531 13455 13455 D MonkeyStub: translateCommand: touch move 614 1186
11-01 23:14:59.642 13455 13455 D MonkeyStub: translateCommand: touch move 614 1311
11-01 23:14:59.754 13455 13455 D MonkeyStub: translateCommand: touch move 614 1436
11-01 23:14:59.865 13455 13455 D MonkeyStub: translateCommand: touch move 614 1561
11-01 23:14:59.883 13455 13455 D MonkeyStub: translateCommand: touch up 614 1561
11-01 23:14:59.915 13455 13455 D MonkeyStub: translateCommand: touch down 614 312
11-01 23:14:59.925 13455 13455 D MonkeyStub: translateCommand: touch move 614 312
11-01 23:14:59.977   198   198 E SELinux : avc:  denied  { find } for service=netd pid=13510 uid=2000 scontext=u:r:shell:s0 tcontext=u:object_r:netd_service:s0 tclass=service_manager permissive=0
11-01 23:14:59.981   198   198 E SELinux : avc:  denied  { find } for service=android.service.gatekeeper.IGateKeeperService pid=13510 uid=2000 scontext=u:r:shell:s0 tcontext=u:object_r:gatekeeper_service:s0 tclass=service_manager permissive=0
11-01 23:15:00.031 13455 13455 D MonkeyStub: translateCommand: touch move 614 437
11-01 23:15:00.142 13455 13455 D MonkeyStub: translateCommand: touch move 614 562
11-01 23:15:00.256 13455 13455 D MonkeyStub: translateCommand: touch move 614 687
11-01 23:15:00.369 13455 13455 D MonkeyStub: translateCommand: touch move 614 812
11-01 23:15:00.477 13455 13455 D MonkeyStub: translateCommand: touch move 614 937
11-01 23:15:00.596 13455 13455 D MonkeyStub: translateCommand: touch move 614 1061
11-01 23:15:00.710 13455 13455 D MonkeyStub: translateCommand: touch move 614 1186
11-01 23:15:00.726   600  8931 I ActivityManager: Start proc 13514:com.android.chrome:sandboxed_process20/u0i110 for service com.android.chrome/org.chromium.content.app.SandboxedProcessService20
11-01 23:15:00.776 13514 13514 W boxed_process20: type=1400 audit(0.0:3587): avc: denied { getattr } for path="/data/data/com.android.chrome" dev="dm-2" ino=12190 scontext=u:r:isolated_app:s0:c512,c768 tcontext=u:object_r:app_data_file:s0:c512,c768 tclass=dir permissive=0
11-01 23:15:00.801 13514 13514 I cr_ChildProcessService: Creating new ChildProcessService pid=13514
11-01 23:15:00.822 13455 13455 D MonkeyStub: translateCommand: touch move 614 1311
11-01 23:15:00.851 13514 13527 I cr_LibraryLoader: Loaded native library version number "85.0.4183.127"
11-01 23:15:00.852 13514 13527 I cr_CachingUmaRecorder: Flushed 1 samples from 1 histograms.
11-01 23:15:00.886 13527 13527 W CrUtilityMain: type=1400 audit(0.0:3588): avc: denied { setattr } for name="LICENSE.txt" dev="dm-2" ino=24109 scontext=u:r:isolated_app:s0:c512,c768 tcontext=u:object_r:app_data_file:s0:c512,c768 tclass=file permissive=0
11-01 23:15:00.890 13527 13527 W CrUtilityMain: type=1400 audit(0.0:3589): avc: denied { setattr } for name=46696C746572696E672052756C6573 dev="dm-2" ino=24060 scontext=u:r:isolated_app:s0:c512,c768 tcontext=u:object_r:app_data_file:s0:c512,c768 tclass=file permissive=0
11-01 23:15:00.890 13527 13527 W CrUtilityMain: type=1400 audit(0.0:3590): avc: denied { setattr } for name="manifest.json" dev="dm-2" ino=24052 scontext=u:r:isolated_app:s0:c512,c768 tcontext=u:object_r:app_data_file:s0:c512,c768 tclass=file permissive=0
11-01 23:15:00.893 13527 13527 W CrUtilityMain: type=1400 audit(0.0:3591): avc: denied { setattr } for name="verified_contents.json" dev="dm-2" ino=24047 scontext=u:r:isolated_app:s0:c512,c768 tcontext=u:object_r:app_data_file:s0:c512,c768 tclass=file permissive=0
11-01 23:15:00.918 13514 13514 I cr_ChildProcessService: Destroying ChildProcessService pid=13514
11-01 23:15:00.919 13514 13527 I chromium: [INFO:child_process_service.cc(69)] ChildProcessService: Exiting child process.
11-01 23:15:00.926 13455 13455 D MonkeyStub: translateCommand: touch move 614 1436
11-01 23:15:00.948   600  1665 I ActivityManager: Process com.android.chrome:sandboxed_process20 (pid 13514) has died
11-01 23:15:00.948   600  1665 D ActivityManager: cleanUpApplicationRecord -- 13514
11-01 23:15:00.952 12900 12900 W chromium: [WARNING:compositor_view.cc(315)] Child process died (type=6) pid=13514)
11-01 23:15:01.034 13455 13455 D MonkeyStub: translateCommand: touch move 614 1561
11-01 23:15:01.044 13455 13455 D MonkeyStub: translateCommand: touch up 614 1561
11-01 23:15:01.845   600  1066 I ActivityManager: Start proc 13533:com.android.chrome:sandboxed_process21/u0i111 for service com.android.chrome/org.chromium.content.app.SandboxedProcessService21
11-01 23:15:01.886 13533 13533 W boxed_process21: type=1400 audit(0.0:3592): avc: denied { getattr } for path="/data/data/com.android.chrome" dev="dm-2" ino=12190 scontext=u:r:isolated_app:s0:c512,c768 tcontext=u:object_r:app_data_file:s0:c512,c768 tclass=dir permissive=0
11-01 23:15:01.910 13533 13533 I cr_ChildProcessService: Creating new ChildProcessService pid=13533
11-01 23:15:01.951 13533 13546 I cr_LibraryLoader: Loaded native library version number "85.0.4183.127"
11-01 23:15:01.952 13533 13546 I cr_CachingUmaRecorder: Flushed 1 samples from 1 histograms.
11-01 23:15:01.986 13546 13546 W CrUtilityMain: type=1400 audit(0.0:3593): avc: denied { setattr } for name="tl_en-us_2022-10-26_484799359_100000_index.bin" dev="dm-2" ino=24345 scontext=u:r:isolated_app:s0:c512,c768 tcontext=u:object_r:app_data_file:s0:c512,c768 tclass=file permissive=0
11-01 23:15:01.986 13546 13546 W CrUtilityMain: type=1400 audit(0.0:3594): avc: denied { setattr } for name="manifest.json" dev="dm-2" ino=24542 scontext=u:r:isolated_app:s0:c512,c768 tcontext=u:object_r:app_data_file:s0:c512,c768 tclass=file permissive=0
11-01 23:15:01.990 13546 13546 W CrUtilityMain: type=1400 audit(0.0:3595): avc: denied { setattr } for name="verified_contents.json" dev="dm-2" ino=24428 scontext=u:r:isolated_app:s0:c512,c768 tcontext=u:object_r:app_data_file:s0:c512,c768 tclass=file permissive=0
11-01 23:15:01.998 13533 13546 I chromium: [INFO:child_process_service.cc(69)] ChildProcessService: Exiting child process.
11-01 23:15:02.003   197   197 E lowmemorykiller: Error writing /proc/13533/oom_score_adj; errno=22
11-01 23:15:02.016   600  1484 I ActivityManager: Process com.android.chrome:sandboxed_process21 (pid 13533) has died
11-01 23:15:02.016   600  1484 D ActivityManager: cleanUpApplicationRecord -- 13533
11-01 23:15:02.018 12900 12900 W chromium: [WARNING:compositor_view.cc(315)] Child process died (type=6) pid=13533)
11-01 23:15:03.113 13455 13455 D MonkeyStub: translateCommand: tap 158 750
11-01 23:15:03.183   600 28743 I ActivityManager: Start proc 13550:com.android.chrome:sandboxed_process22/u0i112 for service com.android.chrome/org.chromium.content.app.SandboxedProcessService22
11-01 23:15:03.293   785  1233 E AsyncOperation: serviceID=121, operation=GetLaunchDataOperation [CONTEXT service_id=259 ]
11-01 23:15:03.293   785  1233 E AsyncOperation: OperationException[Status{statusCode=Not an instant app, resolution=null}]
11-01 23:15:03.293   785  1233 E AsyncOperation: 	at aeay.a(:com.google.android.gms@203915020@20.39.15 (040406-335085812):20)
11-01 23:15:03.293   785  1233 E AsyncOperation: 	at aain.run(:com.google.android.gms@203915020@20.39.15 (040406-335085812):7)
11-01 23:15:03.293   785  1233 E AsyncOperation: 	at boex.run(:com.google.android.gms@203915020@20.39.15 (040406-335085812):2)
11-01 23:15:03.293   785  1233 E AsyncOperation: 	at sup.b(:com.google.android.gms@203915020@20.39.15 (040406-335085812):12)
11-01 23:15:03.293   785  1233 E AsyncOperation: 	at sup.run(:com.google.android.gms@203915020@20.39.15 (040406-335085812):7)
11-01 23:15:03.293   785  1233 E AsyncOperation: 	at java.util.concurrent.ThreadPoolExecutor.runWorker(ThreadPoolExecutor.java:1133)
11-01 23:15:03.293   785  1233 E AsyncOperation: 	at java.util.concurrent.ThreadPoolExecutor$Worker.run(ThreadPoolExecutor.java:607)
11-01 23:15:03.293   785  1233 E AsyncOperation: 	at tam.run(:com.google.android.gms@203915020@20.39.15 (040406-335085812):0)
11-01 23:15:03.293   785  1233 E AsyncOperation: 	at java.lang.Thread.run(Thread.java:761)
11-01 23:15:03.330 13550 13550 W boxed_process22: type=1400 audit(0.0:3596): avc: denied { getattr } for path="/data/data/com.android.chrome" dev="dm-2" ino=12190 scontext=u:r:isolated_app:s0:c512,c768 tcontext=u:object_r:app_data_file:s0:c512,c768 tclass=dir permissive=0
11-01 23:15:03.394 13550 13550 I cr_ChildProcessService: Creating new ChildProcessService pid=13550
11-01 23:15:03.468 13550 13563 I cr_LibraryLoader: Loaded native library version number "85.0.4183.127"
11-01 23:15:03.469 13550 13563 I cr_CachingUmaRecorder: Flushed 1 samples from 1 histograms.
11-01 23:15:03.500 13563 13563 W CrUtilityMain: type=1400 audit(0.0:3597): avc: denied { setattr } for name="optimization-hints.pb" dev="dm-2" ino=24252 scontext=u:r:isolated_app:s0:c512,c768 tcontext=u:object_r:app_data_file:s0:c512,c768 tclass=file permissive=0
11-01 23:15:03.503 13563 13563 W CrUtilityMain: type=1400 audit(0.0:3598): avc: denied { setattr } for name="manifest.json" dev="dm-2" ino=24237 scontext=u:r:isolated_app:s0:c512,c768 tcontext=u:object_r:app_data_file:s0:c512,c768 tclass=file permissive=0
11-01 23:15:03.506 13563 13563 W CrUtilityMain: type=1400 audit(0.0:3599): avc: denied { setattr } for name="verified_contents.json" dev="dm-2" ino=24219 scontext=u:r:isolated_app:s0:c512,c768 tcontext=u:object_r:app_data_file:s0:c512,c768 tclass=file permissive=0
11-01 23:15:03.518 13550 13563 I chromium: [INFO:child_process_service.cc(69)] ChildProcessService: Exiting child process.
11-01 23:15:03.544   600  8931 I ActivityManager: Process com.android.chrome:sandboxed_process22 (pid 13550) has died
11-01 23:15:03.544   600  8931 D ActivityManager: cleanUpApplicationRecord -- 13550
11-01 23:15:03.560 12900 12900 W chromium: [WARNING:compositor_view.cc(315)] Child process died (type=6) pid=13550)
11-01 23:15:04.078   785  1684 W Icing   : isOptedInForAppHistory: empty Account Name encountered
11-01 23:15:04.088   785  1684 W Icing   : isOptedInForAppHistory: empty Account Name encountered
11-01 23:15:04.117   785  9175 W Icing   : isOptedInForAppHistory: empty Account Name encountered
11-01 23:15:04.201 12900 12900 I cr_tabmodel: Appending tabs being restored to metadata lists, 0, startingNormalCount: 2, startingIncognitoCount: 0
11-01 23:15:04.201 12900 12900 I cr_tabmodel: Serializing tab lists; counts: 2, 0
11-01 23:15:05.093   600  1068 I ActivityManager: Start proc 13568:com.android.chrome:sandboxed_process23/u0i113 for service com.android.chrome/org.chromium.content.app.SandboxedProcessService23
11-01 23:15:05.140 13568 13568 W boxed_process23: type=1400 audit(0.0:3600): avc: denied { getattr } for path="/data/data/com.android.chrome" dev="dm-2" ino=12190 scontext=u:r:isolated_app:s0:c512,c768 tcontext=u:object_r:app_data_file:s0:c512,c768 tclass=dir permissive=0
11-01 23:15:05.190 13568 13568 I cr_ChildProcessService: Creating new ChildProcessService pid=13568
11-01 23:15:05.269 13568 13581 I cr_LibraryLoader: Loaded native library version number "85.0.4183.127"
