10-31 23:47:01.977 12113 12113 D MonkeyStub: translateCommand: touch move 614 687
10-31 23:47:02.087 12113 12113 D MonkeyStub: translateCommand: touch move 614 562
10-31 23:47:02.209 12113 12113 D MonkeyStub: translateCommand: touch move 614 437
10-31 23:47:02.321 12113 12113 D MonkeyStub: translateCommand: touch move 614 312
10-31 23:47:02.326 12113 12113 D MonkeyStub: translateCommand: touch up 614 312
10-31 23:47:02.343 12113 12113 D MonkeyStub: Quit requested
10-31 23:47:02.389 12113 12113 I art     : System.exit called, status: 110
10-31 23:47:02.389 12113 12113 I AndroidRuntime: VM exiting with result code 110.
10-31 23:47:02.401   600   614 I CwMcuSensor: CwMcuSensor::flush: fd = 254, sensors_id = 0, path = /sys/class/htc_sensorhub/sensor_hub/flush, err = 0
10-31 23:47:02.460   600  1076 W WindowManager: Attempted to remove non-existing token: android.os.Binder@a53f65
10-31 23:47:03.920   600  6312 I ActivityManager: Process com.google.android.gms (pid 17650) has died
10-31 23:47:03.920   600  6312 D ActivityManager: cleanUpApplicationRecord -- 17650
10-31 23:47:14.152   600   609 I art     : Background partial concurrent mark sweep GC freed 75426(3MB) AllocSpace objects, 13(276KB) LOS objects, 33% free, 17MB/25MB, paused 1.417ms total 200.532ms
10-31 23:47:18.646 12203 12203 D AndroidRuntime: >>>>>> START com.android.internal.os.RuntimeInit uid 2000 <<<<<<
10-31 23:47:18.653 12203 12203 D AndroidRuntime: CheckJNI is OFF
10-31 23:47:18.800 12203 12203 D ICU     : No timezone override file found: /data/misc/zoneinfo/current/icu/icu_tzdata.dat
10-31 23:47:18.848 12203 12203 I Radio-JNI: register_android_hardware_Radio DONE
10-31 23:47:18.876 12203 12203 D AndroidRuntime: Calling main entry com.android.commands.am.Am
10-31 23:47:18.897   600 27731 I ActivityManager: Force stopping com.opera.browser appid=10122 user=0: from pid 12203
10-31 23:47:18.897   600 27731 I ActivityManager: Killing 11786:com.opera.browser:privileged_process0/u0a122 (adj 0): stop com.opera.browser
10-31 23:47:18.898   600 27731 D ActivityManager: cleanUpApplicationRecord -- 11786
10-31 23:47:18.898   600 27731 W ActivityManager: Scheduling restart of crashed service com.opera.browser/com.opera.android.browser.chromium.services.PrivilegedProcessService0 in 1000ms
10-31 23:47:18.898   600 27731 I ActivityManager: Killing 11646:com.opera.browser/u0a122 (adj 0): stop com.opera.browser
10-31 23:47:18.899   600 27731 D ActivityManager: cleanUpApplicationRecord -- 11646
10-31 23:47:18.902   600 27731 W ActivityManager: Force removing ActivityRecord{da69ce0 u0 com.opera.browser/com.opera.android.BrowserActivity t2496}: app died, no saved state
10-31 23:47:18.942   600 27731 I ActivityManager: Killing 12060:com.opera.browser:sandboxed_process0/u0a122 (adj 0): stop com.opera.browser
10-31 23:47:18.943   600 27731 D ActivityManager: cleanUpApplicationRecord -- 12060
10-31 23:47:18.944 12203 12203 D AndroidRuntime: Shutting down VM
10-31 23:47:19.014  1061  1061 D RegisteredNfcFServicesCache: Service unchanged, not updating
10-31 23:47:19.056   600   611 D GraphicsStats: Buffer count: 2
10-31 23:47:19.057   600   707 D ConnectivityService: ConnectivityService NetworkRequestInfo binderDied(NetworkRequest [ LISTEN id=2171, [ Capabilities: INTERNET&NOT_RESTRICTED&TRUSTED&FOREGROUND] ], android.os.BinderProxy@45cd2db)
10-31 23:47:19.058   600 29683 D ConnectivityService: ConnectivityService NetworkRequestInfo binderDied(NetworkRequest [ LISTEN id=2172, [ Capabilities: INTERNET&NOT_RESTRICTED&TRUSTED&FOREGROUND] ], android.os.BinderProxy@426b178)
10-31 23:47:19.077   600   649 E ConnectivityService: RemoteException caught trying to send a callback msg for NetworkRequest [ LISTEN id=2172, [ Capabilities: INTERNET&NOT_RESTRICTED&TRUSTED&FOREGROUND] ]
10-31 23:47:19.078   600   649 E ConnectivityService: RemoteException caught trying to send a callback msg for NetworkRequest [ LISTEN id=2171, [ Capabilities: INTERNET&NOT_RESTRICTED&TRUSTED&FOREGROUND] ]
10-31 23:47:19.107 18269 18304 I OpenGLRenderer: Initialized EGL, version 1.4
10-31 23:47:19.107 18269 18304 D OpenGLRenderer: Swap behavior 2
10-31 23:47:19.158   600 10249 I ActivityManager: Start proc 12218:com.google.android.googlequicksearchbox:search/u0a24 for service com.google.android.googlequicksearchbox/com.google.android.apps.gsa.search.core.service.SearchService
10-31 23:47:19.523 12218 12218 I art     : Starting a blocking GC AddRemoveAppImageSpace
10-31 23:47:19.626 12215 12215 D AndroidRuntime: >>>>>> START com.android.internal.os.RuntimeInit uid 2000 <<<<<<
10-31 23:47:19.630 12215 12215 D AndroidRuntime: CheckJNI is OFF
10-31 23:47:19.683 18269 18304 W OpenGLRenderer: Incorrectly called buildLayer on View: ShortcutAndWidgetContainer, destroying layer...
10-31 23:47:19.716 12215 12215 D ICU     : No timezone override file found: /data/misc/zoneinfo/current/icu/icu_tzdata.dat
10-31 23:47:19.755 12215 12215 I Radio-JNI: register_android_hardware_Radio DONE
10-31 23:47:19.774 12215 12215 D AndroidRuntime: Calling main entry com.android.commands.pm.Pm
10-31 23:47:19.794   600  7064 I ActivityManager: Force stopping com.opera.browser appid=10122 user=0: clear data
10-31 23:47:19.799   600   613 I ActivityManager: Force stopping com.opera.browser appid=10122 user=-1: clearApplicationUserData
10-31 23:47:20.003   600 29683 I ActivityManager: Start proc 12253:com.google.process.gapps/u0a8 for content provider com.google.android.gsf/.gservices.GservicesProvider
10-31 23:47:20.015   600   707 I ActivityManager: Start proc 12264:com.google.android.partnersetup/u0a12 for content provider com.google.android.partnersetup/.RlzAppProvider
10-31 23:47:20.056 12253 12253 I art     : Starting a blocking GC AddRemoveAppImageSpace
10-31 23:47:20.057 12253 12253 W System  : ClassLoader referenced unknown path: /system/priv-app/GoogleServicesFramework/lib/arm64
10-31 23:47:20.074 12264 12264 I art     : Starting a blocking GC AddRemoveAppImageSpace
10-31 23:47:20.076 12264 12264 W System  : ClassLoader referenced unknown path: /system/priv-app/GooglePartnerSetup/lib/arm64
10-31 23:47:20.109 12253 12253 I GservicesProvider: Gservices pushing to system: true; secure/global: true
10-31 23:47:20.204 12253 12253 I GoogleHttpClient: GMS http client unavailable, use old client
10-31 23:47:20.256 12218 12229 I AttachedClient: Adding client event 2 to pending list.
10-31 23:47:20.318 12218 12218 I OptInState: There is a new client and it does not support opt-in. Dropping request.
10-31 23:47:20.363 12218 12228 I art     : Background partial concurrent mark sweep GC freed 7819(546KB) AllocSpace objects, 1(20KB) LOS objects, 39% free, 4MB/6MB, paused 6.647ms total 60.018ms
10-31 23:47:20.387 12218 12218 I MicroDetectionWorker: Micro detection mode: [mDetectionMode: [1]].
10-31 23:47:20.409 12218 12292 I GsaNativeCrashHandler: Loaded shared library: nativecrashreporter
10-31 23:47:20.426 12218 12292 I MicroDataManager: Created a new hotword model for:
10-31 23:47:20.426 12218 12292 I MicroDataManager: # com.google.android.apps.gsa.speech.microdetection.g@36410d17
10-31 23:47:20.427 12218 12294 I MicroRecognitionRunner: Starting detection.
10-31 23:47:20.428 12218 12252 I MicrophoneInputStream: mic_starting com.google.android.apps.gsa.speech.audio.ae@5f07dc1
10-31 23:47:20.443   238 12296 I AudioFlinger: AudioFlinger's thread 0xef692600 ready to run
10-31 23:47:20.455   238   285 I SoundTriggerHwService::Module: void android::SoundTriggerHwService::Module::onCallbackEvent(const sp<android::SoundTriggerHwService::CallbackEvent> &) mClient == 0
10-31 23:47:20.457 12218 12252 I MicrophoneInputStream: mic_started com.google.android.apps.gsa.speech.audio.ae@5f07dc1
10-31 23:47:20.488   600   625 I ActivityManager: Start proc 12297:com.android.defcontainer/u0a4 for service com.android.defcontainer/.DefaultContainerService
10-31 23:47:20.553 12215 12215 I art     : System.exit called, status: 0
10-31 23:47:20.554 12215 12215 I AndroidRuntime: VM exiting with result code 0.
10-31 23:47:20.560   787   787 I GeofencerStateMachine: removeGeofences: removeRequest=RemoveGeofencingRequest[REMOVE_ALL packageName=com.opera.browser]
10-31 23:47:20.583   600   612 W ResourceType: No known package when getting value for resource number 0x7f100007
10-31 23:47:20.583   600   612 W ResourceType: No known package when getting value for resource number 0x7f13090c
10-31 23:47:20.588   600   612 W ResourceType: No known package when getting value for resource number 0x7f100005
10-31 23:47:20.588   600   612 W ResourceType: No known package when getting value for resource number 0x7f13090a
10-31 23:47:20.588   600   612 W ResourceType: No known package when getting value for resource number 0x7f100004
10-31 23:47:20.588   600   612 W ResourceType: No known package when getting value for resource number 0x7f130909
10-31 23:47:20.588   600   612 W ResourceType: No known package when getting value for resource number 0x7f100006
10-31 23:47:20.588   600   612 W ResourceType: No known package when getting value for resource number 0x7f13090b
10-31 23:47:20.613   600   613 I ActivityManager: Start proc 12312:com.android.chrome/u0a35 for broadcast com.android.chrome/org.chromium.chrome.browser.browserservices.ClientAppBroadcastReceiver
10-31 23:47:20.616  1061  1061 D RegisteredNfcFServicesCache: Service unchanged, not updating
10-31 23:47:20.647 12218 12218 I MicroDetectionWorker: onReady
10-31 23:47:21.245   600   610 I ActivityManager: Start proc 12333:com.android.documentsui/u0a40 for broadcast com.android.documentsui/.PackageReceiver
10-31 23:47:21.280 12333 12333 I art     : Starting a blocking GC AddRemoveAppImageSpace
10-31 23:47:21.282 12333 12333 W System  : ClassLoader referenced unknown path: /system/priv-app/DocumentsUI/lib/arm64
10-31 23:47:21.332   600   611 I ActivityManager: Start proc 12349:com.google.android.gms/u0a8 for service com.google.android.gms/.chimera.GmsIntentOperationService
10-31 23:47:21.392   787 12363 I Fitness : FitCleanupIntentOperation received Intent android.intent.action.PACKAGE_DATA_CLEARED [CONTEXT service_id=17 ]
10-31 23:47:21.483 12349 12349 W ResourceType: ResTable_typeSpec entry count inconsistent: given 67, previously 69
10-31 23:47:21.483 12349 12349 W ResourceType: ResTable_typeSpec entry count inconsistent: given 5346, previously 5347
10-31 23:47:21.917 12349 12349 W ResourceType: ResTable_typeSpec entry count inconsistent: given 67, previously 69
10-31 23:47:21.917 12349 12349 W ResourceType: ResTable_typeSpec entry count inconsistent: given 5346, previously 5347
10-31 23:47:22.009 12349 12349 W ProviderHelper: Unknown dynamite feature providerinstaller
10-31 23:47:22.010 12349 12349 I DynamiteModule: Considering local module com.google.android.gms.providerinstaller:1 and remote module com.google.android.gms.providerinstaller:0
10-31 23:47:22.010 12349 12349 I DynamiteModule: Selected local version of com.google.android.gms.providerinstaller
10-31 23:47:22.035 12349 12349 V NativeCrypto: Registering com/google/android/gms/org/conscrypt/NativeCrypto's 288 native methods...
10-31 23:47:22.094 12349 12349 D NetworkSecurityConfig: Using Network Security Config from resource network_security_config debugBuild: false
10-31 23:47:22.101 12349 12349 I ProviderInstaller: Installed default security provider GmsCore_OpenSSL
10-31 23:47:22.101 12349 12349 I Safeboot: Checking safeboot...
10-31 23:47:22.103 12349 12349 I Safeboot: Not entering safeboot; wrong process.
10-31 23:47:22.252 12349 12349 I Watchcat: Started
10-31 23:47:22.265 12349 12349 I GMS_MM_Logger: Started.
10-31 23:47:22.266 12349 12349 I bfrm    : Primes not initialized, returning default (no-op) Primes instance which will ignore all calls. Please call Primes.initialize(...) before using any Primes API.
10-31 23:47:22.383 12349 12359 W art     : Suspending all threads took: 8.476ms
10-31 23:47:22.447 12349 12381 I Icing   : Using regular flags by method 2
10-31 23:47:22.571 12349 12387 I Icing   : Storage manager: low false usage 2.00MB avail 5.36GB capacity 11.05GB
10-31 23:47:22.645 12349 12387 W native  : model-utils.cc:15 No CRC32, most likely an old model; skip CRC32 check
10-31 23:47:22.653 12349 12387 E native  : model-utils.cc:38 Not a valid Model flatbuffer
10-31 23:47:22.653 12349 12387 E native  : model-provider-from-fb.cc:102 Unable to initialize ModelProviderFromFlatbuffer
10-31 23:47:22.653 12349 12387 I native  : model-api.cc:45 Registered model under key tmp-segmentation-model
10-31 23:47:22.707 12349 12387 I native  : permission-checker.cc:74 Creating PermissionChecker based on ACL with config_version 1 having 9 permissions defined.
10-31 23:47:22.714 12349 12387 W native  : words-map.cc:30 INVALID_ARGUMENT: Empty URI
10-31 23:47:22.714 12349 12387 W native  : words-map.cc:34 WordsMap was not properly initialized
10-31 23:47:22.757 12349 12349 W ModuleManager: Unable to get current module's fulfilled APIs in ModuleManager created with non-module Context
10-31 23:47:22.817 12349 12397 I Icing   : IndexChimeraService.getServiceInterface callingPackage=com.google.android.gms componentName=null serviceId=30
10-31 23:47:22.821 12349 12382 I DynamiteModule: Considering local module com.google.android.gms.googlecertificates:6 and remote module com.google.android.gms.googlecertificates:6
10-31 23:47:22.821 12349 12382 I DynamiteModule: Selected local version of com.google.android.gms.googlecertificates
10-31 23:47:22.833 12349 12398 I Icing   : IndexChimeraService.getServiceInterface callingPackage=com.google.android.gms componentName=null serviceId=36
10-31 23:47:22.854   600 13558 I ActivityManager: Start proc 12399:android.process.acore/u0a3 for content provider com.android.providers.contacts/.ContactsProvider2
10-31 23:47:22.892 12399 12399 W System  : ClassLoader referenced unknown path: /system/priv-app/ContactsProvider/lib/arm64
10-31 23:47:22.936 12349 12387 I Icing   : doRemovePackageData com.google.android.gm
10-31 23:47:22.969 12399 12399 I ContactsPerf: VoicemailContentProvider.onCreate start
10-31 23:47:22.980 12399 12399 I ContactsPerf: VoicemailContentProvider.onCreate finish
10-31 23:47:22.991 12399 12399 W System  : ClassLoader referenced unknown path: /system/priv-app/BlockedNumberProvider/lib/arm64
10-31 23:47:22.993 12399 12399 D ApplicationLoaders: ignored Vulkan layer search path /system/priv-app/BlockedNumberProvider/lib/arm64:/system/lib64:/vendor/lib64 for namespace 0x7f9ac3d0f0
10-31 23:47:23.002 12349 12387 I Icing   : updateResources: need to parse acol{com.google.android.gms}
10-31 23:47:23.011 12399 12399 W System  : ClassLoader referenced unknown path: /system/app/UserDictionaryProvider/lib/arm64
10-31 23:47:23.013 12399 12399 D ApplicationLoaders: ignored Vulkan layer search path /system/app/UserDictionaryProvider/lib/arm64:/system/lib64:/vendor/lib64 for namespace 0x7f9ac3d160
10-31 23:47:23.157 12399 12413 I ContactLocale: AddressBook Labels [[en_US]]: […, A, B, C, D, E, F, G, H, I, J, K, L, M, N, O, P, Q, R, S, T, U, V, W, X, Y, Z, Α, Β, Γ, Δ, Ε, Ζ, Η, Θ, Ι, Κ, Λ, Μ, Ν, Ξ, Ο, Π, Ρ, Σ, Τ, Υ, Φ, Χ, Ψ, Ω, …, А, Б, В, Г, Д, Ђ, Е, Є, Ж, З, И, І, Й, Ј, К, Л, Љ, М, Н, Њ, О, П, Р, С, Т, Ћ, У, Ф, Х, Ц, Ч, Џ, Ш, Щ, Ю, Я, …, א, ב, ג, ד, ה, ו, ז, ח, ט, י, כ, ל, מ, נ, ס, ע, פ, צ, ק, ר, ש, ת, …, ا, ب, ت, ث, ج, ح, خ, د, ذ, ر, ز, س, ش, ص, ض, ط, ظ, ع, غ, ف, ق, ك, ل, م, ن, ه, و, ي, …, ก, ข, ฃ, ค, ฅ, ฆ, ง, จ, ฉ, ช, ซ, ฌ, ญ, ฎ, ฏ, ฐ, ฑ, ฒ, ณ, ด, ต, ถ, ท, ธ, น, บ, ป, ผ, ฝ, พ, ฟ, ภ, ม, ย, ร, ฤ, ล, ฦ, ว, ศ, ษ, ส, ห, ฬ, อ, ฮ, …, ㄱ, ㄴ, ㄷ, ㄹ, ㅁ, ㅂ, ㅅ, ㅇ, ㅈ, ㅊ, ㅋ, ㅌ, ㅍ, ㅎ, …, あ, か, さ, た, な, は, ま, や, ら, わ, #, …]
10-31 23:47:23.162   787   802 W SQLiteConnectionPool: A SQLiteConnection object for database '/data/user/0/com.google.android.gms/databases/metadata.db' was leaked!  Please fix your application to end transactions in progress properly and to close the database when it is no longer needed.
10-31 23:47:23.165   787  1259 W GmsStrictMode: LEAKED_CLOSABLE [CONTEXT service_id=256 ]
10-31 23:47:23.165   787  1259 W GmsStrictMode: rvo: LEAKED_CLOSABLE
10-31 23:47:23.165   787  1259 W GmsStrictMode: 	at dalvik.system.VMStack.getThreadStackTrace(Native Method)
10-31 23:47:23.165   787  1259 W GmsStrictMode: 	at java.lang.Thread.getStackTrace(Thread.java:1566)
10-31 23:47:23.165   787  1259 W GmsStrictMode: 	at bhdb.containsKey(:com.google.android.gms@203915020@20.39.15 (040406-335085812):1)
10-31 23:47:23.165   787  1259 W GmsStrictMode: 	at android.os.StrictMode.onVmPolicyViolation(StrictMode.java:1867)
10-31 23:47:23.165   787  1259 W GmsStrictMode: 	at android.os.StrictMode.onVmPolicyViolation(StrictMode.java:1844)
10-31 23:47:23.165   787  1259 W GmsStrictMode: 	at android.os.StrictMode$AndroidCloseGuardReporter.report(StrictMode.java:1590)
10-31 23:47:23.165   787  1259 W GmsStrictMode: 	at dalvik.system.CloseGuard.warnIfOpen(CloseGuard.java:208)
10-31 23:47:23.165   787  1259 W GmsStrictMode: 	at android.database.sqlite.SQLiteConnection.dispose(SQLiteConnection.java:231)
10-31 23:47:23.165   787  1259 W GmsStrictMode: 	at android.database.sqlite.SQLiteConnection.finalize(SQLiteConnection.java:180)
10-31 23:47:23.165   787  1259 W GmsStrictMode: 	at java.lang.Daemons$FinalizerDaemon.doFinalize(Daemons.java:222)
10-31 23:47:23.165   787  1259 W GmsStrictMode: 	at java.lang.Daemons$FinalizerDaemon.run(Daemons.java:209)
10-31 23:47:23.165   787  1259 W GmsStrictMode: 	at java.lang.Thread.run(Thread.java:761)
10-31 23:47:23.353   787 11832 I NetworkScheduler.Stats: Task com.google.android.gms/com.google.android.gms.icing.proxy.IcingInternalCorporaUpdateService started execution. cause:9 exec_start_elapsed_seconds: 208491 [CONTEXT service_id=218 ]
10-31 23:47:23.353 12349 12387 I Icing   : Internal init done: storage state 0
10-31 23:47:23.365 12349 12398 I Icing   : IndexChimeraService.getServiceInterface callingPackage=com.google.android.gms componentName=AppsCorpus serviceId=36
10-31 23:47:23.366 12349 12398 I Icing   : IndexChimeraService.getServiceInterface callingPackage=com.google.android.gms componentName=AppsCorpus serviceId=32
10-31 23:47:23.465   787  3168 I NetworkScheduler.Stats: Task com.google.android.gms/com.google.android.gms.icing.proxy.IcingInternalCorporaUpdateService finished executing. cause:9 result: 1 elapsed_millis: 146 uptime_millis: 146 exec_start_elapsed_seconds: 208491 [CONTEXT service_id=218 ]
10-31 23:47:23.486 12349 12387 I Icing   : Post-init done
10-31 23:47:23.487 12349 12387 I Icing   : doRemovePackageData com.opera.browser
10-31 23:47:23.531 12349 12387 W Icing   : No valid account for uploading user actions
10-31 23:47:23.621 12349 12387 I Icing   : Usage reports ok 1, Failed Usage reports 0, indexed 0, rejected 0
10-31 23:47:23.627 12349 12387 W Icing   : No valid account for uploading user actions
10-31 23:47:23.637 12349 12387 I Icing   : Usage reports ok 0, Failed Usage reports 0, indexed 0, rejected 0
10-31 23:47:23.639 12349 12387 W Icing   : No valid account for uploading user actions
10-31 23:47:23.646 12349 12387 I Icing   : Usage reports ok 0, Failed Usage reports 0, indexed 0, rejected 0
10-31 23:47:23.649 12349 12387 W Icing   : No valid account for uploading user actions
10-31 23:47:23.663 12349 12387 I Icing   : Usage reports ok 0, Failed Usage reports 0, indexed 0, rejected 0
