10-31 15:58:09.491 30636 30762 I Icing   : Usage reports ok 0, Failed Usage reports 0, indexed 0, rejected 0
10-31 15:58:09.493 30636 30762 I Icing   : Indexing com.android.chrome-omnibox from com.android.chrome
10-31 15:58:09.553 30636 31042 I Icing   : Indexing done com.android.chrome-omnibox
10-31 15:58:10.515   787   806 W Icing   : isOptedInForAppHistory: empty Account Name encountered
10-31 15:58:10.526   787 31873 W Icing   : isOptedInForAppHistory: empty Account Name encountered
10-31 15:58:10.984 32028 32028 I cr_tabmodel: Appending tabs being restored to metadata lists, 0, startingNormalCount: 2, startingIncognitoCount: 0
10-31 15:58:10.984 32028 32028 I cr_tabmodel: Serializing tab lists; counts: 2, 0
10-31 15:58:11.186   787 23224 W Icing   : isOptedInForAppHistory: empty Account Name encountered
10-31 15:58:11.202   787 23224 W Icing   : isOptedInForAppHistory: empty Account Name encountered
10-31 15:58:11.237   787 29650 W Icing   : isOptedInForAppHistory: empty Account Name encountered
10-31 15:58:11.707 32028 32028 I cr_tabmodel: Appending tabs being restored to metadata lists, 0, startingNormalCount: 2, startingIncognitoCount: 0
10-31 15:58:11.707 32028 32028 I cr_tabmodel: Serializing tab lists; counts: 2, 0
10-31 15:58:11.897 32028 32028 I cr_tabmodel: Appending tabs being restored to metadata lists, 0, startingNormalCount: 2, startingIncognitoCount: 0
10-31 15:58:11.897 32028 32028 I cr_tabmodel: Serializing tab lists; counts: 2, 0
10-31 15:58:13.028   406   406 D AndroidRuntime: >>>>>> START com.android.internal.os.RuntimeInit uid 2000 <<<<<<
10-31 15:58:13.069   406   406 D AndroidRuntime: CheckJNI is OFF
10-31 15:58:13.274   406   406 D ICU     : No timezone override file found: /data/misc/zoneinfo/current/icu/icu_tzdata.dat
10-31 15:58:13.354   406   406 I Radio-JNI: register_android_hardware_Radio DONE
10-31 15:58:13.384   406   406 D AndroidRuntime: Calling main entry com.android.commands.am.Am
10-31 15:58:13.404   600   610 I ActivityManager: Force stopping com.android.chrome appid=10035 user=0: from pid 406
10-31 15:58:13.404   600   610 I ActivityManager: Killing 32089:com.android.chrome:privileged_process0/u0a35 (adj 0): stop com.android.chrome
10-31 15:58:13.404   600   610 D ActivityManager: cleanUpApplicationRecord -- 32089
10-31 15:58:13.405   600   610 W ActivityManager: Scheduling restart of crashed service com.android.chrome/org.chromium.content.app.PrivilegedProcessService0 in 1000ms
10-31 15:58:13.405   600   610 I ActivityManager: Killing 32028:com.android.chrome/u0a35 (adj 0): stop com.android.chrome
10-31 15:58:13.405   600   610 D ActivityManager: cleanUpApplicationRecord -- 32028
10-31 15:58:13.407   600   610 I ActivityManager: Killing 32062:com.android.chrome:sandboxed_process0/u0a35i622 (adj 0): isolated not needed
10-31 15:58:13.408   600   610 W ActivityManager: Force removing ActivityRecord{79f4b7d u0 com.android.chrome/com.google.android.apps.chrome.Main t2397}: app died, no saved state
10-31 15:58:13.427   600   610 I ActivityManager: Killing 32385:com.android.chrome:sandboxed_process13/u0a35i635 (adj 0): isolated not needed
10-31 15:58:13.441   406   406 D AndroidRuntime: Shutting down VM
10-31 15:58:13.475 18269 18304 I OpenGLRenderer: Initialized EGL, version 1.4
10-31 15:58:13.475 18269 18304 D OpenGLRenderer: Swap behavior 2
10-31 15:58:13.500   600  3507 E JavaBinder: !!! FAILED BINDER TRANSACTION !!!  (parcel size = 104)
10-31 15:58:13.507  1061  1061 D RegisteredNfcFServicesCache: Service unchanged, not updating
10-31 15:58:13.517   600  3507 W InputMethodManagerService: Got RemoteException sending setActive(false) notification to pid 32028 uid 10035
10-31 15:58:13.517   600  3507 E JavaBinder: !!! FAILED BINDER TRANSACTION !!!  (parcel size = 108)
10-31 15:58:13.536   600  1081 D ConnectivityService: ConnectivityService NetworkRequestInfo binderDied(NetworkRequest [ LISTEN id=2010, [ Capabilities: INTERNET&NOT_RESTRICTED&TRUSTED&FOREGROUND] ], android.os.BinderProxy@74a9da7)
10-31 15:58:13.536   600  1081 D ConnectivityService: ConnectivityService NetworkRequestInfo binderDied(NetworkRequest [ LISTEN id=2011, [ Capabilities: INTERNET&NOT_RESTRICTED&TRUSTED&FOREGROUND] ], android.os.BinderProxy@cf83254)
10-31 15:58:13.536   600  1081 D ConnectivityService: ConnectivityService NetworkRequestInfo binderDied(NetworkRequest [ LISTEN id=2012, [ Capabilities: INTERNET&NOT_RESTRICTED&TRUSTED&FOREGROUND] ], android.os.BinderProxy@5fb35fd)
10-31 15:58:13.537   600  1081 D GraphicsStats: Buffer count: 2
10-31 15:58:13.539   600   649 E ConnectivityService: RemoteException caught trying to send a callback msg for NetworkRequest [ LISTEN id=2010, [ Capabilities: INTERNET&NOT_RESTRICTED&TRUSTED&FOREGROUND] ]
10-31 15:58:13.540   600   649 E ConnectivityService: RemoteException caught trying to send a callback msg for NetworkRequest [ LISTEN id=2011, [ Capabilities: INTERNET&NOT_RESTRICTED&TRUSTED&FOREGROUND] ]
10-31 15:58:13.540   600   649 E ConnectivityService: RemoteException caught trying to send a callback msg for NetworkRequest [ LISTEN id=2012, [ Capabilities: INTERNET&NOT_RESTRICTED&TRUSTED&FOREGROUND] ]
10-31 15:58:13.540   600  1080 D ConnectivityService: ConnectivityService NetworkRequestInfo binderDied(NetworkRequest [ LISTEN id=2013, [ Capabilities: INTERNET&NOT_RESTRICTED&TRUSTED&FOREGROUND] ], android.os.BinderProxy@b4f2666)
10-31 15:58:13.540   600   649 E ConnectivityService: RemoteException caught trying to send a callback msg for NetworkRequest [ LISTEN id=2013, [ Capabilities: INTERNET&NOT_RESTRICTED&TRUSTED&FOREGROUND] ]
10-31 15:58:13.564   600  1081 D ActivityManager: cleanUpApplicationRecord -- 32062
10-31 15:58:13.599 18311 19172 I AttachedClient: Adding client event 2 to pending list.
10-31 15:58:13.656 18311 18311 I OptInState: There is a new client and it does not support opt-in. Dropping request.
10-31 15:58:13.659 18311 18311 I MicroDetectionWorker: Micro detection mode: [mDetectionMode: [1]].
10-31 15:58:13.699 18311   421 I MicroRecognitionRunner: Starting detection.
10-31 15:58:13.699 18311 18337 I MicrophoneInputStream: mic_starting com.google.android.apps.gsa.speech.audio.ae@f74cd0b
10-31 15:58:13.706   238   285 I SoundTriggerHwService::Module: void android::SoundTriggerHwService::Module::onCallbackEvent(const sp<android::SoundTriggerHwService::CallbackEvent> &) mClient == 0
10-31 15:58:13.707   238   423 I AudioFlinger: AudioFlinger's thread 0xef692f80 ready to run
10-31 15:58:13.720 18311 18337 I MicrophoneInputStream: mic_started com.google.android.apps.gsa.speech.audio.ae@f74cd0b
10-31 15:58:13.774   600 29683 D ActivityManager: cleanUpApplicationRecord -- 32385
10-31 15:58:13.899 18311 18311 I MicroDetectionWorker: onReady
10-31 15:58:14.028 18269 18304 W OpenGLRenderer: Incorrectly called buildLayer on View: ShortcutAndWidgetContainer, destroying layer...
10-31 15:58:14.036   418   418 D AndroidRuntime: >>>>>> START com.android.internal.os.RuntimeInit uid 2000 <<<<<<
10-31 15:58:14.040   418   418 D AndroidRuntime: CheckJNI is OFF
10-31 15:58:14.114   418   418 D ICU     : No timezone override file found: /data/misc/zoneinfo/current/icu/icu_tzdata.dat
10-31 15:58:14.144   418   418 I Radio-JNI: register_android_hardware_Radio DONE
10-31 15:58:14.160   418   418 D AndroidRuntime: Calling main entry com.android.commands.pm.Pm
10-31 15:58:14.174   600  3507 I ActivityManager: Force stopping com.android.chrome appid=10035 user=0: clear data
10-31 15:58:14.175   600   613 I ActivityManager: Force stopping com.android.chrome appid=10035 user=-1: clearApplicationUserData
10-31 15:58:14.400   600   625 I ActivityManager: Start proc 432:com.android.defcontainer/u0a4 for service com.android.defcontainer/.DefaultContainerService
10-31 15:58:14.435   787   787 W GCM     : broadcast intent callback: result=CANCELLED forIntent { act=com.google.android.c2dm.intent.RECEIVE pkg=com.opera.browser (has extras) }
10-31 15:58:14.472   787   787 I GeofencerStateMachine: removeGeofences: removeRequest=RemoveGeofencingRequest[REMOVE_ALL packageName=com.android.chrome]
10-31 15:58:14.475   418   418 I art     : System.exit called, status: 0
10-31 15:58:14.475   418   418 I AndroidRuntime: VM exiting with result code 0.
10-31 15:58:14.481  1061  1061 D RegisteredNfcFServicesCache: Service unchanged, not updating
10-31 15:58:14.520   787   446 I Fitness : FitCleanupIntentOperation received Intent android.intent.action.PACKAGE_DATA_CLEARED [CONTEXT service_id=17 ]
10-31 15:58:14.523 30636 30762 I Icing   : doRemovePackageData com.android.chrome
10-31 15:58:14.524 30636 30762 I Icing   : Removing corpus key com.android.chrome-.implicit: for package com.android.chrome
10-31 15:58:14.539   600   612 W ResourceType: No known package when getting value for resource number 0x7f080316
10-31 15:58:14.539   600   612 W ResourceType: No known package when getting value for resource number 0x7f130448
10-31 15:58:14.539   600   612 W ResourceType: No known package when getting value for resource number 0x7f080315
10-31 15:58:14.539   600   612 W ResourceType: No known package when getting value for resource number 0x7f130123
10-31 15:58:14.539   600   612 W ResourceType: No known package when getting value for resource number 0x7f130447
10-31 15:58:14.539   600   612 W ResourceType: No known package when getting value for resource number 0x7f1302e4
10-31 15:58:14.540   600   612 E ShortcutService: Ignoring excessive intent tag.
10-31 15:58:14.601 30636 30762 I native  : flash-index.cc:1519 Flash index sort hb 109 prefix-hits 222 -> 201 at 21.755ms
10-31 15:58:14.636 30636 30762 I Icing   : Removing corpus key com.android.chrome-omnibox for package com.android.chrome
10-31 15:58:14.666 30636 30762 I Icing   : Removing corpus key com.android.chrome-internal.3p:WebPage for package com.android.chrome
10-31 15:58:14.737 30636 30762 I Icing   : Starting compaction min disk 99.926% min index 99.987%
10-31 15:58:15.017 30636 30762 I native  : document-store.cc:1654 Scored 2435 usage reports, missing_corpora 1317 update_failed 1
10-31 15:58:15.081 30636 30762 W native  : words-map.cc:30 INVALID_ARGUMENT: Empty URI
10-31 15:58:15.081 30636 30762 W native  : words-map.cc:34 WordsMap was not properly initialized
10-31 15:58:15.155 30636 30762 E native  : compactor.cc:67 Could not index embedding for docid 1: INTERNAL: Unable to find Thing Proto section 
10-31 15:58:15.156 30636 30762 E native  : compactor.cc:67 Could not index embedding for docid 3: INTERNAL: Unable to find Thing Proto section 
10-31 15:58:15.156 30636 30762 E native  : compactor.cc:67 Could not index embedding for docid 5: INTERNAL: Unable to find Thing Proto section 
10-31 15:58:15.157 30636 30762 E native  : compactor.cc:67 Could not index embedding for docid 7: INTERNAL: Unable to find Thing Proto section 
10-31 15:58:15.162 30636 30762 E native  : compactor.cc:67 Could not index embedding for docid 8: INTERNAL: Unable to find Thing Proto section 
10-31 15:58:15.163 30636 30762 E native  : compactor.cc:67 Could not index embedding for docid 10: INTERNAL: Unable to find Thing Proto section 
10-31 15:58:15.163 30636 30762 E native  : compactor.cc:67 Could not index embedding for docid 11: INTERNAL: Unable to find Thing Proto section 
10-31 15:58:15.163 30636 30762 E native  : compactor.cc:67 Could not index embedding for docid 13: INTERNAL: Unable to find Thing Proto section 
10-31 15:58:15.164 30636 30762 E native  : compactor.cc:67 Could not index embedding for docid 14: INTERNAL: Unable to find Thing Proto section 
10-31 15:58:15.169 30636 30762 E native  : compactor.cc:67 Could not index embedding for docid 17: INTERNAL: Unable to find Thing Proto section 
10-31 15:58:15.169 30636 30762 E native  : compactor.cc:67 Could not index embedding for docid 18: INTERNAL: Unable to find Thing Proto section 
10-31 15:58:15.170 30636 30762 E native  : compactor.cc:67 Could not index embedding for docid 21: INTERNAL: Unable to find Thing Proto section 
10-31 15:58:15.170 30636 30762 E native  : compactor.cc:67 Could not index embedding for docid 22: INTERNAL: Unable to find Thing Proto section 
10-31 15:58:15.176 30636 30762 E native  : compactor.cc:67 Could not index embedding for docid 26: INTERNAL: Unable to find Thing Proto section 
10-31 15:58:15.176 30636 30762 E native  : compactor.cc:67 Could not index embedding for docid 27: INTERNAL: Unable to find Thing Proto section 
10-31 15:58:15.219 30636 30762 I native  : flash-index.cc:1519 Flash index sort hb 34 prefix-hits 54 -> 54 at 28.551ms
10-31 15:58:15.246 30636 30762 W native  : words-map.cc:30 INVALID_ARGUMENT: Empty URI
10-31 15:58:15.246 30636 30762 W native  : words-map.cc:34 WordsMap was not properly initialized
10-31 15:58:15.320 30636 30762 I Icing   : updateResources: need to parse acol{com.android.chrome}
10-31 15:58:15.383 30636 30762 I Icing   : Indexing com.android.chrome-omnibox from com.android.chrome
10-31 15:58:15.395   600  3507 I ActivityManager: Start proc 460:com.android.chrome/u0a35 for content provider com.android.chrome/com.google.android.apps.chrome.icing.IcingProvider
10-31 15:58:15.557 30636 30762 I Icing   : Indexing done com.android.chrome-omnibox
