--------- beginning of main
10-31 05:24:09.242 31119 31119 D AndroidRuntime: >>>>>> START com.android.internal.os.RuntimeInit uid 2000 <<<<<<
10-31 05:24:09.246 31119 31119 D AndroidRuntime: CheckJNI is OFF
10-31 05:24:09.309 31119 31119 D ICU     : No timezone override file found: /data/misc/zoneinfo/current/icu/icu_tzdata.dat
10-31 05:24:09.338 31119 31119 I Radio-JNI: register_android_hardware_Radio DONE
10-31 05:24:09.353 31119 31119 D AndroidRuntime: Calling main entry com.android.commands.am.Am
--------- beginning of system
10-31 05:24:09.371   600 29683 I ActivityManager: Force stopping com.opera.browser appid=10122 user=0: from pid 31119
10-31 05:24:09.379  1061  1061 D RegisteredNfcFServicesCache: Service unchanged, not updating
10-31 05:24:09.629   600 13631 I ActivityManager: START u0 {act=android.intent.action.VIEW flg=0x10008000 cmp=com.opera.browser/com.opera.Opera} from uid 2000 on display 0
10-31 05:24:09.656 31119 31119 D AndroidRuntime: Shutting down VM
10-31 05:24:09.683   600 27731 I ActivityManager: Start proc 31129:com.opera.browser/u0a122 for activity com.opera.browser/com.opera.Opera
10-31 05:24:09.771 31129 31129 I art     : Starting a blocking GC AddRemoveAppImageSpace
10-31 05:24:09.869 31129 31129 I LoadedApk: No resource references to update in package com.opera.browser.nord_vpn
10-31 05:24:10.142 31129 31163 D NetworkSecurityConfig: Using Network Security Config from resource network_security_config_official_build debugBuild: false
10-31 05:24:10.164 31129 31129 I art     : Rejecting re-init on previously-failed class java.lang.Class<com.opera.android.job.a$j>: java.lang.NoClassDefFoundError: Failed resolution of: Landroid/app/job/JobServiceEngine;
10-31 05:24:10.164 31129 31129 I art     :   at void com.opera.android.OperaApplication.onCreate() (SourceFile:52)
10-31 05:24:10.164 31129 31129 I art     :   at void android.app.Instrumentation.callApplicationOnCreate(android.app.Application) (Instrumentation.java:1024)
10-31 05:24:10.164 31129 31129 I art     :   at void android.app.ActivityThread.handleBindApplication(android.app.ActivityThread$AppBindData) (ActivityThread.java:5403)
10-31 05:24:10.164 31129 31129 I art     :   at void android.app.ActivityThread.-wrap2(android.app.ActivityThread, android.app.ActivityThread$AppBindData) (ActivityThread.java:-1)
10-31 05:24:10.164 31129 31129 I art     :   at void android.app.ActivityThread$H.handleMessage(android.os.Message) (ActivityThread.java:1545)
10-31 05:24:10.164 31129 31129 I art     :   at void android.os.Handler.dispatchMessage(android.os.Message) (Handler.java:102)
10-31 05:24:10.164 31129 31129 I art     :   at void android.os.Looper.loop() (Looper.java:154)
10-31 05:24:10.164 31129 31129 I art     :   at void android.app.ActivityThread.main(java.lang.String[]) (ActivityThread.java:6119)
10-31 05:24:10.164 31129 31129 I art     :   at java.lang.Object java.lang.reflect.Method.invoke!(java.lang.Object, java.lang.Object[]) (Method.java:-2)
10-31 05:24:10.164 31129 31129 I art     :   at void com.android.internal.os.ZygoteInit$MethodAndArgsCaller.run() (ZygoteInit.java:886)
10-31 05:24:10.164 31129 31129 I art     :   at void com.android.internal.os.ZygoteInit.main(java.lang.String[]) (ZygoteInit.java:776)
10-31 05:24:10.164 31129 31129 I art     : Caused by: java.lang.ClassNotFoundException: Didn't find class "android.app.job.JobServiceEngine" on path: DexPathList[[zip file "/data/app/com.opera.browser-1/base.apk"],nativeLibraryDirectories=[/data/app/com.opera.browser-1/lib/arm, /data/app/com.opera.browser-1/base.apk!/lib/armeabi-v7a, /system/lib, /vendor/lib]]
10-31 05:24:10.164 31129 31129 I art     :   at java.lang.Class dalvik.system.BaseDexClassLoader.findClass(java.lang.String) (BaseDexClassLoader.java:56)
10-31 05:24:10.164 31129 31129 I art     :   at java.lang.Class java.lang.ClassLoader.loadClass(java.lang.String, boolean) (ClassLoader.java:380)
10-31 05:24:10.164 31129 31129 I art     :   at java.lang.Class java.lang.ClassLoader.loadClass(java.lang.String) (ClassLoader.java:312)
10-31 05:24:10.164 31129 31129 I art     :   at void com.opera.android.OperaApplication.onCreate() (SourceFile:52)
10-31 05:24:10.164 31129 31129 I art     :   at void android.app.Instrumentation.callApplicationOnCreate(android.app.Application) (Instrumentation.java:1024)
10-31 05:24:10.164 31129 31129 I art     :   at void android.app.ActivityThread.handleBindApplication(android.app.ActivityThread$AppBindData) (ActivityThread.java:5403)
10-31 05:24:10.164 31129 31129 I art     :   at void android.app.ActivityThread.-wrap2(android.app.ActivityThread, android.app.ActivityThread$AppBindData) (ActivityThread.java:-1)
10-31 05:24:10.164 31129 31129 I art     :   at void android.app.ActivityThread$H.handleMessage(android.os.Message) (ActivityThread.java:1545)
10-31 05:24:10.164 31129 31129 I art     :   at void android.os.Handler.dispatchMessage(android.os.Message) (Handler.java:102)
10-31 05:24:10.164 31129 31129 I art     :   at void android.os.Looper.loop() (Looper.java:154)
10-31 05:24:10.164 31129 31129 I art     :   at void android.app.ActivityThread.main(java.lang.String[]) (ActivityThread.java:6119)
10-31 05:24:10.164 31129 31129 I art     :   at java.lang.Object java.lang.reflect.Method.invoke!(java.lang.Object, java.lang.Object[]) (Method.java:-2)
10-31 05:24:10.164 31129 31129 I art     :   at void com.android.internal.os.ZygoteInit$MethodAndArgsCaller.run() (ZygoteInit.java:886)
10-31 05:24:10.164 31129 31129 I art     :   at void com.android.internal.os.ZygoteInit.main(java.lang.String[]) (ZygoteInit.java:776)
10-31 05:24:10.164 31129 31129 I art     : 
10-31 05:24:10.458   600  6312 I ActivityManager: START u0 {act=android.intent.action.VIEW flg=0x10008000 cmp=com.opera.browser/com.opera.android.startup.WelcomeActivity} from uid 10122 on display 0
10-31 05:24:10.476   600 13557 W ActivityManager: Duplicate finish request for ActivityRecord{68dcbe5 u0 com.opera.browser/com.opera.Opera t2069 f}
10-31 05:24:10.546 31129 31139 I art     : Background sticky concurrent mark sweep GC freed 12260(1476KB) AllocSpace objects, 5(96KB) LOS objects, 22% free, 4MB/6MB, paused 6.667ms total 67.317ms
10-31 05:24:10.802 31129 31242 I OpenGLRenderer: Initialized EGL, version 1.4
10-31 05:24:10.802 31129 31242 D OpenGLRenderer: Swap behavior 2
10-31 05:24:10.878   600   609 I art     : Background partial concurrent mark sweep GC freed 121140(5MB) AllocSpace objects, 49(1240KB) LOS objects, 33% free, 16MB/24MB, paused 1.659ms total 313.636ms
10-31 05:24:10.893 31129 31176 I FA      : App measurement initialized, version: 43042
10-31 05:24:10.893 31129 31176 I FA      : To enable debug logging run: adb shell setprop log.tag.FA VERBOSE
10-31 05:24:10.894 31129 31176 I FA      : To enable faster debug mode event logging run:
10-31 05:24:10.894 31129 31176 I FA      :   adb shell setprop debug.firebase.analytics.app com.opera.browser
10-31 05:24:11.142   600   620 I ActivityManager: Displayed com.opera.browser/com.opera.android.startup.WelcomeActivity: +620ms (total +1s488ms)
10-31 05:24:11.260   787 27687 W Conscrypt: Could not set socket write timeout: java.net.SocketException: Socket closed
10-31 05:24:11.263 31129 31176 I FA      : Tag Manager is not found and thus will not be used
10-31 05:24:11.286   787 27687 W Conscrypt: 	at com.google.android.gms.org.conscrypt.Platform.setSocketWriteTimeout(:com.google.android.gms@203915020@20.39.15 (040406-335085812):2)
10-31 05:24:11.286   787 27687 W Conscrypt: 	at com.google.android.gms.org.conscrypt.ConscryptFileDescriptorSocket.setSoWriteTimeout(:com.google.android.gms@203915020@20.39.15 (040406-335085812):0)
10-31 05:24:11.310   787 27687 W Conscrypt: Could not set socket write timeout: java.net.SocketException: Socket closed
10-31 05:24:11.311   787 27687 W Conscrypt: 	at com.google.android.gms.org.conscrypt.Platform.setSocketWriteTimeout(:com.google.android.gms@203915020@20.39.15 (040406-335085812):2)
10-31 05:24:11.311   787 27687 W Conscrypt: 	at com.google.android.gms.org.conscrypt.ConscryptFileDescriptorSocket.setSoWriteTimeout(:com.google.android.gms@203915020@20.39.15 (040406-335085812):0)
10-31 05:24:11.318   600   620 W WindowManager: Failed looking up window
10-31 05:24:11.318   600   620 W WindowManager: java.lang.IllegalArgumentException: Requested window android.view.ViewRootImpl$W@c227312 does not exist
10-31 05:24:11.318   600   620 W WindowManager: 	at com.android.server.wm.WindowManagerService.windowForClientLocked(WindowManagerService.java:9422)
10-31 05:24:11.318   600   620 W WindowManager: 	at com.android.server.wm.WindowManagerService.windowForClientLocked(WindowManagerService.java:9413)
10-31 05:24:11.318   600   620 W WindowManager: 	at com.android.server.wm.WindowManagerService.removeWindow(WindowManagerService.java:2393)
10-31 05:24:11.318   600   620 W WindowManager: 	at com.android.server.wm.Session.remove(Session.java:202)
10-31 05:24:11.318   600   620 W WindowManager: 	at android.view.ViewRootImpl.dispatchDetachedFromWindow(ViewRootImpl.java:3290)
10-31 05:24:11.318   600   620 W WindowManager: 	at android.view.ViewRootImpl.doDie(ViewRootImpl.java:5917)
10-31 05:24:11.318   600   620 W WindowManager: 	at android.view.ViewRootImpl$ViewRootHandler.handleMessage(ViewRootImpl.java:3626)
10-31 05:24:11.318   600   620 W WindowManager: 	at android.os.Handler.dispatchMessage(Handler.java:102)
10-31 05:24:11.318   600   620 W WindowManager: 	at android.os.Looper.loop(Looper.java:154)
10-31 05:24:11.318   600   620 W WindowManager: 	at android.os.HandlerThread.run(HandlerThread.java:61)
10-31 05:24:11.318   600   620 W WindowManager: 	at com.android.server.ServiceThread.run(ServiceThread.java:46)
10-31 05:24:11.371   600  1081 I ActivityManager: Start proc 31269:com.opera.browser:privileged_process0/u0a122 for service com.opera.browser/com.opera.android.browser.chromium.services.PrivilegedProcessService0
10-31 05:24:11.384 31129 31264 W chromium: [WARNING:op_site_scripts.cc(424)] Failed to map /data/user/0/com.opera.browser/app_opera/sjs
10-31 05:24:11.440 31269 31269 I art     : Starting a blocking GC AddRemoveAppImageSpace
10-31 05:24:11.468 31269 31269 I LoadedApk: No resource references to update in package com.opera.browser.nord_vpn
10-31 05:24:11.591 31269 31287 E libEGL  : validate_display:99 error 3008 (EGL_BAD_DISPLAY)
10-31 05:24:11.761  1084  1084 I MemoryTrimmer: Trimming objects from memory, since app is in the background.
10-31 05:24:11.767 23104 23104 I MemoryTrimmer: Trimming objects from memory, since app is in the background.
10-31 05:24:11.818 31269 31287 E libEGL  : validate_display:99 error 3008 (EGL_BAD_DISPLAY)
10-31 05:24:11.858 23104 31004 I DeviceStateChecker: DeviceStateChecker cancelled
10-31 05:24:11.859 23104 23104 I MicroDetector: Keeping mic open: false
10-31 05:24:11.859 23104 23134 I AudioController: internalShutdown
10-31 05:24:11.859 23104 23134 I MicrophoneInputStream: mic_close com.google.android.apps.gsa.speech.audio.ae@9bce9c6
10-31 05:24:11.860 23104 23198 I MicroRecognitionRunner: Stopping hotword detection.
10-31 05:24:11.885   238   285 I SoundTriggerHwService::Module: void android::SoundTriggerHwService::Module::onCallbackEvent(const sp<android::SoundTriggerHwService::CallbackEvent> &) mClient == 0
10-31 05:24:11.917 23104 23104 I MemoryTrimmer: Trimming objects from memory, since app is in the background.
10-31 05:24:11.935 23104 31005 I MicroRecognitionRunner: Detection finished
10-31 05:24:12.128   787 29929 W NetworkScheduler: Error inserting service_kind=0 source=16 tag=Measurement.PackageMeasurementTaskService.UPLOAD_TASK_TAG target_package=com.google.android.gms requires_charging=0 source_version=203915000 required_network_type=0 flex_time=1959000 persistence_level=1 target_class=com.google.android.gms.measurement.PackageMeasurementTaskService runtime=1667190252063 retry_strategy={"maximum_backoff_seconds":{"3600":0},"initial_backoff_seconds":{"30":0},"retry_policy":{"0":0}} preferred_network_type=1 required_idleness_state=0 preferred_charging_state=1 period=3920000 last_runtime=0 task_type=0 job_id=-1 user_id=0, error message: UNIQUE constraint failed: pending_ops.tag, pending_ops.target_class, pending_ops.target_package, pending_ops.user_id (code 2067) [CONTEXT service_id=218 ]
10-31 05:24:12.167   787 31319 W NetworkScheduler: Error inserting service_kind=0 source=16 tag=Measurement.PackageMeasurementTaskService.UPLOAD_TASK_TAG target_package=com.google.android.gms requires_charging=0 source_version=203915000 required_network_type=0 flex_time=1959000 persistence_level=1 target_class=com.google.android.gms.measurement.PackageMeasurementTaskService runtime=1667190252164 retry_strategy={"maximum_backoff_seconds":{"3600":0},"initial_backoff_seconds":{"30":0},"retry_policy":{"0":0}} preferred_network_type=1 required_idleness_state=0 preferred_charging_state=1 period=3919000 last_runtime=0 task_type=0 job_id=-1 user_id=0, error message: UNIQUE constraint failed: pending_ops.tag, pending_ops.target_class, pending_ops.target_package, pending_ops.user_id (code 2067) [CONTEXT service_id=218 ]
10-31 05:24:12.190   787 29312 W NetworkScheduler: Error inserting service_kind=0 source=16 tag=Measurement.PackageMeasurementTaskService.UPLOAD_TASK_TAG target_package=com.google.android.gms requires_charging=0 source_version=203915000 required_network_type=0 flex_time=1959000 persistence_level=1 target_class=com.google.android.gms.measurement.PackageMeasurementTaskService runtime=1667190252185 retry_strategy={"maximum_backoff_seconds":{"3600":0},"initial_backoff_seconds":{"30":0},"retry_policy":{"0":0}} preferred_network_type=1 required_idleness_state=0 preferred_charging_state=1 period=3919000 last_runtime=0 task_type=0 job_id=-1 user_id=0, error message: UNIQUE constraint failed: pending_ops.tag, pending_ops.target_class, pending_ops.target_package, pending_ops.user_id (code 2067) [CONTEXT service_id=218 ]
10-31 05:24:15.376 31129 31129 I PlayCore: UID: [10122]  PID: [31129] AppUpdateListenerRegistry : registerListener
10-31 05:24:15.379 31129 31129 I PlayCore: UID: [10122]  PID: [31129] AppUpdateService : requestUpdateInfo(com.opera.browser)
10-31 05:24:15.383 31129 31348 I PlayCore: UID: [10122]  PID: [31129] AppUpdateService : Initiate binding to the service.
10-31 05:24:15.384   600  9614 W ActivityManager: Unable to start service Intent { act=com.google.android.play.core.install.BIND_UPDATE_SERVICE pkg=com.android.vending } U=0: not found
10-31 05:24:15.384 31129 31348 I PlayCore: UID: [10122]  PID: [31129] AppUpdateService : Failed to bind to the service.
10-31 05:24:15.463 31129 31350 D ApplicationLoaders: ignored Vulkan layer search path /data/app/com.google.android.gms-1/lib/arm:/data/app/com.google.android.gms-1/base.apk!/lib/armeabi-v7a:/data/app/com.google.android.gms-1/split_config.en.apk!/lib/armeabi-v7a for namespace 0xf4a41090
10-31 05:24:15.465 31129 31350 W ResourceType: ResTable_typeSpec entry count inconsistent: given 67, previously 69
10-31 05:24:15.465 31129 31350 W ResourceType: ResTable_typeSpec entry count inconsistent: given 5346, previously 5347
10-31 05:24:15.897   600   612 D SyncManager: failed sync operation JobId: 100983, com.opera.browser u0 (com.opera.browser.ping), com.opera.browser.ping.provider, SERVER, reason: 10122, SyncResult: delayUntil: 1667197455 stats [ numIoExceptions: 1]
10-31 05:24:21.932 23104 23104 I MemoryTrimmer: Trimming objects from memory, since app is in the background.
10-31 05:24:22.030 31379 31379 D AndroidRuntime: >>>>>> START com.android.internal.os.RuntimeInit uid 2000 <<<<<<
10-31 05:24:22.034 31379 31379 D AndroidRuntime: CheckJNI is OFF
10-31 05:24:22.098 31379 31379 D ICU     : No timezone override file found: /data/misc/zoneinfo/current/icu/icu_tzdata.dat
10-31 05:24:22.130 31379 31379 I Radio-JNI: register_android_hardware_Radio DONE
10-31 05:24:22.145 31379 31379 D AndroidRuntime: Calling main entry com.android.commands.monkey.Monkey
10-31 05:24:22.215   600   613 W BroadcastQueue: Skipping deliver [background] BroadcastRecord{63e6fc1 u-1 android.net.conn.CONNECTIVITY_CHANGE} to ReceiverList{ee89366 31379 (unknown name)/2000/u-1 remote:f95a8cb}: process crashing
10-31 05:24:23.859 31379 31379 D MonkeyStub: translateCommand: wake
10-31 05:24:23.981 31379 31379 D MonkeyStub: translateCommand: tap 960 1881
10-31 05:24:24.044   600   713 I ActivityManager: START u0 {act=android.intent.action.VIEW flg=0x1000000 cmp=com.opera.browser/com.opera.android.IntentDispatcherActivity} from uid 10122 on display 0
10-31 05:24:24.133   600  1080 I ActivityManager: START u0 {act=android.intent.action.VIEW flg=0x15002000 cmp=com.opera.browser/com.opera.android.BrowserActivity} from uid 10122 on display 0
10-31 05:24:24.145  1084  1171 I OpenGLRenderer: Initialized EGL, version 1.4
10-31 05:24:24.145  1084  1171 D OpenGLRenderer: Swap behavior 2
10-31 05:24:24.230   600   609 I art     : Background partial concurrent mark sweep GC freed 43933(2MB) AllocSpace objects, 42(1240KB) LOS objects, 33% free, 16MB/24MB, paused 2.874ms total 129.966ms
10-31 05:24:24.395  1084  1084 I MemoryTrimmer: Trimming objects from memory, since app is in the background.
10-31 05:24:24.478 31129 31139 I art     : Background sticky concurrent mark sweep GC freed 15733(1031KB) AllocSpace objects, 15(300KB) LOS objects, 12% free, 7MB/8MB, paused 6.300ms total 40.195ms
10-31 05:24:24.491 31129 31425 W ResourceType: ResTable_typeSpec entry count inconsistent: given 67, previously 69
10-31 05:24:24.495 31129 31425 W ResourceType: ResTable_typeSpec entry count inconsistent: given 5346, previously 5347
10-31 05:24:24.599 31129 31397 E [Leanplum][ERROR]: No variable values were received from the server. Please contact us to investigate.
10-31 05:24:24.697   600   620 I ActivityManager: Displayed com.opera.browser/com.opera.android.BrowserActivity: +530ms (total +616ms)
10-31 05:24:24.717   600  1076 I CwMcuSensor: CwMcuSensor::flush: fd = 245, sensors_id = 0, path = /sys/class/htc_sensorhub/sensor_hub/flush, err = 0
10-31 05:24:24.729 31129 31139 W art     : Suspending all threads took: 7.840ms
10-31 05:24:24.769 31129 31242 D OpenGLRenderer: endAllActiveAnimators on 0xd1777780 (RippleDrawable) with handle 0xd1b0b370
10-31 05:24:24.782 31129 31139 I art     : Background sticky concurrent mark sweep GC freed 7568(1108KB) AllocSpace objects, 19(380KB) LOS objects, 2% free, 8MB/8MB, paused 11.670ms total 119.070ms
10-31 05:24:24.908 31129 31139 I art     : Background partial concurrent mark sweep GC freed 25293(1622KB) AllocSpace objects, 11(220KB) LOS objects, 39% free, 7MB/12MB, paused 2.826ms total 117.917ms
10-31 05:24:25.099 31129 31440 W ResourceType: ResTable_typeSpec entry count inconsistent: given 67, previously 69
10-31 05:24:25.099 31129 31440 W ResourceType: ResTable_typeSpec entry count inconsistent: given 5346, previously 5347
10-31 05:24:25.359 31129 31134 I art     : Do partial code cache collection, code=18KB, data=30KB
10-31 05:24:25.361 31129 31134 I art     : After code cache collection, code=18KB, data=30KB
10-31 05:24:25.361 31129 31134 I art     : Increasing code cache capacity to 128KB
10-31 05:24:25.402 31129 31467 W ResourceType: ResTable_typeSpec entry count inconsistent: given 67, previously 69
10-31 05:24:25.402 31129 31467 W ResourceType: ResTable_typeSpec entry count inconsistent: given 5346, previously 5347
10-31 05:24:25.460 31129 31129 I Choreographer: Skipped 41 frames!  The application may be doing too much work on its main thread.
10-31 05:24:25.630 31129 31129 W View    : requestLayout() improperly called by com.opera.android.custom_views.FadingRecyclerView{f0e29db VFED.V... ......ID 0,813-1536,813 #7f0a0825 app:id/suggested_dials_grid} during layout: running second layout pass
10-31 05:24:25.716 31129 31129 E Sensors : sendAck failure -1 1
10-31 05:24:25.716 31129 31129 E Sensors : sendAck failure -1 2
10-31 05:24:25.716 31129 31129 E Sensors : sendAck failure -1 3
10-31 05:24:25.716 31129 31129 E Sensors : sendAck failure -1 4
10-31 05:24:25.716 31129 31129 E Sensors : sendAck failure -1 5
10-31 05:24:25.716 31129 31129 E Sensors : sendAck failure -1 6
10-31 05:24:25.716 31129 31129 E Sensors : sendAck failure -1 7
10-31 05:24:25.716 31129 31129 E Sensors : sendAck failure -1 8
10-31 05:24:25.716 31129 31129 E Sensors : sendAck failure -1 9
10-31 05:24:25.716 31129 31129 E Sensors : sendAck failure -1 10
10-31 05:24:25.716 31129 31129 E Sensors : sendAck failure -1 11
10-31 05:24:25.716 31129 31129 E Sensors : sendAck failure -1 12
10-31 05:24:25.716 31129 31129 E Sensors : sendAck failure -1 13
10-31 05:24:25.716 31129 31129 E Sensors : sendAck failure -1 14
10-31 05:24:25.716 31129 31129 E Sensors : sendAck failure -1 15
10-31 05:24:25.744 31129 31139 I art     : Background sticky concurrent mark sweep GC freed 33374(1990KB) AllocSpace objects, 18(360KB) LOS objects, 4% free, 11MB/12MB, paused 7.744ms total 144.210ms
10-31 05:24:26.031 31129 31139 I art     : Background partial concurrent mark sweep GC freed 50868(2MB) AllocSpace objects, 24(1108KB) LOS objects, 40% free, 12MB/21MB, paused 2.585ms total 271.666ms
10-31 05:24:26.150   787 29312 W NetworkScheduler: Error inserting service_kind=0 source=16 tag=Measurement.PackageMeasurementTaskService.UPLOAD_TASK_TAG target_package=com.google.android.gms requires_charging=0 source_version=203915000 required_network_type=0 flex_time=1945000 persistence_level=1 target_class=com.google.android.gms.measurement.PackageMeasurementTaskService runtime=1667190266073 retry_strategy={"maximum_backoff_seconds":{"3600":0},"initial_backoff_seconds":{"30":0},"retry_policy":{"0":0}} preferred_network_type=1 required_idleness_state=0 preferred_charging_state=1 period=3892000 last_runtime=0 task_type=0 job_id=-1 user_id=0, error message: UNIQUE constraint failed: pending_ops.tag, pending_ops.target_class, pending_ops.target_package, pending_ops.user_id (code 2067) [CONTEXT service_id=218 ]
10-31 05:24:26.169 31495 31495 I dex2oat : /system/bin/dex2oat --dex-file=/data/user/0/com.opera.browser/code_cache/. ​     --oat-fd=196 --oat-location=/data/user/0/com.opera.browser/code_cache/.     --compiler-filter=speed
10-31 05:24:26.249   787 29929 W NetworkScheduler: Error inserting service_kind=0 source=16 tag=Measurement.PackageMeasurementTaskService.UPLOAD_TASK_TAG target_package=com.google.android.gms requires_charging=0 source_version=203915000 required_network_type=0 flex_time=1945000 persistence_level=1 target_class=com.google.android.gms.measurement.PackageMeasurementTaskService runtime=1667190266241 retry_strategy={"maximum_backoff_seconds":{"3600":0},"initial_backoff_seconds":{"30":0},"retry_policy":{"0":0}} preferred_network_type=1 required_idleness_state=0 preferred_charging_state=1 period=3891000 last_runtime=0 task_type=0 job_id=-1 user_id=0, error message: UNIQUE constraint failed: pending_ops.tag, pending_ops.target_class, pending_ops.target_package, pending_ops.user_id (code 2067) [CONTEXT service_id=218 ]
10-31 05:24:26.709 31495 31495 I dex2oat : dex2oat took 560.857ms (threads: 2) arena alloc=432KB (442800B) java alloc=32KB (33064B) native alloc=354KB (362688B) free=1181KB (1210176B)
10-31 05:24:26.887 31503 31503 I dex2oat : /system/bin/dex2oat --dex-file=/data/user/0/com.opera.browser/code_cache/.      --oat-fd=61 --oat-location=/data/user/0/com.opera.browser/code_cache/.    --compiler-filter=speed
10-31 05:24:27.203 31503 31503 I dex2oat : dex2oat took 315.573ms (threads: 2) arena alloc=573KB (587504B) java alloc=109KB (112048B) native alloc=523KB (536456B) free=1524KB (1560696B)
10-31 05:24:27.323 31129 31139 I art     : Background sticky concurrent mark sweep GC freed 66355(5MB) AllocSpace objects, 39(1684KB) LOS objects, 24% free, 15MB/21MB, paused 1.920ms total 209.717ms
10-31 05:24:27.374 31129 31134 I art     : Do partial code cache collection, code=36KB, data=62KB
10-31 05:24:27.412 31129 31134 I art     : After code cache collection, code=35KB, data=62KB
10-31 05:24:27.412 31129 31134 I art     : Increasing code cache capacity to 256KB
10-31 05:24:28.100 31379 31379 D MonkeyStub: translateCommand: tap 57 93
10-31 05:24:30.357 31379 31379 D MonkeyStub: translateCommand: tap 57 93
10-31 05:24:32.606 31379 31379 D MonkeyStub: translateCommand: tap 446 593
10-31 05:24:34.657 31379 31379 D MonkeyStub: translateCommand: tap 667 302
10-31 05:24:34.819 31129 31134 I art     : Do full code cache collection, code=80KB, data=125KB
10-31 05:24:34.823 31129 31134 I art     : Starting a blocking GC JitCodeCache
10-31 05:24:34.823 31129 31134 I art     : After code cache collection, code=62KB, data=69KB
10-31 05:24:35.204 31129 31134 I art     : Do partial code cache collection, code=69KB, data=80KB
10-31 05:24:35.205 31129 31134 I art     : After code cache collection, code=69KB, data=80KB
10-31 05:24:35.205 31129 31134 I art     : Increasing code cache capacity to 512KB
10-31 05:24:37.731 31379 31379 D MonkeyStub: translateCommand: tap 1286 930
10-31 05:24:38.957 31379 31379 D MonkeyStub: translateCommand: tap 62 98
10-31 05:24:38.987 31379 31379 D MonkeyStub: translateCommand: tap 729 89
10-31 05:24:38.999 31379 31379 D MonkeyStub: Quit requested
10-31 05:24:39.018   600   614 I CwMcuSensor: CwMcuSensor::flush: fd = 245, sensors_id = 0, path = /sys/class/htc_sensorhub/sensor_hub/flush, err = 0
10-31 05:24:39.029 31379 31379 I art     : System.exit called, status: 16
10-31 05:24:39.029 31379 31379 I AndroidRuntime: VM exiting with result code 16.
10-31 05:24:39.060   600  1076 W WindowManager: Attempted to remove non-existing token: android.os.Binder@cd406a7
10-31 05:24:39.310   600  2707 E BatteryStatsService: power: Missing API
10-31 05:24:39.316   600  2707 E BatteryStatsService: no controller energy info supplied
10-31 05:24:39.317   796   796 E PhoneInterfaceManager: [PhoneIntfMgr] queryModemActivityInfo: Empty response
10-31 05:24:39.326   600  2707 E BatteryStatsService: modem info is invalid: ModemActivityInfo{ mTimestamp=0 mSleepTimeMs=0 mIdleTimeMs=0 mTxTimeMs[]=[0, 0, 0, 0, 0] mRxTimeMs=0 mEnergyUsed=0}
10-31 05:24:39.330   600   613 W ProcessCpuTracker: Skipping unknown process pid 31533
10-31 05:24:39.708 31536 31536 D AndroidRuntime: >>>>>> START com.android.internal.os.RuntimeInit uid 2000 <<<<<<
10-31 05:24:39.711 31536 31536 D AndroidRuntime: CheckJNI is OFF
10-31 05:24:39.780 31536 31536 D ICU     : No timezone override file found: /data/misc/zoneinfo/current/icu/icu_tzdata.dat
10-31 05:24:39.809 31536 31536 I Radio-JNI: register_android_hardware_Radio DONE
10-31 05:24:39.824 31536 31536 D AndroidRuntime: Calling main entry com.android.commands.am.Am
10-31 05:24:39.843   600   610 I ActivityManager: START u0 {act=android.intent.action.VIEW dat=http://192.168.40.1/... flg=0x10000000 cmp=com.opera.browser/com.opera.Opera} from uid 2000 on display 0
10-31 05:24:39.846 31536 31536 D AndroidRuntime: Shutting down VM
10-31 05:24:39.944 31129 31129 W art     : Before Android 4.1, method double java.util.concurrent.ThreadLocalRandom.internalNextDouble(double, double) would have incorrectly overridden the package-private method in java.util.Random
10-31 05:24:39.944 31129 31129 W art     : Before Android 4.1, method int java.util.concurrent.ThreadLocalRandom.internalNextInt(int, int) would have incorrectly overridden the package-private method in java.util.Random
10-31 05:24:39.944 31129 31129 W art     : Before Android 4.1, method long java.util.concurrent.ThreadLocalRandom.internalNextLong(long, long) would have incorrectly overridden the package-private method in java.util.Random
10-31 05:24:39.994   600   619 D BluetoothManagerService: Message: 20
10-31 05:24:39.994   600   619 D BluetoothManagerService: Added callback: android.bluetooth.IBluetoothManagerCallback$Stub$Proxy@e288357:true
10-31 05:24:40.009   600  3675 I ActivityManager: Start proc 31548:com.opera.browser:sandboxed_process0/u0a122 for service com.opera.browser/com.opera.android.browser.chromium.services.SandboxedProcessService0
10-31 05:24:40.054 31548 31548 I art     : Starting a blocking GC AddRemoveAppImageSpace
10-31 05:24:40.070 31548 31548 I LoadedApk: No resource references to update in package com.opera.browser.nord_vpn
10-31 05:24:40.119 31129 31497 W ResourceType: ResTable_typeSpec entry count inconsistent: given 67, previously 69
10-31 05:24:40.119 31129 31497 W ResourceType: ResTable_typeSpec entry count inconsistent: given 5346, previously 5347
10-31 05:24:40.224   787 28596 I FontLog : Received query name=Google Sans&weight=400&besteffort=false, URI content://com.google.android.gms.fonts [CONTEXT service_id=132 ]
10-31 05:24:40.224   787 28596 I FontLog : Query [name=Google Sans&weight=400&besteffort=false] resolved to {Google Sans, wdth 100.0, wght 400, ital 0.0, bestEffort false} [CONTEXT service_id=132 ]
10-31 05:24:40.236   787 28596 I FontLog : Font PFD returned from cache for {Google Sans, wdth 100.0, wght 400, ital 0.0, bestEffort false} [CONTEXT service_id=132 ]
10-31 05:24:40.236   787 28596 I FontLog : Fetch {Google Sans, wdth 100.0, wght 400, ital 0.0, bestEffort false} end status Status{statusCode=SUCCESS, resolution=null} [CONTEXT service_id=132 ]
10-31 05:24:40.241   787 28589 I FontLog : Pulling font file for id = 1442, cache size = 4 [CONTEXT service_id=132 ]
10-31 05:24:40.250   787  1174 I FontLog : Received query name=Google Sans&weight=500&besteffort=false, URI content://com.google.android.gms.fonts [CONTEXT service_id=132 ]
10-31 05:24:40.251   787  1174 I FontLog : Query [name=Google Sans&weight=500&besteffort=false] resolved to {Google Sans, wdth 100.0, wght 500, ital 0.0, bestEffort false} [CONTEXT service_id=132 ]
10-31 05:24:40.252   787  1174 I FontLog : Font PFD returned from cache for {Google Sans, wdth 100.0, wght 500, ital 0.0, bestEffort false} [CONTEXT service_id=132 ]
10-31 05:24:40.252   787  1174 I FontLog : Fetch {Google Sans, wdth 100.0, wght 500, ital 0.0, bestEffort false} end status Status{statusCode=SUCCESS, resolution=null} [CONTEXT service_id=132 ]
10-31 05:24:40.257   787   805 I FontLog : Pulling font file for id = 1443, cache size = 4 [CONTEXT service_id=132 ]
10-31 05:24:40.263   787 28591 I FontLog : Received query name=Google Sans&weight=700&besteffort=false, URI content://com.google.android.gms.fonts [CONTEXT service_id=132 ]
10-31 05:24:40.264   787 28591 I FontLog : Query [name=Google Sans&weight=700&besteffort=false] resolved to {Google Sans, wdth 100.0, wght 700, ital 0.0, bestEffort false} [CONTEXT service_id=132 ]
10-31 05:24:40.271   787 28591 I FontLog : Fetch {Google Sans, wdth 100.0, wght 700, ital 0.0, bestEffort false} end status Status{statusCode=SUCCESS, resolution=null} [CONTEXT service_id=132 ]
10-31 05:24:40.285   787  1716 I FontLog : Pulling font file for id = 1444, cache size = 4 [CONTEXT service_id=132 ]
10-31 05:24:40.291   787  1714 I FontLog : Received query name=Noto Color Emoji Compat&weight=400&besteffort=false, URI content://com.google.android.gms.fonts [CONTEXT service_id=132 ]
10-31 05:24:40.291   787  1714 I FontLog : Query [name=Noto Color Emoji Compat&weight=400&besteffort=false] resolved to {Noto Color Emoji Compat, wdth 100.0, wght 400, ital 0.0, bestEffort false} [CONTEXT service_id=132 ]
10-31 05:24:40.334   787  1714 I FontLog : Fetch {Noto Color Emoji Compat, wdth 100.0, wght 400, ital 0.0, bestEffort false} end status Status{statusCode=SUCCESS, resolution=null} [CONTEXT service_id=132 ]
10-31 05:24:40.337   787 28596 I FontLog : Pulling font file for id = 1445, cache size = 5 [CONTEXT service_id=132 ]
10-31 05:24:40.649   600  1081 D DnsEventListenerService: Logging 100 results for netId 100
10-31 05:24:40.840   787 27687 W NetworkScheduler: Error inserting service_kind=0 source=16 tag=Measurement.PackageMeasurementTaskService.UPLOAD_TASK_TAG target_package=com.google.android.gms requires_charging=0 source_version=203915000 required_network_type=0 flex_time=1930000 persistence_level=1 target_class=com.google.android.gms.measurement.PackageMeasurementTaskService runtime=1667190280835 retry_strategy={"maximum_backoff_seconds":{"3600":0},"initial_backoff_seconds":{"30":0},"retry_policy":{"0":0}} preferred_network_type=1 required_idleness_state=0 preferred_charging_state=1 period=3862000 last_runtime=0 task_type=0 job_id=-1 user_id=0, error message: UNIQUE constraint failed: pending_ops.tag, pending_ops.target_class, pending_ops.target_package, pending_ops.user_id (code 2067) [CONTEXT service_id=218 ]
10-31 05:24:52.415 31624 31624 D AndroidRuntime: >>>>>> START com.android.internal.os.RuntimeInit uid 2000 <<<<<<
10-31 05:24:52.419 31624 31624 D AndroidRuntime: CheckJNI is OFF
10-31 05:24:52.503 31624 31624 D ICU     : No timezone override file found: /data/misc/zoneinfo/current/icu/icu_tzdata.dat
10-31 05:24:52.546 31624 31624 I Radio-JNI: register_android_hardware_Radio DONE
10-31 05:24:52.568 31624 31624 D AndroidRuntime: Calling main entry com.android.commands.monkey.Monkey
10-31 05:24:52.660   600   613 W BroadcastQueue: Skipping deliver [background] BroadcastRecord{ec1960e u-1 android.net.conn.CONNECTIVITY_CHANGE} to ReceiverList{f9582f 31624 (unknown name)/2000/u-1 remote:87f110}: process crashing
10-31 05:24:54.007 31624 31624 D MonkeyStub: translateCommand: wake
10-31 05:24:54.120 31624 31624 D MonkeyStub: translateCommand: tap 1339 1877
10-31 05:25:00.580   600   647 I WifiHAL : Got channel list with 13 channels
10-31 05:25:00.580   600   647 I WifiHAL : Got channel list with 4 channels
10-31 05:25:00.581   600   647 I WifiHAL : Got channel list with 15 channels
10-31 05:25:04.169 31624 31624 D MonkeyStub: translateCommand: touch down 614 1561
10-31 05:25:04.176 31624 31624 D MonkeyStub: translateCommand: touch move 614 1561
10-31 05:25:04.288 31624 31624 D MonkeyStub: translateCommand: touch move 614 1436
10-31 05:25:04.392 31624 31624 D MonkeyStub: translateCommand: touch move 614 1311
10-31 05:25:04.502 31624 31624 D MonkeyStub: translateCommand: touch move 614 1186
10-31 05:25:04.612 31624 31624 D MonkeyStub: translateCommand: touch move 614 1061
10-31 05:25:04.730 31624 31624 D MonkeyStub: translateCommand: touch move 614 937
10-31 05:25:04.838 31624 31624 D MonkeyStub: translateCommand: touch move 614 812
10-31 05:25:04.944 31624 31624 D MonkeyStub: translateCommand: touch move 614 687
10-31 05:25:05.048 31624 31624 D MonkeyStub: translateCommand: touch move 614 562
10-31 05:25:05.157 31624 31624 D MonkeyStub: translateCommand: touch move 614 437
10-31 05:25:05.265 31624 31624 D MonkeyStub: translateCommand: touch move 614 312
10-31 05:25:05.268 31624 31624 D MonkeyStub: translateCommand: touch up 614 312
10-31 05:25:07.387 31624 31624 D MonkeyStub: translateCommand: touch down 614 1561
10-31 05:25:07.421 31624 31624 D MonkeyStub: translateCommand: touch move 614 1561
10-31 05:25:07.554 31624 31624 D MonkeyStub: translateCommand: touch move 614 1436
10-31 05:25:07.667 31624 31624 D MonkeyStub: translateCommand: touch move 614 1311
10-31 05:25:07.779 31624 31624 D MonkeyStub: translateCommand: touch move 614 1186
10-31 05:25:07.885 31624 31624 D MonkeyStub: translateCommand: touch move 614 1061
10-31 05:25:07.989 31624 31624 D MonkeyStub: translateCommand: touch move 614 937
10-31 05:25:08.100 31624 31624 D MonkeyStub: translateCommand: touch move 614 812
10-31 05:25:08.218 31624 31624 D MonkeyStub: translateCommand: touch move 614 687
10-31 05:25:08.327 31624 31624 D MonkeyStub: translateCommand: touch move 614 562
10-31 05:25:08.434 31624 31624 D MonkeyStub: translateCommand: touch move 614 437
10-31 05:25:08.547 31624 31624 D MonkeyStub: translateCommand: touch move 614 312
10-31 05:25:08.552 31624 31624 D MonkeyStub: translateCommand: touch up 614 312
10-31 05:25:11.587 31624 31624 D MonkeyStub: translateCommand: touch down 614 312
10-31 05:25:11.597 31624 31624 D MonkeyStub: translateCommand: touch move 614 312
10-31 05:25:11.704 31624 31624 D MonkeyStub: translateCommand: touch move 614 437
10-31 05:25:11.813 31624 31624 D MonkeyStub: translateCommand: touch move 614 562
10-31 05:25:11.926 31624 31624 D MonkeyStub: translateCommand: touch move 614 687
10-31 05:25:12.031 31624 31624 D MonkeyStub: translateCommand: touch move 614 812
10-31 05:25:12.136 31624 31624 D MonkeyStub: translateCommand: touch move 614 937
10-31 05:25:12.241 31624 31624 D MonkeyStub: translateCommand: touch move 614 1061
10-31 05:25:12.367 31624 31624 D MonkeyStub: translateCommand: touch move 614 1186
10-31 05:25:12.471 31624 31624 D MonkeyStub: translateCommand: touch move 614 1311
10-31 05:25:12.579 31624 31624 D MonkeyStub: translateCommand: touch move 614 1436
10-31 05:25:12.686 31624 31624 D MonkeyStub: translateCommand: touch move 614 1561
10-31 05:25:12.691 31624 31624 D MonkeyStub: translateCommand: touch up 614 1561
10-31 05:25:12.762 31624 31624 D MonkeyStub: translateCommand: touch down 614 312
10-31 05:25:12.769 31624 31624 D MonkeyStub: translateCommand: touch move 614 312
10-31 05:25:12.873 31624 31624 D MonkeyStub: translateCommand: touch move 614 437
10-31 05:25:12.977 31624 31624 D MonkeyStub: translateCommand: touch move 614 562
10-31 05:25:13.082 31624 31624 D MonkeyStub: translateCommand: touch move 614 687
10-31 05:25:13.186 31624 31624 D MonkeyStub: translateCommand: touch move 614 812
10-31 05:25:13.291 31624 31624 D MonkeyStub: translateCommand: touch move 614 937
10-31 05:25:13.397 31624 31624 D MonkeyStub: translateCommand: touch move 614 1061
10-31 05:25:13.505 31624 31624 D MonkeyStub: translateCommand: touch move 614 1186
10-31 05:25:13.611 31624 31624 D MonkeyStub: translateCommand: touch move 614 1311
10-31 05:25:13.720 31624 31624 D MonkeyStub: translateCommand: touch move 614 1436
10-31 05:25:13.796 31129 31139 I art     : Background sticky concurrent mark sweep GC freed 133094(5MB) AllocSpace objects, 7(160KB) LOS objects, 23% free, 18MB/24MB, paused 7.405ms total 111.761ms
10-31 05:25:13.842 31624 31624 D MonkeyStub: translateCommand: touch move 614 1561
10-31 05:25:13.849 31624 31624 D MonkeyStub: translateCommand: touch up 614 1561
10-31 05:25:16.161   600  3507 D DnsEventListenerService: Logging 100 results for netId 100
10-31 05:25:17.353 31548 31562 I chromium: [INFO:pipeline_controller.cc(46)] MCHR-300: Starting pipeline, demuxer: FFmpegDemuxer
10-31 05:25:17.372 31548 31564 I chromium: [INFO:ffmpeg_glue.cc(159)] MCHR-300: Container: mov,mp4,m4a,3gp,3g2,mj2
10-31 05:25:18.872   198   198 E SELinux : avc:  denied  { find } for service=netd pid=31782 uid=2000 scontext=u:r:shell:s0 tcontext=u:object_r:netd_service:s0 tclass=service_manager permissive=0
10-31 05:25:18.882   198   198 E SELinux : avc:  denied  { find } for service=android.service.gatekeeper.IGateKeeperService pid=31782 uid=2000 scontext=u:r:shell:s0 tcontext=u:object_r:gatekeeper_service:s0 tclass=service_manager permissive=0
10-31 05:25:18.919 31624 31624 D MonkeyStub: translateCommand: tap 724 439
10-31 05:25:19.062 31129 31129 V MediaRouter: Adding route: RouteInfo{ name=Tablet, description=null, status=null, category=RouteCategory{ name=null types=ROUTE_TYPE_LIVE_AUDIO ROUTE_TYPE_LIVE_VIDEO  groupable=false }, supportedTypes=ROUTE_TYPE_LIVE_AUDIO ROUTE_TYPE_LIVE_VIDEO , presentationDisplay=null }
10-31 05:25:19.074 31129 31129 V MediaRouter: Updating audio routes: AudioRoutesInfo{ type=SPEAKER }
10-31 05:25:19.077 31129 31129 V MediaRouter: Selecting route: RouteInfo{ name=Tablet, description=null, status=null, category=RouteCategory{ name=null types=ROUTE_TYPE_LIVE_AUDIO ROUTE_TYPE_LIVE_VIDEO  groupable=false }, supportedTypes=ROUTE_TYPE_LIVE_AUDIO ROUTE_TYPE_LIVE_VIDEO , presentationDisplay=null }
10-31 05:25:19.106 31129 31129 V MediaRouter: Selecting route: RouteInfo{ name=Tablet, description=null, status=null, category=RouteCategory{ name=null types=ROUTE_TYPE_LIVE_AUDIO ROUTE_TYPE_LIVE_VIDEO  groupable=false }, supportedTypes=ROUTE_TYPE_LIVE_AUDIO ROUTE_TYPE_LIVE_VIDEO , presentationDisplay=null }
10-31 05:25:19.185   600   647 I WifiHAL : Got channel list with 13 channels
10-31 05:25:19.185 27883 27883 I DiscoveryManager: WifiGuestModeDeviceScanner enabled.
10-31 05:25:19.186   600   647 I WifiHAL : Got channel list with 4 channels
10-31 05:25:19.186   600   647 I WifiHAL : Got channel list with 15 channels
10-31 05:25:19.235 27883 30706 I CastDatabase: Opening the database
10-31 05:25:19.299   600   609 I art     : Background partial concurrent mark sweep GC freed 83937(4MB) AllocSpace objects, 16(352KB) LOS objects, 33% free, 16MB/24MB, paused 940us total 182.495ms
10-31 05:25:19.384 27883 30706 I SQLiteCastStore: 2 CastNetworkInfo instances loaded, 1 CastDeviceInfo instances loaded, 0 paired guest mode devices loaded.
10-31 05:25:19.385 27883 30706 I DiscoveryManager: Filter criteria(D38CB0C5) scannerFlags(0)
10-31 05:25:19.407 27883 30706 I CastDatabase: CastDeviceInfo created: V_0e181bb6-6627-4bbd-9b6b-0a10a79a0e3a
10-31 05:25:19.407 27883 30706 W GuestModeDeviceProber: setFilterCriteria
10-31 05:25:19.434 27883 30706 E DeviceScanner: [BLE] Failed to start scan because the Bluetooth is disabled.
10-31 05:25:19.435 27883 30706 W DatabaseProcessor: processLocalDevices: failed to get the network info with non-null bssid.
10-31 05:25:19.438 27883 30706 W DatabaseProcessor: processLocalDevices: failed to get the network info with non-null bssid.
10-31 05:25:19.445 27883 30706 E DeviceScanner: [BLE] Failed to start scan because the Bluetooth is disabled.
10-31 05:25:19.447 27883 30706 W DatabaseProcessor: processLocalDevices: failed to get the network info with non-null bssid.
10-31 05:25:19.450 27883 30706 W DatabaseProcessor: processLocalDevices: failed to get the network info with non-null bssid.
10-31 05:25:20.901   600 24611 I ActivityManager: Process android.process.acore (pid 28407) has died
10-31 05:25:20.902   600 24611 D ActivityManager: cleanUpApplicationRecord -- 28407
10-31 05:25:22.439 27883 30706 W AdaptiveDiscoveryWorker: Exiting Adaptive Discovery. Current NetworkInfo is NULL.
10-31 05:25:22.577 27883 30706 W DatabaseProcessor: processLocalDevices: failed to get the network info with non-null bssid.
10-31 05:25:23.344 31129 31139 I art     : Background sticky concurrent mark sweep GC freed 111520(4MB) AllocSpace objects, 4(100KB) LOS objects, 21% free, 19MB/24MB, paused 7.699ms total 119.986ms
10-31 05:25:23.345 31269 31797 W VideoCapabilities: Unrecognized level 0 for video/x-vnd.on2.vp8
10-31 05:25:23.362 31269 31797 I VideoCapabilities: Unsupported profile 4 for video/mp4v-es
10-31 05:25:23.380 31269 31798 W VideoCapabilities: Unrecognized level 0 for video/x-vnd.on2.vp8
10-31 05:25:23.385 31269 31798 I VideoCapabilities: Unsupported profile 4 for video/mp4v-es
10-31 05:25:24.384 27883 30706 I DiscoveryManager: Filter criteria(null) scannerFlags(0)
10-31 05:25:24.395 31548 31562 I chromium: [INFO:pipeline_controller.cc(355)] MCHR-300: Pipeline stopped.
10-31 05:25:24.397 27883 30706 W GuestModeDeviceProber: setFilterCriteria
10-31 05:25:24.588   246   916 I MediaPlayerService: MediaPlayerService::getOMX
10-31 05:25:24.590 31269 31799 I OMXClient: MuxOMX ctor
10-31 05:25:24.593   243   951 I OMXMaster: makeComponentInstance(OMX.google.aac.decoder) in mediacodec process
10-31 05:25:24.636 31269 31799 I MediaCodec: MediaCodec will operate in async mode
10-31 05:25:27.073 31624 31624 D MonkeyStub: translateCommand: touch down 614 1561
10-31 05:25:27.081 31624 31624 D MonkeyStub: translateCommand: touch move 614 1561
10-31 05:25:27.187 31624 31624 D MonkeyStub: translateCommand: touch move 614 1436
10-31 05:25:27.308 31624 31624 D MonkeyStub: translateCommand: touch move 614 1311
10-31 05:25:27.412 31624 31624 D MonkeyStub: translateCommand: touch move 614 1186
10-31 05:25:27.522 31624 31624 D MonkeyStub: translateCommand: touch move 614 1061
10-31 05:25:27.627 31624 31624 D MonkeyStub: translateCommand: touch move 614 937
10-31 05:25:27.738 31624 31624 D MonkeyStub: translateCommand: touch move 614 812
10-31 05:25:27.843 31624 31624 D MonkeyStub: translateCommand: touch move 614 687
10-31 05:25:27.951 31624 31624 D MonkeyStub: translateCommand: touch move 614 562
10-31 05:25:28.060 31624 31624 D MonkeyStub: translateCommand: touch move 614 437
10-31 05:25:28.169 31624 31624 D MonkeyStub: translateCommand: touch move 614 312
10-31 05:25:28.177 31624 31624 D MonkeyStub: translateCommand: touch up 614 312
10-31 05:25:28.199 31624 31624 D MonkeyStub: translateCommand: touch down 614 1561
10-31 05:25:28.209 31624 31624 D MonkeyStub: translateCommand: touch move 614 1561
10-31 05:25:28.313 31624 31624 D MonkeyStub: translateCommand: touch move 614 1436
10-31 05:25:28.422 31624 31624 D MonkeyStub: translateCommand: touch move 614 1311
10-31 05:25:28.529 31624 31624 D MonkeyStub: translateCommand: touch move 614 1186
10-31 05:25:28.641 31624 31624 D MonkeyStub: translateCommand: touch move 614 1061
10-31 05:25:28.744 31624 31624 D MonkeyStub: translateCommand: touch move 614 937
10-31 05:25:28.848 31624 31624 D MonkeyStub: translateCommand: touch move 614 812
10-31 05:25:28.971 31624 31624 D MonkeyStub: translateCommand: touch move 614 687
10-31 05:25:29.091 31624 31624 D MonkeyStub: translateCommand: touch move 614 562
10-31 05:25:29.206 31624 31624 D MonkeyStub: translateCommand: touch move 614 437
10-31 05:25:29.315 31624 31624 D MonkeyStub: translateCommand: touch move 614 312
10-31 05:25:29.318 31624 31624 D MonkeyStub: translateCommand: touch up 614 312
10-31 05:25:34.459 31624 31624 D MonkeyStub: Quit requested
10-31 05:25:34.500   600   614 I CwMcuSensor: CwMcuSensor::flush: fd = 245, sensors_id = 0, path = /sys/class/htc_sensorhub/sensor_hub/flush, err = 0
10-31 05:25:34.521 31624 31624 I art     : System.exit called, status: 82
10-31 05:25:34.521 31624 31624 I AndroidRuntime: VM exiting with result code 82.
10-31 05:25:34.612   600  7064 W WindowManager: Attempted to remove non-existing token: android.os.Binder@6630e3c
10-31 05:25:39.945   600 10249 I ActivityManager: Process com.google.android.partnersetup (pid 30289) has died
10-31 05:25:39.945   600 10249 D ActivityManager: cleanUpApplicationRecord -- 30289
10-31 05:25:39.949   600   615 W libprocessgroup: failed to kill pid 30289: No such process
10-31 05:25:51.408 31865 31865 D AndroidRuntime: >>>>>> START com.android.internal.os.RuntimeInit uid 2000 <<<<<<
10-31 05:25:51.423 31865 31865 D AndroidRuntime: CheckJNI is OFF
10-31 05:25:51.733 31865 31865 D ICU     : No timezone override file found: /data/misc/zoneinfo/current/icu/icu_tzdata.dat
10-31 05:25:51.872 31865 31865 I Radio-JNI: register_android_hardware_Radio DONE
10-31 05:25:51.939 31865 31865 D AndroidRuntime: Calling main entry com.android.commands.am.Am
10-31 05:25:51.975   600  2707 I ActivityManager: Force stopping com.opera.browser appid=10122 user=0: from pid 31865
10-31 05:25:51.975   600  2707 I ActivityManager: Killing 31269:com.opera.browser:privileged_process0/u0a122 (adj 0): stop com.opera.browser
10-31 05:25:51.978   600  2707 D ActivityManager: cleanUpApplicationRecord -- 31269
10-31 05:25:51.978   600  2707 W ActivityManager: Scheduling restart of crashed service com.opera.browser/com.opera.android.browser.chromium.services.PrivilegedProcessService0 in 1000ms
10-31 05:25:51.978   600  2707 I ActivityManager: Killing 31129:com.opera.browser/u0a122 (adj 0): stop com.opera.browser
10-31 05:25:51.981   600  2707 D ActivityManager: cleanUpApplicationRecord -- 31129
10-31 05:25:51.984   600  2707 W ActivityManager: Force removing ActivityRecord{a1624c0 u0 com.opera.browser/com.opera.android.BrowserActivity t2069}: app died, no saved state
10-31 05:25:52.022   600  2707 I ActivityManager: Killing 31548:com.opera.browser:sandboxed_process0/u0a122 (adj 0): stop com.opera.browser
10-31 05:25:52.022   600  2707 D ActivityManager: cleanUpApplicationRecord -- 31548
10-31 05:25:52.023 31865 31865 D AndroidRuntime: Shutting down VM
10-31 05:25:52.077  1084  1171 I OpenGLRenderer: Initialized EGL, version 1.4
10-31 05:25:52.077  1084  1171 D OpenGLRenderer: Swap behavior 2
10-31 05:25:52.106  1061  1061 D RegisteredNfcFServicesCache: Service unchanged, not updating
10-31 05:25:52.181 23104 23115 I AttachedClient: Adding client event 2 to pending list.
10-31 05:25:52.196 23104 23104 I OptInState: There is a new client and it does not support opt-in. Dropping request.
10-31 05:25:52.209 23104 23104 I MicroDetectionWorker: Micro detection mode: [mDetectionMode: [1]].
10-31 05:25:52.221 23104 31880 I MicroRecognitionRunner: Starting detection.
10-31 05:25:52.222 23104 23137 I MicrophoneInputStream: mic_starting com.google.android.apps.gsa.speech.audio.ae@e8d757a
10-31 05:25:52.248   238   285 I SoundTriggerHwService::Module: void android::SoundTriggerHwService::Module::onCallbackEvent(const sp<android::SoundTriggerHwService::CallbackEvent> &) mClient == 0
10-31 05:25:52.268 23104 23114 I art     : Background sticky concurrent mark sweep GC freed 3592(199KB) AllocSpace objects, 0(0B) LOS objects, 10% free, 5MB/5MB, paused 11.484ms total 46.644ms
10-31 05:25:52.270   238 31882 I AudioFlinger: AudioFlinger's thread 0xef692400 ready to run
10-31 05:25:52.276 23104 23137 I MicrophoneInputStream: mic_started com.google.android.apps.gsa.speech.audio.ae@e8d757a
10-31 05:25:52.375   600  2707 D ConnectivityService: ConnectivityService NetworkRequestInfo binderDied(NetworkRequest [ LISTEN id=1509, [ Capabilities: INTERNET&NOT_RESTRICTED&TRUSTED&FOREGROUND] ], android.os.BinderProxy@932dc3d)
10-31 05:25:52.376   600  6312 D ConnectivityService: ConnectivityService NetworkRequestInfo binderDied(NetworkRequest [ LISTEN id=1508, [ Capabilities: INTERNET&NOT_RESTRICTED&TRUSTED&FOREGROUND] ], android.os.BinderProxy@df08c32)
10-31 05:25:52.376   600  6312 D GraphicsStats: Buffer count: 2
10-31 05:25:52.378   600   649 E ConnectivityService: RemoteException caught trying to send a callback msg for NetworkRequest [ LISTEN id=1509, [ Capabilities: INTERNET&NOT_RESTRICTED&TRUSTED&FOREGROUND] ]
