--------- beginning of main
10-30 21:43:16.234 29095 29095 D AndroidRuntime: >>>>>> START com.android.internal.os.RuntimeInit uid 2000 <<<<<<
10-30 21:43:16.237 29095 29095 D AndroidRuntime: CheckJNI is OFF
10-30 21:43:16.308 29095 29095 D ICU     : No timezone override file found: /data/misc/zoneinfo/current/icu/icu_tzdata.dat
10-30 21:43:16.339 29095 29095 I Radio-JNI: register_android_hardware_Radio DONE
10-30 21:43:16.356 29095 29095 D AndroidRuntime: Calling main entry com.android.commands.am.Am
--------- beginning of system
10-30 21:43:16.374   600  3675 I ActivityManager: Force stopping com.opera.browser appid=10122 user=0: from pid 29095
10-30 21:43:16.384  1061  1061 D RegisteredNfcFServicesCache: Service unchanged, not updating
10-30 21:43:16.637   600  6312 I ActivityManager: START u0 {act=android.intent.action.VIEW flg=0x10008000 cmp=com.opera.browser/com.opera.Opera} from uid 2000 on display 0
10-30 21:43:16.672 29095 29095 D AndroidRuntime: Shutting down VM
10-30 21:43:16.713   600  3507 I ActivityManager: Start proc 29105:com.opera.browser/u0a122 for activity com.opera.browser/com.opera.Opera
10-30 21:43:16.853 29105 29105 I art     : Starting a blocking GC AddRemoveAppImageSpace
10-30 21:43:16.899 29105 29105 I LoadedApk: No resource references to update in package com.opera.browser.nord_vpn
10-30 21:43:17.124 29105 29115 W art     : Suspending all threads took: 6.977ms
10-30 21:43:17.141 29105 29115 I art     : Background sticky concurrent mark sweep GC freed 7033(368KB) AllocSpace objects, 1(20KB) LOS objects, 26% free, 3MB/4MB, paused 8.272ms total 76.194ms
10-30 21:43:17.190 29105 29140 D NetworkSecurityConfig: Using Network Security Config from resource network_security_config_official_build debugBuild: false
10-30 21:43:17.191 29105 29105 I art     : Rejecting re-init on previously-failed class java.lang.Class<com.opera.android.job.a$j>: java.lang.NoClassDefFoundError: Failed resolution of: Landroid/app/job/JobServiceEngine;
10-30 21:43:17.191 29105 29105 I art     :   at void com.opera.android.OperaApplication.onCreate() (SourceFile:52)
10-30 21:43:17.191 29105 29105 I art     :   at void android.app.Instrumentation.callApplicationOnCreate(android.app.Application) (Instrumentation.java:1024)
10-30 21:43:17.191 29105 29105 I art     :   at void android.app.ActivityThread.handleBindApplication(android.app.ActivityThread$AppBindData) (ActivityThread.java:5403)
10-30 21:43:17.191 29105 29105 I art     :   at void android.app.ActivityThread.-wrap2(android.app.ActivityThread, android.app.ActivityThread$AppBindData) (ActivityThread.java:-1)
10-30 21:43:17.191 29105 29105 I art     :   at void android.app.ActivityThread$H.handleMessage(android.os.Message) (ActivityThread.java:1545)
10-30 21:43:17.191 29105 29105 I art     :   at void android.os.Handler.dispatchMessage(android.os.Message) (Handler.java:102)
10-30 21:43:17.191 29105 29105 I art     :   at void android.os.Looper.loop() (Looper.java:154)
10-30 21:43:17.191 29105 29105 I art     :   at void android.app.ActivityThread.main(java.lang.String[]) (ActivityThread.java:6119)
10-30 21:43:17.191 29105 29105 I art     :   at java.lang.Object java.lang.reflect.Method.invoke!(java.lang.Object, java.lang.Object[]) (Method.java:-2)
10-30 21:43:17.191 29105 29105 I art     :   at void com.android.internal.os.ZygoteInit$MethodAndArgsCaller.run() (ZygoteInit.java:886)
10-30 21:43:17.191 29105 29105 I art     :   at void com.android.internal.os.ZygoteInit.main(java.lang.String[]) (ZygoteInit.java:776)
10-30 21:43:17.191 29105 29105 I art     : Caused by: java.lang.ClassNotFoundException: Didn't find class "android.app.job.JobServiceEngine" on path: DexPathList[[zip file "/data/app/com.opera.browser-1/base.apk"],nativeLibraryDirectories=[/data/app/com.opera.browser-1/lib/arm, /data/app/com.opera.browser-1/base.apk!/lib/armeabi-v7a, /system/lib, /vendor/lib]]
10-30 21:43:17.191 29105 29105 I art     :   at java.lang.Class dalvik.system.BaseDexClassLoader.findClass(java.lang.String) (BaseDexClassLoader.java:56)
10-30 21:43:17.191 29105 29105 I art     :   at java.lang.Class java.lang.ClassLoader.loadClass(java.lang.String, boolean) (ClassLoader.java:380)
10-30 21:43:17.191 29105 29105 I art     :   at java.lang.Class java.lang.ClassLoader.loadClass(java.lang.String) (ClassLoader.java:312)
10-30 21:43:17.191 29105 29105 I art     :   at void com.opera.android.OperaApplication.onCreate() (SourceFile:52)
10-30 21:43:17.191 29105 29105 I art     :   at void android.app.Instrumentation.callApplicationOnCreate(android.app.Application) (Instrumentation.java:1024)
10-30 21:43:17.191 29105 29105 I art     :   at void android.app.ActivityThread.handleBindApplication(android.app.ActivityThread$AppBindData) (ActivityThread.java:5403)
10-30 21:43:17.191 29105 29105 I art     :   at void android.app.ActivityThread.-wrap2(android.app.ActivityThread, android.app.ActivityThread$AppBindData) (ActivityThread.java:-1)
10-30 21:43:17.191 29105 29105 I art     :   at void android.app.ActivityThread$H.handleMessage(android.os.Message) (ActivityThread.java:1545)
10-30 21:43:17.191 29105 29105 I art     :   at void android.os.Handler.dispatchMessage(android.os.Message) (Handler.java:102)
10-30 21:43:17.191 29105 29105 I art     :   at void android.os.Looper.loop() (Looper.java:154)
10-30 21:43:17.191 29105 29105 I art     :   at void android.app.ActivityThread.main(java.lang.String[]) (ActivityThread.java:6119)
10-30 21:43:17.191 29105 29105 I art     :   at java.lang.Object java.lang.reflect.Method.invoke!(java.lang.Object, java.lang.Object[]) (Method.java:-2)
10-30 21:43:17.191 29105 29105 I art     :   at void com.android.internal.os.ZygoteInit$MethodAndArgsCaller.run() (ZygoteInit.java:886)
10-30 21:43:17.191 29105 29105 I art     :   at void com.android.internal.os.ZygoteInit.main(java.lang.String[]) (ZygoteInit.java:776)
10-30 21:43:17.192 29105 29105 I art     : 
10-30 21:43:17.359 29105 29115 I art     : Background partial concurrent mark sweep GC freed 8465(518KB) AllocSpace objects, 10(200KB) LOS objects, 39% free, 4MB/6MB, paused 7.780ms total 84.995ms
10-30 21:43:17.398 29105 29141 I FA      : App measurement initialized, version: 43042
10-30 21:43:17.398 29105 29141 I FA      : To enable debug logging run: adb shell setprop log.tag.FA VERBOSE
10-30 21:43:17.399 29105 29141 I FA      : To enable faster debug mode event logging run:
10-30 21:43:17.399 29105 29141 I FA      :   adb shell setprop debug.firebase.analytics.app com.opera.browser
10-30 21:43:17.474   600 16391 I ActivityManager: START u0 {act=android.intent.action.VIEW flg=0x10008000 cmp=com.opera.browser/com.opera.android.startup.WelcomeActivity} from uid 10122 on display 0
10-30 21:43:17.510   600  1081 W ActivityManager: Duplicate finish request for ActivityRecord{a1dca94 u0 com.opera.browser/com.opera.Opera t1898 f}
10-30 21:43:17.523   600  3994 I WindowManager: Failed to capture screenshot of Token{4e0893d ActivityRecord{a1dca94 u0 com.opera.browser/com.opera.Opera t1898 f}} appWin=Window{f5e388a u0 Starting com.opera.browser} drawState=4
10-30 21:43:17.783 29105 29115 I art     : Background sticky concurrent mark sweep GC freed 28411(2MB) AllocSpace objects, 15(300KB) LOS objects, 25% free, 5MB/6MB, paused 1.280ms total 127.704ms
10-30 21:43:17.910 29105 29216 I OpenGLRenderer: Initialized EGL, version 1.4
10-30 21:43:17.910 29105 29216 D OpenGLRenderer: Swap behavior 2
10-30 21:43:17.952 29105 29115 W art     : Suspending all threads took: 18.108ms
10-30 21:43:17.959 29105 29115 I art     : Background sticky concurrent mark sweep GC freed 23081(1579KB) AllocSpace objects, 3(60KB) LOS objects, 25% free, 5MB/6MB, paused 19.221ms total 47.124ms
10-30 21:43:18.094   600   620 I ActivityManager: Displayed com.opera.browser/com.opera.android.startup.WelcomeActivity: +571ms (total +1s425ms)
10-30 21:43:18.106 29105 29141 I FA      : Tag Manager is not found and thus will not be used
10-30 21:43:18.260   600 17381 I ActivityManager: Start proc 29245:com.opera.browser:privileged_process0/u0a122 for service com.opera.browser/com.opera.android.browser.chromium.services.PrivilegedProcessService0
10-30 21:43:18.270 29105 29235 W chromium: [WARNING:op_site_scripts.cc(424)] Failed to map /data/user/0/com.opera.browser/app_opera/sjs
10-30 21:43:18.357   600   620 W WindowManager: Failed looking up window
10-30 21:43:18.357   600   620 W WindowManager: java.lang.IllegalArgumentException: Requested window android.view.ViewRootImpl$W@244a2f5 does not exist
10-30 21:43:18.357   600   620 W WindowManager: 	at com.android.server.wm.WindowManagerService.windowForClientLocked(WindowManagerService.java:9422)
10-30 21:43:18.357   600   620 W WindowManager: 	at com.android.server.wm.WindowManagerService.windowForClientLocked(WindowManagerService.java:9413)
10-30 21:43:18.357   600   620 W WindowManager: 	at com.android.server.wm.WindowManagerService.removeWindow(WindowManagerService.java:2393)
10-30 21:43:18.357   600   620 W WindowManager: 	at com.android.server.wm.Session.remove(Session.java:202)
10-30 21:43:18.357   600   620 W WindowManager: 	at android.view.ViewRootImpl.dispatchDetachedFromWindow(ViewRootImpl.java:3290)
10-30 21:43:18.357   600   620 W WindowManager: 	at android.view.ViewRootImpl.doDie(ViewRootImpl.java:5917)
10-30 21:43:18.357   600   620 W WindowManager: 	at android.view.ViewRootImpl$ViewRootHandler.handleMessage(ViewRootImpl.java:3626)
10-30 21:43:18.357   600   620 W WindowManager: 	at android.os.Handler.dispatchMessage(Handler.java:102)
10-30 21:43:18.357   600   620 W WindowManager: 	at android.os.Looper.loop(Looper.java:154)
10-30 21:43:18.357   600   620 W WindowManager: 	at android.os.HandlerThread.run(HandlerThread.java:61)
10-30 21:43:18.357   600   620 W WindowManager: 	at com.android.server.ServiceThread.run(ServiceThread.java:46)
10-30 21:43:18.387 29245 29245 I art     : Starting a blocking GC AddRemoveAppImageSpace
10-30 21:43:18.421 29245 29245 I LoadedApk: No resource references to update in package com.opera.browser.nord_vpn
10-30 21:43:18.546 29105 29115 W art     : Suspending all threads took: 9.997ms
10-30 21:43:18.551 29105 29115 I art     : Background sticky concurrent mark sweep GC freed 5778(516KB) AllocSpace objects, 13(260KB) LOS objects, 9% free, 6MB/6MB, paused 12.119ms total 117.096ms
10-30 21:43:18.599 29245 29275 E libEGL  : validate_display:99 error 3008 (EGL_BAD_DISPLAY)
10-30 21:43:18.643 17571 17571 I MemoryTrimmer: Trimming objects from memory, since app is in the background.
10-30 21:43:18.646 17571 19750 W SearchService: Abort, client detached.
10-30 21:43:18.660 17571 29000 I DeviceStateChecker: DeviceStateChecker cancelled
10-30 21:43:18.661 17571 17571 I MicroDetector: Keeping mic open: false
10-30 21:43:18.742 17571 17601 I AudioController: internalShutdown
10-30 21:43:18.743 17571 17643 I MicroRecognitionRunner: Stopping hotword detection.
10-30 21:43:18.745 17571 17601 I MicrophoneInputStream: mic_close com.google.android.apps.gsa.speech.audio.ae@48c01c1
10-30 21:43:18.750  1084  1084 I MemoryTrimmer: Trimming objects from memory, since app is in the background.
10-30 21:43:18.760   238   285 I SoundTriggerHwService::Module: void android::SoundTriggerHwService::Module::onCallbackEvent(const sp<android::SoundTriggerHwService::CallbackEvent> &) mClient == 0
10-30 21:43:18.769 17571 29001 I MicroRecognitionRunner: Detection finished
10-30 21:43:18.786 17571 17571 I MemoryTrimmer: Trimming objects from memory, since app is in the background.
10-30 21:43:18.810 29245 29275 E libEGL  : validate_display:99 error 3008 (EGL_BAD_DISPLAY)
10-30 21:43:19.049   787 28847 W NetworkScheduler: Error inserting service_kind=0 source=16 tag=Measurement.PackageMeasurementTaskService.UPLOAD_TASK_TAG target_package=com.google.android.gms requires_charging=0 source_version=203915000 required_network_type=0 flex_time=2508000 persistence_level=1 target_class=com.google.android.gms.measurement.PackageMeasurementTaskService runtime=1667162599038 retry_strategy={"maximum_backoff_seconds":{"3600":0},"initial_backoff_seconds":{"30":0},"retry_policy":{"0":0}} preferred_network_type=1 required_idleness_state=0 preferred_charging_state=1 period=5017000 last_runtime=0 task_type=0 job_id=-1 user_id=0, error message: UNIQUE constraint failed: pending_ops.tag, pending_ops.target_class, pending_ops.target_package, pending_ops.user_id (code 2067) [CONTEXT service_id=218 ]
10-30 21:43:19.077   787 29293 W NetworkScheduler: Error inserting service_kind=0 source=16 tag=Measurement.PackageMeasurementTaskService.UPLOAD_TASK_TAG target_package=com.google.android.gms requires_charging=0 source_version=203915000 required_network_type=0 flex_time=2508000 persistence_level=1 target_class=com.google.android.gms.measurement.PackageMeasurementTaskService runtime=1667162599075 retry_strategy={"maximum_backoff_seconds":{"3600":0},"initial_backoff_seconds":{"30":0},"retry_policy":{"0":0}} preferred_network_type=1 required_idleness_state=0 preferred_charging_state=1 period=5017000 last_runtime=0 task_type=0 job_id=-1 user_id=0, error message: UNIQUE constraint failed: pending_ops.tag, pending_ops.target_class, pending_ops.target_package, pending_ops.user_id (code 2067) [CONTEXT service_id=218 ]
10-30 21:43:19.095   787 23575 W NetworkScheduler: Error inserting service_kind=0 source=16 tag=Measurement.PackageMeasurementTaskService.UPLOAD_TASK_TAG target_package=com.google.android.gms requires_charging=0 source_version=203915000 required_network_type=0 flex_time=2508000 persistence_level=1 target_class=com.google.android.gms.measurement.PackageMeasurementTaskService runtime=1667162599092 retry_strategy={"maximum_backoff_seconds":{"3600":0},"initial_backoff_seconds":{"30":0},"retry_policy":{"0":0}} preferred_network_type=1 required_idleness_state=0 preferred_charging_state=1 period=5017000 last_runtime=0 task_type=0 job_id=-1 user_id=0, error message: UNIQUE constraint failed: pending_ops.tag, pending_ops.target_class, pending_ops.target_package, pending_ops.user_id (code 2067) [CONTEXT service_id=218 ]
10-30 21:43:24.075 29105 29105 I PlayCore: UID: [10122]  PID: [29105] AppUpdateListenerRegistry : registerListener
10-30 21:43:24.076 29105 29105 I PlayCore: UID: [10122]  PID: [29105] AppUpdateService : requestUpdateInfo(com.opera.browser)
10-30 21:43:24.078 29105 29323 I PlayCore: UID: [10122]  PID: [29105] AppUpdateService : Initiate binding to the service.
10-30 21:43:24.082   600  3994 W ActivityManager: Unable to start service Intent { act=com.google.android.play.core.install.BIND_UPDATE_SERVICE pkg=com.android.vending } U=0: not found
10-30 21:43:24.082 29105 29323 I PlayCore: UID: [10122]  PID: [29105] AppUpdateService : Failed to bind to the service.
10-30 21:43:24.258 29105 29328 D ApplicationLoaders: ignored Vulkan layer search path /data/app/com.google.android.gms-1/lib/arm:/data/app/com.google.android.gms-1/base.apk!/lib/armeabi-v7a:/data/app/com.google.android.gms-1/split_config.en.apk!/lib/armeabi-v7a for namespace 0xf4a41090
10-30 21:43:24.277 29105 29328 W ResourceType: ResTable_typeSpec entry count inconsistent: given 67, previously 69
10-30 21:43:24.277 29105 29328 W ResourceType: ResTable_typeSpec entry count inconsistent: given 5346, previously 5347
10-30 21:43:24.821   600   612 D SyncManager: failed sync operation JobId: 100983, com.opera.browser u0 (com.opera.browser.ping), com.opera.browser.ping.provider, SERVER, reason: 10122, SyncResult: delayUntil: 1667169804 stats [ numIoExceptions: 1]
10-30 21:43:28.850 17571 17571 I MemoryTrimmer: Trimming objects from memory, since app is in the background.
10-30 21:43:29.734 29348 29348 D AndroidRuntime: >>>>>> START com.android.internal.os.RuntimeInit uid 2000 <<<<<<
10-30 21:43:29.738 29348 29348 D AndroidRuntime: CheckJNI is OFF
10-30 21:43:29.804 29348 29348 D ICU     : No timezone override file found: /data/misc/zoneinfo/current/icu/icu_tzdata.dat
10-30 21:43:29.837 29348 29348 I Radio-JNI: register_android_hardware_Radio DONE
10-30 21:43:29.853 29348 29348 D AndroidRuntime: Calling main entry com.android.commands.monkey.Monkey
10-30 21:43:29.951   600   613 W BroadcastQueue: Skipping deliver [background] BroadcastRecord{3bdd3c8 u-1 android.net.conn.CONNECTIVITY_CHANGE} to ReceiverList{30a4c61 29348 (unknown name)/2000/u-1 remote:cbd85ba}: process crashing
10-30 21:43:31.550 29348 29348 D MonkeyStub: translateCommand: wake
10-30 21:43:31.718 29348 29348 D MonkeyStub: translateCommand: tap 960 1881
10-30 21:43:31.790   600  3509 I ActivityManager: START u0 {act=android.intent.action.VIEW flg=0x1000000 cmp=com.opera.browser/com.opera.android.IntentDispatcherActivity} from uid 10122 on display 0
10-30 21:43:31.909   600 13557 I ActivityManager: START u0 {act=android.intent.action.VIEW flg=0x15002000 cmp=com.opera.browser/com.opera.android.BrowserActivity} from uid 10122 on display 0
10-30 21:43:31.915  1084  1171 I OpenGLRenderer: Initialized EGL, version 1.4
10-30 21:43:31.915  1084  1171 D OpenGLRenderer: Swap behavior 2
10-30 21:43:32.013   600   609 I art     : Background partial concurrent mark sweep GC freed 45947(2MB) AllocSpace objects, 41(1304KB) LOS objects, 33% free, 16MB/24MB, paused 1.159ms total 148.486ms
10-30 21:43:32.144  1084  1084 I MemoryTrimmer: Trimming objects from memory, since app is in the background.
10-30 21:43:32.241 29105 29398 W ResourceType: ResTable_typeSpec entry count inconsistent: given 67, previously 69
10-30 21:43:32.242 29105 29398 W ResourceType: ResTable_typeSpec entry count inconsistent: given 5346, previously 5347
10-30 21:43:32.375   600   620 I ActivityManager: Displayed com.opera.browser/com.opera.android.BrowserActivity: +443ms (total +536ms)
10-30 21:43:32.383   600  1080 I CwMcuSensor: CwMcuSensor::flush: fd = 252, sensors_id = 0, path = /sys/class/htc_sensorhub/sensor_hub/flush, err = 0
10-30 21:43:32.464 29105 29216 D OpenGLRenderer: endAllActiveAnimators on 0xce4aaf80 (RippleDrawable) with handle 0xce0f3230
10-30 21:43:32.608 29105 29370 E [Leanplum][ERROR]: No variable values were received from the server. Please contact us to investigate.
10-30 21:43:32.693 29105 29115 W art     : Suspending all threads took: 10.140ms
10-30 21:43:32.708 29105 29115 I art     : Background partial concurrent mark sweep GC freed 34338(1848KB) AllocSpace objects, 10(316KB) LOS objects, 40% free, 7MB/12MB, paused 13.469ms total 97.199ms
10-30 21:43:32.874 29105 29420 W ResourceType: ResTable_typeSpec entry count inconsistent: given 67, previously 69
10-30 21:43:32.874 29105 29420 W ResourceType: ResTable_typeSpec entry count inconsistent: given 5346, previously 5347
10-30 21:43:32.892   787 29293 W NetworkScheduler: Error inserting service_kind=0 source=16 tag=Measurement.PackageMeasurementTaskService.UPLOAD_TASK_TAG target_package=com.google.android.gms requires_charging=0 source_version=203915000 required_network_type=0 flex_time=2494000 persistence_level=1 target_class=com.google.android.gms.measurement.PackageMeasurementTaskService runtime=1667162612888 retry_strategy={"maximum_backoff_seconds":{"3600":0},"initial_backoff_seconds":{"30":0},"retry_policy":{"0":0}} preferred_network_type=1 required_idleness_state=0 preferred_charging_state=1 period=4989000 last_runtime=0 task_type=0 job_id=-1 user_id=0, error message: UNIQUE constraint failed: pending_ops.tag, pending_ops.target_class, pending_ops.target_package, pending_ops.user_id (code 2067) [CONTEXT service_id=218 ]
10-30 21:43:33.017   787 29293 W NetworkScheduler: Error inserting service_kind=0 source=16 tag=Measurement.PackageMeasurementTaskService.UPLOAD_TASK_TAG target_package=com.google.android.gms requires_charging=0 source_version=203915000 required_network_type=0 flex_time=2494000 persistence_level=1 target_class=com.google.android.gms.measurement.PackageMeasurementTaskService runtime=1667162613009 retry_strategy={"maximum_backoff_seconds":{"3600":0},"initial_backoff_seconds":{"30":0},"retry_policy":{"0":0}} preferred_network_type=1 required_idleness_state=0 preferred_charging_state=1 period=4989000 last_runtime=0 task_type=0 job_id=-1 user_id=0, error message: UNIQUE constraint failed: pending_ops.tag, pending_ops.target_class, pending_ops.target_package, pending_ops.user_id (code 2067) [CONTEXT service_id=218 ]
10-30 21:43:33.099 29105 29110 I art     : Do partial code cache collection, code=19KB, data=30KB
10-30 21:43:33.100 29105 29110 I art     : After code cache collection, code=19KB, data=30KB
10-30 21:43:33.100 29105 29110 I art     : Increasing code cache capacity to 128KB
10-30 21:43:33.173 29105 29105 E Sensors : sendAck failure -1 1
10-30 21:43:33.173 29105 29105 E Sensors : sendAck failure -1 2
10-30 21:43:33.173 29105 29105 E Sensors : sendAck failure -1 3
10-30 21:43:33.173 29105 29105 E Sensors : sendAck failure -1 4
10-30 21:43:33.173 29105 29105 E Sensors : sendAck failure -1 5
10-30 21:43:33.173 29105 29105 E Sensors : sendAck failure -1 6
10-30 21:43:33.173 29105 29105 E Sensors : sendAck failure -1 7
10-30 21:43:33.173 29105 29105 E Sensors : sendAck failure -1 8
10-30 21:43:33.173 29105 29105 E Sensors : sendAck failure -1 9
10-30 21:43:33.174 29105 29105 E Sensors : sendAck failure -1 10
10-30 21:43:33.174 29105 29105 E Sensors : sendAck failure -1 11
10-30 21:43:33.174 29105 29105 E Sensors : sendAck failure -1 12
10-30 21:43:33.174 29105 29105 E Sensors : sendAck failure -1 1
10-30 21:43:33.174 29105 29105 E Sensors : sendAck failure -1 2
10-30 21:43:33.174 29105 29105 E Sensors : sendAck failure -1 3
10-30 21:43:33.174 29105 29105 E Sensors : sendAck failure -1 4
10-30 21:43:33.174 29105 29105 E Sensors : sendAck failure -1 5
10-30 21:43:33.174 29105 29105 E Sensors : sendAck failure -1 6
10-30 21:43:33.174 29105 29105 E Sensors : sendAck failure -1 7
10-30 21:43:33.174 29105 29105 E Sensors : sendAck failure -1 8
10-30 21:43:33.175 29105 29105 E Sensors : sendAck failure -1 9
10-30 21:43:33.175 29105 29105 E Sensors : sendAck failure -1 1
10-30 21:43:33.175 29105 29105 E Sensors : sendAck failure -1 2
10-30 21:43:33.175 29105 29105 E Sensors : sendAck failure -1 3
10-30 21:43:33.175 29105 29105 E Sensors : sendAck failure -1 4
10-30 21:43:33.175 29105 29105 E Sensors : sendAck failure -1 5
10-30 21:43:33.175 29105 29105 E Sensors : sendAck failure -1 6
10-30 21:43:33.175 29105 29105 E Sensors : sendAck failure -1 7
10-30 21:43:33.175 29105 29105 E Sensors : sendAck failure -1 8
10-30 21:43:33.175 29105 29105 E Sensors : sendAck failure -1 9
10-30 21:43:33.175 29105 29105 E Sensors : sendAck failure -1 10
10-30 21:43:33.175 29105 29105 E Sensors : sendAck failure -1 11
10-30 21:43:33.175 29105 29105 E Sensors : sendAck failure -1 12
10-30 21:43:33.175 29105 29105 E Sensors : sendAck failure -1 13
10-30 21:43:33.200 29105 29105 I Choreographer: Skipped 42 frames!  The application may be doing too much work on its main thread.
10-30 21:43:33.428 29105 29105 W View    : requestLayout() improperly called by com.opera.android.custom_views.FadingRecyclerView{c44fb5c VFED.V... ......ID 0,813-1536,813 #7f0a0825 app:id/suggested_dials_grid} during layout: running second layout pass
10-30 21:43:33.827 29105 29115 I art     : Background partial concurrent mark sweep GC freed 41593(2MB) AllocSpace objects, 27(644KB) LOS objects, 40% free, 12MB/21MB, paused 4.183ms total 357.686ms
10-30 21:43:34.092 29469 29469 I dex2oat : /system/bin/dex2oat --dex-file=/data/user/0/com.opera.browser/code_cache/.       --oat-fd=199 --oat-location=/data/user/0/com.opera.browser/code_cache/.  ​  --compiler-filter=speed
10-30 21:43:34.521 29469 29469 I dex2oat : dex2oat took 434.175ms (threads: 2) arena alloc=432KB (442800B) java alloc=32KB (33064B) native alloc=346KB (354496B) free=1189KB (1218368B)
10-30 21:43:34.669 29105 29115 I art     : Background sticky concurrent mark sweep GC freed 84842(5MB) AllocSpace objects, 38(2MB) LOS objects, 34% free, 14MB/21MB, paused 8.003ms total 160.404ms
10-30 21:43:34.837 29105 29110 I art     : Do partial code cache collection, code=37KB, data=61KB
10-30 21:43:34.839 29105 29110 I art     : After code cache collection, code=37KB, data=61KB
10-30 21:43:34.840 29105 29110 I art     : Increasing code cache capacity to 256KB
10-30 21:43:34.863 29484 29484 I dex2oat : /system/bin/dex2oat --dex-file=/data/user/0/com.opera.browser/code_cache/.      --oat-fd=199 --oat-location=/data/user/0/com.opera.browser/code_cache/.    --compiler-filter=speed
10-30 21:43:35.288 29484 29484 I dex2oat : dex2oat took 427.587ms (threads: 2) arena alloc=544KB (557824B) java alloc=113KB (115904B) native alloc=523KB (536504B) free=1524KB (1560648B)
10-30 21:43:35.953 29348 29348 D MonkeyStub: translateCommand: tap 57 93
10-30 21:43:38.021 29348 29348 D MonkeyStub: translateCommand: tap 57 93
10-30 21:43:39.238 29105 29115 I art     : Background partial concurrent mark sweep GC freed 81666(3MB) AllocSpace objects, 16(3MB) LOS objects, 39% free, 18MB/30MB, paused 1.316ms total 148.081ms
10-30 21:43:40.278 29348 29348 D MonkeyStub: translateCommand: tap 446 593
10-30 21:43:42.526 29348 29348 D MonkeyStub: translateCommand: tap 667 302
10-30 21:43:42.614 29105 29110 I art     : Do full code cache collection, code=80KB, data=124KB
10-30 21:43:42.615 29105 29110 I art     : Starting a blocking GC JitCodeCache
10-30 21:43:42.615 29105 29110 I art     : After code cache collection, code=62KB, data=67KB
10-30 21:43:45.804 29348 29348 D MonkeyStub: translateCommand: tap 1286 930
10-30 21:43:47.031 29348 29348 D MonkeyStub: translateCommand: tap 62 98
10-30 21:43:47.065 29348 29348 D MonkeyStub: translateCommand: tap 729 89
10-30 21:43:47.080 29348 29348 D MonkeyStub: Quit requested
10-30 21:43:47.105   600   614 I CwMcuSensor: CwMcuSensor::flush: fd = 252, sensors_id = 0, path = /sys/class/htc_sensorhub/sensor_hub/flush, err = 0
10-30 21:43:47.131 29348 29348 I art     : System.exit called, status: 16
10-30 21:43:47.131 29348 29348 I AndroidRuntime: VM exiting with result code 16.
10-30 21:43:47.156   600  2707 W WindowManager: Attempted to remove non-existing token: android.os.Binder@304f53f
10-30 21:43:47.374   600  3675 E BatteryStatsService: power: Missing API
10-30 21:43:47.381   600  3675 E BatteryStatsService: no controller energy info supplied
10-30 21:43:47.382   796   796 E PhoneInterfaceManager: [PhoneIntfMgr] queryModemActivityInfo: Empty response
10-30 21:43:47.390   600  3675 E BatteryStatsService: modem info is invalid: ModemActivityInfo{ mTimestamp=0 mSleepTimeMs=0 mIdleTimeMs=0 mTxTimeMs[]=[0, 0, 0, 0, 0] mRxTimeMs=0 mEnergyUsed=0}
10-30 21:43:47.394   600   613 W ProcessCpuTracker: Skipping unknown process pid 29510
10-30 21:43:47.790 29513 29513 D AndroidRuntime: >>>>>> START com.android.internal.os.RuntimeInit uid 2000 <<<<<<
10-30 21:43:47.794 29513 29513 D AndroidRuntime: CheckJNI is OFF
10-30 21:43:47.863 29513 29513 D ICU     : No timezone override file found: /data/misc/zoneinfo/current/icu/icu_tzdata.dat
10-30 21:43:47.893 29513 29513 I Radio-JNI: register_android_hardware_Radio DONE
10-30 21:43:47.908 29513 29513 D AndroidRuntime: Calling main entry com.android.commands.am.Am
10-30 21:43:47.928   600 29683 I ActivityManager: START u0 {act=android.intent.action.VIEW dat=http://192.168.40.1/... flg=0x10000000 cmp=com.opera.browser/com.opera.Opera} from uid 2000 on display 0
10-30 21:43:47.934 29513 29513 D AndroidRuntime: Shutting down VM
10-30 21:43:48.037 29105 29105 W art     : Before Android 4.1, method double java.util.concurrent.ThreadLocalRandom.internalNextDouble(double, double) would have incorrectly overridden the package-private method in java.util.Random
10-30 21:43:48.037 29105 29105 W art     : Before Android 4.1, method int java.util.concurrent.ThreadLocalRandom.internalNextInt(int, int) would have incorrectly overridden the package-private method in java.util.Random
10-30 21:43:48.037 29105 29105 W art     : Before Android 4.1, method long java.util.concurrent.ThreadLocalRandom.internalNextLong(long, long) would have incorrectly overridden the package-private method in java.util.Random
10-30 21:43:48.075   600   619 D BluetoothManagerService: Message: 20
10-30 21:43:48.075   600   619 D BluetoothManagerService: Added callback: android.bluetooth.IBluetoothManagerCallback$Stub$Proxy@1b8e501:true
10-30 21:43:48.094   600   610 I ActivityManager: Start proc 29525:com.opera.browser:sandboxed_process0/u0a122 for service com.opera.browser/com.opera.android.browser.chromium.services.SandboxedProcessService0
10-30 21:43:48.155 29525 29525 I art     : Starting a blocking GC AddRemoveAppImageSpace
10-30 21:43:48.175 29525 29525 I LoadedApk: No resource references to update in package com.opera.browser.nord_vpn
10-30 21:43:48.197 29105 29476 W ResourceType: ResTable_typeSpec entry count inconsistent: given 67, previously 69
10-30 21:43:48.198 29105 29476 W ResourceType: ResTable_typeSpec entry count inconsistent: given 5346, previously 5347
10-30 21:43:48.458 29105 29110 I art     : Do partial code cache collection, code=84KB, data=108KB
10-30 21:43:48.460 29105 29110 I art     : After code cache collection, code=84KB, data=108KB
10-30 21:43:48.460 29105 29110 I art     : Increasing code cache capacity to 512KB
10-30 21:43:48.508   787  1716 I FontLog : Received query name=Google Sans&weight=400&besteffort=false, URI content://com.google.android.gms.fonts [CONTEXT service_id=132 ]
10-30 21:43:48.509   787  1716 I FontLog : Query [name=Google Sans&weight=400&besteffort=false] resolved to {Google Sans, wdth 100.0, wght 400, ital 0.0, bestEffort false} [CONTEXT service_id=132 ]
10-30 21:43:48.516   787  1716 I FontLog : Font PFD returned from cache for {Google Sans, wdth 100.0, wght 400, ital 0.0, bestEffort false} [CONTEXT service_id=132 ]
10-30 21:43:48.516   787  1716 I FontLog : Fetch {Google Sans, wdth 100.0, wght 400, ital 0.0, bestEffort false} end status Status{statusCode=SUCCESS, resolution=null} [CONTEXT service_id=132 ]
10-30 21:43:48.529   787  1714 I FontLog : Pulling font file for id = 1192, cache size = 6 [CONTEXT service_id=132 ]
10-30 21:43:48.540   787 23224 I FontLog : Received query name=Google Sans&weight=500&besteffort=false, URI content://com.google.android.gms.fonts [CONTEXT service_id=132 ]
10-30 21:43:48.541   787 23224 I FontLog : Query [name=Google Sans&weight=500&besteffort=false] resolved to {Google Sans, wdth 100.0, wght 500, ital 0.0, bestEffort false} [CONTEXT service_id=132 ]
10-30 21:43:48.542   787 23224 I FontLog : Font PFD returned from cache for {Google Sans, wdth 100.0, wght 500, ital 0.0, bestEffort false} [CONTEXT service_id=132 ]
10-30 21:43:48.542   787 23224 I FontLog : Fetch {Google Sans, wdth 100.0, wght 500, ital 0.0, bestEffort false} end status Status{statusCode=SUCCESS, resolution=null} [CONTEXT service_id=132 ]
10-30 21:43:48.545   787  1174 I FontLog : Pulling font file for id = 1193, cache size = 6 [CONTEXT service_id=132 ]
10-30 21:43:48.550   787  1620 I FontLog : Received query name=Google Sans&weight=700&besteffort=false, URI content://com.google.android.gms.fonts [CONTEXT service_id=132 ]
10-30 21:43:48.550   787  1620 I FontLog : Query [name=Google Sans&weight=700&besteffort=false] resolved to {Google Sans, wdth 100.0, wght 700, ital 0.0, bestEffort false} [CONTEXT service_id=132 ]
10-30 21:43:48.551   787  1620 I FontLog : Fetch {Google Sans, wdth 100.0, wght 700, ital 0.0, bestEffort false} end status Status{statusCode=SUCCESS, resolution=null} [CONTEXT service_id=132 ]
10-30 21:43:48.558   787 28589 I FontLog : Pulling font file for id = 1194, cache size = 7 [CONTEXT service_id=132 ]
10-30 21:43:48.569   787  1245 I FontLog : Received query name=Noto Color Emoji Compat&weight=400&besteffort=false, URI content://com.google.android.gms.fonts [CONTEXT service_id=132 ]
10-30 21:43:48.569   787  1245 I FontLog : Query [name=Noto Color Emoji Compat&weight=400&besteffort=false] resolved to {Noto Color Emoji Compat, wdth 100.0, wght 400, ital 0.0, bestEffort false} [CONTEXT service_id=132 ]
10-30 21:43:48.575   787  1245 I FontLog : Fetch {Noto Color Emoji Compat, wdth 100.0, wght 400, ital 0.0, bestEffort false} end status Status{statusCode=SUCCESS, resolution=null} [CONTEXT service_id=132 ]
10-30 21:43:48.580   787 28592 I FontLog : Pulling font file for id = 1195, cache size = 8 [CONTEXT service_id=132 ]
10-30 21:43:48.709   787 22869 I SQLiteConnectionPool: The connection pool for /data/user/0/com.google.android.gms/databases/metadata.db has been closed but there are still 1 connections in use.  They will be closed as they are released back to the pool.
10-30 21:43:48.788   787 29548 W FontLog : Error updating last accessed time for {Noto Color Emoji Compat, wdth 100.0, wght 400, ital 0.0, bestEffort false}. [CONTEXT service_id=132 ]
10-30 21:43:48.788   787 29548 W FontLog : java.lang.IllegalStateException: Cannot perform this operation because the connection pool has been closed.
10-30 21:43:48.788   787 29548 W FontLog : 	at android.database.sqlite.SQLiteConnectionPool.throwIfClosedLocked(SQLiteConnectionPool.java:962)
10-30 21:43:48.788   787 29548 W FontLog : 	at android.database.sqlite.SQLiteConnectionPool.waitForConnection(SQLiteConnectionPool.java:677)
10-30 21:43:48.788   787 29548 W FontLog : 	at android.database.sqlite.SQLiteConnectionPool.acquireConnection(SQLiteConnectionPool.java:348)
10-30 21:43:48.788   787 29548 W FontLog : 	at android.database.sqlite.SQLiteSession.acquireConnection(SQLiteSession.java:894)
10-30 21:43:48.788   787 29548 W FontLog : 	at android.database.sqlite.SQLiteSession.executeForChangedRowCount(SQLiteSession.java:752)
10-30 21:43:48.788   787 29548 W FontLog : 	at android.database.sqlite.SQLiteStatement.executeUpdateDelete(SQLiteStatement.java:64)
10-30 21:43:48.788   787 29548 W FontLog : 	at android.database.sqlite.SQLiteDatabase.executeSql(SQLiteDatabase.java:1679)
10-30 21:43:48.788   787 29548 W FontLog : 	at android.database.sqlite.SQLiteDatabase.execSQL(SQLiteDatabase.java:1658)
10-30 21:43:48.788   787 29548 W FontLog : 	at aafx.run(Unknown Source)
10-30 21:43:48.788   787 29548 W FontLog : 	at sup.b(:com.google.android.gms@203915020@20.39.15 (040406-335085812):12)
10-30 21:43:48.788   787 29548 W FontLog : 	at sup.run(:com.google.android.gms@203915020@20.39.15 (040406-335085812):7)
10-30 21:43:48.788   787 29548 W FontLog : 	at java.util.concurrent.ThreadPoolExecutor.runWorker(ThreadPoolExecutor.java:1133)
10-30 21:43:48.788   787 29548 W FontLog : 	at java.util.concurrent.ThreadPoolExecutor$Worker.run(ThreadPoolExecutor.java:607)
10-30 21:43:48.788   787 29548 W FontLog : 	at tam.run(:com.google.android.gms@203915020@20.39.15 (040406-335085812):0)
10-30 21:43:48.788   787 29548 W FontLog : 	at java.lang.Thread.run(Thread.java:761)
10-30 21:43:48.837   787 21134 W NetworkScheduler: Error inserting service_kind=0 source=16 tag=Measurement.PackageMeasurementTaskService.UPLOAD_TASK_TAG target_package=com.google.android.gms requires_charging=0 source_version=203915000 required_network_type=0 flex_time=2478000 persistence_level=1 target_class=com.google.android.gms.measurement.PackageMeasurementTaskService runtime=1667162628821 retry_strategy={"maximum_backoff_seconds":{"3600":0},"initial_backoff_seconds":{"30":0},"retry_policy":{"0":0}} preferred_network_type=1 required_idleness_state=0 preferred_charging_state=1 period=4958000 last_runtime=0 task_type=0 job_id=-1 user_id=0, error message: UNIQUE constraint failed: pending_ops.tag, pending_ops.target_class, pending_ops.target_package, pending_ops.user_id (code 2067) [CONTEXT service_id=218 ]
10-30 21:44:01.141 29601 29601 D AndroidRuntime: >>>>>> START com.android.internal.os.RuntimeInit uid 2000 <<<<<<
10-30 21:44:01.147 29601 29601 D AndroidRuntime: CheckJNI is OFF
10-30 21:44:01.251 29601 29601 D ICU     : No timezone override file found: /data/misc/zoneinfo/current/icu/icu_tzdata.dat
10-30 21:44:01.294 29601 29601 I Radio-JNI: register_android_hardware_Radio DONE
10-30 21:44:01.318 29601 29601 D AndroidRuntime: Calling main entry com.android.commands.monkey.Monkey
10-30 21:44:01.423   600   613 W BroadcastQueue: Skipping deliver [background] BroadcastRecord{7d74878 u-1 android.net.conn.CONNECTIVITY_CHANGE} to ReceiverList{38e9b51 29601 (unknown name)/2000/u-1 remote:17bdeea}: process crashing
10-30 21:44:02.578 29601 29601 D MonkeyStub: translateCommand: wake
10-30 21:44:02.693 29601 29601 D MonkeyStub: translateCommand: tap 1339 1877
10-30 21:44:12.837 29601 29601 D MonkeyStub: translateCommand: touch down 614 1561
10-30 21:44:12.848 29601 29601 D MonkeyStub: translateCommand: touch move 614 1561
10-30 21:44:12.958 29601 29601 D MonkeyStub: translateCommand: touch move 614 1436
10-30 21:44:13.064 29601 29601 D MonkeyStub: translateCommand: touch move 614 1311
10-30 21:44:13.174 29601 29601 D MonkeyStub: translateCommand: touch move 614 1186
10-30 21:44:13.283 29601 29601 D MonkeyStub: translateCommand: touch move 614 1061
10-30 21:44:13.392 29601 29601 D MonkeyStub: translateCommand: touch move 614 937
10-30 21:44:13.526 29601 29601 D MonkeyStub: translateCommand: touch move 614 812
10-30 21:44:13.643 29601 29601 D MonkeyStub: translateCommand: touch move 614 687
10-30 21:44:13.753 29601 29601 D MonkeyStub: translateCommand: touch move 614 562
10-30 21:44:13.862 29601 29601 D MonkeyStub: translateCommand: touch move 614 437
10-30 21:44:13.979 29601 29601 D MonkeyStub: translateCommand: touch move 614 312
10-30 21:44:13.986 29601 29601 D MonkeyStub: translateCommand: touch up 614 312
10-30 21:44:16.112 29601 29601 D MonkeyStub: translateCommand: touch down 614 1561
10-30 21:44:16.117 29601 29601 D MonkeyStub: translateCommand: touch move 614 1561
10-30 21:44:16.221 29601 29601 D MonkeyStub: translateCommand: touch move 614 1436
10-30 21:44:16.326 29601 29601 D MonkeyStub: translateCommand: touch move 614 1311
10-30 21:44:16.433 29601 29601 D MonkeyStub: translateCommand: touch move 614 1186
10-30 21:44:16.539 29601 29601 D MonkeyStub: translateCommand: touch move 614 1061
10-30 21:44:16.642 29601 29601 D MonkeyStub: translateCommand: touch move 614 937
10-30 21:44:16.748 29601 29601 D MonkeyStub: translateCommand: touch move 614 812
10-30 21:44:16.856 29601 29601 D MonkeyStub: translateCommand: touch move 614 687
10-30 21:44:16.966 29601 29601 D MonkeyStub: translateCommand: touch move 614 562
10-30 21:44:17.077 29601 29601 D MonkeyStub: translateCommand: touch move 614 437
10-30 21:44:17.188 29601 29601 D MonkeyStub: translateCommand: touch move 614 312
10-30 21:44:17.202 29601 29601 D MonkeyStub: translateCommand: touch up 614 312
10-30 21:44:17.374 29525 29539 I chromium: [INFO:pipeline_controller.cc(46)] MCHR-300: Starting pipeline, demuxer: FFmpegDemuxer
10-30 21:44:17.400 29525 29542 I chromium: [INFO:ffmpeg_glue.cc(159)] MCHR-300: Container: mov,mp4,m4a,3gp,3g2,mj2
10-30 21:44:17.471 29105 29105 V MediaRouter: Adding route: RouteInfo{ name=Tablet, description=null, status=null, category=RouteCategory{ name=null types=ROUTE_TYPE_LIVE_AUDIO ROUTE_TYPE_LIVE_VIDEO  groupable=false }, supportedTypes=ROUTE_TYPE_LIVE_AUDIO ROUTE_TYPE_LIVE_VIDEO , presentationDisplay=null }
10-30 21:44:17.490 29105 29105 V MediaRouter: Updating audio routes: AudioRoutesInfo{ type=SPEAKER }
10-30 21:44:17.493 29105 29105 V MediaRouter: Selecting route: RouteInfo{ name=Tablet, description=null, status=null, category=RouteCategory{ name=null types=ROUTE_TYPE_LIVE_AUDIO ROUTE_TYPE_LIVE_VIDEO  groupable=false }, supportedTypes=ROUTE_TYPE_LIVE_AUDIO ROUTE_TYPE_LIVE_VIDEO , presentationDisplay=null }
10-30 21:44:17.556 29105 29105 V MediaRouter: Selecting route: RouteInfo{ name=Tablet, description=null, status=null, category=RouteCategory{ name=null types=ROUTE_TYPE_LIVE_AUDIO ROUTE_TYPE_LIVE_VIDEO  groupable=false }, supportedTypes=ROUTE_TYPE_LIVE_AUDIO ROUTE_TYPE_LIVE_VIDEO , presentationDisplay=null }
10-30 21:44:17.691   600   609 I art     : Background partial concurrent mark sweep GC freed 52440(2MB) AllocSpace objects, 10(216KB) LOS objects, 33% free, 16MB/24MB, paused 834us total 204.049ms
10-30 21:44:17.696 23772 24340 I CastDatabase: Opening the database
10-30 21:44:17.717 23772 23772 I DiscoveryManager: WifiGuestModeDeviceScanner enabled.
10-30 21:44:17.723   600   647 I WifiHAL : Got channel list with 13 channels
10-30 21:44:17.724   600   647 I WifiHAL : Got channel list with 4 channels
10-30 21:44:17.724   600   647 I WifiHAL : Got channel list with 15 channels
10-30 21:44:17.760 23772 24340 I SQLiteCastStore: 2 CastNetworkInfo instances loaded, 1 CastDeviceInfo instances loaded, 0 paired guest mode devices loaded.
10-30 21:44:17.761 23772 24340 I DiscoveryManager: Filter criteria(D38CB0C5) scannerFlags(0)
10-30 21:44:17.769 23772 24340 I CastDatabase: CastDeviceInfo created: V_cd5e43be-8962-4fa9-9dea-3a90d2cc3665
10-30 21:44:17.769 23772 24340 W GuestModeDeviceProber: setFilterCriteria
10-30 21:44:17.776 23772 24340 E DeviceScanner: [BLE] Failed to start scan because the Bluetooth is disabled.
10-30 21:44:17.777 23772 24340 W DatabaseProcessor: processLocalDevices: failed to get the network info with non-null bssid.
10-30 21:44:17.779 23772 24340 W DatabaseProcessor: processLocalDevices: failed to get the network info with non-null bssid.
10-30 21:44:17.781 23772 24340 E DeviceScanner: [BLE] Failed to start scan because the Bluetooth is disabled.
10-30 21:44:17.782 23772 24340 W DatabaseProcessor: processLocalDevices: failed to get the network info with non-null bssid.
10-30 21:44:17.785 23772 24340 W DatabaseProcessor: processLocalDevices: failed to get the network info with non-null bssid.
10-30 21:44:20.390 29601 29601 D MonkeyStub: translateCommand: touch down 614 312
10-30 21:44:20.400 29601 29601 D MonkeyStub: translateCommand: touch move 614 312
10-30 21:44:20.550 29601 29601 D MonkeyStub: translateCommand: touch move 614 437
10-30 21:44:20.779 23772 24089 W AdaptiveDiscoveryWorker: Exiting Adaptive Discovery. Current NetworkInfo is NULL.
10-30 21:44:20.925 29601 29601 D MonkeyStub: translateCommand: touch move 614 562
10-30 21:44:20.970 23772 24089 W DatabaseProcessor: processLocalDevices: failed to get the network info with non-null bssid.
10-30 21:44:21.035 29601 29601 D MonkeyStub: translateCommand: touch move 614 687
10-30 21:44:21.146 29601 29601 D MonkeyStub: translateCommand: touch move 614 812
10-30 21:44:21.253 29601 29601 D MonkeyStub: translateCommand: touch move 614 937
10-30 21:44:21.363 29601 29601 D MonkeyStub: translateCommand: touch move 614 1061
10-30 21:44:21.497 29601 29601 D MonkeyStub: translateCommand: touch move 614 1186
10-30 21:44:21.608 29601 29601 D MonkeyStub: translateCommand: touch move 614 1311
10-30 21:44:21.716 29601 29601 D MonkeyStub: translateCommand: touch move 614 1436
10-30 21:44:21.827 29601 29601 D MonkeyStub: translateCommand: touch move 614 1561
10-30 21:44:21.840 29601 29601 D MonkeyStub: translateCommand: touch up 614 1561
10-30 21:44:21.925 29601 29601 D MonkeyStub: translateCommand: touch down 614 312
10-30 21:44:21.934 29601 29601 D MonkeyStub: translateCommand: touch move 614 312
10-30 21:44:22.052 29601 29601 D MonkeyStub: translateCommand: touch move 614 437
10-30 21:44:22.162 29601 29601 D MonkeyStub: translateCommand: touch move 614 562
10-30 21:44:22.273 29601 29601 D MonkeyStub: translateCommand: touch move 614 687
10-30 21:44:22.384 29601 29601 D MonkeyStub: translateCommand: touch move 614 812
10-30 21:44:22.555 29601 29601 D MonkeyStub: translateCommand: touch move 614 937
10-30 21:44:22.670 29601 29601 D MonkeyStub: translateCommand: touch move 614 1061
10-30 21:44:22.779 29601 29601 D MonkeyStub: translateCommand: touch move 614 1186
10-30 21:44:22.886 29601 29601 D MonkeyStub: translateCommand: touch move 614 1311
10-30 21:44:22.996 29601 29601 D MonkeyStub: translateCommand: touch move 614 1436
10-30 21:44:23.109 29601 29601 D MonkeyStub: translateCommand: touch move 614 1561
10-30 21:44:23.112 29601 29601 D MonkeyStub: translateCommand: touch up 614 1561
10-30 21:44:28.213 29601 29601 D MonkeyStub: translateCommand: tap 724 439
10-30 21:44:30.671   198   198 E SELinux : avc:  denied  { find } for service=netd pid=29691 uid=2000 scontext=u:r:shell:s0 tcontext=u:object_r:netd_service:s0 tclass=service_manager permissive=0
10-30 21:44:30.675   198   198 E SELinux : avc:  denied  { find } for service=android.service.gatekeeper.IGateKeeperService pid=29691 uid=2000 scontext=u:r:shell:s0 tcontext=u:object_r:gatekeeper_service:s0 tclass=service_manager permissive=0
10-30 21:44:36.391 29601 29601 D MonkeyStub: translateCommand: touch down 614 1561
10-30 21:44:36.409 29601 29601 D MonkeyStub: translateCommand: touch move 614 1561
10-30 21:44:36.518 29601 29601 D MonkeyStub: translateCommand: touch move 614 1436
10-30 21:44:36.628 29601 29601 D MonkeyStub: translateCommand: touch move 614 1311
10-30 21:44:36.739 29601 29601 D MonkeyStub: translateCommand: touch move 614 1186
10-30 21:44:36.850 29601 29601 D MonkeyStub: translateCommand: touch move 614 1061
10-30 21:44:36.959 29601 29601 D MonkeyStub: translateCommand: touch move 614 937
10-30 21:44:37.075 29601 29601 D MonkeyStub: translateCommand: touch move 614 812
10-30 21:44:37.210 29601 29601 D MonkeyStub: translateCommand: touch move 614 687
10-30 21:44:37.319 29601 29601 D MonkeyStub: translateCommand: touch move 614 562
10-30 21:44:37.431 29601 29601 D MonkeyStub: translateCommand: touch move 614 437
10-30 21:44:37.540 29601 29601 D MonkeyStub: translateCommand: touch move 614 312
10-30 21:44:37.545 29601 29601 D MonkeyStub: translateCommand: touch up 614 312
10-30 21:44:37.581 29601 29601 D MonkeyStub: translateCommand: touch down 614 1561
10-30 21:44:37.586 29601 29601 D MonkeyStub: translateCommand: touch move 614 1561
10-30 21:44:37.699 29601 29601 D MonkeyStub: translateCommand: touch move 614 1436
10-30 21:44:37.818 29601 29601 D MonkeyStub: translateCommand: touch move 614 1311
10-30 21:44:37.927 29601 29601 D MonkeyStub: translateCommand: touch move 614 1186
10-30 21:44:38.038 29601 29601 D MonkeyStub: translateCommand: touch move 614 1061
10-30 21:44:38.152 29601 29601 D MonkeyStub: translateCommand: touch move 614 937
10-30 21:44:38.260 29601 29601 D MonkeyStub: translateCommand: touch move 614 812
10-30 21:44:38.371 29601 29601 D MonkeyStub: translateCommand: touch move 614 687
10-30 21:44:38.476 29601 29601 D MonkeyStub: translateCommand: touch move 614 562
10-30 21:44:38.586 29601 29601 D MonkeyStub: translateCommand: touch move 614 437
10-30 21:44:38.698 29601 29601 D MonkeyStub: translateCommand: touch move 614 312
10-30 21:44:38.709 29601 29601 D MonkeyStub: translateCommand: touch up 614 312
10-30 21:44:43.764 29601 29601 D MonkeyStub: Quit requested
10-30 21:44:43.807   600   614 I CwMcuSensor: CwMcuSensor::flush: fd = 252, sensors_id = 0, path = /sys/class/htc_sensorhub/sensor_hub/flush, err = 0
10-30 21:44:43.814 29601 29601 I art     : System.exit called, status: 82
10-30 21:44:43.814 29601 29601 I AndroidRuntime: VM exiting with result code 82.
10-30 21:44:43.852   600  3994 W WindowManager: Attempted to remove non-existing token: android.os.Binder@8b0ffb6
10-30 21:45:00.090 29708 29708 D AndroidRuntime: >>>>>> START com.android.internal.os.RuntimeInit uid 2000 <<<<<<
10-30 21:45:00.097 29708 29708 D AndroidRuntime: CheckJNI is OFF
10-30 21:45:00.186 29708 29708 D ICU     : No timezone override file found: /data/misc/zoneinfo/current/icu/icu_tzdata.dat
10-30 21:45:00.228 29708 29708 I Radio-JNI: register_android_hardware_Radio DONE
10-30 21:45:00.245 29708 29708 D AndroidRuntime: Calling main entry com.android.commands.am.Am
10-30 21:45:00.264   600  3675 I ActivityManager: Force stopping com.opera.browser appid=10122 user=0: from pid 29708
10-30 21:45:00.264   600  3675 I ActivityManager: Killing 29245:com.opera.browser:privileged_process0/u0a122 (adj 0): stop com.opera.browser
10-30 21:45:00.264   600  3675 D ActivityManager: cleanUpApplicationRecord -- 29245
10-30 21:45:00.264   600  3675 W ActivityManager: Scheduling restart of crashed service com.opera.browser/com.opera.android.browser.chromium.services.PrivilegedProcessService0 in 1000ms
10-30 21:45:00.264   600  3675 I ActivityManager: Killing 29105:com.opera.browser/u0a122 (adj 0): stop com.opera.browser
10-30 21:45:00.265   600  3675 D ActivityManager: cleanUpApplicationRecord -- 29105
10-30 21:45:00.266   600  3675 W ActivityManager: Force removing ActivityRecord{c71bef8 u0 com.opera.browser/com.opera.android.BrowserActivity t1898}: app died, no saved state
10-30 21:45:00.285   600  3675 I ActivityManager: Killing 29525:com.opera.browser:sandboxed_process0/u0a122 (adj 0): stop com.opera.browser
10-30 21:45:00.285   600  3675 D ActivityManager: cleanUpApplicationRecord -- 29525
10-30 21:45:00.293 29708 29708 D AndroidRuntime: Shutting down VM
10-30 21:45:00.316  1084  1171 I OpenGLRenderer: Initialized EGL, version 1.4
10-30 21:45:00.316  1084  1171 D OpenGLRenderer: Swap behavior 2
10-30 21:45:00.366  1061  1061 D RegisteredNfcFServicesCache: Service unchanged, not updating
10-30 21:45:00.408 17571 17640 I AttachedClient: Adding client event 2 to pending list.
10-30 21:45:00.420 17571 17571 I OptInState: There is a new client and it does not support opt-in. Dropping request.
10-30 21:45:00.423 17571 17571 I MicroDetectionWorker: Micro detection mode: [mDetectionMode: [1]].
10-30 21:45:00.428 17571 29723 I MicroRecognitionRunner: Starting detection.
10-30 21:45:00.429 17571 17601 I MicrophoneInputStream: mic_starting com.google.android.apps.gsa.speech.audio.ae@765800e
10-30 21:45:00.440   238   285 I SoundTriggerHwService::Module: void android::SoundTriggerHwService::Module::onCallbackEvent(const sp<android::SoundTriggerHwService::CallbackEvent> &) mClient == 0
10-30 21:45:00.456   238 29726 I AudioFlinger: AudioFlinger's thread 0xef6923c0 ready to run
10-30 21:45:00.460 17571 17601 I MicrophoneInputStream: mic_started com.google.android.apps.gsa.speech.audio.ae@765800e
10-30 21:45:00.569   600 16391 D GraphicsStats: Buffer count: 2
