11-01 23:00:59.894  7548  8015 W DynamiteModule: Local module descriptor class for com.google.android.gms.ads.dynamite not found.
11-01 23:00:59.902  7548  8025 I Ads     : Ad failed to load : 3
11-01 23:01:00.713  7796  7796 D MonkeyStub: translateCommand: tap 62 98
11-01 23:01:00.741  7796  7796 D MonkeyStub: translateCommand: tap 729 89
11-01 23:01:00.753  7796  7796 D MonkeyStub: Quit requested
11-01 23:01:00.765   600   614 I CwMcuSensor: CwMcuSensor::flush: fd = 229, sensors_id = 0, path = /sys/class/htc_sensorhub/sensor_hub/flush, err = 0
11-01 23:01:00.780  7796  7796 I art     : System.exit called, status: 16
11-01 23:01:00.781  7796  7796 I AndroidRuntime: VM exiting with result code 16.
11-01 23:01:00.806   600  1484 W WindowManager: Attempted to remove non-existing token: android.os.Binder@6fade16
11-01 23:01:00.826  7974  7974 W dex2oat : Compilation of void com.facebook.ads.redexgen.X.9H.<init>(java.util.Map) took 103.314ms
11-01 23:01:01.079   600   610 E BatteryStatsService: power: Missing API
11-01 23:01:01.104   600   610 E BatteryStatsService: no controller energy info supplied
11-01 23:01:01.105   800   800 E PhoneInterfaceManager: [PhoneIntfMgr] queryModemActivityInfo: Empty response
11-01 23:01:01.113   600   610 E BatteryStatsService: modem info is invalid: ModemActivityInfo{ mTimestamp=0 mSleepTimeMs=0 mIdleTimeMs=0 mTxTimeMs[]=[0, 0, 0, 0, 0] mRxTimeMs=0 mEnergyUsed=0}
11-01 23:01:01.139   600   613 W ProcessCpuTracker: Skipping unknown process pid 8147
11-01 23:01:01.387  7974  7974 W dex2oat : Compilation of java.lang.String com.facebook.ads.redexgen.X.AJ.A00(int, int, int) took 115.581ms
11-01 23:01:01.700  8150  8150 D AndroidRuntime: >>>>>> START com.android.internal.os.RuntimeInit uid 2000 <<<<<<
11-01 23:01:01.706  8150  8150 D AndroidRuntime: CheckJNI is OFF
11-01 23:01:01.811  8150  8150 D ICU     : No timezone override file found: /data/misc/zoneinfo/current/icu/icu_tzdata.dat
11-01 23:01:01.853  8150  8150 I Radio-JNI: register_android_hardware_Radio DONE
11-01 23:01:01.870  8150  8150 D AndroidRuntime: Calling main entry com.android.commands.am.Am
11-01 23:01:01.891   600   819 I ActivityManager: START u0 {act=android.intent.action.VIEW dat=http://geeksforgeeks.org/... flg=0x10000000 cmp=com.opera.browser/com.opera.Opera} from uid 2000 on display 0
11-01 23:01:01.901  8150  8150 D AndroidRuntime: Shutting down VM
11-01 23:01:02.085   600 12440 I ActivityManager: Start proc 8163:com.opera.browser:sandboxed_process0/u0a122 for service com.opera.browser/com.opera.android.browser.chromium.services.SandboxedProcessService0
11-01 23:01:02.146  7548  7553 I art     : Do partial code cache collection, code=98KB, data=119KB
11-01 23:01:02.149  7548  7553 I art     : After code cache collection, code=96KB, data=117KB
11-01 23:01:02.150  7548  7553 I art     : Increasing code cache capacity to 512KB
11-01 23:01:02.156  8163  8163 I art     : Starting a blocking GC AddRemoveAppImageSpace
11-01 23:01:02.174  8163  8163 I LoadedApk: No resource references to update in package com.opera.browser.nord_vpn
11-01 23:01:02.345   785  1744 I FontLog : Received query name=Google Sans&weight=400&besteffort=false, URI content://com.google.android.gms.fonts [CONTEXT service_id=132 ]
11-01 23:01:02.347   785  1744 I FontLog : Query [name=Google Sans&weight=400&besteffort=false] resolved to {Google Sans, wdth 100.0, wght 400, ital 0.0, bestEffort false} [CONTEXT service_id=132 ]
11-01 23:01:02.348   785  1744 I FontLog : Font PFD returned from cache for {Google Sans, wdth 100.0, wght 400, ital 0.0, bestEffort false} [CONTEXT service_id=132 ]
11-01 23:01:02.349   785  1744 I FontLog : Fetch {Google Sans, wdth 100.0, wght 400, ital 0.0, bestEffort false} end status Status{statusCode=SUCCESS, resolution=null} [CONTEXT service_id=132 ]
11-01 23:01:02.365   785  1681 I FontLog : Pulling font file for id = 546, cache size = 5 [CONTEXT service_id=132 ]
11-01 23:01:02.375  7974  7982 W dex2oat : Compilation of void com.facebook.ads.redexgen.X.D8.<init>(int, int, int, int) took 328.381ms
11-01 23:01:02.380   785   799 I FontLog : Received query name=Google Sans&weight=500&besteffort=false, URI content://com.google.android.gms.fonts [CONTEXT service_id=132 ]
11-01 23:01:02.380   785   799 I FontLog : Query [name=Google Sans&weight=500&besteffort=false] resolved to {Google Sans, wdth 100.0, wght 500, ital 0.0, bestEffort false} [CONTEXT service_id=132 ]
11-01 23:01:02.382   785   799 I FontLog : Font PFD returned from cache for {Google Sans, wdth 100.0, wght 500, ital 0.0, bestEffort false} [CONTEXT service_id=132 ]
11-01 23:01:02.382   785   799 I FontLog : Fetch {Google Sans, wdth 100.0, wght 500, ital 0.0, bestEffort false} end status Status{statusCode=SUCCESS, resolution=null} [CONTEXT service_id=132 ]
11-01 23:01:02.385   785  1576 I FontLog : Pulling font file for id = 547, cache size = 6 [CONTEXT service_id=132 ]
11-01 23:01:02.387   785  1191 I FontLog : Received query name=Google Sans&weight=700&besteffort=false, URI content://com.google.android.gms.fonts [CONTEXT service_id=132 ]
11-01 23:01:02.388   785  1191 I FontLog : Query [name=Google Sans&weight=700&besteffort=false] resolved to {Google Sans, wdth 100.0, wght 700, ital 0.0, bestEffort false} [CONTEXT service_id=132 ]
11-01 23:01:02.389   785  1191 I FontLog : Fetch {Google Sans, wdth 100.0, wght 700, ital 0.0, bestEffort false} end status Status{statusCode=SUCCESS, resolution=null} [CONTEXT service_id=132 ]
11-01 23:01:02.394   785  1682 I FontLog : Pulling font file for id = 548, cache size = 5 [CONTEXT service_id=132 ]
11-01 23:01:02.446   785  5311 W FontLog : Error updating last accessed time for {Google Sans, wdth 100.0, wght 500, ital 0.0, bestEffort false}. [CONTEXT service_id=132 ]
11-01 23:01:02.446   785  5311 W FontLog : java.lang.IllegalStateException: attempt to re-open an already-closed object: SQLiteDatabase: /data/user/0/com.google.android.gms/databases/metadata.db
11-01 23:01:02.446   785  5311 W FontLog : 	at android.database.sqlite.SQLiteClosable.acquireReference(SQLiteClosable.java:55)
11-01 23:01:02.446   785  5311 W FontLog : 	at android.database.sqlite.SQLiteDatabase.executeSql(SQLiteDatabase.java:1662)
11-01 23:01:02.446   785  5311 W FontLog : 	at android.database.sqlite.SQLiteDatabase.execSQL(SQLiteDatabase.java:1658)
11-01 23:01:02.446   785  5311 W FontLog : 	at aafx.run(Unknown Source)
11-01 23:01:02.446   785  5311 W FontLog : 	at sup.b(:com.google.android.gms@203915020@20.39.15 (040406-335085812):12)
11-01 23:01:02.446   785  5311 W FontLog : 	at sup.run(:com.google.android.gms@203915020@20.39.15 (040406-335085812):7)
11-01 23:01:02.446   785  5311 W FontLog : 	at java.util.concurrent.ThreadPoolExecutor.runWorker(ThreadPoolExecutor.java:1133)
11-01 23:01:02.446   785  5311 W FontLog : 	at java.util.concurrent.ThreadPoolExecutor$Worker.run(ThreadPoolExecutor.java:607)
11-01 23:01:02.446   785  5311 W FontLog : 	at tam.run(:com.google.android.gms@203915020@20.39.15 (040406-335085812):0)
11-01 23:01:02.446   785  5311 W FontLog : 	at java.lang.Thread.run(Thread.java:761)
11-01 23:01:02.462   785  1300 I FontLog : Received query name=Noto Color Emoji Compat&weight=400&besteffort=false, URI content://com.google.android.gms.fonts [CONTEXT service_id=132 ]
11-01 23:01:02.463   785  1300 I FontLog : Query [name=Noto Color Emoji Compat&weight=400&besteffort=false] resolved to {Noto Color Emoji Compat, wdth 100.0, wght 400, ital 0.0, bestEffort false} [CONTEXT service_id=132 ]
11-01 23:01:02.466   785  1300 I FontLog : Fetch {Noto Color Emoji Compat, wdth 100.0, wght 400, ital 0.0, bestEffort false} end status Status{statusCode=SUCCESS, resolution=null} [CONTEXT service_id=132 ]
11-01 23:01:02.472   785  1586 I FontLog : Pulling font file for id = 549, cache size = 6 [CONTEXT service_id=132 ]
11-01 23:01:02.542  7974  7974 W dex2oat : Compilation of void com.facebook.ads.redexgen.X.D7.A0J() took 434.645ms
11-01 23:01:02.696  7974  7974 W dex2oat : Compilation of void com.facebook.ads.redexgen.X.D7.A0K(com.facebook.ads.redexgen.X.Ih, int, int, int, int, int, com.facebook.ads.internal.exoplayer2.drm.DrmInitData, com.facebook.ads.redexgen.X.D5, int) took 153.818ms
11-01 23:01:02.800  7974  7982 W dex2oat : Compilation of com.facebook.ads.internal.exoplayer2.metadata.id3.ApicFrame com.facebook.ads.redexgen.X.DF.A02(com.facebook.ads.redexgen.X.Ih) took 147.274ms
11-01 23:01:02.977  7974  7974 W dex2oat : Compilation of boolean com.facebook.ads.redexgen.X.DL.A05(com.facebook.ads.redexgen.X.Cc, boolean) took 141.559ms
11-01 23:01:03.134  7974  7982 W dex2oat : Compilation of com.facebook.ads.internal.exoplayer2.metadata.id3.TextInformationFrame com.facebook.ads.redexgen.X.DF.A08(com.facebook.ads.redexgen.X.Ih) took 181.559ms
11-01 23:01:03.285  7974  7982 W dex2oat : Compilation of int com.facebook.ads.redexgen.X.DX.A02(com.facebook.ads.redexgen.X.Cc, com.facebook.ads.redexgen.X.Ci) took 110.945ms
11-01 23:01:03.328  7974  7974 W dex2oat : Compilation of void com.facebook.ads.redexgen.X.DM.A0E() took 102.709ms
11-01 23:01:03.431  7974  7974 W dex2oat : Compilation of void com.facebook.ads.redexgen.X.DM.A0G(android.view.Surface, boolean) took 101.860ms
11-01 23:01:03.872  7974  7982 W dex2oat : Compilation of android.util.Pair com.facebook.ads.redexgen.X.EA.A02(java.lang.String) took 121.629ms
11-01 23:01:03.876  7974  7974 W dex2oat : Compilation of void com.facebook.ads.redexgen.X.EB.A02(android.media.MediaFormat, com.facebook.ads.internal.exoplayer2.video.ColorInfo) took 126.979ms
11-01 23:01:04.161  7974  7974 W dex2oat : Compilation of void com.facebook.ads.redexgen.X.Ec.<init>(int, long) took 100.290ms
11-01 23:01:04.496  7974  7974 W dex2oat : Compilation of void com.facebook.ads.redexgen.X.Ez.A0A() took 170.456ms
11-01 23:01:05.146  7974  7974 W dex2oat : Compilation of void com.facebook.ads.redexgen.X.F5.A0k(float, float, float, float) took 304.164ms
11-01 23:01:05.355  7974  7982 W dex2oat : Compilation of java.util.ArrayList com.facebook.ads.redexgen.X.EA.A08(com.facebook.ads.redexgen.X.E7, com.facebook.ads.redexgen.X.E9, java.lang.String) took 1.427s
11-01 23:01:05.359  7974  7974 W dex2oat : Compilation of void com.facebook.ads.redexgen.X.F5.A0l(int) took 212.946ms
11-01 23:01:05.969  7974  7974 W dex2oat : Compilation of void com.facebook.ads.redexgen.X.F5.A0m(int, int, android.view.animation.Interpolator) took 386.417ms
11-01 23:01:06.034  7974  7982 W dex2oat : Compilation of java.util.List com.facebook.ads.redexgen.X.EA.A09(java.lang.String, boolean) took 679.025ms
11-01 23:01:06.199  7974  7974 W dex2oat : Compilation of void com.facebook.ads.redexgen.X.F5.A0n(long, com.facebook.ads.redexgen.X.4k, com.facebook.ads.redexgen.X.4k) took 229.899ms
11-01 23:01:06.439  7974  7974 W dex2oat : Compilation of void com.facebook.ads.redexgen.X.F5.A0r(com.facebook.ads.redexgen.X.4G, boolean, boolean) took 236.314ms
11-01 23:01:06.701  7974  7974 W dex2oat : Compilation of void com.facebook.ads.redexgen.X.F5.A0u(com.facebook.ads.redexgen.X.4k, com.facebook.ads.redexgen.X.4k, com.facebook.ads.redexgen.X.4N, com.facebook.ads.redexgen.X.4N, boolean, boolean) took 181.539ms
11-01 23:01:07.029  7974  7982 W dex2oat : Compilation of void com.facebook.ads.redexgen.X.EA.A0A() took 994.617ms
11-01 23:01:07.091  7974  7974 W dex2oat : Compilation of boolean com.facebook.ads.redexgen.X.F5.A14(int, int, android.view.MotionEvent) took 340.550ms
11-01 23:01:07.229  7974  7982 W dex2oat : Compilation of boolean com.facebook.ads.redexgen.X.EA.A0C(android.media.MediaCodecInfo, java.lang.String, boolean, java.lang.String) took 192.359ms
11-01 23:01:08.076  7548  7558 I art     : Background sticky concurrent mark sweep GC freed 181048(9MB) AllocSpace objects, 26(572KB) LOS objects, 36% free, 18MB/29MB, paused 6.491ms total 172.383ms
11-01 23:01:11.672  7974  7974 I dex2oat : dex2oat took 21.295s (threads: 2) arena alloc=3MB (3871664B) java alloc=2MB (2344472B) native alloc=12MB (12877552B) free=4MB (4948240B)
11-01 23:01:11.867  7548  8224 I AdInternalSettings: Test mode device hash: 0fb4661b-b51c-4f5d-90b0-bff66382d808
11-01 23:01:11.867  7548  8224 I AdInternalSettings: When testing your app with Facebook's ad units you must specify the device hashed ID to ensure the delivery of test ads, add the following code before loading an ad: AdSettings.addTestDevice("0fb4661b-b51c-4f5d-90b0-bff66382d808");
11-01 23:01:11.895   600  1066 I CwMcuSensor: CwMcuSensor::flush: fd = 233, sensors_id = 0, path = /sys/class/htc_sensorhub/sensor_hub/flush, err = 0
11-01 23:01:13.068   600 30165 I CwMcuSensor: CwMcuSensor::flush: fd = 233, sensors_id = 0, path = /sys/class/htc_sensorhub/sensor_hub/flush, err = 0
11-01 23:01:13.437  7548  7548 D DynamitePackage: Instantiating com.google.android.gms.ads.ChimeraAdLoaderBuilderCreatorImpl
11-01 23:01:13.453  7548  7548 I Ads     : Use RequestConfiguration.Builder().setTestDeviceIds(Arrays.asList("E975D60B8B6136BB8437A20FB42B8437") to get test ads on this device.
11-01 23:01:13.494  7548  8246 W DynamiteModule: Local module descriptor class for com.google.android.gms.ads.dynamite not found.
11-01 23:01:13.498  7548  8244 W DynamiteModule: Local module descriptor class for com.google.android.gms.ads.dynamite not found.
11-01 23:01:13.499  7548  8246 W DynamiteModule: Local module descriptor class for com.google.android.gms.ads.dynamite not found.
11-01 23:01:13.502  7548  8251 E Ads     : Couldn't create RTB adapter : 
11-01 23:01:13.502  7548  8251 E Ads     : android.os.RemoteException
11-01 23:01:13.502  7548  8251 E Ads     : 	at dt8.V1(SourceFile:8)
11-01 23:01:13.502  7548  8251 E Ads     : 	at hp9.onTransact(SourceFile:3)
11-01 23:01:13.502  7548  8251 E Ads     : 	at android.os.Binder.transact(Binder.java:499)
11-01 23:01:13.502  7548  8251 E Ads     : 	at gf.a(:com.google.android.gms.policy_ads_fdr_dynamite@203404601@203404601003.333818716.333818716:2)
11-01 23:01:13.502  7548  8251 E Ads     : 	at com.google.android.gms.ads.internal.mediation.client.b.c(:com.google.android.gms.policy_ads_fdr_dynamite@203404601@203404601003.333818716.333818716:1)
11-01 23:01:13.502  7548  8251 E Ads     : 	at com.google.android.gms.ads.nonagon.signals.dj.a(Unknown Source)
11-01 23:01:13.502  7548  8251 E Ads     : 	at abs.a(:com.google.android.gms.policy_ads_fdr_dynamite@203404601@203404601003.333818716.333818716:0)
11-01 23:01:13.502  7548  8251 E Ads     : 	at abf.run(:com.google.android.gms.policy_ads_fdr_dynamite@203404601@203404601003.333818716.333818716:3)
11-01 23:01:13.502  7548  8251 E Ads     : 	at abu.run(:com.google.android.gms.policy_ads_fdr_dynamite@203404601@203404601003.333818716.333818716:0)
11-01 23:01:13.502  7548  8251 E Ads     : 	at java.util.concurrent.ThreadPoolExecutor.runWorker(ThreadPoolExecutor.java:1133)
11-01 23:01:13.502  7548  8251 E Ads     : 	at java.util.concurrent.ThreadPoolExecutor$Worker.run(ThreadPoolExecutor.java:607)
11-01 23:01:13.502  7548  8251 E Ads     : 	at java.lang.Thread.run(Thread.java:761)
11-01 23:01:13.506  7548  8246 E Ads     : Error calling adapter: com.google.ads.mediation.pangle.PangleMediationAdapter
11-01 23:01:13.620 18094  8255 I Icing   : IndexChimeraService.getServiceInterface callingPackage=com.google.android.gms componentName=null serviceId=30
11-01 23:01:13.641 18094 18218 W Icing   : No valid account for uploading user actions
11-01 23:01:13.666 18094 18218 I Icing   : Usage reports ok 0, Failed Usage reports 0, indexed 0, rejected 0
11-01 23:01:13.915 18094  8255 I Ads     : SDK version: afma-sdk-a-v203404999.202510000.1
11-01 23:01:13.916 18094  8255 I Ads     : HTTP timeout: 60000 milliseconds.
11-01 23:01:14.573  7548  8253 W DynamiteModule: Local module descriptor class for com.google.android.gms.ads.dynamite not found.
11-01 23:01:15.068  7548  7548 D DynamitePackage: Instantiating com.google.android.gms.ads.ChimeraAdLoaderBuilderCreatorImpl
11-01 23:01:15.072  7548  7548 I Ads     : Use RequestConfiguration.Builder().setTestDeviceIds(Arrays.asList("E975D60B8B6136BB8437A20FB42B8437") to get test ads on this device.
11-01 23:01:15.093  7548  8247 W DynamiteModule: Local module descriptor class for com.google.android.gms.ads.dynamite not found.
11-01 23:01:15.094  7548  8247 W DynamiteModule: Local module descriptor class for com.google.android.gms.ads.dynamite not found.
11-01 23:01:15.099  7548  8247 E Ads     : Couldn't create RTB adapter : 
11-01 23:01:15.099  7548  8247 E Ads     : android.os.RemoteException
11-01 23:01:15.099  7548  8247 E Ads     : 	at dt8.V1(SourceFile:8)
11-01 23:01:15.099  7548  8247 E Ads     : 	at hp9.onTransact(SourceFile:3)
11-01 23:01:15.099  7548  8247 E Ads     : 	at android.os.Binder.transact(Binder.java:499)
11-01 23:01:15.099  7548  8247 E Ads     : 	at gf.a(:com.google.android.gms.policy_ads_fdr_dynamite@203404601@203404601003.333818716.333818716:2)
11-01 23:01:15.099  7548  8247 E Ads     : 	at com.google.android.gms.ads.internal.mediation.client.b.c(:com.google.android.gms.policy_ads_fdr_dynamite@203404601@203404601003.333818716.333818716:1)
11-01 23:01:15.099  7548  8247 E Ads     : 	at com.google.android.gms.ads.nonagon.signals.dj.a(Unknown Source)
11-01 23:01:15.099  7548  8247 E Ads     : 	at abs.a(:com.google.android.gms.policy_ads_fdr_dynamite@203404601@203404601003.333818716.333818716:0)
11-01 23:01:15.099  7548  8247 E Ads     : 	at abf.run(:com.google.android.gms.policy_ads_fdr_dynamite@203404601@203404601003.333818716.333818716:3)
11-01 23:01:15.099  7548  8247 E Ads     : 	at abu.run(:com.google.android.gms.policy_ads_fdr_dynamite@203404601@203404601003.333818716.333818716:0)
11-01 23:01:15.099  7548  8247 E Ads     : 	at java.util.concurrent.ThreadPoolExecutor.runWorker(ThreadPoolExecutor.java:1133)
11-01 23:01:15.099  7548  8247 E Ads     : 	at java.util.concurrent.ThreadPoolExecutor$Worker.run(ThreadPoolExecutor.java:607)
11-01 23:01:15.099  7548  8247 E Ads     : 	at java.lang.Thread.run(Thread.java:761)
11-01 23:01:15.100  7548  8253 E Ads     : Error calling adapter: com.google.ads.mediation.pangle.PangleMediationAdapter
11-01 23:01:15.105  7548  8251 W DynamiteModule: Local module descriptor class for com.google.android.gms.ads.dynamite not found.
11-01 23:01:15.120  7548  8252 W Ads     : Not retrying to fetch app settings
11-01 23:01:15.243  7548  7548 D DynamitePackage: Instantiating com.google.android.gms.ads.ChimeraAdLoaderBuilderCreatorImpl
11-01 23:01:15.248  7548  7548 I Ads     : Use RequestConfiguration.Builder().setTestDeviceIds(Arrays.asList("E975D60B8B6136BB8437A20FB42B8437") to get test ads on this device.
11-01 23:01:15.272  7548  8247 W DynamiteModule: Local module descriptor class for com.google.android.gms.ads.dynamite not found.
11-01 23:01:15.273  7548  8247 W DynamiteModule: Local module descriptor class for com.google.android.gms.ads.dynamite not found.
11-01 23:01:15.275  7548  8251 W DynamiteModule: Local module descriptor class for com.google.android.gms.ads.dynamite not found.
11-01 23:01:15.288  7548  8251 W Ads     : Not retrying to fetch app settings
11-01 23:01:15.359  8259  8259 D AndroidRuntime: >>>>>> START com.android.internal.os.RuntimeInit uid 2000 <<<<<<
11-01 23:01:15.378  8259  8259 D AndroidRuntime: CheckJNI is OFF
11-01 23:01:15.402  7548  7548 D DynamitePackage: Instantiating com.google.android.gms.ads.ChimeraAdLoaderBuilderCreatorImpl
11-01 23:01:15.412  7548  7548 I Ads     : Use RequestConfiguration.Builder().setTestDeviceIds(Arrays.asList("E975D60B8B6136BB8437A20FB42B8437") to get test ads on this device.
11-01 23:01:15.438  7548  8245 W DynamiteModule: Local module descriptor class for com.google.android.gms.ads.dynamite not found.
11-01 23:01:15.439  7548  8246 W DynamiteModule: Local module descriptor class for com.google.android.gms.ads.dynamite not found.
11-01 23:01:15.439  7548  8246 W DynamiteModule: Local module descriptor class for com.google.android.gms.ads.dynamite not found.
11-01 23:01:15.444  7548  8251 E Ads     : Couldn't create RTB adapter : 
11-01 23:01:15.444  7548  8251 E Ads     : android.os.RemoteException
11-01 23:01:15.444  7548  8251 E Ads     : 	at dt8.V1(SourceFile:8)
11-01 23:01:15.444  7548  8251 E Ads     : 	at hp9.onTransact(SourceFile:3)
11-01 23:01:15.444  7548  8251 E Ads     : 	at android.os.Binder.transact(Binder.java:499)
11-01 23:01:15.444  7548  8251 E Ads     : 	at gf.a(:com.google.android.gms.policy_ads_fdr_dynamite@203404601@203404601003.333818716.333818716:2)
11-01 23:01:15.444  7548  8251 E Ads     : 	at com.google.android.gms.ads.internal.mediation.client.b.c(:com.google.android.gms.policy_ads_fdr_dynamite@203404601@203404601003.333818716.333818716:1)
11-01 23:01:15.444  7548  8251 E Ads     : 	at com.google.android.gms.ads.nonagon.signals.dj.a(Unknown Source)
11-01 23:01:15.444  7548  8251 E Ads     : 	at abs.a(:com.google.android.gms.policy_ads_fdr_dynamite@203404601@203404601003.333818716.333818716:0)
11-01 23:01:15.444  7548  8251 E Ads     : 	at abf.run(:com.google.android.gms.policy_ads_fdr_dynamite@203404601@203404601003.333818716.333818716:3)
11-01 23:01:15.444  7548  8251 E Ads     : 	at abu.run(:com.google.android.gms.policy_ads_fdr_dynamite@203404601@203404601003.333818716.333818716:0)
11-01 23:01:15.444  7548  8251 E Ads     : 	at java.util.concurrent.ThreadPoolExecutor.runWorker(ThreadPoolExecutor.java:1133)
11-01 23:01:15.444  7548  8251 E Ads     : 	at java.util.concurrent.ThreadPoolExecutor$Worker.run(ThreadPoolExecutor.java:607)
11-01 23:01:15.444  7548  8251 E Ads     : 	at java.lang.Thread.run(Thread.java:761)
11-01 23:01:15.445  7548  8245 E Ads     : Error calling adapter: com.google.ads.mediation.pangle.PangleMediationAdapter
11-01 23:01:15.456  7548  8245 W Ads     : Not retrying to fetch app settings
11-01 23:01:15.574 18094  8256 I Ads     : SDK version: afma-sdk-a-v203404999.202510000.1
11-01 23:01:15.575 18094  8256 I Ads     : HTTP timeout: 60000 milliseconds.
11-01 23:01:15.702 18094  8082 I Ads     : SDK version: afma-sdk-a-v203404999.202510000.1
11-01 23:01:15.713 18094  8082 I Ads     : HTTP timeout: 60000 milliseconds.
11-01 23:01:15.730 18094 18105 W art     : Suspending all threads took: 5.918ms
11-01 23:01:15.746 18094 18105 I art     : Background sticky concurrent mark sweep GC freed 41926(2MB) AllocSpace objects, 90(3MB) LOS objects, 33% free, 12MB/18MB, paused 9.718ms total 37.063ms
11-01 23:01:15.756 18094  8079 I Ads     : SDK version: afma-sdk-a-v203404999.202510000.1
11-01 23:01:15.757 18094  8079 I Ads     : HTTP timeout: 60000 milliseconds.
11-01 23:01:15.783  8259  8259 D ICU     : No timezone override file found: /data/misc/zoneinfo/current/icu/icu_tzdata.dat
11-01 23:01:15.788  7548  8247 W DynamiteModule: Local module descriptor class for com.google.android.gms.ads.dynamite not found.
11-01 23:01:15.796  7548  8249 I Ads     : Ad failed to load : 3
11-01 23:01:15.881  8259  8259 I Radio-JNI: register_android_hardware_Radio DONE
11-01 23:01:15.940  8259  8259 D AndroidRuntime: Calling main entry com.android.commands.monkey.Monkey
11-01 23:01:15.999  7548  8246 W DynamiteModule: Local module descriptor class for com.google.android.gms.ads.dynamite not found.
11-01 23:01:16.002  7548  8247 I Ads     : Ad failed to load : 3
11-01 23:01:16.107   600   613 W BroadcastQueue: Skipping deliver [background] BroadcastRecord{5bc4350 u-1 android.net.conn.CONNECTIVITY_CHANGE} to ReceiverList{d8b3949 8259 (unknown name)/2000/u-1 remote:1b43802}: process crashing
11-01 23:01:16.146   600  1664 D DnsEventListenerService: Logging 100 results for netId 100
11-01 23:01:16.167  7548  8251 W DynamiteModule: Local module descriptor class for com.google.android.gms.ads.dynamite not found.
11-01 23:01:16.416  7548  7548 D DynamitePackage: Instantiating com.google.android.gms.ads.ChimeraAdLoaderBuilderCreatorImpl
11-01 23:01:16.421  7548  7548 I Ads     : Use RequestConfiguration.Builder().setTestDeviceIds(Arrays.asList("E975D60B8B6136BB8437A20FB42B8437") to get test ads on this device.
11-01 23:01:16.442  7548  8245 W DynamiteModule: Local module descriptor class for com.google.android.gms.ads.dynamite not found.
11-01 23:01:16.446  8259  8259 D MonkeyStub: translateCommand: wake
11-01 23:01:16.448  7548  8252 W DynamiteModule: Local module descriptor class for com.google.android.gms.ads.dynamite not found.
11-01 23:01:16.450  7548  8253 E Ads     : Couldn't create RTB adapter : 
11-01 23:01:16.450  7548  8253 E Ads     : android.os.RemoteException
11-01 23:01:16.450  7548  8253 E Ads     : 	at dt8.V1(SourceFile:8)
11-01 23:01:16.450  7548  8253 E Ads     : 	at hp9.onTransact(SourceFile:3)
11-01 23:01:16.450  7548  8253 E Ads     : 	at android.os.Binder.transact(Binder.java:499)
11-01 23:01:16.450  7548  8253 E Ads     : 	at gf.a(:com.google.android.gms.policy_ads_fdr_dynamite@203404601@203404601003.333818716.333818716:2)
11-01 23:01:16.450  7548  8253 E Ads     : 	at com.google.android.gms.ads.internal.mediation.client.b.c(:com.google.android.gms.policy_ads_fdr_dynamite@203404601@203404601003.333818716.333818716:1)
11-01 23:01:16.450  7548  8253 E Ads     : 	at com.google.android.gms.ads.nonagon.signals.dj.a(Unknown Source)
11-01 23:01:16.450  7548  8253 E Ads     : 	at abs.a(:com.google.android.gms.policy_ads_fdr_dynamite@203404601@203404601003.333818716.333818716:0)
11-01 23:01:16.450  7548  8253 E Ads     : 	at abf.run(:com.google.android.gms.policy_ads_fdr_dynamite@203404601@203404601003.333818716.333818716:3)
11-01 23:01:16.450  7548  8253 E Ads     : 	at abu.run(:com.google.android.gms.policy_ads_fdr_dynamite@203404601@203404601003.333818716.333818716:0)
11-01 23:01:16.450  7548  8253 E Ads     : 	at java.util.concurrent.ThreadPoolExecutor.runWorker(ThreadPoolExecutor.java:1133)
11-01 23:01:16.450  7548  8253 E Ads     : 	at java.util.concurrent.ThreadPoolExecutor$Worker.run(ThreadPoolExecutor.java:607)
11-01 23:01:16.450  7548  8253 E Ads     : 	at java.lang.Thread.run(Thread.java:761)
11-01 23:01:16.450  7548  8244 E Ads     : Error calling adapter: com.google.ads.mediation.pangle.PangleMediationAdapter
11-01 23:01:16.454  7548  8245 W DynamiteModule: Local module descriptor class for com.google.android.gms.ads.dynamite not found.
11-01 23:01:16.461  7548  8252 W Ads     : Not retrying to fetch app settings
11-01 23:01:16.580  8259  8259 D MonkeyStub: translateCommand: touch down 614 1561
11-01 23:01:16.588  8259  8259 D MonkeyStub: translateCommand: touch move 614 1561
11-01 23:01:16.596 18094  8083 I Ads     : SDK version: afma-sdk-a-v203404999.202510000.1
11-01 23:01:16.599 18094  8083 I Ads     : HTTP timeout: 60000 milliseconds.
11-01 23:01:16.697  8259  8259 D MonkeyStub: translateCommand: touch move 614 1436
11-01 23:01:16.802  8259  8259 D MonkeyStub: translateCommand: touch move 614 1311
11-01 23:01:16.901  7548  8025 W DynamiteModule: Local module descriptor class for com.google.android.gms.ads.dynamite not found.
11-01 23:01:16.913  8259  8259 D MonkeyStub: translateCommand: touch move 614 1186
11-01 23:01:17.018  8259  8259 D MonkeyStub: translateCommand: touch move 614 1061
11-01 23:01:17.127  8259  8259 D MonkeyStub: translateCommand: touch move 614 937
11-01 23:01:17.237  8259  8259 D MonkeyStub: translateCommand: touch move 614 812
11-01 23:01:17.351  8259  8259 D MonkeyStub: translateCommand: touch move 614 687
11-01 23:01:17.459  8259  8259 D MonkeyStub: translateCommand: touch move 614 562
11-01 23:01:17.572  8259  8259 D MonkeyStub: translateCommand: touch move 614 437
11-01 23:01:17.685  8259  8259 D MonkeyStub: translateCommand: touch move 614 312
11-01 23:01:17.700  8259  8259 D MonkeyStub: translateCommand: touch up 614 312
11-01 23:01:17.739  8259  8259 D MonkeyStub: translateCommand: touch down 614 1561
11-01 23:01:17.746  8259  8259 D MonkeyStub: translateCommand: touch move 614 1561
11-01 23:01:17.853  8259  8259 D MonkeyStub: translateCommand: touch move 614 1436
11-01 23:01:17.854   600   819 W InputManager: Input event injection from pid 8259 failed.
11-01 23:01:17.961  8259  8259 D MonkeyStub: translateCommand: touch move 614 1311
11-01 23:01:17.962   600  8928 W InputManager: Input event injection from pid 8259 failed.
11-01 23:01:18.087  8259  8259 D MonkeyStub: translateCommand: touch move 614 1186
11-01 23:01:18.088   600  1485 W InputManager: Input event injection from pid 8259 failed.
11-01 23:01:18.191  8259  8259 D MonkeyStub: translateCommand: touch move 614 1061
11-01 23:01:18.193   600  1068 W InputManager: Input event injection from pid 8259 failed.
11-01 23:01:18.302  8259  8259 D MonkeyStub: translateCommand: touch move 614 937
11-01 23:01:18.303   600  1484 W InputManager: Input event injection from pid 8259 failed.
11-01 23:01:18.415  8259  8259 D MonkeyStub: translateCommand: touch move 614 812
11-01 23:01:18.416   600   611 W InputManager: Input event injection from pid 8259 failed.
11-01 23:01:18.524  8259  8259 D MonkeyStub: translateCommand: touch move 614 687
11-01 23:01:18.525   600  1666 W InputManager: Input event injection from pid 8259 failed.
11-01 23:01:18.629  8259  8259 D MonkeyStub: translateCommand: touch move 614 562
11-01 23:01:18.631   600  8040 W InputManager: Input event injection from pid 8259 failed.
11-01 23:01:18.739  8259  8259 D MonkeyStub: translateCommand: touch move 614 437
11-01 23:01:18.740   600  5522 W InputManager: Input event injection from pid 8259 failed.
11-01 23:01:18.849  8259  8259 D MonkeyStub: translateCommand: touch move 614 312
11-01 23:01:18.850   600 12440 W InputManager: Input event injection from pid 8259 failed.
11-01 23:01:18.854  8259  8259 D MonkeyStub: translateCommand: touch up 614 312
11-01 23:01:18.855   600 30165 W InputManager: Input event injection from pid 8259 failed.
11-01 23:01:23.006  8259  8259 D MonkeyStub: translateCommand: tap 139 85
11-01 23:01:23.293  7548  7548 D DynamitePackage: Instantiating com.google.android.gms.ads.ChimeraNativeAdViewDelegateCreatorImpl
11-01 23:01:23.447  7548  7548 W DynamiteModule: Local module descriptor class for com.google.android.gms.ads.dynamite not found.
11-01 23:01:23.644  7548  7548 W DynamiteModule: Local module descriptor class for com.google.android.gms.ads.dynamite not found.
11-01 23:01:23.726  7548  7553 I art     : Compiler allocated 4MB to compile int alp.f(java.lang.Object)
11-01 23:01:23.817  7548  7553 I art     : Do full code cache collection, code=175KB, data=233KB
11-01 23:01:23.820  7548  7553 I art     : Starting a blocking GC JitCodeCache
11-01 23:01:23.820  7548  7553 I art     : After code cache collection, code=124KB, data=126KB
11-01 23:01:31.198  8259  8259 D MonkeyStub: translateCommand: tap 993 1514
11-01 23:01:31.400  7548  7548 W DynamiteModule: Local module descriptor class for com.google.android.gms.ads.dynamite not found.
11-01 23:01:31.413  7548  7548 W DynamiteModule: Local module descriptor class for com.google.android.gms.ads.dynamite not found.
11-01 23:01:31.453   600  8931 I ActivityManager: START u0 {flg=0x10000000 cmp=com.opera.browser/com.opera.android.ads.admob.AdMobIntentInterceptor (has extras)} from uid 10122 on display 0
11-01 23:01:31.664  7548  7548 W DynamiteModule: Local module descriptor class for com.google.android.gms.ads.dynamite not found.
11-01 23:01:31.735  7548  7548 D DynamitePackage: Instantiating com.google.android.gms.ads.ChimeraAdOverlayCreatorImpl
11-01 23:01:31.741   600  8039 I ActivityManager: START u0 {act=android.intent.action.VIEW dat=https://googleads.g.doubleclick.net/... flg=0x10000000 cmp=com.opera.browser/com.opera.android.MainLauncherActivity (has extras)} from uid 10122 on display 0
11-01 23:01:31.859   600   819 I ActivityManager: START u0 {act=android.intent.action.VIEW dat=https://googleads.g.doubleclick.net/... flg=0x14002000 cmp=com.opera.browser/com.opera.android.BrowserActivity (has extras)} from uid 10122 on display 0
11-01 23:01:31.917  7548  7548 W DynamiteModule: Local module descriptor class for com.google.android.gms.ads.dynamite not found.
11-01 23:01:32.016   600  8039 I ActivityManager: Start proc 8316:com.opera.browser:sandboxed_process1/u0a122 for service com.opera.browser/com.opera.android.browser.chromium.services.SandboxedProcessService1
11-01 23:01:32.058   600  8931 I WindowManager: Failed to capture screenshot of Token{6295575 ActivityRecord{3c5c4ac u0 com.opera.browser/com.opera.android.ads.admob.AdMobIntentInterceptor t1424 f}} appWin=Window{5aba9b0 u0 com.opera.browser/com.opera.android.ads.admob.AdMobIntentInterceptor} drawState=3
11-01 23:01:32.135  8316  8316 I art     : Starting a blocking GC AddRemoveAppImageSpace
11-01 23:01:32.318  8316  8316 I LoadedApk: No resource references to update in package com.opera.browser.nord_vpn
11-01 23:01:32.373   600   613 W ActivityManager: Activity pause timeout for ActivityRecord{be9fe57 u0 com.opera.browser/com.opera.android.MainLauncherActivity t1425 f}
11-01 23:01:32.692  7548  7548 W DynamiteModule: Local module descriptor class for com.google.android.gms.ads.dynamite not found.
11-01 23:01:32.747   600   610 W InputMethodManagerService: Window already focused, ignoring focus gain of: com.android.internal.view.IInputMethodClient$Stub$Proxy@d693f74 attribute=null, token = android.os.BinderProxy@3bb708
11-01 23:01:32.759  7548  7548 I Choreographer: Skipped 47 frames!  The application may be doing too much work on its main thread.
11-01 23:01:32.777  7548  7548 W DynamiteModule: Local module descriptor class for com.google.android.gms.ads.dynamite not found.
11-01 23:01:32.990  7548  7548 W DynamiteModule: Local module descriptor class for com.google.android.gms.ads.dynamite not found.
11-01 23:01:33.489  7548  7548 D DynamitePackage: Instantiating com.google.android.gms.ads.ChimeraAdLoaderBuilderCreatorImpl
11-01 23:01:33.493  7548  7548 I Ads     : Use RequestConfiguration.Builder().setTestDeviceIds(Arrays.asList("E975D60B8B6136BB8437A20FB42B8437") to get test ads on this device.
11-01 23:01:33.514  7548  8247 W DynamiteModule: Local module descriptor class for com.google.android.gms.ads.dynamite not found.
11-01 23:01:33.515  7548  8252 W DynamiteModule: Local module descriptor class for com.google.android.gms.ads.dynamite not found.
11-01 23:01:33.516  7548  8252 W DynamiteModule: Local module descriptor class for com.google.android.gms.ads.dynamite not found.
11-01 23:01:33.518  7548  8252 E Ads     : Couldn't create RTB adapter : 
11-01 23:01:33.518  7548  8252 E Ads     : android.os.RemoteException
11-01 23:01:33.518  7548  8252 E Ads     : 	at dt8.V1(SourceFile:8)
11-01 23:01:33.518  7548  8252 E Ads     : 	at hp9.onTransact(SourceFile:3)
11-01 23:01:33.518  7548  8252 E Ads     : 	at android.os.Binder.transact(Binder.java:499)
11-01 23:01:33.518  7548  8252 E Ads     : 	at gf.a(:com.google.android.gms.policy_ads_fdr_dynamite@203404601@203404601003.333818716.333818716:2)
11-01 23:01:33.518  7548  8252 E Ads     : 	at com.google.android.gms.ads.internal.mediation.client.b.c(:com.google.android.gms.policy_ads_fdr_dynamite@203404601@203404601003.333818716.333818716:1)
11-01 23:01:33.518  7548  8252 E Ads     : 	at com.google.android.gms.ads.nonagon.signals.dj.a(Unknown Source)
11-01 23:01:33.518  7548  8252 E Ads     : 	at abs.a(:com.google.android.gms.policy_ads_fdr_dynamite@203404601@203404601003.333818716.333818716:0)
11-01 23:01:33.518  7548  8252 E Ads     : 	at abf.run(:com.google.android.gms.policy_ads_fdr_dynamite@203404601@203404601003.333818716.333818716:3)
11-01 23:01:33.518  7548  8252 E Ads     : 	at abu.run(:com.google.android.gms.policy_ads_fdr_dynamite@203404601@203404601003.333818716.333818716:0)
11-01 23:01:33.518  7548  8252 E Ads     : 	at java.util.concurrent.ThreadPoolExecutor.runWorker(ThreadPoolExecutor.java:1133)
11-01 23:01:33.518  7548  8252 E Ads     : 	at java.util.concurrent.ThreadPoolExecutor$Worker.run(ThreadPoolExecutor.java:607)
11-01 23:01:33.518  7548  8252 E Ads     : 	at java.lang.Thread.run(Thread.java:761)
11-01 23:01:33.518  7548  8244 E Ads     : Error calling adapter: com.google.ads.mediation.pangle.PangleMediationAdapter
11-01 23:01:33.858  7548  7548 W DynamiteModule: Local module descriptor class for com.google.android.gms.ads.dynamite not found.
11-01 23:01:34.191 18094  8353 E Ads     : Error waiting for future.
11-01 23:01:34.191 18094  8353 E Ads     : java.util.concurrent.TimeoutException
11-01 23:01:34.191 18094  8353 E Ads     : 	at java.util.concurrent.FutureTask.get(FutureTask.java:177)
11-01 23:01:34.191 18094  8353 E Ads     : 	at com.google.android.gms.ads.nonagon.signals.gmscore.u.call(Unknown Source)
11-01 23:01:34.191 18094  8353 E Ads     : 	at btfw.b(:com.google.android.gms@203915020@20.39.15 (040406-335085812):0)
11-01 23:01:34.191 18094  8353 E Ads     : 	at btex.run(:com.google.android.gms@203915020@20.39.15 (040406-335085812):3)
11-01 23:01:34.191 18094  8353 E Ads     : 	at btfx.run(:com.google.android.gms@203915020@20.39.15 (040406-335085812):0)
11-01 23:01:34.191 18094  8353 E Ads     : 	at sup.b(:com.google.android.gms@203915020@20.39.15 (040406-335085812):12)
11-01 23:01:34.191 18094  8353 E Ads     : 	at sup.run(:com.google.android.gms@203915020@20.39.15 (040406-335085812):7)
11-01 23:01:34.191 18094  8353 E Ads     : 	at java.util.concurrent.ThreadPoolExecutor.runWorker(ThreadPoolExecutor.java:1133)
11-01 23:01:34.191 18094  8353 E Ads     : 	at java.util.concurrent.ThreadPoolExecutor$Worker.run(ThreadPoolExecutor.java:607)
11-01 23:01:34.191 18094  8353 E Ads     : 	at tam.run(:com.google.android.gms@203915020@20.39.15 (040406-335085812):0)
11-01 23:01:34.191 18094  8353 E Ads     : 	at java.lang.Thread.run(Thread.java:761)
11-01 23:01:34.223 18094  8356 I Icing   : IndexChimeraService.getServiceInterface callingPackage=com.google.android.gms componentName=null serviceId=30
11-01 23:01:34.236   600   609 I art     : Background partial concurrent mark sweep GC freed 48631(2MB) AllocSpace objects, 9(196KB) LOS objects, 33% free, 14MB/22MB, paused 11.832ms total 307.748ms
11-01 23:01:34.275   785   797 I art     : Background partial concurrent mark sweep GC freed 39711(2MB) AllocSpace objects, 2(40KB) LOS objects, 39% free, 11MB/18MB, paused 798us total 389.325ms
11-01 23:01:34.373 18094  8354 I Ads     : SDK version: afma-sdk-a-v203404999.202510000.1
11-01 23:01:34.403 18094  8354 I Ads     : HTTP timeout: 60000 milliseconds.
11-01 23:01:34.413 18094  3232 W Icing   : No valid account for uploading user actions
11-01 23:01:34.679 18094  3232 I Icing   : Usage reports ok 1, Failed Usage reports 0, indexed 0, rejected 0
11-01 23:01:34.769  7548  8247 W DynamiteModule: Local module descriptor class for com.google.android.gms.ads.dynamite not found.
11-01 23:01:35.235  8259  8259 D MonkeyStub: translateCommand: tap 1291 1873
11-01 23:01:37.341  8259  8259 D MonkeyStub: translateCommand: touch down 614 1561
11-01 23:01:37.356  8259  8259 D MonkeyStub: translateCommand: touch move 614 1561
11-01 23:01:37.472  8259  8259 D MonkeyStub: translateCommand: touch move 614 1436
11-01 23:01:37.582  8259  8259 D MonkeyStub: translateCommand: touch move 614 1311
11-01 23:01:37.691  8259  8259 D MonkeyStub: translateCommand: touch move 614 1186
11-01 23:01:37.800  8259  8259 D MonkeyStub: translateCommand: touch move 614 1061
11-01 23:01:37.933  8259  8259 D MonkeyStub: translateCommand: touch move 614 937
11-01 23:01:38.045  8259  8259 D MonkeyStub: translateCommand: touch move 614 812
11-01 23:01:38.154  8259  8259 D MonkeyStub: translateCommand: touch move 614 687
11-01 23:01:38.264  8259  8259 D MonkeyStub: translateCommand: touch move 614 562
11-01 23:01:38.379  8259  8259 D MonkeyStub: translateCommand: touch move 614 437
11-01 23:01:38.494  8259  8259 D MonkeyStub: translateCommand: touch move 614 312
11-01 23:01:38.499  8259  8259 D MonkeyStub: translateCommand: touch up 614 312
11-01 23:01:38.527  8259  8259 D MonkeyStub: translateCommand: touch down 614 1561
11-01 23:01:38.533  8259  8259 D MonkeyStub: translateCommand: touch move 614 1561
11-01 23:01:38.644  8259  8259 D MonkeyStub: translateCommand: touch move 614 1436
11-01 23:01:38.753  8259  8259 D MonkeyStub: translateCommand: touch move 614 1311
11-01 23:01:38.862  8259  8259 D MonkeyStub: translateCommand: touch move 614 1186
11-01 23:01:38.977  8259  8259 D MonkeyStub: translateCommand: touch move 614 1061
11-01 23:01:39.108  8259  8259 D MonkeyStub: translateCommand: touch move 614 937
11-01 23:01:39.215  8259  8259 D MonkeyStub: translateCommand: touch move 614 812
11-01 23:01:39.333  8259  8259 D MonkeyStub: translateCommand: touch move 614 687
11-01 23:01:39.455  8259  8259 D MonkeyStub: translateCommand: touch move 614 562
11-01 23:01:39.562  8259  8259 D MonkeyStub: translateCommand: touch move 614 437
11-01 23:01:39.674  8259  8259 D MonkeyStub: translateCommand: touch move 614 312
11-01 23:01:39.680  8259  8259 D MonkeyStub: translateCommand: touch up 614 312
11-01 23:01:40.871  7548  7558 I art     : Background sticky concurrent mark sweep GC freed 65537(3MB) AllocSpace objects, 14(680KB) LOS objects, 12% free, 26MB/29MB, paused 5.377ms total 108.856ms
11-01 23:01:43.346   198   198 E SELinux : avc:  denied  { find } for service=netd pid=8400 uid=2000 scontext=u:r:shell:s0 tcontext=u:object_r:netd_service:s0 tclass=service_manager permissive=0
11-01 23:01:43.377   198   198 E SELinux : avc:  denied  { find } for service=android.service.gatekeeper.IGateKeeperService pid=8400 uid=2000 scontext=u:r:shell:s0 tcontext=u:object_r:gatekeeper_service:s0 tclass=service_manager permissive=0
11-01 23:01:44.754   600  6822 I ActivityManager: Process com.google.android.partnersetup (pid 5750) has died
11-01 23:01:44.756   600  6822 D ActivityManager: cleanUpApplicationRecord -- 5750
11-01 23:01:44.916  8259  8259 D MonkeyStub: translateCommand: touch down 614 312
11-01 23:01:44.933  8259  8259 D MonkeyStub: translateCommand: touch move 614 312
11-01 23:01:45.051  8259  8259 D MonkeyStub: translateCommand: touch move 614 437
11-01 23:01:45.161  8259  8259 D MonkeyStub: translateCommand: touch move 614 562
11-01 23:01:45.272  8259  8259 D MonkeyStub: translateCommand: touch move 614 687
11-01 23:01:45.382  8259  8259 D MonkeyStub: translateCommand: touch move 614 812
11-01 23:01:45.486  8259  8259 D MonkeyStub: translateCommand: touch move 614 937
11-01 23:01:45.592  8259  8259 D MonkeyStub: translateCommand: touch move 614 1061
11-01 23:01:45.701  8259  8259 D MonkeyStub: translateCommand: touch move 614 1186
11-01 23:01:45.807  8259  8259 D MonkeyStub: translateCommand: touch move 614 1311
11-01 23:01:45.913  8259  8259 D MonkeyStub: translateCommand: touch move 614 1436
11-01 23:01:46.093  8259  8259 D MonkeyStub: translateCommand: touch move 614 1561
11-01 23:01:46.099  8259  8259 D MonkeyStub: translateCommand: touch up 614 1561
11-01 23:01:47.132  7548  7688 W chromium: [WARNING:spdy_session.cc(3909)] Received HEADERS for invalid stream 1
11-01 23:01:47.156  7548  7558 I art     : Background sticky concurrent mark sweep GC freed 74252(3MB) AllocSpace objects, 2(36KB) LOS objects, 10% free, 26MB/29MB, paused 6.984ms total 166.388ms
11-01 23:01:48.134  8259  8259 D MonkeyStub: translateCommand: tap 758 273
11-01 23:01:49.937  8316  8330 I chromium: [INFO:pipeline_controller.cc(46)] MCHR-300: Starting pipeline, demuxer: FFmpegDemuxer
11-01 23:01:49.966  8316  8337 I chromium: [INFO:ffmpeg_glue.cc(159)] MCHR-300: Container: mov,mp4,m4a,3gp,3g2,mj2
11-01 23:01:50.112  7689  8429 W VideoCapabilities: Unrecognized level 0 for video/x-vnd.on2.vp8
11-01 23:01:50.128  7689  8429 I VideoCapabilities: Unsupported profile 4 for video/mp4v-es
11-01 23:01:50.158  7689  8430 W VideoCapabilities: Unrecognized level 0 for video/x-vnd.on2.vp8
11-01 23:01:50.161  8259  8259 D MonkeyStub: translateCommand: tap 355 362
11-01 23:01:50.180  7689  8430 I VideoCapabilities: Unsupported profile 4 for video/mp4v-es
11-01 23:01:50.633  8316  8428 I chromium: [INFO:decoder_stream.cc(443)] MCHR-300: Selected MediaCodecVideoDecoder for video decoding, config: codec: h264, profile: h264 main, level: not available, alpha_mode: is_opaque, coded size: [80,56], visible rect: [0,0,80,56], natural size: [80,56], has extra data: true, encryption scheme: Unencrypted, rotation: 0°, flipped: 0, color space: {primaries:BT709, transfer:BT709, matrix:BT709, range:LIMITED}
11-01 23:01:50.703  8316  8330 I chromium: [INFO:pipeline_controller.cc(355)] MCHR-300: Pipeline stopped.
11-01 23:01:52.390  7548  7558 I art     : Background sticky concurrent mark sweep GC freed 73978(3MB) AllocSpace objects, 0(0B) LOS objects, 9% free, 26MB/29MB, paused 16.053ms total 92.706ms
11-01 23:01:58.209  8259  8259 D MonkeyStub: translateCommand: touch down 614 1561
11-01 23:01:58.213  8259  8259 D MonkeyStub: translateCommand: touch move 614 1561
11-01 23:01:58.319  8259  8259 D MonkeyStub: translateCommand: touch move 614 1436
11-01 23:01:58.432  8259  8259 D MonkeyStub: translateCommand: touch move 614 1311
11-01 23:01:58.544  8259  8259 D MonkeyStub: translateCommand: touch move 614 1186
11-01 23:01:58.655  8259  8259 D MonkeyStub: translateCommand: touch move 614 1061
11-01 23:01:58.768  8259  8259 D MonkeyStub: translateCommand: touch move 614 937
11-01 23:01:58.879  8259  8259 D MonkeyStub: translateCommand: touch move 614 812
11-01 23:01:58.992  8259  8259 D MonkeyStub: translateCommand: touch move 614 687
11-01 23:01:59.098  8259  8259 D MonkeyStub: translateCommand: touch move 614 562
11-01 23:01:59.205  8259  8259 D MonkeyStub: translateCommand: touch move 614 437
11-01 23:01:59.310  8259  8259 D MonkeyStub: translateCommand: touch move 614 312
11-01 23:01:59.315  8259  8259 D MonkeyStub: translateCommand: touch up 614 312
11-01 23:01:59.348  8259  8259 D MonkeyStub: translateCommand: touch down 614 1561
11-01 23:01:59.361  8259  8259 D MonkeyStub: translateCommand: touch move 614 1561
11-01 23:01:59.480  8259  8259 D MonkeyStub: translateCommand: touch move 614 1436
11-01 23:01:59.591  8259  8259 D MonkeyStub: translateCommand: touch move 614 1311
11-01 23:01:59.696  8259  8259 D MonkeyStub: translateCommand: touch move 614 1186
11-01 23:01:59.802  8259  8259 D MonkeyStub: translateCommand: touch move 614 1061
11-01 23:01:59.909  8259  8259 D MonkeyStub: translateCommand: touch move 614 937
11-01 23:02:00.016  8259  8259 D MonkeyStub: translateCommand: touch move 614 812
11-01 23:02:00.126  8259  8259 D MonkeyStub: translateCommand: touch move 614 687
11-01 23:02:00.236  8259  8259 D MonkeyStub: translateCommand: touch move 614 562
11-01 23:02:00.343  8259  8259 D MonkeyStub: translateCommand: touch move 614 437
11-01 23:02:00.448  8259  8259 D MonkeyStub: translateCommand: touch move 614 312
11-01 23:02:00.456  8259  8259 D MonkeyStub: translateCommand: touch up 614 312
11-01 23:02:04.218   600  1665 I ActivityManager: Process com.android.documentsui (pid 5819) has died
11-01 23:02:04.218   600  1665 D ActivityManager: cleanUpApplicationRecord -- 5819
11-01 23:02:04.419  8316  8330 I chromium: [INFO:pipeline_controller.cc(46)] MCHR-300: Starting pipeline, demuxer: FFmpegDemuxer
11-01 23:02:04.420  8316  8337 I chromium: [INFO:ffmpeg_glue.cc(159)] MCHR-300: Container: mp3
11-01 23:02:04.551  8316  8428 I chromium: [INFO:decoder_stream.cc(443)] MCHR-300: Selected FFmpegAudioDecoder for audio decoding, config: codec: mp3, profile: unknown, bytes_per_channel: 2, channel_layout: MONO, channels: 1, samples_per_second: 8000, sample_format: Signed 16-bit planar, bytes_per_frame: 2, seek_preroll: 0us, codec_delay: 0, has extra data: false, encryption scheme: Unencrypted, discard decoder delay: true, target_output_channel_layout: STEREO, target_output_sample_format: Unknown sample format, has aac extra data: false
11-01 23:02:04.693   600  6822 I ActivityManager: Process com.android.chrome (pid 7453) has died
11-01 23:02:04.693   600  6822 D ActivityManager: cleanUpApplicationRecord -- 7453
11-01 23:02:04.921  8316  8330 I chromium: [INFO:web_media_player_impl.cc(2015)] MCHR-300: Playback ended.
11-01 23:02:05.490  7548  7558 I art     : Background sticky concurrent mark sweep GC freed 53986(2MB) AllocSpace objects, 0(0B) LOS objects, 7% free, 27MB/29MB, paused 7.122ms total 79.233ms
11-01 23:02:05.516  8259  8259 D MonkeyStub: translateCommand: touch down 614 1561
11-01 23:02:05.523   600  1664 I ActivityManager: Process com.android.defcontainer (pid 5783) has died
11-01 23:02:05.523   600  1664 D ActivityManager: cleanUpApplicationRecord -- 5783
11-01 23:02:05.528  8259  8259 D MonkeyStub: translateCommand: touch move 614 1561
11-01 23:02:05.651  8259  8259 D MonkeyStub: translateCommand: touch move 614 1436
11-01 23:02:05.759  8259  8259 D MonkeyStub: translateCommand: touch move 614 1311
11-01 23:02:05.866  8259  8259 D MonkeyStub: translateCommand: touch move 614 1186
11-01 23:02:05.975  8259  8259 D MonkeyStub: translateCommand: touch move 614 1061
11-01 23:02:06.083  8259  8259 D MonkeyStub: translateCommand: touch move 614 937
11-01 23:02:06.104   600   610 I ActivityManager: Process com.google.android.googlequicksearchbox:search (pid 5704) has died
11-01 23:02:06.104   600   610 D ActivityManager: cleanUpApplicationRecord -- 5704
11-01 23:02:06.192  8259  8259 D MonkeyStub: translateCommand: touch move 614 812
11-01 23:02:06.297  8259  8259 D MonkeyStub: translateCommand: touch move 614 687
11-01 23:02:06.404  8259  8259 D MonkeyStub: translateCommand: touch move 614 562
11-01 23:02:06.514  8259  8259 D MonkeyStub: translateCommand: touch move 614 437
11-01 23:02:06.629  8259  8259 D MonkeyStub: translateCommand: touch move 614 312
11-01 23:02:06.648  8259  8259 D MonkeyStub: translateCommand: touch up 614 312
11-01 23:02:06.669  8259  8259 D MonkeyStub: Quit requested
11-01 23:02:06.811   600   614 I CwMcuSensor: CwMcuSensor::flush: fd = 229, sensors_id = 0, path = /sys/class/htc_sensorhub/sensor_hub/flush, err = 0
11-01 23:02:06.838  8259  8259 I art     : System.exit called, status: 114
11-01 23:02:06.839  8259  8259 I AndroidRuntime: VM exiting with result code 114.
