--------- beginning of main
11-01 14:15:01.228 13493 13493 D AndroidRuntime: >>>>>> START com.android.internal.os.RuntimeInit uid 2000 <<<<<<
11-01 14:15:01.232 13493 13493 D AndroidRuntime: CheckJNI is OFF
11-01 14:15:01.298 13493 13493 D ICU     : No timezone override file found: /data/misc/zoneinfo/current/icu/icu_tzdata.dat
11-01 14:15:01.326 13493 13493 I Radio-JNI: register_android_hardware_Radio DONE
11-01 14:15:01.340 13493 13493 D AndroidRuntime: Calling main entry com.android.commands.am.Am
--------- beginning of system
11-01 14:15:01.359   600   819 I ActivityManager: Force stopping com.opera.browser appid=10122 user=0: from pid 13493
11-01 14:15:01.366  1058  1058 W ResourceType: ResTable_typeSpec entry count inconsistent: given 67, previously 69
11-01 14:15:01.366  1058  1058 W ResourceType: ResTable_typeSpec entry count inconsistent: given 5346, previously 5347
11-01 14:15:01.380  1058  1058 D RegisteredNfcFServicesCache: Service unchanged, not updating
11-01 14:15:01.614   600  8928 I ActivityManager: START u0 {act=android.intent.action.VIEW flg=0x10008000 cmp=com.opera.browser/com.opera.Opera} from uid 2000 on display 0
11-01 14:15:01.637 13493 13493 D AndroidRuntime: Shutting down VM
11-01 14:15:01.679   600  1665 I ActivityManager: Start proc 13503:com.opera.browser/u0a122 for activity com.opera.browser/com.opera.Opera
11-01 14:15:01.757 13503 13503 I art     : Starting a blocking GC AddRemoveAppImageSpace
11-01 14:15:01.782 13503 13503 I LoadedApk: No resource references to update in package com.opera.browser.nord_vpn
11-01 14:15:01.892 13503 13503 I art     : Rejecting re-init on previously-failed class java.lang.Class<com.opera.android.job.a$j>: java.lang.NoClassDefFoundError: Failed resolution of: Landroid/app/job/JobServiceEngine;
11-01 14:15:01.892 13503 13503 I art     :   at void com.opera.android.OperaApplication.onCreate() (SourceFile:52)
11-01 14:15:01.892 13503 13503 I art     :   at void android.app.Instrumentation.callApplicationOnCreate(android.app.Application) (Instrumentation.java:1024)
11-01 14:15:01.892 13503 13503 I art     :   at void android.app.ActivityThread.handleBindApplication(android.app.ActivityThread$AppBindData) (ActivityThread.java:5403)
11-01 14:15:01.892 13503 13503 I art     :   at void android.app.ActivityThread.-wrap2(android.app.ActivityThread, android.app.ActivityThread$AppBindData) (ActivityThread.java:-1)
11-01 14:15:01.892 13503 13503 I art     :   at void android.app.ActivityThread$H.handleMessage(android.os.Message) (ActivityThread.java:1545)
11-01 14:15:01.892 13503 13503 I art     :   at void android.os.Handler.dispatchMessage(android.os.Message) (Handler.java:102)
11-01 14:15:01.892 13503 13503 I art     :   at void android.os.Looper.loop() (Looper.java:154)
11-01 14:15:01.892 13503 13503 I art     :   at void android.app.ActivityThread.main(java.lang.String[]) (ActivityThread.java:6119)
11-01 14:15:01.892 13503 13503 I art     :   at java.lang.Object java.lang.reflect.Method.invoke!(java.lang.Object, java.lang.Object[]) (Method.java:-2)
11-01 14:15:01.892 13503 13503 I art     :   at void com.android.internal.os.ZygoteInit$MethodAndArgsCaller.run() (ZygoteInit.java:886)
11-01 14:15:01.892 13503 13503 I art     :   at void com.android.internal.os.ZygoteInit.main(java.lang.String[]) (ZygoteInit.java:776)
11-01 14:15:01.892 13503 13503 I art     : Caused by: java.lang.ClassNotFoundException: Didn't find class "android.app.job.JobServiceEngine" on path: DexPathList[[zip file "/data/app/com.opera.browser-1/base.apk"],nativeLibraryDirectories=[/data/app/com.opera.browser-1/lib/arm, /data/app/com.opera.browser-1/base.apk!/lib/armeabi-v7a, /system/lib, /vendor/lib]]
11-01 14:15:01.892 13503 13503 I art     :   at java.lang.Class dalvik.system.BaseDexClassLoader.findClass(java.lang.String) (BaseDexClassLoader.java:56)
11-01 14:15:01.892 13503 13503 I art     :   at java.lang.Class java.lang.ClassLoader.loadClass(java.lang.String, boolean) (ClassLoader.java:380)
11-01 14:15:01.892 13503 13503 I art     :   at java.lang.Class java.lang.ClassLoader.loadClass(java.lang.String) (ClassLoader.java:312)
11-01 14:15:01.892 13503 13503 I art     :   at void com.opera.android.OperaApplication.onCreate() (SourceFile:52)
11-01 14:15:01.892 13503 13503 I art     :   at void android.app.Instrumentation.callApplicationOnCreate(android.app.Application) (Instrumentation.java:1024)
11-01 14:15:01.892 13503 13503 I art     :   at void android.app.ActivityThread.handleBindApplication(android.app.ActivityThread$AppBindData) (ActivityThread.java:5403)
11-01 14:15:01.892 13503 13503 I art     :   at void android.app.ActivityThread.-wrap2(android.app.ActivityThread, android.app.ActivityThread$AppBindData) (ActivityThread.java:-1)
11-01 14:15:01.892 13503 13503 I art     :   at void android.app.ActivityThread$H.handleMessage(android.os.Message) (ActivityThread.java:1545)
11-01 14:15:01.892 13503 13503 I art     :   at void android.os.Handler.dispatchMessage(android.os.Message) (Handler.java:102)
11-01 14:15:01.892 13503 13503 I art     :   at void android.os.Looper.loop() (Looper.java:154)
11-01 14:15:01.892 13503 13503 I art     :   at void android.app.ActivityThread.main(java.lang.String[]) (ActivityThread.java:6119)
11-01 14:15:01.892 13503 13503 I art     :   at java.lang.Object java.lang.reflect.Method.invoke!(java.lang.Object, java.lang.Object[]) (Method.java:-2)
11-01 14:15:01.892 13503 13503 I art     :   at void com.android.internal.os.ZygoteInit$MethodAndArgsCaller.run() (ZygoteInit.java:886)
11-01 14:15:01.892 13503 13503 I art     :   at void com.android.internal.os.ZygoteInit.main(java.lang.String[]) (ZygoteInit.java:776)
11-01 14:15:01.892 13503 13503 I art     : 
11-01 14:15:01.906 13503 13541 D NetworkSecurityConfig: Using Network Security Config from resource network_security_config_official_build debugBuild: false
11-01 14:15:02.110   600  1068 I ActivityManager: START u0 {act=android.intent.action.VIEW flg=0x10008000 cmp=com.opera.browser/com.opera.android.startup.WelcomeActivity} from uid 10122 on display 0
11-01 14:15:02.141   600   610 W ActivityManager: Duplicate finish request for ActivityRecord{396bdc7 u0 com.opera.browser/com.opera.Opera t1201 f}
11-01 14:15:02.161 13503 13513 W art     : Suspending all threads took: 5.114ms
11-01 14:15:02.175 13503 13513 I art     : Background sticky concurrent mark sweep GC freed 12734(1285KB) AllocSpace objects, 2(120KB) LOS objects, 14% free, 4MB/5MB, paused 18.474ms total 96.470ms
11-01 14:15:02.448 13503 13612 I OpenGLRenderer: Initialized EGL, version 1.4
11-01 14:15:02.448 13503 13612 D OpenGLRenderer: Swap behavior 2
11-01 14:15:02.477   600   609 I art     : Background partial concurrent mark sweep GC freed 15919(724KB) AllocSpace objects, 1(20KB) LOS objects, 33% free, 14MB/22MB, paused 1.130ms total 282.757ms
11-01 14:15:02.514 13503 13513 I art     : Background sticky concurrent mark sweep GC freed 24895(1927KB) AllocSpace objects, 15(300KB) LOS objects, 0% free, 5MB/5MB, paused 5.505ms total 290.636ms
11-01 14:15:02.596 13503 13545 I FA      : App measurement initialized, version: 43042
11-01 14:15:02.596 13503 13545 I FA      : To enable debug logging run: adb shell setprop log.tag.FA VERBOSE
11-01 14:15:02.596 13503 13545 I FA      : To enable faster debug mode event logging run:
11-01 14:15:02.596 13503 13545 I FA      :   adb shell setprop debug.firebase.analytics.app com.opera.browser
11-01 14:15:02.792 13503 13545 I FA      : Tag Manager is not found and thus will not be used
11-01 14:15:02.943   600   620 I ActivityManager: Displayed com.opera.browser/com.opera.android.startup.WelcomeActivity: +791ms (total +1s306ms)
11-01 14:15:02.997   600   620 W WindowManager: Failed looking up window
11-01 14:15:02.997   600   620 W WindowManager: java.lang.IllegalArgumentException: Requested window android.view.ViewRootImpl$W@76f98c does not exist
11-01 14:15:02.997   600   620 W WindowManager: 	at com.android.server.wm.WindowManagerService.windowForClientLocked(WindowManagerService.java:9422)
11-01 14:15:02.997   600   620 W WindowManager: 	at com.android.server.wm.WindowManagerService.windowForClientLocked(WindowManagerService.java:9413)
11-01 14:15:02.997   600   620 W WindowManager: 	at com.android.server.wm.WindowManagerService.removeWindow(WindowManagerService.java:2393)
11-01 14:15:02.997   600   620 W WindowManager: 	at com.android.server.wm.Session.remove(Session.java:202)
11-01 14:15:02.997   600   620 W WindowManager: 	at android.view.ViewRootImpl.dispatchDetachedFromWindow(ViewRootImpl.java:3290)
11-01 14:15:02.997   600   620 W WindowManager: 	at android.view.ViewRootImpl.doDie(ViewRootImpl.java:5917)
11-01 14:15:02.997   600   620 W WindowManager: 	at android.view.ViewRootImpl$ViewRootHandler.handleMessage(ViewRootImpl.java:3626)
11-01 14:15:02.997   600   620 W WindowManager: 	at android.os.Handler.dispatchMessage(Handler.java:102)
11-01 14:15:02.997   600   620 W WindowManager: 	at android.os.Looper.loop(Looper.java:154)
11-01 14:15:02.997   600   620 W WindowManager: 	at android.os.HandlerThread.run(HandlerThread.java:61)
11-01 14:15:02.997   600   620 W WindowManager: 	at com.android.server.ServiceThread.run(ServiceThread.java:46)
11-01 14:15:03.087   600   819 I ActivityManager: Start proc 13641:com.opera.browser:privileged_process0/u0a122 for service com.opera.browser/com.opera.android.browser.chromium.services.PrivilegedProcessService0
11-01 14:15:03.098 13503 13636 W chromium: [WARNING:op_site_scripts.cc(424)] Failed to map /data/user/0/com.opera.browser/app_opera/sjs
11-01 14:15:03.159 13641 13641 I art     : Starting a blocking GC AddRemoveAppImageSpace
11-01 14:15:03.182 13641 13641 I LoadedApk: No resource references to update in package com.opera.browser.nord_vpn
11-01 14:15:03.358 13641 13658 E libEGL  : validate_display:99 error 3008 (EGL_BAD_DISPLAY)
11-01 14:15:03.425 23814 23861 W SearchService: Abort, client detached.
11-01 14:15:03.429 23814 23814 I MemoryTrimmer: Trimming objects from memory, since app is in the background.
11-01 14:15:03.449 23814 13400 I DeviceStateChecker: DeviceStateChecker cancelled
11-01 14:15:03.450 23814 23814 I MicroDetector: Keeping mic open: false
11-01 14:15:03.451 23814 23862 I AudioController: internalShutdown
11-01 14:15:03.451 23814 23862 I MicrophoneInputStream: mic_close com.google.android.apps.gsa.speech.audio.ae@ec41b1c
11-01 14:15:03.452 23814 23870 I MicroRecognitionRunner: Stopping hotword detection.
11-01 14:15:03.463   238   286 I SoundTriggerHwService::Module: void android::SoundTriggerHwService::Module::onCallbackEvent(const sp<android::SoundTriggerHwService::CallbackEvent> &) mClient == 0
11-01 14:15:03.484 23814 13399 I MicroRecognitionRunner: Detection finished
11-01 14:15:03.495  1075  1075 I MemoryTrimmer: Trimming objects from memory, since app is in the background.
11-01 14:15:03.557 13641 13658 E libEGL  : validate_display:99 error 3008 (EGL_BAD_DISPLAY)
11-01 14:15:03.617   785 12626 W NetworkScheduler: Error inserting service_kind=0 source=16 tag=Measurement.PackageMeasurementTaskService.UPLOAD_TASK_TAG target_package=com.google.android.gms requires_charging=0 source_version=203915000 required_network_type=0 flex_time=2100000 persistence_level=1 target_class=com.google.android.gms.measurement.PackageMeasurementTaskService runtime=1667308503599 retry_strategy={"maximum_backoff_seconds":{"3600":0},"initial_backoff_seconds":{"30":0},"retry_policy":{"0":0}} preferred_network_type=1 required_idleness_state=0 preferred_charging_state=1 period=4201000 last_runtime=0 task_type=0 job_id=-1 user_id=0, error message: UNIQUE constraint failed: pending_ops.tag, pending_ops.target_class, pending_ops.target_package, pending_ops.user_id (code 2067) [CONTEXT service_id=218 ]
11-01 14:15:03.700   785 12626 W NetworkScheduler: Error inserting service_kind=0 source=16 tag=Measurement.PackageMeasurementTaskService.UPLOAD_TASK_TAG target_package=com.google.android.gms requires_charging=0 source_version=203915000 required_network_type=0 flex_time=2100000 persistence_level=1 target_class=com.google.android.gms.measurement.PackageMeasurementTaskService runtime=1667308503697 retry_strategy={"maximum_backoff_seconds":{"3600":0},"initial_backoff_seconds":{"30":0},"retry_policy":{"0":0}} preferred_network_type=1 required_idleness_state=0 preferred_charging_state=1 period=4201000 last_runtime=0 task_type=0 job_id=-1 user_id=0, error message: UNIQUE constraint failed: pending_ops.tag, pending_ops.target_class, pending_ops.target_package, pending_ops.user_id (code 2067) [CONTEXT service_id=218 ]
11-01 14:15:03.718   785 13226 W NetworkScheduler: Error inserting service_kind=0 source=16 tag=Measurement.PackageMeasurementTaskService.UPLOAD_TASK_TAG target_package=com.google.android.gms requires_charging=0 source_version=203915000 required_network_type=0 flex_time=2100000 persistence_level=1 target_class=com.google.android.gms.measurement.PackageMeasurementTaskService runtime=1667308503715 retry_strategy={"maximum_backoff_seconds":{"3600":0},"initial_backoff_seconds":{"30":0},"retry_policy":{"0":0}} preferred_network_type=1 required_idleness_state=0 preferred_charging_state=1 period=4201000 last_runtime=0 task_type=0 job_id=-1 user_id=0, error message: UNIQUE constraint failed: pending_ops.tag, pending_ops.target_class, pending_ops.target_package, pending_ops.user_id (code 2067) [CONTEXT service_id=218 ]
11-01 14:15:07.456 13503 13503 I PlayCore: UID: [10122]  PID: [13503] AppUpdateListenerRegistry : registerListener
11-01 14:15:07.459 13503 13503 I PlayCore: UID: [10122]  PID: [13503] AppUpdateService : requestUpdateInfo(com.opera.browser)
11-01 14:15:07.460 13503 13720 I PlayCore: UID: [10122]  PID: [13503] AppUpdateService : Initiate binding to the service.
11-01 14:15:07.461   600  8039 W ActivityManager: Unable to start service Intent { act=com.google.android.play.core.install.BIND_UPDATE_SERVICE pkg=com.android.vending } U=0: not found
11-01 14:15:07.462 13503 13720 I PlayCore: UID: [10122]  PID: [13503] AppUpdateService : Failed to bind to the service.
11-01 14:15:07.547 13503 13726 D ApplicationLoaders: ignored Vulkan layer search path /data/app/com.google.android.gms-1/lib/arm:/data/app/com.google.android.gms-1/base.apk!/lib/armeabi-v7a:/data/app/com.google.android.gms-1/split_config.en.apk!/lib/armeabi-v7a for namespace 0xf7270090
11-01 14:15:07.549 13503 13726 W ResourceType: ResTable_typeSpec entry count inconsistent: given 67, previously 69
11-01 14:15:07.549 13503 13726 W ResourceType: ResTable_typeSpec entry count inconsistent: given 5346, previously 5347
11-01 14:15:07.915   600   612 D SyncManager: failed sync operation JobId: 108392, com.opera.browser u0 (com.opera.browser.ping), com.opera.browser.ping.provider, SERVER, reason: 10122, SyncResult: delayUntil: 1667315707 stats [ numIoExceptions: 1]
11-01 14:15:13.544 23814 23814 I MemoryTrimmer: Trimming objects from memory, since app is in the background.
11-01 14:15:14.836 13752 13752 D AndroidRuntime: >>>>>> START com.android.internal.os.RuntimeInit uid 2000 <<<<<<
11-01 14:15:14.840 13752 13752 D AndroidRuntime: CheckJNI is OFF
11-01 14:15:14.906 13752 13752 D ICU     : No timezone override file found: /data/misc/zoneinfo/current/icu/icu_tzdata.dat
11-01 14:15:14.937 13752 13752 I Radio-JNI: register_android_hardware_Radio DONE
11-01 14:15:14.952 13752 13752 D AndroidRuntime: Calling main entry com.android.commands.monkey.Monkey
11-01 14:15:15.022   600   613 W BroadcastQueue: Skipping deliver [background] BroadcastRecord{291b1ca u-1 android.net.conn.CONNECTIVITY_CHANGE} to ReceiverList{8706f3b 13752 (unknown name)/2000/u-1 remote:f63df6c}: process crashing
11-01 14:15:16.583 13752 13752 D MonkeyStub: translateCommand: wake
11-01 14:15:16.720 13752 13752 D MonkeyStub: translateCommand: tap 960 1881
11-01 14:15:16.801   600  5522 I ActivityManager: START u0 {act=android.intent.action.VIEW flg=0x1000000 cmp=com.opera.browser/com.opera.android.IntentDispatcherActivity} from uid 10122 on display 0
11-01 14:15:16.918  1075  1164 I OpenGLRenderer: Initialized EGL, version 1.4
11-01 14:15:16.918  1075  1164 D OpenGLRenderer: Swap behavior 2
11-01 14:15:16.921   600  8040 I ActivityManager: START u0 {act=android.intent.action.VIEW flg=0x15002000 cmp=com.opera.browser/com.opera.android.BrowserActivity} from uid 10122 on display 0
11-01 14:15:17.006   600   609 I art     : Background partial concurrent mark sweep GC freed 41479(2MB) AllocSpace objects, 45(1488KB) LOS objects, 33% free, 14MB/22MB, paused 764us total 128.141ms
11-01 14:15:17.263 13503 13797 W ResourceType: ResTable_typeSpec entry count inconsistent: given 67, previously 69
11-01 14:15:17.263 13503 13797 W ResourceType: ResTable_typeSpec entry count inconsistent: given 5346, previously 5347
11-01 14:15:17.274  1075  1075 I MemoryTrimmer: Trimming objects from memory, since app is in the background.
11-01 14:15:17.334 13503 13769 E [Leanplum][ERROR]: No variable values were received from the server. Please contact us to investigate.
11-01 14:15:17.433   600   713 I CwMcuSensor: CwMcuSensor::flush: fd = 234, sensors_id = 0, path = /sys/class/htc_sensorhub/sensor_hub/flush, err = 0
11-01 14:15:17.449   600   620 I ActivityManager: Displayed com.opera.browser/com.opera.android.BrowserActivity: +508ms (total +601ms)
11-01 14:15:17.583 13503 13612 D OpenGLRenderer: endAllActiveAnimators on 0xd01cb780 (RippleDrawable) with handle 0xd01db980
11-01 14:15:17.862 13503 13815 W ResourceType: ResTable_typeSpec entry count inconsistent: given 67, previously 69
11-01 14:15:17.862 13503 13815 W ResourceType: ResTable_typeSpec entry count inconsistent: given 5346, previously 5347
11-01 14:15:17.949 13503 13513 I art     : Background sticky concurrent mark sweep GC freed 39747(3MB) AllocSpace objects, 36(720KB) LOS objects, 30% free, 8MB/11MB, paused 3.337ms total 100.217ms
11-01 14:15:17.964   785 12359 W NetworkScheduler: Error inserting service_kind=0 source=16 tag=Measurement.PackageMeasurementTaskService.UPLOAD_TASK_TAG target_package=com.google.android.gms requires_charging=0 source_version=203915000 required_network_type=0 flex_time=2085000 persistence_level=1 target_class=com.google.android.gms.measurement.PackageMeasurementTaskService runtime=1667308517949 retry_strategy={"maximum_backoff_seconds":{"3600":0},"initial_backoff_seconds":{"30":0},"retry_policy":{"0":0}} preferred_network_type=1 required_idleness_state=0 preferred_charging_state=1 period=4172000 last_runtime=0 task_type=0 job_id=-1 user_id=0, error message: UNIQUE constraint failed: pending_ops.tag, pending_ops.target_class, pending_ops.target_package, pending_ops.user_id (code 2067) [CONTEXT service_id=218 ]
11-01 14:15:18.089   785 13226 W NetworkScheduler: Error inserting service_kind=0 source=16 tag=Measurement.PackageMeasurementTaskService.UPLOAD_TASK_TAG target_package=com.google.android.gms requires_charging=0 source_version=203915000 required_network_type=0 flex_time=2085000 persistence_level=1 target_class=com.google.android.gms.measurement.PackageMeasurementTaskService runtime=1667308518073 retry_strategy={"maximum_backoff_seconds":{"3600":0},"initial_backoff_seconds":{"30":0},"retry_policy":{"0":0}} preferred_network_type=1 required_idleness_state=0 preferred_charging_state=1 period=4172000 last_runtime=0 task_type=0 job_id=-1 user_id=0, error message: UNIQUE constraint failed: pending_ops.tag, pending_ops.target_class, pending_ops.target_package, pending_ops.user_id (code 2067) [CONTEXT service_id=218 ]
11-01 14:15:18.097 13503 13508 I art     : Do partial code cache collection, code=18KB, data=30KB
11-01 14:15:18.098 13503 13508 I art     : After code cache collection, code=18KB, data=30KB
11-01 14:15:18.098 13503 13508 I art     : Increasing code cache capacity to 128KB
11-01 14:15:18.129 13503 13841 W ResourceType: ResTable_typeSpec entry count inconsistent: given 67, previously 69
11-01 14:15:18.129 13503 13841 W ResourceType: ResTable_typeSpec entry count inconsistent: given 5346, previously 5347
11-01 14:15:18.134 13503 13503 E Sensors : sendAck failure -1 1
11-01 14:15:18.139 13503 13503 E Sensors : sendAck failure -1 1
11-01 14:15:18.185 13503 13503 I Choreographer: Skipped 38 frames!  The application may be doing too much work on its main thread.
11-01 14:15:18.335 13503 13513 I art     : Background partial concurrent mark sweep GC freed 49030(2MB) AllocSpace objects, 33(660KB) LOS objects, 40% free, 9MB/15MB, paused 4.158ms total 107.069ms
11-01 14:15:18.375 13503 13503 W View    : requestLayout() improperly called by com.opera.android.custom_views.FadingRecyclerView{f733508 VFED.V... ......ID 0,813-1536,813 #7f0a0825 app:id/suggested_dials_grid} during layout: running second layout pass
11-01 14:15:18.573 13503 13513 I art     : Background partial concurrent mark sweep GC freed 18389(1267KB) AllocSpace objects, 9(796KB) LOS objects, 40% free, 10MB/16MB, paused 4.607ms total 165.976ms
11-01 14:15:18.927 13866 13866 I dex2oat : /system/bin/dex2oat --dex-file=/data/user/0/com.opera.browser/code_cache/.   ​   --oat-fd=138 --oat-location=/data/user/0/com.opera.browser/code_cache/.     --compiler-filter=speed
11-01 14:15:19.286 13866 13866 I dex2oat : dex2oat took 359.688ms (threads: 2) arena alloc=432KB (442800B) java alloc=32KB (33064B) native alloc=346KB (354496B) free=1189KB (1218368B)
11-01 14:15:19.472 13503 13508 I art     : Do partial code cache collection, code=37KB, data=61KB
11-01 14:15:19.529 13874 13874 I dex2oat : /system/bin/dex2oat --dex-file=/data/user/0/com.opera.browser/code_cache/.      --oat-fd=139 --oat-location=/data/user/0/com.opera.browser/code_cache/.    --compiler-filter=speed
11-01 14:15:19.585 13503 13508 I art     : After code cache collection, code=37KB, data=62KB
11-01 14:15:19.585 13503 13508 I art     : Increasing code cache capacity to 256KB
11-01 14:15:19.689 13503 13513 I art     : Background sticky concurrent mark sweep GC freed 20741(3MB) AllocSpace objects, 18(1288KB) LOS objects, 16% free, 13MB/16MB, paused 3.995ms total 170.265ms
11-01 14:15:19.982 13874 13874 I dex2oat : dex2oat took 454.005ms (threads: 2) arena alloc=483KB (495400B) java alloc=101KB (104080B) native alloc=523KB (536408B) free=1524KB (1560744B)
11-01 14:15:19.988 13503 13513 W art     : Suspending all threads took: 6.085ms
11-01 14:15:20.036 13503 13513 I art     : Background partial concurrent mark sweep GC freed 58665(3MB) AllocSpace objects, 21(1796KB) LOS objects, 40% free, 14MB/23MB, paused 8.820ms total 241.337ms
11-01 14:15:20.489 13503 13513 I art     : Background partial concurrent mark sweep GC freed 115227(5MB) AllocSpace objects, 10(792KB) LOS objects, 39% free, 14MB/23MB, paused 1.253ms total 109.653ms
11-01 14:15:20.751 13503 13513 I art     : Background partial concurrent mark sweep GC freed 101443(3MB) AllocSpace objects, 3(100KB) LOS objects, 39% free, 14MB/23MB, paused 1.605ms total 103.687ms
11-01 14:15:20.782 13752 13752 D MonkeyStub: translateCommand: tap 57 93
11-01 14:15:22.865 13752 13752 D MonkeyStub: translateCommand: tap 57 93
11-01 14:15:25.116 13752 13752 D MonkeyStub: translateCommand: tap 446 593
11-01 14:15:27.582 13752 13752 D MonkeyStub: translateCommand: tap 667 302
11-01 14:15:27.676 13503 13508 I art     : Do full code cache collection, code=84KB, data=124KB
11-01 14:15:27.684 13503 13508 I art     : Starting a blocking GC JitCodeCache
11-01 14:15:27.684 13503 13508 I art     : After code cache collection, code=66KB, data=68KB
11-01 14:15:31.058 13752 13752 D MonkeyStub: translateCommand: tap 1286 930
11-01 14:15:32.286 13752 13752 D MonkeyStub: translateCommand: tap 62 98
11-01 14:15:32.325 13752 13752 D MonkeyStub: translateCommand: tap 729 89
11-01 14:15:32.334 13752 13752 D MonkeyStub: Quit requested
11-01 14:15:32.354   600   614 I CwMcuSensor: CwMcuSensor::flush: fd = 234, sensors_id = 0, path = /sys/class/htc_sensorhub/sensor_hub/flush, err = 0
11-01 14:15:32.361 13752 13752 I art     : System.exit called, status: 16
11-01 14:15:32.361 13752 13752 I AndroidRuntime: VM exiting with result code 16.
11-01 14:15:32.385   600   713 W WindowManager: Attempted to remove non-existing token: android.os.Binder@c658658
11-01 14:15:32.637   600  1485 E BatteryStatsService: power: Missing API
11-01 14:15:32.642   600  1485 E BatteryStatsService: no controller energy info supplied
11-01 14:15:32.642   800   800 E PhoneInterfaceManager: [PhoneIntfMgr] queryModemActivityInfo: Empty response
11-01 14:15:32.646   600  1485 E BatteryStatsService: modem info is invalid: ModemActivityInfo{ mTimestamp=0 mSleepTimeMs=0 mIdleTimeMs=0 mTxTimeMs[]=[0, 0, 0, 0, 0] mRxTimeMs=0 mEnergyUsed=0}
11-01 14:15:32.651   600   613 W ProcessCpuTracker: Skipping unknown process pid 13903
11-01 14:15:33.052 13906 13906 D AndroidRuntime: >>>>>> START com.android.internal.os.RuntimeInit uid 2000 <<<<<<
11-01 14:15:33.055 13906 13906 D AndroidRuntime: CheckJNI is OFF
11-01 14:15:33.123 13906 13906 D ICU     : No timezone override file found: /data/misc/zoneinfo/current/icu/icu_tzdata.dat
11-01 14:15:33.153 13906 13906 I Radio-JNI: register_android_hardware_Radio DONE
11-01 14:15:33.169 13906 13906 D AndroidRuntime: Calling main entry com.android.commands.am.Am
11-01 14:15:33.189   600  8039 I ActivityManager: START u0 {act=android.intent.action.VIEW dat=http://geeksforgeeks.org/... flg=0x10000000 cmp=com.opera.browser/com.opera.Opera} from uid 2000 on display 0
11-01 14:15:33.195 13906 13906 D AndroidRuntime: Shutting down VM
11-01 14:15:33.302 13503 13503 W art     : Before Android 4.1, method double java.util.concurrent.ThreadLocalRandom.internalNextDouble(double, double) would have incorrectly overridden the package-private method in java.util.Random
11-01 14:15:33.303 13503 13503 W art     : Before Android 4.1, method int java.util.concurrent.ThreadLocalRandom.internalNextInt(int, int) would have incorrectly overridden the package-private method in java.util.Random
11-01 14:15:33.303 13503 13503 W art     : Before Android 4.1, method long java.util.concurrent.ThreadLocalRandom.internalNextLong(long, long) would have incorrectly overridden the package-private method in java.util.Random
11-01 14:15:33.341   600   619 D BluetoothManagerService: Message: 20
11-01 14:15:33.341   600   619 D BluetoothManagerService: Added callback: android.bluetooth.IBluetoothManagerCallback$Stub$Proxy@d063e06:true
11-01 14:15:33.367   600  8040 I ActivityManager: Start proc 13919:com.opera.browser:sandboxed_process0/u0a122 for service com.opera.browser/com.opera.android.browser.chromium.services.SandboxedProcessService0
11-01 14:15:33.422 13919 13919 I art     : Starting a blocking GC AddRemoveAppImageSpace
11-01 14:15:33.438 13919 13919 I LoadedApk: No resource references to update in package com.opera.browser.nord_vpn
11-01 14:15:33.466 13503 13871 W ResourceType: ResTable_typeSpec entry count inconsistent: given 67, previously 69
11-01 14:15:33.466 13503 13871 W ResourceType: ResTable_typeSpec entry count inconsistent: given 5346, previously 5347
11-01 14:15:33.597 13503 13508 I art     : Do partial code cache collection, code=87KB, data=109KB
11-01 14:15:33.598 13503 13508 I art     : After code cache collection, code=87KB, data=109KB
11-01 14:15:33.598 13503 13508 I art     : Increasing code cache capacity to 512KB
11-01 14:15:33.783   785  1682 I FontLog : Received query name=Google Sans&weight=400&besteffort=false, URI content://com.google.android.gms.fonts [CONTEXT service_id=132 ]
11-01 14:15:33.784   785  1682 I FontLog : Query [name=Google Sans&weight=400&besteffort=false] resolved to {Google Sans, wdth 100.0, wght 400, ital 0.0, bestEffort false} [CONTEXT service_id=132 ]
11-01 14:15:33.785   785  1682 I FontLog : Font PFD returned from cache for {Google Sans, wdth 100.0, wght 400, ital 0.0, bestEffort false} [CONTEXT service_id=132 ]
11-01 14:15:33.785   785  1682 I FontLog : Fetch {Google Sans, wdth 100.0, wght 400, ital 0.0, bestEffort false} end status Status{statusCode=SUCCESS, resolution=null} [CONTEXT service_id=132 ]
11-01 14:15:33.793   785  1586 I FontLog : Pulling font file for id = 184, cache size = 7 [CONTEXT service_id=132 ]
11-01 14:15:33.800   785  1576 I FontLog : Received query name=Google Sans&weight=500&besteffort=false, URI content://com.google.android.gms.fonts [CONTEXT service_id=132 ]
11-01 14:15:33.800   785  1576 I FontLog : Query [name=Google Sans&weight=500&besteffort=false] resolved to {Google Sans, wdth 100.0, wght 500, ital 0.0, bestEffort false} [CONTEXT service_id=132 ]
11-01 14:15:33.801   785  1576 I FontLog : Font PFD returned from cache for {Google Sans, wdth 100.0, wght 500, ital 0.0, bestEffort false} [CONTEXT service_id=132 ]
11-01 14:15:33.801   785  1576 I FontLog : Fetch {Google Sans, wdth 100.0, wght 500, ital 0.0, bestEffort false} end status Status{statusCode=SUCCESS, resolution=null} [CONTEXT service_id=132 ]
11-01 14:15:33.808   785   798 I FontLog : Pulling font file for id = 185, cache size = 5 [CONTEXT service_id=132 ]
11-01 14:15:33.811   785   799 I FontLog : Received query name=Google Sans&weight=700&besteffort=false, URI content://com.google.android.gms.fonts [CONTEXT service_id=132 ]
11-01 14:15:33.812   785   799 I FontLog : Query [name=Google Sans&weight=700&besteffort=false] resolved to {Google Sans, wdth 100.0, wght 700, ital 0.0, bestEffort false} [CONTEXT service_id=132 ]
11-01 14:15:33.813   785   799 I FontLog : Fetch {Google Sans, wdth 100.0, wght 700, ital 0.0, bestEffort false} end status Status{statusCode=SUCCESS, resolution=null} [CONTEXT service_id=132 ]
11-01 14:15:33.816   785  1191 I FontLog : Pulling font file for id = 186, cache size = 6 [CONTEXT service_id=132 ]
11-01 14:15:33.819   785  1744 I FontLog : Received query name=Noto Color Emoji Compat&weight=400&besteffort=false, URI content://com.google.android.gms.fonts [CONTEXT service_id=132 ]
11-01 14:15:33.820   785  1744 I FontLog : Query [name=Noto Color Emoji Compat&weight=400&besteffort=false] resolved to {Noto Color Emoji Compat, wdth 100.0, wght 400, ital 0.0, bestEffort false} [CONTEXT service_id=132 ]
11-01 14:15:33.824   785  1744 I FontLog : Fetch {Noto Color Emoji Compat, wdth 100.0, wght 400, ital 0.0, bestEffort false} end status Status{statusCode=SUCCESS, resolution=null} [CONTEXT service_id=132 ]
11-01 14:15:33.827   785  1300 I FontLog : Pulling font file for id = 187, cache size = 7 [CONTEXT service_id=132 ]
11-01 14:15:33.877   785 12359 I SQLiteConnectionPool: The connection pool for /data/user/0/com.google.android.gms/databases/metadata.db has been closed but there are still 1 connections in use.  They will be closed as they are released back to the pool.
11-01 14:15:33.878   785 13943 W FontLog : Error updating last accessed time for {Noto Color Emoji Compat, wdth 100.0, wght 400, ital 0.0, bestEffort false}. [CONTEXT service_id=132 ]
11-01 14:15:33.878   785 13943 W FontLog : java.lang.IllegalStateException: Cannot perform this operation because the connection pool has been closed.
11-01 14:15:33.878   785 13943 W FontLog : 	at android.database.sqlite.SQLiteConnectionPool.throwIfClosedLocked(SQLiteConnectionPool.java:962)
11-01 14:15:33.878   785 13943 W FontLog : 	at android.database.sqlite.SQLiteConnectionPool.waitForConnection(SQLiteConnectionPool.java:677)
11-01 14:15:33.878   785 13943 W FontLog : 	at android.database.sqlite.SQLiteConnectionPool.acquireConnection(SQLiteConnectionPool.java:348)
11-01 14:15:33.878   785 13943 W FontLog : 	at android.database.sqlite.SQLiteSession.acquireConnection(SQLiteSession.java:894)
11-01 14:15:33.878   785 13943 W FontLog : 	at android.database.sqlite.SQLiteSession.executeForChangedRowCount(SQLiteSession.java:752)
11-01 14:15:33.878   785 13943 W FontLog : 	at android.database.sqlite.SQLiteStatement.executeUpdateDelete(SQLiteStatement.java:64)
11-01 14:15:33.878   785 13943 W FontLog : 	at android.database.sqlite.SQLiteDatabase.executeSql(SQLiteDatabase.java:1679)
11-01 14:15:33.878   785 13943 W FontLog : 	at android.database.sqlite.SQLiteDatabase.execSQL(SQLiteDatabase.java:1658)
11-01 14:15:33.878   785 13943 W FontLog : 	at aafx.run(Unknown Source)
11-01 14:15:33.878   785 13943 W FontLog : 	at sup.b(:com.google.android.gms@203915020@20.39.15 (040406-335085812):12)
11-01 14:15:33.878   785 13943 W FontLog : 	at sup.run(:com.google.android.gms@203915020@20.39.15 (040406-335085812):7)
11-01 14:15:33.878   785 13943 W FontLog : 	at java.util.concurrent.ThreadPoolExecutor.runWorker(ThreadPoolExecutor.java:1133)
11-01 14:15:33.878   785 13943 W FontLog : 	at java.util.concurrent.ThreadPoolExecutor$Worker.run(ThreadPoolExecutor.java:607)
11-01 14:15:33.878   785 13943 W FontLog : 	at tam.run(:com.google.android.gms@203915020@20.39.15 (040406-335085812):0)
11-01 14:15:33.878   785 13943 W FontLog : 	at java.lang.Thread.run(Thread.java:761)
11-01 14:15:33.932   785 12359 W NetworkScheduler: Error inserting service_kind=0 source=16 tag=Measurement.PackageMeasurementTaskService.UPLOAD_TASK_TAG target_package=com.google.android.gms requires_charging=0 source_version=203915000 required_network_type=0 flex_time=2069000 persistence_level=1 target_class=com.google.android.gms.measurement.PackageMeasurementTaskService runtime=1667308533928 retry_strategy={"maximum_backoff_seconds":{"3600":0},"initial_backoff_seconds":{"30":0},"retry_policy":{"0":0}} preferred_network_type=1 required_idleness_state=0 preferred_charging_state=1 period=4140000 last_runtime=0 task_type=0 job_id=-1 user_id=0, error message: UNIQUE constraint failed: pending_ops.tag, pending_ops.target_class, pending_ops.target_package, pending_ops.user_id (code 2067) [CONTEXT service_id=218 ]
11-01 14:15:34.176   600   647 I WifiHAL : Got channel list with 13 channels
11-01 14:15:34.177   600   647 I WifiHAL : Got channel list with 4 channels
11-01 14:15:34.178   600   647 I WifiHAL : Got channel list with 15 channels
11-01 14:15:46.374 13978 13978 D AndroidRuntime: >>>>>> START com.android.internal.os.RuntimeInit uid 2000 <<<<<<
11-01 14:15:46.377 13978 13978 D AndroidRuntime: CheckJNI is OFF
11-01 14:15:46.441 13978 13978 D ICU     : No timezone override file found: /data/misc/zoneinfo/current/icu/icu_tzdata.dat
11-01 14:15:46.473 13978 13978 I Radio-JNI: register_android_hardware_Radio DONE
11-01 14:15:46.490 13978 13978 D AndroidRuntime: Calling main entry com.android.commands.monkey.Monkey
11-01 14:15:46.574   600   613 W BroadcastQueue: Skipping deliver [background] BroadcastRecord{1197f4a u-1 android.net.conn.CONNECTIVITY_CHANGE} to ReceiverList{9dfeebb 13978 (unknown name)/2000/u-1 remote:d1c90ec}: process crashing
11-01 14:15:48.118 13978 13978 D MonkeyStub: translateCommand: wake
11-01 14:15:48.333 13978 13978 D MonkeyStub: translateCommand: touch down 614 1561
11-01 14:15:48.357 13978 13978 D MonkeyStub: translateCommand: touch move 614 1561
11-01 14:15:48.465 13978 13978 D MonkeyStub: translateCommand: touch move 614 1436
11-01 14:15:48.572 13978 13978 D MonkeyStub: translateCommand: touch move 614 1311
11-01 14:15:48.683 13978 13978 D MonkeyStub: translateCommand: touch move 614 1186
11-01 14:15:48.791 13978 13978 D MonkeyStub: translateCommand: touch move 614 1061
11-01 14:15:48.900 13978 13978 D MonkeyStub: translateCommand: touch move 614 937
11-01 14:15:49.013 13978 13978 D MonkeyStub: translateCommand: touch move 614 812
11-01 14:15:49.122 13978 13978 D MonkeyStub: translateCommand: touch move 614 687
11-01 14:15:49.231 13978 13978 D MonkeyStub: translateCommand: touch move 614 562
11-01 14:15:49.336 13978 13978 D MonkeyStub: translateCommand: touch move 614 437
11-01 14:15:49.447 13978 13978 D MonkeyStub: translateCommand: touch move 614 312
11-01 14:15:49.450 13978 13978 D MonkeyStub: translateCommand: touch up 614 312
11-01 14:15:49.482 13978 13978 D MonkeyStub: translateCommand: touch down 614 1561
11-01 14:15:49.486 13978 13978 D MonkeyStub: translateCommand: touch move 614 1561
11-01 14:15:49.632 13978 13978 D MonkeyStub: translateCommand: touch move 614 1436
11-01 14:15:49.748 13978 13978 D MonkeyStub: translateCommand: touch move 614 1311
11-01 14:15:49.858 13978 13978 D MonkeyStub: translateCommand: touch move 614 1186
11-01 14:15:49.971 13978 13978 D MonkeyStub: translateCommand: touch move 614 1061
11-01 14:15:50.079 13978 13978 D MonkeyStub: translateCommand: touch move 614 937
11-01 14:15:50.206 13978 13978 D MonkeyStub: translateCommand: touch move 614 812
11-01 14:15:50.320 13978 13978 D MonkeyStub: translateCommand: touch move 614 687
11-01 14:15:50.434 13978 13978 D MonkeyStub: translateCommand: touch move 614 562
11-01 14:15:50.544 13978 13978 D MonkeyStub: translateCommand: touch move 614 437
11-01 14:15:50.655 13978 13978 D MonkeyStub: translateCommand: touch move 614 312
11-01 14:15:50.658 13978 13978 D MonkeyStub: translateCommand: touch up 614 312
11-01 14:15:54.811 13978 13978 D MonkeyStub: translateCommand: tap 139 85
11-01 14:16:03.007 13978 13978 D MonkeyStub: translateCommand: tap 993 1514
11-01 14:16:07.104 13978 13978 D MonkeyStub: translateCommand: tap 1291 1873
11-01 14:16:09.203 13978 13978 D MonkeyStub: translateCommand: touch down 614 1561
11-01 14:16:09.217 13978 13978 D MonkeyStub: translateCommand: touch move 614 1561
11-01 14:16:09.322 13978 13978 D MonkeyStub: translateCommand: touch move 614 1436
11-01 14:16:09.429 13978 13978 D MonkeyStub: translateCommand: touch move 614 1311
11-01 14:16:09.535 13978 13978 D MonkeyStub: translateCommand: touch move 614 1186
11-01 14:16:09.645 13978 13978 D MonkeyStub: translateCommand: touch move 614 1061
11-01 14:16:09.783 13978 13978 D MonkeyStub: translateCommand: touch move 614 937
11-01 14:16:09.894 13978 13978 D MonkeyStub: translateCommand: touch move 614 812
11-01 14:16:10.002 13978 13978 D MonkeyStub: translateCommand: touch move 614 687
11-01 14:16:10.116 13978 13978 D MonkeyStub: translateCommand: touch move 614 562
11-01 14:16:10.226 13978 13978 D MonkeyStub: translateCommand: touch move 614 437
11-01 14:16:10.338 13978 13978 D MonkeyStub: translateCommand: touch move 614 312
11-01 14:16:10.344 13978 13978 D MonkeyStub: translateCommand: touch up 614 312
11-01 14:16:10.384 13978 13978 D MonkeyStub: translateCommand: touch down 614 1561
11-01 14:16:10.390 13978 13978 D MonkeyStub: translateCommand: touch move 614 1561
11-01 14:16:10.507 13978 13978 D MonkeyStub: translateCommand: touch move 614 1436
11-01 14:16:10.618 13978 13978 D MonkeyStub: translateCommand: touch move 614 1311
11-01 14:16:10.731 13978 13978 D MonkeyStub: translateCommand: touch move 614 1186
11-01 14:16:10.839 13978 13978 D MonkeyStub: translateCommand: touch move 614 1061
11-01 14:16:10.951 13978 13978 D MonkeyStub: translateCommand: touch move 614 937
11-01 14:16:11.061 13978 13978 D MonkeyStub: translateCommand: touch move 614 812
11-01 14:16:11.174 13978 13978 D MonkeyStub: translateCommand: touch move 614 687
11-01 14:16:11.293 13978 13978 D MonkeyStub: translateCommand: touch move 614 562
11-01 14:16:11.404 13978 13978 D MonkeyStub: translateCommand: touch move 614 437
11-01 14:16:11.511 13978 13978 D MonkeyStub: translateCommand: touch move 614 312
11-01 14:16:11.514 13978 13978 D MonkeyStub: translateCommand: touch up 614 312
11-01 14:16:16.617   198   198 E SELinux : avc:  denied  { find } for service=netd pid=14039 uid=2000 scontext=u:r:shell:s0 tcontext=u:object_r:netd_service:s0 tclass=service_manager permissive=0
11-01 14:16:16.622   198   198 E SELinux : avc:  denied  { find } for service=android.service.gatekeeper.IGateKeeperService pid=14039 uid=2000 scontext=u:r:shell:s0 tcontext=u:object_r:gatekeeper_service:s0 tclass=service_manager permissive=0
11-01 14:16:16.635 13978 13978 D MonkeyStub: translateCommand: touch down 614 312
11-01 14:16:16.641 13978 13978 D MonkeyStub: translateCommand: touch move 614 312
11-01 14:16:16.756 13978 13978 D MonkeyStub: translateCommand: touch move 614 437
11-01 14:16:16.872 13978 13978 D MonkeyStub: translateCommand: touch move 614 562
11-01 14:16:16.980 13978 13978 D MonkeyStub: translateCommand: touch move 614 687
11-01 14:16:17.088 13978 13978 D MonkeyStub: translateCommand: touch move 614 812
11-01 14:16:17.195 13978 13978 D MonkeyStub: translateCommand: touch move 614 937
11-01 14:16:17.301 13978 13978 D MonkeyStub: translateCommand: touch move 614 1061
11-01 14:16:17.409 13978 13978 D MonkeyStub: translateCommand: touch move 614 1186
11-01 14:16:17.514 13978 13978 D MonkeyStub: translateCommand: touch move 614 1311
11-01 14:16:17.684 13978 13978 D MonkeyStub: translateCommand: touch move 614 1436
11-01 14:16:17.793 13978 13978 D MonkeyStub: translateCommand: touch move 614 1561
11-01 14:16:17.797 13978 13978 D MonkeyStub: translateCommand: touch up 614 1561
11-01 14:16:20.212 13978 13978 D MonkeyStub: translateCommand: tap 758 273
11-01 14:16:22.258 13978 13978 D MonkeyStub: translateCommand: tap 355 362
11-01 14:16:30.452 13978 13978 D MonkeyStub: translateCommand: touch down 614 1561
11-01 14:16:30.461 13978 13978 D MonkeyStub: translateCommand: touch move 614 1561
11-01 14:16:30.566 13978 13978 D MonkeyStub: translateCommand: touch move 614 1436
11-01 14:16:30.677 13978 13978 D MonkeyStub: translateCommand: touch move 614 1311
11-01 14:16:30.791 13978 13978 D MonkeyStub: translateCommand: touch move 614 1186
11-01 14:16:30.899 13978 13978 D MonkeyStub: translateCommand: touch move 614 1061
11-01 14:16:31.009 13978 13978 D MonkeyStub: translateCommand: touch move 614 937
11-01 14:16:31.121 13978 13978 D MonkeyStub: translateCommand: touch move 614 812
11-01 14:16:31.231 13978 13978 D MonkeyStub: translateCommand: touch move 614 687
11-01 14:16:31.341 13978 13978 D MonkeyStub: translateCommand: touch move 614 562
11-01 14:16:31.459 13978 13978 D MonkeyStub: translateCommand: touch move 614 437
11-01 14:16:31.582 13978 13978 D MonkeyStub: translateCommand: touch move 614 312
11-01 14:16:31.590 13978 13978 D MonkeyStub: translateCommand: touch up 614 312
11-01 14:16:31.626 13978 13978 D MonkeyStub: translateCommand: touch down 614 1561
11-01 14:16:31.631 13978 13978 D MonkeyStub: translateCommand: touch move 614 1561
11-01 14:16:31.744 13978 13978 D MonkeyStub: translateCommand: touch move 614 1436
11-01 14:16:31.853 13978 13978 D MonkeyStub: translateCommand: touch move 614 1311
11-01 14:16:31.959 13978 13978 D MonkeyStub: translateCommand: touch move 614 1186
11-01 14:16:32.071 13978 13978 D MonkeyStub: translateCommand: touch move 614 1061
11-01 14:16:32.182 13978 13978 D MonkeyStub: translateCommand: touch move 614 937
11-01 14:16:32.291 13978 13978 D MonkeyStub: translateCommand: touch move 614 812
11-01 14:16:32.407 13978 13978 D MonkeyStub: translateCommand: touch move 614 687
11-01 14:16:32.521 13978 13978 D MonkeyStub: translateCommand: touch move 614 562
11-01 14:16:32.638 13978 13978 D MonkeyStub: translateCommand: touch move 614 437
11-01 14:16:32.745 13978 13978 D MonkeyStub: translateCommand: touch move 614 312
11-01 14:16:32.753 13978 13978 D MonkeyStub: translateCommand: touch up 614 312
11-01 14:16:37.824 13978 13978 D MonkeyStub: translateCommand: touch down 614 1561
11-01 14:16:37.832 13978 13978 D MonkeyStub: translateCommand: touch move 614 1561
11-01 14:16:37.949 13978 13978 D MonkeyStub: translateCommand: touch move 614 1436
11-01 14:16:38.058 13978 13978 D MonkeyStub: translateCommand: touch move 614 1311
11-01 14:16:38.180 13978 13978 D MonkeyStub: translateCommand: touch move 614 1186
11-01 14:16:38.289 13978 13978 D MonkeyStub: translateCommand: touch move 614 1061
11-01 14:16:38.399 13978 13978 D MonkeyStub: translateCommand: touch move 614 937
11-01 14:16:38.509 13978 13978 D MonkeyStub: translateCommand: touch move 614 812
11-01 14:16:38.618 13978 13978 D MonkeyStub: translateCommand: touch move 614 687
11-01 14:16:38.736 13978 13978 D MonkeyStub: translateCommand: touch move 614 562
11-01 14:16:38.846 13978 13978 D MonkeyStub: translateCommand: touch move 614 437
11-01 14:16:38.958 13978 13978 D MonkeyStub: translateCommand: touch move 614 312
11-01 14:16:38.963 13978 13978 D MonkeyStub: translateCommand: touch up 614 312
11-01 14:16:38.973 13978 13978 D MonkeyStub: Quit requested
11-01 14:16:39.002   600   614 I CwMcuSensor: CwMcuSensor::flush: fd = 234, sensors_id = 0, path = /sys/class/htc_sensorhub/sensor_hub/flush, err = 0
11-01 14:16:39.007 13978 13978 I art     : System.exit called, status: 114
11-01 14:16:39.007 13978 13978 I AndroidRuntime: VM exiting with result code 114.
11-01 14:16:39.041   600 28743 W WindowManager: Attempted to remove non-existing token: android.os.Binder@eb7cfd8
11-01 14:16:54.985 14060 14060 D AndroidRuntime: >>>>>> START com.android.internal.os.RuntimeInit uid 2000 <<<<<<
11-01 14:16:54.989 14060 14060 D AndroidRuntime: CheckJNI is OFF
11-01 14:16:55.053 14060 14060 D ICU     : No timezone override file found: /data/misc/zoneinfo/current/icu/icu_tzdata.dat
11-01 14:16:55.083 14060 14060 I Radio-JNI: register_android_hardware_Radio DONE
11-01 14:16:55.098 14060 14060 D AndroidRuntime: Calling main entry com.android.commands.am.Am
11-01 14:16:55.113   600   611 I ActivityManager: Force stopping com.opera.browser appid=10122 user=0: from pid 14060
11-01 14:16:55.113   600   611 I ActivityManager: Killing 13641:com.opera.browser:privileged_process0/u0a122 (adj 0): stop com.opera.browser
11-01 14:16:55.113   600   611 D ActivityManager: cleanUpApplicationRecord -- 13641
11-01 14:16:55.113   600   611 W ActivityManager: Scheduling restart of crashed service com.opera.browser/com.opera.android.browser.chromium.services.PrivilegedProcessService0 in 1000ms
11-01 14:16:55.115   600   611 I ActivityManager: Killing 13503:com.opera.browser/u0a122 (adj 0): stop com.opera.browser
11-01 14:16:55.115   600   611 D ActivityManager: cleanUpApplicationRecord -- 13503
11-01 14:16:55.116   600   611 W ActivityManager: Force removing ActivityRecord{4fc59ed u0 com.opera.browser/com.opera.android.BrowserActivity t1201}: app died, no saved state
11-01 14:16:55.137 13919 13919 I art     : System.exit called, status: 0
11-01 14:16:55.137 13919 13919 I AndroidRuntime: VM exiting with result code 0, cleanup skipped.
11-01 14:16:55.146   600   611 I ActivityManager: Killing 13919:com.opera.browser:sandboxed_process0/u0a122 (adj 0): stop com.opera.browser
11-01 14:16:55.146   600   611 D ActivityManager: cleanUpApplicationRecord -- 13919
11-01 14:16:55.147 14060 14060 D AndroidRuntime: Shutting down VM
11-01 14:16:55.169  1058  1058 D RegisteredNfcFServicesCache: Service unchanged, not updating
11-01 14:16:55.171  1075  1164 I OpenGLRenderer: Initialized EGL, version 1.4
11-01 14:16:55.171  1075  1164 D OpenGLRenderer: Swap behavior 2
11-01 14:16:55.268 23814 23826 I AttachedClient: Adding client event 2 to pending list.
11-01 14:16:55.274 23814 23814 I OptInState: There is a new client and it does not support opt-in. Dropping request.
11-01 14:16:55.277 23814 23814 I MicroDetectionWorker: Micro detection mode: [mDetectionMode: [1]].
11-01 14:16:55.282 23814 14075 I MicroRecognitionRunner: Starting detection.
11-01 14:16:55.285 23814 23848 I MicrophoneInputStream: mic_starting com.google.android.apps.gsa.speech.audio.ae@739b6a5
11-01 14:16:55.296   238 14077 I AudioFlinger: AudioFlinger's thread 0xec312800 ready to run
11-01 14:16:55.297   238   286 I SoundTriggerHwService::Module: void android::SoundTriggerHwService::Module::onCallbackEvent(const sp<android::SoundTriggerHwService::CallbackEvent> &) mClient == 0
11-01 14:16:55.304 23814 23848 I MicrophoneInputStream: mic_started com.google.android.apps.gsa.speech.audio.ae@739b6a5
11-01 14:16:55.428   600  1664 D ConnectivityService: ConnectivityService NetworkRequestInfo binderDied(NetworkRequest [ LISTEN id=175, [ Capabilities: INTERNET&NOT_RESTRICTED&TRUSTED&FOREGROUND] ], android.os.BinderProxy@d27f850)
11-01 14:16:55.428   600   611 D GraphicsStats: Buffer count: 2
11-01 14:16:55.428   600   611 D ConnectivityService: ConnectivityService NetworkRequestInfo binderDied(NetworkRequest [ LISTEN id=174, [ Capabilities: INTERNET&NOT_RESTRICTED&TRUSTED&FOREGROUND] ], android.os.BinderProxy@58d4a49)
11-01 14:16:55.428   600   649 E ConnectivityService: RemoteException caught trying to send a callback msg for NetworkRequest [ LISTEN id=175, [ Capabilities: INTERNET&NOT_RESTRICTED&TRUSTED&FOREGROUND] ]
11-01 14:16:55.429   600   649 E ConnectivityService: RemoteException caught trying to send a callback msg for NetworkRequest [ LISTEN id=174, [ Capabilities: INTERNET&NOT_RESTRICTED&TRUSTED&FOREGROUND] ]
11-01 14:16:55.481 23814 23814 I MicroDetectionWorker: onReady
11-01 14:16:55.662 14078 14078 D AndroidRuntime: >>>>>> START com.android.internal.os.RuntimeInit uid 2000 <<<<<<
11-01 14:16:55.665 14078 14078 D AndroidRuntime: CheckJNI is OFF
11-01 14:16:55.701  1075  1164 W OpenGLRenderer: Incorrectly called buildLayer on View: ShortcutAndWidgetContainer, destroying layer...
11-01 14:16:55.741 14078 14078 D ICU     : No timezone override file found: /data/misc/zoneinfo/current/icu/icu_tzdata.dat
11-01 14:16:55.769 14078 14078 I Radio-JNI: register_android_hardware_Radio DONE
11-01 14:16:55.784 14078 14078 D AndroidRuntime: Calling main entry com.android.commands.pm.Pm
11-01 14:16:55.797   600  8931 I ActivityManager: Force stopping com.opera.browser appid=10122 user=0: clear data
11-01 14:16:55.798   600   613 I ActivityManager: Force stopping com.opera.browser appid=10122 user=-1: clearApplicationUserData
11-01 14:16:55.829   785   785 I GeofencerStateMachine: removeGeofences: removeRequest=RemoveGeofencingRequest[REMOVE_ALL packageName=com.opera.browser]
11-01 14:16:55.832 14078 14078 I art     : System.exit called, status: 0
11-01 14:16:55.832 14078 14078 I AndroidRuntime: VM exiting with result code 0.
11-01 14:16:55.842  1058  1058 D RegisteredNfcFServicesCache: Service unchanged, not updating
11-01 14:16:55.844   600   612 W ResourceType: No known package when getting value for resource number 0x7f100007
11-01 14:16:55.844   600   612 W ResourceType: No known package when getting value for resource number 0x7f13090c
