--------- beginning of main
11-02 01:00:36.869  2255  2255 D AndroidRuntime: >>>>>> START com.android.internal.os.RuntimeInit uid 2000 <<<<<<
11-02 01:00:36.872  2255  2255 D AndroidRuntime: CheckJNI is OFF
11-02 01:00:36.938  2255  2255 D ICU     : No timezone override file found: /data/misc/zoneinfo/current/icu/icu_tzdata.dat
11-02 01:00:36.970  2255  2255 I Radio-JNI: register_android_hardware_Radio DONE
11-02 01:00:36.985  2255  2255 D AndroidRuntime: Calling main entry com.android.commands.am.Am
--------- beginning of system
11-02 01:00:37.002   601  1452 I ActivityManager: Force stopping com.opera.browser appid=10122 user=0: from pid 2255
11-02 01:00:37.002   601  1452 I ActivityManager: Killing 1875:com.opera.browser/u0a122 (adj 902): stop com.opera.browser
11-02 01:00:37.002   601  1452 D ActivityManager: cleanUpApplicationRecord -- 1875
11-02 01:00:37.014  1052  1052 D RegisteredNfcFServicesCache: Service unchanged, not updating
11-02 01:00:37.265   601   612 I ActivityManager: START u0 {act=android.intent.action.VIEW flg=0x10008000 cmp=com.opera.browser/com.opera.Opera} from uid 2000 on display 0
11-02 01:00:37.321  2255  2255 D AndroidRuntime: Shutting down VM
11-02 01:00:37.357   601  2013 I ActivityManager: Start proc 2265:com.opera.browser/u0a122 for activity com.opera.browser/com.opera.Opera
11-02 01:00:37.438  2265  2265 I art     : Starting a blocking GC AddRemoveAppImageSpace
11-02 01:00:37.465  2265  2265 I LoadedApk: No resource references to update in package com.opera.browser.nord_vpn
11-02 01:00:37.567  2265  2265 I art     : Rejecting re-init on previously-failed class java.lang.Class<com.opera.android.job.a$j>: java.lang.NoClassDefFoundError: Failed resolution of: Landroid/app/job/JobServiceEngine;
11-02 01:00:37.567  2265  2265 I art     :   at void com.opera.android.OperaApplication.onCreate() (SourceFile:52)
11-02 01:00:37.567  2265  2265 I art     :   at void android.app.Instrumentation.callApplicationOnCreate(android.app.Application) (Instrumentation.java:1024)
11-02 01:00:37.567  2265  2265 I art     :   at void android.app.ActivityThread.handleBindApplication(android.app.ActivityThread$AppBindData) (ActivityThread.java:5403)
11-02 01:00:37.567  2265  2265 I art     :   at void android.app.ActivityThread.-wrap2(android.app.ActivityThread, android.app.ActivityThread$AppBindData) (ActivityThread.java:-1)
11-02 01:00:37.567  2265  2265 I art     :   at void android.app.ActivityThread$H.handleMessage(android.os.Message) (ActivityThread.java:1545)
11-02 01:00:37.567  2265  2265 I art     :   at void android.os.Handler.dispatchMessage(android.os.Message) (Handler.java:102)
11-02 01:00:37.567  2265  2265 I art     :   at void android.os.Looper.loop() (Looper.java:154)
11-02 01:00:37.567  2265  2265 I art     :   at void android.app.ActivityThread.main(java.lang.String[]) (ActivityThread.java:6119)
11-02 01:00:37.567  2265  2265 I art     :   at java.lang.Object java.lang.reflect.Method.invoke!(java.lang.Object, java.lang.Object[]) (Method.java:-2)
11-02 01:00:37.567  2265  2265 I art     :   at void com.android.internal.os.ZygoteInit$MethodAndArgsCaller.run() (ZygoteInit.java:886)
11-02 01:00:37.567  2265  2265 I art     :   at void com.android.internal.os.ZygoteInit.main(java.lang.String[]) (ZygoteInit.java:776)
11-02 01:00:37.567  2265  2265 I art     : Caused by: java.lang.ClassNotFoundException: Didn't find class "android.app.job.JobServiceEngine" on path: DexPathList[[zip file "/data/app/com.opera.browser-1/base.apk"],nativeLibraryDirectories=[/data/app/com.opera.browser-1/lib/arm, /data/app/com.opera.browser-1/base.apk!/lib/armeabi-v7a, /system/lib, /vendor/lib]]
11-02 01:00:37.567  2265  2265 I art     :   at java.lang.Class dalvik.system.BaseDexClassLoader.findClass(java.lang.String) (BaseDexClassLoader.java:56)
11-02 01:00:37.567  2265  2265 I art     :   at java.lang.Class java.lang.ClassLoader.loadClass(java.lang.String, boolean) (ClassLoader.java:380)
11-02 01:00:37.567  2265  2265 I art     :   at java.lang.Class java.lang.ClassLoader.loadClass(java.lang.String) (ClassLoader.java:312)
11-02 01:00:37.567  2265  2265 I art     :   at void com.opera.android.OperaApplication.onCreate() (SourceFile:52)
11-02 01:00:37.567  2265  2265 I art     :   at void android.app.Instrumentation.callApplicationOnCreate(android.app.Application) (Instrumentation.java:1024)
11-02 01:00:37.567  2265  2265 I art     :   at void android.app.ActivityThread.handleBindApplication(android.app.ActivityThread$AppBindData) (ActivityThread.java:5403)
11-02 01:00:37.567  2265  2265 I art     :   at void android.app.ActivityThread.-wrap2(android.app.ActivityThread, android.app.ActivityThread$AppBindData) (ActivityThread.java:-1)
11-02 01:00:37.567  2265  2265 I art     :   at void android.app.ActivityThread$H.handleMessage(android.os.Message) (ActivityThread.java:1545)
11-02 01:00:37.567  2265  2265 I art     :   at void android.os.Handler.dispatchMessage(android.os.Message) (Handler.java:102)
11-02 01:00:37.567  2265  2265 I art     :   at void android.os.Looper.loop() (Looper.java:154)
11-02 01:00:37.567  2265  2265 I art     :   at void android.app.ActivityThread.main(java.lang.String[]) (ActivityThread.java:6119)
11-02 01:00:37.567  2265  2265 I art     :   at java.lang.Object java.lang.reflect.Method.invoke!(java.lang.Object, java.lang.Object[]) (Method.java:-2)
11-02 01:00:37.567  2265  2265 I art     :   at void com.android.internal.os.ZygoteInit$MethodAndArgsCaller.run() (ZygoteInit.java:886)
11-02 01:00:37.567  2265  2265 I art     :   at void com.android.internal.os.ZygoteInit.main(java.lang.String[]) (ZygoteInit.java:776)
11-02 01:00:37.567  2265  2265 I art     : 
11-02 01:00:37.695  2265  2283 D NetworkSecurityConfig: Using Network Security Config from resource network_security_config_official_build debugBuild: false
11-02 01:00:37.787  2265  2299 I FA      : App measurement initialized, version: 43042
11-02 01:00:37.787  2265  2299 I FA      : To enable debug logging run: adb shell setprop log.tag.FA VERBOSE
11-02 01:00:37.787  2265  2299 I FA      : To enable faster debug mode event logging run:
11-02 01:00:37.787  2265  2299 I FA      :   adb shell setprop debug.firebase.analytics.app com.opera.browser
11-02 01:00:37.814   601   819 I ActivityManager: START u0 {act=android.intent.action.VIEW flg=0x10008000 cmp=com.opera.browser/com.opera.android.startup.WelcomeActivity} from uid 10122 on display 0
11-02 01:00:37.853   601   612 W ActivityManager: Duplicate finish request for ActivityRecord{58f9ada u0 com.opera.browser/com.opera.Opera t1102 f}
11-02 01:00:37.924  2265  2275 I art     : Background partial concurrent mark sweep GC freed 15449(3MB) AllocSpace objects, 1(20KB) LOS objects, 39% free, 4MB/7MB, paused 1.012ms total 108.411ms
11-02 01:00:38.143   601   610 I art     : Background partial concurrent mark sweep GC freed 32971(1649KB) AllocSpace objects, 7(156KB) LOS objects, 33% free, 13MB/19MB, paused 4.891ms total 136.894ms
11-02 01:00:38.306  2265  2370 I OpenGLRenderer: Initialized EGL, version 1.4
11-02 01:00:38.306  2265  2370 D OpenGLRenderer: Swap behavior 2
11-02 01:00:38.391  2265  2299 I FA      : Tag Manager is not found and thus will not be used
11-02 01:00:38.661   601   621 I ActivityManager: Displayed com.opera.browser/com.opera.android.startup.WelcomeActivity: +740ms (total +1s340ms)
11-02 01:00:38.734   601   621 W WindowManager: Failed looking up window
11-02 01:00:38.734   601   621 W WindowManager: java.lang.IllegalArgumentException: Requested window android.view.ViewRootImpl$W@9c5083 does not exist
11-02 01:00:38.734   601   621 W WindowManager: 	at com.android.server.wm.WindowManagerService.windowForClientLocked(WindowManagerService.java:9422)
11-02 01:00:38.734   601   621 W WindowManager: 	at com.android.server.wm.WindowManagerService.windowForClientLocked(WindowManagerService.java:9413)
11-02 01:00:38.734   601   621 W WindowManager: 	at com.android.server.wm.WindowManagerService.removeWindow(WindowManagerService.java:2393)
11-02 01:00:38.734   601   621 W WindowManager: 	at com.android.server.wm.Session.remove(Session.java:202)
11-02 01:00:38.734   601   621 W WindowManager: 	at android.view.ViewRootImpl.dispatchDetachedFromWindow(ViewRootImpl.java:3290)
11-02 01:00:38.734   601   621 W WindowManager: 	at android.view.ViewRootImpl.doDie(ViewRootImpl.java:5917)
11-02 01:00:38.734   601   621 W WindowManager: 	at android.view.ViewRootImpl$ViewRootHandler.handleMessage(ViewRootImpl.java:3626)
11-02 01:00:38.734   601   621 W WindowManager: 	at android.os.Handler.dispatchMessage(Handler.java:102)
11-02 01:00:38.734   601   621 W WindowManager: 	at android.os.Looper.loop(Looper.java:154)
11-02 01:00:38.734   601   621 W WindowManager: 	at android.os.HandlerThread.run(HandlerThread.java:61)
11-02 01:00:38.734   601   621 W WindowManager: 	at com.android.server.ServiceThread.run(ServiceThread.java:46)
11-02 01:00:38.888   601   612 I ActivityManager: Start proc 2390:com.opera.browser:privileged_process0/u0a122 for service com.opera.browser/com.opera.android.browser.chromium.services.PrivilegedProcessService0
11-02 01:00:38.921  2265  2384 W chromium: [WARNING:op_site_scripts.cc(424)] Failed to map /data/user/0/com.opera.browser/app_opera/sjs
11-02 01:00:38.948  2390  2390 I art     : Starting a blocking GC AddRemoveAppImageSpace
11-02 01:00:38.968  2390  2390 I LoadedApk: No resource references to update in package com.opera.browser.nord_vpn
11-02 01:00:39.160  2390  2406 E libEGL  : validate_display:99 error 3008 (EGL_BAD_DISPLAY)
11-02 01:00:39.383  2390  2406 E libEGL  : validate_display:99 error 3008 (EGL_BAD_DISPLAY)
11-02 01:00:39.419  1131  1153 W SearchService: Abort, client detached.
11-02 01:00:39.435  1131  2192 I DeviceStateChecker: DeviceStateChecker cancelled
11-02 01:00:39.436  1131  1131 I MicroDetector: Keeping mic open: false
11-02 01:00:39.437  1131  1212 I MicroRecognitionRunner: Stopping hotword detection.
11-02 01:00:39.437  1131  2191 I MicroRecognitionRunner: Detection finished
11-02 01:00:39.448  1131  2437 I AudioController: internalShutdown
11-02 01:00:39.448  1131  2437 I MicrophoneInputStream: mic_close com.google.android.apps.gsa.speech.audio.ae@758b32d
11-02 01:00:39.466   237   285 I SoundTriggerHwService::Module: void android::SoundTriggerHwService::Module::onCallbackEvent(const sp<android::SoundTriggerHwService::CallbackEvent> &) mClient == 0
11-02 01:00:42.922  2265  2265 I PlayCore: UID: [10122]  PID: [2265] AppUpdateListenerRegistry : registerListener
11-02 01:00:42.923  2265  2265 I PlayCore: UID: [10122]  PID: [2265] AppUpdateService : requestUpdateInfo(com.opera.browser)
11-02 01:00:42.941  2265  2455 I PlayCore: UID: [10122]  PID: [2265] AppUpdateService : Initiate binding to the service.
11-02 01:00:42.942   601   612 W ActivityManager: Unable to start service Intent { act=com.google.android.play.core.install.BIND_UPDATE_SERVICE pkg=com.android.vending } U=0: not found
11-02 01:00:42.942  2265  2455 I PlayCore: UID: [10122]  PID: [2265] AppUpdateService : Failed to bind to the service.
11-02 01:00:43.107  2265  2458 D ApplicationLoaders: ignored Vulkan layer search path /data/app/com.google.android.gms-1/lib/arm:/data/app/com.google.android.gms-1/base.apk!/lib/armeabi-v7a:/data/app/com.google.android.gms-1/split_config.en.apk!/lib/armeabi-v7a for namespace 0xf387a090
11-02 01:00:43.109  2265  2458 W ResourceType: ResTable_typeSpec entry count inconsistent: given 67, previously 69
11-02 01:00:43.110  2265  2458 W ResourceType: ResTable_typeSpec entry count inconsistent: given 5346, previously 5347
11-02 01:00:43.339   601   613 D SyncManager: failed sync operation JobId: 108392, com.opera.browser u0 (com.opera.browser.ping), com.opera.browser.ping.provider, SERVER, reason: 10122, SyncResult: delayUntil: 1667354443 stats [ numIoExceptions: 1]
11-02 01:00:49.458   601   648 I WifiHAL : Got channel list with 13 channels
11-02 01:00:49.460   601   648 I WifiHAL : Got channel list with 4 channels
11-02 01:00:49.462   601   648 I WifiHAL : Got channel list with 15 channels
11-02 01:00:49.911  2468  2468 D AndroidRuntime: >>>>>> START com.android.internal.os.RuntimeInit uid 2000 <<<<<<
11-02 01:00:49.915  2468  2468 D AndroidRuntime: CheckJNI is OFF
11-02 01:00:49.980  2468  2468 D ICU     : No timezone override file found: /data/misc/zoneinfo/current/icu/icu_tzdata.dat
11-02 01:00:50.013  2468  2468 I Radio-JNI: register_android_hardware_Radio DONE
11-02 01:00:50.027  2468  2468 D AndroidRuntime: Calling main entry com.android.commands.monkey.Monkey
11-02 01:00:50.099   601   614 W BroadcastQueue: Skipping deliver [background] BroadcastRecord{5d01005 u-1 android.net.conn.CONNECTIVITY_CHANGE} to ReceiverList{756885a 2468 (unknown name)/2000/u-1 remote:fe166f}: process crashing
11-02 01:00:51.638  2468  2468 D MonkeyStub: translateCommand: wake
11-02 01:00:51.748  2468  2468 D MonkeyStub: translateCommand: tap 960 1881
11-02 01:00:51.823   601  1452 I ActivityManager: START u0 {act=android.intent.action.VIEW flg=0x1000000 cmp=com.opera.browser/com.opera.android.IntentDispatcherActivity} from uid 10122 on display 0
11-02 01:00:51.938   601   819 I ActivityManager: START u0 {act=android.intent.action.VIEW flg=0x15002000 cmp=com.opera.browser/com.opera.android.BrowserActivity} from uid 10122 on display 0
11-02 01:00:52.045   601   610 I art     : Background partial concurrent mark sweep GC freed 57580(3MB) AllocSpace objects, 48(1512KB) LOS objects, 33% free, 13MB/19MB, paused 751us total 127.153ms
11-02 01:00:52.206  2265  2275 I art     : Background sticky concurrent mark sweep GC freed 21398(1695KB) AllocSpace objects, 29(580KB) LOS objects, 22% free, 7MB/9MB, paused 6.383ms total 72.529ms
11-02 01:00:52.404  2265  2521 W ResourceType: ResTable_typeSpec entry count inconsistent: given 67, previously 69
11-02 01:00:52.404  2265  2521 W ResourceType: ResTable_typeSpec entry count inconsistent: given 5346, previously 5347
11-02 01:00:52.504  2265  2491 E [Leanplum][ERROR]: No variable values were received from the server. Please contact us to investigate.
11-02 01:00:52.516  2265  2275 I art     : Background partial concurrent mark sweep GC freed 48027(3MB) AllocSpace objects, 40(848KB) LOS objects, 39% free, 7MB/12MB, paused 4.139ms total 164.355ms
11-02 01:00:52.608   601   621 I ActivityManager: Displayed com.opera.browser/com.opera.android.BrowserActivity: +644ms (total +738ms)
11-02 01:00:52.631   601   612 I CwMcuSensor: CwMcuSensor::flush: fd = 234, sensors_id = 0, path = /sys/class/htc_sensorhub/sensor_hub/flush, err = 0
11-02 01:00:52.955  2265  2537 W ResourceType: ResTable_typeSpec entry count inconsistent: given 67, previously 69
11-02 01:00:52.955  2265  2537 W ResourceType: ResTable_typeSpec entry count inconsistent: given 5346, previously 5347
11-02 01:00:53.380  2265  2566 W ResourceType: ResTable_typeSpec entry count inconsistent: given 67, previously 69
11-02 01:00:53.380  2265  2566 W ResourceType: ResTable_typeSpec entry count inconsistent: given 5346, previously 5347
11-02 01:00:53.454  2265  2270 I art     : Do partial code cache collection, code=18KB, data=30KB
11-02 01:00:53.457  2265  2270 I art     : After code cache collection, code=18KB, data=30KB
11-02 01:00:53.457  2265  2270 I art     : Increasing code cache capacity to 128KB
11-02 01:00:53.461  2265  2265 I Choreographer: Skipped 45 frames!  The application may be doing too much work on its main thread.
11-02 01:00:53.656  2265  2265 W View    : requestLayout() improperly called by com.opera.android.custom_views.FadingRecyclerView{5ef67d0 VFED.V... ......ID 0,813-1536,813 #7f0a0825 app:id/suggested_dials_grid} during layout: running second layout pass
11-02 01:00:54.119  2265  2275 I art     : Background partial concurrent mark sweep GC freed 37411(1984KB) AllocSpace objects, 24(580KB) LOS objects, 39% free, 12MB/20MB, paused 8.321ms total 405.202ms
11-02 01:00:54.303  2594  2594 I dex2oat : /system/bin/dex2oat --dex-file=/data/user/0/com.opera.browser/code_cache/.     ​ --oat-fd=198 --oat-location=/data/user/0/com.opera.browser/code_cache/.     --compiler-filter=speed
11-02 01:00:54.708  2594  2594 I dex2oat : dex2oat took 405.938ms (threads: 2) arena alloc=432KB (442800B) java alloc=32KB (33064B) native alloc=354KB (362688B) free=1181KB (1210176B)
11-02 01:00:54.955  2265  2275 I art     : Background sticky concurrent mark sweep GC freed 57480(4MB) AllocSpace objects, 33(2MB) LOS objects, 30% free, 14MB/20MB, paused 5.901ms total 167.423ms
11-02 01:00:55.063  2606  2606 I dex2oat : /system/bin/dex2oat --dex-file=/data/user/0/com.opera.browser/code_cache/.      --oat-fd=142 --oat-location=/data/user/0/com.opera.browser/code_cache/.    --compiler-filter=speed
11-02 01:00:55.353  2265  2270 I art     : Do partial code cache collection, code=38KB, data=61KB
11-02 01:00:55.363  2265  2270 I art     : After code cache collection, code=38KB, data=62KB
11-02 01:00:55.363  2265  2270 I art     : Increasing code cache capacity to 256KB
11-02 01:00:55.493  2606  2606 I dex2oat : dex2oat took 430.667ms (threads: 2) arena alloc=611KB (626472B) java alloc=97KB (100080B) native alloc=523KB (536384B) free=1524KB (1560768B)
11-02 01:00:55.808  2468  2468 D MonkeyStub: translateCommand: tap 57 93
11-02 01:00:57.877  2468  2468 D MonkeyStub: translateCommand: tap 57 93
11-02 01:00:59.966  2468  2468 D MonkeyStub: translateCommand: tap 446 593
11-02 01:01:02.015  2468  2468 D MonkeyStub: translateCommand: tap 667 302
11-02 01:01:02.305  2265  2270 I art     : Do full code cache collection, code=84KB, data=125KB
11-02 01:01:02.306  2265  2270 I art     : Starting a blocking GC JitCodeCache
11-02 01:01:02.306  2265  2270 I art     : After code cache collection, code=67KB, data=72KB
11-02 01:01:05.089  2468  2468 D MonkeyStub: translateCommand: tap 1286 930
11-02 01:01:06.315  2468  2468 D MonkeyStub: translateCommand: tap 62 98
11-02 01:01:06.344  2468  2468 D MonkeyStub: translateCommand: tap 729 89
11-02 01:01:06.362  2468  2468 D MonkeyStub: Quit requested
11-02 01:01:06.390   601   615 I CwMcuSensor: CwMcuSensor::flush: fd = 234, sensors_id = 0, path = /sys/class/htc_sensorhub/sensor_hub/flush, err = 0
11-02 01:01:06.399  2468  2468 I art     : System.exit called, status: 16
11-02 01:01:06.399  2468  2468 I AndroidRuntime: VM exiting with result code 16.
11-02 01:01:06.451   601   611 W WindowManager: Attempted to remove non-existing token: android.os.Binder@cffaa8b
11-02 01:01:06.719   601   611 E BatteryStatsService: power: Missing API
11-02 01:01:06.730   601   611 E BatteryStatsService: no controller energy info supplied
11-02 01:01:06.730   799   799 E PhoneInterfaceManager: [PhoneIntfMgr] queryModemActivityInfo: Empty response
11-02 01:01:06.734   601   611 E BatteryStatsService: modem info is invalid: ModemActivityInfo{ mTimestamp=0 mSleepTimeMs=0 mIdleTimeMs=0 mTxTimeMs[]=[0, 0, 0, 0, 0] mRxTimeMs=0 mEnergyUsed=0}
11-02 01:01:07.103  2636  2636 D AndroidRuntime: >>>>>> START com.android.internal.os.RuntimeInit uid 2000 <<<<<<
11-02 01:01:07.107  2636  2636 D AndroidRuntime: CheckJNI is OFF
11-02 01:01:07.173  2636  2636 D ICU     : No timezone override file found: /data/misc/zoneinfo/current/icu/icu_tzdata.dat
11-02 01:01:07.202  2636  2636 I Radio-JNI: register_android_hardware_Radio DONE
11-02 01:01:07.218  2636  2636 D AndroidRuntime: Calling main entry com.android.commands.am.Am
11-02 01:01:07.236   601  1452 I ActivityManager: START u0 {act=android.intent.action.VIEW dat=http://geeksforgeeks.org/... flg=0x10000000 cmp=com.opera.browser/com.opera.Opera} from uid 2000 on display 0
11-02 01:01:07.244  2636  2636 D AndroidRuntime: Shutting down VM
11-02 01:01:07.357  2265  2265 W art     : Before Android 4.1, method double java.util.concurrent.ThreadLocalRandom.internalNextDouble(double, double) would have incorrectly overridden the package-private method in java.util.Random
11-02 01:01:07.358  2265  2265 W art     : Before Android 4.1, method int java.util.concurrent.ThreadLocalRandom.internalNextInt(int, int) would have incorrectly overridden the package-private method in java.util.Random
11-02 01:01:07.358  2265  2265 W art     : Before Android 4.1, method long java.util.concurrent.ThreadLocalRandom.internalNextLong(long, long) would have incorrectly overridden the package-private method in java.util.Random
11-02 01:01:07.422   601   620 D BluetoothManagerService: Message: 20
11-02 01:01:07.422   601   620 D BluetoothManagerService: Added callback: android.bluetooth.IBluetoothManagerCallback$Stub$Proxy@b57ae35:true
11-02 01:01:07.425   601   611 I ActivityManager: Start proc 2648:com.opera.browser:sandboxed_process0/u0a122 for service com.opera.browser/com.opera.android.browser.chromium.services.SandboxedProcessService0
11-02 01:01:07.482  2648  2648 I art     : Starting a blocking GC AddRemoveAppImageSpace
11-02 01:01:07.502  2648  2648 I LoadedApk: No resource references to update in package com.opera.browser.nord_vpn
11-02 01:01:07.577  2265  2534 W ResourceType: ResTable_typeSpec entry count inconsistent: given 67, previously 69
11-02 01:01:07.577  2265  2534 W ResourceType: ResTable_typeSpec entry count inconsistent: given 5346, previously 5347
11-02 01:01:07.786   785  1617 W ConfigurationChimeraPro: Caller is not authorized to access Uri: content://com.google.android.gms.phenotype/com.google.android.gms.fonts [CONTEXT service_id=51 ]
11-02 01:01:07.877  2265  2270 I art     : Do partial code cache collection, code=81KB, data=104KB
11-02 01:01:07.904  2265  2270 I art     : After code cache collection, code=81KB, data=104KB
11-02 01:01:07.904  2265  2270 I art     : Increasing code cache capacity to 512KB
11-02 01:01:08.043   785  1617 I FontLog : Updating from directory version 0 to 24 from disk [CONTEXT service_id=132 ]
11-02 01:01:08.044   785  1617 I FontLog : Received query name=Google Sans&weight=400&besteffort=false, URI content://com.google.android.gms.fonts [CONTEXT service_id=132 ]
11-02 01:01:08.048   785  1617 I FontLog : Query [name=Google Sans&weight=400&besteffort=false] resolved to {Google Sans, wdth 100.0, wght 400, ital 0.0, bestEffort false} [CONTEXT service_id=132 ]
11-02 01:01:08.055   785  1229 I FontLog : Using directory in FlatBuffer format [CONTEXT service_id=132 ]
11-02 01:01:08.063   785  1617 I FontLog : Font PFD returned from cache for {Google Sans, wdth 100.0, wght 400, ital 0.0, bestEffort false} [CONTEXT service_id=132 ]
11-02 01:01:08.064   785  1617 I FontLog : Fetch {Google Sans, wdth 100.0, wght 400, ital 0.0, bestEffort false} end status Status{statusCode=SUCCESS, resolution=null} [CONTEXT service_id=132 ]
11-02 01:01:08.082   785   804 I FontLog : Pulling font file for id = 1, cache size = 1 [CONTEXT service_id=132 ]
11-02 01:01:08.088   785  1271 I FontLog : Received query name=Google Sans&weight=500&besteffort=false, URI content://com.google.android.gms.fonts [CONTEXT service_id=132 ]
11-02 01:01:08.088   785  1271 I FontLog : Query [name=Google Sans&weight=500&besteffort=false] resolved to {Google Sans, wdth 100.0, wght 500, ital 0.0, bestEffort false} [CONTEXT service_id=132 ]
11-02 01:01:08.090   785  1271 I FontLog : Font PFD returned from cache for {Google Sans, wdth 100.0, wght 500, ital 0.0, bestEffort false} [CONTEXT service_id=132 ]
11-02 01:01:08.090   785  1271 I FontLog : Fetch {Google Sans, wdth 100.0, wght 500, ital 0.0, bestEffort false} end status Status{statusCode=SUCCESS, resolution=null} [CONTEXT service_id=132 ]
11-02 01:01:08.097   785  1694 I FontLog : Pulling font file for id = 2, cache size = 2 [CONTEXT service_id=132 ]
11-02 01:01:08.102   785  1706 I FontLog : Received query name=Google Sans&weight=700&besteffort=false, URI content://com.google.android.gms.fonts [CONTEXT service_id=132 ]
11-02 01:01:08.102   785  1706 I FontLog : Query [name=Google Sans&weight=700&besteffort=false] resolved to {Google Sans, wdth 100.0, wght 700, ital 0.0, bestEffort false} [CONTEXT service_id=132 ]
11-02 01:01:08.106   785  1706 I FontLog : Fetch {Google Sans, wdth 100.0, wght 700, ital 0.0, bestEffort false} end status Status{statusCode=SUCCESS, resolution=null} [CONTEXT service_id=132 ]
11-02 01:01:08.111   785  1617 I FontLog : Pulling font file for id = 3, cache size = 3 [CONTEXT service_id=132 ]
11-02 01:01:08.115   785  1710 I FontLog : Received query name=Noto Color Emoji Compat&weight=400&besteffort=false, URI content://com.google.android.gms.fonts [CONTEXT service_id=132 ]
11-02 01:01:08.115   785  1710 I FontLog : Query [name=Noto Color Emoji Compat&weight=400&besteffort=false] resolved to {Noto Color Emoji Compat, wdth 100.0, wght 400, ital 0.0, bestEffort false} [CONTEXT service_id=132 ]
11-02 01:01:08.121   785  1710 I FontLog : Fetch {Noto Color Emoji Compat, wdth 100.0, wght 400, ital 0.0, bestEffort false} end status Status{statusCode=SUCCESS, resolution=null} [CONTEXT service_id=132 ]
11-02 01:01:08.131   785  1271 I FontLog : Pulling font file for id = 4, cache size = 4 [CONTEXT service_id=132 ]
11-02 01:01:08.365   785  2161 I SQLiteConnectionPool: The connection pool for /data/user/0/com.google.android.gms/databases/metadata.db has been closed but there are still 1 connections in use.  They will be closed as they are released back to the pool.
11-02 01:01:08.446   785  2677 W FontLog : Error updating last accessed time for {Noto Color Emoji Compat, wdth 100.0, wght 400, ital 0.0, bestEffort false}. [CONTEXT service_id=132 ]
11-02 01:01:08.446   785  2677 W FontLog : java.lang.IllegalStateException: Cannot perform this operation because the connection pool has been closed.
11-02 01:01:08.446   785  2677 W FontLog : 	at android.database.sqlite.SQLiteConnectionPool.throwIfClosedLocked(SQLiteConnectionPool.java:962)
11-02 01:01:08.446   785  2677 W FontLog : 	at android.database.sqlite.SQLiteConnectionPool.waitForConnection(SQLiteConnectionPool.java:677)
11-02 01:01:08.446   785  2677 W FontLog : 	at android.database.sqlite.SQLiteConnectionPool.acquireConnection(SQLiteConnectionPool.java:348)
11-02 01:01:08.446   785  2677 W FontLog : 	at android.database.sqlite.SQLiteSession.acquireConnection(SQLiteSession.java:894)
11-02 01:01:08.446   785  2677 W FontLog : 	at android.database.sqlite.SQLiteSession.executeForChangedRowCount(SQLiteSession.java:752)
11-02 01:01:08.446   785  2677 W FontLog : 	at android.database.sqlite.SQLiteStatement.executeUpdateDelete(SQLiteStatement.java:64)
11-02 01:01:08.446   785  2677 W FontLog : 	at android.database.sqlite.SQLiteDatabase.executeSql(SQLiteDatabase.java:1679)
11-02 01:01:08.446   785  2677 W FontLog : 	at android.database.sqlite.SQLiteDatabase.execSQL(SQLiteDatabase.java:1658)
11-02 01:01:08.446   785  2677 W FontLog : 	at aafx.run(Unknown Source)
11-02 01:01:08.446   785  2677 W FontLog : 	at sup.b(:com.google.android.gms@203915020@20.39.15 (040406-335085812):12)
11-02 01:01:08.446   785  2677 W FontLog : 	at sup.run(:com.google.android.gms@203915020@20.39.15 (040406-335085812):7)
11-02 01:01:08.446   785  2677 W FontLog : 	at java.util.concurrent.ThreadPoolExecutor.runWorker(ThreadPoolExecutor.java:1133)
11-02 01:01:08.446   785  2677 W FontLog : 	at java.util.concurrent.ThreadPoolExecutor$Worker.run(ThreadPoolExecutor.java:607)
11-02 01:01:08.446   785  2677 W FontLog : 	at tam.run(:com.google.android.gms@203915020@20.39.15 (040406-335085812):0)
11-02 01:01:08.446   785  2677 W FontLog : 	at java.lang.Thread.run(Thread.java:761)
11-02 01:01:09.426  2265  2275 I art     : Background sticky concurrent mark sweep GC freed 101861(5MB) AllocSpace objects, 18(412KB) LOS objects, 28% free, 17MB/23MB, paused 6.020ms total 65.365ms
11-02 01:01:19.584  2713  2713 D AndroidRuntime: >>>>>> START com.android.internal.os.RuntimeInit uid 2000 <<<<<<
11-02 01:01:19.591  2713  2713 D AndroidRuntime: CheckJNI is OFF
11-02 01:01:19.692  2713  2713 D ICU     : No timezone override file found: /data/misc/zoneinfo/current/icu/icu_tzdata.dat
11-02 01:01:19.735  2713  2713 I Radio-JNI: register_android_hardware_Radio DONE
11-02 01:01:19.762  2713  2713 D AndroidRuntime: Calling main entry com.android.commands.monkey.Monkey
11-02 01:01:19.839   601   614 W BroadcastQueue: Skipping deliver [background] BroadcastRecord{da302f6 u-1 android.net.conn.CONNECTIVITY_CHANGE} to ReceiverList{99366f7 2713 (unknown name)/2000/u-1 remote:3e049b8}: process crashing
11-02 01:01:21.252  2713  2713 D MonkeyStub: translateCommand: wake
11-02 01:01:21.390  2713  2713 D MonkeyStub: translateCommand: touch down 614 1561
11-02 01:01:21.397  2713  2713 D MonkeyStub: translateCommand: touch move 614 1561
11-02 01:01:21.515  2713  2713 D MonkeyStub: translateCommand: touch move 614 1436
11-02 01:01:21.627  2713  2713 D MonkeyStub: translateCommand: touch move 614 1311
11-02 01:01:21.737  2713  2713 D MonkeyStub: translateCommand: touch move 614 1186
11-02 01:01:21.842  2713  2713 D MonkeyStub: translateCommand: touch move 614 1061
11-02 01:01:21.950  2713  2713 D MonkeyStub: translateCommand: touch move 614 937
11-02 01:01:22.059  2713  2713 D MonkeyStub: translateCommand: touch move 614 812
11-02 01:01:22.170  2713  2713 D MonkeyStub: translateCommand: touch move 614 687
11-02 01:01:22.279  2713  2713 D MonkeyStub: translateCommand: touch move 614 562
11-02 01:01:22.393  2713  2713 D MonkeyStub: translateCommand: touch move 614 437
11-02 01:01:22.497  2713  2713 D MonkeyStub: translateCommand: touch move 614 312
11-02 01:01:22.503  2713  2713 D MonkeyStub: translateCommand: touch up 614 312
11-02 01:01:22.535  2713  2713 D MonkeyStub: translateCommand: touch down 614 1561
11-02 01:01:22.548  2713  2713 D MonkeyStub: translateCommand: touch move 614 1561
11-02 01:01:22.660  2713  2713 D MonkeyStub: translateCommand: touch move 614 1436
11-02 01:01:22.775  2713  2713 D MonkeyStub: translateCommand: touch move 614 1311
11-02 01:01:22.884  2713  2713 D MonkeyStub: translateCommand: touch move 614 1186
11-02 01:01:22.988  2713  2713 D MonkeyStub: translateCommand: touch move 614 1061
11-02 01:01:23.097  2713  2713 D MonkeyStub: translateCommand: touch move 614 937
11-02 01:01:23.203  2713  2713 D MonkeyStub: translateCommand: touch move 614 812
11-02 01:01:23.313  2713  2713 D MonkeyStub: translateCommand: touch move 614 687
11-02 01:01:23.416  2713  2713 D MonkeyStub: translateCommand: touch move 614 562
11-02 01:01:23.525  2713  2713 D MonkeyStub: translateCommand: touch move 614 437
11-02 01:01:23.635  2713  2713 D MonkeyStub: translateCommand: touch move 614 312
11-02 01:01:23.641  2713  2713 D MonkeyStub: translateCommand: touch up 614 312
11-02 01:01:27.822  2713  2713 D MonkeyStub: translateCommand: tap 139 85
11-02 01:01:35.853  2713  2713 D MonkeyStub: translateCommand: tap 993 1514
11-02 01:01:39.907  2713  2713 D MonkeyStub: translateCommand: tap 1291 1873
11-02 01:01:42.156  2713  2713 D MonkeyStub: translateCommand: touch down 614 1561
11-02 01:01:42.167  2713  2713 D MonkeyStub: translateCommand: touch move 614 1561
11-02 01:01:42.275  2713  2713 D MonkeyStub: translateCommand: touch move 614 1436
11-02 01:01:42.385  2713  2713 D MonkeyStub: translateCommand: touch move 614 1311
11-02 01:01:42.495  2713  2713 D MonkeyStub: translateCommand: touch move 614 1186
11-02 01:01:42.613  2713  2713 D MonkeyStub: translateCommand: touch move 614 1061
11-02 01:01:42.743  2713  2713 D MonkeyStub: translateCommand: touch move 614 937
11-02 01:01:42.855  2713  2713 D MonkeyStub: translateCommand: touch move 614 812
11-02 01:01:42.961  2713  2713 D MonkeyStub: translateCommand: touch move 614 687
11-02 01:01:43.075  2713  2713 D MonkeyStub: translateCommand: touch move 614 562
11-02 01:01:43.190  2713  2713 D MonkeyStub: translateCommand: touch move 614 437
11-02 01:01:43.302  2713  2713 D MonkeyStub: translateCommand: touch move 614 312
11-02 01:01:43.312  2713  2713 D MonkeyStub: translateCommand: touch up 614 312
11-02 01:01:43.403  2713  2713 D MonkeyStub: translateCommand: touch down 614 1561
11-02 01:01:43.411  2713  2713 D MonkeyStub: translateCommand: touch move 614 1561
11-02 01:01:43.518  2713  2713 D MonkeyStub: translateCommand: touch move 614 1436
11-02 01:01:43.634  2713  2713 D MonkeyStub: translateCommand: touch move 614 1311
11-02 01:01:43.748  2713  2713 D MonkeyStub: translateCommand: touch move 614 1186
11-02 01:01:43.856  2713  2713 D MonkeyStub: translateCommand: touch move 614 1061
11-02 01:01:43.965  2713  2713 D MonkeyStub: translateCommand: touch move 614 937
11-02 01:01:44.076  2713  2713 D MonkeyStub: translateCommand: touch move 614 812
11-02 01:01:44.183  2713  2713 D MonkeyStub: translateCommand: touch move 614 687
11-02 01:01:44.289  2713  2713 D MonkeyStub: translateCommand: touch move 614 562
11-02 01:01:44.409  2713  2713 D MonkeyStub: translateCommand: touch move 614 437
11-02 01:01:44.520  2713  2713 D MonkeyStub: translateCommand: touch move 614 312
11-02 01:01:44.531  2713  2713 D MonkeyStub: translateCommand: touch up 614 312
11-02 01:01:44.743   196   196 E SELinux : avc:  denied  { find } for service=netd pid=2773 uid=2000 scontext=u:r:shell:s0 tcontext=u:object_r:netd_service:s0 tclass=service_manager permissive=0
11-02 01:01:44.775   196   196 E SELinux : avc:  denied  { find } for service=android.service.gatekeeper.IGateKeeperService pid=2773 uid=2000 scontext=u:r:shell:s0 tcontext=u:object_r:gatekeeper_service:s0 tclass=service_manager permissive=0
11-02 01:01:49.738  2713  2713 D MonkeyStub: translateCommand: touch down 614 312
11-02 01:01:49.754  2713  2713 D MonkeyStub: translateCommand: touch move 614 312
11-02 01:01:49.866  2713  2713 D MonkeyStub: translateCommand: touch move 614 437
11-02 01:01:49.983  2713  2713 D MonkeyStub: translateCommand: touch move 614 562
11-02 01:01:50.087  2713  2713 D MonkeyStub: translateCommand: touch move 614 687
11-02 01:01:50.197  2713  2713 D MonkeyStub: translateCommand: touch move 614 812
11-02 01:01:50.306  2713  2713 D MonkeyStub: translateCommand: touch move 614 937
11-02 01:01:50.415  2713  2713 D MonkeyStub: translateCommand: touch move 614 1061
11-02 01:01:50.523  2713  2713 D MonkeyStub: translateCommand: touch move 614 1186
11-02 01:01:50.632  2713  2713 D MonkeyStub: translateCommand: touch move 614 1311
11-02 01:01:50.740  2713  2713 D MonkeyStub: translateCommand: touch move 614 1436
11-02 01:01:50.913  2713  2713 D MonkeyStub: translateCommand: touch move 614 1561
11-02 01:01:50.917  2713  2713 D MonkeyStub: translateCommand: touch up 614 1561
11-02 01:01:53.015  2713  2713 D MonkeyStub: translateCommand: tap 758 273
11-02 01:01:53.397  2265  2275 I art     : Background sticky concurrent mark sweep GC freed 139274(5MB) AllocSpace objects, 15(316KB) LOS objects, 27% free, 17MB/23MB, paused 2.108ms total 151.683ms
11-02 01:01:54.510   601   819 I ActivityManager: Process com.google.process.gapps (pid 1521) has died
11-02 01:01:54.511   601   819 D ActivityManager: cleanUpApplicationRecord -- 1521
11-02 01:01:54.511   601   660 I ActivityManager: Process com.google.android.storagemanager (pid 1501) has died
11-02 01:01:54.511   601   660 D ActivityManager: cleanUpApplicationRecord -- 1501
11-02 01:01:54.514   601  2013 I ActivityManager: Process com.google.android.partnersetup (pid 1180) has died
11-02 01:01:54.514   601  2013 D ActivityManager: cleanUpApplicationRecord -- 1180
11-02 01:01:54.661   601   832 I ActivityManager: Process com.android.settings (pid 814) has died
11-02 01:01:54.661   601   832 D ActivityManager: cleanUpApplicationRecord -- 814
11-02 01:01:54.663   601   612 D GraphicsStats: Buffer count: 3
11-02 01:01:55.055  2713  2713 D MonkeyStub: translateCommand: tap 355 362
11-02 01:02:03.254  2713  2713 D MonkeyStub: translateCommand: touch down 614 1561
11-02 01:02:03.264  2713  2713 D MonkeyStub: translateCommand: touch move 614 1561
11-02 01:02:03.383  2713  2713 D MonkeyStub: translateCommand: touch move 614 1436
11-02 01:02:03.502  2713  2713 D MonkeyStub: translateCommand: touch move 614 1311
11-02 01:02:03.608  2713  2713 D MonkeyStub: translateCommand: touch move 614 1186
11-02 01:02:03.717  2713  2713 D MonkeyStub: translateCommand: touch move 614 1061
11-02 01:02:03.831  2713  2713 D MonkeyStub: translateCommand: touch move 614 937
11-02 01:02:03.939  2713  2713 D MonkeyStub: translateCommand: touch move 614 812
11-02 01:02:04.055  2713  2713 D MonkeyStub: translateCommand: touch move 614 687
11-02 01:02:04.162  2713  2713 D MonkeyStub: translateCommand: touch move 614 562
11-02 01:02:04.273  2713  2713 D MonkeyStub: translateCommand: touch move 614 437
11-02 01:02:04.384  2713  2713 D MonkeyStub: translateCommand: touch move 614 312
11-02 01:02:04.389  2713  2713 D MonkeyStub: translateCommand: touch up 614 312
11-02 01:02:04.428  2713  2713 D MonkeyStub: translateCommand: touch down 614 1561
11-02 01:02:04.433  2713  2713 D MonkeyStub: translateCommand: touch move 614 1561
11-02 01:02:04.538  2713  2713 D MonkeyStub: translateCommand: touch move 614 1436
11-02 01:02:04.649  2713  2713 D MonkeyStub: translateCommand: touch move 614 1311
11-02 01:02:04.762  2713  2713 D MonkeyStub: translateCommand: touch move 614 1186
11-02 01:02:04.877  2713  2713 D MonkeyStub: translateCommand: touch move 614 1061
11-02 01:02:04.990  2713  2713 D MonkeyStub: translateCommand: touch move 614 937
11-02 01:02:05.097  2713  2713 D MonkeyStub: translateCommand: touch move 614 812
11-02 01:02:05.208  2713  2713 D MonkeyStub: translateCommand: touch move 614 687
11-02 01:02:05.348  2713  2713 D MonkeyStub: translateCommand: touch move 614 562
11-02 01:02:05.460  2713  2713 D MonkeyStub: translateCommand: touch move 614 437
11-02 01:02:05.572  2713  2713 D MonkeyStub: translateCommand: touch move 614 312
11-02 01:02:05.585  2713  2713 D MonkeyStub: translateCommand: touch up 614 312
11-02 01:02:10.832  2713  2713 D MonkeyStub: translateCommand: touch down 614 1561
11-02 01:02:10.840  2713  2713 D MonkeyStub: translateCommand: touch move 614 1561
11-02 01:02:10.949  2713  2713 D MonkeyStub: translateCommand: touch move 614 1436
11-02 01:02:11.059  2713  2713 D MonkeyStub: translateCommand: touch move 614 1311
11-02 01:02:11.169  2713  2713 D MonkeyStub: translateCommand: touch move 614 1186
11-02 01:02:11.362  2713  2713 D MonkeyStub: translateCommand: touch move 614 1061
11-02 01:02:11.476  2713  2713 D MonkeyStub: translateCommand: touch move 614 937
11-02 01:02:11.588  2713  2713 D MonkeyStub: translateCommand: touch move 614 812
11-02 01:02:11.698  2713  2713 D MonkeyStub: translateCommand: touch move 614 687
11-02 01:02:11.805  2713  2713 D MonkeyStub: translateCommand: touch move 614 562
11-02 01:02:11.914  2713  2713 D MonkeyStub: translateCommand: touch move 614 437
11-02 01:02:12.022  2713  2713 D MonkeyStub: translateCommand: touch move 614 312
11-02 01:02:12.027  2713  2713 D MonkeyStub: translateCommand: touch up 614 312
11-02 01:02:12.040  2713  2713 D MonkeyStub: Quit requested
11-02 01:02:12.071   601   615 I CwMcuSensor: CwMcuSensor::flush: fd = 214, sensors_id = 0, path = /sys/class/htc_sensorhub/sensor_hub/flush, err = 0
11-02 01:02:12.085  2713  2713 I art     : System.exit called, status: 114
11-02 01:02:12.085  2713  2713 I AndroidRuntime: VM exiting with result code 114.
11-02 01:02:12.144   601   819 W WindowManager: Attempted to remove non-existing token: android.os.Binder@72c4964
11-02 01:02:12.148   601   601 E AccessibilityManagerService: Error during sending EventType: TYPE_VIEW_SCROLLED; EventTime: 926686; PackageName: com.opera.browser; MovementGranularity: 0; Action: 0 [ ClassName: android.widget.FrameLayout; Text: []; ContentDescription: null; ItemCount: -1; CurrentItemIndex: -1; IsEnabled: true; IsPassword: false; IsChecked: false; IsFullScreen: false; Scrollable: false; BeforeText: null; FromIndex: -1; ToIndex: -1; ScrollX: -1; ScrollY: -1; MaxScrollX: -1; MaxScrollY: -1; AddedCount: -1; RemovedCount: -1; ParcelableData: null ]; recordCount: 0 to android.accessibilityservice.IAccessibilityServiceClient$Stub$Proxy@5d590e8
11-02 01:02:12.148   601   601 E AccessibilityManagerService: android.os.DeadObjectException
11-02 01:02:12.148   601   601 E AccessibilityManagerService: 	at android.os.BinderProxy.transactNative(Native Method)
11-02 01:02:12.148   601   601 E AccessibilityManagerService: 	at android.os.BinderProxy.transact(Binder.java:615)
11-02 01:02:12.148   601   601 E AccessibilityManagerService: 	at android.accessibilityservice.IAccessibilityServiceClient$Stub$Proxy.onAccessibilityEvent(IAccessibilityServiceClient.java:191)
11-02 01:02:12.148   601   601 E AccessibilityManagerService: 	at com.android.server.accessibility.AccessibilityManagerService$Service.notifyAccessibilityEventInternal(AccessibilityManagerService.java:3245)
11-02 01:02:12.148   601   601 E AccessibilityManagerService: 	at com.android.server.accessibility.AccessibilityManagerService$Service.-wrap0(AccessibilityManagerService.java)
11-02 01:02:12.148   601   601 E AccessibilityManagerService: 	at com.android.server.accessibility.AccessibilityManagerService$Service$1.handleMessage(AccessibilityManagerService.java:2260)
11-02 01:02:12.148   601   601 E AccessibilityManagerService: 	at android.os.Handler.dispatchMessage(Handler.java:102)
11-02 01:02:12.148   601   601 E AccessibilityManagerService: 	at android.os.Looper.loop(Looper.java:154)
11-02 01:02:12.148   601   601 E AccessibilityManagerService: 	at com.android.server.SystemServer.run(SystemServer.java:349)
11-02 01:02:12.148   601   601 E AccessibilityManagerService: 	at com.android.server.SystemServer.main(SystemServer.java:219)
11-02 01:02:12.148   601   601 E AccessibilityManagerService: 	at java.lang.reflect.Method.invoke(Native Method)
11-02 01:02:12.148   601   601 E AccessibilityManagerService: 	at com.android.internal.os.ZygoteInit$MethodAndArgsCaller.run(ZygoteInit.java:886)
11-02 01:02:12.148   601   601 E AccessibilityManagerService: 	at com.android.internal.os.ZygoteInit.main(ZygoteInit.java:776)
11-02 01:02:28.195  2795  2795 D AndroidRuntime: >>>>>> START com.android.internal.os.RuntimeInit uid 2000 <<<<<<
11-02 01:02:28.201  2795  2795 D AndroidRuntime: CheckJNI is OFF
11-02 01:02:28.288  2795  2795 D ICU     : No timezone override file found: /data/misc/zoneinfo/current/icu/icu_tzdata.dat
11-02 01:02:28.332  2795  2795 I Radio-JNI: register_android_hardware_Radio DONE
11-02 01:02:28.353  2795  2795 D AndroidRuntime: Calling main entry com.android.commands.am.Am
11-02 01:02:28.372   601   832 I ActivityManager: Force stopping com.opera.browser appid=10122 user=0: from pid 2795
11-02 01:02:28.372   601   832 I ActivityManager: Killing 2390:com.opera.browser:privileged_process0/u0a122 (adj 0): stop com.opera.browser
11-02 01:02:28.373   601   832 D ActivityManager: cleanUpApplicationRecord -- 2390
11-02 01:02:28.376   601   832 W ActivityManager: Scheduling restart of crashed service com.opera.browser/com.opera.android.browser.chromium.services.PrivilegedProcessService0 in 1000ms
11-02 01:02:28.377   601   832 I ActivityManager: Killing 2265:com.opera.browser/u0a122 (adj 0): stop com.opera.browser
11-02 01:02:28.379   601   832 D ActivityManager: cleanUpApplicationRecord -- 2265
11-02 01:02:28.384   601   832 W ActivityManager: Force removing ActivityRecord{8f85214 u0 com.opera.browser/com.opera.android.BrowserActivity t1102}: app died, no saved state
11-02 01:02:28.419   601   832 I ActivityManager: Killing 2648:com.opera.browser:sandboxed_process0/u0a122 (adj 0): stop com.opera.browser
11-02 01:02:28.420   601   832 D ActivityManager: cleanUpApplicationRecord -- 2648
11-02 01:02:28.426  2795  2795 D AndroidRuntime: Shutting down VM
11-02 01:02:28.460   601   616 W libprocessgroup: failed to kill pid 2390: No such process
11-02 01:02:28.468  1052  1052 D RegisteredNfcFServicesCache: Service unchanged, not updating
11-02 01:02:28.475   601   832 D GraphicsStats: Buffer count: 2
11-02 01:02:28.479   601  2013 D ConnectivityService: ConnectivityService NetworkRequestInfo binderDied(NetworkRequest [ LISTEN id=9, [ Capabilities: INTERNET&NOT_RESTRICTED&TRUSTED&FOREGROUND] ], android.os.BinderProxy@1e6d394)
11-02 01:02:28.479   601   660 D ConnectivityService: ConnectivityService NetworkRequestInfo binderDied(NetworkRequest [ LISTEN id=10, [ Capabilities: INTERNET&NOT_RESTRICTED&TRUSTED&FOREGROUND] ], android.os.BinderProxy@c375e3d)
11-02 01:02:28.491   601   650 E ConnectivityService: RemoteException caught trying to send a callback msg for NetworkRequest [ LISTEN id=9, [ Capabilities: INTERNET&NOT_RESTRICTED&TRUSTED&FOREGROUND] ]
11-02 01:02:28.492   601   650 E ConnectivityService: RemoteException caught trying to send a callback msg for NetworkRequest [ LISTEN id=10, [ Capabilities: INTERNET&NOT_RESTRICTED&TRUSTED&FOREGROUND] ]
11-02 01:02:28.723  1131  1154 I AttachedClient: Adding client event 2 to pending list.
11-02 01:02:28.763  1131  1131 I OptInState: There is a new client and it does not support opt-in. Dropping request.
11-02 01:02:28.765  1131  1131 I MicroDetectionWorker: Micro detection mode: [mDetectionMode: [1]].
11-02 01:02:28.793  1131  2811 I MicroRecognitionRunner: Starting detection.
11-02 01:02:28.793   785   795 W SQLiteConnectionPool: A SQLiteConnection object for database '/data/user/0/com.google.android.gms/databases/metadata.db' was leaked!  Please fix your application to end transactions in progress properly and to close the database when it is no longer needed.
11-02 01:02:28.804  1131  2193 I MicrophoneInputStream: mic_starting com.google.android.apps.gsa.speech.audio.ae@fa387c4
11-02 01:02:28.815   237   285 I SoundTriggerHwService::Module: void android::SoundTriggerHwService::Module::onCallbackEvent(const sp<android::SoundTriggerHwService::CallbackEvent> &) mClient == 0
11-02 01:02:28.819   237  2813 I AudioFlinger: AudioFlinger's thread 0xf0812180 ready to run
11-02 01:02:28.821  1131  2193 I MicrophoneInputStream: mic_started com.google.android.apps.gsa.speech.audio.ae@fa387c4
11-02 01:02:28.839  1131  1146 I art     : Background sticky concurrent mark sweep GC freed 3269(206KB) AllocSpace objects, 4(80KB) LOS objects, 7% free, 4MB/5MB, paused 7.995ms total 41.946ms
11-02 01:02:28.932   785  1229 W GmsStrictMode: LEAKED_CLOSABLE [CONTEXT service_id=256 ]
11-02 01:02:28.932   785  1229 W GmsStrictMode: rvo: LEAKED_CLOSABLE
11-02 01:02:28.932   785  1229 W GmsStrictMode: 	at dalvik.system.VMStack.getThreadStackTrace(Native Method)
11-02 01:02:28.932   785  1229 W GmsStrictMode: 	at java.lang.Thread.getStackTrace(Thread.java:1566)
11-02 01:02:28.932   785  1229 W GmsStrictMode: 	at bhdb.containsKey(:com.google.android.gms@203915020@20.39.15 (040406-335085812):1)
11-02 01:02:28.932   785  1229 W GmsStrictMode: 	at android.os.StrictMode.onVmPolicyViolation(StrictMode.java:1867)
11-02 01:02:28.932   785  1229 W GmsStrictMode: 	at android.os.StrictMode.onVmPolicyViolation(StrictMode.java:1844)
11-02 01:02:28.932   785  1229 W GmsStrictMode: 	at android.os.StrictMode$AndroidCloseGuardReporter.report(StrictMode.java:1590)
11-02 01:02:28.932   785  1229 W GmsStrictMode: 	at dalvik.system.CloseGuard.warnIfOpen(CloseGuard.java:208)
11-02 01:02:28.932   785  1229 W GmsStrictMode: 	at android.database.sqlite.SQLiteConnection.dispose(SQLiteConnection.java:231)
11-02 01:02:28.932   785  1229 W GmsStrictMode: 	at android.database.sqlite.SQLiteConnection.finalize(SQLiteConnection.java:180)
11-02 01:02:28.932   785  1229 W GmsStrictMode: 	at java.lang.Daemons$FinalizerDaemon.doFinalize(Daemons.java:222)
11-02 01:02:28.932   785  1229 W GmsStrictMode: 	at java.lang.Daemons$FinalizerDaemon.run(Daemons.java:209)
11-02 01:02:28.932   785  1229 W GmsStrictMode: 	at java.lang.Thread.run(Thread.java:761)
11-02 01:02:28.933   785  1229 W GmsStrictMode: LEAKED_CLOSABLE [CONTEXT service_id=256 ]
11-02 01:02:28.933   785  1229 W GmsStrictMode: rvo: LEAKED_CLOSABLE
11-02 01:02:28.933   785  1229 W GmsStrictMode: 	at dalvik.system.VMStack.getThreadStackTrace(Native Method)
11-02 01:02:28.933   785  1229 W GmsStrictMode: 	at java.lang.Thread.getStackTrace(Thread.java:1566)
11-02 01:02:28.933   785  1229 W GmsStrictMode: 	at bhdb.containsKey(:com.google.android.gms@203915020@20.39.15 (040406-335085812):1)
11-02 01:02:28.933   785  1229 W GmsStrictMode: 	at android.os.StrictMode.onVmPolicyViolation(StrictMode.java:1867)
11-02 01:02:28.933   785  1229 W GmsStrictMode: 	at android.os.StrictMode.onVmPolicyViolation(StrictMode.java:1844)
11-02 01:02:28.933   785  1229 W GmsStrictMode: 	at android.os.StrictMode$AndroidCloseGuardReporter.report(StrictMode.java:1590)
11-02 01:02:28.933   785  1229 W GmsStrictMode: 	at dalvik.system.CloseGuard.warnIfOpen(CloseGuard.java:208)
11-02 01:02:28.933   785  1229 W GmsStrictMode: 	at java.io.RandomAccessFile.finalize(RandomAccessFile.java:1158)
11-02 01:02:28.933   785  1229 W GmsStrictMode: 	at java.lang.Daemons$FinalizerDaemon.doFinalize(Daemons.java:222)
11-02 01:02:28.933   785  1229 W GmsStrictMode: 	at java.lang.Daemons$FinalizerDaemon.run(Daemons.java:209)
11-02 01:02:28.933   785  1229 W GmsStrictMode: 	at java.lang.Thread.run(Thread.java:761)
11-02 01:02:29.003  1131  1131 I MicroDetectionWorker: onReady
11-02 01:02:29.063  2807  2807 D AndroidRuntime: >>>>>> START com.android.internal.os.RuntimeInit uid 2000 <<<<<<
11-02 01:02:29.069  2807  2807 D AndroidRuntime: CheckJNI is OFF
11-02 01:02:29.073  1065  1161 W OpenGLRenderer: Incorrectly called buildLayer on View: ShortcutAndWidgetContainer, destroying layer...
11-02 01:02:29.086  1065  1161 W OpenGLRenderer: Incorrectly called buildLayer on View: ShortcutAndWidgetContainer, destroying layer...
11-02 01:02:29.143  2807  2807 D ICU     : No timezone override file found: /data/misc/zoneinfo/current/icu/icu_tzdata.dat
11-02 01:02:29.173  2807  2807 I Radio-JNI: register_android_hardware_Radio DONE
11-02 01:02:29.190  2807  2807 D AndroidRuntime: Calling main entry com.android.commands.pm.Pm
