--------- beginning of main
11-01 23:00:31.280  7537  7537 D AndroidRuntime: >>>>>> START com.android.internal.os.RuntimeInit uid 2000 <<<<<<
11-01 23:00:31.283  7537  7537 D AndroidRuntime: CheckJNI is OFF
11-01 23:00:31.349  7537  7537 D ICU     : No timezone override file found: /data/misc/zoneinfo/current/icu/icu_tzdata.dat
11-01 23:00:31.379  7537  7537 I Radio-JNI: register_android_hardware_Radio DONE
11-01 23:00:31.394  7537  7537 D AndroidRuntime: Calling main entry com.android.commands.am.Am
--------- beginning of system
11-01 23:00:31.411   600  1483 I ActivityManager: Force stopping com.opera.browser appid=10122 user=0: from pid 7537
11-01 23:00:31.421  1058  1058 D RegisteredNfcFServicesCache: Service unchanged, not updating
11-01 23:00:31.668   600   610 I ActivityManager: START u0 {act=android.intent.action.VIEW flg=0x10008000 cmp=com.opera.browser/com.opera.Opera} from uid 2000 on display 0
11-01 23:00:31.708  7537  7537 D AndroidRuntime: Shutting down VM
11-01 23:00:31.728   600 12440 I ActivityManager: Start proc 7548:com.opera.browser/u0a122 for activity com.opera.browser/com.opera.Opera
11-01 23:00:31.826  7548  7548 I art     : Starting a blocking GC AddRemoveAppImageSpace
11-01 23:00:31.882  7548  7548 I LoadedApk: No resource references to update in package com.opera.browser.nord_vpn
11-01 23:00:32.170  7548  7584 D NetworkSecurityConfig: Using Network Security Config from resource network_security_config_official_build debugBuild: false
11-01 23:00:32.211  7548  7548 I art     : Rejecting re-init on previously-failed class java.lang.Class<com.opera.android.job.a$j>: java.lang.NoClassDefFoundError: Failed resolution of: Landroid/app/job/JobServiceEngine;
11-01 23:00:32.212  7548  7548 I art     :   at void com.opera.android.OperaApplication.onCreate() (SourceFile:52)
11-01 23:00:32.212  7548  7548 I art     :   at void android.app.Instrumentation.callApplicationOnCreate(android.app.Application) (Instrumentation.java:1024)
11-01 23:00:32.212  7548  7548 I art     :   at void android.app.ActivityThread.handleBindApplication(android.app.ActivityThread$AppBindData) (ActivityThread.java:5403)
11-01 23:00:32.212  7548  7548 I art     :   at void android.app.ActivityThread.-wrap2(android.app.ActivityThread, android.app.ActivityThread$AppBindData) (ActivityThread.java:-1)
11-01 23:00:32.212  7548  7548 I art     :   at void android.app.ActivityThread$H.handleMessage(android.os.Message) (ActivityThread.java:1545)
11-01 23:00:32.212  7548  7548 I art     :   at void android.os.Handler.dispatchMessage(android.os.Message) (Handler.java:102)
11-01 23:00:32.212  7548  7548 I art     :   at void android.os.Looper.loop() (Looper.java:154)
11-01 23:00:32.212  7548  7548 I art     :   at void android.app.ActivityThread.main(java.lang.String[]) (ActivityThread.java:6119)
11-01 23:00:32.212  7548  7548 I art     :   at java.lang.Object java.lang.reflect.Method.invoke!(java.lang.Object, java.lang.Object[]) (Method.java:-2)
11-01 23:00:32.212  7548  7548 I art     :   at void com.android.internal.os.ZygoteInit$MethodAndArgsCaller.run() (ZygoteInit.java:886)
11-01 23:00:32.212  7548  7548 I art     :   at void com.android.internal.os.ZygoteInit.main(java.lang.String[]) (ZygoteInit.java:776)
11-01 23:00:32.212  7548  7548 I art     : Caused by: java.lang.ClassNotFoundException: Didn't find class "android.app.job.JobServiceEngine" on path: DexPathList[[zip file "/data/app/com.opera.browser-1/base.apk"],nativeLibraryDirectories=[/data/app/com.opera.browser-1/lib/arm, /data/app/com.opera.browser-1/base.apk!/lib/armeabi-v7a, /system/lib, /vendor/lib]]
11-01 23:00:32.212  7548  7548 I art     :   at java.lang.Class dalvik.system.BaseDexClassLoader.findClass(java.lang.String) (BaseDexClassLoader.java:56)
11-01 23:00:32.212  7548  7548 I art     :   at java.lang.Class java.lang.ClassLoader.loadClass(java.lang.String, boolean) (ClassLoader.java:380)
11-01 23:00:32.212  7548  7548 I art     :   at java.lang.Class java.lang.ClassLoader.loadClass(java.lang.String) (ClassLoader.java:312)
11-01 23:00:32.212  7548  7548 I art     :   at void com.opera.android.OperaApplication.onCreate() (SourceFile:52)
11-01 23:00:32.212  7548  7548 I art     :   at void android.app.Instrumentation.callApplicationOnCreate(android.app.Application) (Instrumentation.java:1024)
11-01 23:00:32.212  7548  7548 I art     :   at void android.app.ActivityThread.handleBindApplication(android.app.ActivityThread$AppBindData) (ActivityThread.java:5403)
11-01 23:00:32.212  7548  7548 I art     :   at void android.app.ActivityThread.-wrap2(android.app.ActivityThread, android.app.ActivityThread$AppBindData) (ActivityThread.java:-1)
11-01 23:00:32.212  7548  7548 I art     :   at void android.app.ActivityThread$H.handleMessage(android.os.Message) (ActivityThread.java:1545)
11-01 23:00:32.212  7548  7548 I art     :   at void android.os.Handler.dispatchMessage(android.os.Message) (Handler.java:102)
11-01 23:00:32.212  7548  7548 I art     :   at void android.os.Looper.loop() (Looper.java:154)
11-01 23:00:32.212  7548  7548 I art     :   at void android.app.ActivityThread.main(java.lang.String[]) (ActivityThread.java:6119)
11-01 23:00:32.212  7548  7548 I art     :   at java.lang.Object java.lang.reflect.Method.invoke!(java.lang.Object, java.lang.Object[]) (Method.java:-2)
11-01 23:00:32.212  7548  7548 I art     :   at void com.android.internal.os.ZygoteInit$MethodAndArgsCaller.run() (ZygoteInit.java:886)
11-01 23:00:32.212  7548  7548 I art     :   at void com.android.internal.os.ZygoteInit.main(java.lang.String[]) (ZygoteInit.java:776)
11-01 23:00:32.212  7548  7548 I art     : 
11-01 23:00:32.467  7548  7585 I FA      : App measurement initialized, version: 43042
11-01 23:00:32.470  7548  7585 I FA      : To enable debug logging run: adb shell setprop log.tag.FA VERBOSE
11-01 23:00:32.470  7548  7585 I FA      : To enable faster debug mode event logging run:
11-01 23:00:32.470  7548  7585 I FA      :   adb shell setprop debug.firebase.analytics.app com.opera.browser
11-01 23:00:32.491   600  1483 I ActivityManager: START u0 {act=android.intent.action.VIEW flg=0x10008000 cmp=com.opera.browser/com.opera.android.startup.WelcomeActivity} from uid 10122 on display 0
11-01 23:00:32.512   600  1664 W ActivityManager: Duplicate finish request for ActivityRecord{4e3f6e3 u0 com.opera.browser/com.opera.Opera t1424 f}
11-01 23:00:32.540   600   713 I WindowManager: Failed to capture screenshot of Token{db78e0 ActivityRecord{4e3f6e3 u0 com.opera.browser/com.opera.Opera t1424 f}} appWin=Window{154f0d1 u0 Starting com.opera.browser} drawState=4
11-01 23:00:32.829  7548  7558 I art     : Background sticky concurrent mark sweep GC freed 8774(725KB) AllocSpace objects, 1(20KB) LOS objects, 14% free, 5MB/6MB, paused 6.912ms total 25.618ms
11-01 23:00:32.964  7548  7664 I OpenGLRenderer: Initialized EGL, version 1.4
11-01 23:00:32.965  7548  7664 D OpenGLRenderer: Swap behavior 2
11-01 23:00:33.140   600   620 I ActivityManager: Displayed com.opera.browser/com.opera.android.startup.WelcomeActivity: +601ms (total +1s439ms)
11-01 23:00:33.154  7548  7585 I FA      : Tag Manager is not found and thus will not be used
11-01 23:00:33.278   600   620 W WindowManager: Failed looking up window
11-01 23:00:33.278   600   620 W WindowManager: java.lang.IllegalArgumentException: Requested window android.view.ViewRootImpl$W@11383f8 does not exist
11-01 23:00:33.278   600   620 W WindowManager: 	at com.android.server.wm.WindowManagerService.windowForClientLocked(WindowManagerService.java:9422)
11-01 23:00:33.278   600   620 W WindowManager: 	at com.android.server.wm.WindowManagerService.windowForClientLocked(WindowManagerService.java:9413)
11-01 23:00:33.278   600   620 W WindowManager: 	at com.android.server.wm.WindowManagerService.removeWindow(WindowManagerService.java:2393)
11-01 23:00:33.278   600   620 W WindowManager: 	at com.android.server.wm.Session.remove(Session.java:202)
11-01 23:00:33.278   600   620 W WindowManager: 	at android.view.ViewRootImpl.dispatchDetachedFromWindow(ViewRootImpl.java:3290)
11-01 23:00:33.278   600   620 W WindowManager: 	at android.view.ViewRootImpl.doDie(ViewRootImpl.java:5917)
11-01 23:00:33.278   600   620 W WindowManager: 	at android.view.ViewRootImpl$ViewRootHandler.handleMessage(ViewRootImpl.java:3626)
11-01 23:00:33.278   600   620 W WindowManager: 	at android.os.Handler.dispatchMessage(Handler.java:102)
11-01 23:00:33.278   600   620 W WindowManager: 	at android.os.Looper.loop(Looper.java:154)
11-01 23:00:33.278   600   620 W WindowManager: 	at android.os.HandlerThread.run(HandlerThread.java:61)
11-01 23:00:33.278   600   620 W WindowManager: 	at com.android.server.ServiceThread.run(ServiceThread.java:46)
11-01 23:00:33.296   600  1485 I ActivityManager: Start proc 7689:com.opera.browser:privileged_process0/u0a122 for service com.opera.browser/com.opera.android.browser.chromium.services.PrivilegedProcessService0
11-01 23:00:33.313  7548  7677 W chromium: [WARNING:op_site_scripts.cc(424)] Failed to map /data/user/0/com.opera.browser/app_opera/sjs
11-01 23:00:33.364  7689  7689 I art     : Starting a blocking GC AddRemoveAppImageSpace
11-01 23:00:33.384  7689  7689 I LoadedApk: No resource references to update in package com.opera.browser.nord_vpn
11-01 23:00:33.399   785  6367 W Conscrypt: Could not set socket write timeout: java.net.SocketException: Socket closed
11-01 23:00:33.522  7689  7704 E libEGL  : validate_display:99 error 3008 (EGL_BAD_DISPLAY)
11-01 23:00:33.665  5704  5704 I MemoryTrimmer: Trimming objects from memory, since app is in the background.
11-01 23:00:33.679  5704  5716 W SearchService: Abort, client detached.
11-01 23:00:33.697  5704  7427 I DeviceStateChecker: DeviceStateChecker cancelled
11-01 23:00:33.698  5704  5704 I MicroDetector: Keeping mic open: false
11-01 23:00:33.698  5704  5736 I AudioController: internalShutdown
11-01 23:00:33.698  5704  5736 I MicrophoneInputStream: mic_close com.google.android.apps.gsa.speech.audio.ae@caf513e
11-01 23:00:33.699  5704  5776 I MicroRecognitionRunner: Stopping hotword detection.
11-01 23:00:33.714   238   286 I SoundTriggerHwService::Module: void android::SoundTriggerHwService::Module::onCallbackEvent(const sp<android::SoundTriggerHwService::CallbackEvent> &) mClient == 0
11-01 23:00:33.729  5704  7428 I MicroRecognitionRunner: Detection finished
11-01 23:00:33.734  7689  7704 E libEGL  : validate_display:99 error 3008 (EGL_BAD_DISPLAY)
11-01 23:00:33.756  1075  1075 I MemoryTrimmer: Trimming objects from memory, since app is in the background.
11-01 23:00:33.768   785  6367 W Conscrypt: 	at com.google.android.gms.org.conscrypt.Platform.setSocketWriteTimeout(:com.google.android.gms@203915020@20.39.15 (040406-335085812):2)
11-01 23:00:33.768   785  6367 W Conscrypt: 	at com.google.android.gms.org.conscrypt.ConscryptFileDescriptorSocket.setSoWriteTimeout(:com.google.android.gms@203915020@20.39.15 (040406-335085812):0)
11-01 23:00:33.794   785  6367 W Conscrypt: Could not set socket write timeout: java.net.SocketException: Socket closed
11-01 23:00:33.794   785  6367 W Conscrypt: 	at com.google.android.gms.org.conscrypt.Platform.setSocketWriteTimeout(:com.google.android.gms@203915020@20.39.15 (040406-335085812):2)
11-01 23:00:33.794   785  6367 W Conscrypt: 	at com.google.android.gms.org.conscrypt.ConscryptFileDescriptorSocket.setSoWriteTimeout(:com.google.android.gms@203915020@20.39.15 (040406-335085812):0)
11-01 23:00:33.946   785  5571 W NetworkScheduler: Error inserting service_kind=0 source=16 tag=Measurement.PackageMeasurementTaskService.UPLOAD_TASK_TAG target_package=com.google.android.gms requires_charging=0 source_version=203915000 required_network_type=0 flex_time=2320000 persistence_level=1 target_class=com.google.android.gms.measurement.PackageMeasurementTaskService runtime=1667340033937 retry_strategy={"maximum_backoff_seconds":{"3600":0},"initial_backoff_seconds":{"30":0},"retry_policy":{"0":0}} preferred_network_type=1 required_idleness_state=0 preferred_charging_state=1 period=4642000 last_runtime=0 task_type=0 job_id=-1 user_id=0, error message: UNIQUE constraint failed: pending_ops.tag, pending_ops.target_class, pending_ops.target_package, pending_ops.user_id (code 2067) [CONTEXT service_id=218 ]
11-01 23:00:34.015   785  7737 W NetworkScheduler: Error inserting service_kind=0 source=16 tag=Measurement.PackageMeasurementTaskService.UPLOAD_TASK_TAG target_package=com.google.android.gms requires_charging=0 source_version=203915000 required_network_type=0 flex_time=2320000 persistence_level=1 target_class=com.google.android.gms.measurement.PackageMeasurementTaskService runtime=1667340034013 retry_strategy={"maximum_backoff_seconds":{"3600":0},"initial_backoff_seconds":{"30":0},"retry_policy":{"0":0}} preferred_network_type=1 required_idleness_state=0 preferred_charging_state=1 period=4642000 last_runtime=0 task_type=0 job_id=-1 user_id=0, error message: UNIQUE constraint failed: pending_ops.tag, pending_ops.target_class, pending_ops.target_package, pending_ops.user_id (code 2067) [CONTEXT service_id=218 ]
11-01 23:00:34.037   785  5571 W NetworkScheduler: Error inserting service_kind=0 source=16 tag=Measurement.PackageMeasurementTaskService.UPLOAD_TASK_TAG target_package=com.google.android.gms requires_charging=0 source_version=203915000 required_network_type=0 flex_time=2320000 persistence_level=1 target_class=com.google.android.gms.measurement.PackageMeasurementTaskService runtime=1667340034034 retry_strategy={"maximum_backoff_seconds":{"3600":0},"initial_backoff_seconds":{"30":0},"retry_policy":{"0":0}} preferred_network_type=1 required_idleness_state=0 preferred_charging_state=1 period=4642000 last_runtime=0 task_type=0 job_id=-1 user_id=0, error message: UNIQUE constraint failed: pending_ops.tag, pending_ops.target_class, pending_ops.target_package, pending_ops.user_id (code 2067) [CONTEXT service_id=218 ]
11-01 23:00:38.809  7548  7548 I PlayCore: UID: [10122]  PID: [7548] AppUpdateListenerRegistry : registerListener
11-01 23:00:38.810  7548  7548 I PlayCore: UID: [10122]  PID: [7548] AppUpdateService : requestUpdateInfo(com.opera.browser)
11-01 23:00:38.815  7548  7771 I PlayCore: UID: [10122]  PID: [7548] AppUpdateService : Initiate binding to the service.
11-01 23:00:38.817   600  8930 W ActivityManager: Unable to start service Intent { act=com.google.android.play.core.install.BIND_UPDATE_SERVICE pkg=com.android.vending } U=0: not found
11-01 23:00:38.818  7548  7771 I PlayCore: UID: [10122]  PID: [7548] AppUpdateService : Failed to bind to the service.
11-01 23:00:38.969  7548  7773 D ApplicationLoaders: ignored Vulkan layer search path /data/app/com.google.android.gms-1/lib/arm:/data/app/com.google.android.gms-1/base.apk!/lib/armeabi-v7a:/data/app/com.google.android.gms-1/split_config.en.apk!/lib/armeabi-v7a for namespace 0xf7270090
11-01 23:00:38.971  7548  7773 W ResourceType: ResTable_typeSpec entry count inconsistent: given 67, previously 69
11-01 23:00:38.971  7548  7773 W ResourceType: ResTable_typeSpec entry count inconsistent: given 5346, previously 5347
11-01 23:00:39.355   600   612 D SyncManager: failed sync operation JobId: 108392, com.opera.browser u0 (com.opera.browser.ping), com.opera.browser.ping.provider, SERVER, reason: 10122, SyncResult: delayUntil: 1667347239 stats [ numIoExceptions: 1]
11-01 23:00:44.240  7796  7796 D AndroidRuntime: >>>>>> START com.android.internal.os.RuntimeInit uid 2000 <<<<<<
11-01 23:00:44.244  7796  7796 D AndroidRuntime: CheckJNI is OFF
11-01 23:00:44.307  7796  7796 D ICU     : No timezone override file found: /data/misc/zoneinfo/current/icu/icu_tzdata.dat
11-01 23:00:44.340  7796  7796 I Radio-JNI: register_android_hardware_Radio DONE
11-01 23:00:44.355  7796  7796 D AndroidRuntime: Calling main entry com.android.commands.monkey.Monkey
11-01 23:00:44.425   600   613 W BroadcastQueue: Skipping deliver [background] BroadcastRecord{6f844b5 u-1 android.net.conn.CONNECTIVITY_CHANGE} to ReceiverList{5a2974a 7796 (unknown name)/2000/u-1 remote:cfd2f9f}: process crashing
11-01 23:00:45.997  7796  7796 D MonkeyStub: translateCommand: wake
11-01 23:00:46.100  7796  7796 D MonkeyStub: translateCommand: tap 960 1881
11-01 23:00:46.172   600 11980 I ActivityManager: START u0 {act=android.intent.action.VIEW flg=0x1000000 cmp=com.opera.browser/com.opera.android.IntentDispatcherActivity} from uid 10122 on display 0
11-01 23:00:46.261  1075  1164 I OpenGLRenderer: Initialized EGL, version 1.4
11-01 23:00:46.261  1075  1164 D OpenGLRenderer: Swap behavior 2
11-01 23:00:46.272  5704  5704 I MemoryTrimmer: Trimming objects from memory, since app is in the background.
11-01 23:00:46.280   600 12440 I ActivityManager: START u0 {act=android.intent.action.VIEW flg=0x15002000 cmp=com.opera.browser/com.opera.android.BrowserActivity} from uid 10122 on display 0
11-01 23:00:46.367   600   609 I art     : Background partial concurrent mark sweep GC freed 16102(749KB) AllocSpace objects, 3(104KB) LOS objects, 33% free, 14MB/22MB, paused 969us total 143.411ms
11-01 23:00:46.650  7548  7843 W ResourceType: ResTable_typeSpec entry count inconsistent: given 67, previously 69
11-01 23:00:46.650  7548  7843 W ResourceType: ResTable_typeSpec entry count inconsistent: given 5346, previously 5347
11-01 23:00:46.672  5704  5704 I MemoryTrimmer: Trimming objects from memory, since app is in the background.
11-01 23:00:46.692  1075  1075 I MemoryTrimmer: Trimming objects from memory, since app is in the background.
11-01 23:00:46.732  7548  7558 I art     : Background partial concurrent mark sweep GC freed 43401(2MB) AllocSpace objects, 31(888KB) LOS objects, 39% free, 7MB/12MB, paused 5.251ms total 186.131ms
11-01 23:00:46.738  7548  7813 E [Leanplum][ERROR]: No variable values were received from the server. Please contact us to investigate.
11-01 23:00:46.837   600   620 I ActivityManager: Displayed com.opera.browser/com.opera.android.BrowserActivity: +510ms (total +635ms)
11-01 23:00:46.852   600  1666 I CwMcuSensor: CwMcuSensor::flush: fd = 229, sensors_id = 0, path = /sys/class/htc_sensorhub/sensor_hub/flush, err = 0
11-01 23:00:46.918  7548  7664 D OpenGLRenderer: endAllActiveAnimators on 0xd0508780 (RippleDrawable) with handle 0xd0598d10
11-01 23:00:47.032  5704  5704 I MemoryTrimmer: Trimming objects from memory, since app is in the background.
11-01 23:00:47.382  7548  7553 I art     : Do partial code cache collection, code=19KB, data=30KB
11-01 23:00:47.383  7548  7553 I art     : After code cache collection, code=18KB, data=30KB
11-01 23:00:47.383  7548  7553 I art     : Increasing code cache capacity to 128KB
11-01 23:00:47.470  7548  7887 W ResourceType: ResTable_typeSpec entry count inconsistent: given 67, previously 69
11-01 23:00:47.470  7548  7887 W ResourceType: ResTable_typeSpec entry count inconsistent: given 5346, previously 5347
11-01 23:00:47.485  7548  7548 E Sensors : sendAck failure -1 1
11-01 23:00:47.485  7548  7548 E Sensors : sendAck failure -1 2
11-01 23:00:47.485  7548  7548 E Sensors : sendAck failure -1 3
11-01 23:00:47.485  7548  7548 E Sensors : sendAck failure -1 4
11-01 23:00:47.485  7548  7548 E Sensors : sendAck failure -1 5
11-01 23:00:47.485  7548  7548 E Sensors : sendAck failure -1 6
11-01 23:00:47.485  7548  7548 E Sensors : sendAck failure -1 7
11-01 23:00:47.485  7548  7548 E Sensors : sendAck failure -1 8
11-01 23:00:47.485  7548  7548 E Sensors : sendAck failure -1 9
11-01 23:00:47.485  7548  7548 E Sensors : sendAck failure -1 10
11-01 23:00:47.485  7548  7548 E Sensors : sendAck failure -1 11
11-01 23:00:47.485  7548  7548 E Sensors : sendAck failure -1 12
11-01 23:00:47.485  7548  7548 E Sensors : sendAck failure -1 13
11-01 23:00:47.485  7548  7548 E Sensors : sendAck failure -1 14
11-01 23:00:47.485  7548  7548 E Sensors : sendAck failure -1 15
11-01 23:00:47.485  7548  7548 E Sensors : sendAck failure -1 16
11-01 23:00:47.485  7548  7548 E Sensors : sendAck failure -1 17
11-01 23:00:47.485  7548  7548 E Sensors : sendAck failure -1 18
11-01 23:00:47.485  7548  7548 E Sensors : sendAck failure -1 19
11-01 23:00:47.485  7548  7548 E Sensors : sendAck failure -1 20
11-01 23:00:47.485  7548  7548 E Sensors : sendAck failure -1 21
11-01 23:00:47.485  7548  7548 E Sensors : sendAck failure -1 22
11-01 23:00:47.485  7548  7548 E Sensors : sendAck failure -1 23
11-01 23:00:47.485  7548  7548 E Sensors : sendAck failure -1 24
11-01 23:00:47.485  7548  7548 E Sensors : sendAck failure -1 25
11-01 23:00:47.485  7548  7548 E Sensors : sendAck failure -1 26
11-01 23:00:47.485  7548  7548 E Sensors : sendAck failure -1 27
11-01 23:00:47.485  7548  7548 E Sensors : sendAck failure -1 28
11-01 23:00:47.485  7548  7548 E Sensors : sendAck failure -1 29
11-01 23:00:47.486  7548  7548 E Sensors : sendAck failure -1 30
11-01 23:00:47.486  7548  7548 E Sensors : sendAck failure -1 31
11-01 23:00:47.486  7548  7548 E Sensors : sendAck failure -1 32
11-01 23:00:47.486  7548  7548 E Sensors : sendAck failure -1 33
11-01 23:00:47.486  7548  7548 E Sensors : sendAck failure -1 34
11-01 23:00:47.486  7548  7548 E Sensors : sendAck failure -1 35
11-01 23:00:47.486  7548  7548 E Sensors : sendAck failure -1 36
11-01 23:00:47.486  7548  7548 E Sensors : sendAck failure -1 37
11-01 23:00:47.486  7548  7548 E Sensors : sendAck failure -1 38
11-01 23:00:47.486  7548  7548 E Sensors : sendAck failure -1 39
11-01 23:00:47.486  7548  7548 E Sensors : sendAck failure -1 40
11-01 23:00:47.486  7548  7548 E Sensors : sendAck failure -1 41
11-01 23:00:47.486  7548  7548 E Sensors : sendAck failure -1 42
11-01 23:00:47.486  7548  7548 E Sensors : sendAck failure -1 1
11-01 23:00:47.486  7548  7548 E Sensors : sendAck failure -1 2
11-01 23:00:47.486  7548  7548 E Sensors : sendAck failure -1 3
11-01 23:00:47.486  7548  7548 E Sensors : sendAck failure -1 4
11-01 23:00:47.486  7548  7548 E Sensors : sendAck failure -1 5
11-01 23:00:47.486  7548  7548 E Sensors : sendAck failure -1 6
11-01 23:00:47.486  7548  7548 E Sensors : sendAck failure -1 7
11-01 23:00:47.486  7548  7548 E Sensors : sendAck failure -1 8
11-01 23:00:47.486  7548  7548 E Sensors : sendAck failure -1 9
11-01 23:00:47.486  7548  7548 E Sensors : sendAck failure -1 10
11-01 23:00:47.486  7548  7548 E Sensors : sendAck failure -1 11
11-01 23:00:47.487  7548  7548 E Sensors : sendAck failure -1 1
11-01 23:00:47.487  7548  7548 E Sensors : sendAck failure -1 2
11-01 23:00:47.487  7548  7548 E Sensors : sendAck failure -1 3
11-01 23:00:47.487  7548  7548 E Sensors : sendAck failure -1 4
11-01 23:00:47.487  7548  7548 E Sensors : sendAck failure -1 5
11-01 23:00:47.487  7548  7548 E Sensors : sendAck failure -1 6
11-01 23:00:47.487  7548  7548 E Sensors : sendAck failure -1 7
11-01 23:00:47.487  7548  7548 E Sensors : sendAck failure -1 8
11-01 23:00:47.487  7548  7548 E Sensors : sendAck failure -1 9
11-01 23:00:47.520  7548  7548 I Choreographer: Skipped 34 frames!  The application may be doing too much work on its main thread.
11-01 23:00:47.721  7548  7548 W View    : requestLayout() improperly called by com.opera.android.custom_views.FadingRecyclerView{bdbbe3a VFED.V... ......ID 0,813-1536,813 #7f0a0825 app:id/suggested_dials_grid} during layout: running second layout pass
11-01 23:00:47.777  7548  7558 I art     : Background sticky concurrent mark sweep GC freed 29007(2MB) AllocSpace objects, 31(620KB) LOS objects, 12% free, 11MB/12MB, paused 3.054ms total 115.453ms
11-01 23:00:47.959  7548  7558 I art     : Background partial concurrent mark sweep GC freed 26184(1298KB) AllocSpace objects, 3(160KB) LOS objects, 39% free, 10MB/18MB, paused 4.086ms total 157.965ms
11-01 23:00:48.202   785  6367 W NetworkScheduler: Error inserting service_kind=0 source=16 tag=Measurement.PackageMeasurementTaskService.UPLOAD_TASK_TAG target_package=com.google.android.gms requires_charging=0 source_version=203915000 required_network_type=0 flex_time=2306000 persistence_level=1 target_class=com.google.android.gms.measurement.PackageMeasurementTaskService runtime=1667340048200 retry_strategy={"maximum_backoff_seconds":{"3600":0},"initial_backoff_seconds":{"30":0},"retry_policy":{"0":0}} preferred_network_type=1 required_idleness_state=0 preferred_charging_state=1 period=4614000 last_runtime=0 task_type=0 job_id=-1 user_id=0, error message: UNIQUE constraint failed: pending_ops.tag, pending_ops.target_class, pending_ops.target_package, pending_ops.user_id (code 2067) [CONTEXT service_id=218 ]
11-01 23:00:48.235   785  6367 W NetworkScheduler: Error inserting service_kind=0 source=16 tag=Measurement.PackageMeasurementTaskService.UPLOAD_TASK_TAG target_package=com.google.android.gms requires_charging=0 source_version=203915000 required_network_type=0 flex_time=2306000 persistence_level=1 target_class=com.google.android.gms.measurement.PackageMeasurementTaskService runtime=1667340048229 retry_strategy={"maximum_backoff_seconds":{"3600":0},"initial_backoff_seconds":{"30":0},"retry_policy":{"0":0}} preferred_network_type=1 required_idleness_state=0 preferred_charging_state=1 period=4614000 last_runtime=0 task_type=0 job_id=-1 user_id=0, error message: UNIQUE constraint failed: pending_ops.tag, pending_ops.target_class, pending_ops.target_package, pending_ops.user_id (code 2067) [CONTEXT service_id=218 ]
11-01 23:00:49.088  7548  7558 I art     : Background sticky concurrent mark sweep GC freed 66984(3MB) AllocSpace objects, 27(1264KB) LOS objects, 23% free, 13MB/18MB, paused 10.864ms total 75.201ms
11-01 23:00:49.418  7548  7553 I art     : Do partial code cache collection, code=37KB, data=62KB
11-01 23:00:49.428  7548  7553 I art     : After code cache collection, code=37KB, data=62KB
11-01 23:00:49.428  7548  7553 I art     : Increasing code cache capacity to 256KB
11-01 23:00:49.682  7548  7926 W ResourceType: ResTable_typeSpec entry count inconsistent: given 67, previously 69
11-01 23:00:49.682  7548  7926 W ResourceType: ResTable_typeSpec entry count inconsistent: given 5346, previously 5347
11-01 23:00:49.757  7548  7548 D ApplicationLoaders: ignored Vulkan layer search path /data/app/com.android.chrome-1/lib/arm:/data/app/com.android.chrome-1/base.apk!/lib/armeabi-v7a:/data/app/com.android.chrome-1/split_config.en.apk!/lib/armeabi-v7a:/data/app/com.android.chrome-1/split_extra_icu.apk!/lib/armeabi-v7a for namespace 0xf72700d0
11-01 23:00:49.761  7548  7548 I WebViewFactory: Loading com.android.chrome version 85.0.4183.127 (code 418312773)
11-01 23:00:49.879   600   610 I ActivityManager: Start proc 7933:com.android.chrome:webview_service/u0a35 for service com.android.chrome/org.chromium.android_webview.services.VariationsSeedServer
11-01 23:00:49.885  7548  7548 I cr_LibraryLoader: Loaded native library version number "85.0.4183.127"
11-01 23:00:49.886  7548  7548 I cr_CachingUmaRecorder: Flushed 5 samples from 5 histograms.
11-01 23:00:49.936  7548  7548 E chromium: [ERROR:filesystem_posix.cc(62)] mkdir /data/user/0/com.opera.browser/cache/WebView/Crashpad: No such file or directory (2)
11-01 23:00:49.965   600   647 I WifiHAL : Got channel list with 13 channels
11-01 23:00:49.967   600   647 I WifiHAL : Got channel list with 4 channels
11-01 23:00:49.967   600   647 I WifiHAL : Got channel list with 15 channels
11-01 23:00:50.103   600   819 D VoldConnector: SND -> {18 volume mkdirs /storage/emulated/0/Android/data/com.opera.browser/cache/}
11-01 23:00:50.111   600   638 D VoldConnector: RCV <- {200 18 Command succeeded}
11-01 23:00:50.148  7548  7558 W art     : Suspending all threads took: 5.531ms
11-01 23:00:50.157  7548  7558 I art     : Background sticky concurrent mark sweep GC freed 14376(1400KB) AllocSpace objects, 8(332KB) LOS objects, 9% free, 16MB/18MB, paused 7.903ms total 61.404ms
11-01 23:00:50.174  7548  7973 W System  : ClassLoader referenced unknown path: 
11-01 23:00:50.176  7548  7973 D ApplicationLoaders: ignored Vulkan layer search path /data/app/com.google.android.gms-1/lib/arm:/data/app/com.google.android.gms-1/base.apk!/lib/armeabi-v7a:/data/app/com.google.android.gms-1/split_config.en.apk!/lib/armeabi-v7a for namespace 0xf7270110
11-01 23:00:50.190  7796  7796 D MonkeyStub: translateCommand: tap 57 93
11-01 23:00:50.228  7548  7973 I DynamiteLoaderV2Impl: [70] AdsFdrDynamite.integ
11-01 23:00:50.343  5704  5704 I MemoryTrimmer: Trimming objects from memory, since app is in the background.
11-01 23:00:50.366  7548  7548 I DynamiteModule: Considering local module com.google.android.gms.ads.dynamite:0 and remote module com.google.android.gms.ads.dynamite:203404601
11-01 23:00:50.367  7548  7548 I DynamiteModule: Selected remote version of com.google.android.gms.ads.dynamite, version >= 203404601
11-01 23:00:50.377  7974  7974 I dex2oat : /system/bin/dex2oat --dex-file=/data/user/0/com.opera.browser/files/audience_network.dex --oat-fd=173 --oat-location=/data/user/0/com.opera.browser/app_optimized/audience_network.dex --compiler-filter=speed
11-01 23:00:50.494  7548  7973 W System  : ClassLoader referenced unknown path: /data/user_de/0/com.google.android.gms/app_chimera/m/00000057/n/armeabi-v7a
11-01 23:00:50.494  7548  7973 W System  : ClassLoader referenced unknown path: /data/user_de/0/com.google.android.gms/app_chimera/m/00000057/n/armeabi
11-01 23:00:50.504  7548  7548 D DynamitePackage: Instantiated singleton DynamitePackage.
11-01 23:00:50.504  7548  7548 D DynamitePackage: Instantiating com.google.android.gms.ads.ChimeraMobileAdsSettingManagerCreatorImpl
11-01 23:00:50.660  7548  7973 W DynamiteModule: Local module descriptor class for com.google.android.gms.ads.dynamite not found.
11-01 23:00:50.706  7548  7548 I Ads     : Updating ad debug logging enablement.
11-01 23:00:50.818   600   619 D BluetoothManagerService: Message: 20
11-01 23:00:50.818   600   619 D BluetoothManagerService: Added callback: android.bluetooth.IBluetoothManagerCallback$Stub$Proxy@96a5abe:true
11-01 23:00:50.821  7548  7983 E libEGL  : validate_display:99 error 3008 (EGL_BAD_DISPLAY)
11-01 23:00:50.900  7548  7548 I Choreographer: Skipped 72 frames!  The application may be doing too much work on its main thread.
11-01 23:00:51.166  7548  7558 I art     : Background partial concurrent mark sweep GC freed 47780(2MB) AllocSpace objects, 9(972KB) LOS objects, 40% free, 14MB/24MB, paused 3.164ms total 101.955ms
11-01 23:00:51.254  7548  7971 W System  : Ignoring header User-Agent because its value was null.
11-01 23:00:51.260  7548  7980 W Ads     : Update ad debug logging enablement as false
11-01 23:00:51.313  7548  7548 D DynamitePackage: Instantiating com.google.android.gms.ads.ChimeraAdLoaderBuilderCreatorImpl
11-01 23:00:51.373  7548  7548 I Ads     : Use RequestConfiguration.Builder().setTestDeviceIds(Arrays.asList("E975D60B8B6136BB8437A20FB42B8437") to get test ads on this device.
11-01 23:00:51.515  7548  7978 W art     : Before Android 4.1, method double java.util.concurrent.ThreadLocalRandom.internalNextDouble(double, double) would have incorrectly overridden the package-private method in java.util.Random
11-01 23:00:51.516  7548  7978 W art     : Before Android 4.1, method int java.util.concurrent.ThreadLocalRandom.internalNextInt(int, int) would have incorrectly overridden the package-private method in java.util.Random
11-01 23:00:51.516  7548  7978 W art     : Before Android 4.1, method long java.util.concurrent.ThreadLocalRandom.internalNextLong(long, long) would have incorrectly overridden the package-private method in java.util.Random
11-01 23:00:51.556  8002  8002 I dex2oat : /system/bin/dex2oat --dex-file=/data/user/0/com.opera.browser/code_cache/.​      --oat-fd=199 --oat-location=/data/user/0/com.opera.browser/code_cache/.     --compiler-filter=speed
11-01 23:00:51.695  8005  8005 I dex2oat : /system/bin/dex2oat --dex-file=/data/user/0/com.opera.browser/cache/1596060835607.jar --oat-fd=42 --oat-location=/data/user/0/com.opera.browser/cache/1596060835607.dex --compiler-filter=speed
11-01 23:00:51.720  7548  7548 I DynamiteModule: Considering local module com.google.android.gms.ads.dynamite:0 and remote module com.google.android.gms.ads.dynamite:203404601
11-01 23:00:51.720  7548  7548 I DynamiteModule: Selected remote version of com.google.android.gms.ads.dynamite, version >= 203404601
11-01 23:00:51.760  7548  8015 W DynamiteModule: Local module descriptor class for com.google.android.gms.ads.dynamite not found.
11-01 23:00:51.766  7548  8018 W DynamiteModule: Local module descriptor class for com.google.android.gms.ads.dynamite not found.
11-01 23:00:51.769  7548  8018 W DynamiteModule: Local module descriptor class for com.google.android.gms.ads.dynamite not found.
11-01 23:00:51.770  7548  8018 W DynamiteModule: Local module descriptor class for com.google.android.gms.ads.dynamite not found.
11-01 23:00:51.773  7548  8018 W DynamiteModule: Local module descriptor class for com.google.android.gms.ads.dynamite not found.
11-01 23:00:51.821  7548  7548 I Choreographer: Skipped 31 frames!  The application may be doing too much work on its main thread.
11-01 23:00:51.945  8002  8002 I dex2oat : dex2oat took 390.225ms (threads: 2) arena alloc=432KB (442800B) java alloc=32KB (33064B) native alloc=354KB (362688B) free=1181KB (1210176B)
11-01 23:00:51.979  8005  8005 I dex2oat : dex2oat took 284.453ms (threads: 2) arena alloc=397KB (407472B) java alloc=55KB (56664B) native alloc=506KB (518608B) free=1029KB (1054256B)
11-01 23:00:52.175  7548  7548 D DynamitePackage: Instantiating com.google.android.gms.ads.ChimeraAdLoaderBuilderCreatorImpl
11-01 23:00:52.180  7548  7548 I Ads     : Use RequestConfiguration.Builder().setTestDeviceIds(Arrays.asList("E975D60B8B6136BB8437A20FB42B8437") to get test ads on this device.
11-01 23:00:52.209  7548  8021 W DynamiteModule: Local module descriptor class for com.google.android.gms.ads.dynamite not found.
11-01 23:00:52.211  7548  8024 W DynamiteModule: Local module descriptor class for com.google.android.gms.ads.dynamite not found.
11-01 23:00:52.213  7548  8024 W DynamiteModule: Local module descriptor class for com.google.android.gms.ads.dynamite not found.
11-01 23:00:52.239  7974  7982 W dex2oat : Verification of com.facebook.ads.redexgen.X.1W com.facebook.ads.redexgen.X.1W.A01(org.json.JSONObject) took 121.815ms
11-01 23:00:52.241  7974  7974 W dex2oat : Verification of void com.facebook.ads.redexgen.X.1O.A02() took 125.367ms
11-01 23:00:52.246  8030  8030 I dex2oat : /system/bin/dex2oat --dex-file=/data/user/0/com.opera.browser/code_cache/.      --oat-fd=289 --oat-location=/data/user/0/com.opera.browser/code_cache/.    --compiler-filter=speed
11-01 23:00:52.251  7796  7796 D MonkeyStub: translateCommand: tap 57 93
11-01 23:00:52.292  5704  5704 I MemoryTrimmer: Trimming objects from memory, since app is in the background.
11-01 23:00:52.478  7974  7974 W dex2oat : Verification of com.facebook.ads.redexgen.X.Dz com.facebook.ads.redexgen.X.1e.A1E(com.facebook.ads.redexgen.X.E5, com.facebook.ads.internal.exoplayer2.Format, boolean) took 145.458ms
11-01 23:00:52.549  7548  7558 W art     : Suspending all threads took: 8.640ms
11-01 23:00:52.560  7974  7982 W dex2oat : Verification of android.media.MediaFormat com.facebook.ads.redexgen.X.1Y.A03(com.facebook.ads.internal.exoplayer2.Format, com.facebook.ads.redexgen.X.J7, boolean, int) took 226.978ms
11-01 23:00:52.696  7548  7558 I art     : Background sticky concurrent mark sweep GC freed 54073(5MB) AllocSpace objects, 38(2MB) LOS objects, 30% free, 16MB/24MB, paused 12.816ms total 376.745ms
11-01 23:00:52.763  7974  7974 W dex2oat : Verification of void com.facebook.ads.redexgen.X.1q.<init>(java.lang.String, com.facebook.ads.redexgen.X.KK, com.facebook.ads.internal.protocol.AdPlacementType, com.facebook.ads.redexgen.X.KI, int) took 100.874ms
11-01 23:00:52.813  8030  8030 I dex2oat : dex2oat took 580.219ms (threads: 2) arena alloc=611KB (626512B) java alloc=97KB (100080B) native alloc=523KB (536384B) free=1524KB (1560768B)
11-01 23:00:52.879  7548  7553 I art     : Do full code cache collection, code=86KB, data=125KB
11-01 23:00:52.901  7548  7553 I art     : Starting a blocking GC JitCodeCache
11-01 23:00:52.902  7548  7553 I art     : After code cache collection, code=65KB, data=65KB
11-01 23:00:53.215  7974  7982 W dex2oat : Verification of void com.facebook.ads.redexgen.X.4k.A0Z(boolean) took 121.748ms
11-01 23:00:53.249  7548  7558 W art     : Suspending all threads took: 10.199ms
11-01 23:00:53.307  7548  7558 I art     : Background partial concurrent mark sweep GC freed 65467(3MB) AllocSpace objects, 8(488KB) LOS objects, 40% free, 16MB/27MB, paused 12.653ms total 267.357ms
11-01 23:00:53.326  7974  7974 W dex2oat : Verification of int com.facebook.ads.redexgen.X.4l.A02(com.facebook.ads.redexgen.X.4h, com.facebook.ads.redexgen.X.4C, android.view.View, android.view.View, com.facebook.ads.redexgen.X.4S, boolean, boolean) took 160.010ms
11-01 23:00:53.557  7974  7974 W dex2oat : Verification of void com.facebook.ads.redexgen.X.67.A07(com.facebook.ads.redexgen.X.Xm, java.lang.String) took 116.740ms
11-01 23:00:53.749  7974  7982 W dex2oat : Verification of void com.facebook.ads.redexgen.X.6H.<clinit>() took 100.356ms
11-01 23:00:53.983  7548  8023 W Ads     : Not retrying to fetch app settings
11-01 23:00:54.002  7974  7982 W dex2oat : Verification of void com.facebook.ads.redexgen.X.8e.<clinit>() took 123.418ms
11-01 23:00:54.020  7548  8021 W Ads     : Not retrying to fetch app settings
11-01 23:00:54.140  7974  7974 W dex2oat : Verification of boolean com.facebook.ads.redexgen.X.8g.A09() took 196.260ms
11-01 23:00:54.203  7548  7558 I art     : Background sticky concurrent mark sweep GC freed 129175(5MB) AllocSpace objects, 16(3MB) LOS objects, 34% free, 17MB/27MB, paused 7.995ms total 211.432ms
11-01 23:00:54.247  7974  7974 W dex2oat : Verification of java.util.Map com.facebook.ads.redexgen.X.9T.A02(com.facebook.ads.redexgen.X.8T) took 106.441ms
11-01 23:00:54.331  7796  7796 D MonkeyStub: translateCommand: tap 446 593
11-01 23:00:54.357 18094 18664 I Ads     : Parental control value is stale. Refreshing.
11-01 23:00:54.369 18094 18664 W Ads     : Play store is not installed or the service for parental controls is not available.
11-01 23:00:54.599  5704  5704 I MemoryTrimmer: Trimming objects from memory, since app is in the background.
11-01 23:00:54.647  7974  7982 W dex2oat : Verification of void com.facebook.ads.redexgen.X.Df.A0E() took 105.081ms
11-01 23:00:54.684 18094  8079 E Ads     : Error waiting for future.
11-01 23:00:54.684 18094  8079 E Ads     : java.util.concurrent.TimeoutException
11-01 23:00:54.684 18094  8079 E Ads     : 	at java.util.concurrent.FutureTask.get(FutureTask.java:177)
11-01 23:00:54.684 18094  8079 E Ads     : 	at com.google.android.gms.ads.nonagon.signals.gmscore.u.call(Unknown Source)
11-01 23:00:54.684 18094  8079 E Ads     : 	at btfw.b(:com.google.android.gms@203915020@20.39.15 (040406-335085812):0)
11-01 23:00:54.684 18094  8079 E Ads     : 	at btex.run(:com.google.android.gms@203915020@20.39.15 (040406-335085812):3)
11-01 23:00:54.684 18094  8079 E Ads     : 	at btfx.run(:com.google.android.gms@203915020@20.39.15 (040406-335085812):0)
11-01 23:00:54.684 18094  8079 E Ads     : 	at sup.b(:com.google.android.gms@203915020@20.39.15 (040406-335085812):12)
11-01 23:00:54.684 18094  8079 E Ads     : 	at sup.run(:com.google.android.gms@203915020@20.39.15 (040406-335085812):7)
11-01 23:00:54.684 18094  8079 E Ads     : 	at java.util.concurrent.ThreadPoolExecutor.runWorker(ThreadPoolExecutor.java:1133)
11-01 23:00:54.684 18094  8079 E Ads     : 	at java.util.concurrent.ThreadPoolExecutor$Worker.run(ThreadPoolExecutor.java:607)
11-01 23:00:54.684 18094  8079 E Ads     : 	at tam.run(:com.google.android.gms@203915020@20.39.15 (040406-335085812):0)
11-01 23:00:54.684 18094  8079 E Ads     : 	at java.lang.Thread.run(Thread.java:761)
11-01 23:00:54.789 18094 18105 W art     : Suspending all threads took: 100.383ms
11-01 23:00:54.806 18094 18105 I art     : Background sticky concurrent mark sweep GC freed 12787(745KB) AllocSpace objects, 8(276KB) LOS objects, 12% free, 8MB/9MB, paused 114.964ms total 260.930ms
11-01 23:00:54.818 18094  8082 I Icing   : IndexChimeraService.getServiceInterface callingPackage=com.google.android.gms componentName=null serviceId=30
11-01 23:00:54.821  7548  7558 I art     : Background partial concurrent mark sweep GC freed 116906(4MB) AllocSpace objects, 3(64KB) LOS objects, 39% free, 17MB/28MB, paused 2.381ms total 102.666ms
11-01 23:00:54.822 18094  8083 E Ads     : Error waiting for future.
11-01 23:00:54.822 18094  8083 E Ads     : java.util.concurrent.TimeoutException
11-01 23:00:54.822 18094  8083 E Ads     : 	at java.util.concurrent.FutureTask.get(FutureTask.java:177)
11-01 23:00:54.822 18094  8083 E Ads     : 	at com.google.android.gms.ads.nonagon.signals.gmscore.u.call(Unknown Source)
11-01 23:00:54.822 18094  8083 E Ads     : 	at btfw.b(:com.google.android.gms@203915020@20.39.15 (040406-335085812):0)
11-01 23:00:54.822 18094  8083 E Ads     : 	at btex.run(:com.google.android.gms@203915020@20.39.15 (040406-335085812):3)
11-01 23:00:54.822 18094  8083 E Ads     : 	at btfx.run(:com.google.android.gms@203915020@20.39.15 (040406-335085812):0)
11-01 23:00:54.822 18094  8083 E Ads     : 	at sup.b(:com.google.android.gms@203915020@20.39.15 (040406-335085812):12)
11-01 23:00:54.822 18094  8083 E Ads     : 	at sup.run(:com.google.android.gms@203915020@20.39.15 (040406-335085812):7)
11-01 23:00:54.822 18094  8083 E Ads     : 	at java.util.concurrent.ThreadPoolExecutor.runWorker(ThreadPoolExecutor.java:1133)
11-01 23:00:54.822 18094  8083 E Ads     : 	at java.util.concurrent.ThreadPoolExecutor$Worker.run(ThreadPoolExecutor.java:607)
11-01 23:00:54.822 18094  8083 E Ads     : 	at tam.run(:com.google.android.gms@203915020@20.39.15 (040406-335085812):0)
11-01 23:00:54.822 18094  8083 E Ads     : 	at java.lang.Thread.run(Thread.java:761)
11-01 23:00:54.919 18094  7082 W Icing   : No valid account for uploading user actions
11-01 23:00:54.973 18094  7082 E native  : document-store.cc:1328 Failed to update per-doc-data with usage report
11-01 23:00:54.973 18094  7082 E native  : document-store.cc:1328 Failed to update per-doc-data with usage report
11-01 23:00:55.020 18094  7082 I Icing   : Usage reports ok 1, Failed Usage reports 2, indexed 0, rejected 0
11-01 23:00:55.758 18094 18094 D ApplicationLoaders: ignored Vulkan layer search path /data/app/com.android.chrome-1/lib/arm64:/data/app/com.android.chrome-1/base.apk!/lib/arm64-v8a:/data/app/com.android.chrome-1/split_config.en.apk!/lib/arm64-v8a:/data/app/com.android.chrome-1/split_extra_icu.apk!/lib/arm64-v8a for namespace 0x725365c160
11-01 23:00:55.768 18094 18094 I WebViewFactory: Loading com.android.chrome version 85.0.4183.127 (code 418312773)
11-01 23:00:55.975  7974  7982 W dex2oat : Compilation of com.facebook.ads.redexgen.X.11 com.facebook.ads.redexgen.X.13.A01(com.facebook.ads.redexgen.X.Xn, org.json.JSONObject, java.lang.String, boolean, int, int) took 182.567ms
11-01 23:00:56.150 18094 18094 W ResourceType: ResTable_typeSpec entry count inconsistent: given 67, previously 69
11-01 23:00:56.150 18094 18094 W ResourceType: ResTable_typeSpec entry count inconsistent: given 5346, previously 5347
11-01 23:00:56.194  5704  5704 I MemoryTrimmer: Trimming objects from memory, since app is in the background.
11-01 23:00:56.195 18094 18094 I cr_LibraryLoader: Loaded native library version number "85.0.4183.127"
11-01 23:00:56.213 18094 18094 I cr_CachingUmaRecorder: Flushed 5 samples from 5 histograms.
11-01 23:00:56.267  7974  7974 W dex2oat : Compilation of boolean com.facebook.ads.redexgen.X.1Y.A0U(java.lang.String) took 132.588ms
11-01 23:00:56.311   600   609 I art     : Background partial concurrent mark sweep GC freed 44745(2MB) AllocSpace objects, 6(136KB) LOS objects, 33% free, 14MB/22MB, paused 958us total 122.486ms
11-01 23:00:56.313 18094 18094 W ResourceType: ResTable_typeSpec entry count inconsistent: given 67, previously 69
11-01 23:00:56.313 18094 18094 W ResourceType: ResTable_typeSpec entry count inconsistent: given 5346, previously 5347
11-01 23:00:56.326  7974  7982 W dex2oat : Compilation of int com.facebook.ads.redexgen.X.1e.A1B(com.facebook.ads.redexgen.X.E5, com.facebook.ads.redexgen.X.CL, com.facebook.ads.internal.exoplayer2.Format) took 151.703ms
11-01 23:00:56.583  7796  7796 D MonkeyStub: translateCommand: tap 667 302
11-01 23:00:56.739  7974  7982 W dex2oat : Compilation of int com.facebook.ads.redexgen.X.2f.A02(int[], int, int) took 101.161ms
11-01 23:00:56.985 18094  8115 E libEGL  : validate_display:99 error 3008 (EGL_BAD_DISPLAY)
11-01 23:00:57.312  7974  7974 W dex2oat : Compilation of java.lang.String com.facebook.ads.redexgen.X.2g.A02(int, int, int) took 662.208ms
11-01 23:00:57.346  7548  7548 I Choreographer: Skipped 43 frames!  The application may be doing too much work on its main thread.
11-01 23:00:57.352  7974  7982 W dex2oat : Compilation of void com.facebook.ads.redexgen.X.2m.A04(android.text.SpannableStringBuilder, int, int, int, int, int) took 452.543ms
11-01 23:00:57.531  7974  7974 W dex2oat : Compilation of java.lang.Object com.facebook.ads.redexgen.X.2g.createFromParcel(android.os.Parcel, java.lang.ClassLoader) took 189.104ms
11-01 23:00:57.656  7974  7974 W dex2oat : Compilation of java.lang.Object[] com.facebook.ads.redexgen.X.2g.newArray(int) took 124.975ms
11-01 23:00:57.675  7974  7982 W dex2oat : Compilation of void com.facebook.ads.redexgen.X.2m.A06(com.facebook.ads.redexgen.X.Ih, android.text.SpannableStringBuilder) took 310.135ms
11-01 23:00:57.700  7548  7558 I art     : Background partial concurrent mark sweep GC freed 114837(4MB) AllocSpace objects, 4(96KB) LOS objects, 40% free, 17MB/29MB, paused 3.643ms total 377.423ms
11-01 23:00:57.828  7974  7982 W dex2oat : Compilation of void com.facebook.ads.redexgen.X.2m.A07(java.util.List) took 152.924ms
11-01 23:00:58.008  7974  7974 W dex2oat : Compilation of com.facebook.ads.redexgen.X.Gv com.facebook.ads.redexgen.X.2t.A04(org.xmlpull.v1.XmlPullParser, com.facebook.ads.redexgen.X.Gs) took 194.697ms
11-01 23:00:58.123  7974  7974 W dex2oat : Compilation of com.facebook.ads.redexgen.X.H0 com.facebook.ads.redexgen.X.2t.A06(org.xmlpull.v1.XmlPullParser, com.facebook.ads.redexgen.X.H0) took 114.403ms
11-01 23:00:58.243 18094 18105 W art     : Suspending all threads took: 9.100ms
11-01 23:00:58.268  7974  7974 W dex2oat : Compilation of void com.facebook.ads.redexgen.X.2y.<init>(com.facebook.ads.redexgen.X.Bc) took 109.139ms
11-01 23:00:58.274 18094 18105 I art     : Background sticky concurrent mark sweep GC freed 28804(2MB) AllocSpace objects, 11(212KB) LOS objects, 4% free, 12MB/13MB, paused 12.236ms total 117.359ms
11-01 23:00:58.416  7974  7982 W dex2oat : Compilation of void com.facebook.ads.redexgen.X.30.A07() took 113.471ms
11-01 23:00:58.430 18094 18105 I art     : Background partial concurrent mark sweep GC freed 5265(736KB) AllocSpace objects, 2(40KB) LOS objects, 40% free, 13MB/22MB, paused 10.044ms total 131.589ms
11-01 23:00:58.490  7974  7974 W dex2oat : Compilation of void com.facebook.ads.redexgen.X.3F.<init>(int, com.facebook.ads.redexgen.X.E5, com.facebook.ads.redexgen.X.CL, boolean) took 124.109ms
11-01 23:00:58.569  7974  7982 W dex2oat : Compilation of void com.facebook.ads.redexgen.X.30.A09() took 137.994ms
11-01 23:00:58.615 18094 18475 I Ads     : SDK version: afma-sdk-a-v203404999.202510000.1
11-01 23:00:58.624 18094 18475 I Ads     : HTTP timeout: 60000 milliseconds.
11-01 23:00:58.770 18094  8079 I Ads     : SDK version: afma-sdk-a-v203404999.202510000.1
11-01 23:00:58.776 18094  8079 I Ads     : HTTP timeout: 60000 milliseconds.
11-01 23:00:58.787  7974  7982 W dex2oat : Compilation of void com.facebook.ads.redexgen.X.3L.A0E(int) took 107.482ms
11-01 23:00:58.814  7974  7974 W dex2oat : Compilation of void com.facebook.ads.redexgen.X.3F.A0f() took 230.742ms
11-01 23:00:58.947 18094 18105 I art     : Background sticky concurrent mark sweep GC freed 184077(5MB) AllocSpace objects, 5(80KB) LOS objects, 12% free, 19MB/22MB, paused 3.288ms total 178.864ms
11-01 23:00:59.193  7548  7976 W DynamiteModule: Local module descriptor class for com.google.android.gms.ads.dynamite not found.
11-01 23:00:59.211  7548  8018 I Ads     : Ad failed to load : 3
11-01 23:00:59.657  7796  7796 D MonkeyStub: translateCommand: tap 1286 930
11-01 23:00:59.670  7974  7982 W dex2oat : Compilation of void com.facebook.ads.redexgen.X.4j.run() took 134.012ms
11-01 23:00:59.847 18094  8082 W GmsStrictMode: LEAKED_CLOSABLE [CONTEXT service_id=256 ]
11-01 23:00:59.847 18094  8082 W GmsStrictMode: rvo: LEAKED_CLOSABLE
11-01 23:00:59.847 18094  8082 W GmsStrictMode: 	at dalvik.system.VMStack.getThreadStackTrace(Native Method)
11-01 23:00:59.847 18094  8082 W GmsStrictMode: 	at java.lang.Thread.getStackTrace(Thread.java:1566)
11-01 23:00:59.847 18094  8082 W GmsStrictMode: 	at bhdb.containsKey(:com.google.android.gms@203915020@20.39.15 (040406-335085812):1)
11-01 23:00:59.847 18094  8082 W GmsStrictMode: 	at android.os.StrictMode.onVmPolicyViolation(StrictMode.java:1867)
11-01 23:00:59.847 18094  8082 W GmsStrictMode: 	at android.os.StrictMode.onVmPolicyViolation(StrictMode.java:1844)
11-01 23:00:59.847 18094  8082 W GmsStrictMode: 	at android.os.StrictMode$AndroidCloseGuardReporter.report(StrictMode.java:1590)
11-01 23:00:59.847 18094  8082 W GmsStrictMode: 	at dalvik.system.CloseGuard.warnIfOpen(CloseGuard.java:208)
11-01 23:00:59.847 18094  8082 W GmsStrictMode: 	at android.os.ParcelFileDescriptor.finalize(ParcelFileDescriptor.java:935)
11-01 23:00:59.847 18094  8082 W GmsStrictMode: 	at java.lang.Daemons$FinalizerDaemon.doFinalize(Daemons.java:222)
11-01 23:00:59.847 18094  8082 W GmsStrictMode: 	at java.lang.Daemons$FinalizerDaemon.run(Daemons.java:209)
11-01 23:00:59.847 18094  8082 W GmsStrictMode: 	at java.lang.Thread.run(Thread.java:761)
