--------- beginning of main
11-01 12:16:57.224  4296  4296 D AndroidRuntime: >>>>>> START com.android.internal.os.RuntimeInit uid 2000 <<<<<<
11-01 12:16:57.227  4296  4296 D AndroidRuntime: CheckJNI is OFF
11-01 12:16:57.291  4296  4296 D ICU     : No timezone override file found: /data/misc/zoneinfo/current/icu/icu_tzdata.dat
11-01 12:16:57.320  4296  4296 I Radio-JNI: register_android_hardware_Radio DONE
11-01 12:16:57.335  4296  4296 D AndroidRuntime: Calling main entry com.android.commands.am.Am
--------- beginning of system
11-01 12:16:57.352   600   819 I ActivityManager: Force stopping com.opera.browser appid=10122 user=0: from pid 4296
11-01 12:16:57.362  1058  1058 D RegisteredNfcFServicesCache: Service unchanged, not updating
11-01 12:16:57.610   600   610 I ActivityManager: START u0 {act=android.intent.action.VIEW flg=0x10008000 cmp=com.opera.browser/com.opera.Opera} from uid 2000 on display 0
11-01 12:16:57.641  4296  4296 D AndroidRuntime: Shutting down VM
11-01 12:16:57.661   600   819 I ActivityManager: Start proc 4306:com.opera.browser/u0a122 for activity com.opera.browser/com.opera.Opera
11-01 12:16:57.753  4306  4306 I art     : Starting a blocking GC AddRemoveAppImageSpace
11-01 12:16:57.780  4306  4306 I LoadedApk: No resource references to update in package com.opera.browser.nord_vpn
11-01 12:16:57.886  4306  4343 D NetworkSecurityConfig: Using Network Security Config from resource network_security_config_official_build debugBuild: false
11-01 12:16:57.891  4306  4306 I art     : Rejecting re-init on previously-failed class java.lang.Class<com.opera.android.job.a$j>: java.lang.NoClassDefFoundError: Failed resolution of: Landroid/app/job/JobServiceEngine;
11-01 12:16:57.891  4306  4306 I art     :   at void com.opera.android.OperaApplication.onCreate() (SourceFile:52)
11-01 12:16:57.891  4306  4306 I art     :   at void android.app.Instrumentation.callApplicationOnCreate(android.app.Application) (Instrumentation.java:1024)
11-01 12:16:57.891  4306  4306 I art     :   at void android.app.ActivityThread.handleBindApplication(android.app.ActivityThread$AppBindData) (ActivityThread.java:5403)
11-01 12:16:57.891  4306  4306 I art     :   at void android.app.ActivityThread.-wrap2(android.app.ActivityThread, android.app.ActivityThread$AppBindData) (ActivityThread.java:-1)
11-01 12:16:57.891  4306  4306 I art     :   at void android.app.ActivityThread$H.handleMessage(android.os.Message) (ActivityThread.java:1545)
11-01 12:16:57.891  4306  4306 I art     :   at void android.os.Handler.dispatchMessage(android.os.Message) (Handler.java:102)
11-01 12:16:57.891  4306  4306 I art     :   at void android.os.Looper.loop() (Looper.java:154)
11-01 12:16:57.891  4306  4306 I art     :   at void android.app.ActivityThread.main(java.lang.String[]) (ActivityThread.java:6119)
11-01 12:16:57.891  4306  4306 I art     :   at java.lang.Object java.lang.reflect.Method.invoke!(java.lang.Object, java.lang.Object[]) (Method.java:-2)
11-01 12:16:57.891  4306  4306 I art     :   at void com.android.internal.os.ZygoteInit$MethodAndArgsCaller.run() (ZygoteInit.java:886)
11-01 12:16:57.891  4306  4306 I art     :   at void com.android.internal.os.ZygoteInit.main(java.lang.String[]) (ZygoteInit.java:776)
11-01 12:16:57.891  4306  4306 I art     : Caused by: java.lang.ClassNotFoundException: Didn't find class "android.app.job.JobServiceEngine" on path: DexPathList[[zip file "/data/app/com.opera.browser-1/base.apk"],nativeLibraryDirectories=[/data/app/com.opera.browser-1/lib/arm, /data/app/com.opera.browser-1/base.apk!/lib/armeabi-v7a, /system/lib, /vendor/lib]]
11-01 12:16:57.891  4306  4306 I art     :   at java.lang.Class dalvik.system.BaseDexClassLoader.findClass(java.lang.String) (BaseDexClassLoader.java:56)
11-01 12:16:57.891  4306  4306 I art     :   at java.lang.Class java.lang.ClassLoader.loadClass(java.lang.String, boolean) (ClassLoader.java:380)
11-01 12:16:57.891  4306  4306 I art     :   at java.lang.Class java.lang.ClassLoader.loadClass(java.lang.String) (ClassLoader.java:312)
11-01 12:16:57.891  4306  4306 I art     :   at void com.opera.android.OperaApplication.onCreate() (SourceFile:52)
11-01 12:16:57.891  4306  4306 I art     :   at void android.app.Instrumentation.callApplicationOnCreate(android.app.Application) (Instrumentation.java:1024)
11-01 12:16:57.891  4306  4306 I art     :   at void android.app.ActivityThread.handleBindApplication(android.app.ActivityThread$AppBindData) (ActivityThread.java:5403)
11-01 12:16:57.891  4306  4306 I art     :   at void android.app.ActivityThread.-wrap2(android.app.ActivityThread, android.app.ActivityThread$AppBindData) (ActivityThread.java:-1)
11-01 12:16:57.891  4306  4306 I art     :   at void android.app.ActivityThread$H.handleMessage(android.os.Message) (ActivityThread.java:1545)
11-01 12:16:57.891  4306  4306 I art     :   at void android.os.Handler.dispatchMessage(android.os.Message) (Handler.java:102)
11-01 12:16:57.891  4306  4306 I art     :   at void android.os.Looper.loop() (Looper.java:154)
11-01 12:16:57.891  4306  4306 I art     :   at void android.app.ActivityThread.main(java.lang.String[]) (ActivityThread.java:6119)
11-01 12:16:57.891  4306  4306 I art     :   at java.lang.Object java.lang.reflect.Method.invoke!(java.lang.Object, java.lang.Object[]) (Method.java:-2)
11-01 12:16:57.891  4306  4306 I art     :   at void com.android.internal.os.ZygoteInit$MethodAndArgsCaller.run() (ZygoteInit.java:886)
11-01 12:16:57.891  4306  4306 I art     :   at void com.android.internal.os.ZygoteInit.main(java.lang.String[]) (ZygoteInit.java:776)
11-01 12:16:57.891  4306  4306 I art     : 
11-01 12:16:58.073  4306  4316 I art     : Background sticky concurrent mark sweep GC freed 23637(1377KB) AllocSpace objects, 11(220KB) LOS objects, 16% free, 5MB/6MB, paused 4.083ms total 123.541ms
11-01 12:16:58.128   600   611 I ActivityManager: START u0 {act=android.intent.action.VIEW flg=0x10008000 cmp=com.opera.browser/com.opera.android.startup.WelcomeActivity} from uid 10122 on display 0
11-01 12:16:58.149   600  1485 W ActivityManager: Duplicate finish request for ActivityRecord{fd593e6 u0 com.opera.browser/com.opera.Opera t1104 f}
11-01 12:16:58.435  4306  4417 I OpenGLRenderer: Initialized EGL, version 1.4
11-01 12:16:58.435  4306  4417 D OpenGLRenderer: Swap behavior 2
11-01 12:16:58.499   600   609 I art     : Background partial concurrent mark sweep GC freed 94660(3MB) AllocSpace objects, 19(428KB) LOS objects, 33% free, 13MB/20MB, paused 876us total 267.821ms
11-01 12:16:58.664  4306  4357 I FA      : App measurement initialized, version: 43042
11-01 12:16:58.664  4306  4357 I FA      : To enable debug logging run: adb shell setprop log.tag.FA VERBOSE
11-01 12:16:58.664  4306  4357 I FA      : To enable faster debug mode event logging run:
11-01 12:16:58.664  4306  4357 I FA      :   adb shell setprop debug.firebase.analytics.app com.opera.browser
11-01 12:16:58.786   600   620 I ActivityManager: Displayed com.opera.browser/com.opera.android.startup.WelcomeActivity: +626ms (total +1s146ms)
11-01 12:16:58.826  4306  4316 I art     : Background sticky concurrent mark sweep GC freed 27412(1808KB) AllocSpace objects, 9(180KB) LOS objects, 25% free, 5MB/7MB, paused 5.124ms total 55.068ms
11-01 12:16:58.907   600  1483 I ActivityManager: Start proc 4447:com.opera.browser:privileged_process0/u0a122 for service com.opera.browser/com.opera.android.browser.chromium.services.PrivilegedProcessService0
11-01 12:16:58.912  4306  4435 W chromium: [WARNING:op_site_scripts.cc(424)] Failed to map /data/user/0/com.opera.browser/app_opera/sjs
11-01 12:16:58.991  4447  4447 I art     : Starting a blocking GC AddRemoveAppImageSpace
11-01 12:16:59.020  4447  4447 I LoadedApk: No resource references to update in package com.opera.browser.nord_vpn
11-01 12:16:59.083   600   620 W WindowManager: Failed looking up window
11-01 12:16:59.083   600   620 W WindowManager: java.lang.IllegalArgumentException: Requested window android.view.ViewRootImpl$W@979aa1f does not exist
11-01 12:16:59.083   600   620 W WindowManager: 	at com.android.server.wm.WindowManagerService.windowForClientLocked(WindowManagerService.java:9422)
11-01 12:16:59.083   600   620 W WindowManager: 	at com.android.server.wm.WindowManagerService.windowForClientLocked(WindowManagerService.java:9413)
11-01 12:16:59.083   600   620 W WindowManager: 	at com.android.server.wm.WindowManagerService.removeWindow(WindowManagerService.java:2393)
11-01 12:16:59.083   600   620 W WindowManager: 	at com.android.server.wm.Session.remove(Session.java:202)
11-01 12:16:59.083   600   620 W WindowManager: 	at android.view.ViewRootImpl.dispatchDetachedFromWindow(ViewRootImpl.java:3290)
11-01 12:16:59.083   600   620 W WindowManager: 	at android.view.ViewRootImpl.doDie(ViewRootImpl.java:5917)
11-01 12:16:59.083   600   620 W WindowManager: 	at android.view.ViewRootImpl$ViewRootHandler.handleMessage(ViewRootImpl.java:3626)
11-01 12:16:59.083   600   620 W WindowManager: 	at android.os.Handler.dispatchMessage(Handler.java:102)
11-01 12:16:59.083   600   620 W WindowManager: 	at android.os.Looper.loop(Looper.java:154)
11-01 12:16:59.083   600   620 W WindowManager: 	at android.os.HandlerThread.run(HandlerThread.java:61)
11-01 12:16:59.083   600   620 W WindowManager: 	at com.android.server.ServiceThread.run(ServiceThread.java:46)
11-01 12:16:59.155   785  4004 W Conscrypt: Could not set socket write timeout: java.net.SocketException: Socket closed
11-01 12:16:59.178  4447  4463 E libEGL  : validate_display:99 error 3008 (EGL_BAD_DISPLAY)
11-01 12:16:59.273   785  4004 W Conscrypt: 	at com.google.android.gms.org.conscrypt.Platform.setSocketWriteTimeout(:com.google.android.gms@203915020@20.39.15 (040406-335085812):2)
11-01 12:16:59.273   785  4004 W Conscrypt: 	at com.google.android.gms.org.conscrypt.ConscryptFileDescriptorSocket.setSoWriteTimeout(:com.google.android.gms@203915020@20.39.15 (040406-335085812):0)
11-01 12:16:59.292  1129  1147 W SearchService: Abort, client detached.
11-01 12:16:59.310  1129  4197 I DeviceStateChecker: DeviceStateChecker cancelled
11-01 12:16:59.314  1129  1129 I MicroDetector: Keeping mic open: false
11-01 12:16:59.314  1129  2803 I AudioController: internalShutdown
11-01 12:16:59.314  1129  2803 I MicrophoneInputStream: mic_close com.google.android.apps.gsa.speech.audio.ae@6a01300
11-01 12:16:59.315  1129  1220 I MicroRecognitionRunner: Stopping hotword detection.
11-01 12:16:59.325   785  4004 W Conscrypt: Could not set socket write timeout: java.net.SocketException: Socket closed
11-01 12:16:59.325   785  4004 W Conscrypt: 	at com.google.android.gms.org.conscrypt.Platform.setSocketWriteTimeout(:com.google.android.gms@203915020@20.39.15 (040406-335085812):2)
11-01 12:16:59.325   785  4004 W Conscrypt: 	at com.google.android.gms.org.conscrypt.ConscryptFileDescriptorSocket.setSoWriteTimeout(:com.google.android.gms@203915020@20.39.15 (040406-335085812):0)
11-01 12:16:59.336   238   286 I SoundTriggerHwService::Module: void android::SoundTriggerHwService::Module::onCallbackEvent(const sp<android::SoundTriggerHwService::CallbackEvent> &) mClient == 0
11-01 12:16:59.374  4447  4463 E libEGL  : validate_display:99 error 3008 (EGL_BAD_DISPLAY)
11-01 12:16:59.400  1129  4198 I MicroRecognitionRunner: Detection finished
11-01 12:16:59.499  4306  4357 I FA      : Tag Manager is not found and thus will not be used
11-01 12:16:59.654   785  4007 W NetworkScheduler: Error inserting service_kind=0 source=16 tag=Measurement.PackageMeasurementTaskService.UPLOAD_TASK_TAG target_package=com.google.android.gms requires_charging=0 source_version=203915000 required_network_type=0 flex_time=3449000 persistence_level=1 target_class=com.google.android.gms.measurement.PackageMeasurementTaskService runtime=1667301419643 retry_strategy={"maximum_backoff_seconds":{"3600":0},"initial_backoff_seconds":{"30":0},"retry_policy":{"0":0}} preferred_network_type=1 required_idleness_state=0 preferred_charging_state=1 period=6899000 last_runtime=0 task_type=0 job_id=-1 user_id=0, error message: UNIQUE constraint failed: pending_ops.tag, pending_ops.target_class, pending_ops.target_package, pending_ops.user_id (code 2067) [CONTEXT service_id=218 ]
11-01 12:16:59.700   785  4497 W NetworkScheduler: Error inserting service_kind=0 source=16 tag=Measurement.PackageMeasurementTaskService.UPLOAD_TASK_TAG target_package=com.google.android.gms requires_charging=0 source_version=203915000 required_network_type=0 flex_time=3448000 persistence_level=1 target_class=com.google.android.gms.measurement.PackageMeasurementTaskService runtime=1667301419695 retry_strategy={"maximum_backoff_seconds":{"3600":0},"initial_backoff_seconds":{"30":0},"retry_policy":{"0":0}} preferred_network_type=1 required_idleness_state=0 preferred_charging_state=1 period=6898000 last_runtime=0 task_type=0 job_id=-1 user_id=0, error message: UNIQUE constraint failed: pending_ops.tag, pending_ops.target_class, pending_ops.target_package, pending_ops.user_id (code 2067) [CONTEXT service_id=218 ]
11-01 12:16:59.718   785  2358 W NetworkScheduler: Error inserting service_kind=0 source=16 tag=Measurement.PackageMeasurementTaskService.UPLOAD_TASK_TAG target_package=com.google.android.gms requires_charging=0 source_version=203915000 required_network_type=0 flex_time=3448000 persistence_level=1 target_class=com.google.android.gms.measurement.PackageMeasurementTaskService runtime=1667301419716 retry_strategy={"maximum_backoff_seconds":{"3600":0},"initial_backoff_seconds":{"30":0},"retry_policy":{"0":0}} preferred_network_type=1 required_idleness_state=0 preferred_charging_state=1 period=6898000 last_runtime=0 task_type=0 job_id=-1 user_id=0, error message: UNIQUE constraint failed: pending_ops.tag, pending_ops.target_class, pending_ops.target_package, pending_ops.user_id (code 2067) [CONTEXT service_id=218 ]
11-01 12:17:03.259  4306  4306 I PlayCore: UID: [10122]  PID: [4306] AppUpdateListenerRegistry : registerListener
11-01 12:17:03.261  4306  4306 I PlayCore: UID: [10122]  PID: [4306] AppUpdateService : requestUpdateInfo(com.opera.browser)
11-01 12:17:03.264  4306  4526 I PlayCore: UID: [10122]  PID: [4306] AppUpdateService : Initiate binding to the service.
11-01 12:17:03.265   600  1068 W ActivityManager: Unable to start service Intent { act=com.google.android.play.core.install.BIND_UPDATE_SERVICE pkg=com.android.vending } U=0: not found
11-01 12:17:03.265  4306  4526 I PlayCore: UID: [10122]  PID: [4306] AppUpdateService : Failed to bind to the service.
11-01 12:17:03.333  4306  4528 D ApplicationLoaders: ignored Vulkan layer search path /data/app/com.google.android.gms-1/lib/arm:/data/app/com.google.android.gms-1/base.apk!/lib/armeabi-v7a:/data/app/com.google.android.gms-1/split_config.en.apk!/lib/armeabi-v7a for namespace 0xf7270090
11-01 12:17:03.335  4306  4528 W ResourceType: ResTable_typeSpec entry count inconsistent: given 67, previously 69
11-01 12:17:03.335  4306  4528 W ResourceType: ResTable_typeSpec entry count inconsistent: given 5346, previously 5347
11-01 12:17:03.771   600   612 D SyncManager: failed sync operation JobId: 108392, com.opera.browser u0 (com.opera.browser.ping), com.opera.browser.ping.provider, SERVER, reason: 10122, SyncResult: delayUntil: 1667308623 stats [ numIoExceptions: 1]
11-01 12:17:09.341   600   647 I WifiHAL : Got channel list with 13 channels
11-01 12:17:09.343   600   647 I WifiHAL : Got channel list with 4 channels
11-01 12:17:09.344   600   647 I WifiHAL : Got channel list with 15 channels
11-01 12:17:10.871  4557  4557 D AndroidRuntime: >>>>>> START com.android.internal.os.RuntimeInit uid 2000 <<<<<<
11-01 12:17:10.875  4557  4557 D AndroidRuntime: CheckJNI is OFF
11-01 12:17:10.939  4557  4557 D ICU     : No timezone override file found: /data/misc/zoneinfo/current/icu/icu_tzdata.dat
11-01 12:17:10.971  4557  4557 I Radio-JNI: register_android_hardware_Radio DONE
11-01 12:17:10.986  4557  4557 D AndroidRuntime: Calling main entry com.android.commands.monkey.Monkey
11-01 12:17:11.058   600   613 W BroadcastQueue: Skipping deliver [background] BroadcastRecord{c476c38 u-1 android.net.conn.CONNECTIVITY_CHANGE} to ReceiverList{8b25411 4557 (unknown name)/2000/u-1 remote:e58ecaa}: process crashing
11-01 12:17:12.649  4557  4557 D MonkeyStub: translateCommand: wake
11-01 12:17:12.768  4557  4557 D MonkeyStub: translateCommand: tap 960 1881
11-01 12:17:12.835   600  1066 I ActivityManager: START u0 {act=android.intent.action.VIEW flg=0x1000000 cmp=com.opera.browser/com.opera.android.IntentDispatcherActivity} from uid 10122 on display 0
11-01 12:17:12.981   600  1666 I ActivityManager: START u0 {act=android.intent.action.VIEW flg=0x15002000 cmp=com.opera.browser/com.opera.android.BrowserActivity} from uid 10122 on display 0
11-01 12:17:13.073   600   609 I art     : Background partial concurrent mark sweep GC freed 66709(3MB) AllocSpace objects, 48(1512KB) LOS objects, 33% free, 13MB/20MB, paused 1.364ms total 131.281ms
11-01 12:17:13.293   600  1484 D DnsEventListenerService: Logging 100 results for netId 100
11-01 12:17:13.436  4306  4602 W ResourceType: ResTable_typeSpec entry count inconsistent: given 67, previously 69
11-01 12:17:13.436  4306  4602 W ResourceType: ResTable_typeSpec entry count inconsistent: given 5346, previously 5347
11-01 12:17:13.506  4306  4574 E [Leanplum][ERROR]: No variable values were received from the server. Please contact us to investigate.
11-01 12:17:13.577   600   620 I ActivityManager: Displayed com.opera.browser/com.opera.android.BrowserActivity: +547ms (total +675ms)
11-01 12:17:13.604   600  1666 I CwMcuSensor: CwMcuSensor::flush: fd = 236, sensors_id = 0, path = /sys/class/htc_sensorhub/sensor_hub/flush, err = 0
11-01 12:17:13.619  1075  1164 W OpenGLRenderer: Incorrectly called buildLayer on View: ShortcutAndWidgetContainer, destroying layer...
11-01 12:17:13.624  4306  4417 D OpenGLRenderer: endAllActiveAnimators on 0xd593bc00 (RippleDrawable) with handle 0xccbfbc90
11-01 12:17:13.724   785  4007 W NetworkScheduler: Error inserting service_kind=0 source=16 tag=Measurement.PackageMeasurementTaskService.UPLOAD_TASK_TAG target_package=com.google.android.gms requires_charging=0 source_version=203915000 required_network_type=0 flex_time=3434000 persistence_level=1 target_class=com.google.android.gms.measurement.PackageMeasurementTaskService runtime=1667301433719 retry_strategy={"maximum_backoff_seconds":{"3600":0},"initial_backoff_seconds":{"30":0},"retry_policy":{"0":0}} preferred_network_type=1 required_idleness_state=0 preferred_charging_state=1 period=6870000 last_runtime=0 task_type=0 job_id=-1 user_id=0, error message: UNIQUE constraint failed: pending_ops.tag, pending_ops.target_class, pending_ops.target_package, pending_ops.user_id (code 2067) [CONTEXT service_id=218 ]
11-01 12:17:13.818   785  4007 W NetworkScheduler: Error inserting service_kind=0 source=16 tag=Measurement.PackageMeasurementTaskService.UPLOAD_TASK_TAG target_package=com.google.android.gms requires_charging=0 source_version=203915000 required_network_type=0 flex_time=3434000 persistence_level=1 target_class=com.google.android.gms.measurement.PackageMeasurementTaskService runtime=1667301433811 retry_strategy={"maximum_backoff_seconds":{"3600":0},"initial_backoff_seconds":{"30":0},"retry_policy":{"0":0}} preferred_network_type=1 required_idleness_state=0 preferred_charging_state=1 period=6870000 last_runtime=0 task_type=0 job_id=-1 user_id=0, error message: UNIQUE constraint failed: pending_ops.tag, pending_ops.target_class, pending_ops.target_package, pending_ops.user_id (code 2067) [CONTEXT service_id=218 ]
11-01 12:17:13.941  4306  4316 I art     : Background sticky concurrent mark sweep GC freed 46756(3MB) AllocSpace objects, 43(860KB) LOS objects, 35% free, 8MB/12MB, paused 7.179ms total 83.395ms
11-01 12:17:14.144  4306  4311 I art     : Do partial code cache collection, code=18KB, data=30KB
11-01 12:17:14.145  4306  4311 I art     : After code cache collection, code=18KB, data=30KB
11-01 12:17:14.146  4306  4311 I art     : Increasing code cache capacity to 128KB
11-01 12:17:14.199  4306  4645 W ResourceType: ResTable_typeSpec entry count inconsistent: given 67, previously 69
11-01 12:17:14.199  4306  4645 W ResourceType: ResTable_typeSpec entry count inconsistent: given 5346, previously 5347
11-01 12:17:14.281  4306  4306 E Sensors : sendAck failure -1 1
11-01 12:17:14.282  4306  4306 E Sensors : sendAck failure -1 1
11-01 12:17:14.282  4306  4306 E Sensors : sendAck failure -1 2
11-01 12:17:14.282  4306  4306 E Sensors : sendAck failure -1 3
11-01 12:17:14.282  4306  4306 E Sensors : sendAck failure -1 4
11-01 12:17:14.282  4306  4306 E Sensors : sendAck failure -1 5
11-01 12:17:14.282  4306  4306 E Sensors : sendAck failure -1 6
11-01 12:17:14.282  4306  4306 E Sensors : sendAck failure -1 7
11-01 12:17:14.282  4306  4306 E Sensors : sendAck failure -1 8
11-01 12:17:14.282  4306  4306 E Sensors : sendAck failure -1 9
11-01 12:17:14.282  4306  4306 E Sensors : sendAck failure -1 10
11-01 12:17:14.282  4306  4306 E Sensors : sendAck failure -1 11
11-01 12:17:14.282  4306  4306 E Sensors : sendAck failure -1 12
11-01 12:17:14.282  4306  4306 E Sensors : sendAck failure -1 13
11-01 12:17:14.282  4306  4306 E Sensors : sendAck failure -1 14
11-01 12:17:14.282  4306  4306 E Sensors : sendAck failure -1 15
11-01 12:17:14.282  4306  4306 E Sensors : sendAck failure -1 16
11-01 12:17:14.282  4306  4306 E Sensors : sendAck failure -1 17
11-01 12:17:14.282  4306  4306 E Sensors : sendAck failure -1 18
11-01 12:17:14.282  4306  4306 E Sensors : sendAck failure -1 19
11-01 12:17:14.282  4306  4306 E Sensors : sendAck failure -1 20
11-01 12:17:14.282  4306  4306 E Sensors : sendAck failure -1 21
11-01 12:17:14.282  4306  4306 E Sensors : sendAck failure -1 22
11-01 12:17:14.282  4306  4306 E Sensors : sendAck failure -1 23
11-01 12:17:14.282  4306  4306 I Choreographer: Skipped 38 frames!  The application may be doing too much work on its main thread.
11-01 12:17:14.446  4306  4306 W View    : requestLayout() improperly called by com.opera.android.custom_views.FadingRecyclerView{708c1c1 VFED.V... ......ID 0,813-1536,813 #7f0a0825 app:id/suggested_dials_grid} during layout: running second layout pass
11-01 12:17:14.510  4306  4316 I art     : Background sticky concurrent mark sweep GC freed 37995(2MB) AllocSpace objects, 34(680KB) LOS objects, 12% free, 11MB/12MB, paused 5.235ms total 119.010ms
11-01 12:17:14.718  4306  4316 I art     : Background partial concurrent mark sweep GC freed 30791(1631KB) AllocSpace objects, 7(240KB) LOS objects, 39% free, 10MB/17MB, paused 5.973ms total 199.623ms
11-01 12:17:15.016  4671  4671 I dex2oat : /system/bin/dex2oat --dex-file=/data/user/0/com.opera.browser/code_cache/.     ​ --oat-fd=196 --oat-location=/data/user/0/com.opera.browser/code_cache/.     --compiler-filter=speed
11-01 12:17:15.079   785   797 W art     : Suspending all threads took: 45.894ms
11-01 12:17:15.120   785   797 I art     : Background partial concurrent mark sweep GC freed 74205(4MB) AllocSpace objects, 5(128KB) LOS objects, 39% free, 10MB/17MB, paused 46.645ms total 223.971ms
11-01 12:17:15.124   785   795 W SQLiteConnectionPool: A SQLiteConnection object for database '/data/user/0/com.google.android.gms/databases/metadata.db' was leaked!  Please fix your application to end transactions in progress properly and to close the database when it is no longer needed.
11-01 12:17:15.393   785  1234 W GmsStrictMode: LEAKED_CLOSABLE [CONTEXT service_id=256 ]
11-01 12:17:15.393   785  1234 W GmsStrictMode: rvo: LEAKED_CLOSABLE
11-01 12:17:15.393   785  1234 W GmsStrictMode: 	at dalvik.system.VMStack.getThreadStackTrace(Native Method)
11-01 12:17:15.393   785  1234 W GmsStrictMode: 	at java.lang.Thread.getStackTrace(Thread.java:1566)
11-01 12:17:15.393   785  1234 W GmsStrictMode: 	at bhdb.containsKey(:com.google.android.gms@203915020@20.39.15 (040406-335085812):1)
11-01 12:17:15.393   785  1234 W GmsStrictMode: 	at android.os.StrictMode.onVmPolicyViolation(StrictMode.java:1867)
11-01 12:17:15.393   785  1234 W GmsStrictMode: 	at android.os.StrictMode.onVmPolicyViolation(StrictMode.java:1844)
11-01 12:17:15.393   785  1234 W GmsStrictMode: 	at android.os.StrictMode$AndroidCloseGuardReporter.report(StrictMode.java:1590)
11-01 12:17:15.393   785  1234 W GmsStrictMode: 	at dalvik.system.CloseGuard.warnIfOpen(CloseGuard.java:208)
11-01 12:17:15.393   785  1234 W GmsStrictMode: 	at android.database.sqlite.SQLiteConnection.dispose(SQLiteConnection.java:231)
11-01 12:17:15.393   785  1234 W GmsStrictMode: 	at android.database.sqlite.SQLiteConnection.finalize(SQLiteConnection.java:180)
11-01 12:17:15.393   785  1234 W GmsStrictMode: 	at java.lang.Daemons$FinalizerDaemon.doFinalize(Daemons.java:222)
11-01 12:17:15.393   785  1234 W GmsStrictMode: 	at java.lang.Daemons$FinalizerDaemon.run(Daemons.java:209)
11-01 12:17:15.393   785  1234 W GmsStrictMode: 	at java.lang.Thread.run(Thread.java:761)
11-01 12:17:15.468  4671  4678 W dex2oat : Compilation of void com.appsflyer.internal.a$$.<init>(java.lang.Object, boolean) took 108.225ms
11-01 12:17:15.496  4306  4316 I art     : Background sticky concurrent mark sweep GC freed 50431(3MB) AllocSpace objects, 32(1472KB) LOS objects, 24% free, 13MB/17MB, paused 2.416ms total 202.145ms
11-01 12:17:15.667  4671  4671 I dex2oat : dex2oat took 652.651ms (threads: 2) arena alloc=432KB (442800B) java alloc=32KB (33064B) native alloc=354KB (362688B) free=1181KB (1210176B)
11-01 12:17:15.888  4684  4684 I dex2oat : /system/bin/dex2oat --dex-file=/data/user/0/com.opera.browser/code_cache/.      --oat-fd=169 --oat-location=/data/user/0/com.opera.browser/code_cache/.    --compiler-filter=speed
11-01 12:17:15.922  4306  4311 I art     : Do partial code cache collection, code=38KB, data=62KB
11-01 12:17:15.965  4306  4316 I art     : Background partial concurrent mark sweep GC freed 42224(3MB) AllocSpace objects, 28(2MB) LOS objects, 40% free, 13MB/22MB, paused 3.724ms total 170.468ms
11-01 12:17:16.009  4306  4311 I art     : After code cache collection, code=37KB, data=62KB
11-01 12:17:16.009  4306  4311 I art     : Increasing code cache capacity to 256KB
11-01 12:17:16.264  4684  4684 I dex2oat : dex2oat took 416.790ms (threads: 2) arena alloc=611KB (626472B) java alloc=109KB (112048B) native alloc=523KB (536456B) free=1524KB (1560696B)
11-01 12:17:16.626  4306  4316 I art     : Background partial concurrent mark sweep GC freed 130272(6MB) AllocSpace objects, 14(1056KB) LOS objects, 39% free, 13MB/22MB, paused 1.435ms total 113.700ms
11-01 12:17:16.882  4557  4557 D MonkeyStub: translateCommand: tap 57 93
11-01 12:17:19.139  4557  4557 D MonkeyStub: translateCommand: tap 57 93
11-01 12:17:21.392  4557  4557 D MonkeyStub: translateCommand: tap 446 593
11-01 12:17:23.849  4557  4557 D MonkeyStub: translateCommand: tap 667 302
11-01 12:17:24.054  4306  4311 I art     : Do full code cache collection, code=80KB, data=125KB
11-01 12:17:24.055  4306  4311 I art     : Starting a blocking GC JitCodeCache
11-01 12:17:24.056  4306  4311 I art     : After code cache collection, code=62KB, data=68KB
11-01 12:17:24.473  4306  4311 I art     : Do partial code cache collection, code=67KB, data=78KB
11-01 12:17:24.473  4306  4311 I art     : After code cache collection, code=67KB, data=78KB
11-01 12:17:24.473  4306  4311 I art     : Increasing code cache capacity to 512KB
11-01 12:17:27.126  4557  4557 D MonkeyStub: translateCommand: tap 1286 930
11-01 12:17:28.358  4557  4557 D MonkeyStub: translateCommand: tap 62 98
11-01 12:17:28.399  4557  4557 D MonkeyStub: translateCommand: tap 729 89
11-01 12:17:28.410  4557  4557 D MonkeyStub: Quit requested
11-01 12:17:28.426   600   614 I CwMcuSensor: CwMcuSensor::flush: fd = 236, sensors_id = 0, path = /sys/class/htc_sensorhub/sensor_hub/flush, err = 0
11-01 12:17:28.431  4557  4557 I art     : System.exit called, status: 16
11-01 12:17:28.431  4557  4557 I AndroidRuntime: VM exiting with result code 16.
11-01 12:17:28.459   600  1666 W WindowManager: Attempted to remove non-existing token: android.os.Binder@fb12976
11-01 12:17:28.757   600  1484 E BatteryStatsService: power: Missing API
11-01 12:17:28.762   600  1484 E BatteryStatsService: no controller energy info supplied
11-01 12:17:28.763   800   800 E PhoneInterfaceManager: [PhoneIntfMgr] queryModemActivityInfo: Empty response
11-01 12:17:28.768   600  1484 E BatteryStatsService: modem info is invalid: ModemActivityInfo{ mTimestamp=0 mSleepTimeMs=0 mIdleTimeMs=0 mTxTimeMs[]=[0, 0, 0, 0, 0] mRxTimeMs=0 mEnergyUsed=0}
11-01 12:17:28.776   600   613 W ProcessCpuTracker: Skipping unknown process pid 4710
11-01 12:17:29.226  4713  4713 D AndroidRuntime: >>>>>> START com.android.internal.os.RuntimeInit uid 2000 <<<<<<
11-01 12:17:29.230  4713  4713 D AndroidRuntime: CheckJNI is OFF
11-01 12:17:29.300  4713  4713 D ICU     : No timezone override file found: /data/misc/zoneinfo/current/icu/icu_tzdata.dat
11-01 12:17:29.330  4713  4713 I Radio-JNI: register_android_hardware_Radio DONE
11-01 12:17:29.345  4713  4713 D AndroidRuntime: Calling main entry com.android.commands.am.Am
11-01 12:17:29.363   600  1664 I ActivityManager: START u0 {act=android.intent.action.VIEW dat=http://science.org/... flg=0x10000000 cmp=com.opera.browser/com.opera.Opera} from uid 2000 on display 0
11-01 12:17:29.366  4713  4713 D AndroidRuntime: Shutting down VM
11-01 12:17:29.473  4306  4306 W art     : Before Android 4.1, method double java.util.concurrent.ThreadLocalRandom.internalNextDouble(double, double) would have incorrectly overridden the package-private method in java.util.Random
11-01 12:17:29.473  4306  4306 W art     : Before Android 4.1, method int java.util.concurrent.ThreadLocalRandom.internalNextInt(int, int) would have incorrectly overridden the package-private method in java.util.Random
11-01 12:17:29.473  4306  4306 W art     : Before Android 4.1, method long java.util.concurrent.ThreadLocalRandom.internalNextLong(long, long) would have incorrectly overridden the package-private method in java.util.Random
11-01 12:17:29.522   600   619 D BluetoothManagerService: Message: 20
11-01 12:17:29.522   600   619 D BluetoothManagerService: Added callback: android.bluetooth.IBluetoothManagerCallback$Stub$Proxy@4111ed4:true
11-01 12:17:29.540   600  1665 I ActivityManager: Start proc 4725:com.opera.browser:sandboxed_process0/u0a122 for service com.opera.browser/com.opera.android.browser.chromium.services.SandboxedProcessService0
11-01 12:17:29.610  4725  4725 I art     : Starting a blocking GC AddRemoveAppImageSpace
11-01 12:17:29.645  4306  4645 W ResourceType: ResTable_typeSpec entry count inconsistent: given 67, previously 69
11-01 12:17:29.645  4306  4645 W ResourceType: ResTable_typeSpec entry count inconsistent: given 5346, previously 5347
11-01 12:17:29.659  4725  4725 I LoadedApk: No resource references to update in package com.opera.browser.nord_vpn
11-01 12:17:30.018   785   799 I FontLog : Received query name=Google Sans&weight=400&besteffort=false, URI content://com.google.android.gms.fonts [CONTEXT service_id=132 ]
11-01 12:17:30.019   785   799 I FontLog : Query [name=Google Sans&weight=400&besteffort=false] resolved to {Google Sans, wdth 100.0, wght 400, ital 0.0, bestEffort false} [CONTEXT service_id=132 ]
11-01 12:17:30.020   785   799 I FontLog : Font PFD returned from cache for {Google Sans, wdth 100.0, wght 400, ital 0.0, bestEffort false} [CONTEXT service_id=132 ]
11-01 12:17:30.020   785   799 I FontLog : Fetch {Google Sans, wdth 100.0, wght 400, ital 0.0, bestEffort false} end status Status{statusCode=SUCCESS, resolution=null} [CONTEXT service_id=132 ]
11-01 12:17:30.025   785  1191 I FontLog : Pulling font file for id = 6, cache size = 4 [CONTEXT service_id=132 ]
11-01 12:17:30.031   785  1586 I FontLog : Received query name=Google Sans&weight=500&besteffort=false, URI content://com.google.android.gms.fonts [CONTEXT service_id=132 ]
11-01 12:17:30.032   785  1586 I FontLog : Query [name=Google Sans&weight=500&besteffort=false] resolved to {Google Sans, wdth 100.0, wght 500, ital 0.0, bestEffort false} [CONTEXT service_id=132 ]
11-01 12:17:30.033   785  1586 I FontLog : Font PFD returned from cache for {Google Sans, wdth 100.0, wght 500, ital 0.0, bestEffort false} [CONTEXT service_id=132 ]
11-01 12:17:30.033   785  1586 I FontLog : Fetch {Google Sans, wdth 100.0, wght 500, ital 0.0, bestEffort false} end status Status{statusCode=SUCCESS, resolution=null} [CONTEXT service_id=132 ]
11-01 12:17:30.037   785   799 I FontLog : Pulling font file for id = 7, cache size = 5 [CONTEXT service_id=132 ]
11-01 12:17:30.041   785  1300 I FontLog : Received query name=Google Sans&weight=700&besteffort=false, URI content://com.google.android.gms.fonts [CONTEXT service_id=132 ]
11-01 12:17:30.042   785  1300 I FontLog : Query [name=Google Sans&weight=700&besteffort=false] resolved to {Google Sans, wdth 100.0, wght 700, ital 0.0, bestEffort false} [CONTEXT service_id=132 ]
11-01 12:17:30.048   785  1300 I FontLog : Fetch {Google Sans, wdth 100.0, wght 700, ital 0.0, bestEffort false} end status Status{statusCode=SUCCESS, resolution=null} [CONTEXT service_id=132 ]
11-01 12:17:30.053   785  1191 I FontLog : Pulling font file for id = 8, cache size = 6 [CONTEXT service_id=132 ]
11-01 12:17:30.057   785  1576 I FontLog : Received query name=Noto Color Emoji Compat&weight=400&besteffort=false, URI content://com.google.android.gms.fonts [CONTEXT service_id=132 ]
11-01 12:17:30.057   785  1576 I FontLog : Query [name=Noto Color Emoji Compat&weight=400&besteffort=false] resolved to {Noto Color Emoji Compat, wdth 100.0, wght 400, ital 0.0, bestEffort false} [CONTEXT service_id=132 ]
11-01 12:17:30.064   785  1576 I FontLog : Fetch {Noto Color Emoji Compat, wdth 100.0, wght 400, ital 0.0, bestEffort false} end status Status{statusCode=SUCCESS, resolution=null} [CONTEXT service_id=132 ]
11-01 12:17:30.067   785  1684 I FontLog : Pulling font file for id = 9, cache size = 6 [CONTEXT service_id=132 ]
11-01 12:17:30.091   785  4756 W NetworkScheduler: Error inserting service_kind=0 source=16 tag=Measurement.PackageMeasurementTaskService.UPLOAD_TASK_TAG target_package=com.google.android.gms requires_charging=0 source_version=203915000 required_network_type=0 flex_time=3418000 persistence_level=1 target_class=com.google.android.gms.measurement.PackageMeasurementTaskService runtime=1667301450083 retry_strategy={"maximum_backoff_seconds":{"3600":0},"initial_backoff_seconds":{"30":0},"retry_policy":{"0":0}} preferred_network_type=1 required_idleness_state=0 preferred_charging_state=1 period=6838000 last_runtime=0 task_type=0 job_id=-1 user_id=0, error message: UNIQUE constraint failed: pending_ops.tag, pending_ops.target_class, pending_ops.target_package, pending_ops.user_id (code 2067) [CONTEXT service_id=218 ]
11-01 12:17:30.120   785  4752 I SQLiteConnectionPool: The connection pool for /data/user/0/com.google.android.gms/databases/metadata.db has been closed but there are still 1 connections in use.  They will be closed as they are released back to the pool.
11-01 12:17:30.121   785  4755 W FontLog : Error updating last accessed time for {Noto Color Emoji Compat, wdth 100.0, wght 400, ital 0.0, bestEffort false}. [CONTEXT service_id=132 ]
11-01 12:17:30.121   785  4755 W FontLog : java.lang.IllegalStateException: Cannot perform this operation because the connection pool has been closed.
11-01 12:17:30.121   785  4755 W FontLog : 	at android.database.sqlite.SQLiteConnectionPool.throwIfClosedLocked(SQLiteConnectionPool.java:962)
11-01 12:17:30.121   785  4755 W FontLog : 	at android.database.sqlite.SQLiteConnectionPool.waitForConnection(SQLiteConnectionPool.java:677)
11-01 12:17:30.121   785  4755 W FontLog : 	at android.database.sqlite.SQLiteConnectionPool.acquireConnection(SQLiteConnectionPool.java:348)
11-01 12:17:30.121   785  4755 W FontLog : 	at android.database.sqlite.SQLiteSession.acquireConnection(SQLiteSession.java:894)
11-01 12:17:30.121   785  4755 W FontLog : 	at android.database.sqlite.SQLiteSession.executeForChangedRowCount(SQLiteSession.java:752)
11-01 12:17:30.121   785  4755 W FontLog : 	at android.database.sqlite.SQLiteStatement.executeUpdateDelete(SQLiteStatement.java:64)
11-01 12:17:30.121   785  4755 W FontLog : 	at android.database.sqlite.SQLiteDatabase.executeSql(SQLiteDatabase.java:1679)
11-01 12:17:30.121   785  4755 W FontLog : 	at android.database.sqlite.SQLiteDatabase.execSQL(SQLiteDatabase.java:1658)
11-01 12:17:30.121   785  4755 W FontLog : 	at aafx.run(Unknown Source)
11-01 12:17:30.121   785  4755 W FontLog : 	at sup.b(:com.google.android.gms@203915020@20.39.15 (040406-335085812):12)
11-01 12:17:30.121   785  4755 W FontLog : 	at sup.run(:com.google.android.gms@203915020@20.39.15 (040406-335085812):7)
11-01 12:17:30.121   785  4755 W FontLog : 	at java.util.concurrent.ThreadPoolExecutor.runWorker(ThreadPoolExecutor.java:1133)
11-01 12:17:30.121   785  4755 W FontLog : 	at java.util.concurrent.ThreadPoolExecutor$Worker.run(ThreadPoolExecutor.java:607)
11-01 12:17:30.121   785  4755 W FontLog : 	at tam.run(:com.google.android.gms@203915020@20.39.15 (040406-335085812):0)
11-01 12:17:30.121   785  4755 W FontLog : 	at java.lang.Thread.run(Thread.java:761)
11-01 12:17:42.802  4816  4816 D AndroidRuntime: >>>>>> START com.android.internal.os.RuntimeInit uid 2000 <<<<<<
11-01 12:17:42.805  4816  4816 D AndroidRuntime: CheckJNI is OFF
11-01 12:17:42.870  4816  4816 D ICU     : No timezone override file found: /data/misc/zoneinfo/current/icu/icu_tzdata.dat
11-01 12:17:42.901  4816  4816 I Radio-JNI: register_android_hardware_Radio DONE
11-01 12:17:42.916  4816  4816 D AndroidRuntime: Calling main entry com.android.commands.monkey.Monkey
11-01 12:17:42.983   600   613 W BroadcastQueue: Skipping deliver [background] BroadcastRecord{d05001b u-1 android.net.conn.CONNECTIVITY_CHANGE} to ReceiverList{10b75b8 4816 (unknown name)/2000/u-1 remote:de26715}: process crashing
11-01 12:17:44.481  4816  4816 D MonkeyStub: translateCommand: wake
11-01 12:17:44.658  4816  4816 D MonkeyStub: translateCommand: touch down 614 1561
11-01 12:17:44.680  4816  4816 D MonkeyStub: translateCommand: touch move 614 1561
11-01 12:17:44.791  4816  4816 D MonkeyStub: translateCommand: touch move 614 1436
11-01 12:17:44.920  4816  4816 D MonkeyStub: translateCommand: touch move 614 1311
11-01 12:17:45.032  4816  4816 D MonkeyStub: translateCommand: touch move 614 1186
11-01 12:17:45.143  4816  4816 D MonkeyStub: translateCommand: touch move 614 1061
11-01 12:17:45.251  4816  4816 D MonkeyStub: translateCommand: touch move 614 937
11-01 12:17:45.357  4816  4816 D MonkeyStub: translateCommand: touch move 614 812
11-01 12:17:45.468  4816  4816 D MonkeyStub: translateCommand: touch move 614 687
11-01 12:17:45.579  4816  4816 D MonkeyStub: translateCommand: touch move 614 562
11-01 12:17:45.686  4816  4816 D MonkeyStub: translateCommand: touch move 614 437
11-01 12:17:45.798  4816  4816 D MonkeyStub: translateCommand: touch move 614 312
11-01 12:17:45.803  4816  4816 D MonkeyStub: translateCommand: touch up 614 312
11-01 12:17:47.840  4816  4816 D MonkeyStub: translateCommand: touch down 614 1561
11-01 12:17:47.848  4816  4816 D MonkeyStub: translateCommand: touch move 614 1561
11-01 12:17:47.962  4816  4816 D MonkeyStub: translateCommand: touch move 614 1436
11-01 12:17:48.066  4816  4816 D MonkeyStub: translateCommand: touch move 614 1311
11-01 12:17:48.176  4816  4816 D MonkeyStub: translateCommand: touch move 614 1186
11-01 12:17:48.298  4816  4816 D MonkeyStub: translateCommand: touch move 614 1061
11-01 12:17:48.406  4816  4816 D MonkeyStub: translateCommand: touch move 614 937
11-01 12:17:48.515  4816  4816 D MonkeyStub: translateCommand: touch move 614 812
11-01 12:17:48.623  4816  4816 D MonkeyStub: translateCommand: touch move 614 687
11-01 12:17:48.731  4816  4816 D MonkeyStub: translateCommand: touch move 614 562
11-01 12:17:48.839  4816  4816 D MonkeyStub: translateCommand: touch move 614 437
11-01 12:17:48.952  4816  4816 D MonkeyStub: translateCommand: touch move 614 312
11-01 12:17:48.956  4816  4816 D MonkeyStub: translateCommand: touch up 614 312
11-01 12:17:48.978  4816  4816 D MonkeyStub: translateCommand: touch down 614 1561
11-01 12:17:48.985  4816  4816 D MonkeyStub: translateCommand: touch move 614 1561
11-01 12:17:49.091  4816  4816 D MonkeyStub: translateCommand: touch move 614 1436
11-01 12:17:49.201  4816  4816 D MonkeyStub: translateCommand: touch move 614 1311
11-01 12:17:49.339  4816  4816 D MonkeyStub: translateCommand: touch move 614 1186
11-01 12:17:49.448  4816  4816 D MonkeyStub: translateCommand: touch move 614 1061
11-01 12:17:49.559  4816  4816 D MonkeyStub: translateCommand: touch move 614 937
11-01 12:17:49.679  4816  4816 D MonkeyStub: translateCommand: touch move 614 812
11-01 12:17:49.855  4816  4816 D MonkeyStub: translateCommand: touch move 614 687
11-01 12:17:49.961  4816  4816 D MonkeyStub: translateCommand: touch move 614 562
11-01 12:17:50.103  4816  4816 D MonkeyStub: translateCommand: touch move 614 437
11-01 12:17:50.256  4816  4816 D MonkeyStub: translateCommand: touch move 614 312
11-01 12:17:50.269  4816  4816 D MonkeyStub: translateCommand: touch up 614 312
11-01 12:17:55.390  4816  4816 D MonkeyStub: translateCommand: touch down 614 1561
11-01 12:17:55.399  4816  4816 D MonkeyStub: translateCommand: touch move 614 1561
11-01 12:17:55.508  4816  4816 D MonkeyStub: translateCommand: touch move 614 1436
11-01 12:17:55.616  4816  4816 D MonkeyStub: translateCommand: touch move 614 1311
11-01 12:17:55.727  4816  4816 D MonkeyStub: translateCommand: touch move 614 1186
11-01 12:17:55.838  4816  4816 D MonkeyStub: translateCommand: touch move 614 1061
11-01 12:17:55.946  4816  4816 D MonkeyStub: translateCommand: touch move 614 937
11-01 12:17:56.058  4816  4816 D MonkeyStub: translateCommand: touch move 614 812
11-01 12:17:56.183  4816  4816 D MonkeyStub: translateCommand: touch move 614 687
11-01 12:17:56.291  4816  4816 D MonkeyStub: translateCommand: touch move 614 562
11-01 12:17:56.398  4816  4816 D MonkeyStub: translateCommand: touch move 614 437
11-01 12:17:56.513  4816  4816 D MonkeyStub: translateCommand: touch move 614 312
11-01 12:17:56.518  4816  4816 D MonkeyStub: translateCommand: touch up 614 312
11-01 12:17:56.573  4816  4816 D MonkeyStub: translateCommand: touch down 614 1561
11-01 12:17:56.590  4816  4816 D MonkeyStub: translateCommand: touch move 614 1561
11-01 12:17:56.702  4816  4816 D MonkeyStub: translateCommand: touch move 614 1436
11-01 12:17:56.816  4816  4816 D MonkeyStub: translateCommand: touch move 614 1311
11-01 12:17:56.925  4816  4816 D MonkeyStub: translateCommand: touch move 614 1186
11-01 12:17:57.041  4816  4816 D MonkeyStub: translateCommand: touch move 614 1061
11-01 12:17:57.152  4816  4816 D MonkeyStub: translateCommand: touch move 614 937
11-01 12:17:57.260  4816  4816 D MonkeyStub: translateCommand: touch move 614 812
11-01 12:17:57.371  4816  4816 D MonkeyStub: translateCommand: touch move 614 687
11-01 12:17:57.481  4816  4816 D MonkeyStub: translateCommand: touch move 614 562
11-01 12:17:57.590  4816  4816 D MonkeyStub: translateCommand: touch move 614 437
11-01 12:17:57.698  4816  4816 D MonkeyStub: translateCommand: touch move 614 312
11-01 12:17:57.717  4816  4816 D MonkeyStub: translateCommand: touch up 614 312
11-01 12:17:59.894  4816  4816 D MonkeyStub: translateCommand: touch down 614 1561
11-01 12:17:59.904  4816  4816 D MonkeyStub: translateCommand: touch move 614 1561
11-01 12:18:00.023  4816  4816 D MonkeyStub: translateCommand: touch move 614 1436
11-01 12:18:00.131  4816  4816 D MonkeyStub: translateCommand: touch move 614 1311
11-01 12:18:00.238  4816  4816 D MonkeyStub: translateCommand: touch move 614 1186
11-01 12:18:00.348  4816  4816 D MonkeyStub: translateCommand: touch move 614 1061
11-01 12:18:00.454  4816  4816 D MonkeyStub: translateCommand: touch move 614 937
11-01 12:18:00.571  4816  4816 D MonkeyStub: translateCommand: touch move 614 812
11-01 12:18:00.689  4816  4816 D MonkeyStub: translateCommand: touch move 614 687
11-01 12:18:00.800  4816  4816 D MonkeyStub: translateCommand: touch move 614 562
11-01 12:18:00.916  4816  4816 D MonkeyStub: translateCommand: touch move 614 437
11-01 12:18:01.023  4816  4816 D MonkeyStub: translateCommand: touch move 614 312
11-01 12:18:01.030  4816  4816 D MonkeyStub: translateCommand: touch up 614 312
11-01 12:18:03.073  4816  4816 D MonkeyStub: translateCommand: tap 1233 1011
11-01 12:18:11.155  4816  4816 D MonkeyStub: translateCommand: touch down 614 1561
11-01 12:18:11.161  4816  4816 D MonkeyStub: translateCommand: touch move 614 1561
11-01 12:18:11.273  4816  4816 D MonkeyStub: translateCommand: touch move 614 1436
11-01 12:18:11.381  4816  4816 D MonkeyStub: translateCommand: touch move 614 1311
11-01 12:18:11.488  4816  4816 D MonkeyStub: translateCommand: touch move 614 1186
11-01 12:18:11.596  4816  4816 D MonkeyStub: translateCommand: touch move 614 1061
11-01 12:18:11.706  4816  4816 D MonkeyStub: translateCommand: touch move 614 937
11-01 12:18:11.819  4816  4816 D MonkeyStub: translateCommand: touch move 614 812
11-01 12:18:11.926  4816  4816 D MonkeyStub: translateCommand: touch move 614 687
11-01 12:18:12.039  4816  4816 D MonkeyStub: translateCommand: touch move 614 562
11-01 12:18:12.154  4816  4816 D MonkeyStub: translateCommand: touch move 614 437
11-01 12:18:12.262  4816  4816 D MonkeyStub: translateCommand: touch move 614 312
11-01 12:18:12.265  4816  4816 D MonkeyStub: translateCommand: touch up 614 312
11-01 12:18:12.756   198   198 E SELinux : avc:  denied  { find } for service=netd pid=4876 uid=2000 scontext=u:r:shell:s0 tcontext=u:object_r:netd_service:s0 tclass=service_manager permissive=0
11-01 12:18:12.775   198   198 E SELinux : avc:  denied  { find } for service=android.service.gatekeeper.IGateKeeperService pid=4876 uid=2000 scontext=u:r:shell:s0 tcontext=u:object_r:gatekeeper_service:s0 tclass=service_manager permissive=0
11-01 12:18:13.643   600   610 I ActivityManager: Process com.google.android.gms.unstable (pid 1698) has died
11-01 12:18:13.643   600   610 D ActivityManager: cleanUpApplicationRecord -- 1698
11-01 12:18:15.882   600   609 I art     : Background partial concurrent mark sweep GC freed 77431(4MB) AllocSpace objects, 11(236KB) LOS objects, 33% free, 13MB/20MB, paused 1.030ms total 109.827ms
11-01 12:18:16.488  4816  4816 D MonkeyStub: translateCommand: touch down 614 1561
11-01 12:18:16.509  4816  4816 D MonkeyStub: translateCommand: touch move 614 1561
11-01 12:18:16.618  4816  4816 D MonkeyStub: translateCommand: touch move 614 1436
11-01 12:18:16.726  4816  4816 D MonkeyStub: translateCommand: touch move 614 1311
11-01 12:18:16.873  4816  4816 D MonkeyStub: translateCommand: touch move 614 1186
11-01 12:18:16.991  4816  4816 D MonkeyStub: translateCommand: touch move 614 1061
11-01 12:18:17.111  4816  4816 D MonkeyStub: translateCommand: touch move 614 937
11-01 12:18:17.227  4816  4816 D MonkeyStub: translateCommand: touch move 614 812
11-01 12:18:17.338  4816  4816 D MonkeyStub: translateCommand: touch move 614 687
11-01 12:18:17.448  4816  4816 D MonkeyStub: translateCommand: touch move 614 562
11-01 12:18:17.561  4816  4816 D MonkeyStub: translateCommand: touch move 614 437
11-01 12:18:17.686  4816  4816 D MonkeyStub: translateCommand: touch move 614 312
11-01 12:18:17.739  4816  4816 D MonkeyStub: translateCommand: touch up 614 312
11-01 12:18:17.794  4816  4816 D MonkeyStub: translateCommand: touch down 614 1561
11-01 12:18:17.822  4816  4816 D MonkeyStub: translateCommand: touch move 614 1561
11-01 12:18:17.945  4816  4816 D MonkeyStub: translateCommand: touch move 614 1436
11-01 12:18:18.069  4816  4816 D MonkeyStub: translateCommand: touch move 614 1311
11-01 12:18:18.223  4816  4816 D MonkeyStub: translateCommand: touch move 614 1186
11-01 12:18:18.343  4816  4816 D MonkeyStub: translateCommand: touch move 614 1061
11-01 12:18:18.461  4816  4816 D MonkeyStub: translateCommand: touch move 614 937
11-01 12:18:18.567  4816  4816 D MonkeyStub: translateCommand: touch move 614 812
11-01 12:18:18.671  4816  4816 D MonkeyStub: translateCommand: touch move 614 687
11-01 12:18:18.782  4816  4816 D MonkeyStub: translateCommand: touch move 614 562
11-01 12:18:18.892  4816  4816 D MonkeyStub: translateCommand: touch move 614 437
11-01 12:18:19.002  4816  4816 D MonkeyStub: translateCommand: touch move 614 312
11-01 12:18:19.016  4816  4816 D MonkeyStub: translateCommand: touch up 614 312
11-01 12:18:23.243  4816  4816 D MonkeyStub: translateCommand: touch down 614 1561
11-01 12:18:23.255  4816  4816 D MonkeyStub: translateCommand: touch move 614 1561
11-01 12:18:23.364  4816  4816 D MonkeyStub: translateCommand: touch move 614 1436
11-01 12:18:23.472  4816  4816 D MonkeyStub: translateCommand: touch move 614 1311
11-01 12:18:23.577  4816  4816 D MonkeyStub: translateCommand: touch move 614 1186
11-01 12:18:23.687  4816  4816 D MonkeyStub: translateCommand: touch move 614 1061
11-01 12:18:23.800  4816  4816 D MonkeyStub: translateCommand: touch move 614 937
11-01 12:18:23.911  4816  4816 D MonkeyStub: translateCommand: touch move 614 812
11-01 12:18:24.031  4816  4816 D MonkeyStub: translateCommand: touch move 614 687
11-01 12:18:24.143  4816  4816 D MonkeyStub: translateCommand: touch move 614 562
11-01 12:18:24.255  4816  4816 D MonkeyStub: translateCommand: touch move 614 437
11-01 12:18:24.365  4816  4816 D MonkeyStub: translateCommand: touch move 614 312
11-01 12:18:24.370  4816  4816 D MonkeyStub: translateCommand: touch up 614 312
11-01 12:18:28.567  4816  4816 D MonkeyStub: translateCommand: touch down 614 1561
11-01 12:18:28.576  4816  4816 D MonkeyStub: translateCommand: touch move 614 1561
11-01 12:18:28.681  4816  4816 D MonkeyStub: translateCommand: touch move 614 1436
