--------- beginning of main
10-29 18:17:55.102  6923  6923 D AndroidRuntime: >>>>>> START com.android.internal.os.RuntimeInit uid 2000 <<<<<<
10-29 18:17:55.106  6923  6923 D AndroidRuntime: CheckJNI is OFF
10-29 18:17:55.179  6923  6923 D ICU     : No timezone override file found: /data/misc/zoneinfo/current/icu/icu_tzdata.dat
10-29 18:17:55.210  6923  6923 I Radio-JNI: register_android_hardware_Radio DONE
10-29 18:17:55.226  6923  6923 D AndroidRuntime: Calling main entry com.android.commands.am.Am
--------- beginning of system
10-29 18:17:55.245   600   713 I ActivityManager: Force stopping com.opera.browser appid=10122 user=0: from pid 6923
10-29 18:17:55.254  1061  1061 D RegisteredNfcFServicesCache: Service unchanged, not updating
10-29 18:17:55.503   600  6312 I ActivityManager: START u0 {act=android.intent.action.VIEW flg=0x10008000 cmp=com.opera.browser/com.opera.Opera} from uid 2000 on display 0
10-29 18:17:55.537  6923  6923 D AndroidRuntime: Shutting down VM
10-29 18:17:55.577   600   610 I ActivityManager: Start proc 6933:com.opera.browser/u0a122 for activity com.opera.browser/com.opera.Opera
10-29 18:17:55.655  6933  6933 I art     : Starting a blocking GC AddRemoveAppImageSpace
10-29 18:17:55.677  6933  6933 I LoadedApk: No resource references to update in package com.opera.browser.nord_vpn
10-29 18:17:55.775  6933  6933 I art     : Rejecting re-init on previously-failed class java.lang.Class<com.opera.android.job.a$j>: java.lang.NoClassDefFoundError: Failed resolution of: Landroid/app/job/JobServiceEngine;
10-29 18:17:55.775  6933  6933 I art     :   at void com.opera.android.OperaApplication.onCreate() (SourceFile:52)
10-29 18:17:55.775  6933  6933 I art     :   at void android.app.Instrumentation.callApplicationOnCreate(android.app.Application) (Instrumentation.java:1024)
10-29 18:17:55.775  6933  6933 I art     :   at void android.app.ActivityThread.handleBindApplication(android.app.ActivityThread$AppBindData) (ActivityThread.java:5403)
10-29 18:17:55.775  6933  6933 I art     :   at void android.app.ActivityThread.-wrap2(android.app.ActivityThread, android.app.ActivityThread$AppBindData) (ActivityThread.java:-1)
10-29 18:17:55.775  6933  6933 I art     :   at void android.app.ActivityThread$H.handleMessage(android.os.Message) (ActivityThread.java:1545)
10-29 18:17:55.775  6933  6933 I art     :   at void android.os.Handler.dispatchMessage(android.os.Message) (Handler.java:102)
10-29 18:17:55.775  6933  6933 I art     :   at void android.os.Looper.loop() (Looper.java:154)
10-29 18:17:55.775  6933  6933 I art     :   at void android.app.ActivityThread.main(java.lang.String[]) (ActivityThread.java:6119)
10-29 18:17:55.775  6933  6933 I art     :   at java.lang.Object java.lang.reflect.Method.invoke!(java.lang.Object, java.lang.Object[]) (Method.java:-2)
10-29 18:17:55.775  6933  6933 I art     :   at void com.android.internal.os.ZygoteInit$MethodAndArgsCaller.run() (ZygoteInit.java:886)
10-29 18:17:55.775  6933  6933 I art     :   at void com.android.internal.os.ZygoteInit.main(java.lang.String[]) (ZygoteInit.java:776)
10-29 18:17:55.775  6933  6933 I art     : Caused by: java.lang.ClassNotFoundException: Didn't find class "android.app.job.JobServiceEngine" on path: DexPathList[[zip file "/data/app/com.opera.browser-1/base.apk"],nativeLibraryDirectories=[/data/app/com.opera.browser-1/lib/arm, /data/app/com.opera.browser-1/base.apk!/lib/armeabi-v7a, /system/lib, /vendor/lib]]
10-29 18:17:55.775  6933  6933 I art     :   at java.lang.Class dalvik.system.BaseDexClassLoader.findClass(java.lang.String) (BaseDexClassLoader.java:56)
10-29 18:17:55.775  6933  6933 I art     :   at java.lang.Class java.lang.ClassLoader.loadClass(java.lang.String, boolean) (ClassLoader.java:380)
10-29 18:17:55.775  6933  6933 I art     :   at java.lang.Class java.lang.ClassLoader.loadClass(java.lang.String) (ClassLoader.java:312)
10-29 18:17:55.775  6933  6933 I art     :   at void com.opera.android.OperaApplication.onCreate() (SourceFile:52)
10-29 18:17:55.775  6933  6933 I art     :   at void android.app.Instrumentation.callApplicationOnCreate(android.app.Application) (Instrumentation.java:1024)
10-29 18:17:55.775  6933  6933 I art     :   at void android.app.ActivityThread.handleBindApplication(android.app.ActivityThread$AppBindData) (ActivityThread.java:5403)
10-29 18:17:55.775  6933  6933 I art     :   at void android.app.ActivityThread.-wrap2(android.app.ActivityThread, android.app.ActivityThread$AppBindData) (ActivityThread.java:-1)
10-29 18:17:55.775  6933  6933 I art     :   at void android.app.ActivityThread$H.handleMessage(android.os.Message) (ActivityThread.java:1545)
10-29 18:17:55.775  6933  6933 I art     :   at void android.os.Handler.dispatchMessage(android.os.Message) (Handler.java:102)
10-29 18:17:55.775  6933  6933 I art     :   at void android.os.Looper.loop() (Looper.java:154)
10-29 18:17:55.775  6933  6933 I art     :   at void android.app.ActivityThread.main(java.lang.String[]) (ActivityThread.java:6119)
10-29 18:17:55.775  6933  6933 I art     :   at java.lang.Object java.lang.reflect.Method.invoke!(java.lang.Object, java.lang.Object[]) (Method.java:-2)
10-29 18:17:55.775  6933  6933 I art     :   at void com.android.internal.os.ZygoteInit$MethodAndArgsCaller.run() (ZygoteInit.java:886)
10-29 18:17:55.775  6933  6933 I art     :   at void com.android.internal.os.ZygoteInit.main(java.lang.String[]) (ZygoteInit.java:776)
10-29 18:17:55.775  6933  6933 I art     : 
10-29 18:17:55.834  6933  6978 D NetworkSecurityConfig: Using Network Security Config from resource network_security_config_official_build debugBuild: false
10-29 18:17:56.025   600 27731 I ActivityManager: START u0 {act=android.intent.action.VIEW flg=0x10008000 cmp=com.opera.browser/com.opera.android.startup.WelcomeActivity} from uid 10122 on display 0
10-29 18:17:56.037  6933  6943 I art     : Background partial concurrent mark sweep GC freed 23619(1494KB) AllocSpace objects, 8(240KB) LOS objects, 39% free, 5MB/9MB, paused 4.098ms total 140.174ms
10-29 18:17:56.058   600  1076 W ActivityManager: Duplicate finish request for ActivityRecord{8a47c u0 com.opera.browser/com.opera.Opera t1281 f}
10-29 18:17:56.247   600   609 I art     : Background partial concurrent mark sweep GC freed 10323(504KB) AllocSpace objects, 1(20KB) LOS objects, 33% free, 14MB/22MB, paused 806us total 111.080ms
10-29 18:17:56.377  6933  6977 I FA      : App measurement initialized, version: 43042
10-29 18:17:56.377  6933  6977 I FA      : To enable debug logging run: adb shell setprop log.tag.FA VERBOSE
10-29 18:17:56.377  6933  6977 I FA      : To enable faster debug mode event logging run:
10-29 18:17:56.377  6933  6977 I FA      :   adb shell setprop debug.firebase.analytics.app com.opera.browser
10-29 18:17:56.569  6933  6977 I FA      : Tag Manager is not found and thus will not be used
10-29 18:17:56.634  6933  7046 I OpenGLRenderer: Initialized EGL, version 1.4
10-29 18:17:56.634  6933  7046 D OpenGLRenderer: Swap behavior 2
10-29 18:17:56.822   600   620 I ActivityManager: Displayed com.opera.browser/com.opera.android.startup.WelcomeActivity: +749ms (total +1s289ms)
10-29 18:17:56.869   600   620 W WindowManager: Failed looking up window
10-29 18:17:56.869   600   620 W WindowManager: java.lang.IllegalArgumentException: Requested window android.view.ViewRootImpl$W@6864bbd does not exist
10-29 18:17:56.869   600   620 W WindowManager: 	at com.android.server.wm.WindowManagerService.windowForClientLocked(WindowManagerService.java:9422)
10-29 18:17:56.869   600   620 W WindowManager: 	at com.android.server.wm.WindowManagerService.windowForClientLocked(WindowManagerService.java:9413)
10-29 18:17:56.869   600   620 W WindowManager: 	at com.android.server.wm.WindowManagerService.removeWindow(WindowManagerService.java:2393)
10-29 18:17:56.869   600   620 W WindowManager: 	at com.android.server.wm.Session.remove(Session.java:202)
10-29 18:17:56.869   600   620 W WindowManager: 	at android.view.ViewRootImpl.dispatchDetachedFromWindow(ViewRootImpl.java:3290)
10-29 18:17:56.869   600   620 W WindowManager: 	at android.view.ViewRootImpl.doDie(ViewRootImpl.java:5917)
10-29 18:17:56.869   600   620 W WindowManager: 	at android.view.ViewRootImpl$ViewRootHandler.handleMessage(ViewRootImpl.java:3626)
10-29 18:17:56.869   600   620 W WindowManager: 	at android.os.Handler.dispatchMessage(Handler.java:102)
10-29 18:17:56.869   600   620 W WindowManager: 	at android.os.Looper.loop(Looper.java:154)
10-29 18:17:56.869   600   620 W WindowManager: 	at android.os.HandlerThread.run(HandlerThread.java:61)
10-29 18:17:56.869   600   620 W WindowManager: 	at com.android.server.ServiceThread.run(ServiceThread.java:46)
10-29 18:17:56.897   600  9614 I ActivityManager: Start proc 7073:com.opera.browser:privileged_process0/u0a122 for service com.opera.browser/com.opera.android.browser.chromium.services.PrivilegedProcessService0
10-29 18:17:56.911  6933  7061 W chromium: [WARNING:op_site_scripts.cc(424)] Failed to map /data/user/0/com.opera.browser/app_opera/sjs
10-29 18:17:57.000  7073  7073 I art     : Starting a blocking GC AddRemoveAppImageSpace
10-29 18:17:57.024  7073  7073 I LoadedApk: No resource references to update in package com.opera.browser.nord_vpn
10-29 18:17:57.155  7073  7094 E libEGL  : validate_display:99 error 3008 (EGL_BAD_DISPLAY)
10-29 18:17:57.285 11382 11382 I MemoryTrimmer: Trimming objects from memory, since app is in the background.
10-29 18:17:57.340  7073  7094 E libEGL  : validate_display:99 error 3008 (EGL_BAD_DISPLAY)
10-29 18:17:57.400 11382 11394 W SearchService: Abort, client detached.
10-29 18:17:57.409 11382  6830 I DeviceStateChecker: DeviceStateChecker cancelled
10-29 18:17:57.410 11382 11382 I MicroDetector: Keeping mic open: false
10-29 18:17:57.411 11382 11414 I AudioController: internalShutdown
10-29 18:17:57.411 11382 11414 I MicrophoneInputStream: mic_close com.google.android.apps.gsa.speech.audio.ae@5051133
10-29 18:17:57.411 11382 11439 I MicroRecognitionRunner: Stopping hotword detection.
10-29 18:17:57.417  1084  1084 I MemoryTrimmer: Trimming objects from memory, since app is in the background.
10-29 18:17:57.430   238   285 I SoundTriggerHwService::Module: void android::SoundTriggerHwService::Module::onCallbackEvent(const sp<android::SoundTriggerHwService::CallbackEvent> &) mClient == 0
10-29 18:17:57.436 11382  6829 I MicroRecognitionRunner: Detection finished
10-29 18:17:57.445 11382 11382 I MemoryTrimmer: Trimming objects from memory, since app is in the background.
10-29 18:18:01.157  6933  6933 I PlayCore: UID: [10122]  PID: [6933] AppUpdateListenerRegistry : registerListener
10-29 18:18:01.158  6933  6933 I PlayCore: UID: [10122]  PID: [6933] AppUpdateService : requestUpdateInfo(com.opera.browser)
10-29 18:18:01.164  6933  7153 I PlayCore: UID: [10122]  PID: [6933] AppUpdateService : Initiate binding to the service.
10-29 18:18:01.165   600  6312 W ActivityManager: Unable to start service Intent { act=com.google.android.play.core.install.BIND_UPDATE_SERVICE pkg=com.android.vending } U=0: not found
10-29 18:18:01.166  6933  7153 I PlayCore: UID: [10122]  PID: [6933] AppUpdateService : Failed to bind to the service.
10-29 18:18:01.237  6933  7155 D ApplicationLoaders: ignored Vulkan layer search path /data/app/com.google.android.gms-1/lib/arm:/data/app/com.google.android.gms-1/base.apk!/lib/armeabi-v7a:/data/app/com.google.android.gms-1/split_config.en.apk!/lib/armeabi-v7a for namespace 0xf4a41090
10-29 18:18:01.240  6933  7155 W ResourceType: ResTable_typeSpec entry count inconsistent: given 67, previously 69
10-29 18:18:01.240  6933  7155 W ResourceType: ResTable_typeSpec entry count inconsistent: given 5346, previously 5347
10-29 18:18:01.558   600   612 D SyncManager: failed sync operation JobId: 100983, com.opera.browser u0 (com.opera.browser.ping), com.opera.browser.ping.provider, SERVER, reason: 10122, SyncResult: delayUntil: 1667067481 stats [ numIoExceptions: 1]
10-29 18:18:07.987   600   647 I WifiHAL : Got channel list with 13 channels
10-29 18:18:07.994   600   647 I WifiHAL : Got channel list with 4 channels
10-29 18:18:07.996   600   647 I WifiHAL : Got channel list with 15 channels
10-29 18:18:08.068 11382 11382 I MemoryTrimmer: Trimming objects from memory, since app is in the background.
10-29 18:18:08.500  7184  7184 D AndroidRuntime: >>>>>> START com.android.internal.os.RuntimeInit uid 2000 <<<<<<
10-29 18:18:08.504  7184  7184 D AndroidRuntime: CheckJNI is OFF
10-29 18:18:08.568  7184  7184 D ICU     : No timezone override file found: /data/misc/zoneinfo/current/icu/icu_tzdata.dat
10-29 18:18:08.600  7184  7184 I Radio-JNI: register_android_hardware_Radio DONE
10-29 18:18:08.614  7184  7184 D AndroidRuntime: Calling main entry com.android.commands.monkey.Monkey
10-29 18:18:08.684   600   613 W BroadcastQueue: Skipping deliver [background] BroadcastRecord{63662c7 u-1 android.net.conn.CONNECTIVITY_CHANGE} to ReceiverList{42ae0f4 7184 (unknown name)/2000/u-1 remote:7bd26e1}: process crashing
10-29 18:18:10.240  7184  7184 D MonkeyStub: translateCommand: wake
10-29 18:18:10.365  7184  7184 D MonkeyStub: translateCommand: tap 960 1881
10-29 18:18:10.441   600  3994 I ActivityManager: START u0 {act=android.intent.action.VIEW flg=0x1000000 cmp=com.opera.browser/com.opera.android.IntentDispatcherActivity} from uid 10122 on display 0
10-29 18:18:10.536   600  3507 I ActivityManager: START u0 {act=android.intent.action.VIEW flg=0x15002000 cmp=com.opera.browser/com.opera.android.BrowserActivity} from uid 10122 on display 0
10-29 18:18:10.540  1084  1171 I OpenGLRenderer: Initialized EGL, version 1.4
10-29 18:18:10.540  1084  1171 D OpenGLRenderer: Swap behavior 2
10-29 18:18:10.635   600   609 I art     : Background partial concurrent mark sweep GC freed 64106(3MB) AllocSpace objects, 49(1492KB) LOS objects, 33% free, 14MB/22MB, paused 803us total 135.714ms
10-29 18:18:10.683  1084  1084 I MemoryTrimmer: Trimming objects from memory, since app is in the background.
10-29 18:18:10.842  6933  6943 I art     : Background sticky concurrent mark sweep GC freed 12954(1101KB) AllocSpace objects, 18(360KB) LOS objects, 9% free, 8MB/9MB, paused 9.184ms total 88.536ms
10-29 18:18:10.979  6933  7202 E [Leanplum][ERROR]: No variable values were received from the server. Please contact us to investigate.
10-29 18:18:11.024  6933  6943 I art     : Background partial concurrent mark sweep GC freed 42373(2MB) AllocSpace objects, 28(620KB) LOS objects, 40% free, 7MB/12MB, paused 2.682ms total 115.382ms
10-29 18:18:11.140  6933  7230 W ResourceType: ResTable_typeSpec entry count inconsistent: given 67, previously 69
10-29 18:18:11.140  6933  7230 W ResourceType: ResTable_typeSpec entry count inconsistent: given 5346, previously 5347
10-29 18:18:11.166   600   620 I ActivityManager: Displayed com.opera.browser/com.opera.android.BrowserActivity: +610ms (total +690ms)
10-29 18:18:11.179   600   610 I CwMcuSensor: CwMcuSensor::flush: fd = 238, sensors_id = 0, path = /sys/class/htc_sensorhub/sensor_hub/flush, err = 0
10-29 18:18:11.225  6933  7046 D OpenGLRenderer: endAllActiveAnimators on 0xcd7bb400 (RippleDrawable) with handle 0xcdfac030
10-29 18:18:11.565  6933  7252 W ResourceType: ResTable_typeSpec entry count inconsistent: given 67, previously 69
10-29 18:18:11.565  6933  7252 W ResourceType: ResTable_typeSpec entry count inconsistent: given 5346, previously 5347
10-29 18:18:11.772  6933  6938 I art     : Do partial code cache collection, code=18KB, data=30KB
10-29 18:18:11.774  6933  6938 I art     : After code cache collection, code=18KB, data=30KB
10-29 18:18:11.774  6933  6938 I art     : Increasing code cache capacity to 128KB
10-29 18:18:11.843  6933  6933 I Choreographer: Skipped 38 frames!  The application may be doing too much work on its main thread.
10-29 18:18:12.030  6933  6933 W View    : requestLayout() improperly called by com.opera.android.custom_views.FadingRecyclerView{e6dcfc0 VFED.V... ......ID 0,813-1536,813 #7f0a0825 app:id/suggested_dials_grid} during layout: running second layout pass
10-29 18:18:12.032  6933  6943 I art     : Background sticky concurrent mark sweep GC freed 33039(2MB) AllocSpace objects, 30(596KB) LOS objects, 15% free, 10MB/12MB, paused 7.634ms total 125.359ms
10-29 18:18:12.225  6933  6943 I art     : Background partial concurrent mark sweep GC freed 59785(2MB) AllocSpace objects, 19(1208KB) LOS objects, 40% free, 10MB/17MB, paused 2.257ms total 141.961ms
10-29 18:18:12.632  7301  7301 I dex2oat : /system/bin/dex2oat --dex-file=/data/user/0/com.opera.browser/code_cache/.       --oat-fd=200 --oat-location=/data/user/0/com.opera.browser/code_cache/.     --compiler-filter=speed
10-29 18:18:12.978  7301  7301 I dex2oat : dex2oat took 351.773ms (threads: 2) arena alloc=432KB (442800B) java alloc=32KB (33064B) native alloc=354KB (362688B) free=1181KB (1210176B)
10-29 18:18:13.188  7308  7308 I dex2oat : /system/bin/dex2oat --dex-file=/data/user/0/com.opera.browser/code_cache/.      --oat-fd=130 --oat-location=/data/user/0/com.opera.browser/code_cache/.    --compiler-filter=speed
10-29 18:18:13.316  6933  6938 I art     : Do partial code cache collection, code=36KB, data=60KB
10-29 18:18:13.320  6933  6938 I art     : After code cache collection, code=35KB, data=61KB
10-29 18:18:13.320  6933  6938 I art     : Increasing code cache capacity to 256KB
10-29 18:18:13.582  7308  7308 I dex2oat : dex2oat took 396.003ms (threads: 2) arena alloc=574KB (588472B) java alloc=101KB (104080B) native alloc=523KB (536408B) free=1524KB (1560744B)
10-29 18:18:14.485  7184  7184 D MonkeyStub: translateCommand: tap 57 93
10-29 18:18:16.737  7184  7184 D MonkeyStub: translateCommand: tap 57 93
10-29 18:18:17.456  6933  6938 I art     : Do full code cache collection, code=87KB, data=125KB
10-29 18:18:17.456  6933  6938 I art     : Starting a blocking GC JitCodeCache
10-29 18:18:17.457  6933  6938 I art     : After code cache collection, code=71KB, data=73KB
10-29 18:18:18.783  7184  7184 D MonkeyStub: translateCommand: tap 446 593
10-29 18:18:20.832  7184  7184 D MonkeyStub: translateCommand: tap 667 302
10-29 18:18:24.111  7184  7184 D MonkeyStub: translateCommand: tap 1286 930
10-29 18:18:25.545  7184  7184 D MonkeyStub: translateCommand: tap 62 98
10-29 18:18:25.579  7184  7184 D MonkeyStub: translateCommand: tap 729 89
10-29 18:18:25.592  7184  7184 D MonkeyStub: Quit requested
10-29 18:18:25.620   600   614 I CwMcuSensor: CwMcuSensor::flush: fd = 223, sensors_id = 0, path = /sys/class/htc_sensorhub/sensor_hub/flush, err = 0
10-29 18:18:25.647  7184  7184 I art     : System.exit called, status: 16
10-29 18:18:25.647  7184  7184 I AndroidRuntime: VM exiting with result code 16.
10-29 18:18:25.674   600  1082 W WindowManager: Attempted to remove non-existing token: android.os.Binder@8f1860
10-29 18:18:25.942   600  2707 E BatteryStatsService: power: Missing API
10-29 18:18:25.950   796   796 E PhoneInterfaceManager: [PhoneIntfMgr] queryModemActivityInfo: Empty response
10-29 18:18:25.951   600  2707 E BatteryStatsService: no controller energy info supplied
10-29 18:18:25.957   600  2707 E BatteryStatsService: modem info is invalid: ModemActivityInfo{ mTimestamp=0 mSleepTimeMs=0 mIdleTimeMs=0 mTxTimeMs[]=[0, 0, 0, 0, 0] mRxTimeMs=0 mEnergyUsed=0}
10-29 18:18:26.392  7345  7345 D AndroidRuntime: >>>>>> START com.android.internal.os.RuntimeInit uid 2000 <<<<<<
10-29 18:18:26.396  7345  7345 D AndroidRuntime: CheckJNI is OFF
10-29 18:18:26.470  7345  7345 D ICU     : No timezone override file found: /data/misc/zoneinfo/current/icu/icu_tzdata.dat
10-29 18:18:26.503  7345  7345 I Radio-JNI: register_android_hardware_Radio DONE
10-29 18:18:26.519  7345  7345 D AndroidRuntime: Calling main entry com.android.commands.am.Am
10-29 18:18:26.539   600  1079 I ActivityManager: START u0 {act=android.intent.action.VIEW dat=http://independent.co.uk/... flg=0x10000000 cmp=com.opera.browser/com.opera.Opera} from uid 2000 on display 0
10-29 18:18:26.544  7345  7345 D AndroidRuntime: Shutting down VM
10-29 18:18:26.703  6933  6933 W art     : Before Android 4.1, method double java.util.concurrent.ThreadLocalRandom.internalNextDouble(double, double) would have incorrectly overridden the package-private method in java.util.Random
10-29 18:18:26.703  6933  6933 W art     : Before Android 4.1, method int java.util.concurrent.ThreadLocalRandom.internalNextInt(int, int) would have incorrectly overridden the package-private method in java.util.Random
10-29 18:18:26.703  6933  6933 W art     : Before Android 4.1, method long java.util.concurrent.ThreadLocalRandom.internalNextLong(long, long) would have incorrectly overridden the package-private method in java.util.Random
10-29 18:18:26.749   600   619 D BluetoothManagerService: Message: 20
10-29 18:18:26.749   600   619 D BluetoothManagerService: Added callback: android.bluetooth.IBluetoothManagerCallback$Stub$Proxy@d0d92bd:true
10-29 18:18:26.760   600 13631 I ActivityManager: Start proc 7357:com.opera.browser:sandboxed_process0/u0a122 for service com.opera.browser/com.opera.android.browser.chromium.services.SandboxedProcessService0
10-29 18:18:26.810  7357  7357 I art     : Starting a blocking GC AddRemoveAppImageSpace
10-29 18:18:26.831  7357  7357 I LoadedApk: No resource references to update in package com.opera.browser.nord_vpn
10-29 18:18:26.888  6933  7304 W ResourceType: ResTable_typeSpec entry count inconsistent: given 67, previously 69
10-29 18:18:26.888  6933  7304 W ResourceType: ResTable_typeSpec entry count inconsistent: given 5346, previously 5347
10-29 18:18:27.027   787  1620 I FontLog : Received query name=Google Sans&weight=400&besteffort=false, URI content://com.google.android.gms.fonts [CONTEXT service_id=132 ]
10-29 18:18:27.028   787  1620 I FontLog : Query [name=Google Sans&weight=400&besteffort=false] resolved to {Google Sans, wdth 100.0, wght 400, ital 0.0, bestEffort false} [CONTEXT service_id=132 ]
10-29 18:18:27.031   787  1620 I FontLog : Font PFD returned from cache for {Google Sans, wdth 100.0, wght 400, ital 0.0, bestEffort false} [CONTEXT service_id=132 ]
10-29 18:18:27.031   787  1620 I FontLog : Fetch {Google Sans, wdth 100.0, wght 400, ital 0.0, bestEffort false} end status Status{statusCode=SUCCESS, resolution=null} [CONTEXT service_id=132 ]
10-29 18:18:27.036   787  1716 I FontLog : Pulling font file for id = 272, cache size = 7 [CONTEXT service_id=132 ]
10-29 18:18:27.039   787  1174 I FontLog : Received query name=Google Sans&weight=500&besteffort=false, URI content://com.google.android.gms.fonts [CONTEXT service_id=132 ]
10-29 18:18:27.040   787  1174 I FontLog : Query [name=Google Sans&weight=500&besteffort=false] resolved to {Google Sans, wdth 100.0, wght 500, ital 0.0, bestEffort false} [CONTEXT service_id=132 ]
10-29 18:18:27.041   787  1174 I FontLog : Font PFD returned from cache for {Google Sans, wdth 100.0, wght 500, ital 0.0, bestEffort false} [CONTEXT service_id=132 ]
10-29 18:18:27.041   787  1174 I FontLog : Fetch {Google Sans, wdth 100.0, wght 500, ital 0.0, bestEffort false} end status Status{statusCode=SUCCESS, resolution=null} [CONTEXT service_id=132 ]
10-29 18:18:27.049   787  1620 I FontLog : Pulling font file for id = 273, cache size = 8 [CONTEXT service_id=132 ]
10-29 18:18:27.061   787   805 I FontLog : Received query name=Google Sans&weight=700&besteffort=false, URI content://com.google.android.gms.fonts [CONTEXT service_id=132 ]
10-29 18:18:27.061   787   805 I FontLog : Query [name=Google Sans&weight=700&besteffort=false] resolved to {Google Sans, wdth 100.0, wght 700, ital 0.0, bestEffort false} [CONTEXT service_id=132 ]
10-29 18:18:27.066   787   805 I FontLog : Fetch {Google Sans, wdth 100.0, wght 700, ital 0.0, bestEffort false} end status Status{statusCode=SUCCESS, resolution=null} [CONTEXT service_id=132 ]
10-29 18:18:27.075   787  1174 I FontLog : Pulling font file for id = 274, cache size = 7 [CONTEXT service_id=132 ]
10-29 18:18:27.078   787  1245 I FontLog : Received query name=Noto Color Emoji Compat&weight=400&besteffort=false, URI content://com.google.android.gms.fonts [CONTEXT service_id=132 ]
10-29 18:18:27.079   787  1245 I FontLog : Query [name=Noto Color Emoji Compat&weight=400&besteffort=false] resolved to {Noto Color Emoji Compat, wdth 100.0, wght 400, ital 0.0, bestEffort false} [CONTEXT service_id=132 ]
10-29 18:18:27.080   787  1245 I FontLog : Fetch {Noto Color Emoji Compat, wdth 100.0, wght 400, ital 0.0, bestEffort false} end status Status{statusCode=SUCCESS, resolution=null} [CONTEXT service_id=132 ]
10-29 18:18:27.084   787   805 I FontLog : Pulling font file for id = 275, cache size = 6 [CONTEXT service_id=132 ]
10-29 18:18:27.232  6933  6938 I art     : Do partial code cache collection, code=94KB, data=121KB
10-29 18:18:27.295  6933  6938 I art     : After code cache collection, code=93KB, data=120KB
10-29 18:18:27.295  6933  6938 I art     : Increasing code cache capacity to 512KB
10-29 18:18:27.488   787  7381 I SQLiteConnectionPool: The connection pool for /data/user/0/com.google.android.gms/databases/metadata.db has been closed but there are still 1 connections in use.  They will be closed as they are released back to the pool.
10-29 18:18:27.490   787  7122 W FontLog : Error updating last accessed time for {Google Sans, wdth 100.0, wght 400, ital 0.0, bestEffort false}. [CONTEXT service_id=132 ]
10-29 18:18:27.490   787  7122 W FontLog : java.lang.IllegalStateException: Cannot perform this operation because the connection pool has been closed.
10-29 18:18:27.490   787  7122 W FontLog : 	at android.database.sqlite.SQLiteConnectionPool.throwIfClosedLocked(SQLiteConnectionPool.java:962)
10-29 18:18:27.490   787  7122 W FontLog : 	at android.database.sqlite.SQLiteConnectionPool.waitForConnection(SQLiteConnectionPool.java:677)
10-29 18:18:27.490   787  7122 W FontLog : 	at android.database.sqlite.SQLiteConnectionPool.acquireConnection(SQLiteConnectionPool.java:348)
10-29 18:18:27.490   787  7122 W FontLog : 	at android.database.sqlite.SQLiteSession.acquireConnection(SQLiteSession.java:894)
10-29 18:18:27.490   787  7122 W FontLog : 	at android.database.sqlite.SQLiteSession.prepare(SQLiteSession.java:586)
10-29 18:18:27.490   787  7122 W FontLog : 	at android.database.sqlite.SQLiteProgram.<init>(SQLiteProgram.java:58)
10-29 18:18:27.490   787  7122 W FontLog : 	at android.database.sqlite.SQLiteStatement.<init>(SQLiteStatement.java:31)
10-29 18:18:27.490   787  7122 W FontLog : 	at android.database.sqlite.SQLiteDatabase.executeSql(SQLiteDatabase.java:1677)
10-29 18:18:27.490   787  7122 W FontLog : 	at android.database.sqlite.SQLiteDatabase.execSQL(SQLiteDatabase.java:1658)
10-29 18:18:27.490   787  7122 W FontLog : 	at aafx.run(Unknown Source)
10-29 18:18:27.490   787  7122 W FontLog : 	at sup.b(:com.google.android.gms@203915020@20.39.15 (040406-335085812):12)
10-29 18:18:27.490   787  7122 W FontLog : 	at sup.run(:com.google.android.gms@203915020@20.39.15 (040406-335085812):7)
10-29 18:18:27.490   787  7122 W FontLog : 	at java.util.concurrent.ThreadPoolExecutor.runWorker(ThreadPoolExecutor.java:1133)
10-29 18:18:27.490   787  7122 W FontLog : 	at java.util.concurrent.ThreadPoolExecutor$Worker.run(ThreadPoolExecutor.java:607)
10-29 18:18:27.490   787  7122 W FontLog : 	at tam.run(:com.google.android.gms@203915020@20.39.15 (040406-335085812):0)
10-29 18:18:27.490   787  7122 W FontLog : 	at java.lang.Thread.run(Thread.java:761)
10-29 18:18:39.689  7434  7434 D AndroidRuntime: >>>>>> START com.android.internal.os.RuntimeInit uid 2000 <<<<<<
10-29 18:18:39.693  7434  7434 D AndroidRuntime: CheckJNI is OFF
10-29 18:18:39.759  7434  7434 D ICU     : No timezone override file found: /data/misc/zoneinfo/current/icu/icu_tzdata.dat
10-29 18:18:39.792  7434  7434 I Radio-JNI: register_android_hardware_Radio DONE
10-29 18:18:39.808  7434  7434 D AndroidRuntime: Calling main entry com.android.commands.monkey.Monkey
10-29 18:18:39.875   600   613 W BroadcastQueue: Skipping deliver [background] BroadcastRecord{32d2274 u-1 android.net.conn.CONNECTIVITY_CHANGE} to ReceiverList{46f339d 7434 (unknown name)/2000/u-1 remote:b715186}: process crashing
10-29 18:18:41.300  7434  7434 D MonkeyStub: translateCommand: wake
10-29 18:18:41.424  7434  7434 D MonkeyStub: translateCommand: tap 686 1843
10-29 18:18:54.013  7434  7434 D MonkeyStub: translateCommand: touch down 614 1561
10-29 18:18:54.022  7434  7434 D MonkeyStub: translateCommand: touch move 614 1561
10-29 18:18:54.139  7434  7434 D MonkeyStub: translateCommand: touch move 614 1436
10-29 18:18:54.248  7434  7434 D MonkeyStub: translateCommand: touch move 614 1311
10-29 18:18:54.368  7434  7434 D MonkeyStub: translateCommand: touch move 614 1186
10-29 18:18:54.473  7434  7434 D MonkeyStub: translateCommand: touch move 614 1061
10-29 18:18:54.588  7434  7434 D MonkeyStub: translateCommand: touch move 614 937
10-29 18:18:54.701  7434  7434 D MonkeyStub: translateCommand: touch move 614 812
10-29 18:18:54.807  7434  7434 D MonkeyStub: translateCommand: touch move 614 687
10-29 18:18:54.915  7434  7434 D MonkeyStub: translateCommand: touch move 614 562
10-29 18:18:55.028  7434  7434 D MonkeyStub: translateCommand: touch move 614 437
10-29 18:18:55.138  7434  7434 D MonkeyStub: translateCommand: touch move 614 312
10-29 18:18:55.143  7434  7434 D MonkeyStub: translateCommand: touch up 614 312
10-29 18:18:59.338  7434  7434 D MonkeyStub: translateCommand: tap 321 1446
10-29 18:19:07.525  7434  7434 D MonkeyStub: translateCommand: touch down 614 1561
10-29 18:19:07.535  7434  7434 D MonkeyStub: translateCommand: touch move 614 1561
10-29 18:19:07.659  7434  7434 D MonkeyStub: translateCommand: touch move 614 1436
10-29 18:19:07.768  7434  7434 D MonkeyStub: translateCommand: touch move 614 1311
10-29 18:19:07.883  7434  7434 D MonkeyStub: translateCommand: touch move 614 1186
10-29 18:19:08.006  7434  7434 D MonkeyStub: translateCommand: touch move 614 1061
10-29 18:19:08.140  7434  7434 D MonkeyStub: translateCommand: touch move 614 937
10-29 18:19:08.247  7434  7434 D MonkeyStub: translateCommand: touch move 614 812
10-29 18:19:08.352  7434  7434 D MonkeyStub: translateCommand: touch move 614 687
10-29 18:19:08.466  7434  7434 D MonkeyStub: translateCommand: touch move 614 562
10-29 18:19:08.578  7434  7434 D MonkeyStub: translateCommand: touch move 614 437
10-29 18:19:08.689  7434  7434 D MonkeyStub: translateCommand: touch move 614 312
10-29 18:19:08.696  7434  7434 D MonkeyStub: translateCommand: touch up 614 312
10-29 18:19:08.722  7434  7434 D MonkeyStub: translateCommand: touch down 614 1561
10-29 18:19:08.734  7434  7434 D MonkeyStub: translateCommand: touch move 614 1561
10-29 18:19:08.840  7434  7434 D MonkeyStub: translateCommand: touch move 614 1436
10-29 18:19:08.952  7434  7434 D MonkeyStub: translateCommand: touch move 614 1311
10-29 18:19:08.980   198   198 E SELinux : avc:  denied  { find } for service=netd pid=7506 uid=2000 scontext=u:r:shell:s0 tcontext=u:object_r:netd_service:s0 tclass=service_manager permissive=0
10-29 18:19:08.983   198   198 E SELinux : avc:  denied  { find } for service=android.service.gatekeeper.IGateKeeperService pid=7506 uid=2000 scontext=u:r:shell:s0 tcontext=u:object_r:gatekeeper_service:s0 tclass=service_manager permissive=0
10-29 18:19:09.059  7434  7434 D MonkeyStub: translateCommand: touch move 614 1186
10-29 18:19:09.176  7434  7434 D MonkeyStub: translateCommand: touch move 614 1061
10-29 18:19:09.308  7434  7434 D MonkeyStub: translateCommand: touch move 614 937
10-29 18:19:09.442  7434  7434 D MonkeyStub: translateCommand: touch move 614 812
10-29 18:19:09.555  7434  7434 D MonkeyStub: translateCommand: touch move 614 687
10-29 18:19:09.662  7434  7434 D MonkeyStub: translateCommand: touch move 614 562
10-29 18:19:09.781  7434  7434 D MonkeyStub: translateCommand: touch move 614 437
10-29 18:19:09.896  7434  7434 D MonkeyStub: translateCommand: touch move 614 312
10-29 18:19:09.902  7434  7434 D MonkeyStub: translateCommand: touch up 614 312
10-29 18:19:16.001  7434  7434 D MonkeyStub: translateCommand: touch down 614 1561
10-29 18:19:16.011  7434  7434 D MonkeyStub: translateCommand: touch move 614 1561
10-29 18:19:16.121  7434  7434 D MonkeyStub: translateCommand: touch move 614 1436
10-29 18:19:16.232  7434  7434 D MonkeyStub: translateCommand: touch move 614 1311
10-29 18:19:16.344  7434  7434 D MonkeyStub: translateCommand: touch move 614 1186
10-29 18:19:16.452  7434  7434 D MonkeyStub: translateCommand: touch move 614 1061
10-29 18:19:16.557  7434  7434 D MonkeyStub: translateCommand: touch move 614 937
10-29 18:19:16.670  7434  7434 D MonkeyStub: translateCommand: touch move 614 812
10-29 18:19:16.782  7434  7434 D MonkeyStub: translateCommand: touch move 614 687
10-29 18:19:16.893  7434  7434 D MonkeyStub: translateCommand: touch move 614 562
10-29 18:19:17.003  7434  7434 D MonkeyStub: translateCommand: touch move 614 437
10-29 18:19:17.121  7434  7434 D MonkeyStub: translateCommand: touch move 614 312
10-29 18:19:17.127  7434  7434 D MonkeyStub: translateCommand: touch up 614 312
10-29 18:19:17.151  7434  7434 D MonkeyStub: translateCommand: touch down 614 1561
10-29 18:19:17.163  7434  7434 D MonkeyStub: translateCommand: touch move 614 1561
10-29 18:19:17.277  7434  7434 D MonkeyStub: translateCommand: touch move 614 1436
10-29 18:19:17.389  7434  7434 D MonkeyStub: translateCommand: touch move 614 1311
10-29 18:19:17.498  7434  7434 D MonkeyStub: translateCommand: touch move 614 1186
10-29 18:19:17.555   600   713 I ActivityManager: Process com.google.android.partnersetup (pid 27383) has died
10-29 18:19:17.555   600   713 D ActivityManager: cleanUpApplicationRecord -- 27383
10-29 18:19:17.605  7434  7434 D MonkeyStub: translateCommand: touch move 614 1061
10-29 18:19:17.715  7434  7434 D MonkeyStub: translateCommand: touch move 614 937
10-29 18:19:17.820  7434  7434 D MonkeyStub: translateCommand: touch move 614 812
10-29 18:19:17.943  7434  7434 D MonkeyStub: translateCommand: touch move 614 687
10-29 18:19:18.051  7434  7434 D MonkeyStub: translateCommand: touch move 614 562
10-29 18:19:18.159  7434  7434 D MonkeyStub: translateCommand: touch move 614 437
10-29 18:19:18.270  7434  7434 D MonkeyStub: translateCommand: touch move 614 312
10-29 18:19:18.277  7434  7434 D MonkeyStub: translateCommand: touch up 614 312
10-29 18:19:18.284  7434  7434 D MonkeyStub: Quit requested
10-29 18:19:18.317   600   614 I CwMcuSensor: CwMcuSensor::flush: fd = 223, sensors_id = 0, path = /sys/class/htc_sensorhub/sensor_hub/flush, err = 0
10-29 18:19:18.330  7434  7434 I art     : System.exit called, status: 69
10-29 18:19:18.330  7434  7434 I AndroidRuntime: VM exiting with result code 69.
10-29 18:19:18.352   600   611 W WindowManager: Attempted to remove non-existing token: android.os.Binder@d810012
10-29 18:19:34.328  7532  7532 D AndroidRuntime: >>>>>> START com.android.internal.os.RuntimeInit uid 2000 <<<<<<
10-29 18:19:34.335  7532  7532 D AndroidRuntime: CheckJNI is OFF
10-29 18:19:34.421  7532  7532 D ICU     : No timezone override file found: /data/misc/zoneinfo/current/icu/icu_tzdata.dat
10-29 18:19:34.461  7532  7532 I Radio-JNI: register_android_hardware_Radio DONE
10-29 18:19:34.478  7532  7532 D AndroidRuntime: Calling main entry com.android.commands.am.Am
10-29 18:19:34.496   600  3994 I ActivityManager: Force stopping com.opera.browser appid=10122 user=0: from pid 7532
10-29 18:19:34.496   600  3994 I ActivityManager: Killing 7073:com.opera.browser:privileged_process0/u0a122 (adj 0): stop com.opera.browser
10-29 18:19:34.496   600  3994 D ActivityManager: cleanUpApplicationRecord -- 7073
10-29 18:19:34.496   600  3994 W ActivityManager: Scheduling restart of crashed service com.opera.browser/com.opera.android.browser.chromium.services.PrivilegedProcessService0 in 1000ms
10-29 18:19:34.497   600  3994 I ActivityManager: Killing 6933:com.opera.browser/u0a122 (adj 0): stop com.opera.browser
10-29 18:19:34.498   600  3994 D ActivityManager: cleanUpApplicationRecord -- 6933
10-29 18:19:34.500   600  3994 W ActivityManager: Force removing ActivityRecord{2fe65d5 u0 com.opera.browser/com.opera.android.BrowserActivity t1281}: app died, no saved state
10-29 18:19:34.522  7357  7357 I art     : System.exit called, status: 0
10-29 18:19:34.523  7357  7357 I AndroidRuntime: VM exiting with result code 0, cleanup skipped.
10-29 18:19:34.529   600  3994 I ActivityManager: Killing 7357:com.opera.browser:sandboxed_process0/u0a122 (adj 0): stop com.opera.browser
10-29 18:19:34.530   600  3994 D ActivityManager: cleanUpApplicationRecord -- 7357
10-29 18:19:34.531  7532  7532 D AndroidRuntime: Shutting down VM
10-29 18:19:34.557  1084  1171 I OpenGLRenderer: Initialized EGL, version 1.4
10-29 18:19:34.557  1084  1171 D OpenGLRenderer: Swap behavior 2
10-29 18:19:34.620  1061  1061 D RegisteredNfcFServicesCache: Service unchanged, not updating
10-29 18:19:34.655 11382 11393 I AttachedClient: Adding client event 2 to pending list.
10-29 18:19:34.701 11382 11382 I OptInState: There is a new client and it does not support opt-in. Dropping request.
10-29 18:19:34.712 11382 11382 I MicroDetectionWorker: Micro detection mode: [mDetectionMode: [1]].
10-29 18:19:34.722 11382  7547 I MicroRecognitionRunner: Starting detection.
10-29 18:19:34.723 11382 11414 I MicrophoneInputStream: mic_starting com.google.android.apps.gsa.speech.audio.ae@a90e04
10-29 18:19:34.728   238   285 I SoundTriggerHwService::Module: void android::SoundTriggerHwService::Module::onCallbackEvent(const sp<android::SoundTriggerHwService::CallbackEvent> &) mClient == 0
10-29 18:19:34.731   238  7550 I AudioFlinger: AudioFlinger's thread 0xef692400 ready to run
10-29 18:19:34.733 11382 11414 I MicrophoneInputStream: mic_started com.google.android.apps.gsa.speech.audio.ae@a90e04
10-29 18:19:34.798   600   609 I art     : Background partial concurrent mark sweep GC freed 64392(2MB) AllocSpace objects, 14(296KB) LOS objects, 33% free, 14MB/22MB, paused 2.307ms total 116.144ms
10-29 18:19:34.800 11382 11392 W art     : Suspending all threads took: 21.746ms
10-29 18:19:34.808 11382 11392 I art     : Background sticky concurrent mark sweep GC freed 3652(201KB) AllocSpace objects, 0(0B) LOS objects, 15% free, 6MB/7MB, paused 22.456ms total 29.006ms
10-29 18:19:34.871   600  2707 D GraphicsStats: Buffer count: 2
10-29 18:19:34.872   600   707 D ConnectivityService: ConnectivityService NetworkRequestInfo binderDied(NetworkRequest [ LISTEN id=298, [ Capabilities: INTERNET&NOT_RESTRICTED&TRUSTED&FOREGROUND] ], android.os.BinderProxy@f69ef72)
10-29 18:19:34.872   600   707 D ConnectivityService: ConnectivityService NetworkRequestInfo binderDied(NetworkRequest [ LISTEN id=297, [ Capabilities: INTERNET&NOT_RESTRICTED&TRUSTED&FOREGROUND] ], android.os.BinderProxy@b3bdfc3)
10-29 18:19:34.875   600   649 E ConnectivityService: RemoteException caught trying to send a callback msg for NetworkRequest [ LISTEN id=298, [ Capabilities: INTERNET&NOT_RESTRICTED&TRUSTED&FOREGROUND] ]
10-29 18:19:34.875   600   649 E ConnectivityService: RemoteException caught trying to send a callback msg for NetworkRequest [ LISTEN id=297, [ Capabilities: INTERNET&NOT_RESTRICTED&TRUSTED&FOREGROUND] ]
10-29 18:19:34.918 11382 11382 I MicroDetectionWorker: onReady
10-29 18:19:35.103  1084  1171 W OpenGLRenderer: Incorrectly called buildLayer on View: ShortcutAndWidgetContainer, destroying layer...
10-29 18:19:35.147  7546  7546 D AndroidRuntime: >>>>>> START com.android.internal.os.RuntimeInit uid 2000 <<<<<<
10-29 18:19:35.150  7546  7546 D AndroidRuntime: CheckJNI is OFF
10-29 18:19:35.216  7546  7546 D ICU     : No timezone override file found: /data/misc/zoneinfo/current/icu/icu_tzdata.dat
10-29 18:19:35.243  7546  7546 I Radio-JNI: register_android_hardware_Radio DONE
10-29 18:19:35.259  7546  7546 D AndroidRuntime: Calling main entry com.android.commands.pm.Pm
10-29 18:19:35.275   600  2707 I ActivityManager: Force stopping com.opera.browser appid=10122 user=0: clear data
10-29 18:19:35.277   600   613 I ActivityManager: Force stopping com.opera.browser appid=10122 user=-1: clearApplicationUserData
10-29 18:19:35.384   787   787 I GeofencerStateMachine: removeGeofences: removeRequest=RemoveGeofencingRequest[REMOVE_ALL packageName=com.opera.browser]
10-29 18:19:35.390  7546  7546 I art     : System.exit called, status: 0
10-29 18:19:35.390  7546  7546 I AndroidRuntime: VM exiting with result code 0.
10-29 18:19:35.397   600   612 W ResourceType: No known package when getting value for resource number 0x7f100007
10-29 18:19:35.397   600   612 W ResourceType: No known package when getting value for resource number 0x7f13090c
10-29 18:19:35.397   600   612 W ResourceType: No known package when getting value for resource number 0x7f100005
10-29 18:19:35.397   600   612 W ResourceType: No known package when getting value for resource number 0x7f13090a
10-29 18:19:35.397   600   612 W ResourceType: No known package when getting value for resource number 0x7f100004
10-29 18:19:35.397   600   612 W ResourceType: No known package when getting value for resource number 0x7f130909
10-29 18:19:35.397   600   612 W ResourceType: No known package when getting value for resource number 0x7f100006
10-29 18:19:35.397   600   612 W ResourceType: No known package when getting value for resource number 0x7f13090b
10-29 18:19:35.403  1061  1061 D RegisteredNfcFServicesCache: Service unchanged, not updating
10-29 18:19:35.429   787  7565 I Fitness : FitCleanupIntentOperation received Intent android.intent.action.PACKAGE_DATA_CLEARED [CONTEXT service_id=17 ]
10-29 18:19:35.448 11497 20167 I Icing   : doRemovePackageData com.opera.browser
