10-31 05:15:25.157 28475 28475 D MonkeyStub: translateCommand: touch move 614 812
10-31 05:15:25.272 28475 28475 D MonkeyStub: translateCommand: touch move 614 687
10-31 05:15:25.378 28475 28475 D MonkeyStub: translateCommand: touch move 614 562
10-31 05:15:25.483 28475 28475 D MonkeyStub: translateCommand: touch move 614 437
10-31 05:15:25.595 28475 28475 D MonkeyStub: translateCommand: touch move 614 312
10-31 05:15:25.600 28475 28475 D MonkeyStub: translateCommand: touch up 614 312
10-31 05:15:26.113   600   713 I ActivityManager: Start proc 28662:com.android.chrome:sandboxed_process28/u0i497 for service com.android.chrome/org.chromium.content.app.SandboxedProcessService28
10-31 05:15:26.191 28662 28662 W boxed_process28: type=1400 audit(0.0:11113): avc: denied { getattr } for path="/data/data/com.android.chrome" dev="dm-2" ino=12190 scontext=u:r:isolated_app:s0:c512,c768 tcontext=u:object_r:app_data_file:s0:c512,c768 tclass=dir permissive=0
10-31 05:15:26.220 28662 28662 I cr_ChildProcessService: Creating new ChildProcessService pid=28662
10-31 05:15:26.266 28662 28675 I cr_LibraryLoader: Loaded native library version number "85.0.4183.127"
10-31 05:15:26.266 28662 28675 I cr_CachingUmaRecorder: Flushed 1 samples from 1 histograms.
10-31 05:15:26.281 28675 28675 W CrUtilityMain: type=1400 audit(0.0:11114): avc: denied { setattr } for name=5072656C6F61642044617461 dev="dm-2" ino=23491 scontext=u:r:isolated_app:s0:c512,c768 tcontext=u:object_r:app_data_file:s0:c512,c768 tclass=file permissive=0
10-31 05:15:26.281 28675 28675 W CrUtilityMain: type=1400 audit(0.0:11115): avc: denied { setattr } for name="manifest.json" dev="dm-2" ino=23356 scontext=u:r:isolated_app:s0:c512,c768 tcontext=u:object_r:app_data_file:s0:c512,c768 tclass=file permissive=0
10-31 05:15:26.285 28675 28675 W CrUtilityMain: type=1400 audit(0.0:11116): avc: denied { setattr } for name="verified_contents.json" dev="dm-2" ino=23464 scontext=u:r:isolated_app:s0:c512,c768 tcontext=u:object_r:app_data_file:s0:c512,c768 tclass=file permissive=0
10-31 05:15:26.290 28662 28675 I chromium: [INFO:child_process_service.cc(69)] ChildProcessService: Exiting child process.
10-31 05:15:26.291   197   197 E lowmemorykiller: Error writing /proc/28662/oom_score_adj; errno=22
10-31 05:15:26.313   600 17381 I ActivityManager: Process com.android.chrome:sandboxed_process28 (pid 28662) has died
10-31 05:15:26.313   600 17381 D ActivityManager: cleanUpApplicationRecord -- 28662
10-31 05:15:26.319 27852 27852 W chromium: [WARNING:compositor_view.cc(315)] Child process died (type=6) pid=28662)
10-31 05:15:28.257   600  3994 I ActivityManager: Start proc 28679:com.android.chrome:sandboxed_process29/u0i498 for service com.android.chrome/org.chromium.content.app.SandboxedProcessService29
10-31 05:15:28.325 28679 28679 W boxed_process29: type=1400 audit(0.0:11117): avc: denied { getattr } for path="/data/data/com.android.chrome" dev="dm-2" ino=12190 scontext=u:r:isolated_app:s0:c512,c768 tcontext=u:object_r:app_data_file:s0:c512,c768 tclass=dir permissive=0
10-31 05:15:28.359 28679 28679 I cr_ChildProcessService: Creating new ChildProcessService pid=28679
10-31 05:15:28.422 28679 28692 I cr_LibraryLoader: Loaded native library version number "85.0.4183.127"
10-31 05:15:28.422 28679 28692 I cr_CachingUmaRecorder: Flushed 1 samples from 1 histograms.
10-31 05:15:28.435 28692 28692 W CrUtilityMain: type=1400 audit(0.0:11118): avc: denied { setattr } for name="tls_deprecation_config.pb" dev="dm-2" ino=23939 scontext=u:r:isolated_app:s0:c512,c768 tcontext=u:object_r:app_data_file:s0:c512,c768 tclass=file permissive=0
10-31 05:15:28.438 28692 28692 W CrUtilityMain: type=1400 audit(0.0:11119): avc: denied { setattr } for name="manifest.json" dev="dm-2" ino=24111 scontext=u:r:isolated_app:s0:c512,c768 tcontext=u:object_r:app_data_file:s0:c512,c768 tclass=file permissive=0
10-31 05:15:28.438 28692 28692 W CrUtilityMain: type=1400 audit(0.0:11120): avc: denied { setattr } for name="verified_contents.json" dev="dm-2" ino=23901 scontext=u:r:isolated_app:s0:c512,c768 tcontext=u:object_r:app_data_file:s0:c512,c768 tclass=file permissive=0
10-31 05:15:28.445 28679 28692 I chromium: [INFO:child_process_service.cc(69)] ChildProcessService: Exiting child process.
10-31 05:15:28.446   197   197 E lowmemorykiller: Error writing /proc/28679/oom_score_adj; errno=22
10-31 05:15:28.463 27852 27852 W chromium: [WARNING:compositor_view.cc(315)] Child process died (type=6) pid=28679)
10-31 05:15:28.463   600  1079 I ActivityManager: Process com.android.chrome:sandboxed_process29 (pid 28679) has died
10-31 05:15:28.463   600  1079 D ActivityManager: cleanUpApplicationRecord -- 28679
10-31 05:15:29.678 28475 28475 D MonkeyStub: translateCommand: touch down 614 1561
10-31 05:15:29.690 28475 28475 D MonkeyStub: translateCommand: touch move 614 1561
10-31 05:15:29.795 28475 28475 D MonkeyStub: translateCommand: touch move 614 1436
10-31 05:15:29.902 28475 28475 D MonkeyStub: translateCommand: touch move 614 1311
10-31 05:15:30.015 28475 28475 D MonkeyStub: translateCommand: touch move 614 1186
10-31 05:15:30.126 28475 28475 D MonkeyStub: translateCommand: touch move 614 1061
10-31 05:15:30.238 28475 28475 D MonkeyStub: translateCommand: touch move 614 937
10-31 05:15:30.346 28475 28475 D MonkeyStub: translateCommand: touch move 614 812
10-31 05:15:30.462 28475 28475 D MonkeyStub: translateCommand: touch move 614 687
10-31 05:15:30.570 28475 28475 D MonkeyStub: translateCommand: touch move 614 562
10-31 05:15:30.684 28475 28475 D MonkeyStub: translateCommand: touch move 614 437
10-31 05:15:30.809 28475 28475 D MonkeyStub: translateCommand: touch move 614 312
10-31 05:15:30.835 28475 28475 D MonkeyStub: translateCommand: touch up 614 312
10-31 05:15:31.075   600 24515 I ActivityManager: Start proc 28696:com.android.chrome:sandboxed_process30/u0i499 for service com.android.chrome/org.chromium.content.app.SandboxedProcessService30
10-31 05:15:31.105 28696 28696 W boxed_process30: type=1400 audit(0.0:11121): avc: denied { getattr } for path="/data/data/com.android.chrome" dev="dm-2" ino=12190 scontext=u:r:isolated_app:s0:c512,c768 tcontext=u:object_r:app_data_file:s0:c512,c768 tclass=dir permissive=0
10-31 05:15:31.123 28696 28696 I cr_ChildProcessService: Creating new ChildProcessService pid=28696
10-31 05:15:31.174 28696 28709 I cr_LibraryLoader: Loaded native library version number "85.0.4183.127"
10-31 05:15:31.175 28696 28709 I cr_CachingUmaRecorder: Flushed 1 samples from 1 histograms.
10-31 05:15:31.221 28709 28709 W CrUtilityMain: type=1400 audit(0.0:11122): avc: denied { setattr } for name="tl_en-us_2022-10-24_484508980_100000_index.bin" dev="dm-2" ino=24057 scontext=u:r:isolated_app:s0:c512,c768 tcontext=u:object_r:app_data_file:s0:c512,c768 tclass=file permissive=0
10-31 05:15:31.225 28709 28709 W CrUtilityMain: type=1400 audit(0.0:11123): avc: denied { setattr } for name="manifest.json" dev="dm-2" ino=24062 scontext=u:r:isolated_app:s0:c512,c768 tcontext=u:object_r:app_data_file:s0:c512,c768 tclass=file permissive=0
10-31 05:15:31.225 28709 28709 W CrUtilityMain: type=1400 audit(0.0:11124): avc: denied { setattr } for name="verified_contents.json" dev="dm-2" ino=23662 scontext=u:r:isolated_app:s0:c512,c768 tcontext=u:object_r:app_data_file:s0:c512,c768 tclass=file permissive=0
10-31 05:15:31.252 28696 28709 I chromium: [INFO:child_process_service.cc(69)] ChildProcessService: Exiting child process.
10-31 05:15:31.254   197   197 E lowmemorykiller: Error writing /proc/28696/oom_score_adj; errno=22
10-31 05:15:31.276   600 24611 I ActivityManager: Process com.android.chrome:sandboxed_process30 (pid 28696) has died
10-31 05:15:31.276   600 24611 D ActivityManager: cleanUpApplicationRecord -- 28696
10-31 05:15:31.277 27852 27852 W chromium: [WARNING:compositor_view.cc(315)] Child process died (type=6) pid=28696)
10-31 05:15:35.005 28475 28475 D MonkeyStub: translateCommand: touch down 614 1561
10-31 05:15:35.014 28475 28475 D MonkeyStub: translateCommand: touch move 614 1561
10-31 05:15:35.119 28475 28475 D MonkeyStub: translateCommand: touch move 614 1436
10-31 05:15:35.224 28475 28475 D MonkeyStub: translateCommand: touch move 614 1311
10-31 05:15:35.342 28475 28475 D MonkeyStub: translateCommand: touch move 614 1186
10-31 05:15:35.449 28475 28475 D MonkeyStub: translateCommand: touch move 614 1061
10-31 05:15:35.556 28475 28475 D MonkeyStub: translateCommand: touch move 614 937
10-31 05:15:35.668 28475 28475 D MonkeyStub: translateCommand: touch move 614 812
10-31 05:15:35.772 28475 28475 D MonkeyStub: translateCommand: touch move 614 687
10-31 05:15:35.885 28475 28475 D MonkeyStub: translateCommand: touch move 614 562
10-31 05:15:35.994 28475 28475 D MonkeyStub: translateCommand: touch move 614 437
10-31 05:15:36.102 28475 28475 D MonkeyStub: translateCommand: touch move 614 312
10-31 05:15:36.109 28475 28475 D MonkeyStub: translateCommand: touch up 614 312
10-31 05:15:36.120 28475 28475 D MonkeyStub: Quit requested
10-31 05:15:36.182   600   614 I CwMcuSensor: CwMcuSensor::flush: fd = 225, sensors_id = 0, path = /sys/class/htc_sensorhub/sensor_hub/flush, err = 0
10-31 05:15:36.198 28475 28475 I art     : System.exit called, status: 145
10-31 05:15:36.198 28475 28475 I AndroidRuntime: VM exiting with result code 145.
10-31 05:15:36.247   600  9614 W WindowManager: Attempted to remove non-existing token: android.os.Binder@d6a08d0
10-31 05:15:40.758 27883 28438 I Icing   : IndexChimeraService.getServiceInterface callingPackage=com.android.chrome componentName=null serviceId=36
10-31 05:15:40.802 27883 28389 W Icing   : No valid account for uploading user actions
10-31 05:15:40.845 27883 28399 I Icing   : IndexChimeraService.getServiceInterface callingPackage=com.google.android.gms componentName=null serviceId=30
10-31 05:15:40.874 27883 28389 I Icing   : Usage reports ok 1, Failed Usage reports 0, indexed 1, rejected 0
10-31 05:15:40.880 27883 28389 W Icing   : No valid account for uploading user actions
10-31 05:15:40.892 27883 28389 I Icing   : Usage reports ok 0, Failed Usage reports 0, indexed 0, rejected 0
10-31 05:15:40.894 27883 28389 I Icing   : Indexing com.android.chrome-omnibox from com.android.chrome
10-31 05:15:40.925 27883 28009 I Icing   : Indexing done com.android.chrome-omnibox
10-31 05:15:41.948   787   806 W Icing   : isOptedInForAppHistory: empty Account Name encountered
10-31 05:15:41.986   787 27691 W Icing   : isOptedInForAppHistory: empty Account Name encountered
10-31 05:15:42.295   600   612 I UsageStatsService: User[0] Flushing usage stats to disk
10-31 05:15:52.232 28730 28730 D AndroidRuntime: >>>>>> START com.android.internal.os.RuntimeInit uid 2000 <<<<<<
10-31 05:15:52.243 28730 28730 D AndroidRuntime: CheckJNI is OFF
10-31 05:15:52.390 28730 28730 D ICU     : No timezone override file found: /data/misc/zoneinfo/current/icu/icu_tzdata.dat
10-31 05:15:52.450 28730 28730 I Radio-JNI: register_android_hardware_Radio DONE
10-31 05:15:52.478 28730 28730 D AndroidRuntime: Calling main entry com.android.commands.am.Am
10-31 05:15:52.498   600 24515 I ActivityManager: Force stopping com.android.chrome appid=10035 user=0: from pid 28730
10-31 05:15:52.498   600 24515 I ActivityManager: Killing 27942:com.android.chrome:privileged_process0/u0a35 (adj 0): stop com.android.chrome
10-31 05:15:52.498   600 24515 D ActivityManager: cleanUpApplicationRecord -- 27942
10-31 05:15:52.498   600 24515 W ActivityManager: Scheduling restart of crashed service com.android.chrome/org.chromium.content.app.PrivilegedProcessService0 in 1000ms
10-31 05:15:52.498   600 24515 I ActivityManager: Killing 27852:com.android.chrome/u0a35 (adj 0): stop com.android.chrome
10-31 05:15:52.499   600 24515 D ActivityManager: cleanUpApplicationRecord -- 27852
10-31 05:15:52.508   600 24515 W ActivityManager: Force removing ActivityRecord{d88acc u0 com.android.chrome/com.google.android.apps.chrome.Main t2063}: app died, no saved state
10-31 05:15:52.514 23104 23104 I MemoryTrimmer: Trimming objects from memory, since app is in the background.
10-31 05:15:52.519 27914 27914 I cr_ChildProcessService: Destroying ChildProcessService pid=27914
10-31 05:15:52.524 27914 27914 I art     : System.exit called, status: 0
10-31 05:15:52.524 27914 27914 I AndroidRuntime: VM exiting with result code 0, cleanup skipped.
10-31 05:15:52.532   600 24515 I ActivityManager: Killing 28326:com.android.chrome:sandboxed_process19/u0a35i488 (adj 0): isolated not needed
10-31 05:15:52.532   600 24515 I ActivityManager: Killing 27914:com.android.chrome:sandboxed_process0/u0a35i469 (adj 0): isolated not needed
10-31 05:15:52.541 28730 28730 D AndroidRuntime: Shutting down VM
10-31 05:15:52.550   600 10249 D ConnectivityService: ConnectivityService NetworkRequestInfo binderDied(NetworkRequest [ LISTEN id=1499, [ Capabilities: INTERNET&NOT_RESTRICTED&TRUSTED&FOREGROUND] ], android.os.BinderProxy@a90fad9)
10-31 05:15:52.550   600 10249 D ConnectivityService: ConnectivityService NetworkRequestInfo binderDied(NetworkRequest [ LISTEN id=1496, [ Capabilities: INTERNET&NOT_RESTRICTED&TRUSTED&FOREGROUND] ], android.os.BinderProxy@8ff1c9e)
10-31 05:15:52.550   600  1081 D ConnectivityService: ConnectivityService NetworkRequestInfo binderDied(NetworkRequest [ LISTEN id=1497, [ Capabilities: INTERNET&NOT_RESTRICTED&TRUSTED&FOREGROUND] ], android.os.BinderProxy@f8b837f)
10-31 05:15:52.550   600  1081 D GraphicsStats: Buffer count: 2
10-31 05:15:52.551   600 27731 D ConnectivityService: ConnectivityService NetworkRequestInfo binderDied(NetworkRequest [ LISTEN id=1498, [ Capabilities: INTERNET&NOT_RESTRICTED&TRUSTED&FOREGROUND] ], android.os.BinderProxy@2c0d120)
10-31 05:15:52.563   600   649 E ConnectivityService: RemoteException caught trying to send a callback msg for NetworkRequest [ LISTEN id=1499, [ Capabilities: INTERNET&NOT_RESTRICTED&TRUSTED&FOREGROUND] ]
10-31 05:15:52.567   600   649 E ConnectivityService: RemoteException caught trying to send a callback msg for NetworkRequest [ LISTEN id=1496, [ Capabilities: INTERNET&NOT_RESTRICTED&TRUSTED&FOREGROUND] ]
10-31 05:15:52.568   600   649 E ConnectivityService: RemoteException caught trying to send a callback msg for NetworkRequest [ LISTEN id=1497, [ Capabilities: INTERNET&NOT_RESTRICTED&TRUSTED&FOREGROUND] ]
10-31 05:15:52.578   600   649 E ConnectivityService: RemoteException caught trying to send a callback msg for NetworkRequest [ LISTEN id=1498, [ Capabilities: INTERNET&NOT_RESTRICTED&TRUSTED&FOREGROUND] ]
10-31 05:15:52.621  1084  1171 I OpenGLRenderer: Initialized EGL, version 1.4
10-31 05:15:52.621  1084  1171 D OpenGLRenderer: Swap behavior 2
10-31 05:15:52.633  1061  1061 D RegisteredNfcFServicesCache: Service unchanged, not updating
10-31 05:15:52.688   600 24611 D ActivityManager: cleanUpApplicationRecord -- 27914
10-31 05:15:52.717   600  2707 D ActivityManager: cleanUpApplicationRecord -- 28326
10-31 05:15:52.791 23104 23115 I AttachedClient: Adding client event 2 to pending list.
10-31 05:15:52.812 23104 23104 I OptInState: There is a new client and it does not support opt-in. Dropping request.
10-31 05:15:52.813 23104 23104 I MicroDetectionWorker: Micro detection mode: [mDetectionMode: [1]].
10-31 05:15:52.846 23104 28747 I MicroRecognitionRunner: Starting detection.
10-31 05:15:52.856 23104 23134 I MicrophoneInputStream: mic_starting com.google.android.apps.gsa.speech.audio.ae@f598e22
10-31 05:15:52.866   238   285 I SoundTriggerHwService::Module: void android::SoundTriggerHwService::Module::onCallbackEvent(const sp<android::SoundTriggerHwService::CallbackEvent> &) mClient == 0
10-31 05:15:52.868   238 28749 I AudioFlinger: AudioFlinger's thread 0xef692d40 ready to run
10-31 05:15:52.878 23104 23134 I MicrophoneInputStream: mic_started com.google.android.apps.gsa.speech.audio.ae@f598e22
10-31 05:15:53.049 23104 23104 I MicroDetectionWorker: onReady
10-31 05:15:53.157 28742 28742 D AndroidRuntime: >>>>>> START com.android.internal.os.RuntimeInit uid 2000 <<<<<<
10-31 05:15:53.161 28742 28742 D AndroidRuntime: CheckJNI is OFF
10-31 05:15:53.169  1084  1171 W OpenGLRenderer: Incorrectly called buildLayer on View: ShortcutAndWidgetContainer, destroying layer...
10-31 05:15:53.226 28742 28742 D ICU     : No timezone override file found: /data/misc/zoneinfo/current/icu/icu_tzdata.dat
10-31 05:15:53.258 28742 28742 I Radio-JNI: register_android_hardware_Radio DONE
10-31 05:15:53.274 28742 28742 D AndroidRuntime: Calling main entry com.android.commands.pm.Pm
10-31 05:15:53.288   600  2707 I ActivityManager: Force stopping com.android.chrome appid=10035 user=0: clear data
10-31 05:15:53.290   600   613 I ActivityManager: Force stopping com.android.chrome appid=10035 user=-1: clearApplicationUserData
10-31 05:15:53.430   600   625 I ActivityManager: Start proc 28758:com.android.defcontainer/u0a4 for service com.android.defcontainer/.DefaultContainerService
10-31 05:15:53.483   787   787 I GeofencerStateMachine: removeGeofences: removeRequest=RemoveGeofencingRequest[REMOVE_ALL packageName=com.android.chrome]
10-31 05:15:53.487 28742 28742 I art     : System.exit called, status: 0
10-31 05:15:53.487 28742 28742 I AndroidRuntime: VM exiting with result code 0.
10-31 05:15:53.493  1061  1061 D RegisteredNfcFServicesCache: Service unchanged, not updating
10-31 05:15:53.499   600   612 W ResourceType: No known package when getting value for resource number 0x7f080316
10-31 05:15:53.499   600   612 W ResourceType: No known package when getting value for resource number 0x7f130448
10-31 05:15:53.532   600   612 W ResourceType: No known package when getting value for resource number 0x7f080315
10-31 05:15:53.532   600   612 W ResourceType: No known package when getting value for resource number 0x7f130123
10-31 05:15:53.532   600   612 W ResourceType: No known package when getting value for resource number 0x7f130447
10-31 05:15:53.532   600   612 W ResourceType: No known package when getting value for resource number 0x7f1302e4
10-31 05:15:53.532   600   612 E ShortcutService: Ignoring excessive intent tag.
10-31 05:15:53.572   787 28776 I Fitness : FitCleanupIntentOperation received Intent android.intent.action.PACKAGE_DATA_CLEARED [CONTEXT service_id=17 ]
10-31 05:15:53.659 27883 28009 I Icing   : doRemovePackageData com.android.chrome
10-31 05:15:53.659 27883 28009 I Icing   : Removing corpus key com.android.chrome-.implicit: for package com.android.chrome
10-31 05:15:53.761 27883 28009 I native  : flash-index.cc:1519 Flash index sort hb 48 prefix-hits 108 -> 95 at 25.739ms
10-31 05:15:53.835 27883 28009 I Icing   : Removing corpus key com.android.chrome-omnibox for package com.android.chrome
10-31 05:15:53.961 27883 28009 I Icing   : Starting compaction min disk 99.930% min index 99.988%
10-31 05:15:54.108 27883 28009 I native  : document-store.cc:1654 Scored 2123 usage reports, missing_corpora 1144 update_failed 1
10-31 05:15:54.141 27883 28009 W native  : words-map.cc:30 INVALID_ARGUMENT: Empty URI
10-31 05:15:54.141 27883 28009 W native  : words-map.cc:34 WordsMap was not properly initialized
10-31 05:15:54.223 27883 28009 E native  : compactor.cc:67 Could not index embedding for docid 1: INTERNAL: Unable to find Thing Proto section 
10-31 05:15:54.223 27883 28009 E native  : compactor.cc:67 Could not index embedding for docid 3: INTERNAL: Unable to find Thing Proto section 
10-31 05:15:54.224 27883 28009 E native  : compactor.cc:67 Could not index embedding for docid 5: INTERNAL: Unable to find Thing Proto section 
10-31 05:15:54.224 27883 28009 E native  : compactor.cc:67 Could not index embedding for docid 7: INTERNAL: Unable to find Thing Proto section 
10-31 05:15:54.229 27883 28009 E native  : compactor.cc:67 Could not index embedding for docid 8: INTERNAL: Unable to find Thing Proto section 
10-31 05:15:54.229 27883 28009 E native  : compactor.cc:67 Could not index embedding for docid 10: INTERNAL: Unable to find Thing Proto section 
10-31 05:15:54.229 27883 28009 E native  : compactor.cc:67 Could not index embedding for docid 11: INTERNAL: Unable to find Thing Proto section 
10-31 05:15:54.229 27883 28009 E native  : compactor.cc:67 Could not index embedding for docid 13: INTERNAL: Unable to find Thing Proto section 
10-31 05:15:54.230 27883 28009 E native  : compactor.cc:67 Could not index embedding for docid 14: INTERNAL: Unable to find Thing Proto section 
10-31 05:15:54.234 27883 28009 E native  : compactor.cc:67 Could not index embedding for docid 17: INTERNAL: Unable to find Thing Proto section 
10-31 05:15:54.234 27883 28009 E native  : compactor.cc:67 Could not index embedding for docid 18: INTERNAL: Unable to find Thing Proto section 
10-31 05:15:54.235 27883 28009 E native  : compactor.cc:67 Could not index embedding for docid 21: INTERNAL: Unable to find Thing Proto section 
10-31 05:15:54.235 27883 28009 E native  : compactor.cc:67 Could not index embedding for docid 22: INTERNAL: Unable to find Thing Proto section 
10-31 05:15:54.240 27883 28009 E native  : compactor.cc:67 Could not index embedding for docid 26: INTERNAL: Unable to find Thing Proto section 
10-31 05:15:54.241 27883 28009 E native  : compactor.cc:67 Could not index embedding for docid 27: INTERNAL: Unable to find Thing Proto section 
10-31 05:15:54.315 27883 28009 I native  : flash-index.cc:1519 Flash index sort hb 34 prefix-hits 54 -> 54 at 57.258ms
10-31 05:15:54.340 27883 28009 W native  : words-map.cc:30 INVALID_ARGUMENT: Empty URI
10-31 05:15:54.340 27883 28009 W native  : words-map.cc:34 WordsMap was not properly initialized
10-31 05:15:54.426 27883 28009 I Icing   : updateResources: need to parse acol{com.android.chrome}
10-31 05:15:54.427 27883 28009 W System  : ClassLoader referenced unknown path: 
10-31 05:15:54.428 27883 28009 D ApplicationLoaders: ignored Vulkan layer search path /data/app/com.android.chrome-1/lib/arm64:/data/app/com.android.chrome-1/base.apk!/lib/arm64-v8a:/data/app/com.android.chrome-1/split_config.en.apk!/lib/arm64-v8a:/data/app/com.android.chrome-1/split_extra_icu.apk!/lib/arm64-v8a for namespace 0x7f9ac4d0f0
10-31 05:15:54.491 27883 28009 I Icing   : Indexing com.android.chrome-omnibox from com.android.chrome
10-31 05:15:54.502   600 16391 I ActivityManager: Start proc 28783:com.android.chrome/u0a35 for content provider com.android.chrome/com.google.android.apps.chrome.icing.IcingProvider
10-31 05:15:54.635 27883 28009 I Icing   : Indexing done com.android.chrome-omnibox
