10-29 17:47:01.037 27598 27598 I cr_ChildProcessService: Creating new ChildProcessService pid=27598
10-29 17:47:01.144 27638 27638 W boxed_process15: type=1400 audit(0.0:1401): avc: denied { getattr } for path="/data/data/com.android.chrome" dev="dm-2" ino=12190 scontext=u:r:isolated_app:s0:c512,c768 tcontext=u:object_r:app_data_file:s0:c512,c768 tclass=dir permissive=0
10-29 17:47:01.154 27632 27632 W boxed_process14: type=1400 audit(0.0:1402): avc: denied { getattr } for path="/data/data/com.android.chrome" dev="dm-2" ino=12190 scontext=u:r:isolated_app:s0:c512,c768 tcontext=u:object_r:app_data_file:s0:c512,c768 tclass=dir permissive=0
10-29 17:47:01.204 27578 27619 I chromium: [INFO:child_process_service.cc(69)] ChildProcessService: Exiting child process.
10-29 17:47:01.205   197   197 E lowmemorykiller: Error writing /proc/27578/oom_score_adj; errno=22
10-29 17:47:01.217 27620 27620 I cr_ChildProcessService: Creating new ChildProcessService pid=27620
10-29 17:47:01.221 27655 27655 W boxed_process16: type=1400 audit(0.0:1403): avc: denied { getattr } for path="/data/data/com.android.chrome" dev="dm-2" ino=12190 scontext=u:r:isolated_app:s0:c512,c768 tcontext=u:object_r:app_data_file:s0:c512,c768 tclass=dir permissive=0
10-29 17:47:01.241 27667 27667 W boxed_process17: type=1400 audit(0.0:1404): avc: denied { getattr } for path="/data/data/com.android.chrome" dev="dm-2" ino=12190 scontext=u:r:isolated_app:s0:c512,c768 tcontext=u:object_r:app_data_file:s0:c512,c768 tclass=dir permissive=0
10-29 17:47:01.317 27638 27638 I cr_ChildProcessService: Creating new ChildProcessService pid=27638
10-29 17:47:01.362 27584 27686 I cr_LibraryLoader: Loaded native library version number "85.0.4183.127"
10-29 17:47:01.362 27584 27686 I cr_CachingUmaRecorder: Flushed 1 samples from 1 histograms.
10-29 17:47:01.365 27632 27632 I cr_ChildProcessService: Creating new ChildProcessService pid=27632
10-29 17:47:01.371 27598 27687 I cr_LibraryLoader: Loaded native library version number "85.0.4183.127"
10-29 17:47:01.372 27598 27687 I cr_CachingUmaRecorder: Flushed 1 samples from 1 histograms.
10-29 17:47:01.390 27667 27667 I cr_ChildProcessService: Creating new ChildProcessService pid=27667
10-29 17:47:01.395 27655 27655 I cr_ChildProcessService: Creating new ChildProcessService pid=27655
10-29 17:47:01.456 27555 27555 I cr_ChildProcessService: Destroying ChildProcessService pid=27555
10-29 17:47:01.464 27667 27698 I cr_LibraryLoader: Loaded native library version number "85.0.4183.127"
10-29 17:47:01.495 27667 27698 I cr_CachingUmaRecorder: Flushed 1 samples from 1 histograms.
10-29 17:47:01.520 27540 27540 W dex2oat : Compilation of java.lang.String androidx.core.graphics.drawable.IconCompat.toString() took 130.828ms
10-29 17:47:01.529   600   609 I art     : Background partial concurrent mark sweep GC freed 35914(1842KB) AllocSpace objects, 20(516KB) LOS objects, 33% free, 15MB/23MB, paused 734us total 506.648ms
10-29 17:47:01.532 27620 27695 I cr_LibraryLoader: Loaded native library version number "85.0.4183.127"
10-29 17:47:01.534 27620 27695 I cr_CachingUmaRecorder: Flushed 1 samples from 1 histograms.
10-29 17:47:01.551 27540 27540 I dex2oat : dex2oat took 1.294s (threads: 2) arena alloc=771KB (790272B) java alloc=65KB (67400B) native alloc=559KB (573112B) free=1488KB (1524040B)
10-29 17:47:01.582 27638 27696 I cr_LibraryLoader: Loaded native library version number "85.0.4183.127"
10-29 17:47:01.583 27638 27696 I cr_CachingUmaRecorder: Flushed 1 samples from 1 histograms.
10-29 17:47:01.609 27632 27697 I cr_LibraryLoader: Loaded native library version number "85.0.4183.127"
10-29 17:47:01.609 27632 27697 I cr_CachingUmaRecorder: Flushed 1 samples from 1 histograms.
10-29 17:47:01.623 27620 27695 I chromium: [INFO:child_process_service.cc(69)] ChildProcessService: Exiting child process.
10-29 17:47:01.623   197   197 E lowmemorykiller: Error writing /proc/27620/oom_score_adj; errno=22
10-29 17:47:01.631 27246 27246 I FeedRequestManagerImpl: Request: /httpservice/noretry/DiscoverClankService/FeedQuery completed with response code: 200
10-29 17:47:01.631 27246 27246 I TaskQueue:  - task [IMMEDIATE - d: true, b: 2]: 15
10-29 17:47:01.631 27246 27246 I TaskQueue:  - queueTask starting immediate task
10-29 17:47:01.632 27246 27303 I TaskQueue: Execute task [IMMEDIATE - d: true, b: 2]: 15
10-29 17:47:01.659 27655 27699 I cr_LibraryLoader: Loaded native library version number "85.0.4183.127"
10-29 17:47:01.659 27655 27699 I cr_CachingUmaRecorder: Flushed 1 samples from 1 histograms.
10-29 17:47:01.692 27638 27696 I chromium: [INFO:child_process_service.cc(69)] ChildProcessService: Exiting child process.
10-29 17:47:01.693   197   197 E lowmemorykiller: Error writing /proc/27638/oom_score_adj; errno=22
10-29 17:47:01.757 27246 27256 W art     : Suspending all threads took: 9.801ms
10-29 17:47:01.766 27246 27303 I MainThreadRunner: Running task [FeedRequestManagerImpl consumer] on the Main Thread
10-29 17:47:01.766 27246 27246 I FeedProtocolAdapter: createModel, operations 33
10-29 17:47:01.772 27246 27246 I TimingUtils: Task Timing   5ms, thread ui | task : convertWireProtocol | mutations : 33
10-29 17:47:01.773 27246 27246 I TaskQueue:  - task [HEAD_RESET - d: true, b: 2]: 5
10-29 17:47:01.773 27246 27246 I TaskQueue:  - queueTask starting immediate task
10-29 17:47:01.774 27246 27303 I TaskQueue:  - Finished 15, time 135 ms
10-29 17:47:01.774 27246 27303 I TaskQueue: Execute task [HEAD_RESET - d: true, b: 2]: 5
10-29 17:47:01.776 27246 27256 I art     : Background sticky concurrent mark sweep GC freed 24269(1250KB) AllocSpace objects, 8(160KB) LOS objects, 7% free, 15MB/16MB, paused 10.896ms total 46.842ms
10-29 17:47:01.778 27246 27303 I TaskQueue:  - task [BACKGROUND - d: true, b: 2]: 23
10-29 17:47:01.779 27246 27303 W SessionCache: Persisted Sessions were not found
10-29 17:47:01.782 27246 27303 I PersistentFeedStore: commitSessionMutation - Success true, Update Session $HEAD, stream structures 32
10-29 17:47:01.785 27246 27303 I MainThreadRunner: Running task [SchedulerApiWrapper onReceiveNewContent] on the Main Thread
10-29 17:47:01.792 27246 27303 I MainThreadRunner: Running task [FeedKnownContentImpl onNewContentReceived] on the Main Thread
10-29 17:47:01.797 27246 27303 I SessionManagerMutation: Cleared Head, new creation time 10-29 17:47:01.779
10-29 17:47:01.797 27246 27303 I TimingUtils: Task Timing  22ms, thread background-1 | task : sessionMutation.commitTask:updateConsumer | mutations : 33 | userInitiated : false
10-29 17:47:01.797 27246 27303 I TaskQueue: Cancelling starvation checks
10-29 17:47:01.797 27246 27303 I TaskQueue:  - Finished 5, time 23 ms
10-29 17:47:01.798 27246 27303 I TaskQueue: Execute task [USER_FACING - d: false, b: 2]: 24
10-29 17:47:01.807 27598 27598 I cr_ChildProcessService: Destroying ChildProcessService pid=27598
10-29 17:47:01.811 27246 27303 I TimeoutSessionImpl: TimeoutSession.populateModelProvider, shouldAppend false
10-29 17:47:01.811 27246 27303 I SessionImpl: PopulateModelProvider 32 items
10-29 17:47:01.811 27246 27303 I FeedModelProvider: FeedModelProvider - committer, structure changes 31, update changes 0
10-29 17:47:01.813 27246 27303 I FeedModelProvider: SyntheticTokenTracker: 0, 11, 11, false
10-29 17:47:01.813 27246 27303 I FeedSessionManagerImpl: Caching getStreamFeatures - items 31, cache misses 0, cache size 31
10-29 17:47:01.814 27246 27303 I FeedModelProvider: Moving _session:cc2317c2-d769-481c-8d9e-61850f721977 to READY
10-29 17:47:01.814 27246 27303 I MainThreadRunner: Running task [FeedModelProvider onSessionStart] on the Main Thread
10-29 17:47:01.816 27246 27246 I FeedModelProvider: No children found for Cursor
10-29 17:47:01.822 27246 27303 I FeedModelProvider: ModelProvider Mutation committed - structure changes 31, childrenToBind 31, removedChildren false, Token false
10-29 17:47:01.824 27246 27303 I FeedSessionManagerImpl: Populate new session: _session:cc2317c2-d769-481c-8d9e-61850f721977, creation time 10-29 17:47:01.811
10-29 17:47:01.824 27246 27303 I TimingUtils: Task Timing  26ms, thread background-2 | task : Create/Populate New Session
10-29 17:47:01.824 27246 27303 I TaskQueue:  - Finished 24, time 27 ms
10-29 17:47:01.824 27246 27303 I TaskQueue: Execute task [BACKGROUND - d: false, b: 1]: 11
10-29 17:47:01.824 27246 27303 I ContentGc: Re-enqueuing triggerContentGc; attempts(0)
10-29 17:47:01.825 27246 27303 I TaskQueue:  - task [BACKGROUND - d: false, b: 1]: 11
10-29 17:47:01.825 27246 27303 I TaskQueue:  - Finished 11, time 0 ms
10-29 17:47:01.825 27246 27303 I TaskQueue: Execute task [BACKGROUND - d: false, b: 1]: 23
10-29 17:47:01.877   600   613 I ActivityManager: Killing 27655:com.android.chrome:sandboxed_process16/u0a35i886 (adj 0): isolated not needed
10-29 17:47:01.877   600   613 I ActivityManager: Killing 27632:com.android.chrome:sandboxed_process14/u0a35i884 (adj 0): isolated not needed
10-29 17:47:01.877   600   613 I ActivityManager: Killing 27638:com.android.chrome:sandboxed_process15/u0a35i885 (adj 0): isolated not needed
10-29 17:47:01.877   600   613 I ActivityManager: Killing 27620:com.android.chrome:sandboxed_process13/u0a35i883 (adj 0): isolated not needed
10-29 17:47:01.877   600   613 I ActivityManager: Killing 27584:com.android.chrome:sandboxed_process11/u0a35i881 (adj 0): isolated not needed
10-29 17:47:01.877   600   613 I ActivityManager: Killing 27598:com.android.chrome:sandboxed_process12/u0a35i882 (adj 0): isolated not needed
10-29 17:47:01.878   600   613 I ActivityManager: Killing 27578:com.android.chrome:sandboxed_process10/u0a35i880 (adj 0): isolated not needed
10-29 17:47:01.878   600   613 I ActivityManager: Killing 27555:com.android.chrome:sandboxed_process9/u0a35i879 (adj 0): isolated not needed
10-29 17:47:01.958 27246 27303 I TimingUtils: Task Timing 133ms, thread background-3 | task : commitContentMutation | mutations : 32
10-29 17:47:01.958 27246 27303 I TimingUtils: Task Timing   0ms, thread background-4 | task : commitSemanticPropertiesMutation | mutations : 0
10-29 17:47:01.958 27246 27303 I TaskQueue:  - Finished 23, time 134 ms
10-29 17:47:01.959 27246 27303 I TaskQueue: Execute task [BACKGROUND - d: false, b: 0]: 11
10-29 17:47:01.963 27246 27303 I SessionCache: Determining accessible content
10-29 17:47:01.965 27246 27303 I TimingUtils: Task Timing   6ms, thread background-5 | task : ContentGc | contentItemsRemoved : 0
10-29 17:47:01.965 27246 27303 I TaskQueue:  - Finished 11, time 7 ms
10-29 17:47:02.002 27246 27246 W chromium: [WARNING:compositor_view.cc(315)] Child process died (type=6) pid=27578)
10-29 17:47:02.002 27246 27246 W chromium: [WARNING:compositor_view.cc(315)] Child process died (type=6) pid=27638)
10-29 17:47:02.005   600   611 D ActivityManager: cleanUpApplicationRecord -- 27638
10-29 17:47:02.010   600  6312 D ActivityManager: cleanUpApplicationRecord -- 27578
10-29 17:47:02.143   600  3994 D ActivityManager: cleanUpApplicationRecord -- 27445
10-29 17:47:02.158   600  1082 D ActivityManager: cleanUpApplicationRecord -- 27403
10-29 17:47:02.162 27246 27246 W chromium: [WARNING:compositor_view.cc(315)] Child process died (type=6) pid=27452)
10-29 17:47:02.163 27246 27246 W chromium: [WARNING:compositor_view.cc(315)] Child process died (type=6) pid=27432)
10-29 17:47:02.164 27246 27246 W chromium: [WARNING:compositor_view.cc(315)] Child process died (type=6) pid=27468)
10-29 17:47:02.165 27246 27246 W chromium: [WARNING:compositor_view.cc(315)] Child process died (type=6) pid=27403)
10-29 17:47:02.166   600  7064 D ActivityManager: cleanUpApplicationRecord -- 27408
10-29 17:47:02.166 27246 27246 W chromium: [WARNING:compositor_view.cc(315)] Child process died (type=6) pid=27408)
10-29 17:47:02.167   600  1080 D ActivityManager: cleanUpApplicationRecord -- 27468
10-29 17:47:02.167   600  3507 D ActivityManager: cleanUpApplicationRecord -- 27452
10-29 17:47:02.170 27246 27246 W chromium: [WARNING:compositor_view.cc(315)] Child process died (type=6) pid=27445)
10-29 17:47:02.174   600 17381 D ActivityManager: cleanUpApplicationRecord -- 27432
10-29 17:47:02.194   600   707 D ActivityManager: cleanUpApplicationRecord -- 27584
10-29 17:47:02.207   600   713 D ActivityManager: cleanUpApplicationRecord -- 27598
10-29 17:47:02.233 27246 27246 W chromium: [WARNING:compositor_view.cc(315)] Child process died (type=6) pid=27584)
10-29 17:47:02.237 27246 27246 W chromium: [WARNING:compositor_view.cc(315)] Child process died (type=6) pid=27598)
10-29 17:47:02.244 27246 27246 W chromium: [WARNING:compositor_view.cc(315)] Child process died (type=6) pid=27620)
10-29 17:47:02.255   600  1081 D ActivityManager: cleanUpApplicationRecord -- 27620
10-29 17:47:02.632   600   610 D ActivityManager: cleanUpApplicationRecord -- 27555
10-29 17:47:02.634 27246 27246 W chromium: [WARNING:compositor_view.cc(315)] Child process died (type=6) pid=27655)
10-29 17:47:02.638 27246 27246 W chromium: [WARNING:compositor_view.cc(315)] Child process died (type=6) pid=27632)
10-29 17:47:02.639   600 17381 D ActivityManager: cleanUpApplicationRecord -- 27632
10-29 17:47:02.640 27246 27246 W chromium: [WARNING:compositor_view.cc(315)] Child process died (type=6) pid=27555)
10-29 17:47:02.641   600 24515 D ActivityManager: cleanUpApplicationRecord -- 27655
10-29 17:47:02.898 11497 11538 I native  : document-store.cc:1654 Scored 1355 usage reports, missing_corpora 699 update_failed 1
10-29 17:47:03.109 11497 11538 W Icing   : No valid account for uploading user actions
10-29 17:47:03.186 11497 11545 I Icing   : IndexChimeraService.getServiceInterface callingPackage=com.google.android.gms componentName=null serviceId=30
10-29 17:47:03.230 11497 11538 E native  : document-store.cc:1328 Failed to update per-doc-data with usage report
10-29 17:47:03.446 11497 11538 I Icing   : Usage reports ok 3, Failed Usage reports 1, indexed 1, rejected 0
10-29 17:47:03.448 11497 11538 W Icing   : No valid account for uploading user actions
10-29 17:47:03.466 11497 11538 I Icing   : Usage reports ok 0, Failed Usage reports 0, indexed 0, rejected 0
10-29 17:47:03.468 11497 11538 I Icing   : Indexing com.android.chrome-omnibox from com.android.chrome
10-29 17:47:03.652 11497 11538 W Icing   : No valid account for uploading user actions
10-29 17:47:03.669 11497 11538 I Icing   : Usage reports ok 0, Failed Usage reports 0, indexed 0, rejected 0
10-29 17:47:03.696 11497 11538 I Icing   : Indexing done com.android.chrome-omnibox
10-29 17:47:04.199 27246 27300 I cr_omaha: Request to Server Successful. Timestamp for next request:1667062024199
10-29 17:47:04.263 27246 27300 I cr_omaha: Request to Server Successful. Timestamp for next request:1667062024263
10-29 17:47:04.264 27246 27300 I cr_omaha: Attempting to schedule next job for: Sat Oct 29 22:47:03 GMT+02:00 2022
10-29 17:47:04.267 27246 27246 I cr_omaha: Scheduled using JobService
10-29 17:47:04.273 27246 27246 E cr_BkgrdTaskJS: Tried finishing non-current BackgroundTask.
10-29 17:47:04.364 27246 27256 I art     : Background partial concurrent mark sweep GC freed 23737(1397KB) AllocSpace objects, 28(5MB) LOS objects, 39% free, 9MB/15MB, paused 7.015ms total 133.372ms
10-29 17:47:04.672 27246 27303 W InstanceID: Instance ID SDK is deprecated, com.android.chrome should update to use Firebase Instance ID
10-29 17:47:04.725 27246 27246 E cr_BTSPrefs: No data found for task id: 53
10-29 17:47:04.725 27246 27246 E cr_BkgrdTaskScheduler: Task cannot be canceled because no data was found instorage or data was invalid
10-29 17:47:05.102   787  1620 W Icing   : isOptedInForAppHistory: empty Account Name encountered
10-29 17:47:05.159   787  1620 W Icing   : isOptedInForAppHistory: empty Account Name encountered
10-29 17:47:05.721   787 26723 W Icing   : isOptedInForAppHistory: empty Account Name encountered
10-29 17:47:08.089 27246 27246 I cr_tabmodel: Appending tabs being restored to metadata lists, 0, startingNormalCount: 2, startingIncognitoCount: 0
10-29 17:47:08.089 27246 27246 I cr_tabmodel: Serializing tab lists; counts: 2, 0
10-29 17:47:09.201 27246 27246 E cr_BTSPrefs: No data found for task id: 57
10-29 17:47:09.201 27246 27246 E cr_BkgrdTaskScheduler: Task cannot be canceled because no data was found instorage or data was invalid
10-29 17:47:09.202 27246 27246 E cr_BTSPrefs: No data found for task id: 56
10-29 17:47:09.202 27246 27246 E cr_BkgrdTaskScheduler: Task cannot be canceled because no data was found instorage or data was invalid
10-29 17:47:14.270 27755 27755 D AndroidRuntime: >>>>>> START com.android.internal.os.RuntimeInit uid 2000 <<<<<<
10-29 17:47:14.273 27755 27755 D AndroidRuntime: CheckJNI is OFF
10-29 17:47:14.340 27755 27755 D ICU     : No timezone override file found: /data/misc/zoneinfo/current/icu/icu_tzdata.dat
10-29 17:47:14.372 27755 27755 I Radio-JNI: register_android_hardware_Radio DONE
10-29 17:47:14.387 27755 27755 D AndroidRuntime: Calling main entry com.android.commands.monkey.Monkey
10-29 17:47:14.462   600   613 W BroadcastQueue: Skipping deliver [background] BroadcastRecord{2958580 u-1 android.net.conn.CONNECTIVITY_CHANGE} to ReceiverList{95707b9 27755 (unknown name)/2000/u-1 remote:5a342b2}: process crashing
10-29 17:47:15.962 27755 27755 D MonkeyStub: translateCommand: wake
10-29 17:47:16.103 27755 27755 D MonkeyStub: translateCommand: touch down 614 1561
10-29 17:47:16.120 27755 27755 D MonkeyStub: translateCommand: touch move 614 1561
10-29 17:47:16.234 27755 27755 D MonkeyStub: translateCommand: touch move 614 1436
10-29 17:47:16.338 27755 27755 D MonkeyStub: translateCommand: touch move 614 1311
10-29 17:47:16.442 27755 27755 D MonkeyStub: translateCommand: touch move 614 1186
10-29 17:47:16.548 27755 27755 D MonkeyStub: translateCommand: touch move 614 1061
10-29 17:47:16.655 27755 27755 D MonkeyStub: translateCommand: touch move 614 937
10-29 17:47:16.760 27755 27755 D MonkeyStub: translateCommand: touch move 614 812
10-29 17:47:16.872 27755 27755 D MonkeyStub: translateCommand: touch move 614 687
10-29 17:47:16.980 27755 27755 D MonkeyStub: translateCommand: touch move 614 562
10-29 17:47:17.092 27755 27755 D MonkeyStub: translateCommand: touch move 614 437
10-29 17:47:17.204 27755 27755 D MonkeyStub: translateCommand: touch move 614 312
10-29 17:47:17.210 27755 27755 D MonkeyStub: translateCommand: touch up 614 312
10-29 17:47:19.380 27755 27755 D MonkeyStub: translateCommand: touch down 614 1561
10-29 17:47:19.391 27755 27755 D MonkeyStub: translateCommand: touch move 614 1561
10-29 17:47:19.497 27755 27755 D MonkeyStub: translateCommand: touch move 614 1436
10-29 17:47:19.606 27755 27755 D MonkeyStub: translateCommand: touch move 614 1311
10-29 17:47:19.712 27755 27755 D MonkeyStub: translateCommand: touch move 614 1186
10-29 17:47:19.817 27755 27755 D MonkeyStub: translateCommand: touch move 614 1061
10-29 17:47:19.925 27755 27755 D MonkeyStub: translateCommand: touch move 614 937
10-29 17:47:20.035 27755 27755 D MonkeyStub: translateCommand: touch move 614 812
10-29 17:47:20.146 27755 27755 D MonkeyStub: translateCommand: touch move 614 687
10-29 17:47:20.256 27755 27755 D MonkeyStub: translateCommand: touch move 614 562
10-29 17:47:20.369 27755 27755 D MonkeyStub: translateCommand: touch move 614 437
10-29 17:47:20.479 27755 27755 D MonkeyStub: translateCommand: touch move 614 312
10-29 17:47:20.483 27755 27755 D MonkeyStub: translateCommand: touch up 614 312
10-29 17:47:20.520 27755 27755 D MonkeyStub: translateCommand: touch down 614 1561
10-29 17:47:20.524 27755 27755 D MonkeyStub: translateCommand: touch move 614 1561
10-29 17:47:20.630 27755 27755 D MonkeyStub: translateCommand: touch move 614 1436
10-29 17:47:20.742 27755 27755 D MonkeyStub: translateCommand: touch move 614 1311
10-29 17:47:20.854 27755 27755 D MonkeyStub: translateCommand: touch move 614 1186
10-29 17:47:20.965 27755 27755 D MonkeyStub: translateCommand: touch move 614 1061
10-29 17:47:21.090 27755 27755 D MonkeyStub: translateCommand: touch move 614 937
10-29 17:47:21.227 27755 27755 D MonkeyStub: translateCommand: touch move 614 812
10-29 17:47:21.339 27755 27755 D MonkeyStub: translateCommand: touch move 614 687
10-29 17:47:21.475 27755 27755 D MonkeyStub: translateCommand: touch move 614 562
10-29 17:47:21.623 27755 27755 D MonkeyStub: translateCommand: touch move 614 437
10-29 17:47:21.749 27755 27755 D MonkeyStub: translateCommand: touch move 614 312
10-29 17:47:21.755 27755 27755 D MonkeyStub: translateCommand: touch up 614 312
10-29 17:47:26.820 27755 27755 D MonkeyStub: translateCommand: touch down 614 1561
10-29 17:47:26.829 27755 27755 D MonkeyStub: translateCommand: touch move 614 1561
10-29 17:47:26.938 27755 27755 D MonkeyStub: translateCommand: touch move 614 1436
10-29 17:47:27.045 27755 27755 D MonkeyStub: translateCommand: touch move 614 1311
10-29 17:47:27.158 27755 27755 D MonkeyStub: translateCommand: touch move 614 1186
10-29 17:47:27.262 27755 27755 D MonkeyStub: translateCommand: touch move 614 1061
10-29 17:47:27.370 27755 27755 D MonkeyStub: translateCommand: touch move 614 937
10-29 17:47:27.481 27755 27755 D MonkeyStub: translateCommand: touch move 614 812
10-29 17:47:27.589 27755 27755 D MonkeyStub: translateCommand: touch move 614 687
10-29 17:47:27.699 27755 27755 D MonkeyStub: translateCommand: touch move 614 562
10-29 17:47:27.815 27755 27755 D MonkeyStub: translateCommand: touch move 614 437
10-29 17:47:27.919 27755 27755 D MonkeyStub: translateCommand: touch move 614 312
10-29 17:47:27.923 27755 27755 D MonkeyStub: translateCommand: touch up 614 312
10-29 17:47:27.972 27755 27755 D MonkeyStub: translateCommand: touch down 614 1561
10-29 17:47:27.986 27755 27755 D MonkeyStub: translateCommand: touch move 614 1561
10-29 17:47:28.093 27755 27755 D MonkeyStub: translateCommand: touch move 614 1436
10-29 17:47:28.203 27755 27755 D MonkeyStub: translateCommand: touch move 614 1311
10-29 17:47:28.311 27755 27755 D MonkeyStub: translateCommand: touch move 614 1186
10-29 17:47:28.421 27755 27755 D MonkeyStub: translateCommand: touch move 614 1061
10-29 17:47:28.531 27755 27755 D MonkeyStub: translateCommand: touch move 614 937
10-29 17:47:28.639 27755 27755 D MonkeyStub: translateCommand: touch move 614 812
10-29 17:47:28.752 27755 27755 D MonkeyStub: translateCommand: touch move 614 687
10-29 17:47:28.868 27755 27755 D MonkeyStub: translateCommand: touch move 614 562
10-29 17:47:28.977 27755 27755 D MonkeyStub: translateCommand: touch move 614 437
10-29 17:47:29.087 27755 27755 D MonkeyStub: translateCommand: touch move 614 312
10-29 17:47:29.091 27755 27755 D MonkeyStub: translateCommand: touch up 614 312
10-29 17:47:31.260 27755 27755 D MonkeyStub: translateCommand: touch down 614 1561
10-29 17:47:31.271 27755 27755 D MonkeyStub: translateCommand: touch move 614 1561
10-29 17:47:31.385 27755 27755 D MonkeyStub: translateCommand: touch move 614 1436
10-29 17:47:31.495 27755 27755 D MonkeyStub: translateCommand: touch move 614 1311
10-29 17:47:31.601 27755 27755 D MonkeyStub: translateCommand: touch move 614 1186
10-29 17:47:31.711 27755 27755 D MonkeyStub: translateCommand: touch move 614 1061
10-29 17:47:31.820 27755 27755 D MonkeyStub: translateCommand: touch move 614 937
10-29 17:47:31.936 27755 27755 D MonkeyStub: translateCommand: touch move 614 812
10-29 17:47:31.989 11497 11545 I Icing   : IndexChimeraService.getServiceInterface callingPackage=com.android.chrome componentName=null serviceId=36
10-29 17:47:32.019 11497 11538 W Icing   : No valid account for uploading user actions
10-29 17:47:32.043 27755 27755 D MonkeyStub: translateCommand: touch move 614 687
10-29 17:47:32.050 11497 11545 I Icing   : IndexChimeraService.getServiceInterface callingPackage=com.google.android.gms componentName=null serviceId=30
10-29 17:47:32.100   787   802 W SQLiteConnectionPool: A SQLiteConnection object for database '/data/user/0/com.google.android.gms/databases/metadata.db' was leaked!  Please fix your application to end transactions in progress properly and to close the database when it is no longer needed.
10-29 17:47:32.102   787  1258 W GmsStrictMode: LEAKED_CLOSABLE [CONTEXT service_id=256 ]
10-29 17:47:32.102   787  1258 W GmsStrictMode: rvo: LEAKED_CLOSABLE
10-29 17:47:32.102   787  1258 W GmsStrictMode: 	at dalvik.system.VMStack.getThreadStackTrace(Native Method)
10-29 17:47:32.102   787  1258 W GmsStrictMode: 	at java.lang.Thread.getStackTrace(Thread.java:1566)
10-29 17:47:32.102   787  1258 W GmsStrictMode: 	at bhdb.containsKey(:com.google.android.gms@203915020@20.39.15 (040406-335085812):1)
10-29 17:47:32.102   787  1258 W GmsStrictMode: 	at android.os.StrictMode.onVmPolicyViolation(StrictMode.java:1867)
10-29 17:47:32.102   787  1258 W GmsStrictMode: 	at android.os.StrictMode.onVmPolicyViolation(StrictMode.java:1844)
10-29 17:47:32.102   787  1258 W GmsStrictMode: 	at android.os.StrictMode$AndroidCloseGuardReporter.report(StrictMode.java:1590)
10-29 17:47:32.102   787  1258 W GmsStrictMode: 	at dalvik.system.CloseGuard.warnIfOpen(CloseGuard.java:208)
10-29 17:47:32.102   787  1258 W GmsStrictMode: 	at android.database.sqlite.SQLiteConnection.dispose(SQLiteConnection.java:231)
10-29 17:47:32.102   787  1258 W GmsStrictMode: 	at android.database.sqlite.SQLiteConnection.finalize(SQLiteConnection.java:180)
10-29 17:47:32.102   787  1258 W GmsStrictMode: 	at java.lang.Daemons$FinalizerDaemon.doFinalize(Daemons.java:222)
10-29 17:47:32.102   787  1258 W GmsStrictMode: 	at java.lang.Daemons$FinalizerDaemon.run(Daemons.java:209)
10-29 17:47:32.102   787  1258 W GmsStrictMode: 	at java.lang.Thread.run(Thread.java:761)
10-29 17:47:32.141 11497 11538 I Icing   : Usage reports ok 1, Failed Usage reports 0, indexed 1, rejected 0
10-29 17:47:32.154 27755 27755 D MonkeyStub: translateCommand: touch move 614 562
10-29 17:47:32.158 11497 11538 W Icing   : No valid account for uploading user actions
10-29 17:47:32.216 11497 11538 I Icing   : Usage reports ok 0, Failed Usage reports 0, indexed 0, rejected 0
10-29 17:47:32.220 11497 11538 I Icing   : Indexing com.android.chrome-omnibox from com.android.chrome
10-29 17:47:32.229 11497 11538 I Icing   : Indexing done com.android.chrome-omnibox
10-29 17:47:32.265 27755 27755 D MonkeyStub: translateCommand: touch move 614 437
10-29 17:47:32.375 27755 27755 D MonkeyStub: translateCommand: touch move 614 312
10-29 17:47:32.379 27755 27755 D MonkeyStub: translateCommand: touch up 614 312
10-29 17:47:34.537 27755 27755 D MonkeyStub: translateCommand: tap 1233 1011
10-29 17:47:34.846   787  1258 E AsyncOperation: serviceID=121, operation=GetLaunchDataOperation [CONTEXT service_id=259 ]
10-29 17:47:34.846   787  1258 E AsyncOperation: OperationException[Status{statusCode=Not an instant app, resolution=null}]
10-29 17:47:34.846   787  1258 E AsyncOperation: 	at aeay.a(:com.google.android.gms@203915020@20.39.15 (040406-335085812):20)
10-29 17:47:34.846   787  1258 E AsyncOperation: 	at aain.run(:com.google.android.gms@203915020@20.39.15 (040406-335085812):7)
10-29 17:47:34.846   787  1258 E AsyncOperation: 	at boex.run(:com.google.android.gms@203915020@20.39.15 (040406-335085812):2)
10-29 17:47:34.846   787  1258 E AsyncOperation: 	at sup.b(:com.google.android.gms@203915020@20.39.15 (040406-335085812):12)
10-29 17:47:34.846   787  1258 E AsyncOperation: 	at sup.run(:com.google.android.gms@203915020@20.39.15 (040406-335085812):7)
10-29 17:47:34.846   787  1258 E AsyncOperation: 	at java.util.concurrent.ThreadPoolExecutor.runWorker(ThreadPoolExecutor.java:1133)
10-29 17:47:34.846   787  1258 E AsyncOperation: 	at java.util.concurrent.ThreadPoolExecutor$Worker.run(ThreadPoolExecutor.java:607)
10-29 17:47:34.846   787  1258 E AsyncOperation: 	at tam.run(:com.google.android.gms@203915020@20.39.15 (040406-335085812):0)
10-29 17:47:34.846   787  1258 E AsyncOperation: 	at java.lang.Thread.run(Thread.java:761)
10-29 17:47:35.706   787  1174 W Icing   : isOptedInForAppHistory: empty Account Name encountered
10-29 17:47:35.715   787  1174 W Icing   : isOptedInForAppHistory: empty Account Name encountered
10-29 17:47:35.832   787 26384 W Icing   : isOptedInForAppHistory: empty Account Name encountered
10-29 17:47:39.863   600  3994 I ActivityManager: Start proc 27805:com.android.chrome:sandboxed_process18/u0i888 for service com.android.chrome/org.chromium.content.app.SandboxedProcessService18
10-29 17:47:39.901 27805 27805 W boxed_process18: type=1400 audit(0.0:1405): avc: denied { getattr } for path="/data/data/com.android.chrome" dev="dm-2" ino=12190 scontext=u:r:isolated_app:s0:c512,c768 tcontext=u:object_r:app_data_file:s0:c512,c768 tclass=dir permissive=0
10-29 17:47:39.925 27805 27805 I cr_ChildProcessService: Creating new ChildProcessService pid=27805
10-29 17:47:39.979 27805 27818 I cr_LibraryLoader: Loaded native library version number "85.0.4183.127"
10-29 17:47:39.980 27805 27818 I cr_CachingUmaRecorder: Flushed 1 samples from 1 histograms.
10-29 17:47:40.001 27818 27818 W CrUtilityMain: type=1400 audit(0.0:1406): avc: denied { setattr } for name="LICENSE.txt" dev="dm-2" ino=56751 scontext=u:r:isolated_app:s0:c512,c768 tcontext=u:object_r:app_data_file:s0:c512,c768 tclass=file permissive=0
10-29 17:47:40.004 27818 27818 W CrUtilityMain: type=1400 audit(0.0:1407): avc: denied { setattr } for name=46696C746572696E672052756C6573 dev="dm-2" ino=57337 scontext=u:r:isolated_app:s0:c512,c768 tcontext=u:object_r:app_data_file:s0:c512,c768 tclass=file permissive=0
10-29 17:47:40.004 27818 27818 W CrUtilityMain: type=1400 audit(0.0:1408): avc: denied { setattr } for name="manifest.json" dev="dm-2" ino=57772 scontext=u:r:isolated_app:s0:c512,c768 tcontext=u:object_r:app_data_file:s0:c512,c768 tclass=file permissive=0
10-29 17:47:40.007 27818 27818 W CrUtilityMain: type=1400 audit(0.0:1409): avc: denied { setattr } for name="verified_contents.json" dev="dm-2" ino=60488 scontext=u:r:isolated_app:s0:c512,c768 tcontext=u:object_r:app_data_file:s0:c512,c768 tclass=file permissive=0
10-29 17:47:40.019 27805 27818 I chromium: [INFO:child_process_service.cc(69)] ChildProcessService: Exiting child process.
10-29 17:47:40.061   600  1076 I ActivityManager: Process com.android.chrome:sandboxed_process18 (pid 27805) has died
10-29 17:47:40.062   600  1076 D ActivityManager: cleanUpApplicationRecord -- 27805
10-29 17:47:40.081 27246 27246 W chromium: [WARNING:compositor_view.cc(315)] Child process died (type=6) pid=27805)
10-29 17:47:40.106   600 17381 I ActivityManager: Start proc 27822:com.android.chrome:sandboxed_process19/u0i889 for service com.android.chrome/org.chromium.content.app.SandboxedProcessService19
10-29 17:47:40.154 27822 27822 W boxed_process19: type=1400 audit(0.0:1410): avc: denied { getattr } for path="/data/data/com.android.chrome" dev="dm-2" ino=12190 scontext=u:r:isolated_app:s0:c512,c768 tcontext=u:object_r:app_data_file:s0:c512,c768 tclass=dir permissive=0
10-29 17:47:40.176 27822 27822 I cr_ChildProcessService: Creating new ChildProcessService pid=27822
10-29 17:47:40.244 27822 27835 I cr_LibraryLoader: Loaded native library version number "85.0.4183.127"
10-29 17:47:40.244 27822 27835 I cr_CachingUmaRecorder: Flushed 1 samples from 1 histograms.
10-29 17:47:40.281 27835 27835 W CrUtilityMain: type=1400 audit(0.0:1411): avc: denied { setattr } for name="crl-set" dev="dm-2" ino=53016 scontext=u:r:isolated_app:s0:c512,c768 tcontext=u:object_r:app_data_file:s0:c512,c768 tclass=file permissive=0
10-29 17:47:40.284 27835 27835 W CrUtilityMain: type=1400 audit(0.0:1412): avc: denied { setattr } for name="manifest.json" dev="dm-2" ino=24321 scontext=u:r:isolated_app:s0:c512,c768 tcontext=u:object_r:app_data_file:s0:c512,c768 tclass=file permissive=0
10-29 17:47:40.284 27835 27835 W CrUtilityMain: type=1400 audit(0.0:1413): avc: denied { setattr } for name="LICENSE" dev="dm-2" ino=58927 scontext=u:r:isolated_app:s0:c512,c768 tcontext=u:object_r:app_data_file:s0:c512,c768 tclass=file permissive=0
10-29 17:47:40.291 27835 27835 W CrUtilityMain: type=1400 audit(0.0:1414): avc: denied { setattr } for name="verified_contents.json" dev="dm-2" ino=59126 scontext=u:r:isolated_app:s0:c512,c768 tcontext=u:object_r:app_data_file:s0:c512,c768 tclass=file permissive=0
10-29 17:47:40.303 27822 27822 I cr_ChildProcessService: Destroying ChildProcessService pid=27822
10-29 17:47:40.304 27822 27835 I chromium: [INFO:child_process_service.cc(69)] ChildProcessService: Exiting child process.
10-29 17:47:40.328   600  3675 I ActivityManager: Process com.android.chrome:sandboxed_process19 (pid 27822) has died
10-29 17:47:40.328   600  3675 D ActivityManager: cleanUpApplicationRecord -- 27822
10-29 17:47:40.362 27246 27246 W chromium: [WARNING:compositor_view.cc(315)] Child process died (type=6) pid=27822)
10-29 17:47:40.625   600  9614 I ActivityManager: Start proc 27842:com.android.chrome:sandboxed_process20/u0i890 for service com.android.chrome/org.chromium.content.app.SandboxedProcessService20
10-29 17:47:40.709 27246 27246 I cr_tabmodel: Appending tabs being restored to metadata lists, 0, startingNormalCount: 2, startingIncognitoCount: 0
10-29 17:47:40.709 27246 27246 I cr_tabmodel: Serializing tab lists; counts: 2, 0
10-29 17:47:40.797 27842 27842 W boxed_process20: type=1400 audit(0.0:1415): avc: denied { getattr } for path="/data/data/com.android.chrome" dev="dm-2" ino=12190 scontext=u:r:isolated_app:s0:c512,c768 tcontext=u:object_r:app_data_file:s0:c512,c768 tclass=dir permissive=0
10-29 17:47:40.872 27842 27842 I cr_ChildProcessService: Creating new ChildProcessService pid=27842
10-29 17:47:40.976 27842 27858 I cr_LibraryLoader: Loaded native library version number "85.0.4183.127"
10-29 17:47:40.977 27842 27858 I cr_CachingUmaRecorder: Flushed 1 samples from 1 histograms.
10-29 17:47:41.034 27858 27858 W CrUtilityMain: type=1400 audit(0.0:1416): avc: denied { setattr } for name="manifest.json" dev="dm-2" ino=58974 scontext=u:r:isolated_app:s0:c512,c768 tcontext=u:object_r:app_data_file:s0:c512,c768 tclass=file permissive=0
10-29 17:47:41.037 27858 27858 W CrUtilityMain: type=1400 audit(0.0:1417): avc: denied { setattr } for name="verified_contents.json" dev="dm-2" ino=58903 scontext=u:r:isolated_app:s0:c512,c768 tcontext=u:object_r:app_data_file:s0:c512,c768 tclass=file permissive=0
10-29 17:47:41.046 27842 27842 I cr_ChildProcessService: Destroying ChildProcessService pid=27842
10-29 17:47:41.048 27842 27858 I chromium: [INFO:child_process_service.cc(69)] ChildProcessService: Exiting child process.
10-29 17:47:41.069   600  9614 I ActivityManager: Process com.android.chrome:sandboxed_process20 (pid 27842) has died
10-29 17:47:41.069   600  9614 D ActivityManager: cleanUpApplicationRecord -- 27842
10-29 17:47:41.070 27246 27246 W chromium: [WARNING:compositor_view.cc(315)] Child process died (type=6) pid=27842)
10-29 17:47:41.074   198   198 E SELinux : avc:  denied  { find } for service=netd pid=27854 uid=2000 scontext=u:r:shell:s0 tcontext=u:object_r:netd_service:s0 tclass=service_manager permissive=0
10-29 17:47:41.078   198   198 E SELinux : avc:  denied  { find } for service=android.service.gatekeeper.IGateKeeperService pid=27854 uid=2000 scontext=u:r:shell:s0 tcontext=u:object_r:gatekeeper_service:s0 tclass=service_manager permissive=0
10-29 17:47:41.255 27246 27246 I cr_tabmodel: Appending tabs being restored to metadata lists, 0, startingNormalCount: 2, startingIncognitoCount: 0
10-29 17:47:41.255 27246 27246 I cr_tabmodel: Serializing tab lists; counts: 2, 0
10-29 17:47:41.373 27246 27246 I cr_tabmodel: Appending tabs being restored to metadata lists, 0, startingNormalCount: 2, startingIncognitoCount: 0
10-29 17:47:41.373 27246 27246 I cr_tabmodel: Serializing tab lists; counts: 2, 0
10-29 17:47:41.838   600 24515 I ActivityManager: Start proc 27864:com.android.chrome:sandboxed_process21/u0i891 for service com.android.chrome/org.chromium.content.app.SandboxedProcessService21
10-29 17:47:41.894 27864 27864 W boxed_process21: type=1400 audit(0.0:1418): avc: denied { getattr } for path="/data/data/com.android.chrome" dev="dm-2" ino=12190 scontext=u:r:isolated_app:s0:c512,c768 tcontext=u:object_r:app_data_file:s0:c512,c768 tclass=dir permissive=0
10-29 17:47:41.927 27864 27864 I cr_ChildProcessService: Creating new ChildProcessService pid=27864
10-29 17:47:41.988 27864 27877 I cr_LibraryLoader: Loaded native library version number "85.0.4183.127"
10-29 17:47:41.989 27864 27877 I cr_CachingUmaRecorder: Flushed 1 samples from 1 histograms.
10-29 17:47:42.034 27877 27877 W CrUtilityMain: type=1400 audit(0.0:1419): avc: denied { setattr } for name="download_file_types.pb" dev="dm-2" ino=58821 scontext=u:r:isolated_app:s0:c512,c768 tcontext=u:object_r:app_data_file:s0:c512,c768 tclass=file permissive=0
10-29 17:47:42.034 27877 27877 W CrUtilityMain: type=1400 audit(0.0:1420): avc: denied { setattr } for name="manifest.json" dev="dm-2" ino=21998 scontext=u:r:isolated_app:s0:c512,c768 tcontext=u:object_r:app_data_file:s0:c512,c768 tclass=file permissive=0
10-29 17:47:42.037 27877 27877 W CrUtilityMain: type=1400 audit(0.0:1421): avc: denied { setattr } for name="verified_contents.json" dev="dm-2" ino=28801 scontext=u:r:isolated_app:s0:c512,c768 tcontext=u:object_r:app_data_file:s0:c512,c768 tclass=file permissive=0
10-29 17:47:42.058 27864 27864 I cr_ChildProcessService: Destroying ChildProcessService pid=27864
10-29 17:47:42.086 27864 27877 I chromium: [INFO:child_process_service.cc(69)] ChildProcessService: Exiting child process.
10-29 17:47:42.145   600  3675 I ActivityManager: Process com.android.chrome:sandboxed_process21 (pid 27864) has died
10-29 17:47:42.145   600  3675 D ActivityManager: cleanUpApplicationRecord -- 27864
10-29 17:47:42.152 27246 27246 W chromium: [WARNING:compositor_view.cc(315)] Child process died (type=6) pid=27864)
10-29 17:47:42.587 27755 27755 D MonkeyStub: translateCommand: touch down 614 1561
10-29 17:47:42.599 27755 27755 D MonkeyStub: translateCommand: touch move 614 1561
10-29 17:47:42.705 27755 27755 D MonkeyStub: translateCommand: touch move 614 1436
10-29 17:47:42.815 27755 27755 D MonkeyStub: translateCommand: touch move 614 1311
10-29 17:47:42.923 27755 27755 D MonkeyStub: translateCommand: touch move 614 1186
10-29 17:47:43.032 27755 27755 D MonkeyStub: translateCommand: touch move 614 1061
10-29 17:47:43.090   600  2707 I ActivityManager: Start proc 27883:com.android.chrome:sandboxed_process22/u0i892 for service com.android.chrome/org.chromium.content.app.SandboxedProcessService22
10-29 17:47:43.127 27883 27883 W boxed_process22: type=1400 audit(0.0:1422): avc: denied { getattr } for path="/data/data/com.android.chrome" dev="dm-2" ino=12190 scontext=u:r:isolated_app:s0:c512,c768 tcontext=u:object_r:app_data_file:s0:c512,c768 tclass=dir permissive=0
10-29 17:47:43.145 27755 27755 D MonkeyStub: translateCommand: touch move 614 937
10-29 17:47:43.165 27883 27883 I cr_ChildProcessService: Creating new ChildProcessService pid=27883
10-29 17:47:43.228 27883 27896 I cr_LibraryLoader: Loaded native library version number "85.0.4183.127"
10-29 17:47:43.229 27883 27896 I cr_CachingUmaRecorder: Flushed 1 samples from 1 histograms.
10-29 17:47:43.241 27896 27896 W CrUtilityMain: type=1400 audit(0.0:1423): avc: denied { setattr } for name="ssl_error_assistant.pb" dev="dm-2" ino=59419 scontext=u:r:isolated_app:s0:c512,c768 tcontext=u:object_r:app_data_file:s0:c512,c768 tclass=file permissive=0
10-29 17:47:43.241 27896 27896 W CrUtilityMain: type=1400 audit(0.0:1424): avc: denied { setattr } for name="manifest.json" dev="dm-2" ino=59116 scontext=u:r:isolated_app:s0:c512,c768 tcontext=u:object_r:app_data_file:s0:c512,c768 tclass=file permissive=0
10-29 17:47:43.244 27896 27896 W CrUtilityMain: type=1400 audit(0.0:1425): avc: denied { setattr } for name="verified_contents.json" dev="dm-2" ino=24430 scontext=u:r:isolated_app:s0:c512,c768 tcontext=u:object_r:app_data_file:s0:c512,c768 tclass=file permissive=0
10-29 17:47:43.253 27883 27896 I chromium: [INFO:child_process_service.cc(69)] ChildProcessService: Exiting child process.
10-29 17:47:43.254   197   197 E lowmemorykiller: Error writing /proc/27883/oom_score_adj; errno=22
10-29 17:47:43.255 27755 27755 D MonkeyStub: translateCommand: touch move 614 812
10-29 17:47:43.284   600  1076 I ActivityManager: Process com.android.chrome:sandboxed_process22 (pid 27883) has died
10-29 17:47:43.284   600  1076 D ActivityManager: cleanUpApplicationRecord -- 27883
10-29 17:47:43.290 27246 27246 W chromium: [WARNING:compositor_view.cc(315)] Child process died (type=6) pid=27883)
10-29 17:47:43.366 27755 27755 D MonkeyStub: translateCommand: touch move 614 687
10-29 17:47:43.473 27755 27755 D MonkeyStub: translateCommand: touch move 614 562
10-29 17:47:43.581 27755 27755 D MonkeyStub: translateCommand: touch move 614 437
10-29 17:47:43.690 27755 27755 D MonkeyStub: translateCommand: touch move 614 312
10-29 17:47:43.706 27755 27755 D MonkeyStub: translateCommand: touch up 614 312
10-29 17:47:44.359 27246 27246 I cr_tabmodel: Appending tabs being restored to metadata lists, 0, startingNormalCount: 2, startingIncognitoCount: 0
10-29 17:47:44.359 27246 27246 I cr_tabmodel: Serializing tab lists; counts: 2, 0
10-29 17:47:44.518   600   610 I ActivityManager: Start proc 27900:com.android.chrome:sandboxed_process23/u0i893 for service com.android.chrome/org.chromium.content.app.SandboxedProcessService23
10-29 17:47:44.554 27900 27900 W boxed_process23: type=1400 audit(0.0:1426): avc: denied { getattr } for path="/data/data/com.android.chrome" dev="dm-2" ino=12190 scontext=u:r:isolated_app:s0:c512,c768 tcontext=u:object_r:app_data_file:s0:c512,c768 tclass=dir permissive=0
10-29 17:47:44.576 27900 27900 I cr_ChildProcessService: Creating new ChildProcessService pid=27900
10-29 17:47:44.626 27900 27913 I cr_LibraryLoader: Loaded native library version number "85.0.4183.127"
10-29 17:47:44.626 27900 27913 I cr_CachingUmaRecorder: Flushed 1 samples from 1 histograms.
10-29 17:47:44.647 27913 27913 W CrUtilityMain: type=1400 audit(0.0:1427): avc: denied { setattr } for name="safety_tips.pb" dev="dm-2" ino=57910 scontext=u:r:isolated_app:s0:c512,c768 tcontext=u:object_r:app_data_file:s0:c512,c768 tclass=file permissive=0
10-29 17:47:44.651 27913 27913 W CrUtilityMain: type=1400 audit(0.0:1428): avc: denied { setattr } for name="manifest.json" dev="dm-2" ino=58168 scontext=u:r:isolated_app:s0:c512,c768 tcontext=u:object_r:app_data_file:s0:c512,c768 tclass=file permissive=0
10-29 17:47:44.651 27913 27913 W CrUtilityMain: type=1400 audit(0.0:1429): avc: denied { setattr } for name="verified_contents.json" dev="dm-2" ino=58317 scontext=u:r:isolated_app:s0:c512,c768 tcontext=u:object_r:app_data_file:s0:c512,c768 tclass=file permissive=0
10-29 17:47:44.660 27900 27900 I cr_ChildProcessService: Destroying ChildProcessService pid=27900
10-29 17:47:44.661 27900 27913 I chromium: [INFO:child_process_service.cc(69)] ChildProcessService: Exiting child process.
10-29 17:47:44.685   600  6312 I ActivityManager: Process com.android.chrome:sandboxed_process23 (pid 27900) has died
10-29 17:47:44.685   600  6312 D ActivityManager: cleanUpApplicationRecord -- 27900
10-29 17:47:44.687 27246 27246 W chromium: [WARNING:compositor_view.cc(315)] Child process died (type=6) pid=27900)
10-29 17:47:46.177   600 17381 I ActivityManager: Start proc 27919:com.android.chrome:sandboxed_process24/u0i894 for service com.android.chrome/org.chromium.content.app.SandboxedProcessService24
10-29 17:47:46.237 27919 27919 W boxed_process24: type=1400 audit(0.0:1430): avc: denied { getattr } for path="/data/data/com.android.chrome" dev="dm-2" ino=12190 scontext=u:r:isolated_app:s0:c512,c768 tcontext=u:object_r:app_data_file:s0:c512,c768 tclass=dir permissive=0
10-29 17:47:46.270 27919 27919 I cr_ChildProcessService: Creating new ChildProcessService pid=27919
10-29 17:47:46.353 27919 27932 I cr_LibraryLoader: Loaded native library version number "85.0.4183.127"
10-29 17:47:46.353 27919 27932 I cr_CachingUmaRecorder: Flushed 1 samples from 1 histograms.
10-29 17:47:46.374 27932 27932 W CrUtilityMain: type=1400 audit(0.0:1431): avc: denied { setattr } for name=5072656C6F61642044617461 dev="dm-2" ino=12875 scontext=u:r:isolated_app:s0:c512,c768 tcontext=u:object_r:app_data_file:s0:c512,c768 tclass=file permissive=0
10-29 17:47:46.377 27932 27932 W CrUtilityMain: type=1400 audit(0.0:1432): avc: denied { setattr } for name="manifest.json" dev="dm-2" ino=41496 scontext=u:r:isolated_app:s0:c512,c768 tcontext=u:object_r:app_data_file:s0:c512,c768 tclass=file permissive=0
10-29 17:47:46.381 27932 27932 W CrUtilityMain: type=1400 audit(0.0:1433): avc: denied { setattr } for name="verified_contents.json" dev="dm-2" ino=27136 scontext=u:r:isolated_app:s0:c512,c768 tcontext=u:object_r:app_data_file:s0:c512,c768 tclass=file permissive=0
10-29 17:47:46.391 27919 27932 I chromium: [INFO:child_process_service.cc(69)] ChildProcessService: Exiting child process.
10-29 17:47:46.393   197   197 E lowmemorykiller: Error writing /proc/27919/oom_score_adj; errno=22
10-29 17:47:46.422   600   707 I ActivityManager: Process com.android.chrome:sandboxed_process24 (pid 27919) has died
10-29 17:47:46.422   600   707 D ActivityManager: cleanUpApplicationRecord -- 27919
10-29 17:47:46.428 27246 27246 W chromium: [WARNING:compositor_view.cc(315)] Child process died (type=6) pid=27919)
10-29 17:47:47.849 27755 27755 D MonkeyStub: translateCommand: touch down 614 1561
10-29 17:47:47.859 27755 27755 D MonkeyStub: translateCommand: touch move 614 1561
10-29 17:47:47.968 27755 27755 D MonkeyStub: translateCommand: touch move 614 1436
10-29 17:47:48.073 27755 27755 D MonkeyStub: translateCommand: touch move 614 1311
10-29 17:47:48.178 27755 27755 D MonkeyStub: translateCommand: touch move 614 1186
10-29 17:47:48.180   600  3507 I ActivityManager: Start proc 27936:com.android.chrome:sandboxed_process25/u0i895 for service com.android.chrome/org.chromium.content.app.SandboxedProcessService25
10-29 17:47:48.244 27936 27936 W boxed_process25: type=1400 audit(0.0:1434): avc: denied { getattr } for path="/data/data/com.android.chrome" dev="dm-2" ino=12190 scontext=u:r:isolated_app:s0:c512,c768 tcontext=u:object_r:app_data_file:s0:c512,c768 tclass=dir permissive=0
10-29 17:47:48.264 27936 27936 I cr_ChildProcessService: Creating new ChildProcessService pid=27936
10-29 17:47:48.289 27755 27755 D MonkeyStub: translateCommand: touch move 614 1061
10-29 17:47:48.311 27936 27949 I cr_LibraryLoader: Loaded native library version number "85.0.4183.127"
10-29 17:47:48.312 27936 27949 I cr_CachingUmaRecorder: Flushed 1 samples from 1 histograms.
10-29 17:47:48.344 27949 27949 W CrUtilityMain: type=1400 audit(0.0:1435): avc: denied { setattr } for name="tls_deprecation_config.pb" dev="dm-2" ino=28136 scontext=u:r:isolated_app:s0:c512,c768 tcontext=u:object_r:app_data_file:s0:c512,c768 tclass=file permissive=0
10-29 17:47:48.344 27949 27949 W CrUtilityMain: type=1400 audit(0.0:1436): avc: denied { setattr } for name="manifest.json" dev="dm-2" ino=27990 scontext=u:r:isolated_app:s0:c512,c768 tcontext=u:object_r:app_data_file:s0:c512,c768 tclass=file permissive=0
10-29 17:47:48.351 27949 27949 W CrUtilityMain: type=1400 audit(0.0:1437): avc: denied { setattr } for name="verified_contents.json" dev="dm-2" ino=23779 scontext=u:r:isolated_app:s0:c512,c768 tcontext=u:object_r:app_data_file:s0:c512,c768 tclass=file permissive=0
10-29 17:47:48.355 27936 27949 I chromium: [INFO:child_process_service.cc(69)] ChildProcessService: Exiting child process.
10-29 17:47:48.359   197   197 E lowmemorykiller: Error writing /proc/27936/oom_score_adj; errno=22
10-29 17:47:48.369   600  6312 I ActivityManager: Process com.android.chrome:sandboxed_process25 (pid 27936) has died
10-29 17:47:48.369   600  6312 D ActivityManager: cleanUpApplicationRecord -- 27936
10-29 17:47:48.374 27246 27246 W chromium: [WARNING:compositor_view.cc(315)] Child process died (type=6) pid=27936)
10-29 17:47:48.394 27755 27755 D MonkeyStub: translateCommand: touch move 614 937
10-29 17:47:48.505 27755 27755 D MonkeyStub: translateCommand: touch move 614 812
10-29 17:47:48.610 27755 27755 D MonkeyStub: translateCommand: touch move 614 687
10-29 17:47:48.728 27755 27755 D MonkeyStub: translateCommand: touch move 614 562
10-29 17:47:48.839 27755 27755 D MonkeyStub: translateCommand: touch move 614 437
10-29 17:47:48.945 27755 27755 D MonkeyStub: translateCommand: touch move 614 312
10-29 17:47:48.949 27755 27755 D MonkeyStub: translateCommand: touch up 614 312
10-29 17:47:48.989 27755 27755 D MonkeyStub: translateCommand: touch down 614 1561
10-29 17:47:48.995 27755 27755 D MonkeyStub: translateCommand: touch move 614 1561
10-29 17:47:49.106 27755 27755 D MonkeyStub: translateCommand: touch move 614 1436
10-29 17:47:49.215 27755 27755 D MonkeyStub: translateCommand: touch move 614 1311
10-29 17:47:49.325 27755 27755 D MonkeyStub: translateCommand: touch move 614 1186
10-29 17:47:49.440 27755 27755 D MonkeyStub: translateCommand: touch move 614 1061
10-29 17:47:49.553 27755 27755 D MonkeyStub: translateCommand: touch move 614 937
10-29 17:47:49.662 27755 27755 D MonkeyStub: translateCommand: touch move 614 812
10-29 17:47:49.777 27755 27755 D MonkeyStub: translateCommand: touch move 614 687
10-29 17:47:49.891 27755 27755 D MonkeyStub: translateCommand: touch move 614 562
10-29 17:47:49.999 27755 27755 D MonkeyStub: translateCommand: touch move 614 437
10-29 17:47:50.111 27755 27755 D MonkeyStub: translateCommand: touch move 614 312
10-29 17:47:50.117 27755 27755 D MonkeyStub: translateCommand: touch up 614 312
10-29 17:47:50.820   600  1081 I ActivityManager: Start proc 27954:com.android.chrome:sandboxed_process26/u0i896 for service com.android.chrome/org.chromium.content.app.SandboxedProcessService26
