10-30 14:13:30.028 29347 29347 D MonkeyStub: translateCommand: touch move 614 1561
10-30 14:13:30.136 29347 29347 D MonkeyStub: translateCommand: touch move 614 1436
10-30 14:13:30.244 29347 29347 D MonkeyStub: translateCommand: touch move 614 1311
10-30 14:13:30.352 29347 29347 D MonkeyStub: translateCommand: touch move 614 1186
10-30 14:13:30.456 29347 29347 D MonkeyStub: translateCommand: touch move 614 1061
10-30 14:13:30.567 29347 29347 D MonkeyStub: translateCommand: touch move 614 937
10-30 14:13:30.671 29347 29347 D MonkeyStub: translateCommand: touch move 614 812
10-30 14:13:30.789 29347 29347 D MonkeyStub: translateCommand: touch move 614 687
10-30 14:13:30.895 29347 29347 D MonkeyStub: translateCommand: touch move 614 562
10-30 14:13:31.000 29347 29347 D MonkeyStub: translateCommand: touch move 614 437
10-30 14:13:31.109 29347 29347 D MonkeyStub: translateCommand: touch move 614 312
10-30 14:13:31.113 29347 29347 D MonkeyStub: translateCommand: touch up 614 312
10-30 14:13:31.122 29347 29347 D MonkeyStub: Quit requested
10-30 14:13:31.153 29347 29347 I art     : System.exit called, status: 145
10-30 14:13:31.153 29347 29347 I AndroidRuntime: VM exiting with result code 145.
10-30 14:13:31.153   600   614 I CwMcuSensor: CwMcuSensor::flush: fd = 239, sensors_id = 0, path = /sys/class/htc_sensorhub/sensor_hub/flush, err = 0
10-30 14:13:31.195   600   600 E JavaBinder: !!! FAILED BINDER TRANSACTION !!!  (parcel size = 1884)
10-30 14:13:31.208   600   600 E AccessibilityManagerService: Error during sending EventType: TYPE_VIEW_SCROLLED; EventTime: 77575231; PackageName: com.android.chrome; MovementGranularity: 0; Action: 0 [ ClassName: android.webkit.WebView; Text: []; ContentDescription: null; ItemCount: 0; CurrentItemIndex: 0; IsEnabled: true; IsPassword: false; IsChecked: false; IsFullScreen: false; Scrollable: true; BeforeText: null; FromIndex: -1; ToIndex: -1; ScrollX: 0; ScrollY: 5973; MaxScrollX: 0; MaxScrollY: 24991; AddedCount: -1; RemovedCount: -1; ParcelableData: null ]; recordCount: 0 to android.accessibilityservice.IAccessibilityServiceClient$Stub$Proxy@ee84398
10-30 14:13:31.208   600   600 E AccessibilityManagerService: android.os.DeadObjectException: Transaction failed on small parcel; remote process probably died
10-30 14:13:31.208   600   600 E AccessibilityManagerService: 	at android.os.BinderProxy.transactNative(Native Method)
10-30 14:13:31.208   600   600 E AccessibilityManagerService: 	at android.os.BinderProxy.transact(Binder.java:615)
10-30 14:13:31.208   600   600 E AccessibilityManagerService: 	at android.accessibilityservice.IAccessibilityServiceClient$Stub$Proxy.onAccessibilityEvent(IAccessibilityServiceClient.java:191)
10-30 14:13:31.208   600   600 E AccessibilityManagerService: 	at com.android.server.accessibility.AccessibilityManagerService$Service.notifyAccessibilityEventInternal(AccessibilityManagerService.java:3245)
10-30 14:13:31.208   600   600 E AccessibilityManagerService: 	at com.android.server.accessibility.AccessibilityManagerService$Service.-wrap0(AccessibilityManagerService.java)
10-30 14:13:31.208   600   600 E AccessibilityManagerService: 	at com.android.server.accessibility.AccessibilityManagerService$Service$1.handleMessage(AccessibilityManagerService.java:2260)
10-30 14:13:31.208   600   600 E AccessibilityManagerService: 	at android.os.Handler.dispatchMessage(Handler.java:102)
10-30 14:13:31.208   600   600 E AccessibilityManagerService: 	at android.os.Looper.loop(Looper.java:154)
10-30 14:13:31.208   600   600 E AccessibilityManagerService: 	at com.android.server.SystemServer.run(SystemServer.java:349)
10-30 14:13:31.208   600   600 E AccessibilityManagerService: 	at com.android.server.SystemServer.main(SystemServer.java:219)
10-30 14:13:31.208   600   600 E AccessibilityManagerService: 	at java.lang.reflect.Method.invoke(Native Method)
10-30 14:13:31.208   600   600 E AccessibilityManagerService: 	at com.android.internal.os.ZygoteInit$MethodAndArgsCaller.run(ZygoteInit.java:886)
10-30 14:13:31.208   600   600 E AccessibilityManagerService: 	at com.android.internal.os.ZygoteInit.main(ZygoteInit.java:776)
10-30 14:13:31.218   600 24515 W WindowManager: Attempted to remove non-existing token: android.os.Binder@650c153
10-30 14:13:31.468   787  1259 W ProcessReaper: Memory state is: 100
10-30 14:13:35.906 26079 26553 I Icing   : IndexChimeraService.getServiceInterface callingPackage=com.android.chrome componentName=null serviceId=36
10-30 14:13:35.950 26079 26584 W Icing   : No valid account for uploading user actions
10-30 14:13:35.992 26079 26553 I Icing   : IndexChimeraService.getServiceInterface callingPackage=com.google.android.gms componentName=null serviceId=30
10-30 14:13:36.016 26079 26584 I Icing   : Usage reports ok 1, Failed Usage reports 0, indexed 1, rejected 0
10-30 14:13:36.019 26079 26584 W Icing   : No valid account for uploading user actions
10-30 14:13:36.028 26079 26584 I Icing   : Usage reports ok 0, Failed Usage reports 0, indexed 0, rejected 0
10-30 14:13:36.031 26079 26584 I Icing   : Indexing com.android.chrome-omnibox from com.android.chrome
10-30 14:13:36.073 26079 26392 I Icing   : Indexing done com.android.chrome-omnibox
10-30 14:13:37.073   787 28588 W Icing   : isOptedInForAppHistory: empty Account Name encountered
10-30 14:13:37.112   787 27204 W Icing   : isOptedInForAppHistory: empty Account Name encountered
10-30 14:13:47.268 29600 29600 D AndroidRuntime: >>>>>> START com.android.internal.os.RuntimeInit uid 2000 <<<<<<
10-30 14:13:47.272 29600 29600 D AndroidRuntime: CheckJNI is OFF
10-30 14:13:47.342 29600 29600 D ICU     : No timezone override file found: /data/misc/zoneinfo/current/icu/icu_tzdata.dat
10-30 14:13:47.373 29600 29600 I Radio-JNI: register_android_hardware_Radio DONE
10-30 14:13:47.389 29600 29600 D AndroidRuntime: Calling main entry com.android.commands.am.Am
10-30 14:13:47.404   600 13557 I ActivityManager: Force stopping com.android.chrome appid=10035 user=0: from pid 29600
10-30 14:13:47.405   600 13557 I ActivityManager: Killing 28879:com.android.chrome:privileged_process0/u0a35 (adj 0): stop com.android.chrome
10-30 14:13:47.405   600 13557 D ActivityManager: cleanUpApplicationRecord -- 28879
10-30 14:13:47.405   600 13557 W ActivityManager: Scheduling restart of crashed service com.android.chrome/org.chromium.content.app.PrivilegedProcessService0 in 1000ms
10-30 14:13:47.405   600 13557 I ActivityManager: Killing 28819:com.android.chrome/u0a35 (adj 0): stop com.android.chrome
10-30 14:13:47.405   600 13557 D ActivityManager: cleanUpApplicationRecord -- 28819
10-30 14:13:47.408   600 13557 W ActivityManager: Force removing ActivityRecord{1c4493e u0 com.android.chrome/com.google.android.apps.chrome.Main t1743}: app died, no saved state
10-30 14:13:47.416   600 13557 I ActivityManager: Killing 29277:com.android.chrome:sandboxed_process18/u0a35i220 (adj 0): isolated not needed
10-30 14:13:47.416   600 13557 I ActivityManager: Killing 28853:com.android.chrome:sandboxed_process0/u0a35i202 (adj 0): isolated not needed
10-30 14:13:47.448 29600 29600 D AndroidRuntime: Shutting down VM
10-30 14:13:47.453   600  3675 D ConnectivityService: ConnectivityService NetworkRequestInfo binderDied(NetworkRequest [ LISTEN id=1002, [ Capabilities: INTERNET&NOT_RESTRICTED&TRUSTED&FOREGROUND] ], android.os.BinderProxy@9e3e655)
10-30 14:13:47.454   600  3675 D ConnectivityService: ConnectivityService NetworkRequestInfo binderDied(NetworkRequest [ LISTEN id=1001, [ Capabilities: INTERNET&NOT_RESTRICTED&TRUSTED&FOREGROUND] ], android.os.BinderProxy@f5286a)
10-30 14:13:47.454   600  3675 D ConnectivityService: ConnectivityService NetworkRequestInfo binderDied(NetworkRequest [ LISTEN id=999, [ Capabilities: INTERNET&NOT_RESTRICTED&TRUSTED&FOREGROUND] ], android.os.BinderProxy@6aeb15b)
10-30 14:13:47.455   600  3675 D ConnectivityService: ConnectivityService NetworkRequestInfo binderDied(NetworkRequest [ LISTEN id=1000, [ Capabilities: INTERNET&NOT_RESTRICTED&TRUSTED&FOREGROUND] ], android.os.BinderProxy@9cd6df8)
10-30 14:13:47.455   600  3675 D GraphicsStats: Buffer count: 2
10-30 14:13:47.463  1084  1171 I OpenGLRenderer: Initialized EGL, version 1.4
10-30 14:13:47.463  1084  1171 D OpenGLRenderer: Swap behavior 2
10-30 14:13:47.482   600   649 E ConnectivityService: RemoteException caught trying to send a callback msg for NetworkRequest [ LISTEN id=1002, [ Capabilities: INTERNET&NOT_RESTRICTED&TRUSTED&FOREGROUND] ]
10-30 14:13:47.485   600   649 E ConnectivityService: RemoteException caught trying to send a callback msg for NetworkRequest [ LISTEN id=1001, [ Capabilities: INTERNET&NOT_RESTRICTED&TRUSTED&FOREGROUND] ]
10-30 14:13:47.486   600   649 E ConnectivityService: RemoteException caught trying to send a callback msg for NetworkRequest [ LISTEN id=999, [ Capabilities: INTERNET&NOT_RESTRICTED&TRUSTED&FOREGROUND] ]
10-30 14:13:47.493   600   649 E ConnectivityService: RemoteException caught trying to send a callback msg for NetworkRequest [ LISTEN id=1000, [ Capabilities: INTERNET&NOT_RESTRICTED&TRUSTED&FOREGROUND] ]
10-30 14:13:47.521  1061  1061 D RegisteredNfcFServicesCache: Service unchanged, not updating
10-30 14:13:47.574   600   610 D ActivityManager: cleanUpApplicationRecord -- 28853
10-30 14:13:47.582 16251 16320 I AttachedClient: Adding client event 2 to pending list.
10-30 14:13:47.600 16251 16251 I OptInState: There is a new client and it does not support opt-in. Dropping request.
10-30 14:13:47.607 16251 16251 I MicroDetectionWorker: Micro detection mode: [mDetectionMode: [1]].
10-30 14:13:47.613 16251 29613 I MicroRecognitionRunner: Starting detection.
10-30 14:13:47.615 16251 16283 I MicrophoneInputStream: mic_starting com.google.android.apps.gsa.speech.audio.ae@b9c1c44
10-30 14:13:47.617   600 29683 D ActivityManager: cleanUpApplicationRecord -- 29277
10-30 14:13:47.637   238   285 I SoundTriggerHwService::Module: void android::SoundTriggerHwService::Module::onCallbackEvent(const sp<android::SoundTriggerHwService::CallbackEvent> &) mClient == 0
10-30 14:13:47.638   238 29615 I AudioFlinger: AudioFlinger's thread 0xef692940 ready to run
10-30 14:13:47.641 16251 16283 I MicrophoneInputStream: mic_started com.google.android.apps.gsa.speech.audio.ae@b9c1c44
10-30 14:13:47.818 16251 16251 I MicroDetectionWorker: onReady
10-30 14:13:47.955 29617 29617 D AndroidRuntime: >>>>>> START com.android.internal.os.RuntimeInit uid 2000 <<<<<<
10-30 14:13:47.958 29617 29617 D AndroidRuntime: CheckJNI is OFF
10-30 14:13:48.002  1084  1171 W OpenGLRenderer: Incorrectly called buildLayer on View: ShortcutAndWidgetContainer, destroying layer...
10-30 14:13:48.032 29617 29617 D ICU     : No timezone override file found: /data/misc/zoneinfo/current/icu/icu_tzdata.dat
10-30 14:13:48.060 29617 29617 I Radio-JNI: register_android_hardware_Radio DONE
10-30 14:13:48.075 29617 29617 D AndroidRuntime: Calling main entry com.android.commands.pm.Pm
10-30 14:13:48.089   600  3509 I ActivityManager: Force stopping com.android.chrome appid=10035 user=0: clear data
10-30 14:13:48.090   600   613 I ActivityManager: Force stopping com.android.chrome appid=10035 user=-1: clearApplicationUserData
10-30 14:13:48.137 29617 29617 I art     : System.exit called, status: 0
10-30 14:13:48.137 29617 29617 I AndroidRuntime: VM exiting with result code 0.
10-30 14:13:48.142   787   787 I GeofencerStateMachine: removeGeofences: removeRequest=RemoveGeofencingRequest[REMOVE_ALL packageName=com.android.chrome]
10-30 14:13:48.147  1061  1061 D RegisteredNfcFServicesCache: Service unchanged, not updating
10-30 14:13:48.180 26079 26392 I Icing   : doRemovePackageData com.android.chrome
10-30 14:13:48.180 26079 26392 I Icing   : Removing corpus key com.android.chrome-.implicit: for package com.android.chrome
10-30 14:13:48.182   600   612 W ResourceType: No known package when getting value for resource number 0x7f080316
10-30 14:13:48.182   600   612 W ResourceType: No known package when getting value for resource number 0x7f130448
10-30 14:13:48.183   600   612 W ResourceType: No known package when getting value for resource number 0x7f080315
10-30 14:13:48.183   600   612 W ResourceType: No known package when getting value for resource number 0x7f130123
10-30 14:13:48.183   600   612 W ResourceType: No known package when getting value for resource number 0x7f130447
10-30 14:13:48.183   600   612 W ResourceType: No known package when getting value for resource number 0x7f1302e4
10-30 14:13:48.183   600   612 E ShortcutService: Ignoring excessive intent tag.
10-30 14:13:48.220   787 29642 I Fitness : FitCleanupIntentOperation received Intent android.intent.action.PACKAGE_DATA_CLEARED [CONTEXT service_id=17 ]
10-30 14:13:48.229 26079 26392 I native  : flash-index.cc:1519 Flash index sort hb 48 prefix-hits 84 -> 77 at 11.545ms
10-30 14:13:48.258 26079 26392 I Icing   : Removing corpus key com.android.chrome-omnibox for package com.android.chrome
10-30 14:13:48.316 26079 26392 I Icing   : Starting compaction min disk 99.931% min index 99.993%
10-30 14:13:48.434 26079 26392 I native  : document-store.cc:1654 Scored 1810 usage reports, missing_corpora 959 update_failed 1
10-30 14:13:48.464 26079 26392 W native  : words-map.cc:30 INVALID_ARGUMENT: Empty URI
10-30 14:13:48.464 26079 26392 W native  : words-map.cc:34 WordsMap was not properly initialized
10-30 14:13:48.540 26079 26392 E native  : compactor.cc:67 Could not index embedding for docid 1: INTERNAL: Unable to find Thing Proto section 
10-30 14:13:48.541 26079 26392 E native  : compactor.cc:67 Could not index embedding for docid 3: INTERNAL: Unable to find Thing Proto section 
10-30 14:13:48.541 26079 26392 E native  : compactor.cc:67 Could not index embedding for docid 5: INTERNAL: Unable to find Thing Proto section 
10-30 14:13:48.541 26079 26392 E native  : compactor.cc:67 Could not index embedding for docid 7: INTERNAL: Unable to find Thing Proto section 
10-30 14:13:48.547 26079 26392 E native  : compactor.cc:67 Could not index embedding for docid 8: INTERNAL: Unable to find Thing Proto section 
10-30 14:13:48.547 26079 26392 E native  : compactor.cc:67 Could not index embedding for docid 10: INTERNAL: Unable to find Thing Proto section 
10-30 14:13:48.547 26079 26392 E native  : compactor.cc:67 Could not index embedding for docid 11: INTERNAL: Unable to find Thing Proto section 
10-30 14:13:48.548 26079 26392 E native  : compactor.cc:67 Could not index embedding for docid 13: INTERNAL: Unable to find Thing Proto section 
10-30 14:13:48.548 26079 26392 E native  : compactor.cc:67 Could not index embedding for docid 14: INTERNAL: Unable to find Thing Proto section 
10-30 14:13:48.554 26079 26392 E native  : compactor.cc:67 Could not index embedding for docid 17: INTERNAL: Unable to find Thing Proto section 
10-30 14:13:48.554 26079 26392 E native  : compactor.cc:67 Could not index embedding for docid 18: INTERNAL: Unable to find Thing Proto section 
10-30 14:13:48.555 26079 26392 E native  : compactor.cc:67 Could not index embedding for docid 21: INTERNAL: Unable to find Thing Proto section 
10-30 14:13:48.556 26079 26392 E native  : compactor.cc:67 Could not index embedding for docid 22: INTERNAL: Unable to find Thing Proto section 
10-30 14:13:48.561 26079 26392 E native  : compactor.cc:67 Could not index embedding for docid 26: INTERNAL: Unable to find Thing Proto section 
10-30 14:13:48.561 26079 26392 E native  : compactor.cc:67 Could not index embedding for docid 27: INTERNAL: Unable to find Thing Proto section 
10-30 14:13:48.617 26079 26392 I native  : flash-index.cc:1519 Flash index sort hb 34 prefix-hits 54 -> 54 at 34.726ms
10-30 14:13:48.645 26079 26392 W native  : words-map.cc:30 INVALID_ARGUMENT: Empty URI
10-30 14:13:48.645 26079 26392 W native  : words-map.cc:34 WordsMap was not properly initialized
10-30 14:13:48.686 26079 26392 I Icing   : updateResources: need to parse acol{com.android.chrome}
10-30 14:13:48.752 26079 26392 I Icing   : Indexing com.android.chrome-omnibox from com.android.chrome
10-30 14:13:48.763   600   707 I ActivityManager: Start proc 29644:com.android.chrome/u0a35 for content provider com.android.chrome/com.google.android.apps.chrome.icing.IcingProvider
10-30 14:13:48.857 26079 26392 I Icing   : Indexing done com.android.chrome-omnibox
