--------- beginning of main
10-31 14:49:24.572  6720  6720 D AndroidRuntime: >>>>>> START com.android.internal.os.RuntimeInit uid 2000 <<<<<<
10-31 14:49:24.575  6720  6720 D AndroidRuntime: CheckJNI is OFF
10-31 14:49:24.641  6720  6720 D ICU     : No timezone override file found: /data/misc/zoneinfo/current/icu/icu_tzdata.dat
10-31 14:49:24.670  6720  6720 I Radio-JNI: register_android_hardware_Radio DONE
10-31 14:49:24.684  6720  6720 D AndroidRuntime: Calling main entry com.android.commands.am.Am
--------- beginning of system
10-31 14:49:24.701   600 13557 I ActivityManager: Force stopping com.android.chrome appid=10035 user=0: from pid 6720
10-31 14:49:24.702   600 13557 I ActivityManager: Killing 5946:com.android.chrome/u0a35 (adj 902): stop com.android.chrome
10-31 14:49:24.702   600 13557 D ActivityManager: cleanUpApplicationRecord -- 5946
10-31 14:49:24.712  1061  1061 D RegisteredNfcFServicesCache: Service unchanged, not updating
10-31 14:49:24.961   600  3994 I ActivityManager: START u0 {act=android.intent.action.VIEW flg=0x10008000 cmp=com.android.chrome/com.google.android.apps.chrome.Main} from uid 2000 on display 0
10-31 14:49:24.987  6720  6720 D AndroidRuntime: Shutting down VM
10-31 14:49:25.022   600 16391 I ActivityManager: Start proc 6730:com.android.chrome/u0a35 for activity com.android.chrome/com.google.android.apps.chrome.Main
10-31 14:49:25.182   600  7064 I ActivityManager: START u0 {cmp=com.android.chrome/org.chromium.chrome.browser.firstrun.TabbedModeFirstRunActivity (has extras)} from uid 10035 on display 0
10-31 14:49:25.208  6730  6747 W DynamiteModule: Local module descriptor class for com.google.android.gms.googlecertificates not found.
10-31 14:49:25.377   600   609 I art     : Background partial concurrent mark sweep GC freed 124274(5MB) AllocSpace objects, 29(644KB) LOS objects, 33% free, 17MB/26MB, paused 1.649ms total 109.694ms
10-31 14:49:25.393  6730  6747 I DynamiteModule: Considering local module com.google.android.gms.googlecertificates:0 and remote module com.google.android.gms.googlecertificates:6
10-31 14:49:25.393  6730  6747 I DynamiteModule: Selected remote version of com.google.android.gms.googlecertificates, version >= 6
10-31 14:49:25.404  6730  6749 I OpenGLRenderer: Initialized EGL, version 1.4
10-31 14:49:25.404  6730  6749 D OpenGLRenderer: Swap behavior 2
10-31 14:49:25.440  6730  6748 I cr_LibraryLoader: Loaded native library version number "85.0.4183.127"
10-31 14:49:25.441  6730  6748 I cr_CachingUmaRecorder: Flushed 10 samples from 10 histograms.
10-31 14:49:25.557   600   620 W WindowManager: Failed looking up window
10-31 14:49:25.557   600   620 W WindowManager: java.lang.IllegalArgumentException: Requested window android.view.ViewRootImpl$W@8938c7f does not exist
10-31 14:49:25.557   600   620 W WindowManager: 	at com.android.server.wm.WindowManagerService.windowForClientLocked(WindowManagerService.java:9422)
10-31 14:49:25.557   600   620 W WindowManager: 	at com.android.server.wm.WindowManagerService.windowForClientLocked(WindowManagerService.java:9413)
10-31 14:49:25.557   600   620 W WindowManager: 	at com.android.server.wm.WindowManagerService.removeWindow(WindowManagerService.java:2393)
10-31 14:49:25.557   600   620 W WindowManager: 	at com.android.server.wm.Session.remove(Session.java:202)
10-31 14:49:25.557   600   620 W WindowManager: 	at android.view.ViewRootImpl.dispatchDetachedFromWindow(ViewRootImpl.java:3290)
10-31 14:49:25.557   600   620 W WindowManager: 	at android.view.ViewRootImpl.doDie(ViewRootImpl.java:5917)
10-31 14:49:25.557   600   620 W WindowManager: 	at android.view.ViewRootImpl$ViewRootHandler.handleMessage(ViewRootImpl.java:3626)
10-31 14:49:25.557   600   620 W WindowManager: 	at android.os.Handler.dispatchMessage(Handler.java:102)
10-31 14:49:25.557   600   620 W WindowManager: 	at android.os.Looper.loop(Looper.java:154)
10-31 14:49:25.557   600   620 W WindowManager: 	at android.os.HandlerThread.run(HandlerThread.java:61)
10-31 14:49:25.557   600   620 W WindowManager: 	at com.android.server.ServiceThread.run(ServiceThread.java:46)
10-31 14:49:25.560   600   620 I ActivityManager: Displayed com.android.chrome/org.chromium.chrome.browser.firstrun.TabbedModeFirstRunActivity: +334ms (total +574ms)
10-31 14:49:25.570 25186 25186 I MemoryTrimmer: Trimming objects from memory, since app is in the background.
10-31 14:49:25.575 25143 25143 I MemoryTrimmer: Trimming objects from memory, since app is in the background.
10-31 14:49:25.578 25186  6617 I DeviceStateChecker: DeviceStateChecker cancelled
10-31 14:49:25.579 25186 25186 I MicroDetector: Keeping mic open: false
10-31 14:49:25.579 25186 25212 I AudioController: internalShutdown
10-31 14:49:25.579 25186 25212 I MicrophoneInputStream: mic_close com.google.android.apps.gsa.speech.audio.ae@4619e37
10-31 14:49:25.579 25186 25281 I MicroRecognitionRunner: Stopping hotword detection.
10-31 14:49:25.585  6730  6747 W System  : ClassLoader referenced unknown path: 
10-31 14:49:25.586  6730  6747 D ApplicationLoaders: ignored Vulkan layer search path /data/app/com.google.android.gms-1/lib/arm:/data/app/com.google.android.gms-1/base.apk!/lib/armeabi-v7a:/data/app/com.google.android.gms-1/split_config.en.apk!/lib/armeabi-v7a for namespace 0xf4a47090
10-31 14:49:25.588  6730  6747 W ResourceType: ResTable_typeSpec entry count inconsistent: given 67, previously 69
10-31 14:49:25.588  6730  6747 W ResourceType: ResTable_typeSpec entry count inconsistent: given 5346, previously 5347
10-31 14:49:25.600   238   285 I SoundTriggerHwService::Module: void android::SoundTriggerHwService::Module::onCallbackEvent(const sp<android::SoundTriggerHwService::CallbackEvent> &) mClient == 0
10-31 14:49:25.603 25186  6618 I MicroRecognitionRunner: Detection finished
10-31 14:49:25.608 25186 25186 I MemoryTrimmer: Trimming objects from memory, since app is in the background.
10-31 14:49:25.624  6730  6747 I DynamiteLoaderV2Impl: [70] Googlecertificates
10-31 14:49:25.642  6730  6747 W System  : ClassLoader referenced unknown path: /data/user_de/0/com.google.android.gms/app_chimera/m/00000061/n/armeabi-v7a
10-31 14:49:25.642  6730  6747 W System  : ClassLoader referenced unknown path: /data/user_de/0/com.google.android.gms/app_chimera/m/00000061/n/armeabi
10-31 14:49:25.727   787 28588 I FontLog : Received query Google Sans, URI content://com.google.android.gms.fonts [CONTEXT service_id=132 ]
10-31 14:49:25.728   787 28588 I FontLog : Query [Google Sans] resolved to {Google Sans, wdth 100.0, wght 400, ital 0.0, bestEffort false} [CONTEXT service_id=132 ]
10-31 14:49:25.736   787 28588 I FontLog : Font PFD returned from cache for {Google Sans, wdth 100.0, wght 400, ital 0.0, bestEffort false} [CONTEXT service_id=132 ]
10-31 14:49:25.737   787 28588 I FontLog : Fetch {Google Sans, wdth 100.0, wght 400, ital 0.0, bestEffort false} end status Status{statusCode=SUCCESS, resolution=null} [CONTEXT service_id=132 ]
10-31 14:49:25.753   787  1716 I FontLog : Pulling font file for id = 1840, cache size = 7 [CONTEXT service_id=132 ]
10-31 14:49:25.775   787  1169 E apju    : Phenotype API error. Event # cdub@d93548fb, EventCode: 7 [CONTEXT service_id=51 ]
10-31 14:49:25.775   787  1169 E apju    : apiz: 29505: No config packages for log source, or config package not registered
10-31 14:49:25.775   787  1169 E apju    : 	at apkj.b(:com.google.android.gms@203915020@20.39.15 (040406-335085812):7)
10-31 14:49:25.775   787  1169 E apju    : 	at apkg.b(:com.google.android.gms@203915020@20.39.15 (040406-335085812):2)
10-31 14:49:25.775   787  1169 E apju    : 	at apju.a(:com.google.android.gms@203915020@20.39.15 (040406-335085812):85)
10-31 14:49:25.775   787  1169 E apju    : 	at apju.a(:com.google.android.gms@203915020@20.39.15 (040406-335085812):80)
10-31 14:49:25.775   787  1169 E apju    : 	at aain.run(:com.google.android.gms@203915020@20.39.15 (040406-335085812):7)
10-31 14:49:25.775   787  1169 E apju    : 	at boex.run(:com.google.android.gms@203915020@20.39.15 (040406-335085812):2)
10-31 14:49:25.775   787  1169 E apju    : 	at sup.b(:com.google.android.gms@203915020@20.39.15 (040406-335085812):12)
10-31 14:49:25.775   787  1169 E apju    : 	at sup.run(:com.google.android.gms@203915020@20.39.15 (040406-335085812):7)
10-31 14:49:25.775   787  1169 E apju    : 	at java.util.concurrent.ThreadPoolExecutor.runWorker(ThreadPoolExecutor.java:1133)
10-31 14:49:25.775   787  1169 E apju    : 	at java.util.concurrent.ThreadPoolExecutor$Worker.run(ThreadPoolExecutor.java:607)
10-31 14:49:25.775   787  1169 E apju    : 	at tam.run(:com.google.android.gms@203915020@20.39.15 (040406-335085812):0)
10-31 14:49:25.775   787  1169 E apju    : 	at java.lang.Thread.run(Thread.java:761)
10-31 14:49:25.777   787  1169 E AsyncOperation: serviceID=51, operation=GetExperimentTokensOperationCall [CONTEXT service_id=259 ]
10-31 14:49:25.777   787  1169 E AsyncOperation: OperationException[Status{statusCode=No config packages for log source, or config package not registered, resolution=null}]
10-31 14:49:25.777   787  1169 E AsyncOperation: 	at apju.a(:com.google.android.gms@203915020@20.39.15 (040406-335085812):87)
10-31 14:49:25.777   787  1169 E AsyncOperation: 	at apju.a(:com.google.android.gms@203915020@20.39.15 (040406-335085812):80)
10-31 14:49:25.777   787  1169 E AsyncOperation: 	at aain.run(:com.google.android.gms@203915020@20.39.15 (040406-335085812):7)
10-31 14:49:25.777   787  1169 E AsyncOperation: 	at boex.run(:com.google.android.gms@203915020@20.39.15 (040406-335085812):2)
10-31 14:49:25.777   787  1169 E AsyncOperation: 	at sup.b(:com.google.android.gms@203915020@20.39.15 (040406-335085812):12)
10-31 14:49:25.777   787  1169 E AsyncOperation: 	at sup.run(:com.google.android.gms@203915020@20.39.15 (040406-335085812):7)
10-31 14:49:25.777   787  1169 E AsyncOperation: 	at java.util.concurrent.ThreadPoolExecutor.runWorker(ThreadPoolExecutor.java:1133)
10-31 14:49:25.777   787  1169 E AsyncOperation: 	at java.util.concurrent.ThreadPoolExecutor$Worker.run(ThreadPoolExecutor.java:607)
10-31 14:49:25.777   787  1169 E AsyncOperation: 	at tam.run(:com.google.android.gms@203915020@20.39.15 (040406-335085812):0)
10-31 14:49:25.777   787  1169 E AsyncOperation: 	at java.lang.Thread.run(Thread.java:761)
10-31 14:49:25.784  6730  6747 D NetworkSecurityConfig: Using Network Security Config from resource 0_resource_name_obfuscated debugBuild: false
10-31 14:49:25.792   787 28591 I FontLog : Received query Google Sans:500, URI content://com.google.android.gms.fonts [CONTEXT service_id=132 ]
10-31 14:49:25.792   787 28591 I FontLog : Query [Google Sans:500] resolved to {Google Sans, wdth 100.0, wght 500, ital 0.0, bestEffort false} [CONTEXT service_id=132 ]
10-31 14:49:25.800   787 28591 I FontLog : Font PFD returned from cache for {Google Sans, wdth 100.0, wght 500, ital 0.0, bestEffort false} [CONTEXT service_id=132 ]
10-31 14:49:25.802   787 28591 I FontLog : Fetch {Google Sans, wdth 100.0, wght 500, ital 0.0, bestEffort false} end status Status{statusCode=SUCCESS, resolution=null} [CONTEXT service_id=132 ]
10-31 14:49:25.810   787  1714 I FontLog : Pulling font file for id = 1841, cache size = 8 [CONTEXT service_id=132 ]
10-31 14:49:26.173  6730  6747 I cr_VariationsSeedFetch: Fetched first run seed in 390 ms
10-31 14:49:26.203   600 24611 I ActivityManager: Start proc 6765:com.android.chrome:sandboxed_process0/u0i233 for service com.android.chrome/org.chromium.content.app.SandboxedProcessService0
10-31 14:49:26.244  6765  6765 W dboxed_process0: type=1400 audit(0.0:14103): avc: denied { getattr } for path="/data/data/com.android.chrome" dev="dm-2" ino=12190 scontext=u:r:isolated_app:s0:c512,c768 tcontext=u:object_r:app_data_file:s0:c512,c768 tclass=dir permissive=0
10-31 14:49:26.272  6765  6765 I cr_ChildProcessService: Creating new ChildProcessService pid=6765
10-31 14:49:26.397   600  1081 I ActivityManager: Start proc 6792:com.android.chrome:privileged_process0/u0a35 for service com.android.chrome/org.chromium.content.app.PrivilegedProcessService0
10-31 14:49:26.443  6730  6751 W ConnectionStatusConfig: Dynamic lookup for intent failed for action: com.google.android.gms.auth.key.retrieval.service.START
10-31 14:49:26.454  6730  6751 W ConnectionStatusConfig: Dynamic lookup for intent failed for action: com.google.android.gms.auth.key.retrieval.service.START
10-31 14:49:26.456   600  1081 W ActivityManager: Unable to start service Intent { act=com.google.android.gms.auth.key.retrieval.service.START pkg=com.google.android.gms } U=0: not found
10-31 14:49:26.493   600 13557 W ActivityManager: Unbind failed: could not find connection for android.os.BinderProxy@438a74b
10-31 14:49:26.499  6792  6792 I cr_ChildProcessService: Creating new ChildProcessService pid=6792
10-31 14:49:26.508  6730  6751 E GmsClient: unable to connect to service: com.google.android.gms.auth.key.retrieval.service.START on com.google.android.gms
10-31 14:49:26.538  6730  6730 W cr_KnoxSettingsProvider: Permission to read device policy denied.
10-31 14:49:26.552  6792  6808 I cr_LibraryLoader: Loaded native library version number "85.0.4183.127"
10-31 14:49:26.554  6792  6808 I cr_CachingUmaRecorder: Flushed 1 samples from 1 histograms.
10-31 14:49:26.574  6792  6808 E libEGL  : validate_display:99 error 3008 (EGL_BAD_DISPLAY)
10-31 14:49:35.644 25186 25186 I MemoryTrimmer: Trimming objects from memory, since app is in the background.
10-31 14:49:35.652   787 30351 W CCTFlatFileLogStore: Excessive logging: 256 events, 117683 bytes from log source ANDROID_GSA last 2287s
10-31 14:49:38.485  6835  6835 D AndroidRuntime: >>>>>> START com.android.internal.os.RuntimeInit uid 2000 <<<<<<
10-31 14:49:38.489  6835  6835 D AndroidRuntime: CheckJNI is OFF
10-31 14:49:38.553  6835  6835 D ICU     : No timezone override file found: /data/misc/zoneinfo/current/icu/icu_tzdata.dat
10-31 14:49:38.585  6835  6835 I Radio-JNI: register_android_hardware_Radio DONE
10-31 14:49:38.600  6835  6835 D AndroidRuntime: Calling main entry com.android.commands.monkey.Monkey
10-31 14:49:38.669   600   613 W BroadcastQueue: Skipping deliver [background] BroadcastRecord{db06222 u-1 android.net.conn.CONNECTIVITY_CHANGE} to ReceiverList{a4c54b3 6835 (unknown name)/2000/u-1 remote:e2a9204}: process crashing
10-31 14:49:40.322  6835  6835 D MonkeyStub: translateCommand: wake
10-31 14:49:40.442  6835  6835 D MonkeyStub: translateCommand: tap 398 1198
10-31 14:49:42.722  6835  6835 D MonkeyStub: translateCommand: tap 720 1506
10-31 14:49:42.907 25312 25324 I PeopleChimeraService: onService. callbacks = aaik@daec76a, request = com.google.android.gms.common.internal.GetServiceRequest@a29645b
10-31 14:49:42.920 25312 27477 I PeopleChimeraService: onService. callbacks = aaik@ccafdd1, request = com.google.android.gms.common.internal.GetServiceRequest@c69f036
10-31 14:49:44.786  6835  6835 D MonkeyStub: translateCommand: tap 355 1480
10-31 14:49:44.811  6835  6835 D MonkeyStub: Quit requested
10-31 14:49:44.834   600  3507 I ActivityManager: START u0 {act=android.intent.action.VIEW flg=0x10008000 cmp=com.android.chrome/com.google.android.apps.chrome.Main (has extras)} from uid 10035 on display 0
10-31 14:49:44.865   600   614 I CwMcuSensor: CwMcuSensor::flush: fd = 263, sensors_id = 0, path = /sys/class/htc_sensorhub/sensor_hub/flush, err = 0
10-31 14:49:44.871  6835  6835 I art     : System.exit called, status: 6
10-31 14:49:44.871  6835  6835 I AndroidRuntime: VM exiting with result code 6.
10-31 14:49:45.000   600  3509 W WindowManager: Attempted to remove non-existing token: android.os.Binder@9c0ca70
10-31 14:49:45.057  6730  6730 E cr_CompositorSurfaceMgr: Transitioning to surface with format : -1
10-31 14:49:45.080   600   609 W art     : Suspending all threads took: 7.461ms
10-31 14:49:45.099   600   609 I art     : Background partial concurrent mark sweep GC freed 19112(928KB) AllocSpace objects, 3(60KB) LOS objects, 33% free, 17MB/26MB, paused 10.479ms total 198.707ms
10-31 14:49:45.137  6730  6784 W cr_tabmodel: Starting to perform legacy migration.
10-31 14:49:45.139  6730  6784 W cr_tabmodel: Finished performing legacy migration.
10-31 14:49:45.139  6730  6784 W cr_tabmodel: Starting to perform multi-instance migration.
10-31 14:49:45.140  6730  6784 W cr_tabmodel: Finished performing multi-instance migration.
10-31 14:49:45.140  6730  6784 I cr_tabmodel: Starting to fetch tab list for tab_state0
10-31 14:49:45.140  6730  6784 I cr_tabmodel: State file does not exist.
10-31 14:49:45.140  6730  6784 I cr_tabmodel: Starting to fetch tab list for tab_state1
10-31 14:49:45.140  6730  6784 I cr_tabmodel: State file does not exist.
10-31 14:49:45.185  6730  6784 I cr_ADCP : No customization source found
10-31 14:49:45.277   600   620 I ActivityManager: Displayed com.android.chrome/com.google.android.apps.chrome.Main: +411ms
10-31 14:49:45.287  6730  6749 D OpenGLRenderer: endAllActiveAnimators on 0xd2ca6900 (InsetDrawable) with handle 0xd2a8f960
10-31 14:49:45.292  6730  6730 E cr_CompositorSurfaceMgr: Transitioning to surface with format : -1
10-31 14:49:45.297  6730  6730 E cr_CompositorSurfaceMgr: surfaceCreated format : 0
10-31 14:49:45.310  6730  6730 I cr_ContextualSearch: Tap suppression enabled: false
10-31 14:49:45.314  6730  6730 I cr_ChromeTabbedActivity: #initializeState
10-31 14:49:45.314  6730  6730 I cr_CipherFactory: #restoreFromBundle, no savedInstanceState.
10-31 14:49:45.314  6730  6730 I cr_tabmodel: #loadState, ignoreIncognitoFiles? true
10-31 14:49:45.379   600 25704 E BatteryStatsService: power: Missing API
10-31 14:49:45.410   600 25704 E BatteryStatsService: no controller energy info supplied
10-31 14:49:45.411   796   796 E PhoneInterfaceManager: [PhoneIntfMgr] queryModemActivityInfo: Empty response
10-31 14:49:45.435   600 25704 E BatteryStatsService: modem info is invalid: ModemActivityInfo{ mTimestamp=0 mSleepTimeMs=0 mIdleTimeMs=0 mTxTimeMs[]=[0, 0, 0, 0, 0] mRxTimeMs=0 mEnergyUsed=0}
10-31 14:49:45.514  6730  6730 I SchedulerApiWrapper: Create SchedulerApiMainThreadWrapper
10-31 14:49:45.528  6730  6730 I FeedSessionManagerImpl: FeedSessionManagerImpl has been created
10-31 14:49:45.529  6730  6730 I FeedAppLifecycleLstnr: onEnterForeground called
10-31 14:49:45.529  6730  6730 I FeedSessionManagerImpl: onLifecycleEvent foreground
10-31 14:49:45.530  6730  6730 I FeedSessionManagerImpl: Lazy initialization triggered, getUpdateConsumer
10-31 14:49:45.531  6730  6787 I TaskQueue: Execute task [IMMEDIATE - d: true, b: 0]: 30
10-31 14:49:45.531  6730  6730 I FeedRequestManagerImpl: trigger refresh 2
10-31 14:49:45.533  6730  6730 I TaskQueue:  - task [HEAD_INVALIDATE - d: true, b: 0]: 26
10-31 14:49:45.533  6730  6730 I FeedAppLifecycleLstnr: initialize called
10-31 14:49:45.533  6730  6730 I FeedSessionManagerImpl: onLifecycleEvent initialize
10-31 14:49:45.533  6730  6730 W FeedSessionManagerImpl: FeedSessionManagerImpl has previously been initialized
10-31 14:49:45.555  6730  6730 I ViewConfigCompat: Could not find method getScaledScrollFactor() on ViewConfiguration
10-31 14:49:45.558  6730  6730 I BasicStream: Setting 2 header views, currently have 0 headers
10-31 14:49:45.560  6730  6730 I BasicStream: Setting 2 header views, currently have 2 headers
10-31 14:49:45.610   600   619 D BluetoothManagerService: Message: 20
10-31 14:49:45.611   600   619 D BluetoothManagerService: Added callback: android.bluetooth.IBluetoothManagerCallback$Stub$Proxy@bd299fc:true
10-31 14:49:45.629  6765  6778 I cr_LibraryLoader: Loaded native library version number "85.0.4183.127"
10-31 14:49:45.631  6730  6730 E cr_IntentUtils: getBooleanExtra failed on intent null
10-31 14:49:45.631  6765  6778 I cr_CachingUmaRecorder: Flushed 1 samples from 1 histograms.
10-31 14:49:45.645  6730  6730 I TimeoutSessionImpl: Using TimeoutSessionImpl
10-31 14:49:45.645  6730  6730 I FeedSessionManagerImpl: Delaying populateSession until initialization is finished
10-31 14:49:45.645  6730  6730 I TaskQueue:  - task [IMMEDIATE - d: true, b: 1]: 13
10-31 14:49:45.646  6730  6730 I MainThreadRunner: Running task [BasicStream onShow] on the Main Thread with a delay of 500 milliseconds
10-31 14:49:45.728   600  1079 I ActivityManager: Start proc 6869:com.android.chrome:sandboxed_process1/u0i234 for service com.android.chrome/org.chromium.content.app.SandboxedProcessService1
10-31 14:49:45.769   600   610 I ActivityManager: Start proc 6876:com.android.chrome:sandboxed_process2/u0i235 for service com.android.chrome/org.chromium.content.app.SandboxedProcessService2
10-31 14:49:45.773  6730  6740 W art     : Suspending all threads took: 13.236ms
10-31 14:49:45.787  6730  6787 W SessionCache: Persisted Sessions were not found
10-31 14:49:45.787  6730  6787 I HeadSessionImpl: Initialize HEAD 0 items
10-31 14:49:45.787  6730  6787 I TaskQueue:  - task [BACKGROUND - d: true, b: 2]: 11
10-31 14:49:45.788  6730  6787 I TimingUtils: Task Timing 256ms, thread JardinExecutor | task : Initialization
10-31 14:49:45.788  6730  6787 I TaskQueue:  - Finished 30, time 257 ms
10-31 14:49:45.788  6730  6787 I TaskQueue: Execute task [HEAD_INVALIDATE - d: true, b: 2]: 26
10-31 14:49:45.789  6730  6787 I TimingUtils: Task Timing   0ms, thread JardinExecutor | task : getAllDismissLocalActions | size : 0
10-31 14:49:45.789  6730  6787 I TimingUtils: Task Timing   0ms, thread JardinExecutor | task : getSemanticProperties | size : 0
10-31 14:49:45.789  6730  6787 I MainThreadRunner: Running task [Check Tooltips] on the Main Thread
10-31 14:49:45.789  6730  6787 I TaskQueue:  * Starting starvation checks
10-31 14:49:45.790  6730  6787 I MainThreadRunner: Running task [starvationChecks] on the Main Thread with a delay of 6000 milliseconds
10-31 14:49:45.790  6730  6787 I TaskQueue:  - Finished 26, time 1 ms
10-31 14:49:45.790  6730  6787 I TaskQueue: Execute task [IMMEDIATE - d: true, b: 1]: 13
10-31 14:49:45.790  6730  6787 I FeedSessionManagerImpl: shouldSessionRequestData; hasContent(false), contentCreationTime(0), outstandingRequest(true)
10-31 14:49:45.790  6730  6787 I MainThreadRunner: Running task [SchedulerApiWrapper shouldSessionRequestData] on the Main Thread
10-31 14:49:45.794  6730  6740 I art     : Background sticky concurrent mark sweep GC freed 7044(416KB) AllocSpace objects, 1(20KB) LOS objects, 1% free, 8MB/8MB, paused 22.866ms total 48.482ms
10-31 14:49:45.812   600  7064 I ActivityManager: Start proc 6888:com.android.chrome:sandboxed_process3/u0i236 for service com.android.chrome/org.chromium.content.app.SandboxedProcessService3
10-31 14:49:45.866   600 27731 I ActivityManager: Start proc 6904:com.android.chrome:sandboxed_process4/u0i237 for service com.android.chrome/org.chromium.content.app.SandboxedProcessService4
10-31 14:49:45.903   600  3675 I ActivityManager: Start proc 6911:com.android.chrome:sandboxed_process5/u0i238 for service com.android.chrome/org.chromium.content.app.SandboxedProcessService5
10-31 14:49:45.937  6730  6740 W art     : Suspending all threads took: 6.150ms
10-31 14:49:45.949   600  6312 I ActivityManager: Start proc 6925:com.android.chrome:sandboxed_process6/u0i239 for service com.android.chrome/org.chromium.content.app.SandboxedProcessService6
10-31 14:49:45.979  6730  6740 I art     : Background partial concurrent mark sweep GC freed 14003(740KB) AllocSpace objects, 11(804KB) LOS objects, 40% free, 8MB/14MB, paused 6.822ms total 158.331ms
10-31 14:49:46.035   600  3509 I ActivityManager: Start proc 6943:com.android.chrome:sandboxed_process7/u0i240 for service com.android.chrome/org.chromium.content.app.SandboxedProcessService7
10-31 14:49:46.087  6869  6869 W dboxed_process1: type=1400 audit(0.0:14104): avc: denied { getattr } for path="/data/data/com.android.chrome" dev="dm-2" ino=12190 scontext=u:r:isolated_app:s0:c512,c768 tcontext=u:object_r:app_data_file:s0:c512,c768 tclass=dir permissive=0
10-31 14:49:46.107  6730  6730 I PlayCore: UID: [10035]  PID: [6730] SplitInstallService : deferredInstall([image_editor])
10-31 14:49:46.125   600   707 I ActivityManager: Start proc 6962:com.android.chrome:sandboxed_process8/u0i241 for service com.android.chrome/org.chromium.content.app.SandboxedProcessService8
10-31 14:49:46.144  6876  6876 W dboxed_process2: type=1400 audit(0.0:14105): avc: denied { getattr } for path="/data/data/com.android.chrome" dev="dm-2" ino=12190 scontext=u:r:isolated_app:s0:c512,c768 tcontext=u:object_r:app_data_file:s0:c512,c768 tclass=dir permissive=0
10-31 14:49:46.214  6888  6888 W dboxed_process3: type=1400 audit(0.0:14106): avc: denied { getattr } for path="/data/data/com.android.chrome" dev="dm-2" ino=12190 scontext=u:r:isolated_app:s0:c512,c768 tcontext=u:object_r:app_data_file:s0:c512,c768 tclass=dir permissive=0
10-31 14:49:46.255  6730  6730 I Choreographer: Skipped 57 frames!  The application may be doing too much work on its main thread.
10-31 14:49:46.310  6904  6904 W dboxed_process4: type=1400 audit(0.0:14107): avc: denied { getattr } for path="/data/data/com.android.chrome" dev="dm-2" ino=12190 scontext=u:r:isolated_app:s0:c512,c768 tcontext=u:object_r:app_data_file:s0:c512,c768 tclass=dir permissive=0
10-31 14:49:46.330  6911  6911 W dboxed_process5: type=1400 audit(0.0:14108): avc: denied { getattr } for path="/data/data/com.android.chrome" dev="dm-2" ino=12190 scontext=u:r:isolated_app:s0:c512,c768 tcontext=u:object_r:app_data_file:s0:c512,c768 tclass=dir permissive=0
10-31 14:49:46.334  6869  6869 I cr_ChildProcessService: Creating new ChildProcessService pid=6869
10-31 14:49:46.370  6925  6925 W dboxed_process6: type=1400 audit(0.0:14109): avc: denied { getattr } for path="/data/data/com.android.chrome" dev="dm-2" ino=12190 scontext=u:r:isolated_app:s0:c512,c768 tcontext=u:object_r:app_data_file:s0:c512,c768 tclass=dir permissive=0
10-31 14:49:46.394  6943  6943 W dboxed_process7: type=1400 audit(0.0:14110): avc: denied { getattr } for path="/data/data/com.android.chrome" dev="dm-2" ino=12190 scontext=u:r:isolated_app:s0:c512,c768 tcontext=u:object_r:app_data_file:s0:c512,c768 tclass=dir permissive=0
10-31 14:49:46.412  6876  6876 I cr_ChildProcessService: Creating new ChildProcessService pid=6876
10-31 14:49:46.494   600   707 I ActivityManager: Start proc 6985:com.android.chrome:sandboxed_process9/u0i242 for service com.android.chrome/org.chromium.content.app.SandboxedProcessService9
10-31 14:49:46.498  6904  6904 I cr_ChildProcessService: Creating new ChildProcessService pid=6904
10-31 14:49:46.509  6888  6888 I cr_ChildProcessService: Creating new ChildProcessService pid=6888
10-31 14:49:46.517  6962  6962 W dboxed_process8: type=1400 audit(0.0:14111): avc: denied { getattr } for path="/data/data/com.android.chrome" dev="dm-2" ino=12190 scontext=u:r:isolated_app:s0:c512,c768 tcontext=u:object_r:app_data_file:s0:c512,c768 tclass=dir permissive=0
10-31 14:49:46.533  6911  6911 I cr_ChildProcessService: Creating new ChildProcessService pid=6911
10-31 14:49:46.579  6943  6943 I cr_ChildProcessService: Creating new ChildProcessService pid=6943
10-31 14:49:46.589  6730  6963 I PlayCore: UID: [10035]  PID: [6730] SplitInstallService : Initiate binding to the service.
10-31 14:49:46.619  6730  6730 I cr_tabmodel: Appending tabs being restored to metadata lists, 0, startingNormalCount: 1, startingIncognitoCount: 0
10-31 14:49:46.619  6730  6730 I cr_tabmodel: Serializing tab lists; counts: 1, 0
10-31 14:49:46.682  6869  6983 I cr_LibraryLoader: Loaded native library version number "85.0.4183.127"
10-31 14:49:46.690  6925  6925 I cr_ChildProcessService: Creating new ChildProcessService pid=6925
10-31 14:49:46.712  6869  6983 I cr_CachingUmaRecorder: Flushed 1 samples from 1 histograms.
10-31 14:49:46.741  6962  6962 I cr_ChildProcessService: Creating new ChildProcessService pid=6962
10-31 14:49:46.771  6876  6984 I cr_LibraryLoader: Loaded native library version number "85.0.4183.127"
10-31 14:49:46.772  6876  6984 I cr_CachingUmaRecorder: Flushed 1 samples from 1 histograms.
10-31 14:49:46.796   600  3509 W ActivityManager: Unable to start service Intent { act=com.google.android.play.core.splitinstall.BIND_SPLIT_INSTALL_SERVICE pkg=com.android.vending } U=0: not found
10-31 14:49:46.796  6730  6963 I PlayCore: UID: [10035]  PID: [6730] SplitInstallService : Failed to bind to the service.
10-31 14:49:46.827  6888  6991 I cr_LibraryLoader: Loaded native library version number "85.0.4183.127"
10-31 14:49:46.827  6888  6991 I cr_CachingUmaRecorder: Flushed 1 samples from 1 histograms.
10-31 14:49:46.837  6985  6985 W dboxed_process9: type=1400 audit(0.0:14112): avc: denied { getattr } for path="/data/data/com.android.chrome" dev="dm-2" ino=12190 scontext=u:r:isolated_app:s0:c512,c768 tcontext=u:object_r:app_data_file:s0:c512,c768 tclass=dir permissive=0
10-31 14:49:46.837   600  1082 I ActivityManager: Start proc 7010:com.android.chrome:sandboxed_process10/u0i243 for service com.android.chrome/org.chromium.content.app.SandboxedProcessService10
10-31 14:49:46.864  6904  6990 I cr_LibraryLoader: Loaded native library version number "85.0.4183.127"
10-31 14:49:46.868  6904  6990 I cr_CachingUmaRecorder: Flushed 1 samples from 1 histograms.
10-31 14:49:46.873  6730  6730 I TaskQueue:  - task [IMMEDIATE - d: true, b: 1]: 27
10-31 14:49:46.874  6730  6787 I FeedSessionManagerImpl: shouldSessionRequestDataResult: NO_REQUEST_WITH_WAIT, shouldMakeRequest(false), withTimeout(false), withAppend(false)
10-31 14:49:46.874  6730  6787 I TaskQueue:  - task [USER_FACING - d: true, b: 2]: 24
10-31 14:49:46.876  6730  6730 I Choreographer: Skipped 35 frames!  The application may be doing too much work on its main thread.
10-31 14:49:46.933  6911  6999 I cr_LibraryLoader: Loaded native library version number "85.0.4183.127"
10-31 14:49:46.936  6911  6999 I cr_CachingUmaRecorder: Flushed 1 samples from 1 histograms.
10-31 14:49:46.953  6876  6984 I chromium: [INFO:child_process_service.cc(69)] ChildProcessService: Exiting child process.
10-31 14:49:46.954   197   197 E lowmemorykiller: Error writing /proc/6876/oom_score_adj; errno=22
10-31 14:49:46.973   600  1076 I ActivityManager: Process com.android.chrome:sandboxed_process2 (pid 6876) has died
10-31 14:49:46.974   600  1076 D ActivityManager: cleanUpApplicationRecord -- 6876
10-31 14:49:46.974   600  1076 I ActivityManager: Killing 6869:com.android.chrome:sandboxed_process1/u0a35i234 (adj 0): isolated not needed
10-31 14:49:46.982  6943  7000 I cr_LibraryLoader: Loaded native library version number "85.0.4183.127"
10-31 14:49:46.983  6943  7000 I cr_CachingUmaRecorder: Flushed 1 samples from 1 histograms.
10-31 14:49:47.021  6925  7003 I cr_LibraryLoader: Loaded native library version number "85.0.4183.127"
10-31 14:49:47.021  6925  7003 I cr_CachingUmaRecorder: Flushed 1 samples from 1 histograms.
10-31 14:49:47.057  6904  6990 I chromium: [INFO:child_process_service.cc(69)] ChildProcessService: Exiting child process.
10-31 14:49:47.059  6888  6991 I chromium: [INFO:child_process_service.cc(69)] ChildProcessService: Exiting child process.
10-31 14:49:47.069  6962  7005 I cr_LibraryLoader: Loaded native library version number "85.0.4183.127"
10-31 14:49:47.069  6911  6999 I chromium: [INFO:child_process_service.cc(69)] ChildProcessService: Exiting child process.
10-31 14:49:47.071  6962  7005 I cr_CachingUmaRecorder: Flushed 1 samples from 1 histograms.
10-31 14:49:47.077  6943  7000 I chromium: [INFO:child_process_service.cc(69)] ChildProcessService: Exiting child process.
10-31 14:49:47.110   600 13631 I ActivityManager: Process com.android.chrome:sandboxed_process3 (pid 6888) has died
10-31 14:49:47.110   600 13631 D ActivityManager: cleanUpApplicationRecord -- 6888
10-31 14:49:47.110   600 13631 W ActivityManager: Scheduling restart of crashed service com.android.chrome/org.chromium.content.app.SandboxedProcessService3 in 1000ms
10-31 14:49:47.130   600 13558 I ActivityManager: Process com.android.chrome:sandboxed_process4 (pid 6904) has died
10-31 14:49:47.130   600 13558 D ActivityManager: cleanUpApplicationRecord -- 6904
10-31 14:49:47.130   600 13558 W ActivityManager: Scheduling restart of crashed service com.android.chrome/org.chromium.content.app.SandboxedProcessService4 in 10981ms
10-31 14:49:47.131   600   707 I ActivityManager: Process com.android.chrome:sandboxed_process5 (pid 6911) has died
10-31 14:49:47.131   600   707 D ActivityManager: cleanUpApplicationRecord -- 6911
10-31 14:49:47.131   600   707 W ActivityManager: Scheduling restart of crashed service com.android.chrome/org.chromium.content.app.SandboxedProcessService5 in 20980ms
10-31 14:49:47.132   600  3509 I ActivityManager: Process com.android.chrome:sandboxed_process7 (pid 6943) has died
10-31 14:49:47.133   600  3509 D ActivityManager: cleanUpApplicationRecord -- 6943
10-31 14:49:47.133   600  3509 W ActivityManager: Scheduling restart of crashed service com.android.chrome/org.chromium.content.app.SandboxedProcessService7 in 30978ms
10-31 14:49:47.164  6985  6985 I cr_ChildProcessService: Creating new ChildProcessService pid=6985
10-31 14:49:47.177  7010  7010 W boxed_process10: type=1400 audit(0.0:14113): avc: denied { getattr } for path="/data/data/com.android.chrome" dev="dm-2" ino=12190 scontext=u:r:isolated_app:s0:c512,c768 tcontext=u:object_r:app_data_file:s0:c512,c768 tclass=dir permissive=0
10-31 14:49:47.222  7010  7010 I cr_ChildProcessService: Creating new ChildProcessService pid=7010
10-31 14:49:47.253  6730  6787 I TaskQueue:  - Finished 13, time 1085 ms
10-31 14:49:47.258  6925  7003 I chromium: [INFO:child_process_service.cc(69)] ChildProcessService: Exiting child process.
10-31 14:49:47.259  6962  7005 I chromium: [INFO:child_process_service.cc(69)] ChildProcessService: Exiting child process.
10-31 14:49:47.280   600   707 I ActivityManager: Process com.android.chrome:sandboxed_process6 (pid 6925) has died
10-31 14:49:47.280   600   707 D ActivityManager: cleanUpApplicationRecord -- 6925
10-31 14:49:47.281   600   707 W ActivityManager: Scheduling restart of crashed service com.android.chrome/org.chromium.content.app.SandboxedProcessService6 in 1000ms
10-31 14:49:47.286   197   197 E lowmemorykiller: Error writing /proc/6962/oom_score_adj; errno=22
10-31 14:49:47.299  6730  6730 W chromium: [WARNING:compositor_view.cc(315)] Child process died (type=6) pid=6876)
10-31 14:49:47.301  6730  6730 W chromium: [WARNING:compositor_view.cc(315)] Child process died (type=6) pid=6888)
10-31 14:49:47.301  6730  6730 W chromium: [WARNING:compositor_view.cc(315)] Child process died (type=6) pid=6904)
10-31 14:49:47.301  6730  6730 W chromium: [WARNING:compositor_view.cc(315)] Child process died (type=6) pid=6911)
10-31 14:49:47.313  7010  7048 I cr_LibraryLoader: Loaded native library version number "85.0.4183.127"
10-31 14:49:47.314  6730  6730 W chromium: [WARNING:compositor_view.cc(315)] Child process died (type=6) pid=6943)
10-31 14:49:47.314  7010  7048 I cr_CachingUmaRecorder: Flushed 1 samples from 1 histograms.
10-31 14:49:47.325   600 25704 W ActivityManager: Exception when unbinding service com.android.chrome/org.chromium.content.app.SandboxedProcessService8
10-31 14:49:47.325   600 25704 W ActivityManager: android.os.DeadObjectException
10-31 14:49:47.325   600 25704 W ActivityManager: 	at android.os.BinderProxy.transactNative(Native Method)
10-31 14:49:47.325   600 25704 W ActivityManager: 	at android.os.BinderProxy.transact(Binder.java:615)
10-31 14:49:47.325   600 25704 W ActivityManager: 	at android.app.ApplicationThreadProxy.scheduleUnbindService(ApplicationThreadNative.java:1016)
10-31 14:49:47.325   600 25704 W ActivityManager: 	at com.android.server.am.ActiveServices.removeConnectionLocked(ActiveServices.java:2175)
10-31 14:49:47.325   600 25704 W ActivityManager: 	at com.android.server.am.ActiveServices.unbindServiceLocked(ActiveServices.java:1163)
10-31 14:49:47.325   600 25704 W ActivityManager: 	at com.android.server.am.ActivityManagerService.unbindService(ActivityManagerService.java:17309)
10-31 14:49:47.325   600 25704 W ActivityManager: 	at android.app.ActivityManagerNative.onTransact(ActivityManagerNative.java:1145)
10-31 14:49:47.325   600 25704 W ActivityManager: 	at com.android.server.am.ActivityManagerService.onTransact(ActivityManagerService.java:2795)
10-31 14:49:47.325   600 25704 W ActivityManager: 	at android.os.Binder.execTransact(Binder.java:565)
10-31 14:49:47.326   197   197 E lowmemorykiller: Error opening /proc/6962/oom_score_adj; errno=2
10-31 14:49:47.327   600  3507 I ActivityManager: Process com.android.chrome:sandboxed_process8 (pid 6962) has died
10-31 14:49:47.327   600  3507 D ActivityManager: cleanUpApplicationRecord -- 6962
10-31 14:49:47.328  6730  6730 W chromium: [WARNING:compositor_view.cc(315)] Child process died (type=6) pid=6925)
10-31 14:49:47.333  6730  6730 W chromium: [WARNING:compositor_view.cc(315)] Child process died (type=6) pid=6962)
10-31 14:49:47.344 25186 25186 I MemoryTrimmer: Trimming objects from memory, since app is in the background.
10-31 14:49:47.359  6985  7045 I cr_LibraryLoader: Loaded native library version number "85.0.4183.127"
10-31 14:49:47.359  6985  7045 I cr_CachingUmaRecorder: Flushed 1 samples from 1 histograms.
10-31 14:49:47.362   600  3967 I ActivityManager: Start proc 7051:com.android.chrome:sandboxed_process11/u0i244 for service com.android.chrome/org.chromium.content.app.SandboxedProcessService11
10-31 14:49:47.420   600  3507 I ActivityManager: Start proc 7056:com.android.chrome:sandboxed_process12/u0i245 for service com.android.chrome/org.chromium.content.app.SandboxedProcessService12
10-31 14:49:47.451   600  1079 I ActivityManager: Start proc 7072:com.android.chrome:sandboxed_process13/u0i246 for service com.android.chrome/org.chromium.content.app.SandboxedProcessService13
10-31 14:49:47.494   600  9614 I ActivityManager: Start proc 7095:com.android.chrome:sandboxed_process14/u0i247 for service com.android.chrome/org.chromium.content.app.SandboxedProcessService14
10-31 14:49:47.521  6730  6785 I TaskQueue: Execute task [IMMEDIATE - d: true, b: 2]: 27
10-31 14:49:47.522  6730  6785 I FeedRequestManagerImpl: Consistency Token: # hU2@7bca4
10-31 14:49:47.531   600 16391 I ActivityManager: Start proc 7102:com.android.chrome:sandboxed_process15/u0i248 for service com.android.chrome/org.chromium.content.app.SandboxedProcessService15
10-31 14:49:47.614  6730  6784 W cr_CrashFileManager: /data/user/0/com.android.chrome/cache/Crash Reports does not exist or is not a directory
10-31 14:49:47.614  6730  6784 W cr_CrashFileManager: /data/user/0/com.android.chrome/cache/Crash Reports does not exist or is not a directory
10-31 14:49:47.615  6730  6784 W cr_CrashFileManager: /data/user/0/com.android.chrome/cache/Crash Reports does not exist or is not a directory
10-31 14:49:47.635   600   613 I ActivityManager: Killing 6985:com.android.chrome:sandboxed_process9/u0a35i242 (adj 0): isolated not needed
10-31 14:49:47.635   600   613 I ActivityManager: Killing 7010:com.android.chrome:sandboxed_process10/u0a35i243 (adj 0): isolated not needed
10-31 14:49:47.652  6730  6785 I FeedRequestManagerImpl: Capability: FEED_UI
10-31 14:49:47.652  6730  6785 I FeedRequestManagerImpl: Capability: UNDOABLE_ACTIONS
10-31 14:49:47.652  6730  6785 I FeedRequestManagerImpl: Capability: MANAGE_INTERESTS
10-31 14:49:47.652  6730  6785 I FeedRequestManagerImpl: Capability: SEND_FEEDBACK
10-31 14:49:47.652  6730  6785 I FeedRequestManagerImpl: Capability: ARTICLE_SNIPPETS
10-31 14:49:47.652  6730  6785 I FeedRequestManagerImpl: Capability: CLICK_ACTION
10-31 14:49:47.652  6730  6785 I FeedRequestManagerImpl: Capability: VIEW_ACTION
10-31 14:49:47.652  6730  6785 I FeedRequestManagerImpl: Capability: REPORT_FEED_USER_ACTIONS_NOTICE_CARD
10-31 14:49:47.652  6730  6785 I FeedRequestManagerImpl: Capability: BASE_UI
10-31 14:49:47.669  6730  6784 I cr_FileUtils: Writing to /data/user/0/com.android.chrome/app_dex/webapk7.dex
10-31 14:49:47.676  6730  6785 I FeedRequestManagerImpl: Making Request: /httpservice/noretry/DiscoverClankService/FeedQuery
10-31 14:49:47.676  6730  6785 I MainThreadRunner: Running task [NetworkClientWrapper send] on the Main Thread
10-31 14:49:47.676  6730  6785 I TaskQueue:  - Finished 27, time 155 ms
10-31 14:49:47.704  7072  7072 W boxed_process13: type=1400 audit(0.0:14114): avc: denied { getattr } for path="/data/data/com.android.chrome" dev="dm-2" ino=12190 scontext=u:r:isolated_app:s0:c512,c768 tcontext=u:object_r:app_data_file:s0:c512,c768 tclass=dir permissive=0
10-31 14:49:47.714  7051  7051 W boxed_process11: type=1400 audit(0.0:14115): avc: denied { getattr } for path="/data/data/com.android.chrome" dev="dm-2" ino=12190 scontext=u:r:isolated_app:s0:c512,c768 tcontext=u:object_r:app_data_file:s0:c512,c768 tclass=dir permissive=0
10-31 14:49:47.724  7056  7056 W boxed_process12: type=1400 audit(0.0:14116): avc: denied { getattr } for path="/data/data/com.android.chrome" dev="dm-2" ino=12190 scontext=u:r:isolated_app:s0:c512,c768 tcontext=u:object_r:app_data_file:s0:c512,c768 tclass=dir permissive=0
10-31 14:49:47.763  6730  6764 I cr_BindingManager: Moderate binding enabled: maxSize=40
10-31 14:49:47.837  7102  7102 W boxed_process15: type=1400 audit(0.0:14117): avc: denied { getattr } for path="/data/data/com.android.chrome" dev="dm-2" ino=12190 scontext=u:r:isolated_app:s0:c512,c768 tcontext=u:object_r:app_data_file:s0:c512,c768 tclass=dir permissive=0
10-31 14:49:47.852  7072  7072 I cr_ChildProcessService: Creating new ChildProcessService pid=7072
10-31 14:49:47.864  7051  7051 I cr_ChildProcessService: Creating new ChildProcessService pid=7051
10-31 14:49:47.895  7056  7056 I cr_ChildProcessService: Creating new ChildProcessService pid=7056
10-31 14:49:47.898 25312 25356 I Icing   : IndexChimeraService.getServiceInterface callingPackage=com.android.chrome componentName=null serviceId=36
10-31 14:49:47.907  7095  7095 W boxed_process14: type=1400 audit(0.0:14118): avc: denied { getattr } for path="/data/data/com.android.chrome" dev="dm-2" ino=12190 scontext=u:r:isolated_app:s0:c512,c768 tcontext=u:object_r:app_data_file:s0:c512,c768 tclass=dir permissive=0
10-31 14:49:48.001  7102  7102 I cr_ChildProcessService: Creating new ChildProcessService pid=7102
10-31 14:49:48.049  7095  7095 I cr_ChildProcessService: Creating new ChildProcessService pid=7095
10-31 14:49:48.125  7072  7127 I cr_LibraryLoader: Loaded native library version number "85.0.4183.127"
10-31 14:49:48.125  7072  7127 I cr_CachingUmaRecorder: Flushed 1 samples from 1 histograms.
10-31 14:49:48.133  7056  7128 I cr_LibraryLoader: Loaded native library version number "85.0.4183.127"
10-31 14:49:48.135  7056  7128 I cr_CachingUmaRecorder: Flushed 1 samples from 1 histograms.
10-31 14:49:48.150   600  9614 I ActivityManager: Start proc 7133:com.android.chrome:sandboxed_process16/u0i249 for service com.android.chrome/org.chromium.content.app.SandboxedProcessService16
10-31 14:49:48.169  7051  7125 I cr_LibraryLoader: Loaded native library version number "85.0.4183.127"
10-31 14:49:48.180  6863  6863 D AndroidRuntime: >>>>>> START com.android.internal.os.RuntimeInit uid 2000 <<<<<<
10-31 14:49:48.186  7051  7125 I cr_CachingUmaRecorder: Flushed 1 samples from 1 histograms.
10-31 14:49:48.199  6863  6863 D AndroidRuntime: CheckJNI is OFF
10-31 14:49:48.212  7123  7123 I dex2oat : /system/bin/dex2oat --dex-file=/data/user/0/com.android.chrome/app_dex/webapk7.dex --oat-fd=276 --oat-location=/data/user/0/com.android.chrome/app_dex/oat/arm/webapk7.dex --compiler-filter=speed
10-31 14:49:48.248  7072  7127 I chromium: [INFO:child_process_service.cc(69)] ChildProcessService: Exiting child process.
10-31 14:49:48.252   197   197 E lowmemorykiller: Error writing /proc/7072/oom_score_adj; errno=22
10-31 14:49:48.252  7056  7128 I chromium: [INFO:child_process_service.cc(69)] ChildProcessService: Exiting child process.
10-31 14:49:48.263   197   197 E lowmemorykiller: Error writing /proc/7056/oom_score_adj; errno=22
10-31 14:49:48.282   600  1079 I ActivityManager: Process com.android.chrome:sandboxed_process13 (pid 7072) has died
10-31 14:49:48.282   600  1079 D ActivityManager: cleanUpApplicationRecord -- 7072
10-31 14:49:48.285   600  1079 I ActivityManager: Killing 7056:com.android.chrome:sandboxed_process12/u0a35i245 (adj 0): isolated not needed
10-31 14:49:48.291  6730  6730 W chromium: [WARNING:compositor_view.cc(315)] Child process died (type=6) pid=7072)
10-31 14:49:48.292  6730  6764 I cr_BindingManager: onTrimMemory: level=15, size=0
10-31 14:49:48.304  6730  6730 W chromium: [WARNING:compositor_view.cc(315)] Child process died (type=6) pid=7056)
10-31 14:49:48.320   600  9614 D ActivityManager: cleanUpApplicationRecord -- 7056
10-31 14:49:48.342  7102  7129 I cr_LibraryLoader: Loaded native library version number "85.0.4183.127"
10-31 14:49:48.343  7102  7129 I cr_CachingUmaRecorder: Flushed 1 samples from 1 histograms.
10-31 14:49:48.345  7095  7131 I cr_LibraryLoader: Loaded native library version number "85.0.4183.127"
10-31 14:49:48.346  7095  7131 I cr_CachingUmaRecorder: Flushed 1 samples from 1 histograms.
10-31 14:49:48.367  7051  7051 I cr_ChildProcessService: Destroying ChildProcessService pid=7051
10-31 14:49:48.370  7133  7133 W boxed_process16: type=1400 audit(0.0:14119): avc: denied { getattr } for path="/data/data/com.android.chrome" dev="dm-2" ino=12190 scontext=u:r:isolated_app:s0:c512,c768 tcontext=u:object_r:app_data_file:s0:c512,c768 tclass=dir permissive=0
10-31 14:49:48.398  7133  7133 I cr_ChildProcessService: Creating new ChildProcessService pid=7133
10-31 14:49:48.432   600   707 I ActivityManager: Start proc 7166:com.android.chrome:sandboxed_process17/u0i250 for service com.android.chrome/org.chromium.content.app.SandboxedProcessService17
10-31 14:49:48.463   600 24515 I ActivityManager: Start proc 7172:com.android.chrome:sandboxed_process18/u0i251 for service com.android.chrome/org.chromium.content.app.SandboxedProcessService18
10-31 14:49:48.463  7102  7129 I chromium: [INFO:child_process_service.cc(69)] ChildProcessService: Exiting child process.
10-31 14:49:48.465   197   197 E lowmemorykiller: Error writing /proc/7102/oom_score_adj; errno=22
10-31 14:49:48.481  7095  7131 I chromium: [INFO:child_process_service.cc(69)] ChildProcessService: Exiting child process.
10-31 14:49:48.488  6730  6730 W chromium: [WARNING:compositor_view.cc(315)] Child process died (type=6) pid=7102)
10-31 14:49:48.499   600  6312 I ActivityManager: Start proc 7190:com.android.chrome:sandboxed_process19/u0i252 for service com.android.chrome/org.chromium.content.app.SandboxedProcessService19
10-31 14:49:48.499   600  9614 I ActivityManager: Process com.android.chrome:sandboxed_process15 (pid 7102) has died
10-31 14:49:48.499   600  9614 D ActivityManager: cleanUpApplicationRecord -- 7102
10-31 14:49:48.503   600  9614 I ActivityManager: Killing 7051:com.android.chrome:sandboxed_process11/u0a35i244 (adj 0): isolated not needed
10-31 14:49:48.511   600 13631 I ActivityManager: Process com.android.chrome:sandboxed_process14 (pid 7095) has died
10-31 14:49:48.511   600 13631 D ActivityManager: cleanUpApplicationRecord -- 7095
10-31 14:49:48.511   600 13631 W ActivityManager: Scheduling restart of crashed service com.android.chrome/org.chromium.content.app.SandboxedProcessService14 in 1000ms
10-31 14:49:48.512  6730  6730 W chromium: [WARNING:compositor_view.cc(315)] Child process died (type=6) pid=7095)
10-31 14:49:48.515  7133  7163 I cr_LibraryLoader: Loaded native library version number "85.0.4183.127"
10-31 14:49:48.515  7133  7163 I cr_CachingUmaRecorder: Flushed 1 samples from 1 histograms.
10-31 14:49:48.541   600 13558 I ActivityManager: Start proc 7199:com.android.chrome:sandboxed_process20/u0i253 for service com.android.chrome/org.chromium.content.app.SandboxedProcessService20
10-31 14:49:48.604  7166  7166 W boxed_process17: type=1400 audit(0.0:14120): avc: denied { getattr } for path="/data/data/com.android.chrome" dev="dm-2" ino=12190 scontext=u:r:isolated_app:s0:c512,c768 tcontext=u:object_r:app_data_file:s0:c512,c768 tclass=dir permissive=0
10-31 14:49:48.624  7172  7172 W boxed_process18: type=1400 audit(0.0:14121): avc: denied { getattr } for path="/data/data/com.android.chrome" dev="dm-2" ino=12190 scontext=u:r:isolated_app:s0:c512,c768 tcontext=u:object_r:app_data_file:s0:c512,c768 tclass=dir permissive=0
10-31 14:49:48.648   600  3675 I ActivityManager: Killing 7133:com.android.chrome:sandboxed_process16/u0a35i249 (adj 0): isolated not needed
10-31 14:49:48.676  7172  7172 I cr_ChildProcessService: Creating new ChildProcessService pid=7172
10-31 14:49:48.684  7190  7190 W boxed_process19: type=1400 audit(0.0:14122): avc: denied { getattr } for path="/data/data/com.android.chrome" dev="dm-2" ino=12190 scontext=u:r:isolated_app:s0:c512,c768 tcontext=u:object_r:app_data_file:s0:c512,c768 tclass=dir permissive=0
10-31 14:49:48.687  7166  7166 I cr_ChildProcessService: Creating new ChildProcessService pid=7166
10-31 14:49:48.714  7199  7199 W boxed_process20: type=1400 audit(0.0:14123): avc: denied { getattr } for path="/data/data/com.android.chrome" dev="dm-2" ino=12190 scontext=u:r:isolated_app:s0:c512,c768 tcontext=u:object_r:app_data_file:s0:c512,c768 tclass=dir permissive=0
10-31 14:49:48.746   600   609 I art     : Background partial concurrent mark sweep GC freed 58610(2MB) AllocSpace objects, 44(1132KB) LOS objects, 33% free, 17MB/26MB, paused 2.169ms total 198.379ms
10-31 14:49:48.754  7190  7190 I cr_ChildProcessService: Creating new ChildProcessService pid=7190
10-31 14:49:48.761  7172  7221 I cr_LibraryLoader: Loaded native library version number "85.0.4183.127"
10-31 14:49:48.761  7172  7221 I cr_CachingUmaRecorder: Flushed 1 samples from 1 histograms.
10-31 14:49:48.791 25312 25359 I Icing   : IndexChimeraService.getServiceInterface callingPackage=com.android.chrome componentName=null serviceId=36
