10-31 15:00:39.121 10948 10961 I cr_LibraryLoader: Loaded native library version number "85.0.4183.127"
10-31 15:00:39.121 10948 10961 I cr_CachingUmaRecorder: Flushed 1 samples from 1 histograms.
10-31 15:00:39.167 10961 10961 W CrUtilityMain: type=1400 audit(0.0:14225): avc: denied { setattr } for name="tl_en-us_2022-10-24_484508980_100000_index.bin" dev="dm-2" ino=60241 scontext=u:r:isolated_app:s0:c512,c768 tcontext=u:object_r:app_data_file:s0:c512,c768 tclass=file permissive=0
10-31 15:00:39.167 10961 10961 W CrUtilityMain: type=1400 audit(0.0:14226): avc: denied { setattr } for name="manifest.json" dev="dm-2" ino=60139 scontext=u:r:isolated_app:s0:c512,c768 tcontext=u:object_r:app_data_file:s0:c512,c768 tclass=file permissive=0
10-31 15:00:39.170 10961 10961 W CrUtilityMain: type=1400 audit(0.0:14227): avc: denied { setattr } for name="verified_contents.json" dev="dm-2" ino=60369 scontext=u:r:isolated_app:s0:c512,c768 tcontext=u:object_r:app_data_file:s0:c512,c768 tclass=file permissive=0
10-31 15:00:39.180 10948 10948 I cr_ChildProcessService: Destroying ChildProcessService pid=10948
10-31 15:00:39.181 10948 10961 I chromium: [INFO:child_process_service.cc(69)] ChildProcessService: Exiting child process.
10-31 15:00:39.207   600  1080 I ActivityManager: Process com.android.chrome:sandboxed_process30 (pid 10948) has died
10-31 15:00:39.207   600  1080 D ActivityManager: cleanUpApplicationRecord -- 10948
10-31 15:00:39.209 10160 10160 W chromium: [WARNING:compositor_view.cc(315)] Child process died (type=6) pid=10948)
10-31 15:00:41.855 10160 10160 I cr_tabmodel: Appending tabs being restored to metadata lists, 0, startingNormalCount: 2, startingIncognitoCount: 0
10-31 15:00:41.855 10160 10160 I cr_tabmodel: Serializing tab lists; counts: 2, 0
10-31 15:00:41.965   787 28591 W Icing   : isOptedInForAppHistory: empty Account Name encountered
10-31 15:00:42.004   787 28591 W Icing   : isOptedInForAppHistory: empty Account Name encountered
10-31 15:00:42.028   787 10028 W Icing   : isOptedInForAppHistory: empty Account Name encountered
10-31 15:00:43.295   787   804 I art     : Background partial concurrent mark sweep GC freed 97828(5MB) AllocSpace objects, 9(500KB) LOS objects, 40% free, 12MB/20MB, paused 1.195ms total 130.990ms
10-31 15:00:43.895 10719 10719 D MonkeyStub: translateCommand: touch down 614 1561
10-31 15:00:43.916 10719 10719 D MonkeyStub: translateCommand: touch move 614 1561
10-31 15:00:44.030 10719 10719 D MonkeyStub: translateCommand: touch move 614 1436
10-31 15:00:44.137 10719 10719 D MonkeyStub: translateCommand: touch move 614 1311
10-31 15:00:44.255 10719 10719 D MonkeyStub: translateCommand: touch move 614 1186
10-31 15:00:44.372 10719 10719 D MonkeyStub: translateCommand: touch move 614 1061
10-31 15:00:44.540 10719 10719 D MonkeyStub: translateCommand: touch move 614 937
10-31 15:00:44.577   600 17381 I ActivityManager: Process android.process.acore (pid 9484) has died
10-31 15:00:44.577   600 17381 D ActivityManager: cleanUpApplicationRecord -- 9484
10-31 15:00:44.653 10719 10719 D MonkeyStub: translateCommand: touch move 614 812
10-31 15:00:44.770 10719 10719 D MonkeyStub: translateCommand: touch move 614 687
10-31 15:00:44.893 10719 10719 D MonkeyStub: translateCommand: touch move 614 562
10-31 15:00:45.027 10719 10719 D MonkeyStub: translateCommand: touch move 614 437
10-31 15:00:45.139 10719 10719 D MonkeyStub: translateCommand: touch move 614 312
10-31 15:00:45.152 10719 10719 D MonkeyStub: translateCommand: touch up 614 312
10-31 15:00:45.228 10719 10719 D MonkeyStub: translateCommand: touch down 614 1561
10-31 15:00:45.258 10719 10719 D MonkeyStub: translateCommand: touch move 614 1561
10-31 15:00:45.474 10719 10719 D MonkeyStub: translateCommand: touch move 614 1436
10-31 15:00:45.726 10719 10719 D MonkeyStub: translateCommand: touch move 614 1311
10-31 15:00:45.854 10719 10719 D MonkeyStub: translateCommand: touch move 614 1186
10-31 15:00:45.979 10719 10719 D MonkeyStub: translateCommand: touch move 614 1061
10-31 15:00:46.037 10160 10170 I art     : Background sticky concurrent mark sweep GC freed 66443(2MB) AllocSpace objects, 3(80KB) LOS objects, 10% free, 20MB/23MB, paused 8.171ms total 95.361ms
10-31 15:00:46.095 10719 10719 D MonkeyStub: translateCommand: touch move 614 937
10-31 15:00:46.202 10719 10719 D MonkeyStub: translateCommand: touch move 614 812
10-31 15:00:46.327 10719 10719 D MonkeyStub: translateCommand: touch move 614 687
10-31 15:00:46.434 10719 10719 D MonkeyStub: translateCommand: touch move 614 562
10-31 15:00:46.590 10719 10719 D MonkeyStub: translateCommand: touch move 614 437
10-31 15:00:46.698 10719 10719 D MonkeyStub: translateCommand: touch move 614 312
10-31 15:00:46.705 10719 10719 D MonkeyStub: translateCommand: touch up 614 312
10-31 15:00:48.843 10160 10170 I art     : Background sticky concurrent mark sweep GC freed 55726(2MB) AllocSpace objects, 0(0B) LOS objects, 8% free, 21MB/23MB, paused 5.499ms total 91.601ms
10-31 15:00:49.887 10160 10160 I cr_tabmodel: Appending tabs being restored to metadata lists, 0, startingNormalCount: 2, startingIncognitoCount: 0
10-31 15:00:49.887 10160 10160 I cr_tabmodel: Serializing tab lists; counts: 2, 0
10-31 15:00:51.798 10719 10719 D MonkeyStub: translateCommand: touch down 614 1561
10-31 15:00:51.810 10719 10719 D MonkeyStub: translateCommand: touch move 614 1561
10-31 15:00:51.916 10719 10719 D MonkeyStub: translateCommand: touch move 614 1436
10-31 15:00:52.027 10719 10719 D MonkeyStub: translateCommand: touch move 614 1311
10-31 15:00:52.138 10719 10719 D MonkeyStub: translateCommand: touch move 614 1186
10-31 15:00:52.247 10719 10719 D MonkeyStub: translateCommand: touch move 614 1061
10-31 15:00:52.360 10719 10719 D MonkeyStub: translateCommand: touch move 614 937
10-31 15:00:52.479 10719 10719 D MonkeyStub: translateCommand: touch move 614 812
10-31 15:00:52.600 10719 10719 D MonkeyStub: translateCommand: touch move 614 687
10-31 15:00:52.714 10719 10719 D MonkeyStub: translateCommand: touch move 614 562
10-31 15:00:52.832 10719 10719 D MonkeyStub: translateCommand: touch move 614 437
10-31 15:00:52.952 10719 10719 D MonkeyStub: translateCommand: touch move 614 312
10-31 15:00:52.966 10719 10719 D MonkeyStub: translateCommand: touch up 614 312
10-31 15:00:53.011 10719 10719 D MonkeyStub: Quit requested
10-31 15:00:53.036   600   614 I CwMcuSensor: CwMcuSensor::flush: fd = 238, sensors_id = 0, path = /sys/class/htc_sensorhub/sensor_hub/flush, err = 0
10-31 15:00:53.039 10719 10719 I art     : System.exit called, status: 114
10-31 15:00:53.039 10719 10719 I AndroidRuntime: VM exiting with result code 114.
10-31 15:00:53.068   600  1080 W WindowManager: Attempted to remove non-existing token: android.os.Binder@3dc0477
10-31 15:01:04.416  9432  9468 I Icing   : IndexChimeraService.getServiceInterface callingPackage=com.android.chrome componentName=null serviceId=36
10-31 15:01:04.460  9432  9473 W Icing   : No valid account for uploading user actions
10-31 15:01:04.498  9432  9483 I Icing   : IndexChimeraService.getServiceInterface callingPackage=com.google.android.gms componentName=null serviceId=30
10-31 15:01:04.549  9432  9473 I Icing   : Usage reports ok 3, Failed Usage reports 0, indexed 3, rejected 0
10-31 15:01:04.552  9432  9473 W Icing   : No valid account for uploading user actions
10-31 15:01:04.559  9432  9473 I Icing   : Usage reports ok 0, Failed Usage reports 0, indexed 0, rejected 0
10-31 15:01:04.560  9432  9473 I Icing   : Indexing com.android.chrome-internal.3p:WebPage from com.android.chrome using seqno 0
10-31 15:01:04.576  9432  9473 I Icing   : Indexing com.android.chrome-omnibox from com.android.chrome
10-31 15:01:04.608  9432  9473 I Icing   : Indexing done com.android.chrome-omnibox
10-31 15:01:05.626   787  1245 W Icing   : isOptedInForAppHistory: empty Account Name encountered
10-31 15:01:05.661   787  6178 W Icing   : isOptedInForAppHistory: empty Account Name encountered
10-31 15:01:09.271 10989 10989 D AndroidRuntime: >>>>>> START com.android.internal.os.RuntimeInit uid 2000 <<<<<<
10-31 15:01:09.280 10989 10989 D AndroidRuntime: CheckJNI is OFF
10-31 15:01:09.365 10989 10989 D ICU     : No timezone override file found: /data/misc/zoneinfo/current/icu/icu_tzdata.dat
10-31 15:01:09.405 10989 10989 I Radio-JNI: register_android_hardware_Radio DONE
10-31 15:01:09.424 10989 10989 D AndroidRuntime: Calling main entry com.android.commands.am.Am
10-31 15:01:09.444   600 27731 I ActivityManager: Force stopping com.android.chrome appid=10035 user=0: from pid 10989
10-31 15:01:09.444   600 27731 I ActivityManager: Killing 10223:com.android.chrome:privileged_process0/u0a35 (adj 0): stop com.android.chrome
10-31 15:01:09.445   600 27731 D ActivityManager: cleanUpApplicationRecord -- 10223
10-31 15:01:09.445   600 27731 W ActivityManager: Scheduling restart of crashed service com.android.chrome/org.chromium.content.app.PrivilegedProcessService0 in 1000ms
10-31 15:01:09.445   600 27731 I ActivityManager: Killing 10160:com.android.chrome/u0a35 (adj 0): stop com.android.chrome
10-31 15:01:09.445   600 27731 D ActivityManager: cleanUpApplicationRecord -- 10160
10-31 15:01:09.446   600 27731 I ActivityManager: Killing 10658:com.android.chrome:sandboxed_process20/u0a35i285 (adj 0): isolated not needed
10-31 15:01:09.447   600 27731 W ActivityManager: Force removing ActivityRecord{6eaee49 u0 com.android.chrome/com.google.android.apps.chrome.Main t2341}: app died, no saved state
10-31 15:01:09.462 10196 10196 I cr_ChildProcessService: Destroying ChildProcessService pid=10196
10-31 15:01:09.462   600 27731 I ActivityManager: Killing 10196:com.android.chrome:sandboxed_process0/u0a35i265 (adj 0): isolated not needed
10-31 15:01:09.481 10989 10989 D AndroidRuntime: Shutting down VM
10-31 15:01:09.515 25143 25179 I OpenGLRenderer: Initialized EGL, version 1.4
10-31 15:01:09.515 25143 25179 D OpenGLRenderer: Swap behavior 2
10-31 15:01:09.522  1061  1061 D RegisteredNfcFServicesCache: Service unchanged, not updating
10-31 15:01:09.530   600  3509 D ActivityManager: cleanUpApplicationRecord -- 10196
10-31 15:01:09.627   600 29683 D ConnectivityService: ConnectivityService NetworkRequestInfo binderDied(NetworkRequest [ LISTEN id=1923, [ Capabilities: INTERNET&NOT_RESTRICTED&TRUSTED&FOREGROUND] ], android.os.BinderProxy@f9ba806)
10-31 15:01:09.627   600  9614 D ConnectivityService: ConnectivityService NetworkRequestInfo binderDied(NetworkRequest [ LISTEN id=1922, [ Capabilities: INTERNET&NOT_RESTRICTED&TRUSTED&FOREGROUND] ], android.os.BinderProxy@d1c8ec7)
10-31 15:01:09.627   600 29683 D ConnectivityService: ConnectivityService NetworkRequestInfo binderDied(NetworkRequest [ LISTEN id=1924, [ Capabilities: INTERNET&NOT_RESTRICTED&TRUSTED&FOREGROUND] ], android.os.BinderProxy@d939cf4)
10-31 15:01:09.627   600  9614 D GraphicsStats: Buffer count: 2
10-31 15:01:09.629   600   649 E ConnectivityService: RemoteException caught trying to send a callback msg for NetworkRequest [ LISTEN id=1923, [ Capabilities: INTERNET&NOT_RESTRICTED&TRUSTED&FOREGROUND] ]
10-31 15:01:09.630   600   649 E ConnectivityService: RemoteException caught trying to send a callback msg for NetworkRequest [ LISTEN id=1922, [ Capabilities: INTERNET&NOT_RESTRICTED&TRUSTED&FOREGROUND] ]
10-31 15:01:09.631  9299  9310 I AttachedClient: Adding client event 2 to pending list.
10-31 15:01:09.632   600  3507 D ConnectivityService: ConnectivityService NetworkRequestInfo binderDied(NetworkRequest [ LISTEN id=1925, [ Capabilities: INTERNET&NOT_RESTRICTED&TRUSTED&FOREGROUND] ], android.os.BinderProxy@a645c1d)
10-31 15:01:09.635   600   649 E ConnectivityService: RemoteException caught trying to send a callback msg for NetworkRequest [ LISTEN id=1924, [ Capabilities: INTERNET&NOT_RESTRICTED&TRUSTED&FOREGROUND] ]
10-31 15:01:09.635   600   649 E ConnectivityService: RemoteException caught trying to send a callback msg for NetworkRequest [ LISTEN id=1925, [ Capabilities: INTERNET&NOT_RESTRICTED&TRUSTED&FOREGROUND] ]
10-31 15:01:09.641  9299  9299 I OptInState: There is a new client and it does not support opt-in. Dropping request.
10-31 15:01:09.643  9299  9299 I MicroDetectionWorker: Micro detection mode: [mDetectionMode: [1]].
10-31 15:01:09.656  9299 11002 I MicroRecognitionRunner: Starting detection.
10-31 15:01:09.661  9299  9332 I MicrophoneInputStream: mic_starting com.google.android.apps.gsa.speech.audio.ae@625d5ec
10-31 15:01:09.684   238   285 I SoundTriggerHwService::Module: void android::SoundTriggerHwService::Module::onCallbackEvent(const sp<android::SoundTriggerHwService::CallbackEvent> &) mClient == 0
10-31 15:01:09.689   238 11004 I AudioFlinger: AudioFlinger's thread 0xef692140 ready to run
10-31 15:01:09.692  9299  9332 I MicrophoneInputStream: mic_started com.google.android.apps.gsa.speech.audio.ae@625d5ec
10-31 15:01:09.733   600 25704 D ActivityManager: cleanUpApplicationRecord -- 10658
10-31 15:01:09.877  9299  9299 I MicroDetectionWorker: onReady
10-31 15:01:10.059 11005 11005 D AndroidRuntime: >>>>>> START com.android.internal.os.RuntimeInit uid 2000 <<<<<<
10-31 15:01:10.062 11005 11005 D AndroidRuntime: CheckJNI is OFF
10-31 15:01:10.066 25143 25179 W OpenGLRenderer: Incorrectly called buildLayer on View: ShortcutAndWidgetContainer, destroying layer...
10-31 15:01:10.129 11005 11005 D ICU     : No timezone override file found: /data/misc/zoneinfo/current/icu/icu_tzdata.dat
10-31 15:01:10.157 11005 11005 I Radio-JNI: register_android_hardware_Radio DONE
10-31 15:01:10.172 11005 11005 D AndroidRuntime: Calling main entry com.android.commands.pm.Pm
10-31 15:01:10.187   600 29683 I ActivityManager: Force stopping com.android.chrome appid=10035 user=0: clear data
10-31 15:01:10.188   600   613 I ActivityManager: Force stopping com.android.chrome appid=10035 user=-1: clearApplicationUserData
10-31 15:01:10.364   787   787 I GeofencerStateMachine: removeGeofences: removeRequest=RemoveGeofencingRequest[REMOVE_ALL packageName=com.android.chrome]
10-31 15:01:10.368 11005 11005 I art     : System.exit called, status: 0
10-31 15:01:10.368 11005 11005 I AndroidRuntime: VM exiting with result code 0.
10-31 15:01:10.373  1061  1061 D RegisteredNfcFServicesCache: Service unchanged, not updating
10-31 15:01:10.390   600   612 W ResourceType: No known package when getting value for resource number 0x7f080316
10-31 15:01:10.390   600   612 W ResourceType: No known package when getting value for resource number 0x7f130448
10-31 15:01:10.390   600   612 W ResourceType: No known package when getting value for resource number 0x7f080315
10-31 15:01:10.390   600   612 W ResourceType: No known package when getting value for resource number 0x7f130123
10-31 15:01:10.390   600   612 W ResourceType: No known package when getting value for resource number 0x7f130447
10-31 15:01:10.390   600   612 W ResourceType: No known package when getting value for resource number 0x7f1302e4
10-31 15:01:10.390   600   612 E ShortcutService: Ignoring excessive intent tag.
10-31 15:01:10.408   787 11019 I Fitness : FitCleanupIntentOperation received Intent android.intent.action.PACKAGE_DATA_CLEARED [CONTEXT service_id=17 ]
10-31 15:01:10.427  9432  9473 I Icing   : doRemovePackageData com.android.chrome
10-31 15:01:10.427  9432  9473 I Icing   : Removing corpus key com.android.chrome-.implicit: for package com.android.chrome
10-31 15:01:10.483  9432  9473 I native  : flash-index.cc:1519 Flash index sort hb 101 prefix-hits 218 -> 192 at 17.478ms
10-31 15:01:10.523  9432  9473 I Icing   : Removing corpus key com.android.chrome-internal.3p:WebPage for package com.android.chrome
10-31 15:01:10.551  9432  9473 I Icing   : Removing corpus key com.android.chrome-omnibox for package com.android.chrome
10-31 15:01:10.626  9432  9473 I Icing   : Starting compaction min disk 99.929% min index 99.991%
10-31 15:01:10.787  9432  9473 I native  : document-store.cc:1654 Scored 2388 usage reports, missing_corpora 1295 update_failed 1
10-31 15:01:10.821  9432  9473 W native  : words-map.cc:30 INVALID_ARGUMENT: Empty URI
10-31 15:01:10.821  9432  9473 W native  : words-map.cc:34 WordsMap was not properly initialized
10-31 15:01:10.923  9432  9473 E native  : compactor.cc:67 Could not index embedding for docid 1: INTERNAL: Unable to find Thing Proto section 
10-31 15:01:10.923  9432  9473 E native  : compactor.cc:67 Could not index embedding for docid 3: INTERNAL: Unable to find Thing Proto section 
10-31 15:01:10.923  9432  9473 E native  : compactor.cc:67 Could not index embedding for docid 5: INTERNAL: Unable to find Thing Proto section 
10-31 15:01:10.924  9432  9473 E native  : compactor.cc:67 Could not index embedding for docid 7: INTERNAL: Unable to find Thing Proto section 
10-31 15:01:10.928  9432  9473 E native  : compactor.cc:67 Could not index embedding for docid 8: INTERNAL: Unable to find Thing Proto section 
10-31 15:01:10.929  9432  9473 E native  : compactor.cc:67 Could not index embedding for docid 10: INTERNAL: Unable to find Thing Proto section 
10-31 15:01:10.929  9432  9473 E native  : compactor.cc:67 Could not index embedding for docid 11: INTERNAL: Unable to find Thing Proto section 
10-31 15:01:10.929  9432  9473 E native  : compactor.cc:67 Could not index embedding for docid 13: INTERNAL: Unable to find Thing Proto section 
10-31 15:01:10.930  9432  9473 E native  : compactor.cc:67 Could not index embedding for docid 14: INTERNAL: Unable to find Thing Proto section 
10-31 15:01:10.934  9432  9473 E native  : compactor.cc:67 Could not index embedding for docid 17: INTERNAL: Unable to find Thing Proto section 
10-31 15:01:10.934  9432  9473 E native  : compactor.cc:67 Could not index embedding for docid 18: INTERNAL: Unable to find Thing Proto section 
10-31 15:01:10.935  9432  9473 E native  : compactor.cc:67 Could not index embedding for docid 21: INTERNAL: Unable to find Thing Proto section 
10-31 15:01:10.935  9432  9473 E native  : compactor.cc:67 Could not index embedding for docid 22: INTERNAL: Unable to find Thing Proto section 
10-31 15:01:10.940  9432  9473 E native  : compactor.cc:67 Could not index embedding for docid 26: INTERNAL: Unable to find Thing Proto section 
10-31 15:01:10.941  9432  9473 E native  : compactor.cc:67 Could not index embedding for docid 27: INTERNAL: Unable to find Thing Proto section 
10-31 15:01:10.983  9432  9473 I native  : flash-index.cc:1519 Flash index sort hb 34 prefix-hits 54 -> 54 at 27.673ms
10-31 15:01:11.009  9432  9473 W native  : words-map.cc:30 INVALID_ARGUMENT: Empty URI
10-31 15:01:11.009  9432  9473 W native  : words-map.cc:34 WordsMap was not properly initialized
10-31 15:01:11.102  9432  9473 I Icing   : updateResources: need to parse acol{com.android.chrome}
10-31 15:01:11.103  9432  9473 W System  : ClassLoader referenced unknown path: 
10-31 15:01:11.104  9432  9473 D ApplicationLoaders: ignored Vulkan layer search path /data/app/com.android.chrome-1/lib/arm64:/data/app/com.android.chrome-1/base.apk!/lib/arm64-v8a:/data/app/com.android.chrome-1/split_config.en.apk!/lib/arm64-v8a:/data/app/com.android.chrome-1/split_extra_icu.apk!/lib/arm64-v8a for namespace 0x7f9ac3d0f0
10-31 15:01:11.174  9432  9473 I Icing   : Indexing com.android.chrome-omnibox from com.android.chrome
10-31 15:01:11.185   600  3967 I ActivityManager: Start proc 11031:com.android.chrome/u0a35 for content provider com.android.chrome/com.google.android.apps.chrome.icing.IcingProvider
10-31 15:01:11.288  9432  9473 I Icing   : Indexing done com.android.chrome-omnibox
10-31 15:01:12.378   787   787 W GCM     : broadcast intent callback: result=CANCELLED forIntent { act=com.google.android.c2dm.intent.RECEIVE pkg=com.opera.browser (has extras) }
