--------- beginning of main
11-01 21:35:58.044  8437  8437 D AndroidRuntime: >>>>>> START com.android.internal.os.RuntimeInit uid 2000 <<<<<<
11-01 21:35:58.048  8437  8437 D AndroidRuntime: CheckJNI is OFF
11-01 21:35:58.112  8437  8437 D ICU     : No timezone override file found: /data/misc/zoneinfo/current/icu/icu_tzdata.dat
11-01 21:35:58.141  8437  8437 I Radio-JNI: register_android_hardware_Radio DONE
11-01 21:35:58.156  8437  8437 D AndroidRuntime: Calling main entry com.android.commands.am.Am
--------- beginning of system
11-01 21:35:58.173   600  1068 I ActivityManager: Force stopping com.android.chrome appid=10035 user=0: from pid 8437
11-01 21:35:58.173   600  1068 I ActivityManager: Killing 8402:com.android.chrome/u0a35 (adj 700): stop com.android.chrome
11-01 21:35:58.173   600  1068 D ActivityManager: cleanUpApplicationRecord -- 8402
11-01 21:35:58.184  1058  1058 D RegisteredNfcFServicesCache: Service unchanged, not updating
11-01 21:35:58.430   600 12440 I ActivityManager: START u0 {act=android.intent.action.VIEW flg=0x10008000 cmp=com.android.chrome/com.google.android.apps.chrome.Main} from uid 2000 on display 0
11-01 21:35:58.457  8437  8437 D AndroidRuntime: Shutting down VM
11-01 21:35:58.485   600  1066 I ActivityManager: Start proc 8447:com.android.chrome/u0a35 for activity com.android.chrome/com.google.android.apps.chrome.Main
11-01 21:35:58.636   600 12440 I ActivityManager: START u0 {cmp=com.android.chrome/org.chromium.chrome.browser.firstrun.TabbedModeFirstRunActivity (has extras)} from uid 10035 on display 0
11-01 21:35:58.655  8447  8464 W DynamiteModule: Local module descriptor class for com.google.android.gms.googlecertificates not found.
11-01 21:35:58.700  8447  8464 I DynamiteModule: Considering local module com.google.android.gms.googlecertificates:0 and remote module com.google.android.gms.googlecertificates:6
11-01 21:35:58.700  8447  8464 I DynamiteModule: Selected remote version of com.google.android.gms.googlecertificates, version >= 6
11-01 21:35:58.815  8447  8464 W System  : ClassLoader referenced unknown path: 
11-01 21:35:58.817  8447  8466 I OpenGLRenderer: Initialized EGL, version 1.4
11-01 21:35:58.818  8447  8466 D OpenGLRenderer: Swap behavior 2
11-01 21:35:58.818  8447  8464 D ApplicationLoaders: ignored Vulkan layer search path /data/app/com.google.android.gms-1/lib/arm:/data/app/com.google.android.gms-1/base.apk!/lib/armeabi-v7a:/data/app/com.google.android.gms-1/split_config.en.apk!/lib/armeabi-v7a for namespace 0xf72a8090
11-01 21:35:58.821  8447  8465 I cr_LibraryLoader: Loaded native library version number "85.0.4183.127"
11-01 21:35:58.822  8447  8465 I cr_CachingUmaRecorder: Flushed 10 samples from 10 histograms.
11-01 21:35:58.826  8447  8464 W ResourceType: ResTable_typeSpec entry count inconsistent: given 67, previously 69
11-01 21:35:58.826  8447  8464 W ResourceType: ResTable_typeSpec entry count inconsistent: given 5346, previously 5347
11-01 21:35:58.849  8447  8464 I DynamiteLoaderV2Impl: [70] Googlecertificates
11-01 21:35:58.867  8447  8464 W System  : ClassLoader referenced unknown path: /data/user_de/0/com.google.android.gms/app_chimera/m/00000061/n/armeabi-v7a
11-01 21:35:58.867  8447  8464 W System  : ClassLoader referenced unknown path: /data/user_de/0/com.google.android.gms/app_chimera/m/00000061/n/armeabi
11-01 21:35:58.983   600   620 W WindowManager: Failed looking up window
11-01 21:35:58.983   600   620 W WindowManager: java.lang.IllegalArgumentException: Requested window android.view.ViewRootImpl$W@fa2ab13 does not exist
11-01 21:35:58.983   600   620 W WindowManager: 	at com.android.server.wm.WindowManagerService.windowForClientLocked(WindowManagerService.java:9422)
11-01 21:35:58.983   600   620 W WindowManager: 	at com.android.server.wm.WindowManagerService.windowForClientLocked(WindowManagerService.java:9413)
11-01 21:35:58.983   600   620 W WindowManager: 	at com.android.server.wm.WindowManagerService.removeWindow(WindowManagerService.java:2393)
11-01 21:35:58.983   600   620 W WindowManager: 	at com.android.server.wm.Session.remove(Session.java:202)
11-01 21:35:58.983   600   620 W WindowManager: 	at android.view.ViewRootImpl.dispatchDetachedFromWindow(ViewRootImpl.java:3290)
11-01 21:35:58.983   600   620 W WindowManager: 	at android.view.ViewRootImpl.doDie(ViewRootImpl.java:5917)
11-01 21:35:58.983   600   620 W WindowManager: 	at android.view.ViewRootImpl$ViewRootHandler.handleMessage(ViewRootImpl.java:3626)
11-01 21:35:58.983   600   620 W WindowManager: 	at android.os.Handler.dispatchMessage(Handler.java:102)
11-01 21:35:58.983   600   620 W WindowManager: 	at android.os.Looper.loop(Looper.java:154)
11-01 21:35:58.983   600   620 W WindowManager: 	at android.os.HandlerThread.run(HandlerThread.java:61)
11-01 21:35:58.983   600   620 W WindowManager: 	at com.android.server.ServiceThread.run(ServiceThread.java:46)
11-01 21:35:58.992   600   620 I ActivityManager: Displayed com.android.chrome/org.chromium.chrome.browser.firstrun.TabbedModeFirstRunActivity: +318ms (total +538ms)
11-01 21:35:58.995  8447  8461 D NetworkSecurityConfig: Using Network Security Config from resource 0_resource_name_obfuscated debugBuild: false
11-01 21:35:59.015   785  1681 I FontLog : Received query Google Sans, URI content://com.google.android.gms.fonts [CONTEXT service_id=132 ]
11-01 21:35:59.015   785  1681 I FontLog : Query [Google Sans] resolved to {Google Sans, wdth 100.0, wght 400, ital 0.0, bestEffort false} [CONTEXT service_id=132 ]
11-01 21:35:59.016   785  1681 I FontLog : Font PFD returned from cache for {Google Sans, wdth 100.0, wght 400, ital 0.0, bestEffort false} [CONTEXT service_id=132 ]
11-01 21:35:59.016   785  1681 I FontLog : Fetch {Google Sans, wdth 100.0, wght 400, ital 0.0, bestEffort false} end status Status{statusCode=SUCCESS, resolution=null} [CONTEXT service_id=132 ]
11-01 21:35:59.027   785  1586 I FontLog : Pulling font file for id = 412, cache size = 5 [CONTEXT service_id=132 ]
11-01 21:35:59.038   785  1191 I FontLog : Received query Google Sans:500, URI content://com.google.android.gms.fonts [CONTEXT service_id=132 ]
11-01 21:35:59.038   785  1191 I FontLog : Query [Google Sans:500] resolved to {Google Sans, wdth 100.0, wght 500, ital 0.0, bestEffort false} [CONTEXT service_id=132 ]
11-01 21:35:59.056   785  1191 I FontLog : Font PFD returned from cache for {Google Sans, wdth 100.0, wght 500, ital 0.0, bestEffort false} [CONTEXT service_id=132 ]
11-01 21:35:59.057   785  1191 I FontLog : Fetch {Google Sans, wdth 100.0, wght 500, ital 0.0, bestEffort false} end status Status{statusCode=SUCCESS, resolution=null} [CONTEXT service_id=132 ]
11-01 21:35:59.065   785  1744 I FontLog : Pulling font file for id = 413, cache size = 6 [CONTEXT service_id=132 ]
11-01 21:35:59.094   785  1233 E apju    : Phenotype API error. Event # cdub@f698b6a, EventCode: 7 [CONTEXT service_id=51 ]
11-01 21:35:59.094   785  1233 E apju    : apiz: 29505: No config packages for log source, or config package not registered
11-01 21:35:59.094   785  1233 E apju    : 	at apkj.b(:com.google.android.gms@203915020@20.39.15 (040406-335085812):7)
11-01 21:35:59.094   785  1233 E apju    : 	at apkg.b(:com.google.android.gms@203915020@20.39.15 (040406-335085812):2)
11-01 21:35:59.094   785  1233 E apju    : 	at apju.a(:com.google.android.gms@203915020@20.39.15 (040406-335085812):85)
11-01 21:35:59.094   785  1233 E apju    : 	at apju.a(:com.google.android.gms@203915020@20.39.15 (040406-335085812):80)
11-01 21:35:59.094   785  1233 E apju    : 	at aain.run(:com.google.android.gms@203915020@20.39.15 (040406-335085812):7)
11-01 21:35:59.094   785  1233 E apju    : 	at boex.run(:com.google.android.gms@203915020@20.39.15 (040406-335085812):2)
11-01 21:35:59.094   785  1233 E apju    : 	at sup.b(:com.google.android.gms@203915020@20.39.15 (040406-335085812):12)
11-01 21:35:59.094   785  1233 E apju    : 	at sup.run(:com.google.android.gms@203915020@20.39.15 (040406-335085812):7)
11-01 21:35:59.094   785  1233 E apju    : 	at java.util.concurrent.ThreadPoolExecutor.runWorker(ThreadPoolExecutor.java:1133)
11-01 21:35:59.094   785  1233 E apju    : 	at java.util.concurrent.ThreadPoolExecutor$Worker.run(ThreadPoolExecutor.java:607)
11-01 21:35:59.094   785  1233 E apju    : 	at tam.run(:com.google.android.gms@203915020@20.39.15 (040406-335085812):0)
11-01 21:35:59.094   785  1233 E apju    : 	at java.lang.Thread.run(Thread.java:761)
11-01 21:35:59.097   785  1233 E AsyncOperation: serviceID=51, operation=GetExperimentTokensOperationCall [CONTEXT service_id=259 ]
11-01 21:35:59.097   785  1233 E AsyncOperation: OperationException[Status{statusCode=No config packages for log source, or config package not registered, resolution=null}]
11-01 21:35:59.097   785  1233 E AsyncOperation: 	at apju.a(:com.google.android.gms@203915020@20.39.15 (040406-335085812):87)
11-01 21:35:59.097   785  1233 E AsyncOperation: 	at apju.a(:com.google.android.gms@203915020@20.39.15 (040406-335085812):80)
11-01 21:35:59.097   785  1233 E AsyncOperation: 	at aain.run(:com.google.android.gms@203915020@20.39.15 (040406-335085812):7)
11-01 21:35:59.097   785  1233 E AsyncOperation: 	at boex.run(:com.google.android.gms@203915020@20.39.15 (040406-335085812):2)
11-01 21:35:59.097   785  1233 E AsyncOperation: 	at sup.b(:com.google.android.gms@203915020@20.39.15 (040406-335085812):12)
11-01 21:35:59.097   785  1233 E AsyncOperation: 	at sup.run(:com.google.android.gms@203915020@20.39.15 (040406-335085812):7)
11-01 21:35:59.097   785  1233 E AsyncOperation: 	at java.util.concurrent.ThreadPoolExecutor.runWorker(ThreadPoolExecutor.java:1133)
11-01 21:35:59.097   785  1233 E AsyncOperation: 	at java.util.concurrent.ThreadPoolExecutor$Worker.run(ThreadPoolExecutor.java:607)
11-01 21:35:59.097   785  1233 E AsyncOperation: 	at tam.run(:com.google.android.gms@203915020@20.39.15 (040406-335085812):0)
11-01 21:35:59.097   785  1233 E AsyncOperation: 	at java.lang.Thread.run(Thread.java:761)
11-01 21:35:59.212 27901 27901 I MemoryTrimmer: Trimming objects from memory, since app is in the background.
11-01 21:35:59.218  1075  1075 I MemoryTrimmer: Trimming objects from memory, since app is in the background.
11-01 21:35:59.225 27901  8321 I DeviceStateChecker: DeviceStateChecker cancelled
11-01 21:35:59.227 27901 27901 I MicroDetector: Keeping mic open: false
11-01 21:35:59.230 27901  5710 I AudioController: internalShutdown
11-01 21:35:59.230 27901  5710 I MicrophoneInputStream: mic_close com.google.android.apps.gsa.speech.audio.ae@dd96c77
11-01 21:35:59.231 27901 27976 I MicroRecognitionRunner: Stopping hotword detection.
11-01 21:35:59.250   238   286 I SoundTriggerHwService::Module: void android::SoundTriggerHwService::Module::onCallbackEvent(const sp<android::SoundTriggerHwService::CallbackEvent> &) mClient == 0
11-01 21:35:59.256 27901  8322 I MicroRecognitionRunner: Detection finished
11-01 21:35:59.266 27901 27901 I MemoryTrimmer: Trimming objects from memory, since app is in the background.
11-01 21:35:59.269  8447  8461 I cr_VariationsSeedFetch: Fetched first run seed in 279 ms
11-01 21:35:59.302   600  1066 I ActivityManager: Start proc 8481:com.android.chrome:sandboxed_process0/u0i547 for service com.android.chrome/org.chromium.content.app.SandboxedProcessService0
11-01 21:35:59.353  8481  8481 W dboxed_process0: type=1400 audit(0.0:2735): avc: denied { getattr } for path="/data/data/com.android.chrome" dev="dm-2" ino=12190 scontext=u:r:isolated_app:s0:c512,c768 tcontext=u:object_r:app_data_file:s0:c512,c768 tclass=dir permissive=0
11-01 21:35:59.379  8481  8481 I cr_ChildProcessService: Creating new ChildProcessService pid=8481
11-01 21:35:59.488   600  1664 I ActivityManager: Start proc 8508:com.android.chrome:privileged_process0/u0a35 for service com.android.chrome/org.chromium.content.app.PrivilegedProcessService0
11-01 21:35:59.597  8508  8508 I cr_ChildProcessService: Creating new ChildProcessService pid=8508
11-01 21:35:59.619  8447  8468 W ConnectionStatusConfig: Dynamic lookup for intent failed for action: com.google.android.gms.auth.key.retrieval.service.START
11-01 21:35:59.642  8447  8468 W ConnectionStatusConfig: Dynamic lookup for intent failed for action: com.google.android.gms.auth.key.retrieval.service.START
11-01 21:35:59.643   600  5522 W ActivityManager: Unable to start service Intent { act=com.google.android.gms.auth.key.retrieval.service.START pkg=com.google.android.gms } U=0: not found
11-01 21:35:59.654  8508  8524 I cr_LibraryLoader: Loaded native library version number "85.0.4183.127"
11-01 21:35:59.659   600  1665 W ActivityManager: Unbind failed: could not find connection for android.os.BinderProxy@f319dca
11-01 21:35:59.659  8447  8468 E GmsClient: unable to connect to service: com.google.android.gms.auth.key.retrieval.service.START on com.google.android.gms
11-01 21:35:59.662  8508  8524 I cr_CachingUmaRecorder: Flushed 1 samples from 1 histograms.
11-01 21:35:59.668  8447  8447 W cr_KnoxSettingsProvider: Permission to read device policy denied.
11-01 21:35:59.686  8508  8524 E libEGL  : validate_display:99 error 3008 (EGL_BAD_DISPLAY)
11-01 21:36:09.340 27901 27901 I MemoryTrimmer: Trimming objects from memory, since app is in the background.
11-01 21:36:10.954  8551  8551 D AndroidRuntime: >>>>>> START com.android.internal.os.RuntimeInit uid 2000 <<<<<<
11-01 21:36:10.957  8551  8551 D AndroidRuntime: CheckJNI is OFF
11-01 21:36:11.023  8551  8551 D ICU     : No timezone override file found: /data/misc/zoneinfo/current/icu/icu_tzdata.dat
11-01 21:36:11.054  8551  8551 I Radio-JNI: register_android_hardware_Radio DONE
11-01 21:36:11.070  8551  8551 D AndroidRuntime: Calling main entry com.android.commands.monkey.Monkey
11-01 21:36:11.136   600   613 W BroadcastQueue: Skipping deliver [background] BroadcastRecord{2968746 u-1 android.net.conn.CONNECTIVITY_CHANGE} to ReceiverList{d731d07 8551 (unknown name)/2000/u-1 remote:40e0188}: process crashing
11-01 21:36:12.819  8551  8551 D MonkeyStub: translateCommand: wake
11-01 21:36:12.928  8551  8551 D MonkeyStub: translateCommand: tap 398 1198
11-01 21:36:15.024  8551  8551 D MonkeyStub: translateCommand: tap 720 1506
11-01 21:36:15.191  2938  2951 I PeopleChimeraService: onService. callbacks = aaik@2dab497, request = com.google.android.gms.common.internal.GetServiceRequest@def1684
11-01 21:36:15.200  2938  3058 I PeopleChimeraService: onService. callbacks = aaik@5ffbaa2, request = com.google.android.gms.common.internal.GetServiceRequest@40c0333
11-01 21:36:17.481  8551  8551 D MonkeyStub: translateCommand: tap 355 1480
11-01 21:36:17.495  8551  8551 D MonkeyStub: Quit requested
11-01 21:36:17.520   600  8931 I ActivityManager: START u0 {act=android.intent.action.VIEW flg=0x10008000 cmp=com.android.chrome/com.google.android.apps.chrome.Main (has extras)} from uid 10035 on display 0
11-01 21:36:17.534   600   614 I CwMcuSensor: CwMcuSensor::flush: fd = 228, sensors_id = 0, path = /sys/class/htc_sensorhub/sensor_hub/flush, err = 0
11-01 21:36:17.540  8551  8551 I art     : System.exit called, status: 6
11-01 21:36:17.540  8551  8551 I AndroidRuntime: VM exiting with result code 6.
11-01 21:36:17.660   600  1666 W WindowManager: Attempted to remove non-existing token: android.os.Binder@745ae34
11-01 21:36:17.705  8447  8447 E cr_CompositorSurfaceMgr: Transitioning to surface with format : -1
11-01 21:36:17.734   600   609 I art     : Background partial concurrent mark sweep GC freed 18894(927KB) AllocSpace objects, 3(60KB) LOS objects, 33% free, 15MB/22MB, paused 5.339ms total 173.517ms
11-01 21:36:17.769  8447  8499 W cr_tabmodel: Starting to perform legacy migration.
11-01 21:36:17.769  8447  8499 W cr_tabmodel: Finished performing legacy migration.
11-01 21:36:17.769  8447  8499 W cr_tabmodel: Starting to perform multi-instance migration.
11-01 21:36:17.770  8447  8499 W cr_tabmodel: Finished performing multi-instance migration.
11-01 21:36:17.770  8447  8499 I cr_tabmodel: Starting to fetch tab list for tab_state0
11-01 21:36:17.770  8447  8499 I cr_tabmodel: State file does not exist.
11-01 21:36:17.770  8447  8499 I cr_tabmodel: Starting to fetch tab list for tab_state1
11-01 21:36:17.770  8447  8499 I cr_tabmodel: State file does not exist.
11-01 21:36:17.806  8447  8499 I cr_ADCP : No customization source found
11-01 21:36:17.898   600  5522 E BatteryStatsService: power: Missing API
11-01 21:36:17.908   600   620 I ActivityManager: Displayed com.android.chrome/com.google.android.apps.chrome.Main: +369ms
11-01 21:36:17.918   600  5522 E BatteryStatsService: no controller energy info supplied
11-01 21:36:17.919   800   800 E PhoneInterfaceManager: [PhoneIntfMgr] queryModemActivityInfo: Empty response
11-01 21:36:17.923   600  5522 E BatteryStatsService: modem info is invalid: ModemActivityInfo{ mTimestamp=0 mSleepTimeMs=0 mIdleTimeMs=0 mTxTimeMs[]=[0, 0, 0, 0, 0] mRxTimeMs=0 mEnergyUsed=0}
11-01 21:36:17.939  8447  8466 D OpenGLRenderer: endAllActiveAnimators on 0xd6655580 (InsetDrawable) with handle 0xd6eff520
11-01 21:36:17.943  8447  8447 E cr_CompositorSurfaceMgr: Transitioning to surface with format : -1
11-01 21:36:17.950  8447  8447 E cr_CompositorSurfaceMgr: surfaceCreated format : 0
11-01 21:36:17.956  8447  8447 I cr_ContextualSearch: Tap suppression enabled: false
11-01 21:36:17.961  8447  8447 I cr_ChromeTabbedActivity: #initializeState
11-01 21:36:17.961  8447  8447 I cr_CipherFactory: #restoreFromBundle, no savedInstanceState.
11-01 21:36:17.961  8447  8447 I cr_tabmodel: #loadState, ignoreIncognitoFiles? true
11-01 21:36:18.138  8447  8447 I SchedulerApiWrapper: Create SchedulerApiMainThreadWrapper
11-01 21:36:18.151  8447  8447 I FeedSessionManagerImpl: FeedSessionManagerImpl has been created
11-01 21:36:18.152  8447  8447 I FeedAppLifecycleLstnr: onEnterForeground called
11-01 21:36:18.152  8447  8447 I FeedSessionManagerImpl: onLifecycleEvent foreground
11-01 21:36:18.153  8447  8447 I FeedSessionManagerImpl: Lazy initialization triggered, getUpdateConsumer
11-01 21:36:18.153  8447  8503 I TaskQueue: Execute task [IMMEDIATE - d: true, b: 0]: 30
11-01 21:36:18.154  8447  8447 I FeedRequestManagerImpl: trigger refresh 2
11-01 21:36:18.155  8447  8447 I TaskQueue:  - task [HEAD_INVALIDATE - d: true, b: 0]: 26
11-01 21:36:18.155  8447  8447 I FeedAppLifecycleLstnr: initialize called
11-01 21:36:18.155  8447  8447 I FeedSessionManagerImpl: onLifecycleEvent initialize
11-01 21:36:18.155  8447  8447 W FeedSessionManagerImpl: FeedSessionManagerImpl has previously been initialized
11-01 21:36:18.177  8447  8447 I ViewConfigCompat: Could not find method getScaledScrollFactor() on ViewConfiguration
11-01 21:36:18.183  8447  8447 I BasicStream: Setting 2 header views, currently have 0 headers
11-01 21:36:18.185  8447  8447 I BasicStream: Setting 2 header views, currently have 2 headers
11-01 21:36:18.245   600   619 D BluetoothManagerService: Message: 20
11-01 21:36:18.245   600   619 D BluetoothManagerService: Added callback: android.bluetooth.IBluetoothManagerCallback$Stub$Proxy@1d24800:true
11-01 21:36:18.256  8481  8494 I cr_LibraryLoader: Loaded native library version number "85.0.4183.127"
11-01 21:36:18.257  8447  8447 E cr_IntentUtils: getBooleanExtra failed on intent null
11-01 21:36:18.259  8481  8494 I cr_CachingUmaRecorder: Flushed 1 samples from 1 histograms.
11-01 21:36:18.275  8447  8447 I TimeoutSessionImpl: Using TimeoutSessionImpl
11-01 21:36:18.275  8447  8447 I FeedSessionManagerImpl: Delaying populateSession until initialization is finished
11-01 21:36:18.275  8447  8447 I TaskQueue:  - task [IMMEDIATE - d: true, b: 1]: 13
11-01 21:36:18.275  8447  8447 I MainThreadRunner: Running task [BasicStream onShow] on the Main Thread with a delay of 500 milliseconds
11-01 21:36:18.373   600  1665 I ActivityManager: Start proc 8585:com.android.chrome:sandboxed_process1/u0i548 for service com.android.chrome/org.chromium.content.app.SandboxedProcessService1
11-01 21:36:18.380  8447  8503 W SessionCache: Persisted Sessions were not found
11-01 21:36:18.381  8447  8503 I HeadSessionImpl: Initialize HEAD 0 items
11-01 21:36:18.381  8447  8503 I TaskQueue:  - task [BACKGROUND - d: true, b: 2]: 11
11-01 21:36:18.381  8447  8503 I TimingUtils: Task Timing 227ms, thread JardinExecutor | task : Initialization
11-01 21:36:18.382  8447  8503 I TaskQueue:  - Finished 30, time 228 ms
11-01 21:36:18.382  8447  8503 I TaskQueue: Execute task [HEAD_INVALIDATE - d: true, b: 2]: 26
11-01 21:36:18.382  8447  8503 I TimingUtils: Task Timing   0ms, thread JardinExecutor | task : getAllDismissLocalActions | size : 0
11-01 21:36:18.383  8447  8503 I TimingUtils: Task Timing   0ms, thread JardinExecutor | task : getSemanticProperties | size : 0
11-01 21:36:18.383  8447  8503 I MainThreadRunner: Running task [Check Tooltips] on the Main Thread
11-01 21:36:18.383  8447  8503 I TaskQueue:  * Starting starvation checks
11-01 21:36:18.383  8447  8503 I MainThreadRunner: Running task [starvationChecks] on the Main Thread with a delay of 6000 milliseconds
11-01 21:36:18.383  8447  8503 I TaskQueue:  - Finished 26, time 1 ms
11-01 21:36:18.383  8447  8503 I TaskQueue: Execute task [IMMEDIATE - d: true, b: 1]: 13
11-01 21:36:18.384  8447  8503 I FeedSessionManagerImpl: shouldSessionRequestData; hasContent(false), contentCreationTime(0), outstandingRequest(true)
11-01 21:36:18.384  8447  8503 I MainThreadRunner: Running task [SchedulerApiWrapper shouldSessionRequestData] on the Main Thread
11-01 21:36:18.414   600  8930 I ActivityManager: Start proc 8597:com.android.chrome:sandboxed_process2/u0i549 for service com.android.chrome/org.chromium.content.app.SandboxedProcessService2
11-01 21:36:18.441   600  8040 I ActivityManager: Start proc 8604:com.android.chrome:sandboxed_process3/u0i550 for service com.android.chrome/org.chromium.content.app.SandboxedProcessService3
11-01 21:36:18.493   600  1483 I ActivityManager: Start proc 8620:com.android.chrome:sandboxed_process4/u0i551 for service com.android.chrome/org.chromium.content.app.SandboxedProcessService4
11-01 21:36:18.500  8447  8457 W art     : Suspending all threads took: 13.963ms
11-01 21:36:18.517  8447  8457 I art     : Background partial concurrent mark sweep GC freed 20451(937KB) AllocSpace objects, 5(616KB) LOS objects, 39% free, 9MB/15MB, paused 15.378ms total 126.991ms
11-01 21:36:18.551   600   713 I ActivityManager: Start proc 8628:com.android.chrome:sandboxed_process5/u0i552 for service com.android.chrome/org.chromium.content.app.SandboxedProcessService5
11-01 21:36:18.593  8585  8585 W dboxed_process1: type=1400 audit(0.0:2736): avc: denied { getattr } for path="/data/data/com.android.chrome" dev="dm-2" ino=12190 scontext=u:r:isolated_app:s0:c512,c768 tcontext=u:object_r:app_data_file:s0:c512,c768 tclass=dir permissive=0
11-01 21:36:18.596   600  1066 I ActivityManager: Start proc 8648:com.android.chrome:sandboxed_process6/u0i553 for service com.android.chrome/org.chromium.content.app.SandboxedProcessService6
11-01 21:36:18.697   600  8040 I ActivityManager: Start proc 8661:com.android.chrome:sandboxed_process7/u0i554 for service com.android.chrome/org.chromium.content.app.SandboxedProcessService7
11-01 21:36:18.699  8597  8597 W dboxed_process2: type=1400 audit(0.0:2737): avc: denied { getattr } for path="/data/data/com.android.chrome" dev="dm-2" ino=12190 scontext=u:r:isolated_app:s0:c512,c768 tcontext=u:object_r:app_data_file:s0:c512,c768 tclass=dir permissive=0
11-01 21:36:18.732  8447  8447 I PlayCore: UID: [10035]  PID: [8447] SplitInstallService : deferredInstall([image_editor])
11-01 21:36:18.782   600  6822 I ActivityManager: Start proc 8678:com.android.chrome:sandboxed_process8/u0i555 for service com.android.chrome/org.chromium.content.app.SandboxedProcessService8
11-01 21:36:18.829  8620  8620 W dboxed_process4: type=1400 audit(0.0:2738): avc: denied { getattr } for path="/data/data/com.android.chrome" dev="dm-2" ino=12190 scontext=u:r:isolated_app:s0:c512,c768 tcontext=u:object_r:app_data_file:s0:c512,c768 tclass=dir permissive=0
11-01 21:36:18.839  8604  8604 W dboxed_process3: type=1400 audit(0.0:2739): avc: denied { getattr } for path="/data/data/com.android.chrome" dev="dm-2" ino=12190 scontext=u:r:isolated_app:s0:c512,c768 tcontext=u:object_r:app_data_file:s0:c512,c768 tclass=dir permissive=0
11-01 21:36:18.841  8585  8585 I cr_ChildProcessService: Creating new ChildProcessService pid=8585
11-01 21:36:18.869  8447  8447 I Choreographer: Skipped 58 frames!  The application may be doing too much work on its main thread.
11-01 21:36:18.883  8628  8628 W dboxed_process5: type=1400 audit(0.0:2740): avc: denied { getattr } for path="/data/data/com.android.chrome" dev="dm-2" ino=12190 scontext=u:r:isolated_app:s0:c512,c768 tcontext=u:object_r:app_data_file:s0:c512,c768 tclass=dir permissive=0
11-01 21:36:19.023  8648  8648 W dboxed_process6: type=1400 audit(0.0:2741): avc: denied { getattr } for path="/data/data/com.android.chrome" dev="dm-2" ino=12190 scontext=u:r:isolated_app:s0:c512,c768 tcontext=u:object_r:app_data_file:s0:c512,c768 tclass=dir permissive=0
11-01 21:36:19.023  8620  8620 I cr_ChildProcessService: Creating new ChildProcessService pid=8620
11-01 21:36:19.033  8604  8604 I cr_ChildProcessService: Creating new ChildProcessService pid=8604
11-01 21:36:19.060  8597  8597 I cr_ChildProcessService: Creating new ChildProcessService pid=8597
11-01 21:36:19.086  8628  8628 I cr_ChildProcessService: Creating new ChildProcessService pid=8628
11-01 21:36:19.183  8661  8661 W dboxed_process7: type=1400 audit(0.0:2742): avc: denied { getattr } for path="/data/data/com.android.chrome" dev="dm-2" ino=12190 scontext=u:r:isolated_app:s0:c512,c768 tcontext=u:object_r:app_data_file:s0:c512,c768 tclass=dir permissive=0
11-01 21:36:19.219  8678  8678 W dboxed_process8: type=1400 audit(0.0:2743): avc: denied { getattr } for path="/data/data/com.android.chrome" dev="dm-2" ino=12190 scontext=u:r:isolated_app:s0:c512,c768 tcontext=u:object_r:app_data_file:s0:c512,c768 tclass=dir permissive=0
11-01 21:36:19.237  8447  8447 I cr_tabmodel: Appending tabs being restored to metadata lists, 0, startingNormalCount: 1, startingIncognitoCount: 0
11-01 21:36:19.238  8447  8447 I cr_tabmodel: Serializing tab lists; counts: 1, 0
11-01 21:36:19.252  8648  8648 I cr_ChildProcessService: Creating new ChildProcessService pid=8648
11-01 21:36:19.275   600   610 I ActivityManager: Start proc 8707:com.android.chrome:sandboxed_process9/u0i556 for service com.android.chrome/org.chromium.content.app.SandboxedProcessService9
11-01 21:36:19.295  8585  8694 I cr_LibraryLoader: Loaded native library version number "85.0.4183.127"
11-01 21:36:19.295  8585  8694 I cr_CachingUmaRecorder: Flushed 1 samples from 1 histograms.
11-01 21:36:19.354  8447  8447 I TaskQueue:  - task [IMMEDIATE - d: true, b: 1]: 27
11-01 21:36:19.354  8447  8503 I FeedSessionManagerImpl: shouldSessionRequestDataResult: NO_REQUEST_WITH_WAIT, shouldMakeRequest(false), withTimeout(false), withAppend(false)
11-01 21:36:19.354  8447  8503 I TaskQueue:  - task [USER_FACING - d: true, b: 2]: 24
11-01 21:36:19.354  8447  8503 I TaskQueue:  - Finished 13, time 971 ms
11-01 21:36:19.355  8447  8503 I TaskQueue: Execute task [IMMEDIATE - d: true, b: 2]: 27
11-01 21:36:19.356  8447  8503 I FeedRequestManagerImpl: Consistency Token: # hU2@7bca4
11-01 21:36:19.365  8620  8703 I cr_LibraryLoader: Loaded native library version number "85.0.4183.127"
11-01 21:36:19.365  8620  8703 I cr_CachingUmaRecorder: Flushed 1 samples from 1 histograms.
11-01 21:36:19.368  8447  8503 I FeedRequestManagerImpl: Capability: FEED_UI
11-01 21:36:19.368  8447  8503 I FeedRequestManagerImpl: Capability: UNDOABLE_ACTIONS
11-01 21:36:19.368  8447  8503 I FeedRequestManagerImpl: Capability: MANAGE_INTERESTS
11-01 21:36:19.368  8447  8503 I FeedRequestManagerImpl: Capability: SEND_FEEDBACK
11-01 21:36:19.368  8447  8503 I FeedRequestManagerImpl: Capability: ARTICLE_SNIPPETS
11-01 21:36:19.368  8447  8503 I FeedRequestManagerImpl: Capability: CLICK_ACTION
11-01 21:36:19.368  8447  8503 I FeedRequestManagerImpl: Capability: VIEW_ACTION
11-01 21:36:19.368  8447  8503 I FeedRequestManagerImpl: Capability: REPORT_FEED_USER_ACTIONS_NOTICE_CARD
11-01 21:36:19.368  8447  8503 I FeedRequestManagerImpl: Capability: BASE_UI
11-01 21:36:19.386  8604  8702 I cr_LibraryLoader: Loaded native library version number "85.0.4183.127"
11-01 21:36:19.386  8604  8702 I cr_CachingUmaRecorder: Flushed 1 samples from 1 histograms.
11-01 21:36:19.388  8447  8503 I FeedRequestManagerImpl: Making Request: /httpservice/noretry/DiscoverClankService/FeedQuery
11-01 21:36:19.389  8447  8503 I MainThreadRunner: Running task [NetworkClientWrapper send] on the Main Thread
11-01 21:36:19.389  8447  8503 I TaskQueue:  - Finished 27, time 35 ms
11-01 21:36:19.393  8661  8661 I cr_ChildProcessService: Creating new ChildProcessService pid=8661
11-01 21:36:19.400  8597  8704 I cr_LibraryLoader: Loaded native library version number "85.0.4183.127"
11-01 21:36:19.401  8597  8704 I cr_CachingUmaRecorder: Flushed 1 samples from 1 histograms.
11-01 21:36:19.407  8678  8678 I cr_ChildProcessService: Creating new ChildProcessService pid=8678
11-01 21:36:19.436  8628  8705 I cr_LibraryLoader: Loaded native library version number "85.0.4183.127"
11-01 21:36:19.436  8628  8705 I cr_CachingUmaRecorder: Flushed 1 samples from 1 histograms.
11-01 21:36:19.523   600  1664 I ActivityManager: Start proc 8736:com.android.chrome:sandboxed_process10/u0i557 for service com.android.chrome/org.chromium.content.app.SandboxedProcessService10
11-01 21:36:19.574  8620  8703 I chromium: [INFO:child_process_service.cc(69)] ChildProcessService: Exiting child process.
11-01 21:36:19.608  8604  8702 I chromium: [INFO:child_process_service.cc(69)] ChildProcessService: Exiting child process.
11-01 21:36:19.629  8707  8707 W dboxed_process9: type=1400 audit(0.0:2744): avc: denied { getattr } for path="/data/data/com.android.chrome" dev="dm-2" ino=12190 scontext=u:r:isolated_app:s0:c512,c768 tcontext=u:object_r:app_data_file:s0:c512,c768 tclass=dir permissive=0
11-01 21:36:19.639   600   819 I ActivityManager: Start proc 8746:com.android.chrome:sandboxed_process11/u0i558 for service com.android.chrome/org.chromium.content.app.SandboxedProcessService11
11-01 21:36:19.640   600  8039 I ActivityManager: Killing 8585:com.android.chrome:sandboxed_process1/u0a35i548 (adj 0): isolated not needed
11-01 21:36:19.640   600 30165 I ActivityManager: Process com.android.chrome:sandboxed_process4 (pid 8620) has died
11-01 21:36:19.640   600 30165 D ActivityManager: cleanUpApplicationRecord -- 8620
11-01 21:36:19.640   600 30165 W ActivityManager: Scheduling restart of crashed service com.android.chrome/org.chromium.content.app.SandboxedProcessService4 in 1000ms
11-01 21:36:19.653  8597  8704 I chromium: [INFO:child_process_service.cc(69)] ChildProcessService: Exiting child process.
11-01 21:36:19.655   600  1068 I ActivityManager: Process com.android.chrome:sandboxed_process3 (pid 8604) has died
11-01 21:36:19.655   600  1068 D ActivityManager: cleanUpApplicationRecord -- 8604
11-01 21:36:19.655   600  1068 W ActivityManager: Scheduling restart of crashed service com.android.chrome/org.chromium.content.app.SandboxedProcessService3 in 10985ms
11-01 21:36:19.658   197   197 E lowmemorykiller: Error writing /proc/8597/oom_score_adj; errno=22
11-01 21:36:19.660  8447  8447 W chromium: [WARNING:compositor_view.cc(315)] Child process died (type=6) pid=8620)
11-01 21:36:19.661  8447  8447 W chromium: [WARNING:compositor_view.cc(315)] Child process died (type=6) pid=8604)
11-01 21:36:19.678  8628  8705 I chromium: [INFO:child_process_service.cc(69)] ChildProcessService: Exiting child process.
11-01 21:36:19.698  8648  8708 I cr_LibraryLoader: Loaded native library version number "85.0.4183.127"
11-01 21:36:19.707  8648  8708 I cr_CachingUmaRecorder: Flushed 1 samples from 1 histograms.
11-01 21:36:19.720   600  1483 I ActivityManager: Start proc 8758:com.android.chrome:sandboxed_process12/u0i559 for service com.android.chrome/org.chromium.content.app.SandboxedProcessService12
11-01 21:36:19.721   600   613 I ActivityManager: Killing 8597:com.android.chrome:sandboxed_process2/u0a35i549 (adj 0): isolated not needed
11-01 21:36:19.727   197   197 E lowmemorykiller: Error writing /proc/8628/oom_score_adj; errno=22
11-01 21:36:19.727   600  8931 E JavaBinder: !!! FAILED BINDER TRANSACTION !!!  (parcel size = 76)
11-01 21:36:19.727   600  8931 E JavaBinder: !!! FAILED BINDER TRANSACTION !!!  (parcel size = 572)
11-01 21:36:19.728   600  8931 W ActivityManager: Exception when unbinding service com.android.chrome/org.chromium.content.app.SandboxedProcessService5
11-01 21:36:19.728   600  8931 W ActivityManager: android.os.DeadObjectException: Transaction failed on small parcel; remote process probably died
11-01 21:36:19.728   600  8931 W ActivityManager: 	at android.os.BinderProxy.transactNative(Native Method)
11-01 21:36:19.728   600  8931 W ActivityManager: 	at android.os.BinderProxy.transact(Binder.java:615)
11-01 21:36:19.728   600  8931 W ActivityManager: 	at android.app.ApplicationThreadProxy.scheduleUnbindService(ApplicationThreadNative.java:1016)
11-01 21:36:19.728   600  8931 W ActivityManager: 	at com.android.server.am.ActiveServices.removeConnectionLocked(ActiveServices.java:2175)
11-01 21:36:19.728   600  8931 W ActivityManager: 	at com.android.server.am.ActiveServices.unbindServiceLocked(ActiveServices.java:1163)
11-01 21:36:19.728   600  8931 W ActivityManager: 	at com.android.server.am.ActivityManagerService.unbindService(ActivityManagerService.java:17309)
11-01 21:36:19.728   600  8931 W ActivityManager: 	at android.app.ActivityManagerNative.onTransact(ActivityManagerNative.java:1145)
11-01 21:36:19.728   600  8931 W ActivityManager: 	at com.android.server.am.ActivityManagerService.onTransact(ActivityManagerService.java:2795)
11-01 21:36:19.728   600  8931 W ActivityManager: 	at android.os.Binder.execTransact(Binder.java:565)
11-01 21:36:19.728   600  8931 E JavaBinder: !!! FAILED BINDER TRANSACTION !!!  (parcel size = 76)
11-01 21:36:19.729   197   197 E lowmemorykiller: Error writing /proc/8628/oom_score_adj; errno=22
11-01 21:36:19.730   600  8931 E JavaBinder: !!! FAILED BINDER TRANSACTION !!!  (parcel size = 76)
11-01 21:36:19.731   600  8928 I ActivityManager: Killing 8628:com.android.chrome:sandboxed_process5/u0a35i552 (adj 900): isolated not needed
11-01 21:36:19.808  8661  8724 I cr_LibraryLoader: Loaded native library version number "85.0.4183.127"
11-01 21:36:19.826  8678  8725 I cr_LibraryLoader: Loaded native library version number "85.0.4183.127"
11-01 21:36:19.826  8678  8725 I cr_CachingUmaRecorder: Flushed 1 samples from 1 histograms.
11-01 21:36:19.827  8661  8724 I cr_CachingUmaRecorder: Flushed 1 samples from 1 histograms.
11-01 21:36:19.894  8707  8707 I cr_ChildProcessService: Creating new ChildProcessService pid=8707
11-01 21:36:19.897  8447  8501 W cr_CrashFileManager: /data/user/0/com.android.chrome/cache/Crash Reports does not exist or is not a directory
11-01 21:36:19.897  8447  8501 W cr_CrashFileManager: /data/user/0/com.android.chrome/cache/Crash Reports does not exist or is not a directory
11-01 21:36:19.897  8447  8501 W cr_CrashFileManager: /data/user/0/com.android.chrome/cache/Crash Reports does not exist or is not a directory
11-01 21:36:19.901  8447  8501 I cr_FileUtils: Writing to /data/user/0/com.android.chrome/app_dex/webapk7.dex
11-01 21:36:19.908  8447  8500 W InstanceID: Instance ID SDK is deprecated, com.android.chrome should update to use Firebase Instance ID
11-01 21:36:19.911  8447  8480 I cr_BindingManager: Moderate binding enabled: maxSize=40
11-01 21:36:19.966  8736  8736 W boxed_process10: type=1400 audit(0.0:2745): avc: denied { getattr } for path="/data/data/com.android.chrome" dev="dm-2" ino=12190 scontext=u:r:isolated_app:s0:c512,c768 tcontext=u:object_r:app_data_file:s0:c512,c768 tclass=dir permissive=0
11-01 21:36:19.996  8758  8758 W boxed_process12: type=1400 audit(0.0:2746): avc: denied { getattr } for path="/data/data/com.android.chrome" dev="dm-2" ino=12190 scontext=u:r:isolated_app:s0:c512,c768 tcontext=u:object_r:app_data_file:s0:c512,c768 tclass=dir permissive=0
11-01 21:36:20.003  8746  8746 W boxed_process11: type=1400 audit(0.0:2747): avc: denied { getattr } for path="/data/data/com.android.chrome" dev="dm-2" ino=12190 scontext=u:r:isolated_app:s0:c512,c768 tcontext=u:object_r:app_data_file:s0:c512,c768 tclass=dir permissive=0
11-01 21:36:20.011  8447  8457 I art     : Background sticky concurrent mark sweep GC freed 67352(3MB) AllocSpace objects, 54(1128KB) LOS objects, 30% free, 10MB/15MB, paused 6.394ms total 234.287ms
11-01 21:36:20.049  8678  8725 I chromium: [INFO:child_process_service.cc(69)] ChildProcessService: Exiting child process.
11-01 21:36:20.076   600 12440 I ActivityManager: Killing 8678:com.android.chrome:sandboxed_process8/u0a35i555 (adj 0): isolated not needed
11-01 21:36:20.076   600 12440 I ActivityManager: Killing 8661:com.android.chrome:sandboxed_process7/u0a35i554 (adj 0): isolated not needed
11-01 21:36:20.076   600 12440 I ActivityManager: Killing 8648:com.android.chrome:sandboxed_process6/u0a35i553 (adj 0): isolated not needed
11-01 21:36:20.086  2938  3445 I Icing   : IndexChimeraService.getServiceInterface callingPackage=com.android.chrome componentName=null serviceId=36
11-01 21:36:20.118  2938  3444 I Icing   : IndexChimeraService.getServiceInterface callingPackage=com.android.chrome componentName=null serviceId=36
11-01 21:36:20.142  8758  8758 I cr_ChildProcessService: Creating new ChildProcessService pid=8758
11-01 21:36:20.143  8736  8736 I cr_ChildProcessService: Creating new ChildProcessService pid=8736
11-01 21:36:20.168  8707  8784 I cr_LibraryLoader: Loaded native library version number "85.0.4183.127"
11-01 21:36:20.174  8707  8784 I cr_CachingUmaRecorder: Flushed 1 samples from 1 histograms.
11-01 21:36:20.180  8746  8746 I cr_ChildProcessService: Creating new ChildProcessService pid=8746
11-01 21:36:20.204   600 28743 I ActivityManager: Start proc 8800:com.android.chrome:sandboxed_process13/u0i560 for service com.android.chrome/org.chromium.content.app.SandboxedProcessService13
11-01 21:36:20.222   600  1484 I ActivityManager: Start proc 8805:com.android.chrome:sandboxed_process14/u0i561 for service com.android.chrome/org.chromium.content.app.SandboxedProcessService14
11-01 21:36:20.375   600  1068 I ActivityManager: Killing 8707:com.android.chrome:sandboxed_process9/u0a35i556 (adj 0): isolated not needed
11-01 21:36:20.390   600   610 I ActivityManager: Start proc 8829:com.android.chrome:sandboxed_process15/u0i562 for service com.android.chrome/org.chromium.content.app.SandboxedProcessService15
11-01 21:36:20.426  8758  8797 I cr_LibraryLoader: Loaded native library version number "85.0.4183.127"
11-01 21:36:20.426  8758  8797 I cr_CachingUmaRecorder: Flushed 1 samples from 1 histograms.
11-01 21:36:20.433  8792  8792 I dex2oat : /system/bin/dex2oat --dex-file=/data/user/0/com.android.chrome/app_dex/webapk7.dex --oat-fd=201 --oat-location=/data/user/0/com.android.chrome/app_dex/oat/arm/webapk7.dex --compiler-filter=speed
11-01 21:36:20.511  8736  8798 I cr_LibraryLoader: Loaded native library version number "85.0.4183.127"
11-01 21:36:20.511  8736  8798 I cr_CachingUmaRecorder: Flushed 1 samples from 1 histograms.
11-01 21:36:20.519  8800  8800 W boxed_process13: type=1400 audit(0.0:2748): avc: denied { getattr } for path="/data/data/com.android.chrome" dev="dm-2" ino=12190 scontext=u:r:isolated_app:s0:c512,c768 tcontext=u:object_r:app_data_file:s0:c512,c768 tclass=dir permissive=0
11-01 21:36:20.523  8805  8805 W boxed_process14: type=1400 audit(0.0:2749): avc: denied { getattr } for path="/data/data/com.android.chrome" dev="dm-2" ino=12190 scontext=u:r:isolated_app:s0:c512,c768 tcontext=u:object_r:app_data_file:s0:c512,c768 tclass=dir permissive=0
11-01 21:36:20.530  8746  8799 I cr_LibraryLoader: Loaded native library version number "85.0.4183.127"
11-01 21:36:20.530  8746  8799 I cr_CachingUmaRecorder: Flushed 1 samples from 1 histograms.
11-01 21:36:20.602  8758  8758 I cr_ChildProcessService: Destroying ChildProcessService pid=8758
11-01 21:36:20.644  8579  8579 D AndroidRuntime: >>>>>> START com.android.internal.os.RuntimeInit uid 2000 <<<<<<
11-01 21:36:20.654  8800  8800 I cr_ChildProcessService: Creating new ChildProcessService pid=8800
11-01 21:36:20.661  8736  8798 I chromium: [INFO:child_process_service.cc(69)] ChildProcessService: Exiting child process.
11-01 21:36:20.664  8805  8805 I cr_ChildProcessService: Creating new ChildProcessService pid=8805
11-01 21:36:20.683  8579  8579 D AndroidRuntime: CheckJNI is OFF
11-01 21:36:20.686  8829  8829 W boxed_process15: type=1400 audit(0.0:2750): avc: denied { getattr } for path="/data/data/com.android.chrome" dev="dm-2" ino=12190 scontext=u:r:isolated_app:s0:c512,c768 tcontext=u:object_r:app_data_file:s0:c512,c768 tclass=dir permissive=0
11-01 21:36:20.772   600  6822 I ActivityManager: Start proc 8856:com.android.chrome:sandboxed_process16/u0i563 for service com.android.chrome/org.chromium.content.app.SandboxedProcessService16
11-01 21:36:20.794  8829  8829 I cr_ChildProcessService: Creating new ChildProcessService pid=8829
11-01 21:36:20.825   600  1485 I ActivityManager: Start proc 8863:com.android.chrome:sandboxed_process17/u0i564 for service com.android.chrome/org.chromium.content.app.SandboxedProcessService17
11-01 21:36:20.855   600   819 I ActivityManager: Start proc 8870:com.android.chrome:sandboxed_process18/u0i565 for service com.android.chrome/org.chromium.content.app.SandboxedProcessService18
11-01 21:36:20.863  8800  8854 I cr_LibraryLoader: Loaded native library version number "85.0.4183.127"
11-01 21:36:20.864  8800  8854 I cr_CachingUmaRecorder: Flushed 1 samples from 1 histograms.
11-01 21:36:20.895   600  8039 I ActivityManager: Start proc 8888:com.android.chrome:sandboxed_process19/u0i566 for service com.android.chrome/org.chromium.content.app.SandboxedProcessService19
11-01 21:36:20.897   600  1068 I ActivityManager: Killing 8746:com.android.chrome:sandboxed_process11/u0a35i558 (adj 0): isolated not needed
11-01 21:36:20.897   600  1068 I ActivityManager: Killing 8736:com.android.chrome:sandboxed_process10/u0a35i557 (adj 0): isolated not needed
11-01 21:36:20.898   600  1068 I ActivityManager: Killing 8758:com.android.chrome:sandboxed_process12/u0a35i559 (adj 0): isolated not needed
11-01 21:36:20.913  8805  8855 I cr_LibraryLoader: Loaded native library version number "85.0.4183.127"
11-01 21:36:20.914  8805  8855 I cr_CachingUmaRecorder: Flushed 1 samples from 1 histograms.
11-01 21:36:21.018   600  1066 I ActivityManager: Killing 8800:com.android.chrome:sandboxed_process13/u0a35i560 (adj 0): isolated not needed
11-01 21:36:21.046  8856  8856 W boxed_process16: type=1400 audit(0.0:2751): avc: denied { getattr } for path="/data/data/com.android.chrome" dev="dm-2" ino=12190 scontext=u:r:isolated_app:s0:c512,c768 tcontext=u:object_r:app_data_file:s0:c512,c768 tclass=dir permissive=0
11-01 21:36:21.084  8829  8861 I cr_LibraryLoader: Loaded native library version number "85.0.4183.127"
11-01 21:36:21.084  8829  8861 I cr_CachingUmaRecorder: Flushed 1 samples from 1 histograms.
11-01 21:36:21.103  8863  8863 W boxed_process17: type=1400 audit(0.0:2752): avc: denied { getattr } for path="/data/data/com.android.chrome" dev="dm-2" ino=12190 scontext=u:r:isolated_app:s0:c512,c768 tcontext=u:object_r:app_data_file:s0:c512,c768 tclass=dir permissive=0
11-01 21:36:21.126  8870  8870 W boxed_process18: type=1400 audit(0.0:2753): avc: denied { getattr } for path="/data/data/com.android.chrome" dev="dm-2" ino=12190 scontext=u:r:isolated_app:s0:c512,c768 tcontext=u:object_r:app_data_file:s0:c512,c768 tclass=dir permissive=0
11-01 21:36:21.134  8805  8805 I cr_ChildProcessService: Destroying ChildProcessService pid=8805
11-01 21:36:21.159  8888  8888 W boxed_process19: type=1400 audit(0.0:2754): avc: denied { getattr } for path="/data/data/com.android.chrome" dev="dm-2" ino=12190 scontext=u:r:isolated_app:s0:c512,c768 tcontext=u:object_r:app_data_file:s0:c512,c768 tclass=dir permissive=0
11-01 21:36:21.165  8856  8856 I cr_ChildProcessService: Creating new ChildProcessService pid=8856
11-01 21:36:21.206  8829  8861 I chromium: [INFO:child_process_service.cc(69)] ChildProcessService: Exiting child process.
11-01 21:36:21.207   197   197 E lowmemorykiller: Error writing /proc/8829/oom_score_adj; errno=22
11-01 21:36:21.224  8863  8863 I cr_ChildProcessService: Creating new ChildProcessService pid=8863
11-01 21:36:21.272  8870  8870 I cr_ChildProcessService: Creating new ChildProcessService pid=8870
11-01 21:36:21.276  8579  8579 D ICU     : No timezone override file found: /data/misc/zoneinfo/current/icu/icu_tzdata.dat
11-01 21:36:21.286  8447  8447 W chromium: [WARNING:compositor_view.cc(315)] Child process died (type=6) pid=8628)
11-01 21:36:21.287   600   611 D ActivityManager: cleanUpApplicationRecord -- 8628
11-01 21:36:21.287   600   611 I ActivityManager: Killing 8829:com.android.chrome:sandboxed_process15/u0a35i562 (adj 0): isolated not needed
11-01 21:36:21.287   600   611 I ActivityManager: Killing 8805:com.android.chrome:sandboxed_process14/u0a35i561 (adj 0): isolated not needed
11-01 21:36:21.292  8447  8447 W chromium: [WARNING:compositor_view.cc(315)] Child process died (type=6) pid=8597)
11-01 21:36:21.303   600  1483 D ActivityManager: cleanUpApplicationRecord -- 8597
11-01 21:36:21.313   600   609 I art     : Background partial concurrent mark sweep GC freed 36952(1874KB) AllocSpace objects, 20(516KB) LOS objects, 33% free, 15MB/23MB, paused 779us total 363.760ms
11-01 21:36:21.321  8888  8888 I cr_ChildProcessService: Creating new ChildProcessService pid=8888
11-01 21:36:21.400  8447  8669 I PlayCore: UID: [10035]  PID: [8447] SplitInstallService : Initiate binding to the service.
11-01 21:36:21.401   600  1664 W ActivityManager: Unable to start service Intent { act=com.google.android.play.core.splitinstall.BIND_SPLIT_INSTALL_SERVICE pkg=com.android.vending } U=0: not found
11-01 21:36:21.406  8856  8922 I cr_LibraryLoader: Loaded native library version number "85.0.4183.127"
11-01 21:36:21.407  8856  8922 I cr_CachingUmaRecorder: Flushed 1 samples from 1 histograms.
11-01 21:36:21.425  8863  8923 I cr_LibraryLoader: Loaded native library version number "85.0.4183.127"
11-01 21:36:21.425  8863  8923 I cr_CachingUmaRecorder: Flushed 1 samples from 1 histograms.
11-01 21:36:21.473  8888  8927 I cr_LibraryLoader: Loaded native library version number "85.0.4183.127"
11-01 21:36:21.478  8888  8927 I cr_CachingUmaRecorder: Flushed 1 samples from 1 histograms.
11-01 21:36:21.482  8579  8579 I Radio-JNI: register_android_hardware_Radio DONE
11-01 21:36:21.494  8870  8926 I cr_LibraryLoader: Loaded native library version number "85.0.4183.127"
11-01 21:36:21.495  8870  8926 I cr_CachingUmaRecorder: Flushed 1 samples from 1 histograms.
11-01 21:36:21.531  8863  8863 I cr_ChildProcessService: Destroying ChildProcessService pid=8863
11-01 21:36:21.540  8888  8927 I chromium: [INFO:child_process_service.cc(69)] ChildProcessService: Exiting child process.
11-01 21:36:21.541   197   197 E lowmemorykiller: Error writing /proc/8888/oom_score_adj; errno=22
11-01 21:36:21.548  8579  8579 D AndroidRuntime: Calling main entry com.android.commands.am.Am
11-01 21:36:21.561   600   611 I ActivityManager: Process com.android.chrome:sandboxed_process19 (pid 8888) has died
11-01 21:36:21.561   600   611 D ActivityManager: cleanUpApplicationRecord -- 8888
11-01 21:36:21.561  8447  8447 W chromium: [WARNING:compositor_view.cc(315)] Child process died (type=6) pid=8888)
11-01 21:36:21.563  8870  8926 I chromium: [INFO:child_process_service.cc(69)] ChildProcessService: Exiting child process.
11-01 21:36:21.564   600   611 I ActivityManager: Killing 8863:com.android.chrome:sandboxed_process17/u0a35i564 (adj 0): isolated not needed
11-01 21:36:21.564   600   611 I ActivityManager: Killing 8856:com.android.chrome:sandboxed_process16/u0a35i563 (adj 0): isolated not needed
11-01 21:36:21.584   197   197 E lowmemorykiller: Error writing /proc/8870/oom_score_adj; errno=22
11-01 21:36:21.585  8447  8480 I cr_BindingManager: onTrimMemory: level=15, size=0
11-01 21:36:21.600   600  1666 I ActivityManager: START u0 {act=android.intent.action.VIEW dat=http://geeksforgeeks.org/... flg=0x10000000 cmp=com.android.chrome/com.google.android.apps.chrome.Main} from uid 2000 on display 0
11-01 21:36:21.615   600  8928 I ActivityManager: Process com.android.chrome:sandboxed_process18 (pid 8870) has died
11-01 21:36:21.615   600  8928 D ActivityManager: cleanUpApplicationRecord -- 8870
11-01 21:36:21.634  8579  8579 D AndroidRuntime: Shutting down VM
11-01 21:36:21.651  8447  8447 E cr_IntentUtils: getInt failed on bundle null
11-01 21:36:21.680   600   611 I ActivityManager: Start proc 8953:com.android.chrome:sandboxed_process20/u0i567 for service com.android.chrome/org.chromium.content.app.SandboxedProcessService20
11-01 21:36:21.705  8447  8447 W FeedModelProvider: sessionId is null, this should have been set during population
11-01 21:36:21.706  8447  8447 I cr_tabmodel: Appending tabs being restored to metadata lists, 0, startingNormalCount: 2, startingIncognitoCount: 0
11-01 21:36:21.706  8447  8447 I cr_tabmodel: Serializing tab lists; counts: 2, 0
11-01 21:36:21.747  8447  8447 W chromium: [WARNING:compositor_view.cc(315)] Child process died (type=6) pid=8870)
11-01 21:36:21.763  8953  8953 W boxed_process20: type=1400 audit(0.0:2755): avc: denied { getattr } for path="/data/data/com.android.chrome" dev="dm-2" ino=12190 scontext=u:r:isolated_app:s0:c512,c768 tcontext=u:object_r:app_data_file:s0:c512,c768 tclass=dir permissive=0
