--------- beginning of main
11-01 23:45:15.609 24949 24949 D AndroidRuntime: >>>>>> START com.android.internal.os.RuntimeInit uid 2000 <<<<<<
11-01 23:45:15.613 24949 24949 D AndroidRuntime: CheckJNI is OFF
11-01 23:45:15.686 24949 24949 D ICU     : No timezone override file found: /data/misc/zoneinfo/current/icu/icu_tzdata.dat
11-01 23:45:15.719 24949 24949 I Radio-JNI: register_android_hardware_Radio DONE
11-01 23:45:15.735 24949 24949 D AndroidRuntime: Calling main entry com.android.commands.am.Am
--------- beginning of system
11-01 23:45:15.754   600  8931 I ActivityManager: Force stopping com.android.chrome appid=10035 user=0: from pid 24949
11-01 23:45:15.754   600  8931 I ActivityManager: Killing 24915:com.android.chrome/u0a35 (adj 904): stop com.android.chrome
11-01 23:45:15.754   600  8931 D ActivityManager: cleanUpApplicationRecord -- 24915
11-01 23:45:15.764  1058  1058 D RegisteredNfcFServicesCache: Service unchanged, not updating
11-01 23:45:16.013   600  8040 I ActivityManager: START u0 {act=android.intent.action.VIEW flg=0x10008000 cmp=com.android.chrome/com.google.android.apps.chrome.Main} from uid 2000 on display 0
11-01 23:45:16.036 24949 24949 D AndroidRuntime: Shutting down VM
11-01 23:45:16.065   600  1664 I ActivityManager: Start proc 24959:com.android.chrome/u0a35 for activity com.android.chrome/com.google.android.apps.chrome.Main
11-01 23:45:16.230   600  1665 I ActivityManager: START u0 {cmp=com.android.chrome/org.chromium.chrome.browser.firstrun.TabbedModeFirstRunActivity (has extras)} from uid 10035 on display 0
11-01 23:45:16.243 24959 24976 W DynamiteModule: Local module descriptor class for com.google.android.gms.googlecertificates not found.
11-01 23:45:16.301 24959 24976 I DynamiteModule: Considering local module com.google.android.gms.googlecertificates:0 and remote module com.google.android.gms.googlecertificates:6
11-01 23:45:16.301 24959 24976 I DynamiteModule: Selected remote version of com.google.android.gms.googlecertificates, version >= 6
11-01 23:45:16.402   600   609 I art     : Background partial concurrent mark sweep GC freed 9136(471KB) AllocSpace objects, 0(0B) LOS objects, 33% free, 15MB/23MB, paused 10.692ms total 92.922ms
11-01 23:45:16.409 24959 24977 I cr_LibraryLoader: Loaded native library version number "85.0.4183.127"
11-01 23:45:16.410 24959 24977 I cr_CachingUmaRecorder: Flushed 10 samples from 10 histograms.
11-01 23:45:16.436 24959 24978 I OpenGLRenderer: Initialized EGL, version 1.4
11-01 23:45:16.436 24959 24978 D OpenGLRenderer: Swap behavior 2
11-01 23:45:16.437 24959 24976 W art     : Verification of android.content.Context cy.a(android.content.Context, java.lang.String, int, android.database.Cursor) took 132.112ms
11-01 23:45:16.454 24959 24976 W System  : ClassLoader referenced unknown path: 
11-01 23:45:16.456 24959 24976 D ApplicationLoaders: ignored Vulkan layer search path /data/app/com.google.android.gms-1/lib/arm:/data/app/com.google.android.gms-1/base.apk!/lib/armeabi-v7a:/data/app/com.google.android.gms-1/split_config.en.apk!/lib/armeabi-v7a for namespace 0xf7275090
11-01 23:45:16.459 24959 24976 W ResourceType: ResTable_typeSpec entry count inconsistent: given 67, previously 69
11-01 23:45:16.459 24959 24976 W ResourceType: ResTable_typeSpec entry count inconsistent: given 5346, previously 5347
11-01 23:45:16.484 24959 24976 I DynamiteLoaderV2Impl: [70] Googlecertificates
11-01 23:45:16.506 24959 24976 W System  : ClassLoader referenced unknown path: /data/user_de/0/com.google.android.gms/app_chimera/m/00000061/n/armeabi-v7a
11-01 23:45:16.506 24959 24976 W System  : ClassLoader referenced unknown path: /data/user_de/0/com.google.android.gms/app_chimera/m/00000061/n/armeabi
11-01 23:45:16.588   600   620 W WindowManager: Failed looking up window
11-01 23:45:16.588   600   620 W WindowManager: java.lang.IllegalArgumentException: Requested window android.view.ViewRootImpl$W@af9794 does not exist
11-01 23:45:16.588   600   620 W WindowManager: 	at com.android.server.wm.WindowManagerService.windowForClientLocked(WindowManagerService.java:9422)
11-01 23:45:16.588   600   620 W WindowManager: 	at com.android.server.wm.WindowManagerService.windowForClientLocked(WindowManagerService.java:9413)
11-01 23:45:16.588   600   620 W WindowManager: 	at com.android.server.wm.WindowManagerService.removeWindow(WindowManagerService.java:2393)
11-01 23:45:16.588   600   620 W WindowManager: 	at com.android.server.wm.Session.remove(Session.java:202)
11-01 23:45:16.588   600   620 W WindowManager: 	at android.view.ViewRootImpl.dispatchDetachedFromWindow(ViewRootImpl.java:3290)
11-01 23:45:16.588   600   620 W WindowManager: 	at android.view.ViewRootImpl.doDie(ViewRootImpl.java:5917)
11-01 23:45:16.588   600   620 W WindowManager: 	at android.view.ViewRootImpl$ViewRootHandler.handleMessage(ViewRootImpl.java:3626)
11-01 23:45:16.588   600   620 W WindowManager: 	at android.os.Handler.dispatchMessage(Handler.java:102)
11-01 23:45:16.588   600   620 W WindowManager: 	at android.os.Looper.loop(Looper.java:154)
11-01 23:45:16.588   600   620 W WindowManager: 	at android.os.HandlerThread.run(HandlerThread.java:61)
11-01 23:45:16.588   600   620 W WindowManager: 	at com.android.server.ServiceThread.run(ServiceThread.java:46)
11-01 23:45:16.596   600   620 I ActivityManager: Displayed com.android.chrome/org.chromium.chrome.browser.firstrun.TabbedModeFirstRunActivity: +318ms (total +560ms)
11-01 23:45:16.602 24959 24973 D NetworkSecurityConfig: Using Network Security Config from resource 0_resource_name_obfuscated debugBuild: false
11-01 23:45:16.625   785  1191 I FontLog : Received query Google Sans, URI content://com.google.android.gms.fonts [CONTEXT service_id=132 ]
11-01 23:45:16.626   785  1191 I FontLog : Query [Google Sans] resolved to {Google Sans, wdth 100.0, wght 400, ital 0.0, bestEffort false} [CONTEXT service_id=132 ]
11-01 23:45:16.627   785  1191 I FontLog : Font PFD returned from cache for {Google Sans, wdth 100.0, wght 400, ital 0.0, bestEffort false} [CONTEXT service_id=132 ]
11-01 23:45:16.627   785  1191 I FontLog : Fetch {Google Sans, wdth 100.0, wght 400, ital 0.0, bestEffort false} end status Status{statusCode=SUCCESS, resolution=null} [CONTEXT service_id=132 ]
11-01 23:45:16.643   785   799 I FontLog : Pulling font file for id = 606, cache size = 5 [CONTEXT service_id=132 ]
11-01 23:45:16.658   785  1684 I FontLog : Received query Google Sans:500, URI content://com.google.android.gms.fonts [CONTEXT service_id=132 ]
11-01 23:45:16.659   785  1684 I FontLog : Query [Google Sans:500] resolved to {Google Sans, wdth 100.0, wght 500, ital 0.0, bestEffort false} [CONTEXT service_id=132 ]
11-01 23:45:16.661   785  1684 I FontLog : Font PFD returned from cache for {Google Sans, wdth 100.0, wght 500, ital 0.0, bestEffort false} [CONTEXT service_id=132 ]
11-01 23:45:16.661   785  1684 I FontLog : Fetch {Google Sans, wdth 100.0, wght 500, ital 0.0, bestEffort false} end status Status{statusCode=SUCCESS, resolution=null} [CONTEXT service_id=132 ]
11-01 23:45:16.686   785  1233 E apju    : Phenotype API error. Event # cdub@643f3f, EventCode: 7 [CONTEXT service_id=51 ]
11-01 23:45:16.686   785  1233 E apju    : apiz: 29505: No config packages for log source, or config package not registered
11-01 23:45:16.686   785  1233 E apju    : 	at apkj.b(:com.google.android.gms@203915020@20.39.15 (040406-335085812):7)
11-01 23:45:16.686   785  1233 E apju    : 	at apkg.b(:com.google.android.gms@203915020@20.39.15 (040406-335085812):2)
11-01 23:45:16.686   785  1233 E apju    : 	at apju.a(:com.google.android.gms@203915020@20.39.15 (040406-335085812):85)
11-01 23:45:16.686   785  1233 E apju    : 	at apju.a(:com.google.android.gms@203915020@20.39.15 (040406-335085812):80)
11-01 23:45:16.686   785  1233 E apju    : 	at aain.run(:com.google.android.gms@203915020@20.39.15 (040406-335085812):7)
11-01 23:45:16.686   785  1233 E apju    : 	at boex.run(:com.google.android.gms@203915020@20.39.15 (040406-335085812):2)
11-01 23:45:16.686   785  1233 E apju    : 	at sup.b(:com.google.android.gms@203915020@20.39.15 (040406-335085812):12)
11-01 23:45:16.686   785  1233 E apju    : 	at sup.run(:com.google.android.gms@203915020@20.39.15 (040406-335085812):7)
11-01 23:45:16.686   785  1233 E apju    : 	at java.util.concurrent.ThreadPoolExecutor.runWorker(ThreadPoolExecutor.java:1133)
11-01 23:45:16.686   785  1233 E apju    : 	at java.util.concurrent.ThreadPoolExecutor$Worker.run(ThreadPoolExecutor.java:607)
11-01 23:45:16.686   785  1233 E apju    : 	at tam.run(:com.google.android.gms@203915020@20.39.15 (040406-335085812):0)
11-01 23:45:16.686   785  1233 E apju    : 	at java.lang.Thread.run(Thread.java:761)
11-01 23:45:16.686   785  1233 E AsyncOperation: serviceID=51, operation=GetExperimentTokensOperationCall [CONTEXT service_id=259 ]
11-01 23:45:16.686   785  1233 E AsyncOperation: OperationException[Status{statusCode=No config packages for log source, or config package not registered, resolution=null}]
11-01 23:45:16.686   785  1233 E AsyncOperation: 	at apju.a(:com.google.android.gms@203915020@20.39.15 (040406-335085812):87)
11-01 23:45:16.686   785  1233 E AsyncOperation: 	at apju.a(:com.google.android.gms@203915020@20.39.15 (040406-335085812):80)
11-01 23:45:16.686   785  1233 E AsyncOperation: 	at aain.run(:com.google.android.gms@203915020@20.39.15 (040406-335085812):7)
11-01 23:45:16.686   785  1233 E AsyncOperation: 	at boex.run(:com.google.android.gms@203915020@20.39.15 (040406-335085812):2)
11-01 23:45:16.686   785  1233 E AsyncOperation: 	at sup.b(:com.google.android.gms@203915020@20.39.15 (040406-335085812):12)
11-01 23:45:16.686   785  1233 E AsyncOperation: 	at sup.run(:com.google.android.gms@203915020@20.39.15 (040406-335085812):7)
11-01 23:45:16.686   785  1233 E AsyncOperation: 	at java.util.concurrent.ThreadPoolExecutor.runWorker(ThreadPoolExecutor.java:1133)
11-01 23:45:16.686   785  1233 E AsyncOperation: 	at java.util.concurrent.ThreadPoolExecutor$Worker.run(ThreadPoolExecutor.java:607)
11-01 23:45:16.686   785  1233 E AsyncOperation: 	at tam.run(:com.google.android.gms@203915020@20.39.15 (040406-335085812):0)
11-01 23:45:16.686   785  1233 E AsyncOperation: 	at java.lang.Thread.run(Thread.java:761)
11-01 23:45:16.695   785   798 I FontLog : Pulling font file for id = 607, cache size = 5 [CONTEXT service_id=132 ]
11-01 23:45:16.809  8521  8533 W SearchService: Abort, client detached.
11-01 23:45:16.813  1075  1075 I MemoryTrimmer: Trimming objects from memory, since app is in the background.
11-01 23:45:16.815  8521 24833 I DeviceStateChecker: DeviceStateChecker cancelled
11-01 23:45:16.815  8521  8521 I MicroDetector: Keeping mic open: false
11-01 23:45:16.816  8521  8569 I AudioController: internalShutdown
11-01 23:45:16.816  8521  8569 I MicrophoneInputStream: mic_close com.google.android.apps.gsa.speech.audio.ae@65ee0f8
11-01 23:45:16.817  8521  8580 I MicroRecognitionRunner: Stopping hotword detection.
11-01 23:45:16.822  8521  8521 I MemoryTrimmer: Trimming objects from memory, since app is in the background.
11-01 23:45:16.829   238   286 I SoundTriggerHwService::Module: void android::SoundTriggerHwService::Module::onCallbackEvent(const sp<android::SoundTriggerHwService::CallbackEvent> &) mClient == 0
11-01 23:45:16.840  8521 24832 I MicroRecognitionRunner: Detection finished
11-01 23:45:16.850  8521  8521 I MemoryTrimmer: Trimming objects from memory, since app is in the background.
11-01 23:45:16.856 24959 24973 I cr_VariationsSeedFetch: Fetched first run seed in 260 ms
11-01 23:45:16.878   600 11980 I ActivityManager: Start proc 24993:com.android.chrome:sandboxed_process0/u0i369 for service com.android.chrome/org.chromium.content.app.SandboxedProcessService0
11-01 23:45:16.913 24993 24993 W dboxed_process0: type=1400 audit(0.0:3970): avc: denied { getattr } for path="/data/data/com.android.chrome" dev="dm-2" ino=12190 scontext=u:r:isolated_app:s0:c512,c768 tcontext=u:object_r:app_data_file:s0:c512,c768 tclass=dir permissive=0
11-01 23:45:16.937 24993 24993 I cr_ChildProcessService: Creating new ChildProcessService pid=24993
11-01 23:45:17.109   600  8930 I ActivityManager: Start proc 25021:com.android.chrome:privileged_process0/u0a35 for service com.android.chrome/org.chromium.content.app.PrivilegedProcessService0
11-01 23:45:17.166 24959 24980 W ConnectionStatusConfig: Dynamic lookup for intent failed for action: com.google.android.gms.auth.key.retrieval.service.START
11-01 23:45:17.167 24959 24980 W ConnectionStatusConfig: Dynamic lookup for intent failed for action: com.google.android.gms.auth.key.retrieval.service.START
11-01 23:45:17.172   600  8928 W ActivityManager: Unable to start service Intent { act=com.google.android.gms.auth.key.retrieval.service.START pkg=com.google.android.gms } U=0: not found
11-01 23:45:17.172   600  1066 W ActivityManager: Unbind failed: could not find connection for android.os.BinderProxy@3a7ab33
11-01 23:45:17.175 24959 24980 E GmsClient: unable to connect to service: com.google.android.gms.auth.key.retrieval.service.START on com.google.android.gms
11-01 23:45:17.216 24959 24959 W cr_KnoxSettingsProvider: Permission to read device policy denied.
11-01 23:45:17.260 25021 25021 I cr_ChildProcessService: Creating new ChildProcessService pid=25021
11-01 23:45:17.314 25021 25039 I cr_LibraryLoader: Loaded native library version number "85.0.4183.127"
11-01 23:45:17.318 25021 25039 I cr_CachingUmaRecorder: Flushed 1 samples from 1 histograms.
11-01 23:45:17.341 25021 25039 E libEGL  : validate_display:99 error 3008 (EGL_BAD_DISPLAY)
11-01 23:45:26.861  8521  8521 I MemoryTrimmer: Trimming objects from memory, since app is in the background.
11-01 23:45:28.492 25064 25064 D AndroidRuntime: >>>>>> START com.android.internal.os.RuntimeInit uid 2000 <<<<<<
11-01 23:45:28.495 25064 25064 D AndroidRuntime: CheckJNI is OFF
11-01 23:45:28.565 25064 25064 D ICU     : No timezone override file found: /data/misc/zoneinfo/current/icu/icu_tzdata.dat
11-01 23:45:28.596 25064 25064 I Radio-JNI: register_android_hardware_Radio DONE
11-01 23:45:28.611 25064 25064 D AndroidRuntime: Calling main entry com.android.commands.monkey.Monkey
11-01 23:45:28.681   600   613 W BroadcastQueue: Skipping deliver [background] BroadcastRecord{db6f79b u-1 android.net.conn.CONNECTIVITY_CHANGE} to ReceiverList{33ad738 25064 (unknown name)/2000/u-1 remote:3cab295}: process crashing
11-01 23:45:30.343 25064 25064 D MonkeyStub: translateCommand: wake
11-01 23:45:30.465 25064 25064 D MonkeyStub: translateCommand: tap 398 1198
11-01 23:45:32.539 25064 25064 D MonkeyStub: translateCommand: tap 720 1506
11-01 23:45:32.711  9419  9537 I PeopleChimeraService: onService. callbacks = aaik@c2aa0b1, request = com.google.android.gms.common.internal.GetServiceRequest@5028996
11-01 23:45:32.715  9419  9538 I PeopleChimeraService: onService. callbacks = aaik@596c104, request = com.google.android.gms.common.internal.GetServiceRequest@d1796ed
11-01 23:45:34.997 25064 25064 D MonkeyStub: translateCommand: tap 355 1480
11-01 23:45:35.021 25064 25064 D MonkeyStub: Quit requested
11-01 23:45:35.047   600 28743 I ActivityManager: START u0 {act=android.intent.action.VIEW flg=0x10008000 cmp=com.android.chrome/com.google.android.apps.chrome.Main (has extras)} from uid 10035 on display 0
11-01 23:45:35.057 25064 25064 I art     : System.exit called, status: 6
11-01 23:45:35.057 25064 25064 I AndroidRuntime: VM exiting with result code 6.
11-01 23:45:35.086   600   614 I CwMcuSensor: CwMcuSensor::flush: fd = 229, sensors_id = 0, path = /sys/class/htc_sensorhub/sensor_hub/flush, err = 0
11-01 23:45:35.113   600   600 E JavaBinder: !!! FAILED BINDER TRANSACTION !!!  (parcel size = 760)
11-01 23:45:35.113   600   600 E AccessibilityManagerService: Error during sending EventType: TYPE_WINDOW_CONTENT_CHANGED; EventTime: 34975055; PackageName: com.android.chrome; MovementGranularity: 0; Action: 0 [ ClassName: android.widget.FrameLayout; Text: []; ContentDescription: null; ItemCount: -1; CurrentItemIndex: -1; IsEnabled: true; IsPassword: false; IsChecked: false; IsFullScreen: false; Scrollable: false; BeforeText: null; FromIndex: -1; ToIndex: -1; ScrollX: -1; ScrollY: -1; MaxScrollX: -1; MaxScrollY: -1; AddedCount: -1; RemovedCount: -1; ParcelableData: null ]; recordCount: 0 to android.accessibilityservice.IAccessibilityServiceClient$Stub$Proxy@5ae7e68
11-01 23:45:35.113   600   600 E AccessibilityManagerService: android.os.DeadObjectException: Transaction failed on small parcel; remote process probably died
11-01 23:45:35.113   600   600 E AccessibilityManagerService: 	at android.os.BinderProxy.transactNative(Native Method)
11-01 23:45:35.113   600   600 E AccessibilityManagerService: 	at android.os.BinderProxy.transact(Binder.java:615)
11-01 23:45:35.113   600   600 E AccessibilityManagerService: 	at android.accessibilityservice.IAccessibilityServiceClient$Stub$Proxy.onAccessibilityEvent(IAccessibilityServiceClient.java:191)
11-01 23:45:35.113   600   600 E AccessibilityManagerService: 	at com.android.server.accessibility.AccessibilityManagerService$Service.notifyAccessibilityEventInternal(AccessibilityManagerService.java:3245)
11-01 23:45:35.113   600   600 E AccessibilityManagerService: 	at com.android.server.accessibility.AccessibilityManagerService$Service.-wrap0(AccessibilityManagerService.java)
11-01 23:45:35.113   600   600 E AccessibilityManagerService: 	at com.android.server.accessibility.AccessibilityManagerService$Service$1.handleMessage(AccessibilityManagerService.java:2260)
11-01 23:45:35.113   600   600 E AccessibilityManagerService: 	at android.os.Handler.dispatchMessage(Handler.java:102)
11-01 23:45:35.113   600   600 E AccessibilityManagerService: 	at android.os.Looper.loop(Looper.java:154)
11-01 23:45:35.113   600   600 E AccessibilityManagerService: 	at com.android.server.SystemServer.run(SystemServer.java:349)
11-01 23:45:35.113   600   600 E AccessibilityManagerService: 	at com.android.server.SystemServer.main(SystemServer.java:219)
11-01 23:45:35.113   600   600 E AccessibilityManagerService: 	at java.lang.reflect.Method.invoke(Native Method)
11-01 23:45:35.113   600   600 E AccessibilityManagerService: 	at com.android.internal.os.ZygoteInit$MethodAndArgsCaller.run(ZygoteInit.java:886)
11-01 23:45:35.113   600   600 E AccessibilityManagerService: 	at com.android.internal.os.ZygoteInit.main(ZygoteInit.java:776)
11-01 23:45:35.116   600   600 E JavaBinder: !!! FAILED BINDER TRANSACTION !!!  (parcel size = 720)
11-01 23:45:35.117   600   600 E AccessibilityManagerService: Error during sending EventType: TYPE_WINDOW_CONTENT_CHANGED; EventTime: 34975059; PackageName: com.android.chrome; MovementGranularity: 0; Action: 0 [ ClassName: android.view.View; Text: []; ContentDescription: null; ItemCount: -1; CurrentItemIndex: -1; IsEnabled: true; IsPassword: false; IsChecked: false; IsFullScreen: false; Scrollable: false; BeforeText: null; FromIndex: -1; ToIndex: -1; ScrollX: -1; ScrollY: -1; MaxScrollX: -1; MaxScrollY: -1; AddedCount: -1; RemovedCount: -1; ParcelableData: null ]; recordCount: 0 to android.accessibilityservice.IAccessibilityServiceClient$Stub$Proxy@5ae7e68
11-01 23:45:35.117   600   600 E AccessibilityManagerService: android.os.DeadObjectException: Transaction failed on small parcel; remote process probably died
11-01 23:45:35.117   600   600 E AccessibilityManagerService: 	at android.os.BinderProxy.transactNative(Native Method)
11-01 23:45:35.117   600   600 E AccessibilityManagerService: 	at android.os.BinderProxy.transact(Binder.java:615)
11-01 23:45:35.117   600   600 E AccessibilityManagerService: 	at android.accessibilityservice.IAccessibilityServiceClient$Stub$Proxy.onAccessibilityEvent(IAccessibilityServiceClient.java:191)
11-01 23:45:35.117   600   600 E AccessibilityManagerService: 	at com.android.server.accessibility.AccessibilityManagerService$Service.notifyAccessibilityEventInternal(AccessibilityManagerService.java:3245)
11-01 23:45:35.117   600   600 E AccessibilityManagerService: 	at com.android.server.accessibility.AccessibilityManagerService$Service.-wrap0(AccessibilityManagerService.java)
11-01 23:45:35.117   600   600 E AccessibilityManagerService: 	at com.android.server.accessibility.AccessibilityManagerService$Service$1.handleMessage(AccessibilityManagerService.java:2260)
11-01 23:45:35.117   600   600 E AccessibilityManagerService: 	at android.os.Handler.dispatchMessage(Handler.java:102)
11-01 23:45:35.117   600   600 E AccessibilityManagerService: 	at android.os.Looper.loop(Looper.java:154)
11-01 23:45:35.117   600   600 E AccessibilityManagerService: 	at com.android.server.SystemServer.run(SystemServer.java:349)
11-01 23:45:35.117   600   600 E AccessibilityManagerService: 	at com.android.server.SystemServer.main(SystemServer.java:219)
11-01 23:45:35.117   600   600 E AccessibilityManagerService: 	at java.lang.reflect.Method.invoke(Native Method)
11-01 23:45:35.117   600   600 E AccessibilityManagerService: 	at com.android.internal.os.ZygoteInit$MethodAndArgsCaller.run(ZygoteInit.java:886)
11-01 23:45:35.117   600   600 E AccessibilityManagerService: 	at com.android.internal.os.ZygoteInit.main(ZygoteInit.java:776)
11-01 23:45:35.117   600   600 E JavaBinder: !!! FAILED BINDER TRANSACTION !!!  (parcel size = 720)
11-01 23:45:35.117   600   600 E AccessibilityManagerService: Error during sending EventType: TYPE_WINDOW_CONTENT_CHANGED; EventTime: 34975059; PackageName: com.android.chrome; MovementGranularity: 0; Action: 0 [ ClassName: android.view.View; Text: []; ContentDescription: null; ItemCount: -1; CurrentItemIndex: -1; IsEnabled: true; IsPassword: false; IsChecked: false; IsFullScreen: false; Scrollable: false; BeforeText: null; FromIndex: -1; ToIndex: -1; ScrollX: -1; ScrollY: -1; MaxScrollX: -1; MaxScrollY: -1; AddedCount: -1; RemovedCount: -1; ParcelableData: null ]; recordCount: 0 to android.accessibilityservice.IAccessibilityServiceClient$Stub$Proxy@5ae7e68
11-01 23:45:35.117   600   600 E AccessibilityManagerService: android.os.DeadObjectException: Transaction failed on small parcel; remote process probably died
11-01 23:45:35.117   600   600 E AccessibilityManagerService: 	at android.os.BinderProxy.transactNative(Native Method)
11-01 23:45:35.117   600   600 E AccessibilityManagerService: 	at android.os.BinderProxy.transact(Binder.java:615)
11-01 23:45:35.117   600   600 E AccessibilityManagerService: 	at android.accessibilityservice.IAccessibilityServiceClient$Stub$Proxy.onAccessibilityEvent(IAccessibilityServiceClient.java:191)
11-01 23:45:35.117   600   600 E AccessibilityManagerService: 	at com.android.server.accessibility.AccessibilityManagerService$Service.notifyAccessibilityEventInternal(AccessibilityManagerService.java:3245)
11-01 23:45:35.117   600   600 E AccessibilityManagerService: 	at com.android.server.accessibility.AccessibilityManagerService$Service.-wrap0(AccessibilityManagerService.java)
11-01 23:45:35.117   600   600 E AccessibilityManagerService: 	at com.android.server.accessibility.AccessibilityManagerService$Service$1.handleMessage(AccessibilityManagerService.java:2260)
11-01 23:45:35.117   600   600 E AccessibilityManagerService: 	at android.os.Handler.dispatchMessage(Handler.java:102)
11-01 23:45:35.117   600   600 E AccessibilityManagerService: 	at android.os.Looper.loop(Looper.java:154)
11-01 23:45:35.117   600   600 E AccessibilityManagerService: 	at com.android.server.SystemServer.run(SystemServer.java:349)
11-01 23:45:35.117   600   600 E AccessibilityManagerService: 	at com.android.server.SystemServer.main(SystemServer.java:219)
11-01 23:45:35.117   600   600 E AccessibilityManagerService: 	at java.lang.reflect.Method.invoke(Native Method)
11-01 23:45:35.117   600   600 E AccessibilityManagerService: 	at com.android.internal.os.ZygoteInit$MethodAndArgsCaller.run(ZygoteInit.java:886)
11-01 23:45:35.117   600   600 E AccessibilityManagerService: 	at com.android.internal.os.ZygoteInit.main(ZygoteInit.java:776)
11-01 23:45:35.121   600   600 E JavaBinder: !!! FAILED BINDER TRANSACTION !!!  (parcel size = 760)
11-01 23:45:35.122   600   600 E AccessibilityManagerService: Error during sending EventType: TYPE_WINDOW_STATE_CHANGED; EventTime: 34975064; PackageName: com.android.chrome; MovementGranularity: 0; Action: 0 [ ClassName: android.widget.FrameLayout; Text: []; ContentDescription: null; ItemCount: -1; CurrentItemIndex: -1; IsEnabled: true; IsPassword: false; IsChecked: false; IsFullScreen: false; Scrollable: false; BeforeText: null; FromIndex: -1; ToIndex: -1; ScrollX: -1; ScrollY: -1; MaxScrollX: -1; MaxScrollY: -1; AddedCount: -1; RemovedCount: -1; ParcelableData: null ]; recordCount: 0 to android.accessibilityservice.IAccessibilityServiceClient$Stub$Proxy@5ae7e68
11-01 23:45:35.122   600   600 E AccessibilityManagerService: android.os.DeadObjectException: Transaction failed on small parcel; remote process probably died
11-01 23:45:35.122   600   600 E AccessibilityManagerService: 	at android.os.BinderProxy.transactNative(Native Method)
11-01 23:45:35.122   600   600 E AccessibilityManagerService: 	at android.os.BinderProxy.transact(Binder.java:615)
11-01 23:45:35.122   600   600 E AccessibilityManagerService: 	at android.accessibilityservice.IAccessibilityServiceClient$Stub$Proxy.onAccessibilityEvent(IAccessibilityServiceClient.java:191)
11-01 23:45:35.122   600   600 E AccessibilityManagerService: 	at com.android.server.accessibility.AccessibilityManagerService$Service.notifyAccessibilityEventInternal(AccessibilityManagerService.java:3245)
11-01 23:45:35.122   600   600 E AccessibilityManagerService: 	at com.android.server.accessibility.AccessibilityManagerService$Service.-wrap0(AccessibilityManagerService.java)
11-01 23:45:35.122   600   600 E AccessibilityManagerService: 	at com.android.server.accessibility.AccessibilityManagerService$Service$1.handleMessage(AccessibilityManagerService.java:2260)
11-01 23:45:35.122   600   600 E AccessibilityManagerService: 	at android.os.Handler.dispatchMessage(Handler.java:102)
11-01 23:45:35.122   600   600 E AccessibilityManagerService: 	at android.os.Looper.loop(Looper.java:154)
11-01 23:45:35.122   600   600 E AccessibilityManagerService: 	at com.android.server.SystemServer.run(SystemServer.java:349)
11-01 23:45:35.122   600   600 E AccessibilityManagerService: 	at com.android.server.SystemServer.main(SystemServer.java:219)
11-01 23:45:35.122   600   600 E AccessibilityManagerService: 	at java.lang.reflect.Method.invoke(Native Method)
11-01 23:45:35.122   600   600 E AccessibilityManagerService: 	at com.android.internal.os.ZygoteInit$MethodAndArgsCaller.run(ZygoteInit.java:886)
11-01 23:45:35.122   600   600 E AccessibilityManagerService: 	at com.android.internal.os.ZygoteInit.main(ZygoteInit.java:776)
11-01 23:45:35.141   600  6822 W WindowManager: Attempted to remove non-existing token: android.os.Binder@af0e311
11-01 23:45:35.236 24959 24959 E cr_CompositorSurfaceMgr: Transitioning to surface with format : -1
11-01 23:45:35.291   600   609 I art     : Background partial concurrent mark sweep GC freed 17101(1056KB) AllocSpace objects, 3(60KB) LOS objects, 33% free, 15MB/23MB, paused 2.475ms total 181.183ms
11-01 23:45:35.311 24959 25016 W cr_tabmodel: Starting to perform legacy migration.
11-01 23:45:35.312 24959 25016 W cr_tabmodel: Finished performing legacy migration.
11-01 23:45:35.312 24959 25016 W cr_tabmodel: Starting to perform multi-instance migration.
11-01 23:45:35.313 24959 25016 W cr_tabmodel: Finished performing multi-instance migration.
11-01 23:45:35.314 24959 25016 I cr_tabmodel: Starting to fetch tab list for tab_state0
11-01 23:45:35.314 24959 25016 I cr_tabmodel: State file does not exist.
11-01 23:45:35.314 24959 25016 I cr_tabmodel: Starting to fetch tab list for tab_state1
11-01 23:45:35.315 24959 25016 I cr_tabmodel: State file does not exist.
11-01 23:45:35.386 24959 25016 I cr_ADCP : No customization source found
11-01 23:45:35.438   600 12440 E BatteryStatsService: power: Missing API
11-01 23:45:35.440 24959 24978 D OpenGLRenderer: endAllActiveAnimators on 0xd73d3280 (InsetDrawable) with handle 0xd64adaa0
11-01 23:45:35.443   600 12440 E BatteryStatsService: no controller energy info supplied
11-01 23:45:35.443   800   800 E PhoneInterfaceManager: [PhoneIntfMgr] queryModemActivityInfo: Empty response
11-01 23:45:35.461   600 12440 E BatteryStatsService: modem info is invalid: ModemActivityInfo{ mTimestamp=0 mSleepTimeMs=0 mIdleTimeMs=0 mTxTimeMs[]=[0, 0, 0, 0, 0] mRxTimeMs=0 mEnergyUsed=0}
11-01 23:45:35.560   600   620 I ActivityManager: Displayed com.android.chrome/com.google.android.apps.chrome.Main: +477ms
11-01 23:45:35.560 24959 24959 E cr_CompositorSurfaceMgr: Transitioning to surface with format : -1
11-01 23:45:35.569 24959 24959 E cr_CompositorSurfaceMgr: surfaceCreated format : 0
11-01 23:45:35.584 24959 24959 I cr_ContextualSearch: Tap suppression enabled: false
11-01 23:45:35.589 24959 24959 I cr_ChromeTabbedActivity: #initializeState
11-01 23:45:35.589 24959 24959 I cr_CipherFactory: #restoreFromBundle, no savedInstanceState.
11-01 23:45:35.589 24959 24959 I cr_tabmodel: #loadState, ignoreIncognitoFiles? true
11-01 23:45:35.792 24959 24959 I SchedulerApiWrapper: Create SchedulerApiMainThreadWrapper
11-01 23:45:35.803 24959 24959 I FeedSessionManagerImpl: FeedSessionManagerImpl has been created
11-01 23:45:35.805 24959 24959 I FeedAppLifecycleLstnr: onEnterForeground called
11-01 23:45:35.805 24959 24959 I FeedSessionManagerImpl: onLifecycleEvent foreground
11-01 23:45:35.806 24959 24959 I FeedSessionManagerImpl: Lazy initialization triggered, getUpdateConsumer
11-01 23:45:35.806 24959 25012 I TaskQueue: Execute task [IMMEDIATE - d: true, b: 0]: 30
11-01 23:45:35.807 24959 24959 I FeedRequestManagerImpl: trigger refresh 2
11-01 23:45:35.808 24959 24959 I TaskQueue:  - task [HEAD_INVALIDATE - d: true, b: 0]: 26
11-01 23:45:35.808 24959 24959 I FeedAppLifecycleLstnr: initialize called
11-01 23:45:35.808 24959 24959 I FeedSessionManagerImpl: onLifecycleEvent initialize
11-01 23:45:35.808 24959 24959 W FeedSessionManagerImpl: FeedSessionManagerImpl has previously been initialized
11-01 23:45:35.832 24959 24959 I ViewConfigCompat: Could not find method getScaledScrollFactor() on ViewConfiguration
11-01 23:45:35.835 24959 24959 I BasicStream: Setting 2 header views, currently have 0 headers
11-01 23:45:35.837 24959 24959 I BasicStream: Setting 2 header views, currently have 2 headers
11-01 23:45:35.890   600   619 D BluetoothManagerService: Message: 20
11-01 23:45:35.891   600   619 D BluetoothManagerService: Added callback: android.bluetooth.IBluetoothManagerCallback$Stub$Proxy@ea0ba29:true
11-01 23:45:35.919 24993 25007 I cr_LibraryLoader: Loaded native library version number "85.0.4183.127"
11-01 23:45:35.921 24993 25007 I cr_CachingUmaRecorder: Flushed 1 samples from 1 histograms.
11-01 23:45:35.923 24959 24959 E cr_IntentUtils: getBooleanExtra failed on intent null
11-01 23:45:35.940 24959 24959 I TimeoutSessionImpl: Using TimeoutSessionImpl
11-01 23:45:35.940 24959 24959 I FeedSessionManagerImpl: Delaying populateSession until initialization is finished
11-01 23:45:35.941 24959 24959 I TaskQueue:  - task [IMMEDIATE - d: true, b: 1]: 13
11-01 23:45:35.941 24959 24959 I MainThreadRunner: Running task [BasicStream onShow] on the Main Thread with a delay of 500 milliseconds
11-01 23:45:35.997   600   819 I ActivityManager: Start proc 25095:com.android.chrome:sandboxed_process1/u0i370 for service com.android.chrome/org.chromium.content.app.SandboxedProcessService1
11-01 23:45:36.016 24959 25012 W SessionCache: Persisted Sessions were not found
11-01 23:45:36.016 24959 25012 I HeadSessionImpl: Initialize HEAD 0 items
11-01 23:45:36.016 24959 25012 I TaskQueue:  - task [BACKGROUND - d: true, b: 2]: 11
11-01 23:45:36.016 24959 25012 I TimingUtils: Task Timing 209ms, thread JardinExecutor | task : Initialization
11-01 23:45:36.017 24959 25012 I TaskQueue:  - Finished 30, time 210 ms
11-01 23:45:36.017 24959 25012 I TaskQueue: Execute task [HEAD_INVALIDATE - d: true, b: 2]: 26
11-01 23:45:36.017 24959 25012 I TimingUtils: Task Timing   0ms, thread JardinExecutor | task : getAllDismissLocalActions | size : 0
11-01 23:45:36.018 24959 25012 I TimingUtils: Task Timing   0ms, thread JardinExecutor | task : getSemanticProperties | size : 0
11-01 23:45:36.018 24959 25012 I MainThreadRunner: Running task [Check Tooltips] on the Main Thread
11-01 23:45:36.018 24959 25012 I TaskQueue:  * Starting starvation checks
11-01 23:45:36.018 24959 25012 I MainThreadRunner: Running task [starvationChecks] on the Main Thread with a delay of 6000 milliseconds
11-01 23:45:36.018 24959 25012 I TaskQueue:  - Finished 26, time 1 ms
11-01 23:45:36.018 24959 25012 I TaskQueue: Execute task [IMMEDIATE - d: true, b: 1]: 13
11-01 23:45:36.018 24959 25012 I FeedSessionManagerImpl: shouldSessionRequestData; hasContent(false), contentCreationTime(0), outstandingRequest(true)
11-01 23:45:36.019 24959 25012 I MainThreadRunner: Running task [SchedulerApiWrapper shouldSessionRequestData] on the Main Thread
11-01 23:45:36.022   600  8931 I ActivityManager: Start proc 25103:com.android.chrome:sandboxed_process2/u0i371 for service com.android.chrome/org.chromium.content.app.SandboxedProcessService2
11-01 23:45:36.061   600  1665 I ActivityManager: Start proc 25111:com.android.chrome:sandboxed_process3/u0i372 for service com.android.chrome/org.chromium.content.app.SandboxedProcessService3
11-01 23:45:36.094   600   611 I ActivityManager: Start proc 25130:com.android.chrome:sandboxed_process4/u0i373 for service com.android.chrome/org.chromium.content.app.SandboxedProcessService4
11-01 23:45:36.140   600  1666 I ActivityManager: Start proc 25142:com.android.chrome:sandboxed_process5/u0i374 for service com.android.chrome/org.chromium.content.app.SandboxedProcessService5
11-01 23:45:36.178   600   610 I ActivityManager: Start proc 25160:com.android.chrome:sandboxed_process6/u0i375 for service com.android.chrome/org.chromium.content.app.SandboxedProcessService6
11-01 23:45:36.236   600  8931 I ActivityManager: Start proc 25167:com.android.chrome:sandboxed_process7/u0i376 for service com.android.chrome/org.chromium.content.app.SandboxedProcessService7
11-01 23:45:36.267 25103 25103 W dboxed_process2: type=1400 audit(0.0:3971): avc: denied { getattr } for path="/data/data/com.android.chrome" dev="dm-2" ino=12190 scontext=u:r:isolated_app:s0:c512,c768 tcontext=u:object_r:app_data_file:s0:c512,c768 tclass=dir permissive=0
11-01 23:45:36.323 25111 25111 W dboxed_process3: type=1400 audit(0.0:3972): avc: denied { getattr } for path="/data/data/com.android.chrome" dev="dm-2" ino=12190 scontext=u:r:isolated_app:s0:c512,c768 tcontext=u:object_r:app_data_file:s0:c512,c768 tclass=dir permissive=0
11-01 23:45:36.342   600  1484 I ActivityManager: Start proc 25187:com.android.chrome:sandboxed_process8/u0i377 for service com.android.chrome/org.chromium.content.app.SandboxedProcessService8
11-01 23:45:36.360 25095 25095 W dboxed_process1: type=1400 audit(0.0:3973): avc: denied { getattr } for path="/data/data/com.android.chrome" dev="dm-2" ino=12190 scontext=u:r:isolated_app:s0:c512,c768 tcontext=u:object_r:app_data_file:s0:c512,c768 tclass=dir permissive=0
11-01 23:45:36.394 24959 24959 I PlayCore: UID: [10035]  PID: [24959] SplitInstallService : deferredInstall([image_editor])
11-01 23:45:36.412 24959 25207 I PlayCore: UID: [10035]  PID: [24959] SplitInstallService : Initiate binding to the service.
11-01 23:45:36.437 25130 25130 W dboxed_process4: type=1400 audit(0.0:3974): avc: denied { getattr } for path="/data/data/com.android.chrome" dev="dm-2" ino=12190 scontext=u:r:isolated_app:s0:c512,c768 tcontext=u:object_r:app_data_file:s0:c512,c768 tclass=dir permissive=0
11-01 23:45:36.492 25103 25103 I cr_ChildProcessService: Creating new ChildProcessService pid=25103
11-01 23:45:36.505 24959 24959 I Choreographer: Skipped 55 frames!  The application may be doing too much work on its main thread.
11-01 23:45:36.513 25142 25142 W dboxed_process5: type=1400 audit(0.0:3975): avc: denied { getattr } for path="/data/data/com.android.chrome" dev="dm-2" ino=12190 scontext=u:r:isolated_app:s0:c512,c768 tcontext=u:object_r:app_data_file:s0:c512,c768 tclass=dir permissive=0
11-01 23:45:36.570 25160 25160 W dboxed_process6: type=1400 audit(0.0:3976): avc: denied { getattr } for path="/data/data/com.android.chrome" dev="dm-2" ino=12190 scontext=u:r:isolated_app:s0:c512,c768 tcontext=u:object_r:app_data_file:s0:c512,c768 tclass=dir permissive=0
11-01 23:45:36.578 25095 25095 I cr_ChildProcessService: Creating new ChildProcessService pid=25095
11-01 23:45:36.596 25111 25111 I cr_ChildProcessService: Creating new ChildProcessService pid=25111
11-01 23:45:36.647 25167 25167 W dboxed_process7: type=1400 audit(0.0:3977): avc: denied { getattr } for path="/data/data/com.android.chrome" dev="dm-2" ino=12190 scontext=u:r:isolated_app:s0:c512,c768 tcontext=u:object_r:app_data_file:s0:c512,c768 tclass=dir permissive=0
11-01 23:45:36.654 25130 25130 I cr_ChildProcessService: Creating new ChildProcessService pid=25130
11-01 23:45:36.683 24959 24969 W art     : Suspending all threads took: 20.571ms
11-01 23:45:36.715 24959 24969 I art     : Background sticky concurrent mark sweep GC freed 49112(2MB) AllocSpace objects, 27(596KB) LOS objects, 20% free, 9MB/12MB, paused 21.489ms total 198.736ms
11-01 23:45:36.721 25160 25160 I cr_ChildProcessService: Creating new ChildProcessService pid=25160
11-01 23:45:36.741   600  8040 W ActivityManager: Unable to start service Intent { act=com.google.android.play.core.splitinstall.BIND_SPLIT_INSTALL_SERVICE pkg=com.android.vending } U=0: not found
11-01 23:45:36.778 25142 25142 I cr_ChildProcessService: Creating new ChildProcessService pid=25142
11-01 23:45:36.793 25187 25187 W dboxed_process8: type=1400 audit(0.0:3978): avc: denied { getattr } for path="/data/data/com.android.chrome" dev="dm-2" ino=12190 scontext=u:r:isolated_app:s0:c512,c768 tcontext=u:object_r:app_data_file:s0:c512,c768 tclass=dir permissive=0
11-01 23:45:36.874 25103 25214 I cr_LibraryLoader: Loaded native library version number "85.0.4183.127"
11-01 23:45:36.874 25103 25214 I cr_CachingUmaRecorder: Flushed 1 samples from 1 histograms.
11-01 23:45:36.903 25095 25215 I cr_LibraryLoader: Loaded native library version number "85.0.4183.127"
11-01 23:45:36.905 24959 24959 I cr_tabmodel: Appending tabs being restored to metadata lists, 0, startingNormalCount: 1, startingIncognitoCount: 0
11-01 23:45:36.905 24959 24959 I cr_tabmodel: Serializing tab lists; counts: 1, 0
11-01 23:45:36.909 25167 25167 I cr_ChildProcessService: Creating new ChildProcessService pid=25167
11-01 23:45:36.918 25095 25215 I cr_CachingUmaRecorder: Flushed 1 samples from 1 histograms.
11-01 23:45:36.958 25111 25216 I cr_LibraryLoader: Loaded native library version number "85.0.4183.127"
11-01 23:45:36.965 25111 25216 I cr_CachingUmaRecorder: Flushed 1 samples from 1 histograms.
11-01 23:45:37.012 25187 25187 I cr_ChildProcessService: Creating new ChildProcessService pid=25187
11-01 23:45:37.050   600 12440 I ActivityManager: Killing 25103:com.android.chrome:sandboxed_process2/u0a35i371 (adj 0): isolated not needed
11-01 23:45:37.055 24959 24959 I TaskQueue:  - task [IMMEDIATE - d: true, b: 1]: 27
11-01 23:45:37.060 25130 25218 I cr_LibraryLoader: Loaded native library version number "85.0.4183.127"
11-01 23:45:37.060 25130 25218 I cr_CachingUmaRecorder: Flushed 1 samples from 1 histograms.
11-01 23:45:37.066 24959 25012 I FeedSessionManagerImpl: shouldSessionRequestDataResult: NO_REQUEST_WITH_WAIT, shouldMakeRequest(false), withTimeout(false), withAppend(false)
11-01 23:45:37.066 24959 25012 I TaskQueue:  - task [USER_FACING - d: true, b: 2]: 24
11-01 23:45:37.066 24959 25012 I TaskQueue:  - Finished 13, time 1048 ms
11-01 23:45:37.066 24959 25012 I TaskQueue: Execute task [IMMEDIATE - d: true, b: 2]: 27
11-01 23:45:37.081 24959 25012 I FeedRequestManagerImpl: Consistency Token: # hU2@7bca4
11-01 23:45:37.085 24959 25012 I FeedRequestManagerImpl: Capability: FEED_UI
11-01 23:45:37.085 24959 25012 I FeedRequestManagerImpl: Capability: UNDOABLE_ACTIONS
11-01 23:45:37.085 24959 25012 I FeedRequestManagerImpl: Capability: MANAGE_INTERESTS
11-01 23:45:37.085 24959 25012 I FeedRequestManagerImpl: Capability: SEND_FEEDBACK
11-01 23:45:37.085 24959 25012 I FeedRequestManagerImpl: Capability: ARTICLE_SNIPPETS
11-01 23:45:37.085 24959 25012 I FeedRequestManagerImpl: Capability: CLICK_ACTION
11-01 23:45:37.085 24959 25012 I FeedRequestManagerImpl: Capability: VIEW_ACTION
11-01 23:45:37.085 24959 25012 I FeedRequestManagerImpl: Capability: REPORT_FEED_USER_ACTIONS_NOTICE_CARD
11-01 23:45:37.085 24959 24959 I Choreographer: Skipped 33 frames!  The application may be doing too much work on its main thread.
11-01 23:45:37.095 24959 25012 I FeedRequestManagerImpl: Capability: BASE_UI
11-01 23:45:37.100 25160 25219 I cr_LibraryLoader: Loaded native library version number "85.0.4183.127"
11-01 23:45:37.100 24959 25012 I FeedRequestManagerImpl: Making Request: /httpservice/noretry/DiscoverClankService/FeedQuery
11-01 23:45:37.101 24959 25012 I MainThreadRunner: Running task [NetworkClientWrapper send] on the Main Thread
11-01 23:45:37.101 24959 25012 I TaskQueue:  - Finished 27, time 34 ms
11-01 23:45:37.114 25160 25219 I cr_CachingUmaRecorder: Flushed 1 samples from 1 histograms.
11-01 23:45:37.216 25142 25220 I cr_LibraryLoader: Loaded native library version number "85.0.4183.127"
11-01 23:45:37.217 25142 25220 I cr_CachingUmaRecorder: Flushed 1 samples from 1 histograms.
11-01 23:45:37.234   600  8931 I ActivityManager: Killing 25111:com.android.chrome:sandboxed_process3/u0a35i372 (adj 0): isolated not needed
11-01 23:45:37.234   600  8931 I ActivityManager: Killing 25095:com.android.chrome:sandboxed_process1/u0a35i370 (adj 0): isolated not needed
11-01 23:45:37.240 25167 25223 I cr_LibraryLoader: Loaded native library version number "85.0.4183.127"
11-01 23:45:37.241 25167 25223 I cr_CachingUmaRecorder: Flushed 1 samples from 1 histograms.
11-01 23:45:37.291 24959 24969 W art     : Suspending all threads took: 9.057ms
11-01 23:45:37.347   600 28743 I ActivityManager: Killing 25160:com.android.chrome:sandboxed_process6/u0a35i375 (adj 0): isolated not needed
11-01 23:45:37.347   600 28743 I ActivityManager: Killing 25130:com.android.chrome:sandboxed_process4/u0a35i373 (adj 0): isolated not needed
11-01 23:45:37.355 25187 25230 I cr_LibraryLoader: Loaded native library version number "85.0.4183.127"
11-01 23:45:37.356 25187 25230 I cr_CachingUmaRecorder: Flushed 1 samples from 1 histograms.
11-01 23:45:37.375 24959 24969 I art     : Background partial concurrent mark sweep GC freed 49082(2MB) AllocSpace objects, 31(612KB) LOS objects, 40% free, 9MB/16MB, paused 13.021ms total 243.951ms
11-01 23:45:37.395 24959 25015 W cr_CrashFileManager: /data/user/0/com.android.chrome/cache/Crash Reports does not exist or is not a directory
11-01 23:45:37.395 24959 25015 W cr_CrashFileManager: /data/user/0/com.android.chrome/cache/Crash Reports does not exist or is not a directory
11-01 23:45:37.395 24959 25015 W cr_CrashFileManager: /data/user/0/com.android.chrome/cache/Crash Reports does not exist or is not a directory
11-01 23:45:37.420 24959 25015 I cr_FileUtils: Writing to /data/user/0/com.android.chrome/app_dex/webapk7.dex
11-01 23:45:37.460 25167 25167 I cr_ChildProcessService: Destroying ChildProcessService pid=25167
11-01 23:45:37.475 25167 25223 I chromium: [INFO:child_process_service.cc(69)] ChildProcessService: Exiting child process.
11-01 23:45:37.490 25142 25220 I chromium: [INFO:child_process_service.cc(69)] ChildProcessService: Exiting child process.
11-01 23:45:37.493   197   197 E lowmemorykiller: Error writing /proc/25142/oom_score_adj; errno=22
11-01 23:45:37.529 25187 25230 I chromium: [INFO:child_process_service.cc(69)] ChildProcessService: Exiting child process.
11-01 23:45:37.530   197   197 E lowmemorykiller: Error writing /proc/25187/oom_score_adj; errno=22
11-01 23:45:37.617 25093 25093 D AndroidRuntime: >>>>>> START com.android.internal.os.RuntimeInit uid 2000 <<<<<<
11-01 23:45:37.623 25093 25093 D AndroidRuntime: CheckJNI is OFF
11-01 23:45:37.626   600  1483 I ActivityManager: Killing 25187:com.android.chrome:sandboxed_process8/u0a35i377 (adj 0): isolated not needed
11-01 23:45:37.626   600  1483 I ActivityManager: Killing 25142:com.android.chrome:sandboxed_process5/u0a35i374 (adj 0): isolated not needed
11-01 23:45:37.626   600  1483 I ActivityManager: Killing 25167:com.android.chrome:sandboxed_process7/u0a35i376 (adj 0): isolated not needed
11-01 23:45:37.632 25251 25251 I dex2oat : /system/bin/dex2oat --dex-file=/data/user/0/com.android.chrome/app_dex/webapk7.dex --oat-fd=191 --oat-location=/data/user/0/com.android.chrome/app_dex/oat/arm/webapk7.dex --compiler-filter=speed
11-01 23:45:37.733 24959 24992 I cr_BindingManager: Moderate binding enabled: maxSize=40
11-01 23:45:37.780 24959 24959 W chromium: [WARNING:compositor_view.cc(315)] Child process died (type=6) pid=25142)
11-01 23:45:37.780   600  1664 D ActivityManager: cleanUpApplicationRecord -- 25142
11-01 23:45:37.790 24959 24959 W chromium: [WARNING:compositor_view.cc(315)] Child process died (type=6) pid=25187)
11-01 23:45:37.794   600  1066 D ActivityManager: cleanUpApplicationRecord -- 25187
11-01 23:45:37.818  9419  9925 I Icing   : IndexChimeraService.getServiceInterface callingPackage=com.android.chrome componentName=null serviceId=36
11-01 23:45:37.834  9419  9924 I Icing   : IndexChimeraService.getServiceInterface callingPackage=com.android.chrome componentName=null serviceId=36
11-01 23:45:37.858 25093 25093 D ICU     : No timezone override file found: /data/misc/zoneinfo/current/icu/icu_tzdata.dat
11-01 23:45:37.934 24959 25207 I PlayCore: UID: [10035]  PID: [24959] SplitInstallService : Failed to bind to the service.
11-01 23:45:38.027   600  5522 I ActivityManager: Start proc 25263:com.android.chrome:sandboxed_process9/u0i378 for service com.android.chrome/org.chromium.content.app.SandboxedProcessService9
11-01 23:45:38.093 25093 25093 I Radio-JNI: register_android_hardware_Radio DONE
11-01 23:45:38.162 25093 25093 D AndroidRuntime: Calling main entry com.android.commands.am.Am
11-01 23:45:38.165   600  1664 I ActivityManager: Start proc 25276:com.android.chrome:sandboxed_process10/u0i379 for service com.android.chrome/org.chromium.content.app.SandboxedProcessService10
11-01 23:45:38.191 25251 25251 I dex2oat : dex2oat took 560.070ms (threads: 2) arena alloc=771KB (790272B) java alloc=112KB (115040B) native alloc=559KB (573272B) free=1488KB (1523880B)
11-01 23:45:38.207   600  1066 I ActivityManager: Start proc 25285:com.android.chrome:sandboxed_process11/u0i380 for service com.android.chrome/org.chromium.content.app.SandboxedProcessService11
11-01 23:45:38.223 25263 25263 W dboxed_process9: type=1400 audit(0.0:3979): avc: denied { getattr } for path="/data/data/com.android.chrome" dev="dm-2" ino=12190 scontext=u:r:isolated_app:s0:c512,c768 tcontext=u:object_r:app_data_file:s0:c512,c768 tclass=dir permissive=0
11-01 23:45:38.231   600  8928 I ActivityManager: Start proc 25296:com.android.chrome:sandboxed_process12/u0i381 for service com.android.chrome/org.chromium.content.app.SandboxedProcessService12
11-01 23:45:38.259   600  8930 I ActivityManager: Start proc 25308:com.android.chrome:sandboxed_process13/u0i382 for service com.android.chrome/org.chromium.content.app.SandboxedProcessService13
11-01 23:45:38.260   600  5522 I ActivityManager: START u0 {act=android.intent.action.VIEW dat=http://geeksforgeeks.org/... flg=0x10000000 cmp=com.android.chrome/com.google.android.apps.chrome.Main} from uid 2000 on display 0
11-01 23:45:38.266 25093 25093 D AndroidRuntime: Shutting down VM
11-01 23:45:38.310   600   713 I ActivityManager: Start proc 25316:com.android.chrome:sandboxed_process14/u0i383 for service com.android.chrome/org.chromium.content.app.SandboxedProcessService14
11-01 23:45:38.335   600  1665 I ActivityManager: Start proc 25329:com.android.chrome:sandboxed_process15/u0i384 for service com.android.chrome/org.chromium.content.app.SandboxedProcessService15
11-01 23:45:38.374 24959 24959 E cr_IntentUtils: getInt failed on bundle null
11-01 23:45:38.387 24959 24969 I art     : Background sticky concurrent mark sweep GC freed 41240(2MB) AllocSpace objects, 38(760KB) LOS objects, 20% free, 13MB/16MB, paused 351us total 117.437ms
11-01 23:45:38.392 25263 25263 I cr_ChildProcessService: Creating new ChildProcessService pid=25263
11-01 23:45:38.400 25276 25276 W boxed_process10: type=1400 audit(0.0:3980): avc: denied { getattr } for path="/data/data/com.android.chrome" dev="dm-2" ino=12190 scontext=u:r:isolated_app:s0:c512,c768 tcontext=u:object_r:app_data_file:s0:c512,c768 tclass=dir permissive=0
11-01 23:45:38.401   600  1666 I ActivityManager: Start proc 25347:com.android.chrome:sandboxed_process16/u0i385 for service com.android.chrome/org.chromium.content.app.SandboxedProcessService16
11-01 23:45:38.433 25285 25285 W boxed_process11: type=1400 audit(0.0:3981): avc: denied { getattr } for path="/data/data/com.android.chrome" dev="dm-2" ino=12190 scontext=u:r:isolated_app:s0:c512,c768 tcontext=u:object_r:app_data_file:s0:c512,c768 tclass=dir permissive=0
11-01 23:45:38.446 24959 24959 W FeedModelProvider: sessionId is null, this should have been set during population
11-01 23:45:38.448   600  5522 I ActivityManager: Start proc 25364:com.android.chrome:sandboxed_process17/u0i386 for service com.android.chrome/org.chromium.content.app.SandboxedProcessService17
11-01 23:45:38.466 24959 24959 I cr_tabmodel: Appending tabs being restored to metadata lists, 0, startingNormalCount: 2, startingIncognitoCount: 0
11-01 23:45:38.466 24959 24959 I cr_tabmodel: Serializing tab lists; counts: 2, 0
