10-31 22:54:58.729   600 17381 E JavaBinder: !!! FAILED BINDER TRANSACTION !!!  (parcel size = 76)
10-31 22:54:58.745 31141 31141 W chromium: [WARNING:compositor_view.cc(315)] Child process died (type=6) pid=31566)
10-31 22:54:58.745   600  1076 I ActivityManager: Process com.android.chrome:sandboxed_process18 (pid 31566) has died
10-31 22:54:58.745   600  1076 D ActivityManager: cleanUpApplicationRecord -- 31566
10-31 22:54:58.752   600  9614 I ActivityManager: START u0 {act=android.intent.action.VIEW dat=http://geeksforgeeks.org/... flg=0x10000000 cmp=com.android.chrome/com.google.android.apps.chrome.Main} from uid 2000 on display 0
10-31 22:54:58.758 31277 31277 D AndroidRuntime: Shutting down VM
10-31 22:54:58.768   600  3507 D ActivityManager: cleanUpApplicationRecord -- 31560
10-31 22:54:58.794 31578 31641 I chromium: [INFO:child_process_service.cc(69)] ChildProcessService: Exiting child process.
10-31 22:54:58.799 31141 31141 E cr_IntentUtils: getInt failed on bundle null
10-31 22:54:58.817 31578 31578 I cr_ChildProcessService: Destroying ChildProcessService pid=31578
10-31 22:54:58.818 31591 31591 I cr_ChildProcessService: Destroying ChildProcessService pid=31591
10-31 22:54:58.821 31591 31642 I chromium: [INFO:child_process_service.cc(69)] ChildProcessService: Exiting child process.
10-31 22:54:58.826   600  7064 I ActivityManager: Start proc 31663:com.android.chrome:sandboxed_process21/u0i55 for service com.android.chrome/org.chromium.content.app.SandboxedProcessService21
10-31 22:54:58.839   600 13558 I ActivityManager: Killing 31578:com.android.chrome:sandboxed_process19/u0a35i53 (adj 0): isolated not needed
10-31 22:54:58.839   600 13558 I ActivityManager: Killing 31591:com.android.chrome:sandboxed_process20/u0a35i54 (adj 0): isolated not needed
10-31 22:54:58.854 31141 31141 W FeedModelProvider: sessionId is null, this should have been set during population
10-31 22:54:58.855 31141 31141 I cr_tabmodel: Appending tabs being restored to metadata lists, 0, startingNormalCount: 2, startingIncognitoCount: 0
10-31 22:54:58.855 31141 31141 I cr_tabmodel: Serializing tab lists; counts: 2, 0
10-31 22:54:58.870 31663 31663 W boxed_process21: type=1400 audit(0.0:15649): avc: denied { getattr } for path="/data/data/com.android.chrome" dev="dm-2" ino=12190 scontext=u:r:isolated_app:s0:c512,c768 tcontext=u:object_r:app_data_file:s0:c512,c768 tclass=dir permissive=0
10-31 22:54:58.889 31141 31141 W chromium: [WARNING:compositor_view.cc(315)] Child process died (type=6) pid=31560)
10-31 22:54:58.931 31663 31663 I cr_ChildProcessService: Creating new ChildProcessService pid=31663
10-31 22:54:58.940 31141 31141 I FeedRequestManagerImpl: Request: /httpservice/noretry/DiscoverClankService/FeedQuery completed with response code: 200
10-31 22:54:58.940 31141 31141 I TaskQueue:  - task [IMMEDIATE - d: true, b: 2]: 15
10-31 22:54:58.940 31141 31141 I TaskQueue:  - queueTask starting immediate task
10-31 22:54:58.950 31141 31199 I TaskQueue: Execute task [IMMEDIATE - d: true, b: 2]: 15
10-31 22:54:59.028 31141 31199 I MainThreadRunner: Running task [FeedRequestManagerImpl consumer] on the Main Thread
10-31 22:54:59.028 31141 31199 I TaskQueue:  - Finished 15, time 77 ms
10-31 22:54:59.028 31141 31141 I FeedProtocolAdapter: createModel, operations 33
10-31 22:54:59.033 31141 31141 I TimingUtils: Task Timing   5ms, thread ui | task : convertWireProtocol | mutations : 33
10-31 22:54:59.037 31141 31141 I TaskQueue:  - task [HEAD_RESET - d: true, b: 2]: 5
10-31 22:54:59.037 31141 31141 I TaskQueue:  - queueTask starting immediate task
10-31 22:54:59.037 31141 31199 I TaskQueue: Execute task [HEAD_RESET - d: true, b: 2]: 5
10-31 22:54:59.040 31663 31677 I cr_LibraryLoader: Loaded native library version number "85.0.4183.127"
10-31 22:54:59.041 31141 31199 I TaskQueue:  - task [BACKGROUND - d: true, b: 2]: 23
10-31 22:54:59.041 31663 31677 I cr_CachingUmaRecorder: Flushed 1 samples from 1 histograms.
10-31 22:54:59.041 31141 31199 W SessionCache: Persisted Sessions were not found
10-31 22:54:59.044 31141 31199 I PersistentFeedStore: commitSessionMutation - Success true, Update Session $HEAD, stream structures 32
10-31 22:54:59.047 31141 31199 I MainThreadRunner: Running task [SchedulerApiWrapper onReceiveNewContent] on the Main Thread
10-31 22:54:59.047 31141 31199 I MainThreadRunner: Running task [FeedKnownContentImpl onNewContentReceived] on the Main Thread
10-31 22:54:59.048 31141 31199 I SessionManagerMutation: Cleared Head, new creation time 10-31 22:54:59.041
10-31 22:54:59.048 31141 31199 I TimingUtils: Task Timing  10ms, thread background-1 | task : sessionMutation.commitTask:updateConsumer | mutations : 33 | userInitiated : false
10-31 22:54:59.048 31141 31199 I TaskQueue: Cancelling starvation checks
10-31 22:54:59.048 31141 31199 I TaskQueue:  - Finished 5, time 11 ms
10-31 22:54:59.048 31141 31199 I TaskQueue: Execute task [USER_FACING - d: false, b: 2]: 24
10-31 22:54:59.055 31141 31199 I TimeoutSessionImpl: TimeoutSession.populateModelProvider, shouldAppend false
10-31 22:54:59.055 31141 31199 I SessionImpl: PopulateModelProvider 32 items
10-31 22:54:59.055 31141 31199 I FeedModelProvider: FeedModelProvider - committer, structure changes 31, update changes 0
10-31 22:54:59.055 31141 31199 I FeedModelProvider: SyntheticTokenTracker: 0, 11, 11, false
10-31 22:54:59.056 31141 31199 I FeedSessionManagerImpl: Caching getStreamFeatures - items 31, cache misses 0, cache size 31
10-31 22:54:59.056 31141 31199 I FeedModelProvider: Moving _session:5700c9e9-6335-4e3a-8799-e96784ba1ae1 to READY
10-31 22:54:59.056 31141 31199 I MainThreadRunner: Running task [FeedModelProvider onSessionStart] on the Main Thread
10-31 22:54:59.056 31141 31199 I FeedModelProvider: ModelProvider Mutation committed - structure changes 31, childrenToBind 31, removedChildren false, Token false
10-31 22:54:59.064 31141 31141 I FeedModelProvider: No children found for Cursor
10-31 22:54:59.092 31141 31199 I FeedSessionManagerImpl: Populate new session: _session:5700c9e9-6335-4e3a-8799-e96784ba1ae1, creation time 10-31 22:54:59.055
10-31 22:54:59.092 31141 31199 I TimingUtils: Task Timing  43ms, thread background-2 | task : Create/Populate New Session
10-31 22:54:59.092 31141 31199 I TaskQueue:  - Finished 24, time 43 ms
10-31 22:54:59.092 31141 31199 I TaskQueue: Execute task [BACKGROUND - d: false, b: 1]: 11
10-31 22:54:59.092 31141 31199 I ContentGc: Re-enqueuing triggerContentGc; attempts(0)
10-31 22:54:59.092 31141 31199 I TaskQueue:  - task [BACKGROUND - d: false, b: 1]: 11
10-31 22:54:59.092 31141 31199 I TaskQueue:  - Finished 11, time 0 ms
10-31 22:54:59.092 31141 31199 I TaskQueue: Execute task [BACKGROUND - d: false, b: 1]: 23
10-31 22:54:59.140 31141 31151 I art     : Background partial concurrent mark sweep GC freed 20352(1033KB) AllocSpace objects, 26(5MB) LOS objects, 40% free, 11MB/18MB, paused 12.084ms total 221.861ms
10-31 22:54:59.228 31141 31199 I TimingUtils: Task Timing 135ms, thread background-3 | task : commitContentMutation | mutations : 32
10-31 22:54:59.229 31141 31199 I TimingUtils: Task Timing   1ms, thread background-4 | task : commitSemanticPropertiesMutation | mutations : 0
10-31 22:54:59.229 31141 31199 I TaskQueue:  - Finished 23, time 137 ms
10-31 22:54:59.230 31141 31199 I TaskQueue: Execute task [BACKGROUND - d: false, b: 0]: 11
10-31 22:54:59.231 31141 31199 I SessionCache: Determining accessible content
10-31 22:54:59.233 31141 31199 I TimingUtils: Task Timing   3ms, thread background-5 | task : ContentGc | contentItemsRemoved : 0
10-31 22:54:59.233 31141 31199 I TaskQueue:  - Finished 11, time 4 ms
10-31 22:54:59.308   600  1076 D ActivityManager: cleanUpApplicationRecord -- 31435
10-31 22:54:59.427   600   610 D ActivityManager: cleanUpApplicationRecord -- 31447
10-31 22:54:59.453 31141 31141 W chromium: [WARNING:compositor_view.cc(315)] Child process died (type=6) pid=31435)
10-31 22:54:59.496 31141 31141 W chromium: [WARNING:compositor_view.cc(315)] Child process died (type=6) pid=31447)
10-31 22:54:59.498   600  1076 D ActivityManager: cleanUpApplicationRecord -- 31279
10-31 22:54:59.512   600 24611 D ActivityManager: cleanUpApplicationRecord -- 31500
10-31 22:54:59.518 31141 31141 W chromium: [WARNING:compositor_view.cc(315)] Child process died (type=6) pid=31279)
10-31 22:54:59.519 31141 31141 W chromium: [WARNING:compositor_view.cc(315)] Child process died (type=6) pid=31500)
10-31 22:54:59.521   600   713 D ActivityManager: cleanUpApplicationRecord -- 31578
10-31 22:54:59.527 31141 31141 W chromium: [WARNING:compositor_view.cc(315)] Child process died (type=6) pid=31578)
10-31 22:54:59.528   600  3509 D ActivityManager: cleanUpApplicationRecord -- 31591
10-31 22:54:59.536 31141 31141 W chromium: [WARNING:compositor_view.cc(315)] Child process died (type=6) pid=31591)
10-31 22:54:59.605 31141 31354 I PlayCore: UID: [10035]  PID: [31141] SplitInstallService : Initiate binding to the service.
10-31 22:54:59.606   600 13631 W ActivityManager: Unable to start service Intent { act=com.google.android.play.core.splitinstall.BIND_SPLIT_INSTALL_SERVICE pkg=com.android.vending } U=0: not found
10-31 22:54:59.626 17650 30132 W Icing   : No valid account for uploading user actions
10-31 22:54:59.680   600  2707 D ActivityManager: cleanUpApplicationRecord -- 31481
10-31 22:54:59.682 31141 31141 W chromium: [WARNING:compositor_view.cc(315)] Child process died (type=6) pid=31481)
10-31 22:54:59.696 17650 18294 I Icing   : IndexChimeraService.getServiceInterface callingPackage=com.google.android.gms componentName=null serviceId=30
10-31 22:54:59.721   600 16391 D ActivityManager: cleanUpApplicationRecord -- 31314
10-31 22:54:59.744   600 10249 D ActivityManager: cleanUpApplicationRecord -- 31355
10-31 22:54:59.745 31141 31141 W chromium: [WARNING:compositor_view.cc(315)] Child process died (type=6) pid=31314)
10-31 22:54:59.763 31141 31141 W chromium: [WARNING:compositor_view.cc(315)] Child process died (type=6) pid=31355)
10-31 22:54:59.824 31333 31404 I cr_LibraryLoader: Loaded native library version number "85.0.4183.127"
10-31 22:54:59.824 31333 31404 I cr_CachingUmaRecorder: Flushed 1 samples from 1 histograms.
10-31 22:54:59.831   600 13558 D ActivityManager: cleanUpApplicationRecord -- 31290
10-31 22:54:59.842   600 25704 D ActivityManager: cleanUpApplicationRecord -- 31302
10-31 22:54:59.847   600 24515 D ActivityManager: cleanUpApplicationRecord -- 31347
10-31 22:54:59.865 31141 31141 W chromium: [WARNING:compositor_view.cc(315)] Child process died (type=6) pid=31302)
10-31 22:54:59.867 31333 31404 I chromium: [INFO:child_process_service.cc(69)] ChildProcessService: Exiting child process.
10-31 22:54:59.868   600  7064 D ActivityManager: cleanUpApplicationRecord -- 31382
10-31 22:54:59.871   197   197 E lowmemorykiller: Error writing /proc/31333/oom_score_adj; errno=22
10-31 22:54:59.878 31141 31141 W chromium: [WARNING:compositor_view.cc(315)] Child process died (type=6) pid=31347)
10-31 22:54:59.878 31141 31141 W chromium: [WARNING:compositor_view.cc(315)] Child process died (type=6) pid=31290)
10-31 22:54:59.895 31141 31354 I PlayCore: UID: [10035]  PID: [31141] SplitInstallService : Failed to bind to the service.
10-31 22:54:59.910 31141 31141 W chromium: [WARNING:compositor_view.cc(315)] Child process died (type=6) pid=31333)
10-31 22:54:59.910   600  1082 I ActivityManager: Process com.android.chrome:sandboxed_process5 (pid 31333) has died
10-31 22:54:59.910   600  1082 D ActivityManager: cleanUpApplicationRecord -- 31333
10-31 22:54:59.930   600  6312 D ActivityManager: cleanUpApplicationRecord -- 31523
10-31 22:54:59.947 31141 31141 W chromium: [WARNING:compositor_view.cc(315)] Child process died (type=6) pid=31523)
10-31 22:55:00.024 31141 31141 W chromium: [WARNING:compositor_view.cc(315)] Child process died (type=6) pid=31382)
10-31 22:55:00.076 17650 30132 E native  : document-store.cc:1328 Failed to update per-doc-data with usage report
10-31 22:55:00.248 17650 30132 I Icing   : Usage reports ok 2, Failed Usage reports 1, indexed 0, rejected 0
10-31 22:55:00.248 17650 30132 I Icing   : Removing corpus key com.android.chrome-omnibox for package com.android.chrome
10-31 22:55:00.926 31141 31195 I cr_omaha: Request to Server Successful. Timestamp for next request:1667256900926
10-31 22:55:00.973 31141 31195 I cr_omaha: Request to Server Successful. Timestamp for next request:1667256900973
10-31 22:55:00.973 31141 31195 I cr_omaha: Attempting to schedule next job for: Tue Nov 01 03:55:00 GMT+01:00 2022
10-31 22:55:00.976 31141 31141 I cr_omaha: Scheduled using JobService
10-31 22:55:00.977 31141 31141 E cr_BkgrdTaskJS: Tried finishing non-current BackgroundTask.
10-31 22:55:01.079 17650 30132 I native  : document-store.cc:1654 Scored 2501 usage reports, missing_corpora 1352 update_failed 1
10-31 22:55:01.198   787  1245 W Icing   : isOptedInForAppHistory: empty Account Name encountered
10-31 22:55:01.207   787  1245 W Icing   : isOptedInForAppHistory: empty Account Name encountered
10-31 22:55:01.402 31141 31141 E cr_BTSPrefs: No data found for task id: 53
10-31 22:55:01.402 31141 31141 E cr_BkgrdTaskScheduler: Task cannot be canceled because no data was found instorage or data was invalid
10-31 22:55:01.461   787 30730 W Icing   : isOptedInForAppHistory: empty Account Name encountered
10-31 22:55:01.473 17650 30132 W Icing   : No valid account for uploading user actions
10-31 22:55:01.553   787   804 W art     : Suspending all threads took: 5.130ms
10-31 22:55:01.569   787   802 W SQLiteConnectionPool: A SQLiteConnection object for database '/data/user/0/com.google.android.gms/databases/metadata.db' was leaked!  Please fix your application to end transactions in progress properly and to close the database when it is no longer needed.
10-31 22:55:01.570   787  1169 W GmsStrictMode: LEAKED_CLOSABLE [CONTEXT service_id=256 ]
10-31 22:55:01.570   787  1169 W GmsStrictMode: rvo: LEAKED_CLOSABLE
10-31 22:55:01.570   787  1169 W GmsStrictMode: 	at dalvik.system.VMStack.getThreadStackTrace(Native Method)
10-31 22:55:01.570   787  1169 W GmsStrictMode: 	at java.lang.Thread.getStackTrace(Thread.java:1566)
10-31 22:55:01.570   787  1169 W GmsStrictMode: 	at bhdb.containsKey(:com.google.android.gms@203915020@20.39.15 (040406-335085812):1)
10-31 22:55:01.570   787  1169 W GmsStrictMode: 	at android.os.StrictMode.onVmPolicyViolation(StrictMode.java:1867)
10-31 22:55:01.570   787  1169 W GmsStrictMode: 	at android.os.StrictMode.onVmPolicyViolation(StrictMode.java:1844)
10-31 22:55:01.570   787  1169 W GmsStrictMode: 	at android.os.StrictMode$AndroidCloseGuardReporter.report(StrictMode.java:1590)
10-31 22:55:01.570   787  1169 W GmsStrictMode: 	at dalvik.system.CloseGuard.warnIfOpen(CloseGuard.java:208)
10-31 22:55:01.570   787  1169 W GmsStrictMode: 	at android.database.sqlite.SQLiteConnection.dispose(SQLiteConnection.java:231)
10-31 22:55:01.570   787  1169 W GmsStrictMode: 	at android.database.sqlite.SQLiteConnection.finalize(SQLiteConnection.java:180)
10-31 22:55:01.570   787  1169 W GmsStrictMode: 	at java.lang.Daemons$FinalizerDaemon.doFinalize(Daemons.java:222)
10-31 22:55:01.570   787  1169 W GmsStrictMode: 	at java.lang.Daemons$FinalizerDaemon.run(Daemons.java:209)
10-31 22:55:01.570   787  1169 W GmsStrictMode: 	at java.lang.Thread.run(Thread.java:761)
10-31 22:55:01.575   787   804 I art     : Background partial concurrent mark sweep GC freed 65806(4MB) AllocSpace objects, 0(0B) LOS objects, 39% free, 11MB/19MB, paused 5.853ms total 87.798ms
10-31 22:55:01.850 31141 31141 I cr_tabmodel: Appending tabs being restored to metadata lists, 0, startingNormalCount: 2, startingIncognitoCount: 0
10-31 22:55:01.850 31141 31141 I cr_tabmodel: Serializing tab lists; counts: 2, 0
10-31 22:55:01.878 17650 30132 I Icing   : Usage reports ok 1, Failed Usage reports 0, indexed 1, rejected 0
10-31 22:55:01.879 17650 30132 W Icing   : No valid account for uploading user actions
10-31 22:55:01.890 17650 30132 I Icing   : Usage reports ok 0, Failed Usage reports 0, indexed 0, rejected 0
10-31 22:55:01.891 17650 30132 I Icing   : Indexing com.android.chrome-omnibox from com.android.chrome
10-31 22:55:02.054 17650 30132 I Icing   : Indexing done com.android.chrome-omnibox
10-31 22:55:02.506   787  1245 W Icing   : isOptedInForAppHistory: empty Account Name encountered
10-31 22:55:02.513   787  1245 W Icing   : isOptedInForAppHistory: empty Account Name encountered
10-31 22:55:02.543   787 22927 W Icing   : isOptedInForAppHistory: empty Account Name encountered
10-31 22:55:02.857 17650 30132 I Icing   : Indexing com.android.chrome-internal.3p:WebPage from com.android.chrome
10-31 22:55:02.858 17650 30132 E SQLiteLog: (1) no such table: WebPage_com.android.chrome_seq_table
10-31 22:55:02.859 17650 30132 E Icing   : Cursor call threw an exception: no such table: WebPage_com.android.chrome_seq_table (code 1): , while compiling: SELECT * FROM [WebPage_com.android.chrome_seq_table] WHERE seqno>0 AND tag IS NULL ORDER BY seqno LIMIT 20
10-31 22:55:02.860 17650 30132 I Icing   : Indexing done com.android.chrome-internal.3p:WebPage
10-31 22:55:02.860 17650 30132 E Icing   : Aborting indexing of corpus internal.3p:WebPage
10-31 22:55:02.861 17650 30132 I Icing   : Indexing com.android.chrome-internal.3p:WebPage from com.android.chrome using seqno 0
10-31 22:55:03.645 31141 31195 W InstanceID: Instance ID SDK is deprecated, com.android.chrome should update to use Firebase Instance ID
10-31 22:55:06.171 31141 31141 E cr_BTSPrefs: No data found for task id: 57
10-31 22:55:06.171 31141 31141 E cr_BkgrdTaskScheduler: Task cannot be canceled because no data was found instorage or data was invalid
10-31 22:55:06.173 31141 31141 E cr_BTSPrefs: No data found for task id: 56
10-31 22:55:06.173 31141 31141 E cr_BkgrdTaskScheduler: Task cannot be canceled because no data was found instorage or data was invalid
10-31 22:55:11.807 31715 31715 D AndroidRuntime: >>>>>> START com.android.internal.os.RuntimeInit uid 2000 <<<<<<
10-31 22:55:11.810 31715 31715 D AndroidRuntime: CheckJNI is OFF
10-31 22:55:11.875 31715 31715 D ICU     : No timezone override file found: /data/misc/zoneinfo/current/icu/icu_tzdata.dat
10-31 22:55:11.912 31715 31715 I Radio-JNI: register_android_hardware_Radio DONE
10-31 22:55:11.931 31715 31715 D AndroidRuntime: Calling main entry com.android.commands.monkey.Monkey
10-31 22:55:12.004   600   613 W BroadcastQueue: Skipping deliver [background] BroadcastRecord{bd4eadf u-1 android.net.conn.CONNECTIVITY_CHANGE} to ReceiverList{b2232c 31715 (unknown name)/2000/u-1 remote:a747b39}: process crashing
10-31 22:55:13.411 31715 31715 D MonkeyStub: translateCommand: wake
10-31 22:55:13.546 31715 31715 D MonkeyStub: translateCommand: touch down 614 1561
10-31 22:55:13.582 31715 31715 D MonkeyStub: translateCommand: touch move 614 1561
10-31 22:55:13.691 31715 31715 D MonkeyStub: translateCommand: touch move 614 1436
10-31 22:55:13.801 31715 31715 D MonkeyStub: translateCommand: touch move 614 1311
10-31 22:55:13.910 31715 31715 D MonkeyStub: translateCommand: touch move 614 1186
10-31 22:55:14.017 31715 31715 D MonkeyStub: translateCommand: touch move 614 1061
10-31 22:55:14.124 31715 31715 D MonkeyStub: translateCommand: touch move 614 937
10-31 22:55:14.238 31715 31715 D MonkeyStub: translateCommand: touch move 614 812
10-31 22:55:14.346 31715 31715 D MonkeyStub: translateCommand: touch move 614 687
10-31 22:55:14.456 31715 31715 D MonkeyStub: translateCommand: touch move 614 562
10-31 22:55:14.568 31715 31715 D MonkeyStub: translateCommand: touch move 614 437
10-31 22:55:14.686 31715 31715 D MonkeyStub: translateCommand: touch move 614 312
10-31 22:55:14.697 31715 31715 D MonkeyStub: translateCommand: touch up 614 312
10-31 22:55:14.732 31715 31715 D MonkeyStub: translateCommand: touch down 614 1561
10-31 22:55:14.737 31715 31715 D MonkeyStub: translateCommand: touch move 614 1561
10-31 22:55:14.846 31715 31715 D MonkeyStub: translateCommand: touch move 614 1436
10-31 22:55:14.970 31715 31715 D MonkeyStub: translateCommand: touch move 614 1311
10-31 22:55:15.083 31715 31715 D MonkeyStub: translateCommand: touch move 614 1186
10-31 22:55:15.196 31715 31715 D MonkeyStub: translateCommand: touch move 614 1061
10-31 22:55:15.316 31715 31715 D MonkeyStub: translateCommand: touch move 614 937
10-31 22:55:15.431 31715 31715 D MonkeyStub: translateCommand: touch move 614 812
10-31 22:55:15.540 31715 31715 D MonkeyStub: translateCommand: touch move 614 687
10-31 22:55:15.653 31715 31715 D MonkeyStub: translateCommand: touch move 614 562
10-31 22:55:15.758 31715 31715 D MonkeyStub: translateCommand: touch move 614 437
10-31 22:55:15.876 31715 31715 D MonkeyStub: translateCommand: touch move 614 312
10-31 22:55:15.881 31715 31715 D MonkeyStub: translateCommand: touch up 614 312
10-31 22:55:20.031 31715 31715 D MonkeyStub: translateCommand: tap 139 85
10-31 22:55:20.337   787  1169 E AsyncOperation: serviceID=121, operation=GetLaunchDataOperation [CONTEXT service_id=259 ]
10-31 22:55:20.337   787  1169 E AsyncOperation: OperationException[Status{statusCode=Not an instant app, resolution=null}]
10-31 22:55:20.337   787  1169 E AsyncOperation: 	at aeay.a(:com.google.android.gms@203915020@20.39.15 (040406-335085812):20)
10-31 22:55:20.337   787  1169 E AsyncOperation: 	at aain.run(:com.google.android.gms@203915020@20.39.15 (040406-335085812):7)
10-31 22:55:20.337   787  1169 E AsyncOperation: 	at boex.run(:com.google.android.gms@203915020@20.39.15 (040406-335085812):2)
10-31 22:55:20.337   787  1169 E AsyncOperation: 	at sup.b(:com.google.android.gms@203915020@20.39.15 (040406-335085812):12)
10-31 22:55:20.337   787  1169 E AsyncOperation: 	at sup.run(:com.google.android.gms@203915020@20.39.15 (040406-335085812):7)
10-31 22:55:20.337   787  1169 E AsyncOperation: 	at java.util.concurrent.ThreadPoolExecutor.runWorker(ThreadPoolExecutor.java:1133)
10-31 22:55:20.337   787  1169 E AsyncOperation: 	at java.util.concurrent.ThreadPoolExecutor$Worker.run(ThreadPoolExecutor.java:607)
10-31 22:55:20.337   787  1169 E AsyncOperation: 	at tam.run(:com.google.android.gms@203915020@20.39.15 (040406-335085812):0)
10-31 22:55:20.337   787  1169 E AsyncOperation: 	at java.lang.Thread.run(Thread.java:761)
10-31 22:55:22.531   787 28590 W Icing   : isOptedInForAppHistory: empty Account Name encountered
10-31 22:55:22.538   787 28590 W Icing   : isOptedInForAppHistory: empty Account Name encountered
10-31 22:55:22.549   787 30980 W Icing   : isOptedInForAppHistory: empty Account Name encountered
10-31 22:55:24.051 31141 31141 I cr_tabmodel: Appending tabs being restored to metadata lists, 0, startingNormalCount: 2, startingIncognitoCount: 0
10-31 22:55:24.051 31141 31141 I cr_tabmodel: Serializing tab lists; counts: 2, 0
10-31 22:55:24.106   787  1716 W Icing   : isOptedInForAppHistory: empty Account Name encountered
10-31 22:55:24.120   787  1716 W Icing   : isOptedInForAppHistory: empty Account Name encountered
10-31 22:55:24.144   787 22927 W Icing   : isOptedInForAppHistory: empty Account Name encountered
10-31 22:55:28.222 31715 31715 D MonkeyStub: translateCommand: tap 993 1514
10-31 22:55:29.349 17650 18294 I Icing   : IndexChimeraService.getServiceInterface callingPackage=com.android.chrome componentName=null serviceId=36
10-31 22:55:29.365 17650 30132 W Icing   : No valid account for uploading user actions
10-31 22:55:29.387 17650 18294 I Icing   : IndexChimeraService.getServiceInterface callingPackage=com.google.android.gms componentName=null serviceId=30
10-31 22:55:29.471 17650 30132 I Icing   : Usage reports ok 3, Failed Usage reports 0, indexed 3, rejected 0
10-31 22:55:29.477 17650 30132 W Icing   : No valid account for uploading user actions
10-31 22:55:29.490 17650 30132 I Icing   : Usage reports ok 0, Failed Usage reports 0, indexed 0, rejected 0
10-31 22:55:29.492 17650 30132 I Icing   : Indexing com.android.chrome-internal.3p:WebPage from com.android.chrome using seqno 0
10-31 22:55:29.514 17650 30132 I Icing   : Indexing com.android.chrome-omnibox from com.android.chrome
10-31 22:55:29.550 17650 30132 I Icing   : Indexing done com.android.chrome-omnibox
10-31 22:55:30.545   787 28588 W Icing   : isOptedInForAppHistory: empty Account Name encountered
10-31 22:55:30.563   787 30730 W Icing   : isOptedInForAppHistory: empty Account Name encountered
10-31 22:55:32.267 31715 31715 D MonkeyStub: translateCommand: tap 1291 1873
10-31 22:55:34.344 31715 31715 D MonkeyStub: translateCommand: touch down 614 1561
10-31 22:55:34.351 31715 31715 D MonkeyStub: translateCommand: touch move 614 1561
10-31 22:55:34.463 31715 31715 D MonkeyStub: translateCommand: touch move 614 1436
10-31 22:55:34.580 31715 31715 D MonkeyStub: translateCommand: touch move 614 1311
10-31 22:55:34.687 31715 31715 D MonkeyStub: translateCommand: touch move 614 1186
10-31 22:55:34.799 31715 31715 D MonkeyStub: translateCommand: touch move 614 1061
10-31 22:55:34.931 31715 31715 D MonkeyStub: translateCommand: touch move 614 937
10-31 22:55:35.045 31715 31715 D MonkeyStub: translateCommand: touch move 614 812
10-31 22:55:35.165 31715 31715 D MonkeyStub: translateCommand: touch move 614 687
10-31 22:55:35.283 31715 31715 D MonkeyStub: translateCommand: touch move 614 562
10-31 22:55:35.443 31715 31715 D MonkeyStub: translateCommand: touch move 614 437
10-31 22:55:35.556 31715 31715 D MonkeyStub: translateCommand: touch move 614 312
10-31 22:55:35.673 31715 31715 D MonkeyStub: translateCommand: touch up 614 312
10-31 22:55:35.704 31715 31715 D MonkeyStub: translateCommand: touch down 614 1561
10-31 22:55:35.714 31715 31715 D MonkeyStub: translateCommand: touch move 614 1561
10-31 22:55:35.825 31715 31715 D MonkeyStub: translateCommand: touch move 614 1436
10-31 22:55:35.934 31715 31715 D MonkeyStub: translateCommand: touch move 614 1311
10-31 22:55:36.044 31715 31715 D MonkeyStub: translateCommand: touch move 614 1186
10-31 22:55:36.155 31715 31715 D MonkeyStub: translateCommand: touch move 614 1061
10-31 22:55:36.260 31715 31715 D MonkeyStub: translateCommand: touch move 614 937
10-31 22:55:36.366 31715 31715 D MonkeyStub: translateCommand: touch move 614 812
10-31 22:55:36.473 31715 31715 D MonkeyStub: translateCommand: touch move 614 687
10-31 22:55:36.496   600  3967 I ActivityManager: Start proc 31767:com.android.chrome:sandboxed_process22/u0i56 for service com.android.chrome/org.chromium.content.app.SandboxedProcessService22
10-31 22:55:36.546 31767 31767 W boxed_process22: type=1400 audit(0.0:15650): avc: denied { getattr } for path="/data/data/com.android.chrome" dev="dm-2" ino=12190 scontext=u:r:isolated_app:s0:c512,c768 tcontext=u:object_r:app_data_file:s0:c512,c768 tclass=dir permissive=0
10-31 22:55:36.572 31767 31767 I cr_ChildProcessService: Creating new ChildProcessService pid=31767
10-31 22:55:36.581 31715 31715 D MonkeyStub: translateCommand: touch move 614 562
10-31 22:55:36.624 31767 31780 I cr_LibraryLoader: Loaded native library version number "85.0.4183.127"
10-31 22:55:36.625 31767 31780 I cr_CachingUmaRecorder: Flushed 1 samples from 1 histograms.
10-31 22:55:36.643 31780 31780 W CrUtilityMain: type=1400 audit(0.0:15651): avc: denied { setattr } for name="LICENSE.txt" dev="dm-2" ino=43759 scontext=u:r:isolated_app:s0:c512,c768 tcontext=u:object_r:app_data_file:s0:c512,c768 tclass=file permissive=0
10-31 22:55:36.643 31780 31780 W CrUtilityMain: type=1400 audit(0.0:15652): avc: denied { setattr } for name=46696C746572696E672052756C6573 dev="dm-2" ino=39970 scontext=u:r:isolated_app:s0:c512,c768 tcontext=u:object_r:app_data_file:s0:c512,c768 tclass=file permissive=0
10-31 22:55:36.646 31780 31780 W CrUtilityMain: type=1400 audit(0.0:15653): avc: denied { setattr } for name="manifest.json" dev="dm-2" ino=19780 scontext=u:r:isolated_app:s0:c512,c768 tcontext=u:object_r:app_data_file:s0:c512,c768 tclass=file permissive=0
10-31 22:55:36.646 31780 31780 W CrUtilityMain: type=1400 audit(0.0:15654): avc: denied { setattr } for name="verified_contents.json" dev="dm-2" ino=18727 scontext=u:r:isolated_app:s0:c512,c768 tcontext=u:object_r:app_data_file:s0:c512,c768 tclass=file permissive=0
10-31 22:55:36.665 31767 31780 I chromium: [INFO:child_process_service.cc(69)] ChildProcessService: Exiting child process.
10-31 22:55:36.694 31715 31715 D MonkeyStub: translateCommand: touch move 614 437
10-31 22:55:36.758   600 13631 I ActivityManager: Process com.android.chrome:sandboxed_process22 (pid 31767) has died
10-31 22:55:36.758   600 13631 D ActivityManager: cleanUpApplicationRecord -- 31767
10-31 22:55:36.774 31141 31141 W chromium: [WARNING:compositor_view.cc(315)] Child process died (type=6) pid=31767)
10-31 22:55:36.835 31715 31715 D MonkeyStub: translateCommand: touch move 614 312
10-31 22:55:36.879 31715 31715 D MonkeyStub: translateCommand: touch up 614 312
10-31 22:55:37.213   600   647 I WifiHAL : Got channel list with 13 channels
10-31 22:55:37.213   600   647 I WifiHAL : Got channel list with 4 channels
10-31 22:55:37.214   600   647 I WifiHAL : Got channel list with 15 channels
10-31 22:55:37.262   600  6312 I ActivityManager: Start proc 31784:com.android.chrome:sandboxed_process23/u0i57 for service com.android.chrome/org.chromium.content.app.SandboxedProcessService23
10-31 22:55:37.344   787 30730 I NetworkScheduler.Stats: Task com.google.android.gms/com.google.android.gms.icing.service.IcingGcmTaskService started execution. cause:4 exec_start_elapsed_seconds: 205385 [CONTEXT service_id=218 ]
10-31 22:55:37.360 31784 31784 W boxed_process23: type=1400 audit(0.0:15655): avc: denied { getattr } for path="/data/data/com.android.chrome" dev="dm-2" ino=12190 scontext=u:r:isolated_app:s0:c512,c768 tcontext=u:object_r:app_data_file:s0:c512,c768 tclass=dir permissive=0
10-31 22:55:37.362   787 22927 I NetworkScheduler.Stats: Task com.google.android.gms/com.google.android.gms.icing.service.IcingGcmTaskService finished executing. cause:4 result: 1 elapsed_millis: 46 uptime_millis: 46 exec_start_elapsed_seconds: 205385 [CONTEXT service_id=218 ]
10-31 22:55:37.400 31784 31784 I cr_ChildProcessService: Creating new ChildProcessService pid=31784
10-31 22:55:37.462 31784 31797 I cr_LibraryLoader: Loaded native library version number "85.0.4183.127"
10-31 22:55:37.462 31784 31797 I cr_CachingUmaRecorder: Flushed 1 samples from 1 histograms.
10-31 22:55:37.487   600   609 I art     : Background partial concurrent mark sweep GC freed 99361(4MB) AllocSpace objects, 70(2MB) LOS objects, 33% free, 18MB/28MB, paused 6.674ms total 183.991ms
10-31 22:55:37.510 31797 31797 W CrUtilityMain: type=1400 audit(0.0:15656): avc: denied { setattr } for name="tl_en-us_2022-10-26_484799359_100000_index.bin" dev="dm-2" ino=57087 scontext=u:r:isolated_app:s0:c512,c768 tcontext=u:object_r:app_data_file:s0:c512,c768 tclass=file permissive=0
10-31 22:55:37.510 31797 31797 W CrUtilityMain: type=1400 audit(0.0:15657): avc: denied { setattr } for name="manifest.json" dev="dm-2" ino=59138 scontext=u:r:isolated_app:s0:c512,c768 tcontext=u:object_r:app_data_file:s0:c512,c768 tclass=file permissive=0
10-31 22:55:37.510 31797 31797 W CrUtilityMain: type=1400 audit(0.0:15658): avc: denied { setattr } for name="verified_contents.json" dev="dm-2" ino=58470 scontext=u:r:isolated_app:s0:c512,c768 tcontext=u:object_r:app_data_file:s0:c512,c768 tclass=file permissive=0
10-31 22:55:37.518 31784 31797 I chromium: [INFO:child_process_service.cc(69)] ChildProcessService: Exiting child process.
10-31 22:55:37.534   600  3675 I ActivityManager: Process com.android.chrome:sandboxed_process23 (pid 31784) has died
10-31 22:55:37.534   600  3675 D ActivityManager: cleanUpApplicationRecord -- 31784
10-31 22:55:37.535 31141 31141 W chromium: [WARNING:compositor_view.cc(315)] Child process died (type=6) pid=31784)
10-31 22:55:37.887   198   198 E SELinux : avc:  denied  { find } for service=netd pid=31803 uid=2000 scontext=u:r:shell:s0 tcontext=u:object_r:netd_service:s0 tclass=service_manager permissive=0
10-31 22:55:37.895   198   198 E SELinux : avc:  denied  { find } for service=android.service.gatekeeper.IGateKeeperService pid=31803 uid=2000 scontext=u:r:shell:s0 tcontext=u:object_r:gatekeeper_service:s0 tclass=service_manager permissive=0
10-31 22:55:38.528   600  2707 I ActivityManager: Start proc 31804:com.android.chrome:sandboxed_process24/u0i58 for service com.android.chrome/org.chromium.content.app.SandboxedProcessService24
10-31 22:55:38.583 31804 31804 W boxed_process24: type=1400 audit(0.0:15659): avc: denied { getattr } for path="/data/data/com.android.chrome" dev="dm-2" ino=12190 scontext=u:r:isolated_app:s0:c512,c768 tcontext=u:object_r:app_data_file:s0:c512,c768 tclass=dir permissive=0
10-31 22:55:38.603 31804 31804 I cr_ChildProcessService: Creating new ChildProcessService pid=31804
10-31 22:55:38.663 31804 31817 I cr_LibraryLoader: Loaded native library version number "85.0.4183.127"
10-31 22:55:38.663 31804 31817 I cr_CachingUmaRecorder: Flushed 1 samples from 1 histograms.
10-31 22:55:38.680 31817 31817 W CrUtilityMain: type=1400 audit(0.0:15660): avc: denied { setattr } for name="optimization-hints.pb" dev="dm-2" ino=23613 scontext=u:r:isolated_app:s0:c512,c768 tcontext=u:object_r:app_data_file:s0:c512,c768 tclass=file permissive=0
10-31 22:55:38.680 31817 31817 W CrUtilityMain: type=1400 audit(0.0:15661): avc: denied { setattr } for name="manifest.json" dev="dm-2" ino=56886 scontext=u:r:isolated_app:s0:c512,c768 tcontext=u:object_r:app_data_file:s0:c512,c768 tclass=file permissive=0
10-31 22:55:38.683 31817 31817 W CrUtilityMain: type=1400 audit(0.0:15662): avc: denied { setattr } for name="verified_contents.json" dev="dm-2" ino=60224 scontext=u:r:isolated_app:s0:c512,c768 tcontext=u:object_r:app_data_file:s0:c512,c768 tclass=file permissive=0
10-31 22:55:38.690 31804 31804 I cr_ChildProcessService: Destroying ChildProcessService pid=31804
10-31 22:55:38.691 31804 31817 I chromium: [INFO:child_process_service.cc(69)] ChildProcessService: Exiting child process.
10-31 22:55:38.718   600 22670 I ActivityManager: Process com.android.chrome:sandboxed_process24 (pid 31804) has died
10-31 22:55:38.718   600 22670 D ActivityManager: cleanUpApplicationRecord -- 31804
10-31 22:55:38.720 31141 31141 W chromium: [WARNING:compositor_view.cc(315)] Child process died (type=6) pid=31804)
10-31 22:55:38.722   600   615 W libprocessgroup: failed to kill pid 31804: No such process
10-31 22:55:39.983   600   610 I ActivityManager: Start proc 31823:com.android.chrome:sandboxed_process25/u0i59 for service com.android.chrome/org.chromium.content.app.SandboxedProcessService25
10-31 22:55:40.063 31823 31823 W boxed_process25: type=1400 audit(0.0:15663): avc: denied { getattr } for path="/data/data/com.android.chrome" dev="dm-2" ino=12190 scontext=u:r:isolated_app:s0:c512,c768 tcontext=u:object_r:app_data_file:s0:c512,c768 tclass=dir permissive=0
10-31 22:55:40.084 31823 31823 I cr_ChildProcessService: Creating new ChildProcessService pid=31823
10-31 22:55:40.124 31823 31836 I cr_LibraryLoader: Loaded native library version number "85.0.4183.127"
10-31 22:55:40.124 31823 31836 I cr_CachingUmaRecorder: Flushed 1 samples from 1 histograms.
10-31 22:55:40.136 31836 31836 W CrUtilityMain: type=1400 audit(0.0:15664): avc: denied { setattr } for name="crl-set" dev="dm-2" ino=58518 scontext=u:r:isolated_app:s0:c512,c768 tcontext=u:object_r:app_data_file:s0:c512,c768 tclass=file permissive=0
10-31 22:55:40.140 31836 31836 W CrUtilityMain: type=1400 audit(0.0:15665): avc: denied { setattr } for name="manifest.json" dev="dm-2" ino=57157 scontext=u:r:isolated_app:s0:c512,c768 tcontext=u:object_r:app_data_file:s0:c512,c768 tclass=file permissive=0
10-31 22:55:40.140 31836 31836 W CrUtilityMain: type=1400 audit(0.0:15666): avc: denied { setattr } for name="LICENSE" dev="dm-2" ino=58831 scontext=u:r:isolated_app:s0:c512,c768 tcontext=u:object_r:app_data_file:s0:c512,c768 tclass=file permissive=0
10-31 22:55:40.143 31836 31836 W CrUtilityMain: type=1400 audit(0.0:15667): avc: denied { setattr } for name="verified_contents.json" dev="dm-2" ino=50560 scontext=u:r:isolated_app:s0:c512,c768 tcontext=u:object_r:app_data_file:s0:c512,c768 tclass=file permissive=0
10-31 22:55:40.151 31823 31836 I chromium: [INFO:child_process_service.cc(69)] ChildProcessService: Exiting child process.
10-31 22:55:40.151 31823 31823 I cr_ChildProcessService: Destroying ChildProcessService pid=31823
10-31 22:55:40.170   600  3994 I ActivityManager: Process com.android.chrome:sandboxed_process25 (pid 31823) has died
10-31 22:55:40.170   600  3994 D ActivityManager: cleanUpApplicationRecord -- 31823
10-31 22:55:40.171 31141 31141 W chromium: [WARNING:compositor_view.cc(315)] Child process died (type=6) pid=31823)
10-31 22:55:41.696   600  3967 I ActivityManager: Start proc 31841:com.android.chrome:sandboxed_process26/u0i60 for service com.android.chrome/org.chromium.content.app.SandboxedProcessService26
10-31 22:55:41.740 31841 31841 W boxed_process26: type=1400 audit(0.0:15668): avc: denied { getattr } for path="/data/data/com.android.chrome" dev="dm-2" ino=12190 scontext=u:r:isolated_app:s0:c512,c768 tcontext=u:object_r:app_data_file:s0:c512,c768 tclass=dir permissive=0
10-31 22:55:41.763 31841 31841 I cr_ChildProcessService: Creating new ChildProcessService pid=31841
10-31 22:55:41.801 31841 31855 I cr_LibraryLoader: Loaded native library version number "85.0.4183.127"
10-31 22:55:41.802 31841 31855 I cr_CachingUmaRecorder: Flushed 1 samples from 1 histograms.
10-31 22:55:41.813 31855 31855 W CrUtilityMain: type=1400 audit(0.0:15669): avc: denied { setattr } for name="manifest.json" dev="dm-2" ino=59690 scontext=u:r:isolated_app:s0:c512,c768 tcontext=u:object_r:app_data_file:s0:c512,c768 tclass=file permissive=0
10-31 22:55:41.816 31855 31855 W CrUtilityMain: type=1400 audit(0.0:15670): avc: denied { setattr } for name="verified_contents.json" dev="dm-2" ino=34379 scontext=u:r:isolated_app:s0:c512,c768 tcontext=u:object_r:app_data_file:s0:c512,c768 tclass=file permissive=0
10-31 22:55:41.823 31841 31855 I chromium: [INFO:child_process_service.cc(69)] ChildProcessService: Exiting child process.
10-31 22:55:41.823 31841 31841 I cr_ChildProcessService: Destroying ChildProcessService pid=31841
10-31 22:55:41.850   600 25704 I ActivityManager: Process com.android.chrome:sandboxed_process26 (pid 31841) has died
10-31 22:55:41.850   600 25704 D ActivityManager: cleanUpApplicationRecord -- 31841
10-31 22:55:41.851 31141 31141 W chromium: [WARNING:compositor_view.cc(315)] Child process died (type=6) pid=31841)
10-31 22:55:41.923 31715 31715 D MonkeyStub: translateCommand: touch down 614 312
10-31 22:55:41.940 31715 31715 D MonkeyStub: translateCommand: touch move 614 312
10-31 22:55:42.055 31715 31715 D MonkeyStub: translateCommand: touch move 614 437
10-31 22:55:42.163 31715 31715 D MonkeyStub: translateCommand: touch move 614 562
10-31 22:55:42.268 31715 31715 D MonkeyStub: translateCommand: touch move 614 687
10-31 22:55:42.376 31715 31715 D MonkeyStub: translateCommand: touch move 614 812
10-31 22:55:42.485 31715 31715 D MonkeyStub: translateCommand: touch move 614 937
10-31 22:55:42.596 31715 31715 D MonkeyStub: translateCommand: touch move 614 1061
10-31 22:55:42.704 31715 31715 D MonkeyStub: translateCommand: touch move 614 1186
10-31 22:55:42.812 31715 31715 D MonkeyStub: translateCommand: touch move 614 1311
10-31 22:55:42.926 31715 31715 D MonkeyStub: translateCommand: touch move 614 1436
10-31 22:55:43.034 31715 31715 D MonkeyStub: translateCommand: touch move 614 1561
10-31 22:55:43.040 31715 31715 D MonkeyStub: translateCommand: touch up 614 1561
10-31 22:55:43.555   600   707 I ActivityManager: Start proc 31860:com.android.chrome:sandboxed_process27/u0i61 for service com.android.chrome/org.chromium.content.app.SandboxedProcessService27
10-31 22:55:43.610 31860 31860 W boxed_process27: type=1400 audit(0.0:15671): avc: denied { getattr } for path="/data/data/com.android.chrome" dev="dm-2" ino=12190 scontext=u:r:isolated_app:s0:c512,c768 tcontext=u:object_r:app_data_file:s0:c512,c768 tclass=dir permissive=0
10-31 22:55:43.639 31860 31860 I cr_ChildProcessService: Creating new ChildProcessService pid=31860
10-31 22:55:43.680 31860 31873 I cr_LibraryLoader: Loaded native library version number "85.0.4183.127"
10-31 22:55:43.680 31860 31873 I cr_CachingUmaRecorder: Flushed 1 samples from 1 histograms.
10-31 22:55:43.693 31873 31873 W CrUtilityMain: type=1400 audit(0.0:15672): avc: denied { setattr } for name="download_file_types.pb" dev="dm-2" ino=27715 scontext=u:r:isolated_app:s0:c512,c768 tcontext=u:object_r:app_data_file:s0:c512,c768 tclass=file permissive=0
10-31 22:55:43.693 31873 31873 W CrUtilityMain: type=1400 audit(0.0:15673): avc: denied { setattr } for name="manifest.json" dev="dm-2" ino=22596 scontext=u:r:isolated_app:s0:c512,c768 tcontext=u:object_r:app_data_file:s0:c512,c768 tclass=file permissive=0
10-31 22:55:43.696 31873 31873 W CrUtilityMain: type=1400 audit(0.0:15674): avc: denied { setattr } for name="verified_contents.json" dev="dm-2" ino=50731 scontext=u:r:isolated_app:s0:c512,c768 tcontext=u:object_r:app_data_file:s0:c512,c768 tclass=file permissive=0
10-31 22:55:43.705 31860 31873 I chromium: [INFO:child_process_service.cc(69)] ChildProcessService: Exiting child process.
10-31 22:55:43.706   197   197 E lowmemorykiller: Error writing /proc/31860/oom_score_adj; errno=22
10-31 22:55:43.728 31141 31141 W chromium: [WARNING:compositor_view.cc(315)] Child process died (type=6) pid=31860)
10-31 22:55:43.728   600  1081 I ActivityManager: Process com.android.chrome:sandboxed_process27 (pid 31860) has died
10-31 22:55:43.728   600  1081 D ActivityManager: cleanUpApplicationRecord -- 31860
10-31 22:55:45.231 31715 31715 D MonkeyStub: translateCommand: tap 758 273
10-31 22:55:45.449   787  1169 E AsyncOperation: serviceID=121, operation=GetLaunchDataOperation [CONTEXT service_id=259 ]
10-31 22:55:45.449   787  1169 E AsyncOperation: OperationException[Status{statusCode=Not an instant app, resolution=null}]
10-31 22:55:45.449   787  1169 E AsyncOperation: 	at aeay.a(:com.google.android.gms@203915020@20.39.15 (040406-335085812):20)
10-31 22:55:45.449   787  1169 E AsyncOperation: 	at aain.run(:com.google.android.gms@203915020@20.39.15 (040406-335085812):7)
10-31 22:55:45.449   787  1169 E AsyncOperation: 	at boex.run(:com.google.android.gms@203915020@20.39.15 (040406-335085812):2)
10-31 22:55:45.449   787  1169 E AsyncOperation: 	at sup.b(:com.google.android.gms@203915020@20.39.15 (040406-335085812):12)
10-31 22:55:45.449   787  1169 E AsyncOperation: 	at sup.run(:com.google.android.gms@203915020@20.39.15 (040406-335085812):7)
10-31 22:55:45.449   787  1169 E AsyncOperation: 	at java.util.concurrent.ThreadPoolExecutor.runWorker(ThreadPoolExecutor.java:1133)
10-31 22:55:45.449   787  1169 E AsyncOperation: 	at java.util.concurrent.ThreadPoolExecutor$Worker.run(ThreadPoolExecutor.java:607)
10-31 22:55:45.449   787  1169 E AsyncOperation: 	at tam.run(:com.google.android.gms@203915020@20.39.15 (040406-335085812):0)
10-31 22:55:45.449   787  1169 E AsyncOperation: 	at java.lang.Thread.run(Thread.java:761)
10-31 22:55:45.728   600  1079 I ActivityManager: Start proc 31880:com.android.chrome:sandboxed_process28/u0i62 for service com.android.chrome/org.chromium.content.app.SandboxedProcessService28
10-31 22:55:45.766 31880 31880 W boxed_process28: type=1400 audit(0.0:15675): avc: denied { getattr } for path="/data/data/com.android.chrome" dev="dm-2" ino=12190 scontext=u:r:isolated_app:s0:c512,c768 tcontext=u:object_r:app_data_file:s0:c512,c768 tclass=dir permissive=0
10-31 22:55:45.792 31880 31880 I cr_ChildProcessService: Creating new ChildProcessService pid=31880
10-31 22:55:45.846 31880 31893 I cr_LibraryLoader: Loaded native library version number "85.0.4183.127"
10-31 22:55:45.847 31880 31893 I cr_CachingUmaRecorder: Flushed 1 samples from 1 histograms.
10-31 22:55:45.870 31893 31893 W CrUtilityMain: type=1400 audit(0.0:15676): avc: denied { setattr } for name="ssl_error_assistant.pb" dev="dm-2" ino=65427 scontext=u:r:isolated_app:s0:c512,c768 tcontext=u:object_r:app_data_file:s0:c512,c768 tclass=file permissive=0
10-31 22:55:45.873 31893 31893 W CrUtilityMain: type=1400 audit(0.0:15677): avc: denied { setattr } for name="manifest.json" dev="dm-2" ino=41309 scontext=u:r:isolated_app:s0:c512,c768 tcontext=u:object_r:app_data_file:s0:c512,c768 tclass=file permissive=0
10-31 22:55:45.880 31893 31893 W CrUtilityMain: type=1400 audit(0.0:15678): avc: denied { setattr } for name="verified_contents.json" dev="dm-2" ino=40493 scontext=u:r:isolated_app:s0:c512,c768 tcontext=u:object_r:app_data_file:s0:c512,c768 tclass=file permissive=0
10-31 22:55:45.883 31880 31893 I chromium: [INFO:child_process_service.cc(69)] ChildProcessService: Exiting child process.
10-31 22:55:45.885   197   197 E lowmemorykiller: Error writing /proc/31880/oom_score_adj; errno=22
10-31 22:55:45.914   600  9614 I ActivityManager: Process com.android.chrome:sandboxed_process28 (pid 31880) has died
10-31 22:55:45.914   600  9614 D ActivityManager: cleanUpApplicationRecord -- 31880
10-31 22:55:45.920 31141 31141 W chromium: [WARNING:compositor_view.cc(315)] Child process died (type=6) pid=31880)
10-31 22:55:46.723   787 28596 W Icing   : isOptedInForAppHistory: empty Account Name encountered
10-31 22:55:46.736   787 28596 W Icing   : isOptedInForAppHistory: empty Account Name encountered
10-31 22:55:46.748   787 22927 W Icing   : isOptedInForAppHistory: empty Account Name encountered
10-31 22:55:47.115 31141 31141 I cr_tabmodel: Appending tabs being restored to metadata lists, 0, startingNormalCount: 2, startingIncognitoCount: 0
10-31 22:55:47.115 31141 31141 I cr_tabmodel: Serializing tab lists; counts: 2, 0
10-31 22:55:47.281 31715 31715 D MonkeyStub: translateCommand: tap 355 362
10-31 22:55:47.560   787  1169 E AsyncOperation: serviceID=121, operation=GetLaunchDataOperation [CONTEXT service_id=259 ]
10-31 22:55:47.560   787  1169 E AsyncOperation: OperationException[Status{statusCode=Not an instant app, resolution=null}]
10-31 22:55:47.560   787  1169 E AsyncOperation: 	at aeay.a(:com.google.android.gms@203915020@20.39.15 (040406-335085812):20)
10-31 22:55:47.560   787  1169 E AsyncOperation: 	at aain.run(:com.google.android.gms@203915020@20.39.15 (040406-335085812):7)
10-31 22:55:47.560   787  1169 E AsyncOperation: 	at boex.run(:com.google.android.gms@203915020@20.39.15 (040406-335085812):2)
10-31 22:55:47.560   787  1169 E AsyncOperation: 	at sup.b(:com.google.android.gms@203915020@20.39.15 (040406-335085812):12)
10-31 22:55:47.560   787  1169 E AsyncOperation: 	at sup.run(:com.google.android.gms@203915020@20.39.15 (040406-335085812):7)
10-31 22:55:47.560   787  1169 E AsyncOperation: 	at java.util.concurrent.ThreadPoolExecutor.runWorker(ThreadPoolExecutor.java:1133)
10-31 22:55:47.560   787  1169 E AsyncOperation: 	at java.util.concurrent.ThreadPoolExecutor$Worker.run(ThreadPoolExecutor.java:607)
10-31 22:55:47.560   787  1169 E AsyncOperation: 	at tam.run(:com.google.android.gms@203915020@20.39.15 (040406-335085812):0)
10-31 22:55:47.560   787  1169 E AsyncOperation: 	at java.lang.Thread.run(Thread.java:761)
10-31 22:55:47.947   787 28590 W Icing   : isOptedInForAppHistory: empty Account Name encountered
10-31 22:55:47.955   787 28590 W Icing   : isOptedInForAppHistory: empty Account Name encountered
10-31 22:55:47.989   787 30730 W Icing   : isOptedInForAppHistory: empty Account Name encountered
10-31 22:55:48.146   600  3675 I ActivityManager: Start proc 31901:com.android.chrome:sandboxed_process29/u0i63 for service com.android.chrome/org.chromium.content.app.SandboxedProcessService29
10-31 22:55:48.186 31901 31901 W boxed_process29: type=1400 audit(0.0:15679): avc: denied { getattr } for path="/data/data/com.android.chrome" dev="dm-2" ino=12190 scontext=u:r:isolated_app:s0:c512,c768 tcontext=u:object_r:app_data_file:s0:c512,c768 tclass=dir permissive=0
10-31 22:55:48.211 31901 31901 I cr_ChildProcessService: Creating new ChildProcessService pid=31901
10-31 22:55:48.274 31901 31914 I cr_LibraryLoader: Loaded native library version number "85.0.4183.127"
10-31 22:55:48.274 31901 31914 I cr_CachingUmaRecorder: Flushed 1 samples from 1 histograms.
10-31 22:55:48.296 31914 31914 W CrUtilityMain: type=1400 audit(0.0:15680): avc: denied { setattr } for name="safety_tips.pb" dev="dm-2" ino=23957 scontext=u:r:isolated_app:s0:c512,c768 tcontext=u:object_r:app_data_file:s0:c512,c768 tclass=file permissive=0
10-31 22:55:48.296 31914 31914 W CrUtilityMain: type=1400 audit(0.0:15681): avc: denied { setattr } for name="manifest.json" dev="dm-2" ino=61536 scontext=u:r:isolated_app:s0:c512,c768 tcontext=u:object_r:app_data_file:s0:c512,c768 tclass=file permissive=0
10-31 22:55:48.300 31914 31914 W CrUtilityMain: type=1400 audit(0.0:15682): avc: denied { setattr } for name="verified_contents.json" dev="dm-2" ino=45938 scontext=u:r:isolated_app:s0:c512,c768 tcontext=u:object_r:app_data_file:s0:c512,c768 tclass=file permissive=0
10-31 22:55:48.326 31901 31901 I cr_ChildProcessService: Destroying ChildProcessService pid=31901
10-31 22:55:48.327 31901 31914 I chromium: [INFO:child_process_service.cc(69)] ChildProcessService: Exiting child process.
10-31 22:55:48.373   600  7064 I ActivityManager: Process com.android.chrome:sandboxed_process29 (pid 31901) has died
10-31 22:55:48.373   600  7064 D ActivityManager: cleanUpApplicationRecord -- 31901
10-31 22:55:48.382 31141 31141 W chromium: [WARNING:compositor_view.cc(315)] Child process died (type=6) pid=31901)
10-31 22:55:49.861   787 28588 W Icing   : isOptedInForAppHistory: empty Account Name encountered
10-31 22:55:49.909   787 28588 W Icing   : isOptedInForAppHistory: empty Account Name encountered
10-31 22:55:49.915   787 30980 W Icing   : isOptedInForAppHistory: empty Account Name encountered
