11-01 09:16:51.206   196   196 E lowmemorykiller: Error writing /proc/10468/oom_score_adj; errno=22
11-01 09:16:51.229  9710  9710 W chromium: [WARNING:compositor_view.cc(315)] Child process died (type=6) pid=10468)
11-01 09:16:51.229   600   610 I ActivityManager: Process com.android.chrome:sandboxed_process28 (pid 10468) has died
11-01 09:16:51.229   600   610 D ActivityManager: cleanUpApplicationRecord -- 10468
11-01 09:16:51.801   780  1660 W Icing   : isOptedInForAppHistory: empty Account Name encountered
11-01 09:16:51.809   780  1660 W Icing   : isOptedInForAppHistory: empty Account Name encountered
11-01 09:16:51.821   780  6368 W Icing   : isOptedInForAppHistory: empty Account Name encountered
11-01 09:16:52.257  9710  9710 I cr_tabmodel: Appending tabs being restored to metadata lists, 0, startingNormalCount: 2, startingIncognitoCount: 0
11-01 09:16:52.257  9710  9710 I cr_tabmodel: Serializing tab lists; counts: 2, 0
11-01 09:16:53.243   780  1598 W Icing   : isOptedInForAppHistory: empty Account Name encountered
11-01 09:16:53.254   780  1598 W Icing   : isOptedInForAppHistory: empty Account Name encountered
11-01 09:16:53.263   780  8514 W Icing   : isOptedInForAppHistory: empty Account Name encountered
11-01 09:16:53.918   600   711 I ActivityManager: Start proc 10488:com.android.chrome:sandboxed_process29/u0i95 for service com.android.chrome/org.chromium.content.app.SandboxedProcessService29
11-01 09:16:53.990 10488 10488 W boxed_process29: type=1400 audit(0.0:225): avc: denied { getattr } for path="/data/data/com.android.chrome" dev="dm-2" ino=12190 scontext=u:r:isolated_app:s0:c512,c768 tcontext=u:object_r:app_data_file:s0:c512,c768 tclass=dir permissive=0
11-01 09:16:54.024 10488 10488 I cr_ChildProcessService: Creating new ChildProcessService pid=10488
11-01 09:16:54.091 10488 10501 I cr_LibraryLoader: Loaded native library version number "85.0.4183.127"
11-01 09:16:54.091 10488 10501 I cr_CachingUmaRecorder: Flushed 1 samples from 1 histograms.
11-01 09:16:54.110 10501 10501 W CrUtilityMain: type=1400 audit(0.0:226): avc: denied { setattr } for name="tls_deprecation_config.pb" dev="dm-2" ino=26471 scontext=u:r:isolated_app:s0:c512,c768 tcontext=u:object_r:app_data_file:s0:c512,c768 tclass=file permissive=0
11-01 09:16:54.113 10501 10501 W CrUtilityMain: type=1400 audit(0.0:227): avc: denied { setattr } for name="manifest.json" dev="dm-2" ino=26626 scontext=u:r:isolated_app:s0:c512,c768 tcontext=u:object_r:app_data_file:s0:c512,c768 tclass=file permissive=0
11-01 09:16:54.117 10501 10501 W CrUtilityMain: type=1400 audit(0.0:228): avc: denied { setattr } for name="verified_contents.json" dev="dm-2" ino=26808 scontext=u:r:isolated_app:s0:c512,c768 tcontext=u:object_r:app_data_file:s0:c512,c768 tclass=file permissive=0
11-01 09:16:54.128 10488 10501 I chromium: [INFO:child_process_service.cc(69)] ChildProcessService: Exiting child process.
11-01 09:16:54.157   600  2583 I ActivityManager: Process com.android.chrome:sandboxed_process29 (pid 10488) has died
11-01 09:16:54.158   600  2583 D ActivityManager: cleanUpApplicationRecord -- 10488
11-01 09:16:54.158  9710  9710 W chromium: [WARNING:compositor_view.cc(315)] Child process died (type=6) pid=10488)
11-01 09:16:57.593 10265 10265 D MonkeyStub: translateCommand: touch down 614 1561
11-01 09:16:57.604 10265 10265 D MonkeyStub: translateCommand: touch move 614 1561
11-01 09:16:57.731 10265 10265 D MonkeyStub: translateCommand: touch move 614 1436
11-01 09:16:57.849 10265 10265 D MonkeyStub: translateCommand: touch move 614 1311
11-01 09:16:57.964 10265 10265 D MonkeyStub: translateCommand: touch move 614 1186
11-01 09:16:58.073 10265 10265 D MonkeyStub: translateCommand: touch move 614 1061
11-01 09:16:58.184 10265 10265 D MonkeyStub: translateCommand: touch move 614 937
11-01 09:16:58.292 10265 10265 D MonkeyStub: translateCommand: touch move 614 812
11-01 09:16:58.401 10265 10265 D MonkeyStub: translateCommand: touch move 614 687
11-01 09:16:58.508 10265 10265 D MonkeyStub: translateCommand: touch move 614 562
11-01 09:16:58.618 10265 10265 D MonkeyStub: translateCommand: touch move 614 437
11-01 09:16:58.727 10265 10265 D MonkeyStub: translateCommand: touch move 614 312
11-01 09:16:58.733 10265 10265 D MonkeyStub: translateCommand: touch up 614 312
11-01 09:16:58.768 10265 10265 D MonkeyStub: translateCommand: touch down 614 1561
11-01 09:16:58.774 10265 10265 D MonkeyStub: translateCommand: touch move 614 1561
11-01 09:16:58.885 10265 10265 D MonkeyStub: translateCommand: touch move 614 1436
11-01 09:16:58.995 10265 10265 D MonkeyStub: translateCommand: touch move 614 1311
11-01 09:16:59.103 10265 10265 D MonkeyStub: translateCommand: touch move 614 1186
11-01 09:16:59.211 10265 10265 D MonkeyStub: translateCommand: touch move 614 1061
11-01 09:16:59.329 10265 10265 D MonkeyStub: translateCommand: touch move 614 937
11-01 09:16:59.441 10265 10265 D MonkeyStub: translateCommand: touch move 614 812
11-01 09:16:59.553 10265 10265 D MonkeyStub: translateCommand: touch move 614 687
11-01 09:16:59.672 10265 10265 D MonkeyStub: translateCommand: touch move 614 562
11-01 09:16:59.785 10265 10265 D MonkeyStub: translateCommand: touch move 614 437
11-01 09:16:59.901 10265 10265 D MonkeyStub: translateCommand: touch move 614 312
11-01 09:16:59.907 10265 10265 D MonkeyStub: translateCommand: touch up 614 312
11-01 09:17:05.171 10265 10265 D MonkeyStub: translateCommand: touch down 614 1561
11-01 09:17:05.178 10265 10265 D MonkeyStub: translateCommand: touch move 614 1561
11-01 09:17:05.285 10265 10265 D MonkeyStub: translateCommand: touch move 614 1436
11-01 09:17:05.389 10265 10265 D MonkeyStub: translateCommand: touch move 614 1311
11-01 09:17:05.501 10265 10265 D MonkeyStub: translateCommand: touch move 614 1186
11-01 09:17:05.612 10265 10265 D MonkeyStub: translateCommand: touch move 614 1061
11-01 09:17:05.722 10265 10265 D MonkeyStub: translateCommand: touch move 614 937
11-01 09:17:05.837 10265 10265 D MonkeyStub: translateCommand: touch move 614 812
11-01 09:17:05.947 10265 10265 D MonkeyStub: translateCommand: touch move 614 687
11-01 09:17:06.055 10265 10265 D MonkeyStub: translateCommand: touch move 614 562
11-01 09:17:06.161 10265 10265 D MonkeyStub: translateCommand: touch move 614 437
11-01 09:17:06.270 10265 10265 D MonkeyStub: translateCommand: touch move 614 312
11-01 09:17:06.274 10265 10265 D MonkeyStub: translateCommand: touch up 614 312
11-01 09:17:06.286 10265 10265 D MonkeyStub: Quit requested
11-01 09:17:06.305 10265 10265 I art     : System.exit called, status: 114
11-01 09:17:06.305 10265 10265 I AndroidRuntime: VM exiting with result code 114.
11-01 09:17:06.307   600   614 I CwMcuSensor: CwMcuSensor::flush: fd = 195, sensors_id = 0, path = /sys/class/htc_sensorhub/sensor_hub/flush, err = 0
11-01 09:17:06.345   600  2477 W WindowManager: Attempted to remove non-existing token: android.os.Binder@a604d7e
11-01 09:17:17.524  1260  1832 I Icing   : IndexChimeraService.getServiceInterface callingPackage=com.android.chrome componentName=null serviceId=36
11-01 09:17:17.548  1260 10236 W Icing   : No valid account for uploading user actions
11-01 09:17:17.603  1260  1832 I Icing   : IndexChimeraService.getServiceInterface callingPackage=com.google.android.gms componentName=null serviceId=30
11-01 09:17:17.653  1260 10236 I Icing   : Usage reports ok 5, Failed Usage reports 0, indexed 4, rejected 0
11-01 09:17:17.656  1260 10236 W Icing   : No valid account for uploading user actions
11-01 09:17:17.664  1260 10236 I Icing   : Usage reports ok 0, Failed Usage reports 0, indexed 0, rejected 0
11-01 09:17:17.665  1260 10236 I Icing   : Indexing com.android.chrome-internal.3p:WebPage from com.android.chrome using seqno 0
11-01 09:17:17.668  1260 10236 I Icing   : Indexing com.android.chrome-internal.3p:WebPage from com.android.chrome using seqno 0
11-01 09:17:17.679  1260 10236 I Icing   : Indexing com.android.chrome-omnibox from com.android.chrome
11-01 09:17:17.705  1260 10236 I Icing   : Indexing done com.android.chrome-omnibox
11-01 09:17:18.705   780  1187 W Icing   : isOptedInForAppHistory: empty Account Name encountered
11-01 09:17:18.739   780  6368 W Icing   : isOptedInForAppHistory: empty Account Name encountered
11-01 09:17:19.771   780  6368 I NetworkScheduler.Stats: Task com.google.android.gms/com.google.android.gms.icing.service.IcingGcmTaskService started execution. cause:4 exec_start_elapsed_seconds: 3329 [CONTEXT service_id=218 ]
11-01 09:17:19.780   780  6368 I NetworkScheduler.Stats: Task com.google.android.gms/com.google.android.gms.icing.service.IcingGcmTaskService finished executing. cause:4 result: 1 elapsed_millis: 31 uptime_millis: 32 exec_start_elapsed_seconds: 3329 [CONTEXT service_id=218 ]
11-01 09:17:22.415 10522 10522 D AndroidRuntime: >>>>>> START com.android.internal.os.RuntimeInit uid 2000 <<<<<<
11-01 09:17:22.419 10522 10522 D AndroidRuntime: CheckJNI is OFF
11-01 09:17:22.483 10522 10522 D ICU     : No timezone override file found: /data/misc/zoneinfo/current/icu/icu_tzdata.dat
11-01 09:17:22.512 10522 10522 I Radio-JNI: register_android_hardware_Radio DONE
11-01 09:17:22.527 10522 10522 D AndroidRuntime: Calling main entry com.android.commands.am.Am
11-01 09:17:22.544   600  2477 I ActivityManager: Force stopping com.android.chrome appid=10035 user=0: from pid 10522
11-01 09:17:22.544   600  2477 I ActivityManager: Killing 9772:com.android.chrome:privileged_process0/u0a35 (adj 0): stop com.android.chrome
11-01 09:17:22.544   600  2477 D ActivityManager: cleanUpApplicationRecord -- 9772
11-01 09:17:22.544   600  2477 W ActivityManager: Scheduling restart of crashed service com.android.chrome/org.chromium.content.app.PrivilegedProcessService0 in 1000ms
11-01 09:17:22.544   600  2477 I ActivityManager: Killing 9710:com.android.chrome/u0a35 (adj 0): stop com.android.chrome
11-01 09:17:22.544   600  2477 D ActivityManager: cleanUpApplicationRecord -- 9710
11-01 09:17:22.547   600  2477 W ActivityManager: Force removing ActivityRecord{88f3ee2 u0 com.android.chrome/com.google.android.apps.chrome.Main t1119}: app died, no saved state
11-01 09:17:22.558   600  2477 I ActivityManager: Killing 10028:com.android.chrome:sandboxed_process9/u0a35i75 (adj 0): isolated not needed
11-01 09:17:22.558   600  2477 I ActivityManager: Killing 9746:com.android.chrome:sandboxed_process0/u0a35i66 (adj 0): isolated not needed
11-01 09:17:22.574 10522 10522 D AndroidRuntime: Shutting down VM
11-01 09:17:22.596   600   611 D ConnectivityService: ConnectivityService NetworkRequestInfo binderDied(NetworkRequest [ LISTEN id=41, [ Capabilities: INTERNET&NOT_RESTRICTED&TRUSTED&FOREGROUND] ], android.os.BinderProxy@7a3a347)
11-01 09:17:22.596   600  2482 D ConnectivityService: ConnectivityService NetworkRequestInfo binderDied(NetworkRequest [ LISTEN id=40, [ Capabilities: INTERNET&NOT_RESTRICTED&TRUSTED&FOREGROUND] ], android.os.BinderProxy@c565774)
11-01 09:17:22.596   600  5103 D ConnectivityService: ConnectivityService NetworkRequestInfo binderDied(NetworkRequest [ LISTEN id=39, [ Capabilities: INTERNET&NOT_RESTRICTED&TRUSTED&FOREGROUND] ], android.os.BinderProxy@720c49d)
11-01 09:17:22.596   600  2482 D ConnectivityService: ConnectivityService NetworkRequestInfo binderDied(NetworkRequest [ LISTEN id=38, [ Capabilities: INTERNET&NOT_RESTRICTED&TRUSTED&FOREGROUND] ], android.os.BinderProxy@349bd12)
11-01 09:17:22.596   600  2482 D GraphicsStats: Buffer count: 2
11-01 09:17:22.597   600   649 E ConnectivityService: RemoteException caught trying to send a callback msg for NetworkRequest [ LISTEN id=40, [ Capabilities: INTERNET&NOT_RESTRICTED&TRUSTED&FOREGROUND] ]
11-01 09:17:22.598   600   649 E ConnectivityService: RemoteException caught trying to send a callback msg for NetworkRequest [ LISTEN id=39, [ Capabilities: INTERNET&NOT_RESTRICTED&TRUSTED&FOREGROUND] ]
11-01 09:17:22.598   600   649 E ConnectivityService: RemoteException caught trying to send a callback msg for NetworkRequest [ LISTEN id=38, [ Capabilities: INTERNET&NOT_RESTRICTED&TRUSTED&FOREGROUND] ]
11-01 09:17:22.600   600   649 E ConnectivityService: RemoteException caught trying to send a callback msg for NetworkRequest [ LISTEN id=41, [ Capabilities: INTERNET&NOT_RESTRICTED&TRUSTED&FOREGROUND] ]
11-01 09:17:22.605  1068  1163 I OpenGLRenderer: Initialized EGL, version 1.4
11-01 09:17:22.605  1068  1163 D OpenGLRenderer: Swap behavior 2
11-01 09:17:22.650  1053  1053 D RegisteredNfcFServicesCache: Service unchanged, not updating
11-01 09:17:22.737  2179  2191 I AttachedClient: Adding client event 2 to pending list.
11-01 09:17:22.748  2179  2179 I OptInState: There is a new client and it does not support opt-in. Dropping request.
11-01 09:17:22.751  2179  2179 I MicroDetectionWorker: Micro detection mode: [mDetectionMode: [1]].
11-01 09:17:22.765  2179 10537 I MicroRecognitionRunner: Starting detection.
11-01 09:17:22.767  2179  3562 I MicrophoneInputStream: mic_starting com.google.android.apps.gsa.speech.audio.ae@2dae7d
11-01 09:17:22.772   237   284 I SoundTriggerHwService::Module: void android::SoundTriggerHwService::Module::onCallbackEvent(const sp<android::SoundTriggerHwService::CallbackEvent> &) mClient == 0
11-01 09:17:22.785   237 10539 I AudioFlinger: AudioFlinger's thread 0xe8d124c0 ready to run
11-01 09:17:22.788  2179  3562 I MicrophoneInputStream: mic_started com.google.android.apps.gsa.speech.audio.ae@2dae7d
11-01 09:17:22.872   600  2583 D ActivityManager: cleanUpApplicationRecord -- 9746
11-01 09:17:22.876   600  1917 D ActivityManager: cleanUpApplicationRecord -- 10028
11-01 09:17:22.964  2179  2179 I MicroDetectionWorker: onReady
11-01 09:17:23.114 10532 10532 D AndroidRuntime: >>>>>> START com.android.internal.os.RuntimeInit uid 2000 <<<<<<
11-01 09:17:23.118 10532 10532 D AndroidRuntime: CheckJNI is OFF
11-01 09:17:23.144  1068  1163 W OpenGLRenderer: Incorrectly called buildLayer on View: ShortcutAndWidgetContainer, destroying layer...
11-01 09:17:23.187 10532 10532 D ICU     : No timezone override file found: /data/misc/zoneinfo/current/icu/icu_tzdata.dat
11-01 09:17:23.215 10532 10532 I Radio-JNI: register_android_hardware_Radio DONE
11-01 09:17:23.230 10532 10532 D AndroidRuntime: Calling main entry com.android.commands.pm.Pm
11-01 09:17:23.244   600  2483 I ActivityManager: Force stopping com.android.chrome appid=10035 user=0: clear data
11-01 09:17:23.246   600   613 I ActivityManager: Force stopping com.android.chrome appid=10035 user=-1: clearApplicationUserData
11-01 09:17:23.289   780   780 I GeofencerStateMachine: removeGeofences: removeRequest=RemoveGeofencingRequest[REMOVE_ALL packageName=com.android.chrome]
11-01 09:17:23.292 10532 10532 I art     : System.exit called, status: 0
11-01 09:17:23.292 10532 10532 I AndroidRuntime: VM exiting with result code 0.
11-01 09:17:23.301  1053  1053 D RegisteredNfcFServicesCache: Service unchanged, not updating
11-01 09:17:23.304   600   612 W ResourceType: No known package when getting value for resource number 0x7f080316
11-01 09:17:23.304   600   612 W ResourceType: No known package when getting value for resource number 0x7f130448
11-01 09:17:23.304   600   612 W ResourceType: No known package when getting value for resource number 0x7f080315
11-01 09:17:23.304   600   612 W ResourceType: No known package when getting value for resource number 0x7f130123
11-01 09:17:23.304   600   612 W ResourceType: No known package when getting value for resource number 0x7f130447
11-01 09:17:23.304   600   612 W ResourceType: No known package when getting value for resource number 0x7f1302e4
11-01 09:17:23.304   600   612 E ShortcutService: Ignoring excessive intent tag.
11-01 09:17:23.328   780 10553 I Fitness : FitCleanupIntentOperation received Intent android.intent.action.PACKAGE_DATA_CLEARED [CONTEXT service_id=17 ]
11-01 09:17:23.337  1260 10236 I Icing   : doRemovePackageData com.android.chrome
11-01 09:17:23.337  1260 10236 I Icing   : Removing corpus key com.android.chrome-.implicit: for package com.android.chrome
11-01 09:17:23.404  1260 10236 I native  : flash-index.cc:1519 Flash index sort hb 123 prefix-hits 278 -> 246 at 23.096ms
11-01 09:17:23.436  1260 10236 I Icing   : Removing corpus key com.android.chrome-omnibox for package com.android.chrome
11-01 09:17:23.463  1260 10236 I Icing   : Removing corpus key com.android.chrome-internal.3p:WebPage for package com.android.chrome
11-01 09:17:23.519  1260 10236 I Icing   : Starting compaction min disk 99.929% min index 99.990%
11-01 09:17:23.689  1260 10236 I native  : document-store.cc:1654 Scored 2688 usage reports, missing_corpora 1467 update_failed 1
11-01 09:17:23.721  1260 10236 W native  : words-map.cc:30 INVALID_ARGUMENT: Empty URI
11-01 09:17:23.721  1260 10236 W native  : words-map.cc:34 WordsMap was not properly initialized
11-01 09:17:23.804  1260 10236 E native  : compactor.cc:67 Could not index embedding for docid 1: INTERNAL: Unable to find Thing Proto section 
11-01 09:17:23.804  1260 10236 E native  : compactor.cc:67 Could not index embedding for docid 3: INTERNAL: Unable to find Thing Proto section 
11-01 09:17:23.805  1260 10236 E native  : compactor.cc:67 Could not index embedding for docid 5: INTERNAL: Unable to find Thing Proto section 
11-01 09:17:23.805  1260 10236 E native  : compactor.cc:67 Could not index embedding for docid 7: INTERNAL: Unable to find Thing Proto section 
11-01 09:17:23.810  1260 10236 E native  : compactor.cc:67 Could not index embedding for docid 8: INTERNAL: Unable to find Thing Proto section 
11-01 09:17:23.810  1260 10236 E native  : compactor.cc:67 Could not index embedding for docid 10: INTERNAL: Unable to find Thing Proto section 
11-01 09:17:23.810  1260 10236 E native  : compactor.cc:67 Could not index embedding for docid 11: INTERNAL: Unable to find Thing Proto section 
11-01 09:17:23.811  1260 10236 E native  : compactor.cc:67 Could not index embedding for docid 13: INTERNAL: Unable to find Thing Proto section 
11-01 09:17:23.811  1260 10236 E native  : compactor.cc:67 Could not index embedding for docid 14: INTERNAL: Unable to find Thing Proto section 
11-01 09:17:23.816  1260 10236 E native  : compactor.cc:67 Could not index embedding for docid 17: INTERNAL: Unable to find Thing Proto section 
11-01 09:17:23.816  1260 10236 E native  : compactor.cc:67 Could not index embedding for docid 18: INTERNAL: Unable to find Thing Proto section 
11-01 09:17:23.817  1260 10236 E native  : compactor.cc:67 Could not index embedding for docid 21: INTERNAL: Unable to find Thing Proto section 
11-01 09:17:23.817  1260 10236 E native  : compactor.cc:67 Could not index embedding for docid 22: INTERNAL: Unable to find Thing Proto section 
11-01 09:17:23.822  1260 10236 E native  : compactor.cc:67 Could not index embedding for docid 26: INTERNAL: Unable to find Thing Proto section 
11-01 09:17:23.822  1260 10236 E native  : compactor.cc:67 Could not index embedding for docid 27: INTERNAL: Unable to find Thing Proto section 
11-01 09:17:23.871  1260 10236 I native  : flash-index.cc:1519 Flash index sort hb 34 prefix-hits 54 -> 54 at 32.850ms
11-01 09:17:23.902  1260 10236 W native  : words-map.cc:30 INVALID_ARGUMENT: Empty URI
11-01 09:17:23.902  1260 10236 W native  : words-map.cc:34 WordsMap was not properly initialized
11-01 09:17:23.989  1260 10236 I Icing   : updateResources: need to parse acol{com.android.chrome}
11-01 09:17:24.052  1260 10236 I Icing   : Indexing com.android.chrome-omnibox from com.android.chrome
11-01 09:17:24.065   600  1917 I ActivityManager: Start proc 10566:com.android.chrome/u0a35 for content provider com.android.chrome/com.google.android.apps.chrome.icing.IcingProvider
11-01 09:17:24.191  1260 10236 I Icing   : Indexing done com.android.chrome-omnibox
