--------- beginning of main
10-31 23:55:22.381 15500 15500 D AndroidRuntime: >>>>>> START com.android.internal.os.RuntimeInit uid 2000 <<<<<<
10-31 23:55:22.385 15500 15500 D AndroidRuntime: CheckJNI is OFF
10-31 23:55:22.449 15500 15500 D ICU     : No timezone override file found: /data/misc/zoneinfo/current/icu/icu_tzdata.dat
10-31 23:55:22.478 15500 15500 I Radio-JNI: register_android_hardware_Radio DONE
10-31 23:55:22.492 15500 15500 D AndroidRuntime: Calling main entry com.android.commands.am.Am
--------- beginning of system
10-31 23:55:22.510   600  1079 I ActivityManager: Force stopping com.opera.browser appid=10122 user=0: from pid 15500
10-31 23:55:22.515  1061  1061 W ResourceType: ResTable_typeSpec entry count inconsistent: given 67, previously 69
10-31 23:55:22.515  1061  1061 W ResourceType: ResTable_typeSpec entry count inconsistent: given 5346, previously 5347
10-31 23:55:22.523  1061  1061 D RegisteredNfcFServicesCache: Service unchanged, not updating
10-31 23:55:22.766   600  1081 I ActivityManager: START u0 {act=android.intent.action.VIEW flg=0x10008000 cmp=com.opera.browser/com.opera.Opera} from uid 2000 on display 0
10-31 23:55:22.795 15500 15500 D AndroidRuntime: Shutting down VM
10-31 23:55:22.840   600  6312 I ActivityManager: Start proc 15510:com.opera.browser/u0a122 for activity com.opera.browser/com.opera.Opera
10-31 23:55:22.904 15510 15510 I art     : Starting a blocking GC AddRemoveAppImageSpace
10-31 23:55:22.924 15510 15510 I LoadedApk: No resource references to update in package com.opera.browser.nord_vpn
10-31 23:55:23.007 15510 15520 I art     : Background sticky concurrent mark sweep GC freed 7621(397KB) AllocSpace objects, 1(20KB) LOS objects, 26% free, 3MB/4MB, paused 5.311ms total 42.041ms
10-31 23:55:23.017 15510 15510 I art     : Rejecting re-init on previously-failed class java.lang.Class<com.opera.android.job.a$j>: java.lang.NoClassDefFoundError: Failed resolution of: Landroid/app/job/JobServiceEngine;
10-31 23:55:23.018 15510 15510 I art     :   at void com.opera.android.OperaApplication.onCreate() (SourceFile:52)
10-31 23:55:23.018 15510 15510 I art     :   at void android.app.Instrumentation.callApplicationOnCreate(android.app.Application) (Instrumentation.java:1024)
10-31 23:55:23.018 15510 15510 I art     :   at void android.app.ActivityThread.handleBindApplication(android.app.ActivityThread$AppBindData) (ActivityThread.java:5403)
10-31 23:55:23.018 15510 15510 I art     :   at void android.app.ActivityThread.-wrap2(android.app.ActivityThread, android.app.ActivityThread$AppBindData) (ActivityThread.java:-1)
10-31 23:55:23.018 15510 15510 I art     :   at void android.app.ActivityThread$H.handleMessage(android.os.Message) (ActivityThread.java:1545)
10-31 23:55:23.018 15510 15510 I art     :   at void android.os.Handler.dispatchMessage(android.os.Message) (Handler.java:102)
10-31 23:55:23.018 15510 15510 I art     :   at void android.os.Looper.loop() (Looper.java:154)
10-31 23:55:23.018 15510 15510 I art     :   at void android.app.ActivityThread.main(java.lang.String[]) (ActivityThread.java:6119)
10-31 23:55:23.019 15510 15510 I art     :   at java.lang.Object java.lang.reflect.Method.invoke!(java.lang.Object, java.lang.Object[]) (Method.java:-2)
10-31 23:55:23.019 15510 15510 I art     :   at void com.android.internal.os.ZygoteInit$MethodAndArgsCaller.run() (ZygoteInit.java:886)
10-31 23:55:23.019 15510 15510 I art     :   at void com.android.internal.os.ZygoteInit.main(java.lang.String[]) (ZygoteInit.java:776)
10-31 23:55:23.019 15510 15510 I art     : Caused by: java.lang.ClassNotFoundException: Didn't find class "android.app.job.JobServiceEngine" on path: DexPathList[[zip file "/data/app/com.opera.browser-1/base.apk"],nativeLibraryDirectories=[/data/app/com.opera.browser-1/lib/arm, /data/app/com.opera.browser-1/base.apk!/lib/armeabi-v7a, /system/lib, /vendor/lib]]
10-31 23:55:23.019 15510 15510 I art     :   at java.lang.Class dalvik.system.BaseDexClassLoader.findClass(java.lang.String) (BaseDexClassLoader.java:56)
10-31 23:55:23.019 15510 15510 I art     :   at java.lang.Class java.lang.ClassLoader.loadClass(java.lang.String, boolean) (ClassLoader.java:380)
10-31 23:55:23.019 15510 15510 I art     :   at java.lang.Class java.lang.ClassLoader.loadClass(java.lang.String) (ClassLoader.java:312)
10-31 23:55:23.019 15510 15510 I art     :   at void com.opera.android.OperaApplication.onCreate() (SourceFile:52)
10-31 23:55:23.019 15510 15510 I art     :   at void android.app.Instrumentation.callApplicationOnCreate(android.app.Application) (Instrumentation.java:1024)
10-31 23:55:23.019 15510 15510 I art     :   at void android.app.ActivityThread.handleBindApplication(android.app.ActivityThread$AppBindData) (ActivityThread.java:5403)
10-31 23:55:23.019 15510 15510 I art     :   at void android.app.ActivityThread.-wrap2(android.app.ActivityThread, android.app.ActivityThread$AppBindData) (ActivityThread.java:-1)
10-31 23:55:23.019 15510 15510 I art     :   at void android.app.ActivityThread$H.handleMessage(android.os.Message) (ActivityThread.java:1545)
10-31 23:55:23.019 15510 15510 I art     :   at void android.os.Handler.dispatchMessage(android.os.Message) (Handler.java:102)
10-31 23:55:23.019 15510 15510 I art     :   at void android.os.Looper.loop() (Looper.java:154)
10-31 23:55:23.019 15510 15510 I art     :   at void android.app.ActivityThread.main(java.lang.String[]) (ActivityThread.java:6119)
10-31 23:55:23.019 15510 15510 I art     :   at java.lang.Object java.lang.reflect.Method.invoke!(java.lang.Object, java.lang.Object[]) (Method.java:-2)
10-31 23:55:23.019 15510 15510 I art     :   at void com.android.internal.os.ZygoteInit$MethodAndArgsCaller.run() (ZygoteInit.java:886)
10-31 23:55:23.019 15510 15510 I art     :   at void com.android.internal.os.ZygoteInit.main(java.lang.String[]) (ZygoteInit.java:776)
10-31 23:55:23.019 15510 15510 I art     : 
10-31 23:55:23.053 15510 15547 D NetworkSecurityConfig: Using Network Security Config from resource network_security_config_official_build debugBuild: false
10-31 23:55:23.162   600  9614 D DnsEventListenerService: Logging 100 results for netId 101
10-31 23:55:23.243   600  6312 I ActivityManager: START u0 {act=android.intent.action.VIEW flg=0x10008000 cmp=com.opera.browser/com.opera.android.startup.WelcomeActivity} from uid 10122 on display 0
10-31 23:55:23.261   600   707 W ActivityManager: Duplicate finish request for ActivityRecord{99af8dd u0 com.opera.browser/com.opera.Opera t2507 f}
10-31 23:55:23.395 15510 15520 I art     : Background sticky concurrent mark sweep GC freed 19559(2MB) AllocSpace objects, 8(240KB) LOS objects, 21% free, 5MB/7MB, paused 991us total 123.344ms
10-31 23:55:23.525 15510 15620 I OpenGLRenderer: Initialized EGL, version 1.4
10-31 23:55:23.525 15510 15620 D OpenGLRenderer: Swap behavior 2
10-31 23:55:23.585   600   609 I art     : Background partial concurrent mark sweep GC freed 22369(1170KB) AllocSpace objects, 3(60KB) LOS objects, 33% free, 17MB/25MB, paused 4.991ms total 249.033ms
10-31 23:55:23.662 15510 15520 I art     : Background sticky concurrent mark sweep GC freed 29767(2MB) AllocSpace objects, 12(236KB) LOS objects, 13% free, 6MB/7MB, paused 2.669ms total 125.192ms
10-31 23:55:23.704 15510 15564 I FA      : App measurement initialized, version: 43042
10-31 23:55:23.704 15510 15564 I FA      : To enable debug logging run: adb shell setprop log.tag.FA VERBOSE
10-31 23:55:23.704 15510 15564 I FA      : To enable faster debug mode event logging run:
10-31 23:55:23.704 15510 15564 I FA      :   adb shell setprop debug.firebase.analytics.app com.opera.browser
10-31 23:55:23.747   600   620 I ActivityManager: Displayed com.opera.browser/com.opera.android.startup.WelcomeActivity: +474ms (total +944ms)
10-31 23:55:23.868   600 16391 I ActivityManager: Start proc 15646:com.opera.browser:privileged_process0/u0a122 for service com.opera.browser/com.opera.android.browser.chromium.services.PrivilegedProcessService0
10-31 23:55:23.875 15510 15634 W chromium: [WARNING:op_site_scripts.cc(424)] Failed to map /data/user/0/com.opera.browser/app_opera/sjs
10-31 23:55:23.968 15646 15646 I art     : Starting a blocking GC AddRemoveAppImageSpace
10-31 23:55:23.991 15646 15646 I LoadedApk: No resource references to update in package com.opera.browser.nord_vpn
10-31 23:55:24.056   600   620 W WindowManager: Failed looking up window
10-31 23:55:24.056   600   620 W WindowManager: java.lang.IllegalArgumentException: Requested window android.view.ViewRootImpl$W@ba043aa does not exist
10-31 23:55:24.056   600   620 W WindowManager: 	at com.android.server.wm.WindowManagerService.windowForClientLocked(WindowManagerService.java:9422)
10-31 23:55:24.056   600   620 W WindowManager: 	at com.android.server.wm.WindowManagerService.windowForClientLocked(WindowManagerService.java:9413)
10-31 23:55:24.056   600   620 W WindowManager: 	at com.android.server.wm.WindowManagerService.removeWindow(WindowManagerService.java:2393)
10-31 23:55:24.056   600   620 W WindowManager: 	at com.android.server.wm.Session.remove(Session.java:202)
10-31 23:55:24.056   600   620 W WindowManager: 	at android.view.ViewRootImpl.dispatchDetachedFromWindow(ViewRootImpl.java:3290)
10-31 23:55:24.056   600   620 W WindowManager: 	at android.view.ViewRootImpl.doDie(ViewRootImpl.java:5917)
10-31 23:55:24.056   600   620 W WindowManager: 	at android.view.ViewRootImpl$ViewRootHandler.handleMessage(ViewRootImpl.java:3626)
10-31 23:55:24.056   600   620 W WindowManager: 	at android.os.Handler.dispatchMessage(Handler.java:102)
10-31 23:55:24.056   600   620 W WindowManager: 	at android.os.Looper.loop(Looper.java:154)
10-31 23:55:24.056   600   620 W WindowManager: 	at android.os.HandlerThread.run(HandlerThread.java:61)
10-31 23:55:24.056   600   620 W WindowManager: 	at com.android.server.ServiceThread.run(ServiceThread.java:46)
10-31 23:55:24.104 15646 15665 E libEGL  : validate_display:99 error 3008 (EGL_BAD_DISPLAY)
10-31 23:55:24.199 12218 12218 I MemoryTrimmer: Trimming objects from memory, since app is in the background.
10-31 23:55:24.260 12218 12515 W SearchService: Abort, client detached.
10-31 23:55:24.277 18269 18269 I MemoryTrimmer: Trimming objects from memory, since app is in the background.
10-31 23:55:24.314 15646 15665 E libEGL  : validate_display:99 error 3008 (EGL_BAD_DISPLAY)
10-31 23:55:24.377 12218 15415 I DeviceStateChecker: DeviceStateChecker cancelled
10-31 23:55:24.378 12218 12218 I MicroDetector: Keeping mic open: false
10-31 23:55:24.378 12218 12248 I AudioController: internalShutdown
10-31 23:55:24.379 12218 12248 I MicrophoneInputStream: mic_close com.google.android.apps.gsa.speech.audio.ae@c01b6bb
10-31 23:55:24.379 12218 12292 I MicroRecognitionRunner: Stopping hotword detection.
10-31 23:55:24.427   238   285 I SoundTriggerHwService::Module: void android::SoundTriggerHwService::Module::onCallbackEvent(const sp<android::SoundTriggerHwService::CallbackEvent> &) mClient == 0
10-31 23:55:24.432 12218 15416 I MicroRecognitionRunner: Detection finished
10-31 23:55:24.441 12218 12218 I MemoryTrimmer: Trimming objects from memory, since app is in the background.
10-31 23:55:24.544 15510 15564 I FA      : Tag Manager is not found and thus will not be used
10-31 23:55:24.689   787 15696 W NetworkScheduler: Error inserting service_kind=0 source=16 tag=Measurement.PackageMeasurementTaskService.UPLOAD_TASK_TAG target_package=com.google.android.gms requires_charging=0 source_version=203915000 required_network_type=0 flex_time=2258000 persistence_level=1 target_class=com.google.android.gms.measurement.PackageMeasurementTaskService runtime=1667256924683 retry_strategy={"maximum_backoff_seconds":{"3600":0},"initial_backoff_seconds":{"30":0},"retry_policy":{"0":0}} preferred_network_type=1 required_idleness_state=0 preferred_charging_state=1 period=4518000 last_runtime=0 task_type=0 job_id=-1 user_id=0, error message: UNIQUE constraint failed: pending_ops.tag, pending_ops.target_class, pending_ops.target_package, pending_ops.user_id (code 2067) [CONTEXT service_id=218 ]
10-31 23:55:24.724   787  3168 W NetworkScheduler: Error inserting service_kind=0 source=16 tag=Measurement.PackageMeasurementTaskService.UPLOAD_TASK_TAG target_package=com.google.android.gms requires_charging=0 source_version=203915000 required_network_type=0 flex_time=2258000 persistence_level=1 target_class=com.google.android.gms.measurement.PackageMeasurementTaskService runtime=1667256924716 retry_strategy={"maximum_backoff_seconds":{"3600":0},"initial_backoff_seconds":{"30":0},"retry_policy":{"0":0}} preferred_network_type=1 required_idleness_state=0 preferred_charging_state=1 period=4518000 last_runtime=0 task_type=0 job_id=-1 user_id=0, error message: UNIQUE constraint failed: pending_ops.tag, pending_ops.target_class, pending_ops.target_package, pending_ops.user_id (code 2067) [CONTEXT service_id=218 ]
10-31 23:55:24.740   787 15696 W NetworkScheduler: Error inserting service_kind=0 source=16 tag=Measurement.PackageMeasurementTaskService.UPLOAD_TASK_TAG target_package=com.google.android.gms requires_charging=0 source_version=203915000 required_network_type=0 flex_time=2258000 persistence_level=1 target_class=com.google.android.gms.measurement.PackageMeasurementTaskService runtime=1667256924736 retry_strategy={"maximum_backoff_seconds":{"3600":0},"initial_backoff_seconds":{"30":0},"retry_policy":{"0":0}} preferred_network_type=1 required_idleness_state=0 preferred_charging_state=1 period=4518000 last_runtime=0 task_type=0 job_id=-1 user_id=0, error message: UNIQUE constraint failed: pending_ops.tag, pending_ops.target_class, pending_ops.target_package, pending_ops.user_id (code 2067) [CONTEXT service_id=218 ]
10-31 23:55:28.317 15510 15510 I PlayCore: UID: [10122]  PID: [15510] AppUpdateListenerRegistry : registerListener
10-31 23:55:28.319 15510 15510 I PlayCore: UID: [10122]  PID: [15510] AppUpdateService : requestUpdateInfo(com.opera.browser)
10-31 23:55:28.328 15510 15725 I PlayCore: UID: [10122]  PID: [15510] AppUpdateService : Initiate binding to the service.
10-31 23:55:28.330   600  3967 W ActivityManager: Unable to start service Intent { act=com.google.android.play.core.install.BIND_UPDATE_SERVICE pkg=com.android.vending } U=0: not found
10-31 23:55:28.340 15510 15725 I PlayCore: UID: [10122]  PID: [15510] AppUpdateService : Failed to bind to the service.
10-31 23:55:28.409 15510 15728 D ApplicationLoaders: ignored Vulkan layer search path /data/app/com.google.android.gms-1/lib/arm:/data/app/com.google.android.gms-1/base.apk!/lib/armeabi-v7a:/data/app/com.google.android.gms-1/split_config.en.apk!/lib/armeabi-v7a for namespace 0xf4a41090
10-31 23:55:28.413 15510 15728 W ResourceType: ResTable_typeSpec entry count inconsistent: given 67, previously 69
10-31 23:55:28.413 15510 15728 W ResourceType: ResTable_typeSpec entry count inconsistent: given 5346, previously 5347
10-31 23:55:28.784   600   612 D SyncManager: failed sync operation JobId: 100983, com.opera.browser u0 (com.opera.browser.ping), com.opera.browser.ping.provider, SERVER, reason: 10122, SyncResult: delayUntil: 1667264128 stats [ numIoExceptions: 1]
10-31 23:55:34.418 12218 12218 I MemoryTrimmer: Trimming objects from memory, since app is in the background.
10-31 23:55:36.184 15757 15757 D AndroidRuntime: >>>>>> START com.android.internal.os.RuntimeInit uid 2000 <<<<<<
10-31 23:55:36.188 15757 15757 D AndroidRuntime: CheckJNI is OFF
10-31 23:55:36.250 15757 15757 D ICU     : No timezone override file found: /data/misc/zoneinfo/current/icu/icu_tzdata.dat
10-31 23:55:36.281 15757 15757 I Radio-JNI: register_android_hardware_Radio DONE
10-31 23:55:36.295 15757 15757 D AndroidRuntime: Calling main entry com.android.commands.monkey.Monkey
10-31 23:55:36.363   600   613 W BroadcastQueue: Skipping deliver [background] BroadcastRecord{54b03d7 u-1 android.net.conn.CONNECTIVITY_CHANGE} to ReceiverList{b6654c4 15757 (unknown name)/2000/u-1 remote:4b7fd71}: process crashing
10-31 23:55:37.967 15757 15757 D MonkeyStub: translateCommand: wake
10-31 23:55:38.086 15757 15757 D MonkeyStub: translateCommand: tap 960 1881
10-31 23:55:38.137   600  9614 I ActivityManager: START u0 {act=android.intent.action.VIEW flg=0x1000000 cmp=com.opera.browser/com.opera.android.IntentDispatcherActivity} from uid 10122 on display 0
10-31 23:55:38.220   600   610 I ActivityManager: START u0 {act=android.intent.action.VIEW flg=0x15002000 cmp=com.opera.browser/com.opera.android.BrowserActivity} from uid 10122 on display 0
10-31 23:55:38.228 18269 18304 I OpenGLRenderer: Initialized EGL, version 1.4
10-31 23:55:38.228 18269 18304 D OpenGLRenderer: Swap behavior 2
10-31 23:55:38.320   600   609 I art     : Background partial concurrent mark sweep GC freed 41560(2MB) AllocSpace objects, 44(1408KB) LOS objects, 33% free, 17MB/25MB, paused 806us total 133.783ms
10-31 23:55:38.424 18269 18269 I MemoryTrimmer: Trimming objects from memory, since app is in the background.
10-31 23:55:38.518 15510 15802 W ResourceType: ResTable_typeSpec entry count inconsistent: given 67, previously 69
10-31 23:55:38.518 15510 15802 W ResourceType: ResTable_typeSpec entry count inconsistent: given 5346, previously 5347
10-31 23:55:38.765 15510 15774 E [Leanplum][ERROR]: No variable values were received from the server. Please contact us to investigate.
10-31 23:55:38.770   600   620 I ActivityManager: Displayed com.opera.browser/com.opera.android.BrowserActivity: +526ms (total +604ms)
10-31 23:55:38.793   600  3675 I CwMcuSensor: CwMcuSensor::flush: fd = 245, sensors_id = 0, path = /sys/class/htc_sensorhub/sensor_hub/flush, err = 0
10-31 23:55:38.844 15510 15520 I art     : Background sticky concurrent mark sweep GC freed 7323(1047KB) AllocSpace objects, 15(300KB) LOS objects, 12% free, 8MB/9MB, paused 9.332ms total 76.230ms
10-31 23:55:38.846 15510 15620 D OpenGLRenderer: endAllActiveAnimators on 0xd1b71c00 (RippleDrawable) with handle 0xf0e58270
10-31 23:55:39.043 15510 15520 I art     : Background partial concurrent mark sweep GC freed 34341(1954KB) AllocSpace objects, 11(260KB) LOS objects, 39% free, 7MB/12MB, paused 2.494ms total 112.333ms
10-31 23:55:39.165 15510 15823 W ResourceType: ResTable_typeSpec entry count inconsistent: given 67, previously 69
10-31 23:55:39.165 15510 15823 W ResourceType: ResTable_typeSpec entry count inconsistent: given 5346, previously 5347
10-31 23:55:39.361 15510 15515 I art     : Do partial code cache collection, code=18KB, data=30KB
10-31 23:55:39.363 15510 15515 I art     : After code cache collection, code=18KB, data=30KB
10-31 23:55:39.363 15510 15515 I art     : Increasing code cache capacity to 128KB
10-31 23:55:39.443 15510 15510 I Choreographer: Skipped 38 frames!  The application may be doing too much work on its main thread.
10-31 23:55:39.624 15510 15520 I art     : Background sticky concurrent mark sweep GC freed 41302(3MB) AllocSpace objects, 40(796KB) LOS objects, 19% free, 10MB/12MB, paused 14.909ms total 148.354ms
10-31 23:55:39.644 15510 15510 W View    : requestLayout() improperly called by com.opera.android.custom_views.FadingRecyclerView{6bd32ea VFED.V... ......ID 0,813-1536,813 #7f0a0825 app:id/suggested_dials_grid} during layout: running second layout pass
10-31 23:55:39.889 15510 15520 I art     : Background partial concurrent mark sweep GC freed 36102(2MB) AllocSpace objects, 13(364KB) LOS objects, 40% free, 10MB/17MB, paused 2.689ms total 204.135ms
10-31 23:55:39.949   787 15096 W NetworkScheduler: Error inserting service_kind=0 source=16 tag=Measurement.PackageMeasurementTaskService.UPLOAD_TASK_TAG target_package=com.google.android.gms requires_charging=0 source_version=203915000 required_network_type=0 flex_time=2243000 persistence_level=1 target_class=com.google.android.gms.measurement.PackageMeasurementTaskService runtime=1667256939939 retry_strategy={"maximum_backoff_seconds":{"3600":0},"initial_backoff_seconds":{"30":0},"retry_policy":{"0":0}} preferred_network_type=1 required_idleness_state=0 preferred_charging_state=1 period=4487000 last_runtime=0 task_type=0 job_id=-1 user_id=0, error message: UNIQUE constraint failed: pending_ops.tag, pending_ops.target_class, pending_ops.target_package, pending_ops.user_id (code 2067) [CONTEXT service_id=218 ]
10-31 23:55:40.305 15871 15871 I dex2oat : /system/bin/dex2oat --dex-file=/data/user/0/com.opera.browser/code_cache/.​  ​   --oat-fd=180 --oat-location=/data/user/0/com.opera.browser/code_cache/.     --compiler-filter=speed
10-31 23:55:40.319   787 15696 W NetworkScheduler: Error inserting service_kind=0 source=16 tag=Measurement.PackageMeasurementTaskService.UPLOAD_TASK_TAG target_package=com.google.android.gms requires_charging=0 source_version=203915000 required_network_type=0 flex_time=2243000 persistence_level=1 target_class=com.google.android.gms.measurement.PackageMeasurementTaskService runtime=1667256940314 retry_strategy={"maximum_backoff_seconds":{"3600":0},"initial_backoff_seconds":{"30":0},"retry_policy":{"0":0}} preferred_network_type=1 required_idleness_state=0 preferred_charging_state=1 period=4487000 last_runtime=0 task_type=0 job_id=-1 user_id=0, error message: UNIQUE constraint failed: pending_ops.tag, pending_ops.target_class, pending_ops.target_package, pending_ops.user_id (code 2067) [CONTEXT service_id=218 ]
10-31 23:55:40.632 15871 15871 I dex2oat : dex2oat took 328.800ms (threads: 2) arena alloc=432KB (442800B) java alloc=32KB (33064B) native alloc=346KB (354496B) free=1189KB (1218368B)
10-31 23:55:40.863 15881 15881 I dex2oat : /system/bin/dex2oat --dex-file=/data/user/0/com.opera.browser/code_cache/.      --oat-fd=187 --oat-location=/data/user/0/com.opera.browser/code_cache/.    --compiler-filter=speed
10-31 23:55:41.062 15510 15520 I art     : Background sticky concurrent mark sweep GC freed 21654(2MB) AllocSpace objects, 13(796KB) LOS objects, 18% free, 14MB/17MB, paused 5.502ms total 95.836ms
10-31 23:55:41.234 15510 15515 I art     : Do partial code cache collection, code=37KB, data=62KB
10-31 23:55:41.262 15510 15515 I art     : After code cache collection, code=37KB, data=62KB
10-31 23:55:41.262 15510 15515 I art     : Increasing code cache capacity to 256KB
10-31 23:55:41.268 15881 15881 I dex2oat : dex2oat took 408.490ms (threads: 2) arena alloc=702KB (719208B) java alloc=109KB (112048B) native alloc=523KB (536456B) free=1524KB (1560696B)
10-31 23:55:42.184 15757 15757 D MonkeyStub: translateCommand: tap 57 93
10-31 23:55:44.233 15757 15757 D MonkeyStub: translateCommand: tap 57 93
10-31 23:55:46.482 15757 15757 D MonkeyStub: translateCommand: tap 446 593
10-31 23:55:48.940 15757 15757 D MonkeyStub: translateCommand: tap 667 302
10-31 23:55:49.079 15510 15515 I art     : Do full code cache collection, code=82KB, data=125KB
10-31 23:55:49.081 15510 15515 I art     : Starting a blocking GC JitCodeCache
10-31 23:55:49.081 15510 15515 I art     : After code cache collection, code=65KB, data=71KB
10-31 23:55:49.524 15510 15515 I art     : Do partial code cache collection, code=75KB, data=86KB
10-31 23:55:49.525 15510 15515 I art     : After code cache collection, code=75KB, data=86KB
10-31 23:55:49.525 15510 15515 I art     : Increasing code cache capacity to 512KB
10-31 23:55:52.269 15757 15757 D MonkeyStub: translateCommand: tap 1286 930
10-31 23:55:53.652 15757 15757 D MonkeyStub: translateCommand: tap 62 98
10-31 23:55:53.712 15757 15757 D MonkeyStub: translateCommand: tap 729 89
10-31 23:55:53.727 15757 15757 D MonkeyStub: Quit requested
10-31 23:55:53.751 15757 15757 I art     : System.exit called, status: 16
10-31 23:55:53.752 15757 15757 I AndroidRuntime: VM exiting with result code 16.
10-31 23:55:53.759   600   614 I CwMcuSensor: CwMcuSensor::flush: fd = 245, sensors_id = 0, path = /sys/class/htc_sensorhub/sensor_hub/flush, err = 0
10-31 23:55:53.780   600   713 W WindowManager: Attempted to remove non-existing token: android.os.Binder@bfdffad
10-31 23:55:54.042   600  3509 E BatteryStatsService: power: Missing API
10-31 23:55:54.049   600  3509 E BatteryStatsService: no controller energy info supplied
10-31 23:55:54.051   796   796 E PhoneInterfaceManager: [PhoneIntfMgr] queryModemActivityInfo: Empty response
10-31 23:55:54.059   600  3509 E BatteryStatsService: modem info is invalid: ModemActivityInfo{ mTimestamp=0 mSleepTimeMs=0 mIdleTimeMs=0 mTxTimeMs[]=[0, 0, 0, 0, 0] mRxTimeMs=0 mEnergyUsed=0}
10-31 23:55:54.067   600   613 W ProcessCpuTracker: Skipping unknown process pid 15910
10-31 23:55:54.509 15913 15913 D AndroidRuntime: >>>>>> START com.android.internal.os.RuntimeInit uid 2000 <<<<<<
10-31 23:55:54.513 15913 15913 D AndroidRuntime: CheckJNI is OFF
10-31 23:55:54.578 15913 15913 D ICU     : No timezone override file found: /data/misc/zoneinfo/current/icu/icu_tzdata.dat
10-31 23:55:54.606 15913 15913 I Radio-JNI: register_android_hardware_Radio DONE
10-31 23:55:54.621 15913 15913 D AndroidRuntime: Calling main entry com.android.commands.am.Am
10-31 23:55:54.640   600   707 I ActivityManager: START u0 {act=android.intent.action.VIEW dat=http://geeksforgeeks.org/... flg=0x10000000 cmp=com.opera.browser/com.opera.Opera} from uid 2000 on display 0
10-31 23:55:54.648 15913 15913 D AndroidRuntime: Shutting down VM
10-31 23:55:54.750 15510 15510 W art     : Before Android 4.1, method double java.util.concurrent.ThreadLocalRandom.internalNextDouble(double, double) would have incorrectly overridden the package-private method in java.util.Random
10-31 23:55:54.750 15510 15510 W art     : Before Android 4.1, method int java.util.concurrent.ThreadLocalRandom.internalNextInt(int, int) would have incorrectly overridden the package-private method in java.util.Random
10-31 23:55:54.750 15510 15510 W art     : Before Android 4.1, method long java.util.concurrent.ThreadLocalRandom.internalNextLong(long, long) would have incorrectly overridden the package-private method in java.util.Random
10-31 23:55:54.785   600   619 D BluetoothManagerService: Message: 20
10-31 23:55:54.786   600   619 D BluetoothManagerService: Added callback: android.bluetooth.IBluetoothManagerCallback$Stub$Proxy@1ea37b4:true
10-31 23:55:54.810   600  1080 I ActivityManager: Start proc 15926:com.opera.browser:sandboxed_process0/u0a122 for service com.opera.browser/com.opera.android.browser.chromium.services.SandboxedProcessService0
10-31 23:55:54.891 15926 15926 I art     : Starting a blocking GC AddRemoveAppImageSpace
10-31 23:55:54.918 15926 15926 I LoadedApk: No resource references to update in package com.opera.browser.nord_vpn
10-31 23:55:54.928 15510 15813 W ResourceType: ResTable_typeSpec entry count inconsistent: given 67, previously 69
10-31 23:55:54.928 15510 15813 W ResourceType: ResTable_typeSpec entry count inconsistent: given 5346, previously 5347
10-31 23:55:55.140   787   806 I FontLog : Received query name=Google Sans&weight=400&besteffort=false, URI content://com.google.android.gms.fonts [CONTEXT service_id=132 ]
10-31 23:55:55.140   787   806 I FontLog : Query [name=Google Sans&weight=400&besteffort=false] resolved to {Google Sans, wdth 100.0, wght 400, ital 0.0, bestEffort false} [CONTEXT service_id=132 ]
10-31 23:55:55.143   787   806 I FontLog : Font PFD returned from cache for {Google Sans, wdth 100.0, wght 400, ital 0.0, bestEffort false} [CONTEXT service_id=132 ]
10-31 23:55:55.143   787   806 I FontLog : Fetch {Google Sans, wdth 100.0, wght 400, ital 0.0, bestEffort false} end status Status{statusCode=SUCCESS, resolution=null} [CONTEXT service_id=132 ]
10-31 23:55:55.147   787  1714 I FontLog : Pulling font file for id = 2134, cache size = 7 [CONTEXT service_id=132 ]
10-31 23:55:55.153   787 28597 I FontLog : Received query name=Google Sans&weight=500&besteffort=false, URI content://com.google.android.gms.fonts [CONTEXT service_id=132 ]
10-31 23:55:55.153   787 28597 I FontLog : Query [name=Google Sans&weight=500&besteffort=false] resolved to {Google Sans, wdth 100.0, wght 500, ital 0.0, bestEffort false} [CONTEXT service_id=132 ]
10-31 23:55:55.154   787 28597 I FontLog : Font PFD returned from cache for {Google Sans, wdth 100.0, wght 500, ital 0.0, bestEffort false} [CONTEXT service_id=132 ]
10-31 23:55:55.155   787 28597 I FontLog : Fetch {Google Sans, wdth 100.0, wght 500, ital 0.0, bestEffort false} end status Status{statusCode=SUCCESS, resolution=null} [CONTEXT service_id=132 ]
10-31 23:55:55.174   787 28591 I FontLog : Pulling font file for id = 2135, cache size = 8 [CONTEXT service_id=132 ]
10-31 23:55:55.183   787  1620 I FontLog : Received query name=Google Sans&weight=700&besteffort=false, URI content://com.google.android.gms.fonts [CONTEXT service_id=132 ]
10-31 23:55:55.183   787  1620 I FontLog : Query [name=Google Sans&weight=700&besteffort=false] resolved to {Google Sans, wdth 100.0, wght 700, ital 0.0, bestEffort false} [CONTEXT service_id=132 ]
10-31 23:55:55.185   787  1620 I FontLog : Fetch {Google Sans, wdth 100.0, wght 700, ital 0.0, bestEffort false} end status Status{statusCode=SUCCESS, resolution=null} [CONTEXT service_id=132 ]
10-31 23:55:55.195   787 23224 I FontLog : Pulling font file for id = 2136, cache size = 9 [CONTEXT service_id=132 ]
10-31 23:55:55.204   787  1245 I FontLog : Received query name=Noto Color Emoji Compat&weight=400&besteffort=false, URI content://com.google.android.gms.fonts [CONTEXT service_id=132 ]
10-31 23:55:55.204   787  1245 I FontLog : Query [name=Noto Color Emoji Compat&weight=400&besteffort=false] resolved to {Noto Color Emoji Compat, wdth 100.0, wght 400, ital 0.0, bestEffort false} [CONTEXT service_id=132 ]
10-31 23:55:55.206   787  1245 I FontLog : Fetch {Noto Color Emoji Compat, wdth 100.0, wght 400, ital 0.0, bestEffort false} end status Status{statusCode=SUCCESS, resolution=null} [CONTEXT service_id=132 ]
10-31 23:55:55.208   787  1174 I FontLog : Pulling font file for id = 2137, cache size = 10 [CONTEXT service_id=132 ]
10-31 23:55:55.338   787 15696 W FontLog : Error updating last accessed time for {Google Sans, wdth 100.0, wght 500, ital 0.0, bestEffort false}. [CONTEXT service_id=132 ]
10-31 23:55:55.338   787 15696 W FontLog : java.lang.IllegalStateException: attempt to re-open an already-closed object: SQLiteDatabase: /data/user/0/com.google.android.gms/databases/metadata.db
10-31 23:55:55.338   787 15696 W FontLog : 	at android.database.sqlite.SQLiteClosable.acquireReference(SQLiteClosable.java:55)
10-31 23:55:55.338   787 15696 W FontLog : 	at android.database.sqlite.SQLiteDatabase.executeSql(SQLiteDatabase.java:1662)
10-31 23:55:55.338   787 15696 W FontLog : 	at android.database.sqlite.SQLiteDatabase.execSQL(SQLiteDatabase.java:1658)
10-31 23:55:55.338   787 15696 W FontLog : 	at aafx.run(Unknown Source)
10-31 23:55:55.338   787 15696 W FontLog : 	at sup.b(:com.google.android.gms@203915020@20.39.15 (040406-335085812):12)
10-31 23:55:55.338   787 15696 W FontLog : 	at sup.run(:com.google.android.gms@203915020@20.39.15 (040406-335085812):7)
10-31 23:55:55.338   787 15696 W FontLog : 	at java.util.concurrent.ThreadPoolExecutor.runWorker(ThreadPoolExecutor.java:1133)
10-31 23:55:55.338   787 15696 W FontLog : 	at java.util.concurrent.ThreadPoolExecutor$Worker.run(ThreadPoolExecutor.java:607)
10-31 23:55:55.338   787 15696 W FontLog : 	at tam.run(:com.google.android.gms@203915020@20.39.15 (040406-335085812):0)
10-31 23:55:55.338   787 15696 W FontLog : 	at java.lang.Thread.run(Thread.java:761)
10-31 23:55:55.342   787 15096 W FontLog : Error updating last accessed time for {Google Sans, wdth 100.0, wght 400, ital 0.0, bestEffort false}. [CONTEXT service_id=132 ]
10-31 23:55:55.342   787 15096 W FontLog : java.lang.IllegalStateException: attempt to re-open an already-closed object: SQLiteDatabase: /data/user/0/com.google.android.gms/databases/metadata.db
10-31 23:55:55.342   787 15096 W FontLog : 	at android.database.sqlite.SQLiteClosable.acquireReference(SQLiteClosable.java:55)
10-31 23:55:55.342   787 15096 W FontLog : 	at android.database.sqlite.SQLiteDatabase.executeSql(SQLiteDatabase.java:1662)
10-31 23:55:55.342   787 15096 W FontLog : 	at android.database.sqlite.SQLiteDatabase.execSQL(SQLiteDatabase.java:1658)
10-31 23:55:55.342   787 15096 W FontLog : 	at aafx.run(Unknown Source)
10-31 23:55:55.342   787 15096 W FontLog : 	at sup.b(:com.google.android.gms@203915020@20.39.15 (040406-335085812):12)
10-31 23:55:55.342   787 15096 W FontLog : 	at sup.run(:com.google.android.gms@203915020@20.39.15 (040406-335085812):7)
10-31 23:55:55.342   787 15096 W FontLog : 	at java.util.concurrent.ThreadPoolExecutor.runWorker(ThreadPoolExecutor.java:1133)
10-31 23:55:55.342   787 15096 W FontLog : 	at java.util.concurrent.ThreadPoolExecutor$Worker.run(ThreadPoolExecutor.java:607)
10-31 23:55:55.342   787 15096 W FontLog : 	at tam.run(:com.google.android.gms@203915020@20.39.15 (040406-335085812):0)
10-31 23:55:55.342   787 15096 W FontLog : 	at java.lang.Thread.run(Thread.java:761)
10-31 23:55:55.415   787 15951 W NetworkScheduler: Error inserting service_kind=0 source=16 tag=Measurement.PackageMeasurementTaskService.UPLOAD_TASK_TAG target_package=com.google.android.gms requires_charging=0 source_version=203915000 required_network_type=0 flex_time=2227000 persistence_level=1 target_class=com.google.android.gms.measurement.PackageMeasurementTaskService runtime=1667256955409 retry_strategy={"maximum_backoff_seconds":{"3600":0},"initial_backoff_seconds":{"30":0},"retry_policy":{"0":0}} preferred_network_type=1 required_idleness_state=0 preferred_charging_state=1 period=4456000 last_runtime=0 task_type=0 job_id=-1 user_id=0, error message: UNIQUE constraint failed: pending_ops.tag, pending_ops.target_class, pending_ops.target_package, pending_ops.user_id (code 2067) [CONTEXT service_id=218 ]
10-31 23:55:56.563 15510 15520 I art     : Background sticky concurrent mark sweep GC freed 110994(6MB) AllocSpace objects, 17(392KB) LOS objects, 28% free, 17MB/24MB, paused 1.210ms total 155.132ms
10-31 23:56:08.399 15991 15991 D AndroidRuntime: >>>>>> START com.android.internal.os.RuntimeInit uid 2000 <<<<<<
10-31 23:56:08.407 15991 15991 D AndroidRuntime: CheckJNI is OFF
10-31 23:56:08.489 15991 15991 D ICU     : No timezone override file found: /data/misc/zoneinfo/current/icu/icu_tzdata.dat
10-31 23:56:08.531 15991 15991 I Radio-JNI: register_android_hardware_Radio DONE
10-31 23:56:08.547 15991 15991 D AndroidRuntime: Calling main entry com.android.commands.monkey.Monkey
10-31 23:56:08.618   600   613 W BroadcastQueue: Skipping deliver [background] BroadcastRecord{5004062 u-1 android.net.conn.CONNECTIVITY_CHANGE} to ReceiverList{28575f3 15991 (unknown name)/2000/u-1 remote:393644}: process crashing
10-31 23:56:09.983 15991 15991 D MonkeyStub: translateCommand: wake
10-31 23:56:10.182 15991 15991 D MonkeyStub: translateCommand: touch down 614 1561
10-31 23:56:10.206 15991 15991 D MonkeyStub: translateCommand: touch move 614 1561
10-31 23:56:10.328 15991 15991 D MonkeyStub: translateCommand: touch move 614 1436
10-31 23:56:10.439 15991 15991 D MonkeyStub: translateCommand: touch move 614 1311
10-31 23:56:10.548 15991 15991 D MonkeyStub: translateCommand: touch move 614 1186
10-31 23:56:10.663 15991 15991 D MonkeyStub: translateCommand: touch move 614 1061
10-31 23:56:10.773 15991 15991 D MonkeyStub: translateCommand: touch move 614 937
10-31 23:56:10.881 15991 15991 D MonkeyStub: translateCommand: touch move 614 812
10-31 23:56:10.989 15991 15991 D MonkeyStub: translateCommand: touch move 614 687
10-31 23:56:11.101 15991 15991 D MonkeyStub: translateCommand: touch move 614 562
10-31 23:56:11.208 15991 15991 D MonkeyStub: translateCommand: touch move 614 437
10-31 23:56:11.317 15991 15991 D MonkeyStub: translateCommand: touch move 614 312
10-31 23:56:11.322 15991 15991 D MonkeyStub: translateCommand: touch up 614 312
10-31 23:56:11.347 15991 15991 D MonkeyStub: translateCommand: touch down 614 1561
10-31 23:56:11.364 15991 15991 D MonkeyStub: translateCommand: touch move 614 1561
10-31 23:56:11.484 15991 15991 D MonkeyStub: translateCommand: touch move 614 1436
10-31 23:56:11.593 15991 15991 D MonkeyStub: translateCommand: touch move 614 1311
10-31 23:56:11.703 15991 15991 D MonkeyStub: translateCommand: touch move 614 1186
10-31 23:56:11.812 15991 15991 D MonkeyStub: translateCommand: touch move 614 1061
10-31 23:56:11.921 15991 15991 D MonkeyStub: translateCommand: touch move 614 937
10-31 23:56:12.032 15991 15991 D MonkeyStub: translateCommand: touch move 614 812
10-31 23:56:12.136 15991 15991 D MonkeyStub: translateCommand: touch move 614 687
10-31 23:56:12.246 15991 15991 D MonkeyStub: translateCommand: touch move 614 562
10-31 23:56:12.357 15991 15991 D MonkeyStub: translateCommand: touch move 614 437
10-31 23:56:12.470 15991 15991 D MonkeyStub: translateCommand: touch move 614 312
10-31 23:56:12.478 15991 15991 D MonkeyStub: translateCommand: touch up 614 312
10-31 23:56:16.729 15991 15991 D MonkeyStub: translateCommand: tap 139 85
10-31 23:56:18.691   600   647 I WifiHAL : Got channel list with 13 channels
10-31 23:56:18.691   600   647 I WifiHAL : Got channel list with 4 channels
10-31 23:56:18.693   600   647 I WifiHAL : Got channel list with 15 channels
10-31 23:56:19.318   600   609 I art     : Background partial concurrent mark sweep GC freed 69380(3MB) AllocSpace objects, 16(352KB) LOS objects, 33% free, 17MB/25MB, paused 2.042ms total 127.449ms
10-31 23:56:24.773 15991 15991 D MonkeyStub: translateCommand: tap 993 1514
10-31 23:56:28.805 15991 15991 D MonkeyStub: translateCommand: tap 1291 1873
10-31 23:56:29.992   600 10249 D DnsEventListenerService: Logging 100 results for netId 101
10-31 23:56:31.009 15991 15991 D MonkeyStub: translateCommand: touch down 614 1561
10-31 23:56:31.316 15991 15991 D MonkeyStub: translateCommand: touch move 614 1561
10-31 23:56:31.424 15991 15991 D MonkeyStub: translateCommand: touch move 614 1436
10-31 23:56:31.536 15991 15991 D MonkeyStub: translateCommand: touch move 614 1311
10-31 23:56:31.675 15991 15991 D MonkeyStub: translateCommand: touch move 614 1186
10-31 23:56:31.789 15991 15991 D MonkeyStub: translateCommand: touch move 614 1061
10-31 23:56:31.919 15991 15991 D MonkeyStub: translateCommand: touch move 614 937
10-31 23:56:32.023 15991 15991 D MonkeyStub: translateCommand: touch move 614 812
10-31 23:56:32.128 15991 15991 D MonkeyStub: translateCommand: touch move 614 687
10-31 23:56:32.241 15991 15991 D MonkeyStub: translateCommand: touch move 614 562
10-31 23:56:32.346 15991 15991 D MonkeyStub: translateCommand: touch move 614 437
10-31 23:56:32.463 15991 15991 D MonkeyStub: translateCommand: touch move 614 312
10-31 23:56:32.477 15991 15991 D MonkeyStub: translateCommand: touch up 614 312
10-31 23:56:32.501 15991 15991 D MonkeyStub: translateCommand: touch down 614 1561
10-31 23:56:32.508 15991 15991 D MonkeyStub: translateCommand: touch move 614 1561
10-31 23:56:32.615 15991 15991 D MonkeyStub: translateCommand: touch move 614 1436
10-31 23:56:32.719 15991 15991 D MonkeyStub: translateCommand: touch move 614 1311
10-31 23:56:32.832 15991 15991 D MonkeyStub: translateCommand: touch move 614 1186
10-31 23:56:32.941 15991 15991 D MonkeyStub: translateCommand: touch move 614 1061
10-31 23:56:33.056 15991 15991 D MonkeyStub: translateCommand: touch move 614 937
10-31 23:56:33.162 15991 15991 D MonkeyStub: translateCommand: touch move 614 812
10-31 23:56:33.276 15991 15991 D MonkeyStub: translateCommand: touch move 614 687
10-31 23:56:33.395 15991 15991 D MonkeyStub: translateCommand: touch move 614 562
10-31 23:56:33.508 15991 15991 D MonkeyStub: translateCommand: touch move 614 437
10-31 23:56:33.622 15991 15991 D MonkeyStub: translateCommand: touch move 614 312
10-31 23:56:33.633 15991 15991 D MonkeyStub: translateCommand: touch up 614 312
10-31 23:56:38.613   198   198 E SELinux : avc:  denied  { find } for service=netd pid=16127 uid=2000 scontext=u:r:shell:s0 tcontext=u:object_r:netd_service:s0 tclass=service_manager permissive=0
10-31 23:56:38.618   198   198 E SELinux : avc:  denied  { find } for service=android.service.gatekeeper.IGateKeeperService pid=16127 uid=2000 scontext=u:r:shell:s0 tcontext=u:object_r:gatekeeper_service:s0 tclass=service_manager permissive=0
10-31 23:56:38.678 15991 15991 D MonkeyStub: translateCommand: touch down 614 312
10-31 23:56:38.688 15991 15991 D MonkeyStub: translateCommand: touch move 614 312
10-31 23:56:38.797 15991 15991 D MonkeyStub: translateCommand: touch move 614 437
10-31 23:56:38.908 15991 15991 D MonkeyStub: translateCommand: touch move 614 562
10-31 23:56:39.014 15991 15991 D MonkeyStub: translateCommand: touch move 614 687
10-31 23:56:39.133 15991 15991 D MonkeyStub: translateCommand: touch move 614 812
10-31 23:56:39.243 15991 15991 D MonkeyStub: translateCommand: touch move 614 937
10-31 23:56:39.355 15991 15991 D MonkeyStub: translateCommand: touch move 614 1061
10-31 23:56:39.459 15991 15991 D MonkeyStub: translateCommand: touch move 614 1186
10-31 23:56:39.562 15991 15991 D MonkeyStub: translateCommand: touch move 614 1311
10-31 23:56:39.674 15991 15991 D MonkeyStub: translateCommand: touch move 614 1436
10-31 23:56:39.793 15991 15991 D MonkeyStub: translateCommand: touch move 614 1561
10-31 23:56:39.800 15991 15991 D MonkeyStub: translateCommand: touch up 614 1561
10-31 23:56:41.981 15991 15991 D MonkeyStub: translateCommand: tap 758 273
10-31 23:56:43.784   600 13557 I ActivityManager: Process com.google.android.partnersetup (pid 12264) has died
10-31 23:56:43.784   600 13557 D ActivityManager: cleanUpApplicationRecord -- 12264
10-31 23:56:43.785   600 13557 E JavaBinder: !!! FAILED BINDER TRANSACTION !!!  (parcel size = 76)
10-31 23:56:43.808   600   707 I ActivityManager: Process android.process.acore (pid 12399) has died
10-31 23:56:43.808   600   707 D ActivityManager: cleanUpApplicationRecord -- 12399
10-31 23:56:44.028 15991 15991 D MonkeyStub: translateCommand: tap 355 362
10-31 23:56:52.297 15991 15991 D MonkeyStub: translateCommand: touch down 614 1561
10-31 23:56:52.349 15991 15991 D MonkeyStub: translateCommand: touch move 614 1561
10-31 23:56:52.498 15991 15991 D MonkeyStub: translateCommand: touch move 614 1436
10-31 23:56:52.671 15991 15991 D MonkeyStub: translateCommand: touch move 614 1311
10-31 23:56:52.811 15991 15991 D MonkeyStub: translateCommand: touch move 614 1186
10-31 23:56:52.927 15991 15991 D MonkeyStub: translateCommand: touch move 614 1061
10-31 23:56:53.068 15991 15991 D MonkeyStub: translateCommand: touch move 614 937
10-31 23:56:53.220 15991 15991 D MonkeyStub: translateCommand: touch move 614 812
10-31 23:56:53.326 15991 15991 D MonkeyStub: translateCommand: touch move 614 687
10-31 23:56:53.435 15991 15991 D MonkeyStub: translateCommand: touch move 614 562
10-31 23:56:53.545 15991 15991 D MonkeyStub: translateCommand: touch move 614 437
10-31 23:56:53.653 15991 15991 D MonkeyStub: translateCommand: touch move 614 312
10-31 23:56:53.687 15991 15991 D MonkeyStub: translateCommand: touch up 614 312
10-31 23:56:53.715 15991 15991 D MonkeyStub: translateCommand: touch down 614 1561
10-31 23:56:53.731 15991 15991 D MonkeyStub: translateCommand: touch move 614 1561
10-31 23:56:53.994 15991 15991 D MonkeyStub: translateCommand: touch move 614 1436
10-31 23:56:54.116 15991 15991 D MonkeyStub: translateCommand: touch move 614 1311
10-31 23:56:54.229 15991 15991 D MonkeyStub: translateCommand: touch move 614 1186
10-31 23:56:54.405 15991 15991 D MonkeyStub: translateCommand: touch move 614 1061
10-31 23:56:54.512 15991 15991 D MonkeyStub: translateCommand: touch move 614 937
10-31 23:56:54.618 15991 15991 D MonkeyStub: translateCommand: touch move 614 812
10-31 23:56:54.725 15991 15991 D MonkeyStub: translateCommand: touch move 614 687
10-31 23:56:54.829 15991 15991 D MonkeyStub: translateCommand: touch move 614 562
10-31 23:56:54.932 15991 15991 D MonkeyStub: translateCommand: touch move 614 437
10-31 23:56:55.036 15991 15991 D MonkeyStub: translateCommand: touch move 614 312
10-31 23:56:55.046 15991 15991 D MonkeyStub: translateCommand: touch up 614 312
10-31 23:57:00.669 15991 15991 D MonkeyStub: translateCommand: touch down 614 1561
10-31 23:57:00.762 15991 15991 D MonkeyStub: translateCommand: touch move 614 1561
10-31 23:57:00.970 15991 15991 D MonkeyStub: translateCommand: touch move 614 1436
10-31 23:57:01.164 15991 15991 D MonkeyStub: translateCommand: touch move 614 1311
10-31 23:57:01.281 15991 15991 D MonkeyStub: translateCommand: touch move 614 1186
10-31 23:57:01.409 15991 15991 D MonkeyStub: translateCommand: touch move 614 1061
10-31 23:57:01.580 15991 15991 D MonkeyStub: translateCommand: touch move 614 937
10-31 23:57:01.697 15991 15991 D MonkeyStub: translateCommand: touch move 614 812
10-31 23:57:01.822 15991 15991 D MonkeyStub: translateCommand: touch move 614 687
10-31 23:57:01.931 15991 15991 D MonkeyStub: translateCommand: touch move 614 562
10-31 23:57:02.047 15991 15991 D MonkeyStub: translateCommand: touch move 614 437
10-31 23:57:02.156 15991 15991 D MonkeyStub: translateCommand: touch move 614 312
10-31 23:57:02.200 15991 15991 D MonkeyStub: translateCommand: touch up 614 312
10-31 23:57:02.210 15991 15991 D MonkeyStub: Quit requested
10-31 23:57:02.244   600   614 I CwMcuSensor: CwMcuSensor::flush: fd = 245, sensors_id = 0, path = /sys/class/htc_sensorhub/sensor_hub/flush, err = 0
10-31 23:57:02.257 15991 15991 I art     : System.exit called, status: 114
10-31 23:57:02.257 15991 15991 I AndroidRuntime: VM exiting with result code 114.
10-31 23:57:02.310   600   610 W WindowManager: Attempted to remove non-existing token: android.os.Binder@9b572b0
10-31 23:57:18.476 16203 16203 D AndroidRuntime: >>>>>> START com.android.internal.os.RuntimeInit uid 2000 <<<<<<
10-31 23:57:18.482 16203 16203 D AndroidRuntime: CheckJNI is OFF
10-31 23:57:18.587 16203 16203 D ICU     : No timezone override file found: /data/misc/zoneinfo/current/icu/icu_tzdata.dat
10-31 23:57:18.635 16203 16203 I Radio-JNI: register_android_hardware_Radio DONE
10-31 23:57:18.652 16203 16203 D AndroidRuntime: Calling main entry com.android.commands.am.Am
10-31 23:57:18.675   600 16391 I ActivityManager: Force stopping com.opera.browser appid=10122 user=0: from pid 16203
10-31 23:57:18.675   600 16391 I ActivityManager: Killing 15646:com.opera.browser:privileged_process0/u0a122 (adj 0): stop com.opera.browser
10-31 23:57:18.676   600 16391 D ActivityManager: cleanUpApplicationRecord -- 15646
10-31 23:57:18.676   600 16391 W ActivityManager: Scheduling restart of crashed service com.opera.browser/com.opera.android.browser.chromium.services.PrivilegedProcessService0 in 1000ms
10-31 23:57:18.677   600 16391 I ActivityManager: Killing 15510:com.opera.browser/u0a122 (adj 0): stop com.opera.browser
10-31 23:57:18.679   600 16391 D ActivityManager: cleanUpApplicationRecord -- 15510
10-31 23:57:18.680   600 16391 W ActivityManager: Force removing ActivityRecord{3e62b2e u0 com.opera.browser/com.opera.android.BrowserActivity t2507}: app died, no saved state
10-31 23:57:18.698   600 16391 I ActivityManager: Killing 15926:com.opera.browser:sandboxed_process0/u0a122 (adj 0): stop com.opera.browser
10-31 23:57:18.698   600 16391 D ActivityManager: cleanUpApplicationRecord -- 15926
10-31 23:57:18.708 16203 16203 D AndroidRuntime: Shutting down VM
10-31 23:57:18.763   600   611 D GraphicsStats: Buffer count: 2
10-31 23:57:18.763   600  9614 D ConnectivityService: ConnectivityService NetworkRequestInfo binderDied(NetworkRequest [ LISTEN id=2188, [ Capabilities: INTERNET&NOT_RESTRICTED&TRUSTED&FOREGROUND] ], android.os.BinderProxy@25a993f)
10-31 23:57:18.765   600   649 E ConnectivityService: RemoteException caught trying to send a callback msg for NetworkRequest [ LISTEN id=2188, [ Capabilities: INTERNET&NOT_RESTRICTED&TRUSTED&FOREGROUND] ]
10-31 23:57:18.766   600   713 D ConnectivityService: ConnectivityService NetworkRequestInfo binderDied(NetworkRequest [ LISTEN id=2187, [ Capabilities: INTERNET&NOT_RESTRICTED&TRUSTED&FOREGROUND] ], android.os.BinderProxy@fea20c)
10-31 23:57:18.770   600   649 E ConnectivityService: RemoteException caught trying to send a callback msg for NetworkRequest [ LISTEN id=2187, [ Capabilities: INTERNET&NOT_RESTRICTED&TRUSTED&FOREGROUND] ]
10-31 23:57:18.779 18269 18304 I OpenGLRenderer: Initialized EGL, version 1.4
10-31 23:57:18.779 18269 18304 D OpenGLRenderer: Swap behavior 2
10-31 23:57:18.816  1061  1061 D RegisteredNfcFServicesCache: Service unchanged, not updating
10-31 23:57:18.886 12218 12515 I AttachedClient: Adding client event 2 to pending list.
10-31 23:57:18.900 12218 12218 I OptInState: There is a new client and it does not support opt-in. Dropping request.
10-31 23:57:18.903 12218 12218 I MicroDetectionWorker: Micro detection mode: [mDetectionMode: [1]].
10-31 23:57:18.934 12218 16217 I MicroRecognitionRunner: Starting detection.
10-31 23:57:18.944 12218 12248 I MicrophoneInputStream: mic_starting com.google.android.apps.gsa.speech.audio.ae@2f74158
10-31 23:57:18.950   238   285 I SoundTriggerHwService::Module: void android::SoundTriggerHwService::Module::onCallbackEvent(const sp<android::SoundTriggerHwService::CallbackEvent> &) mClient == 0
10-31 23:57:18.982   238 16220 I AudioFlinger: AudioFlinger's thread 0xef692b00 ready to run
10-31 23:57:18.992 12218 12248 I MicrophoneInputStream: mic_started com.google.android.apps.gsa.speech.audio.ae@2f74158
10-31 23:57:18.997 12218 12228 I art     : Background sticky concurrent mark sweep GC freed 3717(207KB) AllocSpace objects, 0(0B) LOS objects, 8% free, 4MB/5MB, paused 14.797ms total 58.764ms
10-31 23:57:19.171 12218 12218 I MicroDetectionWorker: onReady
10-31 23:57:19.317 18269 18304 W OpenGLRenderer: Incorrectly called buildLayer on View: ShortcutAndWidgetContainer, destroying layer...
10-31 23:57:19.341 16215 16215 D AndroidRuntime: >>>>>> START com.android.internal.os.RuntimeInit uid 2000 <<<<<<
10-31 23:57:19.345 16215 16215 D AndroidRuntime: CheckJNI is OFF
10-31 23:57:19.413 16215 16215 D ICU     : No timezone override file found: /data/misc/zoneinfo/current/icu/icu_tzdata.dat
