11-02 10:28:07.033 17716 17716 D MonkeyStub: translateCommand: touch move 614 937
11-02 10:28:07.144 17716 17716 D MonkeyStub: translateCommand: touch move 614 812
11-02 10:28:07.254 17716 17716 D MonkeyStub: translateCommand: touch move 614 687
11-02 10:28:07.359 17716 17716 D MonkeyStub: translateCommand: touch move 614 562
11-02 10:28:07.465 17716 17716 D MonkeyStub: translateCommand: touch move 614 437
11-02 10:28:07.574 17716 17716 D MonkeyStub: translateCommand: touch move 614 312
11-02 10:28:07.580 17716 17716 D MonkeyStub: translateCommand: touch up 614 312
11-02 10:28:07.588 17716 17716 D MonkeyStub: Quit requested
11-02 10:28:07.625   601   615 I CwMcuSensor: CwMcuSensor::flush: fd = 237, sensors_id = 0, path = /sys/class/htc_sensorhub/sensor_hub/flush, err = 0
11-02 10:28:07.634 17716 17716 I art     : System.exit called, status: 114
11-02 10:28:07.634 17716 17716 I AndroidRuntime: VM exiting with result code 114.
11-02 10:28:07.693   601 12301 W WindowManager: Attempted to remove non-existing token: android.os.Binder@4911c09
11-02 10:28:23.660 17892 17892 D AndroidRuntime: >>>>>> START com.android.internal.os.RuntimeInit uid 2000 <<<<<<
11-02 10:28:23.666 17892 17892 D AndroidRuntime: CheckJNI is OFF
11-02 10:28:23.755 17892 17892 D ICU     : No timezone override file found: /data/misc/zoneinfo/current/icu/icu_tzdata.dat
11-02 10:28:23.797 17892 17892 I Radio-JNI: register_android_hardware_Radio DONE
11-02 10:28:23.814 17892 17892 D AndroidRuntime: Calling main entry com.android.commands.am.Am
11-02 10:28:23.835   601 12691 I ActivityManager: Force stopping com.opera.browser appid=10122 user=0: from pid 17892
11-02 10:28:23.835   601 12691 I ActivityManager: Killing 17376:com.opera.browser:privileged_process0/u0a122 (adj 0): stop com.opera.browser
11-02 10:28:23.835   601 12691 D ActivityManager: cleanUpApplicationRecord -- 17376
11-02 10:28:23.835   601 12691 W ActivityManager: Scheduling restart of crashed service com.opera.browser/com.opera.android.browser.chromium.services.PrivilegedProcessService0 in 1000ms
11-02 10:28:23.836   601 12691 I ActivityManager: Killing 17236:com.opera.browser/u0a122 (adj 0): stop com.opera.browser
11-02 10:28:23.836   601 12691 D ActivityManager: cleanUpApplicationRecord -- 17236
11-02 10:28:23.837   601 12691 W ActivityManager: Force removing ActivityRecord{add5f9a u0 com.opera.browser/com.opera.android.BrowserActivity t1233}: app died, no saved state
11-02 10:28:23.855 17654 17654 I art     : System.exit called, status: 0
11-02 10:28:23.855 17654 17654 I AndroidRuntime: VM exiting with result code 0, cleanup skipped.
11-02 10:28:23.867   601 12691 I ActivityManager: Killing 17654:com.opera.browser:sandboxed_process0/u0a122 (adj 0): stop com.opera.browser
11-02 10:28:23.867   601 12691 D ActivityManager: cleanUpApplicationRecord -- 17654
11-02 10:28:23.868 17892 17892 D AndroidRuntime: Shutting down VM
11-02 10:28:23.898  1065  1161 I OpenGLRenderer: Initialized EGL, version 1.4
11-02 10:28:23.898  1065  1161 D OpenGLRenderer: Swap behavior 2
11-02 10:28:23.910 26552 26552 I MemoryTrimmer: Trimming objects from memory, since app is in the background.
11-02 10:28:23.935  1052  1052 D RegisteredNfcFServicesCache: Service unchanged, not updating
11-02 10:28:23.991 26552 30767 I AttachedClient: Adding client event 2 to pending list.
11-02 10:28:24.006 26552 26552 I OptInState: There is a new client and it does not support opt-in. Dropping request.
11-02 10:28:24.008 26552 26552 I MicroDetectionWorker: Micro detection mode: [mDetectionMode: [1]].
11-02 10:28:24.024 26552 17907 I MicroRecognitionRunner: Starting detection.
11-02 10:28:24.025 26552 26616 I MicrophoneInputStream: mic_starting com.google.android.apps.gsa.speech.audio.ae@d6f4892
11-02 10:28:24.029   237 17910 I AudioFlinger: AudioFlinger's thread 0xf0812dc0 ready to run
11-02 10:28:24.038   237   285 I SoundTriggerHwService::Module: void android::SoundTriggerHwService::Module::onCallbackEvent(const sp<android::SoundTriggerHwService::CallbackEvent> &) mClient == 0
11-02 10:28:24.042 26552 26616 I MicrophoneInputStream: mic_started com.google.android.apps.gsa.speech.audio.ae@d6f4892
11-02 10:28:24.060 26552 26562 W art     : Suspending all threads took: 6.317ms
11-02 10:28:24.062 26552 26562 I art     : Background sticky concurrent mark sweep GC freed 3863(212KB) AllocSpace objects, 0(0B) LOS objects, 13% free, 6MB/7MB, paused 7.013ms total 35.910ms
11-02 10:28:24.216 26552 26552 I MicroDetectionWorker: onReady
11-02 10:28:24.219   601 12691 D ConnectivityService: ConnectivityService NetworkRequestInfo binderDied(NetworkRequest [ LISTEN id=203, [ Capabilities: INTERNET&NOT_RESTRICTED&TRUSTED&FOREGROUND] ], android.os.BinderProxy@5f5c2a)
11-02 10:28:24.219   601 12691 D GraphicsStats: Buffer count: 2
11-02 10:28:24.219   601 12691 D ConnectivityService: ConnectivityService NetworkRequestInfo binderDied(NetworkRequest [ LISTEN id=202, [ Capabilities: INTERNET&NOT_RESTRICTED&TRUSTED&FOREGROUND] ], android.os.BinderProxy@92b3a1b)
11-02 10:28:24.221   601   650 E ConnectivityService: RemoteException caught trying to send a callback msg for NetworkRequest [ LISTEN id=203, [ Capabilities: INTERNET&NOT_RESTRICTED&TRUSTED&FOREGROUND] ]
11-02 10:28:24.221   601   650 E ConnectivityService: RemoteException caught trying to send a callback msg for NetworkRequest [ LISTEN id=202, [ Capabilities: INTERNET&NOT_RESTRICTED&TRUSTED&FOREGROUND] ]
11-02 10:28:24.431  1065  1161 W OpenGLRenderer: Incorrectly called buildLayer on View: ShortcutAndWidgetContainer, destroying layer...
11-02 10:28:24.459 17911 17911 D AndroidRuntime: >>>>>> START com.android.internal.os.RuntimeInit uid 2000 <<<<<<
11-02 10:28:24.463 17911 17911 D AndroidRuntime: CheckJNI is OFF
11-02 10:28:24.551 17911 17911 D ICU     : No timezone override file found: /data/misc/zoneinfo/current/icu/icu_tzdata.dat
11-02 10:28:24.580 17911 17911 I Radio-JNI: register_android_hardware_Radio DONE
11-02 10:28:24.594 17911 17911 D AndroidRuntime: Calling main entry com.android.commands.pm.Pm
11-02 10:28:24.610   601   832 I ActivityManager: Force stopping com.opera.browser appid=10122 user=0: clear data
11-02 10:28:24.611   601   614 I ActivityManager: Force stopping com.opera.browser appid=10122 user=-1: clearApplicationUserData
11-02 10:28:24.744   785   785 I GeofencerStateMachine: removeGeofences: removeRequest=RemoveGeofencingRequest[REMOVE_ALL packageName=com.opera.browser]
11-02 10:28:24.755  1052  1052 D RegisteredNfcFServicesCache: Service unchanged, not updating
11-02 10:28:24.757   601   613 W ResourceType: No known package when getting value for resource number 0x7f100007
11-02 10:28:24.757   601   613 W ResourceType: No known package when getting value for resource number 0x7f13090c
11-02 10:28:24.757   601   613 W ResourceType: No known package when getting value for resource number 0x7f100005
11-02 10:28:24.757   601   613 W ResourceType: No known package when getting value for resource number 0x7f13090a
11-02 10:28:24.757   601   613 W ResourceType: No known package when getting value for resource number 0x7f100004
11-02 10:28:24.757   601   613 W ResourceType: No known package when getting value for resource number 0x7f130909
11-02 10:28:24.759   601   613 W ResourceType: No known package when getting value for resource number 0x7f100006
11-02 10:28:24.759   601   613 W ResourceType: No known package when getting value for resource number 0x7f13090b
11-02 10:28:24.761 17911 17911 I art     : System.exit called, status: 0
11-02 10:28:24.761 17911 17911 I AndroidRuntime: VM exiting with result code 0.
11-02 10:28:24.817   785 17931 I Fitness : FitCleanupIntentOperation received Intent android.intent.action.PACKAGE_DATA_CLEARED [CONTEXT service_id=17 ]
11-02 10:28:24.841 10984 11398 I Icing   : doRemovePackageData com.opera.browser
