11-02 11:25:53.458  8020  8069 I TaskQueue:  - Finished 23, time 169 ms
11-02 11:25:53.458  8020  8069 I TaskQueue: Execute task [BACKGROUND - d: false, b: 0]: 11
11-02 11:25:53.462  8020  8069 I SessionCache: Determining accessible content
11-02 11:25:53.464  8020  8069 I TimingUtils: Task Timing   5ms, thread JardinExecutor | task : ContentGc | contentItemsRemoved : 0
11-02 11:25:53.464  8020  8069 I TaskQueue:  - Finished 11, time 6 ms
11-02 11:25:53.590  8020  8251 I PlayCore: UID: [10035]  PID: [8020] SplitInstallService : Initiate binding to the service.
11-02 11:25:53.590   601   819 W ActivityManager: Unable to start service Intent { act=com.google.android.play.core.splitinstall.BIND_SPLIT_INSTALL_SERVICE pkg=com.android.vending } U=0: not found
11-02 11:25:53.603   601  3564 D ActivityManager: cleanUpApplicationRecord -- 8190
11-02 11:25:53.613  8020  8020 W chromium: [WARNING:compositor_view.cc(315)] Child process died (type=6) pid=8190)
11-02 11:25:53.636 23975 23986 W art     : Suspending all threads took: 15.719ms
11-02 11:25:53.644 23975 23986 I art     : Background sticky concurrent mark sweep GC freed 16806(1084KB) AllocSpace objects, 12(240KB) LOS objects, 21% free, 7MB/9MB, paused 16.459ms total 275.909ms
11-02 11:25:53.646   601  7042 D ActivityManager: cleanUpApplicationRecord -- 8384
11-02 11:25:53.652   601  9643 D ActivityManager: cleanUpApplicationRecord -- 8415
11-02 11:25:53.660   601  4276 D ActivityManager: cleanUpApplicationRecord -- 8403
11-02 11:25:53.665  8020  8020 W chromium: [WARNING:compositor_view.cc(315)] Child process died (type=6) pid=8415)
11-02 11:25:53.666  8020  8020 W chromium: [WARNING:compositor_view.cc(315)] Child process died (type=6) pid=8403)
11-02 11:25:53.667  8020  8020 W chromium: [WARNING:compositor_view.cc(315)] Child process died (type=6) pid=8384)
11-02 11:25:53.668   601   819 D ActivityManager: cleanUpApplicationRecord -- 8237
11-02 11:25:53.674  8020  8020 W chromium: [WARNING:compositor_view.cc(315)] Child process died (type=6) pid=8237)
11-02 11:25:53.702  8020  8251 I PlayCore: UID: [10035]  PID: [8020] SplitInstallService : Failed to bind to the service.
11-02 11:25:53.703 23975  4479 W Icing   : No valid account for uploading user actions
11-02 11:25:53.714   601   660 D ActivityManager: cleanUpApplicationRecord -- 8179
11-02 11:25:53.723   601 10729 D ActivityManager: cleanUpApplicationRecord -- 8201
11-02 11:25:53.731   601  3864 D ActivityManager: cleanUpApplicationRecord -- 8391
11-02 11:25:53.742 23975 24302 I Icing   : IndexChimeraService.getServiceInterface callingPackage=com.google.android.gms componentName=null serviceId=30
11-02 11:25:53.745  8020  8020 W chromium: [WARNING:compositor_view.cc(315)] Child process died (type=6) pid=8201)
11-02 11:25:53.747  8020  8020 W chromium: [WARNING:compositor_view.cc(315)] Child process died (type=6) pid=8179)
11-02 11:25:53.748  8020  8020 W chromium: [WARNING:compositor_view.cc(315)] Child process died (type=6) pid=8391)
11-02 11:25:53.753   601  1452 D ActivityManager: cleanUpApplicationRecord -- 8325
11-02 11:25:53.764   601   832 D ActivityManager: cleanUpApplicationRecord -- 8223
11-02 11:25:53.780   601 19770 D ActivityManager: cleanUpApplicationRecord -- 8344
11-02 11:25:53.786   601   819 D ActivityManager: cleanUpApplicationRecord -- 8155
11-02 11:25:53.794   601  2013 D ActivityManager: cleanUpApplicationRecord -- 8349
11-02 11:25:53.806  8020  8020 W chromium: [WARNING:compositor_view.cc(315)] Child process died (type=6) pid=8325)
11-02 11:25:53.808  8020  8020 W chromium: [WARNING:compositor_view.cc(315)] Child process died (type=6) pid=8155)
11-02 11:25:53.809  8020  8020 W chromium: [WARNING:compositor_view.cc(315)] Child process died (type=6) pid=8223)
11-02 11:25:53.810  8020  8020 W chromium: [WARNING:compositor_view.cc(315)] Child process died (type=6) pid=8344)
11-02 11:25:53.811  8020  8020 W chromium: [WARNING:compositor_view.cc(315)] Child process died (type=6) pid=8349)
11-02 11:25:54.902  8020  8030 W art     : Suspending all threads took: 6.438ms
11-02 11:25:54.914  8020  8030 I art     : Background sticky concurrent mark sweep GC freed 9241(455KB) AllocSpace objects, 0(0B) LOS objects, 3% free, 16MB/16MB, paused 7.639ms total 32.446ms
11-02 11:25:54.919   785  1711 W Icing   : isOptedInForAppHistory: empty Account Name encountered
11-02 11:25:54.949   785  1711 W Icing   : isOptedInForAppHistory: empty Account Name encountered
11-02 11:25:55.088 23975  4479 I Icing   : Usage reports ok 3, Failed Usage reports 0, indexed 1, rejected 0
11-02 11:25:55.091 23975  4479 I Icing   : Removing corpus key com.android.chrome-omnibox for package com.android.chrome
11-02 11:25:55.100   785  5404 W Icing   : isOptedInForAppHistory: empty Account Name encountered
11-02 11:25:55.120 23975  4479 I native  : flash-index.cc:1519 Flash index sort hb 8 prefix-hits 13 -> 12 at 5.154ms
11-02 11:25:55.334 23975  4479 I native  : document-store.cc:1654 Scored 3238 usage reports, missing_corpora 0 update_failed 1762
11-02 11:25:55.359  8020  8074 I cr_omaha: Request to Server Successful. Timestamp for next request:1667388355359
11-02 11:25:55.404  8020  8074 I cr_omaha: Request to Server Successful. Timestamp for next request:1667388355404
11-02 11:25:55.405  8020  8074 I cr_omaha: Attempting to schedule next job for: Wed Nov 02 16:25:55 GMT+01:00 2022
11-02 11:25:55.407  8020  8020 I cr_omaha: Scheduled using JobService
11-02 11:25:55.407  8020  8020 E cr_BkgrdTaskJS: Tried finishing non-current BackgroundTask.
11-02 11:25:55.540 23975  4479 W Icing   : No valid account for uploading user actions
11-02 11:25:55.610 23975  4479 I Icing   : Usage reports ok 1, Failed Usage reports 0, indexed 1, rejected 0
11-02 11:25:55.612 23975  4479 W Icing   : No valid account for uploading user actions
11-02 11:25:55.671 23975  4479 I Icing   : Usage reports ok 0, Failed Usage reports 0, indexed 0, rejected 0
11-02 11:25:55.672 23975  4479 I Icing   : Indexing com.android.chrome-omnibox from com.android.chrome
11-02 11:25:56.002  8020  8030 I art     : Background partial concurrent mark sweep GC freed 27331(1398KB) AllocSpace objects, 30(3MB) LOS objects, 40% free, 12MB/21MB, paused 3.540ms total 109.482ms
11-02 11:25:56.050  8020  8020 E cr_BTSPrefs: No data found for task id: 53
11-02 11:25:56.051  8020  8020 E cr_BkgrdTaskScheduler: Task cannot be canceled because no data was found instorage or data was invalid
11-02 11:25:56.093 23975  4479 I Icing   : Indexing done com.android.chrome-omnibox
11-02 11:25:56.276  8020  8072 W InstanceID: Instance ID SDK is deprecated, com.android.chrome should update to use Firebase Instance ID
11-02 11:25:56.401  8020  8020 I cr_tabmodel: Appending tabs being restored to metadata lists, 0, startingNormalCount: 2, startingIncognitoCount: 0
11-02 11:25:56.401  8020  8020 I cr_tabmodel: Serializing tab lists; counts: 2, 0
11-02 11:26:00.648  8020  8020 E cr_BTSPrefs: No data found for task id: 57
11-02 11:26:00.648  8020  8020 E cr_BkgrdTaskScheduler: Task cannot be canceled because no data was found instorage or data was invalid
11-02 11:26:00.650  8020  8020 E cr_BTSPrefs: No data found for task id: 56
11-02 11:26:00.650  8020  8020 E cr_BkgrdTaskScheduler: Task cannot be canceled because no data was found instorage or data was invalid
11-02 11:26:05.837  8530  8530 D AndroidRuntime: >>>>>> START com.android.internal.os.RuntimeInit uid 2000 <<<<<<
11-02 11:26:05.841  8530  8530 D AndroidRuntime: CheckJNI is OFF
11-02 11:26:05.908  8530  8530 D ICU     : No timezone override file found: /data/misc/zoneinfo/current/icu/icu_tzdata.dat
11-02 11:26:05.941  8530  8530 I Radio-JNI: register_android_hardware_Radio DONE
11-02 11:26:05.957  8530  8530 D AndroidRuntime: Calling main entry com.android.commands.monkey.Monkey
11-02 11:26:06.026   601   614 W BroadcastQueue: Skipping deliver [background] BroadcastRecord{bb8bb68 u-1 android.net.conn.CONNECTIVITY_CHANGE} to ReceiverList{131ab81 8530 (unknown name)/2000/u-1 remote:bbfc5a}: process crashing
11-02 11:26:07.540  8530  8530 D MonkeyStub: translateCommand: wake
11-02 11:26:07.665  8530  8530 D MonkeyStub: translateCommand: tap 1156 1096
11-02 11:26:09.725  8530  8530 D MonkeyStub: translateCommand: tap 259 298
11-02 11:26:11.759  8530  8530 D MonkeyStub: translateCommand: tap 777 567
11-02 11:26:13.839  8530  8530 D MonkeyStub: translateCommand: tap 168 1070
11-02 11:26:14.050   785  1162 E AsyncOperation: serviceID=121, operation=GetLaunchDataOperation [CONTEXT service_id=259 ]
11-02 11:26:14.050   785  1162 E AsyncOperation: OperationException[Status{statusCode=Not an instant app, resolution=null}]
11-02 11:26:14.050   785  1162 E AsyncOperation: 	at aeay.a(:com.google.android.gms@203915020@20.39.15 (040406-335085812):20)
11-02 11:26:14.050   785  1162 E AsyncOperation: 	at aain.run(:com.google.android.gms@203915020@20.39.15 (040406-335085812):7)
11-02 11:26:14.050   785  1162 E AsyncOperation: 	at boex.run(:com.google.android.gms@203915020@20.39.15 (040406-335085812):2)
11-02 11:26:14.050   785  1162 E AsyncOperation: 	at sup.b(:com.google.android.gms@203915020@20.39.15 (040406-335085812):12)
11-02 11:26:14.050   785  1162 E AsyncOperation: 	at sup.run(:com.google.android.gms@203915020@20.39.15 (040406-335085812):7)
11-02 11:26:14.050   785  1162 E AsyncOperation: 	at java.util.concurrent.ThreadPoolExecutor.runWorker(ThreadPoolExecutor.java:1133)
11-02 11:26:14.050   785  1162 E AsyncOperation: 	at java.util.concurrent.ThreadPoolExecutor$Worker.run(ThreadPoolExecutor.java:607)
11-02 11:26:14.050   785  1162 E AsyncOperation: 	at tam.run(:com.google.android.gms@203915020@20.39.15 (040406-335085812):0)
11-02 11:26:14.050   785  1162 E AsyncOperation: 	at java.lang.Thread.run(Thread.java:761)
11-02 11:26:14.661   785  1706 W Icing   : isOptedInForAppHistory: empty Account Name encountered
11-02 11:26:14.668   785  1706 W Icing   : isOptedInForAppHistory: empty Account Name encountered
11-02 11:26:14.756   785  3800 W Icing   : isOptedInForAppHistory: empty Account Name encountered
11-02 11:26:18.245   601   610 I art     : Background partial concurrent mark sweep GC freed 74976(3MB) AllocSpace objects, 52(1940KB) LOS objects, 33% free, 14MB/22MB, paused 944us total 134.048ms
11-02 11:26:21.884  8530  8530 D MonkeyStub: translateCommand: touch down 614 1561
11-02 11:26:21.892  8530  8530 D MonkeyStub: translateCommand: touch move 614 1561
11-02 11:26:21.999  8530  8530 D MonkeyStub: translateCommand: touch move 614 1436
11-02 11:26:22.108  8530  8530 D MonkeyStub: translateCommand: touch move 614 1311
11-02 11:26:22.216  8530  8530 D MonkeyStub: translateCommand: touch move 614 1186
11-02 11:26:22.321  8530  8530 D MonkeyStub: translateCommand: touch move 614 1061
11-02 11:26:22.425  8530  8530 D MonkeyStub: translateCommand: touch move 614 937
11-02 11:26:22.530  8530  8530 D MonkeyStub: translateCommand: touch move 614 812
11-02 11:26:22.637  8530  8530 D MonkeyStub: translateCommand: touch move 614 687
11-02 11:26:22.742  8530  8530 D MonkeyStub: translateCommand: touch move 614 562
11-02 11:26:22.847  8530  8530 D MonkeyStub: translateCommand: touch move 614 437
11-02 11:26:22.966  8530  8530 D MonkeyStub: translateCommand: touch move 614 312
11-02 11:26:22.971  8530  8530 D MonkeyStub: translateCommand: touch up 614 312
11-02 11:26:23.032  8530  8530 D MonkeyStub: translateCommand: touch down 614 1561
11-02 11:26:23.039  8530  8530 D MonkeyStub: translateCommand: touch move 614 1561
11-02 11:26:23.144  8530  8530 D MonkeyStub: translateCommand: touch move 614 1436
11-02 11:26:23.252  8530  8530 D MonkeyStub: translateCommand: touch move 614 1311
11-02 11:26:23.359  8530  8530 D MonkeyStub: translateCommand: touch move 614 1186
11-02 11:26:23.404 23975 24302 I Icing   : IndexChimeraService.getServiceInterface callingPackage=com.android.chrome componentName=null serviceId=36
11-02 11:26:23.414 23975  4479 W Icing   : No valid account for uploading user actions
11-02 11:26:23.447 23975 24437 I Icing   : IndexChimeraService.getServiceInterface callingPackage=com.google.android.gms componentName=null serviceId=30
11-02 11:26:23.473  8530  8530 D MonkeyStub: translateCommand: touch move 614 1061
11-02 11:26:23.585  8530  8530 D MonkeyStub: translateCommand: touch move 614 937
11-02 11:26:23.690  8530  8530 D MonkeyStub: translateCommand: touch move 614 812
11-02 11:26:23.744 23975  4479 I Icing   : Usage reports ok 1, Failed Usage reports 0, indexed 1, rejected 0
11-02 11:26:23.755 23975  4479 W Icing   : No valid account for uploading user actions
11-02 11:26:23.771 23975  4479 I Icing   : Usage reports ok 0, Failed Usage reports 0, indexed 0, rejected 0
11-02 11:26:23.777 23975  4479 I Icing   : Indexing com.android.chrome-omnibox from com.android.chrome
11-02 11:26:23.836  8530  8530 D MonkeyStub: translateCommand: touch move 614 687
11-02 11:26:23.862 23975  8507 I Icing   : Indexing done com.android.chrome-omnibox
11-02 11:26:23.941  8530  8530 D MonkeyStub: translateCommand: touch move 614 562
11-02 11:26:24.049  8530  8530 D MonkeyStub: translateCommand: touch move 614 437
11-02 11:26:24.160  8530  8530 D MonkeyStub: translateCommand: touch move 614 312
11-02 11:26:24.163  8530  8530 D MonkeyStub: translateCommand: touch up 614 312
11-02 11:26:24.800   785  1696 W Icing   : isOptedInForAppHistory: empty Account Name encountered
11-02 11:26:24.830   785  5404 W Icing   : isOptedInForAppHistory: empty Account Name encountered
11-02 11:26:28.354  8530  8530 D MonkeyStub: translateCommand: touch down 614 1561
11-02 11:26:28.359  8530  8530 D MonkeyStub: translateCommand: touch move 614 1561
11-02 11:26:28.464  8530  8530 D MonkeyStub: translateCommand: touch move 614 1436
11-02 11:26:28.573  8530  8530 D MonkeyStub: translateCommand: touch move 614 1311
11-02 11:26:28.678  8530  8530 D MonkeyStub: translateCommand: touch move 614 1186
11-02 11:26:28.806  8530  8530 D MonkeyStub: translateCommand: touch move 614 1061
11-02 11:26:28.911  8530  8530 D MonkeyStub: translateCommand: touch move 614 937
11-02 11:26:29.278  8020  8020 I Choreographer: Skipped 59 frames!  The application may be doing too much work on its main thread.
11-02 11:26:29.278  8530  8530 D MonkeyStub: translateCommand: touch move 614 812
11-02 11:26:29.389  8530  8530 D MonkeyStub: translateCommand: touch move 614 687
11-02 11:26:29.537  8530  8530 D MonkeyStub: translateCommand: touch move 614 562
11-02 11:26:29.681  8530  8530 D MonkeyStub: translateCommand: touch move 614 437
11-02 11:26:29.789  8530  8530 D MonkeyStub: translateCommand: touch move 614 312
11-02 11:26:29.796  8530  8530 D MonkeyStub: translateCommand: touch up 614 312
11-02 11:26:31.406   601   648 I WifiHAL : Got channel list with 13 channels
11-02 11:26:31.407   601   648 I WifiHAL : Got channel list with 4 channels
11-02 11:26:31.408   601   648 I WifiHAL : Got channel list with 15 channels
11-02 11:26:31.835  8530  8530 D MonkeyStub: translateCommand: tap 278 93
11-02 11:26:32.415   601 12691 I ActivityManager: Start proc 8582:com.android.chrome:sandboxed_process19/u0i391 for service com.android.chrome/org.chromium.content.app.SandboxedProcessService19
11-02 11:26:32.470  8582  8582 W boxed_process19: type=1400 audit(0.0:2293): avc: denied { getattr } for path="/data/data/com.android.chrome" dev="dm-2" ino=12190 scontext=u:r:isolated_app:s0:c512,c768 tcontext=u:object_r:app_data_file:s0:c512,c768 tclass=dir permissive=0
11-02 11:26:32.510  8582  8582 I cr_ChildProcessService: Creating new ChildProcessService pid=8582
11-02 11:26:32.572  8582  8596 I cr_LibraryLoader: Loaded native library version number "85.0.4183.127"
11-02 11:26:32.575  8582  8596 I cr_CachingUmaRecorder: Flushed 1 samples from 1 histograms.
11-02 11:26:32.600  8596  8596 W CrUtilityMain: type=1400 audit(0.0:2294): avc: denied { setattr } for name="LICENSE.txt" dev="dm-2" ino=50514 scontext=u:r:isolated_app:s0:c512,c768 tcontext=u:object_r:app_data_file:s0:c512,c768 tclass=file permissive=0
11-02 11:26:32.604  8596  8596 W CrUtilityMain: type=1400 audit(0.0:2295): avc: denied { setattr } for name=46696C746572696E672052756C6573 dev="dm-2" ino=50833 scontext=u:r:isolated_app:s0:c512,c768 tcontext=u:object_r:app_data_file:s0:c512,c768 tclass=file permissive=0
11-02 11:26:32.610  8596  8596 W CrUtilityMain: type=1400 audit(0.0:2296): avc: denied { setattr } for name="manifest.json" dev="dm-2" ino=51379 scontext=u:r:isolated_app:s0:c512,c768 tcontext=u:object_r:app_data_file:s0:c512,c768 tclass=file permissive=0
11-02 11:26:32.614  8596  8596 W CrUtilityMain: type=1400 audit(0.0:2297): avc: denied { setattr } for name="verified_contents.json" dev="dm-2" ino=51825 scontext=u:r:isolated_app:s0:c512,c768 tcontext=u:object_r:app_data_file:s0:c512,c768 tclass=file permissive=0
11-02 11:26:32.622  8582  8596 I chromium: [INFO:child_process_service.cc(69)] ChildProcessService: Exiting child process.
11-02 11:26:32.659   601  3864 I ActivityManager: Process com.android.chrome:sandboxed_process19 (pid 8582) has died
11-02 11:26:32.660   601  3864 D ActivityManager: cleanUpApplicationRecord -- 8582
11-02 11:26:32.673  8020  8020 W chromium: [WARNING:compositor_view.cc(315)] Child process died (type=6) pid=8582)
11-02 11:26:32.758   785  1162 E AsyncOperation: serviceID=121, operation=GetLaunchDataOperation [CONTEXT service_id=259 ]
11-02 11:26:32.758   785  1162 E AsyncOperation: OperationException[Status{statusCode=Not an instant app, resolution=null}]
11-02 11:26:32.758   785  1162 E AsyncOperation: 	at aeay.a(:com.google.android.gms@203915020@20.39.15 (040406-335085812):20)
11-02 11:26:32.758   785  1162 E AsyncOperation: 	at aain.run(:com.google.android.gms@203915020@20.39.15 (040406-335085812):7)
11-02 11:26:32.758   785  1162 E AsyncOperation: 	at boex.run(:com.google.android.gms@203915020@20.39.15 (040406-335085812):2)
11-02 11:26:32.758   785  1162 E AsyncOperation: 	at sup.b(:com.google.android.gms@203915020@20.39.15 (040406-335085812):12)
11-02 11:26:32.758   785  1162 E AsyncOperation: 	at sup.run(:com.google.android.gms@203915020@20.39.15 (040406-335085812):7)
11-02 11:26:32.758   785  1162 E AsyncOperation: 	at java.util.concurrent.ThreadPoolExecutor.runWorker(ThreadPoolExecutor.java:1133)
11-02 11:26:32.758   785  1162 E AsyncOperation: 	at java.util.concurrent.ThreadPoolExecutor$Worker.run(ThreadPoolExecutor.java:607)
11-02 11:26:32.758   785  1162 E AsyncOperation: 	at tam.run(:com.google.android.gms@203915020@20.39.15 (040406-335085812):0)
11-02 11:26:32.758   785  1162 E AsyncOperation: 	at java.lang.Thread.run(Thread.java:761)
11-02 11:26:32.886 23975 23986 I art     : Background partial concurrent mark sweep GC freed 47635(3MB) AllocSpace objects, 1(20KB) LOS objects, 39% free, 7MB/12MB, paused 383us total 114.506ms
11-02 11:26:33.225   196   196 E SELinux : avc:  denied  { find } for service=netd pid=8602 uid=2000 scontext=u:r:shell:s0 tcontext=u:object_r:netd_service:s0 tclass=service_manager permissive=0
11-02 11:26:33.230   196   196 E SELinux : avc:  denied  { find } for service=android.service.gatekeeper.IGateKeeperService pid=8602 uid=2000 scontext=u:r:shell:s0 tcontext=u:object_r:gatekeeper_service:s0 tclass=service_manager permissive=0
11-02 11:26:33.363   601   660 I ActivityManager: Start proc 8603:com.android.chrome:sandboxed_process20/u0i392 for service com.android.chrome/org.chromium.content.app.SandboxedProcessService20
11-02 11:26:33.470  8603  8603 W boxed_process20: type=1400 audit(0.0:2298): avc: denied { getattr } for path="/data/data/com.android.chrome" dev="dm-2" ino=12190 scontext=u:r:isolated_app:s0:c512,c768 tcontext=u:object_r:app_data_file:s0:c512,c768 tclass=dir permissive=0
11-02 11:26:33.504  8603  8603 I cr_ChildProcessService: Creating new ChildProcessService pid=8603
11-02 11:26:33.526   601   610 I art     : Background partial concurrent mark sweep GC freed 72390(4MB) AllocSpace objects, 8(192KB) LOS objects, 33% free, 15MB/22MB, paused 784us total 153.771ms
11-02 11:26:33.556  8603  8616 I cr_LibraryLoader: Loaded native library version number "85.0.4183.127"
11-02 11:26:33.557  8603  8616 I cr_CachingUmaRecorder: Flushed 1 samples from 1 histograms.
11-02 11:26:33.600  8616  8616 W CrUtilityMain: type=1400 audit(0.0:2299): avc: denied { setattr } for name="tl_en-us_2022-10-26_484799359_100000_index.bin" dev="dm-2" ino=58079 scontext=u:r:isolated_app:s0:c512,c768 tcontext=u:object_r:app_data_file:s0:c512,c768 tclass=file permissive=0
11-02 11:26:33.604  8616  8616 W CrUtilityMain: type=1400 audit(0.0:2300): avc: denied { setattr } for name="manifest.json" dev="dm-2" ino=58175 scontext=u:r:isolated_app:s0:c512,c768 tcontext=u:object_r:app_data_file:s0:c512,c768 tclass=file permissive=0
11-02 11:26:33.607  8616  8616 W CrUtilityMain: type=1400 audit(0.0:2301): avc: denied { setattr } for name="verified_contents.json" dev="dm-2" ino=57933 scontext=u:r:isolated_app:s0:c512,c768 tcontext=u:object_r:app_data_file:s0:c512,c768 tclass=file permissive=0
11-02 11:26:33.623  8603  8603 I cr_ChildProcessService: Destroying ChildProcessService pid=8603
11-02 11:26:33.623  8603  8616 I chromium: [INFO:child_process_service.cc(69)] ChildProcessService: Exiting child process.
11-02 11:26:33.650   601   611 I ActivityManager: Process com.android.chrome:sandboxed_process20 (pid 8603) has died
11-02 11:26:33.650   601   611 D ActivityManager: cleanUpApplicationRecord -- 8603
11-02 11:26:33.651  8020  8020 W chromium: [WARNING:compositor_view.cc(315)] Child process died (type=6) pid=8603)
11-02 11:26:34.660   601 12301 I ActivityManager: Start proc 8623:com.android.chrome:sandboxed_process21/u0i393 for service com.android.chrome/org.chromium.content.app.SandboxedProcessService21
11-02 11:26:34.720  8623  8623 W boxed_process21: type=1400 audit(0.0:2302): avc: denied { getattr } for path="/data/data/com.android.chrome" dev="dm-2" ino=12190 scontext=u:r:isolated_app:s0:c512,c768 tcontext=u:object_r:app_data_file:s0:c512,c768 tclass=dir permissive=0
11-02 11:26:34.751  8623  8623 I cr_ChildProcessService: Creating new ChildProcessService pid=8623
11-02 11:26:34.803  8623  8636 I cr_LibraryLoader: Loaded native library version number "85.0.4183.127"
11-02 11:26:34.803  8623  8636 I cr_CachingUmaRecorder: Flushed 1 samples from 1 histograms.
11-02 11:26:34.820  8636  8636 W CrUtilityMain: type=1400 audit(0.0:2303): avc: denied { setattr } for name="optimization-hints.pb" dev="dm-2" ino=58969 scontext=u:r:isolated_app:s0:c512,c768 tcontext=u:object_r:app_data_file:s0:c512,c768 tclass=file permissive=0
11-02 11:26:34.820  8636  8636 W CrUtilityMain: type=1400 audit(0.0:2304): avc: denied { setattr } for name="manifest.json" dev="dm-2" ino=58989 scontext=u:r:isolated_app:s0:c512,c768 tcontext=u:object_r:app_data_file:s0:c512,c768 tclass=file permissive=0
11-02 11:26:34.824  8636  8636 W CrUtilityMain: type=1400 audit(0.0:2305): avc: denied { setattr } for name="verified_contents.json" dev="dm-2" ino=59550 scontext=u:r:isolated_app:s0:c512,c768 tcontext=u:object_r:app_data_file:s0:c512,c768 tclass=file permissive=0
11-02 11:26:34.830  8623  8636 I chromium: [INFO:child_process_service.cc(69)] ChildProcessService: Exiting child process.
11-02 11:26:34.831   195   195 E lowmemorykiller: Error writing /proc/8623/oom_score_adj; errno=22
11-02 11:26:34.854  8020  8020 W chromium: [WARNING:compositor_view.cc(315)] Child process died (type=6) pid=8623)
11-02 11:26:34.854   601   611 I ActivityManager: Process com.android.chrome:sandboxed_process21 (pid 8623) has died
11-02 11:26:34.854   601   611 D ActivityManager: cleanUpApplicationRecord -- 8623
11-02 11:26:35.387   785  1271 W Icing   : isOptedInForAppHistory: empty Account Name encountered
11-02 11:26:35.405   785  1271 W Icing   : isOptedInForAppHistory: empty Account Name encountered
11-02 11:26:35.498   785  3800 W Icing   : isOptedInForAppHistory: empty Account Name encountered
11-02 11:26:36.131   601  4276 I ActivityManager: Start proc 8640:com.android.chrome:sandboxed_process22/u0i394 for service com.android.chrome/org.chromium.content.app.SandboxedProcessService22
11-02 11:26:36.184  8640  8640 W boxed_process22: type=1400 audit(0.0:2306): avc: denied { getattr } for path="/data/data/com.android.chrome" dev="dm-2" ino=12190 scontext=u:r:isolated_app:s0:c512,c768 tcontext=u:object_r:app_data_file:s0:c512,c768 tclass=dir permissive=0
11-02 11:26:36.207  8640  8640 I cr_ChildProcessService: Creating new ChildProcessService pid=8640
11-02 11:26:36.259  8640  8653 I cr_LibraryLoader: Loaded native library version number "85.0.4183.127"
11-02 11:26:36.260  8640  8653 I cr_CachingUmaRecorder: Flushed 1 samples from 1 histograms.
11-02 11:26:36.287  8653  8653 W CrUtilityMain: type=1400 audit(0.0:2307): avc: denied { setattr } for name="crl-set" dev="dm-2" ino=59220 scontext=u:r:isolated_app:s0:c512,c768 tcontext=u:object_r:app_data_file:s0:c512,c768 tclass=file permissive=0
11-02 11:26:36.287  8653  8653 W CrUtilityMain: type=1400 audit(0.0:2308): avc: denied { setattr } for name="manifest.json" dev="dm-2" ino=59407 scontext=u:r:isolated_app:s0:c512,c768 tcontext=u:object_r:app_data_file:s0:c512,c768 tclass=file permissive=0
11-02 11:26:36.287  8653  8653 W CrUtilityMain: type=1400 audit(0.0:2309): avc: denied { setattr } for name="LICENSE" dev="dm-2" ino=59323 scontext=u:r:isolated_app:s0:c512,c768 tcontext=u:object_r:app_data_file:s0:c512,c768 tclass=file permissive=0
11-02 11:26:36.290  8653  8653 W CrUtilityMain: type=1400 audit(0.0:2310): avc: denied { setattr } for name="verified_contents.json" dev="dm-2" ino=59504 scontext=u:r:isolated_app:s0:c512,c768 tcontext=u:object_r:app_data_file:s0:c512,c768 tclass=file permissive=0
11-02 11:26:36.303  8640  8640 I cr_ChildProcessService: Destroying ChildProcessService pid=8640
11-02 11:26:36.304  8640  8653 I chromium: [INFO:child_process_service.cc(69)] ChildProcessService: Exiting child process.
11-02 11:26:36.328   601 15862 I ActivityManager: Process com.android.chrome:sandboxed_process22 (pid 8640) has died
11-02 11:26:36.328   601 15862 D ActivityManager: cleanUpApplicationRecord -- 8640
11-02 11:26:36.341  8020  8020 W chromium: [WARNING:compositor_view.cc(315)] Child process died (type=6) pid=8640)
11-02 11:26:37.797   601   832 I ActivityManager: Start proc 8659:com.android.chrome:sandboxed_process23/u0i395 for service com.android.chrome/org.chromium.content.app.SandboxedProcessService23
11-02 11:26:37.844  8659  8659 W boxed_process23: type=1400 audit(0.0:2311): avc: denied { getattr } for path="/data/data/com.android.chrome" dev="dm-2" ino=12190 scontext=u:r:isolated_app:s0:c512,c768 tcontext=u:object_r:app_data_file:s0:c512,c768 tclass=dir permissive=0
11-02 11:26:37.884  8659  8659 I cr_ChildProcessService: Creating new ChildProcessService pid=8659
11-02 11:26:37.963  8659  8672 I cr_LibraryLoader: Loaded native library version number "85.0.4183.127"
11-02 11:26:37.964  8659  8672 I cr_CachingUmaRecorder: Flushed 1 samples from 1 histograms.
11-02 11:26:37.994  8672  8672 W CrUtilityMain: type=1400 audit(0.0:2312): avc: denied { setattr } for name="manifest.json" dev="dm-2" ino=59881 scontext=u:r:isolated_app:s0:c512,c768 tcontext=u:object_r:app_data_file:s0:c512,c768 tclass=file permissive=0
11-02 11:26:38.010  8672  8672 W CrUtilityMain: type=1400 audit(0.0:2313): avc: denied { setattr } for name="verified_contents.json" dev="dm-2" ino=60361 scontext=u:r:isolated_app:s0:c512,c768 tcontext=u:object_r:app_data_file:s0:c512,c768 tclass=file permissive=0
11-02 11:26:38.026  8659  8659 I cr_ChildProcessService: Destroying ChildProcessService pid=8659
11-02 11:26:38.027  8659  8672 I chromium: [INFO:child_process_service.cc(69)] ChildProcessService: Exiting child process.
11-02 11:26:38.053   601   611 I ActivityManager: Process com.android.chrome:sandboxed_process23 (pid 8659) has died
11-02 11:26:38.054   601   611 D ActivityManager: cleanUpApplicationRecord -- 8659
11-02 11:26:38.059  8020  8020 W chromium: [WARNING:compositor_view.cc(315)] Child process died (type=6) pid=8659)
11-02 11:26:38.249  8020  8020 I cr_tabmodel: Appending tabs being restored to metadata lists, 0, startingNormalCount: 2, startingIncognitoCount: 0
11-02 11:26:38.249  8020  8020 I cr_tabmodel: Serializing tab lists; counts: 2, 0
11-02 11:26:38.528  8020  8020 I cr_tabmodel: Appending tabs being restored to metadata lists, 0, startingNormalCount: 2, startingIncognitoCount: 0
11-02 11:26:38.528  8020  8020 I cr_tabmodel: Serializing tab lists; counts: 2, 0
11-02 11:26:38.662  8020  8020 I cr_tabmodel: Appending tabs being restored to metadata lists, 0, startingNormalCount: 2, startingIncognitoCount: 0
11-02 11:26:38.662  8020  8020 I cr_tabmodel: Serializing tab lists; counts: 2, 0
11-02 11:26:39.806   601  4262 I ActivityManager: Start proc 8679:com.android.chrome:sandboxed_process24/u0i396 for service com.android.chrome/org.chromium.content.app.SandboxedProcessService24
11-02 11:26:39.895  8530  8530 D MonkeyStub: translateCommand: touch down 614 1561
11-02 11:26:39.904  8530  8530 D MonkeyStub: translateCommand: touch move 614 1561
11-02 11:26:39.934  8679  8679 W boxed_process24: type=1400 audit(0.0:2314): avc: denied { getattr } for path="/data/data/com.android.chrome" dev="dm-2" ino=12190 scontext=u:r:isolated_app:s0:c512,c768 tcontext=u:object_r:app_data_file:s0:c512,c768 tclass=dir permissive=0
11-02 11:26:39.988  8679  8679 I cr_ChildProcessService: Creating new ChildProcessService pid=8679
11-02 11:26:40.011  8530  8530 D MonkeyStub: translateCommand: touch move 614 1436
11-02 11:26:40.120  8530  8530 D MonkeyStub: translateCommand: touch move 614 1311
11-02 11:26:40.162  8679  8692 I cr_LibraryLoader: Loaded native library version number "85.0.4183.127"
11-02 11:26:40.166  8679  8692 I cr_CachingUmaRecorder: Flushed 1 samples from 1 histograms.
11-02 11:26:40.224  8692  8692 W CrUtilityMain: type=1400 audit(0.0:2315): avc: denied { setattr } for name="download_file_types.pb" dev="dm-2" ino=60799 scontext=u:r:isolated_app:s0:c512,c768 tcontext=u:object_r:app_data_file:s0:c512,c768 tclass=file permissive=0
11-02 11:26:40.227  8692  8692 W CrUtilityMain: type=1400 audit(0.0:2316): avc: denied { setattr } for name="manifest.json" dev="dm-2" ino=60544 scontext=u:r:isolated_app:s0:c512,c768 tcontext=u:object_r:app_data_file:s0:c512,c768 tclass=file permissive=0
11-02 11:26:40.230  8692  8692 W CrUtilityMain: type=1400 audit(0.0:2317): avc: denied { setattr } for name="verified_contents.json" dev="dm-2" ino=60841 scontext=u:r:isolated_app:s0:c512,c768 tcontext=u:object_r:app_data_file:s0:c512,c768 tclass=file permissive=0
11-02 11:26:40.245  8530  8530 D MonkeyStub: translateCommand: touch move 614 1186
11-02 11:26:40.271  8679  8679 I cr_ChildProcessService: Destroying ChildProcessService pid=8679
11-02 11:26:40.305  8679  8692 I chromium: [INFO:child_process_service.cc(69)] ChildProcessService: Exiting child process.
11-02 11:26:40.351  8530  8530 D MonkeyStub: translateCommand: touch move 614 1061
11-02 11:26:40.394   601  1452 I ActivityManager: Process com.android.chrome:sandboxed_process24 (pid 8679) has died
11-02 11:26:40.394   601  1452 D ActivityManager: cleanUpApplicationRecord -- 8679
11-02 11:26:40.402  8020  8020 W chromium: [WARNING:compositor_view.cc(315)] Child process died (type=6) pid=8679)
11-02 11:26:40.458  8530  8530 D MonkeyStub: translateCommand: touch move 614 937
11-02 11:26:40.563  8530  8530 D MonkeyStub: translateCommand: touch move 614 812
11-02 11:26:40.686  8530  8530 D MonkeyStub: translateCommand: touch move 614 687
11-02 11:26:40.799  8530  8530 D MonkeyStub: translateCommand: touch move 614 562
11-02 11:26:40.905  8530  8530 D MonkeyStub: translateCommand: touch move 614 437
11-02 11:26:41.027  8530  8530 D MonkeyStub: translateCommand: touch move 614 312
11-02 11:26:41.033  8530  8530 D MonkeyStub: translateCommand: touch up 614 312
11-02 11:26:41.096  8530  8530 D MonkeyStub: translateCommand: touch down 614 1561
11-02 11:26:41.105  8530  8530 D MonkeyStub: translateCommand: touch move 614 1561
11-02 11:26:41.210  8530  8530 D MonkeyStub: translateCommand: touch move 614 1436
11-02 11:26:41.314  8530  8530 D MonkeyStub: translateCommand: touch move 614 1311
11-02 11:26:41.422  8530  8530 D MonkeyStub: translateCommand: touch move 614 1186
11-02 11:26:41.535  8530  8530 D MonkeyStub: translateCommand: touch move 614 1061
11-02 11:26:41.641  8530  8530 D MonkeyStub: translateCommand: touch move 614 937
11-02 11:26:41.748  8530  8530 D MonkeyStub: translateCommand: touch move 614 812
11-02 11:26:41.860  8530  8530 D MonkeyStub: translateCommand: touch move 614 687
11-02 11:26:41.969  8530  8530 D MonkeyStub: translateCommand: touch move 614 562
11-02 11:26:42.075  8530  8530 D MonkeyStub: translateCommand: touch move 614 437
11-02 11:26:42.215  8530  8530 D MonkeyStub: translateCommand: touch move 614 312
11-02 11:26:42.234  8530  8530 D MonkeyStub: translateCommand: touch up 614 312
11-02 11:26:42.514   601   612 I ActivityManager: Start proc 8701:com.android.chrome:sandboxed_process25/u0i397 for service com.android.chrome/org.chromium.content.app.SandboxedProcessService25
11-02 11:26:42.584  8701  8701 W boxed_process25: type=1400 audit(0.0:2318): avc: denied { getattr } for path="/data/data/com.android.chrome" dev="dm-2" ino=12190 scontext=u:r:isolated_app:s0:c512,c768 tcontext=u:object_r:app_data_file:s0:c512,c768 tclass=dir permissive=0
11-02 11:26:42.626  8701  8701 I cr_ChildProcessService: Creating new ChildProcessService pid=8701
11-02 11:26:42.676  8701  8715 I cr_LibraryLoader: Loaded native library version number "85.0.4183.127"
11-02 11:26:42.680  8701  8715 I cr_CachingUmaRecorder: Flushed 1 samples from 1 histograms.
11-02 11:26:42.740  8715  8715 W CrUtilityMain: type=1400 audit(0.0:2319): avc: denied { setattr } for name="ssl_error_assistant.pb" dev="dm-2" ino=61605 scontext=u:r:isolated_app:s0:c512,c768 tcontext=u:object_r:app_data_file:s0:c512,c768 tclass=file permissive=0
11-02 11:26:42.744  8715  8715 W CrUtilityMain: type=1400 audit(0.0:2320): avc: denied { setattr } for name="manifest.json" dev="dm-2" ino=61865 scontext=u:r:isolated_app:s0:c512,c768 tcontext=u:object_r:app_data_file:s0:c512,c768 tclass=file permissive=0
11-02 11:26:42.750  8715  8715 W CrUtilityMain: type=1400 audit(0.0:2321): avc: denied { setattr } for name="verified_contents.json" dev="dm-2" ino=61523 scontext=u:r:isolated_app:s0:c512,c768 tcontext=u:object_r:app_data_file:s0:c512,c768 tclass=file permissive=0
11-02 11:26:42.756  8701  8715 I chromium: [INFO:child_process_service.cc(69)] ChildProcessService: Exiting child process.
11-02 11:26:42.757   195   195 E lowmemorykiller: Error writing /proc/8701/oom_score_adj; errno=22
11-02 11:26:42.778  8020  8020 W chromium: [WARNING:compositor_view.cc(315)] Child process died (type=6) pid=8701)
11-02 11:26:42.778   601  3564 I ActivityManager: Process com.android.chrome:sandboxed_process25 (pid 8701) has died
11-02 11:26:42.778   601  3564 D ActivityManager: cleanUpApplicationRecord -- 8701
11-02 11:26:45.686   601   660 I ActivityManager: Start proc 8719:com.android.chrome:sandboxed_process26/u0i398 for service com.android.chrome/org.chromium.content.app.SandboxedProcessService26
11-02 11:26:45.774  8719  8719 W boxed_process26: type=1400 audit(0.0:2322): avc: denied { getattr } for path="/data/data/com.android.chrome" dev="dm-2" ino=12190 scontext=u:r:isolated_app:s0:c512,c768 tcontext=u:object_r:app_data_file:s0:c512,c768 tclass=dir permissive=0
11-02 11:26:45.811  8719  8719 I cr_ChildProcessService: Creating new ChildProcessService pid=8719
11-02 11:26:45.869  8719  8732 I cr_LibraryLoader: Loaded native library version number "85.0.4183.127"
11-02 11:26:45.870  8719  8732 I cr_CachingUmaRecorder: Flushed 1 samples from 1 histograms.
11-02 11:26:45.897  8732  8732 W CrUtilityMain: type=1400 audit(0.0:2323): avc: denied { setattr } for name="safety_tips.pb" dev="dm-2" ino=28381 scontext=u:r:isolated_app:s0:c512,c768 tcontext=u:object_r:app_data_file:s0:c512,c768 tclass=file permissive=0
11-02 11:26:45.897  8732  8732 W CrUtilityMain: type=1400 audit(0.0:2324): avc: denied { setattr } for name="manifest.json" dev="dm-2" ino=25170 scontext=u:r:isolated_app:s0:c512,c768 tcontext=u:object_r:app_data_file:s0:c512,c768 tclass=file permissive=0
11-02 11:26:45.900  8732  8732 W CrUtilityMain: type=1400 audit(0.0:2325): avc: denied { setattr } for name="verified_contents.json" dev="dm-2" ino=60735 scontext=u:r:isolated_app:s0:c512,c768 tcontext=u:object_r:app_data_file:s0:c512,c768 tclass=file permissive=0
11-02 11:26:45.920  8719  8719 I cr_ChildProcessService: Destroying ChildProcessService pid=8719
11-02 11:26:45.921  8719  8732 I chromium: [INFO:child_process_service.cc(69)] ChildProcessService: Exiting child process.
11-02 11:26:45.943   601  9643 I ActivityManager: Process com.android.chrome:sandboxed_process26 (pid 8719) has died
11-02 11:26:45.943   601  9643 D ActivityManager: cleanUpApplicationRecord -- 8719
11-02 11:26:45.946  8020  8020 W chromium: [WARNING:compositor_view.cc(315)] Child process died (type=6) pid=8719)
11-02 11:26:46.284  8530  8530 D MonkeyStub: translateCommand: touch down 614 1561
11-02 11:26:46.291  8530  8530 D MonkeyStub: translateCommand: touch move 614 1561
11-02 11:26:46.403  8530  8530 D MonkeyStub: translateCommand: touch move 614 1436
11-02 11:26:46.519  8530  8530 D MonkeyStub: translateCommand: touch move 614 1311
11-02 11:26:46.624  8530  8530 D MonkeyStub: translateCommand: touch move 614 1186
11-02 11:26:46.729  8530  8530 D MonkeyStub: translateCommand: touch move 614 1061
11-02 11:26:46.838  8530  8530 D MonkeyStub: translateCommand: touch move 614 937
11-02 11:26:46.942  8530  8530 D MonkeyStub: translateCommand: touch move 614 812
11-02 11:26:47.047  8530  8530 D MonkeyStub: translateCommand: touch move 614 687
11-02 11:26:47.159  8530  8530 D MonkeyStub: translateCommand: touch move 614 562
11-02 11:26:47.290  8530  8530 D MonkeyStub: translateCommand: touch move 614 437
11-02 11:26:47.410  8530  8530 D MonkeyStub: translateCommand: touch move 614 312
11-02 11:26:47.429  8530  8530 D MonkeyStub: translateCommand: touch up 614 312
11-02 11:26:48.997   601   610 I art     : Background partial concurrent mark sweep GC freed 56983(2MB) AllocSpace objects, 21(532KB) LOS objects, 33% free, 14MB/22MB, paused 956us total 144.747ms
11-02 11:26:49.124   601   612 I ActivityManager: Start proc 8739:com.android.chrome:sandboxed_process27/u0i399 for service com.android.chrome/org.chromium.content.app.SandboxedProcessService27
11-02 11:26:49.180  8739  8739 W boxed_process27: type=1400 audit(0.0:2326): avc: denied { getattr } for path="/data/data/com.android.chrome" dev="dm-2" ino=12190 scontext=u:r:isolated_app:s0:c512,c768 tcontext=u:object_r:app_data_file:s0:c512,c768 tclass=dir permissive=0
11-02 11:26:49.211  8739  8739 I cr_ChildProcessService: Creating new ChildProcessService pid=8739
11-02 11:26:49.272  8739  8764 I cr_LibraryLoader: Loaded native library version number "85.0.4183.127"
11-02 11:26:49.272  8739  8764 I cr_CachingUmaRecorder: Flushed 1 samples from 1 histograms.
11-02 11:26:49.304  8764  8764 W CrUtilityMain: type=1400 audit(0.0:2327): avc: denied { setattr } for name=5072656C6F61642044617461 dev="dm-2" ino=59812 scontext=u:r:isolated_app:s0:c512,c768 tcontext=u:object_r:app_data_file:s0:c512,c768 tclass=file permissive=0
11-02 11:26:49.307  8764  8764 W CrUtilityMain: type=1400 audit(0.0:2328): avc: denied { setattr } for name="manifest.json" dev="dm-2" ino=60322 scontext=u:r:isolated_app:s0:c512,c768 tcontext=u:object_r:app_data_file:s0:c512,c768 tclass=file permissive=0
11-02 11:26:49.307  8764  8764 W CrUtilityMain: type=1400 audit(0.0:2329): avc: denied { setattr } for name="verified_contents.json" dev="dm-2" ino=60246 scontext=u:r:isolated_app:s0:c512,c768 tcontext=u:object_r:app_data_file:s0:c512,c768 tclass=file permissive=0
11-02 11:26:49.319  8739  8764 I chromium: [INFO:child_process_service.cc(69)] ChildProcessService: Exiting child process.
11-02 11:26:49.320   195   195 E lowmemorykiller: Error writing /proc/8739/oom_score_adj; errno=22
11-02 11:26:49.341   601  3564 I ActivityManager: Process com.android.chrome:sandboxed_process27 (pid 8739) has died
11-02 11:26:49.342   601  3564 D ActivityManager: cleanUpApplicationRecord -- 8739
11-02 11:26:49.342  8020  8020 W chromium: [WARNING:compositor_view.cc(315)] Child process died (type=6) pid=8739)
11-02 11:26:51.499  8530  8530 D MonkeyStub: translateCommand: touch down 614 1561
11-02 11:26:51.511  8530  8530 D MonkeyStub: translateCommand: touch move 614 1561
11-02 11:26:51.616  8530  8530 D MonkeyStub: translateCommand: touch move 614 1436
11-02 11:26:51.724  8530  8530 D MonkeyStub: translateCommand: touch move 614 1311
11-02 11:26:51.836  8530  8530 D MonkeyStub: translateCommand: touch move 614 1186
11-02 11:26:51.948  8530  8530 D MonkeyStub: translateCommand: touch move 614 1061
11-02 11:26:52.063  8530  8530 D MonkeyStub: translateCommand: touch move 614 937
11-02 11:26:52.185  8530  8530 D MonkeyStub: translateCommand: touch move 614 812
11-02 11:26:52.292  8530  8530 D MonkeyStub: translateCommand: touch move 614 687
11-02 11:26:52.403  8530  8530 D MonkeyStub: translateCommand: touch move 614 562
11-02 11:26:52.515  8530  8530 D MonkeyStub: translateCommand: touch move 614 437
11-02 11:26:52.622  8530  8530 D MonkeyStub: translateCommand: touch move 614 312
11-02 11:26:52.631  8530  8530 D MonkeyStub: translateCommand: touch up 614 312
11-02 11:26:52.642  8530  8530 D MonkeyStub: Quit requested
11-02 11:26:52.664   601   615 I CwMcuSensor: CwMcuSensor::flush: fd = 213, sensors_id = 0, path = /sys/class/htc_sensorhub/sensor_hub/flush, err = 0
11-02 11:26:52.679  8530  8530 I art     : System.exit called, status: 101
11-02 11:26:52.679  8530  8530 I AndroidRuntime: VM exiting with result code 101.
11-02 11:26:52.720   601   819 W WindowManager: Attempted to remove non-existing token: android.os.Binder@b2d8426
11-02 11:26:52.777   601 12691 I ActivityManager: Start proc 8780:com.android.chrome:sandboxed_process28/u0i400 for service com.android.chrome/org.chromium.content.app.SandboxedProcessService28
11-02 11:26:52.817  8780  8780 W boxed_process28: type=1400 audit(0.0:2330): avc: denied { getattr } for path="/data/data/com.android.chrome" dev="dm-2" ino=12190 scontext=u:r:isolated_app:s0:c512,c768 tcontext=u:object_r:app_data_file:s0:c512,c768 tclass=dir permissive=0
11-02 11:26:52.840  8780  8780 I cr_ChildProcessService: Creating new ChildProcessService pid=8780
11-02 11:26:52.890  8780  8793 I cr_LibraryLoader: Loaded native library version number "85.0.4183.127"
11-02 11:26:52.890  8780  8793 I cr_CachingUmaRecorder: Flushed 1 samples from 1 histograms.
11-02 11:26:52.904  8793  8793 W CrUtilityMain: type=1400 audit(0.0:2331): avc: denied { setattr } for name="tls_deprecation_config.pb" dev="dm-2" ino=61820 scontext=u:r:isolated_app:s0:c512,c768 tcontext=u:object_r:app_data_file:s0:c512,c768 tclass=file permissive=0
11-02 11:26:52.904  8793  8793 W CrUtilityMain: type=1400 audit(0.0:2332): avc: denied { setattr } for name="manifest.json" dev="dm-2" ino=61766 scontext=u:r:isolated_app:s0:c512,c768 tcontext=u:object_r:app_data_file:s0:c512,c768 tclass=file permissive=0
11-02 11:26:52.914  8793  8793 W CrUtilityMain: type=1400 audit(0.0:2333): avc: denied { setattr } for name="verified_contents.json" dev="dm-2" ino=62337 scontext=u:r:isolated_app:s0:c512,c768 tcontext=u:object_r:app_data_file:s0:c512,c768 tclass=file permissive=0
11-02 11:26:52.923  8780  8793 I chromium: [INFO:child_process_service.cc(69)] ChildProcessService: Exiting child process.
11-02 11:26:52.927   195   195 E lowmemorykiller: Error writing /proc/8780/oom_score_adj; errno=22
11-02 11:26:52.946   601   611 I ActivityManager: Process com.android.chrome:sandboxed_process28 (pid 8780) has died
11-02 11:26:52.946   601   611 D ActivityManager: cleanUpApplicationRecord -- 8780
11-02 11:26:52.950  8020  8020 W chromium: [WARNING:compositor_view.cc(315)] Child process died (type=6) pid=8780)
11-02 11:26:54.227  8020  8020 I cr_tabmodel: Appending tabs being restored to metadata lists, 0, startingNormalCount: 2, startingIncognitoCount: 0
11-02 11:26:54.227  8020  8020 I cr_tabmodel: Serializing tab lists; counts: 2, 0
11-02 11:26:55.188  8020  8020 I cr_tabmodel: Appending tabs being restored to metadata lists, 0, startingNormalCount: 2, startingIncognitoCount: 0
11-02 11:26:55.188  8020  8020 I cr_tabmodel: Serializing tab lists; counts: 2, 0
11-02 11:26:55.890  8020  8020 I cr_tabmodel: Appending tabs being restored to metadata lists, 0, startingNormalCount: 2, startingIncognitoCount: 0
11-02 11:26:55.890  8020  8020 I cr_tabmodel: Serializing tab lists; counts: 2, 0
11-02 11:27:05.049 23975 24436 I Icing   : IndexChimeraService.getServiceInterface callingPackage=com.android.chrome componentName=null serviceId=36
11-02 11:27:05.085 23975 27032 W Icing   : No valid account for uploading user actions
11-02 11:27:05.152 23975 24437 I Icing   : IndexChimeraService.getServiceInterface callingPackage=com.google.android.gms componentName=null serviceId=30
11-02 11:27:05.203 23975 27032 I Icing   : Usage reports ok 2, Failed Usage reports 0, indexed 1, rejected 0
11-02 11:27:05.204   785   795 W SQLiteConnectionPool: A SQLiteConnection object for database '/data/user/0/com.google.android.gms/databases/metadata.db' was leaked!  Please fix your application to end transactions in progress properly and to close the database when it is no longer needed.
11-02 11:27:05.208   785  1162 W GmsStrictMode: LEAKED_CLOSABLE [CONTEXT service_id=256 ]
11-02 11:27:05.208   785  1162 W GmsStrictMode: rvo: LEAKED_CLOSABLE
11-02 11:27:05.208   785  1162 W GmsStrictMode: 	at dalvik.system.VMStack.getThreadStackTrace(Native Method)
11-02 11:27:05.208   785  1162 W GmsStrictMode: 	at java.lang.Thread.getStackTrace(Thread.java:1566)
11-02 11:27:05.208   785  1162 W GmsStrictMode: 	at bhdb.containsKey(:com.google.android.gms@203915020@20.39.15 (040406-335085812):1)
11-02 11:27:05.208   785  1162 W GmsStrictMode: 	at android.os.StrictMode.onVmPolicyViolation(StrictMode.java:1867)
11-02 11:27:05.208   785  1162 W GmsStrictMode: 	at android.os.StrictMode.onVmPolicyViolation(StrictMode.java:1844)
11-02 11:27:05.208   785  1162 W GmsStrictMode: 	at android.os.StrictMode$AndroidCloseGuardReporter.report(StrictMode.java:1590)
11-02 11:27:05.208   785  1162 W GmsStrictMode: 	at dalvik.system.CloseGuard.warnIfOpen(CloseGuard.java:208)
11-02 11:27:05.208   785  1162 W GmsStrictMode: 	at android.database.sqlite.SQLiteConnection.dispose(SQLiteConnection.java:231)
11-02 11:27:05.208   785  1162 W GmsStrictMode: 	at android.database.sqlite.SQLiteConnection.finalize(SQLiteConnection.java:180)
11-02 11:27:05.208   785  1162 W GmsStrictMode: 	at java.lang.Daemons$FinalizerDaemon.doFinalize(Daemons.java:222)
11-02 11:27:05.208   785  1162 W GmsStrictMode: 	at java.lang.Daemons$FinalizerDaemon.run(Daemons.java:209)
11-02 11:27:05.208   785  1162 W GmsStrictMode: 	at java.lang.Thread.run(Thread.java:761)
11-02 11:27:05.209 23975 27032 W Icing   : No valid account for uploading user actions
11-02 11:27:05.210   785   797 I art     : Background partial concurrent mark sweep GC freed 98911(5MB) AllocSpace objects, 0(0B) LOS objects, 39% free, 11MB/19MB, paused 790us total 109.091ms
11-02 11:27:05.229 23975 27032 I Icing   : Usage reports ok 0, Failed Usage reports 0, indexed 0, rejected 0
11-02 11:27:05.231 23975 27032 I Icing   : Indexing com.android.chrome-omnibox from com.android.chrome
11-02 11:27:05.269 23975  7221 I Icing   : Indexing done com.android.chrome-omnibox
11-02 11:27:06.264   785  1711 W Icing   : isOptedInForAppHistory: empty Account Name encountered
11-02 11:27:06.310   785  5404 W Icing   : isOptedInForAppHistory: empty Account Name encountered
11-02 11:27:08.868  8921  8921 D AndroidRuntime: >>>>>> START com.android.internal.os.RuntimeInit uid 2000 <<<<<<
11-02 11:27:08.872  8921  8921 D AndroidRuntime: CheckJNI is OFF
11-02 11:27:09.029  8921  8921 D ICU     : No timezone override file found: /data/misc/zoneinfo/current/icu/icu_tzdata.dat
11-02 11:27:09.071  8921  8921 I Radio-JNI: register_android_hardware_Radio DONE
11-02 11:27:09.097  8921  8921 D AndroidRuntime: Calling main entry com.android.commands.am.Am
11-02 11:27:09.126   601  4262 I ActivityManager: Force stopping com.android.chrome appid=10035 user=0: from pid 8921
11-02 11:27:09.126   601  4262 I ActivityManager: Killing 8080:com.android.chrome:privileged_process0/u0a35 (adj 0): stop com.android.chrome
11-02 11:27:09.127   601  4262 D ActivityManager: cleanUpApplicationRecord -- 8080
11-02 11:27:09.127   601  4262 W ActivityManager: Scheduling restart of crashed service com.android.chrome/org.chromium.content.app.PrivilegedProcessService0 in 1000ms
11-02 11:27:09.127   601  4262 I ActivityManager: Killing 8020:com.android.chrome/u0a35 (adj 0): stop com.android.chrome
11-02 11:27:09.127   601  4262 D ActivityManager: cleanUpApplicationRecord -- 8020
11-02 11:27:09.137   601  4262 W ActivityManager: Force removing ActivityRecord{828bb74 u0 com.android.chrome/com.google.android.apps.chrome.Main t1297}: app died, no saved state
11-02 11:27:09.141 26552 26552 I MemoryTrimmer: Trimming objects from memory, since app is in the background.
11-02 11:27:09.142  8054  8054 I cr_ChildProcessService: Destroying ChildProcessService pid=8054
11-02 11:27:09.145  8054  8054 I art     : System.exit called, status: 0
11-02 11:27:09.145  8054  8054 I AndroidRuntime: VM exiting with result code 0, cleanup skipped.
11-02 11:27:09.151   601  4262 I ActivityManager: Killing 8481:com.android.chrome:sandboxed_process18/u0a35i390 (adj 0): isolated not needed
11-02 11:27:09.151   601  4262 I ActivityManager: Killing 8054:com.android.chrome:sandboxed_process0/u0a35i372 (adj 0): isolated not needed
11-02 11:27:09.157  8921  8921 D AndroidRuntime: Shutting down VM
