--------- beginning of main
10-31 23:37:49.668  8940  8940 D AndroidRuntime: >>>>>> START com.android.internal.os.RuntimeInit uid 2000 <<<<<<
10-31 23:37:49.671  8940  8940 D AndroidRuntime: CheckJNI is OFF
10-31 23:37:49.735  8940  8940 D ICU     : No timezone override file found: /data/misc/zoneinfo/current/icu/icu_tzdata.dat
10-31 23:37:49.764  8940  8940 I Radio-JNI: register_android_hardware_Radio DONE
10-31 23:37:49.779  8940  8940 D AndroidRuntime: Calling main entry com.android.commands.am.Am
--------- beginning of system
10-31 23:37:49.796   600  1080 I ActivityManager: Force stopping com.android.chrome appid=10035 user=0: from pid 8940
10-31 23:37:49.796   600  1080 I ActivityManager: Killing 8856:com.android.chrome/u0a35 (adj 700): stop com.android.chrome
10-31 23:37:49.796   600  1080 D ActivityManager: cleanUpApplicationRecord -- 8856
10-31 23:37:49.827  1061  1061 W ResourceType: ResTable_typeSpec entry count inconsistent: given 67, previously 69
10-31 23:37:49.827  1061  1061 W ResourceType: ResTable_typeSpec entry count inconsistent: given 5346, previously 5347
10-31 23:37:49.843  1061  1061 D RegisteredNfcFServicesCache: Service unchanged, not updating
10-31 23:37:50.055   600 13557 I ActivityManager: START u0 {act=android.intent.action.VIEW flg=0x10008000 cmp=com.android.chrome/com.google.android.apps.chrome.Main} from uid 2000 on display 0
10-31 23:37:50.080  8940  8940 D AndroidRuntime: Shutting down VM
10-31 23:37:50.102   600  1081 I ActivityManager: Start proc 8950:com.android.chrome/u0a35 for activity com.android.chrome/com.google.android.apps.chrome.Main
10-31 23:37:50.277   600  6312 I ActivityManager: START u0 {cmp=com.android.chrome/org.chromium.chrome.browser.firstrun.TabbedModeFirstRunActivity (has extras)} from uid 10035 on display 0
10-31 23:37:50.335  8950  8968 W DynamiteModule: Local module descriptor class for com.google.android.gms.googlecertificates not found.
10-31 23:37:50.469  8950  8969 I cr_LibraryLoader: Loaded native library version number "85.0.4183.127"
10-31 23:37:50.471  8950  8968 I DynamiteModule: Considering local module com.google.android.gms.googlecertificates:0 and remote module com.google.android.gms.googlecertificates:6
10-31 23:37:50.471  8950  8968 I DynamiteModule: Selected remote version of com.google.android.gms.googlecertificates, version >= 6
10-31 23:37:50.476  8950  8969 I cr_CachingUmaRecorder: Flushed 10 samples from 10 histograms.
10-31 23:37:50.490  8950  8970 I OpenGLRenderer: Initialized EGL, version 1.4
10-31 23:37:50.490  8950  8970 D OpenGLRenderer: Swap behavior 2
10-31 23:37:50.533  8950  8968 W System  : ClassLoader referenced unknown path: 
10-31 23:37:50.534  8950  8968 D ApplicationLoaders: ignored Vulkan layer search path /data/app/com.google.android.gms-1/lib/arm:/data/app/com.google.android.gms-1/base.apk!/lib/armeabi-v7a:/data/app/com.google.android.gms-1/split_config.en.apk!/lib/armeabi-v7a for namespace 0xf4a40090
10-31 23:37:50.536  8950  8968 W ResourceType: ResTable_typeSpec entry count inconsistent: given 67, previously 69
10-31 23:37:50.536  8950  8968 W ResourceType: ResTable_typeSpec entry count inconsistent: given 5346, previously 5347
10-31 23:37:50.566  8950  8968 I DynamiteLoaderV2Impl: [70] Googlecertificates
10-31 23:37:50.590  8950  8968 W System  : ClassLoader referenced unknown path: /data/user_de/0/com.google.android.gms/app_chimera/m/00000061/n/armeabi-v7a
10-31 23:37:50.590  8950  8968 W System  : ClassLoader referenced unknown path: /data/user_de/0/com.google.android.gms/app_chimera/m/00000061/n/armeabi
10-31 23:37:50.643   600   620 I ActivityManager: Displayed com.android.chrome/org.chromium.chrome.browser.firstrun.TabbedModeFirstRunActivity: +318ms (total +565ms)
10-31 23:37:50.653   600   620 W WindowManager: Failed looking up window
10-31 23:37:50.653   600   620 W WindowManager: java.lang.IllegalArgumentException: Requested window android.view.ViewRootImpl$W@430747f does not exist
10-31 23:37:50.653   600   620 W WindowManager: 	at com.android.server.wm.WindowManagerService.windowForClientLocked(WindowManagerService.java:9422)
10-31 23:37:50.653   600   620 W WindowManager: 	at com.android.server.wm.WindowManagerService.windowForClientLocked(WindowManagerService.java:9413)
10-31 23:37:50.653   600   620 W WindowManager: 	at com.android.server.wm.WindowManagerService.removeWindow(WindowManagerService.java:2393)
10-31 23:37:50.653   600   620 W WindowManager: 	at com.android.server.wm.Session.remove(Session.java:202)
10-31 23:37:50.653   600   620 W WindowManager: 	at android.view.ViewRootImpl.dispatchDetachedFromWindow(ViewRootImpl.java:3290)
10-31 23:37:50.653   600   620 W WindowManager: 	at android.view.ViewRootImpl.doDie(ViewRootImpl.java:5917)
10-31 23:37:50.653   600   620 W WindowManager: 	at android.view.ViewRootImpl$ViewRootHandler.handleMessage(ViewRootImpl.java:3626)
10-31 23:37:50.653   600   620 W WindowManager: 	at android.os.Handler.dispatchMessage(Handler.java:102)
10-31 23:37:50.653   600   620 W WindowManager: 	at android.os.Looper.loop(Looper.java:154)
10-31 23:37:50.653   600   620 W WindowManager: 	at android.os.HandlerThread.run(HandlerThread.java:61)
10-31 23:37:50.653   600   620 W WindowManager: 	at com.android.server.ServiceThread.run(ServiceThread.java:46)
10-31 23:37:50.657 18311 18311 I MemoryTrimmer: Trimming objects from memory, since app is in the background.
10-31 23:37:50.659 18311 18322 W SearchService: Abort, client detached.
10-31 23:37:50.668 18311  8814 I DeviceStateChecker: DeviceStateChecker cancelled
10-31 23:37:50.668   787  1259 E apju    : Phenotype API error. Event # cdub@369881ae, EventCode: 7 [CONTEXT service_id=51 ]
10-31 23:37:50.668   787  1259 E apju    : apiz: 29505: No config packages for log source, or config package not registered
10-31 23:37:50.668   787  1259 E apju    : 	at apkj.b(:com.google.android.gms@203915020@20.39.15 (040406-335085812):7)
10-31 23:37:50.668   787  1259 E apju    : 	at apkg.b(:com.google.android.gms@203915020@20.39.15 (040406-335085812):2)
10-31 23:37:50.668   787  1259 E apju    : 	at apju.a(:com.google.android.gms@203915020@20.39.15 (040406-335085812):85)
10-31 23:37:50.668   787  1259 E apju    : 	at apju.a(:com.google.android.gms@203915020@20.39.15 (040406-335085812):80)
10-31 23:37:50.668   787  1259 E apju    : 	at aain.run(:com.google.android.gms@203915020@20.39.15 (040406-335085812):7)
10-31 23:37:50.668   787  1259 E apju    : 	at boex.run(:com.google.android.gms@203915020@20.39.15 (040406-335085812):2)
10-31 23:37:50.668   787  1259 E apju    : 	at sup.b(:com.google.android.gms@203915020@20.39.15 (040406-335085812):12)
10-31 23:37:50.668   787  1259 E apju    : 	at sup.run(:com.google.android.gms@203915020@20.39.15 (040406-335085812):7)
10-31 23:37:50.668   787  1259 E apju    : 	at java.util.concurrent.ThreadPoolExecutor.runWorker(ThreadPoolExecutor.java:1133)
10-31 23:37:50.668   787  1259 E apju    : 	at java.util.concurrent.ThreadPoolExecutor$Worker.run(ThreadPoolExecutor.java:607)
10-31 23:37:50.668   787  1259 E apju    : 	at tam.run(:com.google.android.gms@203915020@20.39.15 (040406-335085812):0)
10-31 23:37:50.668   787  1259 E apju    : 	at java.lang.Thread.run(Thread.java:761)
10-31 23:37:50.669   787  1259 E AsyncOperation: serviceID=51, operation=GetExperimentTokensOperationCall [CONTEXT service_id=259 ]
10-31 23:37:50.669   787  1259 E AsyncOperation: OperationException[Status{statusCode=No config packages for log source, or config package not registered, resolution=null}]
10-31 23:37:50.669   787  1259 E AsyncOperation: 	at apju.a(:com.google.android.gms@203915020@20.39.15 (040406-335085812):87)
10-31 23:37:50.669   787  1259 E AsyncOperation: 	at apju.a(:com.google.android.gms@203915020@20.39.15 (040406-335085812):80)
10-31 23:37:50.669   787  1259 E AsyncOperation: 	at aain.run(:com.google.android.gms@203915020@20.39.15 (040406-335085812):7)
10-31 23:37:50.669   787  1259 E AsyncOperation: 	at boex.run(:com.google.android.gms@203915020@20.39.15 (040406-335085812):2)
10-31 23:37:50.669   787  1259 E AsyncOperation: 	at sup.b(:com.google.android.gms@203915020@20.39.15 (040406-335085812):12)
10-31 23:37:50.669   787  1259 E AsyncOperation: 	at sup.run(:com.google.android.gms@203915020@20.39.15 (040406-335085812):7)
10-31 23:37:50.669   787  1259 E AsyncOperation: 	at java.util.concurrent.ThreadPoolExecutor.runWorker(ThreadPoolExecutor.java:1133)
10-31 23:37:50.669   787  1259 E AsyncOperation: 	at java.util.concurrent.ThreadPoolExecutor$Worker.run(ThreadPoolExecutor.java:607)
10-31 23:37:50.669   787  1259 E AsyncOperation: 	at tam.run(:com.google.android.gms@203915020@20.39.15 (040406-335085812):0)
10-31 23:37:50.669   787  1259 E AsyncOperation: 	at java.lang.Thread.run(Thread.java:761)
10-31 23:37:50.674 18311 18311 I MicroDetector: Keeping mic open: false
10-31 23:37:50.674 18311  1786 I AudioController: internalShutdown
10-31 23:37:50.674 18311  1786 I MicrophoneInputStream: mic_close com.google.android.apps.gsa.speech.audio.ae@2ad5db6
10-31 23:37:50.674 18311 18405 I MicroRecognitionRunner: Stopping hotword detection.
10-31 23:37:50.685 18269 18269 I MemoryTrimmer: Trimming objects from memory, since app is in the background.
10-31 23:37:50.697   238   285 I SoundTriggerHwService::Module: void android::SoundTriggerHwService::Module::onCallbackEvent(const sp<android::SoundTriggerHwService::CallbackEvent> &) mClient == 0
10-31 23:37:50.703 18311  8813 I MicroRecognitionRunner: Detection finished
10-31 23:37:50.717 18311 18311 I MemoryTrimmer: Trimming objects from memory, since app is in the background.
10-31 23:37:50.721  8950  8968 D NetworkSecurityConfig: Using Network Security Config from resource 0_resource_name_obfuscated debugBuild: false
10-31 23:37:50.726   787  1716 I FontLog : Received query Google Sans, URI content://com.google.android.gms.fonts [CONTEXT service_id=132 ]
10-31 23:37:50.726   787  1716 I FontLog : Query [Google Sans] resolved to {Google Sans, wdth 100.0, wght 400, ital 0.0, bestEffort false} [CONTEXT service_id=132 ]
10-31 23:37:50.760   787  1716 I FontLog : Font PFD returned from cache for {Google Sans, wdth 100.0, wght 400, ital 0.0, bestEffort false} [CONTEXT service_id=132 ]
10-31 23:37:50.761   787  1716 I FontLog : Fetch {Google Sans, wdth 100.0, wght 400, ital 0.0, bestEffort false} end status Status{statusCode=SUCCESS, resolution=null} [CONTEXT service_id=132 ]
10-31 23:37:50.774   787  1620 I FontLog : Pulling font file for id = 2112, cache size = 4 [CONTEXT service_id=132 ]
10-31 23:37:50.790   787 28588 I FontLog : Received query Google Sans:500, URI content://com.google.android.gms.fonts [CONTEXT service_id=132 ]
10-31 23:37:50.791   787 28588 I FontLog : Query [Google Sans:500] resolved to {Google Sans, wdth 100.0, wght 500, ital 0.0, bestEffort false} [CONTEXT service_id=132 ]
10-31 23:37:50.815   787 28588 I FontLog : Font PFD returned from cache for {Google Sans, wdth 100.0, wght 500, ital 0.0, bestEffort false} [CONTEXT service_id=132 ]
10-31 23:37:50.816   787 28588 I FontLog : Fetch {Google Sans, wdth 100.0, wght 500, ital 0.0, bestEffort false} end status Status{statusCode=SUCCESS, resolution=null} [CONTEXT service_id=132 ]
10-31 23:37:50.827   787 28596 I FontLog : Pulling font file for id = 2113, cache size = 5 [CONTEXT service_id=132 ]
10-31 23:37:51.017  8950  8968 I cr_VariationsSeedFetch: Fetched first run seed in 325 ms
10-31 23:37:51.052   600   713 I ActivityManager: Start proc 8986:com.android.chrome:sandboxed_process0/u0i210 for service com.android.chrome/org.chromium.content.app.SandboxedProcessService0
10-31 23:37:51.107  8986  8986 W dboxed_process0: type=1400 audit(0.0:15928): avc: denied { getattr } for path="/data/data/com.android.chrome" dev="dm-2" ino=12190 scontext=u:r:isolated_app:s0:c512,c768 tcontext=u:object_r:app_data_file:s0:c512,c768 tclass=dir permissive=0
10-31 23:37:51.131  8986  8986 I cr_ChildProcessService: Creating new ChildProcessService pid=8986
10-31 23:37:51.257   600 24611 I ActivityManager: Start proc 9013:com.android.chrome:privileged_process0/u0a35 for service com.android.chrome/org.chromium.content.app.PrivilegedProcessService0
10-31 23:37:51.351  9013  9013 I cr_ChildProcessService: Creating new ChildProcessService pid=9013
10-31 23:37:51.398  8950  8972 W ConnectionStatusConfig: Dynamic lookup for intent failed for action: com.google.android.gms.auth.key.retrieval.service.START
10-31 23:37:51.407  8950  8972 W ConnectionStatusConfig: Dynamic lookup for intent failed for action: com.google.android.gms.auth.key.retrieval.service.START
10-31 23:37:51.408   600 13557 W ActivityManager: Unable to start service Intent { act=com.google.android.gms.auth.key.retrieval.service.START pkg=com.google.android.gms } U=0: not found
10-31 23:37:51.412   600  1081 W ActivityManager: Unbind failed: could not find connection for android.os.BinderProxy@7cf0be6
10-31 23:37:51.412  8950  8972 E GmsClient: unable to connect to service: com.google.android.gms.auth.key.retrieval.service.START on com.google.android.gms
10-31 23:37:51.416  9013  9029 I cr_LibraryLoader: Loaded native library version number "85.0.4183.127"
10-31 23:37:51.417  9013  9029 I cr_CachingUmaRecorder: Flushed 1 samples from 1 histograms.
10-31 23:37:51.426  8950  8950 W cr_KnoxSettingsProvider: Permission to read device policy denied.
10-31 23:37:51.442  9013  9029 E libEGL  : validate_display:99 error 3008 (EGL_BAD_DISPLAY)
10-31 23:38:00.788 18311 18311 I MemoryTrimmer: Trimming objects from memory, since app is in the background.
10-31 23:38:03.275  9056  9056 D AndroidRuntime: >>>>>> START com.android.internal.os.RuntimeInit uid 2000 <<<<<<
10-31 23:38:03.278  9056  9056 D AndroidRuntime: CheckJNI is OFF
10-31 23:38:03.342  9056  9056 D ICU     : No timezone override file found: /data/misc/zoneinfo/current/icu/icu_tzdata.dat
10-31 23:38:03.374  9056  9056 I Radio-JNI: register_android_hardware_Radio DONE
10-31 23:38:03.388  9056  9056 D AndroidRuntime: Calling main entry com.android.commands.monkey.Monkey
10-31 23:38:03.461   600   613 W BroadcastQueue: Skipping deliver [background] BroadcastRecord{656a22 u-1 android.net.conn.CONNECTIVITY_CHANGE} to ReceiverList{9d0bcb3 9056 (unknown name)/2000/u-1 remote:7465a04}: process crashing
10-31 23:38:04.852  9056  9056 D MonkeyStub: translateCommand: wake
10-31 23:38:04.960  9056  9056 D MonkeyStub: translateCommand: tap 398 1198
10-31 23:38:07.032  9056  9056 D MonkeyStub: translateCommand: tap 720 1506
10-31 23:38:07.208 17650 17768 I PeopleChimeraService: onService. callbacks = aaik@3dd60e9, request = com.google.android.gms.common.internal.GetServiceRequest@5ff716e
10-31 23:38:07.210 17650 17663 I PeopleChimeraService: onService. callbacks = aaik@b67000f, request = com.google.android.gms.common.internal.GetServiceRequest@779c89c
10-31 23:38:09.286  9056  9056 D MonkeyStub: translateCommand: tap 355 1480
10-31 23:38:09.304  9056  9056 D MonkeyStub: Quit requested
10-31 23:38:09.314   600 27731 I ActivityManager: START u0 {act=android.intent.action.VIEW flg=0x10008000 cmp=com.android.chrome/com.google.android.apps.chrome.Main (has extras)} from uid 10035 on display 0
10-31 23:38:09.406   600   614 I CwMcuSensor: CwMcuSensor::flush: fd = 240, sensors_id = 0, path = /sys/class/htc_sensorhub/sensor_hub/flush, err = 0
10-31 23:38:09.430  9056  9056 I art     : System.exit called, status: 6
10-31 23:38:09.430  9056  9056 I AndroidRuntime: VM exiting with result code 6.
10-31 23:38:09.496  8950  8950 E cr_CompositorSurfaceMgr: Transitioning to surface with format : -1
10-31 23:38:09.548   600  9614 W WindowManager: Attempted to remove non-existing token: android.os.Binder@cd11270
10-31 23:38:09.599   600   609 I art     : Background partial concurrent mark sweep GC freed 19794(1152KB) AllocSpace objects, 4(80KB) LOS objects, 33% free, 17MB/26MB, paused 949us total 216.712ms
10-31 23:38:09.607  8950  9005 W cr_tabmodel: Starting to perform legacy migration.
10-31 23:38:09.608  8950  9005 W cr_tabmodel: Finished performing legacy migration.
10-31 23:38:09.608  8950  9005 W cr_tabmodel: Starting to perform multi-instance migration.
10-31 23:38:09.608  8950  9005 W cr_tabmodel: Finished performing multi-instance migration.
10-31 23:38:09.610  8950  9005 I cr_tabmodel: Starting to fetch tab list for tab_state0
10-31 23:38:09.610  8950  9005 I cr_tabmodel: State file does not exist.
10-31 23:38:09.611  8950  9005 I cr_tabmodel: Starting to fetch tab list for tab_state1
10-31 23:38:09.611  8950  9005 I cr_tabmodel: State file does not exist.
10-31 23:38:09.660  8950  9005 I cr_ADCP : No customization source found
10-31 23:38:09.741   600   611 E BatteryStatsService: power: Missing API
10-31 23:38:09.766   600   620 I ActivityManager: Displayed com.android.chrome/com.google.android.apps.chrome.Main: +407ms
10-31 23:38:09.767   796   796 E PhoneInterfaceManager: [PhoneIntfMgr] queryModemActivityInfo: Empty response
10-31 23:38:09.767   600   611 E BatteryStatsService: no controller energy info supplied
10-31 23:38:09.774   600   611 E BatteryStatsService: modem info is invalid: ModemActivityInfo{ mTimestamp=0 mSleepTimeMs=0 mIdleTimeMs=0 mTxTimeMs[]=[0, 0, 0, 0, 0] mRxTimeMs=0 mEnergyUsed=0}
10-31 23:38:09.789  8950  8970 D OpenGLRenderer: endAllActiveAnimators on 0xd29f7580 (InsetDrawable) with handle 0xd3b4fb70
10-31 23:38:09.794  8950  8950 E cr_CompositorSurfaceMgr: Transitioning to surface with format : -1
10-31 23:38:09.802  8950  8950 E cr_CompositorSurfaceMgr: surfaceCreated format : 0
10-31 23:38:09.810  8950  8950 I cr_ContextualSearch: Tap suppression enabled: false
10-31 23:38:09.814  8950  8950 I cr_ChromeTabbedActivity: #initializeState
10-31 23:38:09.814  8950  8950 I cr_CipherFactory: #restoreFromBundle, no savedInstanceState.
10-31 23:38:09.814  8950  8950 I cr_tabmodel: #loadState, ignoreIncognitoFiles? true
10-31 23:38:10.007  8950  8950 I SchedulerApiWrapper: Create SchedulerApiMainThreadWrapper
10-31 23:38:10.015  8950  8950 I FeedSessionManagerImpl: FeedSessionManagerImpl has been created
10-31 23:38:10.015  8950  8950 I FeedAppLifecycleLstnr: onEnterForeground called
10-31 23:38:10.016  8950  8950 I FeedSessionManagerImpl: onLifecycleEvent foreground
10-31 23:38:10.016  8950  8950 I FeedSessionManagerImpl: Lazy initialization triggered, getUpdateConsumer
10-31 23:38:10.018  8950  9005 I TaskQueue: Execute task [IMMEDIATE - d: true, b: 0]: 30
10-31 23:38:10.019  8950  8950 I FeedRequestManagerImpl: trigger refresh 2
10-31 23:38:10.019  8950  8950 I TaskQueue:  - task [HEAD_INVALIDATE - d: true, b: 0]: 26
10-31 23:38:10.019  8950  8950 I FeedAppLifecycleLstnr: initialize called
10-31 23:38:10.019  8950  8950 I FeedSessionManagerImpl: onLifecycleEvent initialize
10-31 23:38:10.019  8950  8950 W FeedSessionManagerImpl: FeedSessionManagerImpl has previously been initialized
10-31 23:38:10.040  8950  8950 I ViewConfigCompat: Could not find method getScaledScrollFactor() on ViewConfiguration
10-31 23:38:10.049  8950  8950 I BasicStream: Setting 2 header views, currently have 0 headers
10-31 23:38:10.051  8950  8950 I BasicStream: Setting 2 header views, currently have 2 headers
10-31 23:38:10.116   600   619 D BluetoothManagerService: Message: 20
10-31 23:38:10.116   600   619 D BluetoothManagerService: Added callback: android.bluetooth.IBluetoothManagerCallback$Stub$Proxy@9a361fc:true
10-31 23:38:10.147  8950  8950 E cr_IntentUtils: getBooleanExtra failed on intent null
10-31 23:38:10.152  8986  9000 I cr_LibraryLoader: Loaded native library version number "85.0.4183.127"
10-31 23:38:10.161  8950  8950 I TimeoutSessionImpl: Using TimeoutSessionImpl
10-31 23:38:10.161  8950  8950 I FeedSessionManagerImpl: Delaying populateSession until initialization is finished
10-31 23:38:10.161  8950  8950 I TaskQueue:  - task [IMMEDIATE - d: true, b: 1]: 13
10-31 23:38:10.162  8986  9000 I cr_CachingUmaRecorder: Flushed 1 samples from 1 histograms.
10-31 23:38:10.163  8950  8950 I MainThreadRunner: Running task [BasicStream onShow] on the Main Thread with a delay of 500 milliseconds
10-31 23:38:10.250   600  3967 I ActivityManager: Start proc 9086:com.android.chrome:sandboxed_process1/u0i211 for service com.android.chrome/org.chromium.content.app.SandboxedProcessService1
10-31 23:38:10.256  8950  9005 W SessionCache: Persisted Sessions were not found
10-31 23:38:10.257  8950  9005 I HeadSessionImpl: Initialize HEAD 0 items
10-31 23:38:10.257  8950  9005 I TaskQueue:  - task [BACKGROUND - d: true, b: 2]: 11
10-31 23:38:10.258  8950  9005 I TimingUtils: Task Timing 240ms, thread JardinExecutor | task : Initialization
10-31 23:38:10.258  8950  9005 I TaskQueue:  - Finished 30, time 241 ms
10-31 23:38:10.259  8950  9005 I TaskQueue: Execute task [HEAD_INVALIDATE - d: true, b: 2]: 26
10-31 23:38:10.261  8950  9005 I TimingUtils: Task Timing   2ms, thread JardinExecutor | task : getAllDismissLocalActions | size : 0
10-31 23:38:10.262  8950  9005 I TimingUtils: Task Timing   0ms, thread JardinExecutor | task : getSemanticProperties | size : 0
10-31 23:38:10.262  8950  9005 I MainThreadRunner: Running task [Check Tooltips] on the Main Thread
10-31 23:38:10.262  8950  9005 I TaskQueue:  * Starting starvation checks
10-31 23:38:10.263  8950  9005 I MainThreadRunner: Running task [starvationChecks] on the Main Thread with a delay of 6000 milliseconds
10-31 23:38:10.263  8950  9005 I TaskQueue:  - Finished 26, time 4 ms
10-31 23:38:10.263  8950  9005 I TaskQueue: Execute task [IMMEDIATE - d: true, b: 1]: 13
10-31 23:38:10.263  8950  9005 I FeedSessionManagerImpl: shouldSessionRequestData; hasContent(false), contentCreationTime(0), outstandingRequest(true)
10-31 23:38:10.264  8950  9005 I MainThreadRunner: Running task [SchedulerApiWrapper shouldSessionRequestData] on the Main Thread
10-31 23:38:10.297   600 24611 I ActivityManager: Start proc 9097:com.android.chrome:sandboxed_process2/u0i212 for service com.android.chrome/org.chromium.content.app.SandboxedProcessService2
10-31 23:38:10.332   600  6312 I ActivityManager: Start proc 9117:com.android.chrome:sandboxed_process3/u0i213 for service com.android.chrome/org.chromium.content.app.SandboxedProcessService3
10-31 23:38:10.381  8950  8960 W art     : Suspending all threads took: 26.988ms
10-31 23:38:10.397   600 13557 I ActivityManager: Start proc 9129:com.android.chrome:sandboxed_process4/u0i214 for service com.android.chrome/org.chromium.content.app.SandboxedProcessService4
10-31 23:38:10.407  9086  9086 W dboxed_process1: type=1400 audit(0.0:15929): avc: denied { getattr } for path="/data/data/com.android.chrome" dev="dm-2" ino=12190 scontext=u:r:isolated_app:s0:c512,c768 tcontext=u:object_r:app_data_file:s0:c512,c768 tclass=dir permissive=0
10-31 23:38:10.429  8950  8960 I art     : Background sticky concurrent mark sweep GC freed 21047(1414KB) AllocSpace objects, 12(276KB) LOS objects, 14% free, 9MB/11MB, paused 29.422ms total 122.063ms
10-31 23:38:10.439   600  1080 I ActivityManager: Start proc 9141:com.android.chrome:sandboxed_process5/u0i215 for service com.android.chrome/org.chromium.content.app.SandboxedProcessService5
10-31 23:38:10.528   600  9614 I ActivityManager: Start proc 9155:com.android.chrome:sandboxed_process6/u0i216 for service com.android.chrome/org.chromium.content.app.SandboxedProcessService6
10-31 23:38:10.553  9097  9097 W dboxed_process2: type=1400 audit(0.0:15930): avc: denied { getattr } for path="/data/data/com.android.chrome" dev="dm-2" ino=12190 scontext=u:r:isolated_app:s0:c512,c768 tcontext=u:object_r:app_data_file:s0:c512,c768 tclass=dir permissive=0
10-31 23:38:10.568  8950  8950 I PlayCore: UID: [10035]  PID: [8950] SplitInstallService : deferredInstall([image_editor])
10-31 23:38:10.582   600 22670 I ActivityManager: Start proc 9169:com.android.chrome:sandboxed_process7/u0i217 for service com.android.chrome/org.chromium.content.app.SandboxedProcessService7
10-31 23:38:10.590  9117  9117 W dboxed_process3: type=1400 audit(0.0:15931): avc: denied { getattr } for path="/data/data/com.android.chrome" dev="dm-2" ino=12190 scontext=u:r:isolated_app:s0:c512,c768 tcontext=u:object_r:app_data_file:s0:c512,c768 tclass=dir permissive=0
10-31 23:38:10.639  8950  9167 I PlayCore: UID: [10035]  PID: [8950] SplitInstallService : Initiate binding to the service.
10-31 23:38:10.657  9086  9086 I cr_ChildProcessService: Creating new ChildProcessService pid=9086
10-31 23:38:10.671   600   707 I ActivityManager: Start proc 9184:com.android.chrome:sandboxed_process8/u0i218 for service com.android.chrome/org.chromium.content.app.SandboxedProcessService8
10-31 23:38:10.701  8950  8950 I Choreographer: Skipped 56 frames!  The application may be doing too much work on its main thread.
10-31 23:38:10.757  9129  9129 W dboxed_process4: type=1400 audit(0.0:15932): avc: denied { getattr } for path="/data/data/com.android.chrome" dev="dm-2" ino=12190 scontext=u:r:isolated_app:s0:c512,c768 tcontext=u:object_r:app_data_file:s0:c512,c768 tclass=dir permissive=0
10-31 23:38:10.794  9097  9097 I cr_ChildProcessService: Creating new ChildProcessService pid=9097
10-31 23:38:10.855  9117  9117 I cr_ChildProcessService: Creating new ChildProcessService pid=9117
10-31 23:38:10.883  9141  9141 W dboxed_process5: type=1400 audit(0.0:15933): avc: denied { getattr } for path="/data/data/com.android.chrome" dev="dm-2" ino=12190 scontext=u:r:isolated_app:s0:c512,c768 tcontext=u:object_r:app_data_file:s0:c512,c768 tclass=dir permissive=0
10-31 23:38:10.913  9155  9155 W dboxed_process6: type=1400 audit(0.0:15934): avc: denied { getattr } for path="/data/data/com.android.chrome" dev="dm-2" ino=12190 scontext=u:r:isolated_app:s0:c512,c768 tcontext=u:object_r:app_data_file:s0:c512,c768 tclass=dir permissive=0
10-31 23:38:10.962  9129  9129 I cr_ChildProcessService: Creating new ChildProcessService pid=9129
10-31 23:38:11.043  9169  9169 W dboxed_process7: type=1400 audit(0.0:15935): avc: denied { getattr } for path="/data/data/com.android.chrome" dev="dm-2" ino=12190 scontext=u:r:isolated_app:s0:c512,c768 tcontext=u:object_r:app_data_file:s0:c512,c768 tclass=dir permissive=0
10-31 23:38:11.071  9086  9189 I cr_LibraryLoader: Loaded native library version number "85.0.4183.127"
10-31 23:38:11.081  8950  8950 I cr_tabmodel: Appending tabs being restored to metadata lists, 0, startingNormalCount: 1, startingIncognitoCount: 0
10-31 23:38:11.081  8950  8950 I cr_tabmodel: Serializing tab lists; counts: 1, 0
10-31 23:38:11.089   600 25704 I ActivityManager: Start proc 9213:com.android.chrome:sandboxed_process9/u0i219 for service com.android.chrome/org.chromium.content.app.SandboxedProcessService9
10-31 23:38:11.091  9086  9189 I cr_CachingUmaRecorder: Flushed 1 samples from 1 histograms.
10-31 23:38:11.105   600  3675 W ActivityManager: Unable to start service Intent { act=com.google.android.play.core.splitinstall.BIND_SPLIT_INSTALL_SERVICE pkg=com.android.vending } U=0: not found
10-31 23:38:11.134  9141  9141 I cr_ChildProcessService: Creating new ChildProcessService pid=9141
10-31 23:38:11.135  8950  8960 W art     : Suspending all threads took: 12.932ms
10-31 23:38:11.137  9184  9184 W dboxed_process8: type=1400 audit(0.0:15936): avc: denied { getattr } for path="/data/data/com.android.chrome" dev="dm-2" ino=12190 scontext=u:r:isolated_app:s0:c512,c768 tcontext=u:object_r:app_data_file:s0:c512,c768 tclass=dir permissive=0
10-31 23:38:11.140  9155  9155 I cr_ChildProcessService: Creating new ChildProcessService pid=9155
10-31 23:38:11.215   600 13631 I ActivityManager: Start proc 9231:com.android.chrome:sandboxed_process10/u0i220 for service com.android.chrome/org.chromium.content.app.SandboxedProcessService10
10-31 23:38:11.222  9097  9203 I cr_LibraryLoader: Loaded native library version number "85.0.4183.127"
10-31 23:38:11.222  9097  9203 I cr_CachingUmaRecorder: Flushed 1 samples from 1 histograms.
10-31 23:38:11.244  8950  8960 I art     : Background partial concurrent mark sweep GC freed 60026(3MB) AllocSpace objects, 35(1244KB) LOS objects, 39% free, 9MB/16MB, paused 14.189ms total 599.188ms
10-31 23:38:11.249  8950  8950 I TaskQueue:  - task [IMMEDIATE - d: true, b: 1]: 27
10-31 23:38:11.250  8950  9005 I FeedSessionManagerImpl: shouldSessionRequestDataResult: NO_REQUEST_WITH_WAIT, shouldMakeRequest(false), withTimeout(false), withAppend(false)
10-31 23:38:11.250  8950  9005 I TaskQueue:  - task [USER_FACING - d: true, b: 2]: 24
10-31 23:38:11.250  8950  9005 I TaskQueue:  - Finished 13, time 987 ms
10-31 23:38:11.250  8950  9005 I TaskQueue: Execute task [IMMEDIATE - d: true, b: 2]: 27
10-31 23:38:11.252  8950  9005 I FeedRequestManagerImpl: Consistency Token: # hU2@7bca4
10-31 23:38:11.259  9117  9205 I cr_LibraryLoader: Loaded native library version number "85.0.4183.127"
10-31 23:38:11.259  9117  9205 I cr_CachingUmaRecorder: Flushed 1 samples from 1 histograms.
10-31 23:38:11.262  8950  9005 I FeedRequestManagerImpl: Capability: FEED_UI
10-31 23:38:11.262  8950  9005 I FeedRequestManagerImpl: Capability: UNDOABLE_ACTIONS
10-31 23:38:11.262  8950  9005 I FeedRequestManagerImpl: Capability: MANAGE_INTERESTS
10-31 23:38:11.262  8950  9005 I FeedRequestManagerImpl: Capability: SEND_FEEDBACK
10-31 23:38:11.262  8950  9005 I FeedRequestManagerImpl: Capability: ARTICLE_SNIPPETS
10-31 23:38:11.262  8950  9005 I FeedRequestManagerImpl: Capability: CLICK_ACTION
10-31 23:38:11.262  8950  9005 I FeedRequestManagerImpl: Capability: VIEW_ACTION
10-31 23:38:11.263  8950  9005 I FeedRequestManagerImpl: Capability: REPORT_FEED_USER_ACTIONS_NOTICE_CARD
10-31 23:38:11.263  8950  9005 I FeedRequestManagerImpl: Capability: BASE_UI
10-31 23:38:11.268  8950  8950 I Choreographer: Skipped 33 frames!  The application may be doing too much work on its main thread.
10-31 23:38:11.288  8950  9005 I FeedRequestManagerImpl: Making Request: /httpservice/noretry/DiscoverClankService/FeedQuery
10-31 23:38:11.288  8950  9005 I MainThreadRunner: Running task [NetworkClientWrapper send] on the Main Thread
10-31 23:38:11.288  8950  9005 I TaskQueue:  - Finished 27, time 38 ms
10-31 23:38:11.299  9169  9169 I cr_ChildProcessService: Creating new ChildProcessService pid=9169
10-31 23:38:11.347   600  3994 I ActivityManager: Killing 9086:com.android.chrome:sandboxed_process1/u0a35i211 (adj 0): isolated not needed
10-31 23:38:11.369  9129  9208 I cr_LibraryLoader: Loaded native library version number "85.0.4183.127"
10-31 23:38:11.394  9129  9208 I cr_CachingUmaRecorder: Flushed 1 samples from 1 histograms.
10-31 23:38:11.403  9213  9213 W dboxed_process9: type=1400 audit(0.0:15937): avc: denied { getattr } for path="/data/data/com.android.chrome" dev="dm-2" ino=12190 scontext=u:r:isolated_app:s0:c512,c768 tcontext=u:object_r:app_data_file:s0:c512,c768 tclass=dir permissive=0
10-31 23:38:11.407  9184  9184 I cr_ChildProcessService: Creating new ChildProcessService pid=9184
10-31 23:38:11.483  9141  9219 I cr_LibraryLoader: Loaded native library version number "85.0.4183.127"
10-31 23:38:11.484  9141  9219 I cr_CachingUmaRecorder: Flushed 1 samples from 1 histograms.
10-31 23:38:11.533  9231  9231 W boxed_process10: type=1400 audit(0.0:15938): avc: denied { getattr } for path="/data/data/com.android.chrome" dev="dm-2" ino=12190 scontext=u:r:isolated_app:s0:c512,c768 tcontext=u:object_r:app_data_file:s0:c512,c768 tclass=dir permissive=0
10-31 23:38:11.581  9155  9221 I cr_LibraryLoader: Loaded native library version number "85.0.4183.127"
10-31 23:38:11.581  9155  9221 I cr_CachingUmaRecorder: Flushed 1 samples from 1 histograms.
10-31 23:38:11.615   600 10249 I ActivityManager: Killing 9097:com.android.chrome:sandboxed_process2/u0a35i212 (adj 0): isolated not needed
10-31 23:38:11.615   600 10249 I ActivityManager: Killing 9117:com.android.chrome:sandboxed_process3/u0a35i213 (adj 0): isolated not needed
10-31 23:38:11.688   600 29683 I ActivityManager: Killing 9129:com.android.chrome:sandboxed_process4/u0a35i214 (adj 0): isolated not needed
10-31 23:38:11.705  9213  9213 I cr_ChildProcessService: Creating new ChildProcessService pid=9213
10-31 23:38:11.749  9231  9231 I cr_ChildProcessService: Creating new ChildProcessService pid=9231
10-31 23:38:11.752  9169  9243 I cr_LibraryLoader: Loaded native library version number "85.0.4183.127"
10-31 23:38:11.752  9169  9243 I cr_CachingUmaRecorder: Flushed 1 samples from 1 histograms.
10-31 23:38:11.759  9184  9251 I cr_LibraryLoader: Loaded native library version number "85.0.4183.127"
10-31 23:38:11.764  8950  9002 W cr_CrashFileManager: /data/user/0/com.android.chrome/cache/Crash Reports does not exist or is not a directory
10-31 23:38:11.764  8950  9002 W cr_CrashFileManager: /data/user/0/com.android.chrome/cache/Crash Reports does not exist or is not a directory
10-31 23:38:11.764  8950  9002 W cr_CrashFileManager: /data/user/0/com.android.chrome/cache/Crash Reports does not exist or is not a directory
10-31 23:38:11.779  9184  9251 I cr_CachingUmaRecorder: Flushed 1 samples from 1 histograms.
10-31 23:38:11.799  8950  8985 I cr_BindingManager: Moderate binding enabled: maxSize=40
10-31 23:38:11.812  9155  9155 I cr_ChildProcessService: Destroying ChildProcessService pid=9155
10-31 23:38:11.822   600   613 I ActivityManager: Killing 9155:com.android.chrome:sandboxed_process6/u0a35i216 (adj 0): isolated not needed
10-31 23:38:11.823   600   613 I ActivityManager: Killing 9141:com.android.chrome:sandboxed_process5/u0a35i215 (adj 0): isolated not needed
10-31 23:38:11.827  8950  9002 I cr_FileUtils: Writing to /data/user/0/com.android.chrome/app_dex/webapk7.dex
10-31 23:38:11.918  9184  9251 I chromium: [INFO:child_process_service.cc(69)] ChildProcessService: Exiting child process.
10-31 23:38:11.918  9169  9243 I chromium: [INFO:child_process_service.cc(69)] ChildProcessService: Exiting child process.
10-31 23:38:11.919   197   197 E lowmemorykiller: Error writing /proc/9169/oom_score_adj; errno=22
10-31 23:38:11.942   600 24515 I ActivityManager: Killing 9169:com.android.chrome:sandboxed_process7/u0a35i217 (adj 0): isolated not needed
10-31 23:38:11.942   600 24515 I ActivityManager: Killing 9184:com.android.chrome:sandboxed_process8/u0a35i218 (adj 0): isolated not needed
10-31 23:38:11.961 17650 18132 I Icing   : IndexChimeraService.getServiceInterface callingPackage=com.android.chrome componentName=null serviceId=36
10-31 23:38:12.006  8950  8950 W chromium: [WARNING:compositor_view.cc(315)] Child process died (type=6) pid=9169)
10-31 23:38:12.007   600 27731 D ActivityManager: cleanUpApplicationRecord -- 9169
10-31 23:38:12.041 17650 17977 I Icing   : IndexChimeraService.getServiceInterface callingPackage=com.android.chrome componentName=null serviceId=36
10-31 23:38:12.050   600  2707 I ActivityManager: Start proc 9275:com.android.chrome:sandboxed_process11/u0i221 for service com.android.chrome/org.chromium.content.app.SandboxedProcessService11
10-31 23:38:12.079  9213  9261 I cr_LibraryLoader: Loaded native library version number "85.0.4183.127"
10-31 23:38:12.084  9213  9261 I cr_CachingUmaRecorder: Flushed 1 samples from 1 histograms.
10-31 23:38:12.097   600 13631 I ActivityManager: Start proc 9280:com.android.chrome:sandboxed_process12/u0i222 for service com.android.chrome/org.chromium.content.app.SandboxedProcessService12
10-31 23:38:12.168  9231  9263 I cr_LibraryLoader: Loaded native library version number "85.0.4183.127"
10-31 23:38:12.199   600  1076 I ActivityManager: Start proc 9303:com.android.chrome:sandboxed_process13/u0i223 for service com.android.chrome/org.chromium.content.app.SandboxedProcessService13
10-31 23:38:12.210  9231  9263 I cr_CachingUmaRecorder: Flushed 1 samples from 1 histograms.
10-31 23:38:12.256  9213  9261 I chromium: [INFO:child_process_service.cc(69)] ChildProcessService: Exiting child process.
10-31 23:38:12.259   197   197 E lowmemorykiller: Error writing /proc/9213/oom_score_adj; errno=22
10-31 23:38:12.309   600  7064 I ActivityManager: Start proc 9318:com.android.chrome:sandboxed_process14/u0i224 for service com.android.chrome/org.chromium.content.app.SandboxedProcessService14
10-31 23:38:12.317  9275  9275 W boxed_process11: type=1400 audit(0.0:15939): avc: denied { getattr } for path="/data/data/com.android.chrome" dev="dm-2" ino=12190 scontext=u:r:isolated_app:s0:c512,c768 tcontext=u:object_r:app_data_file:s0:c512,c768 tclass=dir permissive=0
10-31 23:38:12.322  9084  9084 D AndroidRuntime: >>>>>> START com.android.internal.os.RuntimeInit uid 2000 <<<<<<
10-31 23:38:12.340   600  9614 I ActivityManager: Killing 9213:com.android.chrome:sandboxed_process9/u0a35i219 (adj 0): isolated not needed
10-31 23:38:12.356  9084  9084 D AndroidRuntime: CheckJNI is OFF
10-31 23:38:12.371  9272  9272 I dex2oat : /system/bin/dex2oat --dex-file=/data/user/0/com.android.chrome/app_dex/webapk7.dex --oat-fd=186 --oat-location=/data/user/0/com.android.chrome/app_dex/oat/arm/webapk7.dex --compiler-filter=speed
10-31 23:38:12.397  9280  9280 W boxed_process12: type=1400 audit(0.0:15940): avc: denied { getattr } for path="/data/data/com.android.chrome" dev="dm-2" ino=12190 scontext=u:r:isolated_app:s0:c512,c768 tcontext=u:object_r:app_data_file:s0:c512,c768 tclass=dir permissive=0
10-31 23:38:12.409   600 10249 I ActivityManager: Killing 9231:com.android.chrome:sandboxed_process10/u0a35i220 (adj 0): isolated not needed
10-31 23:38:12.434   600 22670 I ActivityManager: Start proc 9335:com.android.chrome:sandboxed_process15/u0i225 for service com.android.chrome/org.chromium.content.app.SandboxedProcessService15
10-31 23:38:12.469  9275  9275 I cr_ChildProcessService: Creating new ChildProcessService pid=9275
10-31 23:38:12.501   600 24515 I ActivityManager: Start proc 9342:com.android.chrome:sandboxed_process16/u0i226 for service com.android.chrome/org.chromium.content.app.SandboxedProcessService16
10-31 23:38:12.510  9303  9303 W boxed_process13: type=1400 audit(0.0:15941): avc: denied { getattr } for path="/data/data/com.android.chrome" dev="dm-2" ino=12190 scontext=u:r:isolated_app:s0:c512,c768 tcontext=u:object_r:app_data_file:s0:c512,c768 tclass=dir permissive=0
10-31 23:38:12.551   600 13558 I ActivityManager: Start proc 9349:com.android.chrome:sandboxed_process17/u0i227 for service com.android.chrome/org.chromium.content.app.SandboxedProcessService17
10-31 23:38:12.560  9318  9318 W boxed_process14: type=1400 audit(0.0:15942): avc: denied { getattr } for path="/data/data/com.android.chrome" dev="dm-2" ino=12190 scontext=u:r:isolated_app:s0:c512,c768 tcontext=u:object_r:app_data_file:s0:c512,c768 tclass=dir permissive=0
10-31 23:38:12.580  9303  9303 I cr_ChildProcessService: Creating new ChildProcessService pid=9303
10-31 23:38:12.582   600   610 I ActivityManager: Start proc 9373:com.android.chrome:sandboxed_process18/u0i228 for service com.android.chrome/org.chromium.content.app.SandboxedProcessService18
10-31 23:38:12.600  9280  9280 I cr_ChildProcessService: Creating new ChildProcessService pid=9280
10-31 23:38:12.616  9318  9318 I cr_ChildProcessService: Creating new ChildProcessService pid=9318
10-31 23:38:12.621   600  1079 I ActivityManager: Start proc 9381:com.android.chrome:sandboxed_process19/u0i229 for service com.android.chrome/org.chromium.content.app.SandboxedProcessService19
10-31 23:38:12.682  8950  9167 I PlayCore: UID: [10035]  PID: [8950] SplitInstallService : Failed to bind to the service.
10-31 23:38:12.707   600  6312 I ActivityManager: Start proc 9402:com.android.chrome:sandboxed_process20/u0i230 for service com.android.chrome/org.chromium.content.app.SandboxedProcessService20
10-31 23:38:12.767  9335  9335 W boxed_process15: type=1400 audit(0.0:15943): avc: denied { getattr } for path="/data/data/com.android.chrome" dev="dm-2" ino=12190 scontext=u:r:isolated_app:s0:c512,c768 tcontext=u:object_r:app_data_file:s0:c512,c768 tclass=dir permissive=0
10-31 23:38:12.767  9349  9349 W boxed_process17: type=1400 audit(0.0:15944): avc: denied { getattr } for path="/data/data/com.android.chrome" dev="dm-2" ino=12190 scontext=u:r:isolated_app:s0:c512,c768 tcontext=u:object_r:app_data_file:s0:c512,c768 tclass=dir permissive=0
10-31 23:38:12.865  9275  9340 I cr_LibraryLoader: Loaded native library version number "85.0.4183.127"
10-31 23:38:12.865  9275  9340 I cr_CachingUmaRecorder: Flushed 1 samples from 1 histograms.
10-31 23:38:12.870  9373  9373 W boxed_process18: type=1400 audit(0.0:15945): avc: denied { getattr } for path="/data/data/com.android.chrome" dev="dm-2" ino=12190 scontext=u:r:isolated_app:s0:c512,c768 tcontext=u:object_r:app_data_file:s0:c512,c768 tclass=dir permissive=0
10-31 23:38:12.897  9342  9342 W boxed_process16: type=1400 audit(0.0:15946): avc: denied { getattr } for path="/data/data/com.android.chrome" dev="dm-2" ino=12190 scontext=u:r:isolated_app:s0:c512,c768 tcontext=u:object_r:app_data_file:s0:c512,c768 tclass=dir permissive=0
10-31 23:38:12.903  9381  9381 W boxed_process19: type=1400 audit(0.0:15947): avc: denied { getattr } for path="/data/data/com.android.chrome" dev="dm-2" ino=12190 scontext=u:r:isolated_app:s0:c512,c768 tcontext=u:object_r:app_data_file:s0:c512,c768 tclass=dir permissive=0
10-31 23:38:12.953  9280  9380 I cr_LibraryLoader: Loaded native library version number "85.0.4183.127"
10-31 23:38:12.953  9280  9380 I cr_CachingUmaRecorder: Flushed 1 samples from 1 histograms.
10-31 23:38:12.954  9318  9388 I cr_LibraryLoader: Loaded native library version number "85.0.4183.127"
10-31 23:38:12.955  9318  9388 I cr_CachingUmaRecorder: Flushed 1 samples from 1 histograms.
10-31 23:38:12.960  9335  9335 I cr_ChildProcessService: Creating new ChildProcessService pid=9335
10-31 23:38:12.973  9349  9349 I cr_ChildProcessService: Creating new ChildProcessService pid=9349
10-31 23:38:13.053  9373  9373 I cr_ChildProcessService: Creating new ChildProcessService pid=9373
10-31 23:38:13.057  9402  9402 W boxed_process20: type=1400 audit(0.0:15948): avc: denied { getattr } for path="/data/data/com.android.chrome" dev="dm-2" ino=12190 scontext=u:r:isolated_app:s0:c512,c768 tcontext=u:object_r:app_data_file:s0:c512,c768 tclass=dir permissive=0
10-31 23:38:13.086  9381  9381 I cr_ChildProcessService: Creating new ChildProcessService pid=9381
10-31 23:38:13.088  9275  9340 I chromium: [INFO:child_process_service.cc(69)] ChildProcessService: Exiting child process.
10-31 23:38:13.094   197   197 E lowmemorykiller: Error writing /proc/9275/oom_score_adj; errno=22
10-31 23:38:13.094   600  9614 E JavaBinder: !!! FAILED BINDER TRANSACTION !!!  (parcel size = 76)
10-31 23:38:13.094   600  9614 E JavaBinder: !!! FAILED BINDER TRANSACTION !!!  (parcel size = 576)
10-31 23:38:13.095   600  9614 W ActivityManager: Exception when unbinding service com.android.chrome/org.chromium.content.app.SandboxedProcessService11
10-31 23:38:13.095   600  9614 W ActivityManager: android.os.DeadObjectException: Transaction failed on small parcel; remote process probably died
10-31 23:38:13.095   600  9614 W ActivityManager: 	at android.os.BinderProxy.transactNative(Native Method)
10-31 23:38:13.095   600  9614 W ActivityManager: 	at android.os.BinderProxy.transact(Binder.java:615)
10-31 23:38:13.095   600  9614 W ActivityManager: 	at android.app.ApplicationThreadProxy.scheduleUnbindService(ApplicationThreadNative.java:1016)
10-31 23:38:13.095   600  9614 W ActivityManager: 	at com.android.server.am.ActiveServices.removeConnectionLocked(ActiveServices.java:2175)
10-31 23:38:13.095   600  9614 W ActivityManager: 	at com.android.server.am.ActiveServices.unbindServiceLocked(ActiveServices.java:1163)
10-31 23:38:13.095   600  9614 W ActivityManager: 	at com.android.server.am.ActivityManagerService.unbindService(ActivityManagerService.java:17309)
10-31 23:38:13.095   600  9614 W ActivityManager: 	at android.app.ActivityManagerNative.onTransact(ActivityManagerNative.java:1145)
10-31 23:38:13.095   600  9614 W ActivityManager: 	at com.android.server.am.ActivityManagerService.onTransact(ActivityManagerService.java:2795)
10-31 23:38:13.095   600  9614 W ActivityManager: 	at android.os.Binder.execTransact(Binder.java:565)
10-31 23:38:13.095   600  9614 E JavaBinder: !!! FAILED BINDER TRANSACTION !!!  (parcel size = 76)
10-31 23:38:13.095   197   197 E lowmemorykiller: Error writing /proc/9275/oom_score_adj; errno=22
10-31 23:38:13.096   600  9614 E JavaBinder: !!! FAILED BINDER TRANSACTION !!!  (parcel size = 76)
10-31 23:38:13.110   600  1079 I ActivityManager: Process com.android.chrome:sandboxed_process11 (pid 9275) has died
10-31 23:38:13.110   600  1079 D ActivityManager: cleanUpApplicationRecord -- 9275
10-31 23:38:13.139  8950  8950 W chromium: [WARNING:compositor_view.cc(315)] Child process died (type=6) pid=9275)
10-31 23:38:13.145  8950  8985 I cr_BindingManager: onTrimMemory: level=15, size=0
10-31 23:38:13.176  9342  9342 I cr_ChildProcessService: Creating new ChildProcessService pid=9342
10-31 23:38:13.226  8950  8960 I art     : Background sticky concurrent mark sweep GC freed 68814(3MB) AllocSpace objects, 54(1100KB) LOS objects, 31% free, 11MB/16MB, paused 352us total 250.454ms
10-31 23:38:13.274  9402  9402 I cr_ChildProcessService: Creating new ChildProcessService pid=9402
10-31 23:38:13.319  9349  9422 I cr_LibraryLoader: Loaded native library version number "85.0.4183.127"
10-31 23:38:13.319  9349  9422 I cr_CachingUmaRecorder: Flushed 1 samples from 1 histograms.
10-31 23:38:13.327  9335  9421 I cr_LibraryLoader: Loaded native library version number "85.0.4183.127"
10-31 23:38:13.328  9335  9421 I cr_CachingUmaRecorder: Flushed 1 samples from 1 histograms.
10-31 23:38:13.340   600   609 I art     : Background partial concurrent mark sweep GC freed 38767(1931KB) AllocSpace objects, 19(500KB) LOS objects, 33% free, 17MB/26MB, paused 12.778ms total 586.302ms
10-31 23:38:13.340  9373  9426 I cr_LibraryLoader: Loaded native library version number "85.0.4183.127"
10-31 23:38:13.341  9373  9426 I cr_CachingUmaRecorder: Flushed 1 samples from 1 histograms.
10-31 23:38:13.390  9381  9431 I cr_LibraryLoader: Loaded native library version number "85.0.4183.127"
10-31 23:38:13.403  9084  9084 D ICU     : No timezone override file found: /data/misc/zoneinfo/current/icu/icu_tzdata.dat
10-31 23:38:13.403  9381  9431 I cr_CachingUmaRecorder: Flushed 1 samples from 1 histograms.
10-31 23:38:13.407  9342  9433 I cr_LibraryLoader: Loaded native library version number "85.0.4183.127"
10-31 23:38:13.407  9342  9433 I cr_CachingUmaRecorder: Flushed 1 samples from 1 histograms.
10-31 23:38:13.465  9373  9426 I chromium: [INFO:child_process_service.cc(69)] ChildProcessService: Exiting child process.
10-31 23:38:13.474  9349  9422 I chromium: [INFO:child_process_service.cc(69)] ChildProcessService: Exiting child process.
10-31 23:38:13.475   197   197 E lowmemorykiller: Error writing /proc/9349/oom_score_adj; errno=22
10-31 23:38:13.494   600   713 I ActivityManager: Process com.android.chrome:sandboxed_process17 (pid 9349) has died
10-31 23:38:13.494   600   713 D ActivityManager: cleanUpApplicationRecord -- 9349
10-31 23:38:13.494   600   713 I ActivityManager: Killing 9373:com.android.chrome:sandboxed_process18/u0a35i228 (adj 0): isolated not needed
10-31 23:38:13.494   600   713 I ActivityManager: Killing 9335:com.android.chrome:sandboxed_process15/u0a35i225 (adj 0): isolated not needed
10-31 23:38:13.494   600   713 I ActivityManager: Killing 9318:com.android.chrome:sandboxed_process14/u0a35i224 (adj 0): isolated not needed
10-31 23:38:13.494   600   713 I ActivityManager: Killing 9280:com.android.chrome:sandboxed_process12/u0a35i222 (adj 0): isolated not needed
10-31 23:38:13.495  8950  8950 W chromium: [WARNING:compositor_view.cc(315)] Child process died (type=6) pid=9349)
10-31 23:38:13.554  9402  9434 I cr_LibraryLoader: Loaded native library version number "85.0.4183.127"
10-31 23:38:13.555  9402  9434 I cr_CachingUmaRecorder: Flushed 1 samples from 1 histograms.
10-31 23:38:13.620  9272  9272 I dex2oat : dex2oat took 1.256s (threads: 2) arena alloc=896KB (918200B) java alloc=81KB (83240B) native alloc=559KB (573208B) free=2000KB (2048232B)
10-31 23:38:13.637  9084  9084 I Radio-JNI: register_android_hardware_Radio DONE
10-31 23:38:13.641  9342  9342 I cr_ChildProcessService: Destroying ChildProcessService pid=9342
10-31 23:38:13.645  9342  9342 I art     : System.exit called, status: 0
10-31 23:38:13.645  9342  9342 I AndroidRuntime: VM exiting with result code 0, cleanup skipped.
10-31 23:38:13.659  9381  9381 I cr_ChildProcessService: Destroying ChildProcessService pid=9381
10-31 23:38:13.660  9381  9431 I chromium: [INFO:child_process_service.cc(69)] ChildProcessService: Exiting child process.
10-31 23:38:13.663   600   612 I UsageStatsService: Time changed in UsageStats by -3 seconds
10-31 23:38:13.663   600   612 I UsageStatsService: User[0] Flushing usage stats to disk
10-31 23:38:13.677  9084  9084 D AndroidRuntime: Calling main entry com.android.commands.am.Am
10-31 23:38:13.678  9402  9402 I cr_ChildProcessService: Destroying ChildProcessService pid=9402
10-31 23:38:13.681  9402  9402 I art     : System.exit called, status: 0
10-31 23:38:13.681  9402  9402 I AndroidRuntime: VM exiting with result code 0, cleanup skipped.
10-31 23:38:13.686   600 25704 I ActivityManager: Killing 9402:com.android.chrome:sandboxed_process20/u0a35i230 (adj 0): isolated not needed
10-31 23:38:13.686   600 25704 I ActivityManager: Killing 9342:com.android.chrome:sandboxed_process16/u0a35i226 (adj 0): isolated not needed
10-31 23:38:13.686   600 25704 I ActivityManager: Killing 9381:com.android.chrome:sandboxed_process19/u0a35i229 (adj 0): isolated not needed
10-31 23:38:13.713   600 24515 I ActivityManager: START u0 {act=android.intent.action.VIEW dat=http://w3schools.com/... flg=0x10000000 cmp=com.android.chrome/com.google.android.apps.chrome.Main} from uid 2000 on display 0
10-31 23:38:13.722  9084  9084 D AndroidRuntime: Shutting down VM
10-31 23:38:13.738   600  1080 D ActivityManager: cleanUpApplicationRecord -- 9280
