11-01 00:29:42.404 27806 28052 I PlayCore: UID: [10035]  PID: [27806] SplitInstallService : Initiate binding to the service.
11-01 00:29:42.447 20673 20799 W Icing   : No valid account for uploading user actions
11-01 00:29:42.480   600  6312 I ActivityManager: Killing 28216:com.android.chrome:sandboxed_process18/u0a35i547 (adj 0): isolated not needed
11-01 00:29:42.480   600  6312 I ActivityManager: Killing 28203:com.android.chrome:sandboxed_process17/u0a35i546 (adj 0): isolated not needed
11-01 00:29:42.492 27942 27942 I Radio-JNI: register_android_hardware_Radio DONE
11-01 00:29:42.533 27942 27942 D AndroidRuntime: Calling main entry com.android.commands.am.Am
11-01 00:29:42.563 27806 27817 W art     : Suspending all threads took: 73.408ms
11-01 00:29:42.564   600 22670 D ActivityManager: cleanUpApplicationRecord -- 28005
11-01 00:29:42.571 28245 28282 I chromium: [INFO:child_process_service.cc(69)] ChildProcessService: Exiting child process.
11-01 00:29:42.571 20673 20795 I Icing   : IndexChimeraService.getServiceInterface callingPackage=com.google.android.gms componentName=null serviceId=30
11-01 00:29:42.574   600 13558 D ActivityManager: cleanUpApplicationRecord -- 28072
11-01 00:29:42.575   600  1081 D ActivityManager: cleanUpApplicationRecord -- 27986
11-01 00:29:42.575   600  9614 D ActivityManager: cleanUpApplicationRecord -- 27949
11-01 00:29:42.575   600 16391 D ActivityManager: cleanUpApplicationRecord -- 28024
11-01 00:29:42.575   600  1079 D ActivityManager: cleanUpApplicationRecord -- 28038
11-01 00:29:42.576   600 10249 D ActivityManager: cleanUpApplicationRecord -- 27979
11-01 00:29:42.576   600   707 D ActivityManager: cleanUpApplicationRecord -- 27944
11-01 00:29:42.577   197   197 E lowmemorykiller: Error writing /proc/28245/oom_score_adj; errno=22
11-01 00:29:42.582   600  3967 I ActivityManager: START u0 {act=android.intent.action.VIEW dat=http://w3schools.com/... flg=0x10000000 cmp=com.android.chrome/com.google.android.apps.chrome.Main} from uid 2000 on display 0
11-01 00:29:42.588   600  2707 I ActivityManager: Process com.android.chrome:sandboxed_process19 (pid 28245) has died
11-01 00:29:42.588   600  2707 D ActivityManager: cleanUpApplicationRecord -- 28245
11-01 00:29:42.593 27942 27942 D AndroidRuntime: Shutting down VM
11-01 00:29:42.600   600  1082 W ActivityManager: Unable to start service Intent { act=com.google.android.play.core.splitinstall.BIND_SPLIT_INSTALL_SERVICE pkg=com.android.vending } U=0: not found
11-01 00:29:42.608 27806 27806 W chromium: [WARNING:compositor_view.cc(315)] Child process died (type=6) pid=27979)
11-01 00:29:42.610 27806 27806 W chromium: [WARNING:compositor_view.cc(315)] Child process died (type=6) pid=28038)
11-01 00:29:42.610 27806 28052 I PlayCore: UID: [10035]  PID: [27806] SplitInstallService : Failed to bind to the service.
11-01 00:29:42.610 27806 27806 W chromium: [WARNING:compositor_view.cc(315)] Child process died (type=6) pid=28024)
11-01 00:29:42.610 27806 27806 W chromium: [WARNING:compositor_view.cc(315)] Child process died (type=6) pid=28005)
11-01 00:29:42.610 27806 27806 W chromium: [WARNING:compositor_view.cc(315)] Child process died (type=6) pid=27949)
11-01 00:29:42.611 27806 27806 W chromium: [WARNING:compositor_view.cc(315)] Child process died (type=6) pid=27944)
11-01 00:29:42.611 27806 27806 W chromium: [WARNING:compositor_view.cc(315)] Child process died (type=6) pid=27986)
11-01 00:29:42.611 27806 27806 W chromium: [WARNING:compositor_view.cc(315)] Child process died (type=6) pid=28072)
11-01 00:29:42.611 27806 27806 W chromium: [WARNING:compositor_view.cc(315)] Child process died (type=6) pid=28245)
11-01 00:29:42.627   600  3507 D ActivityManager: cleanUpApplicationRecord -- 28132
11-01 00:29:42.636   600  3994 D ActivityManager: cleanUpApplicationRecord -- 28149
11-01 00:29:42.642 27806 27817 I art     : Background sticky concurrent mark sweep GC freed 61324(3MB) AllocSpace objects, 43(920KB) LOS objects, 0% free, 17MB/17MB, paused 74.341ms total 253.517ms
11-01 00:29:42.644   600 27731 D ActivityManager: cleanUpApplicationRecord -- 28137
11-01 00:29:42.719 27806 27806 E cr_IntentUtils: getInt failed on bundle null
11-01 00:29:42.769 27806 27806 I cr_tabmodel: Appending tabs being restored to metadata lists, 0, startingNormalCount: 2, startingIncognitoCount: 0
11-01 00:29:42.769 27806 27806 I cr_tabmodel: Serializing tab lists; counts: 2, 0
11-01 00:29:42.773   600 24611 I ActivityManager: Start proc 28309:com.android.chrome:sandboxed_process20/u0i549 for service com.android.chrome/org.chromium.content.app.SandboxedProcessService20
11-01 00:29:42.791 27806 27817 I art     : Background partial concurrent mark sweep GC freed 30112(1479KB) AllocSpace objects, 22(3MB) LOS objects, 39% free, 16MB/27MB, paused 549us total 134.545ms
11-01 00:29:42.807 27806 27806 W chromium: [WARNING:compositor_view.cc(315)] Child process died (type=6) pid=28132)
11-01 00:29:42.808 27806 27806 W chromium: [WARNING:compositor_view.cc(315)] Child process died (type=6) pid=28149)
11-01 00:29:42.808 27806 27806 W chromium: [WARNING:compositor_view.cc(315)] Child process died (type=6) pid=28137)
11-01 00:29:42.890 28309 28309 W boxed_process20: type=1400 audit(0.0:16458): avc: denied { getattr } for path="/data/data/com.android.chrome" dev="dm-2" ino=12190 scontext=u:r:isolated_app:s0:c512,c768 tcontext=u:object_r:app_data_file:s0:c512,c768 tclass=dir permissive=0
11-01 00:29:42.912 27806 27863 I TimingUtils: Task Timing 651ms, thread JardinExecutor | task : commitContentMutation | mutations : 32
11-01 00:29:42.915 27806 27863 I TimingUtils: Task Timing   2ms, thread JardinExecutor | task : commitSemanticPropertiesMutation | mutations : 0
11-01 00:29:42.915 27806 27863 I TaskQueue:  - Finished 23, time 655 ms
11-01 00:29:42.915 27806 27863 I TaskQueue: Execute task [BACKGROUND - d: false, b: 0]: 11
11-01 00:29:42.918 27806 27863 I SessionCache: Determining accessible content
11-01 00:29:42.920 27806 27863 I TimingUtils: Task Timing   4ms, thread JardinExecutor | task : ContentGc | contentItemsRemoved : 0
11-01 00:29:42.920 27806 27863 I TaskQueue:  - Finished 11, time 5 ms
11-01 00:29:42.932   600  3509 I ActivityManager: Start proc 28323:com.android.chrome:sandboxed_process21/u0i550 for service com.android.chrome/org.chromium.content.app.SandboxedProcessService21
11-01 00:29:42.980   600 13557 I ActivityManager: Start proc 28336:com.android.chrome:sandboxed_process22/u0i551 for service com.android.chrome/org.chromium.content.app.SandboxedProcessService22
11-01 00:29:42.987 28309 28309 I cr_ChildProcessService: Creating new ChildProcessService pid=28309
11-01 00:29:43.017 28323 28323 W boxed_process21: type=1400 audit(0.0:16459): avc: denied { getattr } for path="/data/data/com.android.chrome" dev="dm-2" ino=12190 scontext=u:r:isolated_app:s0:c512,c768 tcontext=u:object_r:app_data_file:s0:c512,c768 tclass=dir permissive=0
11-01 00:29:43.042 28309 28341 I cr_LibraryLoader: Loaded native library version number "85.0.4183.127"
11-01 00:29:43.042 28309 28341 I cr_CachingUmaRecorder: Flushed 1 samples from 1 histograms.
11-01 00:29:43.062 28323 28323 I cr_ChildProcessService: Creating new ChildProcessService pid=28323
11-01 00:29:43.067 28336 28336 W boxed_process22: type=1400 audit(0.0:16460): avc: denied { getattr } for path="/data/data/com.android.chrome" dev="dm-2" ino=12190 scontext=u:r:isolated_app:s0:c512,c768 tcontext=u:object_r:app_data_file:s0:c512,c768 tclass=dir permissive=0
11-01 00:29:43.144 28336 28336 I cr_ChildProcessService: Creating new ChildProcessService pid=28336
11-01 00:29:43.182 28323 28350 I cr_LibraryLoader: Loaded native library version number "85.0.4183.127"
11-01 00:29:43.189 28323 28350 I cr_CachingUmaRecorder: Flushed 1 samples from 1 histograms.
11-01 00:29:43.222   600  1082 D ActivityManager: cleanUpApplicationRecord -- 28216
11-01 00:29:43.239 27806 27862 W InstanceID: Instance ID SDK is deprecated, com.android.chrome should update to use Firebase Instance ID
11-01 00:29:43.241 27806 27806 W chromium: [WARNING:compositor_view.cc(315)] Child process died (type=6) pid=28216)
11-01 00:29:43.266   600   610 D ActivityManager: cleanUpApplicationRecord -- 28162
11-01 00:29:43.281   600  1079 D ActivityManager: cleanUpApplicationRecord -- 28178
11-01 00:29:43.308 28336 28356 I cr_LibraryLoader: Loaded native library version number "85.0.4183.127"
11-01 00:29:43.309 28336 28356 I cr_CachingUmaRecorder: Flushed 1 samples from 1 histograms.
11-01 00:29:43.396 28323 28323 I cr_ChildProcessService: Destroying ChildProcessService pid=28323
11-01 00:29:43.398 28336 28356 I chromium: [INFO:child_process_service.cc(69)] ChildProcessService: Exiting child process.
11-01 00:29:43.399   197   197 E lowmemorykiller: Error writing /proc/28336/oom_score_adj; errno=22
11-01 00:29:43.424   600  1082 I ActivityManager: Process com.android.chrome:sandboxed_process22 (pid 28336) has died
11-01 00:29:43.424   600  1082 D ActivityManager: cleanUpApplicationRecord -- 28336
11-01 00:29:43.426   600  1082 I ActivityManager: Killing 28323:com.android.chrome:sandboxed_process21/u0a35i550 (adj 0): isolated not needed
11-01 00:29:43.442 27806 27806 W chromium: [WARNING:compositor_view.cc(315)] Child process died (type=6) pid=28336)
11-01 00:29:43.467 27806 27806 W chromium: [WARNING:compositor_view.cc(315)] Child process died (type=6) pid=28162)
11-01 00:29:43.473 27806 27806 W chromium: [WARNING:compositor_view.cc(315)] Child process died (type=6) pid=28178)
11-01 00:29:43.497   600   610 D ActivityManager: cleanUpApplicationRecord -- 28113
11-01 00:29:43.519 27806 27806 W chromium: [WARNING:compositor_view.cc(315)] Child process died (type=6) pid=28113)
11-01 00:29:43.565   600   615 W libprocessgroup: failed to kill pid 28178: No such process
11-01 00:29:43.763   600 13557 D ActivityManager: cleanUpApplicationRecord -- 28203
11-01 00:29:43.775 27806 27806 W chromium: [WARNING:compositor_view.cc(315)] Child process died (type=6) pid=28203)
11-01 00:29:43.790   600  1076 D ActivityManager: cleanUpApplicationRecord -- 28323
11-01 00:29:43.822   600  9614 D ActivityManager: cleanUpApplicationRecord -- 28189
11-01 00:29:43.851 27806 27806 W chromium: [WARNING:compositor_view.cc(315)] Child process died (type=6) pid=28189)
11-01 00:29:43.861 27806 27806 W chromium: [WARNING:compositor_view.cc(315)] Child process died (type=6) pid=28323)
11-01 00:29:44.654 27806 27861 I cr_omaha: Request to Server Successful. Timestamp for next request:1667262584654
11-01 00:29:44.702 27806 27861 I cr_omaha: Request to Server Successful. Timestamp for next request:1667262584702
11-01 00:29:44.703 27806 27861 I cr_omaha: Attempting to schedule next job for: Tue Nov 01 05:29:44 GMT+01:00 2022
11-01 00:29:44.706 27806 27806 I cr_omaha: Scheduled using JobService
11-01 00:29:44.706 27806 27806 E cr_BkgrdTaskJS: Tried finishing non-current BackgroundTask.
11-01 00:29:45.025 20673 20799 E native  : document-store.cc:1328 Failed to update per-doc-data with usage report
11-01 00:29:45.293   787  1245 W Icing   : isOptedInForAppHistory: empty Account Name encountered
11-01 00:29:45.350 20673 20799 E native  : document-store.cc:1328 Failed to update per-doc-data with usage report
11-01 00:29:45.381   787  1245 W Icing   : isOptedInForAppHistory: empty Account Name encountered
11-01 00:29:45.384 27806 27806 E cr_BTSPrefs: No data found for task id: 53
11-01 00:29:45.384 27806 27806 E cr_BkgrdTaskScheduler: Task cannot be canceled because no data was found instorage or data was invalid
11-01 00:29:45.741   787 27549 W Icing   : isOptedInForAppHistory: empty Account Name encountered
11-01 00:29:45.776 20673 20799 I Icing   : Usage reports ok 2, Failed Usage reports 2, indexed 0, rejected 0
11-01 00:29:45.777 20673 20799 I Icing   : Removing corpus key com.android.chrome-omnibox for package com.android.chrome
11-01 00:29:45.868 20673 20799 I native  : document-store.cc:1654 Scored 2576 usage reports, missing_corpora 1397 update_failed 1
11-01 00:29:45.938 20673 20799 W Icing   : No valid account for uploading user actions
11-01 00:29:46.016 20673 20799 I Icing   : Usage reports ok 1, Failed Usage reports 0, indexed 1, rejected 0
11-01 00:29:46.018 20673 20799 W Icing   : No valid account for uploading user actions
11-01 00:29:46.052 20673 20799 I Icing   : Usage reports ok 0, Failed Usage reports 0, indexed 0, rejected 0
11-01 00:29:46.064 20673 20799 I Icing   : Indexing com.android.chrome-omnibox from com.android.chrome
11-01 00:29:46.205 20673 20799 I Icing   : Indexing done com.android.chrome-omnibox
11-01 00:29:46.847 27806 27817 I art     : Background sticky concurrent mark sweep GC freed 103215(4MB) AllocSpace objects, 31(632KB) LOS objects, 20% free, 21MB/27MB, paused 5.935ms total 46.982ms
11-01 00:29:47.281 27806 27806 I cr_tabmodel: Appending tabs being restored to metadata lists, 0, startingNormalCount: 2, startingIncognitoCount: 0
11-01 00:29:47.281 27806 27806 I cr_tabmodel: Serializing tab lists; counts: 2, 0
11-01 00:29:49.700 27806 27806 E cr_BTSPrefs: No data found for task id: 57
11-01 00:29:49.700 27806 27806 E cr_BkgrdTaskScheduler: Task cannot be canceled because no data was found instorage or data was invalid
11-01 00:29:49.701 27806 27806 E cr_BTSPrefs: No data found for task id: 56
11-01 00:29:49.701 27806 27806 E cr_BkgrdTaskScheduler: Task cannot be canceled because no data was found instorage or data was invalid
11-01 00:29:55.876 28392 28392 D AndroidRuntime: >>>>>> START com.android.internal.os.RuntimeInit uid 2000 <<<<<<
11-01 00:29:55.880 28392 28392 D AndroidRuntime: CheckJNI is OFF
11-01 00:29:55.947 28392 28392 D ICU     : No timezone override file found: /data/misc/zoneinfo/current/icu/icu_tzdata.dat
11-01 00:29:55.980 28392 28392 I Radio-JNI: register_android_hardware_Radio DONE
11-01 00:29:55.995 28392 28392 D AndroidRuntime: Calling main entry com.android.commands.monkey.Monkey
11-01 00:29:56.063   600   613 W BroadcastQueue: Skipping deliver [background] BroadcastRecord{f584c4e u-1 android.net.conn.CONNECTIVITY_CHANGE} to ReceiverList{22c716f 28392 (unknown name)/2000/u-1 remote:b5bad50}: process crashing
11-01 00:29:57.655 28392 28392 D MonkeyStub: translateCommand: wake
11-01 00:29:57.827 28392 28392 D MonkeyStub: translateCommand: tap 1156 1096
11-01 00:29:59.874 28392 28392 D MonkeyStub: translateCommand: tap 259 298
11-01 00:30:01.911 28392 28392 D MonkeyStub: translateCommand: tap 777 567
11-01 00:30:04.144 28392 28392 D MonkeyStub: translateCommand: tap 168 1070
11-01 00:30:04.338   787  1259 E AsyncOperation: serviceID=121, operation=GetLaunchDataOperation [CONTEXT service_id=259 ]
11-01 00:30:04.338   787  1259 E AsyncOperation: OperationException[Status{statusCode=Not an instant app, resolution=null}]
11-01 00:30:04.338   787  1259 E AsyncOperation: 	at aeay.a(:com.google.android.gms@203915020@20.39.15 (040406-335085812):20)
11-01 00:30:04.338   787  1259 E AsyncOperation: 	at aain.run(:com.google.android.gms@203915020@20.39.15 (040406-335085812):7)
11-01 00:30:04.338   787  1259 E AsyncOperation: 	at boex.run(:com.google.android.gms@203915020@20.39.15 (040406-335085812):2)
11-01 00:30:04.338   787  1259 E AsyncOperation: 	at sup.b(:com.google.android.gms@203915020@20.39.15 (040406-335085812):12)
11-01 00:30:04.338   787  1259 E AsyncOperation: 	at sup.run(:com.google.android.gms@203915020@20.39.15 (040406-335085812):7)
11-01 00:30:04.338   787  1259 E AsyncOperation: 	at java.util.concurrent.ThreadPoolExecutor.runWorker(ThreadPoolExecutor.java:1133)
11-01 00:30:04.338   787  1259 E AsyncOperation: 	at java.util.concurrent.ThreadPoolExecutor$Worker.run(ThreadPoolExecutor.java:607)
11-01 00:30:04.338   787  1259 E AsyncOperation: 	at tam.run(:com.google.android.gms@203915020@20.39.15 (040406-335085812):0)
11-01 00:30:04.338   787  1259 E AsyncOperation: 	at java.lang.Thread.run(Thread.java:761)
11-01 00:30:04.966   787 28591 W Icing   : isOptedInForAppHistory: empty Account Name encountered
11-01 00:30:04.980   787 28591 W Icing   : isOptedInForAppHistory: empty Account Name encountered
11-01 00:30:05.037   787 27289 W Icing   : isOptedInForAppHistory: empty Account Name encountered
11-01 00:30:06.683 20673 20684 I art     : Background partial concurrent mark sweep GC freed 36859(2MB) AllocSpace objects, 20(328KB) LOS objects, 39% free, 6MB/11MB, paused 6.023ms total 73.559ms
11-01 00:30:06.974 27806 27806 I cr_tabmodel: Appending tabs being restored to metadata lists, 0, startingNormalCount: 2, startingIncognitoCount: 0
11-01 00:30:06.974 27806 27806 I cr_tabmodel: Serializing tab lists; counts: 2, 0
11-01 00:30:12.252 28392 28392 D MonkeyStub: translateCommand: touch down 614 1561
11-01 00:30:12.273 28392 28392 D MonkeyStub: translateCommand: touch move 614 1561
11-01 00:30:12.425 28392 28392 D MonkeyStub: translateCommand: touch move 614 1436
11-01 00:30:12.534 28392 28392 D MonkeyStub: translateCommand: touch move 614 1311
11-01 00:30:12.644 28392 28392 D MonkeyStub: translateCommand: touch move 614 1186
11-01 00:30:12.762 28392 28392 D MonkeyStub: translateCommand: touch move 614 1061
11-01 00:30:12.876 28392 28392 D MonkeyStub: translateCommand: touch move 614 937
11-01 00:30:12.987 28392 28392 D MonkeyStub: translateCommand: touch move 614 812
11-01 00:30:13.091 28392 28392 D MonkeyStub: translateCommand: touch move 614 687
11-01 00:30:13.196 28392 28392 D MonkeyStub: translateCommand: touch move 614 562
11-01 00:30:13.300 28392 28392 D MonkeyStub: translateCommand: touch move 614 437
11-01 00:30:13.405 28392 28392 D MonkeyStub: translateCommand: touch move 614 312
11-01 00:30:13.415 28392 28392 D MonkeyStub: translateCommand: touch up 614 312
11-01 00:30:13.445 20673 21208 I Icing   : IndexChimeraService.getServiceInterface callingPackage=com.android.chrome componentName=null serviceId=36
11-01 00:30:13.449 28392 28392 D MonkeyStub: translateCommand: touch down 614 1561
11-01 00:30:13.452 28392 28392 D MonkeyStub: translateCommand: touch move 614 1561
11-01 00:30:13.562 28392 28392 D MonkeyStub: translateCommand: touch move 614 1436
11-01 00:30:13.679 28392 28392 D MonkeyStub: translateCommand: touch move 614 1311
11-01 00:30:13.727 20673 20799 W Icing   : No valid account for uploading user actions
11-01 00:30:13.752 20673 21208 I Icing   : IndexChimeraService.getServiceInterface callingPackage=com.google.android.gms componentName=null serviceId=30
11-01 00:30:13.789 28392 28392 D MonkeyStub: translateCommand: touch move 614 1186
11-01 00:30:13.848 20673 20799 I Icing   : Usage reports ok 1, Failed Usage reports 0, indexed 1, rejected 0
11-01 00:30:13.850 20673 20799 W Icing   : No valid account for uploading user actions
11-01 00:30:13.865 20673 20799 I Icing   : Usage reports ok 0, Failed Usage reports 0, indexed 0, rejected 0
11-01 00:30:13.866 20673 20799 I Icing   : Indexing com.android.chrome-omnibox from com.android.chrome
11-01 00:30:13.894 28392 28392 D MonkeyStub: translateCommand: touch move 614 1061
11-01 00:30:13.925 20673 20799 I Icing   : Indexing done com.android.chrome-omnibox
11-01 00:30:14.061 28392 28392 D MonkeyStub: translateCommand: touch move 614 937
11-01 00:30:14.169 28392 28392 D MonkeyStub: translateCommand: touch move 614 812
11-01 00:30:14.316 28392 28392 D MonkeyStub: translateCommand: touch move 614 687
11-01 00:30:14.421 28392 28392 D MonkeyStub: translateCommand: touch move 614 562
11-01 00:30:14.545 28392 28392 D MonkeyStub: translateCommand: touch move 614 437
11-01 00:30:14.681 28392 28392 D MonkeyStub: translateCommand: touch move 614 312
11-01 00:30:14.722 28392 28392 D MonkeyStub: translateCommand: touch up 614 312
11-01 00:30:14.884   787 28592 W Icing   : isOptedInForAppHistory: empty Account Name encountered
11-01 00:30:14.904   787 27289 W Icing   : isOptedInForAppHistory: empty Account Name encountered
11-01 00:30:18.827 28392 28392 D MonkeyStub: translateCommand: touch down 614 1561
11-01 00:30:18.838 28392 28392 D MonkeyStub: translateCommand: touch move 614 1561
11-01 00:30:18.959 28392 28392 D MonkeyStub: translateCommand: touch move 614 1436
11-01 00:30:19.082 28392 28392 D MonkeyStub: translateCommand: touch move 614 1311
11-01 00:30:19.219 28392 28392 D MonkeyStub: translateCommand: touch move 614 1186
11-01 00:30:19.372 28392 28392 D MonkeyStub: translateCommand: touch move 614 1061
11-01 00:30:19.491 28392 28392 D MonkeyStub: translateCommand: touch move 614 937
11-01 00:30:19.583   600   609 I art     : Background partial concurrent mark sweep GC freed 96289(5MB) AllocSpace objects, 56(2012KB) LOS objects, 33% free, 17MB/25MB, paused 2.554ms total 172.547ms
11-01 00:30:19.630 28392 28392 D MonkeyStub: translateCommand: touch move 614 812
11-01 00:30:19.740 28392 28392 D MonkeyStub: translateCommand: touch move 614 687
11-01 00:30:19.856 28392 28392 D MonkeyStub: translateCommand: touch move 614 562
11-01 00:30:19.973 28392 28392 D MonkeyStub: translateCommand: touch move 614 437
11-01 00:30:20.086 28392 28392 D MonkeyStub: translateCommand: touch move 614 312
11-01 00:30:20.091 28392 28392 D MonkeyStub: translateCommand: touch up 614 312
11-01 00:30:20.745   600   713 I ActivityManager: Start proc 28444:com.android.chrome:sandboxed_process23/u0i552 for service com.android.chrome/org.chromium.content.app.SandboxedProcessService23
11-01 00:30:20.890 28444 28444 W boxed_process23: type=1400 audit(0.0:16461): avc: denied { getattr } for path="/data/data/com.android.chrome" dev="dm-2" ino=12190 scontext=u:r:isolated_app:s0:c512,c768 tcontext=u:object_r:app_data_file:s0:c512,c768 tclass=dir permissive=0
11-01 00:30:20.947 28444 28444 I cr_ChildProcessService: Creating new ChildProcessService pid=28444
11-01 00:30:21.011 28444 28457 I cr_LibraryLoader: Loaded native library version number "85.0.4183.127"
11-01 00:30:21.013 28444 28457 I cr_CachingUmaRecorder: Flushed 1 samples from 1 histograms.
11-01 00:30:21.044 28457 28457 W CrUtilityMain: type=1400 audit(0.0:16462): avc: denied { setattr } for name="LICENSE.txt" dev="dm-2" ino=59711 scontext=u:r:isolated_app:s0:c512,c768 tcontext=u:object_r:app_data_file:s0:c512,c768 tclass=file permissive=0
11-01 00:30:21.047 28457 28457 W CrUtilityMain: type=1400 audit(0.0:16463): avc: denied { setattr } for name=46696C746572696E672052756C6573 dev="dm-2" ino=59845 scontext=u:r:isolated_app:s0:c512,c768 tcontext=u:object_r:app_data_file:s0:c512,c768 tclass=file permissive=0
11-01 00:30:21.050 28457 28457 W CrUtilityMain: type=1400 audit(0.0:16464): avc: denied { setattr } for name="manifest.json" dev="dm-2" ino=57200 scontext=u:r:isolated_app:s0:c512,c768 tcontext=u:object_r:app_data_file:s0:c512,c768 tclass=file permissive=0
11-01 00:30:21.057 28457 28457 W CrUtilityMain: type=1400 audit(0.0:16465): avc: denied { setattr } for name="verified_contents.json" dev="dm-2" ino=57672 scontext=u:r:isolated_app:s0:c512,c768 tcontext=u:object_r:app_data_file:s0:c512,c768 tclass=file permissive=0
11-01 00:30:21.086 28444 28457 I chromium: [INFO:child_process_service.cc(69)] ChildProcessService: Exiting child process.
11-01 00:30:21.403   600  1082 I ActivityManager: Process com.android.chrome:sandboxed_process23 (pid 28444) has died
11-01 00:30:21.403   600  1082 D ActivityManager: cleanUpApplicationRecord -- 28444
11-01 00:30:21.412 27806 27806 W chromium: [WARNING:compositor_view.cc(315)] Child process died (type=6) pid=28444)
11-01 00:30:22.041   600 13558 I ActivityManager: Start proc 28461:com.android.chrome:sandboxed_process24/u0i553 for service com.android.chrome/org.chromium.content.app.SandboxedProcessService24
11-01 00:30:22.127 28392 28392 D MonkeyStub: translateCommand: tap 278 93
11-01 00:30:22.180 28461 28461 W boxed_process24: type=1400 audit(0.0:16466): avc: denied { getattr } for path="/data/data/com.android.chrome" dev="dm-2" ino=12190 scontext=u:r:isolated_app:s0:c512,c768 tcontext=u:object_r:app_data_file:s0:c512,c768 tclass=dir permissive=0
11-01 00:30:22.232 28461 28461 I cr_ChildProcessService: Creating new ChildProcessService pid=28461
11-01 00:30:22.282 28461 28474 I cr_LibraryLoader: Loaded native library version number "85.0.4183.127"
11-01 00:30:22.283 28461 28474 I cr_CachingUmaRecorder: Flushed 1 samples from 1 histograms.
11-01 00:30:22.327 28474 28474 W CrUtilityMain: type=1400 audit(0.0:16467): avc: denied { setattr } for name="tl_en-us_2022-10-26_484799359_100000_index.bin" dev="dm-2" ino=29339 scontext=u:r:isolated_app:s0:c512,c768 tcontext=u:object_r:app_data_file:s0:c512,c768 tclass=file permissive=0
11-01 00:30:22.330 28474 28474 W CrUtilityMain: type=1400 audit(0.0:16468): avc: denied { setattr } for name="manifest.json" dev="dm-2" ino=58369 scontext=u:r:isolated_app:s0:c512,c768 tcontext=u:object_r:app_data_file:s0:c512,c768 tclass=file permissive=0
11-01 00:30:22.337 28474 28474 W CrUtilityMain: type=1400 audit(0.0:16469): avc: denied { setattr } for name="verified_contents.json" dev="dm-2" ino=57402 scontext=u:r:isolated_app:s0:c512,c768 tcontext=u:object_r:app_data_file:s0:c512,c768 tclass=file permissive=0
11-01 00:30:22.349 28461 28461 I cr_ChildProcessService: Destroying ChildProcessService pid=28461
11-01 00:30:22.350 28461 28474 I chromium: [INFO:child_process_service.cc(69)] ChildProcessService: Exiting child process.
11-01 00:30:22.377   600  1080 I ActivityManager: Process com.android.chrome:sandboxed_process24 (pid 28461) has died
11-01 00:30:22.377   600  1080 D ActivityManager: cleanUpApplicationRecord -- 28461
11-01 00:30:22.384 27806 27806 W chromium: [WARNING:compositor_view.cc(315)] Child process died (type=6) pid=28461)
11-01 00:30:22.588   787  1259 E AsyncOperation: serviceID=121, operation=GetLaunchDataOperation [CONTEXT service_id=259 ]
11-01 00:30:22.588   787  1259 E AsyncOperation: OperationException[Status{statusCode=Not an instant app, resolution=null}]
11-01 00:30:22.588   787  1259 E AsyncOperation: 	at aeay.a(:com.google.android.gms@203915020@20.39.15 (040406-335085812):20)
11-01 00:30:22.588   787  1259 E AsyncOperation: 	at aain.run(:com.google.android.gms@203915020@20.39.15 (040406-335085812):7)
11-01 00:30:22.588   787  1259 E AsyncOperation: 	at boex.run(:com.google.android.gms@203915020@20.39.15 (040406-335085812):2)
11-01 00:30:22.588   787  1259 E AsyncOperation: 	at sup.b(:com.google.android.gms@203915020@20.39.15 (040406-335085812):12)
11-01 00:30:22.588   787  1259 E AsyncOperation: 	at sup.run(:com.google.android.gms@203915020@20.39.15 (040406-335085812):7)
11-01 00:30:22.588   787  1259 E AsyncOperation: 	at java.util.concurrent.ThreadPoolExecutor.runWorker(ThreadPoolExecutor.java:1133)
11-01 00:30:22.588   787  1259 E AsyncOperation: 	at java.util.concurrent.ThreadPoolExecutor$Worker.run(ThreadPoolExecutor.java:607)
11-01 00:30:22.588   787  1259 E AsyncOperation: 	at tam.run(:com.google.android.gms@203915020@20.39.15 (040406-335085812):0)
11-01 00:30:22.588   787  1259 E AsyncOperation: 	at java.lang.Thread.run(Thread.java:761)
11-01 00:30:23.684   600 22670 I ActivityManager: Start proc 28485:com.android.chrome:sandboxed_process25/u0i554 for service com.android.chrome/org.chromium.content.app.SandboxedProcessService25
11-01 00:30:23.752   198   198 E SELinux : avc:  denied  { find } for service=netd pid=28483 uid=2000 scontext=u:r:shell:s0 tcontext=u:object_r:netd_service:s0 tclass=service_manager permissive=0
11-01 00:30:23.758   198   198 E SELinux : avc:  denied  { find } for service=android.service.gatekeeper.IGateKeeperService pid=28483 uid=2000 scontext=u:r:shell:s0 tcontext=u:object_r:gatekeeper_service:s0 tclass=service_manager permissive=0
11-01 00:30:23.814 28485 28485 W boxed_process25: type=1400 audit(0.0:16470): avc: denied { getattr } for path="/data/data/com.android.chrome" dev="dm-2" ino=12190 scontext=u:r:isolated_app:s0:c512,c768 tcontext=u:object_r:app_data_file:s0:c512,c768 tclass=dir permissive=0
11-01 00:30:23.841 28485 28485 I cr_ChildProcessService: Creating new ChildProcessService pid=28485
11-01 00:30:23.892 28485 28498 I cr_LibraryLoader: Loaded native library version number "85.0.4183.127"
11-01 00:30:23.892 28485 28498 I cr_CachingUmaRecorder: Flushed 1 samples from 1 histograms.
11-01 00:30:23.907 28498 28498 W CrUtilityMain: type=1400 audit(0.0:16471): avc: denied { setattr } for name="optimization-hints.pb" dev="dm-2" ino=58727 scontext=u:r:isolated_app:s0:c512,c768 tcontext=u:object_r:app_data_file:s0:c512,c768 tclass=file permissive=0
11-01 00:30:23.910 28498 28498 W CrUtilityMain: type=1400 audit(0.0:16472): avc: denied { setattr } for name="manifest.json" dev="dm-2" ino=58554 scontext=u:r:isolated_app:s0:c512,c768 tcontext=u:object_r:app_data_file:s0:c512,c768 tclass=file permissive=0
11-01 00:30:23.910 28498 28498 W CrUtilityMain: type=1400 audit(0.0:16473): avc: denied { setattr } for name="verified_contents.json" dev="dm-2" ino=57627 scontext=u:r:isolated_app:s0:c512,c768 tcontext=u:object_r:app_data_file:s0:c512,c768 tclass=file permissive=0
11-01 00:30:23.918 28485 28498 I chromium: [INFO:child_process_service.cc(69)] ChildProcessService: Exiting child process.
11-01 00:30:23.923   197   197 E lowmemorykiller: Error writing /proc/28485/oom_score_adj; errno=22
11-01 00:30:23.937   600 24611 I ActivityManager: Process com.android.chrome:sandboxed_process25 (pid 28485) has died
11-01 00:30:23.937   600 24611 D ActivityManager: cleanUpApplicationRecord -- 28485
11-01 00:30:23.939 27806 27806 W chromium: [WARNING:compositor_view.cc(315)] Child process died (type=6) pid=28485)
11-01 00:30:24.530   787   805 W Icing   : isOptedInForAppHistory: empty Account Name encountered
11-01 00:30:24.560   787   805 W Icing   : isOptedInForAppHistory: empty Account Name encountered
11-01 00:30:24.653   787 11832 W Icing   : isOptedInForAppHistory: empty Account Name encountered
11-01 00:30:25.555   600  9614 I ActivityManager: Start proc 28502:com.android.chrome:sandboxed_process26/u0i555 for service com.android.chrome/org.chromium.content.app.SandboxedProcessService26
11-01 00:30:25.604 28502 28502 W boxed_process26: type=1400 audit(0.0:16474): avc: denied { getattr } for path="/data/data/com.android.chrome" dev="dm-2" ino=12190 scontext=u:r:isolated_app:s0:c512,c768 tcontext=u:object_r:app_data_file:s0:c512,c768 tclass=dir permissive=0
11-01 00:30:25.629 28502 28502 I cr_ChildProcessService: Creating new ChildProcessService pid=28502
11-01 00:30:25.682 28502 28515 I cr_LibraryLoader: Loaded native library version number "85.0.4183.127"
11-01 00:30:25.682 28502 28515 I cr_CachingUmaRecorder: Flushed 1 samples from 1 histograms.
11-01 00:30:25.697 28515 28515 W CrUtilityMain: type=1400 audit(0.0:16475): avc: denied { setattr } for name="crl-set" dev="dm-2" ino=57714 scontext=u:r:isolated_app:s0:c512,c768 tcontext=u:object_r:app_data_file:s0:c512,c768 tclass=file permissive=0
11-01 00:30:25.700 28515 28515 W CrUtilityMain: type=1400 audit(0.0:16476): avc: denied { setattr } for name="manifest.json" dev="dm-2" ino=56799 scontext=u:r:isolated_app:s0:c512,c768 tcontext=u:object_r:app_data_file:s0:c512,c768 tclass=file permissive=0
11-01 00:30:25.700 28515 28515 W CrUtilityMain: type=1400 audit(0.0:16477): avc: denied { setattr } for name="LICENSE" dev="dm-2" ino=22918 scontext=u:r:isolated_app:s0:c512,c768 tcontext=u:object_r:app_data_file:s0:c512,c768 tclass=file permissive=0
11-01 00:30:25.707 28515 28515 W CrUtilityMain: type=1400 audit(0.0:16478): avc: denied { setattr } for name="verified_contents.json" dev="dm-2" ino=57290 scontext=u:r:isolated_app:s0:c512,c768 tcontext=u:object_r:app_data_file:s0:c512,c768 tclass=file permissive=0
11-01 00:30:25.722 28502 28515 I chromium: [INFO:child_process_service.cc(69)] ChildProcessService: Exiting child process.
11-01 00:30:25.726   197   197 E lowmemorykiller: Error writing /proc/28502/oom_score_adj; errno=22
11-01 00:30:25.747   600  3507 I ActivityManager: Process com.android.chrome:sandboxed_process26 (pid 28502) has died
11-01 00:30:25.747   600  3507 D ActivityManager: cleanUpApplicationRecord -- 28502
11-01 00:30:25.750 27806 27806 W chromium: [WARNING:compositor_view.cc(315)] Child process died (type=6) pid=28502)
11-01 00:30:26.004 27806 27806 I cr_tabmodel: Appending tabs being restored to metadata lists, 0, startingNormalCount: 2, startingIncognitoCount: 0
11-01 00:30:26.004 27806 27806 I cr_tabmodel: Serializing tab lists; counts: 2, 0
11-01 00:30:27.572   600  2707 I ActivityManager: Start proc 28520:com.android.chrome:sandboxed_process27/u0i556 for service com.android.chrome/org.chromium.content.app.SandboxedProcessService27
11-01 00:30:27.654 28520 28520 W boxed_process27: type=1400 audit(0.0:16479): avc: denied { getattr } for path="/data/data/com.android.chrome" dev="dm-2" ino=12190 scontext=u:r:isolated_app:s0:c512,c768 tcontext=u:object_r:app_data_file:s0:c512,c768 tclass=dir permissive=0
11-01 00:30:27.707 28520 28520 I cr_ChildProcessService: Creating new ChildProcessService pid=28520
11-01 00:30:27.758 28520 28534 I cr_LibraryLoader: Loaded native library version number "85.0.4183.127"
11-01 00:30:27.760 28520 28534 I cr_CachingUmaRecorder: Flushed 1 samples from 1 histograms.
11-01 00:30:27.780 28534 28534 W CrUtilityMain: type=1400 audit(0.0:16480): avc: denied { setattr } for name="ssl_error_assistant.pb" dev="dm-2" ino=58460 scontext=u:r:isolated_app:s0:c512,c768 tcontext=u:object_r:app_data_file:s0:c512,c768 tclass=file permissive=0
11-01 00:30:27.780 28534 28534 W CrUtilityMain: type=1400 audit(0.0:16481): avc: denied { setattr } for name="manifest.json" dev="dm-2" ino=50606 scontext=u:r:isolated_app:s0:c512,c768 tcontext=u:object_r:app_data_file:s0:c512,c768 tclass=file permissive=0
11-01 00:30:27.784 28534 28534 W CrUtilityMain: type=1400 audit(0.0:16482): avc: denied { setattr } for name="verified_contents.json" dev="dm-2" ino=50353 scontext=u:r:isolated_app:s0:c512,c768 tcontext=u:object_r:app_data_file:s0:c512,c768 tclass=file permissive=0
11-01 00:30:27.793 28520 28520 I cr_ChildProcessService: Destroying ChildProcessService pid=28520
11-01 00:30:27.794 28520 28534 I chromium: [INFO:child_process_service.cc(69)] ChildProcessService: Exiting child process.
11-01 00:30:27.823   600 13558 I ActivityManager: Process com.android.chrome:sandboxed_process27 (pid 28520) has died
11-01 00:30:27.823   600 13558 D ActivityManager: cleanUpApplicationRecord -- 28520
11-01 00:30:27.844 27806 27806 W chromium: [WARNING:compositor_view.cc(315)] Child process died (type=6) pid=28520)
11-01 00:30:29.944   600  3967 I ActivityManager: Start proc 28540:com.android.chrome:sandboxed_process28/u0i557 for service com.android.chrome/org.chromium.content.app.SandboxedProcessService28
11-01 00:30:29.990 28540 28540 W boxed_process28: type=1400 audit(0.0:16483): avc: denied { getattr } for path="/data/data/com.android.chrome" dev="dm-2" ino=12190 scontext=u:r:isolated_app:s0:c512,c768 tcontext=u:object_r:app_data_file:s0:c512,c768 tclass=dir permissive=0
11-01 00:30:30.014 28540 28540 I cr_ChildProcessService: Creating new ChildProcessService pid=28540
11-01 00:30:30.069 28540 28553 I cr_LibraryLoader: Loaded native library version number "85.0.4183.127"
11-01 00:30:30.070 28540 28553 I cr_CachingUmaRecorder: Flushed 1 samples from 1 histograms.
11-01 00:30:30.094 28553 28553 W CrUtilityMain: type=1400 audit(0.0:16484): avc: denied { setattr } for name="safety_tips.pb" dev="dm-2" ino=60019 scontext=u:r:isolated_app:s0:c512,c768 tcontext=u:object_r:app_data_file:s0:c512,c768 tclass=file permissive=0
11-01 00:30:30.097 28553 28553 W CrUtilityMain: type=1400 audit(0.0:16485): avc: denied { setattr } for name="manifest.json" dev="dm-2" ino=60031 scontext=u:r:isolated_app:s0:c512,c768 tcontext=u:object_r:app_data_file:s0:c512,c768 tclass=file permissive=0
11-01 00:30:30.104 28553 28553 W CrUtilityMain: type=1400 audit(0.0:16486): avc: denied { setattr } for name="verified_contents.json" dev="dm-2" ino=23484 scontext=u:r:isolated_app:s0:c512,c768 tcontext=u:object_r:app_data_file:s0:c512,c768 tclass=file permissive=0
11-01 00:30:30.121 28540 28553 I chromium: [INFO:child_process_service.cc(69)] ChildProcessService: Exiting child process.
11-01 00:30:30.150   600   610 I ActivityManager: Process com.android.chrome:sandboxed_process28 (pid 28540) has died
11-01 00:30:30.150   600   610 D ActivityManager: cleanUpApplicationRecord -- 28540
11-01 00:30:30.151 27806 27806 W chromium: [WARNING:compositor_view.cc(315)] Child process died (type=6) pid=28540)
11-01 00:30:30.184 28392 28392 D MonkeyStub: translateCommand: touch down 614 1561
11-01 00:30:30.195 28392 28392 D MonkeyStub: translateCommand: touch move 614 1561
11-01 00:30:30.303 28392 28392 D MonkeyStub: translateCommand: touch move 614 1436
11-01 00:30:30.414 28392 28392 D MonkeyStub: translateCommand: touch move 614 1311
11-01 00:30:30.519 28392 28392 D MonkeyStub: translateCommand: touch move 614 1186
11-01 00:30:30.626 28392 28392 D MonkeyStub: translateCommand: touch move 614 1061
11-01 00:30:30.734 28392 28392 D MonkeyStub: translateCommand: touch move 614 937
11-01 00:30:30.838 28392 28392 D MonkeyStub: translateCommand: touch move 614 812
11-01 00:30:30.942 28392 28392 D MonkeyStub: translateCommand: touch move 614 687
11-01 00:30:31.056 28392 28392 D MonkeyStub: translateCommand: touch move 614 562
11-01 00:30:31.167 28392 28392 D MonkeyStub: translateCommand: touch move 614 437
11-01 00:30:31.272 28392 28392 D MonkeyStub: translateCommand: touch move 614 312
11-01 00:30:31.278 28392 28392 D MonkeyStub: translateCommand: touch up 614 312
11-01 00:30:31.318 28392 28392 D MonkeyStub: translateCommand: touch down 614 1561
11-01 00:30:31.323 28392 28392 D MonkeyStub: translateCommand: touch move 614 1561
11-01 00:30:31.432 28392 28392 D MonkeyStub: translateCommand: touch move 614 1436
11-01 00:30:31.544 28392 28392 D MonkeyStub: translateCommand: touch move 614 1311
11-01 00:30:31.649 28392 28392 D MonkeyStub: translateCommand: touch move 614 1186
11-01 00:30:31.754 28392 28392 D MonkeyStub: translateCommand: touch move 614 1061
11-01 00:30:31.861 28392 28392 D MonkeyStub: translateCommand: touch move 614 937
11-01 00:30:31.971 28392 28392 D MonkeyStub: translateCommand: touch move 614 812
11-01 00:30:32.081 28392 28392 D MonkeyStub: translateCommand: touch move 614 687
11-01 00:30:32.185 28392 28392 D MonkeyStub: translateCommand: touch move 614 562
11-01 00:30:32.289 28392 28392 D MonkeyStub: translateCommand: touch move 614 437
11-01 00:30:32.397 28392 28392 D MonkeyStub: translateCommand: touch move 614 312
11-01 00:30:32.403 28392 28392 D MonkeyStub: translateCommand: touch up 614 312
11-01 00:30:32.547   600 16391 I ActivityManager: Start proc 28557:com.android.chrome:sandboxed_process29/u0i558 for service com.android.chrome/org.chromium.content.app.SandboxedProcessService29
11-01 00:30:32.647 28557 28557 W boxed_process29: type=1400 audit(0.0:16487): avc: denied { getattr } for path="/data/data/com.android.chrome" dev="dm-2" ino=12190 scontext=u:r:isolated_app:s0:c512,c768 tcontext=u:object_r:app_data_file:s0:c512,c768 tclass=dir permissive=0
11-01 00:30:32.694 28557 28557 I cr_ChildProcessService: Creating new ChildProcessService pid=28557
11-01 00:30:32.790 28557 28570 I cr_LibraryLoader: Loaded native library version number "85.0.4183.127"
11-01 00:30:32.790 28557 28570 I cr_CachingUmaRecorder: Flushed 1 samples from 1 histograms.
11-01 00:30:32.874 28570 28570 W CrUtilityMain: type=1400 audit(0.0:16488): avc: denied { setattr } for name=5072656C6F61642044617461 dev="dm-2" ino=57515 scontext=u:r:isolated_app:s0:c512,c768 tcontext=u:object_r:app_data_file:s0:c512,c768 tclass=file permissive=0
11-01 00:30:32.880 28570 28570 W CrUtilityMain: type=1400 audit(0.0:16489): avc: denied { setattr } for name="manifest.json" dev="dm-2" ino=51466 scontext=u:r:isolated_app:s0:c512,c768 tcontext=u:object_r:app_data_file:s0:c512,c768 tclass=file permissive=0
11-01 00:30:32.890 28570 28570 W CrUtilityMain: type=1400 audit(0.0:16490): avc: denied { setattr } for name="verified_contents.json" dev="dm-2" ino=30506 scontext=u:r:isolated_app:s0:c512,c768 tcontext=u:object_r:app_data_file:s0:c512,c768 tclass=file permissive=0
11-01 00:30:32.904 28557 28570 I chromium: [INFO:child_process_service.cc(69)] ChildProcessService: Exiting child process.
11-01 00:30:32.906   197   197 E lowmemorykiller: Error writing /proc/28557/oom_score_adj; errno=22
11-01 00:30:32.933 27806 27806 W chromium: [WARNING:compositor_view.cc(315)] Child process died (type=6) pid=28557)
11-01 00:30:32.933   600  3994 I ActivityManager: Process com.android.chrome:sandboxed_process29 (pid 28557) has died
11-01 00:30:32.933   600  3994 D ActivityManager: cleanUpApplicationRecord -- 28557
11-01 00:30:33.006   600   609 I art     : Background partial concurrent mark sweep GC freed 51455(2MB) AllocSpace objects, 21(532KB) LOS objects, 33% free, 17MB/25MB, paused 7.633ms total 277.236ms
11-01 00:30:35.931   600   611 I ActivityManager: Start proc 28574:com.android.chrome:sandboxed_process30/u0i559 for service com.android.chrome/org.chromium.content.app.SandboxedProcessService30
11-01 00:30:35.984 28574 28574 W boxed_process30: type=1400 audit(0.0:16491): avc: denied { getattr } for path="/data/data/com.android.chrome" dev="dm-2" ino=12190 scontext=u:r:isolated_app:s0:c512,c768 tcontext=u:object_r:app_data_file:s0:c512,c768 tclass=dir permissive=0
11-01 00:30:36.014 28574 28574 I cr_ChildProcessService: Creating new ChildProcessService pid=28574
11-01 00:30:36.057 28574 28587 I cr_LibraryLoader: Loaded native library version number "85.0.4183.127"
11-01 00:30:36.058 28574 28587 I cr_CachingUmaRecorder: Flushed 1 samples from 1 histograms.
11-01 00:30:36.077 28587 28587 W CrUtilityMain: type=1400 audit(0.0:16492): avc: denied { setattr } for name="tls_deprecation_config.pb" dev="dm-2" ino=27260 scontext=u:r:isolated_app:s0:c512,c768 tcontext=u:object_r:app_data_file:s0:c512,c768 tclass=file permissive=0
11-01 00:30:36.077 28587 28587 W CrUtilityMain: type=1400 audit(0.0:16493): avc: denied { setattr } for name="manifest.json" dev="dm-2" ino=25523 scontext=u:r:isolated_app:s0:c512,c768 tcontext=u:object_r:app_data_file:s0:c512,c768 tclass=file permissive=0
11-01 00:30:36.080 28587 28587 W CrUtilityMain: type=1400 audit(0.0:16494): avc: denied { setattr } for name="verified_contents.json" dev="dm-2" ino=25018 scontext=u:r:isolated_app:s0:c512,c768 tcontext=u:object_r:app_data_file:s0:c512,c768 tclass=file permissive=0
11-01 00:30:36.091 28574 28587 I chromium: [INFO:child_process_service.cc(69)] ChildProcessService: Exiting child process.
11-01 00:30:36.093   197   197 E lowmemorykiller: Error writing /proc/28574/oom_score_adj; errno=22
11-01 00:30:36.114   600  7064 I ActivityManager: Process com.android.chrome:sandboxed_process30 (pid 28574) has died
11-01 00:30:36.114 27806 27806 W chromium: [WARNING:compositor_view.cc(315)] Child process died (type=6) pid=28574)
11-01 00:30:36.114   600  7064 D ActivityManager: cleanUpApplicationRecord -- 28574
11-01 00:30:36.478 28392 28392 D MonkeyStub: translateCommand: touch down 614 1561
11-01 00:30:36.530 28392 28392 D MonkeyStub: translateCommand: touch move 614 1561
11-01 00:30:36.766 28392 28392 D MonkeyStub: translateCommand: touch move 614 1436
11-01 00:30:36.945 28392 28392 D MonkeyStub: translateCommand: touch move 614 1311
11-01 00:30:37.064 28392 28392 D MonkeyStub: translateCommand: touch move 614 1186
11-01 00:30:37.193 28392 28392 D MonkeyStub: translateCommand: touch move 614 1061
11-01 00:30:37.232 28309 28599 W chromium: [WARNING:used_ids.h(55)] Duplicate id found. Reassigning from 100 to 127
11-01 00:30:37.233 28309 28599 W chromium: [WARNING:used_ids.h(55)] Duplicate id found. Reassigning from 103 to 125
11-01 00:30:37.267 27869 27895 W VideoCapabilities: Unrecognized level 0 for video/x-vnd.on2.vp8
11-01 00:30:37.284 27869 27895 I VideoCapabilities: Unsupported profile 4 for video/mp4v-es
11-01 00:30:37.287 27869 27895 W cr_MediaCodecUtil: HW encoder for video/avc is not available on this device.
11-01 00:30:37.315 27869 28603 W VideoCapabilities: Unrecognized level 0 for video/x-vnd.on2.vp8
11-01 00:30:37.328 27869 28603 I VideoCapabilities: Unsupported profile 4 for video/mp4v-es
11-01 00:30:37.368 28392 28392 D MonkeyStub: translateCommand: touch move 614 937
11-01 00:30:37.477 28392 28392 D MonkeyStub: translateCommand: touch move 614 812
11-01 00:30:37.589 28392 28392 D MonkeyStub: translateCommand: touch move 614 687
11-01 00:30:37.697 28392 28392 D MonkeyStub: translateCommand: touch move 614 562
11-01 00:30:37.808 28392 28392 D MonkeyStub: translateCommand: touch move 614 437
11-01 00:30:37.920 28392 28392 D MonkeyStub: translateCommand: touch move 614 312
11-01 00:30:37.924 28392 28392 D MonkeyStub: translateCommand: touch up 614 312
11-01 00:30:39.344   600 13558 I ActivityManager: Start proc 28604:com.android.chrome:sandboxed_process31/u0i560 for service com.android.chrome/org.chromium.content.app.SandboxedProcessService31
11-01 00:30:39.427 28604 28604 W boxed_process31: type=1400 audit(0.0:16495): avc: denied { getattr } for path="/data/data/com.android.chrome" dev="dm-2" ino=12190 scontext=u:r:isolated_app:s0:c512,c768 tcontext=u:object_r:app_data_file:s0:c512,c768 tclass=dir permissive=0
11-01 00:30:39.458 28604 28604 I cr_ChildProcessService: Creating new ChildProcessService pid=28604
11-01 00:30:39.590 28604 28617 I cr_LibraryLoader: Loaded native library version number "85.0.4183.127"
11-01 00:30:39.591 28604 28617 I cr_CachingUmaRecorder: Flushed 1 samples from 1 histograms.
11-01 00:30:39.617 28617 28617 W CrUtilityMain: type=1400 audit(0.0:16496): avc: denied { setattr } for name="manifest.json" dev="dm-2" ino=24339 scontext=u:r:isolated_app:s0:c512,c768 tcontext=u:object_r:app_data_file:s0:c512,c768 tclass=file permissive=0
11-01 00:30:39.620 28617 28617 W CrUtilityMain: type=1400 audit(0.0:16497): avc: denied { setattr } for name="verified_contents.json" dev="dm-2" ino=24234 scontext=u:r:isolated_app:s0:c512,c768 tcontext=u:object_r:app_data_file:s0:c512,c768 tclass=file permissive=0
11-01 00:30:39.632 28604 28604 I cr_ChildProcessService: Destroying ChildProcessService pid=28604
11-01 00:30:39.786 28604 28617 I chromium: [INFO:child_process_service.cc(69)] ChildProcessService: Exiting child process.
11-01 00:30:39.881   600 10249 I ActivityManager: Process com.android.chrome:sandboxed_process31 (pid 28604) has died
11-01 00:30:39.881   600 10249 D ActivityManager: cleanUpApplicationRecord -- 28604
11-01 00:30:39.886 27806 27806 W chromium: [WARNING:compositor_view.cc(315)] Child process died (type=6) pid=28604)
11-01 00:30:41.983 28392 28392 D MonkeyStub: translateCommand: touch down 614 1561
11-01 00:30:41.990 28392 28392 D MonkeyStub: translateCommand: touch move 614 1561
11-01 00:30:42.096 28392 28392 D MonkeyStub: translateCommand: touch move 614 1436
11-01 00:30:42.204 28392 28392 D MonkeyStub: translateCommand: touch move 614 1311
11-01 00:30:42.309 28392 28392 D MonkeyStub: translateCommand: touch move 614 1186
11-01 00:30:42.413 28392 28392 D MonkeyStub: translateCommand: touch move 614 1061
11-01 00:30:42.524 28392 28392 D MonkeyStub: translateCommand: touch move 614 937
11-01 00:30:42.629 28392 28392 D MonkeyStub: translateCommand: touch move 614 812
11-01 00:30:42.735 28392 28392 D MonkeyStub: translateCommand: touch move 614 687
11-01 00:30:42.855 28392 28392 D MonkeyStub: translateCommand: touch move 614 562
11-01 00:30:42.973 28392 28392 D MonkeyStub: translateCommand: touch move 614 437
11-01 00:30:43.081 28392 28392 D MonkeyStub: translateCommand: touch move 614 312
11-01 00:30:43.086 28392 28392 D MonkeyStub: translateCommand: touch up 614 312
11-01 00:30:43.094 28392 28392 D MonkeyStub: Quit requested
11-01 00:30:43.112   600   614 I CwMcuSensor: CwMcuSensor::flush: fd = 225, sensors_id = 0, path = /sys/class/htc_sensorhub/sensor_hub/flush, err = 0
11-01 00:30:43.121 28392 28392 I art     : System.exit called, status: 101
11-01 00:30:43.121 28392 28392 I AndroidRuntime: VM exiting with result code 101.
11-01 00:30:43.160   600  7064 W WindowManager: Attempted to remove non-existing token: android.os.Binder@2564e7c
11-01 00:30:43.211   600  1080 I ActivityManager: Start proc 28624:com.android.chrome:sandboxed_process32/u0i561 for service com.android.chrome/org.chromium.content.app.SandboxedProcessService32
11-01 00:30:43.250 28624 28624 W boxed_process32: type=1400 audit(0.0:16498): avc: denied { getattr } for path="/data/data/com.android.chrome" dev="dm-2" ino=12190 scontext=u:r:isolated_app:s0:c512,c768 tcontext=u:object_r:app_data_file:s0:c512,c768 tclass=dir permissive=0
11-01 00:30:43.292 28624 28624 I cr_ChildProcessService: Creating new ChildProcessService pid=28624
11-01 00:30:43.346 28624 28637 I cr_LibraryLoader: Loaded native library version number "85.0.4183.127"
11-01 00:30:43.346 28624 28637 I cr_CachingUmaRecorder: Flushed 1 samples from 1 histograms.
11-01 00:30:43.370 28637 28637 W CrUtilityMain: type=1400 audit(0.0:16499): avc: denied { setattr } for name="download_file_types.pb" dev="dm-2" ino=53846 scontext=u:r:isolated_app:s0:c512,c768 tcontext=u:object_r:app_data_file:s0:c512,c768 tclass=file permissive=0
11-01 00:30:43.370 28637 28637 W CrUtilityMain: type=1400 audit(0.0:16500): avc: denied { setattr } for name="manifest.json" dev="dm-2" ino=53809 scontext=u:r:isolated_app:s0:c512,c768 tcontext=u:object_r:app_data_file:s0:c512,c768 tclass=file permissive=0
11-01 00:30:43.374 28637 28637 W CrUtilityMain: type=1400 audit(0.0:16501): avc: denied { setattr } for name="verified_contents.json" dev="dm-2" ino=53950 scontext=u:r:isolated_app:s0:c512,c768 tcontext=u:object_r:app_data_file:s0:c512,c768 tclass=file permissive=0
11-01 00:30:43.382 28624 28637 I chromium: [INFO:child_process_service.cc(69)] ChildProcessService: Exiting child process.
11-01 00:30:43.383   197   197 E lowmemorykiller: Error writing /proc/28624/oom_score_adj; errno=22
11-01 00:30:43.400   600 29683 I ActivityManager: Process com.android.chrome:sandboxed_process32 (pid 28624) has died
