10-30 11:51:38.278 11170 11170 I cr_ChildProcessService: Creating new ChildProcessService pid=11170
10-30 11:51:38.292 10934 10934 D MonkeyStub: translateCommand: touch move 614 437
10-30 11:51:38.334 11170 11183 I cr_LibraryLoader: Loaded native library version number "85.0.4183.127"
10-30 11:51:38.335 11170 11183 I cr_CachingUmaRecorder: Flushed 1 samples from 1 histograms.
10-30 11:51:38.367 11183 11183 W CrUtilityMain: type=1400 audit(0.0:5844): avc: denied { setattr } for name="tls_deprecation_config.pb" dev="dm-2" ino=58192 scontext=u:r:isolated_app:s0:c512,c768 tcontext=u:object_r:app_data_file:s0:c512,c768 tclass=file permissive=0
10-30 11:51:38.367 11183 11183 W CrUtilityMain: type=1400 audit(0.0:5845): avc: denied { setattr } for name="manifest.json" dev="dm-2" ino=58064 scontext=u:r:isolated_app:s0:c512,c768 tcontext=u:object_r:app_data_file:s0:c512,c768 tclass=file permissive=0
10-30 11:51:38.370 11183 11183 W CrUtilityMain: type=1400 audit(0.0:5846): avc: denied { setattr } for name="verified_contents.json" dev="dm-2" ino=57857 scontext=u:r:isolated_app:s0:c512,c768 tcontext=u:object_r:app_data_file:s0:c512,c768 tclass=file permissive=0
10-30 11:51:38.379 11170 11170 I cr_ChildProcessService: Destroying ChildProcessService pid=11170
10-30 11:51:38.380 11170 11183 I chromium: [INFO:child_process_service.cc(69)] ChildProcessService: Exiting child process.
10-30 11:51:38.397 10934 10934 D MonkeyStub: translateCommand: touch move 614 312
10-30 11:51:38.397   600 24611 I ActivityManager: Process com.android.chrome:sandboxed_process31 (pid 11170) has died
10-30 11:51:38.397   600 24611 D ActivityManager: cleanUpApplicationRecord -- 11170
10-30 11:51:38.402 10934 10934 D MonkeyStub: translateCommand: touch up 614 312
10-30 11:51:38.417 10374 10374 W chromium: [WARNING:compositor_view.cc(315)] Child process died (type=6) pid=11170)
10-30 11:51:42.455 10934 10934 D MonkeyStub: translateCommand: touch down 614 1561
10-30 11:51:42.462 10934 10934 D MonkeyStub: translateCommand: touch move 614 1561
10-30 11:51:42.567 10934 10934 D MonkeyStub: translateCommand: touch move 614 1436
10-30 11:51:42.673 10934 10934 D MonkeyStub: translateCommand: touch move 614 1311
10-30 11:51:42.779 10934 10934 D MonkeyStub: translateCommand: touch move 614 1186
10-30 11:51:42.885 10934 10934 D MonkeyStub: translateCommand: touch move 614 1061
10-30 11:51:42.998 10934 10934 D MonkeyStub: translateCommand: touch move 614 937
10-30 11:51:43.103 10934 10934 D MonkeyStub: translateCommand: touch move 614 812
10-30 11:51:43.209 10934 10934 D MonkeyStub: translateCommand: touch move 614 687
10-30 11:51:43.315 10934 10934 D MonkeyStub: translateCommand: touch move 614 562
10-30 11:51:43.423 10934 10934 D MonkeyStub: translateCommand: touch move 614 437
10-30 11:51:43.531 10934 10934 D MonkeyStub: translateCommand: touch move 614 312
10-30 11:51:43.548 10934 10934 D MonkeyStub: translateCommand: touch up 614 312
10-30 11:51:43.561 10934 10934 D MonkeyStub: Quit requested
10-30 11:51:43.579 10934 10934 I art     : System.exit called, status: 101
10-30 11:51:43.579 10934 10934 I AndroidRuntime: VM exiting with result code 101.
10-30 11:51:43.579   600   614 I CwMcuSensor: CwMcuSensor::flush: fd = 240, sensors_id = 0, path = /sys/class/htc_sensorhub/sensor_hub/flush, err = 0
10-30 11:51:43.610   600 24515 W WindowManager: Attempted to remove non-existing token: android.os.Binder@a8434b9
10-30 11:51:48.654 10374 10374 I cr_tabmodel: Appending tabs being restored to metadata lists, 0, startingNormalCount: 2, startingIncognitoCount: 0
10-30 11:51:48.654 10374 10374 I cr_tabmodel: Serializing tab lists; counts: 2, 0
10-30 11:51:48.774 10374 10374 I cr_tabmodel: Appending tabs being restored to metadata lists, 0, startingNormalCount: 2, startingIncognitoCount: 0
10-30 11:51:48.774 10374 10374 I cr_tabmodel: Serializing tab lists; counts: 2, 0
10-30 11:51:49.231 10374 10374 I cr_tabmodel: Appending tabs being restored to metadata lists, 0, startingNormalCount: 2, startingIncognitoCount: 0
10-30 11:51:49.231 10374 10374 I cr_tabmodel: Serializing tab lists; counts: 2, 0
10-30 11:51:49.322 10374 10374 I cr_tabmodel: Appending tabs being restored to metadata lists, 0, startingNormalCount: 2, startingIncognitoCount: 0
10-30 11:51:49.322 10374 10374 I cr_tabmodel: Serializing tab lists; counts: 2, 0
10-30 11:51:49.925 10374 10374 I cr_tabmodel: Appending tabs being restored to metadata lists, 0, startingNormalCount: 2, startingIncognitoCount: 0
10-30 11:51:49.925 10374 10374 I cr_tabmodel: Serializing tab lists; counts: 2, 0
10-30 11:51:56.754  2434  2938 I Icing   : IndexChimeraService.getServiceInterface callingPackage=com.android.chrome componentName=null serviceId=36
10-30 11:51:56.778  2434  2874 W Icing   : No valid account for uploading user actions
10-30 11:51:56.813  2434  2938 I Icing   : IndexChimeraService.getServiceInterface callingPackage=com.google.android.gms componentName=null serviceId=30
10-30 11:51:56.847  2434  2874 I Icing   : Usage reports ok 2, Failed Usage reports 0, indexed 1, rejected 0
10-30 11:51:56.850  2434  2874 W Icing   : No valid account for uploading user actions
10-30 11:51:56.861  2434  2874 I Icing   : Usage reports ok 0, Failed Usage reports 0, indexed 0, rejected 0
10-30 11:51:56.863  2434  2874 I Icing   : Indexing com.android.chrome-omnibox from com.android.chrome
10-30 11:51:56.889  2434  2558 I Icing   : Indexing done com.android.chrome-omnibox
10-30 11:51:57.894   787 28591 W Icing   : isOptedInForAppHistory: empty Account Name encountered
10-30 11:51:57.931   787  7432 W Icing   : isOptedInForAppHistory: empty Account Name encountered
10-30 11:51:59.593 11208 11208 D AndroidRuntime: >>>>>> START com.android.internal.os.RuntimeInit uid 2000 <<<<<<
10-30 11:51:59.597 11208 11208 D AndroidRuntime: CheckJNI is OFF
10-30 11:51:59.666 11208 11208 D ICU     : No timezone override file found: /data/misc/zoneinfo/current/icu/icu_tzdata.dat
10-30 11:51:59.697 11208 11208 I Radio-JNI: register_android_hardware_Radio DONE
10-30 11:51:59.714 11208 11208 D AndroidRuntime: Calling main entry com.android.commands.am.Am
10-30 11:51:59.730   600   611 I ActivityManager: Force stopping com.android.chrome appid=10035 user=0: from pid 11208
10-30 11:51:59.730   600   611 I ActivityManager: Killing 10436:com.android.chrome:privileged_process0/u0a35 (adj 0): stop com.android.chrome
10-30 11:51:59.731   600   611 D ActivityManager: cleanUpApplicationRecord -- 10436
10-30 11:51:59.731   600   611 W ActivityManager: Scheduling restart of crashed service com.android.chrome/org.chromium.content.app.PrivilegedProcessService0 in 1000ms
10-30 11:51:59.731   600   611 I ActivityManager: Killing 10374:com.android.chrome/u0a35 (adj 0): stop com.android.chrome
10-30 11:51:59.731   600   611 D ActivityManager: cleanUpApplicationRecord -- 10374
10-30 11:51:59.733   600   611 I ActivityManager: Killing 10834:com.android.chrome:sandboxed_process21/u0a35i474 (adj 0): isolated not needed
10-30 11:51:59.734   600   611 W ActivityManager: Force removing ActivityRecord{ccb9a62 u0 com.android.chrome/com.google.android.apps.chrome.Main t1628}: app died, no saved state
10-30 11:51:59.743   600   611 I ActivityManager: Killing 10409:com.android.chrome:sandboxed_process0/u0a35i453 (adj 0): isolated not needed
10-30 11:51:59.773 11208 11208 D AndroidRuntime: Shutting down VM
10-30 11:51:59.786  1084  1171 I OpenGLRenderer: Initialized EGL, version 1.4
10-30 11:51:59.786  1084  1171 D OpenGLRenderer: Swap behavior 2
10-30 11:51:59.802   600  3675 E JavaBinder: !!! FAILED BINDER TRANSACTION !!!  (parcel size = 104)
10-30 11:51:59.808   600  3675 W InputMethodManagerService: Got RemoteException sending setActive(false) notification to pid 10374 uid 10035
10-30 11:51:59.809   600  3675 E JavaBinder: !!! FAILED BINDER TRANSACTION !!!  (parcel size = 108)
10-30 11:51:59.812   600  3507 D ConnectivityService: ConnectivityService NetworkRequestInfo binderDied(NetworkRequest [ LISTEN id=820, [ Capabilities: INTERNET&NOT_RESTRICTED&TRUSTED&FOREGROUND] ], android.os.BinderProxy@a178683)
10-30 11:51:59.812   600  1076 D ConnectivityService: ConnectivityService NetworkRequestInfo binderDied(NetworkRequest [ LISTEN id=819, [ Capabilities: INTERNET&NOT_RESTRICTED&TRUSTED&FOREGROUND] ], android.os.BinderProxy@3526000)
10-30 11:51:59.812   600  3507 D ConnectivityService: ConnectivityService NetworkRequestInfo binderDied(NetworkRequest [ LISTEN id=817, [ Capabilities: INTERNET&NOT_RESTRICTED&TRUSTED&FOREGROUND] ], android.os.BinderProxy@3531039)
10-30 11:51:59.813   600  1076 D ConnectivityService: ConnectivityService NetworkRequestInfo binderDied(NetworkRequest [ LISTEN id=818, [ Capabilities: INTERNET&NOT_RESTRICTED&TRUSTED&FOREGROUND] ], android.os.BinderProxy@e65767e)
10-30 11:51:59.813   600  3507 D GraphicsStats: Buffer count: 2
10-30 11:51:59.814   600   649 E ConnectivityService: RemoteException caught trying to send a callback msg for NetworkRequest [ LISTEN id=820, [ Capabilities: INTERNET&NOT_RESTRICTED&TRUSTED&FOREGROUND] ]
10-30 11:51:59.814   600   649 E ConnectivityService: RemoteException caught trying to send a callback msg for NetworkRequest [ LISTEN id=819, [ Capabilities: INTERNET&NOT_RESTRICTED&TRUSTED&FOREGROUND] ]
10-30 11:51:59.814   600   649 E ConnectivityService: RemoteException caught trying to send a callback msg for NetworkRequest [ LISTEN id=817, [ Capabilities: INTERNET&NOT_RESTRICTED&TRUSTED&FOREGROUND] ]
10-30 11:51:59.815   600   649 E ConnectivityService: RemoteException caught trying to send a callback msg for NetworkRequest [ LISTEN id=818, [ Capabilities: INTERNET&NOT_RESTRICTED&TRUSTED&FOREGROUND] ]
10-30 11:51:59.839  1061  1061 D RegisteredNfcFServicesCache: Service unchanged, not updating
10-30 11:51:59.849   600 16391 D ActivityManager: cleanUpApplicationRecord -- 10409
10-30 11:51:59.910 25727 25740 I AttachedClient: Adding client event 2 to pending list.
10-30 11:51:59.923 25727 25727 I OptInState: There is a new client and it does not support opt-in. Dropping request.
10-30 11:51:59.925 25727 25727 I MicroDetectionWorker: Micro detection mode: [mDetectionMode: [1]].
10-30 11:51:59.949 25727 11220 I MicroRecognitionRunner: Starting detection.
10-30 11:51:59.951 25727 25757 I MicrophoneInputStream: mic_starting com.google.android.apps.gsa.speech.audio.ae@369d82
10-30 11:51:59.957   238 11223 I AudioFlinger: AudioFlinger's thread 0xef692c80 ready to run
10-30 11:51:59.966   238   285 I SoundTriggerHwService::Module: void android::SoundTriggerHwService::Module::onCallbackEvent(const sp<android::SoundTriggerHwService::CallbackEvent> &) mClient == 0
10-30 11:51:59.971 25727 25757 I MicrophoneInputStream: mic_started com.google.android.apps.gsa.speech.audio.ae@369d82
10-30 11:52:00.012   600   610 D ActivityManager: cleanUpApplicationRecord -- 10834
10-30 11:52:00.153 25727 25727 I MicroDetectionWorker: onReady
10-30 11:52:00.328  1084  1171 W OpenGLRenderer: Incorrectly called buildLayer on View: ShortcutAndWidgetContainer, destroying layer...
10-30 11:52:00.344 11224 11224 D AndroidRuntime: >>>>>> START com.android.internal.os.RuntimeInit uid 2000 <<<<<<
10-30 11:52:00.348 11224 11224 D AndroidRuntime: CheckJNI is OFF
10-30 11:52:00.417 11224 11224 D ICU     : No timezone override file found: /data/misc/zoneinfo/current/icu/icu_tzdata.dat
10-30 11:52:00.444 11224 11224 I Radio-JNI: register_android_hardware_Radio DONE
10-30 11:52:00.460 11224 11224 D AndroidRuntime: Calling main entry com.android.commands.pm.Pm
10-30 11:52:00.473   600 29683 I ActivityManager: Force stopping com.android.chrome appid=10035 user=0: clear data
10-30 11:52:00.477   600   613 I ActivityManager: Force stopping com.android.chrome appid=10035 user=-1: clearApplicationUserData
10-30 11:52:00.544 11224 11224 I art     : System.exit called, status: 0
10-30 11:52:00.544 11224 11224 I AndroidRuntime: VM exiting with result code 0.
10-30 11:52:00.548   787   787 I GeofencerStateMachine: removeGeofences: removeRequest=RemoveGeofencingRequest[REMOVE_ALL packageName=com.android.chrome]
10-30 11:52:00.553  1061  1061 D RegisteredNfcFServicesCache: Service unchanged, not updating
10-30 11:52:00.578  2434  2558 I Icing   : doRemovePackageData com.android.chrome
10-30 11:52:00.578  2434  2558 I Icing   : Removing corpus key com.android.chrome-.implicit: for package com.android.chrome
10-30 11:52:00.591   600   612 W ResourceType: No known package when getting value for resource number 0x7f080316
10-30 11:52:00.591   600   612 W ResourceType: No known package when getting value for resource number 0x7f130448
10-30 11:52:00.591   600   612 W ResourceType: No known package when getting value for resource number 0x7f080315
10-30 11:52:00.591   600   612 W ResourceType: No known package when getting value for resource number 0x7f130123
10-30 11:52:00.591   600   612 W ResourceType: No known package when getting value for resource number 0x7f130447
10-30 11:52:00.591   600   612 W ResourceType: No known package when getting value for resource number 0x7f1302e4
10-30 11:52:00.591   600   612 E ShortcutService: Ignoring excessive intent tag.
10-30 11:52:00.612   787 11245 I Fitness : FitCleanupIntentOperation received Intent android.intent.action.PACKAGE_DATA_CLEARED [CONTEXT service_id=17 ]
10-30 11:52:00.620  2434  2558 I native  : flash-index.cc:1519 Flash index sort hb 45 prefix-hits 94 -> 82 at 15.947ms
10-30 11:52:00.653  2434  2558 I Icing   : Removing corpus key com.android.chrome-omnibox for package com.android.chrome
10-30 11:52:00.712  2434  2558 I Icing   : Starting compaction min disk 99.927% min index 99.992%
10-30 11:52:00.832  2434  2558 I native  : document-store.cc:1654 Scored 1707 usage reports, missing_corpora 902 update_failed 1
10-30 11:52:00.861  2434  2558 W native  : words-map.cc:30 INVALID_ARGUMENT: Empty URI
10-30 11:52:00.861  2434  2558 W native  : words-map.cc:34 WordsMap was not properly initialized
10-30 11:52:00.938  2434  2558 E native  : compactor.cc:67 Could not index embedding for docid 1: INTERNAL: Unable to find Thing Proto section 
10-30 11:52:00.938  2434  2558 E native  : compactor.cc:67 Could not index embedding for docid 3: INTERNAL: Unable to find Thing Proto section 
10-30 11:52:00.939  2434  2558 E native  : compactor.cc:67 Could not index embedding for docid 5: INTERNAL: Unable to find Thing Proto section 
10-30 11:52:00.939  2434  2558 E native  : compactor.cc:67 Could not index embedding for docid 7: INTERNAL: Unable to find Thing Proto section 
10-30 11:52:00.944  2434  2558 E native  : compactor.cc:67 Could not index embedding for docid 8: INTERNAL: Unable to find Thing Proto section 
10-30 11:52:00.945  2434  2558 E native  : compactor.cc:67 Could not index embedding for docid 10: INTERNAL: Unable to find Thing Proto section 
10-30 11:52:00.945  2434  2558 E native  : compactor.cc:67 Could not index embedding for docid 11: INTERNAL: Unable to find Thing Proto section 
10-30 11:52:00.946  2434  2558 E native  : compactor.cc:67 Could not index embedding for docid 13: INTERNAL: Unable to find Thing Proto section 
10-30 11:52:00.946  2434  2558 E native  : compactor.cc:67 Could not index embedding for docid 14: INTERNAL: Unable to find Thing Proto section 
10-30 11:52:00.952  2434  2558 E native  : compactor.cc:67 Could not index embedding for docid 17: INTERNAL: Unable to find Thing Proto section 
10-30 11:52:00.952  2434  2558 E native  : compactor.cc:67 Could not index embedding for docid 18: INTERNAL: Unable to find Thing Proto section 
10-30 11:52:00.953  2434  2558 E native  : compactor.cc:67 Could not index embedding for docid 21: INTERNAL: Unable to find Thing Proto section 
10-30 11:52:00.953  2434  2558 E native  : compactor.cc:67 Could not index embedding for docid 22: INTERNAL: Unable to find Thing Proto section 
10-30 11:52:00.958  2434  2558 E native  : compactor.cc:67 Could not index embedding for docid 26: INTERNAL: Unable to find Thing Proto section 
10-30 11:52:00.959  2434  2558 E native  : compactor.cc:67 Could not index embedding for docid 27: INTERNAL: Unable to find Thing Proto section 
10-30 11:52:01.007  2434  2558 I native  : flash-index.cc:1519 Flash index sort hb 34 prefix-hits 54 -> 54 at 33.757ms
10-30 11:52:01.078  2434  2558 W native  : words-map.cc:30 INVALID_ARGUMENT: Empty URI
10-30 11:52:01.078  2434  2558 W native  : words-map.cc:34 WordsMap was not properly initialized
10-30 11:52:01.115  2434  2558 I Icing   : updateResources: need to parse acol{com.android.chrome}
10-30 11:52:01.175  2434  2558 I Icing   : Indexing com.android.chrome-omnibox from com.android.chrome
10-30 11:52:01.186   600 16391 I ActivityManager: Start proc 11248:com.android.chrome/u0a35 for content provider com.android.chrome/com.google.android.apps.chrome.icing.IcingProvider
10-30 11:52:01.261  2434  2558 I Icing   : Indexing done com.android.chrome-omnibox
