--------- beginning of main
10-30 22:45:49.419 21696 21696 D AndroidRuntime: >>>>>> START com.android.internal.os.RuntimeInit uid 2000 <<<<<<
10-30 22:45:49.422 21696 21696 D AndroidRuntime: CheckJNI is OFF
10-30 22:45:49.485 21696 21696 D ICU     : No timezone override file found: /data/misc/zoneinfo/current/icu/icu_tzdata.dat
10-30 22:45:49.514 21696 21696 I Radio-JNI: register_android_hardware_Radio DONE
10-30 22:45:49.529 21696 21696 D AndroidRuntime: Calling main entry com.android.commands.am.Am
--------- beginning of system
10-30 22:45:49.545   600  7064 I ActivityManager: Force stopping com.android.chrome appid=10035 user=0: from pid 21696
10-30 22:45:49.545   600  7064 I ActivityManager: Killing 21661:com.android.chrome/u0a35 (adj 700): stop com.android.chrome
10-30 22:45:49.545   600  7064 D ActivityManager: cleanUpApplicationRecord -- 21661
10-30 22:45:49.569  1061  1061 D RegisteredNfcFServicesCache: Service unchanged, not updating
10-30 22:45:49.803   600  1076 I ActivityManager: START u0 {act=android.intent.action.VIEW flg=0x10008000 cmp=com.android.chrome/com.google.android.apps.chrome.Main} from uid 2000 on display 0
10-30 22:45:49.826 21696 21696 D AndroidRuntime: Shutting down VM
10-30 22:45:49.853   600  3507 I ActivityManager: Start proc 21706:com.android.chrome/u0a35 for activity com.android.chrome/com.google.android.apps.chrome.Main
10-30 22:45:50.020   600  2707 I ActivityManager: START u0 {cmp=com.android.chrome/org.chromium.chrome.browser.firstrun.TabbedModeFirstRunActivity (has extras)} from uid 10035 on display 0
10-30 22:45:50.036 21706 21723 W DynamiteModule: Local module descriptor class for com.google.android.gms.googlecertificates not found.
10-30 22:45:50.074 21706 21723 I DynamiteModule: Considering local module com.google.android.gms.googlecertificates:0 and remote module com.google.android.gms.googlecertificates:6
10-30 22:45:50.074 21706 21723 I DynamiteModule: Selected remote version of com.google.android.gms.googlecertificates, version >= 6
10-30 22:45:50.192 21706 21724 I cr_LibraryLoader: Loaded native library version number "85.0.4183.127"
10-30 22:45:50.194 21706 21724 I cr_CachingUmaRecorder: Flushed 10 samples from 10 histograms.
10-30 22:45:50.232 21706 21725 I OpenGLRenderer: Initialized EGL, version 1.4
10-30 22:45:50.232 21706 21725 D OpenGLRenderer: Swap behavior 2
10-30 22:45:50.241 21706 21723 W System  : ClassLoader referenced unknown path: 
10-30 22:45:50.242 21706 21723 D ApplicationLoaders: ignored Vulkan layer search path /data/app/com.google.android.gms-1/lib/arm:/data/app/com.google.android.gms-1/base.apk!/lib/armeabi-v7a:/data/app/com.google.android.gms-1/split_config.en.apk!/lib/armeabi-v7a for namespace 0xf4a47090
10-30 22:45:50.247 21706 21723 W ResourceType: ResTable_typeSpec entry count inconsistent: given 67, previously 69
10-30 22:45:50.247 21706 21723 W ResourceType: ResTable_typeSpec entry count inconsistent: given 5346, previously 5347
10-30 22:45:50.270 21706 21723 I DynamiteLoaderV2Impl: [70] Googlecertificates
10-30 22:45:50.291 21706 21723 W System  : ClassLoader referenced unknown path: /data/user_de/0/com.google.android.gms/app_chimera/m/00000061/n/armeabi-v7a
10-30 22:45:50.291 21706 21723 W System  : ClassLoader referenced unknown path: /data/user_de/0/com.google.android.gms/app_chimera/m/00000061/n/armeabi
10-30 22:45:50.388   600   620 W WindowManager: Failed looking up window
10-30 22:45:50.388   600   620 W WindowManager: java.lang.IllegalArgumentException: Requested window android.view.ViewRootImpl$W@13b710 does not exist
10-30 22:45:50.388   600   620 W WindowManager: 	at com.android.server.wm.WindowManagerService.windowForClientLocked(WindowManagerService.java:9422)
10-30 22:45:50.388   600   620 W WindowManager: 	at com.android.server.wm.WindowManagerService.windowForClientLocked(WindowManagerService.java:9413)
10-30 22:45:50.388   600   620 W WindowManager: 	at com.android.server.wm.WindowManagerService.removeWindow(WindowManagerService.java:2393)
10-30 22:45:50.388   600   620 W WindowManager: 	at com.android.server.wm.Session.remove(Session.java:202)
10-30 22:45:50.388   600   620 W WindowManager: 	at android.view.ViewRootImpl.dispatchDetachedFromWindow(ViewRootImpl.java:3290)
10-30 22:45:50.388   600   620 W WindowManager: 	at android.view.ViewRootImpl.doDie(ViewRootImpl.java:5917)
10-30 22:45:50.388   600   620 W WindowManager: 	at android.view.ViewRootImpl$ViewRootHandler.handleMessage(ViewRootImpl.java:3626)
10-30 22:45:50.388   600   620 W WindowManager: 	at android.os.Handler.dispatchMessage(Handler.java:102)
10-30 22:45:50.388   600   620 W WindowManager: 	at android.os.Looper.loop(Looper.java:154)
10-30 22:45:50.388   600   620 W WindowManager: 	at android.os.HandlerThread.run(HandlerThread.java:61)
10-30 22:45:50.388   600   620 W WindowManager: 	at com.android.server.ServiceThread.run(ServiceThread.java:46)
10-30 22:45:50.390 21706 21720 D NetworkSecurityConfig: Using Network Security Config from resource 0_resource_name_obfuscated debugBuild: false
10-30 22:45:50.398   600   620 I ActivityManager: Displayed com.android.chrome/org.chromium.chrome.browser.firstrun.TabbedModeFirstRunActivity: +343ms (total +577ms)
10-30 22:45:50.411   787  1716 I FontLog : Received query Google Sans, URI content://com.google.android.gms.fonts [CONTEXT service_id=132 ]
10-30 22:45:50.411   787  1716 I FontLog : Query [Google Sans] resolved to {Google Sans, wdth 100.0, wght 400, ital 0.0, bestEffort false} [CONTEXT service_id=132 ]
10-30 22:45:50.413   787  1716 I FontLog : Font PFD returned from cache for {Google Sans, wdth 100.0, wght 400, ital 0.0, bestEffort false} [CONTEXT service_id=132 ]
10-30 22:45:50.413   787  1716 I FontLog : Fetch {Google Sans, wdth 100.0, wght 400, ital 0.0, bestEffort false} end status Status{statusCode=SUCCESS, resolution=null} [CONTEXT service_id=132 ]
10-30 22:45:50.436   787  1714 I FontLog : Pulling font file for id = 1296, cache size = 5 [CONTEXT service_id=132 ]
10-30 22:45:50.458   787  1259 E apju    : Phenotype API error. Event # cdub@f698b6a, EventCode: 7 [CONTEXT service_id=51 ]
10-30 22:45:50.458   787  1259 E apju    : apiz: 29505: No config packages for log source, or config package not registered
10-30 22:45:50.458   787  1259 E apju    : 	at apkj.b(:com.google.android.gms@203915020@20.39.15 (040406-335085812):7)
10-30 22:45:50.458   787  1259 E apju    : 	at apkg.b(:com.google.android.gms@203915020@20.39.15 (040406-335085812):2)
10-30 22:45:50.458   787  1259 E apju    : 	at apju.a(:com.google.android.gms@203915020@20.39.15 (040406-335085812):85)
10-30 22:45:50.458   787  1259 E apju    : 	at apju.a(:com.google.android.gms@203915020@20.39.15 (040406-335085812):80)
10-30 22:45:50.458   787  1259 E apju    : 	at aain.run(:com.google.android.gms@203915020@20.39.15 (040406-335085812):7)
10-30 22:45:50.458   787  1259 E apju    : 	at boex.run(:com.google.android.gms@203915020@20.39.15 (040406-335085812):2)
10-30 22:45:50.458   787  1259 E apju    : 	at sup.b(:com.google.android.gms@203915020@20.39.15 (040406-335085812):12)
10-30 22:45:50.458   787  1259 E apju    : 	at sup.run(:com.google.android.gms@203915020@20.39.15 (040406-335085812):7)
10-30 22:45:50.458   787  1259 E apju    : 	at java.util.concurrent.ThreadPoolExecutor.runWorker(ThreadPoolExecutor.java:1133)
10-30 22:45:50.458   787  1259 E apju    : 	at java.util.concurrent.ThreadPoolExecutor$Worker.run(ThreadPoolExecutor.java:607)
10-30 22:45:50.458   787  1259 E apju    : 	at tam.run(:com.google.android.gms@203915020@20.39.15 (040406-335085812):0)
10-30 22:45:50.458   787  1259 E apju    : 	at java.lang.Thread.run(Thread.java:761)
10-30 22:45:50.460   787  1259 E AsyncOperation: serviceID=51, operation=GetExperimentTokensOperationCall [CONTEXT service_id=259 ]
10-30 22:45:50.460   787  1259 E AsyncOperation: OperationException[Status{statusCode=No config packages for log source, or config package not registered, resolution=null}]
10-30 22:45:50.460   787  1259 E AsyncOperation: 	at apju.a(:com.google.android.gms@203915020@20.39.15 (040406-335085812):87)
10-30 22:45:50.460   787  1259 E AsyncOperation: 	at apju.a(:com.google.android.gms@203915020@20.39.15 (040406-335085812):80)
10-30 22:45:50.460   787  1259 E AsyncOperation: 	at aain.run(:com.google.android.gms@203915020@20.39.15 (040406-335085812):7)
10-30 22:45:50.460   787  1259 E AsyncOperation: 	at boex.run(:com.google.android.gms@203915020@20.39.15 (040406-335085812):2)
10-30 22:45:50.460   787  1259 E AsyncOperation: 	at sup.b(:com.google.android.gms@203915020@20.39.15 (040406-335085812):12)
10-30 22:45:50.460   787  1259 E AsyncOperation: 	at sup.run(:com.google.android.gms@203915020@20.39.15 (040406-335085812):7)
10-30 22:45:50.460   787  1259 E AsyncOperation: 	at java.util.concurrent.ThreadPoolExecutor.runWorker(ThreadPoolExecutor.java:1133)
10-30 22:45:50.460   787  1259 E AsyncOperation: 	at java.util.concurrent.ThreadPoolExecutor$Worker.run(ThreadPoolExecutor.java:607)
10-30 22:45:50.460   787  1259 E AsyncOperation: 	at tam.run(:com.google.android.gms@203915020@20.39.15 (040406-335085812):0)
10-30 22:45:50.460   787  1259 E AsyncOperation: 	at java.lang.Thread.run(Thread.java:761)
10-30 22:45:50.476   787   806 I FontLog : Received query Google Sans:500, URI content://com.google.android.gms.fonts [CONTEXT service_id=132 ]
10-30 22:45:50.477   787   806 I FontLog : Query [Google Sans:500] resolved to {Google Sans, wdth 100.0, wght 500, ital 0.0, bestEffort false} [CONTEXT service_id=132 ]
10-30 22:45:50.480   787   806 I FontLog : Font PFD returned from cache for {Google Sans, wdth 100.0, wght 500, ital 0.0, bestEffort false} [CONTEXT service_id=132 ]
10-30 22:45:50.480   787   806 I FontLog : Fetch {Google Sans, wdth 100.0, wght 500, ital 0.0, bestEffort false} end status Status{statusCode=SUCCESS, resolution=null} [CONTEXT service_id=132 ]
10-30 22:45:50.486   787 28596 I FontLog : Pulling font file for id = 1297, cache size = 5 [CONTEXT service_id=132 ]
10-30 22:45:50.596  7916  7916 I MemoryTrimmer: Trimming objects from memory, since app is in the background.
10-30 22:45:50.605  7916  7928 W SearchService: Abort, client detached.
10-30 22:45:50.608  1084  1084 I MemoryTrimmer: Trimming objects from memory, since app is in the background.
10-30 22:45:50.622  7916  7916 I MicroDetector: Keeping mic open: false
10-30 22:45:50.622  7916 21579 I DeviceStateChecker: DeviceStateChecker cancelled
10-30 22:45:50.622  7916  7948 I AudioController: internalShutdown
10-30 22:45:50.623  7916  7948 I MicrophoneInputStream: mic_close com.google.android.apps.gsa.speech.audio.ae@2b30f7b
10-30 22:45:50.623  7916  7973 I MicroRecognitionRunner: Stopping hotword detection.
10-30 22:45:50.639   238   285 I SoundTriggerHwService::Module: void android::SoundTriggerHwService::Module::onCallbackEvent(const sp<android::SoundTriggerHwService::CallbackEvent> &) mClient == 0
10-30 22:45:50.646  7916 21580 I MicroRecognitionRunner: Detection finished
10-30 22:45:50.647 21706 21720 I cr_VariationsSeedFetch: Fetched first run seed in 262 ms
10-30 22:45:50.677  7916  7916 I MemoryTrimmer: Trimming objects from memory, since app is in the background.
10-30 22:45:50.693   600 16391 I ActivityManager: Start proc 21740:com.android.chrome:sandboxed_process0/u0i723 for service com.android.chrome/org.chromium.content.app.SandboxedProcessService0
10-30 22:45:50.740 21740 21740 W dboxed_process0: type=1400 audit(0.0:9839): avc: denied { getattr } for path="/data/data/com.android.chrome" dev="dm-2" ino=12190 scontext=u:r:isolated_app:s0:c512,c768 tcontext=u:object_r:app_data_file:s0:c512,c768 tclass=dir permissive=0
10-30 22:45:50.764 21740 21740 I cr_ChildProcessService: Creating new ChildProcessService pid=21740
10-30 22:45:50.902   600 16391 I ActivityManager: Start proc 21766:com.android.chrome:privileged_process0/u0a35 for service com.android.chrome/org.chromium.content.app.PrivilegedProcessService0
10-30 22:45:50.995 21706 21727 W ConnectionStatusConfig: Dynamic lookup for intent failed for action: com.google.android.gms.auth.key.retrieval.service.START
10-30 22:45:51.037 21766 21766 I cr_ChildProcessService: Creating new ChildProcessService pid=21766
10-30 22:45:51.039 21706 21727 W ConnectionStatusConfig: Dynamic lookup for intent failed for action: com.google.android.gms.auth.key.retrieval.service.START
10-30 22:45:51.050   600  1081 W ActivityManager: Unable to start service Intent { act=com.google.android.gms.auth.key.retrieval.service.START pkg=com.google.android.gms } U=0: not found
10-30 22:45:51.062   600  1080 W ActivityManager: Unbind failed: could not find connection for android.os.BinderProxy@30b17fb
10-30 22:45:51.063 21706 21727 E GmsClient: unable to connect to service: com.google.android.gms.auth.key.retrieval.service.START on com.google.android.gms
10-30 22:45:51.074 21706 21706 W cr_KnoxSettingsProvider: Permission to read device policy denied.
10-30 22:45:51.097 21766 21783 I cr_LibraryLoader: Loaded native library version number "85.0.4183.127"
10-30 22:45:51.099 21766 21783 I cr_CachingUmaRecorder: Flushed 1 samples from 1 histograms.
10-30 22:45:51.114 21766 21783 E libEGL  : validate_display:99 error 3008 (EGL_BAD_DISPLAY)
10-30 22:45:58.060   600   713 D DnsEventListenerService: Logging 100 results for netId 100
10-30 22:46:02.573 21808 21808 D AndroidRuntime: >>>>>> START com.android.internal.os.RuntimeInit uid 2000 <<<<<<
10-30 22:46:02.577 21808 21808 D AndroidRuntime: CheckJNI is OFF
10-30 22:46:02.641 21808 21808 D ICU     : No timezone override file found: /data/misc/zoneinfo/current/icu/icu_tzdata.dat
10-30 22:46:02.672 21808 21808 I Radio-JNI: register_android_hardware_Radio DONE
10-30 22:46:02.687 21808 21808 D AndroidRuntime: Calling main entry com.android.commands.monkey.Monkey
10-30 22:46:02.755   600   613 W BroadcastQueue: Skipping deliver [background] BroadcastRecord{a617f48 u-1 android.net.conn.CONNECTIVITY_CHANGE} to ReceiverList{9fb51e1 21808 (unknown name)/2000/u-1 remote:a4b653a}: process crashing
10-30 22:46:04.326 21808 21808 D MonkeyStub: translateCommand: wake
10-30 22:46:04.433 21808 21808 D MonkeyStub: translateCommand: tap 398 1198
10-30 22:46:06.529 21808 21808 D MonkeyStub: translateCommand: tap 720 1506
10-30 22:46:06.712 12169 12181 I PeopleChimeraService: onService. callbacks = aaik@bd7bbdd, request = com.google.android.gms.common.internal.GetServiceRequest@68352
10-30 22:46:06.719 12169 15229 I PeopleChimeraService: onService. callbacks = aaik@f6b4720, request = com.google.android.gms.common.internal.GetServiceRequest@31938d9
10-30 22:46:07.108   600   647 I WifiHAL : Got channel list with 13 channels
10-30 22:46:07.109   600   647 I WifiHAL : Got channel list with 4 channels
10-30 22:46:07.110   600   647 I WifiHAL : Got channel list with 15 channels
10-30 22:46:07.190  7916  7916 I MemoryTrimmer: Trimming objects from memory, since app is in the background.
10-30 22:46:08.781 21808 21808 D MonkeyStub: translateCommand: tap 355 1480
10-30 22:46:08.800 21808 21808 D MonkeyStub: Quit requested
10-30 22:46:08.835   600  1079 I ActivityManager: START u0 {act=android.intent.action.VIEW flg=0x10008000 cmp=com.android.chrome/com.google.android.apps.chrome.Main (has extras)} from uid 10035 on display 0
10-30 22:46:08.848   600   614 I CwMcuSensor: CwMcuSensor::flush: fd = 241, sensors_id = 0, path = /sys/class/htc_sensorhub/sensor_hub/flush, err = 0
10-30 22:46:08.882 21808 21808 I art     : System.exit called, status: 6
10-30 22:46:08.882 21808 21808 I AndroidRuntime: VM exiting with result code 6.
10-30 22:46:08.928   600 24611 W WindowManager: Attempted to remove non-existing token: android.os.Binder@7fa9b06
10-30 22:46:08.940   600   600 E AccessibilityManagerService: Error during sending EventType: TYPE_WINDOW_STATE_CHANGED; EventTime: 100216277; PackageName: com.android.chrome; MovementGranularity: 0; Action: 0 [ ClassName: android.widget.FrameLayout; Text: []; ContentDescription: null; ItemCount: -1; CurrentItemIndex: -1; IsEnabled: true; IsPassword: false; IsChecked: false; IsFullScreen: false; Scrollable: false; BeforeText: null; FromIndex: -1; ToIndex: -1; ScrollX: -1; ScrollY: -1; MaxScrollX: -1; MaxScrollY: -1; AddedCount: -1; RemovedCount: -1; ParcelableData: null ]; recordCount: 0 to android.accessibilityservice.IAccessibilityServiceClient$Stub$Proxy@ec9618e
10-30 22:46:08.940   600   600 E AccessibilityManagerService: android.os.DeadObjectException
10-30 22:46:08.940   600   600 E AccessibilityManagerService: 	at android.os.BinderProxy.transactNative(Native Method)
10-30 22:46:08.940   600   600 E AccessibilityManagerService: 	at android.os.BinderProxy.transact(Binder.java:615)
10-30 22:46:08.940   600   600 E AccessibilityManagerService: 	at android.accessibilityservice.IAccessibilityServiceClient$Stub$Proxy.onAccessibilityEvent(IAccessibilityServiceClient.java:191)
10-30 22:46:08.940   600   600 E AccessibilityManagerService: 	at com.android.server.accessibility.AccessibilityManagerService$Service.notifyAccessibilityEventInternal(AccessibilityManagerService.java:3245)
10-30 22:46:08.940   600   600 E AccessibilityManagerService: 	at com.android.server.accessibility.AccessibilityManagerService$Service.-wrap0(AccessibilityManagerService.java)
10-30 22:46:08.940   600   600 E AccessibilityManagerService: 	at com.android.server.accessibility.AccessibilityManagerService$Service$1.handleMessage(AccessibilityManagerService.java:2260)
10-30 22:46:08.940   600   600 E AccessibilityManagerService: 	at android.os.Handler.dispatchMessage(Handler.java:102)
10-30 22:46:08.940   600   600 E AccessibilityManagerService: 	at android.os.Looper.loop(Looper.java:154)
10-30 22:46:08.940   600   600 E AccessibilityManagerService: 	at com.android.server.SystemServer.run(SystemServer.java:349)
10-30 22:46:08.940   600   600 E AccessibilityManagerService: 	at com.android.server.SystemServer.main(SystemServer.java:219)
10-30 22:46:08.940   600   600 E AccessibilityManagerService: 	at java.lang.reflect.Method.invoke(Native Method)
10-30 22:46:08.940   600   600 E AccessibilityManagerService: 	at com.android.internal.os.ZygoteInit$MethodAndArgsCaller.run(ZygoteInit.java:886)
10-30 22:46:08.940   600   600 E AccessibilityManagerService: 	at com.android.internal.os.ZygoteInit.main(ZygoteInit.java:776)
10-30 22:46:09.023 21706 21706 E cr_CompositorSurfaceMgr: Transitioning to surface with format : -1
10-30 22:46:09.053   600   609 W art     : Suspending all threads took: 6.197ms
10-30 22:46:09.071   600   609 I art     : Background partial concurrent mark sweep GC freed 32395(1624KB) AllocSpace objects, 8(176KB) LOS objects, 33% free, 16MB/24MB, paused 7.616ms total 145.592ms
10-30 22:46:09.096 21706 21755 W cr_tabmodel: Starting to perform legacy migration.
10-30 22:46:09.096 21706 21755 W cr_tabmodel: Finished performing legacy migration.
10-30 22:46:09.097 21706 21755 W cr_tabmodel: Starting to perform multi-instance migration.
10-30 22:46:09.097 21706 21755 W cr_tabmodel: Finished performing multi-instance migration.
10-30 22:46:09.097 21706 21755 I cr_tabmodel: Starting to fetch tab list for tab_state0
10-30 22:46:09.097 21706 21755 I cr_tabmodel: State file does not exist.
10-30 22:46:09.098 21706 21755 I cr_tabmodel: Starting to fetch tab list for tab_state1
10-30 22:46:09.098 21706 21755 I cr_tabmodel: State file does not exist.
10-30 22:46:09.129 21706 21755 I cr_ADCP : No customization source found
10-30 22:46:09.214   600   620 I ActivityManager: Displayed com.android.chrome/com.google.android.apps.chrome.Main: +319ms
10-30 22:46:09.219 21706 21725 D OpenGLRenderer: endAllActiveAnimators on 0xd4754600 (InsetDrawable) with handle 0xd3d8ab30
10-30 22:46:09.224 21706 21706 E cr_CompositorSurfaceMgr: Transitioning to surface with format : -1
10-30 22:46:09.244 21706 21706 E cr_CompositorSurfaceMgr: surfaceCreated format : 0
10-30 22:46:09.257 21706 21706 I cr_ContextualSearch: Tap suppression enabled: false
10-30 22:46:09.264 21706 21706 I cr_ChromeTabbedActivity: #initializeState
10-30 22:46:09.265 21706 21706 I cr_CipherFactory: #restoreFromBundle, no savedInstanceState.
10-30 22:46:09.265 21706 21706 I cr_tabmodel: #loadState, ignoreIncognitoFiles? true
10-30 22:46:09.285   600 13631 E BatteryStatsService: power: Missing API
10-30 22:46:09.329   600 13631 E BatteryStatsService: no controller energy info supplied
10-30 22:46:09.330   796   796 E PhoneInterfaceManager: [PhoneIntfMgr] queryModemActivityInfo: Empty response
10-30 22:46:09.337   600 13631 E BatteryStatsService: modem info is invalid: ModemActivityInfo{ mTimestamp=0 mSleepTimeMs=0 mIdleTimeMs=0 mTxTimeMs[]=[0, 0, 0, 0, 0] mRxTimeMs=0 mEnergyUsed=0}
10-30 22:46:09.471 21706 21706 I SchedulerApiWrapper: Create SchedulerApiMainThreadWrapper
10-30 22:46:09.478 21706 21706 I FeedSessionManagerImpl: FeedSessionManagerImpl has been created
10-30 22:46:09.479 21706 21706 I FeedAppLifecycleLstnr: onEnterForeground called
10-30 22:46:09.479 21706 21706 I FeedSessionManagerImpl: onLifecycleEvent foreground
10-30 22:46:09.480 21706 21706 I FeedSessionManagerImpl: Lazy initialization triggered, getUpdateConsumer
10-30 22:46:09.481 21706 21755 I TaskQueue: Execute task [IMMEDIATE - d: true, b: 0]: 30
10-30 22:46:09.481 21706 21706 I FeedRequestManagerImpl: trigger refresh 2
10-30 22:46:09.482 21706 21706 I TaskQueue:  - task [HEAD_INVALIDATE - d: true, b: 0]: 26
10-30 22:46:09.482 21706 21706 I FeedAppLifecycleLstnr: initialize called
10-30 22:46:09.482 21706 21706 I FeedSessionManagerImpl: onLifecycleEvent initialize
10-30 22:46:09.482 21706 21706 W FeedSessionManagerImpl: FeedSessionManagerImpl has previously been initialized
10-30 22:46:09.508 21706 21706 I ViewConfigCompat: Could not find method getScaledScrollFactor() on ViewConfiguration
10-30 22:46:09.513 21706 21706 I BasicStream: Setting 2 header views, currently have 0 headers
10-30 22:46:09.516 21706 21706 I BasicStream: Setting 2 header views, currently have 2 headers
10-30 22:46:09.576   600   619 D BluetoothManagerService: Message: 20
10-30 22:46:09.577   600   619 D BluetoothManagerService: Added callback: android.bluetooth.IBluetoothManagerCallback$Stub$Proxy@c7db09f:true
10-30 22:46:09.601 21706 21706 E cr_IntentUtils: getBooleanExtra failed on intent null
10-30 22:46:09.609 21740 21753 I cr_LibraryLoader: Loaded native library version number "85.0.4183.127"
10-30 22:46:09.612 21706 21706 I TimeoutSessionImpl: Using TimeoutSessionImpl
10-30 22:46:09.612 21706 21706 I FeedSessionManagerImpl: Delaying populateSession until initialization is finished
10-30 22:46:09.612 21706 21706 I TaskQueue:  - task [IMMEDIATE - d: true, b: 1]: 13
10-30 22:46:09.614 21706 21706 I MainThreadRunner: Running task [BasicStream onShow] on the Main Thread with a delay of 500 milliseconds
10-30 22:46:09.615 21740 21753 I cr_CachingUmaRecorder: Flushed 1 samples from 1 histograms.
10-30 22:46:09.676   600 10249 I ActivityManager: Start proc 21840:com.android.chrome:sandboxed_process1/u0i724 for service com.android.chrome/org.chromium.content.app.SandboxedProcessService1
10-30 22:46:09.685 21706 21755 W SessionCache: Persisted Sessions were not found
10-30 22:46:09.686 21706 21755 I HeadSessionImpl: Initialize HEAD 0 items
10-30 22:46:09.708 21706 21755 I TaskQueue:  - task [BACKGROUND - d: true, b: 2]: 11
10-30 22:46:09.708 21706 21755 I TimingUtils: Task Timing 226ms, thread JardinExecutor | task : Initialization
10-30 22:46:09.708 21706 21755 I TaskQueue:  - Finished 30, time 228 ms
10-30 22:46:09.711 21706 21758 I TaskQueue: Execute task [HEAD_INVALIDATE - d: true, b: 2]: 26
10-30 22:46:09.712 21706 21758 I TimingUtils: Task Timing   0ms, thread background-1 | task : getAllDismissLocalActions | size : 0
10-30 22:46:09.712 21706 21758 I TimingUtils: Task Timing   0ms, thread background-2 | task : getSemanticProperties | size : 0
10-30 22:46:09.712 21706 21758 I MainThreadRunner: Running task [Check Tooltips] on the Main Thread
10-30 22:46:09.712 21706 21758 I TaskQueue:  * Starting starvation checks
10-30 22:46:09.712 21706 21758 I MainThreadRunner: Running task [starvationChecks] on the Main Thread with a delay of 6000 milliseconds
10-30 22:46:09.713 21706 21758 I TaskQueue:  - Finished 26, time 2 ms
10-30 22:46:09.713 21706 21758 I TaskQueue: Execute task [IMMEDIATE - d: true, b: 1]: 13
10-30 22:46:09.713 21706 21758 I FeedSessionManagerImpl: shouldSessionRequestData; hasContent(false), contentCreationTime(0), outstandingRequest(true)
10-30 22:46:09.713 21706 21758 I MainThreadRunner: Running task [SchedulerApiWrapper shouldSessionRequestData] on the Main Thread
10-30 22:46:09.723   600  3994 I ActivityManager: Start proc 21845:com.android.chrome:sandboxed_process2/u0i725 for service com.android.chrome/org.chromium.content.app.SandboxedProcessService2
10-30 22:46:09.751 21706 21716 I art     : Background partial concurrent mark sweep GC freed 14707(901KB) AllocSpace objects, 3(592KB) LOS objects, 39% free, 7MB/13MB, paused 13.870ms total 131.977ms
10-30 22:46:09.760   600  3509 I ActivityManager: Start proc 21860:com.android.chrome:sandboxed_process3/u0i726 for service com.android.chrome/org.chromium.content.app.SandboxedProcessService3
10-30 22:46:09.831   600  1079 I ActivityManager: Start proc 21877:com.android.chrome:sandboxed_process4/u0i727 for service com.android.chrome/org.chromium.content.app.SandboxedProcessService4
10-30 22:46:09.884   600   707 I ActivityManager: Start proc 21895:com.android.chrome:sandboxed_process5/u0i728 for service com.android.chrome/org.chromium.content.app.SandboxedProcessService5
10-30 22:46:09.935   600 24515 I ActivityManager: Start proc 21902:com.android.chrome:sandboxed_process6/u0i729 for service com.android.chrome/org.chromium.content.app.SandboxedProcessService6
10-30 22:46:09.987 21706 21706 I PlayCore: UID: [10035]  PID: [21706] SplitInstallService : deferredInstall([image_editor])
10-30 22:46:09.990 21840 21840 W dboxed_process1: type=1400 audit(0.0:9840): avc: denied { getattr } for path="/data/data/com.android.chrome" dev="dm-2" ino=12190 scontext=u:r:isolated_app:s0:c512,c768 tcontext=u:object_r:app_data_file:s0:c512,c768 tclass=dir permissive=0
10-30 22:46:10.010   600  1080 I ActivityManager: Start proc 21922:com.android.chrome:sandboxed_process7/u0i730 for service com.android.chrome/org.chromium.content.app.SandboxedProcessService7
10-30 22:46:10.027 21845 21845 W dboxed_process2: type=1400 audit(0.0:9841): avc: denied { getattr } for path="/data/data/com.android.chrome" dev="dm-2" ino=12190 scontext=u:r:isolated_app:s0:c512,c768 tcontext=u:object_r:app_data_file:s0:c512,c768 tclass=dir permissive=0
10-30 22:46:10.053 21860 21860 W dboxed_process3: type=1400 audit(0.0:9842): avc: denied { getattr } for path="/data/data/com.android.chrome" dev="dm-2" ino=12190 scontext=u:r:isolated_app:s0:c512,c768 tcontext=u:object_r:app_data_file:s0:c512,c768 tclass=dir permissive=0
10-30 22:46:10.161   600  3994 I ActivityManager: Start proc 21943:com.android.chrome:sandboxed_process8/u0i731 for service com.android.chrome/org.chromium.content.app.SandboxedProcessService8
10-30 22:46:10.253 21840 21840 I cr_ChildProcessService: Creating new ChildProcessService pid=21840
10-30 22:46:10.260 21845 21845 I cr_ChildProcessService: Creating new ChildProcessService pid=21845
10-30 22:46:10.262 21860 21860 I cr_ChildProcessService: Creating new ChildProcessService pid=21860
10-30 22:46:10.283 21902 21902 W dboxed_process6: type=1400 audit(0.0:9843): avc: denied { getattr } for path="/data/data/com.android.chrome" dev="dm-2" ino=12190 scontext=u:r:isolated_app:s0:c512,c768 tcontext=u:object_r:app_data_file:s0:c512,c768 tclass=dir permissive=0
10-30 22:46:10.287 21895 21895 W dboxed_process5: type=1400 audit(0.0:9844): avc: denied { getattr } for path="/data/data/com.android.chrome" dev="dm-2" ino=12190 scontext=u:r:isolated_app:s0:c512,c768 tcontext=u:object_r:app_data_file:s0:c512,c768 tclass=dir permissive=0
10-30 22:46:10.303 21877 21877 W dboxed_process4: type=1400 audit(0.0:9845): avc: denied { getattr } for path="/data/data/com.android.chrome" dev="dm-2" ino=12190 scontext=u:r:isolated_app:s0:c512,c768 tcontext=u:object_r:app_data_file:s0:c512,c768 tclass=dir permissive=0
10-30 22:46:10.330 21922 21922 W dboxed_process7: type=1400 audit(0.0:9846): avc: denied { getattr } for path="/data/data/com.android.chrome" dev="dm-2" ino=12190 scontext=u:r:isolated_app:s0:c512,c768 tcontext=u:object_r:app_data_file:s0:c512,c768 tclass=dir permissive=0
10-30 22:46:10.372 21706 21706 I cr_tabmodel: Appending tabs being restored to metadata lists, 0, startingNormalCount: 1, startingIncognitoCount: 0
10-30 22:46:10.372 21706 21706 I cr_tabmodel: Serializing tab lists; counts: 1, 0
10-30 22:46:10.490   600  3675 I ActivityManager: Start proc 21962:com.android.chrome:sandboxed_process9/u0i732 for service com.android.chrome/org.chromium.content.app.SandboxedProcessService9
10-30 22:46:10.503 21706 21706 I Choreographer: Skipped 77 frames!  The application may be doing too much work on its main thread.
10-30 22:46:10.521 21902 21902 I cr_ChildProcessService: Creating new ChildProcessService pid=21902
10-30 22:46:10.523 21895 21895 I cr_ChildProcessService: Creating new ChildProcessService pid=21895
10-30 22:46:10.563 21943 21943 W dboxed_process8: type=1400 audit(0.0:9847): avc: denied { getattr } for path="/data/data/com.android.chrome" dev="dm-2" ino=12190 scontext=u:r:isolated_app:s0:c512,c768 tcontext=u:object_r:app_data_file:s0:c512,c768 tclass=dir permissive=0
10-30 22:46:10.569 21877 21877 I cr_ChildProcessService: Creating new ChildProcessService pid=21877
10-30 22:46:10.593 21922 21922 I cr_ChildProcessService: Creating new ChildProcessService pid=21922
10-30 22:46:10.653 21845 21953 I cr_LibraryLoader: Loaded native library version number "85.0.4183.127"
10-30 22:46:10.653 21845 21953 I cr_CachingUmaRecorder: Flushed 1 samples from 1 histograms.
10-30 22:46:10.661 21706 21706 I TaskQueue:  - task [IMMEDIATE - d: true, b: 1]: 27
10-30 22:46:10.661 21706 21758 I FeedSessionManagerImpl: shouldSessionRequestDataResult: NO_REQUEST_WITH_WAIT, shouldMakeRequest(false), withTimeout(false), withAppend(false)
10-30 22:46:10.661 21706 21758 I TaskQueue:  - task [USER_FACING - d: true, b: 2]: 24
10-30 22:46:10.661 21706 21758 I TaskQueue:  - Finished 13, time 949 ms
10-30 22:46:10.662 21706 21758 I TaskQueue: Execute task [IMMEDIATE - d: true, b: 2]: 27
10-30 22:46:10.668 21706 21758 I FeedRequestManagerImpl: Consistency Token: # hU2@7bca4
10-30 22:46:10.700 21706 21716 I art     : Background sticky concurrent mark sweep GC freed 60579(3MB) AllocSpace objects, 32(696KB) LOS objects, 25% free, 9MB/13MB, paused 3.438ms total 228.734ms
10-30 22:46:10.708 21840 21951 I cr_LibraryLoader: Loaded native library version number "85.0.4183.127"
10-30 22:46:10.709 21840 21951 I cr_CachingUmaRecorder: Flushed 1 samples from 1 histograms.
10-30 22:46:10.711 21706 21758 I FeedRequestManagerImpl: Capability: FEED_UI
10-30 22:46:10.712 21706 21758 I FeedRequestManagerImpl: Capability: UNDOABLE_ACTIONS
10-30 22:46:10.712 21706 21758 I FeedRequestManagerImpl: Capability: MANAGE_INTERESTS
10-30 22:46:10.712 21706 21758 I FeedRequestManagerImpl: Capability: SEND_FEEDBACK
10-30 22:46:10.712 21706 21758 I FeedRequestManagerImpl: Capability: ARTICLE_SNIPPETS
10-30 22:46:10.712 21706 21758 I FeedRequestManagerImpl: Capability: CLICK_ACTION
10-30 22:46:10.712 21706 21758 I FeedRequestManagerImpl: Capability: VIEW_ACTION
10-30 22:46:10.712 21706 21758 I FeedRequestManagerImpl: Capability: REPORT_FEED_USER_ACTIONS_NOTICE_CARD
10-30 22:46:10.712 21706 21758 I FeedRequestManagerImpl: Capability: BASE_UI
10-30 22:46:10.744 21706 21758 I FeedRequestManagerImpl: Making Request: /httpservice/noretry/DiscoverClankService/FeedQuery
10-30 22:46:10.745 21860 21954 I cr_LibraryLoader: Loaded native library version number "85.0.4183.127"
10-30 22:46:10.748 21706 21758 I MainThreadRunner: Running task [NetworkClientWrapper send] on the Main Thread
10-30 22:46:10.748 21706 21758 I TaskQueue:  - Finished 27, time 87 ms
10-30 22:46:10.751 21860 21954 I cr_CachingUmaRecorder: Flushed 1 samples from 1 histograms.
10-30 22:46:10.841   600 29683 I ActivityManager: Start proc 21985:com.android.chrome:sandboxed_process10/u0i733 for service com.android.chrome/org.chromium.content.app.SandboxedProcessService10
10-30 22:46:10.868 21902 21969 I cr_LibraryLoader: Loaded native library version number "85.0.4183.127"
10-30 22:46:10.869 21943 21943 I cr_ChildProcessService: Creating new ChildProcessService pid=21943
10-30 22:46:10.873 21962 21962 W dboxed_process9: type=1400 audit(0.0:9848): avc: denied { getattr } for path="/data/data/com.android.chrome" dev="dm-2" ino=12190 scontext=u:r:isolated_app:s0:c512,c768 tcontext=u:object_r:app_data_file:s0:c512,c768 tclass=dir permissive=0
10-30 22:46:10.906 21902 21969 I cr_CachingUmaRecorder: Flushed 1 samples from 1 histograms.
10-30 22:46:10.918 21877 21971 I cr_LibraryLoader: Loaded native library version number "85.0.4183.127"
10-30 22:46:10.918 21877 21971 I cr_CachingUmaRecorder: Flushed 1 samples from 1 histograms.
10-30 22:46:10.926 21922 21977 I cr_LibraryLoader: Loaded native library version number "85.0.4183.127"
10-30 22:46:10.926 21922 21977 I cr_CachingUmaRecorder: Flushed 1 samples from 1 histograms.
10-30 22:46:10.935   600 24611 I ActivityManager: Killing 21845:com.android.chrome:sandboxed_process2/u0a35i725 (adj 0): isolated not needed
10-30 22:46:10.977 21895 21967 I cr_LibraryLoader: Loaded native library version number "85.0.4183.127"
10-30 22:46:10.977 21895 21967 I cr_CachingUmaRecorder: Flushed 1 samples from 1 histograms.
10-30 22:46:10.990   600  1082 I ActivityManager: Killing 21840:com.android.chrome:sandboxed_process1/u0a35i724 (adj 0): isolated not needed
10-30 22:46:11.022 21706 21760 W cr_CrashFileManager: /data/user/0/com.android.chrome/cache/Crash Reports does not exist or is not a directory
10-30 22:46:11.022 21706 21760 W cr_CrashFileManager: /data/user/0/com.android.chrome/cache/Crash Reports does not exist or is not a directory
10-30 22:46:11.022 21706 21760 W cr_CrashFileManager: /data/user/0/com.android.chrome/cache/Crash Reports does not exist or is not a directory
10-30 22:46:11.027 21706 21760 I cr_FileUtils: Writing to /data/user/0/com.android.chrome/app_dex/webapk7.dex
10-30 22:46:11.100 21985 21985 W boxed_process10: type=1400 audit(0.0:9849): avc: denied { getattr } for path="/data/data/com.android.chrome" dev="dm-2" ino=12190 scontext=u:r:isolated_app:s0:c512,c768 tcontext=u:object_r:app_data_file:s0:c512,c768 tclass=dir permissive=0
10-30 22:46:11.100 21962 21962 I cr_ChildProcessService: Creating new ChildProcessService pid=21962
10-30 22:46:11.110 21860 21954 I chromium: [INFO:child_process_service.cc(69)] ChildProcessService: Exiting child process.
10-30 22:46:11.112   197   197 E lowmemorykiller: Error writing /proc/21860/oom_score_adj; errno=22
10-30 22:46:11.137 21706 21739 I cr_BindingManager: Moderate binding enabled: maxSize=40
10-30 22:46:11.138 21706 21759 W InstanceID: Instance ID SDK is deprecated, com.android.chrome should update to use Firebase Instance ID
10-30 22:46:11.168 21895 21967 I chromium: [INFO:child_process_service.cc(69)] ChildProcessService: Exiting child process.
10-30 22:46:11.170   600  1080 I ActivityManager: Process com.android.chrome:sandboxed_process3 (pid 21860) has died
10-30 22:46:11.170   600  1080 D ActivityManager: cleanUpApplicationRecord -- 21860
10-30 22:46:11.179   197   197 E lowmemorykiller: Error writing /proc/21895/oom_score_adj; errno=22
10-30 22:46:11.193 21922 21977 I chromium: [INFO:child_process_service.cc(69)] ChildProcessService: Exiting child process.
10-30 22:46:11.195 21902 21969 I chromium: [INFO:child_process_service.cc(69)] ChildProcessService: Exiting child process.
10-30 22:46:11.197   197   197 E lowmemorykiller: Error writing /proc/21902/oom_score_adj; errno=22
10-30 22:46:11.209 21877 21971 I chromium: [INFO:child_process_service.cc(69)] ChildProcessService: Exiting child process.
10-30 22:46:11.228   600  6312 I ActivityManager: Process com.android.chrome:sandboxed_process6 (pid 21902) has died
10-30 22:46:11.228   600  6312 D ActivityManager: cleanUpApplicationRecord -- 21902
10-30 22:46:11.229   600  6312 I ActivityManager: Killing 21922:com.android.chrome:sandboxed_process7/u0a35i730 (adj 0): isolated not needed
10-30 22:46:11.229   600  6312 I ActivityManager: Killing 21895:com.android.chrome:sandboxed_process5/u0a35i728 (adj 0): isolated not needed
10-30 22:46:11.235 21706 21706 W chromium: [WARNING:compositor_view.cc(315)] Child process died (type=6) pid=21860)
10-30 22:46:11.298 21943 21990 I cr_LibraryLoader: Loaded native library version number "85.0.4183.127"
10-30 22:46:11.299 21943 21990 I cr_CachingUmaRecorder: Flushed 1 samples from 1 histograms.
10-30 22:46:11.306   600 13558 I ActivityManager: Process com.android.chrome:sandboxed_process4 (pid 21877) has died
10-30 22:46:11.306   600 13558 D ActivityManager: cleanUpApplicationRecord -- 21877
10-30 22:46:11.306   600 13558 W ActivityManager: Scheduling restart of crashed service com.android.chrome/org.chromium.content.app.SandboxedProcessService4 in 1000ms
10-30 22:46:11.314   600  1076 D ActivityManager: cleanUpApplicationRecord -- 21895
10-30 22:46:11.320 21706 21706 W chromium: [WARNING:compositor_view.cc(315)] Child process died (type=6) pid=21902)
10-30 22:46:11.320 21706 21706 W chromium: [WARNING:compositor_view.cc(315)] Child process died (type=6) pid=21877)
10-30 22:46:11.320 21706 21706 W chromium: [WARNING:compositor_view.cc(315)] Child process died (type=6) pid=21895)
10-30 22:46:11.383   600  1080 I ActivityManager: Start proc 22022:com.android.chrome:sandboxed_process11/u0i734 for service com.android.chrome/org.chromium.content.app.SandboxedProcessService11
10-30 22:46:11.386 21706 21739 I cr_BindingManager: onTrimMemory: level=15, size=0
10-30 22:46:11.392 21985 21985 I cr_ChildProcessService: Creating new ChildProcessService pid=21985
10-30 22:46:11.415 12169 12810 I Icing   : IndexChimeraService.getServiceInterface callingPackage=com.android.chrome componentName=null serviceId=36
10-30 22:46:11.451 12169 12563 I Icing   : IndexChimeraService.getServiceInterface callingPackage=com.android.chrome componentName=null serviceId=36
10-30 22:46:11.495 21962 22015 I cr_LibraryLoader: Loaded native library version number "85.0.4183.127"
10-30 22:46:11.495 21962 22015 I cr_CachingUmaRecorder: Flushed 1 samples from 1 histograms.
10-30 22:46:11.565   600  2707 I ActivityManager: Killing 21943:com.android.chrome:sandboxed_process8/u0a35i731 (adj 0): isolated not needed
10-30 22:46:11.657 22014 22014 I dex2oat : /system/bin/dex2oat --dex-file=/data/user/0/com.android.chrome/app_dex/webapk7.dex --oat-fd=246 --oat-location=/data/user/0/com.android.chrome/app_dex/oat/arm/webapk7.dex --compiler-filter=speed
10-30 22:46:11.689 21962 21962 I cr_ChildProcessService: Destroying ChildProcessService pid=21962
10-30 22:46:11.691 21985 22027 I cr_LibraryLoader: Loaded native library version number "85.0.4183.127"
10-30 22:46:11.692 21985 22027 I cr_CachingUmaRecorder: Flushed 1 samples from 1 histograms.
10-30 22:46:11.713 22022 22022 W boxed_process11: type=1400 audit(0.0:9850): avc: denied { getattr } for path="/data/data/com.android.chrome" dev="dm-2" ino=12190 scontext=u:r:isolated_app:s0:c512,c768 tcontext=u:object_r:app_data_file:s0:c512,c768 tclass=dir permissive=0
10-30 22:46:11.737 21706 21716 I art     : Background partial concurrent mark sweep GC freed 57492(3MB) AllocSpace objects, 52(2MB) LOS objects, 40% free, 8MB/14MB, paused 991us total 289.086ms
10-30 22:46:11.787   600  1076 I ActivityManager: Start proc 22050:com.android.chrome:sandboxed_process12/u0i735 for service com.android.chrome/org.chromium.content.app.SandboxedProcessService12
10-30 22:46:11.811 21985 22027 I chromium: [INFO:child_process_service.cc(69)] ChildProcessService: Exiting child process.
10-30 22:46:11.836   600  1081 I ActivityManager: Start proc 22055:com.android.chrome:sandboxed_process13/u0i736 for service com.android.chrome/org.chromium.content.app.SandboxedProcessService13
10-30 22:46:11.844 22022 22022 I cr_ChildProcessService: Creating new ChildProcessService pid=22022
10-30 22:46:11.872 21706 21706 W chromium: [WARNING:compositor_view.cc(315)] Child process died (type=6) pid=21985)
10-30 22:46:11.894   600 13631 I ActivityManager: Start proc 22070:com.android.chrome:sandboxed_process14/u0i737 for service com.android.chrome/org.chromium.content.app.SandboxedProcessService14
10-30 22:46:11.894   600  9614 I ActivityManager: Process com.android.chrome:sandboxed_process10 (pid 21985) has died
10-30 22:46:11.894   600  9614 D ActivityManager: cleanUpApplicationRecord -- 21985
10-30 22:46:11.894   600  9614 W ActivityManager: Scheduling restart of crashed service com.android.chrome/org.chromium.content.app.SandboxedProcessService10 in 1000ms
10-30 22:46:11.896   600  9614 I ActivityManager: Killing 21962:com.android.chrome:sandboxed_process9/u0a35i732 (adj 0): isolated not needed
10-30 22:46:11.966   600 27731 I ActivityManager: Start proc 22083:com.android.chrome:sandboxed_process15/u0i738 for service com.android.chrome/org.chromium.content.app.SandboxedProcessService15
10-30 22:46:12.070 22055 22055 W boxed_process13: type=1400 audit(0.0:9851): avc: denied { getattr } for path="/data/data/com.android.chrome" dev="dm-2" ino=12190 scontext=u:r:isolated_app:s0:c512,c768 tcontext=u:object_r:app_data_file:s0:c512,c768 tclass=dir permissive=0
10-30 22:46:12.077 22050 22050 W boxed_process12: type=1400 audit(0.0:9852): avc: denied { getattr } for path="/data/data/com.android.chrome" dev="dm-2" ino=12190 scontext=u:r:isolated_app:s0:c512,c768 tcontext=u:object_r:app_data_file:s0:c512,c768 tclass=dir permissive=0
10-30 22:46:12.113   600   713 I ActivityManager: Start proc 22105:com.android.chrome:sandboxed_process16/u0i739 for service com.android.chrome/org.chromium.content.app.SandboxedProcessService16
10-30 22:46:12.126 22022 22061 I cr_LibraryLoader: Loaded native library version number "85.0.4183.127"
10-30 22:46:12.127 22022 22061 I cr_CachingUmaRecorder: Flushed 1 samples from 1 histograms.
10-30 22:46:12.133 22070 22070 W boxed_process14: type=1400 audit(0.0:9853): avc: denied { getattr } for path="/data/data/com.android.chrome" dev="dm-2" ino=12190 scontext=u:r:isolated_app:s0:c512,c768 tcontext=u:object_r:app_data_file:s0:c512,c768 tclass=dir permissive=0
10-30 22:46:12.159   600  3507 I ActivityManager: Start proc 22110:com.android.chrome:sandboxed_process17/u0i740 for service com.android.chrome/org.chromium.content.app.SandboxedProcessService17
10-30 22:46:12.173 22083 22083 W boxed_process15: type=1400 audit(0.0:9854): avc: denied { getattr } for path="/data/data/com.android.chrome" dev="dm-2" ino=12190 scontext=u:r:isolated_app:s0:c512,c768 tcontext=u:object_r:app_data_file:s0:c512,c768 tclass=dir permissive=0
10-30 22:46:12.203 22055 22055 I cr_ChildProcessService: Creating new ChildProcessService pid=22055
10-30 22:46:12.214   600  1081 I ActivityManager: Start proc 22134:com.android.chrome:sandboxed_process18/u0i741 for service com.android.chrome/org.chromium.content.app.SandboxedProcessService18
10-30 22:46:12.232 22022 22061 I chromium: [INFO:child_process_service.cc(69)] ChildProcessService: Exiting child process.
10-30 22:46:12.240 22050 22050 I cr_ChildProcessService: Creating new ChildProcessService pid=22050
10-30 22:46:12.249 21706 21706 W chromium: [WARNING:compositor_view.cc(315)] Child process died (type=6) pid=22022)
10-30 22:46:12.257 22070 22070 I cr_ChildProcessService: Creating new ChildProcessService pid=22070
10-30 22:46:12.260   600   610 I ActivityManager: Start proc 22143:com.android.chrome:sandboxed_process19/u0i742 for service com.android.chrome/org.chromium.content.app.SandboxedProcessService19
10-30 22:46:12.267   600 24611 I ActivityManager: Process com.android.chrome:sandboxed_process11 (pid 22022) has died
10-30 22:46:12.267   600 24611 D ActivityManager: cleanUpApplicationRecord -- 22022
10-30 22:46:12.270   600 24611 W ActivityManager: Scheduling restart of crashed service com.android.chrome/org.chromium.content.app.SandboxedProcessService11 in 1000ms
10-30 22:46:12.324   600  3994 I ActivityManager: Start proc 22156:com.android.chrome:sandboxed_process20/u0i743 for service com.android.chrome/org.chromium.content.app.SandboxedProcessService20
10-30 22:46:12.373 22105 22105 W boxed_process16: type=1400 audit(0.0:9855): avc: denied { getattr } for path="/data/data/com.android.chrome" dev="dm-2" ino=12190 scontext=u:r:isolated_app:s0:c512,c768 tcontext=u:object_r:app_data_file:s0:c512,c768 tclass=dir permissive=0
10-30 22:46:12.383 22110 22110 W boxed_process17: type=1400 audit(0.0:9856): avc: denied { getattr } for path="/data/data/com.android.chrome" dev="dm-2" ino=12190 scontext=u:r:isolated_app:s0:c512,c768 tcontext=u:object_r:app_data_file:s0:c512,c768 tclass=dir permissive=0
10-30 22:46:12.391 22083 22083 I cr_ChildProcessService: Creating new ChildProcessService pid=22083
10-30 22:46:12.500 22055 22132 I cr_LibraryLoader: Loaded native library version number "85.0.4183.127"
10-30 22:46:12.500 22055 22132 I cr_CachingUmaRecorder: Flushed 1 samples from 1 histograms.
10-30 22:46:12.523 22070 22144 I cr_LibraryLoader: Loaded native library version number "85.0.4183.127"
10-30 22:46:12.523 22070 22144 I cr_CachingUmaRecorder: Flushed 1 samples from 1 histograms.
10-30 22:46:12.551 22050 22141 I cr_LibraryLoader: Loaded native library version number "85.0.4183.127"
10-30 22:46:12.556 22110 22110 I cr_ChildProcessService: Creating new ChildProcessService pid=22110
10-30 22:46:12.561 22105 22105 I cr_ChildProcessService: Creating new ChildProcessService pid=22105
10-30 22:46:12.566 22050 22141 I cr_CachingUmaRecorder: Flushed 1 samples from 1 histograms.
10-30 22:46:12.577 22134 22134 W boxed_process18: type=1400 audit(0.0:9857): avc: denied { getattr } for path="/data/data/com.android.chrome" dev="dm-2" ino=12190 scontext=u:r:isolated_app:s0:c512,c768 tcontext=u:object_r:app_data_file:s0:c512,c768 tclass=dir permissive=0
10-30 22:46:12.607 22143 22143 W boxed_process19: type=1400 audit(0.0:9858): avc: denied { getattr } for path="/data/data/com.android.chrome" dev="dm-2" ino=12190 scontext=u:r:isolated_app:s0:c512,c768 tcontext=u:object_r:app_data_file:s0:c512,c768 tclass=dir permissive=0
10-30 22:46:12.627 22156 22156 W boxed_process20: type=1400 audit(0.0:9859): avc: denied { getattr } for path="/data/data/com.android.chrome" dev="dm-2" ino=12190 scontext=u:r:isolated_app:s0:c512,c768 tcontext=u:object_r:app_data_file:s0:c512,c768 tclass=dir permissive=0
10-30 22:46:12.667 21838 21838 D AndroidRuntime: >>>>>> START com.android.internal.os.RuntimeInit uid 2000 <<<<<<
10-30 22:46:12.680 22055 22132 I chromium: [INFO:child_process_service.cc(69)] ChildProcessService: Exiting child process.
10-30 22:46:12.688 22070 22144 I chromium: [INFO:child_process_service.cc(69)] ChildProcessService: Exiting child process.
10-30 22:46:12.693   197   197 E lowmemorykiller: Error writing /proc/22070/oom_score_adj; errno=22
10-30 22:46:12.711 22083 22164 I cr_LibraryLoader: Loaded native library version number "85.0.4183.127"
10-30 22:46:12.712 22083 22164 I cr_CachingUmaRecorder: Flushed 1 samples from 1 histograms.
10-30 22:46:12.717 21838 21838 D AndroidRuntime: CheckJNI is OFF
10-30 22:46:12.767 22143 22143 I cr_ChildProcessService: Creating new ChildProcessService pid=22143
10-30 22:46:12.772 22134 22134 I cr_ChildProcessService: Creating new ChildProcessService pid=22134
10-30 22:46:12.833 22156 22156 I cr_ChildProcessService: Creating new ChildProcessService pid=22156
10-30 22:46:12.845 22110 22178 I cr_LibraryLoader: Loaded native library version number "85.0.4183.127"
10-30 22:46:12.864 22105 22179 I cr_LibraryLoader: Loaded native library version number "85.0.4183.127"
10-30 22:46:12.864 22105 22179 I cr_CachingUmaRecorder: Flushed 1 samples from 1 histograms.
10-30 22:46:12.867 22050 22050 I cr_ChildProcessService: Destroying ChildProcessService pid=22050
10-30 22:46:12.870 22110 22178 I cr_CachingUmaRecorder: Flushed 1 samples from 1 histograms.
10-30 22:46:12.953   600   609 I art     : Background partial concurrent mark sweep GC freed 42901(2MB) AllocSpace objects, 32(824KB) LOS objects, 33% free, 16MB/24MB, paused 970us total 519.152ms
10-30 22:46:12.985   600  1080 I ActivityManager: Process com.android.chrome:sandboxed_process14 (pid 22070) has died
10-30 22:46:12.985   600  1080 D ActivityManager: cleanUpApplicationRecord -- 22070
10-30 22:46:12.987   600  1080 I ActivityManager: Killing 22105:com.android.chrome:sandboxed_process16/u0a35i739 (adj 0): isolated not needed
10-30 22:46:12.987   600  1080 I ActivityManager: Killing 22110:com.android.chrome:sandboxed_process17/u0a35i740 (adj 0): isolated not needed
10-30 22:46:12.988   600  1080 I ActivityManager: Killing 22083:com.android.chrome:sandboxed_process15/u0a35i738 (adj 0): isolated not needed
10-30 22:46:12.988   600  1080 I ActivityManager: Killing 22050:com.android.chrome:sandboxed_process12/u0a35i735 (adj 0): isolated not needed
10-30 22:46:12.988   600  1080 I ActivityManager: Killing 22055:com.android.chrome:sandboxed_process13/u0a35i736 (adj 0): isolated not needed
10-30 22:46:12.996 21706 21706 W chromium: [WARNING:compositor_view.cc(315)] Child process died (type=6) pid=22070)
10-30 22:46:13.000 22143 22190 I cr_LibraryLoader: Loaded native library version number "85.0.4183.127"
10-30 22:46:13.001 22143 22190 I cr_CachingUmaRecorder: Flushed 1 samples from 1 histograms.
10-30 22:46:13.011 22134 22191 I cr_LibraryLoader: Loaded native library version number "85.0.4183.127"
10-30 22:46:13.011 22134 22191 I cr_CachingUmaRecorder: Flushed 1 samples from 1 histograms.
10-30 22:46:13.028 22156 22195 I cr_LibraryLoader: Loaded native library version number "85.0.4183.127"
