10-30 02:11:38.177 26403 10270 W GmsStrictMode: 	at android.os.StrictMode$AndroidCloseGuardReporter.report(StrictMode.java:1590)
10-30 02:11:38.177 26403 10270 W GmsStrictMode: 	at dalvik.system.CloseGuard.warnIfOpen(CloseGuard.java:208)
10-30 02:11:38.177 26403 10270 W GmsStrictMode: 	at android.os.ParcelFileDescriptor.finalize(ParcelFileDescriptor.java:935)
10-30 02:11:38.177 26403 10270 W GmsStrictMode: 	at java.lang.Daemons$FinalizerDaemon.doFinalize(Daemons.java:222)
10-30 02:11:38.177 26403 10270 W GmsStrictMode: 	at java.lang.Daemons$FinalizerDaemon.run(Daemons.java:209)
10-30 02:11:38.177 26403 10270 W GmsStrictMode: 	at java.lang.Thread.run(Thread.java:761)
10-30 02:11:38.500   600  3509 I ActivityManager: Start proc 10364:com.opera.browser:sandboxed_process0/u0a122 for service com.opera.browser/com.opera.android.browser.chromium.services.SandboxedProcessService0
10-30 02:11:38.644 10364 10364 I art     : Starting a blocking GC AddRemoveAppImageSpace
10-30 02:11:38.708 10364 10364 I LoadedApk: No resource references to update in package com.opera.browser.nord_vpn
10-30 02:11:39.203   787 28590 I FontLog : Received query name=Google Sans&weight=400&besteffort=false, URI content://com.google.android.gms.fonts [CONTEXT service_id=132 ]
10-30 02:11:39.203   787 28590 I FontLog : Query [name=Google Sans&weight=400&besteffort=false] resolved to {Google Sans, wdth 100.0, wght 400, ital 0.0, bestEffort false} [CONTEXT service_id=132 ]
10-30 02:11:39.208   787 28590 I FontLog : Font PFD returned from cache for {Google Sans, wdth 100.0, wght 400, ital 0.0, bestEffort false} [CONTEXT service_id=132 ]
10-30 02:11:39.208   787 28590 I FontLog : Fetch {Google Sans, wdth 100.0, wght 400, ital 0.0, bestEffort false} end status Status{statusCode=SUCCESS, resolution=null} [CONTEXT service_id=132 ]
10-30 02:11:39.213   787  1714 I FontLog : Pulling font file for id = 526, cache size = 5 [CONTEXT service_id=132 ]
10-30 02:11:39.228   787   806 I FontLog : Received query name=Google Sans&weight=500&besteffort=false, URI content://com.google.android.gms.fonts [CONTEXT service_id=132 ]
10-30 02:11:39.229   787   806 I FontLog : Query [name=Google Sans&weight=500&besteffort=false] resolved to {Google Sans, wdth 100.0, wght 500, ital 0.0, bestEffort false} [CONTEXT service_id=132 ]
10-30 02:11:39.230   787   806 I FontLog : Font PFD returned from cache for {Google Sans, wdth 100.0, wght 500, ital 0.0, bestEffort false} [CONTEXT service_id=132 ]
10-30 02:11:39.230   787   806 I FontLog : Fetch {Google Sans, wdth 100.0, wght 500, ital 0.0, bestEffort false} end status Status{statusCode=SUCCESS, resolution=null} [CONTEXT service_id=132 ]
10-30 02:11:39.235   787  1716 I FontLog : Pulling font file for id = 527, cache size = 6 [CONTEXT service_id=132 ]
10-30 02:11:39.242   787  1620 I FontLog : Received query name=Google Sans&weight=700&besteffort=false, URI content://com.google.android.gms.fonts [CONTEXT service_id=132 ]
10-30 02:11:39.242   787  1620 I FontLog : Query [name=Google Sans&weight=700&besteffort=false] resolved to {Google Sans, wdth 100.0, wght 700, ital 0.0, bestEffort false} [CONTEXT service_id=132 ]
10-30 02:11:39.243   787  1620 I FontLog : Fetch {Google Sans, wdth 100.0, wght 700, ital 0.0, bestEffort false} end status Status{statusCode=SUCCESS, resolution=null} [CONTEXT service_id=132 ]
10-30 02:11:39.251   787  1174 I FontLog : Pulling font file for id = 528, cache size = 5 [CONTEXT service_id=132 ]
10-30 02:11:39.261   787 28592 I FontLog : Received query name=Noto Color Emoji Compat&weight=400&besteffort=false, URI content://com.google.android.gms.fonts [CONTEXT service_id=132 ]
10-30 02:11:39.261   787 28592 I FontLog : Query [name=Noto Color Emoji Compat&weight=400&besteffort=false] resolved to {Noto Color Emoji Compat, wdth 100.0, wght 400, ital 0.0, bestEffort false} [CONTEXT service_id=132 ]
10-30 02:11:39.272   787 28592 I FontLog : Fetch {Noto Color Emoji Compat, wdth 100.0, wght 400, ital 0.0, bestEffort false} end status Status{statusCode=SUCCESS, resolution=null} [CONTEXT service_id=132 ]
10-30 02:11:39.277   787   805 I FontLog : Pulling font file for id = 529, cache size = 5 [CONTEXT service_id=132 ]
10-30 02:11:40.292 10157 10185 W dex2oat : Compilation of void com.facebook.ads.redexgen.X.U0.A0f(android.view.View, android.view.View, java.util.List, boolean) took 159.758ms
10-30 02:11:42.440  9750 10218 W art     : Verification of void ca.<init>(int, byte[], boolean, java.util.List) took 149.278ms
10-30 02:11:43.594   787  9939 I SQLiteConnectionPool: The connection pool for /data/user/0/com.google.android.gms/databases/metadata.db has been closed but there are still 1 connections in use.  They will be closed as they are released back to the pool.
10-30 02:11:43.690   787 10388 W FontLog : Error updating last accessed time for {Noto Color Emoji Compat, wdth 100.0, wght 400, ital 0.0, bestEffort false}. [CONTEXT service_id=132 ]
10-30 02:11:43.690   787 10388 W FontLog : java.lang.IllegalStateException: Cannot perform this operation because the connection pool has been closed.
10-30 02:11:43.690   787 10388 W FontLog : 	at android.database.sqlite.SQLiteConnectionPool.throwIfClosedLocked(SQLiteConnectionPool.java:962)
10-30 02:11:43.690   787 10388 W FontLog : 	at android.database.sqlite.SQLiteConnectionPool.waitForConnection(SQLiteConnectionPool.java:677)
10-30 02:11:43.690   787 10388 W FontLog : 	at android.database.sqlite.SQLiteConnectionPool.acquireConnection(SQLiteConnectionPool.java:348)
10-30 02:11:43.690   787 10388 W FontLog : 	at android.database.sqlite.SQLiteSession.acquireConnection(SQLiteSession.java:894)
10-30 02:11:43.690   787 10388 W FontLog : 	at android.database.sqlite.SQLiteSession.executeForChangedRowCount(SQLiteSession.java:752)
10-30 02:11:43.690   787 10388 W FontLog : 	at android.database.sqlite.SQLiteStatement.executeUpdateDelete(SQLiteStatement.java:64)
10-30 02:11:43.690   787 10388 W FontLog : 	at android.database.sqlite.SQLiteDatabase.executeSql(SQLiteDatabase.java:1679)
10-30 02:11:43.690   787 10388 W FontLog : 	at android.database.sqlite.SQLiteDatabase.execSQL(SQLiteDatabase.java:1658)
10-30 02:11:43.690   787 10388 W FontLog : 	at aafx.run(Unknown Source)
10-30 02:11:43.690   787 10388 W FontLog : 	at sup.b(:com.google.android.gms@203915020@20.39.15 (040406-335085812):12)
10-30 02:11:43.690   787 10388 W FontLog : 	at sup.run(:com.google.android.gms@203915020@20.39.15 (040406-335085812):7)
10-30 02:11:43.690   787 10388 W FontLog : 	at java.util.concurrent.ThreadPoolExecutor.runWorker(ThreadPoolExecutor.java:1133)
10-30 02:11:43.690   787 10388 W FontLog : 	at java.util.concurrent.ThreadPoolExecutor$Worker.run(ThreadPoolExecutor.java:607)
10-30 02:11:43.690   787 10388 W FontLog : 	at tam.run(:com.google.android.gms@203915020@20.39.15 (040406-335085812):0)
10-30 02:11:43.690   787 10388 W FontLog : 	at java.lang.Thread.run(Thread.java:761)
10-30 02:11:44.392 10157 10157 I dex2oat : dex2oat took 20.555s (threads: 2) arena alloc=4MB (4276856B) java alloc=2MB (2348456B) native alloc=12MB (12877808B) free=5MB (5472272B)
10-30 02:11:44.658  9750  9760 I art     : Background sticky concurrent mark sweep GC freed 117649(6MB) AllocSpace objects, 11(784KB) LOS objects, 24% free, 23MB/31MB, paused 4.685ms total 134.267ms
10-30 02:11:44.825  9750 10413 I AdInternalSettings: Test mode device hash: 60fc3d17-5e8d-4038-a856-76d76cca26d7
10-30 02:11:44.825  9750 10413 I AdInternalSettings: When testing your app with Facebook's ad units you must specify the device hashed ID to ensure the delivery of test ads, add the following code before loading an ad: AdSettings.addTestDevice("60fc3d17-5e8d-4038-a856-76d76cca26d7");
10-30 02:11:46.401   600  1082 I CwMcuSensor: CwMcuSensor::flush: fd = 241, sensors_id = 0, path = /sys/class/htc_sensorhub/sensor_hub/flush, err = 0
10-30 02:11:46.679  9750  9750 D DynamitePackage: Instantiating com.google.android.gms.ads.ChimeraAdLoaderBuilderCreatorImpl
10-30 02:11:46.692  9750  9750 I Ads     : Use RequestConfiguration.Builder().setTestDeviceIds(Arrays.asList("E975D60B8B6136BB8437A20FB42B8437") to get test ads on this device.
10-30 02:11:46.725  9750 10187 W DynamiteModule: Local module descriptor class for com.google.android.gms.ads.dynamite not found.
10-30 02:11:46.726  9750 10187 W DynamiteModule: Local module descriptor class for com.google.android.gms.ads.dynamite not found.
10-30 02:11:46.731  9750 10223 W DynamiteModule: Local module descriptor class for com.google.android.gms.ads.dynamite not found.
10-30 02:11:47.055 26403 10438 I Icing   : IndexChimeraService.getServiceInterface callingPackage=com.google.android.gms componentName=null serviceId=30
10-30 02:11:47.076  9750  9760 I art     : Background sticky concurrent mark sweep GC freed 73572(5MB) AllocSpace objects, 22(1120KB) LOS objects, 23% free, 23MB/31MB, paused 5.565ms total 116.104ms
10-30 02:11:47.121 26403 29550 W Icing   : No valid account for uploading user actions
10-30 02:11:47.156 26403 29550 I Icing   : Usage reports ok 0, Failed Usage reports 0, indexed 0, rejected 0
10-30 02:11:48.186 26403 10272 I Ads     : SDK version: afma-sdk-a-v203404999.202510000.1
10-30 02:11:48.187 26403 10272 I Ads     : HTTP timeout: 60000 milliseconds.
10-30 02:11:48.275   787   802 W SQLiteConnectionPool: A SQLiteConnection object for database '/data/user/0/com.google.android.gms/databases/metadata.db' was leaked!  Please fix your application to end transactions in progress properly and to close the database when it is no longer needed.
10-30 02:11:48.277   787  1259 W GmsStrictMode: LEAKED_CLOSABLE [CONTEXT service_id=256 ]
10-30 02:11:48.277   787  1259 W GmsStrictMode: rvo: LEAKED_CLOSABLE
10-30 02:11:48.277   787  1259 W GmsStrictMode: 	at dalvik.system.VMStack.getThreadStackTrace(Native Method)
10-30 02:11:48.277   787  1259 W GmsStrictMode: 	at java.lang.Thread.getStackTrace(Thread.java:1566)
10-30 02:11:48.277   787  1259 W GmsStrictMode: 	at bhdb.containsKey(:com.google.android.gms@203915020@20.39.15 (040406-335085812):1)
10-30 02:11:48.277   787  1259 W GmsStrictMode: 	at android.os.StrictMode.onVmPolicyViolation(StrictMode.java:1867)
10-30 02:11:48.277   787  1259 W GmsStrictMode: 	at android.os.StrictMode.onVmPolicyViolation(StrictMode.java:1844)
10-30 02:11:48.277   787  1259 W GmsStrictMode: 	at android.os.StrictMode$AndroidCloseGuardReporter.report(StrictMode.java:1590)
10-30 02:11:48.277   787  1259 W GmsStrictMode: 	at dalvik.system.CloseGuard.warnIfOpen(CloseGuard.java:208)
10-30 02:11:48.277   787  1259 W GmsStrictMode: 	at android.database.sqlite.SQLiteConnection.dispose(SQLiteConnection.java:231)
10-30 02:11:48.277   787  1259 W GmsStrictMode: 	at android.database.sqlite.SQLiteConnection.finalize(SQLiteConnection.java:180)
10-30 02:11:48.277   787  1259 W GmsStrictMode: 	at java.lang.Daemons$FinalizerDaemon.doFinalize(Daemons.java:222)
10-30 02:11:48.277   787  1259 W GmsStrictMode: 	at java.lang.Daemons$FinalizerDaemon.run(Daemons.java:209)
10-30 02:11:48.277   787  1259 W GmsStrictMode: 	at java.lang.Thread.run(Thread.java:761)
10-30 02:11:48.278   787   804 I art     : Background partial concurrent mark sweep GC freed 72019(4MB) AllocSpace objects, 2(40KB) LOS objects, 40% free, 11MB/19MB, paused 818us total 225.142ms
10-30 02:11:48.528  9750 10223 W DynamiteModule: Local module descriptor class for com.google.android.gms.ads.dynamite not found.
10-30 02:11:48.846  9750  9750 D DynamitePackage: Instantiating com.google.android.gms.ads.ChimeraAdLoaderBuilderCreatorImpl
10-30 02:11:48.850  9750  9750 I Ads     : Use RequestConfiguration.Builder().setTestDeviceIds(Arrays.asList("E975D60B8B6136BB8437A20FB42B8437") to get test ads on this device.
10-30 02:11:48.876  9750 10349 W DynamiteModule: Local module descriptor class for com.google.android.gms.ads.dynamite not found.
10-30 02:11:48.889  9750 10349 W DynamiteModule: Local module descriptor class for com.google.android.gms.ads.dynamite not found.
10-30 02:11:48.898  9750 10223 E Ads     : Couldn't create RTB adapter : 
10-30 02:11:48.898  9750 10223 E Ads     : android.os.RemoteException
10-30 02:11:48.898  9750 10223 E Ads     : 	at dt8.V1(SourceFile:8)
10-30 02:11:48.898  9750 10223 E Ads     : 	at hp9.onTransact(SourceFile:3)
10-30 02:11:48.898  9750 10223 E Ads     : 	at android.os.Binder.transact(Binder.java:499)
10-30 02:11:48.898  9750 10223 E Ads     : 	at gf.a(:com.google.android.gms.policy_ads_fdr_dynamite@203404601@203404601003.333818716.333818716:2)
10-30 02:11:48.898  9750 10223 E Ads     : 	at com.google.android.gms.ads.internal.mediation.client.b.c(:com.google.android.gms.policy_ads_fdr_dynamite@203404601@203404601003.333818716.333818716:1)
10-30 02:11:48.898  9750 10223 E Ads     : 	at com.google.android.gms.ads.nonagon.signals.dj.a(Unknown Source)
10-30 02:11:48.898  9750 10223 E Ads     : 	at abs.a(:com.google.android.gms.policy_ads_fdr_dynamite@203404601@203404601003.333818716.333818716:0)
10-30 02:11:48.898  9750 10223 E Ads     : 	at abf.run(:com.google.android.gms.policy_ads_fdr_dynamite@203404601@203404601003.333818716.333818716:3)
10-30 02:11:48.898  9750 10223 E Ads     : 	at abu.run(:com.google.android.gms.policy_ads_fdr_dynamite@203404601@203404601003.333818716.333818716:0)
10-30 02:11:48.898  9750 10223 E Ads     : 	at java.util.concurrent.ThreadPoolExecutor.runWorker(ThreadPoolExecutor.java:1133)
10-30 02:11:48.898  9750 10223 E Ads     : 	at java.util.concurrent.ThreadPoolExecutor$Worker.run(ThreadPoolExecutor.java:607)
10-30 02:11:48.898  9750 10223 E Ads     : 	at java.lang.Thread.run(Thread.java:761)
10-30 02:11:48.901  9750 10451 E Ads     : Error calling adapter: com.google.ads.mediation.pangle.PangleMediationAdapter
10-30 02:11:48.904  9750 10450 W DynamiteModule: Local module descriptor class for com.google.android.gms.ads.dynamite not found.
10-30 02:11:48.916  9750 10223 W Ads     : Not retrying to fetch app settings
10-30 02:11:49.008  9750  9750 D DynamitePackage: Instantiating com.google.android.gms.ads.ChimeraAdLoaderBuilderCreatorImpl
10-30 02:11:49.012  9750  9750 I Ads     : Use RequestConfiguration.Builder().setTestDeviceIds(Arrays.asList("E975D60B8B6136BB8437A20FB42B8437") to get test ads on this device.
10-30 02:11:49.032  9750 10450 W DynamiteModule: Local module descriptor class for com.google.android.gms.ads.dynamite not found.
10-30 02:11:49.032  9750 10450 W DynamiteModule: Local module descriptor class for com.google.android.gms.ads.dynamite not found.
10-30 02:11:49.032  9750 10449 W DynamiteModule: Local module descriptor class for com.google.android.gms.ads.dynamite not found.
10-30 02:11:49.040  9750 10187 W Ads     : Not retrying to fetch app settings
10-30 02:11:49.147  9750  9750 D DynamitePackage: Instantiating com.google.android.gms.ads.ChimeraAdLoaderBuilderCreatorImpl
10-30 02:11:49.151  9750  9750 I Ads     : Use RequestConfiguration.Builder().setTestDeviceIds(Arrays.asList("E975D60B8B6136BB8437A20FB42B8437") to get test ads on this device.
10-30 02:11:49.170  9750 10187 W DynamiteModule: Local module descriptor class for com.google.android.gms.ads.dynamite not found.
10-30 02:11:49.171  9750 10187 W DynamiteModule: Local module descriptor class for com.google.android.gms.ads.dynamite not found.
10-30 02:11:49.174  9750 10452 E Ads     : Couldn't create RTB adapter : 
10-30 02:11:49.174  9750 10452 E Ads     : android.os.RemoteException
10-30 02:11:49.174  9750 10452 E Ads     : 	at dt8.V1(SourceFile:8)
10-30 02:11:49.174  9750 10452 E Ads     : 	at hp9.onTransact(SourceFile:3)
10-30 02:11:49.174  9750 10452 E Ads     : 	at android.os.Binder.transact(Binder.java:499)
10-30 02:11:49.174  9750 10452 E Ads     : 	at gf.a(:com.google.android.gms.policy_ads_fdr_dynamite@203404601@203404601003.333818716.333818716:2)
10-30 02:11:49.174  9750 10452 E Ads     : 	at com.google.android.gms.ads.internal.mediation.client.b.c(:com.google.android.gms.policy_ads_fdr_dynamite@203404601@203404601003.333818716.333818716:1)
10-30 02:11:49.174  9750 10452 E Ads     : 	at com.google.android.gms.ads.nonagon.signals.dj.a(Unknown Source)
10-30 02:11:49.174  9750 10452 E Ads     : 	at abs.a(:com.google.android.gms.policy_ads_fdr_dynamite@203404601@203404601003.333818716.333818716:0)
10-30 02:11:49.174  9750 10452 E Ads     : 	at abf.run(:com.google.android.gms.policy_ads_fdr_dynamite@203404601@203404601003.333818716.333818716:3)
10-30 02:11:49.174  9750 10452 E Ads     : 	at abu.run(:com.google.android.gms.policy_ads_fdr_dynamite@203404601@203404601003.333818716.333818716:0)
10-30 02:11:49.174  9750 10452 E Ads     : 	at java.util.concurrent.ThreadPoolExecutor.runWorker(ThreadPoolExecutor.java:1133)
10-30 02:11:49.174  9750 10452 E Ads     : 	at java.util.concurrent.ThreadPoolExecutor$Worker.run(ThreadPoolExecutor.java:607)
10-30 02:11:49.174  9750 10452 E Ads     : 	at java.lang.Thread.run(Thread.java:761)
10-30 02:11:49.178  9750 10450 E Ads     : Error calling adapter: com.google.ads.mediation.pangle.PangleMediationAdapter
10-30 02:11:49.191  9750 10221 W DynamiteModule: Local module descriptor class for com.google.android.gms.ads.dynamite not found.
10-30 02:11:49.195  9750 10226 W Ads     : Not retrying to fetch app settings
10-30 02:11:49.266 26403 26415 I art     : Background sticky concurrent mark sweep GC freed 235817(7MB) AllocSpace objects, 56(3MB) LOS objects, 38% free, 19MB/31MB, paused 2.042ms total 144.871ms
10-30 02:11:49.269 26403 10458 W GmsStrictMode: LEAKED_CLOSABLE [CONTEXT service_id=256 ]
10-30 02:11:49.269 26403 10458 W GmsStrictMode: rvo: LEAKED_CLOSABLE
10-30 02:11:49.269 26403 10458 W GmsStrictMode: 	at dalvik.system.VMStack.getThreadStackTrace(Native Method)
10-30 02:11:49.269 26403 10458 W GmsStrictMode: 	at java.lang.Thread.getStackTrace(Thread.java:1566)
10-30 02:11:49.269 26403 10458 W GmsStrictMode: 	at bhdb.containsKey(:com.google.android.gms@203915020@20.39.15 (040406-335085812):1)
10-30 02:11:49.269 26403 10458 W GmsStrictMode: 	at android.os.StrictMode.onVmPolicyViolation(StrictMode.java:1867)
10-30 02:11:49.269 26403 10458 W GmsStrictMode: 	at android.os.StrictMode.onVmPolicyViolation(StrictMode.java:1844)
10-30 02:11:49.269 26403 10458 W GmsStrictMode: 	at android.os.StrictMode$AndroidCloseGuardReporter.report(StrictMode.java:1590)
10-30 02:11:49.269 26403 10458 W GmsStrictMode: 	at dalvik.system.CloseGuard.warnIfOpen(CloseGuard.java:208)
10-30 02:11:49.269 26403 10458 W GmsStrictMode: 	at android.os.ParcelFileDescriptor.finalize(ParcelFileDescriptor.java:935)
10-30 02:11:49.269 26403 10458 W GmsStrictMode: 	at java.lang.Daemons$FinalizerDaemon.doFinalize(Daemons.java:222)
10-30 02:11:49.269 26403 10458 W GmsStrictMode: 	at java.lang.Daemons$FinalizerDaemon.run(Daemons.java:209)
10-30 02:11:49.269 26403 10458 W GmsStrictMode: 	at java.lang.Thread.run(Thread.java:761)
10-30 02:11:49.350 26403 10454 I Ads     : SDK version: afma-sdk-a-v203404999.202510000.1
10-30 02:11:49.352 26403 10454 I Ads     : HTTP timeout: 60000 milliseconds.
10-30 02:11:49.434 26403 10274 I Ads     : SDK version: afma-sdk-a-v203404999.202510000.1
10-30 02:11:49.441 26403 10274 I Ads     : HTTP timeout: 60000 milliseconds.
10-30 02:11:49.494 26403 10457 I Ads     : SDK version: afma-sdk-a-v203404999.202510000.1
10-30 02:11:49.495 26403 10457 I Ads     : HTTP timeout: 60000 milliseconds.
10-30 02:11:49.705  9750 10450 W DynamiteModule: Local module descriptor class for com.google.android.gms.ads.dynamite not found.
10-30 02:11:49.708  9750 10187 I Ads     : Ad failed to load : 3
10-30 02:11:49.735  9750 10451 W DynamiteModule: Local module descriptor class for com.google.android.gms.ads.dynamite not found.
10-30 02:11:49.814  9750  9760 I art     : Background sticky concurrent mark sweep GC freed 13511(871KB) AllocSpace objects, 13(908KB) LOS objects, 5% free, 29MB/31MB, paused 5.394ms total 23.777ms
10-30 02:11:49.969  9750 10349 W DynamiteModule: Local module descriptor class for com.google.android.gms.ads.dynamite not found.
10-30 02:11:50.270  9750  9760 I art     : Background partial concurrent mark sweep GC freed 46449(2MB) AllocSpace objects, 30(3MB) LOS objects, 34% free, 30MB/46MB, paused 2.937ms total 158.931ms
10-30 02:11:50.338   600  9614 D DnsEventListenerService: Logging 100 results for netId 100
10-30 02:11:51.774 10473 10473 D AndroidRuntime: >>>>>> START com.android.internal.os.RuntimeInit uid 2000 <<<<<<
10-30 02:11:51.778 10473 10473 D AndroidRuntime: CheckJNI is OFF
10-30 02:11:51.879 10473 10473 D ICU     : No timezone override file found: /data/misc/zoneinfo/current/icu/icu_tzdata.dat
10-30 02:11:51.938 10473 10473 I Radio-JNI: register_android_hardware_Radio DONE
10-30 02:11:51.957 10473 10473 D AndroidRuntime: Calling main entry com.android.commands.monkey.Monkey
10-30 02:11:52.110   600   613 W BroadcastQueue: Skipping deliver [background] BroadcastRecord{f2425b5 u-1 android.net.conn.CONNECTIVITY_CHANGE} to ReceiverList{4df644a 10473 (unknown name)/2000/u-1 remote:23e89f}: process crashing
10-30 02:11:53.306 10473 10473 D MonkeyStub: translateCommand: wake
10-30 02:12:03.636 10473 10473 D MonkeyStub: translateCommand: touch down 614 1561
10-30 02:12:03.660 10473 10473 D MonkeyStub: translateCommand: touch move 614 1561
10-30 02:12:03.774 10473 10473 D MonkeyStub: translateCommand: touch move 614 1436
10-30 02:12:03.883 10473 10473 D MonkeyStub: translateCommand: touch move 614 1311
10-30 02:12:04.001 10473 10473 D MonkeyStub: translateCommand: touch move 614 1186
10-30 02:12:04.110 10473 10473 D MonkeyStub: translateCommand: touch move 614 1061
10-30 02:12:04.217 10473 10473 D MonkeyStub: translateCommand: touch move 614 937
10-30 02:12:04.327 10473 10473 D MonkeyStub: translateCommand: touch move 614 812
10-30 02:12:04.438 10473 10473 D MonkeyStub: translateCommand: touch move 614 687
10-30 02:12:04.554 10473 10473 D MonkeyStub: translateCommand: touch move 614 562
10-30 02:12:04.666 10473 10473 D MonkeyStub: translateCommand: touch move 614 437
10-30 02:12:04.777 10473 10473 D MonkeyStub: translateCommand: touch move 614 312
10-30 02:12:04.783 10473 10473 D MonkeyStub: translateCommand: touch up 614 312
10-30 02:12:06.910 10473 10473 D MonkeyStub: translateCommand: touch down 614 1561
10-30 02:12:06.920 10473 10473 D MonkeyStub: translateCommand: touch move 614 1561
10-30 02:12:07.035 10473 10473 D MonkeyStub: translateCommand: touch move 614 1436
10-30 02:12:07.148 10473 10473 D MonkeyStub: translateCommand: touch move 614 1311
10-30 02:12:07.270 10473 10473 D MonkeyStub: translateCommand: touch move 614 1186
10-30 02:12:07.395 10473 10473 D MonkeyStub: translateCommand: touch move 614 1061
10-30 02:12:07.503 10473 10473 D MonkeyStub: translateCommand: touch move 614 937
10-30 02:12:07.607 10473 10473 D MonkeyStub: translateCommand: touch move 614 812
10-30 02:12:07.712 10473 10473 D MonkeyStub: translateCommand: touch move 614 687
10-30 02:12:07.830 10473 10473 D MonkeyStub: translateCommand: touch move 614 562
10-30 02:12:07.938 10473 10473 D MonkeyStub: translateCommand: touch move 614 437
10-30 02:12:08.042 10473 10473 D MonkeyStub: translateCommand: touch move 614 312
10-30 02:12:08.054 10473 10473 D MonkeyStub: translateCommand: touch up 614 312
10-30 02:12:08.312 10364 10379 I chromium: [INFO:pipeline_controller.cc(46)] MCHR-300: Starting pipeline, demuxer: FFmpegDemuxer
10-30 02:12:08.325 10364 10383 I chromium: [INFO:ffmpeg_glue.cc(159)] MCHR-300: Container: mov,mp4,m4a,3gp,3g2,mj2
10-30 02:12:08.638  9750  9750 V MediaRouter: Adding route: RouteInfo{ name=Tablet, description=null, status=null, category=RouteCategory{ name=null types=ROUTE_TYPE_LIVE_AUDIO ROUTE_TYPE_LIVE_VIDEO  groupable=false }, supportedTypes=ROUTE_TYPE_LIVE_AUDIO ROUTE_TYPE_LIVE_VIDEO , presentationDisplay=null }
10-30 02:12:08.657  9750  9750 V MediaRouter: Updating audio routes: AudioRoutesInfo{ type=SPEAKER }
10-30 02:12:08.671  9750  9750 V MediaRouter: Selecting route: RouteInfo{ name=Tablet, description=null, status=null, category=RouteCategory{ name=null types=ROUTE_TYPE_LIVE_AUDIO ROUTE_TYPE_LIVE_VIDEO  groupable=false }, supportedTypes=ROUTE_TYPE_LIVE_AUDIO ROUTE_TYPE_LIVE_VIDEO , presentationDisplay=null }
10-30 02:12:08.704  9750  9750 V MediaRouter: Selecting route: RouteInfo{ name=Tablet, description=null, status=null, category=RouteCategory{ name=null types=ROUTE_TYPE_LIVE_AUDIO ROUTE_TYPE_LIVE_VIDEO  groupable=false }, supportedTypes=ROUTE_TYPE_LIVE_AUDIO ROUTE_TYPE_LIVE_VIDEO , presentationDisplay=null }
10-30 02:12:08.750 26403 29550 I CastDatabase: Opening the database
10-30 02:12:08.784   600   647 I WifiHAL : Got channel list with 13 channels
10-30 02:12:08.784 26403 26403 I DiscoveryManager: WifiGuestModeDeviceScanner enabled.
10-30 02:12:08.784   600   647 I WifiHAL : Got channel list with 4 channels
10-30 02:12:08.785   600   647 I WifiHAL : Got channel list with 15 channels
10-30 02:12:08.802 26403 29550 I SQLiteCastStore: 2 CastNetworkInfo instances loaded, 1 CastDeviceInfo instances loaded, 0 paired guest mode devices loaded.
10-30 02:12:08.802 26403 29550 I DiscoveryManager: Filter criteria(D38CB0C5) scannerFlags(0)
10-30 02:12:08.804 26403 29550 I CastDatabase: CastDeviceInfo created: V_89683e2b-cf63-4642-b70f-b154972279c8
10-30 02:12:08.804 26403 29550 W GuestModeDeviceProber: setFilterCriteria
10-30 02:12:08.815 26403 29550 E DeviceScanner: [BLE] Failed to start scan because the Bluetooth is disabled.
10-30 02:12:08.816 26403 29550 W DatabaseProcessor: processLocalDevices: failed to get the network info with non-null bssid.
10-30 02:12:08.818 26403 29550 W DatabaseProcessor: processLocalDevices: failed to get the network info with non-null bssid.
10-30 02:12:08.826 26403 29550 E DeviceScanner: [BLE] Failed to start scan because the Bluetooth is disabled.
10-30 02:12:08.826 26403 29550 W DatabaseProcessor: processLocalDevices: failed to get the network info with non-null bssid.
10-30 02:12:08.830 26403 29550 W DatabaseProcessor: processLocalDevices: failed to get the network info with non-null bssid.
10-30 02:12:11.136 10473 10473 D MonkeyStub: translateCommand: touch down 614 312
10-30 02:12:11.146 10473 10473 D MonkeyStub: translateCommand: touch move 614 312
10-30 02:12:11.311 10473 10473 D MonkeyStub: translateCommand: touch move 614 437
10-30 02:12:11.497 10473 10473 D MonkeyStub: translateCommand: touch move 614 562
10-30 02:12:11.689 10473 10473 D MonkeyStub: translateCommand: touch move 614 687
10-30 02:12:11.819 26403 29550 W AdaptiveDiscoveryWorker: Exiting Adaptive Discovery. Current NetworkInfo is NULL.
10-30 02:12:11.859 10473 10473 D MonkeyStub: translateCommand: touch move 614 812
10-30 02:12:12.063 26403 29550 W DatabaseProcessor: processLocalDevices: failed to get the network info with non-null bssid.
10-30 02:12:12.155 10473 10473 D MonkeyStub: translateCommand: touch move 614 937
10-30 02:12:12.263 10473 10473 D MonkeyStub: translateCommand: touch move 614 1061
10-30 02:12:12.371 10473 10473 D MonkeyStub: translateCommand: touch move 614 1186
10-30 02:12:12.505 10473 10473 D MonkeyStub: translateCommand: touch move 614 1311
10-30 02:12:12.611 10473 10473 D MonkeyStub: translateCommand: touch move 614 1436
10-30 02:12:12.725 10473 10473 D MonkeyStub: translateCommand: touch move 614 1561
10-30 02:12:12.729 10473 10473 D MonkeyStub: translateCommand: touch up 614 1561
10-30 02:12:12.753 10473 10473 D MonkeyStub: translateCommand: touch down 614 312
10-30 02:12:12.761 10473 10473 D MonkeyStub: translateCommand: touch move 614 312
10-30 02:12:12.872 10473 10473 D MonkeyStub: translateCommand: touch move 614 437
10-30 02:12:12.982 10473 10473 D MonkeyStub: translateCommand: touch move 614 562
10-30 02:12:13.093 10473 10473 D MonkeyStub: translateCommand: touch move 614 687
10-30 02:12:13.204 10473 10473 D MonkeyStub: translateCommand: touch move 614 812
10-30 02:12:13.324 10473 10473 D MonkeyStub: translateCommand: touch move 614 937
10-30 02:12:13.434 10473 10473 D MonkeyStub: translateCommand: touch move 614 1061
10-30 02:12:13.543 10473 10473 D MonkeyStub: translateCommand: touch move 614 1186
10-30 02:12:13.650 10473 10473 D MonkeyStub: translateCommand: touch move 614 1311
10-30 02:12:13.760 10473 10473 D MonkeyStub: translateCommand: touch move 614 1436
10-30 02:12:13.865 10473 10473 D MonkeyStub: translateCommand: touch move 614 1561
10-30 02:12:13.870 10473 10473 D MonkeyStub: translateCommand: touch up 614 1561
10-30 02:12:18.973 10473 10473 D MonkeyStub: translateCommand: tap 724 439
10-30 02:12:19.604   600  3507 E JavaBinder: !!! FAILED BINDER TRANSACTION !!!  (parcel size = 0)
10-30 02:12:19.617   600  1082 I ActivityManager: Process com.google.android.partnersetup (pid 29112) has died
10-30 02:12:19.626   600  1082 D ActivityManager: cleanUpApplicationRecord -- 29112
10-30 02:12:19.636   600  9614 I ActivityManager: Process com.android.defcontainer (pid 7068) has died
10-30 02:12:19.636   600  9614 D ActivityManager: cleanUpApplicationRecord -- 7068
10-30 02:12:19.657   198   198 E SELinux : avc:  denied  { find } for service=netd pid=10570 uid=2000 scontext=u:r:shell:s0 tcontext=u:object_r:netd_service:s0 tclass=service_manager permissive=0
10-30 02:12:19.682   198   198 E SELinux : avc:  denied  { find } for service=android.service.gatekeeper.IGateKeeperService pid=10570 uid=2000 scontext=u:r:shell:s0 tcontext=u:object_r:gatekeeper_service:s0 tclass=service_manager permissive=0
10-30 02:12:20.304 10364 10379 I chromium: [INFO:pipeline_controller.cc(355)] MCHR-300: Pipeline stopped.
10-30 02:12:20.325 26403 29550 I DiscoveryManager: Filter criteria(null) scannerFlags(0)
10-30 02:12:20.328 26403 29550 W GuestModeDeviceProber: setFilterCriteria
10-30 02:12:20.410  9750  9755 I art     : Do full code cache collection, code=222KB, data=252KB
10-30 02:12:20.413  9750  9755 I art     : Starting a blocking GC JitCodeCache
10-30 02:12:20.413  9750  9755 I art     : After code cache collection, code=165KB, data=149KB
10-30 02:12:27.048 10473 10473 D MonkeyStub: translateCommand: touch down 614 1561
10-30 02:12:27.069 10473 10473 D MonkeyStub: translateCommand: touch move 614 1561
10-30 02:12:27.177 10473 10473 D MonkeyStub: translateCommand: touch move 614 1436
10-30 02:12:27.291 10473 10473 D MonkeyStub: translateCommand: touch move 614 1311
10-30 02:12:27.401 10473 10473 D MonkeyStub: translateCommand: touch move 614 1186
10-30 02:12:27.515 10473 10473 D MonkeyStub: translateCommand: touch move 614 1061
10-30 02:12:27.629 10473 10473 D MonkeyStub: translateCommand: touch move 614 937
10-30 02:12:27.741 10473 10473 D MonkeyStub: translateCommand: touch move 614 812
10-30 02:12:27.851 10473 10473 D MonkeyStub: translateCommand: touch move 614 687
10-30 02:12:27.970 10473 10473 D MonkeyStub: translateCommand: touch move 614 562
10-30 02:12:28.084 10473 10473 D MonkeyStub: translateCommand: touch move 614 437
10-30 02:12:28.196 10473 10473 D MonkeyStub: translateCommand: touch move 614 312
10-30 02:12:28.206 10473 10473 D MonkeyStub: translateCommand: touch up 614 312
10-30 02:12:28.229 10473 10473 D MonkeyStub: translateCommand: touch down 614 1561
10-30 02:12:28.237 10473 10473 D MonkeyStub: translateCommand: touch move 614 1561
10-30 02:12:28.347 10473 10473 D MonkeyStub: translateCommand: touch move 614 1436
10-30 02:12:28.461 10473 10473 D MonkeyStub: translateCommand: touch move 614 1311
10-30 02:12:28.577 10473 10473 D MonkeyStub: translateCommand: touch move 614 1186
10-30 02:12:28.687 10473 10473 D MonkeyStub: translateCommand: touch move 614 1061
10-30 02:12:28.802 10473 10473 D MonkeyStub: translateCommand: touch move 614 937
10-30 02:12:28.911 10473 10473 D MonkeyStub: translateCommand: touch move 614 812
10-30 02:12:29.024 10473 10473 D MonkeyStub: translateCommand: touch move 614 687
10-30 02:12:29.132 10473 10473 D MonkeyStub: translateCommand: touch move 614 562
10-30 02:12:29.244 10473 10473 D MonkeyStub: translateCommand: touch move 614 437
10-30 02:12:29.354 10473 10473 D MonkeyStub: translateCommand: touch move 614 312
10-30 02:12:29.359 10473 10473 D MonkeyStub: translateCommand: touch up 614 312
10-30 02:12:29.728   600 13631 I ActivityManager: Process com.android.documentsui (pid 7083) has died
10-30 02:12:29.728   600 13631 D ActivityManager: cleanUpApplicationRecord -- 7083
10-30 02:12:34.562 10473 10473 D MonkeyStub: Quit requested
10-30 02:12:34.749   600   614 I CwMcuSensor: CwMcuSensor::flush: fd = 241, sensors_id = 0, path = /sys/class/htc_sensorhub/sensor_hub/flush, err = 0
10-30 02:12:34.761 10473 10473 I art     : System.exit called, status: 80
10-30 02:12:34.765 10473 10473 I AndroidRuntime: VM exiting with result code 80.
10-30 02:12:34.830   600  1081 W WindowManager: Attempted to remove non-existing token: android.os.Binder@ee86fbb
10-30 02:12:50.887 10610 10610 D AndroidRuntime: >>>>>> START com.android.internal.os.RuntimeInit uid 2000 <<<<<<
10-30 02:12:50.903 10610 10610 D AndroidRuntime: CheckJNI is OFF
10-30 02:12:51.094 10610 10610 D ICU     : No timezone override file found: /data/misc/zoneinfo/current/icu/icu_tzdata.dat
10-30 02:12:51.167 10610 10610 I Radio-JNI: register_android_hardware_Radio DONE
10-30 02:12:51.201 10610 10610 D AndroidRuntime: Calling main entry com.android.commands.am.Am
10-30 02:12:51.218   600 13631 I ActivityManager: Force stopping com.opera.browser appid=10122 user=0: from pid 10610
10-30 02:12:51.220   600 13631 I ActivityManager: Killing 9892:com.opera.browser:privileged_process0/u0a122 (adj 0): stop com.opera.browser
10-30 02:12:51.220   600 13631 D ActivityManager: cleanUpApplicationRecord -- 9892
10-30 02:12:51.220   600 13631 W ActivityManager: Scheduling restart of crashed service com.opera.browser/com.opera.android.browser.chromium.services.PrivilegedProcessService0 in 1000ms
10-30 02:12:51.224   600 13631 I ActivityManager: Killing 9750:com.opera.browser/u0a122 (adj 0): stop com.opera.browser
10-30 02:12:51.226   600 13631 D ActivityManager: cleanUpApplicationRecord -- 9750
10-30 02:12:51.228   600 13631 W ActivityManager: Force removing ActivityRecord{1ec5063 u0 com.opera.browser/com.opera.android.BrowserActivity t1458}: app died, no saved state
10-30 02:12:51.274   600 13631 I ActivityManager: Killing 10364:com.opera.browser:sandboxed_process0/u0a122 (adj 0): stop com.opera.browser
10-30 02:12:51.274   600 13631 D ActivityManager: cleanUpApplicationRecord -- 10364
10-30 02:12:51.280 10610 10610 D AndroidRuntime: Shutting down VM
10-30 02:12:51.350   600   612 W ProcessCpuTracker: Skipping unknown process pid 10610
10-30 02:12:51.435  1061  1061 W ResourceType: ResTable_typeSpec entry count inconsistent: given 67, previously 69
10-30 02:12:51.436  1061  1061 W ResourceType: ResTable_typeSpec entry count inconsistent: given 5346, previously 5347
10-30 02:12:51.483  1084  1171 I OpenGLRenderer: Initialized EGL, version 1.4
10-30 02:12:51.486  1084  1171 D OpenGLRenderer: Swap behavior 2
10-30 02:12:51.526   600  2707 E JavaBinder: !!! FAILED BINDER TRANSACTION !!!  (parcel size = 104)
10-30 02:12:51.540   600  2707 W InputMethodManagerService: Got RemoteException sending setActive(false) notification to pid 9750 uid 10122
10-30 02:12:51.540   600  2707 E JavaBinder: !!! FAILED BINDER TRANSACTION !!!  (parcel size = 108)
10-30 02:12:51.690  1061  1061 D RegisteredNfcFServicesCache: Service unchanged, not updating
10-30 02:12:51.839 14788 14799 I AttachedClient: Adding client event 2 to pending list.
10-30 02:12:51.850 14788 14788 I OptInState: There is a new client and it does not support opt-in. Dropping request.
10-30 02:12:51.853 14788 14788 I MicroDetectionWorker: Micro detection mode: [mDetectionMode: [1]].
10-30 02:12:51.914 14788 10625 I MicroRecognitionRunner: Starting detection.
10-30 02:12:51.915 14788 28912 I MicrophoneInputStream: mic_starting com.google.android.apps.gsa.speech.audio.ae@e185492
10-30 02:12:51.941   238 10627 I AudioFlinger: AudioFlinger's thread 0xef692c40 ready to run
10-30 02:12:51.952   238   285 I SoundTriggerHwService::Module: void android::SoundTriggerHwService::Module::onCallbackEvent(const sp<android::SoundTriggerHwService::CallbackEvent> &) mClient == 0
10-30 02:12:51.956 14788 28912 I MicrophoneInputStream: mic_started com.google.android.apps.gsa.speech.audio.ae@e185492
10-30 02:12:51.987 10620 10620 D AndroidRuntime: >>>>>> START com.android.internal.os.RuntimeInit uid 2000 <<<<<<
10-30 02:12:51.997 10620 10620 D AndroidRuntime: CheckJNI is OFF
10-30 02:12:52.060  1084  1171 W OpenGLRenderer: Incorrectly called buildLayer on View: ShortcutAndWidgetContainer, destroying layer...
10-30 02:12:52.105 10620 10620 D ICU     : No timezone override file found: /data/misc/zoneinfo/current/icu/icu_tzdata.dat
10-30 02:12:52.134 14788 14788 I MicroDetectionWorker: onReady
10-30 02:12:52.145   600 17381 D ConnectivityService: ConnectivityService NetworkRequestInfo binderDied(NetworkRequest [ LISTEN id=565, [ Capabilities: INTERNET&NOT_RESTRICTED&TRUSTED&FOREGROUND] ], android.os.BinderProxy@2225162)
10-30 02:12:52.145   600  7064 D ConnectivityService: ConnectivityService NetworkRequestInfo binderDied(NetworkRequest [ LISTEN id=564, [ Capabilities: INTERNET&NOT_RESTRICTED&TRUSTED&FOREGROUND] ], android.os.BinderProxy@134b2f3)
10-30 02:12:52.145   600  7064 D GraphicsStats: Buffer count: 2
10-30 02:12:52.145   600  7064 D ConnectivityService: ConnectivityService NetworkRequestInfo binderDied(NetworkRequest [ LISTEN id=563, [ Capabilities: INTERNET&NOT_RESTRICTED&TRUSTED&FOREGROUND] ], android.os.BinderProxy@ce86bb0)
10-30 02:12:52.153   600   649 E ConnectivityService: RemoteException caught trying to send a callback msg for NetworkRequest [ LISTEN id=565, [ Capabilities: INTERNET&NOT_RESTRICTED&TRUSTED&FOREGROUND] ]
10-30 02:12:52.154   600   649 E ConnectivityService: RemoteException caught trying to send a callback msg for NetworkRequest [ LISTEN id=564, [ Capabilities: INTERNET&NOT_RESTRICTED&TRUSTED&FOREGROUND] ]
10-30 02:12:52.154   600   649 E ConnectivityService: RemoteException caught trying to send a callback msg for NetworkRequest [ LISTEN id=563, [ Capabilities: INTERNET&NOT_RESTRICTED&TRUSTED&FOREGROUND] ]
10-30 02:12:52.155 10620 10620 I Radio-JNI: register_android_hardware_Radio DONE
10-30 02:12:52.172 10620 10620 D AndroidRuntime: Calling main entry com.android.commands.pm.Pm
10-30 02:12:52.193   600  1080 I ActivityManager: Force stopping com.opera.browser appid=10122 user=0: clear data
10-30 02:12:52.205   600   613 I ActivityManager: Force stopping com.opera.browser appid=10122 user=-1: clearApplicationUserData
10-30 02:12:52.533   600   625 I ActivityManager: Start proc 10636:com.android.defcontainer/u0a4 for service com.android.defcontainer/.DefaultContainerService
10-30 02:12:52.604  1061  1061 D RegisteredNfcFServicesCache: Service unchanged, not updating
10-30 02:12:52.606   787   787 I GeofencerStateMachine: removeGeofences: removeRequest=RemoveGeofencingRequest[REMOVE_ALL packageName=com.opera.browser]
10-30 02:12:52.608 10620 10620 I art     : System.exit called, status: 0
10-30 02:12:52.608 10620 10620 I AndroidRuntime: VM exiting with result code 0.
10-30 02:12:52.621   600   612 W ResourceType: No known package when getting value for resource number 0x7f100007
10-30 02:12:52.621   600   612 W ResourceType: No known package when getting value for resource number 0x7f13090c
10-30 02:12:52.626   600   612 W ResourceType: No known package when getting value for resource number 0x7f100005
10-30 02:12:52.626   600   612 W ResourceType: No known package when getting value for resource number 0x7f13090a
10-30 02:12:52.626   600   612 W ResourceType: No known package when getting value for resource number 0x7f100004
10-30 02:12:52.626   600   612 W ResourceType: No known package when getting value for resource number 0x7f130909
10-30 02:12:52.626   600   612 W ResourceType: No known package when getting value for resource number 0x7f100006
10-30 02:12:52.626   600   612 W ResourceType: No known package when getting value for resource number 0x7f13090b
10-30 02:12:52.834   600  6312 I ActivityManager: Start proc 10655:com.android.documentsui/u0a40 for broadcast com.android.documentsui/.PackageReceiver
10-30 02:12:52.870 10655 10655 I art     : Starting a blocking GC AddRemoveAppImageSpace
10-30 02:12:52.872 10655 10655 W System  : ClassLoader referenced unknown path: /system/priv-app/DocumentsUI/lib/arm64
10-30 02:12:52.974   787 10672 I Fitness : FitCleanupIntentOperation received Intent android.intent.action.PACKAGE_DATA_CLEARED [CONTEXT service_id=17 ]
10-30 02:12:53.011 26403 29550 I Icing   : doRemovePackageData com.opera.browser
10-30 02:12:53.147 26403 10270 W GmsStrictMode: LEAKED_CLOSABLE [CONTEXT service_id=256 ]
10-30 02:12:53.147 26403 10270 W GmsStrictMode: rvo: LEAKED_CLOSABLE
10-30 02:12:53.147 26403 10270 W GmsStrictMode: 	at dalvik.system.VMStack.getThreadStackTrace(Native Method)
10-30 02:12:53.147 26403 10270 W GmsStrictMode: 	at java.lang.Thread.getStackTrace(Thread.java:1566)
10-30 02:12:53.147 26403 10270 W GmsStrictMode: 	at bhdb.containsKey(:com.google.android.gms@203915020@20.39.15 (040406-335085812):1)
10-30 02:12:53.147 26403 10270 W GmsStrictMode: 	at android.os.StrictMode.onVmPolicyViolation(StrictMode.java:1867)
10-30 02:12:53.147 26403 10270 W GmsStrictMode: 	at android.os.StrictMode.onVmPolicyViolation(StrictMode.java:1844)
10-30 02:12:53.147 26403 10270 W GmsStrictMode: 	at android.os.StrictMode$AndroidCloseGuardReporter.report(StrictMode.java:1590)
10-30 02:12:53.147 26403 10270 W GmsStrictMode: 	at dalvik.system.CloseGuard.warnIfOpen(CloseGuard.java:208)
10-30 02:12:53.147 26403 10270 W GmsStrictMode: 	at android.os.ParcelFileDescriptor.finalize(ParcelFileDescriptor.java:935)
10-30 02:12:53.147 26403 10270 W GmsStrictMode: 	at java.lang.Daemons$FinalizerDaemon.doFinalize(Daemons.java:222)
10-30 02:12:53.147 26403 10270 W GmsStrictMode: 	at java.lang.Daemons$FinalizerDaemon.run(Daemons.java:209)
10-30 02:12:53.147 26403 10270 W GmsStrictMode: 	at java.lang.Thread.run(Thread.java:761)
10-30 02:12:56.481 26403 10270 W GmsStrictMode: LEAKED_CLOSABLE [CONTEXT service_id=256 ]
10-30 02:12:56.481 26403 10270 W GmsStrictMode: rvo: LEAKED_CLOSABLE
10-30 02:12:56.481 26403 10270 W GmsStrictMode: 	at dalvik.system.VMStack.getThreadStackTrace(Native Method)
10-30 02:12:56.481 26403 10270 W GmsStrictMode: 	at java.lang.Thread.getStackTrace(Thread.java:1566)
10-30 02:12:56.481 26403 10270 W GmsStrictMode: 	at bhdb.containsKey(:com.google.android.gms@203915020@20.39.15 (040406-335085812):1)
10-30 02:12:56.481 26403 10270 W GmsStrictMode: 	at android.os.StrictMode.onVmPolicyViolation(StrictMode.java:1867)
10-30 02:12:56.481 26403 10270 W GmsStrictMode: 	at android.os.StrictMode.onVmPolicyViolation(StrictMode.java:1844)
10-30 02:12:56.481 26403 10270 W GmsStrictMode: 	at android.os.StrictMode$AndroidCloseGuardReporter.report(StrictMode.java:1590)
10-30 02:12:56.481 26403 10270 W GmsStrictMode: 	at dalvik.system.CloseGuard.warnIfOpen(CloseGuard.java:208)
10-30 02:12:56.481 26403 10270 W GmsStrictMode: 	at android.os.ParcelFileDescriptor.finalize(ParcelFileDescriptor.java:935)
10-30 02:12:56.481 26403 10270 W GmsStrictMode: 	at java.lang.Daemons$FinalizerDaemon.doFinalize(Daemons.java:222)
10-30 02:12:56.481 26403 10270 W GmsStrictMode: 	at java.lang.Daemons$FinalizerDaemon.run(Daemons.java:209)
10-30 02:12:56.481 26403 10270 W GmsStrictMode: 	at java.lang.Thread.run(Thread.java:761)
10-30 02:12:56.482 26403 10270 W GmsStrictMode: LEAKED_CLOSABLE [CONTEXT service_id=256 ]
10-30 02:12:56.482 26403 10270 W GmsStrictMode: rvo: LEAKED_CLOSABLE
10-30 02:12:56.482 26403 10270 W GmsStrictMode: 	at dalvik.system.VMStack.getThreadStackTrace(Native Method)
10-30 02:12:56.482 26403 10270 W GmsStrictMode: 	at java.lang.Thread.getStackTrace(Thread.java:1566)
10-30 02:12:56.482 26403 10270 W GmsStrictMode: 	at bhdb.containsKey(:com.google.android.gms@203915020@20.39.15 (040406-335085812):1)
10-30 02:12:56.482 26403 10270 W GmsStrictMode: 	at android.os.StrictMode.onVmPolicyViolation(StrictMode.java:1867)
10-30 02:12:56.482 26403 10270 W GmsStrictMode: 	at android.os.StrictMode.onVmPolicyViolation(StrictMode.java:1844)
10-30 02:12:56.482 26403 10270 W GmsStrictMode: 	at android.os.StrictMode$AndroidCloseGuardReporter.report(StrictMode.java:1590)
10-30 02:12:56.482 26403 10270 W GmsStrictMode: 	at dalvik.system.CloseGuard.warnIfOpen(CloseGuard.java:208)
10-30 02:12:56.482 26403 10270 W GmsStrictMode: 	at android.os.ParcelFileDescriptor.finalize(ParcelFileDescriptor.java:935)
10-30 02:12:56.482 26403 10270 W GmsStrictMode: 	at java.lang.Daemons$FinalizerDaemon.doFinalize(Daemons.java:222)
10-30 02:12:56.482 26403 10270 W GmsStrictMode: 	at java.lang.Daemons$FinalizerDaemon.run(Daemons.java:209)
10-30 02:12:56.482 26403 10270 W GmsStrictMode: 	at java.lang.Thread.run(Thread.java:761)
