--------- beginning of main
10-29 17:12:52.787 14039 14039 D AndroidRuntime: >>>>>> START com.android.internal.os.RuntimeInit uid 2000 <<<<<<
10-29 17:12:52.790 14039 14039 D AndroidRuntime: CheckJNI is OFF
10-29 17:12:52.856 14039 14039 D ICU     : No timezone override file found: /data/misc/zoneinfo/current/icu/icu_tzdata.dat
10-29 17:12:52.884 14039 14039 I Radio-JNI: register_android_hardware_Radio DONE
10-29 17:12:52.898 14039 14039 D AndroidRuntime: Calling main entry com.android.commands.am.Am
--------- beginning of system
10-29 17:12:52.915   600  1081 I ActivityManager: Force stopping com.opera.browser appid=10122 user=0: from pid 14039
10-29 17:12:52.927  1061  1061 D RegisteredNfcFServicesCache: Service unchanged, not updating
10-29 17:12:53.173   600  3675 I ActivityManager: START u0 {act=android.intent.action.VIEW flg=0x10008000 cmp=com.opera.browser/com.opera.Opera} from uid 2000 on display 0
10-29 17:12:53.203 14039 14039 D AndroidRuntime: Shutting down VM
10-29 17:12:53.233   600 24515 I ActivityManager: Start proc 14049:com.opera.browser/u0a122 for activity com.opera.browser/com.opera.Opera
10-29 17:12:53.236 14039 14039 W art     : Suspending all threads took: 6.914ms
10-29 17:12:53.320 14049 14049 I art     : Starting a blocking GC AddRemoveAppImageSpace
10-29 17:12:53.349 14049 14049 I LoadedApk: No resource references to update in package com.opera.browser.nord_vpn
10-29 17:12:53.454 14049 14049 I art     : Rejecting re-init on previously-failed class java.lang.Class<com.opera.android.job.a$j>: java.lang.NoClassDefFoundError: Failed resolution of: Landroid/app/job/JobServiceEngine;
10-29 17:12:53.454 14049 14049 I art     :   at void com.opera.android.OperaApplication.onCreate() (SourceFile:52)
10-29 17:12:53.454 14049 14049 I art     :   at void android.app.Instrumentation.callApplicationOnCreate(android.app.Application) (Instrumentation.java:1024)
10-29 17:12:53.454 14049 14049 I art     :   at void android.app.ActivityThread.handleBindApplication(android.app.ActivityThread$AppBindData) (ActivityThread.java:5403)
10-29 17:12:53.454 14049 14049 I art     :   at void android.app.ActivityThread.-wrap2(android.app.ActivityThread, android.app.ActivityThread$AppBindData) (ActivityThread.java:-1)
10-29 17:12:53.454 14049 14049 I art     :   at void android.app.ActivityThread$H.handleMessage(android.os.Message) (ActivityThread.java:1545)
10-29 17:12:53.454 14049 14049 I art     :   at void android.os.Handler.dispatchMessage(android.os.Message) (Handler.java:102)
10-29 17:12:53.454 14049 14049 I art     :   at void android.os.Looper.loop() (Looper.java:154)
10-29 17:12:53.454 14049 14049 I art     :   at void android.app.ActivityThread.main(java.lang.String[]) (ActivityThread.java:6119)
10-29 17:12:53.454 14049 14049 I art     :   at java.lang.Object java.lang.reflect.Method.invoke!(java.lang.Object, java.lang.Object[]) (Method.java:-2)
10-29 17:12:53.454 14049 14049 I art     :   at void com.android.internal.os.ZygoteInit$MethodAndArgsCaller.run() (ZygoteInit.java:886)
10-29 17:12:53.454 14049 14049 I art     :   at void com.android.internal.os.ZygoteInit.main(java.lang.String[]) (ZygoteInit.java:776)
10-29 17:12:53.454 14049 14049 I art     : Caused by: java.lang.ClassNotFoundException: Didn't find class "android.app.job.JobServiceEngine" on path: DexPathList[[zip file "/data/app/com.opera.browser-1/base.apk"],nativeLibraryDirectories=[/data/app/com.opera.browser-1/lib/arm, /data/app/com.opera.browser-1/base.apk!/lib/armeabi-v7a, /system/lib, /vendor/lib]]
10-29 17:12:53.454 14049 14049 I art     :   at java.lang.Class dalvik.system.BaseDexClassLoader.findClass(java.lang.String) (BaseDexClassLoader.java:56)
10-29 17:12:53.454 14049 14049 I art     :   at java.lang.Class java.lang.ClassLoader.loadClass(java.lang.String, boolean) (ClassLoader.java:380)
10-29 17:12:53.454 14049 14049 I art     :   at java.lang.Class java.lang.ClassLoader.loadClass(java.lang.String) (ClassLoader.java:312)
10-29 17:12:53.454 14049 14049 I art     :   at void com.opera.android.OperaApplication.onCreate() (SourceFile:52)
10-29 17:12:53.454 14049 14049 I art     :   at void android.app.Instrumentation.callApplicationOnCreate(android.app.Application) (Instrumentation.java:1024)
10-29 17:12:53.454 14049 14049 I art     :   at void android.app.ActivityThread.handleBindApplication(android.app.ActivityThread$AppBindData) (ActivityThread.java:5403)
10-29 17:12:53.454 14049 14049 I art     :   at void android.app.ActivityThread.-wrap2(android.app.ActivityThread, android.app.ActivityThread$AppBindData) (ActivityThread.java:-1)
10-29 17:12:53.454 14049 14049 I art     :   at void android.app.ActivityThread$H.handleMessage(android.os.Message) (ActivityThread.java:1545)
10-29 17:12:53.454 14049 14049 I art     :   at void android.os.Handler.dispatchMessage(android.os.Message) (Handler.java:102)
10-29 17:12:53.454 14049 14049 I art     :   at void android.os.Looper.loop() (Looper.java:154)
10-29 17:12:53.454 14049 14049 I art     :   at void android.app.ActivityThread.main(java.lang.String[]) (ActivityThread.java:6119)
10-29 17:12:53.454 14049 14049 I art     :   at java.lang.Object java.lang.reflect.Method.invoke!(java.lang.Object, java.lang.Object[]) (Method.java:-2)
10-29 17:12:53.454 14049 14049 I art     :   at void com.android.internal.os.ZygoteInit$MethodAndArgsCaller.run() (ZygoteInit.java:886)
10-29 17:12:53.454 14049 14049 I art     :   at void com.android.internal.os.ZygoteInit.main(java.lang.String[]) (ZygoteInit.java:776)
10-29 17:12:53.454 14049 14049 I art     : 
10-29 17:12:53.478 14049 14059 I art     : Background sticky concurrent mark sweep GC freed 8282(444KB) AllocSpace objects, 2(40KB) LOS objects, 18% free, 3MB/4MB, paused 8.325ms total 84.096ms
10-29 17:12:53.526 14049 14099 D NetworkSecurityConfig: Using Network Security Config from resource network_security_config_official_build debugBuild: false
10-29 17:12:53.599 14049 14059 I art     : Background partial concurrent mark sweep GC freed 10231(531KB) AllocSpace objects, 8(160KB) LOS objects, 39% free, 4MB/7MB, paused 6.138ms total 59.879ms
10-29 17:12:53.704   600   707 I ActivityManager: START u0 {act=android.intent.action.VIEW flg=0x10008000 cmp=com.opera.browser/com.opera.android.startup.WelcomeActivity} from uid 10122 on display 0
10-29 17:12:53.752   600  3994 W ActivityManager: Duplicate finish request for ActivityRecord{65f5b30 u0 com.opera.browser/com.opera.Opera t1211 f}
10-29 17:12:54.068   600   609 I art     : Background partial concurrent mark sweep GC freed 82857(3MB) AllocSpace objects, 26(676KB) LOS objects, 33% free, 15MB/22MB, paused 1.816ms total 243.947ms
10-29 17:12:54.114 14049 14059 I art     : Background sticky concurrent mark sweep GC freed 47625(3MB) AllocSpace objects, 11(220KB) LOS objects, 21% free, 5MB/7MB, paused 1.729ms total 204.603ms
10-29 17:12:54.150 14049 14101 I FA      : App measurement initialized, version: 43042
10-29 17:12:54.150 14049 14101 I FA      : To enable debug logging run: adb shell setprop log.tag.FA VERBOSE
10-29 17:12:54.154 14049 14101 I FA      : To enable faster debug mode event logging run:
10-29 17:12:54.154 14049 14101 I FA      :   adb shell setprop debug.firebase.analytics.app com.opera.browser
10-29 17:12:54.182 14049 14159 I OpenGLRenderer: Initialized EGL, version 1.4
10-29 17:12:54.182 14049 14159 D OpenGLRenderer: Swap behavior 2
10-29 17:12:54.360 14049 14101 I FA      : Tag Manager is not found and thus will not be used
10-29 17:12:54.387   600   620 I ActivityManager: Displayed com.opera.browser/com.opera.android.startup.WelcomeActivity: +620ms (total +1s181ms)
10-29 17:12:54.504   600  1081 I ActivityManager: Start proc 14186:com.opera.browser:privileged_process0/u0a122 for service com.opera.browser/com.opera.android.browser.chromium.services.PrivilegedProcessService0
10-29 17:12:54.513 14049 14174 W chromium: [WARNING:op_site_scripts.cc(424)] Failed to map /data/user/0/com.opera.browser/app_opera/sjs
10-29 17:12:54.569   600   620 W WindowManager: Failed looking up window
10-29 17:12:54.569   600   620 W WindowManager: java.lang.IllegalArgumentException: Requested window android.view.ViewRootImpl$W@56a1ee1 does not exist
10-29 17:12:54.569   600   620 W WindowManager: 	at com.android.server.wm.WindowManagerService.windowForClientLocked(WindowManagerService.java:9422)
10-29 17:12:54.569   600   620 W WindowManager: 	at com.android.server.wm.WindowManagerService.windowForClientLocked(WindowManagerService.java:9413)
10-29 17:12:54.569   600   620 W WindowManager: 	at com.android.server.wm.WindowManagerService.removeWindow(WindowManagerService.java:2393)
10-29 17:12:54.569   600   620 W WindowManager: 	at com.android.server.wm.Session.remove(Session.java:202)
10-29 17:12:54.569   600   620 W WindowManager: 	at android.view.ViewRootImpl.dispatchDetachedFromWindow(ViewRootImpl.java:3290)
10-29 17:12:54.569   600   620 W WindowManager: 	at android.view.ViewRootImpl.doDie(ViewRootImpl.java:5917)
10-29 17:12:54.569   600   620 W WindowManager: 	at android.view.ViewRootImpl$ViewRootHandler.handleMessage(ViewRootImpl.java:3626)
10-29 17:12:54.569   600   620 W WindowManager: 	at android.os.Handler.dispatchMessage(Handler.java:102)
10-29 17:12:54.569   600   620 W WindowManager: 	at android.os.Looper.loop(Looper.java:154)
10-29 17:12:54.569   600   620 W WindowManager: 	at android.os.HandlerThread.run(HandlerThread.java:61)
10-29 17:12:54.569   600   620 W WindowManager: 	at com.android.server.ServiceThread.run(ServiceThread.java:46)
10-29 17:12:54.581 14186 14186 I art     : Starting a blocking GC AddRemoveAppImageSpace
10-29 17:12:54.613 14186 14186 I LoadedApk: No resource references to update in package com.opera.browser.nord_vpn
10-29 17:12:54.683 14049 14059 W art     : Suspending all threads took: 29.337ms
10-29 17:12:54.691 14049 14059 I art     : Background sticky concurrent mark sweep GC freed 3597(375KB) AllocSpace objects, 11(220KB) LOS objects, 11% free, 6MB/7MB, paused 30.466ms total 65.463ms
10-29 17:12:54.714 14186 14206 E libEGL  : validate_display:99 error 3008 (EGL_BAD_DISPLAY)
10-29 17:12:54.917   600  3509 D DnsEventListenerService: Logging 100 results for netId 100
10-29 17:12:54.921 14186 14206 E libEGL  : validate_display:99 error 3008 (EGL_BAD_DISPLAY)
10-29 17:12:54.957 11382 11382 I MemoryTrimmer: Trimming objects from memory, since app is in the background.
10-29 17:12:54.993  1084  1084 I MemoryTrimmer: Trimming objects from memory, since app is in the background.
10-29 17:12:54.995 11382 13924 I DeviceStateChecker: DeviceStateChecker cancelled
10-29 17:12:54.996 11382 11382 I MicroDetector: Keeping mic open: false
10-29 17:12:54.996 11382 11414 I AudioController: internalShutdown
10-29 17:12:54.996 11382 11414 I MicrophoneInputStream: mic_close com.google.android.apps.gsa.speech.audio.ae@bbbc041
10-29 17:12:54.997 11382 11439 I MicroRecognitionRunner: Stopping hotword detection.
10-29 17:12:55.021   238   285 I SoundTriggerHwService::Module: void android::SoundTriggerHwService::Module::onCallbackEvent(const sp<android::SoundTriggerHwService::CallbackEvent> &) mClient == 0
10-29 17:12:55.025 11382 13925 I MicroRecognitionRunner: Detection finished
10-29 17:12:55.041 11382 11382 I MemoryTrimmer: Trimming objects from memory, since app is in the background.
10-29 17:12:55.071   787 12678 W Conscrypt: Could not set socket write timeout: java.net.SocketException: Socket closed
10-29 17:12:55.086   787 12678 W Conscrypt: 	at com.google.android.gms.org.conscrypt.Platform.setSocketWriteTimeout(:com.google.android.gms@203915020@20.39.15 (040406-335085812):2)
10-29 17:12:55.087   787 12678 W Conscrypt: 	at com.google.android.gms.org.conscrypt.ConscryptFileDescriptorSocket.setSoWriteTimeout(:com.google.android.gms@203915020@20.39.15 (040406-335085812):0)
10-29 17:12:55.121   787 12678 W Conscrypt: Could not set socket write timeout: java.net.SocketException: Socket closed
10-29 17:12:55.122   787 12678 W Conscrypt: 	at com.google.android.gms.org.conscrypt.Platform.setSocketWriteTimeout(:com.google.android.gms@203915020@20.39.15 (040406-335085812):2)
10-29 17:12:55.122   787 12678 W Conscrypt: 	at com.google.android.gms.org.conscrypt.ConscryptFileDescriptorSocket.setSoWriteTimeout(:com.google.android.gms@203915020@20.39.15 (040406-335085812):0)
10-29 17:12:58.731 14049 14049 I PlayCore: UID: [10122]  PID: [14049] AppUpdateListenerRegistry : registerListener
10-29 17:12:58.734 14049 14049 I PlayCore: UID: [10122]  PID: [14049] AppUpdateService : requestUpdateInfo(com.opera.browser)
10-29 17:12:58.744 14049 14264 I PlayCore: UID: [10122]  PID: [14049] AppUpdateService : Initiate binding to the service.
10-29 17:12:58.745   600  3994 W ActivityManager: Unable to start service Intent { act=com.google.android.play.core.install.BIND_UPDATE_SERVICE pkg=com.android.vending } U=0: not found
10-29 17:12:58.746 14049 14264 I PlayCore: UID: [10122]  PID: [14049] AppUpdateService : Failed to bind to the service.
10-29 17:12:58.836 14049 14268 D ApplicationLoaders: ignored Vulkan layer search path /data/app/com.google.android.gms-1/lib/arm:/data/app/com.google.android.gms-1/base.apk!/lib/armeabi-v7a:/data/app/com.google.android.gms-1/split_config.en.apk!/lib/armeabi-v7a for namespace 0xf4a41090
10-29 17:12:58.838 14049 14268 W ResourceType: ResTable_typeSpec entry count inconsistent: given 67, previously 69
10-29 17:12:58.838 14049 14268 W ResourceType: ResTable_typeSpec entry count inconsistent: given 5346, previously 5347
10-29 17:12:59.219   600   612 D SyncManager: failed sync operation JobId: 100983, com.opera.browser u0 (com.opera.browser.ping), com.opera.browser.ping.provider, SERVER, reason: 10122, SyncResult: delayUntil: 1667063579 stats [ numIoExceptions: 1]
10-29 17:13:05.011   600   647 I WifiHAL : Got channel list with 13 channels
10-29 17:13:05.015   600   647 I WifiHAL : Got channel list with 4 channels
10-29 17:13:05.018   600   647 I WifiHAL : Got channel list with 15 channels
10-29 17:13:05.170 11382 11382 I MemoryTrimmer: Trimming objects from memory, since app is in the background.
10-29 17:13:06.361 14298 14298 D AndroidRuntime: >>>>>> START com.android.internal.os.RuntimeInit uid 2000 <<<<<<
10-29 17:13:06.364 14298 14298 D AndroidRuntime: CheckJNI is OFF
10-29 17:13:06.429 14298 14298 D ICU     : No timezone override file found: /data/misc/zoneinfo/current/icu/icu_tzdata.dat
10-29 17:13:06.460 14298 14298 I Radio-JNI: register_android_hardware_Radio DONE
10-29 17:13:06.474 14298 14298 D AndroidRuntime: Calling main entry com.android.commands.monkey.Monkey
10-29 17:13:06.540   600   613 W BroadcastQueue: Skipping deliver [background] BroadcastRecord{9748c28 u-1 android.net.conn.CONNECTIVITY_CHANGE} to ReceiverList{8440d41 14298 (unknown name)/2000/u-1 remote:66faf1a}: process crashing
10-29 17:13:08.125 14298 14298 D MonkeyStub: translateCommand: wake
10-29 17:13:08.248 14298 14298 D MonkeyStub: translateCommand: tap 960 1881
10-29 17:13:08.316   600   707 I ActivityManager: START u0 {act=android.intent.action.VIEW flg=0x1000000 cmp=com.opera.browser/com.opera.android.IntentDispatcherActivity} from uid 10122 on display 0
10-29 17:13:08.404   600  3675 I ActivityManager: START u0 {act=android.intent.action.VIEW flg=0x15002000 cmp=com.opera.browser/com.opera.android.BrowserActivity} from uid 10122 on display 0
10-29 17:13:08.406  1084  1171 I OpenGLRenderer: Initialized EGL, version 1.4
10-29 17:13:08.406  1084  1171 D OpenGLRenderer: Swap behavior 2
10-29 17:13:08.519   600   609 I art     : Background partial concurrent mark sweep GC freed 57163(3MB) AllocSpace objects, 48(1440KB) LOS objects, 33% free, 14MB/22MB, paused 1.234ms total 141.687ms
10-29 17:13:08.632 14049 14059 I art     : Background sticky concurrent mark sweep GC freed 9889(912KB) AllocSpace objects, 20(400KB) LOS objects, 12% free, 8MB/9MB, paused 21.572ms total 74.859ms
10-29 17:13:08.755 14049 14345 W ResourceType: ResTable_typeSpec entry count inconsistent: given 67, previously 69
10-29 17:13:08.755 14049 14345 W ResourceType: ResTable_typeSpec entry count inconsistent: given 5346, previously 5347
10-29 17:13:08.865 14049 14059 I art     : Background partial concurrent mark sweep GC freed 43712(2MB) AllocSpace objects, 34(948KB) LOS objects, 40% free, 7MB/13MB, paused 4.541ms total 175.666ms
10-29 17:13:08.882 14049 14315 E [Leanplum][ERROR]: No variable values were received from the server. Please contact us to investigate.
10-29 17:13:08.987   600  3675 I CwMcuSensor: CwMcuSensor::flush: fd = 235, sensors_id = 0, path = /sys/class/htc_sensorhub/sensor_hub/flush, err = 0
10-29 17:13:09.001   600   620 I ActivityManager: Displayed com.opera.browser/com.opera.android.BrowserActivity: +523ms (total +653ms)
10-29 17:13:09.055  1084  1171 W OpenGLRenderer: Incorrectly called buildLayer on View: ShortcutAndWidgetContainer, destroying layer...
10-29 17:13:09.119 14049 14159 D OpenGLRenderer: endAllActiveAnimators on 0xcdefeb00 (RippleDrawable) with handle 0xce283b90
10-29 17:13:09.290 14049 14361 W ResourceType: ResTable_typeSpec entry count inconsistent: given 67, previously 69
10-29 17:13:09.290 14049 14361 W ResourceType: ResTable_typeSpec entry count inconsistent: given 5346, previously 5347
10-29 17:13:09.635 14049 14358 W ResourceType: ResTable_typeSpec entry count inconsistent: given 67, previously 69
10-29 17:13:09.635 14049 14358 W ResourceType: ResTable_typeSpec entry count inconsistent: given 5346, previously 5347
10-29 17:13:09.654 14049 14054 I art     : Do partial code cache collection, code=17KB, data=30KB
10-29 17:13:09.660 14049 14054 I art     : After code cache collection, code=17KB, data=30KB
10-29 17:13:09.660 14049 14054 I art     : Increasing code cache capacity to 128KB
10-29 17:13:09.700 14049 14049 I Choreographer: Skipped 32 frames!  The application may be doing too much work on its main thread.
10-29 17:13:09.901 14049 14049 W View    : requestLayout() improperly called by com.opera.android.custom_views.FadingRecyclerView{bbfd98f VFED.V... ......ID 0,813-1536,813 #7f0a0825 app:id/suggested_dials_grid} during layout: running second layout pass
10-29 17:13:10.131 14049 14059 I art     : Background partial concurrent mark sweep GC freed 59311(2MB) AllocSpace objects, 14(1104KB) LOS objects, 40% free, 10MB/18MB, paused 1.979ms total 198.712ms
10-29 17:13:10.411 14414 14414 I dex2oat : /system/bin/dex2oat --dex-file=/data/user/0/com.opera.browser/code_cache/.       --oat-fd=160 --oat-location=/data/user/0/com.opera.browser/code_cache/.     --compiler-filter=speed
10-29 17:13:10.652 14414 14414 I dex2oat : dex2oat took 244.117ms (threads: 2) arena alloc=432KB (442800B) java alloc=32KB (33064B) native alloc=354KB (362688B) free=1181KB (1210176B)
10-29 17:13:11.054 14049 14059 I art     : Background sticky concurrent mark sweep GC freed 32666(3MB) AllocSpace objects, 39(1396KB) LOS objects, 23% free, 13MB/18MB, paused 3.758ms total 129.900ms
10-29 17:13:11.125 14422 14422 I dex2oat : /system/bin/dex2oat --dex-file=/data/user/0/com.opera.browser/code_cache/.      --oat-fd=65 --oat-location=/data/user/0/com.opera.browser/code_cache/.  ​ --compiler-filter=speed
10-29 17:13:11.392 14049 14054 I art     : Do partial code cache collection, code=36KB, data=62KB
10-29 17:13:11.418 14049 14054 I art     : After code cache collection, code=35KB, data=62KB
10-29 17:13:11.418 14049 14054 I art     : Increasing code cache capacity to 256KB
10-29 17:13:11.424 14422 14422 I dex2oat : dex2oat took 298.163ms (threads: 2) arena alloc=672KB (688824B) java alloc=101KB (104080B) native alloc=523KB (536408B) free=1524KB (1560744B)
10-29 17:13:11.607 14049 14059 I art     : Background sticky concurrent mark sweep GC freed 41619(2MB) AllocSpace objects, 11(808KB) LOS objects, 8% free, 16MB/18MB, paused 1.831ms total 135.428ms
10-29 17:13:11.776 14049 14059 I art     : Background partial concurrent mark sweep GC freed 65329(3MB) AllocSpace objects, 13(1488KB) LOS objects, 39% free, 14MB/24MB, paused 1.642ms total 132.093ms
10-29 17:13:12.308 14298 14298 D MonkeyStub: translateCommand: tap 57 93
10-29 17:13:14.423 14298 14298 D MonkeyStub: translateCommand: tap 57 93
10-29 17:13:16.471 14298 14298 D MonkeyStub: translateCommand: tap 446 593
10-29 17:13:18.519 14298 14298 D MonkeyStub: translateCommand: tap 667 302
10-29 17:13:18.611 14049 14054 I art     : Do full code cache collection, code=81KB, data=124KB
10-29 17:13:18.612 14049 14054 I art     : Starting a blocking GC JitCodeCache
10-29 17:13:18.612 14049 14054 I art     : After code cache collection, code=65KB, data=68KB
10-29 17:13:19.069 14049 14054 I art     : Do partial code cache collection, code=78KB, data=88KB
10-29 17:13:19.070 14049 14054 I art     : After code cache collection, code=78KB, data=88KB
10-29 17:13:19.070 14049 14054 I art     : Increasing code cache capacity to 512KB
10-29 17:13:21.798 14298 14298 D MonkeyStub: translateCommand: tap 1286 930
10-29 17:13:23.026 14298 14298 D MonkeyStub: translateCommand: tap 62 98
10-29 17:13:23.074 14298 14298 D MonkeyStub: translateCommand: tap 729 89
10-29 17:13:23.085 14298 14298 D MonkeyStub: Quit requested
10-29 17:13:23.104   600   614 I CwMcuSensor: CwMcuSensor::flush: fd = 222, sensors_id = 0, path = /sys/class/htc_sensorhub/sensor_hub/flush, err = 0
10-29 17:13:23.114 14298 14298 I art     : System.exit called, status: 16
10-29 17:13:23.114 14298 14298 I AndroidRuntime: VM exiting with result code 16.
10-29 17:13:23.147   600  3994 W WindowManager: Attempted to remove non-existing token: android.os.Binder@3033c7d
10-29 17:13:23.404   600 17381 E BatteryStatsService: power: Missing API
10-29 17:13:23.409   600 17381 E BatteryStatsService: no controller energy info supplied
10-29 17:13:23.410   796   796 E PhoneInterfaceManager: [PhoneIntfMgr] queryModemActivityInfo: Empty response
10-29 17:13:23.416   600 17381 E BatteryStatsService: modem info is invalid: ModemActivityInfo{ mTimestamp=0 mSleepTimeMs=0 mIdleTimeMs=0 mTxTimeMs[]=[0, 0, 0, 0, 0] mRxTimeMs=0 mEnergyUsed=0}
10-29 17:13:23.822 14454 14454 D AndroidRuntime: >>>>>> START com.android.internal.os.RuntimeInit uid 2000 <<<<<<
10-29 17:13:23.826 14454 14454 D AndroidRuntime: CheckJNI is OFF
10-29 17:13:23.894 14454 14454 D ICU     : No timezone override file found: /data/misc/zoneinfo/current/icu/icu_tzdata.dat
10-29 17:13:23.923 14454 14454 I Radio-JNI: register_android_hardware_Radio DONE
10-29 17:13:23.938 14454 14454 D AndroidRuntime: Calling main entry com.android.commands.am.Am
10-29 17:13:23.955   600  3509 I ActivityManager: START u0 {act=android.intent.action.VIEW dat=http://w3schools.com/... flg=0x10000000 cmp=com.opera.browser/com.opera.Opera} from uid 2000 on display 0
10-29 17:13:23.961 14454 14454 D AndroidRuntime: Shutting down VM
10-29 17:13:24.061 14049 14049 W art     : Before Android 4.1, method double java.util.concurrent.ThreadLocalRandom.internalNextDouble(double, double) would have incorrectly overridden the package-private method in java.util.Random
10-29 17:13:24.061 14049 14049 W art     : Before Android 4.1, method int java.util.concurrent.ThreadLocalRandom.internalNextInt(int, int) would have incorrectly overridden the package-private method in java.util.Random
10-29 17:13:24.061 14049 14049 W art     : Before Android 4.1, method long java.util.concurrent.ThreadLocalRandom.internalNextLong(long, long) would have incorrectly overridden the package-private method in java.util.Random
10-29 17:13:24.103   600   619 D BluetoothManagerService: Message: 20
10-29 17:13:24.103   600   619 D BluetoothManagerService: Added callback: android.bluetooth.IBluetoothManagerCallback$Stub$Proxy@21bafcf:true
10-29 17:13:24.125   600 13631 I ActivityManager: Start proc 14467:com.opera.browser:sandboxed_process0/u0a122 for service com.opera.browser/com.opera.android.browser.chromium.services.SandboxedProcessService0
10-29 17:13:24.178 14467 14467 I art     : Starting a blocking GC AddRemoveAppImageSpace
10-29 17:13:24.195 14467 14467 I LoadedApk: No resource references to update in package com.opera.browser.nord_vpn
10-29 17:13:24.226 14049 14358 W ResourceType: ResTable_typeSpec entry count inconsistent: given 67, previously 69
10-29 17:13:24.226 14049 14358 W ResourceType: ResTable_typeSpec entry count inconsistent: given 5346, previously 5347
10-29 17:13:24.417   787  1174 I FontLog : Received query name=Google Sans&weight=400&besteffort=false, URI content://com.google.android.gms.fonts [CONTEXT service_id=132 ]
10-29 17:13:24.417   787  1174 I FontLog : Query [name=Google Sans&weight=400&besteffort=false] resolved to {Google Sans, wdth 100.0, wght 400, ital 0.0, bestEffort false} [CONTEXT service_id=132 ]
10-29 17:13:24.418   787  1174 I FontLog : Font PFD returned from cache for {Google Sans, wdth 100.0, wght 400, ital 0.0, bestEffort false} [CONTEXT service_id=132 ]
10-29 17:13:24.419   787  1174 I FontLog : Fetch {Google Sans, wdth 100.0, wght 400, ital 0.0, bestEffort false} end status Status{statusCode=SUCCESS, resolution=null} [CONTEXT service_id=132 ]
10-29 17:13:24.424   787  1245 I FontLog : Pulling font file for id = 172, cache size = 6 [CONTEXT service_id=132 ]
10-29 17:13:24.431   787   806 I FontLog : Received query name=Google Sans&weight=500&besteffort=false, URI content://com.google.android.gms.fonts [CONTEXT service_id=132 ]
10-29 17:13:24.432   787   806 I FontLog : Query [name=Google Sans&weight=500&besteffort=false] resolved to {Google Sans, wdth 100.0, wght 500, ital 0.0, bestEffort false} [CONTEXT service_id=132 ]
10-29 17:13:24.433   787   806 I FontLog : Font PFD returned from cache for {Google Sans, wdth 100.0, wght 500, ital 0.0, bestEffort false} [CONTEXT service_id=132 ]
10-29 17:13:24.433   787   806 I FontLog : Fetch {Google Sans, wdth 100.0, wght 500, ital 0.0, bestEffort false} end status Status{statusCode=SUCCESS, resolution=null} [CONTEXT service_id=132 ]
10-29 17:13:24.438   787  1174 I FontLog : Pulling font file for id = 173, cache size = 7 [CONTEXT service_id=132 ]
10-29 17:13:24.447   787  1714 I FontLog : Received query name=Google Sans&weight=700&besteffort=false, URI content://com.google.android.gms.fonts [CONTEXT service_id=132 ]
10-29 17:13:24.448   787  1714 I FontLog : Query [name=Google Sans&weight=700&besteffort=false] resolved to {Google Sans, wdth 100.0, wght 700, ital 0.0, bestEffort false} [CONTEXT service_id=132 ]
10-29 17:13:24.449   787  1714 I FontLog : Fetch {Google Sans, wdth 100.0, wght 700, ital 0.0, bestEffort false} end status Status{statusCode=SUCCESS, resolution=null} [CONTEXT service_id=132 ]
10-29 17:13:24.455   787   806 I FontLog : Pulling font file for id = 174, cache size = 6 [CONTEXT service_id=132 ]
10-29 17:13:24.477   787  1620 I FontLog : Received query name=Noto Color Emoji Compat&weight=400&besteffort=false, URI content://com.google.android.gms.fonts [CONTEXT service_id=132 ]
10-29 17:13:24.478   787  1620 I FontLog : Query [name=Noto Color Emoji Compat&weight=400&besteffort=false] resolved to {Noto Color Emoji Compat, wdth 100.0, wght 400, ital 0.0, bestEffort false} [CONTEXT service_id=132 ]
10-29 17:13:24.481   787  1620 I FontLog : Fetch {Noto Color Emoji Compat, wdth 100.0, wght 400, ital 0.0, bestEffort false} end status Status{statusCode=SUCCESS, resolution=null} [CONTEXT service_id=132 ]
10-29 17:13:24.484   787  1714 I FontLog : Pulling font file for id = 175, cache size = 5 [CONTEXT service_id=132 ]
10-29 17:13:24.517   787 14491 I SQLiteConnectionPool: The connection pool for /data/user/0/com.google.android.gms/databases/metadata.db has been closed but there are still 1 connections in use.  They will be closed as they are released back to the pool.
10-29 17:13:24.518   787 10858 W FontLog : Error updating last accessed time for {Google Sans, wdth 100.0, wght 700, ital 0.0, bestEffort false}. [CONTEXT service_id=132 ]
10-29 17:13:24.518   787 10858 W FontLog : java.lang.IllegalStateException: Cannot perform this operation because the connection pool has been closed.
10-29 17:13:24.518   787 10858 W FontLog : 	at android.database.sqlite.SQLiteConnectionPool.throwIfClosedLocked(SQLiteConnectionPool.java:962)
10-29 17:13:24.518   787 10858 W FontLog : 	at android.database.sqlite.SQLiteConnectionPool.waitForConnection(SQLiteConnectionPool.java:677)
10-29 17:13:24.518   787 10858 W FontLog : 	at android.database.sqlite.SQLiteConnectionPool.acquireConnection(SQLiteConnectionPool.java:348)
10-29 17:13:24.518   787 10858 W FontLog : 	at android.database.sqlite.SQLiteSession.acquireConnection(SQLiteSession.java:894)
10-29 17:13:24.518   787 10858 W FontLog : 	at android.database.sqlite.SQLiteSession.executeForChangedRowCount(SQLiteSession.java:752)
10-29 17:13:24.518   787 10858 W FontLog : 	at android.database.sqlite.SQLiteStatement.executeUpdateDelete(SQLiteStatement.java:64)
10-29 17:13:24.518   787 10858 W FontLog : 	at android.database.sqlite.SQLiteDatabase.executeSql(SQLiteDatabase.java:1679)
10-29 17:13:24.518   787 10858 W FontLog : 	at android.database.sqlite.SQLiteDatabase.execSQL(SQLiteDatabase.java:1658)
10-29 17:13:24.518   787 10858 W FontLog : 	at aafx.run(Unknown Source)
10-29 17:13:24.518   787 10858 W FontLog : 	at sup.b(:com.google.android.gms@203915020@20.39.15 (040406-335085812):12)
10-29 17:13:24.518   787 10858 W FontLog : 	at sup.run(:com.google.android.gms@203915020@20.39.15 (040406-335085812):7)
10-29 17:13:24.518   787 10858 W FontLog : 	at java.util.concurrent.ThreadPoolExecutor.runWorker(ThreadPoolExecutor.java:1133)
10-29 17:13:24.518   787 10858 W FontLog : 	at java.util.concurrent.ThreadPoolExecutor$Worker.run(ThreadPoolExecutor.java:607)
10-29 17:13:24.518   787 10858 W FontLog : 	at tam.run(:com.google.android.gms@203915020@20.39.15 (040406-335085812):0)
10-29 17:13:24.518   787 10858 W FontLog : 	at java.lang.Thread.run(Thread.java:761)
10-29 17:13:37.356 14525 14525 D AndroidRuntime: >>>>>> START com.android.internal.os.RuntimeInit uid 2000 <<<<<<
10-29 17:13:37.359 14525 14525 D AndroidRuntime: CheckJNI is OFF
10-29 17:13:37.424 14525 14525 D ICU     : No timezone override file found: /data/misc/zoneinfo/current/icu/icu_tzdata.dat
10-29 17:13:37.455 14525 14525 I Radio-JNI: register_android_hardware_Radio DONE
10-29 17:13:37.469 14525 14525 D AndroidRuntime: Calling main entry com.android.commands.monkey.Monkey
10-29 17:13:37.536   600   613 W BroadcastQueue: Skipping deliver [background] BroadcastRecord{a1db7a7 u-1 android.net.conn.CONNECTIVITY_CHANGE} to ReceiverList{ec64454 14525 (unknown name)/2000/u-1 remote:9ba78c1}: process crashing
10-29 17:13:38.802 14525 14525 D MonkeyStub: translateCommand: wake
10-29 17:13:38.919 14525 14525 D MonkeyStub: translateCommand: tap 1156 1096
10-29 17:13:41.054 14525 14525 D MonkeyStub: translateCommand: tap 259 298
10-29 17:13:43.306 14525 14525 D MonkeyStub: translateCommand: tap 777 567
10-29 17:13:45.554 14525 14525 D MonkeyStub: translateCommand: tap 168 1070
10-29 17:13:48.007 14049 14059 I art     : Background sticky concurrent mark sweep GC freed 138613(6MB) AllocSpace objects, 6(120KB) LOS objects, 25% free, 18MB/24MB, paused 8.388ms total 103.730ms
10-29 17:13:48.209 14049 14185 E chromium: [ERROR:ssl_client_socket_impl.cc(983)] handshake failed; returned -1, SSL error code 1, net_error -100
10-29 17:13:50.593   600  2707 D DnsEventListenerService: Logging 100 results for netId 100
10-29 17:13:53.144   600   609 I art     : Background partial concurrent mark sweep GC freed 53177(2MB) AllocSpace objects, 10(216KB) LOS objects, 33% free, 14MB/22MB, paused 846us total 137.565ms
10-29 17:13:53.618 14525 14525 D MonkeyStub: translateCommand: touch down 614 1561
10-29 17:13:53.628 14525 14525 D MonkeyStub: translateCommand: touch move 614 1561
10-29 17:13:53.732 14525 14525 D MonkeyStub: translateCommand: touch move 614 1436
10-29 17:13:53.838 14525 14525 D MonkeyStub: translateCommand: touch move 614 1311
10-29 17:13:53.946 14525 14525 D MonkeyStub: translateCommand: touch move 614 1186
10-29 17:13:54.052 14525 14525 D MonkeyStub: translateCommand: touch move 614 1061
10-29 17:13:54.159 14525 14525 D MonkeyStub: translateCommand: touch move 614 937
10-29 17:13:54.264 14525 14525 D MonkeyStub: translateCommand: touch move 614 812
10-29 17:13:54.368 14525 14525 D MonkeyStub: translateCommand: touch move 614 687
10-29 17:13:54.473 14525 14525 D MonkeyStub: translateCommand: touch move 614 562
10-29 17:13:54.578 14525 14525 D MonkeyStub: translateCommand: touch move 614 437
10-29 17:13:54.684 14525 14525 D MonkeyStub: translateCommand: touch move 614 312
10-29 17:13:54.690 14525 14525 D MonkeyStub: translateCommand: touch up 614 312
10-29 17:13:54.742 14525 14525 D MonkeyStub: translateCommand: touch down 614 1561
10-29 17:13:54.747 14525 14525 D MonkeyStub: translateCommand: touch move 614 1561
10-29 17:13:54.854 14525 14525 D MonkeyStub: translateCommand: touch move 614 1436
10-29 17:13:54.883 14049 14059 I art     : Background sticky concurrent mark sweep GC freed 118364(5MB) AllocSpace objects, 5(112KB) LOS objects, 20% free, 19MB/24MB, paused 918us total 115.994ms
10-29 17:13:54.960 14525 14525 D MonkeyStub: translateCommand: touch move 614 1311
10-29 17:13:55.073 14525 14525 D MonkeyStub: translateCommand: touch move 614 1186
10-29 17:13:55.180 14525 14525 D MonkeyStub: translateCommand: touch move 614 1061
10-29 17:13:55.295 14525 14525 D MonkeyStub: translateCommand: touch move 614 937
10-29 17:13:55.401 14525 14525 D MonkeyStub: translateCommand: touch move 614 812
10-29 17:13:55.510 14525 14525 D MonkeyStub: translateCommand: touch move 614 687
10-29 17:13:55.617 14525 14525 D MonkeyStub: translateCommand: touch move 614 562
10-29 17:13:55.725 14525 14525 D MonkeyStub: translateCommand: touch move 614 437
10-29 17:13:55.831 14525 14525 D MonkeyStub: translateCommand: touch move 614 312
10-29 17:13:55.843 14525 14525 D MonkeyStub: translateCommand: touch up 614 312
10-29 17:13:59.907 14525 14525 D MonkeyStub: translateCommand: touch down 614 1561
10-29 17:13:59.912 14525 14525 D MonkeyStub: translateCommand: touch move 614 1561
10-29 17:14:00.016 14525 14525 D MonkeyStub: translateCommand: touch move 614 1436
10-29 17:14:00.123 14525 14525 D MonkeyStub: translateCommand: touch move 614 1311
10-29 17:14:00.177 14049 14059 I art     : Background sticky concurrent mark sweep GC freed 108425(4MB) AllocSpace objects, 2(32KB) LOS objects, 17% free, 19MB/24MB, paused 1.027ms total 186.011ms
10-29 17:14:00.227 14525 14525 D MonkeyStub: translateCommand: touch move 614 1186
10-29 17:14:00.361 14525 14525 D MonkeyStub: translateCommand: touch move 614 1061
10-29 17:14:00.473 14525 14525 D MonkeyStub: translateCommand: touch move 614 937
10-29 17:14:00.583 14525 14525 D MonkeyStub: translateCommand: touch move 614 812
10-29 17:14:00.694 14525 14525 D MonkeyStub: translateCommand: touch move 614 687
10-29 17:14:00.802 14525 14525 D MonkeyStub: translateCommand: touch move 614 562
10-29 17:14:00.910 14525 14525 D MonkeyStub: translateCommand: touch move 614 437
10-29 17:14:01.023 14525 14525 D MonkeyStub: translateCommand: touch move 614 312
10-29 17:14:01.045 14525 14525 D MonkeyStub: translateCommand: touch up 614 312
10-29 17:14:03.172 14525 14525 D MonkeyStub: translateCommand: tap 278 93
10-29 17:14:04.114 14049 14059 I art     : Background partial concurrent mark sweep GC freed 178244(7MB) AllocSpace objects, 4(176KB) LOS objects, 40% free, 16MB/28MB, paused 1.179ms total 207.187ms
10-29 17:14:06.944   198   198 E SELinux : avc:  denied  { find } for service=netd pid=14748 uid=2000 scontext=u:r:shell:s0 tcontext=u:object_r:netd_service:s0 tclass=service_manager permissive=0
10-29 17:14:06.950   198   198 E SELinux : avc:  denied  { find } for service=android.service.gatekeeper.IGateKeeperService pid=14748 uid=2000 scontext=u:r:shell:s0 tcontext=u:object_r:gatekeeper_service:s0 tclass=service_manager permissive=0
10-29 17:14:09.909   600  3507 D DnsEventListenerService: Logging 100 results for netId 100
10-29 17:14:10.953 14467 14481 I chromium: [INFO:pipeline_controller.cc(46)] MCHR-300: Starting pipeline, demuxer: FFmpegDemuxer
10-29 17:14:10.978 14467 14484 I chromium: [INFO:ffmpeg_glue.cc(159)] MCHR-300: Container: mov,mp4,m4a,3gp,3g2,mj2
10-29 17:14:11.072 14186 14762 W VideoCapabilities: Unrecognized level 0 for video/x-vnd.on2.vp8
10-29 17:14:11.101 14186 14762 I VideoCapabilities: Unsupported profile 4 for video/mp4v-es
10-29 17:14:11.124 14186 14762 W VideoCapabilities: Unrecognized level 0 for video/x-vnd.on2.vp8
10-29 17:14:11.132 14186 14762 I VideoCapabilities: Unsupported profile 4 for video/mp4v-es
10-29 17:14:11.206 14525 14525 D MonkeyStub: translateCommand: touch down 614 1561
10-29 17:14:11.213 14525 14525 D MonkeyStub: translateCommand: touch move 614 1561
10-29 17:14:11.322 14525 14525 D MonkeyStub: translateCommand: touch move 614 1436
10-29 17:14:11.427 14525 14525 D MonkeyStub: translateCommand: touch move 614 1311
10-29 17:14:11.531 14525 14525 D MonkeyStub: translateCommand: touch move 614 1186
10-29 17:14:11.643 14525 14525 D MonkeyStub: translateCommand: touch move 614 1061
10-29 17:14:11.754 14525 14525 D MonkeyStub: translateCommand: touch move 614 937
10-29 17:14:11.811   246   760 I MediaPlayerService: MediaPlayerService::getOMX
10-29 17:14:11.813 14186 14764 I OMXClient: MuxOMX ctor
10-29 17:14:11.815   243   951 I OMXMaster: makeComponentInstance(OMX.google.aac.decoder) in mediacodec process
10-29 17:14:11.830 14186 14764 I MediaCodec: MediaCodec will operate in async mode
10-29 17:14:11.843 14467 14759 I chromium: [INFO:decoder_stream.cc(443)] MCHR-300: Selected MediaCodecAudioDecoder for audio decoding, config: codec: aac, profile: unknown, bytes_per_channel: 4, channel_layout: STEREO, channels: 2, samples_per_second: 44100, sample_format: Float 32-bit planar, bytes_per_frame: 8, seek_preroll: 0us, codec_delay: 0, has extra data: true, encryption scheme: Unencrypted, discard decoder delay: true, target_output_channel_layout: STEREO, target_output_sample_format: Unknown sample format, has aac extra data: true
10-29 17:14:11.861 14525 14525 D MonkeyStub: translateCommand: touch move 614 812
10-29 17:14:11.870   243 14766 I SoftAAC2: Reconfiguring decoder: 0->44100 Hz, 0->2 channels
10-29 17:14:11.873 14049 14182 I libOpenSLES: Emulating old channel mask behavior (ignoring positional mask 0x3, using default mask 0x3 based on channel count of 2)
10-29 17:14:11.878   238   658 W AudioFlinger: createTrack_l(): mismatch between requested flags (00000008) and output flags (00000006)
10-29 17:14:11.885 14049 14182 D AudioTrack: Client defaulted notificationFrames to 551 for frameCount 1654
10-29 17:14:11.968 14525 14525 D MonkeyStub: translateCommand: touch move 614 687
10-29 17:14:12.076 14525 14525 D MonkeyStub: translateCommand: touch move 614 562
10-29 17:14:12.180 14525 14525 D MonkeyStub: translateCommand: touch move 614 437
10-29 17:14:12.285 14525 14525 D MonkeyStub: translateCommand: touch move 614 312
10-29 17:14:12.289 14525 14525 D MonkeyStub: translateCommand: touch up 614 312
10-29 17:14:12.313 14525 14525 D MonkeyStub: translateCommand: touch down 614 1561
10-29 17:14:12.317 14525 14525 D MonkeyStub: translateCommand: touch move 614 1561
10-29 17:14:12.346 14467 14481 I chromium: [INFO:web_media_player_impl.cc(2015)] MCHR-300: Playback ended.
10-29 17:14:12.354   600  3675 I MediaFocusControl:  AudioFocus  requestAudioFocus() from uid/pid 10122/14049 clientId=android.media.AudioManager@38a6640org.chromium.content.browser.AudioFocusDelegate@2953979 req=3 flags=0x0
10-29 17:14:12.382   600   611 I MediaFocusControl:  AudioFocus  abandonAudioFocus() from uid/pid 10122/14049 clientId=android.media.AudioManager@38a6640org.chromium.content.browser.AudioFocusDelegate@2953979
10-29 17:14:12.423 14525 14525 D MonkeyStub: translateCommand: touch move 614 1436
10-29 17:14:12.537 14525 14525 D MonkeyStub: translateCommand: touch move 614 1311
10-29 17:14:12.641 14525 14525 D MonkeyStub: translateCommand: touch move 614 1186
10-29 17:14:12.746 14525 14525 D MonkeyStub: translateCommand: touch move 614 1061
10-29 17:14:12.850 14525 14525 D MonkeyStub: translateCommand: touch move 614 937
10-29 17:14:12.955 14525 14525 D MonkeyStub: translateCommand: touch move 614 812
10-29 17:14:13.069 14525 14525 D MonkeyStub: translateCommand: touch move 614 687
10-29 17:14:13.174 14525 14525 D MonkeyStub: translateCommand: touch move 614 562
10-29 17:14:13.282 14525 14525 D MonkeyStub: translateCommand: touch move 614 437
10-29 17:14:13.391 14525 14525 D MonkeyStub: translateCommand: touch move 614 312
10-29 17:14:13.403 14525 14525 D MonkeyStub: translateCommand: touch up 614 312
10-29 17:14:14.997 14467 14777 W chromium: [WARNING:media_session.cc(949)] RED codec red is missing an associated payload type.
10-29 17:14:17.451 14525 14525 D MonkeyStub: translateCommand: touch down 614 1561
10-29 17:14:17.456 14525 14525 D MonkeyStub: translateCommand: touch move 614 1561
10-29 17:14:17.560 14525 14525 D MonkeyStub: translateCommand: touch move 614 1436
10-29 17:14:17.664 14525 14525 D MonkeyStub: translateCommand: touch move 614 1311
10-29 17:14:17.776 14525 14525 D MonkeyStub: translateCommand: touch move 614 1186
10-29 17:14:17.880 14525 14525 D MonkeyStub: translateCommand: touch move 614 1061
10-29 17:14:17.987 14525 14525 D MonkeyStub: translateCommand: touch move 614 937
10-29 17:14:18.095 14525 14525 D MonkeyStub: translateCommand: touch move 614 812
10-29 17:14:18.201 14525 14525 D MonkeyStub: translateCommand: touch move 614 687
10-29 17:14:18.307 14525 14525 D MonkeyStub: translateCommand: touch move 614 562
10-29 17:14:18.417 14525 14525 D MonkeyStub: translateCommand: touch move 614 437
10-29 17:14:18.530 14525 14525 D MonkeyStub: translateCommand: touch move 614 312
10-29 17:14:18.537 14525 14525 D MonkeyStub: translateCommand: touch up 614 312
10-29 17:14:18.879 14467 14481 I chromium: [INFO:pipeline_controller.cc(355)] MCHR-300: Pipeline stopped.
10-29 17:14:22.578 14525 14525 D MonkeyStub: translateCommand: touch down 614 1561
10-29 17:14:22.585 14525 14525 D MonkeyStub: translateCommand: touch move 614 1561
10-29 17:14:22.692 14525 14525 D MonkeyStub: translateCommand: touch move 614 1436
10-29 17:14:22.799 14525 14525 D MonkeyStub: translateCommand: touch move 614 1311
10-29 17:14:22.906 14525 14525 D MonkeyStub: translateCommand: touch move 614 1186
10-29 17:14:23.014 14525 14525 D MonkeyStub: translateCommand: touch move 614 1061
10-29 17:14:23.119 14525 14525 D MonkeyStub: translateCommand: touch move 614 937
10-29 17:14:23.224 14525 14525 D MonkeyStub: translateCommand: touch move 614 812
10-29 17:14:23.331 14525 14525 D MonkeyStub: translateCommand: touch move 614 687
10-29 17:14:23.437 14525 14525 D MonkeyStub: translateCommand: touch move 614 562
10-29 17:14:23.543 14525 14525 D MonkeyStub: translateCommand: touch move 614 437
10-29 17:14:23.649 14525 14525 D MonkeyStub: translateCommand: touch move 614 312
10-29 17:14:23.652 14525 14525 D MonkeyStub: translateCommand: touch up 614 312
10-29 17:14:23.665 14525 14525 D MonkeyStub: Quit requested
10-29 17:14:23.692   600   614 I CwMcuSensor: CwMcuSensor::flush: fd = 222, sensors_id = 0, path = /sys/class/htc_sensorhub/sensor_hub/flush, err = 0
10-29 17:14:23.698 14525 14525 I art     : System.exit called, status: 101
10-29 17:14:23.698 14525 14525 I AndroidRuntime: VM exiting with result code 101.
10-29 17:14:23.732   600 13631 W WindowManager: Attempted to remove non-existing token: android.os.Binder@34dffd
10-29 17:14:40.027 14826 14826 D AndroidRuntime: >>>>>> START com.android.internal.os.RuntimeInit uid 2000 <<<<<<
10-29 17:14:40.038 14826 14826 D AndroidRuntime: CheckJNI is OFF
10-29 17:14:40.133 14826 14826 D ICU     : No timezone override file found: /data/misc/zoneinfo/current/icu/icu_tzdata.dat
10-29 17:14:40.175 14826 14826 I Radio-JNI: register_android_hardware_Radio DONE
10-29 17:14:40.193 14826 14826 D AndroidRuntime: Calling main entry com.android.commands.am.Am
10-29 17:14:40.212   600  1080 I ActivityManager: Force stopping com.opera.browser appid=10122 user=0: from pid 14826
10-29 17:14:40.212   600  1080 I ActivityManager: Killing 14186:com.opera.browser:privileged_process0/u0a122 (adj 0): stop com.opera.browser
10-29 17:14:40.213   600  1080 D ActivityManager: cleanUpApplicationRecord -- 14186
10-29 17:14:40.213   600  1080 W ActivityManager: Scheduling restart of crashed service com.opera.browser/com.opera.android.browser.chromium.services.PrivilegedProcessService0 in 1000ms
10-29 17:14:40.215   600  1080 I ActivityManager: Killing 14049:com.opera.browser/u0a122 (adj 0): stop com.opera.browser
10-29 17:14:40.217   600  1080 D ActivityManager: cleanUpApplicationRecord -- 14049
10-29 17:14:40.218   600  1080 W ActivityManager: Force removing ActivityRecord{81028be u0 com.opera.browser/com.opera.android.BrowserActivity t1211}: app died, no saved state
10-29 17:14:40.234 14467 14467 I art     : System.exit called, status: 0
10-29 17:14:40.234 14467 14467 I AndroidRuntime: VM exiting with result code 0, cleanup skipped.
10-29 17:14:40.246   600  1080 I ActivityManager: Killing 14467:com.opera.browser:sandboxed_process0/u0a122 (adj 0): stop com.opera.browser
10-29 17:14:40.246   600  1080 D ActivityManager: cleanUpApplicationRecord -- 14467
10-29 17:14:40.259 14826 14826 D AndroidRuntime: Shutting down VM
10-29 17:14:40.274   600  1081 D WindowManager: relayoutVisibleWindow: Window{e948d88 u0 com.google.android.googlequicksearchbox/com.google.android.launcher.GEL EXITING} mAnimatingExit=true, mRemoveOnExit=false, mDestroying=true
10-29 17:14:40.328 11382 11394 I AttachedClient: Adding client event 2 to pending list.
10-29 17:14:40.332  1061  1061 D RegisteredNfcFServicesCache: Service unchanged, not updating
10-29 17:14:40.361 11382 11382 I OptInState: There is a new client and it does not support opt-in. Dropping request.
10-29 17:14:40.365 11382 11382 I MicroDetectionWorker: Micro detection mode: [mDetectionMode: [1]].
10-29 17:14:40.376 11382 14838 I MicroRecognitionRunner: Starting detection.
10-29 17:14:40.385 11382 11414 I MicrophoneInputStream: mic_starting com.google.android.apps.gsa.speech.audio.ae@15414a8
10-29 17:14:40.398   238 14841 I AudioFlinger: AudioFlinger's thread 0xef692d80 ready to run
10-29 17:14:40.411   238   285 I SoundTriggerHwService::Module: void android::SoundTriggerHwService::Module::onCallbackEvent(const sp<android::SoundTriggerHwService::CallbackEvent> &) mClient == 0
10-29 17:14:40.413 11382 11414 I MicrophoneInputStream: mic_started com.google.android.apps.gsa.speech.audio.ae@15414a8
10-29 17:14:40.572   600 24515 D GraphicsStats: Buffer count: 2
10-29 17:14:40.573   600   713 D ConnectivityService: ConnectivityService NetworkRequestInfo binderDied(NetworkRequest [ LISTEN id=194, [ Capabilities: INTERNET&NOT_RESTRICTED&TRUSTED&FOREGROUND] ], android.os.BinderProxy@aec2e7f)
10-29 17:14:40.573   600 24515 D ConnectivityService: ConnectivityService NetworkRequestInfo binderDied(NetworkRequest [ LISTEN id=193, [ Capabilities: INTERNET&NOT_RESTRICTED&TRUSTED&FOREGROUND] ], android.os.BinderProxy@1f4ae4c)
10-29 17:14:40.575   600   649 E ConnectivityService: RemoteException caught trying to send a callback msg for NetworkRequest [ LISTEN id=194, [ Capabilities: INTERNET&NOT_RESTRICTED&TRUSTED&FOREGROUND] ]
10-29 17:14:40.575   600   649 E ConnectivityService: RemoteException caught trying to send a callback msg for NetworkRequest [ LISTEN id=193, [ Capabilities: INTERNET&NOT_RESTRICTED&TRUSTED&FOREGROUND] ]
10-29 17:14:40.589 11382 11382 I MicroDetectionWorker: onReady
10-29 17:14:40.806 14842 14842 D AndroidRuntime: >>>>>> START com.android.internal.os.RuntimeInit uid 2000 <<<<<<
10-29 17:14:40.810 14842 14842 D AndroidRuntime: CheckJNI is OFF
10-29 17:14:40.820  1084  1171 W OpenGLRenderer: Incorrectly called buildLayer on View: ShortcutAndWidgetContainer, destroying layer...
10-29 17:14:40.879 14842 14842 D ICU     : No timezone override file found: /data/misc/zoneinfo/current/icu/icu_tzdata.dat
10-29 17:14:40.908 14842 14842 I Radio-JNI: register_android_hardware_Radio DONE
10-29 17:14:40.924 14842 14842 D AndroidRuntime: Calling main entry com.android.commands.pm.Pm
10-29 17:14:40.939   600   611 I ActivityManager: Force stopping com.opera.browser appid=10122 user=0: clear data
10-29 17:14:40.940   600   613 I ActivityManager: Force stopping com.opera.browser appid=10122 user=-1: clearApplicationUserData
10-29 17:14:41.004   787   787 I GeofencerStateMachine: removeGeofences: removeRequest=RemoveGeofencingRequest[REMOVE_ALL packageName=com.opera.browser]
10-29 17:14:41.010 14842 14842 I art     : System.exit called, status: 0
10-29 17:14:41.010 14842 14842 I AndroidRuntime: VM exiting with result code 0.
10-29 17:14:41.030  1061  1061 D RegisteredNfcFServicesCache: Service unchanged, not updating
10-29 17:14:41.056   600   612 W ResourceType: No known package when getting value for resource number 0x7f100007
10-29 17:14:41.056   600   612 W ResourceType: No known package when getting value for resource number 0x7f13090c
10-29 17:14:41.056   600   612 W ResourceType: No known package when getting value for resource number 0x7f100005
10-29 17:14:41.056   600   612 W ResourceType: No known package when getting value for resource number 0x7f13090a
10-29 17:14:41.056   600   612 W ResourceType: No known package when getting value for resource number 0x7f100004
10-29 17:14:41.056   600   612 W ResourceType: No known package when getting value for resource number 0x7f130909
10-29 17:14:41.056   600   612 W ResourceType: No known package when getting value for resource number 0x7f100006
10-29 17:14:41.056   600   612 W ResourceType: No known package when getting value for resource number 0x7f13090b
10-29 17:14:41.077   787 14862 I Fitness : FitCleanupIntentOperation received Intent android.intent.action.PACKAGE_DATA_CLEARED [CONTEXT service_id=17 ]
10-29 17:14:41.102 11497 11537 I Icing   : doRemovePackageData com.opera.browser
