--------- beginning of main
10-30 20:14:20.249  1002  1002 D AndroidRuntime: >>>>>> START com.android.internal.os.RuntimeInit uid 2000 <<<<<<
10-30 20:14:20.253  1002  1002 D AndroidRuntime: CheckJNI is OFF
10-30 20:14:20.318  1002  1002 D ICU     : No timezone override file found: /data/misc/zoneinfo/current/icu/icu_tzdata.dat
10-30 20:14:20.348  1002  1002 I Radio-JNI: register_android_hardware_Radio DONE
10-30 20:14:20.363  1002  1002 D AndroidRuntime: Calling main entry com.android.commands.am.Am
--------- beginning of system
10-30 20:14:20.381   600 13557 I ActivityManager: Force stopping com.opera.browser appid=10122 user=0: from pid 1002
10-30 20:14:20.389  1061  1061 D RegisteredNfcFServicesCache: Service unchanged, not updating
10-30 20:14:20.641   600 17381 I ActivityManager: START u0 {act=android.intent.action.VIEW flg=0x10008000 cmp=com.opera.browser/com.opera.Opera} from uid 2000 on display 0
10-30 20:14:20.674  1002  1002 D AndroidRuntime: Shutting down VM
10-30 20:14:20.705   600  3507 I ActivityManager: Start proc 1022:com.opera.browser/u0a122 for activity com.opera.browser/com.opera.Opera
10-30 20:14:20.785  1022  1022 I art     : Starting a blocking GC AddRemoveAppImageSpace
10-30 20:14:20.808  1022  1022 I LoadedApk: No resource references to update in package com.opera.browser.nord_vpn
10-30 20:14:20.907  1022  1022 I art     : Rejecting re-init on previously-failed class java.lang.Class<com.opera.android.job.a$j>: java.lang.NoClassDefFoundError: Failed resolution of: Landroid/app/job/JobServiceEngine;
10-30 20:14:20.908  1022  1022 I art     :   at void com.opera.android.OperaApplication.onCreate() (SourceFile:52)
10-30 20:14:20.908  1022  1022 I art     :   at void android.app.Instrumentation.callApplicationOnCreate(android.app.Application) (Instrumentation.java:1024)
10-30 20:14:20.908  1022  1022 I art     :   at void android.app.ActivityThread.handleBindApplication(android.app.ActivityThread$AppBindData) (ActivityThread.java:5403)
10-30 20:14:20.908  1022  1022 I art     :   at void android.app.ActivityThread.-wrap2(android.app.ActivityThread, android.app.ActivityThread$AppBindData) (ActivityThread.java:-1)
10-30 20:14:20.908  1022  1022 I art     :   at void android.app.ActivityThread$H.handleMessage(android.os.Message) (ActivityThread.java:1545)
10-30 20:14:20.908  1022  1022 I art     :   at void android.os.Handler.dispatchMessage(android.os.Message) (Handler.java:102)
10-30 20:14:20.908  1022  1022 I art     :   at void android.os.Looper.loop() (Looper.java:154)
10-30 20:14:20.908  1022  1022 I art     :   at void android.app.ActivityThread.main(java.lang.String[]) (ActivityThread.java:6119)
10-30 20:14:20.908  1022  1022 I art     :   at java.lang.Object java.lang.reflect.Method.invoke!(java.lang.Object, java.lang.Object[]) (Method.java:-2)
10-30 20:14:20.908  1022  1022 I art     :   at void com.android.internal.os.ZygoteInit$MethodAndArgsCaller.run() (ZygoteInit.java:886)
10-30 20:14:20.908  1022  1022 I art     :   at void com.android.internal.os.ZygoteInit.main(java.lang.String[]) (ZygoteInit.java:776)
10-30 20:14:20.908  1022  1022 I art     : Caused by: java.lang.ClassNotFoundException: Didn't find class "android.app.job.JobServiceEngine" on path: DexPathList[[zip file "/data/app/com.opera.browser-1/base.apk"],nativeLibraryDirectories=[/data/app/com.opera.browser-1/lib/arm, /data/app/com.opera.browser-1/base.apk!/lib/armeabi-v7a, /system/lib, /vendor/lib]]
10-30 20:14:20.908  1022  1022 I art     :   at java.lang.Class dalvik.system.BaseDexClassLoader.findClass(java.lang.String) (BaseDexClassLoader.java:56)
10-30 20:14:20.908  1022  1022 I art     :   at java.lang.Class java.lang.ClassLoader.loadClass(java.lang.String, boolean) (ClassLoader.java:380)
10-30 20:14:20.908  1022  1022 I art     :   at java.lang.Class java.lang.ClassLoader.loadClass(java.lang.String) (ClassLoader.java:312)
10-30 20:14:20.908  1022  1022 I art     :   at void com.opera.android.OperaApplication.onCreate() (SourceFile:52)
10-30 20:14:20.908  1022  1022 I art     :   at void android.app.Instrumentation.callApplicationOnCreate(android.app.Application) (Instrumentation.java:1024)
10-30 20:14:20.908  1022  1022 I art     :   at void android.app.ActivityThread.handleBindApplication(android.app.ActivityThread$AppBindData) (ActivityThread.java:5403)
10-30 20:14:20.908  1022  1022 I art     :   at void android.app.ActivityThread.-wrap2(android.app.ActivityThread, android.app.ActivityThread$AppBindData) (ActivityThread.java:-1)
10-30 20:14:20.908  1022  1022 I art     :   at void android.app.ActivityThread$H.handleMessage(android.os.Message) (ActivityThread.java:1545)
10-30 20:14:20.908  1022  1022 I art     :   at void android.os.Handler.dispatchMessage(android.os.Message) (Handler.java:102)
10-30 20:14:20.908  1022  1022 I art     :   at void android.os.Looper.loop() (Looper.java:154)
10-30 20:14:20.908  1022  1022 I art     :   at void android.app.ActivityThread.main(java.lang.String[]) (ActivityThread.java:6119)
10-30 20:14:20.908  1022  1022 I art     :   at java.lang.Object java.lang.reflect.Method.invoke!(java.lang.Object, java.lang.Object[]) (Method.java:-2)
10-30 20:14:20.908  1022  1022 I art     :   at void com.android.internal.os.ZygoteInit$MethodAndArgsCaller.run() (ZygoteInit.java:886)
10-30 20:14:20.908  1022  1022 I art     :   at void com.android.internal.os.ZygoteInit.main(java.lang.String[]) (ZygoteInit.java:776)
10-30 20:14:20.908  1022  1022 I art     : 
10-30 20:14:20.952  1022  1032 I art     : Background partial concurrent mark sweep GC freed 8395(478KB) AllocSpace objects, 2(40KB) LOS objects, 39% free, 4MB/6MB, paused 1.709ms total 100.609ms
10-30 20:14:20.960  1022  1109 D NetworkSecurityConfig: Using Network Security Config from resource network_security_config_official_build debugBuild: false
10-30 20:14:21.159   600  6312 I ActivityManager: START u0 {act=android.intent.action.VIEW flg=0x10008000 cmp=com.opera.browser/com.opera.android.startup.WelcomeActivity} from uid 10122 on display 0
10-30 20:14:21.180   600  1081 W ActivityManager: Duplicate finish request for ActivityRecord{65c0409 u0 com.opera.browser/com.opera.Opera t1828 f}
10-30 20:14:21.400   600   609 I art     : Background partial concurrent mark sweep GC freed 58753(3MB) AllocSpace objects, 21(1064KB) LOS objects, 33% free, 16MB/24MB, paused 991us total 148.104ms
10-30 20:14:21.483  1022  1032 I art     : Background sticky concurrent mark sweep GC freed 33065(3MB) AllocSpace objects, 16(316KB) LOS objects, 20% free, 5MB/6MB, paused 1.899ms total 205.617ms
10-30 20:14:21.544  1022  1107 I FA      : App measurement initialized, version: 43042
10-30 20:14:21.544  1022  1107 I FA      : To enable debug logging run: adb shell setprop log.tag.FA VERBOSE
10-30 20:14:21.544  1022  1107 I FA      : To enable faster debug mode event logging run:
10-30 20:14:21.544  1022  1107 I FA      :   adb shell setprop debug.firebase.analytics.app com.opera.browser
10-30 20:14:21.725  1022  1107 I FA      : Tag Manager is not found and thus will not be used
10-30 20:14:21.845  1022  1185 I OpenGLRenderer: Initialized EGL, version 1.4
10-30 20:14:21.845  1022  1185 D OpenGLRenderer: Swap behavior 2
10-30 20:14:22.016   600   620 I ActivityManager: Displayed com.opera.browser/com.opera.android.startup.WelcomeActivity: +808ms (total +1s340ms)
10-30 20:14:22.031   600   620 W WindowManager: Failed looking up window
10-30 20:14:22.031   600   620 W WindowManager: java.lang.IllegalArgumentException: Requested window android.view.ViewRootImpl$W@e0d68e6 does not exist
10-30 20:14:22.031   600   620 W WindowManager: 	at com.android.server.wm.WindowManagerService.windowForClientLocked(WindowManagerService.java:9422)
10-30 20:14:22.031   600   620 W WindowManager: 	at com.android.server.wm.WindowManagerService.windowForClientLocked(WindowManagerService.java:9413)
10-30 20:14:22.031   600   620 W WindowManager: 	at com.android.server.wm.WindowManagerService.removeWindow(WindowManagerService.java:2393)
10-30 20:14:22.031   600   620 W WindowManager: 	at com.android.server.wm.Session.remove(Session.java:202)
10-30 20:14:22.031   600   620 W WindowManager: 	at android.view.ViewRootImpl.dispatchDetachedFromWindow(ViewRootImpl.java:3290)
10-30 20:14:22.031   600   620 W WindowManager: 	at android.view.ViewRootImpl.doDie(ViewRootImpl.java:5917)
10-30 20:14:22.031   600   620 W WindowManager: 	at android.view.ViewRootImpl$ViewRootHandler.handleMessage(ViewRootImpl.java:3626)
10-30 20:14:22.031   600   620 W WindowManager: 	at android.os.Handler.dispatchMessage(Handler.java:102)
10-30 20:14:22.031   600   620 W WindowManager: 	at android.os.Looper.loop(Looper.java:154)
10-30 20:14:22.031   600   620 W WindowManager: 	at android.os.HandlerThread.run(HandlerThread.java:61)
10-30 20:14:22.031   600   620 W WindowManager: 	at com.android.server.ServiceThread.run(ServiceThread.java:46)
10-30 20:14:22.120  1022  1209 W chromium: [WARNING:op_site_scripts.cc(424)] Failed to map /data/user/0/com.opera.browser/app_opera/sjs
10-30 20:14:22.143   600  3509 I ActivityManager: Start proc 1219:com.opera.browser:privileged_process0/u0a122 for service com.opera.browser/com.opera.android.browser.chromium.services.PrivilegedProcessService0
10-30 20:14:22.215  1219  1219 I art     : Starting a blocking GC AddRemoveAppImageSpace
10-30 20:14:22.244  1219  1219 I LoadedApk: No resource references to update in package com.opera.browser.nord_vpn
10-30 20:14:22.368  1219  1244 E libEGL  : validate_display:99 error 3008 (EGL_BAD_DISPLAY)
10-30 20:14:22.478 17571 17571 I MemoryTrimmer: Trimming objects from memory, since app is in the background.
10-30 20:14:22.482 17571 17582 W SearchService: Abort, client detached.
10-30 20:14:22.540  1219  1244 E libEGL  : validate_display:99 error 3008 (EGL_BAD_DISPLAY)
10-30 20:14:22.584 17571   864 I DeviceStateChecker: DeviceStateChecker cancelled
10-30 20:14:22.584 17571 17571 I MicroDetector: Keeping mic open: false
10-30 20:14:22.585 17571 18767 I AudioController: internalShutdown
10-30 20:14:22.585 17571 18767 I MicrophoneInputStream: mic_close com.google.android.apps.gsa.speech.audio.ae@5eb61e4
10-30 20:14:22.585 17571 17643 I MicroRecognitionRunner: Stopping hotword detection.
10-30 20:14:22.589  1084  1084 I MemoryTrimmer: Trimming objects from memory, since app is in the background.
10-30 20:14:22.601   238   285 I SoundTriggerHwService::Module: void android::SoundTriggerHwService::Module::onCallbackEvent(const sp<android::SoundTriggerHwService::CallbackEvent> &) mClient == 0
10-30 20:14:22.606 17571   865 I MicroRecognitionRunner: Detection finished
10-30 20:14:22.617 17571 17571 I MemoryTrimmer: Trimming objects from memory, since app is in the background.
10-30 20:14:22.699   787 29932 W NetworkScheduler: Error inserting service_kind=0 source=16 tag=Measurement.PackageMeasurementTaskService.UPLOAD_TASK_TAG target_package=com.google.android.gms requires_charging=0 source_version=203915000 required_network_type=0 flex_time=286000 persistence_level=1 target_class=com.google.android.gms.measurement.PackageMeasurementTaskService runtime=1667157262674 retry_strategy={"maximum_backoff_seconds":{"3600":0},"initial_backoff_seconds":{"30":0},"retry_policy":{"0":0}} preferred_network_type=1 required_idleness_state=0 preferred_charging_state=1 period=573000 last_runtime=0 task_type=0 job_id=-1 user_id=0, error message: UNIQUE constraint failed: pending_ops.tag, pending_ops.target_class, pending_ops.target_package, pending_ops.user_id (code 2067) [CONTEXT service_id=218 ]
10-30 20:14:22.781   787  1270 W NetworkScheduler: Error inserting service_kind=0 source=16 tag=Measurement.PackageMeasurementTaskService.UPLOAD_TASK_TAG target_package=com.google.android.gms requires_charging=0 source_version=203915000 required_network_type=0 flex_time=285000 persistence_level=1 target_class=com.google.android.gms.measurement.PackageMeasurementTaskService runtime=1667157262772 retry_strategy={"maximum_backoff_seconds":{"3600":0},"initial_backoff_seconds":{"30":0},"retry_policy":{"0":0}} preferred_network_type=1 required_idleness_state=0 preferred_charging_state=1 period=572000 last_runtime=0 task_type=0 job_id=-1 user_id=0, error message: UNIQUE constraint failed: pending_ops.tag, pending_ops.target_class, pending_ops.target_package, pending_ops.user_id (code 2067) [CONTEXT service_id=218 ]
10-30 20:14:22.798   787  1269 W NetworkScheduler: Error inserting service_kind=0 source=16 tag=Measurement.PackageMeasurementTaskService.UPLOAD_TASK_TAG target_package=com.google.android.gms requires_charging=0 source_version=203915000 required_network_type=0 flex_time=285000 persistence_level=1 target_class=com.google.android.gms.measurement.PackageMeasurementTaskService runtime=1667157262795 retry_strategy={"maximum_backoff_seconds":{"3600":0},"initial_backoff_seconds":{"30":0},"retry_policy":{"0":0}} preferred_network_type=1 required_idleness_state=0 preferred_charging_state=1 period=572000 last_runtime=0 task_type=0 job_id=-1 user_id=0, error message: UNIQUE constraint failed: pending_ops.tag, pending_ops.target_class, pending_ops.target_package, pending_ops.user_id (code 2067) [CONTEXT service_id=218 ]
10-30 20:14:23.492  1022  1032 I art     : Background partial concurrent mark sweep GC freed 19229(1238KB) AllocSpace objects, 10(260KB) LOS objects, 39% free, 5MB/9MB, paused 1.777ms total 102.488ms
10-30 20:14:26.430  1022  1022 I PlayCore: UID: [10122]  PID: [1022] AppUpdateListenerRegistry : registerListener
10-30 20:14:26.431  1022  1022 I PlayCore: UID: [10122]  PID: [1022] AppUpdateService : requestUpdateInfo(com.opera.browser)
10-30 20:14:26.432  1022  1306 I PlayCore: UID: [10122]  PID: [1022] AppUpdateService : Initiate binding to the service.
10-30 20:14:26.433   600 13558 W ActivityManager: Unable to start service Intent { act=com.google.android.play.core.install.BIND_UPDATE_SERVICE pkg=com.android.vending } U=0: not found
10-30 20:14:26.435  1022  1306 I PlayCore: UID: [10122]  PID: [1022] AppUpdateService : Failed to bind to the service.
10-30 20:14:26.489  1022  1308 D ApplicationLoaders: ignored Vulkan layer search path /data/app/com.google.android.gms-1/lib/arm:/data/app/com.google.android.gms-1/base.apk!/lib/armeabi-v7a:/data/app/com.google.android.gms-1/split_config.en.apk!/lib/armeabi-v7a for namespace 0xf4a41090
10-30 20:14:26.491  1022  1308 W ResourceType: ResTable_typeSpec entry count inconsistent: given 67, previously 69
10-30 20:14:26.491  1022  1308 W ResourceType: ResTable_typeSpec entry count inconsistent: given 5346, previously 5347
10-30 20:14:26.715   600   612 D SyncManager: failed sync operation JobId: 100983, com.opera.browser u0 (com.opera.browser.ping), com.opera.browser.ping.provider, SERVER, reason: 10122, SyncResult: delayUntil: 1667164466 stats [ numIoExceptions: 1]
10-30 20:14:32.642  1022  1032 I art     : Background sticky concurrent mark sweep GC freed 21659(1491KB) AllocSpace objects, 36(836KB) LOS objects, 30% free, 6MB/9MB, paused 8.048ms total 56.559ms
10-30 20:14:32.673 17571 17571 I MemoryTrimmer: Trimming objects from memory, since app is in the background.
10-30 20:14:33.446  1342  1342 D AndroidRuntime: >>>>>> START com.android.internal.os.RuntimeInit uid 2000 <<<<<<
10-30 20:14:33.450  1342  1342 D AndroidRuntime: CheckJNI is OFF
10-30 20:14:33.513  1342  1342 D ICU     : No timezone override file found: /data/misc/zoneinfo/current/icu/icu_tzdata.dat
10-30 20:14:33.544  1342  1342 I Radio-JNI: register_android_hardware_Radio DONE
10-30 20:14:33.559  1342  1342 D AndroidRuntime: Calling main entry com.android.commands.monkey.Monkey
10-30 20:14:33.627   600   613 W BroadcastQueue: Skipping deliver [background] BroadcastRecord{6694620 u-1 android.net.conn.CONNECTIVITY_CHANGE} to ReceiverList{af0cbd9 1342 (unknown name)/2000/u-1 remote:6beaa52}: process crashing
10-30 20:14:35.179  1342  1342 D MonkeyStub: translateCommand: wake
10-30 20:14:35.279  1342  1342 D MonkeyStub: translateCommand: tap 960 1881
10-30 20:14:35.330   600 13557 I ActivityManager: START u0 {act=android.intent.action.VIEW flg=0x1000000 cmp=com.opera.browser/com.opera.android.IntentDispatcherActivity} from uid 10122 on display 0
10-30 20:14:35.417  1084  1171 I OpenGLRenderer: Initialized EGL, version 1.4
10-30 20:14:35.417  1084  1171 D OpenGLRenderer: Swap behavior 2
10-30 20:14:35.418   600  1079 I ActivityManager: START u0 {act=android.intent.action.VIEW flg=0x15002000 cmp=com.opera.browser/com.opera.android.BrowserActivity} from uid 10122 on display 0
10-30 20:14:35.493   600   609 I art     : Background partial concurrent mark sweep GC freed 47428(2MB) AllocSpace objects, 41(1252KB) LOS objects, 33% free, 15MB/23MB, paused 811us total 105.551ms
10-30 20:14:35.551  1084  1084 I MemoryTrimmer: Trimming objects from memory, since app is in the background.
10-30 20:14:35.819  1022  1392 W ResourceType: ResTable_typeSpec entry count inconsistent: given 67, previously 69
10-30 20:14:35.819  1022  1392 W ResourceType: ResTable_typeSpec entry count inconsistent: given 5346, previously 5347
10-30 20:14:35.850  1022  1363 E [Leanplum][ERROR]: No variable values were received from the server. Please contact us to investigate.
10-30 20:14:36.041   600   620 I ActivityManager: Displayed com.opera.browser/com.opera.android.BrowserActivity: +604ms (total +687ms)
10-30 20:14:36.088   600 24611 I CwMcuSensor: CwMcuSensor::flush: fd = 254, sensors_id = 0, path = /sys/class/htc_sensorhub/sensor_hub/flush, err = 0
10-30 20:14:36.108  1022  1185 D OpenGLRenderer: endAllActiveAnimators on 0xcddecf80 (RippleDrawable) with handle 0xcd7bac60
10-30 20:14:36.152  1022  1032 I art     : Background sticky concurrent mark sweep GC freed 9859(1450KB) AllocSpace objects, 35(700KB) LOS objects, 14% free, 8MB/9MB, paused 2.291ms total 117.542ms
10-30 20:14:36.422  1022  1416 W ResourceType: ResTable_typeSpec entry count inconsistent: given 67, previously 69
10-30 20:14:36.422  1022  1416 W ResourceType: ResTable_typeSpec entry count inconsistent: given 5346, previously 5347
10-30 20:14:36.694  1022  1027 I art     : Do partial code cache collection, code=18KB, data=30KB
10-30 20:14:36.697  1022  1027 I art     : After code cache collection, code=18KB, data=30KB
10-30 20:14:36.697  1022  1027 I art     : Increasing code cache capacity to 128KB
10-30 20:14:36.714  1022  1436 W ResourceType: ResTable_typeSpec entry count inconsistent: given 67, previously 69
10-30 20:14:36.714  1022  1436 W ResourceType: ResTable_typeSpec entry count inconsistent: given 5346, previously 5347
10-30 20:14:36.750  1022  1022 E Sensors : sendAck failure -1 1
10-30 20:14:36.750  1022  1022 E Sensors : sendAck failure -1 2
10-30 20:14:36.750  1022  1022 E Sensors : sendAck failure -1 3
10-30 20:14:36.750  1022  1022 E Sensors : sendAck failure -1 4
10-30 20:14:36.750  1022  1022 E Sensors : sendAck failure -1 5
10-30 20:14:36.750  1022  1022 E Sensors : sendAck failure -1 6
10-30 20:14:36.750  1022  1022 E Sensors : sendAck failure -1 7
10-30 20:14:36.751  1022  1022 E Sensors : sendAck failure -1 8
10-30 20:14:36.751  1022  1022 E Sensors : sendAck failure -1 9
10-30 20:14:36.751  1022  1022 E Sensors : sendAck failure -1 1
10-30 20:14:36.751  1022  1022 E Sensors : sendAck failure -1 1
10-30 20:14:36.751  1022  1022 E Sensors : sendAck failure -1 2
10-30 20:14:36.751  1022  1022 E Sensors : sendAck failure -1 3
10-30 20:14:36.751  1022  1022 E Sensors : sendAck failure -1 4
10-30 20:14:36.752  1022  1022 E Sensors : sendAck failure -1 1
10-30 20:14:36.752  1022  1022 E Sensors : sendAck failure -1 2
10-30 20:14:36.752  1022  1022 E Sensors : sendAck failure -1 3
10-30 20:14:36.752  1022  1022 E Sensors : sendAck failure -1 4
10-30 20:14:36.752  1022  1022 E Sensors : sendAck failure -1 5
10-30 20:14:36.752  1022  1022 E Sensors : sendAck failure -1 6
10-30 20:14:36.752  1022  1022 E Sensors : sendAck failure -1 7
10-30 20:14:36.752  1022  1022 E Sensors : sendAck failure -1 8
10-30 20:14:36.752  1022  1022 E Sensors : sendAck failure -1 9
10-30 20:14:36.752  1022  1022 E Sensors : sendAck failure -1 10
10-30 20:14:36.752  1022  1022 E Sensors : sendAck failure -1 11
10-30 20:14:36.752  1022  1022 E Sensors : sendAck failure -1 12
10-30 20:14:36.752  1022  1022 E Sensors : sendAck failure -1 13
10-30 20:14:36.752  1022  1022 E Sensors : sendAck failure -1 14
10-30 20:14:36.781  1022  1022 I Choreographer: Skipped 40 frames!  The application may be doing too much work on its main thread.
10-30 20:14:36.964  1022  1022 W View    : requestLayout() improperly called by com.opera.android.custom_views.FadingRecyclerView{c64a290 VFED.V... ......ID 0,813-1536,813 #7f0a0825 app:id/suggested_dials_grid} during layout: running second layout pass
10-30 20:14:37.053   787 29932 W NetworkScheduler: Error inserting service_kind=0 source=16 tag=Measurement.PackageMeasurementTaskService.UPLOAD_TASK_TAG target_package=com.google.android.gms requires_charging=0 source_version=203915000 required_network_type=0 flex_time=271000 persistence_level=1 target_class=com.google.android.gms.measurement.PackageMeasurementTaskService runtime=1667157277050 retry_strategy={"maximum_backoff_seconds":{"3600":0},"initial_backoff_seconds":{"30":0},"retry_policy":{"0":0}} preferred_network_type=1 required_idleness_state=0 preferred_charging_state=1 period=544000 last_runtime=0 task_type=0 job_id=-1 user_id=0, error message: UNIQUE constraint failed: pending_ops.tag, pending_ops.target_class, pending_ops.target_package, pending_ops.user_id (code 2067) [CONTEXT service_id=218 ]
10-30 20:14:37.203   787 29932 W NetworkScheduler: Error inserting service_kind=0 source=16 tag=Measurement.PackageMeasurementTaskService.UPLOAD_TASK_TAG target_package=com.google.android.gms requires_charging=0 source_version=203915000 required_network_type=0 flex_time=271000 persistence_level=1 target_class=com.google.android.gms.measurement.PackageMeasurementTaskService runtime=1667157277101 retry_strategy={"maximum_backoff_seconds":{"3600":0},"initial_backoff_seconds":{"30":0},"retry_policy":{"0":0}} preferred_network_type=1 required_idleness_state=0 preferred_charging_state=1 period=544000 last_runtime=0 task_type=0 job_id=-1 user_id=0, error message: UNIQUE constraint failed: pending_ops.tag, pending_ops.target_class, pending_ops.target_package, pending_ops.user_id (code 2067) [CONTEXT service_id=218 ]
10-30 20:14:37.249  1022  1032 I art     : Background partial concurrent mark sweep GC freed 51962(3MB) AllocSpace objects, 26(616KB) LOS objects, 39% free, 11MB/18MB, paused 5.918ms total 243.996ms
10-30 20:14:37.449  1463  1463 I dex2oat : /system/bin/dex2oat --dex-file=/data/user/0/com.opera.browser/code_cache/. ​ ​   --oat-fd=185 --oat-location=/data/user/0/com.opera.browser/code_cache/.  ​  --compiler-filter=speed
10-30 20:14:37.747  1463  1463 I dex2oat : dex2oat took 299.827ms (threads: 2) arena alloc=432KB (442800B) java alloc=32KB (33064B) native alloc=354KB (362688B) free=1181KB (1210176B)
10-30 20:14:37.892  1468  1468 I dex2oat : /system/bin/dex2oat --dex-file=/data/user/0/com.opera.browser/code_cache/.   ​  --oat-fd=44 --oat-location=/data/user/0/com.opera.browser/code_cache/.    --compiler-filter=speed
10-30 20:14:38.288  1022  1032 I art     : Background sticky concurrent mark sweep GC freed 63481(4MB) AllocSpace objects, 41(2MB) LOS objects, 24% free, 13MB/18MB, paused 6.263ms total 237.479ms
10-30 20:14:38.316  1468  1468 I dex2oat : dex2oat took 425.113ms (threads: 2) arena alloc=574KB (588400B) java alloc=101KB (104080B) native alloc=523KB (536408B) free=1524KB (1560744B)
10-30 20:14:38.596  1022  1032 I art     : Background sticky concurrent mark sweep GC freed 63013(3MB) AllocSpace objects, 3(120KB) LOS objects, 18% free, 15MB/18MB, paused 6.781ms total 67.638ms
10-30 20:14:38.628  1022  1027 I art     : Do partial code cache collection, code=37KB, data=62KB
10-30 20:14:38.628  1022  1027 I art     : After code cache collection, code=37KB, data=62KB
10-30 20:14:38.628  1022  1027 I art     : Increasing code cache capacity to 256KB
10-30 20:14:39.332  1342  1342 D MonkeyStub: translateCommand: tap 57 93
10-30 20:14:39.547   600 24515 D DnsEventListenerService: Logging 100 results for netId 100
10-30 20:14:41.377  1342  1342 D MonkeyStub: translateCommand: tap 57 93
10-30 20:14:43.513  1342  1342 D MonkeyStub: translateCommand: tap 446 593
10-30 20:14:45.571  1342  1342 D MonkeyStub: translateCommand: tap 667 302
10-30 20:14:45.655  1022  1027 I art     : Do full code cache collection, code=81KB, data=124KB
10-30 20:14:45.662  1022  1027 I art     : Starting a blocking GC JitCodeCache
10-30 20:14:45.662  1022  1027 I art     : After code cache collection, code=63KB, data=68KB
10-30 20:14:46.129  1022  1027 I art     : Do partial code cache collection, code=75KB, data=88KB
10-30 20:14:46.130  1022  1027 I art     : After code cache collection, code=75KB, data=88KB
10-30 20:14:46.130  1022  1027 I art     : Increasing code cache capacity to 512KB
10-30 20:14:48.648  1342  1342 D MonkeyStub: translateCommand: tap 1286 930
10-30 20:14:49.871  1342  1342 D MonkeyStub: translateCommand: tap 62 98
10-30 20:14:49.907  1342  1342 D MonkeyStub: translateCommand: tap 729 89
10-30 20:14:49.918  1342  1342 D MonkeyStub: Quit requested
10-30 20:14:49.944   600   614 I CwMcuSensor: CwMcuSensor::flush: fd = 241, sensors_id = 0, path = /sys/class/htc_sensorhub/sensor_hub/flush, err = 0
10-30 20:14:49.952  1342  1342 I art     : System.exit called, status: 16
10-30 20:14:49.952  1342  1342 I AndroidRuntime: VM exiting with result code 16.
10-30 20:14:49.987   600   707 W WindowManager: Attempted to remove non-existing token: android.os.Binder@a994c95
10-30 20:14:50.197   600 27731 E BatteryStatsService: power: Missing API
10-30 20:14:50.204   600 27731 E BatteryStatsService: no controller energy info supplied
10-30 20:14:50.205   796   796 E PhoneInterfaceManager: [PhoneIntfMgr] queryModemActivityInfo: Empty response
10-30 20:14:50.210   600 27731 E BatteryStatsService: modem info is invalid: ModemActivityInfo{ mTimestamp=0 mSleepTimeMs=0 mIdleTimeMs=0 mTxTimeMs[]=[0, 0, 0, 0, 0] mRxTimeMs=0 mEnergyUsed=0}
10-30 20:14:50.616  1512  1512 D AndroidRuntime: >>>>>> START com.android.internal.os.RuntimeInit uid 2000 <<<<<<
10-30 20:14:50.620  1512  1512 D AndroidRuntime: CheckJNI is OFF
10-30 20:14:50.685  1512  1512 D ICU     : No timezone override file found: /data/misc/zoneinfo/current/icu/icu_tzdata.dat
10-30 20:14:50.714  1512  1512 I Radio-JNI: register_android_hardware_Radio DONE
10-30 20:14:50.730  1512  1512 D AndroidRuntime: Calling main entry com.android.commands.am.Am
10-30 20:14:50.748   600   610 I ActivityManager: START u0 {act=android.intent.action.VIEW dat=http://w3schools.com/... flg=0x10000000 cmp=com.opera.browser/com.opera.Opera} from uid 2000 on display 0
10-30 20:14:50.754  1512  1512 D AndroidRuntime: Shutting down VM
10-30 20:14:50.856  1022  1022 W art     : Before Android 4.1, method double java.util.concurrent.ThreadLocalRandom.internalNextDouble(double, double) would have incorrectly overridden the package-private method in java.util.Random
10-30 20:14:50.857  1022  1022 W art     : Before Android 4.1, method int java.util.concurrent.ThreadLocalRandom.internalNextInt(int, int) would have incorrectly overridden the package-private method in java.util.Random
10-30 20:14:50.857  1022  1022 W art     : Before Android 4.1, method long java.util.concurrent.ThreadLocalRandom.internalNextLong(long, long) would have incorrectly overridden the package-private method in java.util.Random
10-30 20:14:50.904   600   619 D BluetoothManagerService: Message: 20
10-30 20:14:50.904   600   619 D BluetoothManagerService: Added callback: android.bluetooth.IBluetoothManagerCallback$Stub$Proxy@290817d:true
10-30 20:14:50.908   600  3675 I ActivityManager: Start proc 1524:com.opera.browser:sandboxed_process0/u0a122 for service com.opera.browser/com.opera.android.browser.chromium.services.SandboxedProcessService0
10-30 20:14:50.962  1524  1524 I art     : Starting a blocking GC AddRemoveAppImageSpace
10-30 20:14:50.985  1524  1524 I LoadedApk: No resource references to update in package com.opera.browser.nord_vpn
10-30 20:14:51.026  1022  1470 W ResourceType: ResTable_typeSpec entry count inconsistent: given 67, previously 69
10-30 20:14:51.026  1022  1470 W ResourceType: ResTable_typeSpec entry count inconsistent: given 5346, previously 5347
10-30 20:14:51.177   787  1245 I FontLog : Received query name=Google Sans&weight=400&besteffort=false, URI content://com.google.android.gms.fonts [CONTEXT service_id=132 ]
10-30 20:14:51.177   787  1245 I FontLog : Query [name=Google Sans&weight=400&besteffort=false] resolved to {Google Sans, wdth 100.0, wght 400, ital 0.0, bestEffort false} [CONTEXT service_id=132 ]
10-30 20:14:51.179   787  1245 I FontLog : Font PFD returned from cache for {Google Sans, wdth 100.0, wght 400, ital 0.0, bestEffort false} [CONTEXT service_id=132 ]
10-30 20:14:51.179   787  1245 I FontLog : Fetch {Google Sans, wdth 100.0, wght 400, ital 0.0, bestEffort false} end status Status{statusCode=SUCCESS, resolution=null} [CONTEXT service_id=132 ]
10-30 20:14:51.184   787 28588 I FontLog : Pulling font file for id = 1092, cache size = 7 [CONTEXT service_id=132 ]
10-30 20:14:51.187   787  1620 I FontLog : Received query name=Google Sans&weight=500&besteffort=false, URI content://com.google.android.gms.fonts [CONTEXT service_id=132 ]
10-30 20:14:51.187   787  1620 I FontLog : Query [name=Google Sans&weight=500&besteffort=false] resolved to {Google Sans, wdth 100.0, wght 500, ital 0.0, bestEffort false} [CONTEXT service_id=132 ]
10-30 20:14:51.189   787  1620 I FontLog : Font PFD returned from cache for {Google Sans, wdth 100.0, wght 500, ital 0.0, bestEffort false} [CONTEXT service_id=132 ]
10-30 20:14:51.189   787  1620 I FontLog : Fetch {Google Sans, wdth 100.0, wght 500, ital 0.0, bestEffort false} end status Status{statusCode=SUCCESS, resolution=null} [CONTEXT service_id=132 ]
10-30 20:14:51.240   787  1714 I FontLog : Pulling font file for id = 1093, cache size = 7 [CONTEXT service_id=132 ]
10-30 20:14:51.243   787 28591 I FontLog : Received query name=Google Sans&weight=700&besteffort=false, URI content://com.google.android.gms.fonts [CONTEXT service_id=132 ]
10-30 20:14:51.243   787 28591 I FontLog : Query [name=Google Sans&weight=700&besteffort=false] resolved to {Google Sans, wdth 100.0, wght 700, ital 0.0, bestEffort false} [CONTEXT service_id=132 ]
10-30 20:14:51.245   787 28591 I FontLog : Fetch {Google Sans, wdth 100.0, wght 700, ital 0.0, bestEffort false} end status Status{statusCode=SUCCESS, resolution=null} [CONTEXT service_id=132 ]
10-30 20:14:51.247   787 28596 I FontLog : Pulling font file for id = 1094, cache size = 8 [CONTEXT service_id=132 ]
10-30 20:14:51.251   787 28590 I FontLog : Received query name=Noto Color Emoji Compat&weight=400&besteffort=false, URI content://com.google.android.gms.fonts [CONTEXT service_id=132 ]
10-30 20:14:51.251   787 28590 I FontLog : Query [name=Noto Color Emoji Compat&weight=400&besteffort=false] resolved to {Noto Color Emoji Compat, wdth 100.0, wght 400, ital 0.0, bestEffort false} [CONTEXT service_id=132 ]
10-30 20:14:51.253   787 28590 I FontLog : Fetch {Noto Color Emoji Compat, wdth 100.0, wght 400, ital 0.0, bestEffort false} end status Status{statusCode=SUCCESS, resolution=null} [CONTEXT service_id=132 ]
10-30 20:14:51.256   787  1245 I FontLog : Pulling font file for id = 1095, cache size = 9 [CONTEXT service_id=132 ]
10-30 20:14:51.397   787  1552 I SQLiteConnectionPool: The connection pool for /data/user/0/com.google.android.gms/databases/metadata.db has been closed but there are still 1 connections in use.  They will be closed as they are released back to the pool.
10-30 20:14:51.398   787 32478 W FontLog : Error updating last accessed time for {Google Sans, wdth 100.0, wght 700, ital 0.0, bestEffort false}. [CONTEXT service_id=132 ]
10-30 20:14:51.398   787 32478 W FontLog : java.lang.IllegalStateException: Cannot perform this operation because the connection pool has been closed.
10-30 20:14:51.398   787 32478 W FontLog : 	at android.database.sqlite.SQLiteConnectionPool.throwIfClosedLocked(SQLiteConnectionPool.java:962)
10-30 20:14:51.398   787 32478 W FontLog : 	at android.database.sqlite.SQLiteConnectionPool.waitForConnection(SQLiteConnectionPool.java:677)
10-30 20:14:51.398   787 32478 W FontLog : 	at android.database.sqlite.SQLiteConnectionPool.acquireConnection(SQLiteConnectionPool.java:348)
10-30 20:14:51.398   787 32478 W FontLog : 	at android.database.sqlite.SQLiteSession.acquireConnection(SQLiteSession.java:894)
10-30 20:14:51.398   787 32478 W FontLog : 	at android.database.sqlite.SQLiteSession.executeForChangedRowCount(SQLiteSession.java:752)
10-30 20:14:51.398   787 32478 W FontLog : 	at android.database.sqlite.SQLiteStatement.executeUpdateDelete(SQLiteStatement.java:64)
10-30 20:14:51.398   787 32478 W FontLog : 	at android.database.sqlite.SQLiteDatabase.executeSql(SQLiteDatabase.java:1679)
10-30 20:14:51.398   787 32478 W FontLog : 	at android.database.sqlite.SQLiteDatabase.execSQL(SQLiteDatabase.java:1658)
10-30 20:14:51.398   787 32478 W FontLog : 	at aafx.run(Unknown Source)
10-30 20:14:51.398   787 32478 W FontLog : 	at sup.b(:com.google.android.gms@203915020@20.39.15 (040406-335085812):12)
10-30 20:14:51.398   787 32478 W FontLog : 	at sup.run(:com.google.android.gms@203915020@20.39.15 (040406-335085812):7)
10-30 20:14:51.398   787 32478 W FontLog : 	at java.util.concurrent.ThreadPoolExecutor.runWorker(ThreadPoolExecutor.java:1133)
10-30 20:14:51.398   787 32478 W FontLog : 	at java.util.concurrent.ThreadPoolExecutor$Worker.run(ThreadPoolExecutor.java:607)
10-30 20:14:51.398   787 32478 W FontLog : 	at tam.run(:com.google.android.gms@203915020@20.39.15 (040406-335085812):0)
10-30 20:14:51.398   787 32478 W FontLog : 	at java.lang.Thread.run(Thread.java:761)
10-30 20:14:51.472   787 29932 W NetworkScheduler: Error inserting service_kind=0 source=16 tag=Measurement.PackageMeasurementTaskService.UPLOAD_TASK_TAG target_package=com.google.android.gms requires_charging=0 source_version=203915000 required_network_type=0 flex_time=257000 persistence_level=1 target_class=com.google.android.gms.measurement.PackageMeasurementTaskService runtime=1667157291463 retry_strategy={"maximum_backoff_seconds":{"3600":0},"initial_backoff_seconds":{"30":0},"retry_policy":{"0":0}} preferred_network_type=1 required_idleness_state=0 preferred_charging_state=1 period=515000 last_runtime=0 task_type=0 job_id=-1 user_id=0, error message: UNIQUE constraint failed: pending_ops.tag, pending_ops.target_class, pending_ops.target_package, pending_ops.user_id (code 2067) [CONTEXT service_id=218 ]
10-30 20:14:53.617  1022  1032 I art     : Background sticky concurrent mark sweep GC freed 111076(6MB) AllocSpace objects, 15(348KB) LOS objects, 28% free, 17MB/24MB, paused 8.868ms total 44.346ms
10-30 20:15:03.777  1588  1588 D AndroidRuntime: >>>>>> START com.android.internal.os.RuntimeInit uid 2000 <<<<<<
10-30 20:15:03.781  1588  1588 D AndroidRuntime: CheckJNI is OFF
10-30 20:15:03.861  1588  1588 D ICU     : No timezone override file found: /data/misc/zoneinfo/current/icu/icu_tzdata.dat
10-30 20:15:03.892  1588  1588 I Radio-JNI: register_android_hardware_Radio DONE
10-30 20:15:03.907  1588  1588 D AndroidRuntime: Calling main entry com.android.commands.monkey.Monkey
10-30 20:15:03.976   600   613 W BroadcastQueue: Skipping deliver [background] BroadcastRecord{26780a3 u-1 android.net.conn.CONNECTIVITY_CHANGE} to ReceiverList{559fa0 1588 (unknown name)/2000/u-1 remote:c90825d}: process crashing
10-30 20:15:05.482  1588  1588 D MonkeyStub: translateCommand: wake
10-30 20:15:05.594  1588  1588 D MonkeyStub: translateCommand: tap 1156 1096
10-30 20:15:07.684  1588  1588 D MonkeyStub: translateCommand: tap 259 298
10-30 20:15:09.724  1588  1588 D MonkeyStub: translateCommand: tap 777 567
10-30 20:15:11.768  1588  1588 D MonkeyStub: translateCommand: tap 168 1070
10-30 20:15:14.362  1022  1032 I art     : Background sticky concurrent mark sweep GC freed 145381(6MB) AllocSpace objects, 6(120KB) LOS objects, 23% free, 18MB/24MB, paused 3.026ms total 148.582ms
10-30 20:15:16.510  1022  1032 I art     : Background sticky concurrent mark sweep GC freed 135842(5MB) AllocSpace objects, 3(80KB) LOS objects, 24% free, 18MB/24MB, paused 4.416ms total 118.905ms
10-30 20:15:19.053   600  1081 D DnsEventListenerService: Logging 100 results for netId 100
10-30 20:15:19.500  1022  1032 I art     : Background sticky concurrent mark sweep GC freed 127004(5MB) AllocSpace objects, 2(36KB) LOS objects, 19% free, 19MB/24MB, paused 2.607ms total 117.609ms
10-30 20:15:19.817  1588  1588 D MonkeyStub: translateCommand: touch down 614 1561
10-30 20:15:19.825  1588  1588 D MonkeyStub: translateCommand: touch move 614 1561
10-30 20:15:19.930  1588  1588 D MonkeyStub: translateCommand: touch move 614 1436
10-30 20:15:20.047  1588  1588 D MonkeyStub: translateCommand: touch move 614 1311
10-30 20:15:20.160  1588  1588 D MonkeyStub: translateCommand: touch move 614 1186
10-30 20:15:20.272  1588  1588 D MonkeyStub: translateCommand: touch move 614 1061
10-30 20:15:20.380  1588  1588 D MonkeyStub: translateCommand: touch move 614 937
10-30 20:15:20.486  1588  1588 D MonkeyStub: translateCommand: touch move 614 812
10-30 20:15:20.590  1588  1588 D MonkeyStub: translateCommand: touch move 614 687
10-30 20:15:20.699  1588  1588 D MonkeyStub: translateCommand: touch move 614 562
10-30 20:15:20.807  1588  1588 D MonkeyStub: translateCommand: touch move 614 437
10-30 20:15:20.912  1588  1588 D MonkeyStub: translateCommand: touch move 614 312
10-30 20:15:20.915  1588  1588 D MonkeyStub: translateCommand: touch up 614 312
10-30 20:15:20.966  1588  1588 D MonkeyStub: translateCommand: touch down 614 1561
10-30 20:15:20.969  1588  1588 D MonkeyStub: translateCommand: touch move 614 1561
10-30 20:15:21.076  1588  1588 D MonkeyStub: translateCommand: touch move 614 1436
10-30 20:15:21.183  1588  1588 D MonkeyStub: translateCommand: touch move 614 1311
10-30 20:15:21.287  1588  1588 D MonkeyStub: translateCommand: touch move 614 1186
10-30 20:15:21.391  1588  1588 D MonkeyStub: translateCommand: touch move 614 1061
10-30 20:15:21.497  1588  1588 D MonkeyStub: translateCommand: touch move 614 937
10-30 20:15:21.606  1588  1588 D MonkeyStub: translateCommand: touch move 614 812
10-30 20:15:21.723  1588  1588 D MonkeyStub: translateCommand: touch move 614 687
10-30 20:15:21.827  1588  1588 D MonkeyStub: translateCommand: touch move 614 562
10-30 20:15:21.935  1588  1588 D MonkeyStub: translateCommand: touch move 614 437
10-30 20:15:22.040  1588  1588 D MonkeyStub: translateCommand: touch move 614 312
10-30 20:15:22.049  1588  1588 D MonkeyStub: translateCommand: touch up 614 312
10-30 20:15:23.760  1022  1032 I art     : Background sticky concurrent mark sweep GC freed 114568(4MB) AllocSpace objects, 0(0B) LOS objects, 18% free, 19MB/24MB, paused 5.873ms total 152.235ms
10-30 20:15:26.088  1588  1588 D MonkeyStub: translateCommand: touch down 614 1561
10-30 20:15:26.095  1588  1588 D MonkeyStub: translateCommand: touch move 614 1561
10-30 20:15:26.198  1588  1588 D MonkeyStub: translateCommand: touch move 614 1436
10-30 20:15:26.303  1588  1588 D MonkeyStub: translateCommand: touch move 614 1311
10-30 20:15:26.407  1588  1588 D MonkeyStub: translateCommand: touch move 614 1186
10-30 20:15:26.536  1588  1588 D MonkeyStub: translateCommand: touch move 614 1061
10-30 20:15:26.645  1588  1588 D MonkeyStub: translateCommand: touch move 614 937
10-30 20:15:26.753  1588  1588 D MonkeyStub: translateCommand: touch move 614 812
10-30 20:15:26.865  1588  1588 D MonkeyStub: translateCommand: touch move 614 687
10-30 20:15:26.969  1588  1588 D MonkeyStub: translateCommand: touch move 614 562
10-30 20:15:27.107  1588  1588 D MonkeyStub: translateCommand: touch move 614 437
10-30 20:15:27.199  1022  1032 I art     : Background sticky concurrent mark sweep GC freed 106088(4MB) AllocSpace objects, 3(48KB) LOS objects, 17% free, 20MB/24MB, paused 1.363ms total 136.733ms
10-30 20:15:27.213  1588  1588 D MonkeyStub: translateCommand: touch move 614 312
10-30 20:15:27.219  1588  1588 D MonkeyStub: translateCommand: touch up 614 312
10-30 20:15:29.276  1588  1588 D MonkeyStub: translateCommand: tap 278 93
10-30 20:15:33.422   198   198 E SELinux : avc:  denied  { find } for service=netd pid=1820 uid=2000 scontext=u:r:shell:s0 tcontext=u:object_r:netd_service:s0 tclass=service_manager permissive=0
10-30 20:15:33.430   198   198 E SELinux : avc:  denied  { find } for service=android.service.gatekeeper.IGateKeeperService pid=1820 uid=2000 scontext=u:r:shell:s0 tcontext=u:object_r:gatekeeper_service:s0 tclass=service_manager permissive=0
10-30 20:15:37.314  1588  1588 D MonkeyStub: translateCommand: touch down 614 1561
10-30 20:15:37.337  1588  1588 D MonkeyStub: translateCommand: touch move 614 1561
10-30 20:15:37.451  1588  1588 D MonkeyStub: translateCommand: touch move 614 1436
10-30 20:15:37.571  1588  1588 D MonkeyStub: translateCommand: touch move 614 1311
10-30 20:15:37.676  1588  1588 D MonkeyStub: translateCommand: touch move 614 1186
10-30 20:15:37.782  1588  1588 D MonkeyStub: translateCommand: touch move 614 1061
10-30 20:15:37.890  1588  1588 D MonkeyStub: translateCommand: touch move 614 937
10-30 20:15:38.003  1588  1588 D MonkeyStub: translateCommand: touch move 614 812
10-30 20:15:38.117  1588  1588 D MonkeyStub: translateCommand: touch move 614 687
10-30 20:15:38.239  1588  1588 D MonkeyStub: translateCommand: touch move 614 562
10-30 20:15:38.350  1588  1588 D MonkeyStub: translateCommand: touch move 614 437
10-30 20:15:38.461  1588  1588 D MonkeyStub: translateCommand: touch move 614 312
10-30 20:15:38.471  1588  1588 D MonkeyStub: translateCommand: touch up 614 312
10-30 20:15:38.515  1588  1588 D MonkeyStub: translateCommand: touch down 614 1561
10-30 20:15:38.530  1588  1588 D MonkeyStub: translateCommand: touch move 614 1561
10-30 20:15:38.646  1588  1588 D MonkeyStub: translateCommand: touch move 614 1436
10-30 20:15:38.764  1588  1588 D MonkeyStub: translateCommand: touch move 614 1311
10-30 20:15:38.868  1588  1588 D MonkeyStub: translateCommand: touch move 614 1186
10-30 20:15:38.982  1588  1588 D MonkeyStub: translateCommand: touch move 614 1061
10-30 20:15:39.087  1588  1588 D MonkeyStub: translateCommand: touch move 614 937
10-30 20:15:39.199  1588  1588 D MonkeyStub: translateCommand: touch move 614 812
10-30 20:15:39.304  1588  1588 D MonkeyStub: translateCommand: touch move 614 687
10-30 20:15:39.409  1588  1588 D MonkeyStub: translateCommand: touch move 614 562
10-30 20:15:39.523  1588  1588 D MonkeyStub: translateCommand: touch move 614 437
10-30 20:15:39.637  1588  1588 D MonkeyStub: translateCommand: touch move 614 312
10-30 20:15:39.651  1588  1588 D MonkeyStub: translateCommand: touch up 614 312
10-30 20:15:41.876   600   713 D DnsEventListenerService: Logging 100 results for netId 100
10-30 20:15:43.689  1588  1588 D MonkeyStub: translateCommand: touch down 614 1561
10-30 20:15:43.697  1588  1588 D MonkeyStub: translateCommand: touch move 614 1561
10-30 20:15:43.802  1588  1588 D MonkeyStub: translateCommand: touch move 614 1436
10-30 20:15:43.907  1588  1588 D MonkeyStub: translateCommand: touch move 614 1311
10-30 20:15:44.014  1588  1588 D MonkeyStub: translateCommand: touch move 614 1186
10-30 20:15:44.118  1588  1588 D MonkeyStub: translateCommand: touch move 614 1061
10-30 20:15:44.222  1588  1588 D MonkeyStub: translateCommand: touch move 614 937
10-30 20:15:44.329  1588  1588 D MonkeyStub: translateCommand: touch move 614 812
10-30 20:15:44.433  1588  1588 D MonkeyStub: translateCommand: touch move 614 687
10-30 20:15:44.547  1588  1588 D MonkeyStub: translateCommand: touch move 614 562
10-30 20:15:44.657  1588  1588 D MonkeyStub: translateCommand: touch move 614 437
10-30 20:15:44.763  1588  1588 D MonkeyStub: translateCommand: touch move 614 312
10-30 20:15:44.775  1588  1588 D MonkeyStub: translateCommand: touch up 614 312
10-30 20:15:48.051   600   647 I WifiHAL : Got channel list with 13 channels
10-30 20:15:48.052   600   647 I WifiHAL : Got channel list with 4 channels
10-30 20:15:48.053   600   647 I WifiHAL : Got channel list with 15 channels
10-30 20:15:48.828  1588  1588 D MonkeyStub: translateCommand: touch down 614 1561
10-30 20:15:48.836  1588  1588 D MonkeyStub: translateCommand: touch move 614 1561
10-30 20:15:48.946  1588  1588 D MonkeyStub: translateCommand: touch move 614 1436
10-30 20:15:49.056  1588  1588 D MonkeyStub: translateCommand: touch move 614 1311
10-30 20:15:49.162  1588  1588 D MonkeyStub: translateCommand: touch move 614 1186
10-30 20:15:49.268  1588  1588 D MonkeyStub: translateCommand: touch move 614 1061
10-30 20:15:49.379  1588  1588 D MonkeyStub: translateCommand: touch move 614 937
10-30 20:15:49.485  1588  1588 D MonkeyStub: translateCommand: touch move 614 812
10-30 20:15:49.605  1588  1588 D MonkeyStub: translateCommand: touch move 614 687
10-30 20:15:49.730  1588  1588 D MonkeyStub: translateCommand: touch move 614 562
10-30 20:15:49.849  1588  1588 D MonkeyStub: translateCommand: touch move 614 437
10-30 20:15:49.957  1588  1588 D MonkeyStub: translateCommand: touch move 614 312
10-30 20:15:49.989  1588  1588 D MonkeyStub: translateCommand: touch up 614 312
10-30 20:15:49.997  1588  1588 D MonkeyStub: Quit requested
10-30 20:15:50.015   600   614 I CwMcuSensor: CwMcuSensor::flush: fd = 241, sensors_id = 0, path = /sys/class/htc_sensorhub/sensor_hub/flush, err = 0
10-30 20:15:50.026  1588  1588 I art     : System.exit called, status: 101
10-30 20:15:50.026  1588  1588 I AndroidRuntime: VM exiting with result code 101.
10-30 20:15:50.067   600 13631 W WindowManager: Attempted to remove non-existing token: android.os.Binder@d7e759
10-30 20:16:06.496  1886  1886 D AndroidRuntime: >>>>>> START com.android.internal.os.RuntimeInit uid 2000 <<<<<<
10-30 20:16:06.503  1886  1886 D AndroidRuntime: CheckJNI is OFF
10-30 20:16:06.604  1886  1886 D ICU     : No timezone override file found: /data/misc/zoneinfo/current/icu/icu_tzdata.dat
10-30 20:16:06.645  1886  1886 I Radio-JNI: register_android_hardware_Radio DONE
10-30 20:16:06.662  1886  1886 D AndroidRuntime: Calling main entry com.android.commands.am.Am
10-30 20:16:06.681   600  1082 I ActivityManager: Force stopping com.opera.browser appid=10122 user=0: from pid 1886
10-30 20:16:06.681   600  1082 I ActivityManager: Killing 1219:com.opera.browser:privileged_process0/u0a122 (adj 0): stop com.opera.browser
10-30 20:16:06.681   600  1082 D ActivityManager: cleanUpApplicationRecord -- 1219
10-30 20:16:06.682   600  1082 W ActivityManager: Scheduling restart of crashed service com.opera.browser/com.opera.android.browser.chromium.services.PrivilegedProcessService0 in 1000ms
10-30 20:16:06.682   600  1082 I ActivityManager: Killing 1022:com.opera.browser/u0a122 (adj 0): stop com.opera.browser
10-30 20:16:06.682   600  1082 D ActivityManager: cleanUpApplicationRecord -- 1022
10-30 20:16:06.684   600  1082 W ActivityManager: Force removing ActivityRecord{270be76 u0 com.opera.browser/com.opera.android.BrowserActivity t1828}: app died, no saved state
10-30 20:16:06.707  1524  1524 I art     : System.exit called, status: 0
10-30 20:16:06.707  1524  1524 I AndroidRuntime: VM exiting with result code 0, cleanup skipped.
10-30 20:16:06.721   600  1082 I ActivityManager: Killing 1524:com.opera.browser:sandboxed_process0/u0a122 (adj 0): stop com.opera.browser
10-30 20:16:06.721   600  1082 D ActivityManager: cleanUpApplicationRecord -- 1524
10-30 20:16:06.726  1886  1886 D AndroidRuntime: Shutting down VM
10-30 20:16:06.755  1084  1171 I OpenGLRenderer: Initialized EGL, version 1.4
10-30 20:16:06.756  1084  1171 D OpenGLRenderer: Swap behavior 2
10-30 20:16:06.763  1061  1061 D RegisteredNfcFServicesCache: Service unchanged, not updating
10-30 20:16:06.878 17571 17583 I AttachedClient: Adding client event 2 to pending list.
10-30 20:16:06.889 17571 17571 I OptInState: There is a new client and it does not support opt-in. Dropping request.
10-30 20:16:06.891 17571 17571 I MicroDetectionWorker: Micro detection mode: [mDetectionMode: [1]].
10-30 20:16:06.911 17571  1904 I MicroRecognitionRunner: Starting detection.
10-30 20:16:06.931 17571 18767 I MicrophoneInputStream: mic_starting com.google.android.apps.gsa.speech.audio.ae@ec7e4ce
10-30 20:16:06.942   238  1906 I AudioFlinger: AudioFlinger's thread 0xef692140 ready to run
10-30 20:16:06.944   238   285 I SoundTriggerHwService::Module: void android::SoundTriggerHwService::Module::onCallbackEvent(const sp<android::SoundTriggerHwService::CallbackEvent> &) mClient == 0
10-30 20:16:06.945 17571 18767 I MicrophoneInputStream: mic_started com.google.android.apps.gsa.speech.audio.ae@ec7e4ce
10-30 20:16:06.980   600 29683 D ConnectivityService: ConnectivityService NetworkRequestInfo binderDied(NetworkRequest [ LISTEN id=1140, [ Capabilities: INTERNET&NOT_RESTRICTED&TRUSTED&FOREGROUND] ], android.os.BinderProxy@f71c73)
10-30 20:16:06.981   600  9614 D GraphicsStats: Buffer count: 2
10-30 20:16:06.981   600 29683 D ConnectivityService: ConnectivityService NetworkRequestInfo binderDied(NetworkRequest [ LISTEN id=1139, [ Capabilities: INTERNET&NOT_RESTRICTED&TRUSTED&FOREGROUND] ], android.os.BinderProxy@7d45730)
10-30 20:16:06.983   600   649 E ConnectivityService: RemoteException caught trying to send a callback msg for NetworkRequest [ LISTEN id=1140, [ Capabilities: INTERNET&NOT_RESTRICTED&TRUSTED&FOREGROUND] ]
10-30 20:16:06.984   600   649 E ConnectivityService: RemoteException caught trying to send a callback msg for NetworkRequest [ LISTEN id=1139, [ Capabilities: INTERNET&NOT_RESTRICTED&TRUSTED&FOREGROUND] ]
10-30 20:16:07.134 17571 17571 I MicroDetectionWorker: onReady
