11-01 00:24:07.396 26189 26189 I TaskQueue:  - task [IMMEDIATE - d: true, b: 2]: 15
11-01 00:24:07.396 26189 26189 I TaskQueue:  - queueTask starting immediate task
11-01 00:24:07.398 26189 26248 I TaskQueue: Execute task [IMMEDIATE - d: true, b: 2]: 15
11-01 00:24:07.436 26189 26248 I MainThreadRunner: Running task [FeedRequestManagerImpl consumer] on the Main Thread
11-01 00:24:07.436 26189 26248 I TaskQueue:  - Finished 15, time 39 ms
11-01 00:24:07.436 26189 26189 I FeedProtocolAdapter: createModel, operations 33
11-01 00:24:07.440 26189 26189 I TimingUtils: Task Timing   3ms, thread ui | task : convertWireProtocol | mutations : 33
11-01 00:24:07.442 26189 26189 I TaskQueue:  - task [HEAD_RESET - d: true, b: 2]: 5
11-01 00:24:07.442 26189 26189 I TaskQueue:  - queueTask starting immediate task
11-01 00:24:07.443 26189 26248 I TaskQueue: Execute task [HEAD_RESET - d: true, b: 2]: 5
11-01 00:24:07.447 26189 26248 I TaskQueue:  - task [BACKGROUND - d: true, b: 2]: 23
11-01 00:24:07.448 26189 26248 W SessionCache: Persisted Sessions were not found
11-01 00:24:07.458 26189 26248 I PersistentFeedStore: commitSessionMutation - Success true, Update Session $HEAD, stream structures 32
11-01 00:24:07.462 26189 26248 I MainThreadRunner: Running task [SchedulerApiWrapper onReceiveNewContent] on the Main Thread
11-01 00:24:07.462 26189 26248 I MainThreadRunner: Running task [FeedKnownContentImpl onNewContentReceived] on the Main Thread
11-01 00:24:07.463 26189 26248 I SessionManagerMutation: Cleared Head, new creation time 11-01 00:24:07.448
11-01 00:24:07.463 26189 26248 I TimingUtils: Task Timing  20ms, thread background-1 | task : sessionMutation.commitTask:updateConsumer | mutations : 33 | userInitiated : false
11-01 00:24:07.463 26189 26248 I TaskQueue: Cancelling starvation checks
11-01 00:24:07.463 26189 26248 I TaskQueue:  - Finished 5, time 21 ms
11-01 00:24:07.463 26189 26248 I TaskQueue: Execute task [USER_FACING - d: false, b: 2]: 24
11-01 00:24:07.472 26189 26248 I TimeoutSessionImpl: TimeoutSession.populateModelProvider, shouldAppend false
11-01 00:24:07.472 26189 26248 I SessionImpl: PopulateModelProvider 32 items
11-01 00:24:07.472 26189 26248 I FeedModelProvider: FeedModelProvider - committer, structure changes 31, update changes 0
11-01 00:24:07.472 26189 26248 I FeedModelProvider: SyntheticTokenTracker: 0, 11, 11, false
11-01 00:24:07.473 26189 26248 I FeedSessionManagerImpl: Caching getStreamFeatures - items 31, cache misses 0, cache size 31
11-01 00:24:07.474 26189 26248 I FeedModelProvider: Moving _session:68cb3858-73e1-476e-a212-9154b4c7a07b to READY
11-01 00:24:07.474 26189 26248 I MainThreadRunner: Running task [FeedModelProvider onSessionStart] on the Main Thread
11-01 00:24:07.475 26189 26189 I FeedModelProvider: No children found for Cursor
11-01 00:24:07.480 26189 26248 I FeedModelProvider: ModelProvider Mutation committed - structure changes 31, childrenToBind 31, removedChildren false, Token false
11-01 00:24:07.487 26189 26248 I FeedSessionManagerImpl: Populate new session: _session:68cb3858-73e1-476e-a212-9154b4c7a07b, creation time 11-01 00:24:07.472
11-01 00:24:07.487 26189 26248 I TimingUtils: Task Timing  23ms, thread background-2 | task : Create/Populate New Session
11-01 00:24:07.487 26189 26248 I TaskQueue:  - Finished 24, time 24 ms
11-01 00:24:07.488 26189 26248 I TaskQueue: Execute task [BACKGROUND - d: false, b: 1]: 11
11-01 00:24:07.488 26189 26248 I ContentGc: Re-enqueuing triggerContentGc; attempts(0)
11-01 00:24:07.489 26189 26248 I TaskQueue:  - task [BACKGROUND - d: false, b: 1]: 11
11-01 00:24:07.489 26189 26248 I TaskQueue:  - Finished 11, time 2 ms
11-01 00:24:07.490 26189 26248 I TaskQueue: Execute task [BACKGROUND - d: false, b: 1]: 23
11-01 00:24:07.603   600   610 D ActivityManager: cleanUpApplicationRecord -- 26560
11-01 00:24:07.614 26189 26250 W chromium: [WARNING:spdy_session.cc(3090)] Received RST for invalid stream1
11-01 00:24:07.630 26189 26248 I TimingUtils: Task Timing 139ms, thread background-3 | task : commitContentMutation | mutations : 32
11-01 00:24:07.630 26189 26248 I TimingUtils: Task Timing   0ms, thread background-4 | task : commitSemanticPropertiesMutation | mutations : 0
11-01 00:24:07.630 26189 26248 I TaskQueue:  - Finished 23, time 140 ms
11-01 00:24:07.630 26189 26248 I TaskQueue: Execute task [BACKGROUND - d: false, b: 0]: 11
11-01 00:24:07.632 26189 26248 I SessionCache: Determining accessible content
11-01 00:24:07.637 26189 26248 I TimingUtils: Task Timing   6ms, thread background-5 | task : ContentGc | contentItemsRemoved : 0
11-01 00:24:07.637 26189 26248 I TaskQueue:  - Finished 11, time 7 ms
11-01 00:24:07.647 26189 26189 W chromium: [WARNING:compositor_view.cc(315)] Child process died (type=6) pid=26560)
11-01 00:24:07.757 20673 21111 W Icing   : No valid account for uploading user actions
11-01 00:24:07.780 26189 26248 W InstanceID: Instance ID SDK is deprecated, com.android.chrome should update to use Firebase Instance ID
11-01 00:24:07.893   600  1076 D ActivityManager: cleanUpApplicationRecord -- 26422
11-01 00:24:07.912 26189 26189 W chromium: [WARNING:compositor_view.cc(315)] Child process died (type=6) pid=26422)
11-01 00:24:07.935 20673 21212 I Icing   : IndexChimeraService.getServiceInterface callingPackage=com.google.android.gms componentName=null serviceId=30
11-01 00:24:08.230   600  1079 D ActivityManager: cleanUpApplicationRecord -- 26380
11-01 00:24:08.239   600 13557 D ActivityManager: cleanUpApplicationRecord -- 26409
11-01 00:24:08.244 26189 26189 W chromium: [WARNING:compositor_view.cc(315)] Child process died (type=6) pid=26380)
11-01 00:24:08.247 26189 26189 W chromium: [WARNING:compositor_view.cc(315)] Child process died (type=6) pid=26409)
11-01 00:24:08.354   600  1081 D ActivityManager: cleanUpApplicationRecord -- 26506
11-01 00:24:08.442 26189 26189 W chromium: [WARNING:compositor_view.cc(315)] Child process died (type=6) pid=26506)
11-01 00:24:08.909 26189 26240 I cr_omaha: Request to Server Successful. Timestamp for next request:1667262248909
11-01 00:24:09.001 26189 26240 I cr_omaha: Request to Server Successful. Timestamp for next request:1667262249001
11-01 00:24:09.001 26189 26240 I cr_omaha: Attempting to schedule next job for: Tue Nov 01 05:24:08 GMT+01:00 2022
11-01 00:24:09.005 26189 26189 I cr_omaha: Scheduled using JobService
11-01 00:24:09.005 26189 26189 E cr_BkgrdTaskJS: Tried finishing non-current BackgroundTask.
11-01 00:24:09.031   787   805 W Icing   : isOptedInForAppHistory: empty Account Name encountered
11-01 00:24:09.038   787   805 W Icing   : isOptedInForAppHistory: empty Account Name encountered
11-01 00:24:09.346   787 11832 W Icing   : isOptedInForAppHistory: empty Account Name encountered
11-01 00:24:09.375 20673 21111 E native  : document-store.cc:1328 Failed to update per-doc-data with usage report
11-01 00:24:09.435 26189 26189 E cr_BTSPrefs: No data found for task id: 53
11-01 00:24:09.435 26189 26189 E cr_BkgrdTaskScheduler: Task cannot be canceled because no data was found instorage or data was invalid
11-01 00:24:09.503 20673 21111 I Icing   : Usage reports ok 2, Failed Usage reports 1, indexed 0, rejected 0
11-01 00:24:09.504 20673 21111 I Icing   : Removing corpus key com.android.chrome-omnibox for package com.android.chrome
11-01 00:24:09.656 20673 21111 I native  : document-store.cc:1654 Scored 2570 usage reports, missing_corpora 1393 update_failed 1
11-01 00:24:11.098 20673 21111 W Icing   : No valid account for uploading user actions
11-01 00:24:12.702 20673 21111 I Icing   : Usage reports ok 1, Failed Usage reports 0, indexed 1, rejected 0
11-01 00:24:12.866 20673 21111 W Icing   : No valid account for uploading user actions
11-01 00:24:13.075 20673 21111 I Icing   : Usage reports ok 0, Failed Usage reports 0, indexed 0, rejected 0
11-01 00:24:13.075 20673 21111 I Icing   : Indexing com.android.chrome-omnibox from com.android.chrome
11-01 00:24:13.263 20673 21111 I Icing   : Indexing done com.android.chrome-omnibox
11-01 00:24:13.266   787 25581 W Conscrypt: Could not set socket write timeout: java.net.SocketException: Socket closed
11-01 00:24:13.266   787 25581 W Conscrypt: 	at com.google.android.gms.org.conscrypt.Platform.setSocketWriteTimeout(:com.google.android.gms@203915020@20.39.15 (040406-335085812):2)
11-01 00:24:13.266   787 25581 W Conscrypt: 	at com.google.android.gms.org.conscrypt.ConscryptFileDescriptorSocket.setSoWriteTimeout(:com.google.android.gms@203915020@20.39.15 (040406-335085812):0)
11-01 00:24:13.285   787 25581 W Conscrypt: Could not set socket write timeout: java.net.SocketException: Socket closed
11-01 00:24:13.286   787 25581 W Conscrypt: 	at com.google.android.gms.org.conscrypt.Platform.setSocketWriteTimeout(:com.google.android.gms@203915020@20.39.15 (040406-335085812):2)
11-01 00:24:13.286   787 25581 W Conscrypt: 	at com.google.android.gms.org.conscrypt.ConscryptFileDescriptorSocket.setSoWriteTimeout(:com.google.android.gms@203915020@20.39.15 (040406-335085812):0)
11-01 00:24:13.563 26189 26189 I cr_tabmodel: Appending tabs being restored to metadata lists, 0, startingNormalCount: 2, startingIncognitoCount: 0
11-01 00:24:13.563 26189 26189 I cr_tabmodel: Serializing tab lists; counts: 2, 0
11-01 00:24:14.223   787 28591 W Icing   : isOptedInForAppHistory: empty Account Name encountered
11-01 00:24:14.230   787 28591 W Icing   : isOptedInForAppHistory: empty Account Name encountered
11-01 00:24:14.247   787 25581 W Icing   : isOptedInForAppHistory: empty Account Name encountered
11-01 00:24:14.393 20673 21111 I Icing   : Indexing com.android.chrome-internal.3p:WebPage from com.android.chrome
11-01 00:24:14.408 20673 21111 E SQLiteLog: (1) no such table: WebPage_com.android.chrome_seq_table
11-01 00:24:14.415 20673 21111 E Icing   : Cursor call threw an exception: no such table: WebPage_com.android.chrome_seq_table (code 1): , while compiling: SELECT * FROM [WebPage_com.android.chrome_seq_table] WHERE seqno>0 AND tag IS NULL ORDER BY seqno LIMIT 20
11-01 00:24:14.421 20673 21111 I Icing   : Indexing done com.android.chrome-internal.3p:WebPage
11-01 00:24:14.421 20673 21111 E Icing   : Aborting indexing of corpus internal.3p:WebPage
11-01 00:24:14.427 20673 21111 I Icing   : Indexing com.android.chrome-internal.3p:WebPage from com.android.chrome using seqno 0
11-01 00:24:14.513 26189 26189 E cr_BTSPrefs: No data found for task id: 57
11-01 00:24:14.513 26189 26189 E cr_BkgrdTaskScheduler: Task cannot be canceled because no data was found instorage or data was invalid
11-01 00:24:14.514 26189 26189 E cr_BTSPrefs: No data found for task id: 56
11-01 00:24:14.514 26189 26189 E cr_BkgrdTaskScheduler: Task cannot be canceled because no data was found instorage or data was invalid
11-01 00:24:21.471 26723 26723 D AndroidRuntime: >>>>>> START com.android.internal.os.RuntimeInit uid 2000 <<<<<<
11-01 00:24:21.475 26723 26723 D AndroidRuntime: CheckJNI is OFF
11-01 00:24:21.542 26723 26723 D ICU     : No timezone override file found: /data/misc/zoneinfo/current/icu/icu_tzdata.dat
11-01 00:24:21.576 26723 26723 I Radio-JNI: register_android_hardware_Radio DONE
11-01 00:24:21.593 26723 26723 D AndroidRuntime: Calling main entry com.android.commands.monkey.Monkey
11-01 00:24:21.661   600   613 W BroadcastQueue: Skipping deliver [background] BroadcastRecord{3f4a839 u-1 android.net.conn.CONNECTIVITY_CHANGE} to ReceiverList{f832e7e 26723 (unknown name)/2000/u-1 remote:895e83}: process crashing
11-01 00:24:23.198 26723 26723 D MonkeyStub: translateCommand: wake
11-01 00:24:23.309 26723 26723 D MonkeyStub: translateCommand: tap 686 1843
11-01 00:24:35.424 26723 26723 D MonkeyStub: translateCommand: touch down 614 1561
11-01 00:24:35.455 26723 26723 D MonkeyStub: translateCommand: touch move 614 1561
11-01 00:24:35.563 26723 26723 D MonkeyStub: translateCommand: touch move 614 1436
11-01 00:24:35.672 26723 26723 D MonkeyStub: translateCommand: touch move 614 1311
11-01 00:24:35.809 26723 26723 D MonkeyStub: translateCommand: touch move 614 1186
11-01 00:24:35.917 26723 26723 D MonkeyStub: translateCommand: touch move 614 1061
11-01 00:24:36.029 26723 26723 D MonkeyStub: translateCommand: touch move 614 937
11-01 00:24:36.140 26723 26723 D MonkeyStub: translateCommand: touch move 614 812
11-01 00:24:36.251 26723 26723 D MonkeyStub: translateCommand: touch move 614 687
11-01 00:24:36.375 26723 26723 D MonkeyStub: translateCommand: touch move 614 562
11-01 00:24:36.486 26723 26723 D MonkeyStub: translateCommand: touch move 614 437
11-01 00:24:36.592 26723 26723 D MonkeyStub: translateCommand: touch move 614 312
11-01 00:24:36.596 26723 26723 D MonkeyStub: translateCommand: touch up 614 312
11-01 00:24:37.690 20673 21208 I Icing   : IndexChimeraService.getServiceInterface callingPackage=com.android.chrome componentName=null serviceId=36
11-01 00:24:37.712 20673 21111 W Icing   : No valid account for uploading user actions
11-01 00:24:37.738 20673 21208 I Icing   : IndexChimeraService.getServiceInterface callingPackage=com.google.android.gms componentName=null serviceId=30
11-01 00:24:37.763 20673 21111 I Icing   : Usage reports ok 1, Failed Usage reports 0, indexed 1, rejected 0
11-01 00:24:37.767 20673 21111 W Icing   : No valid account for uploading user actions
11-01 00:24:37.778 20673 21111 I Icing   : Usage reports ok 0, Failed Usage reports 0, indexed 0, rejected 0
11-01 00:24:37.780 20673 21111 I Icing   : Indexing com.android.chrome-omnibox from com.android.chrome
11-01 00:24:37.797 20673 21111 I Icing   : Indexing done com.android.chrome-omnibox
11-01 00:24:40.752 26723 26723 D MonkeyStub: translateCommand: tap 321 1446
11-01 00:24:40.910   787  1259 E AsyncOperation: serviceID=121, operation=GetLaunchDataOperation [CONTEXT service_id=259 ]
11-01 00:24:40.910   787  1259 E AsyncOperation: OperationException[Status{statusCode=Not an instant app, resolution=null}]
11-01 00:24:40.910   787  1259 E AsyncOperation: 	at aeay.a(:com.google.android.gms@203915020@20.39.15 (040406-335085812):20)
11-01 00:24:40.910   787  1259 E AsyncOperation: 	at aain.run(:com.google.android.gms@203915020@20.39.15 (040406-335085812):7)
11-01 00:24:40.910   787  1259 E AsyncOperation: 	at boex.run(:com.google.android.gms@203915020@20.39.15 (040406-335085812):2)
11-01 00:24:40.910   787  1259 E AsyncOperation: 	at sup.b(:com.google.android.gms@203915020@20.39.15 (040406-335085812):12)
11-01 00:24:40.910   787  1259 E AsyncOperation: 	at sup.run(:com.google.android.gms@203915020@20.39.15 (040406-335085812):7)
11-01 00:24:40.910   787  1259 E AsyncOperation: 	at java.util.concurrent.ThreadPoolExecutor.runWorker(ThreadPoolExecutor.java:1133)
11-01 00:24:40.910   787  1259 E AsyncOperation: 	at java.util.concurrent.ThreadPoolExecutor$Worker.run(ThreadPoolExecutor.java:607)
11-01 00:24:40.910   787  1259 E AsyncOperation: 	at tam.run(:com.google.android.gms@203915020@20.39.15 (040406-335085812):0)
11-01 00:24:40.910   787  1259 E AsyncOperation: 	at java.lang.Thread.run(Thread.java:761)
11-01 00:24:42.080   787 28597 W Icing   : isOptedInForAppHistory: empty Account Name encountered
11-01 00:24:42.092   787 28597 W Icing   : isOptedInForAppHistory: empty Account Name encountered
11-01 00:24:42.103   787 25581 W Icing   : isOptedInForAppHistory: empty Account Name encountered
11-01 00:24:43.557 26189 26189 I cr_tabmodel: Appending tabs being restored to metadata lists, 0, startingNormalCount: 2, startingIncognitoCount: 0
11-01 00:24:43.557 26189 26189 I cr_tabmodel: Serializing tab lists; counts: 2, 0
11-01 00:24:43.776   787   805 W Icing   : isOptedInForAppHistory: empty Account Name encountered
11-01 00:24:43.784   787   805 W Icing   : isOptedInForAppHistory: empty Account Name encountered
11-01 00:24:43.797   787 25581 W Icing   : isOptedInForAppHistory: empty Account Name encountered
11-01 00:24:44.504   787 25581 I NetworkScheduler.Stats: Task com.google.android.gms/com.google.android.gms.icing.service.IcingGcmTaskService started execution. cause:4 exec_start_elapsed_seconds: 210733 [CONTEXT service_id=218 ]
11-01 00:24:44.529   787 20488 I NetworkScheduler.Stats: Task com.google.android.gms/com.google.android.gms.icing.service.IcingGcmTaskService finished executing. cause:4 result: 1 elapsed_millis: 105 uptime_millis: 105 exec_start_elapsed_seconds: 210733 [CONTEXT service_id=218 ]
11-01 00:24:44.531 20673 21111 I Icing   : Indexing com.android.chrome-internal.3p:WebPage from com.android.chrome using seqno 0
11-01 00:24:44.582   787 25581 I NetworkScheduler.Stats: Task com.google.android.gms/com.google.android.gms.clearcut.uploader.QosUploaderService started execution. cause:5 exec_start_elapsed_seconds: 210733 [CONTEXT service_id=218 ]
11-01 00:24:44.619   600  1081 I ActivityManager: Start proc 26769:com.android.chrome:sandboxed_process20/u0i519 for service com.android.chrome/org.chromium.content.app.SandboxedProcessService20
11-01 00:24:44.670 26769 26769 W boxed_process20: type=1400 audit(0.0:16397): avc: denied { getattr } for path="/data/data/com.android.chrome" dev="dm-2" ino=12190 scontext=u:r:isolated_app:s0:c512,c768 tcontext=u:object_r:app_data_file:s0:c512,c768 tclass=dir permissive=0
11-01 00:24:44.695 26769 26769 I cr_ChildProcessService: Creating new ChildProcessService pid=26769
11-01 00:24:44.709   787 11832 I NetworkScheduler.Stats: Task com.google.android.gms/com.google.android.gms.clearcut.uploader.QosUploaderService finished executing. cause:5 result: 1 elapsed_millis: 151 uptime_millis: 152 exec_start_elapsed_seconds: 210733 [CONTEXT service_id=218 ]
11-01 00:24:44.735 26769 26782 I cr_LibraryLoader: Loaded native library version number "85.0.4183.127"
11-01 00:24:44.735 26769 26782 I cr_CachingUmaRecorder: Flushed 1 samples from 1 histograms.
11-01 00:24:44.747 26782 26782 W CrUtilityMain: type=1400 audit(0.0:16398): avc: denied { setattr } for name="LICENSE.txt" dev="dm-2" ino=57905 scontext=u:r:isolated_app:s0:c512,c768 tcontext=u:object_r:app_data_file:s0:c512,c768 tclass=file permissive=0
11-01 00:24:44.747 26782 26782 W CrUtilityMain: type=1400 audit(0.0:16399): avc: denied { setattr } for name=46696C746572696E672052756C6573 dev="dm-2" ino=57925 scontext=u:r:isolated_app:s0:c512,c768 tcontext=u:object_r:app_data_file:s0:c512,c768 tclass=file permissive=0
11-01 00:24:44.750 26782 26782 W CrUtilityMain: type=1400 audit(0.0:16400): avc: denied { setattr } for name="manifest.json" dev="dm-2" ino=57875 scontext=u:r:isolated_app:s0:c512,c768 tcontext=u:object_r:app_data_file:s0:c512,c768 tclass=file permissive=0
11-01 00:24:44.750 26782 26782 W CrUtilityMain: type=1400 audit(0.0:16401): avc: denied { setattr } for name="verified_contents.json" dev="dm-2" ino=58174 scontext=u:r:isolated_app:s0:c512,c768 tcontext=u:object_r:app_data_file:s0:c512,c768 tclass=file permissive=0
11-01 00:24:44.763 26769 26782 I chromium: [INFO:child_process_service.cc(69)] ChildProcessService: Exiting child process.
11-01 00:24:44.772 26189 26189 W chromium: [WARNING:compositor_view.cc(315)] Child process died (type=6) pid=26769)
11-01 00:24:44.773   600   610 I ActivityManager: Process com.android.chrome:sandboxed_process20 (pid 26769) has died
11-01 00:24:44.773   600   610 D ActivityManager: cleanUpApplicationRecord -- 26769
11-01 00:24:44.778 26189 26224 I cr_BindingManager: onTrimMemory: level=10, size=1
11-01 00:24:44.778 26189 26224 I cr_BindingManager: Reduce connections from 1 to 0
11-01 00:24:45.879   600 29683 I ActivityManager: Start proc 26787:com.android.chrome:sandboxed_process21/u0i520 for service com.android.chrome/org.chromium.content.app.SandboxedProcessService21
11-01 00:24:45.917 26787 26787 W boxed_process21: type=1400 audit(0.0:16402): avc: denied { getattr } for path="/data/data/com.android.chrome" dev="dm-2" ino=12190 scontext=u:r:isolated_app:s0:c512,c768 tcontext=u:object_r:app_data_file:s0:c512,c768 tclass=dir permissive=0
11-01 00:24:45.942 26787 26787 I cr_ChildProcessService: Creating new ChildProcessService pid=26787
11-01 00:24:45.987 26787 26800 I cr_LibraryLoader: Loaded native library version number "85.0.4183.127"
11-01 00:24:45.987 26787 26800 I cr_CachingUmaRecorder: Flushed 1 samples from 1 histograms.
11-01 00:24:46.017 26800 26800 W CrUtilityMain: type=1400 audit(0.0:16403): avc: denied { setattr } for name="tl_en-us_2022-10-26_484799359_100000_index.bin" dev="dm-2" ino=57853 scontext=u:r:isolated_app:s0:c512,c768 tcontext=u:object_r:app_data_file:s0:c512,c768 tclass=file permissive=0
11-01 00:24:46.017 26800 26800 W CrUtilityMain: type=1400 audit(0.0:16404): avc: denied { setattr } for name="manifest.json" dev="dm-2" ino=57838 scontext=u:r:isolated_app:s0:c512,c768 tcontext=u:object_r:app_data_file:s0:c512,c768 tclass=file permissive=0
11-01 00:24:46.020 26800 26800 W CrUtilityMain: type=1400 audit(0.0:16405): avc: denied { setattr } for name="verified_contents.json" dev="dm-2" ino=58055 scontext=u:r:isolated_app:s0:c512,c768 tcontext=u:object_r:app_data_file:s0:c512,c768 tclass=file permissive=0
11-01 00:24:46.026 26787 26800 I chromium: [INFO:child_process_service.cc(69)] ChildProcessService: Exiting child process.
11-01 00:24:46.026   197   197 E lowmemorykiller: Error writing /proc/26787/oom_score_adj; errno=22
11-01 00:24:46.054   600 13558 I ActivityManager: Process com.android.chrome:sandboxed_process21 (pid 26787) has died
11-01 00:24:46.054   600 13558 D ActivityManager: cleanUpApplicationRecord -- 26787
11-01 00:24:46.056 26189 26189 W chromium: [WARNING:compositor_view.cc(315)] Child process died (type=6) pid=26787)
11-01 00:24:47.417   600 16391 I ActivityManager: Start proc 26807:com.android.chrome:sandboxed_process22/u0i521 for service com.android.chrome/org.chromium.content.app.SandboxedProcessService22
11-01 00:24:47.497 26807 26807 W boxed_process22: type=1400 audit(0.0:16406): avc: denied { getattr } for path="/data/data/com.android.chrome" dev="dm-2" ino=12190 scontext=u:r:isolated_app:s0:c512,c768 tcontext=u:object_r:app_data_file:s0:c512,c768 tclass=dir permissive=0
11-01 00:24:47.536 26807 26807 I cr_ChildProcessService: Creating new ChildProcessService pid=26807
11-01 00:24:47.575   600   609 I art     : Background partial concurrent mark sweep GC freed 89497(4MB) AllocSpace objects, 61(2MB) LOS objects, 33% free, 17MB/25MB, paused 854us total 103.996ms
11-01 00:24:47.598 26807 26820 I cr_LibraryLoader: Loaded native library version number "85.0.4183.127"
11-01 00:24:47.599 26807 26820 I cr_CachingUmaRecorder: Flushed 1 samples from 1 histograms.
11-01 00:24:47.606   198   198 E SELinux : avc:  denied  { find } for service=netd pid=26806 uid=2000 scontext=u:r:shell:s0 tcontext=u:object_r:netd_service:s0 tclass=service_manager permissive=0
11-01 00:24:47.610   198   198 E SELinux : avc:  denied  { find } for service=android.service.gatekeeper.IGateKeeperService pid=26806 uid=2000 scontext=u:r:shell:s0 tcontext=u:object_r:gatekeeper_service:s0 tclass=service_manager permissive=0
11-01 00:24:47.614 26820 26820 W CrUtilityMain: type=1400 audit(0.0:16407): avc: denied { setattr } for name="optimization-hints.pb" dev="dm-2" ino=58201 scontext=u:r:isolated_app:s0:c512,c768 tcontext=u:object_r:app_data_file:s0:c512,c768 tclass=file permissive=0
11-01 00:24:47.617 26820 26820 W CrUtilityMain: type=1400 audit(0.0:16408): avc: denied { setattr } for name="manifest.json" dev="dm-2" ino=58115 scontext=u:r:isolated_app:s0:c512,c768 tcontext=u:object_r:app_data_file:s0:c512,c768 tclass=file permissive=0
11-01 00:24:47.617 26820 26820 W CrUtilityMain: type=1400 audit(0.0:16409): avc: denied { setattr } for name="verified_contents.json" dev="dm-2" ino=57984 scontext=u:r:isolated_app:s0:c512,c768 tcontext=u:object_r:app_data_file:s0:c512,c768 tclass=file permissive=0
11-01 00:24:47.629 26807 26807 I cr_ChildProcessService: Destroying ChildProcessService pid=26807
11-01 00:24:47.629 26807 26820 I chromium: [INFO:child_process_service.cc(69)] ChildProcessService: Exiting child process.
11-01 00:24:47.650   600  3994 I ActivityManager: Process com.android.chrome:sandboxed_process22 (pid 26807) has died
11-01 00:24:47.650   600  3994 D ActivityManager: cleanUpApplicationRecord -- 26807
11-01 00:24:47.651 26189 26189 W chromium: [WARNING:compositor_view.cc(315)] Child process died (type=6) pid=26807)
11-01 00:24:48.805 26723 26723 D MonkeyStub: translateCommand: touch down 614 1561
11-01 00:24:48.815 26723 26723 D MonkeyStub: translateCommand: touch move 614 1561
11-01 00:24:48.923 26723 26723 D MonkeyStub: translateCommand: touch move 614 1436
11-01 00:24:49.032 26723 26723 D MonkeyStub: translateCommand: touch move 614 1311
11-01 00:24:49.145 26723 26723 D MonkeyStub: translateCommand: touch move 614 1186
11-01 00:24:49.250 26723 26723 D MonkeyStub: translateCommand: touch move 614 1061
11-01 00:24:49.288   600  3967 I ActivityManager: Start proc 26826:com.android.chrome:sandboxed_process23/u0i522 for service com.android.chrome/org.chromium.content.app.SandboxedProcessService23
11-01 00:24:49.344 26826 26826 W boxed_process23: type=1400 audit(0.0:16410): avc: denied { getattr } for path="/data/data/com.android.chrome" dev="dm-2" ino=12190 scontext=u:r:isolated_app:s0:c512,c768 tcontext=u:object_r:app_data_file:s0:c512,c768 tclass=dir permissive=0
11-01 00:24:49.361 26723 26723 D MonkeyStub: translateCommand: touch move 614 937
11-01 00:24:49.391 26826 26826 I cr_ChildProcessService: Creating new ChildProcessService pid=26826
11-01 00:24:49.440 26826 26839 I cr_LibraryLoader: Loaded native library version number "85.0.4183.127"
11-01 00:24:49.441 26826 26839 I cr_CachingUmaRecorder: Flushed 1 samples from 1 histograms.
11-01 00:24:49.454 26839 26839 W CrUtilityMain: type=1400 audit(0.0:16411): avc: denied { setattr } for name="manifest.json" dev="dm-2" ino=58028 scontext=u:r:isolated_app:s0:c512,c768 tcontext=u:object_r:app_data_file:s0:c512,c768 tclass=file permissive=0
11-01 00:24:49.457 26839 26839 W CrUtilityMain: type=1400 audit(0.0:16412): avc: denied { setattr } for name="verified_contents.json" dev="dm-2" ino=58202 scontext=u:r:isolated_app:s0:c512,c768 tcontext=u:object_r:app_data_file:s0:c512,c768 tclass=file permissive=0
11-01 00:24:49.465 26826 26839 I chromium: [INFO:child_process_service.cc(69)] ChildProcessService: Exiting child process.
11-01 00:24:49.465 26826 26826 I cr_ChildProcessService: Destroying ChildProcessService pid=26826
11-01 00:24:49.483 26723 26723 D MonkeyStub: translateCommand: touch move 614 812
11-01 00:24:49.487   600  1080 I ActivityManager: Process com.android.chrome:sandboxed_process23 (pid 26826) has died
11-01 00:24:49.487   600  1080 D ActivityManager: cleanUpApplicationRecord -- 26826
11-01 00:24:49.489 26189 26189 W chromium: [WARNING:compositor_view.cc(315)] Child process died (type=6) pid=26826)
11-01 00:24:49.597 26723 26723 D MonkeyStub: translateCommand: touch move 614 687
11-01 00:24:49.705 26723 26723 D MonkeyStub: translateCommand: touch move 614 562
11-01 00:24:49.816 26723 26723 D MonkeyStub: translateCommand: touch move 614 437
11-01 00:24:49.925 26723 26723 D MonkeyStub: translateCommand: touch move 614 312
11-01 00:24:49.931 26723 26723 D MonkeyStub: translateCommand: touch up 614 312
11-01 00:24:49.959 26723 26723 D MonkeyStub: translateCommand: touch down 614 1561
11-01 00:24:49.963 26723 26723 D MonkeyStub: translateCommand: touch move 614 1561
11-01 00:24:50.072 26723 26723 D MonkeyStub: translateCommand: touch move 614 1436
11-01 00:24:50.194 26723 26723 D MonkeyStub: translateCommand: touch move 614 1311
11-01 00:24:50.306 26723 26723 D MonkeyStub: translateCommand: touch move 614 1186
11-01 00:24:50.419 26723 26723 D MonkeyStub: translateCommand: touch move 614 1061
11-01 00:24:50.532 26723 26723 D MonkeyStub: translateCommand: touch move 614 937
11-01 00:24:50.664 26723 26723 D MonkeyStub: translateCommand: touch move 614 812
11-01 00:24:50.799 26723 26723 D MonkeyStub: translateCommand: touch move 614 687
11-01 00:24:50.915 26723 26723 D MonkeyStub: translateCommand: touch move 614 562
11-01 00:24:51.023 26723 26723 D MonkeyStub: translateCommand: touch move 614 437
11-01 00:24:51.129 26723 26723 D MonkeyStub: translateCommand: touch move 614 312
11-01 00:24:51.133 26723 26723 D MonkeyStub: translateCommand: touch up 614 312
11-01 00:24:51.358   600 16391 I ActivityManager: Start proc 26843:com.android.chrome:sandboxed_process24/u0i523 for service com.android.chrome/org.chromium.content.app.SandboxedProcessService24
11-01 00:24:51.400 26843 26843 W boxed_process24: type=1400 audit(0.0:16413): avc: denied { getattr } for path="/data/data/com.android.chrome" dev="dm-2" ino=12190 scontext=u:r:isolated_app:s0:c512,c768 tcontext=u:object_r:app_data_file:s0:c512,c768 tclass=dir permissive=0
11-01 00:24:51.422 26843 26843 I cr_ChildProcessService: Creating new ChildProcessService pid=26843
11-01 00:24:51.458 26843 26856 I cr_LibraryLoader: Loaded native library version number "85.0.4183.127"
11-01 00:24:51.458 26843 26856 I cr_CachingUmaRecorder: Flushed 1 samples from 1 histograms.
11-01 00:24:51.474 26856 26856 W CrUtilityMain: type=1400 audit(0.0:16414): avc: denied { setattr } for name="download_file_types.pb" dev="dm-2" ino=57932 scontext=u:r:isolated_app:s0:c512,c768 tcontext=u:object_r:app_data_file:s0:c512,c768 tclass=file permissive=0
11-01 00:24:51.477 26856 26856 W CrUtilityMain: type=1400 audit(0.0:16415): avc: denied { setattr } for name="manifest.json" dev="dm-2" ino=58017 scontext=u:r:isolated_app:s0:c512,c768 tcontext=u:object_r:app_data_file:s0:c512,c768 tclass=file permissive=0
11-01 00:24:51.477 26856 26856 W CrUtilityMain: type=1400 audit(0.0:16416): avc: denied { setattr } for name="verified_contents.json" dev="dm-2" ino=58009 scontext=u:r:isolated_app:s0:c512,c768 tcontext=u:object_r:app_data_file:s0:c512,c768 tclass=file permissive=0
11-01 00:24:51.489 26843 26856 I chromium: [INFO:child_process_service.cc(69)] ChildProcessService: Exiting child process.
11-01 00:24:51.494   197   197 E lowmemorykiller: Error writing /proc/26843/oom_score_adj; errno=22
11-01 00:24:51.511   600 13557 I ActivityManager: Process com.android.chrome:sandboxed_process24 (pid 26843) has died
11-01 00:24:51.511   600 13557 D ActivityManager: cleanUpApplicationRecord -- 26843
11-01 00:24:51.512 26189 26189 W chromium: [WARNING:compositor_view.cc(315)] Child process died (type=6) pid=26843)
11-01 00:24:53.610   600 10249 I ActivityManager: Start proc 26861:com.android.chrome:sandboxed_process25/u0i524 for service com.android.chrome/org.chromium.content.app.SandboxedProcessService25
11-01 00:24:53.677 26861 26861 W boxed_process25: type=1400 audit(0.0:16417): avc: denied { getattr } for path="/data/data/com.android.chrome" dev="dm-2" ino=12190 scontext=u:r:isolated_app:s0:c512,c768 tcontext=u:object_r:app_data_file:s0:c512,c768 tclass=dir permissive=0
11-01 00:24:53.707 26861 26861 I cr_ChildProcessService: Creating new ChildProcessService pid=26861
11-01 00:24:53.762 26861 26874 I cr_LibraryLoader: Loaded native library version number "85.0.4183.127"
11-01 00:24:53.762 26861 26874 I cr_CachingUmaRecorder: Flushed 1 samples from 1 histograms.
11-01 00:24:53.774 26874 26874 W CrUtilityMain: type=1400 audit(0.0:16418): avc: denied { setattr } for name="ssl_error_assistant.pb" dev="dm-2" ino=57855 scontext=u:r:isolated_app:s0:c512,c768 tcontext=u:object_r:app_data_file:s0:c512,c768 tclass=file permissive=0
11-01 00:24:53.774 26874 26874 W CrUtilityMain: type=1400 audit(0.0:16419): avc: denied { setattr } for name="manifest.json" dev="dm-2" ino=57867 scontext=u:r:isolated_app:s0:c512,c768 tcontext=u:object_r:app_data_file:s0:c512,c768 tclass=file permissive=0
11-01 00:24:53.774 26874 26874 W CrUtilityMain: type=1400 audit(0.0:16420): avc: denied { setattr } for name="verified_contents.json" dev="dm-2" ino=58194 scontext=u:r:isolated_app:s0:c512,c768 tcontext=u:object_r:app_data_file:s0:c512,c768 tclass=file permissive=0
11-01 00:24:53.784 26861 26874 I chromium: [INFO:child_process_service.cc(69)] ChildProcessService: Exiting child process.
11-01 00:24:53.803   600 24515 I ActivityManager: Process com.android.chrome:sandboxed_process25 (pid 26861) has died
11-01 00:24:53.803   600 24515 D ActivityManager: cleanUpApplicationRecord -- 26861
11-01 00:24:53.805 26189 26189 W chromium: [WARNING:compositor_view.cc(315)] Child process died (type=6) pid=26861)
11-01 00:24:56.195   600 27731 I ActivityManager: Start proc 26878:com.android.chrome:sandboxed_process26/u0i525 for service com.android.chrome/org.chromium.content.app.SandboxedProcessService26
11-01 00:24:56.307 26878 26878 W boxed_process26: type=1400 audit(0.0:16421): avc: denied { getattr } for path="/data/data/com.android.chrome" dev="dm-2" ino=12190 scontext=u:r:isolated_app:s0:c512,c768 tcontext=u:object_r:app_data_file:s0:c512,c768 tclass=dir permissive=0
11-01 00:24:56.334 26878 26878 I cr_ChildProcessService: Creating new ChildProcessService pid=26878
11-01 00:24:56.374 26878 26891 I cr_LibraryLoader: Loaded native library version number "85.0.4183.127"
11-01 00:24:56.375 26878 26891 I cr_CachingUmaRecorder: Flushed 1 samples from 1 histograms.
11-01 00:24:56.390 26891 26891 W CrUtilityMain: type=1400 audit(0.0:16422): avc: denied { setattr } for name=5072656C6F61642044617461 dev="dm-2" ino=58568 scontext=u:r:isolated_app:s0:c512,c768 tcontext=u:object_r:app_data_file:s0:c512,c768 tclass=file permissive=0
11-01 00:24:56.390 26891 26891 W CrUtilityMain: type=1400 audit(0.0:16423): avc: denied { setattr } for name="manifest.json" dev="dm-2" ino=58396 scontext=u:r:isolated_app:s0:c512,c768 tcontext=u:object_r:app_data_file:s0:c512,c768 tclass=file permissive=0
11-01 00:24:56.394 26891 26891 W CrUtilityMain: type=1400 audit(0.0:16424): avc: denied { setattr } for name="verified_contents.json" dev="dm-2" ino=58317 scontext=u:r:isolated_app:s0:c512,c768 tcontext=u:object_r:app_data_file:s0:c512,c768 tclass=file permissive=0
11-01 00:24:56.404 26878 26891 I chromium: [INFO:child_process_service.cc(69)] ChildProcessService: Exiting child process.
11-01 00:24:56.431   600  1079 I ActivityManager: Process com.android.chrome:sandboxed_process26 (pid 26878) has died
11-01 00:24:56.431   600  1079 D ActivityManager: cleanUpApplicationRecord -- 26878
11-01 00:24:56.433 26189 26189 W chromium: [WARNING:compositor_view.cc(315)] Child process died (type=6) pid=26878)
11-01 00:24:57.347 26723 26723 D MonkeyStub: translateCommand: touch down 614 1561
11-01 00:24:57.376 26723 26723 D MonkeyStub: translateCommand: touch move 614 1561
11-01 00:24:57.497 26723 26723 D MonkeyStub: translateCommand: touch move 614 1436
11-01 00:24:57.606 26723 26723 D MonkeyStub: translateCommand: touch move 614 1311
11-01 00:24:57.715 26723 26723 D MonkeyStub: translateCommand: touch move 614 1186
11-01 00:24:57.822 26723 26723 D MonkeyStub: translateCommand: touch move 614 1061
11-01 00:24:57.926 26723 26723 D MonkeyStub: translateCommand: touch move 614 937
11-01 00:24:58.034 26723 26723 D MonkeyStub: translateCommand: touch move 614 812
11-01 00:24:58.146 26723 26723 D MonkeyStub: translateCommand: touch move 614 687
11-01 00:24:58.258 26723 26723 D MonkeyStub: translateCommand: touch move 614 562
11-01 00:24:58.368 26723 26723 D MonkeyStub: translateCommand: touch move 614 437
11-01 00:24:58.475 26723 26723 D MonkeyStub: translateCommand: touch move 614 312
11-01 00:24:58.487 26723 26723 D MonkeyStub: translateCommand: touch up 614 312
11-01 00:24:58.510 26723 26723 D MonkeyStub: translateCommand: touch down 614 1561
11-01 00:24:58.516 26723 26723 D MonkeyStub: translateCommand: touch move 614 1561
11-01 00:24:58.621 26723 26723 D MonkeyStub: translateCommand: touch move 614 1436
11-01 00:24:58.732 26723 26723 D MonkeyStub: translateCommand: touch move 614 1311
11-01 00:24:58.844 26723 26723 D MonkeyStub: translateCommand: touch move 614 1186
11-01 00:24:58.953 26723 26723 D MonkeyStub: translateCommand: touch move 614 1061
11-01 00:24:59.057 26723 26723 D MonkeyStub: translateCommand: touch move 614 937
11-01 00:24:59.075   600  1081 I ActivityManager: Start proc 26896:com.android.chrome:sandboxed_process27/u0i526 for service com.android.chrome/org.chromium.content.app.SandboxedProcessService27
11-01 00:24:59.134 26896 26896 W boxed_process27: type=1400 audit(0.0:16425): avc: denied { getattr } for path="/data/data/com.android.chrome" dev="dm-2" ino=12190 scontext=u:r:isolated_app:s0:c512,c768 tcontext=u:object_r:app_data_file:s0:c512,c768 tclass=dir permissive=0
11-01 00:24:59.157 26896 26896 I cr_ChildProcessService: Creating new ChildProcessService pid=26896
11-01 00:24:59.169 26723 26723 D MonkeyStub: translateCommand: touch move 614 812
11-01 00:24:59.208 26896 26910 I cr_LibraryLoader: Loaded native library version number "85.0.4183.127"
11-01 00:24:59.210 26896 26910 I cr_CachingUmaRecorder: Flushed 1 samples from 1 histograms.
11-01 00:24:59.230 26910 26910 W CrUtilityMain: type=1400 audit(0.0:16426): avc: denied { setattr } for name="tls_deprecation_config.pb" dev="dm-2" ino=58442 scontext=u:r:isolated_app:s0:c512,c768 tcontext=u:object_r:app_data_file:s0:c512,c768 tclass=file permissive=0
11-01 00:24:59.230 26910 26910 W CrUtilityMain: type=1400 audit(0.0:16427): avc: denied { setattr } for name="manifest.json" dev="dm-2" ino=58656 scontext=u:r:isolated_app:s0:c512,c768 tcontext=u:object_r:app_data_file:s0:c512,c768 tclass=file permissive=0
11-01 00:24:59.230 26910 26910 W CrUtilityMain: type=1400 audit(0.0:16428): avc: denied { setattr } for name="verified_contents.json" dev="dm-2" ino=58674 scontext=u:r:isolated_app:s0:c512,c768 tcontext=u:object_r:app_data_file:s0:c512,c768 tclass=file permissive=0
11-01 00:24:59.245 26896 26910 I chromium: [INFO:child_process_service.cc(69)] ChildProcessService: Exiting child process.
11-01 00:24:59.263   600 27731 I ActivityManager: Process com.android.chrome:sandboxed_process27 (pid 26896) has died
11-01 00:24:59.263   600 27731 D ActivityManager: cleanUpApplicationRecord -- 26896
11-01 00:24:59.267 26189 26189 W chromium: [WARNING:compositor_view.cc(315)] Child process died (type=6) pid=26896)
11-01 00:24:59.278 26723 26723 D MonkeyStub: translateCommand: touch move 614 687
11-01 00:24:59.388 26723 26723 D MonkeyStub: translateCommand: touch move 614 562
11-01 00:24:59.492 26723 26723 D MonkeyStub: translateCommand: touch move 614 437
11-01 00:24:59.604 26723 26723 D MonkeyStub: translateCommand: touch move 614 312
11-01 00:24:59.614 26723 26723 D MonkeyStub: translateCommand: touch up 614 312
11-01 00:24:59.624 26723 26723 D MonkeyStub: Quit requested
11-01 00:24:59.649   600   614 I CwMcuSensor: CwMcuSensor::flush: fd = 225, sensors_id = 0, path = /sys/class/htc_sensorhub/sensor_hub/flush, err = 0
11-01 00:24:59.664 26723 26723 I art     : System.exit called, status: 69
11-01 00:24:59.664 26723 26723 I AndroidRuntime: VM exiting with result code 69.
11-01 00:24:59.686   600  1080 W WindowManager: Attempted to remove non-existing token: android.os.Binder@6795fdf
11-01 00:25:02.183   600  1082 I ActivityManager: Start proc 26915:com.android.chrome:sandboxed_process28/u0i527 for service com.android.chrome/org.chromium.content.app.SandboxedProcessService28
11-01 00:25:02.227 26915 26915 W boxed_process28: type=1400 audit(0.0:16429): avc: denied { getattr } for path="/data/data/com.android.chrome" dev="dm-2" ino=12190 scontext=u:r:isolated_app:s0:c512,c768 tcontext=u:object_r:app_data_file:s0:c512,c768 tclass=dir permissive=0
11-01 00:25:02.254 26915 26915 I cr_ChildProcessService: Creating new ChildProcessService pid=26915
11-01 00:25:02.290 26915 26928 I cr_LibraryLoader: Loaded native library version number "85.0.4183.127"
11-01 00:25:02.290 26915 26928 I cr_CachingUmaRecorder: Flushed 1 samples from 1 histograms.
11-01 00:25:02.304 26928 26928 W CrUtilityMain: type=1400 audit(0.0:16430): avc: denied { setattr } for name="safety_tips.pb" dev="dm-2" ino=58443 scontext=u:r:isolated_app:s0:c512,c768 tcontext=u:object_r:app_data_file:s0:c512,c768 tclass=file permissive=0
11-01 00:25:02.304 26928 26928 W CrUtilityMain: type=1400 audit(0.0:16431): avc: denied { setattr } for name="manifest.json" dev="dm-2" ino=58548 scontext=u:r:isolated_app:s0:c512,c768 tcontext=u:object_r:app_data_file:s0:c512,c768 tclass=file permissive=0
11-01 00:25:02.304 26928 26928 W CrUtilityMain: type=1400 audit(0.0:16432): avc: denied { setattr } for name="verified_contents.json" dev="dm-2" ino=58282 scontext=u:r:isolated_app:s0:c512,c768 tcontext=u:object_r:app_data_file:s0:c512,c768 tclass=file permissive=0
11-01 00:25:02.315 26915 26915 I cr_ChildProcessService: Destroying ChildProcessService pid=26915
11-01 00:25:02.316 26915 26928 I chromium: [INFO:child_process_service.cc(69)] ChildProcessService: Exiting child process.
11-01 00:25:02.340   600 24515 I ActivityManager: Process com.android.chrome:sandboxed_process28 (pid 26915) has died
11-01 00:25:02.340   600 24515 D ActivityManager: cleanUpApplicationRecord -- 26915
11-01 00:25:02.341 26189 26189 W chromium: [WARNING:compositor_view.cc(315)] Child process died (type=6) pid=26915)
11-01 00:25:05.505   600  1080 I ActivityManager: Start proc 26934:com.android.chrome:sandboxed_process29/u0i528 for service com.android.chrome/org.chromium.content.app.SandboxedProcessService29
11-01 00:25:05.587 26934 26934 W boxed_process29: type=1400 audit(0.0:16433): avc: denied { getattr } for path="/data/data/com.android.chrome" dev="dm-2" ino=12190 scontext=u:r:isolated_app:s0:c512,c768 tcontext=u:object_r:app_data_file:s0:c512,c768 tclass=dir permissive=0
11-01 00:25:05.620 26934 26934 I cr_ChildProcessService: Creating new ChildProcessService pid=26934
11-01 00:25:05.662 26934 26947 I cr_LibraryLoader: Loaded native library version number "85.0.4183.127"
11-01 00:25:05.663 26934 26947 I cr_CachingUmaRecorder: Flushed 1 samples from 1 histograms.
11-01 00:25:05.674 26947 26947 W CrUtilityMain: type=1400 audit(0.0:16434): avc: denied { setattr } for name="crl-set" dev="dm-2" ino=58596 scontext=u:r:isolated_app:s0:c512,c768 tcontext=u:object_r:app_data_file:s0:c512,c768 tclass=file permissive=0
11-01 00:25:05.677 26947 26947 W CrUtilityMain: type=1400 audit(0.0:16435): avc: denied { setattr } for name="manifest.json" dev="dm-2" ino=58310 scontext=u:r:isolated_app:s0:c512,c768 tcontext=u:object_r:app_data_file:s0:c512,c768 tclass=file permissive=0
11-01 00:25:05.677 26947 26947 W CrUtilityMain: type=1400 audit(0.0:16436): avc: denied { setattr } for name="LICENSE" dev="dm-2" ino=58647 scontext=u:r:isolated_app:s0:c512,c768 tcontext=u:object_r:app_data_file:s0:c512,c768 tclass=file permissive=0
11-01 00:25:05.680 26947 26947 W CrUtilityMain: type=1400 audit(0.0:16437): avc: denied { setattr } for name="verified_contents.json" dev="dm-2" ino=58287 scontext=u:r:isolated_app:s0:c512,c768 tcontext=u:object_r:app_data_file:s0:c512,c768 tclass=file permissive=0
11-01 00:25:05.687 26934 26947 I chromium: [INFO:child_process_service.cc(69)] ChildProcessService: Exiting child process.
11-01 00:25:05.693   197   197 E lowmemorykiller: Error writing /proc/26934/oom_score_adj; errno=22
11-01 00:25:05.703   600  3994 I ActivityManager: Process com.android.chrome:sandboxed_process29 (pid 26934) has died
11-01 00:25:05.703   600  3994 D ActivityManager: cleanUpApplicationRecord -- 26934
11-01 00:25:05.706 26189 26189 W chromium: [WARNING:compositor_view.cc(315)] Child process died (type=6) pid=26934)
11-01 00:25:11.191 20673 21208 I Icing   : IndexChimeraService.getServiceInterface callingPackage=com.android.chrome componentName=null serviceId=36
11-01 00:25:11.229 20673 21111 W Icing   : No valid account for uploading user actions
11-01 00:25:11.280 20673 21208 I Icing   : IndexChimeraService.getServiceInterface callingPackage=com.google.android.gms componentName=null serviceId=30
11-01 00:25:11.316 20673 21111 I Icing   : Usage reports ok 2, Failed Usage reports 0, indexed 2, rejected 0
11-01 00:25:11.319 20673 21111 W Icing   : No valid account for uploading user actions
11-01 00:25:11.334 20673 21111 I Icing   : Usage reports ok 0, Failed Usage reports 0, indexed 0, rejected 0
11-01 00:25:11.337 20673 21111 I Icing   : Indexing com.android.chrome-omnibox from com.android.chrome
11-01 00:25:11.375 20673 21111 I Icing   : Indexing done com.android.chrome-omnibox
11-01 00:25:12.373   787  1620 W Icing   : isOptedInForAppHistory: empty Account Name encountered
11-01 00:25:12.403   787 11832 W Icing   : isOptedInForAppHistory: empty Account Name encountered
11-01 00:25:15.683 26966 26966 D AndroidRuntime: >>>>>> START com.android.internal.os.RuntimeInit uid 2000 <<<<<<
11-01 00:25:15.687 26966 26966 D AndroidRuntime: CheckJNI is OFF
11-01 00:25:15.758 26966 26966 D ICU     : No timezone override file found: /data/misc/zoneinfo/current/icu/icu_tzdata.dat
11-01 00:25:15.788 26966 26966 I Radio-JNI: register_android_hardware_Radio DONE
11-01 00:25:15.803 26966 26966 D AndroidRuntime: Calling main entry com.android.commands.am.Am
11-01 00:25:15.819   600 13631 I ActivityManager: Force stopping com.android.chrome appid=10035 user=0: from pid 26966
11-01 00:25:15.819   600 13631 I ActivityManager: Killing 26252:com.android.chrome:privileged_process0/u0a35 (adj 0): stop com.android.chrome
11-01 00:25:15.819   600 13631 D ActivityManager: cleanUpApplicationRecord -- 26252
11-01 00:25:15.819   600 13631 W ActivityManager: Scheduling restart of crashed service com.android.chrome/org.chromium.content.app.PrivilegedProcessService0 in 1000ms
11-01 00:25:15.820   600 13631 I ActivityManager: Killing 26189:com.android.chrome/u0a35 (adj 0): stop com.android.chrome
11-01 00:25:15.820   600 13631 D ActivityManager: cleanUpApplicationRecord -- 26189
11-01 00:25:15.822   600 13631 W ActivityManager: Force removing ActivityRecord{b5ff93a u0 com.android.chrome/com.google.android.apps.chrome.Main t2535}: app died, no saved state
11-01 00:25:15.828 12218 12218 I MemoryTrimmer: Trimming objects from memory, since app is in the background.
11-01 00:25:15.832   600 13631 I ActivityManager: Killing 26672:com.android.chrome:sandboxed_process19/u0a35i518 (adj 0): isolated not needed
11-01 00:25:15.832   600 13631 I ActivityManager: Killing 26225:com.android.chrome:sandboxed_process0/u0a35i499 (adj 0): isolated not needed
11-01 00:25:15.852 26966 26966 D AndroidRuntime: Shutting down VM
11-01 00:25:15.873   600  1081 D ActivityManager: cleanUpApplicationRecord -- 26225
11-01 00:25:15.887 18269 18304 I OpenGLRenderer: Initialized EGL, version 1.4
11-01 00:25:15.887 18269 18304 D OpenGLRenderer: Swap behavior 2
11-01 00:25:15.915   600   713 E JavaBinder: !!! FAILED BINDER TRANSACTION !!!  (parcel size = 104)
11-01 00:25:15.919   600   713 W InputMethodManagerService: Got RemoteException sending setActive(false) notification to pid 26189 uid 10035
11-01 00:25:15.919   600   713 E JavaBinder: !!! FAILED BINDER TRANSACTION !!!  (parcel size = 108)
11-01 00:25:15.938  1061  1061 D RegisteredNfcFServicesCache: Service unchanged, not updating
11-01 00:25:15.973   600 22670 D ActivityManager: cleanUpApplicationRecord -- 26672
11-01 00:25:15.976   600   713 D ConnectivityService: ConnectivityService NetworkRequestInfo binderDied(NetworkRequest [ LISTEN id=2231, [ Capabilities: INTERNET&NOT_RESTRICTED&TRUSTED&FOREGROUND] ], android.os.BinderProxy@d8e01ba)
11-01 00:25:15.976   600 13631 D ConnectivityService: ConnectivityService NetworkRequestInfo binderDied(NetworkRequest [ LISTEN id=2232, [ Capabilities: INTERNET&NOT_RESTRICTED&TRUSTED&FOREGROUND] ], android.os.BinderProxy@9d9986b)
11-01 00:25:15.976   600  2707 D ConnectivityService: ConnectivityService NetworkRequestInfo binderDied(NetworkRequest [ LISTEN id=2233, [ Capabilities: INTERNET&NOT_RESTRICTED&TRUSTED&FOREGROUND] ], android.os.BinderProxy@bd8afc8)
11-01 00:25:15.976   600  2707 D ConnectivityService: ConnectivityService NetworkRequestInfo binderDied(NetworkRequest [ LISTEN id=2234, [ Capabilities: INTERNET&NOT_RESTRICTED&TRUSTED&FOREGROUND] ], android.os.BinderProxy@d81f861)
11-01 00:25:15.976   600  2707 D GraphicsStats: Buffer count: 2
11-01 00:25:15.978   600   649 E ConnectivityService: RemoteException caught trying to send a callback msg for NetworkRequest [ LISTEN id=2231, [ Capabilities: INTERNET&NOT_RESTRICTED&TRUSTED&FOREGROUND] ]
11-01 00:25:15.978   600   649 E ConnectivityService: RemoteException caught trying to send a callback msg for NetworkRequest [ LISTEN id=2233, [ Capabilities: INTERNET&NOT_RESTRICTED&TRUSTED&FOREGROUND] ]
11-01 00:25:15.978   600   649 E ConnectivityService: RemoteException caught trying to send a callback msg for NetworkRequest [ LISTEN id=2234, [ Capabilities: INTERNET&NOT_RESTRICTED&TRUSTED&FOREGROUND] ]
11-01 00:25:15.983   600   649 E ConnectivityService: RemoteException caught trying to send a callback msg for NetworkRequest [ LISTEN id=2232, [ Capabilities: INTERNET&NOT_RESTRICTED&TRUSTED&FOREGROUND] ]
11-01 00:25:15.990 12218 19490 I AttachedClient: Adding client event 2 to pending list.
11-01 00:25:15.993 12218 12218 I OptInState: There is a new client and it does not support opt-in. Dropping request.
11-01 00:25:15.999 12218 12218 I MicroDetectionWorker: Micro detection mode: [mDetectionMode: [1]].
11-01 00:25:16.008 12218 26980 I MicroRecognitionRunner: Starting detection.
11-01 00:25:16.009 12218 12252 I MicrophoneInputStream: mic_starting com.google.android.apps.gsa.speech.audio.ae@bd1d0b8
11-01 00:25:16.017   238 26983 I AudioFlinger: AudioFlinger's thread 0xef692e40 ready to run
11-01 00:25:16.026   238   285 I SoundTriggerHwService::Module: void android::SoundTriggerHwService::Module::onCallbackEvent(const sp<android::SoundTriggerHwService::CallbackEvent> &) mClient == 0
11-01 00:25:16.028 12218 12252 I MicrophoneInputStream: mic_started com.google.android.apps.gsa.speech.audio.ae@bd1d0b8
11-01 00:25:16.207 12218 12218 I MicroDetectionWorker: onReady
11-01 00:25:16.329 26978 26978 D AndroidRuntime: >>>>>> START com.android.internal.os.RuntimeInit uid 2000 <<<<<<
11-01 00:25:16.333 26978 26978 D AndroidRuntime: CheckJNI is OFF
