--------- beginning of main
10-31 23:48:43.051 12484 12484 D AndroidRuntime: >>>>>> START com.android.internal.os.RuntimeInit uid 2000 <<<<<<
10-31 23:48:43.054 12484 12484 D AndroidRuntime: CheckJNI is OFF
10-31 23:48:43.123 12484 12484 D ICU     : No timezone override file found: /data/misc/zoneinfo/current/icu/icu_tzdata.dat
10-31 23:48:43.151 12484 12484 I Radio-JNI: register_android_hardware_Radio DONE
10-31 23:48:43.166 12484 12484 D AndroidRuntime: Calling main entry com.android.commands.am.Am
--------- beginning of system
10-31 23:48:43.185   600  1076 I ActivityManager: Force stopping com.android.chrome appid=10035 user=0: from pid 12484
10-31 23:48:43.185   600  1076 I ActivityManager: Killing 12312:com.android.chrome/u0a35 (adj 904): stop com.android.chrome
10-31 23:48:43.185   600  1076 D ActivityManager: cleanUpApplicationRecord -- 12312
10-31 23:48:43.193  1061  1061 W ResourceType: ResTable_typeSpec entry count inconsistent: given 67, previously 69
10-31 23:48:43.193  1061  1061 W ResourceType: ResTable_typeSpec entry count inconsistent: given 5346, previously 5347
10-31 23:48:43.207  1061  1061 D RegisteredNfcFServicesCache: Service unchanged, not updating
10-31 23:48:43.442   600 27731 I ActivityManager: START u0 {act=android.intent.action.VIEW flg=0x10008000 cmp=com.android.chrome/com.google.android.apps.chrome.Main} from uid 2000 on display 0
10-31 23:48:43.478 12484 12484 D AndroidRuntime: Shutting down VM
10-31 23:48:43.511   600  3967 I ActivityManager: Start proc 12494:com.android.chrome/u0a35 for activity com.android.chrome/com.google.android.apps.chrome.Main
10-31 23:48:43.765   600   707 I ActivityManager: START u0 {cmp=com.android.chrome/org.chromium.chrome.browser.firstrun.TabbedModeFirstRunActivity (has extras)} from uid 10035 on display 0
10-31 23:48:43.800 12494 12511 W DynamiteModule: Local module descriptor class for com.google.android.gms.googlecertificates not found.
10-31 23:48:43.840 12494 12511 I DynamiteModule: Considering local module com.google.android.gms.googlecertificates:0 and remote module com.google.android.gms.googlecertificates:6
10-31 23:48:43.840 12494 12511 I DynamiteModule: Selected remote version of com.google.android.gms.googlecertificates, version >= 6
10-31 23:48:44.079 12494 12511 W System  : ClassLoader referenced unknown path: 
10-31 23:48:44.109 12494 12511 D ApplicationLoaders: ignored Vulkan layer search path /data/app/com.google.android.gms-1/lib/arm:/data/app/com.google.android.gms-1/base.apk!/lib/armeabi-v7a:/data/app/com.google.android.gms-1/split_config.en.apk!/lib/armeabi-v7a for namespace 0xf4a47090
10-31 23:48:44.122 12494 12511 W ResourceType: ResTable_typeSpec entry count inconsistent: given 67, previously 69
10-31 23:48:44.122 12494 12511 W ResourceType: ResTable_typeSpec entry count inconsistent: given 5346, previously 5347
10-31 23:48:44.127 12494 12513 I OpenGLRenderer: Initialized EGL, version 1.4
10-31 23:48:44.128 12494 12513 D OpenGLRenderer: Swap behavior 2
10-31 23:48:44.221   600   620 W WindowManager: Failed looking up window
10-31 23:48:44.221   600   620 W WindowManager: java.lang.IllegalArgumentException: Requested window android.view.ViewRootImpl$W@127ae12 does not exist
10-31 23:48:44.221   600   620 W WindowManager: 	at com.android.server.wm.WindowManagerService.windowForClientLocked(WindowManagerService.java:9422)
10-31 23:48:44.221   600   620 W WindowManager: 	at com.android.server.wm.WindowManagerService.windowForClientLocked(WindowManagerService.java:9413)
10-31 23:48:44.221   600   620 W WindowManager: 	at com.android.server.wm.WindowManagerService.removeWindow(WindowManagerService.java:2393)
10-31 23:48:44.221   600   620 W WindowManager: 	at com.android.server.wm.Session.remove(Session.java:202)
10-31 23:48:44.221   600   620 W WindowManager: 	at android.view.ViewRootImpl.dispatchDetachedFromWindow(ViewRootImpl.java:3290)
10-31 23:48:44.221   600   620 W WindowManager: 	at android.view.ViewRootImpl.doDie(ViewRootImpl.java:5917)
10-31 23:48:44.221   600   620 W WindowManager: 	at android.view.ViewRootImpl$ViewRootHandler.handleMessage(ViewRootImpl.java:3626)
10-31 23:48:44.221   600   620 W WindowManager: 	at android.os.Handler.dispatchMessage(Handler.java:102)
10-31 23:48:44.221   600   620 W WindowManager: 	at android.os.Looper.loop(Looper.java:154)
10-31 23:48:44.221   600   620 W WindowManager: 	at android.os.HandlerThread.run(HandlerThread.java:61)
10-31 23:48:44.221   600   620 W WindowManager: 	at com.android.server.ServiceThread.run(ServiceThread.java:46)
10-31 23:48:44.232 12494 12512 I cr_LibraryLoader: Loaded native library version number "85.0.4183.127"
10-31 23:48:44.248 12494 12511 I DynamiteLoaderV2Impl: [70] Googlecertificates
10-31 23:48:44.251 12494 12512 I cr_CachingUmaRecorder: Flushed 10 samples from 10 histograms.
10-31 23:48:44.296 12494 12511 W System  : ClassLoader referenced unknown path: /data/user_de/0/com.google.android.gms/app_chimera/m/00000061/n/armeabi-v7a
10-31 23:48:44.296 12494 12511 W System  : ClassLoader referenced unknown path: /data/user_de/0/com.google.android.gms/app_chimera/m/00000061/n/armeabi
10-31 23:48:44.357   600   620 I ActivityManager: Displayed com.android.chrome/org.chromium.chrome.browser.firstrun.TabbedModeFirstRunActivity: +497ms (total +884ms)
10-31 23:48:44.367 12218 12218 I MemoryTrimmer: Trimming objects from memory, since app is in the background.
10-31 23:48:44.370 12218 12229 W SearchService: Abort, client detached.
10-31 23:48:44.378 18269 18269 I MemoryTrimmer: Trimming objects from memory, since app is in the background.
10-31 23:48:44.382 12218 12218 I MicroDetector: Keeping mic open: false
10-31 23:48:44.383 12218 12293 I DeviceStateChecker: DeviceStateChecker cancelled
10-31 23:48:44.383 12218 12248 I AudioController: internalShutdown
10-31 23:48:44.383 12218 12248 I MicrophoneInputStream: mic_close com.google.android.apps.gsa.speech.audio.ae@5f07dc1
10-31 23:48:44.384 12218 12292 I MicroRecognitionRunner: Stopping hotword detection.
10-31 23:48:44.429   238   285 I SoundTriggerHwService::Module: void android::SoundTriggerHwService::Module::onCallbackEvent(const sp<android::SoundTriggerHwService::CallbackEvent> &) mClient == 0
10-31 23:48:44.433 12218 12294 I MicroRecognitionRunner: Detection finished
10-31 23:48:44.446 12218 12218 I MemoryTrimmer: Trimming objects from memory, since app is in the background.
10-31 23:48:44.448   787  1259 E apju    : Phenotype API error. Event # cdub@93fbba61, EventCode: 7 [CONTEXT service_id=51 ]
10-31 23:48:44.448   787  1259 E apju    : apiz: 29505: No config packages for log source, or config package not registered
10-31 23:48:44.448   787  1259 E apju    : 	at apkj.b(:com.google.android.gms@203915020@20.39.15 (040406-335085812):7)
10-31 23:48:44.448   787  1259 E apju    : 	at apkg.b(:com.google.android.gms@203915020@20.39.15 (040406-335085812):2)
10-31 23:48:44.448   787  1259 E apju    : 	at apju.a(:com.google.android.gms@203915020@20.39.15 (040406-335085812):85)
10-31 23:48:44.448   787  1259 E apju    : 	at apju.a(:com.google.android.gms@203915020@20.39.15 (040406-335085812):80)
10-31 23:48:44.448   787  1259 E apju    : 	at aain.run(:com.google.android.gms@203915020@20.39.15 (040406-335085812):7)
10-31 23:48:44.448   787  1259 E apju    : 	at boex.run(:com.google.android.gms@203915020@20.39.15 (040406-335085812):2)
10-31 23:48:44.448   787  1259 E apju    : 	at sup.b(:com.google.android.gms@203915020@20.39.15 (040406-335085812):12)
10-31 23:48:44.448   787  1259 E apju    : 	at sup.run(:com.google.android.gms@203915020@20.39.15 (040406-335085812):7)
10-31 23:48:44.448   787  1259 E apju    : 	at java.util.concurrent.ThreadPoolExecutor.runWorker(ThreadPoolExecutor.java:1133)
10-31 23:48:44.448   787  1259 E apju    : 	at java.util.concurrent.ThreadPoolExecutor$Worker.run(ThreadPoolExecutor.java:607)
10-31 23:48:44.448   787  1259 E apju    : 	at tam.run(:com.google.android.gms@203915020@20.39.15 (040406-335085812):0)
10-31 23:48:44.448   787  1259 E apju    : 	at java.lang.Thread.run(Thread.java:761)
10-31 23:48:44.450   787  1259 E AsyncOperation: serviceID=51, operation=GetExperimentTokensOperationCall [CONTEXT service_id=259 ]
10-31 23:48:44.450   787  1259 E AsyncOperation: OperationException[Status{statusCode=No config packages for log source, or config package not registered, resolution=null}]
10-31 23:48:44.450   787  1259 E AsyncOperation: 	at apju.a(:com.google.android.gms@203915020@20.39.15 (040406-335085812):87)
10-31 23:48:44.450   787  1259 E AsyncOperation: 	at apju.a(:com.google.android.gms@203915020@20.39.15 (040406-335085812):80)
10-31 23:48:44.450   787  1259 E AsyncOperation: 	at aain.run(:com.google.android.gms@203915020@20.39.15 (040406-335085812):7)
10-31 23:48:44.450   787  1259 E AsyncOperation: 	at boex.run(:com.google.android.gms@203915020@20.39.15 (040406-335085812):2)
10-31 23:48:44.450   787  1259 E AsyncOperation: 	at sup.b(:com.google.android.gms@203915020@20.39.15 (040406-335085812):12)
10-31 23:48:44.450   787  1259 E AsyncOperation: 	at sup.run(:com.google.android.gms@203915020@20.39.15 (040406-335085812):7)
10-31 23:48:44.450   787  1259 E AsyncOperation: 	at java.util.concurrent.ThreadPoolExecutor.runWorker(ThreadPoolExecutor.java:1133)
10-31 23:48:44.450   787  1259 E AsyncOperation: 	at java.util.concurrent.ThreadPoolExecutor$Worker.run(ThreadPoolExecutor.java:607)
10-31 23:48:44.450   787  1259 E AsyncOperation: 	at tam.run(:com.google.android.gms@203915020@20.39.15 (040406-335085812):0)
10-31 23:48:44.450   787  1259 E AsyncOperation: 	at java.lang.Thread.run(Thread.java:761)
10-31 23:48:44.484 12494 12511 D NetworkSecurityConfig: Using Network Security Config from resource 0_resource_name_obfuscated debugBuild: false
10-31 23:48:44.494   787  1716 I FontLog : Received query Google Sans, URI content://com.google.android.gms.fonts [CONTEXT service_id=132 ]
10-31 23:48:44.497   787  1716 I FontLog : Query [Google Sans] resolved to {Google Sans, wdth 100.0, wght 400, ital 0.0, bestEffort false} [CONTEXT service_id=132 ]
10-31 23:48:44.504   787  1716 I FontLog : Font PFD returned from cache for {Google Sans, wdth 100.0, wght 400, ital 0.0, bestEffort false} [CONTEXT service_id=132 ]
10-31 23:48:44.507   787  1716 I FontLog : Fetch {Google Sans, wdth 100.0, wght 400, ital 0.0, bestEffort false} end status Status{statusCode=SUCCESS, resolution=null} [CONTEXT service_id=132 ]
10-31 23:48:44.515   787 28596 I FontLog : Pulling font file for id = 2124, cache size = 6 [CONTEXT service_id=132 ]
10-31 23:48:44.560   787 28597 I FontLog : Received query Google Sans:500, URI content://com.google.android.gms.fonts [CONTEXT service_id=132 ]
10-31 23:48:44.560   787 28597 I FontLog : Query [Google Sans:500] resolved to {Google Sans, wdth 100.0, wght 500, ital 0.0, bestEffort false} [CONTEXT service_id=132 ]
10-31 23:48:44.567   787 28597 I FontLog : Font PFD returned from cache for {Google Sans, wdth 100.0, wght 500, ital 0.0, bestEffort false} [CONTEXT service_id=132 ]
10-31 23:48:44.568   787 28597 I FontLog : Fetch {Google Sans, wdth 100.0, wght 500, ital 0.0, bestEffort false} end status Status{statusCode=SUCCESS, resolution=null} [CONTEXT service_id=132 ]
10-31 23:48:44.578   787 28590 I FontLog : Pulling font file for id = 2125, cache size = 7 [CONTEXT service_id=132 ]
10-31 23:48:44.782 12494 12511 I cr_VariationsSeedFetch: Fetched first run seed in 322 ms
10-31 23:48:44.819   600  3509 I ActivityManager: Start proc 12532:com.android.chrome:sandboxed_process0/u0i274 for service com.android.chrome/org.chromium.content.app.SandboxedProcessService0
10-31 23:48:44.867 12532 12532 W dboxed_process0: type=1400 audit(0.0:16054): avc: denied { getattr } for path="/data/data/com.android.chrome" dev="dm-2" ino=12190 scontext=u:r:isolated_app:s0:c512,c768 tcontext=u:object_r:app_data_file:s0:c512,c768 tclass=dir permissive=0
10-31 23:48:44.902 12532 12532 I cr_ChildProcessService: Creating new ChildProcessService pid=12532
10-31 23:48:45.186   600 13631 I ActivityManager: Start proc 12560:com.android.chrome:privileged_process0/u0a35 for service com.android.chrome/org.chromium.content.app.PrivilegedProcessService0
10-31 23:48:45.257 12494 12516 W ConnectionStatusConfig: Dynamic lookup for intent failed for action: com.google.android.gms.auth.key.retrieval.service.START
10-31 23:48:45.307 12494 12516 W ConnectionStatusConfig: Dynamic lookup for intent failed for action: com.google.android.gms.auth.key.retrieval.service.START
10-31 23:48:45.308   600   707 W ActivityManager: Unable to start service Intent { act=com.google.android.gms.auth.key.retrieval.service.START pkg=com.google.android.gms } U=0: not found
10-31 23:48:45.309   600 22670 W ActivityManager: Unbind failed: could not find connection for android.os.BinderProxy@54380ce
10-31 23:48:45.309 12494 12516 E GmsClient: unable to connect to service: com.google.android.gms.auth.key.retrieval.service.START on com.google.android.gms
10-31 23:48:45.332 12560 12560 I cr_ChildProcessService: Creating new ChildProcessService pid=12560
10-31 23:48:45.387 12560 12576 I cr_LibraryLoader: Loaded native library version number "85.0.4183.127"
10-31 23:48:45.387 12560 12576 I cr_CachingUmaRecorder: Flushed 1 samples from 1 histograms.
10-31 23:48:45.401 12494 12494 W cr_KnoxSettingsProvider: Permission to read device policy denied.
10-31 23:48:45.410 12560 12576 E libEGL  : validate_display:99 error 3008 (EGL_BAD_DISPLAY)
10-31 23:48:54.492 12218 12218 I MemoryTrimmer: Trimming objects from memory, since app is in the background.
10-31 23:48:56.596 12606 12606 D AndroidRuntime: >>>>>> START com.android.internal.os.RuntimeInit uid 2000 <<<<<<
10-31 23:48:56.599 12606 12606 D AndroidRuntime: CheckJNI is OFF
10-31 23:48:56.666 12606 12606 D ICU     : No timezone override file found: /data/misc/zoneinfo/current/icu/icu_tzdata.dat
10-31 23:48:56.698 12606 12606 I Radio-JNI: register_android_hardware_Radio DONE
10-31 23:48:56.713 12606 12606 D AndroidRuntime: Calling main entry com.android.commands.monkey.Monkey
10-31 23:48:56.780   600   613 W BroadcastQueue: Skipping deliver [background] BroadcastRecord{c677a56 u-1 android.net.conn.CONNECTIVITY_CHANGE} to ReceiverList{3d97ad7 12606 (unknown name)/2000/u-1 remote:e645a18}: process crashing
10-31 23:48:58.355 12606 12606 D MonkeyStub: translateCommand: wake
10-31 23:48:58.469 12606 12606 D MonkeyStub: translateCommand: tap 398 1198
10-31 23:49:00.560 12606 12606 D MonkeyStub: translateCommand: tap 720 1506
10-31 23:49:00.772 12349 12360 I PeopleChimeraService: onService. callbacks = aaik@a9de564, request = com.google.android.gms.common.internal.GetServiceRequest@7753cd
10-31 23:49:00.776 12349 12394 I PeopleChimeraService: onService. callbacks = aaik@be55482, request = com.google.android.gms.common.internal.GetServiceRequest@ef0c793
10-31 23:49:00.924 12349 12623 I PeopleDatabaseHelper: cleanUpNonGplusAccounts done.
10-31 23:49:02.629 12606 12606 D MonkeyStub: translateCommand: tap 355 1480
10-31 23:49:02.645 12606 12606 D MonkeyStub: Quit requested
10-31 23:49:02.680   600   611 I ActivityManager: START u0 {act=android.intent.action.VIEW flg=0x10008000 cmp=com.android.chrome/com.google.android.apps.chrome.Main (has extras)} from uid 10035 on display 0
10-31 23:49:02.710   600   614 I CwMcuSensor: CwMcuSensor::flush: fd = 245, sensors_id = 0, path = /sys/class/htc_sensorhub/sensor_hub/flush, err = 0
10-31 23:49:02.724 12606 12606 I art     : System.exit called, status: 6
10-31 23:49:02.724 12606 12606 I AndroidRuntime: VM exiting with result code 6.
10-31 23:49:02.758   600   611 W WindowManager: Attempted to remove non-existing token: android.os.Binder@50ffc4
10-31 23:49:02.866 12494 12494 E cr_CompositorSurfaceMgr: Transitioning to surface with format : -1
10-31 23:49:02.950   600   609 I art     : Background partial concurrent mark sweep GC freed 19245(988KB) AllocSpace objects, 3(60KB) LOS objects, 33% free, 17MB/26MB, paused 809us total 193.340ms
10-31 23:49:02.980 12494 12548 W cr_tabmodel: Starting to perform legacy migration.
10-31 23:49:02.981 12494 12548 W cr_tabmodel: Finished performing legacy migration.
10-31 23:49:02.981 12494 12548 W cr_tabmodel: Starting to perform multi-instance migration.
10-31 23:49:02.981 12494 12548 W cr_tabmodel: Finished performing multi-instance migration.
10-31 23:49:02.981 12494 12548 I cr_tabmodel: Starting to fetch tab list for tab_state0
10-31 23:49:02.981 12494 12548 I cr_tabmodel: State file does not exist.
10-31 23:49:02.981 12494 12548 I cr_tabmodel: Starting to fetch tab list for tab_state1
10-31 23:49:02.981 12494 12548 I cr_tabmodel: State file does not exist.
10-31 23:49:03.021 12494 12548 I cr_ADCP : No customization source found
10-31 23:49:03.103   600   620 I ActivityManager: Displayed com.android.chrome/com.google.android.apps.chrome.Main: +378ms
10-31 23:49:03.120   600 13557 E BatteryStatsService: power: Missing API
10-31 23:49:03.126   796   796 E PhoneInterfaceManager: [PhoneIntfMgr] queryModemActivityInfo: Empty response
10-31 23:49:03.127   600 13557 E BatteryStatsService: no controller energy info supplied
10-31 23:49:03.138 12494 12513 D OpenGLRenderer: endAllActiveAnimators on 0xd2aa7480 (InsetDrawable) with handle 0xe5b18930
10-31 23:49:03.147 12494 12494 E cr_CompositorSurfaceMgr: Transitioning to surface with format : -1
10-31 23:49:03.151 12494 12494 E cr_CompositorSurfaceMgr: surfaceCreated format : 0
10-31 23:49:03.155   600 13557 E BatteryStatsService: modem info is invalid: ModemActivityInfo{ mTimestamp=0 mSleepTimeMs=0 mIdleTimeMs=0 mTxTimeMs[]=[0, 0, 0, 0, 0] mRxTimeMs=0 mEnergyUsed=0}
10-31 23:49:03.162 12494 12494 I cr_ContextualSearch: Tap suppression enabled: false
10-31 23:49:03.167 12494 12494 I cr_ChromeTabbedActivity: #initializeState
10-31 23:49:03.167 12494 12494 I cr_CipherFactory: #restoreFromBundle, no savedInstanceState.
10-31 23:49:03.167 12494 12494 I cr_tabmodel: #loadState, ignoreIncognitoFiles? true
10-31 23:49:03.375 12494 12494 I SchedulerApiWrapper: Create SchedulerApiMainThreadWrapper
10-31 23:49:03.388 12494 12494 I FeedSessionManagerImpl: FeedSessionManagerImpl has been created
10-31 23:49:03.388 12494 12494 I FeedAppLifecycleLstnr: onEnterForeground called
10-31 23:49:03.389 12494 12494 I FeedSessionManagerImpl: onLifecycleEvent foreground
10-31 23:49:03.390 12494 12494 I FeedSessionManagerImpl: Lazy initialization triggered, getUpdateConsumer
10-31 23:49:03.391 12494 12551 I TaskQueue: Execute task [IMMEDIATE - d: true, b: 0]: 30
10-31 23:49:03.392 12494 12494 I FeedRequestManagerImpl: trigger refresh 2
10-31 23:49:03.392 12494 12494 I TaskQueue:  - task [HEAD_INVALIDATE - d: true, b: 0]: 26
10-31 23:49:03.393 12494 12494 I FeedAppLifecycleLstnr: initialize called
10-31 23:49:03.393 12494 12494 I FeedSessionManagerImpl: onLifecycleEvent initialize
10-31 23:49:03.393 12494 12494 W FeedSessionManagerImpl: FeedSessionManagerImpl has previously been initialized
10-31 23:49:03.419 12494 12494 I ViewConfigCompat: Could not find method getScaledScrollFactor() on ViewConfiguration
10-31 23:49:03.422 12494 12494 I BasicStream: Setting 2 header views, currently have 0 headers
10-31 23:49:03.424 12494 12494 I BasicStream: Setting 2 header views, currently have 2 headers
10-31 23:49:03.490   600   619 D BluetoothManagerService: Message: 20
10-31 23:49:03.490   600   619 D BluetoothManagerService: Added callback: android.bluetooth.IBluetoothManagerCallback$Stub$Proxy@ac6dfbc:true
10-31 23:49:03.522 12532 12545 I cr_LibraryLoader: Loaded native library version number "85.0.4183.127"
10-31 23:49:03.526 12532 12545 I cr_CachingUmaRecorder: Flushed 1 samples from 1 histograms.
10-31 23:49:03.527 12494 12494 E cr_IntentUtils: getBooleanExtra failed on intent null
10-31 23:49:03.544 12494 12494 I TimeoutSessionImpl: Using TimeoutSessionImpl
10-31 23:49:03.544 12494 12494 I FeedSessionManagerImpl: Delaying populateSession until initialization is finished
10-31 23:49:03.544 12494 12494 I TaskQueue:  - task [IMMEDIATE - d: true, b: 1]: 13
10-31 23:49:03.546 12494 12494 I MainThreadRunner: Running task [BasicStream onShow] on the Main Thread with a delay of 500 milliseconds
10-31 23:49:03.629   600   610 I ActivityManager: Start proc 12643:com.android.chrome:sandboxed_process1/u0i275 for service com.android.chrome/org.chromium.content.app.SandboxedProcessService1
10-31 23:49:03.642 12494 12551 W SessionCache: Persisted Sessions were not found
10-31 23:49:03.642 12494 12551 I HeadSessionImpl: Initialize HEAD 0 items
10-31 23:49:03.642 12494 12551 I TaskQueue:  - task [BACKGROUND - d: true, b: 2]: 11
10-31 23:49:03.642 12494 12551 I TimingUtils: Task Timing 251ms, thread JardinExecutor | task : Initialization
10-31 23:49:03.643 12494 12551 I TaskQueue:  - Finished 30, time 252 ms
10-31 23:49:03.643 12494 12551 I TaskQueue: Execute task [HEAD_INVALIDATE - d: true, b: 2]: 26
10-31 23:49:03.644 12494 12551 I TimingUtils: Task Timing   0ms, thread JardinExecutor | task : getAllDismissLocalActions | size : 0
10-31 23:49:03.644 12494 12551 I TimingUtils: Task Timing   0ms, thread JardinExecutor | task : getSemanticProperties | size : 0
10-31 23:49:03.644 12494 12551 I MainThreadRunner: Running task [Check Tooltips] on the Main Thread
10-31 23:49:03.644 12494 12551 I TaskQueue:  * Starting starvation checks
10-31 23:49:03.644 12494 12551 I MainThreadRunner: Running task [starvationChecks] on the Main Thread with a delay of 6000 milliseconds
10-31 23:49:03.644 12494 12551 I TaskQueue:  - Finished 26, time 2 ms
10-31 23:49:03.644 12494 12551 I TaskQueue: Execute task [IMMEDIATE - d: true, b: 1]: 13
10-31 23:49:03.645 12494 12551 I FeedSessionManagerImpl: shouldSessionRequestData; hasContent(false), contentCreationTime(0), outstandingRequest(true)
10-31 23:49:03.645 12494 12551 I MainThreadRunner: Running task [SchedulerApiWrapper shouldSessionRequestData] on the Main Thread
10-31 23:49:03.678   600 25704 I ActivityManager: Start proc 12648:com.android.chrome:sandboxed_process2/u0i276 for service com.android.chrome/org.chromium.content.app.SandboxedProcessService2
10-31 23:49:03.727   600   713 I ActivityManager: Start proc 12659:com.android.chrome:sandboxed_process3/u0i277 for service com.android.chrome/org.chromium.content.app.SandboxedProcessService3
10-31 23:49:03.759   600  3509 I ActivityManager: Start proc 12683:com.android.chrome:sandboxed_process4/u0i278 for service com.android.chrome/org.chromium.content.app.SandboxedProcessService4
10-31 23:49:03.819   600 22670 I ActivityManager: Start proc 12692:com.android.chrome:sandboxed_process5/u0i279 for service com.android.chrome/org.chromium.content.app.SandboxedProcessService5
10-31 23:49:03.893   600  7064 I ActivityManager: Start proc 12706:com.android.chrome:sandboxed_process6/u0i280 for service com.android.chrome/org.chromium.content.app.SandboxedProcessService6
10-31 23:49:03.947 12659 12659 W dboxed_process3: type=1400 audit(0.0:16055): avc: denied { getattr } for path="/data/data/com.android.chrome" dev="dm-2" ino=12190 scontext=u:r:isolated_app:s0:c512,c768 tcontext=u:object_r:app_data_file:s0:c512,c768 tclass=dir permissive=0
10-31 23:49:03.956   600 27731 I ActivityManager: Start proc 12717:com.android.chrome:sandboxed_process7/u0i281 for service com.android.chrome/org.chromium.content.app.SandboxedProcessService7
10-31 23:49:03.970 12648 12648 W dboxed_process2: type=1400 audit(0.0:16056): avc: denied { getattr } for path="/data/data/com.android.chrome" dev="dm-2" ino=12190 scontext=u:r:isolated_app:s0:c512,c768 tcontext=u:object_r:app_data_file:s0:c512,c768 tclass=dir permissive=0
10-31 23:49:04.007 12643 12643 W dboxed_process1: type=1400 audit(0.0:16057): avc: denied { getattr } for path="/data/data/com.android.chrome" dev="dm-2" ino=12190 scontext=u:r:isolated_app:s0:c512,c768 tcontext=u:object_r:app_data_file:s0:c512,c768 tclass=dir permissive=0
10-31 23:49:04.018   600 10249 I ActivityManager: Start proc 12732:com.android.chrome:sandboxed_process8/u0i282 for service com.android.chrome/org.chromium.content.app.SandboxedProcessService8
10-31 23:49:04.054 12494 12494 I PlayCore: UID: [10035]  PID: [12494] SplitInstallService : deferredInstall([image_editor])
10-31 23:49:04.078 12494 12743 I PlayCore: UID: [10035]  PID: [12494] SplitInstallService : Initiate binding to the service.
10-31 23:49:04.090 12683 12683 W dboxed_process4: type=1400 audit(0.0:16058): avc: denied { getattr } for path="/data/data/com.android.chrome" dev="dm-2" ino=12190 scontext=u:r:isolated_app:s0:c512,c768 tcontext=u:object_r:app_data_file:s0:c512,c768 tclass=dir permissive=0
10-31 23:49:04.170 12692 12692 W dboxed_process5: type=1400 audit(0.0:16059): avc: denied { getattr } for path="/data/data/com.android.chrome" dev="dm-2" ino=12190 scontext=u:r:isolated_app:s0:c512,c768 tcontext=u:object_r:app_data_file:s0:c512,c768 tclass=dir permissive=0
10-31 23:49:04.217   600  1076 I ActivityManager: Start proc 12754:com.android.chrome:sandboxed_process9/u0i283 for service com.android.chrome/org.chromium.content.app.SandboxedProcessService9
10-31 23:49:04.268 12648 12648 I cr_ChildProcessService: Creating new ChildProcessService pid=12648
10-31 23:49:04.284 12659 12659 I cr_ChildProcessService: Creating new ChildProcessService pid=12659
10-31 23:49:04.315 12643 12643 I cr_ChildProcessService: Creating new ChildProcessService pid=12643
10-31 23:49:04.349 12683 12683 I cr_ChildProcessService: Creating new ChildProcessService pid=12683
10-31 23:49:04.360 12706 12706 W dboxed_process6: type=1400 audit(0.0:16060): avc: denied { getattr } for path="/data/data/com.android.chrome" dev="dm-2" ino=12190 scontext=u:r:isolated_app:s0:c512,c768 tcontext=u:object_r:app_data_file:s0:c512,c768 tclass=dir permissive=0
10-31 23:49:04.380 12717 12717 W dboxed_process7: type=1400 audit(0.0:16061): avc: denied { getattr } for path="/data/data/com.android.chrome" dev="dm-2" ino=12190 scontext=u:r:isolated_app:s0:c512,c768 tcontext=u:object_r:app_data_file:s0:c512,c768 tclass=dir permissive=0
10-31 23:49:04.400 12692 12692 I cr_ChildProcessService: Creating new ChildProcessService pid=12692
10-31 23:49:04.424 12494 12494 I cr_tabmodel: Appending tabs being restored to metadata lists, 0, startingNormalCount: 1, startingIncognitoCount: 0
10-31 23:49:04.424 12494 12494 I cr_tabmodel: Serializing tab lists; counts: 1, 0
10-31 23:49:04.447 12732 12732 W dboxed_process8: type=1400 audit(0.0:16062): avc: denied { getattr } for path="/data/data/com.android.chrome" dev="dm-2" ino=12190 scontext=u:r:isolated_app:s0:c512,c768 tcontext=u:object_r:app_data_file:s0:c512,c768 tclass=dir permissive=0
10-31 23:49:04.518 12494 12494 I Choreographer: Skipped 84 frames!  The application may be doing too much work on its main thread.
10-31 23:49:04.604 12706 12706 I cr_ChildProcessService: Creating new ChildProcessService pid=12706
10-31 23:49:04.610 12754 12754 W dboxed_process9: type=1400 audit(0.0:16063): avc: denied { getattr } for path="/data/data/com.android.chrome" dev="dm-2" ino=12190 scontext=u:r:isolated_app:s0:c512,c768 tcontext=u:object_r:app_data_file:s0:c512,c768 tclass=dir permissive=0
10-31 23:49:04.629 12717 12717 I cr_ChildProcessService: Creating new ChildProcessService pid=12717
10-31 23:49:04.648 12732 12732 I cr_ChildProcessService: Creating new ChildProcessService pid=12732
10-31 23:49:04.681 12648 12760 I cr_LibraryLoader: Loaded native library version number "85.0.4183.127"
10-31 23:49:04.681 12648 12760 I cr_CachingUmaRecorder: Flushed 1 samples from 1 histograms.
10-31 23:49:04.701 12659 12762 I cr_LibraryLoader: Loaded native library version number "85.0.4183.127"
10-31 23:49:04.701 12659 12762 I cr_CachingUmaRecorder: Flushed 1 samples from 1 histograms.
10-31 23:49:04.705 12683 12770 I cr_LibraryLoader: Loaded native library version number "85.0.4183.127"
10-31 23:49:04.705 12643 12768 I cr_LibraryLoader: Loaded native library version number "85.0.4183.127"
10-31 23:49:04.705 12683 12770 I cr_CachingUmaRecorder: Flushed 1 samples from 1 histograms.
10-31 23:49:04.705 12643 12768 I cr_CachingUmaRecorder: Flushed 1 samples from 1 histograms.
10-31 23:49:04.760 12494 12494 I TaskQueue:  - task [IMMEDIATE - d: true, b: 1]: 27
10-31 23:49:04.761 12494 12551 I FeedSessionManagerImpl: shouldSessionRequestDataResult: NO_REQUEST_WITH_WAIT, shouldMakeRequest(false), withTimeout(false), withAppend(false)
10-31 23:49:04.761 12494 12551 I TaskQueue:  - task [USER_FACING - d: true, b: 2]: 24
10-31 23:49:04.761 12494 12551 I TaskQueue:  - Finished 13, time 1117 ms
10-31 23:49:04.796 12494 12552 I TaskQueue: Execute task [IMMEDIATE - d: true, b: 2]: 27
10-31 23:49:04.807 12692 12773 I cr_LibraryLoader: Loaded native library version number "85.0.4183.127"
10-31 23:49:04.816 12494 12552 I FeedRequestManagerImpl: Consistency Token: # hU2@7bca4
10-31 23:49:04.816 12692 12773 I cr_CachingUmaRecorder: Flushed 1 samples from 1 histograms.
10-31 23:49:04.827 12754 12754 I cr_ChildProcessService: Creating new ChildProcessService pid=12754
10-31 23:49:04.918 12494 12552 I FeedRequestManagerImpl: Capability: FEED_UI
10-31 23:49:04.918 12494 12552 I FeedRequestManagerImpl: Capability: UNDOABLE_ACTIONS
10-31 23:49:04.918 12494 12552 I FeedRequestManagerImpl: Capability: MANAGE_INTERESTS
10-31 23:49:04.918 12494 12552 I FeedRequestManagerImpl: Capability: SEND_FEEDBACK
10-31 23:49:04.918 12494 12552 I FeedRequestManagerImpl: Capability: ARTICLE_SNIPPETS
10-31 23:49:04.918 12494 12552 I FeedRequestManagerImpl: Capability: CLICK_ACTION
10-31 23:49:04.918 12494 12552 I FeedRequestManagerImpl: Capability: VIEW_ACTION
10-31 23:49:04.918 12494 12552 I FeedRequestManagerImpl: Capability: REPORT_FEED_USER_ACTIONS_NOTICE_CARD
10-31 23:49:04.919 12494 12552 I FeedRequestManagerImpl: Capability: BASE_UI
10-31 23:49:04.923 12683 12770 I chromium: [INFO:child_process_service.cc(69)] ChildProcessService: Exiting child process.
10-31 23:49:04.924   197   197 E lowmemorykiller: Error writing /proc/12683/oom_score_adj; errno=22
10-31 23:49:04.947   600  1079 I ActivityManager: Process com.android.chrome:sandboxed_process4 (pid 12683) has died
10-31 23:49:04.947   600  1079 D ActivityManager: cleanUpApplicationRecord -- 12683
10-31 23:49:04.970 12494 12552 I FeedRequestManagerImpl: Making Request: /httpservice/noretry/DiscoverClankService/FeedQuery
10-31 23:49:04.970 12494 12552 I MainThreadRunner: Running task [NetworkClientWrapper send] on the Main Thread
10-31 23:49:04.971 12494 12552 I TaskQueue:  - Finished 27, time 174 ms
10-31 23:49:04.978 12648 12760 I chromium: [INFO:child_process_service.cc(69)] ChildProcessService: Exiting child process.
10-31 23:49:04.985   197   197 E lowmemorykiller: Error writing /proc/12648/oom_score_adj; errno=22
10-31 23:49:04.988   600  2707 E JavaBinder: !!! FAILED BINDER TRANSACTION !!!  (parcel size = 572)
10-31 23:49:04.989 12494 12494 W chromium: [WARNING:compositor_view.cc(315)] Child process died (type=6) pid=12683)
10-31 23:49:04.999 12659 12762 I chromium: [INFO:child_process_service.cc(69)] ChildProcessService: Exiting child process.
10-31 23:49:05.000   600  2707 W ActivityManager: Exception when unbinding service com.android.chrome/org.chromium.content.app.SandboxedProcessService2
10-31 23:49:05.000   600  2707 W ActivityManager: android.os.DeadObjectException: Transaction failed on small parcel; remote process probably died
10-31 23:49:05.000   600  2707 W ActivityManager: 	at android.os.BinderProxy.transactNative(Native Method)
10-31 23:49:05.000   600  2707 W ActivityManager: 	at android.os.BinderProxy.transact(Binder.java:615)
10-31 23:49:05.000   600  2707 W ActivityManager: 	at android.app.ApplicationThreadProxy.scheduleUnbindService(ApplicationThreadNative.java:1016)
10-31 23:49:05.000   600  2707 W ActivityManager: 	at com.android.server.am.ActiveServices.removeConnectionLocked(ActiveServices.java:2175)
10-31 23:49:05.000   600  2707 W ActivityManager: 	at com.android.server.am.ActiveServices.unbindServiceLocked(ActiveServices.java:1163)
10-31 23:49:05.000   600  2707 W ActivityManager: 	at com.android.server.am.ActivityManagerService.unbindService(ActivityManagerService.java:17309)
10-31 23:49:05.000   600  2707 W ActivityManager: 	at android.app.ActivityManagerNative.onTransact(ActivityManagerNative.java:1145)
10-31 23:49:05.000   600  2707 W ActivityManager: 	at com.android.server.am.ActivityManagerService.onTransact(ActivityManagerService.java:2795)
10-31 23:49:05.000   600  2707 W ActivityManager: 	at android.os.Binder.execTransact(Binder.java:565)
10-31 23:49:05.000   600  2707 E JavaBinder: !!! FAILED BINDER TRANSACTION !!!  (parcel size = 76)
10-31 23:49:05.001   197   197 E lowmemorykiller: Error writing /proc/12648/oom_score_adj; errno=22
10-31 23:49:05.002   600 27731 I ActivityManager: Process com.android.chrome:sandboxed_process2 (pid 12648) has died
10-31 23:49:05.002   600 27731 D ActivityManager: cleanUpApplicationRecord -- 12648
10-31 23:49:05.005   197   197 E lowmemorykiller: Error writing /proc/12659/oom_score_adj; errno=22
10-31 23:49:05.008 12494 12494 W chromium: [WARNING:compositor_view.cc(315)] Child process died (type=6) pid=12648)
10-31 23:49:05.032 12643 12768 I chromium: [INFO:child_process_service.cc(69)] ChildProcessService: Exiting child process.
10-31 23:49:05.070   600  7064 I ActivityManager: Killing 12659:com.android.chrome:sandboxed_process3/u0a35i277 (adj 0): isolated not needed
10-31 23:49:05.072   197   197 E lowmemorykiller: Error writing /proc/12643/oom_score_adj; errno=22
10-31 23:49:05.072   600 10249 E JavaBinder: !!! FAILED BINDER TRANSACTION !!!  (parcel size = 76)
10-31 23:49:05.072   600 10249 E JavaBinder: !!! FAILED BINDER TRANSACTION !!!  (parcel size = 572)
10-31 23:49:05.073   600 10249 W ActivityManager: Exception when unbinding service com.android.chrome/org.chromium.content.app.SandboxedProcessService1
10-31 23:49:05.073   600 10249 W ActivityManager: android.os.DeadObjectException: Transaction failed on small parcel; remote process probably died
10-31 23:49:05.073   600 10249 W ActivityManager: 	at android.os.BinderProxy.transactNative(Native Method)
10-31 23:49:05.073   600 10249 W ActivityManager: 	at android.os.BinderProxy.transact(Binder.java:615)
10-31 23:49:05.073   600 10249 W ActivityManager: 	at android.app.ApplicationThreadProxy.scheduleUnbindService(ApplicationThreadNative.java:1016)
10-31 23:49:05.073   600 10249 W ActivityManager: 	at com.android.server.am.ActiveServices.removeConnectionLocked(ActiveServices.java:2175)
10-31 23:49:05.073   600 10249 W ActivityManager: 	at com.android.server.am.ActiveServices.unbindServiceLocked(ActiveServices.java:1163)
10-31 23:49:05.073   600 10249 W ActivityManager: 	at com.android.server.am.ActivityManagerService.unbindService(ActivityManagerService.java:17309)
10-31 23:49:05.073   600 10249 W ActivityManager: 	at android.app.ActivityManagerNative.onTransact(ActivityManagerNative.java:1145)
10-31 23:49:05.073   600 10249 W ActivityManager: 	at com.android.server.am.ActivityManagerService.onTransact(ActivityManagerService.java:2795)
10-31 23:49:05.073   600 10249 W ActivityManager: 	at android.os.Binder.execTransact(Binder.java:565)
10-31 23:49:05.074   600 10249 E JavaBinder: !!! FAILED BINDER TRANSACTION !!!  (parcel size = 76)
10-31 23:49:05.074   197   197 E lowmemorykiller: Error writing /proc/12643/oom_score_adj; errno=22
10-31 23:49:05.074   600 10249 E JavaBinder: !!! FAILED BINDER TRANSACTION !!!  (parcel size = 76)
10-31 23:49:05.081   600  1082 I ActivityManager: Process com.android.chrome:sandboxed_process1 (pid 12643) has died
10-31 23:49:05.081   600  1082 D ActivityManager: cleanUpApplicationRecord -- 12643
10-31 23:49:05.083 12494 12494 W chromium: [WARNING:compositor_view.cc(315)] Child process died (type=6) pid=12643)
10-31 23:49:05.092   600  1076 D ActivityManager: cleanUpApplicationRecord -- 12659
10-31 23:49:05.093 12732 12776 I cr_LibraryLoader: Loaded native library version number "85.0.4183.127"
10-31 23:49:05.094 12732 12776 I cr_CachingUmaRecorder: Flushed 1 samples from 1 histograms.
10-31 23:49:05.104 12706 12774 I cr_LibraryLoader: Loaded native library version number "85.0.4183.127"
10-31 23:49:05.105 12717 12775 I cr_LibraryLoader: Loaded native library version number "85.0.4183.127"
10-31 23:49:05.119 12706 12774 I cr_CachingUmaRecorder: Flushed 1 samples from 1 histograms.
10-31 23:49:05.119 12494 12494 W chromium: [WARNING:compositor_view.cc(315)] Child process died (type=6) pid=12659)
10-31 23:49:05.125 12717 12775 I cr_CachingUmaRecorder: Flushed 1 samples from 1 histograms.
10-31 23:49:05.237 12754 12789 I cr_LibraryLoader: Loaded native library version number "85.0.4183.127"
10-31 23:49:05.238 12754 12789 I cr_CachingUmaRecorder: Flushed 1 samples from 1 histograms.
10-31 23:49:05.306 12494 12504 W art     : Suspending all threads took: 23.845ms
10-31 23:49:05.339 12494 12504 I art     : Background sticky concurrent mark sweep GC freed 98177(5MB) AllocSpace objects, 62(1296KB) LOS objects, 14% free, 10MB/12MB, paused 26.171ms total 1.079s
10-31 23:49:05.360 12717 12775 I chromium: [INFO:child_process_service.cc(69)] ChildProcessService: Exiting child process.
10-31 23:49:05.361 12754 12789 I chromium: [INFO:child_process_service.cc(69)] ChildProcessService: Exiting child process.
10-31 23:49:05.364 12732 12776 I chromium: [INFO:child_process_service.cc(69)] ChildProcessService: Exiting child process.
10-31 23:49:05.366 12706 12774 I chromium: [INFO:child_process_service.cc(69)] ChildProcessService: Exiting child process.
10-31 23:49:05.394   600   613 I ActivityManager: Killing 12692:com.android.chrome:sandboxed_process5/u0a35i279 (adj 0): isolated not needed
10-31 23:49:05.400   600  3507 I ActivityManager: Process com.android.chrome:sandboxed_process9 (pid 12754) has died
10-31 23:49:05.400   600  3507 D ActivityManager: cleanUpApplicationRecord -- 12754
10-31 23:49:05.401   600  3507 W ActivityManager: Scheduling restart of crashed service com.android.chrome/org.chromium.content.app.SandboxedProcessService9 in 1000ms
10-31 23:49:05.407   600 27731 I ActivityManager: Process com.android.chrome:sandboxed_process7 (pid 12717) has died
10-31 23:49:05.407   600 27731 D ActivityManager: cleanUpApplicationRecord -- 12717
10-31 23:49:05.408   600 27731 W ActivityManager: Scheduling restart of crashed service com.android.chrome/org.chromium.content.app.SandboxedProcessService7 in 10993ms
10-31 23:49:05.409   600  1080 I ActivityManager: Process com.android.chrome:sandboxed_process6 (pid 12706) has died
10-31 23:49:05.409   600  1080 D ActivityManager: cleanUpApplicationRecord -- 12706
10-31 23:49:05.409   600  1080 W ActivityManager: Scheduling restart of crashed service com.android.chrome/org.chromium.content.app.SandboxedProcessService6 in 20991ms
10-31 23:49:05.424 12494 12494 W chromium: [WARNING:compositor_view.cc(315)] Child process died (type=6) pid=12754)
10-31 23:49:05.425 12494 12494 W chromium: [WARNING:compositor_view.cc(315)] Child process died (type=6) pid=12717)
10-31 23:49:05.425 12494 12494 W chromium: [WARNING:compositor_view.cc(315)] Child process died (type=6) pid=12706)
10-31 23:49:05.429 12494 12494 W chromium: [WARNING:compositor_view.cc(315)] Child process died (type=6) pid=12732)
10-31 23:49:05.440   600  6312 I ActivityManager: Process com.android.chrome:sandboxed_process8 (pid 12732) has died
10-31 23:49:05.440   600  6312 D ActivityManager: cleanUpApplicationRecord -- 12732
10-31 23:49:05.440   600  6312 W ActivityManager: Scheduling restart of crashed service com.android.chrome/org.chromium.content.app.SandboxedProcessService8 in 30961ms
10-31 23:49:05.515 12637 12637 D AndroidRuntime: >>>>>> START com.android.internal.os.RuntimeInit uid 2000 <<<<<<
10-31 23:49:05.527 12637 12637 D AndroidRuntime: CheckJNI is OFF
10-31 23:49:05.558 12218 12218 I MemoryTrimmer: Trimming objects from memory, since app is in the background.
10-31 23:49:05.558 12218 12218 I MemoryTrimmer: Trimming objects from memory, since app is in the background.
10-31 23:49:05.560 12494 12504 W art     : Suspending all threads took: 11.717ms
10-31 23:49:05.572 12494 12504 I art     : Background partial concurrent mark sweep GC freed 31105(1539KB) AllocSpace objects, 22(1752KB) LOS objects, 40% free, 8MB/13MB, paused 12.411ms total 78.505ms
10-31 23:49:05.595   600  3507 I ActivityManager: Start proc 12809:com.android.chrome:sandboxed_process10/u0i284 for service com.android.chrome/org.chromium.content.app.SandboxedProcessService10
10-31 23:49:05.595   600 24611 D ActivityManager: cleanUpApplicationRecord -- 12692
10-31 23:49:05.605   600  3967 W ActivityManager: Unable to start service Intent { act=com.google.android.play.core.splitinstall.BIND_SPLIT_INSTALL_SERVICE pkg=com.android.vending } U=0: not found
10-31 23:49:05.622 12494 12743 I PlayCore: UID: [10035]  PID: [12494] SplitInstallService : Failed to bind to the service.
10-31 23:49:05.629   600  1079 I ActivityManager: Start proc 12822:com.android.chrome:sandboxed_process11/u0i285 for service com.android.chrome/org.chromium.content.app.SandboxedProcessService11
10-31 23:49:05.650   600  2707 I ActivityManager: Start proc 12827:com.android.chrome:sandboxed_process12/u0i286 for service com.android.chrome/org.chromium.content.app.SandboxedProcessService12
10-31 23:49:05.664 12494 12494 W chromium: [WARNING:compositor_view.cc(315)] Child process died (type=6) pid=12692)
10-31 23:49:05.677   600  3507 I ActivityManager: Start proc 12834:com.android.chrome:sandboxed_process13/u0i287 for service com.android.chrome/org.chromium.content.app.SandboxedProcessService13
10-31 23:49:05.707   600 24611 I ActivityManager: Start proc 12854:com.android.chrome:sandboxed_process14/u0i288 for service com.android.chrome/org.chromium.content.app.SandboxedProcessService14
10-31 23:49:05.734   600 13558 I ActivityManager: Start proc 12866:com.android.chrome:sandboxed_process15/u0i289 for service com.android.chrome/org.chromium.content.app.SandboxedProcessService15
10-31 23:49:05.761 12494 12552 W cr_CrashFileManager: /data/user/0/com.android.chrome/cache/Crash Reports does not exist or is not a directory
10-31 23:49:05.761 12494 12552 W cr_CrashFileManager: /data/user/0/com.android.chrome/cache/Crash Reports does not exist or is not a directory
10-31 23:49:05.761 12494 12552 W cr_CrashFileManager: /data/user/0/com.android.chrome/cache/Crash Reports does not exist or is not a directory
10-31 23:49:05.763 12809 12809 W boxed_process10: type=1400 audit(0.0:16064): avc: denied { getattr } for path="/data/data/com.android.chrome" dev="dm-2" ino=12190 scontext=u:r:isolated_app:s0:c512,c768 tcontext=u:object_r:app_data_file:s0:c512,c768 tclass=dir permissive=0
10-31 23:49:05.790   600  2707 I ActivityManager: Start proc 12880:com.android.chrome:sandboxed_process16/u0i290 for service com.android.chrome/org.chromium.content.app.SandboxedProcessService16
10-31 23:49:05.814 12494 12552 I cr_FileUtils: Writing to /data/user/0/com.android.chrome/app_dex/webapk7.dex
10-31 23:49:05.834 12809 12809 I cr_ChildProcessService: Creating new ChildProcessService pid=12809
10-31 23:49:05.852   600   713 I ActivityManager: Start proc 12895:com.android.chrome:sandboxed_process17/u0i291 for service com.android.chrome/org.chromium.content.app.SandboxedProcessService17
10-31 23:49:05.870 12827 12827 W boxed_process12: type=1400 audit(0.0:16065): avc: denied { getattr } for path="/data/data/com.android.chrome" dev="dm-2" ino=12190 scontext=u:r:isolated_app:s0:c512,c768 tcontext=u:object_r:app_data_file:s0:c512,c768 tclass=dir permissive=0
10-31 23:49:05.873 12637 12637 D ICU     : No timezone override file found: /data/misc/zoneinfo/current/icu/icu_tzdata.dat
10-31 23:49:05.883 12822 12822 W boxed_process11: type=1400 audit(0.0:16066): avc: denied { getattr } for path="/data/data/com.android.chrome" dev="dm-2" ino=12190 scontext=u:r:isolated_app:s0:c512,c768 tcontext=u:object_r:app_data_file:s0:c512,c768 tclass=dir permissive=0
10-31 23:49:05.930   600  1082 I ActivityManager: Start proc 12910:com.android.chrome:sandboxed_process18/u0i292 for service com.android.chrome/org.chromium.content.app.SandboxedProcessService18
10-31 23:49:05.943 12834 12834 W boxed_process13: type=1400 audit(0.0:16067): avc: denied { getattr } for path="/data/data/com.android.chrome" dev="dm-2" ino=12190 scontext=u:r:isolated_app:s0:c512,c768 tcontext=u:object_r:app_data_file:s0:c512,c768 tclass=dir permissive=0
10-31 23:49:05.957 12854 12854 W boxed_process14: type=1400 audit(0.0:16068): avc: denied { getattr } for path="/data/data/com.android.chrome" dev="dm-2" ino=12190 scontext=u:r:isolated_app:s0:c512,c768 tcontext=u:object_r:app_data_file:s0:c512,c768 tclass=dir permissive=0
10-31 23:49:06.003   600 10249 I ActivityManager: Start proc 12923:com.android.chrome:sandboxed_process19/u0i293 for service com.android.chrome/org.chromium.content.app.SandboxedProcessService19
10-31 23:49:06.050 12880 12880 W boxed_process16: type=1400 audit(0.0:16069): avc: denied { getattr } for path="/data/data/com.android.chrome" dev="dm-2" ino=12190 scontext=u:r:isolated_app:s0:c512,c768 tcontext=u:object_r:app_data_file:s0:c512,c768 tclass=dir permissive=0
10-31 23:49:06.053 12866 12866 W boxed_process15: type=1400 audit(0.0:16070): avc: denied { getattr } for path="/data/data/com.android.chrome" dev="dm-2" ino=12190 scontext=u:r:isolated_app:s0:c512,c768 tcontext=u:object_r:app_data_file:s0:c512,c768 tclass=dir permissive=0
10-31 23:49:06.064   600  1079 I ActivityManager: Start proc 12935:com.android.chrome:sandboxed_process20/u0i294 for service com.android.chrome/org.chromium.content.app.SandboxedProcessService20
10-31 23:49:06.079 12827 12827 I cr_ChildProcessService: Creating new ChildProcessService pid=12827
10-31 23:49:06.110 12637 12637 I Radio-JNI: register_android_hardware_Radio DONE
10-31 23:49:06.134 12349 12395 I Icing   : IndexChimeraService.getServiceInterface callingPackage=com.android.chrome componentName=null serviceId=36
10-31 23:49:06.177 12494 12531 I cr_BindingManager: Moderate binding enabled: maxSize=40
10-31 23:49:06.184 12854 12854 I cr_ChildProcessService: Creating new ChildProcessService pid=12854
10-31 23:49:06.184 12834 12834 I cr_ChildProcessService: Creating new ChildProcessService pid=12834
10-31 23:49:06.188 12822 12822 I cr_ChildProcessService: Creating new ChildProcessService pid=12822
10-31 23:49:06.202 12809 12894 I cr_LibraryLoader: Loaded native library version number "85.0.4183.127"
10-31 23:49:06.203 12809 12894 I cr_CachingUmaRecorder: Flushed 1 samples from 1 histograms.
10-31 23:49:06.211 12637 12637 D AndroidRuntime: Calling main entry com.android.commands.am.Am
10-31 23:49:06.243 12880 12880 I cr_ChildProcessService: Creating new ChildProcessService pid=12880
10-31 23:49:06.288 12906 12906 I dex2oat : /system/bin/dex2oat --dex-file=/data/user/0/com.android.chrome/app_dex/webapk7.dex --oat-fd=317 --oat-location=/data/user/0/com.android.chrome/app_dex/oat/arm/webapk7.dex --compiler-filter=speed
10-31 23:49:06.290 12895 12895 W boxed_process17: type=1400 audit(0.0:16071): avc: denied { getattr } for path="/data/data/com.android.chrome" dev="dm-2" ino=12190 scontext=u:r:isolated_app:s0:c512,c768 tcontext=u:object_r:app_data_file:s0:c512,c768 tclass=dir permissive=0
10-31 23:49:06.307 12923 12923 W boxed_process19: type=1400 audit(0.0:16072): avc: denied { getattr } for path="/data/data/com.android.chrome" dev="dm-2" ino=12190 scontext=u:r:isolated_app:s0:c512,c768 tcontext=u:object_r:app_data_file:s0:c512,c768 tclass=dir permissive=0
10-31 23:49:06.333 12910 12910 W boxed_process18: type=1400 audit(0.0:16073): avc: denied { getattr } for path="/data/data/com.android.chrome" dev="dm-2" ino=12190 scontext=u:r:isolated_app:s0:c512,c768 tcontext=u:object_r:app_data_file:s0:c512,c768 tclass=dir permissive=0
10-31 23:49:06.425 12827 12943 I cr_LibraryLoader: Loaded native library version number "85.0.4183.127"
10-31 23:49:06.426 12827 12943 I cr_CachingUmaRecorder: Flushed 1 samples from 1 histograms.
10-31 23:49:06.431   600 24515 I ActivityManager: START u0 {act=android.intent.action.VIEW dat=http://independent.co.uk/... flg=0x10000000 cmp=com.android.chrome/com.google.android.apps.chrome.Main} from uid 2000 on display 0
10-31 23:49:06.451 12637 12637 D AndroidRuntime: Shutting down VM
10-31 23:49:06.463 12935 12935 W boxed_process20: type=1400 audit(0.0:16074): avc: denied { getattr } for path="/data/data/com.android.chrome" dev="dm-2" ino=12190 scontext=u:r:isolated_app:s0:c512,c768 tcontext=u:object_r:app_data_file:s0:c512,c768 tclass=dir permissive=0
10-31 23:49:06.485 12923 12923 I cr_ChildProcessService: Creating new ChildProcessService pid=12923
10-31 23:49:06.513 12854 12957 I cr_LibraryLoader: Loaded native library version number "85.0.4183.127"
10-31 23:49:06.514 12494 12494 E cr_IntentUtils: getInt failed on bundle null
10-31 23:49:06.522 12910 12910 I cr_ChildProcessService: Creating new ChildProcessService pid=12910
10-31 23:49:06.530 12854 12957 I cr_CachingUmaRecorder: Flushed 1 samples from 1 histograms.
10-31 23:49:06.533 12895 12895 I cr_ChildProcessService: Creating new ChildProcessService pid=12895
10-31 23:49:06.533 12834 12956 I cr_LibraryLoader: Loaded native library version number "85.0.4183.127"
10-31 23:49:06.534 12834 12956 I cr_CachingUmaRecorder: Flushed 1 samples from 1 histograms.
10-31 23:49:06.539 12809 12809 I cr_ChildProcessService: Destroying ChildProcessService pid=12809
10-31 23:49:06.560 12822 12959 I cr_LibraryLoader: Loaded native library version number "85.0.4183.127"
10-31 23:49:06.561 12822 12959 I cr_CachingUmaRecorder: Flushed 1 samples from 1 histograms.
10-31 23:49:06.590   600 27731 I ActivityManager: Start proc 12982:com.android.chrome:sandboxed_process21/u0i295 for service com.android.chrome/org.chromium.content.app.SandboxedProcessService21
10-31 23:49:06.622 12880 12969 I cr_LibraryLoader: Loaded native library version number "85.0.4183.127"
