11-02 09:36:15.932   601 12301 I ActivityManager: Killing 30526:com.android.chrome:sandboxed_process13/u0a35i537 (adj 0): isolated not needed
11-02 09:36:15.932   601 12301 I ActivityManager: Killing 30508:com.android.chrome:sandboxed_process11/u0a35i535 (adj 0): isolated not needed
11-02 09:36:15.932   601 12301 I ActivityManager: Killing 30538:com.android.chrome:sandboxed_process14/u0a35i538 (adj 0): isolated not needed
11-02 09:36:15.932   601 12301 I ActivityManager: Killing 30514:com.android.chrome:sandboxed_process12/u0a35i536 (adj 0): isolated not needed
11-02 09:36:15.939   601  4276 D ActivityManager: cleanUpApplicationRecord -- 30596
11-02 09:36:15.945  1244 19777 W Icing   : No valid account for uploading user actions
11-02 09:36:15.962 30189 30189 W chromium: [WARNING:compositor_view.cc(315)] Child process died (type=6) pid=30596)
11-02 09:36:15.962 30189 30189 W chromium: [WARNING:compositor_view.cc(315)] Child process died (type=6) pid=30614)
11-02 09:36:15.967   601  9663 D ActivityManager: cleanUpApplicationRecord -- 30588
11-02 09:36:15.968 30189 30189 W chromium: [WARNING:compositor_view.cc(315)] Child process died (type=6) pid=30588)
11-02 09:36:15.972   601  1452 I ActivityManager: START u0 {act=android.intent.action.VIEW dat=http://independent.co.uk/... flg=0x10000000 cmp=com.android.chrome/com.google.android.apps.chrome.Main} from uid 2000 on display 0
11-02 09:36:15.978 30322 30322 D AndroidRuntime: Shutting down VM
11-02 09:36:15.979 30189 30189 I FeedProtocolAdapter: createModel, operations 33
11-02 09:36:15.985 30189 30189 I TimingUtils: Task Timing   5ms, thread ui | task : convertWireProtocol | mutations : 33
11-02 09:36:15.986 30189 30189 I TaskQueue:  - task [HEAD_RESET - d: true, b: 2]: 5
11-02 09:36:15.989 30189 30189 I TaskQueue:  - queueTask starting immediate task
11-02 09:36:16.004 30189 30246 I TaskQueue: Execute task [HEAD_RESET - d: true, b: 2]: 5
11-02 09:36:16.044 30189 30189 E cr_IntentUtils: getInt failed on bundle null
11-02 09:36:16.045  1244  1419 I Icing   : IndexChimeraService.getServiceInterface callingPackage=com.google.android.gms componentName=null serviceId=30
11-02 09:36:16.078 30189 30189 W FeedModelProvider: sessionId is null, this should have been set during population
11-02 09:36:16.078 30189 30189 I cr_tabmodel: Appending tabs being restored to metadata lists, 0, startingNormalCount: 2, startingIncognitoCount: 0
11-02 09:36:16.079 30189 30189 I cr_tabmodel: Serializing tab lists; counts: 2, 0
11-02 09:36:16.104 30189 30246 I TaskQueue:  - task [BACKGROUND - d: true, b: 2]: 23
11-02 09:36:16.104 30189 30246 W SessionCache: Persisted Sessions were not found
11-02 09:36:16.111 30189 30246 I PersistentFeedStore: commitSessionMutation - Success true, Update Session $HEAD, stream structures 32
11-02 09:36:16.120 30189 30246 I MainThreadRunner: Running task [SchedulerApiWrapper onReceiveNewContent] on the Main Thread
11-02 09:36:16.120 30189 30246 I MainThreadRunner: Running task [FeedKnownContentImpl onNewContentReceived] on the Main Thread
11-02 09:36:16.121 30189 30246 I SessionManagerMutation: Cleared Head, new creation time 11-02 09:36:16.105
11-02 09:36:16.122 30189 30246 I TimingUtils: Task Timing 117ms, thread background-1 | task : sessionMutation.commitTask:updateConsumer | mutations : 33 | userInitiated : false
11-02 09:36:16.122 30189 30246 I TaskQueue: Cancelling starvation checks
11-02 09:36:16.122 30189 30246 I TaskQueue:  - Finished 5, time 118 ms
11-02 09:36:16.122 30189 30246 I TaskQueue: Execute task [USER_FACING - d: false, b: 2]: 24
11-02 09:36:16.130 30189 30246 I TimeoutSessionImpl: TimeoutSession.populateModelProvider, shouldAppend false
11-02 09:36:16.130 30189 30246 I SessionImpl: PopulateModelProvider 32 items
11-02 09:36:16.130 30189 30246 I FeedModelProvider: FeedModelProvider - committer, structure changes 31, update changes 0
11-02 09:36:16.131 30189 30246 I FeedModelProvider: SyntheticTokenTracker: 0, 11, 11, false
11-02 09:36:16.131 30189 30246 I FeedSessionManagerImpl: Caching getStreamFeatures - items 31, cache misses 0, cache size 31
11-02 09:36:16.132 30189 30246 I FeedModelProvider: Moving _session:e43fb50d-680e-47ec-b9da-6e76daa24aa3 to READY
11-02 09:36:16.132 30189 30246 I MainThreadRunner: Running task [FeedModelProvider onSessionStart] on the Main Thread
11-02 09:36:16.132 30189 30246 I FeedModelProvider: ModelProvider Mutation committed - structure changes 31, childrenToBind 31, removedChildren false, Token false
11-02 09:36:16.134 30189 30246 I FeedSessionManagerImpl: Populate new session: _session:e43fb50d-680e-47ec-b9da-6e76daa24aa3, creation time 11-02 09:36:16.130
11-02 09:36:16.134 30189 30246 I TimingUtils: Task Timing  11ms, thread background-2 | task : Create/Populate New Session
11-02 09:36:16.134 30189 30246 I TaskQueue:  - Finished 24, time 12 ms
11-02 09:36:16.134 30189 30246 I TaskQueue: Execute task [BACKGROUND - d: false, b: 1]: 11
11-02 09:36:16.134 30189 30246 I ContentGc: Re-enqueuing triggerContentGc; attempts(0)
11-02 09:36:16.134 30189 30246 I TaskQueue:  - task [BACKGROUND - d: false, b: 1]: 11
11-02 09:36:16.134 30189 30246 I TaskQueue:  - Finished 11, time 0 ms
11-02 09:36:16.134 30189 30246 I TaskQueue: Execute task [BACKGROUND - d: false, b: 1]: 23
11-02 09:36:16.190   601  9643 I ActivityManager: Start proc 30683:com.android.chrome:sandboxed_process20/u0i544 for service com.android.chrome/org.chromium.content.app.SandboxedProcessService20
11-02 09:36:16.192   601   611 D ActivityManager: cleanUpApplicationRecord -- 30526
11-02 09:36:16.198   601 19770 D ActivityManager: cleanUpApplicationRecord -- 30582
11-02 09:36:16.198 30189 30246 I TimingUtils: Task Timing  63ms, thread background-3 | task : commitContentMutation | mutations : 32
11-02 09:36:16.199   601 12691 D ActivityManager: cleanUpApplicationRecord -- 30565
11-02 09:36:16.199 30189 30246 I TimingUtils: Task Timing   0ms, thread background-4 | task : commitSemanticPropertiesMutation | mutations : 0
11-02 09:36:16.199 30189 30246 I TaskQueue:  - Finished 23, time 65 ms
11-02 09:36:16.199 30189 30246 I TaskQueue: Execute task [BACKGROUND - d: false, b: 0]: 11
11-02 09:36:16.201 30189 30246 I SessionCache: Determining accessible content
11-02 09:36:16.203   601  4276 D ActivityManager: cleanUpApplicationRecord -- 30461
11-02 09:36:16.204   601  3864 D ActivityManager: cleanUpApplicationRecord -- 30514
11-02 09:36:16.206 30189 30246 I TimingUtils: Task Timing   4ms, thread background-5 | task : ContentGc | contentItemsRemoved : 0
11-02 09:36:16.207 30189 30246 I TaskQueue:  - Finished 11, time 7 ms
11-02 09:36:16.245 30189 30189 W chromium: [WARNING:compositor_view.cc(315)] Child process died (type=6) pid=30526)
11-02 09:36:16.248 30189 30189 W chromium: [WARNING:compositor_view.cc(315)] Child process died (type=6) pid=30461)
11-02 09:36:16.248 30189 30189 W chromium: [WARNING:compositor_view.cc(315)] Child process died (type=6) pid=30582)
11-02 09:36:16.249 30189 30189 W chromium: [WARNING:compositor_view.cc(315)] Child process died (type=6) pid=30514)
11-02 09:36:16.249 30189 30189 W chromium: [WARNING:compositor_view.cc(315)] Child process died (type=6) pid=30565)
11-02 09:36:16.309 30189 30189 I FeedModelProvider: No children found for Cursor
11-02 09:36:16.313 30683 30683 W boxed_process20: type=1400 audit(0.0:1038): avc: denied { getattr } for path="/data/data/com.android.chrome" dev="dm-2" ino=12190 scontext=u:r:isolated_app:s0:c512,c768 tcontext=u:object_r:app_data_file:s0:c512,c768 tclass=dir permissive=0
11-02 09:36:16.354   601   832 D ActivityManager: cleanUpApplicationRecord -- 30329
11-02 09:36:16.382 30189 30189 W chromium: [WARNING:compositor_view.cc(315)] Child process died (type=6) pid=30329)
11-02 09:36:16.421 30683 30683 I cr_ChildProcessService: Creating new ChildProcessService pid=30683
11-02 09:36:16.436   601   819 D ActivityManager: cleanUpApplicationRecord -- 30394
11-02 09:36:16.475 30189 30249 W chromium: [WARNING:spdy_session.cc(3090)] Received RST for invalid stream1
11-02 09:36:16.488 30683 30698 I cr_LibraryLoader: Loaded native library version number "85.0.4183.127"
11-02 09:36:16.489 30683 30698 I cr_CachingUmaRecorder: Flushed 1 samples from 1 histograms.
11-02 09:36:16.499 30189 30189 W chromium: [WARNING:compositor_view.cc(315)] Child process died (type=6) pid=30394)
11-02 09:36:16.514 30189 30189 W chromium: [WARNING:compositor_view.cc(315)] Child process died (type=6) pid=30367)
11-02 09:36:16.517   601  9643 D ActivityManager: cleanUpApplicationRecord -- 30367
11-02 09:36:16.518   601   832 D ActivityManager: cleanUpApplicationRecord -- 30383
11-02 09:36:16.562   601   612 D ActivityManager: cleanUpApplicationRecord -- 30337
11-02 09:36:16.568 30189 30189 W chromium: [WARNING:compositor_view.cc(315)] Child process died (type=6) pid=30383)
11-02 09:36:16.576   601 15862 D ActivityManager: cleanUpApplicationRecord -- 30353
11-02 09:36:16.594   601 19770 D ActivityManager: cleanUpApplicationRecord -- 30538
11-02 09:36:16.603   601  9663 D ActivityManager: cleanUpApplicationRecord -- 30421
11-02 09:36:16.613   601   832 D ActivityManager: cleanUpApplicationRecord -- 30508
11-02 09:36:16.625   601   616 W libprocessgroup: failed to kill pid 30353: No such process
11-02 09:36:16.626 30189 30189 W chromium: [WARNING:compositor_view.cc(315)] Child process died (type=6) pid=30421)
11-02 09:36:16.626 30189 30189 W chromium: [WARNING:compositor_view.cc(315)] Child process died (type=6) pid=30353)
11-02 09:36:16.628 30189 30189 W chromium: [WARNING:compositor_view.cc(315)] Child process died (type=6) pid=30538)
11-02 09:36:16.629 30189 30189 W chromium: [WARNING:compositor_view.cc(315)] Child process died (type=6) pid=30337)
11-02 09:36:16.631 30189 30189 W chromium: [WARNING:compositor_view.cc(315)] Child process died (type=6) pid=30508)
11-02 09:36:17.537 30189 30242 I cr_omaha: Request to Server Successful. Timestamp for next request:1667381777537
11-02 09:36:17.556  1244 19777 I Icing   : Usage reports ok 4, Failed Usage reports 0, indexed 2, rejected 0
11-02 09:36:17.573  1244 19777 I Icing   : Removing corpus key com.android.chrome-omnibox for package com.android.chrome
11-02 09:36:17.576 30189 30242 I cr_omaha: Request to Server Successful. Timestamp for next request:1667381777576
11-02 09:36:17.576 30189 30242 I cr_omaha: Attempting to schedule next job for: Wed Nov 02 14:36:17 GMT+01:00 2022
11-02 09:36:17.579 30189 30189 I cr_omaha: Scheduled using JobService
11-02 09:36:17.579 30189 30189 E cr_BkgrdTaskJS: Tried finishing non-current BackgroundTask.
11-02 09:36:17.656  1244 19777 I native  : flash-index.cc:1519 Flash index sort hb 14 prefix-hits 24 -> 20 at 16.379ms
11-02 09:36:17.865   785  1706 W Icing   : isOptedInForAppHistory: empty Account Name encountered
11-02 09:36:17.905   785  1706 W Icing   : isOptedInForAppHistory: empty Account Name encountered
11-02 09:36:17.951   785 29769 W Icing   : isOptedInForAppHistory: empty Account Name encountered
11-02 09:36:18.047  1244 19777 I native  : document-store.cc:1654 Scored 3123 usage reports, missing_corpora 0 update_failed 1690
11-02 09:36:18.101  1244 19777 W Icing   : No valid account for uploading user actions
11-02 09:36:18.337  1244 19777 I Icing   : Usage reports ok 1, Failed Usage reports 0, indexed 1, rejected 0
11-02 09:36:18.338  1244 19777 W Icing   : No valid account for uploading user actions
11-02 09:36:18.348  1244 19777 I Icing   : Usage reports ok 0, Failed Usage reports 0, indexed 0, rejected 0
11-02 09:36:18.349  1244 19777 I Icing   : Indexing com.android.chrome-omnibox from com.android.chrome
11-02 09:36:18.527  1244 19777 I Icing   : Indexing done com.android.chrome-omnibox
11-02 09:36:19.027 30189 30189 E cr_BTSPrefs: No data found for task id: 53
11-02 09:36:19.027 30189 30189 E cr_BkgrdTaskScheduler: Task cannot be canceled because no data was found instorage or data was invalid
11-02 09:36:20.539 30189 30243 W InstanceID: Instance ID SDK is deprecated, com.android.chrome should update to use Firebase Instance ID
11-02 09:36:21.324 30189 30189 I cr_tabmodel: Appending tabs being restored to metadata lists, 0, startingNormalCount: 2, startingIncognitoCount: 0
11-02 09:36:21.324 30189 30189 I cr_tabmodel: Serializing tab lists; counts: 2, 0
11-02 09:36:21.767   785  1195 W Icing   : isOptedInForAppHistory: empty Account Name encountered
11-02 09:36:21.784   785  1195 W Icing   : isOptedInForAppHistory: empty Account Name encountered
11-02 09:36:21.825   785 30025 W Icing   : isOptedInForAppHistory: empty Account Name encountered
11-02 09:36:21.937  1244 19777 I Icing   : Indexing com.android.chrome-internal.3p:WebPage from com.android.chrome
11-02 09:36:21.938  1244 19777 E SQLiteLog: (1) no such table: WebPage_com.android.chrome_seq_table
11-02 09:36:21.939  1244 19777 E Icing   : Cursor call threw an exception: no such table: WebPage_com.android.chrome_seq_table (code 1): , while compiling: SELECT * FROM [WebPage_com.android.chrome_seq_table] WHERE seqno>0 AND tag IS NULL ORDER BY seqno LIMIT 20
11-02 09:36:21.939  1244 19777 I Icing   : Indexing done com.android.chrome-internal.3p:WebPage
11-02 09:36:21.939  1244 19777 E Icing   : Aborting indexing of corpus internal.3p:WebPage
11-02 09:36:21.941  1244 19777 I Icing   : Indexing com.android.chrome-internal.3p:WebPage from com.android.chrome using seqno 0
11-02 09:36:23.314 30189 30189 E cr_BTSPrefs: No data found for task id: 57
11-02 09:36:23.314 30189 30189 E cr_BkgrdTaskScheduler: Task cannot be canceled because no data was found instorage or data was invalid
11-02 09:36:23.315 30189 30189 E cr_BTSPrefs: No data found for task id: 56
11-02 09:36:23.315 30189 30189 E cr_BkgrdTaskScheduler: Task cannot be canceled because no data was found instorage or data was invalid
11-02 09:36:29.205 30732 30732 D AndroidRuntime: >>>>>> START com.android.internal.os.RuntimeInit uid 2000 <<<<<<
11-02 09:36:29.208 30732 30732 D AndroidRuntime: CheckJNI is OFF
11-02 09:36:29.281 30732 30732 D ICU     : No timezone override file found: /data/misc/zoneinfo/current/icu/icu_tzdata.dat
11-02 09:36:29.313 30732 30732 I Radio-JNI: register_android_hardware_Radio DONE
11-02 09:36:29.328 30732 30732 D AndroidRuntime: Calling main entry com.android.commands.monkey.Monkey
11-02 09:36:29.399   601   614 W BroadcastQueue: Skipping deliver [background] BroadcastRecord{c3ad32a u-1 android.net.conn.CONNECTIVITY_CHANGE} to ReceiverList{ddee51b 30732 (unknown name)/2000/u-1 remote:4ae09cc}: process crashing
11-02 09:36:30.926 30732 30732 D MonkeyStub: translateCommand: wake
11-02 09:36:31.098 30732 30732 D MonkeyStub: translateCommand: tap 686 1843
11-02 09:36:43.355 30732 30732 D MonkeyStub: translateCommand: touch down 614 1561
11-02 09:36:43.375 30732 30732 D MonkeyStub: translateCommand: touch move 614 1561
11-02 09:36:43.486 30732 30732 D MonkeyStub: translateCommand: touch move 614 1436
11-02 09:36:43.596 30732 30732 D MonkeyStub: translateCommand: touch move 614 1311
11-02 09:36:43.709 30732 30732 D MonkeyStub: translateCommand: touch move 614 1186
11-02 09:36:43.813 30732 30732 D MonkeyStub: translateCommand: touch move 614 1061
11-02 09:36:43.974 30732 30732 D MonkeyStub: translateCommand: touch move 614 937
11-02 09:36:44.103 30732 30732 D MonkeyStub: translateCommand: touch move 614 812
11-02 09:36:44.211 30732 30732 D MonkeyStub: translateCommand: touch move 614 687
11-02 09:36:44.352 30732 30732 D MonkeyStub: translateCommand: touch move 614 562
11-02 09:36:44.460 30732 30732 D MonkeyStub: translateCommand: touch move 614 437
11-02 09:36:44.571 30732 30732 D MonkeyStub: translateCommand: touch move 614 312
11-02 09:36:44.576 30732 30732 D MonkeyStub: translateCommand: touch up 614 312
11-02 09:36:46.901  1244  1639 I Icing   : IndexChimeraService.getServiceInterface callingPackage=com.android.chrome componentName=null serviceId=36
11-02 09:36:46.935  1244 21773 W Icing   : No valid account for uploading user actions
11-02 09:36:46.970  1244  1639 I Icing   : IndexChimeraService.getServiceInterface callingPackage=com.google.android.gms componentName=null serviceId=30
11-02 09:36:47.003  1244 21773 I Icing   : Usage reports ok 1, Failed Usage reports 0, indexed 1, rejected 0
11-02 09:36:47.013  1244 21773 W Icing   : No valid account for uploading user actions
11-02 09:36:47.023  1244 21773 I Icing   : Usage reports ok 0, Failed Usage reports 0, indexed 0, rejected 0
11-02 09:36:47.024  1244 21773 I Icing   : Indexing com.android.chrome-omnibox from com.android.chrome
11-02 09:36:47.033  1244 21773 I Icing   : Indexing done com.android.chrome-omnibox
11-02 09:36:48.609 30732 30732 D MonkeyStub: translateCommand: tap 321 1446
11-02 09:36:48.768   785  1765 E AsyncOperation: serviceID=121, operation=GetLaunchDataOperation [CONTEXT service_id=259 ]
11-02 09:36:48.768   785  1765 E AsyncOperation: OperationException[Status{statusCode=Not an instant app, resolution=null}]
11-02 09:36:48.768   785  1765 E AsyncOperation: 	at aeay.a(:com.google.android.gms@203915020@20.39.15 (040406-335085812):20)
11-02 09:36:48.768   785  1765 E AsyncOperation: 	at aain.run(:com.google.android.gms@203915020@20.39.15 (040406-335085812):7)
11-02 09:36:48.768   785  1765 E AsyncOperation: 	at boex.run(:com.google.android.gms@203915020@20.39.15 (040406-335085812):2)
11-02 09:36:48.768   785  1765 E AsyncOperation: 	at sup.b(:com.google.android.gms@203915020@20.39.15 (040406-335085812):12)
11-02 09:36:48.768   785  1765 E AsyncOperation: 	at sup.run(:com.google.android.gms@203915020@20.39.15 (040406-335085812):7)
11-02 09:36:48.768   785  1765 E AsyncOperation: 	at java.util.concurrent.ThreadPoolExecutor.runWorker(ThreadPoolExecutor.java:1133)
11-02 09:36:48.768   785  1765 E AsyncOperation: 	at java.util.concurrent.ThreadPoolExecutor$Worker.run(ThreadPoolExecutor.java:607)
11-02 09:36:48.768   785  1765 E AsyncOperation: 	at tam.run(:com.google.android.gms@203915020@20.39.15 (040406-335085812):0)
11-02 09:36:48.768   785  1765 E AsyncOperation: 	at java.lang.Thread.run(Thread.java:761)
11-02 09:36:49.920   785  1608 W Icing   : isOptedInForAppHistory: empty Account Name encountered
11-02 09:36:49.935   785  1608 W Icing   : isOptedInForAppHistory: empty Account Name encountered
11-02 09:36:49.946   785 29769 W Icing   : isOptedInForAppHistory: empty Account Name encountered
11-02 09:36:51.593 30189 30189 I cr_tabmodel: Appending tabs being restored to metadata lists, 0, startingNormalCount: 2, startingIncognitoCount: 0
11-02 09:36:51.593 30189 30189 I cr_tabmodel: Serializing tab lists; counts: 2, 0
11-02 09:36:51.769   785   804 W Icing   : isOptedInForAppHistory: empty Account Name encountered
11-02 09:36:51.811   785   804 W Icing   : isOptedInForAppHistory: empty Account Name encountered
11-02 09:36:51.877   785 30025 W Icing   : isOptedInForAppHistory: empty Account Name encountered
11-02 09:36:52.859   601   648 I WifiHAL : Got channel list with 13 channels
11-02 09:36:52.863   601   648 I WifiHAL : Got channel list with 4 channels
11-02 09:36:52.864   601   648 I WifiHAL : Got channel list with 15 channels
11-02 09:36:52.946   785 30025 I NetworkScheduler.Stats: Task com.google.android.gms/com.google.android.gms.icing.service.IcingGcmTaskService started execution. cause:4 exec_start_elapsed_seconds: 31807 [CONTEXT service_id=218 ]
11-02 09:36:52.965  1244 19777 I Icing   : Indexing com.android.chrome-internal.3p:WebPage from com.android.chrome using seqno 0
11-02 09:36:52.966   785 29769 I NetworkScheduler.Stats: Task com.google.android.gms/com.google.android.gms.icing.service.IcingGcmTaskService finished executing. cause:4 result: 1 elapsed_millis: 41 uptime_millis: 41 exec_start_elapsed_seconds: 31807 [CONTEXT service_id=218 ]
11-02 09:36:53.024   785 30025 I NetworkScheduler.Stats: Task com.google.android.gms/com.google.android.gms.stats.PlatformStatsCollectorService started execution. cause:5 exec_start_elapsed_seconds: 31807 [CONTEXT service_id=218 ]
11-02 09:36:53.039   785 28657 I NetworkScheduler.Stats: Task com.google.android.gms/com.google.android.gms.stats.PlatformStatsCollectorService finished executing. cause:5 result: 1 elapsed_millis: 32 uptime_millis: 33 exec_start_elapsed_seconds: 31807 [CONTEXT service_id=218 ]
11-02 09:36:54.235   601  9643 I ActivityManager: Start proc 30782:com.android.chrome:sandboxed_process21/u0i545 for service com.android.chrome/org.chromium.content.app.SandboxedProcessService21
11-02 09:36:54.310 30782 30782 W boxed_process21: type=1400 audit(0.0:1039): avc: denied { getattr } for path="/data/data/com.android.chrome" dev="dm-2" ino=12190 scontext=u:r:isolated_app:s0:c512,c768 tcontext=u:object_r:app_data_file:s0:c512,c768 tclass=dir permissive=0
11-02 09:36:54.351 30782 30782 I cr_ChildProcessService: Creating new ChildProcessService pid=30782
11-02 09:36:54.415 30782 30795 I cr_LibraryLoader: Loaded native library version number "85.0.4183.127"
11-02 09:36:54.415 30782 30795 I cr_CachingUmaRecorder: Flushed 1 samples from 1 histograms.
11-02 09:36:54.430 30795 30795 W CrUtilityMain: type=1400 audit(0.0:1040): avc: denied { setattr } for name="LICENSE.txt" dev="dm-2" ino=62760 scontext=u:r:isolated_app:s0:c512,c768 tcontext=u:object_r:app_data_file:s0:c512,c768 tclass=file permissive=0
11-02 09:36:54.433 30795 30795 W CrUtilityMain: type=1400 audit(0.0:1041): avc: denied { setattr } for name=46696C746572696E672052756C6573 dev="dm-2" ino=62602 scontext=u:r:isolated_app:s0:c512,c768 tcontext=u:object_r:app_data_file:s0:c512,c768 tclass=file permissive=0
11-02 09:36:54.433 30795 30795 W CrUtilityMain: type=1400 audit(0.0:1042): avc: denied { setattr } for name="manifest.json" dev="dm-2" ino=62593 scontext=u:r:isolated_app:s0:c512,c768 tcontext=u:object_r:app_data_file:s0:c512,c768 tclass=file permissive=0
11-02 09:36:54.436 30795 30795 W CrUtilityMain: type=1400 audit(0.0:1043): avc: denied { setattr } for name="verified_contents.json" dev="dm-2" ino=62761 scontext=u:r:isolated_app:s0:c512,c768 tcontext=u:object_r:app_data_file:s0:c512,c768 tclass=file permissive=0
11-02 09:36:54.453 30782 30795 I chromium: [INFO:child_process_service.cc(69)] ChildProcessService: Exiting child process.
11-02 09:36:54.476   601  3864 I ActivityManager: Process com.android.chrome:sandboxed_process21 (pid 30782) has died
11-02 09:36:54.476   601  3864 D ActivityManager: cleanUpApplicationRecord -- 30782
11-02 09:36:54.483 30189 30189 W chromium: [WARNING:compositor_view.cc(315)] Child process died (type=6) pid=30782)
11-02 09:36:54.491   601   616 W libprocessgroup: failed to kill pid 30782: No such process
11-02 09:36:54.944   601   660 I ActivityManager: Start proc 30799:com.android.chrome:sandboxed_process22/u0i546 for service com.android.chrome/org.chromium.content.app.SandboxedProcessService22
11-02 09:36:55.000 30799 30799 W boxed_process22: type=1400 audit(0.0:1044): avc: denied { getattr } for path="/data/data/com.android.chrome" dev="dm-2" ino=12190 scontext=u:r:isolated_app:s0:c512,c768 tcontext=u:object_r:app_data_file:s0:c512,c768 tclass=dir permissive=0
11-02 09:36:55.030 30799 30799 I cr_ChildProcessService: Creating new ChildProcessService pid=30799
11-02 09:36:55.082 30799 30812 I cr_LibraryLoader: Loaded native library version number "85.0.4183.127"
11-02 09:36:55.082 30799 30812 I cr_CachingUmaRecorder: Flushed 1 samples from 1 histograms.
11-02 09:36:55.116 30812 30812 W CrUtilityMain: type=1400 audit(0.0:1045): avc: denied { setattr } for name="tl_en-us_2022-10-26_484799359_100000_index.bin" dev="dm-2" ino=63183 scontext=u:r:isolated_app:s0:c512,c768 tcontext=u:object_r:app_data_file:s0:c512,c768 tclass=file permissive=0
11-02 09:36:55.120 30812 30812 W CrUtilityMain: type=1400 audit(0.0:1046): avc: denied { setattr } for name="manifest.json" dev="dm-2" ino=62826 scontext=u:r:isolated_app:s0:c512,c768 tcontext=u:object_r:app_data_file:s0:c512,c768 tclass=file permissive=0
11-02 09:36:55.123 30812 30812 W CrUtilityMain: type=1400 audit(0.0:1047): avc: denied { setattr } for name="verified_contents.json" dev="dm-2" ino=62993 scontext=u:r:isolated_app:s0:c512,c768 tcontext=u:object_r:app_data_file:s0:c512,c768 tclass=file permissive=0
11-02 09:36:55.130 30799 30812 I chromium: [INFO:child_process_service.cc(69)] ChildProcessService: Exiting child process.
11-02 09:36:55.131   195   195 E lowmemorykiller: Error writing /proc/30799/oom_score_adj; errno=22
11-02 09:36:55.147   601 15862 I ActivityManager: Process com.android.chrome:sandboxed_process22 (pid 30799) has died
11-02 09:36:55.147   601 15862 D ActivityManager: cleanUpApplicationRecord -- 30799
11-02 09:36:55.149 30189 30189 W chromium: [WARNING:compositor_view.cc(315)] Child process died (type=6) pid=30799)
11-02 09:36:55.538   196   196 E SELinux : avc:  denied  { find } for service=netd pid=30818 uid=2000 scontext=u:r:shell:s0 tcontext=u:object_r:netd_service:s0 tclass=service_manager permissive=0
11-02 09:36:55.542   196   196 E SELinux : avc:  denied  { find } for service=android.service.gatekeeper.IGateKeeperService pid=30818 uid=2000 scontext=u:r:shell:s0 tcontext=u:object_r:gatekeeper_service:s0 tclass=service_manager permissive=0
11-02 09:36:55.933   601   819 I ActivityManager: Start proc 30819:com.android.chrome:sandboxed_process23/u0i547 for service com.android.chrome/org.chromium.content.app.SandboxedProcessService23
11-02 09:36:56.006 30819 30819 W boxed_process23: type=1400 audit(0.0:1048): avc: denied { getattr } for path="/data/data/com.android.chrome" dev="dm-2" ino=12190 scontext=u:r:isolated_app:s0:c512,c768 tcontext=u:object_r:app_data_file:s0:c512,c768 tclass=dir permissive=0
11-02 09:36:56.043 30819 30819 I cr_ChildProcessService: Creating new ChildProcessService pid=30819
11-02 09:36:56.100 30819 30832 I cr_LibraryLoader: Loaded native library version number "85.0.4183.127"
11-02 09:36:56.101 30819 30832 I cr_CachingUmaRecorder: Flushed 1 samples from 1 histograms.
11-02 09:36:56.123 30832 30832 W CrUtilityMain: type=1400 audit(0.0:1049): avc: denied { setattr } for name="crl-set" dev="dm-2" ino=63405 scontext=u:r:isolated_app:s0:c512,c768 tcontext=u:object_r:app_data_file:s0:c512,c768 tclass=file permissive=0
11-02 09:36:56.123 30832 30832 W CrUtilityMain: type=1400 audit(0.0:1050): avc: denied { setattr } for name="manifest.json" dev="dm-2" ino=63481 scontext=u:r:isolated_app:s0:c512,c768 tcontext=u:object_r:app_data_file:s0:c512,c768 tclass=file permissive=0
11-02 09:36:56.123 30832 30832 W CrUtilityMain: type=1400 audit(0.0:1051): avc: denied { setattr } for name="LICENSE" dev="dm-2" ino=63614 scontext=u:r:isolated_app:s0:c512,c768 tcontext=u:object_r:app_data_file:s0:c512,c768 tclass=file permissive=0
11-02 09:36:56.126 30832 30832 W CrUtilityMain: type=1400 audit(0.0:1052): avc: denied { setattr } for name="verified_contents.json" dev="dm-2" ino=63480 scontext=u:r:isolated_app:s0:c512,c768 tcontext=u:object_r:app_data_file:s0:c512,c768 tclass=file permissive=0
11-02 09:36:56.140 30819 30819 I cr_ChildProcessService: Destroying ChildProcessService pid=30819
11-02 09:36:56.142 30819 30832 I chromium: [INFO:child_process_service.cc(69)] ChildProcessService: Exiting child process.
11-02 09:36:56.165   601 12691 I ActivityManager: Process com.android.chrome:sandboxed_process23 (pid 30819) has died
11-02 09:36:56.165   601 12691 D ActivityManager: cleanUpApplicationRecord -- 30819
11-02 09:36:56.165 30189 30189 W chromium: [WARNING:compositor_view.cc(315)] Child process died (type=6) pid=30819)
11-02 09:36:56.669 30732 30732 D MonkeyStub: translateCommand: touch down 614 1561
11-02 09:36:56.689 30732 30732 D MonkeyStub: translateCommand: touch move 614 1561
11-02 09:36:56.795 30732 30732 D MonkeyStub: translateCommand: touch move 614 1436
11-02 09:36:56.904 30732 30732 D MonkeyStub: translateCommand: touch move 614 1311
11-02 09:36:57.009 30732 30732 D MonkeyStub: translateCommand: touch move 614 1186
11-02 09:36:57.120 30732 30732 D MonkeyStub: translateCommand: touch move 614 1061
11-02 09:36:57.199   601  7042 I ActivityManager: Start proc 30838:com.android.chrome:sandboxed_process24/u0i548 for service com.android.chrome/org.chromium.content.app.SandboxedProcessService24
11-02 09:36:57.224 30732 30732 D MonkeyStub: translateCommand: touch move 614 937
11-02 09:36:57.240 30838 30838 W boxed_process24: type=1400 audit(0.0:1053): avc: denied { getattr } for path="/data/data/com.android.chrome" dev="dm-2" ino=12190 scontext=u:r:isolated_app:s0:c512,c768 tcontext=u:object_r:app_data_file:s0:c512,c768 tclass=dir permissive=0
11-02 09:36:57.278 30838 30838 I cr_ChildProcessService: Creating new ChildProcessService pid=30838
11-02 09:36:57.323 30838 30851 I cr_LibraryLoader: Loaded native library version number "85.0.4183.127"
11-02 09:36:57.324 30838 30851 I cr_CachingUmaRecorder: Flushed 1 samples from 1 histograms.
11-02 09:36:57.336 30732 30732 D MonkeyStub: translateCommand: touch move 614 812
11-02 09:36:57.340 30851 30851 W CrUtilityMain: type=1400 audit(0.0:1054): avc: denied { setattr } for name="optimization-hints.pb" dev="dm-2" ino=63361 scontext=u:r:isolated_app:s0:c512,c768 tcontext=u:object_r:app_data_file:s0:c512,c768 tclass=file permissive=0
11-02 09:36:57.343 30851 30851 W CrUtilityMain: type=1400 audit(0.0:1055): avc: denied { setattr } for name="manifest.json" dev="dm-2" ino=63632 scontext=u:r:isolated_app:s0:c512,c768 tcontext=u:object_r:app_data_file:s0:c512,c768 tclass=file permissive=0
11-02 09:36:57.343 30851 30851 W CrUtilityMain: type=1400 audit(0.0:1056): avc: denied { setattr } for name="verified_contents.json" dev="dm-2" ino=63624 scontext=u:r:isolated_app:s0:c512,c768 tcontext=u:object_r:app_data_file:s0:c512,c768 tclass=file permissive=0
11-02 09:36:57.366 30838 30851 I chromium: [INFO:child_process_service.cc(69)] ChildProcessService: Exiting child process.
11-02 09:36:57.388   601  9643 I ActivityManager: Process com.android.chrome:sandboxed_process24 (pid 30838) has died
11-02 09:36:57.388   601  9643 D ActivityManager: cleanUpApplicationRecord -- 30838
11-02 09:36:57.391 30189 30189 W chromium: [WARNING:compositor_view.cc(315)] Child process died (type=6) pid=30838)
11-02 09:36:57.442 30732 30732 D MonkeyStub: translateCommand: touch move 614 687
11-02 09:36:57.551 30732 30732 D MonkeyStub: translateCommand: touch move 614 562
11-02 09:36:57.660 30732 30732 D MonkeyStub: translateCommand: touch move 614 437
11-02 09:36:57.769 30732 30732 D MonkeyStub: translateCommand: touch move 614 312
11-02 09:36:57.777 30732 30732 D MonkeyStub: translateCommand: touch up 614 312
11-02 09:36:57.798 30732 30732 D MonkeyStub: translateCommand: touch down 614 1561
11-02 09:36:57.821 30732 30732 D MonkeyStub: translateCommand: touch move 614 1561
11-02 09:36:57.936 30732 30732 D MonkeyStub: translateCommand: touch move 614 1436
11-02 09:36:58.074 30732 30732 D MonkeyStub: translateCommand: touch move 614 1311
11-02 09:36:58.182 30732 30732 D MonkeyStub: translateCommand: touch move 614 1186
11-02 09:36:58.296 30732 30732 D MonkeyStub: translateCommand: touch move 614 1061
11-02 09:36:58.433 30732 30732 D MonkeyStub: translateCommand: touch move 614 937
11-02 09:36:58.538 30732 30732 D MonkeyStub: translateCommand: touch move 614 812
11-02 09:36:58.613   601  4276 I ActivityManager: Start proc 30855:com.android.chrome:sandboxed_process25/u0i549 for service com.android.chrome/org.chromium.content.app.SandboxedProcessService25
11-02 09:36:58.647 30732 30732 D MonkeyStub: translateCommand: touch move 614 687
11-02 09:36:58.680 30855 30855 W boxed_process25: type=1400 audit(0.0:1057): avc: denied { getattr } for path="/data/data/com.android.chrome" dev="dm-2" ino=12190 scontext=u:r:isolated_app:s0:c512,c768 tcontext=u:object_r:app_data_file:s0:c512,c768 tclass=dir permissive=0
11-02 09:36:58.713 30855 30855 I cr_ChildProcessService: Creating new ChildProcessService pid=30855
11-02 09:36:58.757 30855 30868 I cr_LibraryLoader: Loaded native library version number "85.0.4183.127"
11-02 09:36:58.757 30855 30868 I cr_CachingUmaRecorder: Flushed 1 samples from 1 histograms.
11-02 09:36:58.760 30732 30732 D MonkeyStub: translateCommand: touch move 614 562
11-02 09:36:58.780 30868 30868 W CrUtilityMain: type=1400 audit(0.0:1058): avc: denied { setattr } for name="manifest.json" dev="dm-2" ino=63307 scontext=u:r:isolated_app:s0:c512,c768 tcontext=u:object_r:app_data_file:s0:c512,c768 tclass=file permissive=0
11-02 09:36:58.783 30868 30868 W CrUtilityMain: type=1400 audit(0.0:1059): avc: denied { setattr } for name="verified_contents.json" dev="dm-2" ino=63487 scontext=u:r:isolated_app:s0:c512,c768 tcontext=u:object_r:app_data_file:s0:c512,c768 tclass=file permissive=0
11-02 09:36:58.792 30855 30855 I cr_ChildProcessService: Destroying ChildProcessService pid=30855
11-02 09:36:58.796 30855 30855 I art     : System.exit called, status: 0
11-02 09:36:58.796 30855 30855 I AndroidRuntime: VM exiting with result code 0, cleanup skipped.
11-02 09:36:58.810   601  4276 I ActivityManager: Process com.android.chrome:sandboxed_process25 (pid 30855) has died
11-02 09:36:58.810   601  4276 D ActivityManager: cleanUpApplicationRecord -- 30855
11-02 09:36:58.813 30189 30189 W chromium: [WARNING:compositor_view.cc(315)] Child process died (type=6) pid=30855)
11-02 09:36:58.894 30732 30732 D MonkeyStub: translateCommand: touch move 614 437
11-02 09:36:59.019 30732 30732 D MonkeyStub: translateCommand: touch move 614 312
11-02 09:36:59.023 30732 30732 D MonkeyStub: translateCommand: touch up 614 312
11-02 09:37:00.338   601  9643 I ActivityManager: Start proc 30874:com.android.chrome:sandboxed_process26/u0i550 for service com.android.chrome/org.chromium.content.app.SandboxedProcessService26
11-02 09:37:00.376 30874 30874 W boxed_process26: type=1400 audit(0.0:1060): avc: denied { getattr } for path="/data/data/com.android.chrome" dev="dm-2" ino=12190 scontext=u:r:isolated_app:s0:c512,c768 tcontext=u:object_r:app_data_file:s0:c512,c768 tclass=dir permissive=0
11-02 09:37:00.402 30874 30874 I cr_ChildProcessService: Creating new ChildProcessService pid=30874
11-02 09:37:00.445 30874 30887 I cr_LibraryLoader: Loaded native library version number "85.0.4183.127"
11-02 09:37:00.446 30874 30887 I cr_CachingUmaRecorder: Flushed 1 samples from 1 histograms.
11-02 09:37:00.456 30887 30887 W CrUtilityMain: type=1400 audit(0.0:1061): avc: denied { setattr } for name="download_file_types.pb" dev="dm-2" ino=60394 scontext=u:r:isolated_app:s0:c512,c768 tcontext=u:object_r:app_data_file:s0:c512,c768 tclass=file permissive=0
11-02 09:37:00.456 30887 30887 W CrUtilityMain: type=1400 audit(0.0:1062): avc: denied { setattr } for name="manifest.json" dev="dm-2" ino=27279 scontext=u:r:isolated_app:s0:c512,c768 tcontext=u:object_r:app_data_file:s0:c512,c768 tclass=file permissive=0
11-02 09:37:00.460 30887 30887 W CrUtilityMain: type=1400 audit(0.0:1063): avc: denied { setattr } for name="verified_contents.json" dev="dm-2" ino=60233 scontext=u:r:isolated_app:s0:c512,c768 tcontext=u:object_r:app_data_file:s0:c512,c768 tclass=file permissive=0
11-02 09:37:00.469 30874 30887 I chromium: [INFO:child_process_service.cc(69)] ChildProcessService: Exiting child process.
11-02 09:37:00.474   195   195 E lowmemorykiller: Error writing /proc/30874/oom_score_adj; errno=22
11-02 09:37:00.487   601 19770 I ActivityManager: Process com.android.chrome:sandboxed_process26 (pid 30874) has died
11-02 09:37:00.488   601 19770 D ActivityManager: cleanUpApplicationRecord -- 30874
11-02 09:37:00.490 30189 30189 W chromium: [WARNING:compositor_view.cc(315)] Child process died (type=6) pid=30874)
11-02 09:37:02.221   601  2013 I ActivityManager: Start proc 30891:com.android.chrome:sandboxed_process27/u0i551 for service com.android.chrome/org.chromium.content.app.SandboxedProcessService27
11-02 09:37:02.283 30891 30891 W boxed_process27: type=1400 audit(0.0:1064): avc: denied { getattr } for path="/data/data/com.android.chrome" dev="dm-2" ino=12190 scontext=u:r:isolated_app:s0:c512,c768 tcontext=u:object_r:app_data_file:s0:c512,c768 tclass=dir permissive=0
11-02 09:37:02.320 30891 30891 I cr_ChildProcessService: Creating new ChildProcessService pid=30891
11-02 09:37:02.378 30891 30904 I cr_LibraryLoader: Loaded native library version number "85.0.4183.127"
11-02 09:37:02.378 30891 30904 I cr_CachingUmaRecorder: Flushed 1 samples from 1 histograms.
11-02 09:37:02.386 30904 30904 W CrUtilityMain: type=1400 audit(0.0:1065): avc: denied { setattr } for name="ssl_error_assistant.pb" dev="dm-2" ino=60229 scontext=u:r:isolated_app:s0:c512,c768 tcontext=u:object_r:app_data_file:s0:c512,c768 tclass=file permissive=0
11-02 09:37:02.390 30904 30904 W CrUtilityMain: type=1400 audit(0.0:1066): avc: denied { setattr } for name="manifest.json" dev="dm-2" ino=62952 scontext=u:r:isolated_app:s0:c512,c768 tcontext=u:object_r:app_data_file:s0:c512,c768 tclass=file permissive=0
11-02 09:37:02.390 30904 30904 W CrUtilityMain: type=1400 audit(0.0:1067): avc: denied { setattr } for name="verified_contents.json" dev="dm-2" ino=60516 scontext=u:r:isolated_app:s0:c512,c768 tcontext=u:object_r:app_data_file:s0:c512,c768 tclass=file permissive=0
11-02 09:37:02.404 30891 30904 I chromium: [INFO:child_process_service.cc(69)] ChildProcessService: Exiting child process.
11-02 09:37:02.427   601 19770 I ActivityManager: Process com.android.chrome:sandboxed_process27 (pid 30891) has died
11-02 09:37:02.427   601 19770 D ActivityManager: cleanUpApplicationRecord -- 30891
11-02 09:37:02.429 30189 30189 W chromium: [WARNING:compositor_view.cc(315)] Child process died (type=6) pid=30891)
11-02 09:37:05.087 30732 30732 D MonkeyStub: translateCommand: touch down 614 1561
11-02 09:37:05.107 30732 30732 D MonkeyStub: translateCommand: touch move 614 1561
11-02 09:37:05.152   601  9663 I ActivityManager: Start proc 30909:com.android.chrome:sandboxed_process28/u0i552 for service com.android.chrome/org.chromium.content.app.SandboxedProcessService28
11-02 09:37:05.217 30732 30732 D MonkeyStub: translateCommand: touch move 614 1436
11-02 09:37:05.260 30909 30909 W boxed_process28: type=1400 audit(0.0:1068): avc: denied { getattr } for path="/data/data/com.android.chrome" dev="dm-2" ino=12190 scontext=u:r:isolated_app:s0:c512,c768 tcontext=u:object_r:app_data_file:s0:c512,c768 tclass=dir permissive=0
11-02 09:37:05.294 30909 30909 I cr_ChildProcessService: Creating new ChildProcessService pid=30909
11-02 09:37:05.332 30732 30732 D MonkeyStub: translateCommand: touch move 614 1311
11-02 09:37:05.336 30909 30922 I cr_LibraryLoader: Loaded native library version number "85.0.4183.127"
11-02 09:37:05.338 30909 30922 I cr_CachingUmaRecorder: Flushed 1 samples from 1 histograms.
11-02 09:37:05.363 30922 30922 W CrUtilityMain: type=1400 audit(0.0:1069): avc: denied { setattr } for name="safety_tips.pb" dev="dm-2" ino=60855 scontext=u:r:isolated_app:s0:c512,c768 tcontext=u:object_r:app_data_file:s0:c512,c768 tclass=file permissive=0
11-02 09:37:05.366 30922 30922 W CrUtilityMain: type=1400 audit(0.0:1070): avc: denied { setattr } for name="manifest.json" dev="dm-2" ino=60342 scontext=u:r:isolated_app:s0:c512,c768 tcontext=u:object_r:app_data_file:s0:c512,c768 tclass=file permissive=0
11-02 09:37:05.366 30922 30922 W CrUtilityMain: type=1400 audit(0.0:1071): avc: denied { setattr } for name="verified_contents.json" dev="dm-2" ino=60671 scontext=u:r:isolated_app:s0:c512,c768 tcontext=u:object_r:app_data_file:s0:c512,c768 tclass=file permissive=0
11-02 09:37:05.383 30909 30909 I cr_ChildProcessService: Destroying ChildProcessService pid=30909
11-02 09:37:05.384 30909 30909 I art     : System.exit called, status: 0
11-02 09:37:05.384 30909 30909 I AndroidRuntime: VM exiting with result code 0, cleanup skipped.
11-02 09:37:05.417   601  9663 I ActivityManager: Process com.android.chrome:sandboxed_process28 (pid 30909) has died
11-02 09:37:05.417   601  9663 D ActivityManager: cleanUpApplicationRecord -- 30909
11-02 09:37:05.419 30189 30189 W chromium: [WARNING:compositor_view.cc(315)] Child process died (type=6) pid=30909)
11-02 09:37:05.441 30732 30732 D MonkeyStub: translateCommand: touch move 614 1186
11-02 09:37:05.549 30732 30732 D MonkeyStub: translateCommand: touch move 614 1061
11-02 09:37:05.659 30732 30732 D MonkeyStub: translateCommand: touch move 614 937
11-02 09:37:05.767 30732 30732 D MonkeyStub: translateCommand: touch move 614 812
11-02 09:37:05.873 30732 30732 D MonkeyStub: translateCommand: touch move 614 687
11-02 09:37:05.983 30732 30732 D MonkeyStub: translateCommand: touch move 614 562
11-02 09:37:06.091 30732 30732 D MonkeyStub: translateCommand: touch move 614 437
11-02 09:37:06.199 30732 30732 D MonkeyStub: translateCommand: touch move 614 312
11-02 09:37:06.231 30732 30732 D MonkeyStub: translateCommand: touch up 614 312
11-02 09:37:06.260 30732 30732 D MonkeyStub: translateCommand: touch down 614 1561
11-02 09:37:06.264 30732 30732 D MonkeyStub: translateCommand: touch move 614 1561
11-02 09:37:06.373 30732 30732 D MonkeyStub: translateCommand: touch move 614 1436
11-02 09:37:06.483 30732 30732 D MonkeyStub: translateCommand: touch move 614 1311
11-02 09:37:06.593 30732 30732 D MonkeyStub: translateCommand: touch move 614 1186
11-02 09:37:06.698 30732 30732 D MonkeyStub: translateCommand: touch move 614 1061
11-02 09:37:06.810 30732 30732 D MonkeyStub: translateCommand: touch move 614 937
11-02 09:37:06.929 30732 30732 D MonkeyStub: translateCommand: touch move 614 812
11-02 09:37:07.034 30732 30732 D MonkeyStub: translateCommand: touch move 614 687
11-02 09:37:07.138 30732 30732 D MonkeyStub: translateCommand: touch move 614 562
11-02 09:37:07.245 30732 30732 D MonkeyStub: translateCommand: touch move 614 437
11-02 09:37:07.349 30732 30732 D MonkeyStub: translateCommand: touch move 614 312
11-02 09:37:07.356 30732 30732 D MonkeyStub: translateCommand: touch up 614 312
11-02 09:37:07.360 30732 30732 D MonkeyStub: Quit requested
11-02 09:37:07.384   601   615 I CwMcuSensor: CwMcuSensor::flush: fd = 217, sensors_id = 0, path = /sys/class/htc_sensorhub/sensor_hub/flush, err = 0
11-02 09:37:07.400 30732 30732 I art     : System.exit called, status: 69
11-02 09:37:07.400 30732 30732 I AndroidRuntime: VM exiting with result code 69.
11-02 09:37:07.422   601   612 W WindowManager: Attempted to remove non-existing token: android.os.Binder@f97f6b8
11-02 09:37:08.468   601  3864 I ActivityManager: Start proc 30929:com.android.chrome:sandboxed_process29/u0i553 for service com.android.chrome/org.chromium.content.app.SandboxedProcessService29
11-02 09:37:08.516 30929 30929 W boxed_process29: type=1400 audit(0.0:1072): avc: denied { getattr } for path="/data/data/com.android.chrome" dev="dm-2" ino=12190 scontext=u:r:isolated_app:s0:c512,c768 tcontext=u:object_r:app_data_file:s0:c512,c768 tclass=dir permissive=0
11-02 09:37:08.545 30929 30929 I cr_ChildProcessService: Creating new ChildProcessService pid=30929
11-02 09:37:08.583 30929 30942 I cr_LibraryLoader: Loaded native library version number "85.0.4183.127"
11-02 09:37:08.584 30929 30942 I cr_CachingUmaRecorder: Flushed 1 samples from 1 histograms.
11-02 09:37:08.603 30942 30942 W CrUtilityMain: type=1400 audit(0.0:1073): avc: denied { setattr } for name=5072656C6F61642044617461 dev="dm-2" ino=60763 scontext=u:r:isolated_app:s0:c512,c768 tcontext=u:object_r:app_data_file:s0:c512,c768 tclass=file permissive=0
11-02 09:37:08.603 30942 30942 W CrUtilityMain: type=1400 audit(0.0:1074): avc: denied { setattr } for name="manifest.json" dev="dm-2" ino=60804 scontext=u:r:isolated_app:s0:c512,c768 tcontext=u:object_r:app_data_file:s0:c512,c768 tclass=file permissive=0
11-02 09:37:08.606 30942 30942 W CrUtilityMain: type=1400 audit(0.0:1075): avc: denied { setattr } for name="verified_contents.json" dev="dm-2" ino=60607 scontext=u:r:isolated_app:s0:c512,c768 tcontext=u:object_r:app_data_file:s0:c512,c768 tclass=file permissive=0
11-02 09:37:08.617 30929 30942 I chromium: [INFO:child_process_service.cc(69)] ChildProcessService: Exiting child process.
11-02 09:37:08.618   195   195 E lowmemorykiller: Error writing /proc/30929/oom_score_adj; errno=22
11-02 09:37:08.638   601 15862 I ActivityManager: Process com.android.chrome:sandboxed_process29 (pid 30929) has died
11-02 09:37:08.638   601 15862 D ActivityManager: cleanUpApplicationRecord -- 30929
11-02 09:37:08.639 30189 30189 W chromium: [WARNING:compositor_view.cc(315)] Child process died (type=6) pid=30929)
11-02 09:37:11.946   601 12691 I ActivityManager: Start proc 30946:com.android.chrome:sandboxed_process30/u0i554 for service com.android.chrome/org.chromium.content.app.SandboxedProcessService30
11-02 09:37:12.006 30946 30946 W boxed_process30: type=1400 audit(0.0:1076): avc: denied { getattr } for path="/data/data/com.android.chrome" dev="dm-2" ino=12190 scontext=u:r:isolated_app:s0:c512,c768 tcontext=u:object_r:app_data_file:s0:c512,c768 tclass=dir permissive=0
11-02 09:37:12.044 30946 30946 I cr_ChildProcessService: Creating new ChildProcessService pid=30946
11-02 09:37:12.097 30946 30959 I cr_LibraryLoader: Loaded native library version number "85.0.4183.127"
11-02 09:37:12.097 30946 30959 I cr_CachingUmaRecorder: Flushed 1 samples from 1 histograms.
11-02 09:37:12.106 30959 30959 W CrUtilityMain: type=1400 audit(0.0:1077): avc: denied { setattr } for name="tls_deprecation_config.pb" dev="dm-2" ino=60707 scontext=u:r:isolated_app:s0:c512,c768 tcontext=u:object_r:app_data_file:s0:c512,c768 tclass=file permissive=0
11-02 09:37:12.106 30959 30959 W CrUtilityMain: type=1400 audit(0.0:1078): avc: denied { setattr } for name="manifest.json" dev="dm-2" ino=60970 scontext=u:r:isolated_app:s0:c512,c768 tcontext=u:object_r:app_data_file:s0:c512,c768 tclass=file permissive=0
11-02 09:37:12.110 30959 30959 W CrUtilityMain: type=1400 audit(0.0:1079): avc: denied { setattr } for name="verified_contents.json" dev="dm-2" ino=61225 scontext=u:r:isolated_app:s0:c512,c768 tcontext=u:object_r:app_data_file:s0:c512,c768 tclass=file permissive=0
11-02 09:37:12.121 30946 30959 I chromium: [INFO:child_process_service.cc(69)] ChildProcessService: Exiting child process.
11-02 09:37:12.130   601 12301 I ActivityManager: Process com.android.chrome:sandboxed_process30 (pid 30946) has died
11-02 09:37:12.130   601 12301 D ActivityManager: cleanUpApplicationRecord -- 30946
11-02 09:37:12.132 30189 30189 W chromium: [WARNING:compositor_view.cc(315)] Child process died (type=6) pid=30946)
11-02 09:37:19.050  1244  1639 I Icing   : IndexChimeraService.getServiceInterface callingPackage=com.android.chrome componentName=null serviceId=36
11-02 09:37:19.075  1244 19777 W Icing   : No valid account for uploading user actions
11-02 09:37:19.108  1244  1639 I Icing   : IndexChimeraService.getServiceInterface callingPackage=com.google.android.gms componentName=null serviceId=30
11-02 09:37:19.159  1244 19777 I Icing   : Usage reports ok 2, Failed Usage reports 0, indexed 2, rejected 0
11-02 09:37:19.162  1244 19777 W Icing   : No valid account for uploading user actions
11-02 09:37:19.169  1244 19777 I Icing   : Usage reports ok 0, Failed Usage reports 0, indexed 0, rejected 0
11-02 09:37:19.170  1244 19777 I Icing   : Indexing com.android.chrome-omnibox from com.android.chrome
11-02 09:37:19.207  1244 21773 I Icing   : Indexing done com.android.chrome-omnibox
11-02 09:37:20.203   785   804 W Icing   : isOptedInForAppHistory: empty Account Name encountered
11-02 09:37:20.236   785 28657 W Icing   : isOptedInForAppHistory: empty Account Name encountered
11-02 09:37:23.536 30978 30978 D AndroidRuntime: >>>>>> START com.android.internal.os.RuntimeInit uid 2000 <<<<<<
11-02 09:37:23.540 30978 30978 D AndroidRuntime: CheckJNI is OFF
11-02 09:37:23.611 30978 30978 D ICU     : No timezone override file found: /data/misc/zoneinfo/current/icu/icu_tzdata.dat
11-02 09:37:23.640 30978 30978 I Radio-JNI: register_android_hardware_Radio DONE
11-02 09:37:23.655 30978 30978 D AndroidRuntime: Calling main entry com.android.commands.am.Am
11-02 09:37:23.671   601 12301 I ActivityManager: Force stopping com.android.chrome appid=10035 user=0: from pid 30978
11-02 09:37:23.671   601 12301 I ActivityManager: Killing 30251:com.android.chrome:privileged_process0/u0a35 (adj 0): stop com.android.chrome
11-02 09:37:23.671   601 12301 D ActivityManager: cleanUpApplicationRecord -- 30251
11-02 09:37:23.672   601 12301 W ActivityManager: Scheduling restart of crashed service com.android.chrome/org.chromium.content.app.PrivilegedProcessService0 in 1000ms
11-02 09:37:23.672   601 12301 I ActivityManager: Killing 30189:com.android.chrome/u0a35 (adj 0): stop com.android.chrome
11-02 09:37:23.673   601 12301 D ActivityManager: cleanUpApplicationRecord -- 30189
11-02 09:37:23.675   601 12301 W ActivityManager: Force removing ActivityRecord{e2c7d93 u0 com.android.chrome/com.google.android.apps.chrome.Main t1176}: app died, no saved state
11-02 09:37:23.680 30224 30224 I cr_ChildProcessService: Destroying ChildProcessService pid=30224
11-02 09:37:23.687 30683 30683 I cr_ChildProcessService: Destroying ChildProcessService pid=30683
11-02 09:37:23.689 30224 30224 I art     : System.exit called, status: 0
11-02 09:37:23.689 30224 30224 I AndroidRuntime: VM exiting with result code 0, cleanup skipped.
11-02 09:37:23.701   601 12301 I ActivityManager: Killing 30683:com.android.chrome:sandboxed_process20/u0a35i544 (adj 0): isolated not needed
11-02 09:37:23.701   601 12301 I ActivityManager: Killing 30224:com.android.chrome:sandboxed_process0/u0a35i524 (adj 0): isolated not needed
11-02 09:37:23.709 30978 30978 D AndroidRuntime: Shutting down VM
11-02 09:37:23.734  1065  1161 I OpenGLRenderer: Initialized EGL, version 1.4
11-02 09:37:23.734  1065  1161 D OpenGLRenderer: Swap behavior 2
11-02 09:37:23.751 26552 26552 I MemoryTrimmer: Trimming objects from memory, since app is in the background.
11-02 09:37:23.792  1052  1052 D RegisteredNfcFServicesCache: Service unchanged, not updating
11-02 09:37:23.828 26552 28052 I AttachedClient: Adding client event 2 to pending list.
