10-31 23:49:58.941 12494 12494 W chromium: [WARNING:compositor_view.cc(315)] Child process died (type=6) pid=13264)
10-31 23:49:58.942   600  6312 I ActivityManager: Process com.android.chrome:sandboxed_process30 (pid 13264) has died
10-31 23:49:58.942   600  6312 D ActivityManager: cleanUpApplicationRecord -- 13264
10-31 23:49:58.960 13069 13069 D MonkeyStub: translateCommand: touch move 614 562
10-31 23:49:59.099 13069 13069 D MonkeyStub: translateCommand: touch move 614 437
10-31 23:49:59.222 13069 13069 D MonkeyStub: translateCommand: touch move 614 312
10-31 23:49:59.249 13069 13069 D MonkeyStub: translateCommand: touch up 614 312
10-31 23:49:59.273 13069 13069 D MonkeyStub: Quit requested
10-31 23:49:59.294   600   614 I CwMcuSensor: CwMcuSensor::flush: fd = 234, sensors_id = 0, path = /sys/class/htc_sensorhub/sensor_hub/flush, err = 0
10-31 23:49:59.299 13069 13069 I art     : System.exit called, status: 69
10-31 23:49:59.299 13069 13069 I AndroidRuntime: VM exiting with result code 69.
10-31 23:49:59.326   600  3509 W WindowManager: Attempted to remove non-existing token: android.os.Binder@c2d1fa9
10-31 23:50:01.481   600  7064 I ActivityManager: Start proc 13282:com.android.chrome:sandboxed_process31/u0i305 for service com.android.chrome/org.chromium.content.app.SandboxedProcessService31
10-31 23:50:01.520 13282 13282 W boxed_process31: type=1400 audit(0.0:16112): avc: denied { getattr } for path="/data/data/com.android.chrome" dev="dm-2" ino=12190 scontext=u:r:isolated_app:s0:c512,c768 tcontext=u:object_r:app_data_file:s0:c512,c768 tclass=dir permissive=0
10-31 23:50:01.544 13282 13282 I cr_ChildProcessService: Creating new ChildProcessService pid=13282
10-31 23:50:01.581 13282 13295 I cr_LibraryLoader: Loaded native library version number "85.0.4183.127"
10-31 23:50:01.581 13282 13295 I cr_CachingUmaRecorder: Flushed 1 samples from 1 histograms.
10-31 23:50:01.590 13295 13295 W CrUtilityMain: type=1400 audit(0.0:16113): avc: denied { setattr } for name="crl-set" dev="dm-2" ino=23729 scontext=u:r:isolated_app:s0:c512,c768 tcontext=u:object_r:app_data_file:s0:c512,c768 tclass=file permissive=0
10-31 23:50:01.593 13295 13295 W CrUtilityMain: type=1400 audit(0.0:16114): avc: denied { setattr } for name="manifest.json" dev="dm-2" ino=24040 scontext=u:r:isolated_app:s0:c512,c768 tcontext=u:object_r:app_data_file:s0:c512,c768 tclass=file permissive=0
10-31 23:50:01.593 13295 13295 W CrUtilityMain: type=1400 audit(0.0:16115): avc: denied { setattr } for name="LICENSE" dev="dm-2" ino=24058 scontext=u:r:isolated_app:s0:c512,c768 tcontext=u:object_r:app_data_file:s0:c512,c768 tclass=file permissive=0
10-31 23:50:01.597 13295 13295 W CrUtilityMain: type=1400 audit(0.0:16116): avc: denied { setattr } for name="verified_contents.json" dev="dm-2" ino=24392 scontext=u:r:isolated_app:s0:c512,c768 tcontext=u:object_r:app_data_file:s0:c512,c768 tclass=file permissive=0
10-31 23:50:01.606 13282 13295 I chromium: [INFO:child_process_service.cc(69)] ChildProcessService: Exiting child process.
10-31 23:50:01.627   600 25704 I ActivityManager: Process com.android.chrome:sandboxed_process31 (pid 13282) has died
10-31 23:50:01.627   600 25704 D ActivityManager: cleanUpApplicationRecord -- 13282
10-31 23:50:01.627 12494 12494 W chromium: [WARNING:compositor_view.cc(315)] Child process died (type=6) pid=13282)
10-31 23:50:10.602 12349 12384 I Icing   : IndexChimeraService.getServiceInterface callingPackage=com.android.chrome componentName=null serviceId=36
10-31 23:50:10.632 12349 12389 W Icing   : No valid account for uploading user actions
10-31 23:50:10.664 12349 12384 I Icing   : IndexChimeraService.getServiceInterface callingPackage=com.google.android.gms componentName=null serviceId=30
10-31 23:50:10.703 12349 12389 I Icing   : Usage reports ok 2, Failed Usage reports 0, indexed 2, rejected 0
10-31 23:50:10.706 12349 12389 W Icing   : No valid account for uploading user actions
10-31 23:50:10.713 12349 12389 I Icing   : Usage reports ok 0, Failed Usage reports 0, indexed 0, rejected 0
10-31 23:50:10.715 12349 12389 I Icing   : Indexing com.android.chrome-omnibox from com.android.chrome
10-31 23:50:10.740 12349 12387 I Icing   : Indexing done com.android.chrome-omnibox
10-31 23:50:11.750   787 28596 W Icing   : isOptedInForAppHistory: empty Account Name encountered
10-31 23:50:11.785   787  3168 W Icing   : isOptedInForAppHistory: empty Account Name encountered
10-31 23:50:15.311 13316 13316 D AndroidRuntime: >>>>>> START com.android.internal.os.RuntimeInit uid 2000 <<<<<<
10-31 23:50:15.320 13316 13316 D AndroidRuntime: CheckJNI is OFF
10-31 23:50:15.405 13316 13316 D ICU     : No timezone override file found: /data/misc/zoneinfo/current/icu/icu_tzdata.dat
10-31 23:50:15.444 13316 13316 I Radio-JNI: register_android_hardware_Radio DONE
10-31 23:50:15.461 13316 13316 D AndroidRuntime: Calling main entry com.android.commands.am.Am
10-31 23:50:15.479   600  3675 I ActivityManager: Force stopping com.android.chrome appid=10035 user=0: from pid 13316
10-31 23:50:15.479   600  3675 I ActivityManager: Killing 12560:com.android.chrome:privileged_process0/u0a35 (adj 0): stop com.android.chrome
10-31 23:50:15.479   600  3675 D ActivityManager: cleanUpApplicationRecord -- 12560
10-31 23:50:15.480   600  3675 W ActivityManager: Scheduling restart of crashed service com.android.chrome/org.chromium.content.app.PrivilegedProcessService0 in 1000ms
10-31 23:50:15.481   600  3675 I ActivityManager: Killing 12494:com.android.chrome/u0a35 (adj 0): stop com.android.chrome
10-31 23:50:15.486   600  3675 D ActivityManager: cleanUpApplicationRecord -- 12494
10-31 23:50:15.488   600  3675 I ActivityManager: Killing 12982:com.android.chrome:sandboxed_process21/u0a35i295 (adj 0): isolated not needed
10-31 23:50:15.492   600  3675 W ActivityManager: Force removing ActivityRecord{f2aa8a9 u0 com.android.chrome/com.google.android.apps.chrome.Main t2499}: app died, no saved state
10-31 23:50:15.493 12532 12532 I cr_ChildProcessService: Destroying ChildProcessService pid=12532
10-31 23:50:15.515   600  3675 I ActivityManager: Killing 12532:com.android.chrome:sandboxed_process0/u0a35i274 (adj 0): isolated not needed
10-31 23:50:15.532  1061  1061 D RegisteredNfcFServicesCache: Service unchanged, not updating
10-31 23:50:15.534 13316 13316 D AndroidRuntime: Shutting down VM
10-31 23:50:15.553 18269 18304 I OpenGLRenderer: Initialized EGL, version 1.4
10-31 23:50:15.553 18269 18304 D OpenGLRenderer: Swap behavior 2
10-31 23:50:15.572   600 13558 E JavaBinder: !!! FAILED BINDER TRANSACTION !!!  (parcel size = 104)
10-31 23:50:15.575   600 13558 W InputMethodManagerService: Got RemoteException sending setActive(false) notification to pid 12494 uid 10035
10-31 23:50:15.575   600 13558 E JavaBinder: !!! FAILED BINDER TRANSACTION !!!  (parcel size = 108)
10-31 23:50:15.584   600   707 D ConnectivityService: ConnectivityService NetworkRequestInfo binderDied(NetworkRequest [ LISTEN id=2176, [ Capabilities: INTERNET&NOT_RESTRICTED&TRUSTED&FOREGROUND] ], android.os.BinderProxy@c51c0b0)
10-31 23:50:15.584   600 22670 D ConnectivityService: ConnectivityService NetworkRequestInfo binderDied(NetworkRequest [ LISTEN id=2173, [ Capabilities: INTERNET&NOT_RESTRICTED&TRUSTED&FOREGROUND] ], android.os.BinderProxy@fa4db29)
10-31 23:50:15.584   600 22670 D ConnectivityService: ConnectivityService NetworkRequestInfo binderDied(NetworkRequest [ LISTEN id=2174, [ Capabilities: INTERNET&NOT_RESTRICTED&TRUSTED&FOREGROUND] ], android.os.BinderProxy@eadfeae)
10-31 23:50:15.584   600 22670 D GraphicsStats: Buffer count: 2
10-31 23:50:15.585   600   707 D ConnectivityService: ConnectivityService NetworkRequestInfo binderDied(NetworkRequest [ LISTEN id=2175, [ Capabilities: INTERNET&NOT_RESTRICTED&TRUSTED&FOREGROUND] ], android.os.BinderProxy@c42a44f)
10-31 23:50:15.586   600   649 E ConnectivityService: RemoteException caught trying to send a callback msg for NetworkRequest [ LISTEN id=2176, [ Capabilities: INTERNET&NOT_RESTRICTED&TRUSTED&FOREGROUND] ]
10-31 23:50:15.587   600   649 E ConnectivityService: RemoteException caught trying to send a callback msg for NetworkRequest [ LISTEN id=2173, [ Capabilities: INTERNET&NOT_RESTRICTED&TRUSTED&FOREGROUND] ]
10-31 23:50:15.587   600   649 E ConnectivityService: RemoteException caught trying to send a callback msg for NetworkRequest [ LISTEN id=2174, [ Capabilities: INTERNET&NOT_RESTRICTED&TRUSTED&FOREGROUND] ]
10-31 23:50:15.588   600   649 E ConnectivityService: RemoteException caught trying to send a callback msg for NetworkRequest [ LISTEN id=2175, [ Capabilities: INTERNET&NOT_RESTRICTED&TRUSTED&FOREGROUND] ]
10-31 23:50:15.647   600  7064 D ActivityManager: cleanUpApplicationRecord -- 12532
10-31 23:50:15.669   600   713 D ActivityManager: cleanUpApplicationRecord -- 12982
10-31 23:50:15.678 12218 12230 I AttachedClient: Adding client event 2 to pending list.
10-31 23:50:15.686 12218 12218 I OptInState: There is a new client and it does not support opt-in. Dropping request.
10-31 23:50:15.688 12218 12218 I MicroDetectionWorker: Micro detection mode: [mDetectionMode: [1]].
10-31 23:50:15.723 12218 13333 I MicroRecognitionRunner: Starting detection.
10-31 23:50:15.723 12218 12248 I MicrophoneInputStream: mic_starting com.google.android.apps.gsa.speech.audio.ae@cd3246c
10-31 23:50:15.728   238   285 I SoundTriggerHwService::Module: void android::SoundTriggerHwService::Module::onCallbackEvent(const sp<android::SoundTriggerHwService::CallbackEvent> &) mClient == 0
10-31 23:50:15.728   238 13335 I AudioFlinger: AudioFlinger's thread 0xef692c40 ready to run
10-31 23:50:15.737 12218 12248 I MicrophoneInputStream: mic_started com.google.android.apps.gsa.speech.audio.ae@cd3246c
10-31 23:50:15.917 12218 12218 I MicroDetectionWorker: onReady
10-31 23:50:16.052 13330 13330 D AndroidRuntime: >>>>>> START com.android.internal.os.RuntimeInit uid 2000 <<<<<<
10-31 23:50:16.055 13330 13330 D AndroidRuntime: CheckJNI is OFF
10-31 23:50:16.097 18269 18304 W OpenGLRenderer: Incorrectly called buildLayer on View: ShortcutAndWidgetContainer, destroying layer...
10-31 23:50:16.127 13330 13330 D ICU     : No timezone override file found: /data/misc/zoneinfo/current/icu/icu_tzdata.dat
10-31 23:50:16.156 13330 13330 I Radio-JNI: register_android_hardware_Radio DONE
10-31 23:50:16.171 13330 13330 D AndroidRuntime: Calling main entry com.android.commands.pm.Pm
10-31 23:50:16.188   600 29683 I ActivityManager: Force stopping com.android.chrome appid=10035 user=0: clear data
10-31 23:50:16.189   600   613 I ActivityManager: Force stopping com.android.chrome appid=10035 user=-1: clearApplicationUserData
10-31 23:50:16.236   787   787 I GeofencerStateMachine: removeGeofences: removeRequest=RemoveGeofencingRequest[REMOVE_ALL packageName=com.android.chrome]
10-31 23:50:16.240 13330 13330 I art     : System.exit called, status: 0
10-31 23:50:16.240 13330 13330 I AndroidRuntime: VM exiting with result code 0.
10-31 23:50:16.247  1061  1061 D RegisteredNfcFServicesCache: Service unchanged, not updating
10-31 23:50:16.256   600   612 W ResourceType: No known package when getting value for resource number 0x7f080316
10-31 23:50:16.256   600   612 W ResourceType: No known package when getting value for resource number 0x7f130448
10-31 23:50:16.256   600   612 W ResourceType: No known package when getting value for resource number 0x7f080315
10-31 23:50:16.256   600   612 W ResourceType: No known package when getting value for resource number 0x7f130123
10-31 23:50:16.256   600   612 W ResourceType: No known package when getting value for resource number 0x7f130447
10-31 23:50:16.256   600   612 W ResourceType: No known package when getting value for resource number 0x7f1302e4
10-31 23:50:16.256   600   612 E ShortcutService: Ignoring excessive intent tag.
10-31 23:50:16.283 12349 12389 I Icing   : doRemovePackageData com.android.chrome
10-31 23:50:16.283 12349 12389 I Icing   : Removing corpus key com.android.chrome-.implicit: for package com.android.chrome
10-31 23:50:16.328   787 13355 I Fitness : FitCleanupIntentOperation received Intent android.intent.action.PACKAGE_DATA_CLEARED [CONTEXT service_id=17 ]
10-31 23:50:16.349 12349 12389 I native  : flash-index.cc:1519 Flash index sort hb 125 prefix-hits 251 -> 227 at 27.814ms
10-31 23:50:16.386 12349 12389 I Icing   : Removing corpus key com.android.chrome-internal.3p:WebPage for package com.android.chrome
10-31 23:50:16.418 12349 12389 I Icing   : Removing corpus key com.android.chrome-omnibox for package com.android.chrome
10-31 23:50:16.480 12349 12389 I Icing   : Starting compaction min disk 99.926% min index 99.987%
10-31 23:50:16.625 12349 12389 I native  : document-store.cc:1654 Scored 2543 usage reports, missing_corpora 1380 update_failed 1
10-31 23:50:16.656 12349 12389 W native  : words-map.cc:30 INVALID_ARGUMENT: Empty URI
10-31 23:50:16.656 12349 12389 W native  : words-map.cc:34 WordsMap was not properly initialized
10-31 23:50:16.740 12349 12389 E native  : compactor.cc:67 Could not index embedding for docid 1: INTERNAL: Unable to find Thing Proto section 
10-31 23:50:16.741 12349 12389 E native  : compactor.cc:67 Could not index embedding for docid 3: INTERNAL: Unable to find Thing Proto section 
10-31 23:50:16.741 12349 12389 E native  : compactor.cc:67 Could not index embedding for docid 5: INTERNAL: Unable to find Thing Proto section 
10-31 23:50:16.741 12349 12389 E native  : compactor.cc:67 Could not index embedding for docid 7: INTERNAL: Unable to find Thing Proto section 
10-31 23:50:16.745 12349 12389 E native  : compactor.cc:67 Could not index embedding for docid 8: INTERNAL: Unable to find Thing Proto section 
10-31 23:50:16.746 12349 12389 E native  : compactor.cc:67 Could not index embedding for docid 10: INTERNAL: Unable to find Thing Proto section 
10-31 23:50:16.746 12349 12389 E native  : compactor.cc:67 Could not index embedding for docid 11: INTERNAL: Unable to find Thing Proto section 
10-31 23:50:16.746 12349 12389 E native  : compactor.cc:67 Could not index embedding for docid 13: INTERNAL: Unable to find Thing Proto section 
10-31 23:50:16.747 12349 12389 E native  : compactor.cc:67 Could not index embedding for docid 14: INTERNAL: Unable to find Thing Proto section 
10-31 23:50:16.753 12349 12389 E native  : compactor.cc:67 Could not index embedding for docid 17: INTERNAL: Unable to find Thing Proto section 
10-31 23:50:16.753 12349 12389 E native  : compactor.cc:67 Could not index embedding for docid 18: INTERNAL: Unable to find Thing Proto section 
10-31 23:50:16.754 12349 12389 E native  : compactor.cc:67 Could not index embedding for docid 21: INTERNAL: Unable to find Thing Proto section 
10-31 23:50:16.754 12349 12389 E native  : compactor.cc:67 Could not index embedding for docid 22: INTERNAL: Unable to find Thing Proto section 
10-31 23:50:16.760 12349 12389 E native  : compactor.cc:67 Could not index embedding for docid 26: INTERNAL: Unable to find Thing Proto section 
10-31 23:50:16.760 12349 12389 E native  : compactor.cc:67 Could not index embedding for docid 27: INTERNAL: Unable to find Thing Proto section 
10-31 23:50:16.808 12349 12389 I native  : flash-index.cc:1519 Flash index sort hb 34 prefix-hits 54 -> 54 at 31.250ms
10-31 23:50:16.835 12349 12389 W native  : words-map.cc:30 INVALID_ARGUMENT: Empty URI
10-31 23:50:16.836 12349 12389 W native  : words-map.cc:34 WordsMap was not properly initialized
10-31 23:50:16.937 12349 12389 I Icing   : updateResources: need to parse acol{com.android.chrome}
10-31 23:50:16.938 12349 12389 W System  : ClassLoader referenced unknown path: 
10-31 23:50:16.939 12349 12389 D ApplicationLoaders: ignored Vulkan layer search path /data/app/com.android.chrome-1/lib/arm64:/data/app/com.android.chrome-1/base.apk!/lib/arm64-v8a:/data/app/com.android.chrome-1/split_config.en.apk!/lib/arm64-v8a:/data/app/com.android.chrome-1/split_extra_icu.apk!/lib/arm64-v8a for namespace 0x7f9ac4d0f0
10-31 23:50:17.013 12349 12389 I Icing   : Indexing com.android.chrome-omnibox from com.android.chrome
10-31 23:50:17.025   600  1081 I ActivityManager: Start proc 13360:com.android.chrome/u0a35 for content provider com.android.chrome/com.google.android.apps.chrome.icing.IcingProvider
10-31 23:50:17.137 12349 12389 I Icing   : Indexing done com.android.chrome-omnibox
