10-31 22:37:03.914 24434 24524 I cr_LibraryLoader: Loaded native library version number "85.0.4183.127"
10-31 22:37:03.925   600 25704 I ActivityManager: START u0 {act=android.intent.action.VIEW dat=http://independent.co.uk/... flg=0x10000000 cmp=com.android.chrome/com.google.android.apps.chrome.Main} from uid 2000 on display 0
10-31 22:37:03.930 24444 24519 I cr_LibraryLoader: Loaded native library version number "85.0.4183.127"
10-31 22:37:03.931 24496 24496 I cr_ChildProcessService: Creating new ChildProcessService pid=24496
10-31 22:37:03.939 24434 24524 I cr_CachingUmaRecorder: Flushed 1 samples from 1 histograms.
10-31 22:37:03.940 24444 24519 I cr_CachingUmaRecorder: Flushed 1 samples from 1 histograms.
10-31 22:37:03.961 24166 24166 D AndroidRuntime: Shutting down VM
10-31 22:37:03.965 24381 24516 I chromium: [INFO:child_process_service.cc(69)] ChildProcessService: Exiting child process.
10-31 22:37:03.968   197   197 E lowmemorykiller: Error writing /proc/24381/oom_score_adj; errno=22
10-31 22:37:03.981 24032 24032 E cr_IntentUtils: getInt failed on bundle null
10-31 22:37:03.990 24032 24042 W art     : Suspending all threads took: 8.672ms
10-31 22:37:03.997 24407 24520 I cr_LibraryLoader: Loaded native library version number "85.0.4183.127"
10-31 22:37:03.997 24407 24520 I cr_CachingUmaRecorder: Flushed 1 samples from 1 histograms.
10-31 22:37:04.009 24466 24525 I cr_LibraryLoader: Loaded native library version number "85.0.4183.127"
10-31 22:37:04.009 24466 24525 I cr_CachingUmaRecorder: Flushed 1 samples from 1 histograms.
10-31 22:37:04.029   600   611 I ActivityManager: Start proc 24543:com.android.chrome:sandboxed_process21/u0i881 for service com.android.chrome/org.chromium.content.app.SandboxedProcessService21
10-31 22:37:04.065 24032 24042 I art     : Background sticky concurrent mark sweep GC freed 46925(2MB) AllocSpace objects, 36(720KB) LOS objects, 10% free, 13MB/15MB, paused 9.832ms total 136.027ms
10-31 22:37:04.077 24374 24374 I cr_ChildProcessService: Destroying ChildProcessService pid=24374
10-31 22:37:04.087 24479 24531 I cr_LibraryLoader: Loaded native library version number "85.0.4183.127"
10-31 22:37:04.087 24479 24531 I cr_CachingUmaRecorder: Flushed 1 samples from 1 histograms.
10-31 22:37:04.089 24032 24032 W FeedModelProvider: sessionId is null, this should have been set during population
10-31 22:37:04.090 24032 24032 I cr_tabmodel: Appending tabs being restored to metadata lists, 0, startingNormalCount: 2, startingIncognitoCount: 0
10-31 22:37:04.090 24032 24032 I cr_tabmodel: Serializing tab lists; counts: 2, 0
10-31 22:37:04.091   600 22670 I ActivityManager: Killing 24381:com.android.chrome:sandboxed_process12/u0a35i872 (adj 0): isolated not needed
10-31 22:37:04.092   600 22670 I ActivityManager: Killing 24394:com.android.chrome:sandboxed_process13/u0a35i873 (adj 0): isolated not needed
10-31 22:37:04.092   600 22670 I ActivityManager: Killing 24374:com.android.chrome:sandboxed_process11/u0a35i871 (adj 0): isolated not needed
10-31 22:37:04.092 24421 24518 I chromium: [INFO:child_process_service.cc(69)] ChildProcessService: Exiting child process.
10-31 22:37:04.094   197   197 E lowmemorykiller: Error writing /proc/24421/oom_score_adj; errno=22
10-31 22:37:04.144   600  2707 I ActivityManager: Killing 24434:com.android.chrome:sandboxed_process16/u0a35i876 (adj 0): isolated not needed
10-31 22:37:04.144   600  2707 I ActivityManager: Killing 24444:com.android.chrome:sandboxed_process17/u0a35i877 (adj 0): isolated not needed
10-31 22:37:04.144   600  2707 I ActivityManager: Killing 24421:com.android.chrome:sandboxed_process15/u0a35i875 (adj 0): isolated not needed
10-31 22:37:04.202 24032 24032 I FeedRequestManagerImpl: Request: /httpservice/noretry/DiscoverClankService/FeedQuery completed with response code: 200
10-31 22:37:04.202 24032 24032 I TaskQueue:  - task [IMMEDIATE - d: true, b: 2]: 15
10-31 22:37:04.202 24032 24032 I TaskQueue:  - queueTask starting immediate task
10-31 22:37:04.221 24496 24541 I cr_LibraryLoader: Loaded native library version number "85.0.4183.127"
10-31 22:37:04.222 24496 24541 I cr_CachingUmaRecorder: Flushed 1 samples from 1 histograms.
10-31 22:37:04.230 24543 24543 W boxed_process21: type=1400 audit(0.0:15351): avc: denied { getattr } for path="/data/data/com.android.chrome" dev="dm-2" ino=12190 scontext=u:r:isolated_app:s0:c512,c768 tcontext=u:object_r:app_data_file:s0:c512,c768 tclass=dir permissive=0
10-31 22:37:04.231 24479 24531 I chromium: [INFO:child_process_service.cc(69)] ChildProcessService: Exiting child process.
10-31 22:37:04.232   197   197 E lowmemorykiller: Error writing /proc/24479/oom_score_adj; errno=22
10-31 22:37:04.250 24466 24466 I cr_ChildProcessService: Destroying ChildProcessService pid=24466
10-31 22:37:04.290 24543 24543 I cr_ChildProcessService: Creating new ChildProcessService pid=24543
10-31 22:37:04.318 24407 24407 I cr_ChildProcessService: Destroying ChildProcessService pid=24407
10-31 22:37:04.351 24496 24541 I chromium: [INFO:child_process_service.cc(69)] ChildProcessService: Exiting child process.
10-31 22:37:04.366 24543 24579 I cr_LibraryLoader: Loaded native library version number "85.0.4183.127"
10-31 22:37:04.367 24543 24579 I cr_CachingUmaRecorder: Flushed 1 samples from 1 histograms.
10-31 22:37:04.374 24032 24042 I art     : Background partial concurrent mark sweep GC freed 14781(729KB) AllocSpace objects, 21(2MB) LOS objects, 39% free, 12MB/21MB, paused 1.364ms total 103.152ms
10-31 22:37:04.390 24407 24520 I chromium: [INFO:child_process_service.cc(69)] ChildProcessService: Exiting child process.
10-31 22:37:04.399 24466 24525 I chromium: [INFO:child_process_service.cc(69)] ChildProcessService: Exiting child process.
10-31 22:37:04.430 24032 24086 I TaskQueue: Execute task [IMMEDIATE - d: true, b: 2]: 15
10-31 22:37:04.481 24032 24086 I MainThreadRunner: Running task [FeedRequestManagerImpl consumer] on the Main Thread
10-31 22:37:04.481 24032 24086 I TaskQueue:  - Finished 15, time 50 ms
10-31 22:37:04.670 24032 24032 I FeedProtocolAdapter: createModel, operations 33
10-31 22:37:04.682 24032 24032 I TimingUtils: Task Timing  10ms, thread ui | task : convertWireProtocol | mutations : 33
10-31 22:37:04.687 24032 24032 I TaskQueue:  - task [HEAD_RESET - d: true, b: 2]: 5
10-31 22:37:04.687 24032 24032 I TaskQueue:  - queueTask starting immediate task
10-31 22:37:04.688 24032 24086 I TaskQueue: Execute task [HEAD_RESET - d: true, b: 2]: 5
10-31 22:37:04.695 24032 24086 I TaskQueue:  - task [BACKGROUND - d: true, b: 2]: 23
10-31 22:37:04.695 24032 24086 W SessionCache: Persisted Sessions were not found
10-31 22:37:04.699 24032 24086 I PersistentFeedStore: commitSessionMutation - Success true, Update Session $HEAD, stream structures 32
10-31 22:37:04.705 24032 24086 I MainThreadRunner: Running task [SchedulerApiWrapper onReceiveNewContent] on the Main Thread
10-31 22:37:04.705 24032 24086 I MainThreadRunner: Running task [FeedKnownContentImpl onNewContentReceived] on the Main Thread
10-31 22:37:04.706 24032 24086 I SessionManagerMutation: Cleared Head, new creation time 10-31 22:37:04.695
10-31 22:37:04.706 24032 24086 I TimingUtils: Task Timing  18ms, thread background-1 | task : sessionMutation.commitTask:updateConsumer | mutations : 33 | userInitiated : false
10-31 22:37:04.706 24032 24086 I TaskQueue: Cancelling starvation checks
10-31 22:37:04.706 24032 24086 I TaskQueue:  - Finished 5, time 19 ms
10-31 22:37:04.707 24032 24086 I TaskQueue: Execute task [USER_FACING - d: false, b: 2]: 24
10-31 22:37:04.721 24032 24086 I TimeoutSessionImpl: TimeoutSession.populateModelProvider, shouldAppend false
10-31 22:37:04.721 24032 24086 I SessionImpl: PopulateModelProvider 32 items
10-31 22:37:04.722 24032 24086 I FeedModelProvider: FeedModelProvider - committer, structure changes 31, update changes 0
10-31 22:37:04.724 24032 24086 I FeedModelProvider: SyntheticTokenTracker: 0, 11, 11, false
10-31 22:37:04.724 24032 24086 I FeedSessionManagerImpl: Caching getStreamFeatures - items 31, cache misses 0, cache size 31
10-31 22:37:04.731 24032 24086 I FeedModelProvider: Moving _session:e5729358-6032-4d19-b9f4-2fab138fbff5 to READY
10-31 22:37:04.731 24032 24086 I MainThreadRunner: Running task [FeedModelProvider onSessionStart] on the Main Thread
10-31 22:37:04.731 24032 24086 I FeedModelProvider: ModelProvider Mutation committed - structure changes 31, childrenToBind 31, removedChildren false, Token false
10-31 22:37:04.732 24032 24032 I FeedModelProvider: No children found for Cursor
10-31 22:37:04.751 24032 24086 I FeedSessionManagerImpl: Populate new session: _session:e5729358-6032-4d19-b9f4-2fab138fbff5, creation time 10-31 22:37:04.721
10-31 22:37:04.751 24032 24086 I TimingUtils: Task Timing  44ms, thread background-2 | task : Create/Populate New Session
10-31 22:37:04.751 24032 24086 I TaskQueue:  - Finished 24, time 44 ms
10-31 22:37:04.752 24032 24086 I TaskQueue: Execute task [BACKGROUND - d: false, b: 1]: 11
10-31 22:37:04.752 24032 24086 I ContentGc: Re-enqueuing triggerContentGc; attempts(0)
10-31 22:37:04.754 24032 24086 I TaskQueue:  - task [BACKGROUND - d: false, b: 1]: 11
10-31 22:37:04.754 24032 24086 I TaskQueue:  - Finished 11, time 3 ms
10-31 22:37:04.754 24032 24086 I TaskQueue: Execute task [BACKGROUND - d: false, b: 1]: 23
10-31 22:37:04.803 24032 24259 I PlayCore: UID: [10035]  PID: [24032] SplitInstallService : Failed to bind to the service.
10-31 22:37:04.851   600   613 I ActivityManager: Killing 24496:com.android.chrome:sandboxed_process20/u0a35i880 (adj 0): isolated not needed
10-31 22:37:04.851   600   613 I ActivityManager: Killing 24479:com.android.chrome:sandboxed_process19/u0a35i879 (adj 0): isolated not needed
10-31 22:37:04.851   600   613 I ActivityManager: Killing 24407:com.android.chrome:sandboxed_process14/u0a35i874 (adj 0): isolated not needed
10-31 22:37:04.851   600   613 I ActivityManager: Killing 24466:com.android.chrome:sandboxed_process18/u0a35i878 (adj 0): isolated not needed
10-31 22:37:04.925 24032 24086 I TimingUtils: Task Timing 170ms, thread background-3 | task : commitContentMutation | mutations : 32
10-31 22:37:04.926 24032 24086 I TimingUtils: Task Timing   0ms, thread background-4 | task : commitSemanticPropertiesMutation | mutations : 0
10-31 22:37:04.926 24032 24086 I TaskQueue:  - Finished 23, time 172 ms
10-31 22:37:04.927 24032 24086 I TaskQueue: Execute task [BACKGROUND - d: false, b: 0]: 11
10-31 22:37:04.928 24032 24086 I SessionCache: Determining accessible content
10-31 22:37:04.931 24032 24086 I TimingUtils: Task Timing   4ms, thread background-5 | task : ContentGc | contentItemsRemoved : 0
10-31 22:37:04.931 24032 24086 I TaskQueue:  - Finished 11, time 5 ms
10-31 22:37:05.298 24032 24032 W chromium: [WARNING:compositor_view.cc(315)] Child process died (type=6) pid=24421)
10-31 22:37:05.300   600 13557 D ActivityManager: cleanUpApplicationRecord -- 24421
10-31 22:37:05.307 24032 24032 W chromium: [WARNING:compositor_view.cc(315)] Child process died (type=6) pid=24360)
10-31 22:37:05.313 24032 24032 W chromium: [WARNING:compositor_view.cc(315)] Child process died (type=6) pid=24381)
10-31 22:37:05.314 24032 24032 W chromium: [WARNING:compositor_view.cc(315)] Child process died (type=6) pid=24479)
10-31 22:37:05.318 24032 24032 W chromium: [WARNING:compositor_view.cc(315)] Child process died (type=6) pid=24184)
10-31 22:37:05.321 24032 24032 W chromium: [WARNING:compositor_view.cc(315)] Child process died (type=6) pid=24374)
10-31 22:37:05.323   600  3675 D ActivityManager: cleanUpApplicationRecord -- 24360
10-31 22:37:05.324   600  7064 D ActivityManager: cleanUpApplicationRecord -- 24192
10-31 22:37:05.324   600 17381 D ActivityManager: cleanUpApplicationRecord -- 24280
10-31 22:37:05.324   600  3507 D ActivityManager: cleanUpApplicationRecord -- 24260
10-31 22:37:05.325   600 10249 D ActivityManager: cleanUpApplicationRecord -- 24184
10-31 22:37:05.325   600   610 D ActivityManager: cleanUpApplicationRecord -- 24266
10-31 22:37:05.325   600  9614 D ActivityManager: cleanUpApplicationRecord -- 24479
10-31 22:37:05.326   600  3967 D ActivityManager: cleanUpApplicationRecord -- 24381
10-31 22:37:05.326   600  6312 D ActivityManager: cleanUpApplicationRecord -- 24205
10-31 22:37:05.326   600 24611 D ActivityManager: cleanUpApplicationRecord -- 24374
10-31 22:37:05.332 24032 24032 W chromium: [WARNING:compositor_view.cc(315)] Child process died (type=6) pid=24434)
10-31 22:37:05.333 24032 24032 W chromium: [WARNING:compositor_view.cc(315)] Child process died (type=6) pid=24260)
10-31 22:37:05.334 24032 24032 W chromium: [WARNING:compositor_view.cc(315)] Child process died (type=6) pid=24192)
10-31 22:37:05.338 24032 24032 W chromium: [WARNING:compositor_view.cc(315)] Child process died (type=6) pid=24280)
10-31 22:37:05.340   600 27731 D ActivityManager: cleanUpApplicationRecord -- 24434
10-31 22:37:05.342   600  1079 D ActivityManager: cleanUpApplicationRecord -- 24394
10-31 22:37:05.351   600 29683 D ActivityManager: cleanUpApplicationRecord -- 24221
10-31 22:37:05.358 24032 24032 W chromium: [WARNING:compositor_view.cc(315)] Child process died (type=6) pid=24266)
10-31 22:37:05.360 24032 24032 W chromium: [WARNING:compositor_view.cc(315)] Child process died (type=6) pid=24394)
10-31 22:37:05.363 24032 24032 W chromium: [WARNING:compositor_view.cc(315)] Child process died (type=6) pid=24205)
10-31 22:37:05.366 24032 24032 W chromium: [WARNING:compositor_view.cc(315)] Child process died (type=6) pid=24221)
10-31 22:37:05.367 24032 24032 W chromium: [WARNING:compositor_view.cc(315)] Child process died (type=6) pid=24444)
10-31 22:37:05.369   600  3994 D ActivityManager: cleanUpApplicationRecord -- 24444
10-31 22:37:05.416   600   612 W ProcessCpuTracker: Skipping unknown process pid 24184
10-31 22:37:05.417   600   612 W ProcessCpuTracker: Skipping unknown process pid 24192
10-31 22:37:05.417   600   612 W ProcessCpuTracker: Skipping unknown process pid 24205
10-31 22:37:05.418   600   612 W ProcessCpuTracker: Skipping unknown process pid 24221
10-31 22:37:05.418   600   612 W ProcessCpuTracker: Skipping unknown process pid 24260
10-31 22:37:05.418   600   612 W ProcessCpuTracker: Skipping unknown process pid 24266
10-31 22:37:05.419   600   612 W ProcessCpuTracker: Skipping unknown process pid 24280
10-31 22:37:05.419   600   612 W ProcessCpuTracker: Skipping unknown process pid 24360
10-31 22:37:05.419   600   612 W ProcessCpuTracker: Skipping unknown process pid 24374
10-31 22:37:05.419   600   612 W ProcessCpuTracker: Skipping unknown process pid 24381
10-31 22:37:05.421   600   612 W ProcessCpuTracker: Skipping unknown process pid 24394
10-31 22:37:05.421   600   612 W ProcessCpuTracker: Skipping unknown process pid 24421
10-31 22:37:05.421   600   612 W ProcessCpuTracker: Skipping unknown process pid 24434
10-31 22:37:05.422   600   612 W ProcessCpuTracker: Skipping unknown process pid 24444
10-31 22:37:05.422   600   612 W ProcessCpuTracker: Skipping unknown process pid 24479
10-31 22:37:05.434   600 10249 D ActivityManager: cleanUpApplicationRecord -- 24407
10-31 22:37:05.435 24032 24032 W chromium: [WARNING:compositor_view.cc(315)] Child process died (type=6) pid=24407)
10-31 22:37:05.470 24032 24032 W chromium: [WARNING:compositor_view.cc(315)] Child process died (type=6) pid=24496)
10-31 22:37:05.470   600  1082 D ActivityManager: cleanUpApplicationRecord -- 24496
10-31 22:37:05.635 17650 18296 W Icing   : No valid account for uploading user actions
10-31 22:37:05.640   600   610 D ActivityManager: cleanUpApplicationRecord -- 24466
10-31 22:37:05.646 24032 24032 W chromium: [WARNING:compositor_view.cc(315)] Child process died (type=6) pid=24466)
10-31 22:37:05.702 17650 18132 I Icing   : IndexChimeraService.getServiceInterface callingPackage=com.google.android.gms componentName=null serviceId=30
10-31 22:37:06.266 24032 24083 I cr_omaha: Request to Server Successful. Timestamp for next request:1667255826266
10-31 22:37:06.310 24032 24083 I cr_omaha: Request to Server Successful. Timestamp for next request:1667255826310
10-31 22:37:06.311 24032 24083 I cr_omaha: Attempting to schedule next job for: Tue Nov 01 03:37:06 GMT+01:00 2022
10-31 22:37:06.313 24032 24032 I cr_omaha: Scheduled using JobService
10-31 22:37:06.314 24032 24032 E cr_BkgrdTaskJS: Tried finishing non-current BackgroundTask.
10-31 22:37:06.420   787  1620 W Icing   : isOptedInForAppHistory: empty Account Name encountered
10-31 22:37:06.463   787  1620 W Icing   : isOptedInForAppHistory: empty Account Name encountered
10-31 22:37:06.666   787 21265 W Icing   : isOptedInForAppHistory: empty Account Name encountered
10-31 22:37:07.043 17650 18296 I Icing   : Usage reports ok 8, Failed Usage reports 0, indexed 0, rejected 0
10-31 22:37:07.044 17650 18296 I Icing   : Removing corpus key com.android.chrome-omnibox for package com.android.chrome
10-31 22:37:07.184 24032 24083 W InstanceID: Instance ID SDK is deprecated, com.android.chrome should update to use Firebase Instance ID
10-31 22:37:07.710 24032 24032 E cr_BTSPrefs: No data found for task id: 53
10-31 22:37:07.710 24032 24032 E cr_BkgrdTaskScheduler: Task cannot be canceled because no data was found instorage or data was invalid
10-31 22:37:09.058 17650 18296 I native  : document-store.cc:1654 Scored 2478 usage reports, missing_corpora 1338 update_failed 1
10-31 22:37:10.038 17650 18296 W Icing   : No valid account for uploading user actions
10-31 22:37:10.711 17650 18296 I Icing   : Usage reports ok 1, Failed Usage reports 0, indexed 1, rejected 0
10-31 22:37:10.712 17650 18296 W Icing   : No valid account for uploading user actions
10-31 22:37:10.750 17650 18296 I Icing   : Usage reports ok 0, Failed Usage reports 0, indexed 0, rejected 0
10-31 22:37:10.777 17650 18296 I Icing   : Indexing com.android.chrome-omnibox from com.android.chrome
10-31 22:37:10.937 17650 18296 I Icing   : Indexing done com.android.chrome-omnibox
10-31 22:37:11.042 24032 24032 I cr_tabmodel: Appending tabs being restored to metadata lists, 0, startingNormalCount: 2, startingIncognitoCount: 0
10-31 22:37:11.042 24032 24032 I cr_tabmodel: Serializing tab lists; counts: 2, 0
10-31 22:37:11.482   787 28590 W Icing   : isOptedInForAppHistory: empty Account Name encountered
10-31 22:37:11.490   787 28590 W Icing   : isOptedInForAppHistory: empty Account Name encountered
10-31 22:37:11.514   787 23848 W Icing   : isOptedInForAppHistory: empty Account Name encountered
10-31 22:37:11.539 24032 24032 E cr_BTSPrefs: No data found for task id: 57
10-31 22:37:11.539 24032 24032 E cr_BkgrdTaskScheduler: Task cannot be canceled because no data was found instorage or data was invalid
10-31 22:37:11.540 24032 24032 E cr_BTSPrefs: No data found for task id: 56
10-31 22:37:11.540 24032 24032 E cr_BkgrdTaskScheduler: Task cannot be canceled because no data was found instorage or data was invalid
10-31 22:37:11.658 17650 18296 I Icing   : Indexing com.android.chrome-internal.3p:WebPage from com.android.chrome
10-31 22:37:11.663 17650 18296 E SQLiteLog: (1) no such table: WebPage_com.android.chrome_seq_table
10-31 22:37:11.671 17650 18296 E Icing   : Cursor call threw an exception: no such table: WebPage_com.android.chrome_seq_table (code 1): , while compiling: SELECT * FROM [WebPage_com.android.chrome_seq_table] WHERE seqno>0 AND tag IS NULL ORDER BY seqno LIMIT 20
10-31 22:37:11.671 17650 18296 I Icing   : Indexing done com.android.chrome-internal.3p:WebPage
10-31 22:37:11.671 17650 18296 E Icing   : Aborting indexing of corpus internal.3p:WebPage
10-31 22:37:11.674 17650 18296 I Icing   : Indexing com.android.chrome-internal.3p:WebPage from com.android.chrome using seqno 0
10-31 22:37:17.457 24619 24619 D AndroidRuntime: >>>>>> START com.android.internal.os.RuntimeInit uid 2000 <<<<<<
10-31 22:37:17.460 24619 24619 D AndroidRuntime: CheckJNI is OFF
10-31 22:37:17.533 24619 24619 D ICU     : No timezone override file found: /data/misc/zoneinfo/current/icu/icu_tzdata.dat
10-31 22:37:17.566 24619 24619 I Radio-JNI: register_android_hardware_Radio DONE
10-31 22:37:17.581 24619 24619 D AndroidRuntime: Calling main entry com.android.commands.monkey.Monkey
10-31 22:37:17.653   600   613 W BroadcastQueue: Skipping deliver [background] BroadcastRecord{8f09ad8 u-1 android.net.conn.CONNECTIVITY_CHANGE} to ReceiverList{8afee31 24619 (unknown name)/2000/u-1 remote:d64924a}: process crashing
10-31 22:37:19.147 24619 24619 D MonkeyStub: translateCommand: wake
10-31 22:37:19.290 24619 24619 D MonkeyStub: translateCommand: tap 686 1843
10-31 22:37:25.799   787  1169 W ProcessReaper: Memory state is: 100
10-31 22:37:31.387 24619 24619 D MonkeyStub: translateCommand: touch down 614 1561
10-31 22:37:31.400 24619 24619 D MonkeyStub: translateCommand: touch move 614 1561
10-31 22:37:31.506 24619 24619 D MonkeyStub: translateCommand: touch move 614 1436
10-31 22:37:31.614 24619 24619 D MonkeyStub: translateCommand: touch move 614 1311
10-31 22:37:31.720 24619 24619 D MonkeyStub: translateCommand: touch move 614 1186
10-31 22:37:31.830 24619 24619 D MonkeyStub: translateCommand: touch move 614 1061
10-31 22:37:31.940 24619 24619 D MonkeyStub: translateCommand: touch move 614 937
10-31 22:37:32.053 24619 24619 D MonkeyStub: translateCommand: touch move 614 812
10-31 22:37:32.164 24619 24619 D MonkeyStub: translateCommand: touch move 614 687
10-31 22:37:32.301 24619 24619 D MonkeyStub: translateCommand: touch move 614 562
10-31 22:37:32.412 24619 24619 D MonkeyStub: translateCommand: touch move 614 437
10-31 22:37:32.520 24619 24619 D MonkeyStub: translateCommand: touch move 614 312
10-31 22:37:32.530 24619 24619 D MonkeyStub: translateCommand: touch up 614 312
10-31 22:37:34.909 17650 18132 I Icing   : IndexChimeraService.getServiceInterface callingPackage=com.android.chrome componentName=null serviceId=36
10-31 22:37:34.925 17650 18296 W Icing   : No valid account for uploading user actions
10-31 22:37:34.949 17650 18132 I Icing   : IndexChimeraService.getServiceInterface callingPackage=com.google.android.gms componentName=null serviceId=30
10-31 22:37:34.981 17650 18296 I Icing   : Usage reports ok 1, Failed Usage reports 0, indexed 1, rejected 0
10-31 22:37:34.983 17650 18296 W Icing   : No valid account for uploading user actions
10-31 22:37:34.992 17650 18296 I Icing   : Usage reports ok 0, Failed Usage reports 0, indexed 0, rejected 0
10-31 22:37:35.003 17650 18296 I Icing   : Indexing com.android.chrome-omnibox from com.android.chrome
10-31 22:37:35.012 17650 18296 I Icing   : Indexing done com.android.chrome-omnibox
10-31 22:37:36.908 24619 24619 D MonkeyStub: translateCommand: tap 321 1446
10-31 22:37:37.083   787  1169 E AsyncOperation: serviceID=121, operation=GetLaunchDataOperation [CONTEXT service_id=259 ]
10-31 22:37:37.083   787  1169 E AsyncOperation: OperationException[Status{statusCode=Not an instant app, resolution=null}]
10-31 22:37:37.083   787  1169 E AsyncOperation: 	at aeay.a(:com.google.android.gms@203915020@20.39.15 (040406-335085812):20)
10-31 22:37:37.083   787  1169 E AsyncOperation: 	at aain.run(:com.google.android.gms@203915020@20.39.15 (040406-335085812):7)
10-31 22:37:37.083   787  1169 E AsyncOperation: 	at boex.run(:com.google.android.gms@203915020@20.39.15 (040406-335085812):2)
10-31 22:37:37.083   787  1169 E AsyncOperation: 	at sup.b(:com.google.android.gms@203915020@20.39.15 (040406-335085812):12)
10-31 22:37:37.083   787  1169 E AsyncOperation: 	at sup.run(:com.google.android.gms@203915020@20.39.15 (040406-335085812):7)
10-31 22:37:37.083   787  1169 E AsyncOperation: 	at java.util.concurrent.ThreadPoolExecutor.runWorker(ThreadPoolExecutor.java:1133)
10-31 22:37:37.083   787  1169 E AsyncOperation: 	at java.util.concurrent.ThreadPoolExecutor$Worker.run(ThreadPoolExecutor.java:607)
10-31 22:37:37.083   787  1169 E AsyncOperation: 	at tam.run(:com.google.android.gms@203915020@20.39.15 (040406-335085812):0)
10-31 22:37:37.083   787  1169 E AsyncOperation: 	at java.lang.Thread.run(Thread.java:761)
10-31 22:37:38.100   787 28591 W Icing   : isOptedInForAppHistory: empty Account Name encountered
10-31 22:37:38.111   787 28591 W Icing   : isOptedInForAppHistory: empty Account Name encountered
10-31 22:37:38.127   787 21265 W Icing   : isOptedInForAppHistory: empty Account Name encountered
10-31 22:37:39.553 24032 24032 I cr_tabmodel: Appending tabs being restored to metadata lists, 0, startingNormalCount: 2, startingIncognitoCount: 0
10-31 22:37:39.553 24032 24032 I cr_tabmodel: Serializing tab lists; counts: 2, 0
10-31 22:37:39.761   787   805 W Icing   : isOptedInForAppHistory: empty Account Name encountered
10-31 22:37:39.774   787   805 W Icing   : isOptedInForAppHistory: empty Account Name encountered
10-31 22:37:39.814   787 21265 W Icing   : isOptedInForAppHistory: empty Account Name encountered
10-31 22:37:41.743 17650 18296 I Icing   : Indexing com.android.chrome-internal.3p:WebPage from com.android.chrome using seqno 0
10-31 22:37:41.744   787 21265 I NetworkScheduler.Stats: Task com.google.android.gms/com.google.android.gms.icing.service.IcingGcmTaskService started execution. cause:4 exec_start_elapsed_seconds: 204310 [CONTEXT service_id=218 ]
10-31 22:37:41.753   787 22927 I NetworkScheduler.Stats: Task com.google.android.gms/com.google.android.gms.icing.service.IcingGcmTaskService finished executing. cause:4 result: 1 elapsed_millis: 50 uptime_millis: 49 exec_start_elapsed_seconds: 204310 [CONTEXT service_id=218 ]
10-31 22:37:41.770   600   609 I art     : Background partial concurrent mark sweep GC freed 68333(3MB) AllocSpace objects, 37(1544KB) LOS objects, 33% free, 17MB/25MB, paused 1.101ms total 126.933ms
10-31 22:37:42.386   198   198 E SELinux : avc:  denied  { find } for service=netd pid=24668 uid=2000 scontext=u:r:shell:s0 tcontext=u:object_r:netd_service:s0 tclass=service_manager permissive=0
10-31 22:37:42.391   198   198 E SELinux : avc:  denied  { find } for service=android.service.gatekeeper.IGateKeeperService pid=24668 uid=2000 scontext=u:r:shell:s0 tcontext=u:object_r:gatekeeper_service:s0 tclass=service_manager permissive=0
10-31 22:37:42.952   600 13631 I ActivityManager: Start proc 24670:com.android.chrome:sandboxed_process22/u0i882 for service com.android.chrome/org.chromium.content.app.SandboxedProcessService22
10-31 22:37:43.023 24670 24670 W boxed_process22: type=1400 audit(0.0:15352): avc: denied { getattr } for path="/data/data/com.android.chrome" dev="dm-2" ino=12190 scontext=u:r:isolated_app:s0:c512,c768 tcontext=u:object_r:app_data_file:s0:c512,c768 tclass=dir permissive=0
10-31 22:37:43.060 24670 24670 I cr_ChildProcessService: Creating new ChildProcessService pid=24670
10-31 22:37:43.125 24670 24683 I cr_LibraryLoader: Loaded native library version number "85.0.4183.127"
10-31 22:37:43.126 24670 24683 I cr_CachingUmaRecorder: Flushed 1 samples from 1 histograms.
10-31 22:37:43.146 24683 24683 W CrUtilityMain: type=1400 audit(0.0:15353): avc: denied { setattr } for name="LICENSE.txt" dev="dm-2" ino=52946 scontext=u:r:isolated_app:s0:c512,c768 tcontext=u:object_r:app_data_file:s0:c512,c768 tclass=file permissive=0
10-31 22:37:43.150 24683 24683 W CrUtilityMain: type=1400 audit(0.0:15354): avc: denied { setattr } for name=46696C746572696E672052756C6573 dev="dm-2" ino=14530 scontext=u:r:isolated_app:s0:c512,c768 tcontext=u:object_r:app_data_file:s0:c512,c768 tclass=file permissive=0
10-31 22:37:43.153 24683 24683 W CrUtilityMain: type=1400 audit(0.0:15355): avc: denied { setattr } for name="manifest.json" dev="dm-2" ino=23143 scontext=u:r:isolated_app:s0:c512,c768 tcontext=u:object_r:app_data_file:s0:c512,c768 tclass=file permissive=0
10-31 22:37:43.156 24683 24683 W CrUtilityMain: type=1400 audit(0.0:15356): avc: denied { setattr } for name="verified_contents.json" dev="dm-2" ino=60354 scontext=u:r:isolated_app:s0:c512,c768 tcontext=u:object_r:app_data_file:s0:c512,c768 tclass=file permissive=0
10-31 22:37:43.161 24670 24683 I chromium: [INFO:child_process_service.cc(69)] ChildProcessService: Exiting child process.
10-31 22:37:43.164   197   197 E lowmemorykiller: Error writing /proc/24670/oom_score_adj; errno=22
10-31 22:37:43.181   600  7064 I ActivityManager: Process com.android.chrome:sandboxed_process22 (pid 24670) has died
10-31 22:37:43.181   600  7064 D ActivityManager: cleanUpApplicationRecord -- 24670
10-31 22:37:43.181 24032 24032 W chromium: [WARNING:compositor_view.cc(315)] Child process died (type=6) pid=24670)
10-31 22:37:43.770   600 27731 I ActivityManager: Start proc 24688:com.android.chrome:sandboxed_process23/u0i883 for service com.android.chrome/org.chromium.content.app.SandboxedProcessService23
10-31 22:37:43.813 24688 24688 W boxed_process23: type=1400 audit(0.0:15357): avc: denied { getattr } for path="/data/data/com.android.chrome" dev="dm-2" ino=12190 scontext=u:r:isolated_app:s0:c512,c768 tcontext=u:object_r:app_data_file:s0:c512,c768 tclass=dir permissive=0
10-31 22:37:43.838 24688 24688 I cr_ChildProcessService: Creating new ChildProcessService pid=24688
10-31 22:37:43.878 24688 24701 I cr_LibraryLoader: Loaded native library version number "85.0.4183.127"
10-31 22:37:43.879 24688 24701 I cr_CachingUmaRecorder: Flushed 1 samples from 1 histograms.
10-31 22:37:43.916 24701 24701 W CrUtilityMain: type=1400 audit(0.0:15358): avc: denied { setattr } for name="tl_en-us_2022-10-26_484799359_100000_index.bin" dev="dm-2" ino=14724 scontext=u:r:isolated_app:s0:c512,c768 tcontext=u:object_r:app_data_file:s0:c512,c768 tclass=file permissive=0
10-31 22:37:43.920 24701 24701 W CrUtilityMain: type=1400 audit(0.0:15359): avc: denied { setattr } for name="manifest.json" dev="dm-2" ino=33551 scontext=u:r:isolated_app:s0:c512,c768 tcontext=u:object_r:app_data_file:s0:c512,c768 tclass=file permissive=0
10-31 22:37:43.920 24701 24701 W CrUtilityMain: type=1400 audit(0.0:15360): avc: denied { setattr } for name="verified_contents.json" dev="dm-2" ino=59362 scontext=u:r:isolated_app:s0:c512,c768 tcontext=u:object_r:app_data_file:s0:c512,c768 tclass=file permissive=0
10-31 22:37:43.926 24688 24701 I chromium: [INFO:child_process_service.cc(69)] ChildProcessService: Exiting child process.
10-31 22:37:43.928   197   197 E lowmemorykiller: Error writing /proc/24688/oom_score_adj; errno=22
10-31 22:37:43.947   600   713 I ActivityManager: Process com.android.chrome:sandboxed_process23 (pid 24688) has died
10-31 22:37:43.947   600   713 D ActivityManager: cleanUpApplicationRecord -- 24688
10-31 22:37:43.949 24032 24032 W chromium: [WARNING:compositor_view.cc(315)] Child process died (type=6) pid=24688)
10-31 22:37:44.791   600  2707 I ActivityManager: Start proc 24705:com.android.chrome:sandboxed_process24/u0i884 for service com.android.chrome/org.chromium.content.app.SandboxedProcessService24
10-31 22:37:44.856 24705 24705 W boxed_process24: type=1400 audit(0.0:15361): avc: denied { getattr } for path="/data/data/com.android.chrome" dev="dm-2" ino=12190 scontext=u:r:isolated_app:s0:c512,c768 tcontext=u:object_r:app_data_file:s0:c512,c768 tclass=dir permissive=0
10-31 22:37:44.888 24705 24705 I cr_ChildProcessService: Creating new ChildProcessService pid=24705
10-31 22:37:44.946 24705 24718 I cr_LibraryLoader: Loaded native library version number "85.0.4183.127"
10-31 22:37:44.947 24705 24718 I cr_CachingUmaRecorder: Flushed 1 samples from 1 histograms.
10-31 22:37:44.970 24718 24718 W CrUtilityMain: type=1400 audit(0.0:15362): avc: denied { setattr } for name="crl-set" dev="dm-2" ino=14647 scontext=u:r:isolated_app:s0:c512,c768 tcontext=u:object_r:app_data_file:s0:c512,c768 tclass=file permissive=0
10-31 22:37:44.973 24718 24718 W CrUtilityMain: type=1400 audit(0.0:15363): avc: denied { setattr } for name="manifest.json" dev="dm-2" ino=50885 scontext=u:r:isolated_app:s0:c512,c768 tcontext=u:object_r:app_data_file:s0:c512,c768 tclass=file permissive=0
10-31 22:37:44.973 24718 24718 W CrUtilityMain: type=1400 audit(0.0:15364): avc: denied { setattr } for name="LICENSE" dev="dm-2" ino=59292 scontext=u:r:isolated_app:s0:c512,c768 tcontext=u:object_r:app_data_file:s0:c512,c768 tclass=file permissive=0
10-31 22:37:44.976 24718 24718 W CrUtilityMain: type=1400 audit(0.0:15365): avc: denied { setattr } for name="verified_contents.json" dev="dm-2" ino=22524 scontext=u:r:isolated_app:s0:c512,c768 tcontext=u:object_r:app_data_file:s0:c512,c768 tclass=file permissive=0
10-31 22:37:44.985 24705 24718 I chromium: [INFO:child_process_service.cc(69)] ChildProcessService: Exiting child process.
10-31 22:37:44.985   197   197 E lowmemorykiller: Error writing /proc/24705/oom_score_adj; errno=22
10-31 22:37:44.996 24619 24619 D MonkeyStub: translateCommand: touch down 614 1561
10-31 22:37:45.000 24619 24619 D MonkeyStub: translateCommand: touch move 614 1561
10-31 22:37:45.002   600  3967 I ActivityManager: Process com.android.chrome:sandboxed_process24 (pid 24705) has died
10-31 22:37:45.002   600  3967 D ActivityManager: cleanUpApplicationRecord -- 24705
10-31 22:37:45.004 24032 24032 W chromium: [WARNING:compositor_view.cc(315)] Child process died (type=6) pid=24705)
10-31 22:37:45.104 24619 24619 D MonkeyStub: translateCommand: touch move 614 1436
10-31 22:37:45.208 24619 24619 D MonkeyStub: translateCommand: touch move 614 1311
10-31 22:37:45.314 24619 24619 D MonkeyStub: translateCommand: touch move 614 1186
10-31 22:37:45.424 24619 24619 D MonkeyStub: translateCommand: touch move 614 1061
10-31 22:37:45.535 24619 24619 D MonkeyStub: translateCommand: touch move 614 937
10-31 22:37:45.670 24619 24619 D MonkeyStub: translateCommand: touch move 614 812
10-31 22:37:45.780 24619 24619 D MonkeyStub: translateCommand: touch move 614 687
10-31 22:37:45.890 24619 24619 D MonkeyStub: translateCommand: touch move 614 562
10-31 22:37:46.004 24619 24619 D MonkeyStub: translateCommand: touch move 614 437
10-31 22:37:46.083   600   713 I ActivityManager: Start proc 24722:com.android.chrome:sandboxed_process25/u0i885 for service com.android.chrome/org.chromium.content.app.SandboxedProcessService25
10-31 22:37:46.119 24619 24619 D MonkeyStub: translateCommand: touch move 614 312
10-31 22:37:46.120 24722 24722 W boxed_process25: type=1400 audit(0.0:15366): avc: denied { getattr } for path="/data/data/com.android.chrome" dev="dm-2" ino=12190 scontext=u:r:isolated_app:s0:c512,c768 tcontext=u:object_r:app_data_file:s0:c512,c768 tclass=dir permissive=0
10-31 22:37:46.127 24619 24619 D MonkeyStub: translateCommand: touch up 614 312
10-31 22:37:46.148 24619 24619 D MonkeyStub: translateCommand: touch down 614 1561
10-31 22:37:46.153 24619 24619 D MonkeyStub: translateCommand: touch move 614 1561
10-31 22:37:46.169 24722 24722 I cr_ChildProcessService: Creating new ChildProcessService pid=24722
10-31 22:37:46.215 24722 24735 I cr_LibraryLoader: Loaded native library version number "85.0.4183.127"
10-31 22:37:46.216 24722 24735 I cr_CachingUmaRecorder: Flushed 1 samples from 1 histograms.
10-31 22:37:46.230 24735 24735 W CrUtilityMain: type=1400 audit(0.0:15367): avc: denied { setattr } for name="manifest.json" dev="dm-2" ino=22761 scontext=u:r:isolated_app:s0:c512,c768 tcontext=u:object_r:app_data_file:s0:c512,c768 tclass=file permissive=0
10-31 22:37:46.233 24735 24735 W CrUtilityMain: type=1400 audit(0.0:15368): avc: denied { setattr } for name="verified_contents.json" dev="dm-2" ino=23094 scontext=u:r:isolated_app:s0:c512,c768 tcontext=u:object_r:app_data_file:s0:c512,c768 tclass=file permissive=0
10-31 22:37:46.240 24722 24735 I chromium: [INFO:child_process_service.cc(69)] ChildProcessService: Exiting child process.
10-31 22:37:46.241   197   197 E lowmemorykiller: Error writing /proc/24722/oom_score_adj; errno=22
10-31 22:37:46.257 24619 24619 D MonkeyStub: translateCommand: touch move 614 1436
10-31 22:37:46.261   600  1079 I ActivityManager: Process com.android.chrome:sandboxed_process25 (pid 24722) has died
10-31 22:37:46.261   600  1079 D ActivityManager: cleanUpApplicationRecord -- 24722
10-31 22:37:46.270 24032 24032 W chromium: [WARNING:compositor_view.cc(315)] Child process died (type=6) pid=24722)
10-31 22:37:46.365 24619 24619 D MonkeyStub: translateCommand: touch move 614 1311
10-31 22:37:46.470 24619 24619 D MonkeyStub: translateCommand: touch move 614 1186
10-31 22:37:46.586 24619 24619 D MonkeyStub: translateCommand: touch move 614 1061
10-31 22:37:46.695 24619 24619 D MonkeyStub: translateCommand: touch move 614 937
10-31 22:37:46.820 24619 24619 D MonkeyStub: translateCommand: touch move 614 812
10-31 22:37:46.946 24619 24619 D MonkeyStub: translateCommand: touch move 614 687
10-31 22:37:47.054 24619 24619 D MonkeyStub: translateCommand: touch move 614 562
10-31 22:37:47.163 24619 24619 D MonkeyStub: translateCommand: touch move 614 437
10-31 22:37:47.273 24619 24619 D MonkeyStub: translateCommand: touch move 614 312
10-31 22:37:47.276 24619 24619 D MonkeyStub: translateCommand: touch up 614 312
10-31 22:37:47.548   600 24515 I ActivityManager: Start proc 24739:com.android.chrome:sandboxed_process26/u0i886 for service com.android.chrome/org.chromium.content.app.SandboxedProcessService26
10-31 22:37:47.590 24739 24739 W boxed_process26: type=1400 audit(0.0:15369): avc: denied { getattr } for path="/data/data/com.android.chrome" dev="dm-2" ino=12190 scontext=u:r:isolated_app:s0:c512,c768 tcontext=u:object_r:app_data_file:s0:c512,c768 tclass=dir permissive=0
10-31 22:37:47.612 24739 24739 I cr_ChildProcessService: Creating new ChildProcessService pid=24739
10-31 22:37:47.658 24739 24752 I cr_LibraryLoader: Loaded native library version number "85.0.4183.127"
10-31 22:37:47.659 24739 24752 I cr_CachingUmaRecorder: Flushed 1 samples from 1 histograms.
10-31 22:37:47.673 24752 24752 W CrUtilityMain: type=1400 audit(0.0:15370): avc: denied { setattr } for name="download_file_types.pb" dev="dm-2" ino=23496 scontext=u:r:isolated_app:s0:c512,c768 tcontext=u:object_r:app_data_file:s0:c512,c768 tclass=file permissive=0
10-31 22:37:47.673 24752 24752 W CrUtilityMain: type=1400 audit(0.0:15371): avc: denied { setattr } for name="manifest.json" dev="dm-2" ino=23412 scontext=u:r:isolated_app:s0:c512,c768 tcontext=u:object_r:app_data_file:s0:c512,c768 tclass=file permissive=0
10-31 22:37:47.676 24752 24752 W CrUtilityMain: type=1400 audit(0.0:15372): avc: denied { setattr } for name="verified_contents.json" dev="dm-2" ino=23216 scontext=u:r:isolated_app:s0:c512,c768 tcontext=u:object_r:app_data_file:s0:c512,c768 tclass=file permissive=0
10-31 22:37:47.687 24739 24752 I chromium: [INFO:child_process_service.cc(69)] ChildProcessService: Exiting child process.
10-31 22:37:47.688   197   197 E lowmemorykiller: Error writing /proc/24739/oom_score_adj; errno=22
10-31 22:37:47.711   600 25704 I ActivityManager: Process com.android.chrome:sandboxed_process26 (pid 24739) has died
10-31 22:37:47.711   600 25704 D ActivityManager: cleanUpApplicationRecord -- 24739
10-31 22:37:47.711 24032 24032 W chromium: [WARNING:compositor_view.cc(315)] Child process died (type=6) pid=24739)
10-31 22:37:49.228   600 29683 I ActivityManager: Start proc 24757:com.android.chrome:sandboxed_process27/u0i887 for service com.android.chrome/org.chromium.content.app.SandboxedProcessService27
10-31 22:37:49.286 24757 24757 W boxed_process27: type=1400 audit(0.0:15373): avc: denied { getattr } for path="/data/data/com.android.chrome" dev="dm-2" ino=12190 scontext=u:r:isolated_app:s0:c512,c768 tcontext=u:object_r:app_data_file:s0:c512,c768 tclass=dir permissive=0
10-31 22:37:49.315 24757 24757 I cr_ChildProcessService: Creating new ChildProcessService pid=24757
10-31 22:37:49.372 24757 24770 I cr_LibraryLoader: Loaded native library version number "85.0.4183.127"
10-31 22:37:49.373 24757 24770 I cr_CachingUmaRecorder: Flushed 1 samples from 1 histograms.
10-31 22:37:49.393 24770 24770 W CrUtilityMain: type=1400 audit(0.0:15374): avc: denied { setattr } for name="ssl_error_assistant.pb" dev="dm-2" ino=23734 scontext=u:r:isolated_app:s0:c512,c768 tcontext=u:object_r:app_data_file:s0:c512,c768 tclass=file permissive=0
10-31 22:37:49.393 24770 24770 W CrUtilityMain: type=1400 audit(0.0:15375): avc: denied { setattr } for name="manifest.json" dev="dm-2" ino=24051 scontext=u:r:isolated_app:s0:c512,c768 tcontext=u:object_r:app_data_file:s0:c512,c768 tclass=file permissive=0
10-31 22:37:49.396 24770 24770 W CrUtilityMain: type=1400 audit(0.0:15376): avc: denied { setattr } for name="verified_contents.json" dev="dm-2" ino=23613 scontext=u:r:isolated_app:s0:c512,c768 tcontext=u:object_r:app_data_file:s0:c512,c768 tclass=file permissive=0
10-31 22:37:49.407 24757 24770 I chromium: [INFO:child_process_service.cc(69)] ChildProcessService: Exiting child process.
10-31 22:37:49.431   600  1082 I ActivityManager: Process com.android.chrome:sandboxed_process27 (pid 24757) has died
10-31 22:37:49.431   600  1082 D ActivityManager: cleanUpApplicationRecord -- 24757
10-31 22:37:49.431 24032 24032 W chromium: [WARNING:compositor_view.cc(315)] Child process died (type=6) pid=24757)
10-31 22:37:51.229   600  1076 I ActivityManager: Start proc 24774:com.android.chrome:sandboxed_process28/u0i888 for service com.android.chrome/org.chromium.content.app.SandboxedProcessService28
10-31 22:37:51.293 24774 24774 W boxed_process28: type=1400 audit(0.0:15377): avc: denied { getattr } for path="/data/data/com.android.chrome" dev="dm-2" ino=12190 scontext=u:r:isolated_app:s0:c512,c768 tcontext=u:object_r:app_data_file:s0:c512,c768 tclass=dir permissive=0
10-31 22:37:51.325 24774 24774 I cr_ChildProcessService: Creating new ChildProcessService pid=24774
10-31 22:37:51.378 24774 24787 I cr_LibraryLoader: Loaded native library version number "85.0.4183.127"
10-31 22:37:51.378 24774 24787 I cr_CachingUmaRecorder: Flushed 1 samples from 1 histograms.
10-31 22:37:51.390 24787 24787 W CrUtilityMain: type=1400 audit(0.0:15378): avc: denied { setattr } for name="safety_tips.pb" dev="dm-2" ino=24486 scontext=u:r:isolated_app:s0:c512,c768 tcontext=u:object_r:app_data_file:s0:c512,c768 tclass=file permissive=0
10-31 22:37:51.393 24787 24787 W CrUtilityMain: type=1400 audit(0.0:15379): avc: denied { setattr } for name="manifest.json" dev="dm-2" ino=23909 scontext=u:r:isolated_app:s0:c512,c768 tcontext=u:object_r:app_data_file:s0:c512,c768 tclass=file permissive=0
10-31 22:37:51.393 24787 24787 W CrUtilityMain: type=1400 audit(0.0:15380): avc: denied { setattr } for name="verified_contents.json" dev="dm-2" ino=23957 scontext=u:r:isolated_app:s0:c512,c768 tcontext=u:object_r:app_data_file:s0:c512,c768 tclass=file permissive=0
10-31 22:37:51.398 24774 24787 I chromium: [INFO:child_process_service.cc(69)] ChildProcessService: Exiting child process.
10-31 22:37:51.404   197   197 E lowmemorykiller: Error writing /proc/24774/oom_score_adj; errno=22
10-31 22:37:51.404   600 13558 E JavaBinder: !!! FAILED BINDER TRANSACTION !!!  (parcel size = 76)
10-31 22:37:51.405   600 13558 E JavaBinder: !!! FAILED BINDER TRANSACTION !!!  (parcel size = 576)
10-31 22:37:51.406   600 13558 W ActivityManager: Exception when unbinding service com.android.chrome/org.chromium.content.app.SandboxedProcessService28
10-31 22:37:51.406   600 13558 W ActivityManager: android.os.DeadObjectException: Transaction failed on small parcel; remote process probably died
10-31 22:37:51.406   600 13558 W ActivityManager: 	at android.os.BinderProxy.transactNative(Native Method)
10-31 22:37:51.406   600 13558 W ActivityManager: 	at android.os.BinderProxy.transact(Binder.java:615)
10-31 22:37:51.406   600 13558 W ActivityManager: 	at android.app.ApplicationThreadProxy.scheduleUnbindService(ApplicationThreadNative.java:1016)
10-31 22:37:51.406   600 13558 W ActivityManager: 	at com.android.server.am.ActiveServices.removeConnectionLocked(ActiveServices.java:2175)
10-31 22:37:51.406   600 13558 W ActivityManager: 	at com.android.server.am.ActiveServices.unbindServiceLocked(ActiveServices.java:1163)
10-31 22:37:51.406   600 13558 W ActivityManager: 	at com.android.server.am.ActivityManagerService.unbindService(ActivityManagerService.java:17309)
10-31 22:37:51.406   600 13558 W ActivityManager: 	at android.app.ActivityManagerNative.onTransact(ActivityManagerNative.java:1145)
10-31 22:37:51.406   600 13558 W ActivityManager: 	at com.android.server.am.ActivityManagerService.onTransact(ActivityManagerService.java:2795)
10-31 22:37:51.406   600 13558 W ActivityManager: 	at android.os.Binder.execTransact(Binder.java:565)
10-31 22:37:51.407   600 13558 E JavaBinder: !!! FAILED BINDER TRANSACTION !!!  (parcel size = 76)
10-31 22:37:51.407   197   197 E lowmemorykiller: Error writing /proc/24774/oom_score_adj; errno=22
10-31 22:37:51.408   600 13558 E JavaBinder: !!! FAILED BINDER TRANSACTION !!!  (parcel size = 76)
10-31 22:37:51.411 24032 24032 W chromium: [WARNING:compositor_view.cc(315)] Child process died (type=6) pid=24774)
10-31 22:37:51.411   600   610 I ActivityManager: Process com.android.chrome:sandboxed_process28 (pid 24774) has died
10-31 22:37:51.411   600   610 D ActivityManager: cleanUpApplicationRecord -- 24774
10-31 22:37:53.430 24619 24619 D MonkeyStub: translateCommand: touch down 614 1561
10-31 22:37:53.452 24619 24619 D MonkeyStub: translateCommand: touch move 614 1561
10-31 22:37:53.499   600   713 I ActivityManager: Start proc 24791:com.android.chrome:sandboxed_process29/u0i889 for service com.android.chrome/org.chromium.content.app.SandboxedProcessService29
10-31 22:37:53.560 24791 24791 W boxed_process29: type=1400 audit(0.0:15381): avc: denied { getattr } for path="/data/data/com.android.chrome" dev="dm-2" ino=12190 scontext=u:r:isolated_app:s0:c512,c768 tcontext=u:object_r:app_data_file:s0:c512,c768 tclass=dir permissive=0
10-31 22:37:53.562 24619 24619 D MonkeyStub: translateCommand: touch move 614 1436
10-31 22:37:53.613 24791 24791 I cr_ChildProcessService: Creating new ChildProcessService pid=24791
10-31 22:37:53.655 24791 24804 I cr_LibraryLoader: Loaded native library version number "85.0.4183.127"
10-31 22:37:53.656 24791 24804 I cr_CachingUmaRecorder: Flushed 1 samples from 1 histograms.
10-31 22:37:53.670 24804 24804 W CrUtilityMain: type=1400 audit(0.0:15382): avc: denied { setattr } for name=5072656C6F61642044617461 dev="dm-2" ino=24531 scontext=u:r:isolated_app:s0:c512,c768 tcontext=u:object_r:app_data_file:s0:c512,c768 tclass=file permissive=0
10-31 22:37:53.673 24804 24804 W CrUtilityMain: type=1400 audit(0.0:15383): avc: denied { setattr } for name="manifest.json" dev="dm-2" ino=24392 scontext=u:r:isolated_app:s0:c512,c768 tcontext=u:object_r:app_data_file:s0:c512,c768 tclass=file permissive=0
10-31 22:37:53.677 24619 24619 D MonkeyStub: translateCommand: touch move 614 1311
10-31 22:37:53.680 24804 24804 W CrUtilityMain: type=1400 audit(0.0:15384): avc: denied { setattr } for name="verified_contents.json" dev="dm-2" ino=49851 scontext=u:r:isolated_app:s0:c512,c768 tcontext=u:object_r:app_data_file:s0:c512,c768 tclass=file permissive=0
10-31 22:37:53.695 24791 24791 I cr_ChildProcessService: Destroying ChildProcessService pid=24791
10-31 22:37:53.705 24791 24804 I chromium: [INFO:child_process_service.cc(69)] ChildProcessService: Exiting child process.
10-31 22:37:53.741   600  9614 I ActivityManager: Process com.android.chrome:sandboxed_process29 (pid 24791) has died
10-31 22:37:53.741   600  9614 D ActivityManager: cleanUpApplicationRecord -- 24791
10-31 22:37:53.743 24032 24032 W chromium: [WARNING:compositor_view.cc(315)] Child process died (type=6) pid=24791)
10-31 22:37:53.782 24619 24619 D MonkeyStub: translateCommand: touch move 614 1186
10-31 22:37:53.898 24619 24619 D MonkeyStub: translateCommand: touch move 614 1061
10-31 22:37:54.007 24619 24619 D MonkeyStub: translateCommand: touch move 614 937
10-31 22:37:54.114 24619 24619 D MonkeyStub: translateCommand: touch move 614 812
10-31 22:37:54.222 24619 24619 D MonkeyStub: translateCommand: touch move 614 687
10-31 22:37:54.330 24619 24619 D MonkeyStub: translateCommand: touch move 614 562
10-31 22:37:54.444 24619 24619 D MonkeyStub: translateCommand: touch move 614 437
10-31 22:37:54.553 24619 24619 D MonkeyStub: translateCommand: touch move 614 312
10-31 22:37:54.558 24619 24619 D MonkeyStub: translateCommand: touch up 614 312
10-31 22:37:54.591 24619 24619 D MonkeyStub: translateCommand: touch down 614 1561
10-31 22:37:54.600 24619 24619 D MonkeyStub: translateCommand: touch move 614 1561
10-31 22:37:54.721 24619 24619 D MonkeyStub: translateCommand: touch move 614 1436
10-31 22:37:54.834 24619 24619 D MonkeyStub: translateCommand: touch move 614 1311
10-31 22:37:54.944 24619 24619 D MonkeyStub: translateCommand: touch move 614 1186
10-31 22:37:55.054 24619 24619 D MonkeyStub: translateCommand: touch move 614 1061
10-31 22:37:55.159 24619 24619 D MonkeyStub: translateCommand: touch move 614 937
10-31 22:37:55.269 24619 24619 D MonkeyStub: translateCommand: touch move 614 812
10-31 22:37:55.373 24619 24619 D MonkeyStub: translateCommand: touch move 614 687
10-31 22:37:55.485 24619 24619 D MonkeyStub: translateCommand: touch move 614 562
10-31 22:37:55.593 24619 24619 D MonkeyStub: translateCommand: touch move 614 437
10-31 22:37:55.698 24619 24619 D MonkeyStub: translateCommand: touch move 614 312
10-31 22:37:55.703 24619 24619 D MonkeyStub: translateCommand: touch up 614 312
10-31 22:37:55.711 24619 24619 D MonkeyStub: Quit requested
10-31 22:37:55.728   600   614 I CwMcuSensor: CwMcuSensor::flush: fd = 225, sensors_id = 0, path = /sys/class/htc_sensorhub/sensor_hub/flush, err = 0
10-31 22:37:55.732 24619 24619 I art     : System.exit called, status: 69
10-31 22:37:55.732 24619 24619 I AndroidRuntime: VM exiting with result code 69.
10-31 22:37:55.758   600  3509 W WindowManager: Attempted to remove non-existing token: android.os.Binder@8618916
10-31 22:37:56.047   600  1082 I ActivityManager: Start proc 24811:com.android.chrome:sandboxed_process30/u0i890 for service com.android.chrome/org.chromium.content.app.SandboxedProcessService30
