--------- beginning of main
10-29 16:01:06.165 21145 21145 D AndroidRuntime: >>>>>> START com.android.internal.os.RuntimeInit uid 2000 <<<<<<
10-29 16:01:06.168 21145 21145 D AndroidRuntime: CheckJNI is OFF
10-29 16:01:06.233 21145 21145 D ICU     : No timezone override file found: /data/misc/zoneinfo/current/icu/icu_tzdata.dat
10-29 16:01:06.263 21145 21145 I Radio-JNI: register_android_hardware_Radio DONE
10-29 16:01:06.278 21145 21145 D AndroidRuntime: Calling main entry com.android.commands.am.Am
--------- beginning of system
10-29 16:01:06.295   600 17381 I ActivityManager: Force stopping com.opera.browser appid=10122 user=0: from pid 21145
10-29 16:01:06.304  1061  1061 D RegisteredNfcFServicesCache: Service unchanged, not updating
10-29 16:01:06.554   600  1082 I ActivityManager: START u0 {act=android.intent.action.VIEW flg=0x10008000 cmp=com.opera.browser/com.opera.Opera} from uid 2000 on display 0
10-29 16:01:06.577 21145 21145 D AndroidRuntime: Shutting down VM
10-29 16:01:06.608   600   610 I ActivityManager: Start proc 21155:com.opera.browser/u0a122 for activity com.opera.browser/com.opera.Opera
10-29 16:01:06.687 21155 21155 I art     : Starting a blocking GC AddRemoveAppImageSpace
10-29 16:01:06.709 21155 21155 I LoadedApk: No resource references to update in package com.opera.browser.nord_vpn
10-29 16:01:06.790 21155 21155 I art     : Rejecting re-init on previously-failed class java.lang.Class<com.opera.android.job.a$j>: java.lang.NoClassDefFoundError: Failed resolution of: Landroid/app/job/JobServiceEngine;
10-29 16:01:06.790 21155 21155 I art     :   at void com.opera.android.OperaApplication.onCreate() (SourceFile:52)
10-29 16:01:06.790 21155 21155 I art     :   at void android.app.Instrumentation.callApplicationOnCreate(android.app.Application) (Instrumentation.java:1024)
10-29 16:01:06.790 21155 21155 I art     :   at void android.app.ActivityThread.handleBindApplication(android.app.ActivityThread$AppBindData) (ActivityThread.java:5403)
10-29 16:01:06.790 21155 21155 I art     :   at void android.app.ActivityThread.-wrap2(android.app.ActivityThread, android.app.ActivityThread$AppBindData) (ActivityThread.java:-1)
10-29 16:01:06.790 21155 21155 I art     :   at void android.app.ActivityThread$H.handleMessage(android.os.Message) (ActivityThread.java:1545)
10-29 16:01:06.790 21155 21155 I art     :   at void android.os.Handler.dispatchMessage(android.os.Message) (Handler.java:102)
10-29 16:01:06.790 21155 21155 I art     :   at void android.os.Looper.loop() (Looper.java:154)
10-29 16:01:06.790 21155 21155 I art     :   at void android.app.ActivityThread.main(java.lang.String[]) (ActivityThread.java:6119)
10-29 16:01:06.790 21155 21155 I art     :   at java.lang.Object java.lang.reflect.Method.invoke!(java.lang.Object, java.lang.Object[]) (Method.java:-2)
10-29 16:01:06.790 21155 21155 I art     :   at void com.android.internal.os.ZygoteInit$MethodAndArgsCaller.run() (ZygoteInit.java:886)
10-29 16:01:06.790 21155 21155 I art     :   at void com.android.internal.os.ZygoteInit.main(java.lang.String[]) (ZygoteInit.java:776)
10-29 16:01:06.790 21155 21155 I art     : Caused by: java.lang.ClassNotFoundException: Didn't find class "android.app.job.JobServiceEngine" on path: DexPathList[[zip file "/data/app/com.opera.browser-1/base.apk"],nativeLibraryDirectories=[/data/app/com.opera.browser-1/lib/arm, /data/app/com.opera.browser-1/base.apk!/lib/armeabi-v7a, /system/lib, /vendor/lib]]
10-29 16:01:06.790 21155 21155 I art     :   at java.lang.Class dalvik.system.BaseDexClassLoader.findClass(java.lang.String) (BaseDexClassLoader.java:56)
10-29 16:01:06.790 21155 21155 I art     :   at java.lang.Class java.lang.ClassLoader.loadClass(java.lang.String, boolean) (ClassLoader.java:380)
10-29 16:01:06.790 21155 21155 I art     :   at java.lang.Class java.lang.ClassLoader.loadClass(java.lang.String) (ClassLoader.java:312)
10-29 16:01:06.790 21155 21155 I art     :   at void com.opera.android.OperaApplication.onCreate() (SourceFile:52)
10-29 16:01:06.790 21155 21155 I art     :   at void android.app.Instrumentation.callApplicationOnCreate(android.app.Application) (Instrumentation.java:1024)
10-29 16:01:06.790 21155 21155 I art     :   at void android.app.ActivityThread.handleBindApplication(android.app.ActivityThread$AppBindData) (ActivityThread.java:5403)
10-29 16:01:06.790 21155 21155 I art     :   at void android.app.ActivityThread.-wrap2(android.app.ActivityThread, android.app.ActivityThread$AppBindData) (ActivityThread.java:-1)
10-29 16:01:06.790 21155 21155 I art     :   at void android.app.ActivityThread$H.handleMessage(android.os.Message) (ActivityThread.java:1545)
10-29 16:01:06.790 21155 21155 I art     :   at void android.os.Handler.dispatchMessage(android.os.Message) (Handler.java:102)
10-29 16:01:06.790 21155 21155 I art     :   at void android.os.Looper.loop() (Looper.java:154)
10-29 16:01:06.790 21155 21155 I art     :   at void android.app.ActivityThread.main(java.lang.String[]) (ActivityThread.java:6119)
10-29 16:01:06.790 21155 21155 I art     :   at java.lang.Object java.lang.reflect.Method.invoke!(java.lang.Object, java.lang.Object[]) (Method.java:-2)
10-29 16:01:06.790 21155 21155 I art     :   at void com.android.internal.os.ZygoteInit$MethodAndArgsCaller.run() (ZygoteInit.java:886)
10-29 16:01:06.790 21155 21155 I art     :   at void com.android.internal.os.ZygoteInit.main(java.lang.String[]) (ZygoteInit.java:776)
10-29 16:01:06.791 21155 21155 I art     : 
10-29 16:01:06.822 21155 21200 D NetworkSecurityConfig: Using Network Security Config from resource network_security_config_official_build debugBuild: false
10-29 16:01:07.030   600  1076 I ActivityManager: START u0 {act=android.intent.action.VIEW flg=0x10008000 cmp=com.opera.browser/com.opera.android.startup.WelcomeActivity} from uid 10122 on display 0
10-29 16:01:07.058   600  3507 W ActivityManager: Duplicate finish request for ActivityRecord{a9ea7 u0 com.opera.browser/com.opera.Opera t1151 f}
10-29 16:01:07.294   600   609 I art     : Background partial concurrent mark sweep GC freed 29293(1530KB) AllocSpace objects, 4(80KB) LOS objects, 33% free, 14MB/21MB, paused 922us total 186.530ms
10-29 16:01:07.335 21155 21165 W art     : Suspending all threads took: 7.646ms
10-29 16:01:07.366 21155 21165 I art     : Background sticky concurrent mark sweep GC freed 51852(4MB) AllocSpace objects, 15(440KB) LOS objects, 38% free, 5MB/8MB, paused 10.942ms total 181.376ms
10-29 16:01:07.391 21155 21191 I FA      : App measurement initialized, version: 43042
10-29 16:01:07.391 21155 21191 I FA      : To enable debug logging run: adb shell setprop log.tag.FA VERBOSE
10-29 16:01:07.392 21155 21191 I FA      : To enable faster debug mode event logging run:
10-29 16:01:07.392 21155 21191 I FA      :   adb shell setprop debug.firebase.analytics.app com.opera.browser
10-29 16:01:07.427 21155 21265 I OpenGLRenderer: Initialized EGL, version 1.4
10-29 16:01:07.427 21155 21265 D OpenGLRenderer: Swap behavior 2
10-29 16:01:07.580   600   620 I ActivityManager: Displayed com.opera.browser/com.opera.android.startup.WelcomeActivity: +507ms (total +1s2ms)
10-29 16:01:07.673 21155 21191 I FA      : Tag Manager is not found and thus will not be used
10-29 16:01:07.710   600  1082 I ActivityManager: Start proc 21291:com.opera.browser:privileged_process0/u0a122 for service com.opera.browser/com.opera.android.browser.chromium.services.PrivilegedProcessService0
10-29 16:01:07.724 21155 21282 W chromium: [WARNING:op_site_scripts.cc(424)] Failed to map /data/user/0/com.opera.browser/app_opera/sjs
10-29 16:01:07.827 21291 21291 I art     : Starting a blocking GC AddRemoveAppImageSpace
10-29 16:01:07.850 21291 21291 I LoadedApk: No resource references to update in package com.opera.browser.nord_vpn
10-29 16:01:07.892   600   620 W WindowManager: Failed looking up window
10-29 16:01:07.892   600   620 W WindowManager: java.lang.IllegalArgumentException: Requested window android.view.ViewRootImpl$W@74684ec does not exist
10-29 16:01:07.892   600   620 W WindowManager: 	at com.android.server.wm.WindowManagerService.windowForClientLocked(WindowManagerService.java:9422)
10-29 16:01:07.892   600   620 W WindowManager: 	at com.android.server.wm.WindowManagerService.windowForClientLocked(WindowManagerService.java:9413)
10-29 16:01:07.892   600   620 W WindowManager: 	at com.android.server.wm.WindowManagerService.removeWindow(WindowManagerService.java:2393)
10-29 16:01:07.892   600   620 W WindowManager: 	at com.android.server.wm.Session.remove(Session.java:202)
10-29 16:01:07.892   600   620 W WindowManager: 	at android.view.ViewRootImpl.dispatchDetachedFromWindow(ViewRootImpl.java:3290)
10-29 16:01:07.892   600   620 W WindowManager: 	at android.view.ViewRootImpl.doDie(ViewRootImpl.java:5917)
10-29 16:01:07.892   600   620 W WindowManager: 	at android.view.ViewRootImpl$ViewRootHandler.handleMessage(ViewRootImpl.java:3626)
10-29 16:01:07.892   600   620 W WindowManager: 	at android.os.Handler.dispatchMessage(Handler.java:102)
10-29 16:01:07.892   600   620 W WindowManager: 	at android.os.Looper.loop(Looper.java:154)
10-29 16:01:07.892   600   620 W WindowManager: 	at android.os.HandlerThread.run(HandlerThread.java:61)
10-29 16:01:07.892   600   620 W WindowManager: 	at com.android.server.ServiceThread.run(ServiceThread.java:46)
10-29 16:01:07.974 21291 21315 E libEGL  : validate_display:99 error 3008 (EGL_BAD_DISPLAY)
10-29 16:01:08.015 21155 21165 I art     : Background sticky concurrent mark sweep GC freed 20718(1528KB) AllocSpace objects, 26(520KB) LOS objects, 29% free, 6MB/8MB, paused 22.932ms total 161.981ms
10-29 16:01:08.155  3410  3410 I MemoryTrimmer: Trimming objects from memory, since app is in the background.
10-29 16:01:08.174  1084  1084 I MemoryTrimmer: Trimming objects from memory, since app is in the background.
10-29 16:01:08.178  3410 21060 I DeviceStateChecker: DeviceStateChecker cancelled
10-29 16:01:08.179  3410  3410 I MicroDetector: Keeping mic open: false
10-29 16:01:08.179  3410 15486 I AudioController: internalShutdown
10-29 16:01:08.179  3410 15486 I MicrophoneInputStream: mic_close com.google.android.apps.gsa.speech.audio.ae@54eff2d
10-29 16:01:08.180  3410  4353 I MicroRecognitionRunner: Stopping hotword detection.
10-29 16:01:08.185 21291 21315 E libEGL  : validate_display:99 error 3008 (EGL_BAD_DISPLAY)
10-29 16:01:08.202   238   285 I SoundTriggerHwService::Module: void android::SoundTriggerHwService::Module::onCallbackEvent(const sp<android::SoundTriggerHwService::CallbackEvent> &) mClient == 0
10-29 16:01:08.222  3410 21061 I MicroRecognitionRunner: Detection finished
10-29 16:01:08.232  3410  3410 I MemoryTrimmer: Trimming objects from memory, since app is in the background.
10-29 16:01:12.174 21155 21155 I PlayCore: UID: [10122]  PID: [21155] AppUpdateListenerRegistry : registerListener
10-29 16:01:12.175 21155 21155 I PlayCore: UID: [10122]  PID: [21155] AppUpdateService : requestUpdateInfo(com.opera.browser)
10-29 16:01:12.186 21155 21373 I PlayCore: UID: [10122]  PID: [21155] AppUpdateService : Initiate binding to the service.
10-29 16:01:12.187   600  9614 W ActivityManager: Unable to start service Intent { act=com.google.android.play.core.install.BIND_UPDATE_SERVICE pkg=com.android.vending } U=0: not found
10-29 16:01:12.187 21155 21373 I PlayCore: UID: [10122]  PID: [21155] AppUpdateService : Failed to bind to the service.
10-29 16:01:12.237 21155 21375 D ApplicationLoaders: ignored Vulkan layer search path /data/app/com.google.android.gms-1/lib/arm:/data/app/com.google.android.gms-1/base.apk!/lib/armeabi-v7a:/data/app/com.google.android.gms-1/split_config.en.apk!/lib/armeabi-v7a for namespace 0xf4a41090
10-29 16:01:12.239 21155 21375 W ResourceType: ResTable_typeSpec entry count inconsistent: given 67, previously 69
10-29 16:01:12.239 21155 21375 W ResourceType: ResTable_typeSpec entry count inconsistent: given 5346, previously 5347
10-29 16:01:12.568   600   612 D SyncManager: failed sync operation JobId: 100983, com.opera.browser u0 (com.opera.browser.ping), com.opera.browser.ping.provider, SERVER, reason: 10122, SyncResult: delayUntil: 1667059272 stats [ numIoExceptions: 1]
10-29 16:01:18.222  3410  3410 I MemoryTrimmer: Trimming objects from memory, since app is in the background.
10-29 16:01:18.283   600   647 I WifiHAL : Got channel list with 13 channels
10-29 16:01:18.284   600   647 I WifiHAL : Got channel list with 4 channels
10-29 16:01:18.284   600   647 I WifiHAL : Got channel list with 15 channels
10-29 16:01:19.797 21404 21404 D AndroidRuntime: >>>>>> START com.android.internal.os.RuntimeInit uid 2000 <<<<<<
10-29 16:01:19.801 21404 21404 D AndroidRuntime: CheckJNI is OFF
10-29 16:01:19.866 21404 21404 D ICU     : No timezone override file found: /data/misc/zoneinfo/current/icu/icu_tzdata.dat
10-29 16:01:19.898 21404 21404 I Radio-JNI: register_android_hardware_Radio DONE
10-29 16:01:19.912 21404 21404 D AndroidRuntime: Calling main entry com.android.commands.monkey.Monkey
10-29 16:01:19.978   600   613 W BroadcastQueue: Skipping deliver [background] BroadcastRecord{7efb4d2 u-1 android.net.conn.CONNECTIVITY_CHANGE} to ReceiverList{69429a3 21404 (unknown name)/2000/u-1 remote:b381934}: process crashing
10-29 16:01:21.534 21404 21404 D MonkeyStub: translateCommand: wake
10-29 16:01:21.658 21404 21404 D MonkeyStub: translateCommand: tap 960 1881
10-29 16:01:21.725   600   713 I ActivityManager: START u0 {act=android.intent.action.VIEW flg=0x1000000 cmp=com.opera.browser/com.opera.android.IntentDispatcherActivity} from uid 10122 on display 0
10-29 16:01:21.813   600  6312 I ActivityManager: START u0 {act=android.intent.action.VIEW flg=0x15002000 cmp=com.opera.browser/com.opera.android.BrowserActivity} from uid 10122 on display 0
10-29 16:01:21.819  1084  1171 I OpenGLRenderer: Initialized EGL, version 1.4
10-29 16:01:21.819  1084  1171 D OpenGLRenderer: Swap behavior 2
10-29 16:01:21.935   600   609 I art     : Background partial concurrent mark sweep GC freed 64724(3MB) AllocSpace objects, 48(1456KB) LOS objects, 33% free, 14MB/21MB, paused 8.342ms total 151.693ms
10-29 16:01:21.961 21155 21165 I art     : Background sticky concurrent mark sweep GC freed 20399(1667KB) AllocSpace objects, 43(860KB) LOS objects, 26% free, 7MB/10MB, paused 6.207ms total 79.143ms
10-29 16:01:22.062  1084  1084 I MemoryTrimmer: Trimming objects from memory, since app is in the background.
10-29 16:01:22.170 21155 21449 W ResourceType: ResTable_typeSpec entry count inconsistent: given 67, previously 69
10-29 16:01:22.170 21155 21449 W ResourceType: ResTable_typeSpec entry count inconsistent: given 5346, previously 5347
10-29 16:01:22.251 21155 21165 I art     : Background partial concurrent mark sweep GC freed 46430(2MB) AllocSpace objects, 27(732KB) LOS objects, 40% free, 7MB/12MB, paused 2.348ms total 115.862ms
10-29 16:01:22.258 21155 21421 E [Leanplum][ERROR]: No variable values were received from the server. Please contact us to investigate.
10-29 16:01:22.310   600   707 I CwMcuSensor: CwMcuSensor::flush: fd = 238, sensors_id = 0, path = /sys/class/htc_sensorhub/sensor_hub/flush, err = 0
10-29 16:01:22.320   600   620 I ActivityManager: Displayed com.opera.browser/com.opera.android.BrowserActivity: +479ms (total +564ms)
10-29 16:01:22.460 21155 21265 D OpenGLRenderer: endAllActiveAnimators on 0xd37dff80 (RippleDrawable) with handle 0xd4afbac0
10-29 16:01:22.694 21155 21464 W ResourceType: ResTable_typeSpec entry count inconsistent: given 67, previously 69
10-29 16:01:22.694 21155 21464 W ResourceType: ResTable_typeSpec entry count inconsistent: given 5346, previously 5347
10-29 16:01:22.970 21155 21160 I art     : Do partial code cache collection, code=18KB, data=30KB
10-29 16:01:22.971 21155 21160 I art     : After code cache collection, code=18KB, data=30KB
10-29 16:01:22.971 21155 21160 I art     : Increasing code cache capacity to 128KB
10-29 16:01:22.989 21155 21491 W ResourceType: ResTable_typeSpec entry count inconsistent: given 67, previously 69
10-29 16:01:22.989 21155 21491 W ResourceType: ResTable_typeSpec entry count inconsistent: given 5346, previously 5347
10-29 16:01:23.014 21155 21155 E Sensors : sendAck failure -1 1
10-29 16:01:23.014 21155 21155 E Sensors : sendAck failure -1 2
10-29 16:01:23.014 21155 21155 E Sensors : sendAck failure -1 3
10-29 16:01:23.014 21155 21155 E Sensors : sendAck failure -1 4
10-29 16:01:23.014 21155 21155 E Sensors : sendAck failure -1 5
10-29 16:01:23.014 21155 21155 E Sensors : sendAck failure -1 6
10-29 16:01:23.014 21155 21155 E Sensors : sendAck failure -1 7
10-29 16:01:23.014 21155 21155 E Sensors : sendAck failure -1 8
10-29 16:01:23.014 21155 21155 E Sensors : sendAck failure -1 9
10-29 16:01:23.014 21155 21155 E Sensors : sendAck failure -1 10
10-29 16:01:23.014 21155 21155 E Sensors : sendAck failure -1 11
10-29 16:01:23.014 21155 21155 E Sensors : sendAck failure -1 12
10-29 16:01:23.014 21155 21155 E Sensors : sendAck failure -1 13
10-29 16:01:23.014 21155 21155 E Sensors : sendAck failure -1 14
10-29 16:01:23.014 21155 21155 E Sensors : sendAck failure -1 15
10-29 16:01:23.014 21155 21155 E Sensors : sendAck failure -1 16
10-29 16:01:23.014 21155 21155 E Sensors : sendAck failure -1 17
10-29 16:01:23.014 21155 21155 E Sensors : sendAck failure -1 18
10-29 16:01:23.014 21155 21155 E Sensors : sendAck failure -1 1
10-29 16:01:23.014 21155 21155 E Sensors : sendAck failure -1 2
10-29 16:01:23.014 21155 21155 E Sensors : sendAck failure -1 3
10-29 16:01:23.014 21155 21155 E Sensors : sendAck failure -1 4
10-29 16:01:23.014 21155 21155 E Sensors : sendAck failure -1 5
10-29 16:01:23.014 21155 21155 E Sensors : sendAck failure -1 6
10-29 16:01:23.014 21155 21155 E Sensors : sendAck failure -1 7
10-29 16:01:23.014 21155 21155 E Sensors : sendAck failure -1 8
10-29 16:01:23.014 21155 21155 E Sensors : sendAck failure -1 9
10-29 16:01:23.014 21155 21155 E Sensors : sendAck failure -1 10
10-29 16:01:23.014 21155 21155 E Sensors : sendAck failure -1 11
10-29 16:01:23.014 21155 21155 E Sensors : sendAck failure -1 12
10-29 16:01:23.015 21155 21155 E Sensors : sendAck failure -1 13
10-29 16:01:23.015 21155 21155 E Sensors : sendAck failure -1 14
10-29 16:01:23.015 21155 21155 E Sensors : sendAck failure -1 15
10-29 16:01:23.015 21155 21155 E Sensors : sendAck failure -1 1
10-29 16:01:23.016 21155 21155 E Sensors : sendAck failure -1 1
10-29 16:01:23.016 21155 21155 E Sensors : sendAck failure -1 2
10-29 16:01:23.016 21155 21155 E Sensors : sendAck failure -1 3
10-29 16:01:23.038 21155 21155 I Choreographer: Skipped 34 frames!  The application may be doing too much work on its main thread.
10-29 16:01:23.203 21155 21155 W View    : requestLayout() improperly called by com.opera.android.custom_views.FadingRecyclerView{44027ec VFED.V... ......ID 0,813-1536,813 #7f0a0825 app:id/suggested_dials_grid} during layout: running second layout pass
10-29 16:01:23.269 21155 21165 I art     : Background sticky concurrent mark sweep GC freed 43572(2MB) AllocSpace objects, 34(680KB) LOS objects, 11% free, 11MB/12MB, paused 2.300ms total 112.333ms
10-29 16:01:23.270 21155 21155 E Sensors : sendAck failure -1 1
10-29 16:01:23.270 21155 21155 E Sensors : sendAck failure -1 2
10-29 16:01:23.270 21155 21155 E Sensors : sendAck failure -1 3
10-29 16:01:23.270 21155 21155 E Sensors : sendAck failure -1 4
10-29 16:01:23.271 21155 21155 E Sensors : sendAck failure -1 1
10-29 16:01:23.271 21155 21155 E Sensors : sendAck failure -1 2
10-29 16:01:23.271 21155 21155 E Sensors : sendAck failure -1 3
10-29 16:01:23.271 21155 21155 E Sensors : sendAck failure -1 4
10-29 16:01:23.271 21155 21155 E Sensors : sendAck failure -1 5
10-29 16:01:23.271 21155 21155 E Sensors : sendAck failure -1 6
10-29 16:01:23.271 21155 21155 E Sensors : sendAck failure -1 7
10-29 16:01:23.271 21155 21155 E Sensors : sendAck failure -1 8
10-29 16:01:23.522 21155 21165 I art     : Background partial concurrent mark sweep GC freed 38257(2002KB) AllocSpace objects, 15(400KB) LOS objects, 40% free, 12MB/20MB, paused 3.361ms total 238.962ms
10-29 16:01:23.718 21518 21518 I dex2oat : /system/bin/dex2oat --dex-file=/data/user/0/com.opera.browser/code_cache/. ​     --oat-fd=163 --oat-location=/data/user/0/com.opera.browser/code_cache/.     --compiler-filter=speed
10-29 16:01:24.189 21518 21527 W dex2oat : Compilation of int com.appsflyer.internal.a$$.values(java.lang.Object) took 119.357ms
10-29 16:01:24.209 21518 21518 I dex2oat : dex2oat took 492.264ms (threads: 2) arena alloc=432KB (442800B) java alloc=32KB (33064B) native alloc=354KB (362688B) free=1181KB (1210176B)
10-29 16:01:24.369 21530 21530 I dex2oat : /system/bin/dex2oat --dex-file=/data/user/0/com.opera.browser/code_cache/.​  ​​ --oat-fd=164 --oat-location=/data/user/0/com.opera.browser/code_cache/.    --compiler-filter=speed
10-29 16:01:24.473 21155 21160 I art     : Do partial code cache collection, code=32KB, data=58KB
10-29 16:01:24.548 21155 21160 I art     : After code cache collection, code=32KB, data=59KB
10-29 16:01:24.548 21155 21160 I art     : Increasing code cache capacity to 256KB
10-29 16:01:24.663 21155 21165 I art     : Background sticky concurrent mark sweep GC freed 83945(6MB) AllocSpace objects, 44(2MB) LOS objects, 24% free, 15MB/20MB, paused 10.330ms total 524.266ms
10-29 16:01:24.864 21530 21530 I dex2oat : dex2oat took 496.606ms (threads: 2) arena alloc=611KB (626232B) java alloc=101KB (104080B) native alloc=523KB (536408B) free=1524KB (1560744B)
10-29 16:01:25.255 21155 21165 I art     : Background partial concurrent mark sweep GC freed 103678(5MB) AllocSpace objects, 21(2MB) LOS objects, 40% free, 15MB/25MB, paused 3.421ms total 211.074ms
10-29 16:01:25.733 21404 21404 D MonkeyStub: translateCommand: tap 57 93
10-29 16:01:27.836 21404 21404 D MonkeyStub: translateCommand: tap 57 93
10-29 16:01:29.576 13178 13629 I CastDatabase: Saving the database
10-29 16:01:29.587 13178 13629 E SQLiteCastStore: Skip saving CastDeviceInfo: "Nearby device" (__cast_nearby___V_b235cad2-c188-4a58-b1b2-1175c587526e)
10-29 16:01:29.589 13178 13629 I SQLiteCastStore: [CastNetworkInfo] saved: 2, skipped: 0, [CastDeviceInfo]: saved 1, skipped 1, [Paired Guest Mode DeviceInfo] saved: 0, skipped: 0. [ProbedNetworks]: saved 0, skipped: 0, [ProbedSocketAddress]: saved 1, skipped: 0, [Network-Device pairs]: saved: 2
10-29 16:01:30.083 21404 21404 D MonkeyStub: translateCommand: tap 446 593
10-29 16:01:32.124 21404 21404 D MonkeyStub: translateCommand: tap 667 302
10-29 16:01:32.227 21155 21160 I art     : Do full code cache collection, code=81KB, data=124KB
10-29 16:01:32.230 21155 21160 I art     : Starting a blocking GC JitCodeCache
10-29 16:01:32.231 21155 21160 I art     : After code cache collection, code=67KB, data=71KB
10-29 16:01:32.719 21155 21160 I art     : Do partial code cache collection, code=80KB, data=91KB
10-29 16:01:32.720 21155 21160 I art     : After code cache collection, code=80KB, data=91KB
10-29 16:01:32.720 21155 21160 I art     : Increasing code cache capacity to 512KB
10-29 16:01:35.406 21404 21404 D MonkeyStub: translateCommand: tap 1286 930
10-29 16:01:36.634 21404 21404 D MonkeyStub: translateCommand: tap 62 98
10-29 16:01:36.684 21404 21404 D MonkeyStub: translateCommand: tap 729 89
10-29 16:01:36.696 21404 21404 D MonkeyStub: Quit requested
10-29 16:01:36.715   600   614 I CwMcuSensor: CwMcuSensor::flush: fd = 238, sensors_id = 0, path = /sys/class/htc_sensorhub/sensor_hub/flush, err = 0
10-29 16:01:36.724 21404 21404 I art     : System.exit called, status: 16
10-29 16:01:36.724 21404 21404 I AndroidRuntime: VM exiting with result code 16.
10-29 16:01:36.761   600  6312 W WindowManager: Attempted to remove non-existing token: android.os.Binder@ab5bcff
10-29 16:01:37.003   600  3507 E BatteryStatsService: power: Missing API
10-29 16:01:37.009   600  3507 E BatteryStatsService: no controller energy info supplied
10-29 16:01:37.009   796   796 E PhoneInterfaceManager: [PhoneIntfMgr] queryModemActivityInfo: Empty response
10-29 16:01:37.014   600  3507 E BatteryStatsService: modem info is invalid: ModemActivityInfo{ mTimestamp=0 mSleepTimeMs=0 mIdleTimeMs=0 mTxTimeMs[]=[0, 0, 0, 0, 0] mRxTimeMs=0 mEnergyUsed=0}
10-29 16:01:37.437 21558 21558 D AndroidRuntime: >>>>>> START com.android.internal.os.RuntimeInit uid 2000 <<<<<<
10-29 16:01:37.441 21558 21558 D AndroidRuntime: CheckJNI is OFF
10-29 16:01:37.507 21558 21558 D ICU     : No timezone override file found: /data/misc/zoneinfo/current/icu/icu_tzdata.dat
10-29 16:01:37.536 21558 21558 I Radio-JNI: register_android_hardware_Radio DONE
10-29 16:01:37.551 21558 21558 D AndroidRuntime: Calling main entry com.android.commands.am.Am
10-29 16:01:37.569   600  6312 I ActivityManager: START u0 {act=android.intent.action.VIEW dat=http://scientificamerican.com/... flg=0x10000000 cmp=com.opera.browser/com.opera.Opera} from uid 2000 on display 0
10-29 16:01:37.572 21558 21558 D AndroidRuntime: Shutting down VM
10-29 16:01:37.669 21155 21155 W art     : Before Android 4.1, method double java.util.concurrent.ThreadLocalRandom.internalNextDouble(double, double) would have incorrectly overridden the package-private method in java.util.Random
10-29 16:01:37.669 21155 21155 W art     : Before Android 4.1, method int java.util.concurrent.ThreadLocalRandom.internalNextInt(int, int) would have incorrectly overridden the package-private method in java.util.Random
10-29 16:01:37.669 21155 21155 W art     : Before Android 4.1, method long java.util.concurrent.ThreadLocalRandom.internalNextLong(long, long) would have incorrectly overridden the package-private method in java.util.Random
10-29 16:01:37.721   600   619 D BluetoothManagerService: Message: 20
10-29 16:01:37.721   600   619 D BluetoothManagerService: Added callback: android.bluetooth.IBluetoothManagerCallback$Stub$Proxy@b8217bc:true
10-29 16:01:37.731   600  1079 I ActivityManager: Start proc 21571:com.opera.browser:sandboxed_process0/u0a122 for service com.opera.browser/com.opera.android.browser.chromium.services.SandboxedProcessService0
10-29 16:01:37.788 21571 21571 I art     : Starting a blocking GC AddRemoveAppImageSpace
10-29 16:01:37.806 21571 21571 I LoadedApk: No resource references to update in package com.opera.browser.nord_vpn
10-29 16:01:37.836 21155 21521 W ResourceType: ResTable_typeSpec entry count inconsistent: given 67, previously 69
10-29 16:01:37.836 21155 21521 W ResourceType: ResTable_typeSpec entry count inconsistent: given 5346, previously 5347
10-29 16:01:38.003   787   805 I FontLog : Received query name=Google Sans&weight=400&besteffort=false, URI content://com.google.android.gms.fonts [CONTEXT service_id=132 ]
10-29 16:01:38.003   787   805 I FontLog : Query [name=Google Sans&weight=400&besteffort=false] resolved to {Google Sans, wdth 100.0, wght 400, ital 0.0, bestEffort false} [CONTEXT service_id=132 ]
10-29 16:01:38.005   787   805 I FontLog : Font PFD returned from cache for {Google Sans, wdth 100.0, wght 400, ital 0.0, bestEffort false} [CONTEXT service_id=132 ]
10-29 16:01:38.005   787   805 I FontLog : Fetch {Google Sans, wdth 100.0, wght 400, ital 0.0, bestEffort false} end status Status{statusCode=SUCCESS, resolution=null} [CONTEXT service_id=132 ]
10-29 16:01:38.009   787  1245 I FontLog : Pulling font file for id = 72, cache size = 6 [CONTEXT service_id=132 ]
10-29 16:01:38.013   787   806 I FontLog : Received query name=Google Sans&weight=500&besteffort=false, URI content://com.google.android.gms.fonts [CONTEXT service_id=132 ]
10-29 16:01:38.013   787   806 I FontLog : Query [name=Google Sans&weight=500&besteffort=false] resolved to {Google Sans, wdth 100.0, wght 500, ital 0.0, bestEffort false} [CONTEXT service_id=132 ]
10-29 16:01:38.014   787   806 I FontLog : Font PFD returned from cache for {Google Sans, wdth 100.0, wght 500, ital 0.0, bestEffort false} [CONTEXT service_id=132 ]
10-29 16:01:38.015   787   806 I FontLog : Fetch {Google Sans, wdth 100.0, wght 500, ital 0.0, bestEffort false} end status Status{statusCode=SUCCESS, resolution=null} [CONTEXT service_id=132 ]
10-29 16:01:38.020   787   805 I FontLog : Pulling font file for id = 73, cache size = 6 [CONTEXT service_id=132 ]
10-29 16:01:38.024   787  1620 I FontLog : Received query name=Google Sans&weight=700&besteffort=false, URI content://com.google.android.gms.fonts [CONTEXT service_id=132 ]
10-29 16:01:38.024   787  1620 I FontLog : Query [name=Google Sans&weight=700&besteffort=false] resolved to {Google Sans, wdth 100.0, wght 700, ital 0.0, bestEffort false} [CONTEXT service_id=132 ]
10-29 16:01:38.026   787  1620 I FontLog : Fetch {Google Sans, wdth 100.0, wght 700, ital 0.0, bestEffort false} end status Status{statusCode=SUCCESS, resolution=null} [CONTEXT service_id=132 ]
10-29 16:01:38.030   787   806 I FontLog : Pulling font file for id = 74, cache size = 7 [CONTEXT service_id=132 ]
10-29 16:01:38.036   787  1714 I FontLog : Received query name=Noto Color Emoji Compat&weight=400&besteffort=false, URI content://com.google.android.gms.fonts [CONTEXT service_id=132 ]
10-29 16:01:38.036   787  1714 I FontLog : Query [name=Noto Color Emoji Compat&weight=400&besteffort=false] resolved to {Noto Color Emoji Compat, wdth 100.0, wght 400, ital 0.0, bestEffort false} [CONTEXT service_id=132 ]
10-29 16:01:38.038   787  1714 I FontLog : Fetch {Noto Color Emoji Compat, wdth 100.0, wght 400, ital 0.0, bestEffort false} end status Status{statusCode=SUCCESS, resolution=null} [CONTEXT service_id=132 ]
10-29 16:01:38.043   787  1620 I FontLog : Pulling font file for id = 75, cache size = 6 [CONTEXT service_id=132 ]
10-29 16:01:39.740   600   610 D DnsEventListenerService: Logging 100 results for netId 100
10-29 16:01:50.479 21621 21621 D AndroidRuntime: >>>>>> START com.android.internal.os.RuntimeInit uid 2000 <<<<<<
10-29 16:01:50.482 21621 21621 D AndroidRuntime: CheckJNI is OFF
10-29 16:01:50.546 21621 21621 D ICU     : No timezone override file found: /data/misc/zoneinfo/current/icu/icu_tzdata.dat
10-29 16:01:50.578 21621 21621 I Radio-JNI: register_android_hardware_Radio DONE
10-29 16:01:50.593 21621 21621 D AndroidRuntime: Calling main entry com.android.commands.monkey.Monkey
10-29 16:01:50.660   600   613 W BroadcastQueue: Skipping deliver [background] BroadcastRecord{b17bdfa u-1 android.net.conn.CONNECTIVITY_CHANGE} to ReceiverList{e5a3fab 21621 (unknown name)/2000/u-1 remote:25c241c}: process crashing
10-29 16:01:52.158 21621 21621 D MonkeyStub: translateCommand: wake
10-29 16:01:52.285 21621 21621 D MonkeyStub: translateCommand: tap 1046 1868
10-29 16:02:02.647 21621 21621 D MonkeyStub: translateCommand: touch down 614 1561
10-29 16:02:02.665 21621 21621 D MonkeyStub: translateCommand: touch move 614 1561
10-29 16:02:02.784 21621 21621 D MonkeyStub: translateCommand: touch move 614 1436
10-29 16:02:02.899 21621 21621 D MonkeyStub: translateCommand: touch move 614 1311
10-29 16:02:03.009 21621 21621 D MonkeyStub: translateCommand: touch move 614 1186
10-29 16:02:03.120 21621 21621 D MonkeyStub: translateCommand: touch move 614 1061
10-29 16:02:03.230 21621 21621 D MonkeyStub: translateCommand: touch move 614 937
10-29 16:02:03.339 21621 21621 D MonkeyStub: translateCommand: touch move 614 812
10-29 16:02:03.450 21621 21621 D MonkeyStub: translateCommand: touch move 614 687
10-29 16:02:03.559 21621 21621 D MonkeyStub: translateCommand: touch move 614 562
10-29 16:02:03.669 21621 21621 D MonkeyStub: translateCommand: touch move 614 437
10-29 16:02:03.778 21621 21621 D MonkeyStub: translateCommand: touch move 614 312
10-29 16:02:03.784 21621 21621 D MonkeyStub: translateCommand: touch up 614 312
10-29 16:02:03.811 21621 21621 D MonkeyStub: translateCommand: touch down 614 1561
10-29 16:02:03.819 21621 21621 D MonkeyStub: translateCommand: touch move 614 1561
10-29 16:02:03.932 21621 21621 D MonkeyStub: translateCommand: touch move 614 1436
10-29 16:02:04.038 21621 21621 D MonkeyStub: translateCommand: touch move 614 1311
10-29 16:02:04.151 21621 21621 D MonkeyStub: translateCommand: touch move 614 1186
10-29 16:02:04.262 21621 21621 D MonkeyStub: translateCommand: touch move 614 1061
10-29 16:02:04.372 21621 21621 D MonkeyStub: translateCommand: touch move 614 937
10-29 16:02:04.484 21621 21621 D MonkeyStub: translateCommand: touch move 614 812
10-29 16:02:04.590 21621 21621 D MonkeyStub: translateCommand: touch move 614 687
10-29 16:02:04.699 21621 21621 D MonkeyStub: translateCommand: touch move 614 562
10-29 16:02:04.810 21621 21621 D MonkeyStub: translateCommand: touch move 614 437
10-29 16:02:04.921 21621 21621 D MonkeyStub: translateCommand: touch move 614 312
10-29 16:02:04.931 21621 21621 D MonkeyStub: translateCommand: touch up 614 312
10-29 16:02:07.151 21621 21621 D MonkeyStub: translateCommand: touch down 614 1561
10-29 16:02:07.165 21621 21621 D MonkeyStub: translateCommand: touch move 614 1561
10-29 16:02:07.276 21621 21621 D MonkeyStub: translateCommand: touch move 614 1436
10-29 16:02:07.392 21621 21621 D MonkeyStub: translateCommand: touch move 614 1311
10-29 16:02:07.504 21621 21621 D MonkeyStub: translateCommand: touch move 614 1186
10-29 16:02:07.617 21621 21621 D MonkeyStub: translateCommand: touch move 614 1061
10-29 16:02:07.727 21621 21621 D MonkeyStub: translateCommand: touch move 614 937
10-29 16:02:07.834 21621 21621 D MonkeyStub: translateCommand: touch move 614 812
10-29 16:02:07.967 21621 21621 D MonkeyStub: translateCommand: touch move 614 687
10-29 16:02:08.075 21621 21621 D MonkeyStub: translateCommand: touch move 614 562
10-29 16:02:08.186 21621 21621 D MonkeyStub: translateCommand: touch move 614 437
10-29 16:02:08.292 21621 21621 D MonkeyStub: translateCommand: touch move 614 312
10-29 16:02:08.298 21621 21621 D MonkeyStub: translateCommand: touch up 614 312
10-29 16:02:08.329 21621 21621 D MonkeyStub: translateCommand: touch down 614 1561
10-29 16:02:08.334 21621 21621 D MonkeyStub: translateCommand: touch move 614 1561
10-29 16:02:08.445 21621 21621 D MonkeyStub: translateCommand: touch move 614 1436
10-29 16:02:08.556 21621 21621 D MonkeyStub: translateCommand: touch move 614 1311
10-29 16:02:08.666 21621 21621 D MonkeyStub: translateCommand: touch move 614 1186
10-29 16:02:08.778 21621 21621 D MonkeyStub: translateCommand: touch move 614 1061
10-29 16:02:08.888 21621 21621 D MonkeyStub: translateCommand: touch move 614 937
10-29 16:02:08.996 21621 21621 D MonkeyStub: translateCommand: touch move 614 812
10-29 16:02:09.107 21621 21621 D MonkeyStub: translateCommand: touch move 614 687
10-29 16:02:09.216 21621 21621 D MonkeyStub: translateCommand: touch move 614 562
10-29 16:02:09.324 21621 21621 D MonkeyStub: translateCommand: touch move 614 437
10-29 16:02:09.442 21621 21621 D MonkeyStub: translateCommand: touch move 614 312
10-29 16:02:09.449 21621 21621 D MonkeyStub: translateCommand: touch up 614 312
10-29 16:02:09.479 21621 21621 D MonkeyStub: translateCommand: touch down 614 1561
10-29 16:02:09.489 21621 21621 D MonkeyStub: translateCommand: touch move 614 1561
10-29 16:02:09.595 21621 21621 D MonkeyStub: translateCommand: touch move 614 1436
10-29 16:02:09.707 21621 21621 D MonkeyStub: translateCommand: touch move 614 1311
10-29 16:02:09.817 21621 21621 D MonkeyStub: translateCommand: touch move 614 1186
10-29 16:02:09.926 21621 21621 D MonkeyStub: translateCommand: touch move 614 1061
10-29 16:02:10.039 21621 21621 D MonkeyStub: translateCommand: touch move 614 937
10-29 16:02:10.158 21621 21621 D MonkeyStub: translateCommand: touch move 614 812
10-29 16:02:10.267 21621 21621 D MonkeyStub: translateCommand: touch move 614 687
10-29 16:02:10.378 21621 21621 D MonkeyStub: translateCommand: touch move 614 562
10-29 16:02:10.492 21621 21621 D MonkeyStub: translateCommand: touch move 614 437
10-29 16:02:10.605 21621 21621 D MonkeyStub: translateCommand: touch move 614 312
10-29 16:02:10.614 21621 21621 D MonkeyStub: translateCommand: touch up 614 312
10-29 16:02:13.707 21621 21621 D MonkeyStub: translateCommand: touch down 614 1561
10-29 16:02:13.740 21621 21621 D MonkeyStub: translateCommand: touch move 614 1561
10-29 16:02:13.852 21621 21621 D MonkeyStub: translateCommand: touch move 614 1436
10-29 16:02:13.965 21621 21621 D MonkeyStub: translateCommand: touch move 614 1311
10-29 16:02:14.076 21621 21621 D MonkeyStub: translateCommand: touch move 614 1186
10-29 16:02:14.181 21621 21621 D MonkeyStub: translateCommand: touch move 614 1061
10-29 16:02:14.289 21621 21621 D MonkeyStub: translateCommand: touch move 614 937
10-29 16:02:14.393 21621 21621 D MonkeyStub: translateCommand: touch move 614 812
10-29 16:02:14.502 21621 21621 D MonkeyStub: translateCommand: touch move 614 687
10-29 16:02:14.613 21621 21621 D MonkeyStub: translateCommand: touch move 614 562
10-29 16:02:14.723 21621 21621 D MonkeyStub: translateCommand: touch move 614 437
10-29 16:02:14.832 21621 21621 D MonkeyStub: translateCommand: touch move 614 312
10-29 16:02:14.837 21621 21621 D MonkeyStub: translateCommand: touch up 614 312
10-29 16:02:14.869 21621 21621 D MonkeyStub: translateCommand: touch down 614 1561
10-29 16:02:14.874 21621 21621 D MonkeyStub: translateCommand: touch move 614 1561
10-29 16:02:14.985 21621 21621 D MonkeyStub: translateCommand: touch move 614 1436
10-29 16:02:15.094 21621 21621 D MonkeyStub: translateCommand: touch move 614 1311
10-29 16:02:15.206 21621 21621 D MonkeyStub: translateCommand: touch move 614 1186
10-29 16:02:15.316 21621 21621 D MonkeyStub: translateCommand: touch move 614 1061
10-29 16:02:15.432 21621 21621 D MonkeyStub: translateCommand: touch move 614 937
10-29 16:02:15.545 21621 21621 D MonkeyStub: translateCommand: touch move 614 812
10-29 16:02:15.655 21621 21621 D MonkeyStub: translateCommand: touch move 614 687
10-29 16:02:15.763 21621 21621 D MonkeyStub: translateCommand: touch move 614 562
10-29 16:02:15.874 21621 21621 D MonkeyStub: translateCommand: touch move 614 437
10-29 16:02:15.993 21621 21621 D MonkeyStub: translateCommand: touch move 614 312
10-29 16:02:15.999 21621 21621 D MonkeyStub: translateCommand: touch up 614 312
10-29 16:02:18.212 21621 21621 D MonkeyStub: translateCommand: tap 734 1352
10-29 16:02:20.261   198   198 E SELinux : avc:  denied  { find } for service=netd pid=21672 uid=2000 scontext=u:r:shell:s0 tcontext=u:object_r:netd_service:s0 tclass=service_manager permissive=0
10-29 16:02:20.266   198   198 E SELinux : avc:  denied  { find } for service=android.service.gatekeeper.IGateKeeperService pid=21672 uid=2000 scontext=u:r:shell:s0 tcontext=u:object_r:gatekeeper_service:s0 tclass=service_manager permissive=0
10-29 16:02:20.594 21571 21585 I chromium: [INFO:pipeline_controller.cc(46)] MCHR-300: Starting pipeline, demuxer: FFmpegDemuxer
10-29 16:02:20.644 21571 21589 I chromium: [INFO:ffmpeg_glue.cc(159)] MCHR-300: Container: mov,mp4,m4a,3gp,3g2,mj2
10-29 16:02:20.750 21291 21673 W VideoCapabilities: Unrecognized level 0 for video/x-vnd.on2.vp8
10-29 16:02:20.795 21291 21673 I VideoCapabilities: Unsupported profile 4 for video/mp4v-es
10-29 16:02:20.823 21291 21674 W VideoCapabilities: Unrecognized level 0 for video/x-vnd.on2.vp8
10-29 16:02:20.863 21291 21674 I VideoCapabilities: Unsupported profile 4 for video/mp4v-es
10-29 16:02:21.009 21155 21155 V MediaRouter: Adding route: RouteInfo{ name=Tablet, description=null, status=null, category=RouteCategory{ name=null types=ROUTE_TYPE_LIVE_AUDIO ROUTE_TYPE_LIVE_VIDEO  groupable=false }, supportedTypes=ROUTE_TYPE_LIVE_AUDIO ROUTE_TYPE_LIVE_VIDEO , presentationDisplay=null }
10-29 16:02:21.012 21155 21155 V MediaRouter: Updating audio routes: AudioRoutesInfo{ type=SPEAKER }
10-29 16:02:21.015 21155 21155 V MediaRouter: Selecting route: RouteInfo{ name=Tablet, description=null, status=null, category=RouteCategory{ name=null types=ROUTE_TYPE_LIVE_AUDIO ROUTE_TYPE_LIVE_VIDEO  groupable=false }, supportedTypes=ROUTE_TYPE_LIVE_AUDIO ROUTE_TYPE_LIVE_VIDEO , presentationDisplay=null }
10-29 16:02:21.026 21155 21155 V MediaRouter: Selecting route: RouteInfo{ name=Tablet, description=null, status=null, category=RouteCategory{ name=null types=ROUTE_TYPE_LIVE_AUDIO ROUTE_TYPE_LIVE_VIDEO  groupable=false }, supportedTypes=ROUTE_TYPE_LIVE_AUDIO ROUTE_TYPE_LIVE_VIDEO , presentationDisplay=null }
10-29 16:02:21.044 13178 13178 I DiscoveryManager: WifiGuestModeDeviceScanner enabled.
10-29 16:02:21.044   600   647 I WifiHAL : Got channel list with 13 channels
10-29 16:02:21.046   600   647 I WifiHAL : Got channel list with 4 channels
10-29 16:02:21.047   600   647 I WifiHAL : Got channel list with 15 channels
10-29 16:02:21.048 13178 18993 I CastDatabase: Opening the database
10-29 16:02:21.125 21571 21667 I chromium: [INFO:decoder_stream.cc(443)] MCHR-300: Selected MediaCodecVideoDecoder for video decoding, config: codec: h264, profile: h264 main, level: not available, alpha_mode: is_opaque, coded size: [2526,1000], visible rect: [0,0,2526,1000], natural size: [2526,1000], has extra data: true, encryption scheme: Unencrypted, rotation: 0°, flipped: 0, color space: {primaries:BT709, transfer:BT709, matrix:BT709, range:LIMITED}
10-29 16:02:21.137 13178 18993 I SQLiteCastStore: 2 CastNetworkInfo instances loaded, 1 CastDeviceInfo instances loaded, 0 paired guest mode devices loaded.
10-29 16:02:21.138 13178 18993 I DiscoveryManager: Filter criteria(D38CB0C5) scannerFlags(0)
10-29 16:02:21.146 13178 18993 I CastDatabase: CastDeviceInfo created: V_13edd2f1-a185-4b57-8f02-3d6db23b65fe
10-29 16:02:21.146 13178 18993 W GuestModeDeviceProber: setFilterCriteria
10-29 16:02:21.159 13178 18993 E DeviceScanner: [BLE] Failed to start scan because the Bluetooth is disabled.
10-29 16:02:21.159 13178 18993 W DatabaseProcessor: processLocalDevices: failed to get the network info with non-null bssid.
10-29 16:02:21.165 13178 18993 W DatabaseProcessor: processLocalDevices: failed to get the network info with non-null bssid.
10-29 16:02:21.179 13178 18993 E DeviceScanner: [BLE] Failed to start scan because the Bluetooth is disabled.
10-29 16:02:21.181 13178 18993 W DatabaseProcessor: processLocalDevices: failed to get the network info with non-null bssid.
10-29 16:02:21.181 13178 18993 W DatabaseProcessor: processLocalDevices: failed to get the network info with non-null bssid.
10-29 16:02:21.309   246   916 I MediaPlayerService: MediaPlayerService::getOMX
10-29 16:02:21.310 21291 21679 I OMXClient: MuxOMX ctor
10-29 16:02:21.312   243   905 I OMXMaster: makeComponentInstance(OMX.Nvidia.h264.decode) in mediacodec process
10-29 16:02:21.316 21291 21678 I MediaCodec: MediaCodec will operate in async mode
10-29 16:02:21.318 21291 21678 I MediaCodec: [OMX.Nvidia.h264.decode] setting surface generation to 21801985
10-29 16:02:21.325   243  7993 E OMXNodeInstance: getConfig(f3003f:Nvidia.h264.decode, ConfigCommonOutputCrop(0x700000f)) ERROR: BadParameter(0x80001005)
10-29 16:02:21.330 21291 21679 D SurfaceUtils: set up nativeWindow 0xd047e008 for 2526x1000, color 0x106, rotation 0, usage 0x2b00
10-29 16:02:21.332   243 21680 D NvOsDebugPrintf: NvMMLiteOpen : Block : BlockType = 261 
10-29 16:02:21.332   243 21680 D NvOsDebugPrintf: TVMR: NvMMLiteTVMRDecBlockOpen: 5008: NvMMLiteBlockOpen 
10-29 16:02:21.348   243 21680 D NvOsDebugPrintf: NvMMLiteBlockCreate : Block : BlockType = 261 
10-29 16:02:21.363   243 21683 D NvOsDebugPrintf: TVMR: cbBeginSequence: 655: BeginSequence  2528x1008, bVPR = 0
10-29 16:02:21.364   243 21683 D NvOsDebugPrintf: TVMR: cbBeginSequence: 918: DecodeBuffers = 12 
10-29 16:02:21.372   243 21683 D NvOsDebugPrintf: TVMR: cbBeginSequence: 938: Display Resolution : (2526x1000) 
10-29 16:02:21.372   243 21683 D NvOsDebugPrintf: TVMR: cbBeginSequence: 939: Display Aspect Ratio : (2526x1000) 
10-29 16:02:21.372   243 21683 D NvOsDebugPrintf: TVMR: cbBeginSequence: 1041: SurfaceLayout = 3
10-29 16:02:21.372   243 21683 D NvOsDebugPrintf: TVMR: cbBeginSequence: 1071: NumOfSurfaces = 16, InteraceStream = 0, InterlaceEnabled = 0, bSecure = 0, MVC = 0 Semiplanar = 1, bReinit = 1 
10-29 16:02:21.372   243 21683 D NvOsDebugPrintf: Allocating new output: 2528x1008 (x 18), ThumbnailMode = 0
10-29 16:02:21.378 21291 21679 D SurfaceUtils: set up nativeWindow 0xd047e008 for 2528x1008, color 0x106, rotation 0, usage 0x2b00
10-29 16:02:21.378   243   243 E OMXNodeInstance: setParameter(f3003f:Nvidia.h264.decode, ParamPortDefinition(0x2000001)) ERROR: UnsupportedSetting(0x80001019)
10-29 16:02:21.378 21291 21679 W ACodec  : [OMX.Nvidia.h264.decode] setting nBufferCountActual to 23 failed: -1010
10-29 16:02:21.378   243  7993 E OMXNodeInstance: setParameter(f3003f:Nvidia.h264.decode, ParamPortDefinition(0x2000001)) ERROR: UnsupportedSetting(0x80001019)
10-29 16:02:21.378 21291 21679 W ACodec  : [OMX.Nvidia.h264.decode] setting nBufferCountActual to 22 failed: -1010
10-29 16:02:21.378   243   952 E OMXNodeInstance: setParameter(f3003f:Nvidia.h264.decode, ParamPortDefinition(0x2000001)) ERROR: UnsupportedSetting(0x80001019)
10-29 16:02:21.378 21291 21679 W ACodec  : [OMX.Nvidia.h264.decode] setting nBufferCountActual to 21 failed: -1010
10-29 16:02:24.163 13178 18993 W AdaptiveDiscoveryWorker: Exiting Adaptive Discovery. Current NetworkInfo is NULL.
10-29 16:02:24.538 13178 18993 W DatabaseProcessor: processLocalDevices: failed to get the network info with non-null bssid.
10-29 16:02:25.753   600   609 I art     : Background partial concurrent mark sweep GC freed 101517(5MB) AllocSpace objects, 14(312KB) LOS objects, 33% free, 14MB/21MB, paused 2.780ms total 155.652ms
10-29 16:02:31.317 21621 21621 D MonkeyStub: translateCommand: touch down 614 1561
10-29 16:02:31.327 21621 21621 D MonkeyStub: translateCommand: touch move 614 1561
10-29 16:02:31.438 21621 21621 D MonkeyStub: translateCommand: touch move 614 1436
10-29 16:02:31.547 21621 21621 D MonkeyStub: translateCommand: touch move 614 1311
10-29 16:02:31.665 21621 21621 D MonkeyStub: translateCommand: touch move 614 1186
10-29 16:02:31.776 21621 21621 D MonkeyStub: translateCommand: touch move 614 1061
10-29 16:02:31.882 21621 21621 D MonkeyStub: translateCommand: touch move 614 937
10-29 16:02:31.994 21621 21621 D MonkeyStub: translateCommand: touch move 614 812
10-29 16:02:32.105 21621 21621 D MonkeyStub: translateCommand: touch move 614 687
10-29 16:02:32.220 21621 21621 D MonkeyStub: translateCommand: touch move 614 562
10-29 16:02:32.332 21621 21621 D MonkeyStub: translateCommand: touch move 614 437
10-29 16:02:32.440 21621 21621 D MonkeyStub: translateCommand: touch move 614 312
10-29 16:02:32.445 21621 21621 D MonkeyStub: translateCommand: touch up 614 312
10-29 16:02:36.846 21621 21621 D MonkeyStub: translateCommand: touch down 614 1561
10-29 16:02:36.853 21621 21621 D MonkeyStub: translateCommand: touch move 614 1561
10-29 16:02:36.958 21621 21621 D MonkeyStub: translateCommand: touch move 614 1436
10-29 16:02:37.069 21621 21621 D MonkeyStub: translateCommand: touch move 614 1311
10-29 16:02:37.178 21621 21621 D MonkeyStub: translateCommand: touch move 614 1186
10-29 16:02:37.298 21621 21621 D MonkeyStub: translateCommand: touch move 614 1061
10-29 16:02:37.408 21621 21621 D MonkeyStub: translateCommand: touch move 614 937
10-29 16:02:37.518 21621 21621 D MonkeyStub: translateCommand: touch move 614 812
10-29 16:02:37.629 21621 21621 D MonkeyStub: translateCommand: touch move 614 687
10-29 16:02:37.743 21621 21621 D MonkeyStub: translateCommand: touch move 614 562
10-29 16:02:37.859 21621 21621 D MonkeyStub: translateCommand: touch move 614 437
10-29 16:02:37.967 21621 21621 D MonkeyStub: translateCommand: touch move 614 312
10-29 16:02:37.972 21621 21621 D MonkeyStub: translateCommand: touch up 614 312
10-29 16:02:37.984 21621 21621 D MonkeyStub: Quit requested
10-29 16:02:38.003   600   614 I CwMcuSensor: CwMcuSensor::flush: fd = 238, sensors_id = 0, path = /sys/class/htc_sensorhub/sensor_hub/flush, err = 0
10-29 16:02:38.003 21621 21621 I art     : System.exit called, status: 121
10-29 16:02:38.003 21621 21621 I AndroidRuntime: VM exiting with result code 121.
10-29 16:02:38.040   600   600 E JavaBinder: !!! FAILED BINDER TRANSACTION !!!  (parcel size = 2216)
10-29 16:02:38.053   600   600 E AccessibilityManagerService: Error during sending EventType: TYPE_VIEW_SCROLLED; EventTime: 4206628; PackageName: com.opera.browser; MovementGranularity: 0; Action: 0 [ ClassName: android.webkit.WebView; Text: []; ContentDescription: null; ItemCount: 0; CurrentItemIndex: 0; IsEnabled: true; IsPassword: false; IsChecked: false; IsFullScreen: false; Scrollable: true; BeforeText: null; FromIndex: -1; ToIndex: -1; ScrollX: 0; ScrollY: 2258; MaxScrollX: 0; MaxScrollY: 50691; AddedCount: -1; RemovedCount: -1; ParcelableData: null ]; recordCount: 0 to android.accessibilityservice.IAccessibilityServiceClient$Stub$Proxy@eae60ac
10-29 16:02:38.053   600   600 E AccessibilityManagerService: android.os.DeadObjectException: Transaction failed on small parcel; remote process probably died
10-29 16:02:38.053   600   600 E AccessibilityManagerService: 	at android.os.BinderProxy.transactNative(Native Method)
10-29 16:02:38.053   600   600 E AccessibilityManagerService: 	at android.os.BinderProxy.transact(Binder.java:615)
10-29 16:02:38.053   600   600 E AccessibilityManagerService: 	at android.accessibilityservice.IAccessibilityServiceClient$Stub$Proxy.onAccessibilityEvent(IAccessibilityServiceClient.java:191)
10-29 16:02:38.053   600   600 E AccessibilityManagerService: 	at com.android.server.accessibility.AccessibilityManagerService$Service.notifyAccessibilityEventInternal(AccessibilityManagerService.java:3245)
10-29 16:02:38.053   600   600 E AccessibilityManagerService: 	at com.android.server.accessibility.AccessibilityManagerService$Service.-wrap0(AccessibilityManagerService.java)
10-29 16:02:38.053   600   600 E AccessibilityManagerService: 	at com.android.server.accessibility.AccessibilityManagerService$Service$1.handleMessage(AccessibilityManagerService.java:2260)
