10-29 18:22:14.178  8646  8646 I AndroidRuntime: VM exiting with result code 0, cleanup skipped.
10-29 18:22:14.182  8434  8434 D AndroidRuntime: Calling main entry com.android.commands.am.Am
10-29 18:22:14.193   600  1076 I ActivityManager: Process com.android.chrome:sandboxed_process10 (pid 8610) has died
10-29 18:22:14.193   600  1076 D ActivityManager: cleanUpApplicationRecord -- 8610
10-29 18:22:14.194   600  1076 I ActivityManager: Killing 8698:com.android.chrome:sandboxed_process17/u0a35i135 (adj 0): isolated not needed
10-29 18:22:14.194   600  1076 I ActivityManager: Killing 8720:com.android.chrome:sandboxed_process18/u0a35i136 (adj 0): isolated not needed
10-29 18:22:14.194   600  1076 I ActivityManager: Killing 8672:com.android.chrome:sandboxed_process15/u0a35i133 (adj 0): isolated not needed
10-29 18:22:14.194   600  1076 I ActivityManager: Killing 8687:com.android.chrome:sandboxed_process16/u0a35i134 (adj 0): isolated not needed
10-29 18:22:14.194   600  1076 I ActivityManager: Killing 8659:com.android.chrome:sandboxed_process14/u0a35i132 (adj 0): isolated not needed
10-29 18:22:14.194   600  1076 I ActivityManager: Killing 8620:com.android.chrome:sandboxed_process11/u0a35i129 (adj 0): isolated not needed
10-29 18:22:14.194   600  1076 I ActivityManager: Killing 8646:com.android.chrome:sandboxed_process13/u0a35i131 (adj 0): isolated not needed
10-29 18:22:14.194   600  1076 I ActivityManager: Killing 8638:com.android.chrome:sandboxed_process12/u0a35i130 (adj 0): isolated not needed
10-29 18:22:14.199  8300  8530 I PlayCore: UID: [10035]  PID: [8300] SplitInstallService : Failed to bind to the service.
10-29 18:22:14.199   600 13631 D ActivityManager: cleanUpApplicationRecord -- 8720
10-29 18:22:14.205 11497  2354 I Icing   : Removing corpus key com.android.chrome-omnibox for package com.android.chrome
10-29 18:22:14.206   600   612 I UsageStatsService: Time changed in UsageStats by -2 seconds
10-29 18:22:14.206   600   612 I UsageStatsService: User[0] Flushing usage stats to disk
10-29 18:22:14.209  8300  8300 W chromium: [WARNING:compositor_view.cc(315)] Child process died (type=6) pid=8720)
10-29 18:22:14.209  8300  8300 W chromium: [WARNING:compositor_view.cc(315)] Child process died (type=6) pid=8610)
10-29 18:22:14.229  8300  8300 W chromium: [WARNING:compositor_view.cc(315)] Child process died (type=6) pid=8509)
10-29 18:22:14.231   600 17381 D ActivityManager: cleanUpApplicationRecord -- 8509
10-29 18:22:14.251   600  7064 I ActivityManager: START u0 {act=android.intent.action.VIEW dat=http://geeksforgeeks.org/... flg=0x10000000 cmp=com.android.chrome/com.google.android.apps.chrome.Main} from uid 2000 on display 0
10-29 18:22:14.254   600   611 D ActivityManager: cleanUpApplicationRecord -- 8672
10-29 18:22:14.260   600   707 D ActivityManager: cleanUpApplicationRecord -- 8698
10-29 18:22:14.261   600  6312 D ActivityManager: cleanUpApplicationRecord -- 8687
10-29 18:22:14.264  8434  8434 D AndroidRuntime: Shutting down VM
10-29 18:22:14.305  8300  8300 E cr_IntentUtils: getInt failed on bundle null
10-29 18:22:14.316  8300  8310 I art     : Background sticky concurrent mark sweep GC freed 41537(2MB) AllocSpace objects, 55(1100KB) LOS objects, 17% free, 13MB/16MB, paused 11.260ms total 46.168ms
10-29 18:22:14.340   600  9614 I ActivityManager: Start proc 8797:com.android.chrome:sandboxed_process19/u0i137 for service com.android.chrome/org.chromium.content.app.SandboxedProcessService19
10-29 18:22:14.340   600  3675 D ActivityManager: cleanUpApplicationRecord -- 8646
10-29 18:22:14.360   600 24515 D ActivityManager: cleanUpApplicationRecord -- 8440
10-29 18:22:14.362  8300  8300 W FeedModelProvider: sessionId is null, this should have been set during population
10-29 18:22:14.363  8300  8300 I cr_tabmodel: Appending tabs being restored to metadata lists, 0, startingNormalCount: 2, startingIncognitoCount: 0
10-29 18:22:14.363  8300  8300 I cr_tabmodel: Serializing tab lists; counts: 2, 0
10-29 18:22:14.409  8300  8300 W chromium: [WARNING:compositor_view.cc(315)] Child process died (type=6) pid=8687)
10-29 18:22:14.409  8300  8300 W chromium: [WARNING:compositor_view.cc(315)] Child process died (type=6) pid=8698)
10-29 18:22:14.410  8300  8300 W chromium: [WARNING:compositor_view.cc(315)] Child process died (type=6) pid=8672)
10-29 18:22:14.415  8300  8300 W chromium: [WARNING:compositor_view.cc(315)] Child process died (type=6) pid=8646)
10-29 18:22:14.428   600  2707 D ActivityManager: cleanUpApplicationRecord -- 8500
10-29 18:22:14.444  8797  8797 W boxed_process19: type=1400 audit(0.0:1778): avc: denied { getattr } for path="/data/data/com.android.chrome" dev="dm-2" ino=12190 scontext=u:r:isolated_app:s0:c512,c768 tcontext=u:object_r:app_data_file:s0:c512,c768 tclass=dir permissive=0
10-29 18:22:14.453  8300  8300 W chromium: [WARNING:compositor_view.cc(315)] Child process died (type=6) pid=8440)
10-29 18:22:14.518   600   609 I art     : Background partial concurrent mark sweep GC freed 58521(2MB) AllocSpace objects, 53(1352KB) LOS objects, 33% free, 15MB/23MB, paused 634us total 188.354ms
10-29 18:22:14.538  8797  8797 I cr_ChildProcessService: Creating new ChildProcessService pid=8797
10-29 18:22:14.566   600  1082 D ActivityManager: cleanUpApplicationRecord -- 8486
10-29 18:22:14.572  8300  8300 W chromium: [WARNING:compositor_view.cc(315)] Child process died (type=6) pid=8500)
10-29 18:22:14.589  8300  8300 W chromium: [WARNING:compositor_view.cc(315)] Child process died (type=6) pid=8486)
10-29 18:22:14.595  8797  8812 I cr_LibraryLoader: Loaded native library version number "85.0.4183.127"
10-29 18:22:14.595  8797  8812 I cr_CachingUmaRecorder: Flushed 1 samples from 1 histograms.
10-29 18:22:14.616  8300  8300 W chromium: [WARNING:compositor_view.cc(315)] Child process died (type=6) pid=8620)
10-29 18:22:14.629  8300  8300 W chromium: [WARNING:compositor_view.cc(315)] Child process died (type=6) pid=8659)
10-29 18:22:14.630   600   707 D ActivityManager: cleanUpApplicationRecord -- 8620
10-29 18:22:14.636   600  2707 D ActivityManager: cleanUpApplicationRecord -- 8659
10-29 18:22:14.711   600  1080 D ActivityManager: cleanUpApplicationRecord -- 8638
10-29 18:22:14.716  8300  8300 W chromium: [WARNING:compositor_view.cc(315)] Child process died (type=6) pid=8638)
10-29 18:22:14.919  8300  8300 I FeedRequestManagerImpl: Request: /httpservice/noretry/DiscoverClankService/FeedQuery completed with response code: 200
10-29 18:22:14.919  8300  8300 I TaskQueue:  - task [IMMEDIATE - d: true, b: 2]: 15
10-29 18:22:14.919  8300  8300 I TaskQueue:  - queueTask starting immediate task
10-29 18:22:14.920  8300  8357 I TaskQueue: Execute task [IMMEDIATE - d: true, b: 2]: 15
10-29 18:22:14.987  8300  8310 W art     : Suspending all threads took: 11.576ms
10-29 18:22:15.004  8300  8310 I art     : Background sticky concurrent mark sweep GC freed 9935(492KB) AllocSpace objects, 3(60KB) LOS objects, 2% free, 16MB/16MB, paused 17.112ms total 62.553ms
10-29 18:22:15.017  8300  8357 I MainThreadRunner: Running task [FeedRequestManagerImpl consumer] on the Main Thread
10-29 18:22:15.017  8300  8357 I TaskQueue:  - Finished 15, time 98 ms
10-29 18:22:15.017  8300  8300 I FeedProtocolAdapter: createModel, operations 33
10-29 18:22:15.030  8300  8300 I TimingUtils: Task Timing  12ms, thread ui | task : convertWireProtocol | mutations : 33
10-29 18:22:15.031  8300  8300 I TaskQueue:  - task [HEAD_RESET - d: true, b: 2]: 5
10-29 18:22:15.031  8300  8300 I TaskQueue:  - queueTask starting immediate task
10-29 18:22:15.032  8300  8357 I TaskQueue: Execute task [HEAD_RESET - d: true, b: 2]: 5
10-29 18:22:15.035  8300  8357 I TaskQueue:  - task [BACKGROUND - d: true, b: 2]: 23
10-29 18:22:15.036  8300  8357 W SessionCache: Persisted Sessions were not found
10-29 18:22:15.044  8300  8357 I PersistentFeedStore: commitSessionMutation - Success true, Update Session $HEAD, stream structures 32
10-29 18:22:15.057  8300  8357 I MainThreadRunner: Running task [SchedulerApiWrapper onReceiveNewContent] on the Main Thread
10-29 18:22:15.057  8300  8357 I MainThreadRunner: Running task [FeedKnownContentImpl onNewContentReceived] on the Main Thread
10-29 18:22:15.058  8300  8357 I SessionManagerMutation: Cleared Head, new creation time 10-29 18:22:15.036
10-29 18:22:15.058  8300  8357 I TimingUtils: Task Timing  26ms, thread JardinExecutor | task : sessionMutation.commitTask:updateConsumer | mutations : 33 | userInitiated : false
10-29 18:22:15.058  8300  8357 I TaskQueue: Cancelling starvation checks
10-29 18:22:15.058  8300  8357 I TaskQueue:  - Finished 5, time 27 ms
10-29 18:22:15.059  8300  8357 I TaskQueue: Execute task [USER_FACING - d: false, b: 2]: 24
10-29 18:22:15.064  8300  8357 I TimeoutSessionImpl: TimeoutSession.populateModelProvider, shouldAppend false
10-29 18:22:15.064  8300  8357 I SessionImpl: PopulateModelProvider 32 items
10-29 18:22:15.064  8300  8357 I FeedModelProvider: FeedModelProvider - committer, structure changes 31, update changes 0
10-29 18:22:15.065  8300  8357 I FeedModelProvider: SyntheticTokenTracker: 0, 11, 11, false
10-29 18:22:15.065  8300  8357 I FeedSessionManagerImpl: Caching getStreamFeatures - items 31, cache misses 0, cache size 31
10-29 18:22:15.065  8300  8357 I FeedModelProvider: Moving _session:fc2c6593-6216-40b4-b4fe-6b01517f693b to READY
10-29 18:22:15.065  8300  8357 I MainThreadRunner: Running task [FeedModelProvider onSessionStart] on the Main Thread
10-29 18:22:15.066  8300  8357 I FeedModelProvider: ModelProvider Mutation committed - structure changes 31, childrenToBind 31, removedChildren false, Token false
10-29 18:22:15.069  8300  8357 I FeedSessionManagerImpl: Populate new session: _session:fc2c6593-6216-40b4-b4fe-6b01517f693b, creation time 10-29 18:22:15.064
10-29 18:22:15.070  8300  8357 I TimingUtils: Task Timing  10ms, thread JardinExecutor | task : Create/Populate New Session
10-29 18:22:15.070  8300  8357 I TaskQueue:  - Finished 24, time 11 ms
10-29 18:22:15.070  8300  8357 I TaskQueue: Execute task [BACKGROUND - d: false, b: 1]: 11
10-29 18:22:15.070  8300  8357 I ContentGc: Re-enqueuing triggerContentGc; attempts(0)
10-29 18:22:15.070  8300  8357 I TaskQueue:  - task [BACKGROUND - d: false, b: 1]: 11
10-29 18:22:15.070  8300  8357 I TaskQueue:  - Finished 11, time 1 ms
10-29 18:22:15.070  8300  8357 I TaskQueue: Execute task [BACKGROUND - d: false, b: 1]: 23
10-29 18:22:15.141  8300  8310 I art     : Background partial concurrent mark sweep GC freed 24343(1279KB) AllocSpace objects, 28(2MB) LOS objects, 40% free, 13MB/22MB, paused 591us total 118.941ms
10-29 18:22:15.215  8300  8357 I TimingUtils: Task Timing 144ms, thread JardinExecutor | task : commitContentMutation | mutations : 32
10-29 18:22:15.218  8300  8357 I TimingUtils: Task Timing   3ms, thread JardinExecutor | task : commitSemanticPropertiesMutation | mutations : 0
10-29 18:22:15.218  8300  8357 I TaskQueue:  - Finished 23, time 148 ms
10-29 18:22:15.218  8300  8357 I TaskQueue: Execute task [BACKGROUND - d: false, b: 0]: 11
10-29 18:22:15.220  8300  8357 I SessionCache: Determining accessible content
10-29 18:22:15.232  8300  8357 I TimingUtils: Task Timing  13ms, thread JardinExecutor | task : ContentGc | contentItemsRemoved : 0
10-29 18:22:15.232  8300  8357 I TaskQueue:  - Finished 11, time 14 ms
10-29 18:22:15.414   600   612 I UsageStatsDatabase: Time changed by -2s5ms. files deleted: 0 files moved: 20
10-29 18:22:15.456 11497  2354 I native  : document-store.cc:1654 Scored 1390 usage reports, missing_corpora 719 update_failed 1
10-29 18:22:15.545   600   612 I UsageStatsService: User[0] Rollover scheduled @ 2022-10-29 20:12:50(1667067170185)
10-29 18:22:15.561   600   612 I UsageStatsService: Time changed in UsageStats by 2 seconds
10-29 18:22:15.561   600   612 I UsageStatsService: User[0] Flushing usage stats to disk
10-29 18:22:15.564  8300  8300 I FeedModelProvider: No children found for Cursor
10-29 18:22:15.566 11497  2354 W Icing   : No valid account for uploading user actions
10-29 18:22:15.601 11497 11533 I Icing   : IndexChimeraService.getServiceInterface callingPackage=com.google.android.gms componentName=null serviceId=30
10-29 18:22:15.659  8300  8360 W chromium: [WARNING:spdy_session.cc(3090)] Received RST for invalid stream1
10-29 18:22:15.813   600   612 I UsageStatsDatabase: Time changed by +2s6ms. files deleted: 0 files moved: 20
10-29 18:22:16.047   600   612 I UsageStatsService: User[0] Rollover scheduled @ 2022-10-29 20:12:52(1667067172191)
10-29 18:22:16.566  8300  8357 I cr_omaha: Request to Server Successful. Timestamp for next request:1667064136566
10-29 18:22:16.612  8300  8357 I cr_omaha: Request to Server Successful. Timestamp for next request:1667064136611
10-29 18:22:16.612  8300  8357 I cr_omaha: Attempting to schedule next job for: Sat Oct 29 23:22:16 GMT+02:00 2022
10-29 18:22:16.614  8300  8300 I cr_omaha: Scheduled using JobService
10-29 18:22:16.614  8300  8300 E cr_BkgrdTaskJS: Tried finishing non-current BackgroundTask.
10-29 18:22:16.631 11497  2354 I Icing   : Usage reports ok 2, Failed Usage reports 0, indexed 1, rejected 0
10-29 18:22:16.634 11497  2354 W Icing   : No valid account for uploading user actions
10-29 18:22:16.653 11497  2354 I Icing   : Usage reports ok 0, Failed Usage reports 0, indexed 0, rejected 0
10-29 18:22:16.653 11497  2354 I Icing   : Indexing com.android.chrome-omnibox from com.android.chrome
10-29 18:22:16.730 11497  2354 W Icing   : No valid account for uploading user actions
10-29 18:22:16.743 11497  2354 I Icing   : Usage reports ok 0, Failed Usage reports 0, indexed 0, rejected 0
10-29 18:22:16.767 11497  2354 I Icing   : Indexing done com.android.chrome-omnibox
10-29 18:22:16.887   787   806 W Icing   : isOptedInForAppHistory: empty Account Name encountered
10-29 18:22:16.896   787   806 W Icing   : isOptedInForAppHistory: empty Account Name encountered
10-29 18:22:16.905   787  5920 W Icing   : isOptedInForAppHistory: empty Account Name encountered
10-29 18:22:17.288  8300  8357 W InstanceID: Instance ID SDK is deprecated, com.android.chrome should update to use Firebase Instance ID
10-29 18:22:17.448  8300  8300 E cr_BTSPrefs: No data found for task id: 53
10-29 18:22:17.448  8300  8300 E cr_BkgrdTaskScheduler: Task cannot be canceled because no data was found instorage or data was invalid
10-29 18:22:17.464  8300  8300 I cr_tabmodel: Appending tabs being restored to metadata lists, 0, startingNormalCount: 2, startingIncognitoCount: 0
10-29 18:22:17.464  8300  8300 I cr_tabmodel: Serializing tab lists; counts: 2, 0
10-29 18:22:18.414   787  1714 W Icing   : isOptedInForAppHistory: empty Account Name encountered
10-29 18:22:18.432   787  1714 W Icing   : isOptedInForAppHistory: empty Account Name encountered
10-29 18:22:19.223   787  7122 W Icing   : isOptedInForAppHistory: empty Account Name encountered
10-29 18:22:19.319 11497  2354 I Icing   : Indexing com.android.chrome-internal.3p:WebPage from com.android.chrome
10-29 18:22:19.320 11497  2354 E SQLiteLog: (1) no such table: WebPage_com.android.chrome_seq_table
10-29 18:22:19.327 11497  2354 E Icing   : Cursor call threw an exception: no such table: WebPage_com.android.chrome_seq_table (code 1): , while compiling: SELECT * FROM [WebPage_com.android.chrome_seq_table] WHERE seqno>0 AND tag IS NULL ORDER BY seqno LIMIT 20
10-29 18:22:19.327 11497  2354 I Icing   : Indexing done com.android.chrome-internal.3p:WebPage
10-29 18:22:19.327 11497  2354 E Icing   : Aborting indexing of corpus internal.3p:WebPage
10-29 18:22:19.329 11497  2354 I Icing   : Indexing com.android.chrome-internal.3p:WebPage from com.android.chrome using seqno 0
10-29 18:22:21.758  8300  8300 E cr_BTSPrefs: No data found for task id: 57
10-29 18:22:21.759  8300  8300 E cr_BkgrdTaskScheduler: Task cannot be canceled because no data was found instorage or data was invalid
10-29 18:22:21.759  8300  8300 E cr_BTSPrefs: No data found for task id: 56
10-29 18:22:21.759  8300  8300 E cr_BkgrdTaskScheduler: Task cannot be canceled because no data was found instorage or data was invalid
10-29 18:22:27.789  8846  8846 D AndroidRuntime: >>>>>> START com.android.internal.os.RuntimeInit uid 2000 <<<<<<
10-29 18:22:27.792  8846  8846 D AndroidRuntime: CheckJNI is OFF
10-29 18:22:27.863  8846  8846 D ICU     : No timezone override file found: /data/misc/zoneinfo/current/icu/icu_tzdata.dat
10-29 18:22:27.899  8846  8846 I Radio-JNI: register_android_hardware_Radio DONE
10-29 18:22:27.916  8846  8846 D AndroidRuntime: Calling main entry com.android.commands.monkey.Monkey
10-29 18:22:27.991   600   613 W BroadcastQueue: Skipping deliver [background] BroadcastRecord{11f3cc3 u-1 android.net.conn.CONNECTIVITY_CHANGE} to ReceiverList{a27940 8846 (unknown name)/2000/u-1 remote:44d997d}: process crashing
10-29 18:22:29.405  8846  8846 D MonkeyStub: translateCommand: wake
10-29 18:22:29.536  8846  8846 D MonkeyStub: translateCommand: touch down 614 1561
10-29 18:22:29.574  8846  8846 D MonkeyStub: translateCommand: touch move 614 1561
10-29 18:22:29.686  8846  8846 D MonkeyStub: translateCommand: touch move 614 1436
10-29 18:22:29.796  8846  8846 D MonkeyStub: translateCommand: touch move 614 1311
10-29 18:22:29.904  8846  8846 D MonkeyStub: translateCommand: touch move 614 1186
10-29 18:22:30.011  8846  8846 D MonkeyStub: translateCommand: touch move 614 1061
10-29 18:22:30.123  8846  8846 D MonkeyStub: translateCommand: touch move 614 937
10-29 18:22:30.232  8846  8846 D MonkeyStub: translateCommand: touch move 614 812
10-29 18:22:30.354  8846  8846 D MonkeyStub: translateCommand: touch move 614 687
10-29 18:22:30.467  8846  8846 D MonkeyStub: translateCommand: touch move 614 562
10-29 18:22:30.575  8846  8846 D MonkeyStub: translateCommand: touch move 614 437
10-29 18:22:30.687  8846  8846 D MonkeyStub: translateCommand: touch move 614 312
10-29 18:22:30.696  8846  8846 D MonkeyStub: translateCommand: touch up 614 312
10-29 18:22:30.719  8846  8846 D MonkeyStub: translateCommand: touch down 614 1561
10-29 18:22:30.726  8846  8846 D MonkeyStub: translateCommand: touch move 614 1561
10-29 18:22:30.841  8846  8846 D MonkeyStub: translateCommand: touch move 614 1436
10-29 18:22:30.951  8846  8846 D MonkeyStub: translateCommand: touch move 614 1311
10-29 18:22:31.072  8846  8846 D MonkeyStub: translateCommand: touch move 614 1186
10-29 18:22:31.176  8846  8846 D MonkeyStub: translateCommand: touch move 614 1061
10-29 18:22:31.283  8846  8846 D MonkeyStub: translateCommand: touch move 614 937
10-29 18:22:31.392  8846  8846 D MonkeyStub: translateCommand: touch move 614 812
10-29 18:22:31.502  8846  8846 D MonkeyStub: translateCommand: touch move 614 687
10-29 18:22:31.518   600   616 E BatteryStatsService: no controller energy info supplied
10-29 18:22:31.519   796   796 E PhoneInterfaceManager: [PhoneIntfMgr] queryModemActivityInfo: Empty response
10-29 18:22:31.530   600   616 E BatteryStatsService: modem info is invalid: ModemActivityInfo{ mTimestamp=0 mSleepTimeMs=0 mIdleTimeMs=0 mTxTimeMs[]=[0, 0, 0, 0, 0] mRxTimeMs=0 mEnergyUsed=0}
10-29 18:22:31.615  8846  8846 D MonkeyStub: translateCommand: touch move 614 562
10-29 18:22:31.724  8846  8846 D MonkeyStub: translateCommand: touch move 614 437
10-29 18:22:31.835  8846  8846 D MonkeyStub: translateCommand: touch move 614 312
10-29 18:22:31.840  8846  8846 D MonkeyStub: translateCommand: touch up 614 312
10-29 18:22:36.020  8846  8846 D MonkeyStub: translateCommand: tap 139 85
10-29 18:22:36.324   787  1258 E AsyncOperation: serviceID=121, operation=GetLaunchDataOperation [CONTEXT service_id=259 ]
10-29 18:22:36.324   787  1258 E AsyncOperation: OperationException[Status{statusCode=Not an instant app, resolution=null}]
10-29 18:22:36.324   787  1258 E AsyncOperation: 	at aeay.a(:com.google.android.gms@203915020@20.39.15 (040406-335085812):20)
10-29 18:22:36.324   787  1258 E AsyncOperation: 	at aain.run(:com.google.android.gms@203915020@20.39.15 (040406-335085812):7)
10-29 18:22:36.324   787  1258 E AsyncOperation: 	at boex.run(:com.google.android.gms@203915020@20.39.15 (040406-335085812):2)
10-29 18:22:36.324   787  1258 E AsyncOperation: 	at sup.b(:com.google.android.gms@203915020@20.39.15 (040406-335085812):12)
10-29 18:22:36.324   787  1258 E AsyncOperation: 	at sup.run(:com.google.android.gms@203915020@20.39.15 (040406-335085812):7)
10-29 18:22:36.324   787  1258 E AsyncOperation: 	at java.util.concurrent.ThreadPoolExecutor.runWorker(ThreadPoolExecutor.java:1133)
10-29 18:22:36.324   787  1258 E AsyncOperation: 	at java.util.concurrent.ThreadPoolExecutor$Worker.run(ThreadPoolExecutor.java:607)
10-29 18:22:36.324   787  1258 E AsyncOperation: 	at tam.run(:com.google.android.gms@203915020@20.39.15 (040406-335085812):0)
10-29 18:22:36.324   787  1258 E AsyncOperation: 	at java.lang.Thread.run(Thread.java:761)
10-29 18:22:38.134   787  1716 W Icing   : isOptedInForAppHistory: empty Account Name encountered
10-29 18:22:38.163   787  1716 W Icing   : isOptedInForAppHistory: empty Account Name encountered
10-29 18:22:38.178   787  5662 W Icing   : isOptedInForAppHistory: empty Account Name encountered
10-29 18:22:40.160  8300  8300 I cr_tabmodel: Appending tabs being restored to metadata lists, 0, startingNormalCount: 2, startingIncognitoCount: 0
10-29 18:22:40.160  8300  8300 I cr_tabmodel: Serializing tab lists; counts: 2, 0
10-29 18:22:40.289   787  1620 W Icing   : isOptedInForAppHistory: empty Account Name encountered
10-29 18:22:40.302   787  1620 W Icing   : isOptedInForAppHistory: empty Account Name encountered
10-29 18:22:40.423  8300  8310 I art     : Background sticky concurrent mark sweep GC freed 125512(6MB) AllocSpace objects, 37(1236KB) LOS objects, 33% free, 14MB/22MB, paused 5.142ms total 102.611ms
10-29 18:22:40.429   787  7122 W Icing   : isOptedInForAppHistory: empty Account Name encountered
10-29 18:22:44.077  8846  8846 D MonkeyStub: translateCommand: tap 993 1514
10-29 18:22:44.838 11497 11533 I Icing   : IndexChimeraService.getServiceInterface callingPackage=com.android.chrome componentName=null serviceId=36
10-29 18:22:44.848 11497 20167 W Icing   : No valid account for uploading user actions
10-29 18:22:44.883 11497 11547 I Icing   : IndexChimeraService.getServiceInterface callingPackage=com.google.android.gms componentName=null serviceId=30
10-29 18:22:44.937 11497 20167 I Icing   : Usage reports ok 4, Failed Usage reports 0, indexed 4, rejected 0
10-29 18:22:44.939 11497 20167 W Icing   : No valid account for uploading user actions
10-29 18:22:44.947 11497 20167 I Icing   : Usage reports ok 0, Failed Usage reports 0, indexed 0, rejected 0
10-29 18:22:44.948 11497 20167 I Icing   : Indexing com.android.chrome-internal.3p:WebPage from com.android.chrome using seqno 0
10-29 18:22:44.959 11497 20167 I Icing   : Indexing com.android.chrome-omnibox from com.android.chrome
10-29 18:22:44.981 11497 20167 I Icing   : Indexing done com.android.chrome-omnibox
10-29 18:22:45.991   787   806 W Icing   : isOptedInForAppHistory: empty Account Name encountered
10-29 18:22:46.029   787  7122 W Icing   : isOptedInForAppHistory: empty Account Name encountered
10-29 18:22:48.309  8846  8846 D MonkeyStub: translateCommand: tap 1291 1873
10-29 18:22:50.383  8846  8846 D MonkeyStub: translateCommand: touch down 614 1561
10-29 18:22:50.393  8846  8846 D MonkeyStub: translateCommand: touch move 614 1561
10-29 18:22:50.500  8846  8846 D MonkeyStub: translateCommand: touch move 614 1436
10-29 18:22:50.609  8846  8846 D MonkeyStub: translateCommand: touch move 614 1311
10-29 18:22:50.728  8846  8846 D MonkeyStub: translateCommand: touch move 614 1186
10-29 18:22:50.837  8846  8846 D MonkeyStub: translateCommand: touch move 614 1061
10-29 18:22:50.959  8846  8846 D MonkeyStub: translateCommand: touch move 614 937
10-29 18:22:51.071  8846  8846 D MonkeyStub: translateCommand: touch move 614 812
10-29 18:22:51.181  8846  8846 D MonkeyStub: translateCommand: touch move 614 687
10-29 18:22:51.291  8846  8846 D MonkeyStub: translateCommand: touch move 614 562
10-29 18:22:51.404  8846  8846 D MonkeyStub: translateCommand: touch move 614 437
10-29 18:22:51.515  8846  8846 D MonkeyStub: translateCommand: touch move 614 312
10-29 18:22:51.523  8846  8846 D MonkeyStub: translateCommand: touch up 614 312
10-29 18:22:51.548  8846  8846 D MonkeyStub: translateCommand: touch down 614 1561
10-29 18:22:51.552  8846  8846 D MonkeyStub: translateCommand: touch move 614 1561
10-29 18:22:51.661  8846  8846 D MonkeyStub: translateCommand: touch move 614 1436
10-29 18:22:51.775  8846  8846 D MonkeyStub: translateCommand: touch move 614 1311
10-29 18:22:51.884  8846  8846 D MonkeyStub: translateCommand: touch move 614 1186
10-29 18:22:51.997  8846  8846 D MonkeyStub: translateCommand: touch move 614 1061
10-29 18:22:52.106  8846  8846 D MonkeyStub: translateCommand: touch move 614 937
10-29 18:22:52.214  8846  8846 D MonkeyStub: translateCommand: touch move 614 812
10-29 18:22:52.326  8846  8846 D MonkeyStub: translateCommand: touch move 614 687
10-29 18:22:52.432  8846  8846 D MonkeyStub: translateCommand: touch move 614 562
10-29 18:22:52.541  8846  8846 D MonkeyStub: translateCommand: touch move 614 437
10-29 18:22:52.649  8846  8846 D MonkeyStub: translateCommand: touch move 614 312
10-29 18:22:52.673  8846  8846 D MonkeyStub: translateCommand: touch up 614 312
10-29 18:22:52.701   600  1081 I ActivityManager: Start proc 8895:com.android.chrome:sandboxed_process20/u0i138 for service com.android.chrome/org.chromium.content.app.SandboxedProcessService20
10-29 18:22:52.757  8895  8895 W boxed_process20: type=1400 audit(0.0:1779): avc: denied { getattr } for path="/data/data/com.android.chrome" dev="dm-2" ino=12190 scontext=u:r:isolated_app:s0:c512,c768 tcontext=u:object_r:app_data_file:s0:c512,c768 tclass=dir permissive=0
10-29 18:22:52.781  8895  8895 I cr_ChildProcessService: Creating new ChildProcessService pid=8895
10-29 18:22:52.834  8895  8908 I cr_LibraryLoader: Loaded native library version number "85.0.4183.127"
10-29 18:22:52.835  8895  8908 I cr_CachingUmaRecorder: Flushed 1 samples from 1 histograms.
10-29 18:22:52.857  8908  8908 W CrUtilityMain: type=1400 audit(0.0:1780): avc: denied { setattr } for name="LICENSE.txt" dev="dm-2" ino=23353 scontext=u:r:isolated_app:s0:c512,c768 tcontext=u:object_r:app_data_file:s0:c512,c768 tclass=file permissive=0
10-29 18:22:52.861  8908  8908 W CrUtilityMain: type=1400 audit(0.0:1781): avc: denied { setattr } for name=46696C746572696E672052756C6573 dev="dm-2" ino=23633 scontext=u:r:isolated_app:s0:c512,c768 tcontext=u:object_r:app_data_file:s0:c512,c768 tclass=file permissive=0
10-29 18:22:52.861  8908  8908 W CrUtilityMain: type=1400 audit(0.0:1782): avc: denied { setattr } for name="manifest.json" dev="dm-2" ino=22764 scontext=u:r:isolated_app:s0:c512,c768 tcontext=u:object_r:app_data_file:s0:c512,c768 tclass=file permissive=0
10-29 18:22:52.864  8908  8908 W CrUtilityMain: type=1400 audit(0.0:1783): avc: denied { setattr } for name="verified_contents.json" dev="dm-2" ino=50731 scontext=u:r:isolated_app:s0:c512,c768 tcontext=u:object_r:app_data_file:s0:c512,c768 tclass=file permissive=0
10-29 18:22:52.879  8895  8895 I cr_ChildProcessService: Destroying ChildProcessService pid=8895
10-29 18:22:52.879  8895  8908 I chromium: [INFO:child_process_service.cc(69)] ChildProcessService: Exiting child process.
10-29 18:22:52.902   600 17381 I ActivityManager: Process com.android.chrome:sandboxed_process20 (pid 8895) has died
10-29 18:22:52.902   600 17381 D ActivityManager: cleanUpApplicationRecord -- 8895
10-29 18:22:52.923  8300  8300 W chromium: [WARNING:compositor_view.cc(315)] Child process died (type=6) pid=8895)
10-29 18:22:53.635   198   198 E SELinux : avc:  denied  { find } for service=netd pid=8916 uid=2000 scontext=u:r:shell:s0 tcontext=u:object_r:netd_service:s0 tclass=service_manager permissive=0
10-29 18:22:53.639   198   198 E SELinux : avc:  denied  { find } for service=android.service.gatekeeper.IGateKeeperService pid=8916 uid=2000 scontext=u:r:shell:s0 tcontext=u:object_r:gatekeeper_service:s0 tclass=service_manager permissive=0
10-29 18:22:53.742   600   707 I ActivityManager: Start proc 8917:com.android.chrome:sandboxed_process21/u0i139 for service com.android.chrome/org.chromium.content.app.SandboxedProcessService21
10-29 18:22:53.771  8917  8917 W boxed_process21: type=1400 audit(0.0:1784): avc: denied { getattr } for path="/data/data/com.android.chrome" dev="dm-2" ino=12190 scontext=u:r:isolated_app:s0:c512,c768 tcontext=u:object_r:app_data_file:s0:c512,c768 tclass=dir permissive=0
10-29 18:22:53.791  8917  8917 I cr_ChildProcessService: Creating new ChildProcessService pid=8917
10-29 18:22:53.829  8917  8930 I cr_LibraryLoader: Loaded native library version number "85.0.4183.127"
10-29 18:22:53.830  8917  8930 I cr_CachingUmaRecorder: Flushed 1 samples from 1 histograms.
10-29 18:22:53.861  8930  8930 W CrUtilityMain: type=1400 audit(0.0:1785): avc: denied { setattr } for name="tl_en-us_2022-10-17_483521407_100000_index.bin" dev="dm-2" ino=58672 scontext=u:r:isolated_app:s0:c512,c768 tcontext=u:object_r:app_data_file:s0:c512,c768 tclass=file permissive=0
10-29 18:22:53.864  8930  8930 W CrUtilityMain: type=1400 audit(0.0:1786): avc: denied { setattr } for name="manifest.json" dev="dm-2" ino=59337 scontext=u:r:isolated_app:s0:c512,c768 tcontext=u:object_r:app_data_file:s0:c512,c768 tclass=file permissive=0
10-29 18:22:53.864  8930  8930 W CrUtilityMain: type=1400 audit(0.0:1787): avc: denied { setattr } for name="verified_contents.json" dev="dm-2" ino=59270 scontext=u:r:isolated_app:s0:c512,c768 tcontext=u:object_r:app_data_file:s0:c512,c768 tclass=file permissive=0
10-29 18:22:53.875  8917  8930 I chromium: [INFO:child_process_service.cc(69)] ChildProcessService: Exiting child process.
10-29 18:22:53.878   197   197 E lowmemorykiller: Error writing /proc/8917/oom_score_adj; errno=22
10-29 18:22:53.899   600   707 I ActivityManager: Process com.android.chrome:sandboxed_process21 (pid 8917) has died
10-29 18:22:53.900   600   707 D ActivityManager: cleanUpApplicationRecord -- 8917
10-29 18:22:53.901  8300  8300 W chromium: [WARNING:compositor_view.cc(315)] Child process died (type=6) pid=8917)
10-29 18:22:54.957   600   610 I ActivityManager: Start proc 8934:com.android.chrome:sandboxed_process22/u0i140 for service com.android.chrome/org.chromium.content.app.SandboxedProcessService22
10-29 18:22:55.024  8934  8934 W boxed_process22: type=1400 audit(0.0:1788): avc: denied { getattr } for path="/data/data/com.android.chrome" dev="dm-2" ino=12190 scontext=u:r:isolated_app:s0:c512,c768 tcontext=u:object_r:app_data_file:s0:c512,c768 tclass=dir permissive=0
10-29 18:22:55.051  8934  8934 I cr_ChildProcessService: Creating new ChildProcessService pid=8934
10-29 18:22:55.111  8934  8947 I cr_LibraryLoader: Loaded native library version number "85.0.4183.127"
10-29 18:22:55.112  8934  8947 I cr_CachingUmaRecorder: Flushed 1 samples from 1 histograms.
10-29 18:22:55.131  8947  8947 W CrUtilityMain: type=1400 audit(0.0:1789): avc: denied { setattr } for name="optimization-hints.pb" dev="dm-2" ino=58973 scontext=u:r:isolated_app:s0:c512,c768 tcontext=u:object_r:app_data_file:s0:c512,c768 tclass=file permissive=0
10-29 18:22:55.134  8947  8947 W CrUtilityMain: type=1400 audit(0.0:1790): avc: denied { setattr } for name="manifest.json" dev="dm-2" ino=59389 scontext=u:r:isolated_app:s0:c512,c768 tcontext=u:object_r:app_data_file:s0:c512,c768 tclass=file permissive=0
10-29 18:22:55.137  8947  8947 W CrUtilityMain: type=1400 audit(0.0:1791): avc: denied { setattr } for name="verified_contents.json" dev="dm-2" ino=59457 scontext=u:r:isolated_app:s0:c512,c768 tcontext=u:object_r:app_data_file:s0:c512,c768 tclass=file permissive=0
10-29 18:22:55.146  8934  8947 I chromium: [INFO:child_process_service.cc(69)] ChildProcessService: Exiting child process.
10-29 18:22:55.150   197   197 E lowmemorykiller: Error writing /proc/8934/oom_score_adj; errno=22
10-29 18:22:55.167  8300  8300 W chromium: [WARNING:compositor_view.cc(315)] Child process died (type=6) pid=8934)
10-29 18:22:55.167   600   610 I ActivityManager: Process com.android.chrome:sandboxed_process22 (pid 8934) has died
10-29 18:22:55.167   600   610 D ActivityManager: cleanUpApplicationRecord -- 8934
10-29 18:22:56.535   600  2707 I ActivityManager: Start proc 8951:com.android.chrome:sandboxed_process23/u0i141 for service com.android.chrome/org.chromium.content.app.SandboxedProcessService23
10-29 18:22:56.577  8951  8951 W boxed_process23: type=1400 audit(0.0:1792): avc: denied { getattr } for path="/data/data/com.android.chrome" dev="dm-2" ino=12190 scontext=u:r:isolated_app:s0:c512,c768 tcontext=u:object_r:app_data_file:s0:c512,c768 tclass=dir permissive=0
10-29 18:22:56.612  8951  8951 I cr_ChildProcessService: Creating new ChildProcessService pid=8951
10-29 18:22:56.665  8951  8964 I cr_LibraryLoader: Loaded native library version number "85.0.4183.127"
10-29 18:22:56.666  8951  8964 I cr_CachingUmaRecorder: Flushed 1 samples from 1 histograms.
10-29 18:22:56.675   787  7381 I NetworkScheduler.Stats: Task com.google.android.gms/com.google.android.gms.icing.service.IcingGcmTaskService started execution. cause:4 exec_start_elapsed_seconds: 12625 [CONTEXT service_id=218 ]
10-29 18:22:56.684  8964  8964 W CrUtilityMain: type=1400 audit(0.0:1793): avc: denied { setattr } for name="crl-set" dev="dm-2" ino=60177 scontext=u:r:isolated_app:s0:c512,c768 tcontext=u:object_r:app_data_file:s0:c512,c768 tclass=file permissive=0
10-29 18:22:56.687  8964  8964 W CrUtilityMain: type=1400 audit(0.0:1794): avc: denied { setattr } for name="manifest.json" dev="dm-2" ino=59969 scontext=u:r:isolated_app:s0:c512,c768 tcontext=u:object_r:app_data_file:s0:c512,c768 tclass=file permissive=0
10-29 18:22:56.687  8964  8964 W CrUtilityMain: type=1400 audit(0.0:1795): avc: denied { setattr } for name="LICENSE" dev="dm-2" ino=24202 scontext=u:r:isolated_app:s0:c512,c768 tcontext=u:object_r:app_data_file:s0:c512,c768 tclass=file permissive=0
10-29 18:22:56.687  8964  8964 W CrUtilityMain: type=1400 audit(0.0:1796): avc: denied { setattr } for name="verified_contents.json" dev="dm-2" ino=58818 scontext=u:r:isolated_app:s0:c512,c768 tcontext=u:object_r:app_data_file:s0:c512,c768 tclass=file permissive=0
10-29 18:22:56.693  8951  8964 I chromium: [INFO:child_process_service.cc(69)] ChildProcessService: Exiting child process.
10-29 18:22:56.701   197   197 E lowmemorykiller: Error writing /proc/8951/oom_score_adj; errno=22
10-29 18:22:56.701   600  9614 E JavaBinder: !!! FAILED BINDER TRANSACTION !!!  (parcel size = 76)
10-29 18:22:56.701   600  9614 E JavaBinder: !!! FAILED BINDER TRANSACTION !!!  (parcel size = 576)
10-29 18:22:56.701   600  9614 W ActivityManager: Exception when unbinding service com.android.chrome/org.chromium.content.app.SandboxedProcessService23
10-29 18:22:56.701   600  9614 W ActivityManager: android.os.DeadObjectException: Transaction failed on small parcel; remote process probably died
10-29 18:22:56.701   600  9614 W ActivityManager: 	at android.os.BinderProxy.transactNative(Native Method)
10-29 18:22:56.701   600  9614 W ActivityManager: 	at android.os.BinderProxy.transact(Binder.java:615)
10-29 18:22:56.701   600  9614 W ActivityManager: 	at android.app.ApplicationThreadProxy.scheduleUnbindService(ApplicationThreadNative.java:1016)
10-29 18:22:56.701   600  9614 W ActivityManager: 	at com.android.server.am.ActiveServices.removeConnectionLocked(ActiveServices.java:2175)
10-29 18:22:56.701   600  9614 W ActivityManager: 	at com.android.server.am.ActiveServices.unbindServiceLocked(ActiveServices.java:1163)
10-29 18:22:56.701   600  9614 W ActivityManager: 	at com.android.server.am.ActivityManagerService.unbindService(ActivityManagerService.java:17309)
10-29 18:22:56.701   600  9614 W ActivityManager: 	at android.app.ActivityManagerNative.onTransact(ActivityManagerNative.java:1145)
10-29 18:22:56.701   600  9614 W ActivityManager: 	at com.android.server.am.ActivityManagerService.onTransact(ActivityManagerService.java:2795)
10-29 18:22:56.701   600  9614 W ActivityManager: 	at android.os.Binder.execTransact(Binder.java:565)
10-29 18:22:56.702   600  9614 E JavaBinder: !!! FAILED BINDER TRANSACTION !!!  (parcel size = 76)
10-29 18:22:56.702   197   197 E lowmemorykiller: Error writing /proc/8951/oom_score_adj; errno=22
10-29 18:22:56.707   600  9614 E JavaBinder: !!! FAILED BINDER TRANSACTION !!!  (parcel size = 76)
10-29 18:22:56.712  8300  8300 W chromium: [WARNING:compositor_view.cc(315)] Child process died (type=6) pid=8951)
10-29 18:22:56.713   600   611 I ActivityManager: Process com.android.chrome:sandboxed_process23 (pid 8951) has died
10-29 18:22:56.713   600   611 D ActivityManager: cleanUpApplicationRecord -- 8951
10-29 18:22:56.728   787  7122 I NetworkScheduler.Stats: Task com.google.android.gms/com.google.android.gms.icing.service.IcingGcmTaskService finished executing. cause:4 result: 1 elapsed_millis: 98 uptime_millis: 98 exec_start_elapsed_seconds: 12625 [CONTEXT service_id=218 ]
10-29 18:22:56.758   787  7381 I NetworkScheduler.Stats: Task com.google.android.gms/com.google.android.gms.clearcut.uploader.QosUploaderService started execution. cause:5 exec_start_elapsed_seconds: 12625 [CONTEXT service_id=218 ]
10-29 18:22:56.766   787  5920 I NetworkScheduler.Stats: Task com.google.android.gms/com.google.android.gms.clearcut.uploader.QosUploaderService started execution. cause:5 exec_start_elapsed_seconds: 12625 [CONTEXT service_id=218 ]
10-29 18:22:57.702  8846  8846 D MonkeyStub: translateCommand: touch down 614 312
10-29 18:22:57.707  8846  8846 D MonkeyStub: translateCommand: touch move 614 312
10-29 18:22:57.811  8846  8846 D MonkeyStub: translateCommand: touch move 614 437
10-29 18:22:57.903   787  5662 I NetworkScheduler.Stats: Task com.google.android.gms/com.google.android.gms.clearcut.uploader.QosUploaderService finished executing. cause:5 result: 1 elapsed_millis: 1161 uptime_millis: 1161 exec_start_elapsed_seconds: 12625 [CONTEXT service_id=218 ]
10-29 18:22:57.919  8846  8846 D MonkeyStub: translateCommand: touch move 614 562
10-29 18:22:58.032  8846  8846 D MonkeyStub: translateCommand: touch move 614 687
10-29 18:22:58.063   787  5920 I NetworkScheduler.Stats: Task com.google.android.gms/com.google.android.gms.chimera.container.ConfigService started execution. cause:5 exec_start_elapsed_seconds: 12626 [CONTEXT service_id=218 ]
10-29 18:22:58.077   787  5920 I NetworkScheduler.Stats: Task com.google.android.gms/com.google.android.gms.clearcut.uploader.QosUploaderService finished executing. cause:5 result: 1 elapsed_millis: 1309 uptime_millis: 1309 exec_start_elapsed_seconds: 12625 [CONTEXT service_id=218 ]
10-29 18:22:58.142  8846  8846 D MonkeyStub: translateCommand: touch move 614 812
10-29 18:22:58.177   787  5920 I NetworkScheduler.Stats: Task com.google.android.gms/com.google.android.gms.checkin.EventLogService started execution. cause:5 exec_start_elapsed_seconds: 12626 [CONTEXT service_id=218 ]
10-29 18:22:58.192 11497 18526 I Checkin : [EventLogChimeraService] Opted in for usage reporting: false
10-29 18:22:58.192 11497 18526 I Checkin : [EventLogChimeraService] Aggregate from 1667058793482 (log), 1667058793482 (data)
10-29 18:22:58.205 11497  2354 I ChimeraConfigurator: Starting update, reason: 2 urgentFeatures: 
10-29 18:22:58.249  8846  8846 D MonkeyStub: translateCommand: touch move 614 937
10-29 18:22:58.317   600 24515 I ActivityManager: Start proc 8974:com.android.chrome:sandboxed_process24/u0i142 for service com.android.chrome/org.chromium.content.app.SandboxedProcessService24
10-29 18:22:58.364  8846  8846 D MonkeyStub: translateCommand: touch move 614 1061
10-29 18:22:58.377  8974  8974 W boxed_process24: type=1400 audit(0.0:1797): avc: denied { getattr } for path="/data/data/com.android.chrome" dev="dm-2" ino=12190 scontext=u:r:isolated_app:s0:c512,c768 tcontext=u:object_r:app_data_file:s0:c512,c768 tclass=dir permissive=0
10-29 18:22:58.393 11497 18526 I Checkin : [ServiceDumpSys] dumping service [account]
10-29 18:22:58.407  8974  8974 I cr_ChildProcessService: Creating new ChildProcessService pid=8974
10-29 18:22:58.445   787  7381 I NetworkScheduler.Stats: Task com.google.android.gms/com.google.android.gms.checkin.EventLogService finished executing. cause:5 result: 1 elapsed_millis: 299 uptime_millis: 299 exec_start_elapsed_seconds: 12626 [CONTEXT service_id=218 ]
10-29 18:22:58.465  8974  8987 I cr_LibraryLoader: Loaded native library version number "85.0.4183.127"
10-29 18:22:58.465  8974  8987 I cr_CachingUmaRecorder: Flushed 1 samples from 1 histograms.
10-29 18:22:58.478  8846  8846 D MonkeyStub: translateCommand: touch move 614 1186
10-29 18:22:58.484  8987  8987 W CrUtilityMain: type=1400 audit(0.0:1798): avc: denied { setattr } for name="manifest.json" dev="dm-2" ino=58813 scontext=u:r:isolated_app:s0:c512,c768 tcontext=u:object_r:app_data_file:s0:c512,c768 tclass=file permissive=0
10-29 18:22:58.487  8987  8987 W CrUtilityMain: type=1400 audit(0.0:1799): avc: denied { setattr } for name="verified_contents.json" dev="dm-2" ino=59189 scontext=u:r:isolated_app:s0:c512,c768 tcontext=u:object_r:app_data_file:s0:c512,c768 tclass=file permissive=0
10-29 18:22:58.500  8974  8974 I cr_ChildProcessService: Destroying ChildProcessService pid=8974
10-29 18:22:58.509  8974  8987 I chromium: [INFO:child_process_service.cc(69)] ChildProcessService: Exiting child process.
10-29 18:22:58.526   600  6312 I ActivityManager: Process com.android.chrome:sandboxed_process24 (pid 8974) has died
10-29 18:22:58.527   600  6312 D ActivityManager: cleanUpApplicationRecord -- 8974
10-29 18:22:58.534  8300  8333 I cr_BindingManager: onTrimMemory: level=10, size=1
10-29 18:22:58.534  8300  8333 I cr_BindingManager: Reduce connections from 1 to 0
10-29 18:22:58.538  8300  8300 W chromium: [WARNING:compositor_view.cc(315)] Child process died (type=6) pid=8974)
10-29 18:22:58.584  8846  8846 D MonkeyStub: translateCommand: touch move 614 1311
10-29 18:22:58.697  8846  8846 D MonkeyStub: translateCommand: touch move 614 1436
10-29 18:22:58.716 11497  2354 I ChmraDebugLogger: [50] vision_barcode:2211804045000400+vision.barcode,vision_ocr:2236109015000400+vision.ocr|2
10-29 18:22:58.752 11497  2354 I GmsModuleFndr: Beginning GMS chimera module scan
10-29 18:22:58.765 11497  2354 I ModuleSetMgr: Computing pending module set with APKs: [[AdsFdrDynamite.integ:203404601000006], [AdsFdrDynamite.integ:22060000006], [Fastpair.optional:203915040006], [Nearby.integ:203704005020400], [Pay.optional:203915020000], [Payments.integ:203402508000406], [Payments.integ:203990904000406], [PaymentsDynamite.integ:203402508000406], [PaymentsDynamite.integ:203990904000406], [VisionBarcode.optional:203915000400], [VisionFace.optional:203915000400], [VisionOcr.optional:203915000400], [AdsFdrDynamite.integ:21880000006], [Cronetdynamite:203915040406], [Dynamiteloader:203915040006], [Dynamitemodulesa:203915040006], [Dynamitemodulesc:203915040006], [Googlecertificates:203915040006], [Mapsdynamite:203915040006], [Measurementdynamite:203915040006]]
10-29 18:22:58.777 11497  2354 I ModuleSetMgr: Pending container module APKs: [[Fastpair.optional:203915040006], [Pay.optional:203915020000], [VisionBarcode.optional:203915000400], [VisionFace.optional:203915000400], [VisionOcr.optional:203915000400]]
10-29 18:22:58.777 11497  2354 I ModuleSetMgr: Pending non-container module APKs: [[AdsFdrDynamite.integ:203404601000006], [Nearby.integ:203704005020400], [Payments.integ:203990904000406], [PaymentsDynamite.integ:203990904000406]]
10-29 18:22:58.802  8846  8846 D MonkeyStub: translateCommand: touch move 614 1561
10-29 18:22:58.818  8846  8846 D MonkeyStub: translateCommand: touch up 614 1561
10-29 18:22:58.910 11497  2354 W PackageParser: Unknown element under <manifest>: queries at /data/user_de/0/com.google.android.gms/app_chimera/m/0000003b/AdsDynamite.apk Binary XML file line #5
10-29 18:22:58.979 11497  2354 W PackageParser: Unknown element under <manifest>: queries at /data/user_de/0/com.google.android.gms/app_chimera/m/00000057/dl-AdsFdrDynamite.integ_203404601000006.apk Binary XML file line #5
10-29 18:22:59.022 11497  2354 W PackageParser: Unknown element under <manifest>: queries at /data/user_de/0/com.google.android.gms/app_chimera/m/00000066/dl-Payments.integ_203990904000406.apk Binary XML file line #5
10-29 18:22:59.134 11497  2354 W ChimeraCfgRslvr: Config resolution failed. Try without optional APKs
10-29 18:22:59.165 11497  2354 I ChimeraCfgMgr: Invalid module set config ModuleSet Info ads_fdr:2034046015040006,container:2039159040406+fast_pair+pay+vision.barcode+vision.face+vision.ocr,nearby:2037040055040400,payments:2039909045040406 Container APKs [FileApk(/data/user_de/0/com.google.android.gms/app_chimera/m/00000059/dl-Fastpair.optional_203915040006.apk), FileApk(/data/user_de/0/com.google.android.gms/app_chimera/m/00000064/dl-Pay.optional_203915020000.apk), FileApk(/data/user_de/0/com.google.android.gms/app_chimera/m/00000058/dl-VisionBarcode.optional_203915000400.apk), FileApk(/data/user_de/0/com.google.android.gms/app_chimera/m/0000005a/dl-VisionFace.optional_203915000400.apk), FileApk(/data/user_de/0/com.google.android.gms/app_chimera/m/0000005b/dl-VisionOcr.optional_203915000400.apk), FileApk(/data/user_de/0/com.google.android.gms/app_chimera/m/0000003b/AdsDynamite.apk), FileApk(/data/user_de/0/com.google.android.gms/app_chimera/m/0000005d/CronetDynamite.apk), FileApk(/data/user_de/0/com.google.android.gms/app_chimera/m/0000005e/DynamiteLoader.apk), FileApk(/data/user_de/0/com.google.android.gms/app_chimera/m/0000005f/DynamiteModulesA.apk), FileApk(/data/user_de/0/com.google.android.gms/app_chimera/m/00000060/DynamiteModulesC.apk), FileApk(/data/user_de/0/com.google.android.gms/app_chimera/m/00000061/GoogleCertificates.apk), FileApk(/data/user_de/0/com.google.android.gms/app_chimera/m/00000062/MapsDynamite.apk), FileApk(/data/user_de/0/com.google.android.gms/app_chimera/m/00000063/MeasurementDynamite.apk), ContainerApk(com.google.android.gms)] Required APKs [FileApk(/data/user_de/0/com.google.android.gms/app_chimera/m/00000057/dl-AdsFdrDynamite.integ_203404601000006.apk), FileApk(/data/user_de/0/com.google.android.gms/app_chimera/m/00000044/dl-Nearby.integ_203704005020400.apk), FileApk(/data/user_de/0/com.google.android.gms/app_chimera/m/00000066/dl-Payments.integ_203990904000406.apk), FileApk(/data/user_de/0/com.google.android.gms/app_chimera/m/00000065/dl-PaymentsDynamite.integ_203990904000406.apk)] Optional APKs [InstalledApk(com.google.android.play.games)]: com.google.android.chimera.config.InvalidConfigException: Modules from required APKs are discarded
10-29 18:22:59.165 11497  2354 W GmsModuleFndr: excluding moduleset: nearby:2037040055040400 reason: [1] 203915000
10-29 18:22:59.170 11497  2354 I ModuleSetMgr: Computing pending module set with APKs: [[AdsFdrDynamite.integ:203404601000006], [AdsFdrDynamite.integ:22060000006], [Fastpair.optional:203915040006], [Nearby.integ:203704005020400], [Pay.optional:203915020000], [Payments.integ:203402508000406], [Payments.integ:203990904000406], [PaymentsDynamite.integ:203402508000406], [PaymentsDynamite.integ:203990904000406], [VisionBarcode.optional:203915000400], [VisionFace.optional:203915000400], [VisionOcr.optional:203915000400], [AdsFdrDynamite.integ:21880000006], [Cronetdynamite:203915040406], [Dynamiteloader:203915040006], [Dynamitemodulesa:203915040006], [Dynamitemodulesc:203915040006], [Googlecertificates:203915040006], [Mapsdynamite:203915040006], [Measurementdynamite:203915040006]]
10-29 18:22:59.175 11497  2354 I ModuleSetMgr: Pending container module APKs: [[Fastpair.optional:203915040006], [Pay.optional:203915020000], [VisionBarcode.optional:203915000400], [VisionFace.optional:203915000400], [VisionOcr.optional:203915000400]]
10-29 18:22:59.175 11497  2354 I ModuleSetMgr: Pending non-container module APKs: [[AdsFdrDynamite.integ:203404601000006], [Payments.integ:203990904000406], [PaymentsDynamite.integ:203990904000406]]
10-29 18:22:59.214 11497  2354 W PackageParser: Unknown element under <manifest>: queries at /data/user_de/0/com.google.android.gms/app_chimera/m/0000003b/AdsDynamite.apk Binary XML file line #5
10-29 18:22:59.239 11497  2354 W PackageParser: Unknown element under <manifest>: queries at /data/user_de/0/com.google.android.gms/app_chimera/m/00000057/dl-AdsFdrDynamite.integ_203404601000006.apk Binary XML file line #5
10-29 18:22:59.244 11497  2354 W PackageParser: Unknown element under <manifest>: queries at /data/user_de/0/com.google.android.gms/app_chimera/m/00000066/dl-Payments.integ_203990904000406.apk Binary XML file line #5
10-29 18:22:59.309 11497  2354 I DynamiteModule: Considering local module com.google.android.gms.cronet_dynamite:0 and remote module com.google.android.gms.cronet_dynamite:1311
10-29 18:22:59.309 11497  2354 I DynamiteModule: Selected remote version of com.google.android.gms.cronet_dynamite, version >= 1311
10-29 18:22:59.313 11497  2354 I ChmraDebugLogger: [71] Cronetdynamite
10-29 18:22:59.380 11497  2354 I ChmraDebugLogger: [73] 80694300
10-29 18:22:59.382 11497  2354 I ChmraDebugLogger: [30] [VisionOcrDynamite.integ:223610901000400],[VisionBarcodeDynamite.integ:221180404000400]
10-29 18:22:59.394 11497  2354 I ChimeraConfigService: Scheduling checkin for one-off execution between [3300,43200] seconds from now (1667060579394)
10-29 18:22:59.418   787  5920 I NetworkScheduler.Stats: Task com.google.android.gms/com.google.android.gms.chimera.container.ConfigService finished executing. cause:5 result: 2 elapsed_millis: 1467 uptime_millis: 1467 exec_start_elapsed_seconds: 12626 [CONTEXT service_id=218 ]
10-29 18:23:00.403   600   707 I ActivityManager: Start proc 8996:com.android.chrome:sandboxed_process25/u0i143 for service com.android.chrome/org.chromium.content.app.SandboxedProcessService25
