10-30 22:48:57.528   600  1076 I ActivityManager: Killing 23074:com.android.chrome:sandboxed_process17/u0a35i772 (adj 0): isolated not needed
10-30 22:48:57.528 22679 22679 W chromium: [WARNING:compositor_view.cc(315)] Child process died (type=6) pid=23117)
10-30 22:48:57.550 22679 22734 I TaskQueue:  - task [BACKGROUND - d: true, b: 2]: 23
10-30 22:48:57.553 22679 22734 W SessionCache: Persisted Sessions were not found
10-30 22:48:57.574 22812 22812 D AndroidRuntime: Calling main entry com.android.commands.am.Am
10-30 22:48:57.584 22679 22734 I PersistentFeedStore: commitSessionMutation - Success true, Update Session $HEAD, stream structures 32
10-30 22:48:57.606 22679 22734 I MainThreadRunner: Running task [SchedulerApiWrapper onReceiveNewContent] on the Main Thread
10-30 22:48:57.606 22679 22734 I MainThreadRunner: Running task [FeedKnownContentImpl onNewContentReceived] on the Main Thread
10-30 22:48:57.607 22679 22734 I SessionManagerMutation: Cleared Head, new creation time 10-30 22:48:57.553
10-30 22:48:57.607 22679 22734 I TimingUtils: Task Timing 149ms, thread background-1 | task : sessionMutation.commitTask:updateConsumer | mutations : 33 | userInitiated : false
10-30 22:48:57.607 22679 22734 I TaskQueue: Cancelling starvation checks
10-30 22:48:57.607 22679 22734 I TaskQueue:  - Finished 5, time 150 ms
10-30 22:48:57.608 22679 22734 I TaskQueue: Execute task [USER_FACING - d: false, b: 2]: 24
10-30 22:48:57.619   600  9614 I ActivityManager: START u0 {act=android.intent.action.VIEW dat=http://geeksforgeeks.org/... flg=0x10000000 cmp=com.android.chrome/com.google.android.apps.chrome.Main} from uid 2000 on display 0
10-30 22:48:57.619 22679 22734 I TimeoutSessionImpl: TimeoutSession.populateModelProvider, shouldAppend false
10-30 22:48:57.619 22679 22734 I SessionImpl: PopulateModelProvider 32 items
10-30 22:48:57.619 22679 22734 I FeedModelProvider: FeedModelProvider - committer, structure changes 31, update changes 0
10-30 22:48:57.620 22679 22734 I FeedModelProvider: SyntheticTokenTracker: 0, 11, 11, false
10-30 22:48:57.623 22679 22734 I FeedSessionManagerImpl: Caching getStreamFeatures - items 31, cache misses 0, cache size 31
10-30 22:48:57.624 22679 22734 I FeedModelProvider: Moving _session:573f55bd-4eb0-48ac-a9c4-65b595803881 to READY
10-30 22:48:57.624 22679 22734 I MainThreadRunner: Running task [FeedModelProvider onSessionStart] on the Main Thread
10-30 22:48:57.624 22679 22734 I FeedModelProvider: ModelProvider Mutation committed - structure changes 31, childrenToBind 31, removedChildren false, Token false
10-30 22:48:57.630 22812 22812 D AndroidRuntime: Shutting down VM
10-30 22:48:57.654 22679 22734 I FeedSessionManagerImpl: Populate new session: _session:573f55bd-4eb0-48ac-a9c4-65b595803881, creation time 10-30 22:48:57.619
10-30 22:48:57.654 22679 22734 I TimingUtils: Task Timing  46ms, thread background-2 | task : Create/Populate New Session
10-30 22:48:57.655 22679 22734 I TaskQueue:  - Finished 24, time 47 ms
10-30 22:48:57.655 22679 22734 I TaskQueue: Execute task [BACKGROUND - d: false, b: 1]: 11
10-30 22:48:57.655 22679 22734 I ContentGc: Re-enqueuing triggerContentGc; attempts(0)
10-30 22:48:57.656 22679 22734 I TaskQueue:  - task [BACKGROUND - d: false, b: 1]: 11
10-30 22:48:57.656 22679 22734 I TaskQueue:  - Finished 11, time 1 ms
10-30 22:48:57.656 22679 22734 I TaskQueue: Execute task [BACKGROUND - d: false, b: 1]: 23
10-30 22:48:57.729 12169 18896 W Icing   : No valid account for uploading user actions
10-30 22:48:57.730 22679 22679 E cr_IntentUtils: getInt failed on bundle null
10-30 22:48:57.768 22679 22689 I art     : Background sticky concurrent mark sweep GC freed 6823(407KB) AllocSpace objects, 5(100KB) LOS objects, 2% free, 15MB/15MB, paused 5.849ms total 41.366ms
10-30 22:48:57.802 22679 22679 I cr_tabmodel: Appending tabs being restored to metadata lists, 0, startingNormalCount: 2, startingIncognitoCount: 0
10-30 22:48:57.802 22679 22679 I cr_tabmodel: Serializing tab lists; counts: 2, 0
10-30 22:48:57.839 22679 22738 W chromium: [WARNING:spdy_session.cc(3090)] Received RST for invalid stream1
10-30 22:48:57.846 22679 22734 I TimingUtils: Task Timing 189ms, thread background-3 | task : commitContentMutation | mutations : 32
10-30 22:48:57.846 22679 22734 I TimingUtils: Task Timing   0ms, thread background-4 | task : commitSemanticPropertiesMutation | mutations : 0
10-30 22:48:57.846 22679 22734 I TaskQueue:  - Finished 23, time 191 ms
10-30 22:48:57.846 22679 22734 I TaskQueue: Execute task [BACKGROUND - d: false, b: 0]: 11
10-30 22:48:57.848 22679 22734 I SessionCache: Determining accessible content
10-30 22:48:57.851 22679 22734 I TimingUtils: Task Timing   4ms, thread background-5 | task : ContentGc | contentItemsRemoved : 0
10-30 22:48:57.851 22679 22734 I TaskQueue:  - Finished 11, time 4 ms
10-30 22:48:57.854 12169 18896 E native  : document-store.cc:1328 Failed to update per-doc-data with usage report
10-30 22:48:57.869 12169 18896 I Icing   : Usage reports ok 1, Failed Usage reports 1, indexed 0, rejected 0
10-30 22:48:57.869 12169 18896 I Icing   : Removing corpus key com.android.chrome-omnibox for package com.android.chrome
10-30 22:48:57.879   600  3675 I ActivityManager: Start proc 23198:com.android.chrome:sandboxed_process21/u0i776 for service com.android.chrome/org.chromium.content.app.SandboxedProcessService21
10-30 22:48:57.967 12169 12810 I Icing   : IndexChimeraService.getServiceInterface callingPackage=com.google.android.gms componentName=null serviceId=30
10-30 22:48:57.967   600   611 D ActivityManager: cleanUpApplicationRecord -- 23067
10-30 22:48:57.980 22679 22679 I FeedModelProvider: No children found for Cursor
10-30 22:48:58.021   600   713 D ActivityManager: cleanUpApplicationRecord -- 22999
10-30 22:48:58.047 23198 23198 W boxed_process21: type=1400 audit(0.0:9923): avc: denied { getattr } for path="/data/data/com.android.chrome" dev="dm-2" ino=12190 scontext=u:r:isolated_app:s0:c512,c768 tcontext=u:object_r:app_data_file:s0:c512,c768 tclass=dir permissive=0
10-30 22:48:58.059   600  9614 D ActivityManager: cleanUpApplicationRecord -- 23011
10-30 22:48:58.066 22679 22689 I art     : Background partial concurrent mark sweep GC freed 17903(935KB) AllocSpace objects, 21(4MB) LOS objects, 40% free, 11MB/18MB, paused 357us total 104.454ms
10-30 22:48:58.069   600 29683 D ActivityManager: cleanUpApplicationRecord -- 22894
10-30 22:48:58.080 23198 23198 I cr_ChildProcessService: Creating new ChildProcessService pid=23198
10-30 22:48:58.081   600   610 D ActivityManager: cleanUpApplicationRecord -- 23039
10-30 22:48:58.095   600  1081 D ActivityManager: cleanUpApplicationRecord -- 23046
10-30 22:48:58.142   600 17381 D ActivityManager: cleanUpApplicationRecord -- 23074
10-30 22:48:58.144 23198 23212 I cr_LibraryLoader: Loaded native library version number "85.0.4183.127"
10-30 22:48:58.145 23198 23212 I cr_CachingUmaRecorder: Flushed 1 samples from 1 histograms.
10-30 22:48:58.149   600  1081 D ActivityManager: cleanUpApplicationRecord -- 23089
10-30 22:48:58.159 22679 22679 W chromium: [WARNING:compositor_view.cc(315)] Child process died (type=6) pid=23067)
10-30 22:48:58.169 22679 22679 W chromium: [WARNING:compositor_view.cc(315)] Child process died (type=6) pid=23011)
10-30 22:48:58.173 22679 22679 W chromium: [WARNING:compositor_view.cc(315)] Child process died (type=6) pid=23039)
10-30 22:48:58.182 22679 22679 W chromium: [WARNING:compositor_view.cc(315)] Child process died (type=6) pid=22894)
10-30 22:48:58.183 22679 22679 W chromium: [WARNING:compositor_view.cc(315)] Child process died (type=6) pid=23046)
10-30 22:48:58.194 22679 22679 W chromium: [WARNING:compositor_view.cc(315)] Child process died (type=6) pid=22999)
10-30 22:48:58.195 22679 22679 W chromium: [WARNING:compositor_view.cc(315)] Child process died (type=6) pid=23074)
10-30 22:48:58.201 22679 22679 W chromium: [WARNING:compositor_view.cc(315)] Child process died (type=6) pid=23089)
10-30 22:48:58.293   600 17381 D ActivityManager: cleanUpApplicationRecord -- 22850
10-30 22:48:58.297   600  3509 D ActivityManager: cleanUpApplicationRecord -- 22908
10-30 22:48:58.312   600   713 D ActivityManager: cleanUpApplicationRecord -- 23124
10-30 22:48:58.315   600 24611 D ActivityManager: cleanUpApplicationRecord -- 22871
10-30 22:48:58.316   600  3507 D ActivityManager: cleanUpApplicationRecord -- 22823
10-30 22:48:58.316   600 10249 D ActivityManager: cleanUpApplicationRecord -- 22831
10-30 22:48:58.320 22679 22679 W chromium: [WARNING:compositor_view.cc(315)] Child process died (type=6) pid=22908)
10-30 22:48:58.320 22679 22679 W chromium: [WARNING:compositor_view.cc(315)] Child process died (type=6) pid=23124)
10-30 22:48:58.320 22679 22679 W chromium: [WARNING:compositor_view.cc(315)] Child process died (type=6) pid=22850)
10-30 22:48:58.321 22679 22679 W chromium: [WARNING:compositor_view.cc(315)] Child process died (type=6) pid=22831)
10-30 22:48:58.321 22679 22679 W chromium: [WARNING:compositor_view.cc(315)] Child process died (type=6) pid=22823)
10-30 22:48:58.321 22679 22679 W chromium: [WARNING:compositor_view.cc(315)] Child process died (type=6) pid=22871)
10-30 22:48:58.339   600  1081 D ActivityManager: cleanUpApplicationRecord -- 22815
10-30 22:48:58.353 22679 22679 W chromium: [WARNING:compositor_view.cc(315)] Child process died (type=6) pid=22815)
10-30 22:48:58.739 12169 18896 I native  : document-store.cc:1654 Scored 2019 usage reports, missing_corpora 1079 update_failed 1
10-30 22:48:58.797 12169 18896 W Icing   : No valid account for uploading user actions
10-30 22:48:58.844 12169 18896 I Icing   : Usage reports ok 0, Failed Usage reports 0, indexed 0, rejected 0
10-30 22:48:58.847 12169 18896 W Icing   : No valid account for uploading user actions
10-30 22:48:58.859 12169 18896 I Icing   : Usage reports ok 0, Failed Usage reports 0, indexed 0, rejected 0
10-30 22:48:58.859 12169 18896 I Icing   : Indexing com.android.chrome-omnibox from com.android.chrome
10-30 22:48:58.976 12169 18896 I Icing   : Indexing done com.android.chrome-omnibox
10-30 22:48:59.623 22679 22731 I cr_omaha: Request to Server Successful. Timestamp for next request:1667170139622
10-30 22:48:59.671 22679 22731 I cr_omaha: Request to Server Successful. Timestamp for next request:1667170139671
10-30 22:48:59.671 22679 22731 I cr_omaha: Attempting to schedule next job for: Mon Oct 31 03:48:59 GMT+01:00 2022
10-30 22:48:59.674 22679 22679 I cr_omaha: Scheduled using JobService
10-30 22:48:59.675 22679 22679 E cr_BkgrdTaskJS: Tried finishing non-current BackgroundTask.
10-30 22:48:59.984   787   805 W Icing   : isOptedInForAppHistory: empty Account Name encountered
10-30 22:48:59.993   787   805 W Icing   : isOptedInForAppHistory: empty Account Name encountered
10-30 22:49:00.015   787 19539 W Icing   : isOptedInForAppHistory: empty Account Name encountered
10-30 22:49:00.685 22679 22679 E cr_BTSPrefs: No data found for task id: 53
10-30 22:49:00.686 22679 22679 E cr_BkgrdTaskScheduler: Task cannot be canceled because no data was found instorage or data was invalid
10-30 22:49:01.393 22679 22731 W InstanceID: Instance ID SDK is deprecated, com.android.chrome should update to use Firebase Instance ID
10-30 22:49:04.815 22679 22679 E cr_BTSPrefs: No data found for task id: 57
10-30 22:49:04.816 22679 22679 E cr_BkgrdTaskScheduler: Task cannot be canceled because no data was found instorage or data was invalid
10-30 22:49:04.817 22679 22679 E cr_BTSPrefs: No data found for task id: 56
10-30 22:49:04.818 22679 22679 E cr_BkgrdTaskScheduler: Task cannot be canceled because no data was found instorage or data was invalid
10-30 22:49:07.877 22679 22679 I cr_tabmodel: Appending tabs being restored to metadata lists, 0, startingNormalCount: 2, startingIncognitoCount: 0
10-30 22:49:07.877 22679 22679 I cr_tabmodel: Serializing tab lists; counts: 2, 0
10-30 22:49:08.035   787 28588 W Icing   : isOptedInForAppHistory: empty Account Name encountered
10-30 22:49:08.058   787 28588 W Icing   : isOptedInForAppHistory: empty Account Name encountered
10-30 22:49:08.151   787 15305 W Icing   : isOptedInForAppHistory: empty Account Name encountered
10-30 22:49:08.187 12169 18896 I Icing   : Indexing com.android.chrome-internal.3p:WebPage from com.android.chrome
10-30 22:49:08.191 12169 18896 E SQLiteLog: (1) no such table: WebPage_com.android.chrome_seq_table
10-30 22:49:08.206 12169 18896 E Icing   : Cursor call threw an exception: no such table: WebPage_com.android.chrome_seq_table (code 1): , while compiling: SELECT * FROM [WebPage_com.android.chrome_seq_table] WHERE seqno>0 AND tag IS NULL ORDER BY seqno LIMIT 20
10-30 22:49:08.207 12169 18896 I Icing   : Indexing done com.android.chrome-internal.3p:WebPage
10-30 22:49:08.207 12169 18896 E Icing   : Aborting indexing of corpus internal.3p:WebPage
10-30 22:49:08.208 12169 18896 I Icing   : Indexing com.android.chrome-internal.3p:WebPage from com.android.chrome using seqno 0
10-30 22:49:10.770 23250 23250 D AndroidRuntime: >>>>>> START com.android.internal.os.RuntimeInit uid 2000 <<<<<<
10-30 22:49:10.773 23250 23250 D AndroidRuntime: CheckJNI is OFF
10-30 22:49:10.837 23250 23250 D ICU     : No timezone override file found: /data/misc/zoneinfo/current/icu/icu_tzdata.dat
10-30 22:49:10.872 23250 23250 I Radio-JNI: register_android_hardware_Radio DONE
10-30 22:49:10.887 23250 23250 D AndroidRuntime: Calling main entry com.android.commands.monkey.Monkey
10-30 22:49:10.955   600   613 W BroadcastQueue: Skipping deliver [background] BroadcastRecord{25d5f24 u-1 android.net.conn.CONNECTIVITY_CHANGE} to ReceiverList{e96aa8d 23250 (unknown name)/2000/u-1 remote:8e732b6}: process crashing
10-30 22:49:12.543 23250 23250 D MonkeyStub: translateCommand: wake
10-30 22:49:12.701 23250 23250 D MonkeyStub: translateCommand: touch down 614 1561
10-30 22:49:12.720 23250 23250 D MonkeyStub: translateCommand: touch move 614 1561
10-30 22:49:12.831 23250 23250 D MonkeyStub: translateCommand: touch move 614 1436
10-30 22:49:13.007 23250 23250 D MonkeyStub: translateCommand: touch move 614 1311
10-30 22:49:13.114 23250 23250 D MonkeyStub: translateCommand: touch move 614 1186
10-30 22:49:13.223 23250 23250 D MonkeyStub: translateCommand: touch move 614 1061
10-30 22:49:13.331 23250 23250 D MonkeyStub: translateCommand: touch move 614 937
10-30 22:49:13.441 23250 23250 D MonkeyStub: translateCommand: touch move 614 812
10-30 22:49:13.552 23250 23250 D MonkeyStub: translateCommand: touch move 614 687
10-30 22:49:13.662 23250 23250 D MonkeyStub: translateCommand: touch move 614 562
10-30 22:49:13.775 23250 23250 D MonkeyStub: translateCommand: touch move 614 437
10-30 22:49:13.885 23250 23250 D MonkeyStub: translateCommand: touch move 614 312
10-30 22:49:13.899 23250 23250 D MonkeyStub: translateCommand: touch up 614 312
10-30 22:49:13.927 23250 23250 D MonkeyStub: translateCommand: touch down 614 1561
10-30 22:49:13.932 23250 23250 D MonkeyStub: translateCommand: touch move 614 1561
10-30 22:49:14.055 23250 23250 D MonkeyStub: translateCommand: touch move 614 1436
10-30 22:49:14.163 23250 23250 D MonkeyStub: translateCommand: touch move 614 1311
10-30 22:49:14.272 23250 23250 D MonkeyStub: translateCommand: touch move 614 1186
10-30 22:49:14.379 23250 23250 D MonkeyStub: translateCommand: touch move 614 1061
10-30 22:49:14.487 23250 23250 D MonkeyStub: translateCommand: touch move 614 937
10-30 22:49:14.598 23250 23250 D MonkeyStub: translateCommand: touch move 614 812
10-30 22:49:14.706 23250 23250 D MonkeyStub: translateCommand: touch move 614 687
10-30 22:49:14.866 23250 23250 D MonkeyStub: translateCommand: touch move 614 562
10-30 22:49:14.978 23250 23250 D MonkeyStub: translateCommand: touch move 614 437
10-30 22:49:15.082 23250 23250 D MonkeyStub: translateCommand: touch move 614 312
10-30 22:49:15.086 23250 23250 D MonkeyStub: translateCommand: touch up 614 312
10-30 22:49:19.247 23250 23250 D MonkeyStub: translateCommand: tap 139 85
10-30 22:49:19.550   787  1259 E AsyncOperation: serviceID=121, operation=GetLaunchDataOperation [CONTEXT service_id=259 ]
10-30 22:49:19.550   787  1259 E AsyncOperation: OperationException[Status{statusCode=Not an instant app, resolution=null}]
10-30 22:49:19.550   787  1259 E AsyncOperation: 	at aeay.a(:com.google.android.gms@203915020@20.39.15 (040406-335085812):20)
10-30 22:49:19.550   787  1259 E AsyncOperation: 	at aain.run(:com.google.android.gms@203915020@20.39.15 (040406-335085812):7)
10-30 22:49:19.550   787  1259 E AsyncOperation: 	at boex.run(:com.google.android.gms@203915020@20.39.15 (040406-335085812):2)
10-30 22:49:19.550   787  1259 E AsyncOperation: 	at sup.b(:com.google.android.gms@203915020@20.39.15 (040406-335085812):12)
10-30 22:49:19.550   787  1259 E AsyncOperation: 	at sup.run(:com.google.android.gms@203915020@20.39.15 (040406-335085812):7)
10-30 22:49:19.550   787  1259 E AsyncOperation: 	at java.util.concurrent.ThreadPoolExecutor.runWorker(ThreadPoolExecutor.java:1133)
10-30 22:49:19.550   787  1259 E AsyncOperation: 	at java.util.concurrent.ThreadPoolExecutor$Worker.run(ThreadPoolExecutor.java:607)
10-30 22:49:19.550   787  1259 E AsyncOperation: 	at tam.run(:com.google.android.gms@203915020@20.39.15 (040406-335085812):0)
10-30 22:49:19.550   787  1259 E AsyncOperation: 	at java.lang.Thread.run(Thread.java:761)
10-30 22:49:21.782   787  1174 W Icing   : isOptedInForAppHistory: empty Account Name encountered
10-30 22:49:21.790   787  1174 W Icing   : isOptedInForAppHistory: empty Account Name encountered
10-30 22:49:21.802   787 17536 W Icing   : isOptedInForAppHistory: empty Account Name encountered
10-30 22:49:23.422 22679 22679 I cr_tabmodel: Appending tabs being restored to metadata lists, 0, startingNormalCount: 2, startingIncognitoCount: 0
10-30 22:49:23.422 22679 22679 I cr_tabmodel: Serializing tab lists; counts: 2, 0
10-30 22:49:23.447   787   805 W Icing   : isOptedInForAppHistory: empty Account Name encountered
10-30 22:49:23.459   787   805 W Icing   : isOptedInForAppHistory: empty Account Name encountered
10-30 22:49:23.504   787 15305 W Icing   : isOptedInForAppHistory: empty Account Name encountered
10-30 22:49:27.441 23250 23250 D MonkeyStub: translateCommand: tap 993 1514
10-30 22:49:28.333 12169 12811 I Icing   : IndexChimeraService.getServiceInterface callingPackage=com.android.chrome componentName=null serviceId=36
10-30 22:49:28.342 12169 18896 W Icing   : No valid account for uploading user actions
10-30 22:49:28.361 12169 12811 I Icing   : IndexChimeraService.getServiceInterface callingPackage=com.google.android.gms componentName=null serviceId=30
10-30 22:49:28.447 12169 18896 I Icing   : Usage reports ok 4, Failed Usage reports 0, indexed 4, rejected 0
10-30 22:49:28.451 12169 18896 W Icing   : No valid account for uploading user actions
10-30 22:49:28.460 12169 18896 I Icing   : Usage reports ok 0, Failed Usage reports 0, indexed 0, rejected 0
10-30 22:49:28.461 12169 18896 I Icing   : Indexing com.android.chrome-internal.3p:WebPage from com.android.chrome using seqno 0
10-30 22:49:28.476 12169 18896 I Icing   : Indexing com.android.chrome-omnibox from com.android.chrome
10-30 22:49:28.502 12169 18896 I Icing   : Indexing done com.android.chrome-omnibox
10-30 22:49:29.508   787  1620 W Icing   : isOptedInForAppHistory: empty Account Name encountered
10-30 22:49:29.538   787 19539 W Icing   : isOptedInForAppHistory: empty Account Name encountered
10-30 22:49:31.537 23250 23250 D MonkeyStub: translateCommand: tap 1291 1873
10-30 22:49:33.607 23250 23250 D MonkeyStub: translateCommand: touch down 614 1561
10-30 22:49:33.619 23250 23250 D MonkeyStub: translateCommand: touch move 614 1561
10-30 22:49:33.724 23250 23250 D MonkeyStub: translateCommand: touch move 614 1436
10-30 22:49:33.832 23250 23250 D MonkeyStub: translateCommand: touch move 614 1311
10-30 22:49:33.944 23250 23250 D MonkeyStub: translateCommand: touch move 614 1186
10-30 22:49:34.055 23250 23250 D MonkeyStub: translateCommand: touch move 614 1061
10-30 22:49:34.188 23250 23250 D MonkeyStub: translateCommand: touch move 614 937
10-30 22:49:34.292 23250 23250 D MonkeyStub: translateCommand: touch move 614 812
10-30 22:49:34.407 23250 23250 D MonkeyStub: translateCommand: touch move 614 687
10-30 22:49:34.539 23250 23250 D MonkeyStub: translateCommand: touch move 614 562
10-30 22:49:34.649 23250 23250 D MonkeyStub: translateCommand: touch move 614 437
10-30 22:49:34.759 23250 23250 D MonkeyStub: translateCommand: touch move 614 312
10-30 22:49:34.767 23250 23250 D MonkeyStub: translateCommand: touch up 614 312
10-30 22:49:34.792 23250 23250 D MonkeyStub: translateCommand: touch down 614 1561
10-30 22:49:34.799 23250 23250 D MonkeyStub: translateCommand: touch move 614 1561
10-30 22:49:34.920 23250 23250 D MonkeyStub: translateCommand: touch move 614 1436
10-30 22:49:35.028 23250 23250 D MonkeyStub: translateCommand: touch move 614 1311
10-30 22:49:35.140 23250 23250 D MonkeyStub: translateCommand: touch move 614 1186
10-30 22:49:35.255 23250 23250 D MonkeyStub: translateCommand: touch move 614 1061
10-30 22:49:35.367 23250 23250 D MonkeyStub: translateCommand: touch move 614 937
10-30 22:49:35.479 23250 23250 D MonkeyStub: translateCommand: touch move 614 812
10-30 22:49:35.595 23250 23250 D MonkeyStub: translateCommand: touch move 614 687
10-30 22:49:35.718 23250 23250 D MonkeyStub: translateCommand: touch move 614 562
10-30 22:49:35.841 23250 23250 D MonkeyStub: translateCommand: touch move 614 437
10-30 22:49:35.898   600 13631 I ActivityManager: Start proc 23300:com.android.chrome:sandboxed_process22/u0i777 for service com.android.chrome/org.chromium.content.app.SandboxedProcessService22
10-30 22:49:35.940 23300 23300 W boxed_process22: type=1400 audit(0.0:9924): avc: denied { getattr } for path="/data/data/com.android.chrome" dev="dm-2" ino=12190 scontext=u:r:isolated_app:s0:c512,c768 tcontext=u:object_r:app_data_file:s0:c512,c768 tclass=dir permissive=0
10-30 22:49:35.953 23250 23250 D MonkeyStub: translateCommand: touch move 614 312
10-30 22:49:35.959 23250 23250 D MonkeyStub: translateCommand: touch up 614 312
10-30 22:49:35.986 23300 23300 I cr_ChildProcessService: Creating new ChildProcessService pid=23300
10-30 22:49:36.037 23300 23316 I cr_LibraryLoader: Loaded native library version number "85.0.4183.127"
10-30 22:49:36.038 23300 23316 I cr_CachingUmaRecorder: Flushed 1 samples from 1 histograms.
10-30 22:49:36.057 23316 23316 W CrUtilityMain: type=1400 audit(0.0:9925): avc: denied { setattr } for name="LICENSE.txt" dev="dm-2" ino=56328 scontext=u:r:isolated_app:s0:c512,c768 tcontext=u:object_r:app_data_file:s0:c512,c768 tclass=file permissive=0
10-30 22:49:36.057 23316 23316 W CrUtilityMain: type=1400 audit(0.0:9926): avc: denied { setattr } for name=46696C746572696E672052756C6573 dev="dm-2" ino=56095 scontext=u:r:isolated_app:s0:c512,c768 tcontext=u:object_r:app_data_file:s0:c512,c768 tclass=file permissive=0
10-30 22:49:36.060 23316 23316 W CrUtilityMain: type=1400 audit(0.0:9927): avc: denied { setattr } for name="manifest.json" dev="dm-2" ino=56253 scontext=u:r:isolated_app:s0:c512,c768 tcontext=u:object_r:app_data_file:s0:c512,c768 tclass=file permissive=0
10-30 22:49:36.060 23316 23316 W CrUtilityMain: type=1400 audit(0.0:9928): avc: denied { setattr } for name="verified_contents.json" dev="dm-2" ino=56466 scontext=u:r:isolated_app:s0:c512,c768 tcontext=u:object_r:app_data_file:s0:c512,c768 tclass=file permissive=0
10-30 22:49:36.089 23300 23300 I cr_ChildProcessService: Destroying ChildProcessService pid=23300
10-30 22:49:36.142 23300 23316 I chromium: [INFO:child_process_service.cc(69)] ChildProcessService: Exiting child process.
10-30 22:49:36.203   600   611 I ActivityManager: Start proc 23322:com.android.chrome:sandboxed_process23/u0i778 for service com.android.chrome/org.chromium.content.app.SandboxedProcessService23
10-30 22:49:36.239   600  7064 I ActivityManager: Process com.android.chrome:sandboxed_process22 (pid 23300) has died
10-30 22:49:36.239   600  7064 D ActivityManager: cleanUpApplicationRecord -- 23300
10-30 22:49:36.239 22679 22679 W chromium: [WARNING:compositor_view.cc(315)] Child process died (type=6) pid=23300)
10-30 22:49:36.290 23322 23322 W boxed_process23: type=1400 audit(0.0:9929): avc: denied { getattr } for path="/data/data/com.android.chrome" dev="dm-2" ino=12190 scontext=u:r:isolated_app:s0:c512,c768 tcontext=u:object_r:app_data_file:s0:c512,c768 tclass=dir permissive=0
10-30 22:49:36.317   198   198 E SELinux : avc:  denied  { find } for service=netd pid=23315 uid=2000 scontext=u:r:shell:s0 tcontext=u:object_r:netd_service:s0 tclass=service_manager permissive=0
10-30 22:49:36.323   198   198 E SELinux : avc:  denied  { find } for service=android.service.gatekeeper.IGateKeeperService pid=23315 uid=2000 scontext=u:r:shell:s0 tcontext=u:object_r:gatekeeper_service:s0 tclass=service_manager permissive=0
10-30 22:49:36.332 23322 23322 I cr_ChildProcessService: Creating new ChildProcessService pid=23322
10-30 22:49:36.389 23322 23335 I cr_LibraryLoader: Loaded native library version number "85.0.4183.127"
10-30 22:49:36.389 23322 23335 I cr_CachingUmaRecorder: Flushed 1 samples from 1 histograms.
10-30 22:49:36.403 23335 23335 W CrUtilityMain: type=1400 audit(0.0:9930): avc: denied { setattr } for name="optimization-hints.pb" dev="dm-2" ino=56584 scontext=u:r:isolated_app:s0:c512,c768 tcontext=u:object_r:app_data_file:s0:c512,c768 tclass=file permissive=0
10-30 22:49:36.403 23335 23335 W CrUtilityMain: type=1400 audit(0.0:9931): avc: denied { setattr } for name="manifest.json" dev="dm-2" ino=56779 scontext=u:r:isolated_app:s0:c512,c768 tcontext=u:object_r:app_data_file:s0:c512,c768 tclass=file permissive=0
10-30 22:49:36.407 23335 23335 W CrUtilityMain: type=1400 audit(0.0:9932): avc: denied { setattr } for name="verified_contents.json" dev="dm-2" ino=56651 scontext=u:r:isolated_app:s0:c512,c768 tcontext=u:object_r:app_data_file:s0:c512,c768 tclass=file permissive=0
10-30 22:49:36.420 23322 23335 I chromium: [INFO:child_process_service.cc(69)] ChildProcessService: Exiting child process.
10-30 22:49:36.443   600   707 I ActivityManager: Process com.android.chrome:sandboxed_process23 (pid 23322) has died
10-30 22:49:36.443   600   707 D ActivityManager: cleanUpApplicationRecord -- 23322
10-30 22:49:36.444 22679 22679 W chromium: [WARNING:compositor_view.cc(315)] Child process died (type=6) pid=23322)
10-30 22:49:36.448   600   615 W libprocessgroup: failed to kill pid 23322: No such process
10-30 22:49:36.820   600 10249 I ActivityManager: Start proc 23339:com.android.chrome:sandboxed_process24/u0i779 for service com.android.chrome/org.chromium.content.app.SandboxedProcessService24
10-30 22:49:36.860 23339 23339 W boxed_process24: type=1400 audit(0.0:9933): avc: denied { getattr } for path="/data/data/com.android.chrome" dev="dm-2" ino=12190 scontext=u:r:isolated_app:s0:c512,c768 tcontext=u:object_r:app_data_file:s0:c512,c768 tclass=dir permissive=0
10-30 22:49:36.886 23339 23339 I cr_ChildProcessService: Creating new ChildProcessService pid=23339
10-30 22:49:36.923 23339 23352 I cr_LibraryLoader: Loaded native library version number "85.0.4183.127"
10-30 22:49:36.923 23339 23352 I cr_CachingUmaRecorder: Flushed 1 samples from 1 histograms.
10-30 22:49:36.933 23352 23352 W CrUtilityMain: type=1400 audit(0.0:9934): avc: denied { setattr } for name="crl-set" dev="dm-2" ino=57257 scontext=u:r:isolated_app:s0:c512,c768 tcontext=u:object_r:app_data_file:s0:c512,c768 tclass=file permissive=0
10-30 22:49:36.933 23352 23352 W CrUtilityMain: type=1400 audit(0.0:9935): avc: denied { setattr } for name="manifest.json" dev="dm-2" ino=57214 scontext=u:r:isolated_app:s0:c512,c768 tcontext=u:object_r:app_data_file:s0:c512,c768 tclass=file permissive=0
10-30 22:49:36.937 23352 23352 W CrUtilityMain: type=1400 audit(0.0:9936): avc: denied { setattr } for name="LICENSE" dev="dm-2" ino=56924 scontext=u:r:isolated_app:s0:c512,c768 tcontext=u:object_r:app_data_file:s0:c512,c768 tclass=file permissive=0
10-30 22:49:36.937 23352 23352 W CrUtilityMain: type=1400 audit(0.0:9937): avc: denied { setattr } for name="verified_contents.json" dev="dm-2" ino=56920 scontext=u:r:isolated_app:s0:c512,c768 tcontext=u:object_r:app_data_file:s0:c512,c768 tclass=file permissive=0
10-30 22:49:36.947 23339 23339 I cr_ChildProcessService: Destroying ChildProcessService pid=23339
10-30 22:49:36.948 23339 23352 I chromium: [INFO:child_process_service.cc(69)] ChildProcessService: Exiting child process.
10-30 22:49:36.954   600 29683 I ActivityManager: Process com.android.chrome:sandboxed_process24 (pid 23339) has died
10-30 22:49:36.954   600 29683 D ActivityManager: cleanUpApplicationRecord -- 23339
10-30 22:49:36.954 22679 22679 W chromium: [WARNING:compositor_view.cc(315)] Child process died (type=6) pid=23339)
10-30 22:49:37.583   600 24611 I ActivityManager: Start proc 23358:com.android.chrome:sandboxed_process25/u0i780 for service com.android.chrome/org.chromium.content.app.SandboxedProcessService25
10-30 22:49:37.627 23358 23358 W boxed_process25: type=1400 audit(0.0:9938): avc: denied { getattr } for path="/data/data/com.android.chrome" dev="dm-2" ino=12190 scontext=u:r:isolated_app:s0:c512,c768 tcontext=u:object_r:app_data_file:s0:c512,c768 tclass=dir permissive=0
10-30 22:49:37.653 23358 23358 I cr_ChildProcessService: Creating new ChildProcessService pid=23358
10-30 22:49:37.689 23358 23371 I cr_LibraryLoader: Loaded native library version number "85.0.4183.127"
10-30 22:49:37.690 23358 23371 I cr_CachingUmaRecorder: Flushed 1 samples from 1 histograms.
10-30 22:49:37.700 23371 23371 W CrUtilityMain: type=1400 audit(0.0:9939): avc: denied { setattr } for name="manifest.json" dev="dm-2" ino=57244 scontext=u:r:isolated_app:s0:c512,c768 tcontext=u:object_r:app_data_file:s0:c512,c768 tclass=file permissive=0
10-30 22:49:37.703 23371 23371 W CrUtilityMain: type=1400 audit(0.0:9940): avc: denied { setattr } for name="verified_contents.json" dev="dm-2" ino=57662 scontext=u:r:isolated_app:s0:c512,c768 tcontext=u:object_r:app_data_file:s0:c512,c768 tclass=file permissive=0
10-30 22:49:37.708 23358 23371 I chromium: [INFO:child_process_service.cc(69)] ChildProcessService: Exiting child process.
10-30 22:49:37.710   197   197 E lowmemorykiller: Error writing /proc/23358/oom_score_adj; errno=22
10-30 22:49:37.722   600 13558 I ActivityManager: Process com.android.chrome:sandboxed_process25 (pid 23358) has died
10-30 22:49:37.722   600 13558 D ActivityManager: cleanUpApplicationRecord -- 23358
10-30 22:49:37.724 22679 22679 W chromium: [WARNING:compositor_view.cc(315)] Child process died (type=6) pid=23358)
10-30 22:49:38.218   787 19539 I NetworkScheduler.Stats: Task com.google.android.gms/com.google.android.gms.icing.service.IcingGcmTaskService started execution. cause:4 exec_start_elapsed_seconds: 118626 [CONTEXT service_id=218 ]
10-30 22:49:38.233   787 15305 I NetworkScheduler.Stats: Task com.google.android.gms/com.google.android.gms.icing.service.IcingGcmTaskService finished executing. cause:4 result: 1 elapsed_millis: 36 uptime_millis: 36 exec_start_elapsed_seconds: 118626 [CONTEXT service_id=218 ]
10-30 22:49:38.569   600  1076 I ActivityManager: Start proc 23376:com.android.chrome:sandboxed_process26/u0i781 for service com.android.chrome/org.chromium.content.app.SandboxedProcessService26
10-30 22:49:38.610 23376 23376 W boxed_process26: type=1400 audit(0.0:9941): avc: denied { getattr } for path="/data/data/com.android.chrome" dev="dm-2" ino=12190 scontext=u:r:isolated_app:s0:c512,c768 tcontext=u:object_r:app_data_file:s0:c512,c768 tclass=dir permissive=0
10-30 22:49:38.632 23376 23376 I cr_ChildProcessService: Creating new ChildProcessService pid=23376
10-30 22:49:38.669 23376 23389 I cr_LibraryLoader: Loaded native library version number "85.0.4183.127"
10-30 22:49:38.670 23376 23389 I cr_CachingUmaRecorder: Flushed 1 samples from 1 histograms.
10-30 22:49:38.680 23389 23389 W CrUtilityMain: type=1400 audit(0.0:9942): avc: denied { setattr } for name="download_file_types.pb" dev="dm-2" ino=56213 scontext=u:r:isolated_app:s0:c512,c768 tcontext=u:object_r:app_data_file:s0:c512,c768 tclass=file permissive=0
10-30 22:49:38.683 23389 23389 W CrUtilityMain: type=1400 audit(0.0:9943): avc: denied { setattr } for name="manifest.json" dev="dm-2" ino=24328 scontext=u:r:isolated_app:s0:c512,c768 tcontext=u:object_r:app_data_file:s0:c512,c768 tclass=file permissive=0
10-30 22:49:38.683 23389 23389 W CrUtilityMain: type=1400 audit(0.0:9944): avc: denied { setattr } for name="verified_contents.json" dev="dm-2" ino=23440 scontext=u:r:isolated_app:s0:c512,c768 tcontext=u:object_r:app_data_file:s0:c512,c768 tclass=file permissive=0
10-30 22:49:38.694 23376 23389 I chromium: [INFO:child_process_service.cc(69)] ChildProcessService: Exiting child process.
10-30 22:49:38.716   600 27731 I ActivityManager: Process com.android.chrome:sandboxed_process26 (pid 23376) has died
10-30 22:49:38.716   600 27731 D ActivityManager: cleanUpApplicationRecord -- 23376
10-30 22:49:38.716 22679 22679 W chromium: [WARNING:compositor_view.cc(315)] Child process died (type=6) pid=23376)
10-30 22:49:39.768   600  7064 I ActivityManager: Start proc 23393:com.android.chrome:sandboxed_process27/u0i782 for service com.android.chrome/org.chromium.content.app.SandboxedProcessService27
10-30 22:49:39.830 23393 23393 W boxed_process27: type=1400 audit(0.0:9945): avc: denied { getattr } for path="/data/data/com.android.chrome" dev="dm-2" ino=12190 scontext=u:r:isolated_app:s0:c512,c768 tcontext=u:object_r:app_data_file:s0:c512,c768 tclass=dir permissive=0
10-30 22:49:39.862 23393 23393 I cr_ChildProcessService: Creating new ChildProcessService pid=23393
10-30 22:49:39.918 23393 23406 I cr_LibraryLoader: Loaded native library version number "85.0.4183.127"
10-30 22:49:39.919 23393 23406 I cr_CachingUmaRecorder: Flushed 1 samples from 1 histograms.
10-30 22:49:39.930 23406 23406 W CrUtilityMain: type=1400 audit(0.0:9946): avc: denied { setattr } for name="ssl_error_assistant.pb" dev="dm-2" ino=58220 scontext=u:r:isolated_app:s0:c512,c768 tcontext=u:object_r:app_data_file:s0:c512,c768 tclass=file permissive=0
10-30 22:49:39.930 23406 23406 W CrUtilityMain: type=1400 audit(0.0:9947): avc: denied { setattr } for name="manifest.json" dev="dm-2" ino=57895 scontext=u:r:isolated_app:s0:c512,c768 tcontext=u:object_r:app_data_file:s0:c512,c768 tclass=file permissive=0
10-30 22:49:39.930 23406 23406 W CrUtilityMain: type=1400 audit(0.0:9948): avc: denied { setattr } for name="verified_contents.json" dev="dm-2" ino=57999 scontext=u:r:isolated_app:s0:c512,c768 tcontext=u:object_r:app_data_file:s0:c512,c768 tclass=file permissive=0
10-30 22:49:39.941 23393 23406 I chromium: [INFO:child_process_service.cc(69)] ChildProcessService: Exiting child process.
10-30 22:49:39.942   197   197 E lowmemorykiller: Error writing /proc/23393/oom_score_adj; errno=22
10-30 22:49:39.956   600   610 I ActivityManager: Process com.android.chrome:sandboxed_process27 (pid 23393) has died
10-30 22:49:39.956   600   610 D ActivityManager: cleanUpApplicationRecord -- 23393
10-30 22:49:39.957 22679 22679 W chromium: [WARNING:compositor_view.cc(315)] Child process died (type=6) pid=23393)
10-30 22:49:41.162 23250 23250 D MonkeyStub: translateCommand: touch down 614 312
10-30 22:49:41.171 23250 23250 D MonkeyStub: translateCommand: touch move 614 312
10-30 22:49:41.257   600  1076 I ActivityManager: Start proc 23410:com.android.chrome:sandboxed_process28/u0i783 for service com.android.chrome/org.chromium.content.app.SandboxedProcessService28
10-30 22:49:41.278 23250 23250 D MonkeyStub: translateCommand: touch move 614 437
10-30 22:49:41.313 23410 23410 W boxed_process28: type=1400 audit(0.0:9949): avc: denied { getattr } for path="/data/data/com.android.chrome" dev="dm-2" ino=12190 scontext=u:r:isolated_app:s0:c512,c768 tcontext=u:object_r:app_data_file:s0:c512,c768 tclass=dir permissive=0
10-30 22:49:41.339 23410 23410 I cr_ChildProcessService: Creating new ChildProcessService pid=23410
10-30 22:49:41.375 23410 23423 I cr_LibraryLoader: Loaded native library version number "85.0.4183.127"
10-30 22:49:41.376 23410 23423 I cr_CachingUmaRecorder: Flushed 1 samples from 1 histograms.
10-30 22:49:41.386 23250 23250 D MonkeyStub: translateCommand: touch move 614 562
10-30 22:49:41.393 23423 23423 W CrUtilityMain: type=1400 audit(0.0:9950): avc: denied { setattr } for name="safety_tips.pb" dev="dm-2" ino=41883 scontext=u:r:isolated_app:s0:c512,c768 tcontext=u:object_r:app_data_file:s0:c512,c768 tclass=file permissive=0
10-30 22:49:41.400 23423 23423 W CrUtilityMain: type=1400 audit(0.0:9951): avc: denied { setattr } for name="manifest.json" dev="dm-2" ino=23087 scontext=u:r:isolated_app:s0:c512,c768 tcontext=u:object_r:app_data_file:s0:c512,c768 tclass=file permissive=0
10-30 22:49:41.400 23423 23423 W CrUtilityMain: type=1400 audit(0.0:9952): avc: denied { setattr } for name="verified_contents.json" dev="dm-2" ino=23613 scontext=u:r:isolated_app:s0:c512,c768 tcontext=u:object_r:app_data_file:s0:c512,c768 tclass=file permissive=0
10-30 22:49:41.424 23410 23410 I cr_ChildProcessService: Destroying ChildProcessService pid=23410
10-30 22:49:41.425 23410 23423 I chromium: [INFO:child_process_service.cc(69)] ChildProcessService: Exiting child process.
10-30 22:49:41.459   600 29683 I ActivityManager: Process com.android.chrome:sandboxed_process28 (pid 23410) has died
10-30 22:49:41.459   600 29683 D ActivityManager: cleanUpApplicationRecord -- 23410
10-30 22:49:41.461 22679 22679 W chromium: [WARNING:compositor_view.cc(315)] Child process died (type=6) pid=23410)
10-30 22:49:41.492 23250 23250 D MonkeyStub: translateCommand: touch move 614 687
10-30 22:49:41.597 23250 23250 D MonkeyStub: translateCommand: touch move 614 812
10-30 22:49:41.708 23250 23250 D MonkeyStub: translateCommand: touch move 614 937
10-30 22:49:41.815 23250 23250 D MonkeyStub: translateCommand: touch move 614 1061
10-30 22:49:41.925 23250 23250 D MonkeyStub: translateCommand: touch move 614 1186
10-30 22:49:42.037 23250 23250 D MonkeyStub: translateCommand: touch move 614 1311
10-30 22:49:42.146 23250 23250 D MonkeyStub: translateCommand: touch move 614 1436
10-30 22:49:42.251 23250 23250 D MonkeyStub: translateCommand: touch move 614 1561
10-30 22:49:42.266 23250 23250 D MonkeyStub: translateCommand: touch up 614 1561
10-30 22:49:42.950   600 27731 I ActivityManager: Start proc 23429:com.android.chrome:sandboxed_process29/u0i784 for service com.android.chrome/org.chromium.content.app.SandboxedProcessService29
10-30 22:49:42.987 23429 23429 W boxed_process29: type=1400 audit(0.0:9953): avc: denied { getattr } for path="/data/data/com.android.chrome" dev="dm-2" ino=12190 scontext=u:r:isolated_app:s0:c512,c768 tcontext=u:object_r:app_data_file:s0:c512,c768 tclass=dir permissive=0
10-30 22:49:43.011 23429 23429 I cr_ChildProcessService: Creating new ChildProcessService pid=23429
10-30 22:49:43.047 23429 23442 I cr_LibraryLoader: Loaded native library version number "85.0.4183.127"
10-30 22:49:43.048 23429 23442 I cr_CachingUmaRecorder: Flushed 1 samples from 1 histograms.
10-30 22:49:43.060 23442 23442 W CrUtilityMain: type=1400 audit(0.0:9954): avc: denied { setattr } for name=5072656C6F61642044617461 dev="dm-2" ino=46181 scontext=u:r:isolated_app:s0:c512,c768 tcontext=u:object_r:app_data_file:s0:c512,c768 tclass=file permissive=0
10-30 22:49:43.063 23442 23442 W CrUtilityMain: type=1400 audit(0.0:9955): avc: denied { setattr } for name="manifest.json" dev="dm-2" ino=42646 scontext=u:r:isolated_app:s0:c512,c768 tcontext=u:object_r:app_data_file:s0:c512,c768 tclass=file permissive=0
10-30 22:49:43.067 23442 23442 W CrUtilityMain: type=1400 audit(0.0:9956): avc: denied { setattr } for name="verified_contents.json" dev="dm-2" ino=40216 scontext=u:r:isolated_app:s0:c512,c768 tcontext=u:object_r:app_data_file:s0:c512,c768 tclass=file permissive=0
10-30 22:49:43.075 23429 23442 I chromium: [INFO:child_process_service.cc(69)] ChildProcessService: Exiting child process.
10-30 22:49:43.079   197   197 E lowmemorykiller: Error writing /proc/23429/oom_score_adj; errno=22
10-30 22:49:43.096   600  1079 I ActivityManager: Process com.android.chrome:sandboxed_process29 (pid 23429) has died
10-30 22:49:43.096 22679 22679 W chromium: [WARNING:compositor_view.cc(315)] Child process died (type=6) pid=23429)
10-30 22:49:43.096   600  1079 D ActivityManager: cleanUpApplicationRecord -- 23429
10-30 22:49:44.438 23250 23250 D MonkeyStub: translateCommand: tap 758 273
10-30 22:49:44.583   787  1259 E AsyncOperation: serviceID=121, operation=GetLaunchDataOperation [CONTEXT service_id=259 ]
10-30 22:49:44.583   787  1259 E AsyncOperation: OperationException[Status{statusCode=Not an instant app, resolution=null}]
10-30 22:49:44.583   787  1259 E AsyncOperation: 	at aeay.a(:com.google.android.gms@203915020@20.39.15 (040406-335085812):20)
10-30 22:49:44.583   787  1259 E AsyncOperation: 	at aain.run(:com.google.android.gms@203915020@20.39.15 (040406-335085812):7)
10-30 22:49:44.583   787  1259 E AsyncOperation: 	at boex.run(:com.google.android.gms@203915020@20.39.15 (040406-335085812):2)
10-30 22:49:44.583   787  1259 E AsyncOperation: 	at sup.b(:com.google.android.gms@203915020@20.39.15 (040406-335085812):12)
10-30 22:49:44.583   787  1259 E AsyncOperation: 	at sup.run(:com.google.android.gms@203915020@20.39.15 (040406-335085812):7)
10-30 22:49:44.583   787  1259 E AsyncOperation: 	at java.util.concurrent.ThreadPoolExecutor.runWorker(ThreadPoolExecutor.java:1133)
10-30 22:49:44.583   787  1259 E AsyncOperation: 	at java.util.concurrent.ThreadPoolExecutor$Worker.run(ThreadPoolExecutor.java:607)
10-30 22:49:44.583   787  1259 E AsyncOperation: 	at tam.run(:com.google.android.gms@203915020@20.39.15 (040406-335085812):0)
10-30 22:49:44.583   787  1259 E AsyncOperation: 	at java.lang.Thread.run(Thread.java:761)
10-30 22:49:44.898   600   610 I ActivityManager: Start proc 23448:com.android.chrome:sandboxed_process30/u0i785 for service com.android.chrome/org.chromium.content.app.SandboxedProcessService30
10-30 22:49:44.973 23448 23448 W boxed_process30: type=1400 audit(0.0:9957): avc: denied { getattr } for path="/data/data/com.android.chrome" dev="dm-2" ino=12190 scontext=u:r:isolated_app:s0:c512,c768 tcontext=u:object_r:app_data_file:s0:c512,c768 tclass=dir permissive=0
10-30 22:49:44.999 23448 23448 I cr_ChildProcessService: Creating new ChildProcessService pid=23448
10-30 22:49:45.048 23448 23462 I cr_LibraryLoader: Loaded native library version number "85.0.4183.127"
10-30 22:49:45.049 23448 23462 I cr_CachingUmaRecorder: Flushed 1 samples from 1 histograms.
10-30 22:49:45.080 23462 23462 W CrUtilityMain: type=1400 audit(0.0:9958): avc: denied { setattr } for name="tls_deprecation_config.pb" dev="dm-2" ino=58260 scontext=u:r:isolated_app:s0:c512,c768 tcontext=u:object_r:app_data_file:s0:c512,c768 tclass=file permissive=0
10-30 22:49:45.080 23462 23462 W CrUtilityMain: type=1400 audit(0.0:9959): avc: denied { setattr } for name="manifest.json" dev="dm-2" ino=58468 scontext=u:r:isolated_app:s0:c512,c768 tcontext=u:object_r:app_data_file:s0:c512,c768 tclass=file permissive=0
10-30 22:49:45.083 23462 23462 W CrUtilityMain: type=1400 audit(0.0:9960): avc: denied { setattr } for name="verified_contents.json" dev="dm-2" ino=57618 scontext=u:r:isolated_app:s0:c512,c768 tcontext=u:object_r:app_data_file:s0:c512,c768 tclass=file permissive=0
10-30 22:49:45.092 23448 23462 I chromium: [INFO:child_process_service.cc(69)] ChildProcessService: Exiting child process.
10-30 22:49:45.094   197   197 E lowmemorykiller: Error writing /proc/23448/oom_score_adj; errno=22
10-30 22:49:45.109   600 13631 I ActivityManager: Process com.android.chrome:sandboxed_process30 (pid 23448) has died
10-30 22:49:45.109   600 13631 D ActivityManager: cleanUpApplicationRecord -- 23448
10-30 22:49:45.110 22679 22679 W chromium: [WARNING:compositor_view.cc(315)] Child process died (type=6) pid=23448)
10-30 22:49:45.882   787 28589 W Icing   : isOptedInForAppHistory: empty Account Name encountered
10-30 22:49:45.901   787 28589 W Icing   : isOptedInForAppHistory: empty Account Name encountered
10-30 22:49:45.914   787 15305 W Icing   : isOptedInForAppHistory: empty Account Name encountered
10-30 22:49:46.024 22679 22679 I cr_tabmodel: Appending tabs being restored to metadata lists, 0, startingNormalCount: 2, startingIncognitoCount: 0
10-30 22:49:46.024 22679 22679 I cr_tabmodel: Serializing tab lists; counts: 2, 0
10-30 22:49:46.465 23250 23250 D MonkeyStub: translateCommand: tap 355 362
10-30 22:49:46.830   787  1259 E AsyncOperation: serviceID=121, operation=GetLaunchDataOperation [CONTEXT service_id=259 ]
10-30 22:49:46.830   787  1259 E AsyncOperation: OperationException[Status{statusCode=Not an instant app, resolution=null}]
10-30 22:49:46.830   787  1259 E AsyncOperation: 	at aeay.a(:com.google.android.gms@203915020@20.39.15 (040406-335085812):20)
10-30 22:49:46.830   787  1259 E AsyncOperation: 	at aain.run(:com.google.android.gms@203915020@20.39.15 (040406-335085812):7)
10-30 22:49:46.830   787  1259 E AsyncOperation: 	at boex.run(:com.google.android.gms@203915020@20.39.15 (040406-335085812):2)
10-30 22:49:46.830   787  1259 E AsyncOperation: 	at sup.b(:com.google.android.gms@203915020@20.39.15 (040406-335085812):12)
10-30 22:49:46.830   787  1259 E AsyncOperation: 	at sup.run(:com.google.android.gms@203915020@20.39.15 (040406-335085812):7)
10-30 22:49:46.830   787  1259 E AsyncOperation: 	at java.util.concurrent.ThreadPoolExecutor.runWorker(ThreadPoolExecutor.java:1133)
10-30 22:49:46.830   787  1259 E AsyncOperation: 	at java.util.concurrent.ThreadPoolExecutor$Worker.run(ThreadPoolExecutor.java:607)
10-30 22:49:46.830   787  1259 E AsyncOperation: 	at tam.run(:com.google.android.gms@203915020@20.39.15 (040406-335085812):0)
10-30 22:49:46.830   787  1259 E AsyncOperation: 	at java.lang.Thread.run(Thread.java:761)
10-30 22:49:46.942   787 28589 W Icing   : isOptedInForAppHistory: empty Account Name encountered
10-30 22:49:46.970   787 28589 W Icing   : isOptedInForAppHistory: empty Account Name encountered
10-30 22:49:47.016   787 19539 W Icing   : isOptedInForAppHistory: empty Account Name encountered
10-30 22:49:47.857   600  1079 I ActivityManager: Start proc 23466:com.android.chrome:sandboxed_process31/u0i786 for service com.android.chrome/org.chromium.content.app.SandboxedProcessService31
10-30 22:49:47.917 23466 23466 W boxed_process31: type=1400 audit(0.0:9961): avc: denied { getattr } for path="/data/data/com.android.chrome" dev="dm-2" ino=12190 scontext=u:r:isolated_app:s0:c512,c768 tcontext=u:object_r:app_data_file:s0:c512,c768 tclass=dir permissive=0
10-30 22:49:47.949 23466 23466 I cr_ChildProcessService: Creating new ChildProcessService pid=23466
10-30 22:49:47.988 23466 23479 I cr_LibraryLoader: Loaded native library version number "85.0.4183.127"
10-30 22:49:47.988 23466 23479 I cr_CachingUmaRecorder: Flushed 1 samples from 1 histograms.
10-30 22:49:48.027 23479 23479 W CrUtilityMain: type=1400 audit(0.0:9962): avc: denied { setattr } for name="tl_en-us_2022-10-17_483521407_100000_index.bin" dev="dm-2" ino=56948 scontext=u:r:isolated_app:s0:c512,c768 tcontext=u:object_r:app_data_file:s0:c512,c768 tclass=file permissive=0
10-30 22:49:48.027 23479 23479 W CrUtilityMain: type=1400 audit(0.0:9963): avc: denied { setattr } for name="manifest.json" dev="dm-2" ino=57783 scontext=u:r:isolated_app:s0:c512,c768 tcontext=u:object_r:app_data_file:s0:c512,c768 tclass=file permissive=0
10-30 22:49:48.030 23479 23479 W CrUtilityMain: type=1400 audit(0.0:9964): avc: denied { setattr } for name="verified_contents.json" dev="dm-2" ino=57516 scontext=u:r:isolated_app:s0:c512,c768 tcontext=u:object_r:app_data_file:s0:c512,c768 tclass=file permissive=0
10-30 22:49:48.036 23466 23479 I chromium: [INFO:child_process_service.cc(69)] ChildProcessService: Exiting child process.
10-30 22:49:48.037   197   197 E lowmemorykiller: Error writing /proc/23466/oom_score_adj; errno=22
10-30 22:49:48.066   600  3994 I ActivityManager: Process com.android.chrome:sandboxed_process31 (pid 23466) has died
10-30 22:49:48.066   600  3994 D ActivityManager: cleanUpApplicationRecord -- 23466
10-30 22:49:48.083 22679 22679 W chromium: [WARNING:compositor_view.cc(315)] Child process died (type=6) pid=23466)
10-30 22:49:49.490   787 28591 W Icing   : isOptedInForAppHistory: empty Account Name encountered
10-30 22:49:49.517   787 28591 W Icing   : isOptedInForAppHistory: empty Account Name encountered
10-30 22:49:49.567   787 17536 W Icing   : isOptedInForAppHistory: empty Account Name encountered
10-30 22:49:51.267 22679 22679 I cr_tabmodel: Appending tabs being restored to metadata lists, 0, startingNormalCount: 2, startingIncognitoCount: 0
10-30 22:49:51.267 22679 22679 I cr_tabmodel: Serializing tab lists; counts: 2, 0
10-30 22:49:51.352   787   805 W Icing   : isOptedInForAppHistory: empty Account Name encountered
10-30 22:49:51.381   787   805 W Icing   : isOptedInForAppHistory: empty Account Name encountered
10-30 22:49:51.404   787 19539 W Icing   : isOptedInForAppHistory: empty Account Name encountered
10-30 22:49:54.684 23250 23250 D MonkeyStub: translateCommand: touch down 614 1561
10-30 22:49:54.700 23250 23250 D MonkeyStub: translateCommand: touch move 614 1561
10-30 22:49:54.813 23250 23250 D MonkeyStub: translateCommand: touch move 614 1436
10-30 22:49:54.920 23250 23250 D MonkeyStub: translateCommand: touch move 614 1311
10-30 22:49:55.028 23250 23250 D MonkeyStub: translateCommand: touch move 614 1186
10-30 22:49:55.141 23250 23250 D MonkeyStub: translateCommand: touch move 614 1061
10-30 22:49:55.253 23250 23250 D MonkeyStub: translateCommand: touch move 614 937
10-30 22:49:55.365 23250 23250 D MonkeyStub: translateCommand: touch move 614 812
10-30 22:49:55.483 23250 23250 D MonkeyStub: translateCommand: touch move 614 687
