--------- beginning of main
10-29 18:21:50.404  8290  8290 D AndroidRuntime: >>>>>> START com.android.internal.os.RuntimeInit uid 2000 <<<<<<
10-29 18:21:50.408  8290  8290 D AndroidRuntime: CheckJNI is OFF
10-29 18:21:50.473  8290  8290 D ICU     : No timezone override file found: /data/misc/zoneinfo/current/icu/icu_tzdata.dat
10-29 18:21:50.502  8290  8290 I Radio-JNI: register_android_hardware_Radio DONE
10-29 18:21:50.517  8290  8290 D AndroidRuntime: Calling main entry com.android.commands.am.Am
--------- beginning of system
10-29 18:21:50.536   600   610 I ActivityManager: Force stopping com.android.chrome appid=10035 user=0: from pid 8290
10-29 18:21:50.536   600   610 I ActivityManager: Killing 8256:com.android.chrome/u0a35 (adj 700): stop com.android.chrome
10-29 18:21:50.536   600   610 D ActivityManager: cleanUpApplicationRecord -- 8256
10-29 18:21:50.546  1061  1061 D RegisteredNfcFServicesCache: Service unchanged, not updating
10-29 18:21:50.798   600  1081 I ActivityManager: START u0 {act=android.intent.action.VIEW flg=0x10008000 cmp=com.android.chrome/com.google.android.apps.chrome.Main} from uid 2000 on display 0
10-29 18:21:50.822  8290  8290 D AndroidRuntime: Shutting down VM
10-29 18:21:50.867   600 27731 I ActivityManager: Start proc 8300:com.android.chrome/u0a35 for activity com.android.chrome/com.google.android.apps.chrome.Main
10-29 18:21:51.029   600 17381 I ActivityManager: START u0 {cmp=com.android.chrome/org.chromium.chrome.browser.firstrun.TabbedModeFirstRunActivity (has extras)} from uid 10035 on display 0
10-29 18:21:51.055  8300  8317 W DynamiteModule: Local module descriptor class for com.google.android.gms.googlecertificates not found.
10-29 18:21:51.072  8300  8317 I DynamiteModule: Considering local module com.google.android.gms.googlecertificates:0 and remote module com.google.android.gms.googlecertificates:6
10-29 18:21:51.072  8300  8317 I DynamiteModule: Selected remote version of com.google.android.gms.googlecertificates, version >= 6
10-29 18:21:51.220  8300  8319 I OpenGLRenderer: Initialized EGL, version 1.4
10-29 18:21:51.220  8300  8319 D OpenGLRenderer: Swap behavior 2
10-29 18:21:51.233  8300  8318 I cr_LibraryLoader: Loaded native library version number "85.0.4183.127"
10-29 18:21:51.234  8300  8318 I cr_CachingUmaRecorder: Flushed 10 samples from 10 histograms.
10-29 18:21:51.265  8300  8317 W System  : ClassLoader referenced unknown path: 
10-29 18:21:51.266  8300  8317 D ApplicationLoaders: ignored Vulkan layer search path /data/app/com.google.android.gms-1/lib/arm:/data/app/com.google.android.gms-1/base.apk!/lib/armeabi-v7a:/data/app/com.google.android.gms-1/split_config.en.apk!/lib/armeabi-v7a for namespace 0xf4a47090
10-29 18:21:51.268  8300  8317 W ResourceType: ResTable_typeSpec entry count inconsistent: given 67, previously 69
10-29 18:21:51.268  8300  8317 W ResourceType: ResTable_typeSpec entry count inconsistent: given 5346, previously 5347
10-29 18:21:51.290  8300  8317 I DynamiteLoaderV2Impl: [70] Googlecertificates
10-29 18:21:51.314  8300  8317 W System  : ClassLoader referenced unknown path: /data/user_de/0/com.google.android.gms/app_chimera/m/00000061/n/armeabi-v7a
10-29 18:21:51.314  8300  8317 W System  : ClassLoader referenced unknown path: /data/user_de/0/com.google.android.gms/app_chimera/m/00000061/n/armeabi
10-29 18:21:51.373   600   620 I ActivityManager: Displayed com.android.chrome/org.chromium.chrome.browser.firstrun.TabbedModeFirstRunActivity: +303ms (total +552ms)
10-29 18:21:51.388  8300  8314 D NetworkSecurityConfig: Using Network Security Config from resource 0_resource_name_obfuscated debugBuild: false
10-29 18:21:51.390   600   620 W WindowManager: Failed looking up window
10-29 18:21:51.390   600   620 W WindowManager: java.lang.IllegalArgumentException: Requested window android.view.ViewRootImpl$W@2cd669e does not exist
10-29 18:21:51.390   600   620 W WindowManager: 	at com.android.server.wm.WindowManagerService.windowForClientLocked(WindowManagerService.java:9422)
10-29 18:21:51.390   600   620 W WindowManager: 	at com.android.server.wm.WindowManagerService.windowForClientLocked(WindowManagerService.java:9413)
10-29 18:21:51.390   600   620 W WindowManager: 	at com.android.server.wm.WindowManagerService.removeWindow(WindowManagerService.java:2393)
10-29 18:21:51.390   600   620 W WindowManager: 	at com.android.server.wm.Session.remove(Session.java:202)
10-29 18:21:51.390   600   620 W WindowManager: 	at android.view.ViewRootImpl.dispatchDetachedFromWindow(ViewRootImpl.java:3290)
10-29 18:21:51.390   600   620 W WindowManager: 	at android.view.ViewRootImpl.doDie(ViewRootImpl.java:5917)
10-29 18:21:51.390   600   620 W WindowManager: 	at android.view.ViewRootImpl$ViewRootHandler.handleMessage(ViewRootImpl.java:3626)
10-29 18:21:51.390   600   620 W WindowManager: 	at android.os.Handler.dispatchMessage(Handler.java:102)
10-29 18:21:51.390   600   620 W WindowManager: 	at android.os.Looper.loop(Looper.java:154)
10-29 18:21:51.390   600   620 W WindowManager: 	at android.os.HandlerThread.run(HandlerThread.java:61)
10-29 18:21:51.390   600   620 W WindowManager: 	at com.android.server.ServiceThread.run(ServiceThread.java:46)
10-29 18:21:51.418   787  1714 I FontLog : Received query Google Sans, URI content://com.google.android.gms.fonts [CONTEXT service_id=132 ]
10-29 18:21:51.419   787  1714 I FontLog : Query [Google Sans] resolved to {Google Sans, wdth 100.0, wght 400, ital 0.0, bestEffort false} [CONTEXT service_id=132 ]
10-29 18:21:51.433   787  1714 I FontLog : Font PFD returned from cache for {Google Sans, wdth 100.0, wght 400, ital 0.0, bestEffort false} [CONTEXT service_id=132 ]
10-29 18:21:51.440   787  1714 I FontLog : Fetch {Google Sans, wdth 100.0, wght 400, ital 0.0, bestEffort false} end status Status{statusCode=SUCCESS, resolution=null} [CONTEXT service_id=132 ]
10-29 18:21:51.449   787  1258 E apju    : Phenotype API error. Event # cdub@f698b6a, EventCode: 7 [CONTEXT service_id=51 ]
10-29 18:21:51.449   787  1258 E apju    : apiz: 29505: No config packages for log source, or config package not registered
10-29 18:21:51.449   787  1258 E apju    : 	at apkj.b(:com.google.android.gms@203915020@20.39.15 (040406-335085812):7)
10-29 18:21:51.449   787  1258 E apju    : 	at apkg.b(:com.google.android.gms@203915020@20.39.15 (040406-335085812):2)
10-29 18:21:51.449   787  1258 E apju    : 	at apju.a(:com.google.android.gms@203915020@20.39.15 (040406-335085812):85)
10-29 18:21:51.449   787  1258 E apju    : 	at apju.a(:com.google.android.gms@203915020@20.39.15 (040406-335085812):80)
10-29 18:21:51.449   787  1258 E apju    : 	at aain.run(:com.google.android.gms@203915020@20.39.15 (040406-335085812):7)
10-29 18:21:51.449   787  1258 E apju    : 	at boex.run(:com.google.android.gms@203915020@20.39.15 (040406-335085812):2)
10-29 18:21:51.449   787  1258 E apju    : 	at sup.b(:com.google.android.gms@203915020@20.39.15 (040406-335085812):12)
10-29 18:21:51.449   787  1258 E apju    : 	at sup.run(:com.google.android.gms@203915020@20.39.15 (040406-335085812):7)
10-29 18:21:51.449   787  1258 E apju    : 	at java.util.concurrent.ThreadPoolExecutor.runWorker(ThreadPoolExecutor.java:1133)
10-29 18:21:51.449   787  1258 E apju    : 	at java.util.concurrent.ThreadPoolExecutor$Worker.run(ThreadPoolExecutor.java:607)
10-29 18:21:51.449   787  1258 E apju    : 	at tam.run(:com.google.android.gms@203915020@20.39.15 (040406-335085812):0)
10-29 18:21:51.449   787  1258 E apju    : 	at java.lang.Thread.run(Thread.java:761)
10-29 18:21:51.455   787  1258 E AsyncOperation: serviceID=51, operation=GetExperimentTokensOperationCall [CONTEXT service_id=259 ]
10-29 18:21:51.455   787  1258 E AsyncOperation: OperationException[Status{statusCode=No config packages for log source, or config package not registered, resolution=null}]
10-29 18:21:51.455   787  1258 E AsyncOperation: 	at apju.a(:com.google.android.gms@203915020@20.39.15 (040406-335085812):87)
10-29 18:21:51.455   787  1258 E AsyncOperation: 	at apju.a(:com.google.android.gms@203915020@20.39.15 (040406-335085812):80)
10-29 18:21:51.455   787  1258 E AsyncOperation: 	at aain.run(:com.google.android.gms@203915020@20.39.15 (040406-335085812):7)
10-29 18:21:51.455   787  1258 E AsyncOperation: 	at boex.run(:com.google.android.gms@203915020@20.39.15 (040406-335085812):2)
10-29 18:21:51.455   787  1258 E AsyncOperation: 	at sup.b(:com.google.android.gms@203915020@20.39.15 (040406-335085812):12)
10-29 18:21:51.455   787  1258 E AsyncOperation: 	at sup.run(:com.google.android.gms@203915020@20.39.15 (040406-335085812):7)
10-29 18:21:51.455   787  1258 E AsyncOperation: 	at java.util.concurrent.ThreadPoolExecutor.runWorker(ThreadPoolExecutor.java:1133)
10-29 18:21:51.455   787  1258 E AsyncOperation: 	at java.util.concurrent.ThreadPoolExecutor$Worker.run(ThreadPoolExecutor.java:607)
10-29 18:21:51.455   787  1258 E AsyncOperation: 	at tam.run(:com.google.android.gms@203915020@20.39.15 (040406-335085812):0)
10-29 18:21:51.455   787  1258 E AsyncOperation: 	at java.lang.Thread.run(Thread.java:761)
10-29 18:21:51.502   787   806 I FontLog : Pulling font file for id = 278, cache size = 6 [CONTEXT service_id=132 ]
10-29 18:21:51.561   787  1714 I FontLog : Received query Google Sans:500, URI content://com.google.android.gms.fonts [CONTEXT service_id=132 ]
10-29 18:21:51.561   787  1714 I FontLog : Query [Google Sans:500] resolved to {Google Sans, wdth 100.0, wght 500, ital 0.0, bestEffort false} [CONTEXT service_id=132 ]
10-29 18:21:51.562   787  1714 I FontLog : Font PFD returned from cache for {Google Sans, wdth 100.0, wght 500, ital 0.0, bestEffort false} [CONTEXT service_id=132 ]
10-29 18:21:51.563   787  1714 I FontLog : Fetch {Google Sans, wdth 100.0, wght 500, ital 0.0, bestEffort false} end status Status{statusCode=SUCCESS, resolution=null} [CONTEXT service_id=132 ]
10-29 18:21:51.572 11382 11382 I MemoryTrimmer: Trimming objects from memory, since app is in the background.
10-29 18:21:51.575   787  1174 I FontLog : Pulling font file for id = 279, cache size = 5 [CONTEXT service_id=132 ]
10-29 18:21:51.576 11382 26120 W SearchService: Abort, client detached.
10-29 18:21:51.581  1084  1084 I MemoryTrimmer: Trimming objects from memory, since app is in the background.
10-29 18:21:51.586 11382  8174 I DeviceStateChecker: DeviceStateChecker cancelled
10-29 18:21:51.587 11382 11382 I MicroDetector: Keeping mic open: false
10-29 18:21:51.587 11382 11414 I AudioController: internalShutdown
10-29 18:21:51.587 11382 11439 I MicroRecognitionRunner: Stopping hotword detection.
10-29 18:21:51.587 11382 11414 I MicrophoneInputStream: mic_close com.google.android.apps.gsa.speech.audio.ae@5db1325
10-29 18:21:51.609   238   285 I SoundTriggerHwService::Module: void android::SoundTriggerHwService::Module::onCallbackEvent(const sp<android::SoundTriggerHwService::CallbackEvent> &) mClient == 0
10-29 18:21:51.618 11382  8173 I MicroRecognitionRunner: Detection finished
10-29 18:21:51.628 11382 11382 I MemoryTrimmer: Trimming objects from memory, since app is in the background.
10-29 18:21:51.804  8300  8314 I cr_VariationsSeedFetch: Fetched first run seed in 423 ms
10-29 18:21:51.885   600   707 I ActivityManager: Start proc 8334:com.android.chrome:sandboxed_process0/u0i118 for service com.android.chrome/org.chromium.content.app.SandboxedProcessService0
10-29 18:21:51.981  8334  8334 W dboxed_process0: type=1400 audit(0.0:1759): avc: denied { getattr } for path="/data/data/com.android.chrome" dev="dm-2" ino=12190 scontext=u:r:isolated_app:s0:c512,c768 tcontext=u:object_r:app_data_file:s0:c512,c768 tclass=dir permissive=0
10-29 18:21:52.019  8334  8334 I cr_ChildProcessService: Creating new ChildProcessService pid=8334
10-29 18:21:52.168   600  1081 I ActivityManager: Start proc 8362:com.android.chrome:privileged_process0/u0a35 for service com.android.chrome/org.chromium.content.app.PrivilegedProcessService0
10-29 18:21:52.267  8300  8310 W art     : Suspending all threads took: 9.729ms
10-29 18:21:52.285  8300  8310 I art     : Background sticky concurrent mark sweep GC freed 1534(188KB) AllocSpace objects, 10(668KB) LOS objects, 15% free, 5MB/6MB, paused 17.807ms total 61.235ms
10-29 18:21:52.290  8300  8321 W ConnectionStatusConfig: Dynamic lookup for intent failed for action: com.google.android.gms.auth.key.retrieval.service.START
10-29 18:21:52.311  8300  8321 W ConnectionStatusConfig: Dynamic lookup for intent failed for action: com.google.android.gms.auth.key.retrieval.service.START
10-29 18:21:52.316  8300  8300 W cr_KnoxSettingsProvider: Permission to read device policy denied.
10-29 18:21:52.318  8362  8362 I cr_ChildProcessService: Creating new ChildProcessService pid=8362
10-29 18:21:52.345   600  7064 W ActivityManager: Unable to start service Intent { act=com.google.android.gms.auth.key.retrieval.service.START pkg=com.google.android.gms } U=0: not found
10-29 18:21:52.358   600 24515 W ActivityManager: Unbind failed: could not find connection for android.os.BinderProxy@3a21dc3
10-29 18:21:52.362  8300  8321 E GmsClient: unable to connect to service: com.google.android.gms.auth.key.retrieval.service.START on com.google.android.gms
10-29 18:21:52.385  8362  8379 I cr_LibraryLoader: Loaded native library version number "85.0.4183.127"
10-29 18:21:52.385  8362  8379 I cr_CachingUmaRecorder: Flushed 1 samples from 1 histograms.
10-29 18:21:52.429  8362  8379 E libEGL  : validate_display:99 error 3008 (EGL_BAD_DISPLAY)
10-29 18:22:01.687 11382 11382 I MemoryTrimmer: Trimming objects from memory, since app is in the background.
10-29 18:22:03.799  8406  8406 D AndroidRuntime: >>>>>> START com.android.internal.os.RuntimeInit uid 2000 <<<<<<
10-29 18:22:03.803  8406  8406 D AndroidRuntime: CheckJNI is OFF
10-29 18:22:03.873  8406  8406 D ICU     : No timezone override file found: /data/misc/zoneinfo/current/icu/icu_tzdata.dat
10-29 18:22:03.907  8406  8406 I Radio-JNI: register_android_hardware_Radio DONE
10-29 18:22:03.923  8406  8406 D AndroidRuntime: Calling main entry com.android.commands.monkey.Monkey
10-29 18:22:03.998   600   613 W BroadcastQueue: Skipping deliver [background] BroadcastRecord{5830f22 u-1 android.net.conn.CONNECTIVITY_CHANGE} to ReceiverList{db5fdb3 8406 (unknown name)/2000/u-1 remote:a703704}: process crashing
10-29 18:22:05.564  8406  8406 D MonkeyStub: translateCommand: wake
10-29 18:22:05.683  8406  8406 D MonkeyStub: translateCommand: tap 398 1198
10-29 18:22:07.961  8406  8406 D MonkeyStub: translateCommand: tap 720 1506
10-29 18:22:08.140 11497 12873 I PeopleChimeraService: onService. callbacks = aaik@6dac4c5, request = com.google.android.gms.common.internal.GetServiceRequest@877fe1a
10-29 18:22:08.146 11497 11543 I PeopleChimeraService: onService. callbacks = aaik@c62f328, request = com.google.android.gms.common.internal.GetServiceRequest@527e841
10-29 18:22:09.998  8406  8406 D MonkeyStub: translateCommand: tap 355 1480
10-29 18:22:10.033  8406  8406 D MonkeyStub: Quit requested
10-29 18:22:10.051   600 17381 I ActivityManager: START u0 {act=android.intent.action.VIEW flg=0x10008000 cmp=com.android.chrome/com.google.android.apps.chrome.Main (has extras)} from uid 10035 on display 0
10-29 18:22:10.068   600   614 I CwMcuSensor: CwMcuSensor::flush: fd = 238, sensors_id = 0, path = /sys/class/htc_sensorhub/sensor_hub/flush, err = 0
10-29 18:22:10.120  8406  8406 I art     : System.exit called, status: 6
10-29 18:22:10.120  8406  8406 I AndroidRuntime: VM exiting with result code 6.
10-29 18:22:10.169   600  1076 W WindowManager: Attempted to remove non-existing token: android.os.Binder@53bbf70
10-29 18:22:10.248  8300  8300 E cr_CompositorSurfaceMgr: Transitioning to surface with format : -1
10-29 18:22:10.321  8300  8357 W cr_tabmodel: Starting to perform legacy migration.
10-29 18:22:10.324  8300  8357 W cr_tabmodel: Finished performing legacy migration.
10-29 18:22:10.324  8300  8357 W cr_tabmodel: Starting to perform multi-instance migration.
10-29 18:22:10.324  8300  8357 W cr_tabmodel: Finished performing multi-instance migration.
10-29 18:22:10.325  8300  8357 I cr_tabmodel: Starting to fetch tab list for tab_state0
10-29 18:22:10.325  8300  8357 I cr_tabmodel: State file does not exist.
10-29 18:22:10.325  8300  8357 I cr_tabmodel: Starting to fetch tab list for tab_state1
10-29 18:22:10.325  8300  8357 I cr_tabmodel: State file does not exist.
10-29 18:22:10.357  8300  8357 I cr_ADCP : No customization source found
10-29 18:22:10.395   600  3994 E BatteryStatsService: power: Missing API
10-29 18:22:10.402   600  3994 E BatteryStatsService: no controller energy info supplied
10-29 18:22:10.403   796   796 E PhoneInterfaceManager: [PhoneIntfMgr] queryModemActivityInfo: Empty response
10-29 18:22:10.413  8300  8319 D OpenGLRenderer: endAllActiveAnimators on 0xd3f30100 (InsetDrawable) with handle 0xd3ea9d20
10-29 18:22:10.416   600  3994 E BatteryStatsService: modem info is invalid: ModemActivityInfo{ mTimestamp=0 mSleepTimeMs=0 mIdleTimeMs=0 mTxTimeMs[]=[0, 0, 0, 0, 0] mRxTimeMs=0 mEnergyUsed=0}
10-29 18:22:10.470   600   620 I ActivityManager: Displayed com.android.chrome/com.google.android.apps.chrome.Main: +349ms
10-29 18:22:10.473  8300  8300 E cr_CompositorSurfaceMgr: Transitioning to surface with format : -1
10-29 18:22:10.476  8300  8300 E cr_CompositorSurfaceMgr: surfaceCreated format : 0
10-29 18:22:10.483  8300  8300 I cr_ContextualSearch: Tap suppression enabled: false
10-29 18:22:10.486  8300  8300 I cr_ChromeTabbedActivity: #initializeState
10-29 18:22:10.486  8300  8300 I cr_CipherFactory: #restoreFromBundle, no savedInstanceState.
10-29 18:22:10.486  8300  8300 I cr_tabmodel: #loadState, ignoreIncognitoFiles? true
10-29 18:22:10.701  8300  8300 I SchedulerApiWrapper: Create SchedulerApiMainThreadWrapper
10-29 18:22:10.711  8300  8300 I FeedSessionManagerImpl: FeedSessionManagerImpl has been created
10-29 18:22:10.712  8300  8300 I FeedAppLifecycleLstnr: onEnterForeground called
10-29 18:22:10.712  8300  8300 I FeedSessionManagerImpl: onLifecycleEvent foreground
10-29 18:22:10.713  8300  8300 I FeedSessionManagerImpl: Lazy initialization triggered, getUpdateConsumer
10-29 18:22:10.713  8300  8357 I TaskQueue: Execute task [IMMEDIATE - d: true, b: 0]: 30
10-29 18:22:10.714  8300  8300 I FeedRequestManagerImpl: trigger refresh 2
10-29 18:22:10.714  8300  8300 I TaskQueue:  - task [HEAD_INVALIDATE - d: true, b: 0]: 26
10-29 18:22:10.715  8300  8300 I FeedAppLifecycleLstnr: initialize called
10-29 18:22:10.715  8300  8300 I FeedSessionManagerImpl: onLifecycleEvent initialize
10-29 18:22:10.715  8300  8300 W FeedSessionManagerImpl: FeedSessionManagerImpl has previously been initialized
10-29 18:22:10.738  8300  8300 I ViewConfigCompat: Could not find method getScaledScrollFactor() on ViewConfiguration
10-29 18:22:10.745  8300  8300 I BasicStream: Setting 2 header views, currently have 0 headers
10-29 18:22:10.746  8300  8300 I BasicStream: Setting 2 header views, currently have 2 headers
10-29 18:22:10.803   600   619 D BluetoothManagerService: Message: 20
10-29 18:22:10.803   600   619 D BluetoothManagerService: Added callback: android.bluetooth.IBluetoothManagerCallback$Stub$Proxy@68e5efc:true
10-29 18:22:10.816  8334  8347 I cr_LibraryLoader: Loaded native library version number "85.0.4183.127"
10-29 18:22:10.818  8334  8347 I cr_CachingUmaRecorder: Flushed 1 samples from 1 histograms.
10-29 18:22:10.835  8300  8300 E cr_IntentUtils: getBooleanExtra failed on intent null
10-29 18:22:10.859  8300  8300 I TimeoutSessionImpl: Using TimeoutSessionImpl
10-29 18:22:10.859  8300  8300 I FeedSessionManagerImpl: Delaying populateSession until initialization is finished
10-29 18:22:10.859  8300  8300 I TaskQueue:  - task [IMMEDIATE - d: true, b: 1]: 13
10-29 18:22:10.860  8300  8300 I MainThreadRunner: Running task [BasicStream onShow] on the Main Thread with a delay of 500 milliseconds
10-29 18:22:10.910  8300  8310 I art     : Background partial concurrent mark sweep GC freed 13677(856KB) AllocSpace objects, 3(592KB) LOS objects, 39% free, 7MB/12MB, paused 5.307ms total 76.025ms
10-29 18:22:10.946   600   707 I ActivityManager: Start proc 8440:com.android.chrome:sandboxed_process1/u0i119 for service com.android.chrome/org.chromium.content.app.SandboxedProcessService1
10-29 18:22:10.964  8300  8357 W SessionCache: Persisted Sessions were not found
10-29 18:22:10.964  8300  8357 I HeadSessionImpl: Initialize HEAD 0 items
10-29 18:22:10.965  8300  8357 I TaskQueue:  - task [BACKGROUND - d: true, b: 2]: 11
10-29 18:22:10.965  8300  8357 I TimingUtils: Task Timing 251ms, thread JardinExecutor | task : Initialization
10-29 18:22:10.965  8300  8357 I TaskQueue:  - Finished 30, time 251 ms
10-29 18:22:10.965  8300  8357 I TaskQueue: Execute task [HEAD_INVALIDATE - d: true, b: 2]: 26
10-29 18:22:10.966  8300  8357 I TimingUtils: Task Timing   0ms, thread JardinExecutor | task : getAllDismissLocalActions | size : 0
10-29 18:22:10.966  8300  8357 I TimingUtils: Task Timing   0ms, thread JardinExecutor | task : getSemanticProperties | size : 0
10-29 18:22:10.966  8300  8357 I MainThreadRunner: Running task [Check Tooltips] on the Main Thread
10-29 18:22:10.967  8300  8357 I TaskQueue:  * Starting starvation checks
10-29 18:22:10.967  8300  8357 I MainThreadRunner: Running task [starvationChecks] on the Main Thread with a delay of 6000 milliseconds
10-29 18:22:10.967  8300  8357 I TaskQueue:  - Finished 26, time 1 ms
10-29 18:22:10.967  8300  8357 I TaskQueue: Execute task [IMMEDIATE - d: true, b: 1]: 13
10-29 18:22:10.967  8300  8357 I FeedSessionManagerImpl: shouldSessionRequestData; hasContent(false), contentCreationTime(0), outstandingRequest(true)
10-29 18:22:10.967  8300  8357 I MainThreadRunner: Running task [SchedulerApiWrapper shouldSessionRequestData] on the Main Thread
10-29 18:22:10.984   600  7064 I ActivityManager: Start proc 8445:com.android.chrome:sandboxed_process2/u0i120 for service com.android.chrome/org.chromium.content.app.SandboxedProcessService2
10-29 18:22:11.023   600  3509 I ActivityManager: Start proc 8458:com.android.chrome:sandboxed_process3/u0i121 for service com.android.chrome/org.chromium.content.app.SandboxedProcessService3
10-29 18:22:11.068   600  1082 I ActivityManager: Start proc 8470:com.android.chrome:sandboxed_process4/u0i122 for service com.android.chrome/org.chromium.content.app.SandboxedProcessService4
10-29 18:22:11.121   600  1080 I ActivityManager: Start proc 8486:com.android.chrome:sandboxed_process5/u0i123 for service com.android.chrome/org.chromium.content.app.SandboxedProcessService5
10-29 18:22:11.168   600  3675 I ActivityManager: Start proc 8500:com.android.chrome:sandboxed_process6/u0i124 for service com.android.chrome/org.chromium.content.app.SandboxedProcessService6
10-29 18:22:11.211  8440  8440 W dboxed_process1: type=1400 audit(0.0:1760): avc: denied { getattr } for path="/data/data/com.android.chrome" dev="dm-2" ino=12190 scontext=u:r:isolated_app:s0:c512,c768 tcontext=u:object_r:app_data_file:s0:c512,c768 tclass=dir permissive=0
10-29 18:22:11.226   600  9614 W ActivityManager: Slow operation: 55ms so far, now at startProcess: returned from zygote!
10-29 18:22:11.226   600  9614 W ActivityManager: Slow operation: 55ms so far, now at startProcess: done updating battery stats
10-29 18:22:11.226   600  9614 W ActivityManager: Slow operation: 55ms so far, now at startProcess: building log message
10-29 18:22:11.226   600  9614 I ActivityManager: Start proc 8509:com.android.chrome:sandboxed_process7/u0i125 for service com.android.chrome/org.chromium.content.app.SandboxedProcessService7
10-29 18:22:11.226   600  9614 W ActivityManager: Slow operation: 55ms so far, now at startProcess: starting to update pids map
10-29 18:22:11.226   600  9614 W ActivityManager: Slow operation: 55ms so far, now at startProcess: done updating pids map
10-29 18:22:11.226   600  9614 W ActivityManager: Slow operation: 55ms so far, now at startProcess: done starting proc!
10-29 18:22:11.283  8300  8300 I PlayCore: UID: [10035]  PID: [8300] SplitInstallService : deferredInstall([image_editor])
10-29 18:22:11.291  8445  8445 W dboxed_process2: type=1400 audit(0.0:1761): avc: denied { getattr } for path="/data/data/com.android.chrome" dev="dm-2" ino=12190 scontext=u:r:isolated_app:s0:c512,c768 tcontext=u:object_r:app_data_file:s0:c512,c768 tclass=dir permissive=0
10-29 18:22:11.320   600   610 W ActivityManager: Slow operation: 88ms so far, now at startProcess: returned from zygote!
10-29 18:22:11.320   600   610 W ActivityManager: Slow operation: 88ms so far, now at startProcess: done updating battery stats
10-29 18:22:11.320   600   610 W ActivityManager: Slow operation: 88ms so far, now at startProcess: building log message
10-29 18:22:11.320   600   610 I ActivityManager: Start proc 8538:com.android.chrome:sandboxed_process8/u0i126 for service com.android.chrome/org.chromium.content.app.SandboxedProcessService8
10-29 18:22:11.320   600   610 W ActivityManager: Slow operation: 88ms so far, now at startProcess: starting to update pids map
10-29 18:22:11.320   600   610 W ActivityManager: Slow operation: 88ms so far, now at startProcess: done updating pids map
10-29 18:22:11.320   600   610 W ActivityManager: Slow operation: 88ms so far, now at startProcess: done starting proc!
10-29 18:22:11.384  8458  8458 W dboxed_process3: type=1400 audit(0.0:1762): avc: denied { getattr } for path="/data/data/com.android.chrome" dev="dm-2" ino=12190 scontext=u:r:isolated_app:s0:c512,c768 tcontext=u:object_r:app_data_file:s0:c512,c768 tclass=dir permissive=0
10-29 18:22:11.397  8470  8470 W dboxed_process4: type=1400 audit(0.0:1763): avc: denied { getattr } for path="/data/data/com.android.chrome" dev="dm-2" ino=12190 scontext=u:r:isolated_app:s0:c512,c768 tcontext=u:object_r:app_data_file:s0:c512,c768 tclass=dir permissive=0
10-29 18:22:11.426  8300  8300 I Choreographer: Skipped 56 frames!  The application may be doing too much work on its main thread.
10-29 18:22:11.483  8445  8445 I cr_ChildProcessService: Creating new ChildProcessService pid=8445
10-29 18:22:11.492  8440  8440 I cr_ChildProcessService: Creating new ChildProcessService pid=8440
10-29 18:22:11.511  8300  8310 W art     : Suspending all threads took: 21.557ms
10-29 18:22:11.567  8500  8500 W dboxed_process6: type=1400 audit(0.0:1764): avc: denied { getattr } for path="/data/data/com.android.chrome" dev="dm-2" ino=12190 scontext=u:r:isolated_app:s0:c512,c768 tcontext=u:object_r:app_data_file:s0:c512,c768 tclass=dir permissive=0
10-29 18:22:11.567  8509  8509 W dboxed_process7: type=1400 audit(0.0:1765): avc: denied { getattr } for path="/data/data/com.android.chrome" dev="dm-2" ino=12190 scontext=u:r:isolated_app:s0:c512,c768 tcontext=u:object_r:app_data_file:s0:c512,c768 tclass=dir permissive=0
10-29 18:22:11.575  8470  8470 I cr_ChildProcessService: Creating new ChildProcessService pid=8470
10-29 18:22:11.579  8300  8310 I art     : Background sticky concurrent mark sweep GC freed 40727(2MB) AllocSpace objects, 15(336KB) LOS objects, 18% free, 9MB/12MB, paused 38.377ms total 123.804ms
10-29 18:22:11.591  8486  8486 W dboxed_process5: type=1400 audit(0.0:1766): avc: denied { getattr } for path="/data/data/com.android.chrome" dev="dm-2" ino=12190 scontext=u:r:isolated_app:s0:c512,c768 tcontext=u:object_r:app_data_file:s0:c512,c768 tclass=dir permissive=0
10-29 18:22:11.606  8458  8458 I cr_ChildProcessService: Creating new ChildProcessService pid=8458
10-29 18:22:11.731  8538  8538 W dboxed_process8: type=1400 audit(0.0:1767): avc: denied { getattr } for path="/data/data/com.android.chrome" dev="dm-2" ino=12190 scontext=u:r:isolated_app:s0:c512,c768 tcontext=u:object_r:app_data_file:s0:c512,c768 tclass=dir permissive=0
10-29 18:22:11.744  8300  8530 I PlayCore: UID: [10035]  PID: [8300] SplitInstallService : Initiate binding to the service.
10-29 18:22:11.746   600  1081 W ActivityManager: Unable to start service Intent { act=com.google.android.play.core.splitinstall.BIND_SPLIT_INSTALL_SERVICE pkg=com.android.vending } U=0: not found
10-29 18:22:11.768  8300  8300 I cr_tabmodel: Appending tabs being restored to metadata lists, 0, startingNormalCount: 1, startingIncognitoCount: 0
10-29 18:22:11.768  8300  8300 I cr_tabmodel: Serializing tab lists; counts: 1, 0
10-29 18:22:11.791   600  1082 I ActivityManager: Start proc 8561:com.android.chrome:sandboxed_process9/u0i127 for service com.android.chrome/org.chromium.content.app.SandboxedProcessService9
10-29 18:22:11.809  8500  8500 I cr_ChildProcessService: Creating new ChildProcessService pid=8500
10-29 18:22:11.824  8509  8509 I cr_ChildProcessService: Creating new ChildProcessService pid=8509
10-29 18:22:11.853  8486  8486 I cr_ChildProcessService: Creating new ChildProcessService pid=8486
10-29 18:22:11.878  8300  8300 I TaskQueue:  - task [IMMEDIATE - d: true, b: 1]: 27
10-29 18:22:11.878  8300  8357 I FeedSessionManagerImpl: shouldSessionRequestDataResult: NO_REQUEST_WITH_WAIT, shouldMakeRequest(false), withTimeout(false), withAppend(false)
10-29 18:22:11.878  8300  8357 I TaskQueue:  - task [USER_FACING - d: true, b: 2]: 24
10-29 18:22:11.878  8300  8357 I TaskQueue:  - Finished 13, time 911 ms
10-29 18:22:11.910  8300  8357 I TaskQueue: Execute task [IMMEDIATE - d: true, b: 2]: 27
10-29 18:22:11.911  8300  8357 I FeedRequestManagerImpl: Consistency Token: # hU2@7bca4
10-29 18:22:11.921  8440  8553 I cr_LibraryLoader: Loaded native library version number "85.0.4183.127"
10-29 18:22:11.940  8440  8553 I cr_CachingUmaRecorder: Flushed 1 samples from 1 histograms.
10-29 18:22:11.959  8538  8538 I cr_ChildProcessService: Creating new ChildProcessService pid=8538
10-29 18:22:11.965  8445  8552 I cr_LibraryLoader: Loaded native library version number "85.0.4183.127"
10-29 18:22:11.966  8445  8552 I cr_CachingUmaRecorder: Flushed 1 samples from 1 histograms.
10-29 18:22:11.968  8300  8357 I FeedRequestManagerImpl: Capability: FEED_UI
10-29 18:22:11.968  8300  8357 I FeedRequestManagerImpl: Capability: UNDOABLE_ACTIONS
10-29 18:22:11.968  8300  8357 I FeedRequestManagerImpl: Capability: MANAGE_INTERESTS
10-29 18:22:11.968  8300  8357 I FeedRequestManagerImpl: Capability: SEND_FEEDBACK
10-29 18:22:11.968  8300  8357 I FeedRequestManagerImpl: Capability: ARTICLE_SNIPPETS
10-29 18:22:11.968  8300  8357 I FeedRequestManagerImpl: Capability: CLICK_ACTION
10-29 18:22:11.968  8300  8357 I FeedRequestManagerImpl: Capability: VIEW_ACTION
10-29 18:22:11.968  8300  8357 I FeedRequestManagerImpl: Capability: REPORT_FEED_USER_ACTIONS_NOTICE_CARD
10-29 18:22:11.968  8300  8357 I FeedRequestManagerImpl: Capability: BASE_UI
10-29 18:22:11.998  8300  8357 I FeedRequestManagerImpl: Making Request: /httpservice/noretry/DiscoverClankService/FeedQuery
10-29 18:22:12.001  8300  8357 I MainThreadRunner: Running task [NetworkClientWrapper send] on the Main Thread
10-29 18:22:12.008  8300  8357 I TaskQueue:  - Finished 27, time 92 ms
10-29 18:22:12.067  8470  8558 I cr_LibraryLoader: Loaded native library version number "85.0.4183.127"
10-29 18:22:12.067  8470  8558 I cr_CachingUmaRecorder: Flushed 1 samples from 1 histograms.
10-29 18:22:12.069  8458  8559 I cr_LibraryLoader: Loaded native library version number "85.0.4183.127"
10-29 18:22:12.087  8458  8559 I cr_CachingUmaRecorder: Flushed 1 samples from 1 histograms.
10-29 18:22:12.110  8300  8310 I art     : Background partial concurrent mark sweep GC freed 48379(2MB) AllocSpace objects, 24(492KB) LOS objects, 39% free, 10MB/16MB, paused 9.996ms total 209.602ms
10-29 18:22:12.227  8561  8561 W dboxed_process9: type=1400 audit(0.0:1768): avc: denied { getattr } for path="/data/data/com.android.chrome" dev="dm-2" ino=12190 scontext=u:r:isolated_app:s0:c512,c768 tcontext=u:object_r:app_data_file:s0:c512,c768 tclass=dir permissive=0
10-29 18:22:12.238  8500  8566 I cr_LibraryLoader: Loaded native library version number "85.0.4183.127"
10-29 18:22:12.238  8500  8566 I cr_CachingUmaRecorder: Flushed 1 samples from 1 histograms.
10-29 18:22:12.267  8300  8356 W cr_CrashFileManager: /data/user/0/com.android.chrome/cache/Crash Reports does not exist or is not a directory
10-29 18:22:12.267  8300  8356 W cr_CrashFileManager: /data/user/0/com.android.chrome/cache/Crash Reports does not exist or is not a directory
10-29 18:22:12.267  8300  8356 W cr_CrashFileManager: /data/user/0/com.android.chrome/cache/Crash Reports does not exist or is not a directory
10-29 18:22:12.268   600   613 I ActivityManager: Killing 8440:com.android.chrome:sandboxed_process1/u0a35i119 (adj 0): isolated not needed
10-29 18:22:12.271  8300  8356 I cr_FileUtils: Writing to /data/user/0/com.android.chrome/app_dex/webapk7.dex
10-29 18:22:12.290  8300  8333 I cr_BindingManager: Moderate binding enabled: maxSize=40
10-29 18:22:12.293  8445  8552 I chromium: [INFO:child_process_service.cc(69)] ChildProcessService: Exiting child process.
10-29 18:22:12.294   197   197 E lowmemorykiller: Error writing /proc/8445/oom_score_adj; errno=22
10-29 18:22:12.300   600  1081 I ActivityManager: Process com.android.chrome:sandboxed_process2 (pid 8445) has died
10-29 18:22:12.300   600  1081 D ActivityManager: cleanUpApplicationRecord -- 8445
10-29 18:22:12.323  8509  8567 I cr_LibraryLoader: Loaded native library version number "85.0.4183.127"
10-29 18:22:12.324  8509  8567 I cr_CachingUmaRecorder: Flushed 1 samples from 1 histograms.
10-29 18:22:12.353  8486  8569 I cr_LibraryLoader: Loaded native library version number "85.0.4183.127"
10-29 18:22:12.368  8486  8569 I cr_CachingUmaRecorder: Flushed 1 samples from 1 histograms.
10-29 18:22:12.384  8470  8558 I chromium: [INFO:child_process_service.cc(69)] ChildProcessService: Exiting child process.
10-29 18:22:12.385  8300  8300 W chromium: [WARNING:compositor_view.cc(315)] Child process died (type=6) pid=8445)
10-29 18:22:12.385  8458  8559 I chromium: [INFO:child_process_service.cc(69)] ChildProcessService: Exiting child process.
10-29 18:22:12.392   197   197 E lowmemorykiller: Error writing /proc/8470/oom_score_adj; errno=22
10-29 18:22:12.399   197   197 E lowmemorykiller: Error writing /proc/8458/oom_score_adj; errno=22
10-29 18:22:12.410  8300  8333 I cr_BindingManager: onTrimMemory: level=15, size=0
10-29 18:22:12.442  8538  8577 I cr_LibraryLoader: Loaded native library version number "85.0.4183.127"
10-29 18:22:12.453   600  9614 I ActivityManager: Process com.android.chrome:sandboxed_process3 (pid 8458) has died
10-29 18:22:12.453   600  9614 D ActivityManager: cleanUpApplicationRecord -- 8458
10-29 18:22:12.458   600  9614 I ActivityManager: Killing 8509:com.android.chrome:sandboxed_process7/u0a35i125 (adj 0): isolated not needed
10-29 18:22:12.458   600  9614 I ActivityManager: Killing 8470:com.android.chrome:sandboxed_process4/u0a35i122 (adj 0): isolated not needed
10-29 18:22:12.460   600  1080 D ActivityManager: cleanUpApplicationRecord -- 8470
10-29 18:22:12.469  8538  8577 I cr_CachingUmaRecorder: Flushed 1 samples from 1 histograms.
10-29 18:22:12.478  8300  8300 W chromium: [WARNING:compositor_view.cc(315)] Child process died (type=6) pid=8458)
10-29 18:22:12.479  8300  8300 W chromium: [WARNING:compositor_view.cc(315)] Child process died (type=6) pid=8470)
10-29 18:22:12.491  8561  8561 I cr_ChildProcessService: Creating new ChildProcessService pid=8561
10-29 18:22:12.549   600 24515 I ActivityManager: Killing 8500:com.android.chrome:sandboxed_process6/u0a35i124 (adj 0): isolated not needed
10-29 18:22:12.595   600  9614 I ActivityManager: Killing 8486:com.android.chrome:sandboxed_process5/u0a35i123 (adj 0): isolated not needed
10-29 18:22:12.599 11497 11547 I Icing   : IndexChimeraService.getServiceInterface callingPackage=com.android.chrome componentName=null serviceId=36
10-29 18:22:12.640 11497 11545 I Icing   : IndexChimeraService.getServiceInterface callingPackage=com.android.chrome componentName=null serviceId=36
10-29 18:22:12.720  8538  8577 I chromium: [INFO:child_process_service.cc(69)] ChildProcessService: Exiting child process.
10-29 18:22:12.748  8300  8300 W chromium: [WARNING:compositor_view.cc(315)] Child process died (type=6) pid=8538)
10-29 18:22:12.769   600  7064 I ActivityManager: Process com.android.chrome:sandboxed_process8 (pid 8538) has died
10-29 18:22:12.770   600  7064 D ActivityManager: cleanUpApplicationRecord -- 8538
10-29 18:22:12.770   600  7064 W ActivityManager: Scheduling restart of crashed service com.android.chrome/org.chromium.content.app.SandboxedProcessService8 in 1000ms
10-29 18:22:12.785  8561  8603 I cr_LibraryLoader: Loaded native library version number "85.0.4183.127"
10-29 18:22:12.786  8561  8603 I cr_CachingUmaRecorder: Flushed 1 samples from 1 histograms.
10-29 18:22:12.809  8596  8596 I dex2oat : /system/bin/dex2oat --dex-file=/data/user/0/com.android.chrome/app_dex/webapk7.dex --oat-fd=185 --oat-location=/data/user/0/com.android.chrome/app_dex/oat/arm/webapk7.dex --compiler-filter=speed
10-29 18:22:12.832   600  9614 I ActivityManager: Start proc 8610:com.android.chrome:sandboxed_process10/u0i128 for service com.android.chrome/org.chromium.content.app.SandboxedProcessService10
10-29 18:22:12.935  8561  8603 I chromium: [INFO:child_process_service.cc(69)] ChildProcessService: Exiting child process.
10-29 18:22:12.950   600 24515 W ActivityManager: Slow operation: 115ms so far, now at startProcess: returned from zygote!
10-29 18:22:12.950   600 24515 W ActivityManager: Slow operation: 115ms so far, now at startProcess: done updating battery stats
10-29 18:22:12.950   600 24515 W ActivityManager: Slow operation: 115ms so far, now at startProcess: building log message
10-29 18:22:12.950   600 24515 I ActivityManager: Start proc 8620:com.android.chrome:sandboxed_process11/u0i129 for service com.android.chrome/org.chromium.content.app.SandboxedProcessService11
10-29 18:22:12.951   600 24515 W ActivityManager: Slow operation: 115ms so far, now at startProcess: starting to update pids map
10-29 18:22:12.951   600 24515 W ActivityManager: Slow operation: 115ms so far, now at startProcess: done updating pids map
10-29 18:22:12.951   600 24515 W ActivityManager: Slow operation: 115ms so far, now at startProcess: done starting proc!
10-29 18:22:12.963  8300  8300 W chromium: [WARNING:compositor_view.cc(315)] Child process died (type=6) pid=8561)
10-29 18:22:13.007   600  9614 W ActivityManager: Slow operation: 51ms so far, now at startProcess: returned from zygote!
10-29 18:22:13.007   600  9614 W ActivityManager: Slow operation: 51ms so far, now at startProcess: done updating battery stats
10-29 18:22:13.007   600  9614 W ActivityManager: Slow operation: 51ms so far, now at startProcess: building log message
10-29 18:22:13.007   600  9614 I ActivityManager: Start proc 8638:com.android.chrome:sandboxed_process12/u0i130 for service com.android.chrome/org.chromium.content.app.SandboxedProcessService12
10-29 18:22:13.007   600  9614 W ActivityManager: Slow operation: 51ms so far, now at startProcess: starting to update pids map
10-29 18:22:13.007   600  9614 W ActivityManager: Slow operation: 51ms so far, now at startProcess: done updating pids map
10-29 18:22:13.007   600  9614 W ActivityManager: Slow operation: 52ms so far, now at startProcess: done starting proc!
10-29 18:22:13.008   600 13631 I ActivityManager: Process com.android.chrome:sandboxed_process9 (pid 8561) has died
10-29 18:22:13.008   600 13631 D ActivityManager: cleanUpApplicationRecord -- 8561
10-29 18:22:13.008   600 13631 W ActivityManager: Scheduling restart of crashed service com.android.chrome/org.chromium.content.app.SandboxedProcessService9 in 1000ms
10-29 18:22:13.060   600   611 I ActivityManager: Start proc 8646:com.android.chrome:sandboxed_process13/u0i131 for service com.android.chrome/org.chromium.content.app.SandboxedProcessService13
10-29 18:22:13.105   600 27731 I ActivityManager: Start proc 8659:com.android.chrome:sandboxed_process14/u0i132 for service com.android.chrome/org.chromium.content.app.SandboxedProcessService14
10-29 18:22:13.164  8610  8610 W boxed_process10: type=1400 audit(0.0:1769): avc: denied { getattr } for path="/data/data/com.android.chrome" dev="dm-2" ino=12190 scontext=u:r:isolated_app:s0:c512,c768 tcontext=u:object_r:app_data_file:s0:c512,c768 tclass=dir permissive=0
10-29 18:22:13.175   600   610 W ActivityManager: Slow operation: 60ms so far, now at startProcess: returned from zygote!
10-29 18:22:13.175   600   610 W ActivityManager: Slow operation: 60ms so far, now at startProcess: done updating battery stats
10-29 18:22:13.175   600   610 W ActivityManager: Slow operation: 60ms so far, now at startProcess: building log message
10-29 18:22:13.175   600   610 I ActivityManager: Start proc 8672:com.android.chrome:sandboxed_process15/u0i133 for service com.android.chrome/org.chromium.content.app.SandboxedProcessService15
10-29 18:22:13.175   600   610 W ActivityManager: Slow operation: 60ms so far, now at startProcess: starting to update pids map
10-29 18:22:13.175   600   610 W ActivityManager: Slow operation: 60ms so far, now at startProcess: done updating pids map
10-29 18:22:13.175   600   610 W ActivityManager: Slow operation: 60ms so far, now at startProcess: done starting proc!
10-29 18:22:13.201  8434  8434 D AndroidRuntime: >>>>>> START com.android.internal.os.RuntimeInit uid 2000 <<<<<<
10-29 18:22:13.209   600 13631 I ActivityManager: Start proc 8687:com.android.chrome:sandboxed_process16/u0i134 for service com.android.chrome/org.chromium.content.app.SandboxedProcessService16
10-29 18:22:13.229  8434  8434 D AndroidRuntime: CheckJNI is OFF
10-29 18:22:13.237  8638  8638 W boxed_process12: type=1400 audit(0.0:1770): avc: denied { getattr } for path="/data/data/com.android.chrome" dev="dm-2" ino=12190 scontext=u:r:isolated_app:s0:c512,c768 tcontext=u:object_r:app_data_file:s0:c512,c768 tclass=dir permissive=0
10-29 18:22:13.237  8620  8620 W boxed_process11: type=1400 audit(0.0:1771): avc: denied { getattr } for path="/data/data/com.android.chrome" dev="dm-2" ino=12190 scontext=u:r:isolated_app:s0:c512,c768 tcontext=u:object_r:app_data_file:s0:c512,c768 tclass=dir permissive=0
10-29 18:22:13.262   600  6312 I ActivityManager: Start proc 8698:com.android.chrome:sandboxed_process17/u0i135 for service com.android.chrome/org.chromium.content.app.SandboxedProcessService17
10-29 18:22:13.301  8646  8646 W boxed_process13: type=1400 audit(0.0:1772): avc: denied { getattr } for path="/data/data/com.android.chrome" dev="dm-2" ino=12190 scontext=u:r:isolated_app:s0:c512,c768 tcontext=u:object_r:app_data_file:s0:c512,c768 tclass=dir permissive=0
10-29 18:22:13.303  8610  8610 I cr_ChildProcessService: Creating new ChildProcessService pid=8610
10-29 18:22:13.321   600  1079 W ActivityManager: Slow operation: 55ms so far, now at startProcess: returned from zygote!
10-29 18:22:13.321   600  1079 W ActivityManager: Slow operation: 55ms so far, now at startProcess: done updating battery stats
10-29 18:22:13.321   600  1079 W ActivityManager: Slow operation: 55ms so far, now at startProcess: building log message
10-29 18:22:13.321   600  1079 I ActivityManager: Start proc 8720:com.android.chrome:sandboxed_process18/u0i136 for service com.android.chrome/org.chromium.content.app.SandboxedProcessService18
10-29 18:22:13.321   600  1079 W ActivityManager: Slow operation: 55ms so far, now at startProcess: starting to update pids map
10-29 18:22:13.321   600  1079 W ActivityManager: Slow operation: 55ms so far, now at startProcess: done updating pids map
10-29 18:22:13.321   600  1079 W ActivityManager: Slow operation: 55ms so far, now at startProcess: done starting proc!
10-29 18:22:13.374  8659  8659 W boxed_process14: type=1400 audit(0.0:1773): avc: denied { getattr } for path="/data/data/com.android.chrome" dev="dm-2" ino=12190 scontext=u:r:isolated_app:s0:c512,c768 tcontext=u:object_r:app_data_file:s0:c512,c768 tclass=dir permissive=0
10-29 18:22:13.401  8672  8672 W boxed_process15: type=1400 audit(0.0:1774): avc: denied { getattr } for path="/data/data/com.android.chrome" dev="dm-2" ino=12190 scontext=u:r:isolated_app:s0:c512,c768 tcontext=u:object_r:app_data_file:s0:c512,c768 tclass=dir permissive=0
10-29 18:22:13.407  8620  8620 I cr_ChildProcessService: Creating new ChildProcessService pid=8620
10-29 18:22:13.413  8638  8638 I cr_ChildProcessService: Creating new ChildProcessService pid=8638
10-29 18:22:13.461  8646  8646 I cr_ChildProcessService: Creating new ChildProcessService pid=8646
10-29 18:22:13.464  8687  8687 W boxed_process16: type=1400 audit(0.0:1775): avc: denied { getattr } for path="/data/data/com.android.chrome" dev="dm-2" ino=12190 scontext=u:r:isolated_app:s0:c512,c768 tcontext=u:object_r:app_data_file:s0:c512,c768 tclass=dir permissive=0
10-29 18:22:13.483  8659  8659 I cr_ChildProcessService: Creating new ChildProcessService pid=8659
10-29 18:22:13.517  8720  8720 W boxed_process18: type=1400 audit(0.0:1776): avc: denied { getattr } for path="/data/data/com.android.chrome" dev="dm-2" ino=12190 scontext=u:r:isolated_app:s0:c512,c768 tcontext=u:object_r:app_data_file:s0:c512,c768 tclass=dir permissive=0
10-29 18:22:13.560  8672  8672 I cr_ChildProcessService: Creating new ChildProcessService pid=8672
10-29 18:22:13.564  8698  8698 W boxed_process17: type=1400 audit(0.0:1777): avc: denied { getattr } for path="/data/data/com.android.chrome" dev="dm-2" ino=12190 scontext=u:r:isolated_app:s0:c512,c768 tcontext=u:object_r:app_data_file:s0:c512,c768 tclass=dir permissive=0
10-29 18:22:13.566  8610  8727 I cr_LibraryLoader: Loaded native library version number "85.0.4183.127"
10-29 18:22:13.567  8610  8727 I cr_CachingUmaRecorder: Flushed 1 samples from 1 histograms.
10-29 18:22:13.635  8687  8687 I cr_ChildProcessService: Creating new ChildProcessService pid=8687
10-29 18:22:13.677  8720  8720 I cr_ChildProcessService: Creating new ChildProcessService pid=8720
10-29 18:22:13.722  8610  8727 I chromium: [INFO:child_process_service.cc(69)] ChildProcessService: Exiting child process.
10-29 18:22:13.723   197   197 E lowmemorykiller: Error writing /proc/8610/oom_score_adj; errno=22
10-29 18:22:13.742  8646  8746 I cr_LibraryLoader: Loaded native library version number "85.0.4183.127"
10-29 18:22:13.742  8646  8746 I cr_CachingUmaRecorder: Flushed 1 samples from 1 histograms.
10-29 18:22:13.749  8638  8744 I cr_LibraryLoader: Loaded native library version number "85.0.4183.127"
10-29 18:22:13.750  8638  8744 I cr_CachingUmaRecorder: Flushed 1 samples from 1 histograms.
10-29 18:22:13.766  8698  8698 I cr_ChildProcessService: Creating new ChildProcessService pid=8698
10-29 18:22:13.772  8620  8743 I cr_LibraryLoader: Loaded native library version number "85.0.4183.127"
10-29 18:22:13.781  8620  8743 I cr_CachingUmaRecorder: Flushed 1 samples from 1 histograms.
10-29 18:22:13.814  8659  8747 I cr_LibraryLoader: Loaded native library version number "85.0.4183.127"
10-29 18:22:13.814  8659  8747 I cr_CachingUmaRecorder: Flushed 1 samples from 1 histograms.
10-29 18:22:13.923  8638  8744 I chromium: [INFO:child_process_service.cc(69)] ChildProcessService: Exiting child process.
10-29 18:22:13.933  8687  8752 I cr_LibraryLoader: Loaded native library version number "85.0.4183.127"
10-29 18:22:13.933  8687  8752 I cr_CachingUmaRecorder: Flushed 1 samples from 1 histograms.
10-29 18:22:13.957  8596  8596 W dex2oat : Compilation of java.lang.String androidx.core.graphics.drawable.IconCompat.toString() took 110.238ms
10-29 18:22:13.962  8720  8753 I cr_LibraryLoader: Loaded native library version number "85.0.4183.127"
10-29 18:22:13.962  8720  8753 I cr_CachingUmaRecorder: Flushed 1 samples from 1 histograms.
10-29 18:22:13.968  8672  8748 I cr_LibraryLoader: Loaded native library version number "85.0.4183.127"
10-29 18:22:13.969  8672  8748 I cr_CachingUmaRecorder: Flushed 1 samples from 1 histograms.
10-29 18:22:13.974  8434  8434 D ICU     : No timezone override file found: /data/misc/zoneinfo/current/icu/icu_tzdata.dat
10-29 18:22:13.984  8596  8596 I dex2oat : dex2oat took 1.184s (threads: 2) arena alloc=771KB (790272B) java alloc=108KB (111120B) native alloc=559KB (573248B) free=1488KB (1523904B)
10-29 18:22:14.078  8698  8754 I cr_LibraryLoader: Loaded native library version number "85.0.4183.127"
10-29 18:22:14.079  8698  8754 I cr_CachingUmaRecorder: Flushed 1 samples from 1 histograms.
10-29 18:22:14.087  8720  8753 I chromium: [INFO:child_process_service.cc(69)] ChildProcessService: Exiting child process.
10-29 18:22:14.095   197   197 E lowmemorykiller: Error writing /proc/8720/oom_score_adj; errno=22
10-29 18:22:14.116  8620  8620 I cr_ChildProcessService: Destroying ChildProcessService pid=8620
10-29 18:22:14.117  8687  8687 I cr_ChildProcessService: Destroying ChildProcessService pid=8687
10-29 18:22:14.117  8672  8748 I chromium: [INFO:child_process_service.cc(69)] ChildProcessService: Exiting child process.
10-29 18:22:14.118  8687  8752 I chromium: [INFO:child_process_service.cc(69)] ChildProcessService: Exiting child process.
10-29 18:22:14.135  8434  8434 I Radio-JNI: register_android_hardware_Radio DONE
10-29 18:22:14.152  8698  8698 I cr_ChildProcessService: Destroying ChildProcessService pid=8698
10-29 18:22:14.153  8698  8754 I chromium: [INFO:child_process_service.cc(69)] ChildProcessService: Exiting child process.
10-29 18:22:14.175  8620  8620 I art     : System.exit called, status: 0
10-29 18:22:14.175  8620  8620 I AndroidRuntime: VM exiting with result code 0, cleanup skipped.
10-29 18:22:14.175  8659  8659 I cr_ChildProcessService: Destroying ChildProcessService pid=8659
10-29 18:22:14.177  8659  8659 I art     : System.exit called, status: 0
10-29 18:22:14.177  8659  8659 I AndroidRuntime: VM exiting with result code 0, cleanup skipped.
10-29 18:22:14.177  8646  8646 I cr_ChildProcessService: Destroying ChildProcessService pid=8646
10-29 18:22:14.178  8646  8646 I art     : System.exit called, status: 0
