10-31 05:21:45.131   600   610 I ActivityManager: Killing 30461:com.android.chrome:sandboxed_process10/u0a35i510 (adj 0): isolated not needed
10-31 05:21:45.131   600   610 I ActivityManager: Killing 30478:com.android.chrome:sandboxed_process11/u0a35i511 (adj 0): isolated not needed
10-31 05:21:45.131   600   610 I ActivityManager: Killing 30456:com.android.chrome:sandboxed_process9/u0a35i509 (adj 0): isolated not needed
10-31 05:21:45.157 27883 28399 I Icing   : IndexChimeraService.getServiceInterface callingPackage=com.android.chrome componentName=null serviceId=36
10-31 05:21:45.200 27883 28399 I Icing   : IndexChimeraService.getServiceInterface callingPackage=com.android.chrome componentName=null serviceId=36
10-31 05:21:45.225 30563 30659 I cr_LibraryLoader: Loaded native library version number "85.0.4183.127"
10-31 05:21:45.233 30563 30659 I cr_CachingUmaRecorder: Flushed 1 samples from 1 histograms.
10-31 05:21:45.252 30571 30660 I cr_LibraryLoader: Loaded native library version number "85.0.4183.127"
10-31 05:21:45.265 30596 30672 I cr_LibraryLoader: Loaded native library version number "85.0.4183.127"
10-31 05:21:45.265 30596 30672 I cr_CachingUmaRecorder: Flushed 1 samples from 1 histograms.
10-31 05:21:45.269 30571 30660 I cr_CachingUmaRecorder: Flushed 1 samples from 1 histograms.
10-31 05:21:45.292 30490 30564 I chromium: [INFO:child_process_service.cc(69)] ChildProcessService: Exiting child process.
10-31 05:21:45.303   197   197 E lowmemorykiller: Error writing /proc/30490/oom_score_adj; errno=22
10-31 05:21:45.329 30563 30659 I chromium: [INFO:child_process_service.cc(69)] ChildProcessService: Exiting child process.
10-31 05:21:45.362 30624 30624 I cr_ChildProcessService: Creating new ChildProcessService pid=30624
10-31 05:21:45.414 30571 30660 I chromium: [INFO:child_process_service.cc(69)] ChildProcessService: Exiting child process.
10-31 05:21:45.419 30596 30672 I chromium: [INFO:child_process_service.cc(69)] ChildProcessService: Exiting child process.
10-31 05:21:45.423   197   197 E lowmemorykiller: Error writing /proc/30571/oom_score_adj; errno=22
10-31 05:21:45.423   600   611 E JavaBinder: !!! FAILED BINDER TRANSACTION !!!  (parcel size = 76)
10-31 05:21:45.428   600   611 E JavaBinder: !!! FAILED BINDER TRANSACTION !!!  (parcel size = 576)
10-31 05:21:45.438   600   611 W ActivityManager: Exception when unbinding service com.android.chrome/org.chromium.content.app.SandboxedProcessService17
10-31 05:21:45.438   600   611 W ActivityManager: android.os.DeadObjectException: Transaction failed on small parcel; remote process probably died
10-31 05:21:45.438   600   611 W ActivityManager: 	at android.os.BinderProxy.transactNative(Native Method)
10-31 05:21:45.438   600   611 W ActivityManager: 	at android.os.BinderProxy.transact(Binder.java:615)
10-31 05:21:45.438   600   611 W ActivityManager: 	at android.app.ApplicationThreadProxy.scheduleUnbindService(ApplicationThreadNative.java:1016)
10-31 05:21:45.438   600   611 W ActivityManager: 	at com.android.server.am.ActiveServices.removeConnectionLocked(ActiveServices.java:2175)
10-31 05:21:45.438   600   611 W ActivityManager: 	at com.android.server.am.ActiveServices.unbindServiceLocked(ActiveServices.java:1163)
10-31 05:21:45.438   600   611 W ActivityManager: 	at com.android.server.am.ActivityManagerService.unbindService(ActivityManagerService.java:17309)
10-31 05:21:45.438   600   611 W ActivityManager: 	at android.app.ActivityManagerNative.onTransact(ActivityManagerNative.java:1145)
10-31 05:21:45.438   600   611 W ActivityManager: 	at com.android.server.am.ActivityManagerService.onTransact(ActivityManagerService.java:2795)
10-31 05:21:45.438   600   611 W ActivityManager: 	at android.os.Binder.execTransact(Binder.java:565)
10-31 05:21:45.438   600   611 E JavaBinder: !!! FAILED BINDER TRANSACTION !!!  (parcel size = 76)
10-31 05:21:45.438   600   611 I ActivityManager: Killing 30563:com.android.chrome:sandboxed_process16/u0a35i516 (adj 0): isolated not needed
10-31 05:21:45.438   197   197 E lowmemorykiller: Error writing /proc/30571/oom_score_adj; errno=22
10-31 05:21:45.438   600   611 I ActivityManager: Killing 30490:com.android.chrome:sandboxed_process12/u0a35i512 (adj 0): isolated not needed
10-31 05:21:45.439   600   611 E JavaBinder: !!! FAILED BINDER TRANSACTION !!!  (parcel size = 76)
10-31 05:21:45.440   197   197 E lowmemorykiller: Error writing /proc/30596/oom_score_adj; errno=22
10-31 05:21:45.440   600 24515 E JavaBinder: !!! FAILED BINDER TRANSACTION !!!  (parcel size = 76)
10-31 05:21:45.441   600 24515 E JavaBinder: !!! FAILED BINDER TRANSACTION !!!  (parcel size = 576)
10-31 05:21:45.441   600 24515 W ActivityManager: Exception when unbinding service com.android.chrome/org.chromium.content.app.SandboxedProcessService19
10-31 05:21:45.441   600 24515 W ActivityManager: android.os.DeadObjectException: Transaction failed on small parcel; remote process probably died
10-31 05:21:45.441   600 24515 W ActivityManager: 	at android.os.BinderProxy.transactNative(Native Method)
10-31 05:21:45.441   600 24515 W ActivityManager: 	at android.os.BinderProxy.transact(Binder.java:615)
10-31 05:21:45.441   600 24515 W ActivityManager: 	at android.app.ApplicationThreadProxy.scheduleUnbindService(ApplicationThreadNative.java:1016)
10-31 05:21:45.441   600 24515 W ActivityManager: 	at com.android.server.am.ActiveServices.removeConnectionLocked(ActiveServices.java:2175)
10-31 05:21:45.441   600 24515 W ActivityManager: 	at com.android.server.am.ActiveServices.unbindServiceLocked(ActiveServices.java:1163)
10-31 05:21:45.441   600 24515 W ActivityManager: 	at com.android.server.am.ActivityManagerService.unbindService(ActivityManagerService.java:17309)
10-31 05:21:45.441   600 24515 W ActivityManager: 	at android.app.ActivityManagerNative.onTransact(ActivityManagerNative.java:1145)
10-31 05:21:45.441   600 24515 W ActivityManager: 	at com.android.server.am.ActivityManagerService.onTransact(ActivityManagerService.java:2795)
10-31 05:21:45.441   600 24515 W ActivityManager: 	at android.os.Binder.execTransact(Binder.java:565)
10-31 05:21:45.441   600 24515 E JavaBinder: !!! FAILED BINDER TRANSACTION !!!  (parcel size = 76)
10-31 05:21:45.441   600 24515 I ActivityManager: Killing 30571:com.android.chrome:sandboxed_process17/u0a35i517 (adj 900): isolated not needed
10-31 05:21:45.441   197   197 E lowmemorykiller: Error writing /proc/30596/oom_score_adj; errno=22
10-31 05:21:45.442   600 24515 E JavaBinder: !!! FAILED BINDER TRANSACTION !!!  (parcel size = 76)
10-31 05:21:45.456 30618 30618 I cr_ChildProcessService: Creating new ChildProcessService pid=30618
10-31 05:21:45.466 30581 30661 I cr_LibraryLoader: Loaded native library version number "85.0.4183.127"
10-31 05:21:45.478 30581 30661 I cr_CachingUmaRecorder: Flushed 1 samples from 1 histograms.
10-31 05:21:45.508 30624 30684 I cr_LibraryLoader: Loaded native library version number "85.0.4183.127"
10-31 05:21:45.508 30624 30684 I cr_CachingUmaRecorder: Flushed 1 samples from 1 histograms.
10-31 05:21:45.571 30581 30661 I chromium: [INFO:child_process_service.cc(69)] ChildProcessService: Exiting child process.
10-31 05:21:45.574   197   197 E lowmemorykiller: Error writing /proc/30581/oom_score_adj; errno=22
10-31 05:21:45.636 30618 30686 I cr_LibraryLoader: Loaded native library version number "85.0.4183.127"
10-31 05:21:45.636 30618 30686 I cr_CachingUmaRecorder: Flushed 1 samples from 1 histograms.
10-31 05:21:45.722 30618 30686 I chromium: [INFO:child_process_service.cc(69)] ChildProcessService: Exiting child process.
10-31 05:21:45.723 30558 30558 I dex2oat : dex2oat took 901.405ms (threads: 2) arena alloc=875KB (896152B) java alloc=85KB (87240B) native alloc=559KB (573232B) free=2000KB (2048208B)
10-31 05:21:45.755 30153 30207 W InstanceID: Instance ID SDK is deprecated, com.android.chrome should update to use Firebase Instance ID
10-31 05:21:45.795   600  1079 I ActivityManager: Killing 30581:com.android.chrome:sandboxed_process18/u0a35i518 (adj 0): isolated not needed
10-31 05:21:45.795   600  1079 I ActivityManager: Killing 30596:com.android.chrome:sandboxed_process19/u0a35i519 (adj 900): isolated not needed
10-31 05:21:45.799   197   197 E lowmemorykiller: Error writing /proc/30618/oom_score_adj; errno=22
10-31 05:21:45.799   600 29683 E JavaBinder: !!! FAILED BINDER TRANSACTION !!!  (parcel size = 76)
10-31 05:21:45.800   600 29683 E JavaBinder: !!! FAILED BINDER TRANSACTION !!!  (parcel size = 576)
10-31 05:21:45.801   600 29683 W ActivityManager: Exception when unbinding service com.android.chrome/org.chromium.content.app.SandboxedProcessService20
10-31 05:21:45.801   600 29683 W ActivityManager: android.os.DeadObjectException: Transaction failed on small parcel; remote process probably died
10-31 05:21:45.801   600 29683 W ActivityManager: 	at android.os.BinderProxy.transactNative(Native Method)
10-31 05:21:45.801   600 29683 W ActivityManager: 	at android.os.BinderProxy.transact(Binder.java:615)
10-31 05:21:45.801   600 29683 W ActivityManager: 	at android.app.ApplicationThreadProxy.scheduleUnbindService(ApplicationThreadNative.java:1016)
10-31 05:21:45.801   600 29683 W ActivityManager: 	at com.android.server.am.ActiveServices.removeConnectionLocked(ActiveServices.java:2175)
10-31 05:21:45.801   600 29683 W ActivityManager: 	at com.android.server.am.ActiveServices.unbindServiceLocked(ActiveServices.java:1163)
10-31 05:21:45.801   600 29683 W ActivityManager: 	at com.android.server.am.ActivityManagerService.unbindService(ActivityManagerService.java:17309)
10-31 05:21:45.801   600 29683 W ActivityManager: 	at android.app.ActivityManagerNative.onTransact(ActivityManagerNative.java:1145)
10-31 05:21:45.801   600 29683 W ActivityManager: 	at com.android.server.am.ActivityManagerService.onTransact(ActivityManagerService.java:2795)
10-31 05:21:45.801   600 29683 W ActivityManager: 	at android.os.Binder.execTransact(Binder.java:565)
10-31 05:21:45.801   600 29683 E JavaBinder: !!! FAILED BINDER TRANSACTION !!!  (parcel size = 76)
10-31 05:21:45.801   197   197 E lowmemorykiller: Error writing /proc/30618/oom_score_adj; errno=22
10-31 05:21:45.801   600 29683 E JavaBinder: !!! FAILED BINDER TRANSACTION !!!  (parcel size = 76)
10-31 05:21:46.049   600   613 I ActivityManager: Killing 30618:com.android.chrome:sandboxed_process20/u0a35i520 (adj 900): isolated not needed
10-31 05:21:46.262   600  1076 D ActivityManager: cleanUpApplicationRecord -- 30531
10-31 05:21:46.277   600   610 D ActivityManager: cleanUpApplicationRecord -- 30581
10-31 05:21:46.290   600 10249 D ActivityManager: cleanUpApplicationRecord -- 30571
10-31 05:21:46.292   600  3507 D ActivityManager: cleanUpApplicationRecord -- 30596
10-31 05:21:46.292   600  2707 D ActivityManager: cleanUpApplicationRecord -- 30490
10-31 05:21:46.293   600 13558 D ActivityManager: cleanUpApplicationRecord -- 30618
10-31 05:21:46.307   600 29683 D ActivityManager: cleanUpApplicationRecord -- 30461
10-31 05:21:46.323   600  1080 D ActivityManager: cleanUpApplicationRecord -- 30563
10-31 05:21:46.334 30506 30506 I cr_ChildProcessService: Creating new ChildProcessService pid=30506
10-31 05:21:46.340   600 16391 D ActivityManager: cleanUpApplicationRecord -- 30520
10-31 05:21:46.400 30153 30153 W chromium: [WARNING:compositor_view.cc(315)] Child process died (type=6) pid=30531)
10-31 05:21:46.402 30153 30153 W chromium: [WARNING:compositor_view.cc(315)] Child process died (type=6) pid=30596)
10-31 05:21:46.402 30153 30153 W chromium: [WARNING:compositor_view.cc(315)] Child process died (type=6) pid=30571)
10-31 05:21:46.402 30153 30153 W chromium: [WARNING:compositor_view.cc(315)] Child process died (type=6) pid=30581)
10-31 05:21:46.403 30153 30153 W chromium: [WARNING:compositor_view.cc(315)] Child process died (type=6) pid=30490)
10-31 05:21:46.403 30153 30153 W chromium: [WARNING:compositor_view.cc(315)] Child process died (type=6) pid=30618)
10-31 05:21:46.403 30153 30153 W chromium: [WARNING:compositor_view.cc(315)] Child process died (type=6) pid=30520)
10-31 05:21:46.403 30153 30153 W chromium: [WARNING:compositor_view.cc(315)] Child process died (type=6) pid=30563)
10-31 05:21:46.404 30153 30153 W chromium: [WARNING:compositor_view.cc(315)] Child process died (type=6) pid=30461)
10-31 05:21:46.405 30153 30153 I FeedRequestManagerImpl: Request: /httpservice/noretry/DiscoverClankService/FeedQuery completed with response code: 200
10-31 05:21:46.414 30153 30153 I TaskQueue:  - task [IMMEDIATE - d: true, b: 2]: 15
10-31 05:21:46.414 30153 30153 I TaskQueue:  - queueTask starting immediate task
10-31 05:21:46.425   600  9614 D ActivityManager: cleanUpApplicationRecord -- 30478
10-31 05:21:46.432 30506 30707 I cr_LibraryLoader: Loaded native library version number "85.0.4183.127"
10-31 05:21:46.432 30506 30707 I cr_CachingUmaRecorder: Flushed 1 samples from 1 histograms.
10-31 05:21:46.451   600  6312 D ActivityManager: cleanUpApplicationRecord -- 30456
10-31 05:21:46.473 30153 30153 W chromium: [WARNING:compositor_view.cc(315)] Child process died (type=6) pid=30456)
10-31 05:21:46.491 30153 30153 W chromium: [WARNING:compositor_view.cc(315)] Child process died (type=6) pid=30478)
10-31 05:21:46.516 30506 30506 I cr_ChildProcessService: Destroying ChildProcessService pid=30506
10-31 05:21:46.535 30506 30707 I chromium: [INFO:child_process_service.cc(69)] ChildProcessService: Exiting child process.
10-31 05:21:46.816 27883 28009 W Icing   : No valid account for uploading user actions
10-31 05:21:46.831   600   713 I ActivityManager: Killing 30506:com.android.chrome:sandboxed_process13/u0a35i513 (adj 0): isolated not needed
10-31 05:21:46.839 27883 28399 I Icing   : IndexChimeraService.getServiceInterface callingPackage=com.google.android.gms componentName=null serviceId=30
10-31 05:21:46.856 30153 30203 I TaskQueue: Execute task [IMMEDIATE - d: true, b: 2]: 15
10-31 05:21:46.861   600 13557 D ActivityManager: cleanUpApplicationRecord -- 30506
10-31 05:21:46.906 30153 30153 W chromium: [WARNING:compositor_view.cc(315)] Child process died (type=6) pid=30506)
10-31 05:21:46.954 30153 30203 I MainThreadRunner: Running task [FeedRequestManagerImpl consumer] on the Main Thread
10-31 05:21:46.954 30153 30203 I TaskQueue:  - Finished 15, time 100 ms
10-31 05:21:46.955 30153 30153 I FeedProtocolAdapter: createModel, operations 33
10-31 05:21:46.964 30153 30153 I TimingUtils: Task Timing   8ms, thread ui | task : convertWireProtocol | mutations : 33
10-31 05:21:46.965 30153 30153 I TaskQueue:  - task [HEAD_RESET - d: true, b: 2]: 5
10-31 05:21:46.965 30153 30153 I TaskQueue:  - queueTask starting immediate task
10-31 05:21:46.966 30153 30203 I TaskQueue: Execute task [HEAD_RESET - d: true, b: 2]: 5
10-31 05:21:46.973 30153 30203 I TaskQueue:  - task [BACKGROUND - d: true, b: 2]: 23
10-31 05:21:46.973 30153 30203 W SessionCache: Persisted Sessions were not found
10-31 05:21:46.980 30153 30203 I PersistentFeedStore: commitSessionMutation - Success true, Update Session $HEAD, stream structures 32
10-31 05:21:46.985 30153 30203 I MainThreadRunner: Running task [SchedulerApiWrapper onReceiveNewContent] on the Main Thread
10-31 05:21:46.986 30153 30203 I MainThreadRunner: Running task [FeedKnownContentImpl onNewContentReceived] on the Main Thread
10-31 05:21:46.986 30153 30203 I SessionManagerMutation: Cleared Head, new creation time 10-31 05:21:46.973
10-31 05:21:46.986 30153 30203 I TimingUtils: Task Timing  20ms, thread background-1 | task : sessionMutation.commitTask:updateConsumer | mutations : 33 | userInitiated : false
10-31 05:21:46.987 30153 30203 I TaskQueue: Cancelling starvation checks
10-31 05:21:46.987 30153 30203 I TaskQueue:  - Finished 5, time 21 ms
10-31 05:21:46.987 30153 30203 I TaskQueue: Execute task [USER_FACING - d: false, b: 2]: 24
10-31 05:21:47.001 30153 30203 I TimeoutSessionImpl: TimeoutSession.populateModelProvider, shouldAppend false
10-31 05:21:47.001 30153 30203 I SessionImpl: PopulateModelProvider 32 items
10-31 05:21:47.001 30153 30203 I FeedModelProvider: FeedModelProvider - committer, structure changes 31, update changes 0
10-31 05:21:47.002 30153 30203 I FeedModelProvider: SyntheticTokenTracker: 0, 11, 11, false
10-31 05:21:47.002 30153 30203 I FeedSessionManagerImpl: Caching getStreamFeatures - items 31, cache misses 0, cache size 31
10-31 05:21:47.003 30153 30203 I FeedModelProvider: Moving _session:8748553d-643f-45c6-bb55-8d6626c71295 to READY
10-31 05:21:47.003 30153 30203 I MainThreadRunner: Running task [FeedModelProvider onSessionStart] on the Main Thread
10-31 05:21:47.004 30153 30153 I FeedModelProvider: No children found for Cursor
10-31 05:21:47.008 30153 30203 I FeedModelProvider: ModelProvider Mutation committed - structure changes 31, childrenToBind 31, removedChildren false, Token false
10-31 05:21:47.012 30153 30203 I FeedSessionManagerImpl: Populate new session: _session:8748553d-643f-45c6-bb55-8d6626c71295, creation time 10-31 05:21:47.001
10-31 05:21:47.012 30153 30203 I TimingUtils: Task Timing  24ms, thread background-2 | task : Create/Populate New Session
10-31 05:21:47.012 30153 30203 I TaskQueue:  - Finished 24, time 25 ms
10-31 05:21:47.012 30153 30203 I TaskQueue: Execute task [BACKGROUND - d: false, b: 1]: 11
10-31 05:21:47.012 30153 30203 I ContentGc: Re-enqueuing triggerContentGc; attempts(0)
10-31 05:21:47.012 30153 30203 I TaskQueue:  - task [BACKGROUND - d: false, b: 1]: 11
10-31 05:21:47.012 30153 30203 I TaskQueue:  - Finished 11, time 0 ms
10-31 05:21:47.013 30153 30203 I TaskQueue: Execute task [BACKGROUND - d: false, b: 1]: 23
10-31 05:21:47.205 30153 30203 I TimingUtils: Task Timing 191ms, thread background-3 | task : commitContentMutation | mutations : 32
10-31 05:21:47.205 30153 30203 I TimingUtils: Task Timing   0ms, thread background-4 | task : commitSemanticPropertiesMutation | mutations : 0
10-31 05:21:47.205 30153 30203 I TaskQueue:  - Finished 23, time 193 ms
10-31 05:21:47.206 30153 30203 I TaskQueue: Execute task [BACKGROUND - d: false, b: 0]: 11
10-31 05:21:47.207 30153 30203 I SessionCache: Determining accessible content
10-31 05:21:47.210 30153 30203 I TimingUtils: Task Timing   3ms, thread background-5 | task : ContentGc | contentItemsRemoved : 0
10-31 05:21:47.210 30153 30203 I TaskQueue:  - Finished 11, time 4 ms
10-31 05:21:47.280 30153 30213 W chromium: [WARNING:spdy_session.cc(3090)] Received RST for invalid stream1
10-31 05:21:47.665 30153 30208 I cr_omaha: Request to Server Successful. Timestamp for next request:1667193707665
10-31 05:21:47.740 30153 30208 I cr_omaha: Request to Server Successful. Timestamp for next request:1667193707740
10-31 05:21:47.740 30153 30208 I cr_omaha: Attempting to schedule next job for: Mon Oct 31 10:21:47 GMT+01:00 2022
10-31 05:21:47.743 30153 30153 I cr_omaha: Scheduled using JobService
10-31 05:21:47.743 30153 30153 E cr_BkgrdTaskJS: Tried finishing non-current BackgroundTask.
10-31 05:21:48.409   787 28597 W Icing   : isOptedInForAppHistory: empty Account Name encountered
10-31 05:21:48.450   787 28597 W Icing   : isOptedInForAppHistory: empty Account Name encountered
10-31 05:21:48.681   787 29312 W Icing   : isOptedInForAppHistory: empty Account Name encountered
10-31 05:21:48.745 27883 28009 E native  : document-store.cc:1328 Failed to update per-doc-data with usage report
10-31 05:21:48.926 27883 27894 W art     : Suspending all threads took: 126.497ms
10-31 05:21:48.932 27883 27894 I art     : Background sticky concurrent mark sweep GC freed 13398(803KB) AllocSpace objects, 7(140KB) LOS objects, 18% free, 7MB/8MB, paused 127.134ms total 141.643ms
10-31 05:21:48.974 27883 28009 I Icing   : Usage reports ok 2, Failed Usage reports 1, indexed 0, rejected 0
10-31 05:21:48.974 27883 28009 I Icing   : Removing corpus key com.android.chrome-omnibox for package com.android.chrome
10-31 05:21:49.070 27883 28009 I native  : document-store.cc:1654 Scored 2125 usage reports, missing_corpora 1144 update_failed 1
10-31 05:21:49.291 27883 28009 W Icing   : No valid account for uploading user actions
10-31 05:21:49.395 27883 28009 I Icing   : Usage reports ok 1, Failed Usage reports 0, indexed 1, rejected 0
10-31 05:21:49.397 27883 28009 W Icing   : No valid account for uploading user actions
10-31 05:21:49.407 27883 28009 I Icing   : Usage reports ok 0, Failed Usage reports 0, indexed 0, rejected 0
10-31 05:21:49.408 27883 28009 I Icing   : Indexing com.android.chrome-omnibox from com.android.chrome
10-31 05:21:49.502 27883 28009 I Icing   : Indexing done com.android.chrome-omnibox
10-31 05:21:49.834 30153 30153 E cr_BTSPrefs: No data found for task id: 53
10-31 05:21:49.834 30153 30153 E cr_BkgrdTaskScheduler: Task cannot be canceled because no data was found instorage or data was invalid
10-31 05:21:49.853 30153 30153 I cr_tabmodel: Appending tabs being restored to metadata lists, 0, startingNormalCount: 2, startingIncognitoCount: 0
10-31 05:21:49.853 30153 30153 I cr_tabmodel: Serializing tab lists; counts: 2, 0
10-31 05:21:50.283   787  1245 W Icing   : isOptedInForAppHistory: empty Account Name encountered
10-31 05:21:50.297   787  1245 W Icing   : isOptedInForAppHistory: empty Account Name encountered
10-31 05:21:50.310   787 26045 W Icing   : isOptedInForAppHistory: empty Account Name encountered
10-31 05:21:50.615 27883 28009 I Icing   : Indexing com.android.chrome-internal.3p:WebPage from com.android.chrome
10-31 05:21:50.625 27883 28009 E SQLiteLog: (1) no such table: WebPage_com.android.chrome_seq_table
10-31 05:21:50.633 27883 28009 E Icing   : Cursor call threw an exception: no such table: WebPage_com.android.chrome_seq_table (code 1): , while compiling: SELECT * FROM [WebPage_com.android.chrome_seq_table] WHERE seqno>0 AND tag IS NULL ORDER BY seqno LIMIT 20
10-31 05:21:50.643 27883 28009 I Icing   : Indexing done com.android.chrome-internal.3p:WebPage
10-31 05:21:50.643 27883 28009 E Icing   : Aborting indexing of corpus internal.3p:WebPage
10-31 05:21:50.647 27883 28009 I Icing   : Indexing com.android.chrome-internal.3p:WebPage from com.android.chrome using seqno 0
10-31 05:21:52.839 30153 30153 E cr_BTSPrefs: No data found for task id: 57
10-31 05:21:52.840 30153 30153 E cr_BkgrdTaskScheduler: Task cannot be canceled because no data was found instorage or data was invalid
10-31 05:21:52.841 30153 30153 E cr_BTSPrefs: No data found for task id: 56
10-31 05:21:52.841 30153 30153 E cr_BkgrdTaskScheduler: Task cannot be canceled because no data was found instorage or data was invalid
10-31 05:21:57.208 30733 30733 D AndroidRuntime: >>>>>> START com.android.internal.os.RuntimeInit uid 2000 <<<<<<
10-31 05:21:57.212 30733 30733 D AndroidRuntime: CheckJNI is OFF
10-31 05:21:57.277 30733 30733 D ICU     : No timezone override file found: /data/misc/zoneinfo/current/icu/icu_tzdata.dat
10-31 05:21:57.310 30733 30733 I Radio-JNI: register_android_hardware_Radio DONE
10-31 05:21:57.324 30733 30733 D AndroidRuntime: Calling main entry com.android.commands.monkey.Monkey
10-31 05:21:57.391   600   613 W BroadcastQueue: Skipping deliver [background] BroadcastRecord{132627a u-1 android.net.conn.CONNECTIVITY_CHANGE} to ReceiverList{d14a2b 30733 (unknown name)/2000/u-1 remote:6b0149c}: process crashing
10-31 05:21:58.883 30733 30733 D MonkeyStub: translateCommand: wake
10-31 05:21:59.026 30733 30733 D MonkeyStub: translateCommand: touch down 614 1561
10-31 05:21:59.045 30733 30733 D MonkeyStub: translateCommand: touch move 614 1561
10-31 05:21:59.157 30733 30733 D MonkeyStub: translateCommand: touch move 614 1436
10-31 05:21:59.267 30733 30733 D MonkeyStub: translateCommand: touch move 614 1311
10-31 05:21:59.383 30733 30733 D MonkeyStub: translateCommand: touch move 614 1186
10-31 05:21:59.495 30733 30733 D MonkeyStub: translateCommand: touch move 614 1061
10-31 05:21:59.607 30733 30733 D MonkeyStub: translateCommand: touch move 614 937
10-31 05:21:59.719 30733 30733 D MonkeyStub: translateCommand: touch move 614 812
10-31 05:21:59.826 30733 30733 D MonkeyStub: translateCommand: touch move 614 687
10-31 05:21:59.934 30733 30733 D MonkeyStub: translateCommand: touch move 614 562
10-31 05:22:00.040 30733 30733 D MonkeyStub: translateCommand: touch move 614 437
10-31 05:22:00.148 30733 30733 D MonkeyStub: translateCommand: touch move 614 312
10-31 05:22:00.150 30733 30733 D MonkeyStub: translateCommand: touch up 614 312
10-31 05:22:00.173 30733 30733 D MonkeyStub: translateCommand: touch down 614 1561
10-31 05:22:00.178 30733 30733 D MonkeyStub: translateCommand: touch move 614 1561
10-31 05:22:00.281 30733 30733 D MonkeyStub: translateCommand: touch move 614 1436
10-31 05:22:00.392 30733 30733 D MonkeyStub: translateCommand: touch move 614 1311
10-31 05:22:00.506 30733 30733 D MonkeyStub: translateCommand: touch move 614 1186
10-31 05:22:00.611 30733 30733 D MonkeyStub: translateCommand: touch move 614 1061
10-31 05:22:00.722 30733 30733 D MonkeyStub: translateCommand: touch move 614 937
10-31 05:22:00.831 30733 30733 D MonkeyStub: translateCommand: touch move 614 812
10-31 05:22:00.937 30733 30733 D MonkeyStub: translateCommand: touch move 614 687
10-31 05:22:01.048 30733 30733 D MonkeyStub: translateCommand: touch move 614 562
10-31 05:22:01.152 30733 30733 D MonkeyStub: translateCommand: touch move 614 437
10-31 05:22:01.260 30733 30733 D MonkeyStub: translateCommand: touch move 614 312
10-31 05:22:01.263 30733 30733 D MonkeyStub: translateCommand: touch up 614 312
10-31 05:22:05.360 30733 30733 D MonkeyStub: translateCommand: tap 139 85
10-31 05:22:05.619 27883 27894 I art     : Background partial concurrent mark sweep GC freed 17029(1237KB) AllocSpace objects, 9(180KB) LOS objects, 39% free, 6MB/11MB, paused 3.838ms total 106.906ms
10-31 05:22:05.628   787  1259 E AsyncOperation: serviceID=121, operation=GetLaunchDataOperation [CONTEXT service_id=259 ]
10-31 05:22:05.628   787  1259 E AsyncOperation: OperationException[Status{statusCode=Not an instant app, resolution=null}]
10-31 05:22:05.628   787  1259 E AsyncOperation: 	at aeay.a(:com.google.android.gms@203915020@20.39.15 (040406-335085812):20)
10-31 05:22:05.628   787  1259 E AsyncOperation: 	at aain.run(:com.google.android.gms@203915020@20.39.15 (040406-335085812):7)
10-31 05:22:05.628   787  1259 E AsyncOperation: 	at boex.run(:com.google.android.gms@203915020@20.39.15 (040406-335085812):2)
10-31 05:22:05.628   787  1259 E AsyncOperation: 	at sup.b(:com.google.android.gms@203915020@20.39.15 (040406-335085812):12)
10-31 05:22:05.628   787  1259 E AsyncOperation: 	at sup.run(:com.google.android.gms@203915020@20.39.15 (040406-335085812):7)
10-31 05:22:05.628   787  1259 E AsyncOperation: 	at java.util.concurrent.ThreadPoolExecutor.runWorker(ThreadPoolExecutor.java:1133)
10-31 05:22:05.628   787  1259 E AsyncOperation: 	at java.util.concurrent.ThreadPoolExecutor$Worker.run(ThreadPoolExecutor.java:607)
10-31 05:22:05.628   787  1259 E AsyncOperation: 	at tam.run(:com.google.android.gms@203915020@20.39.15 (040406-335085812):0)
10-31 05:22:05.628   787  1259 E AsyncOperation: 	at java.lang.Thread.run(Thread.java:761)
10-31 05:22:07.292   787 28590 W Icing   : isOptedInForAppHistory: empty Account Name encountered
10-31 05:22:07.308   787 28590 W Icing   : isOptedInForAppHistory: empty Account Name encountered
10-31 05:22:07.403   787 26045 W Icing   : isOptedInForAppHistory: empty Account Name encountered
10-31 05:22:09.542 30153 30153 I cr_tabmodel: Appending tabs being restored to metadata lists, 0, startingNormalCount: 2, startingIncognitoCount: 0
10-31 05:22:09.542 30153 30153 I cr_tabmodel: Serializing tab lists; counts: 2, 0
10-31 05:22:09.613   787  1716 W Icing   : isOptedInForAppHistory: empty Account Name encountered
10-31 05:22:09.645   787  1716 W Icing   : isOptedInForAppHistory: empty Account Name encountered
10-31 05:22:09.726   787 29312 W Icing   : isOptedInForAppHistory: empty Account Name encountered
10-31 05:22:13.392 30733 30733 D MonkeyStub: translateCommand: tap 993 1514
10-31 05:22:15.904 27883 28441 I Icing   : IndexChimeraService.getServiceInterface callingPackage=com.android.chrome componentName=null serviceId=36
10-31 05:22:15.926 27883 28389 W Icing   : No valid account for uploading user actions
10-31 05:22:15.957 27883 28441 I Icing   : IndexChimeraService.getServiceInterface callingPackage=com.google.android.gms componentName=null serviceId=30
10-31 05:22:16.019 27883 28389 I Icing   : Usage reports ok 3, Failed Usage reports 0, indexed 3, rejected 0
10-31 05:22:16.022 27883 28389 W Icing   : No valid account for uploading user actions
10-31 05:22:16.030 27883 28389 I Icing   : Usage reports ok 0, Failed Usage reports 0, indexed 0, rejected 0
10-31 05:22:16.031 27883 28389 I Icing   : Indexing com.android.chrome-internal.3p:WebPage from com.android.chrome using seqno 0
10-31 05:22:16.044 27883 28389 I Icing   : Indexing com.android.chrome-omnibox from com.android.chrome
10-31 05:22:16.073 27883 28389 I Icing   : Indexing done com.android.chrome-omnibox
10-31 05:22:17.077   787 28588 W Icing   : isOptedInForAppHistory: empty Account Name encountered
10-31 05:22:17.113   787 29929 W Icing   : isOptedInForAppHistory: empty Account Name encountered
10-31 05:22:17.645 30733 30733 D MonkeyStub: translateCommand: tap 1291 1873
10-31 05:22:19.730 30733 30733 D MonkeyStub: translateCommand: touch down 614 1561
10-31 05:22:19.739 30733 30733 D MonkeyStub: translateCommand: touch move 614 1561
10-31 05:22:19.846 30733 30733 D MonkeyStub: translateCommand: touch move 614 1436
10-31 05:22:19.955 30733 30733 D MonkeyStub: translateCommand: touch move 614 1311
10-31 05:22:20.069 30733 30733 D MonkeyStub: translateCommand: touch move 614 1186
10-31 05:22:20.200 30733 30733 D MonkeyStub: translateCommand: touch move 614 1061
10-31 05:22:20.311 30733 30733 D MonkeyStub: translateCommand: touch move 614 937
10-31 05:22:20.418 30733 30733 D MonkeyStub: translateCommand: touch move 614 812
10-31 05:22:20.529 30733 30733 D MonkeyStub: translateCommand: touch move 614 687
10-31 05:22:20.581   600   647 I WifiHAL : Got channel list with 13 channels
10-31 05:22:20.583   600   647 I WifiHAL : Got channel list with 4 channels
10-31 05:22:20.584   600   647 I WifiHAL : Got channel list with 15 channels
10-31 05:22:20.709 30733 30733 D MonkeyStub: translateCommand: touch move 614 562
10-31 05:22:20.833 30733 30733 D MonkeyStub: translateCommand: touch move 614 437
10-31 05:22:20.940   198   198 E SELinux : avc:  denied  { find } for service=netd pid=30782 uid=2000 scontext=u:r:shell:s0 tcontext=u:object_r:netd_service:s0 tclass=service_manager permissive=0
10-31 05:22:20.944   198   198 E SELinux : avc:  denied  { find } for service=android.service.gatekeeper.IGateKeeperService pid=30782 uid=2000 scontext=u:r:shell:s0 tcontext=u:object_r:gatekeeper_service:s0 tclass=service_manager permissive=0
10-31 05:22:20.947 30733 30733 D MonkeyStub: translateCommand: touch move 614 312
10-31 05:22:20.951 30733 30733 D MonkeyStub: translateCommand: touch up 614 312
10-31 05:22:20.985   787 29929 I NetworkScheduler.Stats: Task com.google.android.gms/com.google.android.gms.icing.service.IcingGcmTaskService started execution. cause:4 exec_start_elapsed_seconds: 142189 [CONTEXT service_id=218 ]
10-31 05:22:20.987 30733 30733 D MonkeyStub: translateCommand: touch down 614 1561
10-31 05:22:20.994 30733 30733 D MonkeyStub: translateCommand: touch move 614 1561
10-31 05:22:21.020   787 29312 I NetworkScheduler.Stats: Task com.google.android.gms/com.google.android.gms.icing.service.IcingGcmTaskService finished executing. cause:4 result: 1 elapsed_millis: 112 uptime_millis: 112 exec_start_elapsed_seconds: 142189 [CONTEXT service_id=218 ]
10-31 05:22:21.109 30733 30733 D MonkeyStub: translateCommand: touch move 614 1436
10-31 05:22:21.223 30733 30733 D MonkeyStub: translateCommand: touch move 614 1311
10-31 05:22:21.336 30733 30733 D MonkeyStub: translateCommand: touch move 614 1186
10-31 05:22:21.449 30733 30733 D MonkeyStub: translateCommand: touch move 614 1061
10-31 05:22:21.559 30733 30733 D MonkeyStub: translateCommand: touch move 614 937
10-31 05:22:21.676 30733 30733 D MonkeyStub: translateCommand: touch move 614 812
10-31 05:22:21.786 30733 30733 D MonkeyStub: translateCommand: touch move 614 687
10-31 05:22:21.892 30733 30733 D MonkeyStub: translateCommand: touch move 614 562
10-31 05:22:22.002 30733 30733 D MonkeyStub: translateCommand: touch move 614 437
10-31 05:22:22.119 30733 30733 D MonkeyStub: translateCommand: touch move 614 312
10-31 05:22:22.125 30733 30733 D MonkeyStub: translateCommand: touch up 614 312
10-31 05:22:25.085   600  3994 I ActivityManager: Start proc 30786:com.android.chrome:sandboxed_process22/u0i522 for service com.android.chrome/org.chromium.content.app.SandboxedProcessService22
10-31 05:22:25.151 30786 30786 W boxed_process22: type=1400 audit(0.0:11147): avc: denied { getattr } for path="/data/data/com.android.chrome" dev="dm-2" ino=12190 scontext=u:r:isolated_app:s0:c512,c768 tcontext=u:object_r:app_data_file:s0:c512,c768 tclass=dir permissive=0
10-31 05:22:25.185 30786 30786 I cr_ChildProcessService: Creating new ChildProcessService pid=30786
10-31 05:22:25.250 30786 30799 I cr_LibraryLoader: Loaded native library version number "85.0.4183.127"
10-31 05:22:25.251 30786 30799 I cr_CachingUmaRecorder: Flushed 1 samples from 1 histograms.
10-31 05:22:25.271 30799 30799 W CrUtilityMain: type=1400 audit(0.0:11148): avc: denied { setattr } for name="LICENSE.txt" dev="dm-2" ino=62920 scontext=u:r:isolated_app:s0:c512,c768 tcontext=u:object_r:app_data_file:s0:c512,c768 tclass=file permissive=0
10-31 05:22:25.271 30799 30799 W CrUtilityMain: type=1400 audit(0.0:11149): avc: denied { setattr } for name=46696C746572696E672052756C6573 dev="dm-2" ino=64317 scontext=u:r:isolated_app:s0:c512,c768 tcontext=u:object_r:app_data_file:s0:c512,c768 tclass=file permissive=0
10-31 05:22:25.271 30799 30799 W CrUtilityMain: type=1400 audit(0.0:11150): avc: denied { setattr } for name="manifest.json" dev="dm-2" ino=59204 scontext=u:r:isolated_app:s0:c512,c768 tcontext=u:object_r:app_data_file:s0:c512,c768 tclass=file permissive=0
10-31 05:22:25.275 30799 30799 W CrUtilityMain: type=1400 audit(0.0:11151): avc: denied { setattr } for name="verified_contents.json" dev="dm-2" ino=60502 scontext=u:r:isolated_app:s0:c512,c768 tcontext=u:object_r:app_data_file:s0:c512,c768 tclass=file permissive=0
10-31 05:22:25.283 30786 30786 I cr_ChildProcessService: Destroying ChildProcessService pid=30786
10-31 05:22:25.287 30786 30799 I chromium: [INFO:child_process_service.cc(69)] ChildProcessService: Exiting child process.
10-31 05:22:25.323   600 24515 I ActivityManager: Process com.android.chrome:sandboxed_process22 (pid 30786) has died
10-31 05:22:25.323   600 24515 D ActivityManager: cleanUpApplicationRecord -- 30786
10-31 05:22:25.328 30153 30153 W chromium: [WARNING:compositor_view.cc(315)] Child process died (type=6) pid=30786)
10-31 05:22:25.770   600  3675 I ActivityManager: Start proc 30805:com.android.chrome:sandboxed_process23/u0i523 for service com.android.chrome/org.chromium.content.app.SandboxedProcessService23
10-31 05:22:25.798 30805 30805 W boxed_process23: type=1400 audit(0.0:11152): avc: denied { getattr } for path="/data/data/com.android.chrome" dev="dm-2" ino=12190 scontext=u:r:isolated_app:s0:c512,c768 tcontext=u:object_r:app_data_file:s0:c512,c768 tclass=dir permissive=0
10-31 05:22:25.817 30805 30805 I cr_ChildProcessService: Creating new ChildProcessService pid=30805
10-31 05:22:25.851 30805 30818 I cr_LibraryLoader: Loaded native library version number "85.0.4183.127"
10-31 05:22:25.851 30805 30818 I cr_CachingUmaRecorder: Flushed 1 samples from 1 histograms.
10-31 05:22:25.885 30818 30818 W CrUtilityMain: type=1400 audit(0.0:11153): avc: denied { setattr } for name="tl_en-us_2022-10-24_484508980_100000_index.bin" dev="dm-2" ino=58481 scontext=u:r:isolated_app:s0:c512,c768 tcontext=u:object_r:app_data_file:s0:c512,c768 tclass=file permissive=0
10-31 05:22:25.885 30818 30818 W CrUtilityMain: type=1400 audit(0.0:11154): avc: denied { setattr } for name="manifest.json" dev="dm-2" ino=24466 scontext=u:r:isolated_app:s0:c512,c768 tcontext=u:object_r:app_data_file:s0:c512,c768 tclass=file permissive=0
10-31 05:22:25.888 30818 30818 W CrUtilityMain: type=1400 audit(0.0:11155): avc: denied { setattr } for name="verified_contents.json" dev="dm-2" ino=57603 scontext=u:r:isolated_app:s0:c512,c768 tcontext=u:object_r:app_data_file:s0:c512,c768 tclass=file permissive=0
10-31 05:22:25.894 30805 30818 I chromium: [INFO:child_process_service.cc(69)] ChildProcessService: Exiting child process.
10-31 05:22:25.896   197   197 E lowmemorykiller: Error writing /proc/30805/oom_score_adj; errno=22
10-31 05:22:25.910   600   713 I ActivityManager: Process com.android.chrome:sandboxed_process23 (pid 30805) has died
10-31 05:22:25.910   600   713 D ActivityManager: cleanUpApplicationRecord -- 30805
10-31 05:22:25.911 30153 30153 W chromium: [WARNING:compositor_view.cc(315)] Child process died (type=6) pid=30805)
10-31 05:22:26.602   600 24611 I ActivityManager: Start proc 30822:com.android.chrome:sandboxed_process24/u0i524 for service com.android.chrome/org.chromium.content.app.SandboxedProcessService24
10-31 05:22:26.665 30822 30822 W boxed_process24: type=1400 audit(0.0:11156): avc: denied { getattr } for path="/data/data/com.android.chrome" dev="dm-2" ino=12190 scontext=u:r:isolated_app:s0:c512,c768 tcontext=u:object_r:app_data_file:s0:c512,c768 tclass=dir permissive=0
10-31 05:22:26.696 30822 30822 I cr_ChildProcessService: Creating new ChildProcessService pid=30822
10-31 05:22:26.753 30822 30835 I cr_LibraryLoader: Loaded native library version number "85.0.4183.127"
10-31 05:22:26.753 30822 30835 I cr_CachingUmaRecorder: Flushed 1 samples from 1 histograms.
10-31 05:22:26.775 30835 30835 W CrUtilityMain: type=1400 audit(0.0:11157): avc: denied { setattr } for name="optimization-hints.pb" dev="dm-2" ino=57992 scontext=u:r:isolated_app:s0:c512,c768 tcontext=u:object_r:app_data_file:s0:c512,c768 tclass=file permissive=0
10-31 05:22:26.775 30835 30835 W CrUtilityMain: type=1400 audit(0.0:11158): avc: denied { setattr } for name="manifest.json" dev="dm-2" ino=57360 scontext=u:r:isolated_app:s0:c512,c768 tcontext=u:object_r:app_data_file:s0:c512,c768 tclass=file permissive=0
10-31 05:22:26.778 30835 30835 W CrUtilityMain: type=1400 audit(0.0:11159): avc: denied { setattr } for name="verified_contents.json" dev="dm-2" ino=58215 scontext=u:r:isolated_app:s0:c512,c768 tcontext=u:object_r:app_data_file:s0:c512,c768 tclass=file permissive=0
10-31 05:22:26.788 30822 30835 I chromium: [INFO:child_process_service.cc(69)] ChildProcessService: Exiting child process.
10-31 05:22:26.790   197   197 E lowmemorykiller: Error writing /proc/30822/oom_score_adj; errno=22
10-31 05:22:26.806   600  1082 I ActivityManager: Process com.android.chrome:sandboxed_process24 (pid 30822) has died
10-31 05:22:26.806   600  1082 D ActivityManager: cleanUpApplicationRecord -- 30822
10-31 05:22:26.810 30153 30153 W chromium: [WARNING:compositor_view.cc(315)] Child process died (type=6) pid=30822)
10-31 05:22:27.266 30733 30733 D MonkeyStub: translateCommand: touch down 614 312
10-31 05:22:27.278 30733 30733 D MonkeyStub: translateCommand: touch move 614 312
10-31 05:22:27.389 30733 30733 D MonkeyStub: translateCommand: touch move 614 437
10-31 05:22:27.495 30733 30733 D MonkeyStub: translateCommand: touch move 614 562
10-31 05:22:27.606 30733 30733 D MonkeyStub: translateCommand: touch move 614 687
10-31 05:22:27.713 30733 30733 D MonkeyStub: translateCommand: touch move 614 812
10-31 05:22:27.742   600  9614 I ActivityManager: Start proc 30839:com.android.chrome:sandboxed_process25/u0i525 for service com.android.chrome/org.chromium.content.app.SandboxedProcessService25
10-31 05:22:27.811 30839 30839 W boxed_process25: type=1400 audit(0.0:11160): avc: denied { getattr } for path="/data/data/com.android.chrome" dev="dm-2" ino=12190 scontext=u:r:isolated_app:s0:c512,c768 tcontext=u:object_r:app_data_file:s0:c512,c768 tclass=dir permissive=0
10-31 05:22:27.825 30733 30733 D MonkeyStub: translateCommand: touch move 614 937
10-31 05:22:27.836 30839 30839 I cr_ChildProcessService: Creating new ChildProcessService pid=30839
10-31 05:22:27.888 30839 30852 I cr_LibraryLoader: Loaded native library version number "85.0.4183.127"
10-31 05:22:27.889 30839 30852 I cr_CachingUmaRecorder: Flushed 1 samples from 1 histograms.
10-31 05:22:27.901 30852 30852 W CrUtilityMain: type=1400 audit(0.0:11161): avc: denied { setattr } for name="crl-set" dev="dm-2" ino=57786 scontext=u:r:isolated_app:s0:c512,c768 tcontext=u:object_r:app_data_file:s0:c512,c768 tclass=file permissive=0
10-31 05:22:27.901 30852 30852 W CrUtilityMain: type=1400 audit(0.0:11162): avc: denied { setattr } for name="manifest.json" dev="dm-2" ino=58019 scontext=u:r:isolated_app:s0:c512,c768 tcontext=u:object_r:app_data_file:s0:c512,c768 tclass=file permissive=0
10-31 05:22:27.901 30852 30852 W CrUtilityMain: type=1400 audit(0.0:11163): avc: denied { setattr } for name="LICENSE" dev="dm-2" ino=57394 scontext=u:r:isolated_app:s0:c512,c768 tcontext=u:object_r:app_data_file:s0:c512,c768 tclass=file permissive=0
10-31 05:22:27.905 30852 30852 W CrUtilityMain: type=1400 audit(0.0:11164): avc: denied { setattr } for name="verified_contents.json" dev="dm-2" ino=57864 scontext=u:r:isolated_app:s0:c512,c768 tcontext=u:object_r:app_data_file:s0:c512,c768 tclass=file permissive=0
10-31 05:22:27.915 30839 30839 I cr_ChildProcessService: Destroying ChildProcessService pid=30839
10-31 05:22:27.916 30839 30852 I chromium: [INFO:child_process_service.cc(69)] ChildProcessService: Exiting child process.
10-31 05:22:27.931   600 24611 I ActivityManager: Process com.android.chrome:sandboxed_process25 (pid 30839) has died
10-31 05:22:27.931   600 24611 D ActivityManager: cleanUpApplicationRecord -- 30839
10-31 05:22:27.932 30733 30733 D MonkeyStub: translateCommand: touch move 614 1061
10-31 05:22:27.934 30153 30153 W chromium: [WARNING:compositor_view.cc(315)] Child process died (type=6) pid=30839)
10-31 05:22:28.042 30733 30733 D MonkeyStub: translateCommand: touch move 614 1186
10-31 05:22:28.160 30733 30733 D MonkeyStub: translateCommand: touch move 614 1311
10-31 05:22:28.268 30733 30733 D MonkeyStub: translateCommand: touch move 614 1436
10-31 05:22:28.374 30733 30733 D MonkeyStub: translateCommand: touch move 614 1561
10-31 05:22:28.381 30733 30733 D MonkeyStub: translateCommand: touch up 614 1561
10-31 05:22:29.084   600  1080 I ActivityManager: Start proc 30858:com.android.chrome:sandboxed_process26/u0i526 for service com.android.chrome/org.chromium.content.app.SandboxedProcessService26
10-31 05:22:29.125 30858 30858 W boxed_process26: type=1400 audit(0.0:11165): avc: denied { getattr } for path="/data/data/com.android.chrome" dev="dm-2" ino=12190 scontext=u:r:isolated_app:s0:c512,c768 tcontext=u:object_r:app_data_file:s0:c512,c768 tclass=dir permissive=0
10-31 05:22:29.145 30858 30858 I cr_ChildProcessService: Creating new ChildProcessService pid=30858
10-31 05:22:29.184 30858 30871 I cr_LibraryLoader: Loaded native library version number "85.0.4183.127"
10-31 05:22:29.184 30858 30871 I cr_CachingUmaRecorder: Flushed 1 samples from 1 histograms.
10-31 05:22:29.195 30871 30871 W CrUtilityMain: type=1400 audit(0.0:11166): avc: denied { setattr } for name="manifest.json" dev="dm-2" ino=58149 scontext=u:r:isolated_app:s0:c512,c768 tcontext=u:object_r:app_data_file:s0:c512,c768 tclass=file permissive=0
10-31 05:22:29.198 30871 30871 W CrUtilityMain: type=1400 audit(0.0:11167): avc: denied { setattr } for name="verified_contents.json" dev="dm-2" ino=58275 scontext=u:r:isolated_app:s0:c512,c768 tcontext=u:object_r:app_data_file:s0:c512,c768 tclass=file permissive=0
10-31 05:22:29.204 30858 30871 I chromium: [INFO:child_process_service.cc(69)] ChildProcessService: Exiting child process.
10-31 05:22:29.207   197   197 E lowmemorykiller: Error writing /proc/30858/oom_score_adj; errno=22
10-31 05:22:29.222   600 13557 I ActivityManager: Process com.android.chrome:sandboxed_process26 (pid 30858) has died
10-31 05:22:29.223   600 13557 D ActivityManager: cleanUpApplicationRecord -- 30858
10-31 05:22:29.224 30153 30153 W chromium: [WARNING:compositor_view.cc(315)] Child process died (type=6) pid=30858)
10-31 05:22:30.525 30733 30733 D MonkeyStub: translateCommand: tap 758 273
10-31 05:22:30.592   600 25704 I ActivityManager: Start proc 30875:com.android.chrome:sandboxed_process27/u0i527 for service com.android.chrome/org.chromium.content.app.SandboxedProcessService27
10-31 05:22:30.722   787  1259 E AsyncOperation: serviceID=121, operation=GetLaunchDataOperation [CONTEXT service_id=259 ]
10-31 05:22:30.722   787  1259 E AsyncOperation: OperationException[Status{statusCode=Not an instant app, resolution=null}]
10-31 05:22:30.722   787  1259 E AsyncOperation: 	at aeay.a(:com.google.android.gms@203915020@20.39.15 (040406-335085812):20)
10-31 05:22:30.722   787  1259 E AsyncOperation: 	at aain.run(:com.google.android.gms@203915020@20.39.15 (040406-335085812):7)
10-31 05:22:30.722   787  1259 E AsyncOperation: 	at boex.run(:com.google.android.gms@203915020@20.39.15 (040406-335085812):2)
10-31 05:22:30.722   787  1259 E AsyncOperation: 	at sup.b(:com.google.android.gms@203915020@20.39.15 (040406-335085812):12)
10-31 05:22:30.722   787  1259 E AsyncOperation: 	at sup.run(:com.google.android.gms@203915020@20.39.15 (040406-335085812):7)
10-31 05:22:30.722   787  1259 E AsyncOperation: 	at java.util.concurrent.ThreadPoolExecutor.runWorker(ThreadPoolExecutor.java:1133)
10-31 05:22:30.722   787  1259 E AsyncOperation: 	at java.util.concurrent.ThreadPoolExecutor$Worker.run(ThreadPoolExecutor.java:607)
10-31 05:22:30.722   787  1259 E AsyncOperation: 	at tam.run(:com.google.android.gms@203915020@20.39.15 (040406-335085812):0)
10-31 05:22:30.722   787  1259 E AsyncOperation: 	at java.lang.Thread.run(Thread.java:761)
10-31 05:22:30.735 30875 30875 W boxed_process27: type=1400 audit(0.0:11168): avc: denied { getattr } for path="/data/data/com.android.chrome" dev="dm-2" ino=12190 scontext=u:r:isolated_app:s0:c512,c768 tcontext=u:object_r:app_data_file:s0:c512,c768 tclass=dir permissive=0
10-31 05:22:30.781 30875 30875 I cr_ChildProcessService: Creating new ChildProcessService pid=30875
10-31 05:22:30.849 30875 30889 I cr_LibraryLoader: Loaded native library version number "85.0.4183.127"
10-31 05:22:30.850 30875 30889 I cr_CachingUmaRecorder: Flushed 1 samples from 1 histograms.
10-31 05:22:30.861 30889 30889 W CrUtilityMain: type=1400 audit(0.0:11169): avc: denied { setattr } for name="download_file_types.pb" dev="dm-2" ino=24038 scontext=u:r:isolated_app:s0:c512,c768 tcontext=u:object_r:app_data_file:s0:c512,c768 tclass=file permissive=0
10-31 05:22:30.865 30889 30889 W CrUtilityMain: type=1400 audit(0.0:11170): avc: denied { setattr } for name="manifest.json" dev="dm-2" ino=56900 scontext=u:r:isolated_app:s0:c512,c768 tcontext=u:object_r:app_data_file:s0:c512,c768 tclass=file permissive=0
10-31 05:22:30.865 30889 30889 W CrUtilityMain: type=1400 audit(0.0:11171): avc: denied { setattr } for name="verified_contents.json" dev="dm-2" ino=56953 scontext=u:r:isolated_app:s0:c512,c768 tcontext=u:object_r:app_data_file:s0:c512,c768 tclass=file permissive=0
10-31 05:22:30.872 30875 30875 I cr_ChildProcessService: Destroying ChildProcessService pid=30875
10-31 05:22:30.873 30875 30889 I chromium: [INFO:child_process_service.cc(69)] ChildProcessService: Exiting child process.
10-31 05:22:30.893   600 29683 I ActivityManager: Process com.android.chrome:sandboxed_process27 (pid 30875) has died
10-31 05:22:30.893   600 29683 D ActivityManager: cleanUpApplicationRecord -- 30875
10-31 05:22:30.922 30153 30153 W chromium: [WARNING:compositor_view.cc(315)] Child process died (type=6) pid=30875)
10-31 05:22:31.937   787   805 W Icing   : isOptedInForAppHistory: empty Account Name encountered
10-31 05:22:31.948   787   805 W Icing   : isOptedInForAppHistory: empty Account Name encountered
10-31 05:22:31.962   787 29312 W Icing   : isOptedInForAppHistory: empty Account Name encountered
10-31 05:22:32.273 30153 30153 I cr_tabmodel: Appending tabs being restored to metadata lists, 0, startingNormalCount: 2, startingIncognitoCount: 0
10-31 05:22:32.273 30153 30153 I cr_tabmodel: Serializing tab lists; counts: 2, 0
10-31 05:22:32.570 30733 30733 D MonkeyStub: translateCommand: tap 355 362
10-31 05:22:32.625   600  1079 I ActivityManager: Start proc 30895:com.android.chrome:sandboxed_process28/u0i528 for service com.android.chrome/org.chromium.content.app.SandboxedProcessService28
10-31 05:22:32.695 30895 30895 W boxed_process28: type=1400 audit(0.0:11172): avc: denied { getattr } for path="/data/data/com.android.chrome" dev="dm-2" ino=12190 scontext=u:r:isolated_app:s0:c512,c768 tcontext=u:object_r:app_data_file:s0:c512,c768 tclass=dir permissive=0
10-31 05:22:32.726 30895 30895 I cr_ChildProcessService: Creating new ChildProcessService pid=30895
10-31 05:22:32.782   787  1259 E AsyncOperation: serviceID=121, operation=GetLaunchDataOperation [CONTEXT service_id=259 ]
10-31 05:22:32.782   787  1259 E AsyncOperation: OperationException[Status{statusCode=Not an instant app, resolution=null}]
10-31 05:22:32.782   787  1259 E AsyncOperation: 	at aeay.a(:com.google.android.gms@203915020@20.39.15 (040406-335085812):20)
10-31 05:22:32.782   787  1259 E AsyncOperation: 	at aain.run(:com.google.android.gms@203915020@20.39.15 (040406-335085812):7)
10-31 05:22:32.782   787  1259 E AsyncOperation: 	at boex.run(:com.google.android.gms@203915020@20.39.15 (040406-335085812):2)
10-31 05:22:32.782   787  1259 E AsyncOperation: 	at sup.b(:com.google.android.gms@203915020@20.39.15 (040406-335085812):12)
10-31 05:22:32.782   787  1259 E AsyncOperation: 	at sup.run(:com.google.android.gms@203915020@20.39.15 (040406-335085812):7)
