10-31 07:13:55.390 26510 26510 W CrUtilityMain: type=1400 audit(0.0:11827): avc: denied { setattr } for name="verified_contents.json" dev="dm-2" ino=58058 scontext=u:r:isolated_app:s0:c512,c768 tcontext=u:object_r:app_data_file:s0:c512,c768 tclass=file permissive=0
10-31 07:13:55.406 26497 26497 I cr_ChildProcessService: Destroying ChildProcessService pid=26497
10-31 07:13:55.406 26497 26510 I chromium: [INFO:child_process_service.cc(69)] ChildProcessService: Exiting child process.
10-31 07:13:55.430   600   707 I ActivityManager: Process com.android.chrome:sandboxed_process27 (pid 26497) has died
10-31 07:13:55.430   600   707 D ActivityManager: cleanUpApplicationRecord -- 26497
10-31 07:13:55.435 25783 25783 W chromium: [WARNING:compositor_view.cc(315)] Child process died (type=6) pid=26497)
10-31 07:13:55.989 26325 26325 D MonkeyStub: translateCommand: touch down 614 1561
10-31 07:13:56.000 26325 26325 D MonkeyStub: translateCommand: touch move 614 1561
10-31 07:13:56.106 26325 26325 D MonkeyStub: translateCommand: touch move 614 1436
10-31 07:13:56.229 26325 26325 D MonkeyStub: translateCommand: touch move 614 1311
10-31 07:13:56.341 26325 26325 D MonkeyStub: translateCommand: touch move 614 1186
10-31 07:13:56.441 25783 25783 I cr_tabmodel: Appending tabs being restored to metadata lists, 0, startingNormalCount: 2, startingIncognitoCount: 0
10-31 07:13:56.441 25783 25783 I cr_tabmodel: Serializing tab lists; counts: 2, 0
10-31 07:13:56.445 26325 26325 D MonkeyStub: translateCommand: touch move 614 1061
10-31 07:13:56.549 26325 26325 D MonkeyStub: translateCommand: touch move 614 937
10-31 07:13:56.653 26325 26325 D MonkeyStub: translateCommand: touch move 614 812
10-31 07:13:56.761 26325 26325 D MonkeyStub: translateCommand: touch move 614 687
10-31 07:13:56.784 25783 25783 I cr_tabmodel: Appending tabs being restored to metadata lists, 0, startingNormalCount: 2, startingIncognitoCount: 0
10-31 07:13:56.784 25783 25783 I cr_tabmodel: Serializing tab lists; counts: 2, 0
10-31 07:13:56.868 26325 26325 D MonkeyStub: translateCommand: touch move 614 562
10-31 07:13:56.977 26325 26325 D MonkeyStub: translateCommand: touch move 614 437
10-31 07:13:56.989 25783 25783 I cr_tabmodel: Appending tabs being restored to metadata lists, 0, startingNormalCount: 2, startingIncognitoCount: 0
10-31 07:13:56.989 25783 25783 I cr_tabmodel: Serializing tab lists; counts: 2, 0
10-31 07:13:57.088 26325 26325 D MonkeyStub: translateCommand: touch move 614 312
10-31 07:13:57.095 26325 26325 D MonkeyStub: translateCommand: touch up 614 312
10-31 07:13:57.111 26325 26325 D MonkeyStub: translateCommand: touch down 614 1561
10-31 07:13:57.116 26325 26325 D MonkeyStub: translateCommand: touch move 614 1561
10-31 07:13:57.229 26325 26325 D MonkeyStub: translateCommand: touch move 614 1436
10-31 07:13:57.343 26325 26325 D MonkeyStub: translateCommand: touch move 614 1311
10-31 07:13:57.456 26325 26325 D MonkeyStub: translateCommand: touch move 614 1186
10-31 07:13:57.560 26325 26325 D MonkeyStub: translateCommand: touch move 614 1061
10-31 07:13:57.670 26325 26325 D MonkeyStub: translateCommand: touch move 614 937
10-31 07:13:57.775 26325 26325 D MonkeyStub: translateCommand: touch move 614 812
10-31 07:13:57.843   600 24515 I ActivityManager: Start proc 26517:com.android.chrome:sandboxed_process28/u0i964 for service com.android.chrome/org.chromium.content.app.SandboxedProcessService28
10-31 07:13:57.886 26325 26325 D MonkeyStub: translateCommand: touch move 614 687
10-31 07:13:57.940 26517 26517 W boxed_process28: type=1400 audit(0.0:11828): avc: denied { getattr } for path="/data/data/com.android.chrome" dev="dm-2" ino=12190 scontext=u:r:isolated_app:s0:c512,c768 tcontext=u:object_r:app_data_file:s0:c512,c768 tclass=dir permissive=0
10-31 07:13:57.968 26517 26517 I cr_ChildProcessService: Creating new ChildProcessService pid=26517
10-31 07:13:57.994 26325 26325 D MonkeyStub: translateCommand: touch move 614 562
10-31 07:13:58.035 26517 26530 I cr_LibraryLoader: Loaded native library version number "85.0.4183.127"
10-31 07:13:58.035 26517 26530 I cr_CachingUmaRecorder: Flushed 1 samples from 1 histograms.
10-31 07:13:58.056 26530 26530 W CrUtilityMain: type=1400 audit(0.0:11829): avc: denied { setattr } for name=5072656C6F61642044617461 dev="dm-2" ino=58501 scontext=u:r:isolated_app:s0:c512,c768 tcontext=u:object_r:app_data_file:s0:c512,c768 tclass=file permissive=0
10-31 07:13:58.056 26530 26530 W CrUtilityMain: type=1400 audit(0.0:11830): avc: denied { setattr } for name="manifest.json" dev="dm-2" ino=58724 scontext=u:r:isolated_app:s0:c512,c768 tcontext=u:object_r:app_data_file:s0:c512,c768 tclass=file permissive=0
10-31 07:13:58.056 26530 26530 W CrUtilityMain: type=1400 audit(0.0:11831): avc: denied { setattr } for name="verified_contents.json" dev="dm-2" ino=58780 scontext=u:r:isolated_app:s0:c512,c768 tcontext=u:object_r:app_data_file:s0:c512,c768 tclass=file permissive=0
10-31 07:13:58.072 26517 26517 I cr_ChildProcessService: Destroying ChildProcessService pid=26517
10-31 07:13:58.072 26517 26530 I chromium: [INFO:child_process_service.cc(69)] ChildProcessService: Exiting child process.
10-31 07:13:58.100 26325 26325 D MonkeyStub: translateCommand: touch move 614 437
10-31 07:13:58.115   600  3675 I ActivityManager: Process com.android.chrome:sandboxed_process28 (pid 26517) has died
10-31 07:13:58.115   600  3675 D ActivityManager: cleanUpApplicationRecord -- 26517
10-31 07:13:58.124 25783 25783 W chromium: [WARNING:compositor_view.cc(315)] Child process died (type=6) pid=26517)
10-31 07:13:58.211 26325 26325 D MonkeyStub: translateCommand: touch move 614 312
10-31 07:13:58.217 26325 26325 D MonkeyStub: translateCommand: touch up 614 312
10-31 07:14:00.246 26325 26325 D MonkeyStub: translateCommand: touch down 614 1561
10-31 07:14:00.251 26325 26325 D MonkeyStub: translateCommand: touch move 614 1561
10-31 07:14:00.375 26325 26325 D MonkeyStub: translateCommand: touch move 614 1436
10-31 07:14:00.486 26325 26325 D MonkeyStub: translateCommand: touch move 614 1311
10-31 07:14:00.486 25783 25783 I cr_tabmodel: Appending tabs being restored to metadata lists, 0, startingNormalCount: 2, startingIncognitoCount: 0
10-31 07:14:00.486 25783 25783 I cr_tabmodel: Serializing tab lists; counts: 2, 0
10-31 07:14:00.594 26325 26325 D MonkeyStub: translateCommand: touch move 614 1186
10-31 07:14:00.698 26325 26325 D MonkeyStub: translateCommand: touch move 614 1061
10-31 07:14:00.782   600  1079 I ActivityManager: Start proc 26537:com.android.chrome:sandboxed_process29/u0i965 for service com.android.chrome/org.chromium.content.app.SandboxedProcessService29
10-31 07:14:00.807 26325 26325 D MonkeyStub: translateCommand: touch move 614 937
10-31 07:14:00.823 26537 26537 W boxed_process29: type=1400 audit(0.0:11832): avc: denied { getattr } for path="/data/data/com.android.chrome" dev="dm-2" ino=12190 scontext=u:r:isolated_app:s0:c512,c768 tcontext=u:object_r:app_data_file:s0:c512,c768 tclass=dir permissive=0
10-31 07:14:00.846 26537 26537 I cr_ChildProcessService: Creating new ChildProcessService pid=26537
10-31 07:14:00.893 26537 26550 I cr_LibraryLoader: Loaded native library version number "85.0.4183.127"
10-31 07:14:00.893 26537 26550 I cr_CachingUmaRecorder: Flushed 1 samples from 1 histograms.
10-31 07:14:00.906 26550 26550 W CrUtilityMain: type=1400 audit(0.0:11833): avc: denied { setattr } for name="tls_deprecation_config.pb" dev="dm-2" ino=62750 scontext=u:r:isolated_app:s0:c512,c768 tcontext=u:object_r:app_data_file:s0:c512,c768 tclass=file permissive=0
10-31 07:14:00.910 26550 26550 W CrUtilityMain: type=1400 audit(0.0:11834): avc: denied { setattr } for name="manifest.json" dev="dm-2" ino=24397 scontext=u:r:isolated_app:s0:c512,c768 tcontext=u:object_r:app_data_file:s0:c512,c768 tclass=file permissive=0
10-31 07:14:00.910 26550 26550 W CrUtilityMain: type=1400 audit(0.0:11835): avc: denied { setattr } for name="verified_contents.json" dev="dm-2" ino=22466 scontext=u:r:isolated_app:s0:c512,c768 tcontext=u:object_r:app_data_file:s0:c512,c768 tclass=file permissive=0
10-31 07:14:00.917 26325 26325 D MonkeyStub: translateCommand: touch move 614 812
10-31 07:14:00.923 26537 26550 I chromium: [INFO:child_process_service.cc(69)] ChildProcessService: Exiting child process.
10-31 07:14:00.924   197   197 E lowmemorykiller: Error writing /proc/26537/oom_score_adj; errno=22
10-31 07:14:00.940   600  1079 I ActivityManager: Process com.android.chrome:sandboxed_process29 (pid 26537) has died
10-31 07:14:00.940   600  1079 D ActivityManager: cleanUpApplicationRecord -- 26537
10-31 07:14:00.941 25783 25783 W chromium: [WARNING:compositor_view.cc(315)] Child process died (type=6) pid=26537)
10-31 07:14:01.021 26325 26325 D MonkeyStub: translateCommand: touch move 614 687
10-31 07:14:01.128 26325 26325 D MonkeyStub: translateCommand: touch move 614 562
10-31 07:14:01.242 26325 26325 D MonkeyStub: translateCommand: touch move 614 437
10-31 07:14:01.350 26325 26325 D MonkeyStub: translateCommand: touch move 614 312
10-31 07:14:01.361 26325 26325 D MonkeyStub: translateCommand: touch up 614 312
10-31 07:14:01.366 25783 25783 I cr_tabmodel: Appending tabs being restored to metadata lists, 0, startingNormalCount: 2, startingIncognitoCount: 0
10-31 07:14:01.366 25783 25783 I cr_tabmodel: Serializing tab lists; counts: 2, 0
10-31 07:14:01.373 26325 26325 D MonkeyStub: Quit requested
10-31 07:14:01.396 26325 26325 I art     : System.exit called, status: 110
10-31 07:14:01.396 26325 26325 I AndroidRuntime: VM exiting with result code 110.
10-31 07:14:01.400   600   614 I CwMcuSensor: CwMcuSensor::flush: fd = 240, sensors_id = 0, path = /sys/class/htc_sensorhub/sensor_hub/flush, err = 0
10-31 07:14:01.436   600 16391 W WindowManager: Attempted to remove non-existing token: android.os.Binder@1751940
10-31 07:14:02.423 25783 25783 I cr_tabmodel: Appending tabs being restored to metadata lists, 0, startingNormalCount: 2, startingIncognitoCount: 0
10-31 07:14:02.423 25783 25783 I cr_tabmodel: Serializing tab lists; counts: 2, 0
10-31 07:14:03.871   600  1080 I ActivityManager: Start proc 26555:com.android.chrome:sandboxed_process30/u0i966 for service com.android.chrome/org.chromium.content.app.SandboxedProcessService30
10-31 07:14:03.936 26555 26555 W boxed_process30: type=1400 audit(0.0:11836): avc: denied { getattr } for path="/data/data/com.android.chrome" dev="dm-2" ino=12190 scontext=u:r:isolated_app:s0:c512,c768 tcontext=u:object_r:app_data_file:s0:c512,c768 tclass=dir permissive=0
10-31 07:14:03.967 26555 26555 I cr_ChildProcessService: Creating new ChildProcessService pid=26555
10-31 07:14:04.030 26555 26568 I cr_LibraryLoader: Loaded native library version number "85.0.4183.127"
10-31 07:14:04.030 26555 26568 I cr_CachingUmaRecorder: Flushed 1 samples from 1 histograms.
10-31 07:14:04.046 26568 26568 W CrUtilityMain: type=1400 audit(0.0:11837): avc: denied { setattr } for name="download_file_types.pb" dev="dm-2" ino=22985 scontext=u:r:isolated_app:s0:c512,c768 tcontext=u:object_r:app_data_file:s0:c512,c768 tclass=file permissive=0
10-31 07:14:04.050 26568 26568 W CrUtilityMain: type=1400 audit(0.0:11838): avc: denied { setattr } for name="manifest.json" dev="dm-2" ino=23130 scontext=u:r:isolated_app:s0:c512,c768 tcontext=u:object_r:app_data_file:s0:c512,c768 tclass=file permissive=0
10-31 07:14:04.050 26568 26568 W CrUtilityMain: type=1400 audit(0.0:11839): avc: denied { setattr } for name="verified_contents.json" dev="dm-2" ino=23233 scontext=u:r:isolated_app:s0:c512,c768 tcontext=u:object_r:app_data_file:s0:c512,c768 tclass=file permissive=0
10-31 07:14:04.070 26555 26568 I chromium: [INFO:child_process_service.cc(69)] ChildProcessService: Exiting child process.
10-31 07:14:04.074   197   197 E lowmemorykiller: Error writing /proc/26555/oom_score_adj; errno=22
10-31 07:14:04.094   600 24611 I ActivityManager: Process com.android.chrome:sandboxed_process30 (pid 26555) has died
10-31 07:14:04.095   600 24611 D ActivityManager: cleanUpApplicationRecord -- 26555
10-31 07:14:04.099 25783 25783 W chromium: [WARNING:compositor_view.cc(315)] Child process died (type=6) pid=26555)
10-31 07:14:12.040 17545 18016 I Icing   : IndexChimeraService.getServiceInterface callingPackage=com.android.chrome componentName=null serviceId=36
10-31 07:14:12.070 17545 24698 W Icing   : No valid account for uploading user actions
10-31 07:14:12.103 17545 18016 I Icing   : IndexChimeraService.getServiceInterface callingPackage=com.google.android.gms componentName=null serviceId=30
10-31 07:14:12.137 17545 24698 I Icing   : Usage reports ok 1, Failed Usage reports 0, indexed 1, rejected 0
10-31 07:14:12.139 17545 24698 W Icing   : No valid account for uploading user actions
10-31 07:14:12.147 17545 24698 I Icing   : Usage reports ok 0, Failed Usage reports 0, indexed 0, rejected 0
10-31 07:14:12.149 17545 24698 I Icing   : Indexing com.android.chrome-omnibox from com.android.chrome
10-31 07:14:12.185 17545 23264 I Icing   : Indexing done com.android.chrome-omnibox
10-31 07:14:13.183   787 28588 W Icing   : isOptedInForAppHistory: empty Account Name encountered
10-31 07:14:13.221   787 25606 W Icing   : isOptedInForAppHistory: empty Account Name encountered
10-31 07:14:17.506 26589 26589 D AndroidRuntime: >>>>>> START com.android.internal.os.RuntimeInit uid 2000 <<<<<<
10-31 07:14:17.513 26589 26589 D AndroidRuntime: CheckJNI is OFF
10-31 07:14:17.601 26589 26589 D ICU     : No timezone override file found: /data/misc/zoneinfo/current/icu/icu_tzdata.dat
10-31 07:14:17.641 26589 26589 I Radio-JNI: register_android_hardware_Radio DONE
10-31 07:14:17.657 26589 26589 D AndroidRuntime: Calling main entry com.android.commands.am.Am
10-31 07:14:17.680   600 24611 I ActivityManager: Force stopping com.android.chrome appid=10035 user=0: from pid 26589
10-31 07:14:17.680   600 24611 I ActivityManager: Killing 25844:com.android.chrome:privileged_process0/u0a35 (adj 0): stop com.android.chrome
10-31 07:14:17.680   600 24611 D ActivityManager: cleanUpApplicationRecord -- 25844
10-31 07:14:17.681   600 24611 W ActivityManager: Scheduling restart of crashed service com.android.chrome/org.chromium.content.app.PrivilegedProcessService0 in 1000ms
10-31 07:14:17.684   600 24611 I ActivityManager: Killing 25783:com.android.chrome/u0a35 (adj 0): stop com.android.chrome
10-31 07:14:17.684   600 24611 D ActivityManager: cleanUpApplicationRecord -- 25783
10-31 07:14:17.688   600 24611 I ActivityManager: Killing 25817:com.android.chrome:sandboxed_process0/u0a35i936 (adj 0): isolated not needed
10-31 07:14:17.690   600 24611 W ActivityManager: Force removing ActivityRecord{19ad0ca u0 com.android.chrome/com.google.android.apps.chrome.Main t2138}: app died, no saved state
10-31 07:14:17.714   600 24611 I ActivityManager: Killing 26224:com.android.chrome:sandboxed_process20/u0a35i956 (adj 0): isolated not needed
10-31 07:14:17.749 26589 26589 D AndroidRuntime: Shutting down VM
10-31 07:14:17.757  1084  1171 I OpenGLRenderer: Initialized EGL, version 1.4
10-31 07:14:17.757  1084  1171 D OpenGLRenderer: Swap behavior 2
10-31 07:14:17.790  1061  1061 D RegisteredNfcFServicesCache: Service unchanged, not updating
10-31 07:14:17.819   600  1079 D ConnectivityService: ConnectivityService NetworkRequestInfo binderDied(NetworkRequest [ LISTEN id=1613, [ Capabilities: INTERNET&NOT_RESTRICTED&TRUSTED&FOREGROUND] ], android.os.BinderProxy@aac899f)
10-31 07:14:17.819   600 13558 D ConnectivityService: ConnectivityService NetworkRequestInfo binderDied(NetworkRequest [ LISTEN id=1614, [ Capabilities: INTERNET&NOT_RESTRICTED&TRUSTED&FOREGROUND] ], android.os.BinderProxy@ac5e73e)
10-31 07:14:17.820   600  1079 D ConnectivityService: ConnectivityService NetworkRequestInfo binderDied(NetworkRequest [ LISTEN id=1611, [ Capabilities: INTERNET&NOT_RESTRICTED&TRUSTED&FOREGROUND] ], android.os.BinderProxy@d5f3aec)
10-31 07:14:17.820   600 13558 D ConnectivityService: ConnectivityService NetworkRequestInfo binderDied(NetworkRequest [ LISTEN id=1612, [ Capabilities: INTERNET&NOT_RESTRICTED&TRUSTED&FOREGROUND] ], android.os.BinderProxy@4082eb5)
10-31 07:14:17.820   600  1079 D GraphicsStats: Buffer count: 2
10-31 07:14:17.821   600   649 E ConnectivityService: RemoteException caught trying to send a callback msg for NetworkRequest [ LISTEN id=1613, [ Capabilities: INTERNET&NOT_RESTRICTED&TRUSTED&FOREGROUND] ]
10-31 07:14:17.822   600   649 E ConnectivityService: RemoteException caught trying to send a callback msg for NetworkRequest [ LISTEN id=1614, [ Capabilities: INTERNET&NOT_RESTRICTED&TRUSTED&FOREGROUND] ]
10-31 07:14:17.822   600   649 E ConnectivityService: RemoteException caught trying to send a callback msg for NetworkRequest [ LISTEN id=1611, [ Capabilities: INTERNET&NOT_RESTRICTED&TRUSTED&FOREGROUND] ]
10-31 07:14:17.822   600   649 E ConnectivityService: RemoteException caught trying to send a callback msg for NetworkRequest [ LISTEN id=1612, [ Capabilities: INTERNET&NOT_RESTRICTED&TRUSTED&FOREGROUND] ]
10-31 07:14:17.873 23104 23104 E BgTasksJobSvc: Asked to start non-existing job android.app.job.JobParameters@e9c4b62
10-31 07:14:17.878 23104 23174 I AttachedClient: Adding client event 2 to pending list.
10-31 07:14:17.924 23104 23104 I OptInState: There is a new client and it does not support opt-in. Dropping request.
10-31 07:14:17.928 23104 23104 I MicroDetectionWorker: Micro detection mode: [mDetectionMode: [1]].
10-31 07:14:17.953 23104 26605 I MicroRecognitionRunner: Starting detection.
10-31 07:14:17.953 23104 22563 I MicrophoneInputStream: mic_starting com.google.android.apps.gsa.speech.audio.ae@aebce55
10-31 07:14:17.963   238   285 I SoundTriggerHwService::Module: void android::SoundTriggerHwService::Module::onCallbackEvent(const sp<android::SoundTriggerHwService::CallbackEvent> &) mClient == 0
10-31 07:14:17.967   238 26608 I AudioFlinger: AudioFlinger's thread 0xef692740 ready to run
10-31 07:14:17.970 23104 22563 I MicrophoneInputStream: mic_started com.google.android.apps.gsa.speech.audio.ae@aebce55
10-31 07:14:18.020   600  3675 D ActivityManager: cleanUpApplicationRecord -- 25817
10-31 07:14:18.064   600  1081 D ActivityManager: cleanUpApplicationRecord -- 26224
10-31 07:14:18.153 23104 23104 I MicroDetectionWorker: onReady
10-31 07:14:18.295  1084  1171 W OpenGLRenderer: Incorrectly called buildLayer on View: ShortcutAndWidgetContainer, destroying layer...
10-31 07:14:18.308 26601 26601 D AndroidRuntime: >>>>>> START com.android.internal.os.RuntimeInit uid 2000 <<<<<<
10-31 07:14:18.313 26601 26601 D AndroidRuntime: CheckJNI is OFF
10-31 07:14:18.381 26601 26601 D ICU     : No timezone override file found: /data/misc/zoneinfo/current/icu/icu_tzdata.dat
10-31 07:14:18.408 26601 26601 I Radio-JNI: register_android_hardware_Radio DONE
10-31 07:14:18.424 26601 26601 D AndroidRuntime: Calling main entry com.android.commands.pm.Pm
10-31 07:14:18.439   600 10249 I ActivityManager: Force stopping com.android.chrome appid=10035 user=0: clear data
10-31 07:14:18.440   600   613 I ActivityManager: Force stopping com.android.chrome appid=10035 user=-1: clearApplicationUserData
10-31 07:14:18.661   787   787 I GeofencerStateMachine: removeGeofences: removeRequest=RemoveGeofencingRequest[REMOVE_ALL packageName=com.android.chrome]
10-31 07:14:18.663  1061  1061 D RegisteredNfcFServicesCache: Service unchanged, not updating
10-31 07:14:18.665 26601 26601 I art     : System.exit called, status: 0
10-31 07:14:18.665 26601 26601 I AndroidRuntime: VM exiting with result code 0.
10-31 07:14:18.671   600   612 W ResourceType: No known package when getting value for resource number 0x7f080316
10-31 07:14:18.671   600   612 W ResourceType: No known package when getting value for resource number 0x7f130448
10-31 07:14:18.671   600   612 W ResourceType: No known package when getting value for resource number 0x7f080315
10-31 07:14:18.671   600   612 W ResourceType: No known package when getting value for resource number 0x7f130123
10-31 07:14:18.671   600   612 W ResourceType: No known package when getting value for resource number 0x7f130447
10-31 07:14:18.671   600   612 W ResourceType: No known package when getting value for resource number 0x7f1302e4
10-31 07:14:18.671   600   612 E ShortcutService: Ignoring excessive intent tag.
10-31 07:14:18.701 17545 24698 I Icing   : doRemovePackageData com.android.chrome
10-31 07:14:18.701 17545 24698 I Icing   : Removing corpus key com.android.chrome-.implicit: for package com.android.chrome
10-31 07:14:18.739   787 26626 I Fitness : FitCleanupIntentOperation received Intent android.intent.action.PACKAGE_DATA_CLEARED [CONTEXT service_id=17 ]
10-31 07:14:18.754 17545 24698 I native  : flash-index.cc:1519 Flash index sort hb 91 prefix-hits 176 -> 155 at 21.258ms
10-31 07:14:18.787 17545 24698 I Icing   : Removing corpus key com.android.chrome-omnibox for package com.android.chrome
10-31 07:14:18.815 17545 24698 I Icing   : Removing corpus key com.android.chrome-internal.3p:WebPage for package com.android.chrome
10-31 07:14:18.876 17545 24698 I Icing   : Starting compaction min disk 99.926% min index 99.986%
10-31 07:14:18.998 17545 24698 I native  : document-store.cc:1654 Scored 2191 usage reports, missing_corpora 1185 update_failed 1
10-31 07:14:19.027 17545 24698 W native  : words-map.cc:30 INVALID_ARGUMENT: Empty URI
10-31 07:14:19.027 17545 24698 W native  : words-map.cc:34 WordsMap was not properly initialized
10-31 07:14:19.113 17545 24698 E native  : compactor.cc:67 Could not index embedding for docid 1: INTERNAL: Unable to find Thing Proto section 
10-31 07:14:19.114 17545 24698 E native  : compactor.cc:67 Could not index embedding for docid 3: INTERNAL: Unable to find Thing Proto section 
10-31 07:14:19.114 17545 24698 E native  : compactor.cc:67 Could not index embedding for docid 5: INTERNAL: Unable to find Thing Proto section 
10-31 07:14:19.114 17545 24698 E native  : compactor.cc:67 Could not index embedding for docid 7: INTERNAL: Unable to find Thing Proto section 
10-31 07:14:19.119 17545 24698 E native  : compactor.cc:67 Could not index embedding for docid 8: INTERNAL: Unable to find Thing Proto section 
10-31 07:14:19.119 17545 24698 E native  : compactor.cc:67 Could not index embedding for docid 10: INTERNAL: Unable to find Thing Proto section 
10-31 07:14:19.119 17545 24698 E native  : compactor.cc:67 Could not index embedding for docid 11: INTERNAL: Unable to find Thing Proto section 
10-31 07:14:19.120 17545 24698 E native  : compactor.cc:67 Could not index embedding for docid 13: INTERNAL: Unable to find Thing Proto section 
10-31 07:14:19.120 17545 24698 E native  : compactor.cc:67 Could not index embedding for docid 14: INTERNAL: Unable to find Thing Proto section 
10-31 07:14:19.124 17545 24698 E native  : compactor.cc:67 Could not index embedding for docid 17: INTERNAL: Unable to find Thing Proto section 
10-31 07:14:19.125 17545 24698 E native  : compactor.cc:67 Could not index embedding for docid 18: INTERNAL: Unable to find Thing Proto section 
10-31 07:14:19.125 17545 24698 E native  : compactor.cc:67 Could not index embedding for docid 21: INTERNAL: Unable to find Thing Proto section 
10-31 07:14:19.125 17545 24698 E native  : compactor.cc:67 Could not index embedding for docid 22: INTERNAL: Unable to find Thing Proto section 
10-31 07:14:19.130 17545 24698 E native  : compactor.cc:67 Could not index embedding for docid 26: INTERNAL: Unable to find Thing Proto section 
10-31 07:14:19.130 17545 24698 E native  : compactor.cc:67 Could not index embedding for docid 27: INTERNAL: Unable to find Thing Proto section 
10-31 07:14:19.172 17545 24698 I native  : flash-index.cc:1519 Flash index sort hb 34 prefix-hits 54 -> 54 at 28.627ms
10-31 07:14:19.197 17545 24698 W native  : words-map.cc:30 INVALID_ARGUMENT: Empty URI
10-31 07:14:19.197 17545 24698 W native  : words-map.cc:34 WordsMap was not properly initialized
10-31 07:14:19.262 17545 24698 I Icing   : updateResources: need to parse acol{com.android.chrome}
10-31 07:14:19.325 17545 24698 I Icing   : Indexing com.android.chrome-omnibox from com.android.chrome
10-31 07:14:19.337   600 24611 I ActivityManager: Start proc 26631:com.android.chrome/u0a35 for content provider com.android.chrome/com.google.android.apps.chrome.icing.IcingProvider
10-31 07:14:19.422 17545 24698 I Icing   : Indexing done com.android.chrome-omnibox
