--------- beginning of main
10-30 09:39:28.792 24134 24134 D AndroidRuntime: >>>>>> START com.android.internal.os.RuntimeInit uid 2000 <<<<<<
10-30 09:39:28.795 24134 24134 D AndroidRuntime: CheckJNI is OFF
10-30 09:39:28.860 24134 24134 D ICU     : No timezone override file found: /data/misc/zoneinfo/current/icu/icu_tzdata.dat
10-30 09:39:28.888 24134 24134 I Radio-JNI: register_android_hardware_Radio DONE
10-30 09:39:28.902 24134 24134 D AndroidRuntime: Calling main entry com.android.commands.am.Am
--------- beginning of system
10-30 09:39:28.919   600 13631 I ActivityManager: Force stopping com.android.chrome appid=10035 user=0: from pid 24134
10-30 09:39:28.919   600 13631 I ActivityManager: Killing 24100:com.android.chrome/u0a35 (adj 700): stop com.android.chrome
10-30 09:39:28.919   600 13631 D ActivityManager: cleanUpApplicationRecord -- 24100
10-30 09:39:28.932  1061  1061 D RegisteredNfcFServicesCache: Service unchanged, not updating
10-30 09:39:29.175   600  1080 I ActivityManager: START u0 {act=android.intent.action.VIEW flg=0x10008000 cmp=com.android.chrome/com.google.android.apps.chrome.Main} from uid 2000 on display 0
10-30 09:39:29.200 24134 24134 D AndroidRuntime: Shutting down VM
10-30 09:39:29.228   600 17381 I ActivityManager: Start proc 24144:com.android.chrome/u0a35 for activity com.android.chrome/com.google.android.apps.chrome.Main
10-30 09:39:29.381   600 27731 I ActivityManager: START u0 {cmp=com.android.chrome/org.chromium.chrome.browser.firstrun.TabbedModeFirstRunActivity (has extras)} from uid 10035 on display 0
10-30 09:39:29.405 24144 24161 W DynamiteModule: Local module descriptor class for com.google.android.gms.googlecertificates not found.
10-30 09:39:29.431   787   802 W SQLiteConnectionPool: A SQLiteConnection object for database '/data/user/0/com.google.android.gms/databases/metadata.db' was leaked!  Please fix your application to end transactions in progress properly and to close the database when it is no longer needed.
10-30 09:39:29.437   787  1259 W GmsStrictMode: LEAKED_CLOSABLE [CONTEXT service_id=256 ]
10-30 09:39:29.437   787  1259 W GmsStrictMode: rvo: LEAKED_CLOSABLE
10-30 09:39:29.437   787  1259 W GmsStrictMode: 	at dalvik.system.VMStack.getThreadStackTrace(Native Method)
10-30 09:39:29.437   787  1259 W GmsStrictMode: 	at java.lang.Thread.getStackTrace(Thread.java:1566)
10-30 09:39:29.437   787  1259 W GmsStrictMode: 	at bhdb.containsKey(:com.google.android.gms@203915020@20.39.15 (040406-335085812):1)
10-30 09:39:29.437   787  1259 W GmsStrictMode: 	at android.os.StrictMode.onVmPolicyViolation(StrictMode.java:1867)
10-30 09:39:29.437   787  1259 W GmsStrictMode: 	at android.os.StrictMode.onVmPolicyViolation(StrictMode.java:1844)
10-30 09:39:29.437   787  1259 W GmsStrictMode: 	at android.os.StrictMode$AndroidCloseGuardReporter.report(StrictMode.java:1590)
10-30 09:39:29.437   787  1259 W GmsStrictMode: 	at dalvik.system.CloseGuard.warnIfOpen(CloseGuard.java:208)
10-30 09:39:29.437   787  1259 W GmsStrictMode: 	at android.database.sqlite.SQLiteConnection.dispose(SQLiteConnection.java:231)
10-30 09:39:29.437   787  1259 W GmsStrictMode: 	at android.database.sqlite.SQLiteConnection.finalize(SQLiteConnection.java:180)
10-30 09:39:29.437   787  1259 W GmsStrictMode: 	at java.lang.Daemons$FinalizerDaemon.doFinalize(Daemons.java:222)
10-30 09:39:29.437   787  1259 W GmsStrictMode: 	at java.lang.Daemons$FinalizerDaemon.run(Daemons.java:209)
10-30 09:39:29.437   787  1259 W GmsStrictMode: 	at java.lang.Thread.run(Thread.java:761)
10-30 09:39:29.499 24144 24161 I DynamiteModule: Considering local module com.google.android.gms.googlecertificates:0 and remote module com.google.android.gms.googlecertificates:6
10-30 09:39:29.500 24144 24161 I DynamiteModule: Selected remote version of com.google.android.gms.googlecertificates, version >= 6
10-30 09:39:29.536 24144 24162 I cr_LibraryLoader: Loaded native library version number "85.0.4183.127"
10-30 09:39:29.537 24144 24162 I cr_CachingUmaRecorder: Flushed 10 samples from 10 histograms.
10-30 09:39:29.568   600   609 I art     : Background partial concurrent mark sweep GC freed 16298(810KB) AllocSpace objects, 4(612KB) LOS objects, 33% free, 15MB/23MB, paused 867us total 100.530ms
10-30 09:39:29.571 24144 24161 W System  : ClassLoader referenced unknown path: 
10-30 09:39:29.582 24144 24161 D ApplicationLoaders: ignored Vulkan layer search path /data/app/com.google.android.gms-1/lib/arm:/data/app/com.google.android.gms-1/base.apk!/lib/armeabi-v7a:/data/app/com.google.android.gms-1/split_config.en.apk!/lib/armeabi-v7a for namespace 0xf4a47090
10-30 09:39:29.597 24144 24163 I OpenGLRenderer: Initialized EGL, version 1.4
10-30 09:39:29.597 24144 24163 D OpenGLRenderer: Swap behavior 2
10-30 09:39:29.640 24144 24161 W ResourceType: ResTable_typeSpec entry count inconsistent: given 67, previously 69
10-30 09:39:29.640 24144 24161 W ResourceType: ResTable_typeSpec entry count inconsistent: given 5346, previously 5347
10-30 09:39:29.671 24144 24161 I DynamiteLoaderV2Impl: [70] Googlecertificates
10-30 09:39:29.690 24144 24161 W System  : ClassLoader referenced unknown path: /data/user_de/0/com.google.android.gms/app_chimera/m/00000061/n/armeabi-v7a
10-30 09:39:29.690 24144 24161 W System  : ClassLoader referenced unknown path: /data/user_de/0/com.google.android.gms/app_chimera/m/00000061/n/armeabi
10-30 09:39:29.747   600   620 W WindowManager: Failed looking up window
10-30 09:39:29.747   600   620 W WindowManager: java.lang.IllegalArgumentException: Requested window android.view.ViewRootImpl$W@4136769 does not exist
10-30 09:39:29.747   600   620 W WindowManager: 	at com.android.server.wm.WindowManagerService.windowForClientLocked(WindowManagerService.java:9422)
10-30 09:39:29.747   600   620 W WindowManager: 	at com.android.server.wm.WindowManagerService.windowForClientLocked(WindowManagerService.java:9413)
10-30 09:39:29.747   600   620 W WindowManager: 	at com.android.server.wm.WindowManagerService.removeWindow(WindowManagerService.java:2393)
10-30 09:39:29.747   600   620 W WindowManager: 	at com.android.server.wm.Session.remove(Session.java:202)
10-30 09:39:29.747   600   620 W WindowManager: 	at android.view.ViewRootImpl.dispatchDetachedFromWindow(ViewRootImpl.java:3290)
10-30 09:39:29.747   600   620 W WindowManager: 	at android.view.ViewRootImpl.doDie(ViewRootImpl.java:5917)
10-30 09:39:29.747   600   620 W WindowManager: 	at android.view.ViewRootImpl$ViewRootHandler.handleMessage(ViewRootImpl.java:3626)
10-30 09:39:29.747   600   620 W WindowManager: 	at android.os.Handler.dispatchMessage(Handler.java:102)
10-30 09:39:29.747   600   620 W WindowManager: 	at android.os.Looper.loop(Looper.java:154)
10-30 09:39:29.747   600   620 W WindowManager: 	at android.os.HandlerThread.run(HandlerThread.java:61)
10-30 09:39:29.747   600   620 W WindowManager: 	at com.android.server.ServiceThread.run(ServiceThread.java:46)
10-30 09:39:29.759   600   620 I ActivityManager: Displayed com.android.chrome/org.chromium.chrome.browser.firstrun.TabbedModeFirstRunActivity: +332ms (total +560ms)
10-30 09:39:29.760 24144 24158 D NetworkSecurityConfig: Using Network Security Config from resource 0_resource_name_obfuscated debugBuild: false
10-30 09:39:29.777   787 28589 I FontLog : Received query Google Sans, URI content://com.google.android.gms.fonts [CONTEXT service_id=132 ]
10-30 09:39:29.777   787 28589 I FontLog : Query [Google Sans] resolved to {Google Sans, wdth 100.0, wght 400, ital 0.0, bestEffort false} [CONTEXT service_id=132 ]
10-30 09:39:29.780   787 28589 I FontLog : Font PFD returned from cache for {Google Sans, wdth 100.0, wght 400, ital 0.0, bestEffort false} [CONTEXT service_id=132 ]
10-30 09:39:29.781   787 28589 I FontLog : Fetch {Google Sans, wdth 100.0, wght 400, ital 0.0, bestEffort false} end status Status{statusCode=SUCCESS, resolution=null} [CONTEXT service_id=132 ]
10-30 09:39:29.817   787 28588 I FontLog : Pulling font file for id = 578, cache size = 6 [CONTEXT service_id=132 ]
10-30 09:39:29.860   787  1259 E apju    : Phenotype API error. Event # cdub@e259a6e9, EventCode: 7 [CONTEXT service_id=51 ]
10-30 09:39:29.860   787  1259 E apju    : apiz: 29505: No config packages for log source, or config package not registered
10-30 09:39:29.860   787  1259 E apju    : 	at apkj.b(:com.google.android.gms@203915020@20.39.15 (040406-335085812):7)
10-30 09:39:29.860   787  1259 E apju    : 	at apkg.b(:com.google.android.gms@203915020@20.39.15 (040406-335085812):2)
10-30 09:39:29.860   787  1259 E apju    : 	at apju.a(:com.google.android.gms@203915020@20.39.15 (040406-335085812):85)
10-30 09:39:29.860   787  1259 E apju    : 	at apju.a(:com.google.android.gms@203915020@20.39.15 (040406-335085812):80)
10-30 09:39:29.860   787  1259 E apju    : 	at aain.run(:com.google.android.gms@203915020@20.39.15 (040406-335085812):7)
10-30 09:39:29.860   787  1259 E apju    : 	at boex.run(:com.google.android.gms@203915020@20.39.15 (040406-335085812):2)
10-30 09:39:29.860   787  1259 E apju    : 	at sup.b(:com.google.android.gms@203915020@20.39.15 (040406-335085812):12)
10-30 09:39:29.860   787  1259 E apju    : 	at sup.run(:com.google.android.gms@203915020@20.39.15 (040406-335085812):7)
10-30 09:39:29.860   787  1259 E apju    : 	at java.util.concurrent.ThreadPoolExecutor.runWorker(ThreadPoolExecutor.java:1133)
10-30 09:39:29.860   787  1259 E apju    : 	at java.util.concurrent.ThreadPoolExecutor$Worker.run(ThreadPoolExecutor.java:607)
10-30 09:39:29.860   787  1259 E apju    : 	at tam.run(:com.google.android.gms@203915020@20.39.15 (040406-335085812):0)
10-30 09:39:29.860   787  1259 E apju    : 	at java.lang.Thread.run(Thread.java:761)
10-30 09:39:29.869   787  1259 E AsyncOperation: serviceID=51, operation=GetExperimentTokensOperationCall [CONTEXT service_id=259 ]
10-30 09:39:29.869   787  1259 E AsyncOperation: OperationException[Status{statusCode=No config packages for log source, or config package not registered, resolution=null}]
10-30 09:39:29.869   787  1259 E AsyncOperation: 	at apju.a(:com.google.android.gms@203915020@20.39.15 (040406-335085812):87)
10-30 09:39:29.869   787  1259 E AsyncOperation: 	at apju.a(:com.google.android.gms@203915020@20.39.15 (040406-335085812):80)
10-30 09:39:29.869   787  1259 E AsyncOperation: 	at aain.run(:com.google.android.gms@203915020@20.39.15 (040406-335085812):7)
10-30 09:39:29.869   787  1259 E AsyncOperation: 	at boex.run(:com.google.android.gms@203915020@20.39.15 (040406-335085812):2)
10-30 09:39:29.869   787  1259 E AsyncOperation: 	at sup.b(:com.google.android.gms@203915020@20.39.15 (040406-335085812):12)
10-30 09:39:29.869   787  1259 E AsyncOperation: 	at sup.run(:com.google.android.gms@203915020@20.39.15 (040406-335085812):7)
10-30 09:39:29.869   787  1259 E AsyncOperation: 	at java.util.concurrent.ThreadPoolExecutor.runWorker(ThreadPoolExecutor.java:1133)
10-30 09:39:29.869   787  1259 E AsyncOperation: 	at java.util.concurrent.ThreadPoolExecutor$Worker.run(ThreadPoolExecutor.java:607)
10-30 09:39:29.869   787  1259 E AsyncOperation: 	at tam.run(:com.google.android.gms@203915020@20.39.15 (040406-335085812):0)
10-30 09:39:29.869   787  1259 E AsyncOperation: 	at java.lang.Thread.run(Thread.java:761)
10-30 09:39:29.882   787 28596 I FontLog : Received query Google Sans:500, URI content://com.google.android.gms.fonts [CONTEXT service_id=132 ]
10-30 09:39:29.882   787 28596 I FontLog : Query [Google Sans:500] resolved to {Google Sans, wdth 100.0, wght 500, ital 0.0, bestEffort false} [CONTEXT service_id=132 ]
10-30 09:39:29.883   787 28596 I FontLog : Font PFD returned from cache for {Google Sans, wdth 100.0, wght 500, ital 0.0, bestEffort false} [CONTEXT service_id=132 ]
10-30 09:39:29.886   787 28596 I FontLog : Fetch {Google Sans, wdth 100.0, wght 500, ital 0.0, bestEffort false} end status Status{statusCode=SUCCESS, resolution=null} [CONTEXT service_id=132 ]
10-30 09:39:29.891   787   805 I FontLog : Pulling font file for id = 579, cache size = 7 [CONTEXT service_id=132 ]
10-30 09:39:29.942 24144 24158 I cr_VariationsSeedFetch: Fetched first run seed in 190 ms
10-30 09:39:29.978   600  1076 I ActivityManager: Start proc 24178:com.android.chrome:sandboxed_process0/u0i469 for service com.android.chrome/org.chromium.content.app.SandboxedProcessService0
10-30 09:39:30.033 24178 24178 W dboxed_process0: type=1400 audit(0.0:4299): avc: denied { getattr } for path="/data/data/com.android.chrome" dev="dm-2" ino=12190 scontext=u:r:isolated_app:s0:c512,c768 tcontext=u:object_r:app_data_file:s0:c512,c768 tclass=dir permissive=0
10-30 09:39:30.054 24178 24178 I cr_ChildProcessService: Creating new ChildProcessService pid=24178
10-30 09:39:30.199   600  2707 I ActivityManager: Start proc 24205:com.android.chrome:privileged_process0/u0a35 for service com.android.chrome/org.chromium.content.app.PrivilegedProcessService0
10-30 09:39:30.326 24144 24165 W ConnectionStatusConfig: Dynamic lookup for intent failed for action: com.google.android.gms.auth.key.retrieval.service.START
10-30 09:39:30.347 24205 24205 I cr_ChildProcessService: Creating new ChildProcessService pid=24205
10-30 09:39:30.374 24144 24165 W ConnectionStatusConfig: Dynamic lookup for intent failed for action: com.google.android.gms.auth.key.retrieval.service.START
10-30 09:39:30.375   600   610 W ActivityManager: Unable to start service Intent { act=com.google.android.gms.auth.key.retrieval.service.START pkg=com.google.android.gms } U=0: not found
10-30 09:39:30.388 24144 24144 W cr_KnoxSettingsProvider: Permission to read device policy denied.
10-30 09:39:30.394 24205 24222 I cr_LibraryLoader: Loaded native library version number "85.0.4183.127"
10-30 09:39:30.394 24205 24222 I cr_CachingUmaRecorder: Flushed 1 samples from 1 histograms.
10-30 09:39:30.406 24205 24222 E libEGL  : validate_display:99 error 3008 (EGL_BAD_DISPLAY)
10-30 09:39:30.412   600 24515 W ActivityManager: Unbind failed: could not find connection for android.os.BinderProxy@5a7f137
10-30 09:39:30.413 24144 24165 E GmsClient: unable to connect to service: com.google.android.gms.auth.key.retrieval.service.START on com.google.android.gms
10-30 09:39:30.562 17059 17059 I MemoryTrimmer: Trimming objects from memory, since app is in the background.
10-30 09:39:30.570  1084  1084 I MemoryTrimmer: Trimming objects from memory, since app is in the background.
10-30 09:39:30.581 17059 24021 I DeviceStateChecker: DeviceStateChecker cancelled
10-30 09:39:30.582 17059 17059 I MicroDetector: Keeping mic open: false
10-30 09:39:30.582 17059 22042 I AudioController: internalShutdown
10-30 09:39:30.582 17059 22042 I MicrophoneInputStream: mic_close com.google.android.apps.gsa.speech.audio.ae@3a1a428
10-30 09:39:30.582 17059 17111 I MicroRecognitionRunner: Stopping hotword detection.
10-30 09:39:30.596   238   285 I SoundTriggerHwService::Module: void android::SoundTriggerHwService::Module::onCallbackEvent(const sp<android::SoundTriggerHwService::CallbackEvent> &) mClient == 0
10-30 09:39:30.600 17059 24020 I MicroRecognitionRunner: Detection finished
10-30 09:39:30.604 17059 17059 I MemoryTrimmer: Trimming objects from memory, since app is in the background.
10-30 09:39:40.697 17059 17059 I MemoryTrimmer: Trimming objects from memory, since app is in the background.
10-30 09:39:42.375 24249 24249 D AndroidRuntime: >>>>>> START com.android.internal.os.RuntimeInit uid 2000 <<<<<<
10-30 09:39:42.379 24249 24249 D AndroidRuntime: CheckJNI is OFF
10-30 09:39:42.442 24249 24249 D ICU     : No timezone override file found: /data/misc/zoneinfo/current/icu/icu_tzdata.dat
10-30 09:39:42.473 24249 24249 I Radio-JNI: register_android_hardware_Radio DONE
10-30 09:39:42.489 24249 24249 D AndroidRuntime: Calling main entry com.android.commands.monkey.Monkey
10-30 09:39:42.555   600   613 W BroadcastQueue: Skipping deliver [background] BroadcastRecord{3a4227d u-1 android.net.conn.CONNECTIVITY_CHANGE} to ReceiverList{912f572 24249 (unknown name)/2000/u-1 remote:3219627}: process crashing
10-30 09:39:44.110 24249 24249 D MonkeyStub: translateCommand: wake
10-30 09:39:44.227 24249 24249 D MonkeyStub: translateCommand: tap 398 1198
10-30 09:39:46.308 24249 24249 D MonkeyStub: translateCommand: tap 720 1506
10-30 09:39:46.453 11473 11608 I PeopleChimeraService: onService. callbacks = aaik@79a0c07, request = com.google.android.gms.common.internal.GetServiceRequest@ab7134
10-30 09:39:46.457 11473 11485 I PeopleChimeraService: onService. callbacks = aaik@72eccd2, request = com.google.android.gms.common.internal.GetServiceRequest@dc161a3
10-30 09:39:48.365 24249 24249 D MonkeyStub: translateCommand: tap 355 1480
10-30 09:39:48.384 24249 24249 D MonkeyStub: Quit requested
10-30 09:39:48.400   600 24515 I ActivityManager: START u0 {act=android.intent.action.VIEW flg=0x10008000 cmp=com.android.chrome/com.google.android.apps.chrome.Main (has extras)} from uid 10035 on display 0
10-30 09:39:48.429 24249 24249 I art     : System.exit called, status: 6
10-30 09:39:48.429 24249 24249 I AndroidRuntime: VM exiting with result code 6.
10-30 09:39:48.467   600  1082 W WindowManager: Attempted to remove non-existing token: android.os.Binder@c076dc3
10-30 09:39:48.585 24144 24144 E cr_CompositorSurfaceMgr: Transitioning to surface with format : -1
10-30 09:39:48.622   600   609 I art     : Background partial concurrent mark sweep GC freed 19215(988KB) AllocSpace objects, 3(60KB) LOS objects, 33% free, 15MB/23MB, paused 2.884ms total 157.107ms
10-30 09:39:48.661 24144 24199 W cr_tabmodel: Starting to perform legacy migration.
10-30 09:39:48.662 24144 24199 W cr_tabmodel: Finished performing legacy migration.
10-30 09:39:48.662 24144 24199 W cr_tabmodel: Starting to perform multi-instance migration.
10-30 09:39:48.662 24144 24199 W cr_tabmodel: Finished performing multi-instance migration.
10-30 09:39:48.662 24144 24199 I cr_tabmodel: Starting to fetch tab list for tab_state0
10-30 09:39:48.662 24144 24199 I cr_tabmodel: State file does not exist.
10-30 09:39:48.662 24144 24199 I cr_tabmodel: Starting to fetch tab list for tab_state1
10-30 09:39:48.662 24144 24199 I cr_tabmodel: State file does not exist.
10-30 09:39:48.696 24144 24199 I cr_ADCP : No customization source found
10-30 09:39:48.756   600   707 E BatteryStatsService: power: Missing API
10-30 09:39:48.773   796   796 E PhoneInterfaceManager: [PhoneIntfMgr] queryModemActivityInfo: Empty response
10-30 09:39:48.774   600   707 E BatteryStatsService: no controller energy info supplied
10-30 09:39:48.776   600   620 I ActivityManager: Displayed com.android.chrome/com.google.android.apps.chrome.Main: +336ms
10-30 09:39:48.785   600   707 E BatteryStatsService: modem info is invalid: ModemActivityInfo{ mTimestamp=0 mSleepTimeMs=0 mIdleTimeMs=0 mTxTimeMs[]=[0, 0, 0, 0, 0] mRxTimeMs=0 mEnergyUsed=0}
10-30 09:39:48.792 24144 24163 D OpenGLRenderer: endAllActiveAnimators on 0xd4d1d100 (InsetDrawable) with handle 0xd4d40920
10-30 09:39:48.802 24144 24144 E cr_CompositorSurfaceMgr: Transitioning to surface with format : -1
10-30 09:39:48.811 24144 24144 E cr_CompositorSurfaceMgr: surfaceCreated format : 0
10-30 09:39:48.817 24144 24144 I cr_ContextualSearch: Tap suppression enabled: false
10-30 09:39:48.821 24144 24144 I cr_ChromeTabbedActivity: #initializeState
10-30 09:39:48.821 24144 24144 I cr_CipherFactory: #restoreFromBundle, no savedInstanceState.
10-30 09:39:48.822 24144 24144 I cr_tabmodel: #loadState, ignoreIncognitoFiles? true
10-30 09:39:49.017 24144 24144 I SchedulerApiWrapper: Create SchedulerApiMainThreadWrapper
10-30 09:39:49.030 24144 24144 I FeedSessionManagerImpl: FeedSessionManagerImpl has been created
10-30 09:39:49.031 24144 24144 I FeedAppLifecycleLstnr: onEnterForeground called
10-30 09:39:49.031 24144 24144 I FeedSessionManagerImpl: onLifecycleEvent foreground
10-30 09:39:49.032 24144 24144 I FeedSessionManagerImpl: Lazy initialization triggered, getUpdateConsumer
10-30 09:39:49.033 24144 24194 I TaskQueue: Execute task [IMMEDIATE - d: true, b: 0]: 30
10-30 09:39:49.034 24144 24144 I FeedRequestManagerImpl: trigger refresh 2
10-30 09:39:49.035 24144 24144 I TaskQueue:  - task [HEAD_INVALIDATE - d: true, b: 0]: 26
10-30 09:39:49.035 24144 24144 I FeedAppLifecycleLstnr: initialize called
10-30 09:39:49.035 24144 24144 I FeedSessionManagerImpl: onLifecycleEvent initialize
10-30 09:39:49.035 24144 24144 W FeedSessionManagerImpl: FeedSessionManagerImpl has previously been initialized
10-30 09:39:49.066 24144 24144 I ViewConfigCompat: Could not find method getScaledScrollFactor() on ViewConfiguration
10-30 09:39:49.070 24144 24144 I BasicStream: Setting 2 header views, currently have 0 headers
10-30 09:39:49.072 24144 24144 I BasicStream: Setting 2 header views, currently have 2 headers
10-30 09:39:49.135   600   619 D BluetoothManagerService: Message: 20
10-30 09:39:49.135   600   619 D BluetoothManagerService: Added callback: android.bluetooth.IBluetoothManagerCallback$Stub$Proxy@2f69cff:true
10-30 09:39:49.153 24178 24191 I cr_LibraryLoader: Loaded native library version number "85.0.4183.127"
10-30 09:39:49.154 24178 24191 I cr_CachingUmaRecorder: Flushed 1 samples from 1 histograms.
10-30 09:39:49.166 24144 24144 E cr_IntentUtils: getBooleanExtra failed on intent null
10-30 09:39:49.180 24144 24144 I TimeoutSessionImpl: Using TimeoutSessionImpl
10-30 09:39:49.180 24144 24144 I FeedSessionManagerImpl: Delaying populateSession until initialization is finished
10-30 09:39:49.181 24144 24144 I TaskQueue:  - task [IMMEDIATE - d: true, b: 1]: 13
10-30 09:39:49.181 24144 24144 I MainThreadRunner: Running task [BasicStream onShow] on the Main Thread with a delay of 500 milliseconds
10-30 09:39:49.266   600 24515 I ActivityManager: Start proc 24283:com.android.chrome:sandboxed_process1/u0i470 for service com.android.chrome/org.chromium.content.app.SandboxedProcessService1
10-30 09:39:49.283 24144 24194 W SessionCache: Persisted Sessions were not found
10-30 09:39:49.283 24144 24194 I HeadSessionImpl: Initialize HEAD 0 items
10-30 09:39:49.284 24144 24194 I TaskQueue:  - task [BACKGROUND - d: true, b: 2]: 11
10-30 09:39:49.284 24144 24194 I TimingUtils: Task Timing 250ms, thread JardinExecutor | task : Initialization
10-30 09:39:49.284 24144 24194 I TaskQueue:  - Finished 30, time 251 ms
10-30 09:39:49.284 24144 24194 I TaskQueue: Execute task [HEAD_INVALIDATE - d: true, b: 2]: 26
10-30 09:39:49.288 24144 24194 I TimingUtils: Task Timing   2ms, thread JardinExecutor | task : getAllDismissLocalActions | size : 0
10-30 09:39:49.288 24144 24194 I TimingUtils: Task Timing   0ms, thread JardinExecutor | task : getSemanticProperties | size : 0
10-30 09:39:49.288 24144 24194 I MainThreadRunner: Running task [Check Tooltips] on the Main Thread
10-30 09:39:49.288 24144 24194 I TaskQueue:  * Starting starvation checks
10-30 09:39:49.288 24144 24194 I MainThreadRunner: Running task [starvationChecks] on the Main Thread with a delay of 6000 milliseconds
10-30 09:39:49.288 24144 24194 I TaskQueue:  - Finished 26, time 4 ms
10-30 09:39:49.289 24144 24194 I TaskQueue: Execute task [IMMEDIATE - d: true, b: 1]: 13
10-30 09:39:49.289 24144 24194 I FeedSessionManagerImpl: shouldSessionRequestData; hasContent(false), contentCreationTime(0), outstandingRequest(true)
10-30 09:39:49.289 24144 24194 I MainThreadRunner: Running task [SchedulerApiWrapper shouldSessionRequestData] on the Main Thread
10-30 09:39:49.290 24144 24154 I art     : Background partial concurrent mark sweep GC freed 12735(723KB) AllocSpace objects, 2(572KB) LOS objects, 39% free, 7MB/12MB, paused 3.244ms total 126.519ms
10-30 09:39:49.304   600   610 I ActivityManager: Start proc 24288:com.android.chrome:sandboxed_process2/u0i471 for service com.android.chrome/org.chromium.content.app.SandboxedProcessService2
10-30 09:39:49.331   600 27731 I ActivityManager: Start proc 24301:com.android.chrome:sandboxed_process3/u0i472 for service com.android.chrome/org.chromium.content.app.SandboxedProcessService3
10-30 09:39:49.428   600   713 I ActivityManager: Start proc 24320:com.android.chrome:sandboxed_process4/u0i473 for service com.android.chrome/org.chromium.content.app.SandboxedProcessService4
10-30 09:39:49.508   600   707 I ActivityManager: Start proc 24334:com.android.chrome:sandboxed_process5/u0i474 for service com.android.chrome/org.chromium.content.app.SandboxedProcessService5
10-30 09:39:49.529 24144 24144 I PlayCore: UID: [10035]  PID: [24144] SplitInstallService : deferredInstall([image_editor])
10-30 09:39:49.548 24144 24347 I PlayCore: UID: [10035]  PID: [24144] SplitInstallService : Initiate binding to the service.
10-30 09:39:49.556 24288 24288 W dboxed_process2: type=1400 audit(0.0:4300): avc: denied { getattr } for path="/data/data/com.android.chrome" dev="dm-2" ino=12190 scontext=u:r:isolated_app:s0:c512,c768 tcontext=u:object_r:app_data_file:s0:c512,c768 tclass=dir permissive=0
10-30 09:39:49.571   600  3509 I ActivityManager: Start proc 24350:com.android.chrome:sandboxed_process6/u0i475 for service com.android.chrome/org.chromium.content.app.SandboxedProcessService6
10-30 09:39:49.633 24283 24283 W dboxed_process1: type=1400 audit(0.0:4301): avc: denied { getattr } for path="/data/data/com.android.chrome" dev="dm-2" ino=12190 scontext=u:r:isolated_app:s0:c512,c768 tcontext=u:object_r:app_data_file:s0:c512,c768 tclass=dir permissive=0
10-30 09:39:49.640   600  1079 I ActivityManager: Start proc 24365:com.android.chrome:sandboxed_process7/u0i476 for service com.android.chrome/org.chromium.content.app.SandboxedProcessService7
10-30 09:39:49.693 24301 24301 W dboxed_process3: type=1400 audit(0.0:4302): avc: denied { getattr } for path="/data/data/com.android.chrome" dev="dm-2" ino=12190 scontext=u:r:isolated_app:s0:c512,c768 tcontext=u:object_r:app_data_file:s0:c512,c768 tclass=dir permissive=0
10-30 09:39:49.713   600  1076 I ActivityManager: Start proc 24377:com.android.chrome:sandboxed_process8/u0i477 for service com.android.chrome/org.chromium.content.app.SandboxedProcessService8
10-30 09:39:49.738 24144 24144 I Choreographer: Skipped 58 frames!  The application may be doing too much work on its main thread.
10-30 09:39:49.776 24320 24320 W dboxed_process4: type=1400 audit(0.0:4303): avc: denied { getattr } for path="/data/data/com.android.chrome" dev="dm-2" ino=12190 scontext=u:r:isolated_app:s0:c512,c768 tcontext=u:object_r:app_data_file:s0:c512,c768 tclass=dir permissive=0
10-30 09:39:49.788 24288 24288 I cr_ChildProcessService: Creating new ChildProcessService pid=24288
10-30 09:39:49.799 24283 24283 I cr_ChildProcessService: Creating new ChildProcessService pid=24283
10-30 09:39:49.816 24334 24334 W dboxed_process5: type=1400 audit(0.0:4304): avc: denied { getattr } for path="/data/data/com.android.chrome" dev="dm-2" ino=12190 scontext=u:r:isolated_app:s0:c512,c768 tcontext=u:object_r:app_data_file:s0:c512,c768 tclass=dir permissive=0
10-30 09:39:49.916 24301 24301 I cr_ChildProcessService: Creating new ChildProcessService pid=24301
10-30 09:39:49.930   600  3507 W ActivityManager: Unable to start service Intent { act=com.google.android.play.core.splitinstall.BIND_SPLIT_INSTALL_SERVICE pkg=com.android.vending } U=0: not found
10-30 09:39:49.986 24350 24350 W dboxed_process6: type=1400 audit(0.0:4305): avc: denied { getattr } for path="/data/data/com.android.chrome" dev="dm-2" ino=12190 scontext=u:r:isolated_app:s0:c512,c768 tcontext=u:object_r:app_data_file:s0:c512,c768 tclass=dir permissive=0
10-30 09:39:49.987 24320 24320 I cr_ChildProcessService: Creating new ChildProcessService pid=24320
10-30 09:39:50.006 24365 24365 W dboxed_process7: type=1400 audit(0.0:4306): avc: denied { getattr } for path="/data/data/com.android.chrome" dev="dm-2" ino=12190 scontext=u:r:isolated_app:s0:c512,c768 tcontext=u:object_r:app_data_file:s0:c512,c768 tclass=dir permissive=0
10-30 09:39:50.013 24144 24154 I art     : Background sticky concurrent mark sweep GC freed 40859(2MB) AllocSpace objects, 29(636KB) LOS objects, 21% free, 9MB/12MB, paused 13.101ms total 125.906ms
10-30 09:39:50.058 24334 24334 I cr_ChildProcessService: Creating new ChildProcessService pid=24334
10-30 09:39:50.072 24144 24347 I PlayCore: UID: [10035]  PID: [24144] SplitInstallService : Failed to bind to the service.
10-30 09:39:50.109 24377 24377 W dboxed_process8: type=1400 audit(0.0:4307): avc: denied { getattr } for path="/data/data/com.android.chrome" dev="dm-2" ino=12190 scontext=u:r:isolated_app:s0:c512,c768 tcontext=u:object_r:app_data_file:s0:c512,c768 tclass=dir permissive=0
10-30 09:39:50.119 24144 24144 I cr_tabmodel: Appending tabs being restored to metadata lists, 0, startingNormalCount: 1, startingIncognitoCount: 0
10-30 09:39:50.119 24144 24144 I cr_tabmodel: Serializing tab lists; counts: 1, 0
10-30 09:39:50.180 24350 24350 I cr_ChildProcessService: Creating new ChildProcessService pid=24350
10-30 09:39:50.238 24144 24144 I TaskQueue:  - task [IMMEDIATE - d: true, b: 1]: 27
10-30 09:39:50.238 24144 24194 I FeedSessionManagerImpl: shouldSessionRequestDataResult: NO_REQUEST_WITH_WAIT, shouldMakeRequest(false), withTimeout(false), withAppend(false)
10-30 09:39:50.239 24144 24194 I TaskQueue:  - task [USER_FACING - d: true, b: 2]: 24
10-30 09:39:50.239 24144 24194 I TaskQueue:  - Finished 13, time 950 ms
10-30 09:39:50.239 24144 24194 I TaskQueue: Execute task [IMMEDIATE - d: true, b: 2]: 27
10-30 09:39:50.240 24144 24194 I FeedRequestManagerImpl: Consistency Token: # hU2@7bca4
10-30 09:39:50.246 24283 24396 I cr_LibraryLoader: Loaded native library version number "85.0.4183.127"
10-30 09:39:50.253 24365 24365 I cr_ChildProcessService: Creating new ChildProcessService pid=24365
10-30 09:39:50.253 24283 24396 I cr_CachingUmaRecorder: Flushed 1 samples from 1 histograms.
10-30 09:39:50.262 24144 24194 I FeedRequestManagerImpl: Capability: FEED_UI
10-30 09:39:50.262 24144 24194 I FeedRequestManagerImpl: Capability: UNDOABLE_ACTIONS
10-30 09:39:50.262 24144 24194 I FeedRequestManagerImpl: Capability: MANAGE_INTERESTS
10-30 09:39:50.262 24144 24194 I FeedRequestManagerImpl: Capability: SEND_FEEDBACK
10-30 09:39:50.262 24144 24194 I FeedRequestManagerImpl: Capability: ARTICLE_SNIPPETS
10-30 09:39:50.262 24144 24194 I FeedRequestManagerImpl: Capability: CLICK_ACTION
10-30 09:39:50.262 24144 24194 I FeedRequestManagerImpl: Capability: VIEW_ACTION
10-30 09:39:50.262 24144 24194 I FeedRequestManagerImpl: Capability: REPORT_FEED_USER_ACTIONS_NOTICE_CARD
10-30 09:39:50.262 24144 24194 I FeedRequestManagerImpl: Capability: BASE_UI
10-30 09:39:50.264 24301 24399 I cr_LibraryLoader: Loaded native library version number "85.0.4183.127"
10-30 09:39:50.265 24301 24399 I cr_CachingUmaRecorder: Flushed 1 samples from 1 histograms.
10-30 09:39:50.273 24144 24154 I art     : Background partial concurrent mark sweep GC freed 29704(1590KB) AllocSpace objects, 18(352KB) LOS objects, 39% free, 9MB/16MB, paused 565us total 199.192ms
10-30 09:39:50.289 24377 24377 I cr_ChildProcessService: Creating new ChildProcessService pid=24377
10-30 09:39:50.291 24144 24194 I FeedRequestManagerImpl: Making Request: /httpservice/noretry/DiscoverClankService/FeedQuery
10-30 09:39:50.292 24144 24194 I MainThreadRunner: Running task [NetworkClientWrapper send] on the Main Thread
10-30 09:39:50.292 24144 24194 I TaskQueue:  - Finished 27, time 53 ms
10-30 09:39:50.321 24320 24400 I cr_LibraryLoader: Loaded native library version number "85.0.4183.127"
10-30 09:39:50.321 24320 24400 I cr_CachingUmaRecorder: Flushed 1 samples from 1 histograms.
10-30 09:39:50.455 24334 24403 I cr_LibraryLoader: Loaded native library version number "85.0.4183.127"
10-30 09:39:50.456 24334 24403 I cr_CachingUmaRecorder: Flushed 1 samples from 1 histograms.
10-30 09:39:50.458 24283 24396 I chromium: [INFO:child_process_service.cc(69)] ChildProcessService: Exiting child process.
10-30 09:39:50.460   197   197 E lowmemorykiller: Error writing /proc/24283/oom_score_adj; errno=22
10-30 09:39:50.461 24301 24399 I chromium: [INFO:child_process_service.cc(69)] ChildProcessService: Exiting child process.
10-30 09:39:50.463   197   197 E lowmemorykiller: Error writing /proc/24301/oom_score_adj; errno=22
10-30 09:39:50.488 24144 24198 W cr_CrashFileManager: /data/user/0/com.android.chrome/cache/Crash Reports does not exist or is not a directory
10-30 09:39:50.488 24144 24198 W cr_CrashFileManager: /data/user/0/com.android.chrome/cache/Crash Reports does not exist or is not a directory
10-30 09:39:50.488 24144 24198 W cr_CrashFileManager: /data/user/0/com.android.chrome/cache/Crash Reports does not exist or is not a directory
10-30 09:39:50.498   600  3507 I ActivityManager: Start proc 24416:com.android.chrome:sandboxed_process9/u0i478 for service com.android.chrome/org.chromium.content.app.SandboxedProcessService9
10-30 09:39:50.499   600   613 I ActivityManager: Killing 24301:com.android.chrome:sandboxed_process3/u0a35i472 (adj 0): isolated not needed
10-30 09:39:50.499   600   613 I ActivityManager: Killing 24283:com.android.chrome:sandboxed_process1/u0a35i470 (adj 0): isolated not needed
10-30 09:39:50.500   600 13631 D ActivityManager: cleanUpApplicationRecord -- 24301
10-30 09:39:50.506 24144 24144 W chromium: [WARNING:compositor_view.cc(315)] Child process died (type=6) pid=24301)
10-30 09:39:50.516 24144 24198 I cr_FileUtils: Writing to /data/user/0/com.android.chrome/app_dex/webapk7.dex
10-30 09:39:50.525 24144 24177 I cr_BindingManager: Moderate binding enabled: maxSize=40
10-30 09:39:50.611 24350 24404 I cr_LibraryLoader: Loaded native library version number "85.0.4183.127"
10-30 09:39:50.613 24320 24400 I chromium: [INFO:child_process_service.cc(69)] ChildProcessService: Exiting child process.
10-30 09:39:50.619   197   197 E lowmemorykiller: Error writing /proc/24320/oom_score_adj; errno=22
10-30 09:39:50.621 24350 24404 I cr_CachingUmaRecorder: Flushed 1 samples from 1 histograms.
10-30 09:39:50.642 24365 24405 I cr_LibraryLoader: Loaded native library version number "85.0.4183.127"
10-30 09:39:50.642 24365 24405 I cr_CachingUmaRecorder: Flushed 1 samples from 1 histograms.
10-30 09:39:50.649   600  1080 I ActivityManager: Killing 24320:com.android.chrome:sandboxed_process4/u0a35i473 (adj 0): isolated not needed
10-30 09:39:50.654   600  6312 D ActivityManager: cleanUpApplicationRecord -- 24320
10-30 09:39:50.697 24144 24144 W chromium: [WARNING:compositor_view.cc(315)] Child process died (type=6) pid=24320)
10-30 09:39:50.699 24377 24406 I cr_LibraryLoader: Loaded native library version number "85.0.4183.127"
10-30 09:39:50.699 24377 24406 I cr_CachingUmaRecorder: Flushed 1 samples from 1 histograms.
10-30 09:39:50.730 11473 12080 I Icing   : IndexChimeraService.getServiceInterface callingPackage=com.android.chrome componentName=null serviceId=36
10-30 09:39:50.780 24334 24334 I cr_ChildProcessService: Destroying ChildProcessService pid=24334
10-30 09:39:50.803   600   713 D ActivityManager: cleanUpApplicationRecord -- 24283
10-30 09:39:50.804   600   713 I ActivityManager: Killing 24334:com.android.chrome:sandboxed_process5/u0a35i474 (adj 0): isolated not needed
10-30 09:39:50.812 11473 11609 I Icing   : IndexChimeraService.getServiceInterface callingPackage=com.android.chrome componentName=null serviceId=36
10-30 09:39:50.822 24144 24144 W chromium: [WARNING:compositor_view.cc(315)] Child process died (type=6) pid=24283)
10-30 09:39:50.858 24350 24404 I chromium: [INFO:child_process_service.cc(69)] ChildProcessService: Exiting child process.
10-30 09:39:50.859 24416 24416 W dboxed_process9: type=1400 audit(0.0:4308): avc: denied { getattr } for path="/data/data/com.android.chrome" dev="dm-2" ino=12190 scontext=u:r:isolated_app:s0:c512,c768 tcontext=u:object_r:app_data_file:s0:c512,c768 tclass=dir permissive=0
10-30 09:39:50.860   197   197 E lowmemorykiller: Error writing /proc/24350/oom_score_adj; errno=22
10-30 09:39:50.934   600  1080 I ActivityManager: Start proc 24444:com.android.chrome:sandboxed_process10/u0i479 for service com.android.chrome/org.chromium.content.app.SandboxedProcessService10
10-30 09:39:51.007 24416 24416 I cr_ChildProcessService: Creating new ChildProcessService pid=24416
10-30 09:39:51.025 24365 24365 I cr_ChildProcessService: Destroying ChildProcessService pid=24365
10-30 09:39:51.054 24430 24430 I dex2oat : /system/bin/dex2oat --dex-file=/data/user/0/com.android.chrome/app_dex/webapk7.dex --oat-fd=57 --oat-location=/data/user/0/com.android.chrome/app_dex/oat/arm/webapk7.dex --compiler-filter=speed
10-30 09:39:51.061   600  9614 I ActivityManager: Killing 24365:com.android.chrome:sandboxed_process7/u0a35i476 (adj 0): isolated not needed
10-30 09:39:51.061   600  9614 I ActivityManager: Killing 24377:com.android.chrome:sandboxed_process8/u0a35i477 (adj 0): isolated not needed
10-30 09:39:51.061   600  9614 I ActivityManager: Killing 24350:com.android.chrome:sandboxed_process6/u0a35i475 (adj 0): isolated not needed
10-30 09:39:51.181   600 13631 I ActivityManager: Start proc 24453:com.android.chrome:sandboxed_process11/u0i480 for service com.android.chrome/org.chromium.content.app.SandboxedProcessService11
10-30 09:39:51.200 24416 24449 I cr_LibraryLoader: Loaded native library version number "85.0.4183.127"
10-30 09:39:51.201 24416 24449 I cr_CachingUmaRecorder: Flushed 1 samples from 1 histograms.
10-30 09:39:51.207   600  3509 I ActivityManager: Start proc 24458:com.android.chrome:sandboxed_process12/u0i481 for service com.android.chrome/org.chromium.content.app.SandboxedProcessService12
10-30 09:39:51.227   600  1081 I ActivityManager: Start proc 24463:com.android.chrome:sandboxed_process13/u0i482 for service com.android.chrome/org.chromium.content.app.SandboxedProcessService13
10-30 09:39:51.239 24277 24277 D AndroidRuntime: >>>>>> START com.android.internal.os.RuntimeInit uid 2000 <<<<<<
10-30 09:39:51.249   600   611 I ActivityManager: Start proc 24471:com.android.chrome:sandboxed_process14/u0i483 for service com.android.chrome/org.chromium.content.app.SandboxedProcessService14
10-30 09:39:51.271   600  1079 I ActivityManager: Start proc 24476:com.android.chrome:sandboxed_process15/u0i484 for service com.android.chrome/org.chromium.content.app.SandboxedProcessService15
10-30 09:39:51.274 24277 24277 D AndroidRuntime: CheckJNI is OFF
10-30 09:39:51.308 24416 24449 I chromium: [INFO:child_process_service.cc(69)] ChildProcessService: Exiting child process.
10-30 09:39:51.324   600  1082 I ActivityManager: Start proc 24481:com.android.chrome:sandboxed_process16/u0i485 for service com.android.chrome/org.chromium.content.app.SandboxedProcessService16
10-30 09:39:51.344   600  1076 I ActivityManager: Start proc 24486:com.android.chrome:sandboxed_process17/u0i486 for service com.android.chrome/org.chromium.content.app.SandboxedProcessService17
10-30 09:39:51.376   600  3675 I ActivityManager: Start proc 24492:com.android.chrome:sandboxed_process18/u0i487 for service com.android.chrome/org.chromium.content.app.SandboxedProcessService18
10-30 09:39:51.411   600  1081 I ActivityManager: Start proc 24497:com.android.chrome:sandboxed_process19/u0i488 for service com.android.chrome/org.chromium.content.app.SandboxedProcessService19
10-30 09:39:51.436   600   611 I ActivityManager: Start proc 24502:com.android.chrome:sandboxed_process20/u0i489 for service com.android.chrome/org.chromium.content.app.SandboxedProcessService20
10-30 09:39:51.472   600   613 I ActivityManager: Killing 24416:com.android.chrome:sandboxed_process9/u0a35i478 (adj 0): isolated not needed
10-30 09:39:51.660 24277 24277 D ICU     : No timezone override file found: /data/misc/zoneinfo/current/icu/icu_tzdata.dat
10-30 09:39:51.791 24277 24277 I Radio-JNI: register_android_hardware_Radio DONE
10-30 09:39:51.832 24430 24491 W dex2oat : Compilation of java.lang.String androidx.core.graphics.drawable.IconCompat.toString() took 145.834ms
10-30 09:39:51.843 24444 24444 W boxed_process10: type=1400 audit(0.0:4309): avc: denied { getattr } for path="/data/data/com.android.chrome" dev="dm-2" ino=12190 scontext=u:r:isolated_app:s0:c512,c768 tcontext=u:object_r:app_data_file:s0:c512,c768 tclass=dir permissive=0
10-30 09:39:51.846 24471 24471 W boxed_process14: type=1400 audit(0.0:4310): avc: denied { getattr } for path="/data/data/com.android.chrome" dev="dm-2" ino=12190 scontext=u:r:isolated_app:s0:c512,c768 tcontext=u:object_r:app_data_file:s0:c512,c768 tclass=dir permissive=0
10-30 09:39:51.849 24497 24497 W boxed_process19: type=1400 audit(0.0:4311): avc: denied { getattr } for path="/data/data/com.android.chrome" dev="dm-2" ino=12190 scontext=u:r:isolated_app:s0:c512,c768 tcontext=u:object_r:app_data_file:s0:c512,c768 tclass=dir permissive=0
10-30 09:39:51.849 24492 24492 W boxed_process18: type=1400 audit(0.0:4312): avc: denied { getattr } for path="/data/data/com.android.chrome" dev="dm-2" ino=12190 scontext=u:r:isolated_app:s0:c512,c768 tcontext=u:object_r:app_data_file:s0:c512,c768 tclass=dir permissive=0
10-30 09:39:51.859 24481 24481 W boxed_process16: type=1400 audit(0.0:4314): avc: denied { getattr } for path="/data/data/com.android.chrome" dev="dm-2" ino=12190 scontext=u:r:isolated_app:s0:c512,c768 tcontext=u:object_r:app_data_file:s0:c512,c768 tclass=dir permissive=0
10-30 09:39:51.859 24453 24453 W boxed_process11: type=1400 audit(0.0:4313): avc: denied { getattr } for path="/data/data/com.android.chrome" dev="dm-2" ino=12190 scontext=u:r:isolated_app:s0:c512,c768 tcontext=u:object_r:app_data_file:s0:c512,c768 tclass=dir permissive=0
10-30 09:39:51.863 24458 24458 W boxed_process12: type=1400 audit(0.0:4315): avc: denied { getattr } for path="/data/data/com.android.chrome" dev="dm-2" ino=12190 scontext=u:r:isolated_app:s0:c512,c768 tcontext=u:object_r:app_data_file:s0:c512,c768 tclass=dir permissive=0
10-30 09:39:51.863 24476 24476 W boxed_process15: type=1400 audit(0.0:4316): avc: denied { getattr } for path="/data/data/com.android.chrome" dev="dm-2" ino=12190 scontext=u:r:isolated_app:s0:c512,c768 tcontext=u:object_r:app_data_file:s0:c512,c768 tclass=dir permissive=0
10-30 09:39:51.863 24502 24502 W boxed_process20: type=1400 audit(0.0:4317): avc: denied { getattr } for path="/data/data/com.android.chrome" dev="dm-2" ino=12190 scontext=u:r:isolated_app:s0:c512,c768 tcontext=u:object_r:app_data_file:s0:c512,c768 tclass=dir permissive=0
10-30 09:39:51.866 24486 24486 W boxed_process17: type=1400 audit(0.0:4318): avc: denied { getattr } for path="/data/data/com.android.chrome" dev="dm-2" ino=12190 scontext=u:r:isolated_app:s0:c512,c768 tcontext=u:object_r:app_data_file:s0:c512,c768 tclass=dir permissive=0
10-30 09:39:51.873 24463 24463 W boxed_process13: type=1400 audit(0.0:4319): avc: denied { getattr } for path="/data/data/com.android.chrome" dev="dm-2" ino=12190 scontext=u:r:isolated_app:s0:c512,c768 tcontext=u:object_r:app_data_file:s0:c512,c768 tclass=dir permissive=0
10-30 09:39:51.898 24277 24277 D AndroidRuntime: Calling main entry com.android.commands.am.Am
10-30 09:39:51.914 24288 24390 I cr_LibraryLoader: Loaded native library version number "85.0.4183.127"
10-30 09:39:51.914 24288 24390 I cr_CachingUmaRecorder: Flushed 1 samples from 1 histograms.
10-30 09:39:51.922   600   609 I art     : Background partial concurrent mark sweep GC freed 38019(1982KB) AllocSpace objects, 23(604KB) LOS objects, 33% free, 15MB/23MB, paused 888us total 185.673ms
10-30 09:39:51.953 24144 24144 W chromium: [WARNING:compositor_view.cc(315)] Child process died (type=6) pid=24416)
10-30 09:39:51.954 24144 24144 W chromium: [WARNING:compositor_view.cc(315)] Child process died (type=6) pid=24350)
10-30 09:39:51.961 24288 24390 I chromium: [INFO:child_process_service.cc(69)] ChildProcessService: Exiting child process.
10-30 09:39:51.970   600  3675 I ActivityManager: START u0 {act=android.intent.action.VIEW dat=http://192.168.40.1/... flg=0x10000000 cmp=com.android.chrome/com.google.android.apps.chrome.Main} from uid 2000 on display 0
10-30 09:39:51.975   197   197 E lowmemorykiller: Error writing /proc/24288/oom_score_adj; errno=22
10-30 09:39:51.979 24430 24430 I dex2oat : dex2oat took 936.655ms (threads: 2) arena alloc=771KB (790272B) java alloc=108KB (111120B) native alloc=560KB (573504B) free=1487KB (1523648B)
10-30 09:39:51.988 24277 24277 D AndroidRuntime: Shutting down VM
10-30 09:39:52.024   600  3994 I ActivityManager: Process com.android.chrome:sandboxed_process2 (pid 24288) has died
10-30 09:39:52.024   600  3994 D ActivityManager: cleanUpApplicationRecord -- 24288
10-30 09:39:52.026   600  3994 E JavaBinder: !!! FAILED BINDER TRANSACTION !!!  (parcel size = 76)
10-30 09:39:52.071 24481 24481 I cr_ChildProcessService: Creating new ChildProcessService pid=24481
10-30 09:39:52.086   600   707 D ActivityManager: cleanUpApplicationRecord -- 24416
10-30 09:39:52.092   600  1079 D ActivityManager: cleanUpApplicationRecord -- 24350
10-30 09:39:52.104 11473 21504 W Icing   : No valid account for uploading user actions
10-30 09:39:52.118 11473 12080 I Icing   : IndexChimeraService.getServiceInterface callingPackage=com.google.android.gms componentName=null serviceId=30
10-30 09:39:52.123   600   713 D ActivityManager: cleanUpApplicationRecord -- 24377
10-30 09:39:52.146   600  9614 D ActivityManager: cleanUpApplicationRecord -- 24365
10-30 09:39:52.157 24144 24144 E cr_IntentUtils: getInt failed on bundle null
10-30 09:39:52.166 24492 24492 I cr_ChildProcessService: Creating new ChildProcessService pid=24492
10-30 09:39:52.179 24444 24444 I cr_ChildProcessService: Creating new ChildProcessService pid=24444
10-30 09:39:52.183 24458 24458 I cr_ChildProcessService: Creating new ChildProcessService pid=24458
10-30 09:39:52.199 24463 24463 I cr_ChildProcessService: Creating new ChildProcessService pid=24463
10-30 09:39:52.199 24471 24471 I cr_ChildProcessService: Creating new ChildProcessService pid=24471
10-30 09:39:52.200 24497 24497 I cr_ChildProcessService: Creating new ChildProcessService pid=24497
10-30 09:39:52.201 24486 24486 I cr_ChildProcessService: Creating new ChildProcessService pid=24486
10-30 09:39:52.202 24502 24502 I cr_ChildProcessService: Creating new ChildProcessService pid=24502
10-30 09:39:52.202 24453 24453 I cr_ChildProcessService: Creating new ChildProcessService pid=24453
10-30 09:39:52.204 24476 24476 I cr_ChildProcessService: Creating new ChildProcessService pid=24476
10-30 09:39:52.218   600 16391 I ActivityManager: Start proc 24623:com.android.chrome:sandboxed_process21/u0i490 for service com.android.chrome/org.chromium.content.app.SandboxedProcessService21
10-30 09:39:52.278 24144 24144 W FeedModelProvider: sessionId is null, this should have been set during population
10-30 09:39:52.279 24144 24144 I cr_tabmodel: Appending tabs being restored to metadata lists, 0, startingNormalCount: 2, startingIncognitoCount: 0
10-30 09:39:52.279 24144 24144 I cr_tabmodel: Serializing tab lists; counts: 2, 0
10-30 09:39:52.365 24144 24144 W chromium: [WARNING:compositor_view.cc(315)] Child process died (type=6) pid=24288)
10-30 09:39:52.366 24144 24144 W chromium: [WARNING:compositor_view.cc(315)] Child process died (type=6) pid=24365)
10-30 09:39:52.374 24144 24144 W chromium: [WARNING:compositor_view.cc(315)] Child process died (type=6) pid=24377)
10-30 09:39:52.386 24144 24144 I FeedRequestManagerImpl: Request: /httpservice/noretry/DiscoverClankService/FeedQuery completed with response code: 200
10-30 09:39:52.397 24144 24144 I TaskQueue:  - task [IMMEDIATE - d: true, b: 2]: 15
10-30 09:39:52.397 24144 24144 I TaskQueue:  - queueTask starting immediate task
10-30 09:39:52.397 24144 24199 I TaskQueue: Execute task [IMMEDIATE - d: true, b: 2]: 15
10-30 09:39:52.463 24481 24610 I cr_LibraryLoader: Loaded native library version number "85.0.4183.127"
10-30 09:39:52.476 24471 24616 I cr_LibraryLoader: Loaded native library version number "85.0.4183.127"
10-30 09:39:52.486 24453 24619 I cr_LibraryLoader: Loaded native library version number "85.0.4183.127"
10-30 09:39:52.487 24481 24610 I cr_CachingUmaRecorder: Flushed 1 samples from 1 histograms.
10-30 09:39:52.487 24453 24619 I cr_CachingUmaRecorder: Flushed 1 samples from 1 histograms.
10-30 09:39:52.497 24471 24616 I cr_CachingUmaRecorder: Flushed 1 samples from 1 histograms.
10-30 09:39:52.517 24144 24144 I Choreographer: Skipped 31 frames!  The application may be doing too much work on its main thread.
10-30 09:39:52.535 24486 24618 I cr_LibraryLoader: Loaded native library version number "85.0.4183.127"
10-30 09:39:52.536 24486 24618 I cr_CachingUmaRecorder: Flushed 1 samples from 1 histograms.
10-30 09:39:52.539 24458 24613 I cr_LibraryLoader: Loaded native library version number "85.0.4183.127"
10-30 09:39:52.540 24458 24613 I cr_CachingUmaRecorder: Flushed 1 samples from 1 histograms.
10-30 09:39:52.540 24497 24617 I cr_LibraryLoader: Loaded native library version number "85.0.4183.127"
10-30 09:39:52.554 24444 24612 I cr_LibraryLoader: Loaded native library version number "85.0.4183.127"
10-30 09:39:52.554 24444 24612 I cr_CachingUmaRecorder: Flushed 1 samples from 1 histograms.
10-30 09:39:52.558 24502 24620 I cr_LibraryLoader: Loaded native library version number "85.0.4183.127"
10-30 09:39:52.558 24502 24620 I cr_CachingUmaRecorder: Flushed 1 samples from 1 histograms.
10-30 09:39:52.558 24463 24615 I cr_LibraryLoader: Loaded native library version number "85.0.4183.127"
10-30 09:39:52.559 24463 24615 I cr_CachingUmaRecorder: Flushed 1 samples from 1 histograms.
10-30 09:39:52.563 24492 24614 I cr_LibraryLoader: Loaded native library version number "85.0.4183.127"
10-30 09:39:52.563 24492 24614 I cr_CachingUmaRecorder: Flushed 1 samples from 1 histograms.
10-30 09:39:52.569 24144 24177 I cr_BindingManager: onTrimMemory: level=15, size=0
10-30 09:39:52.571 24497 24617 I cr_CachingUmaRecorder: Flushed 1 samples from 1 histograms.
10-30 09:39:52.626 24476 24622 I cr_LibraryLoader: Loaded native library version number "85.0.4183.127"
10-30 09:39:52.626 24476 24622 I cr_CachingUmaRecorder: Flushed 1 samples from 1 histograms.
