--------- beginning of main
10-31 07:29:48.733   514   514 D AndroidRuntime: >>>>>> START com.android.internal.os.RuntimeInit uid 2000 <<<<<<
10-31 07:29:48.737   514   514 D AndroidRuntime: CheckJNI is OFF
10-31 07:29:48.801   514   514 D ICU     : No timezone override file found: /data/misc/zoneinfo/current/icu/icu_tzdata.dat
10-31 07:29:48.830   514   514 I Radio-JNI: register_android_hardware_Radio DONE
10-31 07:29:48.845   514   514 D AndroidRuntime: Calling main entry com.android.commands.am.Am
--------- beginning of system
10-31 07:29:48.862   600  1081 I ActivityManager: Force stopping com.android.chrome appid=10035 user=0: from pid 514
10-31 07:29:48.863   600  1081 I ActivityManager: Killing 479:com.android.chrome/u0a35 (adj 904): stop com.android.chrome
10-31 07:29:48.863   600  1081 D ActivityManager: cleanUpApplicationRecord -- 479
10-31 07:29:48.873  1061  1061 D RegisteredNfcFServicesCache: Service unchanged, not updating
10-31 07:29:49.120   600  9614 I ActivityManager: START u0 {act=android.intent.action.VIEW flg=0x10008000 cmp=com.android.chrome/com.google.android.apps.chrome.Main} from uid 2000 on display 0
10-31 07:29:49.140   514   514 D AndroidRuntime: Shutting down VM
10-31 07:29:49.166   600  6312 I ActivityManager: Start proc 524:com.android.chrome/u0a35 for activity com.android.chrome/com.google.android.apps.chrome.Main
10-31 07:29:49.328   600  2707 I ActivityManager: START u0 {cmp=com.android.chrome/org.chromium.chrome.browser.firstrun.TabbedModeFirstRunActivity (has extras)} from uid 10035 on display 0
10-31 07:29:49.333   524   541 W DynamiteModule: Local module descriptor class for com.google.android.gms.googlecertificates not found.
10-31 07:29:49.346   524   541 I DynamiteModule: Considering local module com.google.android.gms.googlecertificates:0 and remote module com.google.android.gms.googlecertificates:6
10-31 07:29:49.346   524   541 I DynamiteModule: Selected remote version of com.google.android.gms.googlecertificates, version >= 6
10-31 07:29:49.370   524   541 W System  : ClassLoader referenced unknown path: 
10-31 07:29:49.371   524   541 D ApplicationLoaders: ignored Vulkan layer search path /data/app/com.google.android.gms-1/lib/arm:/data/app/com.google.android.gms-1/base.apk!/lib/armeabi-v7a:/data/app/com.google.android.gms-1/split_config.en.apk!/lib/armeabi-v7a for namespace 0xf4a47090
10-31 07:29:49.375   524   541 W ResourceType: ResTable_typeSpec entry count inconsistent: given 67, previously 69
10-31 07:29:49.375   524   541 W ResourceType: ResTable_typeSpec entry count inconsistent: given 5346, previously 5347
10-31 07:29:49.394   524   541 I DynamiteLoaderV2Impl: [70] Googlecertificates
10-31 07:29:49.416   524   541 W System  : ClassLoader referenced unknown path: /data/user_de/0/com.google.android.gms/app_chimera/m/00000061/n/armeabi-v7a
10-31 07:29:49.416   524   541 W System  : ClassLoader referenced unknown path: /data/user_de/0/com.google.android.gms/app_chimera/m/00000061/n/armeabi
10-31 07:29:49.514   524   542 I cr_LibraryLoader: Loaded native library version number "85.0.4183.127"
10-31 07:29:49.515   524   542 I cr_CachingUmaRecorder: Flushed 10 samples from 10 histograms.
10-31 07:29:49.547   524   543 I OpenGLRenderer: Initialized EGL, version 1.4
10-31 07:29:49.547   524   543 D OpenGLRenderer: Swap behavior 2
10-31 07:29:49.695   524   538 D NetworkSecurityConfig: Using Network Security Config from resource 0_resource_name_obfuscated debugBuild: false
10-31 07:29:49.703   600   620 W WindowManager: Failed looking up window
10-31 07:29:49.703   600   620 W WindowManager: java.lang.IllegalArgumentException: Requested window android.view.ViewRootImpl$W@1fe6a99 does not exist
10-31 07:29:49.703   600   620 W WindowManager: 	at com.android.server.wm.WindowManagerService.windowForClientLocked(WindowManagerService.java:9422)
10-31 07:29:49.703   600   620 W WindowManager: 	at com.android.server.wm.WindowManagerService.windowForClientLocked(WindowManagerService.java:9413)
10-31 07:29:49.703   600   620 W WindowManager: 	at com.android.server.wm.WindowManagerService.removeWindow(WindowManagerService.java:2393)
10-31 07:29:49.703   600   620 W WindowManager: 	at com.android.server.wm.Session.remove(Session.java:202)
10-31 07:29:49.703   600   620 W WindowManager: 	at android.view.ViewRootImpl.dispatchDetachedFromWindow(ViewRootImpl.java:3290)
10-31 07:29:49.703   600   620 W WindowManager: 	at android.view.ViewRootImpl.doDie(ViewRootImpl.java:5917)
10-31 07:29:49.703   600   620 W WindowManager: 	at android.view.ViewRootImpl$ViewRootHandler.handleMessage(ViewRootImpl.java:3626)
10-31 07:29:49.703   600   620 W WindowManager: 	at android.os.Handler.dispatchMessage(Handler.java:102)
10-31 07:29:49.703   600   620 W WindowManager: 	at android.os.Looper.loop(Looper.java:154)
10-31 07:29:49.703   600   620 W WindowManager: 	at android.os.HandlerThread.run(HandlerThread.java:61)
10-31 07:29:49.703   600   620 W WindowManager: 	at com.android.server.ServiceThread.run(ServiceThread.java:46)
10-31 07:29:49.704   600   620 I ActivityManager: Displayed com.android.chrome/org.chromium.chrome.browser.firstrun.TabbedModeFirstRunActivity: +324ms (total +565ms)
10-31 07:29:49.717   787  1620 I FontLog : Received query Google Sans, URI content://com.google.android.gms.fonts [CONTEXT service_id=132 ]
10-31 07:29:49.717   787  1620 I FontLog : Query [Google Sans] resolved to {Google Sans, wdth 100.0, wght 400, ital 0.0, bestEffort false} [CONTEXT service_id=132 ]
10-31 07:29:49.718   787  1620 I FontLog : Font PFD returned from cache for {Google Sans, wdth 100.0, wght 400, ital 0.0, bestEffort false} [CONTEXT service_id=132 ]
10-31 07:29:49.718   787  1620 I FontLog : Fetch {Google Sans, wdth 100.0, wght 400, ital 0.0, bestEffort false} end status Status{statusCode=SUCCESS, resolution=null} [CONTEXT service_id=132 ]
10-31 07:29:49.733   787 23224 I FontLog : Pulling font file for id = 1580, cache size = 7 [CONTEXT service_id=132 ]
10-31 07:29:49.766   787  1259 E apju    : Phenotype API error. Event # cdub@d93548fb, EventCode: 7 [CONTEXT service_id=51 ]
10-31 07:29:49.766   787  1259 E apju    : apiz: 29505: No config packages for log source, or config package not registered
10-31 07:29:49.766   787  1259 E apju    : 	at apkj.b(:com.google.android.gms@203915020@20.39.15 (040406-335085812):7)
10-31 07:29:49.766   787  1259 E apju    : 	at apkg.b(:com.google.android.gms@203915020@20.39.15 (040406-335085812):2)
10-31 07:29:49.766   787  1259 E apju    : 	at apju.a(:com.google.android.gms@203915020@20.39.15 (040406-335085812):85)
10-31 07:29:49.766   787  1259 E apju    : 	at apju.a(:com.google.android.gms@203915020@20.39.15 (040406-335085812):80)
10-31 07:29:49.766   787  1259 E apju    : 	at aain.run(:com.google.android.gms@203915020@20.39.15 (040406-335085812):7)
10-31 07:29:49.766   787  1259 E apju    : 	at boex.run(:com.google.android.gms@203915020@20.39.15 (040406-335085812):2)
10-31 07:29:49.766   787  1259 E apju    : 	at sup.b(:com.google.android.gms@203915020@20.39.15 (040406-335085812):12)
10-31 07:29:49.766   787  1259 E apju    : 	at sup.run(:com.google.android.gms@203915020@20.39.15 (040406-335085812):7)
10-31 07:29:49.766   787  1259 E apju    : 	at java.util.concurrent.ThreadPoolExecutor.runWorker(ThreadPoolExecutor.java:1133)
10-31 07:29:49.766   787  1259 E apju    : 	at java.util.concurrent.ThreadPoolExecutor$Worker.run(ThreadPoolExecutor.java:607)
10-31 07:29:49.766   787  1259 E apju    : 	at tam.run(:com.google.android.gms@203915020@20.39.15 (040406-335085812):0)
10-31 07:29:49.766   787  1259 E apju    : 	at java.lang.Thread.run(Thread.java:761)
10-31 07:29:49.767   787  1259 E AsyncOperation: serviceID=51, operation=GetExperimentTokensOperationCall [CONTEXT service_id=259 ]
10-31 07:29:49.767   787  1259 E AsyncOperation: OperationException[Status{statusCode=No config packages for log source, or config package not registered, resolution=null}]
10-31 07:29:49.767   787  1259 E AsyncOperation: 	at apju.a(:com.google.android.gms@203915020@20.39.15 (040406-335085812):87)
10-31 07:29:49.767   787  1259 E AsyncOperation: 	at apju.a(:com.google.android.gms@203915020@20.39.15 (040406-335085812):80)
10-31 07:29:49.767   787  1259 E AsyncOperation: 	at aain.run(:com.google.android.gms@203915020@20.39.15 (040406-335085812):7)
10-31 07:29:49.767   787  1259 E AsyncOperation: 	at boex.run(:com.google.android.gms@203915020@20.39.15 (040406-335085812):2)
10-31 07:29:49.767   787  1259 E AsyncOperation: 	at sup.b(:com.google.android.gms@203915020@20.39.15 (040406-335085812):12)
10-31 07:29:49.767   787  1259 E AsyncOperation: 	at sup.run(:com.google.android.gms@203915020@20.39.15 (040406-335085812):7)
10-31 07:29:49.767   787  1259 E AsyncOperation: 	at java.util.concurrent.ThreadPoolExecutor.runWorker(ThreadPoolExecutor.java:1133)
10-31 07:29:49.767   787  1259 E AsyncOperation: 	at java.util.concurrent.ThreadPoolExecutor$Worker.run(ThreadPoolExecutor.java:607)
10-31 07:29:49.767   787  1259 E AsyncOperation: 	at tam.run(:com.google.android.gms@203915020@20.39.15 (040406-335085812):0)
10-31 07:29:49.767   787  1259 E AsyncOperation: 	at java.lang.Thread.run(Thread.java:761)
10-31 07:29:49.794   787 28596 I FontLog : Received query Google Sans:500, URI content://com.google.android.gms.fonts [CONTEXT service_id=132 ]
10-31 07:29:49.799   787 28596 I FontLog : Query [Google Sans:500] resolved to {Google Sans, wdth 100.0, wght 500, ital 0.0, bestEffort false} [CONTEXT service_id=132 ]
10-31 07:29:49.800   787 28596 I FontLog : Font PFD returned from cache for {Google Sans, wdth 100.0, wght 500, ital 0.0, bestEffort false} [CONTEXT service_id=132 ]
10-31 07:29:49.801   787 28596 I FontLog : Fetch {Google Sans, wdth 100.0, wght 500, ital 0.0, bestEffort false} end status Status{statusCode=SUCCESS, resolution=null} [CONTEXT service_id=132 ]
10-31 07:29:49.851   787 28588 I FontLog : Pulling font file for id = 1581, cache size = 8 [CONTEXT service_id=132 ]
10-31 07:29:49.909   524   538 I cr_VariationsSeedFetch: Fetched first run seed in 216 ms
10-31 07:29:49.958   600   713 I ActivityManager: Start proc 558:com.android.chrome:sandboxed_process0/u0i63 for service com.android.chrome/org.chromium.content.app.SandboxedProcessService0
10-31 07:29:49.996   558   558 W dboxed_process0: type=1400 audit(0.0:11967): avc: denied { getattr } for path="/data/data/com.android.chrome" dev="dm-2" ino=12190 scontext=u:r:isolated_app:s0:c512,c768 tcontext=u:object_r:app_data_file:s0:c512,c768 tclass=dir permissive=0
10-31 07:29:50.028   558   558 I cr_ChildProcessService: Creating new ChildProcessService pid=558
10-31 07:29:50.148   600  3994 I ActivityManager: Start proc 586:com.android.chrome:privileged_process0/u0a35 for service com.android.chrome/org.chromium.content.app.PrivilegedProcessService0
10-31 07:29:50.192   524   534 I art     : Background sticky concurrent mark sweep GC freed 1535(189KB) AllocSpace objects, 14(1008KB) LOS objects, 20% free, 5MB/6MB, paused 7.285ms total 27.504ms
10-31 07:29:50.233   524   545 W ConnectionStatusConfig: Dynamic lookup for intent failed for action: com.google.android.gms.auth.key.retrieval.service.START
10-31 07:29:50.263   524   545 W ConnectionStatusConfig: Dynamic lookup for intent failed for action: com.google.android.gms.auth.key.retrieval.service.START
10-31 07:29:50.264   600 13557 W ActivityManager: Unable to start service Intent { act=com.google.android.gms.auth.key.retrieval.service.START pkg=com.google.android.gms } U=0: not found
10-31 07:29:50.265   600  3507 W ActivityManager: Unbind failed: could not find connection for android.os.BinderProxy@355f985
10-31 07:29:50.266   524   545 E GmsClient: unable to connect to service: com.google.android.gms.auth.key.retrieval.service.START on com.google.android.gms
10-31 07:29:50.283   586   586 I cr_ChildProcessService: Creating new ChildProcessService pid=586
10-31 07:29:50.337   524   524 W cr_KnoxSettingsProvider: Permission to read device policy denied.
10-31 07:29:50.345   586   666 I cr_LibraryLoader: Loaded native library version number "85.0.4183.127"
10-31 07:29:50.360   586   666 I cr_CachingUmaRecorder: Flushed 1 samples from 1 histograms.
10-31 07:29:50.376   586   666 E libEGL  : validate_display:99 error 3008 (EGL_BAD_DISPLAY)
10-31 07:29:50.500 23104 23116 W SearchService: Abort, client detached.
10-31 07:29:50.502  1084  1084 I MemoryTrimmer: Trimming objects from memory, since app is in the background.
10-31 07:29:50.532 23104   396 I DeviceStateChecker: DeviceStateChecker cancelled
10-31 07:29:50.533 23104 23104 I MicroDetector: Keeping mic open: false
10-31 07:29:50.547 23104 23137 I AudioController: internalShutdown
10-31 07:29:50.547 23104 23137 I MicrophoneInputStream: mic_close com.google.android.apps.gsa.speech.audio.ae@878e8a7
10-31 07:29:50.548 23104 23198 I MicroRecognitionRunner: Stopping hotword detection.
10-31 07:29:50.553   238   285 I SoundTriggerHwService::Module: void android::SoundTriggerHwService::Module::onCallbackEvent(const sp<android::SoundTriggerHwService::CallbackEvent> &) mClient == 0
10-31 07:29:50.557 23104 23104 I MemoryTrimmer: Trimming objects from memory, since app is in the background.
10-31 07:29:50.558 23104   397 I MicroRecognitionRunner: Detection finished
10-31 07:29:50.562 23104 23104 I MemoryTrimmer: Trimming objects from memory, since app is in the background.
10-31 07:30:00.589 23104 23104 I MemoryTrimmer: Trimming objects from memory, since app is in the background.
10-31 07:30:01.716   728   728 D AndroidRuntime: >>>>>> START com.android.internal.os.RuntimeInit uid 2000 <<<<<<
10-31 07:30:01.719   728   728 D AndroidRuntime: CheckJNI is OFF
10-31 07:30:01.783   728   728 D ICU     : No timezone override file found: /data/misc/zoneinfo/current/icu/icu_tzdata.dat
10-31 07:30:01.814   728   728 I Radio-JNI: register_android_hardware_Radio DONE
10-31 07:30:01.829   728   728 D AndroidRuntime: Calling main entry com.android.commands.monkey.Monkey
10-31 07:30:01.895   600   613 W BroadcastQueue: Skipping deliver [background] BroadcastRecord{f1357c4 u-1 android.net.conn.CONNECTIVITY_CHANGE} to ReceiverList{59246ad 728 (unknown name)/2000/u-1 remote:c5c1256}: process crashing
10-31 07:30:03.267   728   728 D MonkeyStub: translateCommand: wake
10-31 07:30:03.375   728   728 D MonkeyStub: translateCommand: tap 398 1198
10-31 07:30:05.468   728   728 D MonkeyStub: translateCommand: tap 720 1506
10-31 07:30:05.645 17545 17663 I PeopleChimeraService: onService. callbacks = aaik@4e60aea, request = com.google.android.gms.common.internal.GetServiceRequest@84221db
10-31 07:30:05.648 17545 17558 I PeopleChimeraService: onService. callbacks = aaik@1efb751, request = com.google.android.gms.common.internal.GetServiceRequest@691ebb6
10-31 07:30:07.521   728   728 D MonkeyStub: translateCommand: tap 355 1480
10-31 07:30:07.545   728   728 D MonkeyStub: Quit requested
10-31 07:30:07.558   600 24515 I ActivityManager: START u0 {act=android.intent.action.VIEW flg=0x10008000 cmp=com.android.chrome/com.google.android.apps.chrome.Main (has extras)} from uid 10035 on display 0
10-31 07:30:07.623   728   728 I art     : System.exit called, status: 6
10-31 07:30:07.623   728   728 I AndroidRuntime: VM exiting with result code 6.
10-31 07:30:07.653   600   614 I CwMcuSensor: CwMcuSensor::flush: fd = 263, sensors_id = 0, path = /sys/class/htc_sensorhub/sensor_hub/flush, err = 0
10-31 07:30:07.685   600  9614 W WindowManager: Attempted to remove non-existing token: android.os.Binder@79efde2
10-31 07:30:07.764   524   524 E cr_CompositorSurfaceMgr: Transitioning to surface with format : -1
10-31 07:30:07.810   600   609 I art     : Background partial concurrent mark sweep GC freed 16550(815KB) AllocSpace objects, 3(60KB) LOS objects, 33% free, 17MB/25MB, paused 835us total 162.700ms
10-31 07:30:07.846   524   574 W cr_tabmodel: Starting to perform legacy migration.
10-31 07:30:07.847   524   574 W cr_tabmodel: Finished performing legacy migration.
10-31 07:30:07.847   524   574 W cr_tabmodel: Starting to perform multi-instance migration.
10-31 07:30:07.848   524   574 W cr_tabmodel: Finished performing multi-instance migration.
10-31 07:30:07.848   524   574 I cr_tabmodel: Starting to fetch tab list for tab_state0
10-31 07:30:07.848   524   574 I cr_tabmodel: State file does not exist.
10-31 07:30:07.848   524   574 I cr_tabmodel: Starting to fetch tab list for tab_state1
10-31 07:30:07.848   524   574 I cr_tabmodel: State file does not exist.
10-31 07:30:07.879   524   574 I cr_ADCP : No customization source found
10-31 07:30:07.953   600   707 E BatteryStatsService: power: Missing API
10-31 07:30:07.965   600   707 E BatteryStatsService: no controller energy info supplied
10-31 07:30:07.966   796   796 E PhoneInterfaceManager: [PhoneIntfMgr] queryModemActivityInfo: Empty response
10-31 07:30:07.974   600   707 E BatteryStatsService: modem info is invalid: ModemActivityInfo{ mTimestamp=0 mSleepTimeMs=0 mIdleTimeMs=0 mTxTimeMs[]=[0, 0, 0, 0, 0] mRxTimeMs=0 mEnergyUsed=0}
10-31 07:30:07.988   600   620 I ActivityManager: Displayed com.android.chrome/com.google.android.apps.chrome.Main: +367ms
10-31 07:30:08.010   524   543 D OpenGLRenderer: endAllActiveAnimators on 0xd4787600 (InsetDrawable) with handle 0xd483ccf0
10-31 07:30:08.018   524   524 E cr_CompositorSurfaceMgr: Transitioning to surface with format : -1
10-31 07:30:08.025   524   524 E cr_CompositorSurfaceMgr: surfaceCreated format : 0
10-31 07:30:08.032   524   524 I cr_ContextualSearch: Tap suppression enabled: false
10-31 07:30:08.035   524   524 I cr_ChromeTabbedActivity: #initializeState
10-31 07:30:08.036   524   524 I cr_CipherFactory: #restoreFromBundle, no savedInstanceState.
10-31 07:30:08.036   524   524 I cr_tabmodel: #loadState, ignoreIncognitoFiles? true
10-31 07:30:08.253   524   524 I SchedulerApiWrapper: Create SchedulerApiMainThreadWrapper
10-31 07:30:08.264   524   524 I FeedSessionManagerImpl: FeedSessionManagerImpl has been created
10-31 07:30:08.264   524   524 I FeedAppLifecycleLstnr: onEnterForeground called
10-31 07:30:08.264   524   524 I FeedSessionManagerImpl: onLifecycleEvent foreground
10-31 07:30:08.266   524   524 I FeedSessionManagerImpl: Lazy initialization triggered, getUpdateConsumer
10-31 07:30:08.267   524   574 I TaskQueue: Execute task [IMMEDIATE - d: true, b: 0]: 30
10-31 07:30:08.267   524   524 I FeedRequestManagerImpl: trigger refresh 2
10-31 07:30:08.267   524   524 I TaskQueue:  - task [HEAD_INVALIDATE - d: true, b: 0]: 26
10-31 07:30:08.267   524   524 I FeedAppLifecycleLstnr: initialize called
10-31 07:30:08.267   524   524 I FeedSessionManagerImpl: onLifecycleEvent initialize
10-31 07:30:08.267   524   524 W FeedSessionManagerImpl: FeedSessionManagerImpl has previously been initialized
10-31 07:30:08.294   524   524 I ViewConfigCompat: Could not find method getScaledScrollFactor() on ViewConfiguration
10-31 07:30:08.297   524   524 I BasicStream: Setting 2 header views, currently have 0 headers
10-31 07:30:08.299   524   524 I BasicStream: Setting 2 header views, currently have 2 headers
10-31 07:30:08.353   600   619 D BluetoothManagerService: Message: 20
10-31 07:30:08.353   600   619 D BluetoothManagerService: Added callback: android.bluetooth.IBluetoothManagerCallback$Stub$Proxy@8e9438e:true
10-31 07:30:08.382   558   572 I cr_LibraryLoader: Loaded native library version number "85.0.4183.127"
10-31 07:30:08.387   524   524 E cr_IntentUtils: getBooleanExtra failed on intent null
10-31 07:30:08.392   558   572 I cr_CachingUmaRecorder: Flushed 1 samples from 1 histograms.
10-31 07:30:08.398   524   524 I TimeoutSessionImpl: Using TimeoutSessionImpl
10-31 07:30:08.398   524   524 I FeedSessionManagerImpl: Delaying populateSession until initialization is finished
10-31 07:30:08.399   524   524 I TaskQueue:  - task [IMMEDIATE - d: true, b: 1]: 13
10-31 07:30:08.399   524   524 I MainThreadRunner: Running task [BasicStream onShow] on the Main Thread with a delay of 500 milliseconds
10-31 07:30:08.485   524   574 W SessionCache: Persisted Sessions were not found
10-31 07:30:08.485   524   574 I HeadSessionImpl: Initialize HEAD 0 items
10-31 07:30:08.485   524   574 I TaskQueue:  - task [BACKGROUND - d: true, b: 2]: 11
10-31 07:30:08.486   600  7064 I ActivityManager: Start proc 768:com.android.chrome:sandboxed_process1/u0i64 for service com.android.chrome/org.chromium.content.app.SandboxedProcessService1
10-31 07:30:08.486   524   574 I TimingUtils: Task Timing 218ms, thread JardinExecutor | task : Initialization
10-31 07:30:08.486   524   574 I TaskQueue:  - Finished 30, time 219 ms
10-31 07:30:08.493   524   574 I TaskQueue: Execute task [HEAD_INVALIDATE - d: true, b: 2]: 26
10-31 07:30:08.496   524   574 I TimingUtils: Task Timing   2ms, thread JardinExecutor | task : getAllDismissLocalActions | size : 0
10-31 07:30:08.496   524   574 I TimingUtils: Task Timing   0ms, thread JardinExecutor | task : getSemanticProperties | size : 0
10-31 07:30:08.496   524   574 I MainThreadRunner: Running task [Check Tooltips] on the Main Thread
10-31 07:30:08.496   524   574 I TaskQueue:  * Starting starvation checks
10-31 07:30:08.496   524   574 I MainThreadRunner: Running task [starvationChecks] on the Main Thread with a delay of 6000 milliseconds
10-31 07:30:08.496   524   574 I TaskQueue:  - Finished 26, time 4 ms
10-31 07:30:08.496   524   574 I TaskQueue: Execute task [IMMEDIATE - d: true, b: 1]: 13
10-31 07:30:08.497   524   574 I FeedSessionManagerImpl: shouldSessionRequestData; hasContent(false), contentCreationTime(0), outstandingRequest(true)
10-31 07:30:08.497   524   574 I MainThreadRunner: Running task [SchedulerApiWrapper shouldSessionRequestData] on the Main Thread
10-31 07:30:08.532   600  3509 I ActivityManager: Start proc 790:com.android.chrome:sandboxed_process2/u0i65 for service com.android.chrome/org.chromium.content.app.SandboxedProcessService2
10-31 07:30:08.569   600   707 I ActivityManager: Start proc 814:com.android.chrome:sandboxed_process3/u0i66 for service com.android.chrome/org.chromium.content.app.SandboxedProcessService3
10-31 07:30:08.605   600  1079 I ActivityManager: Start proc 829:com.android.chrome:sandboxed_process4/u0i67 for service com.android.chrome/org.chromium.content.app.SandboxedProcessService4
10-31 07:30:08.709   600  1076 I ActivityManager: Start proc 859:com.android.chrome:sandboxed_process5/u0i68 for service com.android.chrome/org.chromium.content.app.SandboxedProcessService5
10-31 07:30:08.736   768   768 W dboxed_process1: type=1400 audit(0.0:11968): avc: denied { getattr } for path="/data/data/com.android.chrome" dev="dm-2" ino=12190 scontext=u:r:isolated_app:s0:c512,c768 tcontext=u:object_r:app_data_file:s0:c512,c768 tclass=dir permissive=0
10-31 07:30:08.756   600  3994 I ActivityManager: Start proc 886:com.android.chrome:sandboxed_process6/u0i69 for service com.android.chrome/org.chromium.content.app.SandboxedProcessService6
10-31 07:30:08.780   524   524 I PlayCore: UID: [10035]  PID: [524] SplitInstallService : deferredInstall([image_editor])
10-31 07:30:08.817   600 17381 I ActivityManager: Start proc 902:com.android.chrome:sandboxed_process7/u0i70 for service com.android.chrome/org.chromium.content.app.SandboxedProcessService7
10-31 07:30:08.892   600   611 I ActivityManager: Start proc 915:com.android.chrome:sandboxed_process8/u0i71 for service com.android.chrome/org.chromium.content.app.SandboxedProcessService8
10-31 07:30:08.924   768   789 W art     : Suspending all threads took: 5.016ms
10-31 07:30:08.927   524   524 I Choreographer: Skipped 56 frames!  The application may be doing too much work on its main thread.
10-31 07:30:08.963   790   790 W dboxed_process2: type=1400 audit(0.0:11969): avc: denied { getattr } for path="/data/data/com.android.chrome" dev="dm-2" ino=12190 scontext=u:r:isolated_app:s0:c512,c768 tcontext=u:object_r:app_data_file:s0:c512,c768 tclass=dir permissive=0
10-31 07:30:08.974   768   789 I art     : Background sticky concurrent mark sweep GC freed 8182(334KB) AllocSpace objects, 0(0B) LOS objects, 38% free, 2MB/4MB, paused 8.591ms total 87.384ms
10-31 07:30:08.976   814   814 W dboxed_process3: type=1400 audit(0.0:11970): avc: denied { getattr } for path="/data/data/com.android.chrome" dev="dm-2" ino=12190 scontext=u:r:isolated_app:s0:c512,c768 tcontext=u:object_r:app_data_file:s0:c512,c768 tclass=dir permissive=0
10-31 07:30:09.010   768   768 I cr_ChildProcessService: Creating new ChildProcessService pid=768
10-31 07:30:09.046   829   829 W dboxed_process4: type=1400 audit(0.0:11971): avc: denied { getattr } for path="/data/data/com.android.chrome" dev="dm-2" ino=12190 scontext=u:r:isolated_app:s0:c512,c768 tcontext=u:object_r:app_data_file:s0:c512,c768 tclass=dir permissive=0
10-31 07:30:09.103   859   859 W dboxed_process5: type=1400 audit(0.0:11972): avc: denied { getattr } for path="/data/data/com.android.chrome" dev="dm-2" ino=12190 scontext=u:r:isolated_app:s0:c512,c768 tcontext=u:object_r:app_data_file:s0:c512,c768 tclass=dir permissive=0
10-31 07:30:09.148   524   898 I PlayCore: UID: [10035]  PID: [524] SplitInstallService : Initiate binding to the service.
10-31 07:30:09.160   790   790 I cr_ChildProcessService: Creating new ChildProcessService pid=790
10-31 07:30:09.178   524   534 I art     : Background sticky concurrent mark sweep GC freed 39112(2MB) AllocSpace objects, 23(516KB) LOS objects, 18% free, 9MB/12MB, paused 332us total 108.701ms
10-31 07:30:09.210   886   886 W dboxed_process6: type=1400 audit(0.0:11973): avc: denied { getattr } for path="/data/data/com.android.chrome" dev="dm-2" ino=12190 scontext=u:r:isolated_app:s0:c512,c768 tcontext=u:object_r:app_data_file:s0:c512,c768 tclass=dir permissive=0
10-31 07:30:09.233   902   902 W dboxed_process7: type=1400 audit(0.0:11974): avc: denied { getattr } for path="/data/data/com.android.chrome" dev="dm-2" ino=12190 scontext=u:r:isolated_app:s0:c512,c768 tcontext=u:object_r:app_data_file:s0:c512,c768 tclass=dir permissive=0
10-31 07:30:09.238   829   829 I cr_ChildProcessService: Creating new ChildProcessService pid=829
10-31 07:30:09.246   524   524 I cr_tabmodel: Appending tabs being restored to metadata lists, 0, startingNormalCount: 1, startingIncognitoCount: 0
10-31 07:30:09.247   524   524 I cr_tabmodel: Serializing tab lists; counts: 1, 0
10-31 07:30:09.256   814   814 I cr_ChildProcessService: Creating new ChildProcessService pid=814
10-31 07:30:09.317   859   859 I cr_ChildProcessService: Creating new ChildProcessService pid=859
10-31 07:30:09.333   915   915 W dboxed_process8: type=1400 audit(0.0:11975): avc: denied { getattr } for path="/data/data/com.android.chrome" dev="dm-2" ino=12190 scontext=u:r:isolated_app:s0:c512,c768 tcontext=u:object_r:app_data_file:s0:c512,c768 tclass=dir permissive=0
10-31 07:30:09.354   768   932 I cr_LibraryLoader: Loaded native library version number "85.0.4183.127"
10-31 07:30:09.355   768   932 I cr_CachingUmaRecorder: Flushed 1 samples from 1 histograms.
10-31 07:30:09.377   524   524 I TaskQueue:  - task [IMMEDIATE - d: true, b: 1]: 27
10-31 07:30:09.378   524   574 I FeedSessionManagerImpl: shouldSessionRequestDataResult: NO_REQUEST_WITH_WAIT, shouldMakeRequest(false), withTimeout(false), withAppend(false)
10-31 07:30:09.378   524   574 I TaskQueue:  - task [USER_FACING - d: true, b: 2]: 24
10-31 07:30:09.378   524   574 I TaskQueue:  - Finished 13, time 881 ms
10-31 07:30:09.378   524   574 I TaskQueue: Execute task [IMMEDIATE - d: true, b: 2]: 27
10-31 07:30:09.380   524   574 I FeedRequestManagerImpl: Consistency Token: # hU2@7bca4
10-31 07:30:09.392   524   574 I FeedRequestManagerImpl: Capability: FEED_UI
10-31 07:30:09.392   524   574 I FeedRequestManagerImpl: Capability: UNDOABLE_ACTIONS
10-31 07:30:09.392   524   574 I FeedRequestManagerImpl: Capability: MANAGE_INTERESTS
10-31 07:30:09.392   524   574 I FeedRequestManagerImpl: Capability: SEND_FEEDBACK
10-31 07:30:09.418   524   574 I FeedRequestManagerImpl: Capability: ARTICLE_SNIPPETS
10-31 07:30:09.419   524   574 I FeedRequestManagerImpl: Capability: CLICK_ACTION
10-31 07:30:09.419   524   574 I FeedRequestManagerImpl: Capability: VIEW_ACTION
10-31 07:30:09.419   524   574 I FeedRequestManagerImpl: Capability: REPORT_FEED_USER_ACTIONS_NOTICE_CARD
10-31 07:30:09.419   524   574 I FeedRequestManagerImpl: Capability: BASE_UI
10-31 07:30:09.421   886   886 I cr_ChildProcessService: Creating new ChildProcessService pid=886
10-31 07:30:09.429   524   574 I FeedRequestManagerImpl: Making Request: /httpservice/noretry/DiscoverClankService/FeedQuery
10-31 07:30:09.429   524   574 I MainThreadRunner: Running task [NetworkClientWrapper send] on the Main Thread
10-31 07:30:09.442   524   574 I TaskQueue:  - Finished 27, time 51 ms
10-31 07:30:09.462   902   902 I cr_ChildProcessService: Creating new ChildProcessService pid=902
10-31 07:30:09.511   790   939 I cr_LibraryLoader: Loaded native library version number "85.0.4183.127"
10-31 07:30:09.512   790   939 I cr_CachingUmaRecorder: Flushed 1 samples from 1 histograms.
10-31 07:30:09.522   768   932 I chromium: [INFO:child_process_service.cc(69)] ChildProcessService: Exiting child process.
10-31 07:30:09.540   600  3675 I ActivityManager: Process com.android.chrome:sandboxed_process1 (pid 768) has died
10-31 07:30:09.540   600  3675 D ActivityManager: cleanUpApplicationRecord -- 768
10-31 07:30:09.540   600  3675 W ActivityManager: Scheduling restart of crashed service com.android.chrome/org.chromium.content.app.SandboxedProcessService1 in 1000ms
10-31 07:30:09.564   524   524 W chromium: [WARNING:compositor_view.cc(315)] Child process died (type=6) pid=768)
10-31 07:30:09.588   915   915 I cr_ChildProcessService: Creating new ChildProcessService pid=915
10-31 07:30:09.709   790   939 I chromium: [INFO:child_process_service.cc(69)] ChildProcessService: Exiting child process.
10-31 07:30:09.721   524   534 W art     : Suspending all threads took: 6.225ms
10-31 07:30:09.730   600  1082 I ActivityManager: Process com.android.chrome:sandboxed_process2 (pid 790) has died
10-31 07:30:09.731   600  1082 D ActivityManager: cleanUpApplicationRecord -- 790
10-31 07:30:09.731   600  1082 W ActivityManager: Scheduling restart of crashed service com.android.chrome/org.chromium.content.app.SandboxedProcessService2 in 10810ms
10-31 07:30:09.777   524   534 I art     : Background partial concurrent mark sweep GC freed 42710(2MB) AllocSpace objects, 40(792KB) LOS objects, 40% free, 9MB/15MB, paused 7.282ms total 186.230ms
10-31 07:30:09.846   765   765 D AndroidRuntime: >>>>>> START com.android.internal.os.RuntimeInit uid 2000 <<<<<<
10-31 07:30:09.850   765   765 D AndroidRuntime: CheckJNI is OFF
10-31 07:30:09.867   600 27731 W ActivityManager: Unable to start service Intent { act=com.google.android.play.core.splitinstall.BIND_SPLIT_INSTALL_SERVICE pkg=com.android.vending } U=0: not found
10-31 07:30:09.878   600 24611 I ActivityManager: Start proc 958:com.android.chrome:sandboxed_process9/u0i72 for service com.android.chrome/org.chromium.content.app.SandboxedProcessService9
10-31 07:30:09.901   524   524 W chromium: [WARNING:compositor_view.cc(315)] Child process died (type=6) pid=790)
10-31 07:30:09.928   829   941 I cr_LibraryLoader: Loaded native library version number "85.0.4183.127"
10-31 07:30:09.928   829   941 I cr_CachingUmaRecorder: Flushed 1 samples from 1 histograms.
10-31 07:30:09.942   814   942 I cr_LibraryLoader: Loaded native library version number "85.0.4183.127"
10-31 07:30:09.942   814   942 I cr_CachingUmaRecorder: Flushed 1 samples from 1 histograms.
10-31 07:30:09.948   859   943 I cr_LibraryLoader: Loaded native library version number "85.0.4183.127"
10-31 07:30:09.948   859   943 I cr_CachingUmaRecorder: Flushed 1 samples from 1 histograms.
10-31 07:30:09.950   915   950 I cr_LibraryLoader: Loaded native library version number "85.0.4183.127"
10-31 07:30:09.950   915   950 I cr_CachingUmaRecorder: Flushed 1 samples from 1 histograms.
10-31 07:30:09.957   902   948 I cr_LibraryLoader: Loaded native library version number "85.0.4183.127"
10-31 07:30:09.957   902   948 I cr_CachingUmaRecorder: Flushed 1 samples from 1 histograms.
10-31 07:30:09.965   886   944 I cr_LibraryLoader: Loaded native library version number "85.0.4183.127"
10-31 07:30:09.965   886   944 I cr_CachingUmaRecorder: Flushed 1 samples from 1 histograms.
10-31 07:30:09.983   237   962 I art     : Starting a blocking GC HeapTrim
10-31 07:30:09.989   600   611 I ActivityManager: Start proc 964:com.android.chrome:sandboxed_process10/u0i73 for service com.android.chrome/org.chromium.content.app.SandboxedProcessService10
10-31 07:30:10.056   600  9614 I ActivityManager: Start proc 1002:com.android.chrome:sandboxed_process11/u0i74 for service com.android.chrome/org.chromium.content.app.SandboxedProcessService11
10-31 07:30:10.109   524   898 I PlayCore: UID: [10035]  PID: [524] SplitInstallService : Failed to bind to the service.
10-31 07:30:10.114   765   765 D ICU     : No timezone override file found: /data/misc/zoneinfo/current/icu/icu_tzdata.dat
10-31 07:30:10.151   524   578 W cr_CrashFileManager: /data/user/0/com.android.chrome/cache/Crash Reports does not exist or is not a directory
10-31 07:30:10.151   524   578 W cr_CrashFileManager: /data/user/0/com.android.chrome/cache/Crash Reports does not exist or is not a directory
10-31 07:30:10.151   524   578 W cr_CrashFileManager: /data/user/0/com.android.chrome/cache/Crash Reports does not exist or is not a directory
10-31 07:30:10.160   600  1081 I ActivityManager: Start proc 1026:com.android.chrome:sandboxed_process12/u0i75 for service com.android.chrome/org.chromium.content.app.SandboxedProcessService12
10-31 07:30:10.234   600  3507 I ActivityManager: Start proc 1044:com.android.chrome:sandboxed_process13/u0i76 for service com.android.chrome/org.chromium.content.app.SandboxedProcessService13
10-31 07:30:10.239   524   578 I cr_FileUtils: Writing to /data/user/0/com.android.chrome/app_dex/webapk7.dex
10-31 07:30:10.260   964   964 W boxed_process10: type=1400 audit(0.0:11976): avc: denied { getattr } for path="/data/data/com.android.chrome" dev="dm-2" ino=12190 scontext=u:r:isolated_app:s0:c512,c768 tcontext=u:object_r:app_data_file:s0:c512,c768 tclass=dir permissive=0
10-31 07:30:10.270   958   958 W dboxed_process9: type=1400 audit(0.0:11977): avc: denied { getattr } for path="/data/data/com.android.chrome" dev="dm-2" ino=12190 scontext=u:r:isolated_app:s0:c512,c768 tcontext=u:object_r:app_data_file:s0:c512,c768 tclass=dir permissive=0
10-31 07:30:10.280   600  1079 I ActivityManager: Start proc 1065:com.android.chrome:sandboxed_process14/u0i77 for service com.android.chrome/org.chromium.content.app.SandboxedProcessService14
10-31 07:30:10.344   765   765 I Radio-JNI: register_android_hardware_Radio DONE
10-31 07:30:10.363   600 13557 I ActivityManager: Start proc 1102:com.android.chrome:sandboxed_process15/u0i78 for service com.android.chrome/org.chromium.content.app.SandboxedProcessService15
10-31 07:30:10.370 17545 17879 I Icing   : IndexChimeraService.getServiceInterface callingPackage=com.android.chrome componentName=null serviceId=36
10-31 07:30:10.412 17545 18016 I Icing   : IndexChimeraService.getServiceInterface callingPackage=com.android.chrome componentName=null serviceId=36
10-31 07:30:10.436   600 29683 I ActivityManager: Start proc 1122:com.android.chrome:sandboxed_process16/u0i79 for service com.android.chrome/org.chromium.content.app.SandboxedProcessService16
10-31 07:30:10.450  1002  1002 W boxed_process11: type=1400 audit(0.0:11978): avc: denied { getattr } for path="/data/data/com.android.chrome" dev="dm-2" ino=12190 scontext=u:r:isolated_app:s0:c512,c768 tcontext=u:object_r:app_data_file:s0:c512,c768 tclass=dir permissive=0
10-31 07:30:10.475   958   958 I cr_ChildProcessService: Creating new ChildProcessService pid=958
10-31 07:30:10.500   600  1082 I ActivityManager: Start proc 1134:com.android.chrome:sandboxed_process17/u0i80 for service com.android.chrome/org.chromium.content.app.SandboxedProcessService17
10-31 07:30:10.505   964   964 I cr_ChildProcessService: Creating new ChildProcessService pid=964
10-31 07:30:10.522   600 24515 I ActivityManager: Start proc 1145:com.android.chrome:sandboxed_process18/u0i81 for service com.android.chrome/org.chromium.content.app.SandboxedProcessService18
10-31 07:30:10.559   765   765 D AndroidRuntime: Calling main entry com.android.commands.am.Am
10-31 07:30:10.583  1026  1026 W boxed_process12: type=1400 audit(0.0:11979): avc: denied { getattr } for path="/data/data/com.android.chrome" dev="dm-2" ino=12190 scontext=u:r:isolated_app:s0:c512,c768 tcontext=u:object_r:app_data_file:s0:c512,c768 tclass=dir permissive=0
10-31 07:30:10.602   600  1079 I ActivityManager: Start proc 1179:com.android.chrome:sandboxed_process19/u0i82 for service com.android.chrome/org.chromium.content.app.SandboxedProcessService19
10-31 07:30:10.633  1044  1044 W boxed_process13: type=1400 audit(0.0:11980): avc: denied { getattr } for path="/data/data/com.android.chrome" dev="dm-2" ino=12190 scontext=u:r:isolated_app:s0:c512,c768 tcontext=u:object_r:app_data_file:s0:c512,c768 tclass=dir permissive=0
10-31 07:30:10.639   600  1082 I ActivityManager: Start proc 1195:com.android.chrome:sandboxed_process20/u0i83 for service com.android.chrome/org.chromium.content.app.SandboxedProcessService20
10-31 07:30:10.648   524   557 I cr_BindingManager: Moderate binding enabled: maxSize=40
10-31 07:30:10.715  1002  1002 I cr_ChildProcessService: Creating new ChildProcessService pid=1002
10-31 07:30:10.718   859   943 I chromium: [INFO:child_process_service.cc(69)] ChildProcessService: Exiting child process.
10-31 07:30:10.722   600  1080 I ActivityManager: Killing 829:com.android.chrome:sandboxed_process4/u0a35i67 (adj 0): isolated not needed
10-31 07:30:10.723   197   197 E lowmemorykiller: Error writing /proc/859/oom_score_adj; errno=22
10-31 07:30:10.725   814   942 I chromium: [INFO:child_process_service.cc(69)] ChildProcessService: Exiting child process.
10-31 07:30:10.726   197   197 E lowmemorykiller: Error writing /proc/814/oom_score_adj; errno=22
10-31 07:30:10.734   902   948 I chromium: [INFO:child_process_service.cc(69)] ChildProcessService: Exiting child process.
10-31 07:30:10.738   600 13558 I ActivityManager: Process com.android.chrome:sandboxed_process5 (pid 859) has died
10-31 07:30:10.738   600 13558 D ActivityManager: cleanUpApplicationRecord -- 859
10-31 07:30:10.738   600 13558 I ActivityManager: Killing 886:com.android.chrome:sandboxed_process6/u0a35i69 (adj 0): isolated not needed
10-31 07:30:10.738   600 13558 I ActivityManager: Killing 814:com.android.chrome:sandboxed_process3/u0a35i66 (adj 0): isolated not needed
10-31 07:30:10.747   197   197 E lowmemorykiller: Error writing /proc/902/oom_score_adj; errno=22
10-31 07:30:10.747   600 10249 E JavaBinder: !!! FAILED BINDER TRANSACTION !!!  (parcel size = 76)
10-31 07:30:10.754   524   524 W chromium: [WARNING:compositor_view.cc(315)] Child process died (type=6) pid=814)
10-31 07:30:10.754   524   524 W chromium: [WARNING:compositor_view.cc(315)] Child process died (type=6) pid=859)
10-31 07:30:10.760   915   950 I chromium: [INFO:child_process_service.cc(69)] ChildProcessService: Exiting child process.
10-31 07:30:10.762   600 10249 E JavaBinder: !!! FAILED BINDER TRANSACTION !!!  (parcel size = 572)
10-31 07:30:10.763  1065  1065 W boxed_process14: type=1400 audit(0.0:11981): avc: denied { getattr } for path="/data/data/com.android.chrome" dev="dm-2" ino=12190 scontext=u:r:isolated_app:s0:c512,c768 tcontext=u:object_r:app_data_file:s0:c512,c768 tclass=dir permissive=0
10-31 07:30:10.763   600 10249 W ActivityManager: Exception when unbinding service com.android.chrome/org.chromium.content.app.SandboxedProcessService7
10-31 07:30:10.763   600 10249 W ActivityManager: android.os.DeadObjectException: Transaction failed on small parcel; remote process probably died
10-31 07:30:10.763   600 10249 W ActivityManager: 	at android.os.BinderProxy.transactNative(Native Method)
10-31 07:30:10.763   600 10249 W ActivityManager: 	at android.os.BinderProxy.transact(Binder.java:615)
10-31 07:30:10.763   600 10249 W ActivityManager: 	at android.app.ApplicationThreadProxy.scheduleUnbindService(ApplicationThreadNative.java:1016)
10-31 07:30:10.763   600 10249 W ActivityManager: 	at com.android.server.am.ActiveServices.removeConnectionLocked(ActiveServices.java:2175)
10-31 07:30:10.763   600 10249 W ActivityManager: 	at com.android.server.am.ActiveServices.unbindServiceLocked(ActiveServices.java:1163)
10-31 07:30:10.763   600 10249 W ActivityManager: 	at com.android.server.am.ActivityManagerService.unbindService(ActivityManagerService.java:17309)
10-31 07:30:10.763   600 10249 W ActivityManager: 	at android.app.ActivityManagerNative.onTransact(ActivityManagerNative.java:1145)
10-31 07:30:10.763   600 10249 W ActivityManager: 	at com.android.server.am.ActivityManagerService.onTransact(ActivityManagerService.java:2795)
10-31 07:30:10.763   600 10249 W ActivityManager: 	at android.os.Binder.execTransact(Binder.java:565)
10-31 07:30:10.763   600 10249 E JavaBinder: !!! FAILED BINDER TRANSACTION !!!  (parcel size = 76)
10-31 07:30:10.764   197   197 E lowmemorykiller: Error writing /proc/902/oom_score_adj; errno=22
10-31 07:30:10.764   600 10249 E JavaBinder: !!! FAILED BINDER TRANSACTION !!!  (parcel size = 76)
10-31 07:30:10.764   600  1081 D ActivityManager: cleanUpApplicationRecord -- 814
10-31 07:30:10.764   600  1081 I ActivityManager: Killing 902:com.android.chrome:sandboxed_process7/u0a35i70 (adj 900): isolated not needed
10-31 07:30:10.774   524   524 W chromium: [WARNING:compositor_view.cc(315)] Child process died (type=6) pid=902)
10-31 07:30:10.785   524   524 W chromium: [WARNING:compositor_view.cc(315)] Child process died (type=6) pid=915)
10-31 07:30:10.798  1074  1074 I dex2oat : /system/bin/dex2oat --dex-file=/data/user/0/com.android.chrome/app_dex/webapk7.dex --oat-fd=311 --oat-location=/data/user/0/com.android.chrome/app_dex/oat/arm/webapk7.dex --compiler-filter=speed
10-31 07:30:10.800  1102  1102 W boxed_process15: type=1400 audit(0.0:11982): avc: denied { getattr } for path="/data/data/com.android.chrome" dev="dm-2" ino=12190 scontext=u:r:isolated_app:s0:c512,c768 tcontext=u:object_r:app_data_file:s0:c512,c768 tclass=dir permissive=0
10-31 07:30:10.802   524   524 I FeedRequestManagerImpl: Request: /httpservice/noretry/DiscoverClankService/FeedQuery completed with response code: 200
10-31 07:30:10.802   524   524 I TaskQueue:  - task [IMMEDIATE - d: true, b: 2]: 15
10-31 07:30:10.802   524   524 I TaskQueue:  - queueTask starting immediate task
10-31 07:30:10.802   524   574 I TaskQueue: Execute task [IMMEDIATE - d: true, b: 2]: 15
10-31 07:30:10.824   600   707 D ActivityManager: cleanUpApplicationRecord -- 902
10-31 07:30:10.825   600  9614 I ActivityManager: Process com.android.chrome:sandboxed_process8 (pid 915) has died
10-31 07:30:10.825   600  9614 D ActivityManager: cleanUpApplicationRecord -- 915
10-31 07:30:10.825   600  9614 W ActivityManager: Scheduling restart of crashed service com.android.chrome/org.chromium.content.app.SandboxedProcessService8 in 1000ms
10-31 07:30:10.882  1026  1026 I cr_ChildProcessService: Creating new ChildProcessService pid=1026
10-31 07:30:10.932  1044  1044 I cr_ChildProcessService: Creating new ChildProcessService pid=1044
10-31 07:30:10.946  1122  1122 W boxed_process16: type=1400 audit(0.0:11983): avc: denied { getattr } for path="/data/data/com.android.chrome" dev="dm-2" ino=12190 scontext=u:r:isolated_app:s0:c512,c768 tcontext=u:object_r:app_data_file:s0:c512,c768 tclass=dir permissive=0
10-31 07:30:10.950  1145  1145 W boxed_process18: type=1400 audit(0.0:11984): avc: denied { getattr } for path="/data/data/com.android.chrome" dev="dm-2" ino=12190 scontext=u:r:isolated_app:s0:c512,c768 tcontext=u:object_r:app_data_file:s0:c512,c768 tclass=dir permissive=0
10-31 07:30:10.970   958  1138 I cr_LibraryLoader: Loaded native library version number "85.0.4183.127"
10-31 07:30:10.970   958  1138 I cr_CachingUmaRecorder: Flushed 1 samples from 1 histograms.
10-31 07:30:10.972  1065  1065 I cr_ChildProcessService: Creating new ChildProcessService pid=1065
10-31 07:30:10.973  1134  1134 W boxed_process17: type=1400 audit(0.0:11985): avc: denied { getattr } for path="/data/data/com.android.chrome" dev="dm-2" ino=12190 scontext=u:r:isolated_app:s0:c512,c768 tcontext=u:object_r:app_data_file:s0:c512,c768 tclass=dir permissive=0
10-31 07:30:10.976   600   611 I ActivityManager: START u0 {act=android.intent.action.VIEW dat=http://192.168.40.1/... flg=0x10000000 cmp=com.android.chrome/com.google.android.apps.chrome.Main} from uid 2000 on display 0
10-31 07:30:10.995   765   765 D AndroidRuntime: Shutting down VM
10-31 07:30:11.016  1102  1102 I cr_ChildProcessService: Creating new ChildProcessService pid=1102
10-31 07:30:11.050  1179  1179 W boxed_process19: type=1400 audit(0.0:11986): avc: denied { getattr } for path="/data/data/com.android.chrome" dev="dm-2" ino=12190 scontext=u:r:isolated_app:s0:c512,c768 tcontext=u:object_r:app_data_file:s0:c512,c768 tclass=dir permissive=0
10-31 07:30:11.088   524   524 E cr_IntentUtils: getInt failed on bundle null
10-31 07:30:11.106   524   574 I MainThreadRunner: Running task [FeedRequestManagerImpl consumer] on the Main Thread
10-31 07:30:11.106   524   574 I TaskQueue:  - Finished 15, time 304 ms
10-31 07:30:11.123   964  1142 I cr_LibraryLoader: Loaded native library version number "85.0.4183.127"
10-31 07:30:11.124   964  1142 I cr_CachingUmaRecorder: Flushed 1 samples from 1 histograms.
10-31 07:30:11.148   600 24611 I ActivityManager: Start proc 1226:com.android.chrome:sandboxed_process21/u0i84 for service com.android.chrome/org.chromium.content.app.SandboxedProcessService21
10-31 07:30:11.184  1002  1201 I cr_LibraryLoader: Loaded native library version number "85.0.4183.127"
10-31 07:30:11.184  1002  1201 I cr_CachingUmaRecorder: Flushed 1 samples from 1 histograms.
10-31 07:30:11.192  1134  1134 I cr_ChildProcessService: Creating new ChildProcessService pid=1134
10-31 07:30:11.210   524   524 W FeedModelProvider: sessionId is null, this should have been set during population
10-31 07:30:11.211  1145  1145 I cr_ChildProcessService: Creating new ChildProcessService pid=1145
10-31 07:30:11.216  1195  1195 W boxed_process20: type=1400 audit(0.0:11987): avc: denied { getattr } for path="/data/data/com.android.chrome" dev="dm-2" ino=12190 scontext=u:r:isolated_app:s0:c512,c768 tcontext=u:object_r:app_data_file:s0:c512,c768 tclass=dir permissive=0
10-31 07:30:11.218  1122  1122 I cr_ChildProcessService: Creating new ChildProcessService pid=1122
10-31 07:30:11.233   524   524 I cr_tabmodel: Appending tabs being restored to metadata lists, 0, startingNormalCount: 2, startingIncognitoCount: 0
10-31 07:30:11.233   524   524 I cr_tabmodel: Serializing tab lists; counts: 2, 0
10-31 07:30:11.280   958  1138 I chromium: [INFO:child_process_service.cc(69)] ChildProcessService: Exiting child process.
10-31 07:30:11.281   197   197 E lowmemorykiller: Error writing /proc/958/oom_score_adj; errno=22
10-31 07:30:11.301   600   713 I ActivityManager: Process com.android.chrome:sandboxed_process9 (pid 958) has died
10-31 07:30:11.301   600   713 D ActivityManager: cleanUpApplicationRecord -- 958
10-31 07:30:11.301   524   534 I art     : Background sticky concurrent mark sweep GC freed 47959(2MB) AllocSpace objects, 32(640KB) LOS objects, 13% free, 13MB/15MB, paused 1.147ms total 313.566ms
10-31 07:30:11.330   600  6312 I ActivityManager: Killing 964:com.android.chrome:sandboxed_process10/u0a35i73 (adj 0): isolated not needed
10-31 07:30:11.331  1044  1222 I cr_LibraryLoader: Loaded native library version number "85.0.4183.127"
10-31 07:30:11.331  1044  1222 I cr_CachingUmaRecorder: Flushed 1 samples from 1 histograms.
10-31 07:30:11.356  1179  1179 I cr_ChildProcessService: Creating new ChildProcessService pid=1179
10-31 07:30:11.363  1026  1221 I cr_LibraryLoader: Loaded native library version number "85.0.4183.127"
10-31 07:30:11.363  1026  1221 I cr_CachingUmaRecorder: Flushed 1 samples from 1 histograms.
10-31 07:30:11.380  1102  1223 I cr_LibraryLoader: Loaded native library version number "85.0.4183.127"
10-31 07:30:11.381  1102  1223 I cr_CachingUmaRecorder: Flushed 1 samples from 1 histograms.
10-31 07:30:11.391  1065  1225 I cr_LibraryLoader: Loaded native library version number "85.0.4183.127"
10-31 07:30:11.391  1065  1225 I cr_CachingUmaRecorder: Flushed 1 samples from 1 histograms.
10-31 07:30:11.405   524   524 W chromium: [WARNING:compositor_view.cc(315)] Child process died (type=6) pid=958)
10-31 07:30:11.437  1195  1195 I cr_ChildProcessService: Creating new ChildProcessService pid=1195
10-31 07:30:11.541  1026  1221 I chromium: [INFO:child_process_service.cc(69)] ChildProcessService: Exiting child process.
10-31 07:30:11.546  1226  1226 W boxed_process21: type=1400 audit(0.0:11988): avc: denied { getattr } for path="/data/data/com.android.chrome" dev="dm-2" ino=12190 scontext=u:r:isolated_app:s0:c512,c768 tcontext=u:object_r:app_data_file:s0:c512,c768 tclass=dir permissive=0
10-31 07:30:11.558  1134  1242 I cr_LibraryLoader: Loaded native library version number "85.0.4183.127"
10-31 07:30:11.559  1134  1242 I cr_CachingUmaRecorder: Flushed 1 samples from 1 histograms.
10-31 07:30:11.563   524   524 I Choreographer: Skipped 34 frames!  The application may be doing too much work on its main thread.
10-31 07:30:11.572  1145  1239 I cr_LibraryLoader: Loaded native library version number "85.0.4183.127"
10-31 07:30:11.572  1145  1239 I cr_CachingUmaRecorder: Flushed 1 samples from 1 histograms.
10-31 07:30:11.577   524   524 I FeedProtocolAdapter: createModel, operations 33
