10-29 19:37:01.292   600  6312 D ActivityManager: cleanUpApplicationRecord -- 4969
10-29 19:37:01.293  4232  4232 W chromium: [WARNING:compositor_view.cc(315)] Child process died (type=6) pid=4969)
10-29 19:37:02.908  4795  4795 D MonkeyStub: translateCommand: touch down 614 1561
10-29 19:37:02.916  4795  4795 D MonkeyStub: translateCommand: touch move 614 1561
10-29 19:37:03.022  4795  4795 D MonkeyStub: translateCommand: touch move 614 1436
10-29 19:37:03.127  4795  4795 D MonkeyStub: translateCommand: touch move 614 1311
10-29 19:37:03.234  4795  4795 D MonkeyStub: translateCommand: touch move 614 1186
10-29 19:37:03.340  4795  4795 D MonkeyStub: translateCommand: touch move 614 1061
10-29 19:37:03.445  4795  4795 D MonkeyStub: translateCommand: touch move 614 937
10-29 19:37:03.533  4232  4232 I cr_tabmodel: Appending tabs being restored to metadata lists, 0, startingNormalCount: 2, startingIncognitoCount: 0
10-29 19:37:03.533  4232  4232 I cr_tabmodel: Serializing tab lists; counts: 2, 0
10-29 19:37:03.552  4795  4795 D MonkeyStub: translateCommand: touch move 614 812
10-29 19:37:03.673  4795  4795 D MonkeyStub: translateCommand: touch move 614 687
10-29 19:37:03.765   600  9614 I ActivityManager: Start proc 4990:com.android.chrome:sandboxed_process28/u0i668 for service com.android.chrome/org.chromium.content.app.SandboxedProcessService28
10-29 19:37:03.777  4232  4232 I cr_tabmodel: Appending tabs being restored to metadata lists, 0, startingNormalCount: 2, startingIncognitoCount: 0
10-29 19:37:03.777  4232  4232 I cr_tabmodel: Serializing tab lists; counts: 2, 0
10-29 19:37:03.784  4795  4795 D MonkeyStub: translateCommand: touch move 614 562
10-29 19:37:03.890  4795  4795 D MonkeyStub: translateCommand: touch move 614 437
10-29 19:37:03.898  4990  4990 W boxed_process28: type=1400 audit(0.0:2577): avc: denied { getattr } for path="/data/data/com.android.chrome" dev="dm-2" ino=12190 scontext=u:r:isolated_app:s0:c512,c768 tcontext=u:object_r:app_data_file:s0:c512,c768 tclass=dir permissive=0
10-29 19:37:03.950  4990  5000 I art     : Background sticky concurrent mark sweep GC freed 6895(283KB) AllocSpace objects, 0(0B) LOS objects, 38% free, 2MB/4MB, paused 5.253ms total 29.977ms
10-29 19:37:03.960  4990  4990 I cr_ChildProcessService: Creating new ChildProcessService pid=4990
10-29 19:37:04.000  4795  4795 D MonkeyStub: translateCommand: touch move 614 312
10-29 19:37:04.008  4795  4795 D MonkeyStub: translateCommand: touch up 614 312
10-29 19:37:04.025  4990  5003 I cr_LibraryLoader: Loaded native library version number "85.0.4183.127"
10-29 19:37:04.026  4990  5003 I cr_CachingUmaRecorder: Flushed 1 samples from 1 histograms.
10-29 19:37:04.033  4795  4795 D MonkeyStub: translateCommand: touch down 614 1561
10-29 19:37:04.040  4795  4795 D MonkeyStub: translateCommand: touch move 614 1561
10-29 19:37:04.048  5003  5003 W CrUtilityMain: type=1400 audit(0.0:2578): avc: denied { setattr } for name="tls_deprecation_config.pb" dev="dm-2" ino=23259 scontext=u:r:isolated_app:s0:c512,c768 tcontext=u:object_r:app_data_file:s0:c512,c768 tclass=file permissive=0
10-29 19:37:04.048  5003  5003 W CrUtilityMain: type=1400 audit(0.0:2579): avc: denied { setattr } for name="manifest.json" dev="dm-2" ino=23461 scontext=u:r:isolated_app:s0:c512,c768 tcontext=u:object_r:app_data_file:s0:c512,c768 tclass=file permissive=0
10-29 19:37:04.058  5003  5003 W CrUtilityMain: type=1400 audit(0.0:2580): avc: denied { setattr } for name="verified_contents.json" dev="dm-2" ino=23611 scontext=u:r:isolated_app:s0:c512,c768 tcontext=u:object_r:app_data_file:s0:c512,c768 tclass=file permissive=0
10-29 19:37:04.063  4990  5003 I chromium: [INFO:child_process_service.cc(69)] ChildProcessService: Exiting child process.
10-29 19:37:04.065   197   197 E lowmemorykiller: Error writing /proc/4990/oom_score_adj; errno=22
10-29 19:37:04.083  4232  4232 W chromium: [WARNING:compositor_view.cc(315)] Child process died (type=6) pid=4990)
10-29 19:37:04.083   600  7064 I ActivityManager: Process com.android.chrome:sandboxed_process28 (pid 4990) has died
10-29 19:37:04.083   600  7064 D ActivityManager: cleanUpApplicationRecord -- 4990
10-29 19:37:04.148  4795  4795 D MonkeyStub: translateCommand: touch move 614 1436
10-29 19:37:04.259  4795  4795 D MonkeyStub: translateCommand: touch move 614 1311
10-29 19:37:04.375  4795  4795 D MonkeyStub: translateCommand: touch move 614 1186
10-29 19:37:04.445  4232  4232 I cr_tabmodel: Appending tabs being restored to metadata lists, 0, startingNormalCount: 2, startingIncognitoCount: 0
10-29 19:37:04.445  4232  4232 I cr_tabmodel: Serializing tab lists; counts: 2, 0
10-29 19:37:04.497  4795  4795 D MonkeyStub: translateCommand: touch move 614 1061
10-29 19:37:04.608  4795  4795 D MonkeyStub: translateCommand: touch move 614 937
10-29 19:37:04.715  4795  4795 D MonkeyStub: translateCommand: touch move 614 812
10-29 19:37:04.827  4795  4795 D MonkeyStub: translateCommand: touch move 614 687
10-29 19:37:04.931  4795  4795 D MonkeyStub: translateCommand: touch move 614 562
10-29 19:37:05.039  4795  4795 D MonkeyStub: translateCommand: touch move 614 437
10-29 19:37:05.150  4795  4795 D MonkeyStub: translateCommand: touch move 614 312
10-29 19:37:05.154  4795  4795 D MonkeyStub: translateCommand: touch up 614 312
10-29 19:37:07.202  4795  4795 D MonkeyStub: translateCommand: touch down 614 1561
10-29 19:37:07.213  4795  4795 D MonkeyStub: translateCommand: touch move 614 1561
10-29 19:37:07.320  4795  4795 D MonkeyStub: translateCommand: touch move 614 1436
10-29 19:37:07.369   600  3507 I ActivityManager: Start proc 5009:com.android.chrome:sandboxed_process29/u0i669 for service com.android.chrome/org.chromium.content.app.SandboxedProcessService29
10-29 19:37:07.424  4795  4795 D MonkeyStub: translateCommand: touch move 614 1311
10-29 19:37:07.461  5009  5009 W boxed_process29: type=1400 audit(0.0:2581): avc: denied { getattr } for path="/data/data/com.android.chrome" dev="dm-2" ino=12190 scontext=u:r:isolated_app:s0:c512,c768 tcontext=u:object_r:app_data_file:s0:c512,c768 tclass=dir permissive=0
10-29 19:37:07.498  5009  5009 I cr_ChildProcessService: Creating new ChildProcessService pid=5009
10-29 19:37:07.530  4795  4795 D MonkeyStub: translateCommand: touch move 614 1186
10-29 19:37:07.589  5009  5022 I cr_LibraryLoader: Loaded native library version number "85.0.4183.127"
10-29 19:37:07.589  5009  5022 I cr_CachingUmaRecorder: Flushed 1 samples from 1 histograms.
10-29 19:37:07.611  5022  5022 W CrUtilityMain: type=1400 audit(0.0:2582): avc: denied { setattr } for name="crl-set" dev="dm-2" ino=28542 scontext=u:r:isolated_app:s0:c512,c768 tcontext=u:object_r:app_data_file:s0:c512,c768 tclass=file permissive=0
10-29 19:37:07.615  5022  5022 W CrUtilityMain: type=1400 audit(0.0:2583): avc: denied { setattr } for name="manifest.json" dev="dm-2" ino=28246 scontext=u:r:isolated_app:s0:c512,c768 tcontext=u:object_r:app_data_file:s0:c512,c768 tclass=file permissive=0
10-29 19:37:07.615  5022  5022 W CrUtilityMain: type=1400 audit(0.0:2584): avc: denied { setattr } for name="LICENSE" dev="dm-2" ino=28381 scontext=u:r:isolated_app:s0:c512,c768 tcontext=u:object_r:app_data_file:s0:c512,c768 tclass=file permissive=0
10-29 19:37:07.615  5022  5022 W CrUtilityMain: type=1400 audit(0.0:2585): avc: denied { setattr } for name="verified_contents.json" dev="dm-2" ino=28338 scontext=u:r:isolated_app:s0:c512,c768 tcontext=u:object_r:app_data_file:s0:c512,c768 tclass=file permissive=0
10-29 19:37:07.637  4795  4795 D MonkeyStub: translateCommand: touch move 614 1061
10-29 19:37:07.671  5009  5009 I cr_ChildProcessService: Destroying ChildProcessService pid=5009
10-29 19:37:07.742  4795  4795 D MonkeyStub: translateCommand: touch move 614 937
10-29 19:37:07.749  5009  5022 I chromium: [INFO:child_process_service.cc(69)] ChildProcessService: Exiting child process.
10-29 19:37:07.814   600  3675 I ActivityManager: Process com.android.chrome:sandboxed_process29 (pid 5009) has died
10-29 19:37:07.814   600  3675 D ActivityManager: cleanUpApplicationRecord -- 5009
10-29 19:37:07.828  4232  4232 W chromium: [WARNING:compositor_view.cc(315)] Child process died (type=6) pid=5009)
10-29 19:37:07.847  4795  4795 D MonkeyStub: translateCommand: touch move 614 812
10-29 19:37:07.975  4795  4795 D MonkeyStub: translateCommand: touch move 614 687
10-29 19:37:08.085  4795  4795 D MonkeyStub: translateCommand: touch move 614 562
10-29 19:37:08.190  4795  4795 D MonkeyStub: translateCommand: touch move 614 437
10-29 19:37:08.296  4795  4795 D MonkeyStub: translateCommand: touch move 614 312
10-29 19:37:08.300  4795  4795 D MonkeyStub: translateCommand: touch up 614 312
10-29 19:37:08.312  4795  4795 D MonkeyStub: Quit requested
10-29 19:37:08.331   600   614 I CwMcuSensor: CwMcuSensor::flush: fd = 223, sensors_id = 0, path = /sys/class/htc_sensorhub/sensor_hub/flush, err = 0
10-29 19:37:08.334  4795  4795 I art     : System.exit called, status: 110
10-29 19:37:08.334  4795  4795 I AndroidRuntime: VM exiting with result code 110.
10-29 19:37:08.355   600  1079 W WindowManager: Attempted to remove non-existing token: android.os.Binder@e13ed4a
10-29 19:37:10.476  4232  4232 I cr_tabmodel: Appending tabs being restored to metadata lists, 0, startingNormalCount: 2, startingIncognitoCount: 0
10-29 19:37:10.476  4232  4232 I cr_tabmodel: Serializing tab lists; counts: 2, 0
10-29 19:37:11.249   600  1080 I ActivityManager: Start proc 5030:com.android.chrome:sandboxed_process30/u0i670 for service com.android.chrome/org.chromium.content.app.SandboxedProcessService30
10-29 19:37:11.281  5030  5030 W boxed_process30: type=1400 audit(0.0:2586): avc: denied { getattr } for path="/data/data/com.android.chrome" dev="dm-2" ino=12190 scontext=u:r:isolated_app:s0:c512,c768 tcontext=u:object_r:app_data_file:s0:c512,c768 tclass=dir permissive=0
10-29 19:37:11.303  5030  5030 I cr_ChildProcessService: Creating new ChildProcessService pid=5030
10-29 19:37:11.342  5030  5043 I cr_LibraryLoader: Loaded native library version number "85.0.4183.127"
10-29 19:37:11.343  5030  5043 I cr_CachingUmaRecorder: Flushed 1 samples from 1 histograms.
10-29 19:37:11.355  5043  5043 W CrUtilityMain: type=1400 audit(0.0:2587): avc: denied { setattr } for name="LICENSE.txt" dev="dm-2" ino=50693 scontext=u:r:isolated_app:s0:c512,c768 tcontext=u:object_r:app_data_file:s0:c512,c768 tclass=file permissive=0
10-29 19:37:11.355  5043  5043 W CrUtilityMain: type=1400 audit(0.0:2588): avc: denied { setattr } for name=46696C746572696E672052756C6573 dev="dm-2" ino=51002 scontext=u:r:isolated_app:s0:c512,c768 tcontext=u:object_r:app_data_file:s0:c512,c768 tclass=file permissive=0
10-29 19:37:11.355  5043  5043 W CrUtilityMain: type=1400 audit(0.0:2589): avc: denied { setattr } for name="manifest.json" dev="dm-2" ino=51378 scontext=u:r:isolated_app:s0:c512,c768 tcontext=u:object_r:app_data_file:s0:c512,c768 tclass=file permissive=0
10-29 19:37:11.358  5043  5043 W CrUtilityMain: type=1400 audit(0.0:2590): avc: denied { setattr } for name="verified_contents.json" dev="dm-2" ino=51192 scontext=u:r:isolated_app:s0:c512,c768 tcontext=u:object_r:app_data_file:s0:c512,c768 tclass=file permissive=0
10-29 19:37:11.371  5030  5043 I chromium: [INFO:child_process_service.cc(69)] ChildProcessService: Exiting child process.
10-29 19:37:11.414   600   611 I ActivityManager: Process com.android.chrome:sandboxed_process30 (pid 5030) has died
10-29 19:37:11.415   600   611 D ActivityManager: cleanUpApplicationRecord -- 5030
10-29 19:37:11.416  4232  4232 W chromium: [WARNING:compositor_view.cc(315)] Child process died (type=6) pid=5030)
10-29 19:37:18.630 14919 14967 I Icing   : IndexChimeraService.getServiceInterface callingPackage=com.android.chrome componentName=null serviceId=36
10-29 19:37:18.686 14919 19541 W Icing   : No valid account for uploading user actions
10-29 19:37:18.709 14919 14967 I Icing   : IndexChimeraService.getServiceInterface callingPackage=com.google.android.gms componentName=null serviceId=30
10-29 19:37:18.730 14919 19541 I Icing   : Usage reports ok 1, Failed Usage reports 0, indexed 1, rejected 0
10-29 19:37:18.733 14919 19541 W Icing   : No valid account for uploading user actions
10-29 19:37:18.743 14919 19541 I Icing   : Usage reports ok 0, Failed Usage reports 0, indexed 0, rejected 0
10-29 19:37:18.744 14919 19541 I Icing   : Indexing com.android.chrome-omnibox from com.android.chrome
10-29 19:37:18.778 14919 19541 I Icing   : Indexing done com.android.chrome-omnibox
10-29 19:37:19.782   787  1245 W Icing   : isOptedInForAppHistory: empty Account Name encountered
10-29 19:37:19.825   787  2219 W Icing   : isOptedInForAppHistory: empty Account Name encountered
10-29 19:37:24.576  5064  5064 D AndroidRuntime: >>>>>> START com.android.internal.os.RuntimeInit uid 2000 <<<<<<
10-29 19:37:24.580  5064  5064 D AndroidRuntime: CheckJNI is OFF
10-29 19:37:24.657  5064  5064 D ICU     : No timezone override file found: /data/misc/zoneinfo/current/icu/icu_tzdata.dat
10-29 19:37:24.688  5064  5064 I Radio-JNI: register_android_hardware_Radio DONE
10-29 19:37:24.703  5064  5064 D AndroidRuntime: Calling main entry com.android.commands.am.Am
10-29 19:37:24.720   600  1079 I ActivityManager: Force stopping com.android.chrome appid=10035 user=0: from pid 5064
10-29 19:37:24.720   600  1079 I ActivityManager: Killing 4294:com.android.chrome:privileged_process0/u0a35 (adj 0): stop com.android.chrome
10-29 19:37:24.720   600  1079 D ActivityManager: cleanUpApplicationRecord -- 4294
10-29 19:37:24.720   600  1079 W ActivityManager: Scheduling restart of crashed service com.android.chrome/org.chromium.content.app.PrivilegedProcessService0 in 1000ms
10-29 19:37:24.720   600  1079 I ActivityManager: Killing 4232:com.android.chrome/u0a35 (adj 0): stop com.android.chrome
10-29 19:37:24.721   600  1079 D ActivityManager: cleanUpApplicationRecord -- 4232
10-29 19:37:24.723   600  1079 W ActivityManager: Force removing ActivityRecord{ec9fc6d u0 com.android.chrome/com.google.android.apps.chrome.Main t1364}: app died, no saved state
10-29 19:37:24.731  4267  4267 I cr_ChildProcessService: Destroying ChildProcessService pid=4267
10-29 19:37:24.733   600  1079 I ActivityManager: Killing 4746:com.android.chrome:sandboxed_process20/u0a35i660 (adj 0): isolated not needed
10-29 19:37:24.733   600  1079 I ActivityManager: Killing 4267:com.android.chrome:sandboxed_process0/u0a35i640 (adj 0): isolated not needed
10-29 19:37:24.765  1084  1171 I OpenGLRenderer: Initialized EGL, version 1.4
10-29 19:37:24.765  1084  1171 D OpenGLRenderer: Swap behavior 2
10-29 19:37:24.778   600 24515 E JavaBinder: !!! FAILED BINDER TRANSACTION !!!  (parcel size = 104)
10-29 19:37:24.783   600 24515 W InputMethodManagerService: Got RemoteException sending setActive(false) notification to pid 4232 uid 10035
10-29 19:37:24.783   600 24515 E JavaBinder: !!! FAILED BINDER TRANSACTION !!!  (parcel size = 108)
10-29 19:37:24.791  5064  5064 D AndroidRuntime: Shutting down VM
10-29 19:37:24.806  1061  1061 D RegisteredNfcFServicesCache: Service unchanged, not updating
10-29 19:37:24.826   600 16391 D ConnectivityService: ConnectivityService NetworkRequestInfo binderDied(NetworkRequest [ LISTEN id=420, [ Capabilities: INTERNET&NOT_RESTRICTED&TRUSTED&FOREGROUND] ], android.os.BinderProxy@52be917)
10-29 19:37:24.826   600  1081 D ConnectivityService: ConnectivityService NetworkRequestInfo binderDied(NetworkRequest [ LISTEN id=419, [ Capabilities: INTERNET&NOT_RESTRICTED&TRUSTED&FOREGROUND] ], android.os.BinderProxy@3817104)
10-29 19:37:24.826   600  3994 D ConnectivityService: ConnectivityService NetworkRequestInfo binderDied(NetworkRequest [ LISTEN id=417, [ Capabilities: INTERNET&NOT_RESTRICTED&TRUSTED&FOREGROUND] ], android.os.BinderProxy@ba486ed)
10-29 19:37:24.826   600 16391 D ConnectivityService: ConnectivityService NetworkRequestInfo binderDied(NetworkRequest [ LISTEN id=418, [ Capabilities: INTERNET&NOT_RESTRICTED&TRUSTED&FOREGROUND] ], android.os.BinderProxy@e77d922)
10-29 19:37:24.826   600 16391 D GraphicsStats: Buffer count: 2
10-29 19:37:24.828   600   649 E ConnectivityService: RemoteException caught trying to send a callback msg for NetworkRequest [ LISTEN id=420, [ Capabilities: INTERNET&NOT_RESTRICTED&TRUSTED&FOREGROUND] ]
10-29 19:37:24.828   600   649 E ConnectivityService: RemoteException caught trying to send a callback msg for NetworkRequest [ LISTEN id=417, [ Capabilities: INTERNET&NOT_RESTRICTED&TRUSTED&FOREGROUND] ]
10-29 19:37:24.828   600   649 E ConnectivityService: RemoteException caught trying to send a callback msg for NetworkRequest [ LISTEN id=418, [ Capabilities: INTERNET&NOT_RESTRICTED&TRUSTED&FOREGROUND] ]
10-29 19:37:24.829   600   649 E ConnectivityService: RemoteException caught trying to send a callback msg for NetworkRequest [ LISTEN id=419, [ Capabilities: INTERNET&NOT_RESTRICTED&TRUSTED&FOREGROUND] ]
10-29 19:37:24.867 14788 15245 I AttachedClient: Adding client event 2 to pending list.
10-29 19:37:24.924 14788 14788 I OptInState: There is a new client and it does not support opt-in. Dropping request.
10-29 19:37:24.927 14788 14788 I MicroDetectionWorker: Micro detection mode: [mDetectionMode: [1]].
10-29 19:37:24.947 14788  5081 I MicroRecognitionRunner: Starting detection.
10-29 19:37:24.948 14788 14818 I MicrophoneInputStream: mic_starting com.google.android.apps.gsa.speech.audio.ae@c26135c
10-29 19:37:24.957   238  5083 I AudioFlinger: AudioFlinger's thread 0xef692800 ready to run
10-29 19:37:24.965   238   285 I SoundTriggerHwService::Module: void android::SoundTriggerHwService::Module::onCallbackEvent(const sp<android::SoundTriggerHwService::CallbackEvent> &) mClient == 0
10-29 19:37:24.975 14788 14818 I MicrophoneInputStream: mic_started com.google.android.apps.gsa.speech.audio.ae@c26135c
10-29 19:37:25.002   600  1081 D ActivityManager: cleanUpApplicationRecord -- 4267
10-29 19:37:25.035   600 27731 D ActivityManager: cleanUpApplicationRecord -- 4746
10-29 19:37:25.151 14788 14788 I MicroDetectionWorker: onReady
10-29 19:37:25.300  5084  5084 D AndroidRuntime: >>>>>> START com.android.internal.os.RuntimeInit uid 2000 <<<<<<
10-29 19:37:25.303  1084  1171 W OpenGLRenderer: Incorrectly called buildLayer on View: ShortcutAndWidgetContainer, destroying layer...
10-29 19:37:25.304  5084  5084 D AndroidRuntime: CheckJNI is OFF
10-29 19:37:25.370  5084  5084 D ICU     : No timezone override file found: /data/misc/zoneinfo/current/icu/icu_tzdata.dat
10-29 19:37:25.398  5084  5084 I Radio-JNI: register_android_hardware_Radio DONE
10-29 19:37:25.414  5084  5084 D AndroidRuntime: Calling main entry com.android.commands.pm.Pm
10-29 19:37:25.427   600 16391 I ActivityManager: Force stopping com.android.chrome appid=10035 user=0: clear data
10-29 19:37:25.428   600   613 I ActivityManager: Force stopping com.android.chrome appid=10035 user=-1: clearApplicationUserData
10-29 19:37:25.493   787   787 I GeofencerStateMachine: removeGeofences: removeRequest=RemoveGeofencingRequest[REMOVE_ALL packageName=com.android.chrome]
10-29 19:37:25.494  5084  5084 I art     : System.exit called, status: 0
10-29 19:37:25.494  5084  5084 I AndroidRuntime: VM exiting with result code 0.
10-29 19:37:25.500  1061  1061 D RegisteredNfcFServicesCache: Service unchanged, not updating
10-29 19:37:25.524 14919 18741 I Icing   : doRemovePackageData com.android.chrome
10-29 19:37:25.524 14919 18741 I Icing   : Removing corpus key com.android.chrome-.implicit: for package com.android.chrome
10-29 19:37:25.538   600   612 W ResourceType: No known package when getting value for resource number 0x7f080316
10-29 19:37:25.539   600   612 W ResourceType: No known package when getting value for resource number 0x7f130448
10-29 19:37:25.539   600   612 W ResourceType: No known package when getting value for resource number 0x7f080315
10-29 19:37:25.539   600   612 W ResourceType: No known package when getting value for resource number 0x7f130123
10-29 19:37:25.539   600   612 W ResourceType: No known package when getting value for resource number 0x7f130447
10-29 19:37:25.539   600   612 W ResourceType: No known package when getting value for resource number 0x7f1302e4
10-29 19:37:25.539   600   612 E ShortcutService: Ignoring excessive intent tag.
10-29 19:37:25.568   787  5106 I Fitness : FitCleanupIntentOperation received Intent android.intent.action.PACKAGE_DATA_CLEARED [CONTEXT service_id=17 ]
10-29 19:37:25.579 14919 18741 I native  : flash-index.cc:1519 Flash index sort hb 91 prefix-hits 176 -> 155 at 14.530ms
10-29 19:37:25.626 14919 18741 I Icing   : Removing corpus key com.android.chrome-omnibox for package com.android.chrome
10-29 19:37:25.654 14919 18741 I Icing   : Removing corpus key com.android.chrome-internal.3p:WebPage for package com.android.chrome
10-29 19:37:25.708 14919 18741 I Icing   : Starting compaction min disk 99.927% min index 99.986%
10-29 19:37:25.825 14919 18741 I native  : document-store.cc:1654 Scored 1466 usage reports, missing_corpora 765 update_failed 1
10-29 19:37:25.857 14919 18741 W native  : words-map.cc:30 INVALID_ARGUMENT: Empty URI
10-29 19:37:25.857 14919 18741 W native  : words-map.cc:34 WordsMap was not properly initialized
10-29 19:37:25.941 14919 18741 E native  : compactor.cc:67 Could not index embedding for docid 1: INTERNAL: Unable to find Thing Proto section 
10-29 19:37:25.942 14919 18741 E native  : compactor.cc:67 Could not index embedding for docid 3: INTERNAL: Unable to find Thing Proto section 
10-29 19:37:25.942 14919 18741 E native  : compactor.cc:67 Could not index embedding for docid 5: INTERNAL: Unable to find Thing Proto section 
10-29 19:37:25.942 14919 18741 E native  : compactor.cc:67 Could not index embedding for docid 7: INTERNAL: Unable to find Thing Proto section 
10-29 19:37:25.950 14919 18741 E native  : compactor.cc:67 Could not index embedding for docid 8: INTERNAL: Unable to find Thing Proto section 
10-29 19:37:25.950 14919 18741 E native  : compactor.cc:67 Could not index embedding for docid 10: INTERNAL: Unable to find Thing Proto section 
10-29 19:37:25.950 14919 18741 E native  : compactor.cc:67 Could not index embedding for docid 11: INTERNAL: Unable to find Thing Proto section 
10-29 19:37:25.951 14919 18741 E native  : compactor.cc:67 Could not index embedding for docid 13: INTERNAL: Unable to find Thing Proto section 
10-29 19:37:25.951 14919 18741 E native  : compactor.cc:67 Could not index embedding for docid 14: INTERNAL: Unable to find Thing Proto section 
10-29 19:37:25.962 14919 18741 E native  : compactor.cc:67 Could not index embedding for docid 17: INTERNAL: Unable to find Thing Proto section 
10-29 19:37:25.962 14919 18741 E native  : compactor.cc:67 Could not index embedding for docid 18: INTERNAL: Unable to find Thing Proto section 
10-29 19:37:25.963 14919 18741 E native  : compactor.cc:67 Could not index embedding for docid 21: INTERNAL: Unable to find Thing Proto section 
10-29 19:37:25.963 14919 18741 E native  : compactor.cc:67 Could not index embedding for docid 22: INTERNAL: Unable to find Thing Proto section 
10-29 19:37:25.969 14919 18741 E native  : compactor.cc:67 Could not index embedding for docid 26: INTERNAL: Unable to find Thing Proto section 
10-29 19:37:25.969 14919 18741 E native  : compactor.cc:67 Could not index embedding for docid 27: INTERNAL: Unable to find Thing Proto section 
10-29 19:37:26.015 14919 18741 I native  : flash-index.cc:1519 Flash index sort hb 34 prefix-hits 54 -> 54 at 30.961ms
10-29 19:37:26.050 14919 18741 W native  : words-map.cc:30 INVALID_ARGUMENT: Empty URI
10-29 19:37:26.050 14919 18741 W native  : words-map.cc:34 WordsMap was not properly initialized
10-29 19:37:26.099 14919 18741 I Icing   : updateResources: need to parse acol{com.android.chrome}
10-29 19:37:26.175 14919 18741 I Icing   : Indexing com.android.chrome-omnibox from com.android.chrome
10-29 19:37:26.186   600  7064 I ActivityManager: Start proc 5108:com.android.chrome/u0a35 for content provider com.android.chrome/com.google.android.apps.chrome.icing.IcingProvider
10-29 19:37:26.281 14919 18741 I Icing   : Indexing done com.android.chrome-omnibox
