--------- beginning of main
10-31 06:28:33.231 20713 20713 D AndroidRuntime: >>>>>> START com.android.internal.os.RuntimeInit uid 2000 <<<<<<
10-31 06:28:33.234 20713 20713 D AndroidRuntime: CheckJNI is OFF
10-31 06:28:33.299 20713 20713 D ICU     : No timezone override file found: /data/misc/zoneinfo/current/icu/icu_tzdata.dat
10-31 06:28:33.327 20713 20713 I Radio-JNI: register_android_hardware_Radio DONE
10-31 06:28:33.342 20713 20713 D AndroidRuntime: Calling main entry com.android.commands.am.Am
--------- beginning of system
10-31 06:28:33.360   600  1079 I ActivityManager: Force stopping com.opera.browser appid=10122 user=0: from pid 20713
10-31 06:28:33.369  1061  1061 D RegisteredNfcFServicesCache: Service unchanged, not updating
10-31 06:28:33.623   600 29683 I ActivityManager: START u0 {act=android.intent.action.VIEW flg=0x10008000 cmp=com.opera.browser/com.opera.Opera} from uid 2000 on display 0
10-31 06:28:33.651 20713 20713 D AndroidRuntime: Shutting down VM
10-31 06:28:33.664   600  3675 I ActivityManager: Start proc 20723:com.opera.browser/u0a122 for activity com.opera.browser/com.opera.Opera
10-31 06:28:33.756 20723 20723 I art     : Starting a blocking GC AddRemoveAppImageSpace
10-31 06:28:33.778 20723 20723 I LoadedApk: No resource references to update in package com.opera.browser.nord_vpn
10-31 06:28:33.874 20723 20723 I art     : Rejecting re-init on previously-failed class java.lang.Class<com.opera.android.job.a$j>: java.lang.NoClassDefFoundError: Failed resolution of: Landroid/app/job/JobServiceEngine;
10-31 06:28:33.874 20723 20723 I art     :   at void com.opera.android.OperaApplication.onCreate() (SourceFile:52)
10-31 06:28:33.874 20723 20723 I art     :   at void android.app.Instrumentation.callApplicationOnCreate(android.app.Application) (Instrumentation.java:1024)
10-31 06:28:33.874 20723 20723 I art     :   at void android.app.ActivityThread.handleBindApplication(android.app.ActivityThread$AppBindData) (ActivityThread.java:5403)
10-31 06:28:33.874 20723 20723 I art     :   at void android.app.ActivityThread.-wrap2(android.app.ActivityThread, android.app.ActivityThread$AppBindData) (ActivityThread.java:-1)
10-31 06:28:33.874 20723 20723 I art     :   at void android.app.ActivityThread$H.handleMessage(android.os.Message) (ActivityThread.java:1545)
10-31 06:28:33.874 20723 20723 I art     :   at void android.os.Handler.dispatchMessage(android.os.Message) (Handler.java:102)
10-31 06:28:33.874 20723 20723 I art     :   at void android.os.Looper.loop() (Looper.java:154)
10-31 06:28:33.874 20723 20723 I art     :   at void android.app.ActivityThread.main(java.lang.String[]) (ActivityThread.java:6119)
10-31 06:28:33.874 20723 20723 I art     :   at java.lang.Object java.lang.reflect.Method.invoke!(java.lang.Object, java.lang.Object[]) (Method.java:-2)
10-31 06:28:33.874 20723 20723 I art     :   at void com.android.internal.os.ZygoteInit$MethodAndArgsCaller.run() (ZygoteInit.java:886)
10-31 06:28:33.874 20723 20723 I art     :   at void com.android.internal.os.ZygoteInit.main(java.lang.String[]) (ZygoteInit.java:776)
10-31 06:28:33.874 20723 20723 I art     : Caused by: java.lang.ClassNotFoundException: Didn't find class "android.app.job.JobServiceEngine" on path: DexPathList[[zip file "/data/app/com.opera.browser-1/base.apk"],nativeLibraryDirectories=[/data/app/com.opera.browser-1/lib/arm, /data/app/com.opera.browser-1/base.apk!/lib/armeabi-v7a, /system/lib, /vendor/lib]]
10-31 06:28:33.874 20723 20723 I art     :   at java.lang.Class dalvik.system.BaseDexClassLoader.findClass(java.lang.String) (BaseDexClassLoader.java:56)
10-31 06:28:33.874 20723 20723 I art     :   at java.lang.Class java.lang.ClassLoader.loadClass(java.lang.String, boolean) (ClassLoader.java:380)
10-31 06:28:33.874 20723 20723 I art     :   at java.lang.Class java.lang.ClassLoader.loadClass(java.lang.String) (ClassLoader.java:312)
10-31 06:28:33.874 20723 20723 I art     :   at void com.opera.android.OperaApplication.onCreate() (SourceFile:52)
10-31 06:28:33.874 20723 20723 I art     :   at void android.app.Instrumentation.callApplicationOnCreate(android.app.Application) (Instrumentation.java:1024)
10-31 06:28:33.874 20723 20723 I art     :   at void android.app.ActivityThread.handleBindApplication(android.app.ActivityThread$AppBindData) (ActivityThread.java:5403)
10-31 06:28:33.874 20723 20723 I art     :   at void android.app.ActivityThread.-wrap2(android.app.ActivityThread, android.app.ActivityThread$AppBindData) (ActivityThread.java:-1)
10-31 06:28:33.874 20723 20723 I art     :   at void android.app.ActivityThread$H.handleMessage(android.os.Message) (ActivityThread.java:1545)
10-31 06:28:33.874 20723 20723 I art     :   at void android.os.Handler.dispatchMessage(android.os.Message) (Handler.java:102)
10-31 06:28:33.874 20723 20723 I art     :   at void android.os.Looper.loop() (Looper.java:154)
10-31 06:28:33.874 20723 20723 I art     :   at void android.app.ActivityThread.main(java.lang.String[]) (ActivityThread.java:6119)
10-31 06:28:33.874 20723 20723 I art     :   at java.lang.Object java.lang.reflect.Method.invoke!(java.lang.Object, java.lang.Object[]) (Method.java:-2)
10-31 06:28:33.874 20723 20723 I art     :   at void com.android.internal.os.ZygoteInit$MethodAndArgsCaller.run() (ZygoteInit.java:886)
10-31 06:28:33.874 20723 20723 I art     :   at void com.android.internal.os.ZygoteInit.main(java.lang.String[]) (ZygoteInit.java:776)
10-31 06:28:33.874 20723 20723 I art     : 
10-31 06:28:33.888 20723 20761 D NetworkSecurityConfig: Using Network Security Config from resource network_security_config_official_build debugBuild: false
10-31 06:28:34.053   600  3994 I ActivityManager: START u0 {act=android.intent.action.VIEW flg=0x10008000 cmp=com.opera.browser/com.opera.android.startup.WelcomeActivity} from uid 10122 on display 0
10-31 06:28:34.100   600  1081 W ActivityManager: Duplicate finish request for ActivityRecord{61246e0 u0 com.opera.browser/com.opera.Opera t2122 f}
10-31 06:28:34.228 20723 20733 I art     : Background sticky concurrent mark sweep GC freed 23104(1945KB) AllocSpace objects, 6(200KB) LOS objects, 20% free, 5MB/6MB, paused 2.740ms total 146.944ms
10-31 06:28:34.357   600   609 I art     : Background partial concurrent mark sweep GC freed 23941(1257KB) AllocSpace objects, 3(60KB) LOS objects, 33% free, 16MB/24MB, paused 10.482ms total 209.373ms
10-31 06:28:34.442 20723 20733 I art     : Background sticky concurrent mark sweep GC freed 28348(2MB) AllocSpace objects, 13(260KB) LOS objects, 19% free, 5MB/6MB, paused 1.341ms total 126.861ms
10-31 06:28:34.460 20723 20777 I FA      : App measurement initialized, version: 43042
10-31 06:28:34.460 20723 20777 I FA      : To enable debug logging run: adb shell setprop log.tag.FA VERBOSE
10-31 06:28:34.461 20723 20777 I FA      : To enable faster debug mode event logging run:
10-31 06:28:34.461 20723 20777 I FA      :   adb shell setprop debug.firebase.analytics.app com.opera.browser
10-31 06:28:34.487 20723 20830 I OpenGLRenderer: Initialized EGL, version 1.4
10-31 06:28:34.487 20723 20830 D OpenGLRenderer: Swap behavior 2
10-31 06:28:34.517 20723 20733 I art     : Background sticky concurrent mark sweep GC freed 21517(1241KB) AllocSpace objects, 1(20KB) LOS objects, 20% free, 5MB/6MB, paused 8.997ms total 49.067ms
10-31 06:28:34.696 20723 20777 I FA      : Tag Manager is not found and thus will not be used
10-31 06:28:34.780   600   620 I ActivityManager: Displayed com.opera.browser/com.opera.android.startup.WelcomeActivity: +650ms (total +1s129ms)
10-31 06:28:34.877   600   620 W WindowManager: Failed looking up window
10-31 06:28:34.877   600   620 W WindowManager: java.lang.IllegalArgumentException: Requested window android.view.ViewRootImpl$W@72f66d1 does not exist
10-31 06:28:34.877   600   620 W WindowManager: 	at com.android.server.wm.WindowManagerService.windowForClientLocked(WindowManagerService.java:9422)
10-31 06:28:34.877   600   620 W WindowManager: 	at com.android.server.wm.WindowManagerService.windowForClientLocked(WindowManagerService.java:9413)
10-31 06:28:34.877   600   620 W WindowManager: 	at com.android.server.wm.WindowManagerService.removeWindow(WindowManagerService.java:2393)
10-31 06:28:34.877   600   620 W WindowManager: 	at com.android.server.wm.Session.remove(Session.java:202)
10-31 06:28:34.877   600   620 W WindowManager: 	at android.view.ViewRootImpl.dispatchDetachedFromWindow(ViewRootImpl.java:3290)
10-31 06:28:34.877   600   620 W WindowManager: 	at android.view.ViewRootImpl.doDie(ViewRootImpl.java:5917)
10-31 06:28:34.877   600   620 W WindowManager: 	at android.view.ViewRootImpl$ViewRootHandler.handleMessage(ViewRootImpl.java:3626)
10-31 06:28:34.877   600   620 W WindowManager: 	at android.os.Handler.dispatchMessage(Handler.java:102)
10-31 06:28:34.877   600   620 W WindowManager: 	at android.os.Looper.loop(Looper.java:154)
10-31 06:28:34.877   600   620 W WindowManager: 	at android.os.HandlerThread.run(HandlerThread.java:61)
10-31 06:28:34.877   600   620 W WindowManager: 	at com.android.server.ServiceThread.run(ServiceThread.java:46)
10-31 06:28:34.911 20723 20853 W chromium: [WARNING:op_site_scripts.cc(424)] Failed to map /data/user/0/com.opera.browser/app_opera/sjs
10-31 06:28:34.953   600 27731 I ActivityManager: Start proc 20862:com.opera.browser:privileged_process0/u0a122 for service com.opera.browser/com.opera.android.browser.chromium.services.PrivilegedProcessService0
10-31 06:28:35.041 20862 20862 I art     : Starting a blocking GC AddRemoveAppImageSpace
10-31 06:28:35.068 20862 20862 I LoadedApk: No resource references to update in package com.opera.browser.nord_vpn
10-31 06:28:35.105 20723 20733 W art     : Suspending all threads took: 19.760ms
10-31 06:28:35.155 20723 20733 I art     : Background partial concurrent mark sweep GC freed 12058(848KB) AllocSpace objects, 9(236KB) LOS objects, 39% free, 5MB/9MB, paused 21.922ms total 224.148ms
10-31 06:28:35.177 20862 20889 E libEGL  : validate_display:99 error 3008 (EGL_BAD_DISPLAY)
10-31 06:28:35.312 23104 23104 I MemoryTrimmer: Trimming objects from memory, since app is in the background.
10-31 06:28:35.314 23104 23174 W SearchService: Abort, client detached.
10-31 06:28:35.319  1084  1084 I MemoryTrimmer: Trimming objects from memory, since app is in the background.
10-31 06:28:35.330 23104 20629 I DeviceStateChecker: DeviceStateChecker cancelled
10-31 06:28:35.330 23104 23104 I MicroDetector: Keeping mic open: false
10-31 06:28:35.330 23104 10392 I AudioController: internalShutdown
10-31 06:28:35.331 23104 10392 I MicrophoneInputStream: mic_close com.google.android.apps.gsa.speech.audio.ae@4e5762c
10-31 06:28:35.347   238   285 I SoundTriggerHwService::Module: void android::SoundTriggerHwService::Module::onCallbackEvent(const sp<android::SoundTriggerHwService::CallbackEvent> &) mClient == 0
10-31 06:28:35.351 23104 23198 I MicroRecognitionRunner: Stopping hotword detection.
10-31 06:28:35.360 20862 20889 E libEGL  : validate_display:99 error 3008 (EGL_BAD_DISPLAY)
10-31 06:28:35.366 23104 20630 I MicroRecognitionRunner: Detection finished
10-31 06:28:35.396 23104 23104 I MemoryTrimmer: Trimming objects from memory, since app is in the background.
10-31 06:28:35.521   787 20329 W NetworkScheduler: Error inserting service_kind=0 source=16 tag=Measurement.PackageMeasurementTaskService.UPLOAD_TASK_TAG target_package=com.google.android.gms requires_charging=0 source_version=203915000 required_network_type=0 flex_time=1932000 persistence_level=1 target_class=com.google.android.gms.measurement.PackageMeasurementTaskService runtime=1667194115519 retry_strategy={"maximum_backoff_seconds":{"3600":0},"initial_backoff_seconds":{"30":0},"retry_policy":{"0":0}} preferred_network_type=1 required_idleness_state=0 preferred_charging_state=1 period=3866000 last_runtime=0 task_type=0 job_id=-1 user_id=0, error message: UNIQUE constraint failed: pending_ops.tag, pending_ops.target_class, pending_ops.target_package, pending_ops.user_id (code 2067) [CONTEXT service_id=218 ]
10-31 06:28:35.580   787 19756 W NetworkScheduler: Error inserting service_kind=0 source=16 tag=Measurement.PackageMeasurementTaskService.UPLOAD_TASK_TAG target_package=com.google.android.gms requires_charging=0 source_version=203915000 required_network_type=0 flex_time=1932000 persistence_level=1 target_class=com.google.android.gms.measurement.PackageMeasurementTaskService runtime=1667194115576 retry_strategy={"maximum_backoff_seconds":{"3600":0},"initial_backoff_seconds":{"30":0},"retry_policy":{"0":0}} preferred_network_type=1 required_idleness_state=0 preferred_charging_state=1 period=3866000 last_runtime=0 task_type=0 job_id=-1 user_id=0, error message: UNIQUE constraint failed: pending_ops.tag, pending_ops.target_class, pending_ops.target_package, pending_ops.user_id (code 2067) [CONTEXT service_id=218 ]
10-31 06:28:35.601   787 20910 W NetworkScheduler: Error inserting service_kind=0 source=16 tag=Measurement.PackageMeasurementTaskService.UPLOAD_TASK_TAG target_package=com.google.android.gms requires_charging=0 source_version=203915000 required_network_type=0 flex_time=1932000 persistence_level=1 target_class=com.google.android.gms.measurement.PackageMeasurementTaskService runtime=1667194115598 retry_strategy={"maximum_backoff_seconds":{"3600":0},"initial_backoff_seconds":{"30":0},"retry_policy":{"0":0}} preferred_network_type=1 required_idleness_state=0 preferred_charging_state=1 period=3866000 last_runtime=0 task_type=0 job_id=-1 user_id=0, error message: UNIQUE constraint failed: pending_ops.tag, pending_ops.target_class, pending_ops.target_package, pending_ops.user_id (code 2067) [CONTEXT service_id=218 ]
10-31 06:28:39.285 20723 20723 I PlayCore: UID: [10122]  PID: [20723] AppUpdateListenerRegistry : registerListener
10-31 06:28:39.286 20723 20723 I PlayCore: UID: [10122]  PID: [20723] AppUpdateService : requestUpdateInfo(com.opera.browser)
10-31 06:28:39.288 20723 20940 I PlayCore: UID: [10122]  PID: [20723] AppUpdateService : Initiate binding to the service.
10-31 06:28:39.289   600 27731 W ActivityManager: Unable to start service Intent { act=com.google.android.play.core.install.BIND_UPDATE_SERVICE pkg=com.android.vending } U=0: not found
10-31 06:28:39.292 20723 20940 I PlayCore: UID: [10122]  PID: [20723] AppUpdateService : Failed to bind to the service.
10-31 06:28:39.362 20723 20945 D ApplicationLoaders: ignored Vulkan layer search path /data/app/com.google.android.gms-1/lib/arm:/data/app/com.google.android.gms-1/base.apk!/lib/armeabi-v7a:/data/app/com.google.android.gms-1/split_config.en.apk!/lib/armeabi-v7a for namespace 0xf4a41090
10-31 06:28:39.364 20723 20945 W ResourceType: ResTable_typeSpec entry count inconsistent: given 67, previously 69
10-31 06:28:39.364 20723 20945 W ResourceType: ResTable_typeSpec entry count inconsistent: given 5346, previously 5347
10-31 06:28:39.904   600   612 D SyncManager: failed sync operation JobId: 100983, com.opera.browser u0 (com.opera.browser.ping), com.opera.browser.ping.provider, SERVER, reason: 10122, SyncResult: delayUntil: 1667201319 stats [ numIoExceptions: 1]
10-31 06:28:45.406 23104 23104 I MemoryTrimmer: Trimming objects from memory, since app is in the background.
10-31 06:28:46.339 20970 20970 D AndroidRuntime: >>>>>> START com.android.internal.os.RuntimeInit uid 2000 <<<<<<
10-31 06:28:46.342 20970 20970 D AndroidRuntime: CheckJNI is OFF
10-31 06:28:46.403 20970 20970 D ICU     : No timezone override file found: /data/misc/zoneinfo/current/icu/icu_tzdata.dat
10-31 06:28:46.436 20970 20970 I Radio-JNI: register_android_hardware_Radio DONE
10-31 06:28:46.450 20970 20970 D AndroidRuntime: Calling main entry com.android.commands.monkey.Monkey
10-31 06:28:46.517   600   613 W BroadcastQueue: Skipping deliver [background] BroadcastRecord{fc035d8 u-1 android.net.conn.CONNECTIVITY_CHANGE} to ReceiverList{24eed31 20970 (unknown name)/2000/u-1 remote:c95f54a}: process crashing
10-31 06:28:48.075 20970 20970 D MonkeyStub: translateCommand: wake
10-31 06:28:48.180 20970 20970 D MonkeyStub: translateCommand: tap 960 1881
10-31 06:28:48.250   600  1076 I ActivityManager: START u0 {act=android.intent.action.VIEW flg=0x1000000 cmp=com.opera.browser/com.opera.android.IntentDispatcherActivity} from uid 10122 on display 0
10-31 06:28:48.341   600  2707 I ActivityManager: START u0 {act=android.intent.action.VIEW flg=0x15002000 cmp=com.opera.browser/com.opera.android.BrowserActivity} from uid 10122 on display 0
10-31 06:28:48.349  1084  1171 I OpenGLRenderer: Initialized EGL, version 1.4
10-31 06:28:48.349  1084  1171 D OpenGLRenderer: Swap behavior 2
10-31 06:28:48.476   600   609 I art     : Background partial concurrent mark sweep GC freed 41339(2MB) AllocSpace objects, 42(1272KB) LOS objects, 33% free, 16MB/24MB, paused 916us total 167.107ms
10-31 06:28:48.571  1084  1084 I MemoryTrimmer: Trimming objects from memory, since app is in the background.
10-31 06:28:48.670 20723 21016 W ResourceType: ResTable_typeSpec entry count inconsistent: given 67, previously 69
10-31 06:28:48.670 20723 21016 W ResourceType: ResTable_typeSpec entry count inconsistent: given 5346, previously 5347
10-31 06:28:48.731 20723 20988 E [Leanplum][ERROR]: No variable values were received from the server. Please contact us to investigate.
10-31 06:28:48.945   600  1081 I CwMcuSensor: CwMcuSensor::flush: fd = 245, sensors_id = 0, path = /sys/class/htc_sensorhub/sensor_hub/flush, err = 0
10-31 06:28:48.965   600   620 I ActivityManager: Displayed com.opera.browser/com.opera.android.BrowserActivity: +595ms (total +676ms)
10-31 06:28:49.054 20723 20830 D OpenGLRenderer: endAllActiveAnimators on 0xcdfd2780 (RippleDrawable) with handle 0xce17bbf0
10-31 06:28:49.241 20723 20733 I art     : Background sticky concurrent mark sweep GC freed 20766(1558KB) AllocSpace objects, 11(220KB) LOS objects, 10% free, 8MB/9MB, paused 3.671ms total 123.486ms
10-31 06:28:49.308 20723 21034 W ResourceType: ResTable_typeSpec entry count inconsistent: given 67, previously 69
10-31 06:28:49.308 20723 21034 W ResourceType: ResTable_typeSpec entry count inconsistent: given 5346, previously 5347
10-31 06:28:49.373 20723 20733 I art     : Background sticky concurrent mark sweep GC freed 11020(729KB) AllocSpace objects, 8(160KB) LOS objects, 6% free, 9MB/9MB, paused 6.569ms total 55.574ms
10-31 06:28:49.593 20723 21061 W ResourceType: ResTable_typeSpec entry count inconsistent: given 67, previously 69
10-31 06:28:49.594 20723 21061 W ResourceType: ResTable_typeSpec entry count inconsistent: given 5346, previously 5347
10-31 06:28:49.621 20723 20728 I art     : Do partial code cache collection, code=18KB, data=30KB
10-31 06:28:49.629 20723 20728 I art     : After code cache collection, code=18KB, data=30KB
10-31 06:28:49.630 20723 20723 E Sensors : sendAck failure -1 1
10-31 06:28:49.640 20723 20728 I art     : Increasing code cache capacity to 128KB
10-31 06:28:49.682 20723 20723 I Choreographer: Skipped 35 frames!  The application may be doing too much work on its main thread.
10-31 06:28:49.851 20723 20723 W View    : requestLayout() improperly called by com.opera.android.custom_views.FadingRecyclerView{d8d5252 VFED.V... ......ID 0,813-1536,813 #7f0a0825 app:id/suggested_dials_grid} during layout: running second layout pass
10-31 06:28:49.899 20723 20723 E Sensors : sendAck failure -1 1
10-31 06:28:50.193 20723 20733 W art     : Suspending all threads took: 14.092ms
10-31 06:28:50.244   787 17330 W NetworkScheduler: Error inserting service_kind=0 source=16 tag=Measurement.PackageMeasurementTaskService.UPLOAD_TASK_TAG target_package=com.google.android.gms requires_charging=0 source_version=203915000 required_network_type=0 flex_time=1918000 persistence_level=1 target_class=com.google.android.gms.measurement.PackageMeasurementTaskService runtime=1667194130238 retry_strategy={"maximum_backoff_seconds":{"3600":0},"initial_backoff_seconds":{"30":0},"retry_policy":{"0":0}} preferred_network_type=1 required_idleness_state=0 preferred_charging_state=1 period=3837000 last_runtime=0 task_type=0 job_id=-1 user_id=0, error message: UNIQUE constraint failed: pending_ops.tag, pending_ops.target_class, pending_ops.target_package, pending_ops.user_id (code 2067) [CONTEXT service_id=218 ]
10-31 06:28:50.264 20723 20733 I art     : Background sticky concurrent mark sweep GC freed 36184(1594KB) AllocSpace objects, 20(1124KB) LOS objects, 6% free, 13MB/13MB, paused 16.741ms total 137.149ms
10-31 06:28:50.291 21086 21086 I dex2oat : /system/bin/dex2oat --dex-file=/data/user/0/com.opera.browser/code_cache/.  ​    --oat-fd=159 --oat-location=/data/user/0/com.opera.browser/code_cache/.     --compiler-filter=speed
10-31 06:28:50.571   787 20329 W NetworkScheduler: Error inserting service_kind=0 source=16 tag=Measurement.PackageMeasurementTaskService.UPLOAD_TASK_TAG target_package=com.google.android.gms requires_charging=0 source_version=203915000 required_network_type=0 flex_time=1917000 persistence_level=1 target_class=com.google.android.gms.measurement.PackageMeasurementTaskService runtime=1667194130569 retry_strategy={"maximum_backoff_seconds":{"3600":0},"initial_backoff_seconds":{"30":0},"retry_policy":{"0":0}} preferred_network_type=1 required_idleness_state=0 preferred_charging_state=1 period=3836000 last_runtime=0 task_type=0 job_id=-1 user_id=0, error message: UNIQUE constraint failed: pending_ops.tag, pending_ops.target_class, pending_ops.target_package, pending_ops.user_id (code 2067) [CONTEXT service_id=218 ]
10-31 06:28:50.572 20723 20733 W art     : Suspending all threads took: 5.819ms
10-31 06:28:50.580 20723 20733 I art     : Background sticky concurrent mark sweep GC freed 14265(885KB) AllocSpace objects, 11(268KB) LOS objects, 4% free, 13MB/13MB, paused 7.915ms total 100.278ms
10-31 06:28:50.611 21086 21086 I dex2oat : dex2oat took 320.737ms (threads: 2) arena alloc=432KB (442800B) java alloc=32KB (33064B) native alloc=354KB (362688B) free=1181KB (1210176B)
10-31 06:28:50.937 20723 20733 W art     : Suspending all threads took: 37.402ms
10-31 06:28:50.943 21093 21093 I dex2oat : /system/bin/dex2oat --dex-file=/data/user/0/com.opera.browser/code_cache/.      --oat-fd=165 --oat-location=/data/user/0/com.opera.browser/code_cache/. ​​ --compiler-filter=speed
10-31 06:28:50.996 20723 20733 I art     : Background partial concurrent mark sweep GC freed 21426(2MB) AllocSpace objects, 13(540KB) LOS objects, 40% free, 13MB/21MB, paused 54.091ms total 335.918ms
10-31 06:28:51.251 21093 21093 I dex2oat : dex2oat took 316.223ms (threads: 2) arena alloc=672KB (688792B) java alloc=86KB (88128B) native alloc=523KB (536312B) free=1524KB (1560840B)
10-31 06:28:51.418 20723 20728 I art     : Do partial code cache collection, code=36KB, data=61KB
10-31 06:28:51.429 20723 20728 I art     : After code cache collection, code=35KB, data=61KB
10-31 06:28:51.429 20723 20728 I art     : Increasing code cache capacity to 256KB
10-31 06:28:51.661 20723 20733 I art     : Background partial concurrent mark sweep GC freed 125724(6MB) AllocSpace objects, 21(1776KB) LOS objects, 40% free, 13MB/22MB, paused 1.888ms total 111.578ms
10-31 06:28:52.057 20723 20733 I art     : Background partial concurrent mark sweep GC freed 132430(6MB) AllocSpace objects, 21(1716KB) LOS objects, 40% free, 14MB/24MB, paused 3.721ms total 154.805ms
10-31 06:28:52.237 20970 20970 D MonkeyStub: translateCommand: tap 57 93
10-31 06:28:54.374 20970 20970 D MonkeyStub: translateCommand: tap 57 93
10-31 06:28:56.627 20970 20970 D MonkeyStub: translateCommand: tap 446 593
10-31 06:28:56.767 20723 20728 I art     : Do full code cache collection, code=85KB, data=125KB
10-31 06:28:56.769 20723 20728 I art     : Starting a blocking GC JitCodeCache
10-31 06:28:56.769 20723 20728 I art     : After code cache collection, code=67KB, data=70KB
10-31 06:28:58.878 20970 20970 D MonkeyStub: translateCommand: tap 667 302
10-31 06:29:02.154 20970 20970 D MonkeyStub: translateCommand: tap 1286 930
10-31 06:29:03.383 20970 20970 D MonkeyStub: translateCommand: tap 62 98
10-31 06:29:03.413 20970 20970 D MonkeyStub: translateCommand: tap 729 89
10-31 06:29:03.425 20970 20970 D MonkeyStub: Quit requested
10-31 06:29:03.459   600   614 I CwMcuSensor: CwMcuSensor::flush: fd = 245, sensors_id = 0, path = /sys/class/htc_sensorhub/sensor_hub/flush, err = 0
10-31 06:29:03.473 20970 20970 I art     : System.exit called, status: 16
10-31 06:29:03.473 20970 20970 I AndroidRuntime: VM exiting with result code 16.
10-31 06:29:03.502   600  2707 W WindowManager: Attempted to remove non-existing token: android.os.Binder@2742b6d
10-31 06:29:03.756   600  9614 E BatteryStatsService: power: Missing API
10-31 06:29:03.762   600  9614 E BatteryStatsService: no controller energy info supplied
10-31 06:29:03.762   796   796 E PhoneInterfaceManager: [PhoneIntfMgr] queryModemActivityInfo: Empty response
10-31 06:29:03.769   600  9614 E BatteryStatsService: modem info is invalid: ModemActivityInfo{ mTimestamp=0 mSleepTimeMs=0 mIdleTimeMs=0 mTxTimeMs[]=[0, 0, 0, 0, 0] mRxTimeMs=0 mEnergyUsed=0}
10-31 06:29:04.179 21134 21134 D AndroidRuntime: >>>>>> START com.android.internal.os.RuntimeInit uid 2000 <<<<<<
10-31 06:29:04.182 21134 21134 D AndroidRuntime: CheckJNI is OFF
10-31 06:29:04.250 21134 21134 D ICU     : No timezone override file found: /data/misc/zoneinfo/current/icu/icu_tzdata.dat
10-31 06:29:04.281 21134 21134 I Radio-JNI: register_android_hardware_Radio DONE
10-31 06:29:04.296 21134 21134 D AndroidRuntime: Calling main entry com.android.commands.am.Am
10-31 06:29:04.315   600   713 I ActivityManager: START u0 {act=android.intent.action.VIEW dat=http://www.britannica.com/... flg=0x10000000 cmp=com.opera.browser/com.opera.Opera} from uid 2000 on display 0
10-31 06:29:04.322 21134 21134 D AndroidRuntime: Shutting down VM
10-31 06:29:04.420 20723 20723 W art     : Before Android 4.1, method double java.util.concurrent.ThreadLocalRandom.internalNextDouble(double, double) would have incorrectly overridden the package-private method in java.util.Random
10-31 06:29:04.420 20723 20723 W art     : Before Android 4.1, method int java.util.concurrent.ThreadLocalRandom.internalNextInt(int, int) would have incorrectly overridden the package-private method in java.util.Random
10-31 06:29:04.420 20723 20723 W art     : Before Android 4.1, method long java.util.concurrent.ThreadLocalRandom.internalNextLong(long, long) would have incorrectly overridden the package-private method in java.util.Random
10-31 06:29:04.466   600   619 D BluetoothManagerService: Message: 20
10-31 06:29:04.466   600   619 D BluetoothManagerService: Added callback: android.bluetooth.IBluetoothManagerCallback$Stub$Proxy@73a83d3:true
10-31 06:29:04.472   600 17381 I ActivityManager: Start proc 21146:com.opera.browser:sandboxed_process0/u0a122 for service com.opera.browser/com.opera.android.browser.chromium.services.SandboxedProcessService0
10-31 06:29:04.534 21146 21146 I art     : Starting a blocking GC AddRemoveAppImageSpace
10-31 06:29:04.554 21146 21146 I LoadedApk: No resource references to update in package com.opera.browser.nord_vpn
10-31 06:29:04.586 20723 21091 W ResourceType: ResTable_typeSpec entry count inconsistent: given 67, previously 69
10-31 06:29:04.586 20723 21091 W ResourceType: ResTable_typeSpec entry count inconsistent: given 5346, previously 5347
10-31 06:29:04.740   787 28589 I FontLog : Received query name=Google Sans&weight=400&besteffort=false, URI content://com.google.android.gms.fonts [CONTEXT service_id=132 ]
10-31 06:29:04.740   787 28589 I FontLog : Query [name=Google Sans&weight=400&besteffort=false] resolved to {Google Sans, wdth 100.0, wght 400, ital 0.0, bestEffort false} [CONTEXT service_id=132 ]
10-31 06:29:04.744   787 28589 I FontLog : Font PFD returned from cache for {Google Sans, wdth 100.0, wght 400, ital 0.0, bestEffort false} [CONTEXT service_id=132 ]
10-31 06:29:04.744   787 28589 I FontLog : Fetch {Google Sans, wdth 100.0, wght 400, ital 0.0, bestEffort false} end status Status{statusCode=SUCCESS, resolution=null} [CONTEXT service_id=132 ]
10-31 06:29:04.748   787  1245 I FontLog : Pulling font file for id = 1534, cache size = 5 [CONTEXT service_id=132 ]
10-31 06:29:04.755   787 28590 I FontLog : Received query name=Google Sans&weight=500&besteffort=false, URI content://com.google.android.gms.fonts [CONTEXT service_id=132 ]
10-31 06:29:04.755   787 28590 I FontLog : Query [name=Google Sans&weight=500&besteffort=false] resolved to {Google Sans, wdth 100.0, wght 500, ital 0.0, bestEffort false} [CONTEXT service_id=132 ]
10-31 06:29:04.756   787 28590 I FontLog : Font PFD returned from cache for {Google Sans, wdth 100.0, wght 500, ital 0.0, bestEffort false} [CONTEXT service_id=132 ]
10-31 06:29:04.757   787 28590 I FontLog : Fetch {Google Sans, wdth 100.0, wght 500, ital 0.0, bestEffort false} end status Status{statusCode=SUCCESS, resolution=null} [CONTEXT service_id=132 ]
10-31 06:29:04.760   787  1716 I FontLog : Pulling font file for id = 1535, cache size = 5 [CONTEXT service_id=132 ]
10-31 06:29:04.763   787  1714 I FontLog : Received query name=Google Sans&weight=700&besteffort=false, URI content://com.google.android.gms.fonts [CONTEXT service_id=132 ]
10-31 06:29:04.763   787  1714 I FontLog : Query [name=Google Sans&weight=700&besteffort=false] resolved to {Google Sans, wdth 100.0, wght 700, ital 0.0, bestEffort false} [CONTEXT service_id=132 ]
10-31 06:29:04.765   787  1714 I FontLog : Fetch {Google Sans, wdth 100.0, wght 700, ital 0.0, bestEffort false} end status Status{statusCode=SUCCESS, resolution=null} [CONTEXT service_id=132 ]
10-31 06:29:04.774   787   806 I FontLog : Pulling font file for id = 1536, cache size = 6 [CONTEXT service_id=132 ]
10-31 06:29:04.778   787 28597 I FontLog : Received query name=Noto Color Emoji Compat&weight=400&besteffort=false, URI content://com.google.android.gms.fonts [CONTEXT service_id=132 ]
10-31 06:29:04.778   787 28597 I FontLog : Query [name=Noto Color Emoji Compat&weight=400&besteffort=false] resolved to {Noto Color Emoji Compat, wdth 100.0, wght 400, ital 0.0, bestEffort false} [CONTEXT service_id=132 ]
10-31 06:29:04.780   787 28597 I FontLog : Fetch {Noto Color Emoji Compat, wdth 100.0, wght 400, ital 0.0, bestEffort false} end status Status{statusCode=SUCCESS, resolution=null} [CONTEXT service_id=132 ]
10-31 06:29:04.785   787 28589 I FontLog : Pulling font file for id = 1537, cache size = 7 [CONTEXT service_id=132 ]
10-31 06:29:04.866 20723 20728 I art     : Do partial code cache collection, code=91KB, data=118KB
10-31 06:29:04.926 20723 20728 I art     : After code cache collection, code=91KB, data=118KB
10-31 06:29:04.926 20723 20728 I art     : Increasing code cache capacity to 512KB
10-31 06:29:05.025   600  1080 D DnsEventListenerService: Logging 100 results for netId 100
10-31 06:29:05.042   787 17330 I SQLiteConnectionPool: The connection pool for /data/user/0/com.google.android.gms/databases/metadata.db has been closed but there are still 1 connections in use.  They will be closed as they are released back to the pool.
10-31 06:29:05.046   787 20329 W FontLog : Error updating last accessed time for {Google Sans, wdth 100.0, wght 700, ital 0.0, bestEffort false}. [CONTEXT service_id=132 ]
10-31 06:29:05.046   787 20329 W FontLog : java.lang.IllegalStateException: Cannot perform this operation because the connection pool has been closed.
10-31 06:29:05.046   787 20329 W FontLog : 	at android.database.sqlite.SQLiteConnectionPool.throwIfClosedLocked(SQLiteConnectionPool.java:962)
10-31 06:29:05.046   787 20329 W FontLog : 	at android.database.sqlite.SQLiteConnectionPool.waitForConnection(SQLiteConnectionPool.java:677)
10-31 06:29:05.046   787 20329 W FontLog : 	at android.database.sqlite.SQLiteConnectionPool.acquireConnection(SQLiteConnectionPool.java:348)
10-31 06:29:05.046   787 20329 W FontLog : 	at android.database.sqlite.SQLiteSession.acquireConnection(SQLiteSession.java:894)
10-31 06:29:05.046   787 20329 W FontLog : 	at android.database.sqlite.SQLiteSession.executeForChangedRowCount(SQLiteSession.java:752)
10-31 06:29:05.046   787 20329 W FontLog : 	at android.database.sqlite.SQLiteStatement.executeUpdateDelete(SQLiteStatement.java:64)
10-31 06:29:05.046   787 20329 W FontLog : 	at android.database.sqlite.SQLiteDatabase.executeSql(SQLiteDatabase.java:1679)
10-31 06:29:05.046   787 20329 W FontLog : 	at android.database.sqlite.SQLiteDatabase.execSQL(SQLiteDatabase.java:1658)
10-31 06:29:05.046   787 20329 W FontLog : 	at aafx.run(Unknown Source)
10-31 06:29:05.046   787 20329 W FontLog : 	at sup.b(:com.google.android.gms@203915020@20.39.15 (040406-335085812):12)
10-31 06:29:05.046   787 20329 W FontLog : 	at sup.run(:com.google.android.gms@203915020@20.39.15 (040406-335085812):7)
10-31 06:29:05.046   787 20329 W FontLog : 	at java.util.concurrent.ThreadPoolExecutor.runWorker(ThreadPoolExecutor.java:1133)
10-31 06:29:05.046   787 20329 W FontLog : 	at java.util.concurrent.ThreadPoolExecutor$Worker.run(ThreadPoolExecutor.java:607)
10-31 06:29:05.046   787 20329 W FontLog : 	at tam.run(:com.google.android.gms@203915020@20.39.15 (040406-335085812):0)
10-31 06:29:05.046   787 20329 W FontLog : 	at java.lang.Thread.run(Thread.java:761)
10-31 06:29:05.282   787 20329 W NetworkScheduler: Error inserting service_kind=0 source=16 tag=Measurement.PackageMeasurementTaskService.UPLOAD_TASK_TAG target_package=com.google.android.gms requires_charging=0 source_version=203915000 required_network_type=0 flex_time=1903000 persistence_level=1 target_class=com.google.android.gms.measurement.PackageMeasurementTaskService runtime=1667194145279 retry_strategy={"maximum_backoff_seconds":{"3600":0},"initial_backoff_seconds":{"30":0},"retry_policy":{"0":0}} preferred_network_type=1 required_idleness_state=0 preferred_charging_state=1 period=3807000 last_runtime=0 task_type=0 job_id=-1 user_id=0, error message: UNIQUE constraint failed: pending_ops.tag, pending_ops.target_class, pending_ops.target_package, pending_ops.user_id (code 2067) [CONTEXT service_id=218 ]
10-31 06:29:05.764 20723 20733 I art     : Background sticky concurrent mark sweep GC freed 115444(6MB) AllocSpace objects, 15(348KB) LOS objects, 28% free, 17MB/24MB, paused 6.147ms total 117.837ms
10-31 06:29:12.151 20723 20733 I art     : Background sticky concurrent mark sweep GC freed 147521(6MB) AllocSpace objects, 5(92KB) LOS objects, 27% free, 17MB/24MB, paused 11.295ms total 67.787ms
10-31 06:29:16.872 21229 21229 D AndroidRuntime: >>>>>> START com.android.internal.os.RuntimeInit uid 2000 <<<<<<
10-31 06:29:16.876 21229 21229 D AndroidRuntime: CheckJNI is OFF
10-31 06:29:16.942 21229 21229 D ICU     : No timezone override file found: /data/misc/zoneinfo/current/icu/icu_tzdata.dat
10-31 06:29:16.973 21229 21229 I Radio-JNI: register_android_hardware_Radio DONE
10-31 06:29:16.988 21229 21229 D AndroidRuntime: Calling main entry com.android.commands.monkey.Monkey
10-31 06:29:17.055   600   613 W BroadcastQueue: Skipping deliver [background] BroadcastRecord{1d1ed6e u-1 android.net.conn.CONNECTIVITY_CHANGE} to ReceiverList{dcdcc0f 21229 (unknown name)/2000/u-1 remote:8bce170}: process crashing
10-31 06:29:18.589 21229 21229 D MonkeyStub: translateCommand: wake
10-31 06:29:18.709 21229 21229 D MonkeyStub: translateCommand: tap 1152 1659
10-31 06:29:25.902 20723 20733 I art     : Background sticky concurrent mark sweep GC freed 131431(5MB) AllocSpace objects, 5(92KB) LOS objects, 22% free, 18MB/24MB, paused 9.614ms total 108.270ms
10-31 06:29:28.799 21229 21229 D MonkeyStub: translateCommand: tap 1248 1553
10-31 06:29:35.885 21229 21229 D MonkeyStub: translateCommand: touch down 614 1561
10-31 06:29:35.894 21229 21229 D MonkeyStub: translateCommand: touch move 614 1561
10-31 06:29:35.999 21229 21229 D MonkeyStub: translateCommand: touch move 614 1436
10-31 06:29:36.108 21229 21229 D MonkeyStub: translateCommand: touch move 614 1311
10-31 06:29:36.215 21229 21229 D MonkeyStub: translateCommand: touch move 614 1186
10-31 06:29:36.336 21229 21229 D MonkeyStub: translateCommand: touch move 614 1061
10-31 06:29:36.445 21229 21229 D MonkeyStub: translateCommand: touch move 614 937
10-31 06:29:36.555 21229 21229 D MonkeyStub: translateCommand: touch move 614 812
10-31 06:29:36.665 21229 21229 D MonkeyStub: translateCommand: touch move 614 687
10-31 06:29:36.799 21229 21229 D MonkeyStub: translateCommand: touch move 614 562
10-31 06:29:36.905 21229 21229 D MonkeyStub: translateCommand: touch move 614 437
10-31 06:29:37.011 21229 21229 D MonkeyStub: translateCommand: touch move 614 312
10-31 06:29:37.022 21229 21229 D MonkeyStub: translateCommand: touch up 614 312
10-31 06:29:37.047 21229 21229 D MonkeyStub: translateCommand: touch down 614 1561
10-31 06:29:37.052 21229 21229 D MonkeyStub: translateCommand: touch move 614 1561
10-31 06:29:37.158 21229 21229 D MonkeyStub: translateCommand: touch move 614 1436
10-31 06:29:37.264 21229 21229 D MonkeyStub: translateCommand: touch move 614 1311
10-31 06:29:37.375 21229 21229 D MonkeyStub: translateCommand: touch move 614 1186
10-31 06:29:37.479 21229 21229 D MonkeyStub: translateCommand: touch move 614 1061
10-31 06:29:37.583 21229 21229 D MonkeyStub: translateCommand: touch move 614 937
10-31 06:29:37.689 21229 21229 D MonkeyStub: translateCommand: touch move 614 812
10-31 06:29:37.822 21229 21229 D MonkeyStub: translateCommand: touch move 614 687
10-31 06:29:37.936 21229 21229 D MonkeyStub: translateCommand: touch move 614 562
10-31 06:29:38.048 21229 21229 D MonkeyStub: translateCommand: touch move 614 437
10-31 06:29:38.155 21229 21229 D MonkeyStub: translateCommand: touch move 614 312
10-31 06:29:38.161 21229 21229 D MonkeyStub: translateCommand: touch up 614 312
10-31 06:29:41.223 21229 21229 D MonkeyStub: translateCommand: touch down 614 1561
10-31 06:29:41.229 21229 21229 D MonkeyStub: translateCommand: touch move 614 1561
10-31 06:29:41.341 21229 21229 D MonkeyStub: translateCommand: touch move 614 1436
10-31 06:29:41.455 21229 21229 D MonkeyStub: translateCommand: touch move 614 1311
10-31 06:29:41.561 21229 21229 D MonkeyStub: translateCommand: touch move 614 1186
10-31 06:29:41.675 21229 21229 D MonkeyStub: translateCommand: touch move 614 1061
10-31 06:29:41.681   600  1079 D DnsEventListenerService: Logging 100 results for netId 100
10-31 06:29:41.782 21229 21229 D MonkeyStub: translateCommand: touch move 614 937
10-31 06:29:41.834   198   198 E SELinux : avc:  denied  { find } for service=netd pid=21346 uid=2000 scontext=u:r:shell:s0 tcontext=u:object_r:netd_service:s0 tclass=service_manager permissive=0
10-31 06:29:41.858   198   198 E SELinux : avc:  denied  { find } for service=android.service.gatekeeper.IGateKeeperService pid=21346 uid=2000 scontext=u:r:shell:s0 tcontext=u:object_r:gatekeeper_service:s0 tclass=service_manager permissive=0
10-31 06:29:41.903 21229 21229 D MonkeyStub: translateCommand: touch move 614 812
10-31 06:29:42.008 21229 21229 D MonkeyStub: translateCommand: touch move 614 687
10-31 06:29:42.111 21229 21229 D MonkeyStub: translateCommand: touch move 614 562
10-31 06:29:42.214 21229 21229 D MonkeyStub: translateCommand: touch move 614 437
10-31 06:29:42.322 21229 21229 D MonkeyStub: translateCommand: touch move 614 312
10-31 06:29:42.325 21229 21229 D MonkeyStub: translateCommand: touch up 614 312
10-31 06:29:44.903   600  3675 I ActivityManager: Process android.process.acore (pid 17960) has died
10-31 06:29:44.904   600  3675 D ActivityManager: cleanUpApplicationRecord -- 17960
10-31 06:29:45.820 20723 20733 I art     : Background sticky concurrent mark sweep GC freed 114862(4MB) AllocSpace objects, 1(20KB) LOS objects, 20% free, 19MB/24MB, paused 1.591ms total 112.332ms
10-31 06:29:46.011 21146 21162 I chromium: [INFO:pipeline_controller.cc(46)] MCHR-300: Starting pipeline, demuxer: FFmpegDemuxer
10-31 06:29:46.060 21146 21166 I chromium: [INFO:ffmpeg_glue.cc(159)] MCHR-300: Container: mov,mp4,m4a,3gp,3g2,mj2
10-31 06:29:46.134 20862 21373 W VideoCapabilities: Unrecognized level 0 for video/x-vnd.on2.vp8
10-31 06:29:46.177 20862 21373 I VideoCapabilities: Unsupported profile 4 for video/mp4v-es
10-31 06:29:46.196 20862 21374 W VideoCapabilities: Unrecognized level 0 for video/x-vnd.on2.vp8
10-31 06:29:46.210 20862 21374 I VideoCapabilities: Unsupported profile 4 for video/mp4v-es
10-31 06:29:46.481 20723 20723 V MediaRouter: Adding route: RouteInfo{ name=Tablet, description=null, status=null, category=RouteCategory{ name=null types=ROUTE_TYPE_LIVE_AUDIO ROUTE_TYPE_LIVE_VIDEO  groupable=false }, supportedTypes=ROUTE_TYPE_LIVE_AUDIO ROUTE_TYPE_LIVE_VIDEO , presentationDisplay=null }
10-31 06:29:46.502 20723 20723 V MediaRouter: Updating audio routes: AudioRoutesInfo{ type=SPEAKER }
10-31 06:29:46.506 20723 20723 V MediaRouter: Selecting route: RouteInfo{ name=Tablet, description=null, status=null, category=RouteCategory{ name=null types=ROUTE_TYPE_LIVE_AUDIO ROUTE_TYPE_LIVE_VIDEO  groupable=false }, supportedTypes=ROUTE_TYPE_LIVE_AUDIO ROUTE_TYPE_LIVE_VIDEO , presentationDisplay=null }
10-31 06:29:46.567 20723 20723 V MediaRouter: Selecting route: RouteInfo{ name=Tablet, description=null, status=null, category=RouteCategory{ name=null types=ROUTE_TYPE_LIVE_AUDIO ROUTE_TYPE_LIVE_VIDEO  groupable=false }, supportedTypes=ROUTE_TYPE_LIVE_AUDIO ROUTE_TYPE_LIVE_VIDEO , presentationDisplay=null }
10-31 06:29:46.568 21146 21359 I chromium: [INFO:decoder_stream.cc(443)] MCHR-300: Selected MediaCodecVideoDecoder for video decoding, config: codec: h264, profile: h264 main, level: not available, alpha_mode: is_opaque, coded size: [600,500], visible rect: [0,0,600,500], natural size: [600,500], has extra data: true, encryption scheme: Unencrypted, rotation: 0°, flipped: 0, color space: {primaries:SMPTE170M, transfer:SMPTE170M, matrix:SMPTE170M, range:LIMITED}
10-31 06:29:46.920   246   760 I MediaPlayerService: MediaPlayerService::getOMX
10-31 06:29:46.922 20862 21390 I OMXClient: MuxOMX ctor
10-31 06:29:46.929   243 31204 I OMXMaster: makeComponentInstance(OMX.Nvidia.h264.decode) in mediacodec process
10-31 06:29:46.953 20862 21389 I MediaCodec: MediaCodec will operate in async mode
10-31 06:29:46.955 20862 21389 I MediaCodec: [OMX.Nvidia.h264.decode] setting surface generation to 21362689
10-31 06:29:46.967   243  2208 E OMXNodeInstance: getConfig(f300da:Nvidia.h264.decode, ConfigCommonOutputCrop(0x700000f)) ERROR: BadParameter(0x80001005)
10-31 06:29:46.979 20862 21390 D SurfaceUtils: set up nativeWindow 0xeaca9008 for 600x500, color 0x106, rotation 0, usage 0x2b00
10-31 06:29:46.987   243 21391 D NvOsDebugPrintf: NvMMLiteOpen : Block : BlockType = 261 
10-31 06:29:46.989   243 21391 D NvOsDebugPrintf: TVMR: NvMMLiteTVMRDecBlockOpen: 5008: NvMMLiteBlockOpen 
10-31 06:29:47.013   243 21391 D NvOsDebugPrintf: NvMMLiteBlockCreate : Block : BlockType = 261 
10-31 06:29:47.031   243 21395 D NvOsDebugPrintf: TVMR: cbBeginSequence: 655: BeginSequence  608x512, bVPR = 0
10-31 06:29:47.033   243 21395 D NvOsDebugPrintf: TVMR: cbBeginSequence: 918: DecodeBuffers = 15 
10-31 06:29:47.037   243 21395 D NvOsDebugPrintf: TVMR: cbBeginSequence: 938: Display Resolution : (600x500) 
10-31 06:29:47.037   243 21395 D NvOsDebugPrintf: TVMR: cbBeginSequence: 939: Display Aspect Ratio : (600x500) 
10-31 06:29:47.037   243 21395 D NvOsDebugPrintf: TVMR: cbBeginSequence: 1041: SurfaceLayout = 3
10-31 06:29:47.037   243 21395 D NvOsDebugPrintf: TVMR: cbBeginSequence: 1071: NumOfSurfaces = 19, InteraceStream = 0, InterlaceEnabled = 0, bSecure = 0, MVC = 0 Semiplanar = 1, bReinit = 1 
10-31 06:29:47.037   243 21395 D NvOsDebugPrintf: Allocating new output: 608x512 (x 21), ThumbnailMode = 0
10-31 06:29:47.045 20862 21390 D SurfaceUtils: set up nativeWindow 0xeaca9008 for 608x512, color 0x106, rotation 0, usage 0x2b00
10-31 06:29:47.045   243   243 E OMXNodeInstance: setParameter(f300da:Nvidia.h264.decode, ParamPortDefinition(0x2000001)) ERROR: UnsupportedSetting(0x80001019)
10-31 06:29:47.045 20862 21390 W ACodec  : [OMX.Nvidia.h264.decode] setting nBufferCountActual to 26 failed: -1010
10-31 06:29:47.045   243  3872 E OMXNodeInstance: setParameter(f300da:Nvidia.h264.decode, ParamPortDefinition(0x2000001)) ERROR: UnsupportedSetting(0x80001019)
10-31 06:29:47.045 20862 21390 W ACodec  : [OMX.Nvidia.h264.decode] setting nBufferCountActual to 25 failed: -1010
10-31 06:29:47.046   243  6645 E OMXNodeInstance: setParameter(f300da:Nvidia.h264.decode, ParamPortDefinition(0x2000001)) ERROR: UnsupportedSetting(0x80001019)
10-31 06:29:47.046 20862 21390 W ACodec  : [OMX.Nvidia.h264.decode] setting nBufferCountActual to 24 failed: -1010
10-31 06:29:47.109 17545 17872 I CastDatabase: Opening the database
10-31 06:29:47.317 17545 17545 I CastSocket: 25 >= 18. Adding new CastClientAuthKeyManager. [CONTEXT service_id=161 ]
10-31 06:29:47.361 21229 21229 D MonkeyStub: translateCommand: touch down 614 1561
10-31 06:29:47.370 21229 21229 D MonkeyStub: translateCommand: touch move 614 1561
10-31 06:29:47.421   600   647 I WifiHAL : Got channel list with 13 channels
10-31 06:29:47.421   600   647 I WifiHAL : Got channel list with 4 channels
10-31 06:29:47.422   600   647 I WifiHAL : Got channel list with 15 channels
10-31 06:29:47.506 17545 17545 I DiscoveryManager: WifiGuestModeDeviceScanner enabled.
10-31 06:29:47.514   600   619 D BluetoothManagerService: Message: 20
10-31 06:29:47.514   600   619 D BluetoothManagerService: Added callback: android.bluetooth.IBluetoothManagerCallback$Stub$Proxy@d230a0b:true
10-31 06:29:47.541 21229 21229 D MonkeyStub: translateCommand: touch move 614 1436
10-31 06:29:47.720 21229 21229 D MonkeyStub: translateCommand: touch move 614 1311
10-31 06:29:47.863 21229 21229 D MonkeyStub: translateCommand: touch move 614 1186
10-31 06:29:47.969 21229 21229 D MonkeyStub: translateCommand: touch move 614 1061
10-31 06:29:48.027 17545 17872 I SQLiteCastStore: 2 CastNetworkInfo instances loaded, 1 CastDeviceInfo instances loaded, 0 paired guest mode devices loaded.
10-31 06:29:48.036 17545 17872 I DiscoveryManager: Filter criteria(D38CB0C5) scannerFlags(0)
10-31 06:29:48.107 17545 17872 I CastDatabase: CastDeviceInfo created: V_c4440e4f-1612-4ac0-a7db-2ce42d9197e2
10-31 06:29:48.109 17545 17872 W GuestModeDeviceProber: setFilterCriteria
10-31 06:29:48.229 17545 17872 E DeviceScanner: [BLE] Failed to start scan because the Bluetooth is disabled.
10-31 06:29:48.238 17545 17872 W DatabaseProcessor: processLocalDevices: failed to get the network info with non-null bssid.
10-31 06:29:48.252 17545 17872 W DatabaseProcessor: processLocalDevices: failed to get the network info with non-null bssid.
10-31 06:29:48.261 17545 17872 E DeviceScanner: [BLE] Failed to start scan because the Bluetooth is disabled.
10-31 06:29:48.261 17545 17872 W DatabaseProcessor: processLocalDevices: failed to get the network info with non-null bssid.
10-31 06:29:48.262 17545 17872 W DatabaseProcessor: processLocalDevices: failed to get the network info with non-null bssid.
10-31 06:29:48.334 21229 21229 D MonkeyStub: translateCommand: touch move 614 937
10-31 06:29:48.502 21229 21229 D MonkeyStub: translateCommand: touch move 614 812
10-31 06:29:48.862 21229 21229 D MonkeyStub: translateCommand: touch move 614 687
10-31 06:29:48.935   243 21395 D NvOsDebugPrintf: ---> TVMR: Video-conferencing detected !!!!!!!!!
10-31 06:29:48.994 20723 20731 E System  : Uncaught exception thrown by finalizer
10-31 06:29:49.009 21229 21229 D MonkeyStub: translateCommand: touch move 614 562
10-31 06:29:49.032 20723 20731 E System  : java.lang.IllegalStateException: Warning: Router objects should be explicitly closed when no longer required otherwise you may leak handles.
10-31 06:29:49.032 20723 20731 E System  : 	at b20.finalize(SourceFile:4)
10-31 06:29:49.032 20723 20731 E System  : 	at java.lang.Daemons$FinalizerDaemon.doFinalize(Daemons.java:222)
10-31 06:29:49.032 20723 20731 E System  : 	at java.lang.Daemons$FinalizerDaemon.run(Daemons.java:209)
10-31 06:29:49.032 20723 20731 E System  : 	at java.lang.Thread.run(Thread.java:761)
10-31 06:29:49.032 20723 20731 E System  : Caused by: java.lang.Exception: AutocloseableRouter allocated at:
10-31 06:29:49.032 20723 20731 E System  : 	at b20.<init>(SourceFile:4)
10-31 06:29:49.032 20723 20731 E System  : 	at qi1.v(SourceFile:6)
10-31 06:29:49.032 20723 20731 E System  : 	at wq$b.l(SourceFile:7)
10-31 06:29:49.032 20723 20731 E System  : 	at wq$d.h3(SourceFile:6)
10-31 06:29:49.032 20723 20731 E System  : 	at ji5$a.h3(SourceFile:15)
10-31 06:29:49.032 20723 20731 E System  : 	at p51.j(SourceFile:8)
10-31 06:29:49.032 20723 20731 E System  : 	at p51$a.a(SourceFile:3)
10-31 06:29:49.032 20723 20731 E System  : 	at org.chromium.mojo.system.impl.WatcherImpl.onHandleReady(SourceFile)
10-31 06:29:49.032 20723 20731 E System  : 	at android.os.MessageQueue.nativePollOnce(Native Method)
10-31 06:29:49.032 20723 20731 E System  : 	at android.os.MessageQueue.next(MessageQueue.java:323)
10-31 06:29:49.032 20723 20731 E System  : 	at android.os.Looper.loop(Looper.java:136)
10-31 06:29:49.032 20723 20731 E System  : 	at android.app.ActivityThread.main(ActivityThread.java:6119)
10-31 06:29:49.032 20723 20731 E System  : 	at java.lang.reflect.Method.invoke(Native Method)
10-31 06:29:49.032 20723 20731 E System  : 	at com.android.internal.os.ZygoteInit$MethodAndArgsCaller.run(ZygoteInit.java:886)
10-31 06:29:49.032 20723 20731 E System  : 	at com.android.internal.os.ZygoteInit.main(ZygoteInit.java:776)
10-31 06:29:49.188 21229 21229 D MonkeyStub: translateCommand: touch move 614 437
10-31 06:29:49.753 21229 21229 D MonkeyStub: translateCommand: touch move 614 312
10-31 06:29:49.767 21229 21229 D MonkeyStub: translateCommand: touch up 614 312
10-31 06:29:50.140   243 21391 D NvOsDebugPrintf: TVMR: NvMMLiteTVMRDecDoWork: 4083: NVMMLITE_TVMR: EOS detected
10-31 06:29:50.141   243 21395 D NvOsDebugPrintf: TVMR: TVMRBufferProcessing: 3520: Processing of EOS Done
