10-30 21:25:51.016 22933 22933 D MonkeyStub: translateCommand: touch move 614 1186
10-30 21:25:51.125 22933 22933 D MonkeyStub: translateCommand: touch move 614 1061
10-30 21:25:51.239 22933 22933 D MonkeyStub: translateCommand: touch move 614 937
10-30 21:25:51.350 22933 22933 D MonkeyStub: translateCommand: touch move 614 812
10-30 21:25:51.457 22933 22933 D MonkeyStub: translateCommand: touch move 614 687
10-30 21:25:51.580 22933 22933 D MonkeyStub: translateCommand: touch move 614 562
10-30 21:25:51.692 22933 22933 D MonkeyStub: translateCommand: touch move 614 437
10-30 21:25:51.801 22933 22933 D MonkeyStub: translateCommand: touch move 614 312
10-30 21:25:51.809 22933 22933 D MonkeyStub: translateCommand: touch up 614 312
10-30 21:25:53.510   600   616 E BatteryStatsService: no controller energy info supplied
10-30 21:25:53.512   796   796 E PhoneInterfaceManager: [PhoneIntfMgr] queryModemActivityInfo: Empty response
10-30 21:25:53.545   600   616 E BatteryStatsService: modem info is invalid: ModemActivityInfo{ mTimestamp=0 mSleepTimeMs=0 mIdleTimeMs=0 mTxTimeMs[]=[0, 0, 0, 0, 0] mRxTimeMs=0 mEnergyUsed=0}
10-30 21:25:54.899 22933 22933 D MonkeyStub: translateCommand: touch down 614 1561
10-30 21:25:54.911 22933 22933 D MonkeyStub: translateCommand: touch move 614 1561
10-30 21:25:55.022 22933 22933 D MonkeyStub: translateCommand: touch move 614 1436
10-30 21:25:55.132 22933 22933 D MonkeyStub: translateCommand: touch move 614 1311
10-30 21:25:55.263 22933 22933 D MonkeyStub: translateCommand: touch move 614 1186
10-30 21:25:55.371 22933 22933 D MonkeyStub: translateCommand: touch move 614 1061
10-30 21:25:55.475 22933 22933 D MonkeyStub: translateCommand: touch move 614 937
10-30 21:25:55.603 22933 22933 D MonkeyStub: translateCommand: touch move 614 812
10-30 21:25:55.714 22933 22933 D MonkeyStub: translateCommand: touch move 614 687
10-30 21:25:55.828 22933 22933 D MonkeyStub: translateCommand: touch move 614 562
10-30 21:25:55.938 22933 22933 D MonkeyStub: translateCommand: touch move 614 437
10-30 21:25:56.046 22933 22933 D MonkeyStub: translateCommand: touch move 614 312
10-30 21:25:56.053 22933 22933 D MonkeyStub: translateCommand: touch up 614 312
10-30 21:25:59.616   198   198 E SELinux : avc:  denied  { find } for service=netd pid=22983 uid=2000 scontext=u:r:shell:s0 tcontext=u:object_r:netd_service:s0 tclass=service_manager permissive=0
10-30 21:25:59.620   198   198 E SELinux : avc:  denied  { find } for service=android.service.gatekeeper.IGateKeeperService pid=22983 uid=2000 scontext=u:r:shell:s0 tcontext=u:object_r:gatekeeper_service:s0 tclass=service_manager permissive=0
10-30 21:26:01.238 22933 22933 D MonkeyStub: translateCommand: touch down 614 1561
10-30 21:26:01.254 22933 22933 D MonkeyStub: translateCommand: touch move 614 1561
10-30 21:26:01.366 22933 22933 D MonkeyStub: translateCommand: touch move 614 1436
10-30 21:26:01.483 22933 22933 D MonkeyStub: translateCommand: touch move 614 1311
10-30 21:26:01.591 22933 22933 D MonkeyStub: translateCommand: touch move 614 1186
10-30 21:26:01.698 22933 22933 D MonkeyStub: translateCommand: touch move 614 1061
10-30 21:26:01.835 22933 22933 D MonkeyStub: translateCommand: touch move 614 937
10-30 21:26:01.949 22933 22933 D MonkeyStub: translateCommand: touch move 614 812
10-30 21:26:02.063 22933 22933 D MonkeyStub: translateCommand: touch move 614 687
10-30 21:26:02.191 22933 22933 D MonkeyStub: translateCommand: touch move 614 562
10-30 21:26:02.308 22933 22933 D MonkeyStub: translateCommand: touch move 614 437
10-30 21:26:02.414 22933 22933 D MonkeyStub: translateCommand: touch move 614 312
10-30 21:26:02.428 22933 22933 D MonkeyStub: translateCommand: touch up 614 312
10-30 21:26:07.587 22933 22933 D MonkeyStub: Quit requested
10-30 21:26:07.636 22933 22933 I art     : System.exit called, status: 56
10-30 21:26:07.636 22933 22933 I AndroidRuntime: VM exiting with result code 56.
10-30 21:26:07.637   600   614 I CwMcuSensor: CwMcuSensor::flush: fd = 252, sensors_id = 0, path = /sys/class/htc_sensorhub/sensor_hub/flush, err = 0
10-30 21:26:07.669   600 13557 W WindowManager: Attempted to remove non-existing token: android.os.Binder@a6027
10-30 21:26:23.610 23002 23002 D AndroidRuntime: >>>>>> START com.android.internal.os.RuntimeInit uid 2000 <<<<<<
10-30 21:26:23.613 23002 23002 D AndroidRuntime: CheckJNI is OFF
10-30 21:26:23.680 23002 23002 D ICU     : No timezone override file found: /data/misc/zoneinfo/current/icu/icu_tzdata.dat
10-30 21:26:23.708 23002 23002 I Radio-JNI: register_android_hardware_Radio DONE
10-30 21:26:23.723 23002 23002 D AndroidRuntime: Calling main entry com.android.commands.am.Am
10-30 21:26:23.739   600  1081 I ActivityManager: Force stopping com.opera.browser appid=10122 user=0: from pid 23002
10-30 21:26:23.739   600  1081 I ActivityManager: Killing 22562:com.opera.browser:privileged_process0/u0a122 (adj 0): stop com.opera.browser
10-30 21:26:23.740   600  1081 D ActivityManager: cleanUpApplicationRecord -- 22562
10-30 21:26:23.740   600  1081 W ActivityManager: Scheduling restart of crashed service com.opera.browser/com.opera.android.browser.chromium.services.PrivilegedProcessService0 in 1000ms
10-30 21:26:23.740   600  1081 I ActivityManager: Killing 22424:com.opera.browser/u0a122 (adj 0): stop com.opera.browser
10-30 21:26:23.740   600  1081 D ActivityManager: cleanUpApplicationRecord -- 22424
10-30 21:26:23.741   600  1081 W ActivityManager: Force removing ActivityRecord{d7362a8 u0 com.opera.browser/com.opera.android.BrowserActivity t1880}: app died, no saved state
10-30 21:26:23.758 22845 22845 I art     : System.exit called, status: 0
10-30 21:26:23.758 22845 22845 I AndroidRuntime: VM exiting with result code 0, cleanup skipped.
10-30 21:26:23.769   600  1081 I ActivityManager: Killing 22845:com.opera.browser:sandboxed_process0/u0a122 (adj 0): stop com.opera.browser
10-30 21:26:23.769   600  1081 D ActivityManager: cleanUpApplicationRecord -- 22845
10-30 21:26:23.775 23002 23002 D AndroidRuntime: Shutting down VM
10-30 21:26:23.793  1084  1171 I OpenGLRenderer: Initialized EGL, version 1.4
10-30 21:26:23.793  1084  1171 D OpenGLRenderer: Swap behavior 2
10-30 21:26:23.816  1061  1061 D RegisteredNfcFServicesCache: Service unchanged, not updating
10-30 21:26:23.890 17571 17582 I AttachedClient: Adding client event 2 to pending list.
10-30 21:26:23.899 17571 17571 I OptInState: There is a new client and it does not support opt-in. Dropping request.
10-30 21:26:23.901 17571 17571 I MicroDetectionWorker: Micro detection mode: [mDetectionMode: [1]].
10-30 21:26:23.947 17571 23018 I MicroRecognitionRunner: Starting detection.
10-30 21:26:23.950 17571 17601 I MicrophoneInputStream: mic_starting com.google.android.apps.gsa.speech.audio.ae@44cdb4
10-30 21:26:23.952   238 23021 I AudioFlinger: AudioFlinger's thread 0xef692940 ready to run
10-30 21:26:23.960   238   285 I SoundTriggerHwService::Module: void android::SoundTriggerHwService::Module::onCallbackEvent(const sp<android::SoundTriggerHwService::CallbackEvent> &) mClient == 0
10-30 21:26:23.974 17571 17601 I MicrophoneInputStream: mic_started com.google.android.apps.gsa.speech.audio.ae@44cdb4
10-30 21:26:24.050   787   802 W SQLiteConnectionPool: A SQLiteConnection object for database '/data/user/0/com.google.android.gms/databases/metadata.db' was leaked!  Please fix your application to end transactions in progress properly and to close the database when it is no longer needed.
10-30 21:26:24.052   787  1259 W GmsStrictMode: LEAKED_CLOSABLE [CONTEXT service_id=256 ]
10-30 21:26:24.052   787  1259 W GmsStrictMode: rvo: LEAKED_CLOSABLE
10-30 21:26:24.052   787  1259 W GmsStrictMode: 	at dalvik.system.VMStack.getThreadStackTrace(Native Method)
10-30 21:26:24.052   787  1259 W GmsStrictMode: 	at java.lang.Thread.getStackTrace(Thread.java:1566)
10-30 21:26:24.052   787  1259 W GmsStrictMode: 	at bhdb.containsKey(:com.google.android.gms@203915020@20.39.15 (040406-335085812):1)
10-30 21:26:24.052   787  1259 W GmsStrictMode: 	at android.os.StrictMode.onVmPolicyViolation(StrictMode.java:1867)
10-30 21:26:24.052   787  1259 W GmsStrictMode: 	at android.os.StrictMode.onVmPolicyViolation(StrictMode.java:1844)
10-30 21:26:24.052   787  1259 W GmsStrictMode: 	at android.os.StrictMode$AndroidCloseGuardReporter.report(StrictMode.java:1590)
10-30 21:26:24.052   787  1259 W GmsStrictMode: 	at dalvik.system.CloseGuard.warnIfOpen(CloseGuard.java:208)
10-30 21:26:24.052   787  1259 W GmsStrictMode: 	at android.database.sqlite.SQLiteConnection.dispose(SQLiteConnection.java:231)
10-30 21:26:24.052   787  1259 W GmsStrictMode: 	at android.database.sqlite.SQLiteConnection.finalize(SQLiteConnection.java:180)
10-30 21:26:24.052   787  1259 W GmsStrictMode: 	at java.lang.Daemons$FinalizerDaemon.doFinalize(Daemons.java:222)
10-30 21:26:24.052   787  1259 W GmsStrictMode: 	at java.lang.Daemons$FinalizerDaemon.run(Daemons.java:209)
10-30 21:26:24.052   787  1259 W GmsStrictMode: 	at java.lang.Thread.run(Thread.java:761)
10-30 21:26:24.053   787   804 I art     : Background partial concurrent mark sweep GC freed 85275(5MB) AllocSpace objects, 3(60KB) LOS objects, 40% free, 11MB/19MB, paused 591us total 152.254ms
10-30 21:26:24.116   600   610 D ConnectivityService: ConnectivityService NetworkRequestInfo binderDied(NetworkRequest [ LISTEN id=1221, [ Capabilities: INTERNET&NOT_RESTRICTED&TRUSTED&FOREGROUND] ], android.os.BinderProxy@fd77e2a)
10-30 21:26:24.116   600   610 D GraphicsStats: Buffer count: 2
10-30 21:26:24.118   600   649 E ConnectivityService: RemoteException caught trying to send a callback msg for NetworkRequest [ LISTEN id=1221, [ Capabilities: INTERNET&NOT_RESTRICTED&TRUSTED&FOREGROUND] ]
10-30 21:26:24.118   600 27731 D ConnectivityService: ConnectivityService NetworkRequestInfo binderDied(NetworkRequest [ LISTEN id=1220, [ Capabilities: INTERNET&NOT_RESTRICTED&TRUSTED&FOREGROUND] ], android.os.BinderProxy@5adb41b)
10-30 21:26:24.119   600   649 E ConnectivityService: RemoteException caught trying to send a callback msg for NetworkRequest [ LISTEN id=1220, [ Capabilities: INTERNET&NOT_RESTRICTED&TRUSTED&FOREGROUND] ]
10-30 21:26:24.153 17571 17571 I MicroDetectionWorker: onReady
10-30 21:26:24.322  1084  1171 W OpenGLRenderer: Incorrectly called buildLayer on View: ShortcutAndWidgetContainer, destroying layer...
10-30 21:26:24.378 23016 23016 D AndroidRuntime: >>>>>> START com.android.internal.os.RuntimeInit uid 2000 <<<<<<
10-30 21:26:24.383 23016 23016 D AndroidRuntime: CheckJNI is OFF
10-30 21:26:24.448 23016 23016 D ICU     : No timezone override file found: /data/misc/zoneinfo/current/icu/icu_tzdata.dat
10-30 21:26:24.476 23016 23016 I Radio-JNI: register_android_hardware_Radio DONE
10-30 21:26:24.490 23016 23016 D AndroidRuntime: Calling main entry com.android.commands.pm.Pm
10-30 21:26:24.504   600  3675 I ActivityManager: Force stopping com.opera.browser appid=10122 user=0: clear data
10-30 21:26:24.504   600   613 I ActivityManager: Force stopping com.opera.browser appid=10122 user=-1: clearApplicationUserData
10-30 21:26:24.545   787   787 I GeofencerStateMachine: removeGeofences: removeRequest=RemoveGeofencingRequest[REMOVE_ALL packageName=com.opera.browser]
10-30 21:26:24.546 23016 23016 I art     : System.exit called, status: 0
10-30 21:26:24.546 23016 23016 I AndroidRuntime: VM exiting with result code 0.
10-30 21:26:24.551  1061  1061 D RegisteredNfcFServicesCache: Service unchanged, not updating
10-30 21:26:24.556   600   612 W ResourceType: No known package when getting value for resource number 0x7f100007
10-30 21:26:24.557   600   612 W ResourceType: No known package when getting value for resource number 0x7f13090c
10-30 21:26:24.557   600   612 W ResourceType: No known package when getting value for resource number 0x7f100005
10-30 21:26:24.557   600   612 W ResourceType: No known package when getting value for resource number 0x7f13090a
10-30 21:26:24.557   600   612 W ResourceType: No known package when getting value for resource number 0x7f100004
10-30 21:26:24.557   600   612 W ResourceType: No known package when getting value for resource number 0x7f130909
10-30 21:26:24.557   600   612 W ResourceType: No known package when getting value for resource number 0x7f100006
10-30 21:26:24.557   600   612 W ResourceType: No known package when getting value for resource number 0x7f13090b
10-30 21:26:24.584   787 23037 I Fitness : FitCleanupIntentOperation received Intent android.intent.action.PACKAGE_DATA_CLEARED [CONTEXT service_id=17 ]
10-30 21:26:24.604 29332 29935 I Icing   : doRemovePackageData com.opera.browser
