10-31 15:19:28.139   600 10249 I ActivityManager: Start proc 16946:com.android.chrome:sandboxed_process21/u0i389 for service com.android.chrome/org.chromium.content.app.SandboxedProcessService21
10-31 15:19:28.178 16806 16874 I cr_LibraryLoader: Loaded native library version number "85.0.4183.127"
10-31 15:19:28.178 16806 16874 I cr_CachingUmaRecorder: Flushed 1 samples from 1 histograms.
10-31 15:19:28.194 16450 16450 W FeedModelProvider: sessionId is null, this should have been set during population
10-31 15:19:28.195 16450 16450 I cr_tabmodel: Appending tabs being restored to metadata lists, 0, startingNormalCount: 2, startingIncognitoCount: 0
10-31 15:19:28.195 16450 16450 I cr_tabmodel: Serializing tab lists; counts: 2, 0
10-31 15:19:28.198 16841 16872 I cr_LibraryLoader: Loaded native library version number "85.0.4183.127"
10-31 15:19:28.204 16897 16897 W boxed_process17: type=1400 audit(0.0:14348): avc: denied { getattr } for path="/data/data/com.android.chrome" dev="dm-2" ino=12190 scontext=u:r:isolated_app:s0:c512,c768 tcontext=u:object_r:app_data_file:s0:c512,c768 tclass=dir permissive=0
10-31 15:19:28.205 16841 16872 I cr_CachingUmaRecorder: Flushed 1 samples from 1 histograms.
10-31 15:19:28.290 16450 16460 I art     : Background partial concurrent mark sweep GC freed 51030(2MB) AllocSpace objects, 24(1832KB) LOS objects, 40% free, 12MB/20MB, paused 2.017ms total 307.880ms
10-31 15:19:28.319 16450 16450 I FeedRequestManagerImpl: Request: /httpservice/noretry/DiscoverClankService/FeedQuery completed with response code: 200
10-31 15:19:28.319 16450 16450 I TaskQueue:  - task [IMMEDIATE - d: true, b: 2]: 15
10-31 15:19:28.319 16450 16450 I TaskQueue:  - queueTask starting immediate task
10-31 15:19:28.320 16912 16912 W boxed_process18: type=1400 audit(0.0:14349): avc: denied { getattr } for path="/data/data/com.android.chrome" dev="dm-2" ino=12190 scontext=u:r:isolated_app:s0:c512,c768 tcontext=u:object_r:app_data_file:s0:c512,c768 tclass=dir permissive=0
10-31 15:19:28.320 16450 16501 I TaskQueue: Execute task [IMMEDIATE - d: true, b: 2]: 15
10-31 15:19:28.324 16918 16918 W boxed_process19: type=1400 audit(0.0:14350): avc: denied { getattr } for path="/data/data/com.android.chrome" dev="dm-2" ino=12190 scontext=u:r:isolated_app:s0:c512,c768 tcontext=u:object_r:app_data_file:s0:c512,c768 tclass=dir permissive=0
10-31 15:19:28.350 16925 16925 W boxed_process20: type=1400 audit(0.0:14351): avc: denied { getattr } for path="/data/data/com.android.chrome" dev="dm-2" ino=12190 scontext=u:r:isolated_app:s0:c512,c768 tcontext=u:object_r:app_data_file:s0:c512,c768 tclass=dir permissive=0
10-31 15:19:28.366 16885 16885 I cr_ChildProcessService: Creating new ChildProcessService pid=16885
10-31 15:19:28.373 16806 16874 I chromium: [INFO:child_process_service.cc(69)] ChildProcessService: Exiting child process.
10-31 15:19:28.377   197   197 E lowmemorykiller: Error writing /proc/16806/oom_score_adj; errno=22
10-31 15:19:28.384 16897 16897 I cr_ChildProcessService: Creating new ChildProcessService pid=16897
10-31 15:19:28.397   600  9614 I ActivityManager: Process com.android.chrome:sandboxed_process13 (pid 16806) has died
10-31 15:19:28.397   600  9614 D ActivityManager: cleanUpApplicationRecord -- 16806
10-31 15:19:28.397   600  9614 I ActivityManager: Killing 16841:com.android.chrome:sandboxed_process15/u0a35i383 (adj 0): isolated not needed
10-31 15:19:28.435 16450 16450 W chromium: [WARNING:compositor_view.cc(315)] Child process died (type=6) pid=16806)
10-31 15:19:28.447 16946 16946 W boxed_process21: type=1400 audit(0.0:14352): avc: denied { getattr } for path="/data/data/com.android.chrome" dev="dm-2" ino=12190 scontext=u:r:isolated_app:s0:c512,c768 tcontext=u:object_r:app_data_file:s0:c512,c768 tclass=dir permissive=0
10-31 15:19:28.494 16912 16912 I cr_ChildProcessService: Creating new ChildProcessService pid=16912
10-31 15:19:28.506 16450 16501 I MainThreadRunner: Running task [FeedRequestManagerImpl consumer] on the Main Thread
10-31 15:19:28.506 16450 16450 I FeedProtocolAdapter: createModel, operations 33
10-31 15:19:28.511 16450 16450 I TimingUtils: Task Timing   4ms, thread ui | task : convertWireProtocol | mutations : 33
10-31 15:19:28.512 16450 16450 I TaskQueue:  - task [HEAD_RESET - d: true, b: 2]: 5
10-31 15:19:28.512 16450 16501 I TaskQueue:  - Finished 15, time 193 ms
10-31 15:19:28.512 16450 16501 I TaskQueue: Execute task [HEAD_RESET - d: true, b: 2]: 5
10-31 15:19:28.523 16918 16918 I cr_ChildProcessService: Creating new ChildProcessService pid=16918
10-31 15:19:28.543 16450 16501 I TaskQueue:  - task [BACKGROUND - d: true, b: 2]: 23
10-31 15:19:28.543 16450 16501 W SessionCache: Persisted Sessions were not found
10-31 15:19:28.544 16925 16925 I cr_ChildProcessService: Creating new ChildProcessService pid=16925
10-31 15:19:28.557 16450 16501 I PersistentFeedStore: commitSessionMutation - Success true, Update Session $HEAD, stream structures 32
10-31 15:19:28.574 16450 16501 I MainThreadRunner: Running task [SchedulerApiWrapper onReceiveNewContent] on the Main Thread
10-31 15:19:28.585 16450 16501 I MainThreadRunner: Running task [FeedKnownContentImpl onNewContentReceived] on the Main Thread
10-31 15:19:28.596  9432  9474 W Icing   : No valid account for uploading user actions
10-31 15:19:28.597 16450 16501 I SessionManagerMutation: Cleared Head, new creation time 10-31 15:19:28.543
10-31 15:19:28.597 16450 16501 I TimingUtils: Task Timing  84ms, thread background-1 | task : sessionMutation.commitTask:updateConsumer | mutations : 33 | userInitiated : false
10-31 15:19:28.597 16450 16501 I TaskQueue: Cancelling starvation checks
10-31 15:19:28.597 16450 16501 I TaskQueue:  - Finished 5, time 84 ms
10-31 15:19:28.597 16450 16501 I TaskQueue: Execute task [USER_FACING - d: false, b: 2]: 24
10-31 15:19:28.611 16450 16501 I TimeoutSessionImpl: TimeoutSession.populateModelProvider, shouldAppend false
10-31 15:19:28.611 16450 16501 I SessionImpl: PopulateModelProvider 32 items
10-31 15:19:28.611 16450 16501 I FeedModelProvider: FeedModelProvider - committer, structure changes 31, update changes 0
10-31 15:19:28.612 16450 16501 I FeedModelProvider: SyntheticTokenTracker: 0, 11, 11, false
10-31 15:19:28.612 16450 16501 I FeedSessionManagerImpl: Caching getStreamFeatures - items 31, cache misses 0, cache size 31
10-31 15:19:28.612 16450 16501 I FeedModelProvider: Moving _session:7b4666b9-83bb-49b3-a18e-75f7cb5e1051 to READY
10-31 15:19:28.617 16946 16946 I cr_ChildProcessService: Creating new ChildProcessService pid=16946
10-31 15:19:28.631 16773 16884 W dex2oat : Compilation of java.lang.String androidx.core.graphics.drawable.IconCompat.toString() took 175.394ms
10-31 15:19:28.638 16450 16501 I MainThreadRunner: Running task [FeedModelProvider onSessionStart] on the Main Thread
10-31 15:19:28.638 16450 16501 I FeedModelProvider: ModelProvider Mutation committed - structure changes 31, childrenToBind 31, removedChildren false, Token false
10-31 15:19:28.639 16450 16450 I FeedModelProvider: No children found for Cursor
10-31 15:19:28.654 16450 16501 I FeedSessionManagerImpl: Populate new session: _session:7b4666b9-83bb-49b3-a18e-75f7cb5e1051, creation time 10-31 15:19:28.611
10-31 15:19:28.654 16450 16501 I TimingUtils: Task Timing  56ms, thread background-2 | task : Create/Populate New Session
10-31 15:19:28.654 16450 16501 I TaskQueue:  - Finished 24, time 57 ms
10-31 15:19:28.654 16450 16501 I TaskQueue: Execute task [BACKGROUND - d: false, b: 1]: 11
10-31 15:19:28.654 16450 16501 I ContentGc: Re-enqueuing triggerContentGc; attempts(0)
10-31 15:19:28.655 16450 16501 I TaskQueue:  - task [BACKGROUND - d: false, b: 1]: 11
10-31 15:19:28.655 16450 16501 I TaskQueue:  - Finished 11, time 0 ms
10-31 15:19:28.655 16450 16501 I TaskQueue: Execute task [BACKGROUND - d: false, b: 1]: 23
10-31 15:19:28.659 16885 16972 I cr_LibraryLoader: Loaded native library version number "85.0.4183.127"
10-31 15:19:28.674 16897 16973 I cr_LibraryLoader: Loaded native library version number "85.0.4183.127"
10-31 15:19:28.675 16897 16973 I cr_CachingUmaRecorder: Flushed 1 samples from 1 histograms.
10-31 15:19:28.679 16885 16972 I cr_CachingUmaRecorder: Flushed 1 samples from 1 histograms.
10-31 15:19:28.694   600   609 I art     : Background partial concurrent mark sweep GC freed 53633(2MB) AllocSpace objects, 35(904KB) LOS objects, 33% free, 18MB/27MB, paused 1.234ms total 653.278ms
10-31 15:19:28.703 16773 16773 I dex2oat : dex2oat took 1.505s (threads: 2) arena alloc=771KB (790272B) java alloc=96KB (99200B) native alloc=559KB (573432B) free=1488KB (1523720B)
10-31 15:19:28.752 16946 16979 I cr_LibraryLoader: Loaded native library version number "85.0.4183.127"
10-31 15:19:28.752 16946 16979 I cr_CachingUmaRecorder: Flushed 1 samples from 1 histograms.
10-31 15:19:28.774 16918 16976 I cr_LibraryLoader: Loaded native library version number "85.0.4183.127"
10-31 15:19:28.775 16918 16976 I cr_CachingUmaRecorder: Flushed 1 samples from 1 histograms.
10-31 15:19:28.798 16912 16975 I cr_LibraryLoader: Loaded native library version number "85.0.4183.127"
10-31 15:19:28.798 16912 16975 I cr_CachingUmaRecorder: Flushed 1 samples from 1 histograms.
10-31 15:19:28.808 16897 16973 I chromium: [INFO:child_process_service.cc(69)] ChildProcessService: Exiting child process.
10-31 15:19:28.810   197   197 E lowmemorykiller: Error writing /proc/16897/oom_score_adj; errno=22
10-31 15:19:28.828 16450 16511 W chromium: [WARNING:spdy_session.cc(3090)] Received RST for invalid stream1
10-31 15:19:28.878 16912 16912 I cr_ChildProcessService: Destroying ChildProcessService pid=16912
10-31 15:19:28.878 16885 16885 I cr_ChildProcessService: Destroying ChildProcessService pid=16885
10-31 15:19:28.879 16885 16972 I chromium: [INFO:child_process_service.cc(69)] ChildProcessService: Exiting child process.
10-31 15:19:28.882 16912 16975 I chromium: [INFO:child_process_service.cc(69)] ChildProcessService: Exiting child process.
10-31 15:19:28.887 16918 16918 I cr_ChildProcessService: Destroying ChildProcessService pid=16918
10-31 15:19:28.888 16918 16976 I chromium: [INFO:child_process_service.cc(69)] ChildProcessService: Exiting child process.
10-31 15:19:28.900 16925 16977 I cr_LibraryLoader: Loaded native library version number "85.0.4183.127"
10-31 15:19:28.900 16925 16977 I cr_CachingUmaRecorder: Flushed 1 samples from 1 histograms.
10-31 15:19:28.912 16450 16501 I TimingUtils: Task Timing 256ms, thread background-3 | task : commitContentMutation | mutations : 32
10-31 15:19:28.912 16450 16501 I TimingUtils: Task Timing   0ms, thread background-4 | task : commitSemanticPropertiesMutation | mutations : 0
10-31 15:19:28.912 16450 16501 I TaskQueue:  - Finished 23, time 256 ms
10-31 15:19:28.912 16450 16501 I TaskQueue: Execute task [BACKGROUND - d: false, b: 0]: 11
10-31 15:19:28.914 16450 16501 I SessionCache: Determining accessible content
10-31 15:19:28.916 16450 16501 I TimingUtils: Task Timing   3ms, thread background-5 | task : ContentGc | contentItemsRemoved : 0
10-31 15:19:28.916 16450 16501 I TaskQueue:  - Finished 11, time 3 ms
10-31 15:19:29.028 16925 16925 I cr_ChildProcessService: Destroying ChildProcessService pid=16925
10-31 15:19:29.035 16925 16977 I chromium: [INFO:child_process_service.cc(69)] ChildProcessService: Exiting child process.
10-31 15:19:29.051   600   707 D ActivityManager: cleanUpApplicationRecord -- 16649
10-31 15:19:29.051   600   707 I ActivityManager: Killing 16925:com.android.chrome:sandboxed_process20/u0a35i388 (adj 0): isolated not needed
10-31 15:19:29.051   600   707 I ActivityManager: Killing 16918:com.android.chrome:sandboxed_process19/u0a35i387 (adj 0): isolated not needed
10-31 15:19:29.051   600   707 I ActivityManager: Killing 16912:com.android.chrome:sandboxed_process18/u0a35i386 (adj 0): isolated not needed
10-31 15:19:29.051   600   707 I ActivityManager: Killing 16885:com.android.chrome:sandboxed_process16/u0a35i384 (adj 0): isolated not needed
10-31 15:19:29.052   600   707 I ActivityManager: Killing 16897:com.android.chrome:sandboxed_process17/u0a35i385 (adj 0): isolated not needed
10-31 15:19:29.073   600  3675 D ActivityManager: cleanUpApplicationRecord -- 16897
10-31 15:19:29.082 16450 16695 I PlayCore: UID: [10035]  PID: [16450] SplitInstallService : Failed to bind to the service.
10-31 15:19:29.091 16450 16450 W chromium: [WARNING:compositor_view.cc(315)] Child process died (type=6) pid=16649)
10-31 15:19:29.092 16450 16450 W chromium: [WARNING:compositor_view.cc(315)] Child process died (type=6) pid=16897)
10-31 15:19:29.101   600 13557 D ActivityManager: cleanUpApplicationRecord -- 16661
10-31 15:19:29.127   600  3967 D ActivityManager: cleanUpApplicationRecord -- 16616
10-31 15:19:29.133   600 24515 D ActivityManager: cleanUpApplicationRecord -- 16841
10-31 15:19:29.133   600 17381 D ActivityManager: cleanUpApplicationRecord -- 16628
10-31 15:19:29.156 16450 16450 W chromium: [WARNING:compositor_view.cc(315)] Child process died (type=6) pid=16628)
10-31 15:19:29.156 16450 16450 W chromium: [WARNING:compositor_view.cc(315)] Child process died (type=6) pid=16616)
10-31 15:19:29.170   600  1079 D ActivityManager: cleanUpApplicationRecord -- 16912
10-31 15:19:29.184   600  9614 D ActivityManager: cleanUpApplicationRecord -- 16885
10-31 15:19:29.187 16450 16450 W chromium: [WARNING:compositor_view.cc(315)] Child process died (type=6) pid=16912)
10-31 15:19:29.207   600   713 D ActivityManager: cleanUpApplicationRecord -- 16621
10-31 15:19:29.212 16450 16450 W chromium: [WARNING:compositor_view.cc(315)] Child process died (type=6) pid=16661)
10-31 15:19:29.223 16450 16450 W chromium: [WARNING:compositor_view.cc(315)] Child process died (type=6) pid=16621)
10-31 15:19:29.237 16450 16450 W chromium: [WARNING:compositor_view.cc(315)] Child process died (type=6) pid=16885)
10-31 15:19:29.238   600  1079 D ActivityManager: cleanUpApplicationRecord -- 16918
10-31 15:19:29.240  9432  9468 I Icing   : IndexChimeraService.getServiceInterface callingPackage=com.google.android.gms componentName=null serviceId=30
10-31 15:19:29.250 16450 16450 W chromium: [WARNING:compositor_view.cc(315)] Child process died (type=6) pid=16918)
10-31 15:19:29.263 16450 16450 W chromium: [WARNING:compositor_view.cc(315)] Child process died (type=6) pid=16841)
10-31 15:19:29.566   600 27731 D ActivityManager: cleanUpApplicationRecord -- 16925
10-31 15:19:29.575 16450 16450 W chromium: [WARNING:compositor_view.cc(315)] Child process died (type=6) pid=16925)
10-31 15:19:29.685  9432  9474 E native  : document-store.cc:1328 Failed to update per-doc-data with usage report
10-31 15:19:29.903  9432  9474 I Icing   : Usage reports ok 2, Failed Usage reports 1, indexed 0, rejected 0
10-31 15:19:29.907  9432  9474 W Icing   : No valid account for uploading user actions
10-31 15:19:29.918  9432  9474 I Icing   : Usage reports ok 0, Failed Usage reports 0, indexed 0, rejected 0
10-31 15:19:29.919  9432  9474 I Icing   : Removing corpus key com.android.chrome-omnibox for package com.android.chrome
10-31 15:19:29.993  9432  9474 I native  : document-store.cc:1654 Scored 2399 usage reports, missing_corpora 1299 update_failed 1
10-31 15:19:30.089  9432  9474 W Icing   : No valid account for uploading user actions
10-31 15:19:30.101  9432  9474 I Icing   : Usage reports ok 0, Failed Usage reports 0, indexed 0, rejected 0
10-31 15:19:30.101  9432  9474 I Icing   : Indexing com.android.chrome-omnibox from com.android.chrome
10-31 15:19:30.223  9432  9474 I Icing   : Indexing done com.android.chrome-omnibox
10-31 15:19:30.962 16450 16504 I cr_omaha: Request to Server Successful. Timestamp for next request:1667229570961
10-31 15:19:31.002 16450 16504 I cr_omaha: Request to Server Successful. Timestamp for next request:1667229571002
10-31 15:19:31.004 16450 16504 I cr_omaha: Attempting to schedule next job for: Mon Oct 31 20:19:30 GMT+01:00 2022
10-31 15:19:31.006 16450 16450 I cr_omaha: Scheduled using JobService
10-31 15:19:31.009 16450 16450 E cr_BkgrdTaskJS: Tried finishing non-current BackgroundTask.
10-31 15:19:31.628 16450 16450 E cr_BTSPrefs: No data found for task id: 53
10-31 15:19:31.629 16450 16450 E cr_BkgrdTaskScheduler: Task cannot be canceled because no data was found instorage or data was invalid
10-31 15:19:31.848   787 28588 W Icing   : isOptedInForAppHistory: empty Account Name encountered
10-31 15:19:31.870   787 28588 W Icing   : isOptedInForAppHistory: empty Account Name encountered
10-31 15:19:31.903   787 16186 W Icing   : isOptedInForAppHistory: empty Account Name encountered
10-31 15:19:33.212 16450 16450 I cr_tabmodel: Appending tabs being restored to metadata lists, 0, startingNormalCount: 2, startingIncognitoCount: 0
10-31 15:19:33.212 16450 16450 I cr_tabmodel: Serializing tab lists; counts: 2, 0
10-31 15:19:33.612 16450 16450 I cr_tabmodel: Appending tabs being restored to metadata lists, 0, startingNormalCount: 2, startingIncognitoCount: 0
10-31 15:19:33.612 16450 16450 I cr_tabmodel: Serializing tab lists; counts: 2, 0
10-31 15:19:33.628 16450 16450 I cr_tabmodel: Appending tabs being restored to metadata lists, 0, startingNormalCount: 2, startingIncognitoCount: 0
10-31 15:19:33.628 16450 16450 I cr_tabmodel: Serializing tab lists; counts: 2, 0
10-31 15:19:34.571 16450 16507 W InstanceID: Instance ID SDK is deprecated, com.android.chrome should update to use Firebase Instance ID
10-31 15:19:35.986 16450 16450 E cr_BTSPrefs: No data found for task id: 57
10-31 15:19:35.986 16450 16450 E cr_BkgrdTaskScheduler: Task cannot be canceled because no data was found instorage or data was invalid
10-31 15:19:35.986 16450 16450 E cr_BTSPrefs: No data found for task id: 56
10-31 15:19:35.986 16450 16450 E cr_BkgrdTaskScheduler: Task cannot be canceled because no data was found instorage or data was invalid
10-31 15:19:41.198 17038 17038 D AndroidRuntime: >>>>>> START com.android.internal.os.RuntimeInit uid 2000 <<<<<<
10-31 15:19:41.203 17038 17038 D AndroidRuntime: CheckJNI is OFF
10-31 15:19:41.269 17038 17038 D ICU     : No timezone override file found: /data/misc/zoneinfo/current/icu/icu_tzdata.dat
10-31 15:19:41.301 17038 17038 I Radio-JNI: register_android_hardware_Radio DONE
10-31 15:19:41.316 17038 17038 D AndroidRuntime: Calling main entry com.android.commands.monkey.Monkey
10-31 15:19:41.385   600   613 W BroadcastQueue: Skipping deliver [background] BroadcastRecord{d1d4827 u-1 android.net.conn.CONNECTIVITY_CHANGE} to ReceiverList{69dcad4 17038 (unknown name)/2000/u-1 remote:9767541}: process crashing
10-31 15:19:42.980 17038 17038 D MonkeyStub: translateCommand: wake
10-31 15:19:43.123 17038 17038 D MonkeyStub: translateCommand: tap 1051 1856
10-31 15:19:46.911 16450 16450 I cr_tabmodel: Appending tabs being restored to metadata lists, 0, startingNormalCount: 2, startingIncognitoCount: 0
10-31 15:19:46.911 16450 16450 I cr_tabmodel: Serializing tab lists; counts: 2, 0
10-31 15:19:47.050 16450 16450 I cr_tabmodel: Appending tabs being restored to metadata lists, 0, startingNormalCount: 2, startingIncognitoCount: 0
10-31 15:19:47.050 16450 16450 I cr_tabmodel: Serializing tab lists; counts: 2, 0
10-31 15:19:48.365 16450 16450 I cr_tabmodel: Appending tabs being restored to metadata lists, 0, startingNormalCount: 2, startingIncognitoCount: 0
10-31 15:19:48.365 16450 16450 I cr_tabmodel: Serializing tab lists; counts: 2, 0
10-31 15:19:48.700 16450 16450 I cr_tabmodel: Appending tabs being restored to metadata lists, 0, startingNormalCount: 2, startingIncognitoCount: 0
10-31 15:19:48.700 16450 16450 I cr_tabmodel: Serializing tab lists; counts: 2, 0
10-31 15:19:53.370 17038 17038 D MonkeyStub: translateCommand: touch down 614 1561
10-31 15:19:53.381 17038 17038 D MonkeyStub: translateCommand: touch move 614 1561
10-31 15:19:53.504 17038 17038 D MonkeyStub: translateCommand: touch move 614 1436
10-31 15:19:53.653 17038 17038 D MonkeyStub: translateCommand: touch move 614 1311
10-31 15:19:53.768 17038 17038 D MonkeyStub: translateCommand: touch move 614 1186
10-31 15:19:53.872 17038 17038 D MonkeyStub: translateCommand: touch move 614 1061
10-31 15:19:53.982 17038 17038 D MonkeyStub: translateCommand: touch move 614 937
10-31 15:19:54.096 17038 17038 D MonkeyStub: translateCommand: touch move 614 812
10-31 15:19:54.207 17038 17038 D MonkeyStub: translateCommand: touch move 614 687
10-31 15:19:54.318 17038 17038 D MonkeyStub: translateCommand: touch move 614 562
10-31 15:19:54.426 17038 17038 D MonkeyStub: translateCommand: touch move 614 437
10-31 15:19:54.538 17038 17038 D MonkeyStub: translateCommand: touch move 614 312
10-31 15:19:54.549 17038 17038 D MonkeyStub: translateCommand: touch up 614 312
10-31 15:19:54.593 17038 17038 D MonkeyStub: translateCommand: touch down 614 1561
10-31 15:19:54.603 17038 17038 D MonkeyStub: translateCommand: touch move 614 1561
10-31 15:19:54.716 17038 17038 D MonkeyStub: translateCommand: touch move 614 1436
10-31 15:19:54.822 17038 17038 D MonkeyStub: translateCommand: touch move 614 1311
10-31 15:19:54.954 17038 17038 D MonkeyStub: translateCommand: touch move 614 1186
10-31 15:19:55.064 17038 17038 D MonkeyStub: translateCommand: touch move 614 1061
10-31 15:19:55.175 17038 17038 D MonkeyStub: translateCommand: touch move 614 937
10-31 15:19:55.276   600   647 I WifiHAL : Got channel list with 13 channels
10-31 15:19:55.276   600   647 I WifiHAL : Got channel list with 4 channels
10-31 15:19:55.277   600   647 I WifiHAL : Got channel list with 15 channels
10-31 15:19:55.305 17038 17038 D MonkeyStub: translateCommand: touch move 614 812
10-31 15:19:55.468 17038 17038 D MonkeyStub: translateCommand: touch move 614 687
10-31 15:19:55.575 17038 17038 D MonkeyStub: translateCommand: touch move 614 562
10-31 15:19:55.680 17038 17038 D MonkeyStub: translateCommand: touch move 614 437
10-31 15:19:55.793 17038 17038 D MonkeyStub: translateCommand: touch move 614 312
10-31 15:19:55.796 17038 17038 D MonkeyStub: translateCommand: touch up 614 312
10-31 15:19:58.079 17038 17038 D MonkeyStub: translateCommand: touch down 614 1561
10-31 15:19:58.092 17038 17038 D MonkeyStub: translateCommand: touch move 614 1561
10-31 15:19:58.200 17038 17038 D MonkeyStub: translateCommand: touch move 614 1436
10-31 15:19:58.310 17038 17038 D MonkeyStub: translateCommand: touch move 614 1311
10-31 15:19:58.420 17038 17038 D MonkeyStub: translateCommand: touch move 614 1186
10-31 15:19:58.530 17038 17038 D MonkeyStub: translateCommand: touch move 614 1061
10-31 15:19:58.643 17038 17038 D MonkeyStub: translateCommand: touch move 614 937
10-31 15:19:58.756 17038 17038 D MonkeyStub: translateCommand: touch move 614 812
10-31 15:19:58.892 17038 17038 D MonkeyStub: translateCommand: touch move 614 687
10-31 15:19:58.997 17038 17038 D MonkeyStub: translateCommand: touch move 614 562
10-31 15:19:59.102 17038 17038 D MonkeyStub: translateCommand: touch move 614 437
10-31 15:19:59.127  9432  9468 I Icing   : IndexChimeraService.getServiceInterface callingPackage=com.android.chrome componentName=null serviceId=36
10-31 15:19:59.159  9432 11672 W Icing   : No valid account for uploading user actions
10-31 15:19:59.181  9432  9483 I Icing   : IndexChimeraService.getServiceInterface callingPackage=com.google.android.gms componentName=null serviceId=30
10-31 15:19:59.212 17038 17038 D MonkeyStub: translateCommand: touch move 614 312
10-31 15:19:59.219 17038 17038 D MonkeyStub: translateCommand: touch up 614 312
10-31 15:19:59.238  9432 11672 I Icing   : Usage reports ok 1, Failed Usage reports 0, indexed 1, rejected 0
10-31 15:19:59.247  9432 11672 W Icing   : No valid account for uploading user actions
10-31 15:19:59.256 17038 17038 D MonkeyStub: translateCommand: touch down 614 1561
10-31 15:19:59.261  9432 11672 I Icing   : Usage reports ok 0, Failed Usage reports 0, indexed 0, rejected 0
10-31 15:19:59.262 17038 17038 D MonkeyStub: translateCommand: touch move 614 1561
10-31 15:19:59.268  9432 11672 I Icing   : Indexing com.android.chrome-omnibox from com.android.chrome
10-31 15:19:59.276  9432 11672 I Icing   : Indexing done com.android.chrome-omnibox
10-31 15:19:59.373 17038 17038 D MonkeyStub: translateCommand: touch move 614 1436
10-31 15:19:59.478 17038 17038 D MonkeyStub: translateCommand: touch move 614 1311
10-31 15:19:59.588 17038 17038 D MonkeyStub: translateCommand: touch move 614 1186
10-31 15:19:59.699 17038 17038 D MonkeyStub: translateCommand: touch move 614 1061
10-31 15:19:59.810 17038 17038 D MonkeyStub: translateCommand: touch move 614 937
10-31 15:19:59.916 17038 17038 D MonkeyStub: translateCommand: touch move 614 812
10-31 15:20:00.020 17038 17038 D MonkeyStub: translateCommand: touch move 614 687
10-31 15:20:00.126 17038 17038 D MonkeyStub: translateCommand: touch move 614 562
10-31 15:20:00.238 17038 17038 D MonkeyStub: translateCommand: touch move 614 437
10-31 15:20:00.347 17038 17038 D MonkeyStub: translateCommand: touch move 614 312
10-31 15:20:00.354 17038 17038 D MonkeyStub: translateCommand: touch up 614 312
10-31 15:20:00.380 17038 17038 D MonkeyStub: translateCommand: touch down 614 1561
10-31 15:20:00.391 17038 17038 D MonkeyStub: translateCommand: touch move 614 1561
10-31 15:20:00.499 17038 17038 D MonkeyStub: translateCommand: touch move 614 1436
10-31 15:20:00.568 16450 16450 I cr_tabmodel: Appending tabs being restored to metadata lists, 0, startingNormalCount: 2, startingIncognitoCount: 0
10-31 15:20:00.568 16450 16450 I cr_tabmodel: Serializing tab lists; counts: 2, 0
10-31 15:20:00.607 17038 17038 D MonkeyStub: translateCommand: touch move 614 1311
10-31 15:20:00.710 17038 17038 D MonkeyStub: translateCommand: touch move 614 1186
10-31 15:20:00.816 17038 17038 D MonkeyStub: translateCommand: touch move 614 1061
10-31 15:20:00.935 17038 17038 D MonkeyStub: translateCommand: touch move 614 937
10-31 15:20:01.045 17038 17038 D MonkeyStub: translateCommand: touch move 614 812
10-31 15:20:01.154 17038 17038 D MonkeyStub: translateCommand: touch move 614 687
10-31 15:20:01.259 17038 17038 D MonkeyStub: translateCommand: touch move 614 562
10-31 15:20:01.368 17038 17038 D MonkeyStub: translateCommand: touch move 614 437
10-31 15:20:01.397 16450 16450 I cr_tabmodel: Appending tabs being restored to metadata lists, 0, startingNormalCount: 2, startingIncognitoCount: 0
10-31 15:20:01.397 16450 16450 I cr_tabmodel: Serializing tab lists; counts: 2, 0
10-31 15:20:01.472 17038 17038 D MonkeyStub: translateCommand: touch move 614 312
10-31 15:20:01.484 17038 17038 D MonkeyStub: translateCommand: touch up 614 312
10-31 15:20:03.374 16450 16450 I cr_tabmodel: Appending tabs being restored to metadata lists, 0, startingNormalCount: 2, startingIncognitoCount: 0
10-31 15:20:03.374 16450 16450 I cr_tabmodel: Serializing tab lists; counts: 2, 0
10-31 15:20:03.530 16450 16450 I cr_tabmodel: Appending tabs being restored to metadata lists, 0, startingNormalCount: 2, startingIncognitoCount: 0
10-31 15:20:03.530 16450 16450 I cr_tabmodel: Serializing tab lists; counts: 2, 0
10-31 15:20:03.557 16450 16450 I cr_tabmodel: Appending tabs being restored to metadata lists, 0, startingNormalCount: 2, startingIncognitoCount: 0
10-31 15:20:03.557 16450 16450 I cr_tabmodel: Serializing tab lists; counts: 2, 0
10-31 15:20:03.639 16450 16450 I cr_tabmodel: Appending tabs being restored to metadata lists, 0, startingNormalCount: 2, startingIncognitoCount: 0
10-31 15:20:03.639 16450 16450 I cr_tabmodel: Serializing tab lists; counts: 2, 0
10-31 15:20:03.675 16450 16450 I cr_tabmodel: Appending tabs being restored to metadata lists, 0, startingNormalCount: 2, startingIncognitoCount: 0
10-31 15:20:03.675 16450 16450 I cr_tabmodel: Serializing tab lists; counts: 2, 0
10-31 15:20:03.700 16450 16450 I cr_tabmodel: Appending tabs being restored to metadata lists, 0, startingNormalCount: 2, startingIncognitoCount: 0
10-31 15:20:03.700 16450 16450 I cr_tabmodel: Serializing tab lists; counts: 2, 0
10-31 15:20:03.755 16450 16450 I cr_tabmodel: Appending tabs being restored to metadata lists, 0, startingNormalCount: 2, startingIncognitoCount: 0
10-31 15:20:03.755 16450 16450 I cr_tabmodel: Serializing tab lists; counts: 2, 0
10-31 15:20:03.783 16450 16450 I cr_tabmodel: Appending tabs being restored to metadata lists, 0, startingNormalCount: 2, startingIncognitoCount: 0
10-31 15:20:03.783 16450 16450 I cr_tabmodel: Serializing tab lists; counts: 2, 0
10-31 15:20:03.813 16450 16450 I cr_tabmodel: Appending tabs being restored to metadata lists, 0, startingNormalCount: 2, startingIncognitoCount: 0
10-31 15:20:03.813 16450 16450 I cr_tabmodel: Serializing tab lists; counts: 2, 0
10-31 15:20:03.848 16450 16450 I cr_tabmodel: Appending tabs being restored to metadata lists, 0, startingNormalCount: 2, startingIncognitoCount: 0
10-31 15:20:03.848 16450 16450 I cr_tabmodel: Serializing tab lists; counts: 2, 0
10-31 15:20:03.896 16450 16450 I cr_tabmodel: Appending tabs being restored to metadata lists, 0, startingNormalCount: 2, startingIncognitoCount: 0
10-31 15:20:03.896 16450 16450 I cr_tabmodel: Serializing tab lists; counts: 2, 0
10-31 15:20:03.928 16450 16450 I cr_tabmodel: Appending tabs being restored to metadata lists, 0, startingNormalCount: 2, startingIncognitoCount: 0
10-31 15:20:03.928 16450 16450 I cr_tabmodel: Serializing tab lists; counts: 2, 0
10-31 15:20:03.968 16450 16450 I cr_tabmodel: Appending tabs being restored to metadata lists, 0, startingNormalCount: 2, startingIncognitoCount: 0
10-31 15:20:03.968 16450 16450 I cr_tabmodel: Serializing tab lists; counts: 2, 0
10-31 15:20:04.008 16450 16450 I cr_tabmodel: Appending tabs being restored to metadata lists, 0, startingNormalCount: 2, startingIncognitoCount: 0
10-31 15:20:04.008 16450 16450 I cr_tabmodel: Serializing tab lists; counts: 2, 0
10-31 15:20:04.057 16450 16450 I cr_tabmodel: Appending tabs being restored to metadata lists, 0, startingNormalCount: 2, startingIncognitoCount: 0
10-31 15:20:04.057 16450 16450 I cr_tabmodel: Serializing tab lists; counts: 2, 0
10-31 15:20:04.203 16450 16450 I cr_tabmodel: Appending tabs being restored to metadata lists, 0, startingNormalCount: 2, startingIncognitoCount: 0
10-31 15:20:04.203 16450 16450 I cr_tabmodel: Serializing tab lists; counts: 2, 0
10-31 15:20:04.579 17038 17038 D MonkeyStub: translateCommand: touch down 614 1561
10-31 15:20:04.589 17038 17038 D MonkeyStub: translateCommand: touch move 614 1561
10-31 15:20:04.694 17038 17038 D MonkeyStub: translateCommand: touch move 614 1436
10-31 15:20:04.799 17038 17038 D MonkeyStub: translateCommand: touch move 614 1311
10-31 15:20:04.913 17038 17038 D MonkeyStub: translateCommand: touch move 614 1186
10-31 15:20:05.052 17038 17038 D MonkeyStub: translateCommand: touch move 614 1061
10-31 15:20:05.175 17038 17038 D MonkeyStub: translateCommand: touch move 614 937
10-31 15:20:05.283 17038 17038 D MonkeyStub: translateCommand: touch move 614 812
10-31 15:20:05.387 17038 17038 D MonkeyStub: translateCommand: touch move 614 687
10-31 15:20:05.462 16450 16450 I cr_tabmodel: Appending tabs being restored to metadata lists, 0, startingNormalCount: 2, startingIncognitoCount: 0
10-31 15:20:05.462 16450 16450 I cr_tabmodel: Serializing tab lists; counts: 2, 0
10-31 15:20:05.496 17038 17038 D MonkeyStub: translateCommand: touch move 614 562
10-31 15:20:05.609 17038 17038 D MonkeyStub: translateCommand: touch move 614 437
10-31 15:20:05.719 17038 17038 D MonkeyStub: translateCommand: touch move 614 312
10-31 15:20:05.722 17038 17038 D MonkeyStub: translateCommand: touch up 614 312
10-31 15:20:05.753 17038 17038 D MonkeyStub: translateCommand: touch down 614 1561
10-31 15:20:05.757 17038 17038 D MonkeyStub: translateCommand: touch move 614 1561
10-31 15:20:05.869 17038 17038 D MonkeyStub: translateCommand: touch move 614 1436
10-31 15:20:05.976 17038 17038 D MonkeyStub: translateCommand: touch move 614 1311
10-31 15:20:06.089 17038 17038 D MonkeyStub: translateCommand: touch move 614 1186
10-31 15:20:06.197 17038 17038 D MonkeyStub: translateCommand: touch move 614 1061
10-31 15:20:06.304 17038 17038 D MonkeyStub: translateCommand: touch move 614 937
10-31 15:20:06.411 17038 17038 D MonkeyStub: translateCommand: touch move 614 812
10-31 15:20:06.518 17038 17038 D MonkeyStub: translateCommand: touch move 614 687
10-31 15:20:06.627 17038 17038 D MonkeyStub: translateCommand: touch move 614 562
10-31 15:20:06.724   600   611 I ActivityManager: Start proc 17093:com.android.chrome:sandboxed_process22/u0i390 for service com.android.chrome/org.chromium.content.app.SandboxedProcessService22
10-31 15:20:06.731 17038 17038 D MonkeyStub: translateCommand: touch move 614 437
10-31 15:20:06.784 17093 17093 W boxed_process22: type=1400 audit(0.0:14353): avc: denied { getattr } for path="/data/data/com.android.chrome" dev="dm-2" ino=12190 scontext=u:r:isolated_app:s0:c512,c768 tcontext=u:object_r:app_data_file:s0:c512,c768 tclass=dir permissive=0
10-31 15:20:06.812 17093 17093 I cr_ChildProcessService: Creating new ChildProcessService pid=17093
10-31 15:20:06.841 17038 17038 D MonkeyStub: translateCommand: touch move 614 312
10-31 15:20:06.845 17038 17038 D MonkeyStub: translateCommand: touch up 614 312
10-31 15:20:06.873 17093 17106 I cr_LibraryLoader: Loaded native library version number "85.0.4183.127"
10-31 15:20:06.873 17093 17106 I cr_CachingUmaRecorder: Flushed 1 samples from 1 histograms.
10-31 15:20:06.890 17106 17106 W CrUtilityMain: type=1400 audit(0.0:14354): avc: denied { setattr } for name="LICENSE.txt" dev="dm-2" ino=24490 scontext=u:r:isolated_app:s0:c512,c768 tcontext=u:object_r:app_data_file:s0:c512,c768 tclass=file permissive=0
10-31 15:20:06.890 17106 17106 W CrUtilityMain: type=1400 audit(0.0:14355): avc: denied { setattr } for name=46696C746572696E672052756C6573 dev="dm-2" ino=24276 scontext=u:r:isolated_app:s0:c512,c768 tcontext=u:object_r:app_data_file:s0:c512,c768 tclass=file permissive=0
10-31 15:20:06.894 17106 17106 W CrUtilityMain: type=1400 audit(0.0:14356): avc: denied { setattr } for name="manifest.json" dev="dm-2" ino=24267 scontext=u:r:isolated_app:s0:c512,c768 tcontext=u:object_r:app_data_file:s0:c512,c768 tclass=file permissive=0
10-31 15:20:06.894 17106 17106 W CrUtilityMain: type=1400 audit(0.0:14357): avc: denied { setattr } for name="verified_contents.json" dev="dm-2" ino=24230 scontext=u:r:isolated_app:s0:c512,c768 tcontext=u:object_r:app_data_file:s0:c512,c768 tclass=file permissive=0
10-31 15:20:06.928 17093 17106 I chromium: [INFO:child_process_service.cc(69)] ChildProcessService: Exiting child process.
10-31 15:20:06.994   600  1080 I ActivityManager: Process com.android.chrome:sandboxed_process22 (pid 17093) has died
10-31 15:20:06.994   600  1080 D ActivityManager: cleanUpApplicationRecord -- 17093
10-31 15:20:07.012 16450 16450 W chromium: [WARNING:compositor_view.cc(315)] Child process died (type=6) pid=17093)
10-31 15:20:07.436   600  2707 I ActivityManager: Start proc 17110:com.android.chrome:sandboxed_process23/u0i391 for service com.android.chrome/org.chromium.content.app.SandboxedProcessService23
10-31 15:20:07.487 17110 17110 W boxed_process23: type=1400 audit(0.0:14358): avc: denied { getattr } for path="/data/data/com.android.chrome" dev="dm-2" ino=12190 scontext=u:r:isolated_app:s0:c512,c768 tcontext=u:object_r:app_data_file:s0:c512,c768 tclass=dir permissive=0
10-31 15:20:07.512 17110 17110 I cr_ChildProcessService: Creating new ChildProcessService pid=17110
10-31 15:20:07.561 17110 17123 I cr_LibraryLoader: Loaded native library version number "85.0.4183.127"
10-31 15:20:07.561 17110 17123 I cr_CachingUmaRecorder: Flushed 1 samples from 1 histograms.
10-31 15:20:07.604 17123 17123 W CrUtilityMain: type=1400 audit(0.0:14359): avc: denied { setattr } for name="tl_en-us_2022-10-24_484508980_100000_index.bin" dev="dm-2" ino=24515 scontext=u:r:isolated_app:s0:c512,c768 tcontext=u:object_r:app_data_file:s0:c512,c768 tclass=file permissive=0
10-31 15:20:07.604 17123 17123 W CrUtilityMain: type=1400 audit(0.0:14360): avc: denied { setattr } for name="manifest.json" dev="dm-2" ino=24442 scontext=u:r:isolated_app:s0:c512,c768 tcontext=u:object_r:app_data_file:s0:c512,c768 tclass=file permissive=0
10-31 15:20:07.607 17123 17123 W CrUtilityMain: type=1400 audit(0.0:14361): avc: denied { setattr } for name="verified_contents.json" dev="dm-2" ino=24434 scontext=u:r:isolated_app:s0:c512,c768 tcontext=u:object_r:app_data_file:s0:c512,c768 tclass=file permissive=0
10-31 15:20:07.616 17110 17123 I chromium: [INFO:child_process_service.cc(69)] ChildProcessService: Exiting child process.
10-31 15:20:07.634   600  1082 I ActivityManager: Process com.android.chrome:sandboxed_process23 (pid 17110) has died
10-31 15:20:07.634   600  1082 D ActivityManager: cleanUpApplicationRecord -- 17110
10-31 15:20:07.634 16450 16450 W chromium: [WARNING:compositor_view.cc(315)] Child process died (type=6) pid=17110)
10-31 15:20:08.325   198   198 E SELinux : avc:  denied  { find } for service=netd pid=17129 uid=2000 scontext=u:r:shell:s0 tcontext=u:object_r:netd_service:s0 tclass=service_manager permissive=0
10-31 15:20:08.334   198   198 E SELinux : avc:  denied  { find } for service=android.service.gatekeeper.IGateKeeperService pid=17129 uid=2000 scontext=u:r:shell:s0 tcontext=u:object_r:gatekeeper_service:s0 tclass=service_manager permissive=0
10-31 15:20:08.405   600 10249 I ActivityManager: Start proc 17131:com.android.chrome:sandboxed_process24/u0i392 for service com.android.chrome/org.chromium.content.app.SandboxedProcessService24
10-31 15:20:08.474 17131 17131 W boxed_process24: type=1400 audit(0.0:14362): avc: denied { getattr } for path="/data/data/com.android.chrome" dev="dm-2" ino=12190 scontext=u:r:isolated_app:s0:c512,c768 tcontext=u:object_r:app_data_file:s0:c512,c768 tclass=dir permissive=0
10-31 15:20:08.510 17131 17131 I cr_ChildProcessService: Creating new ChildProcessService pid=17131
10-31 15:20:08.563 17131 17144 I cr_LibraryLoader: Loaded native library version number "85.0.4183.127"
10-31 15:20:08.563 17131 17144 I cr_CachingUmaRecorder: Flushed 1 samples from 1 histograms.
10-31 15:20:08.577 17144 17144 W CrUtilityMain: type=1400 audit(0.0:14363): avc: denied { setattr } for name="optimization-hints.pb" dev="dm-2" ino=24446 scontext=u:r:isolated_app:s0:c512,c768 tcontext=u:object_r:app_data_file:s0:c512,c768 tclass=file permissive=0
10-31 15:20:08.580 17144 17144 W CrUtilityMain: type=1400 audit(0.0:14364): avc: denied { setattr } for name="manifest.json" dev="dm-2" ino=24149 scontext=u:r:isolated_app:s0:c512,c768 tcontext=u:object_r:app_data_file:s0:c512,c768 tclass=file permissive=0
10-31 15:20:08.580 17144 17144 W CrUtilityMain: type=1400 audit(0.0:14365): avc: denied { setattr } for name="verified_contents.json" dev="dm-2" ino=24543 scontext=u:r:isolated_app:s0:c512,c768 tcontext=u:object_r:app_data_file:s0:c512,c768 tclass=file permissive=0
10-31 15:20:08.597 17131 17131 I cr_ChildProcessService: Destroying ChildProcessService pid=17131
10-31 15:20:08.598 17131 17144 I chromium: [INFO:child_process_service.cc(69)] ChildProcessService: Exiting child process.
10-31 15:20:08.613   600 10249 I ActivityManager: Process com.android.chrome:sandboxed_process24 (pid 17131) has died
10-31 15:20:08.614   600 10249 D ActivityManager: cleanUpApplicationRecord -- 17131
10-31 15:20:08.624 16450 16450 W chromium: [WARNING:compositor_view.cc(315)] Child process died (type=6) pid=17131)
10-31 15:20:08.904 17038 17038 D MonkeyStub: translateCommand: touch down 614 1561
10-31 15:20:08.923 17038 17038 D MonkeyStub: translateCommand: touch move 614 1561
10-31 15:20:09.029 17038 17038 D MonkeyStub: translateCommand: touch move 614 1436
10-31 15:20:09.134 17038 17038 D MonkeyStub: translateCommand: touch move 614 1311
10-31 15:20:09.153  9432  9475 I CastDatabase: Saving the database
10-31 15:20:09.243 17038 17038 D MonkeyStub: translateCommand: touch move 614 1186
10-31 15:20:09.281 16450 16460 I art     : Background sticky concurrent mark sweep GC freed 60535(2MB) AllocSpace objects, 10(292KB) LOS objects, 13% free, 17MB/20MB, paused 6.734ms total 74.057ms
10-31 15:20:09.350 17038 17038 D MonkeyStub: translateCommand: touch move 614 1061
10-31 15:20:09.405  9432  9475 I SQLiteCastStore: [CastNetworkInfo] saved: 2, skipped: 0, [CastDeviceInfo]: saved 1, skipped 0, [Paired Guest Mode DeviceInfo] saved: 0, skipped: 0. [ProbedNetworks]: saved 0, skipped: 0, [ProbedSocketAddress]: saved 1, skipped: 0, [Network-Device pairs]: saved: 2
10-31 15:20:09.461 17038 17038 D MonkeyStub: translateCommand: touch move 614 937
10-31 15:20:09.565 17038 17038 D MonkeyStub: translateCommand: touch move 614 812
10-31 15:20:09.645   600  9614 I ActivityManager: Start proc 17150:com.android.chrome:sandboxed_process25/u0i393 for service com.android.chrome/org.chromium.content.app.SandboxedProcessService25
10-31 15:20:09.675 17038 17038 D MonkeyStub: translateCommand: touch move 614 687
10-31 15:20:09.727 17150 17150 W boxed_process25: type=1400 audit(0.0:14366): avc: denied { getattr } for path="/data/data/com.android.chrome" dev="dm-2" ino=12190 scontext=u:r:isolated_app:s0:c512,c768 tcontext=u:object_r:app_data_file:s0:c512,c768 tclass=dir permissive=0
10-31 15:20:09.755 17150 17150 I cr_ChildProcessService: Creating new ChildProcessService pid=17150
10-31 15:20:09.779 17038 17038 D MonkeyStub: translateCommand: touch move 614 562
10-31 15:20:09.830 17150 17163 I cr_LibraryLoader: Loaded native library version number "85.0.4183.127"
10-31 15:20:09.831 17150 17163 I cr_CachingUmaRecorder: Flushed 1 samples from 1 histograms.
10-31 15:20:09.844 17163 17163 W CrUtilityMain: type=1400 audit(0.0:14367): avc: denied { setattr } for name="crl-set" dev="dm-2" ino=28730 scontext=u:r:isolated_app:s0:c512,c768 tcontext=u:object_r:app_data_file:s0:c512,c768 tclass=file permissive=0
10-31 15:20:09.844 17163 17163 W CrUtilityMain: type=1400 audit(0.0:14368): avc: denied { setattr } for name="manifest.json" dev="dm-2" ino=28801 scontext=u:r:isolated_app:s0:c512,c768 tcontext=u:object_r:app_data_file:s0:c512,c768 tclass=file permissive=0
10-31 15:20:09.844 17163 17163 W CrUtilityMain: type=1400 audit(0.0:14369): avc: denied { setattr } for name="LICENSE" dev="dm-2" ino=28945 scontext=u:r:isolated_app:s0:c512,c768 tcontext=u:object_r:app_data_file:s0:c512,c768 tclass=file permissive=0
10-31 15:20:09.847 17163 17163 W CrUtilityMain: type=1400 audit(0.0:14370): avc: denied { setattr } for name="verified_contents.json" dev="dm-2" ino=29339 scontext=u:r:isolated_app:s0:c512,c768 tcontext=u:object_r:app_data_file:s0:c512,c768 tclass=file permissive=0
10-31 15:20:09.861 17150 17150 I cr_ChildProcessService: Destroying ChildProcessService pid=17150
10-31 15:20:09.862 17150 17163 I chromium: [INFO:child_process_service.cc(69)] ChildProcessService: Exiting child process.
10-31 15:20:09.883   600 27731 I ActivityManager: Process com.android.chrome:sandboxed_process25 (pid 17150) has died
10-31 15:20:09.883   600 27731 D ActivityManager: cleanUpApplicationRecord -- 17150
10-31 15:20:09.885 16450 16450 W chromium: [WARNING:compositor_view.cc(315)] Child process died (type=6) pid=17150)
10-31 15:20:09.888 17038 17038 D MonkeyStub: translateCommand: touch move 614 437
10-31 15:20:09.995 17038 17038 D MonkeyStub: translateCommand: touch move 614 312
10-31 15:20:10.005 17038 17038 D MonkeyStub: translateCommand: touch up 614 312
10-31 15:20:11.190   600  3994 I ActivityManager: Start proc 17169:com.android.chrome:sandboxed_process26/u0i394 for service com.android.chrome/org.chromium.content.app.SandboxedProcessService26
10-31 15:20:11.237 17169 17169 W boxed_process26: type=1400 audit(0.0:14371): avc: denied { getattr } for path="/data/data/com.android.chrome" dev="dm-2" ino=12190 scontext=u:r:isolated_app:s0:c512,c768 tcontext=u:object_r:app_data_file:s0:c512,c768 tclass=dir permissive=0
10-31 15:20:11.268 17169 17169 I cr_ChildProcessService: Creating new ChildProcessService pid=17169
10-31 15:20:11.317 17169 17182 I cr_LibraryLoader: Loaded native library version number "85.0.4183.127"
10-31 15:20:11.318 17169 17182 I cr_CachingUmaRecorder: Flushed 1 samples from 1 histograms.
10-31 15:20:11.334 17182 17182 W CrUtilityMain: type=1400 audit(0.0:14372): avc: denied { setattr } for name="manifest.json" dev="dm-2" ino=49759 scontext=u:r:isolated_app:s0:c512,c768 tcontext=u:object_r:app_data_file:s0:c512,c768 tclass=file permissive=0
10-31 15:20:11.337 17182 17182 W CrUtilityMain: type=1400 audit(0.0:14373): avc: denied { setattr } for name="verified_contents.json" dev="dm-2" ino=49940 scontext=u:r:isolated_app:s0:c512,c768 tcontext=u:object_r:app_data_file:s0:c512,c768 tclass=file permissive=0
10-31 15:20:11.344 17169 17182 I chromium: [INFO:child_process_service.cc(69)] ChildProcessService: Exiting child process.
10-31 15:20:11.348   197   197 E lowmemorykiller: Error writing /proc/17169/oom_score_adj; errno=22
10-31 15:20:11.377 16450 16450 W chromium: [WARNING:compositor_view.cc(315)] Child process died (type=6) pid=17169)
10-31 15:20:11.377   600 27731 I ActivityManager: Process com.android.chrome:sandboxed_process26 (pid 17169) has died
10-31 15:20:11.377   600 27731 D ActivityManager: cleanUpApplicationRecord -- 17169
10-31 15:20:12.890   600   713 I ActivityManager: Start proc 17186:com.android.chrome:sandboxed_process27/u0i395 for service com.android.chrome/org.chromium.content.app.SandboxedProcessService27
10-31 15:20:12.957 17186 17186 W boxed_process27: type=1400 audit(0.0:14374): avc: denied { getattr } for path="/data/data/com.android.chrome" dev="dm-2" ino=12190 scontext=u:r:isolated_app:s0:c512,c768 tcontext=u:object_r:app_data_file:s0:c512,c768 tclass=dir permissive=0
10-31 15:20:13.025 17186 17186 I cr_ChildProcessService: Creating new ChildProcessService pid=17186
10-31 15:20:13.032 17038 17038 D MonkeyStub: translateCommand: tap 720 1220
10-31 15:20:13.153 17186 17200 I cr_LibraryLoader: Loaded native library version number "85.0.4183.127"
10-31 15:20:13.153 17186 17200 I cr_CachingUmaRecorder: Flushed 1 samples from 1 histograms.
10-31 15:20:13.187 17200 17200 W CrUtilityMain: type=1400 audit(0.0:14375): avc: denied { setattr } for name="download_file_types.pb" dev="dm-2" ino=52717 scontext=u:r:isolated_app:s0:c512,c768 tcontext=u:object_r:app_data_file:s0:c512,c768 tclass=file permissive=0
10-31 15:20:13.190 17200 17200 W CrUtilityMain: type=1400 audit(0.0:14376): avc: denied { setattr } for name="manifest.json" dev="dm-2" ino=52768 scontext=u:r:isolated_app:s0:c512,c768 tcontext=u:object_r:app_data_file:s0:c512,c768 tclass=file permissive=0
10-31 15:20:13.194 17200 17200 W CrUtilityMain: type=1400 audit(0.0:14377): avc: denied { setattr } for name="verified_contents.json" dev="dm-2" ino=52931 scontext=u:r:isolated_app:s0:c512,c768 tcontext=u:object_r:app_data_file:s0:c512,c768 tclass=file permissive=0
10-31 15:20:13.203 17186 17200 I chromium: [INFO:child_process_service.cc(69)] ChildProcessService: Exiting child process.
10-31 15:20:13.207   197   197 E lowmemorykiller: Error writing /proc/17186/oom_score_adj; errno=22
10-31 15:20:13.232 16450 16450 W chromium: [WARNING:compositor_view.cc(315)] Child process died (type=6) pid=17186)
10-31 15:20:13.232   600  3507 I ActivityManager: Process com.android.chrome:sandboxed_process27 (pid 17186) has died
10-31 15:20:13.232   600  3507 D ActivityManager: cleanUpApplicationRecord -- 17186
10-31 15:20:13.727   787  1169 E AsyncOperation: serviceID=121, operation=GetLaunchDataOperation [CONTEXT service_id=259 ]
10-31 15:20:13.727   787  1169 E AsyncOperation: OperationException[Status{statusCode=Not an instant app, resolution=null}]
10-31 15:20:13.727   787  1169 E AsyncOperation: 	at aeay.a(:com.google.android.gms@203915020@20.39.15 (040406-335085812):20)
10-31 15:20:13.727   787  1169 E AsyncOperation: 	at aain.run(:com.google.android.gms@203915020@20.39.15 (040406-335085812):7)
10-31 15:20:13.727   787  1169 E AsyncOperation: 	at boex.run(:com.google.android.gms@203915020@20.39.15 (040406-335085812):2)
10-31 15:20:13.727   787  1169 E AsyncOperation: 	at sup.b(:com.google.android.gms@203915020@20.39.15 (040406-335085812):12)
10-31 15:20:13.727   787  1169 E AsyncOperation: 	at sup.run(:com.google.android.gms@203915020@20.39.15 (040406-335085812):7)
10-31 15:20:13.727   787  1169 E AsyncOperation: 	at java.util.concurrent.ThreadPoolExecutor.runWorker(ThreadPoolExecutor.java:1133)
10-31 15:20:13.727   787  1169 E AsyncOperation: 	at java.util.concurrent.ThreadPoolExecutor$Worker.run(ThreadPoolExecutor.java:607)
10-31 15:20:13.727   787  1169 E AsyncOperation: 	at tam.run(:com.google.android.gms@203915020@20.39.15 (040406-335085812):0)
10-31 15:20:13.727   787  1169 E AsyncOperation: 	at java.lang.Thread.run(Thread.java:761)
10-31 15:20:14.409 16450 16460 I art     : Background sticky concurrent mark sweep GC freed 49139(2MB) AllocSpace objects, 0(0B) LOS objects, 12% free, 17MB/20MB, paused 5.797ms total 31.689ms
10-31 15:20:15.134   600   610 I ActivityManager: Start proc 17205:com.android.chrome:sandboxed_process28/u0i396 for service com.android.chrome/org.chromium.content.app.SandboxedProcessService28
10-31 15:20:15.224 17205 17205 W boxed_process28: type=1400 audit(0.0:14378): avc: denied { getattr } for path="/data/data/com.android.chrome" dev="dm-2" ino=12190 scontext=u:r:isolated_app:s0:c512,c768 tcontext=u:object_r:app_data_file:s0:c512,c768 tclass=dir permissive=0
10-31 15:20:15.255 17205 17205 I cr_ChildProcessService: Creating new ChildProcessService pid=17205
10-31 15:20:15.301 17205 17218 I cr_LibraryLoader: Loaded native library version number "85.0.4183.127"
10-31 15:20:15.301 17205 17218 I cr_CachingUmaRecorder: Flushed 1 samples from 1 histograms.
10-31 15:20:15.314 17218 17218 W CrUtilityMain: type=1400 audit(0.0:14379): avc: denied { setattr } for name="ssl_error_assistant.pb" dev="dm-2" ino=54571 scontext=u:r:isolated_app:s0:c512,c768 tcontext=u:object_r:app_data_file:s0:c512,c768 tclass=file permissive=0
