--------- beginning of main
11-01 03:06:00.944 29751 29751 D AndroidRuntime: >>>>>> START com.android.internal.os.RuntimeInit uid 2000 <<<<<<
11-01 03:06:00.948 29751 29751 D AndroidRuntime: CheckJNI is OFF
11-01 03:06:01.020 29751 29751 D ICU     : No timezone override file found: /data/misc/zoneinfo/current/icu/icu_tzdata.dat
11-01 03:06:01.051 29751 29751 I Radio-JNI: register_android_hardware_Radio DONE
11-01 03:06:01.068 29751 29751 D AndroidRuntime: Calling main entry com.android.commands.am.Am
--------- beginning of system
11-01 03:06:01.086   600  1076 I ActivityManager: Force stopping com.android.chrome appid=10035 user=0: from pid 29751
11-01 03:06:01.086   600  1076 I ActivityManager: Killing 29716:com.android.chrome/u0a35 (adj 900): stop com.android.chrome
11-01 03:06:01.086   600  1076 D ActivityManager: cleanUpApplicationRecord -- 29716
11-01 03:06:01.098  1061  1061 D RegisteredNfcFServicesCache: Service unchanged, not updating
11-01 03:06:01.347   600 25704 I ActivityManager: START u0 {act=android.intent.action.VIEW flg=0x10008000 cmp=com.android.chrome/com.google.android.apps.chrome.Main} from uid 2000 on display 0
11-01 03:06:01.374 29751 29751 D AndroidRuntime: Shutting down VM
11-01 03:06:01.409   600 10249 I ActivityManager: Start proc 29761:com.android.chrome/u0a35 for activity com.android.chrome/com.google.android.apps.chrome.Main
11-01 03:06:01.573   600  1081 I ActivityManager: START u0 {cmp=com.android.chrome/org.chromium.chrome.browser.firstrun.TabbedModeFirstRunActivity (has extras)} from uid 10035 on display 0
11-01 03:06:01.594 29761 29778 W DynamiteModule: Local module descriptor class for com.google.android.gms.googlecertificates not found.
11-01 03:06:01.789 29761 29779 I cr_LibraryLoader: Loaded native library version number "85.0.4183.127"
11-01 03:06:01.803 29761 29779 I cr_CachingUmaRecorder: Flushed 10 samples from 10 histograms.
11-01 03:06:01.806 29761 29780 I OpenGLRenderer: Initialized EGL, version 1.4
11-01 03:06:01.806 29761 29780 D OpenGLRenderer: Swap behavior 2
11-01 03:06:01.854 29761 29778 I DynamiteModule: Considering local module com.google.android.gms.googlecertificates:0 and remote module com.google.android.gms.googlecertificates:6
11-01 03:06:01.855 29761 29778 I DynamiteModule: Selected remote version of com.google.android.gms.googlecertificates, version >= 6
11-01 03:06:01.882 29761 29778 W System  : ClassLoader referenced unknown path: 
11-01 03:06:01.890 29761 29778 D ApplicationLoaders: ignored Vulkan layer search path /data/app/com.google.android.gms-1/lib/arm:/data/app/com.google.android.gms-1/base.apk!/lib/armeabi-v7a:/data/app/com.google.android.gms-1/split_config.en.apk!/lib/armeabi-v7a for namespace 0xf4a47090
11-01 03:06:01.937   600   620 W WindowManager: Failed looking up window
11-01 03:06:01.937   600   620 W WindowManager: java.lang.IllegalArgumentException: Requested window android.view.ViewRootImpl$W@625ccc1 does not exist
11-01 03:06:01.937   600   620 W WindowManager: 	at com.android.server.wm.WindowManagerService.windowForClientLocked(WindowManagerService.java:9422)
11-01 03:06:01.937   600   620 W WindowManager: 	at com.android.server.wm.WindowManagerService.windowForClientLocked(WindowManagerService.java:9413)
11-01 03:06:01.937   600   620 W WindowManager: 	at com.android.server.wm.WindowManagerService.removeWindow(WindowManagerService.java:2393)
11-01 03:06:01.937   600   620 W WindowManager: 	at com.android.server.wm.Session.remove(Session.java:202)
11-01 03:06:01.937   600   620 W WindowManager: 	at android.view.ViewRootImpl.dispatchDetachedFromWindow(ViewRootImpl.java:3290)
11-01 03:06:01.937   600   620 W WindowManager: 	at android.view.ViewRootImpl.doDie(ViewRootImpl.java:5917)
11-01 03:06:01.937   600   620 W WindowManager: 	at android.view.ViewRootImpl$ViewRootHandler.handleMessage(ViewRootImpl.java:3626)
11-01 03:06:01.937   600   620 W WindowManager: 	at android.os.Handler.dispatchMessage(Handler.java:102)
11-01 03:06:01.937   600   620 W WindowManager: 	at android.os.Looper.loop(Looper.java:154)
11-01 03:06:01.937   600   620 W WindowManager: 	at android.os.HandlerThread.run(HandlerThread.java:61)
11-01 03:06:01.937   600   620 W WindowManager: 	at com.android.server.ServiceThread.run(ServiceThread.java:46)
11-01 03:06:01.951 29761 29778 W ResourceType: ResTable_typeSpec entry count inconsistent: given 67, previously 69
11-01 03:06:01.951 29761 29778 W ResourceType: ResTable_typeSpec entry count inconsistent: given 5346, previously 5347
11-01 03:06:01.958   600   620 I ActivityManager: Displayed com.android.chrome/org.chromium.chrome.browser.firstrun.TabbedModeFirstRunActivity: +348ms (total +584ms)
11-01 03:06:01.963 12218 12218 I MemoryTrimmer: Trimming objects from memory, since app is in the background.
11-01 03:06:01.968 12218 19490 W SearchService: Abort, client detached.
11-01 03:06:01.973 12218 29633 I DeviceStateChecker: DeviceStateChecker cancelled
11-01 03:06:01.974 12218 12218 I MicroDetector: Keeping mic open: false
11-01 03:06:01.974 12218 28943 I AudioController: internalShutdown
11-01 03:06:01.974 12218 28943 I MicrophoneInputStream: mic_close com.google.android.apps.gsa.speech.audio.ae@31c75e0
11-01 03:06:01.974 12218 12292 I MicroRecognitionRunner: Stopping hotword detection.
11-01 03:06:01.979 18269 18269 I MemoryTrimmer: Trimming objects from memory, since app is in the background.
11-01 03:06:01.992   238   285 I SoundTriggerHwService::Module: void android::SoundTriggerHwService::Module::onCallbackEvent(const sp<android::SoundTriggerHwService::CallbackEvent> &) mClient == 0
11-01 03:06:02.009 12218 29632 I MicroRecognitionRunner: Detection finished
11-01 03:06:02.014 29761 29778 I DynamiteLoaderV2Impl: [70] Googlecertificates
11-01 03:06:02.015 12218 12218 I MemoryTrimmer: Trimming objects from memory, since app is in the background.
11-01 03:06:02.027 29761 29778 W System  : ClassLoader referenced unknown path: /data/user_de/0/com.google.android.gms/app_chimera/m/00000061/n/armeabi-v7a
11-01 03:06:02.027 29761 29778 W System  : ClassLoader referenced unknown path: /data/user_de/0/com.google.android.gms/app_chimera/m/00000061/n/armeabi
11-01 03:06:02.088   787  1259 E apju    : Phenotype API error. Event # cdub@d93548fb, EventCode: 7 [CONTEXT service_id=51 ]
11-01 03:06:02.088   787  1259 E apju    : apiz: 29505: No config packages for log source, or config package not registered
11-01 03:06:02.088   787  1259 E apju    : 	at apkj.b(:com.google.android.gms@203915020@20.39.15 (040406-335085812):7)
11-01 03:06:02.088   787  1259 E apju    : 	at apkg.b(:com.google.android.gms@203915020@20.39.15 (040406-335085812):2)
11-01 03:06:02.088   787  1259 E apju    : 	at apju.a(:com.google.android.gms@203915020@20.39.15 (040406-335085812):85)
11-01 03:06:02.088   787  1259 E apju    : 	at apju.a(:com.google.android.gms@203915020@20.39.15 (040406-335085812):80)
11-01 03:06:02.088   787  1259 E apju    : 	at aain.run(:com.google.android.gms@203915020@20.39.15 (040406-335085812):7)
11-01 03:06:02.088   787  1259 E apju    : 	at boex.run(:com.google.android.gms@203915020@20.39.15 (040406-335085812):2)
11-01 03:06:02.088   787  1259 E apju    : 	at sup.b(:com.google.android.gms@203915020@20.39.15 (040406-335085812):12)
11-01 03:06:02.088   787  1259 E apju    : 	at sup.run(:com.google.android.gms@203915020@20.39.15 (040406-335085812):7)
11-01 03:06:02.088   787  1259 E apju    : 	at java.util.concurrent.ThreadPoolExecutor.runWorker(ThreadPoolExecutor.java:1133)
11-01 03:06:02.088   787  1259 E apju    : 	at java.util.concurrent.ThreadPoolExecutor$Worker.run(ThreadPoolExecutor.java:607)
11-01 03:06:02.088   787  1259 E apju    : 	at tam.run(:com.google.android.gms@203915020@20.39.15 (040406-335085812):0)
11-01 03:06:02.088   787  1259 E apju    : 	at java.lang.Thread.run(Thread.java:761)
11-01 03:06:02.091   787  1259 E AsyncOperation: serviceID=51, operation=GetExperimentTokensOperationCall [CONTEXT service_id=259 ]
11-01 03:06:02.091   787  1259 E AsyncOperation: OperationException[Status{statusCode=No config packages for log source, or config package not registered, resolution=null}]
11-01 03:06:02.091   787  1259 E AsyncOperation: 	at apju.a(:com.google.android.gms@203915020@20.39.15 (040406-335085812):87)
11-01 03:06:02.091   787  1259 E AsyncOperation: 	at apju.a(:com.google.android.gms@203915020@20.39.15 (040406-335085812):80)
11-01 03:06:02.091   787  1259 E AsyncOperation: 	at aain.run(:com.google.android.gms@203915020@20.39.15 (040406-335085812):7)
11-01 03:06:02.091   787  1259 E AsyncOperation: 	at boex.run(:com.google.android.gms@203915020@20.39.15 (040406-335085812):2)
11-01 03:06:02.091   787  1259 E AsyncOperation: 	at sup.b(:com.google.android.gms@203915020@20.39.15 (040406-335085812):12)
11-01 03:06:02.091   787  1259 E AsyncOperation: 	at sup.run(:com.google.android.gms@203915020@20.39.15 (040406-335085812):7)
11-01 03:06:02.091   787  1259 E AsyncOperation: 	at java.util.concurrent.ThreadPoolExecutor.runWorker(ThreadPoolExecutor.java:1133)
11-01 03:06:02.091   787  1259 E AsyncOperation: 	at java.util.concurrent.ThreadPoolExecutor$Worker.run(ThreadPoolExecutor.java:607)
11-01 03:06:02.091   787  1259 E AsyncOperation: 	at tam.run(:com.google.android.gms@203915020@20.39.15 (040406-335085812):0)
11-01 03:06:02.091   787  1259 E AsyncOperation: 	at java.lang.Thread.run(Thread.java:761)
11-01 03:06:02.100 29761 29778 D NetworkSecurityConfig: Using Network Security Config from resource 0_resource_name_obfuscated debugBuild: false
11-01 03:06:02.150   787  1620 I FontLog : Received query Google Sans, URI content://com.google.android.gms.fonts [CONTEXT service_id=132 ]
11-01 03:06:02.151   787  1620 I FontLog : Query [Google Sans] resolved to {Google Sans, wdth 100.0, wght 400, ital 0.0, bestEffort false} [CONTEXT service_id=132 ]
11-01 03:06:02.156   787  1620 I FontLog : Font PFD returned from cache for {Google Sans, wdth 100.0, wght 400, ital 0.0, bestEffort false} [CONTEXT service_id=132 ]
11-01 03:06:02.161   787  1620 I FontLog : Fetch {Google Sans, wdth 100.0, wght 400, ital 0.0, bestEffort false} end status Status{statusCode=SUCCESS, resolution=null} [CONTEXT service_id=132 ]
11-01 03:06:02.172   787   806 I FontLog : Pulling font file for id = 2304, cache size = 5 [CONTEXT service_id=132 ]
11-01 03:06:02.185   787  1174 I FontLog : Received query Google Sans:500, URI content://com.google.android.gms.fonts [CONTEXT service_id=132 ]
11-01 03:06:02.185   787  1174 I FontLog : Query [Google Sans:500] resolved to {Google Sans, wdth 100.0, wght 500, ital 0.0, bestEffort false} [CONTEXT service_id=132 ]
11-01 03:06:02.187   787  1174 I FontLog : Font PFD returned from cache for {Google Sans, wdth 100.0, wght 500, ital 0.0, bestEffort false} [CONTEXT service_id=132 ]
11-01 03:06:02.187   787  1174 I FontLog : Fetch {Google Sans, wdth 100.0, wght 500, ital 0.0, bestEffort false} end status Status{statusCode=SUCCESS, resolution=null} [CONTEXT service_id=132 ]
11-01 03:06:02.220   787 28597 I FontLog : Pulling font file for id = 2305, cache size = 6 [CONTEXT service_id=132 ]
11-01 03:06:02.488 29761 29778 I cr_VariationsSeedFetch: Fetched first run seed in 390 ms
11-01 03:06:02.551   600  9614 I ActivityManager: Start proc 29795:com.android.chrome:sandboxed_process0/u0i171 for service com.android.chrome/org.chromium.content.app.SandboxedProcessService0
11-01 03:06:02.620 29795 29795 W dboxed_process0: type=1400 audit(0.0:17514): avc: denied { getattr } for path="/data/data/com.android.chrome" dev="dm-2" ino=12190 scontext=u:r:isolated_app:s0:c512,c768 tcontext=u:object_r:app_data_file:s0:c512,c768 tclass=dir permissive=0
11-01 03:06:02.645 29795 29795 I cr_ChildProcessService: Creating new ChildProcessService pid=29795
11-01 03:06:02.754   600  3507 I ActivityManager: Start proc 29822:com.android.chrome:privileged_process0/u0a35 for service com.android.chrome/org.chromium.content.app.PrivilegedProcessService0
11-01 03:06:02.836 29761 29782 W ConnectionStatusConfig: Dynamic lookup for intent failed for action: com.google.android.gms.auth.key.retrieval.service.START
11-01 03:06:02.878 29761 29782 W ConnectionStatusConfig: Dynamic lookup for intent failed for action: com.google.android.gms.auth.key.retrieval.service.START
11-01 03:06:02.878 29822 29822 I cr_ChildProcessService: Creating new ChildProcessService pid=29822
11-01 03:06:02.884 29761 29761 W cr_KnoxSettingsProvider: Permission to read device policy denied.
11-01 03:06:02.904   600   611 W ActivityManager: Unable to start service Intent { act=com.google.android.gms.auth.key.retrieval.service.START pkg=com.google.android.gms } U=0: not found
11-01 03:06:02.931   600  1082 W ActivityManager: Unbind failed: could not find connection for android.os.BinderProxy@174aaba
11-01 03:06:02.949 29761 29782 E GmsClient: unable to connect to service: com.google.android.gms.auth.key.retrieval.service.START on com.google.android.gms
11-01 03:06:02.950 29822 29840 I cr_LibraryLoader: Loaded native library version number "85.0.4183.127"
11-01 03:06:02.956 29822 29840 I cr_CachingUmaRecorder: Flushed 1 samples from 1 histograms.
11-01 03:06:02.973 29822 29840 E libEGL  : validate_display:99 error 3008 (EGL_BAD_DISPLAY)
11-01 03:06:12.017 12218 12218 I MemoryTrimmer: Trimming objects from memory, since app is in the background.
11-01 03:06:15.711 29866 29866 D AndroidRuntime: >>>>>> START com.android.internal.os.RuntimeInit uid 2000 <<<<<<
11-01 03:06:15.714 29866 29866 D AndroidRuntime: CheckJNI is OFF
11-01 03:06:15.781 29866 29866 D ICU     : No timezone override file found: /data/misc/zoneinfo/current/icu/icu_tzdata.dat
11-01 03:06:15.812 29866 29866 I Radio-JNI: register_android_hardware_Radio DONE
11-01 03:06:15.826 29866 29866 D AndroidRuntime: Calling main entry com.android.commands.monkey.Monkey
11-01 03:06:15.894   600   613 W BroadcastQueue: Skipping deliver [background] BroadcastRecord{686b0c u-1 android.net.conn.CONNECTIVITY_CHANGE} to ReceiverList{45b6c55 29866 (unknown name)/2000/u-1 remote:412525e}: process crashing
11-01 03:06:17.461 29866 29866 D MonkeyStub: translateCommand: wake
11-01 03:06:17.613 29866 29866 D MonkeyStub: translateCommand: tap 398 1198
11-01 03:06:19.869 29866 29866 D MonkeyStub: translateCommand: tap 720 1506
11-01 03:06:20.055 27684 27803 I PeopleChimeraService: onService. callbacks = aaik@433fdb6, request = com.google.android.gms.common.internal.GetServiceRequest@234aab7
11-01 03:06:20.066 27684 28879 I PeopleChimeraService: onService. callbacks = aaik@ff6318d, request = com.google.android.gms.common.internal.GetServiceRequest@efa3f42
11-01 03:06:21.915 29866 29866 D MonkeyStub: translateCommand: tap 355 1480
11-01 03:06:21.934 29866 29866 D MonkeyStub: Quit requested
11-01 03:06:21.956   600  1081 I ActivityManager: START u0 {act=android.intent.action.VIEW flg=0x10008000 cmp=com.android.chrome/com.google.android.apps.chrome.Main (has extras)} from uid 10035 on display 0
11-01 03:06:22.005 29866 29866 I art     : System.exit called, status: 6
11-01 03:06:22.005 29866 29866 I AndroidRuntime: VM exiting with result code 6.
11-01 03:06:22.009   600   614 I CwMcuSensor: CwMcuSensor::flush: fd = 254, sensors_id = 0, path = /sys/class/htc_sensorhub/sensor_hub/flush, err = 0
11-01 03:06:22.139   600 29683 W WindowManager: Attempted to remove non-existing token: android.os.Binder@4ad366a
11-01 03:06:22.165 29761 29761 E cr_CompositorSurfaceMgr: Transitioning to surface with format : -1
11-01 03:06:22.246   600   609 I art     : Background partial concurrent mark sweep GC freed 17354(861KB) AllocSpace objects, 3(60KB) LOS objects, 33% free, 18MB/27MB, paused 1.958ms total 218.104ms
11-01 03:06:22.273 29761 29817 W cr_tabmodel: Starting to perform legacy migration.
11-01 03:06:22.274 29761 29817 W cr_tabmodel: Finished performing legacy migration.
11-01 03:06:22.274 29761 29817 W cr_tabmodel: Starting to perform multi-instance migration.
11-01 03:06:22.274 29761 29817 W cr_tabmodel: Finished performing multi-instance migration.
11-01 03:06:22.276 29761 29817 I cr_tabmodel: Starting to fetch tab list for tab_state0
11-01 03:06:22.276 29761 29817 I cr_tabmodel: State file does not exist.
11-01 03:06:22.276 29761 29817 I cr_tabmodel: Starting to fetch tab list for tab_state1
11-01 03:06:22.276 29761 29817 I cr_tabmodel: State file does not exist.
11-01 03:06:22.309 29761 29817 I cr_ADCP : No customization source found
11-01 03:06:22.409   600   620 I ActivityManager: Displayed com.android.chrome/com.google.android.apps.chrome.Main: +404ms
11-01 03:06:22.438 29761 29780 D OpenGLRenderer: endAllActiveAnimators on 0xd2c18900 (InsetDrawable) with handle 0xd2b86130
11-01 03:06:22.447 29761 29761 E cr_CompositorSurfaceMgr: Transitioning to surface with format : -1
11-01 03:06:22.456 29761 29761 E cr_CompositorSurfaceMgr: surfaceCreated format : 0
11-01 03:06:22.464 29761 29761 I cr_ContextualSearch: Tap suppression enabled: false
11-01 03:06:22.470 29761 29761 I cr_ChromeTabbedActivity: #initializeState
11-01 03:06:22.470 29761 29761 I cr_CipherFactory: #restoreFromBundle, no savedInstanceState.
11-01 03:06:22.471 29761 29761 I cr_tabmodel: #loadState, ignoreIncognitoFiles? true
11-01 03:06:22.498   600 16391 E BatteryStatsService: power: Missing API
11-01 03:06:22.527   796   796 E PhoneInterfaceManager: [PhoneIntfMgr] queryModemActivityInfo: Empty response
11-01 03:06:22.527   600 16391 E BatteryStatsService: no controller energy info supplied
11-01 03:06:22.539   600 16391 E BatteryStatsService: modem info is invalid: ModemActivityInfo{ mTimestamp=0 mSleepTimeMs=0 mIdleTimeMs=0 mTxTimeMs[]=[0, 0, 0, 0, 0] mRxTimeMs=0 mEnergyUsed=0}
11-01 03:06:22.676 29761 29761 I SchedulerApiWrapper: Create SchedulerApiMainThreadWrapper
11-01 03:06:22.690 29761 29761 I FeedSessionManagerImpl: FeedSessionManagerImpl has been created
11-01 03:06:22.691 29761 29761 I FeedAppLifecycleLstnr: onEnterForeground called
11-01 03:06:22.691 29761 29761 I FeedSessionManagerImpl: onLifecycleEvent foreground
11-01 03:06:22.692 29761 29761 I FeedSessionManagerImpl: Lazy initialization triggered, getUpdateConsumer
11-01 03:06:22.693 29761 29811 I TaskQueue: Execute task [IMMEDIATE - d: true, b: 0]: 30
11-01 03:06:22.693 29761 29761 I FeedRequestManagerImpl: trigger refresh 2
11-01 03:06:22.694 29761 29761 I TaskQueue:  - task [HEAD_INVALIDATE - d: true, b: 0]: 26
11-01 03:06:22.694 29761 29761 I FeedAppLifecycleLstnr: initialize called
11-01 03:06:22.694 29761 29761 I FeedSessionManagerImpl: onLifecycleEvent initialize
11-01 03:06:22.694 29761 29761 W FeedSessionManagerImpl: FeedSessionManagerImpl has previously been initialized
11-01 03:06:22.728 29761 29761 I ViewConfigCompat: Could not find method getScaledScrollFactor() on ViewConfiguration
11-01 03:06:22.731 29761 29761 I BasicStream: Setting 2 header views, currently have 0 headers
11-01 03:06:22.732 29761 29761 I BasicStream: Setting 2 header views, currently have 2 headers
11-01 03:06:22.785   600   619 D BluetoothManagerService: Message: 20
11-01 03:06:22.785   600   619 D BluetoothManagerService: Added callback: android.bluetooth.IBluetoothManagerCallback$Stub$Proxy@e97a096:true
11-01 03:06:22.815 29761 29761 E cr_IntentUtils: getBooleanExtra failed on intent null
11-01 03:06:22.819 29795 29808 I cr_LibraryLoader: Loaded native library version number "85.0.4183.127"
11-01 03:06:22.819 29795 29808 I cr_CachingUmaRecorder: Flushed 1 samples from 1 histograms.
11-01 03:06:22.830 29761 29761 I TimeoutSessionImpl: Using TimeoutSessionImpl
11-01 03:06:22.830 29761 29761 I FeedSessionManagerImpl: Delaying populateSession until initialization is finished
11-01 03:06:22.830 29761 29761 I TaskQueue:  - task [IMMEDIATE - d: true, b: 1]: 13
11-01 03:06:22.831 29761 29761 I MainThreadRunner: Running task [BasicStream onShow] on the Main Thread with a delay of 500 milliseconds
11-01 03:06:22.907   600 13631 I ActivityManager: Start proc 29899:com.android.chrome:sandboxed_process1/u0i172 for service com.android.chrome/org.chromium.content.app.SandboxedProcessService1
11-01 03:06:22.956 29761 29811 W SessionCache: Persisted Sessions were not found
11-01 03:06:22.956 29761 29811 I HeadSessionImpl: Initialize HEAD 0 items
11-01 03:06:22.957 29761 29811 I TaskQueue:  - task [BACKGROUND - d: true, b: 2]: 11
11-01 03:06:22.957 29761 29811 I TimingUtils: Task Timing 263ms, thread JardinExecutor | task : Initialization
11-01 03:06:22.957 29761 29811 I TaskQueue:  - Finished 30, time 265 ms
11-01 03:06:22.959 29761 29811 I TaskQueue: Execute task [HEAD_INVALIDATE - d: true, b: 2]: 26
11-01 03:06:22.959 29761 29811 I TimingUtils: Task Timing   0ms, thread JardinExecutor | task : getAllDismissLocalActions | size : 0
11-01 03:06:22.960 29761 29811 I TimingUtils: Task Timing   0ms, thread JardinExecutor | task : getSemanticProperties | size : 0
11-01 03:06:22.960 29761 29811 I MainThreadRunner: Running task [Check Tooltips] on the Main Thread
11-01 03:06:22.960 29761 29811 I TaskQueue:  * Starting starvation checks
11-01 03:06:22.960 29761 29811 I MainThreadRunner: Running task [starvationChecks] on the Main Thread with a delay of 6000 milliseconds
11-01 03:06:22.960 29761 29811 I TaskQueue:  - Finished 26, time 2 ms
11-01 03:06:22.960 29761 29811 I TaskQueue: Execute task [IMMEDIATE - d: true, b: 1]: 13
11-01 03:06:22.961 29761 29811 I FeedSessionManagerImpl: shouldSessionRequestData; hasContent(false), contentCreationTime(0), outstandingRequest(true)
11-01 03:06:22.961 29761 29811 I MainThreadRunner: Running task [SchedulerApiWrapper shouldSessionRequestData] on the Main Thread
11-01 03:06:22.979   600  1080 I ActivityManager: Start proc 29905:com.android.chrome:sandboxed_process2/u0i173 for service com.android.chrome/org.chromium.content.app.SandboxedProcessService2
11-01 03:06:22.979 29761 29771 I art     : Background partial concurrent mark sweep GC freed 12273(589KB) AllocSpace objects, 1(552KB) LOS objects, 40% free, 7MB/12MB, paused 4.089ms total 116.988ms
11-01 03:06:23.018   600   707 I ActivityManager: Start proc 29924:com.android.chrome:sandboxed_process3/u0i174 for service com.android.chrome/org.chromium.content.app.SandboxedProcessService3
11-01 03:06:23.064   600  6312 I ActivityManager: Start proc 29934:com.android.chrome:sandboxed_process4/u0i175 for service com.android.chrome/org.chromium.content.app.SandboxedProcessService4
11-01 03:06:23.127   600 27731 I ActivityManager: Start proc 29948:com.android.chrome:sandboxed_process5/u0i176 for service com.android.chrome/org.chromium.content.app.SandboxedProcessService5
11-01 03:06:23.170 29905 29905 W dboxed_process2: type=1400 audit(0.0:17515): avc: denied { getattr } for path="/data/data/com.android.chrome" dev="dm-2" ino=12190 scontext=u:r:isolated_app:s0:c512,c768 tcontext=u:object_r:app_data_file:s0:c512,c768 tclass=dir permissive=0
11-01 03:06:23.234   600   713 I ActivityManager: Start proc 29967:com.android.chrome:sandboxed_process6/u0i177 for service com.android.chrome/org.chromium.content.app.SandboxedProcessService6
11-01 03:06:23.280 29899 29899 W dboxed_process1: type=1400 audit(0.0:17516): avc: denied { getattr } for path="/data/data/com.android.chrome" dev="dm-2" ino=12190 scontext=u:r:isolated_app:s0:c512,c768 tcontext=u:object_r:app_data_file:s0:c512,c768 tclass=dir permissive=0
11-01 03:06:23.288   600  6312 I ActivityManager: Start proc 29976:com.android.chrome:sandboxed_process7/u0i178 for service com.android.chrome/org.chromium.content.app.SandboxedProcessService7
11-01 03:06:23.307 29761 29761 I PlayCore: UID: [10035]  PID: [29761] SplitInstallService : deferredInstall([image_editor])
11-01 03:06:23.337 29905 29905 I cr_ChildProcessService: Creating new ChildProcessService pid=29905
11-01 03:06:23.359   600 16391 I ActivityManager: Start proc 29990:com.android.chrome:sandboxed_process8/u0i179 for service com.android.chrome/org.chromium.content.app.SandboxedProcessService8
11-01 03:06:23.394 29934 29934 W dboxed_process4: type=1400 audit(0.0:17517): avc: denied { getattr } for path="/data/data/com.android.chrome" dev="dm-2" ino=12190 scontext=u:r:isolated_app:s0:c512,c768 tcontext=u:object_r:app_data_file:s0:c512,c768 tclass=dir permissive=0
11-01 03:06:23.443 29761 29761 I Choreographer: Skipped 62 frames!  The application may be doing too much work on its main thread.
11-01 03:06:23.460 29924 29924 W dboxed_process3: type=1400 audit(0.0:17518): avc: denied { getattr } for path="/data/data/com.android.chrome" dev="dm-2" ino=12190 scontext=u:r:isolated_app:s0:c512,c768 tcontext=u:object_r:app_data_file:s0:c512,c768 tclass=dir permissive=0
11-01 03:06:23.461   600  3509 I ActivityManager: Start proc 30012:com.android.chrome:sandboxed_process9/u0i180 for service com.android.chrome/org.chromium.content.app.SandboxedProcessService9
11-01 03:06:23.563 29899 29899 I cr_ChildProcessService: Creating new ChildProcessService pid=29899
11-01 03:06:23.624 29948 29948 W dboxed_process5: type=1400 audit(0.0:17519): avc: denied { getattr } for path="/data/data/com.android.chrome" dev="dm-2" ino=12190 scontext=u:r:isolated_app:s0:c512,c768 tcontext=u:object_r:app_data_file:s0:c512,c768 tclass=dir permissive=0
11-01 03:06:23.667 29967 29967 W dboxed_process6: type=1400 audit(0.0:17520): avc: denied { getattr } for path="/data/data/com.android.chrome" dev="dm-2" ino=12190 scontext=u:r:isolated_app:s0:c512,c768 tcontext=u:object_r:app_data_file:s0:c512,c768 tclass=dir permissive=0
11-01 03:06:23.690 29934 29934 I cr_ChildProcessService: Creating new ChildProcessService pid=29934
11-01 03:06:23.750 29924 29924 I cr_ChildProcessService: Creating new ChildProcessService pid=29924
11-01 03:06:23.764 29976 29976 W dboxed_process7: type=1400 audit(0.0:17521): avc: denied { getattr } for path="/data/data/com.android.chrome" dev="dm-2" ino=12190 scontext=u:r:isolated_app:s0:c512,c768 tcontext=u:object_r:app_data_file:s0:c512,c768 tclass=dir permissive=0
11-01 03:06:23.788 29905 29992 I cr_LibraryLoader: Loaded native library version number "85.0.4183.127"
11-01 03:06:23.803 29905 29992 I cr_CachingUmaRecorder: Flushed 1 samples from 1 histograms.
11-01 03:06:23.807 29990 29990 W dboxed_process8: type=1400 audit(0.0:17522): avc: denied { getattr } for path="/data/data/com.android.chrome" dev="dm-2" ino=12190 scontext=u:r:isolated_app:s0:c512,c768 tcontext=u:object_r:app_data_file:s0:c512,c768 tclass=dir permissive=0
11-01 03:06:23.883 29761 29983 I PlayCore: UID: [10035]  PID: [29761] SplitInstallService : Initiate binding to the service.
11-01 03:06:23.896 29761 29771 W art     : Suspending all threads took: 7.596ms
11-01 03:06:23.910 29899 30021 I cr_LibraryLoader: Loaded native library version number "85.0.4183.127"
11-01 03:06:23.912 29899 30021 I cr_CachingUmaRecorder: Flushed 1 samples from 1 histograms.
11-01 03:06:23.932 29934 29958 I art     : Background sticky concurrent mark sweep GC freed 6935(299KB) AllocSpace objects, 0(0B) LOS objects, 37% free, 3MB/4MB, paused 229us total 213.816ms
11-01 03:06:23.961 29761 29771 I art     : Background sticky concurrent mark sweep GC freed 59112(3MB) AllocSpace objects, 44(936KB) LOS objects, 22% free, 9MB/12MB, paused 9.137ms total 179.158ms
11-01 03:06:23.971 29905 29992 I chromium: [INFO:child_process_service.cc(69)] ChildProcessService: Exiting child process.
11-01 03:06:23.972   197   197 E lowmemorykiller: Error writing /proc/29905/oom_score_adj; errno=22
11-01 03:06:23.976   600  3507 W ActivityManager: Unable to start service Intent { act=com.google.android.play.core.splitinstall.BIND_SPLIT_INSTALL_SERVICE pkg=com.android.vending } U=0: not found
11-01 03:06:23.991   600  3509 I ActivityManager: Process com.android.chrome:sandboxed_process2 (pid 29905) has died
11-01 03:06:23.991   600  3509 D ActivityManager: cleanUpApplicationRecord -- 29905
11-01 03:06:23.999 29948 29948 I cr_ChildProcessService: Creating new ChildProcessService pid=29948
11-01 03:06:24.010 29761 29983 I PlayCore: UID: [10035]  PID: [29761] SplitInstallService : Failed to bind to the service.
11-01 03:06:24.050 29761 29761 I cr_tabmodel: Appending tabs being restored to metadata lists, 0, startingNormalCount: 1, startingIncognitoCount: 0
11-01 03:06:24.051 29761 29761 I cr_tabmodel: Serializing tab lists; counts: 1, 0
11-01 03:06:24.079 29990 29990 I cr_ChildProcessService: Creating new ChildProcessService pid=29990
11-01 03:06:24.081 29761 29761 W chromium: [WARNING:compositor_view.cc(315)] Child process died (type=6) pid=29905)
11-01 03:06:24.100 29967 29967 I cr_ChildProcessService: Creating new ChildProcessService pid=29967
11-01 03:06:24.131 29976 29976 I cr_ChildProcessService: Creating new ChildProcessService pid=29976
11-01 03:06:24.180 30012 30012 W dboxed_process9: type=1400 audit(0.0:17523): avc: denied { getattr } for path="/data/data/com.android.chrome" dev="dm-2" ino=12190 scontext=u:r:isolated_app:s0:c512,c768 tcontext=u:object_r:app_data_file:s0:c512,c768 tclass=dir permissive=0
11-01 03:06:24.186 29761 29761 I TaskQueue:  - task [IMMEDIATE - d: true, b: 1]: 27
11-01 03:06:24.186 29761 29811 I FeedSessionManagerImpl: shouldSessionRequestDataResult: NO_REQUEST_WITH_WAIT, shouldMakeRequest(false), withTimeout(false), withAppend(false)
11-01 03:06:24.186 29761 29811 I TaskQueue:  - task [USER_FACING - d: true, b: 2]: 24
11-01 03:06:24.186 29761 29811 I TaskQueue:  - Finished 13, time 1226 ms
11-01 03:06:24.187 29761 29811 I TaskQueue: Execute task [IMMEDIATE - d: true, b: 2]: 27
11-01 03:06:24.189 29761 29811 I FeedRequestManagerImpl: Consistency Token: # hU2@7bca4
11-01 03:06:24.208 29761 29761 I Choreographer: Skipped 44 frames!  The application may be doing too much work on its main thread.
11-01 03:06:24.215 29761 29811 I FeedRequestManagerImpl: Capability: FEED_UI
11-01 03:06:24.215 29761 29811 I FeedRequestManagerImpl: Capability: UNDOABLE_ACTIONS
11-01 03:06:24.215 29761 29811 I FeedRequestManagerImpl: Capability: MANAGE_INTERESTS
11-01 03:06:24.215 29761 29811 I FeedRequestManagerImpl: Capability: SEND_FEEDBACK
11-01 03:06:24.215 29761 29811 I FeedRequestManagerImpl: Capability: ARTICLE_SNIPPETS
11-01 03:06:24.215 29761 29811 I FeedRequestManagerImpl: Capability: CLICK_ACTION
11-01 03:06:24.215 29761 29811 I FeedRequestManagerImpl: Capability: VIEW_ACTION
11-01 03:06:24.215 29761 29811 I FeedRequestManagerImpl: Capability: REPORT_FEED_USER_ACTIONS_NOTICE_CARD
11-01 03:06:24.215 29761 29811 I FeedRequestManagerImpl: Capability: BASE_UI
11-01 03:06:24.245 29761 29811 I FeedRequestManagerImpl: Making Request: /httpservice/noretry/DiscoverClankService/FeedQuery
11-01 03:06:24.247 29761 29811 I MainThreadRunner: Running task [NetworkClientWrapper send] on the Main Thread
11-01 03:06:24.248 29761 29811 I TaskQueue:  - Finished 27, time 61 ms
11-01 03:06:24.271 29934 30028 I cr_LibraryLoader: Loaded native library version number "85.0.4183.127"
11-01 03:06:24.272 29934 30028 I cr_CachingUmaRecorder: Flushed 1 samples from 1 histograms.
11-01 03:06:24.274 29924 30029 I cr_LibraryLoader: Loaded native library version number "85.0.4183.127"
11-01 03:06:24.275 29924 30029 I cr_CachingUmaRecorder: Flushed 1 samples from 1 histograms.
11-01 03:06:24.330   600 13557 I ActivityManager: Start proc 30042:com.android.chrome:sandboxed_process10/u0i181 for service com.android.chrome/org.chromium.content.app.SandboxedProcessService10
11-01 03:06:24.363 29948 30034 I cr_LibraryLoader: Loaded native library version number "85.0.4183.127"
11-01 03:06:24.363 29948 30034 I cr_CachingUmaRecorder: Flushed 1 samples from 1 histograms.
11-01 03:06:24.388 29899 29899 I cr_ChildProcessService: Destroying ChildProcessService pid=29899
11-01 03:06:24.396   600  3967 I ActivityManager: Killing 29899:com.android.chrome:sandboxed_process1/u0a35i172 (adj 0): isolated not needed
11-01 03:06:24.450 30012 30012 I cr_ChildProcessService: Creating new ChildProcessService pid=30012
11-01 03:06:24.458 29934 30028 I chromium: [INFO:child_process_service.cc(69)] ChildProcessService: Exiting child process.
11-01 03:06:24.464   197   197 E lowmemorykiller: Error writing /proc/29934/oom_score_adj; errno=22
11-01 03:06:24.465   600   707 E JavaBinder: !!! FAILED BINDER TRANSACTION !!!  (parcel size = 76)
11-01 03:06:24.466   600   707 E JavaBinder: !!! FAILED BINDER TRANSACTION !!!  (parcel size = 572)
11-01 03:06:24.467   600   707 W ActivityManager: Exception when unbinding service com.android.chrome/org.chromium.content.app.SandboxedProcessService4
11-01 03:06:24.467   600   707 W ActivityManager: android.os.DeadObjectException: Transaction failed on small parcel; remote process probably died
11-01 03:06:24.467   600   707 W ActivityManager: 	at android.os.BinderProxy.transactNative(Native Method)
11-01 03:06:24.467   600   707 W ActivityManager: 	at android.os.BinderProxy.transact(Binder.java:615)
11-01 03:06:24.467   600   707 W ActivityManager: 	at android.app.ApplicationThreadProxy.scheduleUnbindService(ApplicationThreadNative.java:1016)
11-01 03:06:24.467   600   707 W ActivityManager: 	at com.android.server.am.ActiveServices.removeConnectionLocked(ActiveServices.java:2175)
11-01 03:06:24.467   600   707 W ActivityManager: 	at com.android.server.am.ActiveServices.unbindServiceLocked(ActiveServices.java:1163)
11-01 03:06:24.467   600   707 W ActivityManager: 	at com.android.server.am.ActivityManagerService.unbindService(ActivityManagerService.java:17309)
11-01 03:06:24.467   600   707 W ActivityManager: 	at android.app.ActivityManagerNative.onTransact(ActivityManagerNative.java:1145)
11-01 03:06:24.467   600   707 W ActivityManager: 	at com.android.server.am.ActivityManagerService.onTransact(ActivityManagerService.java:2795)
11-01 03:06:24.467   600   707 W ActivityManager: 	at android.os.Binder.execTransact(Binder.java:565)
11-01 03:06:24.467   600   707 E JavaBinder: !!! FAILED BINDER TRANSACTION !!!  (parcel size = 76)
11-01 03:06:24.467   197   197 E lowmemorykiller: Error writing /proc/29934/oom_score_adj; errno=22
11-01 03:06:24.469   600   707 E JavaBinder: !!! FAILED BINDER TRANSACTION !!!  (parcel size = 76)
11-01 03:06:24.493   600  3509 I ActivityManager: Killing 29934:com.android.chrome:sandboxed_process4/u0a35i175 (adj 900): isolated not needed
11-01 03:06:24.513 12218 12218 I MemoryTrimmer: Trimming objects from memory, since app is in the background.
11-01 03:06:24.517   600  3675 D ActivityManager: cleanUpApplicationRecord -- 29934
11-01 03:06:24.546 29990 30038 I cr_LibraryLoader: Loaded native library version number "85.0.4183.127"
11-01 03:06:24.549 29924 30029 I chromium: [INFO:child_process_service.cc(69)] ChildProcessService: Exiting child process.
11-01 03:06:24.558   197   197 E lowmemorykiller: Error writing /proc/29924/oom_score_adj; errno=22
11-01 03:06:24.567 29761 29761 W chromium: [WARNING:compositor_view.cc(315)] Child process died (type=6) pid=29934)
11-01 03:06:24.573   600  3967 I ActivityManager: Killing 29924:com.android.chrome:sandboxed_process3/u0a35i174 (adj 0): isolated not needed
11-01 03:06:24.586 29761 29771 I art     : Background sticky concurrent mark sweep GC freed 36043(1958KB) AllocSpace objects, 24(480KB) LOS objects, 19% free, 10MB/12MB, paused 459us total 160.685ms
11-01 03:06:24.594   600   713 D ActivityManager: cleanUpApplicationRecord -- 29924
11-01 03:06:24.594   600   713 I ActivityManager: Killing 29948:com.android.chrome:sandboxed_process5/u0a35i176 (adj 0): isolated not needed
11-01 03:06:24.596 29990 30038 I cr_CachingUmaRecorder: Flushed 1 samples from 1 histograms.
11-01 03:06:24.603 29761 29761 W chromium: [WARNING:compositor_view.cc(315)] Child process died (type=6) pid=29924)
11-01 03:06:24.609 29967 30039 I cr_LibraryLoader: Loaded native library version number "85.0.4183.127"
11-01 03:06:24.609 29967 30039 I cr_CachingUmaRecorder: Flushed 1 samples from 1 histograms.
11-01 03:06:24.635 29761 29811 W cr_CrashFileManager: /data/user/0/com.android.chrome/cache/Crash Reports does not exist or is not a directory
11-01 03:06:24.635 29761 29811 W cr_CrashFileManager: /data/user/0/com.android.chrome/cache/Crash Reports does not exist or is not a directory
11-01 03:06:24.635 29761 29811 W cr_CrashFileManager: /data/user/0/com.android.chrome/cache/Crash Reports does not exist or is not a directory
11-01 03:06:24.662 29761 29794 I cr_BindingManager: Moderate binding enabled: maxSize=40
11-01 03:06:24.667 29976 30040 I cr_LibraryLoader: Loaded native library version number "85.0.4183.127"
11-01 03:06:24.669 29761 29811 I cr_FileUtils: Writing to /data/user/0/com.android.chrome/app_dex/webapk7.dex
11-01 03:06:24.690 30042 30042 W boxed_process10: type=1400 audit(0.0:17524): avc: denied { getattr } for path="/data/data/com.android.chrome" dev="dm-2" ino=12190 scontext=u:r:isolated_app:s0:c512,c768 tcontext=u:object_r:app_data_file:s0:c512,c768 tclass=dir permissive=0
11-01 03:06:24.695 29976 30040 I cr_CachingUmaRecorder: Flushed 1 samples from 1 histograms.
11-01 03:06:24.731   600 16391 I ActivityManager: Start proc 30069:com.android.chrome:sandboxed_process11/u0i182 for service com.android.chrome/org.chromium.content.app.SandboxedProcessService11
11-01 03:06:24.784   600 22670 I ActivityManager: Start proc 30077:com.android.chrome:sandboxed_process12/u0i183 for service com.android.chrome/org.chromium.content.app.SandboxedProcessService12
11-01 03:06:24.800 29990 30038 I chromium: [INFO:child_process_service.cc(69)] ChildProcessService: Exiting child process.
11-01 03:06:24.820 29761 29761 W chromium: [WARNING:compositor_view.cc(315)] Child process died (type=6) pid=29990)
11-01 03:06:24.862   600 24611 I ActivityManager: Start proc 30093:com.android.chrome:sandboxed_process13/u0i184 for service com.android.chrome/org.chromium.content.app.SandboxedProcessService13
11-01 03:06:24.862   600 29683 I ActivityManager: Process com.android.chrome:sandboxed_process8 (pid 29990) has died
11-01 03:06:24.862   600 29683 D ActivityManager: cleanUpApplicationRecord -- 29990
11-01 03:06:24.862   600 29683 W ActivityManager: Scheduling restart of crashed service com.android.chrome/org.chromium.content.app.SandboxedProcessService8 in 1000ms
11-01 03:06:24.877 29761 29794 I cr_BindingManager: onTrimMemory: level=10, size=0
11-01 03:06:24.881 29967 30039 I chromium: [INFO:child_process_service.cc(69)] ChildProcessService: Exiting child process.
11-01 03:06:24.884   197   197 E lowmemorykiller: Error writing /proc/29967/oom_score_adj; errno=22
11-01 03:06:24.894 30012 30060 I cr_LibraryLoader: Loaded native library version number "85.0.4183.127"
11-01 03:06:24.896   600  1082 I ActivityManager: Killing 29967:com.android.chrome:sandboxed_process6/u0a35i177 (adj 0): isolated not needed
11-01 03:06:24.901   600 24611 D ActivityManager: cleanUpApplicationRecord -- 29967
11-01 03:06:24.903 29761 29761 W chromium: [WARNING:compositor_view.cc(315)] Child process died (type=6) pid=29967)
11-01 03:06:24.913 27684 28169 I Icing   : IndexChimeraService.getServiceInterface callingPackage=com.android.chrome componentName=null serviceId=36
11-01 03:06:24.915 30012 30060 I cr_CachingUmaRecorder: Flushed 1 samples from 1 histograms.
11-01 03:06:24.923   600   610 I ActivityManager: Killing 29976:com.android.chrome:sandboxed_process7/u0a35i178 (adj 0): isolated not needed
11-01 03:06:24.990 27684 28042 I Icing   : IndexChimeraService.getServiceInterface callingPackage=com.android.chrome componentName=null serviceId=36
11-01 03:06:24.993   600   713 I ActivityManager: Start proc 30116:com.android.chrome:sandboxed_process14/u0i185 for service com.android.chrome/org.chromium.content.app.SandboxedProcessService14
11-01 03:06:24.995 30042 30042 I cr_ChildProcessService: Creating new ChildProcessService pid=30042
11-01 03:06:25.045   600   611 I ActivityManager: Start proc 30128:com.android.chrome:sandboxed_process15/u0i186 for service com.android.chrome/org.chromium.content.app.SandboxedProcessService15
11-01 03:06:25.114 30069 30069 W boxed_process11: type=1400 audit(0.0:17525): avc: denied { getattr } for path="/data/data/com.android.chrome" dev="dm-2" ino=12190 scontext=u:r:isolated_app:s0:c512,c768 tcontext=u:object_r:app_data_file:s0:c512,c768 tclass=dir permissive=0
11-01 03:06:25.191   600   707 I ActivityManager: Start proc 30148:com.android.chrome:sandboxed_process16/u0i187 for service com.android.chrome/org.chromium.content.app.SandboxedProcessService16
11-01 03:06:25.214 30077 30077 W boxed_process12: type=1400 audit(0.0:17526): avc: denied { getattr } for path="/data/data/com.android.chrome" dev="dm-2" ino=12190 scontext=u:r:isolated_app:s0:c512,c768 tcontext=u:object_r:app_data_file:s0:c512,c768 tclass=dir permissive=0
11-01 03:06:25.223   237 30152 I art     : Starting a blocking GC Background
11-01 03:06:25.223   237 30152 I art     : Starting a blocking GC Background
11-01 03:06:25.247 30093 30093 W boxed_process13: type=1400 audit(0.0:17527): avc: denied { getattr } for path="/data/data/com.android.chrome" dev="dm-2" ino=12190 scontext=u:r:isolated_app:s0:c512,c768 tcontext=u:object_r:app_data_file:s0:c512,c768 tclass=dir permissive=0
11-01 03:06:25.274   237 30152 I art     : Starting a blocking GC HeapTrim
11-01 03:06:25.284 30065 30065 I dex2oat : /system/bin/dex2oat --dex-file=/data/user/0/com.android.chrome/app_dex/webapk7.dex --oat-fd=206 --oat-location=/data/user/0/com.android.chrome/app_dex/oat/arm/webapk7.dex --compiler-filter=speed
11-01 03:06:25.287   600  3509 I ActivityManager: Start proc 30161:com.android.chrome:sandboxed_process17/u0i188 for service com.android.chrome/org.chromium.content.app.SandboxedProcessService17
11-01 03:06:25.291   600  9614 I ActivityManager: Killing 30012:com.android.chrome:sandboxed_process9/u0a35i180 (adj 0): isolated not needed
11-01 03:06:25.296 30069 30069 I cr_ChildProcessService: Creating new ChildProcessService pid=30069
11-01 03:06:25.348 30042 30121 I cr_LibraryLoader: Loaded native library version number "85.0.4183.127"
11-01 03:06:25.348 30042 30121 I cr_CachingUmaRecorder: Flushed 1 samples from 1 histograms.
11-01 03:06:25.364   600  7064 I ActivityManager: Start proc 30168:com.android.chrome:sandboxed_process18/u0i189 for service com.android.chrome/org.chromium.content.app.SandboxedProcessService18
11-01 03:06:25.389 30077 30077 I cr_ChildProcessService: Creating new ChildProcessService pid=30077
11-01 03:06:25.417 29761 29771 I art     : Background partial concurrent mark sweep GC freed 36213(1977KB) AllocSpace objects, 36(2MB) LOS objects, 39% free, 8MB/14MB, paused 467us total 270.144ms
11-01 03:06:25.420 30128 30128 W boxed_process15: type=1400 audit(0.0:17528): avc: denied { getattr } for path="/data/data/com.android.chrome" dev="dm-2" ino=12190 scontext=u:r:isolated_app:s0:c512,c768 tcontext=u:object_r:app_data_file:s0:c512,c768 tclass=dir permissive=0
11-01 03:06:25.432 30093 30093 I cr_ChildProcessService: Creating new ChildProcessService pid=30093
11-01 03:06:25.436   600  1082 I ActivityManager: Start proc 30190:com.android.chrome:sandboxed_process19/u0i190 for service com.android.chrome/org.chromium.content.app.SandboxedProcessService19
11-01 03:06:25.484 30148 30148 W boxed_process16: type=1400 audit(0.0:17529): avc: denied { getattr } for path="/data/data/com.android.chrome" dev="dm-2" ino=12190 scontext=u:r:isolated_app:s0:c512,c768 tcontext=u:object_r:app_data_file:s0:c512,c768 tclass=dir permissive=0
11-01 03:06:25.570   600 27731 I ActivityManager: Killing 30042:com.android.chrome:sandboxed_process10/u0a35i181 (adj 0): isolated not needed
11-01 03:06:25.583 29894 29894 D AndroidRuntime: >>>>>> START com.android.internal.os.RuntimeInit uid 2000 <<<<<<
11-01 03:06:25.593 30128 30128 I cr_ChildProcessService: Creating new ChildProcessService pid=30128
11-01 03:06:25.601 30077 30176 I cr_LibraryLoader: Loaded native library version number "85.0.4183.127"
11-01 03:06:25.610 30069 30166 I cr_LibraryLoader: Loaded native library version number "85.0.4183.127"
11-01 03:06:25.611 30069 30166 I cr_CachingUmaRecorder: Flushed 1 samples from 1 histograms.
11-01 03:06:25.617 30168 30168 W boxed_process18: type=1400 audit(0.0:17530): avc: denied { getattr } for path="/data/data/com.android.chrome" dev="dm-2" ino=12190 scontext=u:r:isolated_app:s0:c512,c768 tcontext=u:object_r:app_data_file:s0:c512,c768 tclass=dir permissive=0
11-01 03:06:25.617 29894 29894 D AndroidRuntime: CheckJNI is OFF
11-01 03:06:25.625 30077 30176 I cr_CachingUmaRecorder: Flushed 1 samples from 1 histograms.
11-01 03:06:25.634 30161 30161 W boxed_process17: type=1400 audit(0.0:17531): avc: denied { getattr } for path="/data/data/com.android.chrome" dev="dm-2" ino=12190 scontext=u:r:isolated_app:s0:c512,c768 tcontext=u:object_r:app_data_file:s0:c512,c768 tclass=dir permissive=0
11-01 03:06:25.639 30148 30148 I cr_ChildProcessService: Creating new ChildProcessService pid=30148
11-01 03:06:25.712 30093 30194 I cr_LibraryLoader: Loaded native library version number "85.0.4183.127"
11-01 03:06:25.712 30093 30194 I cr_CachingUmaRecorder: Flushed 1 samples from 1 histograms.
11-01 03:06:25.714 30190 30190 W boxed_process19: type=1400 audit(0.0:17532): avc: denied { getattr } for path="/data/data/com.android.chrome" dev="dm-2" ino=12190 scontext=u:r:isolated_app:s0:c512,c768 tcontext=u:object_r:app_data_file:s0:c512,c768 tclass=dir permissive=0
11-01 03:06:25.777 30077 30176 I chromium: [INFO:child_process_service.cc(69)] ChildProcessService: Exiting child process.
11-01 03:06:25.777   197   197 E lowmemorykiller: Error writing /proc/30077/oom_score_adj; errno=22
11-01 03:06:25.794   600  7064 I ActivityManager: Process com.android.chrome:sandboxed_process12 (pid 30077) has died
11-01 03:06:25.794   600  7064 D ActivityManager: cleanUpApplicationRecord -- 30077
11-01 03:06:25.795 30168 30168 I cr_ChildProcessService: Creating new ChildProcessService pid=30168
11-01 03:06:25.797   600  7064 I ActivityManager: Killing 30069:com.android.chrome:sandboxed_process11/u0a35i182 (adj 0): isolated not needed
11-01 03:06:25.797 30161 30161 I cr_ChildProcessService: Creating new ChildProcessService pid=30161
11-01 03:06:25.811 29761 29761 W chromium: [WARNING:compositor_view.cc(315)] Child process died (type=6) pid=30077)
11-01 03:06:25.899 30190 30190 I cr_ChildProcessService: Creating new ChildProcessService pid=30190
11-01 03:06:25.910 30116 30116 W boxed_process14: type=1400 audit(0.0:17533): avc: denied { getattr } for path="/data/data/com.android.chrome" dev="dm-2" ino=12190 scontext=u:r:isolated_app:s0:c512,c768 tcontext=u:object_r:app_data_file:s0:c512,c768 tclass=dir permissive=0
11-01 03:06:25.949 30128 30207 I cr_LibraryLoader: Loaded native library version number "85.0.4183.127"
11-01 03:06:25.949 30128 30207 I cr_CachingUmaRecorder: Flushed 1 samples from 1 histograms.
11-01 03:06:25.953 30148 30209 I cr_LibraryLoader: Loaded native library version number "85.0.4183.127"
11-01 03:06:25.954 30148 30209 I cr_CachingUmaRecorder: Flushed 1 samples from 1 histograms.
11-01 03:06:26.017 30161 30220 I cr_LibraryLoader: Loaded native library version number "85.0.4183.127"
11-01 03:06:26.017 30161 30220 I cr_CachingUmaRecorder: Flushed 1 samples from 1 histograms.
11-01 03:06:26.025 30093 30093 I cr_ChildProcessService: Destroying ChildProcessService pid=30093
11-01 03:06:26.045 30116 30116 I cr_ChildProcessService: Creating new ChildProcessService pid=30116
11-01 03:06:26.074 30168 30219 I cr_LibraryLoader: Loaded native library version number "85.0.4183.127"
11-01 03:06:26.075 30168 30219 I cr_CachingUmaRecorder: Flushed 1 samples from 1 histograms.
11-01 03:06:26.086   600   609 I art     : Background partial concurrent mark sweep GC freed 48624(2MB) AllocSpace objects, 32(824KB) LOS objects, 33% free, 18MB/27MB, paused 908us total 490.763ms
11-01 03:06:26.129 30190 30222 I cr_LibraryLoader: Loaded native library version number "85.0.4183.127"
11-01 03:06:26.129 30190 30222 I cr_CachingUmaRecorder: Flushed 1 samples from 1 histograms.
11-01 03:06:26.138 30161 30220 I chromium: [INFO:child_process_service.cc(69)] ChildProcessService: Exiting child process.
11-01 03:06:26.172 30168 30219 I chromium: [INFO:child_process_service.cc(69)] ChildProcessService: Exiting child process.
11-01 03:06:26.176   197   197 E lowmemorykiller: Error writing /proc/30168/oom_score_adj; errno=22
11-01 03:06:26.214 30190 30222 I chromium: [INFO:child_process_service.cc(69)] ChildProcessService: Exiting child process.
11-01 03:06:26.221   197   197 E lowmemorykiller: Error writing /proc/30190/oom_score_adj; errno=22
11-01 03:06:26.222 29894 29894 D ICU     : No timezone override file found: /data/misc/zoneinfo/current/icu/icu_tzdata.dat
11-01 03:06:26.247 30116 30229 I cr_LibraryLoader: Loaded native library version number "85.0.4183.127"
11-01 03:06:26.252 30116 30229 I cr_CachingUmaRecorder: Flushed 1 samples from 1 histograms.
11-01 03:06:26.335 30093 30194 I chromium: [INFO:child_process_service.cc(69)] ChildProcessService: Exiting child process.
11-01 03:06:26.340 30065 30065 I dex2oat : dex2oat took 1.055s (threads: 2) arena alloc=771KB (790272B) java alloc=81KB (83360B) native alloc=559KB (573208B) free=1488KB (1523944B)
11-01 03:06:26.351 29894 29894 I Radio-JNI: register_android_hardware_Radio DONE
11-01 03:06:26.376 30116 30116 I cr_ChildProcessService: Destroying ChildProcessService pid=30116
11-01 03:06:26.383 30116 30116 I art     : System.exit called, status: 0
11-01 03:06:26.384 30116 30116 I AndroidRuntime: VM exiting with result code 0, cleanup skipped.
11-01 03:06:26.385 29894 29894 D AndroidRuntime: Calling main entry com.android.commands.am.Am
11-01 03:06:26.389 30148 30148 I cr_ChildProcessService: Destroying ChildProcessService pid=30148
11-01 03:06:26.390 30148 30148 I art     : System.exit called, status: 0
11-01 03:06:26.390 30148 30148 I AndroidRuntime: VM exiting with result code 0, cleanup skipped.
11-01 03:06:26.393 30128 30128 I cr_ChildProcessService: Destroying ChildProcessService pid=30128
11-01 03:06:26.393 30161 30161 I cr_ChildProcessService: Destroying ChildProcessService pid=30161
