10-31 15:20:15.317 17218 17218 W CrUtilityMain: type=1400 audit(0.0:14380): avc: denied { setattr } for name="manifest.json" dev="dm-2" ino=54379 scontext=u:r:isolated_app:s0:c512,c768 tcontext=u:object_r:app_data_file:s0:c512,c768 tclass=file permissive=0
10-31 15:20:15.320 17218 17218 W CrUtilityMain: type=1400 audit(0.0:14381): avc: denied { setattr } for name="verified_contents.json" dev="dm-2" ino=54498 scontext=u:r:isolated_app:s0:c512,c768 tcontext=u:object_r:app_data_file:s0:c512,c768 tclass=file permissive=0
10-31 15:20:15.329 17205 17205 I cr_ChildProcessService: Destroying ChildProcessService pid=17205
10-31 15:20:15.333 17205 17205 I art     : System.exit called, status: 0
10-31 15:20:15.333 17205 17205 I AndroidRuntime: VM exiting with result code 0, cleanup skipped.
10-31 15:20:15.350   600  3967 I ActivityManager: Process com.android.chrome:sandboxed_process28 (pid 17205) has died
10-31 15:20:15.350   600  3967 D ActivityManager: cleanUpApplicationRecord -- 17205
10-31 15:20:15.361 16450 16450 W chromium: [WARNING:compositor_view.cc(315)] Child process died (type=6) pid=17205)
10-31 15:20:15.857 16450 16450 V MediaRouter: Adding route: RouteInfo{ name=Tablet, description=null, status=null, category=RouteCategory{ name=null types=ROUTE_TYPE_LIVE_AUDIO ROUTE_TYPE_LIVE_VIDEO  groupable=false }, supportedTypes=ROUTE_TYPE_LIVE_AUDIO ROUTE_TYPE_LIVE_VIDEO , presentationDisplay=null }
10-31 15:20:15.868 16450 16450 V MediaRouter: Updating audio routes: AudioRoutesInfo{ type=SPEAKER }
10-31 15:20:15.870 16450 16450 V MediaRouter: Selecting route: RouteInfo{ name=Tablet, description=null, status=null, category=RouteCategory{ name=null types=ROUTE_TYPE_LIVE_AUDIO ROUTE_TYPE_LIVE_VIDEO  groupable=false }, supportedTypes=ROUTE_TYPE_LIVE_AUDIO ROUTE_TYPE_LIVE_VIDEO , presentationDisplay=null }
10-31 15:20:15.879 16450 16450 I MediaRouter: Found default route: MediaRouter.RouteInfo{ uniqueId=android/Qf:DEFAULT_ROUTE, name=Tablet, description=null, iconUri=null, enabled=true, connecting=false, connectionState=0, canDisconnect=false, playbackType=0, playbackStream=3, deviceType=0, volumeHandling=1, volume=0, volumeMax=15, presentationDisplayId=-1, extras=null, settingsIntent=null, providerPackageName=android }
10-31 15:20:15.879 16450 16450 I MediaRouter: Unselecting the current route because it is no longer selectable: null
10-31 15:20:15.890 16450 16450 V MediaRouter: Selecting route: RouteInfo{ name=Tablet, description=null, status=null, category=RouteCategory{ name=null types=ROUTE_TYPE_LIVE_AUDIO ROUTE_TYPE_LIVE_VIDEO  groupable=false }, supportedTypes=ROUTE_TYPE_LIVE_AUDIO ROUTE_TYPE_LIVE_VIDEO , presentationDisplay=null }
10-31 15:20:16.715   787 28596 W Icing   : isOptedInForAppHistory: empty Account Name encountered
10-31 15:20:16.741   787 28596 W Icing   : isOptedInForAppHistory: empty Account Name encountered
10-31 15:20:16.804   787 14270 W Icing   : isOptedInForAppHistory: empty Account Name encountered
10-31 15:20:17.237 16513 16536 W VideoCapabilities: Unrecognized level 0 for video/x-vnd.on2.vp8
10-31 15:20:17.268 16513 16536 I VideoCapabilities: Unsupported profile 4 for video/mp4v-es
10-31 15:20:17.275 16513 16536 W cr_MediaCodecUtil: HW encoder for video/avc is not available on this device.
10-31 15:20:17.296 16513 17227 W VideoCapabilities: Unrecognized level 0 for video/x-vnd.on2.vp8
10-31 15:20:17.307 16513 17227 I VideoCapabilities: Unsupported profile 4 for video/mp4v-es
10-31 15:20:17.461   600   609 I art     : Background partial concurrent mark sweep GC freed 53301(2MB) AllocSpace objects, 21(532KB) LOS objects, 33% free, 16MB/24MB, paused 948us total 119.407ms
10-31 15:20:17.535   600 13558 I ActivityManager: Start proc 17228:com.android.chrome:sandboxed_process29/u0i397 for service com.android.chrome/org.chromium.content.app.SandboxedProcessService29
10-31 15:20:17.604 17228 17228 W boxed_process29: type=1400 audit(0.0:14382): avc: denied { getattr } for path="/data/data/com.android.chrome" dev="dm-2" ino=12190 scontext=u:r:isolated_app:s0:c512,c768 tcontext=u:object_r:app_data_file:s0:c512,c768 tclass=dir permissive=0
10-31 15:20:17.646 17228 17228 I cr_ChildProcessService: Creating new ChildProcessService pid=17228
10-31 15:20:17.739 17228 17241 I cr_LibraryLoader: Loaded native library version number "85.0.4183.127"
10-31 15:20:17.743 17228 17241 I cr_CachingUmaRecorder: Flushed 1 samples from 1 histograms.
10-31 15:20:17.764 17241 17241 W CrUtilityMain: type=1400 audit(0.0:14383): avc: denied { setattr } for name="safety_tips.pb" dev="dm-2" ino=56690 scontext=u:r:isolated_app:s0:c512,c768 tcontext=u:object_r:app_data_file:s0:c512,c768 tclass=file permissive=0
10-31 15:20:17.764 17241 17241 W CrUtilityMain: type=1400 audit(0.0:14384): avc: denied { setattr } for name="manifest.json" dev="dm-2" ino=56751 scontext=u:r:isolated_app:s0:c512,c768 tcontext=u:object_r:app_data_file:s0:c512,c768 tclass=file permissive=0
10-31 15:20:17.767 17241 17241 W CrUtilityMain: type=1400 audit(0.0:14385): avc: denied { setattr } for name="verified_contents.json" dev="dm-2" ino=57128 scontext=u:r:isolated_app:s0:c512,c768 tcontext=u:object_r:app_data_file:s0:c512,c768 tclass=file permissive=0
10-31 15:20:17.774 17228 17228 I cr_ChildProcessService: Destroying ChildProcessService pid=17228
10-31 15:20:17.775 17228 17241 I chromium: [INFO:child_process_service.cc(69)] ChildProcessService: Exiting child process.
10-31 15:20:17.801   600 17381 I ActivityManager: Process com.android.chrome:sandboxed_process29 (pid 17228) has died
10-31 15:20:17.801   600 17381 D ActivityManager: cleanUpApplicationRecord -- 17228
10-31 15:20:17.803 16450 16450 W chromium: [WARNING:compositor_view.cc(315)] Child process died (type=6) pid=17228)
10-31 15:20:18.295  9432 11672 I CastDatabase: Opening the database
10-31 15:20:18.307  9432  9432 I DiscoveryManager: WifiGuestModeDeviceScanner enabled.
10-31 15:20:18.307   600   647 I WifiHAL : Got channel list with 13 channels
10-31 15:20:18.308   600   647 I WifiHAL : Got channel list with 4 channels
10-31 15:20:18.309   600   647 I WifiHAL : Got channel list with 15 channels
10-31 15:20:18.356  9432 11672 I SQLiteCastStore: 2 CastNetworkInfo instances loaded, 1 CastDeviceInfo instances loaded, 0 paired guest mode devices loaded.
10-31 15:20:18.362  9432 11672 I DiscoveryManager: Filter criteria(37F83649) scannerFlags(0)
10-31 15:20:18.443  9432 11672 I CastDatabase: CastDeviceInfo created: V_c2ca1e01-190f-42b5-8bf8-1c4e7c9a0a46
10-31 15:20:18.445  9432 11672 W GuestModeDeviceProber: setFilterCriteria
10-31 15:20:18.514  9432 11672 E DeviceScanner: [BLE] Failed to start scan because the Bluetooth is disabled.
10-31 15:20:18.519  9432 11672 W DatabaseProcessor: processLocalDevices: failed to get the network info with non-null bssid.
10-31 15:20:18.524  9432 11672 W DatabaseProcessor: processLocalDevices: failed to get the network info with non-null bssid.
10-31 15:20:18.532  9432 11672 E DeviceScanner: [BLE] Failed to start scan because the Bluetooth is disabled.
10-31 15:20:18.533  9432 11672 W DatabaseProcessor: processLocalDevices: failed to get the network info with non-null bssid.
10-31 15:20:18.534  9432 11672 W DatabaseProcessor: processLocalDevices: failed to get the network info with non-null bssid.
10-31 15:20:19.128 16513 16535 I cr_MediaCodecBridge: create MediaCodec video decoder, mime video/avc
10-31 15:20:19.144   246   760 I MediaPlayerService: MediaPlayerService::getOMX
10-31 15:20:19.146 16513 17252 I OMXClient: MuxOMX ctor
10-31 15:20:19.152   243   951 I OMXMaster: makeComponentInstance(OMX.Nvidia.h264.decode) in mediacodec process
10-31 15:20:19.178 16513 17251 I MediaCodec: MediaCodec will operate in async mode
10-31 15:20:19.189 16513 17251 I MediaCodec: [OMX.Nvidia.h264.decode] setting surface generation to 16909313
10-31 15:20:19.193   243  7970 E OMXNodeInstance: getConfig(f300fd:Nvidia.h264.decode, ConfigCommonOutputCrop(0x700000f)) ERROR: BadParameter(0x80001005)
10-31 15:20:19.207 16513 17252 D SurfaceUtils: set up nativeWindow 0xd3840808 for 2526x1000, color 0x106, rotation 0, usage 0x2b00
10-31 15:20:19.216   243 17253 D NvOsDebugPrintf: NvMMLiteOpen : Block : BlockType = 261 
10-31 15:20:19.218   243 17253 D NvOsDebugPrintf: TVMR: NvMMLiteTVMRDecBlockOpen: 5008: NvMMLiteBlockOpen 
10-31 15:20:19.226   243 17253 D NvOsDebugPrintf: NvMMLiteBlockCreate : Block : BlockType = 261 
10-31 15:20:19.243   243 17255 D NvOsDebugPrintf: TVMR: cbBeginSequence: 655: BeginSequence  2528x1008, bVPR = 0
10-31 15:20:19.245   243 17255 D NvOsDebugPrintf: TVMR: cbBeginSequence: 918: DecodeBuffers = 12 
10-31 15:20:19.258   243 17255 D NvOsDebugPrintf: TVMR: cbBeginSequence: 938: Display Resolution : (2526x1000) 
10-31 15:20:19.258   243 17255 D NvOsDebugPrintf: TVMR: cbBeginSequence: 939: Display Aspect Ratio : (2526x1000) 
10-31 15:20:19.258   243 17255 D NvOsDebugPrintf: TVMR: cbBeginSequence: 1041: SurfaceLayout = 3
10-31 15:20:19.258   243 17255 D NvOsDebugPrintf: TVMR: cbBeginSequence: 1071: NumOfSurfaces = 16, InteraceStream = 0, InterlaceEnabled = 0, bSecure = 0, MVC = 0 Semiplanar = 1, bReinit = 1 
10-31 15:20:19.258   243 17255 D NvOsDebugPrintf: Allocating new output: 2528x1008 (x 18), ThumbnailMode = 0
10-31 15:20:19.262 16513 17252 D SurfaceUtils: set up nativeWindow 0xd3840808 for 2528x1008, color 0x106, rotation 0, usage 0x2b00
10-31 15:20:19.263   243 31204 E OMXNodeInstance: setParameter(f300fd:Nvidia.h264.decode, ParamPortDefinition(0x2000001)) ERROR: UnsupportedSetting(0x80001019)
10-31 15:20:19.263 16513 17252 W ACodec  : [OMX.Nvidia.h264.decode] setting nBufferCountActual to 23 failed: -1010
10-31 15:20:19.263   243  3872 E OMXNodeInstance: setParameter(f300fd:Nvidia.h264.decode, ParamPortDefinition(0x2000001)) ERROR: UnsupportedSetting(0x80001019)
10-31 15:20:19.263 16513 17252 W ACodec  : [OMX.Nvidia.h264.decode] setting nBufferCountActual to 22 failed: -1010
10-31 15:20:19.263   243  7993 E OMXNodeInstance: setParameter(f300fd:Nvidia.h264.decode, ParamPortDefinition(0x2000001)) ERROR: UnsupportedSetting(0x80001019)
10-31 15:20:19.263 16513 17252 W ACodec  : [OMX.Nvidia.h264.decode] setting nBufferCountActual to 21 failed: -1010
10-31 15:20:19.540   600  3509 I ActivityManager: Process com.android.defcontainer (pid 13268) has died
10-31 15:20:19.540   600  3509 D ActivityManager: cleanUpApplicationRecord -- 13268
10-31 15:20:20.311   600   611 I ActivityManager: Start proc 17258:com.android.chrome:sandboxed_process30/u0i398 for service com.android.chrome/org.chromium.content.app.SandboxedProcessService30
10-31 15:20:20.387 17258 17258 W boxed_process30: type=1400 audit(0.0:14386): avc: denied { getattr } for path="/data/data/com.android.chrome" dev="dm-2" ino=12190 scontext=u:r:isolated_app:s0:c512,c768 tcontext=u:object_r:app_data_file:s0:c512,c768 tclass=dir permissive=0
10-31 15:20:20.423 17258 17258 I cr_ChildProcessService: Creating new ChildProcessService pid=17258
10-31 15:20:20.498 17258 17271 I cr_LibraryLoader: Loaded native library version number "85.0.4183.127"
10-31 15:20:20.499 17258 17271 I cr_CachingUmaRecorder: Flushed 1 samples from 1 histograms.
10-31 15:20:20.540 17271 17271 W CrUtilityMain: type=1400 audit(0.0:14387): avc: denied { setattr } for name=5072656C6F61642044617461 dev="dm-2" ino=57543 scontext=u:r:isolated_app:s0:c512,c768 tcontext=u:object_r:app_data_file:s0:c512,c768 tclass=file permissive=0
10-31 15:20:20.540 17271 17271 W CrUtilityMain: type=1400 audit(0.0:14388): avc: denied { setattr } for name="manifest.json" dev="dm-2" ino=57558 scontext=u:r:isolated_app:s0:c512,c768 tcontext=u:object_r:app_data_file:s0:c512,c768 tclass=file permissive=0
10-31 15:20:20.557 17271 17271 W CrUtilityMain: type=1400 audit(0.0:14389): avc: denied { setattr } for name="verified_contents.json" dev="dm-2" ino=57575 scontext=u:r:isolated_app:s0:c512,c768 tcontext=u:object_r:app_data_file:s0:c512,c768 tclass=file permissive=0
10-31 15:20:20.596 17258 17258 I cr_ChildProcessService: Destroying ChildProcessService pid=17258
10-31 15:20:20.611 17258 17271 I chromium: [INFO:child_process_service.cc(69)] ChildProcessService: Exiting child process.
10-31 15:20:20.638   600 25704 I ActivityManager: Process com.android.chrome:sandboxed_process30 (pid 17258) has died
10-31 15:20:20.638   600 25704 D ActivityManager: cleanUpApplicationRecord -- 17258
10-31 15:20:20.645 16450 16450 W chromium: [WARNING:compositor_view.cc(315)] Child process died (type=6) pid=17258)
10-31 15:20:21.527  9432 11672 W AdaptiveDiscoveryWorker: Exiting Adaptive Discovery. Current NetworkInfo is NULL.
10-31 15:20:21.595  9432 11672 W DatabaseProcessor: processLocalDevices: failed to get the network info with non-null bssid.
10-31 15:20:23.079 17038 17038 D MonkeyStub: translateCommand: touch down 614 1561
10-31 15:20:23.087 17038 17038 D MonkeyStub: translateCommand: touch move 614 1561
10-31 15:20:23.194 17038 17038 D MonkeyStub: translateCommand: touch move 614 1436
10-31 15:20:23.299 17038 17038 D MonkeyStub: translateCommand: touch move 614 1311
10-31 15:20:23.404 17038 17038 D MonkeyStub: translateCommand: touch move 614 1186
10-31 15:20:23.436   600  3967 I ActivityManager: Start proc 17279:com.android.chrome:sandboxed_process31/u0i399 for service com.android.chrome/org.chromium.content.app.SandboxedProcessService31
10-31 15:20:23.497 17279 17279 W boxed_process31: type=1400 audit(0.0:14390): avc: denied { getattr } for path="/data/data/com.android.chrome" dev="dm-2" ino=12190 scontext=u:r:isolated_app:s0:c512,c768 tcontext=u:object_r:app_data_file:s0:c512,c768 tclass=dir permissive=0
10-31 15:20:23.512 17038 17038 D MonkeyStub: translateCommand: touch move 614 1061
10-31 15:20:23.546 17279 17279 I cr_ChildProcessService: Creating new ChildProcessService pid=17279
10-31 15:20:23.596 17279 17292 I cr_LibraryLoader: Loaded native library version number "85.0.4183.127"
10-31 15:20:23.596 17279 17292 I cr_CachingUmaRecorder: Flushed 1 samples from 1 histograms.
10-31 15:20:23.610 17292 17292 W CrUtilityMain: type=1400 audit(0.0:14391): avc: denied { setattr } for name="tls_deprecation_config.pb" dev="dm-2" ino=57911 scontext=u:r:isolated_app:s0:c512,c768 tcontext=u:object_r:app_data_file:s0:c512,c768 tclass=file permissive=0
10-31 15:20:23.610 17292 17292 W CrUtilityMain: type=1400 audit(0.0:14392): avc: denied { setattr } for name="manifest.json" dev="dm-2" ino=58117 scontext=u:r:isolated_app:s0:c512,c768 tcontext=u:object_r:app_data_file:s0:c512,c768 tclass=file permissive=0
10-31 15:20:23.614 17292 17292 W CrUtilityMain: type=1400 audit(0.0:14393): avc: denied { setattr } for name="verified_contents.json" dev="dm-2" ino=58057 scontext=u:r:isolated_app:s0:c512,c768 tcontext=u:object_r:app_data_file:s0:c512,c768 tclass=file permissive=0
10-31 15:20:23.616 17038 17038 D MonkeyStub: translateCommand: touch move 614 937
10-31 15:20:23.626 17279 17279 I cr_ChildProcessService: Destroying ChildProcessService pid=17279
10-31 15:20:23.627 17279 17292 I chromium: [INFO:child_process_service.cc(69)] ChildProcessService: Exiting child process.
10-31 15:20:23.658   600 17381 I ActivityManager: Process com.android.chrome:sandboxed_process31 (pid 17279) has died
10-31 15:20:23.658   600 17381 D ActivityManager: cleanUpApplicationRecord -- 17279
10-31 15:20:23.671 16450 16450 W chromium: [WARNING:compositor_view.cc(315)] Child process died (type=6) pid=17279)
10-31 15:20:23.730 17038 17038 D MonkeyStub: translateCommand: touch move 614 812
10-31 15:20:23.840 17038 17038 D MonkeyStub: translateCommand: touch move 614 687
10-31 15:20:23.944 17038 17038 D MonkeyStub: translateCommand: touch move 614 562
10-31 15:20:24.047 17038 17038 D MonkeyStub: translateCommand: touch move 614 437
10-31 15:20:24.159 17038 17038 D MonkeyStub: translateCommand: touch move 614 312
10-31 15:20:24.168 17038 17038 D MonkeyStub: translateCommand: touch up 614 312
10-31 15:20:28.228 17038 17038 D MonkeyStub: translateCommand: touch down 614 1561
10-31 15:20:28.237 17038 17038 D MonkeyStub: translateCommand: touch move 614 1561
10-31 15:20:28.345 17038 17038 D MonkeyStub: translateCommand: touch move 614 1436
10-31 15:20:28.457 17038 17038 D MonkeyStub: translateCommand: touch move 614 1311
10-31 15:20:28.569 17038 17038 D MonkeyStub: translateCommand: touch move 614 1186
10-31 15:20:28.687 17038 17038 D MonkeyStub: translateCommand: touch move 614 1061
10-31 15:20:28.793 17038 17038 D MonkeyStub: translateCommand: touch move 614 937
10-31 15:20:28.900 17038 17038 D MonkeyStub: translateCommand: touch move 614 812
10-31 15:20:29.016 17038 17038 D MonkeyStub: translateCommand: touch move 614 687
10-31 15:20:29.122 17038 17038 D MonkeyStub: translateCommand: touch move 614 562
10-31 15:20:29.234 17038 17038 D MonkeyStub: translateCommand: touch move 614 437
10-31 15:20:29.337 17038 17038 D MonkeyStub: translateCommand: touch move 614 312
10-31 15:20:29.347 17038 17038 D MonkeyStub: translateCommand: touch up 614 312
10-31 15:20:29.353 17038 17038 D MonkeyStub: Quit requested
10-31 15:20:29.404   600   614 I CwMcuSensor: CwMcuSensor::flush: fd = 245, sensors_id = 0, path = /sys/class/htc_sensorhub/sensor_hub/flush, err = 0
10-31 15:20:29.424 16450 16460 I art     : Background sticky concurrent mark sweep GC freed 27241(1044KB) AllocSpace objects, 0(0B) LOS objects, 6% free, 18MB/20MB, paused 11.391ms total 118.211ms
10-31 15:20:29.439 17038 17038 I art     : System.exit called, status: 134
10-31 15:20:29.439 17038 17038 I AndroidRuntime: VM exiting with result code 134.
10-31 15:20:29.503  9432  9442 I art     : Background partial concurrent mark sweep GC freed 47881(2MB) AllocSpace objects, 0(0B) LOS objects, 39% free, 7MB/12MB, paused 3.695ms total 172.789ms
10-31 15:20:29.539   600  1079 W WindowManager: Attempted to remove non-existing token: android.os.Binder@8f4247d
10-31 15:20:40.013 16450 16450 I cr_tabmodel: Appending tabs being restored to metadata lists, 0, startingNormalCount: 2, startingIncognitoCount: 0
10-31 15:20:40.013 16450 16450 I cr_tabmodel: Serializing tab lists; counts: 2, 0
10-31 15:20:41.438 16450 16450 I cr_tabmodel: Appending tabs being restored to metadata lists, 0, startingNormalCount: 2, startingIncognitoCount: 0
10-31 15:20:41.438 16450 16450 I cr_tabmodel: Serializing tab lists; counts: 2, 0
10-31 15:20:41.838 16450 16450 I cr_tabmodel: Appending tabs being restored to metadata lists, 0, startingNormalCount: 2, startingIncognitoCount: 0
10-31 15:20:41.838 16450 16450 I cr_tabmodel: Serializing tab lists; counts: 2, 0
10-31 15:20:42.256 16450 16450 I cr_tabmodel: Appending tabs being restored to metadata lists, 0, startingNormalCount: 2, startingIncognitoCount: 0
10-31 15:20:42.256 16450 16450 I cr_tabmodel: Serializing tab lists; counts: 2, 0
10-31 15:20:43.129 16450 16450 I cr_tabmodel: Appending tabs being restored to metadata lists, 0, startingNormalCount: 2, startingIncognitoCount: 0
10-31 15:20:43.132 16450 16450 I cr_tabmodel: Serializing tab lists; counts: 2, 0
10-31 15:20:45.059  9432  9483 I Icing   : IndexChimeraService.getServiceInterface callingPackage=com.android.chrome componentName=null serviceId=36
10-31 15:20:45.163  9432 11672 W Icing   : No valid account for uploading user actions
10-31 15:20:45.193  9432  9468 I Icing   : IndexChimeraService.getServiceInterface callingPackage=com.google.android.gms componentName=null serviceId=30
10-31 15:20:45.353  9432 11672 I Icing   : Usage reports ok 1, Failed Usage reports 0, indexed 1, rejected 0
10-31 15:20:45.357  9432 11672 W Icing   : No valid account for uploading user actions
10-31 15:20:45.367  9432 11672 I Icing   : Usage reports ok 0, Failed Usage reports 0, indexed 0, rejected 0
10-31 15:20:45.371  9432 11672 I Icing   : Indexing com.android.chrome-omnibox from com.android.chrome
10-31 15:20:45.664  9432 11672 I Icing   : Indexing done com.android.chrome-omnibox
10-31 15:20:46.150 17318 17318 D AndroidRuntime: >>>>>> START com.android.internal.os.RuntimeInit uid 2000 <<<<<<
10-31 15:20:46.159 17318 17318 D AndroidRuntime: CheckJNI is OFF
10-31 15:20:46.347 17318 17318 D ICU     : No timezone override file found: /data/misc/zoneinfo/current/icu/icu_tzdata.dat
10-31 15:20:46.410   787 28597 W Icing   : isOptedInForAppHistory: empty Account Name encountered
10-31 15:20:46.437 17318 17318 I Radio-JNI: register_android_hardware_Radio DONE
10-31 15:20:46.474 17318 17318 D AndroidRuntime: Calling main entry com.android.commands.am.Am
10-31 15:20:46.517   600 16391 I ActivityManager: Force stopping com.android.chrome appid=10035 user=0: from pid 17318
10-31 15:20:46.517   600 16391 I ActivityManager: Killing 16513:com.android.chrome:privileged_process0/u0a35 (adj 0): stop com.android.chrome
10-31 15:20:46.517   600 16391 D ActivityManager: cleanUpApplicationRecord -- 16513
10-31 15:20:46.517   600 16391 W ActivityManager: Scheduling restart of crashed service com.android.chrome/org.chromium.content.app.PrivilegedProcessService0 in 1000ms
10-31 15:20:46.525   600 16391 I ActivityManager: Killing 16450:com.android.chrome/u0a35 (adj 0): stop com.android.chrome
10-31 15:20:46.525   600 16391 D ActivityManager: cleanUpApplicationRecord -- 16450
10-31 15:20:46.530  9299  9299 I MemoryTrimmer: Trimming objects from memory, since app is in the background.
10-31 15:20:46.533   600 16391 W ActivityManager: Force removing ActivityRecord{5a5ce04 u0 com.android.chrome/com.google.android.apps.chrome.Main t2357}: app died, no saved state
10-31 15:20:46.540   243   951 E OMXNodeInstance: !!! Observer died. Quickly, do something, ... anything...
10-31 15:20:46.546 16486 16486 I cr_ChildProcessService: Destroying ChildProcessService pid=16486
10-31 15:20:46.563 16946 16946 I cr_ChildProcessService: Destroying ChildProcessService pid=16946
10-31 15:20:46.569   787 14270 W Icing   : isOptedInForAppHistory: empty Account Name encountered
10-31 15:20:46.580   600 16391 I ActivityManager: Killing 16946:com.android.chrome:sandboxed_process21/u0a35i389 (adj 0): isolated not needed
10-31 15:20:46.580   600 16391 I ActivityManager: Killing 16486:com.android.chrome:sandboxed_process0/u0a35i368 (adj 0): isolated not needed
10-31 15:20:46.595 17318 17318 D AndroidRuntime: Shutting down VM
10-31 15:20:46.631 25143 25179 I OpenGLRenderer: Initialized EGL, version 1.4
10-31 15:20:46.631 25143 25179 D OpenGLRenderer: Swap behavior 2
10-31 15:20:46.642   243 17256 D NvOsDebugPrintf: TVMR: TVMRFrameDelivery: 3741: Closing TVMR Frame Delivery Thread -------------
10-31 15:20:46.652   243 17253 D NvOsDebugPrintf: TVMR: NvMMDecTVMRDestroyParser: 4224: NvAvpClose
10-31 15:20:46.652   243 17253 D NvOsDebugPrintf: TVMR: NvMMLiteTVMRDecBlockClose: 5163: Done 
10-31 15:20:46.718  1061  1061 D RegisteredNfcFServicesCache: Service unchanged, not updating
10-31 15:20:46.766   600  6312 D ActivityManager: cleanUpApplicationRecord -- 16486
10-31 15:20:46.797  9299  9310 I AttachedClient: Adding client event 2 to pending list.
10-31 15:20:46.824  9299  9299 I OptInState: There is a new client and it does not support opt-in. Dropping request.
10-31 15:20:46.829  9299  9299 I MicroDetectionWorker: Micro detection mode: [mDetectionMode: [1]].
10-31 15:20:46.891  9299 17337 I MicroRecognitionRunner: Starting detection.
10-31 15:20:46.901  9299  9340 I MicrophoneInputStream: mic_starting com.google.android.apps.gsa.speech.audio.ae@e09c291
10-31 15:20:46.910   238 17339 I AudioFlinger: AudioFlinger's thread 0xef692f80 ready to run
10-31 15:20:46.912   238   285 I SoundTriggerHwService::Module: void android::SoundTriggerHwService::Module::onCallbackEvent(const sp<android::SoundTriggerHwService::CallbackEvent> &) mClient == 0
10-31 15:20:46.914  9299  9340 I MicrophoneInputStream: mic_started com.google.android.apps.gsa.speech.audio.ae@e09c291
10-31 15:20:46.937   600 10249 D ConnectivityService: ConnectivityService NetworkRequestInfo binderDied(NetworkRequest [ LISTEN id=1949, [ Capabilities: INTERNET&NOT_RESTRICTED&TRUSTED&FOREGROUND] ], android.os.BinderProxy@10202e4)
10-31 15:20:46.937   600 10249 D ConnectivityService: ConnectivityService NetworkRequestInfo binderDied(NetworkRequest [ LISTEN id=1948, [ Capabilities: INTERNET&NOT_RESTRICTED&TRUSTED&FOREGROUND] ], android.os.BinderProxy@b14e34d)
10-31 15:20:46.937   600 10249 D GraphicsStats: Buffer count: 2
10-31 15:20:46.940   600 16391 D ConnectivityService: ConnectivityService NetworkRequestInfo binderDied(NetworkRequest [ LISTEN id=1947, [ Capabilities: INTERNET&NOT_RESTRICTED&TRUSTED&FOREGROUND] ], android.os.BinderProxy@9ae1677)
10-31 15:20:46.941   600  6312 D ConnectivityService: ConnectivityService NetworkRequestInfo binderDied(NetworkRequest [ LISTEN id=1946, [ Capabilities: INTERNET&NOT_RESTRICTED&TRUSTED&FOREGROUND] ], android.os.BinderProxy@fb46e02)
10-31 15:20:46.944   600   649 E ConnectivityService: RemoteException caught trying to send a callback msg for NetworkRequest [ LISTEN id=1949, [ Capabilities: INTERNET&NOT_RESTRICTED&TRUSTED&FOREGROUND] ]
10-31 15:20:46.945   600   649 E ConnectivityService: RemoteException caught trying to send a callback msg for NetworkRequest [ LISTEN id=1948, [ Capabilities: INTERNET&NOT_RESTRICTED&TRUSTED&FOREGROUND] ]
10-31 15:20:46.945   600   649 E ConnectivityService: RemoteException caught trying to send a callback msg for NetworkRequest [ LISTEN id=1947, [ Capabilities: INTERNET&NOT_RESTRICTED&TRUSTED&FOREGROUND] ]
10-31 15:20:46.946   600   649 E ConnectivityService: RemoteException caught trying to send a callback msg for NetworkRequest [ LISTEN id=1946, [ Capabilities: INTERNET&NOT_RESTRICTED&TRUSTED&FOREGROUND] ]
10-31 15:20:46.947  9432  9474 I DiscoveryManager: Filter criteria(null) scannerFlags(0)
10-31 15:20:46.948  9432  9474 W GuestModeDeviceProber: setFilterCriteria
10-31 15:20:46.997   600 27731 D ActivityManager: cleanUpApplicationRecord -- 16946
10-31 15:20:47.103  9299  9299 I MicroDetectionWorker: onReady
10-31 15:20:47.172 25143 25179 W OpenGLRenderer: Incorrectly called buildLayer on View: ShortcutAndWidgetContainer, destroying layer...
10-31 15:20:47.218 17334 17334 D AndroidRuntime: >>>>>> START com.android.internal.os.RuntimeInit uid 2000 <<<<<<
10-31 15:20:47.221 17334 17334 D AndroidRuntime: CheckJNI is OFF
10-31 15:20:47.292 17334 17334 D ICU     : No timezone override file found: /data/misc/zoneinfo/current/icu/icu_tzdata.dat
10-31 15:20:47.322 17334 17334 I Radio-JNI: register_android_hardware_Radio DONE
10-31 15:20:47.337 17334 17334 D AndroidRuntime: Calling main entry com.android.commands.pm.Pm
10-31 15:20:47.354   600 13631 I ActivityManager: Force stopping com.android.chrome appid=10035 user=0: clear data
10-31 15:20:47.355   600   613 I ActivityManager: Force stopping com.android.chrome appid=10035 user=-1: clearApplicationUserData
10-31 15:20:47.579   600   625 I ActivityManager: Start proc 17348:com.android.defcontainer/u0a4 for service com.android.defcontainer/.DefaultContainerService
10-31 15:20:47.637   787   787 I GeofencerStateMachine: removeGeofences: removeRequest=RemoveGeofencingRequest[REMOVE_ALL packageName=com.android.chrome]
10-31 15:20:47.642   600   612 W ResourceType: No known package when getting value for resource number 0x7f080316
10-31 15:20:47.642   600   612 W ResourceType: No known package when getting value for resource number 0x7f130448
10-31 15:20:47.644   600   612 W ResourceType: No known package when getting value for resource number 0x7f080315
10-31 15:20:47.644   600   612 W ResourceType: No known package when getting value for resource number 0x7f130123
10-31 15:20:47.644   600   612 W ResourceType: No known package when getting value for resource number 0x7f130447
10-31 15:20:47.644   600   612 W ResourceType: No known package when getting value for resource number 0x7f1302e4
10-31 15:20:47.644   600   612 E ShortcutService: Ignoring excessive intent tag.
10-31 15:20:47.648 17334 17334 I art     : System.exit called, status: 0
10-31 15:20:47.648 17334 17334 I AndroidRuntime: VM exiting with result code 0.
10-31 15:20:47.657  1061  1061 D RegisteredNfcFServicesCache: Service unchanged, not updating
10-31 15:20:47.703  9432  9475 I Icing   : doRemovePackageData com.android.chrome
10-31 15:20:47.703  9432  9475 I Icing   : Removing corpus key com.android.chrome-.implicit: for package com.android.chrome
10-31 15:20:47.762   787 17370 I Fitness : FitCleanupIntentOperation received Intent android.intent.action.PACKAGE_DATA_CLEARED [CONTEXT service_id=17 ]
10-31 15:20:47.778  9432  9475 I native  : flash-index.cc:1519 Flash index sort hb 60 prefix-hits 135 -> 110 at 18.371ms
10-31 15:20:47.821  9432  9475 I Icing   : Removing corpus key com.android.chrome-omnibox for package com.android.chrome
10-31 15:20:47.887  9432  9475 I Icing   : Starting compaction min disk 99.926% min index 99.988%
10-31 15:20:48.015  9432  9475 I native  : document-store.cc:1654 Scored 2401 usage reports, missing_corpora 1301 update_failed 1
10-31 15:20:48.044  9432  9475 W native  : words-map.cc:30 INVALID_ARGUMENT: Empty URI
10-31 15:20:48.044  9432  9475 W native  : words-map.cc:34 WordsMap was not properly initialized
10-31 15:20:48.159  9432  9475 E native  : compactor.cc:67 Could not index embedding for docid 1: INTERNAL: Unable to find Thing Proto section 
10-31 15:20:48.160  9432  9475 E native  : compactor.cc:67 Could not index embedding for docid 3: INTERNAL: Unable to find Thing Proto section 
10-31 15:20:48.160  9432  9475 E native  : compactor.cc:67 Could not index embedding for docid 5: INTERNAL: Unable to find Thing Proto section 
10-31 15:20:48.161  9432  9475 E native  : compactor.cc:67 Could not index embedding for docid 7: INTERNAL: Unable to find Thing Proto section 
10-31 15:20:48.165  9432  9475 E native  : compactor.cc:67 Could not index embedding for docid 8: INTERNAL: Unable to find Thing Proto section 
10-31 15:20:48.165  9432  9475 E native  : compactor.cc:67 Could not index embedding for docid 10: INTERNAL: Unable to find Thing Proto section 
10-31 15:20:48.166  9432  9475 E native  : compactor.cc:67 Could not index embedding for docid 11: INTERNAL: Unable to find Thing Proto section 
10-31 15:20:48.166  9432  9475 E native  : compactor.cc:67 Could not index embedding for docid 13: INTERNAL: Unable to find Thing Proto section 
10-31 15:20:48.166  9432  9475 E native  : compactor.cc:67 Could not index embedding for docid 14: INTERNAL: Unable to find Thing Proto section 
10-31 15:20:48.172  9432  9475 E native  : compactor.cc:67 Could not index embedding for docid 17: INTERNAL: Unable to find Thing Proto section 
10-31 15:20:48.173  9432  9475 E native  : compactor.cc:67 Could not index embedding for docid 18: INTERNAL: Unable to find Thing Proto section 
10-31 15:20:48.174  9432  9475 E native  : compactor.cc:67 Could not index embedding for docid 21: INTERNAL: Unable to find Thing Proto section 
10-31 15:20:48.174  9432  9475 E native  : compactor.cc:67 Could not index embedding for docid 22: INTERNAL: Unable to find Thing Proto section 
10-31 15:20:48.179  9432  9475 E native  : compactor.cc:67 Could not index embedding for docid 26: INTERNAL: Unable to find Thing Proto section 
10-31 15:20:48.179  9432  9475 E native  : compactor.cc:67 Could not index embedding for docid 27: INTERNAL: Unable to find Thing Proto section 
10-31 15:20:48.226  9432  9475 I native  : flash-index.cc:1519 Flash index sort hb 34 prefix-hits 54 -> 54 at 29.601ms
10-31 15:20:48.255  9432  9475 W native  : words-map.cc:30 INVALID_ARGUMENT: Empty URI
10-31 15:20:48.256  9432  9475 W native  : words-map.cc:34 WordsMap was not properly initialized
10-31 15:20:48.338  9432  9475 I Icing   : updateResources: need to parse acol{com.android.chrome}
10-31 15:20:48.414  9432  9475 I Icing   : Indexing com.android.chrome-omnibox from com.android.chrome
10-31 15:20:48.426   600 24611 I ActivityManager: Start proc 17374:com.android.chrome/u0a35 for content provider com.android.chrome/com.google.android.apps.chrome.icing.IcingProvider
10-31 15:20:48.580  9432  9475 I Icing   : Indexing done com.android.chrome-omnibox
