11-01 03:07:17.605   246  9471 I MediaPlayerService: MediaPlayerService::getOMX
11-01 03:07:17.607 29822 30524 I OMXClient: MuxOMX ctor
11-01 03:07:17.613   243 15159 I OMXMaster: makeComponentInstance(OMX.Nvidia.h264.decode) in mediacodec process
11-01 03:07:17.628 29822 30523 I MediaCodec: MediaCodec will operate in async mode
11-01 03:07:17.634 29822 30523 I MediaCodec: [OMX.Nvidia.h264.decode] setting surface generation to 30537729
11-01 03:07:17.637   243   951 E OMXNodeInstance: getConfig(f30125:Nvidia.h264.decode, ConfigCommonOutputCrop(0x700000f)) ERROR: BadParameter(0x80001005)
11-01 03:07:17.648 29822 30524 D SurfaceUtils: set up nativeWindow 0xd26d3008 for 2526x1000, color 0x106, rotation 0, usage 0x2b00
11-01 03:07:17.657   243 30525 D NvOsDebugPrintf: NvMMLiteOpen : Block : BlockType = 261 
11-01 03:07:17.658   243 30525 D NvOsDebugPrintf: TVMR: NvMMLiteTVMRDecBlockOpen: 5008: NvMMLiteBlockOpen 
11-01 03:07:17.674   243 30525 D NvOsDebugPrintf: NvMMLiteBlockCreate : Block : BlockType = 261 
11-01 03:07:17.688   243 30527 D NvOsDebugPrintf: TVMR: cbBeginSequence: 655: BeginSequence  2528x1008, bVPR = 0
11-01 03:07:17.690   243 30527 D NvOsDebugPrintf: TVMR: cbBeginSequence: 918: DecodeBuffers = 12 
11-01 03:07:17.701   243 30527 D NvOsDebugPrintf: TVMR: cbBeginSequence: 938: Display Resolution : (2526x1000) 
11-01 03:07:17.701   243 30527 D NvOsDebugPrintf: TVMR: cbBeginSequence: 939: Display Aspect Ratio : (2526x1000) 
11-01 03:07:17.701   243 30527 D NvOsDebugPrintf: TVMR: cbBeginSequence: 1041: SurfaceLayout = 3
11-01 03:07:17.701   243 30527 D NvOsDebugPrintf: TVMR: cbBeginSequence: 1071: NumOfSurfaces = 16, InteraceStream = 0, InterlaceEnabled = 0, bSecure = 0, MVC = 0 Semiplanar = 1, bReinit = 1 
11-01 03:07:17.701   243 30527 D NvOsDebugPrintf: Allocating new output: 2528x1008 (x 18), ThumbnailMode = 0
11-01 03:07:17.712 29822 30524 D SurfaceUtils: set up nativeWindow 0xd26d3008 for 2528x1008, color 0x106, rotation 0, usage 0x2b00
11-01 03:07:17.712   243   905 E OMXNodeInstance: setParameter(f30125:Nvidia.h264.decode, ParamPortDefinition(0x2000001)) ERROR: UnsupportedSetting(0x80001019)
11-01 03:07:17.712 29822 30524 W ACodec  : [OMX.Nvidia.h264.decode] setting nBufferCountActual to 23 failed: -1010
11-01 03:07:17.713   243  7993 E OMXNodeInstance: setParameter(f30125:Nvidia.h264.decode, ParamPortDefinition(0x2000001)) ERROR: UnsupportedSetting(0x80001019)
11-01 03:07:17.713 29822 30524 W ACodec  : [OMX.Nvidia.h264.decode] setting nBufferCountActual to 22 failed: -1010
11-01 03:07:17.713   243   951 E OMXNodeInstance: setParameter(f30125:Nvidia.h264.decode, ParamPortDefinition(0x2000001)) ERROR: UnsupportedSetting(0x80001019)
11-01 03:07:17.713 29822 30524 W ACodec  : [OMX.Nvidia.h264.decode] setting nBufferCountActual to 21 failed: -1010
11-01 03:07:19.220   600  3675 I ActivityManager: Start proc 30531:com.android.chrome:sandboxed_process29/u0i200 for service com.android.chrome/org.chromium.content.app.SandboxedProcessService29
11-01 03:07:19.277 30531 30531 W boxed_process29: type=1400 audit(0.0:17568): avc: denied { getattr } for path="/data/data/com.android.chrome" dev="dm-2" ino=12190 scontext=u:r:isolated_app:s0:c512,c768 tcontext=u:object_r:app_data_file:s0:c512,c768 tclass=dir permissive=0
11-01 03:07:19.306 30531 30531 I cr_ChildProcessService: Creating new ChildProcessService pid=30531
11-01 03:07:19.402 30531 30544 I cr_LibraryLoader: Loaded native library version number "85.0.4183.127"
11-01 03:07:19.402 30531 30544 I cr_CachingUmaRecorder: Flushed 1 samples from 1 histograms.
11-01 03:07:19.434 30544 30544 W CrUtilityMain: type=1400 audit(0.0:17569): avc: denied { setattr } for name=5072656C6F61642044617461 dev="dm-2" ino=59280 scontext=u:r:isolated_app:s0:c512,c768 tcontext=u:object_r:app_data_file:s0:c512,c768 tclass=file permissive=0
11-01 03:07:19.434 30544 30544 W CrUtilityMain: type=1400 audit(0.0:17570): avc: denied { setattr } for name="manifest.json" dev="dm-2" ino=59233 scontext=u:r:isolated_app:s0:c512,c768 tcontext=u:object_r:app_data_file:s0:c512,c768 tclass=file permissive=0
11-01 03:07:19.437 30544 30544 W CrUtilityMain: type=1400 audit(0.0:17571): avc: denied { setattr } for name="verified_contents.json" dev="dm-2" ino=59301 scontext=u:r:isolated_app:s0:c512,c768 tcontext=u:object_r:app_data_file:s0:c512,c768 tclass=file permissive=0
11-01 03:07:19.448 30531 30531 I cr_ChildProcessService: Destroying ChildProcessService pid=30531
11-01 03:07:19.449 30531 30544 I chromium: [INFO:child_process_service.cc(69)] ChildProcessService: Exiting child process.
11-01 03:07:19.472   600   713 I ActivityManager: Process com.android.chrome:sandboxed_process29 (pid 30531) has died
11-01 03:07:19.472   600   713 D ActivityManager: cleanUpApplicationRecord -- 30531
11-01 03:07:19.486 29761 29761 W chromium: [WARNING:compositor_view.cc(315)] Child process died (type=6) pid=30531)
11-01 03:07:20.330 27684 28024 W DatabaseProcessor: processLocalDevices: failed to get the network info with non-null bssid.
11-01 03:07:20.355 27684 28024 W AdaptiveDiscoveryWorker: Exiting Adaptive Discovery. Current NetworkInfo is NULL.
11-01 03:07:21.863   600   609 I art     : Background partial concurrent mark sweep GC freed 91156(4MB) AllocSpace objects, 31(780KB) LOS objects, 33% free, 17MB/26MB, paused 1.296ms total 133.940ms
11-01 03:07:22.716   600 29683 I ActivityManager: Start proc 30553:com.android.chrome:sandboxed_process30/u0i201 for service com.android.chrome/org.chromium.content.app.SandboxedProcessService30
11-01 03:07:22.777 30553 30553 W boxed_process30: type=1400 audit(0.0:17572): avc: denied { getattr } for path="/data/data/com.android.chrome" dev="dm-2" ino=12190 scontext=u:r:isolated_app:s0:c512,c768 tcontext=u:object_r:app_data_file:s0:c512,c768 tclass=dir permissive=0
11-01 03:07:22.803 30553 30553 I cr_ChildProcessService: Creating new ChildProcessService pid=30553
11-01 03:07:22.879 30553 30566 I cr_LibraryLoader: Loaded native library version number "85.0.4183.127"
11-01 03:07:22.879 30553 30566 I cr_CachingUmaRecorder: Flushed 1 samples from 1 histograms.
11-01 03:07:22.917 30566 30566 W CrUtilityMain: type=1400 audit(0.0:17573): avc: denied { setattr } for name="tls_deprecation_config.pb" dev="dm-2" ino=59728 scontext=u:r:isolated_app:s0:c512,c768 tcontext=u:object_r:app_data_file:s0:c512,c768 tclass=file permissive=0
11-01 03:07:22.920 30566 30566 W CrUtilityMain: type=1400 audit(0.0:17574): avc: denied { setattr } for name="manifest.json" dev="dm-2" ino=59931 scontext=u:r:isolated_app:s0:c512,c768 tcontext=u:object_r:app_data_file:s0:c512,c768 tclass=file permissive=0
11-01 03:07:22.924 30566 30566 W CrUtilityMain: type=1400 audit(0.0:17575): avc: denied { setattr } for name="verified_contents.json" dev="dm-2" ino=59966 scontext=u:r:isolated_app:s0:c512,c768 tcontext=u:object_r:app_data_file:s0:c512,c768 tclass=file permissive=0
11-01 03:07:22.948 30553 30553 I cr_ChildProcessService: Destroying ChildProcessService pid=30553
11-01 03:07:22.949 30553 30566 I chromium: [INFO:child_process_service.cc(69)] ChildProcessService: Exiting child process.
11-01 03:07:22.970   600 29683 I ActivityManager: Process com.android.chrome:sandboxed_process30 (pid 30553) has died
11-01 03:07:22.970   600 29683 D ActivityManager: cleanUpApplicationRecord -- 30553
11-01 03:07:22.979 29761 29761 W chromium: [WARNING:compositor_view.cc(315)] Child process died (type=6) pid=30553)
11-01 03:07:23.094   600  3967 I ActivityManager: Process android.process.acore (pid 28137) has died
11-01 03:07:23.094   600  3967 D ActivityManager: cleanUpApplicationRecord -- 28137
11-01 03:07:23.516 30315 30315 D MonkeyStub: translateCommand: touch down 614 1561
11-01 03:07:23.524 30315 30315 D MonkeyStub: translateCommand: touch move 614 1561
11-01 03:07:23.631 30315 30315 D MonkeyStub: translateCommand: touch move 614 1436
11-01 03:07:23.738 30315 30315 D MonkeyStub: translateCommand: touch move 614 1311
11-01 03:07:23.869 30315 30315 D MonkeyStub: translateCommand: touch move 614 1186
11-01 03:07:23.998 30315 30315 D MonkeyStub: translateCommand: touch move 614 1061
11-01 03:07:24.122 30315 30315 D MonkeyStub: translateCommand: touch move 614 937
11-01 03:07:24.230 30315 30315 D MonkeyStub: translateCommand: touch move 614 812
11-01 03:07:24.337 30315 30315 D MonkeyStub: translateCommand: touch move 614 687
11-01 03:07:24.464 30315 30315 D MonkeyStub: translateCommand: touch move 614 562
11-01 03:07:24.575 30315 30315 D MonkeyStub: translateCommand: touch move 614 437
11-01 03:07:24.685 30315 30315 D MonkeyStub: translateCommand: touch move 614 312
11-01 03:07:24.690 30315 30315 D MonkeyStub: translateCommand: touch up 614 312
11-01 03:07:28.051 29761 29761 I cr_tabmodel: Appending tabs being restored to metadata lists, 0, startingNormalCount: 2, startingIncognitoCount: 0
11-01 03:07:28.051 29761 29761 I cr_tabmodel: Serializing tab lists; counts: 2, 0
11-01 03:07:28.652   600 13558 I ActivityManager: Process android.process.media (pid 28719) has died
11-01 03:07:28.652   600 13558 D ActivityManager: cleanUpApplicationRecord -- 28719
11-01 03:07:28.658 29761 29794 I cr_BindingManager: onTrimMemory: level=10, size=1
11-01 03:07:28.658 29761 29794 I cr_BindingManager: Reduce connections from 1 to 0
11-01 03:07:28.747 30315 30315 D MonkeyStub: translateCommand: touch down 614 1561
11-01 03:07:28.772 30315 30315 D MonkeyStub: translateCommand: touch move 614 1561
11-01 03:07:28.795 29761 29761 I cr_tabmodel: Appending tabs being restored to metadata lists, 0, startingNormalCount: 2, startingIncognitoCount: 0
11-01 03:07:28.795 29761 29761 I cr_tabmodel: Serializing tab lists; counts: 2, 0
11-01 03:07:28.895 30315 30315 D MonkeyStub: translateCommand: touch move 614 1436
11-01 03:07:29.043 30315 30315 D MonkeyStub: translateCommand: touch move 614 1311
11-01 03:07:29.165 30315 30315 D MonkeyStub: translateCommand: touch move 614 1186
11-01 03:07:29.302 30315 30315 D MonkeyStub: translateCommand: touch move 614 1061
11-01 03:07:29.337 29761 29761 I cr_tabmodel: Appending tabs being restored to metadata lists, 0, startingNormalCount: 2, startingIncognitoCount: 0
11-01 03:07:29.337 29761 29761 I cr_tabmodel: Serializing tab lists; counts: 2, 0
11-01 03:07:29.448 30315 30315 D MonkeyStub: translateCommand: touch move 614 937
11-01 03:07:29.454 29761 29761 I cr_tabmodel: Appending tabs being restored to metadata lists, 0, startingNormalCount: 2, startingIncognitoCount: 0
11-01 03:07:29.454 29761 29761 I cr_tabmodel: Serializing tab lists; counts: 2, 0
11-01 03:07:29.565 30315 30315 D MonkeyStub: translateCommand: touch move 614 812
11-01 03:07:29.700 30315 30315 D MonkeyStub: translateCommand: touch move 614 687
11-01 03:07:29.706 29761 29761 I cr_tabmodel: Appending tabs being restored to metadata lists, 0, startingNormalCount: 2, startingIncognitoCount: 0
11-01 03:07:29.706 29761 29761 I cr_tabmodel: Serializing tab lists; counts: 2, 0
11-01 03:07:29.820 30315 30315 D MonkeyStub: translateCommand: touch move 614 562
11-01 03:07:29.957 30315 30315 D MonkeyStub: translateCommand: touch move 614 437
11-01 03:07:30.011   600  3507 I ActivityManager: Process com.android.defcontainer (pid 14940) has died
11-01 03:07:30.011   600  3507 D ActivityManager: cleanUpApplicationRecord -- 14940
11-01 03:07:30.072 30315 30315 D MonkeyStub: translateCommand: touch move 614 312
11-01 03:07:30.098 30315 30315 D MonkeyStub: translateCommand: touch up 614 312
11-01 03:07:30.129 30315 30315 D MonkeyStub: Quit requested
11-01 03:07:30.156   600   614 I CwMcuSensor: CwMcuSensor::flush: fd = 234, sensors_id = 0, path = /sys/class/htc_sensorhub/sensor_hub/flush, err = 0
11-01 03:07:30.181 30315 30315 I art     : System.exit called, status: 134
11-01 03:07:30.182 30315 30315 I AndroidRuntime: VM exiting with result code 134.
11-01 03:07:30.253   600  7064 W WindowManager: Attempted to remove non-existing token: android.os.Binder@62fcd9d
11-01 03:07:44.362 27684 28169 I Icing   : IndexChimeraService.getServiceInterface callingPackage=com.android.chrome componentName=null serviceId=36
11-01 03:07:44.398 27684 28024 W Icing   : No valid account for uploading user actions
11-01 03:07:44.431 27684 28169 I Icing   : IndexChimeraService.getServiceInterface callingPackage=com.google.android.gms componentName=null serviceId=30
11-01 03:07:44.477 27684 28024 I Icing   : Usage reports ok 1, Failed Usage reports 0, indexed 1, rejected 0
11-01 03:07:44.481 27684 28024 W Icing   : No valid account for uploading user actions
11-01 03:07:44.492 27684 28024 I Icing   : Usage reports ok 0, Failed Usage reports 0, indexed 0, rejected 0
11-01 03:07:44.495 27684 28024 I Icing   : Indexing com.android.chrome-omnibox from com.android.chrome
11-01 03:07:44.531 27684 28024 I Icing   : Indexing done com.android.chrome-omnibox
11-01 03:07:45.526   787 28591 W Icing   : isOptedInForAppHistory: empty Account Name encountered
11-01 03:07:45.577   787 22453 W Icing   : isOptedInForAppHistory: empty Account Name encountered
11-01 03:07:46.444 30592 30592 D AndroidRuntime: >>>>>> START com.android.internal.os.RuntimeInit uid 2000 <<<<<<
11-01 03:07:46.452 30592 30592 D AndroidRuntime: CheckJNI is OFF
11-01 03:07:46.613 30592 30592 D ICU     : No timezone override file found: /data/misc/zoneinfo/current/icu/icu_tzdata.dat
11-01 03:07:46.674 30592 30592 I Radio-JNI: register_android_hardware_Radio DONE
11-01 03:07:46.706 30592 30592 D AndroidRuntime: Calling main entry com.android.commands.am.Am
11-01 03:07:46.728   600 17381 I ActivityManager: Force stopping com.android.chrome appid=10035 user=0: from pid 30592
11-01 03:07:46.728   600 17381 I ActivityManager: Killing 29822:com.android.chrome:privileged_process0/u0a35 (adj 0): stop com.android.chrome
11-01 03:07:46.729   600 17381 D ActivityManager: cleanUpApplicationRecord -- 29822
11-01 03:07:46.729   600 17381 W ActivityManager: Scheduling restart of crashed service com.android.chrome/org.chromium.content.app.PrivilegedProcessService0 in 1000ms
11-01 03:07:46.729   600 17381 I ActivityManager: Killing 29761:com.android.chrome/u0a35 (adj 0): stop com.android.chrome
11-01 03:07:46.729   600 17381 D ActivityManager: cleanUpApplicationRecord -- 29761
11-01 03:07:46.731   600 17381 I ActivityManager: Killing 29795:com.android.chrome:sandboxed_process0/u0a35i171 (adj 0): isolated not needed
11-01 03:07:46.743   600 17381 W ActivityManager: Force removing ActivityRecord{6604f36 u0 com.android.chrome/com.google.android.apps.chrome.Main t2629}: app died, no saved state
11-01 03:07:46.762   243   952 E OMXNodeInstance: !!! Observer died. Quickly, do something, ... anything...
11-01 03:07:46.769 30261 30261 I cr_ChildProcessService: Destroying ChildProcessService pid=30261
11-01 03:07:46.774   600   620 E JavaBinder: !!! FAILED BINDER TRANSACTION !!!  (parcel size = 60)
11-01 03:07:46.776   600 17381 I ActivityManager: Killing 30261:com.android.chrome:sandboxed_process20/u0a35i191 (adj 0): isolated not needed
11-01 03:07:46.778   600  3509 D ConnectivityService: ConnectivityService NetworkRequestInfo binderDied(NetworkRequest [ LISTEN id=2374, [ Capabilities: INTERNET&NOT_RESTRICTED&TRUSTED&FOREGROUND] ], android.os.BinderProxy@f77a3bc)
11-01 03:07:46.778   600   707 D ConnectivityService: ConnectivityService NetworkRequestInfo binderDied(NetworkRequest [ LISTEN id=2373, [ Capabilities: INTERNET&NOT_RESTRICTED&TRUSTED&FOREGROUND] ], android.os.BinderProxy@93c2f45)
11-01 03:07:46.778   600  3675 D ConnectivityService: ConnectivityService NetworkRequestInfo binderDied(NetworkRequest [ LISTEN id=2371, [ Capabilities: INTERNET&NOT_RESTRICTED&TRUSTED&FOREGROUND] ], android.os.BinderProxy@965569a)
11-01 03:07:46.780   600  3675 D GraphicsStats: Buffer count: 2
11-01 03:07:46.782   600  3509 D ConnectivityService: ConnectivityService NetworkRequestInfo binderDied(NetworkRequest [ LISTEN id=2372, [ Capabilities: INTERNET&NOT_RESTRICTED&TRUSTED&FOREGROUND] ], android.os.BinderProxy@5a4fbcb)
11-01 03:07:46.787   600   649 E ConnectivityService: RemoteException caught trying to send a callback msg for NetworkRequest [ LISTEN id=2374, [ Capabilities: INTERNET&NOT_RESTRICTED&TRUSTED&FOREGROUND] ]
11-01 03:07:46.789   600   649 E ConnectivityService: RemoteException caught trying to send a callback msg for NetworkRequest [ LISTEN id=2373, [ Capabilities: INTERNET&NOT_RESTRICTED&TRUSTED&FOREGROUND] ]
11-01 03:07:46.794   600   649 E ConnectivityService: RemoteException caught trying to send a callback msg for NetworkRequest [ LISTEN id=2371, [ Capabilities: INTERNET&NOT_RESTRICTED&TRUSTED&FOREGROUND] ]
11-01 03:07:46.795   600   649 E ConnectivityService: RemoteException caught trying to send a callback msg for NetworkRequest [ LISTEN id=2372, [ Capabilities: INTERNET&NOT_RESTRICTED&TRUSTED&FOREGROUND] ]
11-01 03:07:46.802   600 13558 D ActivityManager: cleanUpApplicationRecord -- 29795
11-01 03:07:46.813 30592 30592 D AndroidRuntime: Shutting down VM
11-01 03:07:46.837 27684 29591 I DiscoveryManager: Filter criteria(null) scannerFlags(0)
11-01 03:07:46.840 12218 12218 I MemoryTrimmer: Trimming objects from memory, since app is in the background.
11-01 03:07:46.862 27684 29591 W GuestModeDeviceProber: setFilterCriteria
11-01 03:07:46.869   243 30528 D NvOsDebugPrintf: TVMR: TVMRFrameDelivery: 3741: Closing TVMR Frame Delivery Thread -------------
11-01 03:07:46.875   243 30525 D NvOsDebugPrintf: TVMR: NvMMDecTVMRDestroyParser: 4224: NvAvpClose
11-01 03:07:46.881 18269 18304 I OpenGLRenderer: Initialized EGL, version 1.4
11-01 03:07:46.881 18269 18304 D OpenGLRenderer: Swap behavior 2
11-01 03:07:46.909   243 30525 D NvOsDebugPrintf: TVMR: NvMMLiteTVMRDecBlockClose: 5163: Done 
11-01 03:07:46.927  1061  1061 D RegisteredNfcFServicesCache: Service unchanged, not updating
11-01 03:07:46.929   600 24611 D ActivityManager: cleanUpApplicationRecord -- 30261
11-01 03:07:47.025 12218 19490 I AttachedClient: Adding client event 2 to pending list.
11-01 03:07:47.065 12218 12218 I OptInState: There is a new client and it does not support opt-in. Dropping request.
11-01 03:07:47.068 12218 12218 I MicroDetectionWorker: Micro detection mode: [mDetectionMode: [1]].
11-01 03:07:47.082   600   612 W ProcessCpuTracker: Skipping unknown process pid 30261
11-01 03:07:47.082   600   612 W ProcessCpuTracker: Skipping unknown process pid 30592
11-01 03:07:47.111 12218 30608 I MicroRecognitionRunner: Starting detection.
11-01 03:07:47.114 12218 28943 I MicrophoneInputStream: mic_starting com.google.android.apps.gsa.speech.audio.ae@a64ceb7
11-01 03:07:47.126   238   285 I SoundTriggerHwService::Module: void android::SoundTriggerHwService::Module::onCallbackEvent(const sp<android::SoundTriggerHwService::CallbackEvent> &) mClient == 0
11-01 03:07:47.132   238 30610 I AudioFlinger: AudioFlinger's thread 0xef692040 ready to run
11-01 03:07:47.134 12218 28943 I MicrophoneInputStream: mic_started com.google.android.apps.gsa.speech.audio.ae@a64ceb7
11-01 03:07:47.320 12218 12218 I MicroDetectionWorker: onReady
11-01 03:07:47.422 18269 18304 W OpenGLRenderer: Incorrectly called buildLayer on View: ShortcutAndWidgetContainer, destroying layer...
11-01 03:07:47.462 30605 30605 D AndroidRuntime: >>>>>> START com.android.internal.os.RuntimeInit uid 2000 <<<<<<
11-01 03:07:47.465 30605 30605 D AndroidRuntime: CheckJNI is OFF
11-01 03:07:47.533 30605 30605 D ICU     : No timezone override file found: /data/misc/zoneinfo/current/icu/icu_tzdata.dat
11-01 03:07:47.565 30605 30605 I Radio-JNI: register_android_hardware_Radio DONE
11-01 03:07:47.580 30605 30605 D AndroidRuntime: Calling main entry com.android.commands.pm.Pm
11-01 03:07:47.596   600  9614 I ActivityManager: Force stopping com.android.chrome appid=10035 user=0: clear data
11-01 03:07:47.597   600   613 I ActivityManager: Force stopping com.android.chrome appid=10035 user=-1: clearApplicationUserData
11-01 03:07:47.787   600   625 I ActivityManager: Start proc 30619:com.android.defcontainer/u0a4 for service com.android.defcontainer/.DefaultContainerService
11-01 03:07:47.850   787   787 I GeofencerStateMachine: removeGeofences: removeRequest=RemoveGeofencingRequest[REMOVE_ALL packageName=com.android.chrome]
11-01 03:07:47.856  1061  1061 D RegisteredNfcFServicesCache: Service unchanged, not updating
11-01 03:07:47.856 30605 30605 I art     : System.exit called, status: 0
11-01 03:07:47.856 30605 30605 I AndroidRuntime: VM exiting with result code 0.
11-01 03:07:47.860   600   612 W ResourceType: No known package when getting value for resource number 0x7f080316
11-01 03:07:47.860   600   612 W ResourceType: No known package when getting value for resource number 0x7f130448
11-01 03:07:47.863   600   612 W ResourceType: No known package when getting value for resource number 0x7f080315
11-01 03:07:47.863   600   612 W ResourceType: No known package when getting value for resource number 0x7f130123
11-01 03:07:47.863   600   612 W ResourceType: No known package when getting value for resource number 0x7f130447
11-01 03:07:47.863   600   612 W ResourceType: No known package when getting value for resource number 0x7f1302e4
11-01 03:07:47.863   600   612 E ShortcutService: Ignoring excessive intent tag.
11-01 03:07:47.910 27684 28025 I Icing   : doRemovePackageData com.android.chrome
11-01 03:07:47.911 27684 28025 I Icing   : Removing corpus key com.android.chrome-.implicit: for package com.android.chrome
11-01 03:07:47.963   787 30642 I Fitness : FitCleanupIntentOperation received Intent android.intent.action.PACKAGE_DATA_CLEARED [CONTEXT service_id=17 ]
11-01 03:07:47.970 27684 28025 I native  : flash-index.cc:1519 Flash index sort hb 60 prefix-hits 138 -> 113 at 19.840ms
11-01 03:07:48.015 27684 28025 I Icing   : Removing corpus key com.android.chrome-omnibox for package com.android.chrome
11-01 03:07:48.079 27684 28025 I Icing   : Starting compaction min disk 99.926% min index 99.986%
11-01 03:07:48.214 27684 28025 I native  : document-store.cc:1654 Scored 2665 usage reports, missing_corpora 1452 update_failed 1
11-01 03:07:48.246 27684 28025 W native  : words-map.cc:30 INVALID_ARGUMENT: Empty URI
11-01 03:07:48.246 27684 28025 W native  : words-map.cc:34 WordsMap was not properly initialized
11-01 03:07:48.336 27684 28025 E native  : compactor.cc:67 Could not index embedding for docid 1: INTERNAL: Unable to find Thing Proto section 
11-01 03:07:48.336 27684 28025 E native  : compactor.cc:67 Could not index embedding for docid 3: INTERNAL: Unable to find Thing Proto section 
11-01 03:07:48.337 27684 28025 E native  : compactor.cc:67 Could not index embedding for docid 5: INTERNAL: Unable to find Thing Proto section 
11-01 03:07:48.337 27684 28025 E native  : compactor.cc:67 Could not index embedding for docid 7: INTERNAL: Unable to find Thing Proto section 
11-01 03:07:48.343 27684 28025 E native  : compactor.cc:67 Could not index embedding for docid 8: INTERNAL: Unable to find Thing Proto section 
11-01 03:07:48.344 27684 28025 E native  : compactor.cc:67 Could not index embedding for docid 10: INTERNAL: Unable to find Thing Proto section 
11-01 03:07:48.344 27684 28025 E native  : compactor.cc:67 Could not index embedding for docid 11: INTERNAL: Unable to find Thing Proto section 
11-01 03:07:48.345 27684 28025 E native  : compactor.cc:67 Could not index embedding for docid 13: INTERNAL: Unable to find Thing Proto section 
11-01 03:07:48.345 27684 28025 E native  : compactor.cc:67 Could not index embedding for docid 14: INTERNAL: Unable to find Thing Proto section 
11-01 03:07:48.351 27684 28025 E native  : compactor.cc:67 Could not index embedding for docid 17: INTERNAL: Unable to find Thing Proto section 
11-01 03:07:48.352 27684 28025 E native  : compactor.cc:67 Could not index embedding for docid 18: INTERNAL: Unable to find Thing Proto section 
11-01 03:07:48.352 27684 28025 E native  : compactor.cc:67 Could not index embedding for docid 21: INTERNAL: Unable to find Thing Proto section 
11-01 03:07:48.353 27684 28025 E native  : compactor.cc:67 Could not index embedding for docid 22: INTERNAL: Unable to find Thing Proto section 
11-01 03:07:48.359 27684 28025 E native  : compactor.cc:67 Could not index embedding for docid 26: INTERNAL: Unable to find Thing Proto section 
11-01 03:07:48.359 27684 28025 E native  : compactor.cc:67 Could not index embedding for docid 27: INTERNAL: Unable to find Thing Proto section 
11-01 03:07:48.412 27684 28025 I native  : flash-index.cc:1519 Flash index sort hb 34 prefix-hits 54 -> 54 at 35.453ms
11-01 03:07:48.442 27684 28025 W native  : words-map.cc:30 INVALID_ARGUMENT: Empty URI
11-01 03:07:48.442 27684 28025 W native  : words-map.cc:34 WordsMap was not properly initialized
11-01 03:07:48.491 27684 28025 I Icing   : updateResources: need to parse acol{com.android.chrome}
11-01 03:07:48.558 27684 28025 I Icing   : Indexing com.android.chrome-omnibox from com.android.chrome
11-01 03:07:48.569   600  3967 I ActivityManager: Start proc 30647:com.android.chrome/u0a35 for content provider com.android.chrome/com.google.android.apps.chrome.icing.IcingProvider
11-01 03:07:48.674 27684 28025 I Icing   : Indexing done com.android.chrome-omnibox
