11-01 21:33:29.180   785  1586 W Icing   : isOptedInForAppHistory: empty Account Name encountered
11-01 21:33:29.212   785  4781 W Icing   : isOptedInForAppHistory: empty Account Name encountered
11-01 21:33:36.219  7551  7551 D AndroidRuntime: >>>>>> START com.android.internal.os.RuntimeInit uid 2000 <<<<<<
11-01 21:33:36.224  7551  7551 D AndroidRuntime: CheckJNI is OFF
11-01 21:33:36.297  7551  7551 D ICU     : No timezone override file found: /data/misc/zoneinfo/current/icu/icu_tzdata.dat
11-01 21:33:36.327  7551  7551 I Radio-JNI: register_android_hardware_Radio DONE
11-01 21:33:36.343  7551  7551 D AndroidRuntime: Calling main entry com.android.commands.am.Am
11-01 21:33:36.360   600  1665 I ActivityManager: Force stopping com.android.chrome appid=10035 user=0: from pid 7551
11-01 21:33:36.360   600  1665 I ActivityManager: Killing 6870:com.android.chrome:privileged_process0/u0a35 (adj 0): stop com.android.chrome
11-01 21:33:36.361   600  1665 D ActivityManager: cleanUpApplicationRecord -- 6870
11-01 21:33:36.361   600  1665 W ActivityManager: Scheduling restart of crashed service com.android.chrome/org.chromium.content.app.PrivilegedProcessService0 in 1000ms
11-01 21:33:36.361   600  1665 I ActivityManager: Killing 6807:com.android.chrome/u0a35 (adj 0): stop com.android.chrome
11-01 21:33:36.361   600  1665 D ActivityManager: cleanUpApplicationRecord -- 6807
11-01 21:33:36.363   600  1665 W ActivityManager: Force removing ActivityRecord{cf09f9 u0 com.android.chrome/com.google.android.apps.chrome.Main t1344}: app died, no saved state
11-01 21:33:36.375   600  1665 I ActivityManager: Killing 7203:com.android.chrome:sandboxed_process16/u0a35i510 (adj 0): isolated not needed
11-01 21:33:36.375   600  1665 I ActivityManager: Killing 6844:com.android.chrome:sandboxed_process0/u0a35i494 (adj 0): isolated not needed
11-01 21:33:36.399  7551  7551 D AndroidRuntime: Shutting down VM
11-01 21:33:36.415   600  6822 D ConnectivityService: ConnectivityService NetworkRequestInfo binderDied(NetworkRequest [ LISTEN id=397, [ Capabilities: INTERNET&NOT_RESTRICTED&TRUSTED&FOREGROUND] ], android.os.BinderProxy@b2da10a)
11-01 21:33:36.415   600  6822 D ConnectivityService: ConnectivityService NetworkRequestInfo binderDied(NetworkRequest [ LISTEN id=395, [ Capabilities: INTERNET&NOT_RESTRICTED&TRUSTED&FOREGROUND] ], android.os.BinderProxy@13acd7b)
11-01 21:33:36.415   600  6822 D ConnectivityService: ConnectivityService NetworkRequestInfo binderDied(NetworkRequest [ LISTEN id=396, [ Capabilities: INTERNET&NOT_RESTRICTED&TRUSTED&FOREGROUND] ], android.os.BinderProxy@8c72798)
11-01 21:33:36.415   600  1666 D ConnectivityService: ConnectivityService NetworkRequestInfo binderDied(NetworkRequest [ LISTEN id=394, [ Capabilities: INTERNET&NOT_RESTRICTED&TRUSTED&FOREGROUND] ], android.os.BinderProxy@26c5bf1)
11-01 21:33:36.415   600  6822 D GraphicsStats: Buffer count: 2
11-01 21:33:36.417   600   649 E ConnectivityService: RemoteException caught trying to send a callback msg for NetworkRequest [ LISTEN id=397, [ Capabilities: INTERNET&NOT_RESTRICTED&TRUSTED&FOREGROUND] ]
11-01 21:33:36.417   600   649 E ConnectivityService: RemoteException caught trying to send a callback msg for NetworkRequest [ LISTEN id=395, [ Capabilities: INTERNET&NOT_RESTRICTED&TRUSTED&FOREGROUND] ]
11-01 21:33:36.417   600   649 E ConnectivityService: RemoteException caught trying to send a callback msg for NetworkRequest [ LISTEN id=396, [ Capabilities: INTERNET&NOT_RESTRICTED&TRUSTED&FOREGROUND] ]
11-01 21:33:36.418   600   649 E ConnectivityService: RemoteException caught trying to send a callback msg for NetworkRequest [ LISTEN id=394, [ Capabilities: INTERNET&NOT_RESTRICTED&TRUSTED&FOREGROUND] ]
11-01 21:33:36.427  1075  1164 I OpenGLRenderer: Initialized EGL, version 1.4
11-01 21:33:36.427  1075  1164 D OpenGLRenderer: Swap behavior 2
11-01 21:33:36.445 27901 27901 I MemoryTrimmer: Trimming objects from memory, since app is in the background.
11-01 21:33:36.461  1058  1058 D RegisteredNfcFServicesCache: Service unchanged, not updating
11-01 21:33:36.512   600   819 D ActivityManager: cleanUpApplicationRecord -- 6844
11-01 21:33:36.530 27901 27971 I AttachedClient: Adding client event 2 to pending list.
11-01 21:33:36.543 27901 27901 I OptInState: There is a new client and it does not support opt-in. Dropping request.
11-01 21:33:36.545 27901 27901 I MicroDetectionWorker: Micro detection mode: [mDetectionMode: [1]].
11-01 21:33:36.566 27901  7564 I MicroRecognitionRunner: Starting detection.
11-01 21:33:36.574 27901  5710 I MicrophoneInputStream: mic_starting com.google.android.apps.gsa.speech.audio.ae@80c1fb8
11-01 21:33:36.578   238   286 I SoundTriggerHwService::Module: void android::SoundTriggerHwService::Module::onCallbackEvent(const sp<android::SoundTriggerHwService::CallbackEvent> &) mClient == 0
11-01 21:33:36.580   238  7567 I AudioFlinger: AudioFlinger's thread 0xec312600 ready to run
11-01 21:33:36.581 27901  5710 I MicrophoneInputStream: mic_started com.google.android.apps.gsa.speech.audio.ae@80c1fb8
11-01 21:33:36.756 27901 27901 I MicroDetectionWorker: onReady
11-01 21:33:36.764   600   610 D ActivityManager: cleanUpApplicationRecord -- 7203
11-01 21:33:36.934  7565  7565 D AndroidRuntime: >>>>>> START com.android.internal.os.RuntimeInit uid 2000 <<<<<<
11-01 21:33:36.938  7565  7565 D AndroidRuntime: CheckJNI is OFF
11-01 21:33:36.957  1075  1164 W OpenGLRenderer: Incorrectly called buildLayer on View: ShortcutAndWidgetContainer, destroying layer...
11-01 21:33:37.010  7565  7565 D ICU     : No timezone override file found: /data/misc/zoneinfo/current/icu/icu_tzdata.dat
11-01 21:33:37.038  7565  7565 I Radio-JNI: register_android_hardware_Radio DONE
11-01 21:33:37.054  7565  7565 D AndroidRuntime: Calling main entry com.android.commands.pm.Pm
11-01 21:33:37.068   600  1066 I ActivityManager: Force stopping com.android.chrome appid=10035 user=0: clear data
11-01 21:33:37.070   600   613 I ActivityManager: Force stopping com.android.chrome appid=10035 user=-1: clearApplicationUserData
11-01 21:33:37.111   785   785 I GeofencerStateMachine: removeGeofences: removeRequest=RemoveGeofencingRequest[REMOVE_ALL packageName=com.android.chrome]
11-01 21:33:37.117  7565  7565 I art     : System.exit called, status: 0
11-01 21:33:37.117  7565  7565 I AndroidRuntime: VM exiting with result code 0.
11-01 21:33:37.131  1058  1058 D RegisteredNfcFServicesCache: Service unchanged, not updating
11-01 21:33:37.139   785  7584 I Fitness : FitCleanupIntentOperation received Intent android.intent.action.PACKAGE_DATA_CLEARED [CONTEXT service_id=17 ]
11-01 21:33:37.152   600   612 W ResourceType: No known package when getting value for resource number 0x7f080316
11-01 21:33:37.152   600   612 W ResourceType: No known package when getting value for resource number 0x7f130448
11-01 21:33:37.152   600   612 W ResourceType: No known package when getting value for resource number 0x7f080315
11-01 21:33:37.152   600   612 W ResourceType: No known package when getting value for resource number 0x7f130123
11-01 21:33:37.152   600   612 W ResourceType: No known package when getting value for resource number 0x7f130447
11-01 21:33:37.152   600   612 W ResourceType: No known package when getting value for resource number 0x7f1302e4
11-01 21:33:37.152   600   612 E ShortcutService: Ignoring excessive intent tag.
11-01 21:33:37.164  2938  6332 I Icing   : doRemovePackageData com.android.chrome
11-01 21:33:37.164  2938  6332 I Icing   : Removing corpus key com.android.chrome-.implicit: for package com.android.chrome
11-01 21:33:37.196  2938  6332 I native  : flash-index.cc:1519 Flash index sort hb 125 prefix-hits 250 -> 220 at 5.621ms
11-01 21:33:37.229  2938  6332 I Icing   : Removing corpus key com.android.chrome-omnibox for package com.android.chrome
11-01 21:33:37.281  2938  6332 I Icing   : Starting compaction min disk 99.926% min index 99.989%
11-01 21:33:37.397  2938  6332 I native  : document-store.cc:1654 Scored 2910 usage reports, missing_corpora 1595 update_failed 1
11-01 21:33:37.435  2938  6332 W native  : words-map.cc:30 INVALID_ARGUMENT: Empty URI
11-01 21:33:37.435  2938  6332 W native  : words-map.cc:34 WordsMap was not properly initialized
11-01 21:33:37.508  2938  6332 E native  : compactor.cc:67 Could not index embedding for docid 1: INTERNAL: Unable to find Thing Proto section 
11-01 21:33:37.508  2938  6332 E native  : compactor.cc:67 Could not index embedding for docid 3: INTERNAL: Unable to find Thing Proto section 
11-01 21:33:37.508  2938  6332 E native  : compactor.cc:67 Could not index embedding for docid 5: INTERNAL: Unable to find Thing Proto section 
11-01 21:33:37.509  2938  6332 E native  : compactor.cc:67 Could not index embedding for docid 7: INTERNAL: Unable to find Thing Proto section 
11-01 21:33:37.513  2938  6332 E native  : compactor.cc:67 Could not index embedding for docid 8: INTERNAL: Unable to find Thing Proto section 
11-01 21:33:37.514  2938  6332 E native  : compactor.cc:67 Could not index embedding for docid 10: INTERNAL: Unable to find Thing Proto section 
11-01 21:33:37.514  2938  6332 E native  : compactor.cc:67 Could not index embedding for docid 11: INTERNAL: Unable to find Thing Proto section 
11-01 21:33:37.514  2938  6332 E native  : compactor.cc:67 Could not index embedding for docid 13: INTERNAL: Unable to find Thing Proto section 
11-01 21:33:37.514  2938  6332 E native  : compactor.cc:67 Could not index embedding for docid 14: INTERNAL: Unable to find Thing Proto section 
11-01 21:33:37.519  2938  6332 E native  : compactor.cc:67 Could not index embedding for docid 17: INTERNAL: Unable to find Thing Proto section 
11-01 21:33:37.519  2938  6332 E native  : compactor.cc:67 Could not index embedding for docid 18: INTERNAL: Unable to find Thing Proto section 
11-01 21:33:37.519  2938  6332 E native  : compactor.cc:67 Could not index embedding for docid 21: INTERNAL: Unable to find Thing Proto section 
11-01 21:33:37.520  2938  6332 E native  : compactor.cc:67 Could not index embedding for docid 22: INTERNAL: Unable to find Thing Proto section 
11-01 21:33:37.525  2938  6332 E native  : compactor.cc:67 Could not index embedding for docid 26: INTERNAL: Unable to find Thing Proto section 
11-01 21:33:37.525  2938  6332 E native  : compactor.cc:67 Could not index embedding for docid 27: INTERNAL: Unable to find Thing Proto section 
11-01 21:33:37.569  2938  6332 I native  : flash-index.cc:1519 Flash index sort hb 34 prefix-hits 54 -> 54 at 29.862ms
11-01 21:33:37.594  2938  6332 W native  : words-map.cc:30 INVALID_ARGUMENT: Empty URI
11-01 21:33:37.594  2938  6332 W native  : words-map.cc:34 WordsMap was not properly initialized
11-01 21:33:37.630  2938  6332 I Icing   : updateResources: need to parse acol{com.android.chrome}
11-01 21:33:37.689  2938  6332 I Icing   : Indexing com.android.chrome-omnibox from com.android.chrome
11-01 21:33:37.700   600   610 I ActivityManager: Start proc 7596:com.android.chrome/u0a35 for content provider com.android.chrome/com.google.android.apps.chrome.icing.IcingProvider
11-01 21:33:37.795  2938  6332 I Icing   : Indexing done com.android.chrome-omnibox
