11-01 21:32:24.105   600   713 W ActivityManager: 	at android.app.ApplicationThreadProxy.scheduleUnbindService(ApplicationThreadNative.java:1016)
11-01 21:32:24.105   600   713 W ActivityManager: 	at com.android.server.am.ActiveServices.removeConnectionLocked(ActiveServices.java:2175)
11-01 21:32:24.105   600   713 W ActivityManager: 	at com.android.server.am.ActiveServices.unbindServiceLocked(ActiveServices.java:1163)
11-01 21:32:24.105   600   713 W ActivityManager: 	at com.android.server.am.ActivityManagerService.unbindService(ActivityManagerService.java:17309)
11-01 21:32:24.105   600   713 W ActivityManager: 	at android.app.ActivityManagerNative.onTransact(ActivityManagerNative.java:1145)
11-01 21:32:24.105   600   713 W ActivityManager: 	at com.android.server.am.ActivityManagerService.onTransact(ActivityManagerService.java:2795)
11-01 21:32:24.105   600   713 W ActivityManager: 	at android.os.Binder.execTransact(Binder.java:565)
11-01 21:32:24.105   600   713 E JavaBinder: !!! FAILED BINDER TRANSACTION !!!  (parcel size = 76)
11-01 21:32:24.106   197   197 E lowmemorykiller: Error writing /proc/7160/oom_score_adj; errno=22
11-01 21:32:24.106   600   713 I ActivityManager: Killing 7183:com.android.chrome:sandboxed_process14/u0a35i508 (adj 900): isolated not needed
11-01 21:32:24.107   600   713 E JavaBinder: !!! FAILED BINDER TRANSACTION !!!  (parcel size = 76)
11-01 21:32:24.108   197   197 E lowmemorykiller: Error writing /proc/7194/oom_score_adj; errno=22
11-01 21:32:24.109   600  1664 E JavaBinder: !!! FAILED BINDER TRANSACTION !!!  (parcel size = 76)
11-01 21:32:24.109   600  1664 E JavaBinder: !!! FAILED BINDER TRANSACTION !!!  (parcel size = 576)
11-01 21:32:24.109   600  1664 W ActivityManager: Exception when unbinding service com.android.chrome/org.chromium.content.app.SandboxedProcessService15
11-01 21:32:24.109   600  1664 W ActivityManager: android.os.DeadObjectException: Transaction failed on small parcel; remote process probably died
11-01 21:32:24.109   600  1664 W ActivityManager: 	at android.os.BinderProxy.transactNative(Native Method)
11-01 21:32:24.109   600  1664 W ActivityManager: 	at android.os.BinderProxy.transact(Binder.java:615)
11-01 21:32:24.109   600  1664 W ActivityManager: 	at android.app.ApplicationThreadProxy.scheduleUnbindService(ApplicationThreadNative.java:1016)
11-01 21:32:24.109   600  1664 W ActivityManager: 	at com.android.server.am.ActiveServices.removeConnectionLocked(ActiveServices.java:2175)
11-01 21:32:24.109   600  1664 W ActivityManager: 	at com.android.server.am.ActiveServices.unbindServiceLocked(ActiveServices.java:1163)
11-01 21:32:24.109   600  1664 W ActivityManager: 	at com.android.server.am.ActivityManagerService.unbindService(ActivityManagerService.java:17309)
11-01 21:32:24.109   600  1664 W ActivityManager: 	at android.app.ActivityManagerNative.onTransact(ActivityManagerNative.java:1145)
11-01 21:32:24.109   600  1664 W ActivityManager: 	at com.android.server.am.ActivityManagerService.onTransact(ActivityManagerService.java:2795)
11-01 21:32:24.109   600  1664 W ActivityManager: 	at android.os.Binder.execTransact(Binder.java:565)
11-01 21:32:24.109   600  1664 E JavaBinder: !!! FAILED BINDER TRANSACTION !!!  (parcel size = 76)
11-01 21:32:24.110   197   197 E lowmemorykiller: Error writing /proc/7194/oom_score_adj; errno=22
11-01 21:32:24.110   600  1664 I ActivityManager: Killing 7160:com.android.chrome:sandboxed_process13/u0a35i507 (adj 900): isolated not needed
11-01 21:32:24.110   600  1664 E JavaBinder: !!! FAILED BINDER TRANSACTION !!!  (parcel size = 76)
11-01 21:32:24.112   197   197 E lowmemorykiller: Error writing /proc/7128/oom_score_adj; errno=22
11-01 21:32:24.112   600   819 E JavaBinder: !!! FAILED BINDER TRANSACTION !!!  (parcel size = 76)
11-01 21:32:24.113   600   819 E JavaBinder: !!! FAILED BINDER TRANSACTION !!!  (parcel size = 576)
11-01 21:32:24.114   600   819 W ActivityManager: Exception when unbinding service com.android.chrome/org.chromium.content.app.SandboxedProcessService10
11-01 21:32:24.114   600   819 W ActivityManager: android.os.DeadObjectException: Transaction failed on small parcel; remote process probably died
11-01 21:32:24.114   600   819 W ActivityManager: 	at android.os.BinderProxy.transactNative(Native Method)
11-01 21:32:24.114   600   819 W ActivityManager: 	at android.os.BinderProxy.transact(Binder.java:615)
11-01 21:32:24.114   600   819 W ActivityManager: 	at android.app.ApplicationThreadProxy.scheduleUnbindService(ApplicationThreadNative.java:1016)
11-01 21:32:24.114   600   819 W ActivityManager: 	at com.android.server.am.ActiveServices.removeConnectionLocked(ActiveServices.java:2175)
11-01 21:32:24.114   600   819 W ActivityManager: 	at com.android.server.am.ActiveServices.unbindServiceLocked(ActiveServices.java:1163)
11-01 21:32:24.114   600   819 W ActivityManager: 	at com.android.server.am.ActivityManagerService.unbindService(ActivityManagerService.java:17309)
11-01 21:32:24.114   600   819 W ActivityManager: 	at android.app.ActivityManagerNative.onTransact(ActivityManagerNative.java:1145)
11-01 21:32:24.114   600   819 W ActivityManager: 	at com.android.server.am.ActivityManagerService.onTransact(ActivityManagerService.java:2795)
11-01 21:32:24.114   600   819 W ActivityManager: 	at android.os.Binder.execTransact(Binder.java:565)
11-01 21:32:24.114   600   819 E JavaBinder: !!! FAILED BINDER TRANSACTION !!!  (parcel size = 76)
11-01 21:32:24.115   197   197 E lowmemorykiller: Error writing /proc/7128/oom_score_adj; errno=22
11-01 21:32:24.115   600   819 I ActivityManager: Killing 7194:com.android.chrome:sandboxed_process15/u0a35i509 (adj 900): isolated not needed
11-01 21:32:24.115   600   819 E JavaBinder: !!! FAILED BINDER TRANSACTION !!!  (parcel size = 76)
11-01 21:32:24.117   600  1666 D ActivityManager: cleanUpApplicationRecord -- 7160
11-01 21:32:24.118   600  1666 I ActivityManager: Killing 7128:com.android.chrome:sandboxed_process10/u0a35i504 (adj 900): isolated not needed
11-01 21:32:24.120  6807  6807 W chromium: [WARNING:compositor_view.cc(315)] Child process died (type=6) pid=7160)
11-01 21:32:24.122   600  5522 D ActivityManager: cleanUpApplicationRecord -- 7133
11-01 21:32:24.128  6807  6807 W chromium: [WARNING:compositor_view.cc(315)] Child process died (type=6) pid=7133)
11-01 21:32:24.130  6807  6807 W chromium: [WARNING:compositor_view.cc(315)] Child process died (type=6) pid=7183)
11-01 21:32:24.131  6807  6807 W chromium: [WARNING:compositor_view.cc(315)] Child process died (type=6) pid=7194)
11-01 21:32:24.138  6807  6807 W chromium: [WARNING:compositor_view.cc(315)] Child process died (type=6) pid=7128)
11-01 21:32:24.140  6807  6807 I FeedRequestManagerImpl: Request: /httpservice/noretry/DiscoverClankService/FeedQuery completed with response code: 200
11-01 21:32:24.140  6807  6807 I TaskQueue:  - task [IMMEDIATE - d: true, b: 2]: 15
11-01 21:32:24.140  6807  6807 I TaskQueue:  - queueTask starting immediate task
11-01 21:32:24.140  6807  6863 I TaskQueue: Execute task [IMMEDIATE - d: true, b: 2]: 15
11-01 21:32:24.150   600  6822 D ActivityManager: cleanUpApplicationRecord -- 7183
11-01 21:32:24.169  6807  6863 I MainThreadRunner: Running task [FeedRequestManagerImpl consumer] on the Main Thread
11-01 21:32:24.169  6807  6807 I FeedProtocolAdapter: createModel, operations 33
11-01 21:32:24.174  6807  6807 I TimingUtils: Task Timing   4ms, thread ui | task : convertWireProtocol | mutations : 33
11-01 21:32:24.175  6807  6807 I TaskQueue:  - task [HEAD_RESET - d: true, b: 2]: 5
11-01 21:32:24.175  6807  6807 I TaskQueue:  - queueTask starting immediate task
11-01 21:32:24.176  6807  6863 I TaskQueue:  - Finished 15, time 29 ms
11-01 21:32:24.176  6807  6863 I TaskQueue: Execute task [HEAD_RESET - d: true, b: 2]: 5
11-01 21:32:24.179  6807  6863 I TaskQueue:  - task [BACKGROUND - d: true, b: 2]: 23
11-01 21:32:24.179  6807  6863 W SessionCache: Persisted Sessions were not found
11-01 21:32:24.183  6807  6863 I PersistentFeedStore: commitSessionMutation - Success true, Update Session $HEAD, stream structures 32
11-01 21:32:24.186  6807  6863 I MainThreadRunner: Running task [SchedulerApiWrapper onReceiveNewContent] on the Main Thread
11-01 21:32:24.186  6807  6863 I MainThreadRunner: Running task [FeedKnownContentImpl onNewContentReceived] on the Main Thread
11-01 21:32:24.188  6807  6863 I SessionManagerMutation: Cleared Head, new creation time 11-01 21:32:24.179
11-01 21:32:24.188  6807  6863 I TimingUtils: Task Timing  12ms, thread background-1 | task : sessionMutation.commitTask:updateConsumer | mutations : 33 | userInitiated : false
11-01 21:32:24.188  6807  6863 I TaskQueue: Cancelling starvation checks
11-01 21:32:24.188  6807  6863 I TaskQueue:  - Finished 5, time 12 ms
11-01 21:32:24.189  6807  6863 I TaskQueue: Execute task [USER_FACING - d: false, b: 2]: 24
11-01 21:32:24.193  6807  6863 I TimeoutSessionImpl: TimeoutSession.populateModelProvider, shouldAppend false
11-01 21:32:24.193  6807  6863 I SessionImpl: PopulateModelProvider 32 items
11-01 21:32:24.193  6807  6863 I FeedModelProvider: FeedModelProvider - committer, structure changes 31, update changes 0
11-01 21:32:24.193  6807  6863 I FeedModelProvider: SyntheticTokenTracker: 0, 11, 11, false
11-01 21:32:24.194  6807  6863 I FeedSessionManagerImpl: Caching getStreamFeatures - items 31, cache misses 0, cache size 31
11-01 21:32:24.194  6807  6863 I FeedModelProvider: Moving _session:ecd89f72-5111-4254-bf90-21d545a64f65 to READY
11-01 21:32:24.194  6807  6863 I MainThreadRunner: Running task [FeedModelProvider onSessionStart] on the Main Thread
11-01 21:32:24.194  6807  6863 I FeedModelProvider: ModelProvider Mutation committed - structure changes 31, childrenToBind 31, removedChildren false, Token false
11-01 21:32:24.196  6807  6863 I FeedSessionManagerImpl: Populate new session: _session:ecd89f72-5111-4254-bf90-21d545a64f65, creation time 11-01 21:32:24.192
11-01 21:32:24.196  6807  6863 I TimingUtils: Task Timing   7ms, thread background-2 | task : Create/Populate New Session
11-01 21:32:24.196  6807  6863 I TaskQueue:  - Finished 24, time 8 ms
11-01 21:32:24.197  6807  6863 I TaskQueue: Execute task [BACKGROUND - d: false, b: 1]: 11
11-01 21:32:24.197  6807  6863 I ContentGc: Re-enqueuing triggerContentGc; attempts(0)
11-01 21:32:24.197  6807  6863 I TaskQueue:  - task [BACKGROUND - d: false, b: 1]: 11
11-01 21:32:24.197  6807  6863 I TaskQueue:  - Finished 11, time 1 ms
11-01 21:32:24.197  6807  6863 I TaskQueue: Execute task [BACKGROUND - d: false, b: 1]: 23
11-01 21:32:24.210  7225  7253 I cr_LibraryLoader: Loaded native library version number "85.0.4183.127"
11-01 21:32:24.210  7225  7253 I cr_CachingUmaRecorder: Flushed 1 samples from 1 histograms.
11-01 21:32:24.232   600 30165 D ActivityManager: cleanUpApplicationRecord -- 7194
11-01 21:32:24.233   600  1665 D ActivityManager: cleanUpApplicationRecord -- 7128
11-01 21:32:24.239  2938  3445 I Icing   : IndexChimeraService.getServiceInterface callingPackage=com.google.android.gms componentName=null serviceId=30
11-01 21:32:24.261   600   611 D ActivityManager: cleanUpApplicationRecord -- 7146
11-01 21:32:24.270  6807  6807 W chromium: [WARNING:compositor_view.cc(315)] Child process died (type=6) pid=7146)
11-01 21:32:24.321  7225  7253 I chromium: [INFO:child_process_service.cc(69)] ChildProcessService: Exiting child process.
11-01 21:32:24.334  6807  6863 I TimingUtils: Task Timing 136ms, thread background-3 | task : commitContentMutation | mutations : 32
11-01 21:32:24.334  6807  6863 I TimingUtils: Task Timing   0ms, thread background-4 | task : commitSemanticPropertiesMutation | mutations : 0
11-01 21:32:24.334  6807  6863 I TaskQueue:  - Finished 23, time 137 ms
11-01 21:32:24.335  6807  6863 I TaskQueue: Execute task [BACKGROUND - d: false, b: 0]: 11
11-01 21:32:24.336  6807  6863 I SessionCache: Determining accessible content
11-01 21:32:24.338  6807  6863 I TimingUtils: Task Timing   3ms, thread background-5 | task : ContentGc | contentItemsRemoved : 0
11-01 21:32:24.338  6807  6863 I TaskQueue:  - Finished 11, time 4 ms
11-01 21:32:24.399  6807  6807 I FeedModelProvider: No children found for Cursor
11-01 21:32:24.434   600   610 I ActivityManager: Process com.android.chrome:sandboxed_process17 (pid 7225) has died
11-01 21:32:24.434   600   610 D ActivityManager: cleanUpApplicationRecord -- 7225
11-01 21:32:24.447  6807  6843 I cr_BindingManager: onTrimMemory: level=10, size=1
11-01 21:32:24.447  6807  6843 I cr_BindingManager: Reduce connections from 1 to 0
11-01 21:32:24.490  6807  6807 W chromium: [WARNING:compositor_view.cc(315)] Child process died (type=6) pid=7225)
11-01 21:32:24.822  6807  6869 W chromium: [WARNING:spdy_session.cc(3090)] Received RST for invalid stream1
11-01 21:32:25.154  6807  6863 W InstanceID: Instance ID SDK is deprecated, com.android.chrome should update to use Firebase Instance ID
11-01 21:32:25.624   785   798 W Icing   : isOptedInForAppHistory: empty Account Name encountered
11-01 21:32:25.667   785   798 W Icing   : isOptedInForAppHistory: empty Account Name encountered
11-01 21:32:26.322  6807  6859 I cr_omaha: Request to Server Successful. Timestamp for next request:1667338346322
11-01 21:32:26.391  6807  6859 I cr_omaha: Request to Server Successful. Timestamp for next request:1667338346391
11-01 21:32:26.392  6807  6859 I cr_omaha: Attempting to schedule next job for: Wed Nov 02 02:32:25 GMT+01:00 2022
11-01 21:32:26.395  6807  6807 I cr_omaha: Scheduled using JobService
11-01 21:32:26.401  6807  6807 E cr_BkgrdTaskJS: Tried finishing non-current BackgroundTask.
11-01 21:32:27.417  2938  6332 E native  : document-store.cc:1328 Failed to update per-doc-data with usage report
11-01 21:32:27.417  2938  6332 E native  : document-store.cc:1328 Failed to update per-doc-data with usage report
11-01 21:32:27.440   785  5244 W Icing   : isOptedInForAppHistory: empty Account Name encountered
11-01 21:32:27.449  2938  6332 I Icing   : Usage reports ok 2, Failed Usage reports 2, indexed 1, rejected 0
11-01 21:32:27.450  2938  6332 I Icing   : Removing corpus key com.android.chrome-omnibox for package com.android.chrome
11-01 21:32:27.544  2938  6332 I native  : flash-index.cc:1519 Flash index sort hb 15 prefix-hits 26 -> 23 at 25.208ms
11-01 21:32:27.734  2938  6332 I native  : document-store.cc:1654 Scored 2903 usage reports, missing_corpora 0 update_failed 1567
11-01 21:32:27.790  2938  6332 W Icing   : No valid account for uploading user actions
11-01 21:32:27.841  2938  6332 I Icing   : Usage reports ok 1, Failed Usage reports 0, indexed 1, rejected 0
11-01 21:32:27.843  2938  6332 W Icing   : No valid account for uploading user actions
11-01 21:32:27.856  2938  6332 I Icing   : Usage reports ok 0, Failed Usage reports 0, indexed 0, rejected 0
11-01 21:32:27.857  2938  6332 I Icing   : Indexing com.android.chrome-omnibox from com.android.chrome
11-01 21:32:27.945  2938  6332 I Icing   : Indexing done com.android.chrome-omnibox
11-01 21:32:27.957  6807  6807 E cr_BTSPrefs: No data found for task id: 53
11-01 21:32:27.957  6807  6807 E cr_BkgrdTaskScheduler: Task cannot be canceled because no data was found instorage or data was invalid
11-01 21:32:28.932   785  1576 W Icing   : isOptedInForAppHistory: empty Account Name encountered
11-01 21:32:28.941   785  4781 W Icing   : isOptedInForAppHistory: empty Account Name encountered
11-01 21:32:31.756  6807  6807 E cr_BTSPrefs: No data found for task id: 57
11-01 21:32:31.756  6807  6807 E cr_BkgrdTaskScheduler: Task cannot be canceled because no data was found instorage or data was invalid
11-01 21:32:31.757  6807  6807 E cr_BTSPrefs: No data found for task id: 56
11-01 21:32:31.757  6807  6807 E cr_BkgrdTaskScheduler: Task cannot be canceled because no data was found instorage or data was invalid
11-01 21:32:36.254  6807  6807 I cr_tabmodel: Appending tabs being restored to metadata lists, 0, startingNormalCount: 2, startingIncognitoCount: 0
11-01 21:32:36.254  6807  6807 I cr_tabmodel: Serializing tab lists; counts: 2, 0
11-01 21:32:36.300  6807  6817 W art     : Suspending all threads took: 6.773ms
11-01 21:32:36.307  6807  6817 I art     : Background sticky concurrent mark sweep GC freed 9483(601KB) AllocSpace objects, 2(36KB) LOS objects, 0% free, 17MB/17MB, paused 7.772ms total 39.037ms
11-01 21:32:36.747  7304  7304 D AndroidRuntime: >>>>>> START com.android.internal.os.RuntimeInit uid 2000 <<<<<<
11-01 21:32:36.753  7304  7304 D AndroidRuntime: CheckJNI is OFF
11-01 21:32:36.835  7304  7304 D ICU     : No timezone override file found: /data/misc/zoneinfo/current/icu/icu_tzdata.dat
11-01 21:32:36.871  7304  7304 I Radio-JNI: register_android_hardware_Radio DONE
11-01 21:32:36.887  7304  7304 D AndroidRuntime: Calling main entry com.android.commands.monkey.Monkey
11-01 21:32:36.959   600   613 W BroadcastQueue: Skipping deliver [background] BroadcastRecord{6c19bc7 u-1 android.net.conn.CONNECTIVITY_CHANGE} to ReceiverList{d025f4 7304 (unknown name)/2000/u-1 remote:1ed77e1}: process crashing
11-01 21:32:38.369  7304  7304 D MonkeyStub: translateCommand: wake
11-01 21:32:38.503  7304  7304 D MonkeyStub: translateCommand: tap 1339 1877
11-01 21:32:40.397   600   616 E BatteryStatsService: no controller energy info supplied
11-01 21:32:40.400   800   800 E PhoneInterfaceManager: [PhoneIntfMgr] queryModemActivityInfo: Empty response
11-01 21:32:40.414   600   616 E BatteryStatsService: modem info is invalid: ModemActivityInfo{ mTimestamp=0 mSleepTimeMs=0 mIdleTimeMs=0 mTxTimeMs[]=[0, 0, 0, 0, 0] mRxTimeMs=0 mEnergyUsed=0}
11-01 21:32:48.567  7304  7304 D MonkeyStub: translateCommand: touch down 614 1561
11-01 21:32:48.588  7304  7304 D MonkeyStub: translateCommand: touch move 614 1561
11-01 21:32:48.699  7304  7304 D MonkeyStub: translateCommand: touch move 614 1436
11-01 21:32:48.868  7304  7304 D MonkeyStub: translateCommand: touch move 614 1311
11-01 21:32:48.986  7304  7304 D MonkeyStub: translateCommand: touch move 614 1186
11-01 21:32:49.114  7304  7304 D MonkeyStub: translateCommand: touch move 614 1061
11-01 21:32:49.223  7304  7304 D MonkeyStub: translateCommand: touch move 614 937
11-01 21:32:49.342  7304  7304 D MonkeyStub: translateCommand: touch move 614 812
11-01 21:32:49.477  7304  7304 D MonkeyStub: translateCommand: touch move 614 687
11-01 21:32:49.581  7304  7304 D MonkeyStub: translateCommand: touch move 614 562
11-01 21:32:49.702  7304  7304 D MonkeyStub: translateCommand: touch move 614 437
11-01 21:32:49.812  7304  7304 D MonkeyStub: translateCommand: touch move 614 312
11-01 21:32:49.858  7304  7304 D MonkeyStub: translateCommand: touch up 614 312
11-01 21:32:52.265  7304  7304 D MonkeyStub: translateCommand: touch down 614 1561
11-01 21:32:52.269  7304  7304 D MonkeyStub: translateCommand: touch move 614 1561
11-01 21:32:52.329  6807  6807 I Choreographer: Skipped 69 frames!  The application may be doing too much work on its main thread.
11-01 21:32:52.350  6807  6807 I cr_tabmodel: Appending tabs being restored to metadata lists, 0, startingNormalCount: 2, startingIncognitoCount: 0
11-01 21:32:52.350  6807  6807 I cr_tabmodel: Serializing tab lists; counts: 2, 0
11-01 21:32:52.380  7304  7304 D MonkeyStub: translateCommand: touch move 614 1436
11-01 21:32:52.494  7304  7304 D MonkeyStub: translateCommand: touch move 614 1311
11-01 21:32:52.603  7304  7304 D MonkeyStub: translateCommand: touch move 614 1186
11-01 21:32:52.708  7304  7304 D MonkeyStub: translateCommand: touch move 614 1061
11-01 21:32:52.848  7304  7304 D MonkeyStub: translateCommand: touch move 614 937
11-01 21:32:52.962  7304  7304 D MonkeyStub: translateCommand: touch move 614 812
11-01 21:32:53.074  6807  6807 I cr_tabmodel: Appending tabs being restored to metadata lists, 0, startingNormalCount: 2, startingIncognitoCount: 0
11-01 21:32:53.074  6807  6807 I cr_tabmodel: Serializing tab lists; counts: 2, 0
11-01 21:32:53.085  7304  7304 D MonkeyStub: translateCommand: touch move 614 687
11-01 21:32:53.194  7304  7304 D MonkeyStub: translateCommand: touch move 614 562
11-01 21:32:53.302  7304  7304 D MonkeyStub: translateCommand: touch move 614 437
11-01 21:32:53.409  7304  7304 D MonkeyStub: translateCommand: touch move 614 312
11-01 21:32:53.418  7304  7304 D MonkeyStub: translateCommand: touch up 614 312
11-01 21:32:53.550  6807  6807 I cr_tabmodel: Appending tabs being restored to metadata lists, 0, startingNormalCount: 2, startingIncognitoCount: 0
11-01 21:32:53.550  6807  6807 I cr_tabmodel: Serializing tab lists; counts: 2, 0
11-01 21:32:53.931  6807  6807 I cr_tabmodel: Appending tabs being restored to metadata lists, 0, startingNormalCount: 2, startingIncognitoCount: 0
11-01 21:32:53.931  6807  6807 I cr_tabmodel: Serializing tab lists; counts: 2, 0
11-01 21:32:54.393  2938  3445 I Icing   : IndexChimeraService.getServiceInterface callingPackage=com.android.chrome componentName=null serviceId=36
11-01 21:32:54.406  2938  6332 W Icing   : No valid account for uploading user actions
11-01 21:32:54.422  2938  3445 I Icing   : IndexChimeraService.getServiceInterface callingPackage=com.google.android.gms componentName=null serviceId=30
11-01 21:32:54.433  2938  6332 I Icing   : Usage reports ok 1, Failed Usage reports 0, indexed 0, rejected 0
11-01 21:32:54.436  2938  6332 W Icing   : No valid account for uploading user actions
11-01 21:32:54.445  2938  6332 I Icing   : Usage reports ok 0, Failed Usage reports 0, indexed 0, rejected 0
11-01 21:32:54.446  2938  6332 I Icing   : Indexing com.android.chrome-omnibox from com.android.chrome
11-01 21:32:54.478  2938  6332 I Icing   : Indexing done com.android.chrome-omnibox
11-01 21:32:55.474   785  1300 W Icing   : isOptedInForAppHistory: empty Account Name encountered
11-01 21:32:55.508   785  5244 W Icing   : isOptedInForAppHistory: empty Account Name encountered
11-01 21:32:56.582  7304  7304 D MonkeyStub: translateCommand: touch down 614 312
11-01 21:32:56.595  7304  7304 D MonkeyStub: translateCommand: touch move 614 312
11-01 21:32:56.700  7304  7304 D MonkeyStub: translateCommand: touch move 614 437
11-01 21:32:56.808  7304  7304 D MonkeyStub: translateCommand: touch move 614 562
11-01 21:32:56.920  7304  7304 D MonkeyStub: translateCommand: touch move 614 687
11-01 21:32:57.027  7304  7304 D MonkeyStub: translateCommand: touch move 614 812
11-01 21:32:57.136  7304  7304 D MonkeyStub: translateCommand: touch move 614 937
11-01 21:32:57.247  7304  7304 D MonkeyStub: translateCommand: touch move 614 1061
11-01 21:32:57.382  7304  7304 D MonkeyStub: translateCommand: touch move 614 1186
11-01 21:32:57.487  7304  7304 D MonkeyStub: translateCommand: touch move 614 1311
11-01 21:32:57.597  7304  7304 D MonkeyStub: translateCommand: touch move 614 1436
11-01 21:32:57.707  7304  7304 D MonkeyStub: translateCommand: touch move 614 1561
11-01 21:32:57.714  7304  7304 D MonkeyStub: translateCommand: touch up 614 1561
11-01 21:32:57.738  7304  7304 D MonkeyStub: translateCommand: touch down 614 312
11-01 21:32:57.747  7304  7304 D MonkeyStub: translateCommand: touch move 614 312
11-01 21:32:57.876  7304  7304 D MonkeyStub: translateCommand: touch move 614 437
11-01 21:32:57.997  7304  7304 D MonkeyStub: translateCommand: touch move 614 562
11-01 21:32:58.016  6807  6807 I cr_tabmodel: Appending tabs being restored to metadata lists, 0, startingNormalCount: 2, startingIncognitoCount: 0
11-01 21:32:58.016  6807  6807 I cr_tabmodel: Serializing tab lists; counts: 2, 0
11-01 21:32:58.104  7304  7304 D MonkeyStub: translateCommand: touch move 614 687
11-01 21:32:58.213  7304  7304 D MonkeyStub: translateCommand: touch move 614 812
11-01 21:32:58.323  7304  7304 D MonkeyStub: translateCommand: touch move 614 937
11-01 21:32:58.447  7304  7304 D MonkeyStub: translateCommand: touch move 614 1061
11-01 21:32:58.560  7304  7304 D MonkeyStub: translateCommand: touch move 614 1186
11-01 21:32:58.690  7304  7304 D MonkeyStub: translateCommand: touch move 614 1311
11-01 21:32:58.799  7304  7304 D MonkeyStub: translateCommand: touch move 614 1436
11-01 21:32:58.915  7304  7304 D MonkeyStub: translateCommand: touch move 614 1561
11-01 21:32:58.921  7304  7304 D MonkeyStub: translateCommand: touch up 614 1561
11-01 21:32:59.171  6807  6807 I cr_tabmodel: Appending tabs being restored to metadata lists, 0, startingNormalCount: 2, startingIncognitoCount: 0
11-01 21:32:59.171  6807  6807 I cr_tabmodel: Serializing tab lists; counts: 2, 0
11-01 21:32:59.760   198   198 E SELinux : avc:  denied  { find } for service=netd pid=7350 uid=2000 scontext=u:r:shell:s0 tcontext=u:object_r:netd_service:s0 tclass=service_manager permissive=0
11-01 21:32:59.763   198   198 E SELinux : avc:  denied  { find } for service=android.service.gatekeeper.IGateKeeperService pid=7350 uid=2000 scontext=u:r:shell:s0 tcontext=u:object_r:gatekeeper_service:s0 tclass=service_manager permissive=0
11-01 21:33:03.478   600  8931 I ActivityManager: Start proc 7354:com.android.chrome:sandboxed_process18/u0i512 for service com.android.chrome/org.chromium.content.app.SandboxedProcessService18
11-01 21:33:03.533  7354  7354 W boxed_process18: type=1400 audit(0.0:2669): avc: denied { getattr } for path="/data/data/com.android.chrome" dev="dm-2" ino=12190 scontext=u:r:isolated_app:s0:c512,c768 tcontext=u:object_r:app_data_file:s0:c512,c768 tclass=dir permissive=0
11-01 21:33:03.565  7354  7354 I cr_ChildProcessService: Creating new ChildProcessService pid=7354
11-01 21:33:03.621  7354  7367 I cr_LibraryLoader: Loaded native library version number "85.0.4183.127"
11-01 21:33:03.621  7354  7367 I cr_CachingUmaRecorder: Flushed 1 samples from 1 histograms.
11-01 21:33:03.636  7367  7367 W CrUtilityMain: type=1400 audit(0.0:2670): avc: denied { setattr } for name="LICENSE.txt" dev="dm-2" ino=62006 scontext=u:r:isolated_app:s0:c512,c768 tcontext=u:object_r:app_data_file:s0:c512,c768 tclass=file permissive=0
11-01 21:33:03.639  7367  7367 W CrUtilityMain: type=1400 audit(0.0:2671): avc: denied { setattr } for name=46696C746572696E672052756C6573 dev="dm-2" ino=61900 scontext=u:r:isolated_app:s0:c512,c768 tcontext=u:object_r:app_data_file:s0:c512,c768 tclass=file permissive=0
11-01 21:33:03.639  7367  7367 W CrUtilityMain: type=1400 audit(0.0:2672): avc: denied { setattr } for name="manifest.json" dev="dm-2" ino=62182 scontext=u:r:isolated_app:s0:c512,c768 tcontext=u:object_r:app_data_file:s0:c512,c768 tclass=file permissive=0
11-01 21:33:03.639  7367  7367 W CrUtilityMain: type=1400 audit(0.0:2673): avc: denied { setattr } for name="verified_contents.json" dev="dm-2" ino=62143 scontext=u:r:isolated_app:s0:c512,c768 tcontext=u:object_r:app_data_file:s0:c512,c768 tclass=file permissive=0
11-01 21:33:03.647  7354  7354 I cr_ChildProcessService: Destroying ChildProcessService pid=7354
11-01 21:33:03.648  7354  7367 I chromium: [INFO:child_process_service.cc(69)] ChildProcessService: Exiting child process.
11-01 21:33:03.674   600 28743 I ActivityManager: Process com.android.chrome:sandboxed_process18 (pid 7354) has died
11-01 21:33:03.674   600 28743 D ActivityManager: cleanUpApplicationRecord -- 7354
11-01 21:33:03.684  6807  6807 W chromium: [WARNING:compositor_view.cc(315)] Child process died (type=6) pid=7354)
11-01 21:33:04.041  7304  7304 D MonkeyStub: translateCommand: tap 724 439
11-01 21:33:04.231   600   713 I ActivityManager: Start proc 7373:com.android.chrome:sandboxed_process19/u0i513 for service com.android.chrome/org.chromium.content.app.SandboxedProcessService19
11-01 21:33:04.273  7373  7373 W boxed_process19: type=1400 audit(0.0:2674): avc: denied { getattr } for path="/data/data/com.android.chrome" dev="dm-2" ino=12190 scontext=u:r:isolated_app:s0:c512,c768 tcontext=u:object_r:app_data_file:s0:c512,c768 tclass=dir permissive=0
11-01 21:33:04.293  7373  7373 I cr_ChildProcessService: Creating new ChildProcessService pid=7373
11-01 21:33:04.332  7373  7386 I cr_LibraryLoader: Loaded native library version number "85.0.4183.127"
11-01 21:33:04.332  7373  7386 I cr_CachingUmaRecorder: Flushed 1 samples from 1 histograms.
11-01 21:33:04.366  7386  7386 W CrUtilityMain: type=1400 audit(0.0:2675): avc: denied { setattr } for name="tl_en-us_2022-10-26_484799359_100000_index.bin" dev="dm-2" ino=62209 scontext=u:r:isolated_app:s0:c512,c768 tcontext=u:object_r:app_data_file:s0:c512,c768 tclass=file permissive=0
11-01 21:33:04.369  7386  7386 W CrUtilityMain: type=1400 audit(0.0:2676): avc: denied { setattr } for name="manifest.json" dev="dm-2" ino=62261 scontext=u:r:isolated_app:s0:c512,c768 tcontext=u:object_r:app_data_file:s0:c512,c768 tclass=file permissive=0
11-01 21:33:04.373  7386  7386 W CrUtilityMain: type=1400 audit(0.0:2677): avc: denied { setattr } for name="verified_contents.json" dev="dm-2" ino=62075 scontext=u:r:isolated_app:s0:c512,c768 tcontext=u:object_r:app_data_file:s0:c512,c768 tclass=file permissive=0
11-01 21:33:04.377  7373  7386 I chromium: [INFO:child_process_service.cc(69)] ChildProcessService: Exiting child process.
11-01 21:33:04.380   197   197 E lowmemorykiller: Error writing /proc/7373/oom_score_adj; errno=22
11-01 21:33:04.384   600  5522 I ActivityManager: Process com.android.chrome:sandboxed_process19 (pid 7373) has died
11-01 21:33:04.384  6807  6807 W chromium: [WARNING:compositor_view.cc(315)] Child process died (type=6) pid=7373)
11-01 21:33:04.384   600  5522 D ActivityManager: cleanUpApplicationRecord -- 7373
11-01 21:33:05.213   600  8039 I ActivityManager: Start proc 7390:com.android.chrome:sandboxed_process20/u0i514 for service com.android.chrome/org.chromium.content.app.SandboxedProcessService20
11-01 21:33:05.273  7390  7390 W boxed_process20: type=1400 audit(0.0:2678): avc: denied { getattr } for path="/data/data/com.android.chrome" dev="dm-2" ino=12190 scontext=u:r:isolated_app:s0:c512,c768 tcontext=u:object_r:app_data_file:s0:c512,c768 tclass=dir permissive=0
11-01 21:33:05.291  7390  7390 I cr_ChildProcessService: Creating new ChildProcessService pid=7390
11-01 21:33:05.329  7390  7403 I cr_LibraryLoader: Loaded native library version number "85.0.4183.127"
11-01 21:33:05.330  7390  7403 I cr_CachingUmaRecorder: Flushed 1 samples from 1 histograms.
11-01 21:33:05.346  7403  7403 W CrUtilityMain: type=1400 audit(0.0:2679): avc: denied { setattr } for name="optimization-hints.pb" dev="dm-2" ino=62274 scontext=u:r:isolated_app:s0:c512,c768 tcontext=u:object_r:app_data_file:s0:c512,c768 tclass=file permissive=0
11-01 21:33:05.346  7403  7403 W CrUtilityMain: type=1400 audit(0.0:2680): avc: denied { setattr } for name="manifest.json" dev="dm-2" ino=62112 scontext=u:r:isolated_app:s0:c512,c768 tcontext=u:object_r:app_data_file:s0:c512,c768 tclass=file permissive=0
11-01 21:33:05.346  7403  7403 W CrUtilityMain: type=1400 audit(0.0:2681): avc: denied { setattr } for name="verified_contents.json" dev="dm-2" ino=61966 scontext=u:r:isolated_app:s0:c512,c768 tcontext=u:object_r:app_data_file:s0:c512,c768 tclass=file permissive=0
11-01 21:33:05.355  7390  7403 I chromium: [INFO:child_process_service.cc(69)] ChildProcessService: Exiting child process.
11-01 21:33:05.381   600  8039 I ActivityManager: Process com.android.chrome:sandboxed_process20 (pid 7390) has died
11-01 21:33:05.381   600  8039 D ActivityManager: cleanUpApplicationRecord -- 7390
11-01 21:33:05.381  6807  6807 W chromium: [WARNING:compositor_view.cc(315)] Child process died (type=6) pid=7390)
11-01 21:33:06.428   600  1666 I ActivityManager: Start proc 7407:com.android.chrome:sandboxed_process21/u0i515 for service com.android.chrome/org.chromium.content.app.SandboxedProcessService21
11-01 21:33:06.476  7407  7407 W boxed_process21: type=1400 audit(0.0:2682): avc: denied { getattr } for path="/data/data/com.android.chrome" dev="dm-2" ino=12190 scontext=u:r:isolated_app:s0:c512,c768 tcontext=u:object_r:app_data_file:s0:c512,c768 tclass=dir permissive=0
11-01 21:33:06.503  7407  7407 I cr_ChildProcessService: Creating new ChildProcessService pid=7407
11-01 21:33:06.557  7407  7420 I cr_LibraryLoader: Loaded native library version number "85.0.4183.127"
11-01 21:33:06.558  7407  7420 I cr_CachingUmaRecorder: Flushed 1 samples from 1 histograms.
11-01 21:33:06.573  7420  7420 W CrUtilityMain: type=1400 audit(0.0:2683): avc: denied { setattr } for name="crl-set" dev="dm-2" ino=62259 scontext=u:r:isolated_app:s0:c512,c768 tcontext=u:object_r:app_data_file:s0:c512,c768 tclass=file permissive=0
11-01 21:33:06.573  7420  7420 W CrUtilityMain: type=1400 audit(0.0:2684): avc: denied { setattr } for name="manifest.json" dev="dm-2" ino=62021 scontext=u:r:isolated_app:s0:c512,c768 tcontext=u:object_r:app_data_file:s0:c512,c768 tclass=file permissive=0
11-01 21:33:06.573  7420  7420 W CrUtilityMain: type=1400 audit(0.0:2685): avc: denied { setattr } for name="LICENSE" dev="dm-2" ino=62054 scontext=u:r:isolated_app:s0:c512,c768 tcontext=u:object_r:app_data_file:s0:c512,c768 tclass=file permissive=0
11-01 21:33:06.576  7420  7420 W CrUtilityMain: type=1400 audit(0.0:2686): avc: denied { setattr } for name="verified_contents.json" dev="dm-2" ino=62275 scontext=u:r:isolated_app:s0:c512,c768 tcontext=u:object_r:app_data_file:s0:c512,c768 tclass=file permissive=0
11-01 21:33:06.583  7407  7420 I chromium: [INFO:child_process_service.cc(69)] ChildProcessService: Exiting child process.
11-01 21:33:06.584   197   197 E lowmemorykiller: Error writing /proc/7407/oom_score_adj; errno=22
11-01 21:33:06.607   600  1665 I ActivityManager: Process com.android.chrome:sandboxed_process21 (pid 7407) has died
11-01 21:33:06.607   600  1665 D ActivityManager: cleanUpApplicationRecord -- 7407
11-01 21:33:06.607  6807  6807 W chromium: [WARNING:compositor_view.cc(315)] Child process died (type=6) pid=7407)
11-01 21:33:07.899   600 30165 I ActivityManager: Start proc 7425:com.android.chrome:sandboxed_process22/u0i516 for service com.android.chrome/org.chromium.content.app.SandboxedProcessService22
11-01 21:33:07.963  7425  7425 W boxed_process22: type=1400 audit(0.0:2687): avc: denied { getattr } for path="/data/data/com.android.chrome" dev="dm-2" ino=12190 scontext=u:r:isolated_app:s0:c512,c768 tcontext=u:object_r:app_data_file:s0:c512,c768 tclass=dir permissive=0
11-01 21:33:07.997  7425  7425 I cr_ChildProcessService: Creating new ChildProcessService pid=7425
11-01 21:33:08.052  7425  7438 I cr_LibraryLoader: Loaded native library version number "85.0.4183.127"
11-01 21:33:08.052  7425  7438 I cr_CachingUmaRecorder: Flushed 1 samples from 1 histograms.
11-01 21:33:08.063  7438  7438 W CrUtilityMain: type=1400 audit(0.0:2688): avc: denied { setattr } for name="manifest.json" dev="dm-2" ino=62277 scontext=u:r:isolated_app:s0:c512,c768 tcontext=u:object_r:app_data_file:s0:c512,c768 tclass=file permissive=0
11-01 21:33:08.066  7438  7438 W CrUtilityMain: type=1400 audit(0.0:2689): avc: denied { setattr } for name="verified_contents.json" dev="dm-2" ino=62225 scontext=u:r:isolated_app:s0:c512,c768 tcontext=u:object_r:app_data_file:s0:c512,c768 tclass=file permissive=0
11-01 21:33:08.069  7425  7438 I chromium: [INFO:child_process_service.cc(69)] ChildProcessService: Exiting child process.
11-01 21:33:08.074   197   197 E lowmemorykiller: Error writing /proc/7425/oom_score_adj; errno=22
11-01 21:33:08.090   600  1665 I ActivityManager: Process com.android.chrome:sandboxed_process22 (pid 7425) has died
11-01 21:33:08.090   600  1665 D ActivityManager: cleanUpApplicationRecord -- 7425
11-01 21:33:08.092  6807  6807 W chromium: [WARNING:compositor_view.cc(315)] Child process died (type=6) pid=7425)
11-01 21:33:09.665   600  8931 I ActivityManager: Start proc 7442:com.android.chrome:sandboxed_process23/u0i517 for service com.android.chrome/org.chromium.content.app.SandboxedProcessService23
11-01 21:33:09.763  7442  7442 W boxed_process23: type=1400 audit(0.0:2690): avc: denied { getattr } for path="/data/data/com.android.chrome" dev="dm-2" ino=12190 scontext=u:r:isolated_app:s0:c512,c768 tcontext=u:object_r:app_data_file:s0:c512,c768 tclass=dir permissive=0
11-01 21:33:09.788  7442  7442 I cr_ChildProcessService: Creating new ChildProcessService pid=7442
11-01 21:33:09.834  7442  7455 I cr_LibraryLoader: Loaded native library version number "85.0.4183.127"
11-01 21:33:09.834  7442  7455 I cr_CachingUmaRecorder: Flushed 1 samples from 1 histograms.
11-01 21:33:09.849  7455  7455 W CrUtilityMain: type=1400 audit(0.0:2691): avc: denied { setattr } for name="download_file_types.pb" dev="dm-2" ino=62071 scontext=u:r:isolated_app:s0:c512,c768 tcontext=u:object_r:app_data_file:s0:c512,c768 tclass=file permissive=0
11-01 21:33:09.849  7455  7455 W CrUtilityMain: type=1400 audit(0.0:2692): avc: denied { setattr } for name="manifest.json" dev="dm-2" ino=62227 scontext=u:r:isolated_app:s0:c512,c768 tcontext=u:object_r:app_data_file:s0:c512,c768 tclass=file permissive=0
11-01 21:33:09.853  7455  7455 W CrUtilityMain: type=1400 audit(0.0:2693): avc: denied { setattr } for name="verified_contents.json" dev="dm-2" ino=62106 scontext=u:r:isolated_app:s0:c512,c768 tcontext=u:object_r:app_data_file:s0:c512,c768 tclass=file permissive=0
11-01 21:33:09.860  7442  7455 I chromium: [INFO:child_process_service.cc(69)] ChildProcessService: Exiting child process.
11-01 21:33:09.861   197   197 E lowmemorykiller: Error writing /proc/7442/oom_score_adj; errno=22
11-01 21:33:09.877   600   611 I ActivityManager: Process com.android.chrome:sandboxed_process23 (pid 7442) has died
11-01 21:33:09.878   600   611 D ActivityManager: cleanUpApplicationRecord -- 7442
11-01 21:33:09.878  6807  6807 W chromium: [WARNING:compositor_view.cc(315)] Child process died (type=6) pid=7442)
11-01 21:33:11.768   600  8928 I ActivityManager: Start proc 7459:com.android.chrome:sandboxed_process24/u0i518 for service com.android.chrome/org.chromium.content.app.SandboxedProcessService24
11-01 21:33:11.839  7459  7459 W boxed_process24: type=1400 audit(0.0:2694): avc: denied { getattr } for path="/data/data/com.android.chrome" dev="dm-2" ino=12190 scontext=u:r:isolated_app:s0:c512,c768 tcontext=u:object_r:app_data_file:s0:c512,c768 tclass=dir permissive=0
11-01 21:33:11.872  7459  7459 I cr_ChildProcessService: Creating new ChildProcessService pid=7459
11-01 21:33:11.928  7459  7472 I cr_LibraryLoader: Loaded native library version number "85.0.4183.127"
11-01 21:33:11.928  7459  7472 I cr_CachingUmaRecorder: Flushed 1 samples from 1 histograms.
11-01 21:33:11.943  7472  7472 W CrUtilityMain: type=1400 audit(0.0:2695): avc: denied { setattr } for name="safety_tips.pb" dev="dm-2" ino=61909 scontext=u:r:isolated_app:s0:c512,c768 tcontext=u:object_r:app_data_file:s0:c512,c768 tclass=file permissive=0
11-01 21:33:11.943  7472  7472 W CrUtilityMain: type=1400 audit(0.0:2696): avc: denied { setattr } for name="manifest.json" dev="dm-2" ino=62179 scontext=u:r:isolated_app:s0:c512,c768 tcontext=u:object_r:app_data_file:s0:c512,c768 tclass=file permissive=0
11-01 21:33:11.946  7472  7472 W CrUtilityMain: type=1400 audit(0.0:2697): avc: denied { setattr } for name="verified_contents.json" dev="dm-2" ino=61969 scontext=u:r:isolated_app:s0:c512,c768 tcontext=u:object_r:app_data_file:s0:c512,c768 tclass=file permissive=0
11-01 21:33:11.951  7459  7472 I chromium: [INFO:child_process_service.cc(69)] ChildProcessService: Exiting child process.
11-01 21:33:11.953   197   197 E lowmemorykiller: Error writing /proc/7459/oom_score_adj; errno=22
11-01 21:33:11.980   600  8928 I ActivityManager: Process com.android.chrome:sandboxed_process24 (pid 7459) has died
11-01 21:33:11.980   600  8928 D ActivityManager: cleanUpApplicationRecord -- 7459
11-01 21:33:11.981  6807  6807 W chromium: [WARNING:compositor_view.cc(315)] Child process died (type=6) pid=7459)
11-01 21:33:12.105  7304  7304 D MonkeyStub: translateCommand: touch down 614 1561
11-01 21:33:12.125  7304  7304 D MonkeyStub: translateCommand: touch move 614 1561
11-01 21:33:12.237  7304  7304 D MonkeyStub: translateCommand: touch move 614 1436
11-01 21:33:12.368  7304  7304 D MonkeyStub: translateCommand: touch move 614 1311
11-01 21:33:12.476  7304  7304 D MonkeyStub: translateCommand: touch move 614 1186
11-01 21:33:12.585  7304  7304 D MonkeyStub: translateCommand: touch move 614 1061
11-01 21:33:12.695  7304  7304 D MonkeyStub: translateCommand: touch move 614 937
11-01 21:33:12.804  7304  7304 D MonkeyStub: translateCommand: touch move 614 812
11-01 21:33:12.913  7304  7304 D MonkeyStub: translateCommand: touch move 614 687
11-01 21:33:13.052  7304  7304 D MonkeyStub: translateCommand: touch move 614 562
11-01 21:33:13.156  7304  7304 D MonkeyStub: translateCommand: touch move 614 437
11-01 21:33:13.267  7304  7304 D MonkeyStub: translateCommand: touch move 614 312
11-01 21:33:13.272  7304  7304 D MonkeyStub: translateCommand: touch up 614 312
11-01 21:33:13.292  7304  7304 D MonkeyStub: translateCommand: touch down 614 1561
11-01 21:33:13.296  7304  7304 D MonkeyStub: translateCommand: touch move 614 1561
11-01 21:33:13.403  7304  7304 D MonkeyStub: translateCommand: touch move 614 1436
11-01 21:33:13.511  7304  7304 D MonkeyStub: translateCommand: touch move 614 1311
11-01 21:33:13.544  6807  6807 I cr_tabmodel: Appending tabs being restored to metadata lists, 0, startingNormalCount: 2, startingIncognitoCount: 0
11-01 21:33:13.544  6807  6807 I cr_tabmodel: Serializing tab lists; counts: 2, 0
11-01 21:33:13.629  7304  7304 D MonkeyStub: translateCommand: touch move 614 1186
11-01 21:33:13.740  7304  7304 D MonkeyStub: translateCommand: touch move 614 1061
11-01 21:33:13.849  7304  7304 D MonkeyStub: translateCommand: touch move 614 937
11-01 21:33:14.000  7304  7304 D MonkeyStub: translateCommand: touch move 614 812
11-01 21:33:14.106  7304  7304 D MonkeyStub: translateCommand: touch move 614 687
11-01 21:33:14.130   600   611 I ActivityManager: Start proc 7476:com.android.chrome:sandboxed_process25/u0i519 for service com.android.chrome/org.chromium.content.app.SandboxedProcessService25
11-01 21:33:14.183  7476  7476 W boxed_process25: type=1400 audit(0.0:2698): avc: denied { getattr } for path="/data/data/com.android.chrome" dev="dm-2" ino=12190 scontext=u:r:isolated_app:s0:c512,c768 tcontext=u:object_r:app_data_file:s0:c512,c768 tclass=dir permissive=0
11-01 21:33:14.204  7476  7476 I cr_ChildProcessService: Creating new ChildProcessService pid=7476
11-01 21:33:14.216  7304  7304 D MonkeyStub: translateCommand: touch move 614 562
11-01 21:33:14.257  7476  7489 I cr_LibraryLoader: Loaded native library version number "85.0.4183.127"
11-01 21:33:14.258  7476  7489 I cr_CachingUmaRecorder: Flushed 1 samples from 1 histograms.
11-01 21:33:14.279  7489  7489 W CrUtilityMain: type=1400 audit(0.0:2699): avc: denied { setattr } for name=5072656C6F61642044617461 dev="dm-2" ino=62266 scontext=u:r:isolated_app:s0:c512,c768 tcontext=u:object_r:app_data_file:s0:c512,c768 tclass=file permissive=0
11-01 21:33:14.283  7489  7489 W CrUtilityMain: type=1400 audit(0.0:2700): avc: denied { setattr } for name="manifest.json" dev="dm-2" ino=62165 scontext=u:r:isolated_app:s0:c512,c768 tcontext=u:object_r:app_data_file:s0:c512,c768 tclass=file permissive=0
11-01 21:33:14.286  7489  7489 W CrUtilityMain: type=1400 audit(0.0:2701): avc: denied { setattr } for name="verified_contents.json" dev="dm-2" ino=61961 scontext=u:r:isolated_app:s0:c512,c768 tcontext=u:object_r:app_data_file:s0:c512,c768 tclass=file permissive=0
11-01 21:33:14.294  7476  7476 I cr_ChildProcessService: Destroying ChildProcessService pid=7476
11-01 21:33:14.295  7476  7489 I chromium: [INFO:child_process_service.cc(69)] ChildProcessService: Exiting child process.
11-01 21:33:14.317   600  1665 I ActivityManager: Process com.android.chrome:sandboxed_process25 (pid 7476) has died
11-01 21:33:14.317   600  1665 D ActivityManager: cleanUpApplicationRecord -- 7476
11-01 21:33:14.320  6807  6807 W chromium: [WARNING:compositor_view.cc(315)] Child process died (type=6) pid=7476)
11-01 21:33:14.322  7304  7304 D MonkeyStub: translateCommand: touch move 614 437
11-01 21:33:14.430  7304  7304 D MonkeyStub: translateCommand: touch move 614 312
11-01 21:33:14.433  7304  7304 D MonkeyStub: translateCommand: touch up 614 312
11-01 21:33:14.679  6807  6807 I cr_tabmodel: Appending tabs being restored to metadata lists, 0, startingNormalCount: 2, startingIncognitoCount: 0
11-01 21:33:14.679  6807  6807 I cr_tabmodel: Serializing tab lists; counts: 2, 0
11-01 21:33:16.732   600  8039 I ActivityManager: Start proc 7495:com.android.chrome:sandboxed_process26/u0i520 for service com.android.chrome/org.chromium.content.app.SandboxedProcessService26
11-01 21:33:16.793  7495  7495 W boxed_process26: type=1400 audit(0.0:2702): avc: denied { getattr } for path="/data/data/com.android.chrome" dev="dm-2" ino=12190 scontext=u:r:isolated_app:s0:c512,c768 tcontext=u:object_r:app_data_file:s0:c512,c768 tclass=dir permissive=0
11-01 21:33:16.831  7495  7495 I cr_ChildProcessService: Creating new ChildProcessService pid=7495
11-01 21:33:16.884  7495  7508 I cr_LibraryLoader: Loaded native library version number "85.0.4183.127"
11-01 21:33:16.884  7495  7508 I cr_CachingUmaRecorder: Flushed 1 samples from 1 histograms.
11-01 21:33:16.896  7508  7508 W CrUtilityMain: type=1400 audit(0.0:2703): avc: denied { setattr } for name="tls_deprecation_config.pb" dev="dm-2" ino=62593 scontext=u:r:isolated_app:s0:c512,c768 tcontext=u:object_r:app_data_file:s0:c512,c768 tclass=file permissive=0
11-01 21:33:16.896  7508  7508 W CrUtilityMain: type=1400 audit(0.0:2704): avc: denied { setattr } for name="manifest.json" dev="dm-2" ino=62632 scontext=u:r:isolated_app:s0:c512,c768 tcontext=u:object_r:app_data_file:s0:c512,c768 tclass=file permissive=0
11-01 21:33:16.899  7508  7508 W CrUtilityMain: type=1400 audit(0.0:2705): avc: denied { setattr } for name="verified_contents.json" dev="dm-2" ino=62727 scontext=u:r:isolated_app:s0:c512,c768 tcontext=u:object_r:app_data_file:s0:c512,c768 tclass=file permissive=0
11-01 21:33:16.903  7495  7508 I chromium: [INFO:child_process_service.cc(69)] ChildProcessService: Exiting child process.
11-01 21:33:16.904   197   197 E lowmemorykiller: Error writing /proc/7495/oom_score_adj; errno=22
11-01 21:33:16.924   600  6822 I ActivityManager: Process com.android.chrome:sandboxed_process26 (pid 7495) has died
11-01 21:33:16.924   600  6822 D ActivityManager: cleanUpApplicationRecord -- 7495
11-01 21:33:16.924  6807  6807 W chromium: [WARNING:compositor_view.cc(315)] Child process died (type=6) pid=7495)
11-01 21:33:19.485  7304  7304 D MonkeyStub: Quit requested
11-01 21:33:19.535   600   614 I CwMcuSensor: CwMcuSensor::flush: fd = 224, sensors_id = 0, path = /sys/class/htc_sensorhub/sensor_hub/flush, err = 0
11-01 21:33:19.537  7304  7304 I art     : System.exit called, status: 82
11-01 21:33:19.537  7304  7304 I AndroidRuntime: VM exiting with result code 82.
11-01 21:33:19.568   600  1664 W WindowManager: Attempted to remove non-existing token: android.os.Binder@2e8b11d
11-01 21:33:19.605   600 12440 I ActivityManager: Start proc 7514:com.android.chrome:sandboxed_process27/u0i521 for service com.android.chrome/org.chromium.content.app.SandboxedProcessService27
11-01 21:33:19.656  7514  7514 W boxed_process27: type=1400 audit(0.0:2706): avc: denied { getattr } for path="/data/data/com.android.chrome" dev="dm-2" ino=12190 scontext=u:r:isolated_app:s0:c512,c768 tcontext=u:object_r:app_data_file:s0:c512,c768 tclass=dir permissive=0
11-01 21:33:19.682  7514  7514 I cr_ChildProcessService: Creating new ChildProcessService pid=7514
11-01 21:33:19.724  7514  7527 I cr_LibraryLoader: Loaded native library version number "85.0.4183.127"
11-01 21:33:19.725  7514  7527 I cr_CachingUmaRecorder: Flushed 1 samples from 1 histograms.
11-01 21:33:19.746  7527  7527 W CrUtilityMain: type=1400 audit(0.0:2707): avc: denied { setattr } for name="ssl_error_assistant.pb" dev="dm-2" ino=62559 scontext=u:r:isolated_app:s0:c512,c768 tcontext=u:object_r:app_data_file:s0:c512,c768 tclass=file permissive=0
11-01 21:33:19.746  7527  7527 W CrUtilityMain: type=1400 audit(0.0:2708): avc: denied { setattr } for name="manifest.json" dev="dm-2" ino=62515 scontext=u:r:isolated_app:s0:c512,c768 tcontext=u:object_r:app_data_file:s0:c512,c768 tclass=file permissive=0
11-01 21:33:19.749  7527  7527 W CrUtilityMain: type=1400 audit(0.0:2709): avc: denied { setattr } for name="verified_contents.json" dev="dm-2" ino=62613 scontext=u:r:isolated_app:s0:c512,c768 tcontext=u:object_r:app_data_file:s0:c512,c768 tclass=file permissive=0
11-01 21:33:19.756  7514  7527 I chromium: [INFO:child_process_service.cc(69)] ChildProcessService: Exiting child process.
11-01 21:33:19.757   197   197 E lowmemorykiller: Error writing /proc/7514/oom_score_adj; errno=22
11-01 21:33:19.777   600  1484 I ActivityManager: Process com.android.chrome:sandboxed_process27 (pid 7514) has died
11-01 21:33:19.777   600  1484 D ActivityManager: cleanUpApplicationRecord -- 7514
11-01 21:33:19.778  6807  6807 W chromium: [WARNING:compositor_view.cc(315)] Child process died (type=6) pid=7514)
11-01 21:33:28.011  2938  3445 I Icing   : IndexChimeraService.getServiceInterface callingPackage=com.android.chrome componentName=null serviceId=36
11-01 21:33:28.052  2938  6332 W Icing   : No valid account for uploading user actions
11-01 21:33:28.102  2938  3408 I Icing   : IndexChimeraService.getServiceInterface callingPackage=com.google.android.gms componentName=null serviceId=30
11-01 21:33:28.121  2938  6332 I Icing   : Usage reports ok 5, Failed Usage reports 0, indexed 0, rejected 0
11-01 21:33:28.127  2938  6332 W Icing   : No valid account for uploading user actions
11-01 21:33:28.144  2938  6332 I Icing   : Usage reports ok 0, Failed Usage reports 0, indexed 0, rejected 0
11-01 21:33:28.148  2938  6332 I Icing   : Indexing com.android.chrome-omnibox from com.android.chrome
11-01 21:33:28.188  2938  6332 I Icing   : Indexing done com.android.chrome-omnibox
