11-02 11:12:15.743   601   832 I ActivityManager: Killing 2767:com.android.chrome:sandboxed_process13/u0a35i241 (adj 0): isolated not needed
11-02 11:12:15.743   601   832 I ActivityManager: Killing 2720:com.android.chrome:sandboxed_process10/u0a35i238 (adj 0): isolated not needed
11-02 11:12:15.743   601   832 I ActivityManager: Killing 2740:com.android.chrome:sandboxed_process12/u0a35i240 (adj 0): isolated not needed
11-02 11:12:15.764  2850  2850 W boxed_process18: type=1400 audit(0.0:2055): avc: denied { getattr } for path="/data/data/com.android.chrome" dev="dm-2" ino=12190 scontext=u:r:isolated_app:s0:c512,c768 tcontext=u:object_r:app_data_file:s0:c512,c768 tclass=dir permissive=0
11-02 11:12:15.767  2412  2412 I Choreographer: Skipped 31 frames!  The application may be doing too much work on its main thread.
11-02 11:12:15.771  2824  2824 I cr_ChildProcessService: Creating new ChildProcessService pid=2824
11-02 11:12:15.798  2727  2821 I chromium: [INFO:child_process_service.cc(69)] ChildProcessService: Exiting child process.
11-02 11:12:15.798   195   195 E lowmemorykiller: Error writing /proc/2727/oom_score_adj; errno=22
11-02 11:12:15.821  2775  2849 I cr_LibraryLoader: Loaded native library version number "85.0.4183.127"
11-02 11:12:15.821  2775  2849 I cr_CachingUmaRecorder: Flushed 1 samples from 1 histograms.
11-02 11:12:15.823  2412  2422 I art     : Background sticky concurrent mark sweep GC freed 45417(2MB) AllocSpace objects, 27(540KB) LOS objects, 18% free, 14MB/18MB, paused 714us total 170.515ms
11-02 11:12:15.860  2412  2470 I MainThreadRunner: Running task [FeedRequestManagerImpl consumer] on the Main Thread
11-02 11:12:15.871   601 10729 I ActivityManager: Killing 2727:com.android.chrome:sandboxed_process11/u0a35i239 (adj 0): isolated not needed
11-02 11:12:15.872  2412  2470 I TaskQueue:  - Finished 15, time 261 ms
11-02 11:12:15.877  2412  2412 I FeedProtocolAdapter: createModel, operations 33
11-02 11:12:15.883  2412  2412 I TimingUtils: Task Timing   5ms, thread ui | task : convertWireProtocol | mutations : 33
11-02 11:12:15.885  2412  2412 I TaskQueue:  - task [HEAD_RESET - d: true, b: 2]: 5
11-02 11:12:15.885  2412  2412 I TaskQueue:  - queueTask starting immediate task
11-02 11:12:15.889  2412  2470 I TaskQueue: Execute task [HEAD_RESET - d: true, b: 2]: 5
11-02 11:12:15.904  2412  2470 I TaskQueue:  - task [BACKGROUND - d: true, b: 2]: 23
11-02 11:12:15.905  2412  2470 W SessionCache: Persisted Sessions were not found
11-02 11:12:15.917  2786  2847 I chromium: [INFO:child_process_service.cc(69)] ChildProcessService: Exiting child process.
11-02 11:12:15.918   195   195 E lowmemorykiller: Error writing /proc/2786/oom_score_adj; errno=22
11-02 11:12:15.929  2412  2470 I PersistentFeedStore: commitSessionMutation - Success true, Update Session $HEAD, stream structures 32
11-02 11:12:15.949  2412  2470 I MainThreadRunner: Running task [SchedulerApiWrapper onReceiveNewContent] on the Main Thread
11-02 11:12:15.956  2412  2470 I MainThreadRunner: Running task [FeedKnownContentImpl onNewContentReceived] on the Main Thread
11-02 11:12:15.959  2412  2470 I SessionManagerMutation: Cleared Head, new creation time 11-02 11:12:15.905
11-02 11:12:15.959  2412  2470 I TimingUtils: Task Timing  70ms, thread JardinExecutor | task : sessionMutation.commitTask:updateConsumer | mutations : 33 | userInitiated : false
11-02 11:12:15.959  2412  2470 I TaskQueue: Cancelling starvation checks
11-02 11:12:15.959  2412  2470 I TaskQueue:  - Finished 5, time 70 ms
11-02 11:12:15.959  2412  2470 I TaskQueue: Execute task [USER_FACING - d: false, b: 2]: 24
11-02 11:12:15.983  2412  2470 I TimeoutSessionImpl: TimeoutSession.populateModelProvider, shouldAppend false
11-02 11:12:15.983  2412  2470 I SessionImpl: PopulateModelProvider 32 items
11-02 11:12:15.984  2870  2870 W boxed_process19: type=1400 audit(0.0:2056): avc: denied { getattr } for path="/data/data/com.android.chrome" dev="dm-2" ino=12190 scontext=u:r:isolated_app:s0:c512,c768 tcontext=u:object_r:app_data_file:s0:c512,c768 tclass=dir permissive=0
11-02 11:12:15.989  2412  2470 I FeedModelProvider: FeedModelProvider - committer, structure changes 31, update changes 0
11-02 11:12:15.989  2412  2470 I FeedModelProvider: SyntheticTokenTracker: 0, 11, 11, false
11-02 11:12:15.990  2412  2470 I FeedSessionManagerImpl: Caching getStreamFeatures - items 31, cache misses 0, cache size 31
11-02 11:12:15.996  2412  2470 I FeedModelProvider: Moving _session:b5dedb54-32d5-417b-8f42-3bde2d1a9303 to READY
11-02 11:12:15.996  2412  2470 I MainThreadRunner: Running task [FeedModelProvider onSessionStart] on the Main Thread
11-02 11:12:15.996  2412  2470 I FeedModelProvider: ModelProvider Mutation committed - structure changes 31, childrenToBind 31, removedChildren false, Token false
11-02 11:12:16.004  2412  2412 I FeedModelProvider: No children found for Cursor
11-02 11:12:16.006  2412  2470 I FeedSessionManagerImpl: Populate new session: _session:b5dedb54-32d5-417b-8f42-3bde2d1a9303, creation time 11-02 11:12:15.983
11-02 11:12:16.006  2412  2470 I TimingUtils: Task Timing  46ms, thread JardinExecutor | task : Create/Populate New Session
11-02 11:12:16.006  2412  2470 I TaskQueue:  - Finished 24, time 47 ms
11-02 11:12:16.006  2412  2470 I TaskQueue: Execute task [BACKGROUND - d: false, b: 1]: 11
11-02 11:12:16.016  2850  2850 I cr_ChildProcessService: Creating new ChildProcessService pid=2850
11-02 11:12:16.018  2412  2470 I ContentGc: Re-enqueuing triggerContentGc; attempts(0)
11-02 11:12:16.019  2412  2470 I TaskQueue:  - task [BACKGROUND - d: false, b: 1]: 11
11-02 11:12:16.019  2412  2470 I TaskQueue:  - Finished 11, time 13 ms
11-02 11:12:16.020  2412  2470 I TaskQueue: Execute task [BACKGROUND - d: false, b: 1]: 23
11-02 11:12:16.047   601   614 I ActivityManager: Killing 2775:com.android.chrome:sandboxed_process14/u0a35i242 (adj 0): isolated not needed
11-02 11:12:16.047   601   614 I ActivityManager: Killing 2786:com.android.chrome:sandboxed_process15/u0a35i243 (adj 0): isolated not needed
11-02 11:12:16.054  2879  2879 W boxed_process20: type=1400 audit(0.0:2057): avc: denied { getattr } for path="/data/data/com.android.chrome" dev="dm-2" ino=12190 scontext=u:r:isolated_app:s0:c512,c768 tcontext=u:object_r:app_data_file:s0:c512,c768 tclass=dir permissive=0
11-02 11:12:16.089  2815  2896 I cr_LibraryLoader: Loaded native library version number "85.0.4183.127"
11-02 11:12:16.106  2815  2896 I cr_CachingUmaRecorder: Flushed 1 samples from 1 histograms.
11-02 11:12:16.128  2850  2911 I cr_LibraryLoader: Loaded native library version number "85.0.4183.127"
11-02 11:12:16.129  2850  2911 I cr_CachingUmaRecorder: Flushed 1 samples from 1 histograms.
11-02 11:12:16.180  2412  2474 W chromium: [WARNING:spdy_session.cc(3090)] Received RST for invalid stream1
11-02 11:12:16.181  2879  2879 I cr_ChildProcessService: Creating new ChildProcessService pid=2879
11-02 11:12:16.185  2870  2870 I cr_ChildProcessService: Creating new ChildProcessService pid=2870
11-02 11:12:16.208  2824  2902 I cr_LibraryLoader: Loaded native library version number "85.0.4183.127"
11-02 11:12:16.215  2824  2902 I cr_CachingUmaRecorder: Flushed 1 samples from 1 histograms.
11-02 11:12:16.243  2701  2701 I dex2oat : dex2oat took 1.527s (threads: 2) arena alloc=896KB (918200B) java alloc=108KB (111072B) native alloc=559KB (573272B) free=2000KB (2048168B)
11-02 11:12:16.288  2824  2824 I cr_ChildProcessService: Destroying ChildProcessService pid=2824
11-02 11:12:16.291  2824  2902 I chromium: [INFO:child_process_service.cc(69)] ChildProcessService: Exiting child process.
11-02 11:12:16.328  2412  2470 I TimingUtils: Task Timing 307ms, thread JardinExecutor | task : commitContentMutation | mutations : 32
11-02 11:12:16.328  2412  2470 I TimingUtils: Task Timing   0ms, thread JardinExecutor | task : commitSemanticPropertiesMutation | mutations : 0
11-02 11:12:16.328  2412  2470 I TaskQueue:  - Finished 23, time 309 ms
11-02 11:12:16.328  2412  2470 I TaskQueue: Execute task [BACKGROUND - d: false, b: 0]: 11
11-02 11:12:16.331  2412  2470 I SessionCache: Determining accessible content
11-02 11:12:16.333  2412  2470 I TimingUtils: Task Timing   4ms, thread JardinExecutor | task : ContentGc | contentItemsRemoved : 0
11-02 11:12:16.333  2412  2470 I TaskQueue:  - Finished 11, time 5 ms
11-02 11:12:16.355  2870  2917 I cr_LibraryLoader: Loaded native library version number "85.0.4183.127"
11-02 11:12:16.355  2870  2917 I cr_CachingUmaRecorder: Flushed 1 samples from 1 histograms.
11-02 11:12:16.372  2879  2916 I cr_LibraryLoader: Loaded native library version number "85.0.4183.127"
11-02 11:12:16.372  2879  2916 I cr_CachingUmaRecorder: Flushed 1 samples from 1 histograms.
11-02 11:12:16.373   601  4262 I ActivityManager: Killing 2824:com.android.chrome:sandboxed_process17/u0a35i245 (adj 0): isolated not needed
11-02 11:12:16.373   601  4262 I ActivityManager: Killing 2815:com.android.chrome:sandboxed_process16/u0a35i244 (adj 0): isolated not needed
11-02 11:12:16.389 23975 23986 I art     : Background sticky concurrent mark sweep GC freed 10930(825KB) AllocSpace objects, 15(300KB) LOS objects, 22% free, 7MB/9MB, paused 3.217ms total 300.407ms
11-02 11:12:16.465  2879  2916 I chromium: [INFO:child_process_service.cc(69)] ChildProcessService: Exiting child process.
11-02 11:12:16.465   195   195 E lowmemorykiller: Error writing /proc/2879/oom_score_adj; errno=22
11-02 11:12:16.488  2655  2655 I cr_ChildProcessService: Destroying ChildProcessService pid=2655
11-02 11:12:16.489  2870  2870 I cr_ChildProcessService: Destroying ChildProcessService pid=2870
11-02 11:12:16.489  2655  2685 I chromium: [INFO:child_process_service.cc(69)] ChildProcessService: Exiting child process.
11-02 11:12:16.542 23975  1384 W Icing   : No valid account for uploading user actions
11-02 11:12:16.562   601  3564 I ActivityManager: Killing 2655:com.android.chrome:sandboxed_process8/u0a35i236 (adj 0): isolated not needed
11-02 11:12:16.562   601  3564 I ActivityManager: Killing 2879:com.android.chrome:sandboxed_process20/u0a35i248 (adj 0): isolated not needed
11-02 11:12:16.562   601  3564 I ActivityManager: Killing 2870:com.android.chrome:sandboxed_process19/u0a35i247 (adj 0): isolated not needed
11-02 11:12:16.607 23975 24436 I Icing   : IndexChimeraService.getServiceInterface callingPackage=com.google.android.gms componentName=null serviceId=30
11-02 11:12:16.905   601 12301 D ActivityManager: cleanUpApplicationRecord -- 2786
11-02 11:12:16.906  2412  2412 W chromium: [WARNING:compositor_view.cc(315)] Child process died (type=6) pid=2786)
11-02 11:12:16.913  2412  2412 W chromium: [WARNING:compositor_view.cc(315)] Child process died (type=6) pid=2727)
11-02 11:12:16.914  2412  2412 W chromium: [WARNING:compositor_view.cc(315)] Child process died (type=6) pid=2879)
11-02 11:12:16.914  2412  2412 W chromium: [WARNING:compositor_view.cc(315)] Child process died (type=6) pid=2740)
11-02 11:12:16.927   601  9643 D ActivityManager: cleanUpApplicationRecord -- 2740
11-02 11:12:16.927   601  3864 D ActivityManager: cleanUpApplicationRecord -- 2727
11-02 11:12:16.928   601   660 D ActivityManager: cleanUpApplicationRecord -- 2879
11-02 11:12:16.951   601 15862 D ActivityManager: cleanUpApplicationRecord -- 2775
11-02 11:12:16.951   601  3564 D ActivityManager: cleanUpApplicationRecord -- 2702
11-02 11:12:16.952   601  2013 D ActivityManager: cleanUpApplicationRecord -- 2560
11-02 11:12:16.956  2412  2412 W chromium: [WARNING:compositor_view.cc(315)] Child process died (type=6) pid=2560)
11-02 11:12:16.957  2412  2412 W chromium: [WARNING:compositor_view.cc(315)] Child process died (type=6) pid=2824)
11-02 11:12:16.958  2412  2412 W chromium: [WARNING:compositor_view.cc(315)] Child process died (type=6) pid=2702)
11-02 11:12:16.961  2412  2412 W chromium: [WARNING:compositor_view.cc(315)] Child process died (type=6) pid=2775)
11-02 11:12:16.976   601   819 D ActivityManager: cleanUpApplicationRecord -- 2555
11-02 11:12:16.984  2412  2412 W chromium: [WARNING:compositor_view.cc(315)] Child process died (type=6) pid=2591)
11-02 11:12:16.991  2412  2412 W chromium: [WARNING:compositor_view.cc(315)] Child process died (type=6) pid=2555)
11-02 11:12:16.995   601  7042 D ActivityManager: cleanUpApplicationRecord -- 2591
11-02 11:12:16.996   601   832 D ActivityManager: cleanUpApplicationRecord -- 2824
11-02 11:12:17.174   601  9663 D ActivityManager: cleanUpApplicationRecord -- 2573
11-02 11:12:17.229   785   797 I art     : Background partial concurrent mark sweep GC freed 68911(4MB) AllocSpace objects, 0(0B) LOS objects, 39% free, 11MB/19MB, paused 4.073ms total 653.670ms
11-02 11:12:17.277   601  4276 D ActivityManager: cleanUpApplicationRecord -- 2655
11-02 11:12:17.283  2412  2412 W chromium: [WARNING:compositor_view.cc(315)] Child process died (type=6) pid=2655)
11-02 11:12:17.303  2412  2412 W chromium: [WARNING:compositor_view.cc(315)] Child process died (type=6) pid=2573)
11-02 11:12:17.325  2412  2422 W art     : Suspending all threads took: 14.897ms
11-02 11:12:17.332  2412  2422 I art     : Background sticky concurrent mark sweep GC freed 35547(1521KB) AllocSpace objects, 3(60KB) LOS objects, 8% free, 16MB/18MB, paused 15.738ms total 32.241ms
11-02 11:12:17.388   601   610 I art     : Background partial concurrent mark sweep GC freed 69116(3MB) AllocSpace objects, 54(1496KB) LOS objects, 33% free, 15MB/23MB, paused 4.644ms total 2.003s
11-02 11:12:17.414   601   612 D ActivityManager: cleanUpApplicationRecord -- 2870
11-02 11:12:17.434   601 17045 D ActivityManager: cleanUpApplicationRecord -- 2720
11-02 11:12:17.450   601 15862 D ActivityManager: cleanUpApplicationRecord -- 2815
11-02 11:12:17.451   601   819 D ActivityManager: cleanUpApplicationRecord -- 2767
11-02 11:12:17.468  2412  2412 W chromium: [WARNING:compositor_view.cc(315)] Child process died (type=6) pid=2720)
11-02 11:12:17.472  2412  2412 W chromium: [WARNING:compositor_view.cc(315)] Child process died (type=6) pid=2767)
11-02 11:12:17.479  2412  2412 W chromium: [WARNING:compositor_view.cc(315)] Child process died (type=6) pid=2815)
11-02 11:12:17.483  2412  2412 W chromium: [WARNING:compositor_view.cc(315)] Child process died (type=6) pid=2870)
11-02 11:12:18.033   785  1617 W Icing   : isOptedInForAppHistory: empty Account Name encountered
11-02 11:12:18.072   785  1617 W Icing   : isOptedInForAppHistory: empty Account Name encountered
11-02 11:12:18.345  2412  2422 I art     : Background sticky concurrent mark sweep GC freed 25681(1133KB) AllocSpace objects, 5(100KB) LOS objects, 7% free, 16MB/18MB, paused 14.684ms total 89.991ms
11-02 11:12:18.440   785   357 W Icing   : isOptedInForAppHistory: empty Account Name encountered
11-02 11:12:18.459 23975  1384 I Icing   : Usage reports ok 2, Failed Usage reports 0, indexed 0, rejected 0
11-02 11:12:18.460 23975  1384 I Icing   : Removing corpus key com.android.chrome-omnibox for package com.android.chrome
11-02 11:12:18.960 23975  1384 I native  : document-store.cc:1654 Scored 3221 usage reports, missing_corpora 1771 update_failed 1
11-02 11:12:18.988  2412  2467 I cr_omaha: Request to Server Successful. Timestamp for next request:1667387538988
11-02 11:12:19.080 23975  1384 W Icing   : No valid account for uploading user actions
11-02 11:12:19.088  2412  2467 I cr_omaha: Request to Server Successful. Timestamp for next request:1667387539088
11-02 11:12:19.089  2412  2467 I cr_omaha: Attempting to schedule next job for: Wed Nov 02 16:12:18 GMT+01:00 2022
11-02 11:12:19.092  2412  2412 I cr_omaha: Scheduled using JobService
11-02 11:12:19.092  2412  2412 E cr_BkgrdTaskJS: Tried finishing non-current BackgroundTask.
11-02 11:12:19.182  2412  2464 W InstanceID: Instance ID SDK is deprecated, com.android.chrome should update to use Firebase Instance ID
11-02 11:12:19.700  2412  2412 E cr_BTSPrefs: No data found for task id: 53
11-02 11:12:19.700  2412  2412 E cr_BkgrdTaskScheduler: Task cannot be canceled because no data was found instorage or data was invalid
11-02 11:12:20.123 23975  1384 I Icing   : Usage reports ok 1, Failed Usage reports 0, indexed 1, rejected 0
11-02 11:12:20.156 23975  1384 W Icing   : No valid account for uploading user actions
11-02 11:12:20.166 23975  1384 I Icing   : Usage reports ok 0, Failed Usage reports 0, indexed 0, rejected 0
11-02 11:12:20.167 23975  1384 I Icing   : Indexing com.android.chrome-omnibox from com.android.chrome
11-02 11:12:20.392 23975  1384 I Icing   : Indexing done com.android.chrome-omnibox
11-02 11:12:21.344   785   798 W Icing   : isOptedInForAppHistory: empty Account Name encountered
11-02 11:12:21.354   785 23343 W Icing   : isOptedInForAppHistory: empty Account Name encountered
11-02 11:12:23.629  2412  2412 E cr_BTSPrefs: No data found for task id: 57
11-02 11:12:23.629  2412  2412 E cr_BkgrdTaskScheduler: Task cannot be canceled because no data was found instorage or data was invalid
11-02 11:12:23.629  2412  2412 E cr_BTSPrefs: No data found for task id: 56
11-02 11:12:23.629  2412  2412 E cr_BkgrdTaskScheduler: Task cannot be canceled because no data was found instorage or data was invalid
11-02 11:12:28.890  2970  2970 D AndroidRuntime: >>>>>> START com.android.internal.os.RuntimeInit uid 2000 <<<<<<
11-02 11:12:28.895  2970  2970 D AndroidRuntime: CheckJNI is OFF
11-02 11:12:29.040  2970  2970 D ICU     : No timezone override file found: /data/misc/zoneinfo/current/icu/icu_tzdata.dat
11-02 11:12:29.097  2970  2970 I Radio-JNI: register_android_hardware_Radio DONE
11-02 11:12:29.139  2970  2970 D AndroidRuntime: Calling main entry com.android.commands.monkey.Monkey
11-02 11:12:29.248   601   614 W BroadcastQueue: Skipping deliver [background] BroadcastRecord{bad0c42 u-1 android.net.conn.CONNECTIVITY_CHANGE} to ReceiverList{f768453 2970 (unknown name)/2000/u-1 remote:ddb6724}: process crashing
11-02 11:12:29.575  2412  2412 I cr_tabmodel: Appending tabs being restored to metadata lists, 0, startingNormalCount: 2, startingIncognitoCount: 0
11-02 11:12:29.575  2412  2412 I cr_tabmodel: Serializing tab lists; counts: 2, 0
11-02 11:12:30.418  2970  2970 D MonkeyStub: translateCommand: wake
11-02 11:12:30.537  2970  2970 D MonkeyStub: translateCommand: tap 1339 1877
11-02 11:12:40.789  2970  2970 D MonkeyStub: translateCommand: touch down 614 1561
11-02 11:12:40.797  2970  2970 D MonkeyStub: translateCommand: touch move 614 1561
11-02 11:12:40.922  2970  2970 D MonkeyStub: translateCommand: touch move 614 1436
11-02 11:12:41.033  2970  2970 D MonkeyStub: translateCommand: touch move 614 1311
11-02 11:12:41.156  2970  2970 D MonkeyStub: translateCommand: touch move 614 1186
11-02 11:12:41.263  2970  2970 D MonkeyStub: translateCommand: touch move 614 1061
11-02 11:12:41.370  2970  2970 D MonkeyStub: translateCommand: touch move 614 937
11-02 11:12:41.480  2970  2970 D MonkeyStub: translateCommand: touch move 614 812
11-02 11:12:41.589  2970  2970 D MonkeyStub: translateCommand: touch move 614 687
11-02 11:12:41.702  2970  2970 D MonkeyStub: translateCommand: touch move 614 562
11-02 11:12:41.806  2970  2970 D MonkeyStub: translateCommand: touch move 614 437
11-02 11:12:41.927  2970  2970 D MonkeyStub: translateCommand: touch move 614 312
11-02 11:12:41.943  2970  2970 D MonkeyStub: translateCommand: touch up 614 312
11-02 11:12:44.050  2970  2970 D MonkeyStub: translateCommand: touch down 614 1561
11-02 11:12:44.055  2970  2970 D MonkeyStub: translateCommand: touch move 614 1561
11-02 11:12:44.163  2970  2970 D MonkeyStub: translateCommand: touch move 614 1436
11-02 11:12:44.272  2970  2970 D MonkeyStub: translateCommand: touch move 614 1311
11-02 11:12:44.383  2970  2970 D MonkeyStub: translateCommand: touch move 614 1186
11-02 11:12:44.507  2970  2970 D MonkeyStub: translateCommand: touch move 614 1061
11-02 11:12:44.526  2412  2412 I Choreographer: Skipped 71 frames!  The application may be doing too much work on its main thread.
11-02 11:12:44.589  2412  2412 I cr_tabmodel: Appending tabs being restored to metadata lists, 0, startingNormalCount: 2, startingIncognitoCount: 0
11-02 11:12:44.589  2412  2412 I cr_tabmodel: Serializing tab lists; counts: 2, 0
11-02 11:12:44.613  2970  2970 D MonkeyStub: translateCommand: touch move 614 937
11-02 11:12:44.732  2970  2970 D MonkeyStub: translateCommand: touch move 614 812
11-02 11:12:44.840  2970  2970 D MonkeyStub: translateCommand: touch move 614 687
11-02 11:12:44.949  2970  2970 D MonkeyStub: translateCommand: touch move 614 562
11-02 11:12:45.053  2970  2970 D MonkeyStub: translateCommand: touch move 614 437
11-02 11:12:45.179  2970  2970 D MonkeyStub: translateCommand: touch move 614 312
11-02 11:12:45.236  2970  2970 D MonkeyStub: translateCommand: touch up 614 312
11-02 11:12:45.418  2412  2412 I cr_tabmodel: Appending tabs being restored to metadata lists, 0, startingNormalCount: 2, startingIncognitoCount: 0
11-02 11:12:45.418  2412  2412 I cr_tabmodel: Serializing tab lists; counts: 2, 0
11-02 11:12:45.709  2412  2412 I cr_tabmodel: Appending tabs being restored to metadata lists, 0, startingNormalCount: 2, startingIncognitoCount: 0
11-02 11:12:45.709  2412  2412 I cr_tabmodel: Serializing tab lists; counts: 2, 0
11-02 11:12:46.639 23975 24436 I Icing   : IndexChimeraService.getServiceInterface callingPackage=com.android.chrome componentName=null serviceId=36
11-02 11:12:46.686 23975  1384 W Icing   : No valid account for uploading user actions
11-02 11:12:46.733 23975 24436 I Icing   : IndexChimeraService.getServiceInterface callingPackage=com.google.android.gms componentName=null serviceId=30
11-02 11:12:46.774 23975  1384 I Icing   : Usage reports ok 1, Failed Usage reports 0, indexed 0, rejected 0
11-02 11:12:46.779 23975  1384 W Icing   : No valid account for uploading user actions
11-02 11:12:46.789 23975  1384 I Icing   : Usage reports ok 0, Failed Usage reports 0, indexed 0, rejected 0
11-02 11:12:46.791 23975  1384 I Icing   : Indexing com.android.chrome-omnibox from com.android.chrome
11-02 11:12:46.816 23975  1384 I Icing   : Indexing done com.android.chrome-omnibox
11-02 11:12:47.818   785  1195 W Icing   : isOptedInForAppHistory: empty Account Name encountered
11-02 11:12:47.856   785 23343 W Icing   : isOptedInForAppHistory: empty Account Name encountered
11-02 11:12:48.271  2970  2970 D MonkeyStub: translateCommand: touch down 614 312
11-02 11:12:48.309  2970  2970 D MonkeyStub: translateCommand: touch move 614 312
11-02 11:12:48.443  2970  2970 D MonkeyStub: translateCommand: touch move 614 437
11-02 11:12:48.552  2970  2970 D MonkeyStub: translateCommand: touch move 614 562
11-02 11:12:48.660  2970  2970 D MonkeyStub: translateCommand: touch move 614 687
11-02 11:12:48.771  2970  2970 D MonkeyStub: translateCommand: touch move 614 812
11-02 11:12:48.881  2970  2970 D MonkeyStub: translateCommand: touch move 614 937
11-02 11:12:48.989  2970  2970 D MonkeyStub: translateCommand: touch move 614 1061
11-02 11:12:49.116  2970  2970 D MonkeyStub: translateCommand: touch move 614 1186
11-02 11:12:49.227  2970  2970 D MonkeyStub: translateCommand: touch move 614 1311
11-02 11:12:49.333  2970  2970 D MonkeyStub: translateCommand: touch move 614 1436
11-02 11:12:49.450  2970  2970 D MonkeyStub: translateCommand: touch move 614 1561
11-02 11:12:49.455  2970  2970 D MonkeyStub: translateCommand: touch up 614 1561
11-02 11:12:49.482  2970  2970 D MonkeyStub: translateCommand: touch down 614 312
11-02 11:12:49.491  2970  2970 D MonkeyStub: translateCommand: touch move 614 312
11-02 11:12:49.604  2970  2970 D MonkeyStub: translateCommand: touch move 614 437
11-02 11:12:49.729  2970  2970 D MonkeyStub: translateCommand: touch move 614 562
11-02 11:12:49.809  2412  2412 I cr_tabmodel: Appending tabs being restored to metadata lists, 0, startingNormalCount: 2, startingIncognitoCount: 0
11-02 11:12:49.809  2412  2412 I cr_tabmodel: Serializing tab lists; counts: 2, 0
11-02 11:12:49.836  2970  2970 D MonkeyStub: translateCommand: touch move 614 687
11-02 11:12:49.945  2970  2970 D MonkeyStub: translateCommand: touch move 614 812
11-02 11:12:50.056  2970  2970 D MonkeyStub: translateCommand: touch move 614 937
11-02 11:12:50.160  2970  2970 D MonkeyStub: translateCommand: touch move 614 1061
11-02 11:12:50.270  2970  2970 D MonkeyStub: translateCommand: touch move 614 1186
11-02 11:12:50.376  2970  2970 D MonkeyStub: translateCommand: touch move 614 1311
11-02 11:12:50.489  2970  2970 D MonkeyStub: translateCommand: touch move 614 1436
11-02 11:12:50.594  2970  2970 D MonkeyStub: translateCommand: touch move 614 1561
11-02 11:12:50.601  2970  2970 D MonkeyStub: translateCommand: touch up 614 1561
11-02 11:12:50.848  2412  2412 I cr_tabmodel: Appending tabs being restored to metadata lists, 0, startingNormalCount: 2, startingIncognitoCount: 0
11-02 11:12:50.848  2412  2412 I cr_tabmodel: Serializing tab lists; counts: 2, 0
11-02 11:12:54.773   601  2013 I ActivityManager: Start proc 3016:com.android.chrome:sandboxed_process21/u0i249 for service com.android.chrome/org.chromium.content.app.SandboxedProcessService21
11-02 11:12:54.814  3016  3016 W boxed_process21: type=1400 audit(0.0:2058): avc: denied { getattr } for path="/data/data/com.android.chrome" dev="dm-2" ino=12190 scontext=u:r:isolated_app:s0:c512,c768 tcontext=u:object_r:app_data_file:s0:c512,c768 tclass=dir permissive=0
11-02 11:12:54.843  3016  3016 I cr_ChildProcessService: Creating new ChildProcessService pid=3016
11-02 11:12:54.890  3016  3030 I cr_LibraryLoader: Loaded native library version number "85.0.4183.127"
11-02 11:12:54.891  3016  3030 I cr_CachingUmaRecorder: Flushed 1 samples from 1 histograms.
11-02 11:12:54.904  3030  3030 W CrUtilityMain: type=1400 audit(0.0:2059): avc: denied { setattr } for name="LICENSE.txt" dev="dm-2" ino=22606 scontext=u:r:isolated_app:s0:c512,c768 tcontext=u:object_r:app_data_file:s0:c512,c768 tclass=file permissive=0
11-02 11:12:54.907  3030  3030 W CrUtilityMain: type=1400 audit(0.0:2060): avc: denied { setattr } for name=46696C746572696E672052756C6573 dev="dm-2" ino=55637 scontext=u:r:isolated_app:s0:c512,c768 tcontext=u:object_r:app_data_file:s0:c512,c768 tclass=file permissive=0
11-02 11:12:54.907  3030  3030 W CrUtilityMain: type=1400 audit(0.0:2061): avc: denied { setattr } for name="manifest.json" dev="dm-2" ino=55580 scontext=u:r:isolated_app:s0:c512,c768 tcontext=u:object_r:app_data_file:s0:c512,c768 tclass=file permissive=0
11-02 11:12:54.910  3030  3030 W CrUtilityMain: type=1400 audit(0.0:2062): avc: denied { setattr } for name="verified_contents.json" dev="dm-2" ino=56684 scontext=u:r:isolated_app:s0:c512,c768 tcontext=u:object_r:app_data_file:s0:c512,c768 tclass=file permissive=0
11-02 11:12:54.922  3016  3030 I chromium: [INFO:child_process_service.cc(69)] ChildProcessService: Exiting child process.
11-02 11:12:54.957   601  2013 I ActivityManager: Process com.android.chrome:sandboxed_process21 (pid 3016) has died
11-02 11:12:54.958   601  2013 D ActivityManager: cleanUpApplicationRecord -- 3016
11-02 11:12:54.970  2412  2412 W chromium: [WARNING:compositor_view.cc(315)] Child process died (type=6) pid=3016)
11-02 11:12:55.444   196   196 E SELinux : avc:  denied  { find } for service=netd pid=3036 uid=2000 scontext=u:r:shell:s0 tcontext=u:object_r:netd_service:s0 tclass=service_manager permissive=0
11-02 11:12:55.447   196   196 E SELinux : avc:  denied  { find } for service=android.service.gatekeeper.IGateKeeperService pid=3036 uid=2000 scontext=u:r:shell:s0 tcontext=u:object_r:gatekeeper_service:s0 tclass=service_manager permissive=0
11-02 11:12:55.670  2970  2970 D MonkeyStub: translateCommand: tap 724 439
11-02 11:12:55.681   601   660 I ActivityManager: Start proc 3037:com.android.chrome:sandboxed_process22/u0i250 for service com.android.chrome/org.chromium.content.app.SandboxedProcessService22
11-02 11:12:55.730  3037  3037 W boxed_process22: type=1400 audit(0.0:2063): avc: denied { getattr } for path="/data/data/com.android.chrome" dev="dm-2" ino=12190 scontext=u:r:isolated_app:s0:c512,c768 tcontext=u:object_r:app_data_file:s0:c512,c768 tclass=dir permissive=0
11-02 11:12:55.756  3037  3037 I cr_ChildProcessService: Creating new ChildProcessService pid=3037
11-02 11:12:55.801  3037  3050 I cr_LibraryLoader: Loaded native library version number "85.0.4183.127"
11-02 11:12:55.802  3037  3050 I cr_CachingUmaRecorder: Flushed 1 samples from 1 histograms.
11-02 11:12:55.834  3050  3050 W CrUtilityMain: type=1400 audit(0.0:2064): avc: denied { setattr } for name="tl_en-us_2022-10-26_484799359_100000_index.bin" dev="dm-2" ino=63379 scontext=u:r:isolated_app:s0:c512,c768 tcontext=u:object_r:app_data_file:s0:c512,c768 tclass=file permissive=0
11-02 11:12:55.834  3050  3050 W CrUtilityMain: type=1400 audit(0.0:2065): avc: denied { setattr } for name="manifest.json" dev="dm-2" ino=57457 scontext=u:r:isolated_app:s0:c512,c768 tcontext=u:object_r:app_data_file:s0:c512,c768 tclass=file permissive=0
11-02 11:12:55.837  3050  3050 W CrUtilityMain: type=1400 audit(0.0:2066): avc: denied { setattr } for name="verified_contents.json" dev="dm-2" ino=39241 scontext=u:r:isolated_app:s0:c512,c768 tcontext=u:object_r:app_data_file:s0:c512,c768 tclass=file permissive=0
11-02 11:12:55.844  3037  3050 I chromium: [INFO:child_process_service.cc(69)] ChildProcessService: Exiting child process.
11-02 11:12:55.849   195   195 E lowmemorykiller: Error writing /proc/3037/oom_score_adj; errno=22
11-02 11:12:55.849   601   612 E JavaBinder: !!! FAILED BINDER TRANSACTION !!!  (parcel size = 76)
11-02 11:12:55.849   601   612 E JavaBinder: !!! FAILED BINDER TRANSACTION !!!  (parcel size = 576)
11-02 11:12:55.850   601   612 W ActivityManager: Exception when unbinding service com.android.chrome/org.chromium.content.app.SandboxedProcessService22
11-02 11:12:55.850   601   612 W ActivityManager: android.os.DeadObjectException: Transaction failed on small parcel; remote process probably died
11-02 11:12:55.850   601   612 W ActivityManager: 	at android.os.BinderProxy.transactNative(Native Method)
11-02 11:12:55.850   601   612 W ActivityManager: 	at android.os.BinderProxy.transact(Binder.java:615)
11-02 11:12:55.850   601   612 W ActivityManager: 	at android.app.ApplicationThreadProxy.scheduleUnbindService(ApplicationThreadNative.java:1016)
11-02 11:12:55.850   601   612 W ActivityManager: 	at com.android.server.am.ActiveServices.removeConnectionLocked(ActiveServices.java:2175)
11-02 11:12:55.850   601   612 W ActivityManager: 	at com.android.server.am.ActiveServices.unbindServiceLocked(ActiveServices.java:1163)
11-02 11:12:55.850   601   612 W ActivityManager: 	at com.android.server.am.ActivityManagerService.unbindService(ActivityManagerService.java:17309)
11-02 11:12:55.850   601   612 W ActivityManager: 	at android.app.ActivityManagerNative.onTransact(ActivityManagerNative.java:1145)
11-02 11:12:55.850   601   612 W ActivityManager: 	at com.android.server.am.ActivityManagerService.onTransact(ActivityManagerService.java:2795)
11-02 11:12:55.850   601   612 W ActivityManager: 	at android.os.Binder.execTransact(Binder.java:565)
11-02 11:12:55.850   601   612 E JavaBinder: !!! FAILED BINDER TRANSACTION !!!  (parcel size = 76)
11-02 11:12:55.850   195   195 E lowmemorykiller: Error writing /proc/3037/oom_score_adj; errno=22
11-02 11:12:55.851   601   612 E JavaBinder: !!! FAILED BINDER TRANSACTION !!!  (parcel size = 76)
11-02 11:12:55.867   601   832 I ActivityManager: Process com.android.chrome:sandboxed_process22 (pid 3037) has died
11-02 11:12:55.867   601   832 D ActivityManager: cleanUpApplicationRecord -- 3037
11-02 11:12:55.868  2412  2412 W chromium: [WARNING:compositor_view.cc(315)] Child process died (type=6) pid=3037)
11-02 11:12:55.872  2412  2447 I cr_BindingManager: onTrimMemory: level=10, size=1
11-02 11:12:55.872  2412  2447 I cr_BindingManager: Reduce connections from 1 to 0
11-02 11:12:56.903   601  3864 I ActivityManager: Start proc 3054:com.android.chrome:sandboxed_process23/u0i251 for service com.android.chrome/org.chromium.content.app.SandboxedProcessService23
11-02 11:12:56.974  3054  3054 W boxed_process23: type=1400 audit(0.0:2067): avc: denied { getattr } for path="/data/data/com.android.chrome" dev="dm-2" ino=12190 scontext=u:r:isolated_app:s0:c512,c768 tcontext=u:object_r:app_data_file:s0:c512,c768 tclass=dir permissive=0
11-02 11:12:56.998  3054  3054 I cr_ChildProcessService: Creating new ChildProcessService pid=3054
11-02 11:12:57.041  3054  3067 I cr_LibraryLoader: Loaded native library version number "85.0.4183.127"
11-02 11:12:57.041  3054  3067 I cr_CachingUmaRecorder: Flushed 1 samples from 1 histograms.
11-02 11:12:57.054  3067  3067 W CrUtilityMain: type=1400 audit(0.0:2068): avc: denied { setattr } for name="optimization-hints.pb" dev="dm-2" ino=44271 scontext=u:r:isolated_app:s0:c512,c768 tcontext=u:object_r:app_data_file:s0:c512,c768 tclass=file permissive=0
11-02 11:12:57.054  3067  3067 W CrUtilityMain: type=1400 audit(0.0:2069): avc: denied { setattr } for name="manifest.json" dev="dm-2" ino=26305 scontext=u:r:isolated_app:s0:c512,c768 tcontext=u:object_r:app_data_file:s0:c512,c768 tclass=file permissive=0
11-02 11:12:57.054  3067  3067 W CrUtilityMain: type=1400 audit(0.0:2070): avc: denied { setattr } for name="verified_contents.json" dev="dm-2" ino=15923 scontext=u:r:isolated_app:s0:c512,c768 tcontext=u:object_r:app_data_file:s0:c512,c768 tclass=file permissive=0
11-02 11:12:57.068  3054  3067 I chromium: [INFO:child_process_service.cc(69)] ChildProcessService: Exiting child process.
11-02 11:12:57.100   601  3564 I ActivityManager: Process com.android.chrome:sandboxed_process23 (pid 3054) has died
11-02 11:12:57.100   601  3564 D ActivityManager: cleanUpApplicationRecord -- 3054
11-02 11:12:57.102  2412  2412 W chromium: [WARNING:compositor_view.cc(315)] Child process died (type=6) pid=3054)
11-02 11:12:58.387   601   660 I ActivityManager: Start proc 3071:com.android.chrome:sandboxed_process24/u0i252 for service com.android.chrome/org.chromium.content.app.SandboxedProcessService24
11-02 11:12:58.447  3071  3071 W boxed_process24: type=1400 audit(0.0:2071): avc: denied { getattr } for path="/data/data/com.android.chrome" dev="dm-2" ino=12190 scontext=u:r:isolated_app:s0:c512,c768 tcontext=u:object_r:app_data_file:s0:c512,c768 tclass=dir permissive=0
11-02 11:12:58.481  3071  3071 I cr_ChildProcessService: Creating new ChildProcessService pid=3071
11-02 11:12:58.541  3071  3084 I cr_LibraryLoader: Loaded native library version number "85.0.4183.127"
11-02 11:12:58.542  3071  3084 I cr_CachingUmaRecorder: Flushed 1 samples from 1 histograms.
11-02 11:12:58.560  3084  3084 W CrUtilityMain: type=1400 audit(0.0:2072): avc: denied { setattr } for name="crl-set" dev="dm-2" ino=20494 scontext=u:r:isolated_app:s0:c512,c768 tcontext=u:object_r:app_data_file:s0:c512,c768 tclass=file permissive=0
11-02 11:12:58.564  3084  3084 W CrUtilityMain: type=1400 audit(0.0:2073): avc: denied { setattr } for name="manifest.json" dev="dm-2" ino=23025 scontext=u:r:isolated_app:s0:c512,c768 tcontext=u:object_r:app_data_file:s0:c512,c768 tclass=file permissive=0
11-02 11:12:58.564  3084  3084 W CrUtilityMain: type=1400 audit(0.0:2074): avc: denied { setattr } for name="LICENSE" dev="dm-2" ino=23017 scontext=u:r:isolated_app:s0:c512,c768 tcontext=u:object_r:app_data_file:s0:c512,c768 tclass=file permissive=0
11-02 11:12:58.567  3084  3084 W CrUtilityMain: type=1400 audit(0.0:2075): avc: denied { setattr } for name="verified_contents.json" dev="dm-2" ino=23035 scontext=u:r:isolated_app:s0:c512,c768 tcontext=u:object_r:app_data_file:s0:c512,c768 tclass=file permissive=0
11-02 11:12:58.576  3071  3071 I cr_ChildProcessService: Destroying ChildProcessService pid=3071
11-02 11:12:58.578  3071  3084 I chromium: [INFO:child_process_service.cc(69)] ChildProcessService: Exiting child process.
11-02 11:12:58.596   601   832 I ActivityManager: Process com.android.chrome:sandboxed_process24 (pid 3071) has died
11-02 11:12:58.596   601   832 D ActivityManager: cleanUpApplicationRecord -- 3071
11-02 11:12:58.598  2412  2412 W chromium: [WARNING:compositor_view.cc(315)] Child process died (type=6) pid=3071)
11-02 11:13:00.182   601 10729 I ActivityManager: Start proc 3091:com.android.chrome:sandboxed_process25/u0i253 for service com.android.chrome/org.chromium.content.app.SandboxedProcessService25
11-02 11:13:00.230  3091  3091 W boxed_process25: type=1400 audit(0.0:2076): avc: denied { getattr } for path="/data/data/com.android.chrome" dev="dm-2" ino=12190 scontext=u:r:isolated_app:s0:c512,c768 tcontext=u:object_r:app_data_file:s0:c512,c768 tclass=dir permissive=0
11-02 11:13:00.261  3091  3091 I cr_ChildProcessService: Creating new ChildProcessService pid=3091
11-02 11:13:00.299  3091  3104 I cr_LibraryLoader: Loaded native library version number "85.0.4183.127"
11-02 11:13:00.299  3091  3104 I cr_CachingUmaRecorder: Flushed 1 samples from 1 histograms.
11-02 11:13:00.310  3104  3104 W CrUtilityMain: type=1400 audit(0.0:2077): avc: denied { setattr } for name="download_file_types.pb" dev="dm-2" ino=63102 scontext=u:r:isolated_app:s0:c512,c768 tcontext=u:object_r:app_data_file:s0:c512,c768 tclass=file permissive=0
11-02 11:13:00.310  3104  3104 W CrUtilityMain: type=1400 audit(0.0:2078): avc: denied { setattr } for name="manifest.json" dev="dm-2" ino=52981 scontext=u:r:isolated_app:s0:c512,c768 tcontext=u:object_r:app_data_file:s0:c512,c768 tclass=file permissive=0
11-02 11:13:00.310  3104  3104 W CrUtilityMain: type=1400 audit(0.0:2079): avc: denied { setattr } for name="verified_contents.json" dev="dm-2" ino=51190 scontext=u:r:isolated_app:s0:c512,c768 tcontext=u:object_r:app_data_file:s0:c512,c768 tclass=file permissive=0
11-02 11:13:00.320  3091  3104 I chromium: [INFO:child_process_service.cc(69)] ChildProcessService: Exiting child process.
11-02 11:13:00.336   601  9643 I ActivityManager: Process com.android.chrome:sandboxed_process25 (pid 3091) has died
11-02 11:13:00.337   601  9643 D ActivityManager: cleanUpApplicationRecord -- 3091
11-02 11:13:00.338  2412  2412 W chromium: [WARNING:compositor_view.cc(315)] Child process died (type=6) pid=3091)
11-02 11:13:02.166   601   832 I ActivityManager: Start proc 3108:com.android.chrome:sandboxed_process26/u0i254 for service com.android.chrome/org.chromium.content.app.SandboxedProcessService26
11-02 11:13:02.230  3108  3108 W boxed_process26: type=1400 audit(0.0:2080): avc: denied { getattr } for path="/data/data/com.android.chrome" dev="dm-2" ino=12190 scontext=u:r:isolated_app:s0:c512,c768 tcontext=u:object_r:app_data_file:s0:c512,c768 tclass=dir permissive=0
11-02 11:13:02.267  3108  3108 I cr_ChildProcessService: Creating new ChildProcessService pid=3108
11-02 11:13:02.324  3108  3121 I cr_LibraryLoader: Loaded native library version number "85.0.4183.127"
11-02 11:13:02.324  3108  3121 I cr_CachingUmaRecorder: Flushed 1 samples from 1 histograms.
11-02 11:13:02.334  3121  3121 W CrUtilityMain: type=1400 audit(0.0:2081): avc: denied { setattr } for name="ssl_error_assistant.pb" dev="dm-2" ino=60394 scontext=u:r:isolated_app:s0:c512,c768 tcontext=u:object_r:app_data_file:s0:c512,c768 tclass=file permissive=0
11-02 11:13:02.337  3121  3121 W CrUtilityMain: type=1400 audit(0.0:2082): avc: denied { setattr } for name="manifest.json" dev="dm-2" ino=64763 scontext=u:r:isolated_app:s0:c512,c768 tcontext=u:object_r:app_data_file:s0:c512,c768 tclass=file permissive=0
11-02 11:13:02.337  3121  3121 W CrUtilityMain: type=1400 audit(0.0:2083): avc: denied { setattr } for name="verified_contents.json" dev="dm-2" ino=47476 scontext=u:r:isolated_app:s0:c512,c768 tcontext=u:object_r:app_data_file:s0:c512,c768 tclass=file permissive=0
11-02 11:13:02.347  3108  3121 I chromium: [INFO:child_process_service.cc(69)] ChildProcessService: Exiting child process.
11-02 11:13:02.348   195   195 E lowmemorykiller: Error writing /proc/3108/oom_score_adj; errno=22
11-02 11:13:02.370   601 12301 I ActivityManager: Process com.android.chrome:sandboxed_process26 (pid 3108) has died
11-02 11:13:02.370   601 12301 D ActivityManager: cleanUpApplicationRecord -- 3108
11-02 11:13:02.372  2412  2412 W chromium: [WARNING:compositor_view.cc(315)] Child process died (type=6) pid=3108)
11-02 11:13:03.919  2970  2970 D MonkeyStub: translateCommand: touch down 614 1561
11-02 11:13:03.927  2970  2970 D MonkeyStub: translateCommand: touch move 614 1561
11-02 11:13:04.033  2970  2970 D MonkeyStub: translateCommand: touch move 614 1436
11-02 11:13:04.142  2970  2970 D MonkeyStub: translateCommand: touch move 614 1311
11-02 11:13:04.256  2970  2970 D MonkeyStub: translateCommand: touch move 614 1186
11-02 11:13:04.373  2970  2970 D MonkeyStub: translateCommand: touch move 614 1061
11-02 11:13:04.446   601 17045 I ActivityManager: Start proc 3125:com.android.chrome:sandboxed_process27/u0i255 for service com.android.chrome/org.chromium.content.app.SandboxedProcessService27
11-02 11:13:04.480  2970  2970 D MonkeyStub: translateCommand: touch move 614 937
11-02 11:13:04.487  3125  3125 W boxed_process27: type=1400 audit(0.0:2084): avc: denied { getattr } for path="/data/data/com.android.chrome" dev="dm-2" ino=12190 scontext=u:r:isolated_app:s0:c512,c768 tcontext=u:object_r:app_data_file:s0:c512,c768 tclass=dir permissive=0
11-02 11:13:04.516  3125  3125 I cr_ChildProcessService: Creating new ChildProcessService pid=3125
11-02 11:13:04.560  3125  3138 I cr_LibraryLoader: Loaded native library version number "85.0.4183.127"
11-02 11:13:04.561  3125  3138 I cr_CachingUmaRecorder: Flushed 1 samples from 1 histograms.
11-02 11:13:04.577  3138  3138 W CrUtilityMain: type=1400 audit(0.0:2085): avc: denied { setattr } for name="safety_tips.pb" dev="dm-2" ino=11771 scontext=u:r:isolated_app:s0:c512,c768 tcontext=u:object_r:app_data_file:s0:c512,c768 tclass=file permissive=0
11-02 11:13:04.577  3138  3138 W CrUtilityMain: type=1400 audit(0.0:2086): avc: denied { setattr } for name="manifest.json" dev="dm-2" ino=4993 scontext=u:r:isolated_app:s0:c512,c768 tcontext=u:object_r:app_data_file:s0:c512,c768 tclass=file permissive=0
11-02 11:13:04.580  3138  3138 W CrUtilityMain: type=1400 audit(0.0:2087): avc: denied { setattr } for name="verified_contents.json" dev="dm-2" ino=45066 scontext=u:r:isolated_app:s0:c512,c768 tcontext=u:object_r:app_data_file:s0:c512,c768 tclass=file permissive=0
11-02 11:13:04.590  3125  3125 I cr_ChildProcessService: Destroying ChildProcessService pid=3125
11-02 11:13:04.592  2970  2970 D MonkeyStub: translateCommand: touch move 614 812
11-02 11:13:04.593  3125  3138 I chromium: [INFO:child_process_service.cc(69)] ChildProcessService: Exiting child process.
11-02 11:13:04.617   601 15862 I ActivityManager: Process com.android.chrome:sandboxed_process27 (pid 3125) has died
11-02 11:13:04.617   601 15862 D ActivityManager: cleanUpApplicationRecord -- 3125
11-02 11:13:04.624  2412  2412 W chromium: [WARNING:compositor_view.cc(315)] Child process died (type=6) pid=3125)
11-02 11:13:04.703  2970  2970 D MonkeyStub: translateCommand: touch move 614 687
11-02 11:13:04.813  2970  2970 D MonkeyStub: translateCommand: touch move 614 562
11-02 11:13:04.922  2970  2970 D MonkeyStub: translateCommand: touch move 614 437
11-02 11:13:05.033  2970  2970 D MonkeyStub: translateCommand: touch move 614 312
11-02 11:13:05.039  2970  2970 D MonkeyStub: translateCommand: touch up 614 312
11-02 11:13:05.065  2970  2970 D MonkeyStub: translateCommand: touch down 614 1561
11-02 11:13:05.070  2970  2970 D MonkeyStub: translateCommand: touch move 614 1561
11-02 11:13:05.198  2970  2970 D MonkeyStub: translateCommand: touch move 614 1436
11-02 11:13:05.307  2970  2970 D MonkeyStub: translateCommand: touch move 614 1311
11-02 11:13:05.339  2412  2412 I cr_tabmodel: Appending tabs being restored to metadata lists, 0, startingNormalCount: 2, startingIncognitoCount: 0
11-02 11:13:05.339  2412  2412 I cr_tabmodel: Serializing tab lists; counts: 2, 0
11-02 11:13:05.421  2970  2970 D MonkeyStub: translateCommand: touch move 614 1186
11-02 11:13:05.531  2970  2970 D MonkeyStub: translateCommand: touch move 614 1061
11-02 11:13:05.640  2970  2970 D MonkeyStub: translateCommand: touch move 614 937
11-02 11:13:05.749  2970  2970 D MonkeyStub: translateCommand: touch move 614 812
11-02 11:13:05.857  2970  2970 D MonkeyStub: translateCommand: touch move 614 687
11-02 11:13:05.962  2970  2970 D MonkeyStub: translateCommand: touch move 614 562
11-02 11:13:06.072  2970  2970 D MonkeyStub: translateCommand: touch move 614 437
11-02 11:13:06.189  2970  2970 D MonkeyStub: translateCommand: touch move 614 312
11-02 11:13:06.211  2970  2970 D MonkeyStub: translateCommand: touch up 614 312
11-02 11:13:06.434  2412  2412 I cr_tabmodel: Appending tabs being restored to metadata lists, 0, startingNormalCount: 2, startingIncognitoCount: 0
11-02 11:13:06.434  2412  2412 I cr_tabmodel: Serializing tab lists; counts: 2, 0
11-02 11:13:06.902   601  7042 I ActivityManager: Start proc 3144:com.android.chrome:sandboxed_process28/u0i256 for service com.android.chrome/org.chromium.content.app.SandboxedProcessService28
11-02 11:13:06.944  3144  3144 W boxed_process28: type=1400 audit(0.0:2088): avc: denied { getattr } for path="/data/data/com.android.chrome" dev="dm-2" ino=12190 scontext=u:r:isolated_app:s0:c512,c768 tcontext=u:object_r:app_data_file:s0:c512,c768 tclass=dir permissive=0
11-02 11:13:06.965  3144  3144 I cr_ChildProcessService: Creating new ChildProcessService pid=3144
11-02 11:13:07.002  3144  3157 I cr_LibraryLoader: Loaded native library version number "85.0.4183.127"
11-02 11:13:07.002  3144  3157 I cr_CachingUmaRecorder: Flushed 1 samples from 1 histograms.
11-02 11:13:07.014  3157  3157 W CrUtilityMain: type=1400 audit(0.0:2089): avc: denied { setattr } for name=5072656C6F61642044617461 dev="dm-2" ino=16348 scontext=u:r:isolated_app:s0:c512,c768 tcontext=u:object_r:app_data_file:s0:c512,c768 tclass=file permissive=0
11-02 11:13:07.017  3157  3157 W CrUtilityMain: type=1400 audit(0.0:2090): avc: denied { setattr } for name="manifest.json" dev="dm-2" ino=4369 scontext=u:r:isolated_app:s0:c512,c768 tcontext=u:object_r:app_data_file:s0:c512,c768 tclass=file permissive=0
11-02 11:13:07.017  3157  3157 W CrUtilityMain: type=1400 audit(0.0:2091): avc: denied { setattr } for name="verified_contents.json" dev="dm-2" ino=28756 scontext=u:r:isolated_app:s0:c512,c768 tcontext=u:object_r:app_data_file:s0:c512,c768 tclass=file permissive=0
11-02 11:13:07.030  3144  3157 I chromium: [INFO:child_process_service.cc(69)] ChildProcessService: Exiting child process.
11-02 11:13:07.030   195   195 E lowmemorykiller: Error writing /proc/3144/oom_score_adj; errno=22
11-02 11:13:07.046   601  7042 I ActivityManager: Process com.android.chrome:sandboxed_process28 (pid 3144) has died
11-02 11:13:07.047   601  7042 D ActivityManager: cleanUpApplicationRecord -- 3144
11-02 11:13:07.049  2412  2412 W chromium: [WARNING:compositor_view.cc(315)] Child process died (type=6) pid=3144)
11-02 11:13:09.559   601  3864 I ActivityManager: Start proc 3161:com.android.chrome:sandboxed_process29/u0i257 for service com.android.chrome/org.chromium.content.app.SandboxedProcessService29
11-02 11:13:09.620  3161  3161 W boxed_process29: type=1400 audit(0.0:2092): avc: denied { getattr } for path="/data/data/com.android.chrome" dev="dm-2" ino=12190 scontext=u:r:isolated_app:s0:c512,c768 tcontext=u:object_r:app_data_file:s0:c512,c768 tclass=dir permissive=0
11-02 11:13:09.654  3161  3161 I cr_ChildProcessService: Creating new ChildProcessService pid=3161
11-02 11:13:09.707  3161  3174 I cr_LibraryLoader: Loaded native library version number "85.0.4183.127"
11-02 11:13:09.707  3161  3174 I cr_CachingUmaRecorder: Flushed 1 samples from 1 histograms.
11-02 11:13:09.717  3174  3174 W CrUtilityMain: type=1400 audit(0.0:2093): avc: denied { setattr } for name="tls_deprecation_config.pb" dev="dm-2" ino=19321 scontext=u:r:isolated_app:s0:c512,c768 tcontext=u:object_r:app_data_file:s0:c512,c768 tclass=file permissive=0
11-02 11:13:09.717  3174  3174 W CrUtilityMain: type=1400 audit(0.0:2094): avc: denied { setattr } for name="manifest.json" dev="dm-2" ino=19279 scontext=u:r:isolated_app:s0:c512,c768 tcontext=u:object_r:app_data_file:s0:c512,c768 tclass=file permissive=0
11-02 11:13:09.720  3174  3174 W CrUtilityMain: type=1400 audit(0.0:2095): avc: denied { setattr } for name="verified_contents.json" dev="dm-2" ino=15208 scontext=u:r:isolated_app:s0:c512,c768 tcontext=u:object_r:app_data_file:s0:c512,c768 tclass=file permissive=0
11-02 11:13:09.728  3161  3174 I chromium: [INFO:child_process_service.cc(69)] ChildProcessService: Exiting child process.
11-02 11:13:09.728   195   195 E lowmemorykiller: Error writing /proc/3161/oom_score_adj; errno=22
11-02 11:13:09.750   601  4262 I ActivityManager: Process com.android.chrome:sandboxed_process29 (pid 3161) has died
11-02 11:13:09.750   601  4262 D ActivityManager: cleanUpApplicationRecord -- 3161
11-02 11:13:09.752  2412  2412 W chromium: [WARNING:compositor_view.cc(315)] Child process died (type=6) pid=3161)
11-02 11:13:11.291  2970  2970 D MonkeyStub: Quit requested
11-02 11:13:11.329  2970  2970 I art     : System.exit called, status: 82
11-02 11:13:11.329  2970  2970 I AndroidRuntime: VM exiting with result code 82.
11-02 11:13:11.341   601   615 I CwMcuSensor: CwMcuSensor::flush: fd = 217, sensors_id = 0, path = /sys/class/htc_sensorhub/sensor_hub/flush, err = 0
11-02 11:13:11.364   601   832 W WindowManager: Attempted to remove non-existing token: android.os.Binder@cf9d190
11-02 11:13:12.548   601 12691 I ActivityManager: Start proc 3179:com.android.chrome:sandboxed_process30/u0i258 for service com.android.chrome/org.chromium.content.app.SandboxedProcessService30
