11-02 09:23:59.897 24919 24919 D MonkeyStub: translateCommand: touch move 614 1061
11-02 09:24:00.005 24919 24919 D MonkeyStub: translateCommand: touch move 614 937
11-02 09:24:00.116 24919 24919 D MonkeyStub: translateCommand: touch move 614 812
11-02 09:24:00.220 24919 24919 D MonkeyStub: translateCommand: touch move 614 687
11-02 09:24:00.332 24919 24919 D MonkeyStub: translateCommand: touch move 614 562
11-02 09:24:00.449 24919 24919 D MonkeyStub: translateCommand: touch move 614 437
11-02 09:24:00.561 24919 24919 D MonkeyStub: translateCommand: touch move 614 312
11-02 09:24:00.567 24919 24919 D MonkeyStub: translateCommand: touch up 614 312
11-02 09:24:00.584 24919 24919 D MonkeyStub: Quit requested
11-02 09:24:00.615   601   615 I CwMcuSensor: CwMcuSensor::flush: fd = 237, sensors_id = 0, path = /sys/class/htc_sensorhub/sensor_hub/flush, err = 0
11-02 09:24:00.624 24919 24919 I art     : System.exit called, status: 145
11-02 09:24:00.624 24919 24919 I AndroidRuntime: VM exiting with result code 145.
11-02 09:24:00.663   601   612 W WindowManager: Attempted to remove non-existing token: android.os.Binder@a9c5ad7
11-02 09:24:16.706 25006 25006 D AndroidRuntime: >>>>>> START com.android.internal.os.RuntimeInit uid 2000 <<<<<<
11-02 09:24:16.714 25006 25006 D AndroidRuntime: CheckJNI is OFF
11-02 09:24:16.803 25006 25006 D ICU     : No timezone override file found: /data/misc/zoneinfo/current/icu/icu_tzdata.dat
11-02 09:24:16.843 25006 25006 I Radio-JNI: register_android_hardware_Radio DONE
11-02 09:24:16.861 25006 25006 D AndroidRuntime: Calling main entry com.android.commands.am.Am
11-02 09:24:16.879   601   612 I ActivityManager: Force stopping com.opera.browser appid=10122 user=0: from pid 25006
11-02 09:24:16.879   601   612 I ActivityManager: Killing 24599:com.opera.browser:privileged_process0/u0a122 (adj 0): stop com.opera.browser
11-02 09:24:16.880   601   612 D ActivityManager: cleanUpApplicationRecord -- 24599
11-02 09:24:16.880   601   612 W ActivityManager: Scheduling restart of crashed service com.opera.browser/com.opera.android.browser.chromium.services.PrivilegedProcessService0 in 1000ms
11-02 09:24:16.881   601   612 I ActivityManager: Killing 24460:com.opera.browser/u0a122 (adj 0): stop com.opera.browser
11-02 09:24:16.881   601   612 D ActivityManager: cleanUpApplicationRecord -- 24460
11-02 09:24:16.884   601   612 W ActivityManager: Force removing ActivityRecord{e8b51dc u0 com.opera.browser/com.opera.android.BrowserActivity t1158}: app died, no saved state
11-02 09:24:16.906  3002  3002 I MemoryTrimmer: Trimming objects from memory, since app is in the background.
11-02 09:24:16.916   601   612 I ActivityManager: Killing 24873:com.opera.browser:sandboxed_process0/u0a122 (adj 0): stop com.opera.browser
11-02 09:24:16.916   601   612 D ActivityManager: cleanUpApplicationRecord -- 24873
11-02 09:24:16.932 25006 25006 D AndroidRuntime: Shutting down VM
11-02 09:24:16.946  1065  1161 I OpenGLRenderer: Initialized EGL, version 1.4
11-02 09:24:16.952  1065  1161 D OpenGLRenderer: Swap behavior 2
11-02 09:24:17.002  1052  1052 D RegisteredNfcFServicesCache: Service unchanged, not updating
11-02 09:24:17.167   601 10729 D ConnectivityService: ConnectivityService NetworkRequestInfo binderDied(NetworkRequest [ LISTEN id=93, [ Capabilities: INTERNET&NOT_RESTRICTED&TRUSTED&FOREGROUND] ], android.os.BinderProxy@c5a5faf)
11-02 09:24:17.167   601 10729 D GraphicsStats: Buffer count: 2
11-02 09:24:17.167   601 10729 D ConnectivityService: ConnectivityService NetworkRequestInfo binderDied(NetworkRequest [ LISTEN id=92, [ Capabilities: INTERNET&NOT_RESTRICTED&TRUSTED&FOREGROUND] ], android.os.BinderProxy@bfc3fbc)
11-02 09:24:17.170   601   650 E ConnectivityService: RemoteException caught trying to send a callback msg for NetworkRequest [ LISTEN id=93, [ Capabilities: INTERNET&NOT_RESTRICTED&TRUSTED&FOREGROUND] ]
11-02 09:24:17.171   601   650 E ConnectivityService: RemoteException caught trying to send a callback msg for NetworkRequest [ LISTEN id=92, [ Capabilities: INTERNET&NOT_RESTRICTED&TRUSTED&FOREGROUND] ]
11-02 09:24:17.194  3002  3860 I AttachedClient: Adding client event 2 to pending list.
11-02 09:24:17.202  3002  3002 I OptInState: There is a new client and it does not support opt-in. Dropping request.
11-02 09:24:17.206  3002  3002 I MicroDetectionWorker: Micro detection mode: [mDetectionMode: [1]].
11-02 09:24:17.234  3002 25023 I MicroRecognitionRunner: Starting detection.
11-02 09:24:17.235  3002 23263 I MicrophoneInputStream: mic_starting com.google.android.apps.gsa.speech.audio.ae@fb5b55d
11-02 09:24:17.245   237   285 I SoundTriggerHwService::Module: void android::SoundTriggerHwService::Module::onCallbackEvent(const sp<android::SoundTriggerHwService::CallbackEvent> &) mClient == 0
11-02 09:24:17.248   237 25025 I AudioFlinger: AudioFlinger's thread 0xf0812640 ready to run
11-02 09:24:17.250  3002 23263 I MicrophoneInputStream: mic_started com.google.android.apps.gsa.speech.audio.ae@fb5b55d
11-02 09:24:17.437  3002  3002 I MicroDetectionWorker: onReady
11-02 09:24:17.493  1065  1161 W OpenGLRenderer: Incorrectly called buildLayer on View: ShortcutAndWidgetContainer, destroying layer...
11-02 09:24:17.565 25018 25018 D AndroidRuntime: >>>>>> START com.android.internal.os.RuntimeInit uid 2000 <<<<<<
11-02 09:24:17.569 25018 25018 D AndroidRuntime: CheckJNI is OFF
11-02 09:24:17.637 25018 25018 D ICU     : No timezone override file found: /data/misc/zoneinfo/current/icu/icu_tzdata.dat
11-02 09:24:17.665 25018 25018 I Radio-JNI: register_android_hardware_Radio DONE
11-02 09:24:17.681 25018 25018 D AndroidRuntime: Calling main entry com.android.commands.pm.Pm
11-02 09:24:17.696   601  7042 I ActivityManager: Force stopping com.opera.browser appid=10122 user=0: clear data
11-02 09:24:17.697   601   614 I ActivityManager: Force stopping com.opera.browser appid=10122 user=-1: clearApplicationUserData
11-02 09:24:17.815   785   785 I GeofencerStateMachine: removeGeofences: removeRequest=RemoveGeofencingRequest[REMOVE_ALL packageName=com.opera.browser]
11-02 09:24:17.824 25018 25018 I art     : System.exit called, status: 0
11-02 09:24:17.824 25018 25018 I AndroidRuntime: VM exiting with result code 0.
11-02 09:24:17.824  1052  1052 D RegisteredNfcFServicesCache: Service unchanged, not updating
11-02 09:24:17.839   601   613 W ResourceType: No known package when getting value for resource number 0x7f100007
11-02 09:24:17.839   601   613 W ResourceType: No known package when getting value for resource number 0x7f13090c
11-02 09:24:17.839   601   613 W ResourceType: No known package when getting value for resource number 0x7f100005
11-02 09:24:17.839   601   613 W ResourceType: No known package when getting value for resource number 0x7f13090a
11-02 09:24:17.840   601   613 W ResourceType: No known package when getting value for resource number 0x7f100004
11-02 09:24:17.840   601   613 W ResourceType: No known package when getting value for resource number 0x7f130909
11-02 09:24:17.840   601   613 W ResourceType: No known package when getting value for resource number 0x7f100006
11-02 09:24:17.840   601   613 W ResourceType: No known package when getting value for resource number 0x7f13090b
11-02 09:24:17.859   785 25040 I Fitness : FitCleanupIntentOperation received Intent android.intent.action.PACKAGE_DATA_CLEARED [CONTEXT service_id=17 ]
11-02 09:24:17.886  1244 19777 I Icing   : doRemovePackageData com.opera.browser
