11-01 22:39:32.178   785  1681 I FontLog : Query [name=Google Sans&weight=500&besteffort=false] resolved to {Google Sans, wdth 100.0, wght 500, ital 0.0, bestEffort false} [CONTEXT service_id=132 ]
11-01 22:39:32.180   785  1681 I FontLog : Font PFD returned from cache for {Google Sans, wdth 100.0, wght 500, ital 0.0, bestEffort false} [CONTEXT service_id=132 ]
11-01 22:39:32.180   785  1681 I FontLog : Fetch {Google Sans, wdth 100.0, wght 500, ital 0.0, bestEffort false} end status Status{statusCode=SUCCESS, resolution=null} [CONTEXT service_id=132 ]
11-01 22:39:32.182   785  1586 I FontLog : Pulling font file for id = 521, cache size = 7 [CONTEXT service_id=132 ]
11-01 22:39:32.191   785  1191 I FontLog : Received query name=Google Sans&weight=700&besteffort=false, URI content://com.google.android.gms.fonts [CONTEXT service_id=132 ]
11-01 22:39:32.191   785  1191 I FontLog : Query [name=Google Sans&weight=700&besteffort=false] resolved to {Google Sans, wdth 100.0, wght 700, ital 0.0, bestEffort false} [CONTEXT service_id=132 ]
11-01 22:39:32.193   785  1191 I FontLog : Fetch {Google Sans, wdth 100.0, wght 700, ital 0.0, bestEffort false} end status Status{statusCode=SUCCESS, resolution=null} [CONTEXT service_id=132 ]
11-01 22:39:32.198   785  1300 I FontLog : Pulling font file for id = 522, cache size = 6 [CONTEXT service_id=132 ]
11-01 22:39:32.210   785  1684 I FontLog : Received query name=Noto Color Emoji Compat&weight=400&besteffort=false, URI content://com.google.android.gms.fonts [CONTEXT service_id=132 ]
11-01 22:39:32.212   785  1684 I FontLog : Query [name=Noto Color Emoji Compat&weight=400&besteffort=false] resolved to {Noto Color Emoji Compat, wdth 100.0, wght 400, ital 0.0, bestEffort false} [CONTEXT service_id=132 ]
11-01 22:39:32.213   785  1684 I FontLog : Fetch {Noto Color Emoji Compat, wdth 100.0, wght 400, ital 0.0, bestEffort false} end status Status{statusCode=SUCCESS, resolution=null} [CONTEXT service_id=132 ]
11-01 22:39:32.219   785   798 I FontLog : Pulling font file for id = 523, cache size = 6 [CONTEXT service_id=132 ]
11-01 22:39:32.461   785 23988 I SQLiteConnectionPool: The connection pool for /data/user/0/com.google.android.gms/databases/metadata.db has been closed but there are still 1 connections in use.  They will be closed as they are released back to the pool.
11-01 22:39:32.465   785 27293 W FontLog : Error updating last accessed time for {Google Sans, wdth 100.0, wght 400, ital 0.0, bestEffort false}. [CONTEXT service_id=132 ]
11-01 22:39:32.465   785 27293 W FontLog : java.lang.IllegalStateException: Cannot perform this operation because the connection pool has been closed.
11-01 22:39:32.465   785 27293 W FontLog : 	at android.database.sqlite.SQLiteConnectionPool.throwIfClosedLocked(SQLiteConnectionPool.java:962)
11-01 22:39:32.465   785 27293 W FontLog : 	at android.database.sqlite.SQLiteConnectionPool.waitForConnection(SQLiteConnectionPool.java:677)
11-01 22:39:32.465   785 27293 W FontLog : 	at android.database.sqlite.SQLiteConnectionPool.acquireConnection(SQLiteConnectionPool.java:348)
11-01 22:39:32.465   785 27293 W FontLog : 	at android.database.sqlite.SQLiteSession.acquireConnection(SQLiteSession.java:894)
11-01 22:39:32.465   785 27293 W FontLog : 	at android.database.sqlite.SQLiteSession.executeForChangedRowCount(SQLiteSession.java:752)
11-01 22:39:32.465   785 27293 W FontLog : 	at android.database.sqlite.SQLiteStatement.executeUpdateDelete(SQLiteStatement.java:64)
11-01 22:39:32.465   785 27293 W FontLog : 	at android.database.sqlite.SQLiteDatabase.executeSql(SQLiteDatabase.java:1679)
11-01 22:39:32.465   785 27293 W FontLog : 	at android.database.sqlite.SQLiteDatabase.execSQL(SQLiteDatabase.java:1658)
11-01 22:39:32.465   785 27293 W FontLog : 	at aafx.run(Unknown Source)
11-01 22:39:32.465   785 27293 W FontLog : 	at sup.b(:com.google.android.gms@203915020@20.39.15 (040406-335085812):12)
11-01 22:39:32.465   785 27293 W FontLog : 	at sup.run(:com.google.android.gms@203915020@20.39.15 (040406-335085812):7)
11-01 22:39:32.465   785 27293 W FontLog : 	at java.util.concurrent.ThreadPoolExecutor.runWorker(ThreadPoolExecutor.java:1133)
11-01 22:39:32.465   785 27293 W FontLog : 	at java.util.concurrent.ThreadPoolExecutor$Worker.run(ThreadPoolExecutor.java:607)
11-01 22:39:32.465   785 27293 W FontLog : 	at tam.run(:com.google.android.gms@203915020@20.39.15 (040406-335085812):0)
11-01 22:39:32.465   785 27293 W FontLog : 	at java.lang.Thread.run(Thread.java:761)
11-01 22:39:32.698   785 23988 W NetworkScheduler: Error inserting service_kind=0 source=16 tag=Measurement.PackageMeasurementTaskService.UPLOAD_TASK_TAG target_package=com.google.android.gms requires_charging=0 source_version=203915000 required_network_type=0 flex_time=3582000 persistence_level=1 target_class=com.google.android.gms.measurement.PackageMeasurementTaskService runtime=1667338772695 retry_strategy={"maximum_backoff_seconds":{"3600":0},"initial_backoff_seconds":{"30":0},"retry_policy":{"0":0}} preferred_network_type=1 required_idleness_state=0 preferred_charging_state=1 period=7165000 last_runtime=0 task_type=0 job_id=-1 user_id=0, error message: UNIQUE constraint failed: pending_ops.tag, pending_ops.target_class, pending_ops.target_package, pending_ops.user_id (code 2067) [CONTEXT service_id=218 ]
11-01 22:39:36.971   876   886 I art     : Background sticky concurrent mark sweep GC freed 91551(5MB) AllocSpace objects, 14(332KB) LOS objects, 23% free, 18MB/24MB, paused 5.106ms total 117.831ms
11-01 22:39:44.905  1451  1451 D AndroidRuntime: >>>>>> START com.android.internal.os.RuntimeInit uid 2000 <<<<<<
11-01 22:39:44.909  1451  1451 D AndroidRuntime: CheckJNI is OFF
11-01 22:39:44.979  1451  1451 D ICU     : No timezone override file found: /data/misc/zoneinfo/current/icu/icu_tzdata.dat
11-01 22:39:45.011  1451  1451 I Radio-JNI: register_android_hardware_Radio DONE
11-01 22:39:45.026  1451  1451 D AndroidRuntime: Calling main entry com.android.commands.monkey.Monkey
11-01 22:39:45.092   600   613 W BroadcastQueue: Skipping deliver [background] BroadcastRecord{35204b9 u-1 android.net.conn.CONNECTIVITY_CHANGE} to ReceiverList{77290fe 1451 (unknown name)/2000/u-1 remote:3834703}: process crashing
11-01 22:39:46.594  1451  1451 D MonkeyStub: translateCommand: wake
11-01 22:39:46.750  1451  1451 D MonkeyStub: translateCommand: touch down 614 1561
11-01 22:39:46.767  1451  1451 D MonkeyStub: translateCommand: touch move 614 1561
11-01 22:39:46.876  1451  1451 D MonkeyStub: translateCommand: touch move 614 1436
11-01 22:39:46.984  1451  1451 D MonkeyStub: translateCommand: touch move 614 1311
11-01 22:39:47.094  1451  1451 D MonkeyStub: translateCommand: touch move 614 1186
11-01 22:39:47.201  1451  1451 D MonkeyStub: translateCommand: touch move 614 1061
11-01 22:39:47.309  1451  1451 D MonkeyStub: translateCommand: touch move 614 937
11-01 22:39:47.419  1451  1451 D MonkeyStub: translateCommand: touch move 614 812
11-01 22:39:47.537  1451  1451 D MonkeyStub: translateCommand: touch move 614 687
11-01 22:39:47.643  1451  1451 D MonkeyStub: translateCommand: touch move 614 562
11-01 22:39:47.749  1451  1451 D MonkeyStub: translateCommand: touch move 614 437
11-01 22:39:47.853  1451  1451 D MonkeyStub: translateCommand: touch move 614 312
11-01 22:39:47.856  1451  1451 D MonkeyStub: translateCommand: touch up 614 312
11-01 22:39:49.909  1451  1451 D MonkeyStub: translateCommand: touch down 614 1561
11-01 22:39:49.918  1451  1451 D MonkeyStub: translateCommand: touch move 614 1561
11-01 22:39:50.026  1451  1451 D MonkeyStub: translateCommand: touch move 614 1436
11-01 22:39:50.140  1451  1451 D MonkeyStub: translateCommand: touch move 614 1311
11-01 22:39:50.250  1451  1451 D MonkeyStub: translateCommand: touch move 614 1186
11-01 22:39:50.365  1451  1451 D MonkeyStub: translateCommand: touch move 614 1061
11-01 22:39:50.475  1451  1451 D MonkeyStub: translateCommand: touch move 614 937
11-01 22:39:50.590  1451  1451 D MonkeyStub: translateCommand: touch move 614 812
11-01 22:39:50.700  1451  1451 D MonkeyStub: translateCommand: touch move 614 687
11-01 22:39:50.815  1451  1451 D MonkeyStub: translateCommand: touch move 614 562
11-01 22:39:50.923  1451  1451 D MonkeyStub: translateCommand: touch move 614 437
11-01 22:39:51.031  1451  1451 D MonkeyStub: translateCommand: touch move 614 312
11-01 22:39:51.041  1451  1451 D MonkeyStub: translateCommand: touch up 614 312
11-01 22:39:51.073  1451  1451 D MonkeyStub: translateCommand: touch down 614 1561
11-01 22:39:51.081  1451  1451 D MonkeyStub: translateCommand: touch move 614 1561
11-01 22:39:51.236  1451  1451 D MonkeyStub: translateCommand: touch move 614 1436
11-01 22:39:51.347  1451  1451 D MonkeyStub: translateCommand: touch move 614 1311
11-01 22:39:51.456  1451  1451 D MonkeyStub: translateCommand: touch move 614 1186
11-01 22:39:51.569  1451  1451 D MonkeyStub: translateCommand: touch move 614 1061
11-01 22:39:51.680  1451  1451 D MonkeyStub: translateCommand: touch move 614 937
11-01 22:39:51.796  1451  1451 D MonkeyStub: translateCommand: touch move 614 812
11-01 22:39:51.910  1451  1451 D MonkeyStub: translateCommand: touch move 614 687
11-01 22:39:52.046  1451  1451 D MonkeyStub: translateCommand: touch move 614 562
11-01 22:39:52.150  1451  1451 D MonkeyStub: translateCommand: touch move 614 437
11-01 22:39:52.262  1451  1451 D MonkeyStub: translateCommand: touch move 614 312
11-01 22:39:52.266  1451  1451 D MonkeyStub: translateCommand: touch up 614 312
11-01 22:39:57.457  1451  1451 D MonkeyStub: translateCommand: touch down 614 1561
11-01 22:39:57.470  1451  1451 D MonkeyStub: translateCommand: touch move 614 1561
11-01 22:39:57.575  1451  1451 D MonkeyStub: translateCommand: touch move 614 1436
11-01 22:39:57.680  1451  1451 D MonkeyStub: translateCommand: touch move 614 1311
11-01 22:39:57.791  1451  1451 D MonkeyStub: translateCommand: touch move 614 1186
11-01 22:39:57.903  1451  1451 D MonkeyStub: translateCommand: touch move 614 1061
11-01 22:39:58.013  1451  1451 D MonkeyStub: translateCommand: touch move 614 937
11-01 22:39:58.119  1451  1451 D MonkeyStub: translateCommand: touch move 614 812
11-01 22:39:58.253  1451  1451 D MonkeyStub: translateCommand: touch move 614 687
11-01 22:39:58.369  1451  1451 D MonkeyStub: translateCommand: touch move 614 562
11-01 22:39:58.521  1451  1451 D MonkeyStub: translateCommand: touch move 614 437
11-01 22:39:58.641  1451  1451 D MonkeyStub: translateCommand: touch move 614 312
11-01 22:39:58.645  1451  1451 D MonkeyStub: translateCommand: touch up 614 312
11-01 22:39:58.679  1451  1451 D MonkeyStub: translateCommand: touch down 614 1561
11-01 22:39:58.682  1451  1451 D MonkeyStub: translateCommand: touch move 614 1561
11-01 22:39:58.864  1451  1451 D MonkeyStub: translateCommand: touch move 614 1436
11-01 22:39:58.974  1451  1451 D MonkeyStub: translateCommand: touch move 614 1311
11-01 22:39:59.089  1451  1451 D MonkeyStub: translateCommand: touch move 614 1186
11-01 22:39:59.198  1451  1451 D MonkeyStub: translateCommand: touch move 614 1061
11-01 22:39:59.314  1451  1451 D MonkeyStub: translateCommand: touch move 614 937
11-01 22:39:59.427  1451  1451 D MonkeyStub: translateCommand: touch move 614 812
11-01 22:39:59.540  1451  1451 D MonkeyStub: translateCommand: touch move 614 687
11-01 22:39:59.649  1451  1451 D MonkeyStub: translateCommand: touch move 614 562
11-01 22:39:59.757  1451  1451 D MonkeyStub: translateCommand: touch move 614 437
11-01 22:39:59.866  1451  1451 D MonkeyStub: translateCommand: touch move 614 312
11-01 22:39:59.870  1451  1451 D MonkeyStub: translateCommand: touch up 614 312
11-01 22:40:02.372  1451  1451 D MonkeyStub: translateCommand: touch down 614 1561
11-01 22:40:02.386  1451  1451 D MonkeyStub: translateCommand: touch move 614 1561
11-01 22:40:02.491  1451  1451 D MonkeyStub: translateCommand: touch move 614 1436
11-01 22:40:02.600  1451  1451 D MonkeyStub: translateCommand: touch move 614 1311
11-01 22:40:02.710  1451  1451 D MonkeyStub: translateCommand: touch move 614 1186
11-01 22:40:02.819  1451  1451 D MonkeyStub: translateCommand: touch move 614 1061
11-01 22:40:02.926  1451  1451 D MonkeyStub: translateCommand: touch move 614 937
11-01 22:40:03.033  1451  1451 D MonkeyStub: translateCommand: touch move 614 812
11-01 22:40:03.152  1451  1451 D MonkeyStub: translateCommand: touch move 614 687
11-01 22:40:03.288  1451  1451 D MonkeyStub: translateCommand: touch move 614 562
11-01 22:40:03.410  1451  1451 D MonkeyStub: translateCommand: touch move 614 437
11-01 22:40:03.516  1451  1451 D MonkeyStub: translateCommand: touch move 614 312
11-01 22:40:03.520  1451  1451 D MonkeyStub: translateCommand: touch up 614 312
11-01 22:40:05.650  1451  1451 D MonkeyStub: translateCommand: tap 1233 1011
11-01 22:40:12.874   198   198 E SELinux : avc:  denied  { find } for service=netd pid=1498 uid=2000 scontext=u:r:shell:s0 tcontext=u:object_r:netd_service:s0 tclass=service_manager permissive=0
11-01 22:40:12.878   198   198 E SELinux : avc:  denied  { find } for service=android.service.gatekeeper.IGateKeeperService pid=1498 uid=2000 scontext=u:r:shell:s0 tcontext=u:object_r:gatekeeper_service:s0 tclass=service_manager permissive=0
11-01 22:40:13.844  1451  1451 D MonkeyStub: translateCommand: touch down 614 1561
11-01 22:40:13.871  1451  1451 D MonkeyStub: translateCommand: touch move 614 1561
11-01 22:40:14.009  1451  1451 D MonkeyStub: translateCommand: touch move 614 1436
11-01 22:40:14.125  1451  1451 D MonkeyStub: translateCommand: touch move 614 1311
11-01 22:40:14.231  1451  1451 D MonkeyStub: translateCommand: touch move 614 1186
11-01 22:40:14.342  1451  1451 D MonkeyStub: translateCommand: touch move 614 1061
11-01 22:40:14.448  1451  1451 D MonkeyStub: translateCommand: touch move 614 937
11-01 22:40:14.553  1451  1451 D MonkeyStub: translateCommand: touch move 614 812
11-01 22:40:14.699  1451  1451 D MonkeyStub: translateCommand: touch move 614 687
11-01 22:40:14.812  1451  1451 D MonkeyStub: translateCommand: touch move 614 562
11-01 22:40:14.926  1451  1451 D MonkeyStub: translateCommand: touch move 614 437
11-01 22:40:15.032  1451  1451 D MonkeyStub: translateCommand: touch move 614 312
11-01 22:40:15.038  1451  1451 D MonkeyStub: translateCommand: touch up 614 312
11-01 22:40:19.166  1451  1451 D MonkeyStub: translateCommand: touch down 614 1561
11-01 22:40:19.183  1451  1451 D MonkeyStub: translateCommand: touch move 614 1561
11-01 22:40:19.293  1451  1451 D MonkeyStub: translateCommand: touch move 614 1436
11-01 22:40:19.402  1451  1451 D MonkeyStub: translateCommand: touch move 614 1311
11-01 22:40:19.509  1451  1451 D MonkeyStub: translateCommand: touch move 614 1186
11-01 22:40:19.620  1451  1451 D MonkeyStub: translateCommand: touch move 614 1061
11-01 22:40:19.729  1451  1451 D MonkeyStub: translateCommand: touch move 614 937
11-01 22:40:19.839  1451  1451 D MonkeyStub: translateCommand: touch move 614 812
11-01 22:40:19.949  1451  1451 D MonkeyStub: translateCommand: touch move 614 687
11-01 22:40:20.061  1451  1451 D MonkeyStub: translateCommand: touch move 614 562
11-01 22:40:20.174  1451  1451 D MonkeyStub: translateCommand: touch move 614 437
11-01 22:40:20.286  1451  1451 D MonkeyStub: translateCommand: touch move 614 312
11-01 22:40:20.290  1451  1451 D MonkeyStub: translateCommand: touch up 614 312
11-01 22:40:20.330  1451  1451 D MonkeyStub: translateCommand: touch down 614 1561
11-01 22:40:20.334  1451  1451 D MonkeyStub: translateCommand: touch move 614 1561
11-01 22:40:20.440  1451  1451 D MonkeyStub: translateCommand: touch move 614 1436
11-01 22:40:20.554  1451  1451 D MonkeyStub: translateCommand: touch move 614 1311
11-01 22:40:20.665  1451  1451 D MonkeyStub: translateCommand: touch move 614 1186
11-01 22:40:20.776  1451  1451 D MonkeyStub: translateCommand: touch move 614 1061
11-01 22:40:20.885  1451  1451 D MonkeyStub: translateCommand: touch move 614 937
11-01 22:40:21.005  1451  1451 D MonkeyStub: translateCommand: touch move 614 812
11-01 22:40:21.114  1451  1451 D MonkeyStub: translateCommand: touch move 614 687
11-01 22:40:21.224  1451  1451 D MonkeyStub: translateCommand: touch move 614 562
11-01 22:40:21.339  1451  1451 D MonkeyStub: translateCommand: touch move 614 437
11-01 22:40:21.468  1451  1451 D MonkeyStub: translateCommand: touch move 614 312
11-01 22:40:21.477  1451  1451 D MonkeyStub: translateCommand: touch up 614 312
11-01 22:40:25.532  1451  1451 D MonkeyStub: translateCommand: touch down 614 1561
11-01 22:40:25.541  1451  1451 D MonkeyStub: translateCommand: touch move 614 1561
11-01 22:40:25.676  1451  1451 D MonkeyStub: translateCommand: touch move 614 1436
11-01 22:40:25.794  1451  1451 D MonkeyStub: translateCommand: touch move 614 1311
11-01 22:40:25.902  1451  1451 D MonkeyStub: translateCommand: touch move 614 1186
11-01 22:40:26.008  1451  1451 D MonkeyStub: translateCommand: touch move 614 1061
11-01 22:40:26.114  1451  1451 D MonkeyStub: translateCommand: touch move 614 937
11-01 22:40:26.227  1451  1451 D MonkeyStub: translateCommand: touch move 614 812
11-01 22:40:26.336  1451  1451 D MonkeyStub: translateCommand: touch move 614 687
11-01 22:40:26.446  1451  1451 D MonkeyStub: translateCommand: touch move 614 562
11-01 22:40:26.557  1451  1451 D MonkeyStub: translateCommand: touch move 614 437
11-01 22:40:26.670  1451  1451 D MonkeyStub: translateCommand: touch move 614 312
11-01 22:40:26.676  1451  1451 D MonkeyStub: translateCommand: touch up 614 312
11-01 22:40:30.840  1451  1451 D MonkeyStub: translateCommand: touch down 614 1561
11-01 22:40:30.853  1451  1451 D MonkeyStub: translateCommand: touch move 614 1561
11-01 22:40:30.963  1451  1451 D MonkeyStub: translateCommand: touch move 614 1436
11-01 22:40:31.075  1451  1451 D MonkeyStub: translateCommand: touch move 614 1311
11-01 22:40:31.189  1451  1451 D MonkeyStub: translateCommand: touch move 614 1186
11-01 22:40:31.298  1451  1451 D MonkeyStub: translateCommand: touch move 614 1061
11-01 22:40:31.409  1451  1451 D MonkeyStub: translateCommand: touch move 614 937
11-01 22:40:31.522  1451  1451 D MonkeyStub: translateCommand: touch move 614 812
11-01 22:40:31.631  1451  1451 D MonkeyStub: translateCommand: touch move 614 687
11-01 22:40:31.739  1451  1451 D MonkeyStub: translateCommand: touch move 614 562
11-01 22:40:31.851  1451  1451 D MonkeyStub: translateCommand: touch move 614 437
11-01 22:40:31.957  1451  1451 D MonkeyStub: translateCommand: touch move 614 312
11-01 22:40:31.960  1451  1451 D MonkeyStub: translateCommand: touch up 614 312
11-01 22:40:31.976  1451  1451 D MonkeyStub: Quit requested
11-01 22:40:31.996   600   614 I CwMcuSensor: CwMcuSensor::flush: fd = 229, sensors_id = 0, path = /sys/class/htc_sensorhub/sensor_hub/flush, err = 0
11-01 22:40:32.000  1451  1451 I art     : System.exit called, status: 145
11-01 22:40:32.000  1451  1451 I AndroidRuntime: VM exiting with result code 145.
11-01 22:40:32.027   600  1066 W WindowManager: Attempted to remove non-existing token: android.os.Binder@669505f
11-01 22:40:47.993  1519  1519 D AndroidRuntime: >>>>>> START com.android.internal.os.RuntimeInit uid 2000 <<<<<<
11-01 22:40:48.001  1519  1519 D AndroidRuntime: CheckJNI is OFF
11-01 22:40:48.087  1519  1519 D ICU     : No timezone override file found: /data/misc/zoneinfo/current/icu/icu_tzdata.dat
11-01 22:40:48.127  1519  1519 I Radio-JNI: register_android_hardware_Radio DONE
11-01 22:40:48.144  1519  1519 D AndroidRuntime: Calling main entry com.android.commands.am.Am
11-01 22:40:48.161   600  8928 I ActivityManager: Force stopping com.opera.browser appid=10122 user=0: from pid 1519
11-01 22:40:48.161   600  8928 I ActivityManager: Killing 1050:com.opera.browser:privileged_process0/u0a122 (adj 0): stop com.opera.browser
11-01 22:40:48.161   600  8928 D ActivityManager: cleanUpApplicationRecord -- 1050
11-01 22:40:48.162   600  8928 W ActivityManager: Scheduling restart of crashed service com.opera.browser/com.opera.android.browser.chromium.services.PrivilegedProcessService0 in 1000ms
11-01 22:40:48.166   600  8928 I ActivityManager: Killing 876:com.opera.browser/u0a122 (adj 0): stop com.opera.browser
11-01 22:40:48.166   600  8928 D ActivityManager: cleanUpApplicationRecord -- 876
11-01 22:40:48.172  1398  1398 I art     : System.exit called, status: 0
11-01 22:40:48.172  1398  1398 I AndroidRuntime: VM exiting with result code 0, cleanup skipped.
11-01 22:40:48.173   600  8928 W ActivityManager: Force removing ActivityRecord{55174d7 u0 com.opera.browser/com.opera.android.BrowserActivity t1410}: app died, no saved state
11-01 22:40:48.210   600  8928 I ActivityManager: Killing 1398:com.opera.browser:sandboxed_process0/u0a122 (adj 0): stop com.opera.browser
11-01 22:40:48.210   600  8928 D ActivityManager: cleanUpApplicationRecord -- 1398
11-01 22:40:48.212  1519  1519 D AndroidRuntime: Shutting down VM
11-01 22:40:48.213   600  1066 W ActivityManager: Spurious death for ProcessRecord{78291f1 0:com.opera.browser:sandboxed_process0/u0a122}, curProc for 1398: null
11-01 22:40:48.235   600   713 D WindowManager: relayoutVisibleWindow: Window{d910b u0 com.google.android.googlequicksearchbox/com.google.android.launcher.GEL EXITING} mAnimatingExit=true, mRemoveOnExit=false, mDestroying=true
11-01 22:40:48.240  1075  1164 I OpenGLRenderer: Initialized EGL, version 1.4
11-01 22:40:48.240  1075  1164 D OpenGLRenderer: Swap behavior 2
11-01 22:40:48.289  1058  1058 D RegisteredNfcFServicesCache: Service unchanged, not updating
11-01 22:40:48.338 27901 11978 I AttachedClient: Adding client event 2 to pending list.
11-01 22:40:48.367 27901 27901 I OptInState: There is a new client and it does not support opt-in. Dropping request.
11-01 22:40:48.370 27901 27901 I MicroDetectionWorker: Micro detection mode: [mDetectionMode: [1]].
11-01 22:40:48.382 27901  1533 I MicroRecognitionRunner: Starting detection.
11-01 22:40:48.383 27901  5710 I MicrophoneInputStream: mic_starting com.google.android.apps.gsa.speech.audio.ae@ce18f9e
11-01 22:40:48.389   238   286 I SoundTriggerHwService::Module: void android::SoundTriggerHwService::Module::onCallbackEvent(const sp<android::SoundTriggerHwService::CallbackEvent> &) mClient == 0
11-01 22:40:48.395   238  1536 I AudioFlinger: AudioFlinger's thread 0xec312000 ready to run
11-01 22:40:48.397 27901  5710 I MicrophoneInputStream: mic_started com.google.android.apps.gsa.speech.audio.ae@ce18f9e
11-01 22:40:48.464   600   609 I art     : Background partial concurrent mark sweep GC freed 83889(4MB) AllocSpace objects, 15(316KB) LOS objects, 33% free, 15MB/22MB, paused 787us total 131.004ms
11-01 22:40:48.523   600 28743 D ConnectivityService: ConnectivityService NetworkRequestInfo binderDied(NetworkRequest [ LISTEN id=503, [ Capabilities: INTERNET&NOT_RESTRICTED&TRUSTED&FOREGROUND] ], android.os.BinderProxy@f966a3f)
11-01 22:40:48.523   600 28743 D GraphicsStats: Buffer count: 2
11-01 22:40:48.523   600 28743 D ConnectivityService: ConnectivityService NetworkRequestInfo binderDied(NetworkRequest [ LISTEN id=502, [ Capabilities: INTERNET&NOT_RESTRICTED&TRUSTED&FOREGROUND] ], android.os.BinderProxy@3249f0c)
11-01 22:40:48.525   600   649 E ConnectivityService: RemoteException caught trying to send a callback msg for NetworkRequest [ LISTEN id=503, [ Capabilities: INTERNET&NOT_RESTRICTED&TRUSTED&FOREGROUND] ]
11-01 22:40:48.525   600   649 E ConnectivityService: RemoteException caught trying to send a callback msg for NetworkRequest [ LISTEN id=502, [ Capabilities: INTERNET&NOT_RESTRICTED&TRUSTED&FOREGROUND] ]
11-01 22:40:48.576 27901 27901 I MicroDetectionWorker: onReady
11-01 22:40:48.748  1538  1538 D AndroidRuntime: >>>>>> START com.android.internal.os.RuntimeInit uid 2000 <<<<<<
11-01 22:40:48.751  1538  1538 D AndroidRuntime: CheckJNI is OFF
11-01 22:40:48.783  1075  1164 W OpenGLRenderer: Incorrectly called buildLayer on View: ShortcutAndWidgetContainer, destroying layer...
11-01 22:40:48.826  1538  1538 D ICU     : No timezone override file found: /data/misc/zoneinfo/current/icu/icu_tzdata.dat
11-01 22:40:48.854  1538  1538 I Radio-JNI: register_android_hardware_Radio DONE
11-01 22:40:48.869  1538  1538 D AndroidRuntime: Calling main entry com.android.commands.pm.Pm
11-01 22:40:48.885   600  8928 I ActivityManager: Force stopping com.opera.browser appid=10122 user=0: clear data
11-01 22:40:48.888   600   613 I ActivityManager: Force stopping com.opera.browser appid=10122 user=-1: clearApplicationUserData
11-01 22:40:48.941   785   785 I GeofencerStateMachine: removeGeofences: removeRequest=RemoveGeofencingRequest[REMOVE_ALL packageName=com.opera.browser]
11-01 22:40:48.948  1538  1538 I art     : System.exit called, status: 0
11-01 22:40:48.948  1538  1538 I AndroidRuntime: VM exiting with result code 0.
11-01 22:40:48.963  1058  1058 D RegisteredNfcFServicesCache: Service unchanged, not updating
11-01 22:40:48.965   600   612 W ResourceType: No known package when getting value for resource number 0x7f100007
11-01 22:40:48.965   600   612 W ResourceType: No known package when getting value for resource number 0x7f13090c
11-01 22:40:48.965   600   612 W ResourceType: No known package when getting value for resource number 0x7f100005
11-01 22:40:48.965   600   612 W ResourceType: No known package when getting value for resource number 0x7f13090a
11-01 22:40:48.965   600   612 W ResourceType: No known package when getting value for resource number 0x7f100004
11-01 22:40:48.965   600   612 W ResourceType: No known package when getting value for resource number 0x7f130909
11-01 22:40:48.974   600   612 W ResourceType: No known package when getting value for resource number 0x7f100006
11-01 22:40:48.974   600   612 W ResourceType: No known package when getting value for resource number 0x7f13090b
11-01 22:40:49.032 18094 18218 I Icing   : doRemovePackageData com.opera.browser
11-01 22:40:49.054   785  1566 I Fitness : FitCleanupIntentOperation received Intent android.intent.action.PACKAGE_DATA_CLEARED [CONTEXT service_id=17 ]
