--------- beginning of main
10-31 16:30:34.996 11718 11718 D AndroidRuntime: >>>>>> START com.android.internal.os.RuntimeInit uid 2000 <<<<<<
10-31 16:30:35.000 11718 11718 D AndroidRuntime: CheckJNI is OFF
10-31 16:30:35.064 11718 11718 D ICU     : No timezone override file found: /data/misc/zoneinfo/current/icu/icu_tzdata.dat
10-31 16:30:35.093 11718 11718 I Radio-JNI: register_android_hardware_Radio DONE
10-31 16:30:35.108 11718 11718 D AndroidRuntime: Calling main entry com.android.commands.am.Am
--------- beginning of system
10-31 16:30:35.126   600  3675 I ActivityManager: Force stopping com.android.chrome appid=10035 user=0: from pid 11718
10-31 16:30:35.126   600  3675 I ActivityManager: Killing 11683:com.android.chrome/u0a35 (adj 904): stop com.android.chrome
10-31 16:30:35.126   600  3675 D ActivityManager: cleanUpApplicationRecord -- 11683
10-31 16:30:35.136  1061  1061 D RegisteredNfcFServicesCache: Service unchanged, not updating
10-31 16:30:35.383   600 13557 I ActivityManager: START u0 {act=android.intent.action.VIEW flg=0x10008000 cmp=com.android.chrome/com.google.android.apps.chrome.Main} from uid 2000 on display 0
10-31 16:30:35.406 11718 11718 D AndroidRuntime: Shutting down VM
10-31 16:30:35.435   600   707 I ActivityManager: Start proc 11728:com.android.chrome/u0a35 for activity com.android.chrome/com.google.android.apps.chrome.Main
10-31 16:30:35.593   600 13558 I ActivityManager: START u0 {cmp=com.android.chrome/org.chromium.chrome.browser.firstrun.TabbedModeFirstRunActivity (has extras)} from uid 10035 on display 0
10-31 16:30:35.614 11728 11745 W DynamiteModule: Local module descriptor class for com.google.android.gms.googlecertificates not found.
10-31 16:30:35.755 11728 11745 I DynamiteModule: Considering local module com.google.android.gms.googlecertificates:0 and remote module com.google.android.gms.googlecertificates:6
10-31 16:30:35.755 11728 11745 I DynamiteModule: Selected remote version of com.google.android.gms.googlecertificates, version >= 6
10-31 16:30:35.755 11728 11746 I cr_LibraryLoader: Loaded native library version number "85.0.4183.127"
10-31 16:30:35.758 11728 11746 I cr_CachingUmaRecorder: Flushed 10 samples from 10 histograms.
10-31 16:30:35.796 11728 11747 I OpenGLRenderer: Initialized EGL, version 1.4
10-31 16:30:35.796 11728 11747 D OpenGLRenderer: Swap behavior 2
10-31 16:30:35.855 11728 11745 W System  : ClassLoader referenced unknown path: 
10-31 16:30:35.874 11728 11745 D ApplicationLoaders: ignored Vulkan layer search path /data/app/com.google.android.gms-1/lib/arm:/data/app/com.google.android.gms-1/base.apk!/lib/armeabi-v7a:/data/app/com.google.android.gms-1/split_config.en.apk!/lib/armeabi-v7a for namespace 0xf4a47090
10-31 16:30:35.938 11728 11745 W ResourceType: ResTable_typeSpec entry count inconsistent: given 67, previously 69
10-31 16:30:35.938 11728 11745 W ResourceType: ResTable_typeSpec entry count inconsistent: given 5346, previously 5347
10-31 16:30:35.949   600   620 W WindowManager: Failed looking up window
10-31 16:30:35.949   600   620 W WindowManager: java.lang.IllegalArgumentException: Requested window android.view.ViewRootImpl$W@e305ede does not exist
10-31 16:30:35.949   600   620 W WindowManager: 	at com.android.server.wm.WindowManagerService.windowForClientLocked(WindowManagerService.java:9422)
10-31 16:30:35.949   600   620 W WindowManager: 	at com.android.server.wm.WindowManagerService.windowForClientLocked(WindowManagerService.java:9413)
10-31 16:30:35.949   600   620 W WindowManager: 	at com.android.server.wm.WindowManagerService.removeWindow(WindowManagerService.java:2393)
10-31 16:30:35.949   600   620 W WindowManager: 	at com.android.server.wm.Session.remove(Session.java:202)
10-31 16:30:35.949   600   620 W WindowManager: 	at android.view.ViewRootImpl.dispatchDetachedFromWindow(ViewRootImpl.java:3290)
10-31 16:30:35.949   600   620 W WindowManager: 	at android.view.ViewRootImpl.doDie(ViewRootImpl.java:5917)
10-31 16:30:35.949   600   620 W WindowManager: 	at android.view.ViewRootImpl$ViewRootHandler.handleMessage(ViewRootImpl.java:3626)
10-31 16:30:35.949   600   620 W WindowManager: 	at android.os.Handler.dispatchMessage(Handler.java:102)
10-31 16:30:35.949   600   620 W WindowManager: 	at android.os.Looper.loop(Looper.java:154)
10-31 16:30:35.949   600   620 W WindowManager: 	at android.os.HandlerThread.run(HandlerThread.java:61)
10-31 16:30:35.949   600   620 W WindowManager: 	at com.android.server.ServiceThread.run(ServiceThread.java:46)
10-31 16:30:35.950   600   620 I ActivityManager: Displayed com.android.chrome/org.chromium.chrome.browser.firstrun.TabbedModeFirstRunActivity: +315ms (total +548ms)
10-31 16:30:35.952 18311 18311 I MemoryTrimmer: Trimming objects from memory, since app is in the background.
10-31 16:30:35.957 18311 18322 W SearchService: Abort, client detached.
10-31 16:30:35.960 18269 18269 I MemoryTrimmer: Trimming objects from memory, since app is in the background.
10-31 16:30:35.966 18311 11599 I DeviceStateChecker: DeviceStateChecker cancelled
10-31 16:30:35.967 18311 18311 I MicroDetector: Keeping mic open: false
10-31 16:30:35.967 18311 18337 I AudioController: internalShutdown
10-31 16:30:35.967 18311 18337 I MicrophoneInputStream: mic_close com.google.android.apps.gsa.speech.audio.ae@67d6d61
10-31 16:30:35.968 18311 18405 I MicroRecognitionRunner: Stopping hotword detection.
10-31 16:30:35.979 11728 11745 I DynamiteLoaderV2Impl: [70] Googlecertificates
10-31 16:30:35.984   238   285 I SoundTriggerHwService::Module: void android::SoundTriggerHwService::Module::onCallbackEvent(const sp<android::SoundTriggerHwService::CallbackEvent> &) mClient == 0
10-31 16:30:35.988 18311 11598 I MicroRecognitionRunner: Detection finished
10-31 16:30:35.994 18311 18311 I MemoryTrimmer: Trimming objects from memory, since app is in the background.
10-31 16:30:36.000 11728 11745 W System  : ClassLoader referenced unknown path: /data/user_de/0/com.google.android.gms/app_chimera/m/00000061/n/armeabi-v7a
10-31 16:30:36.000 11728 11745 W System  : ClassLoader referenced unknown path: /data/user_de/0/com.google.android.gms/app_chimera/m/00000061/n/armeabi
10-31 16:30:36.079   787 28597 I FontLog : Received query Google Sans, URI content://com.google.android.gms.fonts [CONTEXT service_id=132 ]
10-31 16:30:36.080   787 28597 I FontLog : Query [Google Sans] resolved to {Google Sans, wdth 100.0, wght 400, ital 0.0, bestEffort false} [CONTEXT service_id=132 ]
10-31 16:30:36.081   787 28597 I FontLog : Font PFD returned from cache for {Google Sans, wdth 100.0, wght 400, ital 0.0, bestEffort false} [CONTEXT service_id=132 ]
10-31 16:30:36.081   787 28597 I FontLog : Fetch {Google Sans, wdth 100.0, wght 400, ital 0.0, bestEffort false} end status Status{statusCode=SUCCESS, resolution=null} [CONTEXT service_id=132 ]
10-31 16:30:36.092   787  1620 I FontLog : Pulling font file for id = 1992, cache size = 5 [CONTEXT service_id=132 ]
10-31 16:30:36.108   787  1245 I FontLog : Received query Google Sans:500, URI content://com.google.android.gms.fonts [CONTEXT service_id=132 ]
10-31 16:30:36.109   787  1245 I FontLog : Query [Google Sans:500] resolved to {Google Sans, wdth 100.0, wght 500, ital 0.0, bestEffort false} [CONTEXT service_id=132 ]
10-31 16:30:36.110   787  1245 I FontLog : Font PFD returned from cache for {Google Sans, wdth 100.0, wght 500, ital 0.0, bestEffort false} [CONTEXT service_id=132 ]
10-31 16:30:36.110   787  1245 I FontLog : Fetch {Google Sans, wdth 100.0, wght 500, ital 0.0, bestEffort false} end status Status{statusCode=SUCCESS, resolution=null} [CONTEXT service_id=132 ]
10-31 16:30:36.119 11728 11742 D NetworkSecurityConfig: Using Network Security Config from resource 0_resource_name_obfuscated debugBuild: false
10-31 16:30:36.128   787  1169 E apju    : Phenotype API error. Event # cdub@ca2ffcd0, EventCode: 7 [CONTEXT service_id=51 ]
10-31 16:30:36.128   787  1169 E apju    : apiz: 29505: No config packages for log source, or config package not registered
10-31 16:30:36.128   787  1169 E apju    : 	at apkj.b(:com.google.android.gms@203915020@20.39.15 (040406-335085812):7)
10-31 16:30:36.128   787  1169 E apju    : 	at apkg.b(:com.google.android.gms@203915020@20.39.15 (040406-335085812):2)
10-31 16:30:36.128   787  1169 E apju    : 	at apju.a(:com.google.android.gms@203915020@20.39.15 (040406-335085812):85)
10-31 16:30:36.128   787  1169 E apju    : 	at apju.a(:com.google.android.gms@203915020@20.39.15 (040406-335085812):80)
10-31 16:30:36.128   787  1169 E apju    : 	at aain.run(:com.google.android.gms@203915020@20.39.15 (040406-335085812):7)
10-31 16:30:36.128   787  1169 E apju    : 	at boex.run(:com.google.android.gms@203915020@20.39.15 (040406-335085812):2)
10-31 16:30:36.128   787  1169 E apju    : 	at sup.b(:com.google.android.gms@203915020@20.39.15 (040406-335085812):12)
10-31 16:30:36.128   787  1169 E apju    : 	at sup.run(:com.google.android.gms@203915020@20.39.15 (040406-335085812):7)
10-31 16:30:36.128   787  1169 E apju    : 	at java.util.concurrent.ThreadPoolExecutor.runWorker(ThreadPoolExecutor.java:1133)
10-31 16:30:36.128   787  1169 E apju    : 	at java.util.concurrent.ThreadPoolExecutor$Worker.run(ThreadPoolExecutor.java:607)
10-31 16:30:36.128   787  1169 E apju    : 	at tam.run(:com.google.android.gms@203915020@20.39.15 (040406-335085812):0)
10-31 16:30:36.128   787  1169 E apju    : 	at java.lang.Thread.run(Thread.java:761)
10-31 16:30:36.128   787  1169 E AsyncOperation: serviceID=51, operation=GetExperimentTokensOperationCall [CONTEXT service_id=259 ]
10-31 16:30:36.128   787  1169 E AsyncOperation: OperationException[Status{statusCode=No config packages for log source, or config package not registered, resolution=null}]
10-31 16:30:36.128   787  1169 E AsyncOperation: 	at apju.a(:com.google.android.gms@203915020@20.39.15 (040406-335085812):87)
10-31 16:30:36.128   787  1169 E AsyncOperation: 	at apju.a(:com.google.android.gms@203915020@20.39.15 (040406-335085812):80)
10-31 16:30:36.128   787  1169 E AsyncOperation: 	at aain.run(:com.google.android.gms@203915020@20.39.15 (040406-335085812):7)
10-31 16:30:36.128   787  1169 E AsyncOperation: 	at boex.run(:com.google.android.gms@203915020@20.39.15 (040406-335085812):2)
10-31 16:30:36.128   787  1169 E AsyncOperation: 	at sup.b(:com.google.android.gms@203915020@20.39.15 (040406-335085812):12)
10-31 16:30:36.128   787  1169 E AsyncOperation: 	at sup.run(:com.google.android.gms@203915020@20.39.15 (040406-335085812):7)
10-31 16:30:36.128   787  1169 E AsyncOperation: 	at java.util.concurrent.ThreadPoolExecutor.runWorker(ThreadPoolExecutor.java:1133)
10-31 16:30:36.128   787  1169 E AsyncOperation: 	at java.util.concurrent.ThreadPoolExecutor$Worker.run(ThreadPoolExecutor.java:607)
10-31 16:30:36.128   787  1169 E AsyncOperation: 	at tam.run(:com.google.android.gms@203915020@20.39.15 (040406-335085812):0)
10-31 16:30:36.128   787  1169 E AsyncOperation: 	at java.lang.Thread.run(Thread.java:761)
10-31 16:30:36.137   787 28589 I FontLog : Pulling font file for id = 1993, cache size = 4 [CONTEXT service_id=132 ]
10-31 16:30:36.324 11728 11742 I cr_VariationsSeedFetch: Fetched first run seed in 206 ms
10-31 16:30:36.356   600   713 I ActivityManager: Start proc 11762:com.android.chrome:sandboxed_process0/u0i770 for service com.android.chrome/org.chromium.content.app.SandboxedProcessService0
10-31 16:30:36.421 11762 11762 W dboxed_process0: type=1400 audit(0.0:14996): avc: denied { getattr } for path="/data/data/com.android.chrome" dev="dm-2" ino=12190 scontext=u:r:isolated_app:s0:c512,c768 tcontext=u:object_r:app_data_file:s0:c512,c768 tclass=dir permissive=0
10-31 16:30:36.443 11762 11762 I cr_ChildProcessService: Creating new ChildProcessService pid=11762
10-31 16:30:36.577   600 13631 I ActivityManager: Start proc 11788:com.android.chrome:privileged_process0/u0a35 for service com.android.chrome/org.chromium.content.app.PrivilegedProcessService0
10-31 16:30:36.661 11788 11788 I cr_ChildProcessService: Creating new ChildProcessService pid=11788
10-31 16:30:36.713 11728 11749 W ConnectionStatusConfig: Dynamic lookup for intent failed for action: com.google.android.gms.auth.key.retrieval.service.START
10-31 16:30:36.716 11728 11749 W ConnectionStatusConfig: Dynamic lookup for intent failed for action: com.google.android.gms.auth.key.retrieval.service.START
10-31 16:30:36.718   600  1079 W ActivityManager: Unable to start service Intent { act=com.google.android.gms.auth.key.retrieval.service.START pkg=com.google.android.gms } U=0: not found
10-31 16:30:36.741 11788 11803 I cr_LibraryLoader: Loaded native library version number "85.0.4183.127"
10-31 16:30:36.741 11788 11803 I cr_CachingUmaRecorder: Flushed 1 samples from 1 histograms.
10-31 16:30:36.746   600  3507 W ActivityManager: Unbind failed: could not find connection for android.os.BinderProxy@2f595a
10-31 16:30:36.749 11728 11749 E GmsClient: unable to connect to service: com.google.android.gms.auth.key.retrieval.service.START on com.google.android.gms
10-31 16:30:36.769 11788 11803 E libEGL  : validate_display:99 error 3008 (EGL_BAD_DISPLAY)
10-31 16:30:36.782 11728 11728 W cr_KnoxSettingsProvider: Permission to read device policy denied.
10-31 16:30:46.009 18311 18311 I MemoryTrimmer: Trimming objects from memory, since app is in the background.
10-31 16:30:48.107 11833 11833 D AndroidRuntime: >>>>>> START com.android.internal.os.RuntimeInit uid 2000 <<<<<<
10-31 16:30:48.110 11833 11833 D AndroidRuntime: CheckJNI is OFF
10-31 16:30:48.174 11833 11833 D ICU     : No timezone override file found: /data/misc/zoneinfo/current/icu/icu_tzdata.dat
10-31 16:30:48.206 11833 11833 I Radio-JNI: register_android_hardware_Radio DONE
10-31 16:30:48.222 11833 11833 D AndroidRuntime: Calling main entry com.android.commands.monkey.Monkey
10-31 16:30:48.291   600   613 W BroadcastQueue: Skipping deliver [background] BroadcastRecord{e7da22d u-1 android.net.conn.CONNECTIVITY_CHANGE} to ReceiverList{eb5f362 11833 (unknown name)/2000/u-1 remote:b104257}: process crashing
10-31 16:30:49.842 11833 11833 D MonkeyStub: translateCommand: wake
10-31 16:30:49.944 11833 11833 D MonkeyStub: translateCommand: tap 398 1198
10-31 16:30:52.038 11833 11833 D MonkeyStub: translateCommand: tap 720 1506
10-31 16:30:52.195 30636 30757 I PeopleChimeraService: onService. callbacks = aaik@3f4ae07, request = com.google.android.gms.common.internal.GetServiceRequest@c9e6b34
10-31 16:30:52.214 30636 30649 I PeopleChimeraService: onService. callbacks = aaik@c3b56d2, request = com.google.android.gms.common.internal.GetServiceRequest@22423a3
10-31 16:30:54.093 11833 11833 D MonkeyStub: translateCommand: tap 355 1480
10-31 16:30:54.111 11833 11833 D MonkeyStub: Quit requested
10-31 16:30:54.147   600  6312 I ActivityManager: START u0 {act=android.intent.action.VIEW flg=0x10008000 cmp=com.android.chrome/com.google.android.apps.chrome.Main (has extras)} from uid 10035 on display 0
10-31 16:30:54.163   600   614 I CwMcuSensor: CwMcuSensor::flush: fd = 166, sensors_id = 0, path = /sys/class/htc_sensorhub/sensor_hub/flush, err = 0
10-31 16:30:54.176 11833 11833 I art     : System.exit called, status: 6
10-31 16:30:54.176 11833 11833 I AndroidRuntime: VM exiting with result code 6.
10-31 16:30:54.251   600 27731 W WindowManager: Attempted to remove non-existing token: android.os.Binder@36cacf3
10-31 16:30:54.344 11728 11728 E cr_CompositorSurfaceMgr: Transitioning to surface with format : -1
10-31 16:30:54.366   600   609 I art     : Background partial concurrent mark sweep GC freed 16646(818KB) AllocSpace objects, 3(60KB) LOS objects, 33% free, 17MB/26MB, paused 1.064ms total 161.566ms
10-31 16:30:54.418 11728 11782 W cr_tabmodel: Starting to perform legacy migration.
10-31 16:30:54.419 11728 11782 W cr_tabmodel: Finished performing legacy migration.
10-31 16:30:54.419 11728 11782 W cr_tabmodel: Starting to perform multi-instance migration.
10-31 16:30:54.423 11728 11782 W cr_tabmodel: Finished performing multi-instance migration.
10-31 16:30:54.423 11728 11782 I cr_tabmodel: Starting to fetch tab list for tab_state0
10-31 16:30:54.423 11728 11782 I cr_tabmodel: State file does not exist.
10-31 16:30:54.423 11728 11782 I cr_tabmodel: Starting to fetch tab list for tab_state1
10-31 16:30:54.423 11728 11782 I cr_tabmodel: State file does not exist.
10-31 16:30:54.460 11728 11782 I cr_ADCP : No customization source found
10-31 16:30:54.491 11728 11747 D OpenGLRenderer: endAllActiveAnimators on 0xd3b9c900 (InsetDrawable) with handle 0xd2ae4580
10-31 16:30:54.561 11728 11728 E cr_CompositorSurfaceMgr: Transitioning to surface with format : -1
10-31 16:30:54.561   600   620 I ActivityManager: Displayed com.android.chrome/com.google.android.apps.chrome.Main: +375ms
10-31 16:30:54.566 11728 11728 E cr_CompositorSurfaceMgr: surfaceCreated format : 0
10-31 16:30:54.572   600  1082 E BatteryStatsService: power: Missing API
10-31 16:30:54.575 11728 11728 I cr_ContextualSearch: Tap suppression enabled: false
10-31 16:30:54.580 11728 11728 I cr_ChromeTabbedActivity: #initializeState
10-31 16:30:54.580 11728 11728 I cr_CipherFactory: #restoreFromBundle, no savedInstanceState.
10-31 16:30:54.580 11728 11728 I cr_tabmodel: #loadState, ignoreIncognitoFiles? true
10-31 16:30:54.591   796   796 E PhoneInterfaceManager: [PhoneIntfMgr] queryModemActivityInfo: Empty response
10-31 16:30:54.591   600  1082 E BatteryStatsService: no controller energy info supplied
10-31 16:30:54.603   600  1082 E BatteryStatsService: modem info is invalid: ModemActivityInfo{ mTimestamp=0 mSleepTimeMs=0 mIdleTimeMs=0 mTxTimeMs[]=[0, 0, 0, 0, 0] mRxTimeMs=0 mEnergyUsed=0}
10-31 16:30:54.751 11728 11728 I SchedulerApiWrapper: Create SchedulerApiMainThreadWrapper
10-31 16:30:54.782 11728 11728 I FeedSessionManagerImpl: FeedSessionManagerImpl has been created
10-31 16:30:54.783 11728 11728 I FeedAppLifecycleLstnr: onEnterForeground called
10-31 16:30:54.783 11728 11728 I FeedSessionManagerImpl: onLifecycleEvent foreground
10-31 16:30:54.784 11728 11728 I FeedSessionManagerImpl: Lazy initialization triggered, getUpdateConsumer
10-31 16:30:54.785 11728 11783 I TaskQueue: Execute task [IMMEDIATE - d: true, b: 0]: 30
10-31 16:30:54.785 11728 11728 I FeedRequestManagerImpl: trigger refresh 2
10-31 16:30:54.790 11728 11728 I TaskQueue:  - task [HEAD_INVALIDATE - d: true, b: 0]: 26
10-31 16:30:54.791 11728 11728 I FeedAppLifecycleLstnr: initialize called
10-31 16:30:54.791 11728 11728 I FeedSessionManagerImpl: onLifecycleEvent initialize
10-31 16:30:54.791 11728 11728 W FeedSessionManagerImpl: FeedSessionManagerImpl has previously been initialized
10-31 16:30:54.819 11728 11728 I ViewConfigCompat: Could not find method getScaledScrollFactor() on ViewConfiguration
10-31 16:30:54.822 11728 11728 I BasicStream: Setting 2 header views, currently have 0 headers
10-31 16:30:54.825 11728 11728 I BasicStream: Setting 2 header views, currently have 2 headers
10-31 16:30:54.886   600   619 D BluetoothManagerService: Message: 20
10-31 16:30:54.886   600   619 D BluetoothManagerService: Added callback: android.bluetooth.IBluetoothManagerCallback$Stub$Proxy@baed10e:true
10-31 16:30:54.903 11762 11775 I cr_LibraryLoader: Loaded native library version number "85.0.4183.127"
10-31 16:30:54.904 11762 11775 I cr_CachingUmaRecorder: Flushed 1 samples from 1 histograms.
10-31 16:30:54.913 11728 11728 E cr_IntentUtils: getBooleanExtra failed on intent null
10-31 16:30:54.925 11728 11728 I TimeoutSessionImpl: Using TimeoutSessionImpl
10-31 16:30:54.925 11728 11728 I FeedSessionManagerImpl: Delaying populateSession until initialization is finished
10-31 16:30:54.925 11728 11728 I TaskQueue:  - task [IMMEDIATE - d: true, b: 1]: 13
10-31 16:30:54.926 11728 11728 I MainThreadRunner: Running task [BasicStream onShow] on the Main Thread with a delay of 500 milliseconds
10-31 16:30:55.029 11728 11783 W SessionCache: Persisted Sessions were not found
10-31 16:30:55.030 11728 11783 I HeadSessionImpl: Initialize HEAD 0 items
10-31 16:30:55.031 11728 11783 I TaskQueue:  - task [BACKGROUND - d: true, b: 2]: 11
10-31 16:30:55.031 11728 11783 I TimingUtils: Task Timing 246ms, thread JardinExecutor | task : Initialization
10-31 16:30:55.031 11728 11783 I TaskQueue:  - Finished 30, time 247 ms
10-31 16:30:55.032 11728 11783 I TaskQueue: Execute task [HEAD_INVALIDATE - d: true, b: 2]: 26
10-31 16:30:55.032 11728 11783 I TimingUtils: Task Timing   0ms, thread JardinExecutor | task : getAllDismissLocalActions | size : 0
10-31 16:30:55.032 11728 11783 I TimingUtils: Task Timing   0ms, thread JardinExecutor | task : getSemanticProperties | size : 0
10-31 16:30:55.032 11728 11783 I MainThreadRunner: Running task [Check Tooltips] on the Main Thread
10-31 16:30:55.032 11728 11783 I TaskQueue:  * Starting starvation checks
10-31 16:30:55.033 11728 11783 I MainThreadRunner: Running task [starvationChecks] on the Main Thread with a delay of 6000 milliseconds
10-31 16:30:55.033 11728 11783 I TaskQueue:  - Finished 26, time 1 ms
10-31 16:30:55.033 11728 11783 I TaskQueue: Execute task [IMMEDIATE - d: true, b: 1]: 13
10-31 16:30:55.033 11728 11783 I FeedSessionManagerImpl: shouldSessionRequestData; hasContent(false), contentCreationTime(0), outstandingRequest(true)
10-31 16:30:55.033 11728 11783 I MainThreadRunner: Running task [SchedulerApiWrapper shouldSessionRequestData] on the Main Thread
10-31 16:30:55.038   600 13558 I ActivityManager: Start proc 11863:com.android.chrome:sandboxed_process1/u0i771 for service com.android.chrome/org.chromium.content.app.SandboxedProcessService1
10-31 16:30:55.076   600  3507 I ActivityManager: Start proc 11869:com.android.chrome:sandboxed_process2/u0i772 for service com.android.chrome/org.chromium.content.app.SandboxedProcessService2
10-31 16:30:55.096   600  3967 I ActivityManager: Start proc 11878:com.android.chrome:sandboxed_process3/u0i773 for service com.android.chrome/org.chromium.content.app.SandboxedProcessService3
10-31 16:30:55.154   600  3509 I ActivityManager: Start proc 11894:com.android.chrome:sandboxed_process4/u0i774 for service com.android.chrome/org.chromium.content.app.SandboxedProcessService4
10-31 16:30:55.214   600 24515 I ActivityManager: Start proc 11913:com.android.chrome:sandboxed_process5/u0i775 for service com.android.chrome/org.chromium.content.app.SandboxedProcessService5
10-31 16:30:55.294   600 13631 I ActivityManager: Start proc 11929:com.android.chrome:sandboxed_process6/u0i776 for service com.android.chrome/org.chromium.content.app.SandboxedProcessService6
10-31 16:30:55.366   600   611 I ActivityManager: Start proc 11946:com.android.chrome:sandboxed_process7/u0i777 for service com.android.chrome/org.chromium.content.app.SandboxedProcessService7
10-31 16:30:55.384 11878 11878 W dboxed_process3: type=1400 audit(0.0:14997): avc: denied { getattr } for path="/data/data/com.android.chrome" dev="dm-2" ino=12190 scontext=u:r:isolated_app:s0:c512,c768 tcontext=u:object_r:app_data_file:s0:c512,c768 tclass=dir permissive=0
10-31 16:30:55.386 11728 11728 I PlayCore: UID: [10035]  PID: [11728] SplitInstallService : deferredInstall([image_editor])
10-31 16:30:55.387 11863 11863 W dboxed_process1: type=1400 audit(0.0:14998): avc: denied { getattr } for path="/data/data/com.android.chrome" dev="dm-2" ino=12190 scontext=u:r:isolated_app:s0:c512,c768 tcontext=u:object_r:app_data_file:s0:c512,c768 tclass=dir permissive=0
10-31 16:30:55.391 11869 11869 W dboxed_process2: type=1400 audit(0.0:14999): avc: denied { getattr } for path="/data/data/com.android.chrome" dev="dm-2" ino=12190 scontext=u:r:isolated_app:s0:c512,c768 tcontext=u:object_r:app_data_file:s0:c512,c768 tclass=dir permissive=0
10-31 16:30:55.435   600 25704 I ActivityManager: Start proc 11961:com.android.chrome:sandboxed_process8/u0i778 for service com.android.chrome/org.chromium.content.app.SandboxedProcessService8
10-31 16:30:55.487 11728 11957 I PlayCore: UID: [10035]  PID: [11728] SplitInstallService : Initiate binding to the service.
10-31 16:30:55.491 11894 11894 W dboxed_process4: type=1400 audit(0.0:15000): avc: denied { getattr } for path="/data/data/com.android.chrome" dev="dm-2" ino=12190 scontext=u:r:isolated_app:s0:c512,c768 tcontext=u:object_r:app_data_file:s0:c512,c768 tclass=dir permissive=0
10-31 16:30:55.550 11728 11728 I Choreographer: Skipped 58 frames!  The application may be doing too much work on its main thread.
10-31 16:30:55.617 11913 11913 W dboxed_process5: type=1400 audit(0.0:15001): avc: denied { getattr } for path="/data/data/com.android.chrome" dev="dm-2" ino=12190 scontext=u:r:isolated_app:s0:c512,c768 tcontext=u:object_r:app_data_file:s0:c512,c768 tclass=dir permissive=0
10-31 16:30:55.631 11878 11878 I cr_ChildProcessService: Creating new ChildProcessService pid=11878
10-31 16:30:55.684 11728 11728 I TaskQueue:  - task [IMMEDIATE - d: true, b: 1]: 27
10-31 16:30:55.685 11728 11783 I FeedSessionManagerImpl: shouldSessionRequestDataResult: NO_REQUEST_WITH_WAIT, shouldMakeRequest(false), withTimeout(false), withAppend(false)
10-31 16:30:55.685 11863 11863 I cr_ChildProcessService: Creating new ChildProcessService pid=11863
10-31 16:30:55.685 11728 11783 I TaskQueue:  - task [USER_FACING - d: true, b: 2]: 24
10-31 16:30:55.685 11728 11783 I TaskQueue:  - Finished 13, time 653 ms
10-31 16:30:55.685 11728 11783 I TaskQueue: Execute task [IMMEDIATE - d: true, b: 2]: 27
10-31 16:30:55.687 11728 11783 I FeedRequestManagerImpl: Consistency Token: # hU2@7bca4
10-31 16:30:55.692 11869 11869 I cr_ChildProcessService: Creating new ChildProcessService pid=11869
10-31 16:30:55.717 11728 11783 I FeedRequestManagerImpl: Capability: FEED_UI
10-31 16:30:55.718 11728 11783 I FeedRequestManagerImpl: Capability: UNDOABLE_ACTIONS
10-31 16:30:55.718 11728 11783 I FeedRequestManagerImpl: Capability: MANAGE_INTERESTS
10-31 16:30:55.718 11728 11783 I FeedRequestManagerImpl: Capability: SEND_FEEDBACK
10-31 16:30:55.737 11728 11783 I FeedRequestManagerImpl: Capability: ARTICLE_SNIPPETS
10-31 16:30:55.737 11728 11783 I FeedRequestManagerImpl: Capability: CLICK_ACTION
10-31 16:30:55.737 11728 11783 I FeedRequestManagerImpl: Capability: VIEW_ACTION
10-31 16:30:55.737 11728 11783 I FeedRequestManagerImpl: Capability: REPORT_FEED_USER_ACTIONS_NOTICE_CARD
10-31 16:30:55.737 11728 11783 I FeedRequestManagerImpl: Capability: BASE_UI
10-31 16:30:55.757 11929 11929 W dboxed_process6: type=1400 audit(0.0:15002): avc: denied { getattr } for path="/data/data/com.android.chrome" dev="dm-2" ino=12190 scontext=u:r:isolated_app:s0:c512,c768 tcontext=u:object_r:app_data_file:s0:c512,c768 tclass=dir permissive=0
10-31 16:30:55.769 11728 11783 I FeedRequestManagerImpl: Making Request: /httpservice/noretry/DiscoverClankService/FeedQuery
10-31 16:30:55.769 11728 11783 I MainThreadRunner: Running task [NetworkClientWrapper send] on the Main Thread
10-31 16:30:55.769 11728 11783 I TaskQueue:  - Finished 27, time 84 ms
10-31 16:30:55.839 11894 11894 I cr_ChildProcessService: Creating new ChildProcessService pid=11894
10-31 16:30:55.851 11961 11961 W dboxed_process8: type=1400 audit(0.0:15003): avc: denied { getattr } for path="/data/data/com.android.chrome" dev="dm-2" ino=12190 scontext=u:r:isolated_app:s0:c512,c768 tcontext=u:object_r:app_data_file:s0:c512,c768 tclass=dir permissive=0
10-31 16:30:55.857 11946 11946 W dboxed_process7: type=1400 audit(0.0:15004): avc: denied { getattr } for path="/data/data/com.android.chrome" dev="dm-2" ino=12190 scontext=u:r:isolated_app:s0:c512,c768 tcontext=u:object_r:app_data_file:s0:c512,c768 tclass=dir permissive=0
10-31 16:30:55.872 11913 11913 I cr_ChildProcessService: Creating new ChildProcessService pid=11913
10-31 16:30:55.934 11929 11929 I cr_ChildProcessService: Creating new ChildProcessService pid=11929
10-31 16:30:55.966 11878 11980 I cr_LibraryLoader: Loaded native library version number "85.0.4183.127"
10-31 16:30:55.967 11878 11980 I cr_CachingUmaRecorder: Flushed 1 samples from 1 histograms.
10-31 16:30:55.968 11863 11982 I cr_LibraryLoader: Loaded native library version number "85.0.4183.127"
10-31 16:30:55.968 11863 11982 I cr_CachingUmaRecorder: Flushed 1 samples from 1 histograms.
10-31 16:30:55.998 11961 11961 I cr_ChildProcessService: Creating new ChildProcessService pid=11961
10-31 16:30:56.016 11869 11983 I cr_LibraryLoader: Loaded native library version number "85.0.4183.127"
10-31 16:30:56.016 11869 11983 I cr_CachingUmaRecorder: Flushed 1 samples from 1 histograms.
10-31 16:30:56.030 11728 11728 I cr_tabmodel: Appending tabs being restored to metadata lists, 0, startingNormalCount: 1, startingIncognitoCount: 0
10-31 16:30:56.030 11728 11728 I cr_tabmodel: Serializing tab lists; counts: 1, 0
10-31 16:30:56.070   600  3507 I ActivityManager: Start proc 11995:com.android.chrome:sandboxed_process9/u0i779 for service com.android.chrome/org.chromium.content.app.SandboxedProcessService9
10-31 16:30:56.108 11946 11946 I cr_ChildProcessService: Creating new ChildProcessService pid=11946
10-31 16:30:56.196 11869 11983 I chromium: [INFO:child_process_service.cc(69)] ChildProcessService: Exiting child process.
10-31 16:30:56.199   197   197 E lowmemorykiller: Error writing /proc/11869/oom_score_adj; errno=22
10-31 16:30:56.202   600  1080 I ActivityManager: Killing 11869:com.android.chrome:sandboxed_process2/u0a35i772 (adj 0): isolated not needed
10-31 16:30:56.202   600  1080 I ActivityManager: Killing 11878:com.android.chrome:sandboxed_process3/u0a35i773 (adj 0): isolated not needed
10-31 16:30:56.202   600  1080 I ActivityManager: Killing 11863:com.android.chrome:sandboxed_process1/u0a35i771 (adj 0): isolated not needed
10-31 16:30:56.228 11894 11984 I cr_LibraryLoader: Loaded native library version number "85.0.4183.127"
10-31 16:30:56.228 11894 11984 I cr_CachingUmaRecorder: Flushed 1 samples from 1 histograms.
10-31 16:30:56.240   600 24611 D ActivityManager: cleanUpApplicationRecord -- 11869
10-31 16:30:56.251 11728 11728 W chromium: [WARNING:compositor_view.cc(315)] Child process died (type=6) pid=11869)
10-31 16:30:56.303 11929 11986 I cr_LibraryLoader: Loaded native library version number "85.0.4183.127"
10-31 16:30:56.304 11929 11986 I cr_CachingUmaRecorder: Flushed 1 samples from 1 histograms.
10-31 16:30:56.309 11913 11985 I cr_LibraryLoader: Loaded native library version number "85.0.4183.127"
10-31 16:30:56.309 11728 11780 W cr_CrashFileManager: /data/user/0/com.android.chrome/cache/Crash Reports does not exist or is not a directory
10-31 16:30:56.309 11728 11780 W cr_CrashFileManager: /data/user/0/com.android.chrome/cache/Crash Reports does not exist or is not a directory
10-31 16:30:56.309 11728 11780 W cr_CrashFileManager: /data/user/0/com.android.chrome/cache/Crash Reports does not exist or is not a directory
10-31 16:30:56.320 11913 11985 I cr_CachingUmaRecorder: Flushed 1 samples from 1 histograms.
10-31 16:30:56.332 11728 11780 I cr_FileUtils: Writing to /data/user/0/com.android.chrome/app_dex/webapk7.dex
10-31 16:30:56.366 11961 11987 I cr_LibraryLoader: Loaded native library version number "85.0.4183.127"
10-31 16:30:56.366 11961 11987 I cr_CachingUmaRecorder: Flushed 1 samples from 1 histograms.
10-31 16:30:56.374 11995 11995 W dboxed_process9: type=1400 audit(0.0:15005): avc: denied { getattr } for path="/data/data/com.android.chrome" dev="dm-2" ino=12190 scontext=u:r:isolated_app:s0:c512,c768 tcontext=u:object_r:app_data_file:s0:c512,c768 tclass=dir permissive=0
10-31 16:30:56.389 11728 11761 I cr_BindingManager: Moderate binding enabled: maxSize=40
10-31 16:30:56.412 11946 12010 I cr_LibraryLoader: Loaded native library version number "85.0.4183.127"
10-31 16:30:56.420 11946 12010 I cr_CachingUmaRecorder: Flushed 1 samples from 1 histograms.
10-31 16:30:56.436 11894 11984 I chromium: [INFO:child_process_service.cc(69)] ChildProcessService: Exiting child process.
10-31 16:30:56.444   197   197 E lowmemorykiller: Error writing /proc/11894/oom_score_adj; errno=22
10-31 16:30:56.444   600   611 E JavaBinder: !!! FAILED BINDER TRANSACTION !!!  (parcel size = 76)
10-31 16:30:56.444   600   611 E JavaBinder: !!! FAILED BINDER TRANSACTION !!!  (parcel size = 572)
10-31 16:30:56.445   600   611 W ActivityManager: Exception when unbinding service com.android.chrome/org.chromium.content.app.SandboxedProcessService4
10-31 16:30:56.445   600   611 W ActivityManager: android.os.DeadObjectException: Transaction failed on small parcel; remote process probably died
10-31 16:30:56.445   600   611 W ActivityManager: 	at android.os.BinderProxy.transactNative(Native Method)
10-31 16:30:56.445   600   611 W ActivityManager: 	at android.os.BinderProxy.transact(Binder.java:615)
10-31 16:30:56.445   600   611 W ActivityManager: 	at android.app.ApplicationThreadProxy.scheduleUnbindService(ApplicationThreadNative.java:1016)
10-31 16:30:56.445   600   611 W ActivityManager: 	at com.android.server.am.ActiveServices.removeConnectionLocked(ActiveServices.java:2175)
10-31 16:30:56.445   600   611 W ActivityManager: 	at com.android.server.am.ActiveServices.unbindServiceLocked(ActiveServices.java:1163)
10-31 16:30:56.445   600   611 W ActivityManager: 	at com.android.server.am.ActivityManagerService.unbindService(ActivityManagerService.java:17309)
10-31 16:30:56.445   600   611 W ActivityManager: 	at android.app.ActivityManagerNative.onTransact(ActivityManagerNative.java:1145)
10-31 16:30:56.445   600   611 W ActivityManager: 	at com.android.server.am.ActivityManagerService.onTransact(ActivityManagerService.java:2795)
10-31 16:30:56.445   600   611 W ActivityManager: 	at android.os.Binder.execTransact(Binder.java:565)
10-31 16:30:56.445   600   611 E JavaBinder: !!! FAILED BINDER TRANSACTION !!!  (parcel size = 76)
10-31 16:30:56.445   197   197 E lowmemorykiller: Error writing /proc/11894/oom_score_adj; errno=22
10-31 16:30:56.445   600   611 E JavaBinder: !!! FAILED BINDER TRANSACTION !!!  (parcel size = 76)
10-31 16:30:56.453   600 29683 I ActivityManager: Process com.android.chrome:sandboxed_process4 (pid 11894) has died
10-31 16:30:56.454   600 29683 D ActivityManager: cleanUpApplicationRecord -- 11894
10-31 16:30:56.478 11728 11728 W chromium: [WARNING:compositor_view.cc(315)] Child process died (type=6) pid=11894)
10-31 16:30:56.526 11728 11761 I cr_BindingManager: onTrimMemory: level=15, size=0
10-31 16:30:56.658 11995 11995 I cr_ChildProcessService: Creating new ChildProcessService pid=11995
10-31 16:30:56.670   600   611 I ActivityManager: Killing 11961:com.android.chrome:sandboxed_process8/u0a35i778 (adj 0): isolated not needed
10-31 16:30:56.670   600   611 I ActivityManager: Killing 11946:com.android.chrome:sandboxed_process7/u0a35i777 (adj 0): isolated not needed
10-31 16:30:56.670   600   611 I ActivityManager: Killing 11929:com.android.chrome:sandboxed_process6/u0a35i776 (adj 0): isolated not needed
10-31 16:30:56.671   600   611 I ActivityManager: Killing 11913:com.android.chrome:sandboxed_process5/u0a35i775 (adj 0): isolated not needed
10-31 16:30:56.713 30636 31261 I Icing   : IndexChimeraService.getServiceInterface callingPackage=com.android.chrome componentName=null serviceId=36
10-31 16:30:56.807 30636 31112 I Icing   : IndexChimeraService.getServiceInterface callingPackage=com.android.chrome componentName=null serviceId=36
10-31 16:30:56.833 12021 12021 I dex2oat : /system/bin/dex2oat --dex-file=/data/user/0/com.android.chrome/app_dex/webapk7.dex --oat-fd=169 --oat-location=/data/user/0/com.android.chrome/app_dex/oat/arm/webapk7.dex --compiler-filter=speed
10-31 16:30:56.878 11995 12030 I cr_LibraryLoader: Loaded native library version number "85.0.4183.127"
10-31 16:30:56.883 11995 12030 I cr_CachingUmaRecorder: Flushed 1 samples from 1 histograms.
10-31 16:30:57.042 11995 11995 I cr_ChildProcessService: Destroying ChildProcessService pid=11995
10-31 16:30:57.098   600 13557 I ActivityManager: Start proc 12040:com.android.chrome:sandboxed_process10/u0i780 for service com.android.chrome/org.chromium.content.app.SandboxedProcessService10
10-31 16:30:57.141   600  3994 I ActivityManager: Start proc 12047:com.android.chrome:sandboxed_process11/u0i781 for service com.android.chrome/org.chromium.content.app.SandboxedProcessService11
10-31 16:30:57.171   600  1082 I ActivityManager: Start proc 12066:com.android.chrome:sandboxed_process12/u0i782 for service com.android.chrome/org.chromium.content.app.SandboxedProcessService12
10-31 16:30:57.172   600 25704 I ActivityManager: Killing 11995:com.android.chrome:sandboxed_process9/u0a35i779 (adj 0): isolated not needed
10-31 16:30:57.209   600 17381 I ActivityManager: Start proc 12072:com.android.chrome:sandboxed_process13/u0i783 for service com.android.chrome/org.chromium.content.app.SandboxedProcessService13
10-31 16:30:57.227 11861 11861 D AndroidRuntime: >>>>>> START com.android.internal.os.RuntimeInit uid 2000 <<<<<<
10-31 16:30:57.241 12040 12040 W boxed_process10: type=1400 audit(0.0:15006): avc: denied { getattr } for path="/data/data/com.android.chrome" dev="dm-2" ino=12190 scontext=u:r:isolated_app:s0:c512,c768 tcontext=u:object_r:app_data_file:s0:c512,c768 tclass=dir permissive=0
10-31 16:30:57.244 12047 12047 W boxed_process11: type=1400 audit(0.0:15007): avc: denied { getattr } for path="/data/data/com.android.chrome" dev="dm-2" ino=12190 scontext=u:r:isolated_app:s0:c512,c768 tcontext=u:object_r:app_data_file:s0:c512,c768 tclass=dir permissive=0
10-31 16:30:57.250   600  9614 I ActivityManager: Start proc 12086:com.android.chrome:sandboxed_process14/u0i784 for service com.android.chrome/org.chromium.content.app.SandboxedProcessService14
10-31 16:30:57.253 11861 11861 D AndroidRuntime: CheckJNI is OFF
10-31 16:30:57.298   600  6312 I ActivityManager: Start proc 12098:com.android.chrome:sandboxed_process15/u0i785 for service com.android.chrome/org.chromium.content.app.SandboxedProcessService15
10-31 16:30:57.323 11728 11781 W InstanceID: Instance ID SDK is deprecated, com.android.chrome should update to use Firebase Instance ID
10-31 16:30:57.347   600   611 I ActivityManager: Start proc 12113:com.android.chrome:sandboxed_process16/u0i786 for service com.android.chrome/org.chromium.content.app.SandboxedProcessService16
10-31 16:30:57.364 12066 12066 W boxed_process12: type=1400 audit(0.0:15008): avc: denied { getattr } for path="/data/data/com.android.chrome" dev="dm-2" ino=12190 scontext=u:r:isolated_app:s0:c512,c768 tcontext=u:object_r:app_data_file:s0:c512,c768 tclass=dir permissive=0
10-31 16:30:57.368 12047 12047 I cr_ChildProcessService: Creating new ChildProcessService pid=12047
10-31 16:30:57.374 12040 12040 I cr_ChildProcessService: Creating new ChildProcessService pid=12040
10-31 16:30:57.457 12072 12072 W boxed_process13: type=1400 audit(0.0:15009): avc: denied { getattr } for path="/data/data/com.android.chrome" dev="dm-2" ino=12190 scontext=u:r:isolated_app:s0:c512,c768 tcontext=u:object_r:app_data_file:s0:c512,c768 tclass=dir permissive=0
10-31 16:30:57.483 12066 12066 I cr_ChildProcessService: Creating new ChildProcessService pid=12066
10-31 16:30:57.501 12086 12086 W boxed_process14: type=1400 audit(0.0:15010): avc: denied { getattr } for path="/data/data/com.android.chrome" dev="dm-2" ino=12190 scontext=u:r:isolated_app:s0:c512,c768 tcontext=u:object_r:app_data_file:s0:c512,c768 tclass=dir permissive=0
10-31 16:30:57.537 12098 12098 W boxed_process15: type=1400 audit(0.0:15011): avc: denied { getattr } for path="/data/data/com.android.chrome" dev="dm-2" ino=12190 scontext=u:r:isolated_app:s0:c512,c768 tcontext=u:object_r:app_data_file:s0:c512,c768 tclass=dir permissive=0
10-31 16:30:57.541 12113 12113 W boxed_process16: type=1400 audit(0.0:15012): avc: denied { getattr } for path="/data/data/com.android.chrome" dev="dm-2" ino=12190 scontext=u:r:isolated_app:s0:c512,c768 tcontext=u:object_r:app_data_file:s0:c512,c768 tclass=dir permissive=0
10-31 16:30:57.558 12040 12120 I cr_LibraryLoader: Loaded native library version number "85.0.4183.127"
10-31 16:30:57.558 12040 12120 I cr_CachingUmaRecorder: Flushed 1 samples from 1 histograms.
10-31 16:30:57.597 12047 12118 I cr_LibraryLoader: Loaded native library version number "85.0.4183.127"
10-31 16:30:57.598 12047 12118 I cr_CachingUmaRecorder: Flushed 1 samples from 1 histograms.
10-31 16:30:57.600 12072 12072 I cr_ChildProcessService: Creating new ChildProcessService pid=12072
10-31 16:30:57.642 12113 12113 I cr_ChildProcessService: Creating new ChildProcessService pid=12113
10-31 16:30:57.651 12086 12086 I cr_ChildProcessService: Creating new ChildProcessService pid=12086
10-31 16:30:57.651 12098 12098 I cr_ChildProcessService: Creating new ChildProcessService pid=12098
10-31 16:30:57.694 12066 12135 I cr_LibraryLoader: Loaded native library version number "85.0.4183.127"
10-31 16:30:57.694 12066 12135 I cr_CachingUmaRecorder: Flushed 1 samples from 1 histograms.
10-31 16:30:57.704 12040 12120 I chromium: [INFO:child_process_service.cc(69)] ChildProcessService: Exiting child process.
10-31 16:30:57.729 12047 12118 I chromium: [INFO:child_process_service.cc(69)] ChildProcessService: Exiting child process.
10-31 16:30:57.785 12072 12136 I cr_LibraryLoader: Loaded native library version number "85.0.4183.127"
10-31 16:30:57.795 12072 12136 I cr_CachingUmaRecorder: Flushed 1 samples from 1 histograms.
10-31 16:30:57.803 12066 12135 I chromium: [INFO:child_process_service.cc(69)] ChildProcessService: Exiting child process.
10-31 16:30:57.844 12098 12142 I cr_LibraryLoader: Loaded native library version number "85.0.4183.127"
10-31 16:30:57.845 12098 12142 I cr_CachingUmaRecorder: Flushed 1 samples from 1 histograms.
10-31 16:30:57.874 12072 12136 I chromium: [INFO:child_process_service.cc(69)] ChildProcessService: Exiting child process.
10-31 16:30:57.889 12113 12140 I cr_LibraryLoader: Loaded native library version number "85.0.4183.127"
10-31 16:30:57.893 12113 12140 I cr_CachingUmaRecorder: Flushed 1 samples from 1 histograms.
10-31 16:30:57.908 12098 12142 I chromium: [INFO:child_process_service.cc(69)] ChildProcessService: Exiting child process.
10-31 16:30:57.909 12021 12021 I dex2oat : dex2oat took 1.085s (threads: 2) arena alloc=996KB (1019984B) java alloc=81KB (83240B) native alloc=559KB (573208B) free=2000KB (2048232B)
10-31 16:30:57.926 11861 11861 D ICU     : No timezone override file found: /data/misc/zoneinfo/current/icu/icu_tzdata.dat
10-31 16:30:57.974 12113 12140 I chromium: [INFO:child_process_service.cc(69)] ChildProcessService: Exiting child process.
10-31 16:30:58.016 11861 11861 I Radio-JNI: register_android_hardware_Radio DONE
10-31 16:30:58.038   600   707 I ActivityManager: Process com.android.chrome:sandboxed_process11 (pid 12047) has died
10-31 16:30:58.038   600   707 D ActivityManager: cleanUpApplicationRecord -- 12047
10-31 16:30:58.039   600   707 W ActivityManager: Scheduling restart of crashed service com.android.chrome/org.chromium.content.app.SandboxedProcessService11 in 1000ms
10-31 16:30:58.041 11728 11728 W chromium: [WARNING:compositor_view.cc(315)] Child process died (type=6) pid=12098)
10-31 16:30:58.042 11728 11728 W chromium: [WARNING:compositor_view.cc(315)] Child process died (type=6) pid=12047)
10-31 16:30:58.042 11728 11728 W chromium: [WARNING:compositor_view.cc(315)] Child process died (type=6) pid=12113)
10-31 16:30:58.042 11728 11728 W chromium: [WARNING:compositor_view.cc(315)] Child process died (type=6) pid=12040)
10-31 16:30:58.046 11728 11728 W chromium: [WARNING:compositor_view.cc(315)] Child process died (type=6) pid=12072)
10-31 16:30:58.046 11728 11728 W chromium: [WARNING:compositor_view.cc(315)] Child process died (type=6) pid=12066)
10-31 16:30:58.055   600 25704 I ActivityManager: Process com.android.chrome:sandboxed_process12 (pid 12066) has died
10-31 16:30:58.055   600 25704 D ActivityManager: cleanUpApplicationRecord -- 12066
10-31 16:30:58.055   600 25704 W ActivityManager: Scheduling restart of crashed service com.android.chrome/org.chromium.content.app.SandboxedProcessService12 in 10984ms
10-31 16:30:58.060   600   713 I ActivityManager: Process com.android.chrome:sandboxed_process13 (pid 12072) has died
10-31 16:30:58.060   600   713 D ActivityManager: cleanUpApplicationRecord -- 12072
10-31 16:30:58.060   600   713 W ActivityManager: Scheduling restart of crashed service com.android.chrome/org.chromium.content.app.SandboxedProcessService13 in 20978ms
10-31 16:30:58.065 11861 11861 D AndroidRuntime: Calling main entry com.android.commands.am.Am
10-31 16:30:58.070   600 13558 I ActivityManager: Process com.android.chrome:sandboxed_process10 (pid 12040) has died
10-31 16:30:58.070   600 13558 D ActivityManager: cleanUpApplicationRecord -- 12040
10-31 16:30:58.070   600 13558 W ActivityManager: Scheduling restart of crashed service com.android.chrome/org.chromium.content.app.SandboxedProcessService10 in 30968ms
10-31 16:30:58.076   600 27731 I ActivityManager: Process com.android.chrome:sandboxed_process16 (pid 12113) has died
10-31 16:30:58.076   600 27731 D ActivityManager: cleanUpApplicationRecord -- 12113
10-31 16:30:58.076   600 27731 W ActivityManager: Scheduling restart of crashed service com.android.chrome/org.chromium.content.app.SandboxedProcessService16 in 40963ms
10-31 16:30:58.078 11728 11728 W chromium: [WARNING:compositor_view.cc(315)] Child process died (type=6) pid=11946)
10-31 16:30:58.087   600  1080 I ActivityManager: Process com.android.chrome:sandboxed_process15 (pid 12098) has died
10-31 16:30:58.087   600  1080 D ActivityManager: cleanUpApplicationRecord -- 12098
10-31 16:30:58.087   600  1080 W ActivityManager: Scheduling restart of crashed service com.android.chrome/org.chromium.content.app.SandboxedProcessService15 in 50952ms
10-31 16:30:58.088   600 13557 D ActivityManager: cleanUpApplicationRecord -- 11946
10-31 16:30:58.088   600   611 D ActivityManager: cleanUpApplicationRecord -- 11961
10-31 16:30:58.096 11728 11728 W chromium: [WARNING:compositor_view.cc(315)] Child process died (type=6) pid=11961)
10-31 16:30:58.100   600  6312 I ActivityManager: START u0 {act=android.intent.action.VIEW dat=http://geeksforgeeks.org/... flg=0x10000000 cmp=com.android.chrome/com.google.android.apps.chrome.Main} from uid 2000 on display 0
10-31 16:30:58.105 11861 11861 D AndroidRuntime: Shutting down VM
10-31 16:30:58.140 11728 11728 E cr_IntentUtils: getInt failed on bundle null
10-31 16:30:58.164 30636 30762 W Icing   : No valid account for uploading user actions
10-31 16:30:58.202   600  1079 I ActivityManager: Start proc 12167:com.android.chrome:sandboxed_process17/u0i787 for service com.android.chrome/org.chromium.content.app.SandboxedProcessService17
10-31 16:30:58.208 12086 12141 I cr_LibraryLoader: Loaded native library version number "85.0.4183.127"
10-31 16:30:58.208 12086 12141 I cr_CachingUmaRecorder: Flushed 1 samples from 1 histograms.
10-31 16:30:58.222 11728 11728 W FeedModelProvider: sessionId is null, this should have been set during population
10-31 16:30:58.226 11728 11728 I cr_tabmodel: Appending tabs being restored to metadata lists, 0, startingNormalCount: 2, startingIncognitoCount: 0
10-31 16:30:58.226 11728 11728 I cr_tabmodel: Serializing tab lists; counts: 2, 0
10-31 16:30:58.277 11728 11728 I FeedRequestManagerImpl: Request: /httpservice/noretry/DiscoverClankService/FeedQuery completed with response code: 200
10-31 16:30:58.277 11728 11728 I TaskQueue:  - task [IMMEDIATE - d: true, b: 2]: 15
10-31 16:30:58.277 11728 11728 I TaskQueue:  - queueTask starting immediate task
10-31 16:30:58.277 11728 11780 I TaskQueue: Execute task [IMMEDIATE - d: true, b: 2]: 15
10-31 16:30:58.312   600 29683 I ActivityManager: Killing 12086:com.android.chrome:sandboxed_process14/u0a35i784 (adj 0): isolated not needed
10-31 16:30:58.340 30636 31261 I Icing   : IndexChimeraService.getServiceInterface callingPackage=com.google.android.gms componentName=null serviceId=30
10-31 16:30:58.393 11728 11780 I MainThreadRunner: Running task [FeedRequestManagerImpl consumer] on the Main Thread
10-31 16:30:58.395 11728 11728 I FeedProtocolAdapter: createModel, operations 33
10-31 16:30:58.403 11728 11728 I TimingUtils: Task Timing   6ms, thread ui | task : convertWireProtocol | mutations : 33
10-31 16:30:58.404 11728 11728 I TaskQueue:  - task [HEAD_RESET - d: true, b: 2]: 5
10-31 16:30:58.407 12167 12167 W boxed_process17: type=1400 audit(0.0:15013): avc: denied { getattr } for path="/data/data/com.android.chrome" dev="dm-2" ino=12190 scontext=u:r:isolated_app:s0:c512,c768 tcontext=u:object_r:app_data_file:s0:c512,c768 tclass=dir permissive=0
10-31 16:30:58.407 11728 11780 I TaskQueue:  - Finished 15, time 129 ms
10-31 16:30:58.407 11728 11780 I TaskQueue: Execute task [HEAD_RESET - d: true, b: 2]: 5
10-31 16:30:58.412 11728 11780 I TaskQueue:  - task [BACKGROUND - d: true, b: 2]: 23
10-31 16:30:58.413 11728 11780 W SessionCache: Persisted Sessions were not found
10-31 16:30:58.418 11728 11780 I PersistentFeedStore: commitSessionMutation - Success true, Update Session $HEAD, stream structures 32
10-31 16:30:58.423 11728 11780 I MainThreadRunner: Running task [SchedulerApiWrapper onReceiveNewContent] on the Main Thread
10-31 16:30:58.427 11728 11780 I MainThreadRunner: Running task [FeedKnownContentImpl onNewContentReceived] on the Main Thread
10-31 16:30:58.437 11728 11780 I SessionManagerMutation: Cleared Head, new creation time 10-31 16:30:58.413
10-31 16:30:58.437 11728 11780 I TimingUtils: Task Timing  29ms, thread background-1 | task : sessionMutation.commitTask:updateConsumer | mutations : 33 | userInitiated : false
10-31 16:30:58.437 11728 11780 I TaskQueue: Cancelling starvation checks
10-31 16:30:58.437 11728 11780 I TaskQueue:  - Finished 5, time 30 ms
10-31 16:30:58.437 11728 11780 I TaskQueue: Execute task [USER_FACING - d: false, b: 2]: 24
10-31 16:30:58.453 11728 11780 I TimeoutSessionImpl: TimeoutSession.populateModelProvider, shouldAppend false
10-31 16:30:58.453 11728 11780 I SessionImpl: PopulateModelProvider 32 items
