11-01 23:41:37.698 23394 23394 W chromium: [WARNING:compositor_view.cc(315)] Child process died (type=6) pid=23533)
11-01 23:41:37.700   600  5522 D ActivityManager: cleanUpApplicationRecord -- 23594
11-01 23:41:37.701   600 30165 D ActivityManager: cleanUpApplicationRecord -- 23533
11-01 23:41:37.717 23394 23448 I TaskQueue:  - task [BACKGROUND - d: true, b: 2]: 23
11-01 23:41:37.719 23394 23448 W SessionCache: Persisted Sessions were not found
11-01 23:41:37.731 23394 23448 I PersistentFeedStore: commitSessionMutation - Success true, Update Session $HEAD, stream structures 32
11-01 23:41:37.746 23394 23448 I MainThreadRunner: Running task [SchedulerApiWrapper onReceiveNewContent] on the Main Thread
11-01 23:41:37.746 23394 23448 I MainThreadRunner: Running task [FeedKnownContentImpl onNewContentReceived] on the Main Thread
11-01 23:41:37.747 23394 23448 I SessionManagerMutation: Cleared Head, new creation time 11-01 23:41:37.719
11-01 23:41:37.747 23394 23448 I TimingUtils: Task Timing  64ms, thread background-1 | task : sessionMutation.commitTask:updateConsumer | mutations : 33 | userInitiated : false
11-01 23:41:37.747 23394 23448 I TaskQueue: Cancelling starvation checks
11-01 23:41:37.747 23394 23448 I TaskQueue:  - Finished 5, time 65 ms
11-01 23:41:37.747 23394 23448 I TaskQueue: Execute task [USER_FACING - d: false, b: 2]: 24
11-01 23:41:37.767 23394 23448 I TimeoutSessionImpl: TimeoutSession.populateModelProvider, shouldAppend false
11-01 23:41:37.767 23394 23448 I SessionImpl: PopulateModelProvider 32 items
11-01 23:41:37.767 23394 23448 I FeedModelProvider: FeedModelProvider - committer, structure changes 31, update changes 0
11-01 23:41:37.768 23394 23448 I FeedModelProvider: SyntheticTokenTracker: 0, 11, 11, false
11-01 23:41:37.768 23394 23448 I FeedSessionManagerImpl: Caching getStreamFeatures - items 31, cache misses 0, cache size 31
11-01 23:41:37.768 23394 23448 I FeedModelProvider: Moving _session:3b7c3a22-b933-4b4b-9179-36903ad4c8b0 to READY
11-01 23:41:37.768 23394 23448 I MainThreadRunner: Running task [FeedModelProvider onSessionStart] on the Main Thread
11-01 23:41:37.769 23394 23448 I FeedModelProvider: ModelProvider Mutation committed - structure changes 31, childrenToBind 31, removedChildren false, Token false
11-01 23:41:37.774 23394 23394 I FeedModelProvider: No children found for Cursor
11-01 23:41:37.777 23394 23448 I FeedSessionManagerImpl: Populate new session: _session:3b7c3a22-b933-4b4b-9179-36903ad4c8b0, creation time 11-01 23:41:37.767
11-01 23:41:37.777 23394 23448 I TimingUtils: Task Timing  29ms, thread background-2 | task : Create/Populate New Session
11-01 23:41:37.778 23394 23448 I TaskQueue:  - Finished 24, time 31 ms
11-01 23:41:37.778 23394 23448 I TaskQueue: Execute task [BACKGROUND - d: false, b: 1]: 11
11-01 23:41:37.779 23394 23448 I ContentGc: Re-enqueuing triggerContentGc; attempts(0)
11-01 23:41:37.779 23394 23448 I TaskQueue:  - task [BACKGROUND - d: false, b: 1]: 11
11-01 23:41:37.779 23394 23448 I TaskQueue:  - Finished 11, time 1 ms
11-01 23:41:37.779 23394 23448 I TaskQueue: Execute task [BACKGROUND - d: false, b: 1]: 23
11-01 23:41:37.783   600   819 W ActivityManager: Unable to start service Intent { act=com.google.android.play.core.splitinstall.BIND_SPLIT_INSTALL_SERVICE pkg=com.android.vending } U=0: not found
11-01 23:41:37.808 23394 23404 I art     : Background partial concurrent mark sweep GC freed 25347(1291KB) AllocSpace objects, 23(2MB) LOS objects, 40% free, 13MB/22MB, paused 4.146ms total 373.411ms
11-01 23:41:37.818 23394 23632 I PlayCore: UID: [10035]  PID: [23394] SplitInstallService : Failed to bind to the service.
11-01 23:41:37.930 23394 23455 W chromium: [WARNING:spdy_session.cc(3090)] Received RST for invalid stream1
11-01 23:41:37.938 23394 23448 I TimingUtils: Task Timing 159ms, thread background-3 | task : commitContentMutation | mutations : 32
11-01 23:41:37.939 23394 23448 I TimingUtils: Task Timing   0ms, thread background-4 | task : commitSemanticPropertiesMutation | mutations : 0
11-01 23:41:37.939 23394 23448 I TaskQueue:  - Finished 23, time 159 ms
11-01 23:41:37.939 23394 23448 I TaskQueue: Execute task [BACKGROUND - d: false, b: 0]: 11
11-01 23:41:37.940 23394 23448 I SessionCache: Determining accessible content
11-01 23:41:37.942 23394 23448 I TimingUtils: Task Timing   2ms, thread background-5 | task : ContentGc | contentItemsRemoved : 0
11-01 23:41:37.942 23394 23448 I TaskQueue:  - Finished 11, time 3 ms
11-01 23:41:38.387  9419  9544 I native  : document-store.cc:1654 Scored 3012 usage reports, missing_corpora 1646 update_failed 1
11-01 23:41:38.467  9419  9544 W Icing   : No valid account for uploading user actions
11-01 23:41:38.491  9419  9925 I Icing   : IndexChimeraService.getServiceInterface callingPackage=com.google.android.gms componentName=null serviceId=30
11-01 23:41:38.556  9419  9544 I Icing   : Usage reports ok 2, Failed Usage reports 0, indexed 0, rejected 0
11-01 23:41:38.559  9419  9544 W Icing   : No valid account for uploading user actions
11-01 23:41:38.567  9419  9544 I Icing   : Usage reports ok 0, Failed Usage reports 0, indexed 0, rejected 0
11-01 23:41:38.568  9419  9544 I Icing   : Indexing com.android.chrome-omnibox from com.android.chrome
11-01 23:41:38.933  9419  9544 W Icing   : No valid account for uploading user actions
11-01 23:41:39.041  9419  9544 I Icing   : Usage reports ok 0, Failed Usage reports 0, indexed 0, rejected 0
11-01 23:41:39.062  9419  9544 I Icing   : Indexing done com.android.chrome-omnibox
11-01 23:41:39.852 23394 23451 I cr_omaha: Request to Server Successful. Timestamp for next request:1667346099852
11-01 23:41:39.909 23394 23451 I cr_omaha: Request to Server Successful. Timestamp for next request:1667346099908
11-01 23:41:39.909 23394 23451 I cr_omaha: Attempting to schedule next job for: Wed Nov 02 04:41:39 GMT+01:00 2022
11-01 23:41:39.912 23394 23394 I cr_omaha: Scheduled using JobService
11-01 23:41:39.913 23394 23394 E cr_BkgrdTaskJS: Tried finishing non-current BackgroundTask.
11-01 23:41:40.002   785   798 W Icing   : isOptedInForAppHistory: empty Account Name encountered
11-01 23:41:40.018   785   798 W Icing   : isOptedInForAppHistory: empty Account Name encountered
11-01 23:41:40.168   785 21053 W Icing   : isOptedInForAppHistory: empty Account Name encountered
11-01 23:41:41.303 23394 23394 E cr_BTSPrefs: No data found for task id: 53
11-01 23:41:41.303 23394 23394 E cr_BkgrdTaskScheduler: Task cannot be canceled because no data was found instorage or data was invalid
11-01 23:41:41.756 23394 23394 I cr_tabmodel: Appending tabs being restored to metadata lists, 0, startingNormalCount: 2, startingIncognitoCount: 0
11-01 23:41:41.756 23394 23394 I cr_tabmodel: Serializing tab lists; counts: 2, 0
11-01 23:41:41.889   785  1682 W Icing   : isOptedInForAppHistory: empty Account Name encountered
11-01 23:41:41.904   785  1682 W Icing   : isOptedInForAppHistory: empty Account Name encountered
11-01 23:41:41.919   785 23106 W Icing   : isOptedInForAppHistory: empty Account Name encountered
11-01 23:41:41.941  9419  9544 I Icing   : Indexing com.android.chrome-internal.3p:WebPage from com.android.chrome
11-01 23:41:41.942  9419  9544 E SQLiteLog: (1) no such table: WebPage_com.android.chrome_seq_table
11-01 23:41:41.943  9419  9544 E Icing   : Cursor call threw an exception: no such table: WebPage_com.android.chrome_seq_table (code 1): , while compiling: SELECT * FROM [WebPage_com.android.chrome_seq_table] WHERE seqno>0 AND tag IS NULL ORDER BY seqno LIMIT 20
11-01 23:41:41.943  9419  9544 I Icing   : Indexing done com.android.chrome-internal.3p:WebPage
11-01 23:41:41.943  9419  9544 E Icing   : Aborting indexing of corpus internal.3p:WebPage
11-01 23:41:41.944  9419  9544 I Icing   : Indexing com.android.chrome-internal.3p:WebPage from com.android.chrome using seqno 0
11-01 23:41:43.682 23394 23451 W InstanceID: Instance ID SDK is deprecated, com.android.chrome should update to use Firebase Instance ID
11-01 23:41:45.084 23394 23394 E cr_BTSPrefs: No data found for task id: 57
11-01 23:41:45.084 23394 23394 E cr_BkgrdTaskScheduler: Task cannot be canceled because no data was found instorage or data was invalid
11-01 23:41:45.084 23394 23394 E cr_BTSPrefs: No data found for task id: 56
11-01 23:41:45.084 23394 23394 E cr_BkgrdTaskScheduler: Task cannot be canceled because no data was found instorage or data was invalid
11-01 23:41:45.618   785   795 W SQLiteConnectionPool: A SQLiteConnection object for database '/data/user/0/com.google.android.gms/databases/metadata.db' was leaked!  Please fix your application to end transactions in progress properly and to close the database when it is no longer needed.
11-01 23:41:45.620   785  1233 W GmsStrictMode: LEAKED_CLOSABLE [CONTEXT service_id=256 ]
11-01 23:41:45.620   785  1233 W GmsStrictMode: rvo: LEAKED_CLOSABLE
11-01 23:41:45.620   785  1233 W GmsStrictMode: 	at dalvik.system.VMStack.getThreadStackTrace(Native Method)
11-01 23:41:45.620   785  1233 W GmsStrictMode: 	at java.lang.Thread.getStackTrace(Thread.java:1566)
11-01 23:41:45.620   785  1233 W GmsStrictMode: 	at bhdb.containsKey(:com.google.android.gms@203915020@20.39.15 (040406-335085812):1)
11-01 23:41:45.620   785  1233 W GmsStrictMode: 	at android.os.StrictMode.onVmPolicyViolation(StrictMode.java:1867)
11-01 23:41:45.620   785  1233 W GmsStrictMode: 	at android.os.StrictMode.onVmPolicyViolation(StrictMode.java:1844)
11-01 23:41:45.620   785  1233 W GmsStrictMode: 	at android.os.StrictMode$AndroidCloseGuardReporter.report(StrictMode.java:1590)
11-01 23:41:45.620   785  1233 W GmsStrictMode: 	at dalvik.system.CloseGuard.warnIfOpen(CloseGuard.java:208)
11-01 23:41:45.620   785  1233 W GmsStrictMode: 	at android.database.sqlite.SQLiteConnection.dispose(SQLiteConnection.java:231)
11-01 23:41:45.620   785  1233 W GmsStrictMode: 	at android.database.sqlite.SQLiteConnection.finalize(SQLiteConnection.java:180)
11-01 23:41:45.620   785  1233 W GmsStrictMode: 	at java.lang.Daemons$FinalizerDaemon.doFinalize(Daemons.java:222)
11-01 23:41:45.620   785  1233 W GmsStrictMode: 	at java.lang.Daemons$FinalizerDaemon.run(Daemons.java:209)
11-01 23:41:45.620   785  1233 W GmsStrictMode: 	at java.lang.Thread.run(Thread.java:761)
11-01 23:41:50.474 23896 23896 D AndroidRuntime: >>>>>> START com.android.internal.os.RuntimeInit uid 2000 <<<<<<
11-01 23:41:50.478 23896 23896 D AndroidRuntime: CheckJNI is OFF
11-01 23:41:50.562 23896 23896 D ICU     : No timezone override file found: /data/misc/zoneinfo/current/icu/icu_tzdata.dat
11-01 23:41:50.598 23896 23896 I Radio-JNI: register_android_hardware_Radio DONE
11-01 23:41:50.614 23896 23896 D AndroidRuntime: Calling main entry com.android.commands.monkey.Monkey
11-01 23:41:50.688   600   613 W BroadcastQueue: Skipping deliver [background] BroadcastRecord{2151980 u-1 android.net.conn.CONNECTIVITY_CHANGE} to ReceiverList{9c10bb9 23896 (unknown name)/2000/u-1 remote:9ebb6b2}: process crashing
11-01 23:41:52.223 23896 23896 D MonkeyStub: translateCommand: wake
11-01 23:41:52.364 23896 23896 D MonkeyStub: translateCommand: touch down 614 1561
11-01 23:41:52.386 23896 23896 D MonkeyStub: translateCommand: touch move 614 1561
11-01 23:41:52.507 23896 23896 D MonkeyStub: translateCommand: touch move 614 1436
11-01 23:41:52.617 23896 23896 D MonkeyStub: translateCommand: touch move 614 1311
11-01 23:41:52.727 23896 23896 D MonkeyStub: translateCommand: touch move 614 1186
11-01 23:41:52.838 23896 23896 D MonkeyStub: translateCommand: touch move 614 1061
11-01 23:41:52.947 23896 23896 D MonkeyStub: translateCommand: touch move 614 937
11-01 23:41:53.055 23896 23896 D MonkeyStub: translateCommand: touch move 614 812
11-01 23:41:53.165 23896 23896 D MonkeyStub: translateCommand: touch move 614 687
11-01 23:41:53.275 23896 23896 D MonkeyStub: translateCommand: touch move 614 562
11-01 23:41:53.386 23896 23896 D MonkeyStub: translateCommand: touch move 614 437
11-01 23:41:53.498 23896 23896 D MonkeyStub: translateCommand: touch move 614 312
11-01 23:41:53.504 23896 23896 D MonkeyStub: translateCommand: touch up 614 312
11-01 23:41:53.533 23896 23896 D MonkeyStub: translateCommand: touch down 614 1561
11-01 23:41:53.542 23896 23896 D MonkeyStub: translateCommand: touch move 614 1561
11-01 23:41:53.653 23896 23896 D MonkeyStub: translateCommand: touch move 614 1436
11-01 23:41:53.769 23896 23896 D MonkeyStub: translateCommand: touch move 614 1311
11-01 23:41:53.880 23896 23896 D MonkeyStub: translateCommand: touch move 614 1186
11-01 23:41:53.984 23896 23896 D MonkeyStub: translateCommand: touch move 614 1061
11-01 23:41:54.091 23896 23896 D MonkeyStub: translateCommand: touch move 614 937
11-01 23:41:54.200 23896 23896 D MonkeyStub: translateCommand: touch move 614 812
11-01 23:41:54.305 23896 23896 D MonkeyStub: translateCommand: touch move 614 687
11-01 23:41:54.412 23896 23896 D MonkeyStub: translateCommand: touch move 614 562
11-01 23:41:54.523 23896 23896 D MonkeyStub: translateCommand: touch move 614 437
11-01 23:41:54.628 23896 23896 D MonkeyStub: translateCommand: touch move 614 312
11-01 23:41:54.632 23896 23896 D MonkeyStub: translateCommand: touch up 614 312
11-01 23:41:58.723 23896 23896 D MonkeyStub: translateCommand: tap 139 85
11-01 23:41:58.926   600   613 I ProcessStatsService: Prepared write state in 4ms
11-01 23:41:59.108   785  1233 E AsyncOperation: serviceID=121, operation=GetLaunchDataOperation [CONTEXT service_id=259 ]
11-01 23:41:59.108   785  1233 E AsyncOperation: OperationException[Status{statusCode=Not an instant app, resolution=null}]
11-01 23:41:59.108   785  1233 E AsyncOperation: 	at aeay.a(:com.google.android.gms@203915020@20.39.15 (040406-335085812):20)
11-01 23:41:59.108   785  1233 E AsyncOperation: 	at aain.run(:com.google.android.gms@203915020@20.39.15 (040406-335085812):7)
11-01 23:41:59.108   785  1233 E AsyncOperation: 	at boex.run(:com.google.android.gms@203915020@20.39.15 (040406-335085812):2)
11-01 23:41:59.108   785  1233 E AsyncOperation: 	at sup.b(:com.google.android.gms@203915020@20.39.15 (040406-335085812):12)
11-01 23:41:59.108   785  1233 E AsyncOperation: 	at sup.run(:com.google.android.gms@203915020@20.39.15 (040406-335085812):7)
11-01 23:41:59.108   785  1233 E AsyncOperation: 	at java.util.concurrent.ThreadPoolExecutor.runWorker(ThreadPoolExecutor.java:1133)
11-01 23:41:59.108   785  1233 E AsyncOperation: 	at java.util.concurrent.ThreadPoolExecutor$Worker.run(ThreadPoolExecutor.java:607)
11-01 23:41:59.108   785  1233 E AsyncOperation: 	at tam.run(:com.google.android.gms@203915020@20.39.15 (040406-335085812):0)
11-01 23:41:59.108   785  1233 E AsyncOperation: 	at java.lang.Thread.run(Thread.java:761)
11-01 23:42:00.732   785  1300 W Icing   : isOptedInForAppHistory: empty Account Name encountered
11-01 23:42:00.751   785  1300 W Icing   : isOptedInForAppHistory: empty Account Name encountered
11-01 23:42:00.775   785 21053 W Icing   : isOptedInForAppHistory: empty Account Name encountered
11-01 23:42:05.013 23394 23394 I cr_tabmodel: Appending tabs being restored to metadata lists, 0, startingNormalCount: 2, startingIncognitoCount: 0
11-01 23:42:05.013 23394 23394 I cr_tabmodel: Serializing tab lists; counts: 2, 0
11-01 23:42:05.332   785  1300 W Icing   : isOptedInForAppHistory: empty Account Name encountered
11-01 23:42:05.377   785  1300 W Icing   : isOptedInForAppHistory: empty Account Name encountered
11-01 23:42:05.387   785 21053 W Icing   : isOptedInForAppHistory: empty Account Name encountered
11-01 23:42:06.755 23896 23896 D MonkeyStub: translateCommand: tap 993 1514
11-01 23:42:07.954  9419  9925 I Icing   : IndexChimeraService.getServiceInterface callingPackage=com.android.chrome componentName=null serviceId=36
11-01 23:42:07.979  9419  9544 W Icing   : No valid account for uploading user actions
11-01 23:42:08.021  9419  9925 I Icing   : IndexChimeraService.getServiceInterface callingPackage=com.google.android.gms componentName=null serviceId=30
11-01 23:42:08.178  9419  9544 I Icing   : Usage reports ok 4, Failed Usage reports 0, indexed 4, rejected 0
11-01 23:42:08.182  9419  9544 W Icing   : No valid account for uploading user actions
11-01 23:42:08.193  9419  9544 I Icing   : Usage reports ok 0, Failed Usage reports 0, indexed 0, rejected 0
11-01 23:42:08.194  9419  9544 I Icing   : Indexing com.android.chrome-internal.3p:WebPage from com.android.chrome using seqno 0
11-01 23:42:08.209  9419  9544 I Icing   : Indexing com.android.chrome-omnibox from com.android.chrome
11-01 23:42:08.233  9419 11306 I Icing   : Indexing done com.android.chrome-omnibox
11-01 23:42:09.235   785  1300 W Icing   : isOptedInForAppHistory: empty Account Name encountered
11-01 23:42:09.269   785 22853 W Icing   : isOptedInForAppHistory: empty Account Name encountered
11-01 23:42:10.807 23896 23896 D MonkeyStub: translateCommand: tap 1291 1873
11-01 23:42:13.055 23394 23394 I Choreographer: Skipped 87 frames!  The application may be doing too much work on its main thread.
11-01 23:42:13.058 23896 23896 D MonkeyStub: translateCommand: touch down 614 1561
11-01 23:42:13.069 23896 23896 D MonkeyStub: translateCommand: touch move 614 1561
11-01 23:42:13.178 23896 23896 D MonkeyStub: translateCommand: touch move 614 1436
11-01 23:42:13.290 23896 23896 D MonkeyStub: translateCommand: touch move 614 1311
11-01 23:42:13.403 23896 23896 D MonkeyStub: translateCommand: touch move 614 1186
11-01 23:42:13.513 23896 23896 D MonkeyStub: translateCommand: touch move 614 1061
11-01 23:42:13.645 23896 23896 D MonkeyStub: translateCommand: touch move 614 937
11-01 23:42:13.756 23896 23896 D MonkeyStub: translateCommand: touch move 614 812
11-01 23:42:13.866 23896 23896 D MonkeyStub: translateCommand: touch move 614 687
11-01 23:42:13.977 23896 23896 D MonkeyStub: translateCommand: touch move 614 562
11-01 23:42:14.085 23896 23896 D MonkeyStub: translateCommand: touch move 614 437
11-01 23:42:14.193 23896 23896 D MonkeyStub: translateCommand: touch move 614 312
11-01 23:42:14.197 23896 23896 D MonkeyStub: translateCommand: touch up 614 312
11-01 23:42:14.217 23896 23896 D MonkeyStub: translateCommand: touch down 614 1561
11-01 23:42:14.225 23896 23896 D MonkeyStub: translateCommand: touch move 614 1561
11-01 23:42:14.335 23896 23896 D MonkeyStub: translateCommand: touch move 614 1436
11-01 23:42:14.445 23896 23896 D MonkeyStub: translateCommand: touch move 614 1311
11-01 23:42:14.550 23896 23896 D MonkeyStub: translateCommand: touch move 614 1186
11-01 23:42:14.662 23896 23896 D MonkeyStub: translateCommand: touch move 614 1061
11-01 23:42:14.719   198   198 E SELinux : avc:  denied  { find } for service=netd pid=23949 uid=2000 scontext=u:r:shell:s0 tcontext=u:object_r:netd_service:s0 tclass=service_manager permissive=0
11-01 23:42:14.724   198   198 E SELinux : avc:  denied  { find } for service=android.service.gatekeeper.IGateKeeperService pid=23949 uid=2000 scontext=u:r:shell:s0 tcontext=u:object_r:gatekeeper_service:s0 tclass=service_manager permissive=0
11-01 23:42:14.767 23896 23896 D MonkeyStub: translateCommand: touch move 614 937
11-01 23:42:14.872 23896 23896 D MonkeyStub: translateCommand: touch move 614 812
11-01 23:42:14.978 23896 23896 D MonkeyStub: translateCommand: touch move 614 687
11-01 23:42:15.090 23896 23896 D MonkeyStub: translateCommand: touch move 614 562
11-01 23:42:15.200 23896 23896 D MonkeyStub: translateCommand: touch move 614 437
11-01 23:42:15.318 23896 23896 D MonkeyStub: translateCommand: touch move 614 312
11-01 23:42:15.349 23896 23896 D MonkeyStub: translateCommand: touch up 614 312
11-01 23:42:16.395   600 12440 I ActivityManager: Start proc 23952:com.android.chrome:sandboxed_process18/u0i339 for service com.android.chrome/org.chromium.content.app.SandboxedProcessService18
11-01 23:42:16.433 23952 23952 W boxed_process18: type=1400 audit(0.0:3909): avc: denied { getattr } for path="/data/data/com.android.chrome" dev="dm-2" ino=12190 scontext=u:r:isolated_app:s0:c512,c768 tcontext=u:object_r:app_data_file:s0:c512,c768 tclass=dir permissive=0
11-01 23:42:16.456 23952 23952 I cr_ChildProcessService: Creating new ChildProcessService pid=23952
11-01 23:42:16.507 23952 23965 I cr_LibraryLoader: Loaded native library version number "85.0.4183.127"
11-01 23:42:16.508 23952 23965 I cr_CachingUmaRecorder: Flushed 1 samples from 1 histograms.
11-01 23:42:16.520 23965 23965 W CrUtilityMain: type=1400 audit(0.0:3910): avc: denied { setattr } for name="LICENSE.txt" dev="dm-2" ino=15463 scontext=u:r:isolated_app:s0:c512,c768 tcontext=u:object_r:app_data_file:s0:c512,c768 tclass=file permissive=0
11-01 23:42:16.523 23965 23965 W CrUtilityMain: type=1400 audit(0.0:3911): avc: denied { setattr } for name=46696C746572696E672052756C6573 dev="dm-2" ino=5130 scontext=u:r:isolated_app:s0:c512,c768 tcontext=u:object_r:app_data_file:s0:c512,c768 tclass=file permissive=0
11-01 23:42:16.523 23965 23965 W CrUtilityMain: type=1400 audit(0.0:3912): avc: denied { setattr } for name="manifest.json" dev="dm-2" ino=1737 scontext=u:r:isolated_app:s0:c512,c768 tcontext=u:object_r:app_data_file:s0:c512,c768 tclass=file permissive=0
11-01 23:42:16.527 23965 23965 W CrUtilityMain: type=1400 audit(0.0:3913): avc: denied { setattr } for name="verified_contents.json" dev="dm-2" ino=22870 scontext=u:r:isolated_app:s0:c512,c768 tcontext=u:object_r:app_data_file:s0:c512,c768 tclass=file permissive=0
11-01 23:42:16.532 23952 23965 I chromium: [INFO:child_process_service.cc(69)] ChildProcessService: Exiting child process.
11-01 23:42:16.538   197   197 E lowmemorykiller: Error writing /proc/23952/oom_score_adj; errno=22
11-01 23:42:16.556   600  1483 I ActivityManager: Process com.android.chrome:sandboxed_process18 (pid 23952) has died
11-01 23:42:16.556   600  1483 D ActivityManager: cleanUpApplicationRecord -- 23952
11-01 23:42:16.559 23394 23394 W chromium: [WARNING:compositor_view.cc(315)] Child process died (type=6) pid=23952)
11-01 23:42:16.998   600   611 I ActivityManager: Start proc 23970:com.android.chrome:sandboxed_process19/u0i340 for service com.android.chrome/org.chromium.content.app.SandboxedProcessService19
11-01 23:42:17.027 23970 23970 W boxed_process19: type=1400 audit(0.0:3914): avc: denied { getattr } for path="/data/data/com.android.chrome" dev="dm-2" ino=12190 scontext=u:r:isolated_app:s0:c512,c768 tcontext=u:object_r:app_data_file:s0:c512,c768 tclass=dir permissive=0
11-01 23:42:17.053 23970 23970 I cr_ChildProcessService: Creating new ChildProcessService pid=23970
11-01 23:42:17.090 23970 23983 I cr_LibraryLoader: Loaded native library version number "85.0.4183.127"
11-01 23:42:17.091 23970 23983 I cr_CachingUmaRecorder: Flushed 1 samples from 1 histograms.
11-01 23:42:17.120 23983 23983 W CrUtilityMain: type=1400 audit(0.0:3915): avc: denied { setattr } for name="tl_en-us_2022-10-26_484799359_100000_index.bin" dev="dm-2" ino=23556 scontext=u:r:isolated_app:s0:c512,c768 tcontext=u:object_r:app_data_file:s0:c512,c768 tclass=file permissive=0
11-01 23:42:17.120 23983 23983 W CrUtilityMain: type=1400 audit(0.0:3916): avc: denied { setattr } for name="manifest.json" dev="dm-2" ino=23583 scontext=u:r:isolated_app:s0:c512,c768 tcontext=u:object_r:app_data_file:s0:c512,c768 tclass=file permissive=0
11-01 23:42:17.120 23983 23983 W CrUtilityMain: type=1400 audit(0.0:3917): avc: denied { setattr } for name="verified_contents.json" dev="dm-2" ino=23307 scontext=u:r:isolated_app:s0:c512,c768 tcontext=u:object_r:app_data_file:s0:c512,c768 tclass=file permissive=0
11-01 23:42:17.128 23970 23983 I chromium: [INFO:child_process_service.cc(69)] ChildProcessService: Exiting child process.
11-01 23:42:17.135   197   197 E lowmemorykiller: Error writing /proc/23970/oom_score_adj; errno=22
11-01 23:42:17.147 23394 23394 W chromium: [WARNING:compositor_view.cc(315)] Child process died (type=6) pid=23970)
11-01 23:42:17.147   600  1483 I ActivityManager: Process com.android.chrome:sandboxed_process19 (pid 23970) has died
11-01 23:42:17.147   600  1483 D ActivityManager: cleanUpApplicationRecord -- 23970
11-01 23:42:17.958   600  1664 I ActivityManager: Start proc 23987:com.android.chrome:sandboxed_process20/u0i341 for service com.android.chrome/org.chromium.content.app.SandboxedProcessService20
11-01 23:42:18.037 23987 23987 W boxed_process20: type=1400 audit(0.0:3918): avc: denied { getattr } for path="/data/data/com.android.chrome" dev="dm-2" ino=12190 scontext=u:r:isolated_app:s0:c512,c768 tcontext=u:object_r:app_data_file:s0:c512,c768 tclass=dir permissive=0
11-01 23:42:18.071 23987 23987 I cr_ChildProcessService: Creating new ChildProcessService pid=23987
11-01 23:42:18.134 23987 24000 I cr_LibraryLoader: Loaded native library version number "85.0.4183.127"
11-01 23:42:18.134 23987 24000 I cr_CachingUmaRecorder: Flushed 1 samples from 1 histograms.
11-01 23:42:18.138   600   609 I art     : Background partial concurrent mark sweep GC freed 103102(5MB) AllocSpace objects, 38(1644KB) LOS objects, 33% free, 15MB/23MB, paused 1.311ms total 141.999ms
11-01 23:42:18.153 24000 24000 W CrUtilityMain: type=1400 audit(0.0:3919): avc: denied { setattr } for name="optimization-hints.pb" dev="dm-2" ino=23632 scontext=u:r:isolated_app:s0:c512,c768 tcontext=u:object_r:app_data_file:s0:c512,c768 tclass=file permissive=0
11-01 23:42:18.157 24000 24000 W CrUtilityMain: type=1400 audit(0.0:3920): avc: denied { setattr } for name="manifest.json" dev="dm-2" ino=23431 scontext=u:r:isolated_app:s0:c512,c768 tcontext=u:object_r:app_data_file:s0:c512,c768 tclass=file permissive=0
11-01 23:42:18.157 24000 24000 W CrUtilityMain: type=1400 audit(0.0:3921): avc: denied { setattr } for name="verified_contents.json" dev="dm-2" ino=23417 scontext=u:r:isolated_app:s0:c512,c768 tcontext=u:object_r:app_data_file:s0:c512,c768 tclass=file permissive=0
11-01 23:42:18.169 23987 23987 I cr_ChildProcessService: Destroying ChildProcessService pid=23987
11-01 23:42:18.170 23987 24000 I chromium: [INFO:child_process_service.cc(69)] ChildProcessService: Exiting child process.
11-01 23:42:18.193   600   610 I ActivityManager: Process com.android.chrome:sandboxed_process20 (pid 23987) has died
11-01 23:42:18.193   600   610 D ActivityManager: cleanUpApplicationRecord -- 23987
11-01 23:42:18.194 23394 23394 W chromium: [WARNING:compositor_view.cc(315)] Child process died (type=6) pid=23987)
11-01 23:42:19.321   600  5522 I ActivityManager: Start proc 24006:com.android.chrome:sandboxed_process21/u0i342 for service com.android.chrome/org.chromium.content.app.SandboxedProcessService21
11-01 23:42:19.387 24006 24006 W boxed_process21: type=1400 audit(0.0:3922): avc: denied { getattr } for path="/data/data/com.android.chrome" dev="dm-2" ino=12190 scontext=u:r:isolated_app:s0:c512,c768 tcontext=u:object_r:app_data_file:s0:c512,c768 tclass=dir permissive=0
11-01 23:42:19.421 24006 24006 I cr_ChildProcessService: Creating new ChildProcessService pid=24006
11-01 23:42:19.474 24006 24019 I cr_LibraryLoader: Loaded native library version number "85.0.4183.127"
11-01 23:42:19.474 24006 24019 I cr_CachingUmaRecorder: Flushed 1 samples from 1 histograms.
11-01 23:42:19.483 24019 24019 W CrUtilityMain: type=1400 audit(0.0:3923): avc: denied { setattr } for name="crl-set" dev="dm-2" ino=24066 scontext=u:r:isolated_app:s0:c512,c768 tcontext=u:object_r:app_data_file:s0:c512,c768 tclass=file permissive=0
11-01 23:42:19.487 24019 24019 W CrUtilityMain: type=1400 audit(0.0:3924): avc: denied { setattr } for name="manifest.json" dev="dm-2" ino=23984 scontext=u:r:isolated_app:s0:c512,c768 tcontext=u:object_r:app_data_file:s0:c512,c768 tclass=file permissive=0
11-01 23:42:19.487 24019 24019 W CrUtilityMain: type=1400 audit(0.0:3925): avc: denied { setattr } for name="LICENSE" dev="dm-2" ino=23964 scontext=u:r:isolated_app:s0:c512,c768 tcontext=u:object_r:app_data_file:s0:c512,c768 tclass=file permissive=0
11-01 23:42:19.487 24019 24019 W CrUtilityMain: type=1400 audit(0.0:3926): avc: denied { setattr } for name="verified_contents.json" dev="dm-2" ino=24056 scontext=u:r:isolated_app:s0:c512,c768 tcontext=u:object_r:app_data_file:s0:c512,c768 tclass=file permissive=0
11-01 23:42:19.497 24006 24019 I chromium: [INFO:child_process_service.cc(69)] ChildProcessService: Exiting child process.
11-01 23:42:19.513   600   610 I ActivityManager: Process com.android.chrome:sandboxed_process21 (pid 24006) has died
11-01 23:42:19.513   600   610 D ActivityManager: cleanUpApplicationRecord -- 24006
11-01 23:42:19.514 23394 23394 W chromium: [WARNING:compositor_view.cc(315)] Child process died (type=6) pid=24006)
11-01 23:42:20.440 23896 23896 D MonkeyStub: translateCommand: touch down 614 312
11-01 23:42:20.463 23896 23896 D MonkeyStub: translateCommand: touch move 614 312
11-01 23:42:20.573 23896 23896 D MonkeyStub: translateCommand: touch move 614 437
11-01 23:42:20.684 23896 23896 D MonkeyStub: translateCommand: touch move 614 562
11-01 23:42:20.796 23896 23896 D MonkeyStub: translateCommand: touch move 614 687
11-01 23:42:20.873   600  1665 I ActivityManager: Start proc 24023:com.android.chrome:sandboxed_process22/u0i343 for service com.android.chrome/org.chromium.content.app.SandboxedProcessService22
11-01 23:42:20.905 23896 23896 D MonkeyStub: translateCommand: touch move 614 812
11-01 23:42:20.913 24023 24023 W boxed_process22: type=1400 audit(0.0:3927): avc: denied { getattr } for path="/data/data/com.android.chrome" dev="dm-2" ino=12190 scontext=u:r:isolated_app:s0:c512,c768 tcontext=u:object_r:app_data_file:s0:c512,c768 tclass=dir permissive=0
11-01 23:42:20.953 24023 24023 I cr_ChildProcessService: Creating new ChildProcessService pid=24023
11-01 23:42:21.015 23896 23896 D MonkeyStub: translateCommand: touch move 614 937
11-01 23:42:21.043 24023 24036 I cr_LibraryLoader: Loaded native library version number "85.0.4183.127"
11-01 23:42:21.043 24023 24036 I cr_CachingUmaRecorder: Flushed 1 samples from 1 histograms.
11-01 23:42:21.057 24036 24036 W CrUtilityMain: type=1400 audit(0.0:3928): avc: denied { setattr } for name="manifest.json" dev="dm-2" ino=24523 scontext=u:r:isolated_app:s0:c512,c768 tcontext=u:object_r:app_data_file:s0:c512,c768 tclass=file permissive=0
11-01 23:42:21.060 24036 24036 W CrUtilityMain: type=1400 audit(0.0:3929): avc: denied { setattr } for name="verified_contents.json" dev="dm-2" ino=24331 scontext=u:r:isolated_app:s0:c512,c768 tcontext=u:object_r:app_data_file:s0:c512,c768 tclass=file permissive=0
11-01 23:42:21.069 24023 24036 I chromium: [INFO:child_process_service.cc(69)] ChildProcessService: Exiting child process.
11-01 23:42:21.078   197   197 E lowmemorykiller: Error writing /proc/24023/oom_score_adj; errno=22
11-01 23:42:21.078   600   611 E JavaBinder: !!! FAILED BINDER TRANSACTION !!!  (parcel size = 76)
11-01 23:42:21.078   600   611 E JavaBinder: !!! FAILED BINDER TRANSACTION !!!  (parcel size = 576)
11-01 23:42:21.080 23394 23394 W chromium: [WARNING:compositor_view.cc(315)] Child process died (type=6) pid=24023)
11-01 23:42:21.081   600   611 W ActivityManager: Exception when unbinding service com.android.chrome/org.chromium.content.app.SandboxedProcessService22
11-01 23:42:21.081   600   611 W ActivityManager: android.os.DeadObjectException: Transaction failed on small parcel; remote process probably died
11-01 23:42:21.081   600   611 W ActivityManager: 	at android.os.BinderProxy.transactNative(Native Method)
11-01 23:42:21.081   600   611 W ActivityManager: 	at android.os.BinderProxy.transact(Binder.java:615)
11-01 23:42:21.081   600   611 W ActivityManager: 	at android.app.ApplicationThreadProxy.scheduleUnbindService(ApplicationThreadNative.java:1016)
11-01 23:42:21.081   600   611 W ActivityManager: 	at com.android.server.am.ActiveServices.removeConnectionLocked(ActiveServices.java:2175)
11-01 23:42:21.081   600   611 W ActivityManager: 	at com.android.server.am.ActiveServices.unbindServiceLocked(ActiveServices.java:1163)
11-01 23:42:21.081   600   611 W ActivityManager: 	at com.android.server.am.ActivityManagerService.unbindService(ActivityManagerService.java:17309)
11-01 23:42:21.081   600   611 W ActivityManager: 	at android.app.ActivityManagerNative.onTransact(ActivityManagerNative.java:1145)
11-01 23:42:21.081   600   611 W ActivityManager: 	at com.android.server.am.ActivityManagerService.onTransact(ActivityManagerService.java:2795)
11-01 23:42:21.081   600   611 W ActivityManager: 	at android.os.Binder.execTransact(Binder.java:565)
11-01 23:42:21.081   197   197 E lowmemorykiller: Error writing /proc/24023/oom_score_adj; errno=22
11-01 23:42:21.083   600  8040 I ActivityManager: Process com.android.chrome:sandboxed_process22 (pid 24023) has died
11-01 23:42:21.083   600  8040 D ActivityManager: cleanUpApplicationRecord -- 24023
11-01 23:42:21.089 23394 23428 I cr_BindingManager: onTrimMemory: level=10, size=1
11-01 23:42:21.089 23394 23428 I cr_BindingManager: Reduce connections from 1 to 0
11-01 23:42:21.119 23896 23896 D MonkeyStub: translateCommand: touch move 614 1061
11-01 23:42:21.232 23896 23896 D MonkeyStub: translateCommand: touch move 614 1186
11-01 23:42:21.340 23896 23896 D MonkeyStub: translateCommand: touch move 614 1311
11-01 23:42:21.451 23896 23896 D MonkeyStub: translateCommand: touch move 614 1436
11-01 23:42:21.558 23896 23896 D MonkeyStub: translateCommand: touch move 614 1561
11-01 23:42:21.564 23896 23896 D MonkeyStub: translateCommand: touch up 614 1561
11-01 23:42:22.740   600  8931 I ActivityManager: Start proc 24042:com.android.chrome:sandboxed_process23/u0i344 for service com.android.chrome/org.chromium.content.app.SandboxedProcessService23
11-01 23:42:22.813 24042 24042 W boxed_process23: type=1400 audit(0.0:3930): avc: denied { getattr } for path="/data/data/com.android.chrome" dev="dm-2" ino=12190 scontext=u:r:isolated_app:s0:c512,c768 tcontext=u:object_r:app_data_file:s0:c512,c768 tclass=dir permissive=0
11-01 23:42:22.850 24042 24042 I cr_ChildProcessService: Creating new ChildProcessService pid=24042
11-01 23:42:22.912 24042 24055 I cr_LibraryLoader: Loaded native library version number "85.0.4183.127"
11-01 23:42:22.913 24042 24055 I cr_CachingUmaRecorder: Flushed 1 samples from 1 histograms.
11-01 23:42:22.933 24055 24055 W CrUtilityMain: type=1400 audit(0.0:3931): avc: denied { setattr } for name="download_file_types.pb" dev="dm-2" ino=24503 scontext=u:r:isolated_app:s0:c512,c768 tcontext=u:object_r:app_data_file:s0:c512,c768 tclass=file permissive=0
11-01 23:42:22.937 24055 24055 W CrUtilityMain: type=1400 audit(0.0:3932): avc: denied { setattr } for name="manifest.json" dev="dm-2" ino=24472 scontext=u:r:isolated_app:s0:c512,c768 tcontext=u:object_r:app_data_file:s0:c512,c768 tclass=file permissive=0
11-01 23:42:22.937 24055 24055 W CrUtilityMain: type=1400 audit(0.0:3933): avc: denied { setattr } for name="verified_contents.json" dev="dm-2" ino=24322 scontext=u:r:isolated_app:s0:c512,c768 tcontext=u:object_r:app_data_file:s0:c512,c768 tclass=file permissive=0
11-01 23:42:22.954 24042 24055 I chromium: [INFO:child_process_service.cc(69)] ChildProcessService: Exiting child process.
11-01 23:42:22.956   197   197 E lowmemorykiller: Error writing /proc/24042/oom_score_adj; errno=22
11-01 23:42:22.980   600  8040 I ActivityManager: Process com.android.chrome:sandboxed_process23 (pid 24042) has died
11-01 23:42:22.980   600  8040 D ActivityManager: cleanUpApplicationRecord -- 24042
11-01 23:42:22.986 23394 23394 W chromium: [WARNING:compositor_view.cc(315)] Child process died (type=6) pid=24042)
11-01 23:42:23.710 23896 23896 D MonkeyStub: translateCommand: tap 758 273
11-01 23:42:23.857   785  1233 E AsyncOperation: serviceID=121, operation=GetLaunchDataOperation [CONTEXT service_id=259 ]
11-01 23:42:23.857   785  1233 E AsyncOperation: OperationException[Status{statusCode=Not an instant app, resolution=null}]
11-01 23:42:23.857   785  1233 E AsyncOperation: 	at aeay.a(:com.google.android.gms@203915020@20.39.15 (040406-335085812):20)
11-01 23:42:23.857   785  1233 E AsyncOperation: 	at aain.run(:com.google.android.gms@203915020@20.39.15 (040406-335085812):7)
11-01 23:42:23.857   785  1233 E AsyncOperation: 	at boex.run(:com.google.android.gms@203915020@20.39.15 (040406-335085812):2)
11-01 23:42:23.857   785  1233 E AsyncOperation: 	at sup.b(:com.google.android.gms@203915020@20.39.15 (040406-335085812):12)
11-01 23:42:23.857   785  1233 E AsyncOperation: 	at sup.run(:com.google.android.gms@203915020@20.39.15 (040406-335085812):7)
11-01 23:42:23.857   785  1233 E AsyncOperation: 	at java.util.concurrent.ThreadPoolExecutor.runWorker(ThreadPoolExecutor.java:1133)
11-01 23:42:23.857   785  1233 E AsyncOperation: 	at java.util.concurrent.ThreadPoolExecutor$Worker.run(ThreadPoolExecutor.java:607)
11-01 23:42:23.857   785  1233 E AsyncOperation: 	at tam.run(:com.google.android.gms@203915020@20.39.15 (040406-335085812):0)
11-01 23:42:23.857   785  1233 E AsyncOperation: 	at java.lang.Thread.run(Thread.java:761)
11-01 23:42:24.892   600  5522 I ActivityManager: Start proc 24062:com.android.chrome:sandboxed_process24/u0i345 for service com.android.chrome/org.chromium.content.app.SandboxedProcessService24
11-01 23:42:24.970 24062 24062 W boxed_process24: type=1400 audit(0.0:3934): avc: denied { getattr } for path="/data/data/com.android.chrome" dev="dm-2" ino=12190 scontext=u:r:isolated_app:s0:c512,c768 tcontext=u:object_r:app_data_file:s0:c512,c768 tclass=dir permissive=0
11-01 23:42:25.026 24062 24062 I cr_ChildProcessService: Creating new ChildProcessService pid=24062
11-01 23:42:25.079 24062 24075 I cr_LibraryLoader: Loaded native library version number "85.0.4183.127"
11-01 23:42:25.080 24062 24075 I cr_CachingUmaRecorder: Flushed 1 samples from 1 histograms.
11-01 23:42:25.100 24075 24075 W CrUtilityMain: type=1400 audit(0.0:3935): avc: denied { setattr } for name="ssl_error_assistant.pb" dev="dm-2" ino=24209 scontext=u:r:isolated_app:s0:c512,c768 tcontext=u:object_r:app_data_file:s0:c512,c768 tclass=file permissive=0
11-01 23:42:25.100 24075 24075 W CrUtilityMain: type=1400 audit(0.0:3936): avc: denied { setattr } for name="manifest.json" dev="dm-2" ino=24351 scontext=u:r:isolated_app:s0:c512,c768 tcontext=u:object_r:app_data_file:s0:c512,c768 tclass=file permissive=0
11-01 23:42:25.103 24075 24075 W CrUtilityMain: type=1400 audit(0.0:3937): avc: denied { setattr } for name="verified_contents.json" dev="dm-2" ino=24165 scontext=u:r:isolated_app:s0:c512,c768 tcontext=u:object_r:app_data_file:s0:c512,c768 tclass=file permissive=0
11-01 23:42:25.114 24062 24062 I cr_ChildProcessService: Destroying ChildProcessService pid=24062
11-01 23:42:25.115 24062 24075 I chromium: [INFO:child_process_service.cc(69)] ChildProcessService: Exiting child process.
11-01 23:42:25.136   600  1666 I ActivityManager: Process com.android.chrome:sandboxed_process24 (pid 24062) has died
11-01 23:42:25.136   600  1666 D ActivityManager: cleanUpApplicationRecord -- 24062
11-01 23:42:25.137 23394 23394 W chromium: [WARNING:compositor_view.cc(315)] Child process died (type=6) pid=24062)
11-01 23:42:25.294   785  1744 W Icing   : isOptedInForAppHistory: empty Account Name encountered
11-01 23:42:25.307   785  1744 W Icing   : isOptedInForAppHistory: empty Account Name encountered
11-01 23:42:25.320   785 21053 W Icing   : isOptedInForAppHistory: empty Account Name encountered
11-01 23:42:25.748 23896 23896 D MonkeyStub: translateCommand: tap 355 362
11-01 23:42:26.008   785  1233 E AsyncOperation: serviceID=121, operation=GetLaunchDataOperation [CONTEXT service_id=259 ]
11-01 23:42:26.008   785  1233 E AsyncOperation: OperationException[Status{statusCode=Not an instant app, resolution=null}]
11-01 23:42:26.008   785  1233 E AsyncOperation: 	at aeay.a(:com.google.android.gms@203915020@20.39.15 (040406-335085812):20)
11-01 23:42:26.008   785  1233 E AsyncOperation: 	at aain.run(:com.google.android.gms@203915020@20.39.15 (040406-335085812):7)
11-01 23:42:26.008   785  1233 E AsyncOperation: 	at boex.run(:com.google.android.gms@203915020@20.39.15 (040406-335085812):2)
11-01 23:42:26.008   785  1233 E AsyncOperation: 	at sup.b(:com.google.android.gms@203915020@20.39.15 (040406-335085812):12)
11-01 23:42:26.008   785  1233 E AsyncOperation: 	at sup.run(:com.google.android.gms@203915020@20.39.15 (040406-335085812):7)
11-01 23:42:26.008   785  1233 E AsyncOperation: 	at java.util.concurrent.ThreadPoolExecutor.runWorker(ThreadPoolExecutor.java:1133)
11-01 23:42:26.008   785  1233 E AsyncOperation: 	at java.util.concurrent.ThreadPoolExecutor$Worker.run(ThreadPoolExecutor.java:607)
11-01 23:42:26.008   785  1233 E AsyncOperation: 	at tam.run(:com.google.android.gms@203915020@20.39.15 (040406-335085812):0)
11-01 23:42:26.008   785  1233 E AsyncOperation: 	at java.lang.Thread.run(Thread.java:761)
11-01 23:42:27.343   600   819 I ActivityManager: Start proc 24081:com.android.chrome:sandboxed_process25/u0i346 for service com.android.chrome/org.chromium.content.app.SandboxedProcessService25
11-01 23:42:27.380 24081 24081 W boxed_process25: type=1400 audit(0.0:3938): avc: denied { getattr } for path="/data/data/com.android.chrome" dev="dm-2" ino=12190 scontext=u:r:isolated_app:s0:c512,c768 tcontext=u:object_r:app_data_file:s0:c512,c768 tclass=dir permissive=0
11-01 23:42:27.409 24081 24081 I cr_ChildProcessService: Creating new ChildProcessService pid=24081
11-01 23:42:27.463 24081 24094 I cr_LibraryLoader: Loaded native library version number "85.0.4183.127"
11-01 23:42:27.463 24081 24094 I cr_CachingUmaRecorder: Flushed 1 samples from 1 histograms.
11-01 23:42:27.490 24094 24094 W CrUtilityMain: type=1400 audit(0.0:3939): avc: denied { setattr } for name="safety_tips.pb" dev="dm-2" ino=24252 scontext=u:r:isolated_app:s0:c512,c768 tcontext=u:object_r:app_data_file:s0:c512,c768 tclass=file permissive=0
11-01 23:42:27.490 24094 24094 W CrUtilityMain: type=1400 audit(0.0:3940): avc: denied { setattr } for name="manifest.json" dev="dm-2" ino=24970 scontext=u:r:isolated_app:s0:c512,c768 tcontext=u:object_r:app_data_file:s0:c512,c768 tclass=file permissive=0
11-01 23:42:27.493 24094 24094 W CrUtilityMain: type=1400 audit(0.0:3941): avc: denied { setattr } for name="verified_contents.json" dev="dm-2" ino=24819 scontext=u:r:isolated_app:s0:c512,c768 tcontext=u:object_r:app_data_file:s0:c512,c768 tclass=file permissive=0
11-01 23:42:27.517 24081 24094 I chromium: [INFO:child_process_service.cc(69)] ChildProcessService: Exiting child process.
11-01 23:42:27.518   197   197 E lowmemorykiller: Error writing /proc/24081/oom_score_adj; errno=22
11-01 23:42:27.550   600  1484 I ActivityManager: Process com.android.chrome:sandboxed_process25 (pid 24081) has died
11-01 23:42:27.550   600  1484 D ActivityManager: cleanUpApplicationRecord -- 24081
11-01 23:42:27.552 23394 23394 W chromium: [WARNING:compositor_view.cc(315)] Child process died (type=6) pid=24081)
11-01 23:42:27.846  8521  8521 E BgTasksJobSvc: Asked to start non-existing job android.app.job.JobParameters@bd35872
11-01 23:42:28.117   785 21053 I NetworkScheduler.Stats: Task com.google.android.gms/com.google.android.gms.icing.service.IcingGcmTaskService started execution. cause:4 exec_start_elapsed_seconds: 51729 [CONTEXT service_id=218 ]
11-01 23:42:28.137   785 22853 I NetworkScheduler.Stats: Task com.google.android.gms/com.google.android.gms.icing.service.IcingGcmTaskService finished executing. cause:4 result: 1 elapsed_millis: 51 uptime_millis: 50 exec_start_elapsed_seconds: 51729 [CONTEXT service_id=218 ]
11-01 23:42:28.172   785  1586 W Icing   : isOptedInForAppHistory: empty Account Name encountered
11-01 23:42:28.189   785  1586 W Icing   : isOptedInForAppHistory: empty Account Name encountered
11-01 23:42:28.200   785 22853 W Icing   : isOptedInForAppHistory: empty Account Name encountered
11-01 23:42:29.971   600  5522 I ActivityManager: Start proc 24098:com.android.chrome:sandboxed_process26/u0i347 for service com.android.chrome/org.chromium.content.app.SandboxedProcessService26
11-01 23:42:30.007 24098 24098 W boxed_process26: type=1400 audit(0.0:3942): avc: denied { getattr } for path="/data/data/com.android.chrome" dev="dm-2" ino=12190 scontext=u:r:isolated_app:s0:c512,c768 tcontext=u:object_r:app_data_file:s0:c512,c768 tclass=dir permissive=0
11-01 23:42:30.040 24098 24098 I cr_ChildProcessService: Creating new ChildProcessService pid=24098
11-01 23:42:30.109 24098 24111 I cr_LibraryLoader: Loaded native library version number "85.0.4183.127"
11-01 23:42:30.110 24098 24111 I cr_CachingUmaRecorder: Flushed 1 samples from 1 histograms.
11-01 23:42:30.150 24111 24111 W CrUtilityMain: type=1400 audit(0.0:3943): avc: denied { setattr } for name=5072656C6F61642044617461 dev="dm-2" ino=25529 scontext=u:r:isolated_app:s0:c512,c768 tcontext=u:object_r:app_data_file:s0:c512,c768 tclass=file permissive=0
11-01 23:42:30.153 24111 24111 W CrUtilityMain: type=1400 audit(0.0:3944): avc: denied { setattr } for name="manifest.json" dev="dm-2" ino=26564 scontext=u:r:isolated_app:s0:c512,c768 tcontext=u:object_r:app_data_file:s0:c512,c768 tclass=file permissive=0
11-01 23:42:30.157 24111 24111 W CrUtilityMain: type=1400 audit(0.0:3945): avc: denied { setattr } for name="verified_contents.json" dev="dm-2" ino=26674 scontext=u:r:isolated_app:s0:c512,c768 tcontext=u:object_r:app_data_file:s0:c512,c768 tclass=file permissive=0
11-01 23:42:30.180 24098 24111 I chromium: [INFO:child_process_service.cc(69)] ChildProcessService: Exiting child process.
11-01 23:42:30.230   600 28743 I ActivityManager: Process com.android.chrome:sandboxed_process26 (pid 24098) has died
11-01 23:42:30.230   600 28743 D ActivityManager: cleanUpApplicationRecord -- 24098
11-01 23:42:30.254 23394 23394 W chromium: [WARNING:compositor_view.cc(315)] Child process died (type=6) pid=24098)
11-01 23:42:30.390 23394 23394 I cr_tabmodel: Appending tabs being restored to metadata lists, 0, startingNormalCount: 2, startingIncognitoCount: 0
11-01 23:42:30.390 23394 23394 I cr_tabmodel: Serializing tab lists; counts: 2, 0
11-01 23:42:30.437   785  1300 W Icing   : isOptedInForAppHistory: empty Account Name encountered
11-01 23:42:30.447   785  1300 W Icing   : isOptedInForAppHistory: empty Account Name encountered
11-01 23:42:30.477   785 21053 W Icing   : isOptedInForAppHistory: empty Account Name encountered
11-01 23:42:32.887   600  5522 I ActivityManager: Start proc 24115:com.android.chrome:sandboxed_process27/u0i348 for service com.android.chrome/org.chromium.content.app.SandboxedProcessService27
11-01 23:42:32.937 24115 24115 W boxed_process27: type=1400 audit(0.0:3946): avc: denied { getattr } for path="/data/data/com.android.chrome" dev="dm-2" ino=12190 scontext=u:r:isolated_app:s0:c512,c768 tcontext=u:object_r:app_data_file:s0:c512,c768 tclass=dir permissive=0
11-01 23:42:32.961 24115 24115 I cr_ChildProcessService: Creating new ChildProcessService pid=24115
11-01 23:42:33.010 24115 24128 I cr_LibraryLoader: Loaded native library version number "85.0.4183.127"
11-01 23:42:33.011 24115 24128 I cr_CachingUmaRecorder: Flushed 1 samples from 1 histograms.
11-01 23:42:33.023 24128 24128 W CrUtilityMain: type=1400 audit(0.0:3947): avc: denied { setattr } for name="tls_deprecation_config.pb" dev="dm-2" ino=27767 scontext=u:r:isolated_app:s0:c512,c768 tcontext=u:object_r:app_data_file:s0:c512,c768 tclass=file permissive=0
11-01 23:42:33.023 24128 24128 W CrUtilityMain: type=1400 audit(0.0:3948): avc: denied { setattr } for name="manifest.json" dev="dm-2" ino=27987 scontext=u:r:isolated_app:s0:c512,c768 tcontext=u:object_r:app_data_file:s0:c512,c768 tclass=file permissive=0
11-01 23:42:33.027 24128 24128 W CrUtilityMain: type=1400 audit(0.0:3949): avc: denied { setattr } for name="verified_contents.json" dev="dm-2" ino=28126 scontext=u:r:isolated_app:s0:c512,c768 tcontext=u:object_r:app_data_file:s0:c512,c768 tclass=file permissive=0
11-01 23:42:33.035 24115 24128 I chromium: [INFO:child_process_service.cc(69)] ChildProcessService: Exiting child process.
11-01 23:42:33.036   197   197 E lowmemorykiller: Error writing /proc/24115/oom_score_adj; errno=22
11-01 23:42:33.059   600   610 I ActivityManager: Process com.android.chrome:sandboxed_process27 (pid 24115) has died
11-01 23:42:33.059   600   610 D ActivityManager: cleanUpApplicationRecord -- 24115
11-01 23:42:33.062 23394 23394 W chromium: [WARNING:compositor_view.cc(315)] Child process died (type=6) pid=24115)
11-01 23:42:33.953 23896 23896 D MonkeyStub: translateCommand: touch down 614 1561
11-01 23:42:33.971 23896 23896 D MonkeyStub: translateCommand: touch move 614 1561
11-01 23:42:34.083 23896 23896 D MonkeyStub: translateCommand: touch move 614 1436
11-01 23:42:34.199 23896 23896 D MonkeyStub: translateCommand: touch move 614 1311
11-01 23:42:34.311 23896 23896 D MonkeyStub: translateCommand: touch move 614 1186
11-01 23:42:34.416 23896 23896 D MonkeyStub: translateCommand: touch move 614 1061
11-01 23:42:34.530 23896 23896 D MonkeyStub: translateCommand: touch move 614 937
11-01 23:42:34.643 23896 23896 D MonkeyStub: translateCommand: touch move 614 812
11-01 23:42:34.753 23896 23896 D MonkeyStub: translateCommand: touch move 614 687
11-01 23:42:34.865 23896 23896 D MonkeyStub: translateCommand: touch move 614 562
11-01 23:42:34.977 23896 23896 D MonkeyStub: translateCommand: touch move 614 437
11-01 23:42:35.086 23896 23896 D MonkeyStub: translateCommand: touch move 614 312
11-01 23:42:35.101 23896 23896 D MonkeyStub: translateCommand: touch up 614 312
11-01 23:42:35.139 23896 23896 D MonkeyStub: translateCommand: touch down 614 1561
11-01 23:42:35.145 23896 23896 D MonkeyStub: translateCommand: touch move 614 1561
11-01 23:42:35.253 23896 23896 D MonkeyStub: translateCommand: touch move 614 1436
11-01 23:42:35.363 23896 23896 D MonkeyStub: translateCommand: touch move 614 1311
11-01 23:42:35.475 23896 23896 D MonkeyStub: translateCommand: touch move 614 1186
11-01 23:42:35.587 23896 23896 D MonkeyStub: translateCommand: touch move 614 1061
