--------- beginning of main
10-30 21:56:56.986  1512  1512 D AndroidRuntime: >>>>>> START com.android.internal.os.RuntimeInit uid 2000 <<<<<<
10-30 21:56:56.990  1512  1512 D AndroidRuntime: CheckJNI is OFF
10-30 21:56:57.052  1512  1512 D ICU     : No timezone override file found: /data/misc/zoneinfo/current/icu/icu_tzdata.dat
10-30 21:56:57.084  1512  1512 I Radio-JNI: register_android_hardware_Radio DONE
10-30 21:56:57.099  1512  1512 D AndroidRuntime: Calling main entry com.android.commands.am.Am
--------- beginning of system
10-30 21:56:57.116   600  3675 I ActivityManager: Force stopping com.android.chrome appid=10035 user=0: from pid 1512
10-30 21:56:57.116   600  3675 I ActivityManager: Killing 1477:com.android.chrome/u0a35 (adj 904): stop com.android.chrome
10-30 21:56:57.116   600  3675 D ActivityManager: cleanUpApplicationRecord -- 1477
10-30 21:56:57.127  1061  1061 D RegisteredNfcFServicesCache: Service unchanged, not updating
10-30 21:56:57.374   600  3507 I ActivityManager: START u0 {act=android.intent.action.VIEW flg=0x10008000 cmp=com.android.chrome/com.google.android.apps.chrome.Main} from uid 2000 on display 0
10-30 21:56:57.400  1512  1512 D AndroidRuntime: Shutting down VM
10-30 21:56:57.426   600  1081 I ActivityManager: Start proc 1522:com.android.chrome/u0a35 for activity com.android.chrome/com.google.android.apps.chrome.Main
10-30 21:56:57.579   600  2707 I ActivityManager: START u0 {cmp=com.android.chrome/org.chromium.chrome.browser.firstrun.TabbedModeFirstRunActivity (has extras)} from uid 10035 on display 0
10-30 21:56:57.594  1522  1541 W DynamiteModule: Local module descriptor class for com.google.android.gms.googlecertificates not found.
10-30 21:56:57.626  1522  1541 I DynamiteModule: Considering local module com.google.android.gms.googlecertificates:0 and remote module com.google.android.gms.googlecertificates:6
10-30 21:56:57.626  1522  1541 I DynamiteModule: Selected remote version of com.google.android.gms.googlecertificates, version >= 6
10-30 21:56:57.776  1522  1541 W System  : ClassLoader referenced unknown path: 
10-30 21:56:57.779  1522  1543 I OpenGLRenderer: Initialized EGL, version 1.4
10-30 21:56:57.779  1522  1543 D OpenGLRenderer: Swap behavior 2
10-30 21:56:57.792  1522  1542 I cr_LibraryLoader: Loaded native library version number "85.0.4183.127"
10-30 21:56:57.792  1522  1542 I cr_CachingUmaRecorder: Flushed 10 samples from 10 histograms.
10-30 21:56:57.797  1522  1541 D ApplicationLoaders: ignored Vulkan layer search path /data/app/com.google.android.gms-1/lib/arm:/data/app/com.google.android.gms-1/base.apk!/lib/armeabi-v7a:/data/app/com.google.android.gms-1/split_config.en.apk!/lib/armeabi-v7a for namespace 0xf4a47090
10-30 21:56:57.800  1522  1541 W ResourceType: ResTable_typeSpec entry count inconsistent: given 67, previously 69
10-30 21:56:57.800  1522  1541 W ResourceType: ResTable_typeSpec entry count inconsistent: given 5346, previously 5347
10-30 21:56:57.824  1522  1541 I DynamiteLoaderV2Impl: [70] Googlecertificates
10-30 21:56:57.844  1522  1541 W System  : ClassLoader referenced unknown path: /data/user_de/0/com.google.android.gms/app_chimera/m/00000061/n/armeabi-v7a
10-30 21:56:57.844  1522  1541 W System  : ClassLoader referenced unknown path: /data/user_de/0/com.google.android.gms/app_chimera/m/00000061/n/armeabi
10-30 21:56:57.943   600   620 I ActivityManager: Displayed com.android.chrome/org.chromium.chrome.browser.firstrun.TabbedModeFirstRunActivity: +326ms (total +544ms)
10-30 21:56:57.944  1522  1537 D NetworkSecurityConfig: Using Network Security Config from resource 0_resource_name_obfuscated debugBuild: false
10-30 21:56:57.963   600   620 W WindowManager: Failed looking up window
10-30 21:56:57.963   600   620 W WindowManager: java.lang.IllegalArgumentException: Requested window android.view.ViewRootImpl$W@20db043 does not exist
10-30 21:56:57.963   600   620 W WindowManager: 	at com.android.server.wm.WindowManagerService.windowForClientLocked(WindowManagerService.java:9422)
10-30 21:56:57.963   600   620 W WindowManager: 	at com.android.server.wm.WindowManagerService.windowForClientLocked(WindowManagerService.java:9413)
10-30 21:56:57.963   600   620 W WindowManager: 	at com.android.server.wm.WindowManagerService.removeWindow(WindowManagerService.java:2393)
10-30 21:56:57.963   600   620 W WindowManager: 	at com.android.server.wm.Session.remove(Session.java:202)
10-30 21:56:57.963   600   620 W WindowManager: 	at android.view.ViewRootImpl.dispatchDetachedFromWindow(ViewRootImpl.java:3290)
10-30 21:56:57.963   600   620 W WindowManager: 	at android.view.ViewRootImpl.doDie(ViewRootImpl.java:5917)
10-30 21:56:57.963   600   620 W WindowManager: 	at android.view.ViewRootImpl$ViewRootHandler.handleMessage(ViewRootImpl.java:3626)
10-30 21:56:57.963   600   620 W WindowManager: 	at android.os.Handler.dispatchMessage(Handler.java:102)
10-30 21:56:57.963   600   620 W WindowManager: 	at android.os.Looper.loop(Looper.java:154)
10-30 21:56:57.963   600   620 W WindowManager: 	at android.os.HandlerThread.run(HandlerThread.java:61)
10-30 21:56:57.963   600   620 W WindowManager: 	at com.android.server.ServiceThread.run(ServiceThread.java:46)
10-30 21:56:57.975   787 28591 I FontLog : Received query Google Sans, URI content://com.google.android.gms.fonts [CONTEXT service_id=132 ]
10-30 21:56:57.976   787 28591 I FontLog : Query [Google Sans] resolved to {Google Sans, wdth 100.0, wght 400, ital 0.0, bestEffort false} [CONTEXT service_id=132 ]
10-30 21:56:57.977   787 28591 I FontLog : Font PFD returned from cache for {Google Sans, wdth 100.0, wght 400, ital 0.0, bestEffort false} [CONTEXT service_id=132 ]
10-30 21:56:57.977   787 28591 I FontLog : Fetch {Google Sans, wdth 100.0, wght 400, ital 0.0, bestEffort false} end status Status{statusCode=SUCCESS, resolution=null} [CONTEXT service_id=132 ]
10-30 21:56:58.022   787  1259 E apju    : Phenotype API error. Event # cdub@a301068c, EventCode: 7 [CONTEXT service_id=51 ]
10-30 21:56:58.022   787  1259 E apju    : apiz: 29505: No config packages for log source, or config package not registered
10-30 21:56:58.022   787  1259 E apju    : 	at apkj.b(:com.google.android.gms@203915020@20.39.15 (040406-335085812):7)
10-30 21:56:58.022   787  1259 E apju    : 	at apkg.b(:com.google.android.gms@203915020@20.39.15 (040406-335085812):2)
10-30 21:56:58.022   787  1259 E apju    : 	at apju.a(:com.google.android.gms@203915020@20.39.15 (040406-335085812):85)
10-30 21:56:58.022   787  1259 E apju    : 	at apju.a(:com.google.android.gms@203915020@20.39.15 (040406-335085812):80)
10-30 21:56:58.022   787  1259 E apju    : 	at aain.run(:com.google.android.gms@203915020@20.39.15 (040406-335085812):7)
10-30 21:56:58.022   787  1259 E apju    : 	at boex.run(:com.google.android.gms@203915020@20.39.15 (040406-335085812):2)
10-30 21:56:58.022   787  1259 E apju    : 	at sup.b(:com.google.android.gms@203915020@20.39.15 (040406-335085812):12)
10-30 21:56:58.022   787  1259 E apju    : 	at sup.run(:com.google.android.gms@203915020@20.39.15 (040406-335085812):7)
10-30 21:56:58.022   787  1259 E apju    : 	at java.util.concurrent.ThreadPoolExecutor.runWorker(ThreadPoolExecutor.java:1133)
10-30 21:56:58.022   787  1259 E apju    : 	at java.util.concurrent.ThreadPoolExecutor$Worker.run(ThreadPoolExecutor.java:607)
10-30 21:56:58.022   787  1259 E apju    : 	at tam.run(:com.google.android.gms@203915020@20.39.15 (040406-335085812):0)
10-30 21:56:58.022   787  1259 E apju    : 	at java.lang.Thread.run(Thread.java:761)
10-30 21:56:58.023   787  1259 E AsyncOperation: serviceID=51, operation=GetExperimentTokensOperationCall [CONTEXT service_id=259 ]
10-30 21:56:58.023   787  1259 E AsyncOperation: OperationException[Status{statusCode=No config packages for log source, or config package not registered, resolution=null}]
10-30 21:56:58.023   787  1259 E AsyncOperation: 	at apju.a(:com.google.android.gms@203915020@20.39.15 (040406-335085812):87)
10-30 21:56:58.023   787  1259 E AsyncOperation: 	at apju.a(:com.google.android.gms@203915020@20.39.15 (040406-335085812):80)
10-30 21:56:58.023   787  1259 E AsyncOperation: 	at aain.run(:com.google.android.gms@203915020@20.39.15 (040406-335085812):7)
10-30 21:56:58.023   787  1259 E AsyncOperation: 	at boex.run(:com.google.android.gms@203915020@20.39.15 (040406-335085812):2)
10-30 21:56:58.023   787  1259 E AsyncOperation: 	at sup.b(:com.google.android.gms@203915020@20.39.15 (040406-335085812):12)
10-30 21:56:58.023   787  1259 E AsyncOperation: 	at sup.run(:com.google.android.gms@203915020@20.39.15 (040406-335085812):7)
10-30 21:56:58.023   787  1259 E AsyncOperation: 	at java.util.concurrent.ThreadPoolExecutor.runWorker(ThreadPoolExecutor.java:1133)
10-30 21:56:58.023   787  1259 E AsyncOperation: 	at java.util.concurrent.ThreadPoolExecutor$Worker.run(ThreadPoolExecutor.java:607)
10-30 21:56:58.023   787  1259 E AsyncOperation: 	at tam.run(:com.google.android.gms@203915020@20.39.15 (040406-335085812):0)
10-30 21:56:58.023   787  1259 E AsyncOperation: 	at java.lang.Thread.run(Thread.java:761)
10-30 21:56:58.041   787 28590 I FontLog : Pulling font file for id = 1216, cache size = 5 [CONTEXT service_id=132 ]
10-30 21:56:58.112 17571 17571 I MemoryTrimmer: Trimming objects from memory, since app is in the background.
10-30 21:56:58.114 17571 17640 W SearchService: Abort, client detached.
10-30 21:56:58.117  1084  1084 I MemoryTrimmer: Trimming objects from memory, since app is in the background.
10-30 21:56:58.127   787  1714 I FontLog : Received query Google Sans:500, URI content://com.google.android.gms.fonts [CONTEXT service_id=132 ]
10-30 21:56:58.127   787  1714 I FontLog : Query [Google Sans:500] resolved to {Google Sans, wdth 100.0, wght 500, ital 0.0, bestEffort false} [CONTEXT service_id=132 ]
10-30 21:56:58.128 17571 17571 I MicroDetector: Keeping mic open: false
10-30 21:56:58.128 17571  1395 I DeviceStateChecker: DeviceStateChecker cancelled
10-30 21:56:58.129 17571  6534 I AudioController: internalShutdown
10-30 21:56:58.129 17571  6534 I MicrophoneInputStream: mic_close com.google.android.apps.gsa.speech.audio.ae@504d4c3
10-30 21:56:58.129 17571 17643 I MicroRecognitionRunner: Stopping hotword detection.
10-30 21:56:58.130   787  1714 I FontLog : Font PFD returned from cache for {Google Sans, wdth 100.0, wght 500, ital 0.0, bestEffort false} [CONTEXT service_id=132 ]
10-30 21:56:58.130   787  1714 I FontLog : Fetch {Google Sans, wdth 100.0, wght 500, ital 0.0, bestEffort false} end status Status{statusCode=SUCCESS, resolution=null} [CONTEXT service_id=132 ]
10-30 21:56:58.138   787 23224 I FontLog : Pulling font file for id = 1217, cache size = 4 [CONTEXT service_id=132 ]
10-30 21:56:58.144   238   285 I SoundTriggerHwService::Module: void android::SoundTriggerHwService::Module::onCallbackEvent(const sp<android::SoundTriggerHwService::CallbackEvent> &) mClient == 0
10-30 21:56:58.157 17571  1396 I MicroRecognitionRunner: Detection finished
10-30 21:56:58.166 17571 17571 I MemoryTrimmer: Trimming objects from memory, since app is in the background.
10-30 21:56:58.335  1522  1537 I cr_VariationsSeedFetch: Fetched first run seed in 393 ms
10-30 21:56:58.376   600   610 I ActivityManager: Start proc 1559:com.android.chrome:sandboxed_process0/u0i387 for service com.android.chrome/org.chromium.content.app.SandboxedProcessService0
10-30 21:56:58.446  1559  1559 W dboxed_process0: type=1400 audit(0.0:9348): avc: denied { getattr } for path="/data/data/com.android.chrome" dev="dm-2" ino=12190 scontext=u:r:isolated_app:s0:c512,c768 tcontext=u:object_r:app_data_file:s0:c512,c768 tclass=dir permissive=0
10-30 21:56:58.474  1559  1559 I cr_ChildProcessService: Creating new ChildProcessService pid=1559
10-30 21:56:58.607   600  1080 I ActivityManager: Start proc 1588:com.android.chrome:privileged_process0/u0a35 for service com.android.chrome/org.chromium.content.app.PrivilegedProcessService0
10-30 21:56:58.722  1588  1588 I cr_ChildProcessService: Creating new ChildProcessService pid=1588
10-30 21:56:58.735  1522  1545 W ConnectionStatusConfig: Dynamic lookup for intent failed for action: com.google.android.gms.auth.key.retrieval.service.START
10-30 21:56:58.741  1522  1545 W ConnectionStatusConfig: Dynamic lookup for intent failed for action: com.google.android.gms.auth.key.retrieval.service.START
10-30 21:56:58.742   600  1076 W ActivityManager: Unable to start service Intent { act=com.google.android.gms.auth.key.retrieval.service.START pkg=com.google.android.gms } U=0: not found
10-30 21:56:58.763   600 13558 W ActivityManager: Unbind failed: could not find connection for android.os.BinderProxy@dcd13ba
10-30 21:56:58.767  1522  1545 E GmsClient: unable to connect to service: com.google.android.gms.auth.key.retrieval.service.START on com.google.android.gms
10-30 21:56:58.773  1522  1522 W cr_KnoxSettingsProvider: Permission to read device policy denied.
10-30 21:56:58.799  1588  1605 I cr_LibraryLoader: Loaded native library version number "85.0.4183.127"
10-30 21:56:58.800  1588  1605 I cr_CachingUmaRecorder: Flushed 1 samples from 1 histograms.
10-30 21:56:58.827  1588  1605 E libEGL  : validate_display:99 error 3008 (EGL_BAD_DISPLAY)
10-30 21:57:08.259 17571 17571 I MemoryTrimmer: Trimming objects from memory, since app is in the background.
10-30 21:57:10.199  1639  1639 D AndroidRuntime: >>>>>> START com.android.internal.os.RuntimeInit uid 2000 <<<<<<
10-30 21:57:10.203  1639  1639 D AndroidRuntime: CheckJNI is OFF
10-30 21:57:10.267  1639  1639 D ICU     : No timezone override file found: /data/misc/zoneinfo/current/icu/icu_tzdata.dat
10-30 21:57:10.298  1639  1639 I Radio-JNI: register_android_hardware_Radio DONE
10-30 21:57:10.312  1639  1639 D AndroidRuntime: Calling main entry com.android.commands.monkey.Monkey
10-30 21:57:10.379   600   613 W BroadcastQueue: Skipping deliver [background] BroadcastRecord{f4ca337 u-1 android.net.conn.CONNECTIVITY_CHANGE} to ReceiverList{e670a4 1639 (unknown name)/2000/u-1 remote:e5af5d1}: process crashing
10-30 21:57:11.964  1639  1639 D MonkeyStub: translateCommand: wake
10-30 21:57:12.135  1639  1639 D MonkeyStub: translateCommand: tap 398 1198
10-30 21:57:14.366  1639  1639 D MonkeyStub: translateCommand: tap 720 1506
10-30 21:57:14.524 23772 23784 I PeopleChimeraService: onService. callbacks = aaik@4f360b9, request = com.google.android.gms.common.internal.GetServiceRequest@b2ebcfe
10-30 21:57:14.548 23772 23890 I PeopleChimeraService: onService. callbacks = aaik@c7466ac, request = com.google.android.gms.common.internal.GetServiceRequest@9e04f75
10-30 21:57:16.619  1639  1639 D MonkeyStub: translateCommand: tap 355 1480
10-30 21:57:16.639  1639  1639 D MonkeyStub: Quit requested
10-30 21:57:16.668   600   614 I CwMcuSensor: CwMcuSensor::flush: fd = 241, sensors_id = 0, path = /sys/class/htc_sensorhub/sensor_hub/flush, err = 0
10-30 21:57:16.677   600   707 I ActivityManager: START u0 {act=android.intent.action.VIEW flg=0x10008000 cmp=com.android.chrome/com.google.android.apps.chrome.Main (has extras)} from uid 10035 on display 0
10-30 21:57:16.697  1639  1639 I art     : System.exit called, status: 6
10-30 21:57:16.697  1639  1639 I AndroidRuntime: VM exiting with result code 6.
10-30 21:57:16.840   600 24611 W WindowManager: Attempted to remove non-existing token: android.os.Binder@b481e0d
10-30 21:57:16.878  1522  1522 E cr_CompositorSurfaceMgr: Transitioning to surface with format : -1
10-30 21:57:16.893   600   609 I art     : Background partial concurrent mark sweep GC freed 16572(823KB) AllocSpace objects, 3(60KB) LOS objects, 33% free, 16MB/25MB, paused 773us total 110.144ms
10-30 21:57:16.961  1522  1583 W cr_tabmodel: Starting to perform legacy migration.
10-30 21:57:16.962  1522  1583 W cr_tabmodel: Finished performing legacy migration.
10-30 21:57:16.962  1522  1583 W cr_tabmodel: Starting to perform multi-instance migration.
10-30 21:57:16.963  1522  1583 W cr_tabmodel: Finished performing multi-instance migration.
10-30 21:57:16.963  1522  1583 I cr_tabmodel: Starting to fetch tab list for tab_state0
10-30 21:57:16.963  1522  1583 I cr_tabmodel: State file does not exist.
10-30 21:57:16.963  1522  1583 I cr_tabmodel: Starting to fetch tab list for tab_state1
10-30 21:57:16.963  1522  1583 I cr_tabmodel: State file does not exist.
10-30 21:57:17.011  1522  1583 I cr_ADCP : No customization source found
10-30 21:57:17.032   600  7064 E BatteryStatsService: power: Missing API
10-30 21:57:17.041  1522  1543 D OpenGLRenderer: endAllActiveAnimators on 0xd4a87280 (InsetDrawable) with handle 0xd2a84ad0
10-30 21:57:17.043   796   796 E PhoneInterfaceManager: [PhoneIntfMgr] queryModemActivityInfo: Empty response
10-30 21:57:17.044   600  7064 E BatteryStatsService: no controller energy info supplied
10-30 21:57:17.049   600  7064 E BatteryStatsService: modem info is invalid: ModemActivityInfo{ mTimestamp=0 mSleepTimeMs=0 mIdleTimeMs=0 mTxTimeMs[]=[0, 0, 0, 0, 0] mRxTimeMs=0 mEnergyUsed=0}
10-30 21:57:17.060   600   613 W ProcessCpuTracker: Skipping unknown process pid 1662
10-30 21:57:17.099   600   620 I ActivityManager: Displayed com.android.chrome/com.google.android.apps.chrome.Main: +336ms
10-30 21:57:17.101  1522  1522 E cr_CompositorSurfaceMgr: Transitioning to surface with format : -1
10-30 21:57:17.105  1522  1522 E cr_CompositorSurfaceMgr: surfaceCreated format : 0
10-30 21:57:17.113  1522  1522 I cr_ContextualSearch: Tap suppression enabled: false
10-30 21:57:17.117  1522  1522 I cr_ChromeTabbedActivity: #initializeState
10-30 21:57:17.122  1522  1522 I cr_CipherFactory: #restoreFromBundle, no savedInstanceState.
10-30 21:57:17.123  1522  1522 I cr_tabmodel: #loadState, ignoreIncognitoFiles? true
10-30 21:57:17.329  1522  1522 I SchedulerApiWrapper: Create SchedulerApiMainThreadWrapper
10-30 21:57:17.339  1522  1522 I FeedSessionManagerImpl: FeedSessionManagerImpl has been created
10-30 21:57:17.340  1522  1522 I FeedAppLifecycleLstnr: onEnterForeground called
10-30 21:57:17.340  1522  1522 I FeedSessionManagerImpl: onLifecycleEvent foreground
10-30 21:57:17.341  1522  1522 I FeedSessionManagerImpl: Lazy initialization triggered, getUpdateConsumer
10-30 21:57:17.342  1522  1577 I TaskQueue: Execute task [IMMEDIATE - d: true, b: 0]: 30
10-30 21:57:17.344  1522  1522 I FeedRequestManagerImpl: trigger refresh 2
10-30 21:57:17.345  1522  1522 I TaskQueue:  - task [HEAD_INVALIDATE - d: true, b: 0]: 26
10-30 21:57:17.345  1522  1522 I FeedAppLifecycleLstnr: initialize called
10-30 21:57:17.345  1522  1522 I FeedSessionManagerImpl: onLifecycleEvent initialize
10-30 21:57:17.345  1522  1522 W FeedSessionManagerImpl: FeedSessionManagerImpl has previously been initialized
10-30 21:57:17.386  1522  1522 I ViewConfigCompat: Could not find method getScaledScrollFactor() on ViewConfiguration
10-30 21:57:17.390  1522  1522 I BasicStream: Setting 2 header views, currently have 0 headers
10-30 21:57:17.391  1522  1522 I BasicStream: Setting 2 header views, currently have 2 headers
10-30 21:57:17.444   600   619 D BluetoothManagerService: Message: 20
10-30 21:57:17.444   600   619 D BluetoothManagerService: Added callback: android.bluetooth.IBluetoothManagerCallback$Stub$Proxy@60ec4e9:true
10-30 21:57:17.458  1559  1574 I cr_LibraryLoader: Loaded native library version number "85.0.4183.127"
10-30 21:57:17.459  1559  1574 I cr_CachingUmaRecorder: Flushed 1 samples from 1 histograms.
10-30 21:57:17.460  1522  1522 E cr_IntentUtils: getBooleanExtra failed on intent null
10-30 21:57:17.471  1522  1522 I TimeoutSessionImpl: Using TimeoutSessionImpl
10-30 21:57:17.471  1522  1522 I FeedSessionManagerImpl: Delaying populateSession until initialization is finished
10-30 21:57:17.471  1522  1522 I TaskQueue:  - task [IMMEDIATE - d: true, b: 1]: 13
10-30 21:57:17.472  1522  1522 I MainThreadRunner: Running task [BasicStream onShow] on the Main Thread with a delay of 500 milliseconds
10-30 21:57:17.545   600  3509 I ActivityManager: Start proc 1673:com.android.chrome:sandboxed_process1/u0i388 for service com.android.chrome/org.chromium.content.app.SandboxedProcessService1
10-30 21:57:17.571  1522  1577 W SessionCache: Persisted Sessions were not found
10-30 21:57:17.571  1522  1577 I HeadSessionImpl: Initialize HEAD 0 items
10-30 21:57:17.571  1522  1577 I TaskQueue:  - task [BACKGROUND - d: true, b: 2]: 11
10-30 21:57:17.572  1522  1577 I TimingUtils: Task Timing 228ms, thread JardinExecutor | task : Initialization
10-30 21:57:17.572  1522  1577 I TaskQueue:  - Finished 30, time 230 ms
10-30 21:57:17.572  1522  1577 I TaskQueue: Execute task [HEAD_INVALIDATE - d: true, b: 2]: 26
10-30 21:57:17.573  1522  1577 I TimingUtils: Task Timing   0ms, thread JardinExecutor | task : getAllDismissLocalActions | size : 0
10-30 21:57:17.573  1522  1577 I TimingUtils: Task Timing   0ms, thread JardinExecutor | task : getSemanticProperties | size : 0
10-30 21:57:17.573  1522  1577 I MainThreadRunner: Running task [Check Tooltips] on the Main Thread
10-30 21:57:17.573  1522  1577 I TaskQueue:  * Starting starvation checks
10-30 21:57:17.573  1522  1577 I MainThreadRunner: Running task [starvationChecks] on the Main Thread with a delay of 6000 milliseconds
10-30 21:57:17.574  1522  1577 I TaskQueue:  - Finished 26, time 1 ms
10-30 21:57:17.574  1522  1577 I TaskQueue: Execute task [IMMEDIATE - d: true, b: 1]: 13
10-30 21:57:17.574  1522  1577 I FeedSessionManagerImpl: shouldSessionRequestData; hasContent(false), contentCreationTime(0), outstandingRequest(true)
10-30 21:57:17.574  1522  1577 I MainThreadRunner: Running task [SchedulerApiWrapper shouldSessionRequestData] on the Main Thread
10-30 21:57:17.604   600 17381 I ActivityManager: Start proc 1680:com.android.chrome:sandboxed_process2/u0i389 for service com.android.chrome/org.chromium.content.app.SandboxedProcessService2
10-30 21:57:17.647   600 29683 I ActivityManager: Start proc 1697:com.android.chrome:sandboxed_process3/u0i390 for service com.android.chrome/org.chromium.content.app.SandboxedProcessService3
10-30 21:57:17.695   600 27731 I ActivityManager: Start proc 1708:com.android.chrome:sandboxed_process4/u0i391 for service com.android.chrome/org.chromium.content.app.SandboxedProcessService4
10-30 21:57:17.742   600  2707 I ActivityManager: Start proc 1719:com.android.chrome:sandboxed_process5/u0i392 for service com.android.chrome/org.chromium.content.app.SandboxedProcessService5
10-30 21:57:17.796  1673  1673 W dboxed_process1: type=1400 audit(0.0:9349): avc: denied { getattr } for path="/data/data/com.android.chrome" dev="dm-2" ino=12190 scontext=u:r:isolated_app:s0:c512,c768 tcontext=u:object_r:app_data_file:s0:c512,c768 tclass=dir permissive=0
10-30 21:57:17.831   600  3994 I ActivityManager: Start proc 1736:com.android.chrome:sandboxed_process6/u0i393 for service com.android.chrome/org.chromium.content.app.SandboxedProcessService6
10-30 21:57:17.902   600 24611 I ActivityManager: Start proc 1760:com.android.chrome:sandboxed_process7/u0i394 for service com.android.chrome/org.chromium.content.app.SandboxedProcessService7
10-30 21:57:17.918  1522  1522 I PlayCore: UID: [10035]  PID: [1522] SplitInstallService : deferredInstall([image_editor])
10-30 21:57:17.958  1522  1532 I art     : Background partial concurrent mark sweep GC freed 18436(927KB) AllocSpace objects, 9(1264KB) LOS objects, 39% free, 9MB/15MB, paused 3.417ms total 274.688ms
10-30 21:57:17.967   600 27731 I ActivityManager: Start proc 1768:com.android.chrome:sandboxed_process8/u0i395 for service com.android.chrome/org.chromium.content.app.SandboxedProcessService8
10-30 21:57:17.993  1680  1680 W dboxed_process2: type=1400 audit(0.0:9350): avc: denied { getattr } for path="/data/data/com.android.chrome" dev="dm-2" ino=12190 scontext=u:r:isolated_app:s0:c512,c768 tcontext=u:object_r:app_data_file:s0:c512,c768 tclass=dir permissive=0
10-30 21:57:18.038  1673  1673 I cr_ChildProcessService: Creating new ChildProcessService pid=1673
10-30 21:57:18.041  1522  1522 I Choreographer: Skipped 55 frames!  The application may be doing too much work on its main thread.
10-30 21:57:18.066  1697  1697 W dboxed_process3: type=1400 audit(0.0:9351): avc: denied { getattr } for path="/data/data/com.android.chrome" dev="dm-2" ino=12190 scontext=u:r:isolated_app:s0:c512,c768 tcontext=u:object_r:app_data_file:s0:c512,c768 tclass=dir permissive=0
10-30 21:57:18.130  1708  1708 W dboxed_process4: type=1400 audit(0.0:9352): avc: denied { getattr } for path="/data/data/com.android.chrome" dev="dm-2" ino=12190 scontext=u:r:isolated_app:s0:c512,c768 tcontext=u:object_r:app_data_file:s0:c512,c768 tclass=dir permissive=0
10-30 21:57:18.159  1522  1766 I PlayCore: UID: [10035]  PID: [1522] SplitInstallService : Initiate binding to the service.
10-30 21:57:18.193  1736  1736 W dboxed_process6: type=1400 audit(0.0:9353): avc: denied { getattr } for path="/data/data/com.android.chrome" dev="dm-2" ino=12190 scontext=u:r:isolated_app:s0:c512,c768 tcontext=u:object_r:app_data_file:s0:c512,c768 tclass=dir permissive=0
10-30 21:57:18.213  1719  1719 W dboxed_process5: type=1400 audit(0.0:9354): avc: denied { getattr } for path="/data/data/com.android.chrome" dev="dm-2" ino=12190 scontext=u:r:isolated_app:s0:c512,c768 tcontext=u:object_r:app_data_file:s0:c512,c768 tclass=dir permissive=0
10-30 21:57:18.260  1697  1697 I cr_ChildProcessService: Creating new ChildProcessService pid=1697
10-30 21:57:18.273  1760  1760 W dboxed_process7: type=1400 audit(0.0:9355): avc: denied { getattr } for path="/data/data/com.android.chrome" dev="dm-2" ino=12190 scontext=u:r:isolated_app:s0:c512,c768 tcontext=u:object_r:app_data_file:s0:c512,c768 tclass=dir permissive=0
10-30 21:57:18.281  1680  1680 I cr_ChildProcessService: Creating new ChildProcessService pid=1680
10-30 21:57:18.377  1522  1522 I cr_tabmodel: Appending tabs being restored to metadata lists, 0, startingNormalCount: 1, startingIncognitoCount: 0
10-30 21:57:18.377  1522  1522 I cr_tabmodel: Serializing tab lists; counts: 1, 0
10-30 21:57:18.390  1708  1708 I cr_ChildProcessService: Creating new ChildProcessService pid=1708
10-30 21:57:18.435  1719  1719 I cr_ChildProcessService: Creating new ChildProcessService pid=1719
10-30 21:57:18.435  1736  1736 I cr_ChildProcessService: Creating new ChildProcessService pid=1736
10-30 21:57:18.446  1768  1768 W dboxed_process8: type=1400 audit(0.0:9356): avc: denied { getattr } for path="/data/data/com.android.chrome" dev="dm-2" ino=12190 scontext=u:r:isolated_app:s0:c512,c768 tcontext=u:object_r:app_data_file:s0:c512,c768 tclass=dir permissive=0
10-30 21:57:18.452  1673  1783 I cr_LibraryLoader: Loaded native library version number "85.0.4183.127"
10-30 21:57:18.463  1673  1783 I cr_CachingUmaRecorder: Flushed 1 samples from 1 histograms.
10-30 21:57:18.480  1760  1760 I cr_ChildProcessService: Creating new ChildProcessService pid=1760
10-30 21:57:18.574  1697  1792 I cr_LibraryLoader: Loaded native library version number "85.0.4183.127"
10-30 21:57:18.574  1697  1792 I cr_CachingUmaRecorder: Flushed 1 samples from 1 histograms.
10-30 21:57:18.580  1680  1794 I cr_LibraryLoader: Loaded native library version number "85.0.4183.127"
10-30 21:57:18.580  1680  1794 I cr_CachingUmaRecorder: Flushed 1 samples from 1 histograms.
10-30 21:57:18.595  1522  1522 I TaskQueue:  - task [IMMEDIATE - d: true, b: 1]: 27
10-30 21:57:18.599  1522  1577 I FeedSessionManagerImpl: shouldSessionRequestDataResult: NO_REQUEST_WITH_WAIT, shouldMakeRequest(false), withTimeout(false), withAppend(false)
10-30 21:57:18.599  1522  1577 I TaskQueue:  - task [USER_FACING - d: true, b: 2]: 24
10-30 21:57:18.599  1522  1577 I TaskQueue:  - Finished 13, time 1026 ms
10-30 21:57:18.602  1522  1580 I TaskQueue: Execute task [IMMEDIATE - d: true, b: 2]: 27
10-30 21:57:18.608  1522  1522 I Choreographer: Skipped 32 frames!  The application may be doing too much work on its main thread.
10-30 21:57:18.611  1522  1580 I FeedRequestManagerImpl: Consistency Token: # hU2@7bca4
10-30 21:57:18.615  1768  1768 I cr_ChildProcessService: Creating new ChildProcessService pid=1768
10-30 21:57:18.625  1673  1783 I chromium: [INFO:child_process_service.cc(69)] ChildProcessService: Exiting child process.
10-30 21:57:18.660   600   707 I ActivityManager: Process com.android.chrome:sandboxed_process1 (pid 1673) has died
10-30 21:57:18.660   600   707 D ActivityManager: cleanUpApplicationRecord -- 1673
10-30 21:57:18.660   600   707 W ActivityManager: Scheduling restart of crashed service com.android.chrome/org.chromium.content.app.SandboxedProcessService1 in 1000ms
10-30 21:57:18.692  1522  1580 I FeedRequestManagerImpl: Capability: FEED_UI
10-30 21:57:18.694  1522  1580 I FeedRequestManagerImpl: Capability: UNDOABLE_ACTIONS
10-30 21:57:18.694  1522  1580 I FeedRequestManagerImpl: Capability: MANAGE_INTERESTS
10-30 21:57:18.694  1522  1580 I FeedRequestManagerImpl: Capability: SEND_FEEDBACK
10-30 21:57:18.694  1522  1580 I FeedRequestManagerImpl: Capability: ARTICLE_SNIPPETS
10-30 21:57:18.694  1522  1580 I FeedRequestManagerImpl: Capability: CLICK_ACTION
10-30 21:57:18.694  1522  1580 I FeedRequestManagerImpl: Capability: VIEW_ACTION
10-30 21:57:18.694  1522  1580 I FeedRequestManagerImpl: Capability: REPORT_FEED_USER_ACTIONS_NOTICE_CARD
10-30 21:57:18.694  1522  1580 I FeedRequestManagerImpl: Capability: BASE_UI
10-30 21:57:18.714  1708  1796 I cr_LibraryLoader: Loaded native library version number "85.0.4183.127"
10-30 21:57:18.715  1708  1796 I cr_CachingUmaRecorder: Flushed 1 samples from 1 histograms.
10-30 21:57:18.730  1522  1580 I FeedRequestManagerImpl: Making Request: /httpservice/noretry/DiscoverClankService/FeedQuery
10-30 21:57:18.730  1522  1580 I MainThreadRunner: Running task [NetworkClientWrapper send] on the Main Thread
10-30 21:57:18.731  1522  1580 I TaskQueue:  - Finished 27, time 129 ms
10-30 21:57:18.763  1719  1798 I cr_LibraryLoader: Loaded native library version number "85.0.4183.127"
10-30 21:57:18.767  1719  1798 I cr_CachingUmaRecorder: Flushed 1 samples from 1 histograms.
10-30 21:57:18.790  1697  1792 I chromium: [INFO:child_process_service.cc(69)] ChildProcessService: Exiting child process.
10-30 21:57:18.790  1680  1794 I chromium: [INFO:child_process_service.cc(69)] ChildProcessService: Exiting child process.
10-30 21:57:18.800  1736  1799 I cr_LibraryLoader: Loaded native library version number "85.0.4183.127"
10-30 21:57:18.801  1736  1799 I cr_CachingUmaRecorder: Flushed 1 samples from 1 histograms.
10-30 21:57:18.802  1522  1522 W chromium: [WARNING:compositor_view.cc(315)] Child process died (type=6) pid=1673)
10-30 21:57:18.819   600 13557 I ActivityManager: Process com.android.chrome:sandboxed_process3 (pid 1697) has died
10-30 21:57:18.819   600 13557 D ActivityManager: cleanUpApplicationRecord -- 1697
10-30 21:57:18.819   600 13557 W ActivityManager: Scheduling restart of crashed service com.android.chrome/org.chromium.content.app.SandboxedProcessService3 in 10841ms
10-30 21:57:18.829  1522  1522 W chromium: [WARNING:compositor_view.cc(315)] Child process died (type=6) pid=1697)
10-30 21:57:18.830  1522  1522 W chromium: [WARNING:compositor_view.cc(315)] Child process died (type=6) pid=1680)
10-30 21:57:18.832   600  1076 I ActivityManager: Process com.android.chrome:sandboxed_process2 (pid 1680) has died
10-30 21:57:18.832   600  1076 D ActivityManager: cleanUpApplicationRecord -- 1680
10-30 21:57:18.832   600  1076 W ActivityManager: Scheduling restart of crashed service com.android.chrome/org.chromium.content.app.SandboxedProcessService2 in 20828ms
10-30 21:57:18.911  1708  1796 I chromium: [INFO:child_process_service.cc(69)] ChildProcessService: Exiting child process.
10-30 21:57:18.929  1760  1801 I cr_LibraryLoader: Loaded native library version number "85.0.4183.127"
10-30 21:57:18.933  1760  1801 I cr_CachingUmaRecorder: Flushed 1 samples from 1 histograms.
10-30 21:57:18.934  1719  1798 I chromium: [INFO:child_process_service.cc(69)] ChildProcessService: Exiting child process.
10-30 21:57:18.957   600 27731 I ActivityManager: Process com.android.chrome:sandboxed_process4 (pid 1708) has died
10-30 21:57:18.957   600 27731 D ActivityManager: cleanUpApplicationRecord -- 1708
10-30 21:57:18.957   600 27731 W ActivityManager: Scheduling restart of crashed service com.android.chrome/org.chromium.content.app.SandboxedProcessService4 in 30703ms
10-30 21:57:18.963   600  3675 I ActivityManager: Process com.android.chrome:sandboxed_process5 (pid 1719) has died
10-30 21:57:18.963   600  3675 D ActivityManager: cleanUpApplicationRecord -- 1719
10-30 21:57:18.963   600  3675 W ActivityManager: Scheduling restart of crashed service com.android.chrome/org.chromium.content.app.SandboxedProcessService5 in 40697ms
10-30 21:57:18.983   600  3675 I ActivityManager: Start proc 1823:com.android.chrome:sandboxed_process9/u0i396 for service com.android.chrome/org.chromium.content.app.SandboxedProcessService9
10-30 21:57:18.998  1522  1522 W chromium: [WARNING:compositor_view.cc(315)] Child process died (type=6) pid=1708)
10-30 21:57:18.998  1522  1522 W chromium: [WARNING:compositor_view.cc(315)] Child process died (type=6) pid=1719)
10-30 21:57:19.017  1768  1805 I cr_LibraryLoader: Loaded native library version number "85.0.4183.127"
10-30 21:57:19.022  1768  1805 I cr_CachingUmaRecorder: Flushed 1 samples from 1 histograms.
10-30 21:57:19.044   600 27731 I ActivityManager: Killing 1736:com.android.chrome:sandboxed_process6/u0a35i393 (adj 0): isolated not needed
10-30 21:57:19.183  1522  1583 W cr_CrashFileManager: /data/user/0/com.android.chrome/cache/Crash Reports does not exist or is not a directory
10-30 21:57:19.183  1522  1583 W cr_CrashFileManager: /data/user/0/com.android.chrome/cache/Crash Reports does not exist or is not a directory
10-30 21:57:19.183  1522  1583 W cr_CrashFileManager: /data/user/0/com.android.chrome/cache/Crash Reports does not exist or is not a directory
10-30 21:57:19.189   600   613 I ActivityManager: Killing 1768:com.android.chrome:sandboxed_process8/u0a35i395 (adj 0): isolated not needed
10-30 21:57:19.189   600   613 I ActivityManager: Killing 1760:com.android.chrome:sandboxed_process7/u0a35i394 (adj 0): isolated not needed
10-30 21:57:19.199  1522  1583 I cr_FileUtils: Writing to /data/user/0/com.android.chrome/app_dex/webapk7.dex
10-30 21:57:19.213  1823  1823 W dboxed_process9: type=1400 audit(0.0:9357): avc: denied { getattr } for path="/data/data/com.android.chrome" dev="dm-2" ino=12190 scontext=u:r:isolated_app:s0:c512,c768 tcontext=u:object_r:app_data_file:s0:c512,c768 tclass=dir permissive=0
10-30 21:57:19.234  1522  1532 W art     : Suspending all threads took: 12.277ms
10-30 21:57:19.268  1667  1667 D AndroidRuntime: >>>>>> START com.android.internal.os.RuntimeInit uid 2000 <<<<<<
10-30 21:57:19.293   600 16391 I ActivityManager: Start proc 1844:com.android.chrome:sandboxed_process10/u0i397 for service com.android.chrome/org.chromium.content.app.SandboxedProcessService10
10-30 21:57:19.295  1522  1558 I cr_BindingManager: Moderate binding enabled: maxSize=40
10-30 21:57:19.363  1667  1667 D AndroidRuntime: CheckJNI is OFF
10-30 21:57:19.374   600   610 I ActivityManager: Start proc 1852:com.android.chrome:sandboxed_process11/u0i398 for service com.android.chrome/org.chromium.content.app.SandboxedProcessService11
10-30 21:57:19.386  1823  1823 I cr_ChildProcessService: Creating new ChildProcessService pid=1823
10-30 21:57:19.406 23772 24341 I Icing   : IndexChimeraService.getServiceInterface callingPackage=com.android.chrome componentName=null serviceId=36
10-30 21:57:19.442  1522  1532 I art     : Background sticky concurrent mark sweep GC freed 72140(4MB) AllocSpace objects, 67(1340KB) LOS objects, 29% free, 11MB/15MB, paused 24.618ms total 265.557ms
10-30 21:57:19.484   600  3507 I ActivityManager: Start proc 1882:com.android.chrome:sandboxed_process12/u0i399 for service com.android.chrome/org.chromium.content.app.SandboxedProcessService12
10-30 21:57:19.492 23772 24337 I Icing   : IndexChimeraService.getServiceInterface callingPackage=com.android.chrome componentName=null serviceId=36
10-30 21:57:19.540   600 27731 I ActivityManager: Start proc 1889:com.android.chrome:sandboxed_process13/u0i400 for service com.android.chrome/org.chromium.content.app.SandboxedProcessService13
10-30 21:57:19.595   600  1079 I ActivityManager: Start proc 1901:com.android.chrome:sandboxed_process14/u0i401 for service com.android.chrome/org.chromium.content.app.SandboxedProcessService14
10-30 21:57:19.606  1843  1843 I dex2oat : /system/bin/dex2oat --dex-file=/data/user/0/com.android.chrome/app_dex/webapk7.dex --oat-fd=191 --oat-location=/data/user/0/com.android.chrome/app_dex/oat/arm/webapk7.dex --compiler-filter=speed
10-30 21:57:19.610  1844  1844 W boxed_process10: type=1400 audit(0.0:9358): avc: denied { getattr } for path="/data/data/com.android.chrome" dev="dm-2" ino=12190 scontext=u:r:isolated_app:s0:c512,c768 tcontext=u:object_r:app_data_file:s0:c512,c768 tclass=dir permissive=0
10-30 21:57:19.626  1852  1852 W boxed_process11: type=1400 audit(0.0:9359): avc: denied { getattr } for path="/data/data/com.android.chrome" dev="dm-2" ino=12190 scontext=u:r:isolated_app:s0:c512,c768 tcontext=u:object_r:app_data_file:s0:c512,c768 tclass=dir permissive=0
10-30 21:57:19.628   600 16391 I ActivityManager: Start proc 1913:com.android.chrome:sandboxed_process15/u0i402 for service com.android.chrome/org.chromium.content.app.SandboxedProcessService15
10-30 21:57:19.689   600  3675 I ActivityManager: Start proc 1933:com.android.chrome:sandboxed_process16/u0i403 for service com.android.chrome/org.chromium.content.app.SandboxedProcessService16
10-30 21:57:19.695  1823  1873 I cr_LibraryLoader: Loaded native library version number "85.0.4183.127"
10-30 21:57:19.706  1823  1873 I cr_CachingUmaRecorder: Flushed 1 samples from 1 histograms.
10-30 21:57:19.731   600 24515 I ActivityManager: Start proc 1941:com.android.chrome:sandboxed_process17/u0i404 for service com.android.chrome/org.chromium.content.app.SandboxedProcessService17
10-30 21:57:19.742  1852  1852 I cr_ChildProcessService: Creating new ChildProcessService pid=1852
10-30 21:57:19.752  1844  1844 I cr_ChildProcessService: Creating new ChildProcessService pid=1844
10-30 21:57:19.766  1882  1882 W boxed_process12: type=1400 audit(0.0:9360): avc: denied { getattr } for path="/data/data/com.android.chrome" dev="dm-2" ino=12190 scontext=u:r:isolated_app:s0:c512,c768 tcontext=u:object_r:app_data_file:s0:c512,c768 tclass=dir permissive=0
10-30 21:57:19.780   600 13557 I ActivityManager: Start proc 1958:com.android.chrome:sandboxed_process18/u0i405 for service com.android.chrome/org.chromium.content.app.SandboxedProcessService18
10-30 21:57:19.860  1889  1889 W boxed_process13: type=1400 audit(0.0:9361): avc: denied { getattr } for path="/data/data/com.android.chrome" dev="dm-2" ino=12190 scontext=u:r:isolated_app:s0:c512,c768 tcontext=u:object_r:app_data_file:s0:c512,c768 tclass=dir permissive=0
10-30 21:57:19.937   600 24515 I ActivityManager: Killing 1823:com.android.chrome:sandboxed_process9/u0a35i396 (adj 0): isolated not needed
10-30 21:57:19.940  1901  1901 W boxed_process14: type=1400 audit(0.0:9362): avc: denied { getattr } for path="/data/data/com.android.chrome" dev="dm-2" ino=12190 scontext=u:r:isolated_app:s0:c512,c768 tcontext=u:object_r:app_data_file:s0:c512,c768 tclass=dir permissive=0
10-30 21:57:19.946  1913  1913 W boxed_process15: type=1400 audit(0.0:9363): avc: denied { getattr } for path="/data/data/com.android.chrome" dev="dm-2" ino=12190 scontext=u:r:isolated_app:s0:c512,c768 tcontext=u:object_r:app_data_file:s0:c512,c768 tclass=dir permissive=0
10-30 21:57:20.013  1882  1882 I cr_ChildProcessService: Creating new ChildProcessService pid=1882
10-30 21:57:20.038  1852  1946 I cr_LibraryLoader: Loaded native library version number "85.0.4183.127"
10-30 21:57:20.038  1852  1946 I cr_CachingUmaRecorder: Flushed 1 samples from 1 histograms.
10-30 21:57:20.043  1933  1933 W boxed_process16: type=1400 audit(0.0:9364): avc: denied { getattr } for path="/data/data/com.android.chrome" dev="dm-2" ino=12190 scontext=u:r:isolated_app:s0:c512,c768 tcontext=u:object_r:app_data_file:s0:c512,c768 tclass=dir permissive=0
10-30 21:57:20.043  1941  1941 W boxed_process17: type=1400 audit(0.0:9365): avc: denied { getattr } for path="/data/data/com.android.chrome" dev="dm-2" ino=12190 scontext=u:r:isolated_app:s0:c512,c768 tcontext=u:object_r:app_data_file:s0:c512,c768 tclass=dir permissive=0
10-30 21:57:20.050  1889  1889 I cr_ChildProcessService: Creating new ChildProcessService pid=1889
10-30 21:57:20.080  1958  1958 W boxed_process18: type=1400 audit(0.0:9366): avc: denied { getattr } for path="/data/data/com.android.chrome" dev="dm-2" ino=12190 scontext=u:r:isolated_app:s0:c512,c768 tcontext=u:object_r:app_data_file:s0:c512,c768 tclass=dir permissive=0
10-30 21:57:20.083  1844  1948 I cr_LibraryLoader: Loaded native library version number "85.0.4183.127"
10-30 21:57:20.083  1844  1948 I cr_CachingUmaRecorder: Flushed 1 samples from 1 histograms.
10-30 21:57:20.155  1913  1913 I cr_ChildProcessService: Creating new ChildProcessService pid=1913
10-30 21:57:20.168  1901  1901 I cr_ChildProcessService: Creating new ChildProcessService pid=1901
10-30 21:57:20.217  1852  1946 I chromium: [INFO:child_process_service.cc(69)] ChildProcessService: Exiting child process.
10-30 21:57:20.218   197   197 E lowmemorykiller: Error writing /proc/1852/oom_score_adj; errno=22
10-30 21:57:20.231  1941  1941 I cr_ChildProcessService: Creating new ChildProcessService pid=1941
10-30 21:57:20.241  1667  1667 D ICU     : No timezone override file found: /data/misc/zoneinfo/current/icu/icu_tzdata.dat
10-30 21:57:20.267  1933  1933 I cr_ChildProcessService: Creating new ChildProcessService pid=1933
10-30 21:57:20.290   600   707 I ActivityManager: Process com.android.chrome:sandboxed_process11 (pid 1852) has died
10-30 21:57:20.290   600   707 D ActivityManager: cleanUpApplicationRecord -- 1852
10-30 21:57:20.292  1522  1522 W chromium: [WARNING:compositor_view.cc(315)] Child process died (type=6) pid=1852)
10-30 21:57:20.314  1958  1958 I cr_ChildProcessService: Creating new ChildProcessService pid=1958
10-30 21:57:20.315  1844  1948 I chromium: [INFO:child_process_service.cc(69)] ChildProcessService: Exiting child process.
10-30 21:57:20.315   197   197 E lowmemorykiller: Error writing /proc/1844/oom_score_adj; errno=22
10-30 21:57:20.329   600 29683 I ActivityManager: Process com.android.chrome:sandboxed_process10 (pid 1844) has died
10-30 21:57:20.330   600 29683 D ActivityManager: cleanUpApplicationRecord -- 1844
10-30 21:57:20.332  1522  1522 W chromium: [WARNING:compositor_view.cc(315)] Child process died (type=6) pid=1844)
10-30 21:57:20.408  1882  1979 I cr_LibraryLoader: Loaded native library version number "85.0.4183.127"
10-30 21:57:20.433  1882  1979 I cr_CachingUmaRecorder: Flushed 1 samples from 1 histograms.
10-30 21:57:20.443  1889  1980 I cr_LibraryLoader: Loaded native library version number "85.0.4183.127"
10-30 21:57:20.448  1889  1980 I cr_CachingUmaRecorder: Flushed 1 samples from 1 histograms.
10-30 21:57:20.463  1913  1986 I cr_LibraryLoader: Loaded native library version number "85.0.4183.127"
10-30 21:57:20.463  1913  1986 I cr_CachingUmaRecorder: Flushed 1 samples from 1 histograms.
10-30 21:57:20.528  1667  1667 I Radio-JNI: register_android_hardware_Radio DONE
10-30 21:57:20.533  1941  1992 I cr_LibraryLoader: Loaded native library version number "85.0.4183.127"
10-30 21:57:20.533  1941  1992 I cr_CachingUmaRecorder: Flushed 1 samples from 1 histograms.
10-30 21:57:20.568  1958  1996 I cr_LibraryLoader: Loaded native library version number "85.0.4183.127"
10-30 21:57:20.568  1958  1996 I cr_CachingUmaRecorder: Flushed 1 samples from 1 histograms.
10-30 21:57:20.574  1901  1988 I cr_LibraryLoader: Loaded native library version number "85.0.4183.127"
10-30 21:57:20.574  1901  1988 I cr_CachingUmaRecorder: Flushed 1 samples from 1 histograms.
10-30 21:57:20.581  1933  1995 I cr_LibraryLoader: Loaded native library version number "85.0.4183.127"
10-30 21:57:20.607  1933  1995 I cr_CachingUmaRecorder: Flushed 1 samples from 1 histograms.
10-30 21:57:20.641  1882  1979 I chromium: [INFO:child_process_service.cc(69)] ChildProcessService: Exiting child process.
10-30 21:57:20.673  1667  1667 D AndroidRuntime: Calling main entry com.android.commands.am.Am
10-30 21:57:20.759  1901  1988 I chromium: [INFO:child_process_service.cc(69)] ChildProcessService: Exiting child process.
10-30 21:57:20.760   197   197 E lowmemorykiller: Error writing /proc/1901/oom_score_adj; errno=22
10-30 21:57:20.786  1522  1522 W chromium: [WARNING:compositor_view.cc(315)] Child process died (type=6) pid=1901)
10-30 21:57:20.791   600  1081 I ActivityManager: Start proc 2025:com.android.chrome:sandboxed_process19/u0i406 for service com.android.chrome/org.chromium.content.app.SandboxedProcessService19
10-30 21:57:20.791   600   610 I ActivityManager: Process com.android.chrome:sandboxed_process14 (pid 1901) has died
10-30 21:57:20.791   600   610 D ActivityManager: cleanUpApplicationRecord -- 1901
10-30 21:57:20.792   600   610 I ActivityManager: Killing 1941:com.android.chrome:sandboxed_process17/u0a35i404 (adj 0): isolated not needed
10-30 21:57:20.792   600   610 I ActivityManager: Killing 1958:com.android.chrome:sandboxed_process18/u0a35i405 (adj 0): isolated not needed
10-30 21:57:20.792   600   610 I ActivityManager: Killing 1882:com.android.chrome:sandboxed_process12/u0a35i399 (adj 0): isolated not needed
10-30 21:57:20.792   600   610 I ActivityManager: Killing 1889:com.android.chrome:sandboxed_process13/u0a35i400 (adj 0): isolated not needed
10-30 21:57:20.792   600   610 I ActivityManager: Killing 1913:com.android.chrome:sandboxed_process15/u0a35i402 (adj 0): isolated not needed
10-30 21:57:20.836   600 27731 I ActivityManager: START u0 {act=android.intent.action.VIEW dat=http://biomedcentral.com/... flg=0x10000000 cmp=com.android.chrome/com.google.android.apps.chrome.Main} from uid 2000 on display 0
10-30 21:57:20.857   600 16391 I ActivityManager: Killing 1933:com.android.chrome:sandboxed_process16/u0a35i403 (adj 0): isolated not needed
10-30 21:57:20.873  1843  1843 W dex2oat : Compilation of java.lang.String androidx.core.graphics.drawable.IconCompat.toString() took 108.648ms
10-30 21:57:20.876  1667  1667 D AndroidRuntime: Shutting down VM
10-30 21:57:20.911  1522  1522 E cr_IntentUtils: getInt failed on bundle null
10-30 21:57:20.913  2025  2025 W boxed_process19: type=1400 audit(0.0:9367): avc: denied { getattr } for path="/data/data/com.android.chrome" dev="dm-2" ino=12190 scontext=u:r:isolated_app:s0:c512,c768 tcontext=u:object_r:app_data_file:s0:c512,c768 tclass=dir permissive=0
10-30 21:57:20.921  1522  1532 I art     : Background sticky concurrent mark sweep GC freed 37674(1895KB) AllocSpace objects, 15(320KB) LOS objects, 10% free, 14MB/15MB, paused 9.462ms total 73.522ms
10-30 21:57:20.932  1843  1843 I dex2oat : dex2oat took 1.326s (threads: 2) arena alloc=875KB (896152B) java alloc=65KB (67400B) native alloc=559KB (572984B) free=2000KB (2048456B)
10-30 21:57:20.964  1522  1522 W FeedModelProvider: sessionId is null, this should have been set during population
10-30 21:57:20.965  1522  1522 I cr_tabmodel: Appending tabs being restored to metadata lists, 0, startingNormalCount: 2, startingIncognitoCount: 0
10-30 21:57:20.965  1522  1522 I cr_tabmodel: Serializing tab lists; counts: 2, 0
10-30 21:57:20.988  2025  2025 I cr_ChildProcessService: Creating new ChildProcessService pid=2025
10-30 21:57:21.006   600  6312 I ActivityManager: Start proc 2042:com.android.chrome:sandboxed_process20/u0i407 for service com.android.chrome/org.chromium.content.app.SandboxedProcessService20
10-30 21:57:21.110  2042  2042 W boxed_process20: type=1400 audit(0.0:9368): avc: denied { getattr } for path="/data/data/com.android.chrome" dev="dm-2" ino=12190 scontext=u:r:isolated_app:s0:c512,c768 tcontext=u:object_r:app_data_file:s0:c512,c768 tclass=dir permissive=0
10-30 21:57:21.141  2025  2041 I cr_LibraryLoader: Loaded native library version number "85.0.4183.127"
10-30 21:57:21.142  2025  2041 I cr_CachingUmaRecorder: Flushed 1 samples from 1 histograms.
10-30 21:57:21.184  2042  2042 I cr_ChildProcessService: Creating new ChildProcessService pid=2042
10-30 21:57:21.208  1522  1532 I art     : Background partial concurrent mark sweep GC freed 14671(715KB) AllocSpace objects, 16(2040KB) LOS objects, 40% free, 13MB/22MB, paused 675us total 104.973ms
10-30 21:57:21.240  2025  2025 I cr_ChildProcessService: Destroying ChildProcessService pid=2025
10-30 21:57:21.242  2025  2025 I art     : System.exit called, status: 0
10-30 21:57:21.242  2025  2025 I AndroidRuntime: VM exiting with result code 0, cleanup skipped.
10-30 21:57:21.257  2042  2059 I cr_LibraryLoader: Loaded native library version number "85.0.4183.127"
10-30 21:57:21.258  2042  2059 I cr_CachingUmaRecorder: Flushed 1 samples from 1 histograms.
10-30 21:57:21.273   600  3675 I ActivityManager: Process com.android.chrome:sandboxed_process19 (pid 2025) has died
10-30 21:57:21.273   600  3675 D ActivityManager: cleanUpApplicationRecord -- 2025
10-30 21:57:21.291   600  2707 D ActivityManager: cleanUpApplicationRecord -- 1941
10-30 21:57:21.300  1522  1522 W chromium: [WARNING:compositor_view.cc(315)] Child process died (type=6) pid=2025)
10-30 21:57:21.317  1522  1522 W chromium: [WARNING:compositor_view.cc(315)] Child process died (type=6) pid=1941)
10-30 21:57:21.341   600 13631 I ActivityManager: Start proc 2066:com.android.chrome:sandboxed_process21/u0i408 for service com.android.chrome/org.chromium.content.app.SandboxedProcessService21
10-30 21:57:21.458   600   609 I art     : Background partial concurrent mark sweep GC freed 51356(2MB) AllocSpace objects, 43(1108KB) LOS objects, 33% free, 17MB/25MB, paused 851us total 661.762ms
