10-30 01:58:40.137  5258  5258 W CrUtilityMain: type=1400 audit(0.0:3484): avc: denied { setattr } for name="manifest.json" dev="dm-2" ino=57950 scontext=u:r:isolated_app:s0:c512,c768 tcontext=u:object_r:app_data_file:s0:c512,c768 tclass=file permissive=0
10-30 01:58:40.140  5258  5258 W CrUtilityMain: type=1400 audit(0.0:3485): avc: denied { setattr } for name="verified_contents.json" dev="dm-2" ino=59804 scontext=u:r:isolated_app:s0:c512,c768 tcontext=u:object_r:app_data_file:s0:c512,c768 tclass=file permissive=0
10-30 01:58:40.147  5244  5244 I cr_ChildProcessService: Destroying ChildProcessService pid=5244
10-30 01:58:40.148  5244  5258 I chromium: [INFO:child_process_service.cc(69)] ChildProcessService: Exiting child process.
10-30 01:58:40.168   600  1079 I ActivityManager: Process com.android.chrome:sandboxed_process25 (pid 5244) has died
10-30 01:58:40.169   600  1079 D ActivityManager: cleanUpApplicationRecord -- 5244
10-30 01:58:40.177  4534  4534 W chromium: [WARNING:compositor_view.cc(315)] Child process died (type=6) pid=5244)
10-30 01:58:41.585   600  1080 I ActivityManager: Start proc 5265:com.android.chrome:sandboxed_process26/u0i186 for service com.android.chrome/org.chromium.content.app.SandboxedProcessService26
10-30 01:58:41.650  5265  5265 W boxed_process26: type=1400 audit(0.0:3486): avc: denied { getattr } for path="/data/data/com.android.chrome" dev="dm-2" ino=12190 scontext=u:r:isolated_app:s0:c512,c768 tcontext=u:object_r:app_data_file:s0:c512,c768 tclass=dir permissive=0
10-30 01:58:41.652  5125  5125 D MonkeyStub: translateCommand: touch down 614 1561
10-30 01:58:41.664  5125  5125 D MonkeyStub: translateCommand: touch move 614 1561
10-30 01:58:41.701  5265  5265 I cr_ChildProcessService: Creating new ChildProcessService pid=5265
10-30 01:58:41.762  5265  5278 I cr_LibraryLoader: Loaded native library version number "85.0.4183.127"
10-30 01:58:41.763  5265  5278 I cr_CachingUmaRecorder: Flushed 1 samples from 1 histograms.
10-30 01:58:41.776  5125  5125 D MonkeyStub: translateCommand: touch move 614 1436
10-30 01:58:41.793  5278  5278 W CrUtilityMain: type=1400 audit(0.0:3487): avc: denied { setattr } for name="safety_tips.pb" dev="dm-2" ino=23810 scontext=u:r:isolated_app:s0:c512,c768 tcontext=u:object_r:app_data_file:s0:c512,c768 tclass=file permissive=0
10-30 01:58:41.793  5278  5278 W CrUtilityMain: type=1400 audit(0.0:3488): avc: denied { setattr } for name="manifest.json" dev="dm-2" ino=22852 scontext=u:r:isolated_app:s0:c512,c768 tcontext=u:object_r:app_data_file:s0:c512,c768 tclass=file permissive=0
10-30 01:58:41.800  5278  5278 W CrUtilityMain: type=1400 audit(0.0:3489): avc: denied { setattr } for name="verified_contents.json" dev="dm-2" ino=23092 scontext=u:r:isolated_app:s0:c512,c768 tcontext=u:object_r:app_data_file:s0:c512,c768 tclass=file permissive=0
10-30 01:58:41.803  5265  5278 I chromium: [INFO:child_process_service.cc(69)] ChildProcessService: Exiting child process.
10-30 01:58:41.806   197   197 E lowmemorykiller: Error writing /proc/5265/oom_score_adj; errno=22
10-30 01:58:41.845  4534  4534 W chromium: [WARNING:compositor_view.cc(315)] Child process died (type=6) pid=5265)
10-30 01:58:41.845   600  2707 I ActivityManager: Process com.android.chrome:sandboxed_process26 (pid 5265) has died
10-30 01:58:41.845   600  2707 D ActivityManager: cleanUpApplicationRecord -- 5265
10-30 01:58:41.890  5125  5125 D MonkeyStub: translateCommand: touch move 614 1311
10-30 01:58:41.998  5125  5125 D MonkeyStub: translateCommand: touch move 614 1186
10-30 01:58:42.104  5125  5125 D MonkeyStub: translateCommand: touch move 614 1061
10-30 01:58:42.247  5125  5125 D MonkeyStub: translateCommand: touch move 614 937
10-30 01:58:42.351  5125  5125 D MonkeyStub: translateCommand: touch move 614 812
10-30 01:58:42.462  5125  5125 D MonkeyStub: translateCommand: touch move 614 687
10-30 01:58:42.574  5125  5125 D MonkeyStub: translateCommand: touch move 614 562
10-30 01:58:42.679  5125  5125 D MonkeyStub: translateCommand: touch move 614 437
10-30 01:58:42.789  5125  5125 D MonkeyStub: translateCommand: touch move 614 312
10-30 01:58:42.793  5125  5125 D MonkeyStub: translateCommand: touch up 614 312
10-30 01:58:43.545   600   707 I ActivityManager: Start proc 5284:com.android.chrome:sandboxed_process27/u0i187 for service com.android.chrome/org.chromium.content.app.SandboxedProcessService27
10-30 01:58:43.590  5284  5284 W boxed_process27: type=1400 audit(0.0:3490): avc: denied { getattr } for path="/data/data/com.android.chrome" dev="dm-2" ino=12190 scontext=u:r:isolated_app:s0:c512,c768 tcontext=u:object_r:app_data_file:s0:c512,c768 tclass=dir permissive=0
10-30 01:58:43.611  5284  5284 I cr_ChildProcessService: Creating new ChildProcessService pid=5284
10-30 01:58:43.652  5284  5297 I cr_LibraryLoader: Loaded native library version number "85.0.4183.127"
10-30 01:58:43.652  5284  5297 I cr_CachingUmaRecorder: Flushed 1 samples from 1 histograms.
10-30 01:58:43.667  5297  5297 W CrUtilityMain: type=1400 audit(0.0:3491): avc: denied { setattr } for name=5072656C6F61642044617461 dev="dm-2" ino=23009 scontext=u:r:isolated_app:s0:c512,c768 tcontext=u:object_r:app_data_file:s0:c512,c768 tclass=file permissive=0
10-30 01:58:43.667  5297  5297 W CrUtilityMain: type=1400 audit(0.0:3492): avc: denied { setattr } for name="manifest.json" dev="dm-2" ino=23098 scontext=u:r:isolated_app:s0:c512,c768 tcontext=u:object_r:app_data_file:s0:c512,c768 tclass=file permissive=0
10-30 01:58:43.670  5297  5297 W CrUtilityMain: type=1400 audit(0.0:3493): avc: denied { setattr } for name="verified_contents.json" dev="dm-2" ino=22436 scontext=u:r:isolated_app:s0:c512,c768 tcontext=u:object_r:app_data_file:s0:c512,c768 tclass=file permissive=0
10-30 01:58:43.679  5284  5284 I cr_ChildProcessService: Destroying ChildProcessService pid=5284
10-30 01:58:43.680  5284  5297 I chromium: [INFO:child_process_service.cc(69)] ChildProcessService: Exiting child process.
10-30 01:58:43.701   600   707 I ActivityManager: Process com.android.chrome:sandboxed_process27 (pid 5284) has died
10-30 01:58:43.701   600   707 D ActivityManager: cleanUpApplicationRecord -- 5284
10-30 01:58:43.703  4534  4534 W chromium: [WARNING:compositor_view.cc(315)] Child process died (type=6) pid=5284)
10-30 01:58:45.638   600  6312 I ActivityManager: Start proc 5303:com.android.chrome:sandboxed_process28/u0i188 for service com.android.chrome/org.chromium.content.app.SandboxedProcessService28
10-30 01:58:45.700  5303  5303 W boxed_process28: type=1400 audit(0.0:3494): avc: denied { getattr } for path="/data/data/com.android.chrome" dev="dm-2" ino=12190 scontext=u:r:isolated_app:s0:c512,c768 tcontext=u:object_r:app_data_file:s0:c512,c768 tclass=dir permissive=0
10-30 01:58:45.732  5303  5303 I cr_ChildProcessService: Creating new ChildProcessService pid=5303
10-30 01:58:45.795  5303  5316 I cr_LibraryLoader: Loaded native library version number "85.0.4183.127"
10-30 01:58:45.795  5303  5316 I cr_CachingUmaRecorder: Flushed 1 samples from 1 histograms.
10-30 01:58:45.807  5316  5316 W CrUtilityMain: type=1400 audit(0.0:3495): avc: denied { setattr } for name="tls_deprecation_config.pb" dev="dm-2" ino=22554 scontext=u:r:isolated_app:s0:c512,c768 tcontext=u:object_r:app_data_file:s0:c512,c768 tclass=file permissive=0
10-30 01:58:45.810  5316  5316 W CrUtilityMain: type=1400 audit(0.0:3496): avc: denied { setattr } for name="manifest.json" dev="dm-2" ino=23075 scontext=u:r:isolated_app:s0:c512,c768 tcontext=u:object_r:app_data_file:s0:c512,c768 tclass=file permissive=0
10-30 01:58:45.810  5316  5316 W CrUtilityMain: type=1400 audit(0.0:3497): avc: denied { setattr } for name="verified_contents.json" dev="dm-2" ino=22982 scontext=u:r:isolated_app:s0:c512,c768 tcontext=u:object_r:app_data_file:s0:c512,c768 tclass=file permissive=0
10-30 01:58:45.819  5303  5316 I chromium: [INFO:child_process_service.cc(69)] ChildProcessService: Exiting child process.
10-30 01:58:45.841   600  1082 I ActivityManager: Process com.android.chrome:sandboxed_process28 (pid 5303) has died
10-30 01:58:45.841   600  1082 D ActivityManager: cleanUpApplicationRecord -- 5303
10-30 01:58:45.843  4534  4534 W chromium: [WARNING:compositor_view.cc(315)] Child process died (type=6) pid=5303)
10-30 01:58:47.977  5125  5125 D MonkeyStub: translateCommand: touch down 614 1561
10-30 01:58:48.003  5125  5125 D MonkeyStub: translateCommand: touch move 614 1561
10-30 01:58:48.147  5125  5125 D MonkeyStub: translateCommand: touch move 614 1436
10-30 01:58:48.288  5125  5125 D MonkeyStub: translateCommand: touch move 614 1311
10-30 01:58:48.413  5125  5125 D MonkeyStub: translateCommand: touch move 614 1186
10-30 01:58:48.520  5125  5125 D MonkeyStub: translateCommand: touch move 614 1061
10-30 01:58:48.600   600  3507 I ActivityManager: Start proc 5322:com.android.chrome:sandboxed_process29/u0i189 for service com.android.chrome/org.chromium.content.app.SandboxedProcessService29
10-30 01:58:48.631  5125  5125 D MonkeyStub: translateCommand: touch move 614 937
10-30 01:58:48.633  5322  5322 W boxed_process29: type=1400 audit(0.0:3498): avc: denied { getattr } for path="/data/data/com.android.chrome" dev="dm-2" ino=12190 scontext=u:r:isolated_app:s0:c512,c768 tcontext=u:object_r:app_data_file:s0:c512,c768 tclass=dir permissive=0
10-30 01:58:48.666  5322  5322 I cr_ChildProcessService: Creating new ChildProcessService pid=5322
10-30 01:58:48.709  5322  5335 I cr_LibraryLoader: Loaded native library version number "85.0.4183.127"
10-30 01:58:48.709  5322  5335 I cr_CachingUmaRecorder: Flushed 1 samples from 1 histograms.
10-30 01:58:48.742  5125  5125 D MonkeyStub: translateCommand: touch move 614 812
10-30 01:58:48.747  5335  5335 W CrUtilityMain: type=1400 audit(0.0:3499): avc: denied { setattr } for name="tl_en-us_2022-10-17_483521407_100000_index.bin" dev="dm-2" ino=58534 scontext=u:r:isolated_app:s0:c512,c768 tcontext=u:object_r:app_data_file:s0:c512,c768 tclass=file permissive=0
10-30 01:58:48.747  5335  5335 W CrUtilityMain: type=1400 audit(0.0:3500): avc: denied { setattr } for name="manifest.json" dev="dm-2" ino=23572 scontext=u:r:isolated_app:s0:c512,c768 tcontext=u:object_r:app_data_file:s0:c512,c768 tclass=file permissive=0
10-30 01:58:48.750  5335  5335 W CrUtilityMain: type=1400 audit(0.0:3501): avc: denied { setattr } for name="verified_contents.json" dev="dm-2" ino=23627 scontext=u:r:isolated_app:s0:c512,c768 tcontext=u:object_r:app_data_file:s0:c512,c768 tclass=file permissive=0
10-30 01:58:48.756  5322  5335 I chromium: [INFO:child_process_service.cc(69)] ChildProcessService: Exiting child process.
10-30 01:58:48.757   197   197 E lowmemorykiller: Error writing /proc/5322/oom_score_adj; errno=22
10-30 01:58:48.788  4534  4534 W chromium: [WARNING:compositor_view.cc(315)] Child process died (type=6) pid=5322)
10-30 01:58:48.789   600  1079 I ActivityManager: Process com.android.chrome:sandboxed_process29 (pid 5322) has died
10-30 01:58:48.789   600  1079 D ActivityManager: cleanUpApplicationRecord -- 5322
10-30 01:58:48.852  5125  5125 D MonkeyStub: translateCommand: touch move 614 687
10-30 01:58:48.958  5125  5125 D MonkeyStub: translateCommand: touch move 614 562
10-30 01:58:49.069  5125  5125 D MonkeyStub: translateCommand: touch move 614 437
10-30 01:58:49.179  5125  5125 D MonkeyStub: translateCommand: touch move 614 312
10-30 01:58:49.183  5125  5125 D MonkeyStub: translateCommand: touch up 614 312
10-30 01:58:51.253  5125  5125 D MonkeyStub: Quit requested
10-30 01:58:51.321   600   614 I CwMcuSensor: CwMcuSensor::flush: fd = 235, sensors_id = 0, path = /sys/class/htc_sensorhub/sensor_hub/flush, err = 0
10-30 01:58:51.332  5125  5125 I art     : System.exit called, status: 58
10-30 01:58:51.332  5125  5125 I AndroidRuntime: VM exiting with result code 58.
10-30 01:58:51.361   600 13631 W WindowManager: Attempted to remove non-existing token: android.os.Binder@e9a748a
10-30 01:58:51.817   600 27731 I ActivityManager: Start proc 5340:com.android.chrome:sandboxed_process30/u0i190 for service com.android.chrome/org.chromium.content.app.SandboxedProcessService30
10-30 01:58:51.883  5340  5340 W boxed_process30: type=1400 audit(0.0:3502): avc: denied { getattr } for path="/data/data/com.android.chrome" dev="dm-2" ino=12190 scontext=u:r:isolated_app:s0:c512,c768 tcontext=u:object_r:app_data_file:s0:c512,c768 tclass=dir permissive=0
10-30 01:58:51.912  5340  5340 I cr_ChildProcessService: Creating new ChildProcessService pid=5340
10-30 01:58:51.972  5340  5353 I cr_LibraryLoader: Loaded native library version number "85.0.4183.127"
10-30 01:58:51.972  5340  5353 I cr_CachingUmaRecorder: Flushed 1 samples from 1 histograms.
10-30 01:58:51.993  5353  5353 W CrUtilityMain: type=1400 audit(0.0:3503): avc: denied { setattr } for name="optimization-hints.pb" dev="dm-2" ino=22716 scontext=u:r:isolated_app:s0:c512,c768 tcontext=u:object_r:app_data_file:s0:c512,c768 tclass=file permissive=0
10-30 01:58:51.997  5353  5353 W CrUtilityMain: type=1400 audit(0.0:3504): avc: denied { setattr } for name="manifest.json" dev="dm-2" ino=22582 scontext=u:r:isolated_app:s0:c512,c768 tcontext=u:object_r:app_data_file:s0:c512,c768 tclass=file permissive=0
10-30 01:58:52.000  5353  5353 W CrUtilityMain: type=1400 audit(0.0:3505): avc: denied { setattr } for name="verified_contents.json" dev="dm-2" ino=22682 scontext=u:r:isolated_app:s0:c512,c768 tcontext=u:object_r:app_data_file:s0:c512,c768 tclass=file permissive=0
10-30 01:58:52.011  5340  5353 I chromium: [INFO:child_process_service.cc(69)] ChildProcessService: Exiting child process.
10-30 01:58:52.013   197   197 E lowmemorykiller: Error writing /proc/5340/oom_score_adj; errno=22
10-30 01:58:52.037   600  1081 I ActivityManager: Process com.android.chrome:sandboxed_process30 (pid 5340) has died
10-30 01:58:52.037   600  1081 D ActivityManager: cleanUpApplicationRecord -- 5340
10-30 01:58:52.042  4534  4534 W chromium: [WARNING:compositor_view.cc(315)] Child process died (type=6) pid=5340)
10-30 01:58:55.366   600   713 I ActivityManager: Start proc 5357:com.android.chrome:sandboxed_process31/u0i191 for service com.android.chrome/org.chromium.content.app.SandboxedProcessService31
10-30 01:58:55.423  5357  5357 W boxed_process31: type=1400 audit(0.0:3506): avc: denied { getattr } for path="/data/data/com.android.chrome" dev="dm-2" ino=12190 scontext=u:r:isolated_app:s0:c512,c768 tcontext=u:object_r:app_data_file:s0:c512,c768 tclass=dir permissive=0
10-30 01:58:55.451  5357  5357 I cr_ChildProcessService: Creating new ChildProcessService pid=5357
10-30 01:58:55.504  5357  5371 I cr_LibraryLoader: Loaded native library version number "85.0.4183.127"
10-30 01:58:55.504  5357  5371 I cr_CachingUmaRecorder: Flushed 1 samples from 1 histograms.
10-30 01:58:55.517  5371  5371 W CrUtilityMain: type=1400 audit(0.0:3507): avc: denied { setattr } for name="crl-set" dev="dm-2" ino=9366 scontext=u:r:isolated_app:s0:c512,c768 tcontext=u:object_r:app_data_file:s0:c512,c768 tclass=file permissive=0
10-30 01:58:55.517  5371  5371 W CrUtilityMain: type=1400 audit(0.0:3508): avc: denied { setattr } for name="manifest.json" dev="dm-2" ino=7432 scontext=u:r:isolated_app:s0:c512,c768 tcontext=u:object_r:app_data_file:s0:c512,c768 tclass=file permissive=0
10-30 01:58:55.520  5371  5371 W CrUtilityMain: type=1400 audit(0.0:3509): avc: denied { setattr } for name="LICENSE" dev="dm-2" ino=7409 scontext=u:r:isolated_app:s0:c512,c768 tcontext=u:object_r:app_data_file:s0:c512,c768 tclass=file permissive=0
10-30 01:58:55.520  5371  5371 W CrUtilityMain: type=1400 audit(0.0:3510): avc: denied { setattr } for name="verified_contents.json" dev="dm-2" ino=59696 scontext=u:r:isolated_app:s0:c512,c768 tcontext=u:object_r:app_data_file:s0:c512,c768 tclass=file permissive=0
10-30 01:58:55.527  5357  5357 I cr_ChildProcessService: Destroying ChildProcessService pid=5357
10-30 01:58:55.528  5357  5371 I chromium: [INFO:child_process_service.cc(69)] ChildProcessService: Exiting child process.
10-30 01:58:55.544   600  1080 I ActivityManager: Process com.android.chrome:sandboxed_process31 (pid 5357) has died
10-30 01:58:55.544   600  1080 D ActivityManager: cleanUpApplicationRecord -- 5357
10-30 01:58:55.547  4534  4534 W chromium: [WARNING:compositor_view.cc(315)] Child process died (type=6) pid=5357)
10-30 01:59:02.966   246   246 D NuPlayerDriver: reset(0xf0220b40) at state 4
10-30 01:59:02.966   246   246 D NuPlayerDriver: notifyListener_l(0xf0220b40), (8, 0, 0), loop setting(0, 0)
10-30 01:59:02.967   246  5089 D NuPlayerDriver: notifyResetComplete(0xf0220b40)
10-30 01:59:07.070 26403 27080 I Icing   : IndexChimeraService.getServiceInterface callingPackage=com.android.chrome componentName=null serviceId=36
10-30 01:59:07.096 26403 28858 W Icing   : No valid account for uploading user actions
10-30 01:59:07.145 26403 27077 I Icing   : IndexChimeraService.getServiceInterface callingPackage=com.google.android.gms componentName=null serviceId=30
10-30 01:59:07.180 26403 28858 I Icing   : Usage reports ok 2, Failed Usage reports 0, indexed 1, rejected 0
10-30 01:59:07.184 26403 28858 W Icing   : No valid account for uploading user actions
10-30 01:59:07.205 26403 28858 I Icing   : Usage reports ok 0, Failed Usage reports 0, indexed 0, rejected 0
10-30 01:59:07.206 26403 28858 I Icing   : Indexing com.android.chrome-omnibox from com.android.chrome
10-30 01:59:07.237 26403 28858 I Icing   : Indexing done com.android.chrome-omnibox
10-30 01:59:07.466  5393  5393 D AndroidRuntime: >>>>>> START com.android.internal.os.RuntimeInit uid 2000 <<<<<<
10-30 01:59:07.471  5393  5393 D AndroidRuntime: CheckJNI is OFF
10-30 01:59:07.540  5393  5393 D ICU     : No timezone override file found: /data/misc/zoneinfo/current/icu/icu_tzdata.dat
10-30 01:59:07.570  5393  5393 I Radio-JNI: register_android_hardware_Radio DONE
10-30 01:59:07.585  5393  5393 D AndroidRuntime: Calling main entry com.android.commands.am.Am
10-30 01:59:07.601   600  1082 I ActivityManager: Force stopping com.android.chrome appid=10035 user=0: from pid 5393
10-30 01:59:07.601   600  1082 I ActivityManager: Killing 4596:com.android.chrome:privileged_process0/u0a35 (adj 0): stop com.android.chrome
10-30 01:59:07.602   600  1082 D ActivityManager: cleanUpApplicationRecord -- 4596
10-30 01:59:07.602   600  1082 W ActivityManager: Scheduling restart of crashed service com.android.chrome/org.chromium.content.app.PrivilegedProcessService0 in 1000ms
10-30 01:59:07.602   600  1082 I ActivityManager: Killing 4534:com.android.chrome/u0a35 (adj 0): stop com.android.chrome
10-30 01:59:07.602   600  1082 D ActivityManager: cleanUpApplicationRecord -- 4534
10-30 01:59:07.608  5041  5041 I cr_ChildProcessService: Destroying ChildProcessService pid=5041
10-30 01:59:07.614   600  1082 W ActivityManager: Force removing ActivityRecord{66fb0fc u0 com.android.chrome/com.google.android.apps.chrome.Main t1446}: app died, no saved state
10-30 01:59:07.638   600  1082 I ActivityManager: Killing 5041:com.android.chrome:sandboxed_process21/u0a35i181 (adj 0): isolated not needed
10-30 01:59:07.638   600  1082 I ActivityManager: Killing 4570:com.android.chrome:sandboxed_process0/u0a35i160 (adj 0): isolated not needed
10-30 01:59:07.655   600 27731 D ConnectivityService: ConnectivityService NetworkRequestInfo binderDied(NetworkRequest [ LISTEN id=546, [ Capabilities: INTERNET&NOT_RESTRICTED&TRUSTED&FOREGROUND] ], android.os.BinderProxy@848a814)
10-30 01:59:07.655   600  9614 D ConnectivityService: ConnectivityService NetworkRequestInfo binderDied(NetworkRequest [ LISTEN id=543, [ Capabilities: INTERNET&NOT_RESTRICTED&TRUSTED&FOREGROUND] ], android.os.BinderProxy@d9dd8bd)
10-30 01:59:07.656   600  3507 D ConnectivityService: ConnectivityService NetworkRequestInfo binderDied(NetworkRequest [ LISTEN id=544, [ Capabilities: INTERNET&NOT_RESTRICTED&TRUSTED&FOREGROUND] ], android.os.BinderProxy@36d0eb2)
10-30 01:59:07.656   600  3994 D ConnectivityService: ConnectivityService NetworkRequestInfo binderDied(NetworkRequest [ LISTEN id=545, [ Capabilities: INTERNET&NOT_RESTRICTED&TRUSTED&FOREGROUND] ], android.os.BinderProxy@f95ae03)
10-30 01:59:07.656   600  3994 D GraphicsStats: Buffer count: 2
10-30 01:59:07.657   600   649 E ConnectivityService: RemoteException caught trying to send a callback msg for NetworkRequest [ LISTEN id=543, [ Capabilities: INTERNET&NOT_RESTRICTED&TRUSTED&FOREGROUND] ]
10-30 01:59:07.658   600   649 E ConnectivityService: RemoteException caught trying to send a callback msg for NetworkRequest [ LISTEN id=544, [ Capabilities: INTERNET&NOT_RESTRICTED&TRUSTED&FOREGROUND] ]
10-30 01:59:07.658   600   649 E ConnectivityService: RemoteException caught trying to send a callback msg for NetworkRequest [ LISTEN id=545, [ Capabilities: INTERNET&NOT_RESTRICTED&TRUSTED&FOREGROUND] ]
10-30 01:59:07.658   600   649 E ConnectivityService: RemoteException caught trying to send a callback msg for NetworkRequest [ LISTEN id=546, [ Capabilities: INTERNET&NOT_RESTRICTED&TRUSTED&FOREGROUND] ]
10-30 01:59:07.665  5393  5393 D AndroidRuntime: Shutting down VM
10-30 01:59:07.681  1084  1171 I OpenGLRenderer: Initialized EGL, version 1.4
10-30 01:59:07.681  1084  1171 D OpenGLRenderer: Swap behavior 2
10-30 01:59:07.725  1061  1061 D RegisteredNfcFServicesCache: Service unchanged, not updating
10-30 01:59:07.787 14788 14800 I AttachedClient: Adding client event 2 to pending list.
10-30 01:59:07.799 14788 14788 I OptInState: There is a new client and it does not support opt-in. Dropping request.
10-30 01:59:07.805 14788 14788 I MicroDetectionWorker: Micro detection mode: [mDetectionMode: [1]].
10-30 01:59:07.814 14788  5407 I MicroRecognitionRunner: Starting detection.
10-30 01:59:07.814 14788 29000 I MicrophoneInputStream: mic_starting com.google.android.apps.gsa.speech.audio.ae@deaa432
10-30 01:59:07.820   238   285 I SoundTriggerHwService::Module: void android::SoundTriggerHwService::Module::onCallbackEvent(const sp<android::SoundTriggerHwService::CallbackEvent> &) mClient == 0
10-30 01:59:07.822   238  5410 I AudioFlinger: AudioFlinger's thread 0xef692a40 ready to run
10-30 01:59:07.823 14788 29000 I MicrophoneInputStream: mic_started com.google.android.apps.gsa.speech.audio.ae@deaa432
10-30 01:59:07.895   600   609 I art     : Background partial concurrent mark sweep GC freed 72655(3MB) AllocSpace objects, 41(1584KB) LOS objects, 33% free, 15MB/23MB, paused 951us total 173.798ms
10-30 01:59:07.923   600  1079 D ActivityManager: cleanUpApplicationRecord -- 5041
10-30 01:59:07.936   600  1076 D ActivityManager: cleanUpApplicationRecord -- 4570
10-30 01:59:08.014 14788 14788 I MicroDetectionWorker: onReady
10-30 01:59:08.180  5411  5411 D AndroidRuntime: >>>>>> START com.android.internal.os.RuntimeInit uid 2000 <<<<<<
10-30 01:59:08.184  5411  5411 D AndroidRuntime: CheckJNI is OFF
10-30 01:59:08.225  1084  1171 W OpenGLRenderer: Incorrectly called buildLayer on View: ShortcutAndWidgetContainer, destroying layer...
10-30 01:59:08.255  5411  5411 D ICU     : No timezone override file found: /data/misc/zoneinfo/current/icu/icu_tzdata.dat
10-30 01:59:08.282  5411  5411 I Radio-JNI: register_android_hardware_Radio DONE
10-30 01:59:08.298  5411  5411 D AndroidRuntime: Calling main entry com.android.commands.pm.Pm
10-30 01:59:08.311   600  9614 I ActivityManager: Force stopping com.android.chrome appid=10035 user=0: clear data
10-30 01:59:08.312   600   613 I ActivityManager: Force stopping com.android.chrome appid=10035 user=-1: clearApplicationUserData
10-30 01:59:08.356   787   787 I GeofencerStateMachine: removeGeofences: removeRequest=RemoveGeofencingRequest[REMOVE_ALL packageName=com.android.chrome]
10-30 01:59:08.358  5411  5411 I art     : System.exit called, status: 0
10-30 01:59:08.358  5411  5411 I AndroidRuntime: VM exiting with result code 0.
10-30 01:59:08.366   600   612 W ResourceType: No known package when getting value for resource number 0x7f080316
10-30 01:59:08.366   600   612 W ResourceType: No known package when getting value for resource number 0x7f130448
10-30 01:59:08.366   600   612 W ResourceType: No known package when getting value for resource number 0x7f080315
10-30 01:59:08.366   600   612 W ResourceType: No known package when getting value for resource number 0x7f130123
10-30 01:59:08.366   600   612 W ResourceType: No known package when getting value for resource number 0x7f130447
10-30 01:59:08.366   600   612 W ResourceType: No known package when getting value for resource number 0x7f1302e4
10-30 01:59:08.367   600   612 E ShortcutService: Ignoring excessive intent tag.
10-30 01:59:08.368  1061  1061 D RegisteredNfcFServicesCache: Service unchanged, not updating
10-30 01:59:08.411 26403 28858 I Icing   : doRemovePackageData com.android.chrome
10-30 01:59:08.411 26403 28858 I Icing   : Removing corpus key com.android.chrome-.implicit: for package com.android.chrome
10-30 01:59:08.433   787  5436 I Fitness : FitCleanupIntentOperation received Intent android.intent.action.PACKAGE_DATA_CLEARED [CONTEXT service_id=17 ]
10-30 01:59:08.441 26403 28858 I native  : flash-index.cc:1519 Flash index sort hb 54 prefix-hits 109 -> 104 at 5.099ms
10-30 01:59:08.480 26403 28858 I Icing   : Removing corpus key com.android.chrome-omnibox for package com.android.chrome
10-30 01:59:08.537 26403 28858 I Icing   : Starting compaction min disk 99.927% min index 99.991%
10-30 01:59:08.654 26403 28858 I native  : document-store.cc:1654 Scored 1541 usage reports, missing_corpora 807 update_failed 1
10-30 01:59:08.686 26403 28858 W native  : words-map.cc:30 INVALID_ARGUMENT: Empty URI
10-30 01:59:08.686 26403 28858 W native  : words-map.cc:34 WordsMap was not properly initialized
10-30 01:59:08.775 26403 28858 E native  : compactor.cc:67 Could not index embedding for docid 1: INTERNAL: Unable to find Thing Proto section 
10-30 01:59:08.775 26403 28858 E native  : compactor.cc:67 Could not index embedding for docid 3: INTERNAL: Unable to find Thing Proto section 
10-30 01:59:08.776 26403 28858 E native  : compactor.cc:67 Could not index embedding for docid 5: INTERNAL: Unable to find Thing Proto section 
10-30 01:59:08.776 26403 28858 E native  : compactor.cc:67 Could not index embedding for docid 7: INTERNAL: Unable to find Thing Proto section 
10-30 01:59:08.781 26403 28858 E native  : compactor.cc:67 Could not index embedding for docid 8: INTERNAL: Unable to find Thing Proto section 
10-30 01:59:08.782 26403 28858 E native  : compactor.cc:67 Could not index embedding for docid 10: INTERNAL: Unable to find Thing Proto section 
10-30 01:59:08.782 26403 28858 E native  : compactor.cc:67 Could not index embedding for docid 11: INTERNAL: Unable to find Thing Proto section 
10-30 01:59:08.782 26403 28858 E native  : compactor.cc:67 Could not index embedding for docid 13: INTERNAL: Unable to find Thing Proto section 
10-30 01:59:08.783 26403 28858 E native  : compactor.cc:67 Could not index embedding for docid 14: INTERNAL: Unable to find Thing Proto section 
10-30 01:59:08.788 26403 28858 E native  : compactor.cc:67 Could not index embedding for docid 17: INTERNAL: Unable to find Thing Proto section 
10-30 01:59:08.788 26403 28858 E native  : compactor.cc:67 Could not index embedding for docid 18: INTERNAL: Unable to find Thing Proto section 
10-30 01:59:08.789 26403 28858 E native  : compactor.cc:67 Could not index embedding for docid 21: INTERNAL: Unable to find Thing Proto section 
10-30 01:59:08.789 26403 28858 E native  : compactor.cc:67 Could not index embedding for docid 22: INTERNAL: Unable to find Thing Proto section 
10-30 01:59:08.794 26403 28858 E native  : compactor.cc:67 Could not index embedding for docid 26: INTERNAL: Unable to find Thing Proto section 
10-30 01:59:08.795 26403 28858 E native  : compactor.cc:67 Could not index embedding for docid 27: INTERNAL: Unable to find Thing Proto section 
10-30 01:59:08.841 26403 28858 I native  : flash-index.cc:1519 Flash index sort hb 34 prefix-hits 54 -> 54 at 29.842ms
10-30 01:59:08.872 26403 28858 W native  : words-map.cc:30 INVALID_ARGUMENT: Empty URI
10-30 01:59:08.872 26403 28858 W native  : words-map.cc:34 WordsMap was not properly initialized
10-30 01:59:08.927 26403 28858 I Icing   : updateResources: need to parse acol{com.android.chrome}
10-30 01:59:08.999 26403 28858 I Icing   : Indexing com.android.chrome-omnibox from com.android.chrome
10-30 01:59:09.018   600  7064 I ActivityManager: Start proc 5439:com.android.chrome/u0a35 for content provider com.android.chrome/com.google.android.apps.chrome.icing.IcingProvider
10-30 01:59:09.118 26403 28858 I Icing   : Indexing done com.android.chrome-omnibox
