10-30 21:58:06.379  2155  2155 D MonkeyStub: translateCommand: touch move 614 562
10-30 21:58:06.492  2155  2155 D MonkeyStub: translateCommand: touch move 614 437
10-30 21:58:06.599  2155  2155 D MonkeyStub: translateCommand: touch move 614 312
10-30 21:58:06.604  2155  2155 D MonkeyStub: translateCommand: touch up 614 312
10-30 21:58:07.288   600  1081 I ActivityManager: Start proc 2326:com.android.chrome:sandboxed_process28/u0i415 for service com.android.chrome/org.chromium.content.app.SandboxedProcessService28
10-30 21:58:07.330  2326  2326 W boxed_process28: type=1400 audit(0.0:9395): avc: denied { getattr } for path="/data/data/com.android.chrome" dev="dm-2" ino=12190 scontext=u:r:isolated_app:s0:c512,c768 tcontext=u:object_r:app_data_file:s0:c512,c768 tclass=dir permissive=0
10-30 21:58:07.354  2326  2326 I cr_ChildProcessService: Creating new ChildProcessService pid=2326
10-30 21:58:07.394  2326  2339 I cr_LibraryLoader: Loaded native library version number "85.0.4183.127"
10-30 21:58:07.396  2326  2339 I cr_CachingUmaRecorder: Flushed 1 samples from 1 histograms.
10-30 21:58:07.413  2339  2339 W CrUtilityMain: type=1400 audit(0.0:9396): avc: denied { setattr } for name="safety_tips.pb" dev="dm-2" ino=58138 scontext=u:r:isolated_app:s0:c512,c768 tcontext=u:object_r:app_data_file:s0:c512,c768 tclass=file permissive=0
10-30 21:58:07.413  2339  2339 W CrUtilityMain: type=1400 audit(0.0:9397): avc: denied { setattr } for name="manifest.json" dev="dm-2" ino=57128 scontext=u:r:isolated_app:s0:c512,c768 tcontext=u:object_r:app_data_file:s0:c512,c768 tclass=file permissive=0
10-30 21:58:07.416  2339  2339 W CrUtilityMain: type=1400 audit(0.0:9398): avc: denied { setattr } for name="verified_contents.json" dev="dm-2" ino=57788 scontext=u:r:isolated_app:s0:c512,c768 tcontext=u:object_r:app_data_file:s0:c512,c768 tclass=file permissive=0
10-30 21:58:07.427  2326  2326 I cr_ChildProcessService: Destroying ChildProcessService pid=2326
10-30 21:58:07.428  2326  2339 I chromium: [INFO:child_process_service.cc(69)] ChildProcessService: Exiting child process.
10-30 21:58:07.453   600 27731 I ActivityManager: Process com.android.chrome:sandboxed_process28 (pid 2326) has died
10-30 21:58:07.453   600 27731 D ActivityManager: cleanUpApplicationRecord -- 2326
10-30 21:58:07.456  1522  1522 W chromium: [WARNING:compositor_view.cc(315)] Child process died (type=6) pid=2326)
10-30 21:58:09.534   600 13631 I ActivityManager: Start proc 2345:com.android.chrome:sandboxed_process29/u0i416 for service com.android.chrome/org.chromium.content.app.SandboxedProcessService29
10-30 21:58:09.596  2345  2345 W boxed_process29: type=1400 audit(0.0:9399): avc: denied { getattr } for path="/data/data/com.android.chrome" dev="dm-2" ino=12190 scontext=u:r:isolated_app:s0:c512,c768 tcontext=u:object_r:app_data_file:s0:c512,c768 tclass=dir permissive=0
10-30 21:58:09.633  2345  2345 I cr_ChildProcessService: Creating new ChildProcessService pid=2345
10-30 21:58:09.687  2345  2358 I cr_LibraryLoader: Loaded native library version number "85.0.4183.127"
10-30 21:58:09.687  2345  2358 I cr_CachingUmaRecorder: Flushed 1 samples from 1 histograms.
10-30 21:58:09.700  2358  2358 W CrUtilityMain: type=1400 audit(0.0:9400): avc: denied { setattr } for name=5072656C6F61642044617461 dev="dm-2" ino=58297 scontext=u:r:isolated_app:s0:c512,c768 tcontext=u:object_r:app_data_file:s0:c512,c768 tclass=file permissive=0
10-30 21:58:09.700  2358  2358 W CrUtilityMain: type=1400 audit(0.0:9401): avc: denied { setattr } for name="manifest.json" dev="dm-2" ino=58063 scontext=u:r:isolated_app:s0:c512,c768 tcontext=u:object_r:app_data_file:s0:c512,c768 tclass=file permissive=0
10-30 21:58:09.703  2358  2358 W CrUtilityMain: type=1400 audit(0.0:9402): avc: denied { setattr } for name="verified_contents.json" dev="dm-2" ino=58682 scontext=u:r:isolated_app:s0:c512,c768 tcontext=u:object_r:app_data_file:s0:c512,c768 tclass=file permissive=0
10-30 21:58:09.709  2345  2358 I chromium: [INFO:child_process_service.cc(69)] ChildProcessService: Exiting child process.
10-30 21:58:09.710   197   197 E lowmemorykiller: Error writing /proc/2345/oom_score_adj; errno=22
10-30 21:58:09.733   600  3509 I ActivityManager: Process com.android.chrome:sandboxed_process29 (pid 2345) has died
10-30 21:58:09.733   600  3509 D ActivityManager: cleanUpApplicationRecord -- 2345
10-30 21:58:09.736  1522  1522 W chromium: [WARNING:compositor_view.cc(315)] Child process died (type=6) pid=2345)
10-30 21:58:11.710  2155  2155 D MonkeyStub: translateCommand: touch down 614 1561
10-30 21:58:11.721  2155  2155 D MonkeyStub: translateCommand: touch move 614 1561
10-30 21:58:11.835  2155  2155 D MonkeyStub: translateCommand: touch move 614 1436
10-30 21:58:11.947  2155  2155 D MonkeyStub: translateCommand: touch move 614 1311
10-30 21:58:12.057  2155  2155 D MonkeyStub: translateCommand: touch move 614 1186
10-30 21:58:12.080   600 17381 I ActivityManager: Start proc 2362:com.android.chrome:sandboxed_process30/u0i417 for service com.android.chrome/org.chromium.content.app.SandboxedProcessService30
10-30 21:58:12.136  2362  2362 W boxed_process30: type=1400 audit(0.0:9403): avc: denied { getattr } for path="/data/data/com.android.chrome" dev="dm-2" ino=12190 scontext=u:r:isolated_app:s0:c512,c768 tcontext=u:object_r:app_data_file:s0:c512,c768 tclass=dir permissive=0
10-30 21:58:12.159  2362  2362 I cr_ChildProcessService: Creating new ChildProcessService pid=2362
10-30 21:58:12.196  2155  2155 D MonkeyStub: translateCommand: touch move 614 1061
10-30 21:58:12.200  2362  2375 I cr_LibraryLoader: Loaded native library version number "85.0.4183.127"
10-30 21:58:12.200  2362  2375 I cr_CachingUmaRecorder: Flushed 1 samples from 1 histograms.
10-30 21:58:12.216  2375  2375 W CrUtilityMain: type=1400 audit(0.0:9404): avc: denied { setattr } for name="tls_deprecation_config.pb" dev="dm-2" ino=58987 scontext=u:r:isolated_app:s0:c512,c768 tcontext=u:object_r:app_data_file:s0:c512,c768 tclass=file permissive=0
10-30 21:58:12.220  2375  2375 W CrUtilityMain: type=1400 audit(0.0:9405): avc: denied { setattr } for name="manifest.json" dev="dm-2" ino=58710 scontext=u:r:isolated_app:s0:c512,c768 tcontext=u:object_r:app_data_file:s0:c512,c768 tclass=file permissive=0
10-30 21:58:12.220  2375  2375 W CrUtilityMain: type=1400 audit(0.0:9406): avc: denied { setattr } for name="verified_contents.json" dev="dm-2" ino=58907 scontext=u:r:isolated_app:s0:c512,c768 tcontext=u:object_r:app_data_file:s0:c512,c768 tclass=file permissive=0
10-30 21:58:12.239  2362  2375 I chromium: [INFO:child_process_service.cc(69)] ChildProcessService: Exiting child process.
10-30 21:58:12.243   197   197 E lowmemorykiller: Error writing /proc/2362/oom_score_adj; errno=22
10-30 21:58:12.244   600 17381 E JavaBinder: !!! FAILED BINDER TRANSACTION !!!  (parcel size = 76)
10-30 21:58:12.249   600 17381 E JavaBinder: !!! FAILED BINDER TRANSACTION !!!  (parcel size = 576)
10-30 21:58:12.253   600 17381 W ActivityManager: Exception when unbinding service com.android.chrome/org.chromium.content.app.SandboxedProcessService30
10-30 21:58:12.253   600 17381 W ActivityManager: android.os.DeadObjectException: Transaction failed on small parcel; remote process probably died
10-30 21:58:12.253   600 17381 W ActivityManager: 	at android.os.BinderProxy.transactNative(Native Method)
10-30 21:58:12.253   600 17381 W ActivityManager: 	at android.os.BinderProxy.transact(Binder.java:615)
10-30 21:58:12.253   600 17381 W ActivityManager: 	at android.app.ApplicationThreadProxy.scheduleUnbindService(ApplicationThreadNative.java:1016)
10-30 21:58:12.253   600 17381 W ActivityManager: 	at com.android.server.am.ActiveServices.removeConnectionLocked(ActiveServices.java:2175)
10-30 21:58:12.253   600 17381 W ActivityManager: 	at com.android.server.am.ActiveServices.unbindServiceLocked(ActiveServices.java:1163)
10-30 21:58:12.253   600 17381 W ActivityManager: 	at com.android.server.am.ActivityManagerService.unbindService(ActivityManagerService.java:17309)
10-30 21:58:12.253   600 17381 W ActivityManager: 	at android.app.ActivityManagerNative.onTransact(ActivityManagerNative.java:1145)
10-30 21:58:12.253   600 17381 W ActivityManager: 	at com.android.server.am.ActivityManagerService.onTransact(ActivityManagerService.java:2795)
10-30 21:58:12.253   600 17381 W ActivityManager: 	at android.os.Binder.execTransact(Binder.java:565)
10-30 21:58:12.254   197   197 E lowmemorykiller: Error opening /proc/2362/oom_score_adj; errno=2
10-30 21:58:12.255  1522  1522 W chromium: [WARNING:compositor_view.cc(315)] Child process died (type=6) pid=2362)
10-30 21:58:12.256   600 24515 I ActivityManager: Process com.android.chrome:sandboxed_process30 (pid 2362) has died
10-30 21:58:12.256   600 24515 D ActivityManager: cleanUpApplicationRecord -- 2362
10-30 21:58:12.262  1522  1558 I cr_BindingManager: onTrimMemory: level=10, size=1
10-30 21:58:12.262  1522  1558 I cr_BindingManager: Reduce connections from 1 to 0
10-30 21:58:12.365  2155  2155 D MonkeyStub: translateCommand: touch move 614 937
10-30 21:58:12.496  2155  2155 D MonkeyStub: translateCommand: touch move 614 812
10-30 21:58:12.614  2155  2155 D MonkeyStub: translateCommand: touch move 614 687
10-30 21:58:12.726  2155  2155 D MonkeyStub: translateCommand: touch move 614 562
10-30 21:58:12.840  2155  2155 D MonkeyStub: translateCommand: touch move 614 437
10-30 21:58:12.920   600  3994 I ActivityManager: Start proc 2379:com.android.chrome:sandboxed_process31/u0i418 for service com.android.chrome/org.chromium.content.app.SandboxedProcessService31
10-30 21:58:12.953  2379  2379 W boxed_process31: type=1400 audit(0.0:9407): avc: denied { getattr } for path="/data/data/com.android.chrome" dev="dm-2" ino=12190 scontext=u:r:isolated_app:s0:c512,c768 tcontext=u:object_r:app_data_file:s0:c512,c768 tclass=dir permissive=0
10-30 21:58:12.958  2155  2155 D MonkeyStub: translateCommand: touch move 614 312
10-30 21:58:12.967  2155  2155 D MonkeyStub: translateCommand: touch up 614 312
10-30 21:58:13.000  2379  2379 I cr_ChildProcessService: Creating new ChildProcessService pid=2379
10-30 21:58:13.039  2379  2392 I cr_LibraryLoader: Loaded native library version number "85.0.4183.127"
10-30 21:58:13.039  2379  2392 I cr_CachingUmaRecorder: Flushed 1 samples from 1 histograms.
10-30 21:58:13.070  2392  2392 W CrUtilityMain: type=1400 audit(0.0:9408): avc: denied { setattr } for name="tl_en-us_2022-10-17_483521407_100000_index.bin" dev="dm-2" ino=59167 scontext=u:r:isolated_app:s0:c512,c768 tcontext=u:object_r:app_data_file:s0:c512,c768 tclass=file permissive=0
10-30 21:58:13.070  2392  2392 W CrUtilityMain: type=1400 audit(0.0:9409): avc: denied { setattr } for name="manifest.json" dev="dm-2" ino=59297 scontext=u:r:isolated_app:s0:c512,c768 tcontext=u:object_r:app_data_file:s0:c512,c768 tclass=file permissive=0
10-30 21:58:13.073  2392  2392 W CrUtilityMain: type=1400 audit(0.0:9410): avc: denied { setattr } for name="verified_contents.json" dev="dm-2" ino=58028 scontext=u:r:isolated_app:s0:c512,c768 tcontext=u:object_r:app_data_file:s0:c512,c768 tclass=file permissive=0
10-30 21:58:13.085  2379  2392 I chromium: [INFO:child_process_service.cc(69)] ChildProcessService: Exiting child process.
10-30 21:58:13.086  2379  2379 I cr_ChildProcessService: Destroying ChildProcessService pid=2379
10-30 21:58:13.103   600  7064 I ActivityManager: Process com.android.chrome:sandboxed_process31 (pid 2379) has died
10-30 21:58:13.103   600  7064 D ActivityManager: cleanUpApplicationRecord -- 2379
10-30 21:58:13.104  1522  1522 W chromium: [WARNING:compositor_view.cc(315)] Child process died (type=6) pid=2379)
10-30 21:58:15.190  2155  2155 D MonkeyStub: Quit requested
10-30 21:58:15.248   600   614 I CwMcuSensor: CwMcuSensor::flush: fd = 241, sensors_id = 0, path = /sys/class/htc_sensorhub/sensor_hub/flush, err = 0
10-30 21:58:15.253  2155  2155 I art     : System.exit called, status: 58
10-30 21:58:15.253  2155  2155 I AndroidRuntime: VM exiting with result code 58.
10-30 21:58:15.307   600 24515 W WindowManager: Attempted to remove non-existing token: android.os.Binder@b4aa41f
10-30 21:58:26.095   246   273 D NuPlayerDriver: reset(0xf0220b40) at state 4
10-30 21:58:26.096   246   273 D NuPlayerDriver: notifyListener_l(0xf0220b40), (8, 0, 0), loop setting(0, 0)
10-30 21:58:26.098   246  2104 D NuPlayerDriver: notifyResetComplete(0xf0220b40)
10-30 21:58:30.985 23772 24341 I Icing   : IndexChimeraService.getServiceInterface callingPackage=com.android.chrome componentName=null serviceId=36
10-30 21:58:31.002 23772 24090 W Icing   : No valid account for uploading user actions
10-30 21:58:31.036 23772 24341 I Icing   : IndexChimeraService.getServiceInterface callingPackage=com.google.android.gms componentName=null serviceId=30
10-30 21:58:31.100 23772 24090 I Icing   : Usage reports ok 2, Failed Usage reports 0, indexed 1, rejected 0
10-30 21:58:31.111 23772 24090 W Icing   : No valid account for uploading user actions
10-30 21:58:31.125 23772 24090 I Icing   : Usage reports ok 0, Failed Usage reports 0, indexed 0, rejected 0
10-30 21:58:31.133 23772 24090 I Icing   : Indexing com.android.chrome-omnibox from com.android.chrome
10-30 21:58:31.170 23772 24090 I Icing   : Indexing done com.android.chrome-omnibox
10-30 21:58:31.332  2412  2412 D AndroidRuntime: >>>>>> START com.android.internal.os.RuntimeInit uid 2000 <<<<<<
10-30 21:58:31.335  2412  2412 D AndroidRuntime: CheckJNI is OFF
10-30 21:58:31.404  2412  2412 D ICU     : No timezone override file found: /data/misc/zoneinfo/current/icu/icu_tzdata.dat
10-30 21:58:31.433  2412  2412 I Radio-JNI: register_android_hardware_Radio DONE
10-30 21:58:31.448  2412  2412 D AndroidRuntime: Calling main entry com.android.commands.am.Am
10-30 21:58:31.465   600 13558 I ActivityManager: Force stopping com.android.chrome appid=10035 user=0: from pid 2412
10-30 21:58:31.465   600 13558 I ActivityManager: Killing 1588:com.android.chrome:privileged_process0/u0a35 (adj 0): stop com.android.chrome
10-30 21:58:31.465   600 13558 D ActivityManager: cleanUpApplicationRecord -- 1588
10-30 21:58:31.466   600 13558 W ActivityManager: Scheduling restart of crashed service com.android.chrome/org.chromium.content.app.PrivilegedProcessService0 in 1000ms
10-30 21:58:31.466   600 13558 I ActivityManager: Killing 1522:com.android.chrome/u0a35 (adj 0): stop com.android.chrome
10-30 21:58:31.466   600 13558 D ActivityManager: cleanUpApplicationRecord -- 1522
10-30 21:58:31.468   600 13558 W ActivityManager: Force removing ActivityRecord{7658e09 u0 com.android.chrome/com.google.android.apps.chrome.Main t1911}: app died, no saved state
10-30 21:58:31.478   600 13558 I ActivityManager: Killing 2042:com.android.chrome:sandboxed_process20/u0a35i407 (adj 0): isolated not needed
10-30 21:58:31.478   600 13558 I ActivityManager: Killing 1559:com.android.chrome:sandboxed_process0/u0a35i387 (adj 0): isolated not needed
10-30 21:58:31.503  2412  2412 D AndroidRuntime: Shutting down VM
10-30 21:58:31.517  1084  1171 I OpenGLRenderer: Initialized EGL, version 1.4
10-30 21:58:31.517  1084  1171 D OpenGLRenderer: Swap behavior 2
10-30 21:58:31.552  1061  1061 D RegisteredNfcFServicesCache: Service unchanged, not updating
10-30 21:58:31.618 17571 30010 I AttachedClient: Adding client event 2 to pending list.
10-30 21:58:31.627 17571 17571 I OptInState: There is a new client and it does not support opt-in. Dropping request.
10-30 21:58:31.631 17571 17571 I MicroDetectionWorker: Micro detection mode: [mDetectionMode: [1]].
10-30 21:58:31.638 17571  2425 I MicroRecognitionRunner: Starting detection.
10-30 21:58:31.638 17571  6534 I MicrophoneInputStream: mic_starting com.google.android.apps.gsa.speech.audio.ae@7bd03f9
10-30 21:58:31.647   238  2427 I AudioFlinger: AudioFlinger's thread 0xef692580 ready to run
10-30 21:58:31.656   238   285 I SoundTriggerHwService::Module: void android::SoundTriggerHwService::Module::onCallbackEvent(const sp<android::SoundTriggerHwService::CallbackEvent> &) mClient == 0
10-30 21:58:31.665 17571  6534 I MicrophoneInputStream: mic_started com.google.android.apps.gsa.speech.audio.ae@7bd03f9
10-30 21:58:31.689   600  3509 D ActivityManager: cleanUpApplicationRecord -- 1559
10-30 21:58:31.691   600  1079 D ConnectivityService: ConnectivityService NetworkRequestInfo binderDied(NetworkRequest [ LISTEN id=1267, [ Capabilities: INTERNET&NOT_RESTRICTED&TRUSTED&FOREGROUND] ], android.os.BinderProxy@16b25f0)
10-30 21:58:31.691   600  1079 D ConnectivityService: ConnectivityService NetworkRequestInfo binderDied(NetworkRequest [ LISTEN id=1264, [ Capabilities: INTERNET&NOT_RESTRICTED&TRUSTED&FOREGROUND] ], android.os.BinderProxy@7ce7769)
10-30 21:58:31.691   600  1079 D ConnectivityService: ConnectivityService NetworkRequestInfo binderDied(NetworkRequest [ LISTEN id=1265, [ Capabilities: INTERNET&NOT_RESTRICTED&TRUSTED&FOREGROUND] ], android.os.BinderProxy@f8105ee)
10-30 21:58:31.691   600  1079 D ConnectivityService: ConnectivityService NetworkRequestInfo binderDied(NetworkRequest [ LISTEN id=1266, [ Capabilities: INTERNET&NOT_RESTRICTED&TRUSTED&FOREGROUND] ], android.os.BinderProxy@dd23a8f)
10-30 21:58:31.692   600   713 D GraphicsStats: Buffer count: 2
10-30 21:58:31.696   600   649 E ConnectivityService: RemoteException caught trying to send a callback msg for NetworkRequest [ LISTEN id=1267, [ Capabilities: INTERNET&NOT_RESTRICTED&TRUSTED&FOREGROUND] ]
10-30 21:58:31.696   600   649 E ConnectivityService: RemoteException caught trying to send a callback msg for NetworkRequest [ LISTEN id=1264, [ Capabilities: INTERNET&NOT_RESTRICTED&TRUSTED&FOREGROUND] ]
10-30 21:58:31.697   600   649 E ConnectivityService: RemoteException caught trying to send a callback msg for NetworkRequest [ LISTEN id=1265, [ Capabilities: INTERNET&NOT_RESTRICTED&TRUSTED&FOREGROUND] ]
10-30 21:58:31.697   600   649 E ConnectivityService: RemoteException caught trying to send a callback msg for NetworkRequest [ LISTEN id=1266, [ Capabilities: INTERNET&NOT_RESTRICTED&TRUSTED&FOREGROUND] ]
10-30 21:58:31.724   600  1082 D ActivityManager: cleanUpApplicationRecord -- 2042
10-30 21:58:31.839 17571 17571 I MicroDetectionWorker: onReady
10-30 21:58:32.000  2428  2428 D AndroidRuntime: >>>>>> START com.android.internal.os.RuntimeInit uid 2000 <<<<<<
10-30 21:58:32.004  2428  2428 D AndroidRuntime: CheckJNI is OFF
10-30 21:58:32.063  1084  1171 W OpenGLRenderer: Incorrectly called buildLayer on View: ShortcutAndWidgetContainer, destroying layer...
10-30 21:58:32.074  2428  2428 D ICU     : No timezone override file found: /data/misc/zoneinfo/current/icu/icu_tzdata.dat
10-30 21:58:32.104  2428  2428 I Radio-JNI: register_android_hardware_Radio DONE
10-30 21:58:32.119  2428  2428 D AndroidRuntime: Calling main entry com.android.commands.pm.Pm
10-30 21:58:32.133   600 16391 I ActivityManager: Force stopping com.android.chrome appid=10035 user=0: clear data
10-30 21:58:32.134   600   613 I ActivityManager: Force stopping com.android.chrome appid=10035 user=-1: clearApplicationUserData
10-30 21:58:32.177   787   787 I GeofencerStateMachine: removeGeofences: removeRequest=RemoveGeofencingRequest[REMOVE_ALL packageName=com.android.chrome]
10-30 21:58:32.183  1061  1061 D RegisteredNfcFServicesCache: Service unchanged, not updating
10-30 21:58:32.198  2428  2428 I art     : System.exit called, status: 0
10-30 21:58:32.198  2428  2428 I AndroidRuntime: VM exiting with result code 0.
10-30 21:58:32.229 23772 24340 I Icing   : doRemovePackageData com.android.chrome
10-30 21:58:32.229 23772 24340 I Icing   : Removing corpus key com.android.chrome-.implicit: for package com.android.chrome
10-30 21:58:32.232   600   612 W ResourceType: No known package when getting value for resource number 0x7f080316
10-30 21:58:32.232   600   612 W ResourceType: No known package when getting value for resource number 0x7f130448
10-30 21:58:32.233   600   612 W ResourceType: No known package when getting value for resource number 0x7f080315
10-30 21:58:32.233   600   612 W ResourceType: No known package when getting value for resource number 0x7f130123
10-30 21:58:32.233   600   612 W ResourceType: No known package when getting value for resource number 0x7f130447
10-30 21:58:32.233   600   612 W ResourceType: No known package when getting value for resource number 0x7f1302e4
10-30 21:58:32.233   600   612 E ShortcutService: Ignoring excessive intent tag.
10-30 21:58:32.234   787  2445 I Fitness : FitCleanupIntentOperation received Intent android.intent.action.PACKAGE_DATA_CLEARED [CONTEXT service_id=17 ]
10-30 21:58:32.271 23772 24340 I native  : flash-index.cc:1519 Flash index sort hb 54 prefix-hits 112 -> 107 at 6.162ms
10-30 21:58:32.308 23772 24340 I Icing   : Removing corpus key com.android.chrome-omnibox for package com.android.chrome
10-30 21:58:32.367 23772 24340 I Icing   : Starting compaction min disk 99.926% min index 99.986%
10-30 21:58:32.491 23772 24340 I native  : document-store.cc:1654 Scored 1972 usage reports, missing_corpora 1053 update_failed 1
10-30 21:58:32.522 23772 24340 W native  : words-map.cc:30 INVALID_ARGUMENT: Empty URI
10-30 21:58:32.522 23772 24340 W native  : words-map.cc:34 WordsMap was not properly initialized
10-30 21:58:32.600 23772 24340 E native  : compactor.cc:67 Could not index embedding for docid 1: INTERNAL: Unable to find Thing Proto section 
10-30 21:58:32.600 23772 24340 E native  : compactor.cc:67 Could not index embedding for docid 3: INTERNAL: Unable to find Thing Proto section 
10-30 21:58:32.600 23772 24340 E native  : compactor.cc:67 Could not index embedding for docid 5: INTERNAL: Unable to find Thing Proto section 
10-30 21:58:32.601 23772 24340 E native  : compactor.cc:67 Could not index embedding for docid 7: INTERNAL: Unable to find Thing Proto section 
10-30 21:58:32.606 23772 24340 E native  : compactor.cc:67 Could not index embedding for docid 8: INTERNAL: Unable to find Thing Proto section 
10-30 21:58:32.606 23772 24340 E native  : compactor.cc:67 Could not index embedding for docid 10: INTERNAL: Unable to find Thing Proto section 
10-30 21:58:32.607 23772 24340 E native  : compactor.cc:67 Could not index embedding for docid 11: INTERNAL: Unable to find Thing Proto section 
10-30 21:58:32.607 23772 24340 E native  : compactor.cc:67 Could not index embedding for docid 13: INTERNAL: Unable to find Thing Proto section 
10-30 21:58:32.608 23772 24340 E native  : compactor.cc:67 Could not index embedding for docid 14: INTERNAL: Unable to find Thing Proto section 
10-30 21:58:32.613 23772 24340 E native  : compactor.cc:67 Could not index embedding for docid 17: INTERNAL: Unable to find Thing Proto section 
10-30 21:58:32.613 23772 24340 E native  : compactor.cc:67 Could not index embedding for docid 18: INTERNAL: Unable to find Thing Proto section 
10-30 21:58:32.614 23772 24340 E native  : compactor.cc:67 Could not index embedding for docid 21: INTERNAL: Unable to find Thing Proto section 
10-30 21:58:32.614 23772 24340 E native  : compactor.cc:67 Could not index embedding for docid 22: INTERNAL: Unable to find Thing Proto section 
10-30 21:58:32.619 23772 24340 E native  : compactor.cc:67 Could not index embedding for docid 26: INTERNAL: Unable to find Thing Proto section 
10-30 21:58:32.620 23772 24340 E native  : compactor.cc:67 Could not index embedding for docid 27: INTERNAL: Unable to find Thing Proto section 
10-30 21:58:32.668 23772 24340 I native  : flash-index.cc:1519 Flash index sort hb 34 prefix-hits 54 -> 54 at 31.385ms
10-30 21:58:32.693 23772 24340 W native  : words-map.cc:30 INVALID_ARGUMENT: Empty URI
10-30 21:58:32.693 23772 24340 W native  : words-map.cc:34 WordsMap was not properly initialized
10-30 21:58:32.745 23772 24340 I Icing   : updateResources: need to parse acol{com.android.chrome}
10-30 21:58:32.801 23772 24340 I Icing   : Indexing com.android.chrome-omnibox from com.android.chrome
10-30 21:58:32.813   600  6312 I ActivityManager: Start proc 2455:com.android.chrome/u0a35 for content provider com.android.chrome/com.google.android.apps.chrome.icing.IcingProvider
10-30 21:58:32.907 23772 24340 I Icing   : Indexing done com.android.chrome-omnibox
