--------- beginning of main
10-30 01:57:34.688  4524  4524 D AndroidRuntime: >>>>>> START com.android.internal.os.RuntimeInit uid 2000 <<<<<<
10-30 01:57:34.691  4524  4524 D AndroidRuntime: CheckJNI is OFF
10-30 01:57:34.756  4524  4524 D ICU     : No timezone override file found: /data/misc/zoneinfo/current/icu/icu_tzdata.dat
10-30 01:57:34.785  4524  4524 I Radio-JNI: register_android_hardware_Radio DONE
10-30 01:57:34.800  4524  4524 D AndroidRuntime: Calling main entry com.android.commands.am.Am
--------- beginning of system
10-30 01:57:34.817   600  1079 I ActivityManager: Force stopping com.android.chrome appid=10035 user=0: from pid 4524
10-30 01:57:34.817   600  1079 I ActivityManager: Killing 3883:com.android.chrome/u0a35 (adj 904): stop com.android.chrome
10-30 01:57:34.817   600  1079 D ActivityManager: cleanUpApplicationRecord -- 3883
10-30 01:57:34.832  1061  1061 D RegisteredNfcFServicesCache: Service unchanged, not updating
10-30 01:57:35.078   600 17381 I ActivityManager: START u0 {act=android.intent.action.VIEW flg=0x10008000 cmp=com.android.chrome/com.google.android.apps.chrome.Main} from uid 2000 on display 0
10-30 01:57:35.104  4524  4524 D AndroidRuntime: Shutting down VM
10-30 01:57:35.150   600   610 I ActivityManager: Start proc 4534:com.android.chrome/u0a35 for activity com.android.chrome/com.google.android.apps.chrome.Main
10-30 01:57:35.323   600  1076 I ActivityManager: START u0 {cmp=com.android.chrome/org.chromium.chrome.browser.firstrun.TabbedModeFirstRunActivity (has extras)} from uid 10035 on display 0
10-30 01:57:35.331  4534  4551 W DynamiteModule: Local module descriptor class for com.google.android.gms.googlecertificates not found.
10-30 01:57:35.344  4534  4551 I DynamiteModule: Considering local module com.google.android.gms.googlecertificates:0 and remote module com.google.android.gms.googlecertificates:6
10-30 01:57:35.344  4534  4551 I DynamiteModule: Selected remote version of com.google.android.gms.googlecertificates, version >= 6
10-30 01:57:35.378  4534  4551 W System  : ClassLoader referenced unknown path: 
10-30 01:57:35.380  4534  4551 D ApplicationLoaders: ignored Vulkan layer search path /data/app/com.google.android.gms-1/lib/arm:/data/app/com.google.android.gms-1/base.apk!/lib/armeabi-v7a:/data/app/com.google.android.gms-1/split_config.en.apk!/lib/armeabi-v7a for namespace 0xf4a47090
10-30 01:57:35.385  4534  4551 W ResourceType: ResTable_typeSpec entry count inconsistent: given 67, previously 69
10-30 01:57:35.385  4534  4551 W ResourceType: ResTable_typeSpec entry count inconsistent: given 5346, previously 5347
10-30 01:57:35.408  4534  4551 I DynamiteLoaderV2Impl: [70] Googlecertificates
10-30 01:57:35.422  4534  4551 W System  : ClassLoader referenced unknown path: /data/user_de/0/com.google.android.gms/app_chimera/m/00000061/n/armeabi-v7a
10-30 01:57:35.422  4534  4551 W System  : ClassLoader referenced unknown path: /data/user_de/0/com.google.android.gms/app_chimera/m/00000061/n/armeabi
10-30 01:57:35.546  4534  4552 I cr_LibraryLoader: Loaded native library version number "85.0.4183.127"
10-30 01:57:35.546  4534  4552 I cr_CachingUmaRecorder: Flushed 10 samples from 10 histograms.
10-30 01:57:35.553  4534  4553 I OpenGLRenderer: Initialized EGL, version 1.4
10-30 01:57:35.553  4534  4553 D OpenGLRenderer: Swap behavior 2
10-30 01:57:35.688  4534  4548 D NetworkSecurityConfig: Using Network Security Config from resource 0_resource_name_obfuscated debugBuild: false
10-30 01:57:35.694   600   620 I ActivityManager: Displayed com.android.chrome/org.chromium.chrome.browser.firstrun.TabbedModeFirstRunActivity: +322ms (total +589ms)
10-30 01:57:35.698   600   620 W WindowManager: Failed looking up window
10-30 01:57:35.698   600   620 W WindowManager: java.lang.IllegalArgumentException: Requested window android.view.ViewRootImpl$W@7bd095f does not exist
10-30 01:57:35.698   600   620 W WindowManager: 	at com.android.server.wm.WindowManagerService.windowForClientLocked(WindowManagerService.java:9422)
10-30 01:57:35.698   600   620 W WindowManager: 	at com.android.server.wm.WindowManagerService.windowForClientLocked(WindowManagerService.java:9413)
10-30 01:57:35.698   600   620 W WindowManager: 	at com.android.server.wm.WindowManagerService.removeWindow(WindowManagerService.java:2393)
10-30 01:57:35.698   600   620 W WindowManager: 	at com.android.server.wm.Session.remove(Session.java:202)
10-30 01:57:35.698   600   620 W WindowManager: 	at android.view.ViewRootImpl.dispatchDetachedFromWindow(ViewRootImpl.java:3290)
10-30 01:57:35.698   600   620 W WindowManager: 	at android.view.ViewRootImpl.doDie(ViewRootImpl.java:5917)
10-30 01:57:35.698   600   620 W WindowManager: 	at android.view.ViewRootImpl$ViewRootHandler.handleMessage(ViewRootImpl.java:3626)
10-30 01:57:35.698   600   620 W WindowManager: 	at android.os.Handler.dispatchMessage(Handler.java:102)
10-30 01:57:35.698   600   620 W WindowManager: 	at android.os.Looper.loop(Looper.java:154)
10-30 01:57:35.698   600   620 W WindowManager: 	at android.os.HandlerThread.run(HandlerThread.java:61)
10-30 01:57:35.698   600   620 W WindowManager: 	at com.android.server.ServiceThread.run(ServiceThread.java:46)
10-30 01:57:35.711   787 28588 I FontLog : Received query Google Sans, URI content://com.google.android.gms.fonts [CONTEXT service_id=132 ]
10-30 01:57:35.711   787 28588 I FontLog : Query [Google Sans] resolved to {Google Sans, wdth 100.0, wght 400, ital 0.0, bestEffort false} [CONTEXT service_id=132 ]
10-30 01:57:35.712   787 28588 I FontLog : Font PFD returned from cache for {Google Sans, wdth 100.0, wght 400, ital 0.0, bestEffort false} [CONTEXT service_id=132 ]
10-30 01:57:35.712   787 28588 I FontLog : Fetch {Google Sans, wdth 100.0, wght 400, ital 0.0, bestEffort false} end status Status{statusCode=SUCCESS, resolution=null} [CONTEXT service_id=132 ]
10-30 01:57:35.725   787 28597 I FontLog : Pulling font file for id = 510, cache size = 5 [CONTEXT service_id=132 ]
10-30 01:57:35.741   787 28591 I FontLog : Received query Google Sans:500, URI content://com.google.android.gms.fonts [CONTEXT service_id=132 ]
10-30 01:57:35.741   787 28591 I FontLog : Query [Google Sans:500] resolved to {Google Sans, wdth 100.0, wght 500, ital 0.0, bestEffort false} [CONTEXT service_id=132 ]
10-30 01:57:35.742   787 28591 I FontLog : Font PFD returned from cache for {Google Sans, wdth 100.0, wght 500, ital 0.0, bestEffort false} [CONTEXT service_id=132 ]
10-30 01:57:35.743   787 28591 I FontLog : Fetch {Google Sans, wdth 100.0, wght 500, ital 0.0, bestEffort false} end status Status{statusCode=SUCCESS, resolution=null} [CONTEXT service_id=132 ]
10-30 01:57:35.752   787  1259 E apju    : Phenotype API error. Event # cdub@a301068c, EventCode: 7 [CONTEXT service_id=51 ]
10-30 01:57:35.752   787  1259 E apju    : apiz: 29505: No config packages for log source, or config package not registered
10-30 01:57:35.752   787  1259 E apju    : 	at apkj.b(:com.google.android.gms@203915020@20.39.15 (040406-335085812):7)
10-30 01:57:35.752   787  1259 E apju    : 	at apkg.b(:com.google.android.gms@203915020@20.39.15 (040406-335085812):2)
10-30 01:57:35.752   787  1259 E apju    : 	at apju.a(:com.google.android.gms@203915020@20.39.15 (040406-335085812):85)
10-30 01:57:35.752   787  1259 E apju    : 	at apju.a(:com.google.android.gms@203915020@20.39.15 (040406-335085812):80)
10-30 01:57:35.752   787  1259 E apju    : 	at aain.run(:com.google.android.gms@203915020@20.39.15 (040406-335085812):7)
10-30 01:57:35.752   787  1259 E apju    : 	at boex.run(:com.google.android.gms@203915020@20.39.15 (040406-335085812):2)
10-30 01:57:35.752   787  1259 E apju    : 	at sup.b(:com.google.android.gms@203915020@20.39.15 (040406-335085812):12)
10-30 01:57:35.752   787  1259 E apju    : 	at sup.run(:com.google.android.gms@203915020@20.39.15 (040406-335085812):7)
10-30 01:57:35.752   787  1259 E apju    : 	at java.util.concurrent.ThreadPoolExecutor.runWorker(ThreadPoolExecutor.java:1133)
10-30 01:57:35.752   787  1259 E apju    : 	at java.util.concurrent.ThreadPoolExecutor$Worker.run(ThreadPoolExecutor.java:607)
10-30 01:57:35.752   787  1259 E apju    : 	at tam.run(:com.google.android.gms@203915020@20.39.15 (040406-335085812):0)
10-30 01:57:35.752   787  1259 E apju    : 	at java.lang.Thread.run(Thread.java:761)
10-30 01:57:35.753   787  1259 E AsyncOperation: serviceID=51, operation=GetExperimentTokensOperationCall [CONTEXT service_id=259 ]
10-30 01:57:35.753   787  1259 E AsyncOperation: OperationException[Status{statusCode=No config packages for log source, or config package not registered, resolution=null}]
10-30 01:57:35.753   787  1259 E AsyncOperation: 	at apju.a(:com.google.android.gms@203915020@20.39.15 (040406-335085812):87)
10-30 01:57:35.753   787  1259 E AsyncOperation: 	at apju.a(:com.google.android.gms@203915020@20.39.15 (040406-335085812):80)
10-30 01:57:35.753   787  1259 E AsyncOperation: 	at aain.run(:com.google.android.gms@203915020@20.39.15 (040406-335085812):7)
10-30 01:57:35.753   787  1259 E AsyncOperation: 	at boex.run(:com.google.android.gms@203915020@20.39.15 (040406-335085812):2)
10-30 01:57:35.753   787  1259 E AsyncOperation: 	at sup.b(:com.google.android.gms@203915020@20.39.15 (040406-335085812):12)
10-30 01:57:35.753   787  1259 E AsyncOperation: 	at sup.run(:com.google.android.gms@203915020@20.39.15 (040406-335085812):7)
10-30 01:57:35.753   787  1259 E AsyncOperation: 	at java.util.concurrent.ThreadPoolExecutor.runWorker(ThreadPoolExecutor.java:1133)
10-30 01:57:35.753   787  1259 E AsyncOperation: 	at java.util.concurrent.ThreadPoolExecutor$Worker.run(ThreadPoolExecutor.java:607)
10-30 01:57:35.753   787  1259 E AsyncOperation: 	at tam.run(:com.google.android.gms@203915020@20.39.15 (040406-335085812):0)
10-30 01:57:35.753   787  1259 E AsyncOperation: 	at java.lang.Thread.run(Thread.java:761)
10-30 01:57:35.774   787   805 I FontLog : Pulling font file for id = 511, cache size = 6 [CONTEXT service_id=132 ]
10-30 01:57:35.908  4534  4548 I cr_VariationsSeedFetch: Fetched first run seed in 221 ms
10-30 01:57:35.946   600  1082 I ActivityManager: Start proc 4570:com.android.chrome:sandboxed_process0/u0i160 for service com.android.chrome/org.chromium.content.app.SandboxedProcessService0
10-30 01:57:35.997  4570  4570 W dboxed_process0: type=1400 audit(0.0:3448): avc: denied { getattr } for path="/data/data/com.android.chrome" dev="dm-2" ino=12190 scontext=u:r:isolated_app:s0:c512,c768 tcontext=u:object_r:app_data_file:s0:c512,c768 tclass=dir permissive=0
10-30 01:57:36.019  4570  4570 I cr_ChildProcessService: Creating new ChildProcessService pid=4570
10-30 01:57:36.061  1084  1084 I MemoryTrimmer: Trimming objects from memory, since app is in the background.
10-30 01:57:36.062 14788 14788 I MemoryTrimmer: Trimming objects from memory, since app is in the background.
10-30 01:57:36.071 14788  4438 I DeviceStateChecker: DeviceStateChecker cancelled
10-30 01:57:36.072 14788 14788 I MicroDetector: Keeping mic open: false
10-30 01:57:36.072 14788 29000 I AudioController: internalShutdown
10-30 01:57:36.072 14788 29000 I MicrophoneInputStream: mic_close com.google.android.apps.gsa.speech.audio.ae@7ebae26
10-30 01:57:36.073 14788 14861 I MicroRecognitionRunner: Stopping hotword detection.
10-30 01:57:36.097   238   285 I SoundTriggerHwService::Module: void android::SoundTriggerHwService::Module::onCallbackEvent(const sp<android::SoundTriggerHwService::CallbackEvent> &) mClient == 0
10-30 01:57:36.104 14788  4439 I MicroRecognitionRunner: Detection finished
10-30 01:57:36.112 14788 14788 I MemoryTrimmer: Trimming objects from memory, since app is in the background.
10-30 01:57:36.162   600 27731 I ActivityManager: Start proc 4596:com.android.chrome:privileged_process0/u0a35 for service com.android.chrome/org.chromium.content.app.PrivilegedProcessService0
10-30 01:57:36.285  4534  4554 W ConnectionStatusConfig: Dynamic lookup for intent failed for action: com.google.android.gms.auth.key.retrieval.service.START
10-30 01:57:36.298  4596  4596 I cr_ChildProcessService: Creating new ChildProcessService pid=4596
10-30 01:57:36.299  4534  4554 W ConnectionStatusConfig: Dynamic lookup for intent failed for action: com.google.android.gms.auth.key.retrieval.service.START
10-30 01:57:36.300   600  7064 W ActivityManager: Unable to start service Intent { act=com.google.android.gms.auth.key.retrieval.service.START pkg=com.google.android.gms } U=0: not found
10-30 01:57:36.310   600  3994 W ActivityManager: Unbind failed: could not find connection for android.os.BinderProxy@ed1027a
10-30 01:57:36.310  4534  4554 E GmsClient: unable to connect to service: com.google.android.gms.auth.key.retrieval.service.START on com.google.android.gms
10-30 01:57:36.368  4596  4611 I cr_LibraryLoader: Loaded native library version number "85.0.4183.127"
10-30 01:57:36.369  4596  4611 I cr_CachingUmaRecorder: Flushed 1 samples from 1 histograms.
10-30 01:57:36.384  4596  4611 E libEGL  : validate_display:99 error 3008 (EGL_BAD_DISPLAY)
10-30 01:57:36.386  4534  4534 W cr_KnoxSettingsProvider: Permission to read device policy denied.
10-30 01:57:46.175 14788 14788 I MemoryTrimmer: Trimming objects from memory, since app is in the background.
10-30 01:57:48.338  4639  4639 D AndroidRuntime: >>>>>> START com.android.internal.os.RuntimeInit uid 2000 <<<<<<
10-30 01:57:48.341  4639  4639 D AndroidRuntime: CheckJNI is OFF
10-30 01:57:48.405  4639  4639 D ICU     : No timezone override file found: /data/misc/zoneinfo/current/icu/icu_tzdata.dat
10-30 01:57:48.435  4639  4639 I Radio-JNI: register_android_hardware_Radio DONE
10-30 01:57:48.450  4639  4639 D AndroidRuntime: Calling main entry com.android.commands.monkey.Monkey
10-30 01:57:48.516   600   613 W BroadcastQueue: Skipping deliver [background] BroadcastRecord{3552882 u-1 android.net.conn.CONNECTIVITY_CHANGE} to ReceiverList{4260b93 4639 (unknown name)/2000/u-1 remote:ecc9964}: process crashing
10-30 01:57:49.852  4639  4639 D MonkeyStub: translateCommand: wake
10-30 01:57:49.959  4639  4639 D MonkeyStub: translateCommand: tap 398 1198
10-30 01:57:50.780   600   612 I UsageStatsService: User[0] Flushing usage stats to disk
10-30 01:57:52.064  4639  4639 D MonkeyStub: translateCommand: tap 720 1506
10-30 01:57:52.233 26403 26525 I PeopleChimeraService: onService. callbacks = aaik@1083126, request = com.google.android.gms.common.internal.GetServiceRequest@8dab167
10-30 01:57:52.237 26403 26526 I PeopleChimeraService: onService. callbacks = aaik@574cfbd, request = com.google.android.gms.common.internal.GetServiceRequest@33639b2
10-30 01:57:54.111  4639  4639 D MonkeyStub: translateCommand: tap 355 1480
10-30 01:57:54.122  4639  4639 D MonkeyStub: Quit requested
10-30 01:57:54.146   600   707 I ActivityManager: START u0 {act=android.intent.action.VIEW flg=0x10008000 cmp=com.android.chrome/com.google.android.apps.chrome.Main (has extras)} from uid 10035 on display 0
10-30 01:57:54.158   600   614 I CwMcuSensor: CwMcuSensor::flush: fd = 239, sensors_id = 0, path = /sys/class/htc_sensorhub/sensor_hub/flush, err = 0
10-30 01:57:54.180  4639  4639 I art     : System.exit called, status: 6
10-30 01:57:54.180  4639  4639 I AndroidRuntime: VM exiting with result code 6.
10-30 01:57:54.263   600  1082 W WindowManager: Attempted to remove non-existing token: android.os.Binder@26be7d0
10-30 01:57:54.325  4534  4534 E cr_CompositorSurfaceMgr: Transitioning to surface with format : -1
10-30 01:57:54.365   600   609 I art     : Background partial concurrent mark sweep GC freed 18823(945KB) AllocSpace objects, 8(160KB) LOS objects, 33% free, 15MB/23MB, paused 4.515ms total 148.996ms
10-30 01:57:54.395  4534  4589 W cr_tabmodel: Starting to perform legacy migration.
10-30 01:57:54.395  4534  4589 W cr_tabmodel: Finished performing legacy migration.
10-30 01:57:54.396  4534  4589 W cr_tabmodel: Starting to perform multi-instance migration.
10-30 01:57:54.396  4534  4589 W cr_tabmodel: Finished performing multi-instance migration.
10-30 01:57:54.397  4534  4589 I cr_tabmodel: Starting to fetch tab list for tab_state0
10-30 01:57:54.397  4534  4589 I cr_tabmodel: State file does not exist.
10-30 01:57:54.397  4534  4589 I cr_tabmodel: Starting to fetch tab list for tab_state1
10-30 01:57:54.397  4534  4589 I cr_tabmodel: State file does not exist.
10-30 01:57:54.429  4534  4589 I cr_ADCP : No customization source found
10-30 01:57:54.508   600   620 I ActivityManager: Displayed com.android.chrome/com.google.android.apps.chrome.Main: +323ms
10-30 01:57:54.521  4534  4553 D OpenGLRenderer: endAllActiveAnimators on 0xd45d2280 (InsetDrawable) with handle 0xd3c4fda0
10-30 01:57:54.526  4534  4534 E cr_CompositorSurfaceMgr: Transitioning to surface with format : -1
10-30 01:57:54.530  4534  4534 E cr_CompositorSurfaceMgr: surfaceCreated format : 0
10-30 01:57:54.540  4534  4534 I cr_ContextualSearch: Tap suppression enabled: false
10-30 01:57:54.546  4534  4534 I cr_ChromeTabbedActivity: #initializeState
10-30 01:57:54.547  4534  4534 I cr_CipherFactory: #restoreFromBundle, no savedInstanceState.
10-30 01:57:54.547  4534  4534 I cr_tabmodel: #loadState, ignoreIncognitoFiles? true
10-30 01:57:54.602   600  1076 E BatteryStatsService: power: Missing API
10-30 01:57:54.626   600  1076 E BatteryStatsService: no controller energy info supplied
10-30 01:57:54.627   796   796 E PhoneInterfaceManager: [PhoneIntfMgr] queryModemActivityInfo: Empty response
10-30 01:57:54.632   600  1076 E BatteryStatsService: modem info is invalid: ModemActivityInfo{ mTimestamp=0 mSleepTimeMs=0 mIdleTimeMs=0 mTxTimeMs[]=[0, 0, 0, 0, 0] mRxTimeMs=0 mEnergyUsed=0}
10-30 01:57:54.649   600   613 W ProcessCpuTracker: Skipping unknown process pid 4664
10-30 01:57:54.746  4534  4534 I SchedulerApiWrapper: Create SchedulerApiMainThreadWrapper
10-30 01:57:54.759  4534  4534 I FeedSessionManagerImpl: FeedSessionManagerImpl has been created
10-30 01:57:54.760  4534  4534 I FeedAppLifecycleLstnr: onEnterForeground called
10-30 01:57:54.760  4534  4534 I FeedSessionManagerImpl: onLifecycleEvent foreground
10-30 01:57:54.761  4534  4534 I FeedSessionManagerImpl: Lazy initialization triggered, getUpdateConsumer
10-30 01:57:54.762  4534  4534 I FeedRequestManagerImpl: trigger refresh 2
10-30 01:57:54.762  4534  4589 I TaskQueue: Execute task [IMMEDIATE - d: true, b: 0]: 30
10-30 01:57:54.762  4534  4534 I TaskQueue:  - task [HEAD_INVALIDATE - d: true, b: 0]: 26
10-30 01:57:54.762  4534  4534 I FeedAppLifecycleLstnr: initialize called
10-30 01:57:54.762  4534  4534 I FeedSessionManagerImpl: onLifecycleEvent initialize
10-30 01:57:54.762  4534  4534 W FeedSessionManagerImpl: FeedSessionManagerImpl has previously been initialized
10-30 01:57:54.789  4534  4534 I ViewConfigCompat: Could not find method getScaledScrollFactor() on ViewConfiguration
10-30 01:57:54.792  4534  4534 I BasicStream: Setting 2 header views, currently have 0 headers
10-30 01:57:54.794  4534  4534 I BasicStream: Setting 2 header views, currently have 2 headers
10-30 01:57:54.859   600   619 D BluetoothManagerService: Message: 20
10-30 01:57:54.859   600   619 D BluetoothManagerService: Added callback: android.bluetooth.IBluetoothManagerCallback$Stub$Proxy@d8f5d5c:true
10-30 01:57:54.890  4570  4583 I cr_LibraryLoader: Loaded native library version number "85.0.4183.127"
10-30 01:57:54.898  4534  4534 E cr_IntentUtils: getBooleanExtra failed on intent null
10-30 01:57:54.900  4570  4583 I cr_CachingUmaRecorder: Flushed 1 samples from 1 histograms.
10-30 01:57:54.918  4534  4534 I TimeoutSessionImpl: Using TimeoutSessionImpl
10-30 01:57:54.918  4534  4534 I FeedSessionManagerImpl: Delaying populateSession until initialization is finished
10-30 01:57:54.918  4534  4534 I TaskQueue:  - task [IMMEDIATE - d: true, b: 1]: 13
10-30 01:57:54.920  4534  4534 I MainThreadRunner: Running task [BasicStream onShow] on the Main Thread with a delay of 500 milliseconds
10-30 01:57:55.011   600  3509 I ActivityManager: Start proc 4670:com.android.chrome:sandboxed_process1/u0i161 for service com.android.chrome/org.chromium.content.app.SandboxedProcessService1
10-30 01:57:55.016  4534  4589 W SessionCache: Persisted Sessions were not found
10-30 01:57:55.016  4534  4589 I HeadSessionImpl: Initialize HEAD 0 items
10-30 01:57:55.016  4534  4589 I TaskQueue:  - task [BACKGROUND - d: true, b: 2]: 11
10-30 01:57:55.017  4534  4589 I TimingUtils: Task Timing 254ms, thread JardinExecutor | task : Initialization
10-30 01:57:55.017  4534  4589 I TaskQueue:  - Finished 30, time 255 ms
10-30 01:57:55.018  4534  4589 I TaskQueue: Execute task [HEAD_INVALIDATE - d: true, b: 2]: 26
10-30 01:57:55.018  4534  4589 I TimingUtils: Task Timing   0ms, thread JardinExecutor | task : getAllDismissLocalActions | size : 0
10-30 01:57:55.019  4534  4589 I TimingUtils: Task Timing   0ms, thread JardinExecutor | task : getSemanticProperties | size : 0
10-30 01:57:55.020  4534  4589 I MainThreadRunner: Running task [Check Tooltips] on the Main Thread
10-30 01:57:55.020  4534  4589 I TaskQueue:  * Starting starvation checks
10-30 01:57:55.020  4534  4589 I MainThreadRunner: Running task [starvationChecks] on the Main Thread with a delay of 6000 milliseconds
10-30 01:57:55.020  4534  4589 I TaskQueue:  - Finished 26, time 2 ms
10-30 01:57:55.020  4534  4589 I TaskQueue: Execute task [IMMEDIATE - d: true, b: 1]: 13
10-30 01:57:55.021  4534  4589 I FeedSessionManagerImpl: shouldSessionRequestData; hasContent(false), contentCreationTime(0), outstandingRequest(true)
10-30 01:57:55.021  4534  4589 I MainThreadRunner: Running task [SchedulerApiWrapper shouldSessionRequestData] on the Main Thread
10-30 01:57:55.040   600   713 I ActivityManager: Start proc 4681:com.android.chrome:sandboxed_process2/u0i162 for service com.android.chrome/org.chromium.content.app.SandboxedProcessService2
10-30 01:57:55.056   237  4685 I art     : Starting a blocking GC Background
10-30 01:57:55.056   237  4685 I art     : Starting a blocking GC Background
10-30 01:57:55.090   237  4685 I art     : Starting a blocking GC HeapTrim
10-30 01:57:55.106   600  9614 I ActivityManager: Start proc 4694:com.android.chrome:sandboxed_process3/u0i163 for service com.android.chrome/org.chromium.content.app.SandboxedProcessService3
10-30 01:57:55.127  4534  4544 I art     : Background partial concurrent mark sweep GC freed 10244(512KB) AllocSpace objects, 6(680KB) LOS objects, 40% free, 9MB/15MB, paused 5.902ms total 90.786ms
10-30 01:57:55.140   600  1080 I ActivityManager: Start proc 4705:com.android.chrome:sandboxed_process4/u0i164 for service com.android.chrome/org.chromium.content.app.SandboxedProcessService4
10-30 01:57:55.187   600   610 I ActivityManager: Start proc 4721:com.android.chrome:sandboxed_process5/u0i165 for service com.android.chrome/org.chromium.content.app.SandboxedProcessService5
10-30 01:57:55.253  4670  4670 W dboxed_process1: type=1400 audit(0.0:3449): avc: denied { getattr } for path="/data/data/com.android.chrome" dev="dm-2" ino=12190 scontext=u:r:isolated_app:s0:c512,c768 tcontext=u:object_r:app_data_file:s0:c512,c768 tclass=dir permissive=0
10-30 01:57:55.270   600  3509 I ActivityManager: Start proc 4738:com.android.chrome:sandboxed_process6/u0i166 for service com.android.chrome/org.chromium.content.app.SandboxedProcessService6
10-30 01:57:55.313  4534  4534 I PlayCore: UID: [10035]  PID: [4534] SplitInstallService : deferredInstall([image_editor])
10-30 01:57:55.332   600   610 I ActivityManager: Start proc 4751:com.android.chrome:sandboxed_process7/u0i167 for service com.android.chrome/org.chromium.content.app.SandboxedProcessService7
10-30 01:57:55.343  4681  4681 W dboxed_process2: type=1400 audit(0.0:3450): avc: denied { getattr } for path="/data/data/com.android.chrome" dev="dm-2" ino=12190 scontext=u:r:isolated_app:s0:c512,c768 tcontext=u:object_r:app_data_file:s0:c512,c768 tclass=dir permissive=0
10-30 01:57:55.378  4534  4750 I PlayCore: UID: [10035]  PID: [4534] SplitInstallService : Initiate binding to the service.
10-30 01:57:55.418   600  1076 I ActivityManager: Start proc 4767:com.android.chrome:sandboxed_process8/u0i168 for service com.android.chrome/org.chromium.content.app.SandboxedProcessService8
10-30 01:57:55.422   600  1079 W ActivityManager: Unable to start service Intent { act=com.google.android.play.core.splitinstall.BIND_SPLIT_INSTALL_SERVICE pkg=com.android.vending } U=0: not found
10-30 01:57:55.447  4534  4534 I Choreographer: Skipped 55 frames!  The application may be doing too much work on its main thread.
10-30 01:57:55.491  4670  4670 I cr_ChildProcessService: Creating new ChildProcessService pid=4670
10-30 01:57:55.503  4694  4694 W dboxed_process3: type=1400 audit(0.0:3451): avc: denied { getattr } for path="/data/data/com.android.chrome" dev="dm-2" ino=12190 scontext=u:r:isolated_app:s0:c512,c768 tcontext=u:object_r:app_data_file:s0:c512,c768 tclass=dir permissive=0
10-30 01:57:55.513  4705  4705 W dboxed_process4: type=1400 audit(0.0:3452): avc: denied { getattr } for path="/data/data/com.android.chrome" dev="dm-2" ino=12190 scontext=u:r:isolated_app:s0:c512,c768 tcontext=u:object_r:app_data_file:s0:c512,c768 tclass=dir permissive=0
10-30 01:57:55.584  4681  4681 I cr_ChildProcessService: Creating new ChildProcessService pid=4681
10-30 01:57:55.617  4721  4721 W dboxed_process5: type=1400 audit(0.0:3453): avc: denied { getattr } for path="/data/data/com.android.chrome" dev="dm-2" ino=12190 scontext=u:r:isolated_app:s0:c512,c768 tcontext=u:object_r:app_data_file:s0:c512,c768 tclass=dir permissive=0
10-30 01:57:55.630  4738  4738 W dboxed_process6: type=1400 audit(0.0:3454): avc: denied { getattr } for path="/data/data/com.android.chrome" dev="dm-2" ino=12190 scontext=u:r:isolated_app:s0:c512,c768 tcontext=u:object_r:app_data_file:s0:c512,c768 tclass=dir permissive=0
10-30 01:57:55.730  4694  4694 I cr_ChildProcessService: Creating new ChildProcessService pid=4694
10-30 01:57:55.733  4705  4705 I cr_ChildProcessService: Creating new ChildProcessService pid=4705
10-30 01:57:55.737  4751  4751 W dboxed_process7: type=1400 audit(0.0:3455): avc: denied { getattr } for path="/data/data/com.android.chrome" dev="dm-2" ino=12190 scontext=u:r:isolated_app:s0:c512,c768 tcontext=u:object_r:app_data_file:s0:c512,c768 tclass=dir permissive=0
10-30 01:57:55.789  4534  4534 I cr_tabmodel: Appending tabs being restored to metadata lists, 0, startingNormalCount: 1, startingIncognitoCount: 0
10-30 01:57:55.789  4534  4534 I cr_tabmodel: Serializing tab lists; counts: 1, 0
10-30 01:57:55.800  4767  4767 W dboxed_process8: type=1400 audit(0.0:3456): avc: denied { getattr } for path="/data/data/com.android.chrome" dev="dm-2" ino=12190 scontext=u:r:isolated_app:s0:c512,c768 tcontext=u:object_r:app_data_file:s0:c512,c768 tclass=dir permissive=0
10-30 01:57:55.808  4721  4721 I cr_ChildProcessService: Creating new ChildProcessService pid=4721
10-30 01:57:55.826  4738  4738 I cr_ChildProcessService: Creating new ChildProcessService pid=4738
10-30 01:57:55.871  4670  4782 I cr_LibraryLoader: Loaded native library version number "85.0.4183.127"
10-30 01:57:55.871  4670  4782 I cr_CachingUmaRecorder: Flushed 1 samples from 1 histograms.
10-30 01:57:55.876  4751  4751 I cr_ChildProcessService: Creating new ChildProcessService pid=4751
10-30 01:57:55.908  4767  4767 I cr_ChildProcessService: Creating new ChildProcessService pid=4767
10-30 01:57:55.930  4681  4789 I cr_LibraryLoader: Loaded native library version number "85.0.4183.127"
10-30 01:57:55.930  4681  4789 I cr_CachingUmaRecorder: Flushed 1 samples from 1 histograms.
10-30 01:57:55.968  4694  4790 I cr_LibraryLoader: Loaded native library version number "85.0.4183.127"
10-30 01:57:55.969  4694  4790 I cr_CachingUmaRecorder: Flushed 1 samples from 1 histograms.
10-30 01:57:55.971  4705  4791 I cr_LibraryLoader: Loaded native library version number "85.0.4183.127"
10-30 01:57:55.972  4705  4791 I cr_CachingUmaRecorder: Flushed 1 samples from 1 histograms.
10-30 01:57:55.987  4721  4793 I cr_LibraryLoader: Loaded native library version number "85.0.4183.127"
10-30 01:57:55.987  4721  4793 I cr_CachingUmaRecorder: Flushed 1 samples from 1 histograms.
10-30 01:57:56.034  4534  4750 I PlayCore: UID: [10035]  PID: [4534] SplitInstallService : Failed to bind to the service.
10-30 01:57:56.057  4767  4796 I cr_LibraryLoader: Loaded native library version number "85.0.4183.127"
10-30 01:57:56.057  4767  4796 I cr_CachingUmaRecorder: Flushed 1 samples from 1 histograms.
10-30 01:57:56.062  4738  4794 I cr_LibraryLoader: Loaded native library version number "85.0.4183.127"
10-30 01:57:56.063  4738  4794 I cr_CachingUmaRecorder: Flushed 1 samples from 1 histograms.
10-30 01:57:56.063  4751  4795 I cr_LibraryLoader: Loaded native library version number "85.0.4183.127"
10-30 01:57:56.064  4751  4795 I cr_CachingUmaRecorder: Flushed 1 samples from 1 histograms.
10-30 01:57:56.113  4705  4791 I chromium: [INFO:child_process_service.cc(69)] ChildProcessService: Exiting child process.
10-30 01:57:56.145  4721  4793 I chromium: [INFO:child_process_service.cc(69)] ChildProcessService: Exiting child process.
10-30 01:57:56.159  4681  4789 I chromium: [INFO:child_process_service.cc(69)] ChildProcessService: Exiting child process.
10-30 01:57:56.159   600  1080 I ActivityManager: Killing 4705:com.android.chrome:sandboxed_process4/u0a35i164 (adj 0): isolated not needed
10-30 01:57:56.159   600  1080 I ActivityManager: Killing 4721:com.android.chrome:sandboxed_process5/u0a35i165 (adj 0): isolated not needed
10-30 01:57:56.160  4670  4782 I chromium: [INFO:child_process_service.cc(69)] ChildProcessService: Exiting child process.
10-30 01:57:56.160  4694  4790 I chromium: [INFO:child_process_service.cc(69)] ChildProcessService: Exiting child process.
10-30 01:57:56.165   197   197 E lowmemorykiller: Error writing /proc/4694/oom_score_adj; errno=22
10-30 01:57:56.167   197   197 E lowmemorykiller: Error writing /proc/4670/oom_score_adj; errno=22
10-30 01:57:56.168   600 24515 I ActivityManager: Killing 4670:com.android.chrome:sandboxed_process1/u0a35i161 (adj 0): isolated not needed
10-30 01:57:56.168   600 24515 I ActivityManager: Killing 4694:com.android.chrome:sandboxed_process3/u0a35i163 (adj 0): isolated not needed
10-30 01:57:56.169   600 24515 I ActivityManager: Killing 4681:com.android.chrome:sandboxed_process2/u0a35i162 (adj 0): isolated not needed
10-30 01:57:56.173  4534  4534 I TaskQueue:  - task [IMMEDIATE - d: true, b: 1]: 27
10-30 01:57:56.174  4534  4589 I FeedSessionManagerImpl: shouldSessionRequestDataResult: NO_REQUEST_WITH_WAIT, shouldMakeRequest(false), withTimeout(false), withAppend(false)
10-30 01:57:56.174  4534  4589 I TaskQueue:  - task [USER_FACING - d: true, b: 2]: 24
10-30 01:57:56.174  4534  4589 I TaskQueue:  - Finished 13, time 1155 ms
10-30 01:57:56.176  4534  4534 I Choreographer: Skipped 42 frames!  The application may be doing too much work on its main thread.
10-30 01:57:56.192   600 17381 D ActivityManager: cleanUpApplicationRecord -- 4694
10-30 01:57:56.216   600  1079 D ActivityManager: cleanUpApplicationRecord -- 4670
10-30 01:57:56.258  4738  4794 I chromium: [INFO:child_process_service.cc(69)] ChildProcessService: Exiting child process.
10-30 01:57:56.260  4534  4534 W chromium: [WARNING:compositor_view.cc(315)] Child process died (type=6) pid=4694)
10-30 01:57:56.270  4767  4796 I chromium: [INFO:child_process_service.cc(69)] ChildProcessService: Exiting child process.
10-30 01:57:56.278  4534  4534 W chromium: [WARNING:compositor_view.cc(315)] Child process died (type=6) pid=4670)
10-30 01:57:56.307   600  3675 I ActivityManager: Start proc 4822:com.android.chrome:sandboxed_process9/u0i169 for service com.android.chrome/org.chromium.content.app.SandboxedProcessService9
10-30 01:57:56.307   600 16391 I ActivityManager: Process com.android.chrome:sandboxed_process6 (pid 4738) has died
10-30 01:57:56.307   600 16391 D ActivityManager: cleanUpApplicationRecord -- 4738
10-30 01:57:56.307   600 16391 W ActivityManager: Scheduling restart of crashed service com.android.chrome/org.chromium.content.app.SandboxedProcessService6 in 1000ms
10-30 01:57:56.308   600 16391 I ActivityManager: Killing 4751:com.android.chrome:sandboxed_process7/u0a35i167 (adj 0): isolated not needed
10-30 01:57:56.308   600 16391 E JavaBinder: !!! FAILED BINDER TRANSACTION !!!  (parcel size = 76)
10-30 01:57:56.316  4534  4534 W chromium: [WARNING:compositor_view.cc(315)] Child process died (type=6) pid=4738)
10-30 01:57:56.316  4534  4534 W chromium: [WARNING:compositor_view.cc(315)] Child process died (type=6) pid=4767)
10-30 01:57:56.319   600 27731 I ActivityManager: Process com.android.chrome:sandboxed_process8 (pid 4767) has died
10-30 01:57:56.319   600 27731 D ActivityManager: cleanUpApplicationRecord -- 4767
10-30 01:57:56.320   600 27731 W ActivityManager: Scheduling restart of crashed service com.android.chrome/org.chromium.content.app.SandboxedProcessService8 in 10988ms
10-30 01:57:56.347   600  6312 D ActivityManager: cleanUpApplicationRecord -- 4705
10-30 01:57:56.367  4534  4589 I TaskQueue: Execute task [IMMEDIATE - d: true, b: 2]: 27
10-30 01:57:56.373  4534  4589 I FeedRequestManagerImpl: Consistency Token: # hU2@7bca4
10-30 01:57:56.376  4534  4534 W chromium: [WARNING:compositor_view.cc(315)] Child process died (type=6) pid=4705)
10-30 01:57:56.400  4534  4589 I FeedRequestManagerImpl: Capability: FEED_UI
10-30 01:57:56.400  4534  4589 I FeedRequestManagerImpl: Capability: UNDOABLE_ACTIONS
10-30 01:57:56.401  4534  4589 I FeedRequestManagerImpl: Capability: MANAGE_INTERESTS
10-30 01:57:56.401  4534  4589 I FeedRequestManagerImpl: Capability: SEND_FEEDBACK
10-30 01:57:56.401  4534  4589 I FeedRequestManagerImpl: Capability: ARTICLE_SNIPPETS
10-30 01:57:56.401  4534  4589 I FeedRequestManagerImpl: Capability: CLICK_ACTION
10-30 01:57:56.401  4534  4589 I FeedRequestManagerImpl: Capability: VIEW_ACTION
10-30 01:57:56.401  4534  4589 I FeedRequestManagerImpl: Capability: REPORT_FEED_USER_ACTIONS_NOTICE_CARD
10-30 01:57:56.401  4534  4589 I FeedRequestManagerImpl: Capability: BASE_UI
10-30 01:57:56.403  4534  4589 I FeedRequestManagerImpl: Making Request: /httpservice/noretry/DiscoverClankService/FeedQuery
10-30 01:57:56.403  4534  4589 I MainThreadRunner: Running task [NetworkClientWrapper send] on the Main Thread
10-30 01:57:56.403  4534  4589 I TaskQueue:  - Finished 27, time 37 ms
10-30 01:57:56.550  4668  4668 D AndroidRuntime: >>>>>> START com.android.internal.os.RuntimeInit uid 2000 <<<<<<
10-30 01:57:56.561  4668  4668 D AndroidRuntime: CheckJNI is OFF
10-30 01:57:56.642   600  1082 I ActivityManager: Start proc 4835:com.android.chrome:sandboxed_process10/u0i170 for service com.android.chrome/org.chromium.content.app.SandboxedProcessService10
10-30 01:57:56.683   600 17381 I ActivityManager: Start proc 4841:com.android.chrome:sandboxed_process11/u0i171 for service com.android.chrome/org.chromium.content.app.SandboxedProcessService11
10-30 01:57:56.716   600  1080 I ActivityManager: Start proc 4853:com.android.chrome:sandboxed_process12/u0i172 for service com.android.chrome/org.chromium.content.app.SandboxedProcessService12
10-30 01:57:56.753  4534  4589 W cr_CrashFileManager: /data/user/0/com.android.chrome/cache/Crash Reports does not exist or is not a directory
10-30 01:57:56.755  4534  4589 W cr_CrashFileManager: /data/user/0/com.android.chrome/cache/Crash Reports does not exist or is not a directory
10-30 01:57:56.755  4534  4589 W cr_CrashFileManager: /data/user/0/com.android.chrome/cache/Crash Reports does not exist or is not a directory
10-30 01:57:56.759   600 13631 I ActivityManager: Start proc 4861:com.android.chrome:sandboxed_process13/u0i173 for service com.android.chrome/org.chromium.content.app.SandboxedProcessService13
10-30 01:57:56.782  4534  4589 I cr_FileUtils: Writing to /data/user/0/com.android.chrome/app_dex/webapk7.dex
10-30 01:57:56.805   600  9614 I ActivityManager: Start proc 4883:com.android.chrome:sandboxed_process14/u0i174 for service com.android.chrome/org.chromium.content.app.SandboxedProcessService14
10-30 01:57:56.807  4822  4822 W dboxed_process9: type=1400 audit(0.0:3457): avc: denied { getattr } for path="/data/data/com.android.chrome" dev="dm-2" ino=12190 scontext=u:r:isolated_app:s0:c512,c768 tcontext=u:object_r:app_data_file:s0:c512,c768 tclass=dir permissive=0
10-30 01:57:56.867   600  3507 I ActivityManager: Start proc 4895:com.android.chrome:sandboxed_process15/u0i175 for service com.android.chrome/org.chromium.content.app.SandboxedProcessService15
10-30 01:57:56.897  4835  4835 W boxed_process10: type=1400 audit(0.0:3458): avc: denied { getattr } for path="/data/data/com.android.chrome" dev="dm-2" ino=12190 scontext=u:r:isolated_app:s0:c512,c768 tcontext=u:object_r:app_data_file:s0:c512,c768 tclass=dir permissive=0
10-30 01:57:56.942   600  1079 I ActivityManager: Start proc 4903:com.android.chrome:sandboxed_process16/u0i176 for service com.android.chrome/org.chromium.content.app.SandboxedProcessService16
10-30 01:57:56.963  4841  4841 W boxed_process11: type=1400 audit(0.0:3459): avc: denied { getattr } for path="/data/data/com.android.chrome" dev="dm-2" ino=12190 scontext=u:r:isolated_app:s0:c512,c768 tcontext=u:object_r:app_data_file:s0:c512,c768 tclass=dir permissive=0
10-30 01:57:56.979   600 24515 I ActivityManager: Start proc 4923:com.android.chrome:sandboxed_process17/u0i177 for service com.android.chrome/org.chromium.content.app.SandboxedProcessService17
10-30 01:57:56.981  4822  4822 I cr_ChildProcessService: Creating new ChildProcessService pid=4822
10-30 01:57:56.997  4861  4861 W boxed_process13: type=1400 audit(0.0:3460): avc: denied { getattr } for path="/data/data/com.android.chrome" dev="dm-2" ino=12190 scontext=u:r:isolated_app:s0:c512,c768 tcontext=u:object_r:app_data_file:s0:c512,c768 tclass=dir permissive=0
10-30 01:57:57.070  4853  4853 W boxed_process12: type=1400 audit(0.0:3461): avc: denied { getattr } for path="/data/data/com.android.chrome" dev="dm-2" ino=12190 scontext=u:r:isolated_app:s0:c512,c768 tcontext=u:object_r:app_data_file:s0:c512,c768 tclass=dir permissive=0
10-30 01:57:57.085  4835  4835 I cr_ChildProcessService: Creating new ChildProcessService pid=4835
10-30 01:57:57.087   600   611 I ActivityManager: Start proc 4940:com.android.chrome:sandboxed_process18/u0i178 for service com.android.chrome/org.chromium.content.app.SandboxedProcessService18
10-30 01:57:57.168   600   611 I ActivityManager: Start proc 4960:com.android.chrome:sandboxed_process19/u0i179 for service com.android.chrome/org.chromium.content.app.SandboxedProcessService19
10-30 01:57:57.175  4534  4569 I cr_BindingManager: Moderate binding enabled: maxSize=40
10-30 01:57:57.178  4668  4668 D ICU     : No timezone override file found: /data/misc/zoneinfo/current/icu/icu_tzdata.dat
10-30 01:57:57.185 26403 26861 I Icing   : IndexChimeraService.getServiceInterface callingPackage=com.android.chrome componentName=null serviceId=36
10-30 01:57:57.197  4883  4883 W boxed_process14: type=1400 audit(0.0:3462): avc: denied { getattr } for path="/data/data/com.android.chrome" dev="dm-2" ino=12190 scontext=u:r:isolated_app:s0:c512,c768 tcontext=u:object_r:app_data_file:s0:c512,c768 tclass=dir permissive=0
10-30 01:57:57.228  4841  4841 I cr_ChildProcessService: Creating new ChildProcessService pid=4841
10-30 01:57:57.246  4853  4853 I cr_ChildProcessService: Creating new ChildProcessService pid=4853
10-30 01:57:57.253 26403 27080 I Icing   : IndexChimeraService.getServiceInterface callingPackage=com.android.chrome componentName=null serviceId=36
10-30 01:57:57.263  4895  4895 W boxed_process15: type=1400 audit(0.0:3463): avc: denied { getattr } for path="/data/data/com.android.chrome" dev="dm-2" ino=12190 scontext=u:r:isolated_app:s0:c512,c768 tcontext=u:object_r:app_data_file:s0:c512,c768 tclass=dir permissive=0
10-30 01:57:57.278  4861  4861 I cr_ChildProcessService: Creating new ChildProcessService pid=4861
10-30 01:57:57.285   600 17381 I ActivityManager: Start proc 4975:com.android.chrome:sandboxed_process20/u0i180 for service com.android.chrome/org.chromium.content.app.SandboxedProcessService20
10-30 01:57:57.320  4893  4893 I dex2oat : /system/bin/dex2oat --dex-file=/data/user/0/com.android.chrome/app_dex/webapk7.dex --oat-fd=300 --oat-location=/data/user/0/com.android.chrome/app_dex/oat/arm/webapk7.dex --compiler-filter=speed
10-30 01:57:57.337  4903  4903 W boxed_process16: type=1400 audit(0.0:3464): avc: denied { getattr } for path="/data/data/com.android.chrome" dev="dm-2" ino=12190 scontext=u:r:isolated_app:s0:c512,c768 tcontext=u:object_r:app_data_file:s0:c512,c768 tclass=dir permissive=0
10-30 01:57:57.395  4883  4883 I cr_ChildProcessService: Creating new ChildProcessService pid=4883
10-30 01:57:57.427  4923  4923 W boxed_process17: type=1400 audit(0.0:3465): avc: denied { getattr } for path="/data/data/com.android.chrome" dev="dm-2" ino=12190 scontext=u:r:isolated_app:s0:c512,c768 tcontext=u:object_r:app_data_file:s0:c512,c768 tclass=dir permissive=0
10-30 01:57:57.437  4940  4940 W boxed_process18: type=1400 audit(0.0:3466): avc: denied { getattr } for path="/data/data/com.android.chrome" dev="dm-2" ino=12190 scontext=u:r:isolated_app:s0:c512,c768 tcontext=u:object_r:app_data_file:s0:c512,c768 tclass=dir permissive=0
10-30 01:57:57.444  4822  4931 I cr_LibraryLoader: Loaded native library version number "85.0.4183.127"
10-30 01:57:57.444  4822  4931 I cr_CachingUmaRecorder: Flushed 1 samples from 1 histograms.
10-30 01:57:57.482  4895  4895 I cr_ChildProcessService: Creating new ChildProcessService pid=4895
10-30 01:57:57.489  4835  4950 I cr_LibraryLoader: Loaded native library version number "85.0.4183.127"
10-30 01:57:57.489  4835  4950 I cr_CachingUmaRecorder: Flushed 1 samples from 1 histograms.
10-30 01:57:57.497  4960  4960 W boxed_process19: type=1400 audit(0.0:3467): avc: denied { getattr } for path="/data/data/com.android.chrome" dev="dm-2" ino=12190 scontext=u:r:isolated_app:s0:c512,c768 tcontext=u:object_r:app_data_file:s0:c512,c768 tclass=dir permissive=0
10-30 01:57:57.547  4903  4903 I cr_ChildProcessService: Creating new ChildProcessService pid=4903
10-30 01:57:57.564  4668  4668 I Radio-JNI: register_android_hardware_Radio DONE
10-30 01:57:57.587  4853  4974 I cr_LibraryLoader: Loaded native library version number "85.0.4183.127"
10-30 01:57:57.587  4853  4974 I cr_CachingUmaRecorder: Flushed 1 samples from 1 histograms.
10-30 01:57:57.615  4940  4940 I cr_ChildProcessService: Creating new ChildProcessService pid=4940
10-30 01:57:57.627  4975  4975 W boxed_process20: type=1400 audit(0.0:3468): avc: denied { getattr } for path="/data/data/com.android.chrome" dev="dm-2" ino=12190 scontext=u:r:isolated_app:s0:c512,c768 tcontext=u:object_r:app_data_file:s0:c512,c768 tclass=dir permissive=0
10-30 01:57:57.632  4923  4923 I cr_ChildProcessService: Creating new ChildProcessService pid=4923
10-30 01:57:57.656  4841  4966 I cr_LibraryLoader: Loaded native library version number "85.0.4183.127"
10-30 01:57:57.665  4841  4966 I cr_CachingUmaRecorder: Flushed 1 samples from 1 histograms.
10-30 01:57:57.671  4861  4977 I cr_LibraryLoader: Loaded native library version number "85.0.4183.127"
10-30 01:57:57.672  4861  4977 I cr_CachingUmaRecorder: Flushed 1 samples from 1 histograms.
10-30 01:57:57.682  4960  4960 I cr_ChildProcessService: Creating new ChildProcessService pid=4960
10-30 01:57:57.754  4534  4592 W InstanceID: Instance ID SDK is deprecated, com.android.chrome should update to use Firebase Instance ID
10-30 01:57:57.758  4883  4986 I cr_LibraryLoader: Loaded native library version number "85.0.4183.127"
10-30 01:57:57.759  4883  4986 I cr_CachingUmaRecorder: Flushed 1 samples from 1 histograms.
10-30 01:57:57.777   600  9614 I ActivityManager: Killing 4835:com.android.chrome:sandboxed_process10/u0a35i170 (adj 0): isolated not needed
10-30 01:57:57.777   600  9614 I ActivityManager: Killing 4822:com.android.chrome:sandboxed_process9/u0a35i169 (adj 0): isolated not needed
10-30 01:57:57.778  4853  4974 I chromium: [INFO:child_process_service.cc(69)] ChildProcessService: Exiting child process.
10-30 01:57:57.784  4668  4668 D AndroidRuntime: Calling main entry com.android.commands.am.Am
10-30 01:57:57.836  4895  4997 I cr_LibraryLoader: Loaded native library version number "85.0.4183.127"
10-30 01:57:57.836  4895  4997 I cr_CachingUmaRecorder: Flushed 1 samples from 1 histograms.
10-30 01:57:57.865  4903  5001 I cr_LibraryLoader: Loaded native library version number "85.0.4183.127"
10-30 01:57:57.875  4903  5001 I cr_CachingUmaRecorder: Flushed 1 samples from 1 histograms.
10-30 01:57:57.885  4975  4975 I cr_ChildProcessService: Creating new ChildProcessService pid=4975
10-30 01:57:57.896  4534  4534 I FeedRequestManagerImpl: Request: /httpservice/noretry/DiscoverClankService/FeedQuery completed with response code: 200
10-30 01:57:57.896  4534  4534 I TaskQueue:  - task [IMMEDIATE - d: true, b: 2]: 15
10-30 01:57:57.896  4534  4534 I TaskQueue:  - queueTask starting immediate task
10-30 01:57:57.898  4534  4590 I TaskQueue: Execute task [IMMEDIATE - d: true, b: 2]: 15
10-30 01:57:57.936  4940  5005 I cr_LibraryLoader: Loaded native library version number "85.0.4183.127"
10-30 01:57:57.936  4940  5005 I cr_CachingUmaRecorder: Flushed 1 samples from 1 histograms.
10-30 01:57:57.953   600 27731 I ActivityManager: START u0 {act=android.intent.action.VIEW dat=http://biomedcentral.com/... flg=0x10000000 cmp=com.android.chrome/com.google.android.apps.chrome.Main} from uid 2000 on display 0
10-30 01:57:57.963  4668  4668 D AndroidRuntime: Shutting down VM
10-30 01:57:57.996  4960  5012 I cr_LibraryLoader: Loaded native library version number "85.0.4183.127"
10-30 01:57:57.996  4960  5012 I cr_CachingUmaRecorder: Flushed 1 samples from 1 histograms.
10-30 01:57:58.022  4923  5009 I cr_LibraryLoader: Loaded native library version number "85.0.4183.127"
10-30 01:57:58.023  4923  5009 I cr_CachingUmaRecorder: Flushed 1 samples from 1 histograms.
10-30 01:57:58.027  4853  4853 I cr_ChildProcessService: Destroying ChildProcessService pid=4853
10-30 01:57:58.027  4861  4861 I cr_ChildProcessService: Destroying ChildProcessService pid=4861
10-30 01:57:58.033  4903  5001 I chromium: [INFO:child_process_service.cc(69)] ChildProcessService: Exiting child process.
10-30 01:57:58.038  4534  4534 E cr_IntentUtils: getInt failed on bundle null
10-30 01:57:58.085  4940  5005 I chromium: [INFO:child_process_service.cc(69)] ChildProcessService: Exiting child process.
10-30 01:57:58.091   600  1076 I ActivityManager: Start proc 5041:com.android.chrome:sandboxed_process21/u0i181 for service com.android.chrome/org.chromium.content.app.SandboxedProcessService21
10-30 01:57:58.094   197   197 E lowmemorykiller: Error writing /proc/4940/oom_score_adj; errno=22
10-30 01:57:58.094   600  6312 E JavaBinder: !!! FAILED BINDER TRANSACTION !!!  (parcel size = 76)
10-30 01:57:58.094   600  6312 E JavaBinder: !!! FAILED BINDER TRANSACTION !!!  (parcel size = 576)
10-30 01:57:58.094   600  6312 W ActivityManager: Exception when unbinding service com.android.chrome/org.chromium.content.app.SandboxedProcessService18
10-30 01:57:58.094   600  6312 W ActivityManager: android.os.DeadObjectException: Transaction failed on small parcel; remote process probably died
10-30 01:57:58.094   600  6312 W ActivityManager: 	at android.os.BinderProxy.transactNative(Native Method)
10-30 01:57:58.094   600  6312 W ActivityManager: 	at android.os.BinderProxy.transact(Binder.java:615)
10-30 01:57:58.094   600  6312 W ActivityManager: 	at android.app.ApplicationThreadProxy.scheduleUnbindService(ApplicationThreadNative.java:1016)
10-30 01:57:58.094   600  6312 W ActivityManager: 	at com.android.server.am.ActiveServices.removeConnectionLocked(ActiveServices.java:2175)
10-30 01:57:58.094   600  6312 W ActivityManager: 	at com.android.server.am.ActiveServices.unbindServiceLocked(ActiveServices.java:1163)
10-30 01:57:58.094   600  6312 W ActivityManager: 	at com.android.server.am.ActivityManagerService.unbindService(ActivityManagerService.java:17309)
10-30 01:57:58.094   600  6312 W ActivityManager: 	at android.app.ActivityManagerNative.onTransact(ActivityManagerNative.java:1145)
10-30 01:57:58.094   600  6312 W ActivityManager: 	at com.android.server.am.ActivityManagerService.onTransact(ActivityManagerService.java:2795)
10-30 01:57:58.094   600  6312 W ActivityManager: 	at android.os.Binder.execTransact(Binder.java:565)
10-30 01:57:58.095   600  6312 E JavaBinder: !!! FAILED BINDER TRANSACTION !!!  (parcel size = 76)
10-30 01:57:58.095   197   197 E lowmemorykiller: Error writing /proc/4940/oom_score_adj; errno=22
10-30 01:57:58.095   600  6312 I ActivityManager: Killing 4895:com.android.chrome:sandboxed_process15/u0a35i175 (adj 0): isolated not needed
10-30 01:57:58.095   600  6312 I ActivityManager: Killing 4903:com.android.chrome:sandboxed_process16/u0a35i176 (adj 0): isolated not needed
10-30 01:57:58.095   600  6312 I ActivityManager: Killing 4883:com.android.chrome:sandboxed_process14/u0a35i174 (adj 0): isolated not needed
10-30 01:57:58.095   600  6312 I ActivityManager: Killing 4861:com.android.chrome:sandboxed_process13/u0a35i173 (adj 0): isolated not needed
10-30 01:57:58.095   600  6312 I ActivityManager: Killing 4841:com.android.chrome:sandboxed_process11/u0a35i171 (adj 0): isolated not needed
10-30 01:57:58.096   600  6312 I ActivityManager: Killing 4853:com.android.chrome:sandboxed_process12/u0a35i172 (adj 0): isolated not needed
10-30 01:57:58.096   600  6312 E JavaBinder: !!! FAILED BINDER TRANSACTION !!!  (parcel size = 76)
10-30 01:57:58.136   600 17381 I ActivityManager: Process com.android.chrome:sandboxed_process18 (pid 4940) has died
10-30 01:57:58.136   600 17381 D ActivityManager: cleanUpApplicationRecord -- 4940
