--------- beginning of main
10-31 23:35:02.786  7914  7914 D AndroidRuntime: >>>>>> START com.android.internal.os.RuntimeInit uid 2000 <<<<<<
10-31 23:35:02.790  7914  7914 D AndroidRuntime: CheckJNI is OFF
10-31 23:35:02.854  7914  7914 D ICU     : No timezone override file found: /data/misc/zoneinfo/current/icu/icu_tzdata.dat
10-31 23:35:02.882  7914  7914 I Radio-JNI: register_android_hardware_Radio DONE
10-31 23:35:02.898  7914  7914 D AndroidRuntime: Calling main entry com.android.commands.am.Am
--------- beginning of system
10-31 23:35:02.915   600 24515 I ActivityManager: Force stopping com.android.chrome appid=10035 user=0: from pid 7914
10-31 23:35:02.915   600 24515 I ActivityManager: Killing 7189:com.android.chrome/u0a35 (adj 902): stop com.android.chrome
10-31 23:35:02.915   600 24515 D ActivityManager: cleanUpApplicationRecord -- 7189
10-31 23:35:02.926  1061  1061 D RegisteredNfcFServicesCache: Service unchanged, not updating
10-31 23:35:03.175   600 13558 I ActivityManager: START u0 {act=android.intent.action.VIEW flg=0x10008000 cmp=com.android.chrome/com.google.android.apps.chrome.Main} from uid 2000 on display 0
10-31 23:35:03.207  7914  7914 D AndroidRuntime: Shutting down VM
10-31 23:35:03.235   600  9614 I ActivityManager: Start proc 7924:com.android.chrome/u0a35 for activity com.android.chrome/com.google.android.apps.chrome.Main
10-31 23:35:03.577   600  7064 I ActivityManager: START u0 {cmp=com.android.chrome/org.chromium.chrome.browser.firstrun.TabbedModeFirstRunActivity (has extras)} from uid 10035 on display 0
10-31 23:35:03.598  7924  7941 W DynamiteModule: Local module descriptor class for com.google.android.gms.googlecertificates not found.
10-31 23:35:03.767  7924  7941 I DynamiteModule: Considering local module com.google.android.gms.googlecertificates:0 and remote module com.google.android.gms.googlecertificates:6
10-31 23:35:03.768  7924  7941 I DynamiteModule: Selected remote version of com.google.android.gms.googlecertificates, version >= 6
10-31 23:35:03.833  7924  7942 I cr_LibraryLoader: Loaded native library version number "85.0.4183.127"
10-31 23:35:03.834   600   609 I art     : Background partial concurrent mark sweep GC freed 112662(4MB) AllocSpace objects, 29(724KB) LOS objects, 33% free, 17MB/26MB, paused 1.149ms total 134.298ms
10-31 23:35:03.847  7924  7942 I cr_CachingUmaRecorder: Flushed 10 samples from 10 histograms.
10-31 23:35:03.862  7924  7943 I OpenGLRenderer: Initialized EGL, version 1.4
10-31 23:35:03.863  7924  7943 D OpenGLRenderer: Swap behavior 2
10-31 23:35:03.873  7924  7941 W System  : ClassLoader referenced unknown path: 
10-31 23:35:03.877  7924  7941 D ApplicationLoaders: ignored Vulkan layer search path /data/app/com.google.android.gms-1/lib/arm:/data/app/com.google.android.gms-1/base.apk!/lib/armeabi-v7a:/data/app/com.google.android.gms-1/split_config.en.apk!/lib/armeabi-v7a for namespace 0xf4a47090
10-31 23:35:03.879  7924  7941 W ResourceType: ResTable_typeSpec entry count inconsistent: given 67, previously 69
10-31 23:35:03.879  7924  7941 W ResourceType: ResTable_typeSpec entry count inconsistent: given 5346, previously 5347
10-31 23:35:03.918  7924  7941 I DynamiteLoaderV2Impl: [70] Googlecertificates
10-31 23:35:03.938  7924  7941 W System  : ClassLoader referenced unknown path: /data/user_de/0/com.google.android.gms/app_chimera/m/00000061/n/armeabi-v7a
10-31 23:35:03.939  7924  7941 W System  : ClassLoader referenced unknown path: /data/user_de/0/com.google.android.gms/app_chimera/m/00000061/n/armeabi
10-31 23:35:03.995   600   620 W WindowManager: Failed looking up window
10-31 23:35:03.995   600   620 W WindowManager: java.lang.IllegalArgumentException: Requested window android.view.ViewRootImpl$W@a2a76a2 does not exist
10-31 23:35:03.995   600   620 W WindowManager: 	at com.android.server.wm.WindowManagerService.windowForClientLocked(WindowManagerService.java:9422)
10-31 23:35:03.995   600   620 W WindowManager: 	at com.android.server.wm.WindowManagerService.windowForClientLocked(WindowManagerService.java:9413)
10-31 23:35:03.995   600   620 W WindowManager: 	at com.android.server.wm.WindowManagerService.removeWindow(WindowManagerService.java:2393)
10-31 23:35:03.995   600   620 W WindowManager: 	at com.android.server.wm.Session.remove(Session.java:202)
10-31 23:35:03.995   600   620 W WindowManager: 	at android.view.ViewRootImpl.dispatchDetachedFromWindow(ViewRootImpl.java:3290)
10-31 23:35:03.995   600   620 W WindowManager: 	at android.view.ViewRootImpl.doDie(ViewRootImpl.java:5917)
10-31 23:35:03.995   600   620 W WindowManager: 	at android.view.ViewRootImpl$ViewRootHandler.handleMessage(ViewRootImpl.java:3626)
10-31 23:35:03.995   600   620 W WindowManager: 	at android.os.Handler.dispatchMessage(Handler.java:102)
10-31 23:35:03.995   600   620 W WindowManager: 	at android.os.Looper.loop(Looper.java:154)
10-31 23:35:03.995   600   620 W WindowManager: 	at android.os.HandlerThread.run(HandlerThread.java:61)
10-31 23:35:03.995   600   620 W WindowManager: 	at com.android.server.ServiceThread.run(ServiceThread.java:46)
10-31 23:35:04.024   600   620 I ActivityManager: Displayed com.android.chrome/org.chromium.chrome.browser.firstrun.TabbedModeFirstRunActivity: +382ms (total +824ms)
10-31 23:35:04.077   787  1716 I FontLog : Received query Google Sans, URI content://com.google.android.gms.fonts [CONTEXT service_id=132 ]
10-31 23:35:04.119   787  1716 I FontLog : Query [Google Sans] resolved to {Google Sans, wdth 100.0, wght 400, ital 0.0, bestEffort false} [CONTEXT service_id=132 ]
10-31 23:35:04.136   787  1259 E apju    : Phenotype API error. Event # cdub@6cccc41d, EventCode: 7 [CONTEXT service_id=51 ]
10-31 23:35:04.136   787  1259 E apju    : apiz: 29505: No config packages for log source, or config package not registered
10-31 23:35:04.136   787  1259 E apju    : 	at apkj.b(:com.google.android.gms@203915020@20.39.15 (040406-335085812):7)
10-31 23:35:04.136   787  1259 E apju    : 	at apkg.b(:com.google.android.gms@203915020@20.39.15 (040406-335085812):2)
10-31 23:35:04.136   787  1259 E apju    : 	at apju.a(:com.google.android.gms@203915020@20.39.15 (040406-335085812):85)
10-31 23:35:04.136   787  1259 E apju    : 	at apju.a(:com.google.android.gms@203915020@20.39.15 (040406-335085812):80)
10-31 23:35:04.136   787  1259 E apju    : 	at aain.run(:com.google.android.gms@203915020@20.39.15 (040406-335085812):7)
10-31 23:35:04.136   787  1259 E apju    : 	at boex.run(:com.google.android.gms@203915020@20.39.15 (040406-335085812):2)
10-31 23:35:04.136   787  1259 E apju    : 	at sup.b(:com.google.android.gms@203915020@20.39.15 (040406-335085812):12)
10-31 23:35:04.136   787  1259 E apju    : 	at sup.run(:com.google.android.gms@203915020@20.39.15 (040406-335085812):7)
10-31 23:35:04.136   787  1259 E apju    : 	at java.util.concurrent.ThreadPoolExecutor.runWorker(ThreadPoolExecutor.java:1133)
10-31 23:35:04.136   787  1259 E apju    : 	at java.util.concurrent.ThreadPoolExecutor$Worker.run(ThreadPoolExecutor.java:607)
10-31 23:35:04.136   787  1259 E apju    : 	at tam.run(:com.google.android.gms@203915020@20.39.15 (040406-335085812):0)
10-31 23:35:04.136   787  1259 E apju    : 	at java.lang.Thread.run(Thread.java:761)
10-31 23:35:04.144   787  1259 E AsyncOperation: serviceID=51, operation=GetExperimentTokensOperationCall [CONTEXT service_id=259 ]
10-31 23:35:04.144   787  1259 E AsyncOperation: OperationException[Status{statusCode=No config packages for log source, or config package not registered, resolution=null}]
10-31 23:35:04.144   787  1259 E AsyncOperation: 	at apju.a(:com.google.android.gms@203915020@20.39.15 (040406-335085812):87)
10-31 23:35:04.144   787  1259 E AsyncOperation: 	at apju.a(:com.google.android.gms@203915020@20.39.15 (040406-335085812):80)
10-31 23:35:04.144   787  1259 E AsyncOperation: 	at aain.run(:com.google.android.gms@203915020@20.39.15 (040406-335085812):7)
10-31 23:35:04.144   787  1259 E AsyncOperation: 	at boex.run(:com.google.android.gms@203915020@20.39.15 (040406-335085812):2)
10-31 23:35:04.144   787  1259 E AsyncOperation: 	at sup.b(:com.google.android.gms@203915020@20.39.15 (040406-335085812):12)
10-31 23:35:04.144   787  1259 E AsyncOperation: 	at sup.run(:com.google.android.gms@203915020@20.39.15 (040406-335085812):7)
10-31 23:35:04.144   787  1259 E AsyncOperation: 	at java.util.concurrent.ThreadPoolExecutor.runWorker(ThreadPoolExecutor.java:1133)
10-31 23:35:04.144   787  1259 E AsyncOperation: 	at java.util.concurrent.ThreadPoolExecutor$Worker.run(ThreadPoolExecutor.java:607)
10-31 23:35:04.144   787  1259 E AsyncOperation: 	at tam.run(:com.google.android.gms@203915020@20.39.15 (040406-335085812):0)
10-31 23:35:04.144   787  1259 E AsyncOperation: 	at java.lang.Thread.run(Thread.java:761)
10-31 23:35:04.149   787  1716 I FontLog : Font PFD returned from cache for {Google Sans, wdth 100.0, wght 400, ital 0.0, bestEffort false} [CONTEXT service_id=132 ]
10-31 23:35:04.149   787  1716 I FontLog : Fetch {Google Sans, wdth 100.0, wght 400, ital 0.0, bestEffort false} end status Status{statusCode=SUCCESS, resolution=null} [CONTEXT service_id=132 ]
10-31 23:35:04.159  7924  7941 D NetworkSecurityConfig: Using Network Security Config from resource 0_resource_name_obfuscated debugBuild: false
10-31 23:35:04.162   787 28591 I FontLog : Pulling font file for id = 2110, cache size = 4 [CONTEXT service_id=132 ]
10-31 23:35:04.196   787 28596 I FontLog : Received query Google Sans:500, URI content://com.google.android.gms.fonts [CONTEXT service_id=132 ]
10-31 23:35:04.197   787 28596 I FontLog : Query [Google Sans:500] resolved to {Google Sans, wdth 100.0, wght 500, ital 0.0, bestEffort false} [CONTEXT service_id=132 ]
10-31 23:35:04.258   787 28596 I FontLog : Font PFD returned from cache for {Google Sans, wdth 100.0, wght 500, ital 0.0, bestEffort false} [CONTEXT service_id=132 ]
10-31 23:35:04.259   787 28596 I FontLog : Fetch {Google Sans, wdth 100.0, wght 500, ital 0.0, bestEffort false} end status Status{statusCode=SUCCESS, resolution=null} [CONTEXT service_id=132 ]
10-31 23:35:04.272 18311 18311 I MemoryTrimmer: Trimming objects from memory, since app is in the background.
10-31 23:35:04.279 18311 18322 W SearchService: Abort, client detached.
10-31 23:35:04.281   787  1620 I FontLog : Pulling font file for id = 2111, cache size = 4 [CONTEXT service_id=132 ]
10-31 23:35:04.283 18269 18269 I MemoryTrimmer: Trimming objects from memory, since app is in the background.
10-31 23:35:04.317 18311  7815 I DeviceStateChecker: DeviceStateChecker cancelled
10-31 23:35:04.317 18311 18311 I MicroDetector: Keeping mic open: false
10-31 23:35:04.318 18311 22428 I AudioController: internalShutdown
10-31 23:35:04.318 18311 22428 I MicrophoneInputStream: mic_close com.google.android.apps.gsa.speech.audio.ae@bd69c0c
10-31 23:35:04.319 18311 18405 I MicroRecognitionRunner: Stopping hotword detection.
10-31 23:35:04.345   238   285 I SoundTriggerHwService::Module: void android::SoundTriggerHwService::Module::onCallbackEvent(const sp<android::SoundTriggerHwService::CallbackEvent> &) mClient == 0
10-31 23:35:04.350 18311  7816 I MicroRecognitionRunner: Detection finished
10-31 23:35:04.363 18311 18311 I MemoryTrimmer: Trimming objects from memory, since app is in the background.
10-31 23:35:04.395  7924  7941 I cr_VariationsSeedFetch: Fetched first run seed in 238 ms
10-31 23:35:04.438   600  1076 I ActivityManager: Start proc 7959:com.android.chrome:sandboxed_process0/u0i176 for service com.android.chrome/org.chromium.content.app.SandboxedProcessService0
10-31 23:35:04.500  7959  7959 W dboxed_process0: type=1400 audit(0.0:15863): avc: denied { getattr } for path="/data/data/com.android.chrome" dev="dm-2" ino=12190 scontext=u:r:isolated_app:s0:c512,c768 tcontext=u:object_r:app_data_file:s0:c512,c768 tclass=dir permissive=0
10-31 23:35:04.534  7959  7959 I cr_ChildProcessService: Creating new ChildProcessService pid=7959
10-31 23:35:04.661   600  1076 I ActivityManager: Start proc 7988:com.android.chrome:privileged_process0/u0a35 for service com.android.chrome/org.chromium.content.app.PrivilegedProcessService0
10-31 23:35:04.710  7924  7945 W ConnectionStatusConfig: Dynamic lookup for intent failed for action: com.google.android.gms.auth.key.retrieval.service.START
10-31 23:35:04.727  7924  7945 W ConnectionStatusConfig: Dynamic lookup for intent failed for action: com.google.android.gms.auth.key.retrieval.service.START
10-31 23:35:04.737   600  3967 W ActivityManager: Unable to start service Intent { act=com.google.android.gms.auth.key.retrieval.service.START pkg=com.google.android.gms } U=0: not found
10-31 23:35:04.747   600  9614 W ActivityManager: Unbind failed: could not find connection for android.os.BinderProxy@3cb8399
10-31 23:35:04.748  7924  7945 E GmsClient: unable to connect to service: com.google.android.gms.auth.key.retrieval.service.START on com.google.android.gms
10-31 23:35:04.790  7924  7924 W cr_KnoxSettingsProvider: Permission to read device policy denied.
10-31 23:35:04.825  7988  7988 I cr_ChildProcessService: Creating new ChildProcessService pid=7988
10-31 23:35:04.851  7924  7934 W art     : Suspending all threads took: 5.270ms
10-31 23:35:04.875  7988  8006 I cr_LibraryLoader: Loaded native library version number "85.0.4183.127"
10-31 23:35:04.876  7988  8006 I cr_CachingUmaRecorder: Flushed 1 samples from 1 histograms.
10-31 23:35:04.886  7988  8006 E libEGL  : validate_display:99 error 3008 (EGL_BAD_DISPLAY)
10-31 23:35:04.896  7924  7934 I art     : Background partial concurrent mark sweep GC freed 7762(638KB) AllocSpace objects, 16(1048KB) LOS objects, 39% free, 4MB/8MB, paused 13.516ms total 122.384ms
10-31 23:35:14.400 18311 18311 I MemoryTrimmer: Trimming objects from memory, since app is in the background.
10-31 23:35:16.177  8032  8032 D AndroidRuntime: >>>>>> START com.android.internal.os.RuntimeInit uid 2000 <<<<<<
10-31 23:35:16.181  8032  8032 D AndroidRuntime: CheckJNI is OFF
10-31 23:35:16.243  8032  8032 D ICU     : No timezone override file found: /data/misc/zoneinfo/current/icu/icu_tzdata.dat
10-31 23:35:16.275  8032  8032 I Radio-JNI: register_android_hardware_Radio DONE
10-31 23:35:16.290  8032  8032 D AndroidRuntime: Calling main entry com.android.commands.monkey.Monkey
10-31 23:35:16.357   600   613 W BroadcastQueue: Skipping deliver [background] BroadcastRecord{39dcc41 u-1 android.net.conn.CONNECTIVITY_CHANGE} to ReceiverList{9b1f5e6 8032 (unknown name)/2000/u-1 remote:c41914b}: process crashing
10-31 23:35:17.929  8032  8032 D MonkeyStub: translateCommand: wake
10-31 23:35:18.031  8032  8032 D MonkeyStub: translateCommand: tap 398 1198
10-31 23:35:20.121  8032  8032 D MonkeyStub: translateCommand: tap 720 1506
10-31 23:35:20.293 17650 28568 I PeopleChimeraService: onService. callbacks = aaik@2b3b7a0, request = com.google.android.gms.common.internal.GetServiceRequest@e381f59
10-31 23:35:20.294 17650 17768 I PeopleChimeraService: onService. callbacks = aaik@f48a71e, request = com.google.android.gms.common.internal.GetServiceRequest@40e7bff
10-31 23:35:22.189  8032  8032 D MonkeyStub: translateCommand: tap 355 1480
10-31 23:35:22.215  8032  8032 D MonkeyStub: Quit requested
10-31 23:35:22.239   600  3509 I ActivityManager: START u0 {act=android.intent.action.VIEW flg=0x10008000 cmp=com.android.chrome/com.google.android.apps.chrome.Main (has extras)} from uid 10035 on display 0
10-31 23:35:22.377   600   614 I CwMcuSensor: CwMcuSensor::flush: fd = 266, sensors_id = 0, path = /sys/class/htc_sensorhub/sensor_hub/flush, err = 0
10-31 23:35:22.397  8032  8032 I art     : System.exit called, status: 6
10-31 23:35:22.397  8032  8032 I AndroidRuntime: VM exiting with result code 6.
10-31 23:35:22.441  7924  7924 E cr_CompositorSurfaceMgr: Transitioning to surface with format : -1
10-31 23:35:22.460   600  1080 W WindowManager: Attempted to remove non-existing token: android.os.Binder@f95f727
10-31 23:35:22.508   600   609 I art     : Background partial concurrent mark sweep GC freed 19847(916KB) AllocSpace objects, 3(60KB) LOS objects, 33% free, 17MB/26MB, paused 1.663ms total 189.146ms
10-31 23:35:22.531  7924  7976 W cr_tabmodel: Starting to perform legacy migration.
10-31 23:35:22.532  7924  7976 W cr_tabmodel: Finished performing legacy migration.
10-31 23:35:22.532  7924  7976 W cr_tabmodel: Starting to perform multi-instance migration.
10-31 23:35:22.532  7924  7976 W cr_tabmodel: Finished performing multi-instance migration.
10-31 23:35:22.532  7924  7976 I cr_tabmodel: Starting to fetch tab list for tab_state0
10-31 23:35:22.532  7924  7976 I cr_tabmodel: State file does not exist.
10-31 23:35:22.532  7924  7976 I cr_tabmodel: Starting to fetch tab list for tab_state1
10-31 23:35:22.532  7924  7976 I cr_tabmodel: State file does not exist.
10-31 23:35:22.574  7924  7976 I cr_ADCP : No customization source found
10-31 23:35:22.657   600   620 I ActivityManager: Displayed com.android.chrome/com.google.android.apps.chrome.Main: +369ms
10-31 23:35:22.661  7924  7943 D OpenGLRenderer: endAllActiveAnimators on 0xd2c93900 (InsetDrawable) with handle 0xd2b23ee0
10-31 23:35:22.666  7924  7924 E cr_CompositorSurfaceMgr: Transitioning to surface with format : -1
10-31 23:35:22.673   600 22670 E BatteryStatsService: power: Missing API
10-31 23:35:22.684  7924  7924 E cr_CompositorSurfaceMgr: surfaceCreated format : 0
10-31 23:35:22.684   600 22670 E BatteryStatsService: no controller energy info supplied
10-31 23:35:22.687   796   796 E PhoneInterfaceManager: [PhoneIntfMgr] queryModemActivityInfo: Empty response
10-31 23:35:22.692   600 22670 E BatteryStatsService: modem info is invalid: ModemActivityInfo{ mTimestamp=0 mSleepTimeMs=0 mIdleTimeMs=0 mTxTimeMs[]=[0, 0, 0, 0, 0] mRxTimeMs=0 mEnergyUsed=0}
10-31 23:35:22.725  7924  7924 I cr_ContextualSearch: Tap suppression enabled: false
10-31 23:35:22.728  7924  7924 I cr_ChromeTabbedActivity: #initializeState
10-31 23:35:22.728  7924  7924 I cr_CipherFactory: #restoreFromBundle, no savedInstanceState.
10-31 23:35:22.728  7924  7924 I cr_tabmodel: #loadState, ignoreIncognitoFiles? true
10-31 23:35:22.953  7924  7924 I SchedulerApiWrapper: Create SchedulerApiMainThreadWrapper
10-31 23:35:22.967  7924  7924 I FeedSessionManagerImpl: FeedSessionManagerImpl has been created
10-31 23:35:22.968  7924  7924 I FeedAppLifecycleLstnr: onEnterForeground called
10-31 23:35:22.968  7924  7924 I FeedSessionManagerImpl: onLifecycleEvent foreground
10-31 23:35:22.969  7924  7924 I FeedSessionManagerImpl: Lazy initialization triggered, getUpdateConsumer
10-31 23:35:22.969  7924  7976 I TaskQueue: Execute task [IMMEDIATE - d: true, b: 0]: 30
10-31 23:35:22.972  7924  7924 I FeedRequestManagerImpl: trigger refresh 2
10-31 23:35:22.973  7924  7924 I TaskQueue:  - task [HEAD_INVALIDATE - d: true, b: 0]: 26
10-31 23:35:22.973  7924  7924 I FeedAppLifecycleLstnr: initialize called
10-31 23:35:22.974  7924  7924 I FeedSessionManagerImpl: onLifecycleEvent initialize
10-31 23:35:22.974  7924  7924 W FeedSessionManagerImpl: FeedSessionManagerImpl has previously been initialized
10-31 23:35:22.994  7924  7924 I ViewConfigCompat: Could not find method getScaledScrollFactor() on ViewConfiguration
10-31 23:35:22.999  7924  7924 I BasicStream: Setting 2 header views, currently have 0 headers
10-31 23:35:23.000  7924  7924 I BasicStream: Setting 2 header views, currently have 2 headers
10-31 23:35:23.051   600   619 D BluetoothManagerService: Message: 20
10-31 23:35:23.051   600   619 D BluetoothManagerService: Added callback: android.bluetooth.IBluetoothManagerCallback$Stub$Proxy@fecfaa3:true
10-31 23:35:23.083  7924  7924 E cr_IntentUtils: getBooleanExtra failed on intent null
10-31 23:35:23.088  7959  7973 I cr_LibraryLoader: Loaded native library version number "85.0.4183.127"
10-31 23:35:23.088  7959  7973 I cr_CachingUmaRecorder: Flushed 1 samples from 1 histograms.
10-31 23:35:23.096  7924  7924 I TimeoutSessionImpl: Using TimeoutSessionImpl
10-31 23:35:23.096  7924  7924 I FeedSessionManagerImpl: Delaying populateSession until initialization is finished
10-31 23:35:23.097  7924  7924 I TaskQueue:  - task [IMMEDIATE - d: true, b: 1]: 13
10-31 23:35:23.098  7924  7924 I MainThreadRunner: Running task [BasicStream onShow] on the Main Thread with a delay of 500 milliseconds
10-31 23:35:23.168  7924  7976 W SessionCache: Persisted Sessions were not found
10-31 23:35:23.168  7924  7976 I HeadSessionImpl: Initialize HEAD 0 items
10-31 23:35:23.168  7924  7976 I TaskQueue:  - task [BACKGROUND - d: true, b: 2]: 11
10-31 23:35:23.168  7924  7976 I TimingUtils: Task Timing 198ms, thread JardinExecutor | task : Initialization
10-31 23:35:23.168  7924  7976 I TaskQueue:  - Finished 30, time 199 ms
10-31 23:35:23.169  7924  7976 I TaskQueue: Execute task [HEAD_INVALIDATE - d: true, b: 2]: 26
10-31 23:35:23.170  7924  7976 I TimingUtils: Task Timing   0ms, thread JardinExecutor | task : getAllDismissLocalActions | size : 0
10-31 23:35:23.174  7924  7976 I TimingUtils: Task Timing   0ms, thread JardinExecutor | task : getSemanticProperties | size : 0
10-31 23:35:23.175  7924  7976 I MainThreadRunner: Running task [Check Tooltips] on the Main Thread
10-31 23:35:23.175  7924  7976 I TaskQueue:  * Starting starvation checks
10-31 23:35:23.175  7924  7976 I MainThreadRunner: Running task [starvationChecks] on the Main Thread with a delay of 6000 milliseconds
10-31 23:35:23.175  7924  7976 I TaskQueue:  - Finished 26, time 7 ms
10-31 23:35:23.175  7924  7976 I TaskQueue: Execute task [IMMEDIATE - d: true, b: 1]: 13
10-31 23:35:23.176  7924  7976 I FeedSessionManagerImpl: shouldSessionRequestData; hasContent(false), contentCreationTime(0), outstandingRequest(true)
10-31 23:35:23.176  7924  7976 I MainThreadRunner: Running task [SchedulerApiWrapper shouldSessionRequestData] on the Main Thread
10-31 23:35:23.180   600 24611 I ActivityManager: Start proc 8065:com.android.chrome:sandboxed_process1/u0i177 for service com.android.chrome/org.chromium.content.app.SandboxedProcessService1
10-31 23:35:23.217   600  1076 I ActivityManager: Start proc 8073:com.android.chrome:sandboxed_process2/u0i178 for service com.android.chrome/org.chromium.content.app.SandboxedProcessService2
10-31 23:35:23.238   600  7064 I ActivityManager: Start proc 8079:com.android.chrome:sandboxed_process3/u0i179 for service com.android.chrome/org.chromium.content.app.SandboxedProcessService3
10-31 23:35:23.263   600  3675 I ActivityManager: Start proc 8090:com.android.chrome:sandboxed_process4/u0i180 for service com.android.chrome/org.chromium.content.app.SandboxedProcessService4
10-31 23:35:23.294   600   707 I ActivityManager: Start proc 8115:com.android.chrome:sandboxed_process5/u0i181 for service com.android.chrome/org.chromium.content.app.SandboxedProcessService5
10-31 23:35:23.339   600   610 I ActivityManager: Start proc 8129:com.android.chrome:sandboxed_process6/u0i182 for service com.android.chrome/org.chromium.content.app.SandboxedProcessService6
10-31 23:35:23.383  8065  8065 W dboxed_process1: type=1400 audit(0.0:15864): avc: denied { getattr } for path="/data/data/com.android.chrome" dev="dm-2" ino=12190 scontext=u:r:isolated_app:s0:c512,c768 tcontext=u:object_r:app_data_file:s0:c512,c768 tclass=dir permissive=0
10-31 23:35:23.395   600 13558 I ActivityManager: Start proc 8140:com.android.chrome:sandboxed_process7/u0i183 for service com.android.chrome/org.chromium.content.app.SandboxedProcessService7
10-31 23:35:23.459   600 16391 I ActivityManager: Start proc 8162:com.android.chrome:sandboxed_process8/u0i184 for service com.android.chrome/org.chromium.content.app.SandboxedProcessService8
10-31 23:35:23.527  8073  8073 W dboxed_process2: type=1400 audit(0.0:15865): avc: denied { getattr } for path="/data/data/com.android.chrome" dev="dm-2" ino=12190 scontext=u:r:isolated_app:s0:c512,c768 tcontext=u:object_r:app_data_file:s0:c512,c768 tclass=dir permissive=0
10-31 23:35:23.543  8090  8090 W dboxed_process4: type=1400 audit(0.0:15866): avc: denied { getattr } for path="/data/data/com.android.chrome" dev="dm-2" ino=12190 scontext=u:r:isolated_app:s0:c512,c768 tcontext=u:object_r:app_data_file:s0:c512,c768 tclass=dir permissive=0
10-31 23:35:23.543  7924  7924 I PlayCore: UID: [10035]  PID: [7924] SplitInstallService : deferredInstall([image_editor])
10-31 23:35:23.556  7924  8169 I PlayCore: UID: [10035]  PID: [7924] SplitInstallService : Initiate binding to the service.
10-31 23:35:23.577  8079  8079 W dboxed_process3: type=1400 audit(0.0:15867): avc: denied { getattr } for path="/data/data/com.android.chrome" dev="dm-2" ino=12190 scontext=u:r:isolated_app:s0:c512,c768 tcontext=u:object_r:app_data_file:s0:c512,c768 tclass=dir permissive=0
10-31 23:35:23.597  8129  8129 W dboxed_process6: type=1400 audit(0.0:15868): avc: denied { getattr } for path="/data/data/com.android.chrome" dev="dm-2" ino=12190 scontext=u:r:isolated_app:s0:c512,c768 tcontext=u:object_r:app_data_file:s0:c512,c768 tclass=dir permissive=0
10-31 23:35:23.607   600  3967 W ActivityManager: Unable to start service Intent { act=com.google.android.play.core.splitinstall.BIND_SPLIT_INSTALL_SERVICE pkg=com.android.vending } U=0: not found
10-31 23:35:23.613  8065  8065 I cr_ChildProcessService: Creating new ChildProcessService pid=8065
10-31 23:35:23.643  8115  8115 W dboxed_process5: type=1400 audit(0.0:15869): avc: denied { getattr } for path="/data/data/com.android.chrome" dev="dm-2" ino=12190 scontext=u:r:isolated_app:s0:c512,c768 tcontext=u:object_r:app_data_file:s0:c512,c768 tclass=dir permissive=0
10-31 23:35:23.677  8140  8140 W dboxed_process7: type=1400 audit(0.0:15870): avc: denied { getattr } for path="/data/data/com.android.chrome" dev="dm-2" ino=12190 scontext=u:r:isolated_app:s0:c512,c768 tcontext=u:object_r:app_data_file:s0:c512,c768 tclass=dir permissive=0
10-31 23:35:23.683  7924  7924 I Choreographer: Skipped 61 frames!  The application may be doing too much work on its main thread.
10-31 23:35:23.770  8073  8073 I cr_ChildProcessService: Creating new ChildProcessService pid=8073
10-31 23:35:23.792  8090  8090 I cr_ChildProcessService: Creating new ChildProcessService pid=8090
10-31 23:35:23.815  8079  8079 I cr_ChildProcessService: Creating new ChildProcessService pid=8079
10-31 23:35:23.875  8115  8115 I cr_ChildProcessService: Creating new ChildProcessService pid=8115
10-31 23:35:23.877  8162  8162 W dboxed_process8: type=1400 audit(0.0:15871): avc: denied { getattr } for path="/data/data/com.android.chrome" dev="dm-2" ino=12190 scontext=u:r:isolated_app:s0:c512,c768 tcontext=u:object_r:app_data_file:s0:c512,c768 tclass=dir permissive=0
10-31 23:35:23.880  7924  8169 I PlayCore: UID: [10035]  PID: [7924] SplitInstallService : Failed to bind to the service.
10-31 23:35:23.880  8129  8129 I cr_ChildProcessService: Creating new ChildProcessService pid=8129
10-31 23:35:23.939  8140  8140 I cr_ChildProcessService: Creating new ChildProcessService pid=8140
10-31 23:35:23.962  8065  8179 I cr_LibraryLoader: Loaded native library version number "85.0.4183.127"
10-31 23:35:23.984  8065  8179 I cr_CachingUmaRecorder: Flushed 1 samples from 1 histograms.
10-31 23:35:24.023  7924  7934 W art     : Suspending all threads took: 103.203ms
10-31 23:35:24.051  8162  8162 I cr_ChildProcessService: Creating new ChildProcessService pid=8162
10-31 23:35:24.064  7924  7934 I art     : Background sticky concurrent mark sweep GC freed 38872(2MB) AllocSpace objects, 24(536KB) LOS objects, 17% free, 9MB/12MB, paused 106.136ms total 167.235ms
10-31 23:35:24.096  8073  8181 I cr_LibraryLoader: Loaded native library version number "85.0.4183.127"
10-31 23:35:24.096  8073  8181 I cr_CachingUmaRecorder: Flushed 1 samples from 1 histograms.
10-31 23:35:24.120  8090  8182 I cr_LibraryLoader: Loaded native library version number "85.0.4183.127"
10-31 23:35:24.121  8090  8182 I cr_CachingUmaRecorder: Flushed 1 samples from 1 histograms.
10-31 23:35:24.159  8079  8183 I cr_LibraryLoader: Loaded native library version number "85.0.4183.127"
10-31 23:35:24.159  8079  8183 I cr_CachingUmaRecorder: Flushed 1 samples from 1 histograms.
10-31 23:35:24.168  7924  7924 I cr_tabmodel: Appending tabs being restored to metadata lists, 0, startingNormalCount: 1, startingIncognitoCount: 0
10-31 23:35:24.168  7924  7924 I cr_tabmodel: Serializing tab lists; counts: 1, 0
10-31 23:35:24.178  8065  8179 I chromium: [INFO:child_process_service.cc(69)] ChildProcessService: Exiting child process.
10-31 23:35:24.206  8065  8065 I cr_ChildProcessService: Destroying ChildProcessService pid=8065
10-31 23:35:24.238  8129  8185 I cr_LibraryLoader: Loaded native library version number "85.0.4183.127"
10-31 23:35:24.263  8129  8185 I cr_CachingUmaRecorder: Flushed 1 samples from 1 histograms.
10-31 23:35:24.267  8140  8187 I cr_LibraryLoader: Loaded native library version number "85.0.4183.127"
10-31 23:35:24.267  8140  8187 I cr_CachingUmaRecorder: Flushed 1 samples from 1 histograms.
10-31 23:35:24.274   600  1081 I ActivityManager: Killing 8065:com.android.chrome:sandboxed_process1/u0a35i177 (adj 0): isolated not needed
10-31 23:35:24.276  8115  8184 I cr_LibraryLoader: Loaded native library version number "85.0.4183.127"
10-31 23:35:24.279  8073  8181 I chromium: [INFO:child_process_service.cc(69)] ChildProcessService: Exiting child process.
10-31 23:35:24.288  7924  7924 I TaskQueue:  - task [IMMEDIATE - d: true, b: 1]: 27
10-31 23:35:24.289   197   197 E lowmemorykiller: Error writing /proc/8073/oom_score_adj; errno=22
10-31 23:35:24.290   600   610 E JavaBinder: !!! FAILED BINDER TRANSACTION !!!  (parcel size = 76)
10-31 23:35:24.291   600   610 E JavaBinder: !!! FAILED BINDER TRANSACTION !!!  (parcel size = 572)
10-31 23:35:24.291   600   610 W ActivityManager: Exception when unbinding service com.android.chrome/org.chromium.content.app.SandboxedProcessService2
10-31 23:35:24.291   600   610 W ActivityManager: android.os.DeadObjectException: Transaction failed on small parcel; remote process probably died
10-31 23:35:24.291   600   610 W ActivityManager: 	at android.os.BinderProxy.transactNative(Native Method)
10-31 23:35:24.291   600   610 W ActivityManager: 	at android.os.BinderProxy.transact(Binder.java:615)
10-31 23:35:24.291   600   610 W ActivityManager: 	at android.app.ApplicationThreadProxy.scheduleUnbindService(ApplicationThreadNative.java:1016)
10-31 23:35:24.291   600   610 W ActivityManager: 	at com.android.server.am.ActiveServices.removeConnectionLocked(ActiveServices.java:2175)
10-31 23:35:24.291   600   610 W ActivityManager: 	at com.android.server.am.ActiveServices.unbindServiceLocked(ActiveServices.java:1163)
10-31 23:35:24.291   600   610 W ActivityManager: 	at com.android.server.am.ActivityManagerService.unbindService(ActivityManagerService.java:17309)
10-31 23:35:24.291   600   610 W ActivityManager: 	at android.app.ActivityManagerNative.onTransact(ActivityManagerNative.java:1145)
10-31 23:35:24.291   600   610 W ActivityManager: 	at com.android.server.am.ActivityManagerService.onTransact(ActivityManagerService.java:2795)
10-31 23:35:24.291   600   610 W ActivityManager: 	at android.os.Binder.execTransact(Binder.java:565)
10-31 23:35:24.291   600   610 E JavaBinder: !!! FAILED BINDER TRANSACTION !!!  (parcel size = 76)
10-31 23:35:24.292   197   197 E lowmemorykiller: Error writing /proc/8073/oom_score_adj; errno=22
10-31 23:35:24.292   600   610 E JavaBinder: !!! FAILED BINDER TRANSACTION !!!  (parcel size = 76)
10-31 23:35:24.293  7924  7976 I FeedSessionManagerImpl: shouldSessionRequestDataResult: NO_REQUEST_WITH_WAIT, shouldMakeRequest(false), withTimeout(false), withAppend(false)
10-31 23:35:24.293  7924  7976 I TaskQueue:  - task [USER_FACING - d: true, b: 2]: 24
10-31 23:35:24.293  7924  7976 I TaskQueue:  - Finished 13, time 1118 ms
10-31 23:35:24.303   600 25704 I ActivityManager: Process com.android.chrome:sandboxed_process2 (pid 8073) has died
10-31 23:35:24.303   600 25704 D ActivityManager: cleanUpApplicationRecord -- 8073
10-31 23:35:24.310  7924  7924 W chromium: [WARNING:compositor_view.cc(315)] Child process died (type=6) pid=8073)
10-31 23:35:24.312  7924  7924 I Choreographer: Skipped 36 frames!  The application may be doing too much work on its main thread.
10-31 23:35:24.313  7924  7976 I TaskQueue: Execute task [IMMEDIATE - d: true, b: 2]: 27
10-31 23:35:24.315  7924  7976 I FeedRequestManagerImpl: Consistency Token: # hU2@7bca4
10-31 23:35:24.327  8115  8184 I cr_CachingUmaRecorder: Flushed 1 samples from 1 histograms.
10-31 23:35:24.334  7924  7976 I FeedRequestManagerImpl: Capability: FEED_UI
10-31 23:35:24.334  7924  7976 I FeedRequestManagerImpl: Capability: UNDOABLE_ACTIONS
10-31 23:35:24.334  7924  7976 I FeedRequestManagerImpl: Capability: MANAGE_INTERESTS
10-31 23:35:24.334  7924  7976 I FeedRequestManagerImpl: Capability: SEND_FEEDBACK
10-31 23:35:24.334  7924  7976 I FeedRequestManagerImpl: Capability: ARTICLE_SNIPPETS
10-31 23:35:24.334  7924  7976 I FeedRequestManagerImpl: Capability: CLICK_ACTION
10-31 23:35:24.334  7924  7976 I FeedRequestManagerImpl: Capability: VIEW_ACTION
10-31 23:35:24.334  7924  7976 I FeedRequestManagerImpl: Capability: REPORT_FEED_USER_ACTIONS_NOTICE_CARD
10-31 23:35:24.334  7924  7976 I FeedRequestManagerImpl: Capability: BASE_UI
10-31 23:35:24.336  7924  7976 I FeedRequestManagerImpl: Making Request: /httpservice/noretry/DiscoverClankService/FeedQuery
10-31 23:35:24.361  7924  7976 I MainThreadRunner: Running task [NetworkClientWrapper send] on the Main Thread
10-31 23:35:24.364  7924  7976 I TaskQueue:  - Finished 27, time 48 ms
10-31 23:35:24.396  8162  8192 I cr_LibraryLoader: Loaded native library version number "85.0.4183.127"
10-31 23:35:24.396  8162  8192 I cr_CachingUmaRecorder: Flushed 1 samples from 1 histograms.
10-31 23:35:24.521  7924  7934 W art     : Suspending all threads took: 5.331ms
10-31 23:35:24.570  7924  7934 I art     : Background partial concurrent mark sweep GC freed 60570(3MB) AllocSpace objects, 28(552KB) LOS objects, 39% free, 10MB/17MB, paused 12.403ms total 234.172ms
10-31 23:35:24.582  8079  8079 I cr_ChildProcessService: Destroying ChildProcessService pid=8079
10-31 23:35:24.589   600 27731 I ActivityManager: Killing 8129:com.android.chrome:sandboxed_process6/u0a35i182 (adj 0): isolated not needed
10-31 23:35:24.589   600 27731 I ActivityManager: Killing 8079:com.android.chrome:sandboxed_process3/u0a35i179 (adj 0): isolated not needed
10-31 23:35:24.589   600 27731 I ActivityManager: Killing 8090:com.android.chrome:sandboxed_process4/u0a35i180 (adj 0): isolated not needed
10-31 23:35:24.834  8140  8187 I chromium: [INFO:child_process_service.cc(69)] ChildProcessService: Exiting child process.
10-31 23:35:24.835  8115  8184 I chromium: [INFO:child_process_service.cc(69)] ChildProcessService: Exiting child process.
10-31 23:35:24.835  8162  8192 I chromium: [INFO:child_process_service.cc(69)] ChildProcessService: Exiting child process.
10-31 23:35:24.850   600  1076 I ActivityManager: Start proc 8218:com.android.chrome:sandboxed_process9/u0i185 for service com.android.chrome/org.chromium.content.app.SandboxedProcessService9
10-31 23:35:24.877  7924  7924 W chromium: [WARNING:compositor_view.cc(315)] Child process died (type=6) pid=8115)
10-31 23:35:24.878  7924  7924 W chromium: [WARNING:compositor_view.cc(315)] Child process died (type=6) pid=8140)
10-31 23:35:24.883   600  1081 I ActivityManager: Start proc 8223:com.android.chrome:sandboxed_process10/u0i186 for service com.android.chrome/org.chromium.content.app.SandboxedProcessService10
10-31 23:35:24.883   600 24515 I ActivityManager: Process com.android.chrome:sandboxed_process5 (pid 8115) has died
10-31 23:35:24.884   600 24515 D ActivityManager: cleanUpApplicationRecord -- 8115
10-31 23:35:24.884   600 24515 W ActivityManager: Scheduling restart of crashed service com.android.chrome/org.chromium.content.app.SandboxedProcessService5 in 1000ms
10-31 23:35:24.906   600   713 I ActivityManager: Process com.android.chrome:sandboxed_process7 (pid 8140) has died
10-31 23:35:24.906   600   713 D ActivityManager: cleanUpApplicationRecord -- 8140
10-31 23:35:24.906   600   713 W ActivityManager: Scheduling restart of crashed service com.android.chrome/org.chromium.content.app.SandboxedProcessService7 in 10978ms
10-31 23:35:24.917  8060  8060 D AndroidRuntime: >>>>>> START com.android.internal.os.RuntimeInit uid 2000 <<<<<<
10-31 23:35:24.938  8060  8060 D AndroidRuntime: CheckJNI is OFF
10-31 23:35:24.949   600  3967 I ActivityManager: Start proc 8244:com.android.chrome:sandboxed_process11/u0i187 for service com.android.chrome/org.chromium.content.app.SandboxedProcessService11
10-31 23:35:24.989   600  7064 I ActivityManager: Start proc 8255:com.android.chrome:sandboxed_process12/u0i188 for service com.android.chrome/org.chromium.content.app.SandboxedProcessService12
10-31 23:35:24.989   600  3994 I ActivityManager: Process com.android.chrome:sandboxed_process8 (pid 8162) has died
10-31 23:35:24.989   600  3994 D ActivityManager: cleanUpApplicationRecord -- 8162
10-31 23:35:24.989   600  3994 W ActivityManager: Scheduling restart of crashed service com.android.chrome/org.chromium.content.app.SandboxedProcessService8 in 20894ms
10-31 23:35:24.994  7924  7924 W chromium: [WARNING:compositor_view.cc(315)] Child process died (type=6) pid=8162)
10-31 23:35:25.019   600  3509 I ActivityManager: Start proc 8263:com.android.chrome:sandboxed_process13/u0i189 for service com.android.chrome/org.chromium.content.app.SandboxedProcessService13
10-31 23:35:25.033  8223  8223 W boxed_process10: type=1400 audit(0.0:15872): avc: denied { getattr } for path="/data/data/com.android.chrome" dev="dm-2" ino=12190 scontext=u:r:isolated_app:s0:c512,c768 tcontext=u:object_r:app_data_file:s0:c512,c768 tclass=dir permissive=0
10-31 23:35:25.047  8218  8218 W dboxed_process9: type=1400 audit(0.0:15873): avc: denied { getattr } for path="/data/data/com.android.chrome" dev="dm-2" ino=12190 scontext=u:r:isolated_app:s0:c512,c768 tcontext=u:object_r:app_data_file:s0:c512,c768 tclass=dir permissive=0
10-31 23:35:25.047   600 10249 I ActivityManager: Start proc 8276:com.android.chrome:sandboxed_process14/u0i190 for service com.android.chrome/org.chromium.content.app.SandboxedProcessService14
10-31 23:35:25.078   600  1080 I ActivityManager: Start proc 8289:com.android.chrome:sandboxed_process15/u0i191 for service com.android.chrome/org.chromium.content.app.SandboxedProcessService15
10-31 23:35:25.110  8244  8244 W boxed_process11: type=1400 audit(0.0:15874): avc: denied { getattr } for path="/data/data/com.android.chrome" dev="dm-2" ino=12190 scontext=u:r:isolated_app:s0:c512,c768 tcontext=u:object_r:app_data_file:s0:c512,c768 tclass=dir permissive=0
10-31 23:35:25.117   600   610 I ActivityManager: Start proc 8295:com.android.chrome:sandboxed_process16/u0i192 for service com.android.chrome/org.chromium.content.app.SandboxedProcessService16
10-31 23:35:25.151  8223  8223 I cr_ChildProcessService: Creating new ChildProcessService pid=8223
10-31 23:35:25.155   600  1079 I ActivityManager: Start proc 8316:com.android.chrome:sandboxed_process17/u0i193 for service com.android.chrome/org.chromium.content.app.SandboxedProcessService17
10-31 23:35:25.180  8218  8218 I cr_ChildProcessService: Creating new ChildProcessService pid=8218
10-31 23:35:25.193  8255  8255 W boxed_process12: type=1400 audit(0.0:15875): avc: denied { getattr } for path="/data/data/com.android.chrome" dev="dm-2" ino=12190 scontext=u:r:isolated_app:s0:c512,c768 tcontext=u:object_r:app_data_file:s0:c512,c768 tclass=dir permissive=0
10-31 23:35:25.193  8263  8263 W boxed_process13: type=1400 audit(0.0:15876): avc: denied { getattr } for path="/data/data/com.android.chrome" dev="dm-2" ino=12190 scontext=u:r:isolated_app:s0:c512,c768 tcontext=u:object_r:app_data_file:s0:c512,c768 tclass=dir permissive=0
10-31 23:35:25.201   600  3967 I ActivityManager: Start proc 8330:com.android.chrome:sandboxed_process18/u0i194 for service com.android.chrome/org.chromium.content.app.SandboxedProcessService18
10-31 23:35:25.238  7924  7981 W cr_CrashFileManager: /data/user/0/com.android.chrome/cache/Crash Reports does not exist or is not a directory
10-31 23:35:25.239  7924  7981 W cr_CrashFileManager: /data/user/0/com.android.chrome/cache/Crash Reports does not exist or is not a directory
10-31 23:35:25.239  7924  7981 W cr_CrashFileManager: /data/user/0/com.android.chrome/cache/Crash Reports does not exist or is not a directory
10-31 23:35:25.268  8244  8244 I cr_ChildProcessService: Creating new ChildProcessService pid=8244
10-31 23:35:25.283  8276  8276 W boxed_process14: type=1400 audit(0.0:15877): avc: denied { getattr } for path="/data/data/com.android.chrome" dev="dm-2" ino=12190 scontext=u:r:isolated_app:s0:c512,c768 tcontext=u:object_r:app_data_file:s0:c512,c768 tclass=dir permissive=0
10-31 23:35:25.295   600 27731 I ActivityManager: Start proc 8344:com.android.chrome:sandboxed_process19/u0i195 for service com.android.chrome/org.chromium.content.app.SandboxedProcessService19
10-31 23:35:25.298  7924  7981 I cr_FileUtils: Writing to /data/user/0/com.android.chrome/app_dex/webapk7.dex
10-31 23:35:25.353   600 24515 I ActivityManager: Start proc 8358:com.android.chrome:sandboxed_process20/u0i196 for service com.android.chrome/org.chromium.content.app.SandboxedProcessService20
10-31 23:35:25.380  8289  8289 W boxed_process15: type=1400 audit(0.0:15878): avc: denied { getattr } for path="/data/data/com.android.chrome" dev="dm-2" ino=12190 scontext=u:r:isolated_app:s0:c512,c768 tcontext=u:object_r:app_data_file:s0:c512,c768 tclass=dir permissive=0
10-31 23:35:25.388  8263  8263 I cr_ChildProcessService: Creating new ChildProcessService pid=8263
10-31 23:35:25.396  7924  7958 I cr_BindingManager: Moderate binding enabled: maxSize=40
10-31 23:35:25.405  8255  8255 I cr_ChildProcessService: Creating new ChildProcessService pid=8255
10-31 23:35:25.440  8295  8295 W boxed_process16: type=1400 audit(0.0:15879): avc: denied { getattr } for path="/data/data/com.android.chrome" dev="dm-2" ino=12190 scontext=u:r:isolated_app:s0:c512,c768 tcontext=u:object_r:app_data_file:s0:c512,c768 tclass=dir permissive=0
10-31 23:35:25.477 17650 18132 I Icing   : IndexChimeraService.getServiceInterface callingPackage=com.android.chrome componentName=null serviceId=36
10-31 23:35:25.506 17650 17977 I Icing   : IndexChimeraService.getServiceInterface callingPackage=com.android.chrome componentName=null serviceId=36
10-31 23:35:25.520  8316  8316 W boxed_process17: type=1400 audit(0.0:15880): avc: denied { getattr } for path="/data/data/com.android.chrome" dev="dm-2" ino=12190 scontext=u:r:isolated_app:s0:c512,c768 tcontext=u:object_r:app_data_file:s0:c512,c768 tclass=dir permissive=0
10-31 23:35:25.531  8218  8328 I cr_LibraryLoader: Loaded native library version number "85.0.4183.127"
10-31 23:35:25.535  8276  8276 I cr_ChildProcessService: Creating new ChildProcessService pid=8276
10-31 23:35:25.539  8223  8317 I cr_LibraryLoader: Loaded native library version number "85.0.4183.127"
10-31 23:35:25.539  8223  8317 I cr_CachingUmaRecorder: Flushed 1 samples from 1 histograms.
10-31 23:35:25.548  8218  8328 I cr_CachingUmaRecorder: Flushed 1 samples from 1 histograms.
10-31 23:35:25.597  8330  8330 W boxed_process18: type=1400 audit(0.0:15881): avc: denied { getattr } for path="/data/data/com.android.chrome" dev="dm-2" ino=12190 scontext=u:r:isolated_app:s0:c512,c768 tcontext=u:object_r:app_data_file:s0:c512,c768 tclass=dir permissive=0
10-31 23:35:25.603  8060  8060 D ICU     : No timezone override file found: /data/misc/zoneinfo/current/icu/icu_tzdata.dat
10-31 23:35:25.635  8289  8289 I cr_ChildProcessService: Creating new ChildProcessService pid=8289
10-31 23:35:25.677  8344  8344 W boxed_process19: type=1400 audit(0.0:15882): avc: denied { getattr } for path="/data/data/com.android.chrome" dev="dm-2" ino=12190 scontext=u:r:isolated_app:s0:c512,c768 tcontext=u:object_r:app_data_file:s0:c512,c768 tclass=dir permissive=0
10-31 23:35:25.681  8295  8295 I cr_ChildProcessService: Creating new ChildProcessService pid=8295
10-31 23:35:25.707  8316  8316 I cr_ChildProcessService: Creating new ChildProcessService pid=8316
10-31 23:35:25.707  8244  8342 I cr_LibraryLoader: Loaded native library version number "85.0.4183.127"
10-31 23:35:25.708  8244  8342 I cr_CachingUmaRecorder: Flushed 1 samples from 1 histograms.
10-31 23:35:25.757  8358  8358 W boxed_process20: type=1400 audit(0.0:15883): avc: denied { getattr } for path="/data/data/com.android.chrome" dev="dm-2" ino=12190 scontext=u:r:isolated_app:s0:c512,c768 tcontext=u:object_r:app_data_file:s0:c512,c768 tclass=dir permissive=0
10-31 23:35:25.775  8263  8369 I cr_LibraryLoader: Loaded native library version number "85.0.4183.127"
10-31 23:35:25.781  8218  8328 I chromium: [INFO:child_process_service.cc(69)] ChildProcessService: Exiting child process.
10-31 23:35:25.787  8263  8369 I cr_CachingUmaRecorder: Flushed 1 samples from 1 histograms.
10-31 23:35:25.806  8255  8370 I cr_LibraryLoader: Loaded native library version number "85.0.4183.127"
10-31 23:35:25.807  8255  8370 I cr_CachingUmaRecorder: Flushed 1 samples from 1 histograms.
10-31 23:35:25.826  8330  8330 I cr_ChildProcessService: Creating new ChildProcessService pid=8330
10-31 23:35:25.865  8276  8383 I cr_LibraryLoader: Loaded native library version number "85.0.4183.127"
10-31 23:35:25.866  8276  8383 I cr_CachingUmaRecorder: Flushed 1 samples from 1 histograms.
10-31 23:35:25.894  8359  8359 I dex2oat : /system/bin/dex2oat --dex-file=/data/user/0/com.android.chrome/app_dex/webapk7.dex --oat-fd=371 --oat-location=/data/user/0/com.android.chrome/app_dex/oat/arm/webapk7.dex --compiler-filter=speed
10-31 23:35:25.913  7924  7924 I FeedRequestManagerImpl: Request: /httpservice/noretry/DiscoverClankService/FeedQuery completed with response code: 200
10-31 23:35:25.914  7924  7924 I TaskQueue:  - task [IMMEDIATE - d: true, b: 2]: 15
10-31 23:35:25.914  7924  7924 I TaskQueue:  - queueTask starting immediate task
10-31 23:35:25.914  7924  7983 I TaskQueue: Execute task [IMMEDIATE - d: true, b: 2]: 15
10-31 23:35:25.916  8289  8388 I cr_LibraryLoader: Loaded native library version number "85.0.4183.127"
10-31 23:35:25.937  8289  8388 I cr_CachingUmaRecorder: Flushed 1 samples from 1 histograms.
10-31 23:35:25.958  8295  8392 I cr_LibraryLoader: Loaded native library version number "85.0.4183.127"
10-31 23:35:25.964  8295  8392 I cr_CachingUmaRecorder: Flushed 1 samples from 1 histograms.
10-31 23:35:25.967  8060  8060 I Radio-JNI: register_android_hardware_Radio DONE
10-31 23:35:25.979  8316  8394 I cr_LibraryLoader: Loaded native library version number "85.0.4183.127"
10-31 23:35:25.987  8316  8394 I cr_CachingUmaRecorder: Flushed 1 samples from 1 histograms.
10-31 23:35:25.993   600   609 I art     : Background partial concurrent mark sweep GC freed 42027(2MB) AllocSpace objects, 25(652KB) LOS objects, 33% free, 17MB/26MB, paused 7.852ms total 518.521ms
10-31 23:35:26.050  7924  7983 I MainThreadRunner: Running task [FeedRequestManagerImpl consumer] on the Main Thread
10-31 23:35:26.055  8276  8383 I chromium: [INFO:child_process_service.cc(69)] ChildProcessService: Exiting child process.
10-31 23:35:26.055  8289  8388 I chromium: [INFO:child_process_service.cc(69)] ChildProcessService: Exiting child process.
10-31 23:35:26.055  8295  8392 I chromium: [INFO:child_process_service.cc(69)] ChildProcessService: Exiting child process.
10-31 23:35:26.057  8244  8342 I chromium: [INFO:child_process_service.cc(69)] ChildProcessService: Exiting child process.
10-31 23:35:26.061  8263  8369 I chromium: [INFO:child_process_service.cc(69)] ChildProcessService: Exiting child process.
10-31 23:35:26.063  8255  8370 I chromium: [INFO:child_process_service.cc(69)] ChildProcessService: Exiting child process.
10-31 23:35:26.073  8316  8394 I chromium: [INFO:child_process_service.cc(69)] ChildProcessService: Exiting child process.
10-31 23:35:26.074   197   197 E lowmemorykiller: Error writing /proc/8276/oom_score_adj; errno=22
10-31 23:35:26.075   197   197 E lowmemorykiller: Error writing /proc/8289/oom_score_adj; errno=22
10-31 23:35:26.080   197   197 E lowmemorykiller: Error writing /proc/8295/oom_score_adj; errno=22
10-31 23:35:26.083   197   197 E lowmemorykiller: Error writing /proc/8263/oom_score_adj; errno=22
10-31 23:35:26.087  7924  7924 I FeedProtocolAdapter: createModel, operations 33
10-31 23:35:26.093  7924  7924 I TimingUtils: Task Timing   5ms, thread ui | task : convertWireProtocol | mutations : 33
10-31 23:35:26.094   197   197 E lowmemorykiller: Error writing /proc/8255/oom_score_adj; errno=22
10-31 23:35:26.095  7924  7924 I TaskQueue:  - task [HEAD_RESET - d: true, b: 2]: 5
10-31 23:35:26.095  7924  7924 I TaskQueue:  - queueTask starting immediate task
10-31 23:35:26.101   197   197 E lowmemorykiller: Error writing /proc/8244/oom_score_adj; errno=22
10-31 23:35:26.102  7924  7983 I TaskQueue:  - Finished 15, time 187 ms
10-31 23:35:26.102  7924  7983 I TaskQueue: Execute task [HEAD_RESET - d: true, b: 2]: 5
10-31 23:35:26.104  8060  8060 D AndroidRuntime: Calling main entry com.android.commands.am.Am
10-31 23:35:26.110   197   197 E lowmemorykiller: Error writing /proc/8316/oom_score_adj; errno=22
10-31 23:35:26.116  7924  7983 I TaskQueue:  - task [BACKGROUND - d: true, b: 2]: 23
10-31 23:35:26.117  7924  7983 W SessionCache: Persisted Sessions were not found
10-31 23:35:26.122   600   611 I ActivityManager: Process com.android.chrome:sandboxed_process17 (pid 8316) has died
10-31 23:35:26.122   600   611 D ActivityManager: cleanUpApplicationRecord -- 8316
10-31 23:35:26.122   600   611 I ActivityManager: Killing 8244:com.android.chrome:sandboxed_process11/u0a35i187 (adj 0): isolated not needed
10-31 23:35:26.122   600   611 I ActivityManager: Killing 8255:com.android.chrome:sandboxed_process12/u0a35i188 (adj 0): isolated not needed
