--------- beginning of main
11-01 15:25:34.007  5047  5047 D AndroidRuntime: >>>>>> START com.android.internal.os.RuntimeInit uid 2000 <<<<<<
11-01 15:25:34.011  5047  5047 D AndroidRuntime: CheckJNI is OFF
11-01 15:25:34.075  5047  5047 D ICU     : No timezone override file found: /data/misc/zoneinfo/current/icu/icu_tzdata.dat
11-01 15:25:34.104  5047  5047 I Radio-JNI: register_android_hardware_Radio DONE
11-01 15:25:34.119  5047  5047 D AndroidRuntime: Calling main entry com.android.commands.am.Am
--------- beginning of system
11-01 15:25:34.137   600  1665 I ActivityManager: Force stopping com.android.chrome appid=10035 user=0: from pid 5047
11-01 15:25:34.137   600  1665 I ActivityManager: Killing 4963:com.android.chrome/u0a35 (adj 902): stop com.android.chrome
11-01 15:25:34.137   600  1665 D ActivityManager: cleanUpApplicationRecord -- 4963
11-01 15:25:34.146  1058  1058 D RegisteredNfcFServicesCache: Service unchanged, not updating
11-01 15:25:34.395   600 28743 I ActivityManager: START u0 {act=android.intent.action.VIEW flg=0x10008000 cmp=com.android.chrome/com.google.android.apps.chrome.Main} from uid 2000 on display 0
11-01 15:25:34.423  5047  5047 D AndroidRuntime: Shutting down VM
11-01 15:25:34.451   600  1666 I ActivityManager: Start proc 5057:com.android.chrome/u0a35 for activity com.android.chrome/com.google.android.apps.chrome.Main
11-01 15:25:34.613   600  1666 I ActivityManager: START u0 {cmp=com.android.chrome/org.chromium.chrome.browser.firstrun.TabbedModeFirstRunActivity (has extras)} from uid 10035 on display 0
11-01 15:25:34.655  5057  5074 W DynamiteModule: Local module descriptor class for com.google.android.gms.googlecertificates not found.
11-01 15:25:34.796  5057  5075 I cr_LibraryLoader: Loaded native library version number "85.0.4183.127"
11-01 15:25:34.797  5057  5075 I cr_CachingUmaRecorder: Flushed 10 samples from 10 histograms.
11-01 15:25:34.800  5057  5074 I DynamiteModule: Considering local module com.google.android.gms.googlecertificates:0 and remote module com.google.android.gms.googlecertificates:6
11-01 15:25:34.800  5057  5074 I DynamiteModule: Selected remote version of com.google.android.gms.googlecertificates, version >= 6
11-01 15:25:34.825  5057  5076 I OpenGLRenderer: Initialized EGL, version 1.4
11-01 15:25:34.825  5057  5076 D OpenGLRenderer: Swap behavior 2
11-01 15:25:34.846   600   609 I art     : Background partial concurrent mark sweep GC freed 27067(1197KB) AllocSpace objects, 1(552KB) LOS objects, 33% free, 15MB/23MB, paused 610us total 121.320ms
11-01 15:25:34.868  5057  5074 W System  : ClassLoader referenced unknown path: 
11-01 15:25:34.869  5057  5074 D ApplicationLoaders: ignored Vulkan layer search path /data/app/com.google.android.gms-1/lib/arm:/data/app/com.google.android.gms-1/base.apk!/lib/armeabi-v7a:/data/app/com.google.android.gms-1/split_config.en.apk!/lib/armeabi-v7a for namespace 0xf7275090
11-01 15:25:34.872  5057  5074 W ResourceType: ResTable_typeSpec entry count inconsistent: given 67, previously 69
11-01 15:25:34.872  5057  5074 W ResourceType: ResTable_typeSpec entry count inconsistent: given 5346, previously 5347
11-01 15:25:34.892  5057  5074 I DynamiteLoaderV2Impl: [70] Googlecertificates
11-01 15:25:34.912  5057  5074 W System  : ClassLoader referenced unknown path: /data/user_de/0/com.google.android.gms/app_chimera/m/00000061/n/armeabi-v7a
11-01 15:25:34.912  5057  5074 W System  : ClassLoader referenced unknown path: /data/user_de/0/com.google.android.gms/app_chimera/m/00000061/n/armeabi
11-01 15:25:35.041  5057  5071 D NetworkSecurityConfig: Using Network Security Config from resource 0_resource_name_obfuscated debugBuild: false
11-01 15:25:35.050   600   620 W WindowManager: Failed looking up window
11-01 15:25:35.050   600   620 W WindowManager: java.lang.IllegalArgumentException: Requested window android.view.ViewRootImpl$W@2282f1a does not exist
11-01 15:25:35.050   600   620 W WindowManager: 	at com.android.server.wm.WindowManagerService.windowForClientLocked(WindowManagerService.java:9422)
11-01 15:25:35.050   600   620 W WindowManager: 	at com.android.server.wm.WindowManagerService.windowForClientLocked(WindowManagerService.java:9413)
11-01 15:25:35.050   600   620 W WindowManager: 	at com.android.server.wm.WindowManagerService.removeWindow(WindowManagerService.java:2393)
11-01 15:25:35.050   600   620 W WindowManager: 	at com.android.server.wm.Session.remove(Session.java:202)
11-01 15:25:35.050   600   620 W WindowManager: 	at android.view.ViewRootImpl.dispatchDetachedFromWindow(ViewRootImpl.java:3290)
11-01 15:25:35.050   600   620 W WindowManager: 	at android.view.ViewRootImpl.doDie(ViewRootImpl.java:5917)
11-01 15:25:35.050   600   620 W WindowManager: 	at android.view.ViewRootImpl$ViewRootHandler.handleMessage(ViewRootImpl.java:3626)
11-01 15:25:35.050   600   620 W WindowManager: 	at android.os.Handler.dispatchMessage(Handler.java:102)
11-01 15:25:35.050   600   620 W WindowManager: 	at android.os.Looper.loop(Looper.java:154)
11-01 15:25:35.050   600   620 W WindowManager: 	at android.os.HandlerThread.run(HandlerThread.java:61)
11-01 15:25:35.050   600   620 W WindowManager: 	at com.android.server.ServiceThread.run(ServiceThread.java:46)
11-01 15:25:35.057   600   620 I ActivityManager: Displayed com.android.chrome/org.chromium.chrome.browser.firstrun.TabbedModeFirstRunActivity: +400ms (total +630ms)
11-01 15:25:35.074   785  1234 E apju    : Phenotype API error. Event # cdub@369881ae, EventCode: 7 [CONTEXT service_id=51 ]
11-01 15:25:35.074   785  1234 E apju    : apiz: 29505: No config packages for log source, or config package not registered
11-01 15:25:35.074   785  1234 E apju    : 	at apkj.b(:com.google.android.gms@203915020@20.39.15 (040406-335085812):7)
11-01 15:25:35.074   785  1234 E apju    : 	at apkg.b(:com.google.android.gms@203915020@20.39.15 (040406-335085812):2)
11-01 15:25:35.074   785  1234 E apju    : 	at apju.a(:com.google.android.gms@203915020@20.39.15 (040406-335085812):85)
11-01 15:25:35.074   785  1234 E apju    : 	at apju.a(:com.google.android.gms@203915020@20.39.15 (040406-335085812):80)
11-01 15:25:35.074   785  1234 E apju    : 	at aain.run(:com.google.android.gms@203915020@20.39.15 (040406-335085812):7)
11-01 15:25:35.074   785  1234 E apju    : 	at boex.run(:com.google.android.gms@203915020@20.39.15 (040406-335085812):2)
11-01 15:25:35.074   785  1234 E apju    : 	at sup.b(:com.google.android.gms@203915020@20.39.15 (040406-335085812):12)
11-01 15:25:35.074   785  1234 E apju    : 	at sup.run(:com.google.android.gms@203915020@20.39.15 (040406-335085812):7)
11-01 15:25:35.074   785  1234 E apju    : 	at java.util.concurrent.ThreadPoolExecutor.runWorker(ThreadPoolExecutor.java:1133)
11-01 15:25:35.074   785  1234 E apju    : 	at java.util.concurrent.ThreadPoolExecutor$Worker.run(ThreadPoolExecutor.java:607)
11-01 15:25:35.074   785  1234 E apju    : 	at tam.run(:com.google.android.gms@203915020@20.39.15 (040406-335085812):0)
11-01 15:25:35.074   785  1234 E apju    : 	at java.lang.Thread.run(Thread.java:761)
11-01 15:25:35.075   785  1234 E AsyncOperation: serviceID=51, operation=GetExperimentTokensOperationCall [CONTEXT service_id=259 ]
11-01 15:25:35.075   785  1234 E AsyncOperation: OperationException[Status{statusCode=No config packages for log source, or config package not registered, resolution=null}]
11-01 15:25:35.075   785  1234 E AsyncOperation: 	at apju.a(:com.google.android.gms@203915020@20.39.15 (040406-335085812):87)
11-01 15:25:35.075   785  1234 E AsyncOperation: 	at apju.a(:com.google.android.gms@203915020@20.39.15 (040406-335085812):80)
11-01 15:25:35.075   785  1234 E AsyncOperation: 	at aain.run(:com.google.android.gms@203915020@20.39.15 (040406-335085812):7)
11-01 15:25:35.075   785  1234 E AsyncOperation: 	at boex.run(:com.google.android.gms@203915020@20.39.15 (040406-335085812):2)
11-01 15:25:35.075   785  1234 E AsyncOperation: 	at sup.b(:com.google.android.gms@203915020@20.39.15 (040406-335085812):12)
11-01 15:25:35.075   785  1234 E AsyncOperation: 	at sup.run(:com.google.android.gms@203915020@20.39.15 (040406-335085812):7)
11-01 15:25:35.075   785  1234 E AsyncOperation: 	at java.util.concurrent.ThreadPoolExecutor.runWorker(ThreadPoolExecutor.java:1133)
11-01 15:25:35.075   785  1234 E AsyncOperation: 	at java.util.concurrent.ThreadPoolExecutor$Worker.run(ThreadPoolExecutor.java:607)
11-01 15:25:35.075   785  1234 E AsyncOperation: 	at tam.run(:com.google.android.gms@203915020@20.39.15 (040406-335085812):0)
11-01 15:25:35.075   785  1234 E AsyncOperation: 	at java.lang.Thread.run(Thread.java:761)
11-01 15:25:35.087   785  1586 I FontLog : Received query Google Sans, URI content://com.google.android.gms.fonts [CONTEXT service_id=132 ]
11-01 15:25:35.087   785  1586 I FontLog : Query [Google Sans] resolved to {Google Sans, wdth 100.0, wght 400, ital 0.0, bestEffort false} [CONTEXT service_id=132 ]
11-01 15:25:35.099   785  1586 I FontLog : Font PFD returned from cache for {Google Sans, wdth 100.0, wght 400, ital 0.0, bestEffort false} [CONTEXT service_id=132 ]
11-01 15:25:35.102   785  1586 I FontLog : Fetch {Google Sans, wdth 100.0, wght 400, ital 0.0, bestEffort false} end status Status{statusCode=SUCCESS, resolution=null} [CONTEXT service_id=132 ]
11-01 15:25:35.123   785  1684 I FontLog : Pulling font file for id = 280, cache size = 4 [CONTEXT service_id=132 ]
11-01 15:25:35.134   785  1191 I FontLog : Received query Google Sans:500, URI content://com.google.android.gms.fonts [CONTEXT service_id=132 ]
11-01 15:25:35.137   785  1191 I FontLog : Query [Google Sans:500] resolved to {Google Sans, wdth 100.0, wght 500, ital 0.0, bestEffort false} [CONTEXT service_id=132 ]
11-01 15:25:35.141   785  1191 I FontLog : Font PFD returned from cache for {Google Sans, wdth 100.0, wght 500, ital 0.0, bestEffort false} [CONTEXT service_id=132 ]
11-01 15:25:35.145   785  1191 I FontLog : Fetch {Google Sans, wdth 100.0, wght 500, ital 0.0, bestEffort false} end status Status{statusCode=SUCCESS, resolution=null} [CONTEXT service_id=132 ]
11-01 15:25:35.151   785  1744 I FontLog : Pulling font file for id = 281, cache size = 4 [CONTEXT service_id=132 ]
11-01 15:25:35.266 23814 23814 I MemoryTrimmer: Trimming objects from memory, since app is in the background.
11-01 15:25:35.271  5057  5071 I cr_VariationsSeedFetch: Fetched first run seed in 231 ms
11-01 15:25:35.290  1075  1075 I MemoryTrimmer: Trimming objects from memory, since app is in the background.
11-01 15:25:35.301 23814  4931 I DeviceStateChecker: DeviceStateChecker cancelled
11-01 15:25:35.301 23814 23814 I MicroDetector: Keeping mic open: false
11-01 15:25:35.301 23814 23862 I AudioController: internalShutdown
11-01 15:25:35.301 23814 23862 I MicrophoneInputStream: mic_close com.google.android.apps.gsa.speech.audio.ae@d82b28e
11-01 15:25:35.302 23814 23870 I MicroRecognitionRunner: Stopping hotword detection.
11-01 15:25:35.318   238   286 I SoundTriggerHwService::Module: void android::SoundTriggerHwService::Module::onCallbackEvent(const sp<android::SoundTriggerHwService::CallbackEvent> &) mClient == 0
11-01 15:25:35.324   600  8039 I ActivityManager: Start proc 5091:com.android.chrome:sandboxed_process0/u0i951 for service com.android.chrome/org.chromium.content.app.SandboxedProcessService0
11-01 15:25:35.338 23814  4932 I MicroRecognitionRunner: Detection finished
11-01 15:25:35.366  5091  5091 W dboxed_process0: type=1400 audit(0.0:1583): avc: denied { getattr } for path="/data/data/com.android.chrome" dev="dm-2" ino=12190 scontext=u:r:isolated_app:s0:c512,c768 tcontext=u:object_r:app_data_file:s0:c512,c768 tclass=dir permissive=0
11-01 15:25:35.386  5091  5091 I cr_ChildProcessService: Creating new ChildProcessService pid=5091
11-01 15:25:35.425 23814 23814 I MemoryTrimmer: Trimming objects from memory, since app is in the background.
11-01 15:25:35.537   600   819 I ActivityManager: Start proc 5119:com.android.chrome:privileged_process0/u0a35 for service com.android.chrome/org.chromium.content.app.PrivilegedProcessService0
11-01 15:25:35.586  5057  5078 W ConnectionStatusConfig: Dynamic lookup for intent failed for action: com.google.android.gms.auth.key.retrieval.service.START
11-01 15:25:35.588  5057  5078 W ConnectionStatusConfig: Dynamic lookup for intent failed for action: com.google.android.gms.auth.key.retrieval.service.START
11-01 15:25:35.589   600  1664 W ActivityManager: Unable to start service Intent { act=com.google.android.gms.auth.key.retrieval.service.START pkg=com.google.android.gms } U=0: not found
11-01 15:25:35.599   600  1066 W ActivityManager: Unbind failed: could not find connection for android.os.BinderProxy@e049418
11-01 15:25:35.602  5057  5078 E GmsClient: unable to connect to service: com.google.android.gms.auth.key.retrieval.service.START on com.google.android.gms
11-01 15:25:35.672  5119  5119 I cr_ChildProcessService: Creating new ChildProcessService pid=5119
11-01 15:25:35.691  5057  5057 W cr_KnoxSettingsProvider: Permission to read device policy denied.
11-01 15:25:35.719  5119  5135 I cr_LibraryLoader: Loaded native library version number "85.0.4183.127"
11-01 15:25:35.719  5119  5135 I cr_CachingUmaRecorder: Flushed 1 samples from 1 histograms.
11-01 15:25:35.731  5119  5135 E libEGL  : validate_display:99 error 3008 (EGL_BAD_DISPLAY)
11-01 15:25:45.329   600   647 I WifiHAL : Got channel list with 13 channels
11-01 15:25:45.331   600   647 I WifiHAL : Got channel list with 4 channels
11-01 15:25:45.332   600   647 I WifiHAL : Got channel list with 15 channels
11-01 15:25:45.449 23814 23814 I MemoryTrimmer: Trimming objects from memory, since app is in the background.
11-01 15:25:47.865  5161  5161 D AndroidRuntime: >>>>>> START com.android.internal.os.RuntimeInit uid 2000 <<<<<<
11-01 15:25:47.869  5161  5161 D AndroidRuntime: CheckJNI is OFF
11-01 15:25:47.933  5161  5161 D ICU     : No timezone override file found: /data/misc/zoneinfo/current/icu/icu_tzdata.dat
11-01 15:25:47.963  5161  5161 I Radio-JNI: register_android_hardware_Radio DONE
11-01 15:25:47.978  5161  5161 D AndroidRuntime: Calling main entry com.android.commands.monkey.Monkey
11-01 15:25:48.046   600   613 W BroadcastQueue: Skipping deliver [background] BroadcastRecord{3cb8019 u-1 android.net.conn.CONNECTIVITY_CHANGE} to ReceiverList{b0358de 5161 (unknown name)/2000/u-1 remote:bcbbb63}: process crashing
11-01 15:25:49.640  5161  5161 D MonkeyStub: translateCommand: wake
11-01 15:25:49.759  5161  5161 D MonkeyStub: translateCommand: tap 398 1198
11-01 15:25:51.852  5161  5161 D MonkeyStub: translateCommand: tap 720 1506
11-01 15:25:52.023 21960 21973 I PeopleChimeraService: onService. callbacks = aaik@947974e, request = com.google.android.gms.common.internal.GetServiceRequest@7e9606f
11-01 15:25:52.027 21960 21972 I PeopleChimeraService: onService. callbacks = aaik@ad56a05, request = com.google.android.gms.common.internal.GetServiceRequest@809da5a
11-01 15:25:54.086  5161  5161 D MonkeyStub: translateCommand: tap 355 1480
11-01 15:25:54.105  5161  5161 D MonkeyStub: Quit requested
11-01 15:25:54.118   600  1485 I ActivityManager: START u0 {act=android.intent.action.VIEW flg=0x10008000 cmp=com.android.chrome/com.google.android.apps.chrome.Main (has extras)} from uid 10035 on display 0
11-01 15:25:54.188   600   614 I CwMcuSensor: CwMcuSensor::flush: fd = 242, sensors_id = 0, path = /sys/class/htc_sensorhub/sensor_hub/flush, err = 0
11-01 15:25:54.224  5161  5161 I art     : System.exit called, status: 6
11-01 15:25:54.228  5161  5161 I AndroidRuntime: VM exiting with result code 6.
11-01 15:25:54.252   600  5522 W WindowManager: Attempted to remove non-existing token: android.os.Binder@f34aabf
11-01 15:25:54.322  5057  5057 E cr_CompositorSurfaceMgr: Transitioning to surface with format : -1
11-01 15:25:54.344   600   609 I art     : Background partial concurrent mark sweep GC freed 30776(1564KB) AllocSpace objects, 8(176KB) LOS objects, 33% free, 15MB/23MB, paused 754us total 123.461ms
11-01 15:25:54.401  5057  5110 W cr_tabmodel: Starting to perform legacy migration.
11-01 15:25:54.402  5057  5110 W cr_tabmodel: Finished performing legacy migration.
11-01 15:25:54.402  5057  5110 W cr_tabmodel: Starting to perform multi-instance migration.
11-01 15:25:54.403  5057  5110 W cr_tabmodel: Finished performing multi-instance migration.
11-01 15:25:54.403  5057  5110 I cr_tabmodel: Starting to fetch tab list for tab_state0
11-01 15:25:54.403  5057  5110 I cr_tabmodel: State file does not exist.
11-01 15:25:54.403  5057  5110 I cr_tabmodel: Starting to fetch tab list for tab_state1
11-01 15:25:54.403  5057  5110 I cr_tabmodel: State file does not exist.
11-01 15:25:54.436  5057  5110 I cr_ADCP : No customization source found
11-01 15:25:54.519   600   620 I ActivityManager: Displayed com.android.chrome/com.google.android.apps.chrome.Main: +321ms
11-01 15:25:54.558   600 28743 E BatteryStatsService: power: Missing API
11-01 15:25:54.563  5057  5076 D OpenGLRenderer: endAllActiveAnimators on 0xd7975100 (InsetDrawable) with handle 0xd522e360
11-01 15:25:54.568  5057  5057 E cr_CompositorSurfaceMgr: Transitioning to surface with format : -1
11-01 15:25:54.570   600 28743 E BatteryStatsService: no controller energy info supplied
11-01 15:25:54.571   800   800 E PhoneInterfaceManager: [PhoneIntfMgr] queryModemActivityInfo: Empty response
11-01 15:25:54.579  5057  5057 E cr_CompositorSurfaceMgr: surfaceCreated format : 0
11-01 15:25:54.584   600 28743 E BatteryStatsService: modem info is invalid: ModemActivityInfo{ mTimestamp=0 mSleepTimeMs=0 mIdleTimeMs=0 mTxTimeMs[]=[0, 0, 0, 0, 0] mRxTimeMs=0 mEnergyUsed=0}
11-01 15:25:54.588  5057  5057 I cr_ContextualSearch: Tap suppression enabled: false
11-01 15:25:54.595  5057  5057 I cr_ChromeTabbedActivity: #initializeState
11-01 15:25:54.596  5057  5057 I cr_CipherFactory: #restoreFromBundle, no savedInstanceState.
11-01 15:25:54.596  5057  5057 I cr_tabmodel: #loadState, ignoreIncognitoFiles? true
11-01 15:25:54.779  5057  5057 I SchedulerApiWrapper: Create SchedulerApiMainThreadWrapper
11-01 15:25:54.787  5057  5057 I FeedSessionManagerImpl: FeedSessionManagerImpl has been created
11-01 15:25:54.788  5057  5057 I FeedAppLifecycleLstnr: onEnterForeground called
11-01 15:25:54.788  5057  5057 I FeedSessionManagerImpl: onLifecycleEvent foreground
11-01 15:25:54.790  5057  5057 I FeedSessionManagerImpl: Lazy initialization triggered, getUpdateConsumer
11-01 15:25:54.790  5057  5113 I TaskQueue: Execute task [IMMEDIATE - d: true, b: 0]: 30
11-01 15:25:54.792  5057  5057 I FeedRequestManagerImpl: trigger refresh 2
11-01 15:25:54.793  5057  5057 I TaskQueue:  - task [HEAD_INVALIDATE - d: true, b: 0]: 26
11-01 15:25:54.793  5057  5057 I FeedAppLifecycleLstnr: initialize called
11-01 15:25:54.793  5057  5057 I FeedSessionManagerImpl: onLifecycleEvent initialize
11-01 15:25:54.793  5057  5057 W FeedSessionManagerImpl: FeedSessionManagerImpl has previously been initialized
11-01 15:25:54.817  5057  5057 I ViewConfigCompat: Could not find method getScaledScrollFactor() on ViewConfiguration
11-01 15:25:54.821  5057  5057 I BasicStream: Setting 2 header views, currently have 0 headers
11-01 15:25:54.822  5057  5057 I BasicStream: Setting 2 header views, currently have 2 headers
11-01 15:25:54.881   600   619 D BluetoothManagerService: Message: 20
11-01 15:25:54.881   600   619 D BluetoothManagerService: Added callback: android.bluetooth.IBluetoothManagerCallback$Stub$Proxy@43fbbbb:true
11-01 15:25:54.908  5091  5104 I cr_LibraryLoader: Loaded native library version number "85.0.4183.127"
11-01 15:25:54.919  5057  5057 E cr_IntentUtils: getBooleanExtra failed on intent null
11-01 15:25:54.920  5091  5104 I cr_CachingUmaRecorder: Flushed 1 samples from 1 histograms.
11-01 15:25:54.939  5057  5057 I TimeoutSessionImpl: Using TimeoutSessionImpl
11-01 15:25:54.939  5057  5057 I FeedSessionManagerImpl: Delaying populateSession until initialization is finished
11-01 15:25:54.939  5057  5057 I TaskQueue:  - task [IMMEDIATE - d: true, b: 1]: 13
11-01 15:25:54.940  5057  5057 I MainThreadRunner: Running task [BasicStream onShow] on the Main Thread with a delay of 500 milliseconds
11-01 15:25:55.019   600  8931 I ActivityManager: Start proc 5196:com.android.chrome:sandboxed_process1/u0i952 for service com.android.chrome/org.chromium.content.app.SandboxedProcessService1
11-01 15:25:55.054   600  1665 I ActivityManager: Start proc 5201:com.android.chrome:sandboxed_process2/u0i953 for service com.android.chrome/org.chromium.content.app.SandboxedProcessService2
11-01 15:25:55.092   600  8040 I ActivityManager: Start proc 5215:com.android.chrome:sandboxed_process3/u0i954 for service com.android.chrome/org.chromium.content.app.SandboxedProcessService3
11-01 15:25:55.102  5057  5113 W SessionCache: Persisted Sessions were not found
11-01 15:25:55.102  5057  5113 I HeadSessionImpl: Initialize HEAD 0 items
11-01 15:25:55.102  5057  5113 I TaskQueue:  - task [BACKGROUND - d: true, b: 2]: 11
11-01 15:25:55.103  5057  5113 I TimingUtils: Task Timing 311ms, thread JardinExecutor | task : Initialization
11-01 15:25:55.103  5057  5113 I TaskQueue:  - Finished 30, time 312 ms
11-01 15:25:55.103  5057  5113 I TaskQueue: Execute task [HEAD_INVALIDATE - d: true, b: 2]: 26
11-01 15:25:55.107  5057  5113 I TimingUtils: Task Timing   4ms, thread JardinExecutor | task : getAllDismissLocalActions | size : 0
11-01 15:25:55.108  5057  5113 I TimingUtils: Task Timing   0ms, thread JardinExecutor | task : getSemanticProperties | size : 0
11-01 15:25:55.108  5057  5113 I MainThreadRunner: Running task [Check Tooltips] on the Main Thread
11-01 15:25:55.108  5057  5113 I TaskQueue:  * Starting starvation checks
11-01 15:25:55.108  5057  5113 I MainThreadRunner: Running task [starvationChecks] on the Main Thread with a delay of 6000 milliseconds
11-01 15:25:55.108  5057  5113 I TaskQueue:  - Finished 26, time 5 ms
11-01 15:25:55.108  5057  5113 I TaskQueue: Execute task [IMMEDIATE - d: true, b: 1]: 13
11-01 15:25:55.108  5057  5113 I FeedSessionManagerImpl: shouldSessionRequestData; hasContent(false), contentCreationTime(0), outstandingRequest(true)
11-01 15:25:55.108  5057  5113 I MainThreadRunner: Running task [SchedulerApiWrapper shouldSessionRequestData] on the Main Thread
11-01 15:25:55.135   600 28743 I ActivityManager: Start proc 5230:com.android.chrome:sandboxed_process4/u0i955 for service com.android.chrome/org.chromium.content.app.SandboxedProcessService4
11-01 15:25:55.186   600  5522 I ActivityManager: Start proc 5245:com.android.chrome:sandboxed_process5/u0i956 for service com.android.chrome/org.chromium.content.app.SandboxedProcessService5
11-01 15:25:55.246   600  1483 I ActivityManager: Start proc 5260:com.android.chrome:sandboxed_process6/u0i957 for service com.android.chrome/org.chromium.content.app.SandboxedProcessService6
11-01 15:25:55.289  5196  5196 W dboxed_process1: type=1400 audit(0.0:1584): avc: denied { getattr } for path="/data/data/com.android.chrome" dev="dm-2" ino=12190 scontext=u:r:isolated_app:s0:c512,c768 tcontext=u:object_r:app_data_file:s0:c512,c768 tclass=dir permissive=0
11-01 15:25:55.293  5057  5057 I PlayCore: UID: [10035]  PID: [5057] SplitInstallService : deferredInstall([image_editor])
11-01 15:25:55.300   600   611 I ActivityManager: Start proc 5272:com.android.chrome:sandboxed_process7/u0i958 for service com.android.chrome/org.chromium.content.app.SandboxedProcessService7
11-01 15:25:55.316  5201  5201 W dboxed_process2: type=1400 audit(0.0:1585): avc: denied { getattr } for path="/data/data/com.android.chrome" dev="dm-2" ino=12190 scontext=u:r:isolated_app:s0:c512,c768 tcontext=u:object_r:app_data_file:s0:c512,c768 tclass=dir permissive=0
11-01 15:25:55.386   600  1665 I ActivityManager: Start proc 5286:com.android.chrome:sandboxed_process8/u0i959 for service com.android.chrome/org.chromium.content.app.SandboxedProcessService8
11-01 15:25:55.431  5057  5271 I PlayCore: UID: [10035]  PID: [5057] SplitInstallService : Initiate binding to the service.
11-01 15:25:55.436  5215  5215 W dboxed_process3: type=1400 audit(0.0:1586): avc: denied { getattr } for path="/data/data/com.android.chrome" dev="dm-2" ino=12190 scontext=u:r:isolated_app:s0:c512,c768 tcontext=u:object_r:app_data_file:s0:c512,c768 tclass=dir permissive=0
11-01 15:25:55.480  5196  5196 I cr_ChildProcessService: Creating new ChildProcessService pid=5196
11-01 15:25:55.489  5230  5230 W dboxed_process4: type=1400 audit(0.0:1587): avc: denied { getattr } for path="/data/data/com.android.chrome" dev="dm-2" ino=12190 scontext=u:r:isolated_app:s0:c512,c768 tcontext=u:object_r:app_data_file:s0:c512,c768 tclass=dir permissive=0
11-01 15:25:55.519  5245  5245 W dboxed_process5: type=1400 audit(0.0:1588): avc: denied { getattr } for path="/data/data/com.android.chrome" dev="dm-2" ino=12190 scontext=u:r:isolated_app:s0:c512,c768 tcontext=u:object_r:app_data_file:s0:c512,c768 tclass=dir permissive=0
11-01 15:25:55.593  5215  5215 I cr_ChildProcessService: Creating new ChildProcessService pid=5215
11-01 15:25:55.604  5245  5245 I cr_ChildProcessService: Creating new ChildProcessService pid=5245
11-01 15:25:55.613  5230  5230 I cr_ChildProcessService: Creating new ChildProcessService pid=5230
11-01 15:25:55.683   600  1484 W ActivityManager: Unable to start service Intent { act=com.google.android.play.core.splitinstall.BIND_SPLIT_INSTALL_SERVICE pkg=com.android.vending } U=0: not found
11-01 15:25:55.690  5057  5057 I Choreographer: Skipped 69 frames!  The application may be doing too much work on its main thread.
11-01 15:25:55.765  5201  5201 I cr_ChildProcessService: Creating new ChildProcessService pid=5201
11-01 15:25:55.906  5057  5067 W art     : Suspending all threads took: 7.639ms
11-01 15:25:55.926  5272  5272 W dboxed_process7: type=1400 audit(0.0:1589): avc: denied { getattr } for path="/data/data/com.android.chrome" dev="dm-2" ino=12190 scontext=u:r:isolated_app:s0:c512,c768 tcontext=u:object_r:app_data_file:s0:c512,c768 tclass=dir permissive=0
11-01 15:25:55.932  5260  5260 W dboxed_process6: type=1400 audit(0.0:1590): avc: denied { getattr } for path="/data/data/com.android.chrome" dev="dm-2" ino=12190 scontext=u:r:isolated_app:s0:c512,c768 tcontext=u:object_r:app_data_file:s0:c512,c768 tclass=dir permissive=0
11-01 15:25:55.952  5286  5286 W dboxed_process8: type=1400 audit(0.0:1591): avc: denied { getattr } for path="/data/data/com.android.chrome" dev="dm-2" ino=12190 scontext=u:r:isolated_app:s0:c512,c768 tcontext=u:object_r:app_data_file:s0:c512,c768 tclass=dir permissive=0
11-01 15:25:55.971  5057  5067 I art     : Background sticky concurrent mark sweep GC freed 43594(2MB) AllocSpace objects, 19(380KB) LOS objects, 17% free, 10MB/12MB, paused 8.943ms total 109.072ms
11-01 15:25:56.015  5057  5057 I cr_tabmodel: Appending tabs being restored to metadata lists, 0, startingNormalCount: 1, startingIncognitoCount: 0
11-01 15:25:56.015  5057  5057 I cr_tabmodel: Serializing tab lists; counts: 1, 0
11-01 15:25:56.034  5245  5311 I cr_LibraryLoader: Loaded native library version number "85.0.4183.127"
11-01 15:25:56.042  5196  5308 I cr_LibraryLoader: Loaded native library version number "85.0.4183.127"
11-01 15:25:56.045  5215  5310 I cr_LibraryLoader: Loaded native library version number "85.0.4183.127"
11-01 15:25:56.045  5230  5312 I cr_LibraryLoader: Loaded native library version number "85.0.4183.127"
11-01 15:25:56.046  5230  5312 I cr_CachingUmaRecorder: Flushed 1 samples from 1 histograms.
11-01 15:25:56.047  5196  5308 I cr_CachingUmaRecorder: Flushed 1 samples from 1 histograms.
11-01 15:25:56.053  5245  5311 I cr_CachingUmaRecorder: Flushed 1 samples from 1 histograms.
11-01 15:25:56.056  5215  5310 I cr_CachingUmaRecorder: Flushed 1 samples from 1 histograms.
11-01 15:25:56.095  5057  5057 I TaskQueue:  - task [IMMEDIATE - d: true, b: 1]: 27
11-01 15:25:56.095  5057  5113 I FeedSessionManagerImpl: shouldSessionRequestDataResult: NO_REQUEST_WITH_WAIT, shouldMakeRequest(false), withTimeout(false), withAppend(false)
11-01 15:25:56.096  5057  5113 I TaskQueue:  - task [USER_FACING - d: true, b: 2]: 24
11-01 15:25:56.096  5057  5113 I TaskQueue:  - Finished 13, time 988 ms
11-01 15:25:56.096  5057  5113 I TaskQueue: Execute task [IMMEDIATE - d: true, b: 2]: 27
11-01 15:25:56.097  5057  5113 I FeedRequestManagerImpl: Consistency Token: # hU2@7bca4
11-01 15:25:56.107  5057  5113 I FeedRequestManagerImpl: Capability: FEED_UI
11-01 15:25:56.108  5057  5113 I FeedRequestManagerImpl: Capability: UNDOABLE_ACTIONS
11-01 15:25:56.108  5057  5113 I FeedRequestManagerImpl: Capability: MANAGE_INTERESTS
11-01 15:25:56.108  5057  5113 I FeedRequestManagerImpl: Capability: SEND_FEEDBACK
11-01 15:25:56.108  5057  5113 I FeedRequestManagerImpl: Capability: ARTICLE_SNIPPETS
11-01 15:25:56.108  5057  5113 I FeedRequestManagerImpl: Capability: CLICK_ACTION
11-01 15:25:56.108  5057  5113 I FeedRequestManagerImpl: Capability: VIEW_ACTION
11-01 15:25:56.108  5057  5113 I FeedRequestManagerImpl: Capability: REPORT_FEED_USER_ACTIONS_NOTICE_CARD
11-01 15:25:56.108  5057  5113 I FeedRequestManagerImpl: Capability: BASE_UI
11-01 15:25:56.117  5057  5113 I FeedRequestManagerImpl: Making Request: /httpservice/noretry/DiscoverClankService/FeedQuery
11-01 15:25:56.117  5057  5113 I MainThreadRunner: Running task [NetworkClientWrapper send] on the Main Thread
11-01 15:25:56.125  5272  5272 I cr_ChildProcessService: Creating new ChildProcessService pid=5272
11-01 15:25:56.128  5057  5113 I TaskQueue:  - Finished 27, time 32 ms
11-01 15:25:56.129  5286  5286 I cr_ChildProcessService: Creating new ChildProcessService pid=5286
11-01 15:25:56.144  5260  5260 I cr_ChildProcessService: Creating new ChildProcessService pid=5260
11-01 15:25:56.156  5201  5316 I cr_LibraryLoader: Loaded native library version number "85.0.4183.127"
11-01 15:25:56.157  5201  5316 I cr_CachingUmaRecorder: Flushed 1 samples from 1 histograms.
11-01 15:25:56.231   600   713 I ActivityManager: Killing 5196:com.android.chrome:sandboxed_process1/u0a35i952 (adj 0): isolated not needed
11-01 15:25:56.232   600   713 I ActivityManager: Killing 5230:com.android.chrome:sandboxed_process4/u0a35i955 (adj 0): isolated not needed
11-01 15:25:56.333  5201  5316 I chromium: [INFO:child_process_service.cc(69)] ChildProcessService: Exiting child process.
11-01 15:25:56.335   197   197 E lowmemorykiller: Error writing /proc/5201/oom_score_adj; errno=22
11-01 15:25:56.345   600   610 I ActivityManager: Process com.android.chrome:sandboxed_process2 (pid 5201) has died
11-01 15:25:56.345   600   610 D ActivityManager: cleanUpApplicationRecord -- 5201
11-01 15:25:56.345   600   610 I ActivityManager: Killing 5245:com.android.chrome:sandboxed_process5/u0a35i956 (adj 0): isolated not needed
11-01 15:25:56.346   600   610 I ActivityManager: Killing 5215:com.android.chrome:sandboxed_process3/u0a35i954 (adj 0): isolated not needed
11-01 15:25:56.355  5057  5057 W chromium: [WARNING:compositor_view.cc(315)] Child process died (type=6) pid=5201)
11-01 15:25:56.412  5272  5320 I cr_LibraryLoader: Loaded native library version number "85.0.4183.127"
11-01 15:25:56.429  5272  5320 I cr_CachingUmaRecorder: Flushed 1 samples from 1 histograms.
11-01 15:25:56.496  5260  5326 I cr_LibraryLoader: Loaded native library version number "85.0.4183.127"
11-01 15:25:56.509  5260  5326 I cr_CachingUmaRecorder: Flushed 1 samples from 1 histograms.
11-01 15:25:56.534   600  1484 I ActivityManager: Start proc 5336:com.android.chrome:sandboxed_process9/u0i960 for service com.android.chrome/org.chromium.content.app.SandboxedProcessService9
11-01 15:25:56.544  5057  5114 W cr_CrashFileManager: /data/user/0/com.android.chrome/cache/Crash Reports does not exist or is not a directory
11-01 15:25:56.545  5057  5114 W cr_CrashFileManager: /data/user/0/com.android.chrome/cache/Crash Reports does not exist or is not a directory
11-01 15:25:56.545  5057  5114 W cr_CrashFileManager: /data/user/0/com.android.chrome/cache/Crash Reports does not exist or is not a directory
11-01 15:25:56.545  5286  5324 I cr_LibraryLoader: Loaded native library version number "85.0.4183.127"
11-01 15:25:56.546  5286  5324 I cr_CachingUmaRecorder: Flushed 1 samples from 1 histograms.
11-01 15:25:56.578  5057  5114 I cr_FileUtils: Writing to /data/user/0/com.android.chrome/app_dex/webapk7.dex
11-01 15:25:56.647  5272  5320 I chromium: [INFO:child_process_service.cc(69)] ChildProcessService: Exiting child process.
11-01 15:25:56.655   197   197 E lowmemorykiller: Error writing /proc/5272/oom_score_adj; errno=22
11-01 15:25:56.656   600  8931 E JavaBinder: !!! FAILED BINDER TRANSACTION !!!  (parcel size = 76)
11-01 15:25:56.663   600  8931 E JavaBinder: !!! FAILED BINDER TRANSACTION !!!  (parcel size = 572)
11-01 15:25:56.677   600  8931 W ActivityManager: Exception when unbinding service com.android.chrome/org.chromium.content.app.SandboxedProcessService7
11-01 15:25:56.677   600  8931 W ActivityManager: android.os.DeadObjectException: Transaction failed on small parcel; remote process probably died
11-01 15:25:56.677   600  8931 W ActivityManager: 	at android.os.BinderProxy.transactNative(Native Method)
11-01 15:25:56.677   600  8931 W ActivityManager: 	at android.os.BinderProxy.transact(Binder.java:615)
11-01 15:25:56.677   600  8931 W ActivityManager: 	at android.app.ApplicationThreadProxy.scheduleUnbindService(ApplicationThreadNative.java:1016)
11-01 15:25:56.677   600  8931 W ActivityManager: 	at com.android.server.am.ActiveServices.removeConnectionLocked(ActiveServices.java:2175)
11-01 15:25:56.677   600  8931 W ActivityManager: 	at com.android.server.am.ActiveServices.unbindServiceLocked(ActiveServices.java:1163)
11-01 15:25:56.677   600  8931 W ActivityManager: 	at com.android.server.am.ActivityManagerService.unbindService(ActivityManagerService.java:17309)
11-01 15:25:56.677   600  8931 W ActivityManager: 	at android.app.ActivityManagerNative.onTransact(ActivityManagerNative.java:1145)
11-01 15:25:56.677   600  8931 W ActivityManager: 	at com.android.server.am.ActivityManagerService.onTransact(ActivityManagerService.java:2795)
11-01 15:25:56.677   600  8931 W ActivityManager: 	at android.os.Binder.execTransact(Binder.java:565)
11-01 15:25:56.677   600  8931 E JavaBinder: !!! FAILED BINDER TRANSACTION !!!  (parcel size = 76)
11-01 15:25:56.678   197   197 E lowmemorykiller: Error writing /proc/5272/oom_score_adj; errno=22
11-01 15:25:56.678   600  8931 E JavaBinder: !!! FAILED BINDER TRANSACTION !!!  (parcel size = 76)
11-01 15:25:56.680  5260  5326 I chromium: [INFO:child_process_service.cc(69)] ChildProcessService: Exiting child process.
11-01 15:25:56.688   600 28743 I ActivityManager: Process com.android.chrome:sandboxed_process7 (pid 5272) has died
11-01 15:25:56.688   600 28743 D ActivityManager: cleanUpApplicationRecord -- 5272
11-01 15:25:56.690   600 28743 E JavaBinder: !!! FAILED BINDER TRANSACTION !!!  (parcel size = 76)
11-01 15:25:56.699   197   197 E lowmemorykiller: Error writing /proc/5260/oom_score_adj; errno=22
11-01 15:25:56.699   600  1484 E JavaBinder: !!! FAILED BINDER TRANSACTION !!!  (parcel size = 76)
11-01 15:25:56.712   600  1484 E JavaBinder: !!! FAILED BINDER TRANSACTION !!!  (parcel size = 572)
11-01 15:25:56.713   600  1484 W ActivityManager: Exception when unbinding service com.android.chrome/org.chromium.content.app.SandboxedProcessService6
11-01 15:25:56.713   600  1484 W ActivityManager: android.os.DeadObjectException: Transaction failed on small parcel; remote process probably died
11-01 15:25:56.713   600  1484 W ActivityManager: 	at android.os.BinderProxy.transactNative(Native Method)
11-01 15:25:56.713   600  1484 W ActivityManager: 	at android.os.BinderProxy.transact(Binder.java:615)
11-01 15:25:56.713   600  1484 W ActivityManager: 	at android.app.ApplicationThreadProxy.scheduleUnbindService(ApplicationThreadNative.java:1016)
11-01 15:25:56.713   600  1484 W ActivityManager: 	at com.android.server.am.ActiveServices.removeConnectionLocked(ActiveServices.java:2175)
11-01 15:25:56.713   600  1484 W ActivityManager: 	at com.android.server.am.ActiveServices.unbindServiceLocked(ActiveServices.java:1163)
11-01 15:25:56.713   600  1484 W ActivityManager: 	at com.android.server.am.ActivityManagerService.unbindService(ActivityManagerService.java:17309)
11-01 15:25:56.713   600  1484 W ActivityManager: 	at android.app.ActivityManagerNative.onTransact(ActivityManagerNative.java:1145)
11-01 15:25:56.713   600  1484 W ActivityManager: 	at com.android.server.am.ActivityManagerService.onTransact(ActivityManagerService.java:2795)
11-01 15:25:56.713   600  1484 W ActivityManager: 	at android.os.Binder.execTransact(Binder.java:565)
11-01 15:25:56.713   600  1484 E JavaBinder: !!! FAILED BINDER TRANSACTION !!!  (parcel size = 76)
11-01 15:25:56.714   197   197 E lowmemorykiller: Error writing /proc/5260/oom_score_adj; errno=22
11-01 15:25:56.714   600  1484 E JavaBinder: !!! FAILED BINDER TRANSACTION !!!  (parcel size = 76)
11-01 15:25:56.728   600  5522 I ActivityManager: Process com.android.chrome:sandboxed_process6 (pid 5260) has died
11-01 15:25:56.728   600  5522 D ActivityManager: cleanUpApplicationRecord -- 5260
11-01 15:25:56.729   600  5522 I ActivityManager: Killing 5286:com.android.chrome:sandboxed_process8/u0a35i959 (adj 0): isolated not needed
11-01 15:25:56.740  5057  5057 W chromium: [WARNING:compositor_view.cc(315)] Child process died (type=6) pid=5272)
11-01 15:25:56.743  5057  5057 W chromium: [WARNING:compositor_view.cc(315)] Child process died (type=6) pid=5260)
11-01 15:25:56.756  5057  5090 I cr_BindingManager: Moderate binding enabled: maxSize=40
11-01 15:25:56.786  5336  5336 W dboxed_process9: type=1400 audit(0.0:1592): avc: denied { getattr } for path="/data/data/com.android.chrome" dev="dm-2" ino=12190 scontext=u:r:isolated_app:s0:c512,c768 tcontext=u:object_r:app_data_file:s0:c512,c768 tclass=dir permissive=0
11-01 15:25:56.847  5057  5067 I art     : Background partial concurrent mark sweep GC freed 37169(2MB) AllocSpace objects, 31(672KB) LOS objects, 40% free, 10MB/18MB, paused 2.211ms total 313.918ms
11-01 15:25:56.859  5057  5271 I PlayCore: UID: [10035]  PID: [5057] SplitInstallService : Failed to bind to the service.
11-01 15:25:56.883   600  8039 I ActivityManager: Start proc 5362:com.android.chrome:sandboxed_process10/u0i961 for service com.android.chrome/org.chromium.content.app.SandboxedProcessService10
11-01 15:25:56.888 21960 22382 I Icing   : IndexChimeraService.getServiceInterface callingPackage=com.android.chrome componentName=null serviceId=36
11-01 15:25:56.942 21960 22529 I Icing   : IndexChimeraService.getServiceInterface callingPackage=com.android.chrome componentName=null serviceId=36
11-01 15:25:56.970  5336  5336 I cr_ChildProcessService: Creating new ChildProcessService pid=5336
11-01 15:25:57.059   600   610 I ActivityManager: Start proc 5377:com.android.chrome:sandboxed_process11/u0i962 for service com.android.chrome/org.chromium.content.app.SandboxedProcessService11
11-01 15:25:57.092  5358  5358 I dex2oat : /system/bin/dex2oat --dex-file=/data/user/0/com.android.chrome/app_dex/webapk7.dex --oat-fd=222 --oat-location=/data/user/0/com.android.chrome/app_dex/oat/arm/webapk7.dex --compiler-filter=speed
11-01 15:25:57.092   600 28743 I ActivityManager: Start proc 5382:com.android.chrome:sandboxed_process12/u0i963 for service com.android.chrome/org.chromium.content.app.SandboxedProcessService12
11-01 15:25:57.099  5362  5362 W boxed_process10: type=1400 audit(0.0:1593): avc: denied { getattr } for path="/data/data/com.android.chrome" dev="dm-2" ino=12190 scontext=u:r:isolated_app:s0:c512,c768 tcontext=u:object_r:app_data_file:s0:c512,c768 tclass=dir permissive=0
11-01 15:25:57.170   600  1665 I ActivityManager: Start proc 5396:com.android.chrome:sandboxed_process13/u0i964 for service com.android.chrome/org.chromium.content.app.SandboxedProcessService13
11-01 15:25:57.208   600  8039 I ActivityManager: Start proc 5411:com.android.chrome:sandboxed_process14/u0i965 for service com.android.chrome/org.chromium.content.app.SandboxedProcessService14
11-01 15:25:57.243  5362  5362 I cr_ChildProcessService: Creating new ChildProcessService pid=5362
11-01 15:25:57.254  5336  5376 I cr_LibraryLoader: Loaded native library version number "85.0.4183.127"
11-01 15:25:57.255   600  1664 I ActivityManager: Start proc 5421:com.android.chrome:sandboxed_process15/u0i966 for service com.android.chrome/org.chromium.content.app.SandboxedProcessService15
11-01 15:25:57.266  5336  5376 I cr_CachingUmaRecorder: Flushed 1 samples from 1 histograms.
11-01 15:25:57.297   600  1485 I ActivityManager: Start proc 5435:com.android.chrome:sandboxed_process16/u0i967 for service com.android.chrome/org.chromium.content.app.SandboxedProcessService16
11-01 15:25:57.299  5382  5382 W boxed_process12: type=1400 audit(0.0:1594): avc: denied { getattr } for path="/data/data/com.android.chrome" dev="dm-2" ino=12190 scontext=u:r:isolated_app:s0:c512,c768 tcontext=u:object_r:app_data_file:s0:c512,c768 tclass=dir permissive=0
11-01 15:25:57.306  5377  5377 W boxed_process11: type=1400 audit(0.0:1595): avc: denied { getattr } for path="/data/data/com.android.chrome" dev="dm-2" ino=12190 scontext=u:r:isolated_app:s0:c512,c768 tcontext=u:object_r:app_data_file:s0:c512,c768 tclass=dir permissive=0
11-01 15:25:57.337   600   713 I ActivityManager: Start proc 5454:com.android.chrome:sandboxed_process17/u0i968 for service com.android.chrome/org.chromium.content.app.SandboxedProcessService17
11-01 15:25:57.386  5396  5396 W boxed_process13: type=1400 audit(0.0:1596): avc: denied { getattr } for path="/data/data/com.android.chrome" dev="dm-2" ino=12190 scontext=u:r:isolated_app:s0:c512,c768 tcontext=u:object_r:app_data_file:s0:c512,c768 tclass=dir permissive=0
11-01 15:25:57.397  5336  5376 I chromium: [INFO:child_process_service.cc(69)] ChildProcessService: Exiting child process.
11-01 15:25:57.409   600  1664 I ActivityManager: Start proc 5468:com.android.chrome:sandboxed_process18/u0i969 for service com.android.chrome/org.chromium.content.app.SandboxedProcessService18
11-01 15:25:57.443  5382  5382 I cr_ChildProcessService: Creating new ChildProcessService pid=5382
11-01 15:25:57.447  5057  5057 W chromium: [WARNING:compositor_view.cc(315)] Child process died (type=6) pid=5336)
11-01 15:25:57.456  5377  5377 I cr_ChildProcessService: Creating new ChildProcessService pid=5377
11-01 15:25:57.461   600  1666 I ActivityManager: Start proc 5480:com.android.chrome:sandboxed_process19/u0i970 for service com.android.chrome/org.chromium.content.app.SandboxedProcessService19
11-01 15:25:57.461   600   713 I ActivityManager: Process com.android.chrome:sandboxed_process9 (pid 5336) has died
11-01 15:25:57.461   600   713 D ActivityManager: cleanUpApplicationRecord -- 5336
11-01 15:25:57.461   600   713 W ActivityManager: Scheduling restart of crashed service com.android.chrome/org.chromium.content.app.SandboxedProcessService9 in 1000ms
11-01 15:25:57.462  5411  5411 W boxed_process14: type=1400 audit(0.0:1597): avc: denied { getattr } for path="/data/data/com.android.chrome" dev="dm-2" ino=12190 scontext=u:r:isolated_app:s0:c512,c768 tcontext=u:object_r:app_data_file:s0:c512,c768 tclass=dir permissive=0
11-01 15:25:57.539  5435  5435 W boxed_process16: type=1400 audit(0.0:1598): avc: denied { getattr } for path="/data/data/com.android.chrome" dev="dm-2" ino=12190 scontext=u:r:isolated_app:s0:c512,c768 tcontext=u:object_r:app_data_file:s0:c512,c768 tclass=dir permissive=0
11-01 15:25:57.556  5421  5421 W boxed_process15: type=1400 audit(0.0:1599): avc: denied { getattr } for path="/data/data/com.android.chrome" dev="dm-2" ino=12190 scontext=u:r:isolated_app:s0:c512,c768 tcontext=u:object_r:app_data_file:s0:c512,c768 tclass=dir permissive=0
11-01 15:25:57.558  5396  5396 I cr_ChildProcessService: Creating new ChildProcessService pid=5396
11-01 15:25:57.560  5362  5424 I cr_LibraryLoader: Loaded native library version number "85.0.4183.127"
11-01 15:25:57.561  5362  5424 I cr_CachingUmaRecorder: Flushed 1 samples from 1 histograms.
11-01 15:25:57.570  5190  5190 D AndroidRuntime: >>>>>> START com.android.internal.os.RuntimeInit uid 2000 <<<<<<
11-01 15:25:57.619  5190  5190 D AndroidRuntime: CheckJNI is OFF
11-01 15:25:57.641  5411  5411 I cr_ChildProcessService: Creating new ChildProcessService pid=5411
11-01 15:25:57.646  5454  5454 W boxed_process17: type=1400 audit(0.0:1600): avc: denied { getattr } for path="/data/data/com.android.chrome" dev="dm-2" ino=12190 scontext=u:r:isolated_app:s0:c512,c768 tcontext=u:object_r:app_data_file:s0:c512,c768 tclass=dir permissive=0
11-01 15:25:57.702  5421  5421 I cr_ChildProcessService: Creating new ChildProcessService pid=5421
11-01 15:25:57.719  5468  5468 W boxed_process18: type=1400 audit(0.0:1601): avc: denied { getattr } for path="/data/data/com.android.chrome" dev="dm-2" ino=12190 scontext=u:r:isolated_app:s0:c512,c768 tcontext=u:object_r:app_data_file:s0:c512,c768 tclass=dir permissive=0
11-01 15:25:57.723  5362  5424 I chromium: [INFO:child_process_service.cc(69)] ChildProcessService: Exiting child process.
11-01 15:25:57.735  5435  5435 I cr_ChildProcessService: Creating new ChildProcessService pid=5435
11-01 15:25:57.769  5382  5479 I cr_LibraryLoader: Loaded native library version number "85.0.4183.127"
11-01 15:25:57.769  5382  5479 I cr_CachingUmaRecorder: Flushed 1 samples from 1 histograms.
11-01 15:25:57.789  5480  5480 W boxed_process19: type=1400 audit(0.0:1602): avc: denied { getattr } for path="/data/data/com.android.chrome" dev="dm-2" ino=12190 scontext=u:r:isolated_app:s0:c512,c768 tcontext=u:object_r:app_data_file:s0:c512,c768 tclass=dir permissive=0
11-01 15:25:57.818  5377  5482 I cr_LibraryLoader: Loaded native library version number "85.0.4183.127"
11-01 15:25:57.819  5377  5482 I cr_CachingUmaRecorder: Flushed 1 samples from 1 histograms.
11-01 15:25:57.859  5454  5454 I cr_ChildProcessService: Creating new ChildProcessService pid=5454
11-01 15:25:57.899   600  1665 I ActivityManager: Process com.android.chrome:sandboxed_process10 (pid 5362) has died
11-01 15:25:57.899   600  1665 D ActivityManager: cleanUpApplicationRecord -- 5362
11-01 15:25:57.903  5057  5057 W chromium: [WARNING:compositor_view.cc(315)] Child process died (type=6) pid=5362)
11-01 15:25:57.924  5468  5468 I cr_ChildProcessService: Creating new ChildProcessService pid=5468
11-01 15:25:57.958  5480  5480 I cr_ChildProcessService: Creating new ChildProcessService pid=5480
11-01 15:25:57.969  5396  5503 I cr_LibraryLoader: Loaded native library version number "85.0.4183.127"
11-01 15:25:57.969  5396  5503 I cr_CachingUmaRecorder: Flushed 1 samples from 1 histograms.
11-01 15:25:57.997  5382  5479 I chromium: [INFO:child_process_service.cc(69)] ChildProcessService: Exiting child process.
11-01 15:25:57.997   197   197 E lowmemorykiller: Error writing /proc/5382/oom_score_adj; errno=22
11-01 15:25:58.016   600   609 I art     : Background partial concurrent mark sweep GC freed 41784(2MB) AllocSpace objects, 29(756KB) LOS objects, 33% free, 15MB/23MB, paused 18.865ms total 447.412ms
11-01 15:25:58.042  5377  5482 I chromium: [INFO:child_process_service.cc(69)] ChildProcessService: Exiting child process.
11-01 15:25:58.047   197   197 E lowmemorykiller: Error writing /proc/5377/oom_score_adj; errno=22
11-01 15:25:58.073  5421  5509 I cr_LibraryLoader: Loaded native library version number "85.0.4183.127"
11-01 15:25:58.074  5421  5509 I cr_CachingUmaRecorder: Flushed 1 samples from 1 histograms.
11-01 15:25:58.078   600   611 I ActivityManager: Process com.android.chrome:sandboxed_process11 (pid 5377) has died
11-01 15:25:58.078   600   611 D ActivityManager: cleanUpApplicationRecord -- 5377
11-01 15:25:58.079   600   611 I ActivityManager: Killing 5382:com.android.chrome:sandboxed_process12/u0a35i963 (adj 0): isolated not needed
11-01 15:25:58.083  5057  5057 W chromium: [WARNING:compositor_view.cc(315)] Child process died (type=6) pid=5377)
11-01 15:25:58.105  5435  5510 I cr_LibraryLoader: Loaded native library version number "85.0.4183.127"
11-01 15:25:58.105  5435  5510 I cr_CachingUmaRecorder: Flushed 1 samples from 1 histograms.
11-01 15:25:58.114  5411  5508 I cr_LibraryLoader: Loaded native library version number "85.0.4183.127"
11-01 15:25:58.116  5411  5508 I cr_CachingUmaRecorder: Flushed 1 samples from 1 histograms.
11-01 15:25:58.175  5454  5515 I cr_LibraryLoader: Loaded native library version number "85.0.4183.127"
11-01 15:25:58.176  5454  5515 I cr_CachingUmaRecorder: Flushed 1 samples from 1 histograms.
11-01 15:25:58.256  5480  5520 I cr_LibraryLoader: Loaded native library version number "85.0.4183.127"
11-01 15:25:58.257  5480  5520 I cr_CachingUmaRecorder: Flushed 1 samples from 1 histograms.
11-01 15:25:58.276  5468  5516 I cr_LibraryLoader: Loaded native library version number "85.0.4183.127"
11-01 15:25:58.277  5468  5516 I cr_CachingUmaRecorder: Flushed 1 samples from 1 histograms.
11-01 15:25:58.356  5190  5190 D ICU     : No timezone override file found: /data/misc/zoneinfo/current/icu/icu_tzdata.dat
11-01 15:25:58.398  5396  5396 I cr_ChildProcessService: Destroying ChildProcessService pid=5396
11-01 15:25:58.407  5190  5190 I Radio-JNI: register_android_hardware_Radio DONE
11-01 15:25:58.411  5468  5516 I chromium: [INFO:child_process_service.cc(69)] ChildProcessService: Exiting child process.
11-01 15:25:58.436  5190  5190 D AndroidRuntime: Calling main entry com.android.commands.am.Am
11-01 15:25:58.458  5435  5435 I cr_ChildProcessService: Destroying ChildProcessService pid=5435
11-01 15:25:58.459   600   713 I ActivityManager: START u0 {act=android.intent.action.VIEW dat=http://science.org/... flg=0x10000000 cmp=com.android.chrome/com.google.android.apps.chrome.Main} from uid 2000 on display 0
11-01 15:25:58.460  5454  5454 I cr_ChildProcessService: Destroying ChildProcessService pid=5454
