11-02 15:17:09.519 19237 19237 I cr_ChildProcessService: Creating new ChildProcessService pid=19237
11-02 15:17:09.524   601   610 I art     : Background partial concurrent mark sweep GC freed 49939(2MB) AllocSpace objects, 32(828KB) LOS objects, 33% free, 15MB/23MB, paused 835us total 423.373ms
11-02 15:17:09.538 18838 18838 W FeedModelProvider: sessionId is null, this should have been set during population
11-02 15:17:09.539 19193 19288 I chromium: [INFO:child_process_service.cc(69)] ChildProcessService: Exiting child process.
11-02 15:17:09.539 18838 18838 I cr_tabmodel: Appending tabs being restored to metadata lists, 0, startingNormalCount: 2, startingIncognitoCount: 0
11-02 15:17:09.540 18838 18838 I cr_tabmodel: Serializing tab lists; counts: 2, 0
11-02 15:17:09.575 19216 19301 I cr_LibraryLoader: Loaded native library version number "85.0.4183.127"
11-02 15:17:09.576 19216 19301 I cr_CachingUmaRecorder: Flushed 1 samples from 1 histograms.
11-02 15:17:09.594 19128 19262 W dex2oat : Compilation of java.lang.String androidx.core.graphics.drawable.IconCompat.toString() took 107.534ms
11-02 15:17:09.624 19216 19301 I chromium: [INFO:child_process_service.cc(69)] ChildProcessService: Exiting child process.
11-02 15:17:09.631 19272 19309 I cr_LibraryLoader: Loaded native library version number "85.0.4183.127"
11-02 15:17:09.632 19272 19309 I cr_CachingUmaRecorder: Flushed 1 samples from 1 histograms.
11-02 15:17:09.646 19243 19310 I cr_LibraryLoader: Loaded native library version number "85.0.4183.127"
11-02 15:17:09.654 19243 19310 I cr_CachingUmaRecorder: Flushed 1 samples from 1 histograms.
11-02 15:17:09.673 19272 19309 I chromium: [INFO:child_process_service.cc(69)] ChildProcessService: Exiting child process.
11-02 15:17:09.674 19187 19187 I cr_ChildProcessService: Destroying ChildProcessService pid=19187
11-02 15:17:09.674 19158 19158 I cr_ChildProcessService: Destroying ChildProcessService pid=19158
11-02 15:17:09.676 19158 19229 I chromium: [INFO:child_process_service.cc(69)] ChildProcessService: Exiting child process.
11-02 15:17:09.683 18838 19044 I PlayCore: UID: [10035]  PID: [18838] SplitInstallService : Failed to bind to the service.
11-02 15:17:09.684 19243 19310 I chromium: [INFO:child_process_service.cc(69)] ChildProcessService: Exiting child process.
11-02 15:17:09.697   601   660 I ActivityManager: Start proc 19330:com.android.chrome:sandboxed_process20/u0i288 for service com.android.chrome/org.chromium.content.app.SandboxedProcessService20
11-02 15:17:09.697   601  3564 I ActivityManager: Process com.android.chrome:sandboxed_process19 (pid 19272) has died
11-02 15:17:09.697   601  3564 D ActivityManager: cleanUpApplicationRecord -- 19272
11-02 15:17:09.698   601  3564 W ActivityManager: Scheduling restart of crashed service com.android.chrome/org.chromium.content.app.SandboxedProcessService19 in 1000ms
11-02 15:17:09.698   601  3564 I ActivityManager: Killing 19164:com.android.chrome:sandboxed_process12/u0a35i280 (adj 0): isolated not needed
11-02 15:17:09.698   601  3564 I ActivityManager: Killing 19187:com.android.chrome:sandboxed_process13/u0a35i281 (adj 0): isolated not needed
11-02 15:17:09.698   601  3564 I ActivityManager: Killing 19158:com.android.chrome:sandboxed_process11/u0a35i279 (adj 0): isolated not needed
11-02 15:17:09.704   601 10729 I ActivityManager: Process com.android.chrome:sandboxed_process15 (pid 19216) has died
11-02 15:17:09.704   601 10729 D ActivityManager: cleanUpApplicationRecord -- 19216
11-02 15:17:09.705   601 10729 W ActivityManager: Scheduling restart of crashed service com.android.chrome/org.chromium.content.app.SandboxedProcessService15 in 10993ms
11-02 15:17:09.711   601 12691 D ActivityManager: cleanUpApplicationRecord -- 19164
11-02 15:17:09.714   601   832 I ActivityManager: Process com.android.chrome:sandboxed_process14 (pid 19193) has died
11-02 15:17:09.715   601   832 D ActivityManager: cleanUpApplicationRecord -- 19193
11-02 15:17:09.715   601   832 W ActivityManager: Scheduling restart of crashed service com.android.chrome/org.chromium.content.app.SandboxedProcessService14 in 20983ms
11-02 15:17:09.727   601 12301 I ActivityManager: Process com.android.chrome:sandboxed_process17 (pid 19243) has died
11-02 15:17:09.727   601 12301 D ActivityManager: cleanUpApplicationRecord -- 19243
11-02 15:17:09.727   601 12301 W ActivityManager: Scheduling restart of crashed service com.android.chrome/org.chromium.content.app.SandboxedProcessService17 in 30970ms
11-02 15:17:09.753 30982 31456 W Icing   : No valid account for uploading user actions
11-02 15:17:09.779 19330 19330 W boxed_process20: type=1400 audit(0.0:3803): avc: denied { getattr } for path="/data/data/com.android.chrome" dev="dm-2" ino=12190 scontext=u:r:isolated_app:s0:c512,c768 tcontext=u:object_r:app_data_file:s0:c512,c768 tclass=dir permissive=0
11-02 15:17:09.792 18838 18838 W chromium: [WARNING:compositor_view.cc(315)] Child process died (type=6) pid=19216)
11-02 15:17:09.792 18838 18838 W chromium: [WARNING:compositor_view.cc(315)] Child process died (type=6) pid=19272)
11-02 15:17:09.792 18838 18838 W chromium: [WARNING:compositor_view.cc(315)] Child process died (type=6) pid=19164)
11-02 15:17:09.792 18838 18838 W chromium: [WARNING:compositor_view.cc(315)] Child process died (type=6) pid=19193)
11-02 15:17:09.792 18838 18838 W chromium: [WARNING:compositor_view.cc(315)] Child process died (type=6) pid=19243)
11-02 15:17:09.802 18838 18838 I FeedRequestManagerImpl: Request: /httpservice/noretry/DiscoverClankService/FeedQuery completed with response code: 200
11-02 15:17:09.802 18838 18838 I TaskQueue:  - task [IMMEDIATE - d: true, b: 2]: 15
11-02 15:17:09.802 18838 18838 I TaskQueue:  - queueTask starting immediate task
11-02 15:17:09.857 19330 19330 I cr_ChildProcessService: Creating new ChildProcessService pid=19330
11-02 15:17:09.890 19237 19316 I cr_LibraryLoader: Loaded native library version number "85.0.4183.127"
11-02 15:17:09.890 19237 19316 I cr_CachingUmaRecorder: Flushed 1 samples from 1 histograms.
11-02 15:17:09.917 19250 19314 I cr_LibraryLoader: Loaded native library version number "85.0.4183.127"
11-02 15:17:09.917 19250 19314 I cr_CachingUmaRecorder: Flushed 1 samples from 1 histograms.
11-02 15:17:09.934 19330 19343 I cr_LibraryLoader: Loaded native library version number "85.0.4183.127"
11-02 15:17:09.934 19330 19343 I cr_CachingUmaRecorder: Flushed 1 samples from 1 histograms.
11-02 15:17:10.019   601 12691 D ActivityManager: cleanUpApplicationRecord -- 18982
11-02 15:17:10.020   601 12691 I ActivityManager: Killing 19237:com.android.chrome:sandboxed_process16/u0a35i284 (adj 0): isolated not needed
11-02 15:17:10.020   601 12691 I ActivityManager: Killing 19250:com.android.chrome:sandboxed_process18/u0a35i286 (adj 0): isolated not needed
11-02 15:17:10.063   601  4262 D ActivityManager: cleanUpApplicationRecord -- 18990
11-02 15:17:10.075 19128 19128 W dex2oat : Compilation of void a.a.c.<clinit>() took 479.837ms
11-02 15:17:10.076 19128 19262 W dex2oat : Compilation of void a.b.a.a.<clinit>() took 477.086ms
11-02 15:17:10.080 18838 18888 I TaskQueue: Execute task [IMMEDIATE - d: true, b: 2]: 15
11-02 15:17:10.092 18838 18838 W chromium: [WARNING:compositor_view.cc(315)] Child process died (type=6) pid=18982)
11-02 15:17:10.095 18838 18838 W chromium: [WARNING:compositor_view.cc(315)] Child process died (type=6) pid=18990)
11-02 15:17:10.116 30982 31551 I Icing   : IndexChimeraService.getServiceInterface callingPackage=com.google.android.gms componentName=null serviceId=30
11-02 15:17:10.129 19128 19128 I dex2oat : dex2oat took 1.760s (threads: 2) arena alloc=771KB (790272B) java alloc=112KB (115040B) native alloc=559KB (573400B) free=1488KB (1523752B)
11-02 15:17:10.145   601 19770 D ActivityManager: cleanUpApplicationRecord -- 19250
11-02 15:17:10.166   601  6618 D ActivityManager: cleanUpApplicationRecord -- 18977
11-02 15:17:10.173 18838 18838 W chromium: [WARNING:compositor_view.cc(315)] Child process died (type=6) pid=18977)
11-02 15:17:10.214   601  4276 D ActivityManager: cleanUpApplicationRecord -- 19237
11-02 15:17:10.219 18838 18838 W chromium: [WARNING:compositor_view.cc(315)] Child process died (type=6) pid=19250)
11-02 15:17:10.219 18838 18838 W chromium: [WARNING:compositor_view.cc(315)] Child process died (type=6) pid=19237)
11-02 15:17:10.241 18838 18888 I MainThreadRunner: Running task [FeedRequestManagerImpl consumer] on the Main Thread
11-02 15:17:10.241 18838 18888 I TaskQueue:  - Finished 15, time 165 ms
11-02 15:17:10.248   601  9663 D ActivityManager: cleanUpApplicationRecord -- 19102
11-02 15:17:10.298   785   797 I art     : Background partial concurrent mark sweep GC freed 94480(5MB) AllocSpace objects, 3(92KB) LOS objects, 39% free, 12MB/20MB, paused 916us total 211.542ms
11-02 15:17:10.299 18838 18838 W chromium: [WARNING:compositor_view.cc(315)] Child process died (type=6) pid=19102)
11-02 15:17:10.364 18838 18891 W InstanceID: Instance ID SDK is deprecated, com.android.chrome should update to use Firebase Instance ID
11-02 15:17:10.389 18838 18838 I FeedProtocolAdapter: createModel, operations 33
11-02 15:17:10.403 18838 18838 I TimingUtils: Task Timing  14ms, thread ui | task : convertWireProtocol | mutations : 33
11-02 15:17:10.405 18838 18838 I TaskQueue:  - task [HEAD_RESET - d: true, b: 2]: 5
11-02 15:17:10.405 18838 18838 I TaskQueue:  - queueTask starting immediate task
11-02 15:17:10.408 18838 18895 I TaskQueue: Execute task [HEAD_RESET - d: true, b: 2]: 5
11-02 15:17:10.418 18838 18895 I TaskQueue:  - task [BACKGROUND - d: true, b: 2]: 23
11-02 15:17:10.418 18838 18895 W SessionCache: Persisted Sessions were not found
11-02 15:17:10.421 18838 18895 I PersistentFeedStore: commitSessionMutation - Success true, Update Session $HEAD, stream structures 32
11-02 15:17:10.431 18838 18895 I MainThreadRunner: Running task [SchedulerApiWrapper onReceiveNewContent] on the Main Thread
11-02 15:17:10.432 18838 18895 I MainThreadRunner: Running task [FeedKnownContentImpl onNewContentReceived] on the Main Thread
11-02 15:17:10.432 18838 18895 I SessionManagerMutation: Cleared Head, new creation time 11-02 15:17:10.418
11-02 15:17:10.432 18838 18895 I TimingUtils: Task Timing  23ms, thread background-1 | task : sessionMutation.commitTask:updateConsumer | mutations : 33 | userInitiated : false
11-02 15:17:10.432 18838 18895 I TaskQueue: Cancelling starvation checks
11-02 15:17:10.433 18838 18895 I TaskQueue:  - Finished 5, time 25 ms
11-02 15:17:10.441 18838 18895 I TaskQueue: Execute task [USER_FACING - d: false, b: 2]: 24
11-02 15:17:10.449 18838 18895 I TimeoutSessionImpl: TimeoutSession.populateModelProvider, shouldAppend false
11-02 15:17:10.449 18838 18895 I SessionImpl: PopulateModelProvider 32 items
11-02 15:17:10.450 18838 18895 I FeedModelProvider: FeedModelProvider - committer, structure changes 31, update changes 0
11-02 15:17:10.452 18838 18895 I FeedModelProvider: SyntheticTokenTracker: 0, 11, 11, false
11-02 15:17:10.452 18838 18895 I FeedSessionManagerImpl: Caching getStreamFeatures - items 31, cache misses 0, cache size 31
11-02 15:17:10.454 18838 18895 I FeedModelProvider: Moving _session:08399fd0-5efa-417e-9273-08c924c1d16a to READY
11-02 15:17:10.455 18838 18895 I MainThreadRunner: Running task [FeedModelProvider onSessionStart] on the Main Thread
11-02 15:17:10.455 18838 18895 I FeedModelProvider: ModelProvider Mutation committed - structure changes 31, childrenToBind 31, removedChildren false, Token false
11-02 15:17:10.462 18838 18838 I FeedModelProvider: No children found for Cursor
11-02 15:17:10.472 18838 18895 I FeedSessionManagerImpl: Populate new session: _session:08399fd0-5efa-417e-9273-08c924c1d16a, creation time 11-02 15:17:10.449
11-02 15:17:10.472 18838 18895 I TimingUtils: Task Timing  31ms, thread background-2 | task : Create/Populate New Session
11-02 15:17:10.472 18838 18895 I TaskQueue:  - Finished 24, time 39 ms
11-02 15:17:10.472 18838 18895 I TaskQueue: Execute task [BACKGROUND - d: false, b: 1]: 11
11-02 15:17:10.472 18838 18895 I ContentGc: Re-enqueuing triggerContentGc; attempts(0)
11-02 15:17:10.473 18838 18895 I TaskQueue:  - task [BACKGROUND - d: false, b: 1]: 11
11-02 15:17:10.473 18838 18895 I TaskQueue:  - Finished 11, time 1 ms
11-02 15:17:10.473 18838 18895 I TaskQueue: Execute task [BACKGROUND - d: false, b: 1]: 23
11-02 15:17:10.598 18838 18898 W chromium: [WARNING:spdy_session.cc(3090)] Received RST for invalid stream1
11-02 15:17:10.639 18838 18895 I TimingUtils: Task Timing 166ms, thread background-3 | task : commitContentMutation | mutations : 32
11-02 15:17:10.639 18838 18895 I TimingUtils: Task Timing   0ms, thread background-4 | task : commitSemanticPropertiesMutation | mutations : 0
11-02 15:17:10.640 18838 18895 I TaskQueue:  - Finished 23, time 167 ms
11-02 15:17:10.640 18838 18895 I TaskQueue: Execute task [BACKGROUND - d: false, b: 0]: 11
11-02 15:17:10.641 18838 18895 I SessionCache: Determining accessible content
11-02 15:17:10.644 18838 18895 I TimingUtils: Task Timing   4ms, thread background-5 | task : ContentGc | contentItemsRemoved : 0
11-02 15:17:10.644 18838 18895 I TaskQueue:  - Finished 11, time 4 ms
11-02 15:17:11.074   601 31547 D ActivityManager: cleanUpApplicationRecord -- 19187
11-02 15:17:11.120   601  4262 D ActivityManager: cleanUpApplicationRecord -- 19158
11-02 15:17:11.122 18838 18838 W chromium: [WARNING:compositor_view.cc(315)] Child process died (type=6) pid=19187)
11-02 15:17:11.126 18838 18838 W chromium: [WARNING:compositor_view.cc(315)] Child process died (type=6) pid=19158)
11-02 15:17:11.266 30982 31456 E native  : document-store.cc:1328 Failed to update per-doc-data with usage report
11-02 15:17:11.357 30982 31456 I Icing   : Usage reports ok 1, Failed Usage reports 1, indexed 0, rejected 0
11-02 15:17:11.364 30982 31456 W Icing   : No valid account for uploading user actions
11-02 15:17:11.395 30982 31456 I Icing   : Usage reports ok 0, Failed Usage reports 0, indexed 0, rejected 0
11-02 15:17:11.396 30982 31456 I Icing   : Removing corpus key com.android.chrome-omnibox for package com.android.chrome
11-02 15:17:11.539 30982 31456 I native  : document-store.cc:1654 Scored 3360 usage reports, missing_corpora 1858 update_failed 1
11-02 15:17:11.618 30982 31456 W Icing   : No valid account for uploading user actions
11-02 15:17:11.644 30982 31456 I Icing   : Usage reports ok 0, Failed Usage reports 0, indexed 0, rejected 0
11-02 15:17:11.645 30982 31456 I Icing   : Indexing com.android.chrome-omnibox from com.android.chrome
11-02 15:17:12.064 30982 31456 I Icing   : Indexing done com.android.chrome-omnibox
11-02 15:17:12.191 18838 18895 I cr_omaha: Request to Server Successful. Timestamp for next request:1667402232191
11-02 15:17:12.243 18838 18848 I art     : Background sticky concurrent mark sweep GC freed 13368(903KB) AllocSpace objects, 15(296KB) LOS objects, 7% free, 16MB/17MB, paused 9.734ms total 59.824ms
11-02 15:17:12.275 18838 18895 I cr_omaha: Request to Server Successful. Timestamp for next request:1667402232275
11-02 15:17:12.275 18838 18895 I cr_omaha: Attempting to schedule next job for: Wed Nov 02 20:17:11 GMT+01:00 2022
11-02 15:17:12.278 18838 18838 I cr_omaha: Scheduled using JobService
11-02 15:17:12.282 18838 18838 E cr_BkgrdTaskJS: Tried finishing non-current BackgroundTask.
11-02 15:17:12.445   785   804 W Icing   : isOptedInForAppHistory: empty Account Name encountered
11-02 15:17:12.461   785   804 W Icing   : isOptedInForAppHistory: empty Account Name encountered
11-02 15:17:12.574   785 13873 W Icing   : isOptedInForAppHistory: empty Account Name encountered
11-02 15:17:12.858 18838 18838 E cr_BTSPrefs: No data found for task id: 53
11-02 15:17:12.858 18838 18838 E cr_BkgrdTaskScheduler: Task cannot be canceled because no data was found instorage or data was invalid
11-02 15:17:17.311 18838 18838 E cr_BTSPrefs: No data found for task id: 57
11-02 15:17:17.311 18838 18838 E cr_BkgrdTaskScheduler: Task cannot be canceled because no data was found instorage or data was invalid
11-02 15:17:17.311 18838 18838 E cr_BTSPrefs: No data found for task id: 56
11-02 15:17:17.311 18838 18838 E cr_BkgrdTaskScheduler: Task cannot be canceled because no data was found instorage or data was invalid
11-02 15:17:17.881   601   648 I WifiHAL : Got channel list with 13 channels
11-02 15:17:17.883   601   648 I WifiHAL : Got channel list with 4 channels
11-02 15:17:17.885   601   648 I WifiHAL : Got channel list with 15 channels
11-02 15:17:19.406 18838 18848 I art     : Background sticky concurrent mark sweep GC freed 9758(387KB) AllocSpace objects, 0(0B) LOS objects, 2% free, 17MB/17MB, paused 8.522ms total 20.780ms
11-02 15:17:20.038 18838 18838 I cr_tabmodel: Appending tabs being restored to metadata lists, 0, startingNormalCount: 2, startingIncognitoCount: 0
11-02 15:17:20.038 18838 18838 I cr_tabmodel: Serializing tab lists; counts: 2, 0
11-02 15:17:23.343 19390 19390 D AndroidRuntime: >>>>>> START com.android.internal.os.RuntimeInit uid 2000 <<<<<<
11-02 15:17:23.347 19390 19390 D AndroidRuntime: CheckJNI is OFF
11-02 15:17:23.415 19390 19390 D ICU     : No timezone override file found: /data/misc/zoneinfo/current/icu/icu_tzdata.dat
11-02 15:17:23.451 19390 19390 I Radio-JNI: register_android_hardware_Radio DONE
11-02 15:17:23.468 19390 19390 D AndroidRuntime: Calling main entry com.android.commands.monkey.Monkey
11-02 15:17:23.543   601   614 W BroadcastQueue: Skipping deliver [background] BroadcastRecord{132a677 u-1 android.net.conn.CONNECTIVITY_CHANGE} to ReceiverList{85352e4 19390 (unknown name)/2000/u-1 remote:937f711}: process crashing
11-02 15:17:24.818 19390 19390 D MonkeyStub: translateCommand: wake
11-02 15:17:24.995 19390 19390 D MonkeyStub: translateCommand: touch down 614 1561
11-02 15:17:25.014 19390 19390 D MonkeyStub: translateCommand: touch move 614 1561
11-02 15:17:25.127 19390 19390 D MonkeyStub: translateCommand: touch move 614 1436
11-02 15:17:25.239 19390 19390 D MonkeyStub: translateCommand: touch move 614 1311
11-02 15:17:25.350 19390 19390 D MonkeyStub: translateCommand: touch move 614 1186
11-02 15:17:25.463 19390 19390 D MonkeyStub: translateCommand: touch move 614 1061
11-02 15:17:25.574 19390 19390 D MonkeyStub: translateCommand: touch move 614 937
11-02 15:17:25.684 19390 19390 D MonkeyStub: translateCommand: touch move 614 812
11-02 15:17:25.793 19390 19390 D MonkeyStub: translateCommand: touch move 614 687
11-02 15:17:25.911 19390 19390 D MonkeyStub: translateCommand: touch move 614 562
11-02 15:17:26.026 19390 19390 D MonkeyStub: translateCommand: touch move 614 437
11-02 15:17:26.137 19390 19390 D MonkeyStub: translateCommand: touch move 614 312
11-02 15:17:26.226 19390 19390 D MonkeyStub: translateCommand: touch up 614 312
11-02 15:17:28.430 19390 19390 D MonkeyStub: translateCommand: touch down 614 1561
11-02 15:17:28.456 19390 19390 D MonkeyStub: translateCommand: touch move 614 1561
11-02 15:17:28.590 19390 19390 D MonkeyStub: translateCommand: touch move 614 1436
11-02 15:17:28.701 19390 19390 D MonkeyStub: translateCommand: touch move 614 1311
11-02 15:17:28.816 19390 19390 D MonkeyStub: translateCommand: touch move 614 1186
11-02 15:17:28.929 19390 19390 D MonkeyStub: translateCommand: touch move 614 1061
11-02 15:17:29.042 19390 19390 D MonkeyStub: translateCommand: touch move 614 937
11-02 15:17:29.152 19390 19390 D MonkeyStub: translateCommand: touch move 614 812
11-02 15:17:29.260 19390 19390 D MonkeyStub: translateCommand: touch move 614 687
11-02 15:17:29.375 19390 19390 D MonkeyStub: translateCommand: touch move 614 562
11-02 15:17:29.484 19390 19390 D MonkeyStub: translateCommand: touch move 614 437
11-02 15:17:29.594 19390 19390 D MonkeyStub: translateCommand: touch move 614 312
11-02 15:17:29.597 19390 19390 D MonkeyStub: translateCommand: touch up 614 312
11-02 15:17:29.634 19390 19390 D MonkeyStub: translateCommand: touch down 614 1561
11-02 15:17:29.645 19390 19390 D MonkeyStub: translateCommand: touch move 614 1561
11-02 15:17:29.762 19390 19390 D MonkeyStub: translateCommand: touch move 614 1436
11-02 15:17:29.869 19390 19390 D MonkeyStub: translateCommand: touch move 614 1311
11-02 15:17:29.984 19390 19390 D MonkeyStub: translateCommand: touch move 614 1186
11-02 15:17:30.103 19390 19390 D MonkeyStub: translateCommand: touch move 614 1061
11-02 15:17:30.270 19390 19390 D MonkeyStub: translateCommand: touch move 614 937
11-02 15:17:30.380 19390 19390 D MonkeyStub: translateCommand: touch move 614 812
11-02 15:17:30.485 19390 19390 D MonkeyStub: translateCommand: touch move 614 687
11-02 15:17:30.716 19390 19390 D MonkeyStub: translateCommand: touch move 614 562
11-02 15:17:30.878 19390 19390 D MonkeyStub: translateCommand: touch move 614 437
11-02 15:17:31.011 19390 19390 D MonkeyStub: translateCommand: touch move 614 312
11-02 15:17:31.049 19390 19390 D MonkeyStub: translateCommand: touch up 614 312
11-02 15:17:36.202 19390 19390 D MonkeyStub: translateCommand: touch down 614 1561
11-02 15:17:36.212 19390 19390 D MonkeyStub: translateCommand: touch move 614 1561
11-02 15:17:36.322 19390 19390 D MonkeyStub: translateCommand: touch move 614 1436
11-02 15:17:36.434 19390 19390 D MonkeyStub: translateCommand: touch move 614 1311
11-02 15:17:36.547 19390 19390 D MonkeyStub: translateCommand: touch move 614 1186
11-02 15:17:36.661 19390 19390 D MonkeyStub: translateCommand: touch move 614 1061
11-02 15:17:36.769 19390 19390 D MonkeyStub: translateCommand: touch move 614 937
11-02 15:17:36.879 19390 19390 D MonkeyStub: translateCommand: touch move 614 812
11-02 15:17:36.990 19390 19390 D MonkeyStub: translateCommand: touch move 614 687
11-02 15:17:37.098 19390 19390 D MonkeyStub: translateCommand: touch move 614 562
11-02 15:17:37.219 19390 19390 D MonkeyStub: translateCommand: touch move 614 437
11-02 15:17:37.338 19390 19390 D MonkeyStub: translateCommand: touch move 614 312
11-02 15:17:37.344 19390 19390 D MonkeyStub: translateCommand: touch up 614 312
11-02 15:17:37.414 19390 19390 D MonkeyStub: translateCommand: touch down 614 1561
11-02 15:17:37.429 19390 19390 D MonkeyStub: translateCommand: touch move 614 1561
11-02 15:17:37.545 19390 19390 D MonkeyStub: translateCommand: touch move 614 1436
11-02 15:17:37.653 19390 19390 D MonkeyStub: translateCommand: touch move 614 1311
11-02 15:17:37.763 19390 19390 D MonkeyStub: translateCommand: touch move 614 1186
11-02 15:17:37.873 19390 19390 D MonkeyStub: translateCommand: touch move 614 1061
11-02 15:17:37.981 19390 19390 D MonkeyStub: translateCommand: touch move 614 937
11-02 15:17:38.086 19390 19390 D MonkeyStub: translateCommand: touch move 614 812
11-02 15:17:38.198 19390 19390 D MonkeyStub: translateCommand: touch move 614 687
11-02 15:17:38.309 19390 19390 D MonkeyStub: translateCommand: touch move 614 562
11-02 15:17:38.418 19390 19390 D MonkeyStub: translateCommand: touch move 614 437
11-02 15:17:38.526 19390 19390 D MonkeyStub: translateCommand: touch move 614 312
11-02 15:17:38.542 19390 19390 D MonkeyStub: translateCommand: touch up 614 312
11-02 15:17:39.922   601   613 I UsageStatsService: User[0] Flushing usage stats to disk
11-02 15:17:40.387 30982 31551 I Icing   : IndexChimeraService.getServiceInterface callingPackage=com.android.chrome componentName=null serviceId=36
11-02 15:17:40.410 30982 31456 W Icing   : No valid account for uploading user actions
11-02 15:17:40.433 30982 31551 I Icing   : IndexChimeraService.getServiceInterface callingPackage=com.google.android.gms componentName=null serviceId=30
11-02 15:17:40.479 30982 31456 I Icing   : Usage reports ok 1, Failed Usage reports 0, indexed 1, rejected 0
11-02 15:17:40.481 30982 31456 W Icing   : No valid account for uploading user actions
11-02 15:17:40.490 30982 31456 I Icing   : Usage reports ok 0, Failed Usage reports 0, indexed 0, rejected 0
11-02 15:17:40.491 30982 31456 I Icing   : Indexing com.android.chrome-omnibox from com.android.chrome
11-02 15:17:40.500 30982 31456 I Icing   : Indexing done com.android.chrome-omnibox
11-02 15:17:40.710 19390 19390 D MonkeyStub: translateCommand: touch down 614 1561
11-02 15:17:40.721 19390 19390 D MonkeyStub: translateCommand: touch move 614 1561
11-02 15:17:40.841 19390 19390 D MonkeyStub: translateCommand: touch move 614 1436
11-02 15:17:40.947 19390 19390 D MonkeyStub: translateCommand: touch move 614 1311
11-02 15:17:41.063 19390 19390 D MonkeyStub: translateCommand: touch move 614 1186
11-02 15:17:41.169 19390 19390 D MonkeyStub: translateCommand: touch move 614 1061
11-02 15:17:41.275 19390 19390 D MonkeyStub: translateCommand: touch move 614 937
11-02 15:17:41.385 19390 19390 D MonkeyStub: translateCommand: touch move 614 812
11-02 15:17:41.491 19390 19390 D MonkeyStub: translateCommand: touch move 614 687
11-02 15:17:41.601 19390 19390 D MonkeyStub: translateCommand: touch move 614 562
11-02 15:17:41.715 19390 19390 D MonkeyStub: translateCommand: touch move 614 437
11-02 15:17:41.830 19390 19390 D MonkeyStub: translateCommand: touch move 614 312
11-02 15:17:41.836 19390 19390 D MonkeyStub: translateCommand: touch up 614 312
11-02 15:17:43.986 19390 19390 D MonkeyStub: translateCommand: tap 1219 554
11-02 15:17:44.392   785  1162 E AsyncOperation: serviceID=121, operation=GetLaunchDataOperation [CONTEXT service_id=259 ]
11-02 15:17:44.392   785  1162 E AsyncOperation: OperationException[Status{statusCode=Not an instant app, resolution=null}]
11-02 15:17:44.392   785  1162 E AsyncOperation: 	at aeay.a(:com.google.android.gms@203915020@20.39.15 (040406-335085812):20)
11-02 15:17:44.392   785  1162 E AsyncOperation: 	at aain.run(:com.google.android.gms@203915020@20.39.15 (040406-335085812):7)
11-02 15:17:44.392   785  1162 E AsyncOperation: 	at boex.run(:com.google.android.gms@203915020@20.39.15 (040406-335085812):2)
11-02 15:17:44.392   785  1162 E AsyncOperation: 	at sup.b(:com.google.android.gms@203915020@20.39.15 (040406-335085812):12)
11-02 15:17:44.392   785  1162 E AsyncOperation: 	at sup.run(:com.google.android.gms@203915020@20.39.15 (040406-335085812):7)
11-02 15:17:44.392   785  1162 E AsyncOperation: 	at java.util.concurrent.ThreadPoolExecutor.runWorker(ThreadPoolExecutor.java:1133)
11-02 15:17:44.392   785  1162 E AsyncOperation: 	at java.util.concurrent.ThreadPoolExecutor$Worker.run(ThreadPoolExecutor.java:607)
11-02 15:17:44.392   785  1162 E AsyncOperation: 	at tam.run(:com.google.android.gms@203915020@20.39.15 (040406-335085812):0)
11-02 15:17:44.392   785  1162 E AsyncOperation: 	at java.lang.Thread.run(Thread.java:761)
11-02 15:17:45.271   785  1694 W Icing   : isOptedInForAppHistory: empty Account Name encountered
11-02 15:17:45.329   785  1694 W Icing   : isOptedInForAppHistory: empty Account Name encountered
11-02 15:17:45.389   785 15146 W Icing   : isOptedInForAppHistory: empty Account Name encountered
11-02 15:17:47.957   601 17045 I ActivityManager: Start proc 19438:com.android.chrome:sandboxed_process21/u0i289 for service com.android.chrome/org.chromium.content.app.SandboxedProcessService21
11-02 15:17:48.082 19438 19438 W boxed_process21: type=1400 audit(0.0:3804): avc: denied { getattr } for path="/data/data/com.android.chrome" dev="dm-2" ino=12190 scontext=u:r:isolated_app:s0:c512,c768 tcontext=u:object_r:app_data_file:s0:c512,c768 tclass=dir permissive=0
11-02 15:17:48.157 19438 19438 I cr_ChildProcessService: Creating new ChildProcessService pid=19438
11-02 15:17:48.293 19438 19451 I cr_LibraryLoader: Loaded native library version number "85.0.4183.127"
11-02 15:17:48.294 19438 19451 I cr_CachingUmaRecorder: Flushed 1 samples from 1 histograms.
11-02 15:17:48.355 19451 19451 W CrUtilityMain: type=1400 audit(0.0:3805): avc: denied { setattr } for name="LICENSE.txt" dev="dm-2" ino=61670 scontext=u:r:isolated_app:s0:c512,c768 tcontext=u:object_r:app_data_file:s0:c512,c768 tclass=file permissive=0
11-02 15:17:48.359 19451 19451 W CrUtilityMain: type=1400 audit(0.0:3806): avc: denied { setattr } for name=46696C746572696E672052756C6573 dev="dm-2" ino=60759 scontext=u:r:isolated_app:s0:c512,c768 tcontext=u:object_r:app_data_file:s0:c512,c768 tclass=file permissive=0
11-02 15:17:48.359 19451 19451 W CrUtilityMain: type=1400 audit(0.0:3807): avc: denied { setattr } for name="manifest.json" dev="dm-2" ino=59967 scontext=u:r:isolated_app:s0:c512,c768 tcontext=u:object_r:app_data_file:s0:c512,c768 tclass=file permissive=0
11-02 15:17:48.369 19451 19451 W CrUtilityMain: type=1400 audit(0.0:3808): avc: denied { setattr } for name="verified_contents.json" dev="dm-2" ino=60578 scontext=u:r:isolated_app:s0:c512,c768 tcontext=u:object_r:app_data_file:s0:c512,c768 tclass=file permissive=0
11-02 15:17:48.374 19438 19451 I chromium: [INFO:child_process_service.cc(69)] ChildProcessService: Exiting child process.
11-02 15:17:48.377   195   195 E lowmemorykiller: Error writing /proc/19438/oom_score_adj; errno=22
11-02 15:17:48.399   601   611 I ActivityManager: Process com.android.chrome:sandboxed_process21 (pid 19438) has died
11-02 15:17:48.400   601   611 D ActivityManager: cleanUpApplicationRecord -- 19438
11-02 15:17:48.401 18838 18838 W chromium: [WARNING:compositor_view.cc(315)] Child process died (type=6) pid=19438)
11-02 15:17:49.640   601 19770 I ActivityManager: Start proc 19458:com.android.chrome:sandboxed_process22/u0i290 for service com.android.chrome/org.chromium.content.app.SandboxedProcessService22
11-02 15:17:49.719   196   196 E SELinux : avc:  denied  { find } for service=netd pid=19457 uid=2000 scontext=u:r:shell:s0 tcontext=u:object_r:netd_service:s0 tclass=service_manager permissive=0
11-02 15:17:49.742   196   196 E SELinux : avc:  denied  { find } for service=android.service.gatekeeper.IGateKeeperService pid=19457 uid=2000 scontext=u:r:shell:s0 tcontext=u:object_r:gatekeeper_service:s0 tclass=service_manager permissive=0
11-02 15:17:49.789 19458 19458 W boxed_process22: type=1400 audit(0.0:3809): avc: denied { getattr } for path="/data/data/com.android.chrome" dev="dm-2" ino=12190 scontext=u:r:isolated_app:s0:c512,c768 tcontext=u:object_r:app_data_file:s0:c512,c768 tclass=dir permissive=0
11-02 15:17:49.867 19458 19458 I cr_ChildProcessService: Creating new ChildProcessService pid=19458
11-02 15:17:50.020 19458 19471 I cr_LibraryLoader: Loaded native library version number "85.0.4183.127"
11-02 15:17:50.021 19458 19471 I cr_CachingUmaRecorder: Flushed 1 samples from 1 histograms.
11-02 15:17:50.079 19471 19471 W CrUtilityMain: type=1400 audit(0.0:3810): avc: denied { setattr } for name="tl_en-us_2022-10-26_484799359_100000_index.bin" dev="dm-2" ino=62575 scontext=u:r:isolated_app:s0:c512,c768 tcontext=u:object_r:app_data_file:s0:c512,c768 tclass=file permissive=0
11-02 15:17:50.079 19471 19471 W CrUtilityMain: type=1400 audit(0.0:3811): avc: denied { setattr } for name="manifest.json" dev="dm-2" ino=62361 scontext=u:r:isolated_app:s0:c512,c768 tcontext=u:object_r:app_data_file:s0:c512,c768 tclass=file permissive=0
11-02 15:17:50.082 19471 19471 W CrUtilityMain: type=1400 audit(0.0:3812): avc: denied { setattr } for name="verified_contents.json" dev="dm-2" ino=61942 scontext=u:r:isolated_app:s0:c512,c768 tcontext=u:object_r:app_data_file:s0:c512,c768 tclass=file permissive=0
11-02 15:17:50.091 19458 19458 I cr_ChildProcessService: Destroying ChildProcessService pid=19458
11-02 15:17:50.093 19458 19471 I chromium: [INFO:child_process_service.cc(69)] ChildProcessService: Exiting child process.
11-02 15:17:50.118   601 12691 I ActivityManager: Process com.android.chrome:sandboxed_process22 (pid 19458) has died
11-02 15:17:50.118   601 12691 D ActivityManager: cleanUpApplicationRecord -- 19458
11-02 15:17:50.128 18838 18838 W chromium: [WARNING:compositor_view.cc(315)] Child process died (type=6) pid=19458)
11-02 15:17:50.415 18838 18838 I cr_tabmodel: Appending tabs being restored to metadata lists, 0, startingNormalCount: 2, startingIncognitoCount: 0
11-02 15:17:50.415 18838 18838 I cr_tabmodel: Serializing tab lists; counts: 2, 0
11-02 15:17:51.870   601  1452 I ActivityManager: Start proc 19477:com.android.chrome:sandboxed_process23/u0i291 for service com.android.chrome/org.chromium.content.app.SandboxedProcessService23
11-02 15:17:51.935 19477 19477 W boxed_process23: type=1400 audit(0.0:3813): avc: denied { getattr } for path="/data/data/com.android.chrome" dev="dm-2" ino=12190 scontext=u:r:isolated_app:s0:c512,c768 tcontext=u:object_r:app_data_file:s0:c512,c768 tclass=dir permissive=0
11-02 15:17:51.967 19477 19477 I cr_ChildProcessService: Creating new ChildProcessService pid=19477
11-02 15:17:52.031 19390 19390 D MonkeyStub: translateCommand: touch down 614 1561
11-02 15:17:52.041 19390 19390 D MonkeyStub: translateCommand: touch move 614 1561
11-02 15:17:52.110 19477 19490 I cr_LibraryLoader: Loaded native library version number "85.0.4183.127"
11-02 15:17:52.111 19477 19490 I cr_CachingUmaRecorder: Flushed 1 samples from 1 histograms.
11-02 15:17:52.150 19390 19390 D MonkeyStub: translateCommand: touch move 614 1436
11-02 15:17:52.155 19490 19490 W CrUtilityMain: type=1400 audit(0.0:3814): avc: denied { setattr } for name="optimization-hints.pb" dev="dm-2" ino=61671 scontext=u:r:isolated_app:s0:c512,c768 tcontext=u:object_r:app_data_file:s0:c512,c768 tclass=file permissive=0
11-02 15:17:52.162 19490 19490 W CrUtilityMain: type=1400 audit(0.0:3815): avc: denied { setattr } for name="manifest.json" dev="dm-2" ino=61484 scontext=u:r:isolated_app:s0:c512,c768 tcontext=u:object_r:app_data_file:s0:c512,c768 tclass=file permissive=0
11-02 15:17:52.169 19490 19490 W CrUtilityMain: type=1400 audit(0.0:3816): avc: denied { setattr } for name="verified_contents.json" dev="dm-2" ino=62689 scontext=u:r:isolated_app:s0:c512,c768 tcontext=u:object_r:app_data_file:s0:c512,c768 tclass=file permissive=0
11-02 15:17:52.177 19477 19490 I chromium: [INFO:child_process_service.cc(69)] ChildProcessService: Exiting child process.
11-02 15:17:52.179   195   195 E lowmemorykiller: Error writing /proc/19477/oom_score_adj; errno=22
11-02 15:17:52.230   601 15862 I ActivityManager: Process com.android.chrome:sandboxed_process23 (pid 19477) has died
11-02 15:17:52.230   601 15862 D ActivityManager: cleanUpApplicationRecord -- 19477
11-02 15:17:52.233 18838 18838 W chromium: [WARNING:compositor_view.cc(315)] Child process died (type=6) pid=19477)
11-02 15:17:52.264 19390 19390 D MonkeyStub: translateCommand: touch move 614 1311
11-02 15:17:52.378 19390 19390 D MonkeyStub: translateCommand: touch move 614 1186
11-02 15:17:52.489 19390 19390 D MonkeyStub: translateCommand: touch move 614 1061
11-02 15:17:52.598 19390 19390 D MonkeyStub: translateCommand: touch move 614 937
11-02 15:17:52.719 19390 19390 D MonkeyStub: translateCommand: touch move 614 812
11-02 15:17:52.829 19390 19390 D MonkeyStub: translateCommand: touch move 614 687
11-02 15:17:52.938 19390 19390 D MonkeyStub: translateCommand: touch move 614 562
11-02 15:17:53.048 19390 19390 D MonkeyStub: translateCommand: touch move 614 437
11-02 15:17:53.160 19390 19390 D MonkeyStub: translateCommand: touch move 614 312
11-02 15:17:53.164 19390 19390 D MonkeyStub: translateCommand: touch up 614 312
11-02 15:17:54.382   601  9663 I ActivityManager: Start proc 19495:com.android.chrome:sandboxed_process24/u0i292 for service com.android.chrome/org.chromium.content.app.SandboxedProcessService24
11-02 15:17:54.435 19495 19495 W boxed_process24: type=1400 audit(0.0:3817): avc: denied { getattr } for path="/data/data/com.android.chrome" dev="dm-2" ino=12190 scontext=u:r:isolated_app:s0:c512,c768 tcontext=u:object_r:app_data_file:s0:c512,c768 tclass=dir permissive=0
11-02 15:17:54.465 19495 19495 I cr_ChildProcessService: Creating new ChildProcessService pid=19495
11-02 15:17:54.533 19495 19508 I cr_LibraryLoader: Loaded native library version number "85.0.4183.127"
11-02 15:17:54.534 19495 19508 I cr_CachingUmaRecorder: Flushed 1 samples from 1 histograms.
11-02 15:17:54.545 19508 19508 W CrUtilityMain: type=1400 audit(0.0:3818): avc: denied { setattr } for name="manifest.json" dev="dm-2" ino=62004 scontext=u:r:isolated_app:s0:c512,c768 tcontext=u:object_r:app_data_file:s0:c512,c768 tclass=file permissive=0
11-02 15:17:54.549 19508 19508 W CrUtilityMain: type=1400 audit(0.0:3819): avc: denied { setattr } for name="verified_contents.json" dev="dm-2" ino=63064 scontext=u:r:isolated_app:s0:c512,c768 tcontext=u:object_r:app_data_file:s0:c512,c768 tclass=file permissive=0
11-02 15:17:54.556 19495 19495 I cr_ChildProcessService: Destroying ChildProcessService pid=19495
11-02 15:17:54.557 19495 19508 I chromium: [INFO:child_process_service.cc(69)] ChildProcessService: Exiting child process.
11-02 15:17:54.580   601   832 I ActivityManager: Process com.android.chrome:sandboxed_process24 (pid 19495) has died
11-02 15:17:54.580   601   832 D ActivityManager: cleanUpApplicationRecord -- 19495
11-02 15:17:54.582 18838 18838 W chromium: [WARNING:compositor_view.cc(315)] Child process died (type=6) pid=19495)
11-02 15:17:57.050   601  3864 I ActivityManager: Start proc 19514:com.android.chrome:sandboxed_process25/u0i293 for service com.android.chrome/org.chromium.content.app.SandboxedProcessService25
11-02 15:17:57.122 19514 19514 W boxed_process25: type=1400 audit(0.0:3820): avc: denied { getattr } for path="/data/data/com.android.chrome" dev="dm-2" ino=12190 scontext=u:r:isolated_app:s0:c512,c768 tcontext=u:object_r:app_data_file:s0:c512,c768 tclass=dir permissive=0
11-02 15:17:57.157 19514 19514 I cr_ChildProcessService: Creating new ChildProcessService pid=19514
11-02 15:17:57.211 19514 19527 I cr_LibraryLoader: Loaded native library version number "85.0.4183.127"
11-02 15:17:57.212 19514 19527 I cr_CachingUmaRecorder: Flushed 1 samples from 1 histograms.
11-02 15:17:57.225 19527 19527 W CrUtilityMain: type=1400 audit(0.0:3821): avc: denied { setattr } for name="crl-set" dev="dm-2" ino=62188 scontext=u:r:isolated_app:s0:c512,c768 tcontext=u:object_r:app_data_file:s0:c512,c768 tclass=file permissive=0
11-02 15:17:57.225 19527 19527 W CrUtilityMain: type=1400 audit(0.0:3822): avc: denied { setattr } for name="manifest.json" dev="dm-2" ino=61922 scontext=u:r:isolated_app:s0:c512,c768 tcontext=u:object_r:app_data_file:s0:c512,c768 tclass=file permissive=0
11-02 15:17:57.229 19527 19527 W CrUtilityMain: type=1400 audit(0.0:3823): avc: denied { setattr } for name="LICENSE" dev="dm-2" ino=57181 scontext=u:r:isolated_app:s0:c512,c768 tcontext=u:object_r:app_data_file:s0:c512,c768 tclass=file permissive=0
11-02 15:17:57.229 19527 19527 W CrUtilityMain: type=1400 audit(0.0:3824): avc: denied { setattr } for name="verified_contents.json" dev="dm-2" ino=25359 scontext=u:r:isolated_app:s0:c512,c768 tcontext=u:object_r:app_data_file:s0:c512,c768 tclass=file permissive=0
11-02 15:17:57.238 19514 19527 I chromium: [INFO:child_process_service.cc(69)] ChildProcessService: Exiting child process.
11-02 15:17:57.240   195   195 E lowmemorykiller: Error writing /proc/19514/oom_score_adj; errno=22
11-02 15:17:57.246 19390 19390 D MonkeyStub: translateCommand: touch down 614 1561
11-02 15:17:57.251 19390 19390 D MonkeyStub: translateCommand: touch move 614 1561
11-02 15:17:57.263   601  3864 I ActivityManager: Process com.android.chrome:sandboxed_process25 (pid 19514) has died
11-02 15:17:57.263   601  3864 D ActivityManager: cleanUpApplicationRecord -- 19514
11-02 15:17:57.264 18838 18838 W chromium: [WARNING:compositor_view.cc(315)] Child process died (type=6) pid=19514)
11-02 15:17:57.360 19390 19390 D MonkeyStub: translateCommand: touch move 614 1436
11-02 15:17:57.470 19390 19390 D MonkeyStub: translateCommand: touch move 614 1311
11-02 15:17:57.589 19390 19390 D MonkeyStub: translateCommand: touch move 614 1186
11-02 15:17:57.703 19390 19390 D MonkeyStub: translateCommand: touch move 614 1061
11-02 15:17:57.813 19390 19390 D MonkeyStub: translateCommand: touch move 614 937
11-02 15:17:57.921 19390 19390 D MonkeyStub: translateCommand: touch move 614 812
11-02 15:17:58.031 19390 19390 D MonkeyStub: translateCommand: touch move 614 687
11-02 15:17:58.142 19390 19390 D MonkeyStub: translateCommand: touch move 614 562
11-02 15:17:58.253 19390 19390 D MonkeyStub: translateCommand: touch move 614 437
11-02 15:17:58.362 19390 19390 D MonkeyStub: translateCommand: touch move 614 312
11-02 15:17:58.366 19390 19390 D MonkeyStub: translateCommand: touch up 614 312
11-02 15:17:58.387 19390 19390 D MonkeyStub: translateCommand: touch down 614 1561
11-02 15:17:58.394 19390 19390 D MonkeyStub: translateCommand: touch move 614 1561
11-02 15:17:58.498 19390 19390 D MonkeyStub: translateCommand: touch move 614 1436
11-02 15:17:58.613 19390 19390 D MonkeyStub: translateCommand: touch move 614 1311
11-02 15:17:58.725 19390 19390 D MonkeyStub: translateCommand: touch move 614 1186
11-02 15:17:58.835 19390 19390 D MonkeyStub: translateCommand: touch move 614 1061
11-02 15:17:58.943 19390 19390 D MonkeyStub: translateCommand: touch move 614 937
11-02 15:17:59.052 19390 19390 D MonkeyStub: translateCommand: touch move 614 812
11-02 15:17:59.161 19390 19390 D MonkeyStub: translateCommand: touch move 614 687
11-02 15:17:59.268 19390 19390 D MonkeyStub: translateCommand: touch move 614 562
11-02 15:17:59.380 19390 19390 D MonkeyStub: translateCommand: touch move 614 437
11-02 15:17:59.489 19390 19390 D MonkeyStub: translateCommand: touch move 614 312
11-02 15:17:59.493 19390 19390 D MonkeyStub: translateCommand: touch up 614 312
11-02 15:18:00.002   601   819 I ActivityManager: Start proc 19532:com.android.chrome:sandboxed_process26/u0i294 for service com.android.chrome/org.chromium.content.app.SandboxedProcessService26
11-02 15:18:00.085 19532 19532 W boxed_process26: type=1400 audit(0.0:3825): avc: denied { getattr } for path="/data/data/com.android.chrome" dev="dm-2" ino=12190 scontext=u:r:isolated_app:s0:c512,c768 tcontext=u:object_r:app_data_file:s0:c512,c768 tclass=dir permissive=0
11-02 15:18:00.113 19532 19532 I cr_ChildProcessService: Creating new ChildProcessService pid=19532
11-02 15:18:00.158 19532 19545 I cr_LibraryLoader: Loaded native library version number "85.0.4183.127"
11-02 15:18:00.158 19532 19545 I cr_CachingUmaRecorder: Flushed 1 samples from 1 histograms.
11-02 15:18:00.172 19545 19545 W CrUtilityMain: type=1400 audit(0.0:3826): avc: denied { setattr } for name="safety_tips.pb" dev="dm-2" ino=63615 scontext=u:r:isolated_app:s0:c512,c768 tcontext=u:object_r:app_data_file:s0:c512,c768 tclass=file permissive=0
11-02 15:18:00.172 19545 19545 W CrUtilityMain: type=1400 audit(0.0:3827): avc: denied { setattr } for name="manifest.json" dev="dm-2" ino=41147 scontext=u:r:isolated_app:s0:c512,c768 tcontext=u:object_r:app_data_file:s0:c512,c768 tclass=file permissive=0
11-02 15:18:00.175 19545 19545 W CrUtilityMain: type=1400 audit(0.0:3828): avc: denied { setattr } for name="verified_contents.json" dev="dm-2" ino=59504 scontext=u:r:isolated_app:s0:c512,c768 tcontext=u:object_r:app_data_file:s0:c512,c768 tclass=file permissive=0
11-02 15:18:00.185 19532 19532 I cr_ChildProcessService: Destroying ChildProcessService pid=19532
11-02 15:18:00.185 19532 19545 I chromium: [INFO:child_process_service.cc(69)] ChildProcessService: Exiting child process.
11-02 15:18:00.206   601   819 I ActivityManager: Process com.android.chrome:sandboxed_process26 (pid 19532) has died
11-02 15:18:00.206   601   819 D ActivityManager: cleanUpApplicationRecord -- 19532
11-02 15:18:00.210 18838 18838 W chromium: [WARNING:compositor_view.cc(315)] Child process died (type=6) pid=19532)
11-02 15:18:03.215   601   611 I ActivityManager: Start proc 19551:com.android.chrome:sandboxed_process27/u0i295 for service com.android.chrome/org.chromium.content.app.SandboxedProcessService27
11-02 15:18:03.292 19551 19551 W boxed_process27: type=1400 audit(0.0:3829): avc: denied { getattr } for path="/data/data/com.android.chrome" dev="dm-2" ino=12190 scontext=u:r:isolated_app:s0:c512,c768 tcontext=u:object_r:app_data_file:s0:c512,c768 tclass=dir permissive=0
11-02 15:18:03.321 19551 19551 I cr_ChildProcessService: Creating new ChildProcessService pid=19551
11-02 15:18:03.374 19551 19564 I cr_LibraryLoader: Loaded native library version number "85.0.4183.127"
11-02 15:18:03.374 19551 19564 I cr_CachingUmaRecorder: Flushed 1 samples from 1 histograms.
11-02 15:18:03.385 19564 19564 W CrUtilityMain: type=1400 audit(0.0:3830): avc: denied { setattr } for name="tls_deprecation_config.pb" dev="dm-2" ino=23988 scontext=u:r:isolated_app:s0:c512,c768 tcontext=u:object_r:app_data_file:s0:c512,c768 tclass=file permissive=0
11-02 15:18:03.389 19564 19564 W CrUtilityMain: type=1400 audit(0.0:3831): avc: denied { setattr } for name="manifest.json" dev="dm-2" ino=62636 scontext=u:r:isolated_app:s0:c512,c768 tcontext=u:object_r:app_data_file:s0:c512,c768 tclass=file permissive=0
11-02 15:18:03.389 19564 19564 W CrUtilityMain: type=1400 audit(0.0:3832): avc: denied { setattr } for name="verified_contents.json" dev="dm-2" ino=63562 scontext=u:r:isolated_app:s0:c512,c768 tcontext=u:object_r:app_data_file:s0:c512,c768 tclass=file permissive=0
11-02 15:18:03.396 19551 19551 I cr_ChildProcessService: Destroying ChildProcessService pid=19551
11-02 15:18:03.397 19551 19564 I chromium: [INFO:child_process_service.cc(69)] ChildProcessService: Exiting child process.
11-02 15:18:03.416   601  1452 I ActivityManager: Process com.android.chrome:sandboxed_process27 (pid 19551) has died
11-02 15:18:03.416   601  1452 D ActivityManager: cleanUpApplicationRecord -- 19551
11-02 15:18:03.417 18838 18838 W chromium: [WARNING:compositor_view.cc(315)] Child process died (type=6) pid=19551)
11-02 15:18:03.559 19390 19390 D MonkeyStub: translateCommand: touch down 614 1561
11-02 15:18:03.570 19390 19390 D MonkeyStub: translateCommand: touch move 614 1561
11-02 15:18:03.676 19390 19390 D MonkeyStub: translateCommand: touch move 614 1436
11-02 15:18:03.782 19390 19390 D MonkeyStub: translateCommand: touch move 614 1311
11-02 15:18:03.890 19390 19390 D MonkeyStub: translateCommand: touch move 614 1186
11-02 15:18:04.001 19390 19390 D MonkeyStub: translateCommand: touch move 614 1061
11-02 15:18:04.107 19390 19390 D MonkeyStub: translateCommand: touch move 614 937
11-02 15:18:04.217 19390 19390 D MonkeyStub: translateCommand: touch move 614 812
11-02 15:18:04.331 19390 19390 D MonkeyStub: translateCommand: touch move 614 687
11-02 15:18:04.455 19390 19390 D MonkeyStub: translateCommand: touch move 614 562
11-02 15:18:04.566 19390 19390 D MonkeyStub: translateCommand: touch move 614 437
11-02 15:18:04.683 19390 19390 D MonkeyStub: translateCommand: touch move 614 312
11-02 15:18:04.687 19390 19390 D MonkeyStub: translateCommand: touch up 614 312
11-02 15:18:06.706   601 10729 I ActivityManager: Start proc 19570:com.android.chrome:sandboxed_process28/u0i296 for service com.android.chrome/org.chromium.content.app.SandboxedProcessService28
11-02 15:18:06.752 19570 19570 W boxed_process28: type=1400 audit(0.0:3833): avc: denied { getattr } for path="/data/data/com.android.chrome" dev="dm-2" ino=12190 scontext=u:r:isolated_app:s0:c512,c768 tcontext=u:object_r:app_data_file:s0:c512,c768 tclass=dir permissive=0
11-02 15:18:06.773 19570 19570 I cr_ChildProcessService: Creating new ChildProcessService pid=19570
11-02 15:18:06.811 19570 19583 I cr_LibraryLoader: Loaded native library version number "85.0.4183.127"
11-02 15:18:06.812 19570 19583 I cr_CachingUmaRecorder: Flushed 1 samples from 1 histograms.
11-02 15:18:06.825 19583 19583 W CrUtilityMain: type=1400 audit(0.0:3834): avc: denied { setattr } for name="download_file_types.pb" dev="dm-2" ino=61346 scontext=u:r:isolated_app:s0:c512,c768 tcontext=u:object_r:app_data_file:s0:c512,c768 tclass=file permissive=0
11-02 15:18:06.825 19583 19583 W CrUtilityMain: type=1400 audit(0.0:3835): avc: denied { setattr } for name="manifest.json" dev="dm-2" ino=61820 scontext=u:r:isolated_app:s0:c512,c768 tcontext=u:object_r:app_data_file:s0:c512,c768 tclass=file permissive=0
11-02 15:18:06.825 19583 19583 W CrUtilityMain: type=1400 audit(0.0:3836): avc: denied { setattr } for name="verified_contents.json" dev="dm-2" ino=62307 scontext=u:r:isolated_app:s0:c512,c768 tcontext=u:object_r:app_data_file:s0:c512,c768 tclass=file permissive=0
11-02 15:18:06.835 19570 19570 I cr_ChildProcessService: Destroying ChildProcessService pid=19570
11-02 15:18:06.836 19570 19583 I chromium: [INFO:child_process_service.cc(69)] ChildProcessService: Exiting child process.
11-02 15:18:06.853   601 10729 I ActivityManager: Process com.android.chrome:sandboxed_process28 (pid 19570) has died
11-02 15:18:06.853   601 10729 D ActivityManager: cleanUpApplicationRecord -- 19570
11-02 15:18:06.855 18838 18838 W chromium: [WARNING:compositor_view.cc(315)] Child process died (type=6) pid=19570)
11-02 15:18:08.766 19390 19390 D MonkeyStub: translateCommand: touch down 614 1561
11-02 15:18:08.774 19390 19390 D MonkeyStub: translateCommand: touch move 614 1561
11-02 15:18:08.879 19390 19390 D MonkeyStub: translateCommand: touch move 614 1436
11-02 15:18:08.987 19390 19390 D MonkeyStub: translateCommand: touch move 614 1311
11-02 15:18:09.101 19390 19390 D MonkeyStub: translateCommand: touch move 614 1186
11-02 15:18:09.209 19390 19390 D MonkeyStub: translateCommand: touch move 614 1061
11-02 15:18:09.317 19390 19390 D MonkeyStub: translateCommand: touch move 614 937
11-02 15:18:09.427 19390 19390 D MonkeyStub: translateCommand: touch move 614 812
11-02 15:18:09.533 19390 19390 D MonkeyStub: translateCommand: touch move 614 687
11-02 15:18:09.651 19390 19390 D MonkeyStub: translateCommand: touch move 614 562
11-02 15:18:09.757 19390 19390 D MonkeyStub: translateCommand: touch move 614 437
11-02 15:18:09.866 19390 19390 D MonkeyStub: translateCommand: touch move 614 312
11-02 15:18:09.883 19390 19390 D MonkeyStub: translateCommand: touch up 614 312
11-02 15:18:09.893 19390 19390 D MonkeyStub: Quit requested
