10-29 15:26:16.541   600  6312 W ActivityManager: 	at com.android.server.am.ActiveServices.removeConnectionLocked(ActiveServices.java:2175)
10-29 15:26:16.541   600  6312 W ActivityManager: 	at com.android.server.am.ActiveServices.unbindServiceLocked(ActiveServices.java:1163)
10-29 15:26:16.541   600  6312 W ActivityManager: 	at com.android.server.am.ActivityManagerService.unbindService(ActivityManagerService.java:17309)
10-29 15:26:16.541   600  6312 W ActivityManager: 	at android.app.ActivityManagerNative.onTransact(ActivityManagerNative.java:1145)
10-29 15:26:16.541   600  6312 W ActivityManager: 	at com.android.server.am.ActivityManagerService.onTransact(ActivityManagerService.java:2795)
10-29 15:26:16.541   600  6312 W ActivityManager: 	at android.os.Binder.execTransact(Binder.java:565)
10-29 15:26:16.541   600  6312 E JavaBinder: !!! FAILED BINDER TRANSACTION !!!  (parcel size = 76)
10-29 15:26:16.541   197   197 E lowmemorykiller: Error writing /proc/11685/oom_score_adj; errno=22
10-29 15:26:16.541   600  6312 E JavaBinder: !!! FAILED BINDER TRANSACTION !!!  (parcel size = 76)
10-29 15:26:16.553 11775 11775 W boxed_process15: type=1400 audit(0.0:204): avc: denied { getattr } for path="/data/data/com.android.chrome" dev="dm-2" ino=12190 scontext=u:r:isolated_app:s0:c512,c768 tcontext=u:object_r:app_data_file:s0:c512,c768 tclass=dir permissive=0
10-29 15:26:16.555 11712 11802 I cr_LibraryLoader: Loaded native library version number "85.0.4183.127"
10-29 15:26:16.568 11764 11764 I cr_ChildProcessService: Creating new ChildProcessService pid=11764
10-29 15:26:16.573 11712 11802 I cr_CachingUmaRecorder: Flushed 1 samples from 1 histograms.
10-29 15:26:16.611   600  1082 I ActivityManager: Killing 11685:com.android.chrome:sandboxed_process9/u0a35i118 (adj 900): isolated not needed
10-29 15:26:16.652 11775 11775 I cr_ChildProcessService: Creating new ChildProcessService pid=11775
10-29 15:26:16.656 11782 11782 I cr_ChildProcessService: Creating new ChildProcessService pid=11782
10-29 15:26:16.660 11825 11825 W boxed_process18: type=1400 audit(0.0:205): avc: denied { getattr } for path="/data/data/com.android.chrome" dev="dm-2" ino=12190 scontext=u:r:isolated_app:s0:c512,c768 tcontext=u:object_r:app_data_file:s0:c512,c768 tclass=dir permissive=0
10-29 15:26:16.668   600   610 D ActivityManager: cleanUpApplicationRecord -- 11685
10-29 15:26:16.669 11394 11394 W chromium: [WARNING:compositor_view.cc(315)] Child process died (type=6) pid=11685)
10-29 15:26:16.680 11729 11824 I cr_LibraryLoader: Loaded native library version number "85.0.4183.127"
10-29 15:26:16.680 11729 11824 I cr_CachingUmaRecorder: Flushed 1 samples from 1 histograms.
10-29 15:26:16.684 11803 11803 I cr_ChildProcessService: Creating new ChildProcessService pid=11803
10-29 15:26:16.761 11734 11830 I cr_LibraryLoader: Loaded native library version number "85.0.4183.127"
10-29 15:26:16.762 11734 11830 I cr_CachingUmaRecorder: Flushed 1 samples from 1 histograms.
10-29 15:26:16.776 11833 11833 W boxed_process19: type=1400 audit(0.0:206): avc: denied { getattr } for path="/data/data/com.android.chrome" dev="dm-2" ino=12190 scontext=u:r:isolated_app:s0:c512,c768 tcontext=u:object_r:app_data_file:s0:c512,c768 tclass=dir permissive=0
10-29 15:26:16.810 11845 11845 W boxed_process20: type=1400 audit(0.0:207): avc: denied { getattr } for path="/data/data/com.android.chrome" dev="dm-2" ino=12190 scontext=u:r:isolated_app:s0:c512,c768 tcontext=u:object_r:app_data_file:s0:c512,c768 tclass=dir permissive=0
10-29 15:26:16.819   600   609 I art     : Background partial concurrent mark sweep GC freed 35628(2019KB) AllocSpace objects, 20(524KB) LOS objects, 33% free, 14MB/21MB, paused 21.416ms total 399.764ms
10-29 15:26:16.823 11752 11851 I cr_LibraryLoader: Loaded native library version number "85.0.4183.127"
10-29 15:26:16.824 11752 11851 I cr_CachingUmaRecorder: Flushed 1 samples from 1 histograms.
10-29 15:26:16.825 11825 11825 I cr_ChildProcessService: Creating new ChildProcessService pid=11825
10-29 15:26:16.834   600   600 I ActivityManager: Killing 11729:com.android.chrome:sandboxed_process11/u0a35i120 (adj 0): isolated not needed
10-29 15:26:16.864 11764 11858 I cr_LibraryLoader: Loaded native library version number "85.0.4183.127"
10-29 15:26:16.864 11764 11858 I cr_CachingUmaRecorder: Flushed 1 samples from 1 histograms.
10-29 15:26:16.888 11394 11394 I FeedRequestManagerImpl: Request: /httpservice/noretry/DiscoverClankService/FeedQuery completed with response code: 200
10-29 15:26:16.888 11394 11394 I TaskQueue:  - task [IMMEDIATE - d: true, b: 2]: 15
10-29 15:26:16.888 11394 11394 I TaskQueue:  - queueTask starting immediate task
10-29 15:26:16.889 11394 11451 I TaskQueue: Execute task [IMMEDIATE - d: true, b: 2]: 15
10-29 15:26:16.958 11782 11868 I cr_LibraryLoader: Loaded native library version number "85.0.4183.127"
10-29 15:26:16.958 11782 11868 I cr_CachingUmaRecorder: Flushed 1 samples from 1 histograms.
10-29 15:26:16.961 11833 11833 I cr_ChildProcessService: Creating new ChildProcessService pid=11833
10-29 15:26:16.968 11775 11867 I cr_LibraryLoader: Loaded native library version number "85.0.4183.127"
10-29 15:26:16.969 11775 11867 I cr_CachingUmaRecorder: Flushed 1 samples from 1 histograms.
10-29 15:26:17.001 11845 11845 I cr_ChildProcessService: Creating new ChildProcessService pid=11845
10-29 15:26:17.017 11803 11872 I cr_LibraryLoader: Loaded native library version number "85.0.4183.127"
10-29 15:26:17.018 11803 11872 I cr_CachingUmaRecorder: Flushed 1 samples from 1 histograms.
10-29 15:26:17.051 11394 11451 I MainThreadRunner: Running task [FeedRequestManagerImpl consumer] on the Main Thread
10-29 15:26:17.051 11394 11451 I TaskQueue:  - Finished 15, time 163 ms
10-29 15:26:17.051 11394 11394 I FeedProtocolAdapter: createModel, operations 33
10-29 15:26:17.056 11394 11394 I TimingUtils: Task Timing   4ms, thread ui | task : convertWireProtocol | mutations : 33
10-29 15:26:17.057 11394 11394 I TaskQueue:  - task [HEAD_RESET - d: true, b: 2]: 5
10-29 15:26:17.057 11394 11394 I TaskQueue:  - queueTask starting immediate task
10-29 15:26:17.064 11394 11450 I TaskQueue: Execute task [HEAD_RESET - d: true, b: 2]: 5
10-29 15:26:17.088 11394 11450 I TaskQueue:  - task [BACKGROUND - d: true, b: 2]: 23
10-29 15:26:17.090 11394 11450 W SessionCache: Persisted Sessions were not found
10-29 15:26:17.095 11394 11450 I PersistentFeedStore: commitSessionMutation - Success true, Update Session $HEAD, stream structures 32
10-29 15:26:17.100 11394 11450 I MainThreadRunner: Running task [SchedulerApiWrapper onReceiveNewContent] on the Main Thread
10-29 15:26:17.112 11394 11450 I MainThreadRunner: Running task [FeedKnownContentImpl onNewContentReceived] on the Main Thread
10-29 15:26:17.113 11394 11450 I SessionManagerMutation: Cleared Head, new creation time 10-29 15:26:17.090
10-29 15:26:17.113 11394 11450 I TimingUtils: Task Timing  48ms, thread background-1 | task : sessionMutation.commitTask:updateConsumer | mutations : 33 | userInitiated : false
10-29 15:26:17.113 11394 11450 I TaskQueue: Cancelling starvation checks
10-29 15:26:17.113 11394 11450 I TaskQueue:  - Finished 5, time 50 ms
10-29 15:26:17.113 11394 11450 I TaskQueue: Execute task [USER_FACING - d: false, b: 2]: 24
10-29 15:26:17.117 11394 11404 I art     : Background sticky concurrent mark sweep GC freed 44345(2MB) AllocSpace objects, 6(120KB) LOS objects, 14% free, 14MB/17MB, paused 1.220ms total 109.042ms
10-29 15:26:17.129 11394 11450 I TimeoutSessionImpl: TimeoutSession.populateModelProvider, shouldAppend false
10-29 15:26:17.129 11394 11450 I SessionImpl: PopulateModelProvider 32 items
10-29 15:26:17.130 11394 11450 I FeedModelProvider: FeedModelProvider - committer, structure changes 31, update changes 0
10-29 15:26:17.130 11394 11450 I FeedModelProvider: SyntheticTokenTracker: 0, 11, 11, false
10-29 15:26:17.130 11394 11450 I FeedSessionManagerImpl: Caching getStreamFeatures - items 31, cache misses 0, cache size 31
10-29 15:26:17.150 11825 11878 I cr_LibraryLoader: Loaded native library version number "85.0.4183.127"
10-29 15:26:17.151 11825 11878 I cr_CachingUmaRecorder: Flushed 1 samples from 1 histograms.
10-29 15:26:17.153 11394 11450 I FeedModelProvider: Moving _session:54d0a238-0eb3-4bb9-a5d6-48205fe22ec4 to READY
10-29 15:26:17.153 11394 11450 I MainThreadRunner: Running task [FeedModelProvider onSessionStart] on the Main Thread
10-29 15:26:17.153 11394 11450 I FeedModelProvider: ModelProvider Mutation committed - structure changes 31, childrenToBind 31, removedChildren false, Token false
10-29 15:26:17.154 11394 11394 I FeedModelProvider: No children found for Cursor
10-29 15:26:17.166 11394 11450 I FeedSessionManagerImpl: Populate new session: _session:54d0a238-0eb3-4bb9-a5d6-48205fe22ec4, creation time 10-29 15:26:17.129
10-29 15:26:17.166 11394 11450 I TimingUtils: Task Timing  52ms, thread background-2 | task : Create/Populate New Session
10-29 15:26:17.167 11394 11450 I TaskQueue:  - Finished 24, time 53 ms
10-29 15:26:17.167 11394 11448 I TaskQueue: Execute task [BACKGROUND - d: false, b: 1]: 11
10-29 15:26:17.167 11394 11448 I ContentGc: Re-enqueuing triggerContentGc; attempts(0)
10-29 15:26:17.167 11394 11448 I TaskQueue:  - task [BACKGROUND - d: false, b: 1]: 11
10-29 15:26:17.167 11394 11448 I TaskQueue:  - Finished 11, time 1 ms
10-29 15:26:17.174 11394 11450 I TaskQueue: Execute task [BACKGROUND - d: false, b: 1]: 23
10-29 15:26:17.184 11734 11734 I cr_ChildProcessService: Destroying ChildProcessService pid=11734
10-29 15:26:17.196   600   613 I ActivityManager: Killing 11734:com.android.chrome:sandboxed_process12/u0a35i121 (adj 0): isolated not needed
10-29 15:26:17.250 11833 11891 I cr_LibraryLoader: Loaded native library version number "85.0.4183.127"
10-29 15:26:17.251 11833 11891 I cr_CachingUmaRecorder: Flushed 1 samples from 1 histograms.
10-29 15:26:17.263 11845 11893 I cr_LibraryLoader: Loaded native library version number "85.0.4183.127"
10-29 15:26:17.264 11845 11893 I cr_CachingUmaRecorder: Flushed 1 samples from 1 histograms.
10-29 15:26:17.313 11752 11752 I cr_ChildProcessService: Destroying ChildProcessService pid=11752
10-29 15:26:17.333 11394 11455 W chromium: [WARNING:spdy_session.cc(3090)] Received RST for invalid stream1
10-29 15:26:17.335 11394 11450 I TimingUtils: Task Timing 160ms, thread background-3 | task : commitContentMutation | mutations : 32
10-29 15:26:17.335 11394 11450 I TimingUtils: Task Timing   0ms, thread background-4 | task : commitSemanticPropertiesMutation | mutations : 0
10-29 15:26:17.335 11394 11450 I TaskQueue:  - Finished 23, time 162 ms
10-29 15:26:17.336 11394 11450 I TaskQueue: Execute task [BACKGROUND - d: false, b: 0]: 11
10-29 15:26:17.337 11394 11450 I SessionCache: Determining accessible content
10-29 15:26:17.339 11782 11782 I cr_ChildProcessService: Destroying ChildProcessService pid=11782
10-29 15:26:17.340 11394 11450 I TimingUtils: Task Timing   4ms, thread background-5 | task : ContentGc | contentItemsRemoved : 0
10-29 15:26:17.340 11394 11450 I TaskQueue:  - Finished 11, time 4 ms
10-29 15:26:17.353 11845 11845 I cr_ChildProcessService: Destroying ChildProcessService pid=11845
10-29 15:26:17.354 11803 11803 I cr_ChildProcessService: Destroying ChildProcessService pid=11803
10-29 15:26:17.356 11775 11775 I cr_ChildProcessService: Destroying ChildProcessService pid=11775
10-29 15:26:17.356 11764 11764 I cr_ChildProcessService: Destroying ChildProcessService pid=11764
10-29 15:26:17.474 11825 11825 I cr_ChildProcessService: Destroying ChildProcessService pid=11825
10-29 15:26:17.476 11833 11833 I cr_ChildProcessService: Destroying ChildProcessService pid=11833
10-29 15:26:17.708 11782 11782 I art     : System.exit called, status: 0
10-29 15:26:17.708 11782 11782 I AndroidRuntime: VM exiting with result code 0, cleanup skipped.
10-29 15:26:17.764 11775 11775 I art     : System.exit called, status: 0
10-29 15:26:17.764 11775 11775 I AndroidRuntime: VM exiting with result code 0, cleanup skipped.
10-29 15:26:17.768 11764 11764 I art     : System.exit called, status: 0
10-29 15:26:17.768 11764 11764 I AndroidRuntime: VM exiting with result code 0, cleanup skipped.
10-29 15:26:17.771 11752 11752 I art     : System.exit called, status: 0
10-29 15:26:17.771 11752 11752 I AndroidRuntime: VM exiting with result code 0, cleanup skipped.
10-29 15:26:17.774 11803 11803 I art     : System.exit called, status: 0
10-29 15:26:17.774 11803 11803 I AndroidRuntime: VM exiting with result code 0, cleanup skipped.
10-29 15:26:17.778   600  3675 I ActivityManager: Process com.android.chrome:sandboxed_process16 (pid 11782) has died
10-29 15:26:17.778   600  3675 D ActivityManager: cleanUpApplicationRecord -- 11782
10-29 15:26:17.779   600  3675 I ActivityManager: Killing 11825:com.android.chrome:sandboxed_process18/u0a35i127 (adj 0): isolated not needed
10-29 15:26:17.779   600  3675 I ActivityManager: Killing 11803:com.android.chrome:sandboxed_process17/u0a35i126 (adj 0): isolated not needed
10-29 15:26:17.779   600  3675 I ActivityManager: Killing 11775:com.android.chrome:sandboxed_process15/u0a35i124 (adj 0): isolated not needed
10-29 15:26:17.779   600  3675 I ActivityManager: Killing 11845:com.android.chrome:sandboxed_process20/u0a35i129 (adj 0): isolated not needed
10-29 15:26:17.779   600  3675 I ActivityManager: Killing 11833:com.android.chrome:sandboxed_process19/u0a35i128 (adj 0): isolated not needed
10-29 15:26:17.779   600  3675 I ActivityManager: Killing 11764:com.android.chrome:sandboxed_process14/u0a35i123 (adj 0): isolated not needed
10-29 15:26:17.779   600  3675 I ActivityManager: Killing 11752:com.android.chrome:sandboxed_process13/u0a35i122 (adj 0): isolated not needed
10-29 15:26:17.792 11394 11394 W chromium: [WARNING:compositor_view.cc(315)] Child process died (type=6) pid=11782)
10-29 15:26:17.807 11394 11394 W chromium: [WARNING:compositor_view.cc(315)] Child process died (type=6) pid=11833)
10-29 15:26:17.808   600  6312 D ActivityManager: cleanUpApplicationRecord -- 11833
10-29 15:26:17.827   600  1080 D ActivityManager: cleanUpApplicationRecord -- 11764
10-29 15:26:17.830 11394 11394 W chromium: [WARNING:compositor_view.cc(315)] Child process died (type=6) pid=11764)
10-29 15:26:17.830   600   713 D ActivityManager: cleanUpApplicationRecord -- 11775
10-29 15:26:17.839   600   611 D ActivityManager: cleanUpApplicationRecord -- 11752
10-29 15:26:17.858 11394 11394 W chromium: [WARNING:compositor_view.cc(315)] Child process died (type=6) pid=11752)
10-29 15:26:17.889 11394 11394 W chromium: [WARNING:compositor_view.cc(315)] Child process died (type=6) pid=11775)
10-29 15:26:17.900   600  1079 D ActivityManager: cleanUpApplicationRecord -- 11803
10-29 15:26:17.936 11394 11394 W chromium: [WARNING:compositor_view.cc(315)] Child process died (type=6) pid=11803)
10-29 15:26:17.937  1084  1084 I MemoryTrimmer: Trimming objects from memory, since app is in the background.
10-29 15:26:17.944  3410  3410 E BgTasksJobSvc: Asked to start non-existing job android.app.job.JobParameters@9a5d8cf
10-29 15:26:17.996   600  1080 D ActivityManager: cleanUpApplicationRecord -- 11609
10-29 15:26:17.997 11394 11394 W chromium: [WARNING:compositor_view.cc(315)] Child process died (type=6) pid=11609)
10-29 15:26:18.009 11394 11394 W chromium: [WARNING:compositor_view.cc(315)] Child process died (type=6) pid=11625)
10-29 15:26:18.009 11394 11394 W chromium: [WARNING:compositor_view.cc(315)] Child process died (type=6) pid=11594)
10-29 15:26:18.011 11394 11394 W chromium: [WARNING:compositor_view.cc(315)] Child process died (type=6) pid=11734)
10-29 15:26:18.012 11394 11394 W chromium: [WARNING:compositor_view.cc(315)] Child process died (type=6) pid=11581)
10-29 15:26:18.016   600   713 D ActivityManager: cleanUpApplicationRecord -- 11581
10-29 15:26:18.017   600   611 D ActivityManager: cleanUpApplicationRecord -- 11734
10-29 15:26:18.029   600  9614 D ActivityManager: cleanUpApplicationRecord -- 11594
10-29 15:26:18.030   600  3509 D ActivityManager: cleanUpApplicationRecord -- 11625
10-29 15:26:18.033   600  1081 D ActivityManager: cleanUpApplicationRecord -- 11825
10-29 15:26:18.038   600  2707 D ActivityManager: cleanUpApplicationRecord -- 11550
10-29 15:26:18.039   600  3675 D ActivityManager: cleanUpApplicationRecord -- 11845
10-29 15:26:18.046 11394 11394 W chromium: [WARNING:compositor_view.cc(315)] Child process died (type=6) pid=11534)
10-29 15:26:18.047   600  1079 D ActivityManager: cleanUpApplicationRecord -- 11729
10-29 15:26:18.047   600  3507 D ActivityManager: cleanUpApplicationRecord -- 11534
10-29 15:26:18.058  8766  8810 W Icing   : No valid account for uploading user actions
10-29 15:26:18.059 11394 11394 W chromium: [WARNING:compositor_view.cc(315)] Child process died (type=6) pid=11550)
10-29 15:26:18.060 11394 11394 W chromium: [WARNING:compositor_view.cc(315)] Child process died (type=6) pid=11825)
10-29 15:26:18.060 11394 11394 W chromium: [WARNING:compositor_view.cc(315)] Child process died (type=6) pid=11729)
10-29 15:26:18.060 11394 11394 W chromium: [WARNING:compositor_view.cc(315)] Child process died (type=6) pid=11845)
10-29 15:26:18.086  8766  8808 I Icing   : IndexChimeraService.getServiceInterface callingPackage=com.google.android.gms componentName=null serviceId=30
10-29 15:26:18.118   600   611 D ActivityManager: cleanUpApplicationRecord -- 11569
10-29 15:26:18.119 11394 11394 W chromium: [WARNING:compositor_view.cc(315)] Child process died (type=6) pid=11569)
10-29 15:26:18.139   600   612 W ProcessCpuTracker: Skipping unknown process pid 11534
10-29 15:26:18.139   600   612 W ProcessCpuTracker: Skipping unknown process pid 11550
10-29 15:26:18.139   600   612 W ProcessCpuTracker: Skipping unknown process pid 11569
10-29 15:26:18.140   600   612 W ProcessCpuTracker: Skipping unknown process pid 11581
10-29 15:26:18.140   600   612 W ProcessCpuTracker: Skipping unknown process pid 11594
10-29 15:26:18.140   600   612 W ProcessCpuTracker: Skipping unknown process pid 11625
10-29 15:26:18.140   600   612 W ProcessCpuTracker: Skipping unknown process pid 11729
10-29 15:26:18.140   600   612 W ProcessCpuTracker: Skipping unknown process pid 11734
10-29 15:26:18.141   600   612 W ProcessCpuTracker: Skipping unknown process pid 11825
10-29 15:26:18.141   600   612 W ProcessCpuTracker: Skipping unknown process pid 11845
10-29 15:26:18.309  8766  8810 I Icing   : Usage reports ok 2, Failed Usage reports 0, indexed 0, rejected 0
10-29 15:26:18.310  8766  8810 I Icing   : Removing corpus key com.android.chrome-omnibox for package com.android.chrome
10-29 15:26:18.594 11394 11449 I cr_omaha: Request to Server Successful. Timestamp for next request:1667053578594
10-29 15:26:18.653 11394 11449 I cr_omaha: Request to Server Successful. Timestamp for next request:1667053578653
10-29 15:26:18.653 11394 11449 I cr_omaha: Attempting to schedule next job for: Sat Oct 29 20:26:18 GMT+02:00 2022
10-29 15:26:18.655 11394 11394 I cr_omaha: Scheduled using JobService
10-29 15:26:18.656 11394 11394 E cr_BkgrdTaskJS: Tried finishing non-current BackgroundTask.
10-29 15:26:19.983   787   805 W Icing   : isOptedInForAppHistory: empty Account Name encountered
10-29 15:26:20.039   787   805 W Icing   : isOptedInForAppHistory: empty Account Name encountered
10-29 15:26:20.128   787 11097 W Icing   : isOptedInForAppHistory: empty Account Name encountered
10-29 15:26:20.140  8766  8810 I native  : document-store.cc:1654 Scored 1233 usage reports, missing_corpora 621 update_failed 1
10-29 15:26:20.265 11394 11394 E cr_BTSPrefs: No data found for task id: 53
10-29 15:26:20.266 11394 11394 E cr_BkgrdTaskScheduler: Task cannot be canceled because no data was found instorage or data was invalid
10-29 15:26:20.291  8766  8810 W Icing   : No valid account for uploading user actions
10-29 15:26:20.499  8766  8810 I Icing   : Usage reports ok 1, Failed Usage reports 0, indexed 1, rejected 0
10-29 15:26:20.501  8766  8810 W Icing   : No valid account for uploading user actions
10-29 15:26:20.511  8766  8810 I Icing   : Usage reports ok 0, Failed Usage reports 0, indexed 0, rejected 0
10-29 15:26:20.512  8766  8810 I Icing   : Indexing com.android.chrome-omnibox from com.android.chrome
10-29 15:26:20.598  8766  8810 I Icing   : Indexing done com.android.chrome-omnibox
10-29 15:26:22.088   787   804 I art     : Background sticky concurrent mark sweep GC freed 23603(1444KB) AllocSpace objects, 4(176KB) LOS objects, 11% free, 15MB/17MB, paused 9.388ms total 43.208ms
10-29 15:26:22.178 11394 11394 I cr_tabmodel: Appending tabs being restored to metadata lists, 0, startingNormalCount: 2, startingIncognitoCount: 0
10-29 15:26:22.179 11394 11394 I cr_tabmodel: Serializing tab lists; counts: 2, 0
10-29 15:26:22.371   787  1174 W Icing   : isOptedInForAppHistory: empty Account Name encountered
10-29 15:26:22.378   787  1174 W Icing   : isOptedInForAppHistory: empty Account Name encountered
10-29 15:26:22.391   787  8271 W Icing   : isOptedInForAppHistory: empty Account Name encountered
10-29 15:26:22.563  8766  8810 I Icing   : Indexing com.android.chrome-internal.3p:WebPage from com.android.chrome
10-29 15:26:22.576  8766  8810 E SQLiteLog: (1) no such table: WebPage_com.android.chrome_seq_table
10-29 15:26:22.583  8766  8810 E Icing   : Cursor call threw an exception: no such table: WebPage_com.android.chrome_seq_table (code 1): , while compiling: SELECT * FROM [WebPage_com.android.chrome_seq_table] WHERE seqno>0 AND tag IS NULL ORDER BY seqno LIMIT 20
10-29 15:26:22.599  8766  8810 I Icing   : Indexing done com.android.chrome-internal.3p:WebPage
10-29 15:26:22.600  8766  8810 E Icing   : Aborting indexing of corpus internal.3p:WebPage
10-29 15:26:22.610  8766  8810 I Icing   : Indexing com.android.chrome-internal.3p:WebPage from com.android.chrome using seqno 0
10-29 15:26:24.306 11394 11451 W InstanceID: Instance ID SDK is deprecated, com.android.chrome should update to use Firebase Instance ID
10-29 15:26:24.330 11394 11394 E cr_BTSPrefs: No data found for task id: 57
10-29 15:26:24.330 11394 11394 E cr_BkgrdTaskScheduler: Task cannot be canceled because no data was found instorage or data was invalid
10-29 15:26:24.330 11394 11394 E cr_BTSPrefs: No data found for task id: 56
10-29 15:26:24.330 11394 11394 E cr_BkgrdTaskScheduler: Task cannot be canceled because no data was found instorage or data was invalid
10-29 15:26:29.641 11955 11955 D AndroidRuntime: >>>>>> START com.android.internal.os.RuntimeInit uid 2000 <<<<<<
10-29 15:26:29.645 11955 11955 D AndroidRuntime: CheckJNI is OFF
10-29 15:26:29.713 11955 11955 D ICU     : No timezone override file found: /data/misc/zoneinfo/current/icu/icu_tzdata.dat
10-29 15:26:29.745 11955 11955 I Radio-JNI: register_android_hardware_Radio DONE
10-29 15:26:29.760 11955 11955 D AndroidRuntime: Calling main entry com.android.commands.monkey.Monkey
10-29 15:26:29.841   600   613 W BroadcastQueue: Skipping deliver [background] BroadcastRecord{2fed731 u-1 android.net.conn.CONNECTIVITY_CHANGE} to ReceiverList{cf8be16 11955 (unknown name)/2000/u-1 remote:e2186bb}: process crashing
10-29 15:26:31.322 11955 11955 D MonkeyStub: translateCommand: wake
10-29 15:26:31.495 11955 11955 D MonkeyStub: translateCommand: touch down 614 1561
10-29 15:26:31.505 11955 11955 D MonkeyStub: translateCommand: touch move 614 1561
10-29 15:26:31.611 11955 11955 D MonkeyStub: translateCommand: touch move 614 1436
10-29 15:26:31.722 11955 11955 D MonkeyStub: translateCommand: touch move 614 1311
10-29 15:26:31.828 11955 11955 D MonkeyStub: translateCommand: touch move 614 1186
10-29 15:26:31.934 11955 11955 D MonkeyStub: translateCommand: touch move 614 1061
10-29 15:26:32.047 11955 11955 D MonkeyStub: translateCommand: touch move 614 937
10-29 15:26:32.160 11955 11955 D MonkeyStub: translateCommand: touch move 614 812
10-29 15:26:32.300 11955 11955 D MonkeyStub: translateCommand: touch move 614 687
10-29 15:26:32.422 11955 11955 D MonkeyStub: translateCommand: touch move 614 562
10-29 15:26:32.530 11955 11955 D MonkeyStub: translateCommand: touch move 614 437
10-29 15:26:32.638 11955 11955 D MonkeyStub: translateCommand: touch move 614 312
10-29 15:26:32.640 11955 11955 D MonkeyStub: translateCommand: touch up 614 312
10-29 15:26:32.670 11955 11955 D MonkeyStub: translateCommand: touch down 614 1561
10-29 15:26:32.686 11955 11955 D MonkeyStub: translateCommand: touch move 614 1561
10-29 15:26:32.795 11955 11955 D MonkeyStub: translateCommand: touch move 614 1436
10-29 15:26:32.900 11955 11955 D MonkeyStub: translateCommand: touch move 614 1311
10-29 15:26:33.011 11955 11955 D MonkeyStub: translateCommand: touch move 614 1186
10-29 15:26:33.117 11955 11955 D MonkeyStub: translateCommand: touch move 614 1061
10-29 15:26:33.234 11955 11955 D MonkeyStub: translateCommand: touch move 614 937
10-29 15:26:33.345 11955 11955 D MonkeyStub: translateCommand: touch move 614 812
10-29 15:26:33.449 11955 11955 D MonkeyStub: translateCommand: touch move 614 687
10-29 15:26:33.561 11955 11955 D MonkeyStub: translateCommand: touch move 614 562
10-29 15:26:33.667 11955 11955 D MonkeyStub: translateCommand: touch move 614 437
10-29 15:26:33.772 11955 11955 D MonkeyStub: translateCommand: touch move 614 312
10-29 15:26:33.776 11955 11955 D MonkeyStub: translateCommand: touch up 614 312
10-29 15:26:38.020 11955 11955 D MonkeyStub: translateCommand: tap 139 85
10-29 15:26:38.462   787  1258 E AsyncOperation: serviceID=121, operation=GetLaunchDataOperation [CONTEXT service_id=259 ]
10-29 15:26:38.462   787  1258 E AsyncOperation: OperationException[Status{statusCode=Not an instant app, resolution=null}]
10-29 15:26:38.462   787  1258 E AsyncOperation: 	at aeay.a(:com.google.android.gms@203915020@20.39.15 (040406-335085812):20)
10-29 15:26:38.462   787  1258 E AsyncOperation: 	at aain.run(:com.google.android.gms@203915020@20.39.15 (040406-335085812):7)
10-29 15:26:38.462   787  1258 E AsyncOperation: 	at boex.run(:com.google.android.gms@203915020@20.39.15 (040406-335085812):2)
10-29 15:26:38.462   787  1258 E AsyncOperation: 	at sup.b(:com.google.android.gms@203915020@20.39.15 (040406-335085812):12)
10-29 15:26:38.462   787  1258 E AsyncOperation: 	at sup.run(:com.google.android.gms@203915020@20.39.15 (040406-335085812):7)
10-29 15:26:38.462   787  1258 E AsyncOperation: 	at java.util.concurrent.ThreadPoolExecutor.runWorker(ThreadPoolExecutor.java:1133)
10-29 15:26:38.462   787  1258 E AsyncOperation: 	at java.util.concurrent.ThreadPoolExecutor$Worker.run(ThreadPoolExecutor.java:607)
10-29 15:26:38.462   787  1258 E AsyncOperation: 	at tam.run(:com.google.android.gms@203915020@20.39.15 (040406-335085812):0)
10-29 15:26:38.462   787  1258 E AsyncOperation: 	at java.lang.Thread.run(Thread.java:761)
10-29 15:26:40.051   787  1174 W Icing   : isOptedInForAppHistory: empty Account Name encountered
10-29 15:26:40.065   787  1174 W Icing   : isOptedInForAppHistory: empty Account Name encountered
10-29 15:26:40.086   787 11097 W Icing   : isOptedInForAppHistory: empty Account Name encountered
10-29 15:26:44.535 11394 11394 I cr_tabmodel: Appending tabs being restored to metadata lists, 0, startingNormalCount: 2, startingIncognitoCount: 0
10-29 15:26:44.535 11394 11394 I cr_tabmodel: Serializing tab lists; counts: 2, 0
10-29 15:26:44.862   787   806 W Icing   : isOptedInForAppHistory: empty Account Name encountered
10-29 15:26:44.868   787   806 W Icing   : isOptedInForAppHistory: empty Account Name encountered
10-29 15:26:44.898   787  8271 W Icing   : isOptedInForAppHistory: empty Account Name encountered
10-29 15:26:46.211 11955 11955 D MonkeyStub: translateCommand: tap 993 1514
10-29 15:26:47.501  8766  8808 I Icing   : IndexChimeraService.getServiceInterface callingPackage=com.android.chrome componentName=null serviceId=36
10-29 15:26:47.551  8766  8810 W Icing   : No valid account for uploading user actions
10-29 15:26:47.584  8766  8808 I Icing   : IndexChimeraService.getServiceInterface callingPackage=com.google.android.gms componentName=null serviceId=30
10-29 15:26:47.648  8766  8810 I Icing   : Usage reports ok 3, Failed Usage reports 0, indexed 3, rejected 0
10-29 15:26:47.658  8766  8810 W Icing   : No valid account for uploading user actions
10-29 15:26:47.666  8766  8810 I Icing   : Usage reports ok 0, Failed Usage reports 0, indexed 0, rejected 0
10-29 15:26:47.667  8766  8810 I Icing   : Indexing com.android.chrome-internal.3p:WebPage from com.android.chrome using seqno 0
10-29 15:26:47.682  8766  8810 I Icing   : Indexing com.android.chrome-omnibox from com.android.chrome
10-29 15:26:47.718  8766  8810 I Icing   : Indexing done com.android.chrome-omnibox
10-29 15:26:48.086   600   609 I art     : Background partial concurrent mark sweep GC freed 60657(3MB) AllocSpace objects, 63(2MB) LOS objects, 33% free, 13MB/20MB, paused 788us total 115.414ms
10-29 15:26:48.738   787  1174 W Icing   : isOptedInForAppHistory: empty Account Name encountered
10-29 15:26:49.040   787  4565 W Icing   : isOptedInForAppHistory: empty Account Name encountered
10-29 15:26:50.308 11955 11955 D MonkeyStub: translateCommand: tap 1291 1873
10-29 15:26:52.557 11955 11955 D MonkeyStub: translateCommand: touch down 614 1561
10-29 15:26:52.568 11394 11394 I Choreographer: Skipped 90 frames!  The application may be doing too much work on its main thread.
10-29 15:26:52.585 11955 11955 D MonkeyStub: translateCommand: touch move 614 1561
10-29 15:26:52.647   787  4565 I NetworkScheduler.Stats: Task com.google.android.gms/com.google.android.gms.icing.service.IcingGcmTaskService started execution. cause:4 exec_start_elapsed_seconds: 2061 [CONTEXT service_id=218 ]
10-29 15:26:52.665   787  8271 I NetworkScheduler.Stats: Task com.google.android.gms/com.google.android.gms.icing.service.IcingGcmTaskService finished executing. cause:4 result: 1 elapsed_millis: 97 uptime_millis: 97 exec_start_elapsed_seconds: 2061 [CONTEXT service_id=218 ]
10-29 15:26:52.694 11955 11955 D MonkeyStub: translateCommand: touch move 614 1436
10-29 15:26:52.802 11955 11955 D MonkeyStub: translateCommand: touch move 614 1311
10-29 15:26:52.912 11955 11955 D MonkeyStub: translateCommand: touch move 614 1186
10-29 15:26:53.020 11955 11955 D MonkeyStub: translateCommand: touch move 614 1061
10-29 15:26:53.153 11955 11955 D MonkeyStub: translateCommand: touch move 614 937
10-29 15:26:53.264 11955 11955 D MonkeyStub: translateCommand: touch move 614 812
10-29 15:26:53.375 11955 11955 D MonkeyStub: translateCommand: touch move 614 687
10-29 15:26:53.486 11955 11955 D MonkeyStub: translateCommand: touch move 614 562
10-29 15:26:53.595 11955 11955 D MonkeyStub: translateCommand: touch move 614 437
10-29 15:26:53.714 11955 11955 D MonkeyStub: translateCommand: touch move 614 312
10-29 15:26:53.718 11955 11955 D MonkeyStub: translateCommand: touch up 614 312
10-29 15:26:53.742 11955 11955 D MonkeyStub: translateCommand: touch down 614 1561
10-29 15:26:53.750 11955 11955 D MonkeyStub: translateCommand: touch move 614 1561
10-29 15:26:53.861 11955 11955 D MonkeyStub: translateCommand: touch move 614 1436
10-29 15:26:53.976 11955 11955 D MonkeyStub: translateCommand: touch move 614 1311
10-29 15:26:54.085 11955 11955 D MonkeyStub: translateCommand: touch move 614 1186
10-29 15:26:54.196 11955 11955 D MonkeyStub: translateCommand: touch move 614 1061
10-29 15:26:54.306 11955 11955 D MonkeyStub: translateCommand: touch move 614 937
10-29 15:26:54.417 11955 11955 D MonkeyStub: translateCommand: touch move 614 812
10-29 15:26:54.535 11955 11955 D MonkeyStub: translateCommand: touch move 614 687
10-29 15:26:54.643 11955 11955 D MonkeyStub: translateCommand: touch move 614 562
10-29 15:26:54.752 11955 11955 D MonkeyStub: translateCommand: touch move 614 437
10-29 15:26:54.863 11955 11955 D MonkeyStub: translateCommand: touch move 614 312
10-29 15:26:54.867 11955 11955 D MonkeyStub: translateCommand: touch up 614 312
10-29 15:26:55.263   600  6312 I ActivityManager: Start proc 12007:com.android.chrome:sandboxed_process21/u0i130 for service com.android.chrome/org.chromium.content.app.SandboxedProcessService21
10-29 15:26:55.310 12007 12007 W boxed_process21: type=1400 audit(0.0:208): avc: denied { getattr } for path="/data/data/com.android.chrome" dev="dm-2" ino=12190 scontext=u:r:isolated_app:s0:c512,c768 tcontext=u:object_r:app_data_file:s0:c512,c768 tclass=dir permissive=0
10-29 15:26:55.333 12007 12007 I cr_ChildProcessService: Creating new ChildProcessService pid=12007
10-29 15:26:55.380 12007 12020 I cr_LibraryLoader: Loaded native library version number "85.0.4183.127"
10-29 15:26:55.380 12007 12020 I cr_CachingUmaRecorder: Flushed 1 samples from 1 histograms.
10-29 15:26:55.393 12020 12020 W CrUtilityMain: type=1400 audit(0.0:209): avc: denied { setattr } for name="LICENSE.txt" dev="dm-2" ino=53698 scontext=u:r:isolated_app:s0:c512,c768 tcontext=u:object_r:app_data_file:s0:c512,c768 tclass=file permissive=0
10-29 15:26:55.396 12020 12020 W CrUtilityMain: type=1400 audit(0.0:210): avc: denied { setattr } for name=46696C746572696E672052756C6573 dev="dm-2" ino=54528 scontext=u:r:isolated_app:s0:c512,c768 tcontext=u:object_r:app_data_file:s0:c512,c768 tclass=file permissive=0
10-29 15:26:55.396 12020 12020 W CrUtilityMain: type=1400 audit(0.0:211): avc: denied { setattr } for name="manifest.json" dev="dm-2" ino=54453 scontext=u:r:isolated_app:s0:c512,c768 tcontext=u:object_r:app_data_file:s0:c512,c768 tclass=file permissive=0
10-29 15:26:55.400 12020 12020 W CrUtilityMain: type=1400 audit(0.0:212): avc: denied { setattr } for name="verified_contents.json" dev="dm-2" ino=54165 scontext=u:r:isolated_app:s0:c512,c768 tcontext=u:object_r:app_data_file:s0:c512,c768 tclass=file permissive=0
10-29 15:26:55.415 12007 12020 I chromium: [INFO:child_process_service.cc(69)] ChildProcessService: Exiting child process.
10-29 15:26:55.417   197   197 E lowmemorykiller: Error writing /proc/12007/oom_score_adj; errno=22
10-29 15:26:55.433   600   713 I ActivityManager: Process com.android.chrome:sandboxed_process21 (pid 12007) has died
10-29 15:26:55.433   600   713 D ActivityManager: cleanUpApplicationRecord -- 12007
10-29 15:26:55.437 11394 11394 W chromium: [WARNING:compositor_view.cc(315)] Child process died (type=6) pid=12007)
10-29 15:26:55.866   600  1076 I ActivityManager: Start proc 12024:com.android.chrome:sandboxed_process22/u0i131 for service com.android.chrome/org.chromium.content.app.SandboxedProcessService22
10-29 15:26:55.900 12024 12024 W boxed_process22: type=1400 audit(0.0:213): avc: denied { getattr } for path="/data/data/com.android.chrome" dev="dm-2" ino=12190 scontext=u:r:isolated_app:s0:c512,c768 tcontext=u:object_r:app_data_file:s0:c512,c768 tclass=dir permissive=0
10-29 15:26:55.921 12024 12024 I cr_ChildProcessService: Creating new ChildProcessService pid=12024
10-29 15:26:55.962 12024 12037 I cr_LibraryLoader: Loaded native library version number "85.0.4183.127"
10-29 15:26:55.963 12024 12037 I cr_CachingUmaRecorder: Flushed 1 samples from 1 histograms.
10-29 15:26:55.993 12037 12037 W CrUtilityMain: type=1400 audit(0.0:214): avc: denied { setattr } for name="tl_en-us_2022-10-17_483521407_100000_index.bin" dev="dm-2" ino=56324 scontext=u:r:isolated_app:s0:c512,c768 tcontext=u:object_r:app_data_file:s0:c512,c768 tclass=file permissive=0
10-29 15:26:55.996 12037 12037 W CrUtilityMain: type=1400 audit(0.0:215): avc: denied { setattr } for name="manifest.json" dev="dm-2" ino=56320 scontext=u:r:isolated_app:s0:c512,c768 tcontext=u:object_r:app_data_file:s0:c512,c768 tclass=file permissive=0
10-29 15:26:56.000 12037 12037 W CrUtilityMain: type=1400 audit(0.0:216): avc: denied { setattr } for name="verified_contents.json" dev="dm-2" ino=56664 scontext=u:r:isolated_app:s0:c512,c768 tcontext=u:object_r:app_data_file:s0:c512,c768 tclass=file permissive=0
10-29 15:26:56.009 12024 12037 I chromium: [INFO:child_process_service.cc(69)] ChildProcessService: Exiting child process.
10-29 15:26:56.012   197   197 E lowmemorykiller: Error writing /proc/12024/oom_score_adj; errno=22
10-29 15:26:56.024   600  1081 I ActivityManager: Process com.android.chrome:sandboxed_process22 (pid 12024) has died
10-29 15:26:56.024   600  1081 D ActivityManager: cleanUpApplicationRecord -- 12024
10-29 15:26:56.026 11394 11394 W chromium: [WARNING:compositor_view.cc(315)] Child process died (type=6) pid=12024)
10-29 15:26:56.179   198   198 E SELinux : avc:  denied  { find } for service=netd pid=12043 uid=2000 scontext=u:r:shell:s0 tcontext=u:object_r:netd_service:s0 tclass=service_manager permissive=0
10-29 15:26:56.184   198   198 E SELinux : avc:  denied  { find } for service=android.service.gatekeeper.IGateKeeperService pid=12043 uid=2000 scontext=u:r:shell:s0 tcontext=u:object_r:gatekeeper_service:s0 tclass=service_manager permissive=0
10-29 15:26:56.692   600   707 I ActivityManager: Start proc 12044:com.android.chrome:sandboxed_process23/u0i132 for service com.android.chrome/org.chromium.content.app.SandboxedProcessService23
10-29 15:26:56.746 12044 12044 W boxed_process23: type=1400 audit(0.0:217): avc: denied { getattr } for path="/data/data/com.android.chrome" dev="dm-2" ino=12190 scontext=u:r:isolated_app:s0:c512,c768 tcontext=u:object_r:app_data_file:s0:c512,c768 tclass=dir permissive=0
10-29 15:26:56.771 12044 12044 I cr_ChildProcessService: Creating new ChildProcessService pid=12044
10-29 15:26:56.818 12044 12057 I cr_LibraryLoader: Loaded native library version number "85.0.4183.127"
10-29 15:26:56.819 12044 12057 I cr_CachingUmaRecorder: Flushed 1 samples from 1 histograms.
10-29 15:26:56.833 12057 12057 W CrUtilityMain: type=1400 audit(0.0:218): avc: denied { setattr } for name="optimization-hints.pb" dev="dm-2" ino=56463 scontext=u:r:isolated_app:s0:c512,c768 tcontext=u:object_r:app_data_file:s0:c512,c768 tclass=file permissive=0
10-29 15:26:56.833 12057 12057 W CrUtilityMain: type=1400 audit(0.0:219): avc: denied { setattr } for name="manifest.json" dev="dm-2" ino=56607 scontext=u:r:isolated_app:s0:c512,c768 tcontext=u:object_r:app_data_file:s0:c512,c768 tclass=file permissive=0
10-29 15:26:56.836 12057 12057 W CrUtilityMain: type=1400 audit(0.0:220): avc: denied { setattr } for name="verified_contents.json" dev="dm-2" ino=56844 scontext=u:r:isolated_app:s0:c512,c768 tcontext=u:object_r:app_data_file:s0:c512,c768 tclass=file permissive=0
10-29 15:26:56.846 12044 12057 I chromium: [INFO:child_process_service.cc(69)] ChildProcessService: Exiting child process.
10-29 15:26:56.848   197   197 E lowmemorykiller: Error writing /proc/12044/oom_score_adj; errno=22
10-29 15:26:56.856   600  1076 I ActivityManager: Process com.android.chrome:sandboxed_process23 (pid 12044) has died
10-29 15:26:56.856   600  1076 D ActivityManager: cleanUpApplicationRecord -- 12044
10-29 15:26:56.857 11394 11394 W chromium: [WARNING:compositor_view.cc(315)] Child process died (type=6) pid=12044)
10-29 15:26:57.795   600  3507 I ActivityManager: Start proc 12061:com.android.chrome:sandboxed_process24/u0i133 for service com.android.chrome/org.chromium.content.app.SandboxedProcessService24
10-29 15:26:57.860 12061 12061 W boxed_process24: type=1400 audit(0.0:221): avc: denied { getattr } for path="/data/data/com.android.chrome" dev="dm-2" ino=12190 scontext=u:r:isolated_app:s0:c512,c768 tcontext=u:object_r:app_data_file:s0:c512,c768 tclass=dir permissive=0
10-29 15:26:57.892 12061 12061 I cr_ChildProcessService: Creating new ChildProcessService pid=12061
10-29 15:26:57.947 12061 12074 I cr_LibraryLoader: Loaded native library version number "85.0.4183.127"
10-29 15:26:57.947 12061 12074 I cr_CachingUmaRecorder: Flushed 1 samples from 1 histograms.
10-29 15:26:57.960 12074 12074 W CrUtilityMain: type=1400 audit(0.0:222): avc: denied { setattr } for name="crl-set" dev="dm-2" ino=56592 scontext=u:r:isolated_app:s0:c512,c768 tcontext=u:object_r:app_data_file:s0:c512,c768 tclass=file permissive=0
10-29 15:26:57.960 12074 12074 W CrUtilityMain: type=1400 audit(0.0:223): avc: denied { setattr } for name="manifest.json" dev="dm-2" ino=56448 scontext=u:r:isolated_app:s0:c512,c768 tcontext=u:object_r:app_data_file:s0:c512,c768 tclass=file permissive=0
10-29 15:26:57.963 12074 12074 W CrUtilityMain: type=1400 audit(0.0:224): avc: denied { setattr } for name="LICENSE" dev="dm-2" ino=56422 scontext=u:r:isolated_app:s0:c512,c768 tcontext=u:object_r:app_data_file:s0:c512,c768 tclass=file permissive=0
10-29 15:26:57.963 12074 12074 W CrUtilityMain: type=1400 audit(0.0:225): avc: denied { setattr } for name="verified_contents.json" dev="dm-2" ino=56596 scontext=u:r:isolated_app:s0:c512,c768 tcontext=u:object_r:app_data_file:s0:c512,c768 tclass=file permissive=0
10-29 15:26:57.976 12061 12074 I chromium: [INFO:child_process_service.cc(69)] ChildProcessService: Exiting child process.
10-29 15:26:57.999   600  2707 I ActivityManager: Process com.android.chrome:sandboxed_process24 (pid 12061) has died
10-29 15:26:57.999   600  2707 D ActivityManager: cleanUpApplicationRecord -- 12061
10-29 15:26:58.002 11394 11394 W chromium: [WARNING:compositor_view.cc(315)] Child process died (type=6) pid=12061)
10-29 15:26:59.201   600   713 I ActivityManager: Start proc 12078:com.android.chrome:sandboxed_process25/u0i134 for service com.android.chrome/org.chromium.content.app.SandboxedProcessService25
10-29 15:26:59.260 12078 12078 W boxed_process25: type=1400 audit(0.0:226): avc: denied { getattr } for path="/data/data/com.android.chrome" dev="dm-2" ino=12190 scontext=u:r:isolated_app:s0:c512,c768 tcontext=u:object_r:app_data_file:s0:c512,c768 tclass=dir permissive=0
10-29 15:26:59.289 12078 12078 I cr_ChildProcessService: Creating new ChildProcessService pid=12078
10-29 15:26:59.348 12078 12091 I cr_LibraryLoader: Loaded native library version number "85.0.4183.127"
10-29 15:26:59.348 12078 12091 I cr_CachingUmaRecorder: Flushed 1 samples from 1 histograms.
10-29 15:26:59.360 12091 12091 W CrUtilityMain: type=1400 audit(0.0:227): avc: denied { setattr } for name="manifest.json" dev="dm-2" ino=56622 scontext=u:r:isolated_app:s0:c512,c768 tcontext=u:object_r:app_data_file:s0:c512,c768 tclass=file permissive=0
10-29 15:26:59.363 12091 12091 W CrUtilityMain: type=1400 audit(0.0:228): avc: denied { setattr } for name="verified_contents.json" dev="dm-2" ino=56488 scontext=u:r:isolated_app:s0:c512,c768 tcontext=u:object_r:app_data_file:s0:c512,c768 tclass=file permissive=0
10-29 15:26:59.371 12078 12078 I cr_ChildProcessService: Destroying ChildProcessService pid=12078
10-29 15:26:59.372 12078 12091 I chromium: [INFO:child_process_service.cc(69)] ChildProcessService: Exiting child process.
10-29 15:26:59.373 12078 12078 I art     : System.exit called, status: 0
10-29 15:26:59.373 12078 12078 I AndroidRuntime: VM exiting with result code 0, cleanup skipped.
10-29 15:26:59.389   600  1076 I ActivityManager: Process com.android.chrome:sandboxed_process25 (pid 12078) has died
10-29 15:26:59.389   600  1076 D ActivityManager: cleanUpApplicationRecord -- 12078
10-29 15:26:59.391 11394 11394 W chromium: [WARNING:compositor_view.cc(315)] Child process died (type=6) pid=12078)
10-29 15:26:59.935 11955 11955 D MonkeyStub: translateCommand: touch down 614 312
10-29 15:26:59.947 11955 11955 D MonkeyStub: translateCommand: touch move 614 312
10-29 15:27:00.066 11955 11955 D MonkeyStub: translateCommand: touch move 614 437
10-29 15:27:00.179 11955 11955 D MonkeyStub: translateCommand: touch move 614 562
10-29 15:27:00.288 11955 11955 D MonkeyStub: translateCommand: touch move 614 687
10-29 15:27:00.395 11955 11955 D MonkeyStub: translateCommand: touch move 614 812
10-29 15:27:00.506 11955 11955 D MonkeyStub: translateCommand: touch move 614 937
10-29 15:27:00.615 11955 11955 D MonkeyStub: translateCommand: touch move 614 1061
10-29 15:27:00.723 11955 11955 D MonkeyStub: translateCommand: touch move 614 1186
10-29 15:27:00.821   600  1082 I ActivityManager: Start proc 12097:com.android.chrome:sandboxed_process26/u0i135 for service com.android.chrome/org.chromium.content.app.SandboxedProcessService26
10-29 15:27:00.829 11955 11955 D MonkeyStub: translateCommand: touch move 614 1311
10-29 15:27:00.866 12097 12097 W boxed_process26: type=1400 audit(0.0:229): avc: denied { getattr } for path="/data/data/com.android.chrome" dev="dm-2" ino=12190 scontext=u:r:isolated_app:s0:c512,c768 tcontext=u:object_r:app_data_file:s0:c512,c768 tclass=dir permissive=0
10-29 15:27:00.888 12097 12097 I cr_ChildProcessService: Creating new ChildProcessService pid=12097
10-29 15:27:00.929 12097 12110 I cr_LibraryLoader: Loaded native library version number "85.0.4183.127"
10-29 15:27:00.930 12097 12110 I cr_CachingUmaRecorder: Flushed 1 samples from 1 histograms.
10-29 15:27:00.939 11955 11955 D MonkeyStub: translateCommand: touch move 614 1436
10-29 15:27:00.943 12110 12110 W CrUtilityMain: type=1400 audit(0.0:230): avc: denied { setattr } for name="download_file_types.pb" dev="dm-2" ino=56759 scontext=u:r:isolated_app:s0:c512,c768 tcontext=u:object_r:app_data_file:s0:c512,c768 tclass=file permissive=0
10-29 15:27:00.946 12110 12110 W CrUtilityMain: type=1400 audit(0.0:231): avc: denied { setattr } for name="manifest.json" dev="dm-2" ino=56702 scontext=u:r:isolated_app:s0:c512,c768 tcontext=u:object_r:app_data_file:s0:c512,c768 tclass=file permissive=0
10-29 15:27:00.946 12110 12110 W CrUtilityMain: type=1400 audit(0.0:232): avc: denied { setattr } for name="verified_contents.json" dev="dm-2" ino=56611 scontext=u:r:isolated_app:s0:c512,c768 tcontext=u:object_r:app_data_file:s0:c512,c768 tclass=file permissive=0
10-29 15:27:00.955 12097 12110 I chromium: [INFO:child_process_service.cc(69)] ChildProcessService: Exiting child process.
10-29 15:27:00.958   197   197 E lowmemorykiller: Error writing /proc/12097/oom_score_adj; errno=22
10-29 15:27:00.965 11394 11394 W chromium: [WARNING:compositor_view.cc(315)] Child process died (type=6) pid=12097)
10-29 15:27:00.965   600   713 I ActivityManager: Process com.android.chrome:sandboxed_process26 (pid 12097) has died
10-29 15:27:00.965   600   713 D ActivityManager: cleanUpApplicationRecord -- 12097
10-29 15:27:01.044 11955 11955 D MonkeyStub: translateCommand: touch move 614 1561
10-29 15:27:01.049 11955 11955 D MonkeyStub: translateCommand: touch up 614 1561
10-29 15:27:02.650   600  3994 I ActivityManager: Start proc 12114:com.android.chrome:sandboxed_process27/u0i136 for service com.android.chrome/org.chromium.content.app.SandboxedProcessService27
10-29 15:27:02.686 12114 12114 W boxed_process27: type=1400 audit(0.0:233): avc: denied { getattr } for path="/data/data/com.android.chrome" dev="dm-2" ino=12190 scontext=u:r:isolated_app:s0:c512,c768 tcontext=u:object_r:app_data_file:s0:c512,c768 tclass=dir permissive=0
10-29 15:27:02.707 12114 12114 I cr_ChildProcessService: Creating new ChildProcessService pid=12114
10-29 15:27:02.746 12114 12127 I cr_LibraryLoader: Loaded native library version number "85.0.4183.127"
10-29 15:27:02.746 12114 12127 I cr_CachingUmaRecorder: Flushed 1 samples from 1 histograms.
10-29 15:27:02.760 12127 12127 W CrUtilityMain: type=1400 audit(0.0:234): avc: denied { setattr } for name="ssl_error_assistant.pb" dev="dm-2" ino=57068 scontext=u:r:isolated_app:s0:c512,c768 tcontext=u:object_r:app_data_file:s0:c512,c768 tclass=file permissive=0
10-29 15:27:02.760 12127 12127 W CrUtilityMain: type=1400 audit(0.0:235): avc: denied { setattr } for name="manifest.json" dev="dm-2" ino=57185 scontext=u:r:isolated_app:s0:c512,c768 tcontext=u:object_r:app_data_file:s0:c512,c768 tclass=file permissive=0
10-29 15:27:02.763 12127 12127 W CrUtilityMain: type=1400 audit(0.0:236): avc: denied { setattr } for name="verified_contents.json" dev="dm-2" ino=56920 scontext=u:r:isolated_app:s0:c512,c768 tcontext=u:object_r:app_data_file:s0:c512,c768 tclass=file permissive=0
10-29 15:27:02.773 12114 12114 I cr_ChildProcessService: Destroying ChildProcessService pid=12114
10-29 15:27:02.774 12114 12127 I chromium: [INFO:child_process_service.cc(69)] ChildProcessService: Exiting child process.
10-29 15:27:02.789   600  1082 I ActivityManager: Process com.android.chrome:sandboxed_process27 (pid 12114) has died
10-29 15:27:02.789   600  1082 D ActivityManager: cleanUpApplicationRecord -- 12114
10-29 15:27:02.795 11394 11394 W chromium: [WARNING:compositor_view.cc(315)] Child process died (type=6) pid=12114)
10-29 15:27:03.213 11955 11955 D MonkeyStub: translateCommand: tap 758 273
10-29 15:27:03.330   787  1258 E AsyncOperation: serviceID=121, operation=GetLaunchDataOperation [CONTEXT service_id=259 ]
10-29 15:27:03.330   787  1258 E AsyncOperation: OperationException[Status{statusCode=Not an instant app, resolution=null}]
10-29 15:27:03.330   787  1258 E AsyncOperation: 	at aeay.a(:com.google.android.gms@203915020@20.39.15 (040406-335085812):20)
10-29 15:27:03.330   787  1258 E AsyncOperation: 	at aain.run(:com.google.android.gms@203915020@20.39.15 (040406-335085812):7)
10-29 15:27:03.330   787  1258 E AsyncOperation: 	at boex.run(:com.google.android.gms@203915020@20.39.15 (040406-335085812):2)
10-29 15:27:03.330   787  1258 E AsyncOperation: 	at sup.b(:com.google.android.gms@203915020@20.39.15 (040406-335085812):12)
10-29 15:27:03.330   787  1258 E AsyncOperation: 	at sup.run(:com.google.android.gms@203915020@20.39.15 (040406-335085812):7)
10-29 15:27:03.330   787  1258 E AsyncOperation: 	at java.util.concurrent.ThreadPoolExecutor.runWorker(ThreadPoolExecutor.java:1133)
10-29 15:27:03.330   787  1258 E AsyncOperation: 	at java.util.concurrent.ThreadPoolExecutor$Worker.run(ThreadPoolExecutor.java:607)
10-29 15:27:03.330   787  1258 E AsyncOperation: 	at tam.run(:com.google.android.gms@203915020@20.39.15 (040406-335085812):0)
10-29 15:27:03.330   787  1258 E AsyncOperation: 	at java.lang.Thread.run(Thread.java:761)
10-29 15:27:04.413   787   806 W Icing   : isOptedInForAppHistory: empty Account Name encountered
