--------- beginning of main
10-30 14:47:08.862  8878  8878 D AndroidRuntime: >>>>>> START com.android.internal.os.RuntimeInit uid 2000 <<<<<<
10-30 14:47:08.865  8878  8878 D AndroidRuntime: CheckJNI is OFF
10-30 14:47:08.929  8878  8878 D ICU     : No timezone override file found: /data/misc/zoneinfo/current/icu/icu_tzdata.dat
10-30 14:47:08.957  8878  8878 I Radio-JNI: register_android_hardware_Radio DONE
10-30 14:47:08.972  8878  8878 D AndroidRuntime: Calling main entry com.android.commands.am.Am
--------- beginning of system
10-30 14:47:08.989   600 24515 I ActivityManager: Force stopping com.android.chrome appid=10035 user=0: from pid 8878
10-30 14:47:08.989   600 24515 I ActivityManager: Killing 7936:com.android.chrome/u0a35 (adj 902): stop com.android.chrome
10-30 14:47:08.990   600 24515 D ActivityManager: cleanUpApplicationRecord -- 7936
10-30 14:47:09.003  1061  1061 D RegisteredNfcFServicesCache: Service unchanged, not updating
10-30 14:47:09.246   600  3994 I ActivityManager: START u0 {act=android.intent.action.VIEW flg=0x10008000 cmp=com.android.chrome/com.google.android.apps.chrome.Main} from uid 2000 on display 0
10-30 14:47:09.279  8878  8878 D AndroidRuntime: Shutting down VM
10-30 14:47:09.311   600  3509 I ActivityManager: Start proc 8888:com.android.chrome/u0a35 for activity com.android.chrome/com.google.android.apps.chrome.Main
10-30 14:47:09.479   600  3507 I ActivityManager: START u0 {cmp=com.android.chrome/org.chromium.chrome.browser.firstrun.TabbedModeFirstRunActivity (has extras)} from uid 10035 on display 0
10-30 14:47:09.496  8888  8905 W DynamiteModule: Local module descriptor class for com.google.android.gms.googlecertificates not found.
10-30 14:47:09.544  8888  8905 I DynamiteModule: Considering local module com.google.android.gms.googlecertificates:0 and remote module com.google.android.gms.googlecertificates:6
10-30 14:47:09.544  8888  8905 I DynamiteModule: Selected remote version of com.google.android.gms.googlecertificates, version >= 6
10-30 14:47:09.676  8888  8905 W System  : ClassLoader referenced unknown path: 
10-30 14:47:09.676  8888  8907 I OpenGLRenderer: Initialized EGL, version 1.4
10-30 14:47:09.676  8888  8907 D OpenGLRenderer: Swap behavior 2
10-30 14:47:09.694  8888  8906 I cr_LibraryLoader: Loaded native library version number "85.0.4183.127"
10-30 14:47:09.696  8888  8906 I cr_CachingUmaRecorder: Flushed 10 samples from 10 histograms.
10-30 14:47:09.698  8888  8905 D ApplicationLoaders: ignored Vulkan layer search path /data/app/com.google.android.gms-1/lib/arm:/data/app/com.google.android.gms-1/base.apk!/lib/armeabi-v7a:/data/app/com.google.android.gms-1/split_config.en.apk!/lib/armeabi-v7a for namespace 0xf4a47090
10-30 14:47:09.700  8888  8905 W ResourceType: ResTable_typeSpec entry count inconsistent: given 67, previously 69
10-30 14:47:09.700  8888  8905 W ResourceType: ResTable_typeSpec entry count inconsistent: given 5346, previously 5347
10-30 14:47:09.724  8888  8905 I DynamiteLoaderV2Impl: [70] Googlecertificates
10-30 14:47:09.733  8888  8905 W System  : ClassLoader referenced unknown path: /data/user_de/0/com.google.android.gms/app_chimera/m/00000061/n/armeabi-v7a
10-30 14:47:09.733  8888  8905 W System  : ClassLoader referenced unknown path: /data/user_de/0/com.google.android.gms/app_chimera/m/00000061/n/armeabi
10-30 14:47:09.845   600   620 W WindowManager: Failed looking up window
10-30 14:47:09.845   600   620 W WindowManager: java.lang.IllegalArgumentException: Requested window android.view.ViewRootImpl$W@fb44c5a does not exist
10-30 14:47:09.845   600   620 W WindowManager: 	at com.android.server.wm.WindowManagerService.windowForClientLocked(WindowManagerService.java:9422)
10-30 14:47:09.845   600   620 W WindowManager: 	at com.android.server.wm.WindowManagerService.windowForClientLocked(WindowManagerService.java:9413)
10-30 14:47:09.845   600   620 W WindowManager: 	at com.android.server.wm.WindowManagerService.removeWindow(WindowManagerService.java:2393)
10-30 14:47:09.845   600   620 W WindowManager: 	at com.android.server.wm.Session.remove(Session.java:202)
10-30 14:47:09.845   600   620 W WindowManager: 	at android.view.ViewRootImpl.dispatchDetachedFromWindow(ViewRootImpl.java:3290)
10-30 14:47:09.845   600   620 W WindowManager: 	at android.view.ViewRootImpl.doDie(ViewRootImpl.java:5917)
10-30 14:47:09.845   600   620 W WindowManager: 	at android.view.ViewRootImpl$ViewRootHandler.handleMessage(ViewRootImpl.java:3626)
10-30 14:47:09.845   600   620 W WindowManager: 	at android.os.Handler.dispatchMessage(Handler.java:102)
10-30 14:47:09.845   600   620 W WindowManager: 	at android.os.Looper.loop(Looper.java:154)
10-30 14:47:09.845   600   620 W WindowManager: 	at android.os.HandlerThread.run(HandlerThread.java:61)
10-30 14:47:09.845   600   620 W WindowManager: 	at com.android.server.ServiceThread.run(ServiceThread.java:46)
10-30 14:47:09.862   600   620 I ActivityManager: Displayed com.android.chrome/org.chromium.chrome.browser.firstrun.TabbedModeFirstRunActivity: +345ms (total +591ms)
10-30 14:47:09.889   787  1258 E apju    : Phenotype API error. Event # cdub@d93548fb, EventCode: 7 [CONTEXT service_id=51 ]
10-30 14:47:09.889   787  1258 E apju    : apiz: 29505: No config packages for log source, or config package not registered
10-30 14:47:09.889   787  1258 E apju    : 	at apkj.b(:com.google.android.gms@203915020@20.39.15 (040406-335085812):7)
10-30 14:47:09.889   787  1258 E apju    : 	at apkg.b(:com.google.android.gms@203915020@20.39.15 (040406-335085812):2)
10-30 14:47:09.889   787  1258 E apju    : 	at apju.a(:com.google.android.gms@203915020@20.39.15 (040406-335085812):85)
10-30 14:47:09.889   787  1258 E apju    : 	at apju.a(:com.google.android.gms@203915020@20.39.15 (040406-335085812):80)
10-30 14:47:09.889   787  1258 E apju    : 	at aain.run(:com.google.android.gms@203915020@20.39.15 (040406-335085812):7)
10-30 14:47:09.889   787  1258 E apju    : 	at boex.run(:com.google.android.gms@203915020@20.39.15 (040406-335085812):2)
10-30 14:47:09.889   787  1258 E apju    : 	at sup.b(:com.google.android.gms@203915020@20.39.15 (040406-335085812):12)
10-30 14:47:09.889   787  1258 E apju    : 	at sup.run(:com.google.android.gms@203915020@20.39.15 (040406-335085812):7)
10-30 14:47:09.889   787  1258 E apju    : 	at java.util.concurrent.ThreadPoolExecutor.runWorker(ThreadPoolExecutor.java:1133)
10-30 14:47:09.889   787  1258 E apju    : 	at java.util.concurrent.ThreadPoolExecutor$Worker.run(ThreadPoolExecutor.java:607)
10-30 14:47:09.889   787  1258 E apju    : 	at tam.run(:com.google.android.gms@203915020@20.39.15 (040406-335085812):0)
10-30 14:47:09.889   787  1258 E apju    : 	at java.lang.Thread.run(Thread.java:761)
10-30 14:47:09.894   787  1258 E AsyncOperation: serviceID=51, operation=GetExperimentTokensOperationCall [CONTEXT service_id=259 ]
10-30 14:47:09.894   787  1258 E AsyncOperation: OperationException[Status{statusCode=No config packages for log source, or config package not registered, resolution=null}]
10-30 14:47:09.894   787  1258 E AsyncOperation: 	at apju.a(:com.google.android.gms@203915020@20.39.15 (040406-335085812):87)
10-30 14:47:09.894   787  1258 E AsyncOperation: 	at apju.a(:com.google.android.gms@203915020@20.39.15 (040406-335085812):80)
10-30 14:47:09.894   787  1258 E AsyncOperation: 	at aain.run(:com.google.android.gms@203915020@20.39.15 (040406-335085812):7)
10-30 14:47:09.894   787  1258 E AsyncOperation: 	at boex.run(:com.google.android.gms@203915020@20.39.15 (040406-335085812):2)
10-30 14:47:09.894   787  1258 E AsyncOperation: 	at sup.b(:com.google.android.gms@203915020@20.39.15 (040406-335085812):12)
10-30 14:47:09.894   787  1258 E AsyncOperation: 	at sup.run(:com.google.android.gms@203915020@20.39.15 (040406-335085812):7)
10-30 14:47:09.894   787  1258 E AsyncOperation: 	at java.util.concurrent.ThreadPoolExecutor.runWorker(ThreadPoolExecutor.java:1133)
10-30 14:47:09.894   787  1258 E AsyncOperation: 	at java.util.concurrent.ThreadPoolExecutor$Worker.run(ThreadPoolExecutor.java:607)
10-30 14:47:09.894   787  1258 E AsyncOperation: 	at tam.run(:com.google.android.gms@203915020@20.39.15 (040406-335085812):0)
10-30 14:47:09.894   787  1258 E AsyncOperation: 	at java.lang.Thread.run(Thread.java:761)
10-30 14:47:09.901   787 28597 I FontLog : Received query Google Sans, URI content://com.google.android.gms.fonts [CONTEXT service_id=132 ]
10-30 14:47:09.902  8888  8905 D NetworkSecurityConfig: Using Network Security Config from resource 0_resource_name_obfuscated debugBuild: false
10-30 14:47:09.907   787 28597 I FontLog : Query [Google Sans] resolved to {Google Sans, wdth 100.0, wght 400, ital 0.0, bestEffort false} [CONTEXT service_id=132 ]
10-30 14:47:09.909   787 28597 I FontLog : Font PFD returned from cache for {Google Sans, wdth 100.0, wght 400, ital 0.0, bestEffort false} [CONTEXT service_id=132 ]
10-30 14:47:09.910   787 28597 I FontLog : Fetch {Google Sans, wdth 100.0, wght 400, ital 0.0, bestEffort false} end status Status{statusCode=SUCCESS, resolution=null} [CONTEXT service_id=132 ]
10-30 14:47:09.924   787  1716 I FontLog : Pulling font file for id = 1002, cache size = 4 [CONTEXT service_id=132 ]
10-30 14:47:09.942   787 28588 I FontLog : Received query Google Sans:500, URI content://com.google.android.gms.fonts [CONTEXT service_id=132 ]
10-30 14:47:09.942   787 28588 I FontLog : Query [Google Sans:500] resolved to {Google Sans, wdth 100.0, wght 500, ital 0.0, bestEffort false} [CONTEXT service_id=132 ]
10-30 14:47:09.944   787 28588 I FontLog : Font PFD returned from cache for {Google Sans, wdth 100.0, wght 500, ital 0.0, bestEffort false} [CONTEXT service_id=132 ]
10-30 14:47:09.944   787 28588 I FontLog : Fetch {Google Sans, wdth 100.0, wght 500, ital 0.0, bestEffort false} end status Status{statusCode=SUCCESS, resolution=null} [CONTEXT service_id=132 ]
10-30 14:47:09.981   787   805 I FontLog : Pulling font file for id = 1003, cache size = 4 [CONTEXT service_id=132 ]
10-30 14:47:10.133  5940  5951 W SearchService: Abort, client detached.
10-30 14:47:10.153  8888  8905 I cr_VariationsSeedFetch: Fetched first run seed in 253 ms
10-30 14:47:10.201   600 13557 I ActivityManager: Start proc 8923:com.android.chrome:sandboxed_process0/u0i465 for service com.android.chrome/org.chromium.content.app.SandboxedProcessService0
10-30 14:47:10.268  8923  8923 W dboxed_process0: type=1400 audit(0.0:7525): avc: denied { getattr } for path="/data/data/com.android.chrome" dev="dm-2" ino=12190 scontext=u:r:isolated_app:s0:c512,c768 tcontext=u:object_r:app_data_file:s0:c512,c768 tclass=dir permissive=0
10-30 14:47:10.300  8923  8923 I cr_ChildProcessService: Creating new ChildProcessService pid=8923
10-30 14:47:10.345  5940  8723 I DeviceStateChecker: DeviceStateChecker cancelled
10-30 14:47:10.352  5940  5940 I MicroDetector: Keeping mic open: false
10-30 14:47:10.353  5940  5999 I MicroRecognitionRunner: Stopping hotword detection.
10-30 14:47:10.355  5940  8722 I MicroRecognitionRunner: Detection finished
10-30 14:47:10.379  5940  8938 I AudioController: internalShutdown
10-30 14:47:10.379  5940  8938 I MicrophoneInputStream: mic_close com.google.android.apps.gsa.speech.audio.ae@d6a205d
10-30 14:47:10.401   238   285 I SoundTriggerHwService::Module: void android::SoundTriggerHwService::Module::onCallbackEvent(const sp<android::SoundTriggerHwService::CallbackEvent> &) mClient == 0
10-30 14:47:10.427   600  3675 I ActivityManager: Start proc 8951:com.android.chrome:privileged_process0/u0a35 for service com.android.chrome/org.chromium.content.app.PrivilegedProcessService0
10-30 14:47:10.488  8888  8909 W ConnectionStatusConfig: Dynamic lookup for intent failed for action: com.google.android.gms.auth.key.retrieval.service.START
10-30 14:47:10.507  8888  8909 W ConnectionStatusConfig: Dynamic lookup for intent failed for action: com.google.android.gms.auth.key.retrieval.service.START
10-30 14:47:10.509   600  9614 W ActivityManager: Unable to start service Intent { act=com.google.android.gms.auth.key.retrieval.service.START pkg=com.google.android.gms } U=0: not found
10-30 14:47:10.548  8951  8951 I cr_ChildProcessService: Creating new ChildProcessService pid=8951
10-30 14:47:10.553   600  1079 W ActivityManager: Unbind failed: could not find connection for android.os.BinderProxy@71e42ed
10-30 14:47:10.558  8888  8909 E GmsClient: unable to connect to service: com.google.android.gms.auth.key.retrieval.service.START on com.google.android.gms
10-30 14:47:10.575  8888  8888 W cr_KnoxSettingsProvider: Permission to read device policy denied.
10-30 14:47:10.623  8951  8968 I cr_LibraryLoader: Loaded native library version number "85.0.4183.127"
10-30 14:47:10.623  8951  8968 I cr_CachingUmaRecorder: Flushed 1 samples from 1 histograms.
10-30 14:47:10.649  8951  8968 E libEGL  : validate_display:99 error 3008 (EGL_BAD_DISPLAY)
10-30 14:47:10.704  8888  8898 I art     : Background sticky concurrent mark sweep GC freed 10637(783KB) AllocSpace objects, 16(692KB) LOS objects, 19% free, 6MB/7MB, paused 7.035ms total 52.622ms
10-30 14:47:12.251   600  9614 I ActivityManager: Setting hasTopUi=true for pid=682
10-30 14:47:12.253   682   682 D PhoneStatusBar: disable: < expand ICONS* alerts SYSTEM_INFO* back home recent clock search quick_settings >
10-30 14:47:14.305   600 24515 W InputMethodManagerService: Window already focused, ignoring focus gain of: com.android.internal.view.IInputMethodClient$Stub$Proxy@ccf1659 attribute=null, token = android.os.BinderProxy@cbbcc12
10-30 14:47:14.323   600 24611 I ActivityManager: Setting hasTopUi=false for pid=682
10-30 14:47:14.324   682   682 D PhoneStatusBar: disable: < expand icons* alerts system_info* back home recent clock search quick_settings >
10-30 14:47:22.429  8995  8995 D AndroidRuntime: >>>>>> START com.android.internal.os.RuntimeInit uid 2000 <<<<<<
10-30 14:47:22.432  8995  8995 D AndroidRuntime: CheckJNI is OFF
10-30 14:47:22.496  8995  8995 D ICU     : No timezone override file found: /data/misc/zoneinfo/current/icu/icu_tzdata.dat
10-30 14:47:22.528  8995  8995 I Radio-JNI: register_android_hardware_Radio DONE
10-30 14:47:22.543  8995  8995 D AndroidRuntime: Calling main entry com.android.commands.monkey.Monkey
10-30 14:47:22.610   600   613 W BroadcastQueue: Skipping deliver [background] BroadcastRecord{664adb8 u-1 android.net.conn.CONNECTIVITY_CHANGE} to ReceiverList{a1c3791 8995 (unknown name)/2000/u-1 remote:a44f22a}: process crashing
10-30 14:47:23.969  8995  8995 D MonkeyStub: translateCommand: wake
10-30 14:47:24.081  8995  8995 D MonkeyStub: translateCommand: tap 398 1198
10-30 14:47:26.367  8995  8995 D MonkeyStub: translateCommand: tap 720 1506
10-30 14:47:26.562  6173  6295 I PeopleChimeraService: onService. callbacks = aaik@64c105e, request = com.google.android.gms.common.internal.GetServiceRequest@213cc3f
10-30 14:47:26.571  6173  6294 I PeopleChimeraService: onService. callbacks = aaik@4b6c255, request = com.google.android.gms.common.internal.GetServiceRequest@3c4d46a
10-30 14:47:28.421  8995  8995 D MonkeyStub: translateCommand: tap 355 1480
10-30 14:47:28.449  8995  8995 D MonkeyStub: Quit requested
10-30 14:47:28.464   600 16391 I ActivityManager: START u0 {act=android.intent.action.VIEW flg=0x10008000 cmp=com.android.chrome/com.google.android.apps.chrome.Main (has extras)} from uid 10035 on display 0
10-30 14:47:28.511  8995  8995 I art     : System.exit called, status: 6
10-30 14:47:28.512  8995  8995 I AndroidRuntime: VM exiting with result code 6.
10-30 14:47:28.577   600   610 W WindowManager: Attempted to remove non-existing token: android.os.Binder@21806f6
10-30 14:47:28.593   600   600 E AccessibilityManagerService: Error during sending EventType: TYPE_WINDOW_STATE_CHANGED; EventTime: 79612573; PackageName: com.android.chrome; MovementGranularity: 0; Action: 0 [ ClassName: android.widget.FrameLayout; Text: []; ContentDescription: null; ItemCount: -1; CurrentItemIndex: -1; IsEnabled: true; IsPassword: false; IsChecked: false; IsFullScreen: false; Scrollable: false; BeforeText: null; FromIndex: -1; ToIndex: -1; ScrollX: -1; ScrollY: -1; MaxScrollX: -1; MaxScrollY: -1; AddedCount: -1; RemovedCount: -1; ParcelableData: null ]; recordCount: 0 to android.accessibilityservice.IAccessibilityServiceClient$Stub$Proxy@d436383
10-30 14:47:28.593   600   600 E AccessibilityManagerService: android.os.DeadObjectException
10-30 14:47:28.593   600   600 E AccessibilityManagerService: 	at android.os.BinderProxy.transactNative(Native Method)
10-30 14:47:28.593   600   600 E AccessibilityManagerService: 	at android.os.BinderProxy.transact(Binder.java:615)
10-30 14:47:28.593   600   600 E AccessibilityManagerService: 	at android.accessibilityservice.IAccessibilityServiceClient$Stub$Proxy.onAccessibilityEvent(IAccessibilityServiceClient.java:191)
10-30 14:47:28.593   600   600 E AccessibilityManagerService: 	at com.android.server.accessibility.AccessibilityManagerService$Service.notifyAccessibilityEventInternal(AccessibilityManagerService.java:3245)
10-30 14:47:28.593   600   600 E AccessibilityManagerService: 	at com.android.server.accessibility.AccessibilityManagerService$Service.-wrap0(AccessibilityManagerService.java)
10-30 14:47:28.593   600   600 E AccessibilityManagerService: 	at com.android.server.accessibility.AccessibilityManagerService$Service$1.handleMessage(AccessibilityManagerService.java:2260)
10-30 14:47:28.593   600   600 E AccessibilityManagerService: 	at android.os.Handler.dispatchMessage(Handler.java:102)
10-30 14:47:28.593   600   600 E AccessibilityManagerService: 	at android.os.Looper.loop(Looper.java:154)
10-30 14:47:28.593   600   600 E AccessibilityManagerService: 	at com.android.server.SystemServer.run(SystemServer.java:349)
10-30 14:47:28.593   600   600 E AccessibilityManagerService: 	at com.android.server.SystemServer.main(SystemServer.java:219)
10-30 14:47:28.593   600   600 E AccessibilityManagerService: 	at java.lang.reflect.Method.invoke(Native Method)
10-30 14:47:28.593   600   600 E AccessibilityManagerService: 	at com.android.internal.os.ZygoteInit$MethodAndArgsCaller.run(ZygoteInit.java:886)
10-30 14:47:28.593   600   600 E AccessibilityManagerService: 	at com.android.internal.os.ZygoteInit.main(ZygoteInit.java:776)
10-30 14:47:28.687  8888  8888 E cr_CompositorSurfaceMgr: Transitioning to surface with format : -1
10-30 14:47:28.694   600   609 I art     : Background partial concurrent mark sweep GC freed 18375(958KB) AllocSpace objects, 3(60KB) LOS objects, 33% free, 16MB/25MB, paused 810us total 127.267ms
10-30 14:47:28.751  8888  8945 W cr_tabmodel: Starting to perform legacy migration.
10-30 14:47:28.753  8888  8945 W cr_tabmodel: Finished performing legacy migration.
10-30 14:47:28.753  8888  8945 W cr_tabmodel: Starting to perform multi-instance migration.
10-30 14:47:28.753  8888  8945 W cr_tabmodel: Finished performing multi-instance migration.
10-30 14:47:28.753  8888  8945 I cr_tabmodel: Starting to fetch tab list for tab_state0
10-30 14:47:28.754  8888  8945 I cr_tabmodel: State file does not exist.
10-30 14:47:28.754  8888  8945 I cr_tabmodel: Starting to fetch tab list for tab_state1
10-30 14:47:28.754  8888  8945 I cr_tabmodel: State file does not exist.
10-30 14:47:28.793  8888  8945 I cr_ADCP : No customization source found
10-30 14:47:28.858   600   620 I ActivityManager: Displayed com.android.chrome/com.google.android.apps.chrome.Main: +324ms
10-30 14:47:28.873  8888  8907 D OpenGLRenderer: endAllActiveAnimators on 0xd46e1900 (InsetDrawable) with handle 0xd4807590
10-30 14:47:28.877  8888  8888 E cr_CompositorSurfaceMgr: Transitioning to surface with format : -1
10-30 14:47:28.881  8888  8888 E cr_CompositorSurfaceMgr: surfaceCreated format : 0
10-30 14:47:28.885   600  3507 E BatteryStatsService: power: Missing API
10-30 14:47:28.898  8888  8888 I cr_ContextualSearch: Tap suppression enabled: false
10-30 14:47:28.908   600  3507 E BatteryStatsService: no controller energy info supplied
10-30 14:47:28.908   796   796 E PhoneInterfaceManager: [PhoneIntfMgr] queryModemActivityInfo: Empty response
10-30 14:47:28.909  8888  8888 I cr_ChromeTabbedActivity: #initializeState
10-30 14:47:28.909  8888  8888 I cr_CipherFactory: #restoreFromBundle, no savedInstanceState.
10-30 14:47:28.910  8888  8888 I cr_tabmodel: #loadState, ignoreIncognitoFiles? true
10-30 14:47:28.917   600  3507 E BatteryStatsService: modem info is invalid: ModemActivityInfo{ mTimestamp=0 mSleepTimeMs=0 mIdleTimeMs=0 mTxTimeMs[]=[0, 0, 0, 0, 0] mRxTimeMs=0 mEnergyUsed=0}
10-30 14:47:29.116  8888  8888 I SchedulerApiWrapper: Create SchedulerApiMainThreadWrapper
10-30 14:47:29.130  8888  8888 I FeedSessionManagerImpl: FeedSessionManagerImpl has been created
10-30 14:47:29.131  8888  8888 I FeedAppLifecycleLstnr: onEnterForeground called
10-30 14:47:29.132  8888  8888 I FeedSessionManagerImpl: onLifecycleEvent foreground
10-30 14:47:29.134  8888  8888 I FeedSessionManagerImpl: Lazy initialization triggered, getUpdateConsumer
10-30 14:47:29.134  8888  8945 I TaskQueue: Execute task [IMMEDIATE - d: true, b: 0]: 30
10-30 14:47:29.141  8888  8888 I FeedRequestManagerImpl: trigger refresh 2
10-30 14:47:29.142  8888  8888 I TaskQueue:  - task [HEAD_INVALIDATE - d: true, b: 0]: 26
10-30 14:47:29.142  8888  8888 I FeedAppLifecycleLstnr: initialize called
10-30 14:47:29.142  8888  8888 I FeedSessionManagerImpl: onLifecycleEvent initialize
10-30 14:47:29.142  8888  8888 W FeedSessionManagerImpl: FeedSessionManagerImpl has previously been initialized
10-30 14:47:29.182  8888  8888 I ViewConfigCompat: Could not find method getScaledScrollFactor() on ViewConfiguration
10-30 14:47:29.187  8888  8888 I BasicStream: Setting 2 header views, currently have 0 headers
10-30 14:47:29.189  8888  8888 I BasicStream: Setting 2 header views, currently have 2 headers
10-30 14:47:29.258   600   619 D BluetoothManagerService: Message: 20
10-30 14:47:29.258   600   619 D BluetoothManagerService: Added callback: android.bluetooth.IBluetoothManagerCallback$Stub$Proxy@bf493cf:true
10-30 14:47:29.273  8888  8888 E cr_IntentUtils: getBooleanExtra failed on intent null
10-30 14:47:29.285  8923  8936 I cr_LibraryLoader: Loaded native library version number "85.0.4183.127"
10-30 14:47:29.286  8923  8936 I cr_CachingUmaRecorder: Flushed 1 samples from 1 histograms.
10-30 14:47:29.287  8888  8888 I TimeoutSessionImpl: Using TimeoutSessionImpl
10-30 14:47:29.287  8888  8888 I FeedSessionManagerImpl: Delaying populateSession until initialization is finished
10-30 14:47:29.287  8888  8888 I TaskQueue:  - task [IMMEDIATE - d: true, b: 1]: 13
10-30 14:47:29.287  8888  8888 I MainThreadRunner: Running task [BasicStream onShow] on the Main Thread with a delay of 500 milliseconds
10-30 14:47:29.344   600  6312 I ActivityManager: Start proc 9025:com.android.chrome:sandboxed_process1/u0i466 for service com.android.chrome/org.chromium.content.app.SandboxedProcessService1
10-30 14:47:29.384   600  3994 I ActivityManager: Start proc 9035:com.android.chrome:sandboxed_process2/u0i467 for service com.android.chrome/org.chromium.content.app.SandboxedProcessService2
10-30 14:47:29.419   600  1076 I ActivityManager: Start proc 9047:com.android.chrome:sandboxed_process3/u0i468 for service com.android.chrome/org.chromium.content.app.SandboxedProcessService3
10-30 14:47:29.431  8888  8898 W art     : Suspending all threads took: 6.423ms
10-30 14:47:29.437   600 17381 I ActivityManager: Start proc 9056:com.android.chrome:sandboxed_process4/u0i469 for service com.android.chrome/org.chromium.content.app.SandboxedProcessService4
10-30 14:47:29.457  8888  8898 I art     : Background sticky concurrent mark sweep GC freed 342(39KB) AllocSpace objects, 5(128KB) LOS objects, 0% free, 10MB/10MB, paused 10.052ms total 40.812ms
10-30 14:47:29.478   600 16391 I ActivityManager: Start proc 9079:com.android.chrome:sandboxed_process5/u0i470 for service com.android.chrome/org.chromium.content.app.SandboxedProcessService5
10-30 14:47:29.513   600 29683 I ActivityManager: Start proc 9090:com.android.chrome:sandboxed_process6/u0i471 for service com.android.chrome/org.chromium.content.app.SandboxedProcessService6
10-30 14:47:29.561  9025  9025 W dboxed_process1: type=1400 audit(0.0:7526): avc: denied { getattr } for path="/data/data/com.android.chrome" dev="dm-2" ino=12190 scontext=u:r:isolated_app:s0:c512,c768 tcontext=u:object_r:app_data_file:s0:c512,c768 tclass=dir permissive=0
10-30 14:47:29.583   600  6312 I ActivityManager: Start proc 9111:com.android.chrome:sandboxed_process7/u0i472 for service com.android.chrome/org.chromium.content.app.SandboxedProcessService7
10-30 14:47:29.601  9047  9047 W dboxed_process3: type=1400 audit(0.0:7527): avc: denied { getattr } for path="/data/data/com.android.chrome" dev="dm-2" ino=12190 scontext=u:r:isolated_app:s0:c512,c768 tcontext=u:object_r:app_data_file:s0:c512,c768 tclass=dir permissive=0
10-30 14:47:29.688   600   610 I ActivityManager: Start proc 9118:com.android.chrome:sandboxed_process8/u0i473 for service com.android.chrome/org.chromium.content.app.SandboxedProcessService8
10-30 14:47:29.713  8888  8888 I PlayCore: UID: [10035]  PID: [8888] SplitInstallService : deferredInstall([image_editor])
10-30 14:47:29.727  8888  8898 I art     : Background partial concurrent mark sweep GC freed 19523(974KB) AllocSpace objects, 5(1156KB) LOS objects, 40% free, 9MB/15MB, paused 17.165ms total 263.623ms
10-30 14:47:29.735  9035  9035 W dboxed_process2: type=1400 audit(0.0:7528): avc: denied { getattr } for path="/data/data/com.android.chrome" dev="dm-2" ino=12190 scontext=u:r:isolated_app:s0:c512,c768 tcontext=u:object_r:app_data_file:s0:c512,c768 tclass=dir permissive=0
10-30 14:47:29.761  9025  9025 I cr_ChildProcessService: Creating new ChildProcessService pid=9025
10-30 14:47:29.781  9056  9056 W dboxed_process4: type=1400 audit(0.0:7529): avc: denied { getattr } for path="/data/data/com.android.chrome" dev="dm-2" ino=12190 scontext=u:r:isolated_app:s0:c512,c768 tcontext=u:object_r:app_data_file:s0:c512,c768 tclass=dir permissive=0
10-30 14:47:29.825  9047  9047 I cr_ChildProcessService: Creating new ChildProcessService pid=9047
10-30 14:47:29.828  9090  9090 W dboxed_process6: type=1400 audit(0.0:7530): avc: denied { getattr } for path="/data/data/com.android.chrome" dev="dm-2" ino=12190 scontext=u:r:isolated_app:s0:c512,c768 tcontext=u:object_r:app_data_file:s0:c512,c768 tclass=dir permissive=0
10-30 14:47:29.862  8888  8888 I Choreographer: Skipped 59 frames!  The application may be doing too much work on its main thread.
10-30 14:47:29.868  9079  9079 W dboxed_process5: type=1400 audit(0.0:7531): avc: denied { getattr } for path="/data/data/com.android.chrome" dev="dm-2" ino=12190 scontext=u:r:isolated_app:s0:c512,c768 tcontext=u:object_r:app_data_file:s0:c512,c768 tclass=dir permissive=0
10-30 14:47:29.888  8888  9139 I PlayCore: UID: [10035]  PID: [8888] SplitInstallService : Initiate binding to the service.
10-30 14:47:29.960  9035  9035 I cr_ChildProcessService: Creating new ChildProcessService pid=9035
10-30 14:47:29.981  9056  9056 I cr_ChildProcessService: Creating new ChildProcessService pid=9056
10-30 14:47:30.042  8888  8945 W SessionCache: Persisted Sessions were not found
10-30 14:47:30.043  8888  8945 I HeadSessionImpl: Initialize HEAD 0 items
10-30 14:47:30.043  8888  8945 I TaskQueue:  - task [BACKGROUND - d: true, b: 2]: 11
10-30 14:47:30.043  8888  8945 I TimingUtils: Task Timing 908ms, thread JardinExecutor | task : Initialization
10-30 14:47:30.043  8888  8945 I TaskQueue:  - Finished 30, time 909 ms
10-30 14:47:30.044  8888  8945 I TaskQueue: Execute task [HEAD_INVALIDATE - d: true, b: 2]: 26
10-30 14:47:30.044  8888  8945 I TimingUtils: Task Timing   0ms, thread JardinExecutor | task : getAllDismissLocalActions | size : 0
10-30 14:47:30.044  8888  8945 I TimingUtils: Task Timing   0ms, thread JardinExecutor | task : getSemanticProperties | size : 0
10-30 14:47:30.044  8888  8945 I MainThreadRunner: Running task [Check Tooltips] on the Main Thread
10-30 14:47:30.045  9111  9111 W dboxed_process7: type=1400 audit(0.0:7532): avc: denied { getattr } for path="/data/data/com.android.chrome" dev="dm-2" ino=12190 scontext=u:r:isolated_app:s0:c512,c768 tcontext=u:object_r:app_data_file:s0:c512,c768 tclass=dir permissive=0
10-30 14:47:30.045  8888  8945 I TaskQueue:  * Starting starvation checks
10-30 14:47:30.045  8888  8945 I MainThreadRunner: Running task [starvationChecks] on the Main Thread with a delay of 6000 milliseconds
10-30 14:47:30.045  8888  8945 I TaskQueue:  - Finished 26, time 1 ms
10-30 14:47:30.045  8888  8945 I TaskQueue: Execute task [IMMEDIATE - d: true, b: 1]: 13
10-30 14:47:30.046  8888  8945 I FeedSessionManagerImpl: shouldSessionRequestData; hasContent(false), contentCreationTime(0), outstandingRequest(true)
10-30 14:47:30.046  8888  8945 I MainThreadRunner: Running task [SchedulerApiWrapper shouldSessionRequestData] on the Main Thread
10-30 14:47:30.063  9090  9090 I cr_ChildProcessService: Creating new ChildProcessService pid=9090
10-30 14:47:30.105  9118  9118 W dboxed_process8: type=1400 audit(0.0:7533): avc: denied { getattr } for path="/data/data/com.android.chrome" dev="dm-2" ino=12190 scontext=u:r:isolated_app:s0:c512,c768 tcontext=u:object_r:app_data_file:s0:c512,c768 tclass=dir permissive=0
10-30 14:47:30.111  9079  9079 I cr_ChildProcessService: Creating new ChildProcessService pid=9079
10-30 14:47:30.243  8888  8888 I cr_tabmodel: Appending tabs being restored to metadata lists, 0, startingNormalCount: 1, startingIncognitoCount: 0
10-30 14:47:30.243  8888  8888 I cr_tabmodel: Serializing tab lists; counts: 1, 0
10-30 14:47:30.254  9025  9142 I cr_LibraryLoader: Loaded native library version number "85.0.4183.127"
10-30 14:47:30.254  9025  9142 I cr_CachingUmaRecorder: Flushed 1 samples from 1 histograms.
10-30 14:47:30.260  9047  9146 I cr_LibraryLoader: Loaded native library version number "85.0.4183.127"
10-30 14:47:30.267  9047  9146 I cr_CachingUmaRecorder: Flushed 1 samples from 1 histograms.
10-30 14:47:30.270  9111  9111 I cr_ChildProcessService: Creating new ChildProcessService pid=9111
10-30 14:47:30.315  9118  9118 I cr_ChildProcessService: Creating new ChildProcessService pid=9118
10-30 14:47:30.348  9056  9148 I cr_LibraryLoader: Loaded native library version number "85.0.4183.127"
10-30 14:47:30.349  9056  9148 I cr_CachingUmaRecorder: Flushed 1 samples from 1 histograms.
10-30 14:47:30.349  9035  9147 I cr_LibraryLoader: Loaded native library version number "85.0.4183.127"
10-30 14:47:30.350  9035  9147 I cr_CachingUmaRecorder: Flushed 1 samples from 1 histograms.
10-30 14:47:30.376  9079  9151 I cr_LibraryLoader: Loaded native library version number "85.0.4183.127"
10-30 14:47:30.377  9079  9151 I cr_CachingUmaRecorder: Flushed 1 samples from 1 histograms.
10-30 14:47:30.387  9090  9149 I cr_LibraryLoader: Loaded native library version number "85.0.4183.127"
10-30 14:47:30.388  9090  9149 I cr_CachingUmaRecorder: Flushed 1 samples from 1 histograms.
10-30 14:47:30.454  9111  9154 I cr_LibraryLoader: Loaded native library version number "85.0.4183.127"
10-30 14:47:30.455  9111  9154 I cr_CachingUmaRecorder: Flushed 1 samples from 1 histograms.
10-30 14:47:30.473  9118  9155 I cr_LibraryLoader: Loaded native library version number "85.0.4183.127"
10-30 14:47:30.483  9047  9146 I chromium: [INFO:child_process_service.cc(69)] ChildProcessService: Exiting child process.
10-30 14:47:30.486  9118  9155 I cr_CachingUmaRecorder: Flushed 1 samples from 1 histograms.
10-30 14:47:30.536  9025  9142 I chromium: [INFO:child_process_service.cc(69)] ChildProcessService: Exiting child process.
10-30 14:47:30.537  9079  9151 I chromium: [INFO:child_process_service.cc(69)] ChildProcessService: Exiting child process.
10-30 14:47:30.537  9035  9147 I chromium: [INFO:child_process_service.cc(69)] ChildProcessService: Exiting child process.
10-30 14:47:30.537   600  2707 I ActivityManager: Killing 9047:com.android.chrome:sandboxed_process3/u0a35i468 (adj 0): isolated not needed
10-30 14:47:30.538  9056  9148 I chromium: [INFO:child_process_service.cc(69)] ChildProcessService: Exiting child process.
10-30 14:47:30.546  9090  9149 I chromium: [INFO:child_process_service.cc(69)] ChildProcessService: Exiting child process.
10-30 14:47:30.563   600  3509 I ActivityManager: Start proc 9178:com.android.chrome:sandboxed_process9/u0i474 for service com.android.chrome/org.chromium.content.app.SandboxedProcessService9
10-30 14:47:30.566   197   197 E lowmemorykiller: Error writing /proc/9025/oom_score_adj; errno=22
10-30 14:47:30.568   197   197 E lowmemorykiller: Error writing /proc/9079/oom_score_adj; errno=22
10-30 14:47:30.569   197   197 E lowmemorykiller: Error writing /proc/9035/oom_score_adj; errno=22
10-30 14:47:30.570   197   197 E lowmemorykiller: Error writing /proc/9090/oom_score_adj; errno=22
10-30 14:47:30.572  8888  8888 I Choreographer: Skipped 41 frames!  The application may be doing too much work on its main thread.
10-30 14:47:30.574   197   197 E lowmemorykiller: Error writing /proc/9056/oom_score_adj; errno=22
10-30 14:47:30.574   600  1081 E JavaBinder: !!! FAILED BINDER TRANSACTION !!!  (parcel size = 76)
10-30 14:47:30.577   600  1081 E JavaBinder: !!! FAILED BINDER TRANSACTION !!!  (parcel size = 572)
10-30 14:47:30.580   600  1081 W ActivityManager: Exception when unbinding service com.android.chrome/org.chromium.content.app.SandboxedProcessService4
10-30 14:47:30.580   600  1081 W ActivityManager: android.os.DeadObjectException: Transaction failed on small parcel; remote process probably died
10-30 14:47:30.580   600  1081 W ActivityManager: 	at android.os.BinderProxy.transactNative(Native Method)
10-30 14:47:30.580   600  1081 W ActivityManager: 	at android.os.BinderProxy.transact(Binder.java:615)
10-30 14:47:30.580   600  1081 W ActivityManager: 	at android.app.ApplicationThreadProxy.scheduleUnbindService(ApplicationThreadNative.java:1016)
10-30 14:47:30.580   600  1081 W ActivityManager: 	at com.android.server.am.ActiveServices.removeConnectionLocked(ActiveServices.java:2175)
10-30 14:47:30.580   600  1081 W ActivityManager: 	at com.android.server.am.ActiveServices.unbindServiceLocked(ActiveServices.java:1163)
10-30 14:47:30.580   600  1081 W ActivityManager: 	at com.android.server.am.ActivityManagerService.unbindService(ActivityManagerService.java:17309)
10-30 14:47:30.580   600  1081 W ActivityManager: 	at android.app.ActivityManagerNative.onTransact(ActivityManagerNative.java:1145)
10-30 14:47:30.580   600  1081 W ActivityManager: 	at com.android.server.am.ActivityManagerService.onTransact(ActivityManagerService.java:2795)
10-30 14:47:30.580   600  1081 W ActivityManager: 	at android.os.Binder.execTransact(Binder.java:565)
10-30 14:47:30.580   600  1081 E JavaBinder: !!! FAILED BINDER TRANSACTION !!!  (parcel size = 76)
10-30 14:47:30.580   600  1081 I ActivityManager: Killing 9090:com.android.chrome:sandboxed_process6/u0a35i471 (adj 0): isolated not needed
10-30 14:47:30.580   197   197 E lowmemorykiller: Error writing /proc/9056/oom_score_adj; errno=22
10-30 14:47:30.580   600  1081 I ActivityManager: Killing 9035:com.android.chrome:sandboxed_process2/u0a35i467 (adj 0): isolated not needed
10-30 14:47:30.580   600  1081 I ActivityManager: Killing 9079:com.android.chrome:sandboxed_process5/u0a35i470 (adj 0): isolated not needed
10-30 14:47:30.580   600  1081 I ActivityManager: Killing 9025:com.android.chrome:sandboxed_process1/u0a35i466 (adj 0): isolated not needed
10-30 14:47:30.586   600  9614 D ActivityManager: cleanUpApplicationRecord -- 9079
10-30 14:47:30.589   600  9614 I ActivityManager: Killing 9056:com.android.chrome:sandboxed_process4/u0a35i469 (adj 900): isolated not needed
10-30 14:47:30.593   600  3675 D ActivityManager: cleanUpApplicationRecord -- 9035
10-30 14:47:30.594   600  1080 D ActivityManager: cleanUpApplicationRecord -- 9056
10-30 14:47:30.595   600 27731 D ActivityManager: cleanUpApplicationRecord -- 9090
10-30 14:47:30.658  8888  8888 W chromium: [WARNING:compositor_view.cc(315)] Child process died (type=6) pid=9079)
10-30 14:47:30.659  8888  8888 W chromium: [WARNING:compositor_view.cc(315)] Child process died (type=6) pid=9035)
10-30 14:47:30.660  8888  8888 W chromium: [WARNING:compositor_view.cc(315)] Child process died (type=6) pid=9056)
10-30 14:47:30.663  8888  8888 W chromium: [WARNING:compositor_view.cc(315)] Child process died (type=6) pid=9090)
10-30 14:47:30.668   600  2707 I ActivityManager: Killing 9111:com.android.chrome:sandboxed_process7/u0a35i472 (adj 0): isolated not needed
10-30 14:47:30.690  8888  8888 I TaskQueue:  - task [IMMEDIATE - d: true, b: 1]: 27
10-30 14:47:30.696  8888  8945 I FeedSessionManagerImpl: shouldSessionRequestDataResult: NO_REQUEST_WITH_WAIT, shouldMakeRequest(false), withTimeout(false), withAppend(false)
10-30 14:47:30.696  8888  8945 I TaskQueue:  - task [USER_FACING - d: true, b: 2]: 24
10-30 14:47:30.696  8888  8945 I TaskQueue:  - Finished 13, time 652 ms
10-30 14:47:30.696  8888  8945 I TaskQueue: Execute task [IMMEDIATE - d: true, b: 2]: 27
10-30 14:47:30.698  8888  8945 I FeedRequestManagerImpl: Consistency Token: # hU2@7bca4
10-30 14:47:30.725   600  3994 I ActivityManager: Start proc 9194:com.android.chrome:sandboxed_process10/u0i475 for service com.android.chrome/org.chromium.content.app.SandboxedProcessService10
10-30 14:47:30.738  8888  8945 I FeedRequestManagerImpl: Capability: FEED_UI
10-30 14:47:30.738  8888  8945 I FeedRequestManagerImpl: Capability: UNDOABLE_ACTIONS
10-30 14:47:30.738  8888  8945 I FeedRequestManagerImpl: Capability: MANAGE_INTERESTS
10-30 14:47:30.738  8888  8945 I FeedRequestManagerImpl: Capability: SEND_FEEDBACK
10-30 14:47:30.738  8888  8945 I FeedRequestManagerImpl: Capability: ARTICLE_SNIPPETS
10-30 14:47:30.738  8888  8945 I FeedRequestManagerImpl: Capability: CLICK_ACTION
10-30 14:47:30.738  8888  8945 I FeedRequestManagerImpl: Capability: VIEW_ACTION
10-30 14:47:30.738  8888  8945 I FeedRequestManagerImpl: Capability: REPORT_FEED_USER_ACTIONS_NOTICE_CARD
10-30 14:47:30.738  8888  8945 I FeedRequestManagerImpl: Capability: BASE_UI
10-30 14:47:30.763  9118  9118 I cr_ChildProcessService: Destroying ChildProcessService pid=9118
10-30 14:47:30.764  8888  8945 I FeedRequestManagerImpl: Making Request: /httpservice/noretry/DiscoverClankService/FeedQuery
10-30 14:47:30.764  8888  8945 I MainThreadRunner: Running task [NetworkClientWrapper send] on the Main Thread
10-30 14:47:30.773   600   613 I ActivityManager: Killing 9118:com.android.chrome:sandboxed_process8/u0a35i473 (adj 0): isolated not needed
10-30 14:47:30.788  8888  8945 I TaskQueue:  - Finished 27, time 74 ms
10-30 14:47:30.851   600  1079 D ActivityManager: cleanUpApplicationRecord -- 9025
10-30 14:47:30.875  9178  9178 W dboxed_process9: type=1400 audit(0.0:7534): avc: denied { getattr } for path="/data/data/com.android.chrome" dev="dm-2" ino=12190 scontext=u:r:isolated_app:s0:c512,c768 tcontext=u:object_r:app_data_file:s0:c512,c768 tclass=dir permissive=0
10-30 14:47:30.882  8888  8888 W chromium: [WARNING:compositor_view.cc(315)] Child process died (type=6) pid=9025)
10-30 14:47:30.897   600  9614 I ActivityManager: Start proc 9210:com.android.chrome:sandboxed_process11/u0i476 for service com.android.chrome/org.chromium.content.app.SandboxedProcessService11
10-30 14:47:30.960  8888  8922 I cr_BindingManager: Moderate binding enabled: maxSize=40
10-30 14:47:31.001   600   713 D ActivityManager: cleanUpApplicationRecord -- 9111
10-30 14:47:31.011   600 16391 D ActivityManager: cleanUpApplicationRecord -- 9118
10-30 14:47:31.035  9023  9023 D AndroidRuntime: >>>>>> START com.android.internal.os.RuntimeInit uid 2000 <<<<<<
10-30 14:47:31.048  9178  9178 I cr_ChildProcessService: Creating new ChildProcessService pid=9178
10-30 14:47:31.055  9194  9194 W boxed_process10: type=1400 audit(0.0:7535): avc: denied { getattr } for path="/data/data/com.android.chrome" dev="dm-2" ino=12190 scontext=u:r:isolated_app:s0:c512,c768 tcontext=u:object_r:app_data_file:s0:c512,c768 tclass=dir permissive=0
10-30 14:47:31.062  9023  9023 D AndroidRuntime: CheckJNI is OFF
10-30 14:47:31.078  9210  9210 W boxed_process11: type=1400 audit(0.0:7536): avc: denied { getattr } for path="/data/data/com.android.chrome" dev="dm-2" ino=12190 scontext=u:r:isolated_app:s0:c512,c768 tcontext=u:object_r:app_data_file:s0:c512,c768 tclass=dir permissive=0
10-30 14:47:31.083  9194  9194 I cr_ChildProcessService: Creating new ChildProcessService pid=9194
10-30 14:47:31.130  9210  9210 I cr_ChildProcessService: Creating new ChildProcessService pid=9210
10-30 14:47:31.148  8888  8888 W chromium: [WARNING:compositor_view.cc(315)] Child process died (type=6) pid=9111)
10-30 14:47:31.165  8888  8888 W chromium: [WARNING:compositor_view.cc(315)] Child process died (type=6) pid=9118)
10-30 14:47:31.181  8888  8945 W cr_CrashFileManager: /data/user/0/com.android.chrome/cache/Crash Reports does not exist or is not a directory
10-30 14:47:31.181  8888  8945 W cr_CrashFileManager: /data/user/0/com.android.chrome/cache/Crash Reports does not exist or is not a directory
10-30 14:47:31.181  8888  8945 W cr_CrashFileManager: /data/user/0/com.android.chrome/cache/Crash Reports does not exist or is not a directory
10-30 14:47:31.182  8888  8944 W InstanceID: Instance ID SDK is deprecated, com.android.chrome should update to use Firebase Instance ID
10-30 14:47:31.186  9178  9223 I cr_LibraryLoader: Loaded native library version number "85.0.4183.127"
10-30 14:47:31.186  9178  9223 I cr_CachingUmaRecorder: Flushed 1 samples from 1 histograms.
10-30 14:47:31.193  9194  9224 I cr_LibraryLoader: Loaded native library version number "85.0.4183.127"
10-30 14:47:31.196   600  1081 I ActivityManager: Start proc 9228:com.android.chrome:sandboxed_process12/u0i477 for service com.android.chrome/org.chromium.content.app.SandboxedProcessService12
10-30 14:47:31.196  9194  9224 I cr_CachingUmaRecorder: Flushed 1 samples from 1 histograms.
10-30 14:47:31.207  8888  8945 I cr_FileUtils: Writing to /data/user/0/com.android.chrome/app_dex/webapk7.dex
10-30 14:47:31.265   600 13631 I ActivityManager: Start proc 9235:com.android.chrome:sandboxed_process13/u0i478 for service com.android.chrome/org.chromium.content.app.SandboxedProcessService13
10-30 14:47:31.266   600 17381 D ActivityManager: cleanUpApplicationRecord -- 9047
10-30 14:47:31.315  8888  8888 W chromium: [WARNING:compositor_view.cc(315)] Child process died (type=6) pid=9047)
10-30 14:47:31.352  9178  9223 I chromium: [INFO:child_process_service.cc(69)] ChildProcessService: Exiting child process.
10-30 14:47:31.361   600 13558 I ActivityManager: Start proc 9262:com.android.chrome:sandboxed_process14/u0i479 for service com.android.chrome/org.chromium.content.app.SandboxedProcessService14
10-30 14:47:31.364   197   197 E lowmemorykiller: Error writing /proc/9178/oom_score_adj; errno=22
10-30 14:47:31.365   600  3675 E JavaBinder: !!! FAILED BINDER TRANSACTION !!!  (parcel size = 76)
10-30 14:47:31.365   600  3675 E JavaBinder: !!! FAILED BINDER TRANSACTION !!!  (parcel size = 572)
10-30 14:47:31.365   600  3675 W ActivityManager: Exception when unbinding service com.android.chrome/org.chromium.content.app.SandboxedProcessService9
10-30 14:47:31.365   600  3675 W ActivityManager: android.os.DeadObjectException: Transaction failed on small parcel; remote process probably died
10-30 14:47:31.365   600  3675 W ActivityManager: 	at android.os.BinderProxy.transactNative(Native Method)
10-30 14:47:31.365   600  3675 W ActivityManager: 	at android.os.BinderProxy.transact(Binder.java:615)
10-30 14:47:31.365   600  3675 W ActivityManager: 	at android.app.ApplicationThreadProxy.scheduleUnbindService(ApplicationThreadNative.java:1016)
10-30 14:47:31.365   600  3675 W ActivityManager: 	at com.android.server.am.ActiveServices.removeConnectionLocked(ActiveServices.java:2175)
10-30 14:47:31.365   600  3675 W ActivityManager: 	at com.android.server.am.ActiveServices.unbindServiceLocked(ActiveServices.java:1163)
10-30 14:47:31.365   600  3675 W ActivityManager: 	at com.android.server.am.ActivityManagerService.unbindService(ActivityManagerService.java:17309)
10-30 14:47:31.365   600  3675 W ActivityManager: 	at android.app.ActivityManagerNative.onTransact(ActivityManagerNative.java:1145)
10-30 14:47:31.365   600  3675 W ActivityManager: 	at com.android.server.am.ActivityManagerService.onTransact(ActivityManagerService.java:2795)
10-30 14:47:31.365   600  3675 W ActivityManager: 	at android.os.Binder.execTransact(Binder.java:565)
10-30 14:47:31.365   600  3675 E JavaBinder: !!! FAILED BINDER TRANSACTION !!!  (parcel size = 76)
10-30 14:47:31.366   197   197 E lowmemorykiller: Error writing /proc/9178/oom_score_adj; errno=22
10-30 14:47:31.377   197   197 E lowmemorykiller: Error writing /proc/9178/oom_score_adj; errno=22
10-30 14:47:31.377   600  3507 I ActivityManager: Killing 9178:com.android.chrome:sandboxed_process9/u0a35i474 (adj 900): isolated not needed
10-30 14:47:31.380  9194  9224 I chromium: [INFO:child_process_service.cc(69)] ChildProcessService: Exiting child process.
10-30 14:47:31.381   197   197 E lowmemorykiller: Error writing /proc/9194/oom_score_adj; errno=22
10-30 14:47:31.386   600  1079 D ActivityManager: cleanUpApplicationRecord -- 9178
10-30 14:47:31.387   600  1079 I ActivityManager: Killing 9194:com.android.chrome:sandboxed_process10/u0a35i475 (adj 0): isolated not needed
10-30 14:47:31.399  8888  8888 W chromium: [WARNING:compositor_view.cc(315)] Child process died (type=6) pid=9178)
10-30 14:47:31.404  8888  8888 W chromium: [WARNING:compositor_view.cc(315)] Child process died (type=6) pid=9194)
10-30 14:47:31.408  9210  9225 I cr_LibraryLoader: Loaded native library version number "85.0.4183.127"
10-30 14:47:31.408  9210  9225 I cr_CachingUmaRecorder: Flushed 1 samples from 1 histograms.
10-30 14:47:31.427   600  1076 I ActivityManager: Start proc 9270:com.android.chrome:sandboxed_process15/u0i480 for service com.android.chrome/org.chromium.content.app.SandboxedProcessService15
10-30 14:47:31.427   600  7064 D ActivityManager: cleanUpApplicationRecord -- 9194
10-30 14:47:31.556   600  1080 I ActivityManager: Killing 9210:com.android.chrome:sandboxed_process11/u0a35i476 (adj 0): isolated not needed
10-30 14:47:31.558  6173  6657 I Icing   : IndexChimeraService.getServiceInterface callingPackage=com.android.chrome componentName=null serviceId=36
10-30 14:47:31.605  6173  6183 I art     : Background sticky concurrent mark sweep GC freed 8204(540KB) AllocSpace objects, 6(120KB) LOS objects, 19% free, 6MB/8MB, paused 17.646ms total 44.418ms
10-30 14:47:31.638  9228  9228 W boxed_process12: type=1400 audit(0.0:7537): avc: denied { getattr } for path="/data/data/com.android.chrome" dev="dm-2" ino=12190 scontext=u:r:isolated_app:s0:c512,c768 tcontext=u:object_r:app_data_file:s0:c512,c768 tclass=dir permissive=0
10-30 14:47:31.646  9023  9023 D ICU     : No timezone override file found: /data/misc/zoneinfo/current/icu/icu_tzdata.dat
10-30 14:47:31.651  9262  9262 W boxed_process14: type=1400 audit(0.0:7538): avc: denied { getattr } for path="/data/data/com.android.chrome" dev="dm-2" ino=12190 scontext=u:r:isolated_app:s0:c512,c768 tcontext=u:object_r:app_data_file:s0:c512,c768 tclass=dir permissive=0
10-30 14:47:31.665  9235  9235 W boxed_process13: type=1400 audit(0.0:7539): avc: denied { getattr } for path="/data/data/com.android.chrome" dev="dm-2" ino=12190 scontext=u:r:isolated_app:s0:c512,c768 tcontext=u:object_r:app_data_file:s0:c512,c768 tclass=dir permissive=0
10-30 14:47:31.687  9246  9246 I dex2oat : /system/bin/dex2oat --dex-file=/data/user/0/com.android.chrome/app_dex/webapk7.dex --oat-fd=235 --oat-location=/data/user/0/com.android.chrome/app_dex/oat/arm/webapk7.dex --compiler-filter=speed
10-30 14:47:31.697  9023  9023 I Radio-JNI: register_android_hardware_Radio DONE
10-30 14:47:31.717  9023  9023 D AndroidRuntime: Calling main entry com.android.commands.am.Am
10-30 14:47:31.789  8888  8888 W chromium: [WARNING:compositor_view.cc(315)] Child process died (type=6) pid=9210)
10-30 14:47:31.801   600   610 I ActivityManager: Start proc 9304:com.android.chrome:sandboxed_process16/u0i481 for service com.android.chrome/org.chromium.content.app.SandboxedProcessService16
10-30 14:47:31.802   600  7064 D ActivityManager: cleanUpApplicationRecord -- 9210
10-30 14:47:31.814  6173  6738 I Icing   : IndexChimeraService.getServiceInterface callingPackage=com.android.chrome componentName=null serviceId=36
10-30 14:47:31.837  9235  9235 I cr_ChildProcessService: Creating new ChildProcessService pid=9235
10-30 14:47:31.841   600  1080 I ActivityManager: Start proc 9310:com.android.chrome:sandboxed_process17/u0i482 for service com.android.chrome/org.chromium.content.app.SandboxedProcessService17
10-30 14:47:31.841   600   611 I ActivityManager: START u0 {act=android.intent.action.VIEW dat=http://geeksforgeeks.org/... flg=0x10000000 cmp=com.android.chrome/com.google.android.apps.chrome.Main} from uid 2000 on display 0
10-30 14:47:31.846   600  1082 W ActivityManager: Unable to start service Intent { act=com.google.android.play.core.splitinstall.BIND_SPLIT_INSTALL_SERVICE pkg=com.android.vending } U=0: not found
10-30 14:47:31.850  9023  9023 D AndroidRuntime: Shutting down VM
10-30 14:47:31.886  9228  9228 I cr_ChildProcessService: Creating new ChildProcessService pid=9228
10-30 14:47:31.894  9262  9262 I cr_ChildProcessService: Creating new ChildProcessService pid=9262
10-30 14:47:31.900   600  6312 I ActivityManager: Start proc 9317:com.android.chrome:sandboxed_process18/u0i483 for service com.android.chrome/org.chromium.content.app.SandboxedProcessService18
