10-30 14:48:21.331  9663  9663 W CrUtilityMain: type=1400 audit(0.0:7577): avc: denied { setattr } for name="safety_tips.pb" dev="dm-2" ino=56879 scontext=u:r:isolated_app:s0:c512,c768 tcontext=u:object_r:app_data_file:s0:c512,c768 tclass=file permissive=0
10-30 14:48:21.331  9663  9663 W CrUtilityMain: type=1400 audit(0.0:7578): avc: denied { setattr } for name="manifest.json" dev="dm-2" ino=57168 scontext=u:r:isolated_app:s0:c512,c768 tcontext=u:object_r:app_data_file:s0:c512,c768 tclass=file permissive=0
10-30 14:48:21.335  9663  9663 W CrUtilityMain: type=1400 audit(0.0:7579): avc: denied { setattr } for name="verified_contents.json" dev="dm-2" ino=57218 scontext=u:r:isolated_app:s0:c512,c768 tcontext=u:object_r:app_data_file:s0:c512,c768 tclass=file permissive=0
10-30 14:48:21.341  9650  9650 I cr_ChildProcessService: Destroying ChildProcessService pid=9650
10-30 14:48:21.343  9650  9663 I chromium: [INFO:child_process_service.cc(69)] ChildProcessService: Exiting child process.
10-30 14:48:21.362   600  2707 I ActivityManager: Process com.android.chrome:sandboxed_process29 (pid 9650) has died
10-30 14:48:21.362   600  2707 D ActivityManager: cleanUpApplicationRecord -- 9650
10-30 14:48:21.365   787  1261 W Icing   : isOptedInForAppHistory: empty Account Name encountered
10-30 14:48:21.366  8888  8888 W chromium: [WARNING:compositor_view.cc(315)] Child process died (type=6) pid=9650)
10-30 14:48:22.063  9460  9460 D MonkeyStub: translateCommand: tap 355 362
10-30 14:48:22.500   787  1258 E AsyncOperation: serviceID=121, operation=GetLaunchDataOperation [CONTEXT service_id=259 ]
10-30 14:48:22.500   787  1258 E AsyncOperation: OperationException[Status{statusCode=Not an instant app, resolution=null}]
10-30 14:48:22.500   787  1258 E AsyncOperation: 	at aeay.a(:com.google.android.gms@203915020@20.39.15 (040406-335085812):20)
10-30 14:48:22.500   787  1258 E AsyncOperation: 	at aain.run(:com.google.android.gms@203915020@20.39.15 (040406-335085812):7)
10-30 14:48:22.500   787  1258 E AsyncOperation: 	at boex.run(:com.google.android.gms@203915020@20.39.15 (040406-335085812):2)
10-30 14:48:22.500   787  1258 E AsyncOperation: 	at sup.b(:com.google.android.gms@203915020@20.39.15 (040406-335085812):12)
10-30 14:48:22.500   787  1258 E AsyncOperation: 	at sup.run(:com.google.android.gms@203915020@20.39.15 (040406-335085812):7)
10-30 14:48:22.500   787  1258 E AsyncOperation: 	at java.util.concurrent.ThreadPoolExecutor.runWorker(ThreadPoolExecutor.java:1133)
10-30 14:48:22.500   787  1258 E AsyncOperation: 	at java.util.concurrent.ThreadPoolExecutor$Worker.run(ThreadPoolExecutor.java:607)
10-30 14:48:22.500   787  1258 E AsyncOperation: 	at tam.run(:com.google.android.gms@203915020@20.39.15 (040406-335085812):0)
10-30 14:48:22.500   787  1258 E AsyncOperation: 	at java.lang.Thread.run(Thread.java:761)
10-30 14:48:23.676   600 13631 I ActivityManager: Start proc 9669:com.android.chrome:sandboxed_process30/u0i495 for service com.android.chrome/org.chromium.content.app.SandboxedProcessService30
10-30 14:48:23.721  9669  9669 W boxed_process30: type=1400 audit(0.0:7580): avc: denied { getattr } for path="/data/data/com.android.chrome" dev="dm-2" ino=12190 scontext=u:r:isolated_app:s0:c512,c768 tcontext=u:object_r:app_data_file:s0:c512,c768 tclass=dir permissive=0
10-30 14:48:23.746  9669  9669 I cr_ChildProcessService: Creating new ChildProcessService pid=9669
10-30 14:48:23.794  9669  9682 I cr_LibraryLoader: Loaded native library version number "85.0.4183.127"
10-30 14:48:23.794  9669  9682 I cr_CachingUmaRecorder: Flushed 1 samples from 1 histograms.
10-30 14:48:23.815  9682  9682 W CrUtilityMain: type=1400 audit(0.0:7581): avc: denied { setattr } for name=5072656C6F61642044617461 dev="dm-2" ino=57076 scontext=u:r:isolated_app:s0:c512,c768 tcontext=u:object_r:app_data_file:s0:c512,c768 tclass=file permissive=0
10-30 14:48:23.815  9682  9682 W CrUtilityMain: type=1400 audit(0.0:7582): avc: denied { setattr } for name="manifest.json" dev="dm-2" ino=57077 scontext=u:r:isolated_app:s0:c512,c768 tcontext=u:object_r:app_data_file:s0:c512,c768 tclass=file permissive=0
10-30 14:48:23.815  9682  9682 W CrUtilityMain: type=1400 audit(0.0:7583): avc: denied { setattr } for name="verified_contents.json" dev="dm-2" ino=57251 scontext=u:r:isolated_app:s0:c512,c768 tcontext=u:object_r:app_data_file:s0:c512,c768 tclass=file permissive=0
10-30 14:48:23.832  9669  9669 I cr_ChildProcessService: Destroying ChildProcessService pid=9669
10-30 14:48:23.862  9669  9682 I chromium: [INFO:child_process_service.cc(69)] ChildProcessService: Exiting child process.
10-30 14:48:23.882   600  7064 I ActivityManager: Process com.android.chrome:sandboxed_process30 (pid 9669) has died
10-30 14:48:23.882   600  7064 D ActivityManager: cleanUpApplicationRecord -- 9669
10-30 14:48:23.889  8888  8888 W chromium: [WARNING:compositor_view.cc(315)] Child process died (type=6) pid=9669)
10-30 14:48:24.630   787   806 W Icing   : isOptedInForAppHistory: empty Account Name encountered
10-30 14:48:24.645   787   806 W Icing   : isOptedInForAppHistory: empty Account Name encountered
10-30 14:48:24.665   787  8279 W Icing   : isOptedInForAppHistory: empty Account Name encountered
10-30 14:48:26.344   600  1076 I ActivityManager: Start proc 9688:com.android.chrome:sandboxed_process31/u0i496 for service com.android.chrome/org.chromium.content.app.SandboxedProcessService31
10-30 14:48:26.398  9688  9688 W boxed_process31: type=1400 audit(0.0:7584): avc: denied { getattr } for path="/data/data/com.android.chrome" dev="dm-2" ino=12190 scontext=u:r:isolated_app:s0:c512,c768 tcontext=u:object_r:app_data_file:s0:c512,c768 tclass=dir permissive=0
10-30 14:48:26.432  9688  9688 I cr_ChildProcessService: Creating new ChildProcessService pid=9688
10-30 14:48:26.531  9688  9701 I cr_LibraryLoader: Loaded native library version number "85.0.4183.127"
10-30 14:48:26.531  9688  9701 I cr_CachingUmaRecorder: Flushed 1 samples from 1 histograms.
10-30 14:48:26.581  9701  9701 W CrUtilityMain: type=1400 audit(0.0:7585): avc: denied { setattr } for name="tls_deprecation_config.pb" dev="dm-2" ino=57436 scontext=u:r:isolated_app:s0:c512,c768 tcontext=u:object_r:app_data_file:s0:c512,c768 tclass=file permissive=0
10-30 14:48:26.585  9701  9701 W CrUtilityMain: type=1400 audit(0.0:7586): avc: denied { setattr } for name="manifest.json" dev="dm-2" ino=57394 scontext=u:r:isolated_app:s0:c512,c768 tcontext=u:object_r:app_data_file:s0:c512,c768 tclass=file permissive=0
10-30 14:48:26.588  9701  9701 W CrUtilityMain: type=1400 audit(0.0:7587): avc: denied { setattr } for name="verified_contents.json" dev="dm-2" ino=57469 scontext=u:r:isolated_app:s0:c512,c768 tcontext=u:object_r:app_data_file:s0:c512,c768 tclass=file permissive=0
10-30 14:48:26.594  9688  9701 I chromium: [INFO:child_process_service.cc(69)] ChildProcessService: Exiting child process.
10-30 14:48:26.595   197   197 E lowmemorykiller: Error writing /proc/9688/oom_score_adj; errno=22
10-30 14:48:26.616   600  1079 I ActivityManager: Process com.android.chrome:sandboxed_process31 (pid 9688) has died
10-30 14:48:26.616   600  1079 D ActivityManager: cleanUpApplicationRecord -- 9688
10-30 14:48:26.619  8888  8888 W chromium: [WARNING:compositor_view.cc(315)] Child process died (type=6) pid=9688)
10-30 14:48:26.939  8888  8888 I cr_tabmodel: Appending tabs being restored to metadata lists, 0, startingNormalCount: 2, startingIncognitoCount: 0
10-30 14:48:26.939  8888  8888 I cr_tabmodel: Serializing tab lists; counts: 2, 0
10-30 14:48:27.018   787 28591 W Icing   : isOptedInForAppHistory: empty Account Name encountered
10-30 14:48:27.043   787 28591 W Icing   : isOptedInForAppHistory: empty Account Name encountered
10-30 14:48:27.073   787  1261 W Icing   : isOptedInForAppHistory: empty Account Name encountered
10-30 14:48:29.171   600  1076 I ActivityManager: Process android.process.acore (pid 6678) has died
10-30 14:48:29.171   600  1076 D ActivityManager: cleanUpApplicationRecord -- 6678
10-30 14:48:30.191  9460  9460 D MonkeyStub: translateCommand: touch down 614 1561
10-30 14:48:30.210  9460  9460 D MonkeyStub: translateCommand: touch move 614 1561
10-30 14:48:30.319  9460  9460 D MonkeyStub: translateCommand: touch move 614 1436
10-30 14:48:30.438  9460  9460 D MonkeyStub: translateCommand: touch move 614 1311
10-30 14:48:30.548  9460  9460 D MonkeyStub: translateCommand: touch move 614 1186
10-30 14:48:30.658  9460  9460 D MonkeyStub: translateCommand: touch move 614 1061
10-30 14:48:30.772  9460  9460 D MonkeyStub: translateCommand: touch move 614 937
10-30 14:48:30.882  9460  9460 D MonkeyStub: translateCommand: touch move 614 812
10-30 14:48:30.995  9460  9460 D MonkeyStub: translateCommand: touch move 614 687
10-30 14:48:31.110  9460  9460 D MonkeyStub: translateCommand: touch move 614 562
10-30 14:48:31.217  9460  9460 D MonkeyStub: translateCommand: touch move 614 437
10-30 14:48:31.328  9460  9460 D MonkeyStub: translateCommand: touch move 614 312
10-30 14:48:31.339  9460  9460 D MonkeyStub: translateCommand: touch up 614 312
10-30 14:48:31.400  9460  9460 D MonkeyStub: translateCommand: touch down 614 1561
10-30 14:48:31.407  9460  9460 D MonkeyStub: translateCommand: touch move 614 1561
10-30 14:48:31.519  9460  9460 D MonkeyStub: translateCommand: touch move 614 1436
10-30 14:48:31.629  9460  9460 D MonkeyStub: translateCommand: touch move 614 1311
10-30 14:48:31.735  9460  9460 D MonkeyStub: translateCommand: touch move 614 1186
10-30 14:48:31.845  9460  9460 D MonkeyStub: translateCommand: touch move 614 1061
10-30 14:48:31.957  9460  9460 D MonkeyStub: translateCommand: touch move 614 937
10-30 14:48:32.070  9460  9460 D MonkeyStub: translateCommand: touch move 614 812
10-30 14:48:32.182  9460  9460 D MonkeyStub: translateCommand: touch move 614 687
10-30 14:48:32.294  9460  9460 D MonkeyStub: translateCommand: touch move 614 562
10-30 14:48:32.430  9460  9460 D MonkeyStub: translateCommand: touch move 614 437
10-30 14:48:32.557  9460  9460 D MonkeyStub: translateCommand: touch move 614 312
10-30 14:48:32.569  9460  9460 D MonkeyStub: translateCommand: touch up 614 312
10-30 14:48:37.660  9460  9460 D MonkeyStub: translateCommand: touch down 614 1561
10-30 14:48:37.671  9460  9460 D MonkeyStub: translateCommand: touch move 614 1561
10-30 14:48:37.781  9460  9460 D MonkeyStub: translateCommand: touch move 614 1436
10-30 14:48:37.891  9460  9460 D MonkeyStub: translateCommand: touch move 614 1311
10-30 14:48:38.003  9460  9460 D MonkeyStub: translateCommand: touch move 614 1186
10-30 14:48:38.118  9460  9460 D MonkeyStub: translateCommand: touch move 614 1061
10-30 14:48:38.236  9460  9460 D MonkeyStub: translateCommand: touch move 614 937
10-30 14:48:38.344  9460  9460 D MonkeyStub: translateCommand: touch move 614 812
10-30 14:48:38.458  9460  9460 D MonkeyStub: translateCommand: touch move 614 687
10-30 14:48:38.565  9460  9460 D MonkeyStub: translateCommand: touch move 614 562
10-30 14:48:38.680  9460  9460 D MonkeyStub: translateCommand: touch move 614 437
10-30 14:48:38.792  9460  9460 D MonkeyStub: translateCommand: touch move 614 312
10-30 14:48:38.807  9460  9460 D MonkeyStub: translateCommand: touch up 614 312
10-30 14:48:38.837  9460  9460 D MonkeyStub: Quit requested
10-30 14:48:38.867   600   614 I CwMcuSensor: CwMcuSensor::flush: fd = 240, sensors_id = 0, path = /sys/class/htc_sensorhub/sensor_hub/flush, err = 0
10-30 14:48:38.877  9460  9460 I art     : System.exit called, status: 114
10-30 14:48:38.877  9460  9460 I AndroidRuntime: VM exiting with result code 114.
10-30 14:48:38.899   600  1080 W WindowManager: Attempted to remove non-existing token: android.os.Binder@1da3064
10-30 14:48:50.509  6173  6738 I Icing   : IndexChimeraService.getServiceInterface callingPackage=com.android.chrome componentName=null serviceId=36
10-30 14:48:50.560  6173  6833 W Icing   : No valid account for uploading user actions
10-30 14:48:50.577  6173  6657 I Icing   : IndexChimeraService.getServiceInterface callingPackage=com.google.android.gms componentName=null serviceId=30
10-30 14:48:50.596   600   609 I art     : Background partial concurrent mark sweep GC freed 96402(4MB) AllocSpace objects, 33(820KB) LOS objects, 33% free, 16MB/25MB, paused 923us total 121.519ms
10-30 14:48:50.651  6173  6833 I Icing   : Usage reports ok 4, Failed Usage reports 0, indexed 3, rejected 0
10-30 14:48:50.654  6173  6833 W Icing   : No valid account for uploading user actions
10-30 14:48:50.661  6173  6833 I Icing   : Usage reports ok 0, Failed Usage reports 0, indexed 0, rejected 0
10-30 14:48:50.662  6173  6833 I Icing   : Indexing com.android.chrome-internal.3p:WebPage from com.android.chrome using seqno 0
10-30 14:48:50.675  6173  6833 I Icing   : Indexing com.android.chrome-omnibox from com.android.chrome
10-30 14:48:50.707  6173  6833 I Icing   : Indexing done com.android.chrome-omnibox
10-30 14:48:51.718   787 28590 W Icing   : isOptedInForAppHistory: empty Account Name encountered
10-30 14:48:51.756   787  8539 W Icing   : isOptedInForAppHistory: empty Account Name encountered
10-30 14:48:55.135  9721  9721 D AndroidRuntime: >>>>>> START com.android.internal.os.RuntimeInit uid 2000 <<<<<<
10-30 14:48:55.141  9721  9721 D AndroidRuntime: CheckJNI is OFF
10-30 14:48:55.229  9721  9721 D ICU     : No timezone override file found: /data/misc/zoneinfo/current/icu/icu_tzdata.dat
10-30 14:48:55.268  9721  9721 I Radio-JNI: register_android_hardware_Radio DONE
10-30 14:48:55.285  9721  9721 D AndroidRuntime: Calling main entry com.android.commands.am.Am
10-30 14:48:55.307   600   713 I ActivityManager: Force stopping com.android.chrome appid=10035 user=0: from pid 9721
10-30 14:48:55.307   600   713 I ActivityManager: Killing 8951:com.android.chrome:privileged_process0/u0a35 (adj 0): stop com.android.chrome
10-30 14:48:55.307   600   713 D ActivityManager: cleanUpApplicationRecord -- 8951
10-30 14:48:55.307   600   713 W ActivityManager: Scheduling restart of crashed service com.android.chrome/org.chromium.content.app.PrivilegedProcessService0 in 1000ms
10-30 14:48:55.307   600   713 I ActivityManager: Killing 8888:com.android.chrome/u0a35 (adj 0): stop com.android.chrome
10-30 14:48:55.307   600   713 D ActivityManager: cleanUpApplicationRecord -- 8888
10-30 14:48:55.309   600   713 I ActivityManager: Killing 9365:com.android.chrome:sandboxed_process21/u0a35i486 (adj 0): isolated not needed
10-30 14:48:55.325  8923  8923 I cr_ChildProcessService: Destroying ChildProcessService pid=8923
10-30 14:48:55.328   600   713 W ActivityManager: Force removing ActivityRecord{3359c82 u0 com.android.chrome/com.google.android.apps.chrome.Main t1775}: app died, no saved state
10-30 14:48:55.330  8923  8923 I art     : System.exit called, status: 0
10-30 14:48:55.330  8923  8923 I AndroidRuntime: VM exiting with result code 0, cleanup skipped.
10-30 14:48:55.340   600   713 I ActivityManager: Killing 8923:com.android.chrome:sandboxed_process0/u0a35i465 (adj 0): isolated not needed
10-30 14:48:55.364  9721  9721 D AndroidRuntime: Shutting down VM
10-30 14:48:55.369   600  1079 D ConnectivityService: ConnectivityService NetworkRequestInfo binderDied(NetworkRequest [ LISTEN id=1050, [ Capabilities: INTERNET&NOT_RESTRICTED&TRUSTED&FOREGROUND] ], android.os.BinderProxy@57ab9ac)
10-30 14:48:55.369   600 24515 D ConnectivityService: ConnectivityService NetworkRequestInfo binderDied(NetworkRequest [ LISTEN id=1049, [ Capabilities: INTERNET&NOT_RESTRICTED&TRUSTED&FOREGROUND] ], android.os.BinderProxy@dba675)
10-30 14:48:55.369   600  1080 D ConnectivityService: ConnectivityService NetworkRequestInfo binderDied(NetworkRequest [ LISTEN id=1051, [ Capabilities: INTERNET&NOT_RESTRICTED&TRUSTED&FOREGROUND] ], android.os.BinderProxy@dbbb60a)
10-30 14:48:55.369   600  1080 D ConnectivityService: ConnectivityService NetworkRequestInfo binderDied(NetworkRequest [ LISTEN id=1052, [ Capabilities: INTERNET&NOT_RESTRICTED&TRUSTED&FOREGROUND] ], android.os.BinderProxy@1fbe7b)
10-30 14:48:55.369   600 24515 D GraphicsStats: Buffer count: 2
10-30 14:48:55.371   600   649 E ConnectivityService: RemoteException caught trying to send a callback msg for NetworkRequest [ LISTEN id=1049, [ Capabilities: INTERNET&NOT_RESTRICTED&TRUSTED&FOREGROUND] ]
10-30 14:48:55.371   600   649 E ConnectivityService: RemoteException caught trying to send a callback msg for NetworkRequest [ LISTEN id=1051, [ Capabilities: INTERNET&NOT_RESTRICTED&TRUSTED&FOREGROUND] ]
10-30 14:48:55.372   600   649 E ConnectivityService: RemoteException caught trying to send a callback msg for NetworkRequest [ LISTEN id=1052, [ Capabilities: INTERNET&NOT_RESTRICTED&TRUSTED&FOREGROUND] ]
10-30 14:48:55.383   600   649 E ConnectivityService: RemoteException caught trying to send a callback msg for NetworkRequest [ LISTEN id=1050, [ Capabilities: INTERNET&NOT_RESTRICTED&TRUSTED&FOREGROUND] ]
10-30 14:48:55.391  1084  1171 I OpenGLRenderer: Initialized EGL, version 1.4
10-30 14:48:55.391  1084  1171 D OpenGLRenderer: Swap behavior 2
10-30 14:48:55.420  1061  1061 W ResourceType: ResTable_typeSpec entry count inconsistent: given 67, previously 69
10-30 14:48:55.421  1061  1061 W ResourceType: ResTable_typeSpec entry count inconsistent: given 5346, previously 5347
10-30 14:48:55.467  1061  1061 D RegisteredNfcFServicesCache: Service unchanged, not updating
10-30 14:48:55.513   600  7064 D ActivityManager: cleanUpApplicationRecord -- 8923
10-30 14:48:55.520   600 29683 D ActivityManager: cleanUpApplicationRecord -- 9365
10-30 14:48:55.603  5940  5952 I AttachedClient: Adding client event 2 to pending list.
10-30 14:48:55.608  5940  5940 I OptInState: There is a new client and it does not support opt-in. Dropping request.
10-30 14:48:55.610  5940  5940 I MicroDetectionWorker: Micro detection mode: [mDetectionMode: [1]].
10-30 14:48:55.626  5940  9739 I MicroRecognitionRunner: Starting detection.
10-30 14:48:55.630  5940  8938 I MicrophoneInputStream: mic_starting com.google.android.apps.gsa.speech.audio.ae@79e0087
10-30 14:48:55.641   238  9741 I AudioFlinger: AudioFlinger's thread 0xef692180 ready to run
10-30 14:48:55.650   238   285 I SoundTriggerHwService::Module: void android::SoundTriggerHwService::Module::onCallbackEvent(const sp<android::SoundTriggerHwService::CallbackEvent> &) mClient == 0
10-30 14:48:55.653  5940  8938 I MicrophoneInputStream: mic_started com.google.android.apps.gsa.speech.audio.ae@79e0087
10-30 14:48:55.682  5940  5950 I art     : Background sticky concurrent mark sweep GC freed 4096(229KB) AllocSpace objects, 0(0B) LOS objects, 7% free, 4MB/5MB, paused 11.025ms total 54.259ms
10-30 14:48:55.838  5940  5940 I MicroDetectionWorker: onReady
10-30 14:48:55.929  1084  1171 W OpenGLRenderer: Incorrectly called buildLayer on View: ShortcutAndWidgetContainer, destroying layer...
10-30 14:48:55.956  9734  9734 D AndroidRuntime: >>>>>> START com.android.internal.os.RuntimeInit uid 2000 <<<<<<
10-30 14:48:55.960  9734  9734 D AndroidRuntime: CheckJNI is OFF
10-30 14:48:56.027  9734  9734 D ICU     : No timezone override file found: /data/misc/zoneinfo/current/icu/icu_tzdata.dat
10-30 14:48:56.055  9734  9734 I Radio-JNI: register_android_hardware_Radio DONE
10-30 14:48:56.070  9734  9734 D AndroidRuntime: Calling main entry com.android.commands.pm.Pm
10-30 14:48:56.085   600 16391 I ActivityManager: Force stopping com.android.chrome appid=10035 user=0: clear data
10-30 14:48:56.087   600   613 I ActivityManager: Force stopping com.android.chrome appid=10035 user=-1: clearApplicationUserData
10-30 14:48:56.229  9734  9734 I art     : System.exit called, status: 0
10-30 14:48:56.229  9734  9734 I AndroidRuntime: VM exiting with result code 0.
10-30 14:48:56.232   787   787 I GeofencerStateMachine: removeGeofences: removeRequest=RemoveGeofencingRequest[REMOVE_ALL packageName=com.android.chrome]
10-30 14:48:56.237  1061  1061 D RegisteredNfcFServicesCache: Service unchanged, not updating
10-30 14:48:56.240   600   612 W ResourceType: No known package when getting value for resource number 0x7f080316
10-30 14:48:56.240   600   612 W ResourceType: No known package when getting value for resource number 0x7f130448
10-30 14:48:56.241   600   612 W ResourceType: No known package when getting value for resource number 0x7f080315
10-30 14:48:56.241   600   612 W ResourceType: No known package when getting value for resource number 0x7f130123
10-30 14:48:56.241   600   612 W ResourceType: No known package when getting value for resource number 0x7f130447
10-30 14:48:56.241   600   612 W ResourceType: No known package when getting value for resource number 0x7f1302e4
10-30 14:48:56.241   600   612 E ShortcutService: Ignoring excessive intent tag.
10-30 14:48:56.282  6173  6833 I Icing   : doRemovePackageData com.android.chrome
10-30 14:48:56.283  6173  6833 I Icing   : Removing corpus key com.android.chrome-.implicit: for package com.android.chrome
10-30 14:48:56.325   787  9763 I Fitness : FitCleanupIntentOperation received Intent android.intent.action.PACKAGE_DATA_CLEARED [CONTEXT service_id=17 ]
10-30 14:48:56.334  6173  6833 I native  : flash-index.cc:1519 Flash index sort hb 109 prefix-hits 238 -> 210 at 16.161ms
10-30 14:48:56.364  6173  6833 I Icing   : Removing corpus key com.android.chrome-internal.3p:WebPage for package com.android.chrome
10-30 14:48:56.391  6173  6833 I Icing   : Removing corpus key com.android.chrome-omnibox for package com.android.chrome
10-30 14:48:56.452  6173  6833 I Icing   : Starting compaction min disk 99.929% min index 99.991%
10-30 14:48:56.574  6173  6833 I native  : document-store.cc:1654 Scored 1848 usage reports, missing_corpora 983 update_failed 1
10-30 14:48:56.605  6173  6833 W native  : words-map.cc:30 INVALID_ARGUMENT: Empty URI
10-30 14:48:56.605  6173  6833 W native  : words-map.cc:34 WordsMap was not properly initialized
10-30 14:48:56.679  6173  6833 E native  : compactor.cc:67 Could not index embedding for docid 1: INTERNAL: Unable to find Thing Proto section 
10-30 14:48:56.679  6173  6833 E native  : compactor.cc:67 Could not index embedding for docid 3: INTERNAL: Unable to find Thing Proto section 
10-30 14:48:56.679  6173  6833 E native  : compactor.cc:67 Could not index embedding for docid 5: INTERNAL: Unable to find Thing Proto section 
10-30 14:48:56.680  6173  6833 E native  : compactor.cc:67 Could not index embedding for docid 7: INTERNAL: Unable to find Thing Proto section 
10-30 14:48:56.685  6173  6833 E native  : compactor.cc:67 Could not index embedding for docid 8: INTERNAL: Unable to find Thing Proto section 
10-30 14:48:56.686  6173  6833 E native  : compactor.cc:67 Could not index embedding for docid 10: INTERNAL: Unable to find Thing Proto section 
10-30 14:48:56.686  6173  6833 E native  : compactor.cc:67 Could not index embedding for docid 11: INTERNAL: Unable to find Thing Proto section 
10-30 14:48:56.686  6173  6833 E native  : compactor.cc:67 Could not index embedding for docid 13: INTERNAL: Unable to find Thing Proto section 
10-30 14:48:56.687  6173  6833 E native  : compactor.cc:67 Could not index embedding for docid 14: INTERNAL: Unable to find Thing Proto section 
10-30 14:48:56.691  6173  6833 E native  : compactor.cc:67 Could not index embedding for docid 17: INTERNAL: Unable to find Thing Proto section 
10-30 14:48:56.692  6173  6833 E native  : compactor.cc:67 Could not index embedding for docid 18: INTERNAL: Unable to find Thing Proto section 
10-30 14:48:56.692  6173  6833 E native  : compactor.cc:67 Could not index embedding for docid 21: INTERNAL: Unable to find Thing Proto section 
10-30 14:48:56.692  6173  6833 E native  : compactor.cc:67 Could not index embedding for docid 22: INTERNAL: Unable to find Thing Proto section 
10-30 14:48:56.697  6173  6833 E native  : compactor.cc:67 Could not index embedding for docid 26: INTERNAL: Unable to find Thing Proto section 
10-30 14:48:56.697  6173  6833 E native  : compactor.cc:67 Could not index embedding for docid 27: INTERNAL: Unable to find Thing Proto section 
10-30 14:48:56.747  6173  6833 I native  : flash-index.cc:1519 Flash index sort hb 34 prefix-hits 54 -> 54 at 35.779ms
10-30 14:48:56.778  6173  6833 W native  : words-map.cc:30 INVALID_ARGUMENT: Empty URI
10-30 14:48:56.778  6173  6833 W native  : words-map.cc:34 WordsMap was not properly initialized
10-30 14:48:56.843  6173  6833 I Icing   : updateResources: need to parse acol{com.android.chrome}
10-30 14:48:56.912  6173  6833 I Icing   : Indexing com.android.chrome-omnibox from com.android.chrome
10-30 14:48:56.924   600  3675 I ActivityManager: Start proc 9765:com.android.chrome/u0a35 for content provider com.android.chrome/com.google.android.apps.chrome.icing.IcingProvider
10-30 14:48:57.057  6173  6833 I Icing   : Indexing done com.android.chrome-omnibox
