--------- beginning of main
10-30 11:42:16.637  7233  7233 D AndroidRuntime: >>>>>> START com.android.internal.os.RuntimeInit uid 2000 <<<<<<
10-30 11:42:16.640  7233  7233 D AndroidRuntime: CheckJNI is OFF
10-30 11:42:16.705  7233  7233 D ICU     : No timezone override file found: /data/misc/zoneinfo/current/icu/icu_tzdata.dat
10-30 11:42:16.733  7233  7233 I Radio-JNI: register_android_hardware_Radio DONE
10-30 11:42:16.747  7233  7233 D AndroidRuntime: Calling main entry com.android.commands.am.Am
--------- beginning of system
10-30 11:42:16.765   600 24515 I ActivityManager: Force stopping com.opera.browser appid=10122 user=0: from pid 7233
10-30 11:42:16.775  1061  1061 D RegisteredNfcFServicesCache: Service unchanged, not updating
10-30 11:42:17.030   600 29683 I ActivityManager: START u0 {act=android.intent.action.VIEW flg=0x10008000 cmp=com.opera.browser/com.opera.Opera} from uid 2000 on display 0
10-30 11:42:17.057  7233  7233 D AndroidRuntime: Shutting down VM
10-30 11:42:17.104   600   707 I ActivityManager: Start proc 7243:com.opera.browser/u0a122 for activity com.opera.browser/com.opera.Opera
10-30 11:42:17.222  7243  7243 I art     : Starting a blocking GC AddRemoveAppImageSpace
10-30 11:42:17.305  7243  7243 I LoadedApk: No resource references to update in package com.opera.browser.nord_vpn
10-30 11:42:17.549  7243  7281 D NetworkSecurityConfig: Using Network Security Config from resource network_security_config_official_build debugBuild: false
10-30 11:42:17.596  7243  7243 I art     : Rejecting re-init on previously-failed class java.lang.Class<com.opera.android.job.a$j>: java.lang.NoClassDefFoundError: Failed resolution of: Landroid/app/job/JobServiceEngine;
10-30 11:42:17.596  7243  7243 I art     :   at void com.opera.android.OperaApplication.onCreate() (SourceFile:52)
10-30 11:42:17.596  7243  7243 I art     :   at void android.app.Instrumentation.callApplicationOnCreate(android.app.Application) (Instrumentation.java:1024)
10-30 11:42:17.596  7243  7243 I art     :   at void android.app.ActivityThread.handleBindApplication(android.app.ActivityThread$AppBindData) (ActivityThread.java:5403)
10-30 11:42:17.596  7243  7243 I art     :   at void android.app.ActivityThread.-wrap2(android.app.ActivityThread, android.app.ActivityThread$AppBindData) (ActivityThread.java:-1)
10-30 11:42:17.596  7243  7243 I art     :   at void android.app.ActivityThread$H.handleMessage(android.os.Message) (ActivityThread.java:1545)
10-30 11:42:17.596  7243  7243 I art     :   at void android.os.Handler.dispatchMessage(android.os.Message) (Handler.java:102)
10-30 11:42:17.596  7243  7243 I art     :   at void android.os.Looper.loop() (Looper.java:154)
10-30 11:42:17.596  7243  7243 I art     :   at void android.app.ActivityThread.main(java.lang.String[]) (ActivityThread.java:6119)
10-30 11:42:17.596  7243  7243 I art     :   at java.lang.Object java.lang.reflect.Method.invoke!(java.lang.Object, java.lang.Object[]) (Method.java:-2)
10-30 11:42:17.596  7243  7243 I art     :   at void com.android.internal.os.ZygoteInit$MethodAndArgsCaller.run() (ZygoteInit.java:886)
10-30 11:42:17.596  7243  7243 I art     :   at void com.android.internal.os.ZygoteInit.main(java.lang.String[]) (ZygoteInit.java:776)
10-30 11:42:17.596  7243  7243 I art     : Caused by: java.lang.ClassNotFoundException: Didn't find class "android.app.job.JobServiceEngine" on path: DexPathList[[zip file "/data/app/com.opera.browser-1/base.apk"],nativeLibraryDirectories=[/data/app/com.opera.browser-1/lib/arm, /data/app/com.opera.browser-1/base.apk!/lib/armeabi-v7a, /system/lib, /vendor/lib]]
10-30 11:42:17.596  7243  7243 I art     :   at java.lang.Class dalvik.system.BaseDexClassLoader.findClass(java.lang.String) (BaseDexClassLoader.java:56)
10-30 11:42:17.596  7243  7243 I art     :   at java.lang.Class java.lang.ClassLoader.loadClass(java.lang.String, boolean) (ClassLoader.java:380)
10-30 11:42:17.596  7243  7243 I art     :   at java.lang.Class java.lang.ClassLoader.loadClass(java.lang.String) (ClassLoader.java:312)
10-30 11:42:17.597  7243  7243 I art     :   at void com.opera.android.OperaApplication.onCreate() (SourceFile:52)
10-30 11:42:17.597  7243  7243 I art     :   at void android.app.Instrumentation.callApplicationOnCreate(android.app.Application) (Instrumentation.java:1024)
10-30 11:42:17.597  7243  7243 I art     :   at void android.app.ActivityThread.handleBindApplication(android.app.ActivityThread$AppBindData) (ActivityThread.java:5403)
10-30 11:42:17.597  7243  7243 I art     :   at void android.app.ActivityThread.-wrap2(android.app.ActivityThread, android.app.ActivityThread$AppBindData) (ActivityThread.java:-1)
10-30 11:42:17.597  7243  7243 I art     :   at void android.app.ActivityThread$H.handleMessage(android.os.Message) (ActivityThread.java:1545)
10-30 11:42:17.597  7243  7243 I art     :   at void android.os.Handler.dispatchMessage(android.os.Message) (Handler.java:102)
10-30 11:42:17.597  7243  7243 I art     :   at void android.os.Looper.loop() (Looper.java:154)
10-30 11:42:17.597  7243  7243 I art     :   at void android.app.ActivityThread.main(java.lang.String[]) (ActivityThread.java:6119)
10-30 11:42:17.597  7243  7243 I art     :   at java.lang.Object java.lang.reflect.Method.invoke!(java.lang.Object, java.lang.Object[]) (Method.java:-2)
10-30 11:42:17.597  7243  7243 I art     :   at void com.android.internal.os.ZygoteInit$MethodAndArgsCaller.run() (ZygoteInit.java:886)
10-30 11:42:17.597  7243  7243 I art     :   at void com.android.internal.os.ZygoteInit.main(java.lang.String[]) (ZygoteInit.java:776)
10-30 11:42:17.597  7243  7243 I art     : 
10-30 11:42:17.809  7243  7278 I FA      : App measurement initialized, version: 43042
10-30 11:42:17.812  7243  7278 I FA      : To enable debug logging run: adb shell setprop log.tag.FA VERBOSE
10-30 11:42:17.818  7243  7278 I FA      : To enable faster debug mode event logging run:
10-30 11:42:17.818  7243  7278 I FA      :   adb shell setprop debug.firebase.analytics.app com.opera.browser
10-30 11:42:17.844  7243  7253 W art     : Suspending all threads took: 6.018ms
10-30 11:42:17.862  7243  7253 I art     : Background sticky concurrent mark sweep GC freed 23015(1862KB) AllocSpace objects, 3(200KB) LOS objects, 21% free, 4MB/6MB, paused 7.519ms total 51.223ms
10-30 11:42:17.916   600 29683 I ActivityManager: START u0 {act=android.intent.action.VIEW flg=0x10008000 cmp=com.opera.browser/com.opera.android.startup.WelcomeActivity} from uid 10122 on display 0
10-30 11:42:17.948   600   713 W ActivityManager: Duplicate finish request for ActivityRecord{b32858c u0 com.opera.browser/com.opera.Opera t1616 f}
10-30 11:42:17.960   600 13631 I WindowManager: Failed to capture screenshot of Token{f7bb4d5 ActivityRecord{b32858c u0 com.opera.browser/com.opera.Opera t1616 f}} appWin=Window{b3d5742 u0 Starting com.opera.browser} drawState=4
10-30 11:42:18.056  7243  7253 I art     : Background sticky concurrent mark sweep GC freed 23083(1800KB) AllocSpace objects, 10(200KB) LOS objects, 22% free, 4MB/6MB, paused 7.307ms total 34.494ms
10-30 11:42:18.309  7243  7360 I OpenGLRenderer: Initialized EGL, version 1.4
10-30 11:42:18.310  7243  7360 D OpenGLRenderer: Swap behavior 2
10-30 11:42:18.440  7243  7278 I FA      : Tag Manager is not found and thus will not be used
10-30 11:42:18.513   600   620 I ActivityManager: Displayed com.opera.browser/com.opera.android.startup.WelcomeActivity: +554ms (total +1s456ms)
10-30 11:42:18.647  7243  7372 W chromium: [WARNING:op_site_scripts.cc(424)] Failed to map /data/user/0/com.opera.browser/app_opera/sjs
10-30 11:42:18.649   600  7064 I ActivityManager: Start proc 7383:com.opera.browser:privileged_process0/u0a122 for service com.opera.browser/com.opera.android.browser.chromium.services.PrivilegedProcessService0
10-30 11:42:18.745  7383  7383 I art     : Starting a blocking GC AddRemoveAppImageSpace
10-30 11:42:18.767  7383  7383 I LoadedApk: No resource references to update in package com.opera.browser.nord_vpn
10-30 11:42:18.774   600   620 W WindowManager: Failed looking up window
10-30 11:42:18.774   600   620 W WindowManager: java.lang.IllegalArgumentException: Requested window android.view.ViewRootImpl$W@576a98d does not exist
10-30 11:42:18.774   600   620 W WindowManager: 	at com.android.server.wm.WindowManagerService.windowForClientLocked(WindowManagerService.java:9422)
10-30 11:42:18.774   600   620 W WindowManager: 	at com.android.server.wm.WindowManagerService.windowForClientLocked(WindowManagerService.java:9413)
10-30 11:42:18.774   600   620 W WindowManager: 	at com.android.server.wm.WindowManagerService.removeWindow(WindowManagerService.java:2393)
10-30 11:42:18.774   600   620 W WindowManager: 	at com.android.server.wm.Session.remove(Session.java:202)
10-30 11:42:18.774   600   620 W WindowManager: 	at android.view.ViewRootImpl.dispatchDetachedFromWindow(ViewRootImpl.java:3290)
10-30 11:42:18.774   600   620 W WindowManager: 	at android.view.ViewRootImpl.doDie(ViewRootImpl.java:5917)
10-30 11:42:18.774   600   620 W WindowManager: 	at android.view.ViewRootImpl$ViewRootHandler.handleMessage(ViewRootImpl.java:3626)
10-30 11:42:18.774   600   620 W WindowManager: 	at android.os.Handler.dispatchMessage(Handler.java:102)
10-30 11:42:18.774   600   620 W WindowManager: 	at android.os.Looper.loop(Looper.java:154)
10-30 11:42:18.774   600   620 W WindowManager: 	at android.os.HandlerThread.run(HandlerThread.java:61)
10-30 11:42:18.774   600   620 W WindowManager: 	at com.android.server.ServiceThread.run(ServiceThread.java:46)
10-30 11:42:18.809  7243  7253 I art     : Background sticky concurrent mark sweep GC freed 3801(302KB) AllocSpace objects, 3(60KB) LOS objects, 3% free, 6MB/6MB, paused 7.781ms total 134.756ms
10-30 11:42:18.911  7383  7403 E libEGL  : validate_display:99 error 3008 (EGL_BAD_DISPLAY)
10-30 11:42:18.941  7243  7253 W art     : Suspending all threads took: 22.767ms
10-30 11:42:18.974  7243  7253 I art     : Background partial concurrent mark sweep GC freed 10630(721KB) AllocSpace objects, 10(196KB) LOS objects, 39% free, 5MB/9MB, paused 24.531ms total 136.876ms
10-30 11:42:19.036 25727 25727 I MemoryTrimmer: Trimming objects from memory, since app is in the background.
10-30 11:42:19.042 25727 25740 W SearchService: Abort, client detached.
10-30 11:42:19.075  7383  7403 E libEGL  : validate_display:99 error 3008 (EGL_BAD_DISPLAY)
10-30 11:42:19.103 25727  7130 I DeviceStateChecker: DeviceStateChecker cancelled
10-30 11:42:19.104 25727 25727 I MicroDetector: Keeping mic open: false
10-30 11:42:19.118 25727 25753 I AudioController: internalShutdown
10-30 11:42:19.123 25727 25757 I MicrophoneInputStream: mic_close com.google.android.apps.gsa.speech.audio.ae@a6720b4
10-30 11:42:19.126 25727 25788 I MicroRecognitionRunner: Stopping hotword detection.
10-30 11:42:19.135  1084  1084 I MemoryTrimmer: Trimming objects from memory, since app is in the background.
10-30 11:42:19.137   238   285 I SoundTriggerHwService::Module: void android::SoundTriggerHwService::Module::onCallbackEvent(const sp<android::SoundTriggerHwService::CallbackEvent> &) mClient == 0
10-30 11:42:19.153 25727 25727 I MemoryTrimmer: Trimming objects from memory, since app is in the background.
10-30 11:42:19.157 25727  7131 I MicroRecognitionRunner: Detection finished
10-30 11:42:19.283   787  5848 E NetworkScheduler.ATC: Called cancelTask for already completed task com.google.android.gms/.measurement.PackageMeasurementTaskService{u=0 tag="Measurement.PackageMeasurementTaskService.UPLOAD_TASK_TAG" trigger=window{start=77s,end=156s,earliest=-547s,latest=-468s} requirements=[NET_CONNECTED] attributes=[PERSISTED] scheduled=-624s last_run=-464s jid=N/A status=ACTIVE retries=0 client_lib=GMS_TASK_SCHEDULER-203915000} :1 [CONTEXT service_id=218 ]
10-30 11:42:19.336   787  5848 E NetworkScheduler.ATC: Called cancelTask for already completed task com.google.android.gms/.measurement.PackageMeasurementTaskService{u=0 tag="Measurement.PackageMeasurementTaskService.UPLOAD_TASK_TAG" trigger=window{start=77s,end=156s,earliest=-547s,latest=-468s} requirements=[NET_CONNECTED] attributes=[PERSISTED] scheduled=-624s last_run=-464s jid=N/A status=ACTIVE retries=0 client_lib=GMS_TASK_SCHEDULER-203915000} :1 [CONTEXT service_id=218 ]
10-30 11:42:19.355   787  5848 E NetworkScheduler.ATC: Called cancelTask for already completed task com.google.android.gms/.measurement.PackageMeasurementTaskService{u=0 tag="Measurement.PackageMeasurementTaskService.UPLOAD_TASK_TAG" trigger=window{start=77s,end=156s,earliest=-547s,latest=-468s} requirements=[NET_CONNECTED] attributes=[PERSISTED] scheduled=-624s last_run=-464s jid=N/A status=ACTIVE retries=0 client_lib=GMS_TASK_SCHEDULER-203915000} :1 [CONTEXT service_id=218 ]
10-30 11:42:22.892  7243  7243 I PlayCore: UID: [10122]  PID: [7243] AppUpdateListenerRegistry : registerListener
10-30 11:42:22.894  7243  7243 I PlayCore: UID: [10122]  PID: [7243] AppUpdateService : requestUpdateInfo(com.opera.browser)
10-30 11:42:22.896  7243  7462 I PlayCore: UID: [10122]  PID: [7243] AppUpdateService : Initiate binding to the service.
10-30 11:42:22.898   600 27731 W ActivityManager: Unable to start service Intent { act=com.google.android.play.core.install.BIND_UPDATE_SERVICE pkg=com.android.vending } U=0: not found
10-30 11:42:22.898  7243  7462 I PlayCore: UID: [10122]  PID: [7243] AppUpdateService : Failed to bind to the service.
10-30 11:42:23.075  7243  7464 D ApplicationLoaders: ignored Vulkan layer search path /data/app/com.google.android.gms-1/lib/arm:/data/app/com.google.android.gms-1/base.apk!/lib/armeabi-v7a:/data/app/com.google.android.gms-1/split_config.en.apk!/lib/armeabi-v7a for namespace 0xf4a41090
10-30 11:42:23.077  7243  7464 W ResourceType: ResTable_typeSpec entry count inconsistent: given 67, previously 69
10-30 11:42:23.077  7243  7464 W ResourceType: ResTable_typeSpec entry count inconsistent: given 5346, previously 5347
10-30 11:42:23.614   600   612 D SyncManager: failed sync operation JobId: 100983, com.opera.browser u0 (com.opera.browser.ping), com.opera.browser.ping.provider, SERVER, reason: 10122, SyncResult: delayUntil: 1667133743 stats [ numIoExceptions: 1]
10-30 11:42:28.162 25727 25727 E BgTasksJobSvc: Asked to start non-existing job android.app.job.JobParameters@5c1a79b
10-30 11:42:28.171 25727 25727 I MemoryTrimmer: Trimming objects from memory, since app is in the background.
10-30 11:42:30.216  7492  7492 D AndroidRuntime: >>>>>> START com.android.internal.os.RuntimeInit uid 2000 <<<<<<
10-30 11:42:30.220  7492  7492 D AndroidRuntime: CheckJNI is OFF
10-30 11:42:30.283  7492  7492 D ICU     : No timezone override file found: /data/misc/zoneinfo/current/icu/icu_tzdata.dat
10-30 11:42:30.314  7492  7492 I Radio-JNI: register_android_hardware_Radio DONE
10-30 11:42:30.329  7492  7492 D AndroidRuntime: Calling main entry com.android.commands.monkey.Monkey
10-30 11:42:30.398   600   613 W BroadcastQueue: Skipping deliver [background] BroadcastRecord{52783e9 u-1 android.net.conn.CONNECTIVITY_CHANGE} to ReceiverList{b3a586e 7492 (unknown name)/2000/u-1 remote:cc306b3}: process crashing
10-30 11:42:30.499 25727 25727 E BgTasksJobSvc: Asked to start non-existing job android.app.job.JobParameters@1e36f13
10-30 11:42:30.536 25727 25727 I MemoryTrimmer: Trimming objects from memory, since app is in the background.
10-30 11:42:32.090  7492  7492 D MonkeyStub: translateCommand: wake
10-30 11:42:32.202  7492  7492 D MonkeyStub: translateCommand: tap 960 1881
10-30 11:42:32.271   600 29683 I ActivityManager: START u0 {act=android.intent.action.VIEW flg=0x1000000 cmp=com.opera.browser/com.opera.android.IntentDispatcherActivity} from uid 10122 on display 0
10-30 11:42:32.410  1084  1171 I OpenGLRenderer: Initialized EGL, version 1.4
10-30 11:42:32.410  1084  1171 D OpenGLRenderer: Swap behavior 2
10-30 11:42:32.410   600  3994 I ActivityManager: START u0 {act=android.intent.action.VIEW flg=0x15002000 cmp=com.opera.browser/com.opera.android.BrowserActivity} from uid 10122 on display 0
10-30 11:42:32.496   600   609 I art     : Background partial concurrent mark sweep GC freed 13795(733KB) AllocSpace objects, 11(380KB) LOS objects, 33% free, 15MB/23MB, paused 842us total 132.779ms
10-30 11:42:32.610  1084  1084 I MemoryTrimmer: Trimming objects from memory, since app is in the background.
10-30 11:42:32.738  7243  7253 I art     : Background sticky concurrent mark sweep GC freed 20387(1690KB) AllocSpace objects, 28(560KB) LOS objects, 10% free, 8MB/9MB, paused 3.981ms total 129.326ms
10-30 11:42:32.827  7243  7538 W ResourceType: ResTable_typeSpec entry count inconsistent: given 67, previously 69
10-30 11:42:32.827  7243  7538 W ResourceType: ResTable_typeSpec entry count inconsistent: given 5346, previously 5347
10-30 11:42:32.919  7243  7510 E [Leanplum][ERROR]: No variable values were received from the server. Please contact us to investigate.
10-30 11:42:32.993   600   620 I ActivityManager: Displayed com.opera.browser/com.opera.android.BrowserActivity: +551ms (total +652ms)
10-30 11:42:33.056  7243  7360 D OpenGLRenderer: endAllActiveAnimators on 0xcd766780 (RippleDrawable) with handle 0xce164ff0
10-30 11:42:33.056   600  6312 I CwMcuSensor: CwMcuSensor::flush: fd = 241, sensors_id = 0, path = /sys/class/htc_sensorhub/sensor_hub/flush, err = 0
10-30 11:42:33.376  7243  7553 W ResourceType: ResTable_typeSpec entry count inconsistent: given 67, previously 69
10-30 11:42:33.376  7243  7553 W ResourceType: ResTable_typeSpec entry count inconsistent: given 5346, previously 5347
10-30 11:42:33.633  7243  7248 I art     : Do partial code cache collection, code=18KB, data=30KB
10-30 11:42:33.635  7243  7248 I art     : After code cache collection, code=18KB, data=30KB
10-30 11:42:33.635  7243  7248 I art     : Increasing code cache capacity to 128KB
10-30 11:42:33.671  7243  7549 W ResourceType: ResTable_typeSpec entry count inconsistent: given 67, previously 69
10-30 11:42:33.671  7243  7549 W ResourceType: ResTable_typeSpec entry count inconsistent: given 5346, previously 5347
10-30 11:42:33.694  7243  7243 E Sensors : sendAck failure -1 1
10-30 11:42:33.733  7243  7243 I Choreographer: Skipped 41 frames!  The application may be doing too much work on its main thread.
10-30 11:42:33.868  7243  7243 W View    : requestLayout() improperly called by com.opera.android.custom_views.FadingRecyclerView{4dd3542 VFED.V... ......ID 0,813-1536,813 #7f0a0825 app:id/suggested_dials_grid} during layout: running second layout pass
10-30 11:42:33.993  7243  7253 I art     : Background sticky concurrent mark sweep GC freed 41136(2MB) AllocSpace objects, 28(560KB) LOS objects, 18% free, 10MB/13MB, paused 4.352ms total 103.326ms
10-30 11:42:34.125  7243  7253 I art     : Background partial concurrent mark sweep GC freed 18777(966KB) AllocSpace objects, 5(200KB) LOS objects, 40% free, 10MB/17MB, paused 4.246ms total 124.427ms
10-30 11:42:34.166   787  7432 E NetworkScheduler.ATC: Called cancelTask for already completed task com.google.android.gms/.measurement.PackageMeasurementTaskService{u=0 tag="Measurement.PackageMeasurementTaskService.UPLOAD_TASK_TAG" trigger=window{start=77s,end=156s,earliest=-562s,latest=-483s} requirements=[NET_CONNECTED] attributes=[PERSISTED] scheduled=-639s last_run=-479s jid=N/A status=ACTIVE retries=0 client_lib=GMS_TASK_SCHEDULER-203915000} :1 [CONTEXT service_id=218 ]
10-30 11:42:34.264  7243  7243 I Choreographer: Skipped 30 frames!  The application may be doing too much work on its main thread.
10-30 11:42:34.395   787  6177 E NetworkScheduler.ATC: Called cancelTask for already completed task com.google.android.gms/.measurement.PackageMeasurementTaskService{u=0 tag="Measurement.PackageMeasurementTaskService.UPLOAD_TASK_TAG" trigger=window{start=77s,end=156s,earliest=-562s,latest=-483s} requirements=[NET_CONNECTED] attributes=[PERSISTED] scheduled=-639s last_run=-479s jid=N/A status=ACTIVE retries=0 client_lib=GMS_TASK_SCHEDULER-203915000} :1 [CONTEXT service_id=218 ]
10-30 11:42:34.532  7606  7606 I dex2oat : /system/bin/dex2oat --dex-file=/data/user/0/com.opera.browser/code_cache/.     ​ --oat-fd=197 --oat-location=/data/user/0/com.opera.browser/code_cache/.     --compiler-filter=speed
10-30 11:42:34.895  7606  7606 I dex2oat : dex2oat took 366.161ms (threads: 2) arena alloc=432KB (442800B) java alloc=32KB (33064B) native alloc=354KB (362688B) free=1181KB (1210176B)
10-30 11:42:34.898   600   647 I WifiHAL : Got channel list with 13 channels
10-30 11:42:34.898   600   647 I WifiHAL : Got channel list with 4 channels
10-30 11:42:34.899   600   647 I WifiHAL : Got channel list with 15 channels
10-30 11:42:34.908  7243  7243 E Sensors : sendAck failure -1 1
10-30 11:42:34.908  7243  7243 E Sensors : sendAck failure -1 2
10-30 11:42:34.908  7243  7243 E Sensors : sendAck failure -1 3
10-30 11:42:34.909  7243  7243 E Sensors : sendAck failure -1 1
10-30 11:42:34.909  7243  7243 E Sensors : sendAck failure -1 2
10-30 11:42:34.909  7243  7243 E Sensors : sendAck failure -1 3
10-30 11:42:34.909  7243  7243 E Sensors : sendAck failure -1 4
10-30 11:42:34.909  7243  7243 E Sensors : sendAck failure -1 5
10-30 11:42:34.910  7243  7243 E Sensors : sendAck failure -1 1
10-30 11:42:34.917  7243  7243 E Sensors : sendAck failure -1 1
10-30 11:42:34.917  7243  7243 E Sensors : sendAck failure -1 2
10-30 11:42:34.917  7243  7243 E Sensors : sendAck failure -1 3
10-30 11:42:34.917  7243  7243 E Sensors : sendAck failure -1 4
10-30 11:42:34.917  7243  7243 E Sensors : sendAck failure -1 5
10-30 11:42:34.917  7243  7243 E Sensors : sendAck failure -1 6
10-30 11:42:34.917  7243  7243 E Sensors : sendAck failure -1 7
10-30 11:42:34.917  7243  7243 E Sensors : sendAck failure -1 8
10-30 11:42:34.917  7243  7243 E Sensors : sendAck failure -1 9
10-30 11:42:34.917  7243  7243 E Sensors : sendAck failure -1 10
10-30 11:42:34.917  7243  7243 E Sensors : sendAck failure -1 11
10-30 11:42:35.035  7243  7253 W art     : Suspending all threads took: 9.402ms
10-30 11:42:35.094  7243  7253 I art     : Background sticky concurrent mark sweep GC freed 52914(3MB) AllocSpace objects, 31(1392KB) LOS objects, 22% free, 13MB/17MB, paused 14.835ms total 293.427ms
10-30 11:42:35.222  7614  7614 I dex2oat : /system/bin/dex2oat --dex-file=/data/user/0/com.opera.browser/code_cache/.​     --oat-fd=61 --oat-location=/data/user/0/com.opera.browser/code_cache/.    --compiler-filter=speed
10-30 11:42:35.408  7243  7248 I art     : Do partial code cache collection, code=36KB, data=61KB
10-30 11:42:35.420  7243  7248 I art     : After code cache collection, code=36KB, data=62KB
10-30 11:42:35.420  7243  7248 I art     : Increasing code cache capacity to 256KB
10-30 11:42:35.550  7243  7253 I art     : Background partial concurrent mark sweep GC freed 33476(3MB) AllocSpace objects, 24(1964KB) LOS objects, 40% free, 15MB/25MB, paused 3.243ms total 229.439ms
10-30 11:42:35.583  7614  7614 I dex2oat : dex2oat took 362.538ms (threads: 2) arena alloc=611KB (626472B) java alloc=97KB (100080B) native alloc=523KB (536384B) free=1524KB (1560768B)
10-30 11:42:36.101  7243  7253 I art     : Background partial concurrent mark sweep GC freed 158164(7MB) AllocSpace objects, 17(1392KB) LOS objects, 40% free, 13MB/22MB, paused 1.765ms total 113.976ms
10-30 11:42:36.332  7492  7492 D MonkeyStub: translateCommand: tap 57 93
10-30 11:42:38.586  7492  7492 D MonkeyStub: translateCommand: tap 57 93
10-30 11:42:40.632  7492  7492 D MonkeyStub: translateCommand: tap 446 593
10-30 11:42:42.680  7492  7492 D MonkeyStub: translateCommand: tap 667 302
10-30 11:42:42.827  7243  7248 I art     : Do full code cache collection, code=80KB, data=123KB
10-30 11:42:42.839  7243  7248 I art     : Starting a blocking GC JitCodeCache
10-30 11:42:42.839  7243  7248 I art     : After code cache collection, code=64KB, data=68KB
10-30 11:42:43.267  7243  7248 I art     : Do partial code cache collection, code=74KB, data=84KB
10-30 11:42:43.268  7243  7248 I art     : After code cache collection, code=74KB, data=84KB
10-30 11:42:43.268  7243  7248 I art     : Increasing code cache capacity to 512KB
10-30 11:42:45.963  7492  7492 D MonkeyStub: translateCommand: tap 1286 930
10-30 11:42:47.186  7492  7492 D MonkeyStub: translateCommand: tap 62 98
10-30 11:42:47.216  7492  7492 D MonkeyStub: translateCommand: tap 729 89
10-30 11:42:47.225  7492  7492 D MonkeyStub: Quit requested
10-30 11:42:47.251   600   614 I CwMcuSensor: CwMcuSensor::flush: fd = 241, sensors_id = 0, path = /sys/class/htc_sensorhub/sensor_hub/flush, err = 0
10-30 11:42:47.266  7492  7492 I art     : System.exit called, status: 16
10-30 11:42:47.266  7492  7492 I AndroidRuntime: VM exiting with result code 16.
10-30 11:42:47.285   238   281 D AudioFlinger: mixer(0xef5030c0) throttle end: throttle time(13)
10-30 11:42:47.299   600 24515 W WindowManager: Attempted to remove non-existing token: android.os.Binder@e63b45d
10-30 11:42:47.554   600  1081 E BatteryStatsService: power: Missing API
10-30 11:42:47.561   600  1081 E BatteryStatsService: no controller energy info supplied
10-30 11:42:47.562   796   796 E PhoneInterfaceManager: [PhoneIntfMgr] queryModemActivityInfo: Empty response
10-30 11:42:47.568   600  1081 E BatteryStatsService: modem info is invalid: ModemActivityInfo{ mTimestamp=0 mSleepTimeMs=0 mIdleTimeMs=0 mTxTimeMs[]=[0, 0, 0, 0, 0] mRxTimeMs=0 mEnergyUsed=0}
10-30 11:42:48.007  7648  7648 D AndroidRuntime: >>>>>> START com.android.internal.os.RuntimeInit uid 2000 <<<<<<
10-30 11:42:48.011  7648  7648 D AndroidRuntime: CheckJNI is OFF
10-30 11:42:48.075  7648  7648 D ICU     : No timezone override file found: /data/misc/zoneinfo/current/icu/icu_tzdata.dat
10-30 11:42:48.105  7648  7648 I Radio-JNI: register_android_hardware_Radio DONE
10-30 11:42:48.121  7648  7648 D AndroidRuntime: Calling main entry com.android.commands.am.Am
10-30 11:42:48.139   600  1079 I ActivityManager: START u0 {act=android.intent.action.VIEW dat=http://science.org/... flg=0x10000000 cmp=com.opera.browser/com.opera.Opera} from uid 2000 on display 0
10-30 11:42:48.148  7648  7648 D AndroidRuntime: Shutting down VM
10-30 11:42:48.278  7243  7243 W art     : Before Android 4.1, method double java.util.concurrent.ThreadLocalRandom.internalNextDouble(double, double) would have incorrectly overridden the package-private method in java.util.Random
10-30 11:42:48.278  7243  7243 W art     : Before Android 4.1, method int java.util.concurrent.ThreadLocalRandom.internalNextInt(int, int) would have incorrectly overridden the package-private method in java.util.Random
10-30 11:42:48.278  7243  7243 W art     : Before Android 4.1, method long java.util.concurrent.ThreadLocalRandom.internalNextLong(long, long) would have incorrectly overridden the package-private method in java.util.Random
10-30 11:42:48.307 25727 25727 I MemoryTrimmer: Trimming objects from memory, since app is in the background.
10-30 11:42:48.328   600   619 D BluetoothManagerService: Message: 20
10-30 11:42:48.328   600   619 D BluetoothManagerService: Added callback: android.bluetooth.IBluetoothManagerCallback$Stub$Proxy@4034889:true
10-30 11:42:48.336   600   610 I ActivityManager: Start proc 7660:com.opera.browser:sandboxed_process0/u0a122 for service com.opera.browser/com.opera.android.browser.chromium.services.SandboxedProcessService0
10-30 11:42:48.383  7660  7660 I art     : Starting a blocking GC AddRemoveAppImageSpace
10-30 11:42:48.404  7660  7660 I LoadedApk: No resource references to update in package com.opera.browser.nord_vpn
10-30 11:42:48.465  7243  7611 W ResourceType: ResTable_typeSpec entry count inconsistent: given 67, previously 69
10-30 11:42:48.465  7243  7611 W ResourceType: ResTable_typeSpec entry count inconsistent: given 5346, previously 5347
10-30 11:42:48.598   787  1716 I FontLog : Received query name=Google Sans&weight=400&besteffort=false, URI content://com.google.android.gms.fonts [CONTEXT service_id=132 ]
10-30 11:42:48.598   787  1716 I FontLog : Query [name=Google Sans&weight=400&besteffort=false] resolved to {Google Sans, wdth 100.0, wght 400, ital 0.0, bestEffort false} [CONTEXT service_id=132 ]
10-30 11:42:48.612   787  1716 I FontLog : Font PFD returned from cache for {Google Sans, wdth 100.0, wght 400, ital 0.0, bestEffort false} [CONTEXT service_id=132 ]
10-30 11:42:48.612   787  1716 I FontLog : Fetch {Google Sans, wdth 100.0, wght 400, ital 0.0, bestEffort false} end status Status{statusCode=SUCCESS, resolution=null} [CONTEXT service_id=132 ]
10-30 11:42:48.627   787  1714 I FontLog : Pulling font file for id = 754, cache size = 8 [CONTEXT service_id=132 ]
10-30 11:42:48.663   787 28591 I FontLog : Received query name=Google Sans&weight=500&besteffort=false, URI content://com.google.android.gms.fonts [CONTEXT service_id=132 ]
10-30 11:42:48.664   787 28591 I FontLog : Query [name=Google Sans&weight=500&besteffort=false] resolved to {Google Sans, wdth 100.0, wght 500, ital 0.0, bestEffort false} [CONTEXT service_id=132 ]
10-30 11:42:48.665   787 28591 I FontLog : Font PFD returned from cache for {Google Sans, wdth 100.0, wght 500, ital 0.0, bestEffort false} [CONTEXT service_id=132 ]
10-30 11:42:48.665   787 28591 I FontLog : Fetch {Google Sans, wdth 100.0, wght 500, ital 0.0, bestEffort false} end status Status{statusCode=SUCCESS, resolution=null} [CONTEXT service_id=132 ]
10-30 11:42:48.667   787   806 I FontLog : Pulling font file for id = 755, cache size = 9 [CONTEXT service_id=132 ]
10-30 11:42:48.670   787   805 I FontLog : Received query name=Google Sans&weight=700&besteffort=false, URI content://com.google.android.gms.fonts [CONTEXT service_id=132 ]
10-30 11:42:48.672   787   805 I FontLog : Query [name=Google Sans&weight=700&besteffort=false] resolved to {Google Sans, wdth 100.0, wght 700, ital 0.0, bestEffort false} [CONTEXT service_id=132 ]
10-30 11:42:48.673   787   805 I FontLog : Fetch {Google Sans, wdth 100.0, wght 700, ital 0.0, bestEffort false} end status Status{statusCode=SUCCESS, resolution=null} [CONTEXT service_id=132 ]
10-30 11:42:48.677   787  1620 I FontLog : Pulling font file for id = 756, cache size = 7 [CONTEXT service_id=132 ]
10-30 11:42:48.686   787 28597 I FontLog : Received query name=Noto Color Emoji Compat&weight=400&besteffort=false, URI content://com.google.android.gms.fonts [CONTEXT service_id=132 ]
10-30 11:42:48.687   787 28597 I FontLog : Query [name=Noto Color Emoji Compat&weight=400&besteffort=false] resolved to {Noto Color Emoji Compat, wdth 100.0, wght 400, ital 0.0, bestEffort false} [CONTEXT service_id=132 ]
10-30 11:42:48.699   787 28597 I FontLog : Fetch {Noto Color Emoji Compat, wdth 100.0, wght 400, ital 0.0, bestEffort false} end status Status{statusCode=SUCCESS, resolution=null} [CONTEXT service_id=132 ]
10-30 11:42:48.702   787 28589 I FontLog : Pulling font file for id = 757, cache size = 8 [CONTEXT service_id=132 ]
10-30 11:42:48.783   787  7002 I SQLiteConnectionPool: The connection pool for /data/user/0/com.google.android.gms/databases/metadata.db has been closed but there are still 1 connections in use.  They will be closed as they are released back to the pool.
10-30 11:42:48.881   787  7432 E NetworkScheduler.ATC: Called cancelTask for already completed task com.google.android.gms/.measurement.PackageMeasurementTaskService{u=0 tag="Measurement.PackageMeasurementTaskService.UPLOAD_TASK_TAG" trigger=window{start=77s,end=156s,earliest=-577s,latest=-498s} requirements=[NET_CONNECTED] attributes=[PERSISTED] scheduled=-654s last_run=-493s jid=N/A status=ACTIVE retries=0 client_lib=GMS_TASK_SCHEDULER-203915000} :1 [CONTEXT service_id=218 ]
10-30 11:42:48.886   787  6177 W FontLog : Error updating last accessed time for {Google Sans, wdth 100.0, wght 500, ital 0.0, bestEffort false}. [CONTEXT service_id=132 ]
10-30 11:42:48.886   787  6177 W FontLog : java.lang.IllegalStateException: Cannot perform this operation because the connection pool has been closed.
10-30 11:42:48.886   787  6177 W FontLog : 	at android.database.sqlite.SQLiteConnectionPool.throwIfClosedLocked(SQLiteConnectionPool.java:962)
10-30 11:42:48.886   787  6177 W FontLog : 	at android.database.sqlite.SQLiteConnectionPool.waitForConnection(SQLiteConnectionPool.java:677)
10-30 11:42:48.886   787  6177 W FontLog : 	at android.database.sqlite.SQLiteConnectionPool.acquireConnection(SQLiteConnectionPool.java:348)
10-30 11:42:48.886   787  6177 W FontLog : 	at android.database.sqlite.SQLiteSession.acquireConnection(SQLiteSession.java:894)
10-30 11:42:48.886   787  6177 W FontLog : 	at android.database.sqlite.SQLiteSession.prepare(SQLiteSession.java:586)
10-30 11:42:48.886   787  6177 W FontLog : 	at android.database.sqlite.SQLiteProgram.<init>(SQLiteProgram.java:58)
10-30 11:42:48.886   787  6177 W FontLog : 	at android.database.sqlite.SQLiteStatement.<init>(SQLiteStatement.java:31)
10-30 11:42:48.886   787  6177 W FontLog : 	at android.database.sqlite.SQLiteDatabase.executeSql(SQLiteDatabase.java:1677)
10-30 11:42:48.886   787  6177 W FontLog : 	at android.database.sqlite.SQLiteDatabase.execSQL(SQLiteDatabase.java:1658)
10-30 11:42:48.886   787  6177 W FontLog : 	at aafx.run(Unknown Source)
10-30 11:42:48.886   787  6177 W FontLog : 	at sup.b(:com.google.android.gms@203915020@20.39.15 (040406-335085812):12)
10-30 11:42:48.886   787  6177 W FontLog : 	at sup.run(:com.google.android.gms@203915020@20.39.15 (040406-335085812):7)
10-30 11:42:48.886   787  6177 W FontLog : 	at java.util.concurrent.ThreadPoolExecutor.runWorker(ThreadPoolExecutor.java:1133)
10-30 11:42:48.886   787  6177 W FontLog : 	at java.util.concurrent.ThreadPoolExecutor$Worker.run(ThreadPoolExecutor.java:607)
10-30 11:42:48.886   787  6177 W FontLog : 	at tam.run(:com.google.android.gms@203915020@20.39.15 (040406-335085812):0)
10-30 11:42:48.886   787  6177 W FontLog : 	at java.lang.Thread.run(Thread.java:761)
10-30 11:42:50.266   600 17381 D DnsEventListenerService: Logging 100 results for netId 100
10-30 11:43:01.945  7747  7747 D AndroidRuntime: >>>>>> START com.android.internal.os.RuntimeInit uid 2000 <<<<<<
10-30 11:43:01.949  7747  7747 D AndroidRuntime: CheckJNI is OFF
10-30 11:43:02.015  7747  7747 D ICU     : No timezone override file found: /data/misc/zoneinfo/current/icu/icu_tzdata.dat
10-30 11:43:02.046  7747  7747 I Radio-JNI: register_android_hardware_Radio DONE
10-30 11:43:02.061  7747  7747 D AndroidRuntime: Calling main entry com.android.commands.monkey.Monkey
10-30 11:43:02.127   600   613 W BroadcastQueue: Skipping deliver [background] BroadcastRecord{da7e925 u-1 android.net.conn.CONNECTIVITY_CHANGE} to ReceiverList{125bafa 7747 (unknown name)/2000/u-1 remote:1d4c28f}: process crashing
10-30 11:43:03.419  7747  7747 D MonkeyStub: translateCommand: wake
10-30 11:43:03.566  7747  7747 D MonkeyStub: translateCommand: touch down 614 1561
10-30 11:43:03.581  7747  7747 D MonkeyStub: translateCommand: touch move 614 1561
10-30 11:43:03.695  7747  7747 D MonkeyStub: translateCommand: touch move 614 1436
10-30 11:43:03.807  7747  7747 D MonkeyStub: translateCommand: touch move 614 1311
10-30 11:43:03.920  7747  7747 D MonkeyStub: translateCommand: touch move 614 1186
10-30 11:43:04.045  7747  7747 D MonkeyStub: translateCommand: touch move 614 1061
10-30 11:43:04.149  7747  7747 D MonkeyStub: translateCommand: touch move 614 937
10-30 11:43:04.271  7747  7747 D MonkeyStub: translateCommand: touch move 614 812
10-30 11:43:04.383  7747  7747 D MonkeyStub: translateCommand: touch move 614 687
10-30 11:43:04.492  7747  7747 D MonkeyStub: translateCommand: touch move 614 562
10-30 11:43:04.602  7747  7747 D MonkeyStub: translateCommand: touch move 614 437
10-30 11:43:04.717  7747  7747 D MonkeyStub: translateCommand: touch move 614 312
10-30 11:43:04.724  7747  7747 D MonkeyStub: translateCommand: touch up 614 312
10-30 11:43:06.766  7747  7747 D MonkeyStub: translateCommand: touch down 614 1561
10-30 11:43:06.776  7747  7747 D MonkeyStub: translateCommand: touch move 614 1561
10-30 11:43:06.886  7747  7747 D MonkeyStub: translateCommand: touch move 614 1436
10-30 11:43:06.993  7747  7747 D MonkeyStub: translateCommand: touch move 614 1311
10-30 11:43:07.103  7747  7747 D MonkeyStub: translateCommand: touch move 614 1186
10-30 11:43:07.210  7747  7747 D MonkeyStub: translateCommand: touch move 614 1061
10-30 11:43:07.321  7747  7747 D MonkeyStub: translateCommand: touch move 614 937
10-30 11:43:07.442  7747  7747 D MonkeyStub: translateCommand: touch move 614 812
10-30 11:43:07.553  7747  7747 D MonkeyStub: translateCommand: touch move 614 687
10-30 11:43:07.664  7747  7747 D MonkeyStub: translateCommand: touch move 614 562
10-30 11:43:07.774  7747  7747 D MonkeyStub: translateCommand: touch move 614 437
10-30 11:43:07.886  7747  7747 D MonkeyStub: translateCommand: touch move 614 312
10-30 11:43:07.892  7747  7747 D MonkeyStub: translateCommand: touch up 614 312
10-30 11:43:07.915  7747  7747 D MonkeyStub: translateCommand: touch down 614 1561
10-30 11:43:07.920  7747  7747 D MonkeyStub: translateCommand: touch move 614 1561
10-30 11:43:08.035  7747  7747 D MonkeyStub: translateCommand: touch move 614 1436
10-30 11:43:08.147  7747  7747 D MonkeyStub: translateCommand: touch move 614 1311
10-30 11:43:08.262  7747  7747 D MonkeyStub: translateCommand: touch move 614 1186
10-30 11:43:08.370  7747  7747 D MonkeyStub: translateCommand: touch move 614 1061
10-30 11:43:08.479  7747  7747 D MonkeyStub: translateCommand: touch move 614 937
10-30 11:43:08.620  7747  7747 D MonkeyStub: translateCommand: touch move 614 812
10-30 11:43:08.751  7747  7747 D MonkeyStub: translateCommand: touch move 614 687
10-30 11:43:08.895  7747  7747 D MonkeyStub: translateCommand: touch move 614 562
10-30 11:43:09.037  7747  7747 D MonkeyStub: translateCommand: touch move 614 437
10-30 11:43:09.147  7747  7747 D MonkeyStub: translateCommand: touch move 614 312
10-30 11:43:09.167  7747  7747 D MonkeyStub: translateCommand: touch up 614 312
10-30 11:43:14.222  7747  7747 D MonkeyStub: translateCommand: touch down 614 1561
10-30 11:43:14.232  7747  7747 D MonkeyStub: translateCommand: touch move 614 1561
10-30 11:43:14.344  7747  7747 D MonkeyStub: translateCommand: touch move 614 1436
10-30 11:43:14.448  7747  7747 D MonkeyStub: translateCommand: touch move 614 1311
10-30 11:43:14.555  7747  7747 D MonkeyStub: translateCommand: touch move 614 1186
10-30 11:43:14.661  7747  7747 D MonkeyStub: translateCommand: touch move 614 1061
10-30 11:43:14.770  7747  7747 D MonkeyStub: translateCommand: touch move 614 937
10-30 11:43:14.879  7747  7747 D MonkeyStub: translateCommand: touch move 614 812
10-30 11:43:14.993  7747  7747 D MonkeyStub: translateCommand: touch move 614 687
10-30 11:43:15.103  7747  7747 D MonkeyStub: translateCommand: touch move 614 562
10-30 11:43:15.223  7747  7747 D MonkeyStub: translateCommand: touch move 614 437
10-30 11:43:15.333  7747  7747 D MonkeyStub: translateCommand: touch move 614 312
10-30 11:43:15.340  7747  7747 D MonkeyStub: translateCommand: touch up 614 312
10-30 11:43:15.366  7747  7747 D MonkeyStub: translateCommand: touch down 614 1561
10-30 11:43:15.382  7747  7747 D MonkeyStub: translateCommand: touch move 614 1561
10-30 11:43:15.508  7747  7747 D MonkeyStub: translateCommand: touch move 614 1436
10-30 11:43:15.617  7747  7747 D MonkeyStub: translateCommand: touch move 614 1311
10-30 11:43:15.740  7747  7747 D MonkeyStub: translateCommand: touch move 614 1186
10-30 11:43:15.850  7747  7747 D MonkeyStub: translateCommand: touch move 614 1061
10-30 11:43:15.959  7747  7747 D MonkeyStub: translateCommand: touch move 614 937
10-30 11:43:16.070  7747  7747 D MonkeyStub: translateCommand: touch move 614 812
10-30 11:43:16.175  7747  7747 D MonkeyStub: translateCommand: touch move 614 687
10-30 11:43:16.279  7747  7747 D MonkeyStub: translateCommand: touch move 614 562
10-30 11:43:16.390  7747  7747 D MonkeyStub: translateCommand: touch move 614 437
10-30 11:43:16.500  7747  7747 D MonkeyStub: translateCommand: touch move 614 312
10-30 11:43:16.504  7747  7747 D MonkeyStub: translateCommand: touch up 614 312
10-30 11:43:18.591  7747  7747 D MonkeyStub: translateCommand: touch down 614 1561
10-30 11:43:18.606  7747  7747 D MonkeyStub: translateCommand: touch move 614 1561
10-30 11:43:18.723  7747  7747 D MonkeyStub: translateCommand: touch move 614 1436
10-30 11:43:18.832  7747  7747 D MonkeyStub: translateCommand: touch move 614 1311
10-30 11:43:18.938  7747  7747 D MonkeyStub: translateCommand: touch move 614 1186
10-30 11:43:19.049  7747  7747 D MonkeyStub: translateCommand: touch move 614 1061
10-30 11:43:19.156  7747  7747 D MonkeyStub: translateCommand: touch move 614 937
10-30 11:43:19.263  7747  7747 D MonkeyStub: translateCommand: touch move 614 812
10-30 11:43:19.371  7747  7747 D MonkeyStub: translateCommand: touch move 614 687
10-30 11:43:19.481  7747  7747 D MonkeyStub: translateCommand: touch move 614 562
10-30 11:43:19.592  7747  7747 D MonkeyStub: translateCommand: touch move 614 437
10-30 11:43:19.698  7747  7747 D MonkeyStub: translateCommand: touch move 614 312
10-30 11:43:19.702  7747  7747 D MonkeyStub: translateCommand: touch up 614 312
10-30 11:43:21.797  7747  7747 D MonkeyStub: translateCommand: tap 1233 1011
10-30 11:43:27.240 25727 25727 I MemoryTrimmer: Trimming objects from memory, since app is in the background.
10-30 11:43:29.989  7747  7747 D MonkeyStub: translateCommand: touch down 614 1561
10-30 11:43:29.993  7747  7747 D MonkeyStub: translateCommand: touch move 614 1561
10-30 11:43:30.098  7747  7747 D MonkeyStub: translateCommand: touch move 614 1436
10-30 11:43:30.202  7747  7747 D MonkeyStub: translateCommand: touch move 614 1311
10-30 11:43:30.305  7747  7747 D MonkeyStub: translateCommand: touch move 614 1186
10-30 11:43:30.416  7747  7747 D MonkeyStub: translateCommand: touch move 614 1061
10-30 11:43:30.525  7747  7747 D MonkeyStub: translateCommand: touch move 614 937
10-30 11:43:30.638  7747  7747 D MonkeyStub: translateCommand: touch move 614 812
10-30 11:43:30.743  7747  7747 D MonkeyStub: translateCommand: touch move 614 687
10-30 11:43:30.850  7747  7747 D MonkeyStub: translateCommand: touch move 614 562
10-30 11:43:30.960  7747  7747 D MonkeyStub: translateCommand: touch move 614 437
10-30 11:43:31.070  7747  7747 D MonkeyStub: translateCommand: touch move 614 312
10-30 11:43:31.077  7747  7747 D MonkeyStub: translateCommand: touch up 614 312
10-30 11:43:31.416   787  1259 W ProcessReaper: Memory state is: 200
10-30 11:43:33.505   198   198 E SELinux : avc:  denied  { find } for service=netd pid=7810 uid=2000 scontext=u:r:shell:s0 tcontext=u:object_r:netd_service:s0 tclass=service_manager permissive=0
10-30 11:43:33.513   198   198 E SELinux : avc:  denied  { find } for service=android.service.gatekeeper.IGateKeeperService pid=7810 uid=2000 scontext=u:r:shell:s0 tcontext=u:object_r:gatekeeper_service:s0 tclass=service_manager permissive=0
10-30 11:43:35.323  7747  7747 D MonkeyStub: translateCommand: touch down 614 1561
10-30 11:43:35.345  7747  7747 D MonkeyStub: translateCommand: touch move 614 1561
10-30 11:43:35.454  7747  7747 D MonkeyStub: translateCommand: touch move 614 1436
10-30 11:43:35.559  7747  7747 D MonkeyStub: translateCommand: touch move 614 1311
10-30 11:43:35.670  7747  7747 D MonkeyStub: translateCommand: touch move 614 1186
10-30 11:43:35.778  7747  7747 D MonkeyStub: translateCommand: touch move 614 1061
10-30 11:43:35.892  7747  7747 D MonkeyStub: translateCommand: touch move 614 937
10-30 11:43:36.015  7747  7747 D MonkeyStub: translateCommand: touch move 614 812
10-30 11:43:36.131  7747  7747 D MonkeyStub: translateCommand: touch move 614 687
10-30 11:43:36.254  7747  7747 D MonkeyStub: translateCommand: touch move 614 562
10-30 11:43:36.364  7747  7747 D MonkeyStub: translateCommand: touch move 614 437
10-30 11:43:36.476  7747  7747 D MonkeyStub: translateCommand: touch move 614 312
10-30 11:43:36.479  7747  7747 D MonkeyStub: translateCommand: touch up 614 312
10-30 11:43:36.502  7747  7747 D MonkeyStub: translateCommand: touch down 614 1561
10-30 11:43:36.507  7747  7747 D MonkeyStub: translateCommand: touch move 614 1561
10-30 11:43:36.628  7747  7747 D MonkeyStub: translateCommand: touch move 614 1436
10-30 11:43:36.736  7747  7747 D MonkeyStub: translateCommand: touch move 614 1311
10-30 11:43:36.841  7747  7747 D MonkeyStub: translateCommand: touch move 614 1186
10-30 11:43:36.955  7747  7747 D MonkeyStub: translateCommand: touch move 614 1061
10-30 11:43:37.063  7747  7747 D MonkeyStub: translateCommand: touch move 614 937
10-30 11:43:37.170  7747  7747 D MonkeyStub: translateCommand: touch move 614 812
10-30 11:43:37.280  7747  7747 D MonkeyStub: translateCommand: touch move 614 687
10-30 11:43:37.389  7747  7747 D MonkeyStub: translateCommand: touch move 614 562
10-30 11:43:37.500  7747  7747 D MonkeyStub: translateCommand: touch move 614 437
10-30 11:43:37.611  7747  7747 D MonkeyStub: translateCommand: touch move 614 312
10-30 11:43:37.619  7747  7747 D MonkeyStub: translateCommand: touch up 614 312
10-30 11:43:41.873  7747  7747 D MonkeyStub: translateCommand: touch down 614 1561
10-30 11:43:41.879  7747  7747 D MonkeyStub: translateCommand: touch move 614 1561
10-30 11:43:41.991  7747  7747 D MonkeyStub: translateCommand: touch move 614 1436
10-30 11:43:42.095  7747  7747 D MonkeyStub: translateCommand: touch move 614 1311
10-30 11:43:42.209  7747  7747 D MonkeyStub: translateCommand: touch move 614 1186
10-30 11:43:42.319  7747  7747 D MonkeyStub: translateCommand: touch move 614 1061
10-30 11:43:42.427  7747  7747 D MonkeyStub: translateCommand: touch move 614 937
10-30 11:43:42.538  7747  7747 D MonkeyStub: translateCommand: touch move 614 812
10-30 11:43:42.645  7747  7747 D MonkeyStub: translateCommand: touch move 614 687
10-30 11:43:42.755  7747  7747 D MonkeyStub: translateCommand: touch move 614 562
10-30 11:43:42.795   600   612 I UsageStatsService: User[0] Flushing usage stats to disk
10-30 11:43:42.878  7747  7747 D MonkeyStub: translateCommand: touch move 614 437
10-30 11:43:42.993  7747  7747 D MonkeyStub: translateCommand: touch move 614 312
10-30 11:43:42.997  7747  7747 D MonkeyStub: translateCommand: touch up 614 312
10-30 11:43:47.198  7747  7747 D MonkeyStub: translateCommand: touch down 614 1561
10-30 11:43:47.210  7747  7747 D MonkeyStub: translateCommand: touch move 614 1561
10-30 11:43:47.320  7747  7747 D MonkeyStub: translateCommand: touch move 614 1436
10-30 11:43:47.430  7747  7747 D MonkeyStub: translateCommand: touch move 614 1311
10-30 11:43:47.540  7747  7747 D MonkeyStub: translateCommand: touch move 614 1186
10-30 11:43:47.650  7747  7747 D MonkeyStub: translateCommand: touch move 614 1061
10-30 11:43:47.759  7747  7747 D MonkeyStub: translateCommand: touch move 614 937
10-30 11:43:47.872  7747  7747 D MonkeyStub: translateCommand: touch move 614 812
10-30 11:43:47.980  7747  7747 D MonkeyStub: translateCommand: touch move 614 687
10-30 11:43:48.097  7747  7747 D MonkeyStub: translateCommand: touch move 614 562
10-30 11:43:48.208  7747  7747 D MonkeyStub: translateCommand: touch move 614 437
10-30 11:43:48.317  7747  7747 D MonkeyStub: translateCommand: touch move 614 312
10-30 11:43:48.320  7747  7747 D MonkeyStub: translateCommand: touch up 614 312
10-30 11:43:48.326  7747  7747 D MonkeyStub: Quit requested
10-30 11:43:48.355   600   614 I CwMcuSensor: CwMcuSensor::flush: fd = 241, sensors_id = 0, path = /sys/class/htc_sensorhub/sensor_hub/flush, err = 0
10-30 11:43:48.372  7747  7747 I art     : System.exit called, status: 145
10-30 11:43:48.372  7747  7747 I AndroidRuntime: VM exiting with result code 145.
10-30 11:43:48.403   600   600 E JavaBinder: !!! FAILED BINDER TRANSACTION !!!  (parcel size = 2284)
10-30 11:43:48.408   600 27731 W WindowManager: Attempted to remove non-existing token: android.os.Binder@364f8ab
10-30 11:43:48.417   600   600 E AccessibilityManagerService: Error during sending EventType: TYPE_VIEW_SCROLLED; EventTime: 68592439; PackageName: com.opera.browser; MovementGranularity: 0; Action: 0 [ ClassName: android.webkit.WebView; Text: []; ContentDescription: null; ItemCount: 0; CurrentItemIndex: 0; IsEnabled: true; IsPassword: false; IsChecked: false; IsFullScreen: false; Scrollable: true; BeforeText: null; FromIndex: -1; ToIndex: -1; ScrollX: 0; ScrollY: 5957; MaxScrollX: 0; MaxScrollY: 25000; AddedCount: -1; RemovedCount: -1; ParcelableData: null ]; recordCount: 0 to android.accessibilityservice.IAccessibilityServiceClient$Stub$Proxy@a22814c
10-30 11:43:48.417   600   600 E AccessibilityManagerService: android.os.DeadObjectException: Transaction failed on small parcel; remote process probably died
10-30 11:43:48.417   600   600 E AccessibilityManagerService: 	at android.os.BinderProxy.transactNative(Native Method)
10-30 11:43:48.417   600   600 E AccessibilityManagerService: 	at android.os.BinderProxy.transact(Binder.java:615)
10-30 11:43:48.417   600   600 E AccessibilityManagerService: 	at android.accessibilityservice.IAccessibilityServiceClient$Stub$Proxy.onAccessibilityEvent(IAccessibilityServiceClient.java:191)
10-30 11:43:48.417   600   600 E AccessibilityManagerService: 	at com.android.server.accessibility.AccessibilityManagerService$Service.notifyAccessibilityEventInternal(AccessibilityManagerService.java:3245)
10-30 11:43:48.417   600   600 E AccessibilityManagerService: 	at com.android.server.accessibility.AccessibilityManagerService$Service.-wrap0(AccessibilityManagerService.java)
10-30 11:43:48.417   600   600 E AccessibilityManagerService: 	at com.android.server.accessibility.AccessibilityManagerService$Service$1.handleMessage(AccessibilityManagerService.java:2260)
10-30 11:43:48.417   600   600 E AccessibilityManagerService: 	at android.os.Handler.dispatchMessage(Handler.java:102)
10-30 11:43:48.417   600   600 E AccessibilityManagerService: 	at android.os.Looper.loop(Looper.java:154)
