--------- beginning of main
10-29 20:16:41.549 14068 14068 D AndroidRuntime: >>>>>> START com.android.internal.os.RuntimeInit uid 2000 <<<<<<
10-29 20:16:41.553 14068 14068 D AndroidRuntime: CheckJNI is OFF
10-29 20:16:41.633 14068 14068 D ICU     : No timezone override file found: /data/misc/zoneinfo/current/icu/icu_tzdata.dat
10-29 20:16:41.668 14068 14068 I Radio-JNI: register_android_hardware_Radio DONE
10-29 20:16:41.687 14068 14068 D AndroidRuntime: Calling main entry com.android.commands.am.Am
--------- beginning of system
10-29 20:16:41.708   600  1079 I ActivityManager: Force stopping com.opera.browser appid=10122 user=0: from pid 14068
10-29 20:16:41.720  1061  1061 D RegisteredNfcFServicesCache: Service unchanged, not updating
10-29 20:16:41.964   600  9614 I ActivityManager: START u0 {act=android.intent.action.VIEW flg=0x10008000 cmp=com.opera.browser/com.opera.Opera} from uid 2000 on display 0
10-29 20:16:41.998 14068 14068 D AndroidRuntime: Shutting down VM
10-29 20:16:42.020   600 17381 I ActivityManager: Start proc 14078:com.opera.browser/u0a122 for activity com.opera.browser/com.opera.Opera
10-29 20:16:42.123 14078 14078 I art     : Starting a blocking GC AddRemoveAppImageSpace
10-29 20:16:42.143 14078 14078 I LoadedApk: No resource references to update in package com.opera.browser.nord_vpn
10-29 20:16:42.240 14078 14078 I art     : Rejecting re-init on previously-failed class java.lang.Class<com.opera.android.job.a$j>: java.lang.NoClassDefFoundError: Failed resolution of: Landroid/app/job/JobServiceEngine;
10-29 20:16:42.240 14078 14078 I art     :   at void com.opera.android.OperaApplication.onCreate() (SourceFile:52)
10-29 20:16:42.240 14078 14078 I art     :   at void android.app.Instrumentation.callApplicationOnCreate(android.app.Application) (Instrumentation.java:1024)
10-29 20:16:42.240 14078 14078 I art     :   at void android.app.ActivityThread.handleBindApplication(android.app.ActivityThread$AppBindData) (ActivityThread.java:5403)
10-29 20:16:42.240 14078 14078 I art     :   at void android.app.ActivityThread.-wrap2(android.app.ActivityThread, android.app.ActivityThread$AppBindData) (ActivityThread.java:-1)
10-29 20:16:42.240 14078 14078 I art     :   at void android.app.ActivityThread$H.handleMessage(android.os.Message) (ActivityThread.java:1545)
10-29 20:16:42.240 14078 14078 I art     :   at void android.os.Handler.dispatchMessage(android.os.Message) (Handler.java:102)
10-29 20:16:42.240 14078 14078 I art     :   at void android.os.Looper.loop() (Looper.java:154)
10-29 20:16:42.240 14078 14078 I art     :   at void android.app.ActivityThread.main(java.lang.String[]) (ActivityThread.java:6119)
10-29 20:16:42.240 14078 14078 I art     :   at java.lang.Object java.lang.reflect.Method.invoke!(java.lang.Object, java.lang.Object[]) (Method.java:-2)
10-29 20:16:42.240 14078 14078 I art     :   at void com.android.internal.os.ZygoteInit$MethodAndArgsCaller.run() (ZygoteInit.java:886)
10-29 20:16:42.240 14078 14078 I art     :   at void com.android.internal.os.ZygoteInit.main(java.lang.String[]) (ZygoteInit.java:776)
10-29 20:16:42.240 14078 14078 I art     : Caused by: java.lang.ClassNotFoundException: Didn't find class "android.app.job.JobServiceEngine" on path: DexPathList[[zip file "/data/app/com.opera.browser-1/base.apk"],nativeLibraryDirectories=[/data/app/com.opera.browser-1/lib/arm, /data/app/com.opera.browser-1/base.apk!/lib/armeabi-v7a, /system/lib, /vendor/lib]]
10-29 20:16:42.240 14078 14078 I art     :   at java.lang.Class dalvik.system.BaseDexClassLoader.findClass(java.lang.String) (BaseDexClassLoader.java:56)
10-29 20:16:42.240 14078 14078 I art     :   at java.lang.Class java.lang.ClassLoader.loadClass(java.lang.String, boolean) (ClassLoader.java:380)
10-29 20:16:42.240 14078 14078 I art     :   at java.lang.Class java.lang.ClassLoader.loadClass(java.lang.String) (ClassLoader.java:312)
10-29 20:16:42.240 14078 14078 I art     :   at void com.opera.android.OperaApplication.onCreate() (SourceFile:52)
10-29 20:16:42.240 14078 14078 I art     :   at void android.app.Instrumentation.callApplicationOnCreate(android.app.Application) (Instrumentation.java:1024)
10-29 20:16:42.240 14078 14078 I art     :   at void android.app.ActivityThread.handleBindApplication(android.app.ActivityThread$AppBindData) (ActivityThread.java:5403)
10-29 20:16:42.240 14078 14078 I art     :   at void android.app.ActivityThread.-wrap2(android.app.ActivityThread, android.app.ActivityThread$AppBindData) (ActivityThread.java:-1)
10-29 20:16:42.240 14078 14078 I art     :   at void android.app.ActivityThread$H.handleMessage(android.os.Message) (ActivityThread.java:1545)
10-29 20:16:42.240 14078 14078 I art     :   at void android.os.Handler.dispatchMessage(android.os.Message) (Handler.java:102)
10-29 20:16:42.240 14078 14078 I art     :   at void android.os.Looper.loop() (Looper.java:154)
10-29 20:16:42.240 14078 14078 I art     :   at void android.app.ActivityThread.main(java.lang.String[]) (ActivityThread.java:6119)
10-29 20:16:42.240 14078 14078 I art     :   at java.lang.Object java.lang.reflect.Method.invoke!(java.lang.Object, java.lang.Object[]) (Method.java:-2)
10-29 20:16:42.240 14078 14078 I art     :   at void com.android.internal.os.ZygoteInit$MethodAndArgsCaller.run() (ZygoteInit.java:886)
10-29 20:16:42.240 14078 14078 I art     :   at void com.android.internal.os.ZygoteInit.main(java.lang.String[]) (ZygoteInit.java:776)
10-29 20:16:42.240 14078 14078 I art     : 
10-29 20:16:42.243 14078 14088 I art     : Background sticky concurrent mark sweep GC freed 7991(450KB) AllocSpace objects, 2(40KB) LOS objects, 24% free, 3MB/4MB, paused 6.836ms total 61.341ms
10-29 20:16:42.270 14078 14122 D NetworkSecurityConfig: Using Network Security Config from resource network_security_config_official_build debugBuild: false
10-29 20:16:42.405   600  1080 I ActivityManager: START u0 {act=android.intent.action.VIEW flg=0x10008000 cmp=com.opera.browser/com.opera.android.startup.WelcomeActivity} from uid 10122 on display 0
10-29 20:16:42.448   600 13631 W ActivityManager: Duplicate finish request for ActivityRecord{e5e72ef u0 com.opera.browser/com.opera.Opera t1385 f}
10-29 20:16:42.741   600   609 I art     : Background partial concurrent mark sweep GC freed 105496(4MB) AllocSpace objects, 23(524KB) LOS objects, 33% free, 15MB/23MB, paused 1.115ms total 224.098ms
10-29 20:16:42.797 14078 14187 I OpenGLRenderer: Initialized EGL, version 1.4
10-29 20:16:42.797 14078 14187 D OpenGLRenderer: Swap behavior 2
10-29 20:16:42.843 14078 14088 I art     : Background sticky concurrent mark sweep GC freed 44682(3MB) AllocSpace objects, 16(460KB) LOS objects, 21% free, 5MB/6MB, paused 3.002ms total 205.766ms
10-29 20:16:42.915 14078 14123 I FA      : App measurement initialized, version: 43042
10-29 20:16:42.915 14078 14123 I FA      : To enable debug logging run: adb shell setprop log.tag.FA VERBOSE
10-29 20:16:42.916 14078 14123 I FA      : To enable faster debug mode event logging run:
10-29 20:16:42.916 14078 14123 I FA      :   adb shell setprop debug.firebase.analytics.app com.opera.browser
10-29 20:16:43.062   600   620 I ActivityManager: Displayed com.opera.browser/com.opera.android.startup.WelcomeActivity: +597ms (total +1s68ms)
10-29 20:16:43.115 14078 14088 I art     : Background partial concurrent mark sweep GC freed 20644(1166KB) AllocSpace objects, 9(176KB) LOS objects, 40% free, 5MB/9MB, paused 6.137ms total 61.071ms
10-29 20:16:43.221   600  1081 I ActivityManager: Start proc 14215:com.opera.browser:privileged_process0/u0a122 for service com.opera.browser/com.opera.android.browser.chromium.services.PrivilegedProcessService0
10-29 20:16:43.237 14078 14208 W chromium: [WARNING:op_site_scripts.cc(424)] Failed to map /data/user/0/com.opera.browser/app_opera/sjs
10-29 20:16:43.274   600   620 W WindowManager: Failed looking up window
10-29 20:16:43.274   600   620 W WindowManager: java.lang.IllegalArgumentException: Requested window android.view.ViewRootImpl$W@1488494 does not exist
10-29 20:16:43.274   600   620 W WindowManager: 	at com.android.server.wm.WindowManagerService.windowForClientLocked(WindowManagerService.java:9422)
10-29 20:16:43.274   600   620 W WindowManager: 	at com.android.server.wm.WindowManagerService.windowForClientLocked(WindowManagerService.java:9413)
10-29 20:16:43.274   600   620 W WindowManager: 	at com.android.server.wm.WindowManagerService.removeWindow(WindowManagerService.java:2393)
10-29 20:16:43.274   600   620 W WindowManager: 	at com.android.server.wm.Session.remove(Session.java:202)
10-29 20:16:43.274   600   620 W WindowManager: 	at android.view.ViewRootImpl.dispatchDetachedFromWindow(ViewRootImpl.java:3290)
10-29 20:16:43.274   600   620 W WindowManager: 	at android.view.ViewRootImpl.doDie(ViewRootImpl.java:5917)
10-29 20:16:43.274   600   620 W WindowManager: 	at android.view.ViewRootImpl$ViewRootHandler.handleMessage(ViewRootImpl.java:3626)
10-29 20:16:43.274   600   620 W WindowManager: 	at android.os.Handler.dispatchMessage(Handler.java:102)
10-29 20:16:43.274   600   620 W WindowManager: 	at android.os.Looper.loop(Looper.java:154)
10-29 20:16:43.274   600   620 W WindowManager: 	at android.os.HandlerThread.run(HandlerThread.java:61)
10-29 20:16:43.274   600   620 W WindowManager: 	at com.android.server.ServiceThread.run(ServiceThread.java:46)
10-29 20:16:43.279 14215 14215 I art     : Starting a blocking GC AddRemoveAppImageSpace
10-29 20:16:43.298 14215 14215 I LoadedApk: No resource references to update in package com.opera.browser.nord_vpn
10-29 20:16:43.458 14215 14232 E libEGL  : validate_display:99 error 3008 (EGL_BAD_DISPLAY)
10-29 20:16:43.574 14788 15245 W SearchService: Abort, client detached.
10-29 20:16:43.595 14788 13971 I DeviceStateChecker: DeviceStateChecker cancelled
10-29 20:16:43.596 14788 14788 I MicroDetector: Keeping mic open: false
10-29 20:16:43.597 14788  6184 I AudioController: internalShutdown
10-29 20:16:43.597 14788  6184 I MicrophoneInputStream: mic_close com.google.android.apps.gsa.speech.audio.ae@2837545
10-29 20:16:43.609   238   285 I SoundTriggerHwService::Module: void android::SoundTriggerHwService::Module::onCallbackEvent(const sp<android::SoundTriggerHwService::CallbackEvent> &) mClient == 0
10-29 20:16:43.619 14788 13972 I MicroRecognitionRunner: Detection finished
10-29 20:16:43.619 14788 14861 I MicroRecognitionRunner: Stopping hotword detection.
10-29 20:16:43.657 14215 14232 E libEGL  : validate_display:99 error 3008 (EGL_BAD_DISPLAY)
10-29 20:16:43.670  1084  1084 I MemoryTrimmer: Trimming objects from memory, since app is in the background.
10-29 20:16:43.676 14788 14788 I MemoryTrimmer: Trimming objects from memory, since app is in the background.
10-29 20:16:43.690 14788 14788 I MemoryTrimmer: Trimming objects from memory, since app is in the background.
10-29 20:16:43.808 14078 14123 I FA      : Tag Manager is not found and thus will not be used
10-29 20:16:47.596 14078 14078 I PlayCore: UID: [10122]  PID: [14078] AppUpdateListenerRegistry : registerListener
10-29 20:16:47.597 14078 14078 I PlayCore: UID: [10122]  PID: [14078] AppUpdateService : requestUpdateInfo(com.opera.browser)
10-29 20:16:47.609 14078 14295 I PlayCore: UID: [10122]  PID: [14078] AppUpdateService : Initiate binding to the service.
10-29 20:16:47.609   600  3507 W ActivityManager: Unable to start service Intent { act=com.google.android.play.core.install.BIND_UPDATE_SERVICE pkg=com.android.vending } U=0: not found
10-29 20:16:47.610 14078 14295 I PlayCore: UID: [10122]  PID: [14078] AppUpdateService : Failed to bind to the service.
10-29 20:16:47.656 14078 14297 D ApplicationLoaders: ignored Vulkan layer search path /data/app/com.google.android.gms-1/lib/arm:/data/app/com.google.android.gms-1/base.apk!/lib/armeabi-v7a:/data/app/com.google.android.gms-1/split_config.en.apk!/lib/armeabi-v7a for namespace 0xf4a41090
10-29 20:16:47.659 14078 14297 W ResourceType: ResTable_typeSpec entry count inconsistent: given 67, previously 69
10-29 20:16:47.659 14078 14297 W ResourceType: ResTable_typeSpec entry count inconsistent: given 5346, previously 5347
10-29 20:16:48.105   600   612 D SyncManager: failed sync operation JobId: 100983, com.opera.browser u0 (com.opera.browser.ping), com.opera.browser.ping.provider, SERVER, reason: 10122, SyncResult: delayUntil: 1667074608 stats [ numIoExceptions: 1]
10-29 20:16:53.718 14788 14788 I MemoryTrimmer: Trimming objects from memory, since app is in the background.
10-29 20:16:55.090 14326 14326 D AndroidRuntime: >>>>>> START com.android.internal.os.RuntimeInit uid 2000 <<<<<<
10-29 20:16:55.093 14326 14326 D AndroidRuntime: CheckJNI is OFF
10-29 20:16:55.158 14326 14326 D ICU     : No timezone override file found: /data/misc/zoneinfo/current/icu/icu_tzdata.dat
10-29 20:16:55.190 14326 14326 I Radio-JNI: register_android_hardware_Radio DONE
10-29 20:16:55.205 14326 14326 D AndroidRuntime: Calling main entry com.android.commands.monkey.Monkey
10-29 20:16:55.271   600   613 W BroadcastQueue: Skipping deliver [background] BroadcastRecord{5a07f9d u-1 android.net.conn.CONNECTIVITY_CHANGE} to ReceiverList{ca65c12 14326 (unknown name)/2000/u-1 remote:dc02647}: process crashing
10-29 20:16:56.974 14326 14326 D MonkeyStub: translateCommand: wake
10-29 20:16:57.089 14326 14326 D MonkeyStub: translateCommand: tap 960 1881
10-29 20:16:57.162   600 24515 I ActivityManager: START u0 {act=android.intent.action.VIEW flg=0x1000000 cmp=com.opera.browser/com.opera.android.IntentDispatcherActivity} from uid 10122 on display 0
10-29 20:16:57.264   600 24515 I ActivityManager: START u0 {act=android.intent.action.VIEW flg=0x15002000 cmp=com.opera.browser/com.opera.android.BrowserActivity} from uid 10122 on display 0
10-29 20:16:57.278  1084  1171 I OpenGLRenderer: Initialized EGL, version 1.4
10-29 20:16:57.279  1084  1171 D OpenGLRenderer: Swap behavior 2
10-29 20:16:57.318 14788 14788 I MemoryTrimmer: Trimming objects from memory, since app is in the background.
10-29 20:16:57.407   600   609 I art     : Background partial concurrent mark sweep GC freed 59651(3MB) AllocSpace objects, 73(2MB) LOS objects, 33% free, 15MB/22MB, paused 1.048ms total 170.926ms
10-29 20:16:57.567  1084  1084 I MemoryTrimmer: Trimming objects from memory, since app is in the background.
10-29 20:16:57.677 14078 14372 W ResourceType: ResTable_typeSpec entry count inconsistent: given 67, previously 69
10-29 20:16:57.677 14078 14372 W ResourceType: ResTable_typeSpec entry count inconsistent: given 5346, previously 5347
10-29 20:16:57.688 14788 14788 I MemoryTrimmer: Trimming objects from memory, since app is in the background.
10-29 20:16:57.744   600   620 I ActivityManager: Displayed com.opera.browser/com.opera.android.BrowserActivity: +461ms (total +533ms)
10-29 20:16:57.785   600 17381 I CwMcuSensor: CwMcuSensor::flush: fd = 235, sensors_id = 0, path = /sys/class/htc_sensorhub/sensor_hub/flush, err = 0
10-29 20:16:57.841 14078 14187 D OpenGLRenderer: endAllActiveAnimators on 0xd17d2780 (RippleDrawable) with handle 0xd23dfce0
10-29 20:16:57.907 14078 14088 W art     : Suspending all threads took: 6.216ms
10-29 20:16:57.981 14078 14088 I art     : Background partial concurrent mark sweep GC freed 33133(2MB) AllocSpace objects, 38(760KB) LOS objects, 39% free, 7MB/13MB, paused 13.777ms total 268.450ms
10-29 20:16:58.064 14078 14344 E [Leanplum][ERROR]: No variable values were received from the server. Please contact us to investigate.
10-29 20:16:58.196 14078 14387 W ResourceType: ResTable_typeSpec entry count inconsistent: given 67, previously 69
10-29 20:16:58.196 14078 14387 W ResourceType: ResTable_typeSpec entry count inconsistent: given 5346, previously 5347
10-29 20:16:58.454 14078 14083 I art     : Do partial code cache collection, code=18KB, data=30KB
10-29 20:16:58.457 14078 14083 I art     : After code cache collection, code=18KB, data=30KB
10-29 20:16:58.457 14078 14083 I art     : Increasing code cache capacity to 128KB
10-29 20:16:58.489 14078 14416 W ResourceType: ResTable_typeSpec entry count inconsistent: given 67, previously 69
10-29 20:16:58.489 14078 14416 W ResourceType: ResTable_typeSpec entry count inconsistent: given 5346, previously 5347
10-29 20:16:58.524 14078 14078 E Sensors : sendAck failure -1 1
10-29 20:16:58.525 14078 14078 E Sensors : sendAck failure -1 2
10-29 20:16:58.525 14078 14078 E Sensors : sendAck failure -1 3
10-29 20:16:58.525 14078 14078 E Sensors : sendAck failure -1 4
10-29 20:16:58.525 14078 14078 E Sensors : sendAck failure -1 5
10-29 20:16:58.525 14078 14078 E Sensors : sendAck failure -1 6
10-29 20:16:58.525 14078 14078 E Sensors : sendAck failure -1 7
10-29 20:16:58.525 14078 14078 E Sensors : sendAck failure -1 8
10-29 20:16:58.525 14078 14078 E Sensors : sendAck failure -1 9
10-29 20:16:58.525 14078 14078 E Sensors : sendAck failure -1 10
10-29 20:16:58.525 14078 14078 E Sensors : sendAck failure -1 11
10-29 20:16:58.525 14078 14078 E Sensors : sendAck failure -1 12
10-29 20:16:58.525 14078 14078 E Sensors : sendAck failure -1 13
10-29 20:16:58.525 14078 14078 E Sensors : sendAck failure -1 14
10-29 20:16:58.525 14078 14078 E Sensors : sendAck failure -1 15
10-29 20:16:58.525 14078 14078 E Sensors : sendAck failure -1 16
10-29 20:16:58.525 14078 14078 E Sensors : sendAck failure -1 17
10-29 20:16:58.525 14078 14078 E Sensors : sendAck failure -1 18
10-29 20:16:58.525 14078 14078 E Sensors : sendAck failure -1 19
10-29 20:16:58.525 14078 14078 E Sensors : sendAck failure -1 20
10-29 20:16:58.525 14078 14078 E Sensors : sendAck failure -1 21
10-29 20:16:58.525 14078 14078 E Sensors : sendAck failure -1 22
10-29 20:16:58.525 14078 14078 E Sensors : sendAck failure -1 23
10-29 20:16:58.525 14078 14078 E Sensors : sendAck failure -1 24
10-29 20:16:58.525 14078 14078 E Sensors : sendAck failure -1 25
10-29 20:16:58.525 14078 14078 E Sensors : sendAck failure -1 26
10-29 20:16:58.525 14078 14078 E Sensors : sendAck failure -1 27
10-29 20:16:58.525 14078 14078 E Sensors : sendAck failure -1 28
10-29 20:16:58.525 14078 14078 E Sensors : sendAck failure -1 29
10-29 20:16:58.526 14078 14078 E Sensors : sendAck failure -1 30
10-29 20:16:58.530 14078 14078 E Sensors : sendAck failure -1 1
10-29 20:16:58.530 14078 14078 E Sensors : sendAck failure -1 2
10-29 20:16:58.530 14078 14078 E Sensors : sendAck failure -1 3
10-29 20:16:58.530 14078 14078 E Sensors : sendAck failure -1 4
10-29 20:16:58.550 14078 14078 I Choreographer: Skipped 43 frames!  The application may be doing too much work on its main thread.
10-29 20:16:58.740 14078 14078 W View    : requestLayout() improperly called by com.opera.android.custom_views.FadingRecyclerView{69d5ec1 VFED.V... ......ID 0,813-1536,813 #7f0a0825 app:id/suggested_dials_grid} during layout: running second layout pass
10-29 20:16:59.061 14078 14088 I art     : Background partial concurrent mark sweep GC freed 33113(1882KB) AllocSpace objects, 20(832KB) LOS objects, 40% free, 12MB/20MB, paused 3.855ms total 199.142ms
10-29 20:16:59.477 14444 14444 I dex2oat : /system/bin/dex2oat --dex-file=/data/user/0/com.opera.browser/code_cache/.       --oat-fd=198 --oat-location=/data/user/0/com.opera.browser/code_cache/.     --compiler-filter=speed
10-29 20:16:59.791 14444 14444 I dex2oat : dex2oat took 341.282ms (threads: 2) arena alloc=432KB (442800B) java alloc=32KB (33064B) native alloc=346KB (354496B) free=1189KB (1218368B)
10-29 20:17:00.088 14452 14452 I dex2oat : /system/bin/dex2oat --dex-file=/data/user/0/com.opera.browser/code_cache/.      --oat-fd=156 --oat-location=/data/user/0/com.opera.browser/code_cache/. ​  --compiler-filter=speed
10-29 20:17:00.144 14078 14083 I art     : Do partial code cache collection, code=37KB, data=62KB
10-29 20:17:00.162 14078 14083 I art     : After code cache collection, code=37KB, data=62KB
10-29 20:17:00.162 14078 14083 I art     : Increasing code cache capacity to 256KB
10-29 20:17:00.342 14452 14452 I dex2oat : dex2oat took 255.535ms (threads: 2) arena alloc=567KB (581496B) java alloc=101KB (104080B) native alloc=523KB (536408B) free=1524KB (1560744B)
10-29 20:17:00.889 14078 14078 D ApplicationLoaders: ignored Vulkan layer search path /data/app/com.android.chrome-1/lib/arm:/data/app/com.android.chrome-1/base.apk!/lib/armeabi-v7a:/data/app/com.android.chrome-1/split_config.en.apk!/lib/armeabi-v7a:/data/app/com.android.chrome-1/split_extra_icu.apk!/lib/armeabi-v7a for namespace 0xf4a410d0
10-29 20:17:00.892 14078 14078 I WebViewFactory: Loading com.android.chrome version 85.0.4183.127 (code 418312773)
10-29 20:17:01.001 14078 14088 I art     : Background partial concurrent mark sweep GC freed 110848(4MB) AllocSpace objects, 5(228KB) LOS objects, 40% free, 13MB/22MB, paused 6.209ms total 136.962ms
10-29 20:17:01.104 14078 14078 I cr_LibraryLoader: Loaded native library version number "85.0.4183.127"
10-29 20:17:01.105 14078 14078 I cr_CachingUmaRecorder: Flushed 5 samples from 5 histograms.
10-29 20:17:01.133   600   611 I ActivityManager: Start proc 14467:com.android.chrome:webview_service/u0a35 for service com.android.chrome/org.chromium.android_webview.services.VariationsSeedServer
10-29 20:17:01.178 14078 14078 E chromium: [ERROR:filesystem_posix.cc(62)] mkdir /data/user/0/com.opera.browser/cache/WebView/Crashpad: No such file or directory (2)
10-29 20:17:01.214 14326 14326 D MonkeyStub: translateCommand: tap 57 93
10-29 20:17:01.415   600 16391 D VoldConnector: SND -> {12 volume mkdirs /storage/emulated/0/Android/data/com.opera.browser/cache/}
10-29 20:17:01.428 14078 14505 W ResourceType: ResTable_typeSpec entry count inconsistent: given 67, previously 69
10-29 20:17:01.428 14078 14505 W ResourceType: ResTable_typeSpec entry count inconsistent: given 5346, previously 5347
10-29 20:17:01.430   600   638 D VoldConnector: RCV <- {200 12 Command succeeded}
10-29 20:17:01.471 14078 14505 W System  : ClassLoader referenced unknown path: 
10-29 20:17:01.472 14078 14505 D ApplicationLoaders: ignored Vulkan layer search path /data/app/com.google.android.gms-1/lib/arm:/data/app/com.google.android.gms-1/base.apk!/lib/armeabi-v7a:/data/app/com.google.android.gms-1/split_config.en.apk!/lib/armeabi-v7a for namespace 0xf4a41110
10-29 20:17:01.517 14078 14505 I DynamiteLoaderV2Impl: [70] AdsFdrDynamite.integ
10-29 20:17:01.635 14507 14507 I dex2oat : /system/bin/dex2oat --dex-file=/data/user/0/com.opera.browser/files/audience_network.dex --oat-fd=249 --oat-location=/data/user/0/com.opera.browser/app_optimized/audience_network.dex --compiler-filter=speed
10-29 20:17:01.667 14078 14078 I DynamiteModule: Considering local module com.google.android.gms.ads.dynamite:0 and remote module com.google.android.gms.ads.dynamite:203404601
10-29 20:17:01.669 14078 14078 I DynamiteModule: Selected remote version of com.google.android.gms.ads.dynamite, version >= 203404601
10-29 20:17:01.683 14078 14505 W System  : ClassLoader referenced unknown path: /data/user_de/0/com.google.android.gms/app_chimera/m/00000057/n/armeabi-v7a
10-29 20:17:01.683 14078 14505 W System  : ClassLoader referenced unknown path: /data/user_de/0/com.google.android.gms/app_chimera/m/00000057/n/armeabi
10-29 20:17:01.706 14078 14078 D DynamitePackage: Instantiated singleton DynamitePackage.
10-29 20:17:01.706 14078 14078 D DynamitePackage: Instantiating com.google.android.gms.ads.ChimeraMobileAdsSettingManagerCreatorImpl
10-29 20:17:01.797 14078 14505 W DynamiteModule: Local module descriptor class for com.google.android.gms.ads.dynamite not found.
10-29 20:17:01.879 14078 14078 I Ads     : Updating ad debug logging enablement.
10-29 20:17:02.002   600   619 D BluetoothManagerService: Message: 20
10-29 20:17:02.002   600   619 D BluetoothManagerService: Added callback: android.bluetooth.IBluetoothManagerCallback$Stub$Proxy@cd5edeb:true
10-29 20:17:02.005 14078 14519 E libEGL  : validate_display:99 error 3008 (EGL_BAD_DISPLAY)
10-29 20:17:02.089 14078 14078 I Choreographer: Skipped 75 frames!  The application may be doing too much work on its main thread.
10-29 20:17:02.130 14078 14078 D DynamitePackage: Instantiating com.google.android.gms.ads.ChimeraAdLoaderBuilderCreatorImpl
10-29 20:17:02.162 14078 14088 I art     : Background sticky concurrent mark sweep GC freed 121027(7MB) AllocSpace objects, 11(220KB) LOS objects, 34% free, 15MB/22MB, paused 6.442ms total 183.207ms
10-29 20:17:02.198 14078 14078 I Ads     : Use RequestConfiguration.Builder().setTestDeviceIds(Arrays.asList("E975D60B8B6136BB8437A20FB42B8437") to get test ads on this device.
10-29 20:17:02.284 14078 14516 W art     : Before Android 4.1, method double java.util.concurrent.ThreadLocalRandom.internalNextDouble(double, double) would have incorrectly overridden the package-private method in java.util.Random
10-29 20:17:02.284 14078 14516 W art     : Before Android 4.1, method int java.util.concurrent.ThreadLocalRandom.internalNextInt(int, int) would have incorrectly overridden the package-private method in java.util.Random
10-29 20:17:02.285 14078 14516 W art     : Before Android 4.1, method long java.util.concurrent.ThreadLocalRandom.internalNextLong(long, long) would have incorrectly overridden the package-private method in java.util.Random
10-29 20:17:02.533 14538 14538 I dex2oat : /system/bin/dex2oat --dex-file=/data/user/0/com.opera.browser/cache/1596060835607.jar --oat-fd=282 --oat-location=/data/user/0/com.opera.browser/cache/1596060835607.dex --compiler-filter=speed
10-29 20:17:02.546 14078 14078 I DynamiteModule: Considering local module com.google.android.gms.ads.dynamite:0 and remote module com.google.android.gms.ads.dynamite:203404601
10-29 20:17:02.546 14078 14078 I DynamiteModule: Selected remote version of com.google.android.gms.ads.dynamite, version >= 203404601
10-29 20:17:02.593 14078 14551 W DynamiteModule: Local module descriptor class for com.google.android.gms.ads.dynamite not found.
10-29 20:17:02.598 14078 14551 W DynamiteModule: Local module descriptor class for com.google.android.gms.ads.dynamite not found.
10-29 20:17:02.605 14078 14552 W DynamiteModule: Local module descriptor class for com.google.android.gms.ads.dynamite not found.
10-29 20:17:02.610 14078 14551 W DynamiteModule: Local module descriptor class for com.google.android.gms.ads.dynamite not found.
10-29 20:17:02.611 14078 14551 W DynamiteModule: Local module descriptor class for com.google.android.gms.ads.dynamite not found.
10-29 20:17:02.659 14078 14504 W System  : Ignoring header User-Agent because its value was null.
10-29 20:17:02.672 14078 14517 W Ads     : Update ad debug logging enablement as false
10-29 20:17:02.689 14078 14078 I Choreographer: Skipped 34 frames!  The application may be doing too much work on its main thread.
10-29 20:17:02.916 14788 14788 I MemoryTrimmer: Trimming objects from memory, since app is in the background.
10-29 20:17:03.038 14538 14538 I dex2oat : dex2oat took 509.082ms (threads: 2) arena alloc=416KB (426192B) java alloc=55KB (56664B) native alloc=506KB (518608B) free=1029KB (1054256B)
10-29 20:17:03.080 14078 14078 D DynamitePackage: Instantiating com.google.android.gms.ads.ChimeraAdLoaderBuilderCreatorImpl
10-29 20:17:03.086 14078 14078 I Ads     : Use RequestConfiguration.Builder().setTestDeviceIds(Arrays.asList("E975D60B8B6136BB8437A20FB42B8437") to get test ads on this device.
10-29 20:17:03.112 14078 14554 W DynamiteModule: Local module descriptor class for com.google.android.gms.ads.dynamite not found.
10-29 20:17:03.113 14078 14554 W DynamiteModule: Local module descriptor class for com.google.android.gms.ads.dynamite not found.
10-29 20:17:03.169 14078 14549 W DynamiteModule: Local module descriptor class for com.google.android.gms.ads.dynamite not found.
10-29 20:17:03.268 14326 14326 D MonkeyStub: translateCommand: tap 57 93
10-29 20:17:03.397 14078 14088 I art     : Background sticky concurrent mark sweep GC freed 52555(4MB) AllocSpace objects, 31(1828KB) LOS objects, 24% free, 17MB/22MB, paused 5.510ms total 280.008ms
10-29 20:17:04.010 14078 14083 I art     : Do full code cache collection, code=84KB, data=125KB
10-29 20:17:04.015 14078 14083 I art     : Waiting for a blocking GC JitCodeCache
10-29 20:17:04.128 14078 14088 I art     : Background partial concurrent mark sweep GC freed 45541(2MB) AllocSpace objects, 11(696KB) LOS objects, 40% free, 16MB/27MB, paused 1.749ms total 370.113ms
10-29 20:17:04.129 14078 14083 I art     : WaitForGcToComplete blocked for 113.142ms for cause JitCodeCache
10-29 20:17:04.129 14078 14083 I art     : Starting a blocking GC JitCodeCache
10-29 20:17:04.129 14078 14083 I art     : After code cache collection, code=65KB, data=67KB
10-29 20:17:04.528 14078 14566 W Ads     : Not retrying to fetch app settings
10-29 20:17:04.530 14078 14568 W Ads     : Not retrying to fetch app settings
10-29 20:17:04.768 14919 14967 I Ads     : Parental control value is stale. Refreshing.
10-29 20:17:04.769 14919 14967 W Ads     : Play store is not installed or the service for parental controls is not available.
10-29 20:17:04.868 14788 14788 I MemoryTrimmer: Trimming objects from memory, since app is in the background.
10-29 20:17:04.913 14919 14604 I Icing   : IndexChimeraService.getServiceInterface callingPackage=com.google.android.gms componentName=null serviceId=30
10-29 20:17:05.051 14919 14600 E Ads     : Error waiting for future.
10-29 20:17:05.051 14919 14600 E Ads     : java.util.concurrent.TimeoutException
10-29 20:17:05.051 14919 14600 E Ads     : 	at java.util.concurrent.FutureTask.get(FutureTask.java:177)
10-29 20:17:05.051 14919 14600 E Ads     : 	at com.google.android.gms.ads.nonagon.signals.gmscore.u.call(Unknown Source)
10-29 20:17:05.051 14919 14600 E Ads     : 	at btfw.b(:com.google.android.gms@203915020@20.39.15 (040406-335085812):0)
10-29 20:17:05.051 14919 14600 E Ads     : 	at btex.run(:com.google.android.gms@203915020@20.39.15 (040406-335085812):3)
10-29 20:17:05.051 14919 14600 E Ads     : 	at btfx.run(:com.google.android.gms@203915020@20.39.15 (040406-335085812):0)
10-29 20:17:05.051 14919 14600 E Ads     : 	at sup.b(:com.google.android.gms@203915020@20.39.15 (040406-335085812):12)
10-29 20:17:05.051 14919 14600 E Ads     : 	at sup.run(:com.google.android.gms@203915020@20.39.15 (040406-335085812):7)
10-29 20:17:05.051 14919 14600 E Ads     : 	at java.util.concurrent.ThreadPoolExecutor.runWorker(ThreadPoolExecutor.java:1133)
10-29 20:17:05.051 14919 14600 E Ads     : 	at java.util.concurrent.ThreadPoolExecutor$Worker.run(ThreadPoolExecutor.java:607)
10-29 20:17:05.051 14919 14600 E Ads     : 	at tam.run(:com.google.android.gms@203915020@20.39.15 (040406-335085812):0)
10-29 20:17:05.051 14919 14600 E Ads     : 	at java.lang.Thread.run(Thread.java:761)
10-29 20:17:05.061 14919 14607 E Ads     : Error waiting for future.
10-29 20:17:05.061 14919 14607 E Ads     : java.util.concurrent.TimeoutException
10-29 20:17:05.061 14919 14607 E Ads     : 	at java.util.concurrent.FutureTask.get(FutureTask.java:177)
10-29 20:17:05.061 14919 14607 E Ads     : 	at com.google.android.gms.ads.nonagon.signals.gmscore.u.call(Unknown Source)
10-29 20:17:05.061 14919 14607 E Ads     : 	at btfw.b(:com.google.android.gms@203915020@20.39.15 (040406-335085812):0)
10-29 20:17:05.061 14919 14607 E Ads     : 	at btex.run(:com.google.android.gms@203915020@20.39.15 (040406-335085812):3)
10-29 20:17:05.061 14919 14607 E Ads     : 	at btfx.run(:com.google.android.gms@203915020@20.39.15 (040406-335085812):0)
10-29 20:17:05.061 14919 14607 E Ads     : 	at sup.b(:com.google.android.gms@203915020@20.39.15 (040406-335085812):12)
10-29 20:17:05.061 14919 14607 E Ads     : 	at sup.run(:com.google.android.gms@203915020@20.39.15 (040406-335085812):7)
10-29 20:17:05.061 14919 14607 E Ads     : 	at java.util.concurrent.ThreadPoolExecutor.runWorker(ThreadPoolExecutor.java:1133)
10-29 20:17:05.061 14919 14607 E Ads     : 	at java.util.concurrent.ThreadPoolExecutor$Worker.run(ThreadPoolExecutor.java:607)
10-29 20:17:05.061 14919 14607 E Ads     : 	at tam.run(:com.google.android.gms@203915020@20.39.15 (040406-335085812):0)
10-29 20:17:05.061 14919 14607 E Ads     : 	at java.lang.Thread.run(Thread.java:761)
10-29 20:17:05.113   787   804 I art     : Background partial concurrent mark sweep GC freed 50143(3MB) AllocSpace objects, 3(60KB) LOS objects, 40% free, 10MB/17MB, paused 692us total 110.970ms
10-29 20:17:05.115 14919 19541 W Icing   : No valid account for uploading user actions
10-29 20:17:05.308 14919 19541 I Icing   : Usage reports ok 1, Failed Usage reports 0, indexed 0, rejected 0
10-29 20:17:05.515 14326 14326 D MonkeyStub: translateCommand: tap 446 593
10-29 20:17:06.085 14919 14919 D ApplicationLoaders: ignored Vulkan layer search path /data/app/com.android.chrome-1/lib/arm64:/data/app/com.android.chrome-1/base.apk!/lib/arm64-v8a:/data/app/com.android.chrome-1/split_config.en.apk!/lib/arm64-v8a:/data/app/com.android.chrome-1/split_extra_icu.apk!/lib/arm64-v8a for namespace 0x7f9ac3d160
10-29 20:17:06.090 14919 14919 I WebViewFactory: Loading com.android.chrome version 85.0.4183.127 (code 418312773)
10-29 20:17:06.470 14919 14919 W ResourceType: ResTable_typeSpec entry count inconsistent: given 67, previously 69
10-29 20:17:06.470 14919 14919 W ResourceType: ResTable_typeSpec entry count inconsistent: given 5346, previously 5347
10-29 20:17:06.512 14788 14788 I MemoryTrimmer: Trimming objects from memory, since app is in the background.
10-29 20:17:06.518 14919 14919 I cr_LibraryLoader: Loaded native library version number "85.0.4183.127"
10-29 20:17:06.531 14919 14919 I cr_CachingUmaRecorder: Flushed 5 samples from 5 histograms.
10-29 20:17:06.638 14919 14919 W ResourceType: ResTable_typeSpec entry count inconsistent: given 67, previously 69
10-29 20:17:06.638 14919 14919 W ResourceType: ResTable_typeSpec entry count inconsistent: given 5346, previously 5347
10-29 20:17:06.736 14507 14537 W dex2oat : Compilation of com.facebook.ads.redexgen.X.11 com.facebook.ads.redexgen.X.13.A01(com.facebook.ads.redexgen.X.Xn, org.json.JSONObject, java.lang.String, boolean, int, int) took 134.929ms
10-29 20:17:07.131 14507 14537 W dex2oat : Compilation of boolean com.facebook.ads.redexgen.X.1Y.A0U(java.lang.String) took 167.210ms
10-29 20:17:07.195 14919 14640 E libEGL  : validate_display:99 error 3008 (EGL_BAD_DISPLAY)
10-29 20:17:07.553 14326 14326 D MonkeyStub: translateCommand: tap 667 302
10-29 20:17:07.868 14078 14088 I art     : Background sticky concurrent mark sweep GC freed 106038(4MB) AllocSpace objects, 23(4MB) LOS objects, 34% free, 17MB/27MB, paused 7.641ms total 259.134ms
10-29 20:17:07.886 14507 14507 W dex2oat : Compilation of java.lang.Object com.facebook.ads.redexgen.X.2W.A08(long) took 132.408ms
10-29 20:17:08.230 14507 14537 W dex2oat : Compilation of java.lang.String com.facebook.ads.redexgen.X.2f.A03(int, int, int) took 232.751ms
10-29 20:17:08.263 14507 14507 W dex2oat : Compilation of void com.facebook.ads.redexgen.X.2W.A0B(long, java.lang.Object) took 376.088ms
10-29 20:17:08.459 14078 14078 I Choreographer: Skipped 51 frames!  The application may be doing too much work on its main thread.
10-29 20:17:08.592 14507 14537 W dex2oat : Compilation of int com.facebook.ads.redexgen.X.2f.A07(java.lang.Object) took 248.431ms
10-29 20:17:08.626 14507 14507 W dex2oat : Compilation of java.lang.String com.facebook.ads.redexgen.X.2W.toString() took 358.852ms
10-29 20:17:08.851 14507 14537 W dex2oat : Compilation of com.facebook.ads.redexgen.X.GX com.facebook.ads.redexgen.X.2m.A0b(byte[], int, boolean) took 100.815ms
10-29 20:17:08.863 14919 14929 W art     : Suspending all threads took: 7.486ms
10-29 20:17:08.895 14919 14929 I art     : Background sticky concurrent mark sweep GC freed 33037(2MB) AllocSpace objects, 313(10MB) LOS objects, 0% free, 14MB/14MB, paused 8.666ms total 96.524ms
10-29 20:17:08.912 14078 14083 I art     : Do partial code cache collection, code=83KB, data=96KB
10-29 20:17:08.914 14078 14083 I art     : After code cache collection, code=82KB, data=96KB
10-29 20:17:08.914 14078 14083 I art     : Increasing code cache capacity to 512KB
10-29 20:17:08.968 14507 14507 W dex2oat : Compilation of void com.facebook.ads.redexgen.X.2t.<init>() took 217.278ms
10-29 20:17:09.453 14919 14929 I art     : Background sticky concurrent mark sweep GC freed 197337(5MB) AllocSpace objects, 154(5MB) LOS objects, 45% free, 11MB/22MB, paused 6.694ms total 108.592ms
10-29 20:17:09.522 14919 14598 I Ads     : SDK version: afma-sdk-a-v203404999.202510000.1
10-29 20:17:09.538 14919 14598 I Ads     : HTTP timeout: 60000 milliseconds.
10-29 20:17:09.560 14507 14507 W dex2oat : Compilation of void com.facebook.ads.redexgen.X.3F.A0j() took 142.846ms
10-29 20:17:09.561 14507 14537 W dex2oat : Compilation of void com.facebook.ads.redexgen.X.30.A0B(int) took 353.298ms
10-29 20:17:09.637 14919 14607 I Ads     : SDK version: afma-sdk-a-v203404999.202510000.1
10-29 20:17:09.638 14919 14607 I Ads     : HTTP timeout: 60000 milliseconds.
10-29 20:17:09.853 14507 14537 W dex2oat : Compilation of void com.facebook.ads.redexgen.X.30.A0E(int) took 187.376ms
10-29 20:17:10.287 14078 14516 W DynamiteModule: Local module descriptor class for com.google.android.gms.ads.dynamite not found.
10-29 20:17:10.304 14078 14565 I Ads     : Ad failed to load : 3
10-29 20:17:10.634 14326 14326 D MonkeyStub: translateCommand: tap 1286 930
10-29 20:17:11.075 14078 14565 W DynamiteModule: Local module descriptor class for com.google.android.gms.ads.dynamite not found.
10-29 20:17:11.087 14078 14553 I Ads     : Ad failed to load : 3
10-29 20:17:11.209 14919 14929 I art     : Background sticky concurrent mark sweep GC freed 184227(4MB) AllocSpace objects, 24(752KB) LOS objects, 6% free, 20MB/22MB, paused 4.097ms total 376.664ms
10-29 20:17:11.863 14326 14326 D MonkeyStub: translateCommand: tap 62 98
10-29 20:17:11.885 14326 14326 D MonkeyStub: translateCommand: tap 729 89
10-29 20:17:11.893 14326 14326 D MonkeyStub: Quit requested
10-29 20:17:11.927   600   614 I CwMcuSensor: CwMcuSensor::flush: fd = 235, sensors_id = 0, path = /sys/class/htc_sensorhub/sensor_hub/flush, err = 0
10-29 20:17:11.940 14326 14326 I art     : System.exit called, status: 16
10-29 20:17:11.940 14326 14326 I AndroidRuntime: VM exiting with result code 16.
10-29 20:17:12.011   600  1080 W WindowManager: Attempted to remove non-existing token: android.os.Binder@98a275e
10-29 20:17:12.093 14919 14598 W GmsStrictMode: LEAKED_CLOSABLE [CONTEXT service_id=256 ]
10-29 20:17:12.093 14919 14598 W GmsStrictMode: rvo: LEAKED_CLOSABLE
10-29 20:17:12.093 14919 14598 W GmsStrictMode: 	at dalvik.system.VMStack.getThreadStackTrace(Native Method)
10-29 20:17:12.093 14919 14598 W GmsStrictMode: 	at java.lang.Thread.getStackTrace(Thread.java:1566)
10-29 20:17:12.093 14919 14598 W GmsStrictMode: 	at bhdb.containsKey(:com.google.android.gms@203915020@20.39.15 (040406-335085812):1)
10-29 20:17:12.093 14919 14598 W GmsStrictMode: 	at android.os.StrictMode.onVmPolicyViolation(StrictMode.java:1867)
10-29 20:17:12.093 14919 14598 W GmsStrictMode: 	at android.os.StrictMode.onVmPolicyViolation(StrictMode.java:1844)
10-29 20:17:12.093 14919 14598 W GmsStrictMode: 	at android.os.StrictMode$AndroidCloseGuardReporter.report(StrictMode.java:1590)
10-29 20:17:12.093 14919 14598 W GmsStrictMode: 	at dalvik.system.CloseGuard.warnIfOpen(CloseGuard.java:208)
10-29 20:17:12.093 14919 14598 W GmsStrictMode: 	at android.os.ParcelFileDescriptor.finalize(ParcelFileDescriptor.java:935)
10-29 20:17:12.093 14919 14598 W GmsStrictMode: 	at java.lang.Daemons$FinalizerDaemon.doFinalize(Daemons.java:222)
10-29 20:17:12.093 14919 14598 W GmsStrictMode: 	at java.lang.Daemons$FinalizerDaemon.run(Daemons.java:209)
10-29 20:17:12.093 14919 14598 W GmsStrictMode: 	at java.lang.Thread.run(Thread.java:761)
10-29 20:17:12.093 14919 14598 W GmsStrictMode: LEAKED_CLOSABLE [CONTEXT service_id=256 ]
10-29 20:17:12.093 14919 14598 W GmsStrictMode: rvo: LEAKED_CLOSABLE
10-29 20:17:12.093 14919 14598 W GmsStrictMode: 	at dalvik.system.VMStack.getThreadStackTrace(Native Method)
10-29 20:17:12.093 14919 14598 W GmsStrictMode: 	at java.lang.Thread.getStackTrace(Thread.java:1566)
10-29 20:17:12.093 14919 14598 W GmsStrictMode: 	at bhdb.containsKey(:com.google.android.gms@203915020@20.39.15 (040406-335085812):1)
10-29 20:17:12.093 14919 14598 W GmsStrictMode: 	at android.os.StrictMode.onVmPolicyViolation(StrictMode.java:1867)
10-29 20:17:12.093 14919 14598 W GmsStrictMode: 	at android.os.StrictMode.onVmPolicyViolation(StrictMode.java:1844)
10-29 20:17:12.093 14919 14598 W GmsStrictMode: 	at android.os.StrictMode$AndroidCloseGuardReporter.report(StrictMode.java:1590)
10-29 20:17:12.093 14919 14598 W GmsStrictMode: 	at dalvik.system.CloseGuard.warnIfOpen(CloseGuard.java:208)
10-29 20:17:12.093 14919 14598 W GmsStrictMode: 	at android.os.ParcelFileDescriptor.finalize(ParcelFileDescriptor.java:935)
10-29 20:17:12.093 14919 14598 W GmsStrictMode: 	at java.lang.Daemons$FinalizerDaemon.doFinalize(Daemons.java:222)
10-29 20:17:12.093 14919 14598 W GmsStrictMode: 	at java.lang.Daemons$FinalizerDaemon.run(Daemons.java:209)
10-29 20:17:12.093 14919 14598 W GmsStrictMode: 	at java.lang.Thread.run(Thread.java:761)
10-29 20:17:12.179 14507 14507 W dex2oat : Compilation of void com.facebook.ads.redexgen.X.8F.onDestroy() took 323.543ms
10-29 20:17:12.432   600 27731 E BatteryStatsService: power: Missing API
10-29 20:17:12.447   600 27731 E BatteryStatsService: no controller energy info supplied
10-29 20:17:12.448   796   796 E PhoneInterfaceManager: [PhoneIntfMgr] queryModemActivityInfo: Empty response
10-29 20:17:12.455   600 27731 E BatteryStatsService: modem info is invalid: ModemActivityInfo{ mTimestamp=0 mSleepTimeMs=0 mIdleTimeMs=0 mTxTimeMs[]=[0, 0, 0, 0, 0] mRxTimeMs=0 mEnergyUsed=0}
10-29 20:17:12.464 14507 14507 W dex2oat : Compilation of java.util.Map com.facebook.ads.redexgen.X.8m.A02() took 241.609ms
10-29 20:17:12.961 14507 14507 W dex2oat : Compilation of void com.facebook.ads.redexgen.X.9x.A05(com.facebook.ads.redexgen.X.9n, com.facebook.ads.redexgen.X.9v) took 112.465ms
10-29 20:17:13.014 14676 14676 D AndroidRuntime: >>>>>> START com.android.internal.os.RuntimeInit uid 2000 <<<<<<
10-29 20:17:13.018 14676 14676 D AndroidRuntime: CheckJNI is OFF
10-29 20:17:13.096 14507 14507 W dex2oat : Compilation of void com.facebook.ads.redexgen.X.A0.A00(com.facebook.ads.redexgen.X.L1) took 109.576ms
10-29 20:17:13.112 14676 14676 D ICU     : No timezone override file found: /data/misc/zoneinfo/current/icu/icu_tzdata.dat
10-29 20:17:13.157 14676 14676 I Radio-JNI: register_android_hardware_Radio DONE
10-29 20:17:13.178 14676 14676 D AndroidRuntime: Calling main entry com.android.commands.am.Am
10-29 20:17:13.204   600 24515 I ActivityManager: START u0 {act=android.intent.action.VIEW dat=http://biomedcentral.com/... flg=0x10000000 cmp=com.opera.browser/com.opera.Opera} from uid 2000 on display 0
10-29 20:17:13.225 14676 14676 D AndroidRuntime: Shutting down VM
10-29 20:17:13.398   600  1082 I ActivityManager: Start proc 14688:com.opera.browser:sandboxed_process0/u0a122 for service com.opera.browser/com.opera.android.browser.chromium.services.SandboxedProcessService0
10-29 20:17:13.461 14688 14688 I art     : Starting a blocking GC AddRemoveAppImageSpace
10-29 20:17:13.481 14688 14688 I LoadedApk: No resource references to update in package com.opera.browser.nord_vpn
10-29 20:17:13.576 14507 14537 W dex2oat : Compilation of com.facebook.ads.redexgen.X.Ab com.facebook.ads.redexgen.X.Ad.A0D() took 229.581ms
10-29 20:17:13.667   787  1620 I FontLog : Received query name=Google Sans&weight=400&besteffort=false, URI content://com.google.android.gms.fonts [CONTEXT service_id=132 ]
10-29 20:17:13.668   787  1620 I FontLog : Query [name=Google Sans&weight=400&besteffort=false] resolved to {Google Sans, wdth 100.0, wght 400, ital 0.0, bestEffort false} [CONTEXT service_id=132 ]
10-29 20:17:13.670   787  1620 I FontLog : Font PFD returned from cache for {Google Sans, wdth 100.0, wght 400, ital 0.0, bestEffort false} [CONTEXT service_id=132 ]
10-29 20:17:13.670   787  1620 I FontLog : Fetch {Google Sans, wdth 100.0, wght 400, ital 0.0, bestEffort false} end status Status{statusCode=SUCCESS, resolution=null} [CONTEXT service_id=132 ]
10-29 20:17:13.676   787  1174 I FontLog : Pulling font file for id = 428, cache size = 7 [CONTEXT service_id=132 ]
10-29 20:17:13.694   787   806 I FontLog : Received query name=Google Sans&weight=500&besteffort=false, URI content://com.google.android.gms.fonts [CONTEXT service_id=132 ]
10-29 20:17:13.694   787   806 I FontLog : Query [name=Google Sans&weight=500&besteffort=false] resolved to {Google Sans, wdth 100.0, wght 500, ital 0.0, bestEffort false} [CONTEXT service_id=132 ]
10-29 20:17:13.695   787   806 I FontLog : Font PFD returned from cache for {Google Sans, wdth 100.0, wght 500, ital 0.0, bestEffort false} [CONTEXT service_id=132 ]
10-29 20:17:13.695   787   806 I FontLog : Fetch {Google Sans, wdth 100.0, wght 500, ital 0.0, bestEffort false} end status Status{statusCode=SUCCESS, resolution=null} [CONTEXT service_id=132 ]
10-29 20:17:13.704   787  1620 I FontLog : Pulling font file for id = 429, cache size = 8 [CONTEXT service_id=132 ]
10-29 20:17:13.708   787  1716 I FontLog : Received query name=Google Sans&weight=700&besteffort=false, URI content://com.google.android.gms.fonts [CONTEXT service_id=132 ]
10-29 20:17:13.708   787  1716 I FontLog : Query [name=Google Sans&weight=700&besteffort=false] resolved to {Google Sans, wdth 100.0, wght 700, ital 0.0, bestEffort false} [CONTEXT service_id=132 ]
10-29 20:17:13.711   787  1716 I FontLog : Fetch {Google Sans, wdth 100.0, wght 700, ital 0.0, bestEffort false} end status Status{statusCode=SUCCESS, resolution=null} [CONTEXT service_id=132 ]
10-29 20:17:13.723   787   806 I FontLog : Pulling font file for id = 430, cache size = 7 [CONTEXT service_id=132 ]
10-29 20:17:13.731   787   805 I FontLog : Received query name=Noto Color Emoji Compat&weight=400&besteffort=false, URI content://com.google.android.gms.fonts [CONTEXT service_id=132 ]
10-29 20:17:13.731   787   805 I FontLog : Query [name=Noto Color Emoji Compat&weight=400&besteffort=false] resolved to {Noto Color Emoji Compat, wdth 100.0, wght 400, ital 0.0, bestEffort false} [CONTEXT service_id=132 ]
10-29 20:17:13.735   787   805 I FontLog : Fetch {Noto Color Emoji Compat, wdth 100.0, wght 400, ital 0.0, bestEffort false} end status Status{statusCode=SUCCESS, resolution=null} [CONTEXT service_id=132 ]
10-29 20:17:13.741   787  1716 I FontLog : Pulling font file for id = 431, cache size = 8 [CONTEXT service_id=132 ]
10-29 20:17:13.856 14507 14537 W dex2oat : Compilation of com.facebook.ads.redexgen.X.Ab com.facebook.ads.redexgen.X.Ad.A0E() took 279.415ms
10-29 20:17:13.877   787 13231 W FontLog : Error updating last accessed time for {Google Sans, wdth 100.0, wght 500, ital 0.0, bestEffort false}. [CONTEXT service_id=132 ]
10-29 20:17:13.877   787 13231 W FontLog : java.lang.IllegalStateException: attempt to re-open an already-closed object: SQLiteDatabase: /data/user/0/com.google.android.gms/databases/metadata.db
10-29 20:17:13.877   787 13231 W FontLog : 	at android.database.sqlite.SQLiteClosable.acquireReference(SQLiteClosable.java:55)
10-29 20:17:13.877   787 13231 W FontLog : 	at android.database.sqlite.SQLiteDatabase.executeSql(SQLiteDatabase.java:1662)
10-29 20:17:13.877   787 13231 W FontLog : 	at android.database.sqlite.SQLiteDatabase.execSQL(SQLiteDatabase.java:1658)
10-29 20:17:13.877   787 13231 W FontLog : 	at aafx.run(Unknown Source)
10-29 20:17:13.877   787 13231 W FontLog : 	at sup.b(:com.google.android.gms@203915020@20.39.15 (040406-335085812):12)
10-29 20:17:13.877   787 13231 W FontLog : 	at sup.run(:com.google.android.gms@203915020@20.39.15 (040406-335085812):7)
10-29 20:17:13.877   787 13231 W FontLog : 	at java.util.concurrent.ThreadPoolExecutor.runWorker(ThreadPoolExecutor.java:1133)
10-29 20:17:13.877   787 13231 W FontLog : 	at java.util.concurrent.ThreadPoolExecutor$Worker.run(ThreadPoolExecutor.java:607)
10-29 20:17:13.877   787 13231 W FontLog : 	at tam.run(:com.google.android.gms@203915020@20.39.15 (040406-335085812):0)
10-29 20:17:13.877   787 13231 W FontLog : 	at java.lang.Thread.run(Thread.java:761)
10-29 20:17:14.244 14507 14507 W dex2oat : Compilation of com.facebook.ads.redexgen.X.B8 com.facebook.ads.redexgen.X.B9.A09(com.facebook.ads.redexgen.X.Ig) took 844.236ms
10-29 20:17:14.307 14507 14537 W dex2oat : Compilation of void com.facebook.ads.redexgen.X.BD.A03() took 327.334ms
10-29 20:17:14.358 14507 14507 W dex2oat : Compilation of java.lang.String com.facebook.ads.redexgen.X.B9.A0A(int, int, int) took 113.924ms
10-29 20:17:14.524 14507 14507 W dex2oat : Compilation of java.net.HttpURLConnection com.facebook.ads.redexgen.X.BG.A04(com.facebook.ads.redexgen.X.Hh) took 104.939ms
10-29 20:17:15.153 14507 14537 W dex2oat : Compilation of java.lang.String com.facebook.ads.redexgen.X.BD.toString() took 657.956ms
10-29 20:17:15.157 14507 14507 W dex2oat : Compilation of java.net.HttpURLConnection com.facebook.ads.redexgen.X.BG.A05(java.net.URL, byte[], long, long, boolean, boolean) took 632.882ms
10-29 20:17:15.406 14507 14507 W dex2oat : Compilation of void com.facebook.ads.redexgen.X.BN.run() took 119.493ms
10-29 20:17:15.524 14507 14507 W dex2oat : Compilation of void com.facebook.ads.redexgen.X.BW.<init>(int) took 117.881ms
10-29 20:17:15.527 14507 14537 W dex2oat : Compilation of void com.facebook.ads.redexgen.X.BU.<init>(int, int, int, int) took 128.545ms
10-29 20:17:15.946 14078 14088 I art     : Background partial concurrent mark sweep GC freed 148302(8MB) AllocSpace objects, 16(420KB) LOS objects, 39% free, 18MB/30MB, paused 2.044ms total 171.206ms
10-29 20:17:16.028 14507 14537 W dex2oat : Compilation of void com.facebook.ads.redexgen.X.Cx.A09(com.facebook.ads.redexgen.X.Cd, int) took 112.274ms
