--------- beginning of main
10-30 22:39:20.383 19342 19342 D AndroidRuntime: >>>>>> START com.android.internal.os.RuntimeInit uid 2000 <<<<<<
10-30 22:39:20.387 19342 19342 D AndroidRuntime: CheckJNI is OFF
10-30 22:39:20.458 19342 19342 D ICU     : No timezone override file found: /data/misc/zoneinfo/current/icu/icu_tzdata.dat
10-30 22:39:20.490 19342 19342 I Radio-JNI: register_android_hardware_Radio DONE
10-30 22:39:20.506 19342 19342 D AndroidRuntime: Calling main entry com.android.commands.am.Am
--------- beginning of system
10-30 22:39:20.524   600 27731 I ActivityManager: Force stopping com.opera.browser appid=10122 user=0: from pid 19342
10-30 22:39:20.535  1061  1061 D RegisteredNfcFServicesCache: Service unchanged, not updating
10-30 22:39:20.783   600  3675 I ActivityManager: START u0 {act=android.intent.action.VIEW flg=0x10008000 cmp=com.opera.browser/com.opera.Opera} from uid 2000 on display 0
10-30 22:39:20.819 19342 19342 D AndroidRuntime: Shutting down VM
10-30 22:39:20.853   600 24611 I ActivityManager: Start proc 19352:com.opera.browser/u0a122 for activity com.opera.browser/com.opera.Opera
10-30 22:39:20.968 19352 19352 I art     : Starting a blocking GC AddRemoveAppImageSpace
10-30 22:39:21.097 19352 19352 I LoadedApk: No resource references to update in package com.opera.browser.nord_vpn
10-30 22:39:21.371 19352 19362 I art     : Background sticky concurrent mark sweep GC freed 6913(382KB) AllocSpace objects, 3(60KB) LOS objects, 26% free, 3MB/4MB, paused 7.561ms total 71.937ms
10-30 22:39:21.388 19352 19387 D NetworkSecurityConfig: Using Network Security Config from resource network_security_config_official_build debugBuild: false
10-30 22:39:21.424 19352 19352 I art     : Rejecting re-init on previously-failed class java.lang.Class<com.opera.android.job.a$j>: java.lang.NoClassDefFoundError: Failed resolution of: Landroid/app/job/JobServiceEngine;
10-30 22:39:21.424 19352 19352 I art     :   at void com.opera.android.OperaApplication.onCreate() (SourceFile:52)
10-30 22:39:21.424 19352 19352 I art     :   at void android.app.Instrumentation.callApplicationOnCreate(android.app.Application) (Instrumentation.java:1024)
10-30 22:39:21.424 19352 19352 I art     :   at void android.app.ActivityThread.handleBindApplication(android.app.ActivityThread$AppBindData) (ActivityThread.java:5403)
10-30 22:39:21.424 19352 19352 I art     :   at void android.app.ActivityThread.-wrap2(android.app.ActivityThread, android.app.ActivityThread$AppBindData) (ActivityThread.java:-1)
10-30 22:39:21.424 19352 19352 I art     :   at void android.app.ActivityThread$H.handleMessage(android.os.Message) (ActivityThread.java:1545)
10-30 22:39:21.424 19352 19352 I art     :   at void android.os.Handler.dispatchMessage(android.os.Message) (Handler.java:102)
10-30 22:39:21.424 19352 19352 I art     :   at void android.os.Looper.loop() (Looper.java:154)
10-30 22:39:21.424 19352 19352 I art     :   at void android.app.ActivityThread.main(java.lang.String[]) (ActivityThread.java:6119)
10-30 22:39:21.424 19352 19352 I art     :   at java.lang.Object java.lang.reflect.Method.invoke!(java.lang.Object, java.lang.Object[]) (Method.java:-2)
10-30 22:39:21.424 19352 19352 I art     :   at void com.android.internal.os.ZygoteInit$MethodAndArgsCaller.run() (ZygoteInit.java:886)
10-30 22:39:21.424 19352 19352 I art     :   at void com.android.internal.os.ZygoteInit.main(java.lang.String[]) (ZygoteInit.java:776)
10-30 22:39:21.424 19352 19352 I art     : Caused by: java.lang.ClassNotFoundException: Didn't find class "android.app.job.JobServiceEngine" on path: DexPathList[[zip file "/data/app/com.opera.browser-1/base.apk"],nativeLibraryDirectories=[/data/app/com.opera.browser-1/lib/arm, /data/app/com.opera.browser-1/base.apk!/lib/armeabi-v7a, /system/lib, /vendor/lib]]
10-30 22:39:21.424 19352 19352 I art     :   at java.lang.Class dalvik.system.BaseDexClassLoader.findClass(java.lang.String) (BaseDexClassLoader.java:56)
10-30 22:39:21.424 19352 19352 I art     :   at java.lang.Class java.lang.ClassLoader.loadClass(java.lang.String, boolean) (ClassLoader.java:380)
10-30 22:39:21.424 19352 19352 I art     :   at java.lang.Class java.lang.ClassLoader.loadClass(java.lang.String) (ClassLoader.java:312)
10-30 22:39:21.424 19352 19352 I art     :   at void com.opera.android.OperaApplication.onCreate() (SourceFile:52)
10-30 22:39:21.424 19352 19352 I art     :   at void android.app.Instrumentation.callApplicationOnCreate(android.app.Application) (Instrumentation.java:1024)
10-30 22:39:21.424 19352 19352 I art     :   at void android.app.ActivityThread.handleBindApplication(android.app.ActivityThread$AppBindData) (ActivityThread.java:5403)
10-30 22:39:21.424 19352 19352 I art     :   at void android.app.ActivityThread.-wrap2(android.app.ActivityThread, android.app.ActivityThread$AppBindData) (ActivityThread.java:-1)
10-30 22:39:21.424 19352 19352 I art     :   at void android.app.ActivityThread$H.handleMessage(android.os.Message) (ActivityThread.java:1545)
10-30 22:39:21.424 19352 19352 I art     :   at void android.os.Handler.dispatchMessage(android.os.Message) (Handler.java:102)
10-30 22:39:21.424 19352 19352 I art     :   at void android.os.Looper.loop() (Looper.java:154)
10-30 22:39:21.424 19352 19352 I art     :   at void android.app.ActivityThread.main(java.lang.String[]) (ActivityThread.java:6119)
10-30 22:39:21.424 19352 19352 I art     :   at java.lang.Object java.lang.reflect.Method.invoke!(java.lang.Object, java.lang.Object[]) (Method.java:-2)
10-30 22:39:21.425 19352 19352 I art     :   at void com.android.internal.os.ZygoteInit$MethodAndArgsCaller.run() (ZygoteInit.java:886)
10-30 22:39:21.425 19352 19352 I art     :   at void com.android.internal.os.ZygoteInit.main(java.lang.String[]) (ZygoteInit.java:776)
10-30 22:39:21.425 19352 19352 I art     : 
10-30 22:39:21.572 19352 19362 I art     : Background partial concurrent mark sweep GC freed 12860(676KB) AllocSpace objects, 7(140KB) LOS objects, 39% free, 4MB/7MB, paused 7.235ms total 84.992ms
10-30 22:39:21.688   600 17381 I ActivityManager: START u0 {act=android.intent.action.VIEW flg=0x10008000 cmp=com.opera.browser/com.opera.android.startup.WelcomeActivity} from uid 10122 on display 0
10-30 22:39:21.710   600  2707 W ActivityManager: Duplicate finish request for ActivityRecord{2c2c523 u0 com.opera.browser/com.opera.Opera t1952 f}
10-30 22:39:21.736   600   610 I WindowManager: Failed to capture screenshot of Token{110ca20 ActivityRecord{2c2c523 u0 com.opera.browser/com.opera.Opera t1952 f}} appWin=Window{c4cd111 u0 Starting com.opera.browser} drawState=4
10-30 22:39:21.769 19352 19362 W art     : Suspending all threads took: 9.870ms
10-30 22:39:21.808 19352 19362 I art     : Background sticky concurrent mark sweep GC freed 23448(2MB) AllocSpace objects, 10(316KB) LOS objects, 32% free, 4MB/7MB, paused 20.300ms total 102.563ms
10-30 22:39:21.933 19352 19388 I FA      : App measurement initialized, version: 43042
10-30 22:39:21.935 19352 19388 I FA      : To enable debug logging run: adb shell setprop log.tag.FA VERBOSE
10-30 22:39:21.939 19352 19388 I FA      : To enable faster debug mode event logging run:
10-30 22:39:21.939 19352 19388 I FA      :   adb shell setprop debug.firebase.analytics.app com.opera.browser
10-30 22:39:22.201 19352 19362 I art     : Background sticky concurrent mark sweep GC freed 25879(2MB) AllocSpace objects, 11(220KB) LOS objects, 26% free, 5MB/7MB, paused 5.465ms total 30.373ms
10-30 22:39:22.258 19352 19464 I OpenGLRenderer: Initialized EGL, version 1.4
10-30 22:39:22.259 19352 19464 D OpenGLRenderer: Swap behavior 2
10-30 22:39:22.468   600   620 I ActivityManager: Displayed com.opera.browser/com.opera.android.startup.WelcomeActivity: +733ms (total +1s653ms)
10-30 22:39:22.471 19352 19388 I FA      : Tag Manager is not found and thus will not be used
10-30 22:39:22.537   600   620 W WindowManager: Failed looking up window
10-30 22:39:22.537   600   620 W WindowManager: java.lang.IllegalArgumentException: Requested window android.view.ViewRootImpl$W@df9bd38 does not exist
10-30 22:39:22.537   600   620 W WindowManager: 	at com.android.server.wm.WindowManagerService.windowForClientLocked(WindowManagerService.java:9422)
10-30 22:39:22.537   600   620 W WindowManager: 	at com.android.server.wm.WindowManagerService.windowForClientLocked(WindowManagerService.java:9413)
10-30 22:39:22.537   600   620 W WindowManager: 	at com.android.server.wm.WindowManagerService.removeWindow(WindowManagerService.java:2393)
10-30 22:39:22.537   600   620 W WindowManager: 	at com.android.server.wm.Session.remove(Session.java:202)
10-30 22:39:22.537   600   620 W WindowManager: 	at android.view.ViewRootImpl.dispatchDetachedFromWindow(ViewRootImpl.java:3290)
10-30 22:39:22.537   600   620 W WindowManager: 	at android.view.ViewRootImpl.doDie(ViewRootImpl.java:5917)
10-30 22:39:22.537   600   620 W WindowManager: 	at android.view.ViewRootImpl$ViewRootHandler.handleMessage(ViewRootImpl.java:3626)
10-30 22:39:22.537   600   620 W WindowManager: 	at android.os.Handler.dispatchMessage(Handler.java:102)
10-30 22:39:22.537   600   620 W WindowManager: 	at android.os.Looper.loop(Looper.java:154)
10-30 22:39:22.537   600   620 W WindowManager: 	at android.os.HandlerThread.run(HandlerThread.java:61)
10-30 22:39:22.537   600   620 W WindowManager: 	at com.android.server.ServiceThread.run(ServiceThread.java:46)
10-30 22:39:22.602   787 15305 W Conscrypt: Could not set socket write timeout: java.net.SocketException: Socket closed
10-30 22:39:22.638   787 15305 W Conscrypt: 	at com.google.android.gms.org.conscrypt.Platform.setSocketWriteTimeout(:com.google.android.gms@203915020@20.39.15 (040406-335085812):2)
10-30 22:39:22.638   787 15305 W Conscrypt: 	at com.google.android.gms.org.conscrypt.ConscryptFileDescriptorSocket.setSoWriteTimeout(:com.google.android.gms@203915020@20.39.15 (040406-335085812):0)
10-30 22:39:22.664   787 15305 W Conscrypt: Could not set socket write timeout: java.net.SocketException: Socket closed
10-30 22:39:22.664   787 15305 W Conscrypt: 	at com.google.android.gms.org.conscrypt.Platform.setSocketWriteTimeout(:com.google.android.gms@203915020@20.39.15 (040406-335085812):2)
10-30 22:39:22.664   787 15305 W Conscrypt: 	at com.google.android.gms.org.conscrypt.ConscryptFileDescriptorSocket.setSoWriteTimeout(:com.google.android.gms@203915020@20.39.15 (040406-335085812):0)
10-30 22:39:22.768   600 13631 I ActivityManager: Start proc 19491:com.opera.browser:privileged_process0/u0a122 for service com.opera.browser/com.opera.android.browser.chromium.services.PrivilegedProcessService0
10-30 22:39:22.788 19352 19486 W chromium: [WARNING:op_site_scripts.cc(424)] Failed to map /data/user/0/com.opera.browser/app_opera/sjs
10-30 22:39:22.828 19491 19491 I art     : Starting a blocking GC AddRemoveAppImageSpace
10-30 22:39:22.848 19491 19491 I LoadedApk: No resource references to update in package com.opera.browser.nord_vpn
10-30 22:39:23.010 19491 19507 E libEGL  : validate_display:99 error 3008 (EGL_BAD_DISPLAY)
10-30 22:39:23.053 19352 19352 I Choreographer: Skipped 30 frames!  The application may be doing too much work on its main thread.
10-30 22:39:23.176  7916  7916 I MemoryTrimmer: Trimming objects from memory, since app is in the background.
10-30 22:39:23.180  7916 12076 W SearchService: Abort, client detached.
10-30 22:39:23.187  1084  1084 I MemoryTrimmer: Trimming objects from memory, since app is in the background.
10-30 22:39:23.221  7916 19220 I DeviceStateChecker: DeviceStateChecker cancelled
10-30 22:39:23.225  7916  7916 I MicroDetector: Keeping mic open: false
10-30 22:39:23.230 19491 19507 E libEGL  : validate_display:99 error 3008 (EGL_BAD_DISPLAY)
10-30 22:39:23.272  7916  7973 I MicroRecognitionRunner: Stopping hotword detection.
10-30 22:39:23.274  7916  7964 I AudioController: internalShutdown
10-30 22:39:23.283  7916  7948 I MicrophoneInputStream: mic_close com.google.android.apps.gsa.speech.audio.ae@88cd0e7
10-30 22:39:23.313   238   285 I SoundTriggerHwService::Module: void android::SoundTriggerHwService::Module::onCallbackEvent(const sp<android::SoundTriggerHwService::CallbackEvent> &) mClient == 0
10-30 22:39:23.338  7916 19221 I MicroRecognitionRunner: Detection finished
10-30 22:39:23.360  7916  7916 I MemoryTrimmer: Trimming objects from memory, since app is in the background.
10-30 22:39:23.516   787 17536 W NetworkScheduler: Error inserting service_kind=0 source=16 tag=Measurement.PackageMeasurementTaskService.UPLOAD_TASK_TAG target_package=com.google.android.gms requires_charging=0 source_version=203915000 required_network_type=0 flex_time=3219000 persistence_level=1 target_class=com.google.android.gms.measurement.PackageMeasurementTaskService runtime=1667165963492 retry_strategy={"maximum_backoff_seconds":{"3600":0},"initial_backoff_seconds":{"30":0},"retry_policy":{"0":0}} preferred_network_type=1 required_idleness_state=0 preferred_charging_state=1 period=6440000 last_runtime=0 task_type=0 job_id=-1 user_id=0, error message: UNIQUE constraint failed: pending_ops.tag, pending_ops.target_class, pending_ops.target_package, pending_ops.user_id (code 2067) [CONTEXT service_id=218 ]
10-30 22:39:23.582   787   804 I art     : Background partial concurrent mark sweep GC freed 78810(4MB) AllocSpace objects, 6(152KB) LOS objects, 40% free, 12MB/20MB, paused 811us total 101.711ms
10-30 22:39:23.612   787 19187 W NetworkScheduler: Error inserting service_kind=0 source=16 tag=Measurement.PackageMeasurementTaskService.UPLOAD_TASK_TAG target_package=com.google.android.gms requires_charging=0 source_version=203915000 required_network_type=0 flex_time=3219000 persistence_level=1 target_class=com.google.android.gms.measurement.PackageMeasurementTaskService runtime=1667165963611 retry_strategy={"maximum_backoff_seconds":{"3600":0},"initial_backoff_seconds":{"30":0},"retry_policy":{"0":0}} preferred_network_type=1 required_idleness_state=0 preferred_charging_state=1 period=6440000 last_runtime=0 task_type=0 job_id=-1 user_id=0, error message: UNIQUE constraint failed: pending_ops.tag, pending_ops.target_class, pending_ops.target_package, pending_ops.user_id (code 2067) [CONTEXT service_id=218 ]
10-30 22:39:23.632   787 17536 W NetworkScheduler: Error inserting service_kind=0 source=16 tag=Measurement.PackageMeasurementTaskService.UPLOAD_TASK_TAG target_package=com.google.android.gms requires_charging=0 source_version=203915000 required_network_type=0 flex_time=3219000 persistence_level=1 target_class=com.google.android.gms.measurement.PackageMeasurementTaskService runtime=1667165963630 retry_strategy={"maximum_backoff_seconds":{"3600":0},"initial_backoff_seconds":{"30":0},"retry_policy":{"0":0}} preferred_network_type=1 required_idleness_state=0 preferred_charging_state=1 period=6440000 last_runtime=0 task_type=0 job_id=-1 user_id=0, error message: UNIQUE constraint failed: pending_ops.tag, pending_ops.target_class, pending_ops.target_package, pending_ops.user_id (code 2067) [CONTEXT service_id=218 ]
10-30 22:39:25.944   600   609 I art     : Background partial concurrent mark sweep GC freed 88429(3MB) AllocSpace objects, 29(740KB) LOS objects, 33% free, 16MB/24MB, paused 848us total 149.907ms
10-30 22:39:26.092 19352 19362 W art     : Suspending all threads took: 5.729ms
10-30 22:39:26.106 19352 19362 I art     : Background sticky concurrent mark sweep GC freed 2966(261KB) AllocSpace objects, 6(120KB) LOS objects, 7% free, 6MB/7MB, paused 8.937ms total 26.213ms
10-30 22:39:27.983 19352 19352 I PlayCore: UID: [10122]  PID: [19352] AppUpdateListenerRegistry : registerListener
10-30 22:39:27.984 19352 19352 I PlayCore: UID: [10122]  PID: [19352] AppUpdateService : requestUpdateInfo(com.opera.browser)
10-30 22:39:27.987 19352 19574 I PlayCore: UID: [10122]  PID: [19352] AppUpdateService : Initiate binding to the service.
10-30 22:39:27.988   600 29683 W ActivityManager: Unable to start service Intent { act=com.google.android.play.core.install.BIND_UPDATE_SERVICE pkg=com.android.vending } U=0: not found
10-30 22:39:27.989 19352 19574 I PlayCore: UID: [10122]  PID: [19352] AppUpdateService : Failed to bind to the service.
10-30 22:39:28.202 19352 19576 D ApplicationLoaders: ignored Vulkan layer search path /data/app/com.google.android.gms-1/lib/arm:/data/app/com.google.android.gms-1/base.apk!/lib/armeabi-v7a:/data/app/com.google.android.gms-1/split_config.en.apk!/lib/armeabi-v7a for namespace 0xf4a41090
10-30 22:39:28.248 19352 19576 W ResourceType: ResTable_typeSpec entry count inconsistent: given 67, previously 69
10-30 22:39:28.248 19352 19576 W ResourceType: ResTable_typeSpec entry count inconsistent: given 5346, previously 5347
10-30 22:39:28.671   600   612 D SyncManager: failed sync operation JobId: 100983, com.opera.browser u0 (com.opera.browser.ping), com.opera.browser.ping.provider, SERVER, reason: 10122, SyncResult: delayUntil: 1667173168 stats [ numIoExceptions: 1]
10-30 22:39:33.390  7916  7916 I MemoryTrimmer: Trimming objects from memory, since app is in the background.
10-30 22:39:33.899 19599 19599 D AndroidRuntime: >>>>>> START com.android.internal.os.RuntimeInit uid 2000 <<<<<<
10-30 22:39:33.902 19599 19599 D AndroidRuntime: CheckJNI is OFF
10-30 22:39:33.965 19599 19599 D ICU     : No timezone override file found: /data/misc/zoneinfo/current/icu/icu_tzdata.dat
10-30 22:39:33.998 19599 19599 I Radio-JNI: register_android_hardware_Radio DONE
10-30 22:39:34.012 19599 19599 D AndroidRuntime: Calling main entry com.android.commands.monkey.Monkey
10-30 22:39:34.086   600   613 W BroadcastQueue: Skipping deliver [background] BroadcastRecord{ed50118 u-1 android.net.conn.CONNECTIVITY_CHANGE} to ReceiverList{796f771 19599 (unknown name)/2000/u-1 remote:e827e8a}: process crashing
10-30 22:39:35.408 19599 19599 D MonkeyStub: translateCommand: wake
10-30 22:39:35.514 19599 19599 D MonkeyStub: translateCommand: tap 960 1881
10-30 22:39:35.568   600 27731 I ActivityManager: START u0 {act=android.intent.action.VIEW flg=0x1000000 cmp=com.opera.browser/com.opera.android.IntentDispatcherActivity} from uid 10122 on display 0
10-30 22:39:35.651   600 10249 I ActivityManager: START u0 {act=android.intent.action.VIEW flg=0x15002000 cmp=com.opera.browser/com.opera.android.BrowserActivity} from uid 10122 on display 0
10-30 22:39:35.667  1084  1171 I OpenGLRenderer: Initialized EGL, version 1.4
10-30 22:39:35.667  1084  1171 D OpenGLRenderer: Swap behavior 2
10-30 22:39:35.761   600   609 I art     : Background partial concurrent mark sweep GC freed 36309(2MB) AllocSpace objects, 39(1264KB) LOS objects, 33% free, 15MB/23MB, paused 3.916ms total 145.874ms
10-30 22:39:35.810  1084  1084 I MemoryTrimmer: Trimming objects from memory, since app is in the background.
10-30 22:39:35.929 19352 19362 I art     : Background sticky concurrent mark sweep GC freed 14516(1447KB) AllocSpace objects, 41(820KB) LOS objects, 23% free, 7MB/9MB, paused 6.253ms total 67.057ms
10-30 22:39:36.173 19352 19617 E [Leanplum][ERROR]: No variable values were received from the server. Please contact us to investigate.
10-30 22:39:36.178 19352 19645 W ResourceType: ResTable_typeSpec entry count inconsistent: given 67, previously 69
10-30 22:39:36.178 19352 19645 W ResourceType: ResTable_typeSpec entry count inconsistent: given 5346, previously 5347
10-30 22:39:36.244   600   620 I ActivityManager: Displayed com.opera.browser/com.opera.android.BrowserActivity: +557ms (total +647ms)
10-30 22:39:36.266   600  6312 I CwMcuSensor: CwMcuSensor::flush: fd = 252, sensors_id = 0, path = /sys/class/htc_sensorhub/sensor_hub/flush, err = 0
10-30 22:39:36.307 19352 19464 D OpenGLRenderer: endAllActiveAnimators on 0xce2eb780 (RippleDrawable) with handle 0xce2ffa50
10-30 22:39:36.549 19352 19656 W ResourceType: ResTable_typeSpec entry count inconsistent: given 67, previously 69
10-30 22:39:36.549 19352 19656 W ResourceType: ResTable_typeSpec entry count inconsistent: given 5346, previously 5347
10-30 22:39:37.025 19352 19357 I art     : Do partial code cache collection, code=18KB, data=30KB
10-30 22:39:37.027 19352 19686 W ResourceType: ResTable_typeSpec entry count inconsistent: given 67, previously 69
10-30 22:39:37.027 19352 19686 W ResourceType: ResTable_typeSpec entry count inconsistent: given 5346, previously 5347
10-30 22:39:37.053 19352 19357 I art     : After code cache collection, code=18KB, data=30KB
10-30 22:39:37.054 19352 19357 I art     : Increasing code cache capacity to 128KB
10-30 22:39:37.063 19352 19352 E Sensors : sendAck failure -1 1
10-30 22:39:37.063 19352 19352 E Sensors : sendAck failure -1 2
10-30 22:39:37.063 19352 19352 E Sensors : sendAck failure -1 3
10-30 22:39:37.063 19352 19352 E Sensors : sendAck failure -1 4
10-30 22:39:37.063 19352 19352 E Sensors : sendAck failure -1 5
10-30 22:39:37.063 19352 19352 E Sensors : sendAck failure -1 6
10-30 22:39:37.063 19352 19352 E Sensors : sendAck failure -1 7
10-30 22:39:37.063 19352 19352 E Sensors : sendAck failure -1 8
10-30 22:39:37.064 19352 19352 E Sensors : sendAck failure -1 9
10-30 22:39:37.064 19352 19352 E Sensors : sendAck failure -1 10
10-30 22:39:37.064 19352 19352 E Sensors : sendAck failure -1 11
10-30 22:39:37.065 19352 19352 E Sensors : sendAck failure -1 12
10-30 22:39:37.095 19352 19352 I Choreographer: Skipped 47 frames!  The application may be doing too much work on its main thread.
10-30 22:39:37.252 19352 19352 W View    : requestLayout() improperly called by com.opera.android.custom_views.FadingRecyclerView{b6359f4 VFED.V... ......ID 0,813-1536,813 #7f0a0825 app:id/suggested_dials_grid} during layout: running second layout pass
10-30 22:39:37.323   787 19539 W NetworkScheduler: Error inserting service_kind=0 source=16 tag=Measurement.PackageMeasurementTaskService.UPLOAD_TASK_TAG target_package=com.google.android.gms requires_charging=0 source_version=203915000 required_network_type=0 flex_time=3206000 persistence_level=1 target_class=com.google.android.gms.measurement.PackageMeasurementTaskService runtime=1667165977319 retry_strategy={"maximum_backoff_seconds":{"3600":0},"initial_backoff_seconds":{"30":0},"retry_policy":{"0":0}} preferred_network_type=1 required_idleness_state=0 preferred_charging_state=1 period=6413000 last_runtime=0 task_type=0 job_id=-1 user_id=0, error message: UNIQUE constraint failed: pending_ops.tag, pending_ops.target_class, pending_ops.target_package, pending_ops.user_id (code 2067) [CONTEXT service_id=218 ]
10-30 22:39:37.350 19352 19352 E Sensors : sendAck failure -1 1
10-30 22:39:37.350 19352 19352 E Sensors : sendAck failure -1 2
10-30 22:39:37.350 19352 19352 E Sensors : sendAck failure -1 3
10-30 22:39:37.350 19352 19352 E Sensors : sendAck failure -1 4
10-30 22:39:37.350 19352 19352 E Sensors : sendAck failure -1 5
10-30 22:39:37.352   787 19539 W NetworkScheduler: Error inserting service_kind=0 source=16 tag=Measurement.PackageMeasurementTaskService.UPLOAD_TASK_TAG target_package=com.google.android.gms requires_charging=0 source_version=203915000 required_network_type=0 flex_time=3205000 persistence_level=1 target_class=com.google.android.gms.measurement.PackageMeasurementTaskService runtime=1667165977346 retry_strategy={"maximum_backoff_seconds":{"3600":0},"initial_backoff_seconds":{"30":0},"retry_policy":{"0":0}} preferred_network_type=1 required_idleness_state=0 preferred_charging_state=1 period=6412000 last_runtime=0 task_type=0 job_id=-1 user_id=0, error message: UNIQUE constraint failed: pending_ops.tag, pending_ops.target_class, pending_ops.target_package, pending_ops.user_id (code 2067) [CONTEXT service_id=218 ]
10-30 22:39:37.431 19352 19362 I art     : Background partial concurrent mark sweep GC freed 42668(2MB) AllocSpace objects, 20(500KB) LOS objects, 40% free, 10MB/16MB, paused 3.084ms total 129.772ms
10-30 22:39:37.881 19715 19715 I dex2oat : /system/bin/dex2oat --dex-file=/data/user/0/com.opera.browser/code_cache/.       --oat-fd=196 --oat-location=/data/user/0/com.opera.browser/code_cache/. ​   --compiler-filter=speed
10-30 22:39:38.086 19352 19362 W art     : Suspending all threads took: 13.490ms
10-30 22:39:38.186 19352 19362 I art     : Background sticky concurrent mark sweep GC freed 57319(3MB) AllocSpace objects, 30(1408KB) LOS objects, 16% free, 13MB/16MB, paused 15.256ms total 243.592ms
10-30 22:39:38.222 19352 19352 E Sensors : sendAck failure -1 1
10-30 22:39:38.223 19352 19352 E Sensors : sendAck failure -1 1
10-30 22:39:38.223 19352 19352 E Sensors : sendAck failure -1 2
10-30 22:39:38.223 19352 19352 E Sensors : sendAck failure -1 3
10-30 22:39:38.223 19352 19352 E Sensors : sendAck failure -1 4
10-30 22:39:38.223 19352 19352 E Sensors : sendAck failure -1 5
10-30 22:39:38.223 19352 19352 E Sensors : sendAck failure -1 6
10-30 22:39:38.223 19352 19352 E Sensors : sendAck failure -1 7
10-30 22:39:38.223 19352 19352 E Sensors : sendAck failure -1 8
10-30 22:39:38.223 19352 19352 E Sensors : sendAck failure -1 9
10-30 22:39:38.223 19352 19352 E Sensors : sendAck failure -1 10
10-30 22:39:38.223 19352 19352 E Sensors : sendAck failure -1 11
10-30 22:39:38.223 19352 19352 E Sensors : sendAck failure -1 12
10-30 22:39:38.223 19352 19352 E Sensors : sendAck failure -1 13
10-30 22:39:38.223 19352 19352 E Sensors : sendAck failure -1 14
10-30 22:39:38.224 19352 19352 E Sensors : sendAck failure -1 15
10-30 22:39:38.224 19352 19352 E Sensors : sendAck failure -1 16
10-30 22:39:38.224 19352 19352 E Sensors : sendAck failure -1 17
10-30 22:39:38.330 19715 19721 W dex2oat : Compilation of void com.appsflyer.internal.a$$.<init>(java.lang.Object, boolean) took 111.166ms
10-30 22:39:38.426 19715 19715 I dex2oat : dex2oat took 550.989ms (threads: 2) arena alloc=432KB (442800B) java alloc=32KB (33064B) native alloc=354KB (362688B) free=1181KB (1210176B)
10-30 22:39:38.658 19725 19725 I dex2oat : /system/bin/dex2oat --dex-file=/data/user/0/com.opera.browser/code_cache/.    ​ --oat-fd=52 --oat-location=/data/user/0/com.opera.browser/code_cache/.  ​ --compiler-filter=speed
10-30 22:39:38.730 19352 19362 I art     : Background partial concurrent mark sweep GC freed 38287(4MB) AllocSpace objects, 33(2MB) LOS objects, 39% free, 13MB/22MB, paused 6.249ms total 248.961ms
10-30 22:39:38.754 19352 19357 I art     : Do partial code cache collection, code=33KB, data=57KB
10-30 22:39:38.756 19352 19357 I art     : After code cache collection, code=32KB, data=57KB
10-30 22:39:38.756 19352 19357 I art     : Increasing code cache capacity to 256KB
10-30 22:39:39.179 19725 19725 I dex2oat : dex2oat took 521.911ms (threads: 2) arena alloc=611KB (626232B) java alloc=97KB (100080B) native alloc=523KB (536384B) free=1524KB (1560768B)
10-30 22:39:39.572 19599 19599 D MonkeyStub: translateCommand: tap 57 93
10-30 22:39:41.613 19599 19599 D MonkeyStub: translateCommand: tap 57 93
10-30 22:39:43.752 19599 19599 D MonkeyStub: translateCommand: tap 446 593
10-30 22:39:45.999 19599 19599 D MonkeyStub: translateCommand: tap 667 302
10-30 22:39:46.090 19352 19357 I art     : Do full code cache collection, code=82KB, data=124KB
10-30 22:39:46.091 19352 19357 I art     : Starting a blocking GC JitCodeCache
10-30 22:39:46.091 19352 19357 I art     : After code cache collection, code=67KB, data=70KB
10-30 22:39:46.606 19352 19357 I art     : Do partial code cache collection, code=79KB, data=90KB
10-30 22:39:46.607 19352 19357 I art     : After code cache collection, code=79KB, data=90KB
10-30 22:39:46.607 19352 19357 I art     : Increasing code cache capacity to 512KB
10-30 22:39:49.281 19599 19599 D MonkeyStub: translateCommand: tap 1286 930
10-30 22:39:50.510 19599 19599 D MonkeyStub: translateCommand: tap 62 98
10-30 22:39:50.541 19599 19599 D MonkeyStub: translateCommand: tap 729 89
10-30 22:39:50.573 19599 19599 D MonkeyStub: Quit requested
10-30 22:39:50.605   600   614 I CwMcuSensor: CwMcuSensor::flush: fd = 252, sensors_id = 0, path = /sys/class/htc_sensorhub/sensor_hub/flush, err = 0
10-30 22:39:50.612 19599 19599 I art     : System.exit called, status: 16
10-30 22:39:50.612 19599 19599 I AndroidRuntime: VM exiting with result code 16.
10-30 22:39:50.639   600 13558 W WindowManager: Attempted to remove non-existing token: android.os.Binder@6d299ad
10-30 22:39:50.875   600  9614 E BatteryStatsService: power: Missing API
10-30 22:39:50.884   600  9614 E BatteryStatsService: no controller energy info supplied
10-30 22:39:50.885   796   796 E PhoneInterfaceManager: [PhoneIntfMgr] queryModemActivityInfo: Empty response
10-30 22:39:50.895   600  9614 E BatteryStatsService: modem info is invalid: ModemActivityInfo{ mTimestamp=0 mSleepTimeMs=0 mIdleTimeMs=0 mTxTimeMs[]=[0, 0, 0, 0, 0] mRxTimeMs=0 mEnergyUsed=0}
10-30 22:39:51.285 19756 19756 D AndroidRuntime: >>>>>> START com.android.internal.os.RuntimeInit uid 2000 <<<<<<
10-30 22:39:51.289 19756 19756 D AndroidRuntime: CheckJNI is OFF
10-30 22:39:51.355 19756 19756 D ICU     : No timezone override file found: /data/misc/zoneinfo/current/icu/icu_tzdata.dat
10-30 22:39:51.386 19756 19756 I Radio-JNI: register_android_hardware_Radio DONE
10-30 22:39:51.401 19756 19756 D AndroidRuntime: Calling main entry com.android.commands.am.Am
10-30 22:39:51.420   600  2707 I ActivityManager: START u0 {act=android.intent.action.VIEW dat=http://biomedcentral.com/... flg=0x10000000 cmp=com.opera.browser/com.opera.Opera} from uid 2000 on display 0
10-30 22:39:51.427 19756 19756 D AndroidRuntime: Shutting down VM
10-30 22:39:51.519 19352 19352 W art     : Before Android 4.1, method double java.util.concurrent.ThreadLocalRandom.internalNextDouble(double, double) would have incorrectly overridden the package-private method in java.util.Random
10-30 22:39:51.519 19352 19352 W art     : Before Android 4.1, method int java.util.concurrent.ThreadLocalRandom.internalNextInt(int, int) would have incorrectly overridden the package-private method in java.util.Random
10-30 22:39:51.519 19352 19352 W art     : Before Android 4.1, method long java.util.concurrent.ThreadLocalRandom.internalNextLong(long, long) would have incorrectly overridden the package-private method in java.util.Random
10-30 22:39:51.563   600   619 D BluetoothManagerService: Message: 20
10-30 22:39:51.563   600   619 D BluetoothManagerService: Added callback: android.bluetooth.IBluetoothManagerCallback$Stub$Proxy@5e2b0aa:true
10-30 22:39:51.582   600   713 I ActivityManager: Start proc 19768:com.opera.browser:sandboxed_process0/u0a122 for service com.opera.browser/com.opera.android.browser.chromium.services.SandboxedProcessService0
10-30 22:39:51.633 19768 19768 I art     : Starting a blocking GC AddRemoveAppImageSpace
10-30 22:39:51.655 19768 19768 I LoadedApk: No resource references to update in package com.opera.browser.nord_vpn
10-30 22:39:51.707 19352 19720 W ResourceType: ResTable_typeSpec entry count inconsistent: given 67, previously 69
10-30 22:39:51.707 19352 19720 W ResourceType: ResTable_typeSpec entry count inconsistent: given 5346, previously 5347
10-30 22:39:51.871   787  1620 I FontLog : Received query name=Google Sans&weight=400&besteffort=false, URI content://com.google.android.gms.fonts [CONTEXT service_id=132 ]
10-30 22:39:51.872   787  1620 I FontLog : Query [name=Google Sans&weight=400&besteffort=false] resolved to {Google Sans, wdth 100.0, wght 400, ital 0.0, bestEffort false} [CONTEXT service_id=132 ]
10-30 22:39:51.883   787  1620 I FontLog : Font PFD returned from cache for {Google Sans, wdth 100.0, wght 400, ital 0.0, bestEffort false} [CONTEXT service_id=132 ]
10-30 22:39:51.883   787  1620 I FontLog : Fetch {Google Sans, wdth 100.0, wght 400, ital 0.0, bestEffort false} end status Status{statusCode=SUCCESS, resolution=null} [CONTEXT service_id=132 ]
10-30 22:39:51.888   787 28597 I FontLog : Pulling font file for id = 1288, cache size = 6 [CONTEXT service_id=132 ]
10-30 22:39:51.910   787 28588 I FontLog : Received query name=Google Sans&weight=500&besteffort=false, URI content://com.google.android.gms.fonts [CONTEXT service_id=132 ]
10-30 22:39:51.911   787 28588 I FontLog : Query [name=Google Sans&weight=500&besteffort=false] resolved to {Google Sans, wdth 100.0, wght 500, ital 0.0, bestEffort false} [CONTEXT service_id=132 ]
10-30 22:39:51.913   787 28588 I FontLog : Font PFD returned from cache for {Google Sans, wdth 100.0, wght 500, ital 0.0, bestEffort false} [CONTEXT service_id=132 ]
10-30 22:39:51.913   787 28588 I FontLog : Fetch {Google Sans, wdth 100.0, wght 500, ital 0.0, bestEffort false} end status Status{statusCode=SUCCESS, resolution=null} [CONTEXT service_id=132 ]
10-30 22:39:51.917   787 28592 I FontLog : Pulling font file for id = 1289, cache size = 7 [CONTEXT service_id=132 ]
10-30 22:39:51.925   787 23224 I FontLog : Received query name=Google Sans&weight=700&besteffort=false, URI content://com.google.android.gms.fonts [CONTEXT service_id=132 ]
10-30 22:39:51.925   787 23224 I FontLog : Query [name=Google Sans&weight=700&besteffort=false] resolved to {Google Sans, wdth 100.0, wght 700, ital 0.0, bestEffort false} [CONTEXT service_id=132 ]
10-30 22:39:51.928   787 23224 I FontLog : Fetch {Google Sans, wdth 100.0, wght 700, ital 0.0, bestEffort false} end status Status{statusCode=SUCCESS, resolution=null} [CONTEXT service_id=132 ]
10-30 22:39:51.950   787  1714 I FontLog : Pulling font file for id = 1290, cache size = 6 [CONTEXT service_id=132 ]
10-30 22:39:51.952   787  1716 I FontLog : Received query name=Noto Color Emoji Compat&weight=400&besteffort=false, URI content://com.google.android.gms.fonts [CONTEXT service_id=132 ]
10-30 22:39:51.953   787  1716 I FontLog : Query [name=Noto Color Emoji Compat&weight=400&besteffort=false] resolved to {Noto Color Emoji Compat, wdth 100.0, wght 400, ital 0.0, bestEffort false} [CONTEXT service_id=132 ]
10-30 22:39:51.956   787  1716 I FontLog : Fetch {Noto Color Emoji Compat, wdth 100.0, wght 400, ital 0.0, bestEffort false} end status Status{statusCode=SUCCESS, resolution=null} [CONTEXT service_id=132 ]
10-30 22:39:51.963   787 28596 I FontLog : Pulling font file for id = 1291, cache size = 7 [CONTEXT service_id=132 ]
10-30 22:39:52.224   787 19539 W NetworkScheduler: Error inserting service_kind=0 source=16 tag=Measurement.PackageMeasurementTaskService.UPLOAD_TASK_TAG target_package=com.google.android.gms requires_charging=0 source_version=203915000 required_network_type=0 flex_time=3191000 persistence_level=1 target_class=com.google.android.gms.measurement.PackageMeasurementTaskService runtime=1667165992201 retry_strategy={"maximum_backoff_seconds":{"3600":0},"initial_backoff_seconds":{"30":0},"retry_policy":{"0":0}} preferred_network_type=1 required_idleness_state=0 preferred_charging_state=1 period=6383000 last_runtime=0 task_type=0 job_id=-1 user_id=0, error message: UNIQUE constraint failed: pending_ops.tag, pending_ops.target_class, pending_ops.target_package, pending_ops.user_id (code 2067) [CONTEXT service_id=218 ]
10-30 22:39:52.239   787 17536 I SQLiteConnectionPool: The connection pool for /data/user/0/com.google.android.gms/databases/metadata.db has been closed but there are still 1 connections in use.  They will be closed as they are released back to the pool.
10-30 22:39:52.240   787 15305 W FontLog : Error updating last accessed time for {Google Sans, wdth 100.0, wght 400, ital 0.0, bestEffort false}. [CONTEXT service_id=132 ]
10-30 22:39:52.240   787 15305 W FontLog : java.lang.IllegalStateException: Cannot perform this operation because the connection pool has been closed.
10-30 22:39:52.240   787 15305 W FontLog : 	at android.database.sqlite.SQLiteConnectionPool.throwIfClosedLocked(SQLiteConnectionPool.java:962)
10-30 22:39:52.240   787 15305 W FontLog : 	at android.database.sqlite.SQLiteConnectionPool.waitForConnection(SQLiteConnectionPool.java:677)
10-30 22:39:52.240   787 15305 W FontLog : 	at android.database.sqlite.SQLiteConnectionPool.acquireConnection(SQLiteConnectionPool.java:348)
10-30 22:39:52.240   787 15305 W FontLog : 	at android.database.sqlite.SQLiteSession.acquireConnection(SQLiteSession.java:894)
10-30 22:39:52.240   787 15305 W FontLog : 	at android.database.sqlite.SQLiteSession.executeForChangedRowCount(SQLiteSession.java:752)
10-30 22:39:52.240   787 15305 W FontLog : 	at android.database.sqlite.SQLiteStatement.executeUpdateDelete(SQLiteStatement.java:64)
10-30 22:39:52.240   787 15305 W FontLog : 	at android.database.sqlite.SQLiteDatabase.executeSql(SQLiteDatabase.java:1679)
10-30 22:39:52.240   787 15305 W FontLog : 	at android.database.sqlite.SQLiteDatabase.execSQL(SQLiteDatabase.java:1658)
10-30 22:39:52.240   787 15305 W FontLog : 	at aafx.run(Unknown Source)
10-30 22:39:52.240   787 15305 W FontLog : 	at sup.b(:com.google.android.gms@203915020@20.39.15 (040406-335085812):12)
10-30 22:39:52.240   787 15305 W FontLog : 	at sup.run(:com.google.android.gms@203915020@20.39.15 (040406-335085812):7)
10-30 22:39:52.240   787 15305 W FontLog : 	at java.util.concurrent.ThreadPoolExecutor.runWorker(ThreadPoolExecutor.java:1133)
10-30 22:39:52.240   787 15305 W FontLog : 	at java.util.concurrent.ThreadPoolExecutor$Worker.run(ThreadPoolExecutor.java:607)
10-30 22:39:52.240   787 15305 W FontLog : 	at tam.run(:com.google.android.gms@203915020@20.39.15 (040406-335085812):0)
10-30 22:39:52.240   787 15305 W FontLog : 	at java.lang.Thread.run(Thread.java:761)
10-30 22:39:56.095 19768 19783 I chromium: [INFO:pipeline_controller.cc(46)] MCHR-300: Starting pipeline, demuxer: FFmpegDemuxer
10-30 22:39:56.112 19768 19786 I chromium: [INFO:ffmpeg_glue.cc(128)] MCHR-300: Container: HLS
10-30 22:39:56.144 19768 19783 I chromium: [INFO:pipeline_controller.cc(355)] MCHR-300: Pipeline stopped.
10-30 22:39:56.147 19768 19783 I chromium: [INFO:pipeline_controller.cc(46)] MCHR-300: Starting pipeline, demuxer: MediaUrlDemuxer
10-30 22:39:56.151 19352 19352 V MediaRouter: Adding route: RouteInfo{ name=Tablet, description=null, status=null, category=RouteCategory{ name=null types=ROUTE_TYPE_LIVE_AUDIO ROUTE_TYPE_LIVE_VIDEO  groupable=false }, supportedTypes=ROUTE_TYPE_LIVE_AUDIO ROUTE_TYPE_LIVE_VIDEO , presentationDisplay=null }
10-30 22:39:56.168 19352 19352 V MediaRouter: Updating audio routes: AudioRoutesInfo{ type=SPEAKER }
10-30 22:39:56.172 19352 19352 V MediaRouter: Selecting route: RouteInfo{ name=Tablet, description=null, status=null, category=RouteCategory{ name=null types=ROUTE_TYPE_LIVE_AUDIO ROUTE_TYPE_LIVE_VIDEO  groupable=false }, supportedTypes=ROUTE_TYPE_LIVE_AUDIO ROUTE_TYPE_LIVE_VIDEO , presentationDisplay=null }
10-30 22:39:56.180 19491 19819 W VideoCapabilities: Unrecognized level 0 for video/x-vnd.on2.vp8
10-30 22:39:56.194 19352 19352 V MediaRouter: Selecting route: RouteInfo{ name=Tablet, description=null, status=null, category=RouteCategory{ name=null types=ROUTE_TYPE_LIVE_AUDIO ROUTE_TYPE_LIVE_VIDEO  groupable=false }, supportedTypes=ROUTE_TYPE_LIVE_AUDIO ROUTE_TYPE_LIVE_VIDEO , presentationDisplay=null }
10-30 22:39:56.220 19491 19819 I VideoCapabilities: Unsupported profile 4 for video/mp4v-es
10-30 22:39:56.248 19491 19820 W VideoCapabilities: Unrecognized level 0 for video/x-vnd.on2.vp8
10-30 22:39:56.249   600   647 I WifiHAL : Got channel list with 13 channels
10-30 22:39:56.249   600   647 I WifiHAL : Got channel list with 4 channels
10-30 22:39:56.250   600   647 I WifiHAL : Got channel list with 15 channels
10-30 22:39:56.254 12169 12169 I DiscoveryManager: WifiGuestModeDeviceScanner enabled.
10-30 22:39:56.270 12169 13594 I CastDatabase: Opening the database
10-30 22:39:56.274 19491 19820 I VideoCapabilities: Unsupported profile 4 for video/mp4v-es
10-30 22:39:56.297 12169 13594 I SQLiteCastStore: 2 CastNetworkInfo instances loaded, 1 CastDeviceInfo instances loaded, 0 paired guest mode devices loaded.
10-30 22:39:56.298 12169 13594 I DiscoveryManager: Filter criteria(D38CB0C5) scannerFlags(0)
10-30 22:39:56.309 12169 13594 I CastDatabase: CastDeviceInfo created: V_1aa87a6d-2d45-4384-9234-e1c9179acd7d
10-30 22:39:56.309 12169 13594 W GuestModeDeviceProber: setFilterCriteria
10-30 22:39:56.320 12169 13594 E DeviceScanner: [BLE] Failed to start scan because the Bluetooth is disabled.
10-30 22:39:56.321 12169 13594 W DatabaseProcessor: processLocalDevices: failed to get the network info with non-null bssid.
10-30 22:39:56.325 12169 13594 W DatabaseProcessor: processLocalDevices: failed to get the network info with non-null bssid.
10-30 22:39:56.329 12169 13594 E DeviceScanner: [BLE] Failed to start scan because the Bluetooth is disabled.
10-30 22:39:56.329 12169 13594 W DatabaseProcessor: processLocalDevices: failed to get the network info with non-null bssid.
10-30 22:39:56.331 12169 13594 W DatabaseProcessor: processLocalDevices: failed to get the network info with non-null bssid.
10-30 22:39:56.432   245   245 D MediaBufferGroup: creating MemoryDealer
10-30 22:39:56.432   246 19824 D NuPlayerDriver: notifyListener_l(0xf0220b40), (1, 0, 0), loop setting(0, 0)
10-30 22:39:56.433 19352 19352 D MediaPlayer: setSubtitleAnchor in MediaPlayer
10-30 22:39:56.447 19352 19352 W MediaPlayer: Couldn't open https://vod.video-cdn.net/F-TUvd9pk8UYjAqC7mYdAm/4312z8mUGRLb5UPsLza27-.aaa,828,596,1656,2356,.mp4.csmil/master.m3u8?set-cc-attribute=cc&hdnea=exp=1667166594~acl=/F-TUvd9pk8UYjAqC7mYdAm/4312z8mUGRLb5UPsLza27-.aaa,828,596,1656,2356,.mp4.csmil/*~hmac=fa5ed4698db0688e18b206e5f7f68da5e9a71988f46cdcc10e9e08c292c49be5: java.io.FileNotFoundException: No content provider: https://vod.video-cdn.net/F-TUvd9pk8UYjAqC7mYdAm/4312z8mUGRLb5UPsLza27-.aaa,828,596,1656,2356,.mp4.csmil/master.m3u8?set-cc-attribute=cc&hdnea=exp=1667166594~acl=/F-TUvd9pk8UYjAqC7mYdAm/4312z8mUGRLb5UPsLza27-.aaa,828,596,1656,2356,.mp4.csmil/*~hmac=fa5ed4698db0688e18b206e5f7f68da5e9a71988f46cdcc10e9e08c292c49be5
10-30 22:39:56.453   246 19828 I LiveSession: onConnect https://<suppressed>
10-30 22:39:56.797   246 19828 I LiveSession: #### Starting Bandwidth Switch: -1 => 0
10-30 22:39:57.524   246 19829 I ESQueue : found something resembling an H.264/MPEG syncword at offset 1
10-30 22:39:57.527   246 19829 I avc_utils: found AVC codec config (512 x 288, Baseline-profile level 2.1)
10-30 22:39:57.528   246 19829 I ESQueue : found AAC codec config (44100 Hz, 1 channels)
10-30 22:39:57.798   246 19827 D NuPlayerDriver: notifyListener_l(0xf0220c60), (3, 3, 0), loop setting(0, 0)
10-30 22:39:57.798   246 19827 D NuPlayerDriver: notifyListener_l(0xf0220c60), (5, 512, 288), loop setting(0, 0)
10-30 22:39:57.799   246 19827 D NuPlayerDriver: notifyListener_l(0xf0220c60), (1, 0, 0), loop setting(0, 0)
10-30 22:39:57.801 19352 19352 D MediaPlayer: setSubtitleAnchor in MediaPlayer
10-30 22:39:57.815 19352 19352 D MediaPlayer: getMetadata
10-30 22:39:57.817   246 19827 D NuPlayer: onSetVideoSurface(0xeb512800, no video decoder)
10-30 22:39:57.820   246  9471 D NuPlayerDriver: seekTo(0xf0220c60) 0 ms at state 4
10-30 22:39:57.820   246  9471 D NuPlayerDriver: notifyListener_l(0xf0220c60), (7, 0, 0), loop setting(0, 0)
10-30 22:39:57.826   246 19827 W NuPlayer: source has video meta but not file meta
10-30 22:39:57.826   246 19827 D NuPlayerDriver: notifyListener_l(0xf0220c60), (4, 0, 0), loop setting(0, 0)
10-30 22:39:57.826   246 19827 W NuPlayer: source has video meta but not file meta
10-30 22:39:57.827   246 19827 W NuPlayer: source has video meta but not file meta
10-30 22:39:57.831   246 19842 I MediaPlayerService: MediaPlayerService::getOMX
10-30 22:39:57.832   246 19842 I OMXClient: MuxOMX ctor
10-30 22:39:57.833   246 19841 I MediaPlayerService: MediaPlayerService::getOMX
10-30 22:39:57.834   246 19841 I OMXClient: MuxOMX ctor
10-30 22:39:57.836   243   905 I OMXMaster: makeComponentInstance(OMX.Nvidia.h264.decode) in mediacodec process
10-30 22:39:57.851   243   951 I OMXMaster: makeComponentInstance(OMX.google.aac.decoder) in mediacodec process
10-30 22:39:57.858   246 19839 I MediaCodec: [OMX.Nvidia.h264.decode] setting surface generation to 251955
10-30 22:39:57.916   243  3872 E OMXNodeInstance: setConfig(f300c7:google.aac.decoder, ConfigPriority(0x6f800002)) ERROR: Undefined(0x80001001)
10-30 22:39:57.916   246 19841 I ACodec  : codec does not support config priority (err -2147483648)
10-30 22:39:57.917   243   905 E OMXNodeInstance: getConfig(f300c6:Nvidia.h264.decode, ConfigCommonOutputCrop(0x700000f)) ERROR: BadParameter(0x80001005)
10-30 22:39:57.917   246 19841 I MediaCodec: MediaCodec will operate in async mode
10-30 22:39:57.919   246 19839 I MediaCodec: MediaCodec will operate in async mode
10-30 22:39:57.926   246 19842 D SurfaceUtils: set up nativeWindow 0xeb512808 for 512x288, color 0x106, rotation 0, usage 0x2b00
10-30 22:39:57.929   243 19846 I SoftAAC2: Reconfiguring decoder: 0->44100 Hz, 0->1 channels
10-30 22:39:57.933   243 19843 D NvOsDebugPrintf: NvMMLiteOpen : Block : BlockType = 261 
10-30 22:39:57.938   243 19843 D NvOsDebugPrintf: TVMR: NvMMLiteTVMRDecBlockOpen: 5008: NvMMLiteBlockOpen 
10-30 22:39:57.945   246 19837 D AudioTrack: Client defaulted notificationFrames to 7407 for frameCount 22221
10-30 22:39:57.951   243 19843 D NvOsDebugPrintf: NvMMLiteBlockCreate : Block : BlockType = 261 
10-30 22:39:57.966   243 19848 D NvOsDebugPrintf: TVMR: cbBeginSequence: 655: BeginSequence  512x288, bVPR = 0
10-30 22:39:57.966   243 19848 D NvOsDebugPrintf: TVMR: cbBeginSequence: 918: DecodeBuffers = 3 
10-30 22:39:57.968   243 19848 D NvOsDebugPrintf: TVMR: cbBeginSequence: 938: Display Resolution : (512x288) 
10-30 22:39:57.968   243 19848 D NvOsDebugPrintf: TVMR: cbBeginSequence: 939: Display Aspect Ratio : (512x288) 
10-30 22:39:57.968   243 19848 D NvOsDebugPrintf: TVMR: cbBeginSequence: 1041: SurfaceLayout = 3
10-30 22:39:57.968   243 19848 D NvOsDebugPrintf: TVMR: cbBeginSequence: 1071: NumOfSurfaces = 7, InteraceStream = 0, InterlaceEnabled = 0, bSecure = 0, MVC = 0 Semiplanar = 1, bReinit = 1 
10-30 22:39:57.968   243 19848 D NvOsDebugPrintf: Allocating new output: 512x288 (x 9), ThumbnailMode = 0
10-30 22:39:57.973   246 19842 D SurfaceUtils: set up nativeWindow 0xeb512808 for 512x288, color 0x106, rotation 0, usage 0x2b00
10-30 22:39:57.973   243 31204 E OMXNodeInstance: setParameter(f300c6:Nvidia.h264.decode, ParamPortDefinition(0x2000001)) ERROR: UnsupportedSetting(0x80001019)
10-30 22:39:57.974   246 19842 W ACodec  : [OMX.Nvidia.h264.decode] setting nBufferCountActual to 14 failed: -1010
10-30 22:39:57.974   243   860 E OMXNodeInstance: setParameter(f300c6:Nvidia.h264.decode, ParamPortDefinition(0x2000001)) ERROR: UnsupportedSetting(0x80001019)
10-30 22:39:57.974   246 19842 W ACodec  : [OMX.Nvidia.h264.decode] setting nBufferCountActual to 13 failed: -1010
10-30 22:39:57.974   243   860 E OMXNodeInstance: setParameter(f300c6:Nvidia.h264.decode, ParamPortDefinition(0x2000001)) ERROR: UnsupportedSetting(0x80001019)
10-30 22:39:57.974   246 19842 W ACodec  : [OMX.Nvidia.h264.decode] setting nBufferCountActual to 12 failed: -1010
10-30 22:39:57.991   246 19827 D NuPlayerDriver: notifyListener_l(0xf0220c60), (5, 512, 288), loop setting(0, 0)
10-30 22:39:58.231   246 19829 I ATSParser: discontinuity on stream pid 0x0100
10-30 22:39:58.232   246 19829 I ATSParser: discontinuity on stream pid 0x0101
10-30 22:39:58.798   246 19827 D NuPlayerDriver: notifyListener_l(0xf0220c60), (3, 5, 0), loop setting(0, 0)
10-30 22:39:59.326 12169 18896 W AdaptiveDiscoveryWorker: Exiting Adaptive Discovery. Current NetworkInfo is NULL.
10-30 22:39:59.521 12169 18896 W DatabaseProcessor: processLocalDevices: failed to get the network info with non-null bssid.
10-30 22:39:59.798   246 19827 D NuPlayerDriver: notifyListener_l(0xf0220c60), (3, 7, 0), loop setting(0, 0)
10-30 22:39:59.963   246 19829 I ATSParser: discontinuity on stream pid 0x0100
10-30 22:39:59.963   246 19829 I ATSParser: discontinuity on stream pid 0x0101
10-30 22:40:00.102   246 19829 I ATSParser: discontinuity on stream pid 0x0100
10-30 22:40:00.102   246 19829 I ATSParser: discontinuity on stream pid 0x0101
10-30 22:40:00.239   246 19829 I ATSParser: discontinuity on stream pid 0x0100
10-30 22:40:00.240   246 19829 I ATSParser: discontinuity on stream pid 0x0101
10-30 22:40:00.453   246 19829 I ATSParser: discontinuity on stream pid 0x0100
10-30 22:40:00.454   246 19829 I ATSParser: discontinuity on stream pid 0x0101
10-30 22:40:00.558   246 19829 I ATSParser: discontinuity on stream pid 0x0100
10-30 22:40:00.558   246 19829 I ATSParser: discontinuity on stream pid 0x0101
10-30 22:40:00.798   246 19828 I LiveSession: #### Starting Bandwidth Switch: 0 => 3
10-30 22:40:00.799   246 19827 D NuPlayerDriver: notifyListener_l(0xf0220c60), (3, 38, 0), loop setting(0, 0)
10-30 22:40:00.883   246 19829 I ESQueue : found something resembling an H.264/MPEG syncword at offset 1
10-30 22:40:00.885   246 19829 I avc_utils: found AVC codec config (1280 x 720, Baseline-profile level 3.1)
10-30 22:40:00.894   246 19829 I ESQueue : found AAC codec config (44100 Hz, 2 channels)
10-30 22:40:00.900   246 19828 I LiveSession: [timed_id3] i 0 UriIsSameAsIndex newUri false, https://vod.video-cdn.net/F-TUvd9pk8UYjAqC7mYdAm/4312z8mUGRLb5UPsLza27-.aaa,828,596,1656,2356,.mp4.csmil/chunklist_b2356000.m3u8?hdntl=exp=1667252396~acl=/*~data=hdntl~hmac=4f97f55adb5ffbfd628e7029adc9dc8eea83a1addef1772c43c792d896d4c43a&set-cc-attribute=cc
10-30 22:40:00.900   246 19828 I LiveSession: [timed_id3] i 1 UriIsSameAsIndex newUri false, https://vod.video-cdn.net/F-TUvd9pk8UYjAqC7mYdAm/4312z8mUGRLb5UPsLza27-.aaa,828,596,1656,2356,.mp4.csmil/chunklist_b2356000.m3u8?hdntl=exp=1667252396~acl=/*~data=hdntl~hmac=4f97f55adb5ffbfd628e7029adc9dc8eea83a1addef1772c43c792d896d4c43a&set-cc-attribute=cc
10-30 22:40:00.900   246 19828 I LiveSession: #### Finished Bandwidth Switch: 0 => 3
10-30 22:40:00.901   246 19827 D NuPlayerDriver: notifyListener_l(0xf0220c60), (3, 10, 0), loop setting(0, 0)
10-30 22:40:01.424   246 19829 I ATSParser: discontinuity on stream pid 0x0100
10-30 22:40:01.435   246 19829 I ATSParser: discontinuity on stream pid 0x0101
10-30 22:40:01.801   246 19829 I ATSParser: discontinuity on stream pid 0x0100
