10-31 08:17:56.852 19887 19887 D MonkeyStub: translateCommand: touch down 614 1561
10-31 08:17:56.862 19887 19887 D MonkeyStub: translateCommand: touch move 614 1561
10-31 08:17:56.969 19887 19887 D MonkeyStub: translateCommand: touch move 614 1436
10-31 08:17:57.076 19887 19887 D MonkeyStub: translateCommand: touch move 614 1311
10-31 08:17:57.185 19887 19887 D MonkeyStub: translateCommand: touch move 614 1186
10-31 08:17:57.301 19887 19887 D MonkeyStub: translateCommand: touch move 614 1061
10-31 08:17:57.419 19887 19887 D MonkeyStub: translateCommand: touch move 614 937
10-31 08:17:57.528 19887 19887 D MonkeyStub: translateCommand: touch move 614 812
10-31 08:17:57.637 19887 19887 D MonkeyStub: translateCommand: touch move 614 687
10-31 08:17:57.749 19887 19887 D MonkeyStub: translateCommand: touch move 614 562
10-31 08:17:57.856 19887 19887 D MonkeyStub: translateCommand: touch move 614 437
10-31 08:17:57.961 19887 19887 D MonkeyStub: translateCommand: touch move 614 312
10-31 08:17:57.964 19887 19887 D MonkeyStub: translateCommand: touch up 614 312
10-31 08:17:57.990 19887 19887 D MonkeyStub: translateCommand: touch down 614 1561
10-31 08:17:57.994 19887 19887 D MonkeyStub: translateCommand: touch move 614 1561
10-31 08:17:58.103 19887 19887 D MonkeyStub: translateCommand: touch move 614 1436
10-31 08:17:58.213 19887 19887 D MonkeyStub: translateCommand: touch move 614 1311
10-31 08:17:58.323 19887 19887 D MonkeyStub: translateCommand: touch move 614 1186
10-31 08:17:58.444 19887 19887 D MonkeyStub: translateCommand: touch move 614 1061
10-31 08:17:58.555 19887 19887 D MonkeyStub: translateCommand: touch move 614 937
10-31 08:17:58.664 19887 19887 D MonkeyStub: translateCommand: touch move 614 812
10-31 08:17:58.772 19887 19887 D MonkeyStub: translateCommand: touch move 614 687
10-31 08:17:58.884 19887 19887 D MonkeyStub: translateCommand: touch move 614 562
10-31 08:17:58.997 19887 19887 D MonkeyStub: translateCommand: touch move 614 437
10-31 08:17:59.104 19887 19887 D MonkeyStub: translateCommand: touch move 614 312
10-31 08:17:59.109 19887 19887 D MonkeyStub: translateCommand: touch up 614 312
10-31 08:18:02.143 19887 19887 D MonkeyStub: translateCommand: touch down 614 312
10-31 08:18:02.159 19887 19887 D MonkeyStub: translateCommand: touch move 614 312
10-31 08:18:02.272 19887 19887 D MonkeyStub: translateCommand: touch move 614 437
10-31 08:18:02.377 19887 19887 D MonkeyStub: translateCommand: touch move 614 562
10-31 08:18:02.492 19887 19887 D MonkeyStub: translateCommand: touch move 614 687
10-31 08:18:02.602 19887 19887 D MonkeyStub: translateCommand: touch move 614 812
10-31 08:18:02.706 19887 19887 D MonkeyStub: translateCommand: touch move 614 937
10-31 08:18:02.849 19887 19887 D MonkeyStub: translateCommand: touch move 614 1061
10-31 08:18:02.953 19887 19887 D MonkeyStub: translateCommand: touch move 614 1186
10-31 08:18:03.056 19887 19887 D MonkeyStub: translateCommand: touch move 614 1311
10-31 08:18:03.161 19887 19887 D MonkeyStub: translateCommand: touch move 614 1436
10-31 08:18:03.273 19887 19887 D MonkeyStub: translateCommand: touch move 614 1561
10-31 08:18:03.318 19887 19887 D MonkeyStub: translateCommand: touch up 614 1561
10-31 08:18:03.359 19887 19887 D MonkeyStub: translateCommand: touch down 614 312
10-31 08:18:03.364 19887 19887 D MonkeyStub: translateCommand: touch move 614 312
10-31 08:18:03.469 19887 19887 D MonkeyStub: translateCommand: touch move 614 437
10-31 08:18:03.580 19887 19887 D MonkeyStub: translateCommand: touch move 614 562
10-31 08:18:03.692 19887 19887 D MonkeyStub: translateCommand: touch move 614 687
10-31 08:18:03.798 19887 19887 D MonkeyStub: translateCommand: touch move 614 812
10-31 08:18:03.907 19887 19887 D MonkeyStub: translateCommand: touch move 614 937
10-31 08:18:04.033 19887 19887 D MonkeyStub: translateCommand: touch move 614 1061
10-31 08:18:04.105   198   198 E SELinux : avc:  denied  { find } for service=netd pid=19971 uid=2000 scontext=u:r:shell:s0 tcontext=u:object_r:netd_service:s0 tclass=service_manager permissive=0
10-31 08:18:04.108   198   198 E SELinux : avc:  denied  { find } for service=android.service.gatekeeper.IGateKeeperService pid=19971 uid=2000 scontext=u:r:shell:s0 tcontext=u:object_r:gatekeeper_service:s0 tclass=service_manager permissive=0
10-31 08:18:04.139 19887 19887 D MonkeyStub: translateCommand: touch move 614 1186
10-31 08:18:04.247 19887 19887 D MonkeyStub: translateCommand: touch move 614 1311
10-31 08:18:04.360 19887 19887 D MonkeyStub: translateCommand: touch move 614 1436
10-31 08:18:04.483 19887 19887 D MonkeyStub: translateCommand: touch move 614 1561
10-31 08:18:04.488 19887 19887 D MonkeyStub: translateCommand: touch up 614 1561
10-31 08:18:06.644 19887 19887 D MonkeyStub: translateCommand: tap 158 750
10-31 08:18:11.699 19887 19887 D MonkeyStub: translateCommand: touch down 614 1561
10-31 08:18:11.706 19887 19887 D MonkeyStub: translateCommand: touch move 614 1561
10-31 08:18:11.821 19887 19887 D MonkeyStub: translateCommand: touch move 614 1436
10-31 08:18:11.927 19887 19887 D MonkeyStub: translateCommand: touch move 614 1311
10-31 08:18:12.036 19887 19887 D MonkeyStub: translateCommand: touch move 614 1186
10-31 08:18:12.149 19887 19887 D MonkeyStub: translateCommand: touch move 614 1061
10-31 08:18:12.264 19887 19887 D MonkeyStub: translateCommand: touch move 614 937
10-31 08:18:12.372 19887 19887 D MonkeyStub: translateCommand: touch move 614 812
10-31 08:18:12.480 19887 19887 D MonkeyStub: translateCommand: touch move 614 687
10-31 08:18:12.590 19887 19887 D MonkeyStub: translateCommand: touch move 614 562
10-31 08:18:12.710 19887 19887 D MonkeyStub: translateCommand: touch move 614 437
10-31 08:18:12.818 19887 19887 D MonkeyStub: translateCommand: touch move 614 312
10-31 08:18:12.825 19887 19887 D MonkeyStub: translateCommand: touch up 614 312
10-31 08:18:17.907 19887 19887 D MonkeyStub: translateCommand: touch down 614 1561
10-31 08:18:17.931 19887 19887 D MonkeyStub: translateCommand: touch move 614 1561
10-31 08:18:18.043 19887 19887 D MonkeyStub: translateCommand: touch move 614 1436
10-31 08:18:18.150 19887 19887 D MonkeyStub: translateCommand: touch move 614 1311
10-31 08:18:18.310 19887 19887 D MonkeyStub: translateCommand: touch move 614 1186
10-31 08:18:18.415 19887 19887 D MonkeyStub: translateCommand: touch move 614 1061
10-31 08:18:18.519 19887 19887 D MonkeyStub: translateCommand: touch move 614 937
10-31 08:18:18.623 19887 19887 D MonkeyStub: translateCommand: touch move 614 812
10-31 08:18:18.730 19887 19887 D MonkeyStub: translateCommand: touch move 614 687
10-31 08:18:18.834 19887 19887 D MonkeyStub: translateCommand: touch move 614 562
10-31 08:18:18.950 19887 19887 D MonkeyStub: translateCommand: touch move 614 437
10-31 08:18:19.053 19887 19887 D MonkeyStub: translateCommand: touch move 614 312
10-31 08:18:19.058 19887 19887 D MonkeyStub: translateCommand: touch up 614 312
10-31 08:18:21.184 19887 19887 D MonkeyStub: Quit requested
10-31 08:18:21.235   600   614 I CwMcuSensor: CwMcuSensor::flush: fd = 240, sensors_id = 0, path = /sys/class/htc_sensorhub/sensor_hub/flush, err = 0
10-31 08:18:21.236 19887 19887 I art     : System.exit called, status: 84
10-31 08:18:21.236 19887 19887 I AndroidRuntime: VM exiting with result code 84.
10-31 08:18:21.269   600   611 W WindowManager: Attempted to remove non-existing token: android.os.Binder@b840371
10-31 08:18:28.294   600   647 I WifiHAL : Got channel list with 13 channels
10-31 08:18:28.296   600   647 I WifiHAL : Got channel list with 4 channels
10-31 08:18:28.297   600   647 I WifiHAL : Got channel list with 15 channels
10-31 08:18:30.711   246   273 D NuPlayerDriver: reset(0xf0220b40) at state 4
10-31 08:18:30.711   246   273 D NuPlayerDriver: notifyListener_l(0xf0220b40), (8, 0, 0), loop setting(0, 0)
10-31 08:18:30.712   246 19852 D NuPlayerDriver: notifyResetComplete(0xf0220b40)
10-31 08:18:37.177 19993 19993 D AndroidRuntime: >>>>>> START com.android.internal.os.RuntimeInit uid 2000 <<<<<<
10-31 08:18:37.181 19993 19993 D AndroidRuntime: CheckJNI is OFF
10-31 08:18:37.245 19993 19993 D ICU     : No timezone override file found: /data/misc/zoneinfo/current/icu/icu_tzdata.dat
10-31 08:18:37.274 19993 19993 I Radio-JNI: register_android_hardware_Radio DONE
10-31 08:18:37.289 19993 19993 D AndroidRuntime: Calling main entry com.android.commands.am.Am
10-31 08:18:37.305   600  9614 I ActivityManager: Force stopping com.opera.browser appid=10122 user=0: from pid 19993
10-31 08:18:37.305   600  9614 I ActivityManager: Killing 19518:com.opera.browser:privileged_process0/u0a122 (adj 0): stop com.opera.browser
10-31 08:18:37.306   600  9614 D ActivityManager: cleanUpApplicationRecord -- 19518
10-31 08:18:37.307   600  9614 W ActivityManager: Scheduling restart of crashed service com.opera.browser/com.opera.android.browser.chromium.services.PrivilegedProcessService0 in 1000ms
10-31 08:18:37.307   600  9614 I ActivityManager: Killing 19379:com.opera.browser/u0a122 (adj 0): stop com.opera.browser
10-31 08:18:37.307   600  9614 D ActivityManager: cleanUpApplicationRecord -- 19379
10-31 08:18:37.308   600  9614 W ActivityManager: Force removing ActivityRecord{a1c036f u0 com.opera.browser/com.opera.android.BrowserActivity t2209}: app died, no saved state
10-31 08:18:37.326 19794 19794 I art     : System.exit called, status: 0
10-31 08:18:37.326 19794 19794 I AndroidRuntime: VM exiting with result code 0, cleanup skipped.
10-31 08:18:37.340   600  9614 I ActivityManager: Killing 19794:com.opera.browser:sandboxed_process0/u0a122 (adj 0): stop com.opera.browser
10-31 08:18:37.340   600  9614 D ActivityManager: cleanUpApplicationRecord -- 19794
10-31 08:18:37.341 19993 19993 D AndroidRuntime: Shutting down VM
10-31 08:18:37.358  1084  1171 I OpenGLRenderer: Initialized EGL, version 1.4
10-31 08:18:37.359  1084  1171 D OpenGLRenderer: Swap behavior 2
10-31 08:18:37.383  1061  1061 D RegisteredNfcFServicesCache: Service unchanged, not updating
10-31 08:18:37.449 23104 23116 I AttachedClient: Adding client event 2 to pending list.
10-31 08:18:37.480 23104 23104 I OptInState: There is a new client and it does not support opt-in. Dropping request.
10-31 08:18:37.483 23104 23104 I MicroDetectionWorker: Micro detection mode: [mDetectionMode: [1]].
10-31 08:18:37.495 23104 20009 I MicroRecognitionRunner: Starting detection.
10-31 08:18:37.495 23104 22563 I MicrophoneInputStream: mic_starting com.google.android.apps.gsa.speech.audio.ae@87b13fa
10-31 08:18:37.497   238 20012 I AudioFlinger: AudioFlinger's thread 0xef692840 ready to run
10-31 08:18:37.500   600  1080 D ConnectivityService: ConnectivityService NetworkRequestInfo binderDied(NetworkRequest [ LISTEN id=1720, [ Capabilities: INTERNET&NOT_RESTRICTED&TRUSTED&FOREGROUND] ], android.os.BinderProxy@685b245)
10-31 08:18:37.500   600  1080 D ConnectivityService: ConnectivityService NetworkRequestInfo binderDied(NetworkRequest [ LISTEN id=1719, [ Capabilities: INTERNET&NOT_RESTRICTED&TRUSTED&FOREGROUND] ], android.os.BinderProxy@99c1d9a)
10-31 08:18:37.501   600   707 D GraphicsStats: Buffer count: 2
10-31 08:18:37.502   600   649 E ConnectivityService: RemoteException caught trying to send a callback msg for NetworkRequest [ LISTEN id=1720, [ Capabilities: INTERNET&NOT_RESTRICTED&TRUSTED&FOREGROUND] ]
10-31 08:18:37.503   600   649 E ConnectivityService: RemoteException caught trying to send a callback msg for NetworkRequest [ LISTEN id=1719, [ Capabilities: INTERNET&NOT_RESTRICTED&TRUSTED&FOREGROUND] ]
10-31 08:18:37.543   238   285 I SoundTriggerHwService::Module: void android::SoundTriggerHwService::Module::onCallbackEvent(const sp<android::SoundTriggerHwService::CallbackEvent> &) mClient == 0
10-31 08:18:37.545 23104 22563 I MicrophoneInputStream: mic_started com.google.android.apps.gsa.speech.audio.ae@87b13fa
10-31 08:18:37.752 23104 23104 I MicroDetectionWorker: onReady
10-31 08:18:37.877 20007 20007 D AndroidRuntime: >>>>>> START com.android.internal.os.RuntimeInit uid 2000 <<<<<<
10-31 08:18:37.881 20007 20007 D AndroidRuntime: CheckJNI is OFF
10-31 08:18:37.905  1084  1171 W OpenGLRenderer: Incorrectly called buildLayer on View: ShortcutAndWidgetContainer, destroying layer...
10-31 08:18:37.951 20007 20007 D ICU     : No timezone override file found: /data/misc/zoneinfo/current/icu/icu_tzdata.dat
10-31 08:18:37.980 20007 20007 I Radio-JNI: register_android_hardware_Radio DONE
10-31 08:18:37.996 20007 20007 D AndroidRuntime: Calling main entry com.android.commands.pm.Pm
10-31 08:18:38.010   600  6312 I ActivityManager: Force stopping com.opera.browser appid=10122 user=0: clear data
10-31 08:18:38.012   600   613 I ActivityManager: Force stopping com.opera.browser appid=10122 user=-1: clearApplicationUserData
10-31 08:18:38.050   787   787 I GeofencerStateMachine: removeGeofences: removeRequest=RemoveGeofencingRequest[REMOVE_ALL packageName=com.opera.browser]
10-31 08:18:38.056 20007 20007 I art     : System.exit called, status: 0
10-31 08:18:38.056 20007 20007 I AndroidRuntime: VM exiting with result code 0.
10-31 08:18:38.058  1061  1061 D RegisteredNfcFServicesCache: Service unchanged, not updating
10-31 08:18:38.061   600   612 W ResourceType: No known package when getting value for resource number 0x7f100007
10-31 08:18:38.061   600   612 W ResourceType: No known package when getting value for resource number 0x7f13090c
10-31 08:18:38.061   600   612 W ResourceType: No known package when getting value for resource number 0x7f100005
10-31 08:18:38.062   600   612 W ResourceType: No known package when getting value for resource number 0x7f13090a
10-31 08:18:38.062   600   612 W ResourceType: No known package when getting value for resource number 0x7f100004
10-31 08:18:38.062   600   612 W ResourceType: No known package when getting value for resource number 0x7f130909
10-31 08:18:38.062   600   612 W ResourceType: No known package when getting value for resource number 0x7f100006
10-31 08:18:38.062   600   612 W ResourceType: No known package when getting value for resource number 0x7f13090b
10-31 08:18:38.078   787 20025 I Fitness : FitCleanupIntentOperation received Intent android.intent.action.PACKAGE_DATA_CLEARED [CONTEXT service_id=17 ]
10-31 08:18:38.109 17545 23264 I Icing   : doRemovePackageData com.opera.browser
