--------- beginning of main
10-30 10:30:06.568 11173 11173 D AndroidRuntime: >>>>>> START com.android.internal.os.RuntimeInit uid 2000 <<<<<<
10-30 10:30:06.572 11173 11173 D AndroidRuntime: CheckJNI is OFF
10-30 10:30:06.637 11173 11173 D ICU     : No timezone override file found: /data/misc/zoneinfo/current/icu/icu_tzdata.dat
10-30 10:30:06.664 11173 11173 I Radio-JNI: register_android_hardware_Radio DONE
10-30 10:30:06.679 11173 11173 D AndroidRuntime: Calling main entry com.android.commands.am.Am
--------- beginning of system
10-30 10:30:06.695   600  1076 I ActivityManager: Force stopping com.opera.browser appid=10122 user=0: from pid 11173
10-30 10:30:06.706  1061  1061 D RegisteredNfcFServicesCache: Service unchanged, not updating
10-30 10:30:06.951   600  3994 I ActivityManager: START u0 {act=android.intent.action.VIEW flg=0x10008000 cmp=com.opera.browser/com.opera.Opera} from uid 2000 on display 0
10-30 10:30:06.978 11173 11173 D AndroidRuntime: Shutting down VM
10-30 10:30:07.017   600  1082 I ActivityManager: Start proc 11183:com.opera.browser/u0a122 for activity com.opera.browser/com.opera.Opera
10-30 10:30:07.086 11183 11183 I art     : Starting a blocking GC AddRemoveAppImageSpace
10-30 10:30:07.115 11183 11183 I LoadedApk: No resource references to update in package com.opera.browser.nord_vpn
10-30 10:30:07.271 11183 11183 I art     : Rejecting re-init on previously-failed class java.lang.Class<com.opera.android.job.a$j>: java.lang.NoClassDefFoundError: Failed resolution of: Landroid/app/job/JobServiceEngine;
10-30 10:30:07.272 11183 11183 I art     :   at void com.opera.android.OperaApplication.onCreate() (SourceFile:52)
10-30 10:30:07.272 11183 11183 I art     :   at void android.app.Instrumentation.callApplicationOnCreate(android.app.Application) (Instrumentation.java:1024)
10-30 10:30:07.272 11183 11183 I art     :   at void android.app.ActivityThread.handleBindApplication(android.app.ActivityThread$AppBindData) (ActivityThread.java:5403)
10-30 10:30:07.272 11183 11183 I art     :   at void android.app.ActivityThread.-wrap2(android.app.ActivityThread, android.app.ActivityThread$AppBindData) (ActivityThread.java:-1)
10-30 10:30:07.272 11183 11183 I art     :   at void android.app.ActivityThread$H.handleMessage(android.os.Message) (ActivityThread.java:1545)
10-30 10:30:07.272 11183 11183 I art     :   at void android.os.Handler.dispatchMessage(android.os.Message) (Handler.java:102)
10-30 10:30:07.272 11183 11183 I art     :   at void android.os.Looper.loop() (Looper.java:154)
10-30 10:30:07.272 11183 11183 I art     :   at void android.app.ActivityThread.main(java.lang.String[]) (ActivityThread.java:6119)
10-30 10:30:07.272 11183 11183 I art     :   at java.lang.Object java.lang.reflect.Method.invoke!(java.lang.Object, java.lang.Object[]) (Method.java:-2)
10-30 10:30:07.272 11183 11183 I art     :   at void com.android.internal.os.ZygoteInit$MethodAndArgsCaller.run() (ZygoteInit.java:886)
10-30 10:30:07.272 11183 11183 I art     :   at void com.android.internal.os.ZygoteInit.main(java.lang.String[]) (ZygoteInit.java:776)
10-30 10:30:07.274 11183 11183 I art     : Caused by: java.lang.ClassNotFoundException: Didn't find class "android.app.job.JobServiceEngine" on path: DexPathList[[zip file "/data/app/com.opera.browser-1/base.apk"],nativeLibraryDirectories=[/data/app/com.opera.browser-1/lib/arm, /data/app/com.opera.browser-1/base.apk!/lib/armeabi-v7a, /system/lib, /vendor/lib]]
10-30 10:30:07.274 11183 11183 I art     :   at java.lang.Class dalvik.system.BaseDexClassLoader.findClass(java.lang.String) (BaseDexClassLoader.java:56)
10-30 10:30:07.274 11183 11183 I art     :   at java.lang.Class java.lang.ClassLoader.loadClass(java.lang.String, boolean) (ClassLoader.java:380)
10-30 10:30:07.274 11183 11183 I art     :   at java.lang.Class java.lang.ClassLoader.loadClass(java.lang.String) (ClassLoader.java:312)
10-30 10:30:07.274 11183 11183 I art     :   at void com.opera.android.OperaApplication.onCreate() (SourceFile:52)
10-30 10:30:07.274 11183 11183 I art     :   at void android.app.Instrumentation.callApplicationOnCreate(android.app.Application) (Instrumentation.java:1024)
10-30 10:30:07.274 11183 11183 I art     :   at void android.app.ActivityThread.handleBindApplication(android.app.ActivityThread$AppBindData) (ActivityThread.java:5403)
10-30 10:30:07.274 11183 11183 I art     :   at void android.app.ActivityThread.-wrap2(android.app.ActivityThread, android.app.ActivityThread$AppBindData) (ActivityThread.java:-1)
10-30 10:30:07.274 11183 11183 I art     :   at void android.app.ActivityThread$H.handleMessage(android.os.Message) (ActivityThread.java:1545)
10-30 10:30:07.274 11183 11183 I art     :   at void android.os.Handler.dispatchMessage(android.os.Message) (Handler.java:102)
10-30 10:30:07.274 11183 11183 I art     :   at void android.os.Looper.loop() (Looper.java:154)
10-30 10:30:07.274 11183 11183 I art     :   at void android.app.ActivityThread.main(java.lang.String[]) (ActivityThread.java:6119)
10-30 10:30:07.274 11183 11183 I art     :   at java.lang.Object java.lang.reflect.Method.invoke!(java.lang.Object, java.lang.Object[]) (Method.java:-2)
10-30 10:30:07.274 11183 11183 I art     :   at void com.android.internal.os.ZygoteInit$MethodAndArgsCaller.run() (ZygoteInit.java:886)
10-30 10:30:07.274 11183 11183 I art     :   at void com.android.internal.os.ZygoteInit.main(java.lang.String[]) (ZygoteInit.java:776)
10-30 10:30:07.274 11183 11183 I art     : 
10-30 10:30:07.319 11183 11224 D NetworkSecurityConfig: Using Network Security Config from resource network_security_config_official_build debugBuild: false
10-30 10:30:07.554   600  7064 I ActivityManager: START u0 {act=android.intent.action.VIEW flg=0x10008000 cmp=com.opera.browser/com.opera.android.startup.WelcomeActivity} from uid 10122 on display 0
10-30 10:30:07.579   600  3509 W ActivityManager: Duplicate finish request for ActivityRecord{11b2e66 u0 com.opera.browser/com.opera.Opera t1538 f}
10-30 10:30:07.810   600   609 I art     : Background partial concurrent mark sweep GC freed 23069(1229KB) AllocSpace objects, 2(40KB) LOS objects, 33% free, 15MB/23MB, paused 5.985ms total 168.911ms
10-30 10:30:07.940 11183 11234 I FA      : App measurement initialized, version: 43042
10-30 10:30:07.940 11183 11234 I FA      : To enable debug logging run: adb shell setprop log.tag.FA VERBOSE
10-30 10:30:07.940 11183 11234 I FA      : To enable faster debug mode event logging run:
10-30 10:30:07.940 11183 11234 I FA      :   adb shell setprop debug.firebase.analytics.app com.opera.browser
10-30 10:30:08.163 11183 11234 I FA      : Tag Manager is not found and thus will not be used
10-30 10:30:08.343 11183 11296 I OpenGLRenderer: Initialized EGL, version 1.4
10-30 10:30:08.343 11183 11296 D OpenGLRenderer: Swap behavior 2
10-30 10:30:08.390   787  6612 W Conscrypt: Could not set socket write timeout: java.net.SocketException: Socket closed
10-30 10:30:08.391   787  6612 W Conscrypt: 	at com.google.android.gms.org.conscrypt.Platform.setSocketWriteTimeout(:com.google.android.gms@203915020@20.39.15 (040406-335085812):2)
10-30 10:30:08.391   787  6612 W Conscrypt: 	at com.google.android.gms.org.conscrypt.ConscryptFileDescriptorSocket.setSoWriteTimeout(:com.google.android.gms@203915020@20.39.15 (040406-335085812):0)
10-30 10:30:08.405   787  6612 W Conscrypt: Could not set socket write timeout: java.net.SocketException: Socket closed
10-30 10:30:08.406   787  6612 W Conscrypt: 	at com.google.android.gms.org.conscrypt.Platform.setSocketWriteTimeout(:com.google.android.gms@203915020@20.39.15 (040406-335085812):2)
10-30 10:30:08.406   787  6612 W Conscrypt: 	at com.google.android.gms.org.conscrypt.ConscryptFileDescriptorSocket.setSoWriteTimeout(:com.google.android.gms@203915020@20.39.15 (040406-335085812):0)
10-30 10:30:08.445   600   620 W WindowManager: Failed looking up window
10-30 10:30:08.445   600   620 W WindowManager: java.lang.IllegalArgumentException: Requested window android.view.ViewRootImpl$W@f10029f does not exist
10-30 10:30:08.445   600   620 W WindowManager: 	at com.android.server.wm.WindowManagerService.windowForClientLocked(WindowManagerService.java:9422)
10-30 10:30:08.445   600   620 W WindowManager: 	at com.android.server.wm.WindowManagerService.windowForClientLocked(WindowManagerService.java:9413)
10-30 10:30:08.445   600   620 W WindowManager: 	at com.android.server.wm.WindowManagerService.removeWindow(WindowManagerService.java:2393)
10-30 10:30:08.445   600   620 W WindowManager: 	at com.android.server.wm.Session.remove(Session.java:202)
10-30 10:30:08.445   600   620 W WindowManager: 	at android.view.ViewRootImpl.dispatchDetachedFromWindow(ViewRootImpl.java:3290)
10-30 10:30:08.445   600   620 W WindowManager: 	at android.view.ViewRootImpl.doDie(ViewRootImpl.java:5917)
10-30 10:30:08.445   600   620 W WindowManager: 	at android.view.ViewRootImpl$ViewRootHandler.handleMessage(ViewRootImpl.java:3626)
10-30 10:30:08.445   600   620 W WindowManager: 	at android.os.Handler.dispatchMessage(Handler.java:102)
10-30 10:30:08.445   600   620 W WindowManager: 	at android.os.Looper.loop(Looper.java:154)
10-30 10:30:08.445   600   620 W WindowManager: 	at android.os.HandlerThread.run(HandlerThread.java:61)
10-30 10:30:08.445   600   620 W WindowManager: 	at com.android.server.ServiceThread.run(ServiceThread.java:46)
10-30 10:30:08.518   600   620 I ActivityManager: Displayed com.opera.browser/com.opera.android.startup.WelcomeActivity: +921ms (total +1s541ms)
10-30 10:30:08.598 11183 11319 W chromium: [WARNING:op_site_scripts.cc(424)] Failed to map /data/user/0/com.opera.browser/app_opera/sjs
10-30 10:30:08.599   600 17381 I ActivityManager: Start proc 11325:com.opera.browser:privileged_process0/u0a122 for service com.opera.browser/com.opera.android.browser.chromium.services.PrivilegedProcessService0
10-30 10:30:08.699 11325 11325 I art     : Starting a blocking GC AddRemoveAppImageSpace
10-30 10:30:08.713 11183 11193 I art     : Background sticky concurrent mark sweep GC freed 1891(136KB) AllocSpace objects, 2(40KB) LOS objects, 4% free, 6MB/6MB, paused 6.814ms total 46.459ms
10-30 10:30:08.734 11325 11325 I LoadedApk: No resource references to update in package com.opera.browser.nord_vpn
10-30 10:30:08.908 11325 11354 E libEGL  : validate_display:99 error 3008 (EGL_BAD_DISPLAY)
10-30 10:30:08.915 17059 17059 I MemoryTrimmer: Trimming objects from memory, since app is in the background.
10-30 10:30:09.084 11325 11354 E libEGL  : validate_display:99 error 3008 (EGL_BAD_DISPLAY)
10-30 10:30:09.099   787  9209 W NetworkScheduler: Error inserting service_kind=0 source=16 tag=Measurement.PackageMeasurementTaskService.UPLOAD_TASK_TAG target_package=com.google.android.gms requires_charging=0 source_version=203915000 required_network_type=0 flex_time=154000 persistence_level=1 target_class=com.google.android.gms.measurement.PackageMeasurementTaskService runtime=1667122209091 retry_strategy={"maximum_backoff_seconds":{"3600":0},"initial_backoff_seconds":{"30":0},"retry_policy":{"0":0}} preferred_network_type=1 required_idleness_state=0 preferred_charging_state=1 period=309000 last_runtime=0 task_type=0 job_id=-1 user_id=0, error message: UNIQUE constraint failed: pending_ops.tag, pending_ops.target_class, pending_ops.target_package, pending_ops.user_id (code 2067) [CONTEXT service_id=218 ]
10-30 10:30:09.166 17059 17073 W SearchService: Abort, client detached.
10-30 10:30:09.170  1084  1084 I MemoryTrimmer: Trimming objects from memory, since app is in the background.
10-30 10:30:09.176 17059 11054 I DeviceStateChecker: DeviceStateChecker cancelled
10-30 10:30:09.177 17059 17059 I MicroDetector: Keeping mic open: false
10-30 10:30:09.177 17059 22278 I AudioController: internalShutdown
10-30 10:30:09.177 17059 22278 I MicrophoneInputStream: mic_close com.google.android.apps.gsa.speech.audio.ae@a56595c
10-30 10:30:09.182 17059 17111 I MicroRecognitionRunner: Stopping hotword detection.
10-30 10:30:09.206   238   285 I SoundTriggerHwService::Module: void android::SoundTriggerHwService::Module::onCallbackEvent(const sp<android::SoundTriggerHwService::CallbackEvent> &) mClient == 0
10-30 10:30:09.237   787 11371 W NetworkScheduler: Error inserting service_kind=0 source=16 tag=Measurement.PackageMeasurementTaskService.UPLOAD_TASK_TAG target_package=com.google.android.gms requires_charging=0 source_version=203915000 required_network_type=0 flex_time=154000 persistence_level=1 target_class=com.google.android.gms.measurement.PackageMeasurementTaskService runtime=1667122209236 retry_strategy={"maximum_backoff_seconds":{"3600":0},"initial_backoff_seconds":{"30":0},"retry_policy":{"0":0}} preferred_network_type=1 required_idleness_state=0 preferred_charging_state=1 period=309000 last_runtime=0 task_type=0 job_id=-1 user_id=0, error message: UNIQUE constraint failed: pending_ops.tag, pending_ops.target_class, pending_ops.target_package, pending_ops.user_id (code 2067) [CONTEXT service_id=218 ]
10-30 10:30:09.248 17059 11055 I MicroRecognitionRunner: Detection finished
10-30 10:30:09.253 17059 17059 I MemoryTrimmer: Trimming objects from memory, since app is in the background.
10-30 10:30:09.288   787  8960 W NetworkScheduler: Error inserting service_kind=0 source=16 tag=Measurement.PackageMeasurementTaskService.UPLOAD_TASK_TAG target_package=com.google.android.gms requires_charging=0 source_version=203915000 required_network_type=0 flex_time=154000 persistence_level=1 target_class=com.google.android.gms.measurement.PackageMeasurementTaskService runtime=1667122209271 retry_strategy={"maximum_backoff_seconds":{"3600":0},"initial_backoff_seconds":{"30":0},"retry_policy":{"0":0}} preferred_network_type=1 required_idleness_state=0 preferred_charging_state=1 period=309000 last_runtime=0 task_type=0 job_id=-1 user_id=0, error message: UNIQUE constraint failed: pending_ops.tag, pending_ops.target_class, pending_ops.target_package, pending_ops.user_id (code 2067) [CONTEXT service_id=218 ]
10-30 10:30:10.906   600   647 I WifiHAL : Got channel list with 13 channels
10-30 10:30:10.908   600   647 I WifiHAL : Got channel list with 4 channels
10-30 10:30:10.910   600   647 I WifiHAL : Got channel list with 15 channels
10-30 10:30:10.959   787  8960 I NetworkScheduler.Stats: Task com.google.android.gms/com.google.android.gms.icing.service.IcingGcmTaskService started execution. cause:4 exec_start_elapsed_seconds: 74259 [CONTEXT service_id=218 ]
10-30 10:30:10.971   787  7546 I NetworkScheduler.Stats: Task com.google.android.gms/com.google.android.gms.icing.service.IcingGcmTaskService finished executing. cause:4 result: 1 elapsed_millis: 23 uptime_millis: 23 exec_start_elapsed_seconds: 74259 [CONTEXT service_id=218 ]
10-30 10:30:19.302 17059 17059 I MemoryTrimmer: Trimming objects from memory, since app is in the background.
10-30 10:30:20.166 11421 11421 D AndroidRuntime: >>>>>> START com.android.internal.os.RuntimeInit uid 2000 <<<<<<
10-30 10:30:20.169 11421 11421 D AndroidRuntime: CheckJNI is OFF
10-30 10:30:20.244 11421 11421 D ICU     : No timezone override file found: /data/misc/zoneinfo/current/icu/icu_tzdata.dat
10-30 10:30:20.284 11421 11421 I Radio-JNI: register_android_hardware_Radio DONE
10-30 10:30:20.304 11421 11421 D AndroidRuntime: Calling main entry com.android.commands.monkey.Monkey
10-30 10:30:20.392   600   613 W BroadcastQueue: Skipping deliver [background] BroadcastRecord{ef504b3 u-1 android.net.conn.CONNECTIVITY_CHANGE} to ReceiverList{b33ba70 11421 (unknown name)/2000/u-1 remote:522c3ed}: process crashing
10-30 10:30:20.403   600 24515 D DnsEventListenerService: Logging 100 results for netId 100
10-30 10:30:21.909 11421 11421 D MonkeyStub: translateCommand: wake
10-30 10:30:22.022 11421 11421 D MonkeyStub: translateCommand: tap 960 1881
10-30 10:30:23.593 11183 11183 I PlayCore: UID: [10122]  PID: [11183] AppUpdateListenerRegistry : registerListener
10-30 10:30:23.594 11183 11183 I PlayCore: UID: [10122]  PID: [11183] AppUpdateService : requestUpdateInfo(com.opera.browser)
10-30 10:30:23.600 11183 11437 I PlayCore: UID: [10122]  PID: [11183] AppUpdateService : Initiate binding to the service.
10-30 10:30:23.601   600  7064 W ActivityManager: Unable to start service Intent { act=com.google.android.play.core.install.BIND_UPDATE_SERVICE pkg=com.android.vending } U=0: not found
10-30 10:30:23.602 11183 11437 I PlayCore: UID: [10122]  PID: [11183] AppUpdateService : Failed to bind to the service.
10-30 10:30:23.757 11183 11439 D ApplicationLoaders: ignored Vulkan layer search path /data/app/com.google.android.gms-1/lib/arm:/data/app/com.google.android.gms-1/base.apk!/lib/armeabi-v7a:/data/app/com.google.android.gms-1/split_config.en.apk!/lib/armeabi-v7a for namespace 0xf4a41090
10-30 10:30:23.759 11183 11439 W ResourceType: ResTable_typeSpec entry count inconsistent: given 67, previously 69
10-30 10:30:23.759 11183 11439 W ResourceType: ResTable_typeSpec entry count inconsistent: given 5346, previously 5347
10-30 10:30:23.777 17059 17059 I MemoryTrimmer: Trimming objects from memory, since app is in the background.
10-30 10:30:24.927   600   612 D SyncManager: failed sync operation JobId: 100983, com.opera.browser u0 (com.opera.browser.ping), com.opera.browser.ping.provider, SERVER, reason: 10122, SyncResult: delayUntil: 1667129424 stats [ numIoExceptions: 1]
10-30 10:30:26.088 11421 11421 D MonkeyStub: translateCommand: tap 57 93
10-30 10:30:28.448 11421 11421 D MonkeyStub: translateCommand: tap 57 93
10-30 10:30:30.701 11421 11421 D MonkeyStub: translateCommand: tap 446 593
10-30 10:30:32.951 11421 11421 D MonkeyStub: translateCommand: tap 667 302
10-30 10:30:36.437 11421 11421 D MonkeyStub: translateCommand: tap 1286 930
10-30 10:30:37.661 11421 11421 D MonkeyStub: translateCommand: tap 62 98
10-30 10:30:37.696 11421 11421 D MonkeyStub: translateCommand: tap 729 89
10-30 10:30:37.704 11421 11421 D MonkeyStub: Quit requested
10-30 10:30:37.716   600   614 I CwMcuSensor: CwMcuSensor::flush: fd = 225, sensors_id = 0, path = /sys/class/htc_sensorhub/sensor_hub/flush, err = 0
10-30 10:30:37.717 11421 11421 I art     : System.exit called, status: 16
10-30 10:30:37.717 11421 11421 I AndroidRuntime: VM exiting with result code 16.
10-30 10:30:37.754   600  2707 W WindowManager: Attempted to remove non-existing token: android.os.Binder@a74b1e9
10-30 10:30:38.039   600  3507 E BatteryStatsService: power: Missing API
10-30 10:30:38.051   796   796 E PhoneInterfaceManager: [PhoneIntfMgr] queryModemActivityInfo: Empty response
10-30 10:30:38.051   600  3507 E BatteryStatsService: no controller energy info supplied
10-30 10:30:38.056   600  3507 E BatteryStatsService: modem info is invalid: ModemActivityInfo{ mTimestamp=0 mSleepTimeMs=0 mIdleTimeMs=0 mTxTimeMs[]=[0, 0, 0, 0, 0] mRxTimeMs=0 mEnergyUsed=0}
10-30 10:30:38.466 11453 11453 D AndroidRuntime: >>>>>> START com.android.internal.os.RuntimeInit uid 2000 <<<<<<
10-30 10:30:38.470 11453 11453 D AndroidRuntime: CheckJNI is OFF
10-30 10:30:38.534 11453 11453 D ICU     : No timezone override file found: /data/misc/zoneinfo/current/icu/icu_tzdata.dat
10-30 10:30:38.563 11453 11453 I Radio-JNI: register_android_hardware_Radio DONE
10-30 10:30:38.579 11453 11453 D AndroidRuntime: Calling main entry com.android.commands.am.Am
10-30 10:30:38.597   600  1079 I ActivityManager: START u0 {act=android.intent.action.VIEW dat=http://biomedcentral.com/... flg=0x10000000 cmp=com.opera.browser/com.opera.Opera} from uid 2000 on display 0
10-30 10:30:38.604 11453 11453 D AndroidRuntime: Shutting down VM
10-30 10:30:38.677   600  6312 I ActivityManager: START u0 {act=android.intent.action.VIEW dat=http://biomedcentral.com/... flg=0x10000000 cmp=com.opera.browser/com.opera.android.startup.WelcomeActivity} from uid 10122 on display 0
10-30 10:30:38.685   600 24611 W ActivityManager: Duplicate finish request for ActivityRecord{b2ad893 u0 com.opera.browser/com.opera.Opera t1538 f}
10-30 10:30:38.751   600  3675 W InputMethodManagerService: Window already focused, ignoring focus gain of: com.android.internal.view.IInputMethodClient$Stub$Proxy@93c89fc attribute=null, token = android.os.BinderProxy@19e595a
10-30 10:30:38.780 17059 17059 I MemoryTrimmer: Trimming objects from memory, since app is in the background.
10-30 10:30:38.906   787  8960 W NetworkScheduler: Error inserting service_kind=0 source=16 tag=Measurement.PackageMeasurementTaskService.UPLOAD_TASK_TAG target_package=com.google.android.gms requires_charging=0 source_version=203915000 required_network_type=0 flex_time=124000 persistence_level=1 target_class=com.google.android.gms.measurement.PackageMeasurementTaskService runtime=1667122238895 retry_strategy={"maximum_backoff_seconds":{"3600":0},"initial_backoff_seconds":{"30":0},"retry_policy":{"0":0}} preferred_network_type=1 required_idleness_state=0 preferred_charging_state=1 period=249000 last_runtime=0 task_type=0 job_id=-1 user_id=0, error message: UNIQUE constraint failed: pending_ops.tag, pending_ops.target_class, pending_ops.target_package, pending_ops.user_id (code 2067) [CONTEXT service_id=218 ]
10-30 10:30:38.918 11183 11466 E [Leanplum][ERROR]: No variable values were received from the server. Please contact us to investigate.
10-30 10:30:51.500 11492 11492 D AndroidRuntime: >>>>>> START com.android.internal.os.RuntimeInit uid 2000 <<<<<<
10-30 10:30:51.503 11492 11492 D AndroidRuntime: CheckJNI is OFF
10-30 10:30:51.567 11492 11492 D ICU     : No timezone override file found: /data/misc/zoneinfo/current/icu/icu_tzdata.dat
10-30 10:30:51.600 11492 11492 I Radio-JNI: register_android_hardware_Radio DONE
10-30 10:30:51.614 11492 11492 D AndroidRuntime: Calling main entry com.android.commands.monkey.Monkey
10-30 10:30:51.680   600   613 W BroadcastQueue: Skipping deliver [background] BroadcastRecord{5566e00 u-1 android.net.conn.CONNECTIVITY_CHANGE} to ReceiverList{f510639 11492 (unknown name)/2000/u-1 remote:87ad732}: process crashing
10-30 10:30:53.519 11492 11492 D MonkeyStub: translateCommand: wake
10-30 10:30:53.606   600   609 I art     : Background partial concurrent mark sweep GC freed 72081(3MB) AllocSpace objects, 57(1556KB) LOS objects, 33% free, 15MB/23MB, paused 856us total 116.046ms
10-30 10:30:53.656 11492 11492 D MonkeyStub: translateCommand: tap 273 1877
10-30 10:30:58.760 11492 11492 D MonkeyStub: translateCommand: tap 1195 298
10-30 10:31:08.812 11492 11492 D MonkeyStub: translateCommand: touch down 614 1561
10-30 10:31:08.824 11492 11492 D MonkeyStub: translateCommand: touch move 614 1561
10-30 10:31:08.930 11492 11492 D MonkeyStub: translateCommand: touch move 614 1436
10-30 10:31:09.034 11492 11492 D MonkeyStub: translateCommand: touch move 614 1311
10-30 10:31:09.143 11492 11492 D MonkeyStub: translateCommand: touch move 614 1186
10-30 10:31:09.263 11492 11492 D MonkeyStub: translateCommand: touch move 614 1061
10-30 10:31:09.367 11492 11492 D MonkeyStub: translateCommand: touch move 614 937
10-30 10:31:09.478 11492 11492 D MonkeyStub: translateCommand: touch move 614 812
10-30 10:31:09.589 11492 11492 D MonkeyStub: translateCommand: touch move 614 687
10-30 10:31:09.698 11492 11492 D MonkeyStub: translateCommand: touch move 614 562
10-30 10:31:09.806 11492 11492 D MonkeyStub: translateCommand: touch move 614 437
10-30 10:31:09.921 11492 11492 D MonkeyStub: translateCommand: touch move 614 312
10-30 10:31:09.926 11492 11492 D MonkeyStub: translateCommand: touch up 614 312
10-30 10:31:09.959 11492 11492 D MonkeyStub: translateCommand: touch down 614 1561
10-30 10:31:09.975 11492 11492 D MonkeyStub: translateCommand: touch move 614 1561
10-30 10:31:10.086 11492 11492 D MonkeyStub: translateCommand: touch move 614 1436
10-30 10:31:10.194 11492 11492 D MonkeyStub: translateCommand: touch move 614 1311
10-30 10:31:10.302 11492 11492 D MonkeyStub: translateCommand: touch move 614 1186
10-30 10:31:10.412 11492 11492 D MonkeyStub: translateCommand: touch move 614 1061
10-30 10:31:10.520 11492 11492 D MonkeyStub: translateCommand: touch move 614 937
10-30 10:31:10.625 11492 11492 D MonkeyStub: translateCommand: touch move 614 812
10-30 10:31:10.739 11492 11492 D MonkeyStub: translateCommand: touch move 614 687
10-30 10:31:10.849 11492 11492 D MonkeyStub: translateCommand: touch move 614 562
10-30 10:31:10.959 11492 11492 D MonkeyStub: translateCommand: touch move 614 437
10-30 10:31:11.066 11492 11492 D MonkeyStub: translateCommand: touch move 614 312
10-30 10:31:11.072 11492 11492 D MonkeyStub: translateCommand: touch up 614 312
10-30 10:31:14.326 11492 11492 D MonkeyStub: translateCommand: touch down 614 312
10-30 10:31:14.346 11492 11492 D MonkeyStub: translateCommand: touch move 614 312
10-30 10:31:14.454 11492 11492 D MonkeyStub: translateCommand: touch move 614 437
10-30 10:31:14.560 11492 11492 D MonkeyStub: translateCommand: touch move 614 562
10-30 10:31:14.755 11492 11492 D MonkeyStub: translateCommand: touch move 614 687
10-30 10:31:14.893 11492 11492 D MonkeyStub: translateCommand: touch move 614 812
10-30 10:31:15.007 11492 11492 D MonkeyStub: translateCommand: touch move 614 937
10-30 10:31:15.141 11492 11492 D MonkeyStub: translateCommand: touch move 614 1061
10-30 10:31:15.248 11492 11492 D MonkeyStub: translateCommand: touch move 614 1186
10-30 10:31:15.357 11492 11492 D MonkeyStub: translateCommand: touch move 614 1311
10-30 10:31:15.469 11492 11492 D MonkeyStub: translateCommand: touch move 614 1436
10-30 10:31:15.578 11492 11492 D MonkeyStub: translateCommand: touch move 614 1561
10-30 10:31:15.583 11492 11492 D MonkeyStub: translateCommand: touch up 614 1561
10-30 10:31:15.613 11492 11492 D MonkeyStub: translateCommand: touch down 614 312
10-30 10:31:15.618 11492 11492 D MonkeyStub: translateCommand: touch move 614 312
10-30 10:31:15.727 11492 11492 D MonkeyStub: translateCommand: touch move 614 437
10-30 10:31:15.839 11492 11492 D MonkeyStub: translateCommand: touch move 614 562
10-30 10:31:15.964 11492 11492 D MonkeyStub: translateCommand: touch move 614 687
10-30 10:31:16.074 11492 11492 D MonkeyStub: translateCommand: touch move 614 812
10-30 10:31:16.182 11492 11492 D MonkeyStub: translateCommand: touch move 614 937
10-30 10:31:16.303 11492 11492 D MonkeyStub: translateCommand: touch move 614 1061
10-30 10:31:16.414 11492 11492 D MonkeyStub: translateCommand: touch move 614 1186
10-30 10:31:16.525 11492 11492 D MonkeyStub: translateCommand: touch move 614 1311
10-30 10:31:16.631 11492 11492 D MonkeyStub: translateCommand: touch move 614 1436
10-30 10:31:16.743 11492 11492 D MonkeyStub: translateCommand: touch move 614 1561
10-30 10:31:16.746 11492 11492 D MonkeyStub: translateCommand: touch up 614 1561
10-30 10:31:18.831 11492 11492 D MonkeyStub: translateCommand: tap 158 750
10-30 10:31:21.647   198   198 E SELinux : avc:  denied  { find } for service=netd pid=11534 uid=2000 scontext=u:r:shell:s0 tcontext=u:object_r:netd_service:s0 tclass=service_manager permissive=0
10-30 10:31:21.650   198   198 E SELinux : avc:  denied  { find } for service=android.service.gatekeeper.IGateKeeperService pid=11534 uid=2000 scontext=u:r:shell:s0 tcontext=u:object_r:gatekeeper_service:s0 tclass=service_manager permissive=0
10-30 10:31:23.962 11492 11492 D MonkeyStub: translateCommand: touch down 614 1561
10-30 10:31:23.976 11492 11492 D MonkeyStub: translateCommand: touch move 614 1561
10-30 10:31:24.087 11492 11492 D MonkeyStub: translateCommand: touch move 614 1436
10-30 10:31:24.209 11492 11492 D MonkeyStub: translateCommand: touch move 614 1311
10-30 10:31:24.339 11492 11492 D MonkeyStub: translateCommand: touch move 614 1186
10-30 10:31:24.468 11492 11492 D MonkeyStub: translateCommand: touch move 614 1061
10-30 10:31:24.576 11492 11492 D MonkeyStub: translateCommand: touch move 614 937
10-30 10:31:24.693 11492 11492 D MonkeyStub: translateCommand: touch move 614 812
10-30 10:31:24.941 11492 11492 D MonkeyStub: translateCommand: touch move 614 687
10-30 10:31:25.057 11492 11492 D MonkeyStub: translateCommand: touch move 614 562
10-30 10:31:25.166 11492 11492 D MonkeyStub: translateCommand: touch move 614 437
10-30 10:31:25.278 11492 11492 D MonkeyStub: translateCommand: touch move 614 312
10-30 10:31:25.285 11492 11492 D MonkeyStub: translateCommand: touch up 614 312
10-30 10:31:30.711 11492 11492 D MonkeyStub: translateCommand: touch down 614 1561
10-30 10:31:30.722 11492 11492 D MonkeyStub: translateCommand: touch move 614 1561
10-30 10:31:30.830 11492 11492 D MonkeyStub: translateCommand: touch move 614 1436
10-30 10:31:30.939 11492 11492 D MonkeyStub: translateCommand: touch move 614 1311
10-30 10:31:31.051 11492 11492 D MonkeyStub: translateCommand: touch move 614 1186
10-30 10:31:31.159 11492 11492 D MonkeyStub: translateCommand: touch move 614 1061
10-30 10:31:31.276 11492 11492 D MonkeyStub: translateCommand: touch move 614 937
10-30 10:31:31.388 11492 11492 D MonkeyStub: translateCommand: touch move 614 812
10-30 10:31:31.497 11492 11492 D MonkeyStub: translateCommand: touch move 614 687
10-30 10:31:31.609 11492 11492 D MonkeyStub: translateCommand: touch move 614 562
10-30 10:31:31.732 11492 11492 D MonkeyStub: translateCommand: touch move 614 437
10-30 10:31:31.841 11492 11492 D MonkeyStub: translateCommand: touch move 614 312
10-30 10:31:31.844 11492 11492 D MonkeyStub: translateCommand: touch up 614 312
10-30 10:31:34.196 11492 11492 D MonkeyStub: Quit requested
10-30 10:31:34.251   600   614 I CwMcuSensor: CwMcuSensor::flush: fd = 225, sensors_id = 0, path = /sys/class/htc_sensorhub/sensor_hub/flush, err = 0
10-30 10:31:34.251 11492 11492 I art     : System.exit called, status: 84
10-30 10:31:34.251 11492 11492 I AndroidRuntime: VM exiting with result code 84.
10-30 10:31:34.278   600   610 W WindowManager: Attempted to remove non-existing token: android.os.Binder@e7b347e
10-30 10:31:50.428 11552 11552 D AndroidRuntime: >>>>>> START com.android.internal.os.RuntimeInit uid 2000 <<<<<<
10-30 10:31:50.431 11552 11552 D AndroidRuntime: CheckJNI is OFF
10-30 10:31:50.498 11552 11552 D ICU     : No timezone override file found: /data/misc/zoneinfo/current/icu/icu_tzdata.dat
10-30 10:31:50.526 11552 11552 I Radio-JNI: register_android_hardware_Radio DONE
10-30 10:31:50.540 11552 11552 D AndroidRuntime: Calling main entry com.android.commands.am.Am
10-30 10:31:50.555   600  3507 I ActivityManager: Force stopping com.opera.browser appid=10122 user=0: from pid 11552
10-30 10:31:50.555   600  3507 I ActivityManager: Killing 11325:com.opera.browser:privileged_process0/u0a122 (adj 0): stop com.opera.browser
10-30 10:31:50.556   600  3507 D ActivityManager: cleanUpApplicationRecord -- 11325
10-30 10:31:50.556   600  3507 W ActivityManager: Scheduling restart of crashed service com.opera.browser/com.opera.android.browser.chromium.services.PrivilegedProcessService0 in 1000ms
10-30 10:31:50.556   600  3507 I ActivityManager: Killing 11183:com.opera.browser/u0a122 (adj 0): stop com.opera.browser
10-30 10:31:50.556   600  3507 D ActivityManager: cleanUpApplicationRecord -- 11183
10-30 10:31:50.557   600  3507 W ActivityManager: Force removing ActivityRecord{a84d18f u0 com.opera.browser/com.opera.android.startup.WelcomeActivity t1538}: app died, no saved state
10-30 10:31:50.564 17059 17059 I MemoryTrimmer: Trimming objects from memory, since app is in the background.
10-30 10:31:50.571 11552 11552 D AndroidRuntime: Shutting down VM
10-30 10:31:50.582  1061  1061 D RegisteredNfcFServicesCache: Service unchanged, not updating
10-30 10:31:50.602  1084  1171 I OpenGLRenderer: Initialized EGL, version 1.4
10-30 10:31:50.602  1084  1171 D OpenGLRenderer: Swap behavior 2
10-30 10:31:50.695   600   713 D GraphicsStats: Buffer count: 2
10-30 10:31:50.695   600 24515 D ConnectivityService: ConnectivityService NetworkRequestInfo binderDied(NetworkRequest [ LISTEN id=685, [ Capabilities: INTERNET&NOT_RESTRICTED&TRUSTED&FOREGROUND] ], android.os.BinderProxy@eb774f4)
10-30 10:31:50.696   600   713 D ConnectivityService: ConnectivityService NetworkRequestInfo binderDied(NetworkRequest [ LISTEN id=686, [ Capabilities: INTERNET&NOT_RESTRICTED&TRUSTED&FOREGROUND] ], android.os.BinderProxy@277541d)
10-30 10:31:50.696   600   649 E ConnectivityService: RemoteException caught trying to send a callback msg for NetworkRequest [ LISTEN id=685, [ Capabilities: INTERNET&NOT_RESTRICTED&TRUSTED&FOREGROUND] ]
10-30 10:31:50.697   600   649 E ConnectivityService: RemoteException caught trying to send a callback msg for NetworkRequest [ LISTEN id=686, [ Capabilities: INTERNET&NOT_RESTRICTED&TRUSTED&FOREGROUND] ]
10-30 10:31:50.698 17059 25825 I AttachedClient: Adding client event 2 to pending list.
10-30 10:31:50.705 17059 17059 I OptInState: There is a new client and it does not support opt-in. Dropping request.
10-30 10:31:50.707 17059 17059 I MicroDetectionWorker: Micro detection mode: [mDetectionMode: [1]].
10-30 10:31:50.716 17059 11570 I MicroRecognitionRunner: Starting detection.
10-30 10:31:50.717 17059 22278 I MicrophoneInputStream: mic_starting com.google.android.apps.gsa.speech.audio.ae@b61434f
10-30 10:31:50.720   238   285 I SoundTriggerHwService::Module: void android::SoundTriggerHwService::Module::onCallbackEvent(const sp<android::SoundTriggerHwService::CallbackEvent> &) mClient == 0
10-30 10:31:50.723   238 11573 I AudioFlinger: AudioFlinger's thread 0xeed03e40 ready to run
10-30 10:31:50.730 17059 22278 I MicrophoneInputStream: mic_started com.google.android.apps.gsa.speech.audio.ae@b61434f
10-30 10:31:50.910 17059 17059 I MicroDetectionWorker: onReady
10-30 10:31:51.078 11565 11565 D AndroidRuntime: >>>>>> START com.android.internal.os.RuntimeInit uid 2000 <<<<<<
10-30 10:31:51.081 11565 11565 D AndroidRuntime: CheckJNI is OFF
10-30 10:31:51.143  1084  1171 W OpenGLRenderer: Incorrectly called buildLayer on View: ShortcutAndWidgetContainer, destroying layer...
10-30 10:31:51.150 11565 11565 D ICU     : No timezone override file found: /data/misc/zoneinfo/current/icu/icu_tzdata.dat
10-30 10:31:51.179 11565 11565 I Radio-JNI: register_android_hardware_Radio DONE
10-30 10:31:51.195 11565 11565 D AndroidRuntime: Calling main entry com.android.commands.pm.Pm
10-30 10:31:51.208   600  1081 I ActivityManager: Force stopping com.opera.browser appid=10122 user=0: clear data
10-30 10:31:51.209   600   613 I ActivityManager: Force stopping com.opera.browser appid=10122 user=-1: clearApplicationUserData
10-30 10:31:51.231   787   787 I GeofencerStateMachine: removeGeofences: removeRequest=RemoveGeofencingRequest[REMOVE_ALL packageName=com.opera.browser]
10-30 10:31:51.233 11565 11565 I art     : System.exit called, status: 0
10-30 10:31:51.233 11565 11565 I AndroidRuntime: VM exiting with result code 0.
10-30 10:31:51.239  1061  1061 D RegisteredNfcFServicesCache: Service unchanged, not updating
10-30 10:31:51.247   600   612 W ResourceType: No known package when getting value for resource number 0x7f100007
10-30 10:31:51.248   600   612 W ResourceType: No known package when getting value for resource number 0x7f13090c
10-30 10:31:51.248   600   612 W ResourceType: No known package when getting value for resource number 0x7f100005
10-30 10:31:51.248   600   612 W ResourceType: No known package when getting value for resource number 0x7f13090a
10-30 10:31:51.248   600   612 W ResourceType: No known package when getting value for resource number 0x7f100004
10-30 10:31:51.248   600   612 W ResourceType: No known package when getting value for resource number 0x7f130909
10-30 10:31:51.248   600   612 W ResourceType: No known package when getting value for resource number 0x7f100006
10-30 10:31:51.248   600   612 W ResourceType: No known package when getting value for resource number 0x7f13090b
10-30 10:31:51.276   787 11593 I Fitness : FitCleanupIntentOperation received Intent android.intent.action.PACKAGE_DATA_CLEARED [CONTEXT service_id=17 ]
10-30 10:31:51.289 11473 27436 I Icing   : doRemovePackageData com.opera.browser
