10-30 10:04:30.314  2588  2588 D MonkeyStub: translateCommand: touch down 614 1561
10-30 10:04:30.322  2588  2588 D MonkeyStub: translateCommand: touch move 614 1561
10-30 10:04:30.431  2588  2588 D MonkeyStub: translateCommand: touch move 614 1436
10-30 10:04:30.536  2588  2588 D MonkeyStub: translateCommand: touch move 614 1311
10-30 10:04:30.649  2588  2588 D MonkeyStub: translateCommand: touch move 614 1186
10-30 10:04:30.767  2588  2588 D MonkeyStub: translateCommand: touch move 614 1061
10-30 10:04:30.878  2588  2588 D MonkeyStub: translateCommand: touch move 614 937
10-30 10:04:30.983  2588  2588 D MonkeyStub: translateCommand: touch move 614 812
10-30 10:04:31.093  2588  2588 D MonkeyStub: translateCommand: touch move 614 687
10-30 10:04:31.205  2588  2588 D MonkeyStub: translateCommand: touch move 614 562
10-30 10:04:31.316  2588  2588 D MonkeyStub: translateCommand: touch move 614 437
10-30 10:04:31.425  2588  2588 D MonkeyStub: translateCommand: touch move 614 312
10-30 10:04:31.432  2588  2588 D MonkeyStub: translateCommand: touch up 614 312
10-30 10:04:31.462  2588  2588 D MonkeyStub: translateCommand: touch down 614 1561
10-30 10:04:31.466  2588  2588 D MonkeyStub: translateCommand: touch move 614 1561
10-30 10:04:31.587  2588  2588 D MonkeyStub: translateCommand: touch move 614 1436
10-30 10:04:31.698  2588  2588 D MonkeyStub: translateCommand: touch move 614 1311
10-30 10:04:31.808  2588  2588 D MonkeyStub: translateCommand: touch move 614 1186
10-30 10:04:31.917  2588  2588 D MonkeyStub: translateCommand: touch move 614 1061
10-30 10:04:32.025  2588  2588 D MonkeyStub: translateCommand: touch move 614 937
10-30 10:04:32.129  2588  2588 D MonkeyStub: translateCommand: touch move 614 812
10-30 10:04:32.235  2588  2588 D MonkeyStub: translateCommand: touch move 614 687
10-30 10:04:32.346  2588  2588 D MonkeyStub: translateCommand: touch move 614 562
10-30 10:04:32.460  2588  2588 D MonkeyStub: translateCommand: touch move 614 437
10-30 10:04:32.570  2588  2588 D MonkeyStub: translateCommand: touch move 614 312
10-30 10:04:32.575  2588  2588 D MonkeyStub: translateCommand: touch up 614 312
10-30 10:04:35.551 17059 17059 I MemoryTrimmer: Trimming objects from memory, since app is in the background.
10-30 10:04:35.632  2588  2588 D MonkeyStub: translateCommand: touch down 614 312
10-30 10:04:35.645  2588  2588 D MonkeyStub: translateCommand: touch move 614 312
10-30 10:04:35.751  2588  2588 D MonkeyStub: translateCommand: touch move 614 437
10-30 10:04:35.860  2588  2588 D MonkeyStub: translateCommand: touch move 614 562
10-30 10:04:35.967  2588  2588 D MonkeyStub: translateCommand: touch move 614 687
10-30 10:04:36.074  2588  2588 D MonkeyStub: translateCommand: touch move 614 812
10-30 10:04:36.216  2588  2588 D MonkeyStub: translateCommand: touch move 614 937
10-30 10:04:36.330  2588  2588 D MonkeyStub: translateCommand: touch move 614 1061
10-30 10:04:36.443  2588  2588 D MonkeyStub: translateCommand: touch move 614 1186
10-30 10:04:36.575  2588  2588 D MonkeyStub: translateCommand: touch move 614 1311
10-30 10:04:36.680  2588  2588 D MonkeyStub: translateCommand: touch move 614 1436
10-30 10:04:36.787  2588  2588 D MonkeyStub: translateCommand: touch move 614 1561
10-30 10:04:36.809  2588  2588 D MonkeyStub: translateCommand: touch up 614 1561
10-30 10:04:36.863  2588  2588 D MonkeyStub: translateCommand: touch down 614 312
10-30 10:04:36.868  2588  2588 D MonkeyStub: translateCommand: touch move 614 312
10-30 10:04:36.974  2588  2588 D MonkeyStub: translateCommand: touch move 614 437
10-30 10:04:37.086  2588  2588 D MonkeyStub: translateCommand: touch move 614 562
10-30 10:04:37.194  2588  2588 D MonkeyStub: translateCommand: touch move 614 687
10-30 10:04:37.306  2588  2588 D MonkeyStub: translateCommand: touch move 614 812
10-30 10:04:37.449  2588  2588 D MonkeyStub: translateCommand: touch move 614 937
10-30 10:04:37.559  2588  2588 D MonkeyStub: translateCommand: touch move 614 1061
10-30 10:04:37.676  2588  2588 D MonkeyStub: translateCommand: touch move 614 1186
10-30 10:04:37.787  2588  2588 D MonkeyStub: translateCommand: touch move 614 1311
10-30 10:04:37.897  2588  2588 D MonkeyStub: translateCommand: touch move 614 1436
10-30 10:04:38.006  2588  2588 D MonkeyStub: translateCommand: touch move 614 1561
10-30 10:04:38.012  2588  2588 D MonkeyStub: translateCommand: touch up 614 1561
10-30 10:04:40.139  2588  2588 D MonkeyStub: translateCommand: tap 158 750
10-30 10:04:41.699   198   198 E SELinux : avc:  denied  { find } for service=netd pid=2671 uid=2000 scontext=u:r:shell:s0 tcontext=u:object_r:netd_service:s0 tclass=service_manager permissive=0
10-30 10:04:41.707   198   198 E SELinux : avc:  denied  { find } for service=android.service.gatekeeper.IGateKeeperService pid=2671 uid=2000 scontext=u:r:shell:s0 tcontext=u:object_r:gatekeeper_service:s0 tclass=service_manager permissive=0
10-30 10:04:45.258  2588  2588 D MonkeyStub: translateCommand: touch down 614 1561
10-30 10:04:45.270  2588  2588 D MonkeyStub: translateCommand: touch move 614 1561
10-30 10:04:45.386  2588  2588 D MonkeyStub: translateCommand: touch move 614 1436
10-30 10:04:45.498  2588  2588 D MonkeyStub: translateCommand: touch move 614 1311
10-30 10:04:45.615  2588  2588 D MonkeyStub: translateCommand: touch move 614 1186
10-30 10:04:45.721  2588  2588 D MonkeyStub: translateCommand: touch move 614 1061
10-30 10:04:45.827  2588  2588 D MonkeyStub: translateCommand: touch move 614 937
10-30 10:04:45.932  2588  2588 D MonkeyStub: translateCommand: touch move 614 812
10-30 10:04:46.038  2588  2588 D MonkeyStub: translateCommand: touch move 614 687
10-30 10:04:46.153  2588  2588 D MonkeyStub: translateCommand: touch move 614 562
10-30 10:04:46.265  2588  2588 D MonkeyStub: translateCommand: touch move 614 437
10-30 10:04:46.378  2588  2588 D MonkeyStub: translateCommand: touch move 614 312
10-30 10:04:46.388  2588  2588 D MonkeyStub: translateCommand: touch up 614 312
10-30 10:04:51.610  2588  2588 D MonkeyStub: translateCommand: touch down 614 1561
10-30 10:04:51.623  2588  2588 D MonkeyStub: translateCommand: touch move 614 1561
10-30 10:04:51.732  2588  2588 D MonkeyStub: translateCommand: touch move 614 1436
10-30 10:04:51.841  2588  2588 D MonkeyStub: translateCommand: touch move 614 1311
10-30 10:04:51.951  2588  2588 D MonkeyStub: translateCommand: touch move 614 1186
10-30 10:04:52.066  2588  2588 D MonkeyStub: translateCommand: touch move 614 1061
10-30 10:04:52.176  2588  2588 D MonkeyStub: translateCommand: touch move 614 937
10-30 10:04:52.282  2588  2588 D MonkeyStub: translateCommand: touch move 614 812
10-30 10:04:52.387  2588  2588 D MonkeyStub: translateCommand: touch move 614 687
10-30 10:04:52.494  2588  2588 D MonkeyStub: translateCommand: touch move 614 562
10-30 10:04:52.604  2588  2588 D MonkeyStub: translateCommand: touch move 614 437
10-30 10:04:52.710  2588  2588 D MonkeyStub: translateCommand: touch move 614 312
10-30 10:04:52.733  2588  2588 D MonkeyStub: translateCommand: touch up 614 312
10-30 10:04:54.895  2588  2588 D MonkeyStub: Quit requested
10-30 10:04:54.948   600   614 I CwMcuSensor: CwMcuSensor::flush: fd = 241, sensors_id = 0, path = /sys/class/htc_sensorhub/sensor_hub/flush, err = 0
10-30 10:04:54.950  2588  2588 I art     : System.exit called, status: 84
10-30 10:04:54.950  2588  2588 I AndroidRuntime: VM exiting with result code 84.
10-30 10:04:54.977   600  3994 W WindowManager: Attempted to remove non-existing token: android.os.Binder@aee1c9a
10-30 10:05:03.558   246   273 D NuPlayerDriver: reset(0xf0220b40) at state 4
10-30 10:05:03.558   246   273 D NuPlayerDriver: notifyListener_l(0xf0220b40), (8, 0, 0), loop setting(0, 0)
10-30 10:05:03.559   246  2556 D NuPlayerDriver: notifyResetComplete(0xf0220b40)
10-30 10:05:11.034  2692  2692 D AndroidRuntime: >>>>>> START com.android.internal.os.RuntimeInit uid 2000 <<<<<<
10-30 10:05:11.038  2692  2692 D AndroidRuntime: CheckJNI is OFF
10-30 10:05:11.101  2692  2692 D ICU     : No timezone override file found: /data/misc/zoneinfo/current/icu/icu_tzdata.dat
10-30 10:05:11.130  2692  2692 I Radio-JNI: register_android_hardware_Radio DONE
10-30 10:05:11.146  2692  2692 D AndroidRuntime: Calling main entry com.android.commands.am.Am
10-30 10:05:11.161   600 13631 I ActivityManager: Force stopping com.opera.browser appid=10122 user=0: from pid 2692
10-30 10:05:11.161   600 13631 I ActivityManager: Killing 2217:com.opera.browser:privileged_process0/u0a122 (adj 0): stop com.opera.browser
10-30 10:05:11.162   600 13631 D ActivityManager: cleanUpApplicationRecord -- 2217
10-30 10:05:11.162   600 13631 W ActivityManager: Scheduling restart of crashed service com.opera.browser/com.opera.android.browser.chromium.services.PrivilegedProcessService0 in 1000ms
10-30 10:05:11.162   600 13631 I ActivityManager: Killing 2071:com.opera.browser/u0a122 (adj 0): stop com.opera.browser
10-30 10:05:11.162   600 13631 D ActivityManager: cleanUpApplicationRecord -- 2071
10-30 10:05:11.165   600 13631 W ActivityManager: Force removing ActivityRecord{5a389c8 u0 com.opera.browser/com.opera.android.BrowserActivity t1516}: app died, no saved state
10-30 10:05:11.178  2497  2497 I art     : System.exit called, status: 0
10-30 10:05:11.179  2497  2497 I AndroidRuntime: VM exiting with result code 0, cleanup skipped.
10-30 10:05:11.192   600 13631 I ActivityManager: Killing 2497:com.opera.browser:sandboxed_process0/u0a122 (adj 0): stop com.opera.browser
10-30 10:05:11.192   600 13631 D ActivityManager: cleanUpApplicationRecord -- 2497
10-30 10:05:11.203  2692  2692 D AndroidRuntime: Shutting down VM
10-30 10:05:11.211  1084  1171 I OpenGLRenderer: Initialized EGL, version 1.4
10-30 10:05:11.211  1084  1171 D OpenGLRenderer: Swap behavior 2
10-30 10:05:11.240 17059 17059 I MemoryTrimmer: Trimming objects from memory, since app is in the background.
10-30 10:05:11.263  1061  1061 D RegisteredNfcFServicesCache: Service unchanged, not updating
10-30 10:05:11.327 17059 18173 I AttachedClient: Adding client event 2 to pending list.
10-30 10:05:11.337 17059 17059 I OptInState: There is a new client and it does not support opt-in. Dropping request.
10-30 10:05:11.350 17059 17059 I MicroDetectionWorker: Micro detection mode: [mDetectionMode: [1]].
10-30 10:05:11.388 17059  2709 I MicroRecognitionRunner: Starting detection.
10-30 10:05:11.398 17059 22042 I MicrophoneInputStream: mic_starting com.google.android.apps.gsa.speech.audio.ae@3fe0077
10-30 10:05:11.404   238   285 I SoundTriggerHwService::Module: void android::SoundTriggerHwService::Module::onCallbackEvent(const sp<android::SoundTriggerHwService::CallbackEvent> &) mClient == 0
10-30 10:05:11.448   238  2712 I AudioFlinger: AudioFlinger's thread 0xef692e80 ready to run
10-30 10:05:11.451 17059 22042 I MicrophoneInputStream: mic_started com.google.android.apps.gsa.speech.audio.ae@3fe0077
10-30 10:05:11.499   600  1076 D ConnectivityService: ConnectivityService NetworkRequestInfo binderDied(NetworkRequest [ LISTEN id=651, [ Capabilities: INTERNET&NOT_RESTRICTED&TRUSTED&FOREGROUND] ], android.os.BinderProxy@4088452)
10-30 10:05:11.499   600  1076 D ConnectivityService: ConnectivityService NetworkRequestInfo binderDied(NetworkRequest [ LISTEN id=652, [ Capabilities: INTERNET&NOT_RESTRICTED&TRUSTED&FOREGROUND] ], android.os.BinderProxy@95d8323)
10-30 10:05:11.499   600  1076 D GraphicsStats: Buffer count: 2
10-30 10:05:11.500   600   649 E ConnectivityService: RemoteException caught trying to send a callback msg for NetworkRequest [ LISTEN id=651, [ Capabilities: INTERNET&NOT_RESTRICTED&TRUSTED&FOREGROUND] ]
10-30 10:05:11.501   600   649 E ConnectivityService: RemoteException caught trying to send a callback msg for NetworkRequest [ LISTEN id=652, [ Capabilities: INTERNET&NOT_RESTRICTED&TRUSTED&FOREGROUND] ]
10-30 10:05:11.626 17059 17059 I MicroDetectionWorker: onReady
10-30 10:05:11.697  2706  2706 D AndroidRuntime: >>>>>> START com.android.internal.os.RuntimeInit uid 2000 <<<<<<
10-30 10:05:11.700  2706  2706 D AndroidRuntime: CheckJNI is OFF
10-30 10:05:11.758  1084  1171 W OpenGLRenderer: Incorrectly called buildLayer on View: ShortcutAndWidgetContainer, destroying layer...
10-30 10:05:11.767  2706  2706 D ICU     : No timezone override file found: /data/misc/zoneinfo/current/icu/icu_tzdata.dat
10-30 10:05:11.798  2706  2706 I Radio-JNI: register_android_hardware_Radio DONE
10-30 10:05:11.813  2706  2706 D AndroidRuntime: Calling main entry com.android.commands.pm.Pm
10-30 10:05:11.826   600  3509 I ActivityManager: Force stopping com.opera.browser appid=10122 user=0: clear data
10-30 10:05:11.828   600   613 I ActivityManager: Force stopping com.opera.browser appid=10122 user=-1: clearApplicationUserData
10-30 10:05:11.862   787   787 I GeofencerStateMachine: removeGeofences: removeRequest=RemoveGeofencingRequest[REMOVE_ALL packageName=com.opera.browser]
10-30 10:05:11.872  2706  2706 I art     : System.exit called, status: 0
10-30 10:05:11.872  2706  2706 I AndroidRuntime: VM exiting with result code 0.
10-30 10:05:11.873  1061  1061 D RegisteredNfcFServicesCache: Service unchanged, not updating
10-30 10:05:11.888   787  2729 I Fitness : FitCleanupIntentOperation received Intent android.intent.action.PACKAGE_DATA_CLEARED [CONTEXT service_id=17 ]
10-30 10:05:11.889   600   612 W ResourceType: No known package when getting value for resource number 0x7f100007
10-30 10:05:11.889   600   612 W ResourceType: No known package when getting value for resource number 0x7f13090c
10-30 10:05:11.889   600   612 W ResourceType: No known package when getting value for resource number 0x7f100005
10-30 10:05:11.889   600   612 W ResourceType: No known package when getting value for resource number 0x7f13090a
10-30 10:05:11.889   600   612 W ResourceType: No known package when getting value for resource number 0x7f100004
10-30 10:05:11.890   600   612 W ResourceType: No known package when getting value for resource number 0x7f130909
10-30 10:05:11.890   600   612 W ResourceType: No known package when getting value for resource number 0x7f100006
10-30 10:05:11.890   600   612 W ResourceType: No known package when getting value for resource number 0x7f13090b
10-30 10:05:11.915 11473 27436 I Icing   : doRemovePackageData com.opera.browser
