--------- beginning of main
10-31 08:16:55.433   787   787 W GCM     : broadcast intent callback: result=CANCELLED forIntent { act=com.google.android.c2dm.intent.RECEIVE pkg=com.opera.browser (has extras) }
10-31 08:16:55.573 19367 19367 D AndroidRuntime: >>>>>> START com.android.internal.os.RuntimeInit uid 2000 <<<<<<
10-31 08:16:55.577 19367 19367 D AndroidRuntime: CheckJNI is OFF
10-31 08:16:55.641 19367 19367 D ICU     : No timezone override file found: /data/misc/zoneinfo/current/icu/icu_tzdata.dat
10-31 08:16:55.669 19367 19367 I Radio-JNI: register_android_hardware_Radio DONE
10-31 08:16:55.684 19367 19367 D AndroidRuntime: Calling main entry com.android.commands.am.Am
--------- beginning of system
10-31 08:16:55.701   600   707 I ActivityManager: Force stopping com.opera.browser appid=10122 user=0: from pid 19367
10-31 08:16:55.710  1061  1061 D RegisteredNfcFServicesCache: Service unchanged, not updating
10-31 08:16:55.957   600  3509 I ActivityManager: START u0 {act=android.intent.action.VIEW flg=0x10008000 cmp=com.opera.browser/com.opera.Opera} from uid 2000 on display 0
10-31 08:16:55.993 19367 19367 D AndroidRuntime: Shutting down VM
10-31 08:16:56.035   600 27731 I ActivityManager: Start proc 19379:com.opera.browser/u0a122 for activity com.opera.browser/com.opera.Opera
10-31 08:16:56.174 19379 19379 I art     : Starting a blocking GC AddRemoveAppImageSpace
10-31 08:16:56.239 19379 19379 I LoadedApk: No resource references to update in package com.opera.browser.nord_vpn
10-31 08:16:56.387 19379 19389 I art     : Background partial concurrent mark sweep GC freed 8303(436KB) AllocSpace objects, 2(40KB) LOS objects, 39% free, 3MB/5MB, paused 5.252ms total 71.575ms
10-31 08:16:56.415 19379 19379 I art     : Rejecting re-init on previously-failed class java.lang.Class<com.opera.android.job.a$j>: java.lang.NoClassDefFoundError: Failed resolution of: Landroid/app/job/JobServiceEngine;
10-31 08:16:56.415 19379 19379 I art     :   at void com.opera.android.OperaApplication.onCreate() (SourceFile:52)
10-31 08:16:56.415 19379 19379 I art     :   at void android.app.Instrumentation.callApplicationOnCreate(android.app.Application) (Instrumentation.java:1024)
10-31 08:16:56.415 19379 19379 I art     :   at void android.app.ActivityThread.handleBindApplication(android.app.ActivityThread$AppBindData) (ActivityThread.java:5403)
10-31 08:16:56.415 19379 19379 I art     :   at void android.app.ActivityThread.-wrap2(android.app.ActivityThread, android.app.ActivityThread$AppBindData) (ActivityThread.java:-1)
10-31 08:16:56.415 19379 19379 I art     :   at void android.app.ActivityThread$H.handleMessage(android.os.Message) (ActivityThread.java:1545)
10-31 08:16:56.415 19379 19379 I art     :   at void android.os.Handler.dispatchMessage(android.os.Message) (Handler.java:102)
10-31 08:16:56.415 19379 19379 I art     :   at void android.os.Looper.loop() (Looper.java:154)
10-31 08:16:56.415 19379 19379 I art     :   at void android.app.ActivityThread.main(java.lang.String[]) (ActivityThread.java:6119)
10-31 08:16:56.415 19379 19379 I art     :   at java.lang.Object java.lang.reflect.Method.invoke!(java.lang.Object, java.lang.Object[]) (Method.java:-2)
10-31 08:16:56.415 19379 19379 I art     :   at void com.android.internal.os.ZygoteInit$MethodAndArgsCaller.run() (ZygoteInit.java:886)
10-31 08:16:56.415 19379 19379 I art     :   at void com.android.internal.os.ZygoteInit.main(java.lang.String[]) (ZygoteInit.java:776)
10-31 08:16:56.415 19379 19379 I art     : Caused by: java.lang.ClassNotFoundException: Didn't find class "android.app.job.JobServiceEngine" on path: DexPathList[[zip file "/data/app/com.opera.browser-1/base.apk"],nativeLibraryDirectories=[/data/app/com.opera.browser-1/lib/arm, /data/app/com.opera.browser-1/base.apk!/lib/armeabi-v7a, /system/lib, /vendor/lib]]
10-31 08:16:56.415 19379 19379 I art     :   at java.lang.Class dalvik.system.BaseDexClassLoader.findClass(java.lang.String) (BaseDexClassLoader.java:56)
10-31 08:16:56.415 19379 19379 I art     :   at java.lang.Class java.lang.ClassLoader.loadClass(java.lang.String, boolean) (ClassLoader.java:380)
10-31 08:16:56.415 19379 19379 I art     :   at java.lang.Class java.lang.ClassLoader.loadClass(java.lang.String) (ClassLoader.java:312)
10-31 08:16:56.415 19379 19379 I art     :   at void com.opera.android.OperaApplication.onCreate() (SourceFile:52)
10-31 08:16:56.415 19379 19379 I art     :   at void android.app.Instrumentation.callApplicationOnCreate(android.app.Application) (Instrumentation.java:1024)
10-31 08:16:56.415 19379 19379 I art     :   at void android.app.ActivityThread.handleBindApplication(android.app.ActivityThread$AppBindData) (ActivityThread.java:5403)
10-31 08:16:56.415 19379 19379 I art     :   at void android.app.ActivityThread.-wrap2(android.app.ActivityThread, android.app.ActivityThread$AppBindData) (ActivityThread.java:-1)
10-31 08:16:56.416 19379 19379 I art     :   at void android.app.ActivityThread$H.handleMessage(android.os.Message) (ActivityThread.java:1545)
10-31 08:16:56.416 19379 19379 I art     :   at void android.os.Handler.dispatchMessage(android.os.Message) (Handler.java:102)
10-31 08:16:56.416 19379 19379 I art     :   at void android.os.Looper.loop() (Looper.java:154)
10-31 08:16:56.416 19379 19379 I art     :   at void android.app.ActivityThread.main(java.lang.String[]) (ActivityThread.java:6119)
10-31 08:16:56.416 19379 19379 I art     :   at java.lang.Object java.lang.reflect.Method.invoke!(java.lang.Object, java.lang.Object[]) (Method.java:-2)
10-31 08:16:56.416 19379 19379 I art     :   at void com.android.internal.os.ZygoteInit$MethodAndArgsCaller.run() (ZygoteInit.java:886)
10-31 08:16:56.416 19379 19379 I art     :   at void com.android.internal.os.ZygoteInit.main(java.lang.String[]) (ZygoteInit.java:776)
10-31 08:16:56.416 19379 19379 I art     : 
10-31 08:16:56.424 19379 19417 D NetworkSecurityConfig: Using Network Security Config from resource network_security_config_official_build debugBuild: false
10-31 08:16:56.614 19379 19389 W art     : Suspending all threads took: 5.476ms
10-31 08:16:56.638 19379 19389 I art     : Background sticky concurrent mark sweep GC freed 21088(1293KB) AllocSpace objects, 9(180KB) LOS objects, 14% free, 5MB/5MB, paused 7.366ms total 81.329ms
10-31 08:16:56.693   600 24611 I ActivityManager: START u0 {act=android.intent.action.VIEW flg=0x10008000 cmp=com.opera.browser/com.opera.android.startup.WelcomeActivity} from uid 10122 on display 0
10-31 08:16:56.712   600  3507 W ActivityManager: Duplicate finish request for ActivityRecord{fb5c179 u0 com.opera.browser/com.opera.Opera t2209 f}
10-31 08:16:56.903 19379 19389 W art     : Suspending all threads took: 18.954ms
10-31 08:16:57.029 19379 19389 I art     : Background sticky concurrent mark sweep GC freed 12279(1535KB) AllocSpace objects, 11(220KB) LOS objects, 0% free, 6MB/6MB, paused 22.289ms total 249.118ms
10-31 08:16:57.029   600   609 I art     : Background partial concurrent mark sweep GC freed 60679(2MB) AllocSpace objects, 15(348KB) LOS objects, 33% free, 16MB/24MB, paused 1.862ms total 250.838ms
10-31 08:16:57.095 19379 19492 I OpenGLRenderer: Initialized EGL, version 1.4
10-31 08:16:57.095 19379 19492 D OpenGLRenderer: Swap behavior 2
10-31 08:16:57.148 19379 19436 I FA      : App measurement initialized, version: 43042
10-31 08:16:57.148 19379 19436 I FA      : To enable debug logging run: adb shell setprop log.tag.FA VERBOSE
10-31 08:16:57.148 19379 19436 I FA      : To enable faster debug mode event logging run:
10-31 08:16:57.148 19379 19436 I FA      :   adb shell setprop debug.firebase.analytics.app com.opera.browser
10-31 08:16:57.320   600   620 I ActivityManager: Displayed com.opera.browser/com.opera.android.startup.WelcomeActivity: +589ms (total +1s327ms)
10-31 08:16:57.488 19379 19512 W chromium: [WARNING:op_site_scripts.cc(424)] Failed to map /data/user/0/com.opera.browser/app_opera/sjs
10-31 08:16:57.501   600  9614 I ActivityManager: Start proc 19518:com.opera.browser:privileged_process0/u0a122 for service com.opera.browser/com.opera.android.browser.chromium.services.PrivilegedProcessService0
10-31 08:16:57.524   600   620 W WindowManager: Failed looking up window
10-31 08:16:57.524   600   620 W WindowManager: java.lang.IllegalArgumentException: Requested window android.view.ViewRootImpl$W@9159796 does not exist
10-31 08:16:57.524   600   620 W WindowManager: 	at com.android.server.wm.WindowManagerService.windowForClientLocked(WindowManagerService.java:9422)
10-31 08:16:57.524   600   620 W WindowManager: 	at com.android.server.wm.WindowManagerService.windowForClientLocked(WindowManagerService.java:9413)
10-31 08:16:57.524   600   620 W WindowManager: 	at com.android.server.wm.WindowManagerService.removeWindow(WindowManagerService.java:2393)
10-31 08:16:57.524   600   620 W WindowManager: 	at com.android.server.wm.Session.remove(Session.java:202)
10-31 08:16:57.524   600   620 W WindowManager: 	at android.view.ViewRootImpl.dispatchDetachedFromWindow(ViewRootImpl.java:3290)
10-31 08:16:57.524   600   620 W WindowManager: 	at android.view.ViewRootImpl.doDie(ViewRootImpl.java:5917)
10-31 08:16:57.524   600   620 W WindowManager: 	at android.view.ViewRootImpl$ViewRootHandler.handleMessage(ViewRootImpl.java:3626)
10-31 08:16:57.524   600   620 W WindowManager: 	at android.os.Handler.dispatchMessage(Handler.java:102)
10-31 08:16:57.524   600   620 W WindowManager: 	at android.os.Looper.loop(Looper.java:154)
10-31 08:16:57.524   600   620 W WindowManager: 	at android.os.HandlerThread.run(HandlerThread.java:61)
10-31 08:16:57.524   600   620 W WindowManager: 	at com.android.server.ServiceThread.run(ServiceThread.java:46)
10-31 08:16:57.580 19518 19518 I art     : Starting a blocking GC AddRemoveAppImageSpace
10-31 08:16:57.609 19518 19518 I LoadedApk: No resource references to update in package com.opera.browser.nord_vpn
10-31 08:16:57.734 19518 19538 E libEGL  : validate_display:99 error 3008 (EGL_BAD_DISPLAY)
10-31 08:16:57.839 23104 23104 I MemoryTrimmer: Trimming objects from memory, since app is in the background.
10-31 08:16:57.842 23104 23174 W SearchService: Abort, client detached.
10-31 08:16:57.854  1084  1084 I MemoryTrimmer: Trimming objects from memory, since app is in the background.
10-31 08:16:57.867 23104 19271 I DeviceStateChecker: DeviceStateChecker cancelled
10-31 08:16:57.868 23104 23104 I MicroDetector: Keeping mic open: false
10-31 08:16:57.868 23104 22563 I AudioController: internalShutdown
10-31 08:16:57.868 23104 22563 I MicrophoneInputStream: mic_close com.google.android.apps.gsa.speech.audio.ae@d8092a5
10-31 08:16:57.873 23104 23198 I MicroRecognitionRunner: Stopping hotword detection.
10-31 08:16:57.892   238   285 I SoundTriggerHwService::Module: void android::SoundTriggerHwService::Module::onCallbackEvent(const sp<android::SoundTriggerHwService::CallbackEvent> &) mClient == 0
10-31 08:16:57.916 19518 19538 E libEGL  : validate_display:99 error 3008 (EGL_BAD_DISPLAY)
10-31 08:16:57.986 23104 19270 I MicroRecognitionRunner: Detection finished
10-31 08:16:57.992 23104 23104 I MemoryTrimmer: Trimming objects from memory, since app is in the background.
10-31 08:16:58.065 19379 19436 I FA      : Tag Manager is not found and thus will not be used
10-31 08:16:58.232   787 19566 W NetworkScheduler: Error inserting service_kind=0 source=16 tag=Measurement.PackageMeasurementTaskService.UPLOAD_TASK_TAG target_package=com.google.android.gms requires_charging=0 source_version=203915000 required_network_type=0 flex_time=3296000 persistence_level=1 target_class=com.google.android.gms.measurement.PackageMeasurementTaskService runtime=1667200618223 retry_strategy={"maximum_backoff_seconds":{"3600":0},"initial_backoff_seconds":{"30":0},"retry_policy":{"0":0}} preferred_network_type=1 required_idleness_state=0 preferred_charging_state=1 period=6594000 last_runtime=0 task_type=0 job_id=-1 user_id=0, error message: UNIQUE constraint failed: pending_ops.tag, pending_ops.target_class, pending_ops.target_package, pending_ops.user_id (code 2067) [CONTEXT service_id=218 ]
10-31 08:16:58.258   787 13372 W NetworkScheduler: Error inserting service_kind=0 source=16 tag=Measurement.PackageMeasurementTaskService.UPLOAD_TASK_TAG target_package=com.google.android.gms requires_charging=0 source_version=203915000 required_network_type=0 flex_time=3296000 persistence_level=1 target_class=com.google.android.gms.measurement.PackageMeasurementTaskService runtime=1667200618256 retry_strategy={"maximum_backoff_seconds":{"3600":0},"initial_backoff_seconds":{"30":0},"retry_policy":{"0":0}} preferred_network_type=1 required_idleness_state=0 preferred_charging_state=1 period=6594000 last_runtime=0 task_type=0 job_id=-1 user_id=0, error message: UNIQUE constraint failed: pending_ops.tag, pending_ops.target_class, pending_ops.target_package, pending_ops.user_id (code 2067) [CONTEXT service_id=218 ]
10-31 08:16:58.283   787 19566 W NetworkScheduler: Error inserting service_kind=0 source=16 tag=Measurement.PackageMeasurementTaskService.UPLOAD_TASK_TAG target_package=com.google.android.gms requires_charging=0 source_version=203915000 required_network_type=0 flex_time=3296000 persistence_level=1 target_class=com.google.android.gms.measurement.PackageMeasurementTaskService runtime=1667200618281 retry_strategy={"maximum_backoff_seconds":{"3600":0},"initial_backoff_seconds":{"30":0},"retry_policy":{"0":0}} preferred_network_type=1 required_idleness_state=0 preferred_charging_state=1 period=6594000 last_runtime=0 task_type=0 job_id=-1 user_id=0, error message: UNIQUE constraint failed: pending_ops.tag, pending_ops.target_class, pending_ops.target_package, pending_ops.user_id (code 2067) [CONTEXT service_id=218 ]
10-31 08:17:01.914 19379 19379 I PlayCore: UID: [10122]  PID: [19379] AppUpdateListenerRegistry : registerListener
10-31 08:17:01.916 19379 19379 I PlayCore: UID: [10122]  PID: [19379] AppUpdateService : requestUpdateInfo(com.opera.browser)
10-31 08:17:01.919 19379 19595 I PlayCore: UID: [10122]  PID: [19379] AppUpdateService : Initiate binding to the service.
10-31 08:17:01.920   600   611 W ActivityManager: Unable to start service Intent { act=com.google.android.play.core.install.BIND_UPDATE_SERVICE pkg=com.android.vending } U=0: not found
10-31 08:17:01.923 19379 19595 I PlayCore: UID: [10122]  PID: [19379] AppUpdateService : Failed to bind to the service.
10-31 08:17:01.984 19379 19597 D ApplicationLoaders: ignored Vulkan layer search path /data/app/com.google.android.gms-1/lib/arm:/data/app/com.google.android.gms-1/base.apk!/lib/armeabi-v7a:/data/app/com.google.android.gms-1/split_config.en.apk!/lib/armeabi-v7a for namespace 0xf4a3b090
10-31 08:17:02.005 19379 19597 W ResourceType: ResTable_typeSpec entry count inconsistent: given 67, previously 69
10-31 08:17:02.005 19379 19597 W ResourceType: ResTable_typeSpec entry count inconsistent: given 5346, previously 5347
10-31 08:17:02.235   600   612 D SyncManager: failed sync operation JobId: 100983, com.opera.browser u0 (com.opera.browser.ping), com.opera.browser.ping.provider, SERVER, reason: 10122, SyncResult: delayUntil: 1667207822 stats [ numIoExceptions: 1]
10-31 08:17:07.985 23104 23104 I MemoryTrimmer: Trimming objects from memory, since app is in the background.
10-31 08:17:08.431 19621 19621 D AndroidRuntime: >>>>>> START com.android.internal.os.RuntimeInit uid 2000 <<<<<<
10-31 08:17:08.434 19621 19621 D AndroidRuntime: CheckJNI is OFF
10-31 08:17:08.498 19621 19621 D ICU     : No timezone override file found: /data/misc/zoneinfo/current/icu/icu_tzdata.dat
10-31 08:17:08.530 19621 19621 I Radio-JNI: register_android_hardware_Radio DONE
10-31 08:17:08.545 19621 19621 D AndroidRuntime: Calling main entry com.android.commands.monkey.Monkey
10-31 08:17:08.617   600   613 W BroadcastQueue: Skipping deliver [background] BroadcastRecord{104fc7f u-1 android.net.conn.CONNECTIVITY_CHANGE} to ReceiverList{d48644c 19621 (unknown name)/2000/u-1 remote:9f58bd9}: process crashing
10-31 08:17:10.137 19621 19621 D MonkeyStub: translateCommand: wake
10-31 08:17:10.242 19621 19621 D MonkeyStub: translateCommand: tap 960 1881
10-31 08:17:10.322   600 27731 I ActivityManager: START u0 {act=android.intent.action.VIEW flg=0x1000000 cmp=com.opera.browser/com.opera.android.IntentDispatcherActivity} from uid 10122 on display 0
10-31 08:17:10.532   600 13558 I ActivityManager: START u0 {act=android.intent.action.VIEW flg=0x15002000 cmp=com.opera.browser/com.opera.android.BrowserActivity} from uid 10122 on display 0
10-31 08:17:10.533  1084  1171 I OpenGLRenderer: Initialized EGL, version 1.4
10-31 08:17:10.533  1084  1171 D OpenGLRenderer: Swap behavior 2
10-31 08:17:10.640   600   609 I art     : Background partial concurrent mark sweep GC freed 42081(2MB) AllocSpace objects, 44(1416KB) LOS objects, 33% free, 16MB/24MB, paused 3.685ms total 150.935ms
10-31 08:17:10.715 19379 19389 I art     : Background partial concurrent mark sweep GC freed 22447(1853KB) AllocSpace objects, 33(708KB) LOS objects, 39% free, 7MB/11MB, paused 5.006ms total 62.564ms
10-31 08:17:10.848  1084  1084 I MemoryTrimmer: Trimming objects from memory, since app is in the background.
10-31 08:17:10.879 19379 19671 W ResourceType: ResTable_typeSpec entry count inconsistent: given 67, previously 69
10-31 08:17:10.879 19379 19671 W ResourceType: ResTable_typeSpec entry count inconsistent: given 5346, previously 5347
10-31 08:17:11.098   600   620 I ActivityManager: Displayed com.opera.browser/com.opera.android.BrowserActivity: +533ms (total +629ms)
10-31 08:17:11.099   600 29683 I CwMcuSensor: CwMcuSensor::flush: fd = 252, sensors_id = 0, path = /sys/class/htc_sensorhub/sensor_hub/flush, err = 0
10-31 08:17:11.150 19379 19492 D OpenGLRenderer: endAllActiveAnimators on 0xd1b04f80 (RippleDrawable) with handle 0xd3840780
10-31 08:17:11.190 19379 19667 E [Leanplum][ERROR]: No variable values were received from the server. Please contact us to investigate.
10-31 08:17:11.211 19379 19389 I art     : Background sticky concurrent mark sweep GC freed 48477(3MB) AllocSpace objects, 43(860KB) LOS objects, 34% free, 7MB/11MB, paused 5.931ms total 136.443ms
10-31 08:17:11.442 19379 19687 W ResourceType: ResTable_typeSpec entry count inconsistent: given 67, previously 69
10-31 08:17:11.442 19379 19687 W ResourceType: ResTable_typeSpec entry count inconsistent: given 5346, previously 5347
10-31 08:17:11.681 19379 19384 I art     : Do partial code cache collection, code=18KB, data=30KB
10-31 08:17:11.681 19379 19384 I art     : After code cache collection, code=18KB, data=30KB
10-31 08:17:11.681 19379 19384 I art     : Increasing code cache capacity to 128KB
10-31 08:17:11.741 19379 19714 W ResourceType: ResTable_typeSpec entry count inconsistent: given 67, previously 69
10-31 08:17:11.741 19379 19714 W ResourceType: ResTable_typeSpec entry count inconsistent: given 5346, previously 5347
10-31 08:17:11.792 19379 19379 I Choreographer: Skipped 37 frames!  The application may be doing too much work on its main thread.
10-31 08:17:11.967 19379 19379 W View    : requestLayout() improperly called by com.opera.android.custom_views.FadingRecyclerView{780a608 VFED.V... ......ID 0,813-1536,813 #7f0a0825 app:id/suggested_dials_grid} during layout: running second layout pass
10-31 08:17:12.102 19379 19389 I art     : Background sticky concurrent mark sweep GC freed 40688(2MB) AllocSpace objects, 22(440KB) LOS objects, 20% free, 11MB/13MB, paused 3.788ms total 106.455ms
10-31 08:17:12.327   787 19137 W NetworkScheduler: Error inserting service_kind=0 source=16 tag=Measurement.PackageMeasurementTaskService.UPLOAD_TASK_TAG target_package=com.google.android.gms requires_charging=0 source_version=203915000 required_network_type=0 flex_time=3282000 persistence_level=1 target_class=com.google.android.gms.measurement.PackageMeasurementTaskService runtime=1667200632321 retry_strategy={"maximum_backoff_seconds":{"3600":0},"initial_backoff_seconds":{"30":0},"retry_policy":{"0":0}} preferred_network_type=1 required_idleness_state=0 preferred_charging_state=1 period=6566000 last_runtime=0 task_type=0 job_id=-1 user_id=0, error message: UNIQUE constraint failed: pending_ops.tag, pending_ops.target_class, pending_ops.target_package, pending_ops.user_id (code 2067) [CONTEXT service_id=218 ]
10-31 08:17:12.486   787 19139 W NetworkScheduler: Error inserting service_kind=0 source=16 tag=Measurement.PackageMeasurementTaskService.UPLOAD_TASK_TAG target_package=com.google.android.gms requires_charging=0 source_version=203915000 required_network_type=0 flex_time=3282000 persistence_level=1 target_class=com.google.android.gms.measurement.PackageMeasurementTaskService runtime=1667200632472 retry_strategy={"maximum_backoff_seconds":{"3600":0},"initial_backoff_seconds":{"30":0},"retry_policy":{"0":0}} preferred_network_type=1 required_idleness_state=0 preferred_charging_state=1 period=6565000 last_runtime=0 task_type=0 job_id=-1 user_id=0, error message: UNIQUE constraint failed: pending_ops.tag, pending_ops.target_class, pending_ops.target_package, pending_ops.user_id (code 2067) [CONTEXT service_id=218 ]
10-31 08:17:12.873 19741 19741 I dex2oat : /system/bin/dex2oat --dex-file=/data/user/0/com.opera.browser/code_cache/.       --oat-fd=194 --oat-location=/data/user/0/com.opera.browser/code_cache/.     --compiler-filter=speed
10-31 08:17:12.996 19379 19379 E Sensors : sendAck failure -1 1
10-31 08:17:12.996 19379 19379 E Sensors : sendAck failure -1 2
10-31 08:17:12.996 19379 19379 E Sensors : sendAck failure -1 3
10-31 08:17:12.996 19379 19379 E Sensors : sendAck failure -1 4
10-31 08:17:12.996 19379 19379 E Sensors : sendAck failure -1 5
10-31 08:17:12.996 19379 19379 E Sensors : sendAck failure -1 6
10-31 08:17:12.996 19379 19379 E Sensors : sendAck failure -1 7
10-31 08:17:12.996 19379 19379 E Sensors : sendAck failure -1 8
10-31 08:17:12.996 19379 19379 E Sensors : sendAck failure -1 9
10-31 08:17:12.996 19379 19379 E Sensors : sendAck failure -1 10
10-31 08:17:12.996 19379 19379 E Sensors : sendAck failure -1 11
10-31 08:17:12.996 19379 19379 E Sensors : sendAck failure -1 12
10-31 08:17:12.996 19379 19379 E Sensors : sendAck failure -1 13
10-31 08:17:12.996 19379 19379 E Sensors : sendAck failure -1 14
10-31 08:17:12.996 19379 19379 E Sensors : sendAck failure -1 15
10-31 08:17:12.996 19379 19379 E Sensors : sendAck failure -1 16
10-31 08:17:12.996 19379 19379 E Sensors : sendAck failure -1 17
10-31 08:17:12.996 19379 19379 E Sensors : sendAck failure -1 18
10-31 08:17:12.996 19379 19379 E Sensors : sendAck failure -1 19
10-31 08:17:12.996 19379 19379 E Sensors : sendAck failure -1 20
10-31 08:17:12.996 19379 19379 E Sensors : sendAck failure -1 21
10-31 08:17:12.996 19379 19379 E Sensors : sendAck failure -1 22
10-31 08:17:12.996 19379 19379 E Sensors : sendAck failure -1 23
10-31 08:17:12.996 19379 19379 E Sensors : sendAck failure -1 24
10-31 08:17:12.996 19379 19379 E Sensors : sendAck failure -1 25
10-31 08:17:12.996 19379 19379 E Sensors : sendAck failure -1 26
10-31 08:17:12.996 19379 19379 E Sensors : sendAck failure -1 27
10-31 08:17:12.996 19379 19379 E Sensors : sendAck failure -1 28
10-31 08:17:12.996 19379 19379 E Sensors : sendAck failure -1 29
10-31 08:17:12.996 19379 19379 E Sensors : sendAck failure -1 30
10-31 08:17:13.082 19379 19389 I art     : Background sticky concurrent mark sweep GC freed 33990(3MB) AllocSpace objects, 37(1028KB) LOS objects, 22% free, 13MB/16MB, paused 5.711ms total 202.080ms
10-31 08:17:13.378 19741 19741 I dex2oat : dex2oat took 511.275ms (threads: 2) arena alloc=432KB (442800B) java alloc=32KB (33064B) native alloc=354KB (362688B) free=1181KB (1210176B)
10-31 08:17:13.462 19379 19384 I art     : Do partial code cache collection, code=36KB, data=61KB
10-31 08:17:13.468 19379 19384 I art     : After code cache collection, code=36KB, data=61KB
10-31 08:17:13.469 19379 19384 I art     : Increasing code cache capacity to 256KB
10-31 08:17:13.672 19379 19389 I art     : Background partial concurrent mark sweep GC freed 68315(4MB) AllocSpace objects, 25(1752KB) LOS objects, 40% free, 14MB/23MB, paused 3.907ms total 295.400ms
10-31 08:17:13.716 19755 19755 I dex2oat : /system/bin/dex2oat --dex-file=/data/user/0/com.opera.browser/code_cache/.   ​  --oat-fd=39 --oat-location=/data/user/0/com.opera.browser/code_cache/.    --compiler-filter=speed
10-31 08:17:14.006 19755 19755 I dex2oat : dex2oat took 292.792ms (threads: 2) arena alloc=672KB (689096B) java alloc=120KB (123880B) native alloc=524KB (536576B) free=1524KB (1560576B)
10-31 08:17:14.295 19621 19621 D MonkeyStub: translateCommand: tap 57 93
10-31 08:17:16.464 19621 19621 D MonkeyStub: translateCommand: tap 57 93
10-31 08:17:18.717 19621 19621 D MonkeyStub: translateCommand: tap 446 593
10-31 08:17:20.976 19621 19621 D MonkeyStub: translateCommand: tap 667 302
10-31 08:17:21.157 19379 19384 I art     : Do full code cache collection, code=77KB, data=123KB
10-31 08:17:21.166 19379 19384 I art     : Starting a blocking GC JitCodeCache
10-31 08:17:21.166 19379 19384 I art     : After code cache collection, code=62KB, data=68KB
10-31 08:17:24.248 19621 19621 D MonkeyStub: translateCommand: tap 1286 930
10-31 08:17:25.475 19621 19621 D MonkeyStub: translateCommand: tap 62 98
10-31 08:17:25.496 19621 19621 D MonkeyStub: translateCommand: tap 729 89
10-31 08:17:25.503 19621 19621 D MonkeyStub: Quit requested
10-31 08:17:25.556   600   614 I CwMcuSensor: CwMcuSensor::flush: fd = 240, sensors_id = 0, path = /sys/class/htc_sensorhub/sensor_hub/flush, err = 0
10-31 08:17:25.558 19621 19621 I art     : System.exit called, status: 16
10-31 08:17:25.558 19621 19621 I AndroidRuntime: VM exiting with result code 16.
10-31 08:17:25.615   600  3675 W WindowManager: Attempted to remove non-existing token: android.os.Binder@dbc0c02
10-31 08:17:25.823   600  6312 E BatteryStatsService: power: Missing API
10-31 08:17:25.830   600  6312 E BatteryStatsService: no controller energy info supplied
10-31 08:17:25.831   796   796 E PhoneInterfaceManager: [PhoneIntfMgr] queryModemActivityInfo: Empty response
10-31 08:17:25.838   600  6312 E BatteryStatsService: modem info is invalid: ModemActivityInfo{ mTimestamp=0 mSleepTimeMs=0 mIdleTimeMs=0 mTxTimeMs[]=[0, 0, 0, 0, 0] mRxTimeMs=0 mEnergyUsed=0}
10-31 08:17:26.237 19782 19782 D AndroidRuntime: >>>>>> START com.android.internal.os.RuntimeInit uid 2000 <<<<<<
10-31 08:17:26.241 19782 19782 D AndroidRuntime: CheckJNI is OFF
10-31 08:17:26.307 19782 19782 D ICU     : No timezone override file found: /data/misc/zoneinfo/current/icu/icu_tzdata.dat
10-31 08:17:26.337 19782 19782 I Radio-JNI: register_android_hardware_Radio DONE
10-31 08:17:26.353 19782 19782 D AndroidRuntime: Calling main entry com.android.commands.am.Am
10-31 08:17:26.372   600  2707 I ActivityManager: START u0 {act=android.intent.action.VIEW dat=http://biomedcentral.com/... flg=0x10000000 cmp=com.opera.browser/com.opera.Opera} from uid 2000 on display 0
10-31 08:17:26.377 19782 19782 D AndroidRuntime: Shutting down VM
10-31 08:17:26.533 19379 19379 W art     : Before Android 4.1, method double java.util.concurrent.ThreadLocalRandom.internalNextDouble(double, double) would have incorrectly overridden the package-private method in java.util.Random
10-31 08:17:26.533 19379 19379 W art     : Before Android 4.1, method int java.util.concurrent.ThreadLocalRandom.internalNextInt(int, int) would have incorrectly overridden the package-private method in java.util.Random
10-31 08:17:26.533 19379 19379 W art     : Before Android 4.1, method long java.util.concurrent.ThreadLocalRandom.internalNextLong(long, long) would have incorrectly overridden the package-private method in java.util.Random
10-31 08:17:26.575   600   619 D BluetoothManagerService: Message: 20
10-31 08:17:26.575   600   619 D BluetoothManagerService: Added callback: android.bluetooth.IBluetoothManagerCallback$Stub$Proxy@a104140:true
10-31 08:17:26.593   600 29683 I ActivityManager: Start proc 19794:com.opera.browser:sandboxed_process0/u0a122 for service com.opera.browser/com.opera.android.browser.chromium.services.SandboxedProcessService0
10-31 08:17:26.655 19794 19794 I art     : Starting a blocking GC AddRemoveAppImageSpace
10-31 08:17:26.684 19794 19794 I LoadedApk: No resource references to update in package com.opera.browser.nord_vpn
10-31 08:17:26.698 19379 19742 W ResourceType: ResTable_typeSpec entry count inconsistent: given 67, previously 69
10-31 08:17:26.698 19379 19742 W ResourceType: ResTable_typeSpec entry count inconsistent: given 5346, previously 5347
10-31 08:17:26.872   787 28588 I FontLog : Received query name=Google Sans&weight=400&besteffort=false, URI content://com.google.android.gms.fonts [CONTEXT service_id=132 ]
10-31 08:17:26.872   787 28588 I FontLog : Query [name=Google Sans&weight=400&besteffort=false] resolved to {Google Sans, wdth 100.0, wght 400, ital 0.0, bestEffort false} [CONTEXT service_id=132 ]
10-31 08:17:26.874   787 28588 I FontLog : Font PFD returned from cache for {Google Sans, wdth 100.0, wght 400, ital 0.0, bestEffort false} [CONTEXT service_id=132 ]
10-31 08:17:26.874   787 28588 I FontLog : Fetch {Google Sans, wdth 100.0, wght 400, ital 0.0, bestEffort false} end status Status{statusCode=SUCCESS, resolution=null} [CONTEXT service_id=132 ]
10-31 08:17:26.881   787  1620 I FontLog : Pulling font file for id = 1652, cache size = 7 [CONTEXT service_id=132 ]
10-31 08:17:26.884   787 28592 I FontLog : Received query name=Google Sans&weight=500&besteffort=false, URI content://com.google.android.gms.fonts [CONTEXT service_id=132 ]
10-31 08:17:26.884   787 28592 I FontLog : Query [name=Google Sans&weight=500&besteffort=false] resolved to {Google Sans, wdth 100.0, wght 500, ital 0.0, bestEffort false} [CONTEXT service_id=132 ]
10-31 08:17:26.885   787 28592 I FontLog : Font PFD returned from cache for {Google Sans, wdth 100.0, wght 500, ital 0.0, bestEffort false} [CONTEXT service_id=132 ]
10-31 08:17:26.885   787 28592 I FontLog : Fetch {Google Sans, wdth 100.0, wght 500, ital 0.0, bestEffort false} end status Status{statusCode=SUCCESS, resolution=null} [CONTEXT service_id=132 ]
10-31 08:17:26.894   787 23224 I FontLog : Pulling font file for id = 1653, cache size = 8 [CONTEXT service_id=132 ]
10-31 08:17:26.898   787   806 I FontLog : Received query name=Google Sans&weight=700&besteffort=false, URI content://com.google.android.gms.fonts [CONTEXT service_id=132 ]
10-31 08:17:26.898   787   806 I FontLog : Query [name=Google Sans&weight=700&besteffort=false] resolved to {Google Sans, wdth 100.0, wght 700, ital 0.0, bestEffort false} [CONTEXT service_id=132 ]
10-31 08:17:26.899   787   806 I FontLog : Fetch {Google Sans, wdth 100.0, wght 700, ital 0.0, bestEffort false} end status Status{statusCode=SUCCESS, resolution=null} [CONTEXT service_id=132 ]
10-31 08:17:26.905   787 28590 I FontLog : Pulling font file for id = 1654, cache size = 7 [CONTEXT service_id=132 ]
10-31 08:17:26.948 19379 19384 I art     : Do partial code cache collection, code=82KB, data=107KB
10-31 08:17:26.949 19379 19384 I art     : After code cache collection, code=82KB, data=107KB
10-31 08:17:26.950 19379 19384 I art     : Increasing code cache capacity to 512KB
10-31 08:17:26.955   787 28591 I FontLog : Received query name=Noto Color Emoji Compat&weight=400&besteffort=false, URI content://com.google.android.gms.fonts [CONTEXT service_id=132 ]
10-31 08:17:26.956   787 28591 I FontLog : Query [name=Noto Color Emoji Compat&weight=400&besteffort=false] resolved to {Noto Color Emoji Compat, wdth 100.0, wght 400, ital 0.0, bestEffort false} [CONTEXT service_id=132 ]
10-31 08:17:26.963   787 28591 I FontLog : Fetch {Noto Color Emoji Compat, wdth 100.0, wght 400, ital 0.0, bestEffort false} end status Status{statusCode=SUCCESS, resolution=null} [CONTEXT service_id=132 ]
10-31 08:17:26.979   787 28588 I FontLog : Pulling font file for id = 1655, cache size = 8 [CONTEXT service_id=132 ]
10-31 08:17:27.133   787   804 I art     : Background partial concurrent mark sweep GC freed 76571(5MB) AllocSpace objects, 3(60KB) LOS objects, 40% free, 11MB/19MB, paused 634us total 161.108ms
10-31 08:17:27.183   787 19824 W NetworkScheduler: Error inserting service_kind=0 source=16 tag=Measurement.PackageMeasurementTaskService.UPLOAD_TASK_TAG target_package=com.google.android.gms requires_charging=0 source_version=203915000 required_network_type=0 flex_time=3267000 persistence_level=1 target_class=com.google.android.gms.measurement.PackageMeasurementTaskService runtime=1667200647176 retry_strategy={"maximum_backoff_seconds":{"3600":0},"initial_backoff_seconds":{"30":0},"retry_policy":{"0":0}} preferred_network_type=1 required_idleness_state=0 preferred_charging_state=1 period=6536000 last_runtime=0 task_type=0 job_id=-1 user_id=0, error message: UNIQUE constraint failed: pending_ops.tag, pending_ops.target_class, pending_ops.target_package, pending_ops.user_id (code 2067) [CONTEXT service_id=218 ]
10-31 08:17:29.164 19379 19389 I art     : Background sticky concurrent mark sweep GC freed 111104(6MB) AllocSpace objects, 15(344KB) LOS objects, 27% free, 17MB/24MB, paused 11.129ms total 90.399ms
10-31 08:17:30.150   600  6312 D DnsEventListenerService: Logging 100 results for netId 100
10-31 08:17:30.411 19794 19809 I chromium: [INFO:pipeline_controller.cc(46)] MCHR-300: Starting pipeline, demuxer: FFmpegDemuxer
10-31 08:17:30.433 19794 19815 I chromium: [INFO:ffmpeg_glue.cc(128)] MCHR-300: Container: HLS
10-31 08:17:30.444 19794 19809 I chromium: [INFO:pipeline_controller.cc(355)] MCHR-300: Pipeline stopped.
10-31 08:17:30.447 19794 19809 I chromium: [INFO:pipeline_controller.cc(46)] MCHR-300: Starting pipeline, demuxer: MediaUrlDemuxer
10-31 08:17:30.464 19379 19379 V MediaRouter: Adding route: RouteInfo{ name=Tablet, description=null, status=null, category=RouteCategory{ name=null types=ROUTE_TYPE_LIVE_AUDIO ROUTE_TYPE_LIVE_VIDEO  groupable=false }, supportedTypes=ROUTE_TYPE_LIVE_AUDIO ROUTE_TYPE_LIVE_VIDEO , presentationDisplay=null }
10-31 08:17:30.466 19518 19847 W VideoCapabilities: Unrecognized level 0 for video/x-vnd.on2.vp8
10-31 08:17:30.467 19379 19379 V MediaRouter: Updating audio routes: AudioRoutesInfo{ type=SPEAKER }
10-31 08:17:30.469 19379 19379 V MediaRouter: Selecting route: RouteInfo{ name=Tablet, description=null, status=null, category=RouteCategory{ name=null types=ROUTE_TYPE_LIVE_AUDIO ROUTE_TYPE_LIVE_VIDEO  groupable=false }, supportedTypes=ROUTE_TYPE_LIVE_AUDIO ROUTE_TYPE_LIVE_VIDEO , presentationDisplay=null }
10-31 08:17:30.480 19518 19847 I VideoCapabilities: Unsupported profile 4 for video/mp4v-es
10-31 08:17:30.485 19379 19379 V MediaRouter: Selecting route: RouteInfo{ name=Tablet, description=null, status=null, category=RouteCategory{ name=null types=ROUTE_TYPE_LIVE_AUDIO ROUTE_TYPE_LIVE_VIDEO  groupable=false }, supportedTypes=ROUTE_TYPE_LIVE_AUDIO ROUTE_TYPE_LIVE_VIDEO , presentationDisplay=null }
10-31 08:17:30.498 17545 23970 I CastDatabase: Opening the database
10-31 08:17:30.507 19518 19848 W VideoCapabilities: Unrecognized level 0 for video/x-vnd.on2.vp8
10-31 08:17:30.512 17545 17545 I DiscoveryManager: WifiGuestModeDeviceScanner enabled.
10-31 08:17:30.514   600   647 I WifiHAL : Got channel list with 13 channels
10-31 08:17:30.515   600   647 I WifiHAL : Got channel list with 4 channels
10-31 08:17:30.515   600   647 I WifiHAL : Got channel list with 15 channels
10-31 08:17:30.526 19518 19848 I VideoCapabilities: Unsupported profile 4 for video/mp4v-es
10-31 08:17:30.538 17545 23970 I SQLiteCastStore: 2 CastNetworkInfo instances loaded, 1 CastDeviceInfo instances loaded, 0 paired guest mode devices loaded.
10-31 08:17:30.539 17545 23970 I DiscoveryManager: Filter criteria(D38CB0C5) scannerFlags(0)
10-31 08:17:30.540 17545 23970 I CastDatabase: CastDeviceInfo created: V_4b1dfefa-9a7a-4bd2-84e1-59ed59ff580e
10-31 08:17:30.541 17545 23970 W GuestModeDeviceProber: setFilterCriteria
10-31 08:17:30.554 17545 23970 E DeviceScanner: [BLE] Failed to start scan because the Bluetooth is disabled.
10-31 08:17:30.561 17545 23970 W DatabaseProcessor: processLocalDevices: failed to get the network info with non-null bssid.
10-31 08:17:30.563 17545 23970 W DatabaseProcessor: processLocalDevices: failed to get the network info with non-null bssid.
10-31 08:17:30.574 17545 23970 E DeviceScanner: [BLE] Failed to start scan because the Bluetooth is disabled.
10-31 08:17:30.574 17545 23970 W DatabaseProcessor: processLocalDevices: failed to get the network info with non-null bssid.
10-31 08:17:30.575 17545 23970 W DatabaseProcessor: processLocalDevices: failed to get the network info with non-null bssid.
10-31 08:17:30.701   245   708 D MediaBufferGroup: creating MemoryDealer
10-31 08:17:30.701   246 19852 D NuPlayerDriver: notifyListener_l(0xf0220b40), (1, 0, 0), loop setting(0, 0)
10-31 08:17:30.702 19379 19379 D MediaPlayer: setSubtitleAnchor in MediaPlayer
10-31 08:17:30.713 19379 19379 W MediaPlayer: Couldn't open https://vod.video-cdn.net/F-TUvd9pk8UYjAqC7mYdAm/4312z8mUGRLb5UPsLza27-.aaa,828,596,1656,2356,.mp4.csmil/master.m3u8?set-cc-attribute=cc&hdnea=exp=1667201248~acl=/F-TUvd9pk8UYjAqC7mYdAm/4312z8mUGRLb5UPsLza27-.aaa,828,596,1656,2356,.mp4.csmil/*~hmac=7a2aabaad42d8ed62fe21774b2846c11ce4707417879595c1143e0ec76d08554: java.io.FileNotFoundException: No content provider: https://vod.video-cdn.net/F-TUvd9pk8UYjAqC7mYdAm/4312z8mUGRLb5UPsLza27-.aaa,828,596,1656,2356,.mp4.csmil/master.m3u8?set-cc-attribute=cc&hdnea=exp=1667201248~acl=/F-TUvd9pk8UYjAqC7mYdAm/4312z8mUGRLb5UPsLza27-.aaa,828,596,1656,2356,.mp4.csmil/*~hmac=7a2aabaad42d8ed62fe21774b2846c11ce4707417879595c1143e0ec76d08554
10-31 08:17:30.722   246 19857 I LiveSession: onConnect https://<suppressed>
10-31 08:17:30.984   246 19857 I LiveSession: #### Starting Bandwidth Switch: -1 => 0
10-31 08:17:31.449   246 19858 I ESQueue : found something resembling an H.264/MPEG syncword at offset 1
10-31 08:17:31.451   246 19858 I avc_utils: found AVC codec config (512 x 288, Baseline-profile level 2.1)
10-31 08:17:31.452   246 19858 I ESQueue : found AAC codec config (44100 Hz, 1 channels)
10-31 08:17:31.985   246 19856 D NuPlayerDriver: notifyListener_l(0xf0220c60), (3, 3, 0), loop setting(0, 0)
10-31 08:17:31.985   246 19856 D NuPlayerDriver: notifyListener_l(0xf0220c60), (5, 512, 288), loop setting(0, 0)
10-31 08:17:31.986   246 19856 D NuPlayerDriver: notifyListener_l(0xf0220c60), (1, 0, 0), loop setting(0, 0)
10-31 08:17:31.988 19379 19379 D MediaPlayer: setSubtitleAnchor in MediaPlayer
10-31 08:17:32.001 19379 19379 D MediaPlayer: getMetadata
10-31 08:17:32.004   246 19856 D NuPlayer: onSetVideoSurface(0xe8cff800, no video decoder)
10-31 08:17:32.010   246  9471 D NuPlayerDriver: seekTo(0xf0220c60) 0 ms at state 4
10-31 08:17:32.010   246  9471 D NuPlayerDriver: notifyListener_l(0xf0220c60), (7, 0, 0), loop setting(0, 0)
10-31 08:17:32.015   246 19856 W NuPlayer: source has video meta but not file meta
10-31 08:17:32.015   246 19856 D NuPlayerDriver: notifyListener_l(0xf0220c60), (4, 0, 0), loop setting(0, 0)
10-31 08:17:32.015   246 19856 W NuPlayer: source has video meta but not file meta
10-31 08:17:32.016   246 19856 W NuPlayer: source has video meta but not file meta
10-31 08:17:32.023   246 19871 I MediaPlayerService: MediaPlayerService::getOMX
10-31 08:17:32.023   246 19870 I MediaPlayerService: MediaPlayerService::getOMX
10-31 08:17:32.025   246 19871 I OMXClient: MuxOMX ctor
10-31 08:17:32.026   246 19870 I OMXClient: MuxOMX ctor
10-31 08:17:32.028   243  7993 I OMXMaster: makeComponentInstance(OMX.google.aac.decoder) in mediacodec process
10-31 08:17:32.087   246 19858 I ATSParser: discontinuity on stream pid 0x0100
10-31 08:17:32.088   246 19858 I ATSParser: discontinuity on stream pid 0x0101
10-31 08:17:32.095   243  2208 I OMXMaster: makeComponentInstance(OMX.Nvidia.h264.decode) in mediacodec process
10-31 08:17:32.098   246 19868 I MediaCodec: [OMX.Nvidia.h264.decode] setting surface generation to 251965
10-31 08:17:32.098   243  7970 E OMXNodeInstance: setConfig(f300e8:google.aac.decoder, ConfigPriority(0x6f800002)) ERROR: Undefined(0x80001001)
10-31 08:17:32.098   246 19870 I ACodec  : codec does not support config priority (err -2147483648)
10-31 08:17:32.099   246 19870 I MediaCodec: MediaCodec will operate in async mode
10-31 08:17:32.102   243  3872 E OMXNodeInstance: getConfig(f300e9:Nvidia.h264.decode, ConfigCommonOutputCrop(0x700000f)) ERROR: BadParameter(0x80001005)
10-31 08:17:32.103   246 19868 I MediaCodec: MediaCodec will operate in async mode
10-31 08:17:32.107   246 19871 D SurfaceUtils: set up nativeWindow 0xe8cff808 for 512x288, color 0x106, rotation 0, usage 0x2b00
10-31 08:17:32.110   243 19872 I SoftAAC2: Reconfiguring decoder: 0->44100 Hz, 0->1 channels
10-31 08:17:32.111   243 19874 D NvOsDebugPrintf: NvMMLiteOpen : Block : BlockType = 261 
10-31 08:17:32.111   243 19874 D NvOsDebugPrintf: TVMR: NvMMLiteTVMRDecBlockOpen: 5008: NvMMLiteBlockOpen 
10-31 08:17:32.121   243 19874 D NvOsDebugPrintf: NvMMLiteBlockCreate : Block : BlockType = 261 
10-31 08:17:32.121   246 19866 D AudioTrack: Client defaulted notificationFrames to 7407 for frameCount 22221
10-31 08:17:32.134   243 19877 D NvOsDebugPrintf: TVMR: cbBeginSequence: 655: BeginSequence  512x288, bVPR = 0
10-31 08:17:32.134   243 19877 D NvOsDebugPrintf: TVMR: cbBeginSequence: 918: DecodeBuffers = 3 
10-31 08:17:32.135   243 19877 D NvOsDebugPrintf: TVMR: cbBeginSequence: 938: Display Resolution : (512x288) 
10-31 08:17:32.135   243 19877 D NvOsDebugPrintf: TVMR: cbBeginSequence: 939: Display Aspect Ratio : (512x288) 
10-31 08:17:32.135   243 19877 D NvOsDebugPrintf: TVMR: cbBeginSequence: 1041: SurfaceLayout = 3
10-31 08:17:32.135   243 19877 D NvOsDebugPrintf: TVMR: cbBeginSequence: 1071: NumOfSurfaces = 7, InteraceStream = 0, InterlaceEnabled = 0, bSecure = 0, MVC = 0 Semiplanar = 1, bReinit = 1 
10-31 08:17:32.135   243 19877 D NvOsDebugPrintf: Allocating new output: 512x288 (x 9), ThumbnailMode = 0
10-31 08:17:32.143   246 19871 D SurfaceUtils: set up nativeWindow 0xe8cff808 for 512x288, color 0x106, rotation 0, usage 0x2b00
10-31 08:17:32.143   243 15159 E OMXNodeInstance: setParameter(f300e9:Nvidia.h264.decode, ParamPortDefinition(0x2000001)) ERROR: UnsupportedSetting(0x80001019)
10-31 08:17:32.143   246 19871 W ACodec  : [OMX.Nvidia.h264.decode] setting nBufferCountActual to 14 failed: -1010
10-31 08:17:32.143   243   263 E OMXNodeInstance: setParameter(f300e9:Nvidia.h264.decode, ParamPortDefinition(0x2000001)) ERROR: UnsupportedSetting(0x80001019)
10-31 08:17:32.143   246 19871 W ACodec  : [OMX.Nvidia.h264.decode] setting nBufferCountActual to 13 failed: -1010
10-31 08:17:32.144   243   263 E OMXNodeInstance: setParameter(f300e9:Nvidia.h264.decode, ParamPortDefinition(0x2000001)) ERROR: UnsupportedSetting(0x80001019)
10-31 08:17:32.144   246 19871 W ACodec  : [OMX.Nvidia.h264.decode] setting nBufferCountActual to 12 failed: -1010
10-31 08:17:32.159   246 19856 D NuPlayerDriver: notifyListener_l(0xf0220c60), (5, 512, 288), loop setting(0, 0)
10-31 08:17:32.166 19518 19529 I art     : Background partial concurrent mark sweep GC freed 13843(519KB) AllocSpace objects, 1(20KB) LOS objects, 40% free, 3MB/5MB, paused 10.389ms total 62.374ms
10-31 08:17:32.985   246 19856 D NuPlayerDriver: notifyListener_l(0xf0220c60), (3, 5, 0), loop setting(0, 0)
10-31 08:17:33.564 17545 23970 W AdaptiveDiscoveryWorker: Exiting Adaptive Discovery. Current NetworkInfo is NULL.
10-31 08:17:33.765 17545 23970 W DatabaseProcessor: processLocalDevices: failed to get the network info with non-null bssid.
10-31 08:17:33.986   246 19856 D NuPlayerDriver: notifyListener_l(0xf0220c60), (3, 6, 0), loop setting(0, 0)
10-31 08:17:34.481   246 19858 I ATSParser: discontinuity on stream pid 0x0100
10-31 08:17:34.482   246 19858 I ATSParser: discontinuity on stream pid 0x0101
10-31 08:17:34.640   246 19858 I ATSParser: discontinuity on stream pid 0x0100
10-31 08:17:34.641   246 19858 I ATSParser: discontinuity on stream pid 0x0101
10-31 08:17:34.773   246 19858 I ATSParser: discontinuity on stream pid 0x0100
10-31 08:17:34.773   246 19858 I ATSParser: discontinuity on stream pid 0x0101
10-31 08:17:34.980   246 19858 I ATSParser: discontinuity on stream pid 0x0100
10-31 08:17:34.981   246 19858 I ATSParser: discontinuity on stream pid 0x0101
10-31 08:17:34.985   246 19857 I LiveSession: #### Starting Bandwidth Switch: 0 => 3
10-31 08:17:34.986   246 19856 D NuPlayerDriver: notifyListener_l(0xf0220c60), (3, 29, 0), loop setting(0, 0)
10-31 08:17:35.146   246 19858 I ESQueue : found something resembling an H.264/MPEG syncword at offset 1
10-31 08:17:35.153   246 19858 I avc_utils: found AVC codec config (1280 x 720, Baseline-profile level 3.1)
10-31 08:17:35.162   246 19858 I ESQueue : found AAC codec config (44100 Hz, 2 channels)
10-31 08:17:35.171   246 19857 I LiveSession: [timed_id3] i 0 UriIsSameAsIndex newUri false, https://vod.video-cdn.net/F-TUvd9pk8UYjAqC7mYdAm/4312z8mUGRLb5UPsLza27-.aaa,828,596,1656,2356,.mp4.csmil/chunklist_b2356000.m3u8?hdntl=exp=1667287050~acl=/*~data=hdntl~hmac=2edc4881667a52f1f277a944e5e16ca9f77da1f1c80773d07c6a8fad36d5e050&set-cc-attribute=cc
10-31 08:17:35.171   246 19857 I LiveSession: [timed_id3] i 1 UriIsSameAsIndex newUri false, https://vod.video-cdn.net/F-TUvd9pk8UYjAqC7mYdAm/4312z8mUGRLb5UPsLza27-.aaa,828,596,1656,2356,.mp4.csmil/chunklist_b2356000.m3u8?hdntl=exp=1667287050~acl=/*~data=hdntl~hmac=2edc4881667a52f1f277a944e5e16ca9f77da1f1c80773d07c6a8fad36d5e050&set-cc-attribute=cc
10-31 08:17:35.171   246 19857 I LiveSession: #### Finished Bandwidth Switch: 0 => 3
10-31 08:17:35.172   246 19856 D NuPlayerDriver: notifyListener_l(0xf0220c60), (3, 10, 0), loop setting(0, 0)
10-31 08:17:35.680   246 19858 I ATSParser: discontinuity on stream pid 0x0100
10-31 08:17:35.695   246 19858 I ATSParser: discontinuity on stream pid 0x0101
10-31 08:17:36.071   246 19858 I ATSParser: discontinuity on stream pid 0x0100
10-31 08:17:36.072   246 19858 I ATSParser: discontinuity on stream pid 0x0101
10-31 08:17:36.173   246 19856 D NuPlayerDriver: notifyListener_l(0xf0220c60), (3, 23, 0), loop setting(0, 0)
10-31 08:17:36.614   246 19858 I ATSParser: discontinuity on stream pid 0x0100
10-31 08:17:36.616   246 19858 I ATSParser: discontinuity on stream pid 0x0101
10-31 08:17:36.889   246 19858 I ATSParser: discontinuity on stream pid 0x0100
10-31 08:17:36.923   246 19858 I ATSParser: discontinuity on stream pid 0x0101
10-31 08:17:37.173   246 19856 D NuPlayerDriver: notifyListener_l(0xf0220c60), (3, 34, 0), loop setting(0, 0)
10-31 08:17:38.174   246 19856 D NuPlayerDriver: notifyListener_l(0xf0220c60), (3, 38, 0), loop setting(0, 0)
10-31 08:17:39.174   246 19856 D NuPlayerDriver: notifyListener_l(0xf0220c60), (3, 38, 0), loop setting(0, 0)
10-31 08:17:39.777 19887 19887 D AndroidRuntime: >>>>>> START com.android.internal.os.RuntimeInit uid 2000 <<<<<<
10-31 08:17:39.781 19887 19887 D AndroidRuntime: CheckJNI is OFF
10-31 08:17:39.845 19887 19887 D ICU     : No timezone override file found: /data/misc/zoneinfo/current/icu/icu_tzdata.dat
10-31 08:17:39.884 19887 19887 I Radio-JNI: register_android_hardware_Radio DONE
10-31 08:17:39.899 19887 19887 D AndroidRuntime: Calling main entry com.android.commands.monkey.Monkey
10-31 08:17:39.973   600   613 W BroadcastQueue: Skipping deliver [background] BroadcastRecord{4c548fb u-1 android.net.conn.CONNECTIVITY_CHANGE} to ReceiverList{15ebd18 19887 (unknown name)/2000/u-1 remote:8ca8cf5}: process crashing
10-31 08:17:40.175   246 19856 D NuPlayerDriver: notifyListener_l(0xf0220c60), (3, 38, 0), loop setting(0, 0)
10-31 08:17:41.175   246 19856 D NuPlayerDriver: notifyListener_l(0xf0220c60), (3, 38, 0), loop setting(0, 0)
10-31 08:17:41.517 19887 19887 D MonkeyStub: translateCommand: wake
10-31 08:17:41.606   600   609 I art     : Background partial concurrent mark sweep GC freed 72086(4MB) AllocSpace objects, 14(312KB) LOS objects, 33% free, 16MB/24MB, paused 1.093ms total 103.747ms
10-31 08:17:41.630 19887 19887 D MonkeyStub: translateCommand: tap 273 1877
10-31 08:17:42.175   246 19856 D NuPlayerDriver: notifyListener_l(0xf0220c60), (3, 38, 0), loop setting(0, 0)
10-31 08:17:43.175   246 19856 D NuPlayerDriver: notifyListener_l(0xf0220c60), (3, 38, 0), loop setting(0, 0)
10-31 08:17:44.176   246 19856 D NuPlayerDriver: notifyListener_l(0xf0220c60), (3, 38, 0), loop setting(0, 0)
10-31 08:17:45.176   246 19856 D NuPlayerDriver: notifyListener_l(0xf0220c60), (3, 38, 0), loop setting(0, 0)
10-31 08:17:46.177   246 19856 D NuPlayerDriver: notifyListener_l(0xf0220c60), (3, 38, 0), loop setting(0, 0)
10-31 08:17:46.785 19887 19887 D MonkeyStub: translateCommand: tap 1195 298
10-31 08:17:47.031   246   760 D NuPlayerDriver: reset(0xf0220c60) at state 4
10-31 08:17:47.032   246   760 D NuPlayerDriver: notifyListener_l(0xf0220c60), (8, 0, 0), loop setting(0, 0)
10-31 08:17:47.045   243 19878 D NvOsDebugPrintf: TVMR: TVMRFrameDelivery: 3741: Closing TVMR Frame Delivery Thread -------------
10-31 08:17:47.047   243 19874 D NvOsDebugPrintf: TVMR: NvMMDecTVMRDestroyParser: 4224: NvAvpClose
10-31 08:17:47.047   243 19874 D NvOsDebugPrintf: TVMR: NvMMLiteTVMRDecBlockClose: 5163: Done 
10-31 08:17:47.052   246 19856 W AMessage: failed to post message as target looper for handler 0 is gone.
10-31 08:17:47.056   246 19856 W AMessage: failed to post message as target looper for handler 0 is gone.
10-31 08:17:47.057   246 19858 W AMessage: failed to deliver message as target handler 907 is gone.
10-31 08:17:47.062   246 19856 D NuPlayerDriver: notifyResetComplete(0xf0220c60)
10-31 08:17:47.238 19794 19809 I chromium: [INFO:pipeline_controller.cc(355)] MCHR-300: Pipeline stopped.
10-31 08:17:47.241 17545 23970 I DiscoveryManager: Filter criteria(null) scannerFlags(0)
10-31 08:17:47.250 17545 23970 W GuestModeDeviceProber: setFilterCriteria
