10-31 08:45:42.421 27773 27773 D MonkeyStub: translateCommand: touch move 614 437
10-31 08:45:42.531 27773 27773 D MonkeyStub: translateCommand: touch move 614 312
10-31 08:45:42.538 27773 27773 D MonkeyStub: translateCommand: touch up 614 312
10-31 08:45:43.545   600 17381 I ActivityManager: Start proc 27979:com.android.chrome:sandboxed_process30/u0i501 for service com.android.chrome/org.chromium.content.app.SandboxedProcessService30
10-31 08:45:43.590 27979 27979 W boxed_process30: type=1400 audit(0.0:12659): avc: denied { getattr } for path="/data/data/com.android.chrome" dev="dm-2" ino=12190 scontext=u:r:isolated_app:s0:c512,c768 tcontext=u:object_r:app_data_file:s0:c512,c768 tclass=dir permissive=0
10-31 08:45:43.615 27979 27979 I cr_ChildProcessService: Creating new ChildProcessService pid=27979
10-31 08:45:43.651 27979 27992 I cr_LibraryLoader: Loaded native library version number "85.0.4183.127"
10-31 08:45:43.652 27979 27992 I cr_CachingUmaRecorder: Flushed 1 samples from 1 histograms.
10-31 08:45:43.664 27992 27992 W CrUtilityMain: type=1400 audit(0.0:12660): avc: denied { setattr } for name="tls_deprecation_config.pb" dev="dm-2" ino=56709 scontext=u:r:isolated_app:s0:c512,c768 tcontext=u:object_r:app_data_file:s0:c512,c768 tclass=file permissive=0
10-31 08:45:43.667 27992 27992 W CrUtilityMain: type=1400 audit(0.0:12661): avc: denied { setattr } for name="manifest.json" dev="dm-2" ino=56610 scontext=u:r:isolated_app:s0:c512,c768 tcontext=u:object_r:app_data_file:s0:c512,c768 tclass=file permissive=0
10-31 08:45:43.667 27992 27992 W CrUtilityMain: type=1400 audit(0.0:12662): avc: denied { setattr } for name="verified_contents.json" dev="dm-2" ino=56611 scontext=u:r:isolated_app:s0:c512,c768 tcontext=u:object_r:app_data_file:s0:c512,c768 tclass=file permissive=0
10-31 08:45:43.675 27979 27979 I cr_ChildProcessService: Destroying ChildProcessService pid=27979
10-31 08:45:43.676 27979 27992 I chromium: [INFO:child_process_service.cc(69)] ChildProcessService: Exiting child process.
10-31 08:45:43.693   600  1081 I ActivityManager: Process com.android.chrome:sandboxed_process30 (pid 27979) has died
10-31 08:45:43.693   600  1081 D ActivityManager: cleanUpApplicationRecord -- 27979
10-31 08:45:43.695 27197 27197 W chromium: [WARNING:compositor_view.cc(315)] Child process died (type=6) pid=27979)
10-31 08:45:46.635 27773 27773 D MonkeyStub: translateCommand: touch down 614 1561
10-31 08:45:46.670 27773 27773 D MonkeyStub: translateCommand: touch move 614 1561
10-31 08:45:46.764   237 27983 I art     : Starting a blocking GC HeapTrim
10-31 08:45:46.774   600  7064 I ActivityManager: Start proc 27998:com.android.chrome:sandboxed_process31/u0i502 for service com.android.chrome/org.chromium.content.app.SandboxedProcessService31
10-31 08:45:46.776 27773 27773 D MonkeyStub: translateCommand: touch move 614 1436
10-31 08:45:46.847 27998 27998 W boxed_process31: type=1400 audit(0.0:12663): avc: denied { getattr } for path="/data/data/com.android.chrome" dev="dm-2" ino=12190 scontext=u:r:isolated_app:s0:c512,c768 tcontext=u:object_r:app_data_file:s0:c512,c768 tclass=dir permissive=0
10-31 08:45:46.871 27998 27998 I cr_ChildProcessService: Creating new ChildProcessService pid=27998
10-31 08:45:46.892 27773 27773 D MonkeyStub: translateCommand: touch move 614 1311
10-31 08:45:46.923 27998 28011 I cr_LibraryLoader: Loaded native library version number "85.0.4183.127"
10-31 08:45:46.924 27998 28011 I cr_CachingUmaRecorder: Flushed 1 samples from 1 histograms.
10-31 08:45:46.970 28011 28011 W CrUtilityMain: type=1400 audit(0.0:12664): avc: denied { setattr } for name="tl_en-us_2022-10-24_484508980_100000_index.bin" dev="dm-2" ino=56565 scontext=u:r:isolated_app:s0:c512,c768 tcontext=u:object_r:app_data_file:s0:c512,c768 tclass=file permissive=0
10-31 08:45:46.970 28011 28011 W CrUtilityMain: type=1400 audit(0.0:12665): avc: denied { setattr } for name="manifest.json" dev="dm-2" ino=56566 scontext=u:r:isolated_app:s0:c512,c768 tcontext=u:object_r:app_data_file:s0:c512,c768 tclass=file permissive=0
10-31 08:45:46.974 28011 28011 W CrUtilityMain: type=1400 audit(0.0:12666): avc: denied { setattr } for name="verified_contents.json" dev="dm-2" ino=56841 scontext=u:r:isolated_app:s0:c512,c768 tcontext=u:object_r:app_data_file:s0:c512,c768 tclass=file permissive=0
10-31 08:45:46.980 27998 28011 I chromium: [INFO:child_process_service.cc(69)] ChildProcessService: Exiting child process.
10-31 08:45:46.981   197   197 E lowmemorykiller: Error writing /proc/27998/oom_score_adj; errno=22
10-31 08:45:46.996 27773 27773 D MonkeyStub: translateCommand: touch move 614 1186
10-31 08:45:47.003   600 10249 I ActivityManager: Process com.android.chrome:sandboxed_process31 (pid 27998) has died
10-31 08:45:47.003   600 10249 D ActivityManager: cleanUpApplicationRecord -- 27998
10-31 08:45:47.012 27197 27197 W chromium: [WARNING:compositor_view.cc(315)] Child process died (type=6) pid=27998)
10-31 08:45:47.101 27773 27773 D MonkeyStub: translateCommand: touch move 614 1061
10-31 08:45:47.210 27773 27773 D MonkeyStub: translateCommand: touch move 614 937
10-31 08:45:47.313 27773 27773 D MonkeyStub: translateCommand: touch move 614 812
10-31 08:45:47.423 27773 27773 D MonkeyStub: translateCommand: touch move 614 687
10-31 08:45:47.532 27773 27773 D MonkeyStub: translateCommand: touch move 614 562
10-31 08:45:47.640 27773 27773 D MonkeyStub: translateCommand: touch move 614 437
10-31 08:45:47.755 27773 27773 D MonkeyStub: translateCommand: touch move 614 312
10-31 08:45:47.759 27773 27773 D MonkeyStub: translateCommand: touch up 614 312
10-31 08:45:47.764 27773 27773 D MonkeyStub: Quit requested
10-31 08:45:47.802   600   614 I CwMcuSensor: CwMcuSensor::flush: fd = 240, sensors_id = 0, path = /sys/class/htc_sensorhub/sensor_hub/flush, err = 0
10-31 08:45:47.807 27773 27773 I art     : System.exit called, status: 145
10-31 08:45:47.807 27773 27773 I AndroidRuntime: VM exiting with result code 145.
10-31 08:45:47.858   600  3509 W WindowManager: Attempted to remove non-existing token: android.os.Binder@c9beb5d
10-31 08:46:01.183   787   787 W GCM     : broadcast intent callback: result=CANCELLED forIntent { act=com.google.android.c2dm.intent.RECEIVE pkg=com.opera.browser (has extras) }
10-31 08:46:04.003 28035 28035 D AndroidRuntime: >>>>>> START com.android.internal.os.RuntimeInit uid 2000 <<<<<<
10-31 08:46:04.011 28035 28035 D AndroidRuntime: CheckJNI is OFF
10-31 08:46:04.095 28035 28035 D ICU     : No timezone override file found: /data/misc/zoneinfo/current/icu/icu_tzdata.dat
10-31 08:46:04.135 28035 28035 I Radio-JNI: register_android_hardware_Radio DONE
10-31 08:46:04.157 28035 28035 D AndroidRuntime: Calling main entry com.android.commands.am.Am
10-31 08:46:04.174   600   611 I ActivityManager: Force stopping com.android.chrome appid=10035 user=0: from pid 28035
10-31 08:46:04.174   600   611 I ActivityManager: Killing 27260:com.android.chrome:privileged_process0/u0a35 (adj 0): stop com.android.chrome
10-31 08:46:04.174   600   611 D ActivityManager: cleanUpApplicationRecord -- 27260
10-31 08:46:04.174   600   611 W ActivityManager: Scheduling restart of crashed service com.android.chrome/org.chromium.content.app.PrivilegedProcessService0 in 1000ms
10-31 08:46:04.175   600   611 I ActivityManager: Killing 27197:com.android.chrome/u0a35 (adj 0): stop com.android.chrome
10-31 08:46:04.175   600   611 D ActivityManager: cleanUpApplicationRecord -- 27197
10-31 08:46:04.178   600   611 W ActivityManager: Force removing ActivityRecord{365f92a u0 com.android.chrome/com.google.android.apps.chrome.Main t2224}: app died, no saved state
10-31 08:46:04.179 26367 26367 I MemoryTrimmer: Trimming objects from memory, since app is in the background.
10-31 08:46:04.181 27233 27233 I cr_ChildProcessService: Destroying ChildProcessService pid=27233
10-31 08:46:04.185 27233 27233 I art     : System.exit called, status: 0
10-31 08:46:04.185 27233 27233 I AndroidRuntime: VM exiting with result code 0, cleanup skipped.
10-31 08:46:04.207   600   611 I ActivityManager: Killing 27471:com.android.chrome:sandboxed_process9/u0a35i480 (adj 0): isolated not needed
10-31 08:46:04.207   600   611 I ActivityManager: Killing 27233:com.android.chrome:sandboxed_process0/u0a35i471 (adj 0): isolated not needed
10-31 08:46:04.209   600   611 E JavaBinder: !!! FAILED BINDER TRANSACTION !!!  (parcel size = 76)
10-31 08:46:04.226   600 29683 D ConnectivityService: ConnectivityService NetworkRequestInfo binderDied(NetworkRequest [ LISTEN id=1747, [ Capabilities: INTERNET&NOT_RESTRICTED&TRUSTED&FOREGROUND] ], android.os.BinderProxy@35fc6c1)
10-31 08:46:04.226   600 25704 D ConnectivityService: ConnectivityService NetworkRequestInfo binderDied(NetworkRequest [ LISTEN id=1744, [ Capabilities: INTERNET&NOT_RESTRICTED&TRUSTED&FOREGROUND] ], android.os.BinderProxy@89c9e66)
10-31 08:46:04.226   600 29683 D ConnectivityService: ConnectivityService NetworkRequestInfo binderDied(NetworkRequest [ LISTEN id=1745, [ Capabilities: INTERNET&NOT_RESTRICTED&TRUSTED&FOREGROUND] ], android.os.BinderProxy@bd6b5a7)
10-31 08:46:04.226   600 25704 D ConnectivityService: ConnectivityService NetworkRequestInfo binderDied(NetworkRequest [ LISTEN id=1746, [ Capabilities: INTERNET&NOT_RESTRICTED&TRUSTED&FOREGROUND] ], android.os.BinderProxy@bee6a54)
10-31 08:46:04.226   600 29683 D GraphicsStats: Buffer count: 2
10-31 08:46:04.228   600   649 E ConnectivityService: RemoteException caught trying to send a callback msg for NetworkRequest [ LISTEN id=1747, [ Capabilities: INTERNET&NOT_RESTRICTED&TRUSTED&FOREGROUND] ]
10-31 08:46:04.228   600   649 E ConnectivityService: RemoteException caught trying to send a callback msg for NetworkRequest [ LISTEN id=1744, [ Capabilities: INTERNET&NOT_RESTRICTED&TRUSTED&FOREGROUND] ]
10-31 08:46:04.228   600   649 E ConnectivityService: RemoteException caught trying to send a callback msg for NetworkRequest [ LISTEN id=1745, [ Capabilities: INTERNET&NOT_RESTRICTED&TRUSTED&FOREGROUND] ]
10-31 08:46:04.231   600   649 E ConnectivityService: RemoteException caught trying to send a callback msg for NetworkRequest [ LISTEN id=1746, [ Capabilities: INTERNET&NOT_RESTRICTED&TRUSTED&FOREGROUND] ]
10-31 08:46:04.239   600  3509 D ActivityManager: cleanUpApplicationRecord -- 27233
10-31 08:46:04.256 28035 28035 D AndroidRuntime: Shutting down VM
10-31 08:46:04.283 26367 26367 I MemoryTrimmer: Trimming objects from memory, since app is in the background.
10-31 08:46:04.287  1084  1171 I OpenGLRenderer: Initialized EGL, version 1.4
10-31 08:46:04.287  1084  1171 D OpenGLRenderer: Swap behavior 2
10-31 08:46:04.354   600  2707 D ActivityManager: cleanUpApplicationRecord -- 27471
10-31 08:46:04.375  1061  1061 D RegisteredNfcFServicesCache: Service unchanged, not updating
10-31 08:46:04.422 26367 26378 I AttachedClient: Adding client event 2 to pending list.
10-31 08:46:04.444 26367 26367 I OptInState: There is a new client and it does not support opt-in. Dropping request.
10-31 08:46:04.448 26367 26367 I MicroDetectionWorker: Micro detection mode: [mDetectionMode: [1]].
10-31 08:46:04.481 26367 28050 I MicroRecognitionRunner: Starting detection.
10-31 08:46:04.482 26367 26397 I MicrophoneInputStream: mic_starting com.google.android.apps.gsa.speech.audio.ae@8ed089a
10-31 08:46:04.489   238 28052 I AudioFlinger: AudioFlinger's thread 0xef692080 ready to run
10-31 08:46:04.495   238   285 I SoundTriggerHwService::Module: void android::SoundTriggerHwService::Module::onCallbackEvent(const sp<android::SoundTriggerHwService::CallbackEvent> &) mClient == 0
10-31 08:46:04.499 26367 26397 I MicrophoneInputStream: mic_started com.google.android.apps.gsa.speech.audio.ae@8ed089a
10-31 08:46:04.679 26367 26367 I MicroDetectionWorker: onReady
10-31 08:46:04.814  1084  1171 W OpenGLRenderer: Incorrectly called buildLayer on View: ShortcutAndWidgetContainer, destroying layer...
10-31 08:46:04.860 28053 28053 D AndroidRuntime: >>>>>> START com.android.internal.os.RuntimeInit uid 2000 <<<<<<
10-31 08:46:04.864 28053 28053 D AndroidRuntime: CheckJNI is OFF
10-31 08:46:04.930 28053 28053 D ICU     : No timezone override file found: /data/misc/zoneinfo/current/icu/icu_tzdata.dat
10-31 08:46:04.958 28053 28053 I Radio-JNI: register_android_hardware_Radio DONE
10-31 08:46:04.973 28053 28053 D AndroidRuntime: Calling main entry com.android.commands.pm.Pm
10-31 08:46:04.989   600  3994 I ActivityManager: Force stopping com.android.chrome appid=10035 user=0: clear data
10-31 08:46:04.990   600   613 I ActivityManager: Force stopping com.android.chrome appid=10035 user=-1: clearApplicationUserData
10-31 08:46:05.148   787   787 I GeofencerStateMachine: removeGeofences: removeRequest=RemoveGeofencingRequest[REMOVE_ALL packageName=com.android.chrome]
10-31 08:46:05.151 28053 28053 I art     : System.exit called, status: 0
10-31 08:46:05.151 28053 28053 I AndroidRuntime: VM exiting with result code 0.
10-31 08:46:05.154   600   612 W ResourceType: No known package when getting value for resource number 0x7f080316
10-31 08:46:05.154   600   612 W ResourceType: No known package when getting value for resource number 0x7f130448
10-31 08:46:05.157  1061  1061 D RegisteredNfcFServicesCache: Service unchanged, not updating
10-31 08:46:05.157   600   612 W ResourceType: No known package when getting value for resource number 0x7f080315
10-31 08:46:05.158   600   612 W ResourceType: No known package when getting value for resource number 0x7f130123
10-31 08:46:05.158   600   612 W ResourceType: No known package when getting value for resource number 0x7f130447
10-31 08:46:05.158   600   612 W ResourceType: No known package when getting value for resource number 0x7f1302e4
10-31 08:46:05.158   600   612 E ShortcutService: Ignoring excessive intent tag.
10-31 08:46:05.179   787 28019 I Fitness : FitCleanupIntentOperation received Intent android.intent.action.PACKAGE_DATA_CLEARED [CONTEXT service_id=17 ]
10-31 08:46:05.209 26207 26498 I Icing   : doRemovePackageData com.android.chrome
10-31 08:46:05.209 26207 26498 I Icing   : Removing corpus key com.android.chrome-.implicit: for package com.android.chrome
10-31 08:46:05.338 26207 26498 I native  : flash-index.cc:1519 Flash index sort hb 35 prefix-hits 60 -> 55 at 12.082ms
10-31 08:46:05.367 26207 26498 I Icing   : Removing corpus key com.android.chrome-omnibox for package com.android.chrome
10-31 08:46:05.444 26207 26498 I Icing   : Starting compaction min disk 99.930% min index 99.993%
10-31 08:46:05.606 26207 26498 I native  : document-store.cc:1654 Scored 2262 usage reports, missing_corpora 1221 update_failed 1
10-31 08:46:05.644 26207 26498 W native  : words-map.cc:30 INVALID_ARGUMENT: Empty URI
10-31 08:46:05.644 26207 26498 W native  : words-map.cc:34 WordsMap was not properly initialized
10-31 08:46:05.731 26207 26498 E native  : compactor.cc:67 Could not index embedding for docid 1: INTERNAL: Unable to find Thing Proto section 
10-31 08:46:05.732 26207 26498 E native  : compactor.cc:67 Could not index embedding for docid 3: INTERNAL: Unable to find Thing Proto section 
10-31 08:46:05.733 26207 26498 E native  : compactor.cc:67 Could not index embedding for docid 5: INTERNAL: Unable to find Thing Proto section 
10-31 08:46:05.733 26207 26498 E native  : compactor.cc:67 Could not index embedding for docid 7: INTERNAL: Unable to find Thing Proto section 
10-31 08:46:05.739 26207 26498 E native  : compactor.cc:67 Could not index embedding for docid 8: INTERNAL: Unable to find Thing Proto section 
10-31 08:46:05.740 26207 26498 E native  : compactor.cc:67 Could not index embedding for docid 10: INTERNAL: Unable to find Thing Proto section 
10-31 08:46:05.740 26207 26498 E native  : compactor.cc:67 Could not index embedding for docid 11: INTERNAL: Unable to find Thing Proto section 
10-31 08:46:05.740 26207 26498 E native  : compactor.cc:67 Could not index embedding for docid 13: INTERNAL: Unable to find Thing Proto section 
10-31 08:46:05.741 26207 26498 E native  : compactor.cc:67 Could not index embedding for docid 14: INTERNAL: Unable to find Thing Proto section 
10-31 08:46:05.748 26207 26498 E native  : compactor.cc:67 Could not index embedding for docid 17: INTERNAL: Unable to find Thing Proto section 
10-31 08:46:05.748 26207 26498 E native  : compactor.cc:67 Could not index embedding for docid 18: INTERNAL: Unable to find Thing Proto section 
10-31 08:46:05.749 26207 26498 E native  : compactor.cc:67 Could not index embedding for docid 21: INTERNAL: Unable to find Thing Proto section 
10-31 08:46:05.749 26207 26498 E native  : compactor.cc:67 Could not index embedding for docid 22: INTERNAL: Unable to find Thing Proto section 
10-31 08:46:05.755 26207 26498 E native  : compactor.cc:67 Could not index embedding for docid 26: INTERNAL: Unable to find Thing Proto section 
10-31 08:46:05.756 26207 26498 E native  : compactor.cc:67 Could not index embedding for docid 27: INTERNAL: Unable to find Thing Proto section 
10-31 08:46:05.860 26207 26498 I native  : flash-index.cc:1519 Flash index sort hb 34 prefix-hits 54 -> 54 at 88.457ms
10-31 08:46:05.905 26207 26498 W native  : words-map.cc:30 INVALID_ARGUMENT: Empty URI
10-31 08:46:05.905 26207 26498 W native  : words-map.cc:34 WordsMap was not properly initialized
10-31 08:46:06.003 26207 26498 I Icing   : updateResources: need to parse acol{com.android.chrome}
10-31 08:46:06.004 26207 26498 W System  : ClassLoader referenced unknown path: 
10-31 08:46:06.006 26207 26498 D ApplicationLoaders: ignored Vulkan layer search path /data/app/com.android.chrome-1/lib/arm64:/data/app/com.android.chrome-1/base.apk!/lib/arm64-v8a:/data/app/com.android.chrome-1/split_config.en.apk!/lib/arm64-v8a:/data/app/com.android.chrome-1/split_extra_icu.apk!/lib/arm64-v8a for namespace 0x7f9ac4d0f0
10-31 08:46:06.091 26207 26498 I Icing   : Indexing com.android.chrome-omnibox from com.android.chrome
10-31 08:46:06.103   600 27731 I ActivityManager: Start proc 28075:com.android.chrome/u0a35 for content provider com.android.chrome/com.google.android.apps.chrome.icing.IcingProvider
10-31 08:46:06.204 26207 26498 I Icing   : Indexing done com.android.chrome-omnibox
