10-31 06:10:08.640 12799 12812 I chromium: [INFO:child_process_service.cc(69)] ChildProcessService: Exiting child process.
10-31 06:10:08.655 12586 12586 D MonkeyStub: translateCommand: touch move 614 312
10-31 06:10:08.659   600   713 I ActivityManager: Process com.android.chrome:sandboxed_process31 (pid 12799) has died
10-31 06:10:08.659   600   713 D ActivityManager: cleanUpApplicationRecord -- 12799
10-31 06:10:08.662 12004 12004 W chromium: [WARNING:compositor_view.cc(315)] Child process died (type=6) pid=12799)
10-31 06:10:08.667 12586 12586 D MonkeyStub: translateCommand: touch up 614 312
10-31 06:10:12.878 12586 12586 D MonkeyStub: translateCommand: touch down 614 1561
10-31 06:10:12.885 12586 12586 D MonkeyStub: translateCommand: touch move 614 1561
10-31 06:10:12.993 12586 12586 D MonkeyStub: translateCommand: touch move 614 1436
10-31 06:10:13.101 12586 12586 D MonkeyStub: translateCommand: touch move 614 1311
10-31 06:10:13.211 12586 12586 D MonkeyStub: translateCommand: touch move 614 1186
10-31 06:10:13.324 12586 12586 D MonkeyStub: translateCommand: touch move 614 1061
10-31 06:10:13.441 12586 12586 D MonkeyStub: translateCommand: touch move 614 937
10-31 06:10:13.554 12586 12586 D MonkeyStub: translateCommand: touch move 614 812
10-31 06:10:13.666 12586 12586 D MonkeyStub: translateCommand: touch move 614 687
10-31 06:10:13.771 12586 12586 D MonkeyStub: translateCommand: touch move 614 562
10-31 06:10:13.879 12586 12586 D MonkeyStub: translateCommand: touch move 614 437
10-31 06:10:13.995 12586 12586 D MonkeyStub: translateCommand: touch move 614 312
10-31 06:10:14.000 12586 12586 D MonkeyStub: translateCommand: touch up 614 312
10-31 06:10:14.008 12586 12586 D MonkeyStub: Quit requested
10-31 06:10:14.031   600   614 I CwMcuSensor: CwMcuSensor::flush: fd = 225, sensors_id = 0, path = /sys/class/htc_sensorhub/sensor_hub/flush, err = 0
10-31 06:10:14.050 12586 12586 I art     : System.exit called, status: 145
10-31 06:10:14.050 12586 12586 I AndroidRuntime: VM exiting with result code 145.
10-31 06:10:14.090   600  1081 W WindowManager: Attempted to remove non-existing token: android.os.Binder@ae0c3fd
10-31 06:10:18.512 27883 28441 I Icing   : IndexChimeraService.getServiceInterface callingPackage=com.android.chrome componentName=null serviceId=36
10-31 06:10:18.541 27883  4862 W Icing   : No valid account for uploading user actions
10-31 06:10:18.578 27883 28441 I Icing   : IndexChimeraService.getServiceInterface callingPackage=com.google.android.gms componentName=null serviceId=30
10-31 06:10:18.606 27883  4862 I Icing   : Usage reports ok 1, Failed Usage reports 0, indexed 1, rejected 0
10-31 06:10:18.612 27883  4862 W Icing   : No valid account for uploading user actions
10-31 06:10:18.626 27883  4862 I Icing   : Usage reports ok 0, Failed Usage reports 0, indexed 0, rejected 0
10-31 06:10:18.628 27883  4862 I Icing   : Indexing com.android.chrome-omnibox from com.android.chrome
10-31 06:10:18.662 27883  4862 I Icing   : Indexing done com.android.chrome-omnibox
10-31 06:10:19.676   787 28591 W Icing   : isOptedInForAppHistory: empty Account Name encountered
10-31 06:10:19.710   787 12110 W Icing   : isOptedInForAppHistory: empty Account Name encountered
10-31 06:10:30.142 12834 12834 D AndroidRuntime: >>>>>> START com.android.internal.os.RuntimeInit uid 2000 <<<<<<
10-31 06:10:30.151 12834 12834 D AndroidRuntime: CheckJNI is OFF
10-31 06:10:30.238 12834 12834 D ICU     : No timezone override file found: /data/misc/zoneinfo/current/icu/icu_tzdata.dat
10-31 06:10:30.282 12834 12834 I Radio-JNI: register_android_hardware_Radio DONE
10-31 06:10:30.299 12834 12834 D AndroidRuntime: Calling main entry com.android.commands.am.Am
10-31 06:10:30.318   600 24515 I ActivityManager: Force stopping com.android.chrome appid=10035 user=0: from pid 12834
10-31 06:10:30.318   600 24515 I ActivityManager: Killing 12068:com.android.chrome:privileged_process0/u0a35 (adj 0): stop com.android.chrome
10-31 06:10:30.318   600 24515 D ActivityManager: cleanUpApplicationRecord -- 12068
10-31 06:10:30.318   600 24515 W ActivityManager: Scheduling restart of crashed service com.android.chrome/org.chromium.content.app.PrivilegedProcessService0 in 1000ms
10-31 06:10:30.319   600 24515 I ActivityManager: Killing 12004:com.android.chrome/u0a35 (adj 0): stop com.android.chrome
10-31 06:10:30.319   600 24515 D ActivityManager: cleanUpApplicationRecord -- 12004
10-31 06:10:30.321   600 24515 W ActivityManager: Force removing ActivityRecord{e18ebf0 u0 com.android.chrome/com.google.android.apps.chrome.Main t2100}: app died, no saved state
10-31 06:10:30.340 12040 12040 I cr_ChildProcessService: Destroying ChildProcessService pid=12040
10-31 06:10:30.342   600 24515 I ActivityManager: Killing 12533:com.android.chrome:sandboxed_process21/u0a35i700 (adj 0): isolated not needed
10-31 06:10:30.342   600 24515 I ActivityManager: Killing 12040:com.android.chrome:sandboxed_process0/u0a35i679 (adj 0): isolated not needed
10-31 06:10:30.363 12834 12834 D AndroidRuntime: Shutting down VM
10-31 06:10:30.399  1084  1171 I OpenGLRenderer: Initialized EGL, version 1.4
10-31 06:10:30.399  1084  1171 D OpenGLRenderer: Swap behavior 2
10-31 06:10:30.413   600  6312 E JavaBinder: !!! FAILED BINDER TRANSACTION !!!  (parcel size = 104)
10-31 06:10:30.418   600  6312 W InputMethodManagerService: Got RemoteException sending setActive(false) notification to pid 12004 uid 10035
10-31 06:10:30.418   600  6312 E JavaBinder: !!! FAILED BINDER TRANSACTION !!!  (parcel size = 108)
10-31 06:10:30.449   600 17381 D ConnectivityService: ConnectivityService NetworkRequestInfo binderDied(NetworkRequest [ LISTEN id=1554, [ Capabilities: INTERNET&NOT_RESTRICTED&TRUSTED&FOREGROUND] ], android.os.BinderProxy@cdbc109)
10-31 06:10:30.449   600  2707 D ConnectivityService: ConnectivityService NetworkRequestInfo binderDied(NetworkRequest [ LISTEN id=1555, [ Capabilities: INTERNET&NOT_RESTRICTED&TRUSTED&FOREGROUND] ], android.os.BinderProxy@4581f0e)
10-31 06:10:30.450   600 17381 D ConnectivityService: ConnectivityService NetworkRequestInfo binderDied(NetworkRequest [ LISTEN id=1556, [ Capabilities: INTERNET&NOT_RESTRICTED&TRUSTED&FOREGROUND] ], android.os.BinderProxy@5cfad2f)
10-31 06:10:30.451   600   649 E ConnectivityService: RemoteException caught trying to send a callback msg for NetworkRequest [ LISTEN id=1554, [ Capabilities: INTERNET&NOT_RESTRICTED&TRUSTED&FOREGROUND] ]
10-31 06:10:30.452   600   649 E ConnectivityService: RemoteException caught trying to send a callback msg for NetworkRequest [ LISTEN id=1555, [ Capabilities: INTERNET&NOT_RESTRICTED&TRUSTED&FOREGROUND] ]
10-31 06:10:30.452   600   649 E ConnectivityService: RemoteException caught trying to send a callback msg for NetworkRequest [ LISTEN id=1556, [ Capabilities: INTERNET&NOT_RESTRICTED&TRUSTED&FOREGROUND] ]
10-31 06:10:30.453   600  3994 D ConnectivityService: ConnectivityService NetworkRequestInfo binderDied(NetworkRequest [ LISTEN id=1557, [ Capabilities: INTERNET&NOT_RESTRICTED&TRUSTED&FOREGROUND] ], android.os.BinderProxy@6df1210)
10-31 06:10:30.453   600 17381 D GraphicsStats: Buffer count: 2
10-31 06:10:30.453   600   649 E ConnectivityService: RemoteException caught trying to send a callback msg for NetworkRequest [ LISTEN id=1557, [ Capabilities: INTERNET&NOT_RESTRICTED&TRUSTED&FOREGROUND] ]
10-31 06:10:30.470  1061  1061 D RegisteredNfcFServicesCache: Service unchanged, not updating
10-31 06:10:30.522 23104 23115 I AttachedClient: Adding client event 2 to pending list.
10-31 06:10:30.537 23104 23104 I OptInState: There is a new client and it does not support opt-in. Dropping request.
10-31 06:10:30.541 23104 23104 I MicroDetectionWorker: Micro detection mode: [mDetectionMode: [1]].
10-31 06:10:30.558 23104 12847 I MicroRecognitionRunner: Starting detection.
10-31 06:10:30.569 23104 10392 I MicrophoneInputStream: mic_starting com.google.android.apps.gsa.speech.audio.ae@dc8e649
10-31 06:10:30.576   238 12851 I AudioFlinger: AudioFlinger's thread 0xef692180 ready to run
10-31 06:10:30.576   238   285 I SoundTriggerHwService::Module: void android::SoundTriggerHwService::Module::onCallbackEvent(const sp<android::SoundTriggerHwService::CallbackEvent> &) mClient == 0
10-31 06:10:30.579 23104 10392 I MicrophoneInputStream: mic_started com.google.android.apps.gsa.speech.audio.ae@dc8e649
10-31 06:10:30.621   600  3509 D ActivityManager: cleanUpApplicationRecord -- 12533
10-31 06:10:30.660   600  7064 D ActivityManager: cleanUpApplicationRecord -- 12040
10-31 06:10:30.765 23104 23104 I MicroDetectionWorker: onReady
10-31 06:10:30.929  1084  1171 W OpenGLRenderer: Incorrectly called buildLayer on View: ShortcutAndWidgetContainer, destroying layer...
10-31 06:10:30.933 12846 12846 D AndroidRuntime: >>>>>> START com.android.internal.os.RuntimeInit uid 2000 <<<<<<
10-31 06:10:30.938 12846 12846 D AndroidRuntime: CheckJNI is OFF
10-31 06:10:31.022 12846 12846 D ICU     : No timezone override file found: /data/misc/zoneinfo/current/icu/icu_tzdata.dat
10-31 06:10:31.053 12846 12846 I Radio-JNI: register_android_hardware_Radio DONE
10-31 06:10:31.068 12846 12846 D AndroidRuntime: Calling main entry com.android.commands.pm.Pm
10-31 06:10:31.088   600   610 I ActivityManager: Force stopping com.android.chrome appid=10035 user=0: clear data
10-31 06:10:31.090   600   613 I ActivityManager: Force stopping com.android.chrome appid=10035 user=-1: clearApplicationUserData
10-31 06:10:31.202   600   625 I ActivityManager: Start proc 12860:com.android.defcontainer/u0a4 for service com.android.defcontainer/.DefaultContainerService
10-31 06:10:31.252   787   787 I GeofencerStateMachine: removeGeofences: removeRequest=RemoveGeofencingRequest[REMOVE_ALL packageName=com.android.chrome]
10-31 06:10:31.259 12846 12846 I art     : System.exit called, status: 0
10-31 06:10:31.259 12846 12846 I AndroidRuntime: VM exiting with result code 0.
10-31 06:10:31.261   600   612 W ResourceType: No known package when getting value for resource number 0x7f080316
10-31 06:10:31.261   600   612 W ResourceType: No known package when getting value for resource number 0x7f130448
10-31 06:10:31.262   600   612 W ResourceType: No known package when getting value for resource number 0x7f080315
10-31 06:10:31.262   600   612 W ResourceType: No known package when getting value for resource number 0x7f130123
10-31 06:10:31.262   600   612 W ResourceType: No known package when getting value for resource number 0x7f130447
10-31 06:10:31.262   600   612 W ResourceType: No known package when getting value for resource number 0x7f1302e4
10-31 06:10:31.262   600   612 E ShortcutService: Ignoring excessive intent tag.
10-31 06:10:31.273  1061  1061 D RegisteredNfcFServicesCache: Service unchanged, not updating
10-31 06:10:31.325   787 12880 I Fitness : FitCleanupIntentOperation received Intent android.intent.action.PACKAGE_DATA_CLEARED [CONTEXT service_id=17 ]
10-31 06:10:31.337 27883  1681 I Icing   : doRemovePackageData com.android.chrome
10-31 06:10:31.337 27883  1681 I Icing   : Removing corpus key com.android.chrome-.implicit: for package com.android.chrome
10-31 06:10:31.388   600   609 I art     : Background partial concurrent mark sweep GC freed 95087(4MB) AllocSpace objects, 45(1696KB) LOS objects, 33% free, 16MB/24MB, paused 1.098ms total 110.821ms
10-31 06:10:31.402 27883  1681 I native  : flash-index.cc:1519 Flash index sort hb 48 prefix-hits 84 -> 77 at 16.633ms
10-31 06:10:31.434 27883  1681 I Icing   : Removing corpus key com.android.chrome-omnibox for package com.android.chrome
10-31 06:10:31.497 27883  1681 I Icing   : Starting compaction min disk 99.930% min index 99.993%
10-31 06:10:31.621 27883  1681 I native  : document-store.cc:1654 Scored 2156 usage reports, missing_corpora 1164 update_failed 1
10-31 06:10:31.653 27883  1681 W native  : words-map.cc:30 INVALID_ARGUMENT: Empty URI
10-31 06:10:31.653 27883  1681 W native  : words-map.cc:34 WordsMap was not properly initialized
10-31 06:10:31.752 27883  1681 E native  : compactor.cc:67 Could not index embedding for docid 1: INTERNAL: Unable to find Thing Proto section 
10-31 06:10:31.753 27883  1681 E native  : compactor.cc:67 Could not index embedding for docid 3: INTERNAL: Unable to find Thing Proto section 
10-31 06:10:31.753 27883  1681 E native  : compactor.cc:67 Could not index embedding for docid 5: INTERNAL: Unable to find Thing Proto section 
10-31 06:10:31.754 27883  1681 E native  : compactor.cc:67 Could not index embedding for docid 7: INTERNAL: Unable to find Thing Proto section 
10-31 06:10:31.759 27883  1681 E native  : compactor.cc:67 Could not index embedding for docid 8: INTERNAL: Unable to find Thing Proto section 
10-31 06:10:31.760 27883  1681 E native  : compactor.cc:67 Could not index embedding for docid 10: INTERNAL: Unable to find Thing Proto section 
10-31 06:10:31.760 27883  1681 E native  : compactor.cc:67 Could not index embedding for docid 11: INTERNAL: Unable to find Thing Proto section 
10-31 06:10:31.761 27883  1681 E native  : compactor.cc:67 Could not index embedding for docid 13: INTERNAL: Unable to find Thing Proto section 
10-31 06:10:31.761 27883  1681 E native  : compactor.cc:67 Could not index embedding for docid 14: INTERNAL: Unable to find Thing Proto section 
10-31 06:10:31.767 27883  1681 E native  : compactor.cc:67 Could not index embedding for docid 17: INTERNAL: Unable to find Thing Proto section 
10-31 06:10:31.767 27883  1681 E native  : compactor.cc:67 Could not index embedding for docid 18: INTERNAL: Unable to find Thing Proto section 
10-31 06:10:31.769 27883  1681 E native  : compactor.cc:67 Could not index embedding for docid 21: INTERNAL: Unable to find Thing Proto section 
10-31 06:10:31.769 27883  1681 E native  : compactor.cc:67 Could not index embedding for docid 22: INTERNAL: Unable to find Thing Proto section 
10-31 06:10:31.774 27883  1681 E native  : compactor.cc:67 Could not index embedding for docid 26: INTERNAL: Unable to find Thing Proto section 
10-31 06:10:31.775 27883  1681 E native  : compactor.cc:67 Could not index embedding for docid 27: INTERNAL: Unable to find Thing Proto section 
10-31 06:10:31.824 27883  1681 I native  : flash-index.cc:1519 Flash index sort hb 34 prefix-hits 54 -> 54 at 32.913ms
10-31 06:10:31.856 27883  1681 W native  : words-map.cc:30 INVALID_ARGUMENT: Empty URI
10-31 06:10:31.856 27883  1681 W native  : words-map.cc:34 WordsMap was not properly initialized
10-31 06:10:31.918 27883  1681 I Icing   : updateResources: need to parse acol{com.android.chrome}
10-31 06:10:31.991 27883  1681 I Icing   : Indexing com.android.chrome-omnibox from com.android.chrome
10-31 06:10:32.003   600  1079 I ActivityManager: Start proc 12891:com.android.chrome/u0a35 for content provider com.android.chrome/com.google.android.apps.chrome.icing.IcingProvider
10-31 06:10:32.097 27883  1681 I Icing   : Indexing done com.android.chrome-omnibox
