10-30 12:11:25.836 18315 18336 I cr_CachingUmaRecorder: Flushed 1 samples from 1 histograms.
10-30 12:11:25.864 18340 18340 W boxed_process21: type=1400 audit(0.0:5952): avc: denied { getattr } for path="/data/data/com.android.chrome" dev="dm-2" ino=12190 scontext=u:r:isolated_app:s0:c512,c768 tcontext=u:object_r:app_data_file:s0:c512,c768 tclass=dir permissive=0
10-30 12:11:25.952 18315 18315 I cr_ChildProcessService: Destroying ChildProcessService pid=18315
10-30 12:11:25.953 18272 18272 I cr_ChildProcessService: Destroying ChildProcessService pid=18272
10-30 12:11:25.954 18280 18280 I cr_ChildProcessService: Destroying ChildProcessService pid=18280
10-30 12:11:25.955 18340 18340 I cr_ChildProcessService: Creating new ChildProcessService pid=18340
10-30 12:11:25.956 18272 18332 I chromium: [INFO:child_process_service.cc(69)] ChildProcessService: Exiting child process.
10-30 12:11:25.956 18280 18333 I chromium: [INFO:child_process_service.cc(69)] ChildProcessService: Exiting child process.
10-30 12:11:25.967 18297 18334 I chromium: [INFO:child_process_service.cc(69)] ChildProcessService: Exiting child process.
10-30 12:11:26.004   600  6312 D ActivityManager: cleanUpApplicationRecord -- 18249
10-30 12:11:26.004   600  6312 I ActivityManager: Killing 18315:com.android.chrome:sandboxed_process20/u0a35i558 (adj 0): isolated not needed
10-30 12:11:26.005   600  6312 I ActivityManager: Killing 18297:com.android.chrome:sandboxed_process19/u0a35i557 (adj 0): isolated not needed
10-30 12:11:26.005   600  6312 I ActivityManager: Killing 18280:com.android.chrome:sandboxed_process18/u0a35i556 (adj 0): isolated not needed
10-30 12:11:26.005   600  6312 I ActivityManager: Killing 18272:com.android.chrome:sandboxed_process17/u0a35i555 (adj 0): isolated not needed
10-30 12:11:26.006 17842 17842 W chromium: [WARNING:compositor_view.cc(315)] Child process died (type=6) pid=18249)
10-30 12:11:26.034 18340 18374 I cr_LibraryLoader: Loaded native library version number "85.0.4183.127"
10-30 12:11:26.035 18340 18374 I cr_CachingUmaRecorder: Flushed 1 samples from 1 histograms.
10-30 12:11:26.236 13859 13902 I CastDatabase: Saving the database
10-30 12:11:26.262 18231 18231 I dex2oat : dex2oat took 1.339s (threads: 2) arena alloc=1000KB (1024080B) java alloc=81KB (83240B) native alloc=559KB (573208B) free=2000KB (2048232B)
10-30 12:11:26.290   600 24611 D ActivityManager: cleanUpApplicationRecord -- 18297
10-30 12:11:26.309   600 24515 D ActivityManager: cleanUpApplicationRecord -- 18315
10-30 12:11:26.328   600  7064 D ActivityManager: cleanUpApplicationRecord -- 18175
10-30 12:11:26.343 17842 17842 W chromium: [WARNING:compositor_view.cc(315)] Child process died (type=6) pid=18297)
10-30 12:11:26.348 17842 17842 W chromium: [WARNING:compositor_view.cc(315)] Child process died (type=6) pid=18315)
10-30 12:11:26.363 13859 13907 I Icing   : IndexChimeraService.getServiceInterface callingPackage=com.google.android.gms componentName=null serviceId=30
10-30 12:11:26.373 17842 17842 W chromium: [WARNING:compositor_view.cc(315)] Child process died (type=6) pid=18175)
10-30 12:11:26.392 17842 17852 I art     : Background partial concurrent mark sweep GC freed 9961(513KB) AllocSpace objects, 23(2MB) LOS objects, 39% free, 12MB/20MB, paused 7.152ms total 95.974ms
10-30 12:11:26.475   600  1080 D ActivityManager: cleanUpApplicationRecord -- 18272
10-30 12:11:26.481 17842 17842 W chromium: [WARNING:compositor_view.cc(315)] Child process died (type=6) pid=18272)
10-30 12:11:26.483   600 24515 D ActivityManager: cleanUpApplicationRecord -- 18280
10-30 12:11:26.483 17842 17842 W chromium: [WARNING:compositor_view.cc(315)] Child process died (type=6) pid=18280)
10-30 12:11:26.530 17842 17842 I FeedRequestManagerImpl: Request: /httpservice/noretry/DiscoverClankService/FeedQuery completed with response code: 200
10-30 12:11:26.531 17842 17842 I TaskQueue:  - task [IMMEDIATE - d: true, b: 2]: 15
10-30 12:11:26.531 17842 17842 I TaskQueue:  - queueTask starting immediate task
10-30 12:11:26.540 18101 18101 I cr_ChildProcessService: Destroying ChildProcessService pid=18101
10-30 12:11:26.543 18101 18101 I art     : System.exit called, status: 0
10-30 12:11:26.543 18101 18183 I chromium: [INFO:child_process_service.cc(69)] ChildProcessService: Exiting child process.
10-30 12:11:26.543 18101 18101 I AndroidRuntime: VM exiting with result code 0, cleanup skipped.
10-30 12:11:26.548 17842 17842 W chromium: [WARNING:compositor_view.cc(315)] Child process died (type=6) pid=18107)
10-30 12:11:26.549   600   611 D ActivityManager: cleanUpApplicationRecord -- 18107
10-30 12:11:26.549   600   611 I ActivityManager: Killing 18101:com.android.chrome:sandboxed_process9/u0a35i547 (adj 0): isolated not needed
10-30 12:11:26.586 17842 17892 I TaskQueue: Execute task [IMMEDIATE - d: true, b: 2]: 15
10-30 12:11:26.643 17842 17892 I MainThreadRunner: Running task [FeedRequestManagerImpl consumer] on the Main Thread
10-30 12:11:26.643 17842 17842 I FeedProtocolAdapter: createModel, operations 33
10-30 12:11:26.650 17842 17842 I TimingUtils: Task Timing   5ms, thread ui | task : convertWireProtocol | mutations : 33
10-30 12:11:26.653 17842 17842 I TaskQueue:  - task [HEAD_RESET - d: true, b: 2]: 5
10-30 12:11:26.654 17842 17892 I TaskQueue:  - Finished 15, time 69 ms
10-30 12:11:26.655 17842 17892 I TaskQueue: Execute task [HEAD_RESET - d: true, b: 2]: 5
10-30 12:11:26.663 17842 17892 I TaskQueue:  - task [BACKGROUND - d: true, b: 2]: 23
10-30 12:11:26.664 17842 17892 W SessionCache: Persisted Sessions were not found
10-30 12:11:26.673 17842 17892 I PersistentFeedStore: commitSessionMutation - Success true, Update Session $HEAD, stream structures 32
10-30 12:11:26.682 17842 17892 I MainThreadRunner: Running task [SchedulerApiWrapper onReceiveNewContent] on the Main Thread
10-30 12:11:26.682 17842 17892 I MainThreadRunner: Running task [FeedKnownContentImpl onNewContentReceived] on the Main Thread
10-30 12:11:26.683 17842 17892 I SessionManagerMutation: Cleared Head, new creation time 10-30 12:11:26.664
10-30 12:11:26.683 17842 17892 I TimingUtils: Task Timing  28ms, thread JardinExecutor | task : sessionMutation.commitTask:updateConsumer | mutations : 33 | userInitiated : false
10-30 12:11:26.683 17842 17892 I TaskQueue: Cancelling starvation checks
10-30 12:11:26.683 17842 17892 I TaskQueue:  - Finished 5, time 28 ms
10-30 12:11:26.683 17842 17892 I TaskQueue: Execute task [USER_FACING - d: false, b: 2]: 24
10-30 12:11:26.702 17842 17892 I TimeoutSessionImpl: TimeoutSession.populateModelProvider, shouldAppend false
10-30 12:11:26.702 17842 17892 I SessionImpl: PopulateModelProvider 32 items
10-30 12:11:26.704 17842 17892 I FeedModelProvider: FeedModelProvider - committer, structure changes 31, update changes 0
10-30 12:11:26.707 17842 17892 I FeedModelProvider: SyntheticTokenTracker: 0, 11, 11, false
10-30 12:11:26.708 17842 17892 I FeedSessionManagerImpl: Caching getStreamFeatures - items 31, cache misses 0, cache size 31
10-30 12:11:26.708 17842 17892 I FeedModelProvider: Moving _session:e4a06d8f-d354-477a-bdbb-e8cb8bbcbfab to READY
10-30 12:11:26.708 17842 17892 I MainThreadRunner: Running task [FeedModelProvider onSessionStart] on the Main Thread
10-30 12:11:26.710 17842 17842 I FeedModelProvider: No children found for Cursor
10-30 12:11:26.717 17842 17892 I FeedModelProvider: ModelProvider Mutation committed - structure changes 31, childrenToBind 31, removedChildren false, Token false
10-30 12:11:26.723   600  6312 D ActivityManager: cleanUpApplicationRecord -- 18101
10-30 12:11:26.725 17842 17892 I FeedSessionManagerImpl: Populate new session: _session:e4a06d8f-d354-477a-bdbb-e8cb8bbcbfab, creation time 10-30 12:11:26.702
10-30 12:11:26.725 17842 17892 I TimingUtils: Task Timing  41ms, thread JardinExecutor | task : Create/Populate New Session
10-30 12:11:26.725 17842 17892 I TaskQueue:  - Finished 24, time 41 ms
10-30 12:11:26.725 17842 17892 I TaskQueue: Execute task [BACKGROUND - d: false, b: 1]: 11
10-30 12:11:26.725 17842 17892 I ContentGc: Re-enqueuing triggerContentGc; attempts(0)
10-30 12:11:26.725 17842 17892 I TaskQueue:  - task [BACKGROUND - d: false, b: 1]: 11
10-30 12:11:26.726 17842 17892 I TaskQueue:  - Finished 11, time 0 ms
10-30 12:11:26.726 17842 17892 I TaskQueue: Execute task [BACKGROUND - d: false, b: 1]: 23
10-30 12:11:26.755 17842 17842 W chromium: [WARNING:compositor_view.cc(315)] Child process died (type=6) pid=18101)
10-30 12:11:26.833   600  9614 D ActivityManager: cleanUpApplicationRecord -- 18121
10-30 12:11:26.850   600  1076 D ActivityManager: cleanUpApplicationRecord -- 18184
10-30 12:11:26.864 17842 17842 W chromium: [WARNING:compositor_view.cc(315)] Child process died (type=6) pid=18184)
10-30 12:11:26.870 17842 17842 W chromium: [WARNING:compositor_view.cc(315)] Child process died (type=6) pid=18121)
10-30 12:11:26.870 17842 17902 W chromium: [WARNING:spdy_session.cc(3090)] Received RST for invalid stream1
10-30 12:11:26.888 17842 17892 I TimingUtils: Task Timing 161ms, thread JardinExecutor | task : commitContentMutation | mutations : 32
10-30 12:11:26.889 17842 17892 I TimingUtils: Task Timing   0ms, thread JardinExecutor | task : commitSemanticPropertiesMutation | mutations : 0
10-30 12:11:26.889 17842 17892 I TaskQueue:  - Finished 23, time 164 ms
10-30 12:11:26.889 17842 17892 I TaskQueue: Execute task [BACKGROUND - d: false, b: 0]: 11
10-30 12:11:26.890 17842 17892 I SessionCache: Determining accessible content
10-30 12:11:26.893 17842 17892 I TimingUtils: Task Timing   4ms, thread JardinExecutor | task : ContentGc | contentItemsRemoved : 0
10-30 12:11:26.894 17842 17892 I TaskQueue:  - Finished 11, time 4 ms
10-30 12:11:26.929 13859 13900 I Icing   : Usage reports ok 1, Failed Usage reports 0, indexed 0, rejected 0
10-30 12:11:26.930 13859 13900 I Icing   : Removing corpus key com.android.chrome-omnibox for package com.android.chrome
10-30 12:11:27.019 13859 13902 E SQLiteCastStore: Skip saving CastDeviceInfo: "Nearby device" (__cast_nearby___V_9712c831-bbc0-4f05-bcfe-ac40431d4d6e)
10-30 12:11:27.304 13859 13902 I SQLiteCastStore: [CastNetworkInfo] saved: 2, skipped: 0, [CastDeviceInfo]: saved 1, skipped 1, [Paired Guest Mode DeviceInfo] saved: 0, skipped: 0. [ProbedNetworks]: saved 0, skipped: 0, [ProbedSocketAddress]: saved 1, skipped: 0, [Network-Device pairs]: saved: 2
10-30 12:11:27.564 13859 13900 I native  : document-store.cc:1654 Scored 1712 usage reports, missing_corpora 900 update_failed 1
10-30 12:11:27.662 13859 13900 W Icing   : No valid account for uploading user actions
10-30 12:11:27.684 13859 13900 I Icing   : Usage reports ok 0, Failed Usage reports 0, indexed 0, rejected 0
10-30 12:11:27.690 13859 13900 W Icing   : No valid account for uploading user actions
10-30 12:11:27.712 13859 13900 I Icing   : Usage reports ok 0, Failed Usage reports 0, indexed 0, rejected 0
10-30 12:11:27.713 13859 13900 I Icing   : Indexing com.android.chrome-omnibox from com.android.chrome
10-30 12:11:28.079 13859 13900 I Icing   : Indexing done com.android.chrome-omnibox
10-30 12:11:28.301 17842 17899 I cr_omaha: Request to Server Successful. Timestamp for next request:1667131888301
10-30 12:11:28.305 17842 17897 W InstanceID: Instance ID SDK is deprecated, com.android.chrome should update to use Firebase Instance ID
10-30 12:11:28.402 17842 17899 I cr_omaha: Request to Server Successful. Timestamp for next request:1667131888402
10-30 12:11:28.402 17842 17899 I cr_omaha: Attempting to schedule next job for: Sun Oct 30 17:11:27 GMT+01:00 2022
10-30 12:11:28.406 17842 17842 I cr_omaha: Scheduled using JobService
10-30 12:11:28.408 17842 17842 E cr_BkgrdTaskJS: Tried finishing non-current BackgroundTask.
10-30 12:11:28.798 17842 17842 E cr_BTSPrefs: No data found for task id: 53
10-30 12:11:28.798 17842 17842 E cr_BkgrdTaskScheduler: Task cannot be canceled because no data was found instorage or data was invalid
10-30 12:11:29.439   787  1620 W Icing   : isOptedInForAppHistory: empty Account Name encountered
10-30 12:11:29.474   787  1620 W Icing   : isOptedInForAppHistory: empty Account Name encountered
10-30 12:11:30.122   787 13437 W Icing   : isOptedInForAppHistory: empty Account Name encountered
10-30 12:11:33.382 17842 17842 E cr_BTSPrefs: No data found for task id: 57
10-30 12:11:33.382 17842 17842 E cr_BkgrdTaskScheduler: Task cannot be canceled because no data was found instorage or data was invalid
10-30 12:11:33.382 17842 17842 E cr_BTSPrefs: No data found for task id: 56
10-30 12:11:33.382 17842 17842 E cr_BkgrdTaskScheduler: Task cannot be canceled because no data was found instorage or data was invalid
10-30 12:11:35.944 17842 17842 I cr_tabmodel: Appending tabs being restored to metadata lists, 0, startingNormalCount: 2, startingIncognitoCount: 0
10-30 12:11:35.944 17842 17842 I cr_tabmodel: Serializing tab lists; counts: 2, 0
10-30 12:11:39.977 18420 18420 D AndroidRuntime: >>>>>> START com.android.internal.os.RuntimeInit uid 2000 <<<<<<
10-30 12:11:39.980 18420 18420 D AndroidRuntime: CheckJNI is OFF
10-30 12:11:40.044 18420 18420 D ICU     : No timezone override file found: /data/misc/zoneinfo/current/icu/icu_tzdata.dat
10-30 12:11:40.077 18420 18420 I Radio-JNI: register_android_hardware_Radio DONE
10-30 12:11:40.092 18420 18420 D AndroidRuntime: Calling main entry com.android.commands.monkey.Monkey
10-30 12:11:40.165   600   613 W BroadcastQueue: Skipping deliver [background] BroadcastRecord{f222378 u-1 android.net.conn.CONNECTIVITY_CHANGE} to ReceiverList{f27da51 18420 (unknown name)/2000/u-1 remote:56681ea}: process crashing
10-30 12:11:41.915 18420 18420 D MonkeyStub: translateCommand: wake
10-30 12:11:42.098 18420 18420 D MonkeyStub: translateCommand: touch down 614 1561
10-30 12:11:42.115 18420 18420 D MonkeyStub: translateCommand: touch move 614 1561
10-30 12:11:42.225 18420 18420 D MonkeyStub: translateCommand: touch move 614 1436
10-30 12:11:42.331 18420 18420 D MonkeyStub: translateCommand: touch move 614 1311
10-30 12:11:42.445 18420 18420 D MonkeyStub: translateCommand: touch move 614 1186
10-30 12:11:42.556 18420 18420 D MonkeyStub: translateCommand: touch move 614 1061
10-30 12:11:42.675 18420 18420 D MonkeyStub: translateCommand: touch move 614 937
10-30 12:11:42.779 18420 18420 D MonkeyStub: translateCommand: touch move 614 812
10-30 12:11:42.886 18420 18420 D MonkeyStub: translateCommand: touch move 614 687
10-30 12:11:42.995 18420 18420 D MonkeyStub: translateCommand: touch move 614 562
10-30 12:11:43.104 18420 18420 D MonkeyStub: translateCommand: touch move 614 437
10-30 12:11:43.212 18420 18420 D MonkeyStub: translateCommand: touch move 614 312
10-30 12:11:43.216 18420 18420 D MonkeyStub: translateCommand: touch up 614 312
10-30 12:11:45.264 18420 18420 D MonkeyStub: translateCommand: touch down 614 1561
10-30 12:11:45.272 18420 18420 D MonkeyStub: translateCommand: touch move 614 1561
10-30 12:11:45.392 18420 18420 D MonkeyStub: translateCommand: touch move 614 1436
10-30 12:11:45.500 18420 18420 D MonkeyStub: translateCommand: touch move 614 1311
10-30 12:11:45.609 18420 18420 D MonkeyStub: translateCommand: touch move 614 1186
10-30 12:11:45.720 18420 18420 D MonkeyStub: translateCommand: touch move 614 1061
10-30 12:11:45.836 18420 18420 D MonkeyStub: translateCommand: touch move 614 937
10-30 12:11:45.957 18420 18420 D MonkeyStub: translateCommand: touch move 614 812
10-30 12:11:46.063 18420 18420 D MonkeyStub: translateCommand: touch move 614 687
10-30 12:11:46.175 18420 18420 D MonkeyStub: translateCommand: touch move 614 562
10-30 12:11:46.281 18420 18420 D MonkeyStub: translateCommand: touch move 614 437
10-30 12:11:46.387 18420 18420 D MonkeyStub: translateCommand: touch move 614 312
10-30 12:11:46.392 18420 18420 D MonkeyStub: translateCommand: touch up 614 312
10-30 12:11:46.422 18420 18420 D MonkeyStub: translateCommand: touch down 614 1561
10-30 12:11:46.426 18420 18420 D MonkeyStub: translateCommand: touch move 614 1561
10-30 12:11:46.533 18420 18420 D MonkeyStub: translateCommand: touch move 614 1436
10-30 12:11:46.643 18420 18420 D MonkeyStub: translateCommand: touch move 614 1311
10-30 12:11:46.757 18420 18420 D MonkeyStub: translateCommand: touch move 614 1186
10-30 12:11:46.895 18420 18420 D MonkeyStub: translateCommand: touch move 614 1061
10-30 12:11:47.037 18420 18420 D MonkeyStub: translateCommand: touch move 614 937
10-30 12:11:47.147 18420 18420 D MonkeyStub: translateCommand: touch move 614 812
10-30 12:11:47.252 18420 18420 D MonkeyStub: translateCommand: touch move 614 687
10-30 12:11:47.410 18420 18420 D MonkeyStub: translateCommand: touch move 614 562
10-30 12:11:47.551 18420 18420 D MonkeyStub: translateCommand: touch move 614 437
10-30 12:11:47.665 18420 18420 D MonkeyStub: translateCommand: touch move 614 312
10-30 12:11:47.671 18420 18420 D MonkeyStub: translateCommand: touch up 614 312
10-30 12:11:52.729 18420 18420 D MonkeyStub: translateCommand: touch down 614 1561
10-30 12:11:52.737 18420 18420 D MonkeyStub: translateCommand: touch move 614 1561
10-30 12:11:52.845 18420 18420 D MonkeyStub: translateCommand: touch move 614 1436
10-30 12:11:52.953 18420 18420 D MonkeyStub: translateCommand: touch move 614 1311
10-30 12:11:53.066 18420 18420 D MonkeyStub: translateCommand: touch move 614 1186
10-30 12:11:53.177 18420 18420 D MonkeyStub: translateCommand: touch move 614 1061
10-30 12:11:53.287 18420 18420 D MonkeyStub: translateCommand: touch move 614 937
10-30 12:11:53.401 18420 18420 D MonkeyStub: translateCommand: touch move 614 812
10-30 12:11:53.513 18420 18420 D MonkeyStub: translateCommand: touch move 614 687
10-30 12:11:53.632 18420 18420 D MonkeyStub: translateCommand: touch move 614 562
10-30 12:11:53.742 18420 18420 D MonkeyStub: translateCommand: touch move 614 437
10-30 12:11:53.853 18420 18420 D MonkeyStub: translateCommand: touch move 614 312
10-30 12:11:53.858 18420 18420 D MonkeyStub: translateCommand: touch up 614 312
10-30 12:11:53.884 18420 18420 D MonkeyStub: translateCommand: touch down 614 1561
10-30 12:11:53.891 18420 18420 D MonkeyStub: translateCommand: touch move 614 1561
10-30 12:11:54.000 18420 18420 D MonkeyStub: translateCommand: touch move 614 1436
10-30 12:11:54.129 18420 18420 D MonkeyStub: translateCommand: touch move 614 1311
10-30 12:11:54.246 18420 18420 D MonkeyStub: translateCommand: touch move 614 1186
10-30 12:11:54.359 18420 18420 D MonkeyStub: translateCommand: touch move 614 1061
10-30 12:11:54.478 18420 18420 D MonkeyStub: translateCommand: touch move 614 937
10-30 12:11:54.588 18420 18420 D MonkeyStub: translateCommand: touch move 614 812
10-30 12:11:54.696 18420 18420 D MonkeyStub: translateCommand: touch move 614 687
10-30 12:11:54.811 18420 18420 D MonkeyStub: translateCommand: touch move 614 562
10-30 12:11:54.916 18420 18420 D MonkeyStub: translateCommand: touch move 614 437
10-30 12:11:55.021 18420 18420 D MonkeyStub: translateCommand: touch move 614 312
10-30 12:11:55.026 18420 18420 D MonkeyStub: translateCommand: touch up 614 312
10-30 12:11:56.578 13859 13907 I Icing   : IndexChimeraService.getServiceInterface callingPackage=com.android.chrome componentName=null serviceId=36
10-30 12:11:56.603 13859 13902 W Icing   : No valid account for uploading user actions
10-30 12:11:56.623 13859 13907 I Icing   : IndexChimeraService.getServiceInterface callingPackage=com.google.android.gms componentName=null serviceId=30
10-30 12:11:56.683 13859 13902 I Icing   : Usage reports ok 1, Failed Usage reports 0, indexed 1, rejected 0
10-30 12:11:56.687 13859 13902 W Icing   : No valid account for uploading user actions
10-30 12:11:56.694 13859 13902 I Icing   : Usage reports ok 0, Failed Usage reports 0, indexed 0, rejected 0
10-30 12:11:56.696 13859 13902 I Icing   : Indexing com.android.chrome-omnibox from com.android.chrome
10-30 12:11:56.705 13859 13902 I Icing   : Indexing done com.android.chrome-omnibox
10-30 12:11:57.221 18420 18420 D MonkeyStub: translateCommand: touch down 614 1561
10-30 12:11:57.229 18420 18420 D MonkeyStub: translateCommand: touch move 614 1561
10-30 12:11:57.335 18420 18420 D MonkeyStub: translateCommand: touch move 614 1436
10-30 12:11:57.440 18420 18420 D MonkeyStub: translateCommand: touch move 614 1311
10-30 12:11:57.550 18420 18420 D MonkeyStub: translateCommand: touch move 614 1186
10-30 12:11:57.660 18420 18420 D MonkeyStub: translateCommand: touch move 614 1061
10-30 12:11:57.767 18420 18420 D MonkeyStub: translateCommand: touch move 614 937
10-30 12:11:57.882 18420 18420 D MonkeyStub: translateCommand: touch move 614 812
10-30 12:11:57.992 18420 18420 D MonkeyStub: translateCommand: touch move 614 687
10-30 12:11:58.103 18420 18420 D MonkeyStub: translateCommand: touch move 614 562
10-30 12:11:58.212 18420 18420 D MonkeyStub: translateCommand: touch move 614 437
10-30 12:11:58.324 18420 18420 D MonkeyStub: translateCommand: touch move 614 312
10-30 12:11:58.340 18420 18420 D MonkeyStub: translateCommand: touch up 614 312
10-30 12:12:00.392 18420 18420 D MonkeyStub: translateCommand: tap 1219 554
10-30 12:12:00.811   787  1259 E AsyncOperation: serviceID=121, operation=GetLaunchDataOperation [CONTEXT service_id=259 ]
10-30 12:12:00.811   787  1259 E AsyncOperation: OperationException[Status{statusCode=Not an instant app, resolution=null}]
10-30 12:12:00.811   787  1259 E AsyncOperation: 	at aeay.a(:com.google.android.gms@203915020@20.39.15 (040406-335085812):20)
10-30 12:12:00.811   787  1259 E AsyncOperation: 	at aain.run(:com.google.android.gms@203915020@20.39.15 (040406-335085812):7)
10-30 12:12:00.811   787  1259 E AsyncOperation: 	at boex.run(:com.google.android.gms@203915020@20.39.15 (040406-335085812):2)
10-30 12:12:00.811   787  1259 E AsyncOperation: 	at sup.b(:com.google.android.gms@203915020@20.39.15 (040406-335085812):12)
10-30 12:12:00.811   787  1259 E AsyncOperation: 	at sup.run(:com.google.android.gms@203915020@20.39.15 (040406-335085812):7)
10-30 12:12:00.811   787  1259 E AsyncOperation: 	at java.util.concurrent.ThreadPoolExecutor.runWorker(ThreadPoolExecutor.java:1133)
10-30 12:12:00.811   787  1259 E AsyncOperation: 	at java.util.concurrent.ThreadPoolExecutor$Worker.run(ThreadPoolExecutor.java:607)
10-30 12:12:00.811   787  1259 E AsyncOperation: 	at tam.run(:com.google.android.gms@203915020@20.39.15 (040406-335085812):0)
10-30 12:12:00.811   787  1259 E AsyncOperation: 	at java.lang.Thread.run(Thread.java:761)
10-30 12:12:01.940   787 28591 W Icing   : isOptedInForAppHistory: empty Account Name encountered
10-30 12:12:01.956   787 28591 W Icing   : isOptedInForAppHistory: empty Account Name encountered
10-30 12:12:01.970   787 13447 W Icing   : isOptedInForAppHistory: empty Account Name encountered
10-30 12:12:04.063   600  3507 I ActivityManager: Start proc 18464:com.android.chrome:sandboxed_process22/u0i560 for service com.android.chrome/org.chromium.content.app.SandboxedProcessService22
10-30 12:12:04.117 18464 18464 W boxed_process22: type=1400 audit(0.0:5953): avc: denied { getattr } for path="/data/data/com.android.chrome" dev="dm-2" ino=12190 scontext=u:r:isolated_app:s0:c512,c768 tcontext=u:object_r:app_data_file:s0:c512,c768 tclass=dir permissive=0
10-30 12:12:04.144 18464 18464 I cr_ChildProcessService: Creating new ChildProcessService pid=18464
10-30 12:12:04.206 18464 18477 I cr_LibraryLoader: Loaded native library version number "85.0.4183.127"
10-30 12:12:04.207 18464 18477 I cr_CachingUmaRecorder: Flushed 1 samples from 1 histograms.
10-30 12:12:04.250 18477 18477 W CrUtilityMain: type=1400 audit(0.0:5954): avc: denied { setattr } for name="LICENSE.txt" dev="dm-2" ino=60209 scontext=u:r:isolated_app:s0:c512,c768 tcontext=u:object_r:app_data_file:s0:c512,c768 tclass=file permissive=0
10-30 12:12:04.250 18477 18477 W CrUtilityMain: type=1400 audit(0.0:5955): avc: denied { setattr } for name=46696C746572696E672052756C6573 dev="dm-2" ino=60150 scontext=u:r:isolated_app:s0:c512,c768 tcontext=u:object_r:app_data_file:s0:c512,c768 tclass=file permissive=0
10-30 12:12:04.254 18477 18477 W CrUtilityMain: type=1400 audit(0.0:5956): avc: denied { setattr } for name="manifest.json" dev="dm-2" ino=60466 scontext=u:r:isolated_app:s0:c512,c768 tcontext=u:object_r:app_data_file:s0:c512,c768 tclass=file permissive=0
10-30 12:12:04.260 18477 18477 W CrUtilityMain: type=1400 audit(0.0:5957): avc: denied { setattr } for name="verified_contents.json" dev="dm-2" ino=60650 scontext=u:r:isolated_app:s0:c512,c768 tcontext=u:object_r:app_data_file:s0:c512,c768 tclass=file permissive=0
10-30 12:12:04.277 18464 18464 I cr_ChildProcessService: Destroying ChildProcessService pid=18464
10-30 12:12:04.389 18464 18477 I chromium: [INFO:child_process_service.cc(69)] ChildProcessService: Exiting child process.
10-30 12:12:04.688   600   713 I ActivityManager: Process com.android.chrome:sandboxed_process22 (pid 18464) has died
10-30 12:12:04.688   600   713 D ActivityManager: cleanUpApplicationRecord -- 18464
10-30 12:12:04.735 17842 17842 W chromium: [WARNING:compositor_view.cc(315)] Child process died (type=6) pid=18464)
10-30 12:12:04.785   600  1080 I ActivityManager: Start proc 18484:com.android.chrome:sandboxed_process23/u0i561 for service com.android.chrome/org.chromium.content.app.SandboxedProcessService23
10-30 12:12:04.920 18484 18484 W boxed_process23: type=1400 audit(0.0:5958): avc: denied { getattr } for path="/data/data/com.android.chrome" dev="dm-2" ino=12190 scontext=u:r:isolated_app:s0:c512,c768 tcontext=u:object_r:app_data_file:s0:c512,c768 tclass=dir permissive=0
10-30 12:12:05.002 18484 18484 I cr_ChildProcessService: Creating new ChildProcessService pid=18484
10-30 12:12:05.044   600   609 I art     : Background partial concurrent mark sweep GC freed 90431(5MB) AllocSpace objects, 46(1780KB) LOS objects, 33% free, 15MB/23MB, paused 1.016ms total 191.256ms
10-30 12:12:05.090 18484 18497 I cr_LibraryLoader: Loaded native library version number "85.0.4183.127"
10-30 12:12:05.091 18484 18497 I cr_CachingUmaRecorder: Flushed 1 samples from 1 histograms.
10-30 12:12:05.110 18497 18497 W CrUtilityMain: type=1400 audit(0.0:5959): avc: denied { setattr } for name="optimization-hints.pb" dev="dm-2" ino=59532 scontext=u:r:isolated_app:s0:c512,c768 tcontext=u:object_r:app_data_file:s0:c512,c768 tclass=file permissive=0
10-30 12:12:05.110 18497 18497 W CrUtilityMain: type=1400 audit(0.0:5960): avc: denied { setattr } for name="manifest.json" dev="dm-2" ino=59247 scontext=u:r:isolated_app:s0:c512,c768 tcontext=u:object_r:app_data_file:s0:c512,c768 tclass=file permissive=0
10-30 12:12:05.114 18497 18497 W CrUtilityMain: type=1400 audit(0.0:5961): avc: denied { setattr } for name="verified_contents.json" dev="dm-2" ino=59333 scontext=u:r:isolated_app:s0:c512,c768 tcontext=u:object_r:app_data_file:s0:c512,c768 tclass=file permissive=0
10-30 12:12:05.125 18484 18484 I cr_ChildProcessService: Destroying ChildProcessService pid=18484
10-30 12:12:05.127 18484 18497 I chromium: [INFO:child_process_service.cc(69)] ChildProcessService: Exiting child process.
10-30 12:12:05.146   600 17381 I ActivityManager: Process com.android.chrome:sandboxed_process23 (pid 18484) has died
10-30 12:12:05.147   600 17381 D ActivityManager: cleanUpApplicationRecord -- 18484
10-30 12:12:05.154 17842 17842 W chromium: [WARNING:compositor_view.cc(315)] Child process died (type=6) pid=18484)
10-30 12:12:06.030   600  9614 I ActivityManager: Start proc 18503:com.android.chrome:sandboxed_process24/u0i562 for service com.android.chrome/org.chromium.content.app.SandboxedProcessService24
10-30 12:12:06.104 18503 18503 W boxed_process24: type=1400 audit(0.0:5962): avc: denied { getattr } for path="/data/data/com.android.chrome" dev="dm-2" ino=12190 scontext=u:r:isolated_app:s0:c512,c768 tcontext=u:object_r:app_data_file:s0:c512,c768 tclass=dir permissive=0
10-30 12:12:06.135 17842 17842 I cr_tabmodel: Appending tabs being restored to metadata lists, 0, startingNormalCount: 2, startingIncognitoCount: 0
10-30 12:12:06.135 17842 17842 I cr_tabmodel: Serializing tab lists; counts: 2, 0
10-30 12:12:06.148 18503 18503 I cr_ChildProcessService: Creating new ChildProcessService pid=18503
10-30 12:12:06.221 18503 18516 I cr_LibraryLoader: Loaded native library version number "85.0.4183.127"
10-30 12:12:06.221 18503 18516 I cr_CachingUmaRecorder: Flushed 1 samples from 1 histograms.
10-30 12:12:06.264 18516 18516 W CrUtilityMain: type=1400 audit(0.0:5963): avc: denied { setattr } for name="crl-set" dev="dm-2" ino=60371 scontext=u:r:isolated_app:s0:c512,c768 tcontext=u:object_r:app_data_file:s0:c512,c768 tclass=file permissive=0
10-30 12:12:06.267 18516 18516 W CrUtilityMain: type=1400 audit(0.0:5964): avc: denied { setattr } for name="manifest.json" dev="dm-2" ino=60299 scontext=u:r:isolated_app:s0:c512,c768 tcontext=u:object_r:app_data_file:s0:c512,c768 tclass=file permissive=0
10-30 12:12:06.267 18516 18516 W CrUtilityMain: type=1400 audit(0.0:5965): avc: denied { setattr } for name="LICENSE" dev="dm-2" ino=60175 scontext=u:r:isolated_app:s0:c512,c768 tcontext=u:object_r:app_data_file:s0:c512,c768 tclass=file permissive=0
10-30 12:12:06.274 18516 18516 W CrUtilityMain: type=1400 audit(0.0:5966): avc: denied { setattr } for name="verified_contents.json" dev="dm-2" ino=60324 scontext=u:r:isolated_app:s0:c512,c768 tcontext=u:object_r:app_data_file:s0:c512,c768 tclass=file permissive=0
10-30 12:12:06.296 18503 18503 I cr_ChildProcessService: Destroying ChildProcessService pid=18503
10-30 12:12:06.297 18503 18516 I chromium: [INFO:child_process_service.cc(69)] ChildProcessService: Exiting child process.
10-30 12:12:06.343   600   713 I ActivityManager: Process com.android.chrome:sandboxed_process24 (pid 18503) has died
10-30 12:12:06.343   600   713 D ActivityManager: cleanUpApplicationRecord -- 18503
10-30 12:12:06.348 17842 17842 W chromium: [WARNING:compositor_view.cc(315)] Child process died (type=6) pid=18503)
10-30 12:12:07.522   600 29683 I ActivityManager: Start proc 18526:com.android.chrome:sandboxed_process25/u0i563 for service com.android.chrome/org.chromium.content.app.SandboxedProcessService25
10-30 12:12:07.580 18526 18526 W boxed_process25: type=1400 audit(0.0:5967): avc: denied { getattr } for path="/data/data/com.android.chrome" dev="dm-2" ino=12190 scontext=u:r:isolated_app:s0:c512,c768 tcontext=u:object_r:app_data_file:s0:c512,c768 tclass=dir permissive=0
10-30 12:12:07.606 18526 18526 I cr_ChildProcessService: Creating new ChildProcessService pid=18526
10-30 12:12:07.645 18526 18539 I cr_LibraryLoader: Loaded native library version number "85.0.4183.127"
10-30 12:12:07.645 18526 18539 I cr_CachingUmaRecorder: Flushed 1 samples from 1 histograms.
10-30 12:12:07.657 18539 18539 W CrUtilityMain: type=1400 audit(0.0:5968): avc: denied { setattr } for name="manifest.json" dev="dm-2" ino=59053 scontext=u:r:isolated_app:s0:c512,c768 tcontext=u:object_r:app_data_file:s0:c512,c768 tclass=file permissive=0
10-30 12:12:07.657 18539 18539 W CrUtilityMain: type=1400 audit(0.0:5969): avc: denied { setattr } for name="verified_contents.json" dev="dm-2" ino=60483 scontext=u:r:isolated_app:s0:c512,c768 tcontext=u:object_r:app_data_file:s0:c512,c768 tclass=file permissive=0
10-30 12:12:07.668 18526 18526 I cr_ChildProcessService: Destroying ChildProcessService pid=18526
10-30 12:12:07.669 18526 18539 I chromium: [INFO:child_process_service.cc(69)] ChildProcessService: Exiting child process.
10-30 12:12:07.693   600  3507 I ActivityManager: Process com.android.chrome:sandboxed_process25 (pid 18526) has died
10-30 12:12:07.693   600  3507 D ActivityManager: cleanUpApplicationRecord -- 18526
10-30 12:12:07.695 17842 17842 W chromium: [WARNING:compositor_view.cc(315)] Child process died (type=6) pid=18526)
10-30 12:12:08.486 18420 18420 D MonkeyStub: translateCommand: touch down 614 1561
10-30 12:12:08.495 18420 18420 D MonkeyStub: translateCommand: touch move 614 1561
10-30 12:12:08.608 18420 18420 D MonkeyStub: translateCommand: touch move 614 1436
10-30 12:12:08.725 18420 18420 D MonkeyStub: translateCommand: touch move 614 1311
10-30 12:12:08.839 18420 18420 D MonkeyStub: translateCommand: touch move 614 1186
10-30 12:12:08.948 18420 18420 D MonkeyStub: translateCommand: touch move 614 1061
10-30 12:12:09.052 18420 18420 D MonkeyStub: translateCommand: touch move 614 937
10-30 12:12:09.098   600  3509 I ActivityManager: Start proc 18545:com.android.chrome:sandboxed_process26/u0i564 for service com.android.chrome/org.chromium.content.app.SandboxedProcessService26
10-30 12:12:09.147 18545 18545 W boxed_process26: type=1400 audit(0.0:5970): avc: denied { getattr } for path="/data/data/com.android.chrome" dev="dm-2" ino=12190 scontext=u:r:isolated_app:s0:c512,c768 tcontext=u:object_r:app_data_file:s0:c512,c768 tclass=dir permissive=0
10-30 12:12:09.163 18420 18420 D MonkeyStub: translateCommand: touch move 614 812
10-30 12:12:09.172 18545 18545 I cr_ChildProcessService: Creating new ChildProcessService pid=18545
10-30 12:12:09.237 18545 18558 I cr_LibraryLoader: Loaded native library version number "85.0.4183.127"
10-30 12:12:09.237 18545 18558 I cr_CachingUmaRecorder: Flushed 1 samples from 1 histograms.
10-30 12:12:09.250 18558 18558 W CrUtilityMain: type=1400 audit(0.0:5971): avc: denied { setattr } for name="download_file_types.pb" dev="dm-2" ino=22776 scontext=u:r:isolated_app:s0:c512,c768 tcontext=u:object_r:app_data_file:s0:c512,c768 tclass=file permissive=0
10-30 12:12:09.250 18558 18558 W CrUtilityMain: type=1400 audit(0.0:5972): avc: denied { setattr } for name="manifest.json" dev="dm-2" ino=55725 scontext=u:r:isolated_app:s0:c512,c768 tcontext=u:object_r:app_data_file:s0:c512,c768 tclass=file permissive=0
10-30 12:12:09.254 18558 18558 W CrUtilityMain: type=1400 audit(0.0:5973): avc: denied { setattr } for name="verified_contents.json" dev="dm-2" ino=56823 scontext=u:r:isolated_app:s0:c512,c768 tcontext=u:object_r:app_data_file:s0:c512,c768 tclass=file permissive=0
10-30 12:12:09.264 18545 18545 I cr_ChildProcessService: Destroying ChildProcessService pid=18545
10-30 12:12:09.265 18545 18558 I chromium: [INFO:child_process_service.cc(69)] ChildProcessService: Exiting child process.
10-30 12:12:09.270 18420 18420 D MonkeyStub: translateCommand: touch move 614 687
10-30 12:12:09.290   600 24611 I ActivityManager: Process com.android.chrome:sandboxed_process26 (pid 18545) has died
10-30 12:12:09.290   600 24611 D ActivityManager: cleanUpApplicationRecord -- 18545
10-30 12:12:09.299 17842 17842 W chromium: [WARNING:compositor_view.cc(315)] Child process died (type=6) pid=18545)
10-30 12:12:09.379 18420 18420 D MonkeyStub: translateCommand: touch move 614 562
10-30 12:12:09.493 18420 18420 D MonkeyStub: translateCommand: touch move 614 437
10-30 12:12:09.607 18420 18420 D MonkeyStub: translateCommand: touch move 614 312
10-30 12:12:09.611 18420 18420 D MonkeyStub: translateCommand: touch up 614 312
10-30 12:12:10.947   600  3994 I ActivityManager: Start proc 18564:com.android.chrome:sandboxed_process27/u0i565 for service com.android.chrome/org.chromium.content.app.SandboxedProcessService27
10-30 12:12:10.990 18564 18564 W boxed_process27: type=1400 audit(0.0:5974): avc: denied { getattr } for path="/data/data/com.android.chrome" dev="dm-2" ino=12190 scontext=u:r:isolated_app:s0:c512,c768 tcontext=u:object_r:app_data_file:s0:c512,c768 tclass=dir permissive=0
10-30 12:12:11.013 18564 18564 I cr_ChildProcessService: Creating new ChildProcessService pid=18564
10-30 12:12:11.052 18564 18577 I cr_LibraryLoader: Loaded native library version number "85.0.4183.127"
10-30 12:12:11.053 18564 18577 I cr_CachingUmaRecorder: Flushed 1 samples from 1 histograms.
10-30 12:12:11.070 18577 18577 W CrUtilityMain: type=1400 audit(0.0:5975): avc: denied { setattr } for name="ssl_error_assistant.pb" dev="dm-2" ino=57430 scontext=u:r:isolated_app:s0:c512,c768 tcontext=u:object_r:app_data_file:s0:c512,c768 tclass=file permissive=0
10-30 12:12:11.070 18577 18577 W CrUtilityMain: type=1400 audit(0.0:5976): avc: denied { setattr } for name="manifest.json" dev="dm-2" ino=56486 scontext=u:r:isolated_app:s0:c512,c768 tcontext=u:object_r:app_data_file:s0:c512,c768 tclass=file permissive=0
10-30 12:12:11.070 18577 18577 W CrUtilityMain: type=1400 audit(0.0:5977): avc: denied { setattr } for name="verified_contents.json" dev="dm-2" ino=57879 scontext=u:r:isolated_app:s0:c512,c768 tcontext=u:object_r:app_data_file:s0:c512,c768 tclass=file permissive=0
10-30 12:12:11.082 18564 18564 I cr_ChildProcessService: Destroying ChildProcessService pid=18564
10-30 12:12:11.082 18564 18577 I chromium: [INFO:child_process_service.cc(69)] ChildProcessService: Exiting child process.
10-30 12:12:11.097   600   713 I ActivityManager: Process com.android.chrome:sandboxed_process27 (pid 18564) has died
10-30 12:12:11.097   600   713 D ActivityManager: cleanUpApplicationRecord -- 18564
10-30 12:12:11.099 17842 17842 W chromium: [WARNING:compositor_view.cc(315)] Child process died (type=6) pid=18564)
10-30 12:12:11.583   198   198 E SELinux : avc:  denied  { find } for service=netd pid=18584 uid=2000 scontext=u:r:shell:s0 tcontext=u:object_r:netd_service:s0 tclass=service_manager permissive=0
10-30 12:12:11.588   198   198 E SELinux : avc:  denied  { find } for service=android.service.gatekeeper.IGateKeeperService pid=18584 uid=2000 scontext=u:r:shell:s0 tcontext=u:object_r:gatekeeper_service:s0 tclass=service_manager permissive=0
10-30 12:12:13.067   600 29683 I ActivityManager: Start proc 18585:com.android.chrome:sandboxed_process28/u0i566 for service com.android.chrome/org.chromium.content.app.SandboxedProcessService28
10-30 12:12:13.117 18585 18585 W boxed_process28: type=1400 audit(0.0:5978): avc: denied { getattr } for path="/data/data/com.android.chrome" dev="dm-2" ino=12190 scontext=u:r:isolated_app:s0:c512,c768 tcontext=u:object_r:app_data_file:s0:c512,c768 tclass=dir permissive=0
10-30 12:12:13.143 18585 18585 I cr_ChildProcessService: Creating new ChildProcessService pid=18585
10-30 12:12:13.187 18585 18598 I cr_LibraryLoader: Loaded native library version number "85.0.4183.127"
10-30 12:12:13.188 18585 18598 I cr_CachingUmaRecorder: Flushed 1 samples from 1 histograms.
10-30 12:12:13.204 18598 18598 W CrUtilityMain: type=1400 audit(0.0:5979): avc: denied { setattr } for name="safety_tips.pb" dev="dm-2" ino=60328 scontext=u:r:isolated_app:s0:c512,c768 tcontext=u:object_r:app_data_file:s0:c512,c768 tclass=file permissive=0
10-30 12:12:13.204 18598 18598 W CrUtilityMain: type=1400 audit(0.0:5980): avc: denied { setattr } for name="manifest.json" dev="dm-2" ino=57956 scontext=u:r:isolated_app:s0:c512,c768 tcontext=u:object_r:app_data_file:s0:c512,c768 tclass=file permissive=0
10-30 12:12:13.207 18598 18598 W CrUtilityMain: type=1400 audit(0.0:5981): avc: denied { setattr } for name="verified_contents.json" dev="dm-2" ino=60474 scontext=u:r:isolated_app:s0:c512,c768 tcontext=u:object_r:app_data_file:s0:c512,c768 tclass=file permissive=0
10-30 12:12:13.217 18585 18585 I cr_ChildProcessService: Destroying ChildProcessService pid=18585
10-30 12:12:13.218 18585 18598 I chromium: [INFO:child_process_service.cc(69)] ChildProcessService: Exiting child process.
10-30 12:12:13.240   600  1079 I ActivityManager: Process com.android.chrome:sandboxed_process28 (pid 18585) has died
10-30 12:12:13.240   600  1079 D ActivityManager: cleanUpApplicationRecord -- 18585
10-30 12:12:13.242 17842 17842 W chromium: [WARNING:compositor_view.cc(315)] Child process died (type=6) pid=18585)
10-30 12:12:13.813 18420 18420 D MonkeyStub: translateCommand: touch down 614 1561
10-30 12:12:13.827 18420 18420 D MonkeyStub: translateCommand: touch move 614 1561
10-30 12:12:13.935 18420 18420 D MonkeyStub: translateCommand: touch move 614 1436
10-30 12:12:14.050 18420 18420 D MonkeyStub: translateCommand: touch move 614 1311
10-30 12:12:14.166 18420 18420 D MonkeyStub: translateCommand: touch move 614 1186
10-30 12:12:14.277 18420 18420 D MonkeyStub: translateCommand: touch move 614 1061
10-30 12:12:14.382 18420 18420 D MonkeyStub: translateCommand: touch move 614 937
10-30 12:12:14.499 18420 18420 D MonkeyStub: translateCommand: touch move 614 812
10-30 12:12:14.605 18420 18420 D MonkeyStub: translateCommand: touch move 614 687
10-30 12:12:14.716 18420 18420 D MonkeyStub: translateCommand: touch move 614 562
10-30 12:12:14.835 18420 18420 D MonkeyStub: translateCommand: touch move 614 437
10-30 12:12:14.945 18420 18420 D MonkeyStub: translateCommand: touch move 614 312
10-30 12:12:14.951 18420 18420 D MonkeyStub: translateCommand: touch up 614 312
10-30 12:12:14.971 18420 18420 D MonkeyStub: translateCommand: touch down 614 1561
10-30 12:12:14.982 18420 18420 D MonkeyStub: translateCommand: touch move 614 1561
10-30 12:12:15.096 18420 18420 D MonkeyStub: translateCommand: touch move 614 1436
10-30 12:12:15.209 18420 18420 D MonkeyStub: translateCommand: touch move 614 1311
10-30 12:12:15.320 18420 18420 D MonkeyStub: translateCommand: touch move 614 1186
10-30 12:12:15.424 18420 18420 D MonkeyStub: translateCommand: touch move 614 1061
10-30 12:12:15.432   600 29683 I ActivityManager: Start proc 18605:com.android.chrome:sandboxed_process29/u0i567 for service com.android.chrome/org.chromium.content.app.SandboxedProcessService29
10-30 12:12:15.490 18605 18605 W boxed_process29: type=1400 audit(0.0:5982): avc: denied { getattr } for path="/data/data/com.android.chrome" dev="dm-2" ino=12190 scontext=u:r:isolated_app:s0:c512,c768 tcontext=u:object_r:app_data_file:s0:c512,c768 tclass=dir permissive=0
10-30 12:12:15.510 18605 18605 I cr_ChildProcessService: Creating new ChildProcessService pid=18605
10-30 12:12:15.529 18420 18420 D MonkeyStub: translateCommand: touch move 614 937
10-30 12:12:15.558 18605 18618 I cr_LibraryLoader: Loaded native library version number "85.0.4183.127"
10-30 12:12:15.560 18605 18618 I cr_CachingUmaRecorder: Flushed 1 samples from 1 histograms.
10-30 12:12:15.587 18618 18618 W CrUtilityMain: type=1400 audit(0.0:5983): avc: denied { setattr } for name=5072656C6F61642044617461 dev="dm-2" ino=57997 scontext=u:r:isolated_app:s0:c512,c768 tcontext=u:object_r:app_data_file:s0:c512,c768 tclass=file permissive=0
10-30 12:12:15.587 18618 18618 W CrUtilityMain: type=1400 audit(0.0:5984): avc: denied { setattr } for name="manifest.json" dev="dm-2" ino=28945 scontext=u:r:isolated_app:s0:c512,c768 tcontext=u:object_r:app_data_file:s0:c512,c768 tclass=file permissive=0
10-30 12:12:15.590 18618 18618 W CrUtilityMain: type=1400 audit(0.0:5985): avc: denied { setattr } for name="verified_contents.json" dev="dm-2" ino=57791 scontext=u:r:isolated_app:s0:c512,c768 tcontext=u:object_r:app_data_file:s0:c512,c768 tclass=file permissive=0
10-30 12:12:15.602 18605 18605 I cr_ChildProcessService: Destroying ChildProcessService pid=18605
10-30 12:12:15.603 18605 18618 I chromium: [INFO:child_process_service.cc(69)] ChildProcessService: Exiting child process.
10-30 12:12:15.623   600 16391 I ActivityManager: Process com.android.chrome:sandboxed_process29 (pid 18605) has died
10-30 12:12:15.623   600 16391 D ActivityManager: cleanUpApplicationRecord -- 18605
10-30 12:12:15.627 17842 17842 W chromium: [WARNING:compositor_view.cc(315)] Child process died (type=6) pid=18605)
10-30 12:12:15.644 18420 18420 D MonkeyStub: translateCommand: touch move 614 812
10-30 12:12:15.753 18420 18420 D MonkeyStub: translateCommand: touch move 614 687
10-30 12:12:15.862 18420 18420 D MonkeyStub: translateCommand: touch move 614 562
10-30 12:12:15.972 18420 18420 D MonkeyStub: translateCommand: touch move 614 437
10-30 12:12:16.081 18420 18420 D MonkeyStub: translateCommand: touch move 614 312
10-30 12:12:16.084 18420 18420 D MonkeyStub: translateCommand: touch up 614 312
10-30 12:12:18.498   600 13631 I ActivityManager: Start proc 18624:com.android.chrome:sandboxed_process30/u0i568 for service com.android.chrome/org.chromium.content.app.SandboxedProcessService30
10-30 12:12:18.537 18624 18624 W boxed_process30: type=1400 audit(0.0:5986): avc: denied { getattr } for path="/data/data/com.android.chrome" dev="dm-2" ino=12190 scontext=u:r:isolated_app:s0:c512,c768 tcontext=u:object_r:app_data_file:s0:c512,c768 tclass=dir permissive=0
10-30 12:12:18.559 18624 18624 I cr_ChildProcessService: Creating new ChildProcessService pid=18624
10-30 12:12:18.593 18624 18637 I cr_LibraryLoader: Loaded native library version number "85.0.4183.127"
10-30 12:12:18.593 18624 18637 I cr_CachingUmaRecorder: Flushed 1 samples from 1 histograms.
10-30 12:12:18.624 18637 18637 W CrUtilityMain: type=1400 audit(0.0:5987): avc: denied { setattr } for name="tl_en-us_2022-10-17_483521407_100000_index.bin" dev="dm-2" ino=58565 scontext=u:r:isolated_app:s0:c512,c768 tcontext=u:object_r:app_data_file:s0:c512,c768 tclass=file permissive=0
10-30 12:12:18.624 18637 18637 W CrUtilityMain: type=1400 audit(0.0:5988): avc: denied { setattr } for name="manifest.json" dev="dm-2" ino=58587 scontext=u:r:isolated_app:s0:c512,c768 tcontext=u:object_r:app_data_file:s0:c512,c768 tclass=file permissive=0
10-30 12:12:18.624 18637 18637 W CrUtilityMain: type=1400 audit(0.0:5989): avc: denied { setattr } for name="verified_contents.json" dev="dm-2" ino=58522 scontext=u:r:isolated_app:s0:c512,c768 tcontext=u:object_r:app_data_file:s0:c512,c768 tclass=file permissive=0
10-30 12:12:18.635 18624 18637 I chromium: [INFO:child_process_service.cc(69)] ChildProcessService: Exiting child process.
10-30 12:12:18.636   197   197 E lowmemorykiller: Error writing /proc/18624/oom_score_adj; errno=22
10-30 12:12:18.653   600   610 I ActivityManager: Process com.android.chrome:sandboxed_process30 (pid 18624) has died
10-30 12:12:18.653   600   610 D ActivityManager: cleanUpApplicationRecord -- 18624
10-30 12:12:18.656 17842 17842 W chromium: [WARNING:compositor_view.cc(315)] Child process died (type=6) pid=18624)
10-30 12:12:20.160 18420 18420 D MonkeyStub: translateCommand: touch down 614 1561
10-30 12:12:20.169 18420 18420 D MonkeyStub: translateCommand: touch move 614 1561
10-30 12:12:20.275 18420 18420 D MonkeyStub: translateCommand: touch move 614 1436
10-30 12:12:20.383 18420 18420 D MonkeyStub: translateCommand: touch move 614 1311
10-30 12:12:20.494 18420 18420 D MonkeyStub: translateCommand: touch move 614 1186
10-30 12:12:20.599 18420 18420 D MonkeyStub: translateCommand: touch move 614 1061
10-30 12:12:20.709 18420 18420 D MonkeyStub: translateCommand: touch move 614 937
10-30 12:12:20.822 18420 18420 D MonkeyStub: translateCommand: touch move 614 812
10-30 12:12:20.927 18420 18420 D MonkeyStub: translateCommand: touch move 614 687
10-30 12:12:21.036 18420 18420 D MonkeyStub: translateCommand: touch move 614 562
10-30 12:12:21.140 18420 18420 D MonkeyStub: translateCommand: touch move 614 437
10-30 12:12:21.253 18420 18420 D MonkeyStub: translateCommand: touch move 614 312
10-30 12:12:21.261 18420 18420 D MonkeyStub: translateCommand: touch up 614 312
10-30 12:12:21.727   600   610 I ActivityManager: Start proc 18641:com.android.chrome:sandboxed_process31/u0i569 for service com.android.chrome/org.chromium.content.app.SandboxedProcessService31
10-30 12:12:21.777 18641 18641 W boxed_process31: type=1400 audit(0.0:5990): avc: denied { getattr } for path="/data/data/com.android.chrome" dev="dm-2" ino=12190 scontext=u:r:isolated_app:s0:c512,c768 tcontext=u:object_r:app_data_file:s0:c512,c768 tclass=dir permissive=0
10-30 12:12:21.802 18641 18641 I cr_ChildProcessService: Creating new ChildProcessService pid=18641
10-30 12:12:21.850 18641 18654 I cr_LibraryLoader: Loaded native library version number "85.0.4183.127"
10-30 12:12:21.851 18641 18654 I cr_CachingUmaRecorder: Flushed 1 samples from 1 histograms.
10-30 12:12:21.867 18654 18654 W CrUtilityMain: type=1400 audit(0.0:5991): avc: denied { setattr } for name="tls_deprecation_config.pb" dev="dm-2" ino=59251 scontext=u:r:isolated_app:s0:c512,c768 tcontext=u:object_r:app_data_file:s0:c512,c768 tclass=file permissive=0
10-30 12:12:21.870 18654 18654 W CrUtilityMain: type=1400 audit(0.0:5992): avc: denied { setattr } for name="manifest.json" dev="dm-2" ino=58033 scontext=u:r:isolated_app:s0:c512,c768 tcontext=u:object_r:app_data_file:s0:c512,c768 tclass=file permissive=0
10-30 12:12:21.870 18654 18654 W CrUtilityMain: type=1400 audit(0.0:5993): avc: denied { setattr } for name="verified_contents.json" dev="dm-2" ino=60258 scontext=u:r:isolated_app:s0:c512,c768 tcontext=u:object_r:app_data_file:s0:c512,c768 tclass=file permissive=0
10-30 12:12:21.882 18641 18654 I chromium: [INFO:child_process_service.cc(69)] ChildProcessService: Exiting child process.
10-30 12:12:21.883   197   197 E lowmemorykiller: Error writing /proc/18641/oom_score_adj; errno=22
10-30 12:12:21.903   600  1081 I ActivityManager: Process com.android.chrome:sandboxed_process31 (pid 18641) has died
10-30 12:12:21.903   600  1081 D ActivityManager: cleanUpApplicationRecord -- 18641
10-30 12:12:21.904 17842 17842 W chromium: [WARNING:compositor_view.cc(315)] Child process died (type=6) pid=18641)
10-30 12:12:25.313 18420 18420 D MonkeyStub: translateCommand: touch down 614 1561
10-30 12:12:25.322 18420 18420 D MonkeyStub: translateCommand: touch move 614 1561
10-30 12:12:25.427 18420 18420 D MonkeyStub: translateCommand: touch move 614 1436
10-30 12:12:25.536 18420 18420 D MonkeyStub: translateCommand: touch move 614 1311
10-30 12:12:25.642 18420 18420 D MonkeyStub: translateCommand: touch move 614 1186
10-30 12:12:25.750 18420 18420 D MonkeyStub: translateCommand: touch move 614 1061
10-30 12:12:25.854 18420 18420 D MonkeyStub: translateCommand: touch move 614 937
10-30 12:12:25.961 18420 18420 D MonkeyStub: translateCommand: touch move 614 812
10-30 12:12:26.068 18420 18420 D MonkeyStub: translateCommand: touch move 614 687
10-30 12:12:26.177 18420 18420 D MonkeyStub: translateCommand: touch move 614 562
10-30 12:12:26.283 18420 18420 D MonkeyStub: translateCommand: touch move 614 437
10-30 12:12:26.400 18420 18420 D MonkeyStub: translateCommand: touch move 614 312
