10-31 06:13:08.926   600  1076 W ActivityManager: 	at com.android.server.am.ActiveServices.removeConnectionLocked(ActiveServices.java:2175)
10-31 06:13:08.926   600  1076 W ActivityManager: 	at com.android.server.am.ActiveServices.unbindServiceLocked(ActiveServices.java:1163)
10-31 06:13:08.926   600  1076 W ActivityManager: 	at com.android.server.am.ActivityManagerService.unbindService(ActivityManagerService.java:17309)
10-31 06:13:08.926   600  1076 W ActivityManager: 	at android.app.ActivityManagerNative.onTransact(ActivityManagerNative.java:1145)
10-31 06:13:08.926   600  1076 W ActivityManager: 	at com.android.server.am.ActivityManagerService.onTransact(ActivityManagerService.java:2795)
10-31 06:13:08.926   600  1076 W ActivityManager: 	at android.os.Binder.execTransact(Binder.java:565)
10-31 06:13:08.926   600  1076 E JavaBinder: !!! FAILED BINDER TRANSACTION !!!  (parcel size = 76)
10-31 06:13:08.926   197   197 E lowmemorykiller: Error writing /proc/14005/oom_score_adj; errno=22
10-31 06:13:08.928   600  1076 E JavaBinder: !!! FAILED BINDER TRANSACTION !!!  (parcel size = 76)
10-31 06:13:08.931   197   197 E lowmemorykiller: Error writing /proc/14064/oom_score_adj; errno=22
10-31 06:13:08.931   600  6312 E JavaBinder: !!! FAILED BINDER TRANSACTION !!!  (parcel size = 76)
10-31 06:13:08.932   600  6312 E JavaBinder: !!! FAILED BINDER TRANSACTION !!!  (parcel size = 576)
10-31 06:13:08.932   600  6312 W ActivityManager: Exception when unbinding service com.android.chrome/org.chromium.content.app.SandboxedProcessService16
10-31 06:13:08.932   600  6312 W ActivityManager: android.os.DeadObjectException: Transaction failed on small parcel; remote process probably died
10-31 06:13:08.932   600  6312 W ActivityManager: 	at android.os.BinderProxy.transactNative(Native Method)
10-31 06:13:08.932   600  6312 W ActivityManager: 	at android.os.BinderProxy.transact(Binder.java:615)
10-31 06:13:08.932   600  6312 W ActivityManager: 	at android.app.ApplicationThreadProxy.scheduleUnbindService(ApplicationThreadNative.java:1016)
10-31 06:13:08.932   600  6312 W ActivityManager: 	at com.android.server.am.ActiveServices.removeConnectionLocked(ActiveServices.java:2175)
10-31 06:13:08.932   600  6312 W ActivityManager: 	at com.android.server.am.ActiveServices.unbindServiceLocked(ActiveServices.java:1163)
10-31 06:13:08.932   600  6312 W ActivityManager: 	at com.android.server.am.ActivityManagerService.unbindService(ActivityManagerService.java:17309)
10-31 06:13:08.932   600  6312 W ActivityManager: 	at android.app.ActivityManagerNative.onTransact(ActivityManagerNative.java:1145)
10-31 06:13:08.932   600  6312 W ActivityManager: 	at com.android.server.am.ActivityManagerService.onTransact(ActivityManagerService.java:2795)
10-31 06:13:08.932   600  6312 W ActivityManager: 	at android.os.Binder.execTransact(Binder.java:565)
10-31 06:13:08.932   600  6312 E JavaBinder: !!! FAILED BINDER TRANSACTION !!!  (parcel size = 76)
10-31 06:13:08.933   197   197 E lowmemorykiller: Error writing /proc/14064/oom_score_adj; errno=22
10-31 06:13:08.933 13819 13819 D AndroidRuntime: Shutting down VM
10-31 06:13:08.933   197   197 E lowmemorykiller: Error writing /proc/14005/oom_score_adj; errno=22
10-31 06:13:08.933   600  6312 I ActivityManager: Killing 14005:com.android.chrome:sandboxed_process11/u0a35i744 (adj 902): isolated not needed
10-31 06:13:08.934   600  6312 E JavaBinder: !!! FAILED BINDER TRANSACTION !!!  (parcel size = 76)
10-31 06:13:08.935   197   197 E lowmemorykiller: Error writing /proc/14079/oom_score_adj; errno=22
10-31 06:13:08.935   600 24515 E JavaBinder: !!! FAILED BINDER TRANSACTION !!!  (parcel size = 76)
10-31 06:13:08.935   600 24515 E JavaBinder: !!! FAILED BINDER TRANSACTION !!!  (parcel size = 576)
10-31 06:13:08.936   600 24515 W ActivityManager: Exception when unbinding service com.android.chrome/org.chromium.content.app.SandboxedProcessService17
10-31 06:13:08.936   600 24515 W ActivityManager: android.os.DeadObjectException: Transaction failed on small parcel; remote process probably died
10-31 06:13:08.936   600 24515 W ActivityManager: 	at android.os.BinderProxy.transactNative(Native Method)
10-31 06:13:08.936   600 24515 W ActivityManager: 	at android.os.BinderProxy.transact(Binder.java:615)
10-31 06:13:08.936   600 24515 W ActivityManager: 	at android.app.ApplicationThreadProxy.scheduleUnbindService(ApplicationThreadNative.java:1016)
10-31 06:13:08.936   600 24515 W ActivityManager: 	at com.android.server.am.ActiveServices.removeConnectionLocked(ActiveServices.java:2175)
10-31 06:13:08.936   600 24515 W ActivityManager: 	at com.android.server.am.ActiveServices.unbindServiceLocked(ActiveServices.java:1163)
10-31 06:13:08.936   600 24515 W ActivityManager: 	at com.android.server.am.ActivityManagerService.unbindService(ActivityManagerService.java:17309)
10-31 06:13:08.936   600 24515 W ActivityManager: 	at android.app.ActivityManagerNative.onTransact(ActivityManagerNative.java:1145)
10-31 06:13:08.936   600 24515 W ActivityManager: 	at com.android.server.am.ActivityManagerService.onTransact(ActivityManagerService.java:2795)
10-31 06:13:08.936   600 24515 W ActivityManager: 	at android.os.Binder.execTransact(Binder.java:565)
10-31 06:13:08.937   600 24515 E JavaBinder: !!! FAILED BINDER TRANSACTION !!!  (parcel size = 76)
10-31 06:13:08.937   600 24515 I ActivityManager: Killing 14064:com.android.chrome:sandboxed_process16/u0a35i749 (adj 900): isolated not needed
10-31 06:13:08.937   197   197 E lowmemorykiller: Error writing /proc/14079/oom_score_adj; errno=22
10-31 06:13:08.937   600 24515 E JavaBinder: !!! FAILED BINDER TRANSACTION !!!  (parcel size = 76)
10-31 06:13:08.939   600  3994 I ActivityManager: Process com.android.chrome:sandboxed_process15 (pid 14051) has died
10-31 06:13:08.939   600  3994 D ActivityManager: cleanUpApplicationRecord -- 14051
10-31 06:13:08.939   600  3994 W ActivityManager: Scheduling restart of crashed service com.android.chrome/org.chromium.content.app.SandboxedProcessService15 in 1000ms
10-31 06:13:08.940   600  3994 I ActivityManager: Killing 14079:com.android.chrome:sandboxed_process17/u0a35i750 (adj 900): isolated not needed
10-31 06:13:08.943   600  3994 E JavaBinder: !!! FAILED BINDER TRANSACTION !!!  (parcel size = 76)
10-31 06:13:08.943   600  3994 E JavaBinder: !!! FAILED BINDER TRANSACTION !!!  (parcel size = 76)
10-31 06:13:08.943   600  3994 E JavaBinder: !!! FAILED BINDER TRANSACTION !!!  (parcel size = 76)
10-31 06:13:08.943   600  3994 E JavaBinder: !!! FAILED BINDER TRANSACTION !!!  (parcel size = 76)
10-31 06:13:08.943   600  3994 E JavaBinder: !!! FAILED BINDER TRANSACTION !!!  (parcel size = 76)
10-31 06:13:08.950   600 25704 I ActivityManager: Process com.android.chrome:sandboxed_process13 (pid 14025) has died
10-31 06:13:08.950   600 25704 D ActivityManager: cleanUpApplicationRecord -- 14025
10-31 06:13:08.950   600 25704 W ActivityManager: Scheduling restart of crashed service com.android.chrome/org.chromium.content.app.SandboxedProcessService13 in 10988ms
10-31 06:13:08.951   600 13558 I ActivityManager: Process com.android.chrome:sandboxed_process18 (pid 14087) has died
10-31 06:13:08.951   600 13558 D ActivityManager: cleanUpApplicationRecord -- 14087
10-31 06:13:08.951   600 13558 W ActivityManager: Scheduling restart of crashed service com.android.chrome/org.chromium.content.app.SandboxedProcessService18 in 20988ms
10-31 06:13:08.952   600 16391 I ActivityManager: Process com.android.chrome:sandboxed_process12 (pid 14012) has died
10-31 06:13:08.952   600 16391 D ActivityManager: cleanUpApplicationRecord -- 14012
10-31 06:13:08.952   600 16391 W ActivityManager: Scheduling restart of crashed service com.android.chrome/org.chromium.content.app.SandboxedProcessService12 in 30986ms
10-31 06:13:08.954   600   707 I ActivityManager: Process com.android.chrome:sandboxed_process14 (pid 14043) has died
10-31 06:13:08.954   600   707 D ActivityManager: cleanUpApplicationRecord -- 14043
10-31 06:13:08.954   600   707 W ActivityManager: Scheduling restart of crashed service com.android.chrome/org.chromium.content.app.SandboxedProcessService14 in 20985ms
10-31 06:13:08.955   600  1079 D ActivityManager: cleanUpApplicationRecord -- 14079
10-31 06:13:08.956 13686 13686 W chromium: [WARNING:compositor_view.cc(315)] Child process died (type=6) pid=14051)
10-31 06:13:08.956 13686 13686 W chromium: [WARNING:compositor_view.cc(315)] Child process died (type=6) pid=14025)
10-31 06:13:08.956   600 13631 D ActivityManager: cleanUpApplicationRecord -- 14005
10-31 06:13:08.958   600 27731 D ActivityManager: cleanUpApplicationRecord -- 14064
10-31 06:13:08.960 13686 13686 W chromium: [WARNING:compositor_view.cc(315)] Child process died (type=6) pid=14079)
10-31 06:13:08.961 13686 13686 W chromium: [WARNING:compositor_view.cc(315)] Child process died (type=6) pid=14043)
10-31 06:13:08.962 13686 13686 W chromium: [WARNING:compositor_view.cc(315)] Child process died (type=6) pid=14012)
10-31 06:13:08.962 13686 13686 W chromium: [WARNING:compositor_view.cc(315)] Child process died (type=6) pid=14087)
10-31 06:13:08.963 13686 13686 W chromium: [WARNING:compositor_view.cc(315)] Child process died (type=6) pid=14005)
10-31 06:13:08.963 13686 13686 W chromium: [WARNING:compositor_view.cc(315)] Child process died (type=6) pid=14064)
10-31 06:13:09.002 13686 13737 I MainThreadRunner: Running task [FeedRequestManagerImpl consumer] on the Main Thread
10-31 06:13:09.007 13686 13737 I TaskQueue:  - Finished 15, time 89 ms
10-31 06:13:09.011   600 29683 W ActivityManager: Unable to start service Intent { act=com.google.android.play.core.splitinstall.BIND_SPLIT_INSTALL_SERVICE pkg=com.android.vending } U=0: not found
10-31 06:13:09.018 27883 13528 W Icing   : No valid account for uploading user actions
10-31 06:13:09.018 13686 13915 I PlayCore: UID: [10035]  PID: [13686] SplitInstallService : Failed to bind to the service.
10-31 06:13:09.031 13686 13686 E cr_IntentUtils: getInt failed on bundle null
10-31 06:13:09.070   600 29683 I ActivityManager: Start proc 14160:com.android.chrome:sandboxed_process19/u0i752 for service com.android.chrome/org.chromium.content.app.SandboxedProcessService19
10-31 06:13:09.079 13686 13696 I art     : Background sticky concurrent mark sweep GC freed 113654(6MB) AllocSpace objects, 87(1760KB) LOS objects, 0% free, 15MB/15MB, paused 158.332ms total 2.263s
10-31 06:13:09.085 27883 28438 I Icing   : IndexChimeraService.getServiceInterface callingPackage=com.google.android.gms componentName=null serviceId=30
10-31 06:13:09.087 13686 13686 W FeedModelProvider: sessionId is null, this should have been set during population
10-31 06:13:09.088 13686 13686 I cr_tabmodel: Appending tabs being restored to metadata lists, 0, startingNormalCount: 2, startingIncognitoCount: 0
10-31 06:13:09.088 13686 13686 I cr_tabmodel: Serializing tab lists; counts: 2, 0
10-31 06:13:09.202 14160 14160 W boxed_process19: type=1400 audit(0.0:11501): avc: denied { getattr } for path="/data/data/com.android.chrome" dev="dm-2" ino=12190 scontext=u:r:isolated_app:s0:c512,c768 tcontext=u:object_r:app_data_file:s0:c512,c768 tclass=dir permissive=0
10-31 06:13:09.205 13686 13719 I cr_BindingManager: onTrimMemory: level=15, size=0
10-31 06:13:09.219 13686 13696 I art     : Background partial concurrent mark sweep GC freed 18556(998KB) AllocSpace objects, 20(1836KB) LOS objects, 40% free, 14MB/23MB, paused 5.150ms total 107.905ms
10-31 06:13:09.228 13686 13686 I FeedProtocolAdapter: createModel, operations 33
10-31 06:13:09.242 13686 13686 I TimingUtils: Task Timing  13ms, thread ui | task : convertWireProtocol | mutations : 33
10-31 06:13:09.243 13686 13686 I TaskQueue:  - task [HEAD_RESET - d: true, b: 2]: 5
10-31 06:13:09.243 13686 13686 I TaskQueue:  - queueTask starting immediate task
10-31 06:13:09.247 13686 13737 I TaskQueue: Execute task [HEAD_RESET - d: true, b: 2]: 5
10-31 06:13:09.247 14160 14160 I cr_ChildProcessService: Creating new ChildProcessService pid=14160
10-31 06:13:09.252 13686 13737 I TaskQueue:  - task [BACKGROUND - d: true, b: 2]: 23
10-31 06:13:09.253 13686 13737 W SessionCache: Persisted Sessions were not found
10-31 06:13:09.259 13686 13737 I PersistentFeedStore: commitSessionMutation - Success true, Update Session $HEAD, stream structures 32
10-31 06:13:09.265 13686 13737 I MainThreadRunner: Running task [SchedulerApiWrapper onReceiveNewContent] on the Main Thread
10-31 06:13:09.265 13686 13737 I MainThreadRunner: Running task [FeedKnownContentImpl onNewContentReceived] on the Main Thread
10-31 06:13:09.266 13686 13737 I SessionManagerMutation: Cleared Head, new creation time 10-31 06:13:09.253
10-31 06:13:09.266 13686 13737 I TimingUtils: Task Timing  18ms, thread background-1 | task : sessionMutation.commitTask:updateConsumer | mutations : 33 | userInitiated : false
10-31 06:13:09.266 13686 13737 I TaskQueue: Cancelling starvation checks
10-31 06:13:09.266 13686 13737 I TaskQueue:  - Finished 5, time 19 ms
10-31 06:13:09.266 13686 13737 I TaskQueue: Execute task [USER_FACING - d: false, b: 2]: 24
10-31 06:13:09.293 13686 13737 I TimeoutSessionImpl: TimeoutSession.populateModelProvider, shouldAppend false
10-31 06:13:09.293 13686 13737 I SessionImpl: PopulateModelProvider 32 items
10-31 06:13:09.293 13686 13737 I FeedModelProvider: FeedModelProvider - committer, structure changes 31, update changes 0
10-31 06:13:09.294 13686 13737 I FeedModelProvider: SyntheticTokenTracker: 0, 11, 11, false
10-31 06:13:09.294 13686 13737 I FeedSessionManagerImpl: Caching getStreamFeatures - items 31, cache misses 0, cache size 31
10-31 06:13:09.311 14160 14174 I cr_LibraryLoader: Loaded native library version number "85.0.4183.127"
10-31 06:13:09.312 13686 13737 I FeedModelProvider: Moving _session:b2af05e2-dfee-42ca-b732-b8394e3b0add to READY
10-31 06:13:09.312 14160 14174 I cr_CachingUmaRecorder: Flushed 1 samples from 1 histograms.
10-31 06:13:09.314 13686 13737 I MainThreadRunner: Running task [FeedModelProvider onSessionStart] on the Main Thread
10-31 06:13:09.314 13686 13737 I FeedModelProvider: ModelProvider Mutation committed - structure changes 31, childrenToBind 31, removedChildren false, Token false
10-31 06:13:09.325 13686 13686 I FeedModelProvider: No children found for Cursor
10-31 06:13:09.331 13686 13737 I FeedSessionManagerImpl: Populate new session: _session:b2af05e2-dfee-42ca-b732-b8394e3b0add, creation time 10-31 06:13:09.292
10-31 06:13:09.331 13686 13737 I TimingUtils: Task Timing  64ms, thread background-2 | task : Create/Populate New Session
10-31 06:13:09.331 13686 13737 I TaskQueue:  - Finished 24, time 64 ms
10-31 06:13:09.331 13686 13737 I TaskQueue: Execute task [BACKGROUND - d: false, b: 1]: 11
10-31 06:13:09.331 13686 13737 I ContentGc: Re-enqueuing triggerContentGc; attempts(0)
10-31 06:13:09.331 13686 13737 I TaskQueue:  - task [BACKGROUND - d: false, b: 1]: 11
10-31 06:13:09.331 13686 13737 I TaskQueue:  - Finished 11, time 0 ms
10-31 06:13:09.331 13686 13737 I TaskQueue: Execute task [BACKGROUND - d: false, b: 1]: 23
10-31 06:13:09.440 13686 13747 W chromium: [WARNING:spdy_session.cc(3090)] Received RST for invalid stream1
10-31 06:13:09.466 13686 13737 I TimingUtils: Task Timing 134ms, thread background-3 | task : commitContentMutation | mutations : 32
10-31 06:13:09.467 13686 13737 I TimingUtils: Task Timing   0ms, thread background-4 | task : commitSemanticPropertiesMutation | mutations : 0
10-31 06:13:09.467 13686 13737 I TaskQueue:  - Finished 23, time 135 ms
10-31 06:13:09.467 13686 13737 I TaskQueue: Execute task [BACKGROUND - d: false, b: 0]: 11
10-31 06:13:09.472 13686 13737 I SessionCache: Determining accessible content
10-31 06:13:09.474 13686 13737 I TimingUtils: Task Timing   6ms, thread background-5 | task : ContentGc | contentItemsRemoved : 0
10-31 06:13:09.474 13686 13737 I TaskQueue:  - Finished 11, time 6 ms
10-31 06:13:09.549   600   707 D ActivityManager: cleanUpApplicationRecord -- 13975
10-31 06:13:09.559   600 13557 D ActivityManager: cleanUpApplicationRecord -- 13831
10-31 06:13:09.573 13686 13686 W chromium: [WARNING:compositor_view.cc(315)] Child process died (type=6) pid=13831)
10-31 06:13:09.574 13686 13686 W chromium: [WARNING:compositor_view.cc(315)] Child process died (type=6) pid=13975)
10-31 06:13:09.719 27883 13528 I Icing   : Usage reports ok 1, Failed Usage reports 0, indexed 0, rejected 0
10-31 06:13:09.722 27883 13528 I Icing   : Removing corpus key com.android.chrome-omnibox for package com.android.chrome
10-31 06:13:10.223 27883 13528 I native  : document-store.cc:1654 Scored 2159 usage reports, missing_corpora 1165 update_failed 1
10-31 06:13:10.908 27883 13528 W Icing   : No valid account for uploading user actions
10-31 06:13:10.944 27883 13528 I Icing   : Usage reports ok 0, Failed Usage reports 0, indexed 0, rejected 0
10-31 06:13:10.946 27883 13528 W Icing   : No valid account for uploading user actions
10-31 06:13:10.973 27883 13528 I Icing   : Usage reports ok 0, Failed Usage reports 0, indexed 0, rejected 0
10-31 06:13:10.975 27883 13528 I Icing   : Indexing com.android.chrome-omnibox from com.android.chrome
10-31 06:13:11.133 27883 13528 I Icing   : Indexing done com.android.chrome-omnibox
10-31 06:13:11.577 13686 13744 I cr_omaha: Request to Server Successful. Timestamp for next request:1667196791577
10-31 06:13:11.675 13686 13744 I cr_omaha: Request to Server Successful. Timestamp for next request:1667196791675
10-31 06:13:11.676 13686 13744 I cr_omaha: Attempting to schedule next job for: Mon Oct 31 11:13:11 GMT+01:00 2022
10-31 06:13:11.679 13686 13686 I cr_omaha: Scheduled using JobService
10-31 06:13:11.679 13686 13686 E cr_BkgrdTaskJS: Tried finishing non-current BackgroundTask.
10-31 06:13:12.794   787  1620 W Icing   : isOptedInForAppHistory: empty Account Name encountered
10-31 06:13:12.806   787  1620 W Icing   : isOptedInForAppHistory: empty Account Name encountered
10-31 06:13:12.845   787 10653 W Icing   : isOptedInForAppHistory: empty Account Name encountered
10-31 06:13:12.859 13686 13686 E cr_BTSPrefs: No data found for task id: 53
10-31 06:13:12.859 13686 13686 E cr_BkgrdTaskScheduler: Task cannot be canceled because no data was found instorage or data was invalid
10-31 06:13:15.060 13686 13740 W InstanceID: Instance ID SDK is deprecated, com.android.chrome should update to use Firebase Instance ID
10-31 06:13:16.623 13686 13686 E cr_BTSPrefs: No data found for task id: 57
10-31 06:13:16.623 13686 13686 E cr_BkgrdTaskScheduler: Task cannot be canceled because no data was found instorage or data was invalid
10-31 06:13:16.623 13686 13686 E cr_BTSPrefs: No data found for task id: 56
10-31 06:13:16.623 13686 13686 E cr_BkgrdTaskScheduler: Task cannot be canceled because no data was found instorage or data was invalid
10-31 06:13:16.777 13686 13696 I art     : Background sticky concurrent mark sweep GC freed 130926(6MB) AllocSpace objects, 33(644KB) LOS objects, 30% free, 16MB/23MB, paused 381us total 108.618ms
10-31 06:13:18.795 13686 13686 I cr_tabmodel: Appending tabs being restored to metadata lists, 0, startingNormalCount: 2, startingIncognitoCount: 0
10-31 06:13:18.795 13686 13686 I cr_tabmodel: Serializing tab lists; counts: 2, 0
10-31 06:13:21.659 14211 14211 D AndroidRuntime: >>>>>> START com.android.internal.os.RuntimeInit uid 2000 <<<<<<
10-31 06:13:21.663 14211 14211 D AndroidRuntime: CheckJNI is OFF
10-31 06:13:21.731 14211 14211 D ICU     : No timezone override file found: /data/misc/zoneinfo/current/icu/icu_tzdata.dat
10-31 06:13:21.762 14211 14211 I Radio-JNI: register_android_hardware_Radio DONE
10-31 06:13:21.780 14211 14211 D AndroidRuntime: Calling main entry com.android.commands.monkey.Monkey
10-31 06:13:21.851   600   613 W BroadcastQueue: Skipping deliver [background] BroadcastRecord{b758c46 u-1 android.net.conn.CONNECTIVITY_CHANGE} to ReceiverList{5ee3e07 14211 (unknown name)/2000/u-1 remote:3023e88}: process crashing
10-31 06:13:23.394 14211 14211 D MonkeyStub: translateCommand: wake
10-31 06:13:23.537 14211 14211 D MonkeyStub: translateCommand: touch down 614 1561
10-31 06:13:23.552 14211 14211 D MonkeyStub: translateCommand: touch move 614 1561
10-31 06:13:23.664 14211 14211 D MonkeyStub: translateCommand: touch move 614 1436
10-31 06:13:23.773 14211 14211 D MonkeyStub: translateCommand: touch move 614 1311
10-31 06:13:23.877 14211 14211 D MonkeyStub: translateCommand: touch move 614 1186
10-31 06:13:23.987 14211 14211 D MonkeyStub: translateCommand: touch move 614 1061
10-31 06:13:24.095 14211 14211 D MonkeyStub: translateCommand: touch move 614 937
10-31 06:13:24.202 14211 14211 D MonkeyStub: translateCommand: touch move 614 812
10-31 06:13:24.313 14211 14211 D MonkeyStub: translateCommand: touch move 614 687
10-31 06:13:24.423 14211 14211 D MonkeyStub: translateCommand: touch move 614 562
10-31 06:13:24.527 14211 14211 D MonkeyStub: translateCommand: touch move 614 437
10-31 06:13:24.648 14211 14211 D MonkeyStub: translateCommand: touch move 614 312
10-31 06:13:24.653 14211 14211 D MonkeyStub: translateCommand: touch up 614 312
10-31 06:13:26.823 14211 14211 D MonkeyStub: translateCommand: touch down 614 1561
10-31 06:13:26.831 14211 14211 D MonkeyStub: translateCommand: touch move 614 1561
10-31 06:13:26.939 14211 14211 D MonkeyStub: translateCommand: touch move 614 1436
10-31 06:13:27.045 14211 14211 D MonkeyStub: translateCommand: touch move 614 1311
10-31 06:13:27.162 14211 14211 D MonkeyStub: translateCommand: touch move 614 1186
10-31 06:13:27.273 14211 14211 D MonkeyStub: translateCommand: touch move 614 1061
10-31 06:13:27.383 14211 14211 D MonkeyStub: translateCommand: touch move 614 937
10-31 06:13:27.495 14211 14211 D MonkeyStub: translateCommand: touch move 614 812
10-31 06:13:27.616 14211 14211 D MonkeyStub: translateCommand: touch move 614 687
10-31 06:13:27.728 14211 14211 D MonkeyStub: translateCommand: touch move 614 562
10-31 06:13:27.837 14211 14211 D MonkeyStub: translateCommand: touch move 614 437
10-31 06:13:27.948 14211 14211 D MonkeyStub: translateCommand: touch move 614 312
10-31 06:13:27.953 14211 14211 D MonkeyStub: translateCommand: touch up 614 312
10-31 06:13:27.976 14211 14211 D MonkeyStub: translateCommand: touch down 614 1561
10-31 06:13:27.987 14211 14211 D MonkeyStub: translateCommand: touch move 614 1561
10-31 06:13:28.098 14211 14211 D MonkeyStub: translateCommand: touch move 614 1436
10-31 06:13:28.213 14211 14211 D MonkeyStub: translateCommand: touch move 614 1311
10-31 06:13:28.332 14211 14211 D MonkeyStub: translateCommand: touch move 614 1186
10-31 06:13:28.467 14211 14211 D MonkeyStub: translateCommand: touch move 614 1061
10-31 06:13:28.608 14211 14211 D MonkeyStub: translateCommand: touch move 614 937
10-31 06:13:28.722 14211 14211 D MonkeyStub: translateCommand: touch move 614 812
10-31 06:13:28.830 14211 14211 D MonkeyStub: translateCommand: touch move 614 687
10-31 06:13:28.994 14211 14211 D MonkeyStub: translateCommand: touch move 614 562
10-31 06:13:29.119 14211 14211 D MonkeyStub: translateCommand: touch move 614 437
10-31 06:13:29.238 14211 14211 D MonkeyStub: translateCommand: touch move 614 312
10-31 06:13:29.251 14211 14211 D MonkeyStub: translateCommand: touch up 614 312
10-31 06:13:34.300 14211 14211 D MonkeyStub: translateCommand: touch down 614 1561
10-31 06:13:34.306 14211 14211 D MonkeyStub: translateCommand: touch move 614 1561
10-31 06:13:34.416 14211 14211 D MonkeyStub: translateCommand: touch move 614 1436
10-31 06:13:34.527 14211 14211 D MonkeyStub: translateCommand: touch move 614 1311
10-31 06:13:34.635 14211 14211 D MonkeyStub: translateCommand: touch move 614 1186
10-31 06:13:34.742 14211 14211 D MonkeyStub: translateCommand: touch move 614 1061
10-31 06:13:34.851 14211 14211 D MonkeyStub: translateCommand: touch move 614 937
10-31 06:13:34.955 14211 14211 D MonkeyStub: translateCommand: touch move 614 812
10-31 06:13:35.063 14211 14211 D MonkeyStub: translateCommand: touch move 614 687
10-31 06:13:35.175 14211 14211 D MonkeyStub: translateCommand: touch move 614 562
10-31 06:13:35.296 14211 14211 D MonkeyStub: translateCommand: touch move 614 437
10-31 06:13:35.405 14211 14211 D MonkeyStub: translateCommand: touch move 614 312
10-31 06:13:35.415 14211 14211 D MonkeyStub: translateCommand: touch up 614 312
10-31 06:13:35.440 14211 14211 D MonkeyStub: translateCommand: touch down 614 1561
10-31 06:13:35.446 14211 14211 D MonkeyStub: translateCommand: touch move 614 1561
10-31 06:13:35.555 14211 14211 D MonkeyStub: translateCommand: touch move 614 1436
10-31 06:13:35.667 14211 14211 D MonkeyStub: translateCommand: touch move 614 1311
10-31 06:13:35.772 14211 14211 D MonkeyStub: translateCommand: touch move 614 1186
10-31 06:13:35.881 14211 14211 D MonkeyStub: translateCommand: touch move 614 1061
10-31 06:13:35.996 14211 14211 D MonkeyStub: translateCommand: touch move 614 937
10-31 06:13:36.114 14211 14211 D MonkeyStub: translateCommand: touch move 614 812
10-31 06:13:36.223 14211 14211 D MonkeyStub: translateCommand: touch move 614 687
10-31 06:13:36.334 14211 14211 D MonkeyStub: translateCommand: touch move 614 562
10-31 06:13:36.445 14211 14211 D MonkeyStub: translateCommand: touch move 614 437
10-31 06:13:36.556 14211 14211 D MonkeyStub: translateCommand: touch move 614 312
10-31 06:13:36.560 14211 14211 D MonkeyStub: translateCommand: touch up 614 312
10-31 06:13:38.633 14211 14211 D MonkeyStub: translateCommand: touch down 614 1561
10-31 06:13:38.637 14211 14211 D MonkeyStub: translateCommand: touch move 614 1561
10-31 06:13:38.749 14211 14211 D MonkeyStub: translateCommand: touch move 614 1436
10-31 06:13:38.860 14211 14211 D MonkeyStub: translateCommand: touch move 614 1311
10-31 06:13:38.964 14211 14211 D MonkeyStub: translateCommand: touch move 614 1186
10-31 06:13:39.069 14211 14211 D MonkeyStub: translateCommand: touch move 614 1061
10-31 06:13:39.186 14211 14211 D MonkeyStub: translateCommand: touch move 614 937
10-31 06:13:39.299 14211 14211 D MonkeyStub: translateCommand: touch move 614 812
10-31 06:13:39.414 14211 14211 D MonkeyStub: translateCommand: touch move 614 687
10-31 06:13:39.520 14211 14211 D MonkeyStub: translateCommand: touch move 614 562
10-31 06:13:39.630 14211 14211 D MonkeyStub: translateCommand: touch move 614 437
10-31 06:13:39.646 27883 28441 I Icing   : IndexChimeraService.getServiceInterface callingPackage=com.android.chrome componentName=null serviceId=36
10-31 06:13:39.680 27883 13528 W Icing   : No valid account for uploading user actions
10-31 06:13:39.721 27883 28438 I Icing   : IndexChimeraService.getServiceInterface callingPackage=com.google.android.gms componentName=null serviceId=30
10-31 06:13:39.741 14211 14211 D MonkeyStub: translateCommand: touch move 614 312
10-31 06:13:39.746 14211 14211 D MonkeyStub: translateCommand: touch up 614 312
10-31 06:13:39.875 27883 13528 I Icing   : Usage reports ok 1, Failed Usage reports 0, indexed 1, rejected 0
10-31 06:13:39.883 27883 13528 W Icing   : No valid account for uploading user actions
10-31 06:13:39.897 27883 13528 I Icing   : Usage reports ok 0, Failed Usage reports 0, indexed 0, rejected 0
10-31 06:13:39.903 27883 13528 I Icing   : Indexing com.android.chrome-omnibox from com.android.chrome
10-31 06:13:39.918 27883 13528 I Icing   : Indexing done com.android.chrome-omnibox
10-31 06:13:41.978 14211 14211 D MonkeyStub: translateCommand: tap 1219 554
10-31 06:13:42.356   787  1259 E AsyncOperation: serviceID=121, operation=GetLaunchDataOperation [CONTEXT service_id=259 ]
10-31 06:13:42.356   787  1259 E AsyncOperation: OperationException[Status{statusCode=Not an instant app, resolution=null}]
10-31 06:13:42.356   787  1259 E AsyncOperation: 	at aeay.a(:com.google.android.gms@203915020@20.39.15 (040406-335085812):20)
10-31 06:13:42.356   787  1259 E AsyncOperation: 	at aain.run(:com.google.android.gms@203915020@20.39.15 (040406-335085812):7)
10-31 06:13:42.356   787  1259 E AsyncOperation: 	at boex.run(:com.google.android.gms@203915020@20.39.15 (040406-335085812):2)
10-31 06:13:42.356   787  1259 E AsyncOperation: 	at sup.b(:com.google.android.gms@203915020@20.39.15 (040406-335085812):12)
10-31 06:13:42.356   787  1259 E AsyncOperation: 	at sup.run(:com.google.android.gms@203915020@20.39.15 (040406-335085812):7)
10-31 06:13:42.356   787  1259 E AsyncOperation: 	at java.util.concurrent.ThreadPoolExecutor.runWorker(ThreadPoolExecutor.java:1133)
10-31 06:13:42.356   787  1259 E AsyncOperation: 	at java.util.concurrent.ThreadPoolExecutor$Worker.run(ThreadPoolExecutor.java:607)
10-31 06:13:42.356   787  1259 E AsyncOperation: 	at tam.run(:com.google.android.gms@203915020@20.39.15 (040406-335085812):0)
10-31 06:13:42.356   787  1259 E AsyncOperation: 	at java.lang.Thread.run(Thread.java:761)
10-31 06:13:43.457   787  1245 W Icing   : isOptedInForAppHistory: empty Account Name encountered
10-31 06:13:43.506   787  1245 W Icing   : isOptedInForAppHistory: empty Account Name encountered
10-31 06:13:43.529   787 10653 W Icing   : isOptedInForAppHistory: empty Account Name encountered
10-31 06:13:43.626   198   198 E SELinux : avc:  denied  { find } for service=netd pid=14257 uid=2000 scontext=u:r:shell:s0 tcontext=u:object_r:netd_service:s0 tclass=service_manager permissive=0
10-31 06:13:43.631   198   198 E SELinux : avc:  denied  { find } for service=android.service.gatekeeper.IGateKeeperService pid=14257 uid=2000 scontext=u:r:shell:s0 tcontext=u:object_r:gatekeeper_service:s0 tclass=service_manager permissive=0
10-31 06:13:47.134 13686 13686 I cr_tabmodel: Appending tabs being restored to metadata lists, 0, startingNormalCount: 2, startingIncognitoCount: 0
10-31 06:13:47.134 13686 13686 I cr_tabmodel: Serializing tab lists; counts: 2, 0
10-31 06:13:48.021   600 13557 I ActivityManager: Start proc 14260:com.android.chrome:sandboxed_process20/u0i753 for service com.android.chrome/org.chromium.content.app.SandboxedProcessService20
10-31 06:13:48.078 14260 14260 W boxed_process20: type=1400 audit(0.0:11502): avc: denied { getattr } for path="/data/data/com.android.chrome" dev="dm-2" ino=12190 scontext=u:r:isolated_app:s0:c512,c768 tcontext=u:object_r:app_data_file:s0:c512,c768 tclass=dir permissive=0
10-31 06:13:48.105 14260 14260 I cr_ChildProcessService: Creating new ChildProcessService pid=14260
10-31 06:13:48.154 14260 14273 I cr_LibraryLoader: Loaded native library version number "85.0.4183.127"
10-31 06:13:48.155 14260 14273 I cr_CachingUmaRecorder: Flushed 1 samples from 1 histograms.
10-31 06:13:48.168 14273 14273 W CrUtilityMain: type=1400 audit(0.0:11503): avc: denied { setattr } for name="LICENSE.txt" dev="dm-2" ino=60438 scontext=u:r:isolated_app:s0:c512,c768 tcontext=u:object_r:app_data_file:s0:c512,c768 tclass=file permissive=0
10-31 06:13:48.172 14273 14273 W CrUtilityMain: type=1400 audit(0.0:11504): avc: denied { setattr } for name=46696C746572696E672052756C6573 dev="dm-2" ino=64707 scontext=u:r:isolated_app:s0:c512,c768 tcontext=u:object_r:app_data_file:s0:c512,c768 tclass=file permissive=0
10-31 06:13:48.172 14273 14273 W CrUtilityMain: type=1400 audit(0.0:11505): avc: denied { setattr } for name="manifest.json" dev="dm-2" ino=60124 scontext=u:r:isolated_app:s0:c512,c768 tcontext=u:object_r:app_data_file:s0:c512,c768 tclass=file permissive=0
10-31 06:13:48.175 14273 14273 W CrUtilityMain: type=1400 audit(0.0:11506): avc: denied { setattr } for name="verified_contents.json" dev="dm-2" ino=24138 scontext=u:r:isolated_app:s0:c512,c768 tcontext=u:object_r:app_data_file:s0:c512,c768 tclass=file permissive=0
10-31 06:13:48.183 14260 14273 I chromium: [INFO:child_process_service.cc(69)] ChildProcessService: Exiting child process.
10-31 06:13:48.193   197   197 E lowmemorykiller: Error writing /proc/14260/oom_score_adj; errno=22
10-31 06:13:48.209   600   713 I ActivityManager: Process com.android.chrome:sandboxed_process20 (pid 14260) has died
10-31 06:13:48.210 13686 13686 W chromium: [WARNING:compositor_view.cc(315)] Child process died (type=6) pid=14260)
10-31 06:13:48.210   600   713 D ActivityManager: cleanUpApplicationRecord -- 14260
10-31 06:13:48.943   600  2707 I ActivityManager: Start proc 14278:com.android.chrome:sandboxed_process21/u0i754 for service com.android.chrome/org.chromium.content.app.SandboxedProcessService21
10-31 06:13:48.982 14278 14278 W boxed_process21: type=1400 audit(0.0:11507): avc: denied { getattr } for path="/data/data/com.android.chrome" dev="dm-2" ino=12190 scontext=u:r:isolated_app:s0:c512,c768 tcontext=u:object_r:app_data_file:s0:c512,c768 tclass=dir permissive=0
10-31 06:13:49.009 14278 14278 I cr_ChildProcessService: Creating new ChildProcessService pid=14278
10-31 06:13:49.047 14278 14291 I cr_LibraryLoader: Loaded native library version number "85.0.4183.127"
10-31 06:13:49.048 14278 14291 I cr_CachingUmaRecorder: Flushed 1 samples from 1 histograms.
10-31 06:13:49.078 14291 14291 W CrUtilityMain: type=1400 audit(0.0:11508): avc: denied { setattr } for name="tl_en-us_2022-10-24_484508980_100000_index.bin" dev="dm-2" ino=62821 scontext=u:r:isolated_app:s0:c512,c768 tcontext=u:object_r:app_data_file:s0:c512,c768 tclass=file permissive=0
10-31 06:13:49.082 14291 14291 W CrUtilityMain: type=1400 audit(0.0:11509): avc: denied { setattr } for name="manifest.json" dev="dm-2" ino=52961 scontext=u:r:isolated_app:s0:c512,c768 tcontext=u:object_r:app_data_file:s0:c512,c768 tclass=file permissive=0
10-31 06:13:49.085 14291 14291 W CrUtilityMain: type=1400 audit(0.0:11510): avc: denied { setattr } for name="verified_contents.json" dev="dm-2" ino=46439 scontext=u:r:isolated_app:s0:c512,c768 tcontext=u:object_r:app_data_file:s0:c512,c768 tclass=file permissive=0
10-31 06:13:49.096 14278 14278 I cr_ChildProcessService: Destroying ChildProcessService pid=14278
10-31 06:13:49.097 14278 14291 I chromium: [INFO:child_process_service.cc(69)] ChildProcessService: Exiting child process.
10-31 06:13:49.102   600   610 I ActivityManager: Process com.android.chrome:sandboxed_process21 (pid 14278) has died
10-31 06:13:49.103   600   610 D ActivityManager: cleanUpApplicationRecord -- 14278
10-31 06:13:49.103 13686 13686 W chromium: [WARNING:compositor_view.cc(315)] Child process died (type=6) pid=14278)
10-31 06:13:50.027 14211 14211 D MonkeyStub: translateCommand: touch down 614 1561
10-31 06:13:50.044 14211 14211 D MonkeyStub: translateCommand: touch move 614 1561
10-31 06:13:50.122   600 13557 I ActivityManager: Start proc 14297:com.android.chrome:sandboxed_process22/u0i755 for service com.android.chrome/org.chromium.content.app.SandboxedProcessService22
10-31 06:13:50.155 14211 14211 D MonkeyStub: translateCommand: touch move 614 1436
10-31 06:13:50.242 14297 14297 W boxed_process22: type=1400 audit(0.0:11511): avc: denied { getattr } for path="/data/data/com.android.chrome" dev="dm-2" ino=12190 scontext=u:r:isolated_app:s0:c512,c768 tcontext=u:object_r:app_data_file:s0:c512,c768 tclass=dir permissive=0
10-31 06:13:50.269 14211 14211 D MonkeyStub: translateCommand: touch move 614 1311
10-31 06:13:50.275 14297 14297 I cr_ChildProcessService: Creating new ChildProcessService pid=14297
10-31 06:13:50.362 14297 14310 I cr_LibraryLoader: Loaded native library version number "85.0.4183.127"
10-31 06:13:50.363 14297 14310 I cr_CachingUmaRecorder: Flushed 1 samples from 1 histograms.
10-31 06:13:50.383 14211 14211 D MonkeyStub: translateCommand: touch move 614 1186
10-31 06:13:50.388 14310 14310 W CrUtilityMain: type=1400 audit(0.0:11512): avc: denied { setattr } for name="optimization-hints.pb" dev="dm-2" ino=26430 scontext=u:r:isolated_app:s0:c512,c768 tcontext=u:object_r:app_data_file:s0:c512,c768 tclass=file permissive=0
10-31 06:13:50.392 14310 14310 W CrUtilityMain: type=1400 audit(0.0:11513): avc: denied { setattr } for name="manifest.json" dev="dm-2" ino=25049 scontext=u:r:isolated_app:s0:c512,c768 tcontext=u:object_r:app_data_file:s0:c512,c768 tclass=file permissive=0
10-31 06:13:50.398 14310 14310 W CrUtilityMain: type=1400 audit(0.0:11514): avc: denied { setattr } for name="verified_contents.json" dev="dm-2" ino=8898 scontext=u:r:isolated_app:s0:c512,c768 tcontext=u:object_r:app_data_file:s0:c512,c768 tclass=file permissive=0
10-31 06:13:50.422 14297 14297 I cr_ChildProcessService: Destroying ChildProcessService pid=14297
10-31 06:13:50.424 14297 14310 I chromium: [INFO:child_process_service.cc(69)] ChildProcessService: Exiting child process.
10-31 06:13:50.443   600 27731 I ActivityManager: Process com.android.chrome:sandboxed_process22 (pid 14297) has died
10-31 06:13:50.443   600 27731 D ActivityManager: cleanUpApplicationRecord -- 14297
10-31 06:13:50.444 13686 13686 W chromium: [WARNING:compositor_view.cc(315)] Child process died (type=6) pid=14297)
10-31 06:13:50.493 14211 14211 D MonkeyStub: translateCommand: touch move 614 1061
10-31 06:13:50.599 14211 14211 D MonkeyStub: translateCommand: touch move 614 937
10-31 06:13:50.707 14211 14211 D MonkeyStub: translateCommand: touch move 614 812
10-31 06:13:50.814 14211 14211 D MonkeyStub: translateCommand: touch move 614 687
10-31 06:13:50.928 14211 14211 D MonkeyStub: translateCommand: touch move 614 562
10-31 06:13:51.036 14211 14211 D MonkeyStub: translateCommand: touch move 614 437
10-31 06:13:51.141 14211 14211 D MonkeyStub: translateCommand: touch move 614 312
10-31 06:13:51.145 14211 14211 D MonkeyStub: translateCommand: touch up 614 312
10-31 06:13:51.787   600  1076 I ActivityManager: Start proc 14316:com.android.chrome:sandboxed_process23/u0i756 for service com.android.chrome/org.chromium.content.app.SandboxedProcessService23
10-31 06:13:51.822 14316 14316 W boxed_process23: type=1400 audit(0.0:11515): avc: denied { getattr } for path="/data/data/com.android.chrome" dev="dm-2" ino=12190 scontext=u:r:isolated_app:s0:c512,c768 tcontext=u:object_r:app_data_file:s0:c512,c768 tclass=dir permissive=0
10-31 06:13:51.844 14316 14316 I cr_ChildProcessService: Creating new ChildProcessService pid=14316
10-31 06:13:51.877 14316 14329 I cr_LibraryLoader: Loaded native library version number "85.0.4183.127"
10-31 06:13:51.878 14316 14329 I cr_CachingUmaRecorder: Flushed 1 samples from 1 histograms.
10-31 06:13:51.888 14329 14329 W CrUtilityMain: type=1400 audit(0.0:11516): avc: denied { setattr } for name="crl-set" dev="dm-2" ino=19852 scontext=u:r:isolated_app:s0:c512,c768 tcontext=u:object_r:app_data_file:s0:c512,c768 tclass=file permissive=0
10-31 06:13:51.888 14329 14329 W CrUtilityMain: type=1400 audit(0.0:11517): avc: denied { setattr } for name="manifest.json" dev="dm-2" ino=19898 scontext=u:r:isolated_app:s0:c512,c768 tcontext=u:object_r:app_data_file:s0:c512,c768 tclass=file permissive=0
10-31 06:13:51.888 14329 14329 W CrUtilityMain: type=1400 audit(0.0:11518): avc: denied { setattr } for name="LICENSE" dev="dm-2" ino=18425 scontext=u:r:isolated_app:s0:c512,c768 tcontext=u:object_r:app_data_file:s0:c512,c768 tclass=file permissive=0
10-31 06:13:51.892 14329 14329 W CrUtilityMain: type=1400 audit(0.0:11519): avc: denied { setattr } for name="verified_contents.json" dev="dm-2" ino=18175 scontext=u:r:isolated_app:s0:c512,c768 tcontext=u:object_r:app_data_file:s0:c512,c768 tclass=file permissive=0
10-31 06:13:51.903 14316 14329 I chromium: [INFO:child_process_service.cc(69)] ChildProcessService: Exiting child process.
10-31 06:13:51.920 13686 13686 W chromium: [WARNING:compositor_view.cc(315)] Child process died (type=6) pid=14316)
10-31 06:13:51.921   600  9614 I ActivityManager: Process com.android.chrome:sandboxed_process23 (pid 14316) has died
10-31 06:13:51.921   600  9614 D ActivityManager: cleanUpApplicationRecord -- 14316
10-31 06:13:53.487   600  1076 I ActivityManager: Start proc 14334:com.android.chrome:sandboxed_process24/u0i757 for service com.android.chrome/org.chromium.content.app.SandboxedProcessService24
10-31 06:13:53.555 14334 14334 W boxed_process24: type=1400 audit(0.0:11520): avc: denied { getattr } for path="/data/data/com.android.chrome" dev="dm-2" ino=12190 scontext=u:r:isolated_app:s0:c512,c768 tcontext=u:object_r:app_data_file:s0:c512,c768 tclass=dir permissive=0
10-31 06:13:53.577 14334 14334 I cr_ChildProcessService: Creating new ChildProcessService pid=14334
10-31 06:13:53.612 14334 14347 I cr_LibraryLoader: Loaded native library version number "85.0.4183.127"
10-31 06:13:53.612 14334 14347 I cr_CachingUmaRecorder: Flushed 1 samples from 1 histograms.
10-31 06:13:53.622 14347 14347 W CrUtilityMain: type=1400 audit(0.0:11521): avc: denied { setattr } for name="manifest.json" dev="dm-2" ino=19127 scontext=u:r:isolated_app:s0:c512,c768 tcontext=u:object_r:app_data_file:s0:c512,c768 tclass=file permissive=0
10-31 06:13:53.622 14347 14347 W CrUtilityMain: type=1400 audit(0.0:11522): avc: denied { setattr } for name="verified_contents.json" dev="dm-2" ino=14741 scontext=u:r:isolated_app:s0:c512,c768 tcontext=u:object_r:app_data_file:s0:c512,c768 tclass=file permissive=0
10-31 06:13:53.633 14334 14347 I chromium: [INFO:child_process_service.cc(69)] ChildProcessService: Exiting child process.
10-31 06:13:53.634   197   197 E lowmemorykiller: Error writing /proc/14334/oom_score_adj; errno=22
10-31 06:13:53.646   600   713 I ActivityManager: Process com.android.chrome:sandboxed_process24 (pid 14334) has died
10-31 06:13:53.646   600   713 D ActivityManager: cleanUpApplicationRecord -- 14334
10-31 06:13:53.647 13686 13686 W chromium: [WARNING:compositor_view.cc(315)] Child process died (type=6) pid=14334)
10-31 06:13:55.290 14211 14211 D MonkeyStub: translateCommand: touch down 614 1561
10-31 06:13:55.298 14211 14211 D MonkeyStub: translateCommand: touch move 614 1561
10-31 06:13:55.414   600 16391 I ActivityManager: Start proc 14351:com.android.chrome:sandboxed_process25/u0i758 for service com.android.chrome/org.chromium.content.app.SandboxedProcessService25
10-31 06:13:55.424 14211 14211 D MonkeyStub: translateCommand: touch move 614 1436
10-31 06:13:55.505 14351 14351 W boxed_process25: type=1400 audit(0.0:11523): avc: denied { getattr } for path="/data/data/com.android.chrome" dev="dm-2" ino=12190 scontext=u:r:isolated_app:s0:c512,c768 tcontext=u:object_r:app_data_file:s0:c512,c768 tclass=dir permissive=0
10-31 06:13:55.535 14211 14211 D MonkeyStub: translateCommand: touch move 614 1311
10-31 06:13:55.540 14351 14351 I cr_ChildProcessService: Creating new ChildProcessService pid=14351
10-31 06:13:55.607 14351 14364 I cr_LibraryLoader: Loaded native library version number "85.0.4183.127"
10-31 06:13:55.607 14351 14364 I cr_CachingUmaRecorder: Flushed 1 samples from 1 histograms.
10-31 06:13:55.618 14364 14364 W CrUtilityMain: type=1400 audit(0.0:11524): avc: denied { setattr } for name="download_file_types.pb" dev="dm-2" ino=22445 scontext=u:r:isolated_app:s0:c512,c768 tcontext=u:object_r:app_data_file:s0:c512,c768 tclass=file permissive=0
10-31 06:13:55.618 14364 14364 W CrUtilityMain: type=1400 audit(0.0:11525): avc: denied { setattr } for name="manifest.json" dev="dm-2" ino=22668 scontext=u:r:isolated_app:s0:c512,c768 tcontext=u:object_r:app_data_file:s0:c512,c768 tclass=file permissive=0
10-31 06:13:55.622 14364 14364 W CrUtilityMain: type=1400 audit(0.0:11526): avc: denied { setattr } for name="verified_contents.json" dev="dm-2" ino=22537 scontext=u:r:isolated_app:s0:c512,c768 tcontext=u:object_r:app_data_file:s0:c512,c768 tclass=file permissive=0
10-31 06:13:55.637 14351 14364 I chromium: [INFO:child_process_service.cc(69)] ChildProcessService: Exiting child process.
10-31 06:13:55.638   197   197 E lowmemorykiller: Error writing /proc/14351/oom_score_adj; errno=22
10-31 06:13:55.642 14211 14211 D MonkeyStub: translateCommand: touch move 614 1186
10-31 06:13:55.659   600  6312 I ActivityManager: Process com.android.chrome:sandboxed_process25 (pid 14351) has died
10-31 06:13:55.659   600  6312 D ActivityManager: cleanUpApplicationRecord -- 14351
10-31 06:13:55.661 13686 13686 W chromium: [WARNING:compositor_view.cc(315)] Child process died (type=6) pid=14351)
10-31 06:13:55.752 14211 14211 D MonkeyStub: translateCommand: touch move 614 1061
10-31 06:13:55.863 14211 14211 D MonkeyStub: translateCommand: touch move 614 937
10-31 06:13:55.982 14211 14211 D MonkeyStub: translateCommand: touch move 614 812
10-31 06:13:56.092 14211 14211 D MonkeyStub: translateCommand: touch move 614 687
10-31 06:13:56.206 14211 14211 D MonkeyStub: translateCommand: touch move 614 562
10-31 06:13:56.318 14211 14211 D MonkeyStub: translateCommand: touch move 614 437
10-31 06:13:56.429 14211 14211 D MonkeyStub: translateCommand: touch move 614 312
10-31 06:13:56.433 14211 14211 D MonkeyStub: translateCommand: touch up 614 312
10-31 06:13:56.464 14211 14211 D MonkeyStub: translateCommand: touch down 614 1561
10-31 06:13:56.472 14211 14211 D MonkeyStub: translateCommand: touch move 614 1561
10-31 06:13:56.579 14211 14211 D MonkeyStub: translateCommand: touch move 614 1436
10-31 06:13:56.692 14211 14211 D MonkeyStub: translateCommand: touch move 614 1311
10-31 06:13:56.801 14211 14211 D MonkeyStub: translateCommand: touch move 614 1186
10-31 06:13:56.911 14211 14211 D MonkeyStub: translateCommand: touch move 614 1061
10-31 06:13:57.026 14211 14211 D MonkeyStub: translateCommand: touch move 614 937
10-31 06:13:57.131 14211 14211 D MonkeyStub: translateCommand: touch move 614 812
10-31 06:13:57.244 14211 14211 D MonkeyStub: translateCommand: touch move 614 687
10-31 06:13:57.348 14211 14211 D MonkeyStub: translateCommand: touch move 614 562
10-31 06:13:57.457 14211 14211 D MonkeyStub: translateCommand: touch move 614 437
10-31 06:13:57.567 14211 14211 D MonkeyStub: translateCommand: touch move 614 312
10-31 06:13:57.576 14211 14211 D MonkeyStub: translateCommand: touch up 614 312
10-31 06:13:57.675   600  1076 I ActivityManager: Start proc 14370:com.android.chrome:sandboxed_process26/u0i759 for service com.android.chrome/org.chromium.content.app.SandboxedProcessService26
10-31 06:13:57.712 14370 14370 W boxed_process26: type=1400 audit(0.0:11527): avc: denied { getattr } for path="/data/data/com.android.chrome" dev="dm-2" ino=12190 scontext=u:r:isolated_app:s0:c512,c768 tcontext=u:object_r:app_data_file:s0:c512,c768 tclass=dir permissive=0
10-31 06:13:57.742 14370 14370 I cr_ChildProcessService: Creating new ChildProcessService pid=14370
10-31 06:13:57.791 14370 14383 I cr_LibraryLoader: Loaded native library version number "85.0.4183.127"
10-31 06:13:57.791 14370 14383 I cr_CachingUmaRecorder: Flushed 1 samples from 1 histograms.
10-31 06:13:57.805 14383 14383 W CrUtilityMain: type=1400 audit(0.0:11528): avc: denied { setattr } for name="ssl_error_assistant.pb" dev="dm-2" ino=22313 scontext=u:r:isolated_app:s0:c512,c768 tcontext=u:object_r:app_data_file:s0:c512,c768 tclass=file permissive=0
10-31 06:13:57.805 14383 14383 W CrUtilityMain: type=1400 audit(0.0:11529): avc: denied { setattr } for name="manifest.json" dev="dm-2" ino=22731 scontext=u:r:isolated_app:s0:c512,c768 tcontext=u:object_r:app_data_file:s0:c512,c768 tclass=file permissive=0
10-31 06:13:57.808 14383 14383 W CrUtilityMain: type=1400 audit(0.0:11530): avc: denied { setattr } for name="verified_contents.json" dev="dm-2" ino=22592 scontext=u:r:isolated_app:s0:c512,c768 tcontext=u:object_r:app_data_file:s0:c512,c768 tclass=file permissive=0
10-31 06:13:57.820 14370 14383 I chromium: [INFO:child_process_service.cc(69)] ChildProcessService: Exiting child process.
10-31 06:13:57.822   197   197 E lowmemorykiller: Error writing /proc/14370/oom_score_adj; errno=22
10-31 06:13:57.836   600   610 I ActivityManager: Process com.android.chrome:sandboxed_process26 (pid 14370) has died
10-31 06:13:57.836   600   610 D ActivityManager: cleanUpApplicationRecord -- 14370
10-31 06:13:57.838 13686 13686 W chromium: [WARNING:compositor_view.cc(315)] Child process died (type=6) pid=14370)
10-31 06:14:00.096   600   707 I ActivityManager: Start proc 14388:com.android.chrome:sandboxed_process27/u0i760 for service com.android.chrome/org.chromium.content.app.SandboxedProcessService27
10-31 06:14:00.132 14388 14388 W boxed_process27: type=1400 audit(0.0:11531): avc: denied { getattr } for path="/data/data/com.android.chrome" dev="dm-2" ino=12190 scontext=u:r:isolated_app:s0:c512,c768 tcontext=u:object_r:app_data_file:s0:c512,c768 tclass=dir permissive=0
10-31 06:14:00.158 14388 14388 I cr_ChildProcessService: Creating new ChildProcessService pid=14388
10-31 06:14:00.192 14388 14401 I cr_LibraryLoader: Loaded native library version number "85.0.4183.127"
10-31 06:14:00.192 14388 14401 I cr_CachingUmaRecorder: Flushed 1 samples from 1 histograms.
10-31 06:14:00.202 14401 14401 W CrUtilityMain: type=1400 audit(0.0:11532): avc: denied { setattr } for name="safety_tips.pb" dev="dm-2" ino=22965 scontext=u:r:isolated_app:s0:c512,c768 tcontext=u:object_r:app_data_file:s0:c512,c768 tclass=file permissive=0
10-31 06:14:00.202 14401 14401 W CrUtilityMain: type=1400 audit(0.0:11533): avc: denied { setattr } for name="manifest.json" dev="dm-2" ino=22870 scontext=u:r:isolated_app:s0:c512,c768 tcontext=u:object_r:app_data_file:s0:c512,c768 tclass=file permissive=0
10-31 06:14:00.205 14401 14401 W CrUtilityMain: type=1400 audit(0.0:11534): avc: denied { setattr } for name="verified_contents.json" dev="dm-2" ino=23110 scontext=u:r:isolated_app:s0:c512,c768 tcontext=u:object_r:app_data_file:s0:c512,c768 tclass=file permissive=0
10-31 06:14:00.216 14388 14388 I cr_ChildProcessService: Destroying ChildProcessService pid=14388
10-31 06:14:00.216 14388 14401 I chromium: [INFO:child_process_service.cc(69)] ChildProcessService: Exiting child process.
10-31 06:14:00.246   600  1082 I ActivityManager: Process com.android.chrome:sandboxed_process27 (pid 14388) has died
10-31 06:14:00.246   600  1082 D ActivityManager: cleanUpApplicationRecord -- 14388
10-31 06:14:00.247 13686 13686 W chromium: [WARNING:compositor_view.cc(315)] Child process died (type=6) pid=14388)
10-31 06:14:01.652 14211 14211 D MonkeyStub: translateCommand: touch down 614 1561
