--------- beginning of main
10-31 06:08:50.768 11994 11994 D AndroidRuntime: >>>>>> START com.android.internal.os.RuntimeInit uid 2000 <<<<<<
10-31 06:08:50.771 11994 11994 D AndroidRuntime: CheckJNI is OFF
10-31 06:08:50.835 11994 11994 D ICU     : No timezone override file found: /data/misc/zoneinfo/current/icu/icu_tzdata.dat
10-31 06:08:50.863 11994 11994 I Radio-JNI: register_android_hardware_Radio DONE
10-31 06:08:50.877 11994 11994 D AndroidRuntime: Calling main entry com.android.commands.am.Am
--------- beginning of system
10-31 06:08:50.895   600  3675 I ActivityManager: Force stopping com.android.chrome appid=10035 user=0: from pid 11994
10-31 06:08:50.895   600  3675 I ActivityManager: Killing 11910:com.android.chrome/u0a35 (adj 700): stop com.android.chrome
10-31 06:08:50.895   600  3675 D ActivityManager: cleanUpApplicationRecord -- 11910
10-31 06:08:50.906  1061  1061 D RegisteredNfcFServicesCache: Service unchanged, not updating
10-31 06:08:51.152   600 10249 I ActivityManager: START u0 {act=android.intent.action.VIEW flg=0x10008000 cmp=com.android.chrome/com.google.android.apps.chrome.Main} from uid 2000 on display 0
10-31 06:08:51.182 11994 11994 D AndroidRuntime: Shutting down VM
10-31 06:08:51.223   600 16391 I ActivityManager: Start proc 12004:com.android.chrome/u0a35 for activity com.android.chrome/com.google.android.apps.chrome.Main
10-31 06:08:51.384   600 24515 I ActivityManager: START u0 {cmp=com.android.chrome/org.chromium.chrome.browser.firstrun.TabbedModeFirstRunActivity (has extras)} from uid 10035 on display 0
10-31 06:08:51.401 12004 12021 W DynamiteModule: Local module descriptor class for com.google.android.gms.googlecertificates not found.
10-31 06:08:51.568 12004 12022 I cr_LibraryLoader: Loaded native library version number "85.0.4183.127"
10-31 06:08:51.569 12004 12022 I cr_CachingUmaRecorder: Flushed 10 samples from 10 histograms.
10-31 06:08:51.580 12004 12021 I DynamiteModule: Considering local module com.google.android.gms.googlecertificates:0 and remote module com.google.android.gms.googlecertificates:6
10-31 06:08:51.580 12004 12021 I DynamiteModule: Selected remote version of com.google.android.gms.googlecertificates, version >= 6
10-31 06:08:51.612 12004 12023 I OpenGLRenderer: Initialized EGL, version 1.4
10-31 06:08:51.612 12004 12023 D OpenGLRenderer: Swap behavior 2
10-31 06:08:51.623   600   609 I art     : Background partial concurrent mark sweep GC freed 91839(4MB) AllocSpace objects, 26(672KB) LOS objects, 33% free, 17MB/25MB, paused 4.878ms total 131.788ms
10-31 06:08:51.646 12004 12021 W System  : ClassLoader referenced unknown path: 
10-31 06:08:51.648 12004 12021 D ApplicationLoaders: ignored Vulkan layer search path /data/app/com.google.android.gms-1/lib/arm:/data/app/com.google.android.gms-1/base.apk!/lib/armeabi-v7a:/data/app/com.google.android.gms-1/split_config.en.apk!/lib/armeabi-v7a for namespace 0xf4a47090
10-31 06:08:51.650 12004 12021 W ResourceType: ResTable_typeSpec entry count inconsistent: given 67, previously 69
10-31 06:08:51.650 12004 12021 W ResourceType: ResTable_typeSpec entry count inconsistent: given 5346, previously 5347
10-31 06:08:51.680 12004 12021 I DynamiteLoaderV2Impl: [70] Googlecertificates
10-31 06:08:51.692 12004 12021 W System  : ClassLoader referenced unknown path: /data/user_de/0/com.google.android.gms/app_chimera/m/00000061/n/armeabi-v7a
10-31 06:08:51.692 12004 12021 W System  : ClassLoader referenced unknown path: /data/user_de/0/com.google.android.gms/app_chimera/m/00000061/n/armeabi
10-31 06:08:51.779   600   620 W WindowManager: Failed looking up window
10-31 06:08:51.779   600   620 W WindowManager: java.lang.IllegalArgumentException: Requested window android.view.ViewRootImpl$W@8611a96 does not exist
10-31 06:08:51.779   600   620 W WindowManager: 	at com.android.server.wm.WindowManagerService.windowForClientLocked(WindowManagerService.java:9422)
10-31 06:08:51.779   600   620 W WindowManager: 	at com.android.server.wm.WindowManagerService.windowForClientLocked(WindowManagerService.java:9413)
10-31 06:08:51.779   600   620 W WindowManager: 	at com.android.server.wm.WindowManagerService.removeWindow(WindowManagerService.java:2393)
10-31 06:08:51.779   600   620 W WindowManager: 	at com.android.server.wm.Session.remove(Session.java:202)
10-31 06:08:51.779   600   620 W WindowManager: 	at android.view.ViewRootImpl.dispatchDetachedFromWindow(ViewRootImpl.java:3290)
10-31 06:08:51.779   600   620 W WindowManager: 	at android.view.ViewRootImpl.doDie(ViewRootImpl.java:5917)
10-31 06:08:51.779   600   620 W WindowManager: 	at android.view.ViewRootImpl$ViewRootHandler.handleMessage(ViewRootImpl.java:3626)
10-31 06:08:51.779   600   620 W WindowManager: 	at android.os.Handler.dispatchMessage(Handler.java:102)
10-31 06:08:51.779   600   620 W WindowManager: 	at android.os.Looper.loop(Looper.java:154)
10-31 06:08:51.779   600   620 W WindowManager: 	at android.os.HandlerThread.run(HandlerThread.java:61)
10-31 06:08:51.779   600   620 W WindowManager: 	at com.android.server.ServiceThread.run(ServiceThread.java:46)
10-31 06:08:51.789   600   620 I ActivityManager: Displayed com.android.chrome/org.chromium.chrome.browser.firstrun.TabbedModeFirstRunActivity: +342ms (total +607ms)
10-31 06:08:51.829   787  1174 I FontLog : Received query Google Sans, URI content://com.google.android.gms.fonts [CONTEXT service_id=132 ]
10-31 06:08:51.829   787  1174 I FontLog : Query [Google Sans] resolved to {Google Sans, wdth 100.0, wght 400, ital 0.0, bestEffort false} [CONTEXT service_id=132 ]
10-31 06:08:51.846   787  1174 I FontLog : Font PFD returned from cache for {Google Sans, wdth 100.0, wght 400, ital 0.0, bestEffort false} [CONTEXT service_id=132 ]
10-31 06:08:51.853   787  1174 I FontLog : Fetch {Google Sans, wdth 100.0, wght 400, ital 0.0, bestEffort false} end status Status{statusCode=SUCCESS, resolution=null} [CONTEXT service_id=132 ]
10-31 06:08:51.878   787  1259 E apju    : Phenotype API error. Event # cdub@643f3f, EventCode: 7 [CONTEXT service_id=51 ]
10-31 06:08:51.878   787  1259 E apju    : apiz: 29505: No config packages for log source, or config package not registered
10-31 06:08:51.878   787  1259 E apju    : 	at apkj.b(:com.google.android.gms@203915020@20.39.15 (040406-335085812):7)
10-31 06:08:51.878   787  1259 E apju    : 	at apkg.b(:com.google.android.gms@203915020@20.39.15 (040406-335085812):2)
10-31 06:08:51.878   787  1259 E apju    : 	at apju.a(:com.google.android.gms@203915020@20.39.15 (040406-335085812):85)
10-31 06:08:51.878   787  1259 E apju    : 	at apju.a(:com.google.android.gms@203915020@20.39.15 (040406-335085812):80)
10-31 06:08:51.878   787  1259 E apju    : 	at aain.run(:com.google.android.gms@203915020@20.39.15 (040406-335085812):7)
10-31 06:08:51.878   787  1259 E apju    : 	at boex.run(:com.google.android.gms@203915020@20.39.15 (040406-335085812):2)
10-31 06:08:51.878   787  1259 E apju    : 	at sup.b(:com.google.android.gms@203915020@20.39.15 (040406-335085812):12)
10-31 06:08:51.878   787  1259 E apju    : 	at sup.run(:com.google.android.gms@203915020@20.39.15 (040406-335085812):7)
10-31 06:08:51.878   787  1259 E apju    : 	at java.util.concurrent.ThreadPoolExecutor.runWorker(ThreadPoolExecutor.java:1133)
10-31 06:08:51.878   787  1259 E apju    : 	at java.util.concurrent.ThreadPoolExecutor$Worker.run(ThreadPoolExecutor.java:607)
10-31 06:08:51.878   787  1259 E apju    : 	at tam.run(:com.google.android.gms@203915020@20.39.15 (040406-335085812):0)
10-31 06:08:51.878   787  1259 E apju    : 	at java.lang.Thread.run(Thread.java:761)
10-31 06:08:51.879   787   806 I FontLog : Pulling font file for id = 1498, cache size = 5 [CONTEXT service_id=132 ]
10-31 06:08:51.888   787 28597 I FontLog : Received query Google Sans:500, URI content://com.google.android.gms.fonts [CONTEXT service_id=132 ]
10-31 06:08:51.889   787 28597 I FontLog : Query [Google Sans:500] resolved to {Google Sans, wdth 100.0, wght 500, ital 0.0, bestEffort false} [CONTEXT service_id=132 ]
10-31 06:08:51.892   787 28597 I FontLog : Font PFD returned from cache for {Google Sans, wdth 100.0, wght 500, ital 0.0, bestEffort false} [CONTEXT service_id=132 ]
10-31 06:08:51.892   787 28597 I FontLog : Fetch {Google Sans, wdth 100.0, wght 500, ital 0.0, bestEffort false} end status Status{statusCode=SUCCESS, resolution=null} [CONTEXT service_id=132 ]
10-31 06:08:51.901   787  1259 E AsyncOperation: serviceID=51, operation=GetExperimentTokensOperationCall [CONTEXT service_id=259 ]
10-31 06:08:51.901   787  1259 E AsyncOperation: OperationException[Status{statusCode=No config packages for log source, or config package not registered, resolution=null}]
10-31 06:08:51.901   787  1259 E AsyncOperation: 	at apju.a(:com.google.android.gms@203915020@20.39.15 (040406-335085812):87)
10-31 06:08:51.901   787  1259 E AsyncOperation: 	at apju.a(:com.google.android.gms@203915020@20.39.15 (040406-335085812):80)
10-31 06:08:51.901   787  1259 E AsyncOperation: 	at aain.run(:com.google.android.gms@203915020@20.39.15 (040406-335085812):7)
10-31 06:08:51.901   787  1259 E AsyncOperation: 	at boex.run(:com.google.android.gms@203915020@20.39.15 (040406-335085812):2)
10-31 06:08:51.901   787  1259 E AsyncOperation: 	at sup.b(:com.google.android.gms@203915020@20.39.15 (040406-335085812):12)
10-31 06:08:51.901   787  1259 E AsyncOperation: 	at sup.run(:com.google.android.gms@203915020@20.39.15 (040406-335085812):7)
10-31 06:08:51.901   787  1259 E AsyncOperation: 	at java.util.concurrent.ThreadPoolExecutor.runWorker(ThreadPoolExecutor.java:1133)
10-31 06:08:51.901   787  1259 E AsyncOperation: 	at java.util.concurrent.ThreadPoolExecutor$Worker.run(ThreadPoolExecutor.java:607)
10-31 06:08:51.901   787  1259 E AsyncOperation: 	at tam.run(:com.google.android.gms@203915020@20.39.15 (040406-335085812):0)
10-31 06:08:51.901   787  1259 E AsyncOperation: 	at java.lang.Thread.run(Thread.java:761)
10-31 06:08:51.905 12004 12021 D NetworkSecurityConfig: Using Network Security Config from resource 0_resource_name_obfuscated debugBuild: false
10-31 06:08:51.940   787 23224 I FontLog : Pulling font file for id = 1499, cache size = 5 [CONTEXT service_id=132 ]
10-31 06:08:52.007 23104 23104 I MemoryTrimmer: Trimming objects from memory, since app is in the background.
10-31 06:08:52.017  1084  1084 I MemoryTrimmer: Trimming objects from memory, since app is in the background.
10-31 06:08:52.034 23104 23104 I MicroDetector: Keeping mic open: false
10-31 06:08:52.034 23104 11871 I DeviceStateChecker: DeviceStateChecker cancelled
10-31 06:08:52.034 23104 10392 I AudioController: internalShutdown
10-31 06:08:52.036 23104 23198 I MicroRecognitionRunner: Stopping hotword detection.
10-31 06:08:52.036 23104 10392 I MicrophoneInputStream: mic_close com.google.android.apps.gsa.speech.audio.ae@6327a91
10-31 06:08:52.053   238   285 I SoundTriggerHwService::Module: void android::SoundTriggerHwService::Module::onCallbackEvent(const sp<android::SoundTriggerHwService::CallbackEvent> &) mClient == 0
10-31 06:08:52.102 23104 11872 I MicroRecognitionRunner: Detection finished
10-31 06:08:52.112 23104 23104 I MemoryTrimmer: Trimming objects from memory, since app is in the background.
10-31 06:08:52.194 12004 12021 I cr_VariationsSeedFetch: Fetched first run seed in 292 ms
10-31 06:08:52.219   600 27731 I ActivityManager: Start proc 12040:com.android.chrome:sandboxed_process0/u0i679 for service com.android.chrome/org.chromium.content.app.SandboxedProcessService0
10-31 06:08:52.265 12040 12040 W dboxed_process0: type=1400 audit(0.0:11397): avc: denied { getattr } for path="/data/data/com.android.chrome" dev="dm-2" ino=12190 scontext=u:r:isolated_app:s0:c512,c768 tcontext=u:object_r:app_data_file:s0:c512,c768 tclass=dir permissive=0
10-31 06:08:52.291 12040 12040 I cr_ChildProcessService: Creating new ChildProcessService pid=12040
10-31 06:08:52.447   600 24515 I ActivityManager: Start proc 12068:com.android.chrome:privileged_process0/u0a35 for service com.android.chrome/org.chromium.content.app.PrivilegedProcessService0
10-31 06:08:52.522 12004 12026 W ConnectionStatusConfig: Dynamic lookup for intent failed for action: com.google.android.gms.auth.key.retrieval.service.START
10-31 06:08:52.542 12004 12026 W ConnectionStatusConfig: Dynamic lookup for intent failed for action: com.google.android.gms.auth.key.retrieval.service.START
10-31 06:08:52.543   600  1081 W ActivityManager: Unable to start service Intent { act=com.google.android.gms.auth.key.retrieval.service.START pkg=com.google.android.gms } U=0: not found
10-31 06:08:52.558   600  3507 W ActivityManager: Unbind failed: could not find connection for android.os.BinderProxy@624e92
10-31 06:08:52.559 12004 12026 E GmsClient: unable to connect to service: com.google.android.gms.auth.key.retrieval.service.START on com.google.android.gms
10-31 06:08:52.574 12068 12068 I cr_ChildProcessService: Creating new ChildProcessService pid=12068
10-31 06:08:52.579 12004 12004 W cr_KnoxSettingsProvider: Permission to read device policy denied.
10-31 06:08:52.640 12068 12085 I cr_LibraryLoader: Loaded native library version number "85.0.4183.127"
10-31 06:08:52.641 12068 12085 I cr_CachingUmaRecorder: Flushed 1 samples from 1 histograms.
10-31 06:08:52.654 12068 12085 E libEGL  : validate_display:99 error 3008 (EGL_BAD_DISPLAY)
10-31 06:09:02.082   600   647 I WifiHAL : Got channel list with 13 channels
10-31 06:09:02.083   600   647 I WifiHAL : Got channel list with 4 channels
10-31 06:09:02.084   600   647 I WifiHAL : Got channel list with 15 channels
10-31 06:09:02.114   787  1547 W NetworkScheduler: Error inserting service_kind=0 source=16 tag=Measurement.PackageMeasurementTaskService.UPLOAD_TASK_TAG target_package=com.google.android.gms requires_charging=0 source_version=203915000 required_network_type=0 flex_time=3599000 persistence_level=1 target_class=com.google.android.gms.measurement.PackageMeasurementTaskService runtime=1667192445365 retry_strategy={"maximum_backoff_seconds":{"3600":0},"initial_backoff_seconds":{"30":0},"retry_policy":{"0":0}} preferred_network_type=1 required_idleness_state=0 preferred_charging_state=1 period=7200000 last_runtime=0 task_type=0 job_id=-1 user_id=0, error message: UNIQUE constraint failed: pending_ops.tag, pending_ops.target_class, pending_ops.target_package, pending_ops.user_id (code 2067) [CONTEXT service_id=218 ]
10-31 06:09:02.174   787 12110 I NetworkScheduler.Stats: Task com.google.android.gms/com.google.android.gms.auth.account.be.accountstate.GcmTaskService started execution. cause:4 exec_start_elapsed_seconds: 144990 [CONTEXT service_id=218 ]
10-31 06:09:02.183   787 10653 I NetworkScheduler.Stats: Task com.google.android.gms/com.google.android.gms.auth.account.be.accountstate.GcmTaskService finished executing. cause:4 result: 1 elapsed_millis: 42 uptime_millis: 42 exec_start_elapsed_seconds: 144990 [CONTEXT service_id=218 ]
10-31 06:09:02.204 23104 23104 I MemoryTrimmer: Trimming objects from memory, since app is in the background.
10-31 06:09:02.252   787 12110 I NetworkScheduler.Stats: Task com.google.android.gms/com.google.android.gms.clearcut.uploader.QosUploaderService started execution. cause:5 exec_start_elapsed_seconds: 144990 [CONTEXT service_id=218 ]
10-31 06:09:02.275   787 10653 I NetworkScheduler.Stats: Task com.google.android.gms/com.google.android.gms.chimera.container.ConfigService started execution. cause:5 exec_start_elapsed_seconds: 144990 [CONTEXT service_id=218 ]
10-31 06:09:02.319 27883  4862 I ChimeraConfigurator: Starting update, reason: 3 urgentFeatures: 
10-31 06:09:02.640 27883  4862 I DynamiteModule: Considering local module com.google.android.gms.cronet_dynamite:0 and remote module com.google.android.gms.cronet_dynamite:1311
10-31 06:09:02.640 27883  4862 I DynamiteModule: Selected remote version of com.google.android.gms.cronet_dynamite, version >= 1311
10-31 06:09:02.646 27883  4862 I ChmraDebugLogger: [71] Cronetdynamite
10-31 06:09:02.769 27883  4862 I ChmraDebugLogger: [73] 80694300
10-31 06:09:02.771 27883  4862 I ChmraDebugLogger: [30] [VisionOcrDynamite.integ:223610901000400],[VisionBarcodeDynamite.integ:221180404000400]
10-31 06:09:02.776 27883  4862 W ChimeraConfigService: Retry attempt was throttled.
10-31 06:09:02.782   787 10653 I NetworkScheduler.Stats: Task com.google.android.gms/com.google.android.gms.chimera.container.ConfigService finished executing. cause:5 result: 2 elapsed_millis: 564 uptime_millis: 564 exec_start_elapsed_seconds: 144990 [CONTEXT service_id=218 ]
10-31 06:09:03.469   787 12110 I NetworkScheduler.Stats: Task com.google.android.gms/com.google.android.gms.clearcut.uploader.QosUploaderService finished executing. cause:5 result: 1 elapsed_millis: 1235 uptime_millis: 1234 exec_start_elapsed_seconds: 144990 [CONTEXT service_id=218 ]
10-31 06:09:03.721 12119 12119 D AndroidRuntime: >>>>>> START com.android.internal.os.RuntimeInit uid 2000 <<<<<<
10-31 06:09:03.724 12119 12119 D AndroidRuntime: CheckJNI is OFF
10-31 06:09:03.790 12119 12119 D ICU     : No timezone override file found: /data/misc/zoneinfo/current/icu/icu_tzdata.dat
10-31 06:09:03.821 12119 12119 I Radio-JNI: register_android_hardware_Radio DONE
10-31 06:09:03.836 12119 12119 D AndroidRuntime: Calling main entry com.android.commands.monkey.Monkey
10-31 06:09:03.908   600   613 W BroadcastQueue: Skipping deliver [background] BroadcastRecord{46c4016 u-1 android.net.conn.CONNECTIVITY_CHANGE} to ReceiverList{4a22d97 12119 (unknown name)/2000/u-1 remote:e88b9d8}: process crashing
10-31 06:09:05.537 12119 12119 D MonkeyStub: translateCommand: wake
10-31 06:09:05.637 12119 12119 D MonkeyStub: translateCommand: tap 398 1198
10-31 06:09:07.745 12119 12119 D MonkeyStub: translateCommand: tap 720 1506
10-31 06:09:07.909 27883 28451 I PeopleChimeraService: onService. callbacks = aaik@cd3e092, request = com.google.android.gms.common.internal.GetServiceRequest@78f4a63
10-31 06:09:07.915 27883 27896 I PeopleChimeraService: onService. callbacks = aaik@9072719, request = com.google.android.gms.common.internal.GetServiceRequest@c4b73de
10-31 06:09:09.796 12119 12119 D MonkeyStub: translateCommand: tap 355 1480
10-31 06:09:09.821 12119 12119 D MonkeyStub: Quit requested
10-31 06:09:09.836   600  9614 I ActivityManager: START u0 {act=android.intent.action.VIEW flg=0x10008000 cmp=com.android.chrome/com.google.android.apps.chrome.Main (has extras)} from uid 10035 on display 0
10-31 06:09:09.861   600   614 I CwMcuSensor: CwMcuSensor::flush: fd = 245, sensors_id = 0, path = /sys/class/htc_sensorhub/sensor_hub/flush, err = 0
10-31 06:09:09.870 12119 12119 I art     : System.exit called, status: 6
10-31 06:09:09.870 12119 12119 I AndroidRuntime: VM exiting with result code 6.
10-31 06:09:09.919   600 17381 W WindowManager: Attempted to remove non-existing token: android.os.Binder@cbb9b84
10-31 06:09:09.984 12004 12004 E cr_CompositorSurfaceMgr: Transitioning to surface with format : -1
10-31 06:09:10.050   600   609 I art     : Background partial concurrent mark sweep GC freed 49655(2MB) AllocSpace objects, 8(176KB) LOS objects, 33% free, 17MB/25MB, paused 1.221ms total 146.300ms
10-31 06:09:10.096 12004 12063 W cr_tabmodel: Starting to perform legacy migration.
10-31 06:09:10.097 12004 12063 W cr_tabmodel: Finished performing legacy migration.
10-31 06:09:10.097 12004 12063 W cr_tabmodel: Starting to perform multi-instance migration.
10-31 06:09:10.097 12004 12063 W cr_tabmodel: Finished performing multi-instance migration.
10-31 06:09:10.097 12004 12063 I cr_tabmodel: Starting to fetch tab list for tab_state0
10-31 06:09:10.097 12004 12063 I cr_tabmodel: State file does not exist.
10-31 06:09:10.097 12004 12063 I cr_tabmodel: Starting to fetch tab list for tab_state1
10-31 06:09:10.097 12004 12063 I cr_tabmodel: State file does not exist.
10-31 06:09:10.146 12004 12063 I cr_ADCP : No customization source found
10-31 06:09:10.214   600   713 E BatteryStatsService: power: Missing API
10-31 06:09:10.227   600   620 I ActivityManager: Displayed com.android.chrome/com.google.android.apps.chrome.Main: +361ms
10-31 06:09:10.238   796   796 E PhoneInterfaceManager: [PhoneIntfMgr] queryModemActivityInfo: Empty response
10-31 06:09:10.238   600   713 E BatteryStatsService: no controller energy info supplied
10-31 06:09:10.244   600   713 E BatteryStatsService: modem info is invalid: ModemActivityInfo{ mTimestamp=0 mSleepTimeMs=0 mIdleTimeMs=0 mTxTimeMs[]=[0, 0, 0, 0, 0] mRxTimeMs=0 mEnergyUsed=0}
10-31 06:09:10.290 12004 12023 D OpenGLRenderer: endAllActiveAnimators on 0xd3d50900 (InsetDrawable) with handle 0xd555a070
10-31 06:09:10.294 12004 12004 E cr_CompositorSurfaceMgr: Transitioning to surface with format : -1
10-31 06:09:10.298 12004 12004 E cr_CompositorSurfaceMgr: surfaceCreated format : 0
10-31 06:09:10.307 12004 12004 I cr_ContextualSearch: Tap suppression enabled: false
10-31 06:09:10.311 12004 12004 I cr_ChromeTabbedActivity: #initializeState
10-31 06:09:10.311 12004 12004 I cr_CipherFactory: #restoreFromBundle, no savedInstanceState.
10-31 06:09:10.311 12004 12004 I cr_tabmodel: #loadState, ignoreIncognitoFiles? true
10-31 06:09:10.445 12004 12004 I SchedulerApiWrapper: Create SchedulerApiMainThreadWrapper
10-31 06:09:10.463 12004 12004 I FeedSessionManagerImpl: FeedSessionManagerImpl has been created
10-31 06:09:10.465 12004 12004 I FeedAppLifecycleLstnr: onEnterForeground called
10-31 06:09:10.465 12004 12004 I FeedSessionManagerImpl: onLifecycleEvent foreground
10-31 06:09:10.475 12004 12004 I FeedSessionManagerImpl: Lazy initialization triggered, getUpdateConsumer
10-31 06:09:10.476 12004 12063 I TaskQueue: Execute task [IMMEDIATE - d: true, b: 0]: 30
10-31 06:09:10.477 12004 12004 I FeedRequestManagerImpl: trigger refresh 2
10-31 06:09:10.478 12004 12004 I TaskQueue:  - task [HEAD_INVALIDATE - d: true, b: 0]: 26
10-31 06:09:10.489 12004 12063 W SessionCache: Persisted Sessions were not found
10-31 06:09:10.489 12004 12063 I HeadSessionImpl: Initialize HEAD 0 items
10-31 06:09:10.490 12004 12063 I TaskQueue:  - task [BACKGROUND - d: true, b: 1]: 11
10-31 06:09:10.490 12004 12063 I TimingUtils: Task Timing  14ms, thread JardinExecutor | task : Initialization
10-31 06:09:10.491 12004 12063 I TaskQueue:  - Finished 30, time 15 ms
10-31 06:09:10.491 12004 12063 I TaskQueue: Execute task [HEAD_INVALIDATE - d: true, b: 1]: 26
10-31 06:09:10.492 12004 12063 I TimingUtils: Task Timing   0ms, thread JardinExecutor | task : getAllDismissLocalActions | size : 0
10-31 06:09:10.492 12004 12063 I TimingUtils: Task Timing   0ms, thread JardinExecutor | task : getSemanticProperties | size : 0
10-31 06:09:10.492 12004 12063 I MainThreadRunner: Running task [Check Tooltips] on the Main Thread
10-31 06:09:10.492 12004 12063 I TaskQueue:  * Starting starvation checks
10-31 06:09:10.492 12004 12063 I MainThreadRunner: Running task [starvationChecks] on the Main Thread with a delay of 6000 milliseconds
10-31 06:09:10.492 12004 12063 I TaskQueue:  - Finished 26, time 1 ms
10-31 06:09:10.576 12004 12004 I PlayCore: UID: [10035]  PID: [12004] SplitInstallService : deferredInstall([image_editor])
10-31 06:09:10.589 12004 12151 I PlayCore: UID: [10035]  PID: [12004] SplitInstallService : Initiate binding to the service.
10-31 06:09:10.730   600  1079 W ActivityManager: Unable to start service Intent { act=com.google.android.play.core.splitinstall.BIND_SPLIT_INSTALL_SERVICE pkg=com.android.vending } U=0: not found
10-31 06:09:10.751 12004 12014 I art     : Background partial concurrent mark sweep GC freed 4913(581KB) AllocSpace objects, 21(956KB) LOS objects, 40% free, 8MB/13MB, paused 2.609ms total 204.371ms
10-31 06:09:10.764 12004 12004 I FeedAppLifecycleLstnr: initialize called
10-31 06:09:10.764 12004 12004 I FeedSessionManagerImpl: onLifecycleEvent initialize
10-31 06:09:10.764 12004 12004 W FeedSessionManagerImpl: FeedSessionManagerImpl has previously been initialized
10-31 06:09:10.779 12004 12151 I PlayCore: UID: [10035]  PID: [12004] SplitInstallService : Failed to bind to the service.
10-31 06:09:10.785 12004 12004 I ViewConfigCompat: Could not find method getScaledScrollFactor() on ViewConfiguration
10-31 06:09:10.789 12004 12004 I BasicStream: Setting 2 header views, currently have 0 headers
10-31 06:09:10.790 12004 12004 I BasicStream: Setting 2 header views, currently have 2 headers
10-31 06:09:10.847   600   619 D BluetoothManagerService: Message: 20
10-31 06:09:10.847   600   619 D BluetoothManagerService: Added callback: android.bluetooth.IBluetoothManagerCallback$Stub$Proxy@d1f494e:true
10-31 06:09:10.877 12004 12004 E cr_IntentUtils: getBooleanExtra failed on intent null
10-31 06:09:10.878 12040 12053 I cr_LibraryLoader: Loaded native library version number "85.0.4183.127"
10-31 06:09:10.879 12040 12053 I cr_CachingUmaRecorder: Flushed 1 samples from 1 histograms.
10-31 06:09:10.902 12004 12004 I TimeoutSessionImpl: Using TimeoutSessionImpl
10-31 06:09:10.902 12004 12004 I FeedSessionManagerImpl: shouldSessionRequestData; hasContent(false), contentCreationTime(0), outstandingRequest(true)
10-31 06:09:10.903 12004 12004 I FeedSessionManagerImpl: shouldSessionRequestDataResult: NO_REQUEST_WITH_WAIT, shouldMakeRequest(false), withTimeout(false), withAppend(false)
10-31 06:09:10.903 12004 12004 I TaskQueue:  - task [USER_FACING - d: true, b: 1]: 24
10-31 06:09:10.905 12004 12004 I MainThreadRunner: Running task [BasicStream onShow] on the Main Thread with a delay of 500 milliseconds
10-31 06:09:10.958   600   610 I ActivityManager: Start proc 12156:com.android.chrome:sandboxed_process1/u0i680 for service com.android.chrome/org.chromium.content.app.SandboxedProcessService1
10-31 06:09:10.990   600  3507 I ActivityManager: Start proc 12162:com.android.chrome:sandboxed_process2/u0i681 for service com.android.chrome/org.chromium.content.app.SandboxedProcessService2
10-31 06:09:11.019   600  9614 I ActivityManager: Start proc 12168:com.android.chrome:sandboxed_process3/u0i682 for service com.android.chrome/org.chromium.content.app.SandboxedProcessService3
10-31 06:09:11.074   600  3994 I ActivityManager: Start proc 12188:com.android.chrome:sandboxed_process4/u0i683 for service com.android.chrome/org.chromium.content.app.SandboxedProcessService4
10-31 06:09:11.133   600   707 I ActivityManager: Start proc 12206:com.android.chrome:sandboxed_process5/u0i684 for service com.android.chrome/org.chromium.content.app.SandboxedProcessService5
10-31 06:09:11.144 12004 12004 I Choreographer: Skipped 55 frames!  The application may be doing too much work on its main thread.
10-31 06:09:11.174   600 29683 I ActivityManager: Start proc 12218:com.android.chrome:sandboxed_process6/u0i685 for service com.android.chrome/org.chromium.content.app.SandboxedProcessService6
10-31 06:09:11.182 12156 12156 W dboxed_process1: type=1400 audit(0.0:11398): avc: denied { getattr } for path="/data/data/com.android.chrome" dev="dm-2" ino=12190 scontext=u:r:isolated_app:s0:c512,c768 tcontext=u:object_r:app_data_file:s0:c512,c768 tclass=dir permissive=0
10-31 06:09:11.244   600  2707 I ActivityManager: Start proc 12225:com.android.chrome:sandboxed_process7/u0i686 for service com.android.chrome/org.chromium.content.app.SandboxedProcessService7
10-31 06:09:11.283 12004 12004 I TaskQueue:  - task [IMMEDIATE - d: true, b: 2]: 27
10-31 06:09:11.283 12004 12004 I TaskQueue:  - queueTask starting immediate task
10-31 06:09:11.284 12004 12062 I TaskQueue: Execute task [IMMEDIATE - d: true, b: 2]: 27
10-31 06:09:11.286 12004 12062 I FeedRequestManagerImpl: Consistency Token: # hU2@7bca4
10-31 06:09:11.291 12004 12062 I FeedRequestManagerImpl: Capability: FEED_UI
10-31 06:09:11.291 12004 12062 I FeedRequestManagerImpl: Capability: UNDOABLE_ACTIONS
10-31 06:09:11.291 12004 12062 I FeedRequestManagerImpl: Capability: MANAGE_INTERESTS
10-31 06:09:11.291 12004 12062 I FeedRequestManagerImpl: Capability: SEND_FEEDBACK
10-31 06:09:11.291 12004 12062 I FeedRequestManagerImpl: Capability: ARTICLE_SNIPPETS
10-31 06:09:11.291 12004 12062 I FeedRequestManagerImpl: Capability: CLICK_ACTION
10-31 06:09:11.291 12004 12062 I FeedRequestManagerImpl: Capability: VIEW_ACTION
10-31 06:09:11.291 12004 12062 I FeedRequestManagerImpl: Capability: REPORT_FEED_USER_ACTIONS_NOTICE_CARD
10-31 06:09:11.291 12004 12062 I FeedRequestManagerImpl: Capability: BASE_UI
10-31 06:09:11.305 12168 12168 W dboxed_process3: type=1400 audit(0.0:11399): avc: denied { getattr } for path="/data/data/com.android.chrome" dev="dm-2" ino=12190 scontext=u:r:isolated_app:s0:c512,c768 tcontext=u:object_r:app_data_file:s0:c512,c768 tclass=dir permissive=0
10-31 06:09:11.320 12004 12062 I FeedRequestManagerImpl: Making Request: /httpservice/noretry/DiscoverClankService/FeedQuery
10-31 06:09:11.320 12004 12062 I MainThreadRunner: Running task [NetworkClientWrapper send] on the Main Thread
10-31 06:09:11.320 12004 12062 I TaskQueue:  - Finished 27, time 36 ms
10-31 06:09:11.324   600  3509 I ActivityManager: Start proc 12245:com.android.chrome:sandboxed_process8/u0i687 for service com.android.chrome/org.chromium.content.app.SandboxedProcessService8
10-31 06:09:11.411 12156 12156 I cr_ChildProcessService: Creating new ChildProcessService pid=12156
10-31 06:09:11.422 12162 12162 W dboxed_process2: type=1400 audit(0.0:11400): avc: denied { getattr } for path="/data/data/com.android.chrome" dev="dm-2" ino=12190 scontext=u:r:isolated_app:s0:c512,c768 tcontext=u:object_r:app_data_file:s0:c512,c768 tclass=dir permissive=0
10-31 06:09:11.458 12188 12188 W dboxed_process4: type=1400 audit(0.0:11401): avc: denied { getattr } for path="/data/data/com.android.chrome" dev="dm-2" ino=12190 scontext=u:r:isolated_app:s0:c512,c768 tcontext=u:object_r:app_data_file:s0:c512,c768 tclass=dir permissive=0
10-31 06:09:11.518 12206 12206 W dboxed_process5: type=1400 audit(0.0:11402): avc: denied { getattr } for path="/data/data/com.android.chrome" dev="dm-2" ino=12190 scontext=u:r:isolated_app:s0:c512,c768 tcontext=u:object_r:app_data_file:s0:c512,c768 tclass=dir permissive=0
10-31 06:09:11.520 12168 12168 I cr_ChildProcessService: Creating new ChildProcessService pid=12168
10-31 06:09:11.545 12218 12218 W dboxed_process6: type=1400 audit(0.0:11403): avc: denied { getattr } for path="/data/data/com.android.chrome" dev="dm-2" ino=12190 scontext=u:r:isolated_app:s0:c512,c768 tcontext=u:object_r:app_data_file:s0:c512,c768 tclass=dir permissive=0
10-31 06:09:11.625 12004 12014 W art     : Suspending all threads took: 6.632ms
10-31 06:09:11.635 12225 12225 W dboxed_process7: type=1400 audit(0.0:11404): avc: denied { getattr } for path="/data/data/com.android.chrome" dev="dm-2" ino=12190 scontext=u:r:isolated_app:s0:c512,c768 tcontext=u:object_r:app_data_file:s0:c512,c768 tclass=dir permissive=0
10-31 06:09:11.648 12162 12162 I cr_ChildProcessService: Creating new ChildProcessService pid=12162
10-31 06:09:11.652 12188 12188 I cr_ChildProcessService: Creating new ChildProcessService pid=12188
10-31 06:09:11.694 12004 12004 I cr_tabmodel: Appending tabs being restored to metadata lists, 0, startingNormalCount: 1, startingIncognitoCount: 0
10-31 06:09:11.694 12004 12004 I cr_tabmodel: Serializing tab lists; counts: 1, 0
10-31 06:09:11.709 12206 12206 I cr_ChildProcessService: Creating new ChildProcessService pid=12206
10-31 06:09:11.726 12004 12014 I art     : Background sticky concurrent mark sweep GC freed 48910(2MB) AllocSpace objects, 47(980KB) LOS objects, 29% free, 9MB/13MB, paused 9.406ms total 172.089ms
10-31 06:09:11.727 12156 12266 I cr_LibraryLoader: Loaded native library version number "85.0.4183.127"
10-31 06:09:11.728 12156 12266 I cr_CachingUmaRecorder: Flushed 1 samples from 1 histograms.
10-31 06:09:11.750 12218 12218 I cr_ChildProcessService: Creating new ChildProcessService pid=12218
10-31 06:09:11.762 12245 12245 W dboxed_process8: type=1400 audit(0.0:11405): avc: denied { getattr } for path="/data/data/com.android.chrome" dev="dm-2" ino=12190 scontext=u:r:isolated_app:s0:c512,c768 tcontext=u:object_r:app_data_file:s0:c512,c768 tclass=dir permissive=0
10-31 06:09:11.824 12225 12225 I cr_ChildProcessService: Creating new ChildProcessService pid=12225
10-31 06:09:11.832 12168 12269 I cr_LibraryLoader: Loaded native library version number "85.0.4183.127"
10-31 06:09:11.833 12168 12269 I cr_CachingUmaRecorder: Flushed 1 samples from 1 histograms.
10-31 06:09:11.851 12004 12039 I cr_BindingManager: Moderate binding enabled: maxSize=40
10-31 06:09:11.967 12162 12272 I cr_LibraryLoader: Loaded native library version number "85.0.4183.127"
10-31 06:09:11.968 12162 12272 I cr_CachingUmaRecorder: Flushed 1 samples from 1 histograms.
10-31 06:09:11.969 12188 12270 I cr_LibraryLoader: Loaded native library version number "85.0.4183.127"
10-31 06:09:11.969 12188 12270 I cr_CachingUmaRecorder: Flushed 1 samples from 1 histograms.
10-31 06:09:11.980 12245 12245 I cr_ChildProcessService: Creating new ChildProcessService pid=12245
10-31 06:09:11.980   600 29683 I ActivityManager: Killing 12156:com.android.chrome:sandboxed_process1/u0a35i680 (adj 0): isolated not needed
10-31 06:09:11.996 27883 28438 I Icing   : IndexChimeraService.getServiceInterface callingPackage=com.android.chrome componentName=null serviceId=36
10-31 06:09:12.046 12218 12275 I cr_LibraryLoader: Loaded native library version number "85.0.4183.127"
10-31 06:09:12.047 12218 12275 I cr_CachingUmaRecorder: Flushed 1 samples from 1 histograms.
10-31 06:09:12.060 12206 12274 I cr_LibraryLoader: Loaded native library version number "85.0.4183.127"
10-31 06:09:12.073 12206 12274 I cr_CachingUmaRecorder: Flushed 1 samples from 1 histograms.
10-31 06:09:12.076 12225 12276 I cr_LibraryLoader: Loaded native library version number "85.0.4183.127"
10-31 06:09:12.076 12225 12276 I cr_CachingUmaRecorder: Flushed 1 samples from 1 histograms.
10-31 06:09:12.126 12004 12059 W cr_CrashFileManager: /data/user/0/com.android.chrome/cache/Crash Reports does not exist or is not a directory
10-31 06:09:12.129 12004 12059 W cr_CrashFileManager: /data/user/0/com.android.chrome/cache/Crash Reports does not exist or is not a directory
10-31 06:09:12.129 12004 12059 W cr_CrashFileManager: /data/user/0/com.android.chrome/cache/Crash Reports does not exist or is not a directory
10-31 06:09:12.137   600   613 I ActivityManager: Killing 12162:com.android.chrome:sandboxed_process2/u0a35i681 (adj 0): isolated not needed
10-31 06:09:12.137   600   613 I ActivityManager: Killing 12188:com.android.chrome:sandboxed_process4/u0a35i683 (adj 0): isolated not needed
10-31 06:09:12.138   600   613 I ActivityManager: Killing 12168:com.android.chrome:sandboxed_process3/u0a35i682 (adj 0): isolated not needed
10-31 06:09:12.164 12004 12059 I cr_FileUtils: Writing to /data/user/0/com.android.chrome/app_dex/webapk7.dex
10-31 06:09:12.187 12218 12218 I cr_ChildProcessService: Destroying ChildProcessService pid=12218
10-31 06:09:12.190 12218 12275 I chromium: [INFO:child_process_service.cc(69)] ChildProcessService: Exiting child process.
10-31 06:09:12.204 12206 12206 I cr_ChildProcessService: Destroying ChildProcessService pid=12206
10-31 06:09:12.205 12206 12274 I chromium: [INFO:child_process_service.cc(69)] ChildProcessService: Exiting child process.
10-31 06:09:12.219   600  1079 I ActivityManager: Process com.android.chrome:sandboxed_process6 (pid 12218) has died
10-31 06:09:12.219   600  1079 D ActivityManager: cleanUpApplicationRecord -- 12218
10-31 06:09:12.220   600  1079 I ActivityManager: Killing 12206:com.android.chrome:sandboxed_process5/u0a35i684 (adj 0): isolated not needed
10-31 06:09:12.220   600  1079 E JavaBinder: !!! FAILED BINDER TRANSACTION !!!  (parcel size = 76)
10-31 06:09:12.235   600 16391 D ActivityManager: cleanUpApplicationRecord -- 12206
10-31 06:09:12.239 12245 12284 I cr_LibraryLoader: Loaded native library version number "85.0.4183.127"
10-31 06:09:12.240 12245 12284 I cr_CachingUmaRecorder: Flushed 1 samples from 1 histograms.
10-31 06:09:12.253 12225 12276 I chromium: [INFO:child_process_service.cc(69)] ChildProcessService: Exiting child process.
10-31 06:09:12.258   197   197 E lowmemorykiller: Error writing /proc/12225/oom_score_adj; errno=22
10-31 06:09:12.287   600 13558 I ActivityManager: Process com.android.chrome:sandboxed_process7 (pid 12225) has died
10-31 06:09:12.287   600 13558 D ActivityManager: cleanUpApplicationRecord -- 12225
10-31 06:09:12.326 12245 12284 I chromium: [INFO:child_process_service.cc(69)] ChildProcessService: Exiting child process.
10-31 06:09:12.372 12148 12148 D AndroidRuntime: >>>>>> START com.android.internal.os.RuntimeInit uid 2000 <<<<<<
10-31 06:09:12.384 12148 12148 D AndroidRuntime: CheckJNI is OFF
10-31 06:09:12.397 12306 12306 I dex2oat : /system/bin/dex2oat --dex-file=/data/user/0/com.android.chrome/app_dex/webapk7.dex --oat-fd=227 --oat-location=/data/user/0/com.android.chrome/app_dex/oat/arm/webapk7.dex --compiler-filter=speed
10-31 06:09:12.431 12004 12004 W chromium: [WARNING:compositor_view.cc(315)] Child process died (type=6) pid=12206)
10-31 06:09:12.432 12004 12004 W chromium: [WARNING:compositor_view.cc(315)] Child process died (type=6) pid=12218)
10-31 06:09:12.432 12004 12004 W chromium: [WARNING:compositor_view.cc(315)] Child process died (type=6) pid=12225)
10-31 06:09:12.475   600 24611 I ActivityManager: Start proc 12311:com.android.chrome:sandboxed_process9/u0i688 for service com.android.chrome/org.chromium.content.app.SandboxedProcessService9
10-31 06:09:12.497   600  3509 I ActivityManager: Start proc 12316:com.android.chrome:sandboxed_process10/u0i689 for service com.android.chrome/org.chromium.content.app.SandboxedProcessService10
10-31 06:09:12.540   600  7064 I ActivityManager: Start proc 12324:com.android.chrome:sandboxed_process11/u0i690 for service com.android.chrome/org.chromium.content.app.SandboxedProcessService11
10-31 06:09:12.543   600 29683 I ActivityManager: Killing 12245:com.android.chrome:sandboxed_process8/u0a35i687 (adj 0): isolated not needed
10-31 06:09:12.601 27883 28438 I Icing   : IndexChimeraService.getServiceInterface callingPackage=com.android.chrome componentName=null serviceId=36
10-31 06:09:12.604   600  1082 I ActivityManager: Start proc 12341:com.android.chrome:sandboxed_process12/u0i691 for service com.android.chrome/org.chromium.content.app.SandboxedProcessService12
10-31 06:09:12.654   600 24611 I ActivityManager: Start proc 12350:com.android.chrome:sandboxed_process13/u0i692 for service com.android.chrome/org.chromium.content.app.SandboxedProcessService13
10-31 06:09:12.743   600  2707 I ActivityManager: Start proc 12370:com.android.chrome:sandboxed_process14/u0i693 for service com.android.chrome/org.chromium.content.app.SandboxedProcessService14
10-31 06:09:12.752 12311 12311 W dboxed_process9: type=1400 audit(0.0:11406): avc: denied { getattr } for path="/data/data/com.android.chrome" dev="dm-2" ino=12190 scontext=u:r:isolated_app:s0:c512,c768 tcontext=u:object_r:app_data_file:s0:c512,c768 tclass=dir permissive=0
10-31 06:09:12.769   600  6312 I ActivityManager: Start proc 12383:com.android.chrome:sandboxed_process15/u0i694 for service com.android.chrome/org.chromium.content.app.SandboxedProcessService15
10-31 06:09:12.778 12004 12014 I art     : Background sticky concurrent mark sweep GC freed 64303(3MB) AllocSpace objects, 17(340KB) LOS objects, 17% free, 11MB/13MB, paused 10.816ms total 264.100ms
10-31 06:09:12.807   600 16391 I ActivityManager: Start proc 12393:com.android.chrome:sandboxed_process16/u0i695 for service com.android.chrome/org.chromium.content.app.SandboxedProcessService16
10-31 06:09:12.828 12316 12316 W boxed_process10: type=1400 audit(0.0:11407): avc: denied { getattr } for path="/data/data/com.android.chrome" dev="dm-2" ino=12190 scontext=u:r:isolated_app:s0:c512,c768 tcontext=u:object_r:app_data_file:s0:c512,c768 tclass=dir permissive=0
10-31 06:09:12.853 12311 12311 I cr_ChildProcessService: Creating new ChildProcessService pid=12311
10-31 06:09:12.856   600 13558 I ActivityManager: Start proc 12411:com.android.chrome:sandboxed_process17/u0i696 for service com.android.chrome/org.chromium.content.app.SandboxedProcessService17
10-31 06:09:12.870   600   707 I ActivityManager: Start proc 12419:com.android.chrome:sandboxed_process18/u0i697 for service com.android.chrome/org.chromium.content.app.SandboxedProcessService18
10-31 06:09:12.908 12370 12370 W boxed_process14: type=1400 audit(0.0:11408): avc: denied { getattr } for path="/data/data/com.android.chrome" dev="dm-2" ino=12190 scontext=u:r:isolated_app:s0:c512,c768 tcontext=u:object_r:app_data_file:s0:c512,c768 tclass=dir permissive=0
10-31 06:09:12.915 12350 12350 W boxed_process13: type=1400 audit(0.0:11409): avc: denied { getattr } for path="/data/data/com.android.chrome" dev="dm-2" ino=12190 scontext=u:r:isolated_app:s0:c512,c768 tcontext=u:object_r:app_data_file:s0:c512,c768 tclass=dir permissive=0
10-31 06:09:12.928 12324 12324 W boxed_process11: type=1400 audit(0.0:11410): avc: denied { getattr } for path="/data/data/com.android.chrome" dev="dm-2" ino=12190 scontext=u:r:isolated_app:s0:c512,c768 tcontext=u:object_r:app_data_file:s0:c512,c768 tclass=dir permissive=0
10-31 06:09:12.962   600  1080 I ActivityManager: Start proc 12442:com.android.chrome:sandboxed_process19/u0i698 for service com.android.chrome/org.chromium.content.app.SandboxedProcessService19
10-31 06:09:12.965 12341 12341 W boxed_process12: type=1400 audit(0.0:11411): avc: denied { getattr } for path="/data/data/com.android.chrome" dev="dm-2" ino=12190 scontext=u:r:isolated_app:s0:c512,c768 tcontext=u:object_r:app_data_file:s0:c512,c768 tclass=dir permissive=0
10-31 06:09:12.992 12383 12383 W boxed_process15: type=1400 audit(0.0:11412): avc: denied { getattr } for path="/data/data/com.android.chrome" dev="dm-2" ino=12190 scontext=u:r:isolated_app:s0:c512,c768 tcontext=u:object_r:app_data_file:s0:c512,c768 tclass=dir permissive=0
10-31 06:09:13.037   600 13558 I ActivityManager: Start proc 12455:com.android.chrome:sandboxed_process20/u0i699 for service com.android.chrome/org.chromium.content.app.SandboxedProcessService20
10-31 06:09:13.039 12004 12039 I cr_BindingManager: onTrimMemory: level=15, size=0
10-31 06:09:13.051 12316 12316 I cr_ChildProcessService: Creating new ChildProcessService pid=12316
10-31 06:09:13.057 12311 12410 I cr_LibraryLoader: Loaded native library version number "85.0.4183.127"
10-31 06:09:13.058 12311 12410 I cr_CachingUmaRecorder: Flushed 1 samples from 1 histograms.
10-31 06:09:13.061 12370 12370 I cr_ChildProcessService: Creating new ChildProcessService pid=12370
10-31 06:09:13.107 12324 12324 I cr_ChildProcessService: Creating new ChildProcessService pid=12324
10-31 06:09:13.115 12393 12393 W boxed_process16: type=1400 audit(0.0:11413): avc: denied { getattr } for path="/data/data/com.android.chrome" dev="dm-2" ino=12190 scontext=u:r:isolated_app:s0:c512,c768 tcontext=u:object_r:app_data_file:s0:c512,c768 tclass=dir permissive=0
10-31 06:09:13.118 12411 12411 W boxed_process17: type=1400 audit(0.0:11414): avc: denied { getattr } for path="/data/data/com.android.chrome" dev="dm-2" ino=12190 scontext=u:r:isolated_app:s0:c512,c768 tcontext=u:object_r:app_data_file:s0:c512,c768 tclass=dir permissive=0
10-31 06:09:13.150 12350 12350 I cr_ChildProcessService: Creating new ChildProcessService pid=12350
10-31 06:09:13.152 12419 12419 W boxed_process18: type=1400 audit(0.0:11415): avc: denied { getattr } for path="/data/data/com.android.chrome" dev="dm-2" ino=12190 scontext=u:r:isolated_app:s0:c512,c768 tcontext=u:object_r:app_data_file:s0:c512,c768 tclass=dir permissive=0
10-31 06:09:13.159 12341 12341 I cr_ChildProcessService: Creating new ChildProcessService pid=12341
10-31 06:09:13.191 12383 12383 I cr_ChildProcessService: Creating new ChildProcessService pid=12383
10-31 06:09:13.197 12148 12148 D ICU     : No timezone override file found: /data/misc/zoneinfo/current/icu/icu_tzdata.dat
10-31 06:09:13.235 12442 12442 W boxed_process19: type=1400 audit(0.0:11416): avc: denied { getattr } for path="/data/data/com.android.chrome" dev="dm-2" ino=12190 scontext=u:r:isolated_app:s0:c512,c768 tcontext=u:object_r:app_data_file:s0:c512,c768 tclass=dir permissive=0
10-31 06:09:13.301 12411 12411 I cr_ChildProcessService: Creating new ChildProcessService pid=12411
10-31 06:09:13.304 12393 12393 I cr_ChildProcessService: Creating new ChildProcessService pid=12393
10-31 06:09:13.304 12419 12419 I cr_ChildProcessService: Creating new ChildProcessService pid=12419
10-31 06:09:13.357 12370 12461 I cr_LibraryLoader: Loaded native library version number "85.0.4183.127"
10-31 06:09:13.358 12370 12461 I cr_CachingUmaRecorder: Flushed 1 samples from 1 histograms.
10-31 06:09:13.378 12455 12455 W boxed_process20: type=1400 audit(0.0:11417): avc: denied { getattr } for path="/data/data/com.android.chrome" dev="dm-2" ino=12190 scontext=u:r:isolated_app:s0:c512,c768 tcontext=u:object_r:app_data_file:s0:c512,c768 tclass=dir permissive=0
10-31 06:09:13.397 12316 12460 I cr_LibraryLoader: Loaded native library version number "85.0.4183.127"
10-31 06:09:13.397 12316 12460 I cr_CachingUmaRecorder: Flushed 1 samples from 1 histograms.
10-31 06:09:13.405 12311 12311 I cr_ChildProcessService: Destroying ChildProcessService pid=12311
10-31 06:09:13.432 12350 12476 I cr_LibraryLoader: Loaded native library version number "85.0.4183.127"
10-31 06:09:13.454 12341 12478 I cr_LibraryLoader: Loaded native library version number "85.0.4183.127"
10-31 06:09:13.454 12341 12478 I cr_CachingUmaRecorder: Flushed 1 samples from 1 histograms.
10-31 06:09:13.459 12350 12476 I cr_CachingUmaRecorder: Flushed 1 samples from 1 histograms.
10-31 06:09:13.464 12442 12442 I cr_ChildProcessService: Creating new ChildProcessService pid=12442
10-31 06:09:13.535 12324 12471 I cr_LibraryLoader: Loaded native library version number "85.0.4183.127"
10-31 06:09:13.536 12324 12471 I cr_CachingUmaRecorder: Flushed 1 samples from 1 histograms.
10-31 06:09:13.551 12383 12480 I cr_LibraryLoader: Loaded native library version number "85.0.4183.127"
10-31 06:09:13.551 12383 12480 I cr_CachingUmaRecorder: Flushed 1 samples from 1 histograms.
10-31 06:09:13.553 12455 12455 I cr_ChildProcessService: Creating new ChildProcessService pid=12455
10-31 06:09:13.585 12148 12148 I Radio-JNI: register_android_hardware_Radio DONE
10-31 06:09:13.615 12316 12460 I chromium: [INFO:child_process_service.cc(69)] ChildProcessService: Exiting child process.
10-31 06:09:13.617 12411 12482 I cr_LibraryLoader: Loaded native library version number "85.0.4183.127"
10-31 06:09:13.617 12411 12482 I cr_CachingUmaRecorder: Flushed 1 samples from 1 histograms.
10-31 06:09:13.622   197   197 E lowmemorykiller: Error writing /proc/12316/oom_score_adj; errno=22
10-31 06:09:13.637 12370 12370 I cr_ChildProcessService: Destroying ChildProcessService pid=12370
10-31 06:09:13.683 12419 12483 I cr_LibraryLoader: Loaded native library version number "85.0.4183.127"
10-31 06:09:13.683 12419 12483 I cr_CachingUmaRecorder: Flushed 1 samples from 1 histograms.
10-31 06:09:13.686 12393 12484 I cr_LibraryLoader: Loaded native library version number "85.0.4183.127"
10-31 06:09:13.686 12393 12484 I cr_CachingUmaRecorder: Flushed 1 samples from 1 histograms.
10-31 06:09:13.753   600   609 I art     : Background partial concurrent mark sweep GC freed 42513(2MB) AllocSpace objects, 23(604KB) LOS objects, 33% free, 16MB/25MB, paused 889us total 585.671ms
10-31 06:09:13.805 12148 12148 D AndroidRuntime: Calling main entry com.android.commands.am.Am
10-31 06:09:13.874 12442 12495 I cr_LibraryLoader: Loaded native library version number "85.0.4183.127"
10-31 06:09:13.875 12442 12495 I cr_CachingUmaRecorder: Flushed 1 samples from 1 histograms.
10-31 06:09:13.893 12004 12004 I FeedRequestManagerImpl: Request: /httpservice/noretry/DiscoverClankService/FeedQuery completed with response code: 200
10-31 06:09:13.894 12004 12004 I TaskQueue:  - task [IMMEDIATE - d: true, b: 2]: 15
10-31 06:09:13.894 12004 12004 I TaskQueue:  - queueTask starting immediate task
10-31 06:09:13.894 12455 12504 I cr_LibraryLoader: Loaded native library version number "85.0.4183.127"
10-31 06:09:13.895 12004 12060 I TaskQueue: Execute task [IMMEDIATE - d: true, b: 2]: 15
10-31 06:09:13.899 12455 12504 I cr_CachingUmaRecorder: Flushed 1 samples from 1 histograms.
10-31 06:09:13.942 12306 12306 I dex2oat : dex2oat took 1.546s (threads: 2) arena alloc=1000KB (1024080B) java alloc=81KB (83360B) native alloc=559KB (573336B) free=2000KB (2048104B)
10-31 06:09:13.952 12411 12411 I cr_ChildProcessService: Destroying ChildProcessService pid=12411
10-31 06:09:13.957   600 13631 I ActivityManager: START u0 {act=android.intent.action.VIEW dat=http://science.org/... flg=0x10000000 cmp=com.android.chrome/com.google.android.apps.chrome.Main} from uid 2000 on display 0
10-31 06:09:13.975 12148 12148 D AndroidRuntime: Shutting down VM
10-31 06:09:13.992 12004 12060 I MainThreadRunner: Running task [FeedRequestManagerImpl consumer] on the Main Thread
10-31 06:09:13.992 12004 12060 I TaskQueue:  - Finished 15, time 98 ms
10-31 06:09:14.030 12004 12004 E cr_IntentUtils: getInt failed on bundle null
10-31 06:09:14.047 12324 12324 I cr_ChildProcessService: Destroying ChildProcessService pid=12324
10-31 06:09:14.067   600  1080 I ActivityManager: Start proc 12533:com.android.chrome:sandboxed_process21/u0i700 for service com.android.chrome/org.chromium.content.app.SandboxedProcessService21
10-31 06:09:14.089 12004 12004 W FeedModelProvider: sessionId is null, this should have been set during population
10-31 06:09:14.092 12004 12004 I cr_tabmodel: Appending tabs being restored to metadata lists, 0, startingNormalCount: 2, startingIncognitoCount: 0
10-31 06:09:14.092 12004 12004 I cr_tabmodel: Serializing tab lists; counts: 2, 0
10-31 06:09:14.095   600 13631 I ActivityManager: Killing 12455:com.android.chrome:sandboxed_process20/u0a35i699 (adj 0): isolated not needed
