--------- beginning of main
10-30 23:06:53.054 31341 31341 D AndroidRuntime: >>>>>> START com.android.internal.os.RuntimeInit uid 2000 <<<<<<
10-30 23:06:53.058 31341 31341 D AndroidRuntime: CheckJNI is OFF
10-30 23:06:53.127 31341 31341 D ICU     : No timezone override file found: /data/misc/zoneinfo/current/icu/icu_tzdata.dat
10-30 23:06:53.157 31341 31341 I Radio-JNI: register_android_hardware_Radio DONE
10-30 23:06:53.171 31341 31341 D AndroidRuntime: Calling main entry com.android.commands.am.Am
--------- beginning of system
10-30 23:06:53.189   600   707 I ActivityManager: Force stopping com.android.chrome appid=10035 user=0: from pid 31341
10-30 23:06:53.189   600   707 I ActivityManager: Killing 31302:com.android.chrome/u0a35 (adj 700): stop com.android.chrome
10-30 23:06:53.189   600   707 D ActivityManager: cleanUpApplicationRecord -- 31302
10-30 23:06:53.194   600   613 I ProcessStatsService: Prepared write state in 3ms
10-30 23:06:53.202  1061  1061 D RegisteredNfcFServicesCache: Service unchanged, not updating
10-30 23:06:53.444   600  1081 I ActivityManager: START u0 {act=android.intent.action.VIEW flg=0x10008000 cmp=com.android.chrome/com.google.android.apps.chrome.Main} from uid 2000 on display 0
10-30 23:06:53.475 31341 31341 D AndroidRuntime: Shutting down VM
10-30 23:06:53.501   600 27731 I ActivityManager: Start proc 31352:com.android.chrome/u0a35 for activity com.android.chrome/com.google.android.apps.chrome.Main
10-30 23:06:53.669   600 13558 I ActivityManager: START u0 {cmp=com.android.chrome/org.chromium.chrome.browser.firstrun.TabbedModeFirstRunActivity (has extras)} from uid 10035 on display 0
10-30 23:06:53.716 31352 31369 W DynamiteModule: Local module descriptor class for com.google.android.gms.googlecertificates not found.
10-30 23:06:53.830 31352 31370 I cr_LibraryLoader: Loaded native library version number "85.0.4183.127"
10-30 23:06:53.831 31352 31370 I cr_CachingUmaRecorder: Flushed 10 samples from 10 histograms.
10-30 23:06:53.858 31352 31371 I OpenGLRenderer: Initialized EGL, version 1.4
10-30 23:06:53.858 31352 31371 D OpenGLRenderer: Swap behavior 2
10-30 23:06:53.872 31352 31369 I DynamiteModule: Considering local module com.google.android.gms.googlecertificates:0 and remote module com.google.android.gms.googlecertificates:6
10-30 23:06:53.872 31352 31369 I DynamiteModule: Selected remote version of com.google.android.gms.googlecertificates, version >= 6
10-30 23:06:53.898 31352 31369 W System  : ClassLoader referenced unknown path: 
10-30 23:06:53.899 31352 31369 D ApplicationLoaders: ignored Vulkan layer search path /data/app/com.google.android.gms-1/lib/arm:/data/app/com.google.android.gms-1/base.apk!/lib/armeabi-v7a:/data/app/com.google.android.gms-1/split_config.en.apk!/lib/armeabi-v7a for namespace 0xf4a47090
10-30 23:06:53.901 31352 31369 W ResourceType: ResTable_typeSpec entry count inconsistent: given 67, previously 69
10-30 23:06:53.901 31352 31369 W ResourceType: ResTable_typeSpec entry count inconsistent: given 5346, previously 5347
10-30 23:06:53.926 31352 31369 I DynamiteLoaderV2Impl: [70] Googlecertificates
10-30 23:06:53.943 31352 31369 W System  : ClassLoader referenced unknown path: /data/user_de/0/com.google.android.gms/app_chimera/m/00000061/n/armeabi-v7a
10-30 23:06:53.943 31352 31369 W System  : ClassLoader referenced unknown path: /data/user_de/0/com.google.android.gms/app_chimera/m/00000061/n/armeabi
10-30 23:06:54.003   600   620 I ActivityManager: Displayed com.android.chrome/org.chromium.chrome.browser.firstrun.TabbedModeFirstRunActivity: +297ms (total +534ms)
10-30 23:06:54.016 31352 31366 D NetworkSecurityConfig: Using Network Security Config from resource 0_resource_name_obfuscated debugBuild: false
10-30 23:06:54.028   787   806 I FontLog : Received query Google Sans, URI content://com.google.android.gms.fonts [CONTEXT service_id=132 ]
10-30 23:06:54.028   787   806 I FontLog : Query [Google Sans] resolved to {Google Sans, wdth 100.0, wght 400, ital 0.0, bestEffort false} [CONTEXT service_id=132 ]
10-30 23:06:54.035   787   806 I FontLog : Font PFD returned from cache for {Google Sans, wdth 100.0, wght 400, ital 0.0, bestEffort false} [CONTEXT service_id=132 ]
10-30 23:06:54.036   787   806 I FontLog : Fetch {Google Sans, wdth 100.0, wght 400, ital 0.0, bestEffort false} end status Status{statusCode=SUCCESS, resolution=null} [CONTEXT service_id=132 ]
10-30 23:06:54.053   787 28590 I FontLog : Pulling font file for id = 1330, cache size = 6 [CONTEXT service_id=132 ]
10-30 23:06:54.062   600   620 W WindowManager: Failed looking up window
10-30 23:06:54.062   600   620 W WindowManager: java.lang.IllegalArgumentException: Requested window android.view.ViewRootImpl$W@cbe3014 does not exist
10-30 23:06:54.062   600   620 W WindowManager: 	at com.android.server.wm.WindowManagerService.windowForClientLocked(WindowManagerService.java:9422)
10-30 23:06:54.062   600   620 W WindowManager: 	at com.android.server.wm.WindowManagerService.windowForClientLocked(WindowManagerService.java:9413)
10-30 23:06:54.062   600   620 W WindowManager: 	at com.android.server.wm.WindowManagerService.removeWindow(WindowManagerService.java:2393)
10-30 23:06:54.062   600   620 W WindowManager: 	at com.android.server.wm.Session.remove(Session.java:202)
10-30 23:06:54.062   600   620 W WindowManager: 	at android.view.ViewRootImpl.dispatchDetachedFromWindow(ViewRootImpl.java:3290)
10-30 23:06:54.062   600   620 W WindowManager: 	at android.view.ViewRootImpl.doDie(ViewRootImpl.java:5917)
10-30 23:06:54.062   600   620 W WindowManager: 	at android.view.ViewRootImpl$ViewRootHandler.handleMessage(ViewRootImpl.java:3626)
10-30 23:06:54.062   600   620 W WindowManager: 	at android.os.Handler.dispatchMessage(Handler.java:102)
10-30 23:06:54.062   600   620 W WindowManager: 	at android.os.Looper.loop(Looper.java:154)
10-30 23:06:54.062   600   620 W WindowManager: 	at android.os.HandlerThread.run(HandlerThread.java:61)
10-30 23:06:54.062   600   620 W WindowManager: 	at com.android.server.ServiceThread.run(ServiceThread.java:46)
10-30 23:06:54.083   787  1259 E apju    : Phenotype API error. Event # cdub@643f3f, EventCode: 7 [CONTEXT service_id=51 ]
10-30 23:06:54.083   787  1259 E apju    : apiz: 29505: No config packages for log source, or config package not registered
10-30 23:06:54.083   787  1259 E apju    : 	at apkj.b(:com.google.android.gms@203915020@20.39.15 (040406-335085812):7)
10-30 23:06:54.083   787  1259 E apju    : 	at apkg.b(:com.google.android.gms@203915020@20.39.15 (040406-335085812):2)
10-30 23:06:54.083   787  1259 E apju    : 	at apju.a(:com.google.android.gms@203915020@20.39.15 (040406-335085812):85)
10-30 23:06:54.083   787  1259 E apju    : 	at apju.a(:com.google.android.gms@203915020@20.39.15 (040406-335085812):80)
10-30 23:06:54.083   787  1259 E apju    : 	at aain.run(:com.google.android.gms@203915020@20.39.15 (040406-335085812):7)
10-30 23:06:54.083   787  1259 E apju    : 	at boex.run(:com.google.android.gms@203915020@20.39.15 (040406-335085812):2)
10-30 23:06:54.083   787  1259 E apju    : 	at sup.b(:com.google.android.gms@203915020@20.39.15 (040406-335085812):12)
10-30 23:06:54.083   787  1259 E apju    : 	at sup.run(:com.google.android.gms@203915020@20.39.15 (040406-335085812):7)
10-30 23:06:54.083   787  1259 E apju    : 	at java.util.concurrent.ThreadPoolExecutor.runWorker(ThreadPoolExecutor.java:1133)
10-30 23:06:54.083   787  1259 E apju    : 	at java.util.concurrent.ThreadPoolExecutor$Worker.run(ThreadPoolExecutor.java:607)
10-30 23:06:54.083   787  1259 E apju    : 	at tam.run(:com.google.android.gms@203915020@20.39.15 (040406-335085812):0)
10-30 23:06:54.083   787  1259 E apju    : 	at java.lang.Thread.run(Thread.java:761)
10-30 23:06:54.084   787  1259 E AsyncOperation: serviceID=51, operation=GetExperimentTokensOperationCall [CONTEXT service_id=259 ]
10-30 23:06:54.084   787  1259 E AsyncOperation: OperationException[Status{statusCode=No config packages for log source, or config package not registered, resolution=null}]
10-30 23:06:54.084   787  1259 E AsyncOperation: 	at apju.a(:com.google.android.gms@203915020@20.39.15 (040406-335085812):87)
10-30 23:06:54.084   787  1259 E AsyncOperation: 	at apju.a(:com.google.android.gms@203915020@20.39.15 (040406-335085812):80)
10-30 23:06:54.084   787  1259 E AsyncOperation: 	at aain.run(:com.google.android.gms@203915020@20.39.15 (040406-335085812):7)
10-30 23:06:54.084   787  1259 E AsyncOperation: 	at boex.run(:com.google.android.gms@203915020@20.39.15 (040406-335085812):2)
10-30 23:06:54.084   787  1259 E AsyncOperation: 	at sup.b(:com.google.android.gms@203915020@20.39.15 (040406-335085812):12)
10-30 23:06:54.084   787  1259 E AsyncOperation: 	at sup.run(:com.google.android.gms@203915020@20.39.15 (040406-335085812):7)
10-30 23:06:54.084   787  1259 E AsyncOperation: 	at java.util.concurrent.ThreadPoolExecutor.runWorker(ThreadPoolExecutor.java:1133)
10-30 23:06:54.084   787  1259 E AsyncOperation: 	at java.util.concurrent.ThreadPoolExecutor$Worker.run(ThreadPoolExecutor.java:607)
10-30 23:06:54.084   787  1259 E AsyncOperation: 	at tam.run(:com.google.android.gms@203915020@20.39.15 (040406-335085812):0)
10-30 23:06:54.084   787  1259 E AsyncOperation: 	at java.lang.Thread.run(Thread.java:761)
10-30 23:06:54.090   787 28591 I FontLog : Received query Google Sans:500, URI content://com.google.android.gms.fonts [CONTEXT service_id=132 ]
10-30 23:06:54.090   787 28591 I FontLog : Query [Google Sans:500] resolved to {Google Sans, wdth 100.0, wght 500, ital 0.0, bestEffort false} [CONTEXT service_id=132 ]
10-30 23:06:54.115   787 28591 I FontLog : Font PFD returned from cache for {Google Sans, wdth 100.0, wght 500, ital 0.0, bestEffort false} [CONTEXT service_id=132 ]
10-30 23:06:54.116   787 28591 I FontLog : Fetch {Google Sans, wdth 100.0, wght 500, ital 0.0, bestEffort false} end status Status{statusCode=SUCCESS, resolution=null} [CONTEXT service_id=132 ]
10-30 23:06:54.132   787  1620 I FontLog : Pulling font file for id = 1331, cache size = 6 [CONTEXT service_id=132 ]
10-30 23:06:54.232  7916  7928 W SearchService: Abort, client detached.
10-30 23:06:54.247  7916 31329 I DeviceStateChecker: DeviceStateChecker cancelled
10-30 23:06:54.247  7916  7916 I MicroDetector: Keeping mic open: false
10-30 23:06:54.247  7916  7948 I AudioController: internalShutdown
10-30 23:06:54.248  7916  7948 I MicrophoneInputStream: mic_close com.google.android.apps.gsa.speech.audio.ae@5bc01d8
10-30 23:06:54.248  7916  7973 I MicroRecognitionRunner: Stopping hotword detection.
10-30 23:06:54.250 31352 31366 I cr_VariationsSeedFetch: Fetched first run seed in 237 ms
10-30 23:06:54.251  7916  7916 I MemoryTrimmer: Trimming objects from memory, since app is in the background.
10-30 23:06:54.268   238   285 I SoundTriggerHwService::Module: void android::SoundTriggerHwService::Module::onCallbackEvent(const sp<android::SoundTriggerHwService::CallbackEvent> &) mClient == 0
10-30 23:06:54.283  1084  1084 I MemoryTrimmer: Trimming objects from memory, since app is in the background.
10-30 23:06:54.292   600  1079 I ActivityManager: Start proc 31386:com.android.chrome:sandboxed_process0/u0i959 for service com.android.chrome/org.chromium.content.app.SandboxedProcessService0
10-30 23:06:54.314  7916 31330 I MicroRecognitionRunner: Detection finished
10-30 23:06:54.320  7916  7916 I MemoryTrimmer: Trimming objects from memory, since app is in the background.
10-30 23:06:54.347 31386 31386 W dboxed_process0: type=1400 audit(0.0:10168): avc: denied { getattr } for path="/data/data/com.android.chrome" dev="dm-2" ino=12190 scontext=u:r:isolated_app:s0:c512,c768 tcontext=u:object_r:app_data_file:s0:c512,c768 tclass=dir permissive=0
10-30 23:06:54.368 31386 31386 I cr_ChildProcessService: Creating new ChildProcessService pid=31386
10-30 23:06:54.498   600  6312 I ActivityManager: Start proc 31413:com.android.chrome:privileged_process0/u0a35 for service com.android.chrome/org.chromium.content.app.PrivilegedProcessService0
10-30 23:06:54.586 31413 31413 I cr_ChildProcessService: Creating new ChildProcessService pid=31413
10-30 23:06:54.637 31352 31373 W ConnectionStatusConfig: Dynamic lookup for intent failed for action: com.google.android.gms.auth.key.retrieval.service.START
10-30 23:06:54.645 31352 31373 W ConnectionStatusConfig: Dynamic lookup for intent failed for action: com.google.android.gms.auth.key.retrieval.service.START
10-30 23:06:54.646   600 27731 W ActivityManager: Unable to start service Intent { act=com.google.android.gms.auth.key.retrieval.service.START pkg=com.google.android.gms } U=0: not found
10-30 23:06:54.646 31413 31428 I cr_LibraryLoader: Loaded native library version number "85.0.4183.127"
10-30 23:06:54.647 31413 31428 I cr_CachingUmaRecorder: Flushed 1 samples from 1 histograms.
10-30 23:06:54.657   600 13558 W ActivityManager: Unbind failed: could not find connection for android.os.BinderProxy@6fcdf70
10-30 23:06:54.659 31352 31373 E GmsClient: unable to connect to service: com.google.android.gms.auth.key.retrieval.service.START on com.google.android.gms
10-30 23:06:54.676 31413 31428 E libEGL  : validate_display:99 error 3008 (EGL_BAD_DISPLAY)
10-30 23:06:54.684 31352 31352 W cr_KnoxSettingsProvider: Permission to read device policy denied.
10-30 23:07:04.365  7916  7916 I MemoryTrimmer: Trimming objects from memory, since app is in the background.
10-30 23:07:10.719 31456 31456 D AndroidRuntime: >>>>>> START com.android.internal.os.RuntimeInit uid 2000 <<<<<<
10-30 23:07:10.722 31456 31456 D AndroidRuntime: CheckJNI is OFF
10-30 23:07:10.788 31456 31456 D ICU     : No timezone override file found: /data/misc/zoneinfo/current/icu/icu_tzdata.dat
10-30 23:07:10.819 31456 31456 I Radio-JNI: register_android_hardware_Radio DONE
10-30 23:07:10.835 31456 31456 D AndroidRuntime: Calling main entry com.android.commands.monkey.Monkey
10-30 23:07:10.902   600   613 W BroadcastQueue: Skipping deliver [background] BroadcastRecord{3c85a1b u-1 android.net.conn.CONNECTIVITY_CHANGE} to ReceiverList{3a4c7b8 31456 (unknown name)/2000/u-1 remote:4dbb115}: process crashing
10-30 23:07:11.780   787   787 W GCM     : broadcast intent callback: result=CANCELLED forIntent { act=com.google.android.c2dm.intent.RECEIVE pkg=com.opera.browser (has extras) }
10-30 23:07:12.466 31456 31456 D MonkeyStub: translateCommand: wake
10-30 23:07:12.620 31456 31456 D MonkeyStub: translateCommand: tap 398 1198
10-30 23:07:14.875 31456 31456 D MonkeyStub: translateCommand: tap 720 1506
10-30 23:07:15.037 12169 25196 I PeopleChimeraService: onService. callbacks = aaik@dc9555e, request = com.google.android.gms.common.internal.GetServiceRequest@b702d3f
10-30 23:07:15.054 12169 15228 I PeopleChimeraService: onService. callbacks = aaik@ff48b55, request = com.google.android.gms.common.internal.GetServiceRequest@651696a
10-30 23:07:17.136 31456 31456 D MonkeyStub: translateCommand: tap 355 1480
10-30 23:07:17.162 31456 31456 D MonkeyStub: Quit requested
10-30 23:07:17.163   600   713 I ActivityManager: START u0 {act=android.intent.action.VIEW flg=0x10008000 cmp=com.android.chrome/com.google.android.apps.chrome.Main (has extras)} from uid 10035 on display 0
10-30 23:07:17.245 31456 31456 I art     : System.exit called, status: 6
10-30 23:07:17.245 31456 31456 I AndroidRuntime: VM exiting with result code 6.
10-30 23:07:17.290   600  3994 W WindowManager: Attempted to remove non-existing token: android.os.Binder@1baa764
10-30 23:07:17.354   682   702 I art     : Background sticky concurrent mark sweep GC freed 120007(3MB) AllocSpace objects, 23(460KB) LOS objects, 38% free, 7MB/11MB, paused 397us total 130.398ms
10-30 23:07:17.370 31352 31352 E cr_CompositorSurfaceMgr: Transitioning to surface with format : -1
10-30 23:07:17.407   600   609 I art     : Background partial concurrent mark sweep GC freed 20059(910KB) AllocSpace objects, 3(60KB) LOS objects, 33% free, 16MB/24MB, paused 1.660ms total 161.851ms
10-30 23:07:17.452 31352 31406 W cr_tabmodel: Starting to perform legacy migration.
10-30 23:07:17.453 31352 31406 W cr_tabmodel: Finished performing legacy migration.
10-30 23:07:17.453 31352 31406 W cr_tabmodel: Starting to perform multi-instance migration.
10-30 23:07:17.453 31352 31406 W cr_tabmodel: Finished performing multi-instance migration.
10-30 23:07:17.454 31352 31406 I cr_tabmodel: Starting to fetch tab list for tab_state0
10-30 23:07:17.455 31352 31406 I cr_tabmodel: State file does not exist.
10-30 23:07:17.456 31352 31406 I cr_tabmodel: Starting to fetch tab list for tab_state1
10-30 23:07:17.456 31352 31406 I cr_tabmodel: State file does not exist.
10-30 23:07:17.495 31352 31406 I cr_ADCP : No customization source found
10-30 23:07:17.587   600   620 I ActivityManager: Displayed com.android.chrome/com.google.android.apps.chrome.Main: +360ms
10-30 23:07:17.601 31352 31371 D OpenGLRenderer: endAllActiveAnimators on 0xd4b3db80 (InsetDrawable) with handle 0xd2b58ee0
10-30 23:07:17.609 31352 31352 E cr_CompositorSurfaceMgr: Transitioning to surface with format : -1
10-30 23:07:17.613   600 13557 E BatteryStatsService: power: Missing API
10-30 23:07:17.617 31352 31352 E cr_CompositorSurfaceMgr: surfaceCreated format : 0
10-30 23:07:17.639   796   796 E PhoneInterfaceManager: [PhoneIntfMgr] queryModemActivityInfo: Empty response
10-30 23:07:17.640   600 13557 E BatteryStatsService: no controller energy info supplied
10-30 23:07:17.640 31352 31352 I cr_ContextualSearch: Tap suppression enabled: false
10-30 23:07:17.644 31352 31352 I cr_ChromeTabbedActivity: #initializeState
10-30 23:07:17.645 31352 31352 I cr_CipherFactory: #restoreFromBundle, no savedInstanceState.
10-30 23:07:17.645 31352 31352 I cr_tabmodel: #loadState, ignoreIncognitoFiles? true
10-30 23:07:17.669   600 13557 E BatteryStatsService: modem info is invalid: ModemActivityInfo{ mTimestamp=0 mSleepTimeMs=0 mIdleTimeMs=0 mTxTimeMs[]=[0, 0, 0, 0, 0] mRxTimeMs=0 mEnergyUsed=0}
10-30 23:07:17.858 31352 31352 I SchedulerApiWrapper: Create SchedulerApiMainThreadWrapper
10-30 23:07:17.868 31352 31352 I FeedSessionManagerImpl: FeedSessionManagerImpl has been created
10-30 23:07:17.872 31352 31352 I FeedAppLifecycleLstnr: onEnterForeground called
10-30 23:07:17.872 31352 31352 I FeedSessionManagerImpl: onLifecycleEvent foreground
10-30 23:07:17.873 31352 31352 I FeedSessionManagerImpl: Lazy initialization triggered, getUpdateConsumer
10-30 23:07:17.874 31352 31406 I TaskQueue: Execute task [IMMEDIATE - d: true, b: 0]: 30
10-30 23:07:17.874 31352 31352 I FeedRequestManagerImpl: trigger refresh 2
10-30 23:07:17.874 31352 31352 I TaskQueue:  - task [HEAD_INVALIDATE - d: true, b: 0]: 26
10-30 23:07:17.874 31352 31352 I FeedAppLifecycleLstnr: initialize called
10-30 23:07:17.874 31352 31352 I FeedSessionManagerImpl: onLifecycleEvent initialize
10-30 23:07:17.874 31352 31352 W FeedSessionManagerImpl: FeedSessionManagerImpl has previously been initialized
10-30 23:07:17.901 31352 31352 I ViewConfigCompat: Could not find method getScaledScrollFactor() on ViewConfiguration
10-30 23:07:17.906 31352 31352 I BasicStream: Setting 2 header views, currently have 0 headers
10-30 23:07:17.907 31352 31352 I BasicStream: Setting 2 header views, currently have 2 headers
10-30 23:07:17.970   600   619 D BluetoothManagerService: Message: 20
10-30 23:07:17.970   600   619 D BluetoothManagerService: Added callback: android.bluetooth.IBluetoothManagerCallback$Stub$Proxy@7d77c30:true
10-30 23:07:17.996 31352 31352 E cr_IntentUtils: getBooleanExtra failed on intent null
10-30 23:07:18.007 31386 31399 I cr_LibraryLoader: Loaded native library version number "85.0.4183.127"
10-30 23:07:18.007 31386 31399 I cr_CachingUmaRecorder: Flushed 1 samples from 1 histograms.
10-30 23:07:18.010 31352 31352 I TimeoutSessionImpl: Using TimeoutSessionImpl
10-30 23:07:18.010 31352 31352 I FeedSessionManagerImpl: Delaying populateSession until initialization is finished
10-30 23:07:18.010 31352 31352 I TaskQueue:  - task [IMMEDIATE - d: true, b: 1]: 13
10-30 23:07:18.011 31352 31352 I MainThreadRunner: Running task [BasicStream onShow] on the Main Thread with a delay of 500 milliseconds
10-30 23:07:18.093 31352 31406 W SessionCache: Persisted Sessions were not found
10-30 23:07:18.093 31352 31406 I HeadSessionImpl: Initialize HEAD 0 items
10-30 23:07:18.093 31352 31406 I TaskQueue:  - task [BACKGROUND - d: true, b: 2]: 11
10-30 23:07:18.093 31352 31406 I TimingUtils: Task Timing 219ms, thread JardinExecutor | task : Initialization
10-30 23:07:18.093 31352 31406 I TaskQueue:  - Finished 30, time 220 ms
10-30 23:07:18.094 31352 31406 I TaskQueue: Execute task [HEAD_INVALIDATE - d: true, b: 2]: 26
10-30 23:07:18.095 31352 31406 I TimingUtils: Task Timing   0ms, thread JardinExecutor | task : getAllDismissLocalActions | size : 0
10-30 23:07:18.095 31352 31406 I TimingUtils: Task Timing   0ms, thread JardinExecutor | task : getSemanticProperties | size : 0
10-30 23:07:18.098 31352 31406 I MainThreadRunner: Running task [Check Tooltips] on the Main Thread
10-30 23:07:18.098 31352 31406 I TaskQueue:  * Starting starvation checks
10-30 23:07:18.098 31352 31406 I MainThreadRunner: Running task [starvationChecks] on the Main Thread with a delay of 6000 milliseconds
10-30 23:07:18.098 31352 31406 I TaskQueue:  - Finished 26, time 4 ms
10-30 23:07:18.100 31352 31406 I TaskQueue: Execute task [IMMEDIATE - d: true, b: 1]: 13
10-30 23:07:18.101 31352 31406 I FeedSessionManagerImpl: shouldSessionRequestData; hasContent(false), contentCreationTime(0), outstandingRequest(true)
10-30 23:07:18.101 31352 31406 I MainThreadRunner: Running task [SchedulerApiWrapper shouldSessionRequestData] on the Main Thread
10-30 23:07:18.102   600  3994 I ActivityManager: Start proc 31491:com.android.chrome:sandboxed_process1/u0i960 for service com.android.chrome/org.chromium.content.app.SandboxedProcessService1
10-30 23:07:18.132   600   610 I ActivityManager: Start proc 31497:com.android.chrome:sandboxed_process2/u0i961 for service com.android.chrome/org.chromium.content.app.SandboxedProcessService2
10-30 23:07:18.164   600 13557 I ActivityManager: Start proc 31509:com.android.chrome:sandboxed_process3/u0i962 for service com.android.chrome/org.chromium.content.app.SandboxedProcessService3
10-30 23:07:18.199   600 17381 I ActivityManager: Start proc 31518:com.android.chrome:sandboxed_process4/u0i963 for service com.android.chrome/org.chromium.content.app.SandboxedProcessService4
10-30 23:07:18.233   600  2707 I ActivityManager: Start proc 31536:com.android.chrome:sandboxed_process5/u0i964 for service com.android.chrome/org.chromium.content.app.SandboxedProcessService5
10-30 23:07:18.293   600  1076 I ActivityManager: Start proc 31551:com.android.chrome:sandboxed_process6/u0i965 for service com.android.chrome/org.chromium.content.app.SandboxedProcessService6
10-30 23:07:18.295 31352 31362 I art     : Background sticky concurrent mark sweep GC freed 21188(1408KB) AllocSpace objects, 10(228KB) LOS objects, 13% free, 9MB/11MB, paused 4.379ms total 103.162ms
10-30 23:07:18.327 31491 31491 W dboxed_process1: type=1400 audit(0.0:10169): avc: denied { getattr } for path="/data/data/com.android.chrome" dev="dm-2" ino=12190 scontext=u:r:isolated_app:s0:c512,c768 tcontext=u:object_r:app_data_file:s0:c512,c768 tclass=dir permissive=0
10-30 23:07:18.380   600   611 I ActivityManager: Start proc 31568:com.android.chrome:sandboxed_process7/u0i966 for service com.android.chrome/org.chromium.content.app.SandboxedProcessService7
10-30 23:07:18.434 31352 31352 I PlayCore: UID: [10035]  PID: [31352] SplitInstallService : deferredInstall([image_editor])
10-30 23:07:18.470 31509 31509 W dboxed_process3: type=1400 audit(0.0:10170): avc: denied { getattr } for path="/data/data/com.android.chrome" dev="dm-2" ino=12190 scontext=u:r:isolated_app:s0:c512,c768 tcontext=u:object_r:app_data_file:s0:c512,c768 tclass=dir permissive=0
10-30 23:07:18.471   600  1082 I ActivityManager: Start proc 31584:com.android.chrome:sandboxed_process8/u0i967 for service com.android.chrome/org.chromium.content.app.SandboxedProcessService8
10-30 23:07:18.490 31497 31497 W dboxed_process2: type=1400 audit(0.0:10171): avc: denied { getattr } for path="/data/data/com.android.chrome" dev="dm-2" ino=12190 scontext=u:r:isolated_app:s0:c512,c768 tcontext=u:object_r:app_data_file:s0:c512,c768 tclass=dir permissive=0
10-30 23:07:18.558 31352 31352 I Choreographer: Skipped 58 frames!  The application may be doing too much work on its main thread.
10-30 23:07:18.585 31491 31491 I cr_ChildProcessService: Creating new ChildProcessService pid=31491
10-30 23:07:18.613 31518 31518 W dboxed_process4: type=1400 audit(0.0:10172): avc: denied { getattr } for path="/data/data/com.android.chrome" dev="dm-2" ino=12190 scontext=u:r:isolated_app:s0:c512,c768 tcontext=u:object_r:app_data_file:s0:c512,c768 tclass=dir permissive=0
10-30 23:07:18.624 31352 31583 I PlayCore: UID: [10035]  PID: [31352] SplitInstallService : Initiate binding to the service.
10-30 23:07:18.703 31551 31551 W dboxed_process6: type=1400 audit(0.0:10173): avc: denied { getattr } for path="/data/data/com.android.chrome" dev="dm-2" ino=12190 scontext=u:r:isolated_app:s0:c512,c768 tcontext=u:object_r:app_data_file:s0:c512,c768 tclass=dir permissive=0
10-30 23:07:18.703 31536 31536 W dboxed_process5: type=1400 audit(0.0:10174): avc: denied { getattr } for path="/data/data/com.android.chrome" dev="dm-2" ino=12190 scontext=u:r:isolated_app:s0:c512,c768 tcontext=u:object_r:app_data_file:s0:c512,c768 tclass=dir permissive=0
10-30 23:07:18.721 31509 31509 I cr_ChildProcessService: Creating new ChildProcessService pid=31509
10-30 23:07:18.730 31497 31497 I cr_ChildProcessService: Creating new ChildProcessService pid=31497
10-30 23:07:18.813 31568 31568 W dboxed_process7: type=1400 audit(0.0:10175): avc: denied { getattr } for path="/data/data/com.android.chrome" dev="dm-2" ino=12190 scontext=u:r:isolated_app:s0:c512,c768 tcontext=u:object_r:app_data_file:s0:c512,c768 tclass=dir permissive=0
10-30 23:07:18.818 31352 31362 W art     : Suspending all threads took: 22.739ms
10-30 23:07:18.870 31518 31518 I cr_ChildProcessService: Creating new ChildProcessService pid=31518
10-30 23:07:18.877 31584 31584 W dboxed_process8: type=1400 audit(0.0:10176): avc: denied { getattr } for path="/data/data/com.android.chrome" dev="dm-2" ino=12190 scontext=u:r:isolated_app:s0:c512,c768 tcontext=u:object_r:app_data_file:s0:c512,c768 tclass=dir permissive=0
10-30 23:07:18.885   600 24611 W ActivityManager: Unable to start service Intent { act=com.google.android.play.core.splitinstall.BIND_SPLIT_INSTALL_SERVICE pkg=com.android.vending } U=0: not found
10-30 23:07:18.901 31352 31362 I art     : Background partial concurrent mark sweep GC freed 34444(1979KB) AllocSpace objects, 22(992KB) LOS objects, 40% free, 9MB/16MB, paused 24.871ms total 382.386ms
10-30 23:07:18.922 31536 31536 I cr_ChildProcessService: Creating new ChildProcessService pid=31536
10-30 23:07:18.940 31352 31352 I cr_tabmodel: Appending tabs being restored to metadata lists, 0, startingNormalCount: 1, startingIncognitoCount: 0
10-30 23:07:18.941 31352 31352 I cr_tabmodel: Serializing tab lists; counts: 1, 0
10-30 23:07:18.949 31352 31583 I PlayCore: UID: [10035]  PID: [31352] SplitInstallService : Failed to bind to the service.
10-30 23:07:18.977 31491 31606 I cr_LibraryLoader: Loaded native library version number "85.0.4183.127"
10-30 23:07:18.977 31491 31606 I cr_CachingUmaRecorder: Flushed 1 samples from 1 histograms.
10-30 23:07:18.980 31551 31551 I cr_ChildProcessService: Creating new ChildProcessService pid=31551
10-30 23:07:19.043 31352 31352 I TaskQueue:  - task [IMMEDIATE - d: true, b: 1]: 27
10-30 23:07:19.044 31352 31406 I FeedSessionManagerImpl: shouldSessionRequestDataResult: NO_REQUEST_WITH_WAIT, shouldMakeRequest(false), withTimeout(false), withAppend(false)
10-30 23:07:19.044 31352 31406 I TaskQueue:  - task [USER_FACING - d: true, b: 2]: 24
10-30 23:07:19.044 31352 31406 I TaskQueue:  - Finished 13, time 943 ms
10-30 23:07:19.044 31352 31406 I TaskQueue: Execute task [IMMEDIATE - d: true, b: 2]: 27
10-30 23:07:19.046 31352 31406 I FeedRequestManagerImpl: Consistency Token: # hU2@7bca4
10-30 23:07:19.046 31568 31568 I cr_ChildProcessService: Creating new ChildProcessService pid=31568
10-30 23:07:19.052 31352 31406 I FeedRequestManagerImpl: Capability: FEED_UI
10-30 23:07:19.071 31352 31406 I FeedRequestManagerImpl: Capability: UNDOABLE_ACTIONS
10-30 23:07:19.071 31352 31406 I FeedRequestManagerImpl: Capability: MANAGE_INTERESTS
10-30 23:07:19.071 31352 31406 I FeedRequestManagerImpl: Capability: SEND_FEEDBACK
10-30 23:07:19.071 31352 31406 I FeedRequestManagerImpl: Capability: ARTICLE_SNIPPETS
10-30 23:07:19.071 31352 31406 I FeedRequestManagerImpl: Capability: CLICK_ACTION
10-30 23:07:19.071 31352 31406 I FeedRequestManagerImpl: Capability: VIEW_ACTION
10-30 23:07:19.071 31352 31406 I FeedRequestManagerImpl: Capability: REPORT_FEED_USER_ACTIONS_NOTICE_CARD
10-30 23:07:19.071 31352 31406 I FeedRequestManagerImpl: Capability: BASE_UI
10-30 23:07:19.113 31509 31607 I cr_LibraryLoader: Loaded native library version number "85.0.4183.127"
10-30 23:07:19.114 31509 31607 I cr_CachingUmaRecorder: Flushed 1 samples from 1 histograms.
10-30 23:07:19.117 31352 31406 I FeedRequestManagerImpl: Making Request: /httpservice/noretry/DiscoverClankService/FeedQuery
10-30 23:07:19.117 31352 31406 I MainThreadRunner: Running task [NetworkClientWrapper send] on the Main Thread
10-30 23:07:19.118 31352 31406 I TaskQueue:  - Finished 27, time 73 ms
10-30 23:07:19.139 31584 31584 I cr_ChildProcessService: Creating new ChildProcessService pid=31584
10-30 23:07:19.145 31497 31608 I cr_LibraryLoader: Loaded native library version number "85.0.4183.127"
10-30 23:07:19.156 31497 31608 I cr_CachingUmaRecorder: Flushed 1 samples from 1 histograms.
10-30 23:07:19.249   600 24611 I ActivityManager: Killing 31491:com.android.chrome:sandboxed_process1/u0a35i960 (adj 0): isolated not needed
10-30 23:07:19.273 31518 31610 I cr_LibraryLoader: Loaded native library version number "85.0.4183.127"
10-30 23:07:19.279 31518 31610 I cr_CachingUmaRecorder: Flushed 1 samples from 1 histograms.
10-30 23:07:19.293 31536 31612 I cr_LibraryLoader: Loaded native library version number "85.0.4183.127"
10-30 23:07:19.294 31536 31612 I cr_CachingUmaRecorder: Flushed 1 samples from 1 histograms.
10-30 23:07:19.339 31551 31613 I cr_LibraryLoader: Loaded native library version number "85.0.4183.127"
10-30 23:07:19.340 31551 31613 I cr_CachingUmaRecorder: Flushed 1 samples from 1 histograms.
10-30 23:07:19.364 31568 31614 I cr_LibraryLoader: Loaded native library version number "85.0.4183.127"
10-30 23:07:19.365 31568 31614 I cr_CachingUmaRecorder: Flushed 1 samples from 1 histograms.
10-30 23:07:19.469 31509 31607 I chromium: [INFO:child_process_service.cc(69)] ChildProcessService: Exiting child process.
10-30 23:07:19.474   197   197 E lowmemorykiller: Error writing /proc/31509/oom_score_adj; errno=22
10-30 23:07:19.497   600  7064 I ActivityManager: Process com.android.chrome:sandboxed_process3 (pid 31509) has died
10-30 23:07:19.497   600  7064 D ActivityManager: cleanUpApplicationRecord -- 31509
10-30 23:07:19.509   600  7064 I ActivityManager: Killing 31497:com.android.chrome:sandboxed_process2/u0a35i961 (adj 0): isolated not needed
10-30 23:07:19.509   600  7064 I ActivityManager: Killing 31518:com.android.chrome:sandboxed_process4/u0a35i963 (adj 0): isolated not needed
10-30 23:07:19.516 31352 31352 W chromium: [WARNING:compositor_view.cc(315)] Child process died (type=6) pid=31509)
10-30 23:07:19.529 31352 31408 W cr_CrashFileManager: /data/user/0/com.android.chrome/cache/Crash Reports does not exist or is not a directory
10-30 23:07:19.529 31352 31408 W cr_CrashFileManager: /data/user/0/com.android.chrome/cache/Crash Reports does not exist or is not a directory
10-30 23:07:19.529 31352 31408 W cr_CrashFileManager: /data/user/0/com.android.chrome/cache/Crash Reports does not exist or is not a directory
10-30 23:07:19.535 31536 31612 I chromium: [INFO:child_process_service.cc(69)] ChildProcessService: Exiting child process.
10-30 23:07:19.550   197   197 E lowmemorykiller: Error writing /proc/31536/oom_score_adj; errno=22
10-30 23:07:19.550   600 17381 E JavaBinder: !!! FAILED BINDER TRANSACTION !!!  (parcel size = 76)
10-30 23:07:19.551   600 17381 E JavaBinder: !!! FAILED BINDER TRANSACTION !!!  (parcel size = 572)
10-30 23:07:19.552   600 17381 W ActivityManager: Exception when unbinding service com.android.chrome/org.chromium.content.app.SandboxedProcessService5
10-30 23:07:19.552   600 17381 W ActivityManager: android.os.DeadObjectException: Transaction failed on small parcel; remote process probably died
10-30 23:07:19.552   600 17381 W ActivityManager: 	at android.os.BinderProxy.transactNative(Native Method)
10-30 23:07:19.552   600 17381 W ActivityManager: 	at android.os.BinderProxy.transact(Binder.java:615)
10-30 23:07:19.552   600 17381 W ActivityManager: 	at android.app.ApplicationThreadProxy.scheduleUnbindService(ApplicationThreadNative.java:1016)
10-30 23:07:19.552   600 17381 W ActivityManager: 	at com.android.server.am.ActiveServices.removeConnectionLocked(ActiveServices.java:2175)
10-30 23:07:19.552   600 17381 W ActivityManager: 	at com.android.server.am.ActiveServices.unbindServiceLocked(ActiveServices.java:1163)
10-30 23:07:19.552   600 17381 W ActivityManager: 	at com.android.server.am.ActivityManagerService.unbindService(ActivityManagerService.java:17309)
10-30 23:07:19.552   600 17381 W ActivityManager: 	at android.app.ActivityManagerNative.onTransact(ActivityManagerNative.java:1145)
10-30 23:07:19.552   600 17381 W ActivityManager: 	at com.android.server.am.ActivityManagerService.onTransact(ActivityManagerService.java:2795)
10-30 23:07:19.552   600 17381 W ActivityManager: 	at android.os.Binder.execTransact(Binder.java:565)
10-30 23:07:19.552   600 17381 E JavaBinder: !!! FAILED BINDER TRANSACTION !!!  (parcel size = 76)
10-30 23:07:19.552   197   197 E lowmemorykiller: Error writing /proc/31536/oom_score_adj; errno=22
10-30 23:07:19.552   600 17381 E JavaBinder: !!! FAILED BINDER TRANSACTION !!!  (parcel size = 76)
10-30 23:07:19.565 31352 31385 I cr_BindingManager: Moderate binding enabled: maxSize=40
10-30 23:07:19.568 31352 31408 I cr_FileUtils: Writing to /data/user/0/com.android.chrome/app_dex/webapk7.dex
10-30 23:07:19.574   600 13558 I ActivityManager: Process com.android.chrome:sandboxed_process5 (pid 31536) has died
10-30 23:07:19.574   600 13558 D ActivityManager: cleanUpApplicationRecord -- 31536
10-30 23:07:19.614 31551 31613 I chromium: [INFO:child_process_service.cc(69)] ChildProcessService: Exiting child process.
10-30 23:07:19.626 31584 31618 I cr_LibraryLoader: Loaded native library version number "85.0.4183.127"
10-30 23:07:19.627 31584 31618 I cr_CachingUmaRecorder: Flushed 1 samples from 1 histograms.
10-30 23:07:19.639   600  1081 I ActivityManager: Process com.android.chrome:sandboxed_process6 (pid 31551) has died
10-30 23:07:19.639   600  1081 D ActivityManager: cleanUpApplicationRecord -- 31551
10-30 23:07:19.639   600  1081 W ActivityManager: Scheduling restart of crashed service com.android.chrome/org.chromium.content.app.SandboxedProcessService6 in 1000ms
10-30 23:07:19.662 31568 31614 I chromium: [INFO:child_process_service.cc(69)] ChildProcessService: Exiting child process.
10-30 23:07:19.664 31352 31352 W chromium: [WARNING:compositor_view.cc(315)] Child process died (type=6) pid=31536)
10-30 23:07:19.666   197   197 E lowmemorykiller: Error writing /proc/31568/oom_score_adj; errno=22
10-30 23:07:19.678 31352 31352 W chromium: [WARNING:compositor_view.cc(315)] Child process died (type=6) pid=31551)
10-30 23:07:19.785   600  1081 I ActivityManager: Start proc 31644:com.android.chrome:sandboxed_process9/u0i968 for service com.android.chrome/org.chromium.content.app.SandboxedProcessService9
10-30 23:07:19.813   600 13631 I ActivityManager: Process com.android.chrome:sandboxed_process7 (pid 31568) has died
10-30 23:07:19.813   600 13631 D ActivityManager: cleanUpApplicationRecord -- 31568
10-30 23:07:19.813   600 13631 I ActivityManager: Killing 31584:com.android.chrome:sandboxed_process8/u0a35i967 (adj 0): isolated not needed
10-30 23:07:19.818 31352 31352 W chromium: [WARNING:compositor_view.cc(315)] Child process died (type=6) pid=31568)
10-30 23:07:19.849 31352 31352 E cr_BTSPrefs: No data found for task id: 53
10-30 23:07:19.849 31352 31352 E cr_BkgrdTaskScheduler: Task cannot be canceled because no data was found instorage or data was invalid
10-30 23:07:19.936 31639 31639 I dex2oat : /system/bin/dex2oat --dex-file=/data/user/0/com.android.chrome/app_dex/webapk7.dex --oat-fd=175 --oat-location=/data/user/0/com.android.chrome/app_dex/oat/arm/webapk7.dex --compiler-filter=speed
10-30 23:07:19.986 31486 31486 D AndroidRuntime: >>>>>> START com.android.internal.os.RuntimeInit uid 2000 <<<<<<
10-30 23:07:19.998 31486 31486 D AndroidRuntime: CheckJNI is OFF
10-30 23:07:20.036 31352 31362 I art     : Background sticky concurrent mark sweep GC freed 69053(3MB) AllocSpace objects, 59(1180KB) LOS objects, 33% free, 11MB/16MB, paused 7.317ms total 133.904ms
10-30 23:07:20.130 12169 12811 I Icing   : IndexChimeraService.getServiceInterface callingPackage=com.android.chrome componentName=null serviceId=36
10-30 23:07:20.197   600  6312 I ActivityManager: Start proc 31661:com.android.chrome:sandboxed_process10/u0i969 for service com.android.chrome/org.chromium.content.app.SandboxedProcessService10
10-30 23:07:20.197 12169 12811 I Icing   : IndexChimeraService.getServiceInterface callingPackage=com.android.chrome componentName=null serviceId=36
10-30 23:07:20.227 31644 31644 W dboxed_process9: type=1400 audit(0.0:10177): avc: denied { getattr } for path="/data/data/com.android.chrome" dev="dm-2" ino=12190 scontext=u:r:isolated_app:s0:c512,c768 tcontext=u:object_r:app_data_file:s0:c512,c768 tclass=dir permissive=0
10-30 23:07:20.240   600   610 I ActivityManager: Start proc 31668:com.android.chrome:sandboxed_process11/u0i970 for service com.android.chrome/org.chromium.content.app.SandboxedProcessService11
10-30 23:07:20.292   600   713 I ActivityManager: Start proc 31682:com.android.chrome:sandboxed_process12/u0i971 for service com.android.chrome/org.chromium.content.app.SandboxedProcessService12
10-30 23:07:20.300 31486 31486 D ICU     : No timezone override file found: /data/misc/zoneinfo/current/icu/icu_tzdata.dat
10-30 23:07:20.368   600  3994 I ActivityManager: Start proc 31702:com.android.chrome:sandboxed_process13/u0i972 for service com.android.chrome/org.chromium.content.app.SandboxedProcessService13
10-30 23:07:20.401 31644 31644 I cr_ChildProcessService: Creating new ChildProcessService pid=31644
10-30 23:07:20.427 31661 31661 W boxed_process10: type=1400 audit(0.0:10178): avc: denied { getattr } for path="/data/data/com.android.chrome" dev="dm-2" ino=12190 scontext=u:r:isolated_app:s0:c512,c768 tcontext=u:object_r:app_data_file:s0:c512,c768 tclass=dir permissive=0
10-30 23:07:20.450 31668 31668 W boxed_process11: type=1400 audit(0.0:10179): avc: denied { getattr } for path="/data/data/com.android.chrome" dev="dm-2" ino=12190 scontext=u:r:isolated_app:s0:c512,c768 tcontext=u:object_r:app_data_file:s0:c512,c768 tclass=dir permissive=0
10-30 23:07:20.474 31486 31486 I Radio-JNI: register_android_hardware_Radio DONE
10-30 23:07:20.485 31661 31661 I cr_ChildProcessService: Creating new ChildProcessService pid=31661
10-30 23:07:20.502 31668 31668 I cr_ChildProcessService: Creating new ChildProcessService pid=31668
10-30 23:07:20.526 31486 31486 D AndroidRuntime: Calling main entry com.android.commands.am.Am
10-30 23:07:20.580   600 13631 I ActivityManager: Start proc 31725:com.android.chrome:sandboxed_process14/u0i973 for service com.android.chrome/org.chromium.content.app.SandboxedProcessService14
10-30 23:07:20.588   600  9614 I ActivityManager: START u0 {act=android.intent.action.VIEW dat=http://independent.co.uk/... flg=0x10000000 cmp=com.android.chrome/com.google.android.apps.chrome.Main} from uid 2000 on display 0
10-30 23:07:20.600 31486 31486 D AndroidRuntime: Shutting down VM
10-30 23:07:20.641   600 29683 I ActivityManager: Start proc 31738:com.android.chrome:sandboxed_process15/u0i974 for service com.android.chrome/org.chromium.content.app.SandboxedProcessService15
10-30 23:07:20.653   600  1080 D ActivityManager: cleanUpApplicationRecord -- 31497
10-30 23:07:20.713 31682 31682 W boxed_process12: type=1400 audit(0.0:10180): avc: denied { getattr } for path="/data/data/com.android.chrome" dev="dm-2" ino=12190 scontext=u:r:isolated_app:s0:c512,c768 tcontext=u:object_r:app_data_file:s0:c512,c768 tclass=dir permissive=0
10-30 23:07:20.719   600  6312 I ActivityManager: Start proc 31743:com.android.chrome:sandboxed_process16/u0i975 for service com.android.chrome/org.chromium.content.app.SandboxedProcessService16
10-30 23:07:20.725 31352 31352 E cr_IntentUtils: getInt failed on bundle null
10-30 23:07:20.740 31725 31725 W boxed_process14: type=1400 audit(0.0:10181): avc: denied { getattr } for path="/data/data/com.android.chrome" dev="dm-2" ino=12190 scontext=u:r:isolated_app:s0:c512,c768 tcontext=u:object_r:app_data_file:s0:c512,c768 tclass=dir permissive=0
10-30 23:07:20.747 31702 31702 W boxed_process13: type=1400 audit(0.0:10182): avc: denied { getattr } for path="/data/data/com.android.chrome" dev="dm-2" ino=12190 scontext=u:r:isolated_app:s0:c512,c768 tcontext=u:object_r:app_data_file:s0:c512,c768 tclass=dir permissive=0
10-30 23:07:20.754   600  1081 I ActivityManager: Start proc 31750:com.android.chrome:sandboxed_process17/u0i976 for service com.android.chrome/org.chromium.content.app.SandboxedProcessService17
10-30 23:07:20.777   600  1080 I ActivityManager: Start proc 31770:com.android.chrome:sandboxed_process18/u0i977 for service com.android.chrome/org.chromium.content.app.SandboxedProcessService18
10-30 23:07:20.801 31639 31639 W dex2oat : Compilation of void a.a.c.<clinit>() took 230.785ms
10-30 23:07:20.801 31639 31692 W dex2oat : Compilation of void a.b.a.a.<clinit>() took 230.703ms
10-30 23:07:20.820 31352 31352 W FeedModelProvider: sessionId is null, this should have been set during population
10-30 23:07:20.821 31352 31352 I cr_tabmodel: Appending tabs being restored to metadata lists, 0, startingNormalCount: 2, startingIncognitoCount: 0
10-30 23:07:20.821 31352 31352 I cr_tabmodel: Serializing tab lists; counts: 2, 0
10-30 23:07:20.823 31682 31682 I cr_ChildProcessService: Creating new ChildProcessService pid=31682
10-30 23:07:20.840 31639 31639 I dex2oat : dex2oat took 904.518ms (threads: 2) arena alloc=996KB (1019984B) java alloc=112KB (115040B) native alloc=559KB (573400B) free=2000KB (2048040B)
10-30 23:07:20.848   600  3509 I ActivityManager: Start proc 31786:com.android.chrome:sandboxed_process19/u0i978 for service com.android.chrome/org.chromium.content.app.SandboxedProcessService19
10-30 23:07:20.859   600  7064 D ActivityManager: cleanUpApplicationRecord -- 31518
10-30 23:07:20.877 31702 31702 I cr_ChildProcessService: Creating new ChildProcessService pid=31702
10-30 23:07:20.884 31725 31725 I cr_ChildProcessService: Creating new ChildProcessService pid=31725
10-30 23:07:20.893   600  3994 I ActivityManager: Start proc 31800:com.android.chrome:sandboxed_process20/u0i979 for service com.android.chrome/org.chromium.content.app.SandboxedProcessService20
10-30 23:07:20.943   600 24515 D ActivityManager: cleanUpApplicationRecord -- 31491
10-30 23:07:20.967 31750 31750 W boxed_process17: type=1400 audit(0.0:10183): avc: denied { getattr } for path="/data/data/com.android.chrome" dev="dm-2" ino=12190 scontext=u:r:isolated_app:s0:c512,c768 tcontext=u:object_r:app_data_file:s0:c512,c768 tclass=dir permissive=0
10-30 23:07:20.976 31668 31722 I cr_LibraryLoader: Loaded native library version number "85.0.4183.127"
10-30 23:07:20.977 31668 31722 I cr_CachingUmaRecorder: Flushed 1 samples from 1 histograms.
10-30 23:07:20.984 31661 31721 I cr_LibraryLoader: Loaded native library version number "85.0.4183.127"
10-30 23:07:20.984 31661 31721 I cr_CachingUmaRecorder: Flushed 1 samples from 1 histograms.
10-30 23:07:20.989 31644 31710 I cr_LibraryLoader: Loaded native library version number "85.0.4183.127"
10-30 23:07:20.989 31644 31710 I cr_CachingUmaRecorder: Flushed 1 samples from 1 histograms.
10-30 23:07:21.017 31770 31770 W boxed_process18: type=1400 audit(0.0:10184): avc: denied { getattr } for path="/data/data/com.android.chrome" dev="dm-2" ino=12190 scontext=u:r:isolated_app:s0:c512,c768 tcontext=u:object_r:app_data_file:s0:c512,c768 tclass=dir permissive=0
10-30 23:07:21.053 31743 31743 W boxed_process16: type=1400 audit(0.0:10185): avc: denied { getattr } for path="/data/data/com.android.chrome" dev="dm-2" ino=12190 scontext=u:r:isolated_app:s0:c512,c768 tcontext=u:object_r:app_data_file:s0:c512,c768 tclass=dir permissive=0
10-30 23:07:21.073 31738 31738 W boxed_process15: type=1400 audit(0.0:10186): avc: denied { getattr } for path="/data/data/com.android.chrome" dev="dm-2" ino=12190 scontext=u:r:isolated_app:s0:c512,c768 tcontext=u:object_r:app_data_file:s0:c512,c768 tclass=dir permissive=0
10-30 23:07:21.084 31770 31770 I cr_ChildProcessService: Creating new ChildProcessService pid=31770
10-30 23:07:21.095 31750 31750 I cr_ChildProcessService: Creating new ChildProcessService pid=31750
10-30 23:07:21.108 12169 12179 I art     : Background sticky concurrent mark sweep GC freed 12841(1184KB) AllocSpace objects, 3(60KB) LOS objects, 23% free, 7MB/9MB, paused 445us total 256.416ms
10-30 23:07:21.116 31352 31352 W chromium: [WARNING:compositor_view.cc(315)] Child process died (type=6) pid=31497)
10-30 23:07:21.123 31786 31786 W boxed_process19: type=1400 audit(0.0:10187): avc: denied { getattr } for path="/data/data/com.android.chrome" dev="dm-2" ino=12190 scontext=u:r:isolated_app:s0:c512,c768 tcontext=u:object_r:app_data_file:s0:c512,c768 tclass=dir permissive=0
10-30 23:07:21.127 31800 31800 W boxed_process20: type=1400 audit(0.0:10188): avc: denied { getattr } for path="/data/data/com.android.chrome" dev="dm-2" ino=12190 scontext=u:r:isolated_app:s0:c512,c768 tcontext=u:object_r:app_data_file:s0:c512,c768 tclass=dir permissive=0
10-30 23:07:21.139 31682 31785 I cr_LibraryLoader: Loaded native library version number "85.0.4183.127"
10-30 23:07:21.139 31682 31785 I cr_CachingUmaRecorder: Flushed 1 samples from 1 histograms.
10-30 23:07:21.147 31725 31798 I cr_LibraryLoader: Loaded native library version number "85.0.4183.127"
10-30 23:07:21.147 31725 31798 I cr_CachingUmaRecorder: Flushed 1 samples from 1 histograms.
10-30 23:07:21.220 31352 31352 W chromium: [WARNING:compositor_view.cc(315)] Child process died (type=6) pid=31518)
10-30 23:07:21.237 31702 31795 I cr_LibraryLoader: Loaded native library version number "85.0.4183.127"
10-30 23:07:21.237 31702 31795 I cr_CachingUmaRecorder: Flushed 1 samples from 1 histograms.
10-30 23:07:21.257 31661 31661 I cr_ChildProcessService: Destroying ChildProcessService pid=31661
10-30 23:07:21.261 31743 31743 I cr_ChildProcessService: Creating new ChildProcessService pid=31743
10-30 23:07:21.278 31352 31352 I Choreographer: Skipped 40 frames!  The application may be doing too much work on its main thread.
10-30 23:07:21.317 31352 31352 I FeedRequestManagerImpl: Request: /httpservice/noretry/DiscoverClankService/FeedQuery completed with response code: 200
10-30 23:07:21.318 31352 31352 I TaskQueue:  - task [IMMEDIATE - d: true, b: 2]: 15
10-30 23:07:21.318 31352 31352 I TaskQueue:  - queueTask starting immediate task
10-30 23:07:21.318 31352 31409 I TaskQueue: Execute task [IMMEDIATE - d: true, b: 2]: 15
10-30 23:07:21.337 31738 31738 I cr_ChildProcessService: Creating new ChildProcessService pid=31738
10-30 23:07:21.354 31786 31786 I cr_ChildProcessService: Creating new ChildProcessService pid=31786
10-30 23:07:21.355 31800 31800 I cr_ChildProcessService: Creating new ChildProcessService pid=31800
10-30 23:07:21.359 31352 31362 W art     : Suspending all threads took: 15.969ms
10-30 23:07:21.394 31682 31785 I chromium: [INFO:child_process_service.cc(69)] ChildProcessService: Exiting child process.
10-30 23:07:21.395   197   197 E lowmemorykiller: Error writing /proc/31682/oom_score_adj; errno=22
10-30 23:07:21.433 31770 31829 I cr_LibraryLoader: Loaded native library version number "85.0.4183.127"
10-30 23:07:21.441 31770 31829 I cr_CachingUmaRecorder: Flushed 1 samples from 1 histograms.
10-30 23:07:21.448 31352 31362 I art     : Background sticky concurrent mark sweep GC freed 13389(749KB) AllocSpace objects, 13(260KB) LOS objects, 4% free, 15MB/16MB, paused 17.406ms total 139.264ms
10-30 23:07:21.477 31800 31843 I cr_LibraryLoader: Loaded native library version number "85.0.4183.127"
10-30 23:07:21.477 31800 31843 I cr_CachingUmaRecorder: Flushed 1 samples from 1 histograms.
10-30 23:07:21.513 31750 31830 I cr_LibraryLoader: Loaded native library version number "85.0.4183.127"
10-30 23:07:21.513 31750 31830 I cr_CachingUmaRecorder: Flushed 1 samples from 1 histograms.
10-30 23:07:21.535   600   609 I art     : Background partial concurrent mark sweep GC freed 46798(2MB) AllocSpace objects, 34(880KB) LOS objects, 33% free, 16MB/25MB, paused 14.825ms total 670.004ms
10-30 23:07:21.539 31352 31409 I MainThreadRunner: Running task [FeedRequestManagerImpl consumer] on the Main Thread
10-30 23:07:21.539 31352 31409 I TaskQueue:  - Finished 15, time 221 ms
10-30 23:07:21.539 31352 31352 I FeedProtocolAdapter: createModel, operations 33
10-30 23:07:21.545 31352 31352 I TimingUtils: Task Timing   5ms, thread ui | task : convertWireProtocol | mutations : 33
10-30 23:07:21.547 31352 31352 I TaskQueue:  - task [HEAD_RESET - d: true, b: 2]: 5
10-30 23:07:21.547 31352 31352 I TaskQueue:  - queueTask starting immediate task
