10-31 07:38:17.860  3885  3937 I cr_LibraryLoader: Loaded native library version number "85.0.4183.127"
10-31 07:38:17.860  3885  3937 I cr_CachingUmaRecorder: Flushed 1 samples from 1 histograms.
10-31 07:38:17.895  3898  3938 I cr_LibraryLoader: Loaded native library version number "85.0.4183.127"
10-31 07:38:17.895  3898  3938 I cr_CachingUmaRecorder: Flushed 1 samples from 1 histograms.
10-31 07:38:17.922  3855  3931 I chromium: [INFO:child_process_service.cc(69)] ChildProcessService: Exiting child process.
10-31 07:38:17.922   197   197 E lowmemorykiller: Error writing /proc/3855/oom_score_adj; errno=22
10-31 07:38:17.926  3767  3767 W dex2oat : Compilation of java.lang.String androidx.core.graphics.drawable.IconCompat.toString() took 115.980ms
10-31 07:38:17.937  3869  3936 I chromium: [INFO:child_process_service.cc(69)] ChildProcessService: Exiting child process.
10-31 07:38:17.943  3869  3869 I cr_ChildProcessService: Destroying ChildProcessService pid=3869
10-31 07:38:17.962  3767  3767 I dex2oat : dex2oat took 1.496s (threads: 2) arena alloc=771KB (790272B) java alloc=96KB (99200B) native alloc=559KB (573176B) free=1488KB (1523976B)
10-31 07:38:18.055  3453  3453 I FeedRequestManagerImpl: Request: /httpservice/noretry/DiscoverClankService/FeedQuery completed with response code: 200
10-31 07:38:18.056  3453  3453 I TaskQueue:  - task [IMMEDIATE - d: true, b: 2]: 15
10-31 07:38:18.056  3453  3453 I TaskQueue:  - queueTask starting immediate task
10-31 07:38:18.058  3453  3511 I TaskQueue: Execute task [IMMEDIATE - d: true, b: 2]: 15
10-31 07:38:18.212  3453  3511 I MainThreadRunner: Running task [FeedRequestManagerImpl consumer] on the Main Thread
10-31 07:38:18.212  3453  3511 I TaskQueue:  - Finished 15, time 155 ms
10-31 07:38:18.212  3453  3453 I FeedProtocolAdapter: createModel, operations 33
10-31 07:38:18.217  3453  3453 I TimingUtils: Task Timing   4ms, thread ui | task : convertWireProtocol | mutations : 33
10-31 07:38:18.218  3453  3453 I TaskQueue:  - task [HEAD_RESET - d: true, b: 2]: 5
10-31 07:38:18.219  3453  3453 I TaskQueue:  - queueTask starting immediate task
10-31 07:38:18.220  3885  3885 I cr_ChildProcessService: Destroying ChildProcessService pid=3885
10-31 07:38:18.228  3453  3511 I TaskQueue: Execute task [HEAD_RESET - d: true, b: 2]: 5
10-31 07:38:18.241  3453  3511 I TaskQueue:  - task [BACKGROUND - d: true, b: 2]: 23
10-31 07:38:18.242  3453  3511 W SessionCache: Persisted Sessions were not found
10-31 07:38:18.250  3453  3511 I PersistentFeedStore: commitSessionMutation - Success true, Update Session $HEAD, stream structures 32
10-31 07:38:18.254  3453  3511 I MainThreadRunner: Running task [SchedulerApiWrapper onReceiveNewContent] on the Main Thread
10-31 07:38:18.255  3453  3511 I MainThreadRunner: Running task [FeedKnownContentImpl onNewContentReceived] on the Main Thread
10-31 07:38:18.255  3453  3511 I SessionManagerMutation: Cleared Head, new creation time 10-31 07:38:18.242
10-31 07:38:18.255  3453  3511 I TimingUtils: Task Timing  27ms, thread background-1 | task : sessionMutation.commitTask:updateConsumer | mutations : 33 | userInitiated : false
10-31 07:38:18.255  3453  3511 I TaskQueue: Cancelling starvation checks
10-31 07:38:18.256  3453  3511 I TaskQueue:  - Finished 5, time 28 ms
10-31 07:38:18.256  3453  3511 I TaskQueue: Execute task [USER_FACING - d: false, b: 2]: 24
10-31 07:38:18.274  3453  3511 I TimeoutSessionImpl: TimeoutSession.populateModelProvider, shouldAppend false
10-31 07:38:18.274  3453  3511 I SessionImpl: PopulateModelProvider 32 items
10-31 07:38:18.274  3453  3511 I FeedModelProvider: FeedModelProvider - committer, structure changes 31, update changes 0
10-31 07:38:18.275  3453  3511 I FeedModelProvider: SyntheticTokenTracker: 0, 11, 11, false
10-31 07:38:18.275  3453  3511 I FeedSessionManagerImpl: Caching getStreamFeatures - items 31, cache misses 0, cache size 31
10-31 07:38:18.275  3453  3511 I FeedModelProvider: Moving _session:8ddb097b-d7bf-48fe-a02b-81d3e8e211b4 to READY
10-31 07:38:18.275  3453  3511 I MainThreadRunner: Running task [FeedModelProvider onSessionStart] on the Main Thread
10-31 07:38:18.289  3453  3453 I FeedModelProvider: No children found for Cursor
10-31 07:38:18.294  3453  3511 I FeedModelProvider: ModelProvider Mutation committed - structure changes 31, childrenToBind 31, removedChildren false, Token false
10-31 07:38:18.296  3453  3511 I FeedSessionManagerImpl: Populate new session: _session:8ddb097b-d7bf-48fe-a02b-81d3e8e211b4, creation time 10-31 07:38:18.274
10-31 07:38:18.296  3453  3511 I TimingUtils: Task Timing  38ms, thread background-2 | task : Create/Populate New Session
10-31 07:38:18.297  3453  3511 I TaskQueue:  - Finished 24, time 41 ms
10-31 07:38:18.297  3453  3511 I TaskQueue: Execute task [BACKGROUND - d: false, b: 1]: 11
10-31 07:38:18.297  3453  3511 I ContentGc: Re-enqueuing triggerContentGc; attempts(0)
10-31 07:38:18.299  3453  3511 I TaskQueue:  - task [BACKGROUND - d: false, b: 1]: 11
10-31 07:38:18.299  3453  3511 I TaskQueue:  - Finished 11, time 3 ms
10-31 07:38:18.299  3453  3511 I TaskQueue: Execute task [BACKGROUND - d: false, b: 1]: 23
10-31 07:38:18.333   600   613 I ActivityManager: Killing 3898:com.android.chrome:sandboxed_process18/u0a35i113 (adj 0): isolated not needed
10-31 07:38:18.333   600   613 I ActivityManager: Killing 3885:com.android.chrome:sandboxed_process17/u0a35i112 (adj 0): isolated not needed
10-31 07:38:18.334   600   613 I ActivityManager: Killing 3869:com.android.chrome:sandboxed_process16/u0a35i111 (adj 0): isolated not needed
10-31 07:38:18.334   600   613 I ActivityManager: Killing 3855:com.android.chrome:sandboxed_process15/u0a35i110 (adj 0): isolated not needed
10-31 07:38:18.334   600   613 I ActivityManager: Killing 3842:com.android.chrome:sandboxed_process14/u0a35i109 (adj 0): isolated not needed
10-31 07:38:18.400  3453  3463 I art     : Background partial concurrent mark sweep GC freed 27056(1393KB) AllocSpace objects, 23(4MB) LOS objects, 39% free, 11MB/19MB, paused 4.310ms total 166.928ms
10-31 07:38:18.465   600  3509 D ActivityManager: cleanUpApplicationRecord -- 3630
10-31 07:38:18.482  3453  3511 I TimingUtils: Task Timing 182ms, thread background-3 | task : commitContentMutation | mutations : 32
10-31 07:38:18.483  3453  3511 I TimingUtils: Task Timing   0ms, thread background-4 | task : commitSemanticPropertiesMutation | mutations : 0
10-31 07:38:18.483  3453  3511 I TaskQueue:  - Finished 23, time 184 ms
10-31 07:38:18.483  3453  3511 I TaskQueue: Execute task [BACKGROUND - d: false, b: 0]: 11
10-31 07:38:18.485  3453  3511 I SessionCache: Determining accessible content
10-31 07:38:18.488  3453  3511 I TimingUtils: Task Timing   4ms, thread background-5 | task : ContentGc | contentItemsRemoved : 0
10-31 07:38:18.488  3453  3511 I TaskQueue:  - Finished 11, time 5 ms
10-31 07:38:18.501   600 17381 D ActivityManager: cleanUpApplicationRecord -- 3612
10-31 07:38:18.516  3453  3453 W chromium: [WARNING:compositor_view.cc(315)] Child process died (type=6) pid=3630)
10-31 07:38:18.653  3453  3515 W chromium: [WARNING:spdy_session.cc(3090)] Received RST for invalid stream1
10-31 07:38:18.677  3453  3453 W chromium: [WARNING:compositor_view.cc(315)] Child process died (type=6) pid=3612)
10-31 07:38:18.756  3453  3725 I PlayCore: UID: [10035]  PID: [3453] SplitInstallService : Failed to bind to the service.
10-31 07:38:18.807 17545 17556 I art     : Background sticky concurrent mark sweep GC freed 16479(1092KB) AllocSpace objects, 14(280KB) LOS objects, 22% free, 7MB/10MB, paused 4.189ms total 184.290ms
10-31 07:38:18.810  3453  3453 W chromium: [WARNING:compositor_view.cc(315)] Child process died (type=6) pid=3898)
10-31 07:38:18.817  3453  3453 W chromium: [WARNING:compositor_view.cc(315)] Child process died (type=6) pid=3855)
10-31 07:38:18.820  3453  3453 W chromium: [WARNING:compositor_view.cc(315)] Child process died (type=6) pid=3869)
10-31 07:38:18.821  3453  3453 W chromium: [WARNING:compositor_view.cc(315)] Child process died (type=6) pid=3810)
10-31 07:38:18.825  3453  3453 W chromium: [WARNING:compositor_view.cc(315)] Child process died (type=6) pid=3842)
10-31 07:38:18.846   600  9614 D ActivityManager: cleanUpApplicationRecord -- 3898
10-31 07:38:18.858   600  1082 D ActivityManager: cleanUpApplicationRecord -- 3855
10-31 07:38:18.858   600  2707 D ActivityManager: cleanUpApplicationRecord -- 3869
10-31 07:38:18.859   600   611 D ActivityManager: cleanUpApplicationRecord -- 3810
10-31 07:38:18.859   600 17381 D ActivityManager: cleanUpApplicationRecord -- 3842
10-31 07:38:18.963  3453  3503 W InstanceID: Instance ID SDK is deprecated, com.android.chrome should update to use Firebase Instance ID
10-31 07:38:18.970   600  9614 D ActivityManager: cleanUpApplicationRecord -- 3885
10-31 07:38:18.986  3453  3453 W chromium: [WARNING:compositor_view.cc(315)] Child process died (type=6) pid=3885)
10-31 07:38:19.096 17545   351 W Icing   : No valid account for uploading user actions
10-31 07:38:19.159   600  3675 D ActivityManager: cleanUpApplicationRecord -- 3824
10-31 07:38:19.230  3453  3453 W chromium: [WARNING:compositor_view.cc(315)] Child process died (type=6) pid=3824)
10-31 07:38:19.588 17545 17879 I Icing   : IndexChimeraService.getServiceInterface callingPackage=com.google.android.gms componentName=null serviceId=30
10-31 07:38:19.626   787  1716 W Icing   : isOptedInForAppHistory: empty Account Name encountered
10-31 07:38:19.709   787  1716 W Icing   : isOptedInForAppHistory: empty Account Name encountered
10-31 07:38:20.228   787  1952 W Icing   : isOptedInForAppHistory: empty Account Name encountered
10-31 07:38:20.311  3453  3510 I cr_omaha: Request to Server Successful. Timestamp for next request:1667201900311
10-31 07:38:20.367  3453  3510 I cr_omaha: Request to Server Successful. Timestamp for next request:1667201900367
10-31 07:38:20.368  3453  3510 I cr_omaha: Attempting to schedule next job for: Mon Oct 31 12:38:19 GMT+01:00 2022
10-31 07:38:20.372  3453  3453 I cr_omaha: Scheduled using JobService
10-31 07:38:20.372  3453  3453 E cr_BkgrdTaskJS: Tried finishing non-current BackgroundTask.
10-31 07:38:21.066 17545   351 E native  : document-store.cc:1328 Failed to update per-doc-data with usage report
10-31 07:38:21.859  3453  3453 E cr_BTSPrefs: No data found for task id: 53
10-31 07:38:21.859  3453  3453 E cr_BkgrdTaskScheduler: Task cannot be canceled because no data was found instorage or data was invalid
10-31 07:38:22.443 17545   351 I Icing   : Usage reports ok 2, Failed Usage reports 1, indexed 0, rejected 0
10-31 07:38:22.499 17545   351 W Icing   : No valid account for uploading user actions
10-31 07:38:23.123 17545   351 I Icing   : Usage reports ok 1, Failed Usage reports 0, indexed 1, rejected 0
10-31 07:38:23.124 17545   351 I Icing   : Removing corpus key com.android.chrome-omnibox for package com.android.chrome
10-31 07:38:23.162 17545   351 I native  : flash-index.cc:1519 Flash index sort hb 8 prefix-hits 13 -> 12 at 7.762ms
10-31 07:38:23.336 17545   351 I native  : document-store.cc:1654 Scored 2210 usage reports, missing_corpora 0 update_failed 1184
10-31 07:38:23.432 17545   351 W Icing   : No valid account for uploading user actions
10-31 07:38:23.464 17545   351 I Icing   : Usage reports ok 0, Failed Usage reports 0, indexed 0, rejected 0
10-31 07:38:23.465 17545   351 I Icing   : Indexing com.android.chrome-omnibox from com.android.chrome
10-31 07:38:23.662 17545   351 I Icing   : Indexing done com.android.chrome-omnibox
10-31 07:38:24.231  3453  3453 I cr_tabmodel: Appending tabs being restored to metadata lists, 0, startingNormalCount: 2, startingIncognitoCount: 0
10-31 07:38:24.231  3453  3453 I cr_tabmodel: Serializing tab lists; counts: 2, 0
10-31 07:38:24.642   787  1245 W Icing   : isOptedInForAppHistory: empty Account Name encountered
10-31 07:38:24.655   787  1245 W Icing   : isOptedInForAppHistory: empty Account Name encountered
10-31 07:38:24.672   787  2221 W Icing   : isOptedInForAppHistory: empty Account Name encountered
10-31 07:38:24.770   787   802 W SQLiteConnectionPool: A SQLiteConnection object for database '/data/user/0/com.google.android.gms/databases/metadata.db' was leaked!  Please fix your application to end transactions in progress properly and to close the database when it is no longer needed.
10-31 07:38:24.790   787  1259 W GmsStrictMode: LEAKED_CLOSABLE [CONTEXT service_id=256 ]
10-31 07:38:24.790   787  1259 W GmsStrictMode: rvo: LEAKED_CLOSABLE
10-31 07:38:24.790   787  1259 W GmsStrictMode: 	at dalvik.system.VMStack.getThreadStackTrace(Native Method)
10-31 07:38:24.790   787  1259 W GmsStrictMode: 	at java.lang.Thread.getStackTrace(Thread.java:1566)
10-31 07:38:24.790   787  1259 W GmsStrictMode: 	at bhdb.containsKey(:com.google.android.gms@203915020@20.39.15 (040406-335085812):1)
10-31 07:38:24.790   787  1259 W GmsStrictMode: 	at android.os.StrictMode.onVmPolicyViolation(StrictMode.java:1867)
10-31 07:38:24.790   787  1259 W GmsStrictMode: 	at android.os.StrictMode.onVmPolicyViolation(StrictMode.java:1844)
10-31 07:38:24.790   787  1259 W GmsStrictMode: 	at android.os.StrictMode$AndroidCloseGuardReporter.report(StrictMode.java:1590)
10-31 07:38:24.790   787  1259 W GmsStrictMode: 	at dalvik.system.CloseGuard.warnIfOpen(CloseGuard.java:208)
10-31 07:38:24.790   787  1259 W GmsStrictMode: 	at android.database.sqlite.SQLiteConnection.dispose(SQLiteConnection.java:231)
10-31 07:38:24.790   787  1259 W GmsStrictMode: 	at android.database.sqlite.SQLiteConnection.finalize(SQLiteConnection.java:180)
10-31 07:38:24.790   787  1259 W GmsStrictMode: 	at java.lang.Daemons$FinalizerDaemon.doFinalize(Daemons.java:222)
10-31 07:38:24.790   787  1259 W GmsStrictMode: 	at java.lang.Daemons$FinalizerDaemon.run(Daemons.java:209)
10-31 07:38:24.790   787  1259 W GmsStrictMode: 	at java.lang.Thread.run(Thread.java:761)
10-31 07:38:24.879 17545   351 I Icing   : Indexing com.android.chrome-internal.3p:WebPage from com.android.chrome
10-31 07:38:24.881 17545   351 E SQLiteLog: (1) no such table: WebPage_com.android.chrome_seq_table
10-31 07:38:24.890 17545   351 E Icing   : Cursor call threw an exception: no such table: WebPage_com.android.chrome_seq_table (code 1): , while compiling: SELECT * FROM [WebPage_com.android.chrome_seq_table] WHERE seqno>0 AND tag IS NULL ORDER BY seqno LIMIT 20
10-31 07:38:24.891 17545   351 I Icing   : Indexing done com.android.chrome-internal.3p:WebPage
10-31 07:38:24.891 17545   351 E Icing   : Aborting indexing of corpus internal.3p:WebPage
10-31 07:38:24.893 17545   351 I Icing   : Indexing com.android.chrome-internal.3p:WebPage from com.android.chrome using seqno 0
10-31 07:38:25.317  3453  3453 E cr_BTSPrefs: No data found for task id: 57
10-31 07:38:25.318  3453  3453 E cr_BkgrdTaskScheduler: Task cannot be canceled because no data was found instorage or data was invalid
10-31 07:38:25.318  3453  3453 E cr_BTSPrefs: No data found for task id: 56
10-31 07:38:25.319  3453  3453 E cr_BkgrdTaskScheduler: Task cannot be canceled because no data was found instorage or data was invalid
10-31 07:38:29.281  3992  3992 D AndroidRuntime: >>>>>> START com.android.internal.os.RuntimeInit uid 2000 <<<<<<
10-31 07:38:29.285  3992  3992 D AndroidRuntime: CheckJNI is OFF
10-31 07:38:29.352  3992  3992 D ICU     : No timezone override file found: /data/misc/zoneinfo/current/icu/icu_tzdata.dat
10-31 07:38:29.385  3992  3992 I Radio-JNI: register_android_hardware_Radio DONE
10-31 07:38:29.400  3992  3992 D AndroidRuntime: Calling main entry com.android.commands.monkey.Monkey
10-31 07:38:29.467   600   613 W BroadcastQueue: Skipping deliver [background] BroadcastRecord{e8b049c u-1 android.net.conn.CONNECTIVITY_CHANGE} to ReceiverList{940aea5 3992 (unknown name)/2000/u-1 remote:b874d6e}: process crashing
10-31 07:38:30.973  3992  3992 D MonkeyStub: translateCommand: wake
10-31 07:38:31.137  3992  3992 D MonkeyStub: translateCommand: tap 686 1843
10-31 07:38:43.224  3992  3992 D MonkeyStub: translateCommand: touch down 614 1561
10-31 07:38:43.234  3992  3992 D MonkeyStub: translateCommand: touch move 614 1561
10-31 07:38:43.353  3992  3992 D MonkeyStub: translateCommand: touch move 614 1436
10-31 07:38:43.464  3992  3992 D MonkeyStub: translateCommand: touch move 614 1311
10-31 07:38:43.579  3992  3992 D MonkeyStub: translateCommand: touch move 614 1186
10-31 07:38:43.689  3992  3992 D MonkeyStub: translateCommand: touch move 614 1061
10-31 07:38:43.799  3992  3992 D MonkeyStub: translateCommand: touch move 614 937
10-31 07:38:43.921  3992  3992 D MonkeyStub: translateCommand: touch move 614 812
10-31 07:38:44.032  3992  3992 D MonkeyStub: translateCommand: touch move 614 687
10-31 07:38:44.142  3992  3992 D MonkeyStub: translateCommand: touch move 614 562
10-31 07:38:44.247  3992  3992 D MonkeyStub: translateCommand: touch move 614 437
10-31 07:38:44.379  3992  3992 D MonkeyStub: translateCommand: touch move 614 312
10-31 07:38:44.383  3992  3992 D MonkeyStub: translateCommand: touch up 614 312
10-31 07:38:48.032 17545 17879 I Icing   : IndexChimeraService.getServiceInterface callingPackage=com.android.chrome componentName=null serviceId=36
10-31 07:38:48.066 17545   351 W Icing   : No valid account for uploading user actions
10-31 07:38:48.101 17545 17879 I Icing   : IndexChimeraService.getServiceInterface callingPackage=com.google.android.gms componentName=null serviceId=30
10-31 07:38:48.145 17545   351 I Icing   : Usage reports ok 1, Failed Usage reports 0, indexed 1, rejected 0
10-31 07:38:48.148 17545   351 W Icing   : No valid account for uploading user actions
10-31 07:38:48.157 17545   351 I Icing   : Usage reports ok 0, Failed Usage reports 0, indexed 0, rejected 0
10-31 07:38:48.158 17545   351 I Icing   : Indexing com.android.chrome-omnibox from com.android.chrome
10-31 07:38:48.166 17545   351 I Icing   : Indexing done com.android.chrome-omnibox
10-31 07:38:48.534  3992  3992 D MonkeyStub: translateCommand: tap 321 1446
10-31 07:38:48.571   787   787 W GCM     : broadcast intent callback: result=CANCELLED forIntent { act=com.google.android.c2dm.intent.RECEIVE pkg=com.opera.browser (has extras) }
10-31 07:38:48.743   787  1259 E AsyncOperation: serviceID=121, operation=GetLaunchDataOperation [CONTEXT service_id=259 ]
10-31 07:38:48.743   787  1259 E AsyncOperation: OperationException[Status{statusCode=Not an instant app, resolution=null}]
10-31 07:38:48.743   787  1259 E AsyncOperation: 	at aeay.a(:com.google.android.gms@203915020@20.39.15 (040406-335085812):20)
10-31 07:38:48.743   787  1259 E AsyncOperation: 	at aain.run(:com.google.android.gms@203915020@20.39.15 (040406-335085812):7)
10-31 07:38:48.743   787  1259 E AsyncOperation: 	at boex.run(:com.google.android.gms@203915020@20.39.15 (040406-335085812):2)
10-31 07:38:48.743   787  1259 E AsyncOperation: 	at sup.b(:com.google.android.gms@203915020@20.39.15 (040406-335085812):12)
10-31 07:38:48.743   787  1259 E AsyncOperation: 	at sup.run(:com.google.android.gms@203915020@20.39.15 (040406-335085812):7)
10-31 07:38:48.743   787  1259 E AsyncOperation: 	at java.util.concurrent.ThreadPoolExecutor.runWorker(ThreadPoolExecutor.java:1133)
10-31 07:38:48.743   787  1259 E AsyncOperation: 	at java.util.concurrent.ThreadPoolExecutor$Worker.run(ThreadPoolExecutor.java:607)
10-31 07:38:48.743   787  1259 E AsyncOperation: 	at tam.run(:com.google.android.gms@203915020@20.39.15 (040406-335085812):0)
10-31 07:38:48.743   787  1259 E AsyncOperation: 	at java.lang.Thread.run(Thread.java:761)
10-31 07:38:49.746   787 28592 W Icing   : isOptedInForAppHistory: empty Account Name encountered
10-31 07:38:49.766   787 28592 W Icing   : isOptedInForAppHistory: empty Account Name encountered
10-31 07:38:49.776   787  2220 W Icing   : isOptedInForAppHistory: empty Account Name encountered
10-31 07:38:51.077  3453  3453 I cr_tabmodel: Appending tabs being restored to metadata lists, 0, startingNormalCount: 2, startingIncognitoCount: 0
10-31 07:38:51.077  3453  3453 I cr_tabmodel: Serializing tab lists; counts: 2, 0
10-31 07:38:51.210   787 28591 W Icing   : isOptedInForAppHistory: empty Account Name encountered
10-31 07:38:51.223   787 28591 W Icing   : isOptedInForAppHistory: empty Account Name encountered
10-31 07:38:51.251   787  2220 W Icing   : isOptedInForAppHistory: empty Account Name encountered
10-31 07:38:52.492   198   198 E SELinux : avc:  denied  { find } for service=netd pid=4043 uid=2000 scontext=u:r:shell:s0 tcontext=u:object_r:netd_service:s0 tclass=service_manager permissive=0
10-31 07:38:52.498   198   198 E SELinux : avc:  denied  { find } for service=android.service.gatekeeper.IGateKeeperService pid=4043 uid=2000 scontext=u:r:shell:s0 tcontext=u:object_r:gatekeeper_service:s0 tclass=service_manager permissive=0
10-31 07:38:56.727  3992  3992 D MonkeyStub: translateCommand: touch down 614 1561
10-31 07:38:56.737  3992  3992 D MonkeyStub: translateCommand: touch move 614 1561
10-31 07:38:56.825   600   647 I WifiHAL : Got channel list with 13 channels
10-31 07:38:56.826   600   647 I WifiHAL : Got channel list with 4 channels
10-31 07:38:56.827   600   647 I WifiHAL : Got channel list with 15 channels
10-31 07:38:56.848  3992  3992 D MonkeyStub: translateCommand: touch move 614 1436
10-31 07:38:56.966  3992  3992 D MonkeyStub: translateCommand: touch move 614 1311
10-31 07:38:57.074  3992  3992 D MonkeyStub: translateCommand: touch move 614 1186
10-31 07:38:57.198  3992  3992 D MonkeyStub: translateCommand: touch move 614 1061
10-31 07:38:57.221 17545   351 I Icing   : Indexing com.android.chrome-internal.3p:WebPage from com.android.chrome using seqno 0
10-31 07:38:57.222   787  2220 I NetworkScheduler.Stats: Task com.google.android.gms/com.google.android.gms.icing.service.IcingGcmTaskService started execution. cause:4 exec_start_elapsed_seconds: 150385 [CONTEXT service_id=218 ]
10-31 07:38:57.224   787  2220 I NetworkScheduler.Stats: Task com.google.android.gms/com.google.android.gms.icing.service.IcingGcmTaskService finished executing. cause:4 result: 1 elapsed_millis: 95 uptime_millis: 95 exec_start_elapsed_seconds: 150385 [CONTEXT service_id=218 ]
10-31 07:38:57.306  3992  3992 D MonkeyStub: translateCommand: touch move 614 937
10-31 07:38:57.418  3992  3992 D MonkeyStub: translateCommand: touch move 614 812
10-31 07:38:57.536  3992  3992 D MonkeyStub: translateCommand: touch move 614 687
10-31 07:38:57.558   600  3509 I ActivityManager: Start proc 4046:com.android.chrome:sandboxed_process19/u0i114 for service com.android.chrome/org.chromium.content.app.SandboxedProcessService19
10-31 07:38:57.596  4046  4046 W boxed_process19: type=1400 audit(0.0:12049): avc: denied { getattr } for path="/data/data/com.android.chrome" dev="dm-2" ino=12190 scontext=u:r:isolated_app:s0:c512,c768 tcontext=u:object_r:app_data_file:s0:c512,c768 tclass=dir permissive=0
10-31 07:38:57.622  4046  4046 I cr_ChildProcessService: Creating new ChildProcessService pid=4046
10-31 07:38:57.644  3992  3992 D MonkeyStub: translateCommand: touch move 614 562
10-31 07:38:57.677  4046  4059 I cr_LibraryLoader: Loaded native library version number "85.0.4183.127"
10-31 07:38:57.677  4046  4059 I cr_CachingUmaRecorder: Flushed 1 samples from 1 histograms.
10-31 07:38:57.716  4059  4059 W CrUtilityMain: type=1400 audit(0.0:12050): avc: denied { setattr } for name="tl_en-us_2022-10-24_484508980_100000_index.bin" dev="dm-2" ino=60092 scontext=u:r:isolated_app:s0:c512,c768 tcontext=u:object_r:app_data_file:s0:c512,c768 tclass=file permissive=0
10-31 07:38:57.720  4059  4059 W CrUtilityMain: type=1400 audit(0.0:12051): avc: denied { setattr } for name="manifest.json" dev="dm-2" ino=52970 scontext=u:r:isolated_app:s0:c512,c768 tcontext=u:object_r:app_data_file:s0:c512,c768 tclass=file permissive=0
10-31 07:38:57.720  4059  4059 W CrUtilityMain: type=1400 audit(0.0:12052): avc: denied { setattr } for name="verified_contents.json" dev="dm-2" ino=58748 scontext=u:r:isolated_app:s0:c512,c768 tcontext=u:object_r:app_data_file:s0:c512,c768 tclass=file permissive=0
10-31 07:38:57.729  4046  4046 I cr_ChildProcessService: Destroying ChildProcessService pid=4046
10-31 07:38:57.731  4046  4046 I art     : System.exit called, status: 0
10-31 07:38:57.731  4046  4046 I AndroidRuntime: VM exiting with result code 0, cleanup skipped.
10-31 07:38:57.748  3992  3992 D MonkeyStub: translateCommand: touch move 614 437
10-31 07:38:57.757   600 10249 I ActivityManager: Process com.android.chrome:sandboxed_process19 (pid 4046) has died
10-31 07:38:57.757   600 10249 D ActivityManager: cleanUpApplicationRecord -- 4046
10-31 07:38:57.766  3453  3453 W chromium: [WARNING:compositor_view.cc(315)] Child process died (type=6) pid=4046)
10-31 07:38:57.856  3992  3992 D MonkeyStub: translateCommand: touch move 614 312
10-31 07:38:57.864  3992  3992 D MonkeyStub: translateCommand: touch up 614 312
10-31 07:38:57.886  3992  3992 D MonkeyStub: translateCommand: touch down 614 1561
10-31 07:38:57.892  3992  3992 D MonkeyStub: translateCommand: touch move 614 1561
10-31 07:38:57.998  3992  3992 D MonkeyStub: translateCommand: touch move 614 1436
10-31 07:38:58.104  3992  3992 D MonkeyStub: translateCommand: touch move 614 1311
10-31 07:38:58.212  3992  3992 D MonkeyStub: translateCommand: touch move 614 1186
10-31 07:38:58.319  3992  3992 D MonkeyStub: translateCommand: touch move 614 1061
10-31 07:38:58.458  3992  3992 D MonkeyStub: translateCommand: touch move 614 937
10-31 07:38:58.470   600 17381 I ActivityManager: Start proc 4065:com.android.chrome:sandboxed_process20/u0i115 for service com.android.chrome/org.chromium.content.app.SandboxedProcessService20
10-31 07:38:58.536  4065  4065 W boxed_process20: type=1400 audit(0.0:12053): avc: denied { getattr } for path="/data/data/com.android.chrome" dev="dm-2" ino=12190 scontext=u:r:isolated_app:s0:c512,c768 tcontext=u:object_r:app_data_file:s0:c512,c768 tclass=dir permissive=0
10-31 07:38:58.567  3992  3992 D MonkeyStub: translateCommand: touch move 614 812
10-31 07:38:58.583   600   609 I art     : Background partial concurrent mark sweep GC freed 79265(3MB) AllocSpace objects, 42(1676KB) LOS objects, 33% free, 16MB/25MB, paused 2.362ms total 102.760ms
10-31 07:38:58.594  4065  4065 I cr_ChildProcessService: Creating new ChildProcessService pid=4065
10-31 07:38:58.640  4065  4078 I cr_LibraryLoader: Loaded native library version number "85.0.4183.127"
10-31 07:38:58.641  4065  4078 I cr_CachingUmaRecorder: Flushed 1 samples from 1 histograms.
10-31 07:38:58.656  4078  4078 W CrUtilityMain: type=1400 audit(0.0:12054): avc: denied { setattr } for name="optimization-hints.pb" dev="dm-2" ino=62375 scontext=u:r:isolated_app:s0:c512,c768 tcontext=u:object_r:app_data_file:s0:c512,c768 tclass=file permissive=0
10-31 07:38:58.656  4078  4078 W CrUtilityMain: type=1400 audit(0.0:12055): avc: denied { setattr } for name="manifest.json" dev="dm-2" ino=59210 scontext=u:r:isolated_app:s0:c512,c768 tcontext=u:object_r:app_data_file:s0:c512,c768 tclass=file permissive=0
10-31 07:38:58.656  4078  4078 W CrUtilityMain: type=1400 audit(0.0:12056): avc: denied { setattr } for name="verified_contents.json" dev="dm-2" ino=64702 scontext=u:r:isolated_app:s0:c512,c768 tcontext=u:object_r:app_data_file:s0:c512,c768 tclass=file permissive=0
10-31 07:38:58.667  4065  4065 I cr_ChildProcessService: Destroying ChildProcessService pid=4065
10-31 07:38:58.668  4065  4078 I chromium: [INFO:child_process_service.cc(69)] ChildProcessService: Exiting child process.
10-31 07:38:58.683  3992  3992 D MonkeyStub: translateCommand: touch move 614 687
10-31 07:38:58.684   600  7064 I ActivityManager: Process com.android.chrome:sandboxed_process20 (pid 4065) has died
10-31 07:38:58.684   600  7064 D ActivityManager: cleanUpApplicationRecord -- 4065
10-31 07:38:58.689   600   615 W libprocessgroup: failed to kill pid 4065: No such process
10-31 07:38:58.694  3453  3453 W chromium: [WARNING:compositor_view.cc(315)] Child process died (type=6) pid=4065)
10-31 07:38:58.793  3992  3992 D MonkeyStub: translateCommand: touch move 614 562
10-31 07:38:58.903  3992  3992 D MonkeyStub: translateCommand: touch move 614 437
10-31 07:38:59.018  3992  3992 D MonkeyStub: translateCommand: touch move 614 312
10-31 07:38:59.024  3992  3992 D MonkeyStub: translateCommand: touch up 614 312
10-31 07:38:59.691   600 10249 I ActivityManager: Start proc 4084:com.android.chrome:sandboxed_process21/u0i116 for service com.android.chrome/org.chromium.content.app.SandboxedProcessService21
10-31 07:38:59.730  4084  4084 W boxed_process21: type=1400 audit(0.0:12057): avc: denied { getattr } for path="/data/data/com.android.chrome" dev="dm-2" ino=12190 scontext=u:r:isolated_app:s0:c512,c768 tcontext=u:object_r:app_data_file:s0:c512,c768 tclass=dir permissive=0
10-31 07:38:59.757  4084  4084 I cr_ChildProcessService: Creating new ChildProcessService pid=4084
10-31 07:38:59.792  4084  4097 I cr_LibraryLoader: Loaded native library version number "85.0.4183.127"
10-31 07:38:59.793  4084  4097 I cr_CachingUmaRecorder: Flushed 1 samples from 1 histograms.
10-31 07:38:59.803  4097  4097 W CrUtilityMain: type=1400 audit(0.0:12058): avc: denied { setattr } for name="crl-set" dev="dm-2" ino=22820 scontext=u:r:isolated_app:s0:c512,c768 tcontext=u:object_r:app_data_file:s0:c512,c768 tclass=file permissive=0
10-31 07:38:59.803  4097  4097 W CrUtilityMain: type=1400 audit(0.0:12059): avc: denied { setattr } for name="manifest.json" dev="dm-2" ino=23353 scontext=u:r:isolated_app:s0:c512,c768 tcontext=u:object_r:app_data_file:s0:c512,c768 tclass=file permissive=0
10-31 07:38:59.803  4097  4097 W CrUtilityMain: type=1400 audit(0.0:12060): avc: denied { setattr } for name="LICENSE" dev="dm-2" ino=50276 scontext=u:r:isolated_app:s0:c512,c768 tcontext=u:object_r:app_data_file:s0:c512,c768 tclass=file permissive=0
10-31 07:38:59.806  4097  4097 W CrUtilityMain: type=1400 audit(0.0:12061): avc: denied { setattr } for name="verified_contents.json" dev="dm-2" ino=54215 scontext=u:r:isolated_app:s0:c512,c768 tcontext=u:object_r:app_data_file:s0:c512,c768 tclass=file permissive=0
10-31 07:38:59.817  4084  4084 I cr_ChildProcessService: Destroying ChildProcessService pid=4084
10-31 07:38:59.817  4084  4097 I chromium: [INFO:child_process_service.cc(69)] ChildProcessService: Exiting child process.
10-31 07:38:59.837   600  3967 I ActivityManager: Process com.android.chrome:sandboxed_process21 (pid 4084) has died
10-31 07:38:59.837   600  3967 D ActivityManager: cleanUpApplicationRecord -- 4084
10-31 07:38:59.839  3453  3453 W chromium: [WARNING:compositor_view.cc(315)] Child process died (type=6) pid=4084)
10-31 07:39:01.036   600  3507 I ActivityManager: Start proc 4103:com.android.chrome:sandboxed_process22/u0i117 for service com.android.chrome/org.chromium.content.app.SandboxedProcessService22
10-31 07:39:01.110  4103  4103 W boxed_process22: type=1400 audit(0.0:12062): avc: denied { getattr } for path="/data/data/com.android.chrome" dev="dm-2" ino=12190 scontext=u:r:isolated_app:s0:c512,c768 tcontext=u:object_r:app_data_file:s0:c512,c768 tclass=dir permissive=0
10-31 07:39:01.143  4103  4103 I cr_ChildProcessService: Creating new ChildProcessService pid=4103
10-31 07:39:01.200  4103  4116 I cr_LibraryLoader: Loaded native library version number "85.0.4183.127"
10-31 07:39:01.201  4103  4116 I cr_CachingUmaRecorder: Flushed 1 samples from 1 histograms.
10-31 07:39:01.216  4116  4116 W CrUtilityMain: type=1400 audit(0.0:12063): avc: denied { setattr } for name="manifest.json" dev="dm-2" ino=62946 scontext=u:r:isolated_app:s0:c512,c768 tcontext=u:object_r:app_data_file:s0:c512,c768 tclass=file permissive=0
10-31 07:39:01.216  4116  4116 W CrUtilityMain: type=1400 audit(0.0:12064): avc: denied { setattr } for name="verified_contents.json" dev="dm-2" ino=24003 scontext=u:r:isolated_app:s0:c512,c768 tcontext=u:object_r:app_data_file:s0:c512,c768 tclass=file permissive=0
10-31 07:39:01.232  4103  4116 I chromium: [INFO:child_process_service.cc(69)] ChildProcessService: Exiting child process.
10-31 07:39:01.233   197   197 E lowmemorykiller: Error writing /proc/4103/oom_score_adj; errno=22
10-31 07:39:01.250   600 29683 I ActivityManager: Process com.android.chrome:sandboxed_process22 (pid 4103) has died
10-31 07:39:01.250   600 29683 D ActivityManager: cleanUpApplicationRecord -- 4103
10-31 07:39:01.253  3453  3453 W chromium: [WARNING:compositor_view.cc(315)] Child process died (type=6) pid=4103)
10-31 07:39:02.930   600   611 I ActivityManager: Start proc 4120:com.android.chrome:sandboxed_process23/u0i118 for service com.android.chrome/org.chromium.content.app.SandboxedProcessService23
10-31 07:39:02.993  4120  4120 W boxed_process23: type=1400 audit(0.0:12065): avc: denied { getattr } for path="/data/data/com.android.chrome" dev="dm-2" ino=12190 scontext=u:r:isolated_app:s0:c512,c768 tcontext=u:object_r:app_data_file:s0:c512,c768 tclass=dir permissive=0
10-31 07:39:03.026  4120  4120 I cr_ChildProcessService: Creating new ChildProcessService pid=4120
10-31 07:39:03.075  4120  4133 I cr_LibraryLoader: Loaded native library version number "85.0.4183.127"
10-31 07:39:03.075  4120  4133 I cr_CachingUmaRecorder: Flushed 1 samples from 1 histograms.
10-31 07:39:03.086  4133  4133 W CrUtilityMain: type=1400 audit(0.0:12066): avc: denied { setattr } for name="download_file_types.pb" dev="dm-2" ino=56993 scontext=u:r:isolated_app:s0:c512,c768 tcontext=u:object_r:app_data_file:s0:c512,c768 tclass=file permissive=0
10-31 07:39:03.086  4133  4133 W CrUtilityMain: type=1400 audit(0.0:12067): avc: denied { setattr } for name="manifest.json" dev="dm-2" ino=57420 scontext=u:r:isolated_app:s0:c512,c768 tcontext=u:object_r:app_data_file:s0:c512,c768 tclass=file permissive=0
10-31 07:39:03.086  4133  4133 W CrUtilityMain: type=1400 audit(0.0:12068): avc: denied { setattr } for name="verified_contents.json" dev="dm-2" ino=57735 scontext=u:r:isolated_app:s0:c512,c768 tcontext=u:object_r:app_data_file:s0:c512,c768 tclass=file permissive=0
10-31 07:39:03.099  4120  4120 I cr_ChildProcessService: Destroying ChildProcessService pid=4120
10-31 07:39:03.100  4120  4133 I chromium: [INFO:child_process_service.cc(69)] ChildProcessService: Exiting child process.
10-31 07:39:03.119   600 25704 I ActivityManager: Process com.android.chrome:sandboxed_process23 (pid 4120) has died
10-31 07:39:03.119   600 25704 D ActivityManager: cleanUpApplicationRecord -- 4120
10-31 07:39:03.121  3453  3453 W chromium: [WARNING:compositor_view.cc(315)] Child process died (type=6) pid=4120)
10-31 07:39:05.044   600  1082 I ActivityManager: Start proc 4139:com.android.chrome:sandboxed_process24/u0i119 for service com.android.chrome/org.chromium.content.app.SandboxedProcessService24
10-31 07:39:05.083  4139  4139 W boxed_process24: type=1400 audit(0.0:12069): avc: denied { getattr } for path="/data/data/com.android.chrome" dev="dm-2" ino=12190 scontext=u:r:isolated_app:s0:c512,c768 tcontext=u:object_r:app_data_file:s0:c512,c768 tclass=dir permissive=0
10-31 07:39:05.108  4139  4139 I cr_ChildProcessService: Creating new ChildProcessService pid=4139
10-31 07:39:05.119  3992  3992 D MonkeyStub: translateCommand: touch down 614 1561
10-31 07:39:05.123  3992  3992 D MonkeyStub: translateCommand: touch move 614 1561
10-31 07:39:05.153  4139  4152 I cr_LibraryLoader: Loaded native library version number "85.0.4183.127"
10-31 07:39:05.153  4139  4152 I cr_CachingUmaRecorder: Flushed 1 samples from 1 histograms.
10-31 07:39:05.163  4152  4152 W CrUtilityMain: type=1400 audit(0.0:12070): avc: denied { setattr } for name="ssl_error_assistant.pb" dev="dm-2" ino=14479 scontext=u:r:isolated_app:s0:c512,c768 tcontext=u:object_r:app_data_file:s0:c512,c768 tclass=file permissive=0
10-31 07:39:05.166  4152  4152 W CrUtilityMain: type=1400 audit(0.0:12071): avc: denied { setattr } for name="manifest.json" dev="dm-2" ino=58107 scontext=u:r:isolated_app:s0:c512,c768 tcontext=u:object_r:app_data_file:s0:c512,c768 tclass=file permissive=0
10-31 07:39:05.166  4152  4152 W CrUtilityMain: type=1400 audit(0.0:12072): avc: denied { setattr } for name="verified_contents.json" dev="dm-2" ino=59312 scontext=u:r:isolated_app:s0:c512,c768 tcontext=u:object_r:app_data_file:s0:c512,c768 tclass=file permissive=0
10-31 07:39:05.179  4139  4139 I cr_ChildProcessService: Destroying ChildProcessService pid=4139
10-31 07:39:05.180  4139  4152 I chromium: [INFO:child_process_service.cc(69)] ChildProcessService: Exiting child process.
10-31 07:39:05.198   600   713 I ActivityManager: Process com.android.chrome:sandboxed_process24 (pid 4139) has died
10-31 07:39:05.198   600   713 D ActivityManager: cleanUpApplicationRecord -- 4139
10-31 07:39:05.200  3453  3453 W chromium: [WARNING:compositor_view.cc(315)] Child process died (type=6) pid=4139)
10-31 07:39:05.229  3992  3992 D MonkeyStub: translateCommand: touch move 614 1436
10-31 07:39:05.341  3992  3992 D MonkeyStub: translateCommand: touch move 614 1311
10-31 07:39:05.454  3992  3992 D MonkeyStub: translateCommand: touch move 614 1186
10-31 07:39:05.569  3992  3992 D MonkeyStub: translateCommand: touch move 614 1061
10-31 07:39:05.675  3992  3992 D MonkeyStub: translateCommand: touch move 614 937
10-31 07:39:05.786  3992  3992 D MonkeyStub: translateCommand: touch move 614 812
10-31 07:39:05.902  3992  3992 D MonkeyStub: translateCommand: touch move 614 687
10-31 07:39:06.012  3992  3992 D MonkeyStub: translateCommand: touch move 614 562
10-31 07:39:06.123  3992  3992 D MonkeyStub: translateCommand: touch move 614 437
10-31 07:39:06.241  3992  3992 D MonkeyStub: translateCommand: touch move 614 312
10-31 07:39:06.246  3992  3992 D MonkeyStub: translateCommand: touch up 614 312
10-31 07:39:06.286  3992  3992 D MonkeyStub: translateCommand: touch down 614 1561
10-31 07:39:06.295  3992  3992 D MonkeyStub: translateCommand: touch move 614 1561
10-31 07:39:06.402  3992  3992 D MonkeyStub: translateCommand: touch move 614 1436
10-31 07:39:06.515  3992  3992 D MonkeyStub: translateCommand: touch move 614 1311
10-31 07:39:06.626  3992  3992 D MonkeyStub: translateCommand: touch move 614 1186
10-31 07:39:06.734  3992  3992 D MonkeyStub: translateCommand: touch move 614 1061
10-31 07:39:06.843  3992  3992 D MonkeyStub: translateCommand: touch move 614 937
10-31 07:39:06.963  3992  3992 D MonkeyStub: translateCommand: touch move 614 812
10-31 07:39:07.072  3992  3992 D MonkeyStub: translateCommand: touch move 614 687
10-31 07:39:07.179  3992  3992 D MonkeyStub: translateCommand: touch move 614 562
10-31 07:39:07.296  3992  3992 D MonkeyStub: translateCommand: touch move 614 437
10-31 07:39:07.346   600   610 I ActivityManager: Start proc 4158:com.android.chrome:sandboxed_process25/u0i120 for service com.android.chrome/org.chromium.content.app.SandboxedProcessService25
10-31 07:39:07.376  4158  4158 W boxed_process25: type=1400 audit(0.0:12073): avc: denied { getattr } for path="/data/data/com.android.chrome" dev="dm-2" ino=12190 scontext=u:r:isolated_app:s0:c512,c768 tcontext=u:object_r:app_data_file:s0:c512,c768 tclass=dir permissive=0
10-31 07:39:07.399  4158  4158 I cr_ChildProcessService: Creating new ChildProcessService pid=4158
10-31 07:39:07.409  3992  3992 D MonkeyStub: translateCommand: touch move 614 312
10-31 07:39:07.413  3992  3992 D MonkeyStub: translateCommand: touch up 614 312
10-31 07:39:07.426  3992  3992 D MonkeyStub: Quit requested
10-31 07:39:07.440   600   614 I CwMcuSensor: CwMcuSensor::flush: fd = 240, sensors_id = 0, path = /sys/class/htc_sensorhub/sensor_hub/flush, err = 0
10-31 07:39:07.459  3992  3992 I art     : System.exit called, status: 69
10-31 07:39:07.459  3992  3992 I AndroidRuntime: VM exiting with result code 69.
10-31 07:39:07.487   600  1082 W WindowManager: Attempted to remove non-existing token: android.os.Binder@e5ed27a
10-31 07:39:07.496  4158  4171 I cr_LibraryLoader: Loaded native library version number "85.0.4183.127"
10-31 07:39:07.497  4158  4171 I cr_CachingUmaRecorder: Flushed 1 samples from 1 histograms.
10-31 07:39:07.510  4171  4171 W CrUtilityMain: type=1400 audit(0.0:12074): avc: denied { setattr } for name="LICENSE.txt" dev="dm-2" ino=59857 scontext=u:r:isolated_app:s0:c512,c768 tcontext=u:object_r:app_data_file:s0:c512,c768 tclass=file permissive=0
10-31 07:39:07.513  4171  4171 W CrUtilityMain: type=1400 audit(0.0:12075): avc: denied { setattr } for name=46696C746572696E672052756C6573 dev="dm-2" ino=59768 scontext=u:r:isolated_app:s0:c512,c768 tcontext=u:object_r:app_data_file:s0:c512,c768 tclass=file permissive=0
10-31 07:39:07.513  4171  4171 W CrUtilityMain: type=1400 audit(0.0:12076): avc: denied { setattr } for name="manifest.json" dev="dm-2" ino=60011 scontext=u:r:isolated_app:s0:c512,c768 tcontext=u:object_r:app_data_file:s0:c512,c768 tclass=file permissive=0
10-31 07:39:07.513  4171  4171 W CrUtilityMain: type=1400 audit(0.0:12077): avc: denied { setattr } for name="verified_contents.json" dev="dm-2" ino=23854 scontext=u:r:isolated_app:s0:c512,c768 tcontext=u:object_r:app_data_file:s0:c512,c768 tclass=file permissive=0
10-31 07:39:07.521  4158  4171 I chromium: [INFO:child_process_service.cc(69)] ChildProcessService: Exiting child process.
10-31 07:39:07.528   197   197 E lowmemorykiller: Error writing /proc/4158/oom_score_adj; errno=22
10-31 07:39:07.544   600  2707 I ActivityManager: Process com.android.chrome:sandboxed_process25 (pid 4158) has died
10-31 07:39:07.544   600  2707 D ActivityManager: cleanUpApplicationRecord -- 4158
10-31 07:39:07.547  3453  3453 W chromium: [WARNING:compositor_view.cc(315)] Child process died (type=6) pid=4158)
10-31 07:39:09.996   600   713 I ActivityManager: Start proc 4177:com.android.chrome:sandboxed_process26/u0i121 for service com.android.chrome/org.chromium.content.app.SandboxedProcessService26
10-31 07:39:10.063  4177  4177 W boxed_process26: type=1400 audit(0.0:12078): avc: denied { getattr } for path="/data/data/com.android.chrome" dev="dm-2" ino=12190 scontext=u:r:isolated_app:s0:c512,c768 tcontext=u:object_r:app_data_file:s0:c512,c768 tclass=dir permissive=0
10-31 07:39:10.099  4177  4177 I cr_ChildProcessService: Creating new ChildProcessService pid=4177
10-31 07:39:10.150  4177  4190 I cr_LibraryLoader: Loaded native library version number "85.0.4183.127"
10-31 07:39:10.150  4177  4190 I cr_CachingUmaRecorder: Flushed 1 samples from 1 histograms.
10-31 07:39:10.160  4190  4190 W CrUtilityMain: type=1400 audit(0.0:12079): avc: denied { setattr } for name=5072656C6F61642044617461 dev="dm-2" ino=58654 scontext=u:r:isolated_app:s0:c512,c768 tcontext=u:object_r:app_data_file:s0:c512,c768 tclass=file permissive=0
10-31 07:39:10.160  4190  4190 W CrUtilityMain: type=1400 audit(0.0:12080): avc: denied { setattr } for name="manifest.json" dev="dm-2" ino=58580 scontext=u:r:isolated_app:s0:c512,c768 tcontext=u:object_r:app_data_file:s0:c512,c768 tclass=file permissive=0
10-31 07:39:10.163  4190  4190 W CrUtilityMain: type=1400 audit(0.0:12081): avc: denied { setattr } for name="verified_contents.json" dev="dm-2" ino=44117 scontext=u:r:isolated_app:s0:c512,c768 tcontext=u:object_r:app_data_file:s0:c512,c768 tclass=file permissive=0
10-31 07:39:10.173  4177  4177 I cr_ChildProcessService: Destroying ChildProcessService pid=4177
10-31 07:39:10.173  4177  4190 I chromium: [INFO:child_process_service.cc(69)] ChildProcessService: Exiting child process.
10-31 07:39:10.193   600  6312 I ActivityManager: Process com.android.chrome:sandboxed_process26 (pid 4177) has died
10-31 07:39:10.193   600  6312 D ActivityManager: cleanUpApplicationRecord -- 4177
10-31 07:39:10.195  3453  3453 W chromium: [WARNING:compositor_view.cc(315)] Child process died (type=6) pid=4177)
10-31 07:39:12.917   600 24515 I ActivityManager: Start proc 4196:com.android.chrome:sandboxed_process27/u0i122 for service com.android.chrome/org.chromium.content.app.SandboxedProcessService27
10-31 07:39:12.976  4196  4196 W boxed_process27: type=1400 audit(0.0:12082): avc: denied { getattr } for path="/data/data/com.android.chrome" dev="dm-2" ino=12190 scontext=u:r:isolated_app:s0:c512,c768 tcontext=u:object_r:app_data_file:s0:c512,c768 tclass=dir permissive=0
10-31 07:39:13.011  4196  4196 I cr_ChildProcessService: Creating new ChildProcessService pid=4196
10-31 07:39:13.064  4196  4209 I cr_LibraryLoader: Loaded native library version number "85.0.4183.127"
10-31 07:39:13.064  4196  4209 I cr_CachingUmaRecorder: Flushed 1 samples from 1 histograms.
10-31 07:39:13.073  4209  4209 W CrUtilityMain: type=1400 audit(0.0:12083): avc: denied { setattr } for name="tls_deprecation_config.pb" dev="dm-2" ino=27641 scontext=u:r:isolated_app:s0:c512,c768 tcontext=u:object_r:app_data_file:s0:c512,c768 tclass=file permissive=0
10-31 07:39:13.073  4209  4209 W CrUtilityMain: type=1400 audit(0.0:12084): avc: denied { setattr } for name="manifest.json" dev="dm-2" ino=27472 scontext=u:r:isolated_app:s0:c512,c768 tcontext=u:object_r:app_data_file:s0:c512,c768 tclass=file permissive=0
10-31 07:39:13.076  4209  4209 W CrUtilityMain: type=1400 audit(0.0:12085): avc: denied { setattr } for name="verified_contents.json" dev="dm-2" ino=23760 scontext=u:r:isolated_app:s0:c512,c768 tcontext=u:object_r:app_data_file:s0:c512,c768 tclass=file permissive=0
10-31 07:39:13.084  4196  4196 I cr_ChildProcessService: Destroying ChildProcessService pid=4196
10-31 07:39:13.084  4196  4209 I chromium: [INFO:child_process_service.cc(69)] ChildProcessService: Exiting child process.
10-31 07:39:13.100   600  3967 I ActivityManager: Process com.android.chrome:sandboxed_process27 (pid 4196) has died
10-31 07:39:13.100   600  3967 D ActivityManager: cleanUpApplicationRecord -- 4196
10-31 07:39:13.102  3453  3453 W chromium: [WARNING:compositor_view.cc(315)] Child process died (type=6) pid=4196)
10-31 07:39:16.108   600  6312 I ActivityManager: Start proc 4215:com.android.chrome:sandboxed_process28/u0i123 for service com.android.chrome/org.chromium.content.app.SandboxedProcessService28
10-31 07:39:16.173  4215  4215 W boxed_process28: type=1400 audit(0.0:12086): avc: denied { getattr } for path="/data/data/com.android.chrome" dev="dm-2" ino=12190 scontext=u:r:isolated_app:s0:c512,c768 tcontext=u:object_r:app_data_file:s0:c512,c768 tclass=dir permissive=0
10-31 07:39:16.206  4215  4215 I cr_ChildProcessService: Creating new ChildProcessService pid=4215
10-31 07:39:16.255  4215  4228 I cr_LibraryLoader: Loaded native library version number "85.0.4183.127"
10-31 07:39:16.256  4215  4228 I cr_CachingUmaRecorder: Flushed 1 samples from 1 histograms.
10-31 07:39:16.266  4228  4228 W CrUtilityMain: type=1400 audit(0.0:12087): avc: denied { setattr } for name="safety_tips.pb" dev="dm-2" ino=24269 scontext=u:r:isolated_app:s0:c512,c768 tcontext=u:object_r:app_data_file:s0:c512,c768 tclass=file permissive=0
10-31 07:39:16.266  4228  4228 W CrUtilityMain: type=1400 audit(0.0:12088): avc: denied { setattr } for name="manifest.json" dev="dm-2" ino=24205 scontext=u:r:isolated_app:s0:c512,c768 tcontext=u:object_r:app_data_file:s0:c512,c768 tclass=file permissive=0
10-31 07:39:16.270  4228  4228 W CrUtilityMain: type=1400 audit(0.0:12089): avc: denied { setattr } for name="verified_contents.json" dev="dm-2" ino=50261 scontext=u:r:isolated_app:s0:c512,c768 tcontext=u:object_r:app_data_file:s0:c512,c768 tclass=file permissive=0
10-31 07:39:16.282  4215  4215 I cr_ChildProcessService: Destroying ChildProcessService pid=4215
10-31 07:39:16.283  4215  4228 I chromium: [INFO:child_process_service.cc(69)] ChildProcessService: Exiting child process.
10-31 07:39:16.306   600  1081 I ActivityManager: Process com.android.chrome:sandboxed_process28 (pid 4215) has died
10-31 07:39:16.306   600  1081 D ActivityManager: cleanUpApplicationRecord -- 4215
10-31 07:39:16.309  3453  3453 W chromium: [WARNING:compositor_view.cc(315)] Child process died (type=6) pid=4215)
10-31 07:39:18.999 17545 17879 I Icing   : IndexChimeraService.getServiceInterface callingPackage=com.android.chrome componentName=null serviceId=36
10-31 07:39:19.038 17545 24698 W Icing   : No valid account for uploading user actions
10-31 07:39:19.071 17545 17879 I Icing   : IndexChimeraService.getServiceInterface callingPackage=com.google.android.gms componentName=null serviceId=30
10-31 07:39:19.108 17545 24698 I Icing   : Usage reports ok 2, Failed Usage reports 0, indexed 2, rejected 0
10-31 07:39:19.110 17545 24698 W Icing   : No valid account for uploading user actions
10-31 07:39:19.119 17545 24698 I Icing   : Usage reports ok 0, Failed Usage reports 0, indexed 0, rejected 0
10-31 07:39:19.120 17545 24698 I Icing   : Indexing com.android.chrome-omnibox from com.android.chrome
10-31 07:39:19.145 17545 24698 I Icing   : Indexing done com.android.chrome-omnibox
10-31 07:39:20.153   787  1620 W Icing   : isOptedInForAppHistory: empty Account Name encountered
10-31 07:39:20.195   787  2220 W Icing   : isOptedInForAppHistory: empty Account Name encountered
10-31 07:39:23.531  4250  4250 D AndroidRuntime: >>>>>> START com.android.internal.os.RuntimeInit uid 2000 <<<<<<
10-31 07:39:23.535  4250  4250 D AndroidRuntime: CheckJNI is OFF
10-31 07:39:23.602  4250  4250 D ICU     : No timezone override file found: /data/misc/zoneinfo/current/icu/icu_tzdata.dat
10-31 07:39:23.631  4250  4250 I Radio-JNI: register_android_hardware_Radio DONE
10-31 07:39:23.646  4250  4250 D AndroidRuntime: Calling main entry com.android.commands.am.Am
10-31 07:39:23.662   600   611 I ActivityManager: Force stopping com.android.chrome appid=10035 user=0: from pid 4250
10-31 07:39:23.663   600   611 I ActivityManager: Killing 3518:com.android.chrome:privileged_process0/u0a35 (adj 0): stop com.android.chrome
10-31 07:39:23.663   600   611 D ActivityManager: cleanUpApplicationRecord -- 3518
10-31 07:39:23.663   600   611 W ActivityManager: Scheduling restart of crashed service com.android.chrome/org.chromium.content.app.PrivilegedProcessService0 in 1000ms
