10-30 01:44:07.021 32576 32576 D MonkeyStub: translateCommand: touch move 614 1561
10-30 01:44:07.161 32576 32576 D MonkeyStub: translateCommand: touch move 614 1436
10-30 01:44:07.279 32576 32576 D MonkeyStub: translateCommand: touch move 614 1311
10-30 01:44:07.388 32576 32576 D MonkeyStub: translateCommand: touch move 614 1186
10-30 01:44:07.497 32576 32576 D MonkeyStub: translateCommand: touch move 614 1061
10-30 01:44:07.612 32576 32576 D MonkeyStub: translateCommand: touch move 614 937
10-30 01:44:07.726 32576 32576 D MonkeyStub: translateCommand: touch move 614 812
10-30 01:44:07.837 32576 32576 D MonkeyStub: translateCommand: touch move 614 687
10-30 01:44:07.946 32576 32576 D MonkeyStub: translateCommand: touch move 614 562
10-30 01:44:08.057 32576 32576 D MonkeyStub: translateCommand: touch move 614 437
10-30 01:44:08.162 32576 32576 D MonkeyStub: translateCommand: touch move 614 312
10-30 01:44:08.169 32576 32576 D MonkeyStub: translateCommand: touch up 614 312
10-30 01:44:08.174 32576 32576 D MonkeyStub: Quit requested
10-30 01:44:08.194   600   614 I CwMcuSensor: CwMcuSensor::flush: fd = 235, sensors_id = 0, path = /sys/class/htc_sensorhub/sensor_hub/flush, err = 0
10-30 01:44:08.210 32576 32576 I art     : System.exit called, status: 69
10-30 01:44:08.210 32576 32576 I AndroidRuntime: VM exiting with result code 69.
10-30 01:44:08.236   600  1076 W WindowManager: Attempted to remove non-existing token: android.os.Binder@66ecf7a
10-30 01:44:19.533 26403 26861 I Icing   : IndexChimeraService.getServiceInterface callingPackage=com.android.chrome componentName=null serviceId=36
10-30 01:44:19.570 26403 32519 W Icing   : No valid account for uploading user actions
10-30 01:44:19.612 26403 26861 I Icing   : IndexChimeraService.getServiceInterface callingPackage=com.google.android.gms componentName=null serviceId=30
10-30 01:44:19.679 26403 32519 I Icing   : Usage reports ok 2, Failed Usage reports 0, indexed 2, rejected 0
10-30 01:44:19.686 26403 32519 W Icing   : No valid account for uploading user actions
10-30 01:44:19.696 26403 32519 I Icing   : Usage reports ok 0, Failed Usage reports 0, indexed 0, rejected 0
10-30 01:44:19.699 26403 32519 I Icing   : Indexing com.android.chrome-omnibox from com.android.chrome
10-30 01:44:19.735 26403 32519 I Icing   : Indexing done com.android.chrome-omnibox
10-30 01:44:20.741   787  1620 W Icing   : isOptedInForAppHistory: empty Account Name encountered
10-30 01:44:20.770   787 28859 W Icing   : isOptedInForAppHistory: empty Account Name encountered
10-30 01:44:24.483   358   358 D AndroidRuntime: >>>>>> START com.android.internal.os.RuntimeInit uid 2000 <<<<<<
10-30 01:44:24.490   358   358 D AndroidRuntime: CheckJNI is OFF
10-30 01:44:24.582   358   358 D ICU     : No timezone override file found: /data/misc/zoneinfo/current/icu/icu_tzdata.dat
10-30 01:44:24.623   358   358 I Radio-JNI: register_android_hardware_Radio DONE
10-30 01:44:24.640   358   358 D AndroidRuntime: Calling main entry com.android.commands.am.Am
10-30 01:44:24.659   600  2707 I ActivityManager: Force stopping com.android.chrome appid=10035 user=0: from pid 358
10-30 01:44:24.659   600  2707 I ActivityManager: Killing 32053:com.android.chrome:privileged_process0/u0a35 (adj 0): stop com.android.chrome
10-30 01:44:24.659   600  2707 D ActivityManager: cleanUpApplicationRecord -- 32053
10-30 01:44:24.659   600  2707 W ActivityManager: Scheduling restart of crashed service com.android.chrome/org.chromium.content.app.PrivilegedProcessService0 in 1000ms
10-30 01:44:24.660   600  2707 I ActivityManager: Killing 31991:com.android.chrome/u0a35 (adj 0): stop com.android.chrome
10-30 01:44:24.660   600  2707 D ActivityManager: cleanUpApplicationRecord -- 31991
10-30 01:44:24.663   600  2707 W ActivityManager: Force removing ActivityRecord{7c3747a u0 com.android.chrome/com.google.android.apps.chrome.Main t1434}: app died, no saved state
10-30 01:44:24.672   600  2707 I ActivityManager: Killing 32491:com.android.chrome:sandboxed_process20/u0a35i85 (adj 0): isolated not needed
10-30 01:44:24.673   600  2707 I ActivityManager: Killing 32026:com.android.chrome:sandboxed_process0/u0a35i65 (adj 0): isolated not needed
10-30 01:44:24.688   358   358 D AndroidRuntime: Shutting down VM
10-30 01:44:24.716  1084  1171 I OpenGLRenderer: Initialized EGL, version 1.4
10-30 01:44:24.716  1084  1171 D OpenGLRenderer: Swap behavior 2
10-30 01:44:24.734 14788 14788 I MemoryTrimmer: Trimming objects from memory, since app is in the background.
10-30 01:44:24.746  1061  1061 D RegisteredNfcFServicesCache: Service unchanged, not updating
10-30 01:44:24.807 14788  6935 I AttachedClient: Adding client event 2 to pending list.
10-30 01:44:24.814 14788 14788 I OptInState: There is a new client and it does not support opt-in. Dropping request.
10-30 01:44:24.818 14788 14788 I MicroDetectionWorker: Micro detection mode: [mDetectionMode: [1]].
10-30 01:44:24.828 14788   370 I MicroRecognitionRunner: Starting detection.
10-30 01:44:24.829 14788 29000 I MicrophoneInputStream: mic_starting com.google.android.apps.gsa.speech.audio.ae@29b51cc
10-30 01:44:24.831   600   707 D ActivityManager: cleanUpApplicationRecord -- 32026
10-30 01:44:24.839   238   285 I SoundTriggerHwService::Module: void android::SoundTriggerHwService::Module::onCallbackEvent(const sp<android::SoundTriggerHwService::CallbackEvent> &) mClient == 0
10-30 01:44:24.860   238   373 I AudioFlinger: AudioFlinger's thread 0xef692700 ready to run
10-30 01:44:24.862 14788 29000 I MicrophoneInputStream: mic_started com.google.android.apps.gsa.speech.audio.ae@29b51cc
10-30 01:44:24.938   600   611 D ActivityManager: cleanUpApplicationRecord -- 32491
10-30 01:44:24.990   600   707 D ConnectivityService: ConnectivityService NetworkRequestInfo binderDied(NetworkRequest [ LISTEN id=527, [ Capabilities: INTERNET&NOT_RESTRICTED&TRUSTED&FOREGROUND] ], android.os.BinderProxy@b2f5fe4)
10-30 01:44:24.990   600   707 D ConnectivityService: ConnectivityService NetworkRequestInfo binderDied(NetworkRequest [ LISTEN id=525, [ Capabilities: INTERNET&NOT_RESTRICTED&TRUSTED&FOREGROUND] ], android.os.BinderProxy@bb7c4d)
10-30 01:44:24.990   600   707 D ConnectivityService: ConnectivityService NetworkRequestInfo binderDied(NetworkRequest [ LISTEN id=526, [ Capabilities: INTERNET&NOT_RESTRICTED&TRUSTED&FOREGROUND] ], android.os.BinderProxy@419302)
10-30 01:44:24.990   600   707 D GraphicsStats: Buffer count: 2
10-30 01:44:24.992   600 13631 D ConnectivityService: ConnectivityService NetworkRequestInfo binderDied(NetworkRequest [ LISTEN id=528, [ Capabilities: INTERNET&NOT_RESTRICTED&TRUSTED&FOREGROUND] ], android.os.BinderProxy@c426413)
10-30 01:44:24.993   600   649 E ConnectivityService: RemoteException caught trying to send a callback msg for NetworkRequest [ LISTEN id=527, [ Capabilities: INTERNET&NOT_RESTRICTED&TRUSTED&FOREGROUND] ]
10-30 01:44:24.993   600   649 E ConnectivityService: RemoteException caught trying to send a callback msg for NetworkRequest [ LISTEN id=525, [ Capabilities: INTERNET&NOT_RESTRICTED&TRUSTED&FOREGROUND] ]
10-30 01:44:24.993   600   649 E ConnectivityService: RemoteException caught trying to send a callback msg for NetworkRequest [ LISTEN id=526, [ Capabilities: INTERNET&NOT_RESTRICTED&TRUSTED&FOREGROUND] ]
10-30 01:44:24.993   600   649 E ConnectivityService: RemoteException caught trying to send a callback msg for NetworkRequest [ LISTEN id=528, [ Capabilities: INTERNET&NOT_RESTRICTED&TRUSTED&FOREGROUND] ]
10-30 01:44:25.037 14788 14788 I MicroDetectionWorker: onReady
10-30 01:44:25.236   374   374 D AndroidRuntime: >>>>>> START com.android.internal.os.RuntimeInit uid 2000 <<<<<<
10-30 01:44:25.239   374   374 D AndroidRuntime: CheckJNI is OFF
10-30 01:44:25.257  1084  1171 W OpenGLRenderer: Incorrectly called buildLayer on View: ShortcutAndWidgetContainer, destroying layer...
10-30 01:44:25.308   374   374 D ICU     : No timezone override file found: /data/misc/zoneinfo/current/icu/icu_tzdata.dat
10-30 01:44:25.337   374   374 I Radio-JNI: register_android_hardware_Radio DONE
10-30 01:44:25.351   374   374 D AndroidRuntime: Calling main entry com.android.commands.pm.Pm
10-30 01:44:25.367   600  1081 I ActivityManager: Force stopping com.android.chrome appid=10035 user=0: clear data
10-30 01:44:25.374   600   613 I ActivityManager: Force stopping com.android.chrome appid=10035 user=-1: clearApplicationUserData
10-30 01:44:25.417   787   787 I GeofencerStateMachine: removeGeofences: removeRequest=RemoveGeofencingRequest[REMOVE_ALL packageName=com.android.chrome]
10-30 01:44:25.421   374   374 I art     : System.exit called, status: 0
10-30 01:44:25.421   374   374 I AndroidRuntime: VM exiting with result code 0.
10-30 01:44:25.423  1061  1061 D RegisteredNfcFServicesCache: Service unchanged, not updating
10-30 01:44:25.436   600   612 W ResourceType: No known package when getting value for resource number 0x7f080316
10-30 01:44:25.448   787   393 I Fitness : FitCleanupIntentOperation received Intent android.intent.action.PACKAGE_DATA_CLEARED [CONTEXT service_id=17 ]
10-30 01:44:25.455   600   612 W ResourceType: No known package when getting value for resource number 0x7f130448
10-30 01:44:25.456   600   612 W ResourceType: No known package when getting value for resource number 0x7f080315
10-30 01:44:25.456   600   612 W ResourceType: No known package when getting value for resource number 0x7f130123
10-30 01:44:25.456   600   612 W ResourceType: No known package when getting value for resource number 0x7f130447
10-30 01:44:25.456   600   612 W ResourceType: No known package when getting value for resource number 0x7f1302e4
10-30 01:44:25.456   600   612 E ShortcutService: Ignoring excessive intent tag.
10-30 01:44:25.474 26403 29550 I Icing   : doRemovePackageData com.android.chrome
10-30 01:44:25.474 26403 29550 I Icing   : Removing corpus key com.android.chrome-.implicit: for package com.android.chrome
10-30 01:44:25.527 26403 29550 I native  : flash-index.cc:1519 Flash index sort hb 125 prefix-hits 251 -> 227 at 21.049ms
10-30 01:44:25.563 26403 29550 I Icing   : Removing corpus key com.android.chrome-omnibox for package com.android.chrome
10-30 01:44:25.591 26403 29550 I Icing   : Removing corpus key com.android.chrome-internal.3p:WebPage for package com.android.chrome
10-30 01:44:25.649 26403 29550 I Icing   : Starting compaction min disk 99.927% min index 99.987%
10-30 01:44:25.768 26403 29550 I native  : document-store.cc:1654 Scored 1528 usage reports, missing_corpora 800 update_failed 1
10-30 01:44:25.797 26403 29550 W native  : words-map.cc:30 INVALID_ARGUMENT: Empty URI
10-30 01:44:25.798 26403 29550 W native  : words-map.cc:34 WordsMap was not properly initialized
10-30 01:44:25.874 26403 29550 E native  : compactor.cc:67 Could not index embedding for docid 1: INTERNAL: Unable to find Thing Proto section 
10-30 01:44:25.875 26403 29550 E native  : compactor.cc:67 Could not index embedding for docid 3: INTERNAL: Unable to find Thing Proto section 
10-30 01:44:25.875 26403 29550 E native  : compactor.cc:67 Could not index embedding for docid 5: INTERNAL: Unable to find Thing Proto section 
10-30 01:44:25.875 26403 29550 E native  : compactor.cc:67 Could not index embedding for docid 7: INTERNAL: Unable to find Thing Proto section 
10-30 01:44:25.879 26403 29550 E native  : compactor.cc:67 Could not index embedding for docid 8: INTERNAL: Unable to find Thing Proto section 
10-30 01:44:25.880 26403 29550 E native  : compactor.cc:67 Could not index embedding for docid 10: INTERNAL: Unable to find Thing Proto section 
10-30 01:44:25.880 26403 29550 E native  : compactor.cc:67 Could not index embedding for docid 11: INTERNAL: Unable to find Thing Proto section 
10-30 01:44:25.880 26403 29550 E native  : compactor.cc:67 Could not index embedding for docid 13: INTERNAL: Unable to find Thing Proto section 
10-30 01:44:25.880 26403 29550 E native  : compactor.cc:67 Could not index embedding for docid 14: INTERNAL: Unable to find Thing Proto section 
10-30 01:44:25.885 26403 29550 E native  : compactor.cc:67 Could not index embedding for docid 17: INTERNAL: Unable to find Thing Proto section 
10-30 01:44:25.885 26403 29550 E native  : compactor.cc:67 Could not index embedding for docid 18: INTERNAL: Unable to find Thing Proto section 
10-30 01:44:25.886 26403 29550 E native  : compactor.cc:67 Could not index embedding for docid 21: INTERNAL: Unable to find Thing Proto section 
10-30 01:44:25.886 26403 29550 E native  : compactor.cc:67 Could not index embedding for docid 22: INTERNAL: Unable to find Thing Proto section 
10-30 01:44:25.892 26403 29550 E native  : compactor.cc:67 Could not index embedding for docid 26: INTERNAL: Unable to find Thing Proto section 
10-30 01:44:25.892 26403 29550 E native  : compactor.cc:67 Could not index embedding for docid 27: INTERNAL: Unable to find Thing Proto section 
10-30 01:44:25.937 26403 29550 I native  : flash-index.cc:1519 Flash index sort hb 34 prefix-hits 54 -> 54 at 32.285ms
10-30 01:44:25.961 26403 29550 W native  : words-map.cc:30 INVALID_ARGUMENT: Empty URI
10-30 01:44:25.961 26403 29550 W native  : words-map.cc:34 WordsMap was not properly initialized
10-30 01:44:26.059 26403 29550 I Icing   : updateResources: need to parse acol{com.android.chrome}
10-30 01:44:26.128 26403 29550 I Icing   : Indexing com.android.chrome-omnibox from com.android.chrome
10-30 01:44:26.140   600  3994 I ActivityManager: Start proc 401:com.android.chrome/u0a35 for content provider com.android.chrome/com.google.android.apps.chrome.icing.IcingProvider
10-30 01:44:26.253 26403 29550 I Icing   : Indexing done com.android.chrome-omnibox
