--------- beginning of main
11-02 12:18:08.626 28067 28067 D AndroidRuntime: >>>>>> START com.android.internal.os.RuntimeInit uid 2000 <<<<<<
11-02 12:18:08.629 28067 28067 D AndroidRuntime: CheckJNI is OFF
11-02 12:18:08.693 28067 28067 D ICU     : No timezone override file found: /data/misc/zoneinfo/current/icu/icu_tzdata.dat
11-02 12:18:08.722 28067 28067 I Radio-JNI: register_android_hardware_Radio DONE
11-02 12:18:08.737 28067 28067 D AndroidRuntime: Calling main entry com.android.commands.am.Am
--------- beginning of system
11-02 12:18:08.754   601   832 I ActivityManager: Force stopping com.android.chrome appid=10035 user=0: from pid 28067
11-02 12:18:08.754   601   832 I ActivityManager: Killing 27322:com.android.chrome/u0a35 (adj 902): stop com.android.chrome
11-02 12:18:08.754   601   832 D ActivityManager: cleanUpApplicationRecord -- 27322
11-02 12:18:08.764  1052  1052 D RegisteredNfcFServicesCache: Service unchanged, not updating
11-02 12:18:09.013   601   660 I ActivityManager: START u0 {act=android.intent.action.VIEW flg=0x10008000 cmp=com.android.chrome/com.google.android.apps.chrome.Main} from uid 2000 on display 0
11-02 12:18:09.047 28067 28067 D AndroidRuntime: Shutting down VM
11-02 12:18:09.085   601  3564 I ActivityManager: Start proc 28077:com.android.chrome/u0a35 for activity com.android.chrome/com.google.android.apps.chrome.Main
11-02 12:18:09.252   601 12301 I ActivityManager: START u0 {cmp=com.android.chrome/org.chromium.chrome.browser.firstrun.TabbedModeFirstRunActivity (has extras)} from uid 10035 on display 0
11-02 12:18:09.268 28077 28094 W DynamiteModule: Local module descriptor class for com.google.android.gms.googlecertificates not found.
11-02 12:18:09.307 28077 28094 I DynamiteModule: Considering local module com.google.android.gms.googlecertificates:0 and remote module com.google.android.gms.googlecertificates:6
11-02 12:18:09.307 28077 28094 I DynamiteModule: Selected remote version of com.google.android.gms.googlecertificates, version >= 6
11-02 12:18:09.407 28077 28087 I art     : Background partial concurrent mark sweep GC freed 5225(625KB) AllocSpace objects, 1(20KB) LOS objects, 39% free, 4MB/6MB, paused 5.665ms total 33.055ms
11-02 12:18:09.454   601   610 I art     : Background partial concurrent mark sweep GC freed 114858(5MB) AllocSpace objects, 23(524KB) LOS objects, 33% free, 15MB/23MB, paused 903us total 124.523ms
11-02 12:18:09.470 28077 28096 I OpenGLRenderer: Initialized EGL, version 1.4
11-02 12:18:09.470 28077 28096 D OpenGLRenderer: Swap behavior 2
11-02 12:18:09.487 28077 28095 I cr_LibraryLoader: Loaded native library version number "85.0.4183.127"
11-02 12:18:09.487 28077 28095 I cr_CachingUmaRecorder: Flushed 10 samples from 10 histograms.
11-02 12:18:09.511 28077 28094 W System  : ClassLoader referenced unknown path: 
11-02 12:18:09.517 28077 28094 D ApplicationLoaders: ignored Vulkan layer search path /data/app/com.google.android.gms-1/lib/arm:/data/app/com.google.android.gms-1/base.apk!/lib/armeabi-v7a:/data/app/com.google.android.gms-1/split_config.en.apk!/lib/armeabi-v7a for namespace 0xf387f090
11-02 12:18:09.522 28077 28094 W ResourceType: ResTable_typeSpec entry count inconsistent: given 67, previously 69
11-02 12:18:09.522 28077 28094 W ResourceType: ResTable_typeSpec entry count inconsistent: given 5346, previously 5347
11-02 12:18:09.619   601   621 W WindowManager: Failed looking up window
11-02 12:18:09.619   601   621 W WindowManager: java.lang.IllegalArgumentException: Requested window android.view.ViewRootImpl$W@ae7ad70 does not exist
11-02 12:18:09.619   601   621 W WindowManager: 	at com.android.server.wm.WindowManagerService.windowForClientLocked(WindowManagerService.java:9422)
11-02 12:18:09.619   601   621 W WindowManager: 	at com.android.server.wm.WindowManagerService.windowForClientLocked(WindowManagerService.java:9413)
11-02 12:18:09.619   601   621 W WindowManager: 	at com.android.server.wm.WindowManagerService.removeWindow(WindowManagerService.java:2393)
11-02 12:18:09.619   601   621 W WindowManager: 	at com.android.server.wm.Session.remove(Session.java:202)
11-02 12:18:09.619   601   621 W WindowManager: 	at android.view.ViewRootImpl.dispatchDetachedFromWindow(ViewRootImpl.java:3290)
11-02 12:18:09.619   601   621 W WindowManager: 	at android.view.ViewRootImpl.doDie(ViewRootImpl.java:5917)
11-02 12:18:09.619   601   621 W WindowManager: 	at android.view.ViewRootImpl$ViewRootHandler.handleMessage(ViewRootImpl.java:3626)
11-02 12:18:09.619   601   621 W WindowManager: 	at android.os.Handler.dispatchMessage(Handler.java:102)
11-02 12:18:09.619   601   621 W WindowManager: 	at android.os.Looper.loop(Looper.java:154)
11-02 12:18:09.619   601   621 W WindowManager: 	at android.os.HandlerThread.run(HandlerThread.java:61)
11-02 12:18:09.619   601   621 W WindowManager: 	at com.android.server.ServiceThread.run(ServiceThread.java:46)
11-02 12:18:09.627 28077 28094 I DynamiteLoaderV2Impl: [70] Googlecertificates
11-02 12:18:09.642   601   621 I ActivityManager: Displayed com.android.chrome/org.chromium.chrome.browser.firstrun.TabbedModeFirstRunActivity: +351ms (total +600ms)
11-02 12:18:09.648 26552 26552 I MemoryTrimmer: Trimming objects from memory, since app is in the background.
11-02 12:18:09.650 26552 28052 W SearchService: Abort, client detached.
11-02 12:18:09.653  1065  1065 I MemoryTrimmer: Trimming objects from memory, since app is in the background.
11-02 12:18:09.656 26552 27970 I DeviceStateChecker: DeviceStateChecker cancelled
11-02 12:18:09.657 26552 26552 I MicroDetector: Keeping mic open: false
11-02 12:18:09.657 26552 26609 I AudioController: internalShutdown
11-02 12:18:09.657 26552 26609 I MicrophoneInputStream: mic_close com.google.android.apps.gsa.speech.audio.ae@ad16ea3
11-02 12:18:09.657 26552 27106 I MicroRecognitionRunner: Stopping hotword detection.
11-02 12:18:09.660 28077 28094 W System  : ClassLoader referenced unknown path: /data/user_de/0/com.google.android.gms/app_chimera/m/00000061/n/armeabi-v7a
11-02 12:18:09.660 28077 28094 W System  : ClassLoader referenced unknown path: /data/user_de/0/com.google.android.gms/app_chimera/m/00000061/n/armeabi
11-02 12:18:09.668   237   285 I SoundTriggerHwService::Module: void android::SoundTriggerHwService::Module::onCallbackEvent(const sp<android::SoundTriggerHwService::CallbackEvent> &) mClient == 0
11-02 12:18:09.672 26552 27971 I MicroRecognitionRunner: Detection finished
11-02 12:18:09.676 26552 26552 I MemoryTrimmer: Trimming objects from memory, since app is in the background.
11-02 12:18:09.726   785  1162 E apju    : Phenotype API error. Event # cdub@d93548fb, EventCode: 7 [CONTEXT service_id=51 ]
11-02 12:18:09.726   785  1162 E apju    : apiz: 29505: No config packages for log source, or config package not registered
11-02 12:18:09.726   785  1162 E apju    : 	at apkj.b(:com.google.android.gms@203915020@20.39.15 (040406-335085812):7)
11-02 12:18:09.726   785  1162 E apju    : 	at apkg.b(:com.google.android.gms@203915020@20.39.15 (040406-335085812):2)
11-02 12:18:09.726   785  1162 E apju    : 	at apju.a(:com.google.android.gms@203915020@20.39.15 (040406-335085812):85)
11-02 12:18:09.726   785  1162 E apju    : 	at apju.a(:com.google.android.gms@203915020@20.39.15 (040406-335085812):80)
11-02 12:18:09.726   785  1162 E apju    : 	at aain.run(:com.google.android.gms@203915020@20.39.15 (040406-335085812):7)
11-02 12:18:09.726   785  1162 E apju    : 	at boex.run(:com.google.android.gms@203915020@20.39.15 (040406-335085812):2)
11-02 12:18:09.726   785  1162 E apju    : 	at sup.b(:com.google.android.gms@203915020@20.39.15 (040406-335085812):12)
11-02 12:18:09.726   785  1162 E apju    : 	at sup.run(:com.google.android.gms@203915020@20.39.15 (040406-335085812):7)
11-02 12:18:09.726   785  1162 E apju    : 	at java.util.concurrent.ThreadPoolExecutor.runWorker(ThreadPoolExecutor.java:1133)
11-02 12:18:09.726   785  1162 E apju    : 	at java.util.concurrent.ThreadPoolExecutor$Worker.run(ThreadPoolExecutor.java:607)
11-02 12:18:09.726   785  1162 E apju    : 	at tam.run(:com.google.android.gms@203915020@20.39.15 (040406-335085812):0)
11-02 12:18:09.726   785  1162 E apju    : 	at java.lang.Thread.run(Thread.java:761)
11-02 12:18:09.727   785  1162 E AsyncOperation: serviceID=51, operation=GetExperimentTokensOperationCall [CONTEXT service_id=259 ]
11-02 12:18:09.727   785  1162 E AsyncOperation: OperationException[Status{statusCode=No config packages for log source, or config package not registered, resolution=null}]
11-02 12:18:09.727   785  1162 E AsyncOperation: 	at apju.a(:com.google.android.gms@203915020@20.39.15 (040406-335085812):87)
11-02 12:18:09.727   785  1162 E AsyncOperation: 	at apju.a(:com.google.android.gms@203915020@20.39.15 (040406-335085812):80)
11-02 12:18:09.727   785  1162 E AsyncOperation: 	at aain.run(:com.google.android.gms@203915020@20.39.15 (040406-335085812):7)
11-02 12:18:09.727   785  1162 E AsyncOperation: 	at boex.run(:com.google.android.gms@203915020@20.39.15 (040406-335085812):2)
11-02 12:18:09.727   785  1162 E AsyncOperation: 	at sup.b(:com.google.android.gms@203915020@20.39.15 (040406-335085812):12)
11-02 12:18:09.727   785  1162 E AsyncOperation: 	at sup.run(:com.google.android.gms@203915020@20.39.15 (040406-335085812):7)
11-02 12:18:09.727   785  1162 E AsyncOperation: 	at java.util.concurrent.ThreadPoolExecutor.runWorker(ThreadPoolExecutor.java:1133)
11-02 12:18:09.727   785  1162 E AsyncOperation: 	at java.util.concurrent.ThreadPoolExecutor$Worker.run(ThreadPoolExecutor.java:607)
11-02 12:18:09.727   785  1162 E AsyncOperation: 	at tam.run(:com.google.android.gms@203915020@20.39.15 (040406-335085812):0)
11-02 12:18:09.727   785  1162 E AsyncOperation: 	at java.lang.Thread.run(Thread.java:761)
11-02 12:18:09.747 28077 28091 D NetworkSecurityConfig: Using Network Security Config from resource 0_resource_name_obfuscated debugBuild: false
11-02 12:18:09.798   785  1711 I FontLog : Received query Google Sans, URI content://com.google.android.gms.fonts [CONTEXT service_id=132 ]
11-02 12:18:09.798   785  1711 I FontLog : Query [Google Sans] resolved to {Google Sans, wdth 100.0, wght 400, ital 0.0, bestEffort false} [CONTEXT service_id=132 ]
11-02 12:18:09.827   785  1711 I FontLog : Font PFD returned from cache for {Google Sans, wdth 100.0, wght 400, ital 0.0, bestEffort false} [CONTEXT service_id=132 ]
11-02 12:18:09.828   785  1711 I FontLog : Fetch {Google Sans, wdth 100.0, wght 400, ital 0.0, bestEffort false} end status Status{statusCode=SUCCESS, resolution=null} [CONTEXT service_id=132 ]
11-02 12:18:09.837   785  1195 I FontLog : Pulling font file for id = 325, cache size = 5 [CONTEXT service_id=132 ]
11-02 12:18:09.865   785  1271 I FontLog : Received query Google Sans:500, URI content://com.google.android.gms.fonts [CONTEXT service_id=132 ]
11-02 12:18:09.866   785  1271 I FontLog : Query [Google Sans:500] resolved to {Google Sans, wdth 100.0, wght 500, ital 0.0, bestEffort false} [CONTEXT service_id=132 ]
11-02 12:18:09.867   785  1271 I FontLog : Font PFD returned from cache for {Google Sans, wdth 100.0, wght 500, ital 0.0, bestEffort false} [CONTEXT service_id=132 ]
11-02 12:18:09.867   785  1271 I FontLog : Fetch {Google Sans, wdth 100.0, wght 500, ital 0.0, bestEffort false} end status Status{statusCode=SUCCESS, resolution=null} [CONTEXT service_id=132 ]
11-02 12:18:09.877   785  1617 I FontLog : Pulling font file for id = 326, cache size = 5 [CONTEXT service_id=132 ]
11-02 12:18:10.087 28077 28091 I cr_VariationsSeedFetch: Fetched first run seed in 345 ms
11-02 12:18:10.113   601  4276 I ActivityManager: Start proc 28113:com.android.chrome:sandboxed_process0/u0i733 for service com.android.chrome/org.chromium.content.app.SandboxedProcessService0
11-02 12:18:10.164 28113 28113 W dboxed_process0: type=1400 audit(0.0:2790): avc: denied { getattr } for path="/data/data/com.android.chrome" dev="dm-2" ino=12190 scontext=u:r:isolated_app:s0:c512,c768 tcontext=u:object_r:app_data_file:s0:c512,c768 tclass=dir permissive=0
11-02 12:18:10.187 28113 28113 I cr_ChildProcessService: Creating new ChildProcessService pid=28113
11-02 12:18:10.330   601   611 I ActivityManager: Start proc 28141:com.android.chrome:privileged_process0/u0a35 for service com.android.chrome/org.chromium.content.app.PrivilegedProcessService0
11-02 12:18:10.410 28077 28099 W ConnectionStatusConfig: Dynamic lookup for intent failed for action: com.google.android.gms.auth.key.retrieval.service.START
11-02 12:18:10.413 28077 28099 W ConnectionStatusConfig: Dynamic lookup for intent failed for action: com.google.android.gms.auth.key.retrieval.service.START
11-02 12:18:10.415   601  4276 W ActivityManager: Unable to start service Intent { act=com.google.android.gms.auth.key.retrieval.service.START pkg=com.google.android.gms } U=0: not found
11-02 12:18:10.421   601   832 W ActivityManager: Unbind failed: could not find connection for android.os.BinderProxy@4d956bf
11-02 12:18:10.431 28141 28141 I cr_ChildProcessService: Creating new ChildProcessService pid=28141
11-02 12:18:10.436 28077 28099 E GmsClient: unable to connect to service: com.google.android.gms.auth.key.retrieval.service.START on com.google.android.gms
11-02 12:18:10.477 28141 28157 I cr_LibraryLoader: Loaded native library version number "85.0.4183.127"
11-02 12:18:10.478 28141 28157 I cr_CachingUmaRecorder: Flushed 1 samples from 1 histograms.
11-02 12:18:10.489 28141 28157 E libEGL  : validate_display:99 error 3008 (EGL_BAD_DISPLAY)
11-02 12:18:10.519 28077 28077 W cr_KnoxSettingsProvider: Permission to read device policy denied.
11-02 12:18:19.740 26552 26552 I MemoryTrimmer: Trimming objects from memory, since app is in the background.
11-02 12:18:22.338 28183 28183 D AndroidRuntime: >>>>>> START com.android.internal.os.RuntimeInit uid 2000 <<<<<<
11-02 12:18:22.341 28183 28183 D AndroidRuntime: CheckJNI is OFF
11-02 12:18:22.407 28183 28183 D ICU     : No timezone override file found: /data/misc/zoneinfo/current/icu/icu_tzdata.dat
11-02 12:18:22.439 28183 28183 I Radio-JNI: register_android_hardware_Radio DONE
11-02 12:18:22.453 28183 28183 D AndroidRuntime: Calling main entry com.android.commands.monkey.Monkey
11-02 12:18:22.523   601   614 W BroadcastQueue: Skipping deliver [background] BroadcastRecord{c0563a7 u-1 android.net.conn.CONNECTIVITY_CHANGE} to ReceiverList{cd28054 28183 (unknown name)/2000/u-1 remote:e3744c1}: process crashing
11-02 12:18:24.107 28183 28183 D MonkeyStub: translateCommand: wake
11-02 12:18:24.222 28183 28183 D MonkeyStub: translateCommand: tap 398 1198
11-02 12:18:26.312 28183 28183 D MonkeyStub: translateCommand: tap 720 1506
11-02 12:18:26.498 23975 23988 I PeopleChimeraService: onService. callbacks = aaik@79a206c, request = com.google.android.gms.common.internal.GetServiceRequest@208e635
11-02 12:18:26.502 23975 29306 I PeopleChimeraService: onService. callbacks = aaik@b88643b, request = com.google.android.gms.common.internal.GetServiceRequest@83ed758
11-02 12:18:28.370 28183 28183 D MonkeyStub: translateCommand: tap 355 1480
11-02 12:18:28.389 28183 28183 D MonkeyStub: Quit requested
11-02 12:18:28.423   601  4262 I ActivityManager: START u0 {act=android.intent.action.VIEW flg=0x10008000 cmp=com.android.chrome/com.google.android.apps.chrome.Main (has extras)} from uid 10035 on display 0
11-02 12:18:28.424   601   615 I CwMcuSensor: CwMcuSensor::flush: fd = 217, sensors_id = 0, path = /sys/class/htc_sensorhub/sensor_hub/flush, err = 0
11-02 12:18:28.437 28183 28183 I art     : System.exit called, status: 6
11-02 12:18:28.437 28183 28183 I AndroidRuntime: VM exiting with result code 6.
11-02 12:18:28.588   601  9643 W WindowManager: Attempted to remove non-existing token: android.os.Binder@db26bfd
11-02 12:18:28.620 28077 28077 E cr_CompositorSurfaceMgr: Transitioning to surface with format : -1
11-02 12:18:28.627   601   610 I art     : Background partial concurrent mark sweep GC freed 20239(971KB) AllocSpace objects, 3(60KB) LOS objects, 33% free, 15MB/23MB, paused 799us total 135.047ms
11-02 12:18:28.689 28077 28136 W cr_tabmodel: Starting to perform legacy migration.
11-02 12:18:28.691 28077 28136 W cr_tabmodel: Finished performing legacy migration.
11-02 12:18:28.691 28077 28136 W cr_tabmodel: Starting to perform multi-instance migration.
11-02 12:18:28.691 28077 28136 W cr_tabmodel: Finished performing multi-instance migration.
11-02 12:18:28.691 28077 28136 I cr_tabmodel: Starting to fetch tab list for tab_state0
11-02 12:18:28.691 28077 28136 I cr_tabmodel: State file does not exist.
11-02 12:18:28.691 28077 28136 I cr_tabmodel: Starting to fetch tab list for tab_state1
11-02 12:18:28.691 28077 28136 I cr_tabmodel: State file does not exist.
11-02 12:18:28.736 28077 28136 I cr_ADCP : No customization source found
11-02 12:18:28.786   601   621 I ActivityManager: Displayed com.android.chrome/com.google.android.apps.chrome.Main: +313ms
11-02 12:18:28.817 28077 28096 D OpenGLRenderer: endAllActiveAnimators on 0xd190d480 (InsetDrawable) with handle 0xd1974360
11-02 12:18:28.826 28077 28077 E cr_CompositorSurfaceMgr: Transitioning to surface with format : -1
11-02 12:18:28.834 28077 28077 E cr_CompositorSurfaceMgr: surfaceCreated format : 0
11-02 12:18:28.840 28077 28077 I cr_ContextualSearch: Tap suppression enabled: false
11-02 12:18:28.843 28077 28077 I cr_ChromeTabbedActivity: #initializeState
11-02 12:18:28.844 28077 28077 I cr_CipherFactory: #restoreFromBundle, no savedInstanceState.
11-02 12:18:28.844 28077 28077 I cr_tabmodel: #loadState, ignoreIncognitoFiles? true
11-02 12:18:28.937   601 19770 E BatteryStatsService: power: Missing API
11-02 12:18:28.959   601 19770 E BatteryStatsService: no controller energy info supplied
11-02 12:18:28.960   799   799 E PhoneInterfaceManager: [PhoneIntfMgr] queryModemActivityInfo: Empty response
11-02 12:18:28.972   601 19770 E BatteryStatsService: modem info is invalid: ModemActivityInfo{ mTimestamp=0 mSleepTimeMs=0 mIdleTimeMs=0 mTxTimeMs[]=[0, 0, 0, 0, 0] mRxTimeMs=0 mEnergyUsed=0}
11-02 12:18:29.005 28077 28077 I SchedulerApiWrapper: Create SchedulerApiMainThreadWrapper
11-02 12:18:29.014 28077 28077 I FeedSessionManagerImpl: FeedSessionManagerImpl has been created
11-02 12:18:29.015 28077 28077 I FeedAppLifecycleLstnr: onEnterForeground called
11-02 12:18:29.015 28077 28077 I FeedSessionManagerImpl: onLifecycleEvent foreground
11-02 12:18:29.016 28077 28077 I FeedSessionManagerImpl: Lazy initialization triggered, getUpdateConsumer
11-02 12:18:29.017 28077 28136 I TaskQueue: Execute task [IMMEDIATE - d: true, b: 0]: 30
11-02 12:18:29.018 28077 28077 I FeedRequestManagerImpl: trigger refresh 2
11-02 12:18:29.019 28077 28077 I TaskQueue:  - task [HEAD_INVALIDATE - d: true, b: 0]: 26
11-02 12:18:29.027 28077 28136 W SessionCache: Persisted Sessions were not found
11-02 12:18:29.027 28077 28136 I HeadSessionImpl: Initialize HEAD 0 items
11-02 12:18:29.028 28077 28136 I TaskQueue:  - task [BACKGROUND - d: true, b: 1]: 11
11-02 12:18:29.028 28077 28136 I TimingUtils: Task Timing  10ms, thread JardinExecutor | task : Initialization
11-02 12:18:29.028 28077 28136 I TaskQueue:  - Finished 30, time 11 ms
11-02 12:18:29.029 28077 28136 I TaskQueue: Execute task [HEAD_INVALIDATE - d: true, b: 1]: 26
11-02 12:18:29.030 28077 28136 I TimingUtils: Task Timing   1ms, thread JardinExecutor | task : getAllDismissLocalActions | size : 0
11-02 12:18:29.031 28077 28136 I TimingUtils: Task Timing   0ms, thread JardinExecutor | task : getSemanticProperties | size : 0
11-02 12:18:29.031 28077 28136 I MainThreadRunner: Running task [Check Tooltips] on the Main Thread
11-02 12:18:29.031 28077 28136 I TaskQueue:  * Starting starvation checks
11-02 12:18:29.031 28077 28136 I MainThreadRunner: Running task [starvationChecks] on the Main Thread with a delay of 6000 milliseconds
11-02 12:18:29.031 28077 28136 I TaskQueue:  - Finished 26, time 3 ms
11-02 12:18:29.070 28077 28077 I PlayCore: UID: [10035]  PID: [28077] SplitInstallService : deferredInstall([image_editor])
11-02 12:18:29.083 28077 28213 I PlayCore: UID: [10035]  PID: [28077] SplitInstallService : Initiate binding to the service.
11-02 12:18:29.086   601 15862 W ActivityManager: Unable to start service Intent { act=com.google.android.play.core.splitinstall.BIND_SPLIT_INSTALL_SERVICE pkg=com.android.vending } U=0: not found
11-02 12:18:29.120 28077 28087 I art     : Background sticky concurrent mark sweep GC freed 1606(201KB) AllocSpace objects, 7(140KB) LOS objects, 0% free, 8MB/8MB, paused 11.844ms total 48.555ms
11-02 12:18:29.229 28077 28213 I PlayCore: UID: [10035]  PID: [28077] SplitInstallService : Failed to bind to the service.
11-02 12:18:29.250 28077 28077 I FeedAppLifecycleLstnr: initialize called
11-02 12:18:29.250 28077 28077 I FeedSessionManagerImpl: onLifecycleEvent initialize
11-02 12:18:29.250 28077 28077 W FeedSessionManagerImpl: FeedSessionManagerImpl has previously been initialized
11-02 12:18:29.272 28077 28077 I ViewConfigCompat: Could not find method getScaledScrollFactor() on ViewConfiguration
11-02 12:18:29.276 28077 28077 I BasicStream: Setting 2 header views, currently have 0 headers
11-02 12:18:29.278 28077 28077 I BasicStream: Setting 2 header views, currently have 2 headers
11-02 12:18:29.361   601   620 D BluetoothManagerService: Message: 20
11-02 12:18:29.361   601   620 D BluetoothManagerService: Added callback: android.bluetooth.IBluetoothManagerCallback$Stub$Proxy@45a6a4c:true
11-02 12:18:29.370 28077 28077 E cr_IntentUtils: getBooleanExtra failed on intent null
11-02 12:18:29.382 28113 28126 I cr_LibraryLoader: Loaded native library version number "85.0.4183.127"
11-02 12:18:29.387 28113 28126 I cr_CachingUmaRecorder: Flushed 1 samples from 1 histograms.
11-02 12:18:29.394 28077 28077 I TimeoutSessionImpl: Using TimeoutSessionImpl
11-02 12:18:29.395 28077 28077 I FeedSessionManagerImpl: shouldSessionRequestData; hasContent(false), contentCreationTime(0), outstandingRequest(true)
11-02 12:18:29.395 28077 28077 I FeedSessionManagerImpl: shouldSessionRequestDataResult: NO_REQUEST_WITH_WAIT, shouldMakeRequest(false), withTimeout(false), withAppend(false)
11-02 12:18:29.396 28077 28077 I TaskQueue:  - task [USER_FACING - d: true, b: 1]: 24
11-02 12:18:29.398 28077 28077 I MainThreadRunner: Running task [BasicStream onShow] on the Main Thread with a delay of 500 milliseconds
11-02 12:18:29.453   601  3564 I ActivityManager: Start proc 28217:com.android.chrome:sandboxed_process1/u0i734 for service com.android.chrome/org.chromium.content.app.SandboxedProcessService1
11-02 12:18:29.491   601   660 I ActivityManager: Start proc 28226:com.android.chrome:sandboxed_process2/u0i735 for service com.android.chrome/org.chromium.content.app.SandboxedProcessService2
11-02 12:18:29.561   601 19770 I ActivityManager: Start proc 28240:com.android.chrome:sandboxed_process3/u0i736 for service com.android.chrome/org.chromium.content.app.SandboxedProcessService3
11-02 12:18:29.579 28077 28077 I Choreographer: Skipped 48 frames!  The application may be doing too much work on its main thread.
11-02 12:18:29.603   601 12301 I ActivityManager: Start proc 28251:com.android.chrome:sandboxed_process4/u0i737 for service com.android.chrome/org.chromium.content.app.SandboxedProcessService4
11-02 12:18:29.659 28217 28235 W art     : Suspending all threads took: 13.489ms
11-02 12:18:29.662 28217 28235 I art     : Background sticky concurrent mark sweep GC freed 7080(283KB) AllocSpace objects, 0(0B) LOS objects, 38% free, 2MB/4MB, paused 14.219ms total 56.371ms
11-02 12:18:29.662   601 17045 I ActivityManager: Start proc 28266:com.android.chrome:sandboxed_process5/u0i738 for service com.android.chrome/org.chromium.content.app.SandboxedProcessService5
11-02 12:18:29.720   236 28270 I art     : Starting a blocking GC Background
11-02 12:18:29.721   236 28270 I art     : Starting a blocking GC Background
11-02 12:18:29.758   236 28270 I art     : Starting a blocking GC HeapTrim
11-02 12:18:29.771   601   832 I ActivityManager: Start proc 28289:com.android.chrome:sandboxed_process6/u0i739 for service com.android.chrome/org.chromium.content.app.SandboxedProcessService6
11-02 12:18:29.783 28077 28077 I TaskQueue:  - task [IMMEDIATE - d: true, b: 2]: 27
11-02 12:18:29.783 28077 28077 I TaskQueue:  - queueTask starting immediate task
11-02 12:18:29.784 28077 28134 I TaskQueue: Execute task [IMMEDIATE - d: true, b: 2]: 27
11-02 12:18:29.785 28077 28134 I FeedRequestManagerImpl: Consistency Token: # hU2@7bca4
11-02 12:18:29.813 28077 28134 I FeedRequestManagerImpl: Capability: FEED_UI
11-02 12:18:29.813 28077 28134 I FeedRequestManagerImpl: Capability: UNDOABLE_ACTIONS
11-02 12:18:29.813 28077 28134 I FeedRequestManagerImpl: Capability: MANAGE_INTERESTS
11-02 12:18:29.813 28077 28134 I FeedRequestManagerImpl: Capability: SEND_FEEDBACK
11-02 12:18:29.813 28077 28134 I FeedRequestManagerImpl: Capability: ARTICLE_SNIPPETS
11-02 12:18:29.813 28077 28134 I FeedRequestManagerImpl: Capability: CLICK_ACTION
11-02 12:18:29.813 28077 28134 I FeedRequestManagerImpl: Capability: VIEW_ACTION
11-02 12:18:29.813 28077 28134 I FeedRequestManagerImpl: Capability: REPORT_FEED_USER_ACTIONS_NOTICE_CARD
11-02 12:18:29.813 28077 28134 I FeedRequestManagerImpl: Capability: BASE_UI
11-02 12:18:29.817 28217 28217 W dboxed_process1: type=1400 audit(0.0:2791): avc: denied { getattr } for path="/data/data/com.android.chrome" dev="dm-2" ino=12190 scontext=u:r:isolated_app:s0:c512,c768 tcontext=u:object_r:app_data_file:s0:c512,c768 tclass=dir permissive=0
11-02 12:18:29.818 28077 28134 I FeedRequestManagerImpl: Making Request: /httpservice/noretry/DiscoverClankService/FeedQuery
11-02 12:18:29.818 28077 28134 I MainThreadRunner: Running task [NetworkClientWrapper send] on the Main Thread
11-02 12:18:29.818 28077 28134 I TaskQueue:  - Finished 27, time 34 ms
11-02 12:18:29.834   601 10729 I ActivityManager: Start proc 28297:com.android.chrome:sandboxed_process7/u0i740 for service com.android.chrome/org.chromium.content.app.SandboxedProcessService7
11-02 12:18:29.881 28226 28226 W dboxed_process2: type=1400 audit(0.0:2792): avc: denied { getattr } for path="/data/data/com.android.chrome" dev="dm-2" ino=12190 scontext=u:r:isolated_app:s0:c512,c768 tcontext=u:object_r:app_data_file:s0:c512,c768 tclass=dir permissive=0
11-02 12:18:29.910   601   819 I ActivityManager: Start proc 28310:com.android.chrome:sandboxed_process8/u0i741 for service com.android.chrome/org.chromium.content.app.SandboxedProcessService8
11-02 12:18:29.944 28240 28240 W dboxed_process3: type=1400 audit(0.0:2793): avc: denied { getattr } for path="/data/data/com.android.chrome" dev="dm-2" ino=12190 scontext=u:r:isolated_app:s0:c512,c768 tcontext=u:object_r:app_data_file:s0:c512,c768 tclass=dir permissive=0
11-02 12:18:29.992 28077 28087 W art     : Suspending all threads took: 9.832ms
11-02 12:18:30.024 28251 28251 W dboxed_process4: type=1400 audit(0.0:2794): avc: denied { getattr } for path="/data/data/com.android.chrome" dev="dm-2" ino=12190 scontext=u:r:isolated_app:s0:c512,c768 tcontext=u:object_r:app_data_file:s0:c512,c768 tclass=dir permissive=0
11-02 12:18:30.024 28266 28266 W dboxed_process5: type=1400 audit(0.0:2795): avc: denied { getattr } for path="/data/data/com.android.chrome" dev="dm-2" ino=12190 scontext=u:r:isolated_app:s0:c512,c768 tcontext=u:object_r:app_data_file:s0:c512,c768 tclass=dir permissive=0
11-02 12:18:30.045 28217 28217 I cr_ChildProcessService: Creating new ChildProcessService pid=28217
11-02 12:18:30.142 28077 28087 I art     : Background sticky concurrent mark sweep GC freed 45889(2MB) AllocSpace objects, 51(1060KB) LOS objects, 26% free, 9MB/13MB, paused 13.946ms total 225.040ms
11-02 12:18:30.157 28226 28226 I cr_ChildProcessService: Creating new ChildProcessService pid=28226
11-02 12:18:30.192 28240 28240 I cr_ChildProcessService: Creating new ChildProcessService pid=28240
11-02 12:18:30.194 28289 28289 W dboxed_process6: type=1400 audit(0.0:2796): avc: denied { getattr } for path="/data/data/com.android.chrome" dev="dm-2" ino=12190 scontext=u:r:isolated_app:s0:c512,c768 tcontext=u:object_r:app_data_file:s0:c512,c768 tclass=dir permissive=0
11-02 12:18:30.239 28251 28251 I cr_ChildProcessService: Creating new ChildProcessService pid=28251
11-02 12:18:30.261 28310 28310 W dboxed_process8: type=1400 audit(0.0:2797): avc: denied { getattr } for path="/data/data/com.android.chrome" dev="dm-2" ino=12190 scontext=u:r:isolated_app:s0:c512,c768 tcontext=u:object_r:app_data_file:s0:c512,c768 tclass=dir permissive=0
11-02 12:18:30.264 28297 28297 W dboxed_process7: type=1400 audit(0.0:2798): avc: denied { getattr } for path="/data/data/com.android.chrome" dev="dm-2" ino=12190 scontext=u:r:isolated_app:s0:c512,c768 tcontext=u:object_r:app_data_file:s0:c512,c768 tclass=dir permissive=0
11-02 12:18:30.315 28266 28266 I cr_ChildProcessService: Creating new ChildProcessService pid=28266
11-02 12:18:30.336 28077 28077 I cr_tabmodel: Appending tabs being restored to metadata lists, 0, startingNormalCount: 1, startingIncognitoCount: 0
11-02 12:18:30.336 28077 28077 I cr_tabmodel: Serializing tab lists; counts: 1, 0
11-02 12:18:30.384   601 19770 I ActivityManager: Start proc 28339:com.android.chrome:sandboxed_process9/u0i742 for service com.android.chrome/org.chromium.content.app.SandboxedProcessService9
11-02 12:18:30.407 28217 28332 I cr_LibraryLoader: Loaded native library version number "85.0.4183.127"
11-02 12:18:30.407 28217 28332 I cr_CachingUmaRecorder: Flushed 1 samples from 1 histograms.
11-02 12:18:30.449 28289 28289 I cr_ChildProcessService: Creating new ChildProcessService pid=28289
11-02 12:18:30.458 28310 28310 I cr_ChildProcessService: Creating new ChildProcessService pid=28310
11-02 12:18:30.478 28297 28297 I cr_ChildProcessService: Creating new ChildProcessService pid=28297
11-02 12:18:30.501 28226 28334 I cr_LibraryLoader: Loaded native library version number "85.0.4183.127"
11-02 12:18:30.506 28226 28334 I cr_CachingUmaRecorder: Flushed 1 samples from 1 histograms.
11-02 12:18:30.507 28077 28136 W cr_CrashFileManager: /data/user/0/com.android.chrome/cache/Crash Reports does not exist or is not a directory
11-02 12:18:30.507 28077 28136 W cr_CrashFileManager: /data/user/0/com.android.chrome/cache/Crash Reports does not exist or is not a directory
11-02 12:18:30.507 28077 28136 W cr_CrashFileManager: /data/user/0/com.android.chrome/cache/Crash Reports does not exist or is not a directory
11-02 12:18:30.530 28077 28136 I cr_FileUtils: Writing to /data/user/0/com.android.chrome/app_dex/webapk7.dex
11-02 12:18:30.532 28077 28112 I cr_BindingManager: Moderate binding enabled: maxSize=40
11-02 12:18:30.554 28240 28335 I cr_LibraryLoader: Loaded native library version number "85.0.4183.127"
11-02 12:18:30.554 28240 28335 I cr_CachingUmaRecorder: Flushed 1 samples from 1 histograms.
11-02 12:18:30.581 28251 28336 I cr_LibraryLoader: Loaded native library version number "85.0.4183.127"
11-02 12:18:30.596 28251 28336 I cr_CachingUmaRecorder: Flushed 1 samples from 1 histograms.
11-02 12:18:30.694   601 12301 I ActivityManager: Start proc 28366:com.android.chrome:sandboxed_process10/u0i743 for service com.android.chrome/org.chromium.content.app.SandboxedProcessService10
11-02 12:18:30.713   601  4276 I ActivityManager: Killing 28217:com.android.chrome:sandboxed_process1/u0a35i734 (adj 0): isolated not needed
11-02 12:18:30.724 23975 24437 I Icing   : IndexChimeraService.getServiceInterface callingPackage=com.android.chrome componentName=null serviceId=36
11-02 12:18:30.745 28266 28337 I cr_LibraryLoader: Loaded native library version number "85.0.4183.127"
11-02 12:18:30.745 28266 28337 I cr_CachingUmaRecorder: Flushed 1 samples from 1 histograms.
11-02 12:18:30.780 23975 24302 I Icing   : IndexChimeraService.getServiceInterface callingPackage=com.android.chrome componentName=null serviceId=36
11-02 12:18:30.797   601 19770 I ActivityManager: Killing 28240:com.android.chrome:sandboxed_process3/u0a35i736 (adj 0): isolated not needed
11-02 12:18:30.798   601 19770 I ActivityManager: Killing 28226:com.android.chrome:sandboxed_process2/u0a35i735 (adj 0): isolated not needed
11-02 12:18:30.821 28339 28339 W dboxed_process9: type=1400 audit(0.0:2799): avc: denied { getattr } for path="/data/data/com.android.chrome" dev="dm-2" ino=12190 scontext=u:r:isolated_app:s0:c512,c768 tcontext=u:object_r:app_data_file:s0:c512,c768 tclass=dir permissive=0
11-02 12:18:30.849   601 12691 I ActivityManager: Killing 28251:com.android.chrome:sandboxed_process4/u0a35i737 (adj 0): isolated not needed
11-02 12:18:30.879 28310 28345 I cr_LibraryLoader: Loaded native library version number "85.0.4183.127"
11-02 12:18:30.883 28310 28345 I cr_CachingUmaRecorder: Flushed 1 samples from 1 histograms.
11-02 12:18:30.950 28289 28346 I cr_LibraryLoader: Loaded native library version number "85.0.4183.127"
11-02 12:18:30.951 28289 28346 I cr_CachingUmaRecorder: Flushed 1 samples from 1 histograms.
11-02 12:18:30.972 28297 28348 I cr_LibraryLoader: Loaded native library version number "85.0.4183.127"
11-02 12:18:30.973 28297 28348 I cr_CachingUmaRecorder: Flushed 1 samples from 1 histograms.
11-02 12:18:30.997 28266 28266 I cr_ChildProcessService: Destroying ChildProcessService pid=28266
11-02 12:18:30.999 28266 28337 I chromium: [INFO:child_process_service.cc(69)] ChildProcessService: Exiting child process.
11-02 12:18:31.001   601   819 I ActivityManager: Killing 28266:com.android.chrome:sandboxed_process5/u0a35i738 (adj 0): isolated not needed
11-02 12:18:31.042 28310 28310 I cr_ChildProcessService: Destroying ChildProcessService pid=28310
11-02 12:18:31.043 28310 28345 I chromium: [INFO:child_process_service.cc(69)] ChildProcessService: Exiting child process.
11-02 12:18:31.086 28289 28346 I chromium: [INFO:child_process_service.cc(69)] ChildProcessService: Exiting child process.
11-02 12:18:31.094 28361 28361 I dex2oat : /system/bin/dex2oat --dex-file=/data/user/0/com.android.chrome/app_dex/webapk7.dex --oat-fd=229 --oat-location=/data/user/0/com.android.chrome/app_dex/oat/arm/webapk7.dex --compiler-filter=speed
11-02 12:18:31.123 28297 28348 I chromium: [INFO:child_process_service.cc(69)] ChildProcessService: Exiting child process.
11-02 12:18:31.153 23975 26348 W Icing   : No valid account for uploading user actions
11-02 12:18:31.169   601  3864 I ActivityManager: Killing 28297:com.android.chrome:sandboxed_process7/u0a35i740 (adj 0): isolated not needed
11-02 12:18:31.170   601  3864 I ActivityManager: Killing 28289:com.android.chrome:sandboxed_process6/u0a35i739 (adj 0): isolated not needed
11-02 12:18:31.170   601  3864 I ActivityManager: Killing 28310:com.android.chrome:sandboxed_process8/u0a35i741 (adj 0): isolated not needed
11-02 12:18:31.182 23975 24302 I Icing   : IndexChimeraService.getServiceInterface callingPackage=com.google.android.gms componentName=null serviceId=30
11-02 12:18:31.227   601  4262 D ActivityManager: cleanUpApplicationRecord -- 28310
11-02 12:18:31.289 28077 28077 W chromium: [WARNING:compositor_view.cc(315)] Child process died (type=6) pid=28310)
11-02 12:18:31.365 28339 28339 I cr_ChildProcessService: Creating new ChildProcessService pid=28339
11-02 12:18:31.393 28077 28087 I art     : Background partial concurrent mark sweep GC freed 83372(4MB) AllocSpace objects, 23(472KB) LOS objects, 40% free, 10MB/17MB, paused 2.434ms total 520.556ms
11-02 12:18:31.427 28214 28214 D AndroidRuntime: >>>>>> START com.android.internal.os.RuntimeInit uid 2000 <<<<<<
11-02 12:18:31.433 28214 28214 D AndroidRuntime: CheckJNI is OFF
11-02 12:18:31.474 28366 28366 W boxed_process10: type=1400 audit(0.0:2800): avc: denied { getattr } for path="/data/data/com.android.chrome" dev="dm-2" ino=12190 scontext=u:r:isolated_app:s0:c512,c768 tcontext=u:object_r:app_data_file:s0:c512,c768 tclass=dir permissive=0
11-02 12:18:31.532 28361 28361 I dex2oat : dex2oat took 440.744ms (threads: 2) arena alloc=996KB (1019984B) java alloc=65KB (67400B) native alloc=559KB (573112B) free=2000KB (2048328B)
11-02 12:18:31.541 28366 28366 I cr_ChildProcessService: Creating new ChildProcessService pid=28366
11-02 12:18:31.564 28077 28077 W chromium: [WARNING:compositor_view.cc(315)] Child process died (type=6) pid=28266)
11-02 12:18:31.584   601 15862 I ActivityManager: Start proc 28403:com.android.chrome:sandboxed_process11/u0i744 for service com.android.chrome/org.chromium.content.app.SandboxedProcessService11
11-02 12:18:31.589   601  9643 D ActivityManager: cleanUpApplicationRecord -- 28266
11-02 12:18:31.628   601 10729 I ActivityManager: Start proc 28415:com.android.chrome:sandboxed_process12/u0i745 for service com.android.chrome/org.chromium.content.app.SandboxedProcessService12
11-02 12:18:31.655   601  3864 I ActivityManager: Start proc 28421:com.android.chrome:sandboxed_process13/u0i746 for service com.android.chrome/org.chromium.content.app.SandboxedProcessService13
11-02 12:18:31.684   601 17045 I ActivityManager: Start proc 28428:com.android.chrome:sandboxed_process14/u0i747 for service com.android.chrome/org.chromium.content.app.SandboxedProcessService14
11-02 12:18:31.712   601  9663 I ActivityManager: Start proc 28448:com.android.chrome:sandboxed_process15/u0i748 for service com.android.chrome/org.chromium.content.app.SandboxedProcessService15
11-02 12:18:31.737 28403 28403 W boxed_process11: type=1400 audit(0.0:2801): avc: denied { getattr } for path="/data/data/com.android.chrome" dev="dm-2" ino=12190 scontext=u:r:isolated_app:s0:c512,c768 tcontext=u:object_r:app_data_file:s0:c512,c768 tclass=dir permissive=0
11-02 12:18:31.749 28214 28214 D ICU     : No timezone override file found: /data/misc/zoneinfo/current/icu/icu_tzdata.dat
11-02 12:18:31.753   601 12301 I ActivityManager: Start proc 28461:com.android.chrome:sandboxed_process16/u0i749 for service com.android.chrome/org.chromium.content.app.SandboxedProcessService16
11-02 12:18:31.799   601   611 I ActivityManager: Start proc 28473:com.android.chrome:sandboxed_process17/u0i750 for service com.android.chrome/org.chromium.content.app.SandboxedProcessService17
11-02 12:18:31.824   601   832 I ActivityManager: Start proc 28487:com.android.chrome:sandboxed_process18/u0i751 for service com.android.chrome/org.chromium.content.app.SandboxedProcessService18
11-02 12:18:31.827 28428 28428 W boxed_process14: type=1400 audit(0.0:2802): avc: denied { getattr } for path="/data/data/com.android.chrome" dev="dm-2" ino=12190 scontext=u:r:isolated_app:s0:c512,c768 tcontext=u:object_r:app_data_file:s0:c512,c768 tclass=dir permissive=0
11-02 12:18:31.831 28421 28421 W boxed_process13: type=1400 audit(0.0:2803): avc: denied { getattr } for path="/data/data/com.android.chrome" dev="dm-2" ino=12190 scontext=u:r:isolated_app:s0:c512,c768 tcontext=u:object_r:app_data_file:s0:c512,c768 tclass=dir permissive=0
11-02 12:18:31.833 28403 28403 I cr_ChildProcessService: Creating new ChildProcessService pid=28403
11-02 12:18:31.844 28415 28415 W boxed_process12: type=1400 audit(0.0:2804): avc: denied { getattr } for path="/data/data/com.android.chrome" dev="dm-2" ino=12190 scontext=u:r:isolated_app:s0:c512,c768 tcontext=u:object_r:app_data_file:s0:c512,c768 tclass=dir permissive=0
11-02 12:18:31.854   601  1452 I ActivityManager: Start proc 28504:com.android.chrome:sandboxed_process19/u0i752 for service com.android.chrome/org.chromium.content.app.SandboxedProcessService19
11-02 12:18:31.884 28366 28402 I cr_LibraryLoader: Loaded native library version number "85.0.4183.127"
11-02 12:18:31.884 28339 28401 I cr_LibraryLoader: Loaded native library version number "85.0.4183.127"
11-02 12:18:31.885 28366 28402 I cr_CachingUmaRecorder: Flushed 1 samples from 1 histograms.
11-02 12:18:31.885 28339 28401 I cr_CachingUmaRecorder: Flushed 1 samples from 1 histograms.
11-02 12:18:31.961 28448 28448 W boxed_process15: type=1400 audit(0.0:2805): avc: denied { getattr } for path="/data/data/com.android.chrome" dev="dm-2" ino=12190 scontext=u:r:isolated_app:s0:c512,c768 tcontext=u:object_r:app_data_file:s0:c512,c768 tclass=dir permissive=0
11-02 12:18:32.004 28428 28428 I cr_ChildProcessService: Creating new ChildProcessService pid=28428
11-02 12:18:32.007 28421 28421 I cr_ChildProcessService: Creating new ChildProcessService pid=28421
11-02 12:18:32.014 28461 28461 W boxed_process16: type=1400 audit(0.0:2806): avc: denied { getattr } for path="/data/data/com.android.chrome" dev="dm-2" ino=12190 scontext=u:r:isolated_app:s0:c512,c768 tcontext=u:object_r:app_data_file:s0:c512,c768 tclass=dir permissive=0
11-02 12:18:32.023   601  9663 D ActivityManager: cleanUpApplicationRecord -- 28240
11-02 12:18:32.029 28415 28415 I cr_ChildProcessService: Creating new ChildProcessService pid=28415
11-02 12:18:32.034 28214 28214 I Radio-JNI: register_android_hardware_Radio DONE
11-02 12:18:32.051 28366 28402 I chromium: [INFO:child_process_service.cc(69)] ChildProcessService: Exiting child process.
11-02 12:18:32.052   195   195 E lowmemorykiller: Error writing /proc/28366/oom_score_adj; errno=22
11-02 12:18:32.070   601  4276 I ActivityManager: Process com.android.chrome:sandboxed_process10 (pid 28366) has died
11-02 12:18:32.071 28077 28077 W chromium: [WARNING:compositor_view.cc(315)] Child process died (type=6) pid=28366)
11-02 12:18:32.071   601  4276 D ActivityManager: cleanUpApplicationRecord -- 28366
11-02 12:18:32.072   601  4276 E JavaBinder: !!! FAILED BINDER TRANSACTION !!!  (parcel size = 76)
11-02 12:18:32.072   601  4276 E JavaBinder: !!! FAILED BINDER TRANSACTION !!!  (parcel size = 76)
11-02 12:18:32.072   601  4276 E JavaBinder: !!! FAILED BINDER TRANSACTION !!!  (parcel size = 76)
11-02 12:18:32.072   601  4276 E JavaBinder: !!! FAILED BINDER TRANSACTION !!!  (parcel size = 76)
11-02 12:18:32.072   601  4276 E JavaBinder: !!! FAILED BINDER TRANSACTION !!!  (parcel size = 76)
11-02 12:18:32.091 28077 28112 I cr_BindingManager: onTrimMemory: level=15, size=0
11-02 12:18:32.111 28473 28473 W boxed_process17: type=1400 audit(0.0:2807): avc: denied { getattr } for path="/data/data/com.android.chrome" dev="dm-2" ino=12190 scontext=u:r:isolated_app:s0:c512,c768 tcontext=u:object_r:app_data_file:s0:c512,c768 tclass=dir permissive=0
11-02 12:18:32.147   601 12301 D ActivityManager: cleanUpApplicationRecord -- 28297
11-02 12:18:32.147   601 12301 I ActivityManager: Killing 28339:com.android.chrome:sandboxed_process9/u0a35i742 (adj 0): isolated not needed
11-02 12:18:32.174 28487 28487 W boxed_process18: type=1400 audit(0.0:2808): avc: denied { getattr } for path="/data/data/com.android.chrome" dev="dm-2" ino=12190 scontext=u:r:isolated_app:s0:c512,c768 tcontext=u:object_r:app_data_file:s0:c512,c768 tclass=dir permissive=0
11-02 12:18:32.183 28448 28448 I cr_ChildProcessService: Creating new ChildProcessService pid=28448
11-02 12:18:32.193   601 12691 D ActivityManager: cleanUpApplicationRecord -- 28217
11-02 12:18:32.213 28403 28498 I cr_LibraryLoader: Loaded native library version number "85.0.4183.127"
11-02 12:18:32.214 28403 28498 I cr_CachingUmaRecorder: Flushed 1 samples from 1 histograms.
11-02 12:18:32.232 28077 28077 I FeedRequestManagerImpl: Request: /httpservice/noretry/DiscoverClankService/FeedQuery completed with response code: 200
11-02 12:18:32.232 28077 28077 I TaskQueue:  - task [IMMEDIATE - d: true, b: 2]: 15
11-02 12:18:32.232 28077 28077 I TaskQueue:  - queueTask starting immediate task
11-02 12:18:32.232 28077 28136 I TaskQueue: Execute task [IMMEDIATE - d: true, b: 2]: 15
11-02 12:18:32.237   601  3564 D ActivityManager: cleanUpApplicationRecord -- 28226
11-02 12:18:32.241 28504 28504 W boxed_process19: type=1400 audit(0.0:2809): avc: denied { getattr } for path="/data/data/com.android.chrome" dev="dm-2" ino=12190 scontext=u:r:isolated_app:s0:c512,c768 tcontext=u:object_r:app_data_file:s0:c512,c768 tclass=dir permissive=0
11-02 12:18:32.256 28461 28461 I cr_ChildProcessService: Creating new ChildProcessService pid=28461
11-02 12:18:32.262 28214 28214 D AndroidRuntime: Calling main entry com.android.commands.am.Am
11-02 12:18:32.288 28473 28473 I cr_ChildProcessService: Creating new ChildProcessService pid=28473
11-02 12:18:32.325   601   660 D ActivityManager: cleanUpApplicationRecord -- 28289
11-02 12:18:32.334 28077 28136 I MainThreadRunner: Running task [FeedRequestManagerImpl consumer] on the Main Thread
11-02 12:18:32.335 28077 28136 I TaskQueue:  - Finished 15, time 103 ms
11-02 12:18:32.336   601   610 W art     : Suspending all threads took: 8.183ms
11-02 12:18:32.343 28077 28077 I FeedProtocolAdapter: createModel, operations 33
11-02 12:18:32.348 28077 28077 I TimingUtils: Task Timing   4ms, thread ui | task : convertWireProtocol | mutations : 33
11-02 12:18:32.350 28077 28077 I TaskQueue:  - task [HEAD_RESET - d: true, b: 2]: 5
11-02 12:18:32.350 28077 28077 I TaskQueue:  - queueTask starting immediate task
11-02 12:18:32.359 28077 28136 I TaskQueue: Execute task [HEAD_RESET - d: true, b: 2]: 5
11-02 12:18:32.364 28403 28498 I chromium: [INFO:child_process_service.cc(69)] ChildProcessService: Exiting child process.
11-02 12:18:32.364   601 12691 D ActivityManager: cleanUpApplicationRecord -- 28251
11-02 12:18:32.371   195   195 E lowmemorykiller: Error writing /proc/28403/oom_score_adj; errno=22
11-02 12:18:32.393 28415 28535 I cr_LibraryLoader: Loaded native library version number "85.0.4183.127"
11-02 12:18:32.394 28415 28535 I cr_CachingUmaRecorder: Flushed 1 samples from 1 histograms.
11-02 12:18:32.396 28487 28487 I cr_ChildProcessService: Creating new ChildProcessService pid=28487
11-02 12:18:32.397   601  3864 E JavaBinder: !!! FAILED BINDER TRANSACTION !!!  (parcel size = 576)
11-02 12:18:32.399   601  3864 W ActivityManager: Exception when unbinding service com.android.chrome/org.chromium.content.app.SandboxedProcessService11
11-02 12:18:32.399   601  3864 W ActivityManager: android.os.DeadObjectException: Transaction failed on small parcel; remote process probably died
11-02 12:18:32.399   601  3864 W ActivityManager: 	at android.os.BinderProxy.transactNative(Native Method)
11-02 12:18:32.399   601  3864 W ActivityManager: 	at android.os.BinderProxy.transact(Binder.java:615)
11-02 12:18:32.399   601  3864 W ActivityManager: 	at android.app.ApplicationThreadProxy.scheduleUnbindService(ApplicationThreadNative.java:1016)
11-02 12:18:32.399   601  3864 W ActivityManager: 	at com.android.server.am.ActiveServices.removeConnectionLocked(ActiveServices.java:2175)
11-02 12:18:32.399   601  3864 W ActivityManager: 	at com.android.server.am.ActiveServices.unbindServiceLocked(ActiveServices.java:1163)
11-02 12:18:32.399   601  3864 W ActivityManager: 	at com.android.server.am.ActivityManagerService.unbindService(ActivityManagerService.java:17309)
11-02 12:18:32.399   601  3864 W ActivityManager: 	at android.app.ActivityManagerNative.onTransact(ActivityManagerNative.java:1145)
11-02 12:18:32.399   601  3864 W ActivityManager: 	at com.android.server.am.ActivityManagerService.onTransact(ActivityManagerService.java:2795)
11-02 12:18:32.399   601  3864 W ActivityManager: 	at android.os.Binder.execTransact(Binder.java:565)
11-02 12:18:32.399   601  3864 E JavaBinder: !!! FAILED BINDER TRANSACTION !!!  (parcel size = 76)
11-02 12:18:32.400   195   195 E lowmemorykiller: Error writing /proc/28403/oom_score_adj; errno=22
11-02 12:18:32.400   601  3864 E JavaBinder: !!! FAILED BINDER TRANSACTION !!!  (parcel size = 76)
11-02 12:18:32.403   601   611 I ActivityManager: Process com.android.chrome:sandboxed_process11 (pid 28403) has died
11-02 12:18:32.403   601   611 D ActivityManager: cleanUpApplicationRecord -- 28403
11-02 12:18:32.412 28077 28077 W chromium: [WARNING:compositor_view.cc(315)] Child process died (type=6) pid=28403)
11-02 12:18:32.419   601   610 I art     : Background partial concurrent mark sweep GC freed 52646(2MB) AllocSpace objects, 35(900KB) LOS objects, 33% free, 16MB/24MB, paused 9.261ms total 495.991ms
11-02 12:18:32.421 28428 28533 I cr_LibraryLoader: Loaded native library version number "85.0.4183.127"
11-02 12:18:32.425 28428 28533 I cr_CachingUmaRecorder: Flushed 1 samples from 1 histograms.
11-02 12:18:32.428   601 19770 I ActivityManager: START u0 {act=android.intent.action.VIEW dat=http://www.britannica.com/... flg=0x10000000 cmp=com.android.chrome/com.google.android.apps.chrome.Main} from uid 2000 on display 0
11-02 12:18:32.430 28504 28504 I cr_ChildProcessService: Creating new ChildProcessService pid=28504
11-02 12:18:32.445 28214 28214 D AndroidRuntime: Shutting down VM
11-02 12:18:32.458 28421 28534 I cr_LibraryLoader: Loaded native library version number "85.0.4183.127"
11-02 12:18:32.486 28448 28539 I cr_LibraryLoader: Loaded native library version number "85.0.4183.127"
11-02 12:18:32.488 28448 28539 I cr_CachingUmaRecorder: Flushed 1 samples from 1 histograms.
11-02 12:18:32.489 28421 28534 I cr_CachingUmaRecorder: Flushed 1 samples from 1 histograms.
11-02 12:18:32.504 28077 28077 E cr_IntentUtils: getInt failed on bundle null
11-02 12:18:32.545   601  4276 I ActivityManager: Start proc 28559:com.android.chrome:sandboxed_process20/u0i753 for service com.android.chrome/org.chromium.content.app.SandboxedProcessService20
11-02 12:18:32.587 28077 28077 W FeedModelProvider: sessionId is null, this should have been set during population
11-02 12:18:32.596 28473 28547 I cr_LibraryLoader: Loaded native library version number "85.0.4183.127"
11-02 12:18:32.596 28473 28547 I cr_CachingUmaRecorder: Flushed 1 samples from 1 histograms.
11-02 12:18:32.605 28077 28077 I cr_tabmodel: Appending tabs being restored to metadata lists, 0, startingNormalCount: 2, startingIncognitoCount: 0
11-02 12:18:32.605 28077 28077 I cr_tabmodel: Serializing tab lists; counts: 2, 0
11-02 12:18:32.610 28415 28535 I chromium: [INFO:child_process_service.cc(69)] ChildProcessService: Exiting child process.
11-02 12:18:32.611   195   195 E lowmemorykiller: Error writing /proc/28415/oom_score_adj; errno=22
