--------- beginning of main
10-31 13:57:31.852 18707 18707 D AndroidRuntime: >>>>>> START com.android.internal.os.RuntimeInit uid 2000 <<<<<<
10-31 13:57:31.856 18707 18707 D AndroidRuntime: CheckJNI is OFF
10-31 13:57:31.918 18707 18707 D ICU     : No timezone override file found: /data/misc/zoneinfo/current/icu/icu_tzdata.dat
10-31 13:57:31.946 18707 18707 I Radio-JNI: register_android_hardware_Radio DONE
10-31 13:57:31.961 18707 18707 D AndroidRuntime: Calling main entry com.android.commands.am.Am
--------- beginning of system
10-31 13:57:31.979   600 13631 I ActivityManager: Force stopping com.android.chrome appid=10035 user=0: from pid 18707
10-31 13:57:31.979   600 13631 I ActivityManager: Killing 17917:com.android.chrome/u0a35 (adj 902): stop com.android.chrome
10-31 13:57:31.979   600 13631 D ActivityManager: cleanUpApplicationRecord -- 17917
10-31 13:57:31.991  1061  1061 D RegisteredNfcFServicesCache: Service unchanged, not updating
10-31 13:57:32.239   600 13558 I ActivityManager: START u0 {act=android.intent.action.VIEW flg=0x10008000 cmp=com.android.chrome/com.google.android.apps.chrome.Main} from uid 2000 on display 0
10-31 13:57:32.269 18707 18707 D AndroidRuntime: Shutting down VM
10-31 13:57:32.341   600 16391 I ActivityManager: Start proc 18717:com.android.chrome/u0a35 for activity com.android.chrome/com.google.android.apps.chrome.Main
10-31 13:57:32.716   600   707 I ActivityManager: START u0 {cmp=com.android.chrome/org.chromium.chrome.browser.firstrun.TabbedModeFirstRunActivity (has extras)} from uid 10035 on display 0
10-31 13:57:32.778 18717 18734 W DynamiteModule: Local module descriptor class for com.google.android.gms.googlecertificates not found.
10-31 13:57:32.806 18717 18734 I DynamiteModule: Considering local module com.google.android.gms.googlecertificates:0 and remote module com.google.android.gms.googlecertificates:6
10-31 13:57:32.807 18717 18734 I DynamiteModule: Selected remote version of com.google.android.gms.googlecertificates, version >= 6
10-31 13:57:32.952 18717 18734 W System  : ClassLoader referenced unknown path: 
10-31 13:57:32.976   600   609 I art     : Background partial concurrent mark sweep GC freed 96353(3MB) AllocSpace objects, 24(544KB) LOS objects, 33% free, 17MB/25MB, paused 1.102ms total 111.919ms
10-31 13:57:33.021 18717 18734 D ApplicationLoaders: ignored Vulkan layer search path /data/app/com.google.android.gms-1/lib/arm:/data/app/com.google.android.gms-1/base.apk!/lib/armeabi-v7a:/data/app/com.google.android.gms-1/split_config.en.apk!/lib/armeabi-v7a for namespace 0xf4a47090
10-31 13:57:33.023 18717 18734 W ResourceType: ResTable_typeSpec entry count inconsistent: given 67, previously 69
10-31 13:57:33.023 18717 18734 W ResourceType: ResTable_typeSpec entry count inconsistent: given 5346, previously 5347
10-31 13:57:33.041 18717 18736 I OpenGLRenderer: Initialized EGL, version 1.4
10-31 13:57:33.041 18717 18736 D OpenGLRenderer: Swap behavior 2
10-31 13:57:33.047 18717 18734 I DynamiteLoaderV2Impl: [70] Googlecertificates
10-31 13:57:33.071 18717 18734 W System  : ClassLoader referenced unknown path: /data/user_de/0/com.google.android.gms/app_chimera/m/00000061/n/armeabi-v7a
10-31 13:57:33.072 18717 18734 W System  : ClassLoader referenced unknown path: /data/user_de/0/com.google.android.gms/app_chimera/m/00000061/n/armeabi
10-31 13:57:33.130 18717 18735 I cr_LibraryLoader: Loaded native library version number "85.0.4183.127"
10-31 13:57:33.155 18717 18735 I cr_CachingUmaRecorder: Flushed 10 samples from 10 histograms.
10-31 13:57:33.178   600   620 W WindowManager: Failed looking up window
10-31 13:57:33.178   600   620 W WindowManager: java.lang.IllegalArgumentException: Requested window android.view.ViewRootImpl$W@b269121 does not exist
10-31 13:57:33.178   600   620 W WindowManager: 	at com.android.server.wm.WindowManagerService.windowForClientLocked(WindowManagerService.java:9422)
10-31 13:57:33.178   600   620 W WindowManager: 	at com.android.server.wm.WindowManagerService.windowForClientLocked(WindowManagerService.java:9413)
10-31 13:57:33.178   600   620 W WindowManager: 	at com.android.server.wm.WindowManagerService.removeWindow(WindowManagerService.java:2393)
10-31 13:57:33.178   600   620 W WindowManager: 	at com.android.server.wm.Session.remove(Session.java:202)
10-31 13:57:33.178   600   620 W WindowManager: 	at android.view.ViewRootImpl.dispatchDetachedFromWindow(ViewRootImpl.java:3290)
10-31 13:57:33.178   600   620 W WindowManager: 	at android.view.ViewRootImpl.doDie(ViewRootImpl.java:5917)
10-31 13:57:33.178   600   620 W WindowManager: 	at android.view.ViewRootImpl$ViewRootHandler.handleMessage(ViewRootImpl.java:3626)
10-31 13:57:33.178   600   620 W WindowManager: 	at android.os.Handler.dispatchMessage(Handler.java:102)
10-31 13:57:33.178   600   620 W WindowManager: 	at android.os.Looper.loop(Looper.java:154)
10-31 13:57:33.178   600   620 W WindowManager: 	at android.os.HandlerThread.run(HandlerThread.java:61)
10-31 13:57:33.178   600   620 W WindowManager: 	at com.android.server.ServiceThread.run(ServiceThread.java:46)
10-31 13:57:33.232   600   620 I ActivityManager: Displayed com.android.chrome/org.chromium.chrome.browser.firstrun.TabbedModeFirstRunActivity: +426ms (total +963ms)
10-31 13:57:33.287   787  1169 E apju    : Phenotype API error. Event # cdub@9889d2d, EventCode: 7 [CONTEXT service_id=51 ]
10-31 13:57:33.287   787  1169 E apju    : apiz: 29505: No config packages for log source, or config package not registered
10-31 13:57:33.287   787  1169 E apju    : 	at apkj.b(:com.google.android.gms@203915020@20.39.15 (040406-335085812):7)
10-31 13:57:33.287   787  1169 E apju    : 	at apkg.b(:com.google.android.gms@203915020@20.39.15 (040406-335085812):2)
10-31 13:57:33.287   787  1169 E apju    : 	at apju.a(:com.google.android.gms@203915020@20.39.15 (040406-335085812):85)
10-31 13:57:33.287   787  1169 E apju    : 	at apju.a(:com.google.android.gms@203915020@20.39.15 (040406-335085812):80)
10-31 13:57:33.287   787  1169 E apju    : 	at aain.run(:com.google.android.gms@203915020@20.39.15 (040406-335085812):7)
10-31 13:57:33.287   787  1169 E apju    : 	at boex.run(:com.google.android.gms@203915020@20.39.15 (040406-335085812):2)
10-31 13:57:33.287   787  1169 E apju    : 	at sup.b(:com.google.android.gms@203915020@20.39.15 (040406-335085812):12)
10-31 13:57:33.287   787  1169 E apju    : 	at sup.run(:com.google.android.gms@203915020@20.39.15 (040406-335085812):7)
10-31 13:57:33.287   787  1169 E apju    : 	at java.util.concurrent.ThreadPoolExecutor.runWorker(ThreadPoolExecutor.java:1133)
10-31 13:57:33.287   787  1169 E apju    : 	at java.util.concurrent.ThreadPoolExecutor$Worker.run(ThreadPoolExecutor.java:607)
10-31 13:57:33.287   787  1169 E apju    : 	at tam.run(:com.google.android.gms@203915020@20.39.15 (040406-335085812):0)
10-31 13:57:33.287   787  1169 E apju    : 	at java.lang.Thread.run(Thread.java:761)
10-31 13:57:33.290   787   806 I FontLog : Received query Google Sans, URI content://com.google.android.gms.fonts [CONTEXT service_id=132 ]
10-31 13:57:33.293   787   806 I FontLog : Query [Google Sans] resolved to {Google Sans, wdth 100.0, wght 400, ital 0.0, bestEffort false} [CONTEXT service_id=132 ]
10-31 13:57:33.295   787  1169 E AsyncOperation: serviceID=51, operation=GetExperimentTokensOperationCall [CONTEXT service_id=259 ]
10-31 13:57:33.295   787  1169 E AsyncOperation: OperationException[Status{statusCode=No config packages for log source, or config package not registered, resolution=null}]
10-31 13:57:33.295   787  1169 E AsyncOperation: 	at apju.a(:com.google.android.gms@203915020@20.39.15 (040406-335085812):87)
10-31 13:57:33.295   787  1169 E AsyncOperation: 	at apju.a(:com.google.android.gms@203915020@20.39.15 (040406-335085812):80)
10-31 13:57:33.295   787  1169 E AsyncOperation: 	at aain.run(:com.google.android.gms@203915020@20.39.15 (040406-335085812):7)
10-31 13:57:33.295   787  1169 E AsyncOperation: 	at boex.run(:com.google.android.gms@203915020@20.39.15 (040406-335085812):2)
10-31 13:57:33.295   787  1169 E AsyncOperation: 	at sup.b(:com.google.android.gms@203915020@20.39.15 (040406-335085812):12)
10-31 13:57:33.295   787  1169 E AsyncOperation: 	at sup.run(:com.google.android.gms@203915020@20.39.15 (040406-335085812):7)
10-31 13:57:33.295   787  1169 E AsyncOperation: 	at java.util.concurrent.ThreadPoolExecutor.runWorker(ThreadPoolExecutor.java:1133)
10-31 13:57:33.295   787  1169 E AsyncOperation: 	at java.util.concurrent.ThreadPoolExecutor$Worker.run(ThreadPoolExecutor.java:607)
10-31 13:57:33.295   787  1169 E AsyncOperation: 	at tam.run(:com.google.android.gms@203915020@20.39.15 (040406-335085812):0)
10-31 13:57:33.295   787  1169 E AsyncOperation: 	at java.lang.Thread.run(Thread.java:761)
10-31 13:57:33.299   787   806 I FontLog : Font PFD returned from cache for {Google Sans, wdth 100.0, wght 400, ital 0.0, bestEffort false} [CONTEXT service_id=132 ]
10-31 13:57:33.299   787   806 I FontLog : Fetch {Google Sans, wdth 100.0, wght 400, ital 0.0, bestEffort false} end status Status{statusCode=SUCCESS, resolution=null} [CONTEXT service_id=132 ]
10-31 13:57:33.315   787  1174 I FontLog : Pulling font file for id = 1764, cache size = 5 [CONTEXT service_id=132 ]
10-31 13:57:33.329 18717 18734 D NetworkSecurityConfig: Using Network Security Config from resource 0_resource_name_obfuscated debugBuild: false
10-31 13:57:33.338   787 28591 I FontLog : Received query Google Sans:500, URI content://com.google.android.gms.fonts [CONTEXT service_id=132 ]
10-31 13:57:33.339   787 28591 I FontLog : Query [Google Sans:500] resolved to {Google Sans, wdth 100.0, wght 500, ital 0.0, bestEffort false} [CONTEXT service_id=132 ]
10-31 13:57:33.345   787 28591 I FontLog : Font PFD returned from cache for {Google Sans, wdth 100.0, wght 500, ital 0.0, bestEffort false} [CONTEXT service_id=132 ]
10-31 13:57:33.345   787 28591 I FontLog : Fetch {Google Sans, wdth 100.0, wght 500, ital 0.0, bestEffort false} end status Status{statusCode=SUCCESS, resolution=null} [CONTEXT service_id=132 ]
10-31 13:57:33.357   787 28589 I FontLog : Pulling font file for id = 1765, cache size = 5 [CONTEXT service_id=132 ]
10-31 13:57:33.544  5409  5421 W SearchService: Abort, client detached.
10-31 13:57:33.556  5409 18610 I DeviceStateChecker: DeviceStateChecker cancelled
10-31 13:57:33.557  5409  5409 I MicroDetector: Keeping mic open: false
10-31 13:57:33.558  5409  6467 I AudioController: internalShutdown
10-31 13:57:33.559  5409  6467 I MicrophoneInputStream: mic_close com.google.android.apps.gsa.speech.audio.ae@473f88a
10-31 13:57:33.560  5409  5483 I MicroRecognitionRunner: Stopping hotword detection.
10-31 13:57:33.566   238   285 I SoundTriggerHwService::Module: void android::SoundTriggerHwService::Module::onCallbackEvent(const sp<android::SoundTriggerHwService::CallbackEvent> &) mClient == 0
10-31 13:57:33.577  5409 18611 I MicroRecognitionRunner: Detection finished
10-31 13:57:33.626 18717 18734 I cr_VariationsSeedFetch: Fetched first run seed in 317 ms
10-31 13:57:33.660   600  3967 I ActivityManager: Start proc 18752:com.android.chrome:sandboxed_process0/u0i860 for service com.android.chrome/org.chromium.content.app.SandboxedProcessService0
10-31 13:57:33.703 18752 18752 W dboxed_process0: type=1400 audit(0.0:13529): avc: denied { getattr } for path="/data/data/com.android.chrome" dev="dm-2" ino=12190 scontext=u:r:isolated_app:s0:c512,c768 tcontext=u:object_r:app_data_file:s0:c512,c768 tclass=dir permissive=0
10-31 13:57:33.747 18752 18752 I cr_ChildProcessService: Creating new ChildProcessService pid=18752
10-31 13:57:34.011   600 27731 I ActivityManager: Start proc 18779:com.android.chrome:privileged_process0/u0a35 for service com.android.chrome/org.chromium.content.app.PrivilegedProcessService0
10-31 13:57:34.134 18779 18779 I cr_ChildProcessService: Creating new ChildProcessService pid=18779
10-31 13:57:34.146 18717 18738 W ConnectionStatusConfig: Dynamic lookup for intent failed for action: com.google.android.gms.auth.key.retrieval.service.START
10-31 13:57:34.153 18717 18738 W ConnectionStatusConfig: Dynamic lookup for intent failed for action: com.google.android.gms.auth.key.retrieval.service.START
10-31 13:57:34.155   600  2707 W ActivityManager: Unable to start service Intent { act=com.google.android.gms.auth.key.retrieval.service.START pkg=com.google.android.gms } U=0: not found
10-31 13:57:34.175   600 25704 W ActivityManager: Unbind failed: could not find connection for android.os.BinderProxy@6861a8d
10-31 13:57:34.176 18717 18738 E GmsClient: unable to connect to service: com.google.android.gms.auth.key.retrieval.service.START on com.google.android.gms
10-31 13:57:34.194 18779 18795 I cr_LibraryLoader: Loaded native library version number "85.0.4183.127"
10-31 13:57:34.197 18779 18795 I cr_CachingUmaRecorder: Flushed 1 samples from 1 histograms.
10-31 13:57:34.214 18779 18795 E libEGL  : validate_display:99 error 3008 (EGL_BAD_DISPLAY)
10-31 13:57:34.236 18717 18717 W cr_KnoxSettingsProvider: Permission to read device policy denied.
10-31 13:57:45.798 18822 18822 D AndroidRuntime: >>>>>> START com.android.internal.os.RuntimeInit uid 2000 <<<<<<
10-31 13:57:45.802 18822 18822 D AndroidRuntime: CheckJNI is OFF
10-31 13:57:45.866 18822 18822 D ICU     : No timezone override file found: /data/misc/zoneinfo/current/icu/icu_tzdata.dat
10-31 13:57:45.901 18822 18822 I Radio-JNI: register_android_hardware_Radio DONE
10-31 13:57:45.917 18822 18822 D AndroidRuntime: Calling main entry com.android.commands.monkey.Monkey
10-31 13:57:46.009   600   613 W BroadcastQueue: Skipping deliver [background] BroadcastRecord{51b12b5 u-1 android.net.conn.CONNECTIVITY_CHANGE} to ReceiverList{9384d4a 18822 (unknown name)/2000/u-1 remote:263cd9f}: process crashing
10-31 13:57:47.705 18822 18822 D MonkeyStub: translateCommand: wake
10-31 13:57:47.877 18822 18822 D MonkeyStub: translateCommand: tap 398 1198
10-31 13:57:50.113 18822 18822 D MonkeyStub: translateCommand: tap 720 1506
10-31 13:57:50.307  6616  6630 I PeopleChimeraService: onService. callbacks = aaik@26e03d3, request = com.google.android.gms.common.internal.GetServiceRequest@6341b10
10-31 13:57:50.319  6616  6741 I PeopleChimeraService: onService. callbacks = aaik@7a2d00e, request = com.google.android.gms.common.internal.GetServiceRequest@48b0a2f
10-31 13:57:52.156 18822 18822 D MonkeyStub: translateCommand: tap 355 1480
10-31 13:57:52.181 18822 18822 D MonkeyStub: Quit requested
10-31 13:57:52.203   600  3675 I ActivityManager: START u0 {act=android.intent.action.VIEW flg=0x10008000 cmp=com.android.chrome/com.google.android.apps.chrome.Main (has extras)} from uid 10035 on display 0
10-31 13:57:52.325 18822 18822 I art     : System.exit called, status: 6
10-31 13:57:52.325 18822 18822 I AndroidRuntime: VM exiting with result code 6.
10-31 13:57:52.381   600  7064 W WindowManager: Attempted to remove non-existing token: android.os.Binder@5c1a4bb
10-31 13:57:52.413 18717 18717 E cr_CompositorSurfaceMgr: Transitioning to surface with format : -1
10-31 13:57:52.435   600   609 I art     : Background partial concurrent mark sweep GC freed 19050(914KB) AllocSpace objects, 3(60KB) LOS objects, 33% free, 17MB/25MB, paused 1.599ms total 169.638ms
10-31 13:57:52.517 18717 18773 W cr_tabmodel: Starting to perform legacy migration.
10-31 13:57:52.522 18717 18773 W cr_tabmodel: Finished performing legacy migration.
10-31 13:57:52.522 18717 18773 W cr_tabmodel: Starting to perform multi-instance migration.
10-31 13:57:52.523 18717 18773 W cr_tabmodel: Finished performing multi-instance migration.
10-31 13:57:52.523 18717 18773 I cr_tabmodel: Starting to fetch tab list for tab_state0
10-31 13:57:52.523 18717 18773 I cr_tabmodel: State file does not exist.
10-31 13:57:52.523 18717 18773 I cr_tabmodel: Starting to fetch tab list for tab_state1
10-31 13:57:52.523 18717 18773 I cr_tabmodel: State file does not exist.
10-31 13:57:52.564 18717 18773 I cr_ADCP : No customization source found
10-31 13:57:52.599 18717 18736 D OpenGLRenderer: endAllActiveAnimators on 0xd4755900 (InsetDrawable) with handle 0xd42205a0
10-31 13:57:52.610   600 29683 E BatteryStatsService: power: Missing API
10-31 13:57:52.629   600 29683 E BatteryStatsService: no controller energy info supplied
10-31 13:57:52.631   796   796 E PhoneInterfaceManager: [PhoneIntfMgr] queryModemActivityInfo: Empty response
10-31 13:57:52.644   600 29683 E BatteryStatsService: modem info is invalid: ModemActivityInfo{ mTimestamp=0 mSleepTimeMs=0 mIdleTimeMs=0 mTxTimeMs[]=[0, 0, 0, 0, 0] mRxTimeMs=0 mEnergyUsed=0}
10-31 13:57:52.672   600   620 I ActivityManager: Displayed com.android.chrome/com.google.android.apps.chrome.Main: +432ms
10-31 13:57:52.673 18717 18717 E cr_CompositorSurfaceMgr: Transitioning to surface with format : -1
10-31 13:57:52.678 18717 18717 E cr_CompositorSurfaceMgr: surfaceCreated format : 0
10-31 13:57:52.688 18717 18717 I cr_ContextualSearch: Tap suppression enabled: false
10-31 13:57:52.693 18717 18717 I cr_ChromeTabbedActivity: #initializeState
10-31 13:57:52.697 18717 18717 I cr_CipherFactory: #restoreFromBundle, no savedInstanceState.
10-31 13:57:52.698 18717 18717 I cr_tabmodel: #loadState, ignoreIncognitoFiles? true
10-31 13:57:52.878 18717 18727 W art     : Suspending all threads took: 7.638ms
10-31 13:57:52.882 18717 18727 I art     : Background sticky concurrent mark sweep GC freed 6214(938KB) AllocSpace objects, 9(180KB) LOS objects, 15% free, 7MB/8MB, paused 8.486ms total 32.507ms
10-31 13:57:52.915 18717 18717 I SchedulerApiWrapper: Create SchedulerApiMainThreadWrapper
10-31 13:57:52.925 18717 18717 I FeedSessionManagerImpl: FeedSessionManagerImpl has been created
10-31 13:57:52.927 18717 18717 I FeedAppLifecycleLstnr: onEnterForeground called
10-31 13:57:52.927 18717 18717 I FeedSessionManagerImpl: onLifecycleEvent foreground
10-31 13:57:52.928 18717 18717 I FeedSessionManagerImpl: Lazy initialization triggered, getUpdateConsumer
10-31 13:57:52.928 18717 18773 I TaskQueue: Execute task [IMMEDIATE - d: true, b: 0]: 30
10-31 13:57:52.930 18717 18717 I FeedRequestManagerImpl: trigger refresh 2
10-31 13:57:52.930 18717 18717 I TaskQueue:  - task [HEAD_INVALIDATE - d: true, b: 0]: 26
10-31 13:57:52.931 18717 18717 I FeedAppLifecycleLstnr: initialize called
10-31 13:57:52.931 18717 18717 I FeedSessionManagerImpl: onLifecycleEvent initialize
10-31 13:57:52.931 18717 18717 W FeedSessionManagerImpl: FeedSessionManagerImpl has previously been initialized
10-31 13:57:52.957 18717 18717 I ViewConfigCompat: Could not find method getScaledScrollFactor() on ViewConfiguration
10-31 13:57:52.961 18717 18717 I BasicStream: Setting 2 header views, currently have 0 headers
10-31 13:57:52.962 18717 18717 I BasicStream: Setting 2 header views, currently have 2 headers
10-31 13:57:53.017   600   619 D BluetoothManagerService: Message: 20
10-31 13:57:53.018   600   619 D BluetoothManagerService: Added callback: android.bluetooth.IBluetoothManagerCallback$Stub$Proxy@3f1e777:true
10-31 13:57:53.035 18752 18765 I cr_LibraryLoader: Loaded native library version number "85.0.4183.127"
10-31 13:57:53.036 18752 18765 I cr_CachingUmaRecorder: Flushed 1 samples from 1 histograms.
10-31 13:57:53.038 18717 18717 E cr_IntentUtils: getBooleanExtra failed on intent null
10-31 13:57:53.048 18717 18717 I TimeoutSessionImpl: Using TimeoutSessionImpl
10-31 13:57:53.048 18717 18717 I FeedSessionManagerImpl: Delaying populateSession until initialization is finished
10-31 13:57:53.048 18717 18717 I TaskQueue:  - task [IMMEDIATE - d: true, b: 1]: 13
10-31 13:57:53.049 18717 18717 I MainThreadRunner: Running task [BasicStream onShow] on the Main Thread with a delay of 500 milliseconds
10-31 13:57:53.117   600  1079 I ActivityManager: Start proc 18853:com.android.chrome:sandboxed_process1/u0i861 for service com.android.chrome/org.chromium.content.app.SandboxedProcessService1
10-31 13:57:53.118 18717 18773 W SessionCache: Persisted Sessions were not found
10-31 13:57:53.118 18717 18773 I HeadSessionImpl: Initialize HEAD 0 items
10-31 13:57:53.120 18717 18773 I TaskQueue:  - task [BACKGROUND - d: true, b: 2]: 11
10-31 13:57:53.121 18717 18773 I TimingUtils: Task Timing 191ms, thread JardinExecutor | task : Initialization
10-31 13:57:53.121 18717 18773 I TaskQueue:  - Finished 30, time 193 ms
10-31 13:57:53.123 18717 18773 I TaskQueue: Execute task [HEAD_INVALIDATE - d: true, b: 2]: 26
10-31 13:57:53.123 18717 18773 I TimingUtils: Task Timing   0ms, thread JardinExecutor | task : getAllDismissLocalActions | size : 0
10-31 13:57:53.123 18717 18773 I TimingUtils: Task Timing   0ms, thread JardinExecutor | task : getSemanticProperties | size : 0
10-31 13:57:53.123 18717 18773 I MainThreadRunner: Running task [Check Tooltips] on the Main Thread
10-31 13:57:53.124 18717 18773 I TaskQueue:  * Starting starvation checks
10-31 13:57:53.124 18717 18773 I MainThreadRunner: Running task [starvationChecks] on the Main Thread with a delay of 6000 milliseconds
10-31 13:57:53.124 18717 18773 I TaskQueue:  - Finished 26, time 1 ms
10-31 13:57:53.124 18717 18773 I TaskQueue: Execute task [IMMEDIATE - d: true, b: 1]: 13
10-31 13:57:53.124 18717 18773 I FeedSessionManagerImpl: shouldSessionRequestData; hasContent(false), contentCreationTime(0), outstandingRequest(true)
10-31 13:57:53.124 18717 18773 I MainThreadRunner: Running task [SchedulerApiWrapper shouldSessionRequestData] on the Main Thread
10-31 13:57:53.147   600  2707 I ActivityManager: Start proc 18858:com.android.chrome:sandboxed_process2/u0i862 for service com.android.chrome/org.chromium.content.app.SandboxedProcessService2
10-31 13:57:53.201   600 29683 I ActivityManager: Start proc 18877:com.android.chrome:sandboxed_process3/u0i863 for service com.android.chrome/org.chromium.content.app.SandboxedProcessService3
10-31 13:57:53.234 18717 18727 I art     : Background partial concurrent mark sweep GC freed 13781(865KB) AllocSpace objects, 5(652KB) LOS objects, 40% free, 9MB/15MB, paused 3.634ms total 168.737ms
10-31 13:57:53.243   600 13558 I ActivityManager: Start proc 18889:com.android.chrome:sandboxed_process4/u0i864 for service com.android.chrome/org.chromium.content.app.SandboxedProcessService4
10-31 13:57:53.292   600 16391 I ActivityManager: Start proc 18895:com.android.chrome:sandboxed_process5/u0i865 for service com.android.chrome/org.chromium.content.app.SandboxedProcessService5
10-31 13:57:53.341   600  7064 I ActivityManager: Start proc 18915:com.android.chrome:sandboxed_process6/u0i866 for service com.android.chrome/org.chromium.content.app.SandboxedProcessService6
10-31 13:57:53.350 18853 18853 W dboxed_process1: type=1400 audit(0.0:13530): avc: denied { getattr } for path="/data/data/com.android.chrome" dev="dm-2" ino=12190 scontext=u:r:isolated_app:s0:c512,c768 tcontext=u:object_r:app_data_file:s0:c512,c768 tclass=dir permissive=0
10-31 13:57:53.363 18858 18858 W dboxed_process2: type=1400 audit(0.0:13531): avc: denied { getattr } for path="/data/data/com.android.chrome" dev="dm-2" ino=12190 scontext=u:r:isolated_app:s0:c512,c768 tcontext=u:object_r:app_data_file:s0:c512,c768 tclass=dir permissive=0
10-31 13:57:53.416   600 13557 I ActivityManager: Start proc 18930:com.android.chrome:sandboxed_process7/u0i867 for service com.android.chrome/org.chromium.content.app.SandboxedProcessService7
10-31 13:57:53.496   600  9614 I ActivityManager: Start proc 18945:com.android.chrome:sandboxed_process8/u0i868 for service com.android.chrome/org.chromium.content.app.SandboxedProcessService8
10-31 13:57:53.524 18717 18717 I PlayCore: UID: [10035]  PID: [18717] SplitInstallService : deferredInstall([image_editor])
10-31 13:57:53.557 18877 18877 W dboxed_process3: type=1400 audit(0.0:13532): avc: denied { getattr } for path="/data/data/com.android.chrome" dev="dm-2" ino=12190 scontext=u:r:isolated_app:s0:c512,c768 tcontext=u:object_r:app_data_file:s0:c512,c768 tclass=dir permissive=0
10-31 13:57:53.559 18853 18853 I cr_ChildProcessService: Creating new ChildProcessService pid=18853
10-31 13:57:53.590 18889 18889 W dboxed_process4: type=1400 audit(0.0:13533): avc: denied { getattr } for path="/data/data/com.android.chrome" dev="dm-2" ino=12190 scontext=u:r:isolated_app:s0:c512,c768 tcontext=u:object_r:app_data_file:s0:c512,c768 tclass=dir permissive=0
10-31 13:57:53.606 18858 18858 I cr_ChildProcessService: Creating new ChildProcessService pid=18858
10-31 13:57:53.633 18717 18960 I PlayCore: UID: [10035]  PID: [18717] SplitInstallService : Initiate binding to the service.
10-31 13:57:53.637   600 24515 W ActivityManager: Unable to start service Intent { act=com.google.android.play.core.splitinstall.BIND_SPLIT_INSTALL_SERVICE pkg=com.android.vending } U=0: not found
10-31 13:57:53.684 18717 18717 I Choreographer: Skipped 59 frames!  The application may be doing too much work on its main thread.
10-31 13:57:53.707 18895 18895 W dboxed_process5: type=1400 audit(0.0:13534): avc: denied { getattr } for path="/data/data/com.android.chrome" dev="dm-2" ino=12190 scontext=u:r:isolated_app:s0:c512,c768 tcontext=u:object_r:app_data_file:s0:c512,c768 tclass=dir permissive=0
10-31 13:57:53.777 18915 18915 W dboxed_process6: type=1400 audit(0.0:13535): avc: denied { getattr } for path="/data/data/com.android.chrome" dev="dm-2" ino=12190 scontext=u:r:isolated_app:s0:c512,c768 tcontext=u:object_r:app_data_file:s0:c512,c768 tclass=dir permissive=0
10-31 13:57:53.811 18877 18877 I cr_ChildProcessService: Creating new ChildProcessService pid=18877
10-31 13:57:53.813 18889 18889 I cr_ChildProcessService: Creating new ChildProcessService pid=18889
10-31 13:57:53.840 18930 18930 W dboxed_process7: type=1400 audit(0.0:13536): avc: denied { getattr } for path="/data/data/com.android.chrome" dev="dm-2" ino=12190 scontext=u:r:isolated_app:s0:c512,c768 tcontext=u:object_r:app_data_file:s0:c512,c768 tclass=dir permissive=0
10-31 13:57:53.928 18895 18895 I cr_ChildProcessService: Creating new ChildProcessService pid=18895
10-31 13:57:53.937 18945 18945 W dboxed_process8: type=1400 audit(0.0:13537): avc: denied { getattr } for path="/data/data/com.android.chrome" dev="dm-2" ino=12190 scontext=u:r:isolated_app:s0:c512,c768 tcontext=u:object_r:app_data_file:s0:c512,c768 tclass=dir permissive=0
10-31 13:57:53.961 18853 18965 I cr_LibraryLoader: Loaded native library version number "85.0.4183.127"
10-31 13:57:53.962 18853 18965 I cr_CachingUmaRecorder: Flushed 1 samples from 1 histograms.
10-31 13:57:54.012 18858 18971 I cr_LibraryLoader: Loaded native library version number "85.0.4183.127"
10-31 13:57:54.021 18717 18717 I cr_tabmodel: Appending tabs being restored to metadata lists, 0, startingNormalCount: 1, startingIncognitoCount: 0
10-31 13:57:54.021 18717 18717 I cr_tabmodel: Serializing tab lists; counts: 1, 0
10-31 13:57:54.026 18858 18971 I cr_CachingUmaRecorder: Flushed 1 samples from 1 histograms.
10-31 13:57:54.061 18930 18930 I cr_ChildProcessService: Creating new ChildProcessService pid=18930
10-31 13:57:54.065 18915 18915 I cr_ChildProcessService: Creating new ChildProcessService pid=18915
10-31 13:57:54.100 18717 18960 I PlayCore: UID: [10035]  PID: [18717] SplitInstallService : Failed to bind to the service.
10-31 13:57:54.124 18945 18945 I cr_ChildProcessService: Creating new ChildProcessService pid=18945
10-31 13:57:54.164   600 25704 I ActivityManager: Start proc 18988:com.android.chrome:sandboxed_process9/u0i869 for service com.android.chrome/org.chromium.content.app.SandboxedProcessService9
10-31 13:57:54.167 18717 18717 I TaskQueue:  - task [IMMEDIATE - d: true, b: 1]: 27
10-31 13:57:54.168 18717 18773 I FeedSessionManagerImpl: shouldSessionRequestDataResult: NO_REQUEST_WITH_WAIT, shouldMakeRequest(false), withTimeout(false), withAppend(false)
10-31 13:57:54.168 18717 18773 I TaskQueue:  - task [USER_FACING - d: true, b: 2]: 24
10-31 13:57:54.168 18717 18773 I TaskQueue:  - Finished 13, time 1045 ms
10-31 13:57:54.168 18717 18773 I TaskQueue: Execute task [IMMEDIATE - d: true, b: 2]: 27
10-31 13:57:54.169 18717 18773 I FeedRequestManagerImpl: Consistency Token: # hU2@7bca4
10-31 13:57:54.185 18717 18773 I FeedRequestManagerImpl: Capability: FEED_UI
10-31 13:57:54.185 18717 18773 I FeedRequestManagerImpl: Capability: UNDOABLE_ACTIONS
10-31 13:57:54.185 18717 18773 I FeedRequestManagerImpl: Capability: MANAGE_INTERESTS
10-31 13:57:54.185 18717 18773 I FeedRequestManagerImpl: Capability: SEND_FEEDBACK
10-31 13:57:54.185 18717 18773 I FeedRequestManagerImpl: Capability: ARTICLE_SNIPPETS
10-31 13:57:54.185 18717 18773 I FeedRequestManagerImpl: Capability: CLICK_ACTION
10-31 13:57:54.185 18717 18773 I FeedRequestManagerImpl: Capability: VIEW_ACTION
10-31 13:57:54.185 18717 18773 I FeedRequestManagerImpl: Capability: REPORT_FEED_USER_ACTIONS_NOTICE_CARD
10-31 13:57:54.185 18717 18773 I FeedRequestManagerImpl: Capability: BASE_UI
10-31 13:57:54.245 18877 18973 I cr_LibraryLoader: Loaded native library version number "85.0.4183.127"
10-31 13:57:54.245 18877 18973 I cr_CachingUmaRecorder: Flushed 1 samples from 1 histograms.
10-31 13:57:54.251 18889 18974 I cr_LibraryLoader: Loaded native library version number "85.0.4183.127"
10-31 13:57:54.251 18889 18974 I cr_CachingUmaRecorder: Flushed 1 samples from 1 histograms.
10-31 13:57:54.264 18717 18773 I FeedRequestManagerImpl: Making Request: /httpservice/noretry/DiscoverClankService/FeedQuery
10-31 13:57:54.264 18717 18773 I MainThreadRunner: Running task [NetworkClientWrapper send] on the Main Thread
10-31 13:57:54.264 18717 18773 I TaskQueue:  - Finished 27, time 96 ms
10-31 13:57:54.301   600   613 I ActivityManager: Killing 18858:com.android.chrome:sandboxed_process2/u0a35i862 (adj 0): isolated not needed
10-31 13:57:54.301   600   613 I ActivityManager: Killing 18853:com.android.chrome:sandboxed_process1/u0a35i861 (adj 0): isolated not needed
10-31 13:57:54.425 18895 18975 I cr_LibraryLoader: Loaded native library version number "85.0.4183.127"
10-31 13:57:54.440 18895 18975 I cr_CachingUmaRecorder: Flushed 1 samples from 1 histograms.
10-31 13:57:54.460 18717 18727 W art     : Suspending all threads took: 5.853ms
10-31 13:57:54.472 18930 18980 I cr_LibraryLoader: Loaded native library version number "85.0.4183.127"
10-31 13:57:54.472 18930 18980 I cr_CachingUmaRecorder: Flushed 1 samples from 1 histograms.
10-31 13:57:54.481 18915 18981 I cr_LibraryLoader: Loaded native library version number "85.0.4183.127"
10-31 13:57:54.483   600   611 I ActivityManager: Killing 18877:com.android.chrome:sandboxed_process3/u0a35i863 (adj 0): isolated not needed
10-31 13:57:54.483   600   611 I ActivityManager: Killing 18889:com.android.chrome:sandboxed_process4/u0a35i864 (adj 0): isolated not needed
10-31 13:57:54.502 18915 18981 I cr_CachingUmaRecorder: Flushed 1 samples from 1 histograms.
10-31 13:57:54.531 18717 18772 W cr_CrashFileManager: /data/user/0/com.android.chrome/cache/Crash Reports does not exist or is not a directory
10-31 13:57:54.531 18717 18772 W cr_CrashFileManager: /data/user/0/com.android.chrome/cache/Crash Reports does not exist or is not a directory
10-31 13:57:54.531 18717 18772 W cr_CrashFileManager: /data/user/0/com.android.chrome/cache/Crash Reports does not exist or is not a directory
10-31 13:57:54.536 18717 18751 I cr_BindingManager: Moderate binding enabled: maxSize=40
10-31 13:57:54.541 18717 18772 I cr_FileUtils: Writing to /data/user/0/com.android.chrome/app_dex/webapk7.dex
10-31 13:57:54.576 18717 18727 I art     : Background sticky concurrent mark sweep GC freed 76074(4MB) AllocSpace objects, 49(1016KB) LOS objects, 34% free, 10MB/15MB, paused 13.336ms total 171.461ms
10-31 13:57:54.583 18988 18988 W dboxed_process9: type=1400 audit(0.0:13538): avc: denied { getattr } for path="/data/data/com.android.chrome" dev="dm-2" ino=12190 scontext=u:r:isolated_app:s0:c512,c768 tcontext=u:object_r:app_data_file:s0:c512,c768 tclass=dir permissive=0
10-31 13:57:54.633 18945 18987 I cr_LibraryLoader: Loaded native library version number "85.0.4183.127"
10-31 13:57:54.700 18945 18987 I cr_CachingUmaRecorder: Flushed 1 samples from 1 histograms.
10-31 13:57:54.728   600  1082 I ActivityManager: Killing 18930:com.android.chrome:sandboxed_process7/u0a35i867 (adj 0): isolated not needed
10-31 13:57:54.728   600  1082 I ActivityManager: Killing 18915:com.android.chrome:sandboxed_process6/u0a35i866 (adj 0): isolated not needed
10-31 13:57:54.740 18895 18975 I chromium: [INFO:child_process_service.cc(69)] ChildProcessService: Exiting child process.
10-31 13:57:54.745   197   197 E lowmemorykiller: Error writing /proc/18895/oom_score_adj; errno=22
10-31 13:57:54.749   600 27731 I ActivityManager: Killing 18895:com.android.chrome:sandboxed_process5/u0a35i865 (adj 0): isolated not needed
10-31 13:57:54.753  6616  6965 I Icing   : IndexChimeraService.getServiceInterface callingPackage=com.android.chrome componentName=null serviceId=36
10-31 13:57:54.781   600 13558 D ActivityManager: cleanUpApplicationRecord -- 18895
10-31 13:57:54.793 18717 18717 W chromium: [WARNING:compositor_view.cc(315)] Child process died (type=6) pid=18895)
10-31 13:57:54.828   600   610 I ActivityManager: Start proc 19024:com.android.chrome:sandboxed_process10/u0i870 for service com.android.chrome/org.chromium.content.app.SandboxedProcessService10
10-31 13:57:54.855 18988 18988 I cr_ChildProcessService: Creating new ChildProcessService pid=18988
10-31 13:57:54.867  6616  6982 I Icing   : IndexChimeraService.getServiceInterface callingPackage=com.android.chrome componentName=null serviceId=36
10-31 13:57:54.962 18945 18987 I chromium: [INFO:child_process_service.cc(69)] ChildProcessService: Exiting child process.
10-31 13:57:54.964   600 13558 I ActivityManager: Start proc 19038:com.android.chrome:sandboxed_process11/u0i871 for service com.android.chrome/org.chromium.content.app.SandboxedProcessService11
10-31 13:57:55.003   600  3967 I ActivityManager: Start proc 19044:com.android.chrome:sandboxed_process12/u0i872 for service com.android.chrome/org.chromium.content.app.SandboxedProcessService12
10-31 13:57:55.008   197   197 E lowmemorykiller: Error writing /proc/18945/oom_score_adj; errno=22
10-31 13:57:55.031   600  1079 I ActivityManager: Killing 18945:com.android.chrome:sandboxed_process8/u0a35i868 (adj 0): isolated not needed
10-31 13:57:55.063 19024 19024 W boxed_process10: type=1400 audit(0.0:13539): avc: denied { getattr } for path="/data/data/com.android.chrome" dev="dm-2" ino=12190 scontext=u:r:isolated_app:s0:c512,c768 tcontext=u:object_r:app_data_file:s0:c512,c768 tclass=dir permissive=0
10-31 13:57:55.098   600 24611 I ActivityManager: Start proc 19064:com.android.chrome:sandboxed_process13/u0i873 for service com.android.chrome/org.chromium.content.app.SandboxedProcessService13
10-31 13:57:55.123 19038 19038 W boxed_process11: type=1400 audit(0.0:13540): avc: denied { getattr } for path="/data/data/com.android.chrome" dev="dm-2" ino=12190 scontext=u:r:isolated_app:s0:c512,c768 tcontext=u:object_r:app_data_file:s0:c512,c768 tclass=dir permissive=0
10-31 13:57:55.139   600 13558 I ActivityManager: Start proc 19071:com.android.chrome:sandboxed_process14/u0i874 for service com.android.chrome/org.chromium.content.app.SandboxedProcessService14
10-31 13:57:55.197 19044 19044 W boxed_process12: type=1400 audit(0.0:13541): avc: denied { getattr } for path="/data/data/com.android.chrome" dev="dm-2" ino=12190 scontext=u:r:isolated_app:s0:c512,c768 tcontext=u:object_r:app_data_file:s0:c512,c768 tclass=dir permissive=0
10-31 13:57:55.203   600  1079 I ActivityManager: Start proc 19085:com.android.chrome:sandboxed_process15/u0i875 for service com.android.chrome/org.chromium.content.app.SandboxedProcessService15
10-31 13:57:55.214 19018 19018 I dex2oat : /system/bin/dex2oat --dex-file=/data/user/0/com.android.chrome/app_dex/webapk7.dex --oat-fd=221 --oat-location=/data/user/0/com.android.chrome/app_dex/oat/arm/webapk7.dex --compiler-filter=speed
10-31 13:57:55.235 19038 19038 I cr_ChildProcessService: Creating new ChildProcessService pid=19038
10-31 13:57:55.291 19024 19024 I cr_ChildProcessService: Creating new ChildProcessService pid=19024
10-31 13:57:55.298 18988 19029 I cr_LibraryLoader: Loaded native library version number "85.0.4183.127"
10-31 13:57:55.307 19044 19044 I cr_ChildProcessService: Creating new ChildProcessService pid=19044
10-31 13:57:55.316 18988 19029 I cr_CachingUmaRecorder: Flushed 1 samples from 1 histograms.
10-31 13:57:55.492 18988 19029 I chromium: [INFO:child_process_service.cc(69)] ChildProcessService: Exiting child process.
10-31 13:57:55.509   197   197 E lowmemorykiller: Error writing /proc/18988/oom_score_adj; errno=22
10-31 13:57:55.509   600  3994 E JavaBinder: !!! FAILED BINDER TRANSACTION !!!  (parcel size = 76)
10-31 13:57:55.512   600  3994 E JavaBinder: !!! FAILED BINDER TRANSACTION !!!  (parcel size = 572)
10-31 13:57:55.518   600  3994 W ActivityManager: Exception when unbinding service com.android.chrome/org.chromium.content.app.SandboxedProcessService9
10-31 13:57:55.518   600  3994 W ActivityManager: android.os.DeadObjectException: Transaction failed on small parcel; remote process probably died
10-31 13:57:55.518   600  3994 W ActivityManager: 	at android.os.BinderProxy.transactNative(Native Method)
10-31 13:57:55.518   600  3994 W ActivityManager: 	at android.os.BinderProxy.transact(Binder.java:615)
10-31 13:57:55.518   600  3994 W ActivityManager: 	at android.app.ApplicationThreadProxy.scheduleUnbindService(ApplicationThreadNative.java:1016)
10-31 13:57:55.518   600  3994 W ActivityManager: 	at com.android.server.am.ActiveServices.removeConnectionLocked(ActiveServices.java:2175)
10-31 13:57:55.518   600  3994 W ActivityManager: 	at com.android.server.am.ActiveServices.unbindServiceLocked(ActiveServices.java:1163)
10-31 13:57:55.518   600  3994 W ActivityManager: 	at com.android.server.am.ActivityManagerService.unbindService(ActivityManagerService.java:17309)
10-31 13:57:55.518   600  3994 W ActivityManager: 	at android.app.ActivityManagerNative.onTransact(ActivityManagerNative.java:1145)
10-31 13:57:55.518   600  3994 W ActivityManager: 	at com.android.server.am.ActivityManagerService.onTransact(ActivityManagerService.java:2795)
10-31 13:57:55.518   600  3994 W ActivityManager: 	at android.os.Binder.execTransact(Binder.java:565)
10-31 13:57:55.518   600  3994 E JavaBinder: !!! FAILED BINDER TRANSACTION !!!  (parcel size = 76)
10-31 13:57:55.518   197   197 E lowmemorykiller: Error writing /proc/18988/oom_score_adj; errno=22
10-31 13:57:55.527   600  2707 I ActivityManager: Process com.android.chrome:sandboxed_process9 (pid 18988) has died
10-31 13:57:55.527   600  2707 D ActivityManager: cleanUpApplicationRecord -- 18988
10-31 13:57:55.537 19064 19064 W boxed_process13: type=1400 audit(0.0:13542): avc: denied { getattr } for path="/data/data/com.android.chrome" dev="dm-2" ino=12190 scontext=u:r:isolated_app:s0:c512,c768 tcontext=u:object_r:app_data_file:s0:c512,c768 tclass=dir permissive=0
10-31 13:57:55.542 18717 18717 W chromium: [WARNING:compositor_view.cc(315)] Child process died (type=6) pid=18988)
10-31 13:57:55.543 19085 19085 W boxed_process15: type=1400 audit(0.0:13543): avc: denied { getattr } for path="/data/data/com.android.chrome" dev="dm-2" ino=12190 scontext=u:r:isolated_app:s0:c512,c768 tcontext=u:object_r:app_data_file:s0:c512,c768 tclass=dir permissive=0
10-31 13:57:55.552 19024 19105 I cr_LibraryLoader: Loaded native library version number "85.0.4183.127"
10-31 13:57:55.552 19024 19105 I cr_CachingUmaRecorder: Flushed 1 samples from 1 histograms.
10-31 13:57:55.559 18717 18751 I cr_BindingManager: onTrimMemory: level=10, size=0
10-31 13:57:55.560 19071 19071 W boxed_process14: type=1400 audit(0.0:13544): avc: denied { getattr } for path="/data/data/com.android.chrome" dev="dm-2" ino=12190 scontext=u:r:isolated_app:s0:c512,c768 tcontext=u:object_r:app_data_file:s0:c512,c768 tclass=dir permissive=0
10-31 13:57:55.565 19038 19097 I cr_LibraryLoader: Loaded native library version number "85.0.4183.127"
10-31 13:57:55.566 19038 19097 I cr_CachingUmaRecorder: Flushed 1 samples from 1 histograms.
10-31 13:57:55.599 19044 19107 I cr_LibraryLoader: Loaded native library version number "85.0.4183.127"
10-31 13:57:55.600 19044 19107 I cr_CachingUmaRecorder: Flushed 1 samples from 1 histograms.
10-31 13:57:55.637  1084  1084 I MemoryTrimmer: Trimming objects from memory, since app is in the background.
10-31 13:57:55.682 19071 19071 I cr_ChildProcessService: Creating new ChildProcessService pid=19071
10-31 13:57:55.708 19064 19064 I cr_ChildProcessService: Creating new ChildProcessService pid=19064
10-31 13:57:55.713 19085 19085 I cr_ChildProcessService: Creating new ChildProcessService pid=19085
10-31 13:57:55.765 18851 18851 D AndroidRuntime: >>>>>> START com.android.internal.os.RuntimeInit uid 2000 <<<<<<
10-31 13:57:55.820 18851 18851 D AndroidRuntime: CheckJNI is OFF
10-31 13:57:55.840   600   611 I ActivityManager: Start proc 19125:com.android.chrome:sandboxed_process16/u0i876 for service com.android.chrome/org.chromium.content.app.SandboxedProcessService16
10-31 13:57:55.916   600  1079 I ActivityManager: Killing 19044:com.android.chrome:sandboxed_process12/u0a35i872 (adj 0): isolated not needed
10-31 13:57:55.916   600  1079 I ActivityManager: Killing 19038:com.android.chrome:sandboxed_process11/u0a35i871 (adj 0): isolated not needed
10-31 13:57:55.916   600  1079 I ActivityManager: Killing 19024:com.android.chrome:sandboxed_process10/u0a35i870 (adj 0): isolated not needed
10-31 13:57:55.919 19085 19124 I cr_LibraryLoader: Loaded native library version number "85.0.4183.127"
10-31 13:57:55.920 19085 19124 I cr_CachingUmaRecorder: Flushed 1 samples from 1 histograms.
10-31 13:57:55.954 19071 19122 I cr_LibraryLoader: Loaded native library version number "85.0.4183.127"
10-31 13:57:55.954   600  1081 I ActivityManager: Start proc 19139:com.android.chrome:sandboxed_process17/u0i877 for service com.android.chrome/org.chromium.content.app.SandboxedProcessService17
10-31 13:57:55.977 19071 19122 I cr_CachingUmaRecorder: Flushed 1 samples from 1 histograms.
10-31 13:57:55.994 19064 19123 I cr_LibraryLoader: Loaded native library version number "85.0.4183.127"
10-31 13:57:55.995 19064 19123 I cr_CachingUmaRecorder: Flushed 1 samples from 1 histograms.
10-31 13:57:56.008   600  1080 I ActivityManager: Start proc 19145:com.android.chrome:sandboxed_process18/u0i878 for service com.android.chrome/org.chromium.content.app.SandboxedProcessService18
10-31 13:57:56.050 19125 19125 W boxed_process16: type=1400 audit(0.0:13545): avc: denied { getattr } for path="/data/data/com.android.chrome" dev="dm-2" ino=12190 scontext=u:r:isolated_app:s0:c512,c768 tcontext=u:object_r:app_data_file:s0:c512,c768 tclass=dir permissive=0
10-31 13:57:56.103 19071 19122 I chromium: [INFO:child_process_service.cc(69)] ChildProcessService: Exiting child process.
10-31 13:57:56.104   197   197 E lowmemorykiller: Error writing /proc/19071/oom_score_adj; errno=22
10-31 13:57:56.130 19125 19125 I cr_ChildProcessService: Creating new ChildProcessService pid=19125
10-31 13:57:56.141 19064 19123 I chromium: [INFO:child_process_service.cc(69)] ChildProcessService: Exiting child process.
10-31 13:57:56.143 19139 19139 W boxed_process17: type=1400 audit(0.0:13546): avc: denied { getattr } for path="/data/data/com.android.chrome" dev="dm-2" ino=12190 scontext=u:r:isolated_app:s0:c512,c768 tcontext=u:object_r:app_data_file:s0:c512,c768 tclass=dir permissive=0
10-31 13:57:56.185 19139 19139 I cr_ChildProcessService: Creating new ChildProcessService pid=19139
10-31 13:57:56.214   600 24611 I ActivityManager: Process com.android.chrome:sandboxed_process14 (pid 19071) has died
10-31 13:57:56.214   600 24611 D ActivityManager: cleanUpApplicationRecord -- 19071
10-31 13:57:56.215   600 24611 I ActivityManager: Killing 19064:com.android.chrome:sandboxed_process13/u0a35i873 (adj 0): isolated not needed
10-31 13:57:56.215   600 24611 I ActivityManager: Killing 19085:com.android.chrome:sandboxed_process15/u0a35i875 (adj 0): isolated not needed
10-31 13:57:56.218 19125 19174 I cr_LibraryLoader: Loaded native library version number "85.0.4183.127"
10-31 13:57:56.218 19125 19174 I cr_CachingUmaRecorder: Flushed 1 samples from 1 histograms.
10-31 13:57:56.266 18717 18717 W chromium: [WARNING:compositor_view.cc(315)] Child process died (type=6) pid=19071)
10-31 13:57:56.279   600   611 I ActivityManager: Start proc 19179:com.android.chrome:sandboxed_process19/u0i879 for service com.android.chrome/org.chromium.content.app.SandboxedProcessService19
10-31 13:57:56.314   600 27731 I ActivityManager: Start proc 19185:com.android.chrome:sandboxed_process20/u0i880 for service com.android.chrome/org.chromium.content.app.SandboxedProcessService20
10-31 13:57:56.318 18851 18851 D ICU     : No timezone override file found: /data/misc/zoneinfo/current/icu/icu_tzdata.dat
10-31 13:57:56.321 19125 19174 I chromium: [INFO:child_process_service.cc(69)] ChildProcessService: Exiting child process.
10-31 13:57:56.321   197   197 E lowmemorykiller: Error writing /proc/19125/oom_score_adj; errno=22
10-31 13:57:56.333 19139 19175 I cr_LibraryLoader: Loaded native library version number "85.0.4183.127"
10-31 13:57:56.341   600 25704 I ActivityManager: Killing 19125:com.android.chrome:sandboxed_process16/u0a35i876 (adj 0): isolated not needed
10-31 13:57:56.345 19139 19175 I cr_CachingUmaRecorder: Flushed 1 samples from 1 histograms.
10-31 13:57:56.364   600   610 D ActivityManager: cleanUpApplicationRecord -- 19125
10-31 13:57:56.403 19179 19179 W boxed_process19: type=1400 audit(0.0:13547): avc: denied { getattr } for path="/data/data/com.android.chrome" dev="dm-2" ino=12190 scontext=u:r:isolated_app:s0:c512,c768 tcontext=u:object_r:app_data_file:s0:c512,c768 tclass=dir permissive=0
10-31 13:57:56.423 19185 19185 W boxed_process20: type=1400 audit(0.0:13548): avc: denied { getattr } for path="/data/data/com.android.chrome" dev="dm-2" ino=12190 scontext=u:r:isolated_app:s0:c512,c768 tcontext=u:object_r:app_data_file:s0:c512,c768 tclass=dir permissive=0
10-31 13:57:56.428 18851 18851 I Radio-JNI: register_android_hardware_Radio DONE
10-31 13:57:56.449 19179 19179 I cr_ChildProcessService: Creating new ChildProcessService pid=19179
10-31 13:57:56.452 19185 19185 I cr_ChildProcessService: Creating new ChildProcessService pid=19185
10-31 13:57:56.470 18851 18851 D AndroidRuntime: Calling main entry com.android.commands.am.Am
10-31 13:57:56.479 19139 19139 I cr_ChildProcessService: Destroying ChildProcessService pid=19139
10-31 13:57:56.500 18717 18717 W chromium: [WARNING:compositor_view.cc(315)] Child process died (type=6) pid=19125)
10-31 13:57:56.536 19179 19214 I cr_LibraryLoader: Loaded native library version number "85.0.4183.127"
10-31 13:57:56.541   600   713 I ActivityManager: START u0 {act=android.intent.action.VIEW dat=http://www.britannica.com/... flg=0x10000000 cmp=com.android.chrome/com.google.android.apps.chrome.Main} from uid 2000 on display 0
10-31 13:57:56.547 18851 18851 D AndroidRuntime: Shutting down VM
10-31 13:57:56.549 19179 19214 I cr_CachingUmaRecorder: Flushed 1 samples from 1 histograms.
10-31 13:57:56.561 19185 19215 I cr_LibraryLoader: Loaded native library version number "85.0.4183.127"
10-31 13:57:56.561 19185 19215 I cr_CachingUmaRecorder: Flushed 1 samples from 1 histograms.
10-31 13:57:56.563 19145 19145 W boxed_process18: type=1400 audit(0.0:13549): avc: denied { getattr } for path="/data/data/com.android.chrome" dev="dm-2" ino=12190 scontext=u:r:isolated_app:s0:c512,c768 tcontext=u:object_r:app_data_file:s0:c512,c768 tclass=dir permissive=0
10-31 13:57:56.615 18717 18717 E cr_IntentUtils: getInt failed on bundle null
10-31 13:57:56.636 19145 19145 I cr_ChildProcessService: Creating new ChildProcessService pid=19145
10-31 13:57:56.651   600  1082 I ActivityManager: Start proc 19227:com.android.chrome:sandboxed_process21/u0i881 for service com.android.chrome/org.chromium.content.app.SandboxedProcessService21
10-31 13:57:56.673 19185 19215 I chromium: [INFO:child_process_service.cc(69)] ChildProcessService: Exiting child process.
10-31 13:57:56.682 18717 18717 W FeedModelProvider: sessionId is null, this should have been set during population
10-31 13:57:56.683 18717 18717 I cr_tabmodel: Appending tabs being restored to metadata lists, 0, startingNormalCount: 2, startingIncognitoCount: 0
10-31 13:57:56.683 18717 18717 I cr_tabmodel: Serializing tab lists; counts: 2, 0
10-31 13:57:56.685   600  3967 I ActivityManager: Killing 19185:com.android.chrome:sandboxed_process20/u0a35i880 (adj 0): isolated not needed
10-31 13:57:56.685   600  3967 I ActivityManager: Killing 19179:com.android.chrome:sandboxed_process19/u0a35i879 (adj 0): isolated not needed
10-31 13:57:56.685   600  3967 I ActivityManager: Killing 19139:com.android.chrome:sandboxed_process17/u0a35i877 (adj 0): isolated not needed
10-31 13:57:56.743 19227 19227 W boxed_process21: type=1400 audit(0.0:13550): avc: denied { getattr } for path="/data/data/com.android.chrome" dev="dm-2" ino=12190 scontext=u:r:isolated_app:s0:c512,c768 tcontext=u:object_r:app_data_file:s0:c512,c768 tclass=dir permissive=0
10-31 13:57:56.815 19227 19227 I cr_ChildProcessService: Creating new ChildProcessService pid=19227
10-31 13:57:56.832 19145 19225 I cr_LibraryLoader: Loaded native library version number "85.0.4183.127"
10-31 13:57:56.832 19145 19225 I cr_CachingUmaRecorder: Flushed 1 samples from 1 histograms.
10-31 13:57:56.891 19227 19240 I cr_LibraryLoader: Loaded native library version number "85.0.4183.127"
10-31 13:57:56.891 19227 19240 I cr_CachingUmaRecorder: Flushed 1 samples from 1 histograms.
10-31 13:57:56.926 18717 18727 I art     : Background partial concurrent mark sweep GC freed 16438(780KB) AllocSpace objects, 21(4MB) LOS objects, 40% free, 10MB/17MB, paused 1.192ms total 107.954ms
