--------- beginning of main
10-30 22:36:39.113 18364 18364 D AndroidRuntime: >>>>>> START com.android.internal.os.RuntimeInit uid 2000 <<<<<<
10-30 22:36:39.116 18364 18364 D AndroidRuntime: CheckJNI is OFF
10-30 22:36:39.180 18364 18364 D ICU     : No timezone override file found: /data/misc/zoneinfo/current/icu/icu_tzdata.dat
10-30 22:36:39.209 18364 18364 I Radio-JNI: register_android_hardware_Radio DONE
10-30 22:36:39.224 18364 18364 D AndroidRuntime: Calling main entry com.android.commands.am.Am
--------- beginning of system
10-30 22:36:39.241   600 16391 I ActivityManager: Force stopping com.android.chrome appid=10035 user=0: from pid 18364
10-30 22:36:39.241   600 16391 I ActivityManager: Killing 17053:com.android.chrome/u0a35 (adj 902): stop com.android.chrome
10-30 22:36:39.241   600 16391 D ActivityManager: cleanUpApplicationRecord -- 17053
10-30 22:36:39.245   600   613 I ProcessStatsService: Prepared write state in 2ms
10-30 22:36:39.255  1061  1061 D RegisteredNfcFServicesCache: Service unchanged, not updating
10-30 22:36:39.504   600  1082 I ActivityManager: START u0 {act=android.intent.action.VIEW flg=0x10008000 cmp=com.android.chrome/com.google.android.apps.chrome.Main} from uid 2000 on display 0
10-30 22:36:39.532 18364 18364 D AndroidRuntime: Shutting down VM
10-30 22:36:39.583   600  1081 I ActivityManager: Start proc 18374:com.android.chrome/u0a35 for activity com.android.chrome/com.google.android.apps.chrome.Main
10-30 22:36:39.883   600  1080 I ActivityManager: START u0 {cmp=com.android.chrome/org.chromium.chrome.browser.firstrun.TabbedModeFirstRunActivity (has extras)} from uid 10035 on display 0
10-30 22:36:39.903 18374 18391 W DynamiteModule: Local module descriptor class for com.google.android.gms.googlecertificates not found.
10-30 22:36:39.919 18374 18391 I DynamiteModule: Considering local module com.google.android.gms.googlecertificates:0 and remote module com.google.android.gms.googlecertificates:6
10-30 22:36:39.919 18374 18391 I DynamiteModule: Selected remote version of com.google.android.gms.googlecertificates, version >= 6
10-30 22:36:40.029 18374 18391 W System  : ClassLoader referenced unknown path: 
10-30 22:36:40.097   600   609 I art     : Background partial concurrent mark sweep GC freed 78037(3MB) AllocSpace objects, 24(580KB) LOS objects, 33% free, 16MB/24MB, paused 1.548ms total 118.329ms
10-30 22:36:40.137 18374 18391 D ApplicationLoaders: ignored Vulkan layer search path /data/app/com.google.android.gms-1/lib/arm:/data/app/com.google.android.gms-1/base.apk!/lib/armeabi-v7a:/data/app/com.google.android.gms-1/split_config.en.apk!/lib/armeabi-v7a for namespace 0xf4a47090
10-30 22:36:40.156 18374 18391 W ResourceType: ResTable_typeSpec entry count inconsistent: given 67, previously 69
10-30 22:36:40.156 18374 18391 W ResourceType: ResTable_typeSpec entry count inconsistent: given 5346, previously 5347
10-30 22:36:40.168 18374 18393 I OpenGLRenderer: Initialized EGL, version 1.4
10-30 22:36:40.168 18374 18393 D OpenGLRenderer: Swap behavior 2
10-30 22:36:40.187 18374 18392 I cr_LibraryLoader: Loaded native library version number "85.0.4183.127"
10-30 22:36:40.190 18374 18392 I cr_CachingUmaRecorder: Flushed 10 samples from 10 histograms.
10-30 22:36:40.235 18374 18391 I DynamiteLoaderV2Impl: [70] Googlecertificates
10-30 22:36:40.253   600   620 W WindowManager: Failed looking up window
10-30 22:36:40.253   600   620 W WindowManager: java.lang.IllegalArgumentException: Requested window android.view.ViewRootImpl$W@504f44a does not exist
10-30 22:36:40.253   600   620 W WindowManager: 	at com.android.server.wm.WindowManagerService.windowForClientLocked(WindowManagerService.java:9422)
10-30 22:36:40.253   600   620 W WindowManager: 	at com.android.server.wm.WindowManagerService.windowForClientLocked(WindowManagerService.java:9413)
10-30 22:36:40.253   600   620 W WindowManager: 	at com.android.server.wm.WindowManagerService.removeWindow(WindowManagerService.java:2393)
10-30 22:36:40.253   600   620 W WindowManager: 	at com.android.server.wm.Session.remove(Session.java:202)
10-30 22:36:40.253   600   620 W WindowManager: 	at android.view.ViewRootImpl.dispatchDetachedFromWindow(ViewRootImpl.java:3290)
10-30 22:36:40.253   600   620 W WindowManager: 	at android.view.ViewRootImpl.doDie(ViewRootImpl.java:5917)
10-30 22:36:40.253   600   620 W WindowManager: 	at android.view.ViewRootImpl$ViewRootHandler.handleMessage(ViewRootImpl.java:3626)
10-30 22:36:40.253   600   620 W WindowManager: 	at android.os.Handler.dispatchMessage(Handler.java:102)
10-30 22:36:40.253   600   620 W WindowManager: 	at android.os.Looper.loop(Looper.java:154)
10-30 22:36:40.253   600   620 W WindowManager: 	at android.os.HandlerThread.run(HandlerThread.java:61)
10-30 22:36:40.253   600   620 W WindowManager: 	at com.android.server.ServiceThread.run(ServiceThread.java:46)
10-30 22:36:40.269 18374 18391 W System  : ClassLoader referenced unknown path: /data/user_de/0/com.google.android.gms/app_chimera/m/00000061/n/armeabi-v7a
10-30 22:36:40.269 18374 18391 W System  : ClassLoader referenced unknown path: /data/user_de/0/com.google.android.gms/app_chimera/m/00000061/n/armeabi
10-30 22:36:40.331   600   620 I ActivityManager: Displayed com.android.chrome/org.chromium.chrome.browser.firstrun.TabbedModeFirstRunActivity: +399ms (total +801ms)
10-30 22:36:40.369   787 28588 I FontLog : Received query Google Sans, URI content://com.google.android.gms.fonts [CONTEXT service_id=132 ]
10-30 22:36:40.371   787 28588 I FontLog : Query [Google Sans] resolved to {Google Sans, wdth 100.0, wght 400, ital 0.0, bestEffort false} [CONTEXT service_id=132 ]
10-30 22:36:40.382   787 28588 I FontLog : Font PFD returned from cache for {Google Sans, wdth 100.0, wght 400, ital 0.0, bestEffort false} [CONTEXT service_id=132 ]
10-30 22:36:40.385   787 28588 I FontLog : Fetch {Google Sans, wdth 100.0, wght 400, ital 0.0, bestEffort false} end status Status{statusCode=SUCCESS, resolution=null} [CONTEXT service_id=132 ]
10-30 22:36:40.401   787 28591 I FontLog : Pulling font file for id = 1286, cache size = 7 [CONTEXT service_id=132 ]
10-30 22:36:40.421   787 28597 I FontLog : Received query Google Sans:500, URI content://com.google.android.gms.fonts [CONTEXT service_id=132 ]
10-30 22:36:40.421   787 28597 I FontLog : Query [Google Sans:500] resolved to {Google Sans, wdth 100.0, wght 500, ital 0.0, bestEffort false} [CONTEXT service_id=132 ]
10-30 22:36:40.423   787 28597 I FontLog : Font PFD returned from cache for {Google Sans, wdth 100.0, wght 500, ital 0.0, bestEffort false} [CONTEXT service_id=132 ]
10-30 22:36:40.423   787 28597 I FontLog : Fetch {Google Sans, wdth 100.0, wght 500, ital 0.0, bestEffort false} end status Status{statusCode=SUCCESS, resolution=null} [CONTEXT service_id=132 ]
10-30 22:36:40.437   787   806 I FontLog : Pulling font file for id = 1287, cache size = 6 [CONTEXT service_id=132 ]
10-30 22:36:40.488   787  1259 E apju    : Phenotype API error. Event # cdub@ca2ffcd0, EventCode: 7 [CONTEXT service_id=51 ]
10-30 22:36:40.488   787  1259 E apju    : apiz: 29505: No config packages for log source, or config package not registered
10-30 22:36:40.488   787  1259 E apju    : 	at apkj.b(:com.google.android.gms@203915020@20.39.15 (040406-335085812):7)
10-30 22:36:40.488   787  1259 E apju    : 	at apkg.b(:com.google.android.gms@203915020@20.39.15 (040406-335085812):2)
10-30 22:36:40.488   787  1259 E apju    : 	at apju.a(:com.google.android.gms@203915020@20.39.15 (040406-335085812):85)
10-30 22:36:40.488   787  1259 E apju    : 	at apju.a(:com.google.android.gms@203915020@20.39.15 (040406-335085812):80)
10-30 22:36:40.488   787  1259 E apju    : 	at aain.run(:com.google.android.gms@203915020@20.39.15 (040406-335085812):7)
10-30 22:36:40.488   787  1259 E apju    : 	at boex.run(:com.google.android.gms@203915020@20.39.15 (040406-335085812):2)
10-30 22:36:40.488   787  1259 E apju    : 	at sup.b(:com.google.android.gms@203915020@20.39.15 (040406-335085812):12)
10-30 22:36:40.488   787  1259 E apju    : 	at sup.run(:com.google.android.gms@203915020@20.39.15 (040406-335085812):7)
10-30 22:36:40.488   787  1259 E apju    : 	at java.util.concurrent.ThreadPoolExecutor.runWorker(ThreadPoolExecutor.java:1133)
10-30 22:36:40.488   787  1259 E apju    : 	at java.util.concurrent.ThreadPoolExecutor$Worker.run(ThreadPoolExecutor.java:607)
10-30 22:36:40.488   787  1259 E apju    : 	at tam.run(:com.google.android.gms@203915020@20.39.15 (040406-335085812):0)
10-30 22:36:40.488   787  1259 E apju    : 	at java.lang.Thread.run(Thread.java:761)
10-30 22:36:40.489   787  1259 E AsyncOperation: serviceID=51, operation=GetExperimentTokensOperationCall [CONTEXT service_id=259 ]
10-30 22:36:40.489   787  1259 E AsyncOperation: OperationException[Status{statusCode=No config packages for log source, or config package not registered, resolution=null}]
10-30 22:36:40.489   787  1259 E AsyncOperation: 	at apju.a(:com.google.android.gms@203915020@20.39.15 (040406-335085812):87)
10-30 22:36:40.489   787  1259 E AsyncOperation: 	at apju.a(:com.google.android.gms@203915020@20.39.15 (040406-335085812):80)
10-30 22:36:40.489   787  1259 E AsyncOperation: 	at aain.run(:com.google.android.gms@203915020@20.39.15 (040406-335085812):7)
10-30 22:36:40.489   787  1259 E AsyncOperation: 	at boex.run(:com.google.android.gms@203915020@20.39.15 (040406-335085812):2)
10-30 22:36:40.489   787  1259 E AsyncOperation: 	at sup.b(:com.google.android.gms@203915020@20.39.15 (040406-335085812):12)
10-30 22:36:40.489   787  1259 E AsyncOperation: 	at sup.run(:com.google.android.gms@203915020@20.39.15 (040406-335085812):7)
10-30 22:36:40.489   787  1259 E AsyncOperation: 	at java.util.concurrent.ThreadPoolExecutor.runWorker(ThreadPoolExecutor.java:1133)
10-30 22:36:40.489   787  1259 E AsyncOperation: 	at java.util.concurrent.ThreadPoolExecutor$Worker.run(ThreadPoolExecutor.java:607)
10-30 22:36:40.489   787  1259 E AsyncOperation: 	at tam.run(:com.google.android.gms@203915020@20.39.15 (040406-335085812):0)
10-30 22:36:40.489   787  1259 E AsyncOperation: 	at java.lang.Thread.run(Thread.java:761)
10-30 22:36:40.496 18374 18391 D NetworkSecurityConfig: Using Network Security Config from resource 0_resource_name_obfuscated debugBuild: false
10-30 22:36:40.598  7916  7916 I MemoryTrimmer: Trimming objects from memory, since app is in the background.
10-30 22:36:40.613 18374 18384 I art     : Background sticky concurrent mark sweep GC freed 4540(238KB) AllocSpace objects, 0(0B) LOS objects, 1% free, 4MB/4MB, paused 6.096ms total 14.403ms
10-30 22:36:40.639  1084  1084 I MemoryTrimmer: Trimming objects from memory, since app is in the background.
10-30 22:36:40.656  7916 18272 I DeviceStateChecker: DeviceStateChecker cancelled
10-30 22:36:40.657  7916  7916 I MicroDetector: Keeping mic open: false
10-30 22:36:40.657  7916  7948 I AudioController: internalShutdown
10-30 22:36:40.657  7916  7948 I MicrophoneInputStream: mic_close com.google.android.apps.gsa.speech.audio.ae@9eeb113
10-30 22:36:40.658  7916  7973 I MicroRecognitionRunner: Stopping hotword detection.
10-30 22:36:40.680   238   285 I SoundTriggerHwService::Module: void android::SoundTriggerHwService::Module::onCallbackEvent(const sp<android::SoundTriggerHwService::CallbackEvent> &) mClient == 0
10-30 22:36:40.699  7916 18273 I MicroRecognitionRunner: Detection finished
10-30 22:36:40.707  7916  7916 I MemoryTrimmer: Trimming objects from memory, since app is in the background.
10-30 22:36:40.880 18374 18391 I cr_VariationsSeedFetch: Fetched first run seed in 387 ms
10-30 22:36:40.919   600  6312 I ActivityManager: Start proc 18410:com.android.chrome:sandboxed_process0/u0i641 for service com.android.chrome/org.chromium.content.app.SandboxedProcessService0
10-30 22:36:40.967 18410 18410 W dboxed_process0: type=1400 audit(0.0:9695): avc: denied { getattr } for path="/data/data/com.android.chrome" dev="dm-2" ino=12190 scontext=u:r:isolated_app:s0:c512,c768 tcontext=u:object_r:app_data_file:s0:c512,c768 tclass=dir permissive=0
10-30 22:36:41.009 18410 18410 I cr_ChildProcessService: Creating new ChildProcessService pid=18410
10-30 22:36:41.218   600  7064 I ActivityManager: Start proc 18436:com.android.chrome:privileged_process0/u0a35 for service com.android.chrome/org.chromium.content.app.PrivilegedProcessService0
10-30 22:36:41.381   237 18440 I art     : Background partial concurrent mark sweep GC freed 7369(296KB) AllocSpace objects, 0(0B) LOS objects, 40% free, 2MB/4MB, paused 170us total 155.972ms
10-30 22:36:41.387 18436 18436 I cr_ChildProcessService: Creating new ChildProcessService pid=18436
10-30 22:36:41.400 18374 18374 W cr_KnoxSettingsProvider: Permission to read device policy denied.
10-30 22:36:41.437 18374 18396 W ConnectionStatusConfig: Dynamic lookup for intent failed for action: com.google.android.gms.auth.key.retrieval.service.START
10-30 22:36:41.441 18374 18396 W ConnectionStatusConfig: Dynamic lookup for intent failed for action: com.google.android.gms.auth.key.retrieval.service.START
10-30 22:36:41.443   600 24515 W ActivityManager: Unable to start service Intent { act=com.google.android.gms.auth.key.retrieval.service.START pkg=com.google.android.gms } U=0: not found
10-30 22:36:41.447   600 24611 W ActivityManager: Unbind failed: could not find connection for android.os.BinderProxy@7db7b0c
10-30 22:36:41.447 18374 18396 E GmsClient: unable to connect to service: com.google.android.gms.auth.key.retrieval.service.START on com.google.android.gms
10-30 22:36:41.449 18436 18454 I cr_LibraryLoader: Loaded native library version number "85.0.4183.127"
10-30 22:36:41.450 18436 18454 I cr_CachingUmaRecorder: Flushed 1 samples from 1 histograms.
10-30 22:36:41.473 18436 18454 E libEGL  : validate_display:99 error 3008 (EGL_BAD_DISPLAY)
10-30 22:36:50.766  7916  7916 I MemoryTrimmer: Trimming objects from memory, since app is in the background.
10-30 22:36:50.790   787   802 W SQLiteConnectionPool: A SQLiteConnection object for database '/data/user/0/com.google.android.gms/databases/metadata.db' was leaked!  Please fix your application to end transactions in progress properly and to close the database when it is no longer needed.
10-30 22:36:51.046   787  1259 W GmsStrictMode: LEAKED_CLOSABLE [CONTEXT service_id=256 ]
10-30 22:36:51.046   787  1259 W GmsStrictMode: rvo: LEAKED_CLOSABLE
10-30 22:36:51.046   787  1259 W GmsStrictMode: 	at dalvik.system.VMStack.getThreadStackTrace(Native Method)
10-30 22:36:51.046   787  1259 W GmsStrictMode: 	at java.lang.Thread.getStackTrace(Thread.java:1566)
10-30 22:36:51.046   787  1259 W GmsStrictMode: 	at bhdb.containsKey(:com.google.android.gms@203915020@20.39.15 (040406-335085812):1)
10-30 22:36:51.046   787  1259 W GmsStrictMode: 	at android.os.StrictMode.onVmPolicyViolation(StrictMode.java:1867)
10-30 22:36:51.046   787  1259 W GmsStrictMode: 	at android.os.StrictMode.onVmPolicyViolation(StrictMode.java:1844)
10-30 22:36:51.046   787  1259 W GmsStrictMode: 	at android.os.StrictMode$AndroidCloseGuardReporter.report(StrictMode.java:1590)
10-30 22:36:51.046   787  1259 W GmsStrictMode: 	at dalvik.system.CloseGuard.warnIfOpen(CloseGuard.java:208)
10-30 22:36:51.046   787  1259 W GmsStrictMode: 	at android.database.sqlite.SQLiteConnection.dispose(SQLiteConnection.java:231)
10-30 22:36:51.046   787  1259 W GmsStrictMode: 	at android.database.sqlite.SQLiteConnection.finalize(SQLiteConnection.java:180)
10-30 22:36:51.046   787  1259 W GmsStrictMode: 	at java.lang.Daemons$FinalizerDaemon.doFinalize(Daemons.java:222)
10-30 22:36:51.046   787  1259 W GmsStrictMode: 	at java.lang.Daemons$FinalizerDaemon.run(Daemons.java:209)
10-30 22:36:51.046   787  1259 W GmsStrictMode: 	at java.lang.Thread.run(Thread.java:761)
10-30 22:36:52.052 18480 18480 D AndroidRuntime: >>>>>> START com.android.internal.os.RuntimeInit uid 2000 <<<<<<
10-30 22:36:52.055 18480 18480 D AndroidRuntime: CheckJNI is OFF
10-30 22:36:52.120 18480 18480 D ICU     : No timezone override file found: /data/misc/zoneinfo/current/icu/icu_tzdata.dat
10-30 22:36:52.151 18480 18480 I Radio-JNI: register_android_hardware_Radio DONE
10-30 22:36:52.165 18480 18480 D AndroidRuntime: Calling main entry com.android.commands.monkey.Monkey
10-30 22:36:52.234   600   613 W BroadcastQueue: Skipping deliver [background] BroadcastRecord{8429f0e u-1 android.net.conn.CONNECTIVITY_CHANGE} to ReceiverList{3a82d2f 18480 (unknown name)/2000/u-1 remote:5259210}: process crashing
10-30 22:36:53.824 18480 18480 D MonkeyStub: translateCommand: wake
10-30 22:36:53.920 18480 18480 D MonkeyStub: translateCommand: tap 398 1198
10-30 22:36:56.026 18480 18480 D MonkeyStub: translateCommand: tap 720 1506
10-30 22:36:56.220 12169 15228 I PeopleChimeraService: onService. callbacks = aaik@5ff4c30, request = com.google.android.gms.common.internal.GetServiceRequest@40a40a9
10-30 22:36:56.228 12169 12182 I PeopleChimeraService: onService. callbacks = aaik@3e845cf, request = com.google.android.gms.common.internal.GetServiceRequest@c44fb5c
10-30 22:36:58.080 18480 18480 D MonkeyStub: translateCommand: tap 355 1480
10-30 22:36:58.098 18480 18480 D MonkeyStub: Quit requested
10-30 22:36:58.134   600  3994 I ActivityManager: START u0 {act=android.intent.action.VIEW flg=0x10008000 cmp=com.android.chrome/com.google.android.apps.chrome.Main (has extras)} from uid 10035 on display 0
10-30 22:36:58.135 18480 18480 I art     : System.exit called, status: 6
10-30 22:36:58.135 18480 18480 I AndroidRuntime: VM exiting with result code 6.
10-30 22:36:58.150   600   614 I CwMcuSensor: CwMcuSensor::flush: fd = 241, sensors_id = 0, path = /sys/class/htc_sensorhub/sensor_hub/flush, err = 0
10-30 22:36:58.306   600   600 E JavaBinder: !!! FAILED BINDER TRANSACTION !!!  (parcel size = 720)
10-30 22:36:58.314   600  3675 W WindowManager: Attempted to remove non-existing token: android.os.Binder@db9bf3c
10-30 22:36:58.326   600   600 E AccessibilityManagerService: Error during sending EventType: TYPE_WINDOW_CONTENT_CHANGED; EventTime: 99665687; PackageName: com.android.chrome; MovementGranularity: 0; Action: 0 [ ClassName: android.view.View; Text: []; ContentDescription: null; ItemCount: -1; CurrentItemIndex: -1; IsEnabled: true; IsPassword: false; IsChecked: false; IsFullScreen: false; Scrollable: false; BeforeText: null; FromIndex: -1; ToIndex: -1; ScrollX: -1; ScrollY: -1; MaxScrollX: -1; MaxScrollY: -1; AddedCount: -1; RemovedCount: -1; ParcelableData: null ]; recordCount: 0 to android.accessibilityservice.IAccessibilityServiceClient$Stub$Proxy@a54a9ed
10-30 22:36:58.326   600   600 E AccessibilityManagerService: android.os.DeadObjectException: Transaction failed on small parcel; remote process probably died
10-30 22:36:58.326   600   600 E AccessibilityManagerService: 	at android.os.BinderProxy.transactNative(Native Method)
10-30 22:36:58.326   600   600 E AccessibilityManagerService: 	at android.os.BinderProxy.transact(Binder.java:615)
10-30 22:36:58.326   600   600 E AccessibilityManagerService: 	at android.accessibilityservice.IAccessibilityServiceClient$Stub$Proxy.onAccessibilityEvent(IAccessibilityServiceClient.java:191)
10-30 22:36:58.326   600   600 E AccessibilityManagerService: 	at com.android.server.accessibility.AccessibilityManagerService$Service.notifyAccessibilityEventInternal(AccessibilityManagerService.java:3245)
10-30 22:36:58.326   600   600 E AccessibilityManagerService: 	at com.android.server.accessibility.AccessibilityManagerService$Service.-wrap0(AccessibilityManagerService.java)
10-30 22:36:58.326   600   600 E AccessibilityManagerService: 	at com.android.server.accessibility.AccessibilityManagerService$Service$1.handleMessage(AccessibilityManagerService.java:2260)
10-30 22:36:58.326   600   600 E AccessibilityManagerService: 	at android.os.Handler.dispatchMessage(Handler.java:102)
10-30 22:36:58.326   600   600 E AccessibilityManagerService: 	at android.os.Looper.loop(Looper.java:154)
10-30 22:36:58.326   600   600 E AccessibilityManagerService: 	at com.android.server.SystemServer.run(SystemServer.java:349)
10-30 22:36:58.326   600   600 E AccessibilityManagerService: 	at com.android.server.SystemServer.main(SystemServer.java:219)
10-30 22:36:58.326   600   600 E AccessibilityManagerService: 	at java.lang.reflect.Method.invoke(Native Method)
10-30 22:36:58.326   600   600 E AccessibilityManagerService: 	at com.android.internal.os.ZygoteInit$MethodAndArgsCaller.run(ZygoteInit.java:886)
10-30 22:36:58.326   600   600 E AccessibilityManagerService: 	at com.android.internal.os.ZygoteInit.main(ZygoteInit.java:776)
10-30 22:36:58.336 18374 18374 E cr_CompositorSurfaceMgr: Transitioning to surface with format : -1
10-30 22:36:58.396   600   609 I art     : Background partial concurrent mark sweep GC freed 17269(906KB) AllocSpace objects, 3(60KB) LOS objects, 33% free, 16MB/24MB, paused 786us total 199.885ms
10-30 22:36:58.416 18374 18425 W cr_tabmodel: Starting to perform legacy migration.
10-30 22:36:58.418 18374 18425 W cr_tabmodel: Finished performing legacy migration.
10-30 22:36:58.418 18374 18425 W cr_tabmodel: Starting to perform multi-instance migration.
10-30 22:36:58.418 18374 18425 W cr_tabmodel: Finished performing multi-instance migration.
10-30 22:36:58.418 18374 18425 I cr_tabmodel: Starting to fetch tab list for tab_state0
10-30 22:36:58.419 18374 18425 I cr_tabmodel: State file does not exist.
10-30 22:36:58.419 18374 18425 I cr_tabmodel: Starting to fetch tab list for tab_state1
10-30 22:36:58.419 18374 18425 I cr_tabmodel: State file does not exist.
10-30 22:36:58.460 18374 18425 I cr_ADCP : No customization source found
10-30 22:36:58.479 18374 18393 D OpenGLRenderer: endAllActiveAnimators on 0xd4bb3800 (InsetDrawable) with handle 0xd2c22f90
10-30 22:36:58.548   600   620 I ActivityManager: Displayed com.android.chrome/com.google.android.apps.chrome.Main: +385ms
10-30 22:36:58.548 18374 18374 E cr_CompositorSurfaceMgr: Transitioning to surface with format : -1
10-30 22:36:58.555 18374 18374 E cr_CompositorSurfaceMgr: surfaceCreated format : 0
10-30 22:36:58.565 18374 18374 I cr_ContextualSearch: Tap suppression enabled: false
10-30 22:36:58.569 18374 18374 I cr_ChromeTabbedActivity: #initializeState
10-30 22:36:58.569 18374 18374 I cr_CipherFactory: #restoreFromBundle, no savedInstanceState.
10-30 22:36:58.569 18374 18374 I cr_tabmodel: #loadState, ignoreIncognitoFiles? true
10-30 22:36:58.579   600  6312 E BatteryStatsService: power: Missing API
10-30 22:36:58.597   796   796 E PhoneInterfaceManager: [PhoneIntfMgr] queryModemActivityInfo: Empty response
10-30 22:36:58.597   600  6312 E BatteryStatsService: no controller energy info supplied
10-30 22:36:58.621   600  6312 E BatteryStatsService: modem info is invalid: ModemActivityInfo{ mTimestamp=0 mSleepTimeMs=0 mIdleTimeMs=0 mTxTimeMs[]=[0, 0, 0, 0, 0] mRxTimeMs=0 mEnergyUsed=0}
10-30 22:36:58.656   600   613 W ProcessCpuTracker: Skipping unknown process pid 18505
10-30 22:36:58.787 18374 18374 I SchedulerApiWrapper: Create SchedulerApiMainThreadWrapper
10-30 22:36:58.796 18374 18374 I FeedSessionManagerImpl: FeedSessionManagerImpl has been created
10-30 22:36:58.797 18374 18374 I FeedAppLifecycleLstnr: onEnterForeground called
10-30 22:36:58.797 18374 18374 I FeedSessionManagerImpl: onLifecycleEvent foreground
10-30 22:36:58.798 18374 18374 I FeedSessionManagerImpl: Lazy initialization triggered, getUpdateConsumer
10-30 22:36:58.798 18374 18428 I TaskQueue: Execute task [IMMEDIATE - d: true, b: 0]: 30
10-30 22:36:58.800 18374 18374 I FeedRequestManagerImpl: trigger refresh 2
10-30 22:36:58.801 18374 18374 I TaskQueue:  - task [HEAD_INVALIDATE - d: true, b: 0]: 26
10-30 22:36:58.801 18374 18374 I FeedAppLifecycleLstnr: initialize called
10-30 22:36:58.801 18374 18374 I FeedSessionManagerImpl: onLifecycleEvent initialize
10-30 22:36:58.801 18374 18374 W FeedSessionManagerImpl: FeedSessionManagerImpl has previously been initialized
10-30 22:36:58.820 18374 18374 I ViewConfigCompat: Could not find method getScaledScrollFactor() on ViewConfiguration
10-30 22:36:58.823 18374 18374 I BasicStream: Setting 2 header views, currently have 0 headers
10-30 22:36:58.825 18374 18374 I BasicStream: Setting 2 header views, currently have 2 headers
10-30 22:36:58.890   600   619 D BluetoothManagerService: Message: 20
10-30 22:36:58.890   600   619 D BluetoothManagerService: Added callback: android.bluetooth.IBluetoothManagerCallback$Stub$Proxy@6bdeb46:true
10-30 22:36:58.901 18374 18374 E cr_IntentUtils: getBooleanExtra failed on intent null
10-30 22:36:58.911 18410 18423 I cr_LibraryLoader: Loaded native library version number "85.0.4183.127"
10-30 22:36:58.911 18410 18423 I cr_CachingUmaRecorder: Flushed 1 samples from 1 histograms.
10-30 22:36:58.918 18374 18374 I TimeoutSessionImpl: Using TimeoutSessionImpl
10-30 22:36:58.918 18374 18374 I FeedSessionManagerImpl: Delaying populateSession until initialization is finished
10-30 22:36:58.918 18374 18374 I TaskQueue:  - task [IMMEDIATE - d: true, b: 1]: 13
10-30 22:36:58.923 18374 18374 I MainThreadRunner: Running task [BasicStream onShow] on the Main Thread with a delay of 500 milliseconds
10-30 22:36:58.944 18374 18384 W art     : Suspending all threads took: 5.961ms
10-30 22:36:58.958 18374 18384 I art     : Background partial concurrent mark sweep GC freed 13184(845KB) AllocSpace objects, 4(612KB) LOS objects, 39% free, 7MB/12MB, paused 8.995ms total 63.038ms
10-30 22:36:59.007   600  9614 I ActivityManager: Start proc 18511:com.android.chrome:sandboxed_process1/u0i642 for service com.android.chrome/org.chromium.content.app.SandboxedProcessService1
10-30 22:36:59.008 18374 18428 W SessionCache: Persisted Sessions were not found
10-30 22:36:59.009 18374 18428 I HeadSessionImpl: Initialize HEAD 0 items
10-30 22:36:59.011 18374 18428 I TaskQueue:  - task [BACKGROUND - d: true, b: 2]: 11
10-30 22:36:59.011 18374 18428 I TimingUtils: Task Timing 212ms, thread JardinExecutor | task : Initialization
10-30 22:36:59.011 18374 18428 I TaskQueue:  - Finished 30, time 213 ms
10-30 22:36:59.011 18374 18428 I TaskQueue: Execute task [HEAD_INVALIDATE - d: true, b: 2]: 26
10-30 22:36:59.013 18374 18428 I TimingUtils: Task Timing   1ms, thread JardinExecutor | task : getAllDismissLocalActions | size : 0
10-30 22:36:59.013 18374 18428 I TimingUtils: Task Timing   0ms, thread JardinExecutor | task : getSemanticProperties | size : 0
10-30 22:36:59.013 18374 18428 I MainThreadRunner: Running task [Check Tooltips] on the Main Thread
10-30 22:36:59.013 18374 18428 I TaskQueue:  * Starting starvation checks
10-30 22:36:59.013 18374 18428 I MainThreadRunner: Running task [starvationChecks] on the Main Thread with a delay of 6000 milliseconds
10-30 22:36:59.014 18374 18428 I TaskQueue:  - Finished 26, time 2 ms
10-30 22:36:59.014 18374 18428 I TaskQueue: Execute task [IMMEDIATE - d: true, b: 1]: 13
10-30 22:36:59.015 18374 18428 I FeedSessionManagerImpl: shouldSessionRequestData; hasContent(false), contentCreationTime(0), outstandingRequest(true)
10-30 22:36:59.015 18374 18428 I MainThreadRunner: Running task [SchedulerApiWrapper shouldSessionRequestData] on the Main Thread
10-30 22:36:59.031   600  3509 I ActivityManager: Start proc 18519:com.android.chrome:sandboxed_process2/u0i643 for service com.android.chrome/org.chromium.content.app.SandboxedProcessService2
10-30 22:36:59.079   600  3507 I ActivityManager: Start proc 18528:com.android.chrome:sandboxed_process3/u0i644 for service com.android.chrome/org.chromium.content.app.SandboxedProcessService3
10-30 22:36:59.149   600 13557 I ActivityManager: Start proc 18548:com.android.chrome:sandboxed_process4/u0i645 for service com.android.chrome/org.chromium.content.app.SandboxedProcessService4
10-30 22:36:59.217   600  6312 I ActivityManager: Start proc 18566:com.android.chrome:sandboxed_process5/u0i646 for service com.android.chrome/org.chromium.content.app.SandboxedProcessService5
10-30 22:36:59.272 18374 18374 I PlayCore: UID: [10035]  PID: [18374] SplitInstallService : deferredInstall([image_editor])
10-30 22:36:59.279   600   611 I ActivityManager: Start proc 18578:com.android.chrome:sandboxed_process6/u0i647 for service com.android.chrome/org.chromium.content.app.SandboxedProcessService6
10-30 22:36:59.290 18374 18580 I PlayCore: UID: [10035]  PID: [18374] SplitInstallService : Initiate binding to the service.
10-30 22:36:59.337 18519 18519 W dboxed_process2: type=1400 audit(0.0:9696): avc: denied { getattr } for path="/data/data/com.android.chrome" dev="dm-2" ino=12190 scontext=u:r:isolated_app:s0:c512,c768 tcontext=u:object_r:app_data_file:s0:c512,c768 tclass=dir permissive=0
10-30 22:36:59.353   600 24611 I ActivityManager: Start proc 18594:com.android.chrome:sandboxed_process7/u0i648 for service com.android.chrome/org.chromium.content.app.SandboxedProcessService7
10-30 22:36:59.354   600  2707 W ActivityManager: Unable to start service Intent { act=com.google.android.play.core.splitinstall.BIND_SPLIT_INSTALL_SERVICE pkg=com.android.vending } U=0: not found
10-30 22:36:59.373 18511 18511 W dboxed_process1: type=1400 audit(0.0:9697): avc: denied { getattr } for path="/data/data/com.android.chrome" dev="dm-2" ino=12190 scontext=u:r:isolated_app:s0:c512,c768 tcontext=u:object_r:app_data_file:s0:c512,c768 tclass=dir permissive=0
10-30 22:36:59.406   600   707 I ActivityManager: Start proc 18606:com.android.chrome:sandboxed_process8/u0i649 for service com.android.chrome/org.chromium.content.app.SandboxedProcessService8
10-30 22:36:59.449 18374 18374 I Choreographer: Skipped 53 frames!  The application may be doing too much work on its main thread.
10-30 22:36:59.510 18528 18528 W dboxed_process3: type=1400 audit(0.0:9698): avc: denied { getattr } for path="/data/data/com.android.chrome" dev="dm-2" ino=12190 scontext=u:r:isolated_app:s0:c512,c768 tcontext=u:object_r:app_data_file:s0:c512,c768 tclass=dir permissive=0
10-30 22:36:59.560 18548 18548 W dboxed_process4: type=1400 audit(0.0:9699): avc: denied { getattr } for path="/data/data/com.android.chrome" dev="dm-2" ino=12190 scontext=u:r:isolated_app:s0:c512,c768 tcontext=u:object_r:app_data_file:s0:c512,c768 tclass=dir permissive=0
10-30 22:36:59.614 18374 18374 I TaskQueue:  - task [IMMEDIATE - d: true, b: 1]: 27
10-30 22:36:59.615 18374 18428 I FeedSessionManagerImpl: shouldSessionRequestDataResult: NO_REQUEST_WITH_WAIT, shouldMakeRequest(false), withTimeout(false), withAppend(false)
10-30 22:36:59.615 18374 18428 I TaskQueue:  - task [USER_FACING - d: true, b: 2]: 24
10-30 22:36:59.615 18374 18428 I TaskQueue:  - Finished 13, time 602 ms
10-30 22:36:59.616 18374 18428 I TaskQueue: Execute task [IMMEDIATE - d: true, b: 2]: 27
10-30 22:36:59.617 18519 18519 I cr_ChildProcessService: Creating new ChildProcessService pid=18519
10-30 22:36:59.619 18374 18428 I FeedRequestManagerImpl: Consistency Token: # hU2@7bca4
10-30 22:36:59.646 18374 18428 I FeedRequestManagerImpl: Capability: FEED_UI
10-30 22:36:59.646 18374 18428 I FeedRequestManagerImpl: Capability: UNDOABLE_ACTIONS
10-30 22:36:59.646 18374 18428 I FeedRequestManagerImpl: Capability: MANAGE_INTERESTS
10-30 22:36:59.646 18374 18428 I FeedRequestManagerImpl: Capability: SEND_FEEDBACK
10-30 22:36:59.646 18374 18428 I FeedRequestManagerImpl: Capability: ARTICLE_SNIPPETS
10-30 22:36:59.646 18374 18428 I FeedRequestManagerImpl: Capability: CLICK_ACTION
10-30 22:36:59.646 18374 18428 I FeedRequestManagerImpl: Capability: VIEW_ACTION
10-30 22:36:59.646 18374 18428 I FeedRequestManagerImpl: Capability: REPORT_FEED_USER_ACTIONS_NOTICE_CARD
10-30 22:36:59.646 18374 18428 I FeedRequestManagerImpl: Capability: BASE_UI
10-30 22:36:59.647 18566 18566 W dboxed_process5: type=1400 audit(0.0:9700): avc: denied { getattr } for path="/data/data/com.android.chrome" dev="dm-2" ino=12190 scontext=u:r:isolated_app:s0:c512,c768 tcontext=u:object_r:app_data_file:s0:c512,c768 tclass=dir permissive=0
10-30 22:36:59.653 18578 18578 W dboxed_process6: type=1400 audit(0.0:9701): avc: denied { getattr } for path="/data/data/com.android.chrome" dev="dm-2" ino=12190 scontext=u:r:isolated_app:s0:c512,c768 tcontext=u:object_r:app_data_file:s0:c512,c768 tclass=dir permissive=0
10-30 22:36:59.659 18511 18511 I cr_ChildProcessService: Creating new ChildProcessService pid=18511
10-30 22:36:59.663 18374 18580 I PlayCore: UID: [10035]  PID: [18374] SplitInstallService : Failed to bind to the service.
10-30 22:36:59.697 18374 18428 I FeedRequestManagerImpl: Making Request: /httpservice/noretry/DiscoverClankService/FeedQuery
10-30 22:36:59.697 18374 18428 I MainThreadRunner: Running task [NetworkClientWrapper send] on the Main Thread
10-30 22:36:59.697 18374 18428 I TaskQueue:  - Finished 27, time 82 ms
10-30 22:36:59.763 18528 18528 I cr_ChildProcessService: Creating new ChildProcessService pid=18528
10-30 22:36:59.767 18594 18594 W dboxed_process7: type=1400 audit(0.0:9702): avc: denied { getattr } for path="/data/data/com.android.chrome" dev="dm-2" ino=12190 scontext=u:r:isolated_app:s0:c512,c768 tcontext=u:object_r:app_data_file:s0:c512,c768 tclass=dir permissive=0
10-30 22:36:59.824 18374 18384 I art     : Background sticky concurrent mark sweep GC freed 37529(2MB) AllocSpace objects, 31(656KB) LOS objects, 19% free, 9MB/12MB, paused 790us total 162.886ms
10-30 22:36:59.841 18548 18548 I cr_ChildProcessService: Creating new ChildProcessService pid=18548
10-30 22:36:59.850 18606 18606 W dboxed_process8: type=1400 audit(0.0:9703): avc: denied { getattr } for path="/data/data/com.android.chrome" dev="dm-2" ino=12190 scontext=u:r:isolated_app:s0:c512,c768 tcontext=u:object_r:app_data_file:s0:c512,c768 tclass=dir permissive=0
10-30 22:36:59.875 18578 18578 I cr_ChildProcessService: Creating new ChildProcessService pid=18578
10-30 22:36:59.883 18566 18566 I cr_ChildProcessService: Creating new ChildProcessService pid=18566
10-30 22:36:59.972 18519 18626 I cr_LibraryLoader: Loaded native library version number "85.0.4183.127"
10-30 22:36:59.983 18519 18626 I cr_CachingUmaRecorder: Flushed 1 samples from 1 histograms.
10-30 22:36:59.989 18374 18374 I cr_tabmodel: Appending tabs being restored to metadata lists, 0, startingNormalCount: 1, startingIncognitoCount: 0
10-30 22:36:59.989 18374 18374 I cr_tabmodel: Serializing tab lists; counts: 1, 0
10-30 22:36:59.992 18594 18594 I cr_ChildProcessService: Creating new ChildProcessService pid=18594
10-30 22:37:00.036 18606 18606 I cr_ChildProcessService: Creating new ChildProcessService pid=18606
10-30 22:37:00.055   600   713 I ActivityManager: Start proc 18639:com.android.chrome:sandboxed_process9/u0i650 for service com.android.chrome/org.chromium.content.app.SandboxedProcessService9
10-30 22:37:00.108 18511 18627 I cr_LibraryLoader: Loaded native library version number "85.0.4183.127"
10-30 22:37:00.108 18511 18627 I cr_CachingUmaRecorder: Flushed 1 samples from 1 histograms.
10-30 22:37:00.178 18528 18629 I cr_LibraryLoader: Loaded native library version number "85.0.4183.127"
10-30 22:37:00.193 18519 18519 I cr_ChildProcessService: Destroying ChildProcessService pid=18519
10-30 22:37:00.194 18528 18629 I cr_CachingUmaRecorder: Flushed 1 samples from 1 histograms.
10-30 22:37:00.197   600   713 I ActivityManager: Killing 18519:com.android.chrome:sandboxed_process2/u0a35i643 (adj 0): isolated not needed
10-30 22:37:00.258 18578 18633 I cr_LibraryLoader: Loaded native library version number "85.0.4183.127"
10-30 22:37:00.259 18578 18633 I cr_CachingUmaRecorder: Flushed 1 samples from 1 histograms.
10-30 22:37:00.291 18548 18632 I cr_LibraryLoader: Loaded native library version number "85.0.4183.127"
10-30 22:37:00.292 18548 18632 I cr_CachingUmaRecorder: Flushed 1 samples from 1 histograms.
10-30 22:37:00.378 18511 18627 I chromium: [INFO:child_process_service.cc(69)] ChildProcessService: Exiting child process.
10-30 22:37:00.383   197   197 E lowmemorykiller: Error writing /proc/18511/oom_score_adj; errno=22
10-30 22:37:00.387 18566 18634 I cr_LibraryLoader: Loaded native library version number "85.0.4183.127"
10-30 22:37:00.387 18566 18634 I cr_CachingUmaRecorder: Flushed 1 samples from 1 histograms.
10-30 22:37:00.416   600  3509 I ActivityManager: Process com.android.chrome:sandboxed_process1 (pid 18511) has died
10-30 22:37:00.416   600  3509 D ActivityManager: cleanUpApplicationRecord -- 18511
10-30 22:37:00.429 18374 18374 W chromium: [WARNING:compositor_view.cc(315)] Child process died (type=6) pid=18511)
10-30 22:37:00.533 18374 18431 W cr_CrashFileManager: /data/user/0/com.android.chrome/cache/Crash Reports does not exist or is not a directory
10-30 22:37:00.534 18374 18431 W cr_CrashFileManager: /data/user/0/com.android.chrome/cache/Crash Reports does not exist or is not a directory
10-30 22:37:00.534 18374 18431 W cr_CrashFileManager: /data/user/0/com.android.chrome/cache/Crash Reports does not exist or is not a directory
10-30 22:37:00.541 18374 18409 I cr_BindingManager: Moderate binding enabled: maxSize=40
10-30 22:37:00.547 18639 18639 W dboxed_process9: type=1400 audit(0.0:9704): avc: denied { getattr } for path="/data/data/com.android.chrome" dev="dm-2" ino=12190 scontext=u:r:isolated_app:s0:c512,c768 tcontext=u:object_r:app_data_file:s0:c512,c768 tclass=dir permissive=0
10-30 22:37:00.552 18594 18636 I cr_LibraryLoader: Loaded native library version number "85.0.4183.127"
10-30 22:37:00.561 18594 18636 I cr_CachingUmaRecorder: Flushed 1 samples from 1 histograms.
10-30 22:37:00.591 18374 18431 I cr_FileUtils: Writing to /data/user/0/com.android.chrome/app_dex/webapk7.dex
10-30 22:37:00.604 18374 18384 I art     : Background partial concurrent mark sweep GC freed 44888(2MB) AllocSpace objects, 32(652KB) LOS objects, 40% free, 9MB/16MB, paused 35.065ms total 366.884ms
10-30 22:37:00.622 18606 18638 I cr_LibraryLoader: Loaded native library version number "85.0.4183.127"
10-30 22:37:00.623 18606 18638 I cr_CachingUmaRecorder: Flushed 1 samples from 1 histograms.
10-30 22:37:00.653 18528 18629 I chromium: [INFO:child_process_service.cc(69)] ChildProcessService: Exiting child process.
10-30 22:37:00.653 18578 18633 I chromium: [INFO:child_process_service.cc(69)] ChildProcessService: Exiting child process.
10-30 22:37:00.659   197   197 E lowmemorykiller: Error writing /proc/18528/oom_score_adj; errno=22
10-30 22:37:00.659   600  3509 E JavaBinder: !!! FAILED BINDER TRANSACTION !!!  (parcel size = 76)
10-30 22:37:00.660   600  3509 E JavaBinder: !!! FAILED BINDER TRANSACTION !!!  (parcel size = 572)
10-30 22:37:00.660   600  3509 W ActivityManager: Exception when unbinding service com.android.chrome/org.chromium.content.app.SandboxedProcessService3
10-30 22:37:00.660   600  3509 W ActivityManager: android.os.DeadObjectException: Transaction failed on small parcel; remote process probably died
10-30 22:37:00.660   600  3509 W ActivityManager: 	at android.os.BinderProxy.transactNative(Native Method)
10-30 22:37:00.660   600  3509 W ActivityManager: 	at android.os.BinderProxy.transact(Binder.java:615)
10-30 22:37:00.660   600  3509 W ActivityManager: 	at android.app.ApplicationThreadProxy.scheduleUnbindService(ApplicationThreadNative.java:1016)
10-30 22:37:00.660   600  3509 W ActivityManager: 	at com.android.server.am.ActiveServices.removeConnectionLocked(ActiveServices.java:2175)
10-30 22:37:00.660   600  3509 W ActivityManager: 	at com.android.server.am.ActiveServices.unbindServiceLocked(ActiveServices.java:1163)
10-30 22:37:00.660   600  3509 W ActivityManager: 	at com.android.server.am.ActivityManagerService.unbindService(ActivityManagerService.java:17309)
10-30 22:37:00.660   600  3509 W ActivityManager: 	at android.app.ActivityManagerNative.onTransact(ActivityManagerNative.java:1145)
10-30 22:37:00.660   600  3509 W ActivityManager: 	at com.android.server.am.ActivityManagerService.onTransact(ActivityManagerService.java:2795)
10-30 22:37:00.660   600  3509 W ActivityManager: 	at android.os.Binder.execTransact(Binder.java:565)
10-30 22:37:00.660   600  3509 E JavaBinder: !!! FAILED BINDER TRANSACTION !!!  (parcel size = 76)
10-30 22:37:00.661 18548 18632 I chromium: [INFO:child_process_service.cc(69)] ChildProcessService: Exiting child process.
10-30 22:37:00.662   197   197 E lowmemorykiller: Error writing /proc/18528/oom_score_adj; errno=22
10-30 22:37:00.662   600  3509 E JavaBinder: !!! FAILED BINDER TRANSACTION !!!  (parcel size = 76)
10-30 22:37:00.664   197   197 E lowmemorykiller: Error writing /proc/18578/oom_score_adj; errno=22
10-30 22:37:00.665   197   197 E lowmemorykiller: Error writing /proc/18548/oom_score_adj; errno=22
10-30 22:37:00.708 18374 18374 W chromium: [WARNING:compositor_view.cc(315)] Child process died (type=6) pid=18548)
10-30 22:37:00.719 18374 18374 W chromium: [WARNING:compositor_view.cc(315)] Child process died (type=6) pid=18528)
10-30 22:37:00.726 18374 18374 W chromium: [WARNING:compositor_view.cc(315)] Child process died (type=6) pid=18578)
10-30 22:37:00.729 18594 18636 I chromium: [INFO:child_process_service.cc(69)] ChildProcessService: Exiting child process.
10-30 22:37:00.741   600  1081 I ActivityManager: Start proc 18681:com.android.chrome:sandboxed_process10/u0i651 for service com.android.chrome/org.chromium.content.app.SandboxedProcessService10
10-30 22:37:00.741   600 13557 I ActivityManager: Process com.android.chrome:sandboxed_process4 (pid 18548) has died
10-30 22:37:00.741   600 13557 D ActivityManager: cleanUpApplicationRecord -- 18548
10-30 22:37:00.746   600 13557 I ActivityManager: Killing 18566:com.android.chrome:sandboxed_process5/u0a35i646 (adj 0): isolated not needed
10-30 22:37:00.746   600 13557 I ActivityManager: Killing 18578:com.android.chrome:sandboxed_process6/u0a35i647 (adj 0): isolated not needed
10-30 22:37:00.746   600 13557 I ActivityManager: Killing 18528:com.android.chrome:sandboxed_process3/u0a35i644 (adj 900): isolated not needed
10-30 22:37:00.761   600  1080 D ActivityManager: cleanUpApplicationRecord -- 18528
10-30 22:37:00.761   600   611 D ActivityManager: cleanUpApplicationRecord -- 18578
10-30 22:37:00.766   197   197 E lowmemorykiller: Error writing /proc/18594/oom_score_adj; errno=22
10-30 22:37:00.766   600 13631 E JavaBinder: !!! FAILED BINDER TRANSACTION !!!  (parcel size = 76)
10-30 22:37:00.769   600 13631 E JavaBinder: !!! FAILED BINDER TRANSACTION !!!  (parcel size = 572)
10-30 22:37:00.770   600 13631 W ActivityManager: Exception when unbinding service com.android.chrome/org.chromium.content.app.SandboxedProcessService7
10-30 22:37:00.770   600 13631 W ActivityManager: android.os.DeadObjectException: Transaction failed on small parcel; remote process probably died
10-30 22:37:00.770   600 13631 W ActivityManager: 	at android.os.BinderProxy.transactNative(Native Method)
10-30 22:37:00.770   600 13631 W ActivityManager: 	at android.os.BinderProxy.transact(Binder.java:615)
10-30 22:37:00.770   600 13631 W ActivityManager: 	at android.app.ApplicationThreadProxy.scheduleUnbindService(ApplicationThreadNative.java:1016)
10-30 22:37:00.770   600 13631 W ActivityManager: 	at com.android.server.am.ActiveServices.removeConnectionLocked(ActiveServices.java:2175)
10-30 22:37:00.770   600 13631 W ActivityManager: 	at com.android.server.am.ActiveServices.unbindServiceLocked(ActiveServices.java:1163)
10-30 22:37:00.770   600 13631 W ActivityManager: 	at com.android.server.am.ActivityManagerService.unbindService(ActivityManagerService.java:17309)
10-30 22:37:00.770   600 13631 W ActivityManager: 	at android.app.ActivityManagerNative.onTransact(ActivityManagerNative.java:1145)
10-30 22:37:00.770   600 13631 W ActivityManager: 	at com.android.server.am.ActivityManagerService.onTransact(ActivityManagerService.java:2795)
10-30 22:37:00.770   600 13631 W ActivityManager: 	at android.os.Binder.execTransact(Binder.java:565)
10-30 22:37:00.770   197   197 E lowmemorykiller: Error writing /proc/18594/oom_score_adj; errno=22
10-30 22:37:00.771   600 29683 I ActivityManager: Process com.android.chrome:sandboxed_process7 (pid 18594) has died
10-30 22:37:00.771   600 29683 D ActivityManager: cleanUpApplicationRecord -- 18594
10-30 22:37:00.785 18374 18374 W chromium: [WARNING:compositor_view.cc(315)] Child process died (type=6) pid=18594)
10-30 22:37:00.795 18606 18638 I chromium: [INFO:child_process_service.cc(69)] ChildProcessService: Exiting child process.
10-30 22:37:00.796   197   197 E lowmemorykiller: Error writing /proc/18606/oom_score_adj; errno=22
10-30 22:37:00.809   600  3509 E JavaBinder: !!! FAILED BINDER TRANSACTION !!!  (parcel size = 572)
10-30 22:37:00.809   600  3509 W ActivityManager: Exception when unbinding service com.android.chrome/org.chromium.content.app.SandboxedProcessService8
10-30 22:37:00.809   600  3509 W ActivityManager: android.os.DeadObjectException: Transaction failed on small parcel; remote process probably died
10-30 22:37:00.809   600  3509 W ActivityManager: 	at android.os.BinderProxy.transactNative(Native Method)
10-30 22:37:00.809   600  3509 W ActivityManager: 	at android.os.BinderProxy.transact(Binder.java:615)
10-30 22:37:00.809   600  3509 W ActivityManager: 	at android.app.ApplicationThreadProxy.scheduleUnbindService(ApplicationThreadNative.java:1016)
10-30 22:37:00.809   600  3509 W ActivityManager: 	at com.android.server.am.ActiveServices.removeConnectionLocked(ActiveServices.java:2175)
10-30 22:37:00.809   600  3509 W ActivityManager: 	at com.android.server.am.ActiveServices.unbindServiceLocked(ActiveServices.java:1163)
10-30 22:37:00.809   600  3509 W ActivityManager: 	at com.android.server.am.ActivityManagerService.unbindService(ActivityManagerService.java:17309)
10-30 22:37:00.809   600  3509 W ActivityManager: 	at android.app.ActivityManagerNative.onTransact(ActivityManagerNative.java:1145)
10-30 22:37:00.809   600  3509 W ActivityManager: 	at com.android.server.am.ActivityManagerService.onTransact(ActivityManagerService.java:2795)
10-30 22:37:00.809   600  3509 W ActivityManager: 	at android.os.Binder.execTransact(Binder.java:565)
10-30 22:37:00.809   600  3509 E JavaBinder: !!! FAILED BINDER TRANSACTION !!!  (parcel size = 76)
10-30 22:37:00.810   197   197 E lowmemorykiller: Error writing /proc/18606/oom_score_adj; errno=22
10-30 22:37:00.810   600  3509 E JavaBinder: !!! FAILED BINDER TRANSACTION !!!  (parcel size = 76)
10-30 22:37:00.819   600 13558 I ActivityManager: Killing 18606:com.android.chrome:sandboxed_process8/u0a35i649 (adj 900): isolated not needed
10-30 22:37:00.828 18639 18639 I cr_ChildProcessService: Creating new ChildProcessService pid=18639
10-30 22:37:00.830 18374 18374 W chromium: [WARNING:compositor_view.cc(315)] Child process died (type=6) pid=18606)
10-30 22:37:00.833   600  7064 D ActivityManager: cleanUpApplicationRecord -- 18606
10-30 22:37:00.833 12169 12811 I Icing   : IndexChimeraService.getServiceInterface callingPackage=com.android.chrome componentName=null serviceId=36
10-30 22:37:00.955 12169 12563 I Icing   : IndexChimeraService.getServiceInterface callingPackage=com.android.chrome componentName=null serviceId=36
10-30 22:37:00.959   600 24611 I ActivityManager: Start proc 18697:com.android.chrome:sandboxed_process11/u0i652 for service com.android.chrome/org.chromium.content.app.SandboxedProcessService11
10-30 22:37:01.093 18681 18681 W boxed_process10: type=1400 audit(0.0:9705): avc: denied { getattr } for path="/data/data/com.android.chrome" dev="dm-2" ino=12190 scontext=u:r:isolated_app:s0:c512,c768 tcontext=u:object_r:app_data_file:s0:c512,c768 tclass=dir permissive=0
10-30 22:37:01.136 18676 18676 I dex2oat : /system/bin/dex2oat --dex-file=/data/user/0/com.android.chrome/app_dex/webapk7.dex --oat-fd=193 --oat-location=/data/user/0/com.android.chrome/app_dex/oat/arm/webapk7.dex --compiler-filter=speed
10-30 22:37:01.202 18639 18695 I cr_LibraryLoader: Loaded native library version number "85.0.4183.127"
10-30 22:37:01.202 18639 18695 I cr_CachingUmaRecorder: Flushed 1 samples from 1 histograms.
10-30 22:37:01.210 18697 18697 W boxed_process11: type=1400 audit(0.0:9706): avc: denied { getattr } for path="/data/data/com.android.chrome" dev="dm-2" ino=12190 scontext=u:r:isolated_app:s0:c512,c768 tcontext=u:object_r:app_data_file:s0:c512,c768 tclass=dir permissive=0
10-30 22:37:01.227 18681 18681 I cr_ChildProcessService: Creating new ChildProcessService pid=18681
10-30 22:37:01.310 18697 18697 I cr_ChildProcessService: Creating new ChildProcessService pid=18697
10-30 22:37:01.333   600  1080 I ActivityManager: Start proc 18716:com.android.chrome:sandboxed_process12/u0i653 for service com.android.chrome/org.chromium.content.app.SandboxedProcessService12
10-30 22:37:01.361   600  3509 I ActivityManager: Start proc 18722:com.android.chrome:sandboxed_process13/u0i654 for service com.android.chrome/org.chromium.content.app.SandboxedProcessService13
10-30 22:37:01.424   600  9614 I ActivityManager: Killing 18639:com.android.chrome:sandboxed_process9/u0a35i650 (adj 0): isolated not needed
10-30 22:37:01.426 18681 18711 I cr_LibraryLoader: Loaded native library version number "85.0.4183.127"
10-30 22:37:01.426 18681 18711 I cr_CachingUmaRecorder: Flushed 1 samples from 1 histograms.
10-30 22:37:01.521   600 27731 I ActivityManager: Start proc 18745:com.android.chrome:sandboxed_process14/u0i655 for service com.android.chrome/org.chromium.content.app.SandboxedProcessService14
10-30 22:37:01.537 18716 18716 W boxed_process12: type=1400 audit(0.0:9707): avc: denied { getattr } for path="/data/data/com.android.chrome" dev="dm-2" ino=12190 scontext=u:r:isolated_app:s0:c512,c768 tcontext=u:object_r:app_data_file:s0:c512,c768 tclass=dir permissive=0
10-30 22:37:01.582 18697 18715 I cr_LibraryLoader: Loaded native library version number "85.0.4183.127"
10-30 22:37:01.583 18697 18715 I cr_CachingUmaRecorder: Flushed 1 samples from 1 histograms.
10-30 22:37:01.594   600  1076 I ActivityManager: Killing 18681:com.android.chrome:sandboxed_process10/u0a35i651 (adj 0): isolated not needed
