--------- beginning of main
10-30 12:21:02.678 20998 20998 D AndroidRuntime: >>>>>> START com.android.internal.os.RuntimeInit uid 2000 <<<<<<
10-30 12:21:02.681 20998 20998 D AndroidRuntime: CheckJNI is OFF
10-30 12:21:02.752 20998 20998 D ICU     : No timezone override file found: /data/misc/zoneinfo/current/icu/icu_tzdata.dat
10-30 12:21:02.783 20998 20998 I Radio-JNI: register_android_hardware_Radio DONE
10-30 12:21:02.799 20998 20998 D AndroidRuntime: Calling main entry com.android.commands.am.Am
--------- beginning of system
10-30 12:21:02.818   600 13631 I ActivityManager: Force stopping com.android.chrome appid=10035 user=0: from pid 20998
10-30 12:21:02.818   600 13631 I ActivityManager: Killing 18718:com.android.chrome/u0a35 (adj 902): stop com.android.chrome
10-30 12:21:02.819   600 13631 D ActivityManager: cleanUpApplicationRecord -- 18718
10-30 12:21:02.830  1061  1061 D RegisteredNfcFServicesCache: Service unchanged, not updating
10-30 12:21:03.076   600  1079 I ActivityManager: START u0 {act=android.intent.action.VIEW flg=0x10008000 cmp=com.android.chrome/com.google.android.apps.chrome.Main} from uid 2000 on display 0
10-30 12:21:03.107 20998 20998 D AndroidRuntime: Shutting down VM
10-30 12:21:03.143   600 29683 I ActivityManager: Start proc 21008:com.android.chrome/u0a35 for activity com.android.chrome/com.google.android.apps.chrome.Main
10-30 12:21:03.308   600  2707 I ActivityManager: START u0 {cmp=com.android.chrome/org.chromium.chrome.browser.firstrun.TabbedModeFirstRunActivity (has extras)} from uid 10035 on display 0
10-30 12:21:03.351 21008 21025 W DynamiteModule: Local module descriptor class for com.google.android.gms.googlecertificates not found.
10-30 12:21:03.494 21008 21025 I DynamiteModule: Considering local module com.google.android.gms.googlecertificates:0 and remote module com.google.android.gms.googlecertificates:6
10-30 12:21:03.495 21008 21025 I DynamiteModule: Selected remote version of com.google.android.gms.googlecertificates, version >= 6
10-30 12:21:03.513 21008 21026 I cr_LibraryLoader: Loaded native library version number "85.0.4183.127"
10-30 12:21:03.523 21008 21027 I OpenGLRenderer: Initialized EGL, version 1.4
10-30 12:21:03.523 21008 21027 D OpenGLRenderer: Swap behavior 2
10-30 12:21:03.523 21008 21026 I cr_CachingUmaRecorder: Flushed 10 samples from 10 histograms.
10-30 12:21:03.536 21008 21025 W System  : ClassLoader referenced unknown path: 
10-30 12:21:03.544 21008 21025 D ApplicationLoaders: ignored Vulkan layer search path /data/app/com.google.android.gms-1/lib/arm:/data/app/com.google.android.gms-1/base.apk!/lib/armeabi-v7a:/data/app/com.google.android.gms-1/split_config.en.apk!/lib/armeabi-v7a for namespace 0xf4a47090
10-30 12:21:03.546 21008 21025 W ResourceType: ResTable_typeSpec entry count inconsistent: given 67, previously 69
10-30 12:21:03.546 21008 21025 W ResourceType: ResTable_typeSpec entry count inconsistent: given 5346, previously 5347
10-30 12:21:03.576 21008 21025 I DynamiteLoaderV2Impl: [70] Googlecertificates
10-30 12:21:03.593 21008 21025 W System  : ClassLoader referenced unknown path: /data/user_de/0/com.google.android.gms/app_chimera/m/00000061/n/armeabi-v7a
10-30 12:21:03.593 21008 21025 W System  : ClassLoader referenced unknown path: /data/user_de/0/com.google.android.gms/app_chimera/m/00000061/n/armeabi
10-30 12:21:03.661   600   620 W WindowManager: Failed looking up window
10-30 12:21:03.661   600   620 W WindowManager: java.lang.IllegalArgumentException: Requested window android.view.ViewRootImpl$W@bf12c2e does not exist
10-30 12:21:03.661   600   620 W WindowManager: 	at com.android.server.wm.WindowManagerService.windowForClientLocked(WindowManagerService.java:9422)
10-30 12:21:03.661   600   620 W WindowManager: 	at com.android.server.wm.WindowManagerService.windowForClientLocked(WindowManagerService.java:9413)
10-30 12:21:03.661   600   620 W WindowManager: 	at com.android.server.wm.WindowManagerService.removeWindow(WindowManagerService.java:2393)
10-30 12:21:03.661   600   620 W WindowManager: 	at com.android.server.wm.Session.remove(Session.java:202)
10-30 12:21:03.661   600   620 W WindowManager: 	at android.view.ViewRootImpl.dispatchDetachedFromWindow(ViewRootImpl.java:3290)
10-30 12:21:03.661   600   620 W WindowManager: 	at android.view.ViewRootImpl.doDie(ViewRootImpl.java:5917)
10-30 12:21:03.661   600   620 W WindowManager: 	at android.view.ViewRootImpl$ViewRootHandler.handleMessage(ViewRootImpl.java:3626)
10-30 12:21:03.661   600   620 W WindowManager: 	at android.os.Handler.dispatchMessage(Handler.java:102)
10-30 12:21:03.661   600   620 W WindowManager: 	at android.os.Looper.loop(Looper.java:154)
10-30 12:21:03.661   600   620 W WindowManager: 	at android.os.HandlerThread.run(HandlerThread.java:61)
10-30 12:21:03.661   600   620 W WindowManager: 	at com.android.server.ServiceThread.run(ServiceThread.java:46)
10-30 12:21:03.702   600   620 I ActivityManager: Displayed com.android.chrome/org.chromium.chrome.browser.firstrun.TabbedModeFirstRunActivity: +352ms (total +596ms)
10-30 12:21:03.725   787  1259 E apju    : Phenotype API error. Event # cdub@27933583, EventCode: 7 [CONTEXT service_id=51 ]
10-30 12:21:03.725   787  1259 E apju    : apiz: 29505: No config packages for log source, or config package not registered
10-30 12:21:03.725   787  1259 E apju    : 	at apkj.b(:com.google.android.gms@203915020@20.39.15 (040406-335085812):7)
10-30 12:21:03.725   787  1259 E apju    : 	at apkg.b(:com.google.android.gms@203915020@20.39.15 (040406-335085812):2)
10-30 12:21:03.725   787  1259 E apju    : 	at apju.a(:com.google.android.gms@203915020@20.39.15 (040406-335085812):85)
10-30 12:21:03.725   787  1259 E apju    : 	at apju.a(:com.google.android.gms@203915020@20.39.15 (040406-335085812):80)
10-30 12:21:03.725   787  1259 E apju    : 	at aain.run(:com.google.android.gms@203915020@20.39.15 (040406-335085812):7)
10-30 12:21:03.725   787  1259 E apju    : 	at boex.run(:com.google.android.gms@203915020@20.39.15 (040406-335085812):2)
10-30 12:21:03.725   787  1259 E apju    : 	at sup.b(:com.google.android.gms@203915020@20.39.15 (040406-335085812):12)
10-30 12:21:03.725   787  1259 E apju    : 	at sup.run(:com.google.android.gms@203915020@20.39.15 (040406-335085812):7)
10-30 12:21:03.725   787  1259 E apju    : 	at java.util.concurrent.ThreadPoolExecutor.runWorker(ThreadPoolExecutor.java:1133)
10-30 12:21:03.725   787  1259 E apju    : 	at java.util.concurrent.ThreadPoolExecutor$Worker.run(ThreadPoolExecutor.java:607)
10-30 12:21:03.725   787  1259 E apju    : 	at tam.run(:com.google.android.gms@203915020@20.39.15 (040406-335085812):0)
10-30 12:21:03.725   787  1259 E apju    : 	at java.lang.Thread.run(Thread.java:761)
10-30 12:21:03.729   787  1259 E AsyncOperation: serviceID=51, operation=GetExperimentTokensOperationCall [CONTEXT service_id=259 ]
10-30 12:21:03.729   787  1259 E AsyncOperation: OperationException[Status{statusCode=No config packages for log source, or config package not registered, resolution=null}]
10-30 12:21:03.729   787  1259 E AsyncOperation: 	at apju.a(:com.google.android.gms@203915020@20.39.15 (040406-335085812):87)
10-30 12:21:03.729   787  1259 E AsyncOperation: 	at apju.a(:com.google.android.gms@203915020@20.39.15 (040406-335085812):80)
10-30 12:21:03.729   787  1259 E AsyncOperation: 	at aain.run(:com.google.android.gms@203915020@20.39.15 (040406-335085812):7)
10-30 12:21:03.729   787  1259 E AsyncOperation: 	at boex.run(:com.google.android.gms@203915020@20.39.15 (040406-335085812):2)
10-30 12:21:03.729   787  1259 E AsyncOperation: 	at sup.b(:com.google.android.gms@203915020@20.39.15 (040406-335085812):12)
10-30 12:21:03.729   787  1259 E AsyncOperation: 	at sup.run(:com.google.android.gms@203915020@20.39.15 (040406-335085812):7)
10-30 12:21:03.729   787  1259 E AsyncOperation: 	at java.util.concurrent.ThreadPoolExecutor.runWorker(ThreadPoolExecutor.java:1133)
10-30 12:21:03.729   787  1259 E AsyncOperation: 	at java.util.concurrent.ThreadPoolExecutor$Worker.run(ThreadPoolExecutor.java:607)
10-30 12:21:03.729   787  1259 E AsyncOperation: 	at tam.run(:com.google.android.gms@203915020@20.39.15 (040406-335085812):0)
10-30 12:21:03.729   787  1259 E AsyncOperation: 	at java.lang.Thread.run(Thread.java:761)
10-30 12:21:03.734 21008 21025 D NetworkSecurityConfig: Using Network Security Config from resource 0_resource_name_obfuscated debugBuild: false
10-30 12:21:03.743   787 28590 I FontLog : Received query Google Sans, URI content://com.google.android.gms.fonts [CONTEXT service_id=132 ]
10-30 12:21:03.744   787 28590 I FontLog : Query [Google Sans] resolved to {Google Sans, wdth 100.0, wght 400, ital 0.0, bestEffort false} [CONTEXT service_id=132 ]
10-30 12:21:03.745   787 28590 I FontLog : Font PFD returned from cache for {Google Sans, wdth 100.0, wght 400, ital 0.0, bestEffort false} [CONTEXT service_id=132 ]
10-30 12:21:03.745   787 28590 I FontLog : Fetch {Google Sans, wdth 100.0, wght 400, ital 0.0, bestEffort false} end status Status{statusCode=SUCCESS, resolution=null} [CONTEXT service_id=132 ]
10-30 12:21:03.757   787  1714 I FontLog : Pulling font file for id = 808, cache size = 6 [CONTEXT service_id=132 ]
10-30 12:21:03.776   787 28592 I FontLog : Received query Google Sans:500, URI content://com.google.android.gms.fonts [CONTEXT service_id=132 ]
10-30 12:21:03.776   787 28592 I FontLog : Query [Google Sans:500] resolved to {Google Sans, wdth 100.0, wght 500, ital 0.0, bestEffort false} [CONTEXT service_id=132 ]
10-30 12:21:03.783   787 28592 I FontLog : Font PFD returned from cache for {Google Sans, wdth 100.0, wght 500, ital 0.0, bestEffort false} [CONTEXT service_id=132 ]
10-30 12:21:03.783   787 28592 I FontLog : Fetch {Google Sans, wdth 100.0, wght 500, ital 0.0, bestEffort false} end status Status{statusCode=SUCCESS, resolution=null} [CONTEXT service_id=132 ]
10-30 12:21:03.806   787 28588 I FontLog : Pulling font file for id = 809, cache size = 5 [CONTEXT service_id=132 ]
10-30 12:21:03.956  1084  1084 I MemoryTrimmer: Trimming objects from memory, since app is in the background.
10-30 12:21:03.971 13728 20902 I DeviceStateChecker: DeviceStateChecker cancelled
10-30 12:21:03.974 13728 13728 I MicroDetector: Keeping mic open: false
10-30 12:21:03.974 13728 13767 I AudioController: internalShutdown
10-30 12:21:03.975 13728 13767 I MicrophoneInputStream: mic_close com.google.android.apps.gsa.speech.audio.ae@ac74541
10-30 12:21:03.975 13728 13800 I MicroRecognitionRunner: Stopping hotword detection.
10-30 12:21:03.985 13728 13728 I MemoryTrimmer: Trimming objects from memory, since app is in the background.
10-30 12:21:03.991 21008 21025 I cr_VariationsSeedFetch: Fetched first run seed in 259 ms
10-30 12:21:03.997   238   285 I SoundTriggerHwService::Module: void android::SoundTriggerHwService::Module::onCallbackEvent(const sp<android::SoundTriggerHwService::CallbackEvent> &) mClient == 0
10-30 12:21:04.018 13728 20901 I MicroRecognitionRunner: Detection finished
10-30 12:21:04.032 13728 13728 I MemoryTrimmer: Trimming objects from memory, since app is in the background.
10-30 12:21:04.046   600  3994 I ActivityManager: Start proc 21044:com.android.chrome:sandboxed_process0/u0i570 for service com.android.chrome/org.chromium.content.app.SandboxedProcessService0
10-30 12:21:04.097 21044 21044 W dboxed_process0: type=1400 audit(0.0:5994): avc: denied { getattr } for path="/data/data/com.android.chrome" dev="dm-2" ino=12190 scontext=u:r:isolated_app:s0:c512,c768 tcontext=u:object_r:app_data_file:s0:c512,c768 tclass=dir permissive=0
10-30 12:21:04.120 21044 21044 I cr_ChildProcessService: Creating new ChildProcessService pid=21044
10-30 12:21:04.319   600  6312 I ActivityManager: Start proc 21071:com.android.chrome:privileged_process0/u0a35 for service com.android.chrome/org.chromium.content.app.PrivilegedProcessService0
10-30 12:21:04.392 21008 21030 W ConnectionStatusConfig: Dynamic lookup for intent failed for action: com.google.android.gms.auth.key.retrieval.service.START
10-30 12:21:04.426 21008 21030 W ConnectionStatusConfig: Dynamic lookup for intent failed for action: com.google.android.gms.auth.key.retrieval.service.START
10-30 12:21:04.428   600  6312 W ActivityManager: Unable to start service Intent { act=com.google.android.gms.auth.key.retrieval.service.START pkg=com.google.android.gms } U=0: not found
10-30 12:21:04.439   600 24515 W ActivityManager: Unbind failed: could not find connection for android.os.BinderProxy@fefafaa
10-30 12:21:04.439 21008 21030 E GmsClient: unable to connect to service: com.google.android.gms.auth.key.retrieval.service.START on com.google.android.gms
10-30 12:21:04.452 21071 21071 I cr_ChildProcessService: Creating new ChildProcessService pid=21071
10-30 12:21:04.462 21008 21008 W cr_KnoxSettingsProvider: Permission to read device policy denied.
10-30 12:21:04.491 21071 21088 I cr_LibraryLoader: Loaded native library version number "85.0.4183.127"
10-30 12:21:04.491 21071 21088 I cr_CachingUmaRecorder: Flushed 1 samples from 1 histograms.
10-30 12:21:04.504 21071 21088 E libEGL  : validate_display:99 error 3008 (EGL_BAD_DISPLAY)
10-30 12:21:11.427   600  3994 D DnsEventListenerService: Logging 100 results for netId 100
10-30 12:21:14.054 13728 13728 I MemoryTrimmer: Trimming objects from memory, since app is in the background.
10-30 12:21:16.253 21115 21115 D AndroidRuntime: >>>>>> START com.android.internal.os.RuntimeInit uid 2000 <<<<<<
10-30 12:21:16.257 21115 21115 D AndroidRuntime: CheckJNI is OFF
10-30 12:21:16.321 21115 21115 D ICU     : No timezone override file found: /data/misc/zoneinfo/current/icu/icu_tzdata.dat
10-30 12:21:16.352 21115 21115 I Radio-JNI: register_android_hardware_Radio DONE
10-30 12:21:16.366 21115 21115 D AndroidRuntime: Calling main entry com.android.commands.monkey.Monkey
10-30 12:21:16.431   600   613 W BroadcastQueue: Skipping deliver [background] BroadcastRecord{97d77b2 u-1 android.net.conn.CONNECTIVITY_CHANGE} to ReceiverList{a906303 21115 (unknown name)/2000/u-1 remote:54ea914}: process crashing
10-30 12:21:18.027 21115 21115 D MonkeyStub: translateCommand: wake
10-30 12:21:18.175 21115 21115 D MonkeyStub: translateCommand: tap 398 1198
10-30 12:21:20.432 21115 21115 D MonkeyStub: translateCommand: tap 720 1506
10-30 12:21:20.622 13859 13906 I PeopleChimeraService: onService. callbacks = aaik@3512e49, request = com.google.android.gms.common.internal.GetServiceRequest@b21234e
10-30 12:21:20.638 13859 13870 I PeopleChimeraService: onService. callbacks = aaik@70c7d7c, request = com.google.android.gms.common.internal.GetServiceRequest@8756605
10-30 12:21:22.685 21115 21115 D MonkeyStub: translateCommand: tap 355 1480
10-30 12:21:22.701 21115 21115 D MonkeyStub: Quit requested
10-30 12:21:22.728   600   707 I ActivityManager: START u0 {act=android.intent.action.VIEW flg=0x10008000 cmp=com.android.chrome/com.google.android.apps.chrome.Main (has extras)} from uid 10035 on display 0
10-30 12:21:22.757 21115 21115 I art     : System.exit called, status: 6
10-30 12:21:22.757 21115 21115 I AndroidRuntime: VM exiting with result code 6.
10-30 12:21:22.790   600   614 I CwMcuSensor: CwMcuSensor::flush: fd = 252, sensors_id = 0, path = /sys/class/htc_sensorhub/sensor_hub/flush, err = 0
10-30 12:21:22.829   600  1080 W WindowManager: Attempted to remove non-existing token: android.os.Binder@4f74280
10-30 12:21:22.929 21008 21008 E cr_CompositorSurfaceMgr: Transitioning to surface with format : -1
10-30 12:21:22.973   600   609 I art     : Background partial concurrent mark sweep GC freed 19450(958KB) AllocSpace objects, 3(60KB) LOS objects, 33% free, 15MB/23MB, paused 948us total 164.537ms
10-30 12:21:23.021 21008 21065 W cr_tabmodel: Starting to perform legacy migration.
10-30 12:21:23.024 21008 21065 W cr_tabmodel: Finished performing legacy migration.
10-30 12:21:23.024 21008 21065 W cr_tabmodel: Starting to perform multi-instance migration.
10-30 12:21:23.024 21008 21065 W cr_tabmodel: Finished performing multi-instance migration.
10-30 12:21:23.024 21008 21065 I cr_tabmodel: Starting to fetch tab list for tab_state0
10-30 12:21:23.024 21008 21065 I cr_tabmodel: State file does not exist.
10-30 12:21:23.024 21008 21065 I cr_tabmodel: Starting to fetch tab list for tab_state1
10-30 12:21:23.024 21008 21065 I cr_tabmodel: State file does not exist.
10-30 12:21:23.061 21008 21065 I cr_ADCP : No customization source found
10-30 12:21:23.115   600  2707 E BatteryStatsService: power: Missing API
10-30 12:21:23.129   796   796 E PhoneInterfaceManager: [PhoneIntfMgr] queryModemActivityInfo: Empty response
10-30 12:21:23.130   600  2707 E BatteryStatsService: no controller energy info supplied
10-30 12:21:23.135   600  2707 E BatteryStatsService: modem info is invalid: ModemActivityInfo{ mTimestamp=0 mSleepTimeMs=0 mIdleTimeMs=0 mTxTimeMs[]=[0, 0, 0, 0, 0] mRxTimeMs=0 mEnergyUsed=0}
10-30 12:21:23.146   600   613 W ProcessCpuTracker: Skipping unknown process pid 21140
10-30 12:21:23.147   600   620 I ActivityManager: Displayed com.android.chrome/com.google.android.apps.chrome.Main: +361ms
10-30 12:21:23.153 21008 21027 D OpenGLRenderer: endAllActiveAnimators on 0xd4496900 (InsetDrawable) with handle 0xd45f8cc0
10-30 12:21:23.164 21008 21008 E cr_CompositorSurfaceMgr: Transitioning to surface with format : -1
10-30 12:21:23.170 21008 21008 E cr_CompositorSurfaceMgr: surfaceCreated format : 0
10-30 12:21:23.179 21008 21008 I cr_ContextualSearch: Tap suppression enabled: false
10-30 12:21:23.182 21008 21008 I cr_ChromeTabbedActivity: #initializeState
10-30 12:21:23.183 21008 21008 I cr_CipherFactory: #restoreFromBundle, no savedInstanceState.
10-30 12:21:23.183 21008 21008 I cr_tabmodel: #loadState, ignoreIncognitoFiles? true
10-30 12:21:23.376 21008 21018 I art     : Background sticky concurrent mark sweep GC freed 6058(919KB) AllocSpace objects, 9(180KB) LOS objects, 14% free, 7MB/8MB, paused 5.723ms total 44.791ms
10-30 12:21:23.389 21008 21008 I SchedulerApiWrapper: Create SchedulerApiMainThreadWrapper
10-30 12:21:23.399 21008 21008 I FeedSessionManagerImpl: FeedSessionManagerImpl has been created
10-30 12:21:23.400 21008 21008 I FeedAppLifecycleLstnr: onEnterForeground called
10-30 12:21:23.400 21008 21008 I FeedSessionManagerImpl: onLifecycleEvent foreground
10-30 12:21:23.401 21008 21008 I FeedSessionManagerImpl: Lazy initialization triggered, getUpdateConsumer
10-30 12:21:23.401 21008 21008 I FeedRequestManagerImpl: trigger refresh 2
10-30 12:21:23.401 21008 21063 I TaskQueue: Execute task [IMMEDIATE - d: true, b: 0]: 30
10-30 12:21:23.402 21008 21008 I TaskQueue:  - task [HEAD_INVALIDATE - d: true, b: 0]: 26
10-30 12:21:23.402 21008 21008 I FeedAppLifecycleLstnr: initialize called
10-30 12:21:23.402 21008 21008 I FeedSessionManagerImpl: onLifecycleEvent initialize
10-30 12:21:23.402 21008 21008 W FeedSessionManagerImpl: FeedSessionManagerImpl has previously been initialized
10-30 12:21:23.437 21008 21008 I ViewConfigCompat: Could not find method getScaledScrollFactor() on ViewConfiguration
10-30 12:21:23.442 21008 21008 I BasicStream: Setting 2 header views, currently have 0 headers
10-30 12:21:23.444 21008 21008 I BasicStream: Setting 2 header views, currently have 2 headers
10-30 12:21:23.500   600   619 D BluetoothManagerService: Message: 20
10-30 12:21:23.500   600   619 D BluetoothManagerService: Added callback: android.bluetooth.IBluetoothManagerCallback$Stub$Proxy@e6a4b0c:true
10-30 12:21:23.521 21008 21008 E cr_IntentUtils: getBooleanExtra failed on intent null
10-30 12:21:23.532 21008 21008 I TimeoutSessionImpl: Using TimeoutSessionImpl
10-30 12:21:23.533 21008 21008 I FeedSessionManagerImpl: Delaying populateSession until initialization is finished
10-30 12:21:23.533 21008 21008 I TaskQueue:  - task [IMMEDIATE - d: true, b: 1]: 13
10-30 12:21:23.533 21044 21057 I cr_LibraryLoader: Loaded native library version number "85.0.4183.127"
10-30 12:21:23.533 21008 21008 I MainThreadRunner: Running task [BasicStream onShow] on the Main Thread with a delay of 500 milliseconds
10-30 12:21:23.533 21044 21057 I cr_CachingUmaRecorder: Flushed 1 samples from 1 histograms.
10-30 12:21:23.610   600   707 I ActivityManager: Start proc 21148:com.android.chrome:sandboxed_process1/u0i571 for service com.android.chrome/org.chromium.content.app.SandboxedProcessService1
10-30 12:21:23.632 21008 21063 W SessionCache: Persisted Sessions were not found
10-30 12:21:23.632 21008 21063 I HeadSessionImpl: Initialize HEAD 0 items
10-30 12:21:23.632 21008 21063 I TaskQueue:  - task [BACKGROUND - d: true, b: 2]: 11
10-30 12:21:23.633 21008 21063 I TimingUtils: Task Timing 231ms, thread JardinExecutor | task : Initialization
10-30 12:21:23.633 21008 21063 I TaskQueue:  - Finished 30, time 231 ms
10-30 12:21:23.634 21008 21063 I TaskQueue: Execute task [HEAD_INVALIDATE - d: true, b: 2]: 26
10-30 12:21:23.637 21008 21063 I TimingUtils: Task Timing   3ms, thread JardinExecutor | task : getAllDismissLocalActions | size : 0
10-30 12:21:23.637 21008 21063 I TimingUtils: Task Timing   0ms, thread JardinExecutor | task : getSemanticProperties | size : 0
10-30 12:21:23.638 21008 21063 I MainThreadRunner: Running task [Check Tooltips] on the Main Thread
10-30 12:21:23.638 21008 21063 I TaskQueue:  * Starting starvation checks
10-30 12:21:23.638 21008 21063 I MainThreadRunner: Running task [starvationChecks] on the Main Thread with a delay of 6000 milliseconds
10-30 12:21:23.638 21008 21063 I TaskQueue:  - Finished 26, time 4 ms
10-30 12:21:23.638 21008 21063 I TaskQueue: Execute task [IMMEDIATE - d: true, b: 1]: 13
10-30 12:21:23.638 21008 21063 I FeedSessionManagerImpl: shouldSessionRequestData; hasContent(false), contentCreationTime(0), outstandingRequest(true)
10-30 12:21:23.638 21008 21063 I MainThreadRunner: Running task [SchedulerApiWrapper shouldSessionRequestData] on the Main Thread
10-30 12:21:23.645   600  1081 I ActivityManager: Start proc 21153:com.android.chrome:sandboxed_process2/u0i572 for service com.android.chrome/org.chromium.content.app.SandboxedProcessService2
10-30 12:21:23.684   600  1080 I ActivityManager: Start proc 21169:com.android.chrome:sandboxed_process3/u0i573 for service com.android.chrome/org.chromium.content.app.SandboxedProcessService3
10-30 12:21:23.711   600  7064 I ActivityManager: Start proc 21182:com.android.chrome:sandboxed_process4/u0i574 for service com.android.chrome/org.chromium.content.app.SandboxedProcessService4
10-30 12:21:23.770   600  9614 I ActivityManager: Start proc 21191:com.android.chrome:sandboxed_process5/u0i575 for service com.android.chrome/org.chromium.content.app.SandboxedProcessService5
10-30 12:21:23.846   600   707 I ActivityManager: Start proc 21211:com.android.chrome:sandboxed_process6/u0i576 for service com.android.chrome/org.chromium.content.app.SandboxedProcessService6
10-30 12:21:23.884 21008 21008 I PlayCore: UID: [10035]  PID: [21008] SplitInstallService : deferredInstall([image_editor])
10-30 12:21:23.914   600 27731 I ActivityManager: Start proc 21228:com.android.chrome:sandboxed_process7/u0i577 for service com.android.chrome/org.chromium.content.app.SandboxedProcessService7
10-30 12:21:23.920 21148 21148 W dboxed_process1: type=1400 audit(0.0:5995): avc: denied { getattr } for path="/data/data/com.android.chrome" dev="dm-2" ino=12190 scontext=u:r:isolated_app:s0:c512,c768 tcontext=u:object_r:app_data_file:s0:c512,c768 tclass=dir permissive=0
10-30 12:21:23.964 21153 21153 W dboxed_process2: type=1400 audit(0.0:5996): avc: denied { getattr } for path="/data/data/com.android.chrome" dev="dm-2" ino=12190 scontext=u:r:isolated_app:s0:c512,c768 tcontext=u:object_r:app_data_file:s0:c512,c768 tclass=dir permissive=0
10-30 12:21:23.977   600   610 I ActivityManager: Start proc 21243:com.android.chrome:sandboxed_process8/u0i578 for service com.android.chrome/org.chromium.content.app.SandboxedProcessService8
10-30 12:21:24.010 21008 21008 I Choreographer: Skipped 51 frames!  The application may be doing too much work on its main thread.
10-30 12:21:24.057 21169 21169 W dboxed_process3: type=1400 audit(0.0:5997): avc: denied { getattr } for path="/data/data/com.android.chrome" dev="dm-2" ino=12190 scontext=u:r:isolated_app:s0:c512,c768 tcontext=u:object_r:app_data_file:s0:c512,c768 tclass=dir permissive=0
10-30 12:21:24.107 21182 21182 W dboxed_process4: type=1400 audit(0.0:5998): avc: denied { getattr } for path="/data/data/com.android.chrome" dev="dm-2" ino=12190 scontext=u:r:isolated_app:s0:c512,c768 tcontext=u:object_r:app_data_file:s0:c512,c768 tclass=dir permissive=0
10-30 12:21:24.154 21153 21153 I cr_ChildProcessService: Creating new ChildProcessService pid=21153
10-30 12:21:24.156 21148 21148 I cr_ChildProcessService: Creating new ChildProcessService pid=21148
10-30 12:21:24.204 21191 21191 W dboxed_process5: type=1400 audit(0.0:5999): avc: denied { getattr } for path="/data/data/com.android.chrome" dev="dm-2" ino=12190 scontext=u:r:isolated_app:s0:c512,c768 tcontext=u:object_r:app_data_file:s0:c512,c768 tclass=dir permissive=0
10-30 12:21:24.227 21211 21211 W dboxed_process6: type=1400 audit(0.0:6000): avc: denied { getattr } for path="/data/data/com.android.chrome" dev="dm-2" ino=12190 scontext=u:r:isolated_app:s0:c512,c768 tcontext=u:object_r:app_data_file:s0:c512,c768 tclass=dir permissive=0
10-30 12:21:24.239 21169 21169 I cr_ChildProcessService: Creating new ChildProcessService pid=21169
10-30 12:21:24.277   600 13631 I ActivityManager: Start proc 21267:com.android.chrome:sandboxed_process9/u0i579 for service com.android.chrome/org.chromium.content.app.SandboxedProcessService9
10-30 12:21:24.286 21008 21008 I TaskQueue:  - task [IMMEDIATE - d: true, b: 1]: 27
10-30 12:21:24.286 21008 21063 I FeedSessionManagerImpl: shouldSessionRequestDataResult: NO_REQUEST_WITH_WAIT, shouldMakeRequest(false), withTimeout(false), withAppend(false)
10-30 12:21:24.286 21008 21063 I TaskQueue:  - task [USER_FACING - d: true, b: 2]: 24
10-30 12:21:24.286 21008 21063 I TaskQueue:  - Finished 13, time 648 ms
10-30 12:21:24.300 21228 21228 W dboxed_process7: type=1400 audit(0.0:6001): avc: denied { getattr } for path="/data/data/com.android.chrome" dev="dm-2" ino=12190 scontext=u:r:isolated_app:s0:c512,c768 tcontext=u:object_r:app_data_file:s0:c512,c768 tclass=dir permissive=0
10-30 12:21:24.306 21008 21063 I TaskQueue: Execute task [IMMEDIATE - d: true, b: 2]: 27
10-30 12:21:24.313 21008 21063 I FeedRequestManagerImpl: Consistency Token: # hU2@7bca4
10-30 12:21:24.345 21008 21063 I FeedRequestManagerImpl: Capability: FEED_UI
10-30 12:21:24.345 21008 21063 I FeedRequestManagerImpl: Capability: UNDOABLE_ACTIONS
10-30 12:21:24.345 21008 21063 I FeedRequestManagerImpl: Capability: MANAGE_INTERESTS
10-30 12:21:24.345 21008 21063 I FeedRequestManagerImpl: Capability: SEND_FEEDBACK
10-30 12:21:24.345 21008 21063 I FeedRequestManagerImpl: Capability: ARTICLE_SNIPPETS
10-30 12:21:24.345 21008 21063 I FeedRequestManagerImpl: Capability: CLICK_ACTION
10-30 12:21:24.346 21008 21063 I FeedRequestManagerImpl: Capability: VIEW_ACTION
10-30 12:21:24.346 21008 21063 I FeedRequestManagerImpl: Capability: REPORT_FEED_USER_ACTIONS_NOTICE_CARD
10-30 12:21:24.346 21008 21063 I FeedRequestManagerImpl: Capability: BASE_UI
10-30 12:21:24.363 21182 21182 I cr_ChildProcessService: Creating new ChildProcessService pid=21182
10-30 12:21:24.367 21008 21063 I FeedRequestManagerImpl: Making Request: /httpservice/noretry/DiscoverClankService/FeedQuery
10-30 12:21:24.367 21008 21063 I MainThreadRunner: Running task [NetworkClientWrapper send] on the Main Thread
10-30 12:21:24.367 21008 21063 I TaskQueue:  - Finished 27, time 61 ms
10-30 12:21:24.372   600  6312 I ActivityManager: Start proc 21273:com.android.chrome:sandboxed_process10/u0i580 for service com.android.chrome/org.chromium.content.app.SandboxedProcessService10
10-30 12:21:24.434 21243 21243 W dboxed_process8: type=1400 audit(0.0:6002): avc: denied { getattr } for path="/data/data/com.android.chrome" dev="dm-2" ino=12190 scontext=u:r:isolated_app:s0:c512,c768 tcontext=u:object_r:app_data_file:s0:c512,c768 tclass=dir permissive=0
10-30 12:21:24.444 21191 21191 I cr_ChildProcessService: Creating new ChildProcessService pid=21191
10-30 12:21:24.483 21008 21018 I art     : Background sticky concurrent mark sweep GC freed 39384(2MB) AllocSpace objects, 30(636KB) LOS objects, 15% free, 10MB/12MB, paused 981us total 173.820ms
10-30 12:21:24.518 21211 21211 I cr_ChildProcessService: Creating new ChildProcessService pid=21211
10-30 12:21:24.591 21228 21228 I cr_ChildProcessService: Creating new ChildProcessService pid=21228
10-30 12:21:24.593 21153 21264 I cr_LibraryLoader: Loaded native library version number "85.0.4183.127"
10-30 12:21:24.594 21153 21264 I cr_CachingUmaRecorder: Flushed 1 samples from 1 histograms.
10-30 12:21:24.598 21148 21265 I cr_LibraryLoader: Loaded native library version number "85.0.4183.127"
10-30 12:21:24.598 21148 21265 I cr_CachingUmaRecorder: Flushed 1 samples from 1 histograms.
10-30 12:21:24.602 21008 21008 I cr_tabmodel: Appending tabs being restored to metadata lists, 0, startingNormalCount: 1, startingIncognitoCount: 0
10-30 12:21:24.602 21008 21008 I cr_tabmodel: Serializing tab lists; counts: 1, 0
10-30 12:21:24.610 21008 21231 I PlayCore: UID: [10035]  PID: [21008] SplitInstallService : Initiate binding to the service.
10-30 12:21:24.611   600  2707 W ActivityManager: Unable to start service Intent { act=com.google.android.play.core.splitinstall.BIND_SPLIT_INSTALL_SERVICE pkg=com.android.vending } U=0: not found
10-30 12:21:24.679 21243 21243 I cr_ChildProcessService: Creating new ChildProcessService pid=21243
10-30 12:21:24.687 21267 21267 W dboxed_process9: type=1400 audit(0.0:6003): avc: denied { getattr } for path="/data/data/com.android.chrome" dev="dm-2" ino=12190 scontext=u:r:isolated_app:s0:c512,c768 tcontext=u:object_r:app_data_file:s0:c512,c768 tclass=dir permissive=0
10-30 12:21:24.725 21182 21275 I cr_LibraryLoader: Loaded native library version number "85.0.4183.127"
10-30 12:21:24.738   600 24611 I ActivityManager: Start proc 21310:com.android.chrome:sandboxed_process11/u0i581 for service com.android.chrome/org.chromium.content.app.SandboxedProcessService11
10-30 12:21:24.740 21182 21275 I cr_CachingUmaRecorder: Flushed 1 samples from 1 histograms.
10-30 12:21:24.804 21273 21273 W boxed_process10: type=1400 audit(0.0:6004): avc: denied { getattr } for path="/data/data/com.android.chrome" dev="dm-2" ino=12190 scontext=u:r:isolated_app:s0:c512,c768 tcontext=u:object_r:app_data_file:s0:c512,c768 tclass=dir permissive=0
10-30 12:21:24.814 21169 21266 I cr_LibraryLoader: Loaded native library version number "85.0.4183.127"
10-30 12:21:24.815 21169 21266 I cr_CachingUmaRecorder: Flushed 1 samples from 1 histograms.
10-30 12:21:24.841   600  1076 I ActivityManager: Killing 21148:com.android.chrome:sandboxed_process1/u0a35i571 (adj 0): isolated not needed
10-30 12:21:24.868 21211 21298 I cr_LibraryLoader: Loaded native library version number "85.0.4183.127"
10-30 12:21:24.874 21211 21298 I cr_CachingUmaRecorder: Flushed 1 samples from 1 histograms.
10-30 12:21:24.882   600 29683 I ActivityManager: Killing 21153:com.android.chrome:sandboxed_process2/u0a35i572 (adj 0): isolated not needed
10-30 12:21:24.888 21191 21285 I cr_LibraryLoader: Loaded native library version number "85.0.4183.127"
10-30 12:21:24.927 21191 21285 I cr_CachingUmaRecorder: Flushed 1 samples from 1 histograms.
10-30 12:21:24.983 21267 21267 I cr_ChildProcessService: Creating new ChildProcessService pid=21267
10-30 12:21:25.030 21008 21018 W art     : Suspending all threads took: 11.410ms
10-30 12:21:25.039 21273 21273 I cr_ChildProcessService: Creating new ChildProcessService pid=21273
10-30 12:21:25.055 21008 21064 W cr_CrashFileManager: /data/user/0/com.android.chrome/cache/Crash Reports does not exist or is not a directory
10-30 12:21:25.055 21008 21064 W cr_CrashFileManager: /data/user/0/com.android.chrome/cache/Crash Reports does not exist or is not a directory
10-30 12:21:25.055 21008 21064 W cr_CrashFileManager: /data/user/0/com.android.chrome/cache/Crash Reports does not exist or is not a directory
10-30 12:21:25.080 21310 21310 W boxed_process11: type=1400 audit(0.0:6005): avc: denied { getattr } for path="/data/data/com.android.chrome" dev="dm-2" ino=12190 scontext=u:r:isolated_app:s0:c512,c768 tcontext=u:object_r:app_data_file:s0:c512,c768 tclass=dir permissive=0
10-30 12:21:25.099 21228 21301 I cr_LibraryLoader: Loaded native library version number "85.0.4183.127"
10-30 12:21:25.105 21243 21302 I cr_LibraryLoader: Loaded native library version number "85.0.4183.127"
10-30 12:21:25.106 21008 21018 I art     : Background partial concurrent mark sweep GC freed 47987(2MB) AllocSpace objects, 33(672KB) LOS objects, 40% free, 10MB/16MB, paused 16.761ms total 342.135ms
10-30 12:21:25.107 21228 21301 I cr_CachingUmaRecorder: Flushed 1 samples from 1 histograms.
10-30 12:21:25.110 21243 21302 I cr_CachingUmaRecorder: Flushed 1 samples from 1 histograms.
10-30 12:21:25.197 21267 21329 I cr_LibraryLoader: Loaded native library version number "85.0.4183.127"
10-30 12:21:25.197 21267 21329 I cr_CachingUmaRecorder: Flushed 1 samples from 1 histograms.
10-30 12:21:25.205 21243 21243 I cr_ChildProcessService: Destroying ChildProcessService pid=21243
10-30 12:21:25.210 21228 21301 I chromium: [INFO:child_process_service.cc(69)] ChildProcessService: Exiting child process.
10-30 12:21:25.211   197   197 E lowmemorykiller: Error writing /proc/21228/oom_score_adj; errno=22
10-30 12:21:25.233   600   713 I ActivityManager: Process com.android.chrome:sandboxed_process7 (pid 21228) has died
10-30 12:21:25.233   600   713 D ActivityManager: cleanUpApplicationRecord -- 21228
10-30 12:21:25.236   600   713 I ActivityManager: Killing 21243:com.android.chrome:sandboxed_process8/u0a35i578 (adj 0): isolated not needed
10-30 12:21:25.236   600   713 I ActivityManager: Killing 21191:com.android.chrome:sandboxed_process5/u0a35i575 (adj 0): isolated not needed
10-30 12:21:25.236   600   713 I ActivityManager: Killing 21211:com.android.chrome:sandboxed_process6/u0a35i576 (adj 0): isolated not needed
10-30 12:21:25.236   600   713 I ActivityManager: Killing 21169:com.android.chrome:sandboxed_process3/u0a35i573 (adj 0): isolated not needed
10-30 12:21:25.236   600   713 I ActivityManager: Killing 21182:com.android.chrome:sandboxed_process4/u0a35i574 (adj 0): isolated not needed
10-30 12:21:25.283 21145 21145 D AndroidRuntime: >>>>>> START com.android.internal.os.RuntimeInit uid 2000 <<<<<<
10-30 12:21:25.288 21145 21145 D AndroidRuntime: CheckJNI is OFF
10-30 12:21:25.313 21267 21267 I cr_ChildProcessService: Destroying ChildProcessService pid=21267
10-30 12:21:25.338 21267 21329 I chromium: [INFO:child_process_service.cc(69)] ChildProcessService: Exiting child process.
10-30 12:21:25.410 21145 21145 D ICU     : No timezone override file found: /data/misc/zoneinfo/current/icu/icu_tzdata.dat
10-30 12:21:25.439 21008 21231 I PlayCore: UID: [10035]  PID: [21008] SplitInstallService : Failed to bind to the service.
10-30 12:21:25.450   600 17381 D ActivityManager: cleanUpApplicationRecord -- 21148
10-30 12:21:25.453 21145 21145 I Radio-JNI: register_android_hardware_Radio DONE
10-30 12:21:25.456   600 17381 I ActivityManager: Killing 21267:com.android.chrome:sandboxed_process9/u0a35i579 (adj 0): isolated not needed
10-30 12:21:25.471   600 24515 D ActivityManager: cleanUpApplicationRecord -- 21153
10-30 12:21:25.495 21008 21008 W chromium: [WARNING:compositor_view.cc(315)] Child process died (type=6) pid=21228)
10-30 12:21:25.498 21008 21008 W chromium: [WARNING:compositor_view.cc(315)] Child process died (type=6) pid=21153)
10-30 12:21:25.499 21008 21008 W chromium: [WARNING:compositor_view.cc(315)] Child process died (type=6) pid=21148)
10-30 12:21:25.499 21008 21008 W chromium: [WARNING:compositor_view.cc(315)] Child process died (type=6) pid=21267)
10-30 12:21:25.504 21008 21064 I cr_FileUtils: Writing to /data/user/0/com.android.chrome/app_dex/webapk7.dex
10-30 12:21:25.515 21145 21145 D AndroidRuntime: Calling main entry com.android.commands.am.Am
10-30 12:21:25.520   600   707 I ActivityManager: Start proc 21357:com.android.chrome:sandboxed_process12/u0i582 for service com.android.chrome/org.chromium.content.app.SandboxedProcessService12
10-30 12:21:25.552   600  3509 D ActivityManager: cleanUpApplicationRecord -- 21267
10-30 12:21:25.560   600 24515 D ActivityManager: cleanUpApplicationRecord -- 21243
10-30 12:21:25.570 21008 21008 I Choreographer: Skipped 30 frames!  The application may be doing too much work on its main thread.
10-30 12:21:25.596 21008 21008 W chromium: [WARNING:compositor_view.cc(315)] Child process died (type=6) pid=21243)
10-30 12:21:25.617   600  9614 I ActivityManager: Start proc 21372:com.android.chrome:sandboxed_process13/u0i583 for service com.android.chrome/org.chromium.content.app.SandboxedProcessService13
10-30 12:21:25.668 21310 21310 I cr_ChildProcessService: Creating new ChildProcessService pid=21310
10-30 12:21:25.730 21357 21357 W boxed_process12: type=1400 audit(0.0:6006): avc: denied { getattr } for path="/data/data/com.android.chrome" dev="dm-2" ino=12190 scontext=u:r:isolated_app:s0:c512,c768 tcontext=u:object_r:app_data_file:s0:c512,c768 tclass=dir permissive=0
10-30 12:21:25.740 21273 21336 I cr_LibraryLoader: Loaded native library version number "85.0.4183.127"
10-30 12:21:25.741 21273 21336 I cr_CachingUmaRecorder: Flushed 1 samples from 1 histograms.
10-30 12:21:25.760   600 24515 I ActivityManager: Start proc 21389:com.android.chrome:sandboxed_process14/u0i584 for service com.android.chrome/org.chromium.content.app.SandboxedProcessService14
10-30 12:21:25.771   600  7064 I ActivityManager: START u0 {act=android.intent.action.VIEW dat=http://independent.co.uk/... flg=0x10000000 cmp=com.android.chrome/com.google.android.apps.chrome.Main} from uid 2000 on display 0
10-30 12:21:25.775 21145 21145 D AndroidRuntime: Shutting down VM
10-30 12:21:25.840   600  3507 I ActivityManager: Start proc 21395:com.android.chrome:sandboxed_process15/u0i585 for service com.android.chrome/org.chromium.content.app.SandboxedProcessService15
10-30 12:21:25.855 21357 21357 I cr_ChildProcessService: Creating new ChildProcessService pid=21357
10-30 12:21:25.885   600 17381 I ActivityManager: Start proc 21411:com.android.chrome:sandboxed_process16/u0i586 for service com.android.chrome/org.chromium.content.app.SandboxedProcessService16
10-30 12:21:25.893 21008 21008 E cr_IntentUtils: getInt failed on bundle null
10-30 12:21:25.934 21372 21372 W boxed_process13: type=1400 audit(0.0:6007): avc: denied { getattr } for path="/data/data/com.android.chrome" dev="dm-2" ino=12190 scontext=u:r:isolated_app:s0:c512,c768 tcontext=u:object_r:app_data_file:s0:c512,c768 tclass=dir permissive=0
10-30 12:21:25.941 21273 21336 I chromium: [INFO:child_process_service.cc(69)] ChildProcessService: Exiting child process.
10-30 12:21:25.947   600  1082 I ActivityManager: Start proc 21418:com.android.chrome:sandboxed_process17/u0i587 for service com.android.chrome/org.chromium.content.app.SandboxedProcessService17
10-30 12:21:25.975 21008 21008 W FeedModelProvider: sessionId is null, this should have been set during population
10-30 12:21:25.983 21008 21008 I cr_tabmodel: Appending tabs being restored to metadata lists, 0, startingNormalCount: 2, startingIncognitoCount: 0
10-30 12:21:25.983 21008 21008 I cr_tabmodel: Serializing tab lists; counts: 2, 0
10-30 12:21:26.001   600  3994 I ActivityManager: Start proc 21444:com.android.chrome:sandboxed_process18/u0i588 for service com.android.chrome/org.chromium.content.app.SandboxedProcessService18
10-30 12:21:26.017 21369 21369 I dex2oat : /system/bin/dex2oat --dex-file=/data/user/0/com.android.chrome/app_dex/webapk7.dex --oat-fd=183 --oat-location=/data/user/0/com.android.chrome/app_dex/oat/arm/webapk7.dex --compiler-filter=speed
10-30 12:21:26.038   600   707 I ActivityManager: Start proc 21453:com.android.chrome:sandboxed_process19/u0i589 for service com.android.chrome/org.chromium.content.app.SandboxedProcessService19
10-30 12:21:26.060 21389 21389 W boxed_process14: type=1400 audit(0.0:6008): avc: denied { getattr } for path="/data/data/com.android.chrome" dev="dm-2" ino=12190 scontext=u:r:isolated_app:s0:c512,c768 tcontext=u:object_r:app_data_file:s0:c512,c768 tclass=dir permissive=0
10-30 12:21:26.082   600  7064 I ActivityManager: Start proc 21465:com.android.chrome:sandboxed_process20/u0i590 for service com.android.chrome/org.chromium.content.app.SandboxedProcessService20
10-30 12:21:26.091 21372 21372 I cr_ChildProcessService: Creating new ChildProcessService pid=21372
10-30 12:21:26.097 21395 21395 W boxed_process15: type=1400 audit(0.0:6009): avc: denied { getattr } for path="/data/data/com.android.chrome" dev="dm-2" ino=12190 scontext=u:r:isolated_app:s0:c512,c768 tcontext=u:object_r:app_data_file:s0:c512,c768 tclass=dir permissive=0
10-30 12:21:26.124   600   611 I ActivityManager: Start proc 21474:com.android.chrome:sandboxed_process21/u0i591 for service com.android.chrome/org.chromium.content.app.SandboxedProcessService21
10-30 12:21:26.136 21008 21043 I cr_BindingManager: Moderate binding enabled: maxSize=40
10-30 12:21:26.146   197   197 E lowmemorykiller: Error writing /proc/21273/oom_score_adj; errno=22
10-30 12:21:26.146   600  1079 E JavaBinder: !!! FAILED BINDER TRANSACTION !!!  (parcel size = 76)
10-30 12:21:26.149   600  1079 E JavaBinder: !!! FAILED BINDER TRANSACTION !!!  (parcel size = 576)
10-30 12:21:26.155   600  1079 W ActivityManager: Exception when unbinding service com.android.chrome/org.chromium.content.app.SandboxedProcessService10
10-30 12:21:26.155   600  1079 W ActivityManager: android.os.DeadObjectException: Transaction failed on small parcel; remote process probably died
10-30 12:21:26.155   600  1079 W ActivityManager: 	at android.os.BinderProxy.transactNative(Native Method)
10-30 12:21:26.155   600  1079 W ActivityManager: 	at android.os.BinderProxy.transact(Binder.java:615)
10-30 12:21:26.155   600  1079 W ActivityManager: 	at android.app.ApplicationThreadProxy.scheduleUnbindService(ApplicationThreadNative.java:1016)
10-30 12:21:26.155   600  1079 W ActivityManager: 	at com.android.server.am.ActiveServices.removeConnectionLocked(ActiveServices.java:2175)
10-30 12:21:26.155   600  1079 W ActivityManager: 	at com.android.server.am.ActiveServices.unbindServiceLocked(ActiveServices.java:1163)
10-30 12:21:26.155   600  1079 W ActivityManager: 	at com.android.server.am.ActivityManagerService.unbindService(ActivityManagerService.java:17309)
10-30 12:21:26.155   600  1079 W ActivityManager: 	at android.app.ActivityManagerNative.onTransact(ActivityManagerNative.java:1145)
10-30 12:21:26.155   600  1079 W ActivityManager: 	at com.android.server.am.ActivityManagerService.onTransact(ActivityManagerService.java:2795)
10-30 12:21:26.155   600  1079 W ActivityManager: 	at android.os.Binder.execTransact(Binder.java:565)
10-30 12:21:26.155   600  1079 E JavaBinder: !!! FAILED BINDER TRANSACTION !!!  (parcel size = 76)
10-30 12:21:26.156   197   197 E lowmemorykiller: Error writing /proc/21273/oom_score_adj; errno=22
10-30 12:21:26.156   600  1079 E JavaBinder: !!! FAILED BINDER TRANSACTION !!!  (parcel size = 76)
10-30 12:21:26.165 21357 21401 I cr_LibraryLoader: Loaded native library version number "85.0.4183.127"
10-30 12:21:26.165 21357 21401 I cr_CachingUmaRecorder: Flushed 1 samples from 1 histograms.
10-30 12:21:26.171 21310 21385 I cr_LibraryLoader: Loaded native library version number "85.0.4183.127"
10-30 12:21:26.172 21310 21385 I cr_CachingUmaRecorder: Flushed 1 samples from 1 histograms.
10-30 12:21:26.178   600 27731 I ActivityManager: Killing 21273:com.android.chrome:sandboxed_process10/u0a35i580 (adj 900): isolated not needed
10-30 12:21:26.217 21411 21411 W boxed_process16: type=1400 audit(0.0:6010): avc: denied { getattr } for path="/data/data/com.android.chrome" dev="dm-2" ino=12190 scontext=u:r:isolated_app:s0:c512,c768 tcontext=u:object_r:app_data_file:s0:c512,c768 tclass=dir permissive=0
10-30 12:21:26.270 21418 21418 W boxed_process17: type=1400 audit(0.0:6011): avc: denied { getattr } for path="/data/data/com.android.chrome" dev="dm-2" ino=12190 scontext=u:r:isolated_app:s0:c512,c768 tcontext=u:object_r:app_data_file:s0:c512,c768 tclass=dir permissive=0
10-30 12:21:26.279 21389 21389 I cr_ChildProcessService: Creating new ChildProcessService pid=21389
10-30 12:21:26.287 21444 21444 W boxed_process18: type=1400 audit(0.0:6012): avc: denied { getattr } for path="/data/data/com.android.chrome" dev="dm-2" ino=12190 scontext=u:r:isolated_app:s0:c512,c768 tcontext=u:object_r:app_data_file:s0:c512,c768 tclass=dir permissive=0
10-30 12:21:26.326 21395 21395 I cr_ChildProcessService: Creating new ChildProcessService pid=21395
10-30 12:21:26.357 21008 21008 I Choreographer: Skipped 34 frames!  The application may be doing too much work on its main thread.
10-30 12:21:26.380 21453 21453 W boxed_process19: type=1400 audit(0.0:6013): avc: denied { getattr } for path="/data/data/com.android.chrome" dev="dm-2" ino=12190 scontext=u:r:isolated_app:s0:c512,c768 tcontext=u:object_r:app_data_file:s0:c512,c768 tclass=dir permissive=0
10-30 12:21:26.391 21008 21018 I art     : Background sticky concurrent mark sweep GC freed 44043(2MB) AllocSpace objects, 29(580KB) LOS objects, 15% free, 14MB/16MB, paused 472us total 161.818ms
10-30 12:21:26.408 21310 21385 I chromium: [INFO:child_process_service.cc(69)] ChildProcessService: Exiting child process.
10-30 12:21:26.413   197   197 E lowmemorykiller: Error writing /proc/21310/oom_score_adj; errno=22
10-30 12:21:26.414   600 24611 E JavaBinder: !!! FAILED BINDER TRANSACTION !!!  (parcel size = 76)
10-30 12:21:26.414   600 24611 E JavaBinder: !!! FAILED BINDER TRANSACTION !!!  (parcel size = 576)
10-30 12:21:26.414   600 24611 W ActivityManager: Exception when unbinding service com.android.chrome/org.chromium.content.app.SandboxedProcessService11
10-30 12:21:26.414   600 24611 W ActivityManager: android.os.DeadObjectException: Transaction failed on small parcel; remote process probably died
10-30 12:21:26.414   600 24611 W ActivityManager: 	at android.os.BinderProxy.transactNative(Native Method)
10-30 12:21:26.414   600 24611 W ActivityManager: 	at android.os.BinderProxy.transact(Binder.java:615)
10-30 12:21:26.414   600 24611 W ActivityManager: 	at android.app.ApplicationThreadProxy.scheduleUnbindService(ApplicationThreadNative.java:1016)
10-30 12:21:26.414   600 24611 W ActivityManager: 	at com.android.server.am.ActiveServices.removeConnectionLocked(ActiveServices.java:2175)
10-30 12:21:26.414   600 24611 W ActivityManager: 	at com.android.server.am.ActiveServices.unbindServiceLocked(ActiveServices.java:1163)
10-30 12:21:26.414   600 24611 W ActivityManager: 	at com.android.server.am.ActivityManagerService.unbindService(ActivityManagerService.java:17309)
10-30 12:21:26.414   600 24611 W ActivityManager: 	at android.app.ActivityManagerNative.onTransact(ActivityManagerNative.java:1145)
10-30 12:21:26.414   600 24611 W ActivityManager: 	at com.android.server.am.ActivityManagerService.onTransact(ActivityManagerService.java:2795)
10-30 12:21:26.414   600 24611 W ActivityManager: 	at android.os.Binder.execTransact(Binder.java:565)
10-30 12:21:26.414   600 24611 E JavaBinder: !!! FAILED BINDER TRANSACTION !!!  (parcel size = 76)
10-30 12:21:26.416   600 24611 I ActivityManager: Killing 21357:com.android.chrome:sandboxed_process12/u0a35i582 (adj 0): isolated not needed
10-30 12:21:26.416   197   197 E lowmemorykiller: Error writing /proc/21310/oom_score_adj; errno=22
10-30 12:21:26.420   600 24611 E JavaBinder: !!! FAILED BINDER TRANSACTION !!!  (parcel size = 76)
10-30 12:21:26.421   600   707 I ActivityManager: Killing 21310:com.android.chrome:sandboxed_process11/u0a35i581 (adj 900): isolated not needed
10-30 12:21:26.426 21411 21411 I cr_ChildProcessService: Creating new ChildProcessService pid=21411
10-30 12:21:26.428 13859 13907 I Icing   : IndexChimeraService.getServiceInterface callingPackage=com.android.chrome componentName=null serviceId=36
10-30 12:21:26.488 21372 21473 I cr_LibraryLoader: Loaded native library version number "85.0.4183.127"
10-30 12:21:26.511 21372 21473 I cr_CachingUmaRecorder: Flushed 1 samples from 1 histograms.
10-30 12:21:26.517 21465 21465 W boxed_process20: type=1400 audit(0.0:6014): avc: denied { getattr } for path="/data/data/com.android.chrome" dev="dm-2" ino=12190 scontext=u:r:isolated_app:s0:c512,c768 tcontext=u:object_r:app_data_file:s0:c512,c768 tclass=dir permissive=0
10-30 12:21:26.527 21418 21418 I cr_ChildProcessService: Creating new ChildProcessService pid=21418
10-30 12:21:26.535 21008 21008 I FeedRequestManagerImpl: Request: /httpservice/noretry/DiscoverClankService/FeedQuery completed with response code: 200
10-30 12:21:26.535 21008 21008 I TaskQueue:  - task [IMMEDIATE - d: true, b: 2]: 15
10-30 12:21:26.535 21008 21008 I TaskQueue:  - queueTask starting immediate task
10-30 12:21:26.535 21008 21062 I TaskQueue: Execute task [IMMEDIATE - d: true, b: 2]: 15
10-30 12:21:26.539 21444 21444 I cr_ChildProcessService: Creating new ChildProcessService pid=21444
10-30 12:21:26.544 21474 21474 W boxed_process21: type=1400 audit(0.0:6015): avc: denied { getattr } for path="/data/data/com.android.chrome" dev="dm-2" ino=12190 scontext=u:r:isolated_app:s0:c512,c768 tcontext=u:object_r:app_data_file:s0:c512,c768 tclass=dir permissive=0
10-30 12:21:26.559   600   609 I art     : Background partial concurrent mark sweep GC freed 41635(2MB) AllocSpace objects, 28(732KB) LOS objects, 33% free, 15MB/23MB, paused 1.251ms total 511.771ms
10-30 12:21:26.598 21389 21504 I cr_LibraryLoader: Loaded native library version number "85.0.4183.127"
10-30 12:21:26.599 21389 21504 I cr_CachingUmaRecorder: Flushed 1 samples from 1 histograms.
