10-29 16:08:05.863 23854 23854 W boxed_process27: type=1400 audit(0.0:466): avc: denied { getattr } for path="/data/data/com.android.chrome" dev="dm-2" ino=12190 scontext=u:r:isolated_app:s0:c512,c768 tcontext=u:object_r:app_data_file:s0:c512,c768 tclass=dir permissive=0
10-29 16:08:05.901 23854 23854 I cr_ChildProcessService: Creating new ChildProcessService pid=23854
10-29 16:08:05.977 23854 23867 I cr_LibraryLoader: Loaded native library version number "85.0.4183.127"
10-29 16:08:05.979 23854 23867 I cr_CachingUmaRecorder: Flushed 1 samples from 1 histograms.
10-29 16:08:06.000 23867 23867 W CrUtilityMain: type=1400 audit(0.0:467): avc: denied { setattr } for name="tls_deprecation_config.pb" dev="dm-2" ino=22578 scontext=u:r:isolated_app:s0:c512,c768 tcontext=u:object_r:app_data_file:s0:c512,c768 tclass=file permissive=0
10-29 16:08:06.000 23867 23867 W CrUtilityMain: type=1400 audit(0.0:468): avc: denied { setattr } for name="manifest.json" dev="dm-2" ino=64509 scontext=u:r:isolated_app:s0:c512,c768 tcontext=u:object_r:app_data_file:s0:c512,c768 tclass=file permissive=0
10-29 16:08:06.003 23867 23867 W CrUtilityMain: type=1400 audit(0.0:469): avc: denied { setattr } for name="verified_contents.json" dev="dm-2" ino=57804 scontext=u:r:isolated_app:s0:c512,c768 tcontext=u:object_r:app_data_file:s0:c512,c768 tclass=file permissive=0
10-29 16:08:06.014 23854 23854 I cr_ChildProcessService: Destroying ChildProcessService pid=23854
10-29 16:08:06.015 23854 23867 I chromium: [INFO:child_process_service.cc(69)] ChildProcessService: Exiting child process.
10-29 16:08:06.046   600  3675 I ActivityManager: Process com.android.chrome:sandboxed_process27 (pid 23854) has died
10-29 16:08:06.046   600  3675 D ActivityManager: cleanUpApplicationRecord -- 23854
10-29 16:08:06.047 23098 23098 W chromium: [WARNING:compositor_view.cc(315)] Child process died (type=6) pid=23854)
10-29 16:08:08.663   600  3675 I ActivityManager: Start proc 23873:com.android.chrome:sandboxed_process28/u0i306 for service com.android.chrome/org.chromium.content.app.SandboxedProcessService28
10-29 16:08:08.733 23873 23873 W boxed_process28: type=1400 audit(0.0:470): avc: denied { getattr } for path="/data/data/com.android.chrome" dev="dm-2" ino=12190 scontext=u:r:isolated_app:s0:c512,c768 tcontext=u:object_r:app_data_file:s0:c512,c768 tclass=dir permissive=0
10-29 16:08:08.773 23873 23873 I cr_ChildProcessService: Creating new ChildProcessService pid=23873
10-29 16:08:08.851 23873 23886 I cr_LibraryLoader: Loaded native library version number "85.0.4183.127"
10-29 16:08:08.851 23873 23886 I cr_CachingUmaRecorder: Flushed 1 samples from 1 histograms.
10-29 16:08:08.893 23886 23886 W CrUtilityMain: type=1400 audit(0.0:471): avc: denied { setattr } for name="tl_en-us_2022-10-17_483521407_100000_index.bin" dev="dm-2" ino=50073 scontext=u:r:isolated_app:s0:c512,c768 tcontext=u:object_r:app_data_file:s0:c512,c768 tclass=file permissive=0
10-29 16:08:08.893 23886 23886 W CrUtilityMain: type=1400 audit(0.0:472): avc: denied { setattr } for name="manifest.json" dev="dm-2" ino=43442 scontext=u:r:isolated_app:s0:c512,c768 tcontext=u:object_r:app_data_file:s0:c512,c768 tclass=file permissive=0
10-29 16:08:08.897 23886 23886 W CrUtilityMain: type=1400 audit(0.0:473): avc: denied { setattr } for name="verified_contents.json" dev="dm-2" ino=50777 scontext=u:r:isolated_app:s0:c512,c768 tcontext=u:object_r:app_data_file:s0:c512,c768 tclass=file permissive=0
10-29 16:08:08.906 23873 23886 I chromium: [INFO:child_process_service.cc(69)] ChildProcessService: Exiting child process.
10-29 16:08:08.937   600   713 I ActivityManager: Process com.android.chrome:sandboxed_process28 (pid 23873) has died
10-29 16:08:08.937   600   713 D ActivityManager: cleanUpApplicationRecord -- 23873
10-29 16:08:08.943 23098 23098 W chromium: [WARNING:compositor_view.cc(315)] Child process died (type=6) pid=23873)
10-29 16:08:09.162 23633 23633 D MonkeyStub: translateCommand: touch down 614 1561
10-29 16:08:09.178 23633 23633 D MonkeyStub: translateCommand: touch move 614 1561
10-29 16:08:09.290 23633 23633 D MonkeyStub: translateCommand: touch move 614 1436
10-29 16:08:09.394 23633 23633 D MonkeyStub: translateCommand: touch move 614 1311
10-29 16:08:09.500 23633 23633 D MonkeyStub: translateCommand: touch move 614 1186
10-29 16:08:09.613 23633 23633 D MonkeyStub: translateCommand: touch move 614 1061
10-29 16:08:09.725 23633 23633 D MonkeyStub: translateCommand: touch move 614 937
10-29 16:08:09.829 23633 23633 D MonkeyStub: translateCommand: touch move 614 812
10-29 16:08:09.941 23633 23633 D MonkeyStub: translateCommand: touch move 614 687
10-29 16:08:10.052 23633 23633 D MonkeyStub: translateCommand: touch move 614 562
10-29 16:08:10.157 23633 23633 D MonkeyStub: translateCommand: touch move 614 437
10-29 16:08:10.266 23633 23633 D MonkeyStub: translateCommand: touch move 614 312
10-29 16:08:10.270 23633 23633 D MonkeyStub: translateCommand: touch up 614 312
10-29 16:08:10.302 23633 23633 D MonkeyStub: translateCommand: touch down 614 1561
10-29 16:08:10.307 23633 23633 D MonkeyStub: translateCommand: touch move 614 1561
10-29 16:08:10.413 23633 23633 D MonkeyStub: translateCommand: touch move 614 1436
10-29 16:08:10.527 23633 23633 D MonkeyStub: translateCommand: touch move 614 1311
10-29 16:08:10.649 23633 23633 D MonkeyStub: translateCommand: touch move 614 1186
10-29 16:08:10.761 23633 23633 D MonkeyStub: translateCommand: touch move 614 1061
10-29 16:08:10.870 23633 23633 D MonkeyStub: translateCommand: touch move 614 937
10-29 16:08:10.974 23633 23633 D MonkeyStub: translateCommand: touch move 614 812
10-29 16:08:11.078 23633 23633 D MonkeyStub: translateCommand: touch move 614 687
10-29 16:08:11.186 23633 23633 D MonkeyStub: translateCommand: touch move 614 562
10-29 16:08:11.297 23633 23633 D MonkeyStub: translateCommand: touch move 614 437
10-29 16:08:11.410 23633 23633 D MonkeyStub: translateCommand: touch move 614 312
10-29 16:08:11.414 23633 23633 D MonkeyStub: translateCommand: touch up 614 312
10-29 16:08:11.430 23633 23633 D MonkeyStub: Quit requested
10-29 16:08:11.451   600   614 I CwMcuSensor: CwMcuSensor::flush: fd = 223, sensors_id = 0, path = /sys/class/htc_sensorhub/sensor_hub/flush, err = 0
10-29 16:08:11.474 23633 23633 I art     : System.exit called, status: 71
10-29 16:08:11.474 23633 23633 I AndroidRuntime: VM exiting with result code 71.
10-29 16:08:11.517   600  9614 W WindowManager: Attempted to remove non-existing token: android.os.Binder@4d1e200
10-29 16:08:11.883   600   610 I ActivityManager: Start proc 23891:com.android.chrome:sandboxed_process29/u0i307 for service com.android.chrome/org.chromium.content.app.SandboxedProcessService29
10-29 16:08:11.943 23891 23891 W boxed_process29: type=1400 audit(0.0:474): avc: denied { getattr } for path="/data/data/com.android.chrome" dev="dm-2" ino=12190 scontext=u:r:isolated_app:s0:c512,c768 tcontext=u:object_r:app_data_file:s0:c512,c768 tclass=dir permissive=0
10-29 16:08:11.971 23891 23891 I cr_ChildProcessService: Creating new ChildProcessService pid=23891
10-29 16:08:12.031 23891 23904 I cr_LibraryLoader: Loaded native library version number "85.0.4183.127"
10-29 16:08:12.031 23891 23904 I cr_CachingUmaRecorder: Flushed 1 samples from 1 histograms.
10-29 16:08:12.050 23904 23904 W CrUtilityMain: type=1400 audit(0.0:475): avc: denied { setattr } for name="LICENSE.txt" dev="dm-2" ino=56390 scontext=u:r:isolated_app:s0:c512,c768 tcontext=u:object_r:app_data_file:s0:c512,c768 tclass=file permissive=0
10-29 16:08:12.053 23904 23904 W CrUtilityMain: type=1400 audit(0.0:476): avc: denied { setattr } for name=46696C746572696E672052756C6573 dev="dm-2" ino=56790 scontext=u:r:isolated_app:s0:c512,c768 tcontext=u:object_r:app_data_file:s0:c512,c768 tclass=file permissive=0
10-29 16:08:12.053 23904 23904 W CrUtilityMain: type=1400 audit(0.0:477): avc: denied { setattr } for name="manifest.json" dev="dm-2" ino=56437 scontext=u:r:isolated_app:s0:c512,c768 tcontext=u:object_r:app_data_file:s0:c512,c768 tclass=file permissive=0
10-29 16:08:12.057 23904 23904 W CrUtilityMain: type=1400 audit(0.0:478): avc: denied { setattr } for name="verified_contents.json" dev="dm-2" ino=56751 scontext=u:r:isolated_app:s0:c512,c768 tcontext=u:object_r:app_data_file:s0:c512,c768 tclass=file permissive=0
10-29 16:08:12.070 23891 23891 I cr_ChildProcessService: Destroying ChildProcessService pid=23891
10-29 16:08:12.071 23891 23904 I chromium: [INFO:child_process_service.cc(69)] ChildProcessService: Exiting child process.
10-29 16:08:12.153   600  3509 I ActivityManager: Process com.android.chrome:sandboxed_process29 (pid 23891) has died
10-29 16:08:12.153   600  3509 D ActivityManager: cleanUpApplicationRecord -- 23891
10-29 16:08:12.163 23098 23098 W chromium: [WARNING:compositor_view.cc(315)] Child process died (type=6) pid=23891)
10-29 16:08:22.400 23098 23098 I cr_tabmodel: Appending tabs being restored to metadata lists, 0, startingNormalCount: 2, startingIncognitoCount: 0
10-29 16:08:22.400 23098 23098 I cr_tabmodel: Serializing tab lists; counts: 2, 0
10-29 16:08:22.552   787   806 W Icing   : isOptedInForAppHistory: empty Account Name encountered
10-29 16:08:22.564   787   806 W Icing   : isOptedInForAppHistory: empty Account Name encountered
10-29 16:08:22.632   787 20134 W Icing   : isOptedInForAppHistory: empty Account Name encountered
10-29 16:08:22.827 23098 23098 I cr_tabmodel: Appending tabs being restored to metadata lists, 0, startingNormalCount: 2, startingIncognitoCount: 0
10-29 16:08:22.827 23098 23098 I cr_tabmodel: Serializing tab lists; counts: 2, 0
10-29 16:08:23.016 23098 23098 I cr_tabmodel: Appending tabs being restored to metadata lists, 0, startingNormalCount: 2, startingIncognitoCount: 0
10-29 16:08:23.016 23098 23098 I cr_tabmodel: Serializing tab lists; counts: 2, 0
10-29 16:08:24.687 13178 13632 I Icing   : IndexChimeraService.getServiceInterface callingPackage=com.android.chrome componentName=null serviceId=36
10-29 16:08:24.809 13178 17382 W Icing   : No valid account for uploading user actions
10-29 16:08:24.855   600   609 I art     : Background partial concurrent mark sweep GC freed 65331(3MB) AllocSpace objects, 26(648KB) LOS objects, 33% free, 14MB/22MB, paused 5.666ms total 187.115ms
10-29 16:08:24.870 13178 13668 I Icing   : IndexChimeraService.getServiceInterface callingPackage=com.google.android.gms componentName=null serviceId=30
10-29 16:08:24.917 13178 17382 I Icing   : Usage reports ok 2, Failed Usage reports 0, indexed 2, rejected 0
10-29 16:08:24.920 13178 17382 W Icing   : No valid account for uploading user actions
10-29 16:08:24.929 13178 17382 I Icing   : Usage reports ok 0, Failed Usage reports 0, indexed 0, rejected 0
10-29 16:08:24.930 13178 17382 I Icing   : Indexing com.android.chrome-internal.3p:WebPage from com.android.chrome using seqno 0
10-29 16:08:24.947 13178 17382 I Icing   : Indexing com.android.chrome-omnibox from com.android.chrome
10-29 16:08:24.982 13178 17382 I Icing   : Indexing done com.android.chrome-omnibox
10-29 16:08:26.007   787  1714 W Icing   : isOptedInForAppHistory: empty Account Name encountered
10-29 16:08:26.049   787 22276 W Icing   : isOptedInForAppHistory: empty Account Name encountered
10-29 16:08:27.661 23928 23928 D AndroidRuntime: >>>>>> START com.android.internal.os.RuntimeInit uid 2000 <<<<<<
10-29 16:08:27.670 23928 23928 D AndroidRuntime: CheckJNI is OFF
10-29 16:08:27.760 23928 23928 D ICU     : No timezone override file found: /data/misc/zoneinfo/current/icu/icu_tzdata.dat
10-29 16:08:27.801 23928 23928 I Radio-JNI: register_android_hardware_Radio DONE
10-29 16:08:27.819 23928 23928 D AndroidRuntime: Calling main entry com.android.commands.am.Am
10-29 16:08:27.841   600   713 I ActivityManager: Force stopping com.android.chrome appid=10035 user=0: from pid 23928
10-29 16:08:27.841   600   713 I ActivityManager: Killing 23158:com.android.chrome:privileged_process0/u0a35 (adj 0): stop com.android.chrome
10-29 16:08:27.841   600   713 D ActivityManager: cleanUpApplicationRecord -- 23158
10-29 16:08:27.841   600   713 W ActivityManager: Scheduling restart of crashed service com.android.chrome/org.chromium.content.app.PrivilegedProcessService0 in 1000ms
10-29 16:08:27.841   600   713 I ActivityManager: Killing 23098:com.android.chrome/u0a35 (adj 0): stop com.android.chrome
10-29 16:08:27.841   600   713 D ActivityManager: cleanUpApplicationRecord -- 23098
10-29 16:08:27.853   600   713 W ActivityManager: Force removing ActivityRecord{a19dca9 u0 com.android.chrome/com.google.android.apps.chrome.Main t1158}: app died, no saved state
10-29 16:08:27.856  3410  3410 I MemoryTrimmer: Trimming objects from memory, since app is in the background.
10-29 16:08:27.868 23132 23132 I cr_ChildProcessService: Destroying ChildProcessService pid=23132
10-29 16:08:27.878   600   713 I ActivityManager: Killing 23555:com.android.chrome:sandboxed_process19/u0a35i297 (adj 0): isolated not needed
10-29 16:08:27.878   600   713 I ActivityManager: Killing 23132:com.android.chrome:sandboxed_process0/u0a35i278 (adj 0): isolated not needed
10-29 16:08:27.884   600  6312 D ConnectivityService: ConnectivityService NetworkRequestInfo binderDied(NetworkRequest [ LISTEN id=110, [ Capabilities: INTERNET&NOT_RESTRICTED&TRUSTED&FOREGROUND] ], android.os.BinderProxy@47e5b9d)
10-29 16:08:27.884   600  6312 D ConnectivityService: ConnectivityService NetworkRequestInfo binderDied(NetworkRequest [ LISTEN id=109, [ Capabilities: INTERNET&NOT_RESTRICTED&TRUSTED&FOREGROUND] ], android.os.BinderProxy@2250812)
10-29 16:08:27.884   600  1082 D ConnectivityService: ConnectivityService NetworkRequestInfo binderDied(NetworkRequest [ LISTEN id=108, [ Capabilities: INTERNET&NOT_RESTRICTED&TRUSTED&FOREGROUND] ], android.os.BinderProxy@2261be3)
10-29 16:08:27.885   600  6312 D ConnectivityService: ConnectivityService NetworkRequestInfo binderDied(NetworkRequest [ LISTEN id=107, [ Capabilities: INTERNET&NOT_RESTRICTED&TRUSTED&FOREGROUND] ], android.os.BinderProxy@b4b39e0)
10-29 16:08:27.885   600  6312 D GraphicsStats: Buffer count: 2
10-29 16:08:27.886   600   649 E ConnectivityService: RemoteException caught trying to send a callback msg for NetworkRequest [ LISTEN id=110, [ Capabilities: INTERNET&NOT_RESTRICTED&TRUSTED&FOREGROUND] ]
10-29 16:08:27.886   600   649 E ConnectivityService: RemoteException caught trying to send a callback msg for NetworkRequest [ LISTEN id=109, [ Capabilities: INTERNET&NOT_RESTRICTED&TRUSTED&FOREGROUND] ]
10-29 16:08:27.887   600   649 E ConnectivityService: RemoteException caught trying to send a callback msg for NetworkRequest [ LISTEN id=108, [ Capabilities: INTERNET&NOT_RESTRICTED&TRUSTED&FOREGROUND] ]
10-29 16:08:27.887   600   649 E ConnectivityService: RemoteException caught trying to send a callback msg for NetworkRequest [ LISTEN id=107, [ Capabilities: INTERNET&NOT_RESTRICTED&TRUSTED&FOREGROUND] ]
10-29 16:08:27.896 23928 23928 D AndroidRuntime: Shutting down VM
10-29 16:08:27.924  1084  1171 I OpenGLRenderer: Initialized EGL, version 1.4
10-29 16:08:27.924  1084  1171 D OpenGLRenderer: Swap behavior 2
10-29 16:08:28.017  1061  1061 D RegisteredNfcFServicesCache: Service unchanged, not updating
10-29 16:08:28.065  3410  4358 I AttachedClient: Adding client event 2 to pending list.
10-29 16:08:28.075  3410  3410 I OptInState: There is a new client and it does not support opt-in. Dropping request.
10-29 16:08:28.081  3410  3410 I MicroDetectionWorker: Micro detection mode: [mDetectionMode: [1]].
10-29 16:08:28.090  3410 23942 I MicroRecognitionRunner: Starting detection.
10-29 16:08:28.090  3410  8655 I MicrophoneInputStream: mic_starting com.google.android.apps.gsa.speech.audio.ae@7a4ed6
10-29 16:08:28.104   238   285 I SoundTriggerHwService::Module: void android::SoundTriggerHwService::Module::onCallbackEvent(const sp<android::SoundTriggerHwService::CallbackEvent> &) mClient == 0
10-29 16:08:28.107   238 23945 I AudioFlinger: AudioFlinger's thread 0xef692f00 ready to run
10-29 16:08:28.111  3410  8655 I MicrophoneInputStream: mic_started com.google.android.apps.gsa.speech.audio.ae@7a4ed6
10-29 16:08:28.183   600   713 D ActivityManager: cleanUpApplicationRecord -- 23132
10-29 16:08:28.228   600  3507 D ActivityManager: cleanUpApplicationRecord -- 23555
10-29 16:08:28.299  3410  3410 I MicroDetectionWorker: onReady
10-29 16:08:28.436 23946 23946 D AndroidRuntime: >>>>>> START com.android.internal.os.RuntimeInit uid 2000 <<<<<<
10-29 16:08:28.440 23946 23946 D AndroidRuntime: CheckJNI is OFF
10-29 16:08:28.476  1084  1171 W OpenGLRenderer: Incorrectly called buildLayer on View: ShortcutAndWidgetContainer, destroying layer...
10-29 16:08:28.511 23946 23946 D ICU     : No timezone override file found: /data/misc/zoneinfo/current/icu/icu_tzdata.dat
10-29 16:08:28.540 23946 23946 I Radio-JNI: register_android_hardware_Radio DONE
10-29 16:08:28.554 23946 23946 D AndroidRuntime: Calling main entry com.android.commands.pm.Pm
10-29 16:08:28.570   600  1081 I ActivityManager: Force stopping com.android.chrome appid=10035 user=0: clear data
10-29 16:08:28.571   600   613 I ActivityManager: Force stopping com.android.chrome appid=10035 user=-1: clearApplicationUserData
10-29 16:08:28.637   787   787 I GeofencerStateMachine: removeGeofences: removeRequest=RemoveGeofencingRequest[REMOVE_ALL packageName=com.android.chrome]
10-29 16:08:28.643 23946 23946 I art     : System.exit called, status: 0
10-29 16:08:28.643 23946 23946 I AndroidRuntime: VM exiting with result code 0.
10-29 16:08:28.644  1061  1061 D RegisteredNfcFServicesCache: Service unchanged, not updating
10-29 16:08:28.686   600   612 W ResourceType: No known package when getting value for resource number 0x7f080316
10-29 16:08:28.686   600   612 W ResourceType: No known package when getting value for resource number 0x7f130448
10-29 16:08:28.686   600   612 W ResourceType: No known package when getting value for resource number 0x7f080315
10-29 16:08:28.686   600   612 W ResourceType: No known package when getting value for resource number 0x7f130123
10-29 16:08:28.686   600   612 W ResourceType: No known package when getting value for resource number 0x7f130447
10-29 16:08:28.686   600   612 W ResourceType: No known package when getting value for resource number 0x7f1302e4
10-29 16:08:28.686   600   612 E ShortcutService: Ignoring excessive intent tag.
10-29 16:08:28.690 13178 23605 I Icing   : doRemovePackageData com.android.chrome
10-29 16:08:28.690 13178 23605 I Icing   : Removing corpus key com.android.chrome-.implicit: for package com.android.chrome
10-29 16:08:28.727   787 23967 I Fitness : FitCleanupIntentOperation received Intent android.intent.action.PACKAGE_DATA_CLEARED [CONTEXT service_id=17 ]
10-29 16:08:28.739 13178 23605 I native  : flash-index.cc:1519 Flash index sort hb 125 prefix-hits 251 -> 227 at 16.350ms
10-29 16:08:28.822 13178 23605 I Icing   : Removing corpus key com.android.chrome-omnibox for package com.android.chrome
10-29 16:08:28.850 13178 23605 I Icing   : Removing corpus key com.android.chrome-internal.3p:WebPage for package com.android.chrome
10-29 16:08:28.902 13178 23605 I Icing   : Starting compaction min disk 99.930% min index 99.987%
10-29 16:08:29.010 13178 23605 I native  : document-store.cc:1654 Scored 1264 usage reports, missing_corpora 641 update_failed 1
10-29 16:08:29.039 13178 23605 W native  : words-map.cc:30 INVALID_ARGUMENT: Empty URI
10-29 16:08:29.039 13178 23605 W native  : words-map.cc:34 WordsMap was not properly initialized
10-29 16:08:29.118 13178 23605 E native  : compactor.cc:67 Could not index embedding for docid 1: INTERNAL: Unable to find Thing Proto section 
10-29 16:08:29.118 13178 23605 E native  : compactor.cc:67 Could not index embedding for docid 3: INTERNAL: Unable to find Thing Proto section 
10-29 16:08:29.119 13178 23605 E native  : compactor.cc:67 Could not index embedding for docid 5: INTERNAL: Unable to find Thing Proto section 
10-29 16:08:29.119 13178 23605 E native  : compactor.cc:67 Could not index embedding for docid 7: INTERNAL: Unable to find Thing Proto section 
10-29 16:08:29.124 13178 23605 E native  : compactor.cc:67 Could not index embedding for docid 8: INTERNAL: Unable to find Thing Proto section 
10-29 16:08:29.124 13178 23605 E native  : compactor.cc:67 Could not index embedding for docid 10: INTERNAL: Unable to find Thing Proto section 
10-29 16:08:29.124 13178 23605 E native  : compactor.cc:67 Could not index embedding for docid 11: INTERNAL: Unable to find Thing Proto section 
10-29 16:08:29.125 13178 23605 E native  : compactor.cc:67 Could not index embedding for docid 13: INTERNAL: Unable to find Thing Proto section 
10-29 16:08:29.125 13178 23605 E native  : compactor.cc:67 Could not index embedding for docid 14: INTERNAL: Unable to find Thing Proto section 
10-29 16:08:29.130 13178 23605 E native  : compactor.cc:67 Could not index embedding for docid 17: INTERNAL: Unable to find Thing Proto section 
10-29 16:08:29.130 13178 23605 E native  : compactor.cc:67 Could not index embedding for docid 18: INTERNAL: Unable to find Thing Proto section 
10-29 16:08:29.131 13178 23605 E native  : compactor.cc:67 Could not index embedding for docid 21: INTERNAL: Unable to find Thing Proto section 
10-29 16:08:29.131 13178 23605 E native  : compactor.cc:67 Could not index embedding for docid 22: INTERNAL: Unable to find Thing Proto section 
10-29 16:08:29.136 13178 23605 E native  : compactor.cc:67 Could not index embedding for docid 26: INTERNAL: Unable to find Thing Proto section 
10-29 16:08:29.136 13178 23605 E native  : compactor.cc:67 Could not index embedding for docid 27: INTERNAL: Unable to find Thing Proto section 
10-29 16:08:29.187 13178 23605 I native  : flash-index.cc:1519 Flash index sort hb 34 prefix-hits 54 -> 54 at 35.866ms
10-29 16:08:29.212 13178 23605 W native  : words-map.cc:30 INVALID_ARGUMENT: Empty URI
10-29 16:08:29.212 13178 23605 W native  : words-map.cc:34 WordsMap was not properly initialized
10-29 16:08:29.247 13178 23605 I Icing   : updateResources: need to parse acol{com.android.chrome}
10-29 16:08:29.348 13178 23605 I Icing   : Indexing com.android.chrome-omnibox from com.android.chrome
10-29 16:08:29.360   600   610 I ActivityManager: Start proc 23970:com.android.chrome/u0a35 for content provider com.android.chrome/com.google.android.apps.chrome.icing.IcingProvider
10-29 16:08:29.448 13178 23605 I Icing   : Indexing done com.android.chrome-omnibox
