11-02 01:18:12.496  8973  8973 I cr_ChildProcessService: Destroying ChildProcessService pid=8973
11-02 01:18:12.526  8973  8986 I chromium: [INFO:child_process_service.cc(69)] ChildProcessService: Exiting child process.
11-02 01:18:12.549   601   660 I ActivityManager: Process com.android.chrome:sandboxed_process26 (pid 8973) has died
11-02 01:18:12.549   601   660 D ActivityManager: cleanUpApplicationRecord -- 8973
11-02 01:18:12.550  8271  8271 W chromium: [WARNING:compositor_view.cc(315)] Child process died (type=6) pid=8973)
11-02 01:18:12.592  8826  8826 D MonkeyStub: translateCommand: touch down 614 1561
11-02 01:18:12.602  8826  8826 D MonkeyStub: translateCommand: touch move 614 1561
11-02 01:18:12.709  8826  8826 D MonkeyStub: translateCommand: touch move 614 1436
11-02 01:18:12.824  8826  8826 D MonkeyStub: translateCommand: touch move 614 1311
11-02 01:18:12.942  8826  8826 D MonkeyStub: translateCommand: touch move 614 1186
11-02 01:18:13.079  8826  8826 D MonkeyStub: translateCommand: touch move 614 1061
11-02 01:18:13.213  8826  8826 D MonkeyStub: translateCommand: touch move 614 937
11-02 01:18:13.317  8826  8826 D MonkeyStub: translateCommand: touch move 614 812
11-02 01:18:13.425  8826  8826 D MonkeyStub: translateCommand: touch move 614 687
11-02 01:18:13.530  8826  8826 D MonkeyStub: translateCommand: touch move 614 562
11-02 01:18:13.645  8826  8826 D MonkeyStub: translateCommand: touch move 614 437
11-02 01:18:13.759  8826  8826 D MonkeyStub: translateCommand: touch move 614 312
11-02 01:18:13.761  8826  8826 D MonkeyStub: translateCommand: touch up 614 312
11-02 01:18:13.789  8826  8826 D MonkeyStub: translateCommand: touch down 614 1561
11-02 01:18:13.795  8826  8826 D MonkeyStub: translateCommand: touch move 614 1561
11-02 01:18:13.906  8826  8826 D MonkeyStub: translateCommand: touch move 614 1436
11-02 01:18:14.011  8826  8826 D MonkeyStub: translateCommand: touch move 614 1311
11-02 01:18:14.115  8826  8826 D MonkeyStub: translateCommand: touch move 614 1186
11-02 01:18:14.222  8826  8826 D MonkeyStub: translateCommand: touch move 614 1061
11-02 01:18:14.332  8826  8826 D MonkeyStub: translateCommand: touch move 614 937
11-02 01:18:14.438  8826  8826 D MonkeyStub: translateCommand: touch move 614 812
11-02 01:18:14.547  8826  8826 D MonkeyStub: translateCommand: touch move 614 687
11-02 01:18:14.604   601   819 I ActivityManager: Start proc 8998:com.android.chrome:sandboxed_process27/u0i120 for service com.android.chrome/org.chromium.content.app.SandboxedProcessService27
11-02 01:18:14.631  8332  8356 W VideoCapabilities: Unrecognized level 0 for video/x-vnd.on2.vp8
11-02 01:18:14.641  8767  8994 W chromium: [WARNING:used_ids.h(55)] Duplicate id found. Reassigning from 100 to 127
11-02 01:18:14.641  8767  8994 W chromium: [WARNING:used_ids.h(55)] Duplicate id found. Reassigning from 103 to 125
11-02 01:18:14.654  8826  8826 D MonkeyStub: translateCommand: touch move 614 562
11-02 01:18:14.674  8332  8356 I VideoCapabilities: Unsupported profile 4 for video/mp4v-es
11-02 01:18:14.681  8332  8356 W cr_MediaCodecUtil: HW encoder for video/avc is not available on this device.
11-02 01:18:14.705  8998  8998 W boxed_process27: type=1400 audit(0.0:270): avc: denied { getattr } for path="/data/data/com.android.chrome" dev="dm-2" ino=12190 scontext=u:r:isolated_app:s0:c512,c768 tcontext=u:object_r:app_data_file:s0:c512,c768 tclass=dir permissive=0
11-02 01:18:14.712  8332  9011 W VideoCapabilities: Unrecognized level 0 for video/x-vnd.on2.vp8
11-02 01:18:14.726  8332  9011 I VideoCapabilities: Unsupported profile 4 for video/mp4v-es
11-02 01:18:14.730  8998  8998 I cr_ChildProcessService: Creating new ChildProcessService pid=8998
11-02 01:18:14.766  8826  8826 D MonkeyStub: translateCommand: touch move 614 437
11-02 01:18:14.804  8998  9012 I cr_LibraryLoader: Loaded native library version number "85.0.4183.127"
11-02 01:18:14.806  8998  9012 I cr_CachingUmaRecorder: Flushed 1 samples from 1 histograms.
11-02 01:18:14.825  9012  9012 W CrUtilityMain: type=1400 audit(0.0:271): avc: denied { setattr } for name="tls_deprecation_config.pb" dev="dm-2" ino=59760 scontext=u:r:isolated_app:s0:c512,c768 tcontext=u:object_r:app_data_file:s0:c512,c768 tclass=file permissive=0
11-02 01:18:14.825  9012  9012 W CrUtilityMain: type=1400 audit(0.0:272): avc: denied { setattr } for name="manifest.json" dev="dm-2" ino=59726 scontext=u:r:isolated_app:s0:c512,c768 tcontext=u:object_r:app_data_file:s0:c512,c768 tclass=file permissive=0
11-02 01:18:14.828  9012  9012 W CrUtilityMain: type=1400 audit(0.0:273): avc: denied { setattr } for name="verified_contents.json" dev="dm-2" ino=60066 scontext=u:r:isolated_app:s0:c512,c768 tcontext=u:object_r:app_data_file:s0:c512,c768 tclass=file permissive=0
11-02 01:18:14.833  8998  9012 I chromium: [INFO:child_process_service.cc(69)] ChildProcessService: Exiting child process.
11-02 01:18:14.838   195   195 E lowmemorykiller: Error writing /proc/8998/oom_score_adj; errno=22
11-02 01:18:14.857   601  3864 I ActivityManager: Process com.android.chrome:sandboxed_process27 (pid 8998) has died
11-02 01:18:14.857   601  3864 D ActivityManager: cleanUpApplicationRecord -- 8998
11-02 01:18:14.858  8271  8271 W chromium: [WARNING:compositor_view.cc(315)] Child process died (type=6) pid=8998)
11-02 01:18:14.879  8826  8826 D MonkeyStub: translateCommand: touch move 614 312
11-02 01:18:14.886  8826  8826 D MonkeyStub: translateCommand: touch up 614 312
11-02 01:18:17.924   601  2013 I ActivityManager: Start proc 9016:com.android.chrome:sandboxed_process28/u0i121 for service com.android.chrome/org.chromium.content.app.SandboxedProcessService28
11-02 01:18:18.061  9016  9016 W boxed_process28: type=1400 audit(0.0:274): avc: denied { getattr } for path="/data/data/com.android.chrome" dev="dm-2" ino=12190 scontext=u:r:isolated_app:s0:c512,c768 tcontext=u:object_r:app_data_file:s0:c512,c768 tclass=dir permissive=0
11-02 01:18:18.115  9016  9016 I cr_ChildProcessService: Creating new ChildProcessService pid=9016
11-02 01:18:18.276  9016  9029 I cr_LibraryLoader: Loaded native library version number "85.0.4183.127"
11-02 01:18:18.279  9016  9029 I cr_CachingUmaRecorder: Flushed 1 samples from 1 histograms.
11-02 01:18:18.358  9029  9029 W CrUtilityMain: type=1400 audit(0.0:275): avc: denied { setattr } for name="tl_en-us_2022-10-26_484799359_100000_index.bin" dev="dm-2" ino=61844 scontext=u:r:isolated_app:s0:c512,c768 tcontext=u:object_r:app_data_file:s0:c512,c768 tclass=file permissive=0
11-02 01:18:18.358  9029  9029 W CrUtilityMain: type=1400 audit(0.0:276): avc: denied { setattr } for name="manifest.json" dev="dm-2" ino=61852 scontext=u:r:isolated_app:s0:c512,c768 tcontext=u:object_r:app_data_file:s0:c512,c768 tclass=file permissive=0
11-02 01:18:18.365  9029  9029 W CrUtilityMain: type=1400 audit(0.0:277): avc: denied { setattr } for name="verified_contents.json" dev="dm-2" ino=61863 scontext=u:r:isolated_app:s0:c512,c768 tcontext=u:object_r:app_data_file:s0:c512,c768 tclass=file permissive=0
11-02 01:18:18.376  9016  9029 I chromium: [INFO:child_process_service.cc(69)] ChildProcessService: Exiting child process.
11-02 01:18:18.376   195   195 E lowmemorykiller: Error writing /proc/9016/oom_score_adj; errno=22
11-02 01:18:18.393   601   819 I ActivityManager: Process com.android.chrome:sandboxed_process28 (pid 9016) has died
11-02 01:18:18.393   601   819 D ActivityManager: cleanUpApplicationRecord -- 9016
11-02 01:18:18.395  8271  8271 W chromium: [WARNING:compositor_view.cc(315)] Child process died (type=6) pid=9016)
11-02 01:18:18.926  8826  8826 D MonkeyStub: translateCommand: touch down 614 1561
11-02 01:18:18.934  8826  8826 D MonkeyStub: translateCommand: touch move 614 1561
11-02 01:18:19.039  8826  8826 D MonkeyStub: translateCommand: touch move 614 1436
11-02 01:18:19.144  8826  8826 D MonkeyStub: translateCommand: touch move 614 1311
11-02 01:18:19.249  8826  8826 D MonkeyStub: translateCommand: touch move 614 1186
11-02 01:18:19.356  8826  8826 D MonkeyStub: translateCommand: touch move 614 1061
11-02 01:18:19.463  8826  8826 D MonkeyStub: translateCommand: touch move 614 937
11-02 01:18:19.575  8826  8826 D MonkeyStub: translateCommand: touch move 614 812
11-02 01:18:19.680  8826  8826 D MonkeyStub: translateCommand: touch move 614 687
11-02 01:18:19.800  8826  8826 D MonkeyStub: translateCommand: touch move 614 562
11-02 01:18:19.912  8826  8826 D MonkeyStub: translateCommand: touch move 614 437
11-02 01:18:20.016  8826  8826 D MonkeyStub: translateCommand: touch move 614 312
11-02 01:18:20.024  8826  8826 D MonkeyStub: translateCommand: touch up 614 312
11-02 01:18:21.428   601   610 I art     : Background partial concurrent mark sweep GC freed 41072(2MB) AllocSpace objects, 18(456KB) LOS objects, 33% free, 13MB/20MB, paused 674us total 131.210ms
11-02 01:18:22.005   601  4276 I ActivityManager: Start proc 9034:com.android.chrome:sandboxed_process29/u0i122 for service com.android.chrome/org.chromium.content.app.SandboxedProcessService29
11-02 01:18:22.105  9034  9034 W boxed_process29: type=1400 audit(0.0:278): avc: denied { getattr } for path="/data/data/com.android.chrome" dev="dm-2" ino=12190 scontext=u:r:isolated_app:s0:c512,c768 tcontext=u:object_r:app_data_file:s0:c512,c768 tclass=dir permissive=0
11-02 01:18:22.129  9034  9034 I cr_ChildProcessService: Creating new ChildProcessService pid=9034
11-02 01:18:22.185  9034  9048 I cr_LibraryLoader: Loaded native library version number "85.0.4183.127"
11-02 01:18:22.188  9034  9048 I cr_CachingUmaRecorder: Flushed 1 samples from 1 histograms.
11-02 01:18:22.208  9048  9048 W CrUtilityMain: type=1400 audit(0.0:279): avc: denied { setattr } for name="LICENSE.txt" dev="dm-2" ino=62451 scontext=u:r:isolated_app:s0:c512,c768 tcontext=u:object_r:app_data_file:s0:c512,c768 tclass=file permissive=0
11-02 01:18:22.208  9048  9048 W CrUtilityMain: type=1400 audit(0.0:280): avc: denied { setattr } for name=46696C746572696E672052756C6573 dev="dm-2" ino=62455 scontext=u:r:isolated_app:s0:c512,c768 tcontext=u:object_r:app_data_file:s0:c512,c768 tclass=file permissive=0
11-02 01:18:22.211  9048  9048 W CrUtilityMain: type=1400 audit(0.0:281): avc: denied { setattr } for name="manifest.json" dev="dm-2" ino=62460 scontext=u:r:isolated_app:s0:c512,c768 tcontext=u:object_r:app_data_file:s0:c512,c768 tclass=file permissive=0
11-02 01:18:22.218  9048  9048 W CrUtilityMain: type=1400 audit(0.0:282): avc: denied { setattr } for name="verified_contents.json" dev="dm-2" ino=62467 scontext=u:r:isolated_app:s0:c512,c768 tcontext=u:object_r:app_data_file:s0:c512,c768 tclass=file permissive=0
11-02 01:18:22.230  9034  9034 I cr_ChildProcessService: Destroying ChildProcessService pid=9034
11-02 01:18:22.231  9034  9048 I chromium: [INFO:child_process_service.cc(69)] ChildProcessService: Exiting child process.
11-02 01:18:22.262   601   660 I ActivityManager: Process com.android.chrome:sandboxed_process29 (pid 9034) has died
11-02 01:18:22.262   601   660 D ActivityManager: cleanUpApplicationRecord -- 9034
11-02 01:18:22.268  8271  8271 W chromium: [WARNING:compositor_view.cc(315)] Child process died (type=6) pid=9034)
11-02 01:18:23.413  8271  8281 I art     : Background partial concurrent mark sweep GC freed 142580(6MB) AllocSpace objects, 15(1044KB) LOS objects, 40% free, 9MB/16MB, paused 490us total 131.409ms
11-02 01:18:24.109  8826  8826 D MonkeyStub: translateCommand: touch down 614 1561
11-02 01:18:24.122  8826  8826 D MonkeyStub: translateCommand: touch move 614 1561
11-02 01:18:24.228  8826  8826 D MonkeyStub: translateCommand: touch move 614 1436
11-02 01:18:24.341  8826  8826 D MonkeyStub: translateCommand: touch move 614 1311
11-02 01:18:24.446  8826  8826 D MonkeyStub: translateCommand: touch move 614 1186
11-02 01:18:24.550  8826  8826 D MonkeyStub: translateCommand: touch move 614 1061
11-02 01:18:24.662  8826  8826 D MonkeyStub: translateCommand: touch move 614 937
11-02 01:18:24.766  8826  8826 D MonkeyStub: translateCommand: touch move 614 812
11-02 01:18:24.872  8826  8826 D MonkeyStub: translateCommand: touch move 614 687
11-02 01:18:24.979  8826  8826 D MonkeyStub: translateCommand: touch move 614 562
11-02 01:18:25.086  8826  8826 D MonkeyStub: translateCommand: touch move 614 437
11-02 01:18:25.195  8826  8826 D MonkeyStub: translateCommand: touch move 614 312
11-02 01:18:25.205  8826  8826 D MonkeyStub: translateCommand: touch up 614 312
11-02 01:18:25.225  8826  8826 D MonkeyStub: Quit requested
11-02 01:18:25.246   601   615 I CwMcuSensor: CwMcuSensor::flush: fd = 213, sensors_id = 0, path = /sys/class/htc_sensorhub/sensor_hub/flush, err = 0
11-02 01:18:25.250  8826  8826 I art     : System.exit called, status: 101
11-02 01:18:25.250  8826  8826 I AndroidRuntime: VM exiting with result code 101.
11-02 01:18:25.281   601  7042 W WindowManager: Attempted to remove non-existing token: android.os.Binder@263ecab
11-02 01:18:26.150   601  4276 I ActivityManager: Start proc 9056:com.android.chrome:sandboxed_process30/u0i123 for service com.android.chrome/org.chromium.content.app.SandboxedProcessService30
11-02 01:18:26.231  9056  9056 W boxed_process30: type=1400 audit(0.0:283): avc: denied { getattr } for path="/data/data/com.android.chrome" dev="dm-2" ino=12190 scontext=u:r:isolated_app:s0:c512,c768 tcontext=u:object_r:app_data_file:s0:c512,c768 tclass=dir permissive=0
11-02 01:18:26.257  9056  9056 I cr_ChildProcessService: Creating new ChildProcessService pid=9056
11-02 01:18:26.311  9056  9069 I cr_LibraryLoader: Loaded native library version number "85.0.4183.127"
11-02 01:18:26.312  9056  9069 I cr_CachingUmaRecorder: Flushed 1 samples from 1 histograms.
11-02 01:18:26.338  9069  9069 W CrUtilityMain: type=1400 audit(0.0:284): avc: denied { setattr } for name="optimization-hints.pb" dev="dm-2" ino=63248 scontext=u:r:isolated_app:s0:c512,c768 tcontext=u:object_r:app_data_file:s0:c512,c768 tclass=file permissive=0
11-02 01:18:26.341  9069  9069 W CrUtilityMain: type=1400 audit(0.0:285): avc: denied { setattr } for name="manifest.json" dev="dm-2" ino=63250 scontext=u:r:isolated_app:s0:c512,c768 tcontext=u:object_r:app_data_file:s0:c512,c768 tclass=file permissive=0
11-02 01:18:26.341  9069  9069 W CrUtilityMain: type=1400 audit(0.0:286): avc: denied { setattr } for name="verified_contents.json" dev="dm-2" ino=63254 scontext=u:r:isolated_app:s0:c512,c768 tcontext=u:object_r:app_data_file:s0:c512,c768 tclass=file permissive=0
11-02 01:18:26.353  9056  9056 I cr_ChildProcessService: Destroying ChildProcessService pid=9056
11-02 01:18:26.362  9056  9069 I chromium: [INFO:child_process_service.cc(69)] ChildProcessService: Exiting child process.
11-02 01:18:26.396   601   819 I ActivityManager: Process com.android.chrome:sandboxed_process30 (pid 9056) has died
11-02 01:18:26.396   601   819 D ActivityManager: cleanUpApplicationRecord -- 9056
11-02 01:18:26.399  8271  8271 W chromium: [WARNING:compositor_view.cc(315)] Child process died (type=6) pid=9056)
11-02 01:18:37.388  1244  1639 I Icing   : IndexChimeraService.getServiceInterface callingPackage=com.android.chrome componentName=null serviceId=36
11-02 01:18:37.454  1244  1725 W Icing   : No valid account for uploading user actions
11-02 01:18:37.499  1244  1639 I Icing   : IndexChimeraService.getServiceInterface callingPackage=com.google.android.gms componentName=null serviceId=30
11-02 01:18:37.527  1244  1725 I Icing   : Usage reports ok 2, Failed Usage reports 0, indexed 1, rejected 0
11-02 01:18:37.529  1244  1725 W Icing   : No valid account for uploading user actions
11-02 01:18:37.539  1244  1725 I Icing   : Usage reports ok 0, Failed Usage reports 0, indexed 0, rejected 0
11-02 01:18:37.541  1244  1725 I Icing   : Indexing com.android.chrome-omnibox from com.android.chrome
11-02 01:18:37.579  1244  1665 I Icing   : Indexing done com.android.chrome-omnibox
11-02 01:18:38.580   785  1617 W Icing   : isOptedInForAppHistory: empty Account Name encountered
11-02 01:18:38.637   785  7317 W Icing   : isOptedInForAppHistory: empty Account Name encountered
11-02 01:18:41.505  9093  9093 D AndroidRuntime: >>>>>> START com.android.internal.os.RuntimeInit uid 2000 <<<<<<
11-02 01:18:41.511  9093  9093 D AndroidRuntime: CheckJNI is OFF
11-02 01:18:41.658  9093  9093 D ICU     : No timezone override file found: /data/misc/zoneinfo/current/icu/icu_tzdata.dat
11-02 01:18:41.729  9093  9093 I Radio-JNI: register_android_hardware_Radio DONE
11-02 01:18:41.760  9093  9093 D AndroidRuntime: Calling main entry com.android.commands.am.Am
11-02 01:18:41.787   601   819 I ActivityManager: Force stopping com.android.chrome appid=10035 user=0: from pid 9093
11-02 01:18:41.787   601   819 I ActivityManager: Killing 8332:com.android.chrome:privileged_process0/u0a35 (adj 0): stop com.android.chrome
11-02 01:18:41.787   601   819 D ActivityManager: cleanUpApplicationRecord -- 8332
11-02 01:18:41.787   601   819 W ActivityManager: Scheduling restart of crashed service com.android.chrome/org.chromium.content.app.PrivilegedProcessService0 in 1000ms
11-02 01:18:41.787   601   819 I ActivityManager: Killing 8271:com.android.chrome/u0a35 (adj 0): stop com.android.chrome
11-02 01:18:41.788   601   819 D ActivityManager: cleanUpApplicationRecord -- 8271
11-02 01:18:41.792   601   819 W ActivityManager: Force removing ActivityRecord{6e43738 u0 com.android.chrome/com.google.android.apps.chrome.Main t1118}: app died, no saved state
11-02 01:18:41.805  8305  8305 I cr_ChildProcessService: Destroying ChildProcessService pid=8305
11-02 01:18:41.811   601   819 I ActivityManager: Killing 8767:com.android.chrome:sandboxed_process20/u0a35i113 (adj 0): isolated not needed
11-02 01:18:41.811   601   819 I ActivityManager: Killing 8305:com.android.chrome:sandboxed_process0/u0a35i93 (adj 0): isolated not needed
11-02 01:18:41.833  9093  9093 D AndroidRuntime: Shutting down VM
11-02 01:18:41.844  1052  1052 W ResourceType: ResTable_typeSpec entry count inconsistent: given 67, previously 69
11-02 01:18:41.844  1052  1052 W ResourceType: ResTable_typeSpec entry count inconsistent: given 5346, previously 5347
11-02 01:18:41.845  1065  1161 I OpenGLRenderer: Initialized EGL, version 1.4
11-02 01:18:41.845  1065  1161 D OpenGLRenderer: Swap behavior 2
11-02 01:18:41.909  1052  1052 D RegisteredNfcFServicesCache: Service unchanged, not updating
11-02 01:18:41.961   601   612 D ActivityManager: cleanUpApplicationRecord -- 8305
11-02 01:18:41.981  3002  3013 I AttachedClient: Adding client event 2 to pending list.
11-02 01:18:41.988  3002  3002 I OptInState: There is a new client and it does not support opt-in. Dropping request.
11-02 01:18:41.991  3002  3002 I MicroDetectionWorker: Micro detection mode: [mDetectionMode: [1]].
11-02 01:18:42.021  3002  9110 I MicroRecognitionRunner: Starting detection.
11-02 01:18:42.023  3002  3062 I MicrophoneInputStream: mic_starting com.google.android.apps.gsa.speech.audio.ae@ecbdd25
11-02 01:18:42.033   237   285 I SoundTriggerHwService::Module: void android::SoundTriggerHwService::Module::onCallbackEvent(const sp<android::SoundTriggerHwService::CallbackEvent> &) mClient == 0
11-02 01:18:42.033   237  9112 I AudioFlinger: AudioFlinger's thread 0xf0812dc0 ready to run
11-02 01:18:42.037  3002  3062 I MicrophoneInputStream: mic_started com.google.android.apps.gsa.speech.audio.ae@ecbdd25
11-02 01:18:42.098   601   612 D ConnectivityService: ConnectivityService NetworkRequestInfo binderDied(NetworkRequest [ LISTEN id=34, [ Capabilities: INTERNET&NOT_RESTRICTED&TRUSTED&FOREGROUND] ], android.os.BinderProxy@45ce591)
11-02 01:18:42.099   601   612 D ConnectivityService: ConnectivityService NetworkRequestInfo binderDied(NetworkRequest [ LISTEN id=31, [ Capabilities: INTERNET&NOT_RESTRICTED&TRUSTED&FOREGROUND] ], android.os.BinderProxy@8a61cf6)
11-02 01:18:42.099   601   612 D ConnectivityService: ConnectivityService NetworkRequestInfo binderDied(NetworkRequest [ LISTEN id=32, [ Capabilities: INTERNET&NOT_RESTRICTED&TRUSTED&FOREGROUND] ], android.os.BinderProxy@7d178f7)
11-02 01:18:42.099   601   650 E ConnectivityService: RemoteException caught trying to send a callback msg for NetworkRequest [ LISTEN id=34, [ Capabilities: INTERNET&NOT_RESTRICTED&TRUSTED&FOREGROUND] ]
11-02 01:18:42.100   601   650 E ConnectivityService: RemoteException caught trying to send a callback msg for NetworkRequest [ LISTEN id=31, [ Capabilities: INTERNET&NOT_RESTRICTED&TRUSTED&FOREGROUND] ]
11-02 01:18:42.100   601   650 E ConnectivityService: RemoteException caught trying to send a callback msg for NetworkRequest [ LISTEN id=32, [ Capabilities: INTERNET&NOT_RESTRICTED&TRUSTED&FOREGROUND] ]
11-02 01:18:42.102   601   660 D GraphicsStats: Buffer count: 2
11-02 01:18:42.104   601   612 D ConnectivityService: ConnectivityService NetworkRequestInfo binderDied(NetworkRequest [ LISTEN id=33, [ Capabilities: INTERNET&NOT_RESTRICTED&TRUSTED&FOREGROUND] ], android.os.BinderProxy@d15f364)
11-02 01:18:42.105   601   650 E ConnectivityService: RemoteException caught trying to send a callback msg for NetworkRequest [ LISTEN id=33, [ Capabilities: INTERNET&NOT_RESTRICTED&TRUSTED&FOREGROUND] ]
11-02 01:18:42.113   601  3864 D ActivityManager: cleanUpApplicationRecord -- 8767
11-02 01:18:42.212  3002  3002 I MicroDetectionWorker: onReady
11-02 01:18:42.384  9105  9105 D AndroidRuntime: >>>>>> START com.android.internal.os.RuntimeInit uid 2000 <<<<<<
11-02 01:18:42.387  1065  1161 W OpenGLRenderer: Incorrectly called buildLayer on View: ShortcutAndWidgetContainer, destroying layer...
11-02 01:18:42.389  9105  9105 D AndroidRuntime: CheckJNI is OFF
11-02 01:18:42.461  9105  9105 D ICU     : No timezone override file found: /data/misc/zoneinfo/current/icu/icu_tzdata.dat
11-02 01:18:42.489  9105  9105 I Radio-JNI: register_android_hardware_Radio DONE
11-02 01:18:42.503  9105  9105 D AndroidRuntime: Calling main entry com.android.commands.pm.Pm
11-02 01:18:42.519   601  2013 I ActivityManager: Force stopping com.android.chrome appid=10035 user=0: clear data
11-02 01:18:42.519   601   614 I ActivityManager: Force stopping com.android.chrome appid=10035 user=-1: clearApplicationUserData
11-02 01:18:42.589   785   785 I GeofencerStateMachine: removeGeofences: removeRequest=RemoveGeofencingRequest[REMOVE_ALL packageName=com.android.chrome]
11-02 01:18:42.590  9105  9105 I art     : System.exit called, status: 0
11-02 01:18:42.590  9105  9105 I AndroidRuntime: VM exiting with result code 0.
11-02 01:18:42.603  1052  1052 D RegisteredNfcFServicesCache: Service unchanged, not updating
11-02 01:18:42.611   601   613 W ResourceType: No known package when getting value for resource number 0x7f080316
11-02 01:18:42.611   601   613 W ResourceType: No known package when getting value for resource number 0x7f130448
11-02 01:18:42.612   601   613 W ResourceType: No known package when getting value for resource number 0x7f080315
11-02 01:18:42.612   601   613 W ResourceType: No known package when getting value for resource number 0x7f130123
11-02 01:18:42.612   601   613 W ResourceType: No known package when getting value for resource number 0x7f130447
11-02 01:18:42.612   601   613 W ResourceType: No known package when getting value for resource number 0x7f1302e4
11-02 01:18:42.612   601   613 E ShortcutService: Ignoring excessive intent tag.
11-02 01:18:42.636  1244  1725 I Icing   : doRemovePackageData com.android.chrome
11-02 01:18:42.636  1244  1725 I Icing   : Removing corpus key com.android.chrome-.implicit: for package com.android.chrome
11-02 01:18:42.677   785  9127 I Fitness : FitCleanupIntentOperation received Intent android.intent.action.PACKAGE_DATA_CLEARED [CONTEXT service_id=17 ]
11-02 01:18:42.684  1244  1725 I native  : flash-index.cc:1519 Flash index sort hb 45 prefix-hits 94 -> 82 at 13.139ms
11-02 01:18:42.715  1244  1725 I Icing   : Removing corpus key com.android.chrome-omnibox for package com.android.chrome
11-02 01:18:42.774  1244  1725 I Icing   : Starting compaction min disk 99.926% min index 99.992%
11-02 01:18:42.900  1244  1725 I native  : document-store.cc:1654 Scored 3074 usage reports, missing_corpora 1685 update_failed 1
11-02 01:18:42.936  1244  1725 W native  : words-map.cc:30 INVALID_ARGUMENT: Empty URI
11-02 01:18:42.936  1244  1725 W native  : words-map.cc:34 WordsMap was not properly initialized
11-02 01:18:43.021  1244  1725 E native  : compactor.cc:67 Could not index embedding for docid 1: INTERNAL: Unable to find Thing Proto section 
11-02 01:18:43.022  1244  1725 E native  : compactor.cc:67 Could not index embedding for docid 3: INTERNAL: Unable to find Thing Proto section 
11-02 01:18:43.022  1244  1725 E native  : compactor.cc:67 Could not index embedding for docid 5: INTERNAL: Unable to find Thing Proto section 
11-02 01:18:43.023  1244  1725 E native  : compactor.cc:67 Could not index embedding for docid 7: INTERNAL: Unable to find Thing Proto section 
11-02 01:18:43.029  1244  1725 E native  : compactor.cc:67 Could not index embedding for docid 8: INTERNAL: Unable to find Thing Proto section 
11-02 01:18:43.030  1244  1725 E native  : compactor.cc:67 Could not index embedding for docid 10: INTERNAL: Unable to find Thing Proto section 
11-02 01:18:43.030  1244  1725 E native  : compactor.cc:67 Could not index embedding for docid 11: INTERNAL: Unable to find Thing Proto section 
11-02 01:18:43.031  1244  1725 E native  : compactor.cc:67 Could not index embedding for docid 13: INTERNAL: Unable to find Thing Proto section 
11-02 01:18:43.031  1244  1725 E native  : compactor.cc:67 Could not index embedding for docid 14: INTERNAL: Unable to find Thing Proto section 
11-02 01:18:43.037  1244  1725 E native  : compactor.cc:67 Could not index embedding for docid 17: INTERNAL: Unable to find Thing Proto section 
11-02 01:18:43.037  1244  1725 E native  : compactor.cc:67 Could not index embedding for docid 18: INTERNAL: Unable to find Thing Proto section 
11-02 01:18:43.040  1244  1725 E native  : compactor.cc:67 Could not index embedding for docid 21: INTERNAL: Unable to find Thing Proto section 
11-02 01:18:43.041  1244  1725 E native  : compactor.cc:67 Could not index embedding for docid 22: INTERNAL: Unable to find Thing Proto section 
11-02 01:18:43.048  1244  1725 E native  : compactor.cc:67 Could not index embedding for docid 26: INTERNAL: Unable to find Thing Proto section 
11-02 01:18:43.048  1244  1725 E native  : compactor.cc:67 Could not index embedding for docid 27: INTERNAL: Unable to find Thing Proto section 
11-02 01:18:43.107  1244  1725 I native  : flash-index.cc:1519 Flash index sort hb 34 prefix-hits 54 -> 54 at 38.811ms
11-02 01:18:43.135  1244  1725 W native  : words-map.cc:30 INVALID_ARGUMENT: Empty URI
11-02 01:18:43.135  1244  1725 W native  : words-map.cc:34 WordsMap was not properly initialized
11-02 01:18:43.207  1244  1725 I Icing   : updateResources: need to parse acol{com.android.chrome}
11-02 01:18:43.280  1244  1725 I Icing   : Indexing com.android.chrome-omnibox from com.android.chrome
11-02 01:18:43.292   601   660 I ActivityManager: Start proc 9135:com.android.chrome/u0a35 for content provider com.android.chrome/com.google.android.apps.chrome.icing.IcingProvider
11-02 01:18:43.373  1244  1725 I Icing   : Indexing done com.android.chrome-omnibox
