11-01 00:49:14.380   600  2707 W ActivityManager: android.os.DeadObjectException: Transaction failed on small parcel; remote process probably died
11-01 00:49:14.380   600  2707 W ActivityManager: 	at android.os.BinderProxy.transactNative(Native Method)
11-01 00:49:14.380   600  2707 W ActivityManager: 	at android.os.BinderProxy.transact(Binder.java:615)
11-01 00:49:14.380   600  2707 W ActivityManager: 	at android.app.ApplicationThreadProxy.scheduleUnbindService(ApplicationThreadNative.java:1016)
11-01 00:49:14.380   600  2707 W ActivityManager: 	at com.android.server.am.ActiveServices.removeConnectionLocked(ActiveServices.java:2175)
11-01 00:49:14.380   600  2707 W ActivityManager: 	at com.android.server.am.ActiveServices.unbindServiceLocked(ActiveServices.java:1163)
11-01 00:49:14.380   600  2707 W ActivityManager: 	at com.android.server.am.ActivityManagerService.unbindService(ActivityManagerService.java:17309)
11-01 00:49:14.380   600  2707 W ActivityManager: 	at android.app.ActivityManagerNative.onTransact(ActivityManagerNative.java:1145)
11-01 00:49:14.380   600  2707 W ActivityManager: 	at com.android.server.am.ActivityManagerService.onTransact(ActivityManagerService.java:2795)
11-01 00:49:14.380   600  2707 W ActivityManager: 	at android.os.Binder.execTransact(Binder.java:565)
11-01 00:49:14.381   600  2707 E JavaBinder: !!! FAILED BINDER TRANSACTION !!!  (parcel size = 76)
11-01 00:49:14.381   600  2707 E JavaBinder: !!! FAILED BINDER TRANSACTION !!!  (parcel size = 76)
11-01 00:49:14.381   197   197 E lowmemorykiller: Error writing /proc/2252/oom_score_adj; errno=22
11-01 00:49:14.397   600  1082 I ActivityManager: Process com.android.chrome:sandboxed_process12 (pid 2252) has died
11-01 00:49:14.397   600  1082 D ActivityManager: cleanUpApplicationRecord -- 2252
11-01 00:49:14.404  1905  1905 W chromium: [WARNING:compositor_view.cc(315)] Child process died (type=6) pid=2237)
11-01 00:49:14.404  1905  1905 W chromium: [WARNING:compositor_view.cc(315)] Child process died (type=6) pid=2302)
11-01 00:49:14.404  1905  1905 W chromium: [WARNING:compositor_view.cc(315)] Child process died (type=6) pid=2252)
11-01 00:49:14.416  1905  1905 I FeedRequestManagerImpl: Request: /httpservice/noretry/DiscoverClankService/FeedQuery completed with response code: 200
11-01 00:49:14.416  1905  1905 I TaskQueue:  - task [IMMEDIATE - d: true, b: 2]: 15
11-01 00:49:14.416  1905  1905 I TaskQueue:  - queueTask starting immediate task
11-01 00:49:14.417  1905  1905 I Choreographer: Skipped 37 frames!  The application may be doing too much work on its main thread.
11-01 00:49:14.417  1905  1957 I TaskQueue: Execute task [IMMEDIATE - d: true, b: 2]: 15
11-01 00:49:14.438  2348  2348 I cr_ChildProcessService: Creating new ChildProcessService pid=2348
11-01 00:49:14.467  2362  2362 W boxed_process19: type=1400 audit(0.0:16665): avc: denied { getattr } for path="/data/data/com.android.chrome" dev="dm-2" ino=12190 scontext=u:r:isolated_app:s0:c512,c768 tcontext=u:object_r:app_data_file:s0:c512,c768 tclass=dir permissive=0
11-01 00:49:14.490  2369  2369 W boxed_process20: type=1400 audit(0.0:16666): avc: denied { getattr } for path="/data/data/com.android.chrome" dev="dm-2" ino=12190 scontext=u:r:isolated_app:s0:c512,c768 tcontext=u:object_r:app_data_file:s0:c512,c768 tclass=dir permissive=0
11-01 00:49:14.504  2321  2360 I chromium: [INFO:child_process_service.cc(69)] ChildProcessService: Exiting child process.
11-01 00:49:14.546  1905  1957 I MainThreadRunner: Running task [FeedRequestManagerImpl consumer] on the Main Thread
11-01 00:49:14.547  1905  1905 I FeedProtocolAdapter: createModel, operations 33
11-01 00:49:14.551  1905  1905 I TimingUtils: Task Timing   3ms, thread ui | task : convertWireProtocol | mutations : 33
11-01 00:49:14.552  1905  1905 I TaskQueue:  - task [HEAD_RESET - d: true, b: 2]: 5
11-01 00:49:14.552  1905  1905 I TaskQueue:  - queueTask starting immediate task
11-01 00:49:14.557  1905  1957 I TaskQueue:  - Finished 15, time 130 ms
11-01 00:49:14.558  1905  1957 I TaskQueue: Execute task [HEAD_RESET - d: true, b: 2]: 5
11-01 00:49:14.559  2362  2362 I cr_ChildProcessService: Creating new ChildProcessService pid=2362
11-01 00:49:14.569  1905  1957 I TaskQueue:  - task [BACKGROUND - d: true, b: 2]: 23
11-01 00:49:14.569  1905  1957 W SessionCache: Persisted Sessions were not found
11-01 00:49:14.573  2369  2369 I cr_ChildProcessService: Creating new ChildProcessService pid=2369
11-01 00:49:14.578  1905  1957 I PersistentFeedStore: commitSessionMutation - Success true, Update Session $HEAD, stream structures 32
11-01 00:49:14.585  1905  1957 I MainThreadRunner: Running task [SchedulerApiWrapper onReceiveNewContent] on the Main Thread
11-01 00:49:14.585  1905  1957 I MainThreadRunner: Running task [FeedKnownContentImpl onNewContentReceived] on the Main Thread
11-01 00:49:14.586  1905  1957 I SessionManagerMutation: Cleared Head, new creation time 11-01 00:49:14.569
11-01 00:49:14.593  1905  1957 I TimingUtils: Task Timing  34ms, thread background-3 | task : sessionMutation.commitTask:updateConsumer | mutations : 33 | userInitiated : false
11-01 00:49:14.593  1905  1957 I TaskQueue: Cancelling starvation checks
11-01 00:49:14.593  1905  1957 I TaskQueue:  - Finished 5, time 35 ms
11-01 00:49:14.593  1905  1957 I TaskQueue: Execute task [USER_FACING - d: false, b: 2]: 24
11-01 00:49:14.597  1905  1957 I TimeoutSessionImpl: TimeoutSession.populateModelProvider, shouldAppend false
11-01 00:49:14.597  1905  1957 I SessionImpl: PopulateModelProvider 32 items
11-01 00:49:14.597  1905  1957 I FeedModelProvider: FeedModelProvider - committer, structure changes 31, update changes 0
11-01 00:49:14.597   600   609 I art     : Background partial concurrent mark sweep GC freed 54004(2MB) AllocSpace objects, 35(896KB) LOS objects, 33% free, 17MB/26MB, paused 6.238ms total 455.863ms
11-01 00:49:14.598  1905  1957 I FeedModelProvider: SyntheticTokenTracker: 0, 11, 11, false
11-01 00:49:14.598  1905  1957 I FeedSessionManagerImpl: Caching getStreamFeatures - items 31, cache misses 0, cache size 31
11-01 00:49:14.598  1905  1957 I FeedModelProvider: Moving _session:c55a6a7e-44cc-49d1-bf9a-1b96cd61aef7 to READY
11-01 00:49:14.598  1905  1957 I MainThreadRunner: Running task [FeedModelProvider onSessionStart] on the Main Thread
11-01 00:49:14.598  1905  1957 I FeedModelProvider: ModelProvider Mutation committed - structure changes 31, childrenToBind 31, removedChildren false, Token false
11-01 00:49:14.605  1905  1957 I FeedSessionManagerImpl: Populate new session: _session:c55a6a7e-44cc-49d1-bf9a-1b96cd61aef7, creation time 11-01 00:49:14.597
11-01 00:49:14.605  1905  1957 I TimingUtils: Task Timing  11ms, thread background-4 | task : Create/Populate New Session
11-01 00:49:14.605  1905  1957 I TaskQueue:  - Finished 24, time 11 ms
11-01 00:49:14.605  1905  1957 I TaskQueue: Execute task [BACKGROUND - d: false, b: 1]: 11
11-01 00:49:14.605  1905  1957 I ContentGc: Re-enqueuing triggerContentGc; attempts(0)
11-01 00:49:14.605  1905  1957 I TaskQueue:  - task [BACKGROUND - d: false, b: 1]: 11
11-01 00:49:14.605  1905  1957 I TaskQueue:  - Finished 11, time 0 ms
11-01 00:49:14.606  1905  1957 I TaskQueue: Execute task [BACKGROUND - d: false, b: 1]: 23
11-01 00:49:14.615  2348  2410 I cr_LibraryLoader: Loaded native library version number "85.0.4183.127"
11-01 00:49:14.615  2348  2410 I cr_CachingUmaRecorder: Flushed 1 samples from 1 histograms.
11-01 00:49:14.634   600 17381 I ActivityManager: Killing 2321:com.android.chrome:sandboxed_process17/u0a35i661 (adj 0): isolated not needed
11-01 00:49:14.649  2369  2404 W art     : Suspending all threads took: 5.218ms
11-01 00:49:14.660  2369  2404 I art     : Background sticky concurrent mark sweep GC freed 7426(319KB) AllocSpace objects, 0(0B) LOS objects, 36% free, 3MB/4MB, paused 5.706ms total 36.337ms
11-01 00:49:14.714  2348  2410 I chromium: [INFO:child_process_service.cc(69)] ChildProcessService: Exiting child process.
11-01 00:49:14.724  2369  2414 I cr_LibraryLoader: Loaded native library version number "85.0.4183.127"
11-01 00:49:14.724  2369  2414 I cr_CachingUmaRecorder: Flushed 1 samples from 1 histograms.
11-01 00:49:14.732  2362  2413 I cr_LibraryLoader: Loaded native library version number "85.0.4183.127"
11-01 00:49:14.733   600 22670 I ActivityManager: Process com.android.chrome:sandboxed_process18 (pid 2348) has died
11-01 00:49:14.733   600 22670 D ActivityManager: cleanUpApplicationRecord -- 2348
11-01 00:49:14.739  1905  1957 I TimingUtils: Task Timing 133ms, thread background-5 | task : commitContentMutation | mutations : 32
11-01 00:49:14.742  1905  1957 I TimingUtils: Task Timing   2ms, thread background-6 | task : commitSemanticPropertiesMutation | mutations : 0
11-01 00:49:14.742  1905  1957 I TaskQueue:  - Finished 23, time 137 ms
11-01 00:49:14.742  1905  1957 I TaskQueue: Execute task [BACKGROUND - d: false, b: 0]: 11
11-01 00:49:14.743  2362  2413 I cr_CachingUmaRecorder: Flushed 1 samples from 1 histograms.
11-01 00:49:14.744  1905  1957 I SessionCache: Determining accessible content
11-01 00:49:14.746  1905  1957 I TimingUtils: Task Timing   4ms, thread background-7 | task : ContentGc | contentItemsRemoved : 0
11-01 00:49:14.747  1905  1957 I TaskQueue:  - Finished 11, time 4 ms
11-01 00:49:14.780  2362  2413 I chromium: [INFO:child_process_service.cc(69)] ChildProcessService: Exiting child process.
11-01 00:49:14.784   197   197 E lowmemorykiller: Error writing /proc/2362/oom_score_adj; errno=22
11-01 00:49:14.813   600 16391 I ActivityManager: Process com.android.chrome:sandboxed_process19 (pid 2362) has died
11-01 00:49:14.813   600 16391 D ActivityManager: cleanUpApplicationRecord -- 2362
11-01 00:49:14.820   600 25704 D ActivityManager: cleanUpApplicationRecord -- 2321
11-01 00:49:14.824   600  7064 D ActivityManager: cleanUpApplicationRecord -- 2260
11-01 00:49:14.829   600   610 D ActivityManager: cleanUpApplicationRecord -- 2272
11-01 00:49:14.837   600  6312 D ActivityManager: cleanUpApplicationRecord -- 2093
11-01 00:49:14.842   600   707 D ActivityManager: cleanUpApplicationRecord -- 2106
11-01 00:49:14.852   600 16391 D ActivityManager: cleanUpApplicationRecord -- 2287
11-01 00:49:14.863   600 27731 D ActivityManager: cleanUpApplicationRecord -- 2049
11-01 00:49:14.869   600 13557 D ActivityManager: cleanUpApplicationRecord -- 2081
11-01 00:49:14.872  1905  1905 W chromium: [WARNING:compositor_view.cc(315)] Child process died (type=6) pid=2348)
11-01 00:49:14.881  1905  1905 W chromium: [WARNING:compositor_view.cc(315)] Child process died (type=6) pid=2362)
11-01 00:49:14.881  1905  1905 W chromium: [WARNING:compositor_view.cc(315)] Child process died (type=6) pid=2260)
11-01 00:49:14.881  1905  1905 W chromium: [WARNING:compositor_view.cc(315)] Child process died (type=6) pid=2321)
11-01 00:49:14.886  1905  1905 W chromium: [WARNING:compositor_view.cc(315)] Child process died (type=6) pid=2272)
11-01 00:49:14.886  1905  1905 W chromium: [WARNING:compositor_view.cc(315)] Child process died (type=6) pid=2093)
11-01 00:49:14.887  1905  1905 W chromium: [WARNING:compositor_view.cc(315)] Child process died (type=6) pid=2106)
11-01 00:49:14.887  1905  1905 W chromium: [WARNING:compositor_view.cc(315)] Child process died (type=6) pid=2287)
11-01 00:49:14.887  1905  1905 W chromium: [WARNING:compositor_view.cc(315)] Child process died (type=6) pid=2081)
11-01 00:49:14.888  1905  1905 W chromium: [WARNING:compositor_view.cc(315)] Child process died (type=6) pid=2049)
11-01 00:49:14.949 20673 21110 W Icing   : No valid account for uploading user actions
11-01 00:49:14.968 20673 20795 I Icing   : IndexChimeraService.getServiceInterface callingPackage=com.google.android.gms componentName=null serviceId=30
11-01 00:49:14.990   600  2707 D ActivityManager: cleanUpApplicationRecord -- 2161
11-01 00:49:15.009   600 24611 D ActivityManager: cleanUpApplicationRecord -- 2138
11-01 00:49:15.078  1905  1905 W chromium: [WARNING:compositor_view.cc(315)] Child process died (type=6) pid=2161)
11-01 00:49:15.078  1905  1905 W chromium: [WARNING:compositor_view.cc(315)] Child process died (type=6) pid=2138)
11-01 00:49:15.141  1905  1905 I FeedModelProvider: No children found for Cursor
11-01 00:49:15.148  1905  1905 I Choreographer: Skipped 30 frames!  The application may be doing too much work on its main thread.
11-01 00:49:15.349  1905  1964 W chromium: [WARNING:spdy_session.cc(3090)] Received RST for invalid stream1
11-01 00:49:15.383 20673 21110 E native  : document-store.cc:1328 Failed to update per-doc-data with usage report
11-01 00:49:15.483 20673 21110 I Icing   : Usage reports ok 2, Failed Usage reports 1, indexed 1, rejected 0
11-01 00:49:15.493 20673 21110 W Icing   : No valid account for uploading user actions
11-01 00:49:15.500  1905  1915 W art     : Suspending all threads took: 52.768ms
11-01 00:49:15.574   600   611 W ActivityManager: Unable to start service Intent { act=com.google.android.play.core.splitinstall.BIND_SPLIT_INSTALL_SERVICE pkg=com.android.vending } U=0: not found
11-01 00:49:15.608  1905  1915 I art     : Background sticky concurrent mark sweep GC freed 149639(8MB) AllocSpace objects, 100(2MB) LOS objects, 0% free, 16MB/16MB, paused 54.169ms total 3.352s
11-01 00:49:15.663  1905  2121 I PlayCore: UID: [10035]  PID: [1905] SplitInstallService : Failed to bind to the service.
11-01 00:49:16.161 20673 21110 I Icing   : Usage reports ok 0, Failed Usage reports 0, indexed 0, rejected 0
11-01 00:49:16.163 20673 21110 I Icing   : Removing corpus key com.android.chrome-omnibox for package com.android.chrome
11-01 00:49:16.268 20673 21110 I native  : flash-index.cc:1519 Flash index sort hb 10 prefix-hits 18 -> 15 at 28.013ms
11-01 00:49:16.336  1905  1905 E cr_BTSPrefs: No data found for task id: 53
11-01 00:49:16.336  1905  1905 E cr_BkgrdTaskScheduler: Task cannot be canceled because no data was found instorage or data was invalid
11-01 00:49:16.416   787  1245 W Icing   : isOptedInForAppHistory: empty Account Name encountered
11-01 00:49:16.453   787  1245 W Icing   : isOptedInForAppHistory: empty Account Name encountered
11-01 00:49:16.470  1905  1954 I cr_omaha: Request to Server Successful. Timestamp for next request:1667263756470
11-01 00:49:16.501  1905  1954 I cr_omaha: Request to Server Successful. Timestamp for next request:1667263756501
11-01 00:49:16.501  1905  1954 I cr_omaha: Attempting to schedule next job for: Tue Nov 01 05:49:16 GMT+01:00 2022
11-01 00:49:16.503  1905  1905 I cr_omaha: Scheduled using JobService
11-01 00:49:16.504  1905  1905 E cr_BkgrdTaskJS: Tried finishing non-current BackgroundTask.
11-01 00:49:16.626   787 29741 W Icing   : isOptedInForAppHistory: empty Account Name encountered
11-01 00:49:17.412 20673 21110 I native  : document-store.cc:1654 Scored 2591 usage reports, missing_corpora 0 update_failed 1403
11-01 00:49:17.495 20673 21110 W Icing   : No valid account for uploading user actions
11-01 00:49:17.553 20673 21110 I Icing   : Usage reports ok 1, Failed Usage reports 0, indexed 1, rejected 0
11-01 00:49:17.553 20673 21110 I Icing   : Indexing com.android.chrome-omnibox from com.android.chrome
11-01 00:49:17.629 20673 21110 I Icing   : Indexing done com.android.chrome-omnibox
11-01 00:49:17.837  1905  1905 I cr_tabmodel: Appending tabs being restored to metadata lists, 0, startingNormalCount: 2, startingIncognitoCount: 0
11-01 00:49:17.837  1905  1905 I cr_tabmodel: Serializing tab lists; counts: 2, 0
11-01 00:49:21.741  1905  1905 E cr_BTSPrefs: No data found for task id: 57
11-01 00:49:21.741  1905  1905 E cr_BkgrdTaskScheduler: Task cannot be canceled because no data was found instorage or data was invalid
11-01 00:49:21.742  1905  1905 E cr_BTSPrefs: No data found for task id: 56
11-01 00:49:21.743  1905  1905 E cr_BkgrdTaskScheduler: Task cannot be canceled because no data was found instorage or data was invalid
11-01 00:49:27.170  2451  2451 D AndroidRuntime: >>>>>> START com.android.internal.os.RuntimeInit uid 2000 <<<<<<
11-01 00:49:27.173  2451  2451 D AndroidRuntime: CheckJNI is OFF
11-01 00:49:27.240  2451  2451 D ICU     : No timezone override file found: /data/misc/zoneinfo/current/icu/icu_tzdata.dat
11-01 00:49:27.272  2451  2451 I Radio-JNI: register_android_hardware_Radio DONE
11-01 00:49:27.287  2451  2451 D AndroidRuntime: Calling main entry com.android.commands.monkey.Monkey
11-01 00:49:27.357   600   613 W BroadcastQueue: Skipping deliver [background] BroadcastRecord{6c9bdcf u-1 android.net.conn.CONNECTIVITY_CHANGE} to ReceiverList{8d5135c 2451 (unknown name)/2000/u-1 remote:f8a9}: process crashing
11-01 00:49:28.919  2451  2451 D MonkeyStub: translateCommand: wake
11-01 00:49:29.066  2451  2451 D MonkeyStub: translateCommand: tap 1156 1096
11-01 00:49:31.307  2451  2451 D MonkeyStub: translateCommand: tap 259 298
11-01 00:49:33.562  2451  2451 D MonkeyStub: translateCommand: tap 777 567
11-01 00:49:35.606  2451  2451 D MonkeyStub: translateCommand: tap 168 1070
11-01 00:49:35.753   787  1259 E AsyncOperation: serviceID=121, operation=GetLaunchDataOperation [CONTEXT service_id=259 ]
11-01 00:49:35.753   787  1259 E AsyncOperation: OperationException[Status{statusCode=Not an instant app, resolution=null}]
11-01 00:49:35.753   787  1259 E AsyncOperation: 	at aeay.a(:com.google.android.gms@203915020@20.39.15 (040406-335085812):20)
11-01 00:49:35.753   787  1259 E AsyncOperation: 	at aain.run(:com.google.android.gms@203915020@20.39.15 (040406-335085812):7)
11-01 00:49:35.753   787  1259 E AsyncOperation: 	at boex.run(:com.google.android.gms@203915020@20.39.15 (040406-335085812):2)
11-01 00:49:35.753   787  1259 E AsyncOperation: 	at sup.b(:com.google.android.gms@203915020@20.39.15 (040406-335085812):12)
11-01 00:49:35.753   787  1259 E AsyncOperation: 	at sup.run(:com.google.android.gms@203915020@20.39.15 (040406-335085812):7)
11-01 00:49:35.753   787  1259 E AsyncOperation: 	at java.util.concurrent.ThreadPoolExecutor.runWorker(ThreadPoolExecutor.java:1133)
11-01 00:49:35.753   787  1259 E AsyncOperation: 	at java.util.concurrent.ThreadPoolExecutor$Worker.run(ThreadPoolExecutor.java:607)
11-01 00:49:35.753   787  1259 E AsyncOperation: 	at tam.run(:com.google.android.gms@203915020@20.39.15 (040406-335085812):0)
11-01 00:49:35.753   787  1259 E AsyncOperation: 	at java.lang.Thread.run(Thread.java:761)
11-01 00:49:36.368   787   806 W Icing   : isOptedInForAppHistory: empty Account Name encountered
11-01 00:49:36.394   787   806 W Icing   : isOptedInForAppHistory: empty Account Name encountered
11-01 00:49:36.418   787 29741 W Icing   : isOptedInForAppHistory: empty Account Name encountered
11-01 00:49:38.320  1905  1905 I cr_tabmodel: Appending tabs being restored to metadata lists, 0, startingNormalCount: 2, startingIncognitoCount: 0
11-01 00:49:38.320  1905  1905 I cr_tabmodel: Serializing tab lists; counts: 2, 0
11-01 00:49:40.025   600   609 I art     : Background partial concurrent mark sweep GC freed 71567(3MB) AllocSpace objects, 49(1840KB) LOS objects, 33% free, 17MB/25MB, paused 725us total 103.678ms
11-01 00:49:42.400  1905  1964 E chromium: [ERROR:ssl_client_socket_impl.cc(963)] handshake failed; returned -1, SSL error code 1, net_error -100
11-01 00:49:43.701  2451  2451 D MonkeyStub: translateCommand: touch down 614 1561
11-01 00:49:43.706  2451  2451 D MonkeyStub: translateCommand: touch move 614 1561
11-01 00:49:43.811  2451  2451 D MonkeyStub: translateCommand: touch move 614 1436
11-01 00:49:43.927  2451  2451 D MonkeyStub: translateCommand: touch move 614 1311
11-01 00:49:44.034  2451  2451 D MonkeyStub: translateCommand: touch move 614 1186
11-01 00:49:44.138  2451  2451 D MonkeyStub: translateCommand: touch move 614 1061
11-01 00:49:44.244  2451  2451 D MonkeyStub: translateCommand: touch move 614 937
11-01 00:49:44.352  2451  2451 D MonkeyStub: translateCommand: touch move 614 812
11-01 00:49:44.460  2451  2451 D MonkeyStub: translateCommand: touch move 614 687
11-01 00:49:44.564  2451  2451 D MonkeyStub: translateCommand: touch move 614 562
11-01 00:49:44.670  2451  2451 D MonkeyStub: translateCommand: touch move 614 437
11-01 00:49:44.774  2451  2451 D MonkeyStub: translateCommand: touch move 614 312
11-01 00:49:44.778  2451  2451 D MonkeyStub: translateCommand: touch up 614 312
11-01 00:49:44.809  2451  2451 D MonkeyStub: translateCommand: touch down 614 1561
11-01 00:49:44.819  2451  2451 D MonkeyStub: translateCommand: touch move 614 1561
11-01 00:49:44.938  2451  2451 D MonkeyStub: translateCommand: touch move 614 1436
11-01 00:49:45.070  2451  2451 D MonkeyStub: translateCommand: touch move 614 1311
11-01 00:49:45.108 20673 21208 I Icing   : IndexChimeraService.getServiceInterface callingPackage=com.android.chrome componentName=null serviceId=36
11-01 00:49:45.178  2451  2451 D MonkeyStub: translateCommand: touch move 614 1186
11-01 00:49:45.228 20673 20799 W Icing   : No valid account for uploading user actions
11-01 00:49:45.248 20673 21208 I Icing   : IndexChimeraService.getServiceInterface callingPackage=com.google.android.gms componentName=null serviceId=30
11-01 00:49:45.285  2451  2451 D MonkeyStub: translateCommand: touch move 614 1061
11-01 00:49:45.297 20673 20799 I Icing   : Usage reports ok 1, Failed Usage reports 0, indexed 1, rejected 0
11-01 00:49:45.311 20673 20799 W Icing   : No valid account for uploading user actions
11-01 00:49:45.402  2451  2451 D MonkeyStub: translateCommand: touch move 614 937
11-01 00:49:45.472 20673 20799 I Icing   : Usage reports ok 0, Failed Usage reports 0, indexed 0, rejected 0
11-01 00:49:45.474 20673 20799 I Icing   : Indexing com.android.chrome-omnibox from com.android.chrome
11-01 00:49:45.531  2451  2451 D MonkeyStub: translateCommand: touch move 614 812
11-01 00:49:45.634 20673 31992 I Icing   : Indexing done com.android.chrome-omnibox
11-01 00:49:45.652  2451  2451 D MonkeyStub: translateCommand: touch move 614 687
11-01 00:49:45.789  2451  2451 D MonkeyStub: translateCommand: touch move 614 562
11-01 00:49:45.914  2451  2451 D MonkeyStub: translateCommand: touch move 614 437
11-01 00:49:46.020  2451  2451 D MonkeyStub: translateCommand: touch move 614 312
11-01 00:49:46.028  2451  2451 D MonkeyStub: translateCommand: touch up 614 312
11-01 00:49:46.577   787   805 W Icing   : isOptedInForAppHistory: empty Account Name encountered
11-01 00:49:46.636   787 30001 W Icing   : isOptedInForAppHistory: empty Account Name encountered
11-01 00:49:50.096  2451  2451 D MonkeyStub: translateCommand: touch down 614 1561
11-01 00:49:50.103  2451  2451 D MonkeyStub: translateCommand: touch move 614 1561
11-01 00:49:50.213  2451  2451 D MonkeyStub: translateCommand: touch move 614 1436
11-01 00:49:50.323  2451  2451 D MonkeyStub: translateCommand: touch move 614 1311
11-01 00:49:50.427  2451  2451 D MonkeyStub: translateCommand: touch move 614 1186
11-01 00:49:50.553  2451  2451 D MonkeyStub: translateCommand: touch move 614 1061
11-01 00:49:50.659  2451  2451 D MonkeyStub: translateCommand: touch move 614 937
11-01 00:49:50.767  2451  2451 D MonkeyStub: translateCommand: touch move 614 812
11-01 00:49:50.872  2451  2451 D MonkeyStub: translateCommand: touch move 614 687
11-01 00:49:50.979  2451  2451 D MonkeyStub: translateCommand: touch move 614 562
11-01 00:49:51.086  2451  2451 D MonkeyStub: translateCommand: touch move 614 437
11-01 00:49:51.209  2451  2451 D MonkeyStub: translateCommand: touch move 614 312
11-01 00:49:51.217  2451  2451 D MonkeyStub: translateCommand: touch up 614 312
11-01 00:49:51.455   600 13557 I ActivityManager: Start proc 2507:com.android.chrome:sandboxed_process21/u0i665 for service com.android.chrome/org.chromium.content.app.SandboxedProcessService21
11-01 00:49:51.517  2507  2507 W boxed_process21: type=1400 audit(0.0:16667): avc: denied { getattr } for path="/data/data/com.android.chrome" dev="dm-2" ino=12190 scontext=u:r:isolated_app:s0:c512,c768 tcontext=u:object_r:app_data_file:s0:c512,c768 tclass=dir permissive=0
11-01 00:49:51.542  2507  2507 I cr_ChildProcessService: Creating new ChildProcessService pid=2507
11-01 00:49:51.620  2507  2520 I cr_LibraryLoader: Loaded native library version number "85.0.4183.127"
11-01 00:49:51.621  2507  2520 I cr_CachingUmaRecorder: Flushed 1 samples from 1 histograms.
11-01 00:49:51.647  2520  2520 W CrUtilityMain: type=1400 audit(0.0:16668): avc: denied { setattr } for name="LICENSE.txt" dev="dm-2" ino=60509 scontext=u:r:isolated_app:s0:c512,c768 tcontext=u:object_r:app_data_file:s0:c512,c768 tclass=file permissive=0
11-01 00:49:51.654  2520  2520 W CrUtilityMain: type=1400 audit(0.0:16669): avc: denied { setattr } for name=46696C746572696E672052756C6573 dev="dm-2" ino=60416 scontext=u:r:isolated_app:s0:c512,c768 tcontext=u:object_r:app_data_file:s0:c512,c768 tclass=file permissive=0
11-01 00:49:51.654  2520  2520 W CrUtilityMain: type=1400 audit(0.0:16670): avc: denied { setattr } for name="manifest.json" dev="dm-2" ino=60322 scontext=u:r:isolated_app:s0:c512,c768 tcontext=u:object_r:app_data_file:s0:c512,c768 tclass=file permissive=0
11-01 00:49:51.670  2520  2520 W CrUtilityMain: type=1400 audit(0.0:16671): avc: denied { setattr } for name="verified_contents.json" dev="dm-2" ino=60179 scontext=u:r:isolated_app:s0:c512,c768 tcontext=u:object_r:app_data_file:s0:c512,c768 tclass=file permissive=0
11-01 00:49:51.729  2507  2507 I cr_ChildProcessService: Destroying ChildProcessService pid=2507
11-01 00:49:51.806  2507  2520 I chromium: [INFO:child_process_service.cc(69)] ChildProcessService: Exiting child process.
11-01 00:49:52.028   600 22670 I ActivityManager: Process com.android.chrome:sandboxed_process21 (pid 2507) has died
11-01 00:49:52.028   600 22670 D ActivityManager: cleanUpApplicationRecord -- 2507
11-01 00:49:52.032  1905  1905 W chromium: [WARNING:compositor_view.cc(315)] Child process died (type=6) pid=2507)
11-01 00:49:52.513   600 13558 I ActivityManager: Start proc 2526:com.android.chrome:sandboxed_process22/u0i666 for service com.android.chrome/org.chromium.content.app.SandboxedProcessService22
11-01 00:49:52.574  2526  2526 W boxed_process22: type=1400 audit(0.0:16672): avc: denied { getattr } for path="/data/data/com.android.chrome" dev="dm-2" ino=12190 scontext=u:r:isolated_app:s0:c512,c768 tcontext=u:object_r:app_data_file:s0:c512,c768 tclass=dir permissive=0
11-01 00:49:52.618  2526  2526 I cr_ChildProcessService: Creating new ChildProcessService pid=2526
11-01 00:49:52.663  2526  2539 I cr_LibraryLoader: Loaded native library version number "85.0.4183.127"
11-01 00:49:52.663  2526  2539 I cr_CachingUmaRecorder: Flushed 1 samples from 1 histograms.
11-01 00:49:52.720  2539  2539 W CrUtilityMain: type=1400 audit(0.0:16673): avc: denied { setattr } for name="tl_en-us_2022-10-26_484799359_100000_index.bin" dev="dm-2" ino=60410 scontext=u:r:isolated_app:s0:c512,c768 tcontext=u:object_r:app_data_file:s0:c512,c768 tclass=file permissive=0
11-01 00:49:52.720  2539  2539 W CrUtilityMain: type=1400 audit(0.0:16674): avc: denied { setattr } for name="manifest.json" dev="dm-2" ino=60393 scontext=u:r:isolated_app:s0:c512,c768 tcontext=u:object_r:app_data_file:s0:c512,c768 tclass=file permissive=0
11-01 00:49:52.724  2539  2539 W CrUtilityMain: type=1400 audit(0.0:16675): avc: denied { setattr } for name="verified_contents.json" dev="dm-2" ino=23887 scontext=u:r:isolated_app:s0:c512,c768 tcontext=u:object_r:app_data_file:s0:c512,c768 tclass=file permissive=0
11-01 00:49:52.730  2526  2539 I chromium: [INFO:child_process_service.cc(69)] ChildProcessService: Exiting child process.
11-01 00:49:52.734   197   197 E lowmemorykiller: Error writing /proc/2526/oom_score_adj; errno=22
11-01 00:49:52.751   600 24611 I ActivityManager: Process com.android.chrome:sandboxed_process22 (pid 2526) has died
11-01 00:49:52.751  1905  1905 W chromium: [WARNING:compositor_view.cc(315)] Child process died (type=6) pid=2526)
11-01 00:49:52.751   600 24611 D ActivityManager: cleanUpApplicationRecord -- 2526
11-01 00:49:53.250  2451  2451 D MonkeyStub: translateCommand: tap 278 93
11-01 00:49:53.873   600   610 I ActivityManager: Start proc 2543:com.android.chrome:sandboxed_process23/u0i667 for service com.android.chrome/org.chromium.content.app.SandboxedProcessService23
11-01 00:49:53.934  2543  2543 W boxed_process23: type=1400 audit(0.0:16676): avc: denied { getattr } for path="/data/data/com.android.chrome" dev="dm-2" ino=12190 scontext=u:r:isolated_app:s0:c512,c768 tcontext=u:object_r:app_data_file:s0:c512,c768 tclass=dir permissive=0
11-01 00:49:53.968  2543  2543 I cr_ChildProcessService: Creating new ChildProcessService pid=2543
11-01 00:49:54.034   787  1259 E AsyncOperation: serviceID=121, operation=GetLaunchDataOperation [CONTEXT service_id=259 ]
11-01 00:49:54.034   787  1259 E AsyncOperation: OperationException[Status{statusCode=Not an instant app, resolution=null}]
11-01 00:49:54.034   787  1259 E AsyncOperation: 	at aeay.a(:com.google.android.gms@203915020@20.39.15 (040406-335085812):20)
11-01 00:49:54.034   787  1259 E AsyncOperation: 	at aain.run(:com.google.android.gms@203915020@20.39.15 (040406-335085812):7)
11-01 00:49:54.034   787  1259 E AsyncOperation: 	at boex.run(:com.google.android.gms@203915020@20.39.15 (040406-335085812):2)
11-01 00:49:54.034   787  1259 E AsyncOperation: 	at sup.b(:com.google.android.gms@203915020@20.39.15 (040406-335085812):12)
11-01 00:49:54.034   787  1259 E AsyncOperation: 	at sup.run(:com.google.android.gms@203915020@20.39.15 (040406-335085812):7)
11-01 00:49:54.034   787  1259 E AsyncOperation: 	at java.util.concurrent.ThreadPoolExecutor.runWorker(ThreadPoolExecutor.java:1133)
11-01 00:49:54.034   787  1259 E AsyncOperation: 	at java.util.concurrent.ThreadPoolExecutor$Worker.run(ThreadPoolExecutor.java:607)
11-01 00:49:54.034   787  1259 E AsyncOperation: 	at tam.run(:com.google.android.gms@203915020@20.39.15 (040406-335085812):0)
11-01 00:49:54.034   787  1259 E AsyncOperation: 	at java.lang.Thread.run(Thread.java:761)
11-01 00:49:54.078  2543  2556 I cr_LibraryLoader: Loaded native library version number "85.0.4183.127"
11-01 00:49:54.078  2543  2556 I cr_CachingUmaRecorder: Flushed 1 samples from 1 histograms.
11-01 00:49:54.097  2556  2556 W CrUtilityMain: type=1400 audit(0.0:16677): avc: denied { setattr } for name="optimization-hints.pb" dev="dm-2" ino=54790 scontext=u:r:isolated_app:s0:c512,c768 tcontext=u:object_r:app_data_file:s0:c512,c768 tclass=file permissive=0
11-01 00:49:54.100  2556  2556 W CrUtilityMain: type=1400 audit(0.0:16678): avc: denied { setattr } for name="manifest.json" dev="dm-2" ino=23083 scontext=u:r:isolated_app:s0:c512,c768 tcontext=u:object_r:app_data_file:s0:c512,c768 tclass=file permissive=0
11-01 00:49:54.110  2556  2556 W CrUtilityMain: type=1400 audit(0.0:16679): avc: denied { setattr } for name="verified_contents.json" dev="dm-2" ino=23188 scontext=u:r:isolated_app:s0:c512,c768 tcontext=u:object_r:app_data_file:s0:c512,c768 tclass=file permissive=0
11-01 00:49:54.133  2543  2543 I cr_ChildProcessService: Destroying ChildProcessService pid=2543
11-01 00:49:54.136  2543  2556 I chromium: [INFO:child_process_service.cc(69)] ChildProcessService: Exiting child process.
11-01 00:49:54.170   600   707 I ActivityManager: Process com.android.chrome:sandboxed_process23 (pid 2543) has died
11-01 00:49:54.170   600   707 D ActivityManager: cleanUpApplicationRecord -- 2543
11-01 00:49:54.172  1905  1905 W chromium: [WARNING:compositor_view.cc(315)] Child process died (type=6) pid=2543)
11-01 00:49:55.229   198   198 E SELinux : avc:  denied  { find } for service=netd pid=2564 uid=2000 scontext=u:r:shell:s0 tcontext=u:object_r:netd_service:s0 tclass=service_manager permissive=0
11-01 00:49:55.241   198   198 E SELinux : avc:  denied  { find } for service=android.service.gatekeeper.IGateKeeperService pid=2564 uid=2000 scontext=u:r:shell:s0 tcontext=u:object_r:gatekeeper_service:s0 tclass=service_manager permissive=0
11-01 00:49:55.316   600   609 I art     : Background partial concurrent mark sweep GC freed 43758(2MB) AllocSpace objects, 9(228KB) LOS objects, 33% free, 17MB/26MB, paused 8.622ms total 427.438ms
11-01 00:49:55.600   600  3509 I ActivityManager: Start proc 2565:com.android.chrome:sandboxed_process24/u0i668 for service com.android.chrome/org.chromium.content.app.SandboxedProcessService24
11-01 00:49:55.727  2565  2565 W boxed_process24: type=1400 audit(0.0:16680): avc: denied { getattr } for path="/data/data/com.android.chrome" dev="dm-2" ino=12190 scontext=u:r:isolated_app:s0:c512,c768 tcontext=u:object_r:app_data_file:s0:c512,c768 tclass=dir permissive=0
11-01 00:49:55.799  2565  2565 I cr_ChildProcessService: Creating new ChildProcessService pid=2565
11-01 00:49:55.899  2565  2578 I cr_LibraryLoader: Loaded native library version number "85.0.4183.127"
11-01 00:49:55.901  2565  2578 I cr_CachingUmaRecorder: Flushed 1 samples from 1 histograms.
11-01 00:49:55.934  2578  2578 W CrUtilityMain: type=1400 audit(0.0:16681): avc: denied { setattr } for name="crl-set" dev="dm-2" ino=35785 scontext=u:r:isolated_app:s0:c512,c768 tcontext=u:object_r:app_data_file:s0:c512,c768 tclass=file permissive=0
11-01 00:49:55.934  2578  2578 W CrUtilityMain: type=1400 audit(0.0:16682): avc: denied { setattr } for name="manifest.json" dev="dm-2" ino=60246 scontext=u:r:isolated_app:s0:c512,c768 tcontext=u:object_r:app_data_file:s0:c512,c768 tclass=file permissive=0
11-01 00:49:55.940  2578  2578 W CrUtilityMain: type=1400 audit(0.0:16683): avc: denied { setattr } for name="LICENSE" dev="dm-2" ino=51689 scontext=u:r:isolated_app:s0:c512,c768 tcontext=u:object_r:app_data_file:s0:c512,c768 tclass=file permissive=0
11-01 00:49:55.944  2578  2578 W CrUtilityMain: type=1400 audit(0.0:16684): avc: denied { setattr } for name="verified_contents.json" dev="dm-2" ino=23586 scontext=u:r:isolated_app:s0:c512,c768 tcontext=u:object_r:app_data_file:s0:c512,c768 tclass=file permissive=0
11-01 00:49:55.982  2565  2565 I cr_ChildProcessService: Destroying ChildProcessService pid=2565
11-01 00:49:56.001  2565  2578 I chromium: [INFO:child_process_service.cc(69)] ChildProcessService: Exiting child process.
11-01 00:49:56.060   600  1082 I ActivityManager: Process com.android.chrome:sandboxed_process24 (pid 2565) has died
11-01 00:49:56.060   600  1082 D ActivityManager: cleanUpApplicationRecord -- 2565
11-01 00:49:56.061  1905  1905 W chromium: [WARNING:compositor_view.cc(315)] Child process died (type=6) pid=2565)
11-01 00:49:57.864   600 24611 I ActivityManager: Start proc 2585:com.android.chrome:sandboxed_process25/u0i669 for service com.android.chrome/org.chromium.content.app.SandboxedProcessService25
11-01 00:49:57.913  2585  2595 W art     : Suspending all threads took: 5.038ms
11-01 00:49:57.918  2585  2595 I art     : Background sticky concurrent mark sweep GC freed 6966(279KB) AllocSpace objects, 0(0B) LOS objects, 39% free, 2MB/4MB, paused 5.560ms total 19.333ms
11-01 00:49:57.927  2585  2585 W boxed_process25: type=1400 audit(0.0:16685): avc: denied { getattr } for path="/data/data/com.android.chrome" dev="dm-2" ino=12190 scontext=u:r:isolated_app:s0:c512,c768 tcontext=u:object_r:app_data_file:s0:c512,c768 tclass=dir permissive=0
11-01 00:49:57.954  2585  2585 I cr_ChildProcessService: Creating new ChildProcessService pid=2585
11-01 00:49:57.993  2585  2599 I cr_LibraryLoader: Loaded native library version number "85.0.4183.127"
11-01 00:49:57.994  2585  2599 I cr_CachingUmaRecorder: Flushed 1 samples from 1 histograms.
11-01 00:49:58.007  2599  2599 W CrUtilityMain: type=1400 audit(0.0:16686): avc: denied { setattr } for name="manifest.json" dev="dm-2" ino=63624 scontext=u:r:isolated_app:s0:c512,c768 tcontext=u:object_r:app_data_file:s0:c512,c768 tclass=file permissive=0
11-01 00:49:58.010  2599  2599 W CrUtilityMain: type=1400 audit(0.0:16687): avc: denied { setattr } for name="verified_contents.json" dev="dm-2" ino=58916 scontext=u:r:isolated_app:s0:c512,c768 tcontext=u:object_r:app_data_file:s0:c512,c768 tclass=file permissive=0
11-01 00:49:58.019  2585  2599 I chromium: [INFO:child_process_service.cc(69)] ChildProcessService: Exiting child process.
11-01 00:49:58.020   197   197 E lowmemorykiller: Error writing /proc/2585/oom_score_adj; errno=22
11-01 00:49:58.044   600  3967 I ActivityManager: Process com.android.chrome:sandboxed_process25 (pid 2585) has died
11-01 00:49:58.044   600  3967 D ActivityManager: cleanUpApplicationRecord -- 2585
11-01 00:49:58.044  1905  1905 W chromium: [WARNING:compositor_view.cc(315)] Child process died (type=6) pid=2585)
11-01 00:49:58.478   787  1714 W Icing   : isOptedInForAppHistory: empty Account Name encountered
11-01 00:49:58.494   787  1714 W Icing   : isOptedInForAppHistory: empty Account Name encountered
11-01 00:49:58.514   787 29741 W Icing   : isOptedInForAppHistory: empty Account Name encountered
11-01 00:50:00.018  1905  1905 I cr_tabmodel: Appending tabs being restored to metadata lists, 0, startingNormalCount: 2, startingIncognitoCount: 0
11-01 00:50:00.018  1905  1905 I cr_tabmodel: Serializing tab lists; counts: 2, 0
11-01 00:50:00.196   600 13558 I ActivityManager: Start proc 2603:com.android.chrome:sandboxed_process26/u0i670 for service com.android.chrome/org.chromium.content.app.SandboxedProcessService26
11-01 00:50:00.257  2603  2603 W boxed_process26: type=1400 audit(0.0:16688): avc: denied { getattr } for path="/data/data/com.android.chrome" dev="dm-2" ino=12190 scontext=u:r:isolated_app:s0:c512,c768 tcontext=u:object_r:app_data_file:s0:c512,c768 tclass=dir permissive=0
11-01 00:50:00.293  2603  2603 I cr_ChildProcessService: Creating new ChildProcessService pid=2603
11-01 00:50:00.341  2603  2616 I cr_LibraryLoader: Loaded native library version number "85.0.4183.127"
11-01 00:50:00.342  2603  2616 I cr_CachingUmaRecorder: Flushed 1 samples from 1 histograms.
11-01 00:50:00.357  2616  2616 W CrUtilityMain: type=1400 audit(0.0:16689): avc: denied { setattr } for name="download_file_types.pb" dev="dm-2" ino=54907 scontext=u:r:isolated_app:s0:c512,c768 tcontext=u:object_r:app_data_file:s0:c512,c768 tclass=file permissive=0
11-01 00:50:00.357  2616  2616 W CrUtilityMain: type=1400 audit(0.0:16690): avc: denied { setattr } for name="manifest.json" dev="dm-2" ino=23748 scontext=u:r:isolated_app:s0:c512,c768 tcontext=u:object_r:app_data_file:s0:c512,c768 tclass=file permissive=0
11-01 00:50:00.360  2616  2616 W CrUtilityMain: type=1400 audit(0.0:16691): avc: denied { setattr } for name="verified_contents.json" dev="dm-2" ino=57279 scontext=u:r:isolated_app:s0:c512,c768 tcontext=u:object_r:app_data_file:s0:c512,c768 tclass=file permissive=0
11-01 00:50:00.371  2603  2603 I cr_ChildProcessService: Destroying ChildProcessService pid=2603
11-01 00:50:00.373  2603  2616 I chromium: [INFO:child_process_service.cc(69)] ChildProcessService: Exiting child process.
11-01 00:50:00.393   600  1076 I ActivityManager: Process com.android.chrome:sandboxed_process26 (pid 2603) has died
11-01 00:50:00.393   600  1076 D ActivityManager: cleanUpApplicationRecord -- 2603
11-01 00:50:00.396  1905  1905 W chromium: [WARNING:compositor_view.cc(315)] Child process died (type=6) pid=2603)
11-01 00:50:01.046  1905  1905 I cr_tabmodel: Appending tabs being restored to metadata lists, 0, startingNormalCount: 2, startingIncognitoCount: 0
11-01 00:50:01.046  1905  1905 I cr_tabmodel: Serializing tab lists; counts: 2, 0
11-01 00:50:01.292  2451  2451 D MonkeyStub: translateCommand: touch down 614 1561
11-01 00:50:01.303  2451  2451 D MonkeyStub: translateCommand: touch move 614 1561
11-01 00:50:01.411  2451  2451 D MonkeyStub: translateCommand: touch move 614 1436
11-01 00:50:01.528  2451  2451 D MonkeyStub: translateCommand: touch move 614 1311
11-01 00:50:01.641  2451  2451 D MonkeyStub: translateCommand: touch move 614 1186
11-01 00:50:01.751  2451  2451 D MonkeyStub: translateCommand: touch move 614 1061
11-01 00:50:01.864  2451  2451 D MonkeyStub: translateCommand: touch move 614 937
11-01 00:50:01.969  2451  2451 D MonkeyStub: translateCommand: touch move 614 812
11-01 00:50:02.073  2451  2451 D MonkeyStub: translateCommand: touch move 614 687
11-01 00:50:02.179  2451  2451 D MonkeyStub: translateCommand: touch move 614 562
11-01 00:50:02.285  2451  2451 D MonkeyStub: translateCommand: touch move 614 437
11-01 00:50:02.389  2451  2451 D MonkeyStub: translateCommand: touch move 614 312
11-01 00:50:02.403  2451  2451 D MonkeyStub: translateCommand: touch up 614 312
11-01 00:50:02.432  2451  2451 D MonkeyStub: translateCommand: touch down 614 1561
11-01 00:50:02.439  2451  2451 D MonkeyStub: translateCommand: touch move 614 1561
11-01 00:50:02.547  2451  2451 D MonkeyStub: translateCommand: touch move 614 1436
11-01 00:50:02.652  2451  2451 D MonkeyStub: translateCommand: touch move 614 1311
11-01 00:50:02.758  2451  2451 D MonkeyStub: translateCommand: touch move 614 1186
11-01 00:50:02.787   600 13557 I ActivityManager: Start proc 2623:com.android.chrome:sandboxed_process27/u0i671 for service com.android.chrome/org.chromium.content.app.SandboxedProcessService27
11-01 00:50:02.860  2623  2623 W boxed_process27: type=1400 audit(0.0:16692): avc: denied { getattr } for path="/data/data/com.android.chrome" dev="dm-2" ino=12190 scontext=u:r:isolated_app:s0:c512,c768 tcontext=u:object_r:app_data_file:s0:c512,c768 tclass=dir permissive=0
11-01 00:50:02.870  2451  2451 D MonkeyStub: translateCommand: touch move 614 1061
11-01 00:50:02.908  2623  2623 I cr_ChildProcessService: Creating new ChildProcessService pid=2623
11-01 00:50:02.977  2451  2451 D MonkeyStub: translateCommand: touch move 614 937
11-01 00:50:02.992  2623  2636 I cr_LibraryLoader: Loaded native library version number "85.0.4183.127"
11-01 00:50:02.992  2623  2636 I cr_CachingUmaRecorder: Flushed 1 samples from 1 histograms.
11-01 00:50:03.027  2636  2636 W CrUtilityMain: type=1400 audit(0.0:16693): avc: denied { setattr } for name="ssl_error_assistant.pb" dev="dm-2" ino=56095 scontext=u:r:isolated_app:s0:c512,c768 tcontext=u:object_r:app_data_file:s0:c512,c768 tclass=file permissive=0
11-01 00:50:03.030  2636  2636 W CrUtilityMain: type=1400 audit(0.0:16694): avc: denied { setattr } for name="manifest.json" dev="dm-2" ino=56118 scontext=u:r:isolated_app:s0:c512,c768 tcontext=u:object_r:app_data_file:s0:c512,c768 tclass=file permissive=0
11-01 00:50:03.034  2636  2636 W CrUtilityMain: type=1400 audit(0.0:16695): avc: denied { setattr } for name="verified_contents.json" dev="dm-2" ino=22870 scontext=u:r:isolated_app:s0:c512,c768 tcontext=u:object_r:app_data_file:s0:c512,c768 tclass=file permissive=0
11-01 00:50:03.049  2623  2623 I cr_ChildProcessService: Destroying ChildProcessService pid=2623
11-01 00:50:03.050  2623  2636 I chromium: [INFO:child_process_service.cc(69)] ChildProcessService: Exiting child process.
11-01 00:50:03.083   600 25704 I ActivityManager: Process com.android.chrome:sandboxed_process27 (pid 2623) has died
11-01 00:50:03.083   600 25704 D ActivityManager: cleanUpApplicationRecord -- 2623
11-01 00:50:03.091  1905  1905 W chromium: [WARNING:compositor_view.cc(315)] Child process died (type=6) pid=2623)
11-01 00:50:03.092  2451  2451 D MonkeyStub: translateCommand: touch move 614 812
11-01 00:50:03.197  2451  2451 D MonkeyStub: translateCommand: touch move 614 687
11-01 00:50:03.307  2451  2451 D MonkeyStub: translateCommand: touch move 614 562
11-01 00:50:03.415  2451  2451 D MonkeyStub: translateCommand: touch move 614 437
11-01 00:50:03.520  2451  2451 D MonkeyStub: translateCommand: touch move 614 312
11-01 00:50:03.526  2451  2451 D MonkeyStub: translateCommand: touch up 614 312
11-01 00:50:03.655  1905  1905 V MediaRouter: Adding route: RouteInfo{ name=Tablet, description=null, status=null, category=RouteCategory{ name=null types=ROUTE_TYPE_LIVE_AUDIO ROUTE_TYPE_LIVE_VIDEO  groupable=false }, supportedTypes=ROUTE_TYPE_LIVE_AUDIO ROUTE_TYPE_LIVE_VIDEO , presentationDisplay=null }
11-01 00:50:03.662  1905  1905 V MediaRouter: Updating audio routes: AudioRoutesInfo{ type=SPEAKER }
11-01 00:50:03.666  1905  1905 V MediaRouter: Selecting route: RouteInfo{ name=Tablet, description=null, status=null, category=RouteCategory{ name=null types=ROUTE_TYPE_LIVE_AUDIO ROUTE_TYPE_LIVE_VIDEO  groupable=false }, supportedTypes=ROUTE_TYPE_LIVE_AUDIO ROUTE_TYPE_LIVE_VIDEO , presentationDisplay=null }
11-01 00:50:03.683  1905  1905 I MediaRouter: Found default route: MediaRouter.RouteInfo{ uniqueId=android/Qf:DEFAULT_ROUTE, name=Tablet, description=null, iconUri=null, enabled=true, connecting=false, connectionState=0, canDisconnect=false, playbackType=0, playbackStream=3, deviceType=0, volumeHandling=1, volume=0, volumeMax=15, presentationDisplayId=-1, extras=null, settingsIntent=null, providerPackageName=android }
11-01 00:50:03.684  1905  1905 I MediaRouter: Unselecting the current route because it is no longer selectable: null
11-01 00:50:03.696  1966  1989 W VideoCapabilities: Unrecognized level 0 for video/x-vnd.on2.vp8
11-01 00:50:03.710  1905  1905 V MediaRouter: Selecting route: RouteInfo{ name=Tablet, description=null, status=null, category=RouteCategory{ name=null types=ROUTE_TYPE_LIVE_AUDIO ROUTE_TYPE_LIVE_VIDEO  groupable=false }, supportedTypes=ROUTE_TYPE_LIVE_AUDIO ROUTE_TYPE_LIVE_VIDEO , presentationDisplay=null }
11-01 00:50:03.724  1905  1962 I libOpenSLES: Emulating old channel mask behavior (ignoring positional mask 0x3, using default mask 0x3 based on channel count of 2)
11-01 00:50:03.725   238  3007 W AudioFlinger: createTrack_l(): mismatch between requested flags (00000008) and output flags (00000006)
11-01 00:50:03.726  1905  1962 D AudioTrack: Client defaulted notificationFrames to 551 for frameCount 1654
11-01 00:50:03.728  1966  1989 I VideoCapabilities: Unsupported profile 4 for video/mp4v-es
11-01 00:50:03.740  1966  1989 W cr_MediaCodecUtil: HW encoder for video/avc is not available on this device.
11-01 00:50:03.762  1966  2646 W VideoCapabilities: Unrecognized level 0 for video/x-vnd.on2.vp8
11-01 00:50:03.774  1966  2646 I VideoCapabilities: Unsupported profile 4 for video/mp4v-es
11-01 00:50:03.903   600   707 I MediaFocusControl:  AudioFocus  requestAudioFocus() from uid/pid 10035/1905 clientId=android.media.AudioManager@691ebb6org.chromium.content.browser.AudioFocusDelegate@6b700b7 req=3 flags=0x0
11-01 00:50:04.249   600 13631 I MediaFocusControl:  AudioFocus  abandonAudioFocus() from uid/pid 10035/1905 clientId=android.media.AudioManager@691ebb6org.chromium.content.browser.AudioFocusDelegate@6b700b7
11-01 00:50:06.005   600 22670 I ActivityManager: Start proc 2648:com.android.chrome:sandboxed_process28/u0i672 for service com.android.chrome/org.chromium.content.app.SandboxedProcessService28
11-01 00:50:06.063  2648  2658 I art     : Background sticky concurrent mark sweep GC freed 7100(285KB) AllocSpace objects, 0(0B) LOS objects, 37% free, 2MB/4MB, paused 5.895ms total 19.503ms
11-01 00:50:06.094  2648  2648 W boxed_process28: type=1400 audit(0.0:16696): avc: denied { getattr } for path="/data/data/com.android.chrome" dev="dm-2" ino=12190 scontext=u:r:isolated_app:s0:c512,c768 tcontext=u:object_r:app_data_file:s0:c512,c768 tclass=dir permissive=0
11-01 00:50:06.151  2648  2648 I cr_ChildProcessService: Creating new ChildProcessService pid=2648
11-01 00:50:06.209  2648  2661 I cr_LibraryLoader: Loaded native library version number "85.0.4183.127"
11-01 00:50:06.210  2648  2661 I cr_CachingUmaRecorder: Flushed 1 samples from 1 histograms.
11-01 00:50:06.227  2661  2661 W CrUtilityMain: type=1400 audit(0.0:16697): avc: denied { setattr } for name="safety_tips.pb" dev="dm-2" ino=22928 scontext=u:r:isolated_app:s0:c512,c768 tcontext=u:object_r:app_data_file:s0:c512,c768 tclass=file permissive=0
11-01 00:50:06.227  2661  2661 W CrUtilityMain: type=1400 audit(0.0:16698): avc: denied { setattr } for name="manifest.json" dev="dm-2" ino=23113 scontext=u:r:isolated_app:s0:c512,c768 tcontext=u:object_r:app_data_file:s0:c512,c768 tclass=file permissive=0
11-01 00:50:06.227  2661  2661 W CrUtilityMain: type=1400 audit(0.0:16699): avc: denied { setattr } for name="verified_contents.json" dev="dm-2" ino=22918 scontext=u:r:isolated_app:s0:c512,c768 tcontext=u:object_r:app_data_file:s0:c512,c768 tclass=file permissive=0
11-01 00:50:06.246  2648  2648 I cr_ChildProcessService: Destroying ChildProcessService pid=2648
11-01 00:50:06.247  2648  2661 I chromium: [INFO:child_process_service.cc(69)] ChildProcessService: Exiting child process.
11-01 00:50:06.276   600  3994 I ActivityManager: Process com.android.chrome:sandboxed_process28 (pid 2648) has died
11-01 00:50:06.276   600  3994 D ActivityManager: cleanUpApplicationRecord -- 2648
11-01 00:50:06.284  1905  1905 W chromium: [WARNING:compositor_view.cc(315)] Child process died (type=6) pid=2648)
11-01 00:50:07.443  1905  1915 I art     : Background sticky concurrent mark sweep GC freed 73639(2MB) AllocSpace objects, 0(0B) LOS objects, 13% free, 17MB/20MB, paused 640us total 101.975ms
11-01 00:50:07.566  2451  2451 D MonkeyStub: translateCommand: touch down 614 1561
11-01 00:50:07.586  2451  2451 D MonkeyStub: translateCommand: touch move 614 1561
11-01 00:50:07.613   600   609 I art     : Background partial concurrent mark sweep GC freed 43929(2MB) AllocSpace objects, 15(380KB) LOS objects, 33% free, 17MB/25MB, paused 5.362ms total 178.344ms
11-01 00:50:07.692  2451  2451 D MonkeyStub: translateCommand: touch move 614 1436
11-01 00:50:07.802  2451  2451 D MonkeyStub: translateCommand: touch move 614 1311
11-01 00:50:07.915  2451  2451 D MonkeyStub: translateCommand: touch move 614 1186
11-01 00:50:08.020  2451  2451 D MonkeyStub: translateCommand: touch move 614 1061
11-01 00:50:08.127  2451  2451 D MonkeyStub: translateCommand: touch move 614 937
11-01 00:50:08.236  2451  2451 D MonkeyStub: translateCommand: touch move 614 812
11-01 00:50:08.346  2451  2451 D MonkeyStub: translateCommand: touch move 614 687
