--------- beginning of main
11-02 01:17:02.389  8261  8261 D AndroidRuntime: >>>>>> START com.android.internal.os.RuntimeInit uid 2000 <<<<<<
11-02 01:17:02.392  8261  8261 D AndroidRuntime: CheckJNI is OFF
11-02 01:17:02.456  8261  8261 D ICU     : No timezone override file found: /data/misc/zoneinfo/current/icu/icu_tzdata.dat
11-02 01:17:02.485  8261  8261 I Radio-JNI: register_android_hardware_Radio DONE
11-02 01:17:02.499  8261  8261 D AndroidRuntime: Calling main entry com.android.commands.am.Am
--------- beginning of system
11-02 01:17:02.516   601   612 I ActivityManager: Force stopping com.android.chrome appid=10035 user=0: from pid 8261
11-02 01:17:02.516   601   612 I ActivityManager: Killing 5810:com.android.chrome/u0a35 (adj 900): stop com.android.chrome
11-02 01:17:02.516   601   612 D ActivityManager: cleanUpApplicationRecord -- 5810
11-02 01:17:02.530  1052  1052 D RegisteredNfcFServicesCache: Service unchanged, not updating
11-02 01:17:02.772   601   660 I ActivityManager: START u0 {act=android.intent.action.VIEW flg=0x10008000 cmp=com.android.chrome/com.google.android.apps.chrome.Main} from uid 2000 on display 0
11-02 01:17:02.803  8261  8261 D AndroidRuntime: Shutting down VM
11-02 01:17:02.842   601  1452 I ActivityManager: Start proc 8271:com.android.chrome/u0a35 for activity com.android.chrome/com.google.android.apps.chrome.Main
11-02 01:17:02.990   601  2013 I ActivityManager: START u0 {cmp=com.android.chrome/org.chromium.chrome.browser.firstrun.TabbedModeFirstRunActivity (has extras)} from uid 10035 on display 0
11-02 01:17:02.999  8271  8288 W DynamiteModule: Local module descriptor class for com.google.android.gms.googlecertificates not found.
11-02 01:17:03.054  8271  8288 I DynamiteModule: Considering local module com.google.android.gms.googlecertificates:0 and remote module com.google.android.gms.googlecertificates:6
11-02 01:17:03.054  8271  8288 I DynamiteModule: Selected remote version of com.google.android.gms.googlecertificates, version >= 6
11-02 01:17:03.190  8271  8288 W System  : ClassLoader referenced unknown path: 
11-02 01:17:03.194  8271  8288 D ApplicationLoaders: ignored Vulkan layer search path /data/app/com.google.android.gms-1/lib/arm:/data/app/com.google.android.gms-1/base.apk!/lib/armeabi-v7a:/data/app/com.google.android.gms-1/split_config.en.apk!/lib/armeabi-v7a for namespace 0xf3881090
11-02 01:17:03.214  8271  8290 I OpenGLRenderer: Initialized EGL, version 1.4
11-02 01:17:03.214  8271  8290 D OpenGLRenderer: Swap behavior 2
11-02 01:17:03.220  8271  8288 W ResourceType: ResTable_typeSpec entry count inconsistent: given 67, previously 69
11-02 01:17:03.224  8271  8289 I cr_LibraryLoader: Loaded native library version number "85.0.4183.127"
11-02 01:17:03.225  8271  8289 I cr_CachingUmaRecorder: Flushed 10 samples from 10 histograms.
11-02 01:17:03.228  8271  8288 W ResourceType: ResTable_typeSpec entry count inconsistent: given 5346, previously 5347
11-02 01:17:03.250  8271  8288 I DynamiteLoaderV2Impl: [70] Googlecertificates
11-02 01:17:03.263  8271  8288 W System  : ClassLoader referenced unknown path: /data/user_de/0/com.google.android.gms/app_chimera/m/00000061/n/armeabi-v7a
11-02 01:17:03.263  8271  8288 W System  : ClassLoader referenced unknown path: /data/user_de/0/com.google.android.gms/app_chimera/m/00000061/n/armeabi
11-02 01:17:03.372   601   621 I ActivityManager: Displayed com.android.chrome/org.chromium.chrome.browser.firstrun.TabbedModeFirstRunActivity: +330ms (total +569ms)
11-02 01:17:03.380  8271  8285 D NetworkSecurityConfig: Using Network Security Config from resource 0_resource_name_obfuscated debugBuild: false
11-02 01:17:03.389   601   621 W WindowManager: Failed looking up window
11-02 01:17:03.389   601   621 W WindowManager: java.lang.IllegalArgumentException: Requested window android.view.ViewRootImpl$W@122b9da does not exist
11-02 01:17:03.389   601   621 W WindowManager: 	at com.android.server.wm.WindowManagerService.windowForClientLocked(WindowManagerService.java:9422)
11-02 01:17:03.389   601   621 W WindowManager: 	at com.android.server.wm.WindowManagerService.windowForClientLocked(WindowManagerService.java:9413)
11-02 01:17:03.389   601   621 W WindowManager: 	at com.android.server.wm.WindowManagerService.removeWindow(WindowManagerService.java:2393)
11-02 01:17:03.389   601   621 W WindowManager: 	at com.android.server.wm.Session.remove(Session.java:202)
11-02 01:17:03.389   601   621 W WindowManager: 	at android.view.ViewRootImpl.dispatchDetachedFromWindow(ViewRootImpl.java:3290)
11-02 01:17:03.389   601   621 W WindowManager: 	at android.view.ViewRootImpl.doDie(ViewRootImpl.java:5917)
11-02 01:17:03.389   601   621 W WindowManager: 	at android.view.ViewRootImpl$ViewRootHandler.handleMessage(ViewRootImpl.java:3626)
11-02 01:17:03.389   601   621 W WindowManager: 	at android.os.Handler.dispatchMessage(Handler.java:102)
11-02 01:17:03.389   601   621 W WindowManager: 	at android.os.Looper.loop(Looper.java:154)
11-02 01:17:03.389   601   621 W WindowManager: 	at android.os.HandlerThread.run(HandlerThread.java:61)
11-02 01:17:03.389   601   621 W WindowManager: 	at com.android.server.ServiceThread.run(ServiceThread.java:46)
11-02 01:17:03.397   785  1696 I FontLog : Received query Google Sans, URI content://com.google.android.gms.fonts [CONTEXT service_id=132 ]
11-02 01:17:03.397   785  1696 I FontLog : Query [Google Sans] resolved to {Google Sans, wdth 100.0, wght 400, ital 0.0, bestEffort false} [CONTEXT service_id=132 ]
11-02 01:17:03.398   785  1696 I FontLog : Font PFD returned from cache for {Google Sans, wdth 100.0, wght 400, ital 0.0, bestEffort false} [CONTEXT service_id=132 ]
11-02 01:17:03.398   785  1696 I FontLog : Fetch {Google Sans, wdth 100.0, wght 400, ital 0.0, bestEffort false} end status Status{statusCode=SUCCESS, resolution=null} [CONTEXT service_id=132 ]
11-02 01:17:03.407   785   798 I FontLog : Pulling font file for id = 27, cache size = 5 [CONTEXT service_id=132 ]
11-02 01:17:03.432   785  1706 I FontLog : Received query Google Sans:500, URI content://com.google.android.gms.fonts [CONTEXT service_id=132 ]
11-02 01:17:03.432   785  1706 I FontLog : Query [Google Sans:500] resolved to {Google Sans, wdth 100.0, wght 500, ital 0.0, bestEffort false} [CONTEXT service_id=132 ]
11-02 01:17:03.434   785  1706 I FontLog : Font PFD returned from cache for {Google Sans, wdth 100.0, wght 500, ital 0.0, bestEffort false} [CONTEXT service_id=132 ]
11-02 01:17:03.434   785  1706 I FontLog : Fetch {Google Sans, wdth 100.0, wght 500, ital 0.0, bestEffort false} end status Status{statusCode=SUCCESS, resolution=null} [CONTEXT service_id=132 ]
11-02 01:17:03.442   785  1710 I FontLog : Pulling font file for id = 28, cache size = 6 [CONTEXT service_id=132 ]
11-02 01:17:03.451   785  1229 E apju    : Phenotype API error. Event # cdub@d93548fb, EventCode: 7 [CONTEXT service_id=51 ]
11-02 01:17:03.451   785  1229 E apju    : apiz: 29505: No config packages for log source, or config package not registered
11-02 01:17:03.451   785  1229 E apju    : 	at apkj.b(:com.google.android.gms@203915020@20.39.15 (040406-335085812):7)
11-02 01:17:03.451   785  1229 E apju    : 	at apkg.b(:com.google.android.gms@203915020@20.39.15 (040406-335085812):2)
11-02 01:17:03.451   785  1229 E apju    : 	at apju.a(:com.google.android.gms@203915020@20.39.15 (040406-335085812):85)
11-02 01:17:03.451   785  1229 E apju    : 	at apju.a(:com.google.android.gms@203915020@20.39.15 (040406-335085812):80)
11-02 01:17:03.451   785  1229 E apju    : 	at aain.run(:com.google.android.gms@203915020@20.39.15 (040406-335085812):7)
11-02 01:17:03.451   785  1229 E apju    : 	at boex.run(:com.google.android.gms@203915020@20.39.15 (040406-335085812):2)
11-02 01:17:03.451   785  1229 E apju    : 	at sup.b(:com.google.android.gms@203915020@20.39.15 (040406-335085812):12)
11-02 01:17:03.451   785  1229 E apju    : 	at sup.run(:com.google.android.gms@203915020@20.39.15 (040406-335085812):7)
11-02 01:17:03.451   785  1229 E apju    : 	at java.util.concurrent.ThreadPoolExecutor.runWorker(ThreadPoolExecutor.java:1133)
11-02 01:17:03.451   785  1229 E apju    : 	at java.util.concurrent.ThreadPoolExecutor$Worker.run(ThreadPoolExecutor.java:607)
11-02 01:17:03.451   785  1229 E apju    : 	at tam.run(:com.google.android.gms@203915020@20.39.15 (040406-335085812):0)
11-02 01:17:03.451   785  1229 E apju    : 	at java.lang.Thread.run(Thread.java:761)
11-02 01:17:03.455   785  1229 E AsyncOperation: serviceID=51, operation=GetExperimentTokensOperationCall [CONTEXT service_id=259 ]
11-02 01:17:03.455   785  1229 E AsyncOperation: OperationException[Status{statusCode=No config packages for log source, or config package not registered, resolution=null}]
11-02 01:17:03.455   785  1229 E AsyncOperation: 	at apju.a(:com.google.android.gms@203915020@20.39.15 (040406-335085812):87)
11-02 01:17:03.455   785  1229 E AsyncOperation: 	at apju.a(:com.google.android.gms@203915020@20.39.15 (040406-335085812):80)
11-02 01:17:03.455   785  1229 E AsyncOperation: 	at aain.run(:com.google.android.gms@203915020@20.39.15 (040406-335085812):7)
11-02 01:17:03.455   785  1229 E AsyncOperation: 	at boex.run(:com.google.android.gms@203915020@20.39.15 (040406-335085812):2)
11-02 01:17:03.455   785  1229 E AsyncOperation: 	at sup.b(:com.google.android.gms@203915020@20.39.15 (040406-335085812):12)
11-02 01:17:03.455   785  1229 E AsyncOperation: 	at sup.run(:com.google.android.gms@203915020@20.39.15 (040406-335085812):7)
11-02 01:17:03.455   785  1229 E AsyncOperation: 	at java.util.concurrent.ThreadPoolExecutor.runWorker(ThreadPoolExecutor.java:1133)
11-02 01:17:03.455   785  1229 E AsyncOperation: 	at java.util.concurrent.ThreadPoolExecutor$Worker.run(ThreadPoolExecutor.java:607)
11-02 01:17:03.455   785  1229 E AsyncOperation: 	at tam.run(:com.google.android.gms@203915020@20.39.15 (040406-335085812):0)
11-02 01:17:03.455   785  1229 E AsyncOperation: 	at java.lang.Thread.run(Thread.java:761)
11-02 01:17:03.609  3002  8180 I DeviceStateChecker: DeviceStateChecker cancelled
11-02 01:17:03.611  3002  3002 I MicroDetector: Keeping mic open: false
11-02 01:17:03.611  3002  3062 I AudioController: internalShutdown
11-02 01:17:03.611  3002  3062 I MicrophoneInputStream: mic_close com.google.android.apps.gsa.speech.audio.ae@abfd417
11-02 01:17:03.612  3002  3861 I MicroRecognitionRunner: Stopping hotword detection.
11-02 01:17:03.621   237   285 I SoundTriggerHwService::Module: void android::SoundTriggerHwService::Module::onCallbackEvent(const sp<android::SoundTriggerHwService::CallbackEvent> &) mClient == 0
11-02 01:17:03.625  3002  8179 I MicroRecognitionRunner: Detection finished
11-02 01:17:03.732  8271  8285 I cr_VariationsSeedFetch: Fetched first run seed in 357 ms
11-02 01:17:03.758   601   612 I ActivityManager: Start proc 8305:com.android.chrome:sandboxed_process0/u0i93 for service com.android.chrome/org.chromium.content.app.SandboxedProcessService0
11-02 01:17:03.813   601   614 I ProcessStatsService: Prepared write state in 6ms
11-02 01:17:03.835  8305  8305 W dboxed_process0: type=1400 audit(0.0:220): avc: denied { getattr } for path="/data/data/com.android.chrome" dev="dm-2" ino=12190 scontext=u:r:isolated_app:s0:c512,c768 tcontext=u:object_r:app_data_file:s0:c512,c768 tclass=dir permissive=0
11-02 01:17:03.860  8305  8305 I cr_ChildProcessService: Creating new ChildProcessService pid=8305
11-02 01:17:03.906   601   613 I ProcessStatsService: Pruning old procstats: /data/system/procstats/state-2022-11-01-00-04-01.bin
11-02 01:17:03.985   601   660 I ActivityManager: Start proc 8332:com.android.chrome:privileged_process0/u0a35 for service com.android.chrome/org.chromium.content.app.PrivilegedProcessService0
11-02 01:17:04.082  8332  8332 I cr_ChildProcessService: Creating new ChildProcessService pid=8332
11-02 01:17:04.096  8271  8292 W ConnectionStatusConfig: Dynamic lookup for intent failed for action: com.google.android.gms.auth.key.retrieval.service.START
11-02 01:17:04.127  8271  8292 W ConnectionStatusConfig: Dynamic lookup for intent failed for action: com.google.android.gms.auth.key.retrieval.service.START
11-02 01:17:04.130   601   612 W ActivityManager: Unable to start service Intent { act=com.google.android.gms.auth.key.retrieval.service.START pkg=com.google.android.gms } U=0: not found
11-02 01:17:04.131  8332  8348 I cr_LibraryLoader: Loaded native library version number "85.0.4183.127"
11-02 01:17:04.131  8332  8348 I cr_CachingUmaRecorder: Flushed 1 samples from 1 histograms.
11-02 01:17:04.136   601   660 W ActivityManager: Unbind failed: could not find connection for android.os.BinderProxy@ecbab16
11-02 01:17:04.136  8271  8292 E GmsClient: unable to connect to service: com.google.android.gms.auth.key.retrieval.service.START on com.google.android.gms
11-02 01:17:04.144  8332  8348 E libEGL  : validate_display:99 error 3008 (EGL_BAD_DISPLAY)
11-02 01:17:04.159  8271  8271 W cr_KnoxSettingsProvider: Permission to read device policy denied.
11-02 01:17:13.635   601   648 I WifiHAL : Got channel list with 13 channels
11-02 01:17:13.640   601   648 I WifiHAL : Got channel list with 4 channels
11-02 01:17:13.641   601   648 I WifiHAL : Got channel list with 15 channels
11-02 01:17:15.525  8376  8376 D AndroidRuntime: >>>>>> START com.android.internal.os.RuntimeInit uid 2000 <<<<<<
11-02 01:17:15.529  8376  8376 D AndroidRuntime: CheckJNI is OFF
11-02 01:17:15.594  8376  8376 D ICU     : No timezone override file found: /data/misc/zoneinfo/current/icu/icu_tzdata.dat
11-02 01:17:15.625  8376  8376 I Radio-JNI: register_android_hardware_Radio DONE
11-02 01:17:15.639  8376  8376 D AndroidRuntime: Calling main entry com.android.commands.monkey.Monkey
11-02 01:17:15.704   601   614 W BroadcastQueue: Skipping deliver [background] BroadcastRecord{fb9b1d9 u-1 android.net.conn.CONNECTIVITY_CHANGE} to ReceiverList{d17079e 8376 (unknown name)/2000/u-1 remote:8a8a723}: process crashing
11-02 01:17:17.339  8376  8376 D MonkeyStub: translateCommand: wake
11-02 01:17:17.440  8376  8376 D MonkeyStub: translateCommand: tap 398 1198
11-02 01:17:19.538  8376  8376 D MonkeyStub: translateCommand: tap 720 1506
11-02 01:17:19.718  1244  1664 I PeopleChimeraService: onService. callbacks = aaik@c7ef4ae, request = com.google.android.gms.common.internal.GetServiceRequest@d2f624f
11-02 01:17:19.722  1244  1261 I PeopleChimeraService: onService. callbacks = aaik@16ceee5, request = com.google.android.gms.common.internal.GetServiceRequest@649adba
11-02 01:17:21.588  8376  8376 D MonkeyStub: translateCommand: tap 355 1480
11-02 01:17:21.605  8376  8376 D MonkeyStub: Quit requested
11-02 01:17:21.632   601   611 I ActivityManager: START u0 {act=android.intent.action.VIEW flg=0x10008000 cmp=com.android.chrome/com.google.android.apps.chrome.Main (has extras)} from uid 10035 on display 0
11-02 01:17:21.667   601   615 I CwMcuSensor: CwMcuSensor::flush: fd = 236, sensors_id = 0, path = /sys/class/htc_sensorhub/sensor_hub/flush, err = 0
11-02 01:17:21.803  8376  8376 I art     : System.exit called, status: 6
11-02 01:17:21.803  8376  8376 I AndroidRuntime: VM exiting with result code 6.
11-02 01:17:21.844   601  4276 W WindowManager: Attempted to remove non-existing token: android.os.Binder@954927f
11-02 01:17:21.856  8271  8271 E cr_CompositorSurfaceMgr: Transitioning to surface with format : -1
11-02 01:17:21.860   601   610 I art     : Background partial concurrent mark sweep GC freed 32749(1777KB) AllocSpace objects, 9(232KB) LOS objects, 33% free, 13MB/20MB, paused 3.417ms total 135.101ms
11-02 01:17:21.945  8271  8327 W cr_tabmodel: Starting to perform legacy migration.
11-02 01:17:21.946  8271  8327 W cr_tabmodel: Finished performing legacy migration.
11-02 01:17:21.946  8271  8327 W cr_tabmodel: Starting to perform multi-instance migration.
11-02 01:17:21.946  8271  8327 W cr_tabmodel: Finished performing multi-instance migration.
11-02 01:17:21.947  8271  8327 I cr_tabmodel: Starting to fetch tab list for tab_state0
11-02 01:17:21.947  8271  8327 I cr_tabmodel: State file does not exist.
11-02 01:17:21.948  8271  8327 I cr_tabmodel: Starting to fetch tab list for tab_state1
11-02 01:17:21.948  8271  8327 I cr_tabmodel: State file does not exist.
11-02 01:17:21.985  8271  8327 I cr_ADCP : No customization source found
11-02 01:17:22.036   601   832 E BatteryStatsService: power: Missing API
11-02 01:17:22.048   799   799 E PhoneInterfaceManager: [PhoneIntfMgr] queryModemActivityInfo: Empty response
11-02 01:17:22.048   601   832 E BatteryStatsService: no controller energy info supplied
11-02 01:17:22.052   601   832 E BatteryStatsService: modem info is invalid: ModemActivityInfo{ mTimestamp=0 mSleepTimeMs=0 mIdleTimeMs=0 mTxTimeMs[]=[0, 0, 0, 0, 0] mRxTimeMs=0 mEnergyUsed=0}
11-02 01:17:22.071   601   621 I ActivityManager: Displayed com.android.chrome/com.google.android.apps.chrome.Main: +375ms
11-02 01:17:22.102  8271  8290 D OpenGLRenderer: endAllActiveAnimators on 0xd3aaaf00 (InsetDrawable) with handle 0xd1974bc0
11-02 01:17:22.107  8271  8271 E cr_CompositorSurfaceMgr: Transitioning to surface with format : -1
11-02 01:17:22.114  8271  8271 E cr_CompositorSurfaceMgr: surfaceCreated format : 0
11-02 01:17:22.119  8271  8271 I cr_ContextualSearch: Tap suppression enabled: false
11-02 01:17:22.123  8271  8271 I cr_ChromeTabbedActivity: #initializeState
11-02 01:17:22.123  8271  8271 I cr_CipherFactory: #restoreFromBundle, no savedInstanceState.
11-02 01:17:22.123  8271  8271 I cr_tabmodel: #loadState, ignoreIncognitoFiles? true
11-02 01:17:22.339  8271  8271 I SchedulerApiWrapper: Create SchedulerApiMainThreadWrapper
11-02 01:17:22.350  8271  8271 I FeedSessionManagerImpl: FeedSessionManagerImpl has been created
11-02 01:17:22.351  8271  8271 I FeedAppLifecycleLstnr: onEnterForeground called
11-02 01:17:22.352  8271  8271 I FeedSessionManagerImpl: onLifecycleEvent foreground
11-02 01:17:22.352  8271  8271 I FeedSessionManagerImpl: Lazy initialization triggered, getUpdateConsumer
11-02 01:17:22.353  8271  8327 I TaskQueue: Execute task [IMMEDIATE - d: true, b: 0]: 30
11-02 01:17:22.355  8271  8271 I FeedRequestManagerImpl: trigger refresh 2
11-02 01:17:22.356  8271  8271 I TaskQueue:  - task [HEAD_INVALIDATE - d: true, b: 0]: 26
11-02 01:17:22.356  8271  8271 I FeedAppLifecycleLstnr: initialize called
11-02 01:17:22.356  8271  8271 I FeedSessionManagerImpl: onLifecycleEvent initialize
11-02 01:17:22.356  8271  8271 W FeedSessionManagerImpl: FeedSessionManagerImpl has previously been initialized
11-02 01:17:22.385  8271  8271 I ViewConfigCompat: Could not find method getScaledScrollFactor() on ViewConfiguration
11-02 01:17:22.389  8271  8271 I BasicStream: Setting 2 header views, currently have 0 headers
11-02 01:17:22.392  8271  8271 I BasicStream: Setting 2 header views, currently have 2 headers
11-02 01:17:22.447   601   620 D BluetoothManagerService: Message: 20
11-02 01:17:22.447   601   620 D BluetoothManagerService: Added callback: android.bluetooth.IBluetoothManagerCallback$Stub$Proxy@58bb198:true
11-02 01:17:22.467  8271  8271 E cr_IntentUtils: getBooleanExtra failed on intent null
11-02 01:17:22.484  8305  8318 I cr_LibraryLoader: Loaded native library version number "85.0.4183.127"
11-02 01:17:22.484  8305  8318 I cr_CachingUmaRecorder: Flushed 1 samples from 1 histograms.
11-02 01:17:22.488  8271  8271 I TimeoutSessionImpl: Using TimeoutSessionImpl
11-02 01:17:22.488  8271  8271 I FeedSessionManagerImpl: Delaying populateSession until initialization is finished
11-02 01:17:22.488  8271  8271 I TaskQueue:  - task [IMMEDIATE - d: true, b: 1]: 13
11-02 01:17:22.494  8271  8271 I MainThreadRunner: Running task [BasicStream onShow] on the Main Thread with a delay of 500 milliseconds
11-02 01:17:22.575   601   611 I ActivityManager: Start proc 8408:com.android.chrome:sandboxed_process1/u0i94 for service com.android.chrome/org.chromium.content.app.SandboxedProcessService1
11-02 01:17:22.590  8271  8327 W SessionCache: Persisted Sessions were not found
11-02 01:17:22.590  8271  8327 I HeadSessionImpl: Initialize HEAD 0 items
11-02 01:17:22.591  8271  8327 I TaskQueue:  - task [BACKGROUND - d: true, b: 2]: 11
11-02 01:17:22.591  8271  8327 I TimingUtils: Task Timing 236ms, thread JardinExecutor | task : Initialization
11-02 01:17:22.592  8271  8327 I TaskQueue:  - Finished 30, time 238 ms
11-02 01:17:22.592  8271  8327 I TaskQueue: Execute task [HEAD_INVALIDATE - d: true, b: 2]: 26
11-02 01:17:22.593  8271  8327 I TimingUtils: Task Timing   0ms, thread JardinExecutor | task : getAllDismissLocalActions | size : 0
11-02 01:17:22.593  8271  8327 I TimingUtils: Task Timing   0ms, thread JardinExecutor | task : getSemanticProperties | size : 0
11-02 01:17:22.593  8271  8327 I MainThreadRunner: Running task [Check Tooltips] on the Main Thread
11-02 01:17:22.593  8271  8327 I TaskQueue:  * Starting starvation checks
11-02 01:17:22.594  8271  8327 I MainThreadRunner: Running task [starvationChecks] on the Main Thread with a delay of 6000 milliseconds
11-02 01:17:22.594  8271  8327 I TaskQueue:  - Finished 26, time 2 ms
11-02 01:17:22.594  8271  8327 I TaskQueue: Execute task [IMMEDIATE - d: true, b: 1]: 13
11-02 01:17:22.594  8271  8327 I FeedSessionManagerImpl: shouldSessionRequestData; hasContent(false), contentCreationTime(0), outstandingRequest(true)
11-02 01:17:22.594  8271  8327 I MainThreadRunner: Running task [SchedulerApiWrapper shouldSessionRequestData] on the Main Thread
11-02 01:17:22.604  8271  8281 I art     : Background partial concurrent mark sweep GC freed 10416(735KB) AllocSpace objects, 4(612KB) LOS objects, 39% free, 7MB/12MB, paused 21.994ms total 130.727ms
11-02 01:17:22.635   601   819 W ActivityManager: Slow operation: 53ms so far, now at startProcess: returned from zygote!
11-02 01:17:22.635   601   819 W ActivityManager: Slow operation: 53ms so far, now at startProcess: done updating battery stats
11-02 01:17:22.635   601   819 W ActivityManager: Slow operation: 53ms so far, now at startProcess: building log message
11-02 01:17:22.635   601   819 I ActivityManager: Start proc 8414:com.android.chrome:sandboxed_process2/u0i95 for service com.android.chrome/org.chromium.content.app.SandboxedProcessService2
11-02 01:17:22.635   601   819 W ActivityManager: Slow operation: 53ms so far, now at startProcess: starting to update pids map
11-02 01:17:22.635   601   819 W ActivityManager: Slow operation: 53ms so far, now at startProcess: done updating pids map
11-02 01:17:22.635   601   819 W ActivityManager: Slow operation: 53ms so far, now at startProcess: done starting proc!
11-02 01:17:22.685   601  3864 I ActivityManager: Start proc 8432:com.android.chrome:sandboxed_process3/u0i96 for service com.android.chrome/org.chromium.content.app.SandboxedProcessService3
11-02 01:17:22.725   601  4276 I ActivityManager: Start proc 8444:com.android.chrome:sandboxed_process4/u0i97 for service com.android.chrome/org.chromium.content.app.SandboxedProcessService4
11-02 01:17:22.801  8408  8408 W dboxed_process1: type=1400 audit(0.0:221): avc: denied { getattr } for path="/data/data/com.android.chrome" dev="dm-2" ino=12190 scontext=u:r:isolated_app:s0:c512,c768 tcontext=u:object_r:app_data_file:s0:c512,c768 tclass=dir permissive=0
11-02 01:17:22.823   601  7042 W ActivityManager: Slow operation: 91ms so far, now at startProcess: returned from zygote!
11-02 01:17:22.823   601  7042 W ActivityManager: Slow operation: 91ms so far, now at startProcess: done updating battery stats
11-02 01:17:22.823   601  7042 W ActivityManager: Slow operation: 91ms so far, now at startProcess: building log message
11-02 01:17:22.823   601  7042 I ActivityManager: Start proc 8465:com.android.chrome:sandboxed_process5/u0i98 for service com.android.chrome/org.chromium.content.app.SandboxedProcessService5
11-02 01:17:22.823   601  7042 W ActivityManager: Slow operation: 91ms so far, now at startProcess: starting to update pids map
11-02 01:17:22.823   601  7042 W ActivityManager: Slow operation: 91ms so far, now at startProcess: done updating pids map
11-02 01:17:22.823   601  7042 W ActivityManager: Slow operation: 91ms so far, now at startProcess: done starting proc!
11-02 01:17:22.892   601  2013 W ActivityManager: Slow operation: 54ms so far, now at startProcess: returned from zygote!
11-02 01:17:22.893   601  2013 W ActivityManager: Slow operation: 55ms so far, now at startProcess: done updating battery stats
11-02 01:17:22.893   601  2013 W ActivityManager: Slow operation: 55ms so far, now at startProcess: building log message
11-02 01:17:22.893   601  2013 I ActivityManager: Start proc 8476:com.android.chrome:sandboxed_process6/u0i99 for service com.android.chrome/org.chromium.content.app.SandboxedProcessService6
11-02 01:17:22.893   601  2013 W ActivityManager: Slow operation: 55ms so far, now at startProcess: starting to update pids map
11-02 01:17:22.893   601  2013 W ActivityManager: Slow operation: 55ms so far, now at startProcess: done updating pids map
11-02 01:17:22.893   601  2013 W ActivityManager: Slow operation: 55ms so far, now at startProcess: done starting proc!
11-02 01:17:22.921  8271  8271 I PlayCore: UID: [10035]  PID: [8271] SplitInstallService : deferredInstall([image_editor])
11-02 01:17:22.951  8408  8408 I cr_ChildProcessService: Creating new ChildProcessService pid=8408
11-02 01:17:22.961   601  7042 W ActivityManager: Slow operation: 65ms so far, now at startProcess: returned from zygote!
11-02 01:17:22.961   601  7042 W ActivityManager: Slow operation: 65ms so far, now at startProcess: done updating battery stats
11-02 01:17:22.961   601  7042 W ActivityManager: Slow operation: 65ms so far, now at startProcess: building log message
11-02 01:17:22.961   601  7042 I ActivityManager: Start proc 8489:com.android.chrome:sandboxed_process7/u0i100 for service com.android.chrome/org.chromium.content.app.SandboxedProcessService7
11-02 01:17:22.961   601  7042 W ActivityManager: Slow operation: 65ms so far, now at startProcess: starting to update pids map
11-02 01:17:22.961   601  7042 W ActivityManager: Slow operation: 65ms so far, now at startProcess: done updating pids map
11-02 01:17:22.961   601  7042 W ActivityManager: Slow operation: 66ms so far, now at startProcess: done starting proc!
11-02 01:17:22.968  8444  8444 W dboxed_process4: type=1400 audit(0.0:222): avc: denied { getattr } for path="/data/data/com.android.chrome" dev="dm-2" ino=12190 scontext=u:r:isolated_app:s0:c512,c768 tcontext=u:object_r:app_data_file:s0:c512,c768 tclass=dir permissive=0
11-02 01:17:22.998  8414  8414 W dboxed_process2: type=1400 audit(0.0:223): avc: denied { getattr } for path="/data/data/com.android.chrome" dev="dm-2" ino=12190 scontext=u:r:isolated_app:s0:c512,c768 tcontext=u:object_r:app_data_file:s0:c512,c768 tclass=dir permissive=0
11-02 01:17:23.011   601  1452 I ActivityManager: Start proc 8504:com.android.chrome:sandboxed_process8/u0i101 for service com.android.chrome/org.chromium.content.app.SandboxedProcessService8
11-02 01:17:23.041  8432  8432 W dboxed_process3: type=1400 audit(0.0:224): avc: denied { getattr } for path="/data/data/com.android.chrome" dev="dm-2" ino=12190 scontext=u:r:isolated_app:s0:c512,c768 tcontext=u:object_r:app_data_file:s0:c512,c768 tclass=dir permissive=0
11-02 01:17:23.104  8271  8486 I PlayCore: UID: [10035]  PID: [8271] SplitInstallService : Initiate binding to the service.
11-02 01:17:23.105   601  4276 W ActivityManager: Unable to start service Intent { act=com.google.android.play.core.splitinstall.BIND_SPLIT_INSTALL_SERVICE pkg=com.android.vending } U=0: not found
11-02 01:17:23.115  8271  8271 I Choreographer: Skipped 62 frames!  The application may be doing too much work on its main thread.
11-02 01:17:23.170  8444  8444 I cr_ChildProcessService: Creating new ChildProcessService pid=8444
11-02 01:17:23.234  8414  8414 I cr_ChildProcessService: Creating new ChildProcessService pid=8414
11-02 01:17:23.254  8271  8271 I TaskQueue:  - task [IMMEDIATE - d: true, b: 1]: 27
11-02 01:17:23.254  8271  8327 I FeedSessionManagerImpl: shouldSessionRequestDataResult: NO_REQUEST_WITH_WAIT, shouldMakeRequest(false), withTimeout(false), withAppend(false)
11-02 01:17:23.255  8271  8327 I TaskQueue:  - task [USER_FACING - d: true, b: 2]: 24
11-02 01:17:23.255  8271  8327 I TaskQueue:  - Finished 13, time 661 ms
11-02 01:17:23.255  8271  8327 I TaskQueue: Execute task [IMMEDIATE - d: true, b: 2]: 27
11-02 01:17:23.257  8271  8327 I FeedRequestManagerImpl: Consistency Token: # hU2@7bca4
11-02 01:17:23.265  8465  8465 W dboxed_process5: type=1400 audit(0.0:225): avc: denied { getattr } for path="/data/data/com.android.chrome" dev="dm-2" ino=12190 scontext=u:r:isolated_app:s0:c512,c768 tcontext=u:object_r:app_data_file:s0:c512,c768 tclass=dir permissive=0
11-02 01:17:23.287  8271  8327 I FeedRequestManagerImpl: Capability: FEED_UI
11-02 01:17:23.287  8271  8327 I FeedRequestManagerImpl: Capability: UNDOABLE_ACTIONS
11-02 01:17:23.287  8271  8327 I FeedRequestManagerImpl: Capability: MANAGE_INTERESTS
11-02 01:17:23.287  8271  8327 I FeedRequestManagerImpl: Capability: SEND_FEEDBACK
11-02 01:17:23.287  8271  8327 I FeedRequestManagerImpl: Capability: ARTICLE_SNIPPETS
11-02 01:17:23.287  8271  8327 I FeedRequestManagerImpl: Capability: CLICK_ACTION
11-02 01:17:23.287  8271  8327 I FeedRequestManagerImpl: Capability: VIEW_ACTION
11-02 01:17:23.287  8271  8327 I FeedRequestManagerImpl: Capability: REPORT_FEED_USER_ACTIONS_NOTICE_CARD
11-02 01:17:23.287  8271  8327 I FeedRequestManagerImpl: Capability: BASE_UI
11-02 01:17:23.295  8432  8432 I cr_ChildProcessService: Creating new ChildProcessService pid=8432
11-02 01:17:23.348  8489  8489 W dboxed_process7: type=1400 audit(0.0:226): avc: denied { getattr } for path="/data/data/com.android.chrome" dev="dm-2" ino=12190 scontext=u:r:isolated_app:s0:c512,c768 tcontext=u:object_r:app_data_file:s0:c512,c768 tclass=dir permissive=0
11-02 01:17:23.365  8476  8476 W dboxed_process6: type=1400 audit(0.0:227): avc: denied { getattr } for path="/data/data/com.android.chrome" dev="dm-2" ino=12190 scontext=u:r:isolated_app:s0:c512,c768 tcontext=u:object_r:app_data_file:s0:c512,c768 tclass=dir permissive=0
11-02 01:17:23.372  8408  8496 I cr_LibraryLoader: Loaded native library version number "85.0.4183.127"
11-02 01:17:23.372  8408  8496 I cr_CachingUmaRecorder: Flushed 1 samples from 1 histograms.
11-02 01:17:23.388  8504  8504 W dboxed_process8: type=1400 audit(0.0:228): avc: denied { getattr } for path="/data/data/com.android.chrome" dev="dm-2" ino=12190 scontext=u:r:isolated_app:s0:c512,c768 tcontext=u:object_r:app_data_file:s0:c512,c768 tclass=dir permissive=0
11-02 01:17:23.407  8465  8465 I cr_ChildProcessService: Creating new ChildProcessService pid=8465
11-02 01:17:23.432  8489  8489 I cr_ChildProcessService: Creating new ChildProcessService pid=8489
11-02 01:17:23.445  8271  8327 I FeedRequestManagerImpl: Making Request: /httpservice/noretry/DiscoverClankService/FeedQuery
11-02 01:17:23.446  8271  8327 I MainThreadRunner: Running task [NetworkClientWrapper send] on the Main Thread
11-02 01:17:23.446  8271  8327 I TaskQueue:  - Finished 27, time 191 ms
11-02 01:17:23.482  8476  8476 I cr_ChildProcessService: Creating new ChildProcessService pid=8476
11-02 01:17:23.499  8414  8528 I cr_LibraryLoader: Loaded native library version number "85.0.4183.127"
11-02 01:17:23.518   601   611 I ActivityManager: Start proc 8536:com.android.chrome:sandboxed_process9/u0i102 for service com.android.chrome/org.chromium.content.app.SandboxedProcessService9
11-02 01:17:23.543  8444  8527 I cr_LibraryLoader: Loaded native library version number "85.0.4183.127"
11-02 01:17:23.543  8414  8528 I cr_CachingUmaRecorder: Flushed 1 samples from 1 histograms.
11-02 01:17:23.543  8444  8527 I cr_CachingUmaRecorder: Flushed 1 samples from 1 histograms.
11-02 01:17:23.548  8271  8281 I art     : Background sticky concurrent mark sweep GC freed 52124(2MB) AllocSpace objects, 32(696KB) LOS objects, 21% free, 10MB/12MB, paused 6.100ms total 260.717ms
11-02 01:17:23.553  8408  8496 I chromium: [INFO:child_process_service.cc(69)] ChildProcessService: Exiting child process.
11-02 01:17:23.554   195   195 E lowmemorykiller: Error writing /proc/8408/oom_score_adj; errno=22
11-02 01:17:23.563  8432  8529 I cr_LibraryLoader: Loaded native library version number "85.0.4183.127"
11-02 01:17:23.564  8432  8529 I cr_CachingUmaRecorder: Flushed 1 samples from 1 histograms.
11-02 01:17:23.579  8271  8486 I PlayCore: UID: [10035]  PID: [8271] SplitInstallService : Failed to bind to the service.
11-02 01:17:23.598   601  4276 I ActivityManager: Process com.android.chrome:sandboxed_process1 (pid 8408) has died
11-02 01:17:23.598   601  4276 D ActivityManager: cleanUpApplicationRecord -- 8408
11-02 01:17:23.599  8504  8504 I cr_ChildProcessService: Creating new ChildProcessService pid=8504
11-02 01:17:23.711  8271  8271 I cr_tabmodel: Appending tabs being restored to metadata lists, 0, startingNormalCount: 1, startingIncognitoCount: 0
11-02 01:17:23.711  8271  8271 I cr_tabmodel: Serializing tab lists; counts: 1, 0
11-02 01:17:23.723  8271  8271 W chromium: [WARNING:compositor_view.cc(315)] Child process died (type=6) pid=8408)
11-02 01:17:23.768  8432  8529 I chromium: [INFO:child_process_service.cc(69)] ChildProcessService: Exiting child process.
11-02 01:17:23.800  8271  8271 I Choreographer: Skipped 31 frames!  The application may be doing too much work on its main thread.
11-02 01:17:23.813  8444  8444 I cr_ChildProcessService: Destroying ChildProcessService pid=8444
11-02 01:17:23.835   601  1452 I ActivityManager: Killing 8444:com.android.chrome:sandboxed_process4/u0a35i97 (adj 0): isolated not needed
11-02 01:17:23.835   601  1452 I ActivityManager: Killing 8432:com.android.chrome:sandboxed_process3/u0a35i96 (adj 0): isolated not needed
11-02 01:17:23.835   601  1452 I ActivityManager: Killing 8414:com.android.chrome:sandboxed_process2/u0a35i95 (adj 0): isolated not needed
11-02 01:17:23.871  8476  8535 I cr_LibraryLoader: Loaded native library version number "85.0.4183.127"
11-02 01:17:23.871  8476  8535 I cr_CachingUmaRecorder: Flushed 1 samples from 1 histograms.
11-02 01:17:23.898  8536  8536 W dboxed_process9: type=1400 audit(0.0:229): avc: denied { getattr } for path="/data/data/com.android.chrome" dev="dm-2" ino=12190 scontext=u:r:isolated_app:s0:c512,c768 tcontext=u:object_r:app_data_file:s0:c512,c768 tclass=dir permissive=0
11-02 01:17:23.939  8489  8534 I cr_LibraryLoader: Loaded native library version number "85.0.4183.127"
11-02 01:17:23.943  8465  8530 I cr_LibraryLoader: Loaded native library version number "85.0.4183.127"
11-02 01:17:23.943  8465  8530 I cr_CachingUmaRecorder: Flushed 1 samples from 1 histograms.
11-02 01:17:23.944  8489  8534 I cr_CachingUmaRecorder: Flushed 1 samples from 1 histograms.
11-02 01:17:23.987  8504  8543 I cr_LibraryLoader: Loaded native library version number "85.0.4183.127"
11-02 01:17:23.987  8504  8543 I cr_CachingUmaRecorder: Flushed 1 samples from 1 histograms.
11-02 01:17:24.047  8476  8535 I chromium: [INFO:child_process_service.cc(69)] ChildProcessService: Exiting child process.
11-02 01:17:24.056   195   195 E lowmemorykiller: Error writing /proc/8476/oom_score_adj; errno=22
11-02 01:17:24.057   601  7042 E JavaBinder: !!! FAILED BINDER TRANSACTION !!!  (parcel size = 76)
11-02 01:17:24.057   601  7042 E JavaBinder: !!! FAILED BINDER TRANSACTION !!!  (parcel size = 572)
11-02 01:17:24.058   601  7042 W ActivityManager: Exception when unbinding service com.android.chrome/org.chromium.content.app.SandboxedProcessService6
11-02 01:17:24.058   601  7042 W ActivityManager: android.os.DeadObjectException: Transaction failed on small parcel; remote process probably died
11-02 01:17:24.058   601  7042 W ActivityManager: 	at android.os.BinderProxy.transactNative(Native Method)
11-02 01:17:24.058   601  7042 W ActivityManager: 	at android.os.BinderProxy.transact(Binder.java:615)
11-02 01:17:24.058   601  7042 W ActivityManager: 	at android.app.ApplicationThreadProxy.scheduleUnbindService(ApplicationThreadNative.java:1016)
11-02 01:17:24.058   601  7042 W ActivityManager: 	at com.android.server.am.ActiveServices.removeConnectionLocked(ActiveServices.java:2175)
11-02 01:17:24.058   601  7042 W ActivityManager: 	at com.android.server.am.ActiveServices.unbindServiceLocked(ActiveServices.java:1163)
11-02 01:17:24.058   601  7042 W ActivityManager: 	at com.android.server.am.ActivityManagerService.unbindService(ActivityManagerService.java:17309)
11-02 01:17:24.058   601  7042 W ActivityManager: 	at android.app.ActivityManagerNative.onTransact(ActivityManagerNative.java:1145)
11-02 01:17:24.058   601  7042 W ActivityManager: 	at com.android.server.am.ActivityManagerService.onTransact(ActivityManagerService.java:2795)
11-02 01:17:24.058   601  7042 W ActivityManager: 	at android.os.Binder.execTransact(Binder.java:565)
11-02 01:17:24.058   601  7042 E JavaBinder: !!! FAILED BINDER TRANSACTION !!!  (parcel size = 76)
11-02 01:17:24.058   195   195 E lowmemorykiller: Error writing /proc/8476/oom_score_adj; errno=22
11-02 01:17:24.066   601   660 I ActivityManager: Process com.android.chrome:sandboxed_process6 (pid 8476) has died
11-02 01:17:24.066   601   660 D ActivityManager: cleanUpApplicationRecord -- 8476
11-02 01:17:24.089  8271  8271 W chromium: [WARNING:compositor_view.cc(315)] Child process died (type=6) pid=8476)
11-02 01:17:24.114  8536  8536 I cr_ChildProcessService: Creating new ChildProcessService pid=8536
11-02 01:17:24.136  1065  1065 I MemoryTrimmer: Trimming objects from memory, since app is in the background.
11-02 01:17:24.171  8271  8323 W cr_CrashFileManager: /data/user/0/com.android.chrome/cache/Crash Reports does not exist or is not a directory
11-02 01:17:24.172  8271  8323 W cr_CrashFileManager: /data/user/0/com.android.chrome/cache/Crash Reports does not exist or is not a directory
11-02 01:17:24.172  8271  8323 W cr_CrashFileManager: /data/user/0/com.android.chrome/cache/Crash Reports does not exist or is not a directory
11-02 01:17:24.184  8465  8530 I chromium: [INFO:child_process_service.cc(69)] ChildProcessService: Exiting child process.
11-02 01:17:24.196   601   611 I ActivityManager: Start proc 8575:com.android.chrome:sandboxed_process10/u0i103 for service com.android.chrome/org.chromium.content.app.SandboxedProcessService10
11-02 01:17:24.199   195   195 E lowmemorykiller: Error writing /proc/8465/oom_score_adj; errno=22
11-02 01:17:24.201  8271  8304 I cr_BindingManager: Moderate binding enabled: maxSize=40
11-02 01:17:24.232  8271  8281 I art     : Background partial concurrent mark sweep GC freed 54308(2MB) AllocSpace objects, 36(732KB) LOS objects, 40% free, 10MB/17MB, paused 8.655ms total 287.784ms
11-02 01:17:24.265   601   614 I ActivityManager: Killing 8465:com.android.chrome:sandboxed_process5/u0a35i98 (adj 0): isolated not needed
11-02 01:17:24.265   601   614 I ActivityManager: Killing 8504:com.android.chrome:sandboxed_process8/u0a35i101 (adj 0): isolated not needed
11-02 01:17:24.265   601   614 I ActivityManager: Killing 8489:com.android.chrome:sandboxed_process7/u0a35i100 (adj 0): isolated not needed
11-02 01:17:24.299  1244  1639 I Icing   : IndexChimeraService.getServiceInterface callingPackage=com.android.chrome componentName=null serviceId=36
11-02 01:17:24.317  8271  8323 I cr_FileUtils: Writing to /data/user/0/com.android.chrome/app_dex/webapk7.dex
11-02 01:17:24.365   601   611 I ActivityManager: Start proc 8591:com.android.chrome:sandboxed_process11/u0i104 for service com.android.chrome/org.chromium.content.app.SandboxedProcessService11
11-02 01:17:24.371  8536  8574 I cr_LibraryLoader: Loaded native library version number "85.0.4183.127"
11-02 01:17:24.371  8536  8574 I cr_CachingUmaRecorder: Flushed 1 samples from 1 histograms.
11-02 01:17:24.440  1244  1419 I Icing   : IndexChimeraService.getServiceInterface callingPackage=com.android.chrome componentName=null serviceId=36
11-02 01:17:24.478  8575  8575 W boxed_process10: type=1400 audit(0.0:230): avc: denied { getattr } for path="/data/data/com.android.chrome" dev="dm-2" ino=12190 scontext=u:r:isolated_app:s0:c512,c768 tcontext=u:object_r:app_data_file:s0:c512,c768 tclass=dir permissive=0
11-02 01:17:24.525  8536  8574 I chromium: [INFO:child_process_service.cc(69)] ChildProcessService: Exiting child process.
11-02 01:17:24.565  8575  8575 I cr_ChildProcessService: Creating new ChildProcessService pid=8575
11-02 01:17:24.572  8405  8405 D AndroidRuntime: >>>>>> START com.android.internal.os.RuntimeInit uid 2000 <<<<<<
11-02 01:17:24.581  8405  8405 D AndroidRuntime: CheckJNI is OFF
11-02 01:17:24.616   601   611 W ActivityManager: Slow operation: 155ms so far, now at startProcess: returned from zygote!
11-02 01:17:24.617   601   611 W ActivityManager: Slow operation: 156ms so far, now at startProcess: done updating battery stats
11-02 01:17:24.617   601   611 W ActivityManager: Slow operation: 156ms so far, now at startProcess: building log message
11-02 01:17:24.617   601   611 I ActivityManager: Start proc 8608:com.android.chrome:sandboxed_process12/u0i105 for service com.android.chrome/org.chromium.content.app.SandboxedProcessService12
11-02 01:17:24.617   601   611 W ActivityManager: Slow operation: 156ms so far, now at startProcess: starting to update pids map
11-02 01:17:24.617   601   611 W ActivityManager: Slow operation: 156ms so far, now at startProcess: done updating pids map
11-02 01:17:24.617   601   611 W ActivityManager: Slow operation: 156ms so far, now at startProcess: done starting proc!
11-02 01:17:24.622   601  1452 I ActivityManager: Process com.android.chrome:sandboxed_process9 (pid 8536) has died
11-02 01:17:24.622   601  1452 D ActivityManager: cleanUpApplicationRecord -- 8536
11-02 01:17:24.622   601  1452 W ActivityManager: Scheduling restart of crashed service com.android.chrome/org.chromium.content.app.SandboxedProcessService9 in 1000ms
11-02 01:17:24.642  8271  8271 W chromium: [WARNING:compositor_view.cc(315)] Child process died (type=6) pid=8465)
11-02 01:17:24.643  8271  8271 W chromium: [WARNING:compositor_view.cc(315)] Child process died (type=6) pid=8536)
11-02 01:17:24.648   601   660 D ActivityManager: cleanUpApplicationRecord -- 8465
11-02 01:17:24.674   601  1452 I ActivityManager: Start proc 8614:com.android.chrome:sandboxed_process13/u0i106 for service com.android.chrome/org.chromium.content.app.SandboxedProcessService13
11-02 01:17:24.738  8591  8591 W boxed_process11: type=1400 audit(0.0:231): avc: denied { getattr } for path="/data/data/com.android.chrome" dev="dm-2" ino=12190 scontext=u:r:isolated_app:s0:c512,c768 tcontext=u:object_r:app_data_file:s0:c512,c768 tclass=dir permissive=0
11-02 01:17:24.771   601   832 W ActivityManager: Slow operation: 87ms so far, now at startProcess: returned from zygote!
11-02 01:17:24.772   601   832 W ActivityManager: Slow operation: 88ms so far, now at startProcess: done updating battery stats
11-02 01:17:24.772   601   832 W ActivityManager: Slow operation: 88ms so far, now at startProcess: building log message
11-02 01:17:24.772   601   832 I ActivityManager: Start proc 8635:com.android.chrome:sandboxed_process14/u0i107 for service com.android.chrome/org.chromium.content.app.SandboxedProcessService14
11-02 01:17:24.772   601   832 W ActivityManager: Slow operation: 88ms so far, now at startProcess: starting to update pids map
11-02 01:17:24.772   601   832 W ActivityManager: Slow operation: 88ms so far, now at startProcess: done updating pids map
11-02 01:17:24.772   601   832 W ActivityManager: Slow operation: 88ms so far, now at startProcess: done starting proc!
11-02 01:17:24.816   601  2013 I ActivityManager: Start proc 8645:com.android.chrome:sandboxed_process15/u0i108 for service com.android.chrome/org.chromium.content.app.SandboxedProcessService15
11-02 01:17:24.832  8591  8591 I cr_ChildProcessService: Creating new ChildProcessService pid=8591
11-02 01:17:24.862   601  1452 I ActivityManager: Start proc 8662:com.android.chrome:sandboxed_process16/u0i109 for service com.android.chrome/org.chromium.content.app.SandboxedProcessService16
11-02 01:17:24.889  8590  8590 I dex2oat : /system/bin/dex2oat --dex-file=/data/user/0/com.android.chrome/app_dex/webapk7.dex --oat-fd=263 --oat-location=/data/user/0/com.android.chrome/app_dex/oat/arm/webapk7.dex --compiler-filter=speed
11-02 01:17:24.935   601  2013 W ActivityManager: Slow operation: 63ms so far, now at startProcess: returned from zygote!
11-02 01:17:24.935   601  2013 W ActivityManager: Slow operation: 63ms so far, now at startProcess: done updating battery stats
11-02 01:17:24.936   601  2013 W ActivityManager: Slow operation: 63ms so far, now at startProcess: building log message
11-02 01:17:24.936   601  2013 I ActivityManager: Start proc 8670:com.android.chrome:sandboxed_process17/u0i110 for service com.android.chrome/org.chromium.content.app.SandboxedProcessService17
11-02 01:17:24.936   601  2013 W ActivityManager: Slow operation: 64ms so far, now at startProcess: starting to update pids map
11-02 01:17:24.936   601  2013 W ActivityManager: Slow operation: 64ms so far, now at startProcess: done updating pids map
11-02 01:17:24.936   601  2013 W ActivityManager: Slow operation: 64ms so far, now at startProcess: done starting proc!
11-02 01:17:24.948  8645  8645 W boxed_process15: type=1400 audit(0.0:232): avc: denied { getattr } for path="/data/data/com.android.chrome" dev="dm-2" ino=12190 scontext=u:r:isolated_app:s0:c512,c768 tcontext=u:object_r:app_data_file:s0:c512,c768 tclass=dir permissive=0
11-02 01:17:24.948  8608  8608 W boxed_process12: type=1400 audit(0.0:233): avc: denied { getattr } for path="/data/data/com.android.chrome" dev="dm-2" ino=12190 scontext=u:r:isolated_app:s0:c512,c768 tcontext=u:object_r:app_data_file:s0:c512,c768 tclass=dir permissive=0
11-02 01:17:24.951  8614  8614 W boxed_process13: type=1400 audit(0.0:234): avc: denied { getattr } for path="/data/data/com.android.chrome" dev="dm-2" ino=12190 scontext=u:r:isolated_app:s0:c512,c768 tcontext=u:object_r:app_data_file:s0:c512,c768 tclass=dir permissive=0
11-02 01:17:24.981  8635  8635 W boxed_process14: type=1400 audit(0.0:235): avc: denied { getattr } for path="/data/data/com.android.chrome" dev="dm-2" ino=12190 scontext=u:r:isolated_app:s0:c512,c768 tcontext=u:object_r:app_data_file:s0:c512,c768 tclass=dir permissive=0
11-02 01:17:24.997   601   611 W ActivityManager: Slow operation: 59ms so far, now at startProcess: returned from zygote!
11-02 01:17:24.997   601   611 W ActivityManager: Slow operation: 59ms so far, now at startProcess: done updating battery stats
11-02 01:17:24.997   601   611 W ActivityManager: Slow operation: 59ms so far, now at startProcess: building log message
11-02 01:17:24.997   601   611 I ActivityManager: Start proc 8688:com.android.chrome:sandboxed_process18/u0i111 for service com.android.chrome/org.chromium.content.app.SandboxedProcessService18
11-02 01:17:24.997   601   611 W ActivityManager: Slow operation: 59ms so far, now at startProcess: starting to update pids map
11-02 01:17:24.997   601   611 W ActivityManager: Slow operation: 59ms so far, now at startProcess: done updating pids map
11-02 01:17:24.997   601   611 W ActivityManager: Slow operation: 59ms so far, now at startProcess: done starting proc!
11-02 01:17:25.030   601   611 I ActivityManager: Start proc 8694:com.android.chrome:sandboxed_process19/u0i112 for service com.android.chrome/org.chromium.content.app.SandboxedProcessService19
11-02 01:17:25.046  8591  8660 I cr_LibraryLoader: Loaded native library version number "85.0.4183.127"
11-02 01:17:25.047  8591  8660 I cr_CachingUmaRecorder: Flushed 1 samples from 1 histograms.
11-02 01:17:25.065  8575  8607 I cr_LibraryLoader: Loaded native library version number "85.0.4183.127"
11-02 01:17:25.067  8614  8614 I cr_ChildProcessService: Creating new ChildProcessService pid=8614
11-02 01:17:25.067  8575  8607 I cr_CachingUmaRecorder: Flushed 1 samples from 1 histograms.
11-02 01:17:25.069  8608  8608 I cr_ChildProcessService: Creating new ChildProcessService pid=8608
11-02 01:17:25.082  8645  8645 I cr_ChildProcessService: Creating new ChildProcessService pid=8645
11-02 01:17:25.161  8662  8662 W boxed_process16: type=1400 audit(0.0:236): avc: denied { getattr } for path="/data/data/com.android.chrome" dev="dm-2" ino=12190 scontext=u:r:isolated_app:s0:c512,c768 tcontext=u:object_r:app_data_file:s0:c512,c768 tclass=dir permissive=0
11-02 01:17:25.161  8635  8635 I cr_ChildProcessService: Creating new ChildProcessService pid=8635
11-02 01:17:25.218  8591  8660 I chromium: [INFO:child_process_service.cc(69)] ChildProcessService: Exiting child process.
11-02 01:17:25.223   195   195 E lowmemorykiller: Error writing /proc/8591/oom_score_adj; errno=22
11-02 01:17:25.223   601   611 E JavaBinder: !!! FAILED BINDER TRANSACTION !!!  (parcel size = 76)
11-02 01:17:25.224   601   611 E JavaBinder: !!! FAILED BINDER TRANSACTION !!!  (parcel size = 576)
11-02 01:17:25.224   601   611 W ActivityManager: Exception when unbinding service com.android.chrome/org.chromium.content.app.SandboxedProcessService11
11-02 01:17:25.224   601   611 W ActivityManager: android.os.DeadObjectException: Transaction failed on small parcel; remote process probably died
11-02 01:17:25.224   601   611 W ActivityManager: 	at android.os.BinderProxy.transactNative(Native Method)
11-02 01:17:25.224   601   611 W ActivityManager: 	at android.os.BinderProxy.transact(Binder.java:615)
11-02 01:17:25.224   601   611 W ActivityManager: 	at android.app.ApplicationThreadProxy.scheduleUnbindService(ApplicationThreadNative.java:1016)
11-02 01:17:25.224   601   611 W ActivityManager: 	at com.android.server.am.ActiveServices.removeConnectionLocked(ActiveServices.java:2175)
