10-31 23:41:54.523 10722 10722 W CrUtilityMain: type=1400 audit(0.0:16053): avc: denied { setattr } for name="verified_contents.json" dev="dm-2" ino=52868 scontext=u:r:isolated_app:s0:c512,c768 tcontext=u:object_r:app_data_file:s0:c512,c768 tclass=file permissive=0
10-31 23:41:54.532 10709 10709 I cr_ChildProcessService: Destroying ChildProcessService pid=10709
10-31 23:41:54.533 10709 10722 I chromium: [INFO:child_process_service.cc(69)] ChildProcessService: Exiting child process.
10-31 23:41:54.554   600 10249 I ActivityManager: Process com.android.chrome:sandboxed_process31 (pid 10709) has died
10-31 23:41:54.554   600 10249 D ActivityManager: cleanUpApplicationRecord -- 10709
10-31 23:41:54.897  9920  9920 W chromium: [WARNING:compositor_view.cc(315)] Child process died (type=6) pid=10709)
10-31 23:41:54.962  9920  9920 I cr_tabmodel: Appending tabs being restored to metadata lists, 0, startingNormalCount: 2, startingIncognitoCount: 0
10-31 23:41:54.962  9920  9920 I cr_tabmodel: Serializing tab lists; counts: 2, 0
10-31 23:41:55.141 10494 10494 D MonkeyStub: Quit requested
10-31 23:41:55.150   600   614 I CwMcuSensor: CwMcuSensor::flush: fd = 234, sensors_id = 0, path = /sys/class/htc_sensorhub/sensor_hub/flush, err = 0
10-31 23:41:55.155 10494 10494 I art     : System.exit called, status: 80
10-31 23:41:55.155 10494 10494 I AndroidRuntime: VM exiting with result code 80.
10-31 23:41:55.180   600  1076 W WindowManager: Attempted to remove non-existing token: android.os.Binder@d0fd0ed
10-31 23:42:10.444 17650 17977 I Icing   : IndexChimeraService.getServiceInterface callingPackage=com.android.chrome componentName=null serviceId=36
10-31 23:42:10.481 17650 27128 W Icing   : No valid account for uploading user actions
10-31 23:42:10.513 17650 18294 I Icing   : IndexChimeraService.getServiceInterface callingPackage=com.google.android.gms componentName=null serviceId=30
10-31 23:42:10.529 17650 27128 I Icing   : Usage reports ok 1, Failed Usage reports 0, indexed 1, rejected 0
10-31 23:42:10.532 17650 27128 W Icing   : No valid account for uploading user actions
10-31 23:42:10.542 17650 27128 I Icing   : Usage reports ok 0, Failed Usage reports 0, indexed 0, rejected 0
10-31 23:42:10.543 17650 27128 I Icing   : Indexing com.android.chrome-omnibox from com.android.chrome
10-31 23:42:10.602 17650 27128 I Icing   : Indexing done com.android.chrome-omnibox
10-31 23:42:11.245 10744 10744 D AndroidRuntime: >>>>>> START com.android.internal.os.RuntimeInit uid 2000 <<<<<<
10-31 23:42:11.249 10744 10744 D AndroidRuntime: CheckJNI is OFF
10-31 23:42:11.316 10744 10744 D ICU     : No timezone override file found: /data/misc/zoneinfo/current/icu/icu_tzdata.dat
10-31 23:42:11.346 10744 10744 I Radio-JNI: register_android_hardware_Radio DONE
10-31 23:42:11.362 10744 10744 D AndroidRuntime: Calling main entry com.android.commands.am.Am
10-31 23:42:11.377   600 22670 I ActivityManager: Force stopping com.android.chrome appid=10035 user=0: from pid 10744
10-31 23:42:11.377   600 22670 I ActivityManager: Killing 9982:com.android.chrome:privileged_process0/u0a35 (adj 0): stop com.android.chrome
10-31 23:42:11.378   600 22670 D ActivityManager: cleanUpApplicationRecord -- 9982
10-31 23:42:11.378   600 22670 W ActivityManager: Scheduling restart of crashed service com.android.chrome/org.chromium.content.app.PrivilegedProcessService0 in 1000ms
10-31 23:42:11.378   600 22670 I ActivityManager: Killing 9920:com.android.chrome/u0a35 (adj 0): stop com.android.chrome
10-31 23:42:11.378   600 22670 D ActivityManager: cleanUpApplicationRecord -- 9920
10-31 23:42:11.384   600 22670 W ActivityManager: Force removing ActivityRecord{29c15d2 u0 com.android.chrome/com.google.android.apps.chrome.Main t2494}: app died, no saved state
10-31 23:42:11.385 18311 18311 I MemoryTrimmer: Trimming objects from memory, since app is in the background.
10-31 23:42:11.388  9954  9954 I cr_ChildProcessService: Destroying ChildProcessService pid=9954
10-31 23:42:11.391   600 22670 I ActivityManager: Killing 10399:com.android.chrome:sandboxed_process20/u0a35i262 (adj 0): isolated not needed
10-31 23:42:11.392   600 22670 I ActivityManager: Killing 9954:com.android.chrome:sandboxed_process0/u0a35i242 (adj 0): isolated not needed
10-31 23:42:11.422 10744 10744 D AndroidRuntime: Shutting down VM
10-31 23:42:11.433 18269 18304 I OpenGLRenderer: Initialized EGL, version 1.4
10-31 23:42:11.433 18269 18304 D OpenGLRenderer: Swap behavior 2
10-31 23:42:11.437   600  7064 D ActivityManager: cleanUpApplicationRecord -- 9954
10-31 23:42:11.471  1061  1061 D RegisteredNfcFServicesCache: Service unchanged, not updating
10-31 23:42:11.542 18311 19172 I AttachedClient: Adding client event 2 to pending list.
10-31 23:42:11.550 18311 18311 I OptInState: There is a new client and it does not support opt-in. Dropping request.
10-31 23:42:11.553 18311 18311 I MicroDetectionWorker: Micro detection mode: [mDetectionMode: [1]].
10-31 23:42:11.579 18311 10758 I MicroRecognitionRunner: Starting detection.
10-31 23:42:11.581 18311 22428 I MicrophoneInputStream: mic_starting com.google.android.apps.gsa.speech.audio.ae@1cc97f2
10-31 23:42:11.589   238   285 I SoundTriggerHwService::Module: void android::SoundTriggerHwService::Module::onCallbackEvent(const sp<android::SoundTriggerHwService::CallbackEvent> &) mClient == 0
10-31 23:42:11.589   238 10761 I AudioFlinger: AudioFlinger's thread 0xef692580 ready to run
10-31 23:42:11.592 18311 22428 I MicrophoneInputStream: mic_started com.google.android.apps.gsa.speech.audio.ae@1cc97f2
10-31 23:42:11.627   600 22670 D ActivityManager: cleanUpApplicationRecord -- 10399
10-31 23:42:11.655   600  1076 D ConnectivityService: ConnectivityService NetworkRequestInfo binderDied(NetworkRequest [ LISTEN id=2168, [ Capabilities: INTERNET&NOT_RESTRICTED&TRUSTED&FOREGROUND] ], android.os.BinderProxy@7e8601c)
10-31 23:42:11.655   600  1076 D ConnectivityService: ConnectivityService NetworkRequestInfo binderDied(NetworkRequest [ LISTEN id=2165, [ Capabilities: INTERNET&NOT_RESTRICTED&TRUSTED&FOREGROUND] ], android.os.BinderProxy@ce1a425)
10-31 23:42:11.655   600  1076 D ConnectivityService: ConnectivityService NetworkRequestInfo binderDied(NetworkRequest [ LISTEN id=2167, [ Capabilities: INTERNET&NOT_RESTRICTED&TRUSTED&FOREGROUND] ], android.os.BinderProxy@5b459fa)
10-31 23:42:11.656   600  1076 D ConnectivityService: ConnectivityService NetworkRequestInfo binderDied(NetworkRequest [ LISTEN id=2166, [ Capabilities: INTERNET&NOT_RESTRICTED&TRUSTED&FOREGROUND] ], android.os.BinderProxy@290abab)
10-31 23:42:11.656   600  1076 D GraphicsStats: Buffer count: 2
10-31 23:42:11.659   600   649 E ConnectivityService: RemoteException caught trying to send a callback msg for NetworkRequest [ LISTEN id=2168, [ Capabilities: INTERNET&NOT_RESTRICTED&TRUSTED&FOREGROUND] ]
10-31 23:42:11.659   600   649 E ConnectivityService: RemoteException caught trying to send a callback msg for NetworkRequest [ LISTEN id=2165, [ Capabilities: INTERNET&NOT_RESTRICTED&TRUSTED&FOREGROUND] ]
10-31 23:42:11.659   600   649 E ConnectivityService: RemoteException caught trying to send a callback msg for NetworkRequest [ LISTEN id=2167, [ Capabilities: INTERNET&NOT_RESTRICTED&TRUSTED&FOREGROUND] ]
10-31 23:42:11.660   600   649 E ConnectivityService: RemoteException caught trying to send a callback msg for NetworkRequest [ LISTEN id=2166, [ Capabilities: INTERNET&NOT_RESTRICTED&TRUSTED&FOREGROUND] ]
10-31 23:42:11.770 18311 18311 I MicroDetectionWorker: onReady
10-31 23:42:11.919 10762 10762 D AndroidRuntime: >>>>>> START com.android.internal.os.RuntimeInit uid 2000 <<<<<<
10-31 23:42:11.923 10762 10762 D AndroidRuntime: CheckJNI is OFF
10-31 23:42:11.986 18269 18304 W OpenGLRenderer: Incorrectly called buildLayer on View: ShortcutAndWidgetContainer, destroying layer...
10-31 23:42:11.989 10762 10762 D ICU     : No timezone override file found: /data/misc/zoneinfo/current/icu/icu_tzdata.dat
10-31 23:42:12.017 10762 10762 I Radio-JNI: register_android_hardware_Radio DONE
10-31 23:42:12.032 10762 10762 D AndroidRuntime: Calling main entry com.android.commands.pm.Pm
10-31 23:42:12.044   600  3994 I ActivityManager: Force stopping com.android.chrome appid=10035 user=0: clear data
10-31 23:42:12.045   600   613 I ActivityManager: Force stopping com.android.chrome appid=10035 user=-1: clearApplicationUserData
10-31 23:42:12.089   787   787 I GeofencerStateMachine: removeGeofences: removeRequest=RemoveGeofencingRequest[REMOVE_ALL packageName=com.android.chrome]
10-31 23:42:12.094 10762 10762 I art     : System.exit called, status: 0
10-31 23:42:12.094 10762 10762 I AndroidRuntime: VM exiting with result code 0.
10-31 23:42:12.098  1061  1061 D RegisteredNfcFServicesCache: Service unchanged, not updating
10-31 23:42:12.124   787 10776 I Fitness : FitCleanupIntentOperation received Intent android.intent.action.PACKAGE_DATA_CLEARED [CONTEXT service_id=17 ]
10-31 23:42:12.135   600   612 W ResourceType: No known package when getting value for resource number 0x7f080316
10-31 23:42:12.135   600   612 W ResourceType: No known package when getting value for resource number 0x7f130448
10-31 23:42:12.135   600   612 W ResourceType: No known package when getting value for resource number 0x7f080315
10-31 23:42:12.135   600   612 W ResourceType: No known package when getting value for resource number 0x7f130123
10-31 23:42:12.135   600   612 W ResourceType: No known package when getting value for resource number 0x7f130447
10-31 23:42:12.139   600   612 W ResourceType: No known package when getting value for resource number 0x7f1302e4
10-31 23:42:12.139   600   612 E ShortcutService: Ignoring excessive intent tag.
10-31 23:42:12.148 17650  7079 I Icing   : doRemovePackageData com.android.chrome
10-31 23:42:12.148 17650  7079 I Icing   : Removing corpus key com.android.chrome-.implicit: for package com.android.chrome
10-31 23:42:12.192 17650  7079 I native  : flash-index.cc:1519 Flash index sort hb 59 prefix-hits 107 -> 96 at 10.655ms
10-31 23:42:12.224 17650  7079 I Icing   : Removing corpus key com.android.chrome-omnibox for package com.android.chrome
10-31 23:42:12.290 17650  7079 I Icing   : Starting compaction min disk 99.926% min index 99.989%
10-31 23:42:12.427 17650  7079 I native  : document-store.cc:1654 Scored 2538 usage reports, missing_corpora 1377 update_failed 1
10-31 23:42:12.458 17650  7079 W native  : words-map.cc:30 INVALID_ARGUMENT: Empty URI
10-31 23:42:12.458 17650  7079 W native  : words-map.cc:34 WordsMap was not properly initialized
10-31 23:42:12.541 17650  7079 E native  : compactor.cc:67 Could not index embedding for docid 1: INTERNAL: Unable to find Thing Proto section 
10-31 23:42:12.541 17650  7079 E native  : compactor.cc:67 Could not index embedding for docid 3: INTERNAL: Unable to find Thing Proto section 
10-31 23:42:12.541 17650  7079 E native  : compactor.cc:67 Could not index embedding for docid 5: INTERNAL: Unable to find Thing Proto section 
10-31 23:42:12.542 17650  7079 E native  : compactor.cc:67 Could not index embedding for docid 7: INTERNAL: Unable to find Thing Proto section 
10-31 23:42:12.547 17650  7079 E native  : compactor.cc:67 Could not index embedding for docid 8: INTERNAL: Unable to find Thing Proto section 
10-31 23:42:12.547 17650  7079 E native  : compactor.cc:67 Could not index embedding for docid 10: INTERNAL: Unable to find Thing Proto section 
10-31 23:42:12.547 17650  7079 E native  : compactor.cc:67 Could not index embedding for docid 11: INTERNAL: Unable to find Thing Proto section 
10-31 23:42:12.548 17650  7079 E native  : compactor.cc:67 Could not index embedding for docid 13: INTERNAL: Unable to find Thing Proto section 
10-31 23:42:12.548 17650  7079 E native  : compactor.cc:67 Could not index embedding for docid 14: INTERNAL: Unable to find Thing Proto section 
10-31 23:42:12.553 17650  7079 E native  : compactor.cc:67 Could not index embedding for docid 17: INTERNAL: Unable to find Thing Proto section 
10-31 23:42:12.554 17650  7079 E native  : compactor.cc:67 Could not index embedding for docid 18: INTERNAL: Unable to find Thing Proto section 
10-31 23:42:12.554 17650  7079 E native  : compactor.cc:67 Could not index embedding for docid 21: INTERNAL: Unable to find Thing Proto section 
10-31 23:42:12.555 17650  7079 E native  : compactor.cc:67 Could not index embedding for docid 22: INTERNAL: Unable to find Thing Proto section 
10-31 23:42:12.561 17650  7079 E native  : compactor.cc:67 Could not index embedding for docid 26: INTERNAL: Unable to find Thing Proto section 
10-31 23:42:12.562 17650  7079 E native  : compactor.cc:67 Could not index embedding for docid 27: INTERNAL: Unable to find Thing Proto section 
10-31 23:42:12.606 17650  7079 I native  : flash-index.cc:1519 Flash index sort hb 34 prefix-hits 54 -> 54 at 28.818ms
10-31 23:42:12.634 17650  7079 W native  : words-map.cc:30 INVALID_ARGUMENT: Empty URI
10-31 23:42:12.634 17650  7079 W native  : words-map.cc:34 WordsMap was not properly initialized
10-31 23:42:12.673 17650  7079 I Icing   : updateResources: need to parse acol{com.android.chrome}
10-31 23:42:12.732 17650  7079 I Icing   : Indexing com.android.chrome-omnibox from com.android.chrome
10-31 23:42:12.744   600   707 I ActivityManager: Start proc 10790:com.android.chrome/u0a35 for content provider com.android.chrome/com.google.android.apps.chrome.icing.IcingProvider
10-31 23:42:12.833 17650  7079 I Icing   : Indexing done com.android.chrome-omnibox
