11-01 12:32:52.959  7792  7792 W dex2oat : Compilation of java.lang.String androidx.core.graphics.drawable.IconCompat.toString() took 149.686ms
11-01 12:32:52.978  7461  7535 I MainThreadRunner: Running task [FeedRequestManagerImpl consumer] on the Main Thread
11-01 12:32:52.978  7461  7461 I FeedProtocolAdapter: createModel, operations 33
11-01 12:32:52.984  7956  7956 I cr_ChildProcessService: Creating new ChildProcessService pid=7956
11-01 12:32:52.986  7461  7461 I TimingUtils: Task Timing   7ms, thread ui | task : convertWireProtocol | mutations : 33
11-01 12:32:52.988  7461  7461 I TaskQueue:  - task [HEAD_RESET - d: true, b: 2]: 5
11-01 12:32:52.988  7461  7461 I TaskQueue:  - queueTask starting immediate task
11-01 12:32:52.997  7461  7535 I TaskQueue:  - Finished 15, time 234 ms
11-01 12:32:52.997  7461  7535 I TaskQueue: Execute task [HEAD_RESET - d: true, b: 2]: 5
11-01 12:32:53.009  7461  7535 I TaskQueue:  - task [BACKGROUND - d: true, b: 2]: 23
11-01 12:32:53.010  7792  7792 I dex2oat : dex2oat took 1.563s (threads: 2) arena alloc=1000KB (1024080B) java alloc=81KB (83240B) native alloc=559KB (573208B) free=2000KB (2048232B)
11-01 12:32:53.019  7461  7535 W SessionCache: Persisted Sessions were not found
11-01 12:32:53.035  7461  7535 I PersistentFeedStore: commitSessionMutation - Success true, Update Session $HEAD, stream structures 32
11-01 12:32:53.070  7461  7535 I MainThreadRunner: Running task [SchedulerApiWrapper onReceiveNewContent] on the Main Thread
11-01 12:32:53.071  7461  7535 I MainThreadRunner: Running task [FeedKnownContentImpl onNewContentReceived] on the Main Thread
11-01 12:32:53.071  7461  7535 I SessionManagerMutation: Cleared Head, new creation time 11-01 12:32:53.019
11-01 12:32:53.071  7461  7535 I TimingUtils: Task Timing  74ms, thread background-1 | task : sessionMutation.commitTask:updateConsumer | mutations : 33 | userInitiated : false
11-01 12:32:53.072  7461  7535 I TaskQueue: Cancelling starvation checks
11-01 12:32:53.072  7461  7535 I TaskQueue:  - Finished 5, time 74 ms
11-01 12:32:53.072  7461  7535 I TaskQueue: Execute task [USER_FACING - d: false, b: 2]: 24
11-01 12:32:53.102  7461  7535 I TimeoutSessionImpl: TimeoutSession.populateModelProvider, shouldAppend false
11-01 12:32:53.102  7461  7535 I SessionImpl: PopulateModelProvider 32 items
11-01 12:32:53.103  7461  7535 I FeedModelProvider: FeedModelProvider - committer, structure changes 31, update changes 0
11-01 12:32:53.103  7461  7535 I FeedModelProvider: SyntheticTokenTracker: 0, 11, 11, false
11-01 12:32:53.121  7956  8009 I cr_LibraryLoader: Loaded native library version number "85.0.4183.127"
11-01 12:32:53.122  7956  8009 I cr_CachingUmaRecorder: Flushed 1 samples from 1 histograms.
11-01 12:32:53.124  7925  7992 I cr_LibraryLoader: Loaded native library version number "85.0.4183.127"
11-01 12:32:53.136  7461  7535 I FeedSessionManagerImpl: Caching getStreamFeatures - items 31, cache misses 0, cache size 31
11-01 12:32:53.139  7461  7535 I FeedModelProvider: Moving _session:1584c634-b111-4cc0-ab02-13af1b93bbbe to READY
11-01 12:32:53.139  7461  7535 I MainThreadRunner: Running task [FeedModelProvider onSessionStart] on the Main Thread
11-01 12:32:53.139  7461  7535 I FeedModelProvider: ModelProvider Mutation committed - structure changes 31, childrenToBind 31, removedChildren false, Token false
11-01 12:32:53.141  7461  7461 I FeedModelProvider: No children found for Cursor
11-01 12:32:53.147  7925  7992 I cr_CachingUmaRecorder: Flushed 1 samples from 1 histograms.
11-01 12:32:53.148  7461  7535 I FeedSessionManagerImpl: Populate new session: _session:1584c634-b111-4cc0-ab02-13af1b93bbbe, creation time 11-01 12:32:53.102
11-01 12:32:53.148  7461  7535 I TimingUtils: Task Timing  75ms, thread background-2 | task : Create/Populate New Session
11-01 12:32:53.148  7461  7535 I TaskQueue:  - Finished 24, time 76 ms
11-01 12:32:53.149  7461  7535 I TaskQueue: Execute task [BACKGROUND - d: false, b: 1]: 11
11-01 12:32:53.155  7461  7535 I ContentGc: Re-enqueuing triggerContentGc; attempts(0)
11-01 12:32:53.155  7461  7535 I TaskQueue:  - task [BACKGROUND - d: false, b: 1]: 11
11-01 12:32:53.156  7461  7535 I TaskQueue:  - Finished 11, time 7 ms
11-01 12:32:53.156  7461  7535 I TaskQueue: Execute task [BACKGROUND - d: false, b: 1]: 23
11-01 12:32:53.165   600   613 I ActivityManager: Killing 7879:com.android.chrome:sandboxed_process16/u0a35i77 (adj 0): isolated not needed
11-01 12:32:53.165   600   613 I ActivityManager: Killing 7866:com.android.chrome:sandboxed_process15/u0a35i76 (adj 0): isolated not needed
11-01 12:32:53.166   600   613 I ActivityManager: Killing 7892:com.android.chrome:sandboxed_process17/u0a35i78 (adj 0): isolated not needed
11-01 12:32:53.166   600   613 I ActivityManager: Killing 7842:com.android.chrome:sandboxed_process13/u0a35i74 (adj 0): isolated not needed
11-01 12:32:53.166   600   613 I ActivityManager: Killing 7854:com.android.chrome:sandboxed_process14/u0a35i75 (adj 0): isolated not needed
11-01 12:32:53.166   600   613 I ActivityManager: Killing 7826:com.android.chrome:sandboxed_process12/u0a35i73 (adj 0): isolated not needed
11-01 12:32:53.166   600   613 I ActivityManager: Killing 7803:com.android.chrome:sandboxed_process10/u0a35i71 (adj 0): isolated not needed
11-01 12:32:53.171  7492  8005 W art     : Verification of void ascg.b(android.content.Context) took 153.613ms
11-01 12:32:53.199   600   611 I ActivityManager: Killing 7911:com.android.chrome:sandboxed_process18/u0a35i79 (adj 0): isolated not needed
11-01 12:32:53.222  7461  7471 W art     : Suspending all threads took: 7.446ms
11-01 12:32:53.231  7973  7973 I ContactsPerf: VoicemailContentProvider.onCreate start
11-01 12:32:53.240  7973  7973 I ContactsPerf: VoicemailContentProvider.onCreate finish
11-01 12:32:53.248  7973  7973 W System  : ClassLoader referenced unknown path: /system/priv-app/BlockedNumberProvider/lib/arm64
11-01 12:32:53.251  7973  7973 D ApplicationLoaders: ignored Vulkan layer search path /system/priv-app/BlockedNumberProvider/lib/arm64:/system/lib64:/vendor/lib64 for namespace 0x725366c0f0
11-01 12:32:53.262  7461  7471 I art     : Background partial concurrent mark sweep GC freed 30775(1583KB) AllocSpace objects, 22(4MB) LOS objects, 40% free, 11MB/18MB, paused 8.191ms total 222.936ms
11-01 12:32:53.290  7973  7973 W System  : ClassLoader referenced unknown path: /system/app/UserDictionaryProvider/lib/arm64
11-01 12:32:53.292  7973  7973 D ApplicationLoaders: ignored Vulkan layer search path /system/app/UserDictionaryProvider/lib/arm64:/system/lib64:/vendor/lib64 for namespace 0x725366c160
11-01 12:32:53.293   600   611 I ActivityManager: Killing 7925:com.android.chrome:sandboxed_process19/u0a35i80 (adj 0): isolated not needed
11-01 12:32:53.295  7492  7990 I Icing   : IndexChimeraService.getServiceInterface callingPackage=com.android.chrome componentName=null serviceId=36
11-01 12:32:53.295  7492  8019 I Icing   : IndexChimeraService.getServiceInterface callingPackage=com.google.android.gms componentName=null serviceId=36
11-01 12:32:53.322  7461  7535 I TimingUtils: Task Timing 166ms, thread background-3 | task : commitContentMutation | mutations : 32
11-01 12:32:53.322  7461  7535 I TimingUtils: Task Timing   0ms, thread background-4 | task : commitSemanticPropertiesMutation | mutations : 0
11-01 12:32:53.323  7461  7535 I TaskQueue:  - Finished 23, time 167 ms
11-01 12:32:53.323  7461  7535 I TaskQueue: Execute task [BACKGROUND - d: false, b: 0]: 11
11-01 12:32:53.324  7461  7535 I SessionCache: Determining accessible content
11-01 12:32:53.326  7461  7535 I TimingUtils: Task Timing   3ms, thread background-5 | task : ContentGc | contentItemsRemoved : 0
11-01 12:32:53.326  7461  7535 I TaskQueue:  - Finished 11, time 4 ms
11-01 12:32:53.440  7461  7705 I PlayCore: UID: [10035]  PID: [7461] SplitInstallService : Failed to bind to the service.
11-01 12:32:53.508   600  1664 D ActivityManager: cleanUpApplicationRecord -- 7677
11-01 12:32:53.512  7461  7461 W chromium: [WARNING:compositor_view.cc(315)] Child process died (type=6) pid=7688)
11-01 12:32:53.512  7461  7461 W chromium: [WARNING:compositor_view.cc(315)] Child process died (type=6) pid=7677)
11-01 12:32:53.514   600  5522 D ActivityManager: cleanUpApplicationRecord -- 7688
11-01 12:32:53.520   600   713 D ActivityManager: cleanUpApplicationRecord -- 7641
11-01 12:32:53.524   600  1484 D ActivityManager: cleanUpApplicationRecord -- 7755
11-01 12:32:53.526  7461  7461 W chromium: [WARNING:compositor_view.cc(315)] Child process died (type=6) pid=7803)
11-01 12:32:53.526  7461  7461 W chromium: [WARNING:compositor_view.cc(315)] Child process died (type=6) pid=7700)
11-01 12:32:53.527  7461  7461 W chromium: [WARNING:compositor_view.cc(315)] Child process died (type=6) pid=7866)
11-01 12:32:53.527  7461  7461 W chromium: [WARNING:compositor_view.cc(315)] Child process died (type=6) pid=7715)
11-01 12:32:53.528  7461  7461 W chromium: [WARNING:compositor_view.cc(315)] Child process died (type=6) pid=7892)
11-01 12:32:53.529  7461  7461 W chromium: [WARNING:compositor_view.cc(315)] Child process died (type=6) pid=7854)
11-01 12:32:53.530  7461  7461 W chromium: [WARNING:compositor_view.cc(315)] Child process died (type=6) pid=7911)
11-01 12:32:53.531  7461  7461 W chromium: [WARNING:compositor_view.cc(315)] Child process died (type=6) pid=7641)
11-01 12:32:53.531  7461  7461 W chromium: [WARNING:compositor_view.cc(315)] Child process died (type=6) pid=7730)
11-01 12:32:53.532  7461  7461 W chromium: [WARNING:compositor_view.cc(315)] Child process died (type=6) pid=7636)
11-01 12:32:53.533  7461  7461 W chromium: [WARNING:compositor_view.cc(315)] Child process died (type=6) pid=7925)
11-01 12:32:53.533  7461  7461 W chromium: [WARNING:compositor_view.cc(315)] Child process died (type=6) pid=7755)
11-01 12:32:53.534   600  5522 D ActivityManager: cleanUpApplicationRecord -- 7715
11-01 12:32:53.535   600  1665 D ActivityManager: cleanUpApplicationRecord -- 7700
11-01 12:32:53.536  7461  7461 W chromium: [WARNING:compositor_view.cc(315)] Child process died (type=6) pid=7826)
11-01 12:32:53.537  7461  7461 W chromium: [WARNING:compositor_view.cc(315)] Child process died (type=6) pid=7879)
11-01 12:32:53.539  7461  7461 W chromium: [WARNING:compositor_view.cc(315)] Child process died (type=6) pid=7842)
11-01 12:32:53.547   600   611 D ActivityManager: cleanUpApplicationRecord -- 7854
11-01 12:32:53.552   600  1664 D ActivityManager: cleanUpApplicationRecord -- 7803
11-01 12:32:53.553   600  1066 D ActivityManager: cleanUpApplicationRecord -- 7892
11-01 12:32:53.564   600  1485 D ActivityManager: cleanUpApplicationRecord -- 7866
11-01 12:32:53.564   600  1666 D ActivityManager: cleanUpApplicationRecord -- 7730
11-01 12:32:53.572   600  1483 D ActivityManager: cleanUpApplicationRecord -- 7911
11-01 12:32:53.572   600   819 D ActivityManager: cleanUpApplicationRecord -- 7636
11-01 12:32:53.573   600   610 D ActivityManager: cleanUpApplicationRecord -- 7826
11-01 12:32:53.573   600   713 D ActivityManager: cleanUpApplicationRecord -- 7925
11-01 12:32:53.573   600  1484 D ActivityManager: cleanUpApplicationRecord -- 7842
11-01 12:32:53.574   600  1068 D ActivityManager: cleanUpApplicationRecord -- 7879
11-01 12:32:53.607  7492  7942 I Icing   : Storage manager: low false usage 1.99MB avail 5.38GB capacity 11.05GB
11-01 12:32:53.752  7492  7942 W native  : model-utils.cc:15 No CRC32, most likely an old model; skip CRC32 check
11-01 12:32:53.785  7492  7942 E native  : model-utils.cc:38 Not a valid Model flatbuffer
11-01 12:32:53.785  7492  7942 E native  : model-provider-from-fb.cc:102 Unable to initialize ModelProviderFromFlatbuffer
11-01 12:32:53.785  7492  7942 I native  : model-api.cc:45 Registered model under key tmp-segmentation-model
11-01 12:32:53.826  7973  8022 I ContactLocale: AddressBook Labels [[en_US]]: [, A, B, C, D, E, F, G, H, I, J, K, L, M, N, O, P, Q, R, S, T, U, V, W, X, Y, Z, , , , , , , , , , , , , , , , , , , , , , , , , , , , , , , , , , , , , , , , , , , , , , , , , , , , , , , , , , , , , , , , , , , , , , , , , , , , , , , , , , , , , , , , , , , , , , , , , , , , , , , , , , , , , , , , , , , , , , , , , , , , , , , , , , , , , , , , , , , , , , , , , , , , , , , , , , , , , , , , , , , , , , , , , , , , , , , , , , , , , , , , , , , #, ]
11-01 12:32:54.164  7492  7942 I native  : permission-checker.cc:74 Creating PermissionChecker based on ACL with config_version 1 having 9 permissions defined.
11-01 12:32:54.174  7492  7942 W native  : words-map.cc:30 INVALID_ARGUMENT: Empty URI
11-01 12:32:54.174  7492  7942 W native  : words-map.cc:34 WordsMap was not properly initialized
11-01 12:32:54.213   785  7047 I NetworkScheduler.Stats: Task com.google.android.gms/com.google.android.gms.icing.proxy.IcingInternalCorporaUpdateService started execution. cause:9 exec_start_elapsed_seconds: 11555 [CONTEXT service_id=218 ]
11-01 12:32:54.370   785  4755 I NetworkScheduler.Stats: Task com.google.android.gms/com.google.android.gms.icing.proxy.IcingInternalCorporaUpdateService finished executing. cause:9 result: 1 elapsed_millis: 164 uptime_millis: 164 exec_start_elapsed_seconds: 11555 [CONTEXT service_id=218 ]
11-01 12:32:54.538  7492  7942 I Icing   : doRemovePackageData com.google.android.gm
11-01 12:32:54.586  7492  7942 I Icing   : updateResources: need to parse acol{com.google.android.gms}
11-01 12:32:55.092  7461  7531 I cr_omaha: Request to Server Successful. Timestamp for next request:1667305975092
11-01 12:32:55.168  7461  7531 I cr_omaha: Request to Server Successful. Timestamp for next request:1667305975168
11-01 12:32:55.168  7461  7531 I cr_omaha: Attempting to schedule next job for: Tue Nov 01 17:32:54 GMT+01:00 2022
11-01 12:32:55.171  7461  7461 I cr_omaha: Scheduled using JobService
11-01 12:32:55.171  7461  7461 E cr_BkgrdTaskJS: Tried finishing non-current BackgroundTask.
11-01 12:32:55.569   785  1586 W Icing   : isOptedInForAppHistory: empty Account Name encountered
11-01 12:32:55.582   785  1586 W Icing   : isOptedInForAppHistory: empty Account Name encountered
11-01 12:32:55.857  7492  7942 I Icing   : Internal init done: storage state 0
11-01 12:32:55.922  7492  8048 I Icing   : IndexChimeraService.getServiceInterface callingPackage=com.google.android.gms componentName=null serviceId=30
11-01 12:32:55.923  7492  8045 I Icing   : IndexChimeraService.getServiceInterface callingPackage=com.google.android.gms componentName=AppsCorpus serviceId=36
11-01 12:32:55.927  7492  8019 I Icing   : IndexChimeraService.getServiceInterface callingPackage=com.google.android.gms componentName=AppsCorpus serviceId=32
11-01 12:32:55.948  7492  8045 I Icing   : IndexChimeraService.getServiceInterface callingPackage=com.android.chrome componentName=null serviceId=36
11-01 12:32:55.965  7461  7461 E cr_BTSPrefs: No data found for task id: 53
11-01 12:32:55.965  7461  7461 E cr_BkgrdTaskScheduler: Task cannot be canceled because no data was found instorage or data was invalid
11-01 12:32:55.975   785  7056 W Icing   : isOptedInForAppHistory: empty Account Name encountered
11-01 12:32:56.543  7492  7942 I Icing   : Post-init done
11-01 12:32:56.708  7492  7942 W Icing   : No valid account for uploading user actions
11-01 12:32:57.001  7492  7942 I Icing   : Using regular flags by method 2
11-01 12:32:57.033  7492  7942 I Icing   : Usage reports ok 2, Failed Usage reports 0, indexed 1, rejected 0
11-01 12:32:57.042  7492  7942 W Icing   : No valid account for uploading user actions
11-01 12:32:57.062  7492  7942 I Icing   : Usage reports ok 0, Failed Usage reports 0, indexed 0, rejected 0
11-01 12:32:57.064  7492  7942 W Icing   : No valid account for uploading user actions
11-01 12:32:57.073  7492  7942 I Icing   : Usage reports ok 0, Failed Usage reports 0, indexed 0, rejected 0
11-01 12:32:57.075  7492  7942 W Icing   : No valid account for uploading user actions
11-01 12:32:57.084  7492  7942 I Icing   : Usage reports ok 0, Failed Usage reports 0, indexed 0, rejected 0
11-01 12:32:57.086  7492  7942 W Icing   : No valid account for uploading user actions
11-01 12:32:57.096  7492  7942 I Icing   : Usage reports ok 0, Failed Usage reports 0, indexed 0, rejected 0
11-01 12:32:57.096  7492  7942 I Icing   : Removing corpus key com.android.chrome-omnibox for package com.android.chrome
11-01 12:32:57.114  7492  7942 I native  : flash-index.cc:1519 Flash index sort hb 5 prefix-hits 8 -> 8 at 7.480ms
11-01 12:32:57.278  7492  7942 I native  : document-store.cc:1654 Scored 2700 usage reports, missing_corpora 0 update_failed 1466
11-01 12:32:57.337  7492  7942 W Icing   : No valid account for uploading user actions
11-01 12:32:57.352  7492  7942 I Icing   : Usage reports ok 0, Failed Usage reports 0, indexed 0, rejected 0
11-01 12:32:57.352  7492  7942 I Icing   : Indexing com.android.chrome-omnibox from com.android.chrome
11-01 12:32:57.719  7492  7942 I Icing   : Indexing done com.android.chrome-omnibox
11-01 12:32:58.646   785  1300 W Icing   : isOptedInForAppHistory: empty Account Name encountered
11-01 12:32:58.655   785  7047 W Icing   : isOptedInForAppHistory: empty Account Name encountered
11-01 12:33:00.422  7461  7461 E cr_BTSPrefs: No data found for task id: 57
11-01 12:33:00.422  7461  7461 E cr_BkgrdTaskScheduler: Task cannot be canceled because no data was found instorage or data was invalid
11-01 12:33:00.422  7461  7461 E cr_BTSPrefs: No data found for task id: 56
11-01 12:33:00.422  7461  7461 E cr_BkgrdTaskScheduler: Task cannot be canceled because no data was found instorage or data was invalid
11-01 12:33:00.931  7461  7535 W InstanceID: Instance ID SDK is deprecated, com.android.chrome should update to use Firebase Instance ID
11-01 12:33:01.557   785  7056 W Conscrypt: Could not set socket write timeout: java.net.SocketException: Socket closed
11-01 12:33:01.569   785  7056 W Conscrypt: 	at com.google.android.gms.org.conscrypt.Platform.setSocketWriteTimeout(:com.google.android.gms@203915020@20.39.15 (040406-335085812):2)
11-01 12:33:01.569   785  7056 W Conscrypt: 	at com.google.android.gms.org.conscrypt.ConscryptFileDescriptorSocket.setSoWriteTimeout(:com.google.android.gms@203915020@20.39.15 (040406-335085812):0)
11-01 12:33:01.598   785  7056 W Conscrypt: Could not set socket write timeout: java.net.SocketException: Socket closed
11-01 12:33:01.599   785  7056 W Conscrypt: 	at com.google.android.gms.org.conscrypt.Platform.setSocketWriteTimeout(:com.google.android.gms@203915020@20.39.15 (040406-335085812):2)
11-01 12:33:01.599   785  7056 W Conscrypt: 	at com.google.android.gms.org.conscrypt.ConscryptFileDescriptorSocket.setSoWriteTimeout(:com.google.android.gms@203915020@20.39.15 (040406-335085812):0)
11-01 12:33:05.822  8082  8082 D AndroidRuntime: >>>>>> START com.android.internal.os.RuntimeInit uid 2000 <<<<<<
11-01 12:33:05.829  8082  8082 D AndroidRuntime: CheckJNI is OFF
11-01 12:33:05.961  8082  8082 D ICU     : No timezone override file found: /data/misc/zoneinfo/current/icu/icu_tzdata.dat
11-01 12:33:06.017  8082  8082 I Radio-JNI: register_android_hardware_Radio DONE
11-01 12:33:06.049  8082  8082 D AndroidRuntime: Calling main entry com.android.commands.monkey.Monkey
11-01 12:33:06.203   600   613 W BroadcastQueue: Skipping deliver [background] BroadcastRecord{fc00bca u-1 android.net.conn.CONNECTIVITY_CHANGE} to ReceiverList{98c13b 8082 (unknown name)/2000/u-1 remote:e10296c}: process crashing
11-01 12:33:06.226  7461  7461 I cr_tabmodel: Appending tabs being restored to metadata lists, 0, startingNormalCount: 2, startingIncognitoCount: 0
11-01 12:33:06.227  7461  7461 I cr_tabmodel: Serializing tab lists; counts: 2, 0
11-01 12:33:07.409  8082  8082 D MonkeyStub: translateCommand: wake
11-01 12:33:17.617  8082  8082 D MonkeyStub: translateCommand: touch down 614 1561
11-01 12:33:17.631  8082  8082 D MonkeyStub: translateCommand: touch move 614 1561
11-01 12:33:17.740  8082  8082 D MonkeyStub: translateCommand: touch move 614 1436
11-01 12:33:17.848  8082  8082 D MonkeyStub: translateCommand: touch move 614 1311
11-01 12:33:17.958  8082  8082 D MonkeyStub: translateCommand: touch move 614 1186
11-01 12:33:18.066  8082  8082 D MonkeyStub: translateCommand: touch move 614 1061
11-01 12:33:18.176  8082  8082 D MonkeyStub: translateCommand: touch move 614 937
11-01 12:33:18.288  8082  8082 D MonkeyStub: translateCommand: touch move 614 812
11-01 12:33:18.416  8082  8082 D MonkeyStub: translateCommand: touch move 614 687
11-01 12:33:18.551  8082  8082 D MonkeyStub: translateCommand: touch move 614 562
11-01 12:33:18.681  8082  8082 D MonkeyStub: translateCommand: touch move 614 437
11-01 12:33:18.820  8082  8082 D MonkeyStub: translateCommand: touch move 614 312
11-01 12:33:18.858  8082  8082 D MonkeyStub: translateCommand: touch up 614 312
11-01 12:33:21.098  8082  8082 D MonkeyStub: translateCommand: touch down 614 1561
11-01 12:33:21.102  8082  8082 D MonkeyStub: translateCommand: touch move 614 1561
11-01 12:33:21.211  8082  8082 D MonkeyStub: translateCommand: touch move 614 1436
11-01 12:33:21.308  7461  7461 I Choreographer: Skipped 64 frames!  The application may be doing too much work on its main thread.
11-01 12:33:21.320  8082  8082 D MonkeyStub: translateCommand: touch move 614 1311
11-01 12:33:21.433  8082  8082 D MonkeyStub: translateCommand: touch move 614 1186
11-01 12:33:21.548  8082  8082 D MonkeyStub: translateCommand: touch move 614 1061
11-01 12:33:21.657  8082  8082 D MonkeyStub: translateCommand: touch move 614 937
11-01 12:33:21.768  8082  8082 D MonkeyStub: translateCommand: touch move 614 812
11-01 12:33:21.896  8082  8082 D MonkeyStub: translateCommand: touch move 614 687
11-01 12:33:22.006  8082  8082 D MonkeyStub: translateCommand: touch move 614 562
11-01 12:33:22.121  8082  8082 D MonkeyStub: translateCommand: touch move 614 437
11-01 12:33:22.228  8082  8082 D MonkeyStub: translateCommand: touch move 614 312
11-01 12:33:22.231  8082  8082 D MonkeyStub: translateCommand: touch up 614 312
11-01 12:33:24.856  7492  7990 I Icing   : IndexChimeraService.getServiceInterface callingPackage=com.android.chrome componentName=null serviceId=36
11-01 12:33:24.873  7492  7942 W Icing   : No valid account for uploading user actions
11-01 12:33:24.890  7492  7990 I Icing   : IndexChimeraService.getServiceInterface callingPackage=com.google.android.gms componentName=null serviceId=30
11-01 12:33:24.986  7492  7942 I Icing   : Usage reports ok 1, Failed Usage reports 0, indexed 0, rejected 0
11-01 12:33:25.027  7492  7942 W Icing   : No valid account for uploading user actions
11-01 12:33:25.038  7492  7942 I Icing   : Usage reports ok 0, Failed Usage reports 0, indexed 0, rejected 0
11-01 12:33:25.040  7492  7942 I Icing   : Indexing com.android.chrome-omnibox from com.android.chrome
11-01 12:33:25.050  7492  7942 I Icing   : Indexing done com.android.chrome-omnibox
11-01 12:33:25.401  8082  8082 D MonkeyStub: translateCommand: touch down 614 312
11-01 12:33:25.410  8082  8082 D MonkeyStub: translateCommand: touch move 614 312
11-01 12:33:25.519  8082  8082 D MonkeyStub: translateCommand: touch move 614 437
11-01 12:33:25.624  8082  8082 D MonkeyStub: translateCommand: touch move 614 562
11-01 12:33:25.728  8082  8082 D MonkeyStub: translateCommand: touch move 614 687
11-01 12:33:25.832  8082  8082 D MonkeyStub: translateCommand: touch move 614 812
11-01 12:33:25.948  8082  8082 D MonkeyStub: translateCommand: touch move 614 937
11-01 12:33:26.056  8082  8082 D MonkeyStub: translateCommand: touch move 614 1061
11-01 12:33:26.165  8082  8082 D MonkeyStub: translateCommand: touch move 614 1186
11-01 12:33:26.313  8082  8082 D MonkeyStub: translateCommand: touch move 614 1311
11-01 12:33:26.436  8082  8082 D MonkeyStub: translateCommand: touch move 614 1436
11-01 12:33:26.549  8082  8082 D MonkeyStub: translateCommand: touch move 614 1561
11-01 12:33:26.553  8082  8082 D MonkeyStub: translateCommand: touch up 614 1561
11-01 12:33:26.603  8082  8082 D MonkeyStub: translateCommand: touch down 614 312
11-01 12:33:26.618  8082  8082 D MonkeyStub: translateCommand: touch move 614 312
11-01 12:33:26.884  8082  8082 D MonkeyStub: translateCommand: touch move 614 437
11-01 12:33:27.016  8082  8082 D MonkeyStub: translateCommand: touch move 614 562
11-01 12:33:27.186  8082  8082 D MonkeyStub: translateCommand: touch move 614 687
11-01 12:33:27.317  8082  8082 D MonkeyStub: translateCommand: touch move 614 812
11-01 12:33:27.431  8082  8082 D MonkeyStub: translateCommand: touch move 614 937
11-01 12:33:27.542  8082  8082 D MonkeyStub: translateCommand: touch move 614 1061
11-01 12:33:27.654  8082  8082 D MonkeyStub: translateCommand: touch move 614 1186
11-01 12:33:27.764  8082  8082 D MonkeyStub: translateCommand: touch move 614 1311
11-01 12:33:27.885  8082  8082 D MonkeyStub: translateCommand: touch move 614 1436
11-01 12:33:28.012  8082  8082 D MonkeyStub: translateCommand: touch move 614 1561
11-01 12:33:28.022  8082  8082 D MonkeyStub: translateCommand: touch up 614 1561
11-01 12:33:31.304   600  8040 I ActivityManager: Start proc 8130:com.android.chrome:sandboxed_process21/u0i82 for service com.android.chrome/org.chromium.content.app.SandboxedProcessService21
11-01 12:33:31.348  8130  8130 W boxed_process21: type=1400 audit(0.0:170): avc: denied { getattr } for path="/data/data/com.android.chrome" dev="dm-2" ino=12190 scontext=u:r:isolated_app:s0:c512,c768 tcontext=u:object_r:app_data_file:s0:c512,c768 tclass=dir permissive=0
11-01 12:33:31.369  8130  8130 I cr_ChildProcessService: Creating new ChildProcessService pid=8130
11-01 12:33:31.409  8130  8143 I cr_LibraryLoader: Loaded native library version number "85.0.4183.127"
11-01 12:33:31.410  8130  8143 I cr_CachingUmaRecorder: Flushed 1 samples from 1 histograms.
11-01 12:33:31.425  8143  8143 W CrUtilityMain: type=1400 audit(0.0:171): avc: denied { setattr } for name="LICENSE.txt" dev="dm-2" ino=52738 scontext=u:r:isolated_app:s0:c512,c768 tcontext=u:object_r:app_data_file:s0:c512,c768 tclass=file permissive=0
11-01 12:33:31.425  8143  8143 W CrUtilityMain: type=1400 audit(0.0:172): avc: denied { setattr } for name=46696C746572696E672052756C6573 dev="dm-2" ino=52595 scontext=u:r:isolated_app:s0:c512,c768 tcontext=u:object_r:app_data_file:s0:c512,c768 tclass=file permissive=0
11-01 12:33:31.428  8143  8143 W CrUtilityMain: type=1400 audit(0.0:173): avc: denied { setattr } for name="manifest.json" dev="dm-2" ino=53084 scontext=u:r:isolated_app:s0:c512,c768 tcontext=u:object_r:app_data_file:s0:c512,c768 tclass=file permissive=0
11-01 12:33:31.428  8143  8143 W CrUtilityMain: type=1400 audit(0.0:174): avc: denied { setattr } for name="verified_contents.json" dev="dm-2" ino=52915 scontext=u:r:isolated_app:s0:c512,c768 tcontext=u:object_r:app_data_file:s0:c512,c768 tclass=file permissive=0
11-01 12:33:31.439  8130  8143 I chromium: [INFO:child_process_service.cc(69)] ChildProcessService: Exiting child process.
11-01 12:33:31.440   197   197 E lowmemorykiller: Error writing /proc/8130/oom_score_adj; errno=22
11-01 12:33:31.463   600  1484 I ActivityManager: Process com.android.chrome:sandboxed_process21 (pid 8130) has died
11-01 12:33:31.463   600  1484 D ActivityManager: cleanUpApplicationRecord -- 8130
11-01 12:33:31.469  7461  7461 W chromium: [WARNING:compositor_view.cc(315)] Child process died (type=6) pid=8130)
11-01 12:33:33.126  8082  8082 D MonkeyStub: translateCommand: tap 724 439
11-01 12:33:33.461   198   198 E SELinux : avc:  denied  { find } for service=netd pid=8149 uid=2000 scontext=u:r:shell:s0 tcontext=u:object_r:netd_service:s0 tclass=service_manager permissive=0
11-01 12:33:33.467   198   198 E SELinux : avc:  denied  { find } for service=android.service.gatekeeper.IGateKeeperService pid=8149 uid=2000 scontext=u:r:shell:s0 tcontext=u:object_r:gatekeeper_service:s0 tclass=service_manager permissive=0
11-01 12:33:33.562   600  1666 I ActivityManager: Start proc 8150:com.android.chrome:sandboxed_process22/u0i83 for service com.android.chrome/org.chromium.content.app.SandboxedProcessService22
11-01 12:33:33.605  8150  8150 W boxed_process22: type=1400 audit(0.0:175): avc: denied { getattr } for path="/data/data/com.android.chrome" dev="dm-2" ino=12190 scontext=u:r:isolated_app:s0:c512,c768 tcontext=u:object_r:app_data_file:s0:c512,c768 tclass=dir permissive=0
11-01 12:33:33.631  8150  8150 I cr_ChildProcessService: Creating new ChildProcessService pid=8150
11-01 12:33:33.709  8150  8163 I cr_LibraryLoader: Loaded native library version number "85.0.4183.127"
11-01 12:33:33.710  8150  8163 I cr_CachingUmaRecorder: Flushed 1 samples from 1 histograms.
11-01 12:33:33.861  8163  8163 W CrUtilityMain: type=1400 audit(0.0:176): avc: denied { setattr } for name="tl_en-us_2022-10-26_484799359_100000_index.bin" dev="dm-2" ino=56804 scontext=u:r:isolated_app:s0:c512,c768 tcontext=u:object_r:app_data_file:s0:c512,c768 tclass=file permissive=0
11-01 12:33:33.868  8163  8163 W CrUtilityMain: type=1400 audit(0.0:177): avc: denied { setattr } for name="manifest.json" dev="dm-2" ino=56560 scontext=u:r:isolated_app:s0:c512,c768 tcontext=u:object_r:app_data_file:s0:c512,c768 tclass=file permissive=0
11-01 12:33:33.875  8163  8163 W CrUtilityMain: type=1400 audit(0.0:178): avc: denied { setattr } for name="verified_contents.json" dev="dm-2" ino=56559 scontext=u:r:isolated_app:s0:c512,c768 tcontext=u:object_r:app_data_file:s0:c512,c768 tclass=file permissive=0
11-01 12:33:33.886  8150  8150 I cr_ChildProcessService: Destroying ChildProcessService pid=8150
11-01 12:33:33.891   600  5522 I ActivityManager: Killing 8150:com.android.chrome:sandboxed_process22/u0a35i83 (adj 0): isolated not needed
11-01 12:33:33.944   600  1666 D ActivityManager: cleanUpApplicationRecord -- 8150
11-01 12:33:33.976  7461  7461 W chromium: [WARNING:compositor_view.cc(315)] Child process died (type=6) pid=8150)
11-01 12:33:34.006   785  1234 E AsyncOperation: serviceID=121, operation=GetLaunchDataOperation [CONTEXT service_id=259 ]
11-01 12:33:34.006   785  1234 E AsyncOperation: OperationException[Status{statusCode=Not an instant app, resolution=null}]
11-01 12:33:34.006   785  1234 E AsyncOperation: 	at aeay.a(:com.google.android.gms@203915020@20.39.15 (040406-335085812):20)
11-01 12:33:34.006   785  1234 E AsyncOperation: 	at aain.run(:com.google.android.gms@203915020@20.39.15 (040406-335085812):7)
11-01 12:33:34.006   785  1234 E AsyncOperation: 	at boex.run(:com.google.android.gms@203915020@20.39.15 (040406-335085812):2)
11-01 12:33:34.006   785  1234 E AsyncOperation: 	at sup.b(:com.google.android.gms@203915020@20.39.15 (040406-335085812):12)
11-01 12:33:34.006   785  1234 E AsyncOperation: 	at sup.run(:com.google.android.gms@203915020@20.39.15 (040406-335085812):7)
11-01 12:33:34.006   785  1234 E AsyncOperation: 	at java.util.concurrent.ThreadPoolExecutor.runWorker(ThreadPoolExecutor.java:1133)
11-01 12:33:34.006   785  1234 E AsyncOperation: 	at java.util.concurrent.ThreadPoolExecutor$Worker.run(ThreadPoolExecutor.java:607)
11-01 12:33:34.006   785  1234 E AsyncOperation: 	at tam.run(:com.google.android.gms@203915020@20.39.15 (040406-335085812):0)
11-01 12:33:34.006   785  1234 E AsyncOperation: 	at java.lang.Thread.run(Thread.java:761)
11-01 12:33:34.631   785  1744 W Icing   : isOptedInForAppHistory: empty Account Name encountered
11-01 12:33:34.648   785  1744 W Icing   : isOptedInForAppHistory: empty Account Name encountered
11-01 12:33:34.666   785  7056 W Icing   : isOptedInForAppHistory: empty Account Name encountered
11-01 12:33:36.498   600   611 I ActivityManager: Start proc 8169:com.android.chrome:sandboxed_process23/u0i84 for service com.android.chrome/org.chromium.content.app.SandboxedProcessService23
11-01 12:33:36.545  8169  8169 W boxed_process23: type=1400 audit(0.0:179): avc: denied { getattr } for path="/data/data/com.android.chrome" dev="dm-2" ino=12190 scontext=u:r:isolated_app:s0:c512,c768 tcontext=u:object_r:app_data_file:s0:c512,c768 tclass=dir permissive=0
11-01 12:33:36.568  8169  8169 I cr_ChildProcessService: Creating new ChildProcessService pid=8169
11-01 12:33:36.615  8169  8183 I cr_LibraryLoader: Loaded native library version number "85.0.4183.127"
11-01 12:33:36.616  8169  8183 I cr_CachingUmaRecorder: Flushed 1 samples from 1 histograms.
11-01 12:33:36.628  8183  8183 W CrUtilityMain: type=1400 audit(0.0:180): avc: denied { setattr } for name="optimization-hints.pb" dev="dm-2" ino=57614 scontext=u:r:isolated_app:s0:c512,c768 tcontext=u:object_r:app_data_file:s0:c512,c768 tclass=file permissive=0
11-01 12:33:36.631  8183  8183 W CrUtilityMain: type=1400 audit(0.0:181): avc: denied { setattr } for name="manifest.json" dev="dm-2" ino=57599 scontext=u:r:isolated_app:s0:c512,c768 tcontext=u:object_r:app_data_file:s0:c512,c768 tclass=file permissive=0
11-01 12:33:36.631  8183  8183 W CrUtilityMain: type=1400 audit(0.0:182): avc: denied { setattr } for name="verified_contents.json" dev="dm-2" ino=57435 scontext=u:r:isolated_app:s0:c512,c768 tcontext=u:object_r:app_data_file:s0:c512,c768 tclass=file permissive=0
11-01 12:33:36.639  8169  8169 I cr_ChildProcessService: Destroying ChildProcessService pid=8169
11-01 12:33:36.639  8169  8183 I chromium: [INFO:child_process_service.cc(69)] ChildProcessService: Exiting child process.
11-01 12:33:36.659   600  8040 I ActivityManager: Process com.android.chrome:sandboxed_process23 (pid 8169) has died
11-01 12:33:36.659   600  8040 D ActivityManager: cleanUpApplicationRecord -- 8169
11-01 12:33:36.668  7461  7461 W chromium: [WARNING:compositor_view.cc(315)] Child process died (type=6) pid=8169)
11-01 12:33:39.164  7461  7461 I Choreographer: Skipped 62 frames!  The application may be doing too much work on its main thread.
11-01 12:33:39.428   600   611 I ActivityManager: Start proc 8189:com.android.chrome:sandboxed_process24/u0i85 for service com.android.chrome/org.chromium.content.app.SandboxedProcessService24
11-01 12:33:39.471  8189  8189 W boxed_process24: type=1400 audit(0.0:183): avc: denied { getattr } for path="/data/data/com.android.chrome" dev="dm-2" ino=12190 scontext=u:r:isolated_app:s0:c512,c768 tcontext=u:object_r:app_data_file:s0:c512,c768 tclass=dir permissive=0
11-01 12:33:39.492  8189  8189 I cr_ChildProcessService: Creating new ChildProcessService pid=8189
11-01 12:33:39.543  8189  8202 I cr_LibraryLoader: Loaded native library version number "85.0.4183.127"
11-01 12:33:39.543  8189  8202 I cr_CachingUmaRecorder: Flushed 1 samples from 1 histograms.
11-01 12:33:39.561  8202  8202 W CrUtilityMain: type=1400 audit(0.0:184): avc: denied { setattr } for name="crl-set" dev="dm-2" ino=57822 scontext=u:r:isolated_app:s0:c512,c768 tcontext=u:object_r:app_data_file:s0:c512,c768 tclass=file permissive=0
11-01 12:33:39.565  8202  8202 W CrUtilityMain: type=1400 audit(0.0:185): avc: denied { setattr } for name="manifest.json" dev="dm-2" ino=58283 scontext=u:r:isolated_app:s0:c512,c768 tcontext=u:object_r:app_data_file:s0:c512,c768 tclass=file permissive=0
11-01 12:33:39.565  8202  8202 W CrUtilityMain: type=1400 audit(0.0:186): avc: denied { setattr } for name="LICENSE" dev="dm-2" ino=58507 scontext=u:r:isolated_app:s0:c512,c768 tcontext=u:object_r:app_data_file:s0:c512,c768 tclass=file permissive=0
11-01 12:33:39.568  8202  8202 W CrUtilityMain: type=1400 audit(0.0:187): avc: denied { setattr } for name="verified_contents.json" dev="dm-2" ino=58485 scontext=u:r:isolated_app:s0:c512,c768 tcontext=u:object_r:app_data_file:s0:c512,c768 tclass=file permissive=0
11-01 12:33:39.579  8189  8202 I chromium: [INFO:child_process_service.cc(69)] ChildProcessService: Exiting child process.
11-01 12:33:39.603   600  1485 I ActivityManager: Process com.android.chrome:sandboxed_process24 (pid 8189) has died
11-01 12:33:39.603   600  1485 D ActivityManager: cleanUpApplicationRecord -- 8189
11-01 12:33:39.609  7461  7461 W chromium: [WARNING:compositor_view.cc(315)] Child process died (type=6) pid=8189)
11-01 12:33:41.372  8082  8082 D MonkeyStub: translateCommand: touch down 614 1561
11-01 12:33:41.377  8082  8082 D MonkeyStub: translateCommand: touch move 614 1561
11-01 12:33:41.486  8082  8082 D MonkeyStub: translateCommand: touch move 614 1436
11-01 12:33:41.596  8082  8082 D MonkeyStub: translateCommand: touch move 614 1311
11-01 12:33:41.702  8082  8082 D MonkeyStub: translateCommand: touch move 614 1186
11-01 12:33:41.808  8082  8082 D MonkeyStub: translateCommand: touch move 614 1061
11-01 12:33:41.916  8082  8082 D MonkeyStub: translateCommand: touch move 614 937
11-01 12:33:42.028  8082  8082 D MonkeyStub: translateCommand: touch move 614 812
11-01 12:33:42.132  8082  8082 D MonkeyStub: translateCommand: touch move 614 687
11-01 12:33:42.242  8082  8082 D MonkeyStub: translateCommand: touch move 614 562
11-01 12:33:42.353  8082  8082 D MonkeyStub: translateCommand: touch move 614 437
11-01 12:33:42.461  8082  8082 D MonkeyStub: translateCommand: touch move 614 312
11-01 12:33:42.474  8082  8082 D MonkeyStub: translateCommand: touch up 614 312
11-01 12:33:42.498  8082  8082 D MonkeyStub: translateCommand: touch down 614 1561
11-01 12:33:42.504  8082  8082 D MonkeyStub: translateCommand: touch move 614 1561
11-01 12:33:42.549   600  1068 I ActivityManager: Start proc 8206:com.android.chrome:sandboxed_process25/u0i86 for service com.android.chrome/org.chromium.content.app.SandboxedProcessService25
11-01 12:33:42.609  8082  8082 D MonkeyStub: translateCommand: touch move 614 1436
11-01 12:33:42.621  8206  8206 W boxed_process25: type=1400 audit(0.0:188): avc: denied { getattr } for path="/data/data/com.android.chrome" dev="dm-2" ino=12190 scontext=u:r:isolated_app:s0:c512,c768 tcontext=u:object_r:app_data_file:s0:c512,c768 tclass=dir permissive=0
11-01 12:33:42.652  8206  8206 I cr_ChildProcessService: Creating new ChildProcessService pid=8206
11-01 12:33:42.716  8082  8082 D MonkeyStub: translateCommand: touch move 614 1311
11-01 12:33:42.722  8206  8219 I cr_LibraryLoader: Loaded native library version number "85.0.4183.127"
11-01 12:33:42.723  8206  8219 I cr_CachingUmaRecorder: Flushed 1 samples from 1 histograms.
11-01 12:33:42.751  8219  8219 W CrUtilityMain: type=1400 audit(0.0:189): avc: denied { setattr } for name="manifest.json" dev="dm-2" ino=59653 scontext=u:r:isolated_app:s0:c512,c768 tcontext=u:object_r:app_data_file:s0:c512,c768 tclass=file permissive=0
11-01 12:33:42.755  8219  8219 W CrUtilityMain: type=1400 audit(0.0:190): avc: denied { setattr } for name="verified_contents.json" dev="dm-2" ino=59847 scontext=u:r:isolated_app:s0:c512,c768 tcontext=u:object_r:app_data_file:s0:c512,c768 tclass=file permissive=0
11-01 12:33:42.768  8206  8219 I chromium: [INFO:child_process_service.cc(69)] ChildProcessService: Exiting child process.
11-01 12:33:42.769  8206  8206 I cr_ChildProcessService: Destroying ChildProcessService pid=8206
11-01 12:33:42.787   600  1665 I ActivityManager: Process com.android.chrome:sandboxed_process25 (pid 8206) has died
11-01 12:33:42.787   600  1665 D ActivityManager: cleanUpApplicationRecord -- 8206
11-01 12:33:42.794  7461  7461 W chromium: [WARNING:compositor_view.cc(315)] Child process died (type=6) pid=8206)
11-01 12:33:42.820  8082  8082 D MonkeyStub: translateCommand: touch move 614 1186
11-01 12:33:42.935  8082  8082 D MonkeyStub: translateCommand: touch move 614 1061
11-01 12:33:43.043  8082  8082 D MonkeyStub: translateCommand: touch move 614 937
11-01 12:33:43.151  8082  8082 D MonkeyStub: translateCommand: touch move 614 812
11-01 12:33:43.262  8082  8082 D MonkeyStub: translateCommand: touch move 614 687
11-01 12:33:43.376  8082  8082 D MonkeyStub: translateCommand: touch move 614 562
11-01 12:33:43.484  8082  8082 D MonkeyStub: translateCommand: touch move 614 437
11-01 12:33:43.609  8082  8082 D MonkeyStub: translateCommand: touch move 614 312
11-01 12:33:43.647  8082  8082 D MonkeyStub: translateCommand: touch up 614 312
11-01 12:33:45.721  7461  7461 I Choreographer: Skipped 55 frames!  The application may be doing too much work on its main thread.
11-01 12:33:46.003   600  1066 I ActivityManager: Start proc 8226:com.android.chrome:sandboxed_process26/u0i87 for service com.android.chrome/org.chromium.content.app.SandboxedProcessService26
11-01 12:33:46.055  8226  8226 W boxed_process26: type=1400 audit(0.0:191): avc: denied { getattr } for path="/data/data/com.android.chrome" dev="dm-2" ino=12190 scontext=u:r:isolated_app:s0:c512,c768 tcontext=u:object_r:app_data_file:s0:c512,c768 tclass=dir permissive=0
11-01 12:33:46.091  8226  8226 I cr_ChildProcessService: Creating new ChildProcessService pid=8226
11-01 12:33:46.145  8226  8239 I cr_LibraryLoader: Loaded native library version number "85.0.4183.127"
11-01 12:33:46.146  8226  8239 I cr_CachingUmaRecorder: Flushed 1 samples from 1 histograms.
11-01 12:33:46.171  8239  8239 W CrUtilityMain: type=1400 audit(0.0:192): avc: denied { setattr } for name="download_file_types.pb" dev="dm-2" ino=60163 scontext=u:r:isolated_app:s0:c512,c768 tcontext=u:object_r:app_data_file:s0:c512,c768 tclass=file permissive=0
11-01 12:33:46.171  8239  8239 W CrUtilityMain: type=1400 audit(0.0:193): avc: denied { setattr } for name="manifest.json" dev="dm-2" ino=60146 scontext=u:r:isolated_app:s0:c512,c768 tcontext=u:object_r:app_data_file:s0:c512,c768 tclass=file permissive=0
11-01 12:33:46.175  8239  8239 W CrUtilityMain: type=1400 audit(0.0:194): avc: denied { setattr } for name="verified_contents.json" dev="dm-2" ino=61377 scontext=u:r:isolated_app:s0:c512,c768 tcontext=u:object_r:app_data_file:s0:c512,c768 tclass=file permissive=0
11-01 12:33:46.186  8226  8226 I cr_ChildProcessService: Destroying ChildProcessService pid=8226
11-01 12:33:46.252  8226  8239 I chromium: [INFO:child_process_service.cc(69)] ChildProcessService: Exiting child process.
11-01 12:33:46.279   600   713 I ActivityManager: Process com.android.chrome:sandboxed_process26 (pid 8226) has died
11-01 12:33:46.279   600   713 D ActivityManager: cleanUpApplicationRecord -- 8226
11-01 12:33:46.281  7461  7461 W chromium: [WARNING:compositor_view.cc(315)] Child process died (type=6) pid=8226)
11-01 12:33:48.129  7461  7461 I cr_tabmodel: Appending tabs being restored to metadata lists, 0, startingNormalCount: 2, startingIncognitoCount: 0
11-01 12:33:48.129  7461  7461 I cr_tabmodel: Serializing tab lists; counts: 2, 0
11-01 12:33:48.759  8082  8082 D MonkeyStub: Quit requested
11-01 12:33:48.805   600   614 I CwMcuSensor: CwMcuSensor::flush: fd = 195, sensors_id = 0, path = /sys/class/htc_sensorhub/sensor_hub/flush, err = 0
11-01 12:33:48.807  8082  8082 I art     : System.exit called, status: 80
11-01 12:33:48.807  8082  8082 I AndroidRuntime: VM exiting with result code 80.
11-01 12:33:48.849   600  1665 W WindowManager: Attempted to remove non-existing token: android.os.Binder@a8c7058
11-01 12:33:49.702   600  1665 I ActivityManager: Start proc 8247:com.android.chrome:sandboxed_process27/u0i88 for service com.android.chrome/org.chromium.content.app.SandboxedProcessService27
11-01 12:33:49.765  8247  8247 W boxed_process27: type=1400 audit(0.0:195): avc: denied { getattr } for path="/data/data/com.android.chrome" dev="dm-2" ino=12190 scontext=u:r:isolated_app:s0:c512,c768 tcontext=u:object_r:app_data_file:s0:c512,c768 tclass=dir permissive=0
11-01 12:33:49.793  8247  8247 I cr_ChildProcessService: Creating new ChildProcessService pid=8247
11-01 12:33:49.863  8247  8260 I cr_LibraryLoader: Loaded native library version number "85.0.4183.127"
11-01 12:33:49.863  8247  8260 I cr_CachingUmaRecorder: Flushed 1 samples from 1 histograms.
11-01 12:33:49.881  8260  8260 W CrUtilityMain: type=1400 audit(0.0:196): avc: denied { setattr } for name="ssl_error_assistant.pb" dev="dm-2" ino=61349 scontext=u:r:isolated_app:s0:c512,c768 tcontext=u:object_r:app_data_file:s0:c512,c768 tclass=file permissive=0
11-01 12:33:49.881  8260  8260 W CrUtilityMain: type=1400 audit(0.0:197): avc: denied { setattr } for name="manifest.json" dev="dm-2" ino=61217 scontext=u:r:isolated_app:s0:c512,c768 tcontext=u:object_r:app_data_file:s0:c512,c768 tclass=file permissive=0
11-01 12:33:49.885  8260  8260 W CrUtilityMain: type=1400 audit(0.0:198): avc: denied { setattr } for name="verified_contents.json" dev="dm-2" ino=61333 scontext=u:r:isolated_app:s0:c512,c768 tcontext=u:object_r:app_data_file:s0:c512,c768 tclass=file permissive=0
11-01 12:33:49.896  8247  8260 I chromium: [INFO:child_process_service.cc(69)] ChildProcessService: Exiting child process.
11-01 12:33:49.898   197   197 E lowmemorykiller: Error writing /proc/8247/oom_score_adj; errno=22
11-01 12:33:49.906   600  5522 I ActivityManager: Process com.android.chrome:sandboxed_process27 (pid 8247) has died
11-01 12:33:49.907   600  5522 D ActivityManager: cleanUpApplicationRecord -- 8247
11-01 12:33:49.909  7461  7461 W chromium: [WARNING:compositor_view.cc(315)] Child process died (type=6) pid=8247)
11-01 12:33:53.767   600  8039 I ActivityManager: Start proc 8264:com.android.chrome:sandboxed_process28/u0i89 for service com.android.chrome/org.chromium.content.app.SandboxedProcessService28
11-01 12:33:53.835  8264  8264 W boxed_process28: type=1400 audit(0.0:199): avc: denied { getattr } for path="/data/data/com.android.chrome" dev="dm-2" ino=12190 scontext=u:r:isolated_app:s0:c512,c768 tcontext=u:object_r:app_data_file:s0:c512,c768 tclass=dir permissive=0
11-01 12:33:53.866  8264  8264 I cr_ChildProcessService: Creating new ChildProcessService pid=8264
11-01 12:33:53.913  8264  8277 I cr_LibraryLoader: Loaded native library version number "85.0.4183.127"
11-01 12:33:53.914  8264  8277 I cr_CachingUmaRecorder: Flushed 1 samples from 1 histograms.
11-01 12:33:53.928  8277  8277 W CrUtilityMain: type=1400 audit(0.0:200): avc: denied { setattr } for name="safety_tips.pb" dev="dm-2" ino=61429 scontext=u:r:isolated_app:s0:c512,c768 tcontext=u:object_r:app_data_file:s0:c512,c768 tclass=file permissive=0
11-01 12:33:53.928  8277  8277 W CrUtilityMain: type=1400 audit(0.0:201): avc: denied { setattr } for name="manifest.json" dev="dm-2" ino=61746 scontext=u:r:isolated_app:s0:c512,c768 tcontext=u:object_r:app_data_file:s0:c512,c768 tclass=file permissive=0
11-01 12:33:53.931  8277  8277 W CrUtilityMain: type=1400 audit(0.0:202): avc: denied { setattr } for name="verified_contents.json" dev="dm-2" ino=61558 scontext=u:r:isolated_app:s0:c512,c768 tcontext=u:object_r:app_data_file:s0:c512,c768 tclass=file permissive=0
11-01 12:33:53.940  8264  8277 I chromium: [INFO:child_process_service.cc(69)] ChildProcessService: Exiting child process.
11-01 12:33:53.962   600   610 I ActivityManager: Process com.android.chrome:sandboxed_process28 (pid 8264) has died
11-01 12:33:53.962   600   610 D ActivityManager: cleanUpApplicationRecord -- 8264
11-01 12:33:53.964  7461  7461 W chromium: [WARNING:compositor_view.cc(315)] Child process died (type=6) pid=8264)
11-01 12:33:58.114   600  5522 I ActivityManager: Start proc 8282:com.android.chrome:sandboxed_process29/u0i90 for service com.android.chrome/org.chromium.content.app.SandboxedProcessService29
11-01 12:33:58.181  8282  8282 W boxed_process29: type=1400 audit(0.0:203): avc: denied { getattr } for path="/data/data/com.android.chrome" dev="dm-2" ino=12190 scontext=u:r:isolated_app:s0:c512,c768 tcontext=u:object_r:app_data_file:s0:c512,c768 tclass=dir permissive=0
11-01 12:33:58.211  8282  8282 I cr_ChildProcessService: Creating new ChildProcessService pid=8282
11-01 12:33:58.263  8282  8295 I cr_LibraryLoader: Loaded native library version number "85.0.4183.127"
11-01 12:33:58.264  8282  8295 I cr_CachingUmaRecorder: Flushed 1 samples from 1 histograms.
11-01 12:33:58.278  8295  8295 W CrUtilityMain: type=1400 audit(0.0:204): avc: denied { setattr } for name=5072656C6F61642044617461 dev="dm-2" ino=61430 scontext=u:r:isolated_app:s0:c512,c768 tcontext=u:object_r:app_data_file:s0:c512,c768 tclass=file permissive=0
11-01 12:33:58.278  8295  8295 W CrUtilityMain: type=1400 audit(0.0:205): avc: denied { setattr } for name="manifest.json" dev="dm-2" ino=61546 scontext=u:r:isolated_app:s0:c512,c768 tcontext=u:object_r:app_data_file:s0:c512,c768 tclass=file permissive=0
11-01 12:33:58.278  8295  8295 W CrUtilityMain: type=1400 audit(0.0:206): avc: denied { setattr } for name="verified_contents.json" dev="dm-2" ino=61818 scontext=u:r:isolated_app:s0:c512,c768 tcontext=u:object_r:app_data_file:s0:c512,c768 tclass=file permissive=0
11-01 12:33:58.285  8282  8295 I chromium: [INFO:child_process_service.cc(69)] ChildProcessService: Exiting child process.
11-01 12:33:58.286   197   197 E lowmemorykiller: Error writing /proc/8282/oom_score_adj; errno=22
11-01 12:33:58.306   600  1066 I ActivityManager: Process com.android.chrome:sandboxed_process29 (pid 8282) has died
11-01 12:33:58.306   600  1066 D ActivityManager: cleanUpApplicationRecord -- 8282
11-01 12:33:58.307  7461  7461 W chromium: [WARNING:compositor_view.cc(315)] Child process died (type=6) pid=8282)
11-01 12:34:02.727   600  5522 I ActivityManager: Start proc 8300:com.android.chrome:sandboxed_process30/u0i91 for service com.android.chrome/org.chromium.content.app.SandboxedProcessService30
11-01 12:34:02.771  8300  8300 W boxed_process30: type=1400 audit(0.0:207): avc: denied { getattr } for path="/data/data/com.android.chrome" dev="dm-2" ino=12190 scontext=u:r:isolated_app:s0:c512,c768 tcontext=u:object_r:app_data_file:s0:c512,c768 tclass=dir permissive=0
11-01 12:34:02.797  8300  8300 I cr_ChildProcessService: Creating new ChildProcessService pid=8300
11-01 12:34:02.843  8300  8313 I cr_LibraryLoader: Loaded native library version number "85.0.4183.127"
11-01 12:34:02.843  8300  8313 I cr_CachingUmaRecorder: Flushed 1 samples from 1 histograms.
