--------- beginning of main
11-02 10:14:46.053 13178 13178 D AndroidRuntime: >>>>>> START com.android.internal.os.RuntimeInit uid 2000 <<<<<<
11-02 10:14:46.057 13178 13178 D AndroidRuntime: CheckJNI is OFF
11-02 10:14:46.123 13178 13178 D ICU     : No timezone override file found: /data/misc/zoneinfo/current/icu/icu_tzdata.dat
11-02 10:14:46.152 13178 13178 I Radio-JNI: register_android_hardware_Radio DONE
11-02 10:14:46.167 13178 13178 D AndroidRuntime: Calling main entry com.android.commands.am.Am
--------- beginning of system
11-02 10:14:46.184   601  4262 I ActivityManager: Force stopping com.android.chrome appid=10035 user=0: from pid 13178
11-02 10:14:46.184   601  4262 I ActivityManager: Killing 13143:com.android.chrome/u0a35 (adj 902): stop com.android.chrome
11-02 10:14:46.184   601  4262 D ActivityManager: cleanUpApplicationRecord -- 13143
11-02 10:14:46.197  1052  1052 D RegisteredNfcFServicesCache: Service unchanged, not updating
11-02 10:14:46.441   601  3564 I ActivityManager: START u0 {act=android.intent.action.VIEW flg=0x10008000 cmp=com.android.chrome/com.google.android.apps.chrome.Main} from uid 2000 on display 0
11-02 10:14:46.462 13178 13178 D AndroidRuntime: Shutting down VM
11-02 10:14:46.507   601 12691 I ActivityManager: Start proc 13188:com.android.chrome/u0a35 for activity com.android.chrome/com.google.android.apps.chrome.Main
11-02 10:14:46.656   601 12301 I ActivityManager: START u0 {cmp=com.android.chrome/org.chromium.chrome.browser.firstrun.TabbedModeFirstRunActivity (has extras)} from uid 10035 on display 0
11-02 10:14:46.671 13188 13205 W DynamiteModule: Local module descriptor class for com.google.android.gms.googlecertificates not found.
11-02 10:14:46.696 13188 13205 I DynamiteModule: Considering local module com.google.android.gms.googlecertificates:0 and remote module com.google.android.gms.googlecertificates:6
11-02 10:14:46.696 13188 13205 I DynamiteModule: Selected remote version of com.google.android.gms.googlecertificates, version >= 6
11-02 10:14:46.813 13188 13205 W System  : ClassLoader referenced unknown path: 
11-02 10:14:46.856 13188 13205 D ApplicationLoaders: ignored Vulkan layer search path /data/app/com.google.android.gms-1/lib/arm:/data/app/com.google.android.gms-1/base.apk!/lib/armeabi-v7a:/data/app/com.google.android.gms-1/split_config.en.apk!/lib/armeabi-v7a for namespace 0xf387f090
11-02 10:14:46.860 13188 13205 W ResourceType: ResTable_typeSpec entry count inconsistent: given 67, previously 69
11-02 10:14:46.860 13188 13205 W ResourceType: ResTable_typeSpec entry count inconsistent: given 5346, previously 5347
11-02 10:14:46.861 13188 13207 I OpenGLRenderer: Initialized EGL, version 1.4
11-02 10:14:46.861 13188 13207 D OpenGLRenderer: Swap behavior 2
11-02 10:14:46.882 13188 13205 I DynamiteLoaderV2Impl: [70] Googlecertificates
11-02 10:14:46.887 13188 13206 I cr_LibraryLoader: Loaded native library version number "85.0.4183.127"
11-02 10:14:46.904 13188 13205 W System  : ClassLoader referenced unknown path: /data/user_de/0/com.google.android.gms/app_chimera/m/00000061/n/armeabi-v7a
11-02 10:14:46.904 13188 13205 W System  : ClassLoader referenced unknown path: /data/user_de/0/com.google.android.gms/app_chimera/m/00000061/n/armeabi
11-02 10:14:46.912 13188 13206 I cr_CachingUmaRecorder: Flushed 10 samples from 10 histograms.
11-02 10:14:47.009   601   621 W WindowManager: Failed looking up window
11-02 10:14:47.009   601   621 W WindowManager: java.lang.IllegalArgumentException: Requested window android.view.ViewRootImpl$W@7a56964 does not exist
11-02 10:14:47.009   601   621 W WindowManager: 	at com.android.server.wm.WindowManagerService.windowForClientLocked(WindowManagerService.java:9422)
11-02 10:14:47.009   601   621 W WindowManager: 	at com.android.server.wm.WindowManagerService.windowForClientLocked(WindowManagerService.java:9413)
11-02 10:14:47.009   601   621 W WindowManager: 	at com.android.server.wm.WindowManagerService.removeWindow(WindowManagerService.java:2393)
11-02 10:14:47.009   601   621 W WindowManager: 	at com.android.server.wm.Session.remove(Session.java:202)
11-02 10:14:47.009   601   621 W WindowManager: 	at android.view.ViewRootImpl.dispatchDetachedFromWindow(ViewRootImpl.java:3290)
11-02 10:14:47.009   601   621 W WindowManager: 	at android.view.ViewRootImpl.doDie(ViewRootImpl.java:5917)
11-02 10:14:47.009   601   621 W WindowManager: 	at android.view.ViewRootImpl$ViewRootHandler.handleMessage(ViewRootImpl.java:3626)
11-02 10:14:47.009   601   621 W WindowManager: 	at android.os.Handler.dispatchMessage(Handler.java:102)
11-02 10:14:47.009   601   621 W WindowManager: 	at android.os.Looper.loop(Looper.java:154)
11-02 10:14:47.009   601   621 W WindowManager: 	at android.os.HandlerThread.run(HandlerThread.java:61)
11-02 10:14:47.009   601   621 W WindowManager: 	at com.android.server.ServiceThread.run(ServiceThread.java:46)
11-02 10:14:47.033 13188 13202 D NetworkSecurityConfig: Using Network Security Config from resource 0_resource_name_obfuscated debugBuild: false
11-02 10:14:47.036   601   621 I ActivityManager: Displayed com.android.chrome/org.chromium.chrome.browser.firstrun.TabbedModeFirstRunActivity: +341ms (total +575ms)
11-02 10:14:47.048   785  1162 E apju    : Phenotype API error. Event # cdub@f698b6a, EventCode: 7 [CONTEXT service_id=51 ]
11-02 10:14:47.048   785  1162 E apju    : apiz: 29505: No config packages for log source, or config package not registered
11-02 10:14:47.048   785  1162 E apju    : 	at apkj.b(:com.google.android.gms@203915020@20.39.15 (040406-335085812):7)
11-02 10:14:47.048   785  1162 E apju    : 	at apkg.b(:com.google.android.gms@203915020@20.39.15 (040406-335085812):2)
11-02 10:14:47.048   785  1162 E apju    : 	at apju.a(:com.google.android.gms@203915020@20.39.15 (040406-335085812):85)
11-02 10:14:47.048   785  1162 E apju    : 	at apju.a(:com.google.android.gms@203915020@20.39.15 (040406-335085812):80)
11-02 10:14:47.048   785  1162 E apju    : 	at aain.run(:com.google.android.gms@203915020@20.39.15 (040406-335085812):7)
11-02 10:14:47.048   785  1162 E apju    : 	at boex.run(:com.google.android.gms@203915020@20.39.15 (040406-335085812):2)
11-02 10:14:47.048   785  1162 E apju    : 	at sup.b(:com.google.android.gms@203915020@20.39.15 (040406-335085812):12)
11-02 10:14:47.048   785  1162 E apju    : 	at sup.run(:com.google.android.gms@203915020@20.39.15 (040406-335085812):7)
11-02 10:14:47.048   785  1162 E apju    : 	at java.util.concurrent.ThreadPoolExecutor.runWorker(ThreadPoolExecutor.java:1133)
11-02 10:14:47.048   785  1162 E apju    : 	at java.util.concurrent.ThreadPoolExecutor$Worker.run(ThreadPoolExecutor.java:607)
11-02 10:14:47.048   785  1162 E apju    : 	at tam.run(:com.google.android.gms@203915020@20.39.15 (040406-335085812):0)
11-02 10:14:47.048   785  1162 E apju    : 	at java.lang.Thread.run(Thread.java:761)
11-02 10:14:47.050   785  1162 E AsyncOperation: serviceID=51, operation=GetExperimentTokensOperationCall [CONTEXT service_id=259 ]
11-02 10:14:47.050   785  1162 E AsyncOperation: OperationException[Status{statusCode=No config packages for log source, or config package not registered, resolution=null}]
11-02 10:14:47.050   785  1162 E AsyncOperation: 	at apju.a(:com.google.android.gms@203915020@20.39.15 (040406-335085812):87)
11-02 10:14:47.050   785  1162 E AsyncOperation: 	at apju.a(:com.google.android.gms@203915020@20.39.15 (040406-335085812):80)
11-02 10:14:47.050   785  1162 E AsyncOperation: 	at aain.run(:com.google.android.gms@203915020@20.39.15 (040406-335085812):7)
11-02 10:14:47.050   785  1162 E AsyncOperation: 	at boex.run(:com.google.android.gms@203915020@20.39.15 (040406-335085812):2)
11-02 10:14:47.050   785  1162 E AsyncOperation: 	at sup.b(:com.google.android.gms@203915020@20.39.15 (040406-335085812):12)
11-02 10:14:47.050   785  1162 E AsyncOperation: 	at sup.run(:com.google.android.gms@203915020@20.39.15 (040406-335085812):7)
11-02 10:14:47.050   785  1162 E AsyncOperation: 	at java.util.concurrent.ThreadPoolExecutor.runWorker(ThreadPoolExecutor.java:1133)
11-02 10:14:47.050   785  1162 E AsyncOperation: 	at java.util.concurrent.ThreadPoolExecutor$Worker.run(ThreadPoolExecutor.java:607)
11-02 10:14:47.050   785  1162 E AsyncOperation: 	at tam.run(:com.google.android.gms@203915020@20.39.15 (040406-335085812):0)
11-02 10:14:47.050   785  1162 E AsyncOperation: 	at java.lang.Thread.run(Thread.java:761)
11-02 10:14:47.061   785   798 I FontLog : Received query Google Sans, URI content://com.google.android.gms.fonts [CONTEXT service_id=132 ]
11-02 10:14:47.063   785   798 I FontLog : Query [Google Sans] resolved to {Google Sans, wdth 100.0, wght 400, ital 0.0, bestEffort false} [CONTEXT service_id=132 ]
11-02 10:14:47.065   785   798 I FontLog : Font PFD returned from cache for {Google Sans, wdth 100.0, wght 400, ital 0.0, bestEffort false} [CONTEXT service_id=132 ]
11-02 10:14:47.066   785   798 I FontLog : Fetch {Google Sans, wdth 100.0, wght 400, ital 0.0, bestEffort false} end status Status{statusCode=SUCCESS, resolution=null} [CONTEXT service_id=132 ]
11-02 10:14:47.077   785  1696 I FontLog : Pulling font file for id = 153, cache size = 5 [CONTEXT service_id=132 ]
11-02 10:14:47.093   785   804 I FontLog : Received query Google Sans:500, URI content://com.google.android.gms.fonts [CONTEXT service_id=132 ]
11-02 10:14:47.093   785   804 I FontLog : Query [Google Sans:500] resolved to {Google Sans, wdth 100.0, wght 500, ital 0.0, bestEffort false} [CONTEXT service_id=132 ]
11-02 10:14:47.095   785   804 I FontLog : Font PFD returned from cache for {Google Sans, wdth 100.0, wght 500, ital 0.0, bestEffort false} [CONTEXT service_id=132 ]
11-02 10:14:47.096   785   804 I FontLog : Fetch {Google Sans, wdth 100.0, wght 500, ital 0.0, bestEffort false} end status Status{statusCode=SUCCESS, resolution=null} [CONTEXT service_id=132 ]
11-02 10:14:47.127   785  1706 I FontLog : Pulling font file for id = 154, cache size = 6 [CONTEXT service_id=132 ]
11-02 10:14:47.259 26552 26552 I MemoryTrimmer: Trimming objects from memory, since app is in the background.
11-02 10:14:47.262 26552 30767 W SearchService: Abort, client detached.
11-02 10:14:47.264  1065  1065 I MemoryTrimmer: Trimming objects from memory, since app is in the background.
11-02 10:14:47.268 26552 13062 I DeviceStateChecker: DeviceStateChecker cancelled
11-02 10:14:47.268 26552 26552 I MicroDetector: Keeping mic open: false
11-02 10:14:47.268 26552 27106 I MicroRecognitionRunner: Stopping hotword detection.
11-02 10:14:47.269 26552 26616 I AudioController: internalShutdown
11-02 10:14:47.273 26552 26616 I MicrophoneInputStream: mic_close com.google.android.apps.gsa.speech.audio.ae@b2a5871
11-02 10:14:47.273 26552 13061 I MicroRecognitionRunner: Detection finished
11-02 10:14:47.283   237   285 I SoundTriggerHwService::Module: void android::SoundTriggerHwService::Module::onCallbackEvent(const sp<android::SoundTriggerHwService::CallbackEvent> &) mClient == 0
11-02 10:14:47.295 26552 26552 I MemoryTrimmer: Trimming objects from memory, since app is in the background.
11-02 10:14:49.367 13188 13202 I cr_VariationsSeedFetch: Fetched first run seed in 2335 ms
11-02 10:14:49.429   601   660 I ActivityManager: Start proc 13222:com.android.chrome:sandboxed_process0/u0i844 for service com.android.chrome/org.chromium.content.app.SandboxedProcessService0
11-02 10:14:49.503 13222 13222 W dboxed_process0: type=1400 audit(0.0:1493): avc: denied { getattr } for path="/data/data/com.android.chrome" dev="dm-2" ino=12190 scontext=u:r:isolated_app:s0:c512,c768 tcontext=u:object_r:app_data_file:s0:c512,c768 tclass=dir permissive=0
11-02 10:14:49.545 13222 13222 I cr_ChildProcessService: Creating new ChildProcessService pid=13222
11-02 10:14:49.651   601 12301 I ActivityManager: Start proc 13249:com.android.chrome:privileged_process0/u0a35 for service com.android.chrome/org.chromium.content.app.PrivilegedProcessService0
11-02 10:14:49.722 13249 13249 I cr_ChildProcessService: Creating new ChildProcessService pid=13249
11-02 10:14:49.784 13249 13265 I cr_LibraryLoader: Loaded native library version number "85.0.4183.127"
11-02 10:14:49.785 13249 13265 I cr_CachingUmaRecorder: Flushed 1 samples from 1 histograms.
11-02 10:14:49.798 13188 13188 W cr_KnoxSettingsProvider: Permission to read device policy denied.
11-02 10:14:49.803 13188 13198 I art     : Background sticky concurrent mark sweep GC freed 1724(222KB) AllocSpace objects, 13(916KB) LOS objects, 19% free, 5MB/6MB, paused 5.203ms total 77.476ms
11-02 10:14:49.810 13249 13265 E libEGL  : validate_display:99 error 3008 (EGL_BAD_DISPLAY)
11-02 10:14:49.819 13188 13208 W ConnectionStatusConfig: Dynamic lookup for intent failed for action: com.google.android.gms.auth.key.retrieval.service.START
11-02 10:14:49.840 13188 13208 W ConnectionStatusConfig: Dynamic lookup for intent failed for action: com.google.android.gms.auth.key.retrieval.service.START
11-02 10:14:49.854   601   832 W ActivityManager: Unable to start service Intent { act=com.google.android.gms.auth.key.retrieval.service.START pkg=com.google.android.gms } U=0: not found
11-02 10:14:49.860   601  1452 W ActivityManager: Unbind failed: could not find connection for android.os.BinderProxy@8e18bbb
11-02 10:14:49.874 13188 13208 E GmsClient: unable to connect to service: com.google.android.gms.auth.key.retrieval.service.START on com.google.android.gms
11-02 10:14:57.399 26552 26552 I MemoryTrimmer: Trimming objects from memory, since app is in the background.
11-02 10:14:59.698 13292 13292 D AndroidRuntime: >>>>>> START com.android.internal.os.RuntimeInit uid 2000 <<<<<<
11-02 10:14:59.701 13292 13292 D AndroidRuntime: CheckJNI is OFF
11-02 10:14:59.766 13292 13292 D ICU     : No timezone override file found: /data/misc/zoneinfo/current/icu/icu_tzdata.dat
11-02 10:14:59.798 13292 13292 I Radio-JNI: register_android_hardware_Radio DONE
11-02 10:14:59.813 13292 13292 D AndroidRuntime: Calling main entry com.android.commands.monkey.Monkey
11-02 10:14:59.881   601   614 W BroadcastQueue: Skipping deliver [background] BroadcastRecord{f587ffa u-1 android.net.conn.CONNECTIVITY_CHANGE} to ReceiverList{508d9ab 13292 (unknown name)/2000/u-1 remote:62a961c}: process crashing
11-02 10:15:01.504 13292 13292 D MonkeyStub: translateCommand: wake
11-02 10:15:01.625 13292 13292 D MonkeyStub: translateCommand: tap 398 1198
11-02 10:15:03.714 13292 13292 D MonkeyStub: translateCommand: tap 720 1506
11-02 10:15:03.866 10984 10996 I PeopleChimeraService: onService. callbacks = aaik@1fa4aa0, request = com.google.android.gms.common.internal.GetServiceRequest@20eb659
11-02 10:15:03.875 10984 11103 I PeopleChimeraService: onService. callbacks = aaik@be86aff, request = com.google.android.gms.common.internal.GetServiceRequest@2c970cc
11-02 10:15:05.956 13292 13292 D MonkeyStub: translateCommand: tap 355 1480
11-02 10:15:05.983 13292 13292 D MonkeyStub: Quit requested
11-02 10:15:06.007   601  3564 I ActivityManager: START u0 {act=android.intent.action.VIEW flg=0x10008000 cmp=com.android.chrome/com.google.android.apps.chrome.Main (has extras)} from uid 10035 on display 0
11-02 10:15:06.009   601   615 I CwMcuSensor: CwMcuSensor::flush: fd = 213, sensors_id = 0, path = /sys/class/htc_sensorhub/sensor_hub/flush, err = 0
11-02 10:15:06.041 13292 13292 I art     : System.exit called, status: 6
11-02 10:15:06.041 13292 13292 I AndroidRuntime: VM exiting with result code 6.
11-02 10:15:06.093   601  3864 W WindowManager: Attempted to remove non-existing token: android.os.Binder@c58f808
11-02 10:15:06.175 13188 13188 E cr_CompositorSurfaceMgr: Transitioning to surface with format : -1
11-02 10:15:06.225   601   610 I art     : Background partial concurrent mark sweep GC freed 18205(915KB) AllocSpace objects, 3(60KB) LOS objects, 33% free, 15MB/22MB, paused 1.665ms total 143.448ms
11-02 10:15:06.255 13188 13241 W cr_tabmodel: Starting to perform legacy migration.
11-02 10:15:06.256 13188 13241 W cr_tabmodel: Finished performing legacy migration.
11-02 10:15:06.256 13188 13241 W cr_tabmodel: Starting to perform multi-instance migration.
11-02 10:15:06.257 13188 13241 W cr_tabmodel: Finished performing multi-instance migration.
11-02 10:15:06.257 13188 13241 I cr_tabmodel: Starting to fetch tab list for tab_state0
11-02 10:15:06.257 13188 13241 I cr_tabmodel: State file does not exist.
11-02 10:15:06.257 13188 13241 I cr_tabmodel: Starting to fetch tab list for tab_state1
11-02 10:15:06.257 13188 13241 I cr_tabmodel: State file does not exist.
11-02 10:15:06.295 13188 13241 I cr_ADCP : No customization source found
11-02 10:15:06.371   601 12301 E BatteryStatsService: power: Missing API
11-02 10:15:06.378   601   621 I ActivityManager: Displayed com.android.chrome/com.google.android.apps.chrome.Main: +325ms
11-02 10:15:06.384   601 12301 E BatteryStatsService: no controller energy info supplied
11-02 10:15:06.385   799   799 E PhoneInterfaceManager: [PhoneIntfMgr] queryModemActivityInfo: Empty response
11-02 10:15:06.392   601 12301 E BatteryStatsService: modem info is invalid: ModemActivityInfo{ mTimestamp=0 mSleepTimeMs=0 mIdleTimeMs=0 mTxTimeMs[]=[0, 0, 0, 0, 0] mRxTimeMs=0 mEnergyUsed=0}
11-02 10:15:06.408 13188 13207 D OpenGLRenderer: endAllActiveAnimators on 0xd2bc7900 (InsetDrawable) with handle 0xd2f47ba0
11-02 10:15:06.415 13188 13188 E cr_CompositorSurfaceMgr: Transitioning to surface with format : -1
11-02 10:15:06.424 13188 13188 E cr_CompositorSurfaceMgr: surfaceCreated format : 0
11-02 10:15:06.430 13188 13188 I cr_ContextualSearch: Tap suppression enabled: false
11-02 10:15:06.433 13188 13188 I cr_ChromeTabbedActivity: #initializeState
11-02 10:15:06.434 13188 13188 I cr_CipherFactory: #restoreFromBundle, no savedInstanceState.
11-02 10:15:06.434 13188 13188 I cr_tabmodel: #loadState, ignoreIncognitoFiles? true
11-02 10:15:06.622 13188 13188 I SchedulerApiWrapper: Create SchedulerApiMainThreadWrapper
11-02 10:15:06.630 13188 13188 I FeedSessionManagerImpl: FeedSessionManagerImpl has been created
11-02 10:15:06.631 13188 13188 I FeedAppLifecycleLstnr: onEnterForeground called
11-02 10:15:06.631 13188 13188 I FeedSessionManagerImpl: onLifecycleEvent foreground
11-02 10:15:06.632 13188 13188 I FeedSessionManagerImpl: Lazy initialization triggered, getUpdateConsumer
11-02 10:15:06.633 13188 13241 I TaskQueue: Execute task [IMMEDIATE - d: true, b: 0]: 30
11-02 10:15:06.634 13188 13188 I FeedRequestManagerImpl: trigger refresh 2
11-02 10:15:06.635 13188 13188 I TaskQueue:  - task [HEAD_INVALIDATE - d: true, b: 0]: 26
11-02 10:15:06.635 13188 13188 I FeedAppLifecycleLstnr: initialize called
11-02 10:15:06.635 13188 13188 I FeedSessionManagerImpl: onLifecycleEvent initialize
11-02 10:15:06.635 13188 13188 W FeedSessionManagerImpl: FeedSessionManagerImpl has previously been initialized
11-02 10:15:06.666 13188 13188 I ViewConfigCompat: Could not find method getScaledScrollFactor() on ViewConfiguration
11-02 10:15:06.672 13188 13188 I BasicStream: Setting 2 header views, currently have 0 headers
11-02 10:15:06.675 13188 13188 I BasicStream: Setting 2 header views, currently have 2 headers
11-02 10:15:06.742   601   620 D BluetoothManagerService: Message: 20
11-02 10:15:06.742   601   620 D BluetoothManagerService: Added callback: android.bluetooth.IBluetoothManagerCallback$Stub$Proxy@7d17514:true
11-02 10:15:06.761 13222 13235 I cr_LibraryLoader: Loaded native library version number "85.0.4183.127"
11-02 10:15:06.763 13222 13235 I cr_CachingUmaRecorder: Flushed 1 samples from 1 histograms.
11-02 10:15:06.774 13188 13188 E cr_IntentUtils: getBooleanExtra failed on intent null
11-02 10:15:06.786 13188 13188 I TimeoutSessionImpl: Using TimeoutSessionImpl
11-02 10:15:06.786 13188 13188 I FeedSessionManagerImpl: Delaying populateSession until initialization is finished
11-02 10:15:06.786 13188 13188 I TaskQueue:  - task [IMMEDIATE - d: true, b: 1]: 13
11-02 10:15:06.787 13188 13188 I MainThreadRunner: Running task [BasicStream onShow] on the Main Thread with a delay of 500 milliseconds
11-02 10:15:06.845   601   819 I ActivityManager: Start proc 13323:com.android.chrome:sandboxed_process1/u0i845 for service com.android.chrome/org.chromium.content.app.SandboxedProcessService1
11-02 10:15:06.882 13188 13241 W SessionCache: Persisted Sessions were not found
11-02 10:15:06.882 13188 13241 I HeadSessionImpl: Initialize HEAD 0 items
11-02 10:15:06.883 13188 13241 I TaskQueue:  - task [BACKGROUND - d: true, b: 2]: 11
11-02 10:15:06.885 13188 13241 I TimingUtils: Task Timing 251ms, thread JardinExecutor | task : Initialization
11-02 10:15:06.885 13188 13241 I TaskQueue:  - Finished 30, time 253 ms
11-02 10:15:06.885 13188 13241 I TaskQueue: Execute task [HEAD_INVALIDATE - d: true, b: 2]: 26
11-02 10:15:06.887 13188 13241 I TimingUtils: Task Timing   1ms, thread JardinExecutor | task : getAllDismissLocalActions | size : 0
11-02 10:15:06.887 13188 13241 I TimingUtils: Task Timing   0ms, thread JardinExecutor | task : getSemanticProperties | size : 0
11-02 10:15:06.887 13188 13241 I MainThreadRunner: Running task [Check Tooltips] on the Main Thread
11-02 10:15:06.887 13188 13241 I TaskQueue:  * Starting starvation checks
11-02 10:15:06.887 13188 13241 I MainThreadRunner: Running task [starvationChecks] on the Main Thread with a delay of 6000 milliseconds
11-02 10:15:06.887 13188 13241 I TaskQueue:  - Finished 26, time 2 ms
11-02 10:15:06.887 13188 13241 I TaskQueue: Execute task [IMMEDIATE - d: true, b: 1]: 13
11-02 10:15:06.888 13188 13241 I FeedSessionManagerImpl: shouldSessionRequestData; hasContent(false), contentCreationTime(0), outstandingRequest(true)
11-02 10:15:06.888 13188 13241 I MainThreadRunner: Running task [SchedulerApiWrapper shouldSessionRequestData] on the Main Thread
11-02 10:15:06.890   601 10729 I ActivityManager: Start proc 13329:com.android.chrome:sandboxed_process2/u0i846 for service com.android.chrome/org.chromium.content.app.SandboxedProcessService2
11-02 10:15:06.940   601   611 I ActivityManager: Start proc 13344:com.android.chrome:sandboxed_process3/u0i847 for service com.android.chrome/org.chromium.content.app.SandboxedProcessService3
11-02 10:15:06.972 13188 13198 W art     : Suspending all threads took: 13.214ms
11-02 10:15:06.981   601 12301 I ActivityManager: Start proc 13359:com.android.chrome:sandboxed_process4/u0i848 for service com.android.chrome/org.chromium.content.app.SandboxedProcessService4
11-02 10:15:06.992 13188 13198 I art     : Background partial concurrent mark sweep GC freed 14076(678KB) AllocSpace objects, 6(680KB) LOS objects, 39% free, 8MB/14MB, paused 14.285ms total 122.148ms
11-02 10:15:07.030   601  4276 I ActivityManager: Start proc 13371:com.android.chrome:sandboxed_process5/u0i849 for service com.android.chrome/org.chromium.content.app.SandboxedProcessService5
11-02 10:15:07.076   601  9663 I ActivityManager: Start proc 13383:com.android.chrome:sandboxed_process6/u0i850 for service com.android.chrome/org.chromium.content.app.SandboxedProcessService6
11-02 10:15:07.120 13323 13323 W dboxed_process1: type=1400 audit(0.0:1494): avc: denied { getattr } for path="/data/data/com.android.chrome" dev="dm-2" ino=12190 scontext=u:r:isolated_app:s0:c512,c768 tcontext=u:object_r:app_data_file:s0:c512,c768 tclass=dir permissive=0
11-02 10:15:07.145   601  3864 I ActivityManager: Start proc 13401:com.android.chrome:sandboxed_process7/u0i851 for service com.android.chrome/org.chromium.content.app.SandboxedProcessService7
11-02 10:15:07.163 13329 13329 W dboxed_process2: type=1400 audit(0.0:1495): avc: denied { getattr } for path="/data/data/com.android.chrome" dev="dm-2" ino=12190 scontext=u:r:isolated_app:s0:c512,c768 tcontext=u:object_r:app_data_file:s0:c512,c768 tclass=dir permissive=0
11-02 10:15:07.234   601  2013 I ActivityManager: Start proc 13416:com.android.chrome:sandboxed_process8/u0i852 for service com.android.chrome/org.chromium.content.app.SandboxedProcessService8
11-02 10:15:07.280 13188 13188 I PlayCore: UID: [10035]  PID: [13188] SplitInstallService : deferredInstall([image_editor])
11-02 10:15:07.332 13323 13323 I cr_ChildProcessService: Creating new ChildProcessService pid=13323
11-02 10:15:07.333 13344 13344 W dboxed_process3: type=1400 audit(0.0:1496): avc: denied { getattr } for path="/data/data/com.android.chrome" dev="dm-2" ino=12190 scontext=u:r:isolated_app:s0:c512,c768 tcontext=u:object_r:app_data_file:s0:c512,c768 tclass=dir permissive=0
11-02 10:15:07.372 13329 13329 I cr_ChildProcessService: Creating new ChildProcessService pid=13329
11-02 10:15:07.433 13188 13188 I Choreographer: Skipped 63 frames!  The application may be doing too much work on its main thread.
11-02 10:15:07.463 13371 13371 W dboxed_process5: type=1400 audit(0.0:1497): avc: denied { getattr } for path="/data/data/com.android.chrome" dev="dm-2" ino=12190 scontext=u:r:isolated_app:s0:c512,c768 tcontext=u:object_r:app_data_file:s0:c512,c768 tclass=dir permissive=0
11-02 10:15:07.480 13359 13359 W dboxed_process4: type=1400 audit(0.0:1498): avc: denied { getattr } for path="/data/data/com.android.chrome" dev="dm-2" ino=12190 scontext=u:r:isolated_app:s0:c512,c768 tcontext=u:object_r:app_data_file:s0:c512,c768 tclass=dir permissive=0
11-02 10:15:07.493 13383 13383 W dboxed_process6: type=1400 audit(0.0:1499): avc: denied { getattr } for path="/data/data/com.android.chrome" dev="dm-2" ino=12190 scontext=u:r:isolated_app:s0:c512,c768 tcontext=u:object_r:app_data_file:s0:c512,c768 tclass=dir permissive=0
11-02 10:15:07.513 13323 13341 I art     : Background sticky concurrent mark sweep GC freed 7109(307KB) AllocSpace objects, 0(0B) LOS objects, 37% free, 3MB/4MB, paused 16.448ms total 113.866ms
11-02 10:15:07.583 13401 13401 W dboxed_process7: type=1400 audit(0.0:1500): avc: denied { getattr } for path="/data/data/com.android.chrome" dev="dm-2" ino=12190 scontext=u:r:isolated_app:s0:c512,c768 tcontext=u:object_r:app_data_file:s0:c512,c768 tclass=dir permissive=0
11-02 10:15:07.587 13416 13416 W dboxed_process8: type=1400 audit(0.0:1501): avc: denied { getattr } for path="/data/data/com.android.chrome" dev="dm-2" ino=12190 scontext=u:r:isolated_app:s0:c512,c768 tcontext=u:object_r:app_data_file:s0:c512,c768 tclass=dir permissive=0
11-02 10:15:07.605 13344 13344 I cr_ChildProcessService: Creating new ChildProcessService pid=13344
11-02 10:15:07.720 13371 13371 I cr_ChildProcessService: Creating new ChildProcessService pid=13371
11-02 10:15:07.737 13188 13188 I cr_tabmodel: Appending tabs being restored to metadata lists, 0, startingNormalCount: 1, startingIncognitoCount: 0
11-02 10:15:07.737 13188 13188 I cr_tabmodel: Serializing tab lists; counts: 1, 0
11-02 10:15:07.752 13383 13383 I cr_ChildProcessService: Creating new ChildProcessService pid=13383
11-02 10:15:07.756 13359 13359 I cr_ChildProcessService: Creating new ChildProcessService pid=13359
11-02 10:15:07.778 13323 13440 I cr_LibraryLoader: Loaded native library version number "85.0.4183.127"
11-02 10:15:07.779 13323 13440 I cr_CachingUmaRecorder: Flushed 1 samples from 1 histograms.
11-02 10:15:07.801 13188 13432 I PlayCore: UID: [10035]  PID: [13188] SplitInstallService : Initiate binding to the service.
11-02 10:15:07.810 13329 13441 I cr_LibraryLoader: Loaded native library version number "85.0.4183.127"
11-02 10:15:07.812 13329 13441 I cr_CachingUmaRecorder: Flushed 1 samples from 1 histograms.
11-02 10:15:07.822   601 10729 W ActivityManager: Unable to start service Intent { act=com.google.android.play.core.splitinstall.BIND_SPLIT_INSTALL_SERVICE pkg=com.android.vending } U=0: not found
11-02 10:15:07.822 13416 13416 I cr_ChildProcessService: Creating new ChildProcessService pid=13416
11-02 10:15:07.824 13401 13401 I cr_ChildProcessService: Creating new ChildProcessService pid=13401
11-02 10:15:07.880 13188 13188 I TaskQueue:  - task [IMMEDIATE - d: true, b: 1]: 27
11-02 10:15:07.881 13188 13241 I FeedSessionManagerImpl: shouldSessionRequestDataResult: NO_REQUEST_WITH_WAIT, shouldMakeRequest(false), withTimeout(false), withAppend(false)
11-02 10:15:07.881 13188 13241 I TaskQueue:  - task [USER_FACING - d: true, b: 2]: 24
11-02 10:15:07.881 13188 13241 I TaskQueue:  - Finished 13, time 994 ms
11-02 10:15:07.898 13188 13240 I TaskQueue: Execute task [IMMEDIATE - d: true, b: 2]: 27
11-02 10:15:07.902 13188 13240 I FeedRequestManagerImpl: Consistency Token: # hU2@7bca4
11-02 10:15:07.960 13188 13240 I FeedRequestManagerImpl: Capability: FEED_UI
11-02 10:15:07.960 13188 13240 I FeedRequestManagerImpl: Capability: UNDOABLE_ACTIONS
11-02 10:15:07.961 13188 13240 I FeedRequestManagerImpl: Capability: MANAGE_INTERESTS
11-02 10:15:07.961 13188 13240 I FeedRequestManagerImpl: Capability: SEND_FEEDBACK
11-02 10:15:07.961 13188 13240 I FeedRequestManagerImpl: Capability: ARTICLE_SNIPPETS
11-02 10:15:07.961 13188 13240 I FeedRequestManagerImpl: Capability: CLICK_ACTION
11-02 10:15:07.961 13188 13240 I FeedRequestManagerImpl: Capability: VIEW_ACTION
11-02 10:15:07.961 13188 13240 I FeedRequestManagerImpl: Capability: REPORT_FEED_USER_ACTIONS_NOTICE_CARD
11-02 10:15:07.961 13188 13240 I FeedRequestManagerImpl: Capability: BASE_UI
11-02 10:15:08.015 13188 13240 I FeedRequestManagerImpl: Making Request: /httpservice/noretry/DiscoverClankService/FeedQuery
11-02 10:15:08.016 13188 13240 I MainThreadRunner: Running task [NetworkClientWrapper send] on the Main Thread
11-02 10:15:08.016 13188 13240 I TaskQueue:  - Finished 27, time 118 ms
11-02 10:15:08.024   601  4262 I ActivityManager: Start proc 13457:com.android.chrome:sandboxed_process9/u0i853 for service com.android.chrome/org.chromium.content.app.SandboxedProcessService9
11-02 10:15:08.065 13359 13448 I cr_LibraryLoader: Loaded native library version number "85.0.4183.127"
11-02 10:15:08.065 13359 13448 I cr_CachingUmaRecorder: Flushed 1 samples from 1 histograms.
11-02 10:15:08.079   601   660 I ActivityManager: Killing 13329:com.android.chrome:sandboxed_process2/u0a35i846 (adj 0): isolated not needed
11-02 10:15:08.085 13344 13444 I cr_LibraryLoader: Loaded native library version number "85.0.4183.127"
11-02 10:15:08.086 13344 13444 I cr_CachingUmaRecorder: Flushed 1 samples from 1 histograms.
11-02 10:15:08.091 13371 13446 I cr_LibraryLoader: Loaded native library version number "85.0.4183.127"
11-02 10:15:08.092 13371 13446 I cr_CachingUmaRecorder: Flushed 1 samples from 1 histograms.
11-02 10:15:08.099 13383 13447 I cr_LibraryLoader: Loaded native library version number "85.0.4183.127"
11-02 10:15:08.118 13401 13452 I cr_LibraryLoader: Loaded native library version number "85.0.4183.127"
11-02 10:15:08.118 13401 13452 I cr_CachingUmaRecorder: Flushed 1 samples from 1 histograms.
11-02 10:15:08.123 13383 13447 I cr_CachingUmaRecorder: Flushed 1 samples from 1 histograms.
11-02 10:15:08.311   601  3864 I ActivityManager: Killing 13359:com.android.chrome:sandboxed_process4/u0a35i848 (adj 0): isolated not needed
11-02 10:15:08.312 13344 13444 I chromium: [INFO:child_process_service.cc(69)] ChildProcessService: Exiting child process.
11-02 10:15:08.333 13371 13446 I chromium: [INFO:child_process_service.cc(69)] ChildProcessService: Exiting child process.
11-02 10:15:08.349 13188 13198 I art     : Background sticky concurrent mark sweep GC freed 79477(4MB) AllocSpace objects, 41(848KB) LOS objects, 29% free, 10MB/14MB, paused 4.933ms total 240.209ms
11-02 10:15:08.393 13416 13451 I cr_LibraryLoader: Loaded native library version number "85.0.4183.127"
11-02 10:15:08.400 13416 13451 I cr_CachingUmaRecorder: Flushed 1 samples from 1 histograms.
11-02 10:15:08.416 13383 13447 I chromium: [INFO:child_process_service.cc(69)] ChildProcessService: Exiting child process.
11-02 10:15:08.418   195   195 E lowmemorykiller: Error writing /proc/13383/oom_score_adj; errno=22
11-02 10:15:08.420 13457 13457 W dboxed_process9: type=1400 audit(0.0:1502): avc: denied { getattr } for path="/data/data/com.android.chrome" dev="dm-2" ino=12190 scontext=u:r:isolated_app:s0:c512,c768 tcontext=u:object_r:app_data_file:s0:c512,c768 tclass=dir permissive=0
11-02 10:15:08.474   601  2013 I ActivityManager: Start proc 13488:com.android.chrome:sandboxed_process10/u0i854 for service com.android.chrome/org.chromium.content.app.SandboxedProcessService10
11-02 10:15:08.476   601   614 I ActivityManager: Killing 13383:com.android.chrome:sandboxed_process6/u0a35i850 (adj 0): isolated not needed
11-02 10:15:08.476   601   614 I ActivityManager: Killing 13371:com.android.chrome:sandboxed_process5/u0a35i849 (adj 0): isolated not needed
11-02 10:15:08.476   601   614 I ActivityManager: Killing 13344:com.android.chrome:sandboxed_process3/u0a35i847 (adj 0): isolated not needed
11-02 10:15:08.502 13188 13188 W chromium: [WARNING:compositor_view.cc(315)] Child process died (type=6) pid=13383)
11-02 10:15:08.507   601   660 I ActivityManager: Start proc 13493:com.android.chrome:sandboxed_process11/u0i855 for service com.android.chrome/org.chromium.content.app.SandboxedProcessService11
11-02 10:15:08.510   601   612 D ActivityManager: cleanUpApplicationRecord -- 13383
11-02 10:15:08.521 13188 13241 W cr_CrashFileManager: /data/user/0/com.android.chrome/cache/Crash Reports does not exist or is not a directory
11-02 10:15:08.521 13188 13241 W cr_CrashFileManager: /data/user/0/com.android.chrome/cache/Crash Reports does not exist or is not a directory
11-02 10:15:08.521 13188 13241 W cr_CrashFileManager: /data/user/0/com.android.chrome/cache/Crash Reports does not exist or is not a directory
11-02 10:15:08.529 13401 13452 I chromium: [INFO:child_process_service.cc(69)] ChildProcessService: Exiting child process.
11-02 10:15:08.551 13457 13457 I cr_ChildProcessService: Creating new ChildProcessService pid=13457
11-02 10:15:08.554 13416 13451 I chromium: [INFO:child_process_service.cc(69)] ChildProcessService: Exiting child process.
11-02 10:15:08.583   601 12301 I ActivityManager: Start proc 13510:com.android.chrome:sandboxed_process12/u0i856 for service com.android.chrome/org.chromium.content.app.SandboxedProcessService12
11-02 10:15:08.586   601  9663 I ActivityManager: Process com.android.chrome:sandboxed_process7 (pid 13401) has died
11-02 10:15:08.586   601  9663 D ActivityManager: cleanUpApplicationRecord -- 13401
11-02 10:15:08.586   601  9663 W ActivityManager: Scheduling restart of crashed service com.android.chrome/org.chromium.content.app.SandboxedProcessService7 in 1000ms
11-02 10:15:08.605   601   832 I ActivityManager: Process com.android.chrome:sandboxed_process8 (pid 13416) has died
11-02 10:15:08.605   601   832 D ActivityManager: cleanUpApplicationRecord -- 13416
11-02 10:15:08.605   601   832 W ActivityManager: Scheduling restart of crashed service com.android.chrome/org.chromium.content.app.SandboxedProcessService8 in 10981ms
11-02 10:15:08.623 13188 13241 I cr_FileUtils: Writing to /data/user/0/com.android.chrome/app_dex/webapk7.dex
11-02 10:15:08.647   601   612 I ActivityManager: Start proc 13529:com.android.chrome:sandboxed_process13/u0i857 for service com.android.chrome/org.chromium.content.app.SandboxedProcessService13
11-02 10:15:08.732 13188 13188 W chromium: [WARNING:compositor_view.cc(315)] Child process died (type=6) pid=13401)
11-02 10:15:08.734 13188 13188 W chromium: [WARNING:compositor_view.cc(315)] Child process died (type=6) pid=13416)
11-02 10:15:08.763   601  9663 I ActivityManager: Start proc 13544:com.android.chrome:sandboxed_process14/u0i858 for service com.android.chrome/org.chromium.content.app.SandboxedProcessService14
11-02 10:15:08.782 13188 13221 I cr_BindingManager: Moderate binding enabled: maxSize=40
11-02 10:15:08.797 13488 13488 W boxed_process10: type=1400 audit(0.0:1503): avc: denied { getattr } for path="/data/data/com.android.chrome" dev="dm-2" ino=12190 scontext=u:r:isolated_app:s0:c512,c768 tcontext=u:object_r:app_data_file:s0:c512,c768 tclass=dir permissive=0
11-02 10:15:08.837 13493 13493 W boxed_process11: type=1400 audit(0.0:1504): avc: denied { getattr } for path="/data/data/com.android.chrome" dev="dm-2" ino=12190 scontext=u:r:isolated_app:s0:c512,c768 tcontext=u:object_r:app_data_file:s0:c512,c768 tclass=dir permissive=0
11-02 10:15:08.904 10984 11402 I Icing   : IndexChimeraService.getServiceInterface callingPackage=com.android.chrome componentName=null serviceId=36
11-02 10:15:08.920 13510 13510 W boxed_process12: type=1400 audit(0.0:1505): avc: denied { getattr } for path="/data/data/com.android.chrome" dev="dm-2" ino=12190 scontext=u:r:isolated_app:s0:c512,c768 tcontext=u:object_r:app_data_file:s0:c512,c768 tclass=dir permissive=0
11-02 10:15:08.931 13457 13501 I cr_LibraryLoader: Loaded native library version number "85.0.4183.127"
11-02 10:15:08.937 13457 13501 I cr_CachingUmaRecorder: Flushed 1 samples from 1 histograms.
11-02 10:15:08.971   601   660 I ActivityManager: Start proc 13559:com.android.chrome:sandboxed_process15/u0i859 for service com.android.chrome/org.chromium.content.app.SandboxedProcessService15
11-02 10:15:08.977 13529 13529 W boxed_process13: type=1400 audit(0.0:1506): avc: denied { getattr } for path="/data/data/com.android.chrome" dev="dm-2" ino=12190 scontext=u:r:isolated_app:s0:c512,c768 tcontext=u:object_r:app_data_file:s0:c512,c768 tclass=dir permissive=0
11-02 10:15:09.001 13488 13488 I cr_ChildProcessService: Creating new ChildProcessService pid=13488
11-02 10:15:09.029   601 12301 I ActivityManager: Start proc 13565:com.android.chrome:sandboxed_process16/u0i860 for service com.android.chrome/org.chromium.content.app.SandboxedProcessService16
11-02 10:15:09.050   236 13570 I art     : Starting a blocking GC Background
11-02 10:15:09.050   236 13570 I art     : Starting a blocking GC Background
11-02 10:15:09.064 13493 13493 I cr_ChildProcessService: Creating new ChildProcessService pid=13493
11-02 10:15:09.070 13544 13544 W boxed_process14: type=1400 audit(0.0:1507): avc: denied { getattr } for path="/data/data/com.android.chrome" dev="dm-2" ino=12190 scontext=u:r:isolated_app:s0:c512,c768 tcontext=u:object_r:app_data_file:s0:c512,c768 tclass=dir permissive=0
11-02 10:15:09.102 13510 13510 I cr_ChildProcessService: Creating new ChildProcessService pid=13510
11-02 10:15:09.108 13188 13188 I FeedRequestManagerImpl: Request: /httpservice/noretry/DiscoverClankService/FeedQuery completed with response code: -100
11-02 10:15:09.108 13188 13188 E FeedRequestManagerImpl: errorCode: -100
11-02 10:15:09.108 13188 13188 E FeedRequestManagerImpl: errorResponse: 
11-02 10:15:09.109 13188 13188 I MainThreadRunner: Running task [FeedRequestManagerImpl consumer] on the Main Thread
11-02 10:15:09.111 13188 13188 E SessionManagerMutation: Update error, the update is being ignored
11-02 10:15:09.111 13188 13188 E FeedSessionManagerImpl: No Cards Found on TriggerRefresh, setting noCardsError
11-02 10:15:09.111 13188 13188 I TaskQueue:  - task [USER_FACING - d: true, b: 2]: 22
11-02 10:15:09.111 13188 13188 I TaskQueue:  - task [HEAD_RESET - d: true, b: 3]: 25
11-02 10:15:09.111 13188 13188 I TaskQueue:  - queueTask starting immediate task
11-02 10:15:09.112 13188 13244 I TaskQueue: Execute task [HEAD_RESET - d: true, b: 3]: 25
11-02 10:15:09.112 13188 13244 I TaskQueue: Cancelling starvation checks
11-02 10:15:09.112 13188 13244 I TaskQueue:  - Finished 25, time 1 ms
11-02 10:15:09.112 13188 13244 I TaskQueue: Execute task [USER_FACING - d: false, b: 2]: 24
11-02 10:15:09.112 13188 13244 W FeedSessionManagerImpl: populateSessionTask - noCardsError tr1@5dacc00
11-02 10:15:09.119 13188 13244 I MainThreadRunner: Running task [FeedModelProvider onError] on the Main Thread
11-02 10:15:09.126 13188 13244 I FeedModelProvider: FeedModelProvider - committer, structure changes 0, update changes 0
11-02 10:15:09.126 13188 13244 I FeedSessionManagerImpl: Caching getStreamFeatures - items 0, cache misses 0, cache size 0
11-02 10:15:09.126 13188 13244 I FeedModelProvider: Moving _session:5be18cf5-0de1-41df-8c0c-05deb04759e1 to READY
11-02 10:15:09.126 13188 13244 I MainThreadRunner: Running task [FeedModelProvider onSessionStart] on the Main Thread
11-02 10:15:09.126 13188 13244 I FeedModelProvider: ModelProvider Mutation committed - structure changes 0, childrenToBind 0, removedChildren false, Token false
11-02 10:15:09.126 13188 13244 I TimingUtils: Task Timing  14ms, thread background-1 | task : Create/Populate New Session | Failure : noCardsError
11-02 10:15:09.127 13188 13244 I TaskQueue:  - Finished 24, time 15 ms
11-02 10:15:09.127 13188 13244 I TaskQueue: Execute task [USER_FACING - d: false, b: 1]: 22
11-02 10:15:09.127 13188 13244 I TaskQueue:  - Finished 22, time 0 ms
11-02 10:15:09.131   236 13570 I art     : Starting a blocking GC HeapTrim
11-02 10:15:09.133 13188 13244 I TaskQueue: Execute task [BACKGROUND - d: false, b: 0]: 11
11-02 10:15:09.134 13188 13244 I SessionCache: Determining accessible content
11-02 10:15:09.135 13188 13188 I FeedModelProvider: Found Empty Stream
11-02 10:15:09.135 13188 13188 W StreamDriver: found null root feature loading Leaf Feature Drivers
11-02 10:15:09.135 13188 13188 I FeedModelProvider: Found Empty Stream
11-02 10:15:09.158 13457 13501 I chromium: [INFO:child_process_service.cc(69)] ChildProcessService: Exiting child process.
11-02 10:15:09.158   601 15862 I ActivityManager: Start proc 13590:com.android.chrome:sandboxed_process17/u0i861 for service com.android.chrome/org.chromium.content.app.SandboxedProcessService17
11-02 10:15:09.162 13188 13244 I TimingUtils: Task Timing  26ms, thread background-2 | task : ContentGc | contentItemsRemoved : 0
11-02 10:15:09.162 13188 13244 I TaskQueue:  - Finished 11, time 30 ms
11-02 10:15:09.179 13529 13529 I cr_ChildProcessService: Creating new ChildProcessService pid=13529
11-02 10:15:09.206 13188 13188 W chromium: [WARNING:compositor_view.cc(315)] Child process died (type=6) pid=13457)
11-02 10:15:09.206 13534 13534 I dex2oat : /system/bin/dex2oat --dex-file=/data/user/0/com.android.chrome/app_dex/webapk7.dex --oat-fd=288 --oat-location=/data/user/0/com.android.chrome/app_dex/oat/arm/webapk7.dex --compiler-filter=speed
11-02 10:15:09.207   601   660 I ActivityManager: Start proc 13597:com.android.chrome:sandboxed_process18/u0i862 for service com.android.chrome/org.chromium.content.app.SandboxedProcessService18
11-02 10:15:09.217   601   612 I ActivityManager: Process com.android.chrome:sandboxed_process9 (pid 13457) has died
11-02 10:15:09.217   601   612 D ActivityManager: cleanUpApplicationRecord -- 13457
11-02 10:15:09.217   601   612 W ActivityManager: Scheduling restart of crashed service com.android.chrome/org.chromium.content.app.SandboxedProcessService9 in 1000ms
11-02 10:15:09.294   601   612 I ActivityManager: Start proc 13613:com.android.chrome:sandboxed_process19/u0i863 for service com.android.chrome/org.chromium.content.app.SandboxedProcessService19
11-02 10:15:09.307 13544 13544 I cr_ChildProcessService: Creating new ChildProcessService pid=13544
11-02 10:15:09.310 13559 13559 W boxed_process15: type=1400 audit(0.0:1508): avc: denied { getattr } for path="/data/data/com.android.chrome" dev="dm-2" ino=12190 scontext=u:r:isolated_app:s0:c512,c768 tcontext=u:object_r:app_data_file:s0:c512,c768 tclass=dir permissive=0
11-02 10:15:09.365 13488 13564 I cr_LibraryLoader: Loaded native library version number "85.0.4183.127"
11-02 10:15:09.366 13188 13432 I PlayCore: UID: [10035]  PID: [13188] SplitInstallService : Failed to bind to the service.
11-02 10:15:09.367 13488 13564 I cr_CachingUmaRecorder: Flushed 1 samples from 1 histograms.
11-02 10:15:09.387 13565 13565 W boxed_process16: type=1400 audit(0.0:1509): avc: denied { getattr } for path="/data/data/com.android.chrome" dev="dm-2" ino=12190 scontext=u:r:isolated_app:s0:c512,c768 tcontext=u:object_r:app_data_file:s0:c512,c768 tclass=dir permissive=0
11-02 10:15:09.431 13493 13581 I cr_LibraryLoader: Loaded native library version number "85.0.4183.127"
11-02 10:15:09.431 13493 13581 I cr_CachingUmaRecorder: Flushed 1 samples from 1 histograms.
11-02 10:15:09.480 13590 13590 W boxed_process17: type=1400 audit(0.0:1510): avc: denied { getattr } for path="/data/data/com.android.chrome" dev="dm-2" ino=12190 scontext=u:r:isolated_app:s0:c512,c768 tcontext=u:object_r:app_data_file:s0:c512,c768 tclass=dir permissive=0
11-02 10:15:09.494 13529 13596 I cr_LibraryLoader: Loaded native library version number "85.0.4183.127"
11-02 10:15:09.494 13529 13596 I cr_CachingUmaRecorder: Flushed 1 samples from 1 histograms.
11-02 10:15:09.500 13559 13559 I cr_ChildProcessService: Creating new ChildProcessService pid=13559
11-02 10:15:09.510 13597 13597 W boxed_process18: type=1400 audit(0.0:1511): avc: denied { getattr } for path="/data/data/com.android.chrome" dev="dm-2" ino=12190 scontext=u:r:isolated_app:s0:c512,c768 tcontext=u:object_r:app_data_file:s0:c512,c768 tclass=dir permissive=0
11-02 10:15:09.524 13510 13591 I cr_LibraryLoader: Loaded native library version number "85.0.4183.127"
11-02 10:15:09.525 13510 13591 I cr_CachingUmaRecorder: Flushed 1 samples from 1 histograms.
11-02 10:15:09.603 13565 13565 I cr_ChildProcessService: Creating new ChildProcessService pid=13565
11-02 10:15:09.624 13590 13590 I cr_ChildProcessService: Creating new ChildProcessService pid=13590
11-02 10:15:09.640 13613 13613 W boxed_process19: type=1400 audit(0.0:1512): avc: denied { getattr } for path="/data/data/com.android.chrome" dev="dm-2" ino=12190 scontext=u:r:isolated_app:s0:c512,c768 tcontext=u:object_r:app_data_file:s0:c512,c768 tclass=dir permissive=0
11-02 10:15:09.641 13321 13321 D AndroidRuntime: >>>>>> START com.android.internal.os.RuntimeInit uid 2000 <<<<<<
11-02 10:15:09.645 13597 13597 I cr_ChildProcessService: Creating new ChildProcessService pid=13597
11-02 10:15:09.654 13321 13321 D AndroidRuntime: CheckJNI is OFF
11-02 10:15:09.682 13544 13623 I cr_LibraryLoader: Loaded native library version number "85.0.4183.127"
11-02 10:15:09.682 13544 13623 I cr_CachingUmaRecorder: Flushed 1 samples from 1 histograms.
11-02 10:15:09.688 13510 13591 I chromium: [INFO:child_process_service.cc(69)] ChildProcessService: Exiting child process.
11-02 10:15:09.715 13559 13638 I cr_LibraryLoader: Loaded native library version number "85.0.4183.127"
11-02 10:15:09.715 13559 13638 I cr_CachingUmaRecorder: Flushed 1 samples from 1 histograms.
11-02 10:15:09.744 13493 13493 I cr_ChildProcessService: Destroying ChildProcessService pid=13493
11-02 10:15:09.758 13613 13613 I cr_ChildProcessService: Creating new ChildProcessService pid=13613
11-02 10:15:09.831   601   610 I art     : Background partial concurrent mark sweep GC freed 41442(2MB) AllocSpace objects, 26(680KB) LOS objects, 33% free, 15MB/22MB, paused 24.228ms total 413.304ms
11-02 10:15:09.832 13544 13623 I chromium: [INFO:child_process_service.cc(69)] ChildProcessService: Exiting child process.
11-02 10:15:09.834   195   195 E lowmemorykiller: Error writing /proc/13544/oom_score_adj; errno=22
11-02 10:15:09.837 13590 13648 I cr_LibraryLoader: Loaded native library version number "85.0.4183.127"
11-02 10:15:09.837 13590 13648 I cr_CachingUmaRecorder: Flushed 1 samples from 1 histograms.
11-02 10:15:09.864 13565 13649 I cr_LibraryLoader: Loaded native library version number "85.0.4183.127"
11-02 10:15:09.865 13565 13649 I cr_CachingUmaRecorder: Flushed 1 samples from 1 histograms.
11-02 10:15:09.871 13597 13650 I cr_LibraryLoader: Loaded native library version number "85.0.4183.127"
11-02 10:15:09.872 13597 13650 I cr_CachingUmaRecorder: Flushed 1 samples from 1 histograms.
11-02 10:15:09.954 13323 13323 I cr_ChildProcessService: Destroying ChildProcessService pid=13323
11-02 10:15:09.968 13565 13649 I chromium: [INFO:child_process_service.cc(69)] ChildProcessService: Exiting child process.
11-02 10:15:09.969   195   195 E lowmemorykiller: Error writing /proc/13565/oom_score_adj; errno=22
11-02 10:15:09.978 13597 13650 I chromium: [INFO:child_process_service.cc(69)] ChildProcessService: Exiting child process.
11-02 10:15:09.979   195   195 E lowmemorykiller: Error writing /proc/13597/oom_score_adj; errno=22
11-02 10:15:10.003 13613 13659 I cr_LibraryLoader: Loaded native library version number "85.0.4183.127"
11-02 10:15:10.003 13613 13659 I cr_CachingUmaRecorder: Flushed 1 samples from 1 histograms.
11-02 10:15:10.010 13590 13590 I cr_ChildProcessService: Destroying ChildProcessService pid=13590
11-02 10:15:10.036 13488 13488 I cr_ChildProcessService: Destroying ChildProcessService pid=13488
11-02 10:15:10.059 13529 13529 I cr_ChildProcessService: Destroying ChildProcessService pid=13529
11-02 10:15:10.080 13559 13559 I cr_ChildProcessService: Destroying ChildProcessService pid=13559
11-02 10:15:10.093 13613 13613 I cr_ChildProcessService: Destroying ChildProcessService pid=13613
11-02 10:15:10.096 10984 11484 I Icing   : IndexChimeraService.getServiceInterface callingPackage=com.android.chrome componentName=null serviceId=36
11-02 10:15:10.104 13493 13581 I chromium: [INFO:child_process_service.cc(69)] ChildProcessService: Exiting child process.
11-02 10:15:10.105 13559 13559 I art     : System.exit called, status: 0
11-02 10:15:10.105 13559 13559 I AndroidRuntime: VM exiting with result code 0, cleanup skipped.
11-02 10:15:10.106 13613 13613 I art     : System.exit called, status: 0
11-02 10:15:10.106 13613 13613 I AndroidRuntime: VM exiting with result code 0, cleanup skipped.
11-02 10:15:10.108   601  4262 I ActivityManager: Killing 13613:com.android.chrome:sandboxed_process19/u0a35i863 (adj 0): isolated not needed
11-02 10:15:10.108   601  4262 I ActivityManager: Killing 13597:com.android.chrome:sandboxed_process18/u0a35i862 (adj 0): isolated not needed
11-02 10:15:10.108   601  4262 I ActivityManager: Killing 13590:com.android.chrome:sandboxed_process17/u0a35i861 (adj 0): isolated not needed
11-02 10:15:10.108   601  4262 I ActivityManager: Killing 13565:com.android.chrome:sandboxed_process16/u0a35i860 (adj 0): isolated not needed
