11-02 10:15:10.108   601  4262 I ActivityManager: Killing 13544:com.android.chrome:sandboxed_process14/u0a35i858 (adj 0): isolated not needed
11-02 10:15:10.108   601  4262 I ActivityManager: Killing 13559:com.android.chrome:sandboxed_process15/u0a35i859 (adj 0): isolated not needed
11-02 10:15:10.108   601  4262 I ActivityManager: Killing 13510:com.android.chrome:sandboxed_process12/u0a35i856 (adj 0): isolated not needed
11-02 10:15:10.108   601  4262 I ActivityManager: Killing 13529:com.android.chrome:sandboxed_process13/u0a35i857 (adj 0): isolated not needed
11-02 10:15:10.108   601  4262 I ActivityManager: Killing 13488:com.android.chrome:sandboxed_process10/u0a35i854 (adj 0): isolated not needed
11-02 10:15:10.108   601  4262 I ActivityManager: Killing 13493:com.android.chrome:sandboxed_process11/u0a35i855 (adj 0): isolated not needed
11-02 10:15:10.109   601  4262 I ActivityManager: Killing 13323:com.android.chrome:sandboxed_process1/u0a35i845 (adj 0): isolated not needed
11-02 10:15:10.115 13188 13188 W chromium: [WARNING:compositor_view.cc(315)] Child process died (type=6) pid=13544)
11-02 10:15:10.116   601  7042 D ActivityManager: cleanUpApplicationRecord -- 13544
11-02 10:15:10.119 13534 13534 I dex2oat : dex2oat took 914.302ms (threads: 2) arena alloc=995KB (1019072B) java alloc=112KB (115040B) native alloc=559KB (573424B) free=2000KB (2048016B)
11-02 10:15:10.130 13321 13321 D ICU     : No timezone override file found: /data/misc/zoneinfo/current/icu/icu_tzdata.dat
11-02 10:15:10.171   601  9643 D ActivityManager: cleanUpApplicationRecord -- 13510
11-02 10:15:10.176 10984 11109 W Icing   : No valid account for uploading user actions
11-02 10:15:10.180 13188 13188 W chromium: [WARNING:compositor_view.cc(315)] Child process died (type=6) pid=13510)
11-02 10:15:10.180 13321 13321 I Radio-JNI: register_android_hardware_Radio DONE
11-02 10:15:10.203 10984 11402 I Icing   : IndexChimeraService.getServiceInterface callingPackage=com.google.android.gms componentName=null serviceId=30
11-02 10:15:10.216 13321 13321 D AndroidRuntime: Calling main entry com.android.commands.am.Am
11-02 10:15:10.239   601  3864 I ActivityManager: START u0 {act=android.intent.action.VIEW dat=http://192.168.40.1/... flg=0x10000000 cmp=com.android.chrome/com.google.android.apps.chrome.Main} from uid 2000 on display 0
11-02 10:15:10.243 13321 13321 D AndroidRuntime: Shutting down VM
11-02 10:15:10.247   601  9663 D ActivityManager: cleanUpApplicationRecord -- 13488
11-02 10:15:10.254   601  2013 D ActivityManager: cleanUpApplicationRecord -- 13590
11-02 10:15:10.260   601 12691 D ActivityManager: cleanUpApplicationRecord -- 13323
11-02 10:15:10.267   601   611 D ActivityManager: cleanUpApplicationRecord -- 13529
11-02 10:15:10.275 13188 13198 W art     : Suspending all threads took: 33.407ms
11-02 10:15:10.283   601 12301 D ActivityManager: cleanUpApplicationRecord -- 13344
11-02 10:15:10.308 13188 13188 E cr_IntentUtils: getInt failed on bundle null
11-02 10:15:10.314 13188 13198 I art     : Background partial concurrent mark sweep GC freed 49038(2MB) AllocSpace objects, 58(2MB) LOS objects, 40% free, 11MB/19MB, paused 34.592ms total 439.572ms
11-02 10:15:10.333   601  9663 I ActivityManager: Start proc 13693:com.android.chrome:sandboxed_process20/u0i864 for service com.android.chrome/org.chromium.content.app.SandboxedProcessService20
11-02 10:15:10.340   601 19770 D ActivityManager: cleanUpApplicationRecord -- 13559
11-02 10:15:10.351   601   611 D ActivityManager: cleanUpApplicationRecord -- 13613
11-02 10:15:10.357 13188 13188 I cr_tabmodel: Appending tabs being restored to metadata lists, 0, startingNormalCount: 2, startingIncognitoCount: 0
11-02 10:15:10.357 13188 13188 I cr_tabmodel: Serializing tab lists; counts: 2, 0
11-02 10:15:10.370   601   832 D ActivityManager: cleanUpApplicationRecord -- 13597
11-02 10:15:10.387 13188 13188 I FeedRequestManagerImpl: trigger refresh 2
11-02 10:15:10.387 13188 13188 I TaskQueue:  - task [HEAD_INVALIDATE - d: false, b: 0]: 26
11-02 10:15:10.387 13188 13242 I TaskQueue: Execute task [HEAD_INVALIDATE - d: true, b: 0]: 26
11-02 10:15:10.388 13188 13242 I TimingUtils: Task Timing   0ms, thread background-3 | task : getAllDismissLocalActions | size : 0
11-02 10:15:10.388 13188 13242 I TimingUtils: Task Timing   0ms, thread background-4 | task : getSemanticProperties | size : 0
11-02 10:15:10.388 13188 13242 I MainThreadRunner: Running task [Check Tooltips] on the Main Thread
11-02 10:15:10.388 13188 13242 I TaskQueue:  * Starting starvation checks
11-02 10:15:10.388 13188 13242 I MainThreadRunner: Running task [starvationChecks] on the Main Thread with a delay of 6000 milliseconds
11-02 10:15:10.388 13188 13242 I TaskQueue:  - Finished 26, time 1 ms
11-02 10:15:10.397 13188 13188 W chromium: [WARNING:compositor_view.cc(315)] Child process died (type=6) pid=13488)
11-02 10:15:10.397 13188 13188 W chromium: [WARNING:compositor_view.cc(315)] Child process died (type=6) pid=13590)
11-02 10:15:10.397 13188 13188 W chromium: [WARNING:compositor_view.cc(315)] Child process died (type=6) pid=13323)
11-02 10:15:10.398 13188 13188 W chromium: [WARNING:compositor_view.cc(315)] Child process died (type=6) pid=13529)
11-02 10:15:10.398 13188 13188 W chromium: [WARNING:compositor_view.cc(315)] Child process died (type=6) pid=13344)
11-02 10:15:10.410 13693 13693 W boxed_process20: type=1400 audit(0.0:1513): avc: denied { getattr } for path="/data/data/com.android.chrome" dev="dm-2" ino=12190 scontext=u:r:isolated_app:s0:c512,c768 tcontext=u:object_r:app_data_file:s0:c512,c768 tclass=dir permissive=0
11-02 10:15:10.434   601  3564 D ActivityManager: cleanUpApplicationRecord -- 13493
11-02 10:15:10.444 13188 13188 I TaskQueue:  - task [IMMEDIATE - d: true, b: 0]: 27
11-02 10:15:10.444 13188 13188 I TaskQueue:  - queueTask starting immediate task
11-02 10:15:10.444 13188 13241 I TaskQueue: Execute task [IMMEDIATE - d: true, b: 0]: 27
11-02 10:15:10.444 13188 13241 I FeedRequestManagerImpl: Consistency Token: # hU2@7bca4
11-02 10:15:10.448 13188 13241 I FeedRequestManagerImpl: Capability: FEED_UI
11-02 10:15:10.448 13188 13241 I FeedRequestManagerImpl: Capability: UNDOABLE_ACTIONS
11-02 10:15:10.448 13188 13241 I FeedRequestManagerImpl: Capability: MANAGE_INTERESTS
11-02 10:15:10.448 13188 13241 I FeedRequestManagerImpl: Capability: SEND_FEEDBACK
11-02 10:15:10.448 13188 13241 I FeedRequestManagerImpl: Capability: ARTICLE_SNIPPETS
11-02 10:15:10.448 13188 13241 I FeedRequestManagerImpl: Capability: CLICK_ACTION
11-02 10:15:10.448 13188 13241 I FeedRequestManagerImpl: Capability: VIEW_ACTION
11-02 10:15:10.448 13188 13241 I FeedRequestManagerImpl: Capability: REPORT_FEED_USER_ACTIONS_NOTICE_CARD
11-02 10:15:10.448 13188 13241 I FeedRequestManagerImpl: Capability: BASE_UI
11-02 10:15:10.449 13188 13241 I FeedRequestManagerImpl: Making Request: /httpservice/noretry/DiscoverClankService/FeedQuery
11-02 10:15:10.449 13188 13241 I MainThreadRunner: Running task [NetworkClientWrapper send] on the Main Thread
11-02 10:15:10.449 13188 13241 I TaskQueue:  - Finished 27, time 5 ms
11-02 10:15:10.449 13188 13188 W chromium: [WARNING:compositor_view.cc(315)] Child process died (type=6) pid=13613)
11-02 10:15:10.461 13188 13188 W chromium: [WARNING:compositor_view.cc(315)] Child process died (type=6) pid=13493)
11-02 10:15:10.462 13188 13188 W chromium: [WARNING:compositor_view.cc(315)] Child process died (type=6) pid=13559)
11-02 10:15:10.480 13188 13188 W chromium: [WARNING:compositor_view.cc(315)] Child process died (type=6) pid=13597)
11-02 10:15:10.484 13693 13693 I cr_ChildProcessService: Creating new ChildProcessService pid=13693
11-02 10:15:10.507   601  7042 D ActivityManager: cleanUpApplicationRecord -- 13565
11-02 10:15:10.546 13188 13188 W chromium: [WARNING:compositor_view.cc(315)] Child process died (type=6) pid=13565)
11-02 10:15:10.559   601  3864 D ActivityManager: cleanUpApplicationRecord -- 13329
11-02 10:15:10.563 13188 13188 W chromium: [WARNING:compositor_view.cc(315)] Child process died (type=6) pid=13329)
11-02 10:15:10.587   601 19770 D ActivityManager: cleanUpApplicationRecord -- 13359
11-02 10:15:10.592 13188 13188 W chromium: [WARNING:compositor_view.cc(315)] Child process died (type=6) pid=13359)
11-02 10:15:10.624 13693 13708 I cr_LibraryLoader: Loaded native library version number "85.0.4183.127"
11-02 10:15:10.624 13693 13708 I cr_CachingUmaRecorder: Flushed 1 samples from 1 histograms.
11-02 10:15:10.705   601  2013 D ActivityManager: cleanUpApplicationRecord -- 13371
11-02 10:15:10.721 13188 13188 W chromium: [WARNING:compositor_view.cc(315)] Child process died (type=6) pid=13371)
11-02 10:15:11.402   785  1711 W Icing   : isOptedInForAppHistory: empty Account Name encountered
11-02 10:15:11.448   785  1711 W Icing   : isOptedInForAppHistory: empty Account Name encountered
11-02 10:15:11.757 10984 11109 E native  : document-store.cc:1328 Failed to update per-doc-data with usage report
11-02 10:15:11.822 13188 13188 I FeedRequestManagerImpl: Request: /httpservice/noretry/DiscoverClankService/FeedQuery completed with response code: 200
11-02 10:15:11.823 13188 13188 I TaskQueue:  - task [IMMEDIATE - d: true, b: 0]: 15
11-02 10:15:11.823 13188 13188 I TaskQueue:  - queueTask starting immediate task
11-02 10:15:11.823 13188 13240 I TaskQueue: Execute task [IMMEDIATE - d: true, b: 0]: 15
11-02 10:15:11.888 13188 13240 I MainThreadRunner: Running task [FeedRequestManagerImpl consumer] on the Main Thread
11-02 10:15:11.889 13188 13240 I TaskQueue:  - Finished 15, time 65 ms
11-02 10:15:11.889 13188 13188 I FeedProtocolAdapter: createModel, operations 33
11-02 10:15:11.895 13188 13188 I TimingUtils: Task Timing   6ms, thread ui | task : convertWireProtocol | mutations : 33
11-02 10:15:11.896 13188 13188 I TaskQueue:  - task [HEAD_RESET - d: true, b: 0]: 5
11-02 10:15:11.896 13188 13188 I TaskQueue:  - queueTask starting immediate task
11-02 10:15:11.897 13188 13240 I TaskQueue: Execute task [HEAD_RESET - d: true, b: 0]: 5
11-02 10:15:11.900 13188 13240 I TaskQueue:  - task [BACKGROUND - d: true, b: 0]: 23
11-02 10:15:11.907 13188 13240 I PersistentFeedStore: commitSessionMutation - Success true, Update Session $HEAD, stream structures 32
11-02 10:15:11.911 13188 13240 I MainThreadRunner: Running task [SchedulerApiWrapper onReceiveNewContent] on the Main Thread
11-02 10:15:11.911 13188 13240 I MainThreadRunner: Running task [FeedKnownContentImpl onNewContentReceived] on the Main Thread
11-02 10:15:11.912 13188 13240 I SessionManagerMutation: Cleared Head, new creation time 11-02 10:15:11.902
11-02 10:15:11.912 13188 13240 I SessionManagerMutation: Update Session _session:5be18cf5-0de1-41df-8c0c-05deb04759e1
11-02 10:15:11.913 13188 13240 I TimeoutSessionImpl: updateSession; clearHead(true), shouldAppend(false), sessionId(_session:5be18cf5-0de1-41df-8c0c-05deb04759e1)
11-02 10:15:11.913 13188 13240 I TimeoutSessionImpl: Not configured to append: _session:5be18cf5-0de1-41df-8c0c-05deb04759e1
11-02 10:15:11.913 13188 13240 I TimingUtils: Task Timing  16ms, thread background-5 | task : sessionMutation.commitTask:updateConsumer | mutations : 33 | userInitiated : false
11-02 10:15:11.913 13188 13240 I TaskQueue: Cancelling starvation checks
11-02 10:15:11.914 13188 13240 I TaskQueue:  - Finished 5, time 17 ms
11-02 10:15:11.920 13188 13240 I TaskQueue: Execute task [BACKGROUND - d: false, b: 0]: 23
11-02 10:15:11.940   785 10980 W Icing   : isOptedInForAppHistory: empty Account Name encountered
11-02 10:15:12.124 13188 13240 I TimingUtils: Task Timing 203ms, thread background-6 | task : commitContentMutation | mutations : 32
11-02 10:15:12.125 13188 13240 I TimingUtils: Task Timing   0ms, thread background-7 | task : commitSemanticPropertiesMutation | mutations : 0
11-02 10:15:12.125 13188 13240 I TaskQueue:  - Finished 23, time 205 ms
11-02 10:15:12.176 13188 13247 W chromium: [WARNING:spdy_session.cc(3090)] Received RST for invalid stream1
11-02 10:15:12.314   601   648 I WifiHAL : Got channel list with 13 channels
11-02 10:15:12.315   601   648 I WifiHAL : Got channel list with 4 channels
11-02 10:15:12.316   601   648 I WifiHAL : Got channel list with 15 channels
11-02 10:15:12.403   601   612 D DnsEventListenerService: Logging 100 results for netId 100
11-02 10:15:12.413 10984 11109 I Icing   : Usage reports ok 2, Failed Usage reports 1, indexed 1, rejected 0
11-02 10:15:12.415 10984 11109 I Icing   : Removing corpus key com.android.chrome-omnibox for package com.android.chrome
11-02 10:15:12.439 10984 11109 I native  : flash-index.cc:1519 Flash index sort hb 10 prefix-hits 18 -> 15 at 10.859ms
11-02 10:15:12.526 13188 13243 W InstanceID: Instance ID SDK is deprecated, com.android.chrome should update to use Firebase Instance ID
11-02 10:15:13.010 13188 13240 I cr_omaha: Request to Server Successful. Timestamp for next request:1667384113010
11-02 10:15:13.086 13188 13240 I cr_omaha: Request to Server Successful. Timestamp for next request:1667384113086
11-02 10:15:13.086 13188 13240 I cr_omaha: Attempting to schedule next job for: Wed Nov 02 15:15:12 GMT+01:00 2022
11-02 10:15:13.089 13188 13188 I cr_omaha: Scheduled using JobService
11-02 10:15:13.089 13188 13188 E cr_BkgrdTaskJS: Tried finishing non-current BackgroundTask.
11-02 10:15:13.263 10984 11109 I native  : document-store.cc:1654 Scored 3172 usage reports, missing_corpora 0 update_failed 1733
11-02 10:15:13.330 10984 11109 W Icing   : No valid account for uploading user actions
11-02 10:15:13.396 10984 11109 I Icing   : Usage reports ok 1, Failed Usage reports 0, indexed 1, rejected 0
11-02 10:15:13.399 10984 11109 W Icing   : No valid account for uploading user actions
11-02 10:15:13.421 10984 11109 I Icing   : Usage reports ok 0, Failed Usage reports 0, indexed 0, rejected 0
11-02 10:15:13.422 10984 11109 I Icing   : Indexing com.android.chrome-omnibox from com.android.chrome
11-02 10:15:13.544 10984 11109 I Icing   : Indexing done com.android.chrome-omnibox
11-02 10:15:14.521   785  1711 W Icing   : isOptedInForAppHistory: empty Account Name encountered
11-02 10:15:14.530   785 10556 W Icing   : isOptedInForAppHistory: empty Account Name encountered
11-02 10:15:15.011 13188 13188 E cr_BTSPrefs: No data found for task id: 53
11-02 10:15:15.011 13188 13188 E cr_BkgrdTaskScheduler: Task cannot be canceled because no data was found instorage or data was invalid
11-02 10:15:17.683 13188 13188 E cr_BTSPrefs: No data found for task id: 57
11-02 10:15:17.683 13188 13188 E cr_BkgrdTaskScheduler: Task cannot be canceled because no data was found instorage or data was invalid
11-02 10:15:17.683 13188 13188 E cr_BTSPrefs: No data found for task id: 56
11-02 10:15:17.683 13188 13188 E cr_BkgrdTaskScheduler: Task cannot be canceled because no data was found instorage or data was invalid
11-02 10:15:21.797 13188 13188 I cr_tabmodel: Appending tabs being restored to metadata lists, 0, startingNormalCount: 2, startingIncognitoCount: 0
11-02 10:15:21.797 13188 13188 I cr_tabmodel: Serializing tab lists; counts: 2, 0
11-02 10:15:23.341 13750 13750 D AndroidRuntime: >>>>>> START com.android.internal.os.RuntimeInit uid 2000 <<<<<<
11-02 10:15:23.345 13750 13750 D AndroidRuntime: CheckJNI is OFF
11-02 10:15:23.414 13750 13750 D ICU     : No timezone override file found: /data/misc/zoneinfo/current/icu/icu_tzdata.dat
11-02 10:15:23.447 13750 13750 I Radio-JNI: register_android_hardware_Radio DONE
11-02 10:15:23.462 13750 13750 D AndroidRuntime: Calling main entry com.android.commands.monkey.Monkey
11-02 10:15:23.531   601   614 W BroadcastQueue: Skipping deliver [background] BroadcastRecord{5fb08b5 u-1 android.net.conn.CONNECTIVITY_CHANGE} to ReceiverList{9880b4a 13750 (unknown name)/2000/u-1 remote:269539f}: process crashing
11-02 10:15:25.004 13750 13750 D MonkeyStub: translateCommand: wake
11-02 10:15:35.242 13750 13750 D MonkeyStub: translateCommand: touch down 614 1561
11-02 10:15:35.274 13750 13750 D MonkeyStub: translateCommand: touch move 614 1561
11-02 10:15:35.386 13750 13750 D MonkeyStub: translateCommand: touch move 614 1436
11-02 10:15:35.496 13750 13750 D MonkeyStub: translateCommand: touch move 614 1311
11-02 10:15:35.605 13750 13750 D MonkeyStub: translateCommand: touch move 614 1186
11-02 10:15:35.717 13750 13750 D MonkeyStub: translateCommand: touch move 614 1061
11-02 10:15:35.828 13750 13750 D MonkeyStub: translateCommand: touch move 614 937
11-02 10:15:35.936 13750 13750 D MonkeyStub: translateCommand: touch move 614 812
11-02 10:15:36.044 13750 13750 D MonkeyStub: translateCommand: touch move 614 687
11-02 10:15:36.155 13750 13750 D MonkeyStub: translateCommand: touch move 614 562
11-02 10:15:36.260 13750 13750 D MonkeyStub: translateCommand: touch move 614 437
11-02 10:15:36.364 13750 13750 D MonkeyStub: translateCommand: touch move 614 312
11-02 10:15:36.368 13750 13750 D MonkeyStub: translateCommand: touch up 614 312
11-02 10:15:38.404 13750 13750 D MonkeyStub: translateCommand: touch down 614 1561
11-02 10:15:38.409 13750 13750 D MonkeyStub: translateCommand: touch move 614 1561
11-02 10:15:38.521 13750 13750 D MonkeyStub: translateCommand: touch move 614 1436
11-02 10:15:38.631 13750 13750 D MonkeyStub: translateCommand: touch move 614 1311
11-02 10:15:38.751 13750 13750 D MonkeyStub: translateCommand: touch move 614 1186
11-02 10:15:38.865 13750 13750 D MonkeyStub: translateCommand: touch move 614 1061
11-02 10:15:38.973 13750 13750 D MonkeyStub: translateCommand: touch move 614 937
11-02 10:15:39.201 13750 13750 D MonkeyStub: translateCommand: touch move 614 812
11-02 10:15:39.203 13188 13188 I Choreographer: Skipped 78 frames!  The application may be doing too much work on its main thread.
11-02 10:15:39.314 13750 13750 D MonkeyStub: translateCommand: touch move 614 687
11-02 10:15:39.423 13750 13750 D MonkeyStub: translateCommand: touch move 614 562
11-02 10:15:39.533 13750 13750 D MonkeyStub: translateCommand: touch move 614 437
11-02 10:15:39.641 13750 13750 D MonkeyStub: translateCommand: touch move 614 312
11-02 10:15:39.645 13750 13750 D MonkeyStub: translateCommand: touch up 614 312
11-02 10:15:40.834 10984 11402 I Icing   : IndexChimeraService.getServiceInterface callingPackage=com.android.chrome componentName=null serviceId=36
11-02 10:15:40.864 10984 11109 W Icing   : No valid account for uploading user actions
11-02 10:15:40.893 10984 11402 I Icing   : IndexChimeraService.getServiceInterface callingPackage=com.google.android.gms componentName=null serviceId=30
11-02 10:15:40.917 10984 11109 I Icing   : Usage reports ok 1, Failed Usage reports 0, indexed 0, rejected 0
11-02 10:15:40.939 10984 11109 W Icing   : No valid account for uploading user actions
11-02 10:15:40.949 10984 11109 I Icing   : Usage reports ok 0, Failed Usage reports 0, indexed 0, rejected 0
11-02 10:15:40.952 10984 11109 I Icing   : Indexing com.android.chrome-omnibox from com.android.chrome
11-02 10:15:40.964 10984 11109 I Icing   : Indexing done com.android.chrome-omnibox
11-02 10:15:42.820 13750 13750 D MonkeyStub: translateCommand: touch down 614 312
11-02 10:15:42.831 13750 13750 D MonkeyStub: translateCommand: touch move 614 312
11-02 10:15:42.950 13750 13750 D MonkeyStub: translateCommand: touch move 614 437
11-02 10:15:43.060 13750 13750 D MonkeyStub: translateCommand: touch move 614 562
11-02 10:15:43.170 13750 13750 D MonkeyStub: translateCommand: touch move 614 687
11-02 10:15:43.277 13750 13750 D MonkeyStub: translateCommand: touch move 614 812
11-02 10:15:43.383 13750 13750 D MonkeyStub: translateCommand: touch move 614 937
11-02 10:15:43.493 13750 13750 D MonkeyStub: translateCommand: touch move 614 1061
11-02 10:15:43.628 13750 13750 D MonkeyStub: translateCommand: touch move 614 1186
11-02 10:15:43.740 13750 13750 D MonkeyStub: translateCommand: touch move 614 1311
11-02 10:15:43.853 13750 13750 D MonkeyStub: translateCommand: touch move 614 1436
11-02 10:15:43.961 13750 13750 D MonkeyStub: translateCommand: touch move 614 1561
11-02 10:15:43.975 13750 13750 D MonkeyStub: translateCommand: touch up 614 1561
11-02 10:15:44.012 13750 13750 D MonkeyStub: translateCommand: touch down 614 312
11-02 10:15:44.016 13750 13750 D MonkeyStub: translateCommand: touch move 614 312
11-02 10:15:44.123 13750 13750 D MonkeyStub: translateCommand: touch move 614 437
11-02 10:15:44.232 13750 13750 D MonkeyStub: translateCommand: touch move 614 562
11-02 10:15:44.344 13750 13750 D MonkeyStub: translateCommand: touch move 614 687
11-02 10:15:44.459 13750 13750 D MonkeyStub: translateCommand: touch move 614 812
11-02 10:15:44.567 13750 13750 D MonkeyStub: translateCommand: touch move 614 937
11-02 10:15:44.677 13750 13750 D MonkeyStub: translateCommand: touch move 614 1061
11-02 10:15:44.800 13750 13750 D MonkeyStub: translateCommand: touch move 614 1186
11-02 10:15:44.908 13750 13750 D MonkeyStub: translateCommand: touch move 614 1311
11-02 10:15:45.021 13750 13750 D MonkeyStub: translateCommand: touch move 614 1436
11-02 10:15:45.148 13750 13750 D MonkeyStub: translateCommand: touch move 614 1561
11-02 10:15:45.152 13750 13750 D MonkeyStub: translateCommand: touch up 614 1561
11-02 10:15:49.452   196   196 E SELinux : avc:  denied  { find } for service=netd pid=13794 uid=2000 scontext=u:r:shell:s0 tcontext=u:object_r:netd_service:s0 tclass=service_manager permissive=0
11-02 10:15:49.455   196   196 E SELinux : avc:  denied  { find } for service=android.service.gatekeeper.IGateKeeperService pid=13794 uid=2000 scontext=u:r:shell:s0 tcontext=u:object_r:gatekeeper_service:s0 tclass=service_manager permissive=0
11-02 10:15:50.154   601   832 I ActivityManager: Start proc 13798:com.android.chrome:sandboxed_process21/u0i865 for service com.android.chrome/org.chromium.content.app.SandboxedProcessService21
11-02 10:15:50.202 13750 13750 D MonkeyStub: translateCommand: tap 724 439
11-02 10:15:50.210 13798 13798 W boxed_process21: type=1400 audit(0.0:1514): avc: denied { getattr } for path="/data/data/com.android.chrome" dev="dm-2" ino=12190 scontext=u:r:isolated_app:s0:c512,c768 tcontext=u:object_r:app_data_file:s0:c512,c768 tclass=dir permissive=0
11-02 10:15:50.242 13798 13798 I cr_ChildProcessService: Creating new ChildProcessService pid=13798
11-02 10:15:50.307 13798 13811 I cr_LibraryLoader: Loaded native library version number "85.0.4183.127"
11-02 10:15:50.307 13798 13811 I cr_CachingUmaRecorder: Flushed 1 samples from 1 histograms.
11-02 10:15:50.317 13811 13811 W CrUtilityMain: type=1400 audit(0.0:1515): avc: denied { setattr } for name="LICENSE.txt" dev="dm-2" ino=62403 scontext=u:r:isolated_app:s0:c512,c768 tcontext=u:object_r:app_data_file:s0:c512,c768 tclass=file permissive=0
11-02 10:15:50.320 13811 13811 W CrUtilityMain: type=1400 audit(0.0:1516): avc: denied { setattr } for name=46696C746572696E672052756C6573 dev="dm-2" ino=57217 scontext=u:r:isolated_app:s0:c512,c768 tcontext=u:object_r:app_data_file:s0:c512,c768 tclass=file permissive=0
11-02 10:15:50.320 13811 13811 W CrUtilityMain: type=1400 audit(0.0:1517): avc: denied { setattr } for name="manifest.json" dev="dm-2" ino=57068 scontext=u:r:isolated_app:s0:c512,c768 tcontext=u:object_r:app_data_file:s0:c512,c768 tclass=file permissive=0
11-02 10:15:50.323 13811 13811 W CrUtilityMain: type=1400 audit(0.0:1518): avc: denied { setattr } for name="verified_contents.json" dev="dm-2" ino=57324 scontext=u:r:isolated_app:s0:c512,c768 tcontext=u:object_r:app_data_file:s0:c512,c768 tclass=file permissive=0
11-02 10:15:50.338 13798 13798 I cr_ChildProcessService: Destroying ChildProcessService pid=13798
11-02 10:15:50.338 13798 13811 I chromium: [INFO:child_process_service.cc(69)] ChildProcessService: Exiting child process.
11-02 10:15:50.357   601 12691 I ActivityManager: Process com.android.chrome:sandboxed_process21 (pid 13798) has died
11-02 10:15:50.357   601 12691 D ActivityManager: cleanUpApplicationRecord -- 13798
11-02 10:15:50.358 13188 13188 W chromium: [WARNING:compositor_view.cc(315)] Child process died (type=6) pid=13798)
11-02 10:15:51.026   785  1162 E AsyncOperation: serviceID=121, operation=GetLaunchDataOperation [CONTEXT service_id=259 ]
11-02 10:15:51.026   785  1162 E AsyncOperation: OperationException[Status{statusCode=Not an instant app, resolution=null}]
11-02 10:15:51.026   785  1162 E AsyncOperation: 	at aeay.a(:com.google.android.gms@203915020@20.39.15 (040406-335085812):20)
11-02 10:15:51.026   785  1162 E AsyncOperation: 	at aain.run(:com.google.android.gms@203915020@20.39.15 (040406-335085812):7)
11-02 10:15:51.026   785  1162 E AsyncOperation: 	at boex.run(:com.google.android.gms@203915020@20.39.15 (040406-335085812):2)
11-02 10:15:51.026   785  1162 E AsyncOperation: 	at sup.b(:com.google.android.gms@203915020@20.39.15 (040406-335085812):12)
11-02 10:15:51.026   785  1162 E AsyncOperation: 	at sup.run(:com.google.android.gms@203915020@20.39.15 (040406-335085812):7)
11-02 10:15:51.026   785  1162 E AsyncOperation: 	at java.util.concurrent.ThreadPoolExecutor.runWorker(ThreadPoolExecutor.java:1133)
11-02 10:15:51.026   785  1162 E AsyncOperation: 	at java.util.concurrent.ThreadPoolExecutor$Worker.run(ThreadPoolExecutor.java:607)
11-02 10:15:51.026   785  1162 E AsyncOperation: 	at tam.run(:com.google.android.gms@203915020@20.39.15 (040406-335085812):0)
11-02 10:15:51.026   785  1162 E AsyncOperation: 	at java.lang.Thread.run(Thread.java:761)
11-02 10:15:51.144   601  3564 I ActivityManager: Start proc 13818:com.android.chrome:sandboxed_process22/u0i866 for service com.android.chrome/org.chromium.content.app.SandboxedProcessService22
11-02 10:15:51.197 13818 13818 W boxed_process22: type=1400 audit(0.0:1519): avc: denied { getattr } for path="/data/data/com.android.chrome" dev="dm-2" ino=12190 scontext=u:r:isolated_app:s0:c512,c768 tcontext=u:object_r:app_data_file:s0:c512,c768 tclass=dir permissive=0
11-02 10:15:51.235 13818 13818 I cr_ChildProcessService: Creating new ChildProcessService pid=13818
11-02 10:15:51.348 13818 13831 I cr_LibraryLoader: Loaded native library version number "85.0.4183.127"
11-02 10:15:51.349 13818 13831 I cr_CachingUmaRecorder: Flushed 1 samples from 1 histograms.
11-02 10:15:51.447 13831 13831 W CrUtilityMain: type=1400 audit(0.0:1520): avc: denied { setattr } for name="tl_en-us_2022-10-26_484799359_100000_index.bin" dev="dm-2" ino=45846 scontext=u:r:isolated_app:s0:c512,c768 tcontext=u:object_r:app_data_file:s0:c512,c768 tclass=file permissive=0
11-02 10:15:51.447 13831 13831 W CrUtilityMain: type=1400 audit(0.0:1521): avc: denied { setattr } for name="manifest.json" dev="dm-2" ino=40216 scontext=u:r:isolated_app:s0:c512,c768 tcontext=u:object_r:app_data_file:s0:c512,c768 tclass=file permissive=0
11-02 10:15:51.450 13831 13831 W CrUtilityMain: type=1400 audit(0.0:1522): avc: denied { setattr } for name="verified_contents.json" dev="dm-2" ino=58348 scontext=u:r:isolated_app:s0:c512,c768 tcontext=u:object_r:app_data_file:s0:c512,c768 tclass=file permissive=0
11-02 10:15:51.463 13818 13831 I chromium: [INFO:child_process_service.cc(69)] ChildProcessService: Exiting child process.
11-02 10:15:51.464   195   195 E lowmemorykiller: Error writing /proc/13818/oom_score_adj; errno=22
11-02 10:15:51.472 13188 13188 W chromium: [WARNING:compositor_view.cc(315)] Child process died (type=6) pid=13818)
11-02 10:15:51.473   601   832 I ActivityManager: Process com.android.chrome:sandboxed_process22 (pid 13818) has died
11-02 10:15:51.473   601   832 D ActivityManager: cleanUpApplicationRecord -- 13818
11-02 10:15:51.755   785  1608 W Icing   : isOptedInForAppHistory: empty Account Name encountered
11-02 10:15:51.765   785  1608 W Icing   : isOptedInForAppHistory: empty Account Name encountered
11-02 10:15:51.817   785 10556 W Icing   : isOptedInForAppHistory: empty Account Name encountered
11-02 10:15:52.689   601  2013 I ActivityManager: Start proc 13835:com.android.chrome:sandboxed_process23/u0i867 for service com.android.chrome/org.chromium.content.app.SandboxedProcessService23
11-02 10:15:52.737 13835 13835 W boxed_process23: type=1400 audit(0.0:1523): avc: denied { getattr } for path="/data/data/com.android.chrome" dev="dm-2" ino=12190 scontext=u:r:isolated_app:s0:c512,c768 tcontext=u:object_r:app_data_file:s0:c512,c768 tclass=dir permissive=0
11-02 10:15:52.762 13835 13835 I cr_ChildProcessService: Creating new ChildProcessService pid=13835
11-02 10:15:52.822 13835 13848 I cr_LibraryLoader: Loaded native library version number "85.0.4183.127"
11-02 10:15:52.824 13835 13848 I cr_CachingUmaRecorder: Flushed 1 samples from 1 histograms.
11-02 10:15:52.843 13848 13848 W CrUtilityMain: type=1400 audit(0.0:1524): avc: denied { setattr } for name="optimization-hints.pb" dev="dm-2" ino=57419 scontext=u:r:isolated_app:s0:c512,c768 tcontext=u:object_r:app_data_file:s0:c512,c768 tclass=file permissive=0
11-02 10:15:52.843 13848 13848 W CrUtilityMain: type=1400 audit(0.0:1525): avc: denied { setattr } for name="manifest.json" dev="dm-2" ino=58571 scontext=u:r:isolated_app:s0:c512,c768 tcontext=u:object_r:app_data_file:s0:c512,c768 tclass=file permissive=0
11-02 10:15:52.847 13848 13848 W CrUtilityMain: type=1400 audit(0.0:1526): avc: denied { setattr } for name="verified_contents.json" dev="dm-2" ino=58547 scontext=u:r:isolated_app:s0:c512,c768 tcontext=u:object_r:app_data_file:s0:c512,c768 tclass=file permissive=0
11-02 10:15:52.859 13835 13848 I chromium: [INFO:child_process_service.cc(69)] ChildProcessService: Exiting child process.
11-02 10:15:52.874   601  2013 I ActivityManager: Process com.android.chrome:sandboxed_process23 (pid 13835) has died
11-02 10:15:52.874   601  2013 D ActivityManager: cleanUpApplicationRecord -- 13835
11-02 10:15:52.875 13188 13188 W chromium: [WARNING:compositor_view.cc(315)] Child process died (type=6) pid=13835)
11-02 10:15:54.586 13188 13188 I Choreographer: Skipped 34 frames!  The application may be doing too much work on its main thread.
11-02 10:15:54.634   601  7042 I ActivityManager: Start proc 13853:com.android.chrome:sandboxed_process24/u0i868 for service com.android.chrome/org.chromium.content.app.SandboxedProcessService24
11-02 10:15:54.673 13853 13853 W boxed_process24: type=1400 audit(0.0:1527): avc: denied { getattr } for path="/data/data/com.android.chrome" dev="dm-2" ino=12190 scontext=u:r:isolated_app:s0:c512,c768 tcontext=u:object_r:app_data_file:s0:c512,c768 tclass=dir permissive=0
11-02 10:15:54.699 13853 13853 I cr_ChildProcessService: Creating new ChildProcessService pid=13853
11-02 10:15:54.741 13853 13867 I cr_LibraryLoader: Loaded native library version number "85.0.4183.127"
11-02 10:15:54.741 13853 13867 I cr_CachingUmaRecorder: Flushed 1 samples from 1 histograms.
11-02 10:15:54.753 13867 13867 W CrUtilityMain: type=1400 audit(0.0:1528): avc: denied { setattr } for name="crl-set" dev="dm-2" ino=58939 scontext=u:r:isolated_app:s0:c512,c768 tcontext=u:object_r:app_data_file:s0:c512,c768 tclass=file permissive=0
11-02 10:15:54.753 13867 13867 W CrUtilityMain: type=1400 audit(0.0:1529): avc: denied { setattr } for name="manifest.json" dev="dm-2" ino=58869 scontext=u:r:isolated_app:s0:c512,c768 tcontext=u:object_r:app_data_file:s0:c512,c768 tclass=file permissive=0
11-02 10:15:54.753 13867 13867 W CrUtilityMain: type=1400 audit(0.0:1530): avc: denied { setattr } for name="LICENSE" dev="dm-2" ino=59103 scontext=u:r:isolated_app:s0:c512,c768 tcontext=u:object_r:app_data_file:s0:c512,c768 tclass=file permissive=0
11-02 10:15:54.757 13867 13867 W CrUtilityMain: type=1400 audit(0.0:1531): avc: denied { setattr } for name="verified_contents.json" dev="dm-2" ino=59379 scontext=u:r:isolated_app:s0:c512,c768 tcontext=u:object_r:app_data_file:s0:c512,c768 tclass=file permissive=0
11-02 10:15:54.769 13853 13853 I cr_ChildProcessService: Destroying ChildProcessService pid=13853
11-02 10:15:54.769 13853 13867 I chromium: [INFO:child_process_service.cc(69)] ChildProcessService: Exiting child process.
11-02 10:15:54.784   601 19770 I ActivityManager: Process com.android.chrome:sandboxed_process24 (pid 13853) has died
11-02 10:15:54.784   601 19770 D ActivityManager: cleanUpApplicationRecord -- 13853
11-02 10:15:54.799 13188 13188 W chromium: [WARNING:compositor_view.cc(315)] Child process died (type=6) pid=13853)
11-02 10:15:56.737   601 10729 I ActivityManager: Start proc 13873:com.android.chrome:sandboxed_process25/u0i869 for service com.android.chrome/org.chromium.content.app.SandboxedProcessService25
11-02 10:15:56.783 13873 13873 W boxed_process25: type=1400 audit(0.0:1532): avc: denied { getattr } for path="/data/data/com.android.chrome" dev="dm-2" ino=12190 scontext=u:r:isolated_app:s0:c512,c768 tcontext=u:object_r:app_data_file:s0:c512,c768 tclass=dir permissive=0
11-02 10:15:56.808 13873 13873 I cr_ChildProcessService: Creating new ChildProcessService pid=13873
11-02 10:15:56.858 13873 13886 I cr_LibraryLoader: Loaded native library version number "85.0.4183.127"
11-02 10:15:56.859 13873 13886 I cr_CachingUmaRecorder: Flushed 1 samples from 1 histograms.
11-02 10:15:56.873 13886 13886 W CrUtilityMain: type=1400 audit(0.0:1533): avc: denied { setattr } for name="manifest.json" dev="dm-2" ino=59303 scontext=u:r:isolated_app:s0:c512,c768 tcontext=u:object_r:app_data_file:s0:c512,c768 tclass=file permissive=0
11-02 10:15:56.877 13886 13886 W CrUtilityMain: type=1400 audit(0.0:1534): avc: denied { setattr } for name="verified_contents.json" dev="dm-2" ino=56644 scontext=u:r:isolated_app:s0:c512,c768 tcontext=u:object_r:app_data_file:s0:c512,c768 tclass=file permissive=0
11-02 10:15:56.884 13873 13873 I cr_ChildProcessService: Destroying ChildProcessService pid=13873
11-02 10:15:56.885 13873 13886 I chromium: [INFO:child_process_service.cc(69)] ChildProcessService: Exiting child process.
11-02 10:15:56.903   601 19770 I ActivityManager: Process com.android.chrome:sandboxed_process25 (pid 13873) has died
11-02 10:15:56.904   601 19770 D ActivityManager: cleanUpApplicationRecord -- 13873
11-02 10:15:56.904 13188 13188 W chromium: [WARNING:compositor_view.cc(315)] Child process died (type=6) pid=13873)
11-02 10:15:58.274 13750 13750 D MonkeyStub: translateCommand: touch down 614 1561
11-02 10:15:58.283 13750 13750 D MonkeyStub: translateCommand: touch move 614 1561
11-02 10:15:58.391 13750 13750 D MonkeyStub: translateCommand: touch move 614 1436
11-02 10:15:58.500 13750 13750 D MonkeyStub: translateCommand: touch move 614 1311
11-02 10:15:58.622 13750 13750 D MonkeyStub: translateCommand: touch move 614 1186
11-02 10:15:58.732 13750 13750 D MonkeyStub: translateCommand: touch move 614 1061
11-02 10:15:58.849 13750 13750 D MonkeyStub: translateCommand: touch move 614 937
11-02 10:15:58.961 13750 13750 D MonkeyStub: translateCommand: touch move 614 812
11-02 10:15:59.059   601   832 I ActivityManager: Start proc 13893:com.android.chrome:sandboxed_process26/u0i870 for service com.android.chrome/org.chromium.content.app.SandboxedProcessService26
11-02 10:15:59.065 13750 13750 D MonkeyStub: translateCommand: touch move 614 687
11-02 10:15:59.107 13893 13893 W boxed_process26: type=1400 audit(0.0:1535): avc: denied { getattr } for path="/data/data/com.android.chrome" dev="dm-2" ino=12190 scontext=u:r:isolated_app:s0:c512,c768 tcontext=u:object_r:app_data_file:s0:c512,c768 tclass=dir permissive=0
11-02 10:15:59.131 13893 13893 I cr_ChildProcessService: Creating new ChildProcessService pid=13893
11-02 10:15:59.173 13750 13750 D MonkeyStub: translateCommand: touch move 614 562
11-02 10:15:59.181 13893 13907 I cr_LibraryLoader: Loaded native library version number "85.0.4183.127"
11-02 10:15:59.182 13893 13907 I cr_CachingUmaRecorder: Flushed 1 samples from 1 histograms.
11-02 10:15:59.233 13907 13907 W CrUtilityMain: type=1400 audit(0.0:1536): avc: denied { setattr } for name="download_file_types.pb" dev="dm-2" ino=59992 scontext=u:r:isolated_app:s0:c512,c768 tcontext=u:object_r:app_data_file:s0:c512,c768 tclass=file permissive=0
11-02 10:15:59.233 13907 13907 W CrUtilityMain: type=1400 audit(0.0:1537): avc: denied { setattr } for name="manifest.json" dev="dm-2" ino=60035 scontext=u:r:isolated_app:s0:c512,c768 tcontext=u:object_r:app_data_file:s0:c512,c768 tclass=file permissive=0
11-02 10:15:59.237 13907 13907 W CrUtilityMain: type=1400 audit(0.0:1538): avc: denied { setattr } for name="verified_contents.json" dev="dm-2" ino=61653 scontext=u:r:isolated_app:s0:c512,c768 tcontext=u:object_r:app_data_file:s0:c512,c768 tclass=file permissive=0
11-02 10:15:59.253 13893 13893 I cr_ChildProcessService: Destroying ChildProcessService pid=13893
11-02 10:15:59.254 13893 13893 I art     : System.exit called, status: 0
11-02 10:15:59.254 13893 13893 I AndroidRuntime: VM exiting with result code 0, cleanup skipped.
11-02 10:15:59.277   601 10729 I ActivityManager: Process com.android.chrome:sandboxed_process26 (pid 13893) has died
11-02 10:15:59.277   601 10729 D ActivityManager: cleanUpApplicationRecord -- 13893
11-02 10:15:59.278 13750 13750 D MonkeyStub: translateCommand: touch move 614 437
11-02 10:15:59.291 13188 13188 W chromium: [WARNING:compositor_view.cc(315)] Child process died (type=6) pid=13893)
11-02 10:15:59.387 13750 13750 D MonkeyStub: translateCommand: touch move 614 312
11-02 10:15:59.393 13750 13750 D MonkeyStub: translateCommand: touch up 614 312
11-02 10:15:59.419 13750 13750 D MonkeyStub: translateCommand: touch down 614 1561
11-02 10:15:59.437 13750 13750 D MonkeyStub: translateCommand: touch move 614 1561
11-02 10:15:59.546 13750 13750 D MonkeyStub: translateCommand: touch move 614 1436
11-02 10:15:59.659 13750 13750 D MonkeyStub: translateCommand: touch move 614 1311
11-02 10:15:59.766 13750 13750 D MonkeyStub: translateCommand: touch move 614 1186
11-02 10:15:59.876 13750 13750 D MonkeyStub: translateCommand: touch move 614 1061
11-02 10:15:59.988 13750 13750 D MonkeyStub: translateCommand: touch move 614 937
11-02 10:16:00.095 13750 13750 D MonkeyStub: translateCommand: touch move 614 812
11-02 10:16:00.206 13750 13750 D MonkeyStub: translateCommand: touch move 614 687
11-02 10:16:00.314 13750 13750 D MonkeyStub: translateCommand: touch move 614 562
11-02 10:16:00.427 13750 13750 D MonkeyStub: translateCommand: touch move 614 437
11-02 10:16:00.537 13750 13750 D MonkeyStub: translateCommand: touch move 614 312
11-02 10:16:00.541 13750 13750 D MonkeyStub: translateCommand: touch up 614 312
11-02 10:16:01.647   601  9663 I ActivityManager: Start proc 13913:com.android.chrome:sandboxed_process27/u0i871 for service com.android.chrome/org.chromium.content.app.SandboxedProcessService27
11-02 10:16:01.693 13913 13913 W boxed_process27: type=1400 audit(0.0:1539): avc: denied { getattr } for path="/data/data/com.android.chrome" dev="dm-2" ino=12190 scontext=u:r:isolated_app:s0:c512,c768 tcontext=u:object_r:app_data_file:s0:c512,c768 tclass=dir permissive=0
11-02 10:16:01.717 13913 13913 I cr_ChildProcessService: Creating new ChildProcessService pid=13913
11-02 10:16:01.759 13913 13926 I cr_LibraryLoader: Loaded native library version number "85.0.4183.127"
11-02 10:16:01.759 13913 13926 I cr_CachingUmaRecorder: Flushed 1 samples from 1 histograms.
11-02 10:16:01.777 13926 13926 W CrUtilityMain: type=1400 audit(0.0:1540): avc: denied { setattr } for name="ssl_error_assistant.pb" dev="dm-2" ino=60427 scontext=u:r:isolated_app:s0:c512,c768 tcontext=u:object_r:app_data_file:s0:c512,c768 tclass=file permissive=0
11-02 10:16:01.777 13926 13926 W CrUtilityMain: type=1400 audit(0.0:1541): avc: denied { setattr } for name="manifest.json" dev="dm-2" ino=60433 scontext=u:r:isolated_app:s0:c512,c768 tcontext=u:object_r:app_data_file:s0:c512,c768 tclass=file permissive=0
11-02 10:16:01.780 13926 13926 W CrUtilityMain: type=1400 audit(0.0:1542): avc: denied { setattr } for name="verified_contents.json" dev="dm-2" ino=60203 scontext=u:r:isolated_app:s0:c512,c768 tcontext=u:object_r:app_data_file:s0:c512,c768 tclass=file permissive=0
11-02 10:16:01.793 13913 13926 I chromium: [INFO:child_process_service.cc(69)] ChildProcessService: Exiting child process.
11-02 10:16:01.807   601 10729 I ActivityManager: Process com.android.chrome:sandboxed_process27 (pid 13913) has died
11-02 10:16:01.807   601 10729 D ActivityManager: cleanUpApplicationRecord -- 13913
11-02 10:16:01.819 13188 13188 W chromium: [WARNING:compositor_view.cc(315)] Child process died (type=6) pid=13913)
11-02 10:16:04.361 13188 13188 I Choreographer: Skipped 53 frames!  The application may be doing too much work on its main thread.
11-02 10:16:04.425   601 12301 I ActivityManager: Start proc 13930:com.android.chrome:sandboxed_process28/u0i872 for service com.android.chrome/org.chromium.content.app.SandboxedProcessService28
11-02 10:16:04.467 13930 13930 W boxed_process28: type=1400 audit(0.0:1543): avc: denied { getattr } for path="/data/data/com.android.chrome" dev="dm-2" ino=12190 scontext=u:r:isolated_app:s0:c512,c768 tcontext=u:object_r:app_data_file:s0:c512,c768 tclass=dir permissive=0
11-02 10:16:04.491 13930 13930 I cr_ChildProcessService: Creating new ChildProcessService pid=13930
11-02 10:16:04.554 13930 13943 I cr_LibraryLoader: Loaded native library version number "85.0.4183.127"
11-02 10:16:04.554 13930 13943 I cr_CachingUmaRecorder: Flushed 1 samples from 1 histograms.
11-02 10:16:04.573 13943 13943 W CrUtilityMain: type=1400 audit(0.0:1544): avc: denied { setattr } for name="safety_tips.pb" dev="dm-2" ino=60845 scontext=u:r:isolated_app:s0:c512,c768 tcontext=u:object_r:app_data_file:s0:c512,c768 tclass=file permissive=0
11-02 10:16:04.573 13943 13943 W CrUtilityMain: type=1400 audit(0.0:1545): avc: denied { setattr } for name="manifest.json" dev="dm-2" ino=60768 scontext=u:r:isolated_app:s0:c512,c768 tcontext=u:object_r:app_data_file:s0:c512,c768 tclass=file permissive=0
11-02 10:16:04.577 13943 13943 W CrUtilityMain: type=1400 audit(0.0:1546): avc: denied { setattr } for name="verified_contents.json" dev="dm-2" ino=61024 scontext=u:r:isolated_app:s0:c512,c768 tcontext=u:object_r:app_data_file:s0:c512,c768 tclass=file permissive=0
11-02 10:16:04.587 13930 13930 I cr_ChildProcessService: Destroying ChildProcessService pid=13930
11-02 10:16:04.588 13930 13943 I chromium: [INFO:child_process_service.cc(69)] ChildProcessService: Exiting child process.
11-02 10:16:04.604   601  1452 I ActivityManager: Process com.android.chrome:sandboxed_process28 (pid 13930) has died
11-02 10:16:04.604   601  1452 D ActivityManager: cleanUpApplicationRecord -- 13930
11-02 10:16:04.612 13188 13188 W chromium: [WARNING:compositor_view.cc(315)] Child process died (type=6) pid=13930)
11-02 10:16:05.204 13188 13188 I cr_tabmodel: Appending tabs being restored to metadata lists, 0, startingNormalCount: 2, startingIncognitoCount: 0
11-02 10:16:05.206 13188 13188 I cr_tabmodel: Serializing tab lists; counts: 2, 0
11-02 10:16:05.758 13750 13750 D MonkeyStub: Quit requested
11-02 10:16:05.812   601   615 I CwMcuSensor: CwMcuSensor::flush: fd = 213, sensors_id = 0, path = /sys/class/htc_sensorhub/sensor_hub/flush, err = 0
11-02 10:16:05.820 13750 13750 I art     : System.exit called, status: 80
11-02 10:16:05.820 13750 13750 I AndroidRuntime: VM exiting with result code 80.
11-02 10:16:05.871   601   611 W WindowManager: Attempted to remove non-existing token: android.os.Binder@7998abb
11-02 10:16:07.496   601 10729 I ActivityManager: Start proc 13950:com.android.chrome:sandboxed_process29/u0i873 for service com.android.chrome/org.chromium.content.app.SandboxedProcessService29
11-02 10:16:07.540 13950 13950 W boxed_process29: type=1400 audit(0.0:1547): avc: denied { getattr } for path="/data/data/com.android.chrome" dev="dm-2" ino=12190 scontext=u:r:isolated_app:s0:c512,c768 tcontext=u:object_r:app_data_file:s0:c512,c768 tclass=dir permissive=0
11-02 10:16:07.568 13950 13950 I cr_ChildProcessService: Creating new ChildProcessService pid=13950
11-02 10:16:07.612 13950 13963 I cr_LibraryLoader: Loaded native library version number "85.0.4183.127"
11-02 10:16:07.613 13950 13963 I cr_CachingUmaRecorder: Flushed 1 samples from 1 histograms.
11-02 10:16:07.623 13963 13963 W CrUtilityMain: type=1400 audit(0.0:1548): avc: denied { setattr } for name=5072656C6F61642044617461 dev="dm-2" ino=61404 scontext=u:r:isolated_app:s0:c512,c768 tcontext=u:object_r:app_data_file:s0:c512,c768 tclass=file permissive=0
11-02 10:16:07.627 13963 13963 W CrUtilityMain: type=1400 audit(0.0:1549): avc: denied { setattr } for name="manifest.json" dev="dm-2" ino=61177 scontext=u:r:isolated_app:s0:c512,c768 tcontext=u:object_r:app_data_file:s0:c512,c768 tclass=file permissive=0
11-02 10:16:07.627 13963 13963 W CrUtilityMain: type=1400 audit(0.0:1550): avc: denied { setattr } for name="verified_contents.json" dev="dm-2" ino=61080 scontext=u:r:isolated_app:s0:c512,c768 tcontext=u:object_r:app_data_file:s0:c512,c768 tclass=file permissive=0
11-02 10:16:07.635 13950 13963 I chromium: [INFO:child_process_service.cc(69)] ChildProcessService: Exiting child process.
11-02 10:16:07.640   195   195 E lowmemorykiller: Error writing /proc/13950/oom_score_adj; errno=22
11-02 10:16:07.664   601  4262 I ActivityManager: Process com.android.chrome:sandboxed_process29 (pid 13950) has died
11-02 10:16:07.664   601  4262 D ActivityManager: cleanUpApplicationRecord -- 13950
11-02 10:16:07.668 13188 13188 W chromium: [WARNING:compositor_view.cc(315)] Child process died (type=6) pid=13950)
11-02 10:16:10.795   601  3864 I ActivityManager: Start proc 13968:com.android.chrome:sandboxed_process30/u0i874 for service com.android.chrome/org.chromium.content.app.SandboxedProcessService30
11-02 10:16:10.857 13968 13968 W boxed_process30: type=1400 audit(0.0:1551): avc: denied { getattr } for path="/data/data/com.android.chrome" dev="dm-2" ino=12190 scontext=u:r:isolated_app:s0:c512,c768 tcontext=u:object_r:app_data_file:s0:c512,c768 tclass=dir permissive=0
11-02 10:16:10.890 13968 13968 I cr_ChildProcessService: Creating new ChildProcessService pid=13968
11-02 10:16:10.946 13968 13981 I cr_LibraryLoader: Loaded native library version number "85.0.4183.127"
11-02 10:16:10.947 13968 13981 I cr_CachingUmaRecorder: Flushed 1 samples from 1 histograms.
11-02 10:16:10.957 13981 13981 W CrUtilityMain: type=1400 audit(0.0:1552): avc: denied { setattr } for name="tls_deprecation_config.pb" dev="dm-2" ino=59993 scontext=u:r:isolated_app:s0:c512,c768 tcontext=u:object_r:app_data_file:s0:c512,c768 tclass=file permissive=0
11-02 10:16:10.960 13981 13981 W CrUtilityMain: type=1400 audit(0.0:1553): avc: denied { setattr } for name="manifest.json" dev="dm-2" ino=59609 scontext=u:r:isolated_app:s0:c512,c768 tcontext=u:object_r:app_data_file:s0:c512,c768 tclass=file permissive=0
11-02 10:16:10.960 13981 13981 W CrUtilityMain: type=1400 audit(0.0:1554): avc: denied { setattr } for name="verified_contents.json" dev="dm-2" ino=60680 scontext=u:r:isolated_app:s0:c512,c768 tcontext=u:object_r:app_data_file:s0:c512,c768 tclass=file permissive=0
11-02 10:16:10.972 13968 13968 I cr_ChildProcessService: Destroying ChildProcessService pid=13968
11-02 10:16:10.973 13968 13981 I chromium: [INFO:child_process_service.cc(69)] ChildProcessService: Exiting child process.
11-02 10:16:11.000   601  1452 I ActivityManager: Process com.android.chrome:sandboxed_process30 (pid 13968) has died
11-02 10:16:11.000   601  1452 D ActivityManager: cleanUpApplicationRecord -- 13968
11-02 10:16:11.001 13188 13188 W chromium: [WARNING:compositor_view.cc(315)] Child process died (type=6) pid=13968)
11-02 10:16:21.275 10984 11484 I Icing   : IndexChimeraService.getServiceInterface callingPackage=com.android.chrome componentName=null serviceId=36
11-02 10:16:21.330 10984 11109 W Icing   : No valid account for uploading user actions
11-02 10:16:21.437 10984 11402 I Icing   : IndexChimeraService.getServiceInterface callingPackage=com.google.android.gms componentName=null serviceId=30
11-02 10:16:21.486 10984 11109 I Icing   : Usage reports ok 1, Failed Usage reports 0, indexed 1, rejected 0
11-02 10:16:21.489 10984 11109 W Icing   : No valid account for uploading user actions
11-02 10:16:21.500 10984 11109 I Icing   : Usage reports ok 0, Failed Usage reports 0, indexed 0, rejected 0
11-02 10:16:21.501 10984 11109 I Icing   : Indexing com.android.chrome-omnibox from com.android.chrome
11-02 10:16:21.534 10984 11109 I Icing   : Indexing done com.android.chrome-omnibox
11-02 10:16:21.789 14002 14002 D AndroidRuntime: >>>>>> START com.android.internal.os.RuntimeInit uid 2000 <<<<<<
11-02 10:16:21.793 14002 14002 D AndroidRuntime: CheckJNI is OFF
11-02 10:16:21.859 14002 14002 D ICU     : No timezone override file found: /data/misc/zoneinfo/current/icu/icu_tzdata.dat
11-02 10:16:21.888 14002 14002 I Radio-JNI: register_android_hardware_Radio DONE
11-02 10:16:21.904 14002 14002 D AndroidRuntime: Calling main entry com.android.commands.am.Am
11-02 10:16:21.920   601  9643 I ActivityManager: Force stopping com.android.chrome appid=10035 user=0: from pid 14002
11-02 10:16:21.920   601  9643 I ActivityManager: Killing 13249:com.android.chrome:privileged_process0/u0a35 (adj 0): stop com.android.chrome
11-02 10:16:21.921   601  9643 D ActivityManager: cleanUpApplicationRecord -- 13249
11-02 10:16:21.921   601  9643 W ActivityManager: Scheduling restart of crashed service com.android.chrome/org.chromium.content.app.PrivilegedProcessService0 in 1000ms
11-02 10:16:21.921   601  9643 I ActivityManager: Killing 13188:com.android.chrome/u0a35 (adj 0): stop com.android.chrome
11-02 10:16:21.921   601  9643 D ActivityManager: cleanUpApplicationRecord -- 13188
11-02 10:16:21.924 26552 26552 I MemoryTrimmer: Trimming objects from memory, since app is in the background.
11-02 10:16:21.924   601  9643 W ActivityManager: Force removing ActivityRecord{b898cb4 u0 com.android.chrome/com.google.android.apps.chrome.Main t1222}: app died, no saved state
11-02 10:16:21.925 13222 13222 I cr_ChildProcessService: Destroying ChildProcessService pid=13222
11-02 10:16:21.926 13222 13222 I art     : System.exit called, status: 0
