10-30 11:56:11.040   600  1081 D ActivityManager: cleanUpApplicationRecord -- 12382
10-30 11:56:11.041   600   649 E ConnectivityService: RemoteException caught trying to send a callback msg for NetworkRequest [ LISTEN id=824, [ Capabilities: INTERNET&NOT_RESTRICTED&TRUSTED&FOREGROUND] ]
10-30 11:56:11.042   600   649 E ConnectivityService: RemoteException caught trying to send a callback msg for NetworkRequest [ LISTEN id=823, [ Capabilities: INTERNET&NOT_RESTRICTED&TRUSTED&FOREGROUND] ]
10-30 11:56:11.046 12742 12742 D AndroidRuntime: Shutting down VM
10-30 11:56:11.123  1061  1061 D RegisteredNfcFServicesCache: Service unchanged, not updating
10-30 11:56:11.218  1084  1171 I OpenGLRenderer: Initialized EGL, version 1.4
10-30 11:56:11.218  1084  1171 D OpenGLRenderer: Swap behavior 2
10-30 11:56:11.260   600  1079 I ActivityManager: Start proc 12754:com.google.android.googlequicksearchbox:search/u0a24 for service com.google.android.googlequicksearchbox/com.google.android.apps.gsa.search.core.service.SearchService
10-30 11:56:11.549 12754 12754 I art     : Starting a blocking GC AddRemoveAppImageSpace
10-30 11:56:11.783  1084  1171 W OpenGLRenderer: Incorrectly called buildLayer on View: ShortcutAndWidgetContainer, destroying layer...
10-30 11:56:11.870 12752 12752 D AndroidRuntime: >>>>>> START com.android.internal.os.RuntimeInit uid 2000 <<<<<<
10-30 11:56:11.876 12752 12752 D AndroidRuntime: CheckJNI is OFF
10-30 11:56:11.979 12752 12752 D ICU     : No timezone override file found: /data/misc/zoneinfo/current/icu/icu_tzdata.dat
10-30 11:56:12.039 12752 12752 I Radio-JNI: register_android_hardware_Radio DONE
10-30 11:56:12.060 12752 12752 D AndroidRuntime: Calling main entry com.android.commands.pm.Pm
10-30 11:56:12.063   600 13631 I ActivityManager: Start proc 12786:com.google.android.partnersetup/u0a12 for content provider com.google.android.partnersetup/.RlzAppProvider
10-30 11:56:12.083 12754 12766 I AttachedClient: Adding client event 2 to pending list.
10-30 11:56:12.111   600  1079 I ActivityManager: Force stopping com.opera.browser appid=10122 user=0: clear data
10-30 11:56:12.116   600   613 I ActivityManager: Force stopping com.opera.browser appid=10122 user=-1: clearApplicationUserData
10-30 11:56:12.117 12786 12786 I art     : Starting a blocking GC AddRemoveAppImageSpace
10-30 11:56:12.119 12786 12786 W System  : ClassLoader referenced unknown path: /system/priv-app/GooglePartnerSetup/lib/arm64
10-30 11:56:12.194 12754 12754 I OptInState: There is a new client and it does not support opt-in. Dropping request.
10-30 11:56:12.205 12754 12754 I MicroDetectionWorker: Micro detection mode: [mDetectionMode: [1]].
10-30 11:56:12.260 12754 12807 I GsaNativeCrashHandler: Loaded shared library: nativecrashreporter
10-30 11:56:12.288 12754 12807 I MicroDataManager: Created a new hotword model for:
10-30 11:56:12.288 12754 12807 I MicroDataManager: # com.google.android.apps.gsa.speech.microdetection.g@36410d17
10-30 11:56:12.290 12754 12813 I MicroRecognitionRunner: Starting detection.
10-30 11:56:12.292 12754 12779 I MicrophoneInputStream: mic_starting com.google.android.apps.gsa.speech.audio.ae@6426ea8
10-30 11:56:12.298   238 12815 I AudioFlinger: AudioFlinger's thread 0xef6920c0 ready to run
10-30 11:56:12.309   238   285 I SoundTriggerHwService::Module: void android::SoundTriggerHwService::Module::onCallbackEvent(const sp<android::SoundTriggerHwService::CallbackEvent> &) mClient == 0
10-30 11:56:12.311 12754 12779 I MicrophoneInputStream: mic_started com.google.android.apps.gsa.speech.audio.ae@6426ea8
10-30 11:56:12.493 12754 12754 I MicroDetectionWorker: onReady
10-30 11:56:12.662   600   625 I ActivityManager: Start proc 12816:com.android.defcontainer/u0a4 for service com.android.defcontainer/.DefaultContainerService
10-30 11:56:12.734 12752 12752 I art     : System.exit called, status: 0
10-30 11:56:12.734 12752 12752 I AndroidRuntime: VM exiting with result code 0.
10-30 11:56:12.738   787   787 I GeofencerStateMachine: removeGeofences: removeRequest=RemoveGeofencingRequest[REMOVE_ALL packageName=com.opera.browser]
10-30 11:56:12.768   600   612 W ResourceType: No known package when getting value for resource number 0x7f100007
10-30 11:56:12.768   600   612 W ResourceType: No known package when getting value for resource number 0x7f13090c
10-30 11:56:12.775   600   612 W ResourceType: No known package when getting value for resource number 0x7f100005
10-30 11:56:12.775   600   612 W ResourceType: No known package when getting value for resource number 0x7f13090a
10-30 11:56:12.775   600   612 W ResourceType: No known package when getting value for resource number 0x7f100004
10-30 11:56:12.775   600   612 W ResourceType: No known package when getting value for resource number 0x7f130909
10-30 11:56:12.775   600   612 W ResourceType: No known package when getting value for resource number 0x7f100006
10-30 11:56:12.775   600   612 W ResourceType: No known package when getting value for resource number 0x7f13090b
10-30 11:56:12.826   600   613 I ActivityManager: Start proc 12831:com.android.chrome/u0a35 for broadcast com.android.chrome/org.chromium.chrome.browser.browserservices.ClientAppBroadcastReceiver
10-30 11:56:12.830  1061  1061 D RegisteredNfcFServicesCache: Service unchanged, not updating
10-30 11:56:13.526   600  6312 I ActivityManager: Start proc 12852:com.android.documentsui/u0a40 for broadcast com.android.documentsui/.PackageReceiver
10-30 11:56:13.565 12852 12852 I art     : Starting a blocking GC AddRemoveAppImageSpace
10-30 11:56:13.567 12852 12852 W System  : ClassLoader referenced unknown path: /system/priv-app/DocumentsUI/lib/arm64
10-30 11:56:13.667   787 12870 I Fitness : FitCleanupIntentOperation received Intent android.intent.action.PACKAGE_DATA_CLEARED [CONTEXT service_id=17 ]
10-30 11:56:13.902 12659 12871 I Icing   : Using regular flags by method 2
10-30 11:56:14.196 12659 12886 I Icing   : Storage manager: low false usage 1.98MB avail 5.39GB capacity 11.05GB
10-30 11:56:14.327 12659 12886 W native  : model-utils.cc:15 No CRC32, most likely an old model; skip CRC32 check
10-30 11:56:14.336 12659 12886 E native  : model-utils.cc:38 Not a valid Model flatbuffer
10-30 11:56:14.336 12659 12886 E native  : model-provider-from-fb.cc:102 Unable to initialize ModelProviderFromFlatbuffer
10-30 11:56:14.336 12659 12886 I native  : model-api.cc:45 Registered model under key tmp-segmentation-model
10-30 11:56:14.375   600   609 I art     : Background partial concurrent mark sweep GC freed 27873(1532KB) AllocSpace objects, 2(40KB) LOS objects, 33% free, 15MB/23MB, paused 778us total 101.917ms
10-30 11:56:14.399 12659 12886 I native  : permission-checker.cc:74 Creating PermissionChecker based on ACL with config_version 1 having 9 permissions defined.
10-30 11:56:14.406 12659 12886 W native  : words-map.cc:30 INVALID_ARGUMENT: Empty URI
10-30 11:56:14.406 12659 12886 W native  : words-map.cc:34 WordsMap was not properly initialized
10-30 11:56:14.483 12659 12659 W ModuleManager: Unable to get current module's fulfilled APIs in ModuleManager created with non-module Context
10-30 11:56:14.525 12659 12894 I Icing   : IndexChimeraService.getServiceInterface callingPackage=com.google.android.gms componentName=null serviceId=30
10-30 11:56:14.535 12659 12874 I DynamiteModule: Considering local module com.google.android.gms.googlecertificates:6 and remote module com.google.android.gms.googlecertificates:6
10-30 11:56:14.536 12659 12874 I DynamiteModule: Selected local version of com.google.android.gms.googlecertificates
10-30 11:56:14.563 12659 12895 I Icing   : IndexChimeraService.getServiceInterface callingPackage=com.google.android.gms componentName=null serviceId=36
10-30 11:56:14.589   600 27731 I ActivityManager: Start proc 12896:android.process.acore/u0a3 for content provider com.android.providers.contacts/.ContactsProvider2
10-30 11:56:14.604 12659 12886 I Icing   : doRemovePackageData com.google.android.gm
10-30 11:56:14.630 12896 12896 W System  : ClassLoader referenced unknown path: /system/priv-app/ContactsProvider/lib/arm64
10-30 11:56:14.651 12659 12886 I Icing   : updateResources: need to parse acol{com.google.android.gms}
10-30 11:56:14.708 12896 12896 I ContactsPerf: VoicemailContentProvider.onCreate start
10-30 11:56:14.724 12896 12896 I ContactsPerf: VoicemailContentProvider.onCreate finish
10-30 11:56:14.735 12896 12896 W System  : ClassLoader referenced unknown path: /system/priv-app/BlockedNumberProvider/lib/arm64
10-30 11:56:14.738 12896 12896 D ApplicationLoaders: ignored Vulkan layer search path /system/priv-app/BlockedNumberProvider/lib/arm64:/system/lib64:/vendor/lib64 for namespace 0x7f9ac4d0f0
10-30 11:56:14.769 12896 12896 W System  : ClassLoader referenced unknown path: /system/app/UserDictionaryProvider/lib/arm64
10-30 11:56:14.770 12896 12896 D ApplicationLoaders: ignored Vulkan layer search path /system/app/UserDictionaryProvider/lib/arm64:/system/lib64:/vendor/lib64 for namespace 0x7f9ac4d160
10-30 11:56:14.877 12896 12910 I ContactLocale: AddressBook Labels [[en_US]]: […, A, B, C, D, E, F, G, H, I, J, K, L, M, N, O, P, Q, R, S, T, U, V, W, X, Y, Z, Α, Β, Γ, Δ, Ε, Ζ, Η, Θ, Ι, Κ, Λ, Μ, Ν, Ξ, Ο, Π, Ρ, Σ, Τ, Υ, Φ, Χ, Ψ, Ω, …, А, Б, В, Г, Д, Ђ, Е, Є, Ж, З, И, І, Й, Ј, К, Л, Љ, М, Н, Њ, О, П, Р, С, Т, Ћ, У, Ф, Х, Ц, Ч, Џ, Ш, Щ, Ю, Я, …, א, ב, ג, ד, ה, ו, ז, ח, ט, י, כ, ל, מ, נ, ס, ע, פ, צ, ק, ר, ש, ת, …, ا, ب, ت, ث, ج, ح, خ, د, ذ, ر, ز, س, ش, ص, ض, ط, ظ, ع, غ, ف, ق, ك, ل, م, ن, ه, و, ي, …, ก, ข, ฃ, ค, ฅ, ฆ, ง, จ, ฉ, ช, ซ, ฌ, ญ, ฎ, ฏ, ฐ, ฑ, ฒ, ณ, ด, ต, ถ, ท, ธ, น, บ, ป, ผ, ฝ, พ, ฟ, ภ, ม, ย, ร, ฤ, ล, ฦ, ว, ศ, ษ, ส, ห, ฬ, อ, ฮ, …, ㄱ, ㄴ, ㄷ, ㄹ, ㅁ, ㅂ, ㅅ, ㅇ, ㅈ, ㅊ, ㅋ, ㅌ, ㅍ, ㅎ, …, あ, か, さ, た, な, は, ま, や, ら, わ, #, …]
10-30 11:56:14.924 12659 12886 I Icing   : Internal init done: storage state 0
10-30 11:56:14.955 12659 12894 I Icing   : IndexChimeraService.getServiceInterface callingPackage=com.google.android.gms componentName=AppsCorpus serviceId=36
10-30 11:56:14.956 12659 12881 I Icing   : IndexChimeraService.getServiceInterface callingPackage=com.google.android.gms componentName=AppsCorpus serviceId=32
10-30 11:56:15.078   600   647 I WifiHAL : Got channel list with 13 channels
10-30 11:56:15.078   600   647 I WifiHAL : Got channel list with 4 channels
10-30 11:56:15.079   600   647 I WifiHAL : Got channel list with 15 channels
10-30 11:56:15.144   787   802 W SQLiteConnectionPool: A SQLiteConnection object for database '/data/user/0/com.google.android.gms/databases/metadata.db' was leaked!  Please fix your application to end transactions in progress properly and to close the database when it is no longer needed.
10-30 11:56:15.151   787  1259 W GmsStrictMode: LEAKED_CLOSABLE [CONTEXT service_id=256 ]
10-30 11:56:15.151   787  1259 W GmsStrictMode: rvo: LEAKED_CLOSABLE
10-30 11:56:15.151   787  1259 W GmsStrictMode: 	at dalvik.system.VMStack.getThreadStackTrace(Native Method)
10-30 11:56:15.151   787  1259 W GmsStrictMode: 	at java.lang.Thread.getStackTrace(Thread.java:1566)
10-30 11:56:15.151   787  1259 W GmsStrictMode: 	at bhdb.containsKey(:com.google.android.gms@203915020@20.39.15 (040406-335085812):1)
10-30 11:56:15.151   787  1259 W GmsStrictMode: 	at android.os.StrictMode.onVmPolicyViolation(StrictMode.java:1867)
10-30 11:56:15.151   787  1259 W GmsStrictMode: 	at android.os.StrictMode.onVmPolicyViolation(StrictMode.java:1844)
10-30 11:56:15.151   787  1259 W GmsStrictMode: 	at android.os.StrictMode$AndroidCloseGuardReporter.report(StrictMode.java:1590)
10-30 11:56:15.151   787  1259 W GmsStrictMode: 	at dalvik.system.CloseGuard.warnIfOpen(CloseGuard.java:208)
10-30 11:56:15.151   787  1259 W GmsStrictMode: 	at android.database.sqlite.SQLiteConnection.dispose(SQLiteConnection.java:231)
10-30 11:56:15.151   787  1259 W GmsStrictMode: 	at android.database.sqlite.SQLiteConnection.finalize(SQLiteConnection.java:180)
10-30 11:56:15.151   787  1259 W GmsStrictMode: 	at java.lang.Daemons$FinalizerDaemon.doFinalize(Daemons.java:222)
10-30 11:56:15.151   787  1259 W GmsStrictMode: 	at java.lang.Daemons$FinalizerDaemon.run(Daemons.java:209)
10-30 11:56:15.151   787  1259 W GmsStrictMode: 	at java.lang.Thread.run(Thread.java:761)
10-30 11:56:15.170   787 11794 I NetworkScheduler.Stats: Task com.google.android.gms/com.google.android.gms.icing.proxy.IcingInternalCorporaUpdateService started execution. cause:9 exec_start_elapsed_seconds: 79423 [CONTEXT service_id=218 ]
10-30 11:56:15.286 12659 12886 I Icing   : Post-init done
10-30 11:56:15.287 12659 12886 I Icing   : doRemovePackageData com.opera.browser
10-30 11:56:15.295   787 12412 I NetworkScheduler.Stats: Task com.google.android.gms/com.google.android.gms.icing.proxy.IcingInternalCorporaUpdateService finished executing. cause:9 result: 1 elapsed_millis: 156 uptime_millis: 156 exec_start_elapsed_seconds: 79423 [CONTEXT service_id=218 ]
10-30 11:56:15.377 12659 12886 W Icing   : No valid account for uploading user actions
10-30 11:56:15.461 12659 12886 E native  : document-store.cc:1328 Failed to update per-doc-data with usage report
10-30 11:56:15.531 12659 12886 I Icing   : Usage reports ok 1, Failed Usage reports 1, indexed 0, rejected 0
10-30 11:56:15.537 12659 12886 W Icing   : No valid account for uploading user actions
10-30 11:56:15.550 12659 12886 I Icing   : Usage reports ok 0, Failed Usage reports 0, indexed 0, rejected 0
10-30 11:56:15.551 12659 12886 W Icing   : No valid account for uploading user actions
10-30 11:56:15.569 12659 12886 I Icing   : Usage reports ok 0, Failed Usage reports 0, indexed 0, rejected 0
10-30 11:56:15.570 12659 12886 W Icing   : No valid account for uploading user actions
10-30 11:56:15.577 12659 12886 I Icing   : Usage reports ok 0, Failed Usage reports 0, indexed 0, rejected 0
