10-31 09:04:17.887 32623 32623 D MonkeyStub: translateCommand: touch move 614 1311
10-31 09:04:17.996 32623 32623 D MonkeyStub: translateCommand: touch move 614 1186
10-31 09:04:18.100 32623 32623 D MonkeyStub: translateCommand: touch move 614 1061
10-31 09:04:18.241 32623 32623 D MonkeyStub: translateCommand: touch move 614 937
10-31 09:04:18.347 32623 32623 D MonkeyStub: translateCommand: touch move 614 812
10-31 09:04:18.459 32623 32623 D MonkeyStub: translateCommand: touch move 614 687
10-31 09:04:18.565 32623 32623 D MonkeyStub: translateCommand: touch move 614 562
10-31 09:04:18.694 32623 32623 D MonkeyStub: translateCommand: touch move 614 437
10-31 09:04:18.750   600  1080 I ActivityManager: Process android.process.acore (pid 31857) has died
10-31 09:04:18.750   600  1080 D ActivityManager: cleanUpApplicationRecord -- 31857
10-31 09:04:18.761   600  7064 I ActivityManager: Process com.android.documentsui (pid 31813) has died
10-31 09:04:18.761   600  7064 D ActivityManager: cleanUpApplicationRecord -- 31813
10-31 09:04:18.806 32623 32623 D MonkeyStub: translateCommand: touch move 614 312
10-31 09:04:18.817 32623 32623 D MonkeyStub: translateCommand: touch up 614 312
10-31 09:04:19.618   600 27731 I ActivityManager: Process com.google.process.gapps (pid 31658) has died
10-31 09:04:19.618   600 27731 D ActivityManager: cleanUpApplicationRecord -- 31658
10-31 09:04:19.619   197   197 E lowmemorykiller: Error opening /proc/32281/oom_score_adj; errno=2
10-31 09:04:19.619   600  1082 I ActivityManager: Process com.google.android.gms.ui (pid 32281) has died
10-31 09:04:19.619   600  1082 D ActivityManager: cleanUpApplicationRecord -- 32281
10-31 09:04:19.621   600  3967 I ActivityManager: Process com.google.android.googlequicksearchbox:search (pid 31714) has died
10-31 09:04:19.621   600  3967 D ActivityManager: cleanUpApplicationRecord -- 31714
10-31 09:04:24.987 32623 32623 D MonkeyStub: translateCommand: touch down 614 1561
10-31 09:04:24.995 32623 32623 D MonkeyStub: translateCommand: touch move 614 1561
10-31 09:04:25.105 32623 32623 D MonkeyStub: translateCommand: touch move 614 1436
10-31 09:04:25.278 32623 32623 D MonkeyStub: translateCommand: touch move 614 1311
10-31 09:04:25.390 32623 32623 D MonkeyStub: translateCommand: touch move 614 1186
10-31 09:04:25.518 32623 32623 D MonkeyStub: translateCommand: touch move 614 1061
10-31 09:04:25.635 32623 32623 D MonkeyStub: translateCommand: touch move 614 937
10-31 09:04:25.746 32623 32623 D MonkeyStub: translateCommand: touch move 614 812
10-31 09:04:25.864 32623 32623 D MonkeyStub: translateCommand: touch move 614 687
10-31 09:04:25.976 32623 32623 D MonkeyStub: translateCommand: touch move 614 562
10-31 09:04:26.092 32623 32623 D MonkeyStub: translateCommand: touch move 614 437
10-31 09:04:26.207 32623 32623 D MonkeyStub: translateCommand: touch move 614 312
10-31 09:04:26.233 32623 32623 D MonkeyStub: translateCommand: touch up 614 312
10-31 09:04:26.275 32623 32623 D MonkeyStub: translateCommand: touch down 614 1561
10-31 09:04:26.282 32623 32623 D MonkeyStub: translateCommand: touch move 614 1561
10-31 09:04:26.396 32623 32623 D MonkeyStub: translateCommand: touch move 614 1436
10-31 09:04:26.509 32623 32623 D MonkeyStub: translateCommand: touch move 614 1311
10-31 09:04:26.632 32623 32623 D MonkeyStub: translateCommand: touch move 614 1186
10-31 09:04:26.744 32623 32623 D MonkeyStub: translateCommand: touch move 614 1061
10-31 09:04:26.849 32623 32623 D MonkeyStub: translateCommand: touch move 614 937
10-31 09:04:26.921   600   713 I ActivityManager: Process com.google.android.gms (pid 31642) has died
10-31 09:04:26.921   600   713 D ActivityManager: cleanUpApplicationRecord -- 31642
10-31 09:04:26.959 32623 32623 D MonkeyStub: translateCommand: touch move 614 812
10-31 09:04:27.084 32623 32623 D MonkeyStub: translateCommand: touch move 614 687
10-31 09:04:27.192 32623 32623 D MonkeyStub: translateCommand: touch move 614 562
10-31 09:04:27.323 32623 32623 D MonkeyStub: translateCommand: touch move 614 437
10-31 09:04:27.522 32623 32623 D MonkeyStub: translateCommand: touch move 614 312
10-31 09:04:27.531 32623 32623 D MonkeyStub: translateCommand: touch up 614 312
10-31 09:04:27.582 32623 32623 D MonkeyStub: Quit requested
10-31 09:04:27.733   600   614 I CwMcuSensor: CwMcuSensor::flush: fd = 252, sensors_id = 0, path = /sys/class/htc_sensorhub/sensor_hub/flush, err = 0
10-31 09:04:27.746 32623 32623 I art     : System.exit called, status: 71
10-31 09:04:27.747 32623 32623 I AndroidRuntime: VM exiting with result code 71.
10-31 09:04:27.914   600   610 W WindowManager: Attempted to remove non-existing token: android.os.Binder@6582ece
10-31 09:04:28.044   600   647 I WifiHAL : Got channel list with 13 channels
10-31 09:04:28.045   600   647 I WifiHAL : Got channel list with 4 channels
10-31 09:04:28.046   600   647 I WifiHAL : Got channel list with 15 channels
10-31 09:04:30.492 32046 32056 I art     : Background sticky concurrent mark sweep GC freed 123733(5MB) AllocSpace objects, 4(76KB) LOS objects, 22% free, 18MB/24MB, paused 824us total 168.625ms
10-31 09:04:32.233   600   609 I art     : Background partial concurrent mark sweep GC freed 97984(5MB) AllocSpace objects, 17(372KB) LOS objects, 33% free, 16MB/24MB, paused 8.715ms total 280.146ms
10-31 09:04:43.843   360   360 D AndroidRuntime: >>>>>> START com.android.internal.os.RuntimeInit uid 2000 <<<<<<
10-31 09:04:43.859   360   360 D AndroidRuntime: CheckJNI is OFF
10-31 09:04:44.065   360   360 D ICU     : No timezone override file found: /data/misc/zoneinfo/current/icu/icu_tzdata.dat
10-31 09:04:44.151   360   360 I Radio-JNI: register_android_hardware_Radio DONE
10-31 09:04:44.185   360   360 D AndroidRuntime: Calling main entry com.android.commands.am.Am
10-31 09:04:44.206   600   611 I ActivityManager: Force stopping com.opera.browser appid=10122 user=0: from pid 360
10-31 09:04:44.208   600   611 I ActivityManager: Killing 32190:com.opera.browser:privileged_process0/u0a122 (adj 0): stop com.opera.browser
10-31 09:04:44.208   600   611 D ActivityManager: cleanUpApplicationRecord -- 32190
10-31 09:04:44.208   600   611 W ActivityManager: Scheduling restart of crashed service com.opera.browser/com.opera.android.browser.chromium.services.PrivilegedProcessService0 in 1000ms
10-31 09:04:44.209   600   611 I ActivityManager: Killing 32046:com.opera.browser/u0a122 (adj 0): stop com.opera.browser
10-31 09:04:44.209   600   611 D ActivityManager: cleanUpApplicationRecord -- 32046
10-31 09:04:44.210   600   611 W ActivityManager: Force removing ActivityRecord{eed71fe u0 com.opera.browser/com.opera.android.BrowserActivity t2234}: app died, no saved state
10-31 09:04:44.264   600   611 I ActivityManager: Killing 32521:com.opera.browser:sandboxed_process0/u0a122 (adj 0): stop com.opera.browser
10-31 09:04:44.264   600   611 D ActivityManager: cleanUpApplicationRecord -- 32521
10-31 09:04:44.269   360   360 D AndroidRuntime: Shutting down VM
10-31 09:04:44.357   600  3675 D GraphicsStats: Buffer count: 2
10-31 09:04:44.364  1061  1061 D RegisteredNfcFServicesCache: Service unchanged, not updating
10-31 09:04:44.365   600  3509 D ConnectivityService: ConnectivityService NetworkRequestInfo binderDied(NetworkRequest [ LISTEN id=1762, [ Capabilities: INTERNET&NOT_RESTRICTED&TRUSTED&FOREGROUND] ], android.os.BinderProxy@61d5bf5)
10-31 09:04:44.365   600   713 D ConnectivityService: ConnectivityService NetworkRequestInfo binderDied(NetworkRequest [ LISTEN id=1763, [ Capabilities: INTERNET&NOT_RESTRICTED&TRUSTED&FOREGROUND] ], android.os.BinderProxy@383d52c)
10-31 09:04:44.378   600   649 E ConnectivityService: RemoteException caught trying to send a callback msg for NetworkRequest [ LISTEN id=1762, [ Capabilities: INTERNET&NOT_RESTRICTED&TRUSTED&FOREGROUND] ]
10-31 09:04:44.379   600   649 E ConnectivityService: RemoteException caught trying to send a callback msg for NetworkRequest [ LISTEN id=1763, [ Capabilities: INTERNET&NOT_RESTRICTED&TRUSTED&FOREGROUND] ]
10-31 09:04:44.437  1084  1171 I OpenGLRenderer: Initialized EGL, version 1.4
10-31 09:04:44.437  1084  1171 D OpenGLRenderer: Swap behavior 2
10-31 09:04:44.491   600  1080 I ActivityManager: Start proc 372:com.google.android.googlequicksearchbox:search/u0a24 for service com.google.android.googlequicksearchbox/com.google.android.apps.gsa.search.core.service.SearchService
10-31 09:04:44.892   372   372 I art     : Starting a blocking GC AddRemoveAppImageSpace
10-31 09:04:44.977   370   370 D AndroidRuntime: >>>>>> START com.android.internal.os.RuntimeInit uid 2000 <<<<<<
10-31 09:04:44.981   370   370 D AndroidRuntime: CheckJNI is OFF
10-31 09:04:45.018  1084  1171 W OpenGLRenderer: Incorrectly called buildLayer on View: ShortcutAndWidgetContainer, destroying layer...
10-31 09:04:45.075   370   370 D ICU     : No timezone override file found: /data/misc/zoneinfo/current/icu/icu_tzdata.dat
10-31 09:04:45.116   370   370 I Radio-JNI: register_android_hardware_Radio DONE
10-31 09:04:45.134   370   370 D AndroidRuntime: Calling main entry com.android.commands.pm.Pm
10-31 09:04:45.154   600 16391 I ActivityManager: Force stopping com.opera.browser appid=10122 user=0: clear data
10-31 09:04:45.157   600   613 I ActivityManager: Force stopping com.opera.browser appid=10122 user=-1: clearApplicationUserData
10-31 09:04:45.478   600 16391 I ActivityManager: Start proc 406:com.google.process.gapps/u0a8 for content provider com.google.android.gsf/.gservices.GservicesProvider
10-31 09:04:45.508   600   611 I ActivityManager: Start proc 421:com.google.android.partnersetup/u0a12 for content provider com.google.android.partnersetup/.RlzAppProvider
10-31 09:04:45.552   406   406 I art     : Starting a blocking GC AddRemoveAppImageSpace
10-31 09:04:45.553   421   421 I art     : Starting a blocking GC AddRemoveAppImageSpace
10-31 09:04:45.554   421   421 W System  : ClassLoader referenced unknown path: /system/priv-app/GooglePartnerSetup/lib/arm64
10-31 09:04:45.556   406   406 W System  : ClassLoader referenced unknown path: /system/priv-app/GoogleServicesFramework/lib/arm64
10-31 09:04:45.605   406   406 I GservicesProvider: Gservices pushing to system: true; secure/global: true
10-31 09:04:45.671   406   406 I GoogleHttpClient: GMS http client unavailable, use old client
10-31 09:04:45.716   372   385 I AttachedClient: Adding client event 2 to pending list.
10-31 09:04:45.762   372   372 I OptInState: There is a new client and it does not support opt-in. Dropping request.
10-31 09:04:45.817   372   372 I MicroDetectionWorker: Micro detection mode: [mDetectionMode: [1]].
10-31 09:04:45.844   372   446 I GsaNativeCrashHandler: Loaded shared library: nativecrashreporter
10-31 09:04:45.865   372   446 I MicroDataManager: Created a new hotword model for:
10-31 09:04:45.865   372   446 I MicroDataManager: # com.google.android.apps.gsa.speech.microdetection.g@36410d17
10-31 09:04:45.867   372   449 I MicroRecognitionRunner: Starting detection.
10-31 09:04:45.868   372   413 I MicrophoneInputStream: mic_starting com.google.android.apps.gsa.speech.audio.ae@5f07dc1
10-31 09:04:45.873   238   451 I AudioFlinger: AudioFlinger's thread 0xef6922c0 ready to run
10-31 09:04:45.884   238   285 I SoundTriggerHwService::Module: void android::SoundTriggerHwService::Module::onCallbackEvent(const sp<android::SoundTriggerHwService::CallbackEvent> &) mClient == 0
10-31 09:04:45.887   372   413 I MicrophoneInputStream: mic_started com.google.android.apps.gsa.speech.audio.ae@5f07dc1
10-31 09:04:45.935   600   625 I ActivityManager: Start proc 452:com.android.defcontainer/u0a4 for service com.android.defcontainer/.DefaultContainerService
10-31 09:04:45.990   370   370 I art     : System.exit called, status: 0
10-31 09:04:45.990   370   370 I AndroidRuntime: VM exiting with result code 0.
10-31 09:04:45.993   787   787 I GeofencerStateMachine: removeGeofences: removeRequest=RemoveGeofencingRequest[REMOVE_ALL packageName=com.opera.browser]
10-31 09:04:46.046   600   613 I ActivityManager: Start proc 467:com.android.chrome/u0a35 for broadcast com.android.chrome/org.chromium.chrome.browser.browserservices.ClientAppBroadcastReceiver
10-31 09:04:46.056  1061  1061 D RegisteredNfcFServicesCache: Service unchanged, not updating
10-31 09:04:46.058   600   612 W ResourceType: No known package when getting value for resource number 0x7f100007
10-31 09:04:46.059   600   612 W ResourceType: No known package when getting value for resource number 0x7f13090c
10-31 09:04:46.061   600   612 W ResourceType: No known package when getting value for resource number 0x7f100005
10-31 09:04:46.061   600   612 W ResourceType: No known package when getting value for resource number 0x7f13090a
10-31 09:04:46.061   600   612 W ResourceType: No known package when getting value for resource number 0x7f100004
10-31 09:04:46.061   600   612 W ResourceType: No known package when getting value for resource number 0x7f130909
10-31 09:04:46.061   600   612 W ResourceType: No known package when getting value for resource number 0x7f100006
10-31 09:04:46.061   600   612 W ResourceType: No known package when getting value for resource number 0x7f13090b
10-31 09:04:46.063   372   372 I MicroDetectionWorker: onReady
10-31 09:04:46.713   600   707 I ActivityManager: Start proc 488:com.android.documentsui/u0a40 for broadcast com.android.documentsui/.PackageReceiver
10-31 09:04:46.747   488   488 I art     : Starting a blocking GC AddRemoveAppImageSpace
10-31 09:04:46.749   488   488 W System  : ClassLoader referenced unknown path: /system/priv-app/DocumentsUI/lib/arm64
10-31 09:04:46.811   600 16391 I ActivityManager: Start proc 504:com.google.android.gms/u0a8 for service com.google.android.gms/.chimera.GmsIntentOperationService
10-31 09:04:46.861   787   517 I Fitness : FitCleanupIntentOperation received Intent android.intent.action.PACKAGE_DATA_CLEARED [CONTEXT service_id=17 ]
10-31 09:04:46.953   504   504 W ResourceType: ResTable_typeSpec entry count inconsistent: given 67, previously 69
10-31 09:04:46.953   504   504 W ResourceType: ResTable_typeSpec entry count inconsistent: given 5346, previously 5347
10-31 09:04:47.372   504   504 W ResourceType: ResTable_typeSpec entry count inconsistent: given 67, previously 69
10-31 09:04:47.372   504   504 W ResourceType: ResTable_typeSpec entry count inconsistent: given 5346, previously 5347
10-31 09:04:47.463   504   504 W ProviderHelper: Unknown dynamite feature providerinstaller
10-31 09:04:47.464   504   504 I DynamiteModule: Considering local module com.google.android.gms.providerinstaller:1 and remote module com.google.android.gms.providerinstaller:0
10-31 09:04:47.464   504   504 I DynamiteModule: Selected local version of com.google.android.gms.providerinstaller
10-31 09:04:47.487   504   504 V NativeCrypto: Registering com/google/android/gms/org/conscrypt/NativeCrypto's 288 native methods...
10-31 09:04:47.543   504   504 D NetworkSecurityConfig: Using Network Security Config from resource network_security_config debugBuild: false
10-31 09:04:47.549   504   504 I ProviderInstaller: Installed default security provider GmsCore_OpenSSL
10-31 09:04:47.550   504   504 I Safeboot: Checking safeboot...
10-31 09:04:47.552   504   504 I Safeboot: Not entering safeboot; wrong process.
10-31 09:04:47.707   504   504 I Watchcat: Started
10-31 09:04:47.724   504   504 I GMS_MM_Logger: Started.
10-31 09:04:47.725   504   504 I bfrm    : Primes not initialized, returning default (no-op) Primes instance which will ignore all calls. Please call Primes.initialize(...) before using any Primes API.
10-31 09:04:47.916   504   536 I Icing   : Using regular flags by method 2
10-31 09:04:48.023   504   545 I Icing   : Storage manager: low false usage 1.99MB avail 5.36GB capacity 11.05GB
10-31 09:04:48.120   504   545 W native  : model-utils.cc:15 No CRC32, most likely an old model; skip CRC32 check
10-31 09:04:48.126   504   545 E native  : model-utils.cc:38 Not a valid Model flatbuffer
10-31 09:04:48.126   504   545 E native  : model-provider-from-fb.cc:102 Unable to initialize ModelProviderFromFlatbuffer
10-31 09:04:48.127   504   545 I native  : model-api.cc:45 Registered model under key tmp-segmentation-model
10-31 09:04:48.173   787   802 W SQLiteConnectionPool: A SQLiteConnection object for database '/data/user/0/com.google.android.gms/databases/metadata.db' was leaked!  Please fix your application to end transactions in progress properly and to close the database when it is no longer needed.
10-31 09:04:48.174   787  1259 W GmsStrictMode: LEAKED_CLOSABLE [CONTEXT service_id=256 ]
10-31 09:04:48.174   787  1259 W GmsStrictMode: rvo: LEAKED_CLOSABLE
10-31 09:04:48.174   787  1259 W GmsStrictMode: 	at dalvik.system.VMStack.getThreadStackTrace(Native Method)
10-31 09:04:48.174   787  1259 W GmsStrictMode: 	at java.lang.Thread.getStackTrace(Thread.java:1566)
10-31 09:04:48.174   787  1259 W GmsStrictMode: 	at bhdb.containsKey(:com.google.android.gms@203915020@20.39.15 (040406-335085812):1)
10-31 09:04:48.174   787  1259 W GmsStrictMode: 	at android.os.StrictMode.onVmPolicyViolation(StrictMode.java:1867)
10-31 09:04:48.174   787  1259 W GmsStrictMode: 	at android.os.StrictMode.onVmPolicyViolation(StrictMode.java:1844)
10-31 09:04:48.174   787  1259 W GmsStrictMode: 	at android.os.StrictMode$AndroidCloseGuardReporter.report(StrictMode.java:1590)
10-31 09:04:48.174   787  1259 W GmsStrictMode: 	at dalvik.system.CloseGuard.warnIfOpen(CloseGuard.java:208)
10-31 09:04:48.174   787  1259 W GmsStrictMode: 	at android.database.sqlite.SQLiteConnection.dispose(SQLiteConnection.java:231)
10-31 09:04:48.174   787  1259 W GmsStrictMode: 	at android.database.sqlite.SQLiteConnection.finalize(SQLiteConnection.java:180)
10-31 09:04:48.174   787  1259 W GmsStrictMode: 	at java.lang.Daemons$FinalizerDaemon.doFinalize(Daemons.java:222)
10-31 09:04:48.174   787  1259 W GmsStrictMode: 	at java.lang.Daemons$FinalizerDaemon.run(Daemons.java:209)
10-31 09:04:48.174   787  1259 W GmsStrictMode: 	at java.lang.Thread.run(Thread.java:761)
10-31 09:04:48.190   504   545 I native  : permission-checker.cc:74 Creating PermissionChecker based on ACL with config_version 1 having 9 permissions defined.
10-31 09:04:48.196   504   545 W native  : words-map.cc:30 INVALID_ARGUMENT: Empty URI
10-31 09:04:48.196   504   545 W native  : words-map.cc:34 WordsMap was not properly initialized
10-31 09:04:48.244   504   504 W ModuleManager: Unable to get current module's fulfilled APIs in ModuleManager created with non-module Context
10-31 09:04:48.290   504   552 I Icing   : IndexChimeraService.getServiceInterface callingPackage=com.google.android.gms componentName=null serviceId=30
10-31 09:04:48.301   504   532 I DynamiteModule: Considering local module com.google.android.gms.googlecertificates:6 and remote module com.google.android.gms.googlecertificates:6
10-31 09:04:48.301   504   532 I DynamiteModule: Selected local version of com.google.android.gms.googlecertificates
10-31 09:04:48.327   504   554 I Icing   : IndexChimeraService.getServiceInterface callingPackage=com.google.android.gms componentName=null serviceId=36
10-31 09:04:48.348   600  3509 I ActivityManager: Start proc 555:android.process.acore/u0a3 for content provider com.android.providers.contacts/.ContactsProvider2
10-31 09:04:48.383   555   555 W System  : ClassLoader referenced unknown path: /system/priv-app/ContactsProvider/lib/arm64
10-31 09:04:48.396   504   545 I Icing   : doRemovePackageData com.google.android.gm
10-31 09:04:48.438   504   545 I Icing   : updateResources: need to parse acol{com.google.android.gms}
10-31 09:04:48.447   555   555 I ContactsPerf: VoicemailContentProvider.onCreate start
10-31 09:04:48.464   555   555 I ContactsPerf: VoicemailContentProvider.onCreate finish
10-31 09:04:48.478   555   555 W System  : ClassLoader referenced unknown path: /system/priv-app/BlockedNumberProvider/lib/arm64
10-31 09:04:48.479   555   555 D ApplicationLoaders: ignored Vulkan layer search path /system/priv-app/BlockedNumberProvider/lib/arm64:/system/lib64:/vendor/lib64 for namespace 0x7f9ac3d0f0
10-31 09:04:48.501   555   555 W System  : ClassLoader referenced unknown path: /system/app/UserDictionaryProvider/lib/arm64
10-31 09:04:48.501   555   555 D ApplicationLoaders: ignored Vulkan layer search path /system/app/UserDictionaryProvider/lib/arm64:/system/lib64:/vendor/lib64 for namespace 0x7f9ac3d160
10-31 09:04:48.586   555   569 I ContactLocale: AddressBook Labels [[en_US]]: […, A, B, C, D, E, F, G, H, I, J, K, L, M, N, O, P, Q, R, S, T, U, V, W, X, Y, Z, Α, Β, Γ, Δ, Ε, Ζ, Η, Θ, Ι, Κ, Λ, Μ, Ν, Ξ, Ο, Π, Ρ, Σ, Τ, Υ, Φ, Χ, Ψ, Ω, …, А, Б, В, Г, Д, Ђ, Е, Є, Ж, З, И, І, Й, Ј, К, Л, Љ, М, Н, Њ, О, П, Р, С, Т, Ћ, У, Ф, Х, Ц, Ч, Џ, Ш, Щ, Ю, Я, …, א, ב, ג, ד, ה, ו, ז, ח, ט, י, כ, ל, מ, נ, ס, ע, פ, צ, ק, ר, ש, ת, …, ا, ب, ت, ث, ج, ح, خ, د, ذ, ر, ز, س, ش, ص, ض, ط, ظ, ع, غ, ف, ق, ك, ل, م, ن, ه, و, ي, …, ก, ข, ฃ, ค, ฅ, ฆ, ง, จ, ฉ, ช, ซ, ฌ, ญ, ฎ, ฏ, ฐ, ฑ, ฒ, ณ, ด, ต, ถ, ท, ธ, น, บ, ป, ผ, ฝ, พ, ฟ, ภ, ม, ย, ร, ฤ, ล, ฦ, ว, ศ, ษ, ส, ห, ฬ, อ, ฮ, …, ㄱ, ㄴ, ㄷ, ㄹ, ㅁ, ㅂ, ㅅ, ㅇ, ㅈ, ㅊ, ㅋ, ㅌ, ㅍ, ㅎ, …, あ, か, さ, た, な, は, ま, や, ら, わ, #, …]
10-31 09:04:48.640   504   545 I Icing   : Internal init done: storage state 0
10-31 09:04:48.654   504   541 I Icing   : IndexChimeraService.getServiceInterface callingPackage=com.google.android.gms componentName=AppsCorpus serviceId=36
10-31 09:04:48.667   504   552 I Icing   : IndexChimeraService.getServiceInterface callingPackage=com.google.android.gms componentName=AppsCorpus serviceId=32
10-31 09:04:48.735   787 31384 I NetworkScheduler.Stats: Task com.google.android.gms/com.google.android.gms.icing.proxy.IcingInternalCorporaUpdateService started execution. cause:9 exec_start_elapsed_seconds: 155537 [CONTEXT service_id=218 ]
10-31 09:04:48.813   787 32545 I NetworkScheduler.Stats: Task com.google.android.gms/com.google.android.gms.icing.proxy.IcingInternalCorporaUpdateService finished executing. cause:9 result: 1 elapsed_millis: 91 uptime_millis: 91 exec_start_elapsed_seconds: 155537 [CONTEXT service_id=218 ]
10-31 09:04:48.846   504   545 I Icing   : Post-init done
10-31 09:04:48.846   504   545 I Icing   : doRemovePackageData com.opera.browser
10-31 09:04:48.903   504   545 W Icing   : No valid account for uploading user actions
10-31 09:04:48.993   504   545 I Icing   : Usage reports ok 1, Failed Usage reports 0, indexed 0, rejected 0
10-31 09:04:48.998   504   545 W Icing   : No valid account for uploading user actions
10-31 09:04:49.006   504   545 I Icing   : Usage reports ok 0, Failed Usage reports 0, indexed 0, rejected 0
10-31 09:04:49.008   504   545 W Icing   : No valid account for uploading user actions
10-31 09:04:49.015   504   545 I Icing   : Usage reports ok 0, Failed Usage reports 0, indexed 0, rejected 0
10-31 09:04:49.016   504   545 W Icing   : No valid account for uploading user actions
10-31 09:04:49.024   504   545 I Icing   : Usage reports ok 0, Failed Usage reports 0, indexed 0, rejected 0
