10-30 20:43:50.769  7912  7912 W boxed_process23: type=1400 audit(0.0:8630): avc: denied { getattr } for path="/data/data/com.android.chrome" dev="dm-2" ino=12190 scontext=u:r:isolated_app:s0:c512,c768 tcontext=u:object_r:app_data_file:s0:c512,c768 tclass=dir permissive=0
10-30 20:43:50.788  7912  7912 I cr_ChildProcessService: Creating new ChildProcessService pid=7912
10-30 20:43:50.825  7912  7925 I cr_LibraryLoader: Loaded native library version number "85.0.4183.127"
10-30 20:43:50.825  7912  7925 I cr_CachingUmaRecorder: Flushed 1 samples from 1 histograms.
10-30 20:43:50.836  7925  7925 W CrUtilityMain: type=1400 audit(0.0:8631): avc: denied { setattr } for name="optimization-hints.pb" dev="dm-2" ino=22466 scontext=u:r:isolated_app:s0:c512,c768 tcontext=u:object_r:app_data_file:s0:c512,c768 tclass=file permissive=0
10-30 20:43:50.836  7925  7925 W CrUtilityMain: type=1400 audit(0.0:8632): avc: denied { setattr } for name="manifest.json" dev="dm-2" ino=22435 scontext=u:r:isolated_app:s0:c512,c768 tcontext=u:object_r:app_data_file:s0:c512,c768 tclass=file permissive=0
10-30 20:43:50.839  7925  7925 W CrUtilityMain: type=1400 audit(0.0:8633): avc: denied { setattr } for name="verified_contents.json" dev="dm-2" ino=22685 scontext=u:r:isolated_app:s0:c512,c768 tcontext=u:object_r:app_data_file:s0:c512,c768 tclass=file permissive=0
10-30 20:43:50.850  7912  7925 I chromium: [INFO:child_process_service.cc(69)] ChildProcessService: Exiting child process.
10-30 20:43:50.851   197   197 E lowmemorykiller: Error writing /proc/7912/oom_score_adj; errno=22
10-30 20:43:50.863   600  2707 I ActivityManager: Process com.android.chrome:sandboxed_process23 (pid 7912) has died
10-30 20:43:50.863   600  2707 D ActivityManager: cleanUpApplicationRecord -- 7912
10-30 20:43:50.865  7222  7222 W chromium: [WARNING:compositor_view.cc(315)] Child process died (type=6) pid=7912)
10-30 20:43:51.124  7844  7844 D MonkeyStub: translateCommand: tap 734 1352
10-30 20:43:51.168   600 13631 I ActivityManager: Start proc 7929:com.android.chrome:sandboxed_process24/u0i990 for service com.android.chrome/org.chromium.content.app.SandboxedProcessService24
10-30 20:43:51.266  7929  7929 W boxed_process24: type=1400 audit(0.0:8634): avc: denied { getattr } for path="/data/data/com.android.chrome" dev="dm-2" ino=12190 scontext=u:r:isolated_app:s0:c512,c768 tcontext=u:object_r:app_data_file:s0:c512,c768 tclass=dir permissive=0
10-30 20:43:51.361  7929  7929 I cr_ChildProcessService: Creating new ChildProcessService pid=7929
10-30 20:43:51.422   787  1259 E AsyncOperation: serviceID=121, operation=GetLaunchDataOperation [CONTEXT service_id=259 ]
10-30 20:43:51.422   787  1259 E AsyncOperation: OperationException[Status{statusCode=Not an instant app, resolution=null}]
10-30 20:43:51.422   787  1259 E AsyncOperation: 	at aeay.a(:com.google.android.gms@203915020@20.39.15 (040406-335085812):20)
10-30 20:43:51.422   787  1259 E AsyncOperation: 	at aain.run(:com.google.android.gms@203915020@20.39.15 (040406-335085812):7)
10-30 20:43:51.422   787  1259 E AsyncOperation: 	at boex.run(:com.google.android.gms@203915020@20.39.15 (040406-335085812):2)
10-30 20:43:51.422   787  1259 E AsyncOperation: 	at sup.b(:com.google.android.gms@203915020@20.39.15 (040406-335085812):12)
10-30 20:43:51.422   787  1259 E AsyncOperation: 	at sup.run(:com.google.android.gms@203915020@20.39.15 (040406-335085812):7)
10-30 20:43:51.422   787  1259 E AsyncOperation: 	at java.util.concurrent.ThreadPoolExecutor.runWorker(ThreadPoolExecutor.java:1133)
10-30 20:43:51.422   787  1259 E AsyncOperation: 	at java.util.concurrent.ThreadPoolExecutor$Worker.run(ThreadPoolExecutor.java:607)
10-30 20:43:51.422   787  1259 E AsyncOperation: 	at tam.run(:com.google.android.gms@203915020@20.39.15 (040406-335085812):0)
10-30 20:43:51.422   787  1259 E AsyncOperation: 	at java.lang.Thread.run(Thread.java:761)
10-30 20:43:51.457  7929  7942 I cr_LibraryLoader: Loaded native library version number "85.0.4183.127"
10-30 20:43:51.457  7929  7942 I cr_CachingUmaRecorder: Flushed 1 samples from 1 histograms.
10-30 20:43:51.486  7942  7942 W CrUtilityMain: type=1400 audit(0.0:8635): avc: denied { setattr } for name="crl-set" dev="dm-2" ino=22476 scontext=u:r:isolated_app:s0:c512,c768 tcontext=u:object_r:app_data_file:s0:c512,c768 tclass=file permissive=0
10-30 20:43:51.489  7942  7942 W CrUtilityMain: type=1400 audit(0.0:8636): avc: denied { setattr } for name="manifest.json" dev="dm-2" ino=22424 scontext=u:r:isolated_app:s0:c512,c768 tcontext=u:object_r:app_data_file:s0:c512,c768 tclass=file permissive=0
10-30 20:43:51.489  7942  7942 W CrUtilityMain: type=1400 audit(0.0:8637): avc: denied { setattr } for name="LICENSE" dev="dm-2" ino=22490 scontext=u:r:isolated_app:s0:c512,c768 tcontext=u:object_r:app_data_file:s0:c512,c768 tclass=file permissive=0
10-30 20:43:51.493  7942  7942 W CrUtilityMain: type=1400 audit(0.0:8638): avc: denied { setattr } for name="verified_contents.json" dev="dm-2" ino=22631 scontext=u:r:isolated_app:s0:c512,c768 tcontext=u:object_r:app_data_file:s0:c512,c768 tclass=file permissive=0
10-30 20:43:51.508  7929  7929 I cr_ChildProcessService: Destroying ChildProcessService pid=7929
10-30 20:43:51.509  7929  7942 I chromium: [INFO:child_process_service.cc(69)] ChildProcessService: Exiting child process.
10-30 20:43:51.533   600 17381 I ActivityManager: Process com.android.chrome:sandboxed_process24 (pid 7929) has died
10-30 20:43:51.533   600 17381 D ActivityManager: cleanUpApplicationRecord -- 7929
10-30 20:43:51.571  7222  7232 I art     : Background sticky concurrent mark sweep GC freed 58728(2MB) AllocSpace objects, 19(504KB) LOS objects, 24% free, 11MB/15MB, paused 5.501ms total 35.119ms
10-30 20:43:51.578  7222  7222 W chromium: [WARNING:compositor_view.cc(315)] Child process died (type=6) pid=7929)
10-30 20:43:52.503  7222  7222 V MediaRouter: Adding route: RouteInfo{ name=Tablet, description=null, status=null, category=RouteCategory{ name=null types=ROUTE_TYPE_LIVE_AUDIO ROUTE_TYPE_LIVE_VIDEO  groupable=false }, supportedTypes=ROUTE_TYPE_LIVE_AUDIO ROUTE_TYPE_LIVE_VIDEO , presentationDisplay=null }
10-30 20:43:52.510  7222  7222 V MediaRouter: Updating audio routes: AudioRoutesInfo{ type=SPEAKER }
10-30 20:43:52.512  7222  7222 V MediaRouter: Selecting route: RouteInfo{ name=Tablet, description=null, status=null, category=RouteCategory{ name=null types=ROUTE_TYPE_LIVE_AUDIO ROUTE_TYPE_LIVE_VIDEO  groupable=false }, supportedTypes=ROUTE_TYPE_LIVE_AUDIO ROUTE_TYPE_LIVE_VIDEO , presentationDisplay=null }
10-30 20:43:52.527  7222  7222 I MediaRouter: Found default route: MediaRouter.RouteInfo{ uniqueId=android/Qf:DEFAULT_ROUTE, name=Tablet, description=null, iconUri=null, enabled=true, connecting=false, connectionState=0, canDisconnect=false, playbackType=0, playbackStream=3, deviceType=0, volumeHandling=1, volume=0, volumeMax=15, presentationDisplayId=-1, extras=null, settingsIntent=null, providerPackageName=android }
10-30 20:43:52.527  7222  7222 I MediaRouter: Unselecting the current route because it is no longer selectable: null
10-30 20:43:52.553  7222  7222 V MediaRouter: Selecting route: RouteInfo{ name=Tablet, description=null, status=null, category=RouteCategory{ name=null types=ROUTE_TYPE_LIVE_AUDIO ROUTE_TYPE_LIVE_VIDEO  groupable=false }, supportedTypes=ROUTE_TYPE_LIVE_AUDIO ROUTE_TYPE_LIVE_VIDEO , presentationDisplay=null }
10-30 20:43:52.745   787 28597 W Icing   : isOptedInForAppHistory: empty Account Name encountered
10-30 20:43:52.762   787 28597 W Icing   : isOptedInForAppHistory: empty Account Name encountered
10-30 20:43:52.798   787  7069 W Icing   : isOptedInForAppHistory: empty Account Name encountered
10-30 20:43:53.313  7284  7308 W VideoCapabilities: Unrecognized level 0 for video/x-vnd.on2.vp8
10-30 20:43:53.342  7284  7308 I VideoCapabilities: Unsupported profile 4 for video/mp4v-es
10-30 20:43:53.349  7284  7308 W cr_MediaCodecUtil: HW encoder for video/avc is not available on this device.
10-30 20:43:53.363  7284  7950 W VideoCapabilities: Unrecognized level 0 for video/x-vnd.on2.vp8
10-30 20:43:53.396  7284  7950 I VideoCapabilities: Unsupported profile 4 for video/mp4v-es
10-30 20:43:53.653 29332 29693 I CastDatabase: Opening the database
10-30 20:43:53.660 29332 29332 I DiscoveryManager: WifiGuestModeDeviceScanner enabled.
10-30 20:43:53.661   600   647 I WifiHAL : Got channel list with 13 channels
10-30 20:43:53.661   600   647 I WifiHAL : Got channel list with 4 channels
10-30 20:43:53.662   600   647 I WifiHAL : Got channel list with 15 channels
10-30 20:43:53.787 29332 29693 I SQLiteCastStore: 2 CastNetworkInfo instances loaded, 1 CastDeviceInfo instances loaded, 0 paired guest mode devices loaded.
10-30 20:43:53.787 29332 29693 I DiscoveryManager: Filter criteria(37F83649) scannerFlags(0)
10-30 20:43:53.788 29332 29693 I CastDatabase: CastDeviceInfo created: V_52913897-f54b-4ce0-a47d-1074715ace95
10-30 20:43:53.788 29332 29693 W GuestModeDeviceProber: setFilterCriteria
10-30 20:43:53.831 29332 29693 E DeviceScanner: [BLE] Failed to start scan because the Bluetooth is disabled.
10-30 20:43:53.842 29332 29693 W DatabaseProcessor: processLocalDevices: failed to get the network info with non-null bssid.
10-30 20:43:53.847 29332 29693 W DatabaseProcessor: processLocalDevices: failed to get the network info with non-null bssid.
10-30 20:43:53.877  7284  7307 I cr_MediaCodecBridge: create MediaCodec video decoder, mime video/avc
10-30 20:43:53.887   246   246 I MediaPlayerService: MediaPlayerService::getOMX
10-30 20:43:53.887  7284  7955 I OMXClient: MuxOMX ctor
10-30 20:43:53.889   243  7993 I OMXMaster: makeComponentInstance(OMX.Nvidia.h264.decode) in mediacodec process
10-30 20:43:53.901  7284  7954 I MediaCodec: MediaCodec will operate in async mode
10-30 20:43:53.909  7284  7954 I MediaCodec: [OMX.Nvidia.h264.decode] setting surface generation to 7458817
10-30 20:43:53.912   243   905 E OMXNodeInstance: getConfig(f300b9:Nvidia.h264.decode, ConfigCommonOutputCrop(0x700000f)) ERROR: BadParameter(0x80001005)
10-30 20:43:53.925  7284  7955 D SurfaceUtils: set up nativeWindow 0xd2c4a808 for 2526x1000, color 0x106, rotation 0, usage 0x2b00
10-30 20:43:53.930   243  7956 D NvOsDebugPrintf: NvMMLiteOpen : Block : BlockType = 261 
10-30 20:43:53.931   243  7956 D NvOsDebugPrintf: TVMR: NvMMLiteTVMRDecBlockOpen: 5008: NvMMLiteBlockOpen 
10-30 20:43:53.946   243  7956 D NvOsDebugPrintf: NvMMLiteBlockCreate : Block : BlockType = 261 
10-30 20:43:53.961   243  7958 D NvOsDebugPrintf: TVMR: cbBeginSequence: 655: BeginSequence  2528x1008, bVPR = 0
10-30 20:43:53.962   243  7958 D NvOsDebugPrintf: TVMR: cbBeginSequence: 918: DecodeBuffers = 12 
10-30 20:43:53.987   243  7958 D NvOsDebugPrintf: TVMR: cbBeginSequence: 938: Display Resolution : (2526x1000) 
10-30 20:43:53.987   243  7958 D NvOsDebugPrintf: TVMR: cbBeginSequence: 939: Display Aspect Ratio : (2526x1000) 
10-30 20:43:53.987   243  7958 D NvOsDebugPrintf: TVMR: cbBeginSequence: 1041: SurfaceLayout = 3
10-30 20:43:53.987   243  7958 D NvOsDebugPrintf: TVMR: cbBeginSequence: 1071: NumOfSurfaces = 16, InteraceStream = 0, InterlaceEnabled = 0, bSecure = 0, MVC = 0 Semiplanar = 1, bReinit = 1 
10-30 20:43:53.987   243  7958 D NvOsDebugPrintf: Allocating new output: 2528x1008 (x 18), ThumbnailMode = 0
10-30 20:43:53.992  7284  7955 D SurfaceUtils: set up nativeWindow 0xd2c4a808 for 2528x1008, color 0x106, rotation 0, usage 0x2b00
10-30 20:43:53.992   243  6645 E OMXNodeInstance: setParameter(f300b9:Nvidia.h264.decode, ParamPortDefinition(0x2000001)) ERROR: UnsupportedSetting(0x80001019)
10-30 20:43:53.992  7284  7955 W ACodec  : [OMX.Nvidia.h264.decode] setting nBufferCountActual to 23 failed: -1010
10-30 20:43:53.992   243   952 E OMXNodeInstance: setParameter(f300b9:Nvidia.h264.decode, ParamPortDefinition(0x2000001)) ERROR: UnsupportedSetting(0x80001019)
10-30 20:43:53.992  7284  7955 W ACodec  : [OMX.Nvidia.h264.decode] setting nBufferCountActual to 22 failed: -1010
10-30 20:43:53.992   243   951 E OMXNodeInstance: setParameter(f300b9:Nvidia.h264.decode, ParamPortDefinition(0x2000001)) ERROR: UnsupportedSetting(0x80001019)
10-30 20:43:53.992  7284  7955 W ACodec  : [OMX.Nvidia.h264.decode] setting nBufferCountActual to 21 failed: -1010
10-30 20:43:54.029 29332 29693 E DeviceScanner: [BLE] Failed to start scan because the Bluetooth is disabled.
10-30 20:43:54.030 29332 29693 W DatabaseProcessor: processLocalDevices: failed to get the network info with non-null bssid.
10-30 20:43:54.030 29332 29693 W DatabaseProcessor: processLocalDevices: failed to get the network info with non-null bssid.
10-30 20:43:56.870 29332 29692 W AdaptiveDiscoveryWorker: Exiting Adaptive Discovery. Current NetworkInfo is NULL.
10-30 20:43:56.991 29332 29692 W DatabaseProcessor: processLocalDevices: failed to get the network info with non-null bssid.
10-30 20:43:57.227   600  2707 I ActivityManager: Start proc 7963:com.android.chrome:sandboxed_process25/u0i991 for service com.android.chrome/org.chromium.content.app.SandboxedProcessService25
10-30 20:43:57.309  7963  7963 W boxed_process25: type=1400 audit(0.0:8639): avc: denied { getattr } for path="/data/data/com.android.chrome" dev="dm-2" ino=12190 scontext=u:r:isolated_app:s0:c512,c768 tcontext=u:object_r:app_data_file:s0:c512,c768 tclass=dir permissive=0
10-30 20:43:57.346  7963  7963 I cr_ChildProcessService: Creating new ChildProcessService pid=7963
10-30 20:43:57.431  7963  7977 I cr_LibraryLoader: Loaded native library version number "85.0.4183.127"
10-30 20:43:57.433  7963  7977 I cr_CachingUmaRecorder: Flushed 1 samples from 1 histograms.
10-30 20:43:57.486  7977  7977 W CrUtilityMain: type=1400 audit(0.0:8640): avc: denied { setattr } for name="tl_en-us_2022-10-17_483521407_100000_index.bin" dev="dm-2" ino=23632 scontext=u:r:isolated_app:s0:c512,c768 tcontext=u:object_r:app_data_file:s0:c512,c768 tclass=file permissive=0
10-30 20:43:57.489  7977  7977 W CrUtilityMain: type=1400 audit(0.0:8641): avc: denied { setattr } for name="manifest.json" dev="dm-2" ino=23250 scontext=u:r:isolated_app:s0:c512,c768 tcontext=u:object_r:app_data_file:s0:c512,c768 tclass=file permissive=0
10-30 20:43:57.489  7977  7977 W CrUtilityMain: type=1400 audit(0.0:8642): avc: denied { setattr } for name="verified_contents.json" dev="dm-2" ino=23540 scontext=u:r:isolated_app:s0:c512,c768 tcontext=u:object_r:app_data_file:s0:c512,c768 tclass=file permissive=0
10-30 20:43:57.500  7963  7977 I chromium: [INFO:child_process_service.cc(69)] ChildProcessService: Exiting child process.
10-30 20:43:57.503   197   197 E lowmemorykiller: Error writing /proc/7963/oom_score_adj; errno=22
10-30 20:43:57.525   600 16391 I ActivityManager: Process com.android.chrome:sandboxed_process25 (pid 7963) has died
10-30 20:43:57.525   600 16391 D ActivityManager: cleanUpApplicationRecord -- 7963
10-30 20:43:57.526  7222  7222 W chromium: [WARNING:compositor_view.cc(315)] Child process died (type=6) pid=7963)
10-30 20:43:57.815  7222  7222 I cr_tabmodel: Appending tabs being restored to metadata lists, 0, startingNormalCount: 2, startingIncognitoCount: 0
10-30 20:43:57.816  7222  7222 I cr_tabmodel: Serializing tab lists; counts: 2, 0
10-30 20:44:03.621   600   707 I ActivityManager: Start proc 7982:com.android.chrome:sandboxed_process26/u0i992 for service com.android.chrome/org.chromium.content.app.SandboxedProcessService26
10-30 20:44:03.696  7982  7982 W boxed_process26: type=1400 audit(0.0:8643): avc: denied { getattr } for path="/data/data/com.android.chrome" dev="dm-2" ino=12190 scontext=u:r:isolated_app:s0:c512,c768 tcontext=u:object_r:app_data_file:s0:c512,c768 tclass=dir permissive=0
10-30 20:44:03.731  7982  7982 I cr_ChildProcessService: Creating new ChildProcessService pid=7982
10-30 20:44:03.826  7982  7996 I cr_LibraryLoader: Loaded native library version number "85.0.4183.127"
10-30 20:44:03.826  7982  7996 I cr_CachingUmaRecorder: Flushed 1 samples from 1 histograms.
10-30 20:44:03.859  7996  7996 W CrUtilityMain: type=1400 audit(0.0:8644): avc: denied { setattr } for name="download_file_types.pb" dev="dm-2" ino=24053 scontext=u:r:isolated_app:s0:c512,c768 tcontext=u:object_r:app_data_file:s0:c512,c768 tclass=file permissive=0
10-30 20:44:03.863  7996  7996 W CrUtilityMain: type=1400 audit(0.0:8645): avc: denied { setattr } for name="manifest.json" dev="dm-2" ino=23893 scontext=u:r:isolated_app:s0:c512,c768 tcontext=u:object_r:app_data_file:s0:c512,c768 tclass=file permissive=0
10-30 20:44:03.869  7996  7996 W CrUtilityMain: type=1400 audit(0.0:8646): avc: denied { setattr } for name="verified_contents.json" dev="dm-2" ino=23789 scontext=u:r:isolated_app:s0:c512,c768 tcontext=u:object_r:app_data_file:s0:c512,c768 tclass=file permissive=0
10-30 20:44:03.884  7982  7996 I chromium: [INFO:child_process_service.cc(69)] ChildProcessService: Exiting child process.
10-30 20:44:03.885   197   197 E lowmemorykiller: Error writing /proc/7982/oom_score_adj; errno=22
10-30 20:44:03.907   600 27731 I ActivityManager: Process com.android.chrome:sandboxed_process26 (pid 7982) has died
10-30 20:44:03.907   600 27731 D ActivityManager: cleanUpApplicationRecord -- 7982
10-30 20:44:03.907  7222  7222 W chromium: [WARNING:compositor_view.cc(315)] Child process died (type=6) pid=7982)
10-30 20:44:04.176  7844  7844 D MonkeyStub: translateCommand: touch down 614 1561
10-30 20:44:04.188  7844  7844 D MonkeyStub: translateCommand: touch move 614 1561
10-30 20:44:04.296  7844  7844 D MonkeyStub: translateCommand: touch move 614 1436
10-30 20:44:04.406  7844  7844 D MonkeyStub: translateCommand: touch move 614 1311
10-30 20:44:04.515  7844  7844 D MonkeyStub: translateCommand: touch move 614 1186
10-30 20:44:04.629  7844  7844 D MonkeyStub: translateCommand: touch move 614 1061
10-30 20:44:04.739  7844  7844 D MonkeyStub: translateCommand: touch move 614 937
10-30 20:44:04.850  7844  7844 D MonkeyStub: translateCommand: touch move 614 812
10-30 20:44:04.960  7844  7844 D MonkeyStub: translateCommand: touch move 614 687
10-30 20:44:05.069  7844  7844 D MonkeyStub: translateCommand: touch move 614 562
10-30 20:44:05.193  7844  7844 D MonkeyStub: translateCommand: touch move 614 437
10-30 20:44:05.301  7844  7844 D MonkeyStub: translateCommand: touch move 614 312
10-30 20:44:05.314  7844  7844 D MonkeyStub: translateCommand: touch up 614 312
10-30 20:44:09.540  7844  7844 D MonkeyStub: translateCommand: touch down 614 1561
10-30 20:44:09.546  7844  7844 D MonkeyStub: translateCommand: touch move 614 1561
10-30 20:44:09.654  7844  7844 D MonkeyStub: translateCommand: touch move 614 1436
10-30 20:44:09.764  7844  7844 D MonkeyStub: translateCommand: touch move 614 1311
10-30 20:44:09.875  7844  7844 D MonkeyStub: translateCommand: touch move 614 1186
10-30 20:44:09.985  7844  7844 D MonkeyStub: translateCommand: touch move 614 1061
10-30 20:44:10.107  7844  7844 D MonkeyStub: translateCommand: touch move 614 937
10-30 20:44:10.216  7844  7844 D MonkeyStub: translateCommand: touch move 614 812
10-30 20:44:10.315   600  3509 I ActivityManager: Start proc 8001:com.android.chrome:sandboxed_process27/u0i993 for service com.android.chrome/org.chromium.content.app.SandboxedProcessService27
10-30 20:44:10.324  7844  7844 D MonkeyStub: translateCommand: touch move 614 687
10-30 20:44:10.359  8001  8001 W boxed_process27: type=1400 audit(0.0:8647): avc: denied { getattr } for path="/data/data/com.android.chrome" dev="dm-2" ino=12190 scontext=u:r:isolated_app:s0:c512,c768 tcontext=u:object_r:app_data_file:s0:c512,c768 tclass=dir permissive=0
10-30 20:44:10.392  8001  8001 I cr_ChildProcessService: Creating new ChildProcessService pid=8001
10-30 20:44:10.430  7844  7844 D MonkeyStub: translateCommand: touch move 614 562
10-30 20:44:10.447  8001  8014 I cr_LibraryLoader: Loaded native library version number "85.0.4183.127"
10-30 20:44:10.447  8001  8014 I cr_CachingUmaRecorder: Flushed 1 samples from 1 histograms.
10-30 20:44:10.476  8014  8014 W CrUtilityMain: type=1400 audit(0.0:8648): avc: denied { setattr } for name="manifest.json" dev="dm-2" ino=23957 scontext=u:r:isolated_app:s0:c512,c768 tcontext=u:object_r:app_data_file:s0:c512,c768 tclass=file permissive=0
10-30 20:44:10.483  8014  8014 W CrUtilityMain: type=1400 audit(0.0:8649): avc: denied { setattr } for name="verified_contents.json" dev="dm-2" ino=23737 scontext=u:r:isolated_app:s0:c512,c768 tcontext=u:object_r:app_data_file:s0:c512,c768 tclass=file permissive=0
10-30 20:44:10.495  8001  8001 I cr_ChildProcessService: Destroying ChildProcessService pid=8001
10-30 20:44:10.496  8001  8014 I chromium: [INFO:child_process_service.cc(69)] ChildProcessService: Exiting child process.
10-30 20:44:10.517   600  3675 I ActivityManager: Process com.android.chrome:sandboxed_process27 (pid 8001) has died
10-30 20:44:10.517   600  3675 D ActivityManager: cleanUpApplicationRecord -- 8001
10-30 20:44:10.525  7222  7222 W chromium: [WARNING:compositor_view.cc(315)] Child process died (type=6) pid=8001)
10-30 20:44:10.540  7844  7844 D MonkeyStub: translateCommand: touch move 614 437
10-30 20:44:10.650  7844  7844 D MonkeyStub: translateCommand: touch move 614 312
10-30 20:44:10.656  7844  7844 D MonkeyStub: translateCommand: touch up 614 312
10-30 20:44:10.661  7844  7844 D MonkeyStub: Quit requested
10-30 20:44:10.680   600   614 I CwMcuSensor: CwMcuSensor::flush: fd = 235, sensors_id = 0, path = /sys/class/htc_sensorhub/sensor_hub/flush, err = 0
10-30 20:44:10.693  7844  7844 I art     : System.exit called, status: 121
10-30 20:44:10.693  7844  7844 I AndroidRuntime: VM exiting with result code 121.
10-30 20:44:10.715   600   707 W WindowManager: Attempted to remove non-existing token: android.os.Binder@a6eaa61
10-30 20:44:17.290   600   713 I ActivityManager: Start proc 8021:com.android.chrome:sandboxed_process28/u0i994 for service com.android.chrome/org.chromium.content.app.SandboxedProcessService28
10-30 20:44:17.329  8021  8021 W boxed_process28: type=1400 audit(0.0:8650): avc: denied { getattr } for path="/data/data/com.android.chrome" dev="dm-2" ino=12190 scontext=u:r:isolated_app:s0:c512,c768 tcontext=u:object_r:app_data_file:s0:c512,c768 tclass=dir permissive=0
10-30 20:44:17.354  8021  8021 I cr_ChildProcessService: Creating new ChildProcessService pid=8021
10-30 20:44:17.392  8021  8034 I cr_LibraryLoader: Loaded native library version number "85.0.4183.127"
10-30 20:44:17.393  8021  8034 I cr_CachingUmaRecorder: Flushed 1 samples from 1 histograms.
10-30 20:44:17.409  8034  8034 W CrUtilityMain: type=1400 audit(0.0:8651): avc: denied { setattr } for name="safety_tips.pb" dev="dm-2" ino=23939 scontext=u:r:isolated_app:s0:c512,c768 tcontext=u:object_r:app_data_file:s0:c512,c768 tclass=file permissive=0
10-30 20:44:17.413  8034  8034 W CrUtilityMain: type=1400 audit(0.0:8652): avc: denied { setattr } for name="manifest.json" dev="dm-2" ino=23834 scontext=u:r:isolated_app:s0:c512,c768 tcontext=u:object_r:app_data_file:s0:c512,c768 tclass=file permissive=0
10-30 20:44:17.413  8034  8034 W CrUtilityMain: type=1400 audit(0.0:8653): avc: denied { setattr } for name="verified_contents.json" dev="dm-2" ino=23928 scontext=u:r:isolated_app:s0:c512,c768 tcontext=u:object_r:app_data_file:s0:c512,c768 tclass=file permissive=0
10-30 20:44:17.424  8021  8034 I chromium: [INFO:child_process_service.cc(69)] ChildProcessService: Exiting child process.
10-30 20:44:17.430   197   197 E lowmemorykiller: Error writing /proc/8021/oom_score_adj; errno=22
10-30 20:44:17.444   600 13558 I ActivityManager: Process com.android.chrome:sandboxed_process28 (pid 8021) has died
10-30 20:44:17.444   600 13558 D ActivityManager: cleanUpApplicationRecord -- 8021
10-30 20:44:17.446  7222  7222 W chromium: [WARNING:compositor_view.cc(315)] Child process died (type=6) pid=8021)
10-30 20:44:21.607 29332 29926 I Icing   : IndexChimeraService.getServiceInterface callingPackage=com.android.chrome componentName=null serviceId=36
10-30 20:44:21.625 29332 29693 W Icing   : No valid account for uploading user actions
10-30 20:44:21.660 29332 29926 I Icing   : IndexChimeraService.getServiceInterface callingPackage=com.google.android.gms componentName=null serviceId=30
10-30 20:44:21.687 29332 29693 I Icing   : Usage reports ok 1, Failed Usage reports 0, indexed 1, rejected 0
10-30 20:44:21.691 29332 29693 W Icing   : No valid account for uploading user actions
10-30 20:44:21.702 29332 29693 I Icing   : Usage reports ok 0, Failed Usage reports 0, indexed 0, rejected 0
10-30 20:44:21.705 29332 29693 I Icing   : Indexing com.android.chrome-omnibox from com.android.chrome
10-30 20:44:21.756 29332 29692 I Icing   : Indexing done com.android.chrome-omnibox
10-30 20:44:22.734   787 28596 W Icing   : isOptedInForAppHistory: empty Account Name encountered
10-30 20:44:22.753   787  7069 W Icing   : isOptedInForAppHistory: empty Account Name encountered
10-30 20:44:24.479   600   713 I ActivityManager: Start proc 8039:com.android.chrome:sandboxed_process29/u0i995 for service com.android.chrome/org.chromium.content.app.SandboxedProcessService29
10-30 20:44:24.513  8039  8039 W boxed_process29: type=1400 audit(0.0:8654): avc: denied { getattr } for path="/data/data/com.android.chrome" dev="dm-2" ino=12190 scontext=u:r:isolated_app:s0:c512,c768 tcontext=u:object_r:app_data_file:s0:c512,c768 tclass=dir permissive=0
10-30 20:44:24.543  8039  8039 I cr_ChildProcessService: Creating new ChildProcessService pid=8039
10-30 20:44:24.584  8039  8052 I cr_LibraryLoader: Loaded native library version number "85.0.4183.127"
10-30 20:44:24.584  8039  8052 I cr_CachingUmaRecorder: Flushed 1 samples from 1 histograms.
10-30 20:44:24.596  8052  8052 W CrUtilityMain: type=1400 audit(0.0:8655): avc: denied { setattr } for name=5072656C6F61642044617461 dev="dm-2" ino=24222 scontext=u:r:isolated_app:s0:c512,c768 tcontext=u:object_r:app_data_file:s0:c512,c768 tclass=file permissive=0
10-30 20:44:24.596  8052  8052 W CrUtilityMain: type=1400 audit(0.0:8656): avc: denied { setattr } for name="manifest.json" dev="dm-2" ino=24487 scontext=u:r:isolated_app:s0:c512,c768 tcontext=u:object_r:app_data_file:s0:c512,c768 tclass=file permissive=0
10-30 20:44:24.599  8052  8052 W CrUtilityMain: type=1400 audit(0.0:8657): avc: denied { setattr } for name="verified_contents.json" dev="dm-2" ino=24557 scontext=u:r:isolated_app:s0:c512,c768 tcontext=u:object_r:app_data_file:s0:c512,c768 tclass=file permissive=0
10-30 20:44:24.613  8039  8039 I cr_ChildProcessService: Destroying ChildProcessService pid=8039
10-30 20:44:24.613  8039  8052 I chromium: [INFO:child_process_service.cc(69)] ChildProcessService: Exiting child process.
10-30 20:44:24.634   600  1081 I ActivityManager: Process com.android.chrome:sandboxed_process29 (pid 8039) has died
10-30 20:44:24.634   600  1081 D ActivityManager: cleanUpApplicationRecord -- 8039
10-30 20:44:24.635  7222  7222 W chromium: [WARNING:compositor_view.cc(315)] Child process died (type=6) pid=8039)
10-30 20:44:26.839  8073  8073 D AndroidRuntime: >>>>>> START com.android.internal.os.RuntimeInit uid 2000 <<<<<<
10-30 20:44:26.847  8073  8073 D AndroidRuntime: CheckJNI is OFF
10-30 20:44:26.948  8073  8073 D ICU     : No timezone override file found: /data/misc/zoneinfo/current/icu/icu_tzdata.dat
10-30 20:44:26.996  8073  8073 I Radio-JNI: register_android_hardware_Radio DONE
10-30 20:44:27.015  8073  8073 D AndroidRuntime: Calling main entry com.android.commands.am.Am
10-30 20:44:27.035   600  3509 I ActivityManager: Force stopping com.android.chrome appid=10035 user=0: from pid 8073
10-30 20:44:27.035   600  3509 I ActivityManager: Killing 7284:com.android.chrome:privileged_process0/u0a35 (adj 0): stop com.android.chrome
10-30 20:44:27.035   600  3509 D ActivityManager: cleanUpApplicationRecord -- 7284
10-30 20:44:27.035   600  3509 W ActivityManager: Scheduling restart of crashed service com.android.chrome/org.chromium.content.app.PrivilegedProcessService0 in 1000ms
10-30 20:44:27.036   600  3509 I ActivityManager: Killing 7222:com.android.chrome/u0a35 (adj 0): stop com.android.chrome
10-30 20:44:27.036   600  3509 D ActivityManager: cleanUpApplicationRecord -- 7222
10-30 20:44:27.037   600  3509 I ActivityManager: Killing 7739:com.android.chrome:sandboxed_process21/u0a35i987 (adj 0): isolated not needed
10-30 20:44:27.039   600  3509 W ActivityManager: Force removing ActivityRecord{876b43f u0 com.android.chrome/com.google.android.apps.chrome.Main t1847}: app died, no saved state
10-30 20:44:27.042 17571 17571 I MemoryTrimmer: Trimming objects from memory, since app is in the background.
10-30 20:44:27.052   600  3509 I ActivityManager: Killing 7256:com.android.chrome:sandboxed_process0/u0a35i966 (adj 0): isolated not needed
10-30 20:44:27.057   243   951 E OMXNodeInstance: !!! Observer died. Quickly, do something, ... anything...
10-30 20:44:27.069  8073  8073 D AndroidRuntime: Shutting down VM
10-30 20:44:27.102  1084  1171 I OpenGLRenderer: Initialized EGL, version 1.4
10-30 20:44:27.102  1084  1171 D OpenGLRenderer: Swap behavior 2
10-30 20:44:27.164   243  7959 D NvOsDebugPrintf: TVMR: TVMRFrameDelivery: 3741: Closing TVMR Frame Delivery Thread -------------
10-30 20:44:27.171   243  7956 D NvOsDebugPrintf: TVMR: NvMMDecTVMRDestroyParser: 4224: NvAvpClose
10-30 20:44:27.171   243  7956 D NvOsDebugPrintf: TVMR: NvMMLiteTVMRDecBlockClose: 5163: Done 
10-30 20:44:27.201  1061  1061 D RegisteredNfcFServicesCache: Service unchanged, not updating
10-30 20:44:27.207 17571 17640 I AttachedClient: Adding client event 2 to pending list.
10-30 20:44:27.244 17571 17571 I OptInState: There is a new client and it does not support opt-in. Dropping request.
10-30 20:44:27.251 17571 17571 I MicroDetectionWorker: Micro detection mode: [mDetectionMode: [1]].
10-30 20:44:27.268   600  1080 D ActivityManager: cleanUpApplicationRecord -- 7256
10-30 20:44:27.298 17571  8087 I MicroRecognitionRunner: Starting detection.
10-30 20:44:27.299 17571 17601 I MicrophoneInputStream: mic_starting com.google.android.apps.gsa.speech.audio.ae@16e299d
10-30 20:44:27.308   238   285 I SoundTriggerHwService::Module: void android::SoundTriggerHwService::Module::onCallbackEvent(const sp<android::SoundTriggerHwService::CallbackEvent> &) mClient == 0
10-30 20:44:27.318   238  8090 I AudioFlinger: AudioFlinger's thread 0xef692d00 ready to run
10-30 20:44:27.324 17571 17601 I MicrophoneInputStream: mic_started com.google.android.apps.gsa.speech.audio.ae@16e299d
10-30 20:44:27.395   600  3675 D ConnectivityService: ConnectivityService NetworkRequestInfo binderDied(NetworkRequest [ LISTEN id=1165, [ Capabilities: INTERNET&NOT_RESTRICTED&TRUSTED&FOREGROUND] ], android.os.BinderProxy@ce358c1)
10-30 20:44:27.396   600  1081 D GraphicsStats: Buffer count: 2
10-30 20:44:27.397   600  3509 D ConnectivityService: ConnectivityService NetworkRequestInfo binderDied(NetworkRequest [ LISTEN id=1163, [ Capabilities: INTERNET&NOT_RESTRICTED&TRUSTED&FOREGROUND] ], android.os.BinderProxy@81dc866)
10-30 20:44:27.398   600 13557 D ConnectivityService: ConnectivityService NetworkRequestInfo binderDied(NetworkRequest [ LISTEN id=1166, [ Capabilities: INTERNET&NOT_RESTRICTED&TRUSTED&FOREGROUND] ], android.os.BinderProxy@61bd5a8)
10-30 20:44:27.398   600   649 E ConnectivityService: RemoteException caught trying to send a callback msg for NetworkRequest [ LISTEN id=1165, [ Capabilities: INTERNET&NOT_RESTRICTED&TRUSTED&FOREGROUND] ]
10-30 20:44:27.398   600   649 E ConnectivityService: RemoteException caught trying to send a callback msg for NetworkRequest [ LISTEN id=1163, [ Capabilities: INTERNET&NOT_RESTRICTED&TRUSTED&FOREGROUND] ]
10-30 20:44:27.399   600   649 E ConnectivityService: RemoteException caught trying to send a callback msg for NetworkRequest [ LISTEN id=1166, [ Capabilities: INTERNET&NOT_RESTRICTED&TRUSTED&FOREGROUND] ]
10-30 20:44:27.399   600  1080 D ConnectivityService: ConnectivityService NetworkRequestInfo binderDied(NetworkRequest [ LISTEN id=1164, [ Capabilities: INTERNET&NOT_RESTRICTED&TRUSTED&FOREGROUND] ], android.os.BinderProxy@ca197a7)
10-30 20:44:27.399   600   649 E ConnectivityService: RemoteException caught trying to send a callback msg for NetworkRequest [ LISTEN id=1164, [ Capabilities: INTERNET&NOT_RESTRICTED&TRUSTED&FOREGROUND] ]
10-30 20:44:27.400 29332 29693 I DiscoveryManager: Filter criteria(null) scannerFlags(0)
10-30 20:44:27.401   600  1082 D ActivityManager: cleanUpApplicationRecord -- 7739
10-30 20:44:27.408 29332 29693 W GuestModeDeviceProber: setFilterCriteria
10-30 20:44:27.504 17571 17571 I MicroDetectionWorker: onReady
10-30 20:44:27.645  8085  8085 D AndroidRuntime: >>>>>> START com.android.internal.os.RuntimeInit uid 2000 <<<<<<
10-30 20:44:27.646  1084  1171 W OpenGLRenderer: Incorrectly called buildLayer on View: ShortcutAndWidgetContainer, destroying layer...
10-30 20:44:27.650  8085  8085 D AndroidRuntime: CheckJNI is OFF
10-30 20:44:27.720  8085  8085 D ICU     : No timezone override file found: /data/misc/zoneinfo/current/icu/icu_tzdata.dat
10-30 20:44:27.748  8085  8085 I Radio-JNI: register_android_hardware_Radio DONE
10-30 20:44:27.763  8085  8085 D AndroidRuntime: Calling main entry com.android.commands.pm.Pm
10-30 20:44:27.779   600  1080 I ActivityManager: Force stopping com.android.chrome appid=10035 user=0: clear data
10-30 20:44:27.781   600   613 I ActivityManager: Force stopping com.android.chrome appid=10035 user=-1: clearApplicationUserData
10-30 20:44:27.876   787   787 I GeofencerStateMachine: removeGeofences: removeRequest=RemoveGeofencingRequest[REMOVE_ALL packageName=com.android.chrome]
10-30 20:44:27.883  8085  8085 I art     : System.exit called, status: 0
10-30 20:44:27.884  8085  8085 I AndroidRuntime: VM exiting with result code 0.
10-30 20:44:27.888  1061  1061 D RegisteredNfcFServicesCache: Service unchanged, not updating
10-30 20:44:27.893   600   612 W ResourceType: No known package when getting value for resource number 0x7f080316
10-30 20:44:27.893   600   612 W ResourceType: No known package when getting value for resource number 0x7f130448
10-30 20:44:27.893   600   612 W ResourceType: No known package when getting value for resource number 0x7f080315
10-30 20:44:27.893   600   612 W ResourceType: No known package when getting value for resource number 0x7f130123
10-30 20:44:27.893   600   612 W ResourceType: No known package when getting value for resource number 0x7f130447
10-30 20:44:27.893   600   612 W ResourceType: No known package when getting value for resource number 0x7f1302e4
10-30 20:44:27.893   600   612 E ShortcutService: Ignoring excessive intent tag.
10-30 20:44:27.905   787  8103 I Fitness : FitCleanupIntentOperation received Intent android.intent.action.PACKAGE_DATA_CLEARED [CONTEXT service_id=17 ]
10-30 20:44:27.926 29332 29693 I Icing   : doRemovePackageData com.android.chrome
10-30 20:44:27.927 29332 29693 I Icing   : Removing corpus key com.android.chrome-.implicit: for package com.android.chrome
10-30 20:44:27.972 29332 29693 I native  : flash-index.cc:1519 Flash index sort hb 60 prefix-hits 138 -> 113 at 15.014ms
10-30 20:44:28.005 29332 29693 I Icing   : Removing corpus key com.android.chrome-omnibox for package com.android.chrome
10-30 20:44:28.067 29332 29693 I Icing   : Starting compaction min disk 99.927% min index 99.986%
10-30 20:44:28.187 29332 29693 I native  : document-store.cc:1654 Scored 1915 usage reports, missing_corpora 1021 update_failed 1
10-30 20:44:28.221 29332 29693 W native  : words-map.cc:30 INVALID_ARGUMENT: Empty URI
10-30 20:44:28.221 29332 29693 W native  : words-map.cc:34 WordsMap was not properly initialized
10-30 20:44:28.298 29332 29693 E native  : compactor.cc:67 Could not index embedding for docid 1: INTERNAL: Unable to find Thing Proto section 
10-30 20:44:28.298 29332 29693 E native  : compactor.cc:67 Could not index embedding for docid 3: INTERNAL: Unable to find Thing Proto section 
10-30 20:44:28.299 29332 29693 E native  : compactor.cc:67 Could not index embedding for docid 5: INTERNAL: Unable to find Thing Proto section 
10-30 20:44:28.299 29332 29693 E native  : compactor.cc:67 Could not index embedding for docid 7: INTERNAL: Unable to find Thing Proto section 
10-30 20:44:28.303 29332 29693 E native  : compactor.cc:67 Could not index embedding for docid 8: INTERNAL: Unable to find Thing Proto section 
10-30 20:44:28.303 29332 29693 E native  : compactor.cc:67 Could not index embedding for docid 10: INTERNAL: Unable to find Thing Proto section 
10-30 20:44:28.303 29332 29693 E native  : compactor.cc:67 Could not index embedding for docid 11: INTERNAL: Unable to find Thing Proto section 
10-30 20:44:28.304 29332 29693 E native  : compactor.cc:67 Could not index embedding for docid 13: INTERNAL: Unable to find Thing Proto section 
10-30 20:44:28.304 29332 29693 E native  : compactor.cc:67 Could not index embedding for docid 14: INTERNAL: Unable to find Thing Proto section 
10-30 20:44:28.309 29332 29693 E native  : compactor.cc:67 Could not index embedding for docid 17: INTERNAL: Unable to find Thing Proto section 
10-30 20:44:28.309 29332 29693 E native  : compactor.cc:67 Could not index embedding for docid 18: INTERNAL: Unable to find Thing Proto section 
10-30 20:44:28.310 29332 29693 E native  : compactor.cc:67 Could not index embedding for docid 21: INTERNAL: Unable to find Thing Proto section 
10-30 20:44:28.310 29332 29693 E native  : compactor.cc:67 Could not index embedding for docid 22: INTERNAL: Unable to find Thing Proto section 
10-30 20:44:28.316 29332 29693 E native  : compactor.cc:67 Could not index embedding for docid 26: INTERNAL: Unable to find Thing Proto section 
10-30 20:44:28.316 29332 29693 E native  : compactor.cc:67 Could not index embedding for docid 27: INTERNAL: Unable to find Thing Proto section 
10-30 20:44:28.364 29332 29693 I native  : flash-index.cc:1519 Flash index sort hb 34 prefix-hits 54 -> 54 at 34.101ms
10-30 20:44:28.393 29332 29693 W native  : words-map.cc:30 INVALID_ARGUMENT: Empty URI
10-30 20:44:28.393 29332 29693 W native  : words-map.cc:34 WordsMap was not properly initialized
10-30 20:44:28.461   600   647 I WifiHAL : Got channel list with 13 channels
10-30 20:44:28.462   600   647 I WifiHAL : Got channel list with 4 channels
10-30 20:44:28.463   600   647 I WifiHAL : Got channel list with 15 channels
10-30 20:44:28.466 29332 29693 I Icing   : updateResources: need to parse acol{com.android.chrome}
10-30 20:44:28.531 29332 29693 I Icing   : Indexing com.android.chrome-omnibox from com.android.chrome
10-30 20:44:28.542   600 27731 I ActivityManager: Start proc 8117:com.android.chrome/u0a35 for content provider com.android.chrome/com.google.android.apps.chrome.icing.IcingProvider
10-30 20:44:28.625 29332 29693 I Icing   : Indexing done com.android.chrome-omnibox
10-30 20:44:28.709   600   609 I art     : Background sticky concurrent mark sweep GC freed 99548(5MB) AllocSpace objects, 33(868KB) LOS objects, 29% free, 17MB/24MB, paused 5.230ms total 28.044ms
