10-31 08:08:26.556 16344 16357 I cr_CachingUmaRecorder: Flushed 1 samples from 1 histograms.
10-31 08:08:26.573 16357 16357 W CrUtilityMain: type=1400 audit(0.0:12416): avc: denied { setattr } for name="tls_deprecation_config.pb" dev="dm-2" ino=24510 scontext=u:r:isolated_app:s0:c512,c768 tcontext=u:object_r:app_data_file:s0:c512,c768 tclass=file permissive=0
10-31 08:08:26.573 16357 16357 W CrUtilityMain: type=1400 audit(0.0:12417): avc: denied { setattr } for name="manifest.json" dev="dm-2" ino=24246 scontext=u:r:isolated_app:s0:c512,c768 tcontext=u:object_r:app_data_file:s0:c512,c768 tclass=file permissive=0
10-31 08:08:26.577 16357 16357 W CrUtilityMain: type=1400 audit(0.0:12418): avc: denied { setattr } for name="verified_contents.json" dev="dm-2" ino=59927 scontext=u:r:isolated_app:s0:c512,c768 tcontext=u:object_r:app_data_file:s0:c512,c768 tclass=file permissive=0
10-31 08:08:26.589 16344 16357 I chromium: [INFO:child_process_service.cc(69)] ChildProcessService: Exiting child process.
10-31 08:08:26.590 16116 16116 D MonkeyStub: translateCommand: touch move 614 937
10-31 08:08:26.593   197   197 E lowmemorykiller: Error writing /proc/16344/oom_score_adj; errno=22
10-31 08:08:26.623   600  9614 I ActivityManager: Process com.android.chrome:sandboxed_process29 (pid 16344) has died
10-31 08:08:26.624   600  9614 D ActivityManager: cleanUpApplicationRecord -- 16344
10-31 08:08:26.632 15588 15588 W chromium: [WARNING:compositor_view.cc(315)] Child process died (type=6) pid=16344)
10-31 08:08:26.840 16116 16116 D MonkeyStub: translateCommand: touch move 614 812
10-31 08:08:26.956 16116 16116 D MonkeyStub: translateCommand: touch move 614 687
10-31 08:08:27.070 16116 16116 D MonkeyStub: translateCommand: touch move 614 562
10-31 08:08:27.180 16116 16116 D MonkeyStub: translateCommand: touch move 614 437
10-31 08:08:27.289 16116 16116 D MonkeyStub: translateCommand: touch move 614 312
10-31 08:08:27.294 16116 16116 D MonkeyStub: translateCommand: touch up 614 312
10-31 08:08:27.305 16116 16116 D MonkeyStub: Quit requested
10-31 08:08:27.326   600   614 I CwMcuSensor: CwMcuSensor::flush: fd = 240, sensors_id = 0, path = /sys/class/htc_sensorhub/sensor_hub/flush, err = 0
10-31 08:08:27.334 16116 16116 I art     : System.exit called, status: 121
10-31 08:08:27.334 16116 16116 I AndroidRuntime: VM exiting with result code 121.
10-31 08:08:27.371   600  1080 W WindowManager: Attempted to remove non-existing token: android.os.Binder@cc0e617
10-31 08:08:38.068 17545 17879 I Icing   : IndexChimeraService.getServiceInterface callingPackage=com.android.chrome componentName=null serviceId=36
10-31 08:08:38.098 17545   351 W Icing   : No valid account for uploading user actions
10-31 08:08:38.119 17545 17879 I Icing   : IndexChimeraService.getServiceInterface callingPackage=com.google.android.gms componentName=null serviceId=30
10-31 08:08:38.187 17545   351 I Icing   : Usage reports ok 1, Failed Usage reports 0, indexed 1, rejected 0
10-31 08:08:38.191 17545   351 W Icing   : No valid account for uploading user actions
10-31 08:08:38.202 17545   351 I Icing   : Usage reports ok 0, Failed Usage reports 0, indexed 0, rejected 0
10-31 08:08:38.204 17545   351 I Icing   : Indexing com.android.chrome-omnibox from com.android.chrome
10-31 08:08:38.246 17545 23970 I Icing   : Indexing done com.android.chrome-omnibox
10-31 08:08:39.225   787 28591 W Icing   : isOptedInForAppHistory: empty Account Name encountered
10-31 08:08:39.247   787 10362 W Icing   : isOptedInForAppHistory: empty Account Name encountered
10-31 08:08:43.519 16378 16378 D AndroidRuntime: >>>>>> START com.android.internal.os.RuntimeInit uid 2000 <<<<<<
10-31 08:08:43.528 16378 16378 D AndroidRuntime: CheckJNI is OFF
10-31 08:08:43.642 16378 16378 D ICU     : No timezone override file found: /data/misc/zoneinfo/current/icu/icu_tzdata.dat
10-31 08:08:43.690 16378 16378 I Radio-JNI: register_android_hardware_Radio DONE
10-31 08:08:43.710 16378 16378 D AndroidRuntime: Calling main entry com.android.commands.am.Am
10-31 08:08:43.734   600  7064 I ActivityManager: Force stopping com.android.chrome appid=10035 user=0: from pid 16378
10-31 08:08:43.734   600  7064 I ActivityManager: Killing 15649:com.android.chrome:privileged_process0/u0a35 (adj 0): stop com.android.chrome
10-31 08:08:43.735   600  7064 D ActivityManager: cleanUpApplicationRecord -- 15649
10-31 08:08:43.735   600  7064 W ActivityManager: Scheduling restart of crashed service com.android.chrome/org.chromium.content.app.PrivilegedProcessService0 in 1000ms
10-31 08:08:43.735   600  7064 I ActivityManager: Killing 15588:com.android.chrome/u0a35 (adj 0): stop com.android.chrome
10-31 08:08:43.736   600  7064 D ActivityManager: cleanUpApplicationRecord -- 15588
10-31 08:08:43.742   600  7064 W ActivityManager: Force removing ActivityRecord{841d7b8 u0 com.android.chrome/com.google.android.apps.chrome.Main t2200}: app died, no saved state
10-31 08:08:43.753 16064 16064 I cr_ChildProcessService: Destroying ChildProcessService pid=16064
10-31 08:08:43.754 23104 23104 I MemoryTrimmer: Trimming objects from memory, since app is in the background.
10-31 08:08:43.756 15622 15622 I cr_ChildProcessService: Destroying ChildProcessService pid=15622
10-31 08:08:43.757   243   860 E OMXNodeInstance: !!! Observer died. Quickly, do something, ... anything...
10-31 08:08:43.768   600  7064 I ActivityManager: Killing 16064:com.android.chrome:sandboxed_process19/u0a35i349 (adj 0): isolated not needed
10-31 08:08:43.768   600  7064 I ActivityManager: Killing 15622:com.android.chrome:sandboxed_process0/u0a35i330 (adj 0): isolated not needed
10-31 08:08:43.781 16378 16378 D AndroidRuntime: Shutting down VM
10-31 08:08:43.817  1084  1171 I OpenGLRenderer: Initialized EGL, version 1.4
10-31 08:08:43.817  1084  1171 D OpenGLRenderer: Swap behavior 2
10-31 08:08:43.859   243 16249 D NvOsDebugPrintf: TVMR: TVMRFrameDelivery: 3741: Closing TVMR Frame Delivery Thread -------------
10-31 08:08:43.865   243 16246 D NvOsDebugPrintf: TVMR: NvMMDecTVMRDestroyParser: 4224: NvAvpClose
10-31 08:08:43.865   243 16246 D NvOsDebugPrintf: TVMR: NvMMLiteTVMRDecBlockClose: 5163: Done 
10-31 08:08:43.911  1061  1061 D RegisteredNfcFServicesCache: Service unchanged, not updating
10-31 08:08:43.923 23104 32213 I AttachedClient: Adding client event 2 to pending list.
10-31 08:08:43.945 23104 23104 I OptInState: There is a new client and it does not support opt-in. Dropping request.
10-31 08:08:43.946 23104 23104 I MicroDetectionWorker: Micro detection mode: [mDetectionMode: [1]].
10-31 08:08:43.954 23104 16399 I MicroRecognitionRunner: Starting detection.
10-31 08:08:43.955 23104 22563 I MicrophoneInputStream: mic_starting com.google.android.apps.gsa.speech.audio.ae@54049a3
10-31 08:08:43.967   238   285 I SoundTriggerHwService::Module: void android::SoundTriggerHwService::Module::onCallbackEvent(const sp<android::SoundTriggerHwService::CallbackEvent> &) mClient == 0
10-31 08:08:43.980   238 16401 I AudioFlinger: AudioFlinger's thread 0xef692200 ready to run
10-31 08:08:43.983 23104 22563 I MicrophoneInputStream: mic_started com.google.android.apps.gsa.speech.audio.ae@54049a3
10-31 08:08:44.146   600  9614 D ActivityManager: cleanUpApplicationRecord -- 15622
10-31 08:08:44.153   600 16391 D ActivityManager: cleanUpApplicationRecord -- 16064
10-31 08:08:44.159 23104 23104 I MicroDetectionWorker: onReady
10-31 08:08:44.185   600 13558 D ConnectivityService: ConnectivityService NetworkRequestInfo binderDied(NetworkRequest [ LISTEN id=1706, [ Capabilities: INTERNET&NOT_RESTRICTED&TRUSTED&FOREGROUND] ], android.os.BinderProxy@d64da6f)
10-31 08:08:44.185   600 13558 D ConnectivityService: ConnectivityService NetworkRequestInfo binderDied(NetworkRequest [ LISTEN id=1703, [ Capabilities: INTERNET&NOT_RESTRICTED&TRUSTED&FOREGROUND] ], android.os.BinderProxy@f59037c)
10-31 08:08:44.185   600 13558 D ConnectivityService: ConnectivityService NetworkRequestInfo binderDied(NetworkRequest [ LISTEN id=1704, [ Capabilities: INTERNET&NOT_RESTRICTED&TRUSTED&FOREGROUND] ], android.os.BinderProxy@5de7405)
10-31 08:08:44.185   600 13558 D ConnectivityService: ConnectivityService NetworkRequestInfo binderDied(NetworkRequest [ LISTEN id=1705, [ Capabilities: INTERNET&NOT_RESTRICTED&TRUSTED&FOREGROUND] ], android.os.BinderProxy@7ef1c5a)
10-31 08:08:44.186   600   713 D GraphicsStats: Buffer count: 2
10-31 08:08:44.187   600   649 E ConnectivityService: RemoteException caught trying to send a callback msg for NetworkRequest [ LISTEN id=1706, [ Capabilities: INTERNET&NOT_RESTRICTED&TRUSTED&FOREGROUND] ]
10-31 08:08:44.187   600   649 E ConnectivityService: RemoteException caught trying to send a callback msg for NetworkRequest [ LISTEN id=1703, [ Capabilities: INTERNET&NOT_RESTRICTED&TRUSTED&FOREGROUND] ]
10-31 08:08:44.187 17545   351 I DiscoveryManager: Filter criteria(null) scannerFlags(0)
10-31 08:08:44.187   600   649 E ConnectivityService: RemoteException caught trying to send a callback msg for NetworkRequest [ LISTEN id=1704, [ Capabilities: INTERNET&NOT_RESTRICTED&TRUSTED&FOREGROUND] ]
10-31 08:08:44.188   600   649 E ConnectivityService: RemoteException caught trying to send a callback msg for NetworkRequest [ LISTEN id=1705, [ Capabilities: INTERNET&NOT_RESTRICTED&TRUSTED&FOREGROUND] ]
10-31 08:08:44.188 17545   351 W GuestModeDeviceProber: setFilterCriteria
10-31 08:08:44.359  1084  1171 W OpenGLRenderer: Incorrectly called buildLayer on View: ShortcutAndWidgetContainer, destroying layer...
10-31 08:08:44.360 16394 16394 D AndroidRuntime: >>>>>> START com.android.internal.os.RuntimeInit uid 2000 <<<<<<
10-31 08:08:44.364 16394 16394 D AndroidRuntime: CheckJNI is OFF
10-31 08:08:44.453 16394 16394 D ICU     : No timezone override file found: /data/misc/zoneinfo/current/icu/icu_tzdata.dat
10-31 08:08:44.484 16394 16394 I Radio-JNI: register_android_hardware_Radio DONE
10-31 08:08:44.499 16394 16394 D AndroidRuntime: Calling main entry com.android.commands.pm.Pm
10-31 08:08:44.515   600 13557 I ActivityManager: Force stopping com.android.chrome appid=10035 user=0: clear data
10-31 08:08:44.517   600   613 I ActivityManager: Force stopping com.android.chrome appid=10035 user=-1: clearApplicationUserData
10-31 08:08:44.563   787   787 I GeofencerStateMachine: removeGeofences: removeRequest=RemoveGeofencingRequest[REMOVE_ALL packageName=com.android.chrome]
10-31 08:08:44.565 16394 16394 I art     : System.exit called, status: 0
10-31 08:08:44.565 16394 16394 I AndroidRuntime: VM exiting with result code 0.
10-31 08:08:44.576  1061  1061 D RegisteredNfcFServicesCache: Service unchanged, not updating
10-31 08:08:44.611 17545   351 I Icing   : doRemovePackageData com.android.chrome
10-31 08:08:44.611 17545   351 I Icing   : Removing corpus key com.android.chrome-.implicit: for package com.android.chrome
10-31 08:08:44.613   600   612 W ResourceType: No known package when getting value for resource number 0x7f080316
10-31 08:08:44.613   600   612 W ResourceType: No known package when getting value for resource number 0x7f130448
10-31 08:08:44.613   600   612 W ResourceType: No known package when getting value for resource number 0x7f080315
10-31 08:08:44.613   600   612 W ResourceType: No known package when getting value for resource number 0x7f130123
10-31 08:08:44.613   600   612 W ResourceType: No known package when getting value for resource number 0x7f130447
10-31 08:08:44.613   600   612 W ResourceType: No known package when getting value for resource number 0x7f1302e4
10-31 08:08:44.613   600   612 E ShortcutService: Ignoring excessive intent tag.
10-31 08:08:44.617   787 16415 I Fitness : FitCleanupIntentOperation received Intent android.intent.action.PACKAGE_DATA_CLEARED [CONTEXT service_id=17 ]
10-31 08:08:44.668 17545   351 I native  : flash-index.cc:1519 Flash index sort hb 60 prefix-hits 141 -> 116 at 12.773ms
10-31 08:08:44.699 17545   351 I Icing   : Removing corpus key com.android.chrome-omnibox for package com.android.chrome
10-31 08:08:44.790 17545   351 I Icing   : Starting compaction min disk 99.926% min index 99.985%
10-31 08:08:44.907 17545   351 I native  : document-store.cc:1654 Scored 2241 usage reports, missing_corpora 1211 update_failed 1
10-31 08:08:44.936 17545   351 W native  : words-map.cc:30 INVALID_ARGUMENT: Empty URI
10-31 08:08:44.936 17545   351 W native  : words-map.cc:34 WordsMap was not properly initialized
10-31 08:08:45.013 17545   351 E native  : compactor.cc:67 Could not index embedding for docid 1: INTERNAL: Unable to find Thing Proto section 
10-31 08:08:45.013 17545   351 E native  : compactor.cc:67 Could not index embedding for docid 3: INTERNAL: Unable to find Thing Proto section 
10-31 08:08:45.014 17545   351 E native  : compactor.cc:67 Could not index embedding for docid 5: INTERNAL: Unable to find Thing Proto section 
10-31 08:08:45.015 17545   351 E native  : compactor.cc:67 Could not index embedding for docid 7: INTERNAL: Unable to find Thing Proto section 
10-31 08:08:45.019 17545   351 E native  : compactor.cc:67 Could not index embedding for docid 8: INTERNAL: Unable to find Thing Proto section 
10-31 08:08:45.020 17545   351 E native  : compactor.cc:67 Could not index embedding for docid 10: INTERNAL: Unable to find Thing Proto section 
10-31 08:08:45.020 17545   351 E native  : compactor.cc:67 Could not index embedding for docid 11: INTERNAL: Unable to find Thing Proto section 
10-31 08:08:45.020 17545   351 E native  : compactor.cc:67 Could not index embedding for docid 13: INTERNAL: Unable to find Thing Proto section 
10-31 08:08:45.020 17545   351 E native  : compactor.cc:67 Could not index embedding for docid 14: INTERNAL: Unable to find Thing Proto section 
10-31 08:08:45.025 17545   351 E native  : compactor.cc:67 Could not index embedding for docid 17: INTERNAL: Unable to find Thing Proto section 
10-31 08:08:45.026 17545   351 E native  : compactor.cc:67 Could not index embedding for docid 18: INTERNAL: Unable to find Thing Proto section 
10-31 08:08:45.026 17545   351 E native  : compactor.cc:67 Could not index embedding for docid 21: INTERNAL: Unable to find Thing Proto section 
10-31 08:08:45.027 17545   351 E native  : compactor.cc:67 Could not index embedding for docid 22: INTERNAL: Unable to find Thing Proto section 
10-31 08:08:45.032 17545   351 E native  : compactor.cc:67 Could not index embedding for docid 26: INTERNAL: Unable to find Thing Proto section 
10-31 08:08:45.032 17545   351 E native  : compactor.cc:67 Could not index embedding for docid 27: INTERNAL: Unable to find Thing Proto section 
10-31 08:08:45.080 17545   351 I native  : flash-index.cc:1519 Flash index sort hb 34 prefix-hits 54 -> 54 at 32.482ms
10-31 08:08:45.110 17545   351 W native  : words-map.cc:30 INVALID_ARGUMENT: Empty URI
10-31 08:08:45.110 17545   351 W native  : words-map.cc:34 WordsMap was not properly initialized
10-31 08:08:45.149 17545   351 I Icing   : updateResources: need to parse acol{com.android.chrome}
10-31 08:08:45.216 17545   351 I Icing   : Indexing com.android.chrome-omnibox from com.android.chrome
10-31 08:08:45.227   600  1080 I ActivityManager: Start proc 16428:com.android.chrome/u0a35 for content provider com.android.chrome/com.google.android.apps.chrome.icing.IcingProvider
10-31 08:08:45.326 17545   351 I Icing   : Indexing done com.android.chrome-omnibox
