10-30 23:31:49.437  8132  8132 I TaskQueue:  - task [HEAD_RESET - d: true, b: 2]: 5
10-30 23:31:49.437  8132  8132 I TaskQueue:  - queueTask starting immediate task
10-30 23:31:49.437  8132  8188 I TaskQueue: Execute task [HEAD_RESET - d: true, b: 2]: 5
10-30 23:31:49.444  8605  8659 I cr_LibraryLoader: Loaded native library version number "85.0.4183.127"
10-30 23:31:49.445  8605  8659 I cr_CachingUmaRecorder: Flushed 1 samples from 1 histograms.
10-30 23:31:49.453  8459  8459 I cr_ChildProcessService: Destroying ChildProcessService pid=8459
10-30 23:31:49.453  8448  8448 I cr_ChildProcessService: Destroying ChildProcessService pid=8448
10-30 23:31:49.460  8475  8475 I cr_ChildProcessService: Destroying ChildProcessService pid=8475
10-30 23:31:49.469  8132  8188 I TaskQueue:  - task [BACKGROUND - d: true, b: 2]: 23
10-30 23:31:49.471  8132  8188 W SessionCache: Persisted Sessions were not found
10-30 23:31:49.475  8132  8188 I PersistentFeedStore: commitSessionMutation - Success true, Update Session $HEAD, stream structures 32
10-30 23:31:49.479  8132  8188 I MainThreadRunner: Running task [SchedulerApiWrapper onReceiveNewContent] on the Main Thread
10-30 23:31:49.483  8132  8188 I MainThreadRunner: Running task [FeedKnownContentImpl onNewContentReceived] on the Main Thread
10-30 23:31:49.490  8132  8188 I SessionManagerMutation: Cleared Head, new creation time 10-30 23:31:49.471
10-30 23:31:49.490  8132  8188 I TimingUtils: Task Timing  53ms, thread background-1 | task : sessionMutation.commitTask:updateConsumer | mutations : 33 | userInitiated : false
10-30 23:31:49.490  8132  8188 I TaskQueue: Cancelling starvation checks
10-30 23:31:49.500  8132  8188 I TaskQueue:  - Finished 5, time 54 ms
10-30 23:31:49.500  8132  8188 I TaskQueue: Execute task [USER_FACING - d: false, b: 2]: 24
10-30 23:31:49.511  8132  8188 I TimeoutSessionImpl: TimeoutSession.populateModelProvider, shouldAppend false
10-30 23:31:49.511  8132  8188 I SessionImpl: PopulateModelProvider 32 items
10-30 23:31:49.511  8132  8188 I FeedModelProvider: FeedModelProvider - committer, structure changes 31, update changes 0
10-30 23:31:49.514  8132  8188 I FeedModelProvider: SyntheticTokenTracker: 0, 11, 11, false
10-30 23:31:49.519  8132  8188 I FeedSessionManagerImpl: Caching getStreamFeatures - items 31, cache misses 0, cache size 31
10-30 23:31:49.519  8132  8188 I FeedModelProvider: Moving _session:cede2e52-c6da-411d-9bfa-cc98754b0f5f to READY
10-30 23:31:49.519  8132  8188 I MainThreadRunner: Running task [FeedModelProvider onSessionStart] on the Main Thread
10-30 23:31:49.519  8132  8188 I FeedModelProvider: ModelProvider Mutation committed - structure changes 31, childrenToBind 31, removedChildren false, Token false
10-30 23:31:49.527  8132  8188 I FeedSessionManagerImpl: Populate new session: _session:cede2e52-c6da-411d-9bfa-cc98754b0f5f, creation time 10-30 23:31:49.511
10-30 23:31:49.527  8132  8188 I TimingUtils: Task Timing  27ms, thread background-2 | task : Create/Populate New Session
10-30 23:31:49.527  8132  8188 I TaskQueue:  - Finished 24, time 27 ms
10-30 23:31:49.528  8132  8188 I TaskQueue: Execute task [BACKGROUND - d: false, b: 1]: 11
10-30 23:31:49.528  8132  8188 I ContentGc: Re-enqueuing triggerContentGc; attempts(0)
10-30 23:31:49.531  8132  8188 I TaskQueue:  - task [BACKGROUND - d: false, b: 1]: 11
10-30 23:31:49.531  8132  8188 I TaskQueue:  - Finished 11, time 4 ms
10-30 23:31:49.531  8132  8188 I TaskQueue: Execute task [BACKGROUND - d: false, b: 1]: 23
10-30 23:31:49.567  8132  8132 I FeedModelProvider: No children found for Cursor
10-30 23:31:49.584   600  3994 I ActivityManager: Process com.android.chrome:sandboxed_process16 (pid 8525) has died
10-30 23:31:49.584   600  3994 D ActivityManager: cleanUpApplicationRecord -- 8525
10-30 23:31:49.585   600  3994 I ActivityManager: Killing 8558:com.android.chrome:sandboxed_process19/u0a35i180 (adj 0): isolated not needed
10-30 23:31:49.585   600  3994 I ActivityManager: Killing 8547:com.android.chrome:sandboxed_process18/u0a35i179 (adj 0): isolated not needed
10-30 23:31:49.585   600  3994 I ActivityManager: Killing 8534:com.android.chrome:sandboxed_process17/u0a35i178 (adj 0): isolated not needed
10-30 23:31:49.585   600  3994 I ActivityManager: Killing 8568:com.android.chrome:sandboxed_process20/u0a35i181 (adj 0): isolated not needed
10-30 23:31:49.585   600  3994 I ActivityManager: Killing 8459:com.android.chrome:sandboxed_process12/u0a35i173 (adj 0): isolated not needed
10-30 23:31:49.585   600  3994 I ActivityManager: Killing 8495:com.android.chrome:sandboxed_process15/u0a35i176 (adj 0): isolated not needed
10-30 23:31:49.585   600  3994 I ActivityManager: Killing 8490:com.android.chrome:sandboxed_process14/u0a35i175 (adj 0): isolated not needed
10-30 23:31:49.585   600  3994 I ActivityManager: Killing 8475:com.android.chrome:sandboxed_process13/u0a35i174 (adj 0): isolated not needed
10-30 23:31:49.585   600  3994 I ActivityManager: Killing 8441:com.android.chrome:sandboxed_process10/u0a35i171 (adj 0): isolated not needed
10-30 23:31:49.586   600  3994 I ActivityManager: Killing 8448:com.android.chrome:sandboxed_process11/u0a35i172 (adj 0): isolated not needed
10-30 23:31:49.590  8132  8132 W chromium: [WARNING:compositor_view.cc(315)] Child process died (type=6) pid=8525)
10-30 23:31:49.590  8132  8132 W chromium: [WARNING:compositor_view.cc(315)] Child process died (type=6) pid=8534)
10-30 23:31:49.590  8132  8132 W chromium: [WARNING:compositor_view.cc(315)] Child process died (type=6) pid=8547)
10-30 23:31:49.595  8132  8132 W chromium: [WARNING:compositor_view.cc(315)] Child process died (type=6) pid=8568)
10-30 23:31:49.595  8132  8132 W chromium: [WARNING:compositor_view.cc(315)] Child process died (type=6) pid=8558)
10-30 23:31:49.596  8132  8132 W chromium: [WARNING:compositor_view.cc(315)] Child process died (type=6) pid=8490)
10-30 23:31:49.601   600  1080 D ActivityManager: cleanUpApplicationRecord -- 8547
10-30 23:31:49.608   600 17381 D ActivityManager: cleanUpApplicationRecord -- 8534
10-30 23:31:49.611   600 29683 D ActivityManager: cleanUpApplicationRecord -- 8568
10-30 23:31:49.612   600 27731 D ActivityManager: cleanUpApplicationRecord -- 8558
10-30 23:31:49.629   600  1079 D ActivityManager: cleanUpApplicationRecord -- 8490
10-30 23:31:49.631   600 24611 D ActivityManager: cleanUpApplicationRecord -- 8362
10-30 23:31:49.631   600   610 D ActivityManager: cleanUpApplicationRecord -- 8287
10-30 23:31:49.644  8132  8132 W chromium: [WARNING:compositor_view.cc(315)] Child process died (type=6) pid=8287)
10-30 23:31:49.645   600  3675 D ActivityManager: cleanUpApplicationRecord -- 8275
10-30 23:31:49.692  8132  8132 W chromium: [WARNING:compositor_view.cc(315)] Child process died (type=6) pid=8362)
10-30 23:31:49.709  8132  8132 W chromium: [WARNING:compositor_view.cc(315)] Child process died (type=6) pid=8275)
10-30 23:31:49.841   600 16391 D ActivityManager: cleanUpApplicationRecord -- 8330
10-30 23:31:49.865   600 13631 D ActivityManager: cleanUpApplicationRecord -- 8303
10-30 23:31:49.916  8132  8132 W chromium: [WARNING:compositor_view.cc(315)] Child process died (type=6) pid=8303)
10-30 23:31:49.927  8132  8132 W chromium: [WARNING:compositor_view.cc(315)] Child process died (type=6) pid=8330)
10-30 23:31:49.938   600 25704 D ActivityManager: cleanUpApplicationRecord -- 8316
10-30 23:31:49.943  8132  8132 W chromium: [WARNING:compositor_view.cc(315)] Child process died (type=6) pid=8316)
10-30 23:31:49.997   600 27731 D ActivityManager: cleanUpApplicationRecord -- 8495
10-30 23:31:49.999  8132  8132 W chromium: [WARNING:compositor_view.cc(315)] Child process died (type=6) pid=8495)
10-30 23:31:50.000   600  1079 D ActivityManager: cleanUpApplicationRecord -- 8441
10-30 23:31:50.001  8132  8132 W chromium: [WARNING:compositor_view.cc(315)] Child process died (type=6) pid=8441)
10-30 23:31:50.003   600  2707 D ActivityManager: cleanUpApplicationRecord -- 8459
10-30 23:31:50.004  8132  8132 W chromium: [WARNING:compositor_view.cc(315)] Child process died (type=6) pid=8459)
10-30 23:31:50.007  8132  8132 W chromium: [WARNING:compositor_view.cc(315)] Child process died (type=6) pid=8475)
10-30 23:31:50.009  8132  8132 W chromium: [WARNING:compositor_view.cc(315)] Child process died (type=6) pid=8448)
10-30 23:31:50.024   600 13558 D ActivityManager: cleanUpApplicationRecord -- 8475
10-30 23:31:50.025   600  3507 D ActivityManager: cleanUpApplicationRecord -- 8448
10-30 23:31:50.107  8132  8192 W chromium: [WARNING:spdy_session.cc(3090)] Received RST for invalid stream1
10-30 23:31:50.160  8132  8188 I TimingUtils: Task Timing 628ms, thread background-3 | task : commitContentMutation | mutations : 32
10-30 23:31:50.160  8132  8188 I TimingUtils: Task Timing   0ms, thread background-4 | task : commitSemanticPropertiesMutation | mutations : 0
10-30 23:31:50.160  8132  8188 I TaskQueue:  - Finished 23, time 629 ms
10-30 23:31:50.160  8132  8188 I TaskQueue: Execute task [BACKGROUND - d: false, b: 0]: 11
10-30 23:31:50.163  8132  8188 I SessionCache: Determining accessible content
10-30 23:31:50.167  8132  8188 I TimingUtils: Task Timing   5ms, thread background-5 | task : ContentGc | contentItemsRemoved : 0
10-30 23:31:50.167  8132  8188 I TaskQueue:  - Finished 11, time 6 ms
10-30 23:31:50.409 12169  7673 I native  : document-store.cc:1654 Scored 2077 usage reports, missing_corpora 1118 update_failed 1
10-30 23:31:50.532 12169  7673 W Icing   : No valid account for uploading user actions
10-30 23:31:50.565 12169 12810 I Icing   : IndexChimeraService.getServiceInterface callingPackage=com.google.android.gms componentName=null serviceId=30
10-30 23:31:50.611 12169  7673 E native  : document-store.cc:1328 Failed to update per-doc-data with usage report
10-30 23:31:50.612 12169  7673 E native  : document-store.cc:1328 Failed to update per-doc-data with usage report
10-30 23:31:50.633 12169  7673 I Icing   : Usage reports ok 1, Failed Usage reports 2, indexed 0, rejected 0
10-30 23:31:50.634 12169  7673 W Icing   : No valid account for uploading user actions
10-30 23:31:50.644 12169  7673 I Icing   : Usage reports ok 0, Failed Usage reports 0, indexed 0, rejected 0
10-30 23:31:50.645 12169  7673 I Icing   : Indexing com.android.chrome-omnibox from com.android.chrome
10-30 23:31:50.736 12169  7673 W Icing   : No valid account for uploading user actions
10-30 23:31:50.751 12169  7673 I Icing   : Usage reports ok 0, Failed Usage reports 0, indexed 0, rejected 0
10-30 23:31:50.767 12169  7673 I Icing   : Indexing done com.android.chrome-omnibox
10-30 23:31:51.399  8132  8189 I cr_omaha: Request to Server Successful. Timestamp for next request:1667172711399
10-30 23:31:51.442  8132  8189 I cr_omaha: Request to Server Successful. Timestamp for next request:1667172711442
10-30 23:31:51.442  8132  8189 I cr_omaha: Attempting to schedule next job for: Mon Oct 31 04:31:51 GMT+01:00 2022
10-30 23:31:51.445  8132  8132 I cr_omaha: Scheduled using JobService
10-30 23:31:51.445  8132  8132 E cr_BkgrdTaskJS: Tried finishing non-current BackgroundTask.
10-30 23:31:51.589  8132  8132 E cr_BTSPrefs: No data found for task id: 53
10-30 23:31:51.589  8132  8132 E cr_BkgrdTaskScheduler: Task cannot be canceled because no data was found instorage or data was invalid
10-30 23:31:52.208   787   805 W Icing   : isOptedInForAppHistory: empty Account Name encountered
10-30 23:31:52.221   787   805 W Icing   : isOptedInForAppHistory: empty Account Name encountered
10-30 23:31:52.234   787  5299 W Icing   : isOptedInForAppHistory: empty Account Name encountered
10-30 23:31:53.266  8132  8132 I cr_tabmodel: Appending tabs being restored to metadata lists, 0, startingNormalCount: 2, startingIncognitoCount: 0
10-30 23:31:53.267  8132  8132 I cr_tabmodel: Serializing tab lists; counts: 2, 0
10-30 23:31:53.384  8132  8189 W InstanceID: Instance ID SDK is deprecated, com.android.chrome should update to use Firebase Instance ID
10-30 23:31:53.448  8132  8132 I cr_tabmodel: Appending tabs being restored to metadata lists, 0, startingNormalCount: 2, startingIncognitoCount: 0
10-30 23:31:53.448  8132  8132 I cr_tabmodel: Serializing tab lists; counts: 2, 0
10-30 23:31:53.466  8132  8132 I cr_tabmodel: Appending tabs being restored to metadata lists, 0, startingNormalCount: 2, startingIncognitoCount: 0
10-30 23:31:53.466  8132  8132 I cr_tabmodel: Serializing tab lists; counts: 2, 0
10-30 23:31:56.543  8132  8132 E cr_BTSPrefs: No data found for task id: 57
10-30 23:31:56.543  8132  8132 E cr_BkgrdTaskScheduler: Task cannot be canceled because no data was found instorage or data was invalid
10-30 23:31:56.544  8132  8132 E cr_BTSPrefs: No data found for task id: 56
10-30 23:31:56.544  8132  8132 E cr_BkgrdTaskScheduler: Task cannot be canceled because no data was found instorage or data was invalid
10-30 23:32:02.326  8701  8701 D AndroidRuntime: >>>>>> START com.android.internal.os.RuntimeInit uid 2000 <<<<<<
10-30 23:32:02.332  8701  8701 D AndroidRuntime: CheckJNI is OFF
10-30 23:32:02.411  8701  8701 D ICU     : No timezone override file found: /data/misc/zoneinfo/current/icu/icu_tzdata.dat
10-30 23:32:02.448  8701  8701 I Radio-JNI: register_android_hardware_Radio DONE
10-30 23:32:02.466  8701  8701 D AndroidRuntime: Calling main entry com.android.commands.monkey.Monkey
10-30 23:32:02.547   600   613 W BroadcastQueue: Skipping deliver [background] BroadcastRecord{88dc544 u-1 android.net.conn.CONNECTIVITY_CHANGE} to ReceiverList{d0fe62d 8701 (unknown name)/2000/u-1 remote:8de63d6}: process crashing
10-30 23:32:03.810  8701  8701 D MonkeyStub: translateCommand: wake
10-30 23:32:03.960  8701  8701 D MonkeyStub: translateCommand: tap 1046 1868
10-30 23:32:14.048  8701  8701 D MonkeyStub: translateCommand: touch down 614 1561
10-30 23:32:14.064  8701  8701 D MonkeyStub: translateCommand: touch move 614 1561
10-30 23:32:14.177  8701  8701 D MonkeyStub: translateCommand: touch move 614 1436
10-30 23:32:14.288  8701  8701 D MonkeyStub: translateCommand: touch move 614 1311
10-30 23:32:14.398  8701  8701 D MonkeyStub: translateCommand: touch move 614 1186
10-30 23:32:14.507  8701  8701 D MonkeyStub: translateCommand: touch move 614 1061
10-30 23:32:14.618  8701  8701 D MonkeyStub: translateCommand: touch move 614 937
10-30 23:32:14.740  8701  8701 D MonkeyStub: translateCommand: touch move 614 812
10-30 23:32:14.852  8701  8701 D MonkeyStub: translateCommand: touch move 614 687
10-30 23:32:14.988  8701  8701 D MonkeyStub: translateCommand: touch move 614 562
10-30 23:32:15.098  8701  8701 D MonkeyStub: translateCommand: touch move 614 437
10-30 23:32:15.207  8701  8701 D MonkeyStub: translateCommand: touch move 614 312
10-30 23:32:15.211  8701  8701 D MonkeyStub: translateCommand: touch up 614 312
10-30 23:32:15.249  8701  8701 D MonkeyStub: translateCommand: touch down 614 1561
10-30 23:32:15.255  8701  8701 D MonkeyStub: translateCommand: touch move 614 1561
10-30 23:32:15.396  8701  8701 D MonkeyStub: translateCommand: touch move 614 1436
10-30 23:32:15.512  8701  8701 D MonkeyStub: translateCommand: touch move 614 1311
10-30 23:32:15.621  8701  8701 D MonkeyStub: translateCommand: touch move 614 1186
10-30 23:32:15.725  8701  8701 D MonkeyStub: translateCommand: touch move 614 1061
10-30 23:32:15.838  8701  8701 D MonkeyStub: translateCommand: touch move 614 937
10-30 23:32:15.949  8701  8701 D MonkeyStub: translateCommand: touch move 614 812
10-30 23:32:16.070  8701  8701 D MonkeyStub: translateCommand: touch move 614 687
10-30 23:32:16.177  8701  8701 D MonkeyStub: translateCommand: touch move 614 562
10-30 23:32:16.286  8701  8701 D MonkeyStub: translateCommand: touch move 614 437
10-30 23:32:16.394  8701  8701 D MonkeyStub: translateCommand: touch move 614 312
10-30 23:32:16.401  8701  8701 D MonkeyStub: translateCommand: touch up 614 312
10-30 23:32:18.533  8701  8701 D MonkeyStub: translateCommand: touch down 614 1561
10-30 23:32:18.546  8701  8701 D MonkeyStub: translateCommand: touch move 614 1561
10-30 23:32:18.655  8701  8701 D MonkeyStub: translateCommand: touch move 614 1436
10-30 23:32:18.765  8701  8701 D MonkeyStub: translateCommand: touch move 614 1311
10-30 23:32:18.877  8701  8701 D MonkeyStub: translateCommand: touch move 614 1186
10-30 23:32:18.990  8701  8701 D MonkeyStub: translateCommand: touch move 614 1061
10-30 23:32:19.096  8701  8701 D MonkeyStub: translateCommand: touch move 614 937
10-30 23:32:19.208  8701  8701 D MonkeyStub: translateCommand: touch move 614 812
10-30 23:32:19.349  8701  8701 D MonkeyStub: translateCommand: touch move 614 687
10-30 23:32:19.453  8701  8701 D MonkeyStub: translateCommand: touch move 614 562
10-30 23:32:19.560  8701  8701 D MonkeyStub: translateCommand: touch move 614 437
10-30 23:32:19.669  8701  8701 D MonkeyStub: translateCommand: touch move 614 312
10-30 23:32:19.673  8701  8701 D MonkeyStub: translateCommand: touch up 614 312
10-30 23:32:19.695  8701  8701 D MonkeyStub: translateCommand: touch down 614 1561
10-30 23:32:19.706  8701  8701 D MonkeyStub: translateCommand: touch move 614 1561
10-30 23:32:19.815  8701  8701 D MonkeyStub: translateCommand: touch move 614 1436
10-30 23:32:19.924  8701  8701 D MonkeyStub: translateCommand: touch move 614 1311
10-30 23:32:19.952 12169 12810 I Icing   : IndexChimeraService.getServiceInterface callingPackage=com.android.chrome componentName=null serviceId=36
10-30 23:32:19.980 12169  7673 W Icing   : No valid account for uploading user actions
10-30 23:32:20.001 12169 12810 I Icing   : IndexChimeraService.getServiceInterface callingPackage=com.google.android.gms componentName=null serviceId=30
10-30 23:32:20.036  8701  8701 D MonkeyStub: translateCommand: touch move 614 1186
10-30 23:32:20.091 12169  7673 I Icing   : Usage reports ok 1, Failed Usage reports 0, indexed 1, rejected 0
10-30 23:32:20.096 12169  7673 W Icing   : No valid account for uploading user actions
10-30 23:32:20.106 12169  7673 I Icing   : Usage reports ok 0, Failed Usage reports 0, indexed 0, rejected 0
10-30 23:32:20.107 12169  7673 I Icing   : Indexing com.android.chrome-omnibox from com.android.chrome
10-30 23:32:20.119 12169  7673 I Icing   : Indexing done com.android.chrome-omnibox
10-30 23:32:20.147  8701  8701 D MonkeyStub: translateCommand: touch move 614 1061
10-30 23:32:20.265  8701  8701 D MonkeyStub: translateCommand: touch move 614 937
10-30 23:32:20.375  8701  8701 D MonkeyStub: translateCommand: touch move 614 812
10-30 23:32:20.481  8701  8701 D MonkeyStub: translateCommand: touch move 614 687
10-30 23:32:20.598  8701  8701 D MonkeyStub: translateCommand: touch move 614 562
10-30 23:32:20.708  8701  8701 D MonkeyStub: translateCommand: touch move 614 437
10-30 23:32:20.821  8701  8701 D MonkeyStub: translateCommand: touch move 614 312
10-30 23:32:20.829  8701  8701 D MonkeyStub: translateCommand: touch up 614 312
10-30 23:32:20.849  8701  8701 D MonkeyStub: translateCommand: touch down 614 1561
10-30 23:32:20.854  8701  8701 D MonkeyStub: translateCommand: touch move 614 1561
10-30 23:32:20.959  8701  8701 D MonkeyStub: translateCommand: touch move 614 1436
10-30 23:32:21.063  8701  8701 D MonkeyStub: translateCommand: touch move 614 1311
10-30 23:32:21.170  8701  8701 D MonkeyStub: translateCommand: touch move 614 1186
10-30 23:32:21.292  8701  8701 D MonkeyStub: translateCommand: touch move 614 1061
10-30 23:32:21.404  8701  8701 D MonkeyStub: translateCommand: touch move 614 937
10-30 23:32:21.517  8701  8701 D MonkeyStub: translateCommand: touch move 614 812
10-30 23:32:21.625  8701  8701 D MonkeyStub: translateCommand: touch move 614 687
10-30 23:32:21.735  8701  8701 D MonkeyStub: translateCommand: touch move 614 562
10-30 23:32:21.845  8701  8701 D MonkeyStub: translateCommand: touch move 614 437
10-30 23:32:21.955  8701  8701 D MonkeyStub: translateCommand: touch move 614 312
10-30 23:32:21.958  8701  8701 D MonkeyStub: translateCommand: touch up 614 312
10-30 23:32:25.090  8701  8701 D MonkeyStub: translateCommand: touch down 614 1561
10-30 23:32:25.101  8701  8701 D MonkeyStub: translateCommand: touch move 614 1561
10-30 23:32:25.218  8701  8701 D MonkeyStub: translateCommand: touch move 614 1436
10-30 23:32:25.326  8701  8701 D MonkeyStub: translateCommand: touch move 614 1311
10-30 23:32:25.437  8701  8701 D MonkeyStub: translateCommand: touch move 614 1186
10-30 23:32:25.550  8701  8701 D MonkeyStub: translateCommand: touch move 614 1061
10-30 23:32:25.659  8701  8701 D MonkeyStub: translateCommand: touch move 614 937
10-30 23:32:25.770  8701  8701 D MonkeyStub: translateCommand: touch move 614 812
10-30 23:32:25.876  8701  8701 D MonkeyStub: translateCommand: touch move 614 687
10-30 23:32:25.981  8701  8701 D MonkeyStub: translateCommand: touch move 614 562
10-30 23:32:26.087  8701  8701 D MonkeyStub: translateCommand: touch move 614 437
10-30 23:32:26.208  8701  8701 D MonkeyStub: translateCommand: touch move 614 312
10-30 23:32:26.211  8701  8701 D MonkeyStub: translateCommand: touch up 614 312
10-30 23:32:26.237  8701  8701 D MonkeyStub: translateCommand: touch down 614 1561
10-30 23:32:26.244  8701  8701 D MonkeyStub: translateCommand: touch move 614 1561
10-30 23:32:26.355  8701  8701 D MonkeyStub: translateCommand: touch move 614 1436
10-30 23:32:26.466  8701  8701 D MonkeyStub: translateCommand: touch move 614 1311
10-30 23:32:26.576  8701  8701 D MonkeyStub: translateCommand: touch move 614 1186
10-30 23:32:26.681  8701  8701 D MonkeyStub: translateCommand: touch move 614 1061
10-30 23:32:26.684   600  3507 I ActivityManager: Start proc 8748:com.android.chrome:sandboxed_process22/u0i183 for service com.android.chrome/org.chromium.content.app.SandboxedProcessService22
10-30 23:32:26.730  8748  8748 W boxed_process22: type=1400 audit(0.0:10547): avc: denied { getattr } for path="/data/data/com.android.chrome" dev="dm-2" ino=12190 scontext=u:r:isolated_app:s0:c512,c768 tcontext=u:object_r:app_data_file:s0:c512,c768 tclass=dir permissive=0
10-30 23:32:26.752  8748  8748 I cr_ChildProcessService: Creating new ChildProcessService pid=8748
10-30 23:32:26.788  8701  8701 D MonkeyStub: translateCommand: touch move 614 937
10-30 23:32:26.795  8748  8761 I cr_LibraryLoader: Loaded native library version number "85.0.4183.127"
10-30 23:32:26.795  8748  8761 I cr_CachingUmaRecorder: Flushed 1 samples from 1 histograms.
10-30 23:32:26.817  8761  8761 W CrUtilityMain: type=1400 audit(0.0:10548): avc: denied { setattr } for name="LICENSE.txt" dev="dm-2" ino=23614 scontext=u:r:isolated_app:s0:c512,c768 tcontext=u:object_r:app_data_file:s0:c512,c768 tclass=file permissive=0
10-30 23:32:26.820  8761  8761 W CrUtilityMain: type=1400 audit(0.0:10549): avc: denied { setattr } for name=46696C746572696E672052756C6573 dev="dm-2" ino=23258 scontext=u:r:isolated_app:s0:c512,c768 tcontext=u:object_r:app_data_file:s0:c512,c768 tclass=file permissive=0
10-30 23:32:26.820  8761  8761 W CrUtilityMain: type=1400 audit(0.0:10550): avc: denied { setattr } for name="manifest.json" dev="dm-2" ino=23233 scontext=u:r:isolated_app:s0:c512,c768 tcontext=u:object_r:app_data_file:s0:c512,c768 tclass=file permissive=0
10-30 23:32:26.820  8761  8761 W CrUtilityMain: type=1400 audit(0.0:10551): avc: denied { setattr } for name="verified_contents.json" dev="dm-2" ino=23225 scontext=u:r:isolated_app:s0:c512,c768 tcontext=u:object_r:app_data_file:s0:c512,c768 tclass=file permissive=0
10-30 23:32:26.838  8748  8761 I chromium: [INFO:child_process_service.cc(69)] ChildProcessService: Exiting child process.
10-30 23:32:26.840  8748  8748 I cr_ChildProcessService: Destroying ChildProcessService pid=8748
10-30 23:32:26.881   600   611 I ActivityManager: Process com.android.chrome:sandboxed_process22 (pid 8748) has died
10-30 23:32:26.881   600   611 D ActivityManager: cleanUpApplicationRecord -- 8748
10-30 23:32:26.892  8132  8132 W chromium: [WARNING:compositor_view.cc(315)] Child process died (type=6) pid=8748)
10-30 23:32:26.898  8701  8701 D MonkeyStub: translateCommand: touch move 614 812
10-30 23:32:27.052  8701  8701 D MonkeyStub: translateCommand: touch move 614 687
10-30 23:32:27.170  8701  8701 D MonkeyStub: translateCommand: touch move 614 562
10-30 23:32:27.288  8701  8701 D MonkeyStub: translateCommand: touch move 614 437
10-30 23:32:27.336   600 25704 I ActivityManager: Start proc 8767:com.android.chrome:sandboxed_process23/u0i184 for service com.android.chrome/org.chromium.content.app.SandboxedProcessService23
10-30 23:32:27.367  8767  8767 W boxed_process23: type=1400 audit(0.0:10552): avc: denied { getattr } for path="/data/data/com.android.chrome" dev="dm-2" ino=12190 scontext=u:r:isolated_app:s0:c512,c768 tcontext=u:object_r:app_data_file:s0:c512,c768 tclass=dir permissive=0
10-30 23:32:27.388  8767  8767 I cr_ChildProcessService: Creating new ChildProcessService pid=8767
10-30 23:32:27.403  8701  8701 D MonkeyStub: translateCommand: touch move 614 312
10-30 23:32:27.407  8701  8701 D MonkeyStub: translateCommand: touch up 614 312
10-30 23:32:27.444  8767  8780 I cr_LibraryLoader: Loaded native library version number "85.0.4183.127"
10-30 23:32:27.445  8767  8780 I cr_CachingUmaRecorder: Flushed 1 samples from 1 histograms.
10-30 23:32:27.477  8780  8780 W CrUtilityMain: type=1400 audit(0.0:10553): avc: denied { setattr } for name="tl_en-us_2022-10-17_483521407_100000_index.bin" dev="dm-2" ino=24081 scontext=u:r:isolated_app:s0:c512,c768 tcontext=u:object_r:app_data_file:s0:c512,c768 tclass=file permissive=0
10-30 23:32:27.480  8780  8780 W CrUtilityMain: type=1400 audit(0.0:10554): avc: denied { setattr } for name="manifest.json" dev="dm-2" ino=23887 scontext=u:r:isolated_app:s0:c512,c768 tcontext=u:object_r:app_data_file:s0:c512,c768 tclass=file permissive=0
10-30 23:32:27.480  8780  8780 W CrUtilityMain: type=1400 audit(0.0:10555): avc: denied { setattr } for name="verified_contents.json" dev="dm-2" ino=23933 scontext=u:r:isolated_app:s0:c512,c768 tcontext=u:object_r:app_data_file:s0:c512,c768 tclass=file permissive=0
10-30 23:32:27.490  8767  8780 I chromium: [INFO:child_process_service.cc(69)] ChildProcessService: Exiting child process.
10-30 23:32:27.502   600   611 I ActivityManager: Process com.android.chrome:sandboxed_process23 (pid 8767) has died
10-30 23:32:27.502   600   611 D ActivityManager: cleanUpApplicationRecord -- 8767
10-30 23:32:27.506  8132  8132 W chromium: [WARNING:compositor_view.cc(315)] Child process died (type=6) pid=8767)
10-30 23:32:28.203   600 24515 I ActivityManager: Start proc 8787:com.android.chrome:sandboxed_process24/u0i185 for service com.android.chrome/org.chromium.content.app.SandboxedProcessService24
10-30 23:32:28.247  8787  8787 W boxed_process24: type=1400 audit(0.0:10556): avc: denied { getattr } for path="/data/data/com.android.chrome" dev="dm-2" ino=12190 scontext=u:r:isolated_app:s0:c512,c768 tcontext=u:object_r:app_data_file:s0:c512,c768 tclass=dir permissive=0
10-30 23:32:28.268  8787  8787 I cr_ChildProcessService: Creating new ChildProcessService pid=8787
10-30 23:32:28.306  8787  8800 I cr_LibraryLoader: Loaded native library version number "85.0.4183.127"
10-30 23:32:28.306  8787  8800 I cr_CachingUmaRecorder: Flushed 1 samples from 1 histograms.
10-30 23:32:28.324  8800  8800 W CrUtilityMain: type=1400 audit(0.0:10557): avc: denied { setattr } for name="optimization-hints.pb" dev="dm-2" ino=24477 scontext=u:r:isolated_app:s0:c512,c768 tcontext=u:object_r:app_data_file:s0:c512,c768 tclass=file permissive=0
10-30 23:32:28.327  8800  8800 W CrUtilityMain: type=1400 audit(0.0:10558): avc: denied { setattr } for name="manifest.json" dev="dm-2" ino=24152 scontext=u:r:isolated_app:s0:c512,c768 tcontext=u:object_r:app_data_file:s0:c512,c768 tclass=file permissive=0
10-30 23:32:28.327  8800  8800 W CrUtilityMain: type=1400 audit(0.0:10559): avc: denied { setattr } for name="verified_contents.json" dev="dm-2" ino=24326 scontext=u:r:isolated_app:s0:c512,c768 tcontext=u:object_r:app_data_file:s0:c512,c768 tclass=file permissive=0
10-30 23:32:28.336  8787  8800 I chromium: [INFO:child_process_service.cc(69)] ChildProcessService: Exiting child process.
10-30 23:32:28.337   197   197 E lowmemorykiller: Error writing /proc/8787/oom_score_adj; errno=22
10-30 23:32:28.348   600 29683 E JavaBinder: !!! FAILED BINDER TRANSACTION !!!  (parcel size = 0)
10-30 23:32:28.352   198   198 E SELinux : avc:  denied  { find } for service=netd pid=8786 uid=2000 scontext=u:r:shell:s0 tcontext=u:object_r:netd_service:s0 tclass=service_manager permissive=0
10-30 23:32:28.357   198   198 E SELinux : avc:  denied  { find } for service=android.service.gatekeeper.IGateKeeperService pid=8786 uid=2000 scontext=u:r:shell:s0 tcontext=u:object_r:gatekeeper_service:s0 tclass=service_manager permissive=0
10-30 23:32:28.360   600  1082 I ActivityManager: Process com.android.chrome:sandboxed_process24 (pid 8787) has died
10-30 23:32:28.360   600  1082 D ActivityManager: cleanUpApplicationRecord -- 8787
10-30 23:32:28.363  8132  8132 W chromium: [WARNING:compositor_view.cc(315)] Child process died (type=6) pid=8787)
10-30 23:32:29.283   600   610 I ActivityManager: Start proc 8804:com.android.chrome:sandboxed_process25/u0i186 for service com.android.chrome/org.chromium.content.app.SandboxedProcessService25
10-30 23:32:29.324  8804  8804 W boxed_process25: type=1400 audit(0.0:10560): avc: denied { getattr } for path="/data/data/com.android.chrome" dev="dm-2" ino=12190 scontext=u:r:isolated_app:s0:c512,c768 tcontext=u:object_r:app_data_file:s0:c512,c768 tclass=dir permissive=0
10-30 23:32:29.350  8804  8804 I cr_ChildProcessService: Creating new ChildProcessService pid=8804
10-30 23:32:29.392  8804  8817 I cr_LibraryLoader: Loaded native library version number "85.0.4183.127"
10-30 23:32:29.393  8804  8817 I cr_CachingUmaRecorder: Flushed 1 samples from 1 histograms.
10-30 23:32:29.407  8817  8817 W CrUtilityMain: type=1400 audit(0.0:10561): avc: denied { setattr } for name="crl-set" dev="dm-2" ino=24426 scontext=u:r:isolated_app:s0:c512,c768 tcontext=u:object_r:app_data_file:s0:c512,c768 tclass=file permissive=0
10-30 23:32:29.407  8817  8817 W CrUtilityMain: type=1400 audit(0.0:10562): avc: denied { setattr } for name="manifest.json" dev="dm-2" ino=24398 scontext=u:r:isolated_app:s0:c512,c768 tcontext=u:object_r:app_data_file:s0:c512,c768 tclass=file permissive=0
10-30 23:32:29.410  8817  8817 W CrUtilityMain: type=1400 audit(0.0:10563): avc: denied { setattr } for name="LICENSE" dev="dm-2" ino=24271 scontext=u:r:isolated_app:s0:c512,c768 tcontext=u:object_r:app_data_file:s0:c512,c768 tclass=file permissive=0
10-30 23:32:29.414  8817  8817 W CrUtilityMain: type=1400 audit(0.0:10564): avc: denied { setattr } for name="verified_contents.json" dev="dm-2" ino=24360 scontext=u:r:isolated_app:s0:c512,c768 tcontext=u:object_r:app_data_file:s0:c512,c768 tclass=file permissive=0
10-30 23:32:29.423  8804  8817 I chromium: [INFO:child_process_service.cc(69)] ChildProcessService: Exiting child process.
10-30 23:32:29.424   197   197 E lowmemorykiller: Error writing /proc/8804/oom_score_adj; errno=22
10-30 23:32:29.438  8701  8701 D MonkeyStub: translateCommand: tap 734 1352
10-30 23:32:29.446   600 27731 I ActivityManager: Process com.android.chrome:sandboxed_process25 (pid 8804) has died
10-30 23:32:29.446   600 27731 D ActivityManager: cleanUpApplicationRecord -- 8804
10-30 23:32:29.447  8132  8132 W chromium: [WARNING:compositor_view.cc(315)] Child process died (type=6) pid=8804)
10-30 23:32:29.584   787  1259 E AsyncOperation: serviceID=121, operation=GetLaunchDataOperation [CONTEXT service_id=259 ]
10-30 23:32:29.584   787  1259 E AsyncOperation: OperationException[Status{statusCode=Not an instant app, resolution=null}]
10-30 23:32:29.584   787  1259 E AsyncOperation: 	at aeay.a(:com.google.android.gms@203915020@20.39.15 (040406-335085812):20)
10-30 23:32:29.584   787  1259 E AsyncOperation: 	at aain.run(:com.google.android.gms@203915020@20.39.15 (040406-335085812):7)
10-30 23:32:29.584   787  1259 E AsyncOperation: 	at boex.run(:com.google.android.gms@203915020@20.39.15 (040406-335085812):2)
10-30 23:32:29.584   787  1259 E AsyncOperation: 	at sup.b(:com.google.android.gms@203915020@20.39.15 (040406-335085812):12)
10-30 23:32:29.584   787  1259 E AsyncOperation: 	at sup.run(:com.google.android.gms@203915020@20.39.15 (040406-335085812):7)
10-30 23:32:29.584   787  1259 E AsyncOperation: 	at java.util.concurrent.ThreadPoolExecutor.runWorker(ThreadPoolExecutor.java:1133)
10-30 23:32:29.584   787  1259 E AsyncOperation: 	at java.util.concurrent.ThreadPoolExecutor$Worker.run(ThreadPoolExecutor.java:607)
10-30 23:32:29.584   787  1259 E AsyncOperation: 	at tam.run(:com.google.android.gms@203915020@20.39.15 (040406-335085812):0)
10-30 23:32:29.584   787  1259 E AsyncOperation: 	at java.lang.Thread.run(Thread.java:761)
10-30 23:32:30.688   787 28597 W Icing   : isOptedInForAppHistory: empty Account Name encountered
10-30 23:32:30.702   787 28597 W Icing   : isOptedInForAppHistory: empty Account Name encountered
10-30 23:32:30.708  8132  8132 V MediaRouter: Adding route: RouteInfo{ name=Tablet, description=null, status=null, category=RouteCategory{ name=null types=ROUTE_TYPE_LIVE_AUDIO ROUTE_TYPE_LIVE_VIDEO  groupable=false }, supportedTypes=ROUTE_TYPE_LIVE_AUDIO ROUTE_TYPE_LIVE_VIDEO , presentationDisplay=null }
10-30 23:32:30.713  8132  8132 V MediaRouter: Updating audio routes: AudioRoutesInfo{ type=SPEAKER }
10-30 23:32:30.716  8132  8132 V MediaRouter: Selecting route: RouteInfo{ name=Tablet, description=null, status=null, category=RouteCategory{ name=null types=ROUTE_TYPE_LIVE_AUDIO ROUTE_TYPE_LIVE_VIDEO  groupable=false }, supportedTypes=ROUTE_TYPE_LIVE_AUDIO ROUTE_TYPE_LIVE_VIDEO , presentationDisplay=null }
10-30 23:32:30.721  8132  8132 I MediaRouter: Found default route: MediaRouter.RouteInfo{ uniqueId=android/Qf:DEFAULT_ROUTE, name=Tablet, description=null, iconUri=null, enabled=true, connecting=false, connectionState=0, canDisconnect=false, playbackType=0, playbackStream=3, deviceType=0, volumeHandling=1, volume=0, volumeMax=15, presentationDisplayId=-1, extras=null, settingsIntent=null, providerPackageName=android }
10-30 23:32:30.721  8132  8132 I MediaRouter: Unselecting the current route because it is no longer selectable: null
10-30 23:32:30.751  8132  8132 V MediaRouter: Selecting route: RouteInfo{ name=Tablet, description=null, status=null, category=RouteCategory{ name=null types=ROUTE_TYPE_LIVE_AUDIO ROUTE_TYPE_LIVE_VIDEO  groupable=false }, supportedTypes=ROUTE_TYPE_LIVE_AUDIO ROUTE_TYPE_LIVE_VIDEO , presentationDisplay=null }
10-30 23:32:30.802   600  1082 I ActivityManager: Start proc 8823:com.android.chrome:sandboxed_process26/u0i187 for service com.android.chrome/org.chromium.content.app.SandboxedProcessService26
10-30 23:32:30.867   787  5938 W Icing   : isOptedInForAppHistory: empty Account Name encountered
10-30 23:32:30.900  8823  8823 W boxed_process26: type=1400 audit(0.0:10565): avc: denied { getattr } for path="/data/data/com.android.chrome" dev="dm-2" ino=12190 scontext=u:r:isolated_app:s0:c512,c768 tcontext=u:object_r:app_data_file:s0:c512,c768 tclass=dir permissive=0
10-30 23:32:30.951  8823  8823 I cr_ChildProcessService: Creating new ChildProcessService pid=8823
10-30 23:32:31.011  8823  8837 I cr_LibraryLoader: Loaded native library version number "85.0.4183.127"
10-30 23:32:31.011  8823  8837 I cr_CachingUmaRecorder: Flushed 1 samples from 1 histograms.
10-30 23:32:31.077  8837  8837 W CrUtilityMain: type=1400 audit(0.0:10566): avc: denied { setattr } for name="manifest.json" dev="dm-2" ino=28894 scontext=u:r:isolated_app:s0:c512,c768 tcontext=u:object_r:app_data_file:s0:c512,c768 tclass=file permissive=0
10-30 23:32:31.084  8837  8837 W CrUtilityMain: type=1400 audit(0.0:10567): avc: denied { setattr } for name="verified_contents.json" dev="dm-2" ino=39118 scontext=u:r:isolated_app:s0:c512,c768 tcontext=u:object_r:app_data_file:s0:c512,c768 tclass=file permissive=0
10-30 23:32:31.107  8823  8823 I cr_ChildProcessService: Destroying ChildProcessService pid=8823
10-30 23:32:31.108  8823  8837 I chromium: [INFO:child_process_service.cc(69)] ChildProcessService: Exiting child process.
10-30 23:32:31.157   600 13631 I ActivityManager: Process com.android.chrome:sandboxed_process26 (pid 8823) has died
10-30 23:32:31.157   600 13631 D ActivityManager: cleanUpApplicationRecord -- 8823
10-30 23:32:31.161  8132  8132 W chromium: [WARNING:compositor_view.cc(315)] Child process died (type=6) pid=8823)
10-30 23:32:31.637  8193  8217 W VideoCapabilities: Unrecognized level 0 for video/x-vnd.on2.vp8
10-30 23:32:31.661  8193  8217 I VideoCapabilities: Unsupported profile 4 for video/mp4v-es
10-30 23:32:31.672  8193  8217 W cr_MediaCodecUtil: HW encoder for video/avc is not available on this device.
10-30 23:32:31.686  8193  8843 W VideoCapabilities: Unrecognized level 0 for video/x-vnd.on2.vp8
10-30 23:32:31.698  8193  8843 I VideoCapabilities: Unsupported profile 4 for video/mp4v-es
10-30 23:32:32.112 12169  1869 I CastDatabase: Opening the database
10-30 23:32:32.118   600   647 I WifiHAL : Got channel list with 13 channels
10-30 23:32:32.119   600   647 I WifiHAL : Got channel list with 4 channels
10-30 23:32:32.119   600   647 I WifiHAL : Got channel list with 15 channels
10-30 23:32:32.124 12169 12169 I DiscoveryManager: WifiGuestModeDeviceScanner enabled.
10-30 23:32:32.303   600   609 I art     : Background partial concurrent mark sweep GC freed 85615(4MB) AllocSpace objects, 67(2MB) LOS objects, 33% free, 16MB/24MB, paused 16.447ms total 196.521ms
10-30 23:32:32.306 12169  1869 I SQLiteCastStore: 2 CastNetworkInfo instances loaded, 1 CastDeviceInfo instances loaded, 0 paired guest mode devices loaded.
10-30 23:32:32.306 12169  1869 I DiscoveryManager: Filter criteria(37F83649) scannerFlags(0)
10-30 23:32:32.310 12169  1869 I CastDatabase: CastDeviceInfo created: V_96e45e62-41e7-4a2d-a765-9adaedd4ea9b
10-30 23:32:32.310 12169  1869 W GuestModeDeviceProber: setFilterCriteria
10-30 23:32:32.313 12169  1869 E DeviceScanner: [BLE] Failed to start scan because the Bluetooth is disabled.
10-30 23:32:32.315 12169  1869 W DatabaseProcessor: processLocalDevices: failed to get the network info with non-null bssid.
10-30 23:32:32.316 12169  1869 W DatabaseProcessor: processLocalDevices: failed to get the network info with non-null bssid.
10-30 23:32:32.318 12169  1869 E DeviceScanner: [BLE] Failed to start scan because the Bluetooth is disabled.
10-30 23:32:32.318 12169  1869 W DatabaseProcessor: processLocalDevices: failed to get the network info with non-null bssid.
10-30 23:32:32.318 12169  1869 W DatabaseProcessor: processLocalDevices: failed to get the network info with non-null bssid.
10-30 23:32:32.588  8193  8216 I cr_MediaCodecBridge: create MediaCodec video decoder, mime video/avc
10-30 23:32:32.614   246   761 I MediaPlayerService: MediaPlayerService::getOMX
10-30 23:32:32.617  8193  8848 I OMXClient: MuxOMX ctor
10-30 23:32:32.619   243 31204 I OMXMaster: makeComponentInstance(OMX.Nvidia.h264.decode) in mediacodec process
10-30 23:32:32.638  8193  8847 I MediaCodec: MediaCodec will operate in async mode
10-30 23:32:32.643  8193  8847 I MediaCodec: [OMX.Nvidia.h264.decode] setting surface generation to 8389633
10-30 23:32:32.647   243  7970 E OMXNodeInstance: getConfig(f300ce:Nvidia.h264.decode, ConfigCommonOutputCrop(0x700000f)) ERROR: BadParameter(0x80001005)
10-30 23:32:32.658  8193  8848 D SurfaceUtils: set up nativeWindow 0xd27fb008 for 2526x1000, color 0x106, rotation 0, usage 0x2b00
10-30 23:32:32.660   243  8849 D NvOsDebugPrintf: NvMMLiteOpen : Block : BlockType = 261 
10-30 23:32:32.661   243  8849 D NvOsDebugPrintf: TVMR: NvMMLiteTVMRDecBlockOpen: 5008: NvMMLiteBlockOpen 
10-30 23:32:32.668   243  8849 D NvOsDebugPrintf: NvMMLiteBlockCreate : Block : BlockType = 261 
10-30 23:32:32.684   243  8851 D NvOsDebugPrintf: TVMR: cbBeginSequence: 655: BeginSequence  2528x1008, bVPR = 0
10-30 23:32:32.684   243  8851 D NvOsDebugPrintf: TVMR: cbBeginSequence: 918: DecodeBuffers = 12 
10-30 23:32:32.694   243  8851 D NvOsDebugPrintf: TVMR: cbBeginSequence: 938: Display Resolution : (2526x1000) 
10-30 23:32:32.694   243  8851 D NvOsDebugPrintf: TVMR: cbBeginSequence: 939: Display Aspect Ratio : (2526x1000) 
10-30 23:32:32.694   243  8851 D NvOsDebugPrintf: TVMR: cbBeginSequence: 1041: SurfaceLayout = 3
10-30 23:32:32.694   243  8851 D NvOsDebugPrintf: TVMR: cbBeginSequence: 1071: NumOfSurfaces = 16, InteraceStream = 0, InterlaceEnabled = 0, bSecure = 0, MVC = 0 Semiplanar = 1, bReinit = 1 
10-30 23:32:32.694   243  8851 D NvOsDebugPrintf: Allocating new output: 2528x1008 (x 18), ThumbnailMode = 0
10-30 23:32:32.700  8193  8848 D SurfaceUtils: set up nativeWindow 0xd27fb008 for 2528x1008, color 0x106, rotation 0, usage 0x2b00
10-30 23:32:32.700   243   951 E OMXNodeInstance: setParameter(f300ce:Nvidia.h264.decode, ParamPortDefinition(0x2000001)) ERROR: UnsupportedSetting(0x80001019)
10-30 23:32:32.701  8193  8848 W ACodec  : [OMX.Nvidia.h264.decode] setting nBufferCountActual to 23 failed: -1010
10-30 23:32:32.701   243  7970 E OMXNodeInstance: setParameter(f300ce:Nvidia.h264.decode, ParamPortDefinition(0x2000001)) ERROR: UnsupportedSetting(0x80001019)
10-30 23:32:32.701  8193  8848 W ACodec  : [OMX.Nvidia.h264.decode] setting nBufferCountActual to 22 failed: -1010
10-30 23:32:32.701   243  2208 E OMXNodeInstance: setParameter(f300ce:Nvidia.h264.decode, ParamPortDefinition(0x2000001)) ERROR: UnsupportedSetting(0x80001019)
10-30 23:32:32.701  8193  8848 W ACodec  : [OMX.Nvidia.h264.decode] setting nBufferCountActual to 21 failed: -1010
10-30 23:32:32.905   600  2707 I ActivityManager: Start proc 8854:com.android.chrome:sandboxed_process27/u0i188 for service com.android.chrome/org.chromium.content.app.SandboxedProcessService27
10-30 23:32:32.960  8854  8854 W boxed_process27: type=1400 audit(0.0:10568): avc: denied { getattr } for path="/data/data/com.android.chrome" dev="dm-2" ino=12190 scontext=u:r:isolated_app:s0:c512,c768 tcontext=u:object_r:app_data_file:s0:c512,c768 tclass=dir permissive=0
10-30 23:32:33.004  8854  8854 I cr_ChildProcessService: Creating new ChildProcessService pid=8854
10-30 23:32:33.125  8854  8867 I cr_LibraryLoader: Loaded native library version number "85.0.4183.127"
10-30 23:32:33.126  8854  8867 I cr_CachingUmaRecorder: Flushed 1 samples from 1 histograms.
10-30 23:32:33.177  8867  8867 W CrUtilityMain: type=1400 audit(0.0:10569): avc: denied { setattr } for name="download_file_types.pb" dev="dm-2" ino=51809 scontext=u:r:isolated_app:s0:c512,c768 tcontext=u:object_r:app_data_file:s0:c512,c768 tclass=file permissive=0
10-30 23:32:33.177  8867  8867 W CrUtilityMain: type=1400 audit(0.0:10570): avc: denied { setattr } for name="manifest.json" dev="dm-2" ino=52087 scontext=u:r:isolated_app:s0:c512,c768 tcontext=u:object_r:app_data_file:s0:c512,c768 tclass=file permissive=0
10-30 23:32:33.180  8867  8867 W CrUtilityMain: type=1400 audit(0.0:10571): avc: denied { setattr } for name="verified_contents.json" dev="dm-2" ino=52049 scontext=u:r:isolated_app:s0:c512,c768 tcontext=u:object_r:app_data_file:s0:c512,c768 tclass=file permissive=0
10-30 23:32:33.197  8854  8867 I chromium: [INFO:child_process_service.cc(69)] ChildProcessService: Exiting child process.
10-30 23:32:33.232  8132  8132 I cr_tabmodel: Appending tabs being restored to metadata lists, 0, startingNormalCount: 2, startingIncognitoCount: 0
10-30 23:32:33.232  8132  8132 I cr_tabmodel: Serializing tab lists; counts: 2, 0
10-30 23:32:33.438 12169 12179 I art     : Background partial concurrent mark sweep GC freed 34951(1733KB) AllocSpace objects, 0(0B) LOS objects, 40% free, 7MB/12MB, paused 11.761ms total 199.297ms
10-30 23:32:33.524   600 17381 I ActivityManager: Process com.android.chrome:sandboxed_process27 (pid 8854) has died
10-30 23:32:33.524   600 17381 D ActivityManager: cleanUpApplicationRecord -- 8854
10-30 23:32:33.533  8132  8132 W chromium: [WARNING:compositor_view.cc(315)] Child process died (type=6) pid=8854)
10-30 23:32:33.822  8132  8132 I cr_tabmodel: Appending tabs being restored to metadata lists, 0, startingNormalCount: 2, startingIncognitoCount: 0
10-30 23:32:33.823  8132  8132 I cr_tabmodel: Serializing tab lists; counts: 2, 0
10-30 23:32:33.843  8132  8132 I cr_tabmodel: Appending tabs being restored to metadata lists, 0, startingNormalCount: 2, startingIncognitoCount: 0
10-30 23:32:33.843  8132  8132 I cr_tabmodel: Serializing tab lists; counts: 2, 0
10-30 23:32:34.498  8132  8142 I art     : Background sticky concurrent mark sweep GC freed 91989(4MB) AllocSpace objects, 17(576KB) LOS objects, 23% free, 17MB/22MB, paused 2.098ms total 104.039ms
10-30 23:32:35.270 12169  1869 W DatabaseProcessor: processLocalDevices: failed to get the network info with non-null bssid.
10-30 23:32:35.316 12169  1869 W AdaptiveDiscoveryWorker: Exiting Adaptive Discovery. Current NetworkInfo is NULL.
10-30 23:32:35.373   600  9614 I ActivityManager: Start proc 8872:com.android.chrome:sandboxed_process28/u0i189 for service com.android.chrome/org.chromium.content.app.SandboxedProcessService28
10-30 23:32:35.417  8872  8872 W boxed_process28: type=1400 audit(0.0:10572): avc: denied { getattr } for path="/data/data/com.android.chrome" dev="dm-2" ino=12190 scontext=u:r:isolated_app:s0:c512,c768 tcontext=u:object_r:app_data_file:s0:c512,c768 tclass=dir permissive=0
10-30 23:32:35.468  8872  8872 I cr_ChildProcessService: Creating new ChildProcessService pid=8872
10-30 23:32:35.551  8872  8885 I cr_LibraryLoader: Loaded native library version number "85.0.4183.127"
10-30 23:32:35.552  8872  8885 I cr_CachingUmaRecorder: Flushed 1 samples from 1 histograms.
10-30 23:32:35.577  8885  8885 W CrUtilityMain: type=1400 audit(0.0:10573): avc: denied { setattr } for name="ssl_error_assistant.pb" dev="dm-2" ino=52763 scontext=u:r:isolated_app:s0:c512,c768 tcontext=u:object_r:app_data_file:s0:c512,c768 tclass=file permissive=0
10-30 23:32:35.580  8885  8885 W CrUtilityMain: type=1400 audit(0.0:10574): avc: denied { setattr } for name="manifest.json" dev="dm-2" ino=55500 scontext=u:r:isolated_app:s0:c512,c768 tcontext=u:object_r:app_data_file:s0:c512,c768 tclass=file permissive=0
10-30 23:32:35.584  8885  8885 W CrUtilityMain: type=1400 audit(0.0:10575): avc: denied { setattr } for name="verified_contents.json" dev="dm-2" ino=55794 scontext=u:r:isolated_app:s0:c512,c768 tcontext=u:object_r:app_data_file:s0:c512,c768 tclass=file permissive=0
10-30 23:32:35.609  8872  8872 I cr_ChildProcessService: Destroying ChildProcessService pid=8872
10-30 23:32:35.611  8872  8885 I chromium: [INFO:child_process_service.cc(69)] ChildProcessService: Exiting child process.
10-30 23:32:35.631   600 10249 I ActivityManager: Process com.android.chrome:sandboxed_process28 (pid 8872) has died
10-30 23:32:35.631   600 10249 D ActivityManager: cleanUpApplicationRecord -- 8872
10-30 23:32:35.633  8132  8132 W chromium: [WARNING:compositor_view.cc(315)] Child process died (type=6) pid=8872)
10-30 23:32:38.181   600 13557 I ActivityManager: Start proc 8891:com.android.chrome:sandboxed_process29/u0i190 for service com.android.chrome/org.chromium.content.app.SandboxedProcessService29
10-30 23:32:38.257  8891  8891 W boxed_process29: type=1400 audit(0.0:10576): avc: denied { getattr } for path="/data/data/com.android.chrome" dev="dm-2" ino=12190 scontext=u:r:isolated_app:s0:c512,c768 tcontext=u:object_r:app_data_file:s0:c512,c768 tclass=dir permissive=0
10-30 23:32:38.293  8891  8891 I cr_ChildProcessService: Creating new ChildProcessService pid=8891
10-30 23:32:38.390  8891  8904 I cr_LibraryLoader: Loaded native library version number "85.0.4183.127"
10-30 23:32:38.390  8891  8904 I cr_CachingUmaRecorder: Flushed 1 samples from 1 histograms.
10-30 23:32:38.420  8904  8904 W CrUtilityMain: type=1400 audit(0.0:10577): avc: denied { setattr } for name="safety_tips.pb" dev="dm-2" ino=57321 scontext=u:r:isolated_app:s0:c512,c768 tcontext=u:object_r:app_data_file:s0:c512,c768 tclass=file permissive=0
10-30 23:32:38.424  8904  8904 W CrUtilityMain: type=1400 audit(0.0:10578): avc: denied { setattr } for name="manifest.json" dev="dm-2" ino=57296 scontext=u:r:isolated_app:s0:c512,c768 tcontext=u:object_r:app_data_file:s0:c512,c768 tclass=file permissive=0
10-30 23:32:38.427  8904  8904 W CrUtilityMain: type=1400 audit(0.0:10579): avc: denied { setattr } for name="verified_contents.json" dev="dm-2" ino=57358 scontext=u:r:isolated_app:s0:c512,c768 tcontext=u:object_r:app_data_file:s0:c512,c768 tclass=file permissive=0
10-30 23:32:38.460  8891  8891 I cr_ChildProcessService: Destroying ChildProcessService pid=8891
10-30 23:32:38.472  8891  8891 I art     : System.exit called, status: 0
10-30 23:32:38.475  8891  8891 I AndroidRuntime: VM exiting with result code 0, cleanup skipped.
10-30 23:32:38.502   600  3675 I ActivityManager: Process com.android.chrome:sandboxed_process29 (pid 8891) has died
10-30 23:32:38.502   600  3675 D ActivityManager: cleanUpApplicationRecord -- 8891
10-30 23:32:38.509  8132  8132 W chromium: [WARNING:compositor_view.cc(315)] Child process died (type=6) pid=8891)
10-30 23:32:41.436   600   713 I ActivityManager: Start proc 8911:com.android.chrome:sandboxed_process30/u0i191 for service com.android.chrome/org.chromium.content.app.SandboxedProcessService30
10-30 23:32:41.500  8911  8911 W boxed_process30: type=1400 audit(0.0:10580): avc: denied { getattr } for path="/data/data/com.android.chrome" dev="dm-2" ino=12190 scontext=u:r:isolated_app:s0:c512,c768 tcontext=u:object_r:app_data_file:s0:c512,c768 tclass=dir permissive=0
10-30 23:32:41.538  8911  8911 I cr_ChildProcessService: Creating new ChildProcessService pid=8911
10-30 23:32:41.586  8911  8924 I cr_LibraryLoader: Loaded native library version number "85.0.4183.127"
10-30 23:32:41.587  8911  8924 I cr_CachingUmaRecorder: Flushed 1 samples from 1 histograms.
