--------- beginning of main
10-30 23:11:03.546   423   423 D AndroidRuntime: >>>>>> START com.android.internal.os.RuntimeInit uid 2000 <<<<<<
10-30 23:11:03.550   423   423 D AndroidRuntime: CheckJNI is OFF
10-30 23:11:03.625   423   423 D ICU     : No timezone override file found: /data/misc/zoneinfo/current/icu/icu_tzdata.dat
10-30 23:11:03.659   423   423 I Radio-JNI: register_android_hardware_Radio DONE
10-30 23:11:03.676   423   423 D AndroidRuntime: Calling main entry com.android.commands.am.Am
--------- beginning of system
10-30 23:11:03.696   600   707 I ActivityManager: Force stopping com.opera.browser appid=10122 user=0: from pid 423
10-30 23:11:03.706  1061  1061 D RegisteredNfcFServicesCache: Service unchanged, not updating
10-30 23:11:03.954   600 29683 I ActivityManager: START u0 {act=android.intent.action.VIEW flg=0x10008000 cmp=com.opera.browser/com.opera.Opera} from uid 2000 on display 0
10-30 23:11:03.984   423   423 D AndroidRuntime: Shutting down VM
10-30 23:11:04.012   600   713 I ActivityManager: Start proc 433:com.opera.browser/u0a122 for activity com.opera.browser/com.opera.Opera
10-30 23:11:04.094   433   433 I art     : Starting a blocking GC AddRemoveAppImageSpace
10-30 23:11:04.121   433   433 I LoadedApk: No resource references to update in package com.opera.browser.nord_vpn
10-30 23:11:04.225   433   433 I art     : Rejecting re-init on previously-failed class java.lang.Class<com.opera.android.job.a$j>: java.lang.NoClassDefFoundError: Failed resolution of: Landroid/app/job/JobServiceEngine;
10-30 23:11:04.225   433   433 I art     :   at void com.opera.android.OperaApplication.onCreate() (SourceFile:52)
10-30 23:11:04.225   433   433 I art     :   at void android.app.Instrumentation.callApplicationOnCreate(android.app.Application) (Instrumentation.java:1024)
10-30 23:11:04.225   433   433 I art     :   at void android.app.ActivityThread.handleBindApplication(android.app.ActivityThread$AppBindData) (ActivityThread.java:5403)
10-30 23:11:04.225   433   433 I art     :   at void android.app.ActivityThread.-wrap2(android.app.ActivityThread, android.app.ActivityThread$AppBindData) (ActivityThread.java:-1)
10-30 23:11:04.225   433   433 I art     :   at void android.app.ActivityThread$H.handleMessage(android.os.Message) (ActivityThread.java:1545)
10-30 23:11:04.225   433   433 I art     :   at void android.os.Handler.dispatchMessage(android.os.Message) (Handler.java:102)
10-30 23:11:04.225   433   433 I art     :   at void android.os.Looper.loop() (Looper.java:154)
10-30 23:11:04.225   433   433 I art     :   at void android.app.ActivityThread.main(java.lang.String[]) (ActivityThread.java:6119)
10-30 23:11:04.225   433   433 I art     :   at java.lang.Object java.lang.reflect.Method.invoke!(java.lang.Object, java.lang.Object[]) (Method.java:-2)
10-30 23:11:04.225   433   433 I art     :   at void com.android.internal.os.ZygoteInit$MethodAndArgsCaller.run() (ZygoteInit.java:886)
10-30 23:11:04.225   433   433 I art     :   at void com.android.internal.os.ZygoteInit.main(java.lang.String[]) (ZygoteInit.java:776)
10-30 23:11:04.225   433   433 I art     : Caused by: java.lang.ClassNotFoundException: Didn't find class "android.app.job.JobServiceEngine" on path: DexPathList[[zip file "/data/app/com.opera.browser-1/base.apk"],nativeLibraryDirectories=[/data/app/com.opera.browser-1/lib/arm, /data/app/com.opera.browser-1/base.apk!/lib/armeabi-v7a, /system/lib, /vendor/lib]]
10-30 23:11:04.225   433   433 I art     :   at java.lang.Class dalvik.system.BaseDexClassLoader.findClass(java.lang.String) (BaseDexClassLoader.java:56)
10-30 23:11:04.225   433   433 I art     :   at java.lang.Class java.lang.ClassLoader.loadClass(java.lang.String, boolean) (ClassLoader.java:380)
10-30 23:11:04.225   433   433 I art     :   at java.lang.Class java.lang.ClassLoader.loadClass(java.lang.String) (ClassLoader.java:312)
10-30 23:11:04.225   433   433 I art     :   at void com.opera.android.OperaApplication.onCreate() (SourceFile:52)
10-30 23:11:04.225   433   433 I art     :   at void android.app.Instrumentation.callApplicationOnCreate(android.app.Application) (Instrumentation.java:1024)
10-30 23:11:04.225   433   433 I art     :   at void android.app.ActivityThread.handleBindApplication(android.app.ActivityThread$AppBindData) (ActivityThread.java:5403)
10-30 23:11:04.225   433   433 I art     :   at void android.app.ActivityThread.-wrap2(android.app.ActivityThread, android.app.ActivityThread$AppBindData) (ActivityThread.java:-1)
10-30 23:11:04.225   433   433 I art     :   at void android.app.ActivityThread$H.handleMessage(android.os.Message) (ActivityThread.java:1545)
10-30 23:11:04.225   433   433 I art     :   at void android.os.Handler.dispatchMessage(android.os.Message) (Handler.java:102)
10-30 23:11:04.225   433   433 I art     :   at void android.os.Looper.loop() (Looper.java:154)
10-30 23:11:04.225   433   433 I art     :   at void android.app.ActivityThread.main(java.lang.String[]) (ActivityThread.java:6119)
10-30 23:11:04.225   433   433 I art     :   at java.lang.Object java.lang.reflect.Method.invoke!(java.lang.Object, java.lang.Object[]) (Method.java:-2)
10-30 23:11:04.225   433   433 I art     :   at void com.android.internal.os.ZygoteInit$MethodAndArgsCaller.run() (ZygoteInit.java:886)
10-30 23:11:04.225   433   433 I art     :   at void com.android.internal.os.ZygoteInit.main(java.lang.String[]) (ZygoteInit.java:776)
10-30 23:11:04.225   433   433 I art     : 
10-30 23:11:04.277   433   483 D NetworkSecurityConfig: Using Network Security Config from resource network_security_config_official_build debugBuild: false
10-30 23:11:04.370   433   443 I art     : Background partial concurrent mark sweep GC freed 11663(672KB) AllocSpace objects, 10(200KB) LOS objects, 40% free, 4MB/7MB, paused 6.014ms total 89.014ms
10-30 23:11:04.428   600 29683 I ActivityManager: START u0 {act=android.intent.action.VIEW flg=0x10008000 cmp=com.opera.browser/com.opera.android.startup.WelcomeActivity} from uid 10122 on display 0
10-30 23:11:04.471   600   707 W ActivityManager: Duplicate finish request for ActivityRecord{4fa3e85 u0 com.opera.browser/com.opera.Opera t1994 f}
10-30 23:11:04.602   433   443 I art     : Background sticky concurrent mark sweep GC freed 20530(2MB) AllocSpace objects, 5(240KB) LOS objects, 33% free, 5MB/7MB, paused 12.236ms total 85.752ms
10-30 23:11:04.730   600   609 I art     : Background partial concurrent mark sweep GC freed 23298(1232KB) AllocSpace objects, 3(60KB) LOS objects, 33% free, 16MB/24MB, paused 1.331ms total 196.547ms
10-30 23:11:04.862   433   443 I art     : Background sticky concurrent mark sweep GC freed 47554(3MB) AllocSpace objects, 12(240KB) LOS objects, 30% free, 5MB/7MB, paused 3.936ms total 104.252ms
10-30 23:11:04.908   433   546 I OpenGLRenderer: Initialized EGL, version 1.4
10-30 23:11:04.908   433   546 D OpenGLRenderer: Swap behavior 2
10-30 23:11:04.918   433   478 I FA      : App measurement initialized, version: 43042
10-30 23:11:04.918   433   478 I FA      : To enable debug logging run: adb shell setprop log.tag.FA VERBOSE
10-30 23:11:04.918   433   478 I FA      : To enable faster debug mode event logging run:
10-30 23:11:04.918   433   478 I FA      :   adb shell setprop debug.firebase.analytics.app com.opera.browser
10-30 23:11:05.092   600   620 I ActivityManager: Displayed com.opera.browser/com.opera.android.startup.WelcomeActivity: +610ms (total +1s114ms)
10-30 23:11:05.207   600  6312 I ActivityManager: Start proc 574:com.opera.browser:privileged_process0/u0a122 for service com.opera.browser/com.opera.android.browser.chromium.services.PrivilegedProcessService0
10-30 23:11:05.229   433   569 W chromium: [WARNING:op_site_scripts.cc(424)] Failed to map /data/user/0/com.opera.browser/app_opera/sjs
10-30 23:11:05.281   600   620 W WindowManager: Failed looking up window
10-30 23:11:05.281   600   620 W WindowManager: java.lang.IllegalArgumentException: Requested window android.view.ViewRootImpl$W@29ba532 does not exist
10-30 23:11:05.281   600   620 W WindowManager: 	at com.android.server.wm.WindowManagerService.windowForClientLocked(WindowManagerService.java:9422)
10-30 23:11:05.281   600   620 W WindowManager: 	at com.android.server.wm.WindowManagerService.windowForClientLocked(WindowManagerService.java:9413)
10-30 23:11:05.281   600   620 W WindowManager: 	at com.android.server.wm.WindowManagerService.removeWindow(WindowManagerService.java:2393)
10-30 23:11:05.281   600   620 W WindowManager: 	at com.android.server.wm.Session.remove(Session.java:202)
10-30 23:11:05.281   600   620 W WindowManager: 	at android.view.ViewRootImpl.dispatchDetachedFromWindow(ViewRootImpl.java:3290)
10-30 23:11:05.281   600   620 W WindowManager: 	at android.view.ViewRootImpl.doDie(ViewRootImpl.java:5917)
10-30 23:11:05.281   600   620 W WindowManager: 	at android.view.ViewRootImpl$ViewRootHandler.handleMessage(ViewRootImpl.java:3626)
10-30 23:11:05.281   600   620 W WindowManager: 	at android.os.Handler.dispatchMessage(Handler.java:102)
10-30 23:11:05.281   600   620 W WindowManager: 	at android.os.Looper.loop(Looper.java:154)
10-30 23:11:05.281   600   620 W WindowManager: 	at android.os.HandlerThread.run(HandlerThread.java:61)
10-30 23:11:05.281   600   620 W WindowManager: 	at com.android.server.ServiceThread.run(ServiceThread.java:46)
10-30 23:11:05.330   574   574 I art     : Starting a blocking GC AddRemoveAppImageSpace
10-30 23:11:05.352   574   574 I LoadedApk: No resource references to update in package com.opera.browser.nord_vpn
10-30 23:11:05.502   574   604 E libEGL  : validate_display:99 error 3008 (EGL_BAD_DISPLAY)
10-30 23:11:05.568  7916  7916 I MemoryTrimmer: Trimming objects from memory, since app is in the background.
10-30 23:11:05.649  7916  7927 W SearchService: Abort, client detached.
10-30 23:11:05.653  1084  1084 I MemoryTrimmer: Trimming objects from memory, since app is in the background.
10-30 23:11:05.709   574   604 E libEGL  : validate_display:99 error 3008 (EGL_BAD_DISPLAY)
10-30 23:11:05.736  7916   336 I DeviceStateChecker: DeviceStateChecker cancelled
10-30 23:11:05.737  7916  7916 I MicroDetector: Keeping mic open: false
10-30 23:11:05.737  7916  7948 I AudioController: internalShutdown
10-30 23:11:05.738  7916  7948 I MicrophoneInputStream: mic_close com.google.android.apps.gsa.speech.audio.ae@4af2684
10-30 23:11:05.739  7916  7973 I MicroRecognitionRunner: Stopping hotword detection.
10-30 23:11:05.747   238   285 I SoundTriggerHwService::Module: void android::SoundTriggerHwService::Module::onCallbackEvent(const sp<android::SoundTriggerHwService::CallbackEvent> &) mClient == 0
10-30 23:11:05.758  7916   337 I MicroRecognitionRunner: Detection finished
10-30 23:11:05.769  7916  7916 I MemoryTrimmer: Trimming objects from memory, since app is in the background.
10-30 23:11:05.787   433   478 I FA      : Tag Manager is not found and thus will not be used
10-30 23:11:05.945   787 30196 W NetworkScheduler: Error inserting service_kind=0 source=16 tag=Measurement.PackageMeasurementTaskService.UPLOAD_TASK_TAG target_package=com.google.android.gms requires_charging=0 source_version=203915000 required_network_type=0 flex_time=1317000 persistence_level=1 target_class=com.google.android.gms.measurement.PackageMeasurementTaskService runtime=1667167865942 retry_strategy={"maximum_backoff_seconds":{"3600":0},"initial_backoff_seconds":{"30":0},"retry_policy":{"0":0}} preferred_network_type=1 required_idleness_state=0 preferred_charging_state=1 period=2635000 last_runtime=0 task_type=0 job_id=-1 user_id=0, error message: UNIQUE constraint failed: pending_ops.tag, pending_ops.target_class, pending_ops.target_package, pending_ops.user_id (code 2067) [CONTEXT service_id=218 ]
10-30 23:11:05.988   787   719 W NetworkScheduler: Error inserting service_kind=0 source=16 tag=Measurement.PackageMeasurementTaskService.UPLOAD_TASK_TAG target_package=com.google.android.gms requires_charging=0 source_version=203915000 required_network_type=0 flex_time=1317000 persistence_level=1 target_class=com.google.android.gms.measurement.PackageMeasurementTaskService runtime=1667167865984 retry_strategy={"maximum_backoff_seconds":{"3600":0},"initial_backoff_seconds":{"30":0},"retry_policy":{"0":0}} preferred_network_type=1 required_idleness_state=0 preferred_charging_state=1 period=2635000 last_runtime=0 task_type=0 job_id=-1 user_id=0, error message: UNIQUE constraint failed: pending_ops.tag, pending_ops.target_class, pending_ops.target_package, pending_ops.user_id (code 2067) [CONTEXT service_id=218 ]
10-30 23:11:06.008   787 30196 W NetworkScheduler: Error inserting service_kind=0 source=16 tag=Measurement.PackageMeasurementTaskService.UPLOAD_TASK_TAG target_package=com.google.android.gms requires_charging=0 source_version=203915000 required_network_type=0 flex_time=1317000 persistence_level=1 target_class=com.google.android.gms.measurement.PackageMeasurementTaskService runtime=1667167866007 retry_strategy={"maximum_backoff_seconds":{"3600":0},"initial_backoff_seconds":{"30":0},"retry_policy":{"0":0}} preferred_network_type=1 required_idleness_state=0 preferred_charging_state=1 period=2635000 last_runtime=0 task_type=0 job_id=-1 user_id=0, error message: UNIQUE constraint failed: pending_ops.tag, pending_ops.target_class, pending_ops.target_package, pending_ops.user_id (code 2067) [CONTEXT service_id=218 ]
10-30 23:11:09.520   433   433 I PlayCore: UID: [10122]  PID: [433] AppUpdateListenerRegistry : registerListener
10-30 23:11:09.521   433   433 I PlayCore: UID: [10122]  PID: [433] AppUpdateService : requestUpdateInfo(com.opera.browser)
10-30 23:11:09.524   433   749 I PlayCore: UID: [10122]  PID: [433] AppUpdateService : Initiate binding to the service.
10-30 23:11:09.525   600   610 W ActivityManager: Unable to start service Intent { act=com.google.android.play.core.install.BIND_UPDATE_SERVICE pkg=com.android.vending } U=0: not found
10-30 23:11:09.529   433   749 I PlayCore: UID: [10122]  PID: [433] AppUpdateService : Failed to bind to the service.
10-30 23:11:09.615   433   751 D ApplicationLoaders: ignored Vulkan layer search path /data/app/com.google.android.gms-1/lib/arm:/data/app/com.google.android.gms-1/base.apk!/lib/armeabi-v7a:/data/app/com.google.android.gms-1/split_config.en.apk!/lib/armeabi-v7a for namespace 0xf4a41090
10-30 23:11:09.617   433   751 W ResourceType: ResTable_typeSpec entry count inconsistent: given 67, previously 69
10-30 23:11:09.617   433   751 W ResourceType: ResTable_typeSpec entry count inconsistent: given 5346, previously 5347
10-30 23:11:09.877   600   612 D SyncManager: failed sync operation JobId: 100983, com.opera.browser u0 (com.opera.browser.ping), com.opera.browser.ping.provider, SERVER, reason: 10122, SyncResult: delayUntil: 1667175069 stats [ numIoExceptions: 1]
10-30 23:11:15.851  7916  7916 I MemoryTrimmer: Trimming objects from memory, since app is in the background.
10-30 23:11:16.726   821   821 D AndroidRuntime: >>>>>> START com.android.internal.os.RuntimeInit uid 2000 <<<<<<
10-30 23:11:16.729   821   821 D AndroidRuntime: CheckJNI is OFF
10-30 23:11:16.792   821   821 D ICU     : No timezone override file found: /data/misc/zoneinfo/current/icu/icu_tzdata.dat
10-30 23:11:16.823   821   821 I Radio-JNI: register_android_hardware_Radio DONE
10-30 23:11:16.838   821   821 D AndroidRuntime: Calling main entry com.android.commands.monkey.Monkey
10-30 23:11:16.905   600   613 W BroadcastQueue: Skipping deliver [background] BroadcastRecord{e16be0c u-1 android.net.conn.CONNECTIVITY_CHANGE} to ReceiverList{6dec355 821 (unknown name)/2000/u-1 remote:725ad5e}: process crashing
10-30 23:11:18.632   821   821 D MonkeyStub: translateCommand: wake
10-30 23:11:18.747   821   821 D MonkeyStub: translateCommand: tap 960 1881
10-30 23:11:18.834   600  1080 I ActivityManager: START u0 {act=android.intent.action.VIEW flg=0x1000000 cmp=com.opera.browser/com.opera.android.IntentDispatcherActivity} from uid 10122 on display 0
10-30 23:11:18.948   600   610 I ActivityManager: START u0 {act=android.intent.action.VIEW flg=0x15002000 cmp=com.opera.browser/com.opera.android.BrowserActivity} from uid 10122 on display 0
10-30 23:11:18.959  1084  1171 I OpenGLRenderer: Initialized EGL, version 1.4
10-30 23:11:18.960  1084  1171 D OpenGLRenderer: Swap behavior 2
10-30 23:11:19.037   600   609 I art     : Background partial concurrent mark sweep GC freed 43608(2MB) AllocSpace objects, 41(1252KB) LOS objects, 33% free, 16MB/24MB, paused 890us total 127.102ms
10-30 23:11:19.104  1084  1084 I MemoryTrimmer: Trimming objects from memory, since app is in the background.
10-30 23:11:19.345   433   889 W ResourceType: ResTable_typeSpec entry count inconsistent: given 67, previously 69
10-30 23:11:19.345   433   889 W ResourceType: ResTable_typeSpec entry count inconsistent: given 5346, previously 5347
10-30 23:11:19.453   433   857 E [Leanplum][ERROR]: No variable values were received from the server. Please contact us to investigate.
10-30 23:11:19.504   600   620 I ActivityManager: Displayed com.opera.browser/com.opera.android.BrowserActivity: +531ms (total +610ms)
10-30 23:11:19.546   600 27731 I CwMcuSensor: CwMcuSensor::flush: fd = 235, sensors_id = 0, path = /sys/class/htc_sensorhub/sensor_hub/flush, err = 0
10-30 23:11:19.604   433   546 D OpenGLRenderer: endAllActiveAnimators on 0xce46d780 (RippleDrawable) with handle 0xce3fada0
10-30 23:11:19.787   433   443 I art     : Background sticky concurrent mark sweep GC freed 23198(1977KB) AllocSpace objects, 18(360KB) LOS objects, 18% free, 8MB/9MB, paused 2.543ms total 139.055ms
10-30 23:11:19.857   433   906 W ResourceType: ResTable_typeSpec entry count inconsistent: given 67, previously 69
10-30 23:11:19.857   433   906 W ResourceType: ResTable_typeSpec entry count inconsistent: given 5346, previously 5347
10-30 23:11:20.182   433   937 W ResourceType: ResTable_typeSpec entry count inconsistent: given 67, previously 69
10-30 23:11:20.183   433   937 W ResourceType: ResTable_typeSpec entry count inconsistent: given 5346, previously 5347
10-30 23:11:20.205   433   438 I art     : Do partial code cache collection, code=18KB, data=30KB
10-30 23:11:20.228   433   438 I art     : After code cache collection, code=18KB, data=30KB
10-30 23:11:20.228   433   438 I art     : Increasing code cache capacity to 128KB
10-30 23:11:20.267   433   433 I Choreographer: Skipped 40 frames!  The application may be doing too much work on its main thread.
10-30 23:11:20.421   433   433 W View    : requestLayout() improperly called by com.opera.android.custom_views.FadingRecyclerView{51a9495 VFED.V... ......ID 0,813-1536,813 #7f0a0825 app:id/suggested_dials_grid} during layout: running second layout pass
10-30 23:11:20.482   433   433 E Sensors : sendAck failure -1 1
10-30 23:11:20.482   433   433 E Sensors : sendAck failure -1 2
10-30 23:11:20.482   433   433 E Sensors : sendAck failure -1 3
10-30 23:11:20.482   433   433 E Sensors : sendAck failure -1 4
10-30 23:11:20.483   433   433 E Sensors : sendAck failure -1 5
10-30 23:11:20.483   433   433 E Sensors : sendAck failure -1 6
10-30 23:11:20.483   433   433 E Sensors : sendAck failure -1 7
10-30 23:11:20.483   433   433 E Sensors : sendAck failure -1 8
10-30 23:11:20.483   433   433 E Sensors : sendAck failure -1 9
10-30 23:11:20.483   433   433 E Sensors : sendAck failure -1 10
10-30 23:11:20.483   433   433 E Sensors : sendAck failure -1 1
10-30 23:11:20.483   433   433 E Sensors : sendAck failure -1 2
10-30 23:11:20.483   433   433 E Sensors : sendAck failure -1 3
10-30 23:11:20.483   433   433 E Sensors : sendAck failure -1 4
10-30 23:11:20.483   433   433 E Sensors : sendAck failure -1 5
10-30 23:11:20.483   433   433 E Sensors : sendAck failure -1 6
10-30 23:11:20.483   433   433 E Sensors : sendAck failure -1 7
10-30 23:11:20.483   433   433 E Sensors : sendAck failure -1 8
10-30 23:11:20.483   433   433 E Sensors : sendAck failure -1 9
10-30 23:11:20.483   433   433 E Sensors : sendAck failure -1 10
10-30 23:11:20.483   433   433 E Sensors : sendAck failure -1 1
10-30 23:11:20.483   433   433 E Sensors : sendAck failure -1 2
10-30 23:11:20.483   433   433 E Sensors : sendAck failure -1 3
10-30 23:11:20.483   433   433 E Sensors : sendAck failure -1 4
10-30 23:11:20.483   433   433 E Sensors : sendAck failure -1 5
10-30 23:11:20.483   433   433 E Sensors : sendAck failure -1 6
10-30 23:11:20.483   433   433 E Sensors : sendAck failure -1 7
10-30 23:11:20.483   433   433 E Sensors : sendAck failure -1 8
10-30 23:11:20.483   433   433 E Sensors : sendAck failure -1 9
10-30 23:11:20.483   433   433 E Sensors : sendAck failure -1 10
10-30 23:11:20.529   433   443 I art     : Background sticky concurrent mark sweep GC freed 46538(2MB) AllocSpace objects, 34(680KB) LOS objects, 19% free, 10MB/13MB, paused 3.578ms total 116.124ms
10-30 23:11:20.797   433   443 I art     : Background sticky concurrent mark sweep GC freed 29307(1595KB) AllocSpace objects, 21(1008KB) LOS objects, 1% free, 13MB/13MB, paused 6.279ms total 128.006ms
10-30 23:11:20.947   433   443 I art     : Background partial concurrent mark sweep GC freed 26036(1173KB) AllocSpace objects, 5(336KB) LOS objects, 40% free, 11MB/19MB, paused 7.237ms total 148.604ms
10-30 23:11:20.961   965   965 I dex2oat : /system/bin/dex2oat --dex-file=/data/user/0/com.opera.browser/code_cache/. ​     --oat-fd=197 --oat-location=/data/user/0/com.opera.browser/code_cache/.   ​ --compiler-filter=speed
10-30 23:11:20.965   787 32728 W NetworkScheduler: Error inserting service_kind=0 source=16 tag=Measurement.PackageMeasurementTaskService.UPLOAD_TASK_TAG target_package=com.google.android.gms requires_charging=0 source_version=203915000 required_network_type=0 flex_time=1302000 persistence_level=1 target_class=com.google.android.gms.measurement.PackageMeasurementTaskService runtime=1667167880953 retry_strategy={"maximum_backoff_seconds":{"3600":0},"initial_backoff_seconds":{"30":0},"retry_policy":{"0":0}} preferred_network_type=1 required_idleness_state=0 preferred_charging_state=1 period=2605000 last_runtime=0 task_type=0 job_id=-1 user_id=0, error message: UNIQUE constraint failed: pending_ops.tag, pending_ops.target_class, pending_ops.target_package, pending_ops.user_id (code 2067) [CONTEXT service_id=218 ]
10-30 23:11:21.313   787 32728 W NetworkScheduler: Error inserting service_kind=0 source=16 tag=Measurement.PackageMeasurementTaskService.UPLOAD_TASK_TAG target_package=com.google.android.gms requires_charging=0 source_version=203915000 required_network_type=0 flex_time=1302000 persistence_level=1 target_class=com.google.android.gms.measurement.PackageMeasurementTaskService runtime=1667167881144 retry_strategy={"maximum_backoff_seconds":{"3600":0},"initial_backoff_seconds":{"30":0},"retry_policy":{"0":0}} preferred_network_type=1 required_idleness_state=0 preferred_charging_state=1 period=2605000 last_runtime=0 task_type=0 job_id=-1 user_id=0, error message: UNIQUE constraint failed: pending_ops.tag, pending_ops.target_class, pending_ops.target_package, pending_ops.user_id (code 2067) [CONTEXT service_id=218 ]
10-30 23:11:21.314   965   965 I dex2oat : dex2oat took 353.442ms (threads: 2) arena alloc=432KB (442800B) java alloc=32KB (33064B) native alloc=354KB (362688B) free=1181KB (1210176B)
10-30 23:11:21.683   972   972 I dex2oat : /system/bin/dex2oat --dex-file=/data/user/0/com.opera.browser/code_cache/.      --oat-fd=147 --oat-location=/data/user/0/com.opera.browser/code_cache/.    --compiler-filter=speed
10-30 23:11:22.064   433   438 I art     : Do partial code cache collection, code=37KB, data=62KB
10-30 23:11:22.066   972   972 I dex2oat : dex2oat took 383.355ms (threads: 2) arena alloc=606KB (620864B) java alloc=101KB (104080B) native alloc=523KB (536408B) free=1524KB (1560744B)
10-30 23:11:22.103   433   438 I art     : After code cache collection, code=37KB, data=62KB
10-30 23:11:22.103   433   438 I art     : Increasing code cache capacity to 256KB
10-30 23:11:22.561   433   443 I art     : Background partial concurrent mark sweep GC freed 117253(4MB) AllocSpace objects, 9(1012KB) LOS objects, 39% free, 14MB/23MB, paused 1.767ms total 147.737ms
10-30 23:11:22.884   821   821 D MonkeyStub: translateCommand: tap 57 93
10-30 23:11:25.140   821   821 D MonkeyStub: translateCommand: tap 57 93
10-30 23:11:27.189   821   821 D MonkeyStub: translateCommand: tap 446 593
10-30 23:11:29.251   821   821 D MonkeyStub: translateCommand: tap 667 302
10-30 23:11:29.335   433   438 I art     : Do full code cache collection, code=86KB, data=125KB
10-30 23:11:29.337   433   438 I art     : Starting a blocking GC JitCodeCache
10-30 23:11:29.338   433   438 I art     : After code cache collection, code=68KB, data=72KB
10-30 23:11:32.514   821   821 D MonkeyStub: translateCommand: tap 1286 930
10-30 23:11:33.744   821   821 D MonkeyStub: translateCommand: tap 62 98
10-30 23:11:33.777   821   821 D MonkeyStub: translateCommand: tap 729 89
10-30 23:11:33.789   821   821 D MonkeyStub: Quit requested
10-30 23:11:33.818   600   614 I CwMcuSensor: CwMcuSensor::flush: fd = 241, sensors_id = 0, path = /sys/class/htc_sensorhub/sensor_hub/flush, err = 0
10-30 23:11:33.824   821   821 I art     : System.exit called, status: 16
10-30 23:11:33.824   821   821 I AndroidRuntime: VM exiting with result code 16.
10-30 23:11:33.868   600 25704 W WindowManager: Attempted to remove non-existing token: android.os.Binder@8153fd1
10-30 23:11:34.145   600 13631 E BatteryStatsService: power: Missing API
10-30 23:11:34.153   600 13631 E BatteryStatsService: no controller energy info supplied
10-30 23:11:34.154   796   796 E PhoneInterfaceManager: [PhoneIntfMgr] queryModemActivityInfo: Empty response
10-30 23:11:34.160   600 13631 E BatteryStatsService: modem info is invalid: ModemActivityInfo{ mTimestamp=0 mSleepTimeMs=0 mIdleTimeMs=0 mTxTimeMs[]=[0, 0, 0, 0, 0] mRxTimeMs=0 mEnergyUsed=0}
10-30 23:11:34.595  1020  1020 D AndroidRuntime: >>>>>> START com.android.internal.os.RuntimeInit uid 2000 <<<<<<
10-30 23:11:34.598  1020  1020 D AndroidRuntime: CheckJNI is OFF
10-30 23:11:34.664  1020  1020 D ICU     : No timezone override file found: /data/misc/zoneinfo/current/icu/icu_tzdata.dat
10-30 23:11:34.694  1020  1020 I Radio-JNI: register_android_hardware_Radio DONE
10-30 23:11:34.709  1020  1020 D AndroidRuntime: Calling main entry com.android.commands.am.Am
10-30 23:11:34.728   600 16391 I ActivityManager: START u0 {act=android.intent.action.VIEW dat=http://w3schools.com/... flg=0x10000000 cmp=com.opera.browser/com.opera.Opera} from uid 2000 on display 0
10-30 23:11:34.733  1020  1020 D AndroidRuntime: Shutting down VM
10-30 23:11:34.837   433   433 W art     : Before Android 4.1, method double java.util.concurrent.ThreadLocalRandom.internalNextDouble(double, double) would have incorrectly overridden the package-private method in java.util.Random
10-30 23:11:34.837   433   433 W art     : Before Android 4.1, method int java.util.concurrent.ThreadLocalRandom.internalNextInt(int, int) would have incorrectly overridden the package-private method in java.util.Random
10-30 23:11:34.837   433   433 W art     : Before Android 4.1, method long java.util.concurrent.ThreadLocalRandom.internalNextLong(long, long) would have incorrectly overridden the package-private method in java.util.Random
10-30 23:11:34.876   600   619 D BluetoothManagerService: Message: 20
10-30 23:11:34.876   600   619 D BluetoothManagerService: Added callback: android.bluetooth.IBluetoothManagerCallback$Stub$Proxy@181a585:true
10-30 23:11:34.889   600  6312 I ActivityManager: Start proc 1033:com.opera.browser:sandboxed_process0/u0a122 for service com.opera.browser/com.opera.android.browser.chromium.services.SandboxedProcessService0
10-30 23:11:34.940  1033  1033 I art     : Starting a blocking GC AddRemoveAppImageSpace
10-30 23:11:34.963  1033  1033 I LoadedApk: No resource references to update in package com.opera.browser.nord_vpn
10-30 23:11:35.013   433   971 W ResourceType: ResTable_typeSpec entry count inconsistent: given 67, previously 69
10-30 23:11:35.013   433   971 W ResourceType: ResTable_typeSpec entry count inconsistent: given 5346, previously 5347
10-30 23:11:35.153   787  1620 I FontLog : Received query name=Google Sans&weight=400&besteffort=false, URI content://com.google.android.gms.fonts [CONTEXT service_id=132 ]
10-30 23:11:35.153   787  1620 I FontLog : Query [name=Google Sans&weight=400&besteffort=false] resolved to {Google Sans, wdth 100.0, wght 400, ital 0.0, bestEffort false} [CONTEXT service_id=132 ]
10-30 23:11:35.155   787  1620 I FontLog : Font PFD returned from cache for {Google Sans, wdth 100.0, wght 400, ital 0.0, bestEffort false} [CONTEXT service_id=132 ]
10-30 23:11:35.156   787  1620 I FontLog : Fetch {Google Sans, wdth 100.0, wght 400, ital 0.0, bestEffort false} end status Status{statusCode=SUCCESS, resolution=null} [CONTEXT service_id=132 ]
10-30 23:11:35.162   787 28590 I FontLog : Pulling font file for id = 1336, cache size = 5 [CONTEXT service_id=132 ]
10-30 23:11:35.167   787   805 I FontLog : Received query name=Google Sans&weight=500&besteffort=false, URI content://com.google.android.gms.fonts [CONTEXT service_id=132 ]
10-30 23:11:35.168   787   805 I FontLog : Query [name=Google Sans&weight=500&besteffort=false] resolved to {Google Sans, wdth 100.0, wght 500, ital 0.0, bestEffort false} [CONTEXT service_id=132 ]
10-30 23:11:35.169   787   805 I FontLog : Font PFD returned from cache for {Google Sans, wdth 100.0, wght 500, ital 0.0, bestEffort false} [CONTEXT service_id=132 ]
10-30 23:11:35.169   787   805 I FontLog : Fetch {Google Sans, wdth 100.0, wght 500, ital 0.0, bestEffort false} end status Status{statusCode=SUCCESS, resolution=null} [CONTEXT service_id=132 ]
10-30 23:11:35.187   787 28591 I FontLog : Pulling font file for id = 1337, cache size = 5 [CONTEXT service_id=132 ]
10-30 23:11:35.201   787  1714 I FontLog : Received query name=Google Sans&weight=700&besteffort=false, URI content://com.google.android.gms.fonts [CONTEXT service_id=132 ]
10-30 23:11:35.201   787  1714 I FontLog : Query [name=Google Sans&weight=700&besteffort=false] resolved to {Google Sans, wdth 100.0, wght 700, ital 0.0, bestEffort false} [CONTEXT service_id=132 ]
10-30 23:11:35.203   787  1714 I FontLog : Fetch {Google Sans, wdth 100.0, wght 700, ital 0.0, bestEffort false} end status Status{statusCode=SUCCESS, resolution=null} [CONTEXT service_id=132 ]
10-30 23:11:35.209   787 28592 I FontLog : Pulling font file for id = 1338, cache size = 6 [CONTEXT service_id=132 ]
10-30 23:11:35.268   787  1716 I FontLog : Received query name=Noto Color Emoji Compat&weight=400&besteffort=false, URI content://com.google.android.gms.fonts [CONTEXT service_id=132 ]
10-30 23:11:35.268   787  1716 I FontLog : Query [name=Noto Color Emoji Compat&weight=400&besteffort=false] resolved to {Noto Color Emoji Compat, wdth 100.0, wght 400, ital 0.0, bestEffort false} [CONTEXT service_id=132 ]
10-30 23:11:35.269   787  1716 I FontLog : Fetch {Noto Color Emoji Compat, wdth 100.0, wght 400, ital 0.0, bestEffort false} end status Status{statusCode=SUCCESS, resolution=null} [CONTEXT service_id=132 ]
10-30 23:11:35.280   787  1620 I FontLog : Pulling font file for id = 1339, cache size = 6 [CONTEXT service_id=132 ]
10-30 23:11:35.349   433   438 I art     : Do partial code cache collection, code=90KB, data=116KB
10-30 23:11:35.349   433   438 I art     : After code cache collection, code=89KB, data=115KB
10-30 23:11:35.349   433   438 I art     : Increasing code cache capacity to 512KB
10-30 23:11:35.410   787 32475 W NetworkScheduler: Error inserting service_kind=0 source=16 tag=Measurement.PackageMeasurementTaskService.UPLOAD_TASK_TAG target_package=com.google.android.gms requires_charging=0 source_version=203915000 required_network_type=0 flex_time=1287000 persistence_level=1 target_class=com.google.android.gms.measurement.PackageMeasurementTaskService runtime=1667167895405 retry_strategy={"maximum_backoff_seconds":{"3600":0},"initial_backoff_seconds":{"30":0},"retry_policy":{"0":0}} preferred_network_type=1 required_idleness_state=0 preferred_charging_state=1 period=2576000 last_runtime=0 task_type=0 job_id=-1 user_id=0, error message: UNIQUE constraint failed: pending_ops.tag, pending_ops.target_class, pending_ops.target_package, pending_ops.user_id (code 2067) [CONTEXT service_id=218 ]
10-30 23:11:35.849   600  6312 D DnsEventListenerService: Logging 100 results for netId 100
10-30 23:11:37.049  7916  7916 E BgTasksJobSvc: Asked to start non-existing job android.app.job.JobParameters@313cb49
10-30 23:11:37.181  7916  7916 I MemoryTrimmer: Trimming objects from memory, since app is in the background.
10-30 23:11:47.831  1119  1119 D AndroidRuntime: >>>>>> START com.android.internal.os.RuntimeInit uid 2000 <<<<<<
10-30 23:11:47.834  1119  1119 D AndroidRuntime: CheckJNI is OFF
10-30 23:11:47.899  1119  1119 D ICU     : No timezone override file found: /data/misc/zoneinfo/current/icu/icu_tzdata.dat
10-30 23:11:47.929  1119  1119 I Radio-JNI: register_android_hardware_Radio DONE
10-30 23:11:47.944  1119  1119 D AndroidRuntime: Calling main entry com.android.commands.monkey.Monkey
10-30 23:11:48.011   600   613 W BroadcastQueue: Skipping deliver [background] BroadcastRecord{e5a95f4 u-1 android.net.conn.CONNECTIVITY_CHANGE} to ReceiverList{4fa611d 1119 (unknown name)/2000/u-1 remote:331b906}: process crashing
10-30 23:11:49.545  1119  1119 D MonkeyStub: translateCommand: wake
10-30 23:11:49.654  1119  1119 D MonkeyStub: translateCommand: tap 1156 1096
10-30 23:11:51.774  1119  1119 D MonkeyStub: translateCommand: tap 259 298
10-30 23:11:53.822  1119  1119 D MonkeyStub: translateCommand: tap 777 567
10-30 23:11:55.866  1119  1119 D MonkeyStub: translateCommand: tap 168 1070
10-30 23:11:58.238   600   647 I WifiHAL : Got channel list with 13 channels
10-30 23:11:58.239   600   647 I WifiHAL : Got channel list with 4 channels
10-30 23:11:58.241   600   647 I WifiHAL : Got channel list with 15 channels
10-30 23:12:04.056  1119  1119 D MonkeyStub: translateCommand: touch down 614 1561
10-30 23:12:04.069  1119  1119 D MonkeyStub: translateCommand: touch move 614 1561
10-30 23:12:04.181  1119  1119 D MonkeyStub: translateCommand: touch move 614 1436
10-30 23:12:04.292  1119  1119 D MonkeyStub: translateCommand: touch move 614 1311
10-30 23:12:04.404  1119  1119 D MonkeyStub: translateCommand: touch move 614 1186
10-30 23:12:04.513  1119  1119 D MonkeyStub: translateCommand: touch move 614 1061
10-30 23:12:04.623  1119  1119 D MonkeyStub: translateCommand: touch move 614 937
10-30 23:12:04.731  1119  1119 D MonkeyStub: translateCommand: touch move 614 812
10-30 23:12:04.839  1119  1119 D MonkeyStub: translateCommand: touch move 614 687
10-30 23:12:04.949  1119  1119 D MonkeyStub: translateCommand: touch move 614 562
10-30 23:12:05.068  1119  1119 D MonkeyStub: translateCommand: touch move 614 437
10-30 23:12:05.188  1119  1119 D MonkeyStub: translateCommand: touch move 614 312
10-30 23:12:05.191  1119  1119 D MonkeyStub: translateCommand: touch up 614 312
10-30 23:12:05.236  1119  1119 D MonkeyStub: translateCommand: touch down 614 1561
10-30 23:12:05.241  1119  1119 D MonkeyStub: translateCommand: touch move 614 1561
10-30 23:12:05.355  1119  1119 D MonkeyStub: translateCommand: touch move 614 1436
10-30 23:12:05.473  1119  1119 D MonkeyStub: translateCommand: touch move 614 1311
10-30 23:12:05.585  1119  1119 D MonkeyStub: translateCommand: touch move 614 1186
10-30 23:12:05.694  1119  1119 D MonkeyStub: translateCommand: touch move 614 1061
10-30 23:12:05.803  1119  1119 D MonkeyStub: translateCommand: touch move 614 937
10-30 23:12:05.914  1119  1119 D MonkeyStub: translateCommand: touch move 614 812
10-30 23:12:06.022  1119  1119 D MonkeyStub: translateCommand: touch move 614 687
10-30 23:12:06.135  1119  1119 D MonkeyStub: translateCommand: touch move 614 562
10-30 23:12:06.247  1119  1119 D MonkeyStub: translateCommand: touch move 614 437
10-30 23:12:06.358  1119  1119 D MonkeyStub: translateCommand: touch move 614 312
10-30 23:12:06.362  1119  1119 D MonkeyStub: translateCommand: touch up 614 312
10-30 23:12:10.814  1119  1119 D MonkeyStub: translateCommand: touch down 614 1561
10-30 23:12:10.831  1119  1119 D MonkeyStub: translateCommand: touch move 614 1561
10-30 23:12:10.937  1119  1119 D MonkeyStub: translateCommand: touch move 614 1436
10-30 23:12:11.046  1119  1119 D MonkeyStub: translateCommand: touch move 614 1311
10-30 23:12:11.157  1119  1119 D MonkeyStub: translateCommand: touch move 614 1186
10-30 23:12:11.288  1119  1119 D MonkeyStub: translateCommand: touch move 614 1061
10-30 23:12:11.397  1119  1119 D MonkeyStub: translateCommand: touch move 614 937
10-30 23:12:11.519  1119  1119 D MonkeyStub: translateCommand: touch move 614 812
10-30 23:12:11.624  1119  1119 D MonkeyStub: translateCommand: touch move 614 687
10-30 23:12:11.737  1119  1119 D MonkeyStub: translateCommand: touch move 614 562
10-30 23:12:11.845  1119  1119 D MonkeyStub: translateCommand: touch move 614 437
10-30 23:12:11.955  1119  1119 D MonkeyStub: translateCommand: touch move 614 312
10-30 23:12:11.958  1119  1119 D MonkeyStub: translateCommand: touch up 614 312
10-30 23:12:14.092  1119  1119 D MonkeyStub: translateCommand: tap 278 93
10-30 23:12:16.654   198   198 E SELinux : avc:  denied  { find } for service=netd pid=1180 uid=2000 scontext=u:r:shell:s0 tcontext=u:object_r:netd_service:s0 tclass=service_manager permissive=0
10-30 23:12:16.660   198   198 E SELinux : avc:  denied  { find } for service=android.service.gatekeeper.IGateKeeperService pid=1180 uid=2000 scontext=u:r:shell:s0 tcontext=u:object_r:gatekeeper_service:s0 tclass=service_manager permissive=0
10-30 23:12:22.139  1119  1119 D MonkeyStub: translateCommand: touch down 614 1561
10-30 23:12:22.164  1119  1119 D MonkeyStub: translateCommand: touch move 614 1561
10-30 23:12:22.274  1119  1119 D MonkeyStub: translateCommand: touch move 614 1436
10-30 23:12:22.388  1119  1119 D MonkeyStub: translateCommand: touch move 614 1311
10-30 23:12:22.493  1119  1119 D MonkeyStub: translateCommand: touch move 614 1186
10-30 23:12:22.604  1119  1119 D MonkeyStub: translateCommand: touch move 614 1061
10-30 23:12:22.716  1119  1119 D MonkeyStub: translateCommand: touch move 614 937
10-30 23:12:22.827  1119  1119 D MonkeyStub: translateCommand: touch move 614 812
10-30 23:12:22.936  1119  1119 D MonkeyStub: translateCommand: touch move 614 687
10-30 23:12:23.054  1119  1119 D MonkeyStub: translateCommand: touch move 614 562
10-30 23:12:23.159  1119  1119 D MonkeyStub: translateCommand: touch move 614 437
10-30 23:12:23.269  1119  1119 D MonkeyStub: translateCommand: touch move 614 312
10-30 23:12:23.275  1119  1119 D MonkeyStub: translateCommand: touch up 614 312
10-30 23:12:23.311  1119  1119 D MonkeyStub: translateCommand: touch down 614 1561
10-30 23:12:23.321  1119  1119 D MonkeyStub: translateCommand: touch move 614 1561
10-30 23:12:23.430  1119  1119 D MonkeyStub: translateCommand: touch move 614 1436
10-30 23:12:23.540  1119  1119 D MonkeyStub: translateCommand: touch move 614 1311
10-30 23:12:23.647  1119  1119 D MonkeyStub: translateCommand: touch move 614 1186
10-30 23:12:23.762  1119  1119 D MonkeyStub: translateCommand: touch move 614 1061
10-30 23:12:23.872  1119  1119 D MonkeyStub: translateCommand: touch move 614 937
10-30 23:12:23.981  1119  1119 D MonkeyStub: translateCommand: touch move 614 812
10-30 23:12:24.089  1119  1119 D MonkeyStub: translateCommand: touch move 614 687
10-30 23:12:24.198  1119  1119 D MonkeyStub: translateCommand: touch move 614 562
10-30 23:12:24.317  1119  1119 D MonkeyStub: translateCommand: touch move 614 437
10-30 23:12:24.424  1119  1119 D MonkeyStub: translateCommand: touch move 614 312
10-30 23:12:24.436  1119  1119 D MonkeyStub: translateCommand: touch up 614 312
10-30 23:12:28.631  1119  1119 D MonkeyStub: translateCommand: touch down 614 1561
10-30 23:12:28.639  1119  1119 D MonkeyStub: translateCommand: touch move 614 1561
10-30 23:12:28.748  1119  1119 D MonkeyStub: translateCommand: touch move 614 1436
10-30 23:12:28.859  1119  1119 D MonkeyStub: translateCommand: touch move 614 1311
10-30 23:12:28.971  1119  1119 D MonkeyStub: translateCommand: touch move 614 1186
10-30 23:12:29.079  1119  1119 D MonkeyStub: translateCommand: touch move 614 1061
10-30 23:12:29.189  1119  1119 D MonkeyStub: translateCommand: touch move 614 937
10-30 23:12:29.301  1119  1119 D MonkeyStub: translateCommand: touch move 614 812
10-30 23:12:29.409  1119  1119 D MonkeyStub: translateCommand: touch move 614 687
10-30 23:12:29.520  1119  1119 D MonkeyStub: translateCommand: touch move 614 562
10-30 23:12:29.644  1119  1119 D MonkeyStub: translateCommand: touch move 614 437
10-30 23:12:29.772  1119  1119 D MonkeyStub: translateCommand: touch move 614 312
10-30 23:12:29.778  1119  1119 D MonkeyStub: translateCommand: touch up 614 312
10-30 23:12:33.956  1119  1119 D MonkeyStub: translateCommand: touch down 614 1561
10-30 23:12:33.965  1119  1119 D MonkeyStub: translateCommand: touch move 614 1561
10-30 23:12:34.078  1119  1119 D MonkeyStub: translateCommand: touch move 614 1436
10-30 23:12:34.184  1119  1119 D MonkeyStub: translateCommand: touch move 614 1311
10-30 23:12:34.297  1119  1119 D MonkeyStub: translateCommand: touch move 614 1186
10-30 23:12:34.409  1119  1119 D MonkeyStub: translateCommand: touch move 614 1061
10-30 23:12:34.515  1119  1119 D MonkeyStub: translateCommand: touch move 614 937
10-30 23:12:34.624  1119  1119 D MonkeyStub: translateCommand: touch move 614 812
10-30 23:12:34.730  1119  1119 D MonkeyStub: translateCommand: touch move 614 687
10-30 23:12:34.841  1119  1119 D MonkeyStub: translateCommand: touch move 614 562
10-30 23:12:34.954  1119  1119 D MonkeyStub: translateCommand: touch move 614 437
10-30 23:12:35.070  1119  1119 D MonkeyStub: translateCommand: touch move 614 312
10-30 23:12:35.078  1119  1119 D MonkeyStub: translateCommand: touch up 614 312
10-30 23:12:35.098  1119  1119 D MonkeyStub: Quit requested
10-30 23:12:35.124   600   614 I CwMcuSensor: CwMcuSensor::flush: fd = 241, sensors_id = 0, path = /sys/class/htc_sensorhub/sensor_hub/flush, err = 0
10-30 23:12:35.131  1119  1119 I art     : System.exit called, status: 101
10-30 23:12:35.132  1119  1119 I AndroidRuntime: VM exiting with result code 101.
10-30 23:12:35.152   600  1079 W WindowManager: Attempted to remove non-existing token: android.os.Binder@1a05f92
10-30 23:12:51.206  1202  1202 D AndroidRuntime: >>>>>> START com.android.internal.os.RuntimeInit uid 2000 <<<<<<
10-30 23:12:51.212  1202  1202 D AndroidRuntime: CheckJNI is OFF
10-30 23:12:51.298  1202  1202 D ICU     : No timezone override file found: /data/misc/zoneinfo/current/icu/icu_tzdata.dat
10-30 23:12:51.337  1202  1202 I Radio-JNI: register_android_hardware_Radio DONE
10-30 23:12:51.353  1202  1202 D AndroidRuntime: Calling main entry com.android.commands.am.Am
10-30 23:12:51.372   600 13558 I ActivityManager: Force stopping com.opera.browser appid=10122 user=0: from pid 1202
10-30 23:12:51.372   600 13558 I ActivityManager: Killing 574:com.opera.browser:privileged_process0/u0a122 (adj 0): stop com.opera.browser
10-30 23:12:51.372   600 13558 D ActivityManager: cleanUpApplicationRecord -- 574
10-30 23:12:51.372   600 13558 W ActivityManager: Scheduling restart of crashed service com.opera.browser/com.opera.android.browser.chromium.services.PrivilegedProcessService0 in 1000ms
10-30 23:12:51.373   600 13558 I ActivityManager: Killing 433:com.opera.browser/u0a122 (adj 0): stop com.opera.browser
10-30 23:12:51.373   600 13558 D ActivityManager: cleanUpApplicationRecord -- 433
10-30 23:12:51.375   600 13558 W ActivityManager: Force removing ActivityRecord{21e93c2 u0 com.opera.browser/com.opera.android.BrowserActivity t1994}: app died, no saved state
10-30 23:12:51.396  1033  1033 I art     : System.exit called, status: 0
10-30 23:12:51.396  1033  1033 I AndroidRuntime: VM exiting with result code 0, cleanup skipped.
10-30 23:12:51.400   600 13558 I ActivityManager: Killing 1033:com.opera.browser:sandboxed_process0/u0a122 (adj 0): stop com.opera.browser
10-30 23:12:51.400   600 13558 D ActivityManager: cleanUpApplicationRecord -- 1033
10-30 23:12:51.410  1202  1202 D AndroidRuntime: Shutting down VM
10-30 23:12:51.424  1084  1171 I OpenGLRenderer: Initialized EGL, version 1.4
10-30 23:12:51.424  1084  1171 D OpenGLRenderer: Swap behavior 2
10-30 23:12:51.474  1061  1061 D RegisteredNfcFServicesCache: Service unchanged, not updating
10-30 23:12:51.506  7916 12076 I AttachedClient: Adding client event 2 to pending list.
10-30 23:12:51.554  7916  7916 I OptInState: There is a new client and it does not support opt-in. Dropping request.
10-30 23:12:51.557  7916  7916 I MicroDetectionWorker: Micro detection mode: [mDetectionMode: [1]].
10-30 23:12:51.580   600 16391 D GraphicsStats: Buffer count: 2
10-30 23:12:51.580   600 29683 D ConnectivityService: ConnectivityService NetworkRequestInfo binderDied(NetworkRequest [ LISTEN id=1395, [ Capabilities: INTERNET&NOT_RESTRICTED&TRUSTED&FOREGROUND] ], android.os.BinderProxy@d0b23b5)
10-30 23:12:51.580   600 16391 D ConnectivityService: ConnectivityService NetworkRequestInfo binderDied(NetworkRequest [ LISTEN id=1394, [ Capabilities: INTERNET&NOT_RESTRICTED&TRUSTED&FOREGROUND] ], android.os.BinderProxy@59d8a4a)
10-30 23:12:51.582   600   649 E ConnectivityService: RemoteException caught trying to send a callback msg for NetworkRequest [ LISTEN id=1395, [ Capabilities: INTERNET&NOT_RESTRICTED&TRUSTED&FOREGROUND] ]
10-30 23:12:51.582   600   649 E ConnectivityService: RemoteException caught trying to send a callback msg for NetworkRequest [ LISTEN id=1394, [ Capabilities: INTERNET&NOT_RESTRICTED&TRUSTED&FOREGROUND] ]
10-30 23:12:51.597  7916  1221 I MicroRecognitionRunner: Starting detection.
10-30 23:12:51.599  7916  7948 I MicrophoneInputStream: mic_starting com.google.android.apps.gsa.speech.audio.ae@98042b3
10-30 23:12:51.610   238   285 I SoundTriggerHwService::Module: void android::SoundTriggerHwService::Module::onCallbackEvent(const sp<android::SoundTriggerHwService::CallbackEvent> &) mClient == 0
10-30 23:12:51.618   238  1223 I AudioFlinger: AudioFlinger's thread 0xef692ac0 ready to run
10-30 23:12:51.623  7916  7948 I MicrophoneInputStream: mic_started com.google.android.apps.gsa.speech.audio.ae@98042b3
10-30 23:12:51.684   600   609 I art     : Background partial concurrent mark sweep GC freed 84520(4MB) AllocSpace objects, 25(604KB) LOS objects, 33% free, 16MB/24MB, paused 842us total 169.733ms
10-30 23:12:51.802  7916  7916 I MicroDetectionWorker: onReady
10-30 23:12:51.954  1084  1171 W OpenGLRenderer: Incorrectly called buildLayer on View: ShortcutAndWidgetContainer, destroying layer...
10-30 23:12:52.015  1219  1219 D AndroidRuntime: >>>>>> START com.android.internal.os.RuntimeInit uid 2000 <<<<<<
10-30 23:12:52.019  1219  1219 D AndroidRuntime: CheckJNI is OFF
10-30 23:12:52.086  1219  1219 D ICU     : No timezone override file found: /data/misc/zoneinfo/current/icu/icu_tzdata.dat
10-30 23:12:52.113  1219  1219 I Radio-JNI: register_android_hardware_Radio DONE
10-30 23:12:52.128  1219  1219 D AndroidRuntime: Calling main entry com.android.commands.pm.Pm
10-30 23:12:52.143   600 13558 I ActivityManager: Force stopping com.opera.browser appid=10122 user=0: clear data
10-30 23:12:52.143   600   613 I ActivityManager: Force stopping com.opera.browser appid=10122 user=-1: clearApplicationUserData
10-30 23:12:52.181   787   787 I GeofencerStateMachine: removeGeofences: removeRequest=RemoveGeofencingRequest[REMOVE_ALL packageName=com.opera.browser]
10-30 23:12:52.183  1219  1219 I art     : System.exit called, status: 0
10-30 23:12:52.183  1219  1219 I AndroidRuntime: VM exiting with result code 0.
10-30 23:12:52.195  1061  1061 D RegisteredNfcFServicesCache: Service unchanged, not updating
10-30 23:12:52.218   787  1238 I Fitness : FitCleanupIntentOperation received Intent android.intent.action.PACKAGE_DATA_CLEARED [CONTEXT service_id=17 ]
10-30 23:12:52.220   600   612 W ResourceType: No known package when getting value for resource number 0x7f100007
10-30 23:12:52.220   600   612 W ResourceType: No known package when getting value for resource number 0x7f13090c
10-30 23:12:52.220   600   612 W ResourceType: No known package when getting value for resource number 0x7f100005
10-30 23:12:52.220   600   612 W ResourceType: No known package when getting value for resource number 0x7f13090a
10-30 23:12:52.220   600   612 W ResourceType: No known package when getting value for resource number 0x7f100004
10-30 23:12:52.220   600   612 W ResourceType: No known package when getting value for resource number 0x7f130909
10-30 23:12:52.220   600   612 W ResourceType: No known package when getting value for resource number 0x7f100006
10-30 23:12:52.220   600   612 W ResourceType: No known package when getting value for resource number 0x7f13090b
10-30 23:12:52.241 12169 29242 I Icing   : doRemovePackageData com.opera.browser
