--------- beginning of main
10-31 07:20:47.349 28673 28673 D AndroidRuntime: >>>>>> START com.android.internal.os.RuntimeInit uid 2000 <<<<<<
10-31 07:20:47.354 28673 28673 D AndroidRuntime: CheckJNI is OFF
10-31 07:20:47.417 28673 28673 D ICU     : No timezone override file found: /data/misc/zoneinfo/current/icu/icu_tzdata.dat
10-31 07:20:47.444 28673 28673 I Radio-JNI: register_android_hardware_Radio DONE
10-31 07:20:47.460 28673 28673 D AndroidRuntime: Calling main entry com.android.commands.am.Am
--------- beginning of system
10-31 07:20:47.478   600 13558 I ActivityManager: Force stopping com.android.chrome appid=10035 user=0: from pid 28673
10-31 07:20:47.478   600 13558 I ActivityManager: Killing 26631:com.android.chrome/u0a35 (adj 906): stop com.android.chrome
10-31 07:20:47.478   600 13558 D ActivityManager: cleanUpApplicationRecord -- 26631
10-31 07:20:47.490  1061  1061 D RegisteredNfcFServicesCache: Service unchanged, not updating
10-31 07:20:47.736   600  3507 I ActivityManager: START u0 {act=android.intent.action.VIEW flg=0x10008000 cmp=com.android.chrome/com.google.android.apps.chrome.Main} from uid 2000 on display 0
10-31 07:20:47.774 28673 28673 D AndroidRuntime: Shutting down VM
10-31 07:20:47.788   600  1076 I ActivityManager: Start proc 28683:com.android.chrome/u0a35 for activity com.android.chrome/com.google.android.apps.chrome.Main
10-31 07:20:48.037   600 13631 I ActivityManager: START u0 {cmp=com.android.chrome/org.chromium.chrome.browser.firstrun.TabbedModeFirstRunActivity (has extras)} from uid 10035 on display 0
10-31 07:20:48.087 28683 28700 W DynamiteModule: Local module descriptor class for com.google.android.gms.googlecertificates not found.
10-31 07:20:48.223 28683 28700 I DynamiteModule: Considering local module com.google.android.gms.googlecertificates:0 and remote module com.google.android.gms.googlecertificates:6
10-31 07:20:48.223 28683 28700 I DynamiteModule: Selected remote version of com.google.android.gms.googlecertificates, version >= 6
10-31 07:20:48.261 28683 28701 I cr_LibraryLoader: Loaded native library version number "85.0.4183.127"
10-31 07:20:48.262 28683 28701 I cr_CachingUmaRecorder: Flushed 10 samples from 10 histograms.
10-31 07:20:48.283 28683 28702 I OpenGLRenderer: Initialized EGL, version 1.4
10-31 07:20:48.283 28683 28702 D OpenGLRenderer: Swap behavior 2
10-31 07:20:48.292 28683 28700 W System  : ClassLoader referenced unknown path: 
10-31 07:20:48.296 28683 28700 D ApplicationLoaders: ignored Vulkan layer search path /data/app/com.google.android.gms-1/lib/arm:/data/app/com.google.android.gms-1/base.apk!/lib/armeabi-v7a:/data/app/com.google.android.gms-1/split_config.en.apk!/lib/armeabi-v7a for namespace 0xf4a47090
10-31 07:20:48.298 28683 28700 W ResourceType: ResTable_typeSpec entry count inconsistent: given 67, previously 69
10-31 07:20:48.298 28683 28700 W ResourceType: ResTable_typeSpec entry count inconsistent: given 5346, previously 5347
10-31 07:20:48.330 28683 28700 I DynamiteLoaderV2Impl: [70] Googlecertificates
10-31 07:20:48.353 28683 28700 W System  : ClassLoader referenced unknown path: /data/user_de/0/com.google.android.gms/app_chimera/m/00000061/n/armeabi-v7a
10-31 07:20:48.353 28683 28700 W System  : ClassLoader referenced unknown path: /data/user_de/0/com.google.android.gms/app_chimera/m/00000061/n/armeabi
10-31 07:20:48.419   600   620 W WindowManager: Failed looking up window
10-31 07:20:48.419   600   620 W WindowManager: java.lang.IllegalArgumentException: Requested window android.view.ViewRootImpl$W@86c117 does not exist
10-31 07:20:48.419   600   620 W WindowManager: 	at com.android.server.wm.WindowManagerService.windowForClientLocked(WindowManagerService.java:9422)
10-31 07:20:48.419   600   620 W WindowManager: 	at com.android.server.wm.WindowManagerService.windowForClientLocked(WindowManagerService.java:9413)
10-31 07:20:48.419   600   620 W WindowManager: 	at com.android.server.wm.WindowManagerService.removeWindow(WindowManagerService.java:2393)
10-31 07:20:48.419   600   620 W WindowManager: 	at com.android.server.wm.Session.remove(Session.java:202)
10-31 07:20:48.419   600   620 W WindowManager: 	at android.view.ViewRootImpl.dispatchDetachedFromWindow(ViewRootImpl.java:3290)
10-31 07:20:48.419   600   620 W WindowManager: 	at android.view.ViewRootImpl.doDie(ViewRootImpl.java:5917)
10-31 07:20:48.419   600   620 W WindowManager: 	at android.view.ViewRootImpl$ViewRootHandler.handleMessage(ViewRootImpl.java:3626)
10-31 07:20:48.419   600   620 W WindowManager: 	at android.os.Handler.dispatchMessage(Handler.java:102)
10-31 07:20:48.419   600   620 W WindowManager: 	at android.os.Looper.loop(Looper.java:154)
10-31 07:20:48.419   600   620 W WindowManager: 	at android.os.HandlerThread.run(HandlerThread.java:61)
10-31 07:20:48.419   600   620 W WindowManager: 	at com.android.server.ServiceThread.run(ServiceThread.java:46)
10-31 07:20:48.441   600   620 I ActivityManager: Displayed com.android.chrome/org.chromium.chrome.browser.firstrun.TabbedModeFirstRunActivity: +341ms (total +674ms)
10-31 07:20:48.488   787  1714 I FontLog : Received query Google Sans, URI content://com.google.android.gms.fonts [CONTEXT service_id=132 ]
10-31 07:20:48.491   787  1714 I FontLog : Query [Google Sans] resolved to {Google Sans, wdth 100.0, wght 400, ital 0.0, bestEffort false} [CONTEXT service_id=132 ]
10-31 07:20:48.497   787  1714 I FontLog : Font PFD returned from cache for {Google Sans, wdth 100.0, wght 400, ital 0.0, bestEffort false} [CONTEXT service_id=132 ]
10-31 07:20:48.497   787  1714 I FontLog : Fetch {Google Sans, wdth 100.0, wght 400, ital 0.0, bestEffort false} end status Status{statusCode=SUCCESS, resolution=null} [CONTEXT service_id=132 ]
10-31 07:20:48.504   787  1174 I FontLog : Pulling font file for id = 1564, cache size = 5 [CONTEXT service_id=132 ]
10-31 07:20:48.527   787 28589 I FontLog : Received query Google Sans:500, URI content://com.google.android.gms.fonts [CONTEXT service_id=132 ]
10-31 07:20:48.532   787 28589 I FontLog : Query [Google Sans:500] resolved to {Google Sans, wdth 100.0, wght 500, ital 0.0, bestEffort false} [CONTEXT service_id=132 ]
10-31 07:20:48.541   787 28589 I FontLog : Font PFD returned from cache for {Google Sans, wdth 100.0, wght 500, ital 0.0, bestEffort false} [CONTEXT service_id=132 ]
10-31 07:20:48.541   787 28589 I FontLog : Fetch {Google Sans, wdth 100.0, wght 500, ital 0.0, bestEffort false} end status Status{statusCode=SUCCESS, resolution=null} [CONTEXT service_id=132 ]
10-31 07:20:48.565   787 28590 I FontLog : Pulling font file for id = 1565, cache size = 6 [CONTEXT service_id=132 ]
10-31 07:20:48.586   787  1259 E apju    : Phenotype API error. Event # cdub@84f66e36, EventCode: 7 [CONTEXT service_id=51 ]
10-31 07:20:48.586   787  1259 E apju    : apiz: 29505: No config packages for log source, or config package not registered
10-31 07:20:48.586   787  1259 E apju    : 	at apkj.b(:com.google.android.gms@203915020@20.39.15 (040406-335085812):7)
10-31 07:20:48.586   787  1259 E apju    : 	at apkg.b(:com.google.android.gms@203915020@20.39.15 (040406-335085812):2)
10-31 07:20:48.586   787  1259 E apju    : 	at apju.a(:com.google.android.gms@203915020@20.39.15 (040406-335085812):85)
10-31 07:20:48.586   787  1259 E apju    : 	at apju.a(:com.google.android.gms@203915020@20.39.15 (040406-335085812):80)
10-31 07:20:48.586   787  1259 E apju    : 	at aain.run(:com.google.android.gms@203915020@20.39.15 (040406-335085812):7)
10-31 07:20:48.586   787  1259 E apju    : 	at boex.run(:com.google.android.gms@203915020@20.39.15 (040406-335085812):2)
10-31 07:20:48.586   787  1259 E apju    : 	at sup.b(:com.google.android.gms@203915020@20.39.15 (040406-335085812):12)
10-31 07:20:48.586   787  1259 E apju    : 	at sup.run(:com.google.android.gms@203915020@20.39.15 (040406-335085812):7)
10-31 07:20:48.586   787  1259 E apju    : 	at java.util.concurrent.ThreadPoolExecutor.runWorker(ThreadPoolExecutor.java:1133)
10-31 07:20:48.586   787  1259 E apju    : 	at java.util.concurrent.ThreadPoolExecutor$Worker.run(ThreadPoolExecutor.java:607)
10-31 07:20:48.586   787  1259 E apju    : 	at tam.run(:com.google.android.gms@203915020@20.39.15 (040406-335085812):0)
10-31 07:20:48.586   787  1259 E apju    : 	at java.lang.Thread.run(Thread.java:761)
10-31 07:20:48.588   787  1259 E AsyncOperation: serviceID=51, operation=GetExperimentTokensOperationCall [CONTEXT service_id=259 ]
10-31 07:20:48.588   787  1259 E AsyncOperation: OperationException[Status{statusCode=No config packages for log source, or config package not registered, resolution=null}]
10-31 07:20:48.588   787  1259 E AsyncOperation: 	at apju.a(:com.google.android.gms@203915020@20.39.15 (040406-335085812):87)
10-31 07:20:48.588   787  1259 E AsyncOperation: 	at apju.a(:com.google.android.gms@203915020@20.39.15 (040406-335085812):80)
10-31 07:20:48.588   787  1259 E AsyncOperation: 	at aain.run(:com.google.android.gms@203915020@20.39.15 (040406-335085812):7)
10-31 07:20:48.588   787  1259 E AsyncOperation: 	at boex.run(:com.google.android.gms@203915020@20.39.15 (040406-335085812):2)
10-31 07:20:48.588   787  1259 E AsyncOperation: 	at sup.b(:com.google.android.gms@203915020@20.39.15 (040406-335085812):12)
10-31 07:20:48.588   787  1259 E AsyncOperation: 	at sup.run(:com.google.android.gms@203915020@20.39.15 (040406-335085812):7)
10-31 07:20:48.588   787  1259 E AsyncOperation: 	at java.util.concurrent.ThreadPoolExecutor.runWorker(ThreadPoolExecutor.java:1133)
10-31 07:20:48.588   787  1259 E AsyncOperation: 	at java.util.concurrent.ThreadPoolExecutor$Worker.run(ThreadPoolExecutor.java:607)
10-31 07:20:48.588   787  1259 E AsyncOperation: 	at tam.run(:com.google.android.gms@203915020@20.39.15 (040406-335085812):0)
10-31 07:20:48.588   787  1259 E AsyncOperation: 	at java.lang.Thread.run(Thread.java:761)
10-31 07:20:48.600 28683 28700 D NetworkSecurityConfig: Using Network Security Config from resource 0_resource_name_obfuscated debugBuild: false
10-31 07:20:48.672 23104 23104 I MemoryTrimmer: Trimming objects from memory, since app is in the background.
10-31 07:20:48.675 23104 23115 W SearchService: Abort, client detached.
10-31 07:20:48.692 23104 28582 I DeviceStateChecker: DeviceStateChecker cancelled
10-31 07:20:48.692 23104 23104 I MicroDetector: Keeping mic open: false
10-31 07:20:48.692 23104 22563 I AudioController: internalShutdown
10-31 07:20:48.692 23104 23198 I MicroRecognitionRunner: Stopping hotword detection.
10-31 07:20:48.692 23104 22563 I MicrophoneInputStream: mic_close com.google.android.apps.gsa.speech.audio.ae@547db42
10-31 07:20:48.710   238   285 I SoundTriggerHwService::Module: void android::SoundTriggerHwService::Module::onCallbackEvent(const sp<android::SoundTriggerHwService::CallbackEvent> &) mClient == 0
10-31 07:20:48.729 23104 28581 I MicroRecognitionRunner: Detection finished
10-31 07:20:48.737  1084  1084 I MemoryTrimmer: Trimming objects from memory, since app is in the background.
10-31 07:20:48.745 23104 23104 I MemoryTrimmer: Trimming objects from memory, since app is in the background.
10-31 07:20:48.843 28683 28700 I cr_VariationsSeedFetch: Fetched first run seed in 249 ms
10-31 07:20:48.877   600 13631 I ActivityManager: Start proc 28718:com.android.chrome:sandboxed_process0/u0i967 for service com.android.chrome/org.chromium.content.app.SandboxedProcessService0
10-31 07:20:48.943 28718 28718 W dboxed_process0: type=1400 audit(0.0:11840): avc: denied { getattr } for path="/data/data/com.android.chrome" dev="dm-2" ino=12190 scontext=u:r:isolated_app:s0:c512,c768 tcontext=u:object_r:app_data_file:s0:c512,c768 tclass=dir permissive=0
10-31 07:20:48.973 28718 28718 I cr_ChildProcessService: Creating new ChildProcessService pid=28718
10-31 07:20:49.120   600  1080 I ActivityManager: Start proc 28746:com.android.chrome:privileged_process0/u0a35 for service com.android.chrome/org.chromium.content.app.PrivilegedProcessService0
10-31 07:20:49.201 28683 28704 W ConnectionStatusConfig: Dynamic lookup for intent failed for action: com.google.android.gms.auth.key.retrieval.service.START
10-31 07:20:49.242 28746 28746 I cr_ChildProcessService: Creating new ChildProcessService pid=28746
10-31 07:20:49.284 28683 28704 W ConnectionStatusConfig: Dynamic lookup for intent failed for action: com.google.android.gms.auth.key.retrieval.service.START
10-31 07:20:49.290 28683 28683 W cr_KnoxSettingsProvider: Permission to read device policy denied.
10-31 07:20:49.303   600  3994 W ActivityManager: Unable to start service Intent { act=com.google.android.gms.auth.key.retrieval.service.START pkg=com.google.android.gms } U=0: not found
10-31 07:20:49.308   600 13631 W ActivityManager: Unbind failed: could not find connection for android.os.BinderProxy@bcade78
10-31 07:20:49.312 28746 28763 I cr_LibraryLoader: Loaded native library version number "85.0.4183.127"
10-31 07:20:49.313 28746 28763 I cr_CachingUmaRecorder: Flushed 1 samples from 1 histograms.
10-31 07:20:49.318 28683 28704 E GmsClient: unable to connect to service: com.google.android.gms.auth.key.retrieval.service.START on com.google.android.gms
10-31 07:20:49.334 28746 28763 E libEGL  : validate_display:99 error 3008 (EGL_BAD_DISPLAY)
10-31 07:20:58.735 23104 23104 I MemoryTrimmer: Trimming objects from memory, since app is in the background.
10-31 07:21:00.385 28791 28791 D AndroidRuntime: >>>>>> START com.android.internal.os.RuntimeInit uid 2000 <<<<<<
10-31 07:21:00.389 28791 28791 D AndroidRuntime: CheckJNI is OFF
10-31 07:21:00.454 28791 28791 D ICU     : No timezone override file found: /data/misc/zoneinfo/current/icu/icu_tzdata.dat
10-31 07:21:00.486 28791 28791 I Radio-JNI: register_android_hardware_Radio DONE
10-31 07:21:00.501 28791 28791 D AndroidRuntime: Calling main entry com.android.commands.monkey.Monkey
10-31 07:21:00.569   600   613 W BroadcastQueue: Skipping deliver [background] BroadcastRecord{9df7c9a u-1 android.net.conn.CONNECTIVITY_CHANGE} to ReceiverList{53b29cb 28791 (unknown name)/2000/u-1 remote:71fd9bc}: process crashing
10-31 07:21:02.180 28791 28791 D MonkeyStub: translateCommand: wake
10-31 07:21:02.284 28791 28791 D MonkeyStub: translateCommand: tap 398 1198
10-31 07:21:04.380 28791 28791 D MonkeyStub: translateCommand: tap 720 1506
10-31 07:21:04.582 17545 17664 I PeopleChimeraService: onService. callbacks = aaik@4c97bab, request = com.google.android.gms.common.internal.GetServiceRequest@eb9f208
10-31 07:21:04.593 17545 17557 I PeopleChimeraService: onService. callbacks = aaik@2c92bc6, request = com.google.android.gms.common.internal.GetServiceRequest@c222787
10-31 07:21:06.634 28791 28791 D MonkeyStub: translateCommand: tap 355 1480
10-31 07:21:06.655 28791 28791 D MonkeyStub: Quit requested
10-31 07:21:06.689   600  1076 I ActivityManager: START u0 {act=android.intent.action.VIEW flg=0x10008000 cmp=com.android.chrome/com.google.android.apps.chrome.Main (has extras)} from uid 10035 on display 0
10-31 07:21:06.725   600   614 I CwMcuSensor: CwMcuSensor::flush: fd = 245, sensors_id = 0, path = /sys/class/htc_sensorhub/sensor_hub/flush, err = 0
10-31 07:21:06.735 28791 28791 I art     : System.exit called, status: 6
10-31 07:21:06.735 28791 28791 I AndroidRuntime: VM exiting with result code 6.
10-31 07:21:06.811   600 24611 W WindowManager: Attempted to remove non-existing token: android.os.Binder@eeed5a8
10-31 07:21:06.870 28683 28683 E cr_CompositorSurfaceMgr: Transitioning to surface with format : -1
10-31 07:21:06.917   600   609 I art     : Background partial concurrent mark sweep GC freed 15258(754KB) AllocSpace objects, 3(60KB) LOS objects, 33% free, 17MB/25MB, paused 857us total 159.401ms
10-31 07:21:06.976 28683 28742 W cr_tabmodel: Starting to perform legacy migration.
10-31 07:21:06.978 28683 28742 W cr_tabmodel: Finished performing legacy migration.
10-31 07:21:06.978 28683 28742 W cr_tabmodel: Starting to perform multi-instance migration.
10-31 07:21:06.978 28683 28742 W cr_tabmodel: Finished performing multi-instance migration.
10-31 07:21:06.978 28683 28742 I cr_tabmodel: Starting to fetch tab list for tab_state0
10-31 07:21:06.978 28683 28742 I cr_tabmodel: State file does not exist.
10-31 07:21:06.978 28683 28742 I cr_tabmodel: Starting to fetch tab list for tab_state1
10-31 07:21:06.978 28683 28742 I cr_tabmodel: State file does not exist.
10-31 07:21:07.025 28683 28742 I cr_ADCP : No customization source found
10-31 07:21:07.075   600  2707 E BatteryStatsService: power: Missing API
10-31 07:21:07.096   796   796 E PhoneInterfaceManager: [PhoneIntfMgr] queryModemActivityInfo: Empty response
10-31 07:21:07.097   600  2707 E BatteryStatsService: no controller energy info supplied
10-31 07:21:07.103   600  2707 E BatteryStatsService: modem info is invalid: ModemActivityInfo{ mTimestamp=0 mSleepTimeMs=0 mIdleTimeMs=0 mTxTimeMs[]=[0, 0, 0, 0, 0] mRxTimeMs=0 mEnergyUsed=0}
10-31 07:21:07.115   600   613 W ProcessCpuTracker: Skipping unknown process pid 28814
10-31 07:21:07.121   600   620 I ActivityManager: Displayed com.android.chrome/com.google.android.apps.chrome.Main: +393ms
10-31 07:21:07.147 28683 28702 D OpenGLRenderer: endAllActiveAnimators on 0xd3e55800 (InsetDrawable) with handle 0xd2b5fef0
10-31 07:21:07.157 28683 28683 E cr_CompositorSurfaceMgr: Transitioning to surface with format : -1
10-31 07:21:07.164 28683 28683 E cr_CompositorSurfaceMgr: surfaceCreated format : 0
10-31 07:21:07.173 28683 28683 I cr_ContextualSearch: Tap suppression enabled: false
10-31 07:21:07.180 28683 28683 I cr_ChromeTabbedActivity: #initializeState
10-31 07:21:07.180 28683 28683 I cr_CipherFactory: #restoreFromBundle, no savedInstanceState.
10-31 07:21:07.181 28683 28683 I cr_tabmodel: #loadState, ignoreIncognitoFiles? true
10-31 07:21:07.432 28683 28683 I SchedulerApiWrapper: Create SchedulerApiMainThreadWrapper
10-31 07:21:07.443 28683 28683 I FeedSessionManagerImpl: FeedSessionManagerImpl has been created
10-31 07:21:07.447 28683 28683 I FeedAppLifecycleLstnr: onEnterForeground called
10-31 07:21:07.447 28683 28683 I FeedSessionManagerImpl: onLifecycleEvent foreground
10-31 07:21:07.448 28683 28683 I FeedSessionManagerImpl: Lazy initialization triggered, getUpdateConsumer
10-31 07:21:07.449 28683 28742 I TaskQueue: Execute task [IMMEDIATE - d: true, b: 0]: 30
10-31 07:21:07.449 28683 28683 I FeedRequestManagerImpl: trigger refresh 2
10-31 07:21:07.449 28683 28683 I TaskQueue:  - task [HEAD_INVALIDATE - d: true, b: 0]: 26
10-31 07:21:07.459 28683 28742 W SessionCache: Persisted Sessions were not found
10-31 07:21:07.459 28683 28742 I HeadSessionImpl: Initialize HEAD 0 items
10-31 07:21:07.460 28683 28742 I TaskQueue:  - task [BACKGROUND - d: true, b: 1]: 11
10-31 07:21:07.461 28683 28742 I TimingUtils: Task Timing  11ms, thread JardinExecutor | task : Initialization
10-31 07:21:07.461 28683 28742 I TaskQueue:  - Finished 30, time 12 ms
10-31 07:21:07.461 28683 28742 I TaskQueue: Execute task [HEAD_INVALIDATE - d: true, b: 1]: 26
10-31 07:21:07.462 28683 28742 I TimingUtils: Task Timing   0ms, thread JardinExecutor | task : getAllDismissLocalActions | size : 0
10-31 07:21:07.463 28683 28742 I TimingUtils: Task Timing   0ms, thread JardinExecutor | task : getSemanticProperties | size : 0
10-31 07:21:07.464 28683 28742 I MainThreadRunner: Running task [Check Tooltips] on the Main Thread
10-31 07:21:07.464 28683 28742 I TaskQueue:  * Starting starvation checks
10-31 07:21:07.464 28683 28742 I MainThreadRunner: Running task [starvationChecks] on the Main Thread with a delay of 6000 milliseconds
10-31 07:21:07.464 28683 28742 I TaskQueue:  - Finished 26, time 2 ms
10-31 07:21:07.512 28683 28683 I PlayCore: UID: [10035]  PID: [28683] SplitInstallService : deferredInstall([image_editor])
10-31 07:21:07.525 28683 28822 I PlayCore: UID: [10035]  PID: [28683] SplitInstallService : Initiate binding to the service.
10-31 07:21:07.526   600  6312 W ActivityManager: Unable to start service Intent { act=com.google.android.play.core.splitinstall.BIND_SPLIT_INSTALL_SERVICE pkg=com.android.vending } U=0: not found
10-31 07:21:07.526 28683 28822 I PlayCore: UID: [10035]  PID: [28683] SplitInstallService : Failed to bind to the service.
10-31 07:21:07.692 28683 28683 I FeedAppLifecycleLstnr: initialize called
10-31 07:21:07.692 28683 28683 I FeedSessionManagerImpl: onLifecycleEvent initialize
10-31 07:21:07.692 28683 28683 W FeedSessionManagerImpl: FeedSessionManagerImpl has previously been initialized
10-31 07:21:07.712 28683 28683 I ViewConfigCompat: Could not find method getScaledScrollFactor() on ViewConfiguration
10-31 07:21:07.716 28683 28683 I BasicStream: Setting 2 header views, currently have 0 headers
10-31 07:21:07.718 28683 28683 I BasicStream: Setting 2 header views, currently have 2 headers
10-31 07:21:07.783   600   619 D BluetoothManagerService: Message: 20
10-31 07:21:07.783   600   619 D BluetoothManagerService: Added callback: android.bluetooth.IBluetoothManagerCallback$Stub$Proxy@6af6323:true
10-31 07:21:07.798 28683 28683 E cr_IntentUtils: getBooleanExtra failed on intent null
10-31 07:21:07.803 28718 28731 I cr_LibraryLoader: Loaded native library version number "85.0.4183.127"
10-31 07:21:07.804 28718 28731 I cr_CachingUmaRecorder: Flushed 1 samples from 1 histograms.
10-31 07:21:07.828 28683 28683 I TimeoutSessionImpl: Using TimeoutSessionImpl
10-31 07:21:07.830 28683 28683 I FeedSessionManagerImpl: shouldSessionRequestData; hasContent(false), contentCreationTime(0), outstandingRequest(true)
10-31 07:21:07.830 28683 28683 I FeedSessionManagerImpl: shouldSessionRequestDataResult: NO_REQUEST_WITH_WAIT, shouldMakeRequest(false), withTimeout(false), withAppend(false)
10-31 07:21:07.830 28683 28683 I TaskQueue:  - task [USER_FACING - d: true, b: 1]: 24
10-31 07:21:07.832 28683 28683 I MainThreadRunner: Running task [BasicStream onShow] on the Main Thread with a delay of 500 milliseconds
10-31 07:21:07.890   600  7064 I ActivityManager: Start proc 28828:com.android.chrome:sandboxed_process1/u0i968 for service com.android.chrome/org.chromium.content.app.SandboxedProcessService1
10-31 07:21:07.934 28819 28819 D AndroidRuntime: >>>>>> START com.android.internal.os.RuntimeInit uid 2000 <<<<<<
10-31 07:21:07.950 28819 28819 D AndroidRuntime: CheckJNI is OFF
10-31 07:21:07.957   600  3994 I ActivityManager: Start proc 28845:com.android.chrome:sandboxed_process2/u0i969 for service com.android.chrome/org.chromium.content.app.SandboxedProcessService2
10-31 07:21:08.006   600  1079 I ActivityManager: Start proc 28850:com.android.chrome:sandboxed_process3/u0i970 for service com.android.chrome/org.chromium.content.app.SandboxedProcessService3
10-31 07:21:08.048   600 13631 I ActivityManager: Start proc 28861:com.android.chrome:sandboxed_process4/u0i971 for service com.android.chrome/org.chromium.content.app.SandboxedProcessService4
10-31 07:21:08.071 28683 28683 I Choreographer: Skipped 57 frames!  The application may be doing too much work on its main thread.
10-31 07:21:08.109   600  1080 I ActivityManager: Start proc 28875:com.android.chrome:sandboxed_process5/u0i972 for service com.android.chrome/org.chromium.content.app.SandboxedProcessService5
10-31 07:21:08.154   600 24611 I ActivityManager: Start proc 28891:com.android.chrome:sandboxed_process6/u0i973 for service com.android.chrome/org.chromium.content.app.SandboxedProcessService6
10-31 07:21:08.263 28828 28828 W dboxed_process1: type=1400 audit(0.0:11841): avc: denied { getattr } for path="/data/data/com.android.chrome" dev="dm-2" ino=12190 scontext=u:r:isolated_app:s0:c512,c768 tcontext=u:object_r:app_data_file:s0:c512,c768 tclass=dir permissive=0
10-31 07:21:08.279   600  3675 I ActivityManager: Start proc 28903:com.android.chrome:sandboxed_process7/u0i974 for service com.android.chrome/org.chromium.content.app.SandboxedProcessService7
10-31 07:21:08.329 28683 28693 W art     : Suspending all threads took: 6.513ms
10-31 07:21:08.332   600   611 I ActivityManager: Start proc 28917:com.android.chrome:sandboxed_process8/u0i975 for service com.android.chrome/org.chromium.content.app.SandboxedProcessService8
10-31 07:21:08.343 28845 28845 W dboxed_process2: type=1400 audit(0.0:11842): avc: denied { getattr } for path="/data/data/com.android.chrome" dev="dm-2" ino=12190 scontext=u:r:isolated_app:s0:c512,c768 tcontext=u:object_r:app_data_file:s0:c512,c768 tclass=dir permissive=0
10-31 07:21:08.346 28850 28850 W dboxed_process3: type=1400 audit(0.0:11843): avc: denied { getattr } for path="/data/data/com.android.chrome" dev="dm-2" ino=12190 scontext=u:r:isolated_app:s0:c512,c768 tcontext=u:object_r:app_data_file:s0:c512,c768 tclass=dir permissive=0
10-31 07:21:08.356 28861 28861 W dboxed_process4: type=1400 audit(0.0:11844): avc: denied { getattr } for path="/data/data/com.android.chrome" dev="dm-2" ino=12190 scontext=u:r:isolated_app:s0:c512,c768 tcontext=u:object_r:app_data_file:s0:c512,c768 tclass=dir permissive=0
10-31 07:21:08.392 28683 28693 I art     : Background sticky concurrent mark sweep GC freed 38533(2MB) AllocSpace objects, 61(1260KB) LOS objects, 28% free, 9MB/13MB, paused 15.544ms total 136.492ms
10-31 07:21:08.401   600 13557 I ActivityManager: Start proc 28932:com.android.chrome:sandboxed_process9/u0i976 for service com.android.chrome/org.chromium.content.app.SandboxedProcessService9
10-31 07:21:08.436 28683 28683 I cr_tabmodel: Appending tabs being restored to metadata lists, 0, startingNormalCount: 1, startingIncognitoCount: 0
10-31 07:21:08.436 28683 28683 I cr_tabmodel: Serializing tab lists; counts: 1, 0
10-31 07:21:08.456 28891 28891 W dboxed_process6: type=1400 audit(0.0:11845): avc: denied { getattr } for path="/data/data/com.android.chrome" dev="dm-2" ino=12190 scontext=u:r:isolated_app:s0:c512,c768 tcontext=u:object_r:app_data_file:s0:c512,c768 tclass=dir permissive=0
10-31 07:21:08.473 28875 28875 W dboxed_process5: type=1400 audit(0.0:11846): avc: denied { getattr } for path="/data/data/com.android.chrome" dev="dm-2" ino=12190 scontext=u:r:isolated_app:s0:c512,c768 tcontext=u:object_r:app_data_file:s0:c512,c768 tclass=dir permissive=0
10-31 07:21:08.492 28828 28828 I cr_ChildProcessService: Creating new ChildProcessService pid=28828
10-31 07:21:08.536 28683 28683 I TaskQueue:  - task [IMMEDIATE - d: true, b: 2]: 27
10-31 07:21:08.536 28683 28683 I TaskQueue:  - queueTask starting immediate task
10-31 07:21:08.537 28683 28734 I TaskQueue: Execute task [IMMEDIATE - d: true, b: 2]: 27
10-31 07:21:08.538 28683 28734 I FeedRequestManagerImpl: Consistency Token: # hU2@7bca4
10-31 07:21:08.538 28845 28845 I cr_ChildProcessService: Creating new ChildProcessService pid=28845
10-31 07:21:08.559 28850 28850 I cr_ChildProcessService: Creating new ChildProcessService pid=28850
10-31 07:21:08.610 28861 28861 I cr_ChildProcessService: Creating new ChildProcessService pid=28861
10-31 07:21:08.611 28683 28734 I FeedRequestManagerImpl: Capability: FEED_UI
10-31 07:21:08.611 28683 28734 I FeedRequestManagerImpl: Capability: UNDOABLE_ACTIONS
10-31 07:21:08.611 28683 28734 I FeedRequestManagerImpl: Capability: MANAGE_INTERESTS
10-31 07:21:08.611 28683 28734 I FeedRequestManagerImpl: Capability: SEND_FEEDBACK
10-31 07:21:08.617 28683 28734 I FeedRequestManagerImpl: Capability: ARTICLE_SNIPPETS
10-31 07:21:08.617 28683 28734 I FeedRequestManagerImpl: Capability: CLICK_ACTION
10-31 07:21:08.617 28683 28734 I FeedRequestManagerImpl: Capability: VIEW_ACTION
10-31 07:21:08.617 28683 28734 I FeedRequestManagerImpl: Capability: REPORT_FEED_USER_ACTIONS_NOTICE_CARD
10-31 07:21:08.617 28683 28734 I FeedRequestManagerImpl: Capability: BASE_UI
10-31 07:21:08.633 28903 28903 W dboxed_process7: type=1400 audit(0.0:11847): avc: denied { getattr } for path="/data/data/com.android.chrome" dev="dm-2" ino=12190 scontext=u:r:isolated_app:s0:c512,c768 tcontext=u:object_r:app_data_file:s0:c512,c768 tclass=dir permissive=0
10-31 07:21:08.641 28683 28734 I FeedRequestManagerImpl: Making Request: /httpservice/noretry/DiscoverClankService/FeedQuery
10-31 07:21:08.643 28683 28734 I MainThreadRunner: Running task [NetworkClientWrapper send] on the Main Thread
10-31 07:21:08.643 28683 28734 I TaskQueue:  - Finished 27, time 107 ms
10-31 07:21:08.701 28875 28875 I cr_ChildProcessService: Creating new ChildProcessService pid=28875
10-31 07:21:08.733 28917 28917 W dboxed_process8: type=1400 audit(0.0:11848): avc: denied { getattr } for path="/data/data/com.android.chrome" dev="dm-2" ino=12190 scontext=u:r:isolated_app:s0:c512,c768 tcontext=u:object_r:app_data_file:s0:c512,c768 tclass=dir permissive=0
10-31 07:21:08.792   600  3509 I ActivityManager: Start proc 28960:com.android.chrome:sandboxed_process10/u0i977 for service com.android.chrome/org.chromium.content.app.SandboxedProcessService10
10-31 07:21:08.792 28891 28891 I cr_ChildProcessService: Creating new ChildProcessService pid=28891
10-31 07:21:08.860 28683 28740 W cr_CrashFileManager: /data/user/0/com.android.chrome/cache/Crash Reports does not exist or is not a directory
10-31 07:21:08.860 28683 28740 W cr_CrashFileManager: /data/user/0/com.android.chrome/cache/Crash Reports does not exist or is not a directory
10-31 07:21:08.860 28683 28740 W cr_CrashFileManager: /data/user/0/com.android.chrome/cache/Crash Reports does not exist or is not a directory
10-31 07:21:08.863 28932 28932 W dboxed_process9: type=1400 audit(0.0:11849): avc: denied { getattr } for path="/data/data/com.android.chrome" dev="dm-2" ino=12190 scontext=u:r:isolated_app:s0:c512,c768 tcontext=u:object_r:app_data_file:s0:c512,c768 tclass=dir permissive=0
10-31 07:21:08.883 28683 28740 I cr_FileUtils: Writing to /data/user/0/com.android.chrome/app_dex/webapk7.dex
10-31 07:21:08.920 28903 28903 I cr_ChildProcessService: Creating new ChildProcessService pid=28903
10-31 07:21:08.931 28828 28952 I cr_LibraryLoader: Loaded native library version number "85.0.4183.127"
10-31 07:21:08.931 28828 28952 I cr_CachingUmaRecorder: Flushed 1 samples from 1 histograms.
10-31 07:21:08.933 28819 28819 D ICU     : No timezone override file found: /data/misc/zoneinfo/current/icu/icu_tzdata.dat
10-31 07:21:08.971 28917 28917 I cr_ChildProcessService: Creating new ChildProcessService pid=28917
10-31 07:21:08.998 28683 28717 I cr_BindingManager: Moderate binding enabled: maxSize=40
10-31 07:21:09.020 28861 28957 I cr_LibraryLoader: Loaded native library version number "85.0.4183.127"
10-31 07:21:09.021 28861 28957 I cr_CachingUmaRecorder: Flushed 1 samples from 1 histograms.
10-31 07:21:09.030 28850 28955 I cr_LibraryLoader: Loaded native library version number "85.0.4183.127"
10-31 07:21:09.030 28850 28955 I cr_CachingUmaRecorder: Flushed 1 samples from 1 histograms.
10-31 07:21:09.087 28845 28953 I cr_LibraryLoader: Loaded native library version number "85.0.4183.127"
10-31 07:21:09.088 28845 28953 I cr_CachingUmaRecorder: Flushed 1 samples from 1 histograms.
10-31 07:21:09.115 28891 28965 I cr_LibraryLoader: Loaded native library version number "85.0.4183.127"
10-31 07:21:09.117 28891 28965 I cr_CachingUmaRecorder: Flushed 1 samples from 1 histograms.
10-31 07:21:09.120   600  3507 I ActivityManager: Start proc 28982:com.android.chrome:sandboxed_process11/u0i978 for service com.android.chrome/org.chromium.content.app.SandboxedProcessService11
10-31 07:21:09.147 17545 18016 I Icing   : IndexChimeraService.getServiceInterface callingPackage=com.android.chrome componentName=null serviceId=36
10-31 07:21:09.167 28932 28932 I cr_ChildProcessService: Creating new ChildProcessService pid=28932
10-31 07:21:09.265 28850 28955 I chromium: [INFO:child_process_service.cc(69)] ChildProcessService: Exiting child process.
10-31 07:21:09.282 17545 17879 I Icing   : IndexChimeraService.getServiceInterface callingPackage=com.android.chrome componentName=null serviceId=36
10-31 07:21:09.300 28903 28967 I cr_LibraryLoader: Loaded native library version number "85.0.4183.127"
10-31 07:21:09.301 28903 28967 I cr_CachingUmaRecorder: Flushed 1 samples from 1 histograms.
10-31 07:21:09.314 28875 28958 I cr_LibraryLoader: Loaded native library version number "85.0.4183.127"
10-31 07:21:09.315 28875 28958 I cr_CachingUmaRecorder: Flushed 1 samples from 1 histograms.
10-31 07:21:09.340 28960 28960 W boxed_process10: type=1400 audit(0.0:11850): avc: denied { getattr } for path="/data/data/com.android.chrome" dev="dm-2" ino=12190 scontext=u:r:isolated_app:s0:c512,c768 tcontext=u:object_r:app_data_file:s0:c512,c768 tclass=dir permissive=0
10-31 07:21:09.357 28861 28957 I chromium: [INFO:child_process_service.cc(69)] ChildProcessService: Exiting child process.
10-31 07:21:09.375 28891 28965 I chromium: [INFO:child_process_service.cc(69)] ChildProcessService: Exiting child process.
10-31 07:21:09.381   600  3509 I ActivityManager: Killing 28861:com.android.chrome:sandboxed_process4/u0a35i971 (adj 0): isolated not needed
10-31 07:21:09.381   600  3509 I ActivityManager: Killing 28850:com.android.chrome:sandboxed_process3/u0a35i970 (adj 0): isolated not needed
10-31 07:21:09.381   600  3509 I ActivityManager: Killing 28828:com.android.chrome:sandboxed_process1/u0a35i968 (adj 0): isolated not needed
10-31 07:21:09.386   197   197 E lowmemorykiller: Error writing /proc/28891/oom_score_adj; errno=22
10-31 07:21:09.405   600 13558 I ActivityManager: Process com.android.chrome:sandboxed_process6 (pid 28891) has died
10-31 07:21:09.405   600 13558 D ActivityManager: cleanUpApplicationRecord -- 28891
10-31 07:21:09.418 28683 28717 I cr_BindingManager: onTrimMemory: level=15, size=0
10-31 07:21:09.427 28683 28683 W chromium: [WARNING:compositor_view.cc(315)] Child process died (type=6) pid=28891)
10-31 07:21:09.482 28819 28819 I Radio-JNI: register_android_hardware_Radio DONE
10-31 07:21:09.498 28903 28967 I chromium: [INFO:child_process_service.cc(69)] ChildProcessService: Exiting child process.
10-31 07:21:09.503   197   197 E lowmemorykiller: Error writing /proc/28903/oom_score_adj; errno=22
10-31 07:21:09.507 28973 28973 I dex2oat : /system/bin/dex2oat --dex-file=/data/user/0/com.android.chrome/app_dex/webapk7.dex --oat-fd=222 --oat-location=/data/user/0/com.android.chrome/app_dex/oat/arm/webapk7.dex --compiler-filter=speed
10-31 07:21:09.524   600   611 I ActivityManager: Process com.android.chrome:sandboxed_process7 (pid 28903) has died
10-31 07:21:09.524   600   611 D ActivityManager: cleanUpApplicationRecord -- 28903
10-31 07:21:09.526 28982 28982 W boxed_process11: type=1400 audit(0.0:11851): avc: denied { getattr } for path="/data/data/com.android.chrome" dev="dm-2" ino=12190 scontext=u:r:isolated_app:s0:c512,c768 tcontext=u:object_r:app_data_file:s0:c512,c768 tclass=dir permissive=0
10-31 07:21:09.526   600   611 I ActivityManager: Killing 28845:com.android.chrome:sandboxed_process2/u0a35i969 (adj 0): isolated not needed
10-31 07:21:09.548 28683 28683 W chromium: [WARNING:compositor_view.cc(315)] Child process died (type=6) pid=28903)
10-31 07:21:09.570 28960 28960 I cr_ChildProcessService: Creating new ChildProcessService pid=28960
10-31 07:21:09.585 28917 28975 I cr_LibraryLoader: Loaded native library version number "85.0.4183.127"
10-31 07:21:09.590 28917 28975 I cr_CachingUmaRecorder: Flushed 1 samples from 1 histograms.
10-31 07:21:09.619 28932 28990 I cr_LibraryLoader: Loaded native library version number "85.0.4183.127"
10-31 07:21:09.623 28932 28990 I cr_CachingUmaRecorder: Flushed 1 samples from 1 histograms.
10-31 07:21:09.637 28875 28875 I cr_ChildProcessService: Destroying ChildProcessService pid=28875
10-31 07:21:09.640 28819 28819 D AndroidRuntime: Calling main entry com.android.commands.am.Am
10-31 07:21:09.665 28982 28982 I cr_ChildProcessService: Creating new ChildProcessService pid=28982
10-31 07:21:09.706 28683 28693 I art     : Background partial concurrent mark sweep GC freed 91555(4MB) AllocSpace objects, 25(492KB) LOS objects, 40% free, 10MB/17MB, paused 680us total 532.392ms
10-31 07:21:09.782   600 10249 I ActivityManager: START u0 {act=android.intent.action.VIEW dat=http://scientificamerican.com/... flg=0x10000000 cmp=com.android.chrome/com.google.android.apps.chrome.Main} from uid 2000 on display 0
10-31 07:21:09.790 28819 28819 D AndroidRuntime: Shutting down VM
10-31 07:21:09.807 28960 29021 I cr_LibraryLoader: Loaded native library version number "85.0.4183.127"
10-31 07:21:09.807 28960 29021 I cr_CachingUmaRecorder: Flushed 1 samples from 1 histograms.
10-31 07:21:09.865 28683 28683 E cr_IntentUtils: getInt failed on bundle null
10-31 07:21:09.884 28917 28917 I cr_ChildProcessService: Destroying ChildProcessService pid=28917
10-31 07:21:09.885 28932 28932 I cr_ChildProcessService: Destroying ChildProcessService pid=28932
10-31 07:21:09.895 28960 29021 I chromium: [INFO:child_process_service.cc(69)] ChildProcessService: Exiting child process.
10-31 07:21:09.925   600 24515 I ActivityManager: Start proc 29036:com.android.chrome:sandboxed_process12/u0i979 for service com.android.chrome/org.chromium.content.app.SandboxedProcessService12
10-31 07:21:09.925   600  1082 I ActivityManager: Process com.android.chrome:sandboxed_process10 (pid 28960) has died
10-31 07:21:09.925   600  1082 D ActivityManager: cleanUpApplicationRecord -- 28960
10-31 07:21:09.926   600  1082 W ActivityManager: Scheduling restart of crashed service com.android.chrome/org.chromium.content.app.SandboxedProcessService10 in 1000ms
10-31 07:21:09.927   600  1082 I ActivityManager: Killing 28932:com.android.chrome:sandboxed_process9/u0a35i976 (adj 0): isolated not needed
10-31 07:21:09.927   600  1082 I ActivityManager: Killing 28917:com.android.chrome:sandboxed_process8/u0a35i975 (adj 0): isolated not needed
10-31 07:21:09.928   600  1082 I ActivityManager: Killing 28875:com.android.chrome:sandboxed_process5/u0a35i972 (adj 0): isolated not needed
10-31 07:21:09.935 28982 29029 I cr_LibraryLoader: Loaded native library version number "85.0.4183.127"
10-31 07:21:09.935 28982 29029 I cr_CachingUmaRecorder: Flushed 1 samples from 1 histograms.
10-31 07:21:09.965 28683 28683 W FeedModelProvider: sessionId is null, this should have been set during population
10-31 07:21:09.968 28683 28683 I cr_tabmodel: Appending tabs being restored to metadata lists, 0, startingNormalCount: 2, startingIncognitoCount: 0
10-31 07:21:09.968 28683 28683 I cr_tabmodel: Serializing tab lists; counts: 2, 0
10-31 07:21:10.035   600   610 I ActivityManager: Killing 28982:com.android.chrome:sandboxed_process11/u0a35i978 (adj 0): isolated not needed
10-31 07:21:10.042 28683 28683 W chromium: [WARNING:compositor_view.cc(315)] Child process died (type=6) pid=28960)
10-31 07:21:10.065   600  3994 I ActivityManager: Start proc 29054:com.android.chrome:sandboxed_process13/u0i980 for service com.android.chrome/org.chromium.content.app.SandboxedProcessService13
10-31 07:21:10.092   600  9614 I ActivityManager: Start proc 29059:com.android.chrome:sandboxed_process14/u0i981 for service com.android.chrome/org.chromium.content.app.SandboxedProcessService14
10-31 07:21:10.146   600   713 I ActivityManager: Start proc 29072:com.android.chrome:sandboxed_process15/u0i982 for service com.android.chrome/org.chromium.content.app.SandboxedProcessService15
10-31 07:21:10.183 29036 29036 W boxed_process12: type=1400 audit(0.0:11852): avc: denied { getattr } for path="/data/data/com.android.chrome" dev="dm-2" ino=12190 scontext=u:r:isolated_app:s0:c512,c768 tcontext=u:object_r:app_data_file:s0:c512,c768 tclass=dir permissive=0
10-31 07:21:10.201   600  3675 I ActivityManager: Start proc 29086:com.android.chrome:sandboxed_process16/u0i983 for service com.android.chrome/org.chromium.content.app.SandboxedProcessService16
10-31 07:21:10.250   600 24611 I ActivityManager: Start proc 29099:com.android.chrome:sandboxed_process17/u0i984 for service com.android.chrome/org.chromium.content.app.SandboxedProcessService17
10-31 07:21:10.290   600 13631 I ActivityManager: Start proc 29112:com.android.chrome:sandboxed_process18/u0i985 for service com.android.chrome/org.chromium.content.app.SandboxedProcessService18
10-31 07:21:10.303 29054 29054 W boxed_process13: type=1400 audit(0.0:11853): avc: denied { getattr } for path="/data/data/com.android.chrome" dev="dm-2" ino=12190 scontext=u:r:isolated_app:s0:c512,c768 tcontext=u:object_r:app_data_file:s0:c512,c768 tclass=dir permissive=0
10-31 07:21:10.333 29059 29059 W boxed_process14: type=1400 audit(0.0:11854): avc: denied { getattr } for path="/data/data/com.android.chrome" dev="dm-2" ino=12190 scontext=u:r:isolated_app:s0:c512,c768 tcontext=u:object_r:app_data_file:s0:c512,c768 tclass=dir permissive=0
10-31 07:21:10.338   600  1082 I ActivityManager: Start proc 29123:com.android.chrome:sandboxed_process19/u0i986 for service com.android.chrome/org.chromium.content.app.SandboxedProcessService19
10-31 07:21:10.347 29036 29036 I cr_ChildProcessService: Creating new ChildProcessService pid=29036
10-31 07:21:10.379   600 25704 I ActivityManager: Start proc 29138:com.android.chrome:sandboxed_process20/u0i987 for service com.android.chrome/org.chromium.content.app.SandboxedProcessService20
10-31 07:21:10.426 29072 29072 W boxed_process15: type=1400 audit(0.0:11855): avc: denied { getattr } for path="/data/data/com.android.chrome" dev="dm-2" ino=12190 scontext=u:r:isolated_app:s0:c512,c768 tcontext=u:object_r:app_data_file:s0:c512,c768 tclass=dir permissive=0
10-31 07:21:10.446 29086 29086 W boxed_process16: type=1400 audit(0.0:11856): avc: denied { getattr } for path="/data/data/com.android.chrome" dev="dm-2" ino=12190 scontext=u:r:isolated_app:s0:c512,c768 tcontext=u:object_r:app_data_file:s0:c512,c768 tclass=dir permissive=0
10-31 07:21:10.447 29036 29129 I cr_LibraryLoader: Loaded native library version number "85.0.4183.127"
10-31 07:21:10.447 29036 29129 I cr_CachingUmaRecorder: Flushed 1 samples from 1 histograms.
10-31 07:21:10.483 29054 29054 I cr_ChildProcessService: Creating new ChildProcessService pid=29054
10-31 07:21:10.507 29059 29059 I cr_ChildProcessService: Creating new ChildProcessService pid=29059
10-31 07:21:10.520 29099 29099 W boxed_process17: type=1400 audit(0.0:11857): avc: denied { getattr } for path="/data/data/com.android.chrome" dev="dm-2" ino=12190 scontext=u:r:isolated_app:s0:c512,c768 tcontext=u:object_r:app_data_file:s0:c512,c768 tclass=dir permissive=0
10-31 07:21:10.573 29112 29112 W boxed_process18: type=1400 audit(0.0:11858): avc: denied { getattr } for path="/data/data/com.android.chrome" dev="dm-2" ino=12190 scontext=u:r:isolated_app:s0:c512,c768 tcontext=u:object_r:app_data_file:s0:c512,c768 tclass=dir permissive=0
10-31 07:21:10.604   787   787 W GCM     : broadcast intent callback: result=CANCELLED forIntent { act=com.google.android.c2dm.intent.RECEIVE pkg=com.opera.browser (has extras) }
10-31 07:21:10.611 29072 29072 I cr_ChildProcessService: Creating new ChildProcessService pid=29072
10-31 07:21:10.633 29086 29086 I cr_ChildProcessService: Creating new ChildProcessService pid=29086
10-31 07:21:10.656 29123 29123 W boxed_process19: type=1400 audit(0.0:11859): avc: denied { getattr } for path="/data/data/com.android.chrome" dev="dm-2" ino=12190 scontext=u:r:isolated_app:s0:c512,c768 tcontext=u:object_r:app_data_file:s0:c512,c768 tclass=dir permissive=0
10-31 07:21:10.666 29138 29138 W boxed_process20: type=1400 audit(0.0:11860): avc: denied { getattr } for path="/data/data/com.android.chrome" dev="dm-2" ino=12190 scontext=u:r:isolated_app:s0:c512,c768 tcontext=u:object_r:app_data_file:s0:c512,c768 tclass=dir permissive=0
10-31 07:21:10.678 29099 29099 I cr_ChildProcessService: Creating new ChildProcessService pid=29099
10-31 07:21:10.721 28973 29046 W dex2oat : Compilation of java.lang.String androidx.core.graphics.drawable.IconCompat.toString() took 137.379ms
10-31 07:21:10.738 28973 28973 I dex2oat : dex2oat took 1.232s (threads: 2) arena alloc=896KB (918200B) java alloc=96KB (99200B) native alloc=559KB (573432B) free=2000KB (2048008B)
10-31 07:21:10.792 29054 29158 I cr_LibraryLoader: Loaded native library version number "85.0.4183.127"
10-31 07:21:10.792 29054 29158 I cr_CachingUmaRecorder: Flushed 1 samples from 1 histograms.
10-31 07:21:10.800 29112 29112 I cr_ChildProcessService: Creating new ChildProcessService pid=29112
10-31 07:21:10.815   600   609 I art     : Background partial concurrent mark sweep GC freed 41432(2036KB) AllocSpace objects, 23(604KB) LOS objects, 33% free, 17MB/26MB, paused 907us total 520.593ms
10-31 07:21:10.821 28683 28683 I FeedRequestManagerImpl: Request: /httpservice/noretry/DiscoverClankService/FeedQuery completed with response code: 200
10-31 07:21:10.821 28683 28683 I TaskQueue:  - task [IMMEDIATE - d: true, b: 2]: 15
10-31 07:21:10.821 28683 28683 I TaskQueue:  - queueTask starting immediate task
10-31 07:21:10.821 28683 28739 I TaskQueue: Execute task [IMMEDIATE - d: true, b: 2]: 15
10-31 07:21:10.848 29059 29160 I cr_LibraryLoader: Loaded native library version number "85.0.4183.127"
10-31 07:21:10.848 29059 29160 I cr_CachingUmaRecorder: Flushed 1 samples from 1 histograms.
10-31 07:21:10.849 29123 29123 I cr_ChildProcessService: Creating new ChildProcessService pid=29123
10-31 07:21:10.856 28683 28740 W InstanceID: Instance ID SDK is deprecated, com.android.chrome should update to use Firebase Instance ID
10-31 07:21:10.860 29138 29138 I cr_ChildProcessService: Creating new ChildProcessService pid=29138
10-31 07:21:10.917 29086 29168 I cr_LibraryLoader: Loaded native library version number "85.0.4183.127"
10-31 07:21:10.918 29072 29167 I cr_LibraryLoader: Loaded native library version number "85.0.4183.127"
10-31 07:21:10.918 29072 29167 I cr_CachingUmaRecorder: Flushed 1 samples from 1 histograms.
10-31 07:21:10.934 29086 29168 I cr_CachingUmaRecorder: Flushed 1 samples from 1 histograms.
10-31 07:21:10.969 29099 29169 I cr_LibraryLoader: Loaded native library version number "85.0.4183.127"
10-31 07:21:10.971 29059 29160 I chromium: [INFO:child_process_service.cc(69)] ChildProcessService: Exiting child process.
10-31 07:21:10.971   600  9614 E Process : Error getting pid for '0'
10-31 07:21:10.986 29099 29169 I cr_CachingUmaRecorder: Flushed 1 samples from 1 histograms.
10-31 07:21:10.994 28683 28739 I MainThreadRunner: Running task [FeedRequestManagerImpl consumer] on the Main Thread
10-31 07:21:10.994 28683 28739 I TaskQueue:  - Finished 15, time 173 ms
10-31 07:21:10.994 28683 28683 I FeedProtocolAdapter: createModel, operations 33
10-31 07:21:11.000 28683 28683 I TimingUtils: Task Timing   5ms, thread ui | task : convertWireProtocol | mutations : 33
10-31 07:21:11.001 28683 28683 I TaskQueue:  - task [HEAD_RESET - d: true, b: 2]: 5
10-31 07:21:11.001 28683 28683 I TaskQueue:  - queueTask starting immediate task
10-31 07:21:11.003 28683 28739 I TaskQueue: Execute task [HEAD_RESET - d: true, b: 2]: 5
10-31 07:21:11.018 28683 28739 I TaskQueue:  - task [BACKGROUND - d: true, b: 2]: 23
10-31 07:21:11.018 28683 28739 W SessionCache: Persisted Sessions were not found
10-31 07:21:11.038 29054 29054 I cr_ChildProcessService: Destroying ChildProcessService pid=29054
10-31 07:21:11.046 28683 28739 I PersistentFeedStore: commitSessionMutation - Success true, Update Session $HEAD, stream structures 32
10-31 07:21:11.050 28683 28739 I MainThreadRunner: Running task [SchedulerApiWrapper onReceiveNewContent] on the Main Thread
10-31 07:21:11.063 29086 29168 I chromium: [INFO:child_process_service.cc(69)] ChildProcessService: Exiting child process.
10-31 07:21:11.067   197   197 E lowmemorykiller: Error writing /proc/29086/oom_score_adj; errno=22
10-31 07:21:11.078 28683 28739 I MainThreadRunner: Running task [FeedKnownContentImpl onNewContentReceived] on the Main Thread
10-31 07:21:11.078 28683 28739 I SessionManagerMutation: Cleared Head, new creation time 10-31 07:21:11.018
10-31 07:21:11.078 28683 28739 I TimingUtils: Task Timing  75ms, thread background-1 | task : sessionMutation.commitTask:updateConsumer | mutations : 33 | userInitiated : false
10-31 07:21:11.078 28683 28739 I TaskQueue: Cancelling starvation checks
10-31 07:21:11.079 28683 28739 I TaskQueue:  - Finished 5, time 76 ms
10-31 07:21:11.097 28683 28739 I TaskQueue: Execute task [USER_FACING - d: false, b: 2]: 24
10-31 07:21:11.107 28683 28739 I TimeoutSessionImpl: TimeoutSession.populateModelProvider, shouldAppend false
10-31 07:21:11.107 28683 28739 I SessionImpl: PopulateModelProvider 32 items
10-31 07:21:11.107 28683 28739 I FeedModelProvider: FeedModelProvider - committer, structure changes 31, update changes 0
10-31 07:21:11.108 28683 28739 I FeedModelProvider: SyntheticTokenTracker: 0, 11, 11, false
10-31 07:21:11.108 28683 28739 I FeedSessionManagerImpl: Caching getStreamFeatures - items 31, cache misses 0, cache size 31
10-31 07:21:11.108 28683 28739 I FeedModelProvider: Moving _session:0295bf08-d713-4284-9d68-01f9e23bc1cb to READY
10-31 07:21:11.108 28683 28739 I MainThreadRunner: Running task [FeedModelProvider onSessionStart] on the Main Thread
10-31 07:21:11.108 28683 28739 I FeedModelProvider: ModelProvider Mutation committed - structure changes 31, childrenToBind 31, removedChildren false, Token false
10-31 07:21:11.109 28683 28683 I FeedModelProvider: No children found for Cursor
10-31 07:21:11.115 29112 29174 I cr_LibraryLoader: Loaded native library version number "85.0.4183.127"
10-31 07:21:11.115 29112 29174 I cr_CachingUmaRecorder: Flushed 1 samples from 1 histograms.
10-31 07:21:11.136 28683 28739 I FeedSessionManagerImpl: Populate new session: _session:0295bf08-d713-4284-9d68-01f9e23bc1cb, creation time 10-31 07:21:11.107
10-31 07:21:11.137 28683 28739 I TimingUtils: Task Timing  39ms, thread background-2 | task : Create/Populate New Session
10-31 07:21:11.137 28683 28739 I TaskQueue:  - Finished 24, time 58 ms
10-31 07:21:11.147 28683 28739 I TaskQueue: Execute task [BACKGROUND - d: false, b: 1]: 11
10-31 07:21:11.147 28683 28739 I ContentGc: Re-enqueuing triggerContentGc; attempts(0)
10-31 07:21:11.147 28683 28739 I TaskQueue:  - task [BACKGROUND - d: false, b: 1]: 11
10-31 07:21:11.147 28683 28739 I TaskQueue:  - Finished 11, time 1 ms
