--------- beginning of main
10-29 20:00:54.321  8784  8784 D AndroidRuntime: >>>>>> START com.android.internal.os.RuntimeInit uid 2000 <<<<<<
10-29 20:00:54.325  8784  8784 D AndroidRuntime: CheckJNI is OFF
10-29 20:00:54.389  8784  8784 D ICU     : No timezone override file found: /data/misc/zoneinfo/current/icu/icu_tzdata.dat
10-29 20:00:54.418  8784  8784 I Radio-JNI: register_android_hardware_Radio DONE
10-29 20:00:54.432  8784  8784 D AndroidRuntime: Calling main entry com.android.commands.am.Am
--------- beginning of system
10-29 20:00:54.449   600  7064 I ActivityManager: Force stopping com.android.chrome appid=10035 user=0: from pid 8784
10-29 20:00:54.449   600  7064 I ActivityManager: Killing 7468:com.android.chrome/u0a35 (adj 904): stop com.android.chrome
10-29 20:00:54.449   600  7064 D ActivityManager: cleanUpApplicationRecord -- 7468
10-29 20:00:54.460  1061  1061 D RegisteredNfcFServicesCache: Service unchanged, not updating
10-29 20:00:54.705   600  1079 I ActivityManager: START u0 {act=android.intent.action.VIEW flg=0x10008000 cmp=com.android.chrome/com.google.android.apps.chrome.Main} from uid 2000 on display 0
10-29 20:00:54.732  8784  8784 D AndroidRuntime: Shutting down VM
10-29 20:00:54.764   600  3994 I ActivityManager: Start proc 8794:com.android.chrome/u0a35 for activity com.android.chrome/com.google.android.apps.chrome.Main
10-29 20:00:54.904   600  1082 I ActivityManager: START u0 {cmp=com.android.chrome/org.chromium.chrome.browser.firstrun.TabbedModeFirstRunActivity (has extras)} from uid 10035 on display 0
10-29 20:00:54.930  8794  8811 W DynamiteModule: Local module descriptor class for com.google.android.gms.googlecertificates not found.
10-29 20:00:55.069  8794  8811 I DynamiteModule: Considering local module com.google.android.gms.googlecertificates:0 and remote module com.google.android.gms.googlecertificates:6
10-29 20:00:55.069  8794  8811 I DynamiteModule: Selected remote version of com.google.android.gms.googlecertificates, version >= 6
10-29 20:00:55.078  8794  8812 I cr_LibraryLoader: Loaded native library version number "85.0.4183.127"
10-29 20:00:55.079  8794  8812 I cr_CachingUmaRecorder: Flushed 10 samples from 10 histograms.
10-29 20:00:55.108  8794  8813 I OpenGLRenderer: Initialized EGL, version 1.4
10-29 20:00:55.108  8794  8813 D OpenGLRenderer: Swap behavior 2
10-29 20:00:55.123  8794  8811 W System  : ClassLoader referenced unknown path: 
10-29 20:00:55.125  8794  8811 D ApplicationLoaders: ignored Vulkan layer search path /data/app/com.google.android.gms-1/lib/arm:/data/app/com.google.android.gms-1/base.apk!/lib/armeabi-v7a:/data/app/com.google.android.gms-1/split_config.en.apk!/lib/armeabi-v7a for namespace 0xf4a47090
10-29 20:00:55.128  8794  8811 W ResourceType: ResTable_typeSpec entry count inconsistent: given 67, previously 69
10-29 20:00:55.128  8794  8811 W ResourceType: ResTable_typeSpec entry count inconsistent: given 5346, previously 5347
10-29 20:00:55.152  8794  8811 I DynamiteLoaderV2Impl: [70] Googlecertificates
10-29 20:00:55.161  8794  8811 W System  : ClassLoader referenced unknown path: /data/user_de/0/com.google.android.gms/app_chimera/m/00000061/n/armeabi-v7a
10-29 20:00:55.161  8794  8811 W System  : ClassLoader referenced unknown path: /data/user_de/0/com.google.android.gms/app_chimera/m/00000061/n/armeabi
10-29 20:00:55.271  8794  8804 W art     : Suspending all threads took: 26.076ms
10-29 20:00:55.281  8794  8804 I art     : Background partial concurrent mark sweep GC freed 5640(758KB) AllocSpace objects, 1(20KB) LOS objects, 40% free, 4MB/6MB, paused 27.066ms total 108.508ms
10-29 20:00:55.286   600   620 I ActivityManager: Displayed com.android.chrome/org.chromium.chrome.browser.firstrun.TabbedModeFirstRunActivity: +339ms (total +554ms)
10-29 20:00:55.308   600   620 W WindowManager: Failed looking up window
10-29 20:00:55.308   600   620 W WindowManager: java.lang.IllegalArgumentException: Requested window android.view.ViewRootImpl$W@adc6986 does not exist
10-29 20:00:55.308   600   620 W WindowManager: 	at com.android.server.wm.WindowManagerService.windowForClientLocked(WindowManagerService.java:9422)
10-29 20:00:55.308   600   620 W WindowManager: 	at com.android.server.wm.WindowManagerService.windowForClientLocked(WindowManagerService.java:9413)
10-29 20:00:55.308   600   620 W WindowManager: 	at com.android.server.wm.WindowManagerService.removeWindow(WindowManagerService.java:2393)
10-29 20:00:55.308   600   620 W WindowManager: 	at com.android.server.wm.Session.remove(Session.java:202)
10-29 20:00:55.308   600   620 W WindowManager: 	at android.view.ViewRootImpl.dispatchDetachedFromWindow(ViewRootImpl.java:3290)
10-29 20:00:55.308   600   620 W WindowManager: 	at android.view.ViewRootImpl.doDie(ViewRootImpl.java:5917)
10-29 20:00:55.308   600   620 W WindowManager: 	at android.view.ViewRootImpl$ViewRootHandler.handleMessage(ViewRootImpl.java:3626)
10-29 20:00:55.308   600   620 W WindowManager: 	at android.os.Handler.dispatchMessage(Handler.java:102)
10-29 20:00:55.308   600   620 W WindowManager: 	at android.os.Looper.loop(Looper.java:154)
10-29 20:00:55.308   600   620 W WindowManager: 	at android.os.HandlerThread.run(HandlerThread.java:61)
10-29 20:00:55.308   600   620 W WindowManager: 	at com.android.server.ServiceThread.run(ServiceThread.java:46)
10-29 20:00:55.312   787  1716 I FontLog : Received query Google Sans, URI content://com.google.android.gms.fonts [CONTEXT service_id=132 ]
10-29 20:00:55.312   787  1716 I FontLog : Query [Google Sans] resolved to {Google Sans, wdth 100.0, wght 400, ital 0.0, bestEffort false} [CONTEXT service_id=132 ]
10-29 20:00:55.318   787  1716 I FontLog : Font PFD returned from cache for {Google Sans, wdth 100.0, wght 400, ital 0.0, bestEffort false} [CONTEXT service_id=132 ]
10-29 20:00:55.319   787  1716 I FontLog : Fetch {Google Sans, wdth 100.0, wght 400, ital 0.0, bestEffort false} end status Status{statusCode=SUCCESS, resolution=null} [CONTEXT service_id=132 ]
10-29 20:00:55.328   787  1714 I FontLog : Pulling font file for id = 404, cache size = 8 [CONTEXT service_id=132 ]
10-29 20:00:55.347   787   806 I FontLog : Received query Google Sans:500, URI content://com.google.android.gms.fonts [CONTEXT service_id=132 ]
10-29 20:00:55.348   787   806 I FontLog : Query [Google Sans:500] resolved to {Google Sans, wdth 100.0, wght 500, ital 0.0, bestEffort false} [CONTEXT service_id=132 ]
10-29 20:00:55.354   787   806 I FontLog : Font PFD returned from cache for {Google Sans, wdth 100.0, wght 500, ital 0.0, bestEffort false} [CONTEXT service_id=132 ]
10-29 20:00:55.354   787   806 I FontLog : Fetch {Google Sans, wdth 100.0, wght 500, ital 0.0, bestEffort false} end status Status{statusCode=SUCCESS, resolution=null} [CONTEXT service_id=132 ]
10-29 20:00:55.373   787  1258 E apju    : Phenotype API error. Event # cdub@6cccc41d, EventCode: 7 [CONTEXT service_id=51 ]
10-29 20:00:55.373   787  1258 E apju    : apiz: 29505: No config packages for log source, or config package not registered
10-29 20:00:55.373   787  1258 E apju    : 	at apkj.b(:com.google.android.gms@203915020@20.39.15 (040406-335085812):7)
10-29 20:00:55.373   787  1258 E apju    : 	at apkg.b(:com.google.android.gms@203915020@20.39.15 (040406-335085812):2)
10-29 20:00:55.373   787  1258 E apju    : 	at apju.a(:com.google.android.gms@203915020@20.39.15 (040406-335085812):85)
10-29 20:00:55.373   787  1258 E apju    : 	at apju.a(:com.google.android.gms@203915020@20.39.15 (040406-335085812):80)
10-29 20:00:55.373   787  1258 E apju    : 	at aain.run(:com.google.android.gms@203915020@20.39.15 (040406-335085812):7)
10-29 20:00:55.373   787  1258 E apju    : 	at boex.run(:com.google.android.gms@203915020@20.39.15 (040406-335085812):2)
10-29 20:00:55.373   787  1258 E apju    : 	at sup.b(:com.google.android.gms@203915020@20.39.15 (040406-335085812):12)
10-29 20:00:55.373   787  1258 E apju    : 	at sup.run(:com.google.android.gms@203915020@20.39.15 (040406-335085812):7)
10-29 20:00:55.373   787  1258 E apju    : 	at java.util.concurrent.ThreadPoolExecutor.runWorker(ThreadPoolExecutor.java:1133)
10-29 20:00:55.373   787  1258 E apju    : 	at java.util.concurrent.ThreadPoolExecutor$Worker.run(ThreadPoolExecutor.java:607)
10-29 20:00:55.373   787  1258 E apju    : 	at tam.run(:com.google.android.gms@203915020@20.39.15 (040406-335085812):0)
10-29 20:00:55.373   787  1258 E apju    : 	at java.lang.Thread.run(Thread.java:761)
10-29 20:00:55.373   787  1258 E AsyncOperation: serviceID=51, operation=GetExperimentTokensOperationCall [CONTEXT service_id=259 ]
10-29 20:00:55.373   787  1258 E AsyncOperation: OperationException[Status{statusCode=No config packages for log source, or config package not registered, resolution=null}]
10-29 20:00:55.373   787  1258 E AsyncOperation: 	at apju.a(:com.google.android.gms@203915020@20.39.15 (040406-335085812):87)
10-29 20:00:55.373   787  1258 E AsyncOperation: 	at apju.a(:com.google.android.gms@203915020@20.39.15 (040406-335085812):80)
10-29 20:00:55.373   787  1258 E AsyncOperation: 	at aain.run(:com.google.android.gms@203915020@20.39.15 (040406-335085812):7)
10-29 20:00:55.373   787  1258 E AsyncOperation: 	at boex.run(:com.google.android.gms@203915020@20.39.15 (040406-335085812):2)
10-29 20:00:55.373   787  1258 E AsyncOperation: 	at sup.b(:com.google.android.gms@203915020@20.39.15 (040406-335085812):12)
10-29 20:00:55.373   787  1258 E AsyncOperation: 	at sup.run(:com.google.android.gms@203915020@20.39.15 (040406-335085812):7)
10-29 20:00:55.373   787  1258 E AsyncOperation: 	at java.util.concurrent.ThreadPoolExecutor.runWorker(ThreadPoolExecutor.java:1133)
10-29 20:00:55.373   787  1258 E AsyncOperation: 	at java.util.concurrent.ThreadPoolExecutor$Worker.run(ThreadPoolExecutor.java:607)
10-29 20:00:55.373   787  1258 E AsyncOperation: 	at tam.run(:com.google.android.gms@203915020@20.39.15 (040406-335085812):0)
10-29 20:00:55.373   787  1258 E AsyncOperation: 	at java.lang.Thread.run(Thread.java:761)
10-29 20:00:55.379   787  1620 I FontLog : Pulling font file for id = 405, cache size = 9 [CONTEXT service_id=132 ]
10-29 20:00:55.390  8794  8811 D NetworkSecurityConfig: Using Network Security Config from resource 0_resource_name_obfuscated debugBuild: false
10-29 20:00:55.502 14788 14788 I MemoryTrimmer: Trimming objects from memory, since app is in the background.
10-29 20:00:55.507  1084  1084 I MemoryTrimmer: Trimming objects from memory, since app is in the background.
10-29 20:00:55.563 14788  8691 I DeviceStateChecker: DeviceStateChecker cancelled
10-29 20:00:55.563 14788 14788 I MicroDetector: Keeping mic open: false
10-29 20:00:55.564 14788  6184 I AudioController: internalShutdown
10-29 20:00:55.565 14788  6184 I MicrophoneInputStream: mic_close com.google.android.apps.gsa.speech.audio.ae@87c30c
10-29 20:00:55.566 14788 14861 I MicroRecognitionRunner: Stopping hotword detection.
10-29 20:00:55.589   238   285 I SoundTriggerHwService::Module: void android::SoundTriggerHwService::Module::onCallbackEvent(const sp<android::SoundTriggerHwService::CallbackEvent> &) mClient == 0
10-29 20:00:55.601 14788  8690 I MicroRecognitionRunner: Detection finished
10-29 20:00:55.620 14788 14788 I MemoryTrimmer: Trimming objects from memory, since app is in the background.
10-29 20:00:55.622  8794  8811 I cr_VariationsSeedFetch: Fetched first run seed in 245 ms
10-29 20:00:55.659   600 27731 I ActivityManager: Start proc 8829:com.android.chrome:sandboxed_process0/u0i711 for service com.android.chrome/org.chromium.content.app.SandboxedProcessService0
10-29 20:00:55.695  8829  8829 W dboxed_process0: type=1400 audit(0.0:2631): avc: denied { getattr } for path="/data/data/com.android.chrome" dev="dm-2" ino=12190 scontext=u:r:isolated_app:s0:c512,c768 tcontext=u:object_r:app_data_file:s0:c512,c768 tclass=dir permissive=0
10-29 20:00:55.719  8829  8829 I cr_ChildProcessService: Creating new ChildProcessService pid=8829
10-29 20:00:55.895   600 24515 I ActivityManager: Start proc 8858:com.android.chrome:privileged_process0/u0a35 for service com.android.chrome/org.chromium.content.app.PrivilegedProcessService0
10-29 20:00:55.968  8794  8817 W ConnectionStatusConfig: Dynamic lookup for intent failed for action: com.google.android.gms.auth.key.retrieval.service.START
10-29 20:00:56.005  8858  8858 I cr_ChildProcessService: Creating new ChildProcessService pid=8858
10-29 20:00:56.019  8794  8817 W ConnectionStatusConfig: Dynamic lookup for intent failed for action: com.google.android.gms.auth.key.retrieval.service.START
10-29 20:00:56.020   600 16391 W ActivityManager: Unable to start service Intent { act=com.google.android.gms.auth.key.retrieval.service.START pkg=com.google.android.gms } U=0: not found
10-29 20:00:56.058  8858  8874 I cr_LibraryLoader: Loaded native library version number "85.0.4183.127"
10-29 20:00:56.059  8858  8874 I cr_CachingUmaRecorder: Flushed 1 samples from 1 histograms.
10-29 20:00:56.059   600  1081 W ActivityManager: Unbind failed: could not find connection for android.os.BinderProxy@eb66882
10-29 20:00:56.060  8794  8817 E GmsClient: unable to connect to service: com.google.android.gms.auth.key.retrieval.service.START on com.google.android.gms
10-29 20:00:56.074  8858  8874 E libEGL  : validate_display:99 error 3008 (EGL_BAD_DISPLAY)
10-29 20:00:56.081  8794  8794 W cr_KnoxSettingsProvider: Permission to read device policy denied.
10-29 20:00:56.229  8794  8804 I art     : Background sticky concurrent mark sweep GC freed 11652(842KB) AllocSpace objects, 17(504KB) LOS objects, 23% free, 5MB/6MB, paused 5.162ms total 32.380ms
10-29 20:01:05.585   600   647 I WifiHAL : Got channel list with 13 channels
10-29 20:01:05.587   600   647 I WifiHAL : Got channel list with 4 channels
10-29 20:01:05.594   600   647 I WifiHAL : Got channel list with 15 channels
10-29 20:01:05.633 14788 14788 I MemoryTrimmer: Trimming objects from memory, since app is in the background.
10-29 20:01:07.789  8900  8900 D AndroidRuntime: >>>>>> START com.android.internal.os.RuntimeInit uid 2000 <<<<<<
10-29 20:01:07.792  8900  8900 D AndroidRuntime: CheckJNI is OFF
10-29 20:01:07.855  8900  8900 D ICU     : No timezone override file found: /data/misc/zoneinfo/current/icu/icu_tzdata.dat
10-29 20:01:07.887  8900  8900 I Radio-JNI: register_android_hardware_Radio DONE
10-29 20:01:07.902  8900  8900 D AndroidRuntime: Calling main entry com.android.commands.monkey.Monkey
10-29 20:01:07.967   600   613 W BroadcastQueue: Skipping deliver [background] BroadcastRecord{caf67f5 u-1 android.net.conn.CONNECTIVITY_CHANGE} to ReceiverList{4da198a 8900 (unknown name)/2000/u-1 remote:bbe50df}: process crashing
10-29 20:01:09.555  8900  8900 D MonkeyStub: translateCommand: wake
10-29 20:01:09.726  8900  8900 D MonkeyStub: translateCommand: tap 398 1198
10-29 20:01:11.955  8900  8900 D MonkeyStub: translateCommand: tap 720 1506
10-29 20:01:12.154 14919 14934 I PeopleChimeraService: onService. callbacks = aaik@8582a46, request = com.google.android.gms.common.internal.GetServiceRequest@28f8407
10-29 20:01:12.155 14919 14964 I PeopleChimeraService: onService. callbacks = aaik@93735d, request = com.google.android.gms.common.internal.GetServiceRequest@2dca4d2
10-29 20:01:14.208  8900  8900 D MonkeyStub: translateCommand: tap 355 1480
10-29 20:01:14.229  8900  8900 D MonkeyStub: Quit requested
10-29 20:01:14.252   600   610 I ActivityManager: START u0 {act=android.intent.action.VIEW flg=0x10008000 cmp=com.android.chrome/com.google.android.apps.chrome.Main (has extras)} from uid 10035 on display 0
10-29 20:01:14.305  8900  8900 I art     : System.exit called, status: 6
10-29 20:01:14.305  8900  8900 I AndroidRuntime: VM exiting with result code 6.
10-29 20:01:14.366   600   600 E AccessibilityManagerService: Error during sending EventType: TYPE_WINDOW_STATE_CHANGED; EventTime: 18522912; PackageName: com.android.chrome; MovementGranularity: 0; Action: 0 [ ClassName: android.widget.FrameLayout; Text: []; ContentDescription: null; ItemCount: -1; CurrentItemIndex: -1; IsEnabled: true; IsPassword: false; IsChecked: false; IsFullScreen: false; Scrollable: false; BeforeText: null; FromIndex: -1; ToIndex: -1; ScrollX: -1; ScrollY: -1; MaxScrollX: -1; MaxScrollY: -1; AddedCount: -1; RemovedCount: -1; ParcelableData: null ]; recordCount: 0 to android.accessibilityservice.IAccessibilityServiceClient$Stub$Proxy@5f73bf4
10-29 20:01:14.366   600   600 E AccessibilityManagerService: android.os.DeadObjectException
10-29 20:01:14.366   600   600 E AccessibilityManagerService: 	at android.os.BinderProxy.transactNative(Native Method)
10-29 20:01:14.366   600   600 E AccessibilityManagerService: 	at android.os.BinderProxy.transact(Binder.java:615)
10-29 20:01:14.366   600   600 E AccessibilityManagerService: 	at android.accessibilityservice.IAccessibilityServiceClient$Stub$Proxy.onAccessibilityEvent(IAccessibilityServiceClient.java:191)
10-29 20:01:14.366   600   600 E AccessibilityManagerService: 	at com.android.server.accessibility.AccessibilityManagerService$Service.notifyAccessibilityEventInternal(AccessibilityManagerService.java:3245)
10-29 20:01:14.366   600   600 E AccessibilityManagerService: 	at com.android.server.accessibility.AccessibilityManagerService$Service.-wrap0(AccessibilityManagerService.java)
10-29 20:01:14.366   600   600 E AccessibilityManagerService: 	at com.android.server.accessibility.AccessibilityManagerService$Service$1.handleMessage(AccessibilityManagerService.java:2260)
10-29 20:01:14.366   600   600 E AccessibilityManagerService: 	at android.os.Handler.dispatchMessage(Handler.java:102)
10-29 20:01:14.366   600   600 E AccessibilityManagerService: 	at android.os.Looper.loop(Looper.java:154)
10-29 20:01:14.366   600   600 E AccessibilityManagerService: 	at com.android.server.SystemServer.run(SystemServer.java:349)
10-29 20:01:14.366   600   600 E AccessibilityManagerService: 	at com.android.server.SystemServer.main(SystemServer.java:219)
10-29 20:01:14.366   600   600 E AccessibilityManagerService: 	at java.lang.reflect.Method.invoke(Native Method)
10-29 20:01:14.366   600   600 E AccessibilityManagerService: 	at com.android.internal.os.ZygoteInit$MethodAndArgsCaller.run(ZygoteInit.java:886)
10-29 20:01:14.366   600   600 E AccessibilityManagerService: 	at com.android.internal.os.ZygoteInit.main(ZygoteInit.java:776)
10-29 20:01:14.379   600  1080 W WindowManager: Attempted to remove non-existing token: android.os.Binder@f611bfb
10-29 20:01:14.461  8794  8794 E cr_CompositorSurfaceMgr: Transitioning to surface with format : -1
10-29 20:01:14.541  8794  8846 W cr_tabmodel: Starting to perform legacy migration.
10-29 20:01:14.554   600   609 I art     : Background partial concurrent mark sweep GC freed 28908(1459KB) AllocSpace objects, 8(176KB) LOS objects, 33% free, 15MB/23MB, paused 844us total 181.940ms
10-29 20:01:14.565  8794  8846 W cr_tabmodel: Finished performing legacy migration.
10-29 20:01:14.565  8794  8846 W cr_tabmodel: Starting to perform multi-instance migration.
10-29 20:01:14.566  8794  8846 W cr_tabmodel: Finished performing multi-instance migration.
10-29 20:01:14.566  8794  8846 I cr_tabmodel: Starting to fetch tab list for tab_state0
10-29 20:01:14.566  8794  8846 I cr_tabmodel: State file does not exist.
10-29 20:01:14.566  8794  8846 I cr_tabmodel: Starting to fetch tab list for tab_state1
10-29 20:01:14.566  8794  8846 I cr_tabmodel: State file does not exist.
10-29 20:01:14.583  8794  8846 I cr_ADCP : No customization source found
10-29 20:01:14.672   600   620 I ActivityManager: Displayed com.android.chrome/com.google.android.apps.chrome.Main: +354ms
10-29 20:01:14.676   600   707 E BatteryStatsService: power: Missing API
10-29 20:01:14.687   600   707 E BatteryStatsService: no controller energy info supplied
10-29 20:01:14.689   796   796 E PhoneInterfaceManager: [PhoneIntfMgr] queryModemActivityInfo: Empty response
10-29 20:01:14.694   600   707 E BatteryStatsService: modem info is invalid: ModemActivityInfo{ mTimestamp=0 mSleepTimeMs=0 mIdleTimeMs=0 mTxTimeMs[]=[0, 0, 0, 0, 0] mRxTimeMs=0 mEnergyUsed=0}
10-29 20:01:14.711  8794  8813 D OpenGLRenderer: endAllActiveAnimators on 0xd3db7900 (InsetDrawable) with handle 0xd3c92720
10-29 20:01:14.720  8794  8794 E cr_CompositorSurfaceMgr: Transitioning to surface with format : -1
10-29 20:01:14.723  8794  8794 E cr_CompositorSurfaceMgr: surfaceCreated format : 0
10-29 20:01:14.729  8794  8794 I cr_ContextualSearch: Tap suppression enabled: false
10-29 20:01:14.737  8794  8794 I cr_ChromeTabbedActivity: #initializeState
10-29 20:01:14.737  8794  8794 I cr_CipherFactory: #restoreFromBundle, no savedInstanceState.
10-29 20:01:14.737  8794  8794 I cr_tabmodel: #loadState, ignoreIncognitoFiles? true
10-29 20:01:14.928  8794  8794 I SchedulerApiWrapper: Create SchedulerApiMainThreadWrapper
10-29 20:01:14.942  8794  8794 I FeedSessionManagerImpl: FeedSessionManagerImpl has been created
10-29 20:01:14.944  8794  8794 I FeedAppLifecycleLstnr: onEnterForeground called
10-29 20:01:14.945  8794  8794 I FeedSessionManagerImpl: onLifecycleEvent foreground
10-29 20:01:14.945  8794  8794 I FeedSessionManagerImpl: Lazy initialization triggered, getUpdateConsumer
10-29 20:01:14.946  8794  8852 I TaskQueue: Execute task [IMMEDIATE - d: true, b: 0]: 30
10-29 20:01:14.946  8794  8794 I FeedRequestManagerImpl: trigger refresh 2
10-29 20:01:14.946  8794  8794 I TaskQueue:  - task [HEAD_INVALIDATE - d: true, b: 0]: 26
10-29 20:01:14.946  8794  8794 I FeedAppLifecycleLstnr: initialize called
10-29 20:01:14.946  8794  8794 I FeedSessionManagerImpl: onLifecycleEvent initialize
10-29 20:01:14.946  8794  8794 W FeedSessionManagerImpl: FeedSessionManagerImpl has previously been initialized
10-29 20:01:14.972  8794  8794 I ViewConfigCompat: Could not find method getScaledScrollFactor() on ViewConfiguration
10-29 20:01:14.976  8794  8794 I BasicStream: Setting 2 header views, currently have 0 headers
10-29 20:01:14.977  8794  8794 I BasicStream: Setting 2 header views, currently have 2 headers
10-29 20:01:15.030   600   619 D BluetoothManagerService: Message: 20
10-29 20:01:15.030   600   619 D BluetoothManagerService: Added callback: android.bluetooth.IBluetoothManagerCallback$Stub$Proxy@c68f98d:true
10-29 20:01:15.046  8794  8794 E cr_IntentUtils: getBooleanExtra failed on intent null
10-29 20:01:15.055  8794  8794 I TimeoutSessionImpl: Using TimeoutSessionImpl
10-29 20:01:15.055  8794  8794 I FeedSessionManagerImpl: Delaying populateSession until initialization is finished
10-29 20:01:15.056  8794  8794 I TaskQueue:  - task [IMMEDIATE - d: true, b: 1]: 13
10-29 20:01:15.056  8794  8794 I MainThreadRunner: Running task [BasicStream onShow] on the Main Thread with a delay of 500 milliseconds
10-29 20:01:15.064  8829  8843 I cr_LibraryLoader: Loaded native library version number "85.0.4183.127"
10-29 20:01:15.067  8829  8843 I cr_CachingUmaRecorder: Flushed 1 samples from 1 histograms.
10-29 20:01:15.133  8794  8852 W SessionCache: Persisted Sessions were not found
10-29 20:01:15.133  8794  8852 I HeadSessionImpl: Initialize HEAD 0 items
10-29 20:01:15.134  8794  8852 I TaskQueue:  - task [BACKGROUND - d: true, b: 2]: 11
10-29 20:01:15.134  8794  8852 I TimingUtils: Task Timing 187ms, thread JardinExecutor | task : Initialization
10-29 20:01:15.135  8794  8852 I TaskQueue:  - Finished 30, time 189 ms
10-29 20:01:15.135  8794  8852 I TaskQueue: Execute task [HEAD_INVALIDATE - d: true, b: 2]: 26
10-29 20:01:15.137  8794  8852 I TimingUtils: Task Timing   2ms, thread JardinExecutor | task : getAllDismissLocalActions | size : 0
10-29 20:01:15.137  8794  8852 I TimingUtils: Task Timing   0ms, thread JardinExecutor | task : getSemanticProperties | size : 0
10-29 20:01:15.138  8794  8852 I MainThreadRunner: Running task [Check Tooltips] on the Main Thread
10-29 20:01:15.138  8794  8852 I TaskQueue:  * Starting starvation checks
10-29 20:01:15.138  8794  8852 I MainThreadRunner: Running task [starvationChecks] on the Main Thread with a delay of 6000 milliseconds
10-29 20:01:15.138  8794  8852 I TaskQueue:  - Finished 26, time 3 ms
10-29 20:01:15.138  8794  8852 I TaskQueue: Execute task [IMMEDIATE - d: true, b: 1]: 13
10-29 20:01:15.138  8794  8852 I FeedSessionManagerImpl: shouldSessionRequestData; hasContent(false), contentCreationTime(0), outstandingRequest(true)
10-29 20:01:15.138  8794  8852 I MainThreadRunner: Running task [SchedulerApiWrapper shouldSessionRequestData] on the Main Thread
10-29 20:01:15.144   600 17381 W ActivityManager: Slow operation: 52ms so far, now at startProcess: returned from zygote!
10-29 20:01:15.144   600 17381 W ActivityManager: Slow operation: 52ms so far, now at startProcess: done updating battery stats
10-29 20:01:15.144   600 17381 W ActivityManager: Slow operation: 53ms so far, now at startProcess: building log message
10-29 20:01:15.144   600 17381 I ActivityManager: Start proc 8930:com.android.chrome:sandboxed_process1/u0i712 for service com.android.chrome/org.chromium.content.app.SandboxedProcessService1
10-29 20:01:15.144   600 17381 W ActivityManager: Slow operation: 53ms so far, now at startProcess: starting to update pids map
10-29 20:01:15.144   600 17381 W ActivityManager: Slow operation: 53ms so far, now at startProcess: done updating pids map
10-29 20:01:15.144   600 17381 W ActivityManager: Slow operation: 53ms so far, now at startProcess: done starting proc!
10-29 20:01:15.174   600  3509 I ActivityManager: Start proc 8937:com.android.chrome:sandboxed_process2/u0i713 for service com.android.chrome/org.chromium.content.app.SandboxedProcessService2
10-29 20:01:15.245  8794  8804 I art     : Background partial concurrent mark sweep GC freed 11619(655KB) AllocSpace objects, 6(680KB) LOS objects, 39% free, 9MB/15MB, paused 13.639ms total 120.862ms
10-29 20:01:15.251   600   707 W ActivityManager: Slow operation: 74ms so far, now at startProcess: returned from zygote!
10-29 20:01:15.251   600   707 W ActivityManager: Slow operation: 74ms so far, now at startProcess: done updating battery stats
10-29 20:01:15.251   600   707 W ActivityManager: Slow operation: 74ms so far, now at startProcess: building log message
10-29 20:01:15.251   600   707 I ActivityManager: Start proc 8950:com.android.chrome:sandboxed_process3/u0i714 for service com.android.chrome/org.chromium.content.app.SandboxedProcessService3
10-29 20:01:15.251   600   707 W ActivityManager: Slow operation: 74ms so far, now at startProcess: starting to update pids map
10-29 20:01:15.251   600   707 W ActivityManager: Slow operation: 74ms so far, now at startProcess: done updating pids map
10-29 20:01:15.251   600   707 W ActivityManager: Slow operation: 75ms so far, now at startProcess: done starting proc!
10-29 20:01:15.285   600   611 I ActivityManager: Start proc 8971:com.android.chrome:sandboxed_process4/u0i715 for service com.android.chrome/org.chromium.content.app.SandboxedProcessService4
10-29 20:01:15.348   600  1080 W ActivityManager: Slow operation: 58ms so far, now at startProcess: returned from zygote!
10-29 20:01:15.348   600  1080 W ActivityManager: Slow operation: 58ms so far, now at startProcess: done updating battery stats
10-29 20:01:15.348   600  1080 W ActivityManager: Slow operation: 58ms so far, now at startProcess: building log message
10-29 20:01:15.348   600  1080 I ActivityManager: Start proc 8980:com.android.chrome:sandboxed_process5/u0i716 for service com.android.chrome/org.chromium.content.app.SandboxedProcessService5
10-29 20:01:15.348   600  1080 W ActivityManager: Slow operation: 58ms so far, now at startProcess: starting to update pids map
10-29 20:01:15.348   600  1080 W ActivityManager: Slow operation: 58ms so far, now at startProcess: done updating pids map
10-29 20:01:15.348   600  1080 W ActivityManager: Slow operation: 58ms so far, now at startProcess: done starting proc!
10-29 20:01:15.375  8794  8794 I PlayCore: UID: [10035]  PID: [8794] SplitInstallService : deferredInstall([image_editor])
10-29 20:01:15.430   600  7064 W ActivityManager: Slow operation: 69ms so far, now at startProcess: returned from zygote!
10-29 20:01:15.430   600  7064 W ActivityManager: Slow operation: 69ms so far, now at startProcess: done updating battery stats
10-29 20:01:15.430   600  7064 W ActivityManager: Slow operation: 69ms so far, now at startProcess: building log message
10-29 20:01:15.430   600  7064 I ActivityManager: Start proc 8999:com.android.chrome:sandboxed_process6/u0i717 for service com.android.chrome/org.chromium.content.app.SandboxedProcessService6
10-29 20:01:15.430   600  7064 W ActivityManager: Slow operation: 69ms so far, now at startProcess: starting to update pids map
10-29 20:01:15.430   600  7064 W ActivityManager: Slow operation: 69ms so far, now at startProcess: done updating pids map
10-29 20:01:15.430   600  7064 W ActivityManager: Slow operation: 69ms so far, now at startProcess: done starting proc!
10-29 20:01:15.432  8794  8992 I PlayCore: UID: [10035]  PID: [8794] SplitInstallService : Initiate binding to the service.
10-29 20:01:15.458  8930  8930 W dboxed_process1: type=1400 audit(0.0:2632): avc: denied { getattr } for path="/data/data/com.android.chrome" dev="dm-2" ino=12190 scontext=u:r:isolated_app:s0:c512,c768 tcontext=u:object_r:app_data_file:s0:c512,c768 tclass=dir permissive=0
10-29 20:01:15.471  8937  8937 W dboxed_process2: type=1400 audit(0.0:2633): avc: denied { getattr } for path="/data/data/com.android.chrome" dev="dm-2" ino=12190 scontext=u:r:isolated_app:s0:c512,c768 tcontext=u:object_r:app_data_file:s0:c512,c768 tclass=dir permissive=0
10-29 20:01:15.486   600  3994 W ActivityManager: Slow operation: 51ms so far, now at startProcess: returned from zygote!
10-29 20:01:15.486   600  3994 W ActivityManager: Slow operation: 51ms so far, now at startProcess: done updating battery stats
10-29 20:01:15.486   600  3994 W ActivityManager: Slow operation: 51ms so far, now at startProcess: building log message
10-29 20:01:15.486   600  3994 I ActivityManager: Start proc 9011:com.android.chrome:sandboxed_process7/u0i718 for service com.android.chrome/org.chromium.content.app.SandboxedProcessService7
10-29 20:01:15.486   600  3994 W ActivityManager: Slow operation: 51ms so far, now at startProcess: starting to update pids map
10-29 20:01:15.486   600  3994 W ActivityManager: Slow operation: 51ms so far, now at startProcess: done updating pids map
10-29 20:01:15.486   600  3994 W ActivityManager: Slow operation: 51ms so far, now at startProcess: done starting proc!
10-29 20:01:15.551   600 24515 W ActivityManager: Slow operation: 54ms so far, now at startProcess: returned from zygote!
10-29 20:01:15.551   600 24515 W ActivityManager: Slow operation: 54ms so far, now at startProcess: done updating battery stats
10-29 20:01:15.551   600 24515 W ActivityManager: Slow operation: 54ms so far, now at startProcess: building log message
10-29 20:01:15.551   600 24515 I ActivityManager: Start proc 9023:com.android.chrome:sandboxed_process8/u0i719 for service com.android.chrome/org.chromium.content.app.SandboxedProcessService8
10-29 20:01:15.551   600 24515 W ActivityManager: Slow operation: 54ms so far, now at startProcess: starting to update pids map
10-29 20:01:15.551   600 24515 W ActivityManager: Slow operation: 54ms so far, now at startProcess: done updating pids map
10-29 20:01:15.551   600 24515 W ActivityManager: Slow operation: 54ms so far, now at startProcess: done starting proc!
10-29 20:01:15.572  8794  8794 I Choreographer: Skipped 54 frames!  The application may be doing too much work on its main thread.
10-29 20:01:15.575  8950  8950 W dboxed_process3: type=1400 audit(0.0:2634): avc: denied { getattr } for path="/data/data/com.android.chrome" dev="dm-2" ino=12190 scontext=u:r:isolated_app:s0:c512,c768 tcontext=u:object_r:app_data_file:s0:c512,c768 tclass=dir permissive=0
10-29 20:01:15.665  8937  8937 I cr_ChildProcessService: Creating new ChildProcessService pid=8937
10-29 20:01:15.675  8971  8971 W dboxed_process4: type=1400 audit(0.0:2635): avc: denied { getattr } for path="/data/data/com.android.chrome" dev="dm-2" ino=12190 scontext=u:r:isolated_app:s0:c512,c768 tcontext=u:object_r:app_data_file:s0:c512,c768 tclass=dir permissive=0
10-29 20:01:15.681  8980  8980 W dboxed_process5: type=1400 audit(0.0:2636): avc: denied { getattr } for path="/data/data/com.android.chrome" dev="dm-2" ino=12190 scontext=u:r:isolated_app:s0:c512,c768 tcontext=u:object_r:app_data_file:s0:c512,c768 tclass=dir permissive=0
10-29 20:01:15.695  8930  8930 I cr_ChildProcessService: Creating new ChildProcessService pid=8930
10-29 20:01:15.733  8950  8950 I cr_ChildProcessService: Creating new ChildProcessService pid=8950
10-29 20:01:15.735  8999  8999 W dboxed_process6: type=1400 audit(0.0:2637): avc: denied { getattr } for path="/data/data/com.android.chrome" dev="dm-2" ino=12190 scontext=u:r:isolated_app:s0:c512,c768 tcontext=u:object_r:app_data_file:s0:c512,c768 tclass=dir permissive=0
10-29 20:01:15.807  8794  8794 I TaskQueue:  - task [IMMEDIATE - d: true, b: 1]: 27
10-29 20:01:15.807  8794  8852 I FeedSessionManagerImpl: shouldSessionRequestDataResult: NO_REQUEST_WITH_WAIT, shouldMakeRequest(false), withTimeout(false), withAppend(false)
10-29 20:01:15.807  8794  8852 I TaskQueue:  - task [USER_FACING - d: true, b: 2]: 24
10-29 20:01:15.807  8794  8852 I TaskQueue:  - Finished 13, time 669 ms
10-29 20:01:15.808  8794  8852 I TaskQueue: Execute task [IMMEDIATE - d: true, b: 2]: 27
10-29 20:01:15.809  8794  8852 I FeedRequestManagerImpl: Consistency Token: # hU2@7bca4
10-29 20:01:15.825  9011  9011 W dboxed_process7: type=1400 audit(0.0:2638): avc: denied { getattr } for path="/data/data/com.android.chrome" dev="dm-2" ino=12190 scontext=u:r:isolated_app:s0:c512,c768 tcontext=u:object_r:app_data_file:s0:c512,c768 tclass=dir permissive=0
10-29 20:01:15.826  8794  8852 I FeedRequestManagerImpl: Capability: FEED_UI
10-29 20:01:15.826  8794  8852 I FeedRequestManagerImpl: Capability: UNDOABLE_ACTIONS
10-29 20:01:15.826  8794  8852 I FeedRequestManagerImpl: Capability: MANAGE_INTERESTS
10-29 20:01:15.826  8794  8852 I FeedRequestManagerImpl: Capability: SEND_FEEDBACK
10-29 20:01:15.826  8794  8852 I FeedRequestManagerImpl: Capability: ARTICLE_SNIPPETS
10-29 20:01:15.827  8794  8852 I FeedRequestManagerImpl: Capability: CLICK_ACTION
10-29 20:01:15.827  8794  8852 I FeedRequestManagerImpl: Capability: VIEW_ACTION
10-29 20:01:15.827  8794  8852 I FeedRequestManagerImpl: Capability: REPORT_FEED_USER_ACTIONS_NOTICE_CARD
10-29 20:01:15.827  8794  8852 I FeedRequestManagerImpl: Capability: BASE_UI
10-29 20:01:15.862  8794  8852 I FeedRequestManagerImpl: Making Request: /httpservice/noretry/DiscoverClankService/FeedQuery
10-29 20:01:15.862  8794  8852 I MainThreadRunner: Running task [NetworkClientWrapper send] on the Main Thread
10-29 20:01:15.862  8794  8852 I TaskQueue:  - Finished 27, time 55 ms
10-29 20:01:15.895  9023  9023 W dboxed_process8: type=1400 audit(0.0:2639): avc: denied { getattr } for path="/data/data/com.android.chrome" dev="dm-2" ino=12190 scontext=u:r:isolated_app:s0:c512,c768 tcontext=u:object_r:app_data_file:s0:c512,c768 tclass=dir permissive=0
10-29 20:01:15.900  8971  8971 I cr_ChildProcessService: Creating new ChildProcessService pid=8971
10-29 20:01:15.948  8980  8980 I cr_ChildProcessService: Creating new ChildProcessService pid=8980
10-29 20:01:15.969  8999  8999 I cr_ChildProcessService: Creating new ChildProcessService pid=8999
10-29 20:01:15.971  8794  8794 I cr_tabmodel: Appending tabs being restored to metadata lists, 0, startingNormalCount: 1, startingIncognitoCount: 0
10-29 20:01:15.971  8794  8794 I cr_tabmodel: Serializing tab lists; counts: 1, 0
10-29 20:01:16.008  8937  9045 I cr_LibraryLoader: Loaded native library version number "85.0.4183.127"
10-29 20:01:16.008  8937  9045 I cr_CachingUmaRecorder: Flushed 1 samples from 1 histograms.
10-29 20:01:16.055  9011  9011 I cr_ChildProcessService: Creating new ChildProcessService pid=9011
10-29 20:01:16.056  9023  9023 I cr_ChildProcessService: Creating new ChildProcessService pid=9023
10-29 20:01:16.094  8930  9046 I cr_LibraryLoader: Loaded native library version number "85.0.4183.127"
10-29 20:01:16.099  8794  8794 I Choreographer: Skipped 30 frames!  The application may be doing too much work on its main thread.
10-29 20:01:16.123  8930  9046 I cr_CachingUmaRecorder: Flushed 1 samples from 1 histograms.
10-29 20:01:16.227  8937  9045 I chromium: [INFO:child_process_service.cc(69)] ChildProcessService: Exiting child process.
10-29 20:01:16.229   197   197 E lowmemorykiller: Error writing /proc/8937/oom_score_adj; errno=22
10-29 20:01:16.237  8950  9047 I cr_LibraryLoader: Loaded native library version number "85.0.4183.127"
10-29 20:01:16.245  8950  9047 I cr_CachingUmaRecorder: Flushed 1 samples from 1 histograms.
10-29 20:01:16.246   600  3507 I ActivityManager: Process com.android.chrome:sandboxed_process2 (pid 8937) has died
10-29 20:01:16.246   600  3507 D ActivityManager: cleanUpApplicationRecord -- 8937
10-29 20:01:16.262  8794  8794 W chromium: [WARNING:compositor_view.cc(315)] Child process died (type=6) pid=8937)
10-29 20:01:16.300  8980  9053 I cr_LibraryLoader: Loaded native library version number "85.0.4183.127"
10-29 20:01:16.300  8980  9053 I cr_CachingUmaRecorder: Flushed 1 samples from 1 histograms.
10-29 20:01:16.308  8971  9052 I cr_LibraryLoader: Loaded native library version number "85.0.4183.127"
10-29 20:01:16.309  8971  9052 I cr_CachingUmaRecorder: Flushed 1 samples from 1 histograms.
10-29 20:01:16.340  8999  9054 I cr_LibraryLoader: Loaded native library version number "85.0.4183.127"
10-29 20:01:16.344  8999  9054 I cr_CachingUmaRecorder: Flushed 1 samples from 1 histograms.
10-29 20:01:16.350  8794  8804 I art     : Background sticky concurrent mark sweep GC freed 78022(4MB) AllocSpace objects, 50(1020KB) LOS objects, 33% free, 9MB/15MB, paused 637us total 153.261ms
10-29 20:01:16.375  9011  9056 I cr_LibraryLoader: Loaded native library version number "85.0.4183.127"
10-29 20:01:16.375  9011  9056 I cr_CachingUmaRecorder: Flushed 1 samples from 1 histograms.
10-29 20:01:16.386  8930  9046 I chromium: [INFO:child_process_service.cc(69)] ChildProcessService: Exiting child process.
10-29 20:01:16.390   600  9614 W ActivityManager: Unable to start service Intent { act=com.google.android.play.core.splitinstall.BIND_SPLIT_INSTALL_SERVICE pkg=com.android.vending } U=0: not found
10-29 20:01:16.442   600  2707 I ActivityManager: Killing 8950:com.android.chrome:sandboxed_process3/u0a35i714 (adj 0): isolated not needed
10-29 20:01:16.443   600  2707 I ActivityManager: Killing 8930:com.android.chrome:sandboxed_process1/u0a35i712 (adj 0): isolated not needed
10-29 20:01:16.473  8971  9052 I chromium: [INFO:child_process_service.cc(69)] ChildProcessService: Exiting child process.
10-29 20:01:16.485  9023  9057 I cr_LibraryLoader: Loaded native library version number "85.0.4183.127"
10-29 20:01:16.486  9023  9057 I cr_CachingUmaRecorder: Flushed 1 samples from 1 histograms.
10-29 20:01:16.541  9011  9056 I chromium: [INFO:child_process_service.cc(69)] ChildProcessService: Exiting child process.
10-29 20:01:16.541   197   197 E lowmemorykiller: Error writing /proc/9011/oom_score_adj; errno=22
10-29 20:01:16.566   600  3994 I ActivityManager: Start proc 9083:com.android.chrome:sandboxed_process9/u0i720 for service com.android.chrome/org.chromium.content.app.SandboxedProcessService9
10-29 20:01:16.573   600  1081 I ActivityManager: Process com.android.chrome:sandboxed_process7 (pid 9011) has died
10-29 20:01:16.573   600  1081 D ActivityManager: cleanUpApplicationRecord -- 9011
10-29 20:01:16.576   600  1081 I ActivityManager: Killing 8999:com.android.chrome:sandboxed_process6/u0a35i717 (adj 0): isolated not needed
10-29 20:01:16.576   600  1081 I ActivityManager: Killing 8971:com.android.chrome:sandboxed_process4/u0a35i715 (adj 0): isolated not needed
10-29 20:01:16.576   600  1081 I ActivityManager: Killing 8980:com.android.chrome:sandboxed_process5/u0a35i716 (adj 0): isolated not needed
10-29 20:01:16.581  8794  8794 W chromium: [WARNING:compositor_view.cc(315)] Child process died (type=6) pid=9011)
10-29 20:01:16.625   600   713 I ActivityManager: Killing 9023:com.android.chrome:sandboxed_process8/u0a35i719 (adj 0): isolated not needed
10-29 20:01:16.676  8794  8853 W cr_CrashFileManager: /data/user/0/com.android.chrome/cache/Crash Reports does not exist or is not a directory
10-29 20:01:16.676  8794  8853 W cr_CrashFileManager: /data/user/0/com.android.chrome/cache/Crash Reports does not exist or is not a directory
10-29 20:01:16.676  8794  8853 W cr_CrashFileManager: /data/user/0/com.android.chrome/cache/Crash Reports does not exist or is not a directory
10-29 20:01:16.698  8794  8853 I cr_FileUtils: Writing to /data/user/0/com.android.chrome/app_dex/webapk7.dex
10-29 20:01:16.728  9083  9083 W dboxed_process9: type=1400 audit(0.0:2640): avc: denied { getattr } for path="/data/data/com.android.chrome" dev="dm-2" ino=12190 scontext=u:r:isolated_app:s0:c512,c768 tcontext=u:object_r:app_data_file:s0:c512,c768 tclass=dir permissive=0
10-29 20:01:16.731   600   707 D ActivityManager: cleanUpApplicationRecord -- 8930
10-29 20:01:16.755  8794  8794 W chromium: [WARNING:compositor_view.cc(315)] Child process died (type=6) pid=8930)
10-29 20:01:16.762  8794  8828 I cr_BindingManager: Moderate binding enabled: maxSize=40
10-29 20:01:16.824  9083  9083 I cr_ChildProcessService: Creating new ChildProcessService pid=9083
10-29 20:01:16.888  9096  9096 I dex2oat : /system/bin/dex2oat --dex-file=/data/user/0/com.android.chrome/app_dex/webapk7.dex --oat-fd=211 --oat-location=/data/user/0/com.android.chrome/app_dex/oat/arm/webapk7.dex --compiler-filter=speed
10-29 20:01:16.942  9083  9097 I cr_LibraryLoader: Loaded native library version number "85.0.4183.127"
10-29 20:01:16.942  9083  9097 I cr_CachingUmaRecorder: Flushed 1 samples from 1 histograms.
10-29 20:01:17.009  9083  9097 I chromium: [INFO:child_process_service.cc(69)] ChildProcessService: Exiting child process.
10-29 20:01:17.036  8928  8928 D AndroidRuntime: >>>>>> START com.android.internal.os.RuntimeInit uid 2000 <<<<<<
10-29 20:01:17.039  8794  8992 I PlayCore: UID: [10035]  PID: [8794] SplitInstallService : Failed to bind to the service.
10-29 20:01:17.067   600  1081 W ActivityManager: Slow operation: 94ms so far, now at startProcess: returned from zygote!
10-29 20:01:17.068   600  1081 W ActivityManager: Slow operation: 94ms so far, now at startProcess: done updating battery stats
10-29 20:01:17.068   600  1081 W ActivityManager: Slow operation: 94ms so far, now at startProcess: building log message
10-29 20:01:17.068   600  1081 I ActivityManager: Start proc 9103:com.android.chrome:sandboxed_process10/u0i721 for service com.android.chrome/org.chromium.content.app.SandboxedProcessService10
10-29 20:01:17.068   600  1081 W ActivityManager: Slow operation: 94ms so far, now at startProcess: starting to update pids map
10-29 20:01:17.068   600  1081 W ActivityManager: Slow operation: 94ms so far, now at startProcess: done updating pids map
10-29 20:01:17.068   600  1081 W ActivityManager: Slow operation: 94ms so far, now at startProcess: done starting proc!
10-29 20:01:17.071  8794  8794 W chromium: [WARNING:compositor_view.cc(315)] Child process died (type=6) pid=9083)
10-29 20:01:17.071   600   611 I ActivityManager: Process com.android.chrome:sandboxed_process9 (pid 9083) has died
10-29 20:01:17.071   600   611 D ActivityManager: cleanUpApplicationRecord -- 9083
10-29 20:01:17.071   600   611 W ActivityManager: Scheduling restart of crashed service com.android.chrome/org.chromium.content.app.SandboxedProcessService9 in 1000ms
10-29 20:01:17.101  8928  8928 D AndroidRuntime: CheckJNI is OFF
10-29 20:01:17.110   600  1076 I ActivityManager: Start proc 9110:com.android.chrome:sandboxed_process11/u0i722 for service com.android.chrome/org.chromium.content.app.SandboxedProcessService11
10-29 20:01:17.116 14919 14954 I Icing   : IndexChimeraService.getServiceInterface callingPackage=com.android.chrome componentName=null serviceId=36
10-29 20:01:17.157   600  9614 I ActivityManager: Start proc 9126:com.android.chrome:sandboxed_process12/u0i723 for service com.android.chrome/org.chromium.content.app.SandboxedProcessService12
10-29 20:01:17.160 14919 14965 I Icing   : IndexChimeraService.getServiceInterface callingPackage=com.android.chrome componentName=null serviceId=36
10-29 20:01:17.195   600  3994 I ActivityManager: Start proc 9139:com.android.chrome:sandboxed_process13/u0i724 for service com.android.chrome/org.chromium.content.app.SandboxedProcessService13
10-29 20:01:17.234   600 27731 I ActivityManager: Start proc 9152:com.android.chrome:sandboxed_process14/u0i725 for service com.android.chrome/org.chromium.content.app.SandboxedProcessService14
10-29 20:01:17.305  9103  9103 W boxed_process10: type=1400 audit(0.0:2641): avc: denied { getattr } for path="/data/data/com.android.chrome" dev="dm-2" ino=12190 scontext=u:r:isolated_app:s0:c512,c768 tcontext=u:object_r:app_data_file:s0:c512,c768 tclass=dir permissive=0
10-29 20:01:17.345  9110  9110 W boxed_process11: type=1400 audit(0.0:2642): avc: denied { getattr } for path="/data/data/com.android.chrome" dev="dm-2" ino=12190 scontext=u:r:isolated_app:s0:c512,c768 tcontext=u:object_r:app_data_file:s0:c512,c768 tclass=dir permissive=0
10-29 20:01:17.355  8928  8928 D ICU     : No timezone override file found: /data/misc/zoneinfo/current/icu/icu_tzdata.dat
10-29 20:01:17.428  9103  9103 I cr_ChildProcessService: Creating new ChildProcessService pid=9103
10-29 20:01:17.460  9110  9110 I cr_ChildProcessService: Creating new ChildProcessService pid=9110
10-29 20:01:17.514  8928  8928 I Radio-JNI: register_android_hardware_Radio DONE
10-29 20:01:17.523   600  6312 W ActivityManager: Slow operation: 284ms so far, now at startProcess: returned from zygote!
10-29 20:01:17.523   600  6312 W ActivityManager: Slow operation: 284ms so far, now at startProcess: done updating battery stats
10-29 20:01:17.523   600  6312 W ActivityManager: Slow operation: 284ms so far, now at startProcess: building log message
10-29 20:01:17.523   600  6312 I ActivityManager: Start proc 9181:com.android.chrome:sandboxed_process15/u0i726 for service com.android.chrome/org.chromium.content.app.SandboxedProcessService15
10-29 20:01:17.523   600  6312 W ActivityManager: Slow operation: 284ms so far, now at startProcess: starting to update pids map
10-29 20:01:17.523   600  6312 W ActivityManager: Slow operation: 284ms so far, now at startProcess: done updating pids map
10-29 20:01:17.523   600  6312 W ActivityManager: Slow operation: 284ms so far, now at startProcess: done starting proc!
10-29 20:01:17.571  9152  9152 W boxed_process14: type=1400 audit(0.0:2643): avc: denied { getattr } for path="/data/data/com.android.chrome" dev="dm-2" ino=12190 scontext=u:r:isolated_app:s0:c512,c768 tcontext=u:object_r:app_data_file:s0:c512,c768 tclass=dir permissive=0
10-29 20:01:17.579  9096  9096 I dex2oat : dex2oat took 695.868ms (threads: 2) arena alloc=771KB (790272B) java alloc=100KB (103232B) native alloc=559KB (573200B) free=1488KB (1523952B)
10-29 20:01:17.581  9126  9126 W boxed_process12: type=1400 audit(0.0:2644): avc: denied { getattr } for path="/data/data/com.android.chrome" dev="dm-2" ino=12190 scontext=u:r:isolated_app:s0:c512,c768 tcontext=u:object_r:app_data_file:s0:c512,c768 tclass=dir permissive=0
10-29 20:01:17.588  9139  9139 W boxed_process13: type=1400 audit(0.0:2645): avc: denied { getattr } for path="/data/data/com.android.chrome" dev="dm-2" ino=12190 scontext=u:r:isolated_app:s0:c512,c768 tcontext=u:object_r:app_data_file:s0:c512,c768 tclass=dir permissive=0
10-29 20:01:17.645   600  7064 I ActivityManager: Start proc 9194:com.android.chrome:sandboxed_process16/u0i727 for service com.android.chrome/org.chromium.content.app.SandboxedProcessService16
10-29 20:01:17.647  8928  8928 D AndroidRuntime: Calling main entry com.android.commands.am.Am
10-29 20:01:17.705   600  2707 I ActivityManager: Start proc 9209:com.android.chrome:sandboxed_process17/u0i728 for service com.android.chrome/org.chromium.content.app.SandboxedProcessService17
10-29 20:01:17.711  9152  9152 I cr_ChildProcessService: Creating new ChildProcessService pid=9152
10-29 20:01:17.736  9139  9139 I cr_ChildProcessService: Creating new ChildProcessService pid=9139
10-29 20:01:17.742  9126  9126 I cr_ChildProcessService: Creating new ChildProcessService pid=9126
10-29 20:01:17.751   600   610 I ActivityManager: Start proc 9218:com.android.chrome:sandboxed_process18/u0i729 for service com.android.chrome/org.chromium.content.app.SandboxedProcessService18
10-29 20:01:17.755  9181  9181 W boxed_process15: type=1400 audit(0.0:2646): avc: denied { getattr } for path="/data/data/com.android.chrome" dev="dm-2" ino=12190 scontext=u:r:isolated_app:s0:c512,c768 tcontext=u:object_r:app_data_file:s0:c512,c768 tclass=dir permissive=0
10-29 20:01:17.761  8794  8828 I cr_BindingManager: onTrimMemory: level=15, size=0
10-29 20:01:17.819  9103  9174 I cr_LibraryLoader: Loaded native library version number "85.0.4183.127"
10-29 20:01:17.820  9103  9174 I cr_CachingUmaRecorder: Flushed 1 samples from 1 histograms.
10-29 20:01:17.829   600  1076 I ActivityManager: START u0 {act=android.intent.action.VIEW dat=http://scientificamerican.com/... flg=0x10000000 cmp=com.android.chrome/com.google.android.apps.chrome.Main} from uid 2000 on display 0
10-29 20:01:17.837  9110  9176 I cr_LibraryLoader: Loaded native library version number "85.0.4183.127"
10-29 20:01:17.839  9110  9176 I cr_CachingUmaRecorder: Flushed 1 samples from 1 histograms.
10-29 20:01:17.861  8928  8928 D AndroidRuntime: Shutting down VM
10-29 20:01:17.893  8794  8794 E cr_IntentUtils: getInt failed on bundle null
