--------- beginning of main
10-29 17:19:48.411 16322 16322 D AndroidRuntime: >>>>>> START com.android.internal.os.RuntimeInit uid 2000 <<<<<<
10-29 17:19:48.414 16322 16322 D AndroidRuntime: CheckJNI is OFF
10-29 17:19:48.479 16322 16322 D ICU     : No timezone override file found: /data/misc/zoneinfo/current/icu/icu_tzdata.dat
10-29 17:19:48.507 16322 16322 I Radio-JNI: register_android_hardware_Radio DONE
10-29 17:19:48.522 16322 16322 D AndroidRuntime: Calling main entry com.android.commands.am.Am
--------- beginning of system
10-29 17:19:48.540   600   713 I ActivityManager: Force stopping com.android.chrome appid=10035 user=0: from pid 16322
10-29 17:19:48.540   600   713 I ActivityManager: Killing 16280:com.android.chrome/u0a35 (adj 902): stop com.android.chrome
10-29 17:19:48.540   600   713 D ActivityManager: cleanUpApplicationRecord -- 16280
10-29 17:19:48.551  1061  1061 D RegisteredNfcFServicesCache: Service unchanged, not updating
10-29 17:19:48.804   600  1082 I ActivityManager: START u0 {act=android.intent.action.VIEW flg=0x10008000 cmp=com.android.chrome/com.google.android.apps.chrome.Main} from uid 2000 on display 0
10-29 17:19:48.847 16322 16322 D AndroidRuntime: Shutting down VM
10-29 17:19:48.855   600  2707 I ActivityManager: Start proc 16332:com.android.chrome/u0a35 for activity com.android.chrome/com.google.android.apps.chrome.Main
10-29 17:19:49.037   600 17381 I ActivityManager: START u0 {cmp=com.android.chrome/org.chromium.chrome.browser.firstrun.TabbedModeFirstRunActivity (has extras)} from uid 10035 on display 0
10-29 17:19:49.052 16332 16350 W DynamiteModule: Local module descriptor class for com.google.android.gms.googlecertificates not found.
10-29 17:19:49.069 16332 16350 I DynamiteModule: Considering local module com.google.android.gms.googlecertificates:0 and remote module com.google.android.gms.googlecertificates:6
10-29 17:19:49.069 16332 16350 I DynamiteModule: Selected remote version of com.google.android.gms.googlecertificates, version >= 6
10-29 17:19:49.217 16332 16350 W System  : ClassLoader referenced unknown path: 
10-29 17:19:49.220 16332 16350 D ApplicationLoaders: ignored Vulkan layer search path /data/app/com.google.android.gms-1/lib/arm:/data/app/com.google.android.gms-1/base.apk!/lib/armeabi-v7a:/data/app/com.google.android.gms-1/split_config.en.apk!/lib/armeabi-v7a for namespace 0xf4a40090
10-29 17:19:49.224 16332 16350 W ResourceType: ResTable_typeSpec entry count inconsistent: given 67, previously 69
10-29 17:19:49.224 16332 16350 W ResourceType: ResTable_typeSpec entry count inconsistent: given 5346, previously 5347
10-29 17:19:49.226 16332 16351 I cr_LibraryLoader: Loaded native library version number "85.0.4183.127"
10-29 17:19:49.227 16332 16351 I cr_CachingUmaRecorder: Flushed 10 samples from 10 histograms.
10-29 17:19:49.245 16332 16352 I OpenGLRenderer: Initialized EGL, version 1.4
10-29 17:19:49.245 16332 16352 D OpenGLRenderer: Swap behavior 2
10-29 17:19:49.265 16332 16350 I DynamiteLoaderV2Impl: [70] Googlecertificates
10-29 17:19:49.287 16332 16350 W System  : ClassLoader referenced unknown path: /data/user_de/0/com.google.android.gms/app_chimera/m/00000061/n/armeabi-v7a
10-29 17:19:49.287 16332 16350 W System  : ClassLoader referenced unknown path: /data/user_de/0/com.google.android.gms/app_chimera/m/00000061/n/armeabi
10-29 17:19:49.401 16332 16347 D NetworkSecurityConfig: Using Network Security Config from resource 0_resource_name_obfuscated debugBuild: false
10-29 17:19:49.404   600   620 I ActivityManager: Displayed com.android.chrome/org.chromium.chrome.browser.firstrun.TabbedModeFirstRunActivity: +321ms (total +568ms)
10-29 17:19:49.418   600   620 W WindowManager: Failed looking up window
10-29 17:19:49.418   600   620 W WindowManager: java.lang.IllegalArgumentException: Requested window android.view.ViewRootImpl$W@d07987b does not exist
10-29 17:19:49.418   600   620 W WindowManager: 	at com.android.server.wm.WindowManagerService.windowForClientLocked(WindowManagerService.java:9422)
10-29 17:19:49.418   600   620 W WindowManager: 	at com.android.server.wm.WindowManagerService.windowForClientLocked(WindowManagerService.java:9413)
10-29 17:19:49.418   600   620 W WindowManager: 	at com.android.server.wm.WindowManagerService.removeWindow(WindowManagerService.java:2393)
10-29 17:19:49.418   600   620 W WindowManager: 	at com.android.server.wm.Session.remove(Session.java:202)
10-29 17:19:49.418   600   620 W WindowManager: 	at android.view.ViewRootImpl.dispatchDetachedFromWindow(ViewRootImpl.java:3290)
10-29 17:19:49.418   600   620 W WindowManager: 	at android.view.ViewRootImpl.doDie(ViewRootImpl.java:5917)
10-29 17:19:49.418   600   620 W WindowManager: 	at android.view.ViewRootImpl$ViewRootHandler.handleMessage(ViewRootImpl.java:3626)
10-29 17:19:49.418   600   620 W WindowManager: 	at android.os.Handler.dispatchMessage(Handler.java:102)
10-29 17:19:49.418   600   620 W WindowManager: 	at android.os.Looper.loop(Looper.java:154)
10-29 17:19:49.418   600   620 W WindowManager: 	at android.os.HandlerThread.run(HandlerThread.java:61)
10-29 17:19:49.418   600   620 W WindowManager: 	at com.android.server.ServiceThread.run(ServiceThread.java:46)
10-29 17:19:49.424   787   805 I FontLog : Received query Google Sans, URI content://com.google.android.gms.fonts [CONTEXT service_id=132 ]
10-29 17:19:49.425   787   805 I FontLog : Query [Google Sans] resolved to {Google Sans, wdth 100.0, wght 400, ital 0.0, bestEffort false} [CONTEXT service_id=132 ]
10-29 17:19:49.427   787   805 I FontLog : Font PFD returned from cache for {Google Sans, wdth 100.0, wght 400, ital 0.0, bestEffort false} [CONTEXT service_id=132 ]
10-29 17:19:49.427   787   805 I FontLog : Fetch {Google Sans, wdth 100.0, wght 400, ital 0.0, bestEffort false} end status Status{statusCode=SUCCESS, resolution=null} [CONTEXT service_id=132 ]
10-29 17:19:49.438   787   806 I FontLog : Pulling font file for id = 182, cache size = 7 [CONTEXT service_id=132 ]
10-29 17:19:49.454   787  1620 I FontLog : Received query Google Sans:500, URI content://com.google.android.gms.fonts [CONTEXT service_id=132 ]
10-29 17:19:49.455   787  1620 I FontLog : Query [Google Sans:500] resolved to {Google Sans, wdth 100.0, wght 500, ital 0.0, bestEffort false} [CONTEXT service_id=132 ]
10-29 17:19:49.456   787  1620 I FontLog : Font PFD returned from cache for {Google Sans, wdth 100.0, wght 500, ital 0.0, bestEffort false} [CONTEXT service_id=132 ]
10-29 17:19:49.457   787  1620 I FontLog : Fetch {Google Sans, wdth 100.0, wght 500, ital 0.0, bestEffort false} end status Status{statusCode=SUCCESS, resolution=null} [CONTEXT service_id=132 ]
10-29 17:19:49.463   787  1174 I FontLog : Pulling font file for id = 183, cache size = 7 [CONTEXT service_id=132 ]
10-29 17:19:49.499   787  1258 E apju    : Phenotype API error. Event # cdub@643f3f, EventCode: 7 [CONTEXT service_id=51 ]
10-29 17:19:49.499   787  1258 E apju    : apiz: 29505: No config packages for log source, or config package not registered
10-29 17:19:49.499   787  1258 E apju    : 	at apkj.b(:com.google.android.gms@203915020@20.39.15 (040406-335085812):7)
10-29 17:19:49.499   787  1258 E apju    : 	at apkg.b(:com.google.android.gms@203915020@20.39.15 (040406-335085812):2)
10-29 17:19:49.499   787  1258 E apju    : 	at apju.a(:com.google.android.gms@203915020@20.39.15 (040406-335085812):85)
10-29 17:19:49.499   787  1258 E apju    : 	at apju.a(:com.google.android.gms@203915020@20.39.15 (040406-335085812):80)
10-29 17:19:49.499   787  1258 E apju    : 	at aain.run(:com.google.android.gms@203915020@20.39.15 (040406-335085812):7)
10-29 17:19:49.499   787  1258 E apju    : 	at boex.run(:com.google.android.gms@203915020@20.39.15 (040406-335085812):2)
10-29 17:19:49.499   787  1258 E apju    : 	at sup.b(:com.google.android.gms@203915020@20.39.15 (040406-335085812):12)
10-29 17:19:49.499   787  1258 E apju    : 	at sup.run(:com.google.android.gms@203915020@20.39.15 (040406-335085812):7)
10-29 17:19:49.499   787  1258 E apju    : 	at java.util.concurrent.ThreadPoolExecutor.runWorker(ThreadPoolExecutor.java:1133)
10-29 17:19:49.499   787  1258 E apju    : 	at java.util.concurrent.ThreadPoolExecutor$Worker.run(ThreadPoolExecutor.java:607)
10-29 17:19:49.499   787  1258 E apju    : 	at tam.run(:com.google.android.gms@203915020@20.39.15 (040406-335085812):0)
10-29 17:19:49.499   787  1258 E apju    : 	at java.lang.Thread.run(Thread.java:761)
10-29 17:19:49.499   787  1258 E AsyncOperation: serviceID=51, operation=GetExperimentTokensOperationCall [CONTEXT service_id=259 ]
10-29 17:19:49.499   787  1258 E AsyncOperation: OperationException[Status{statusCode=No config packages for log source, or config package not registered, resolution=null}]
10-29 17:19:49.499   787  1258 E AsyncOperation: 	at apju.a(:com.google.android.gms@203915020@20.39.15 (040406-335085812):87)
10-29 17:19:49.499   787  1258 E AsyncOperation: 	at apju.a(:com.google.android.gms@203915020@20.39.15 (040406-335085812):80)
10-29 17:19:49.499   787  1258 E AsyncOperation: 	at aain.run(:com.google.android.gms@203915020@20.39.15 (040406-335085812):7)
10-29 17:19:49.499   787  1258 E AsyncOperation: 	at boex.run(:com.google.android.gms@203915020@20.39.15 (040406-335085812):2)
10-29 17:19:49.499   787  1258 E AsyncOperation: 	at sup.b(:com.google.android.gms@203915020@20.39.15 (040406-335085812):12)
10-29 17:19:49.499   787  1258 E AsyncOperation: 	at sup.run(:com.google.android.gms@203915020@20.39.15 (040406-335085812):7)
10-29 17:19:49.499   787  1258 E AsyncOperation: 	at java.util.concurrent.ThreadPoolExecutor.runWorker(ThreadPoolExecutor.java:1133)
10-29 17:19:49.499   787  1258 E AsyncOperation: 	at java.util.concurrent.ThreadPoolExecutor$Worker.run(ThreadPoolExecutor.java:607)
10-29 17:19:49.499   787  1258 E AsyncOperation: 	at tam.run(:com.google.android.gms@203915020@20.39.15 (040406-335085812):0)
10-29 17:19:49.499   787  1258 E AsyncOperation: 	at java.lang.Thread.run(Thread.java:761)
10-29 17:19:49.622 11382 11382 I MemoryTrimmer: Trimming objects from memory, since app is in the background.
10-29 17:19:49.623 11382 11394 W SearchService: Abort, client detached.
10-29 17:19:49.626  1084  1084 I MemoryTrimmer: Trimming objects from memory, since app is in the background.
10-29 17:19:49.636 11382 11382 I MicroDetector: Keeping mic open: false
10-29 17:19:49.636 11382 16199 I DeviceStateChecker: DeviceStateChecker cancelled
10-29 17:19:49.636 11382 11414 I AudioController: internalShutdown
10-29 17:19:49.637 11382 11414 I MicrophoneInputStream: mic_close com.google.android.apps.gsa.speech.audio.ae@318ce9f
10-29 17:19:49.637 11382 11439 I MicroRecognitionRunner: Stopping hotword detection.
10-29 17:19:49.645   238   285 I SoundTriggerHwService::Module: void android::SoundTriggerHwService::Module::onCallbackEvent(const sp<android::SoundTriggerHwService::CallbackEvent> &) mClient == 0
10-29 17:19:49.652 11382 16198 I MicroRecognitionRunner: Detection finished
10-29 17:19:49.658 11382 11382 I MemoryTrimmer: Trimming objects from memory, since app is in the background.
10-29 17:19:49.670 16332 16347 I cr_VariationsSeedFetch: Fetched first run seed in 271 ms
10-29 17:19:49.692   600  1076 I ActivityManager: Start proc 16367:com.android.chrome:sandboxed_process0/u0i660 for service com.android.chrome/org.chromium.content.app.SandboxedProcessService0
10-29 17:19:49.754 16367 16367 W dboxed_process0: type=1400 audit(0.0:1084): avc: denied { getattr } for path="/data/data/com.android.chrome" dev="dm-2" ino=12190 scontext=u:r:isolated_app:s0:c512,c768 tcontext=u:object_r:app_data_file:s0:c512,c768 tclass=dir permissive=0
10-29 17:19:49.783 16367 16367 I cr_ChildProcessService: Creating new ChildProcessService pid=16367
10-29 17:19:49.925   600  1082 I ActivityManager: Start proc 16394:com.android.chrome:privileged_process0/u0a35 for service com.android.chrome/org.chromium.content.app.PrivilegedProcessService0
10-29 17:19:49.972 16332 16354 W ConnectionStatusConfig: Dynamic lookup for intent failed for action: com.google.android.gms.auth.key.retrieval.service.START
10-29 17:19:49.978 16332 16354 W ConnectionStatusConfig: Dynamic lookup for intent failed for action: com.google.android.gms.auth.key.retrieval.service.START
10-29 17:19:49.980   600  1081 W ActivityManager: Unable to start service Intent { act=com.google.android.gms.auth.key.retrieval.service.START pkg=com.google.android.gms } U=0: not found
10-29 17:19:49.980   600   611 W ActivityManager: Unbind failed: could not find connection for android.os.BinderProxy@813262b
10-29 17:19:49.980 16332 16354 E GmsClient: unable to connect to service: com.google.android.gms.auth.key.retrieval.service.START on com.google.android.gms
10-29 17:19:50.072 16332 16332 W cr_KnoxSettingsProvider: Permission to read device policy denied.
10-29 17:19:50.075 16394 16394 I cr_ChildProcessService: Creating new ChildProcessService pid=16394
10-29 17:19:50.128 16394 16411 I cr_LibraryLoader: Loaded native library version number "85.0.4183.127"
10-29 17:19:50.129 16394 16411 I cr_CachingUmaRecorder: Flushed 1 samples from 1 histograms.
10-29 17:19:50.144 16394 16411 E libEGL  : validate_display:99 error 3008 (EGL_BAD_DISPLAY)
10-29 17:19:59.746 11382 11382 I MemoryTrimmer: Trimming objects from memory, since app is in the background.
10-29 17:20:02.131 16437 16437 D AndroidRuntime: >>>>>> START com.android.internal.os.RuntimeInit uid 2000 <<<<<<
10-29 17:20:02.135 16437 16437 D AndroidRuntime: CheckJNI is OFF
10-29 17:20:02.202 16437 16437 D ICU     : No timezone override file found: /data/misc/zoneinfo/current/icu/icu_tzdata.dat
10-29 17:20:02.234 16437 16437 I Radio-JNI: register_android_hardware_Radio DONE
10-29 17:20:02.250 16437 16437 D AndroidRuntime: Calling main entry com.android.commands.monkey.Monkey
10-29 17:20:02.315   600   613 W BroadcastQueue: Skipping deliver [background] BroadcastRecord{93f73d0 u-1 android.net.conn.CONNECTIVITY_CHANGE} to ReceiverList{82ddfc9 16437 (unknown name)/2000/u-1 remote:d22d482}: process crashing
10-29 17:20:03.875 16437 16437 D MonkeyStub: translateCommand: wake
10-29 17:20:03.982 16437 16437 D MonkeyStub: translateCommand: tap 398 1198
10-29 17:20:06.076 16437 16437 D MonkeyStub: translateCommand: tap 720 1506
10-29 17:20:06.236 11497 11543 I PeopleChimeraService: onService. callbacks = aaik@d9bd13a, request = com.google.android.gms.common.internal.GetServiceRequest@1f3f1eb
10-29 17:20:06.246 11497 12873 I PeopleChimeraService: onService. callbacks = aaik@d27ade1, request = com.google.android.gms.common.internal.GetServiceRequest@de5c706
10-29 17:20:08.128 16437 16437 D MonkeyStub: translateCommand: tap 355 1480
10-29 17:20:08.152 16437 16437 D MonkeyStub: Quit requested
10-29 17:20:08.156   600   707 I ActivityManager: START u0 {act=android.intent.action.VIEW flg=0x10008000 cmp=com.android.chrome/com.google.android.apps.chrome.Main (has extras)} from uid 10035 on display 0
10-29 17:20:08.183 16437 16437 I art     : System.exit called, status: 6
10-29 17:20:08.183 16437 16437 I AndroidRuntime: VM exiting with result code 6.
10-29 17:20:08.189   600   614 I CwMcuSensor: CwMcuSensor::flush: fd = 235, sensors_id = 0, path = /sys/class/htc_sensorhub/sensor_hub/flush, err = 0
10-29 17:20:08.254   600  1082 W WindowManager: Attempted to remove non-existing token: android.os.Binder@42db6ce
10-29 17:20:08.350 16332 16332 E cr_CompositorSurfaceMgr: Transitioning to surface with format : -1
10-29 17:20:08.414   600   609 I art     : Background partial concurrent mark sweep GC freed 19139(1072KB) AllocSpace objects, 3(60KB) LOS objects, 33% free, 15MB/23MB, paused 893us total 156.748ms
10-29 17:20:08.446 16332 16389 W cr_tabmodel: Starting to perform legacy migration.
10-29 17:20:08.447 16332 16389 W cr_tabmodel: Finished performing legacy migration.
10-29 17:20:08.447 16332 16389 W cr_tabmodel: Starting to perform multi-instance migration.
10-29 17:20:08.447 16332 16389 W cr_tabmodel: Finished performing multi-instance migration.
10-29 17:20:08.448 16332 16389 I cr_tabmodel: Starting to fetch tab list for tab_state0
10-29 17:20:08.448 16332 16389 I cr_tabmodel: State file does not exist.
10-29 17:20:08.448 16332 16389 I cr_tabmodel: Starting to fetch tab list for tab_state1
10-29 17:20:08.448 16332 16389 I cr_tabmodel: State file does not exist.
10-29 17:20:08.483 16332 16389 I cr_ADCP : No customization source found
10-29 17:20:08.566   600  1081 E BatteryStatsService: power: Missing API
10-29 17:20:08.576   796   796 E PhoneInterfaceManager: [PhoneIntfMgr] queryModemActivityInfo: Empty response
10-29 17:20:08.579   600  1081 E BatteryStatsService: no controller energy info supplied
10-29 17:20:08.589   600  1081 E BatteryStatsService: modem info is invalid: ModemActivityInfo{ mTimestamp=0 mSleepTimeMs=0 mIdleTimeMs=0 mTxTimeMs[]=[0, 0, 0, 0, 0] mRxTimeMs=0 mEnergyUsed=0}
10-29 17:20:08.600   600   620 I ActivityManager: Displayed com.android.chrome/com.google.android.apps.chrome.Main: +370ms
10-29 17:20:08.647 16332 16352 D OpenGLRenderer: endAllActiveAnimators on 0xd4666280 (InsetDrawable) with handle 0xd2bf9900
10-29 17:20:08.652 16332 16332 E cr_CompositorSurfaceMgr: Transitioning to surface with format : -1
10-29 17:20:08.655 16332 16332 E cr_CompositorSurfaceMgr: surfaceCreated format : 0
10-29 17:20:08.664 16332 16332 I cr_ContextualSearch: Tap suppression enabled: false
10-29 17:20:08.668 16332 16332 I cr_ChromeTabbedActivity: #initializeState
10-29 17:20:08.668 16332 16332 I cr_CipherFactory: #restoreFromBundle, no savedInstanceState.
10-29 17:20:08.668 16332 16332 I cr_tabmodel: #loadState, ignoreIncognitoFiles? true
10-29 17:20:08.865 16332 16332 I SchedulerApiWrapper: Create SchedulerApiMainThreadWrapper
10-29 17:20:08.879 16332 16332 I FeedSessionManagerImpl: FeedSessionManagerImpl has been created
10-29 17:20:08.881 16332 16332 I FeedAppLifecycleLstnr: onEnterForeground called
10-29 17:20:08.881 16332 16332 I FeedSessionManagerImpl: onLifecycleEvent foreground
10-29 17:20:08.882 16332 16332 I FeedSessionManagerImpl: Lazy initialization triggered, getUpdateConsumer
10-29 17:20:08.883 16332 16387 I TaskQueue: Execute task [IMMEDIATE - d: true, b: 0]: 30
10-29 17:20:08.884 16332 16332 I FeedRequestManagerImpl: trigger refresh 2
10-29 17:20:08.885 16332 16332 I TaskQueue:  - task [HEAD_INVALIDATE - d: true, b: 0]: 26
10-29 17:20:08.885 16332 16332 I FeedAppLifecycleLstnr: initialize called
10-29 17:20:08.885 16332 16332 I FeedSessionManagerImpl: onLifecycleEvent initialize
10-29 17:20:08.885 16332 16332 W FeedSessionManagerImpl: FeedSessionManagerImpl has previously been initialized
10-29 17:20:08.907 16332 16332 I ViewConfigCompat: Could not find method getScaledScrollFactor() on ViewConfiguration
10-29 17:20:08.913 16332 16332 I BasicStream: Setting 2 header views, currently have 0 headers
10-29 17:20:08.915 16332 16332 I BasicStream: Setting 2 header views, currently have 2 headers
10-29 17:20:08.978   600   619 D BluetoothManagerService: Message: 20
10-29 17:20:08.978   600   619 D BluetoothManagerService: Added callback: android.bluetooth.IBluetoothManagerCallback$Stub$Proxy@967e53a:true
10-29 17:20:08.998 16367 16380 I cr_LibraryLoader: Loaded native library version number "85.0.4183.127"
10-29 17:20:08.999 16367 16380 I cr_CachingUmaRecorder: Flushed 1 samples from 1 histograms.
10-29 17:20:09.004 16332 16332 E cr_IntentUtils: getBooleanExtra failed on intent null
10-29 17:20:09.019 16332 16332 I TimeoutSessionImpl: Using TimeoutSessionImpl
10-29 17:20:09.019 16332 16332 I FeedSessionManagerImpl: Delaying populateSession until initialization is finished
10-29 17:20:09.019 16332 16332 I TaskQueue:  - task [IMMEDIATE - d: true, b: 1]: 13
10-29 17:20:09.020 16332 16332 I MainThreadRunner: Running task [BasicStream onShow] on the Main Thread with a delay of 500 milliseconds
10-29 17:20:09.106   600 17381 I ActivityManager: Start proc 16467:com.android.chrome:sandboxed_process1/u0i661 for service com.android.chrome/org.chromium.content.app.SandboxedProcessService1
10-29 17:20:09.117 16332 16387 W SessionCache: Persisted Sessions were not found
10-29 17:20:09.117 16332 16387 I HeadSessionImpl: Initialize HEAD 0 items
10-29 17:20:09.117 16332 16387 I TaskQueue:  - task [BACKGROUND - d: true, b: 2]: 11
10-29 17:20:09.117 16332 16387 I TimingUtils: Task Timing 234ms, thread JardinExecutor | task : Initialization
10-29 17:20:09.118 16332 16387 I TaskQueue:  - Finished 30, time 234 ms
10-29 17:20:09.118 16332 16387 I TaskQueue: Execute task [HEAD_INVALIDATE - d: true, b: 2]: 26
10-29 17:20:09.120 16332 16387 I TimingUtils: Task Timing   1ms, thread JardinExecutor | task : getAllDismissLocalActions | size : 0
10-29 17:20:09.121 16332 16387 I TimingUtils: Task Timing   0ms, thread JardinExecutor | task : getSemanticProperties | size : 0
10-29 17:20:09.121 16332 16387 I MainThreadRunner: Running task [Check Tooltips] on the Main Thread
10-29 17:20:09.122 16332 16387 I TaskQueue:  * Starting starvation checks
10-29 17:20:09.126 16332 16387 I MainThreadRunner: Running task [starvationChecks] on the Main Thread with a delay of 6000 milliseconds
10-29 17:20:09.126 16332 16387 I TaskQueue:  - Finished 26, time 8 ms
10-29 17:20:09.136 16332 16388 I TaskQueue: Execute task [IMMEDIATE - d: true, b: 1]: 13
10-29 17:20:09.136 16332 16388 I FeedSessionManagerImpl: shouldSessionRequestData; hasContent(false), contentCreationTime(0), outstandingRequest(true)
10-29 17:20:09.136 16332 16388 I MainThreadRunner: Running task [SchedulerApiWrapper shouldSessionRequestData] on the Main Thread
10-29 17:20:09.137   237 16471 I art     : Starting a blocking GC HeapTrim
10-29 17:20:09.143   600  1080 I ActivityManager: Start proc 16477:com.android.chrome:sandboxed_process2/u0i662 for service com.android.chrome/org.chromium.content.app.SandboxedProcessService2
10-29 17:20:09.184   600  3675 I ActivityManager: Start proc 16489:com.android.chrome:sandboxed_process3/u0i663 for service com.android.chrome/org.chromium.content.app.SandboxedProcessService3
10-29 17:20:09.239   600  6312 I ActivityManager: Start proc 16509:com.android.chrome:sandboxed_process4/u0i664 for service com.android.chrome/org.chromium.content.app.SandboxedProcessService4
10-29 17:20:09.304   600  3509 W ActivityManager: Slow operation: 59ms so far, now at startProcess: returned from zygote!
10-29 17:20:09.304   600  3509 W ActivityManager: Slow operation: 59ms so far, now at startProcess: done updating battery stats
10-29 17:20:09.304   600  3509 W ActivityManager: Slow operation: 59ms so far, now at startProcess: building log message
10-29 17:20:09.304   600  3509 I ActivityManager: Start proc 16515:com.android.chrome:sandboxed_process5/u0i665 for service com.android.chrome/org.chromium.content.app.SandboxedProcessService5
10-29 17:20:09.304   600  3509 W ActivityManager: Slow operation: 59ms so far, now at startProcess: starting to update pids map
10-29 17:20:09.304   600  3509 W ActivityManager: Slow operation: 59ms so far, now at startProcess: done updating pids map
10-29 17:20:09.304   600  3509 W ActivityManager: Slow operation: 59ms so far, now at startProcess: done starting proc!
10-29 17:20:09.344 16467 16467 W dboxed_process1: type=1400 audit(0.0:1085): avc: denied { getattr } for path="/data/data/com.android.chrome" dev="dm-2" ino=12190 scontext=u:r:isolated_app:s0:c512,c768 tcontext=u:object_r:app_data_file:s0:c512,c768 tclass=dir permissive=0
10-29 17:20:09.350 16489 16489 W dboxed_process3: type=1400 audit(0.0:1086): avc: denied { getattr } for path="/data/data/com.android.chrome" dev="dm-2" ino=12190 scontext=u:r:isolated_app:s0:c512,c768 tcontext=u:object_r:app_data_file:s0:c512,c768 tclass=dir permissive=0
10-29 17:20:09.413   600  3507 W ActivityManager: Slow operation: 101ms so far, now at startProcess: returned from zygote!
10-29 17:20:09.413   600  3507 W ActivityManager: Slow operation: 101ms so far, now at startProcess: done updating battery stats
10-29 17:20:09.413   600  3507 W ActivityManager: Slow operation: 101ms so far, now at startProcess: building log message
10-29 17:20:09.413   600  3507 I ActivityManager: Start proc 16539:com.android.chrome:sandboxed_process6/u0i666 for service com.android.chrome/org.chromium.content.app.SandboxedProcessService6
10-29 17:20:09.413   600  3507 W ActivityManager: Slow operation: 101ms so far, now at startProcess: starting to update pids map
10-29 17:20:09.414   600  3507 W ActivityManager: Slow operation: 101ms so far, now at startProcess: done updating pids map
10-29 17:20:09.414   600  3507 W ActivityManager: Slow operation: 101ms so far, now at startProcess: done starting proc!
10-29 17:20:09.460 16477 16477 W dboxed_process2: type=1400 audit(0.0:1087): avc: denied { getattr } for path="/data/data/com.android.chrome" dev="dm-2" ino=12190 scontext=u:r:isolated_app:s0:c512,c768 tcontext=u:object_r:app_data_file:s0:c512,c768 tclass=dir permissive=0
10-29 17:20:09.473 16332 16332 I PlayCore: UID: [10035]  PID: [16332] SplitInstallService : deferredInstall([image_editor])
10-29 17:20:09.484 16489 16489 I cr_ChildProcessService: Creating new ChildProcessService pid=16489
10-29 17:20:09.486   600 17381 W ActivityManager: Slow operation: 55ms so far, now at startProcess: returned from zygote!
10-29 17:20:09.486   600 17381 W ActivityManager: Slow operation: 55ms so far, now at startProcess: done updating battery stats
10-29 17:20:09.486   600 17381 W ActivityManager: Slow operation: 55ms so far, now at startProcess: building log message
10-29 17:20:09.486   600 17381 I ActivityManager: Start proc 16548:com.android.chrome:sandboxed_process7/u0i667 for service com.android.chrome/org.chromium.content.app.SandboxedProcessService7
10-29 17:20:09.486   600 17381 W ActivityManager: Slow operation: 55ms so far, now at startProcess: starting to update pids map
10-29 17:20:09.486   600 17381 W ActivityManager: Slow operation: 55ms so far, now at startProcess: done updating pids map
10-29 17:20:09.486   600 17381 W ActivityManager: Slow operation: 55ms so far, now at startProcess: done starting proc!
10-29 17:20:09.512 16467 16467 I cr_ChildProcessService: Creating new ChildProcessService pid=16467
10-29 17:20:09.555   600   611 W ActivityManager: Slow operation: 64ms so far, now at startProcess: returned from zygote!
10-29 17:20:09.556   600   611 W ActivityManager: Slow operation: 64ms so far, now at startProcess: done updating battery stats
10-29 17:20:09.556   600   611 W ActivityManager: Slow operation: 64ms so far, now at startProcess: building log message
10-29 17:20:09.556   600   611 I ActivityManager: Start proc 16564:com.android.chrome:sandboxed_process8/u0i668 for service com.android.chrome/org.chromium.content.app.SandboxedProcessService8
10-29 17:20:09.556   600   611 W ActivityManager: Slow operation: 64ms so far, now at startProcess: starting to update pids map
10-29 17:20:09.556   600   611 W ActivityManager: Slow operation: 64ms so far, now at startProcess: done updating pids map
10-29 17:20:09.556   600   611 W ActivityManager: Slow operation: 64ms so far, now at startProcess: done starting proc!
10-29 17:20:09.620 16509 16509 W dboxed_process4: type=1400 audit(0.0:1088): avc: denied { getattr } for path="/data/data/com.android.chrome" dev="dm-2" ino=12190 scontext=u:r:isolated_app:s0:c512,c768 tcontext=u:object_r:app_data_file:s0:c512,c768 tclass=dir permissive=0
10-29 17:20:09.649 16332 16332 I Choreographer: Skipped 63 frames!  The application may be doing too much work on its main thread.
10-29 17:20:09.650 16515 16515 W dboxed_process5: type=1400 audit(0.0:1089): avc: denied { getattr } for path="/data/data/com.android.chrome" dev="dm-2" ino=12190 scontext=u:r:isolated_app:s0:c512,c768 tcontext=u:object_r:app_data_file:s0:c512,c768 tclass=dir permissive=0
10-29 17:20:09.660 16477 16477 I cr_ChildProcessService: Creating new ChildProcessService pid=16477
10-29 17:20:09.799 16509 16509 I cr_ChildProcessService: Creating new ChildProcessService pid=16509
10-29 17:20:09.817 16332 16332 I TaskQueue:  - task [IMMEDIATE - d: true, b: 1]: 27
10-29 17:20:09.819 16332 16388 I FeedSessionManagerImpl: shouldSessionRequestDataResult: NO_REQUEST_WITH_WAIT, shouldMakeRequest(false), withTimeout(false), withAppend(false)
10-29 17:20:09.819 16332 16388 I TaskQueue:  - task [USER_FACING - d: true, b: 2]: 24
10-29 17:20:09.819 16332 16388 I TaskQueue:  - Finished 13, time 684 ms
10-29 17:20:09.820 16332 16388 I TaskQueue: Execute task [IMMEDIATE - d: true, b: 2]: 27
10-29 17:20:09.822 16332 16388 I FeedRequestManagerImpl: Consistency Token: # hU2@7bca4
10-29 17:20:09.827 16539 16539 W dboxed_process6: type=1400 audit(0.0:1090): avc: denied { getattr } for path="/data/data/com.android.chrome" dev="dm-2" ino=12190 scontext=u:r:isolated_app:s0:c512,c768 tcontext=u:object_r:app_data_file:s0:c512,c768 tclass=dir permissive=0
10-29 17:20:09.830 16332 16388 I FeedRequestManagerImpl: Capability: FEED_UI
10-29 17:20:09.830 16332 16388 I FeedRequestManagerImpl: Capability: UNDOABLE_ACTIONS
10-29 17:20:09.830 16332 16388 I FeedRequestManagerImpl: Capability: MANAGE_INTERESTS
10-29 17:20:09.830 16332 16388 I FeedRequestManagerImpl: Capability: SEND_FEEDBACK
10-29 17:20:09.830 16332 16388 I FeedRequestManagerImpl: Capability: ARTICLE_SNIPPETS
10-29 17:20:09.830 16332 16388 I FeedRequestManagerImpl: Capability: CLICK_ACTION
10-29 17:20:09.830 16332 16388 I FeedRequestManagerImpl: Capability: VIEW_ACTION
10-29 17:20:09.830 16332 16388 I FeedRequestManagerImpl: Capability: REPORT_FEED_USER_ACTIONS_NOTICE_CARD
10-29 17:20:09.830 16332 16388 I FeedRequestManagerImpl: Capability: BASE_UI
10-29 17:20:09.840 16548 16548 W dboxed_process7: type=1400 audit(0.0:1091): avc: denied { getattr } for path="/data/data/com.android.chrome" dev="dm-2" ino=12190 scontext=u:r:isolated_app:s0:c512,c768 tcontext=u:object_r:app_data_file:s0:c512,c768 tclass=dir permissive=0
10-29 17:20:09.851 16489 16561 I cr_LibraryLoader: Loaded native library version number "85.0.4183.127"
10-29 17:20:09.859 16467 16562 I cr_LibraryLoader: Loaded native library version number "85.0.4183.127"
10-29 17:20:09.859 16467 16562 I cr_CachingUmaRecorder: Flushed 1 samples from 1 histograms.
10-29 17:20:09.869 16489 16561 I cr_CachingUmaRecorder: Flushed 1 samples from 1 histograms.
10-29 17:20:09.882 16332 16388 I FeedRequestManagerImpl: Making Request: /httpservice/noretry/DiscoverClankService/FeedQuery
10-29 17:20:09.883 16332 16388 I MainThreadRunner: Running task [NetworkClientWrapper send] on the Main Thread
10-29 17:20:09.883 16332 16388 I TaskQueue:  - Finished 27, time 63 ms
10-29 17:20:09.947 16515 16515 I cr_ChildProcessService: Creating new ChildProcessService pid=16515
10-29 17:20:10.007 16564 16564 W dboxed_process8: type=1400 audit(0.0:1092): avc: denied { getattr } for path="/data/data/com.android.chrome" dev="dm-2" ino=12190 scontext=u:r:isolated_app:s0:c512,c768 tcontext=u:object_r:app_data_file:s0:c512,c768 tclass=dir permissive=0
10-29 17:20:10.044 16489 16561 I chromium: [INFO:child_process_service.cc(69)] ChildProcessService: Exiting child process.
10-29 17:20:10.050 16477 16581 I cr_LibraryLoader: Loaded native library version number "85.0.4183.127"
10-29 17:20:10.051 16477 16581 I cr_CachingUmaRecorder: Flushed 1 samples from 1 histograms.
10-29 17:20:10.057 16548 16548 I cr_ChildProcessService: Creating new ChildProcessService pid=16548
10-29 17:20:10.065   600   713 I ActivityManager: Process com.android.chrome:sandboxed_process3 (pid 16489) has died
10-29 17:20:10.066   600   713 D ActivityManager: cleanUpApplicationRecord -- 16489
10-29 17:20:10.070   600   713 I ActivityManager: Killing 16467:com.android.chrome:sandboxed_process1/u0a35i661 (adj 0): isolated not needed
10-29 17:20:10.108 16539 16539 I cr_ChildProcessService: Creating new ChildProcessService pid=16539
10-29 17:20:10.137 16509 16585 I cr_LibraryLoader: Loaded native library version number "85.0.4183.127"
10-29 17:20:10.137 16509 16585 I cr_CachingUmaRecorder: Flushed 1 samples from 1 histograms.
10-29 17:20:10.209 16564 16564 I cr_ChildProcessService: Creating new ChildProcessService pid=16564
10-29 17:20:10.251 16515 16592 I cr_LibraryLoader: Loaded native library version number "85.0.4183.127"
10-29 17:20:10.252 16515 16592 I cr_CachingUmaRecorder: Flushed 1 samples from 1 histograms.
10-29 17:20:10.271 16548 16597 I cr_LibraryLoader: Loaded native library version number "85.0.4183.127"
10-29 17:20:10.275 16548 16597 I cr_CachingUmaRecorder: Flushed 1 samples from 1 histograms.
10-29 17:20:10.322 16539 16601 I cr_LibraryLoader: Loaded native library version number "85.0.4183.127"
10-29 17:20:10.323 16539 16601 I cr_CachingUmaRecorder: Flushed 1 samples from 1 histograms.
10-29 17:20:10.351 16477 16477 I cr_ChildProcessService: Destroying ChildProcessService pid=16477
10-29 17:20:10.355 16548 16597 I chromium: [INFO:child_process_service.cc(69)] ChildProcessService: Exiting child process.
10-29 17:20:10.355   197   197 E lowmemorykiller: Error writing /proc/16548/oom_score_adj; errno=22
10-29 17:20:10.378 16564 16605 I cr_LibraryLoader: Loaded native library version number "85.0.4183.127"
10-29 17:20:10.380 16564 16605 I cr_CachingUmaRecorder: Flushed 1 samples from 1 histograms.
10-29 17:20:10.438 16465 16465 D AndroidRuntime: >>>>>> START com.android.internal.os.RuntimeInit uid 2000 <<<<<<
10-29 17:20:10.444 16465 16465 D AndroidRuntime: CheckJNI is OFF
10-29 17:20:10.453 16515 16515 I cr_ChildProcessService: Destroying ChildProcessService pid=16515
10-29 17:20:10.479 16539 16539 I cr_ChildProcessService: Destroying ChildProcessService pid=16539
10-29 17:20:10.493 16509 16509 I cr_ChildProcessService: Destroying ChildProcessService pid=16509
10-29 17:20:10.543 16564 16564 I cr_ChildProcessService: Destroying ChildProcessService pid=16564
10-29 17:20:10.546 16515 16592 I chromium: [INFO:child_process_service.cc(69)] ChildProcessService: Exiting child process.
10-29 17:20:10.547 16539 16601 I chromium: [INFO:child_process_service.cc(69)] ChildProcessService: Exiting child process.
10-29 17:20:10.552 16509 16585 I chromium: [INFO:child_process_service.cc(69)] ChildProcessService: Exiting child process.
10-29 17:20:10.556 16477 16477 I art     : System.exit called, status: 0
10-29 17:20:10.556 16477 16477 I AndroidRuntime: VM exiting with result code 0, cleanup skipped.
10-29 17:20:10.567 16564 16605 I chromium: [INFO:child_process_service.cc(69)] ChildProcessService: Exiting child process.
10-29 17:20:10.568 16465 16465 D ICU     : No timezone override file found: /data/misc/zoneinfo/current/icu/icu_tzdata.dat
10-29 17:20:10.622   600  3509 I ActivityManager: Process com.android.chrome:sandboxed_process7 (pid 16548) has died
10-29 17:20:10.622   600  3509 D ActivityManager: cleanUpApplicationRecord -- 16548
10-29 17:20:10.624   600  3509 I ActivityManager: Killing 16564:com.android.chrome:sandboxed_process8/u0a35i668 (adj 0): isolated not needed
10-29 17:20:10.624   600  3509 I ActivityManager: Killing 16539:com.android.chrome:sandboxed_process6/u0a35i666 (adj 0): isolated not needed
10-29 17:20:10.624   600  3509 I ActivityManager: Killing 16515:com.android.chrome:sandboxed_process5/u0a35i665 (adj 0): isolated not needed
10-29 17:20:10.624   600  3509 I ActivityManager: Killing 16509:com.android.chrome:sandboxed_process4/u0a35i664 (adj 0): isolated not needed
10-29 17:20:10.624   600  3509 I ActivityManager: Killing 16477:com.android.chrome:sandboxed_process2/u0a35i662 (adj 0): isolated not needed
10-29 17:20:10.634 16332 16342 I art     : Background sticky concurrent mark sweep GC freed 103958(5MB) AllocSpace objects, 64(1308KB) LOS objects, 34% free, 9MB/14MB, paused 1.988ms total 450.209ms
10-29 17:20:10.645   600 17381 D ActivityManager: cleanUpApplicationRecord -- 16477
10-29 17:20:10.645   600 13631 D ActivityManager: cleanUpApplicationRecord -- 16467
10-29 17:20:10.649   600  6312 D ActivityManager: cleanUpApplicationRecord -- 16539
10-29 17:20:10.657 16465 16465 I Radio-JNI: register_android_hardware_Radio DONE
10-29 17:20:10.682 16465 16465 D AndroidRuntime: Calling main entry com.android.commands.am.Am
10-29 17:20:10.704 16332 16332 I cr_tabmodel: Appending tabs being restored to metadata lists, 0, startingNormalCount: 1, startingIncognitoCount: 0
10-29 17:20:10.704 16332 16332 I cr_tabmodel: Serializing tab lists; counts: 1, 0
10-29 17:20:10.705   600  1082 I ActivityManager: START u0 {act=android.intent.action.VIEW dat=http://scientificamerican.com/... flg=0x10000000 cmp=com.android.chrome/com.google.android.apps.chrome.Main} from uid 2000 on display 0
10-29 17:20:10.710   600  3509 D ActivityManager: cleanUpApplicationRecord -- 16509
10-29 17:20:10.717 16465 16465 D AndroidRuntime: Shutting down VM
10-29 17:20:10.723 16332 16332 W chromium: [WARNING:compositor_view.cc(315)] Child process died (type=6) pid=16489)
10-29 17:20:10.746 16332 16332 W chromium: [WARNING:compositor_view.cc(315)] Child process died (type=6) pid=16548)
10-29 17:20:10.746 16332 16332 W chromium: [WARNING:compositor_view.cc(315)] Child process died (type=6) pid=16467)
10-29 17:20:10.746 16332 16332 W chromium: [WARNING:compositor_view.cc(315)] Child process died (type=6) pid=16539)
10-29 17:20:10.746 16332 16332 W chromium: [WARNING:compositor_view.cc(315)] Child process died (type=6) pid=16477)
10-29 17:20:10.750 16332 16332 W chromium: [WARNING:compositor_view.cc(315)] Child process died (type=6) pid=16509)
10-29 17:20:10.753   600  3675 D ActivityManager: cleanUpApplicationRecord -- 16564
10-29 17:20:10.779   600   610 I ActivityManager: Start proc 16637:com.android.chrome:sandboxed_process9/u0i669 for service com.android.chrome/org.chromium.content.app.SandboxedProcessService9
10-29 17:20:10.786 16332 16342 I art     : Background partial concurrent mark sweep GC freed 10829(525KB) AllocSpace objects, 3(52KB) LOS objects, 39% free, 9MB/15MB, paused 2.908ms total 142.879ms
10-29 17:20:10.797   600 17381 I ActivityManager: Start proc 16642:com.android.chrome:sandboxed_process10/u0i670 for service com.android.chrome/org.chromium.content.app.SandboxedProcessService10
10-29 17:20:10.829 16332 16332 W chromium: [WARNING:compositor_view.cc(315)] Child process died (type=6) pid=16564)
10-29 17:20:10.835 16332 16332 I Choreographer: Skipped 57 frames!  The application may be doing too much work on its main thread.
10-29 17:20:10.838   600  1080 I ActivityManager: Start proc 16650:com.android.chrome:sandboxed_process11/u0i671 for service com.android.chrome/org.chromium.content.app.SandboxedProcessService11
10-29 17:20:10.888   600  3507 I ActivityManager: Start proc 16668:com.android.chrome:sandboxed_process12/u0i672 for service com.android.chrome/org.chromium.content.app.SandboxedProcessService12
10-29 17:20:10.909 16332 16550 I PlayCore: UID: [10035]  PID: [16332] SplitInstallService : Initiate binding to the service.
10-29 17:20:10.949   600 17381 W ActivityManager: Slow operation: 57ms so far, now at startProcess: returned from zygote!
10-29 17:20:10.949   600 17381 W ActivityManager: Slow operation: 57ms so far, now at startProcess: done updating battery stats
10-29 17:20:10.950   600 17381 W ActivityManager: Slow operation: 57ms so far, now at startProcess: building log message
10-29 17:20:10.950   600 17381 I ActivityManager: Start proc 16682:com.android.chrome:sandboxed_process13/u0i673 for service com.android.chrome/org.chromium.content.app.SandboxedProcessService13
10-29 17:20:10.950   600 17381 W ActivityManager: Slow operation: 57ms so far, now at startProcess: starting to update pids map
10-29 17:20:10.950   600 17381 W ActivityManager: Slow operation: 57ms so far, now at startProcess: done updating pids map
10-29 17:20:10.950   600 17381 W ActivityManager: Slow operation: 57ms so far, now at startProcess: done starting proc!
10-29 17:20:10.950   600  1079 W ActivityManager: Unable to start service Intent { act=com.google.android.play.core.splitinstall.BIND_SPLIT_INSTALL_SERVICE pkg=com.android.vending } U=0: not found
10-29 17:20:10.950   600  3509 D ActivityManager: cleanUpApplicationRecord -- 16515
10-29 17:20:10.987 16637 16637 W dboxed_process9: type=1400 audit(0.0:1093): avc: denied { getattr } for path="/data/data/com.android.chrome" dev="dm-2" ino=12190 scontext=u:r:isolated_app:s0:c512,c768 tcontext=u:object_r:app_data_file:s0:c512,c768 tclass=dir permissive=0
10-29 17:20:11.000   600  9614 I ActivityManager: Start proc 16696:com.android.chrome:sandboxed_process14/u0i674 for service com.android.chrome/org.chromium.content.app.SandboxedProcessService14
10-29 17:20:11.007 16332 16332 E cr_IntentUtils: getInt failed on bundle null
10-29 17:20:11.047 16642 16642 W boxed_process10: type=1400 audit(0.0:1094): avc: denied { getattr } for path="/data/data/com.android.chrome" dev="dm-2" ino=12190 scontext=u:r:isolated_app:s0:c512,c768 tcontext=u:object_r:app_data_file:s0:c512,c768 tclass=dir permissive=0
10-29 17:20:11.066   600 24515 W ActivityManager: Slow operation: 64ms so far, now at startProcess: returned from zygote!
10-29 17:20:11.066   600 24515 W ActivityManager: Slow operation: 64ms so far, now at startProcess: done updating battery stats
10-29 17:20:11.066   600 24515 W ActivityManager: Slow operation: 64ms so far, now at startProcess: building log message
10-29 17:20:11.066   600 24515 I ActivityManager: Start proc 16710:com.android.chrome:sandboxed_process15/u0i675 for service com.android.chrome/org.chromium.content.app.SandboxedProcessService15
10-29 17:20:11.066   600 24515 W ActivityManager: Slow operation: 64ms so far, now at startProcess: starting to update pids map
10-29 17:20:11.066   600 24515 W ActivityManager: Slow operation: 64ms so far, now at startProcess: done updating pids map
10-29 17:20:11.066   600 24515 W ActivityManager: Slow operation: 64ms so far, now at startProcess: done starting proc!
10-29 17:20:11.092 16332 16332 W FeedModelProvider: sessionId is null, this should have been set during population
10-29 17:20:11.102 16332 16332 I cr_tabmodel: Appending tabs being restored to metadata lists, 0, startingNormalCount: 2, startingIncognitoCount: 0
10-29 17:20:11.102 16332 16332 I cr_tabmodel: Serializing tab lists; counts: 2, 0
10-29 17:20:11.117 16650 16650 W boxed_process11: type=1400 audit(0.0:1095): avc: denied { getattr } for path="/data/data/com.android.chrome" dev="dm-2" ino=12190 scontext=u:r:isolated_app:s0:c512,c768 tcontext=u:object_r:app_data_file:s0:c512,c768 tclass=dir permissive=0
10-29 17:20:11.134   600  1079 W ActivityManager: Slow operation: 59ms so far, now at startProcess: returned from zygote!
10-29 17:20:11.134   600  1079 W ActivityManager: Slow operation: 59ms so far, now at startProcess: done updating battery stats
10-29 17:20:11.134   600  1079 W ActivityManager: Slow operation: 59ms so far, now at startProcess: building log message
10-29 17:20:11.134   600  1079 I ActivityManager: Start proc 16723:com.android.chrome:sandboxed_process16/u0i676 for service com.android.chrome/org.chromium.content.app.SandboxedProcessService16
10-29 17:20:11.134   600  1079 W ActivityManager: Slow operation: 59ms so far, now at startProcess: starting to update pids map
10-29 17:20:11.134   600  1079 W ActivityManager: Slow operation: 59ms so far, now at startProcess: done updating pids map
10-29 17:20:11.134   600  1079 W ActivityManager: Slow operation: 59ms so far, now at startProcess: done starting proc!
10-29 17:20:11.177 16682 16682 W boxed_process13: type=1400 audit(0.0:1096): avc: denied { getattr } for path="/data/data/com.android.chrome" dev="dm-2" ino=12190 scontext=u:r:isolated_app:s0:c512,c768 tcontext=u:object_r:app_data_file:s0:c512,c768 tclass=dir permissive=0
10-29 17:20:11.185 16637 16637 I cr_ChildProcessService: Creating new ChildProcessService pid=16637
10-29 17:20:11.187 16668 16668 W boxed_process12: type=1400 audit(0.0:1097): avc: denied { getattr } for path="/data/data/com.android.chrome" dev="dm-2" ino=12190 scontext=u:r:isolated_app:s0:c512,c768 tcontext=u:object_r:app_data_file:s0:c512,c768 tclass=dir permissive=0
10-29 17:20:11.187   600  3509 I ActivityManager: Start proc 16738:com.android.chrome:sandboxed_process17/u0i677 for service com.android.chrome/org.chromium.content.app.SandboxedProcessService17
10-29 17:20:11.217   600 24515 I ActivityManager: Start proc 16750:com.android.chrome:sandboxed_process18/u0i678 for service com.android.chrome/org.chromium.content.app.SandboxedProcessService18
10-29 17:20:11.255 16642 16642 I cr_ChildProcessService: Creating new ChildProcessService pid=16642
10-29 17:20:11.280 16696 16696 W boxed_process14: type=1400 audit(0.0:1098): avc: denied { getattr } for path="/data/data/com.android.chrome" dev="dm-2" ino=12190 scontext=u:r:isolated_app:s0:c512,c768 tcontext=u:object_r:app_data_file:s0:c512,c768 tclass=dir permissive=0
10-29 17:20:11.280 16650 16650 I cr_ChildProcessService: Creating new ChildProcessService pid=16650
10-29 17:20:11.289   600  3994 W ActivityManager: Slow operation: 66ms so far, now at startProcess: returned from zygote!
10-29 17:20:11.289   600  3994 W ActivityManager: Slow operation: 67ms so far, now at startProcess: done updating battery stats
10-29 17:20:11.289   600  3994 W ActivityManager: Slow operation: 67ms so far, now at startProcess: building log message
10-29 17:20:11.289   600  3994 I ActivityManager: Start proc 16767:com.android.chrome:sandboxed_process19/u0i679 for service com.android.chrome/org.chromium.content.app.SandboxedProcessService19
10-29 17:20:11.289   600  3994 W ActivityManager: Slow operation: 67ms so far, now at startProcess: starting to update pids map
10-29 17:20:11.289   600  3994 W ActivityManager: Slow operation: 67ms so far, now at startProcess: done updating pids map
10-29 17:20:11.289   600  3994 W ActivityManager: Slow operation: 67ms so far, now at startProcess: done starting proc!
10-29 17:20:11.344 16710 16710 W boxed_process15: type=1400 audit(0.0:1099): avc: denied { getattr } for path="/data/data/com.android.chrome" dev="dm-2" ino=12190 scontext=u:r:isolated_app:s0:c512,c768 tcontext=u:object_r:app_data_file:s0:c512,c768 tclass=dir permissive=0
10-29 17:20:11.345 16668 16668 I cr_ChildProcessService: Creating new ChildProcessService pid=16668
10-29 17:20:11.347   600  3507 I ActivityManager: Start proc 16780:com.android.chrome:sandboxed_process20/u0i680 for service com.android.chrome/org.chromium.content.app.SandboxedProcessService20
10-29 17:20:11.406 16682 16682 I cr_ChildProcessService: Creating new ChildProcessService pid=16682
10-29 17:20:11.464 16723 16723 W boxed_process16: type=1400 audit(0.0:1100): avc: denied { getattr } for path="/data/data/com.android.chrome" dev="dm-2" ino=12190 scontext=u:r:isolated_app:s0:c512,c768 tcontext=u:object_r:app_data_file:s0:c512,c768 tclass=dir permissive=0
10-29 17:20:11.471 16332 16332 I Choreographer: Skipped 36 frames!  The application may be doing too much work on its main thread.
10-29 17:20:11.518 16696 16696 I cr_ChildProcessService: Creating new ChildProcessService pid=16696
10-29 17:20:11.560 16738 16738 W boxed_process17: type=1400 audit(0.0:1101): avc: denied { getattr } for path="/data/data/com.android.chrome" dev="dm-2" ino=12190 scontext=u:r:isolated_app:s0:c512,c768 tcontext=u:object_r:app_data_file:s0:c512,c768 tclass=dir permissive=0
10-29 17:20:11.587 16637 16737 I cr_LibraryLoader: Loaded native library version number "85.0.4183.127"
10-29 17:20:11.588 16637 16737 I cr_CachingUmaRecorder: Flushed 1 samples from 1 histograms.
10-29 17:20:11.600 16750 16750 W boxed_process18: type=1400 audit(0.0:1102): avc: denied { getattr } for path="/data/data/com.android.chrome" dev="dm-2" ino=12190 scontext=u:r:isolated_app:s0:c512,c768 tcontext=u:object_r:app_data_file:s0:c512,c768 tclass=dir permissive=0
10-29 17:20:11.611 16710 16710 I cr_ChildProcessService: Creating new ChildProcessService pid=16710
10-29 17:20:11.651 16332 16386 W cr_CrashFileManager: /data/user/0/com.android.chrome/cache/Crash Reports does not exist or is not a directory
10-29 17:20:11.651 16332 16386 W cr_CrashFileManager: /data/user/0/com.android.chrome/cache/Crash Reports does not exist or is not a directory
10-29 17:20:11.651 16332 16386 W cr_CrashFileManager: /data/user/0/com.android.chrome/cache/Crash Reports does not exist or is not a directory
10-29 17:20:11.661 16332 16386 I cr_FileUtils: Writing to /data/user/0/com.android.chrome/app_dex/webapk7.dex
10-29 17:20:11.665 16332 16366 I cr_BindingManager: Moderate binding enabled: maxSize=40
10-29 17:20:11.687 16650 16765 I cr_LibraryLoader: Loaded native library version number "85.0.4183.127"
10-29 17:20:11.688 16650 16765 I cr_CachingUmaRecorder: Flushed 1 samples from 1 histograms.
10-29 17:20:11.710 16767 16767 W boxed_process19: type=1400 audit(0.0:1103): avc: denied { getattr } for path="/data/data/com.android.chrome" dev="dm-2" ino=12190 scontext=u:r:isolated_app:s0:c512,c768 tcontext=u:object_r:app_data_file:s0:c512,c768 tclass=dir permissive=0
10-29 17:20:11.714 16780 16780 W boxed_process20: type=1400 audit(0.0:1104): avc: denied { getattr } for path="/data/data/com.android.chrome" dev="dm-2" ino=12190 scontext=u:r:isolated_app:s0:c512,c768 tcontext=u:object_r:app_data_file:s0:c512,c768 tclass=dir permissive=0
10-29 17:20:11.728 16642 16756 I cr_LibraryLoader: Loaded native library version number "85.0.4183.127"
10-29 17:20:11.729 16642 16756 I cr_CachingUmaRecorder: Flushed 1 samples from 1 histograms.
10-29 17:20:11.739 16668 16779 I cr_LibraryLoader: Loaded native library version number "85.0.4183.127"
10-29 17:20:11.740 16668 16779 I cr_CachingUmaRecorder: Flushed 1 samples from 1 histograms.
10-29 17:20:11.742 16738 16738 I cr_ChildProcessService: Creating new ChildProcessService pid=16738
10-29 17:20:11.796 16723 16723 I cr_ChildProcessService: Creating new ChildProcessService pid=16723
10-29 17:20:11.796 16750 16750 I cr_ChildProcessService: Creating new ChildProcessService pid=16750
