10-30 21:16:41.928 19127 19180 I MainThreadRunner: Running task [FeedRequestManagerImpl consumer] on the Main Thread
10-30 21:16:41.929 19127 19127 I FeedProtocolAdapter: createModel, operations 33
10-30 21:16:41.933 19127 19127 I TimingUtils: Task Timing   4ms, thread ui | task : convertWireProtocol | mutations : 33
10-30 21:16:41.935 19127 19127 I TaskQueue:  - task [HEAD_RESET - d: true, b: 2]: 5
10-30 21:16:41.935 19127 19127 I TaskQueue:  - queueTask starting immediate task
10-30 21:16:41.935 19127 19180 I TaskQueue:  - Finished 15, time 129 ms
10-30 21:16:41.935 19127 19180 I TaskQueue: Execute task [HEAD_RESET - d: true, b: 2]: 5
10-30 21:16:41.944 19127 19180 I TaskQueue:  - task [BACKGROUND - d: true, b: 2]: 23
10-30 21:16:41.945 19127 19180 W SessionCache: Persisted Sessions were not found
10-30 21:16:41.948 19127 19180 I PersistentFeedStore: commitSessionMutation - Success true, Update Session $HEAD, stream structures 32
10-30 21:16:41.951 19608 19623 I cr_LibraryLoader: Loaded native library version number "85.0.4183.127"
10-30 21:16:41.951 19127 19180 I MainThreadRunner: Running task [SchedulerApiWrapper onReceiveNewContent] on the Main Thread
10-30 21:16:41.951 19127 19180 I MainThreadRunner: Running task [FeedKnownContentImpl onNewContentReceived] on the Main Thread
10-30 21:16:41.951 19608 19623 I cr_CachingUmaRecorder: Flushed 1 samples from 1 histograms.
10-30 21:16:41.952 19127 19180 I SessionManagerMutation: Cleared Head, new creation time 10-30 21:16:41.945
10-30 21:16:41.952 19127 19180 I TimingUtils: Task Timing  16ms, thread JardinExecutor | task : sessionMutation.commitTask:updateConsumer | mutations : 33 | userInitiated : false
10-30 21:16:41.952 19127 19180 I TaskQueue: Cancelling starvation checks
10-30 21:16:41.952 19127 19180 I TaskQueue:  - Finished 5, time 16 ms
10-30 21:16:41.952 19127 19180 I TaskQueue: Execute task [USER_FACING - d: false, b: 2]: 24
10-30 21:16:41.968 19127 19180 I TimeoutSessionImpl: TimeoutSession.populateModelProvider, shouldAppend false
10-30 21:16:41.968 19127 19180 I SessionImpl: PopulateModelProvider 32 items
10-30 21:16:41.969 19127 19180 I FeedModelProvider: FeedModelProvider - committer, structure changes 31, update changes 0
10-30 21:16:41.969 19127 19180 I FeedModelProvider: SyntheticTokenTracker: 0, 11, 11, false
10-30 21:16:41.969 19127 19180 I FeedSessionManagerImpl: Caching getStreamFeatures - items 31, cache misses 0, cache size 31
10-30 21:16:41.970 19127 19180 I FeedModelProvider: Moving _session:33860f02-69f7-4eb0-a2a0-e3e63266468d to READY
10-30 21:16:41.970 19127 19180 I MainThreadRunner: Running task [FeedModelProvider onSessionStart] on the Main Thread
10-30 21:16:41.972 19127 19127 I FeedModelProvider: No children found for Cursor
10-30 21:16:41.978 19127 19180 I FeedModelProvider: ModelProvider Mutation committed - structure changes 31, childrenToBind 31, removedChildren false, Token false
10-30 21:16:41.981 19127 19180 I FeedSessionManagerImpl: Populate new session: _session:33860f02-69f7-4eb0-a2a0-e3e63266468d, creation time 10-30 21:16:41.968
10-30 21:16:41.981 19127 19180 I TimingUtils: Task Timing  29ms, thread JardinExecutor | task : Create/Populate New Session
10-30 21:16:41.981 19127 19180 I TaskQueue:  - Finished 24, time 29 ms
10-30 21:16:41.982 19127 19180 I TaskQueue: Execute task [BACKGROUND - d: false, b: 1]: 11
10-30 21:16:41.982 19127 19180 I ContentGc: Re-enqueuing triggerContentGc; attempts(0)
10-30 21:16:41.982 19127 19180 I TaskQueue:  - task [BACKGROUND - d: false, b: 1]: 11
10-30 21:16:41.982 19127 19180 I TaskQueue:  - Finished 11, time 0 ms
10-30 21:16:41.982 19127 19180 I TaskQueue: Execute task [BACKGROUND - d: false, b: 1]: 23
10-30 21:16:42.025 19127 19127 W chromium: [WARNING:compositor_view.cc(315)] Child process died (type=6) pid=19498)
10-30 21:16:42.026   600  1082 D ActivityManager: cleanUpApplicationRecord -- 19498
10-30 21:16:42.037   600  3994 D ActivityManager: cleanUpApplicationRecord -- 19485
10-30 21:16:42.043   600  3675 D ActivityManager: cleanUpApplicationRecord -- 19513
10-30 21:16:42.048   600  9614 D ActivityManager: cleanUpApplicationRecord -- 19471
10-30 21:16:42.052   600 16391 D ActivityManager: cleanUpApplicationRecord -- 19432
10-30 21:16:42.061 19127 19127 W chromium: [WARNING:compositor_view.cc(315)] Child process died (type=6) pid=19485)
10-30 21:16:42.062 19127 19127 W chromium: [WARNING:compositor_view.cc(315)] Child process died (type=6) pid=19471)
10-30 21:16:42.074 19127 19127 W chromium: [WARNING:compositor_view.cc(315)] Child process died (type=6) pid=19513)
10-30 21:16:42.081 19127 19127 W chromium: [WARNING:compositor_view.cc(315)] Child process died (type=6) pid=19432)
10-30 21:16:42.084 19127 19180 I TimingUtils: Task Timing 102ms, thread JardinExecutor | task : commitContentMutation | mutations : 32
10-30 21:16:42.085 19127 19180 I TimingUtils: Task Timing   0ms, thread JardinExecutor | task : commitSemanticPropertiesMutation | mutations : 0
10-30 21:16:42.085 19127 19180 I TaskQueue:  - Finished 23, time 104 ms
10-30 21:16:42.085 19127 19180 I TaskQueue: Execute task [BACKGROUND - d: false, b: 0]: 11
10-30 21:16:42.088 19127 19180 I SessionCache: Determining accessible content
10-30 21:16:42.090 19127 19180 I TimingUtils: Task Timing   4ms, thread JardinExecutor | task : ContentGc | contentItemsRemoved : 0
10-30 21:16:42.090 19127 19180 I TaskQueue:  - Finished 11, time 5 ms
10-30 21:16:42.121 19127 19187 W chromium: [WARNING:spdy_session.cc(3090)] Received RST for invalid stream1
10-30 21:16:42.161 29332  4393 E native  : document-store.cc:1328 Failed to update per-doc-data with usage report
10-30 21:16:42.194 29332  4393 I Icing   : Usage reports ok 1, Failed Usage reports 1, indexed 0, rejected 0
10-30 21:16:42.194 29332  4393 I Icing   : Removing corpus key com.android.chrome-omnibox for package com.android.chrome
10-30 21:16:42.994 29332  4393 I native  : document-store.cc:1654 Scored 1938 usage reports, missing_corpora 1032 update_failed 1
10-30 21:16:43.024 29332  4393 W Icing   : No valid account for uploading user actions
10-30 21:16:43.037 29332  4393 I Icing   : Usage reports ok 0, Failed Usage reports 0, indexed 0, rejected 0
10-30 21:16:43.039 29332  4393 W Icing   : No valid account for uploading user actions
10-30 21:16:43.052 29332  4393 I Icing   : Usage reports ok 0, Failed Usage reports 0, indexed 0, rejected 0
10-30 21:16:43.052 29332  4393 I Icing   : Indexing com.android.chrome-omnibox from com.android.chrome
10-30 21:16:43.154 29332  4393 I Icing   : Indexing done com.android.chrome-omnibox
10-30 21:16:43.773 19127 19182 I cr_omaha: Request to Server Successful. Timestamp for next request:1667164603773
10-30 21:16:43.829 19127 19182 I cr_omaha: Request to Server Successful. Timestamp for next request:1667164603829
10-30 21:16:43.829 19127 19182 I cr_omaha: Attempting to schedule next job for: Mon Oct 31 02:16:43 GMT+01:00 2022
10-30 21:16:43.831 19127 19127 I cr_omaha: Scheduled using JobService
10-30 21:16:43.833 19127 19127 E cr_BkgrdTaskJS: Tried finishing non-current BackgroundTask.
10-30 21:16:44.403 19127 19127 E cr_BTSPrefs: No data found for task id: 53
10-30 21:16:44.403 19127 19127 E cr_BkgrdTaskScheduler: Task cannot be canceled because no data was found instorage or data was invalid
10-30 21:16:44.613   787 28589 W Icing   : isOptedInForAppHistory: empty Account Name encountered
10-30 21:16:44.622   787 28589 W Icing   : isOptedInForAppHistory: empty Account Name encountered
10-30 21:16:44.632   787 16419 W Icing   : isOptedInForAppHistory: empty Account Name encountered
10-30 21:16:46.021 19127 19127 I cr_tabmodel: Appending tabs being restored to metadata lists, 0, startingNormalCount: 2, startingIncognitoCount: 0
10-30 21:16:46.021 19127 19127 I cr_tabmodel: Serializing tab lists; counts: 2, 0
10-30 21:16:46.306 19127 19181 W InstanceID: Instance ID SDK is deprecated, com.android.chrome should update to use Firebase Instance ID
10-30 21:16:46.345 19127 19137 I art     : Background sticky concurrent mark sweep GC freed 58270(2MB) AllocSpace objects, 23(452KB) LOS objects, 20% free, 14MB/18MB, paused 5.242ms total 36.953ms
10-30 21:16:46.419 19127 19127 I cr_tabmodel: Appending tabs being restored to metadata lists, 0, startingNormalCount: 2, startingIncognitoCount: 0
10-30 21:16:46.419 19127 19127 I cr_tabmodel: Serializing tab lists; counts: 2, 0
10-30 21:16:46.440 19127 19127 I cr_tabmodel: Appending tabs being restored to metadata lists, 0, startingNormalCount: 2, startingIncognitoCount: 0
10-30 21:16:46.440 19127 19127 I cr_tabmodel: Serializing tab lists; counts: 2, 0
10-30 21:16:47.860   787 16419 I NetworkScheduler.Stats: Task com.google.android.gms/com.google.android.gms.clearcut.uploader.QosUploaderService started execution. cause:1 exec_start_elapsed_seconds: 113056 [CONTEXT service_id=218 ]
10-30 21:16:47.869   787 16419 I NetworkScheduler.Stats: Task com.google.android.gms/com.google.android.gms.clearcut.uploader.QosUploaderService started execution. cause:1 exec_start_elapsed_seconds: 113056 [CONTEXT service_id=218 ]
10-30 21:16:49.200 19127 19127 E cr_BTSPrefs: No data found for task id: 57
10-30 21:16:49.200 19127 19127 E cr_BkgrdTaskScheduler: Task cannot be canceled because no data was found instorage or data was invalid
10-30 21:16:49.200 19127 19127 E cr_BTSPrefs: No data found for task id: 56
10-30 21:16:49.201 19127 19127 E cr_BkgrdTaskScheduler: Task cannot be canceled because no data was found instorage or data was invalid
10-30 21:16:52.443   787 17763 I NetworkScheduler.Stats: Task com.google.android.gms/com.google.android.gms.clearcut.uploader.QosUploaderService finished executing. cause:1 result: 1 elapsed_millis: 4609 uptime_millis: 4609 exec_start_elapsed_seconds: 113056 [CONTEXT service_id=218 ]
10-30 21:16:52.501   787 17763 I NetworkScheduler.Stats: Task com.google.android.gms/com.google.android.gms.clearcut.uploader.QosUploaderService finished executing. cause:1 result: 1 elapsed_millis: 4641 uptime_millis: 4642 exec_start_elapsed_seconds: 113056 [CONTEXT service_id=218 ]
10-30 21:16:54.791 19664 19664 D AndroidRuntime: >>>>>> START com.android.internal.os.RuntimeInit uid 2000 <<<<<<
10-30 21:16:54.794 19664 19664 D AndroidRuntime: CheckJNI is OFF
10-30 21:16:54.861 19664 19664 D ICU     : No timezone override file found: /data/misc/zoneinfo/current/icu/icu_tzdata.dat
10-30 21:16:54.893 19664 19664 I Radio-JNI: register_android_hardware_Radio DONE
10-30 21:16:54.909 19664 19664 D AndroidRuntime: Calling main entry com.android.commands.monkey.Monkey
10-30 21:16:54.977   600   613 W BroadcastQueue: Skipping deliver [background] BroadcastRecord{e3afd6f u-1 android.net.conn.CONNECTIVITY_CHANGE} to ReceiverList{b2fea7c 19664 (unknown name)/2000/u-1 remote:880749}: process crashing
10-30 21:16:56.539 19664 19664 D MonkeyStub: translateCommand: wake
10-30 21:16:56.688 19664 19664 D MonkeyStub: translateCommand: tap 1046 1868
10-30 21:16:59.429 19127 19127 I cr_tabmodel: Appending tabs being restored to metadata lists, 0, startingNormalCount: 2, startingIncognitoCount: 0
10-30 21:16:59.429 19127 19127 I cr_tabmodel: Serializing tab lists; counts: 2, 0
10-30 21:16:59.549 19127 19127 I cr_tabmodel: Appending tabs being restored to metadata lists, 0, startingNormalCount: 2, startingIncognitoCount: 0
10-30 21:16:59.549 19127 19127 I cr_tabmodel: Serializing tab lists; counts: 2, 0
10-30 21:17:06.910 19664 19664 D MonkeyStub: translateCommand: touch down 614 1561
10-30 21:17:06.926 19664 19664 D MonkeyStub: translateCommand: touch move 614 1561
10-30 21:17:07.033 19664 19664 D MonkeyStub: translateCommand: touch move 614 1436
10-30 21:17:07.138 19664 19664 D MonkeyStub: translateCommand: touch move 614 1311
10-30 21:17:07.249 19664 19664 D MonkeyStub: translateCommand: touch move 614 1186
10-30 21:17:07.359 19664 19664 D MonkeyStub: translateCommand: touch move 614 1061
10-30 21:17:07.467 19664 19664 D MonkeyStub: translateCommand: touch move 614 937
10-30 21:17:07.597 19664 19664 D MonkeyStub: translateCommand: touch move 614 812
10-30 21:17:07.706 19664 19664 D MonkeyStub: translateCommand: touch move 614 687
10-30 21:17:07.817 19664 19664 D MonkeyStub: translateCommand: touch move 614 562
10-30 21:17:07.924 19664 19664 D MonkeyStub: translateCommand: touch move 614 437
10-30 21:17:08.030 19664 19664 D MonkeyStub: translateCommand: touch move 614 312
10-30 21:17:08.034 19664 19664 D MonkeyStub: translateCommand: touch up 614 312
10-30 21:17:08.059 19664 19664 D MonkeyStub: translateCommand: touch down 614 1561
10-30 21:17:08.064 19664 19664 D MonkeyStub: translateCommand: touch move 614 1561
10-30 21:17:08.175 19664 19664 D MonkeyStub: translateCommand: touch move 614 1436
10-30 21:17:08.307 19664 19664 D MonkeyStub: translateCommand: touch move 614 1311
10-30 21:17:08.425 19664 19664 D MonkeyStub: translateCommand: touch move 614 1186
10-30 21:17:08.537 19664 19664 D MonkeyStub: translateCommand: touch move 614 1061
10-30 21:17:08.643 19664 19664 D MonkeyStub: translateCommand: touch move 614 937
10-30 21:17:08.754 19664 19664 D MonkeyStub: translateCommand: touch move 614 812
10-30 21:17:08.858 19664 19664 D MonkeyStub: translateCommand: touch move 614 687
10-30 21:17:08.967 19664 19664 D MonkeyStub: translateCommand: touch move 614 562
10-30 21:17:09.079 19664 19664 D MonkeyStub: translateCommand: touch move 614 437
10-30 21:17:09.189 19664 19664 D MonkeyStub: translateCommand: touch move 614 312
10-30 21:17:09.192 19664 19664 D MonkeyStub: translateCommand: touch up 614 312
10-30 21:17:11.416 19664 19664 D MonkeyStub: translateCommand: touch down 614 1561
10-30 21:17:11.425 19664 19664 D MonkeyStub: translateCommand: touch move 614 1561
10-30 21:17:11.533 19664 19664 D MonkeyStub: translateCommand: touch move 614 1436
10-30 21:17:11.642 19664 19664 D MonkeyStub: translateCommand: touch move 614 1311
10-30 21:17:11.763 19664 19664 D MonkeyStub: translateCommand: touch move 614 1186
10-30 21:17:11.867 19664 19664 D MonkeyStub: translateCommand: touch move 614 1061
10-30 21:17:11.976 19664 19664 D MonkeyStub: translateCommand: touch move 614 937
10-30 21:17:12.089 19664 19664 D MonkeyStub: translateCommand: touch move 614 812
10-30 21:17:12.217 19664 19664 D MonkeyStub: translateCommand: touch move 614 687
10-30 21:17:12.262 29332 29902 I Icing   : IndexChimeraService.getServiceInterface callingPackage=com.android.chrome componentName=null serviceId=36
10-30 21:17:12.288 29332  4393 W Icing   : No valid account for uploading user actions
10-30 21:17:12.307 29332 29713 I Icing   : IndexChimeraService.getServiceInterface callingPackage=com.google.android.gms componentName=null serviceId=30
10-30 21:17:12.336 19664 19664 D MonkeyStub: translateCommand: touch move 614 562
10-30 21:17:12.359 29332  4393 I Icing   : Usage reports ok 1, Failed Usage reports 0, indexed 1, rejected 0
10-30 21:17:12.363 29332  4393 W Icing   : No valid account for uploading user actions
10-30 21:17:12.375 29332  4393 I Icing   : Usage reports ok 0, Failed Usage reports 0, indexed 0, rejected 0
10-30 21:17:12.376 29332  4393 I Icing   : Indexing com.android.chrome-omnibox from com.android.chrome
10-30 21:17:12.392 29332  4393 I Icing   : Indexing done com.android.chrome-omnibox
10-30 21:17:12.446 19664 19664 D MonkeyStub: translateCommand: touch move 614 437
10-30 21:17:12.551 19664 19664 D MonkeyStub: translateCommand: touch move 614 312
10-30 21:17:12.556 19664 19664 D MonkeyStub: translateCommand: touch up 614 312
10-30 21:17:12.578 19664 19664 D MonkeyStub: translateCommand: touch down 614 1561
10-30 21:17:12.583 19664 19664 D MonkeyStub: translateCommand: touch move 614 1561
10-30 21:17:12.690 19664 19664 D MonkeyStub: translateCommand: touch move 614 1436
10-30 21:17:12.803 19664 19664 D MonkeyStub: translateCommand: touch move 614 1311
10-30 21:17:12.913 19664 19664 D MonkeyStub: translateCommand: touch move 614 1186
10-30 21:17:13.024 19664 19664 D MonkeyStub: translateCommand: touch move 614 1061
10-30 21:17:13.133 19664 19664 D MonkeyStub: translateCommand: touch move 614 937
10-30 21:17:13.245 19664 19664 D MonkeyStub: translateCommand: touch move 614 812
10-30 21:17:13.358 19664 19664 D MonkeyStub: translateCommand: touch move 614 687
10-30 21:17:13.463 19664 19664 D MonkeyStub: translateCommand: touch move 614 562
10-30 21:17:13.568 19664 19664 D MonkeyStub: translateCommand: touch move 614 437
10-30 21:17:13.673 19664 19664 D MonkeyStub: translateCommand: touch move 614 312
10-30 21:17:13.682 19664 19664 D MonkeyStub: translateCommand: touch up 614 312
10-30 21:17:13.703 19664 19664 D MonkeyStub: translateCommand: touch down 614 1561
10-30 21:17:13.713 19664 19664 D MonkeyStub: translateCommand: touch move 614 1561
10-30 21:17:13.834 19664 19664 D MonkeyStub: translateCommand: touch move 614 1436
10-30 21:17:13.941 19664 19664 D MonkeyStub: translateCommand: touch move 614 1311
10-30 21:17:14.064 19664 19664 D MonkeyStub: translateCommand: touch move 614 1186
10-30 21:17:14.174 19664 19664 D MonkeyStub: translateCommand: touch move 614 1061
10-30 21:17:14.285 19664 19664 D MonkeyStub: translateCommand: touch move 614 937
10-30 21:17:14.393 19664 19664 D MonkeyStub: translateCommand: touch move 614 812
10-30 21:17:14.503 19664 19664 D MonkeyStub: translateCommand: touch move 614 687
10-30 21:17:14.614 19664 19664 D MonkeyStub: translateCommand: touch move 614 562
10-30 21:17:14.727 19664 19664 D MonkeyStub: translateCommand: touch move 614 437
10-30 21:17:14.835 19664 19664 D MonkeyStub: translateCommand: touch move 614 312
10-30 21:17:14.855 19664 19664 D MonkeyStub: translateCommand: touch up 614 312
10-30 21:17:17.963 19664 19664 D MonkeyStub: translateCommand: touch down 614 1561
10-30 21:17:17.978 19664 19664 D MonkeyStub: translateCommand: touch move 614 1561
10-30 21:17:18.088 19664 19664 D MonkeyStub: translateCommand: touch move 614 1436
10-30 21:17:18.197 19664 19664 D MonkeyStub: translateCommand: touch move 614 1311
10-30 21:17:18.307 19664 19664 D MonkeyStub: translateCommand: touch move 614 1186
10-30 21:17:18.417 19664 19664 D MonkeyStub: translateCommand: touch move 614 1061
10-30 21:17:18.526 19664 19664 D MonkeyStub: translateCommand: touch move 614 937
10-30 21:17:18.643 19664 19664 D MonkeyStub: translateCommand: touch move 614 812
10-30 21:17:18.752 19664 19664 D MonkeyStub: translateCommand: touch move 614 687
10-30 21:17:18.860 19664 19664 D MonkeyStub: translateCommand: touch move 614 562
10-30 21:17:18.973 19664 19664 D MonkeyStub: translateCommand: touch move 614 437
10-30 21:17:19.079 19664 19664 D MonkeyStub: translateCommand: touch move 614 312
10-30 21:17:19.087 19664 19664 D MonkeyStub: translateCommand: touch up 614 312
10-30 21:17:19.111 19664 19664 D MonkeyStub: translateCommand: touch down 614 1561
10-30 21:17:19.117 19664 19664 D MonkeyStub: translateCommand: touch move 614 1561
10-30 21:17:19.232 19664 19664 D MonkeyStub: translateCommand: touch move 614 1436
10-30 21:17:19.336 19664 19664 D MonkeyStub: translateCommand: touch move 614 1311
10-30 21:17:19.463 19664 19664 D MonkeyStub: translateCommand: touch move 614 1186
10-30 21:17:19.524   600   713 I ActivityManager: Start proc 19716:com.android.chrome:sandboxed_process20/u0i189 for service com.android.chrome/org.chromium.content.app.SandboxedProcessService20
10-30 21:17:19.559 19716 19716 W boxed_process20: type=1400 audit(0.0:8985): avc: denied { getattr } for path="/data/data/com.android.chrome" dev="dm-2" ino=12190 scontext=u:r:isolated_app:s0:c512,c768 tcontext=u:object_r:app_data_file:s0:c512,c768 tclass=dir permissive=0
10-30 21:17:19.572 19664 19664 D MonkeyStub: translateCommand: touch move 614 1061
10-30 21:17:19.599 19716 19716 I cr_ChildProcessService: Creating new ChildProcessService pid=19716
10-30 21:17:19.649 19716 19729 I cr_LibraryLoader: Loaded native library version number "85.0.4183.127"
10-30 21:17:19.650 19716 19729 I cr_CachingUmaRecorder: Flushed 1 samples from 1 histograms.
10-30 21:17:19.663 19729 19729 W CrUtilityMain: type=1400 audit(0.0:8986): avc: denied { setattr } for name="LICENSE.txt" dev="dm-2" ino=24066 scontext=u:r:isolated_app:s0:c512,c768 tcontext=u:object_r:app_data_file:s0:c512,c768 tclass=file permissive=0
10-30 21:17:19.663 19729 19729 W CrUtilityMain: type=1400 audit(0.0:8987): avc: denied { setattr } for name=46696C746572696E672052756C6573 dev="dm-2" ino=24109 scontext=u:r:isolated_app:s0:c512,c768 tcontext=u:object_r:app_data_file:s0:c512,c768 tclass=file permissive=0
10-30 21:17:19.666 19729 19729 W CrUtilityMain: type=1400 audit(0.0:8988): avc: denied { setattr } for name="manifest.json" dev="dm-2" ino=24077 scontext=u:r:isolated_app:s0:c512,c768 tcontext=u:object_r:app_data_file:s0:c512,c768 tclass=file permissive=0
10-30 21:17:19.669 19729 19729 W CrUtilityMain: type=1400 audit(0.0:8989): avc: denied { setattr } for name="verified_contents.json" dev="dm-2" ino=23804 scontext=u:r:isolated_app:s0:c512,c768 tcontext=u:object_r:app_data_file:s0:c512,c768 tclass=file permissive=0
10-30 21:17:19.681 19716 19716 I cr_ChildProcessService: Destroying ChildProcessService pid=19716
10-30 21:17:19.682 19716 19729 I chromium: [INFO:child_process_service.cc(69)] ChildProcessService: Exiting child process.
10-30 21:17:19.683 19664 19664 D MonkeyStub: translateCommand: touch move 614 937
10-30 21:17:19.716   600 27731 I ActivityManager: Process com.android.chrome:sandboxed_process20 (pid 19716) has died
10-30 21:17:19.716   600 27731 D ActivityManager: cleanUpApplicationRecord -- 19716
10-30 21:17:19.733 19127 19127 W chromium: [WARNING:compositor_view.cc(315)] Child process died (type=6) pid=19716)
10-30 21:17:19.846 19664 19664 D MonkeyStub: translateCommand: touch move 614 812
10-30 21:17:19.961 19664 19664 D MonkeyStub: translateCommand: touch move 614 687
10-30 21:17:20.091 19664 19664 D MonkeyStub: translateCommand: touch move 614 562
10-30 21:17:20.216 19664 19664 D MonkeyStub: translateCommand: touch move 614 437
10-30 21:17:20.299   600  6312 I ActivityManager: Start proc 19736:com.android.chrome:sandboxed_process21/u0i190 for service com.android.chrome/org.chromium.content.app.SandboxedProcessService21
10-30 21:17:20.325 19664 19664 D MonkeyStub: translateCommand: touch move 614 312
10-30 21:17:20.328 19664 19664 D MonkeyStub: translateCommand: touch up 614 312
10-30 21:17:20.336 19736 19736 W boxed_process21: type=1400 audit(0.0:8990): avc: denied { getattr } for path="/data/data/com.android.chrome" dev="dm-2" ino=12190 scontext=u:r:isolated_app:s0:c512,c768 tcontext=u:object_r:app_data_file:s0:c512,c768 tclass=dir permissive=0
10-30 21:17:20.368 19736 19736 I cr_ChildProcessService: Creating new ChildProcessService pid=19736
10-30 21:17:20.409 19736 19749 I cr_LibraryLoader: Loaded native library version number "85.0.4183.127"
10-30 21:17:20.410 19736 19749 I cr_CachingUmaRecorder: Flushed 1 samples from 1 histograms.
10-30 21:17:20.439 19749 19749 W CrUtilityMain: type=1400 audit(0.0:8991): avc: denied { setattr } for name="tl_en-us_2022-10-17_483521407_100000_index.bin" dev="dm-2" ino=24303 scontext=u:r:isolated_app:s0:c512,c768 tcontext=u:object_r:app_data_file:s0:c512,c768 tclass=file permissive=0
10-30 21:17:20.439 19749 19749 W CrUtilityMain: type=1400 audit(0.0:8992): avc: denied { setattr } for name="manifest.json" dev="dm-2" ino=24343 scontext=u:r:isolated_app:s0:c512,c768 tcontext=u:object_r:app_data_file:s0:c512,c768 tclass=file permissive=0
10-30 21:17:20.443 19749 19749 W CrUtilityMain: type=1400 audit(0.0:8993): avc: denied { setattr } for name="verified_contents.json" dev="dm-2" ino=24487 scontext=u:r:isolated_app:s0:c512,c768 tcontext=u:object_r:app_data_file:s0:c512,c768 tclass=file permissive=0
10-30 21:17:20.453 19736 19749 I chromium: [INFO:child_process_service.cc(69)] ChildProcessService: Exiting child process.
10-30 21:17:20.454   197   197 E lowmemorykiller: Error writing /proc/19736/oom_score_adj; errno=22
10-30 21:17:20.474   600  3994 I ActivityManager: Process com.android.chrome:sandboxed_process21 (pid 19736) has died
10-30 21:17:20.474   600  3994 D ActivityManager: cleanUpApplicationRecord -- 19736
10-30 21:17:20.477 19127 19127 W chromium: [WARNING:compositor_view.cc(315)] Child process died (type=6) pid=19736)
10-30 21:17:21.198   198   198 E SELinux : avc:  denied  { find } for service=netd pid=19757 uid=2000 scontext=u:r:shell:s0 tcontext=u:object_r:netd_service:s0 tclass=service_manager permissive=0
10-30 21:17:21.202   198   198 E SELinux : avc:  denied  { find } for service=android.service.gatekeeper.IGateKeeperService pid=19757 uid=2000 scontext=u:r:shell:s0 tcontext=u:object_r:gatekeeper_service:s0 tclass=service_manager permissive=0
10-30 21:17:21.266   600   707 I ActivityManager: Start proc 19758:com.android.chrome:sandboxed_process22/u0i191 for service com.android.chrome/org.chromium.content.app.SandboxedProcessService22
10-30 21:17:21.289 19758 19758 W boxed_process22: type=1400 audit(0.0:8994): avc: denied { getattr } for path="/data/data/com.android.chrome" dev="dm-2" ino=12190 scontext=u:r:isolated_app:s0:c512,c768 tcontext=u:object_r:app_data_file:s0:c512,c768 tclass=dir permissive=0
10-30 21:17:21.311 19758 19758 I cr_ChildProcessService: Creating new ChildProcessService pid=19758
10-30 21:17:21.348 19758 19771 I cr_LibraryLoader: Loaded native library version number "85.0.4183.127"
10-30 21:17:21.349 19758 19771 I cr_CachingUmaRecorder: Flushed 1 samples from 1 histograms.
10-30 21:17:21.359 19771 19771 W CrUtilityMain: type=1400 audit(0.0:8995): avc: denied { setattr } for name="optimization-hints.pb" dev="dm-2" ino=24420 scontext=u:r:isolated_app:s0:c512,c768 tcontext=u:object_r:app_data_file:s0:c512,c768 tclass=file permissive=0
10-30 21:17:21.359 19771 19771 W CrUtilityMain: type=1400 audit(0.0:8996): avc: denied { setattr } for name="manifest.json" dev="dm-2" ino=24379 scontext=u:r:isolated_app:s0:c512,c768 tcontext=u:object_r:app_data_file:s0:c512,c768 tclass=file permissive=0
10-30 21:17:21.359 19771 19771 W CrUtilityMain: type=1400 audit(0.0:8997): avc: denied { setattr } for name="verified_contents.json" dev="dm-2" ino=24498 scontext=u:r:isolated_app:s0:c512,c768 tcontext=u:object_r:app_data_file:s0:c512,c768 tclass=file permissive=0
10-30 21:17:21.372 19758 19771 I chromium: [INFO:child_process_service.cc(69)] ChildProcessService: Exiting child process.
10-30 21:17:21.373   197   197 E lowmemorykiller: Error writing /proc/19758/oom_score_adj; errno=22
10-30 21:17:21.394   600   610 I ActivityManager: Process com.android.chrome:sandboxed_process22 (pid 19758) has died
10-30 21:17:21.394   600   610 D ActivityManager: cleanUpApplicationRecord -- 19758
10-30 21:17:21.394 19127 19127 W chromium: [WARNING:compositor_view.cc(315)] Child process died (type=6) pid=19758)
10-30 21:17:22.361 19664 19664 D MonkeyStub: translateCommand: tap 734 1352
10-30 21:17:22.411   600  1080 I ActivityManager: Start proc 19775:com.android.chrome:sandboxed_process23/u0i192 for service com.android.chrome/org.chromium.content.app.SandboxedProcessService23
10-30 21:17:22.483 19775 19775 W boxed_process23: type=1400 audit(0.0:8998): avc: denied { getattr } for path="/data/data/com.android.chrome" dev="dm-2" ino=12190 scontext=u:r:isolated_app:s0:c512,c768 tcontext=u:object_r:app_data_file:s0:c512,c768 tclass=dir permissive=0
10-30 21:17:22.514 19775 19775 I cr_ChildProcessService: Creating new ChildProcessService pid=19775
10-30 21:17:22.583 19775 19788 I cr_LibraryLoader: Loaded native library version number "85.0.4183.127"
10-30 21:17:22.583 19775 19788 I cr_CachingUmaRecorder: Flushed 1 samples from 1 histograms.
10-30 21:17:22.603 19788 19788 W CrUtilityMain: type=1400 audit(0.0:8999): avc: denied { setattr } for name="crl-set" dev="dm-2" ino=27715 scontext=u:r:isolated_app:s0:c512,c768 tcontext=u:object_r:app_data_file:s0:c512,c768 tclass=file permissive=0
10-30 21:17:22.603 19788 19788 W CrUtilityMain: type=1400 audit(0.0:9000): avc: denied { setattr } for name="manifest.json" dev="dm-2" ino=27861 scontext=u:r:isolated_app:s0:c512,c768 tcontext=u:object_r:app_data_file:s0:c512,c768 tclass=file permissive=0
10-30 21:17:22.603 19788 19788 W CrUtilityMain: type=1400 audit(0.0:9001): avc: denied { setattr } for name="LICENSE" dev="dm-2" ino=28133 scontext=u:r:isolated_app:s0:c512,c768 tcontext=u:object_r:app_data_file:s0:c512,c768 tclass=file permissive=0
10-30 21:17:22.606 19788 19788 W CrUtilityMain: type=1400 audit(0.0:9002): avc: denied { setattr } for name="verified_contents.json" dev="dm-2" ino=28836 scontext=u:r:isolated_app:s0:c512,c768 tcontext=u:object_r:app_data_file:s0:c512,c768 tclass=file permissive=0
10-30 21:17:22.652 19775 19775 I cr_ChildProcessService: Destroying ChildProcessService pid=19775
10-30 21:17:22.661   600  3507 I ActivityManager: Killing 19775:com.android.chrome:sandboxed_process23/u0a35i192 (adj 0): isolated not needed
10-30 21:17:22.737   787  1258 E AsyncOperation: serviceID=121, operation=GetLaunchDataOperation [CONTEXT service_id=259 ]
10-30 21:17:22.737   787  1258 E AsyncOperation: OperationException[Status{statusCode=Not an instant app, resolution=null}]
10-30 21:17:22.737   787  1258 E AsyncOperation: 	at aeay.a(:com.google.android.gms@203915020@20.39.15 (040406-335085812):20)
10-30 21:17:22.737   787  1258 E AsyncOperation: 	at aain.run(:com.google.android.gms@203915020@20.39.15 (040406-335085812):7)
10-30 21:17:22.737   787  1258 E AsyncOperation: 	at boex.run(:com.google.android.gms@203915020@20.39.15 (040406-335085812):2)
10-30 21:17:22.737   787  1258 E AsyncOperation: 	at sup.b(:com.google.android.gms@203915020@20.39.15 (040406-335085812):12)
10-30 21:17:22.737   787  1258 E AsyncOperation: 	at sup.run(:com.google.android.gms@203915020@20.39.15 (040406-335085812):7)
10-30 21:17:22.737   787  1258 E AsyncOperation: 	at java.util.concurrent.ThreadPoolExecutor.runWorker(ThreadPoolExecutor.java:1133)
10-30 21:17:22.737   787  1258 E AsyncOperation: 	at java.util.concurrent.ThreadPoolExecutor$Worker.run(ThreadPoolExecutor.java:607)
10-30 21:17:22.737   787  1258 E AsyncOperation: 	at tam.run(:com.google.android.gms@203915020@20.39.15 (040406-335085812):0)
10-30 21:17:22.737   787  1258 E AsyncOperation: 	at java.lang.Thread.run(Thread.java:761)
10-30 21:17:22.893   600  6312 D ActivityManager: cleanUpApplicationRecord -- 19775
10-30 21:17:22.918 19127 19127 W chromium: [WARNING:compositor_view.cc(315)] Child process died (type=6) pid=19775)
10-30 21:17:23.816 19127 19127 V MediaRouter: Adding route: RouteInfo{ name=Tablet, description=null, status=null, category=RouteCategory{ name=null types=ROUTE_TYPE_LIVE_AUDIO ROUTE_TYPE_LIVE_VIDEO  groupable=false }, supportedTypes=ROUTE_TYPE_LIVE_AUDIO ROUTE_TYPE_LIVE_VIDEO , presentationDisplay=null }
10-30 21:17:23.825 19127 19127 V MediaRouter: Updating audio routes: AudioRoutesInfo{ type=SPEAKER }
10-30 21:17:23.828 19127 19127 V MediaRouter: Selecting route: RouteInfo{ name=Tablet, description=null, status=null, category=RouteCategory{ name=null types=ROUTE_TYPE_LIVE_AUDIO ROUTE_TYPE_LIVE_VIDEO  groupable=false }, supportedTypes=ROUTE_TYPE_LIVE_AUDIO ROUTE_TYPE_LIVE_VIDEO , presentationDisplay=null }
10-30 21:17:23.843 19127 19127 I MediaRouter: Found default route: MediaRouter.RouteInfo{ uniqueId=android/Qf:DEFAULT_ROUTE, name=Tablet, description=null, iconUri=null, enabled=true, connecting=false, connectionState=0, canDisconnect=false, playbackType=0, playbackStream=3, deviceType=0, volumeHandling=1, volume=0, volumeMax=15, presentationDisplayId=-1, extras=null, settingsIntent=null, providerPackageName=android }
10-30 21:17:23.844 19127 19127 I MediaRouter: Unselecting the current route because it is no longer selectable: null
10-30 21:17:23.857 19127 19127 V MediaRouter: Selecting route: RouteInfo{ name=Tablet, description=null, status=null, category=RouteCategory{ name=null types=ROUTE_TYPE_LIVE_AUDIO ROUTE_TYPE_LIVE_VIDEO  groupable=false }, supportedTypes=ROUTE_TYPE_LIVE_AUDIO ROUTE_TYPE_LIVE_VIDEO , presentationDisplay=null }
10-30 21:17:23.978   600  2707 I ActivityManager: Start proc 19797:com.android.chrome:sandboxed_process24/u0i193 for service com.android.chrome/org.chromium.content.app.SandboxedProcessService24
10-30 21:17:24.029 19797 19797 W boxed_process24: type=1400 audit(0.0:9003): avc: denied { getattr } for path="/data/data/com.android.chrome" dev="dm-2" ino=12190 scontext=u:r:isolated_app:s0:c512,c768 tcontext=u:object_r:app_data_file:s0:c512,c768 tclass=dir permissive=0
10-30 21:17:24.058 19797 19797 I cr_ChildProcessService: Creating new ChildProcessService pid=19797
10-30 21:17:24.112 19797 19810 I cr_LibraryLoader: Loaded native library version number "85.0.4183.127"
10-30 21:17:24.113 19797 19810 I cr_CachingUmaRecorder: Flushed 1 samples from 1 histograms.
10-30 21:17:24.133 19810 19810 W CrUtilityMain: type=1400 audit(0.0:9004): avc: denied { setattr } for name="manifest.json" dev="dm-2" ino=51562 scontext=u:r:isolated_app:s0:c512,c768 tcontext=u:object_r:app_data_file:s0:c512,c768 tclass=file permissive=0
10-30 21:17:24.136 19810 19810 W CrUtilityMain: type=1400 audit(0.0:9005): avc: denied { setattr } for name="verified_contents.json" dev="dm-2" ino=51666 scontext=u:r:isolated_app:s0:c512,c768 tcontext=u:object_r:app_data_file:s0:c512,c768 tclass=file permissive=0
10-30 21:17:24.146 19797 19797 I cr_ChildProcessService: Destroying ChildProcessService pid=19797
10-30 21:17:24.147 19797 19810 I chromium: [INFO:child_process_service.cc(69)] ChildProcessService: Exiting child process.
10-30 21:17:24.173   600  3509 I ActivityManager: Process com.android.chrome:sandboxed_process24 (pid 19797) has died
10-30 21:17:24.173   600  3509 D ActivityManager: cleanUpApplicationRecord -- 19797
10-30 21:17:24.175 19127 19127 W chromium: [WARNING:compositor_view.cc(315)] Child process died (type=6) pid=19797)
10-30 21:17:24.724   787  1714 W Icing   : isOptedInForAppHistory: empty Account Name encountered
10-30 21:17:24.742   787  1714 W Icing   : isOptedInForAppHistory: empty Account Name encountered
10-30 21:17:24.758   787 17763 W Icing   : isOptedInForAppHistory: empty Account Name encountered
10-30 21:17:24.961 19189 19213 W VideoCapabilities: Unrecognized level 0 for video/x-vnd.on2.vp8
10-30 21:17:24.978 19189 19213 I VideoCapabilities: Unsupported profile 4 for video/mp4v-es
10-30 21:17:24.986 19189 19213 W cr_MediaCodecUtil: HW encoder for video/avc is not available on this device.
10-30 21:17:25.008 19189 19817 W VideoCapabilities: Unrecognized level 0 for video/x-vnd.on2.vp8
10-30 21:17:25.013 19189 19817 I VideoCapabilities: Unsupported profile 4 for video/mp4v-es
10-30 21:17:25.419   600   647 I WifiHAL : Got channel list with 13 channels
10-30 21:17:25.424   600   647 I WifiHAL : Got channel list with 4 channels
10-30 21:17:25.428 29332  4393 I CastDatabase: Opening the database
10-30 21:17:25.440   600   647 I WifiHAL : Got channel list with 15 channels
10-30 21:17:25.444 29332 29332 I DiscoveryManager: WifiGuestModeDeviceScanner enabled.
10-30 21:17:25.580 29332  4393 I SQLiteCastStore: 2 CastNetworkInfo instances loaded, 1 CastDeviceInfo instances loaded, 0 paired guest mode devices loaded.
10-30 21:17:25.580 29332  4393 I DiscoveryManager: Filter criteria(37F83649) scannerFlags(0)
10-30 21:17:25.582 29332  4393 I CastDatabase: CastDeviceInfo created: V_279358f2-28ee-4070-afce-2228cc57ea2c
10-30 21:17:25.582 29332  4393 W GuestModeDeviceProber: setFilterCriteria
10-30 21:17:25.590 29332  4393 E DeviceScanner: [BLE] Failed to start scan because the Bluetooth is disabled.
10-30 21:17:25.591 29332  4393 W DatabaseProcessor: processLocalDevices: failed to get the network info with non-null bssid.
10-30 21:17:25.594 29332  4393 W DatabaseProcessor: processLocalDevices: failed to get the network info with non-null bssid.
10-30 21:17:25.640 29332  4393 E DeviceScanner: [BLE] Failed to start scan because the Bluetooth is disabled.
10-30 21:17:25.640 29332  4393 W DatabaseProcessor: processLocalDevices: failed to get the network info with non-null bssid.
10-30 21:17:25.641 29332  4393 W DatabaseProcessor: processLocalDevices: failed to get the network info with non-null bssid.
10-30 21:17:25.714 19189 19212 I cr_MediaCodecBridge: create MediaCodec video decoder, mime video/avc
10-30 21:17:25.726   246   273 I MediaPlayerService: MediaPlayerService::getOMX
10-30 21:17:25.728 19189 19822 I OMXClient: MuxOMX ctor
10-30 21:17:25.734   243   263 I OMXMaster: makeComponentInstance(OMX.Nvidia.h264.decode) in mediacodec process
10-30 21:17:25.753 19189 19821 I MediaCodec: MediaCodec will operate in async mode
10-30 21:17:25.759 19189 19821 I MediaCodec: [OMX.Nvidia.h264.decode] setting surface generation to 19649537
10-30 21:17:25.764   243 31204 E OMXNodeInstance: getConfig(f300bc:Nvidia.h264.decode, ConfigCommonOutputCrop(0x700000f)) ERROR: BadParameter(0x80001005)
10-30 21:17:25.773 19189 19822 D SurfaceUtils: set up nativeWindow 0xd2fca008 for 2526x1000, color 0x106, rotation 0, usage 0x2b00
10-30 21:17:25.782   243 19823 D NvOsDebugPrintf: NvMMLiteOpen : Block : BlockType = 261 
10-30 21:17:25.783   243 19823 D NvOsDebugPrintf: TVMR: NvMMLiteTVMRDecBlockOpen: 5008: NvMMLiteBlockOpen 
10-30 21:17:25.790   600 13558 I ActivityManager: Start proc 19825:com.android.chrome:sandboxed_process25/u0i194 for service com.android.chrome/org.chromium.content.app.SandboxedProcessService25
10-30 21:17:25.803   243 19823 D NvOsDebugPrintf: NvMMLiteBlockCreate : Block : BlockType = 261 
10-30 21:17:25.812   243 19830 D NvOsDebugPrintf: TVMR: cbBeginSequence: 655: BeginSequence  2528x1008, bVPR = 0
10-30 21:17:25.813   243 19830 D NvOsDebugPrintf: TVMR: cbBeginSequence: 918: DecodeBuffers = 12 
10-30 21:17:25.824   243 19830 D NvOsDebugPrintf: TVMR: cbBeginSequence: 938: Display Resolution : (2526x1000) 
10-30 21:17:25.824   243 19830 D NvOsDebugPrintf: TVMR: cbBeginSequence: 939: Display Aspect Ratio : (2526x1000) 
10-30 21:17:25.824   243 19830 D NvOsDebugPrintf: TVMR: cbBeginSequence: 1041: SurfaceLayout = 3
10-30 21:17:25.824   243 19830 D NvOsDebugPrintf: TVMR: cbBeginSequence: 1071: NumOfSurfaces = 16, InteraceStream = 0, InterlaceEnabled = 0, bSecure = 0, MVC = 0 Semiplanar = 1, bReinit = 1 
10-30 21:17:25.824   243 19830 D NvOsDebugPrintf: Allocating new output: 2528x1008 (x 18), ThumbnailMode = 0
10-30 21:17:25.835 19189 19822 D SurfaceUtils: set up nativeWindow 0xd2fca008 for 2528x1008, color 0x106, rotation 0, usage 0x2b00
10-30 21:17:25.835   243 15159 E OMXNodeInstance: setParameter(f300bc:Nvidia.h264.decode, ParamPortDefinition(0x2000001)) ERROR: UnsupportedSetting(0x80001019)
10-30 21:17:25.835 19189 19822 W ACodec  : [OMX.Nvidia.h264.decode] setting nBufferCountActual to 23 failed: -1010
10-30 21:17:25.835   243   243 E OMXNodeInstance: setParameter(f300bc:Nvidia.h264.decode, ParamPortDefinition(0x2000001)) ERROR: UnsupportedSetting(0x80001019)
10-30 21:17:25.835 19189 19822 W ACodec  : [OMX.Nvidia.h264.decode] setting nBufferCountActual to 22 failed: -1010
10-30 21:17:25.835   243 31204 E OMXNodeInstance: setParameter(f300bc:Nvidia.h264.decode, ParamPortDefinition(0x2000001)) ERROR: UnsupportedSetting(0x80001019)
10-30 21:17:25.835 19189 19822 W ACodec  : [OMX.Nvidia.h264.decode] setting nBufferCountActual to 21 failed: -1010
10-30 21:17:25.893 19825 19825 W boxed_process25: type=1400 audit(0.0:9006): avc: denied { getattr } for path="/data/data/com.android.chrome" dev="dm-2" ino=12190 scontext=u:r:isolated_app:s0:c512,c768 tcontext=u:object_r:app_data_file:s0:c512,c768 tclass=dir permissive=0
10-30 21:17:25.992 19825 19825 I cr_ChildProcessService: Creating new ChildProcessService pid=19825
10-30 21:17:26.044 19825 19840 I cr_LibraryLoader: Loaded native library version number "85.0.4183.127"
10-30 21:17:26.044 19825 19840 I cr_CachingUmaRecorder: Flushed 1 samples from 1 histograms.
10-30 21:17:26.063 19840 19840 W CrUtilityMain: type=1400 audit(0.0:9007): avc: denied { setattr } for name="download_file_types.pb" dev="dm-2" ino=57198 scontext=u:r:isolated_app:s0:c512,c768 tcontext=u:object_r:app_data_file:s0:c512,c768 tclass=file permissive=0
10-30 21:17:26.063 19840 19840 W CrUtilityMain: type=1400 audit(0.0:9008): avc: denied { setattr } for name="manifest.json" dev="dm-2" ino=56948 scontext=u:r:isolated_app:s0:c512,c768 tcontext=u:object_r:app_data_file:s0:c512,c768 tclass=file permissive=0
10-30 21:17:26.066 19840 19840 W CrUtilityMain: type=1400 audit(0.0:9009): avc: denied { setattr } for name="verified_contents.json" dev="dm-2" ino=57718 scontext=u:r:isolated_app:s0:c512,c768 tcontext=u:object_r:app_data_file:s0:c512,c768 tclass=file permissive=0
10-30 21:17:26.077 19825 19825 I cr_ChildProcessService: Destroying ChildProcessService pid=19825
10-30 21:17:26.078 19825 19840 I chromium: [INFO:child_process_service.cc(69)] ChildProcessService: Exiting child process.
10-30 21:17:26.096   600 13631 I ActivityManager: Process com.android.chrome:sandboxed_process25 (pid 19825) has died
10-30 21:17:26.096   600 13631 D ActivityManager: cleanUpApplicationRecord -- 19825
10-30 21:17:26.098 19127 19127 W chromium: [WARNING:compositor_view.cc(315)] Child process died (type=6) pid=19825)
10-30 21:17:28.155   600   610 I ActivityManager: Start proc 19847:com.android.chrome:sandboxed_process26/u0i195 for service com.android.chrome/org.chromium.content.app.SandboxedProcessService26
10-30 21:17:28.226 19847 19847 W boxed_process26: type=1400 audit(0.0:9010): avc: denied { getattr } for path="/data/data/com.android.chrome" dev="dm-2" ino=12190 scontext=u:r:isolated_app:s0:c512,c768 tcontext=u:object_r:app_data_file:s0:c512,c768 tclass=dir permissive=0
10-30 21:17:28.252 19847 19847 I cr_ChildProcessService: Creating new ChildProcessService pid=19847
10-30 21:17:28.312 19127 19127 I cr_tabmodel: Appending tabs being restored to metadata lists, 0, startingNormalCount: 2, startingIncognitoCount: 0
10-30 21:17:28.312 19127 19127 I cr_tabmodel: Serializing tab lists; counts: 2, 0
10-30 21:17:28.385 19847 19861 I cr_LibraryLoader: Loaded native library version number "85.0.4183.127"
10-30 21:17:28.386 19847 19861 I cr_CachingUmaRecorder: Flushed 1 samples from 1 histograms.
10-30 21:17:28.403 19861 19861 W CrUtilityMain: type=1400 audit(0.0:9011): avc: denied { setattr } for name="ssl_error_assistant.pb" dev="dm-2" ino=58647 scontext=u:r:isolated_app:s0:c512,c768 tcontext=u:object_r:app_data_file:s0:c512,c768 tclass=file permissive=0
10-30 21:17:28.413 19861 19861 W CrUtilityMain: type=1400 audit(0.0:9012): avc: denied { setattr } for name="manifest.json" dev="dm-2" ino=59073 scontext=u:r:isolated_app:s0:c512,c768 tcontext=u:object_r:app_data_file:s0:c512,c768 tclass=file permissive=0
10-30 21:17:28.413 19861 19861 W CrUtilityMain: type=1400 audit(0.0:9013): avc: denied { setattr } for name="verified_contents.json" dev="dm-2" ino=59008 scontext=u:r:isolated_app:s0:c512,c768 tcontext=u:object_r:app_data_file:s0:c512,c768 tclass=file permissive=0
10-30 21:17:28.422 19847 19861 I chromium: [INFO:child_process_service.cc(69)] ChildProcessService: Exiting child process.
10-30 21:17:28.484   600  3509 I ActivityManager: Process com.android.chrome:sandboxed_process26 (pid 19847) has died
10-30 21:17:28.484   600  3509 D ActivityManager: cleanUpApplicationRecord -- 19847
10-30 21:17:28.487 19127 19127 W chromium: [WARNING:compositor_view.cc(315)] Child process died (type=6) pid=19847)
10-30 21:17:28.594 29332  4393 W AdaptiveDiscoveryWorker: Exiting Adaptive Discovery. Current NetworkInfo is NULL.
10-30 21:17:28.742 29332  4393 W DatabaseProcessor: processLocalDevices: failed to get the network info with non-null bssid.
10-30 21:17:30.931   600  1076 I ActivityManager: Start proc 19866:com.android.chrome:sandboxed_process27/u0i196 for service com.android.chrome/org.chromium.content.app.SandboxedProcessService27
10-30 21:17:30.989 19866 19866 W boxed_process27: type=1400 audit(0.0:9014): avc: denied { getattr } for path="/data/data/com.android.chrome" dev="dm-2" ino=12190 scontext=u:r:isolated_app:s0:c512,c768 tcontext=u:object_r:app_data_file:s0:c512,c768 tclass=dir permissive=0
10-30 21:17:31.031 19866 19866 I cr_ChildProcessService: Creating new ChildProcessService pid=19866
10-30 21:17:31.118 19866 19879 I cr_LibraryLoader: Loaded native library version number "85.0.4183.127"
10-30 21:17:31.118 19866 19879 I cr_CachingUmaRecorder: Flushed 1 samples from 1 histograms.
10-30 21:17:31.149 19879 19879 W CrUtilityMain: type=1400 audit(0.0:9015): avc: denied { setattr } for name="safety_tips.pb" dev="dm-2" ino=59067 scontext=u:r:isolated_app:s0:c512,c768 tcontext=u:object_r:app_data_file:s0:c512,c768 tclass=file permissive=0
10-30 21:17:31.153 19879 19879 W CrUtilityMain: type=1400 audit(0.0:9016): avc: denied { setattr } for name="manifest.json" dev="dm-2" ino=59056 scontext=u:r:isolated_app:s0:c512,c768 tcontext=u:object_r:app_data_file:s0:c512,c768 tclass=file permissive=0
10-30 21:17:31.153 19879 19879 W CrUtilityMain: type=1400 audit(0.0:9017): avc: denied { setattr } for name="verified_contents.json" dev="dm-2" ino=58808 scontext=u:r:isolated_app:s0:c512,c768 tcontext=u:object_r:app_data_file:s0:c512,c768 tclass=file permissive=0
10-30 21:17:31.163 19866 19866 I cr_ChildProcessService: Destroying ChildProcessService pid=19866
10-30 21:17:31.164 19866 19879 I chromium: [INFO:child_process_service.cc(69)] ChildProcessService: Exiting child process.
10-30 21:17:31.200   600 13557 I ActivityManager: Process com.android.chrome:sandboxed_process27 (pid 19866) has died
10-30 21:17:31.200   600 13557 D ActivityManager: cleanUpApplicationRecord -- 19866
10-30 21:17:31.216 19127 19127 W chromium: [WARNING:compositor_view.cc(315)] Child process died (type=6) pid=19866)
10-30 21:17:34.031   600  3509 I ActivityManager: Start proc 19885:com.android.chrome:sandboxed_process28/u0i197 for service com.android.chrome/org.chromium.content.app.SandboxedProcessService28
10-30 21:17:34.089 19885 19885 W boxed_process28: type=1400 audit(0.0:9018): avc: denied { getattr } for path="/data/data/com.android.chrome" dev="dm-2" ino=12190 scontext=u:r:isolated_app:s0:c512,c768 tcontext=u:object_r:app_data_file:s0:c512,c768 tclass=dir permissive=0
10-30 21:17:34.121 19885 19885 I cr_ChildProcessService: Creating new ChildProcessService pid=19885
10-30 21:17:34.166 19885 19898 I cr_LibraryLoader: Loaded native library version number "85.0.4183.127"
10-30 21:17:34.167 19885 19898 I cr_CachingUmaRecorder: Flushed 1 samples from 1 histograms.
10-30 21:17:34.183 19898 19898 W CrUtilityMain: type=1400 audit(0.0:9019): avc: denied { setattr } for name=5072656C6F61642044617461 dev="dm-2" ino=59243 scontext=u:r:isolated_app:s0:c512,c768 tcontext=u:object_r:app_data_file:s0:c512,c768 tclass=file permissive=0
10-30 21:17:34.183 19898 19898 W CrUtilityMain: type=1400 audit(0.0:9020): avc: denied { setattr } for name="manifest.json" dev="dm-2" ino=59247 scontext=u:r:isolated_app:s0:c512,c768 tcontext=u:object_r:app_data_file:s0:c512,c768 tclass=file permissive=0
10-30 21:17:34.186 19898 19898 W CrUtilityMain: type=1400 audit(0.0:9021): avc: denied { setattr } for name="verified_contents.json" dev="dm-2" ino=59233 scontext=u:r:isolated_app:s0:c512,c768 tcontext=u:object_r:app_data_file:s0:c512,c768 tclass=file permissive=0
10-30 21:17:34.197 19885 19885 I cr_ChildProcessService: Destroying ChildProcessService pid=19885
10-30 21:17:34.197 19885 19898 I chromium: [INFO:child_process_service.cc(69)] ChildProcessService: Exiting child process.
10-30 21:17:34.216   600  1080 I ActivityManager: Process com.android.chrome:sandboxed_process28 (pid 19885) has died
10-30 21:17:34.216   600  1080 D ActivityManager: cleanUpApplicationRecord -- 19885
10-30 21:17:34.218 19127 19127 W chromium: [WARNING:compositor_view.cc(315)] Child process died (type=6) pid=19885)
10-30 21:17:35.582 19664 19664 D MonkeyStub: translateCommand: touch down 614 1561
10-30 21:17:35.596 19664 19664 D MonkeyStub: translateCommand: touch move 614 1561
10-30 21:17:35.717 19664 19664 D MonkeyStub: translateCommand: touch move 614 1436
10-30 21:17:35.830 19664 19664 D MonkeyStub: translateCommand: touch move 614 1311
10-30 21:17:35.950 19664 19664 D MonkeyStub: translateCommand: touch move 614 1186
10-30 21:17:36.056 19664 19664 D MonkeyStub: translateCommand: touch move 614 1061
10-30 21:17:36.167 19664 19664 D MonkeyStub: translateCommand: touch move 614 937
10-30 21:17:36.279 19664 19664 D MonkeyStub: translateCommand: touch move 614 812
10-30 21:17:36.394 19664 19664 D MonkeyStub: translateCommand: touch move 614 687
10-30 21:17:36.506 19664 19664 D MonkeyStub: translateCommand: touch move 614 562
10-30 21:17:36.620 19664 19664 D MonkeyStub: translateCommand: touch move 614 437
10-30 21:17:36.725 19664 19664 D MonkeyStub: translateCommand: touch move 614 312
10-30 21:17:36.729 19664 19664 D MonkeyStub: translateCommand: touch up 614 312
10-30 21:17:37.320   600  3994 I ActivityManager: Start proc 19904:com.android.chrome:sandboxed_process29/u0i198 for service com.android.chrome/org.chromium.content.app.SandboxedProcessService29
10-30 21:17:37.363 19904 19904 W boxed_process29: type=1400 audit(0.0:9022): avc: denied { getattr } for path="/data/data/com.android.chrome" dev="dm-2" ino=12190 scontext=u:r:isolated_app:s0:c512,c768 tcontext=u:object_r:app_data_file:s0:c512,c768 tclass=dir permissive=0
10-30 21:17:37.386 19904 19904 I cr_ChildProcessService: Creating new ChildProcessService pid=19904
10-30 21:17:37.428 19904 19917 I cr_LibraryLoader: Loaded native library version number "85.0.4183.127"
10-30 21:17:37.429 19904 19917 I cr_CachingUmaRecorder: Flushed 1 samples from 1 histograms.
10-30 21:17:37.443 19917 19917 W CrUtilityMain: type=1400 audit(0.0:9023): avc: denied { setattr } for name="tls_deprecation_config.pb" dev="dm-2" ino=59457 scontext=u:r:isolated_app:s0:c512,c768 tcontext=u:object_r:app_data_file:s0:c512,c768 tclass=file permissive=0
