--------- beginning of main
11-02 10:34:57.290 20171 20171 D AndroidRuntime: >>>>>> START com.android.internal.os.RuntimeInit uid 2000 <<<<<<
11-02 10:34:57.293 20171 20171 D AndroidRuntime: CheckJNI is OFF
11-02 10:34:57.361 20171 20171 D ICU     : No timezone override file found: /data/misc/zoneinfo/current/icu/icu_tzdata.dat
11-02 10:34:57.391 20171 20171 I Radio-JNI: register_android_hardware_Radio DONE
11-02 10:34:57.407 20171 20171 D AndroidRuntime: Calling main entry com.android.commands.am.Am
--------- beginning of system
11-02 10:34:57.424   601 12301 I ActivityManager: Force stopping com.android.chrome appid=10035 user=0: from pid 20171
11-02 10:34:57.424   601 12301 I ActivityManager: Killing 20135:com.android.chrome/u0a35 (adj 700): stop com.android.chrome
11-02 10:34:57.424   601 12301 D ActivityManager: cleanUpApplicationRecord -- 20135
11-02 10:34:57.437  1052  1052 D RegisteredNfcFServicesCache: Service unchanged, not updating
11-02 10:34:57.682   601  4276 I ActivityManager: START u0 {act=android.intent.action.VIEW flg=0x10008000 cmp=com.android.chrome/com.google.android.apps.chrome.Main} from uid 2000 on display 0
11-02 10:34:57.703 20171 20171 D AndroidRuntime: Shutting down VM
11-02 10:34:57.744   601 15862 I ActivityManager: Start proc 20181:com.android.chrome/u0a35 for activity com.android.chrome/com.google.android.apps.chrome.Main
11-02 10:34:57.891   601 19770 I ActivityManager: START u0 {cmp=com.android.chrome/org.chromium.chrome.browser.firstrun.TabbedModeFirstRunActivity (has extras)} from uid 10035 on display 0
11-02 10:34:57.914 20181 20199 W DynamiteModule: Local module descriptor class for com.google.android.gms.googlecertificates not found.
11-02 10:34:58.067 20181 20199 I DynamiteModule: Considering local module com.google.android.gms.googlecertificates:0 and remote module com.google.android.gms.googlecertificates:6
11-02 10:34:58.067 20181 20199 I DynamiteModule: Selected remote version of com.google.android.gms.googlecertificates, version >= 6
11-02 10:34:58.072 20181 20200 I cr_LibraryLoader: Loaded native library version number "85.0.4183.127"
11-02 10:34:58.072 20181 20200 I cr_CachingUmaRecorder: Flushed 10 samples from 10 histograms.
11-02 10:34:58.095 20181 20201 I OpenGLRenderer: Initialized EGL, version 1.4
11-02 10:34:58.095 20181 20201 D OpenGLRenderer: Swap behavior 2
11-02 10:34:58.135 20181 20199 W System  : ClassLoader referenced unknown path: 
11-02 10:34:58.135 20181 20199 D ApplicationLoaders: ignored Vulkan layer search path /data/app/com.google.android.gms-1/lib/arm:/data/app/com.google.android.gms-1/base.apk!/lib/armeabi-v7a:/data/app/com.google.android.gms-1/split_config.en.apk!/lib/armeabi-v7a for namespace 0xf38b4090
11-02 10:34:58.138 20181 20199 W ResourceType: ResTable_typeSpec entry count inconsistent: given 67, previously 69
11-02 10:34:58.138 20181 20199 W ResourceType: ResTable_typeSpec entry count inconsistent: given 5346, previously 5347
11-02 10:34:58.164 20181 20199 I DynamiteLoaderV2Impl: [70] Googlecertificates
11-02 10:34:58.180 20181 20199 W System  : ClassLoader referenced unknown path: /data/user_de/0/com.google.android.gms/app_chimera/m/00000061/n/armeabi-v7a
11-02 10:34:58.180 20181 20199 W System  : ClassLoader referenced unknown path: /data/user_de/0/com.google.android.gms/app_chimera/m/00000061/n/armeabi
11-02 10:34:58.269 20181 20195 D NetworkSecurityConfig: Using Network Security Config from resource 0_resource_name_obfuscated debugBuild: false
11-02 10:34:58.283   601   621 I ActivityManager: Displayed com.android.chrome/org.chromium.chrome.browser.firstrun.TabbedModeFirstRunActivity: +348ms (total +582ms)
11-02 10:34:58.292   601   621 W WindowManager: Failed looking up window
11-02 10:34:58.292   601   621 W WindowManager: java.lang.IllegalArgumentException: Requested window android.view.ViewRootImpl$W@94fea4a does not exist
11-02 10:34:58.292   601   621 W WindowManager: 	at com.android.server.wm.WindowManagerService.windowForClientLocked(WindowManagerService.java:9422)
11-02 10:34:58.292   601   621 W WindowManager: 	at com.android.server.wm.WindowManagerService.windowForClientLocked(WindowManagerService.java:9413)
11-02 10:34:58.292   601   621 W WindowManager: 	at com.android.server.wm.WindowManagerService.removeWindow(WindowManagerService.java:2393)
11-02 10:34:58.292   601   621 W WindowManager: 	at com.android.server.wm.Session.remove(Session.java:202)
11-02 10:34:58.292   601   621 W WindowManager: 	at android.view.ViewRootImpl.dispatchDetachedFromWindow(ViewRootImpl.java:3290)
11-02 10:34:58.292   601   621 W WindowManager: 	at android.view.ViewRootImpl.doDie(ViewRootImpl.java:5917)
11-02 10:34:58.292   601   621 W WindowManager: 	at android.view.ViewRootImpl$ViewRootHandler.handleMessage(ViewRootImpl.java:3626)
11-02 10:34:58.292   601   621 W WindowManager: 	at android.os.Handler.dispatchMessage(Handler.java:102)
11-02 10:34:58.292   601   621 W WindowManager: 	at android.os.Looper.loop(Looper.java:154)
11-02 10:34:58.292   601   621 W WindowManager: 	at android.os.HandlerThread.run(HandlerThread.java:61)
11-02 10:34:58.292   601   621 W WindowManager: 	at com.android.server.ServiceThread.run(ServiceThread.java:46)
11-02 10:34:58.298   785  1608 I FontLog : Received query Google Sans, URI content://com.google.android.gms.fonts [CONTEXT service_id=132 ]
11-02 10:34:58.298   785  1608 I FontLog : Query [Google Sans] resolved to {Google Sans, wdth 100.0, wght 400, ital 0.0, bestEffort false} [CONTEXT service_id=132 ]
11-02 10:34:58.300   785  1608 I FontLog : Font PFD returned from cache for {Google Sans, wdth 100.0, wght 400, ital 0.0, bestEffort false} [CONTEXT service_id=132 ]
11-02 10:34:58.300   785  1608 I FontLog : Fetch {Google Sans, wdth 100.0, wght 400, ital 0.0, bestEffort false} end status Status{statusCode=SUCCESS, resolution=null} [CONTEXT service_id=132 ]
11-02 10:34:58.345   785  1617 I FontLog : Pulling font file for id = 179, cache size = 4 [CONTEXT service_id=132 ]
11-02 10:34:58.356   785  1162 E apju    : Phenotype API error. Event # cdub@d93548fb, EventCode: 7 [CONTEXT service_id=51 ]
11-02 10:34:58.356   785  1162 E apju    : apiz: 29505: No config packages for log source, or config package not registered
11-02 10:34:58.356   785  1162 E apju    : 	at apkj.b(:com.google.android.gms@203915020@20.39.15 (040406-335085812):7)
11-02 10:34:58.356   785  1162 E apju    : 	at apkg.b(:com.google.android.gms@203915020@20.39.15 (040406-335085812):2)
11-02 10:34:58.356   785  1162 E apju    : 	at apju.a(:com.google.android.gms@203915020@20.39.15 (040406-335085812):85)
11-02 10:34:58.356   785  1162 E apju    : 	at apju.a(:com.google.android.gms@203915020@20.39.15 (040406-335085812):80)
11-02 10:34:58.356   785  1162 E apju    : 	at aain.run(:com.google.android.gms@203915020@20.39.15 (040406-335085812):7)
11-02 10:34:58.356   785  1162 E apju    : 	at boex.run(:com.google.android.gms@203915020@20.39.15 (040406-335085812):2)
11-02 10:34:58.356   785  1162 E apju    : 	at sup.b(:com.google.android.gms@203915020@20.39.15 (040406-335085812):12)
11-02 10:34:58.356   785  1162 E apju    : 	at sup.run(:com.google.android.gms@203915020@20.39.15 (040406-335085812):7)
11-02 10:34:58.356   785  1162 E apju    : 	at java.util.concurrent.ThreadPoolExecutor.runWorker(ThreadPoolExecutor.java:1133)
11-02 10:34:58.356   785  1162 E apju    : 	at java.util.concurrent.ThreadPoolExecutor$Worker.run(ThreadPoolExecutor.java:607)
11-02 10:34:58.356   785  1162 E apju    : 	at tam.run(:com.google.android.gms@203915020@20.39.15 (040406-335085812):0)
11-02 10:34:58.356   785  1162 E apju    : 	at java.lang.Thread.run(Thread.java:761)
11-02 10:34:58.356   785  1162 E AsyncOperation: serviceID=51, operation=GetExperimentTokensOperationCall [CONTEXT service_id=259 ]
11-02 10:34:58.356   785  1162 E AsyncOperation: OperationException[Status{statusCode=No config packages for log source, or config package not registered, resolution=null}]
11-02 10:34:58.356   785  1162 E AsyncOperation: 	at apju.a(:com.google.android.gms@203915020@20.39.15 (040406-335085812):87)
11-02 10:34:58.356   785  1162 E AsyncOperation: 	at apju.a(:com.google.android.gms@203915020@20.39.15 (040406-335085812):80)
11-02 10:34:58.356   785  1162 E AsyncOperation: 	at aain.run(:com.google.android.gms@203915020@20.39.15 (040406-335085812):7)
11-02 10:34:58.356   785  1162 E AsyncOperation: 	at boex.run(:com.google.android.gms@203915020@20.39.15 (040406-335085812):2)
11-02 10:34:58.356   785  1162 E AsyncOperation: 	at sup.b(:com.google.android.gms@203915020@20.39.15 (040406-335085812):12)
11-02 10:34:58.356   785  1162 E AsyncOperation: 	at sup.run(:com.google.android.gms@203915020@20.39.15 (040406-335085812):7)
11-02 10:34:58.356   785  1162 E AsyncOperation: 	at java.util.concurrent.ThreadPoolExecutor.runWorker(ThreadPoolExecutor.java:1133)
11-02 10:34:58.356   785  1162 E AsyncOperation: 	at java.util.concurrent.ThreadPoolExecutor$Worker.run(ThreadPoolExecutor.java:607)
11-02 10:34:58.356   785  1162 E AsyncOperation: 	at tam.run(:com.google.android.gms@203915020@20.39.15 (040406-335085812):0)
11-02 10:34:58.356   785  1162 E AsyncOperation: 	at java.lang.Thread.run(Thread.java:761)
11-02 10:34:58.414   785  1271 I FontLog : Received query Google Sans:500, URI content://com.google.android.gms.fonts [CONTEXT service_id=132 ]
11-02 10:34:58.415   785  1271 I FontLog : Query [Google Sans:500] resolved to {Google Sans, wdth 100.0, wght 500, ital 0.0, bestEffort false} [CONTEXT service_id=132 ]
11-02 10:34:58.420   785  1271 I FontLog : Font PFD returned from cache for {Google Sans, wdth 100.0, wght 500, ital 0.0, bestEffort false} [CONTEXT service_id=132 ]
11-02 10:34:58.420   785  1271 I FontLog : Fetch {Google Sans, wdth 100.0, wght 500, ital 0.0, bestEffort false} end status Status{statusCode=SUCCESS, resolution=null} [CONTEXT service_id=132 ]
11-02 10:34:58.426   785  1706 I FontLog : Pulling font file for id = 180, cache size = 4 [CONTEXT service_id=132 ]
11-02 10:34:58.487 26552 26552 I MemoryTrimmer: Trimming objects from memory, since app is in the background.
11-02 10:34:58.493  1065  1065 I MemoryTrimmer: Trimming objects from memory, since app is in the background.
11-02 10:34:58.499 26552 20050 I DeviceStateChecker: DeviceStateChecker cancelled
11-02 10:34:58.500 26552 26552 I MicroDetector: Keeping mic open: false
11-02 10:34:58.500 26552 26609 I AudioController: internalShutdown
11-02 10:34:58.500 26552 26609 I MicrophoneInputStream: mic_close com.google.android.apps.gsa.speech.audio.ae@f079e55
11-02 10:34:58.501 26552 27106 I MicroRecognitionRunner: Stopping hotword detection.
11-02 10:34:58.518   237   285 I SoundTriggerHwService::Module: void android::SoundTriggerHwService::Module::onCallbackEvent(const sp<android::SoundTriggerHwService::CallbackEvent> &) mClient == 0
11-02 10:34:58.521 26552 20051 I MicroRecognitionRunner: Detection finished
11-02 10:34:58.527 26552 26552 I MemoryTrimmer: Trimming objects from memory, since app is in the background.
11-02 10:34:59.753 20181 20195 I cr_VariationsSeedFetch: Fetched first run seed in 1493 ms
11-02 10:34:59.801   601 19770 I ActivityManager: Start proc 20216:com.android.chrome:sandboxed_process0/u0i969 for service com.android.chrome/org.chromium.content.app.SandboxedProcessService0
11-02 10:34:59.853 20216 20216 W dboxed_process0: type=1400 audit(0.0:1680): avc: denied { getattr } for path="/data/data/com.android.chrome" dev="dm-2" ino=12190 scontext=u:r:isolated_app:s0:c512,c768 tcontext=u:object_r:app_data_file:s0:c512,c768 tclass=dir permissive=0
11-02 10:34:59.875 20216 20216 I cr_ChildProcessService: Creating new ChildProcessService pid=20216
11-02 10:34:59.987   601  9663 I ActivityManager: Start proc 20243:com.android.chrome:privileged_process0/u0a35 for service com.android.chrome/org.chromium.content.app.PrivilegedProcessService0
11-02 10:35:00.075 20243 20243 I cr_ChildProcessService: Creating new ChildProcessService pid=20243
11-02 10:35:00.120 20181 20203 W ConnectionStatusConfig: Dynamic lookup for intent failed for action: com.google.android.gms.auth.key.retrieval.service.START
11-02 10:35:00.139 20181 20203 W ConnectionStatusConfig: Dynamic lookup for intent failed for action: com.google.android.gms.auth.key.retrieval.service.START
11-02 10:35:00.140   601  1452 W ActivityManager: Unable to start service Intent { act=com.google.android.gms.auth.key.retrieval.service.START pkg=com.google.android.gms } U=0: not found
11-02 10:35:00.158 20243 20258 I cr_LibraryLoader: Loaded native library version number "85.0.4183.127"
11-02 10:35:00.160 20243 20258 I cr_CachingUmaRecorder: Flushed 1 samples from 1 histograms.
11-02 10:35:00.163   601 15862 W ActivityManager: Unbind failed: could not find connection for android.os.BinderProxy@9551e86
11-02 10:35:00.170 20181 20203 E GmsClient: unable to connect to service: com.google.android.gms.auth.key.retrieval.service.START on com.google.android.gms
11-02 10:35:00.188 20243 20258 E libEGL  : validate_display:99 error 3008 (EGL_BAD_DISPLAY)
11-02 10:35:00.194 20181 20181 W cr_KnoxSettingsProvider: Permission to read device policy denied.
11-02 10:35:00.231 20181 20191 I art     : Background partial concurrent mark sweep GC freed 4790(374KB) AllocSpace objects, 14(1144KB) LOS objects, 40% free, 5MB/8MB, paused 6.564ms total 81.546ms
11-02 10:35:08.620 26552 26552 I MemoryTrimmer: Trimming objects from memory, since app is in the background.
11-02 10:35:10.920 20287 20287 D AndroidRuntime: >>>>>> START com.android.internal.os.RuntimeInit uid 2000 <<<<<<
11-02 10:35:10.923 20287 20287 D AndroidRuntime: CheckJNI is OFF
11-02 10:35:10.991 20287 20287 D ICU     : No timezone override file found: /data/misc/zoneinfo/current/icu/icu_tzdata.dat
11-02 10:35:11.022 20287 20287 I Radio-JNI: register_android_hardware_Radio DONE
11-02 10:35:11.037 20287 20287 D AndroidRuntime: Calling main entry com.android.commands.monkey.Monkey
11-02 10:35:11.104   601   614 W BroadcastQueue: Skipping deliver [background] BroadcastRecord{604b50e u-1 android.net.conn.CONNECTIVITY_CHANGE} to ReceiverList{5ff8b2f 20287 (unknown name)/2000/u-1 remote:d783810}: process crashing
11-02 10:35:12.710 20287 20287 D MonkeyStub: translateCommand: wake
11-02 10:35:12.832 20287 20287 D MonkeyStub: translateCommand: tap 398 1198
11-02 10:35:14.907 20287 20287 D MonkeyStub: translateCommand: tap 720 1506
11-02 10:35:15.063 10984 11104 I PeopleChimeraService: onService. callbacks = aaik@4b0691c, request = com.google.android.gms.common.internal.GetServiceRequest@6cb7925
11-02 10:35:15.077 10984 10996 I PeopleChimeraService: onService. callbacks = aaik@79b08ab, request = com.google.android.gms.common.internal.GetServiceRequest@8e8fb08
11-02 10:35:17.162 20287 20287 D MonkeyStub: translateCommand: tap 355 1480
11-02 10:35:17.176 20287 20287 D MonkeyStub: Quit requested
11-02 10:35:17.204   601  7042 I ActivityManager: START u0 {act=android.intent.action.VIEW flg=0x10008000 cmp=com.android.chrome/com.google.android.apps.chrome.Main (has extras)} from uid 10035 on display 0
11-02 10:35:17.205   601   615 I CwMcuSensor: CwMcuSensor::flush: fd = 213, sensors_id = 0, path = /sys/class/htc_sensorhub/sensor_hub/flush, err = 0
11-02 10:35:17.210 20287 20287 I art     : System.exit called, status: 6
11-02 10:35:17.210 20287 20287 I AndroidRuntime: VM exiting with result code 6.
11-02 10:35:17.285   601  4276 W WindowManager: Attempted to remove non-existing token: android.os.Binder@f90c53c
11-02 10:35:17.286   601   601 E AccessibilityManagerService: Error during sending EventType: TYPE_WINDOW_STATE_CHANGED; EventTime: 21375020; PackageName: com.android.chrome; MovementGranularity: 0; Action: 0 [ ClassName: android.widget.FrameLayout; Text: []; ContentDescription: null; ItemCount: -1; CurrentItemIndex: -1; IsEnabled: true; IsPassword: false; IsChecked: false; IsFullScreen: false; Scrollable: false; BeforeText: null; FromIndex: -1; ToIndex: -1; ScrollX: -1; ScrollY: -1; MaxScrollX: -1; MaxScrollY: -1; AddedCount: -1; RemovedCount: -1; ParcelableData: null ]; recordCount: 0 to android.accessibilityservice.IAccessibilityServiceClient$Stub$Proxy@ebafc58
11-02 10:35:17.286   601   601 E AccessibilityManagerService: android.os.DeadObjectException
11-02 10:35:17.286   601   601 E AccessibilityManagerService: 	at android.os.BinderProxy.transactNative(Native Method)
11-02 10:35:17.286   601   601 E AccessibilityManagerService: 	at android.os.BinderProxy.transact(Binder.java:615)
11-02 10:35:17.286   601   601 E AccessibilityManagerService: 	at android.accessibilityservice.IAccessibilityServiceClient$Stub$Proxy.onAccessibilityEvent(IAccessibilityServiceClient.java:191)
11-02 10:35:17.286   601   601 E AccessibilityManagerService: 	at com.android.server.accessibility.AccessibilityManagerService$Service.notifyAccessibilityEventInternal(AccessibilityManagerService.java:3245)
11-02 10:35:17.286   601   601 E AccessibilityManagerService: 	at com.android.server.accessibility.AccessibilityManagerService$Service.-wrap0(AccessibilityManagerService.java)
11-02 10:35:17.286   601   601 E AccessibilityManagerService: 	at com.android.server.accessibility.AccessibilityManagerService$Service$1.handleMessage(AccessibilityManagerService.java:2260)
11-02 10:35:17.286   601   601 E AccessibilityManagerService: 	at android.os.Handler.dispatchMessage(Handler.java:102)
11-02 10:35:17.286   601   601 E AccessibilityManagerService: 	at android.os.Looper.loop(Looper.java:154)
11-02 10:35:17.286   601   601 E AccessibilityManagerService: 	at com.android.server.SystemServer.run(SystemServer.java:349)
11-02 10:35:17.286   601   601 E AccessibilityManagerService: 	at com.android.server.SystemServer.main(SystemServer.java:219)
11-02 10:35:17.286   601   601 E AccessibilityManagerService: 	at java.lang.reflect.Method.invoke(Native Method)
11-02 10:35:17.286   601   601 E AccessibilityManagerService: 	at com.android.internal.os.ZygoteInit$MethodAndArgsCaller.run(ZygoteInit.java:886)
11-02 10:35:17.286   601   601 E AccessibilityManagerService: 	at com.android.internal.os.ZygoteInit.main(ZygoteInit.java:776)
11-02 10:35:17.386 20181 20181 E cr_CompositorSurfaceMgr: Transitioning to surface with format : -1
11-02 10:35:17.448   601   610 I art     : Background partial concurrent mark sweep GC freed 18142(961KB) AllocSpace objects, 3(60KB) LOS objects, 33% free, 15MB/22MB, paused 1.089ms total 179.867ms
11-02 10:35:17.471 20181 20237 W cr_tabmodel: Starting to perform legacy migration.
11-02 10:35:17.472 20181 20237 W cr_tabmodel: Finished performing legacy migration.
11-02 10:35:17.472 20181 20237 W cr_tabmodel: Starting to perform multi-instance migration.
11-02 10:35:17.473 20181 20237 W cr_tabmodel: Finished performing multi-instance migration.
11-02 10:35:17.474 20181 20237 I cr_tabmodel: Starting to fetch tab list for tab_state0
11-02 10:35:17.475 20181 20237 I cr_tabmodel: State file does not exist.
11-02 10:35:17.475 20181 20237 I cr_tabmodel: Starting to fetch tab list for tab_state1
11-02 10:35:17.475 20181 20237 I cr_tabmodel: State file does not exist.
11-02 10:35:17.515 20181 20237 I cr_ADCP : No customization source found
11-02 10:35:17.571   601  4262 E BatteryStatsService: power: Missing API
11-02 10:35:17.594   601  4262 E BatteryStatsService: no controller energy info supplied
11-02 10:35:17.595   799   799 E PhoneInterfaceManager: [PhoneIntfMgr] queryModemActivityInfo: Empty response
11-02 10:35:17.602   601  4262 E BatteryStatsService: modem info is invalid: ModemActivityInfo{ mTimestamp=0 mSleepTimeMs=0 mIdleTimeMs=0 mTxTimeMs[]=[0, 0, 0, 0, 0] mRxTimeMs=0 mEnergyUsed=0}
11-02 10:35:17.616   601   621 I ActivityManager: Displayed com.android.chrome/com.google.android.apps.chrome.Main: +372ms
11-02 10:35:17.647 20181 20201 D OpenGLRenderer: endAllActiveAnimators on 0xd19e5900 (InsetDrawable) with handle 0xd19da670
11-02 10:35:17.656 20181 20181 E cr_CompositorSurfaceMgr: Transitioning to surface with format : -1
11-02 10:35:17.663 20181 20181 E cr_CompositorSurfaceMgr: surfaceCreated format : 0
11-02 10:35:17.669 20181 20181 I cr_ContextualSearch: Tap suppression enabled: false
11-02 10:35:17.672 20181 20181 I cr_ChromeTabbedActivity: #initializeState
11-02 10:35:17.673 20181 20181 I cr_CipherFactory: #restoreFromBundle, no savedInstanceState.
11-02 10:35:17.673 20181 20181 I cr_tabmodel: #loadState, ignoreIncognitoFiles? true
11-02 10:35:17.867 20181 20181 I SchedulerApiWrapper: Create SchedulerApiMainThreadWrapper
11-02 10:35:17.877 20181 20181 I FeedSessionManagerImpl: FeedSessionManagerImpl has been created
11-02 10:35:17.878 20181 20181 I FeedAppLifecycleLstnr: onEnterForeground called
11-02 10:35:17.878 20181 20181 I FeedSessionManagerImpl: onLifecycleEvent foreground
11-02 10:35:17.886 20181 20181 I FeedSessionManagerImpl: Lazy initialization triggered, getUpdateConsumer
11-02 10:35:17.888 20181 20239 I TaskQueue: Execute task [IMMEDIATE - d: true, b: 0]: 30
11-02 10:35:17.888 20181 20181 I FeedRequestManagerImpl: trigger refresh 2
11-02 10:35:17.888 20181 20181 I TaskQueue:  - task [HEAD_INVALIDATE - d: true, b: 0]: 26
11-02 10:35:17.889 20181 20181 I FeedAppLifecycleLstnr: initialize called
11-02 10:35:17.889 20181 20181 I FeedSessionManagerImpl: onLifecycleEvent initialize
11-02 10:35:17.889 20181 20181 W FeedSessionManagerImpl: FeedSessionManagerImpl has previously been initialized
11-02 10:35:17.918 20181 20181 I ViewConfigCompat: Could not find method getScaledScrollFactor() on ViewConfiguration
11-02 10:35:17.922 20181 20181 I BasicStream: Setting 2 header views, currently have 0 headers
11-02 10:35:17.923 20181 20181 I BasicStream: Setting 2 header views, currently have 2 headers
11-02 10:35:17.993   601   620 D BluetoothManagerService: Message: 20
11-02 10:35:17.993   601   620 D BluetoothManagerService: Added callback: android.bluetooth.IBluetoothManagerCallback$Stub$Proxy@fc146:true
11-02 10:35:18.007 20181 20181 E cr_IntentUtils: getBooleanExtra failed on intent null
11-02 10:35:18.013 20216 20229 I cr_LibraryLoader: Loaded native library version number "85.0.4183.127"
11-02 10:35:18.014 20216 20229 I cr_CachingUmaRecorder: Flushed 1 samples from 1 histograms.
11-02 10:35:18.015 20181 20181 I TimeoutSessionImpl: Using TimeoutSessionImpl
11-02 10:35:18.015 20181 20181 I FeedSessionManagerImpl: Delaying populateSession until initialization is finished
11-02 10:35:18.016 20181 20181 I TaskQueue:  - task [IMMEDIATE - d: true, b: 1]: 13
11-02 10:35:18.016 20181 20181 I MainThreadRunner: Running task [BasicStream onShow] on the Main Thread with a delay of 500 milliseconds
11-02 10:35:18.103   601 12691 I ActivityManager: Start proc 20317:com.android.chrome:sandboxed_process1/u0i970 for service com.android.chrome/org.chromium.content.app.SandboxedProcessService1
11-02 10:35:18.118 20181 20239 W SessionCache: Persisted Sessions were not found
11-02 10:35:18.118 20181 20239 I HeadSessionImpl: Initialize HEAD 0 items
11-02 10:35:18.119 20181 20239 I TaskQueue:  - task [BACKGROUND - d: true, b: 2]: 11
11-02 10:35:18.119 20181 20239 I TimingUtils: Task Timing 231ms, thread JardinExecutor | task : Initialization
11-02 10:35:18.119 20181 20239 I TaskQueue:  - Finished 30, time 231 ms
11-02 10:35:18.120 20181 20232 I TaskQueue: Execute task [HEAD_INVALIDATE - d: true, b: 2]: 26
11-02 10:35:18.121 20181 20232 I TimingUtils: Task Timing   0ms, thread background-1 | task : getAllDismissLocalActions | size : 0
11-02 10:35:18.121 20181 20232 I TimingUtils: Task Timing   0ms, thread background-2 | task : getSemanticProperties | size : 0
11-02 10:35:18.121 20181 20232 I MainThreadRunner: Running task [Check Tooltips] on the Main Thread
11-02 10:35:18.121 20181 20232 I TaskQueue:  * Starting starvation checks
11-02 10:35:18.121 20181 20232 I MainThreadRunner: Running task [starvationChecks] on the Main Thread with a delay of 6000 milliseconds
11-02 10:35:18.122 20181 20232 I TaskQueue:  - Finished 26, time 2 ms
11-02 10:35:18.128 20181 20239 I TaskQueue: Execute task [IMMEDIATE - d: true, b: 1]: 13
11-02 10:35:18.128 20181 20239 I FeedSessionManagerImpl: shouldSessionRequestData; hasContent(false), contentCreationTime(0), outstandingRequest(true)
11-02 10:35:18.128 20181 20239 I MainThreadRunner: Running task [SchedulerApiWrapper shouldSessionRequestData] on the Main Thread
11-02 10:35:18.137   601 17045 I ActivityManager: Start proc 20322:com.android.chrome:sandboxed_process2/u0i971 for service com.android.chrome/org.chromium.content.app.SandboxedProcessService2
11-02 10:35:18.194   601  9663 I ActivityManager: Start proc 20338:com.android.chrome:sandboxed_process3/u0i972 for service com.android.chrome/org.chromium.content.app.SandboxedProcessService3
11-02 10:35:18.244   601 15862 I ActivityManager: Start proc 20354:com.android.chrome:sandboxed_process4/u0i973 for service com.android.chrome/org.chromium.content.app.SandboxedProcessService4
11-02 10:35:18.299   601 19770 I ActivityManager: Start proc 20366:com.android.chrome:sandboxed_process5/u0i974 for service com.android.chrome/org.chromium.content.app.SandboxedProcessService5
11-02 10:35:18.344   601   832 I ActivityManager: Start proc 20379:com.android.chrome:sandboxed_process6/u0i975 for service com.android.chrome/org.chromium.content.app.SandboxedProcessService6
11-02 10:35:18.390 20322 20322 W dboxed_process2: type=1400 audit(0.0:1681): avc: denied { getattr } for path="/data/data/com.android.chrome" dev="dm-2" ino=12190 scontext=u:r:isolated_app:s0:c512,c768 tcontext=u:object_r:app_data_file:s0:c512,c768 tclass=dir permissive=0
11-02 10:35:18.397 20317 20317 W dboxed_process1: type=1400 audit(0.0:1682): avc: denied { getattr } for path="/data/data/com.android.chrome" dev="dm-2" ino=12190 scontext=u:r:isolated_app:s0:c512,c768 tcontext=u:object_r:app_data_file:s0:c512,c768 tclass=dir permissive=0
11-02 10:35:18.403   601  1452 I ActivityManager: Start proc 20397:com.android.chrome:sandboxed_process7/u0i976 for service com.android.chrome/org.chromium.content.app.SandboxedProcessService7
11-02 10:35:18.462 20181 20181 I PlayCore: UID: [10035]  PID: [20181] SplitInstallService : deferredInstall([image_editor])
11-02 10:35:18.470   601 12691 I ActivityManager: Start proc 20410:com.android.chrome:sandboxed_process8/u0i977 for service com.android.chrome/org.chromium.content.app.SandboxedProcessService8
11-02 10:35:18.492 20181 20413 I PlayCore: UID: [10035]  PID: [20181] SplitInstallService : Initiate binding to the service.
11-02 10:35:18.493   601  2013 W ActivityManager: Unable to start service Intent { act=com.google.android.play.core.splitinstall.BIND_SPLIT_INSTALL_SERVICE pkg=com.android.vending } U=0: not found
11-02 10:35:18.510 20338 20338 W dboxed_process3: type=1400 audit(0.0:1683): avc: denied { getattr } for path="/data/data/com.android.chrome" dev="dm-2" ino=12190 scontext=u:r:isolated_app:s0:c512,c768 tcontext=u:object_r:app_data_file:s0:c512,c768 tclass=dir permissive=0
11-02 10:35:18.597 20354 20354 W dboxed_process4: type=1400 audit(0.0:1684): avc: denied { getattr } for path="/data/data/com.android.chrome" dev="dm-2" ino=12190 scontext=u:r:isolated_app:s0:c512,c768 tcontext=u:object_r:app_data_file:s0:c512,c768 tclass=dir permissive=0
11-02 10:35:18.605 20181 20181 I Choreographer: Skipped 59 frames!  The application may be doing too much work on its main thread.
11-02 10:35:18.608 20322 20322 I cr_ChildProcessService: Creating new ChildProcessService pid=20322
11-02 10:35:18.625 20317 20317 I cr_ChildProcessService: Creating new ChildProcessService pid=20317
11-02 10:35:18.687 20366 20366 W dboxed_process5: type=1400 audit(0.0:1685): avc: denied { getattr } for path="/data/data/com.android.chrome" dev="dm-2" ino=12190 scontext=u:r:isolated_app:s0:c512,c768 tcontext=u:object_r:app_data_file:s0:c512,c768 tclass=dir permissive=0
11-02 10:35:18.757 20379 20379 W dboxed_process6: type=1400 audit(0.0:1686): avc: denied { getattr } for path="/data/data/com.android.chrome" dev="dm-2" ino=12190 scontext=u:r:isolated_app:s0:c512,c768 tcontext=u:object_r:app_data_file:s0:c512,c768 tclass=dir permissive=0
11-02 10:35:18.787 20181 20181 I TaskQueue:  - task [IMMEDIATE - d: true, b: 1]: 27
11-02 10:35:18.788 20181 20239 I FeedSessionManagerImpl: shouldSessionRequestDataResult: NO_REQUEST_WITH_WAIT, shouldMakeRequest(false), withTimeout(false), withAppend(false)
11-02 10:35:18.788 20181 20239 I TaskQueue:  - task [USER_FACING - d: true, b: 2]: 24
11-02 10:35:18.788 20181 20239 I TaskQueue:  - Finished 13, time 660 ms
11-02 10:35:18.788 20181 20239 I TaskQueue: Execute task [IMMEDIATE - d: true, b: 2]: 27
11-02 10:35:18.789 20181 20239 I FeedRequestManagerImpl: Consistency Token: # hU2@7bca4
11-02 10:35:18.800 20397 20397 W dboxed_process7: type=1400 audit(0.0:1687): avc: denied { getattr } for path="/data/data/com.android.chrome" dev="dm-2" ino=12190 scontext=u:r:isolated_app:s0:c512,c768 tcontext=u:object_r:app_data_file:s0:c512,c768 tclass=dir permissive=0
11-02 10:35:18.805 20338 20338 I cr_ChildProcessService: Creating new ChildProcessService pid=20338
11-02 10:35:18.818 20181 20191 W art     : Suspending all threads took: 20.025ms
11-02 10:35:18.843 20181 20239 I FeedRequestManagerImpl: Capability: FEED_UI
11-02 10:35:18.843 20181 20239 I FeedRequestManagerImpl: Capability: UNDOABLE_ACTIONS
11-02 10:35:18.843 20181 20239 I FeedRequestManagerImpl: Capability: MANAGE_INTERESTS
11-02 10:35:18.843 20181 20239 I FeedRequestManagerImpl: Capability: SEND_FEEDBACK
11-02 10:35:18.843 20181 20239 I FeedRequestManagerImpl: Capability: ARTICLE_SNIPPETS
11-02 10:35:18.843 20181 20239 I FeedRequestManagerImpl: Capability: CLICK_ACTION
11-02 10:35:18.843 20181 20239 I FeedRequestManagerImpl: Capability: VIEW_ACTION
11-02 10:35:18.843 20181 20239 I FeedRequestManagerImpl: Capability: REPORT_FEED_USER_ACTIONS_NOTICE_CARD
11-02 10:35:18.843 20181 20239 I FeedRequestManagerImpl: Capability: BASE_UI
11-02 10:35:18.844 20354 20354 I cr_ChildProcessService: Creating new ChildProcessService pid=20354
11-02 10:35:18.846 20181 20239 I FeedRequestManagerImpl: Making Request: /httpservice/noretry/DiscoverClankService/FeedQuery
11-02 10:35:18.847 20181 20239 I MainThreadRunner: Running task [NetworkClientWrapper send] on the Main Thread
11-02 10:35:18.847 20181 20239 I TaskQueue:  - Finished 27, time 59 ms
11-02 10:35:18.884 20366 20366 I cr_ChildProcessService: Creating new ChildProcessService pid=20366
11-02 10:35:18.893 20410 20410 W dboxed_process8: type=1400 audit(0.0:1688): avc: denied { getattr } for path="/data/data/com.android.chrome" dev="dm-2" ino=12190 scontext=u:r:isolated_app:s0:c512,c768 tcontext=u:object_r:app_data_file:s0:c512,c768 tclass=dir permissive=0
11-02 10:35:18.931 20181 20191 I art     : Background sticky concurrent mark sweep GC freed 46737(2MB) AllocSpace objects, 24(536KB) LOS objects, 15% free, 10MB/12MB, paused 24.178ms total 184.317ms
11-02 10:35:18.992 20379 20379 I cr_ChildProcessService: Creating new ChildProcessService pid=20379
11-02 10:35:19.041 20397 20397 I cr_ChildProcessService: Creating new ChildProcessService pid=20397
11-02 10:35:19.045 20181 20181 I cr_tabmodel: Appending tabs being restored to metadata lists, 0, startingNormalCount: 1, startingIncognitoCount: 0
11-02 10:35:19.045 20181 20181 I cr_tabmodel: Serializing tab lists; counts: 1, 0
11-02 10:35:19.100 20410 20410 I cr_ChildProcessService: Creating new ChildProcessService pid=20410
11-02 10:35:19.122 20322 20433 I cr_LibraryLoader: Loaded native library version number "85.0.4183.127"
11-02 10:35:19.122 20322 20433 I cr_CachingUmaRecorder: Flushed 1 samples from 1 histograms.
11-02 10:35:19.135   601 12691 I ActivityManager: Start proc 20447:com.android.chrome:sandboxed_process9/u0i978 for service com.android.chrome/org.chromium.content.app.SandboxedProcessService9
11-02 10:35:19.169 20181 20181 I Choreographer: Skipped 32 frames!  The application may be doing too much work on its main thread.
11-02 10:35:19.181 20338 20438 I cr_LibraryLoader: Loaded native library version number "85.0.4183.127"
11-02 10:35:19.190 20338 20438 I cr_CachingUmaRecorder: Flushed 1 samples from 1 histograms.
11-02 10:35:19.200 20317 20435 I cr_LibraryLoader: Loaded native library version number "85.0.4183.127"
11-02 10:35:19.200 20317 20435 I cr_CachingUmaRecorder: Flushed 1 samples from 1 histograms.
11-02 10:35:19.241 20354 20440 I cr_LibraryLoader: Loaded native library version number "85.0.4183.127"
11-02 10:35:19.241 20354 20440 I cr_CachingUmaRecorder: Flushed 1 samples from 1 histograms.
11-02 10:35:19.272 20366 20441 I cr_LibraryLoader: Loaded native library version number "85.0.4183.127"
11-02 10:35:19.272 20366 20441 I cr_CachingUmaRecorder: Flushed 1 samples from 1 histograms.
11-02 10:35:19.305 20322 20433 I chromium: [INFO:child_process_service.cc(69)] ChildProcessService: Exiting child process.
11-02 10:35:19.321 20379 20442 I cr_LibraryLoader: Loaded native library version number "85.0.4183.127"
11-02 10:35:19.321 20379 20442 I cr_CachingUmaRecorder: Flushed 1 samples from 1 histograms.
11-02 10:35:19.329   601  3864 I ActivityManager: Killing 20322:com.android.chrome:sandboxed_process2/u0a35i971 (adj 0): isolated not needed
11-02 10:35:19.417 20397 20443 I cr_LibraryLoader: Loaded native library version number "85.0.4183.127"
11-02 10:35:19.419 20317 20435 I chromium: [INFO:child_process_service.cc(69)] ChildProcessService: Exiting child process.
11-02 10:35:19.419   195   195 E lowmemorykiller: Error writing /proc/20317/oom_score_adj; errno=22
11-02 10:35:19.424 20397 20443 I cr_CachingUmaRecorder: Flushed 1 samples from 1 histograms.
11-02 10:35:19.453   601   819 I ActivityManager: Killing 20317:com.android.chrome:sandboxed_process1/u0a35i970 (adj 0): isolated not needed
11-02 10:35:19.460   601  9663 D ActivityManager: cleanUpApplicationRecord -- 20317
11-02 10:35:19.473 20181 20181 W chromium: [WARNING:compositor_view.cc(315)] Child process died (type=6) pid=20317)
11-02 10:35:19.481 20338 20438 I chromium: [INFO:child_process_service.cc(69)] ChildProcessService: Exiting child process.
11-02 10:35:19.490 20354 20440 I chromium: [INFO:child_process_service.cc(69)] ChildProcessService: Exiting child process.
11-02 10:35:19.498   195   195 E lowmemorykiller: Error writing /proc/20338/oom_score_adj; errno=22
11-02 10:35:19.498   601   611 E JavaBinder: !!! FAILED BINDER TRANSACTION !!!  (parcel size = 76)
11-02 10:35:19.508 20181 20181 W chromium: [WARNING:compositor_view.cc(315)] Child process died (type=6) pid=20338)
11-02 10:35:19.509 20181 20181 W chromium: [WARNING:compositor_view.cc(315)] Child process died (type=6) pid=20354)
11-02 10:35:19.511 20181 20236 W cr_CrashFileManager: /data/user/0/com.android.chrome/cache/Crash Reports does not exist or is not a directory
11-02 10:35:19.512 20181 20236 W cr_CrashFileManager: /data/user/0/com.android.chrome/cache/Crash Reports does not exist or is not a directory
11-02 10:35:19.512 20181 20236 W cr_CrashFileManager: /data/user/0/com.android.chrome/cache/Crash Reports does not exist or is not a directory
11-02 10:35:19.514 20181 20191 I art     : Background partial concurrent mark sweep GC freed 50152(2MB) AllocSpace objects, 33(652KB) LOS objects, 39% free, 10MB/16MB, paused 5.115ms total 302.912ms
11-02 10:35:19.524   601   611 W ActivityManager: Exception when unbinding service com.android.chrome/org.chromium.content.app.SandboxedProcessService3
11-02 10:35:19.524   601   611 W ActivityManager: android.os.DeadObjectException
11-02 10:35:19.524   601   611 W ActivityManager: 	at android.os.BinderProxy.transactNative(Native Method)
11-02 10:35:19.524   601   611 W ActivityManager: 	at android.os.BinderProxy.transact(Binder.java:615)
11-02 10:35:19.524   601   611 W ActivityManager: 	at android.app.ApplicationThreadProxy.scheduleUnbindService(ApplicationThreadNative.java:1016)
11-02 10:35:19.524   601   611 W ActivityManager: 	at com.android.server.am.ActiveServices.removeConnectionLocked(ActiveServices.java:2175)
11-02 10:35:19.524   601   611 W ActivityManager: 	at com.android.server.am.ActiveServices.unbindServiceLocked(ActiveServices.java:1163)
11-02 10:35:19.524   601   611 W ActivityManager: 	at com.android.server.am.ActivityManagerService.unbindService(ActivityManagerService.java:17309)
11-02 10:35:19.524   601   611 W ActivityManager: 	at android.app.ActivityManagerNative.onTransact(ActivityManagerNative.java:1145)
11-02 10:35:19.524   601   611 W ActivityManager: 	at com.android.server.am.ActivityManagerService.onTransact(ActivityManagerService.java:2795)
11-02 10:35:19.524   601   611 W ActivityManager: 	at android.os.Binder.execTransact(Binder.java:565)
11-02 10:35:19.525   195   195 E lowmemorykiller: Error opening /proc/20338/oom_score_adj; errno=2
11-02 10:35:19.525   601 19770 I ActivityManager: Process com.android.chrome:sandboxed_process3 (pid 20338) has died
11-02 10:35:19.526   601 19770 D ActivityManager: cleanUpApplicationRecord -- 20338
11-02 10:35:19.534   601  3864 I ActivityManager: Process com.android.chrome:sandboxed_process4 (pid 20354) has died
11-02 10:35:19.534   601  3864 D ActivityManager: cleanUpApplicationRecord -- 20354
11-02 10:35:19.534   601  3864 W ActivityManager: Scheduling restart of crashed service com.android.chrome/org.chromium.content.app.SandboxedProcessService4 in 1000ms
11-02 10:35:19.556 20181 20236 I cr_FileUtils: Writing to /data/user/0/com.android.chrome/app_dex/webapk7.dex
11-02 10:35:19.560 20379 20442 I chromium: [INFO:child_process_service.cc(69)] ChildProcessService: Exiting child process.
11-02 10:35:19.590 20410 20445 I cr_LibraryLoader: Loaded native library version number "85.0.4183.127"
11-02 10:35:19.590 20410 20445 I cr_CachingUmaRecorder: Flushed 1 samples from 1 histograms.
11-02 10:35:19.598 20366 20441 I chromium: [INFO:child_process_service.cc(69)] ChildProcessService: Exiting child process.
11-02 10:35:19.603   195   195 E lowmemorykiller: Error writing /proc/20366/oom_score_adj; errno=22
11-02 10:35:19.604   601  3864 E JavaBinder: !!! FAILED BINDER TRANSACTION !!!  (parcel size = 96)
11-02 10:35:19.607   601  3864 W ActivityManager: Exception when destroying service com.android.chrome/org.chromium.content.app.SandboxedProcessService5
11-02 10:35:19.607   601  3864 W ActivityManager: android.os.DeadObjectException: Transaction failed on small parcel; remote process probably died
11-02 10:35:19.607   601  3864 W ActivityManager: 	at android.os.BinderProxy.transactNative(Native Method)
11-02 10:35:19.607   601  3864 W ActivityManager: 	at android.os.BinderProxy.transact(Binder.java:615)
11-02 10:35:19.607   601  3864 W ActivityManager: 	at android.app.ApplicationThreadProxy.scheduleStopService(ApplicationThreadNative.java:1045)
11-02 10:35:19.607   601  3864 W ActivityManager: 	at com.android.server.am.ActiveServices.bringDownServiceLocked(ActiveServices.java:2070)
11-02 10:35:19.607   601  3864 W ActivityManager: 	at com.android.server.am.ActiveServices.bringDownServiceIfNeededLocked(ActiveServices.java:1977)
11-02 10:35:19.607   601  3864 W ActivityManager: 	at com.android.server.am.ActiveServices.removeConnectionLocked(ActiveServices.java:2193)
11-02 10:35:19.607   601  3864 W ActivityManager: 	at com.android.server.am.ActiveServices.unbindServiceLocked(ActiveServices.java:1163)
11-02 10:35:19.607   601  3864 W ActivityManager: 	at com.android.server.am.ActivityManagerService.unbindService(ActivityManagerService.java:17309)
11-02 10:35:19.607   601  3864 W ActivityManager: 	at android.app.ActivityManagerNative.onTransact(ActivityManagerNative.java:1145)
11-02 10:35:19.607   601  3864 W ActivityManager: 	at com.android.server.am.ActivityManagerService.onTransact(ActivityManagerService.java:2795)
11-02 10:35:19.607   601  3864 W ActivityManager: 	at android.os.Binder.execTransact(Binder.java:565)
11-02 10:35:19.657 20447 20447 W dboxed_process9: type=1400 audit(0.0:1689): avc: denied { getattr } for path="/data/data/com.android.chrome" dev="dm-2" ino=12190 scontext=u:r:isolated_app:s0:c512,c768 tcontext=u:object_r:app_data_file:s0:c512,c768 tclass=dir permissive=0
11-02 10:35:19.723 20181 20215 I cr_BindingManager: Moderate binding enabled: maxSize=40
11-02 10:35:19.765 20397 20397 I cr_ChildProcessService: Destroying ChildProcessService pid=20397
11-02 10:35:19.812 20447 20447 I cr_ChildProcessService: Creating new ChildProcessService pid=20447
11-02 10:35:19.841   601 10729 I ActivityManager: Killing 20410:com.android.chrome:sandboxed_process8/u0a35i977 (adj 0): isolated not needed
11-02 10:35:19.841   601 10729 I ActivityManager: Killing 20397:com.android.chrome:sandboxed_process7/u0a35i976 (adj 0): isolated not needed
11-02 10:35:19.841   601 10729 I ActivityManager: Killing 20366:com.android.chrome:sandboxed_process5/u0a35i974 (adj 0): isolated not needed
11-02 10:35:19.841   601 10729 I ActivityManager: Killing 20379:com.android.chrome:sandboxed_process6/u0a35i975 (adj 0): isolated not needed
11-02 10:35:19.854 10984 11485 I Icing   : IndexChimeraService.getServiceInterface callingPackage=com.android.chrome componentName=null serviceId=36
11-02 10:35:19.887 10984 11484 I Icing   : IndexChimeraService.getServiceInterface callingPackage=com.android.chrome componentName=null serviceId=36
11-02 10:35:19.941   601   611 D ActivityManager: cleanUpApplicationRecord -- 20366
11-02 10:35:19.944 20181 20181 W chromium: [WARNING:compositor_view.cc(315)] Child process died (type=6) pid=20366)
11-02 10:35:19.960 20482 20482 I dex2oat : /system/bin/dex2oat --dex-file=/data/user/0/com.android.chrome/app_dex/webapk7.dex --oat-fd=173 --oat-location=/data/user/0/com.android.chrome/app_dex/oat/arm/webapk7.dex --compiler-filter=speed
11-02 10:35:20.054   601  7042 I ActivityManager: Start proc 20494:com.android.chrome:sandboxed_process10/u0i979 for service com.android.chrome/org.chromium.content.app.SandboxedProcessService10
11-02 10:35:20.076 20447 20489 I cr_LibraryLoader: Loaded native library version number "85.0.4183.127"
11-02 10:35:20.076 20447 20489 I cr_CachingUmaRecorder: Flushed 1 samples from 1 histograms.
11-02 10:35:20.128   601  9643 I ActivityManager: Start proc 20507:com.android.chrome:sandboxed_process11/u0i980 for service com.android.chrome/org.chromium.content.app.SandboxedProcessService11
11-02 10:35:20.212   601 15862 I ActivityManager: Start proc 20524:com.android.chrome:sandboxed_process12/u0i981 for service com.android.chrome/org.chromium.content.app.SandboxedProcessService12
11-02 10:35:20.227 20447 20489 I chromium: [INFO:child_process_service.cc(69)] ChildProcessService: Exiting child process.
11-02 10:35:20.254 20181 20181 W chromium: [WARNING:compositor_view.cc(315)] Child process died (type=6) pid=20447)
11-02 10:35:20.270 20494 20494 W boxed_process10: type=1400 audit(0.0:1690): avc: denied { getattr } for path="/data/data/com.android.chrome" dev="dm-2" ino=12190 scontext=u:r:isolated_app:s0:c512,c768 tcontext=u:object_r:app_data_file:s0:c512,c768 tclass=dir permissive=0
11-02 10:35:20.276   601 19770 I ActivityManager: Start proc 20536:com.android.chrome:sandboxed_process13/u0i982 for service com.android.chrome/org.chromium.content.app.SandboxedProcessService13
11-02 10:35:20.276   601 12301 I ActivityManager: Process com.android.chrome:sandboxed_process9 (pid 20447) has died
11-02 10:35:20.276   601 12301 D ActivityManager: cleanUpApplicationRecord -- 20447
11-02 10:35:20.277   601 12301 W ActivityManager: Scheduling restart of crashed service com.android.chrome/org.chromium.content.app.SandboxedProcessService9 in 1000ms
11-02 10:35:20.317 20507 20507 W boxed_process11: type=1400 audit(0.0:1691): avc: denied { getattr } for path="/data/data/com.android.chrome" dev="dm-2" ino=12190 scontext=u:r:isolated_app:s0:c512,c768 tcontext=u:object_r:app_data_file:s0:c512,c768 tclass=dir permissive=0
11-02 10:35:20.324   601 17045 I ActivityManager: Start proc 20542:com.android.chrome:sandboxed_process14/u0i983 for service com.android.chrome/org.chromium.content.app.SandboxedProcessService14
11-02 10:35:20.397   601  4276 I ActivityManager: Start proc 20555:com.android.chrome:sandboxed_process15/u0i984 for service com.android.chrome/org.chromium.content.app.SandboxedProcessService15
11-02 10:35:20.441 20494 20494 I cr_ChildProcessService: Creating new ChildProcessService pid=20494
11-02 10:35:20.444 20315 20315 D AndroidRuntime: >>>>>> START com.android.internal.os.RuntimeInit uid 2000 <<<<<<
11-02 10:35:20.473 20524 20524 W boxed_process12: type=1400 audit(0.0:1692): avc: denied { getattr } for path="/data/data/com.android.chrome" dev="dm-2" ino=12190 scontext=u:r:isolated_app:s0:c512,c768 tcontext=u:object_r:app_data_file:s0:c512,c768 tclass=dir permissive=0
11-02 10:35:20.487 20507 20507 I cr_ChildProcessService: Creating new ChildProcessService pid=20507
11-02 10:35:20.493 20315 20315 D AndroidRuntime: CheckJNI is OFF
11-02 10:35:20.577 20536 20536 W boxed_process13: type=1400 audit(0.0:1693): avc: denied { getattr } for path="/data/data/com.android.chrome" dev="dm-2" ino=12190 scontext=u:r:isolated_app:s0:c512,c768 tcontext=u:object_r:app_data_file:s0:c512,c768 tclass=dir permissive=0
11-02 10:35:20.607 20555 20555 W boxed_process15: type=1400 audit(0.0:1694): avc: denied { getattr } for path="/data/data/com.android.chrome" dev="dm-2" ino=12190 scontext=u:r:isolated_app:s0:c512,c768 tcontext=u:object_r:app_data_file:s0:c512,c768 tclass=dir permissive=0
11-02 10:35:20.607 20542 20542 W boxed_process14: type=1400 audit(0.0:1695): avc: denied { getattr } for path="/data/data/com.android.chrome" dev="dm-2" ino=12190 scontext=u:r:isolated_app:s0:c512,c768 tcontext=u:object_r:app_data_file:s0:c512,c768 tclass=dir permissive=0
11-02 10:35:20.623 20524 20524 I cr_ChildProcessService: Creating new ChildProcessService pid=20524
11-02 10:35:20.691 20494 20575 I cr_LibraryLoader: Loaded native library version number "85.0.4183.127"
11-02 10:35:20.691 20494 20575 I cr_CachingUmaRecorder: Flushed 1 samples from 1 histograms.
11-02 10:35:20.704 20536 20536 I cr_ChildProcessService: Creating new ChildProcessService pid=20536
11-02 10:35:20.718 20555 20555 I cr_ChildProcessService: Creating new ChildProcessService pid=20555
11-02 10:35:20.738 20507 20577 I cr_LibraryLoader: Loaded native library version number "85.0.4183.127"
11-02 10:35:20.739 20542 20542 I cr_ChildProcessService: Creating new ChildProcessService pid=20542
11-02 10:35:20.756 20482 20482 I dex2oat : dex2oat took 800.678ms (threads: 2) arena alloc=875KB (896152B) java alloc=81KB (83240B) native alloc=559KB (573080B) free=2000KB (2048360B)
11-02 10:35:20.763 20507 20577 I cr_CachingUmaRecorder: Flushed 1 samples from 1 histograms.
11-02 10:35:20.799 20494 20575 I chromium: [INFO:child_process_service.cc(69)] ChildProcessService: Exiting child process.
11-02 10:35:20.839 20524 20578 I cr_LibraryLoader: Loaded native library version number "85.0.4183.127"
11-02 10:35:20.839 20524 20578 I cr_CachingUmaRecorder: Flushed 1 samples from 1 histograms.
11-02 10:35:20.842 20555 20580 I cr_LibraryLoader: Loaded native library version number "85.0.4183.127"
11-02 10:35:20.842 20555 20580 I cr_CachingUmaRecorder: Flushed 1 samples from 1 histograms.
11-02 10:35:20.918 20555 20555 I cr_ChildProcessService: Destroying ChildProcessService pid=20555
11-02 10:35:20.919 20494 20494 I cr_ChildProcessService: Destroying ChildProcessService pid=20494
11-02 10:35:20.919 20507 20507 I cr_ChildProcessService: Destroying ChildProcessService pid=20507
11-02 10:35:20.920 20507 20577 I chromium: [INFO:child_process_service.cc(69)] ChildProcessService: Exiting child process.
11-02 10:35:20.921 20555 20580 I chromium: [INFO:child_process_service.cc(69)] ChildProcessService: Exiting child process.
11-02 10:35:20.951 20542 20584 I cr_LibraryLoader: Loaded native library version number "85.0.4183.127"
11-02 10:35:20.952 20542 20584 I cr_CachingUmaRecorder: Flushed 1 samples from 1 histograms.
11-02 10:35:20.954 20524 20524 I cr_ChildProcessService: Destroying ChildProcessService pid=20524
11-02 10:35:20.956 20524 20578 I chromium: [INFO:child_process_service.cc(69)] ChildProcessService: Exiting child process.
11-02 10:35:20.957 20494 20494 I art     : System.exit called, status: 0
11-02 10:35:20.957 20494 20494 I AndroidRuntime: VM exiting with result code 0, cleanup skipped.
11-02 10:35:20.975   601   660 I ActivityManager: Killing 20524:com.android.chrome:sandboxed_process12/u0a35i981 (adj 0): isolated not needed
11-02 10:35:20.975   601   660 I ActivityManager: Killing 20555:com.android.chrome:sandboxed_process15/u0a35i984 (adj 0): isolated not needed
11-02 10:35:20.975   601   660 I ActivityManager: Killing 20507:com.android.chrome:sandboxed_process11/u0a35i980 (adj 0): isolated not needed
11-02 10:35:20.975   601   660 I ActivityManager: Killing 20494:com.android.chrome:sandboxed_process10/u0a35i979 (adj 0): isolated not needed
11-02 10:35:20.981 20536 20579 I cr_LibraryLoader: Loaded native library version number "85.0.4183.127"
11-02 10:35:20.982 20536 20579 I cr_CachingUmaRecorder: Flushed 1 samples from 1 histograms.
11-02 10:35:20.985   601 19770 D ActivityManager: cleanUpApplicationRecord -- 20322
11-02 10:35:20.992   601 17045 D ActivityManager: cleanUpApplicationRecord -- 20507
11-02 10:35:20.998   601  3564 D ActivityManager: cleanUpApplicationRecord -- 20555
11-02 10:35:21.009   601  9643 D ActivityManager: cleanUpApplicationRecord -- 20524
11-02 10:35:21.011 20181 20181 W chromium: [WARNING:compositor_view.cc(315)] Child process died (type=6) pid=20322)
11-02 10:35:21.016 20181 20181 W chromium: [WARNING:compositor_view.cc(315)] Child process died (type=6) pid=20524)
11-02 10:35:21.019 20181 20181 W chromium: [WARNING:compositor_view.cc(315)] Child process died (type=6) pid=20507)
11-02 10:35:21.021 20181 20181 W chromium: [WARNING:compositor_view.cc(315)] Child process died (type=6) pid=20555)
11-02 10:35:21.022 10984 11109 W Icing   : No valid account for uploading user actions
