11-02 10:36:25.991 10984 11109 I Icing   : Usage reports ok 0, Failed Usage reports 0, indexed 0, rejected 0
11-02 10:36:25.993 10984 11109 I Icing   : Indexing com.android.chrome-omnibox from com.android.chrome
11-02 10:36:26.033 10984 13038 I Icing   : Indexing done com.android.chrome-omnibox
11-02 10:36:27.038   785   798 W Icing   : isOptedInForAppHistory: empty Account Name encountered
11-02 10:36:27.073   785 11878 W Icing   : isOptedInForAppHistory: empty Account Name encountered
11-02 10:36:37.746 20926 20926 D AndroidRuntime: >>>>>> START com.android.internal.os.RuntimeInit uid 2000 <<<<<<
11-02 10:36:37.755 20926 20926 D AndroidRuntime: CheckJNI is OFF
11-02 10:36:37.844 20926 20926 D ICU     : No timezone override file found: /data/misc/zoneinfo/current/icu/icu_tzdata.dat
11-02 10:36:37.924 20926 20926 I Radio-JNI: register_android_hardware_Radio DONE
11-02 10:36:37.956 20926 20926 D AndroidRuntime: Calling main entry com.android.commands.am.Am
11-02 10:36:37.976   601  3564 I ActivityManager: Force stopping com.android.chrome appid=10035 user=0: from pid 20926
11-02 10:36:37.976   601  3564 I ActivityManager: Killing 20243:com.android.chrome:privileged_process0/u0a35 (adj 0): stop com.android.chrome
11-02 10:36:37.976   601  3564 D ActivityManager: cleanUpApplicationRecord -- 20243
11-02 10:36:37.976   601  3564 W ActivityManager: Scheduling restart of crashed service com.android.chrome/org.chromium.content.app.PrivilegedProcessService0 in 1000ms
11-02 10:36:37.980   601  3564 I ActivityManager: Killing 20181:com.android.chrome/u0a35 (adj 0): stop com.android.chrome
11-02 10:36:37.980   601  3564 D ActivityManager: cleanUpApplicationRecord -- 20181
11-02 10:36:37.981   601  3564 I ActivityManager: Killing 20618:com.android.chrome:sandboxed_process16/u0a35i985 (adj 0): isolated not needed
11-02 10:36:37.984   601  3564 W ActivityManager: Force removing ActivityRecord{842f928 u0 com.android.chrome/com.google.android.apps.chrome.Main t1241}: app died, no saved state
11-02 10:36:37.993   601  3564 I ActivityManager: Killing 20216:com.android.chrome:sandboxed_process0/u0a35i969 (adj 0): isolated not needed
11-02 10:36:38.003 20926 20926 D AndroidRuntime: Shutting down VM
11-02 10:36:38.039  1052  1052 D RegisteredNfcFServicesCache: Service unchanged, not updating
11-02 10:36:38.041  1065  1161 I OpenGLRenderer: Initialized EGL, version 1.4
11-02 10:36:38.042  1065  1161 D OpenGLRenderer: Swap behavior 2
11-02 10:36:38.137 26552 28052 I AttachedClient: Adding client event 2 to pending list.
11-02 10:36:38.151 26552 26552 I OptInState: There is a new client and it does not support opt-in. Dropping request.
11-02 10:36:38.155 26552 26552 I MicroDetectionWorker: Micro detection mode: [mDetectionMode: [1]].
11-02 10:36:38.156 10984 10994 I art     : Background partial concurrent mark sweep GC freed 22022(1591KB) AllocSpace objects, 5(100KB) LOS objects, 39% free, 7MB/11MB, paused 315us total 172.966ms
11-02 10:36:38.164 26552 20939 I MicroRecognitionRunner: Starting detection.
11-02 10:36:38.165 26552 26609 I MicrophoneInputStream: mic_starting com.google.android.apps.gsa.speech.audio.ae@28a068d
11-02 10:36:38.172   237 20941 I AudioFlinger: AudioFlinger's thread 0xf0812280 ready to run
11-02 10:36:38.176   237   285 I SoundTriggerHwService::Module: void android::SoundTriggerHwService::Module::onCallbackEvent(const sp<android::SoundTriggerHwService::CallbackEvent> &) mClient == 0
11-02 10:36:38.181 26552 26609 I MicrophoneInputStream: mic_started com.google.android.apps.gsa.speech.audio.ae@28a068d
11-02 10:36:38.257   601   611 D ActivityManager: cleanUpApplicationRecord -- 20216
11-02 10:36:38.264   601 19770 D ActivityManager: cleanUpApplicationRecord -- 20618
11-02 10:36:38.295   601 17045 D ConnectivityService: ConnectivityService NetworkRequestInfo binderDied(NetworkRequest [ LISTEN id=215, [ Capabilities: INTERNET&NOT_RESTRICTED&TRUSTED&FOREGROUND] ], android.os.BinderProxy@f0ab5e1)
11-02 10:36:38.295   601 17045 D ConnectivityService: ConnectivityService NetworkRequestInfo binderDied(NetworkRequest [ LISTEN id=214, [ Capabilities: INTERNET&NOT_RESTRICTED&TRUSTED&FOREGROUND] ], android.os.BinderProxy@8002f06)
11-02 10:36:38.295   601  9663 D ConnectivityService: ConnectivityService NetworkRequestInfo binderDied(NetworkRequest [ LISTEN id=212, [ Capabilities: INTERNET&NOT_RESTRICTED&TRUSTED&FOREGROUND] ], android.os.BinderProxy@b0c09c7)
11-02 10:36:38.296   601  4276 D ConnectivityService: ConnectivityService NetworkRequestInfo binderDied(NetworkRequest [ LISTEN id=213, [ Capabilities: INTERNET&NOT_RESTRICTED&TRUSTED&FOREGROUND] ], android.os.BinderProxy@604fbf4)
11-02 10:36:38.296   601  1452 D GraphicsStats: Buffer count: 2
11-02 10:36:38.298   601   650 E ConnectivityService: RemoteException caught trying to send a callback msg for NetworkRequest [ LISTEN id=215, [ Capabilities: INTERNET&NOT_RESTRICTED&TRUSTED&FOREGROUND] ]
11-02 10:36:38.299   601   650 E ConnectivityService: RemoteException caught trying to send a callback msg for NetworkRequest [ LISTEN id=214, [ Capabilities: INTERNET&NOT_RESTRICTED&TRUSTED&FOREGROUND] ]
11-02 10:36:38.300   601   650 E ConnectivityService: RemoteException caught trying to send a callback msg for NetworkRequest [ LISTEN id=212, [ Capabilities: INTERNET&NOT_RESTRICTED&TRUSTED&FOREGROUND] ]
11-02 10:36:38.300   601   650 E ConnectivityService: RemoteException caught trying to send a callback msg for NetworkRequest [ LISTEN id=213, [ Capabilities: INTERNET&NOT_RESTRICTED&TRUSTED&FOREGROUND] ]
11-02 10:36:38.357 26552 26552 I MicroDetectionWorker: onReady
11-02 10:36:38.544 20942 20942 D AndroidRuntime: >>>>>> START com.android.internal.os.RuntimeInit uid 2000 <<<<<<
11-02 10:36:38.549 20942 20942 D AndroidRuntime: CheckJNI is OFF
11-02 10:36:38.569  1065  1161 W OpenGLRenderer: Incorrectly called buildLayer on View: ShortcutAndWidgetContainer, destroying layer...
11-02 10:36:38.626 20942 20942 D ICU     : No timezone override file found: /data/misc/zoneinfo/current/icu/icu_tzdata.dat
11-02 10:36:38.653 20942 20942 I Radio-JNI: register_android_hardware_Radio DONE
11-02 10:36:38.668 20942 20942 D AndroidRuntime: Calling main entry com.android.commands.pm.Pm
11-02 10:36:38.684   601 19770 I ActivityManager: Force stopping com.android.chrome appid=10035 user=0: clear data
11-02 10:36:38.688   601   614 I ActivityManager: Force stopping com.android.chrome appid=10035 user=-1: clearApplicationUserData
11-02 10:36:38.735   785   785 I GeofencerStateMachine: removeGeofences: removeRequest=RemoveGeofencingRequest[REMOVE_ALL packageName=com.android.chrome]
11-02 10:36:38.742  1052  1052 D RegisteredNfcFServicesCache: Service unchanged, not updating
11-02 10:36:38.765 20942 20942 I art     : System.exit called, status: 0
11-02 10:36:38.766 20942 20942 I AndroidRuntime: VM exiting with result code 0.
11-02 10:36:38.768   601   613 W ResourceType: No known package when getting value for resource number 0x7f080316
11-02 10:36:38.768   601   613 W ResourceType: No known package when getting value for resource number 0x7f130448
11-02 10:36:38.769   601   613 W ResourceType: No known package when getting value for resource number 0x7f080315
11-02 10:36:38.769   601   613 W ResourceType: No known package when getting value for resource number 0x7f130123
11-02 10:36:38.769   601   613 W ResourceType: No known package when getting value for resource number 0x7f130447
11-02 10:36:38.769   601   613 W ResourceType: No known package when getting value for resource number 0x7f1302e4
11-02 10:36:38.769   601   613 E ShortcutService: Ignoring excessive intent tag.
11-02 10:36:38.782 10984 13038 I Icing   : doRemovePackageData com.android.chrome
11-02 10:36:38.782 10984 13038 I Icing   : Removing corpus key com.android.chrome-.implicit: for package com.android.chrome
11-02 10:36:38.814   785 20960 I Fitness : FitCleanupIntentOperation received Intent android.intent.action.PACKAGE_DATA_CLEARED [CONTEXT service_id=17 ]
11-02 10:36:38.820 10984 13038 I native  : flash-index.cc:1519 Flash index sort hb 48 prefix-hits 102 -> 89 at 6.282ms
11-02 10:36:38.851 10984 13038 I Icing   : Removing corpus key com.android.chrome-omnibox for package com.android.chrome
11-02 10:36:38.915 10984 13038 I Icing   : Starting compaction min disk 99.930% min index 99.991%
11-02 10:36:39.082 10984 13038 I native  : document-store.cc:1654 Scored 3188 usage reports, missing_corpora 1753 update_failed 1
11-02 10:36:39.115 10984 13038 W native  : words-map.cc:30 INVALID_ARGUMENT: Empty URI
11-02 10:36:39.115 10984 13038 W native  : words-map.cc:34 WordsMap was not properly initialized
11-02 10:36:39.195 10984 13038 E native  : compactor.cc:67 Could not index embedding for docid 1: INTERNAL: Unable to find Thing Proto section 
11-02 10:36:39.195 10984 13038 E native  : compactor.cc:67 Could not index embedding for docid 3: INTERNAL: Unable to find Thing Proto section 
11-02 10:36:39.195 10984 13038 E native  : compactor.cc:67 Could not index embedding for docid 5: INTERNAL: Unable to find Thing Proto section 
11-02 10:36:39.196 10984 13038 E native  : compactor.cc:67 Could not index embedding for docid 7: INTERNAL: Unable to find Thing Proto section 
11-02 10:36:39.201 10984 13038 E native  : compactor.cc:67 Could not index embedding for docid 8: INTERNAL: Unable to find Thing Proto section 
11-02 10:36:39.201 10984 13038 E native  : compactor.cc:67 Could not index embedding for docid 10: INTERNAL: Unable to find Thing Proto section 
11-02 10:36:39.201 10984 13038 E native  : compactor.cc:67 Could not index embedding for docid 11: INTERNAL: Unable to find Thing Proto section 
11-02 10:36:39.202 10984 13038 E native  : compactor.cc:67 Could not index embedding for docid 13: INTERNAL: Unable to find Thing Proto section 
11-02 10:36:39.202 10984 13038 E native  : compactor.cc:67 Could not index embedding for docid 14: INTERNAL: Unable to find Thing Proto section 
11-02 10:36:39.207 10984 13038 E native  : compactor.cc:67 Could not index embedding for docid 17: INTERNAL: Unable to find Thing Proto section 
11-02 10:36:39.207 10984 13038 E native  : compactor.cc:67 Could not index embedding for docid 18: INTERNAL: Unable to find Thing Proto section 
11-02 10:36:39.208 10984 13038 E native  : compactor.cc:67 Could not index embedding for docid 21: INTERNAL: Unable to find Thing Proto section 
11-02 10:36:39.208 10984 13038 E native  : compactor.cc:67 Could not index embedding for docid 22: INTERNAL: Unable to find Thing Proto section 
11-02 10:36:39.213 10984 13038 E native  : compactor.cc:67 Could not index embedding for docid 26: INTERNAL: Unable to find Thing Proto section 
11-02 10:36:39.214 10984 13038 E native  : compactor.cc:67 Could not index embedding for docid 27: INTERNAL: Unable to find Thing Proto section 
11-02 10:36:39.257 10984 13038 I native  : flash-index.cc:1519 Flash index sort hb 34 prefix-hits 54 -> 54 at 28.174ms
11-02 10:36:39.283 10984 13038 W native  : words-map.cc:30 INVALID_ARGUMENT: Empty URI
11-02 10:36:39.283 10984 13038 W native  : words-map.cc:34 WordsMap was not properly initialized
11-02 10:36:39.314 10984 13038 I Icing   : updateResources: need to parse acol{com.android.chrome}
11-02 10:36:39.374 10984 13038 I Icing   : Indexing com.android.chrome-omnibox from com.android.chrome
11-02 10:36:39.385   601   612 I ActivityManager: Start proc 20968:com.android.chrome/u0a35 for content provider com.android.chrome/com.google.android.apps.chrome.icing.IcingProvider
11-02 10:36:39.470 10984 13038 I Icing   : Indexing done com.android.chrome-omnibox
11-02 10:36:41.857   785   785 W GCM     : broadcast intent callback: result=CANCELLED forIntent { act=com.google.android.c2dm.intent.RECEIVE pkg=com.opera.browser (has extras) }
