11-01 16:31:21.941 29500 29500 W chromium: [WARNING:compositor_view.cc(315)] Child process died (type=6) pid=29738)
11-01 16:31:21.944 29500 29500 W chromium: [WARNING:compositor_view.cc(315)] Child process died (type=6) pid=29772)
11-01 16:31:21.944 29500 29500 W chromium: [WARNING:compositor_view.cc(315)] Child process died (type=6) pid=29687)
11-01 16:31:21.948   600  6822 D ActivityManager: cleanUpApplicationRecord -- 29738
11-01 16:31:21.949 29500 29500 W chromium: [WARNING:compositor_view.cc(315)] Child process died (type=6) pid=29671)
11-01 16:31:21.949   600  8930 D ActivityManager: cleanUpApplicationRecord -- 29700
11-01 16:31:21.950   600  8931 D ActivityManager: cleanUpApplicationRecord -- 29717
11-01 16:31:21.953   600 30165 D ActivityManager: cleanUpApplicationRecord -- 29687
11-01 16:31:21.954   600  8039 D ActivityManager: cleanUpApplicationRecord -- 29671
11-01 16:31:21.973 29500 29500 W chromium: [WARNING:compositor_view.cc(315)] Child process died (type=6) pid=29946)
11-01 16:31:21.974 29500 29500 W chromium: [WARNING:compositor_view.cc(315)] Child process died (type=6) pid=29953)
11-01 16:31:21.985   600  1485 D ActivityManager: cleanUpApplicationRecord -- 29953
11-01 16:31:21.988   600 12440 D ActivityManager: cleanUpApplicationRecord -- 29946
11-01 16:31:21.993 29500 29500 W chromium: [WARNING:compositor_view.cc(315)] Child process died (type=6) pid=29885)
11-01 16:31:22.004   600   611 D ActivityManager: cleanUpApplicationRecord -- 29885
11-01 16:31:22.055   600   609 I art     : Background partial concurrent mark sweep GC freed 57053(2MB) AllocSpace objects, 50(1288KB) LOS objects, 33% free, 15MB/23MB, paused 2.474ms total 899.976ms
11-01 16:31:22.060 29500 29500 W chromium: [WARNING:compositor_view.cc(315)] Child process died (type=6) pid=29643)
11-01 16:31:22.069   600  6822 D ActivityManager: cleanUpApplicationRecord -- 29643
11-01 16:31:22.074   600  1664 D ActivityManager: cleanUpApplicationRecord -- 29860
11-01 16:31:22.079 29500 29500 W chromium: [WARNING:compositor_view.cc(315)] Child process died (type=6) pid=29860)
11-01 16:31:22.082 29500 29500 W chromium: [WARNING:compositor_view.cc(315)] Child process died (type=6) pid=29930)
11-01 16:31:22.083 29500 29500 W chromium: [WARNING:compositor_view.cc(315)] Child process died (type=6) pid=29836)
11-01 16:31:22.085   600 12440 D ActivityManager: cleanUpApplicationRecord -- 29930
11-01 16:31:22.088   600 28743 D ActivityManager: cleanUpApplicationRecord -- 29836
11-01 16:31:22.369 29500 29500 I FeedRequestManagerImpl: Request: /httpservice/noretry/DiscoverClankService/FeedQuery completed with response code: 200
11-01 16:31:22.370 29500 29500 I TaskQueue:  - task [IMMEDIATE - d: true, b: 2]: 15
11-01 16:31:22.370 29500 29500 I TaskQueue:  - queueTask starting immediate task
11-01 16:31:22.370 29500 29554 I TaskQueue: Execute task [IMMEDIATE - d: true, b: 2]: 15
11-01 16:31:22.412 29500 29554 I MainThreadRunner: Running task [FeedRequestManagerImpl consumer] on the Main Thread
11-01 16:31:22.417 29500 29500 I FeedProtocolAdapter: createModel, operations 33
11-01 16:31:22.421 29500 29500 I TimingUtils: Task Timing   4ms, thread ui | task : convertWireProtocol | mutations : 33
11-01 16:31:22.423 29500 29500 I TaskQueue:  - task [HEAD_RESET - d: true, b: 2]: 5
11-01 16:31:22.423 29500 29554 I TaskQueue:  - Finished 15, time 53 ms
11-01 16:31:22.423 29500 29554 I TaskQueue: Execute task [HEAD_RESET - d: true, b: 2]: 5
11-01 16:31:22.427 29500 29554 I TaskQueue:  - task [BACKGROUND - d: true, b: 2]: 23
11-01 16:31:22.427 29500 29554 W SessionCache: Persisted Sessions were not found
11-01 16:31:22.431 29500 29554 I PersistentFeedStore: commitSessionMutation - Success true, Update Session $HEAD, stream structures 32
11-01 16:31:22.439 29500 29554 I MainThreadRunner: Running task [SchedulerApiWrapper onReceiveNewContent] on the Main Thread
11-01 16:31:22.439 29500 29554 I MainThreadRunner: Running task [FeedKnownContentImpl onNewContentReceived] on the Main Thread
11-01 16:31:22.440 29500 29554 I SessionManagerMutation: Cleared Head, new creation time 11-01 16:31:22.427
11-01 16:31:22.440 29500 29554 I TimingUtils: Task Timing  16ms, thread background-1 | task : sessionMutation.commitTask:updateConsumer | mutations : 33 | userInitiated : false
11-01 16:31:22.440 29500 29554 I TaskQueue: Cancelling starvation checks
11-01 16:31:22.440 29500 29554 I TaskQueue:  - Finished 5, time 17 ms
11-01 16:31:22.440 29500 29554 I TaskQueue: Execute task [USER_FACING - d: false, b: 2]: 24
11-01 16:31:22.448 29500 29554 I TimeoutSessionImpl: TimeoutSession.populateModelProvider, shouldAppend false
11-01 16:31:22.448 29500 29554 I SessionImpl: PopulateModelProvider 32 items
11-01 16:31:22.449 29500 29554 I FeedModelProvider: FeedModelProvider - committer, structure changes 31, update changes 0
11-01 16:31:22.449 29500 29554 I FeedModelProvider: SyntheticTokenTracker: 0, 11, 11, false
11-01 16:31:22.449 29500 29554 I FeedSessionManagerImpl: Caching getStreamFeatures - items 31, cache misses 0, cache size 31
11-01 16:31:22.450 29500 29554 I FeedModelProvider: Moving _session:7a0869e1-9be0-4b5f-a74e-2bccec5a453e to READY
11-01 16:31:22.450 29500 29554 I MainThreadRunner: Running task [FeedModelProvider onSessionStart] on the Main Thread
11-01 16:31:22.451 29500 29500 I FeedModelProvider: No children found for Cursor
11-01 16:31:22.456 29500 29554 I FeedModelProvider: ModelProvider Mutation committed - structure changes 31, childrenToBind 31, removedChildren false, Token false
11-01 16:31:22.459 29500 29554 I FeedSessionManagerImpl: Populate new session: _session:7a0869e1-9be0-4b5f-a74e-2bccec5a453e, creation time 11-01 16:31:22.448
11-01 16:31:22.460 29500 29554 I TimingUtils: Task Timing  19ms, thread background-2 | task : Create/Populate New Session
11-01 16:31:22.460 29500 29554 I TaskQueue:  - Finished 24, time 19 ms
11-01 16:31:22.460 29500 29554 I TaskQueue: Execute task [BACKGROUND - d: false, b: 1]: 11
11-01 16:31:22.460 29500 29554 I ContentGc: Re-enqueuing triggerContentGc; attempts(0)
11-01 16:31:22.460 29500 29554 I TaskQueue:  - task [BACKGROUND - d: false, b: 1]: 11
11-01 16:31:22.460 29500 29554 I TaskQueue:  - Finished 11, time 0 ms
11-01 16:31:22.461 29500 29554 I TaskQueue: Execute task [BACKGROUND - d: false, b: 1]: 23
11-01 16:31:22.579 29500 29561 W chromium: [WARNING:spdy_session.cc(3090)] Received RST for invalid stream1
11-01 16:31:22.585 29500 29554 I TimingUtils: Task Timing 123ms, thread background-3 | task : commitContentMutation | mutations : 32
11-01 16:31:22.585 29500 29554 I TimingUtils: Task Timing   0ms, thread background-4 | task : commitSemanticPropertiesMutation | mutations : 0
11-01 16:31:22.585 29500 29554 I TaskQueue:  - Finished 23, time 125 ms
11-01 16:31:22.585 29500 29554 I TaskQueue: Execute task [BACKGROUND - d: false, b: 0]: 11
11-01 16:31:22.586 29500 29554 I SessionCache: Determining accessible content
11-01 16:31:22.588 29500 29554 I TimingUtils: Task Timing   3ms, thread background-5 | task : ContentGc | contentItemsRemoved : 0
11-01 16:31:22.588 29500 29554 I TaskQueue:  - Finished 11, time 3 ms
11-01 16:31:22.970 28033 28043 W art     : Suspending all threads took: 8.006ms
11-01 16:31:22.978 28033 28043 I art     : Background partial concurrent mark sweep GC freed 4482(537KB) AllocSpace objects, 2(40KB) LOS objects, 39% free, 7MB/12MB, paused 8.564ms total 106.710ms
11-01 16:31:23.119 28033 28073 I Icing   : Usage reports ok 2, Failed Usage reports 0, indexed 0, rejected 0
11-01 16:31:23.127 28033 28073 I Icing   : Removing corpus key com.android.chrome-omnibox for package com.android.chrome
11-01 16:31:23.501 28033 28073 I native  : document-store.cc:1654 Scored 2881 usage reports, missing_corpora 1574 update_failed 1
11-01 16:31:23.521 29500 29555 I cr_omaha: Request to Server Successful. Timestamp for next request:1667320283521
11-01 16:31:23.571 29500 29555 I cr_omaha: Request to Server Successful. Timestamp for next request:1667320283571
11-01 16:31:23.571 29500 29555 I cr_omaha: Attempting to schedule next job for: Tue Nov 01 21:31:23 GMT+01:00 2022
11-01 16:31:23.573 29500 29500 I cr_omaha: Scheduled using JobService
11-01 16:31:23.573 29500 29500 E cr_BkgrdTaskJS: Tried finishing non-current BackgroundTask.
11-01 16:31:23.659 28033 28073 W Icing   : No valid account for uploading user actions
11-01 16:31:23.671 28033 28073 I Icing   : Usage reports ok 0, Failed Usage reports 0, indexed 0, rejected 0
11-01 16:31:23.673 28033 28073 W Icing   : No valid account for uploading user actions
11-01 16:31:23.681 28033 28073 I Icing   : Usage reports ok 0, Failed Usage reports 0, indexed 0, rejected 0
11-01 16:31:23.682 28033 28073 I Icing   : Indexing com.android.chrome-omnibox from com.android.chrome
11-01 16:31:23.735 28033 28073 I Icing   : Indexing done com.android.chrome-omnibox
11-01 16:31:24.068 29500 29500 E cr_BTSPrefs: No data found for task id: 53
11-01 16:31:24.068 29500 29500 E cr_BkgrdTaskScheduler: Task cannot be canceled because no data was found instorage or data was invalid
11-01 16:31:26.355   785  1744 W Icing   : isOptedInForAppHistory: empty Account Name encountered
11-01 16:31:26.391   785  1744 W Icing   : isOptedInForAppHistory: empty Account Name encountered
11-01 16:31:26.439   785 27614 W Icing   : isOptedInForAppHistory: empty Account Name encountered
11-01 16:31:28.765 29500 29500 E cr_BTSPrefs: No data found for task id: 57
11-01 16:31:28.765 29500 29500 E cr_BkgrdTaskScheduler: Task cannot be canceled because no data was found instorage or data was invalid
11-01 16:31:28.765 29500 29500 E cr_BTSPrefs: No data found for task id: 56
11-01 16:31:28.765 29500 29500 E cr_BkgrdTaskScheduler: Task cannot be canceled because no data was found instorage or data was invalid
11-01 16:31:31.794 29500 29500 I cr_tabmodel: Appending tabs being restored to metadata lists, 0, startingNormalCount: 2, startingIncognitoCount: 0
11-01 16:31:31.794 29500 29500 I cr_tabmodel: Serializing tab lists; counts: 2, 0
11-01 16:31:32.167 29500 29500 I cr_tabmodel: Appending tabs being restored to metadata lists, 0, startingNormalCount: 2, startingIncognitoCount: 0
11-01 16:31:32.167 29500 29500 I cr_tabmodel: Serializing tab lists; counts: 2, 0
11-01 16:31:32.298 29500 29500 I cr_tabmodel: Appending tabs being restored to metadata lists, 0, startingNormalCount: 2, startingIncognitoCount: 0
11-01 16:31:32.298 29500 29500 I cr_tabmodel: Serializing tab lists; counts: 2, 0
11-01 16:31:34.987 30057 30057 D AndroidRuntime: >>>>>> START com.android.internal.os.RuntimeInit uid 2000 <<<<<<
11-01 16:31:34.991 30057 30057 D AndroidRuntime: CheckJNI is OFF
11-01 16:31:35.056 30057 30057 D ICU     : No timezone override file found: /data/misc/zoneinfo/current/icu/icu_tzdata.dat
11-01 16:31:35.088 30057 30057 I Radio-JNI: register_android_hardware_Radio DONE
11-01 16:31:35.102 30057 30057 D AndroidRuntime: Calling main entry com.android.commands.monkey.Monkey
11-01 16:31:35.172   600   613 W BroadcastQueue: Skipping deliver [background] BroadcastRecord{2084d53 u-1 android.net.conn.CONNECTIVITY_CHANGE} to ReceiverList{64a6690 30057 (unknown name)/2000/u-1 remote:d40738d}: process crashing
11-01 16:31:36.669 30057 30057 D MonkeyStub: translateCommand: wake
11-01 16:31:36.838 30057 30057 D MonkeyStub: translateCommand: touch down 614 1561
11-01 16:31:36.877 30057 30057 D MonkeyStub: translateCommand: touch move 614 1561
11-01 16:31:36.985 30057 30057 D MonkeyStub: translateCommand: touch move 614 1436
11-01 16:31:37.092 30057 30057 D MonkeyStub: translateCommand: touch move 614 1311
11-01 16:31:37.210 30057 30057 D MonkeyStub: translateCommand: touch move 614 1186
11-01 16:31:37.321 30057 30057 D MonkeyStub: translateCommand: touch move 614 1061
11-01 16:31:37.440 30057 30057 D MonkeyStub: translateCommand: touch move 614 937
11-01 16:31:37.551 30057 30057 D MonkeyStub: translateCommand: touch move 614 812
11-01 16:31:37.664 30057 30057 D MonkeyStub: translateCommand: touch move 614 687
11-01 16:31:37.778 30057 30057 D MonkeyStub: translateCommand: touch move 614 562
11-01 16:31:37.889 30057 30057 D MonkeyStub: translateCommand: touch move 614 437
11-01 16:31:38.004 30057 30057 D MonkeyStub: translateCommand: touch move 614 312
11-01 16:31:38.010 30057 30057 D MonkeyStub: translateCommand: touch up 614 312
11-01 16:31:40.055 30057 30057 D MonkeyStub: translateCommand: touch down 614 1561
11-01 16:31:40.063 30057 30057 D MonkeyStub: translateCommand: touch move 614 1561
11-01 16:31:40.174 30057 30057 D MonkeyStub: translateCommand: touch move 614 1436
11-01 16:31:40.282 30057 30057 D MonkeyStub: translateCommand: touch move 614 1311
11-01 16:31:40.391 30057 30057 D MonkeyStub: translateCommand: touch move 614 1186
11-01 16:31:40.505 30057 30057 D MonkeyStub: translateCommand: touch move 614 1061
11-01 16:31:40.617 30057 30057 D MonkeyStub: translateCommand: touch move 614 937
11-01 16:31:40.729 30057 30057 D MonkeyStub: translateCommand: touch move 614 812
11-01 16:31:40.845 30057 30057 D MonkeyStub: translateCommand: touch move 614 687
11-01 16:31:40.953 30057 30057 D MonkeyStub: translateCommand: touch move 614 562
11-01 16:31:41.074 30057 30057 D MonkeyStub: translateCommand: touch move 614 437
11-01 16:31:41.181 30057 30057 D MonkeyStub: translateCommand: touch move 614 312
11-01 16:31:41.188 30057 30057 D MonkeyStub: translateCommand: touch up 614 312
11-01 16:31:41.221 30057 30057 D MonkeyStub: translateCommand: touch down 614 1561
11-01 16:31:41.226 30057 30057 D MonkeyStub: translateCommand: touch move 614 1561
11-01 16:31:41.293 29500 29500 I cr_tabmodel: Appending tabs being restored to metadata lists, 0, startingNormalCount: 2, startingIncognitoCount: 0
11-01 16:31:41.293 29500 29500 I cr_tabmodel: Serializing tab lists; counts: 2, 0
11-01 16:31:41.331 30057 30057 D MonkeyStub: translateCommand: touch move 614 1436
11-01 16:31:41.445 30057 30057 D MonkeyStub: translateCommand: touch move 614 1311
11-01 16:31:41.550 30057 30057 D MonkeyStub: translateCommand: touch move 614 1186
11-01 16:31:41.662 30057 30057 D MonkeyStub: translateCommand: touch move 614 1061
11-01 16:31:41.767 30057 30057 D MonkeyStub: translateCommand: touch move 614 937
11-01 16:31:41.872 30057 30057 D MonkeyStub: translateCommand: touch move 614 812
11-01 16:31:41.978 30057 30057 D MonkeyStub: translateCommand: touch move 614 687
11-01 16:31:42.137 30057 30057 D MonkeyStub: translateCommand: touch move 614 562
11-01 16:31:42.251 30057 30057 D MonkeyStub: translateCommand: touch move 614 437
11-01 16:31:42.387 30057 30057 D MonkeyStub: translateCommand: touch move 614 312
11-01 16:31:42.406 30057 30057 D MonkeyStub: translateCommand: touch up 614 312
11-01 16:31:47.600 30057 30057 D MonkeyStub: translateCommand: touch down 614 1561
11-01 16:31:47.608 30057 30057 D MonkeyStub: translateCommand: touch move 614 1561
11-01 16:31:47.731 30057 30057 D MonkeyStub: translateCommand: touch move 614 1436
11-01 16:31:47.837 30057 30057 D MonkeyStub: translateCommand: touch move 614 1311
11-01 16:31:47.949 30057 30057 D MonkeyStub: translateCommand: touch move 614 1186
11-01 16:31:48.060 30057 30057 D MonkeyStub: translateCommand: touch move 614 1061
11-01 16:31:48.177 30057 30057 D MonkeyStub: translateCommand: touch move 614 937
11-01 16:31:48.296 30057 30057 D MonkeyStub: translateCommand: touch move 614 812
11-01 16:31:48.431 30057 30057 D MonkeyStub: translateCommand: touch move 614 687
11-01 16:31:48.553 30057 30057 D MonkeyStub: translateCommand: touch move 614 562
11-01 16:31:48.681 30057 30057 D MonkeyStub: translateCommand: touch move 614 437
11-01 16:31:48.785 30057 30057 D MonkeyStub: translateCommand: touch move 614 312
11-01 16:31:48.789 30057 30057 D MonkeyStub: translateCommand: touch up 614 312
11-01 16:31:48.815 30057 30057 D MonkeyStub: translateCommand: touch down 614 1561
11-01 16:31:48.820 30057 30057 D MonkeyStub: translateCommand: touch move 614 1561
11-01 16:31:48.958 30057 30057 D MonkeyStub: translateCommand: touch move 614 1436
11-01 16:31:49.073 30057 30057 D MonkeyStub: translateCommand: touch move 614 1311
11-01 16:31:49.184 30057 30057 D MonkeyStub: translateCommand: touch move 614 1186
11-01 16:31:49.289 30057 30057 D MonkeyStub: translateCommand: touch move 614 1061
11-01 16:31:49.395 30057 30057 D MonkeyStub: translateCommand: touch move 614 937
11-01 16:31:49.507 30057 30057 D MonkeyStub: translateCommand: touch move 614 812
11-01 16:31:49.619 30057 30057 D MonkeyStub: translateCommand: touch move 614 687
11-01 16:31:49.735 30057 30057 D MonkeyStub: translateCommand: touch move 614 562
11-01 16:31:49.847 30057 30057 D MonkeyStub: translateCommand: touch move 614 437
11-01 16:31:49.958 30057 30057 D MonkeyStub: translateCommand: touch move 614 312
11-01 16:31:49.961 30057 30057 D MonkeyStub: translateCommand: touch up 614 312
11-01 16:31:52.106 30057 30057 D MonkeyStub: translateCommand: touch down 614 1561
11-01 16:31:52.133 30057 30057 D MonkeyStub: translateCommand: touch move 614 1561
11-01 16:31:52.245 30057 30057 D MonkeyStub: translateCommand: touch move 614 1436
11-01 16:31:52.353 30057 30057 D MonkeyStub: translateCommand: touch move 614 1311
11-01 16:31:52.464 30057 30057 D MonkeyStub: translateCommand: touch move 614 1186
11-01 16:31:52.573 30057 30057 D MonkeyStub: translateCommand: touch move 614 1061
11-01 16:31:52.684 30057 30057 D MonkeyStub: translateCommand: touch move 614 937
11-01 16:31:52.798 30057 30057 D MonkeyStub: translateCommand: touch move 614 812
11-01 16:31:52.907 30057 30057 D MonkeyStub: translateCommand: touch move 614 687
11-01 16:31:53.017 30057 30057 D MonkeyStub: translateCommand: touch move 614 562
11-01 16:31:53.127 30057 30057 D MonkeyStub: translateCommand: touch move 614 437
11-01 16:31:53.238 30057 30057 D MonkeyStub: translateCommand: touch move 614 312
11-01 16:31:53.242 30057 30057 D MonkeyStub: translateCommand: touch up 614 312
11-01 16:31:53.973 28033 28081 I Icing   : IndexChimeraService.getServiceInterface callingPackage=com.android.chrome componentName=null serviceId=36
11-01 16:31:54.012 28033 28073 W Icing   : No valid account for uploading user actions
11-01 16:31:54.046 28033 28067 I Icing   : IndexChimeraService.getServiceInterface callingPackage=com.google.android.gms componentName=null serviceId=30
11-01 16:31:54.267 28033 28073 I Icing   : Usage reports ok 1, Failed Usage reports 0, indexed 1, rejected 0
11-01 16:31:54.275 28033 28073 W Icing   : No valid account for uploading user actions
11-01 16:31:54.284 28033 28073 I Icing   : Usage reports ok 0, Failed Usage reports 0, indexed 0, rejected 0
11-01 16:31:54.286 28033 28073 I Icing   : Indexing com.android.chrome-omnibox from com.android.chrome
11-01 16:31:54.376 28033 28072 I Icing   : Indexing done com.android.chrome-omnibox
11-01 16:31:55.335 30057 30057 D MonkeyStub: translateCommand: tap 1233 1011
11-01 16:31:55.762   785  1234 E AsyncOperation: serviceID=121, operation=GetLaunchDataOperation [CONTEXT service_id=259 ]
11-01 16:31:55.762   785  1234 E AsyncOperation: OperationException[Status{statusCode=Not an instant app, resolution=null}]
11-01 16:31:55.762   785  1234 E AsyncOperation: 	at aeay.a(:com.google.android.gms@203915020@20.39.15 (040406-335085812):20)
11-01 16:31:55.762   785  1234 E AsyncOperation: 	at aain.run(:com.google.android.gms@203915020@20.39.15 (040406-335085812):7)
11-01 16:31:55.762   785  1234 E AsyncOperation: 	at boex.run(:com.google.android.gms@203915020@20.39.15 (040406-335085812):2)
11-01 16:31:55.762   785  1234 E AsyncOperation: 	at sup.b(:com.google.android.gms@203915020@20.39.15 (040406-335085812):12)
11-01 16:31:55.762   785  1234 E AsyncOperation: 	at sup.run(:com.google.android.gms@203915020@20.39.15 (040406-335085812):7)
11-01 16:31:55.762   785  1234 E AsyncOperation: 	at java.util.concurrent.ThreadPoolExecutor.runWorker(ThreadPoolExecutor.java:1133)
11-01 16:31:55.762   785  1234 E AsyncOperation: 	at java.util.concurrent.ThreadPoolExecutor$Worker.run(ThreadPoolExecutor.java:607)
11-01 16:31:55.762   785  1234 E AsyncOperation: 	at tam.run(:com.google.android.gms@203915020@20.39.15 (040406-335085812):0)
11-01 16:31:55.762   785  1234 E AsyncOperation: 	at java.lang.Thread.run(Thread.java:761)
11-01 16:31:56.080   600   647 I WifiHAL : Got channel list with 13 channels
11-01 16:31:56.084   600   647 I WifiHAL : Got channel list with 4 channels
11-01 16:31:56.085   600   647 I WifiHAL : Got channel list with 15 channels
11-01 16:31:56.844   785  1744 W Icing   : isOptedInForAppHistory: empty Account Name encountered
11-01 16:31:56.857   785  1744 W Icing   : isOptedInForAppHistory: empty Account Name encountered
11-01 16:31:56.868   785 29360 W Icing   : isOptedInForAppHistory: empty Account Name encountered
11-01 16:31:59.250   600  1664 I ActivityManager: Start proc 30105:com.android.chrome:sandboxed_process21/u0i353 for service com.android.chrome/org.chromium.content.app.SandboxedProcessService21
11-01 16:31:59.316 30105 30105 W boxed_process21: type=1400 audit(0.0:2264): avc: denied { getattr } for path="/data/data/com.android.chrome" dev="dm-2" ino=12190 scontext=u:r:isolated_app:s0:c512,c768 tcontext=u:object_r:app_data_file:s0:c512,c768 tclass=dir permissive=0
11-01 16:31:59.347 30105 30105 I cr_ChildProcessService: Creating new ChildProcessService pid=30105
11-01 16:31:59.394 30105 30118 I cr_LibraryLoader: Loaded native library version number "85.0.4183.127"
11-01 16:31:59.395 30105 30118 I cr_CachingUmaRecorder: Flushed 1 samples from 1 histograms.
11-01 16:31:59.416 30118 30118 W CrUtilityMain: type=1400 audit(0.0:2265): avc: denied { setattr } for name="LICENSE.txt" dev="dm-2" ino=58080 scontext=u:r:isolated_app:s0:c512,c768 tcontext=u:object_r:app_data_file:s0:c512,c768 tclass=file permissive=0
11-01 16:31:59.419 30118 30118 W CrUtilityMain: type=1400 audit(0.0:2266): avc: denied { setattr } for name=46696C746572696E672052756C6573 dev="dm-2" ino=58106 scontext=u:r:isolated_app:s0:c512,c768 tcontext=u:object_r:app_data_file:s0:c512,c768 tclass=file permissive=0
11-01 16:31:59.423 30118 30118 W CrUtilityMain: type=1400 audit(0.0:2267): avc: denied { setattr } for name="manifest.json" dev="dm-2" ino=27874 scontext=u:r:isolated_app:s0:c512,c768 tcontext=u:object_r:app_data_file:s0:c512,c768 tclass=file permissive=0
11-01 16:31:59.426 30118 30118 W CrUtilityMain: type=1400 audit(0.0:2268): avc: denied { setattr } for name="verified_contents.json" dev="dm-2" ino=63119 scontext=u:r:isolated_app:s0:c512,c768 tcontext=u:object_r:app_data_file:s0:c512,c768 tclass=file permissive=0
11-01 16:31:59.442 30105 30118 I chromium: [INFO:child_process_service.cc(69)] ChildProcessService: Exiting child process.
11-01 16:31:59.548   600  8040 I ActivityManager: Process com.android.chrome:sandboxed_process21 (pid 30105) has died
11-01 16:31:59.548   600  8040 D ActivityManager: cleanUpApplicationRecord -- 30105
11-01 16:31:59.563 29500 29500 W chromium: [WARNING:compositor_view.cc(315)] Child process died (type=6) pid=30105)
11-01 16:31:59.568 29500 29534 I cr_BindingManager: onTrimMemory: level=10, size=1
11-01 16:31:59.568 29500 29534 I cr_BindingManager: Reduce connections from 1 to 0
11-01 16:32:00.220   600 12440 I ActivityManager: Start proc 30123:com.android.chrome:sandboxed_process22/u0i354 for service com.android.chrome/org.chromium.content.app.SandboxedProcessService22
11-01 16:32:00.269 30123 30123 W boxed_process22: type=1400 audit(0.0:2269): avc: denied { getattr } for path="/data/data/com.android.chrome" dev="dm-2" ino=12190 scontext=u:r:isolated_app:s0:c512,c768 tcontext=u:object_r:app_data_file:s0:c512,c768 tclass=dir permissive=0
11-01 16:32:00.294 30123 30123 I cr_ChildProcessService: Creating new ChildProcessService pid=30123
11-01 16:32:00.352 30123 30136 I cr_LibraryLoader: Loaded native library version number "85.0.4183.127"
11-01 16:32:00.352 30123 30136 I cr_CachingUmaRecorder: Flushed 1 samples from 1 histograms.
11-01 16:32:00.399 30136 30136 W CrUtilityMain: type=1400 audit(0.0:2270): avc: denied { setattr } for name="tl_en-us_2022-10-26_484799359_100000_index.bin" dev="dm-2" ino=46276 scontext=u:r:isolated_app:s0:c512,c768 tcontext=u:object_r:app_data_file:s0:c512,c768 tclass=file permissive=0
11-01 16:32:00.403 30136 30136 W CrUtilityMain: type=1400 audit(0.0:2271): avc: denied { setattr } for name="manifest.json" dev="dm-2" ino=40404 scontext=u:r:isolated_app:s0:c512,c768 tcontext=u:object_r:app_data_file:s0:c512,c768 tclass=file permissive=0
11-01 16:32:00.403 30136 30136 W CrUtilityMain: type=1400 audit(0.0:2272): avc: denied { setattr } for name="verified_contents.json" dev="dm-2" ino=33723 scontext=u:r:isolated_app:s0:c512,c768 tcontext=u:object_r:app_data_file:s0:c512,c768 tclass=file permissive=0
11-01 16:32:00.411 30123 30123 I cr_ChildProcessService: Destroying ChildProcessService pid=30123
11-01 16:32:00.412 30123 30136 I chromium: [INFO:child_process_service.cc(69)] ChildProcessService: Exiting child process.
11-01 16:32:00.434   600 28743 I ActivityManager: Process com.android.chrome:sandboxed_process22 (pid 30123) has died
11-01 16:32:00.434   600 28743 D ActivityManager: cleanUpApplicationRecord -- 30123
11-01 16:32:00.455 29500 29500 W chromium: [WARNING:compositor_view.cc(315)] Child process died (type=6) pid=30123)
11-01 16:32:01.489   600  1483 I ActivityManager: Start proc 30146:com.android.chrome:sandboxed_process23/u0i355 for service com.android.chrome/org.chromium.content.app.SandboxedProcessService23
11-01 16:32:01.592   198   198 E SELinux : avc:  denied  { find } for service=netd pid=30144 uid=2000 scontext=u:r:shell:s0 tcontext=u:object_r:netd_service:s0 tclass=service_manager permissive=0
11-01 16:32:01.597   198   198 E SELinux : avc:  denied  { find } for service=android.service.gatekeeper.IGateKeeperService pid=30144 uid=2000 scontext=u:r:shell:s0 tcontext=u:object_r:gatekeeper_service:s0 tclass=service_manager permissive=0
11-01 16:32:01.603 30146 30146 W boxed_process23: type=1400 audit(0.0:2273): avc: denied { getattr } for path="/data/data/com.android.chrome" dev="dm-2" ino=12190 scontext=u:r:isolated_app:s0:c512,c768 tcontext=u:object_r:app_data_file:s0:c512,c768 tclass=dir permissive=0
11-01 16:32:01.650 30146 30146 I cr_ChildProcessService: Creating new ChildProcessService pid=30146
11-01 16:32:01.727 30146 30159 I cr_LibraryLoader: Loaded native library version number "85.0.4183.127"
11-01 16:32:01.728 30146 30159 I cr_CachingUmaRecorder: Flushed 1 samples from 1 histograms.
11-01 16:32:01.769 30159 30159 W CrUtilityMain: type=1400 audit(0.0:2274): avc: denied { setattr } for name="optimization-hints.pb" dev="dm-2" ino=26164 scontext=u:r:isolated_app:s0:c512,c768 tcontext=u:object_r:app_data_file:s0:c512,c768 tclass=file permissive=0
11-01 16:32:01.773 30159 30159 W CrUtilityMain: type=1400 audit(0.0:2275): avc: denied { setattr } for name="manifest.json" dev="dm-2" ino=23382 scontext=u:r:isolated_app:s0:c512,c768 tcontext=u:object_r:app_data_file:s0:c512,c768 tclass=file permissive=0
11-01 16:32:01.783 30159 30159 W CrUtilityMain: type=1400 audit(0.0:2276): avc: denied { setattr } for name="verified_contents.json" dev="dm-2" ino=23426 scontext=u:r:isolated_app:s0:c512,c768 tcontext=u:object_r:app_data_file:s0:c512,c768 tclass=file permissive=0
11-01 16:32:01.796 30146 30159 I chromium: [INFO:child_process_service.cc(69)] ChildProcessService: Exiting child process.
11-01 16:32:01.818   600   713 I ActivityManager: Process com.android.chrome:sandboxed_process23 (pid 30146) has died
11-01 16:32:01.818   600   713 D ActivityManager: cleanUpApplicationRecord -- 30146
11-01 16:32:01.819 29500 29500 W chromium: [WARNING:compositor_view.cc(315)] Child process died (type=6) pid=30146)
11-01 16:32:02.345 29500 29500 I cr_tabmodel: Appending tabs being restored to metadata lists, 0, startingNormalCount: 2, startingIncognitoCount: 0
11-01 16:32:02.345 29500 29500 I cr_tabmodel: Serializing tab lists; counts: 2, 0
11-01 16:32:02.433 29500 29510 I art     : Background sticky concurrent mark sweep GC freed 100221(4MB) AllocSpace objects, 8(188KB) LOS objects, 21% free, 16MB/21MB, paused 465us total 101.354ms
11-01 16:32:02.604 29500 29500 I cr_tabmodel: Appending tabs being restored to metadata lists, 0, startingNormalCount: 2, startingIncognitoCount: 0
11-01 16:32:02.604 29500 29500 I cr_tabmodel: Serializing tab lists; counts: 2, 0
11-01 16:32:02.741 29500 29500 I cr_tabmodel: Appending tabs being restored to metadata lists, 0, startingNormalCount: 2, startingIncognitoCount: 0
11-01 16:32:02.741 29500 29500 I cr_tabmodel: Serializing tab lists; counts: 2, 0
11-01 16:32:03.239   600  5522 I ActivityManager: Start proc 30163:com.android.chrome:sandboxed_process24/u0i356 for service com.android.chrome/org.chromium.content.app.SandboxedProcessService24
11-01 16:32:03.289 30163 30163 W boxed_process24: type=1400 audit(0.0:2277): avc: denied { getattr } for path="/data/data/com.android.chrome" dev="dm-2" ino=12190 scontext=u:r:isolated_app:s0:c512,c768 tcontext=u:object_r:app_data_file:s0:c512,c768 tclass=dir permissive=0
11-01 16:32:03.318 30163 30163 I cr_ChildProcessService: Creating new ChildProcessService pid=30163
11-01 16:32:03.366 30163 30178 I cr_LibraryLoader: Loaded native library version number "85.0.4183.127"
11-01 16:32:03.367 30163 30178 I cr_CachingUmaRecorder: Flushed 1 samples from 1 histograms.
11-01 16:32:03.389 30178 30178 W CrUtilityMain: type=1400 audit(0.0:2278): avc: denied { setattr } for name="crl-set" dev="dm-2" ino=22438 scontext=u:r:isolated_app:s0:c512,c768 tcontext=u:object_r:app_data_file:s0:c512,c768 tclass=file permissive=0
11-01 16:32:03.392 30057 30057 D MonkeyStub: translateCommand: touch down 614 1561
11-01 16:32:03.393 30178 30178 W CrUtilityMain: type=1400 audit(0.0:2279): avc: denied { setattr } for name="manifest.json" dev="dm-2" ino=22608 scontext=u:r:isolated_app:s0:c512,c768 tcontext=u:object_r:app_data_file:s0:c512,c768 tclass=file permissive=0
11-01 16:32:03.396 30178 30178 W CrUtilityMain: type=1400 audit(0.0:2280): avc: denied { setattr } for name="LICENSE" dev="dm-2" ino=22710 scontext=u:r:isolated_app:s0:c512,c768 tcontext=u:object_r:app_data_file:s0:c512,c768 tclass=file permissive=0
11-01 16:32:03.402 30057 30057 D MonkeyStub: translateCommand: touch move 614 1561
11-01 16:32:03.403 30178 30178 W CrUtilityMain: type=1400 audit(0.0:2281): avc: denied { setattr } for name="verified_contents.json" dev="dm-2" ino=22782 scontext=u:r:isolated_app:s0:c512,c768 tcontext=u:object_r:app_data_file:s0:c512,c768 tclass=file permissive=0
11-01 16:32:03.415 30163 30163 I cr_ChildProcessService: Destroying ChildProcessService pid=30163
11-01 16:32:03.417 30163 30178 I chromium: [INFO:child_process_service.cc(69)] ChildProcessService: Exiting child process.
11-01 16:32:03.441   600  1485 I ActivityManager: Process com.android.chrome:sandboxed_process24 (pid 30163) has died
11-01 16:32:03.441   600  1485 D ActivityManager: cleanUpApplicationRecord -- 30163
11-01 16:32:03.454 29500 29500 W chromium: [WARNING:compositor_view.cc(315)] Child process died (type=6) pid=30163)
11-01 16:32:03.512 30057 30057 D MonkeyStub: translateCommand: touch move 614 1436
11-01 16:32:03.619 30057 30057 D MonkeyStub: translateCommand: touch move 614 1311
11-01 16:32:03.723 30057 30057 D MonkeyStub: translateCommand: touch move 614 1186
11-01 16:32:03.837 30057 30057 D MonkeyStub: translateCommand: touch move 614 1061
11-01 16:32:03.948 30057 30057 D MonkeyStub: translateCommand: touch move 614 937
11-01 16:32:04.065 30057 30057 D MonkeyStub: translateCommand: touch move 614 812
11-01 16:32:04.176 30057 30057 D MonkeyStub: translateCommand: touch move 614 687
11-01 16:32:04.284 30057 30057 D MonkeyStub: translateCommand: touch move 614 562
11-01 16:32:04.401 30057 30057 D MonkeyStub: translateCommand: touch move 614 437
11-01 16:32:04.524 30057 30057 D MonkeyStub: translateCommand: touch move 614 312
11-01 16:32:04.563 30057 30057 D MonkeyStub: translateCommand: touch up 614 312
11-01 16:32:05.107   600  8040 I ActivityManager: Start proc 30185:com.android.chrome:sandboxed_process25/u0i357 for service com.android.chrome/org.chromium.content.app.SandboxedProcessService25
11-01 16:32:05.163 30185 30185 W boxed_process25: type=1400 audit(0.0:2282): avc: denied { getattr } for path="/data/data/com.android.chrome" dev="dm-2" ino=12190 scontext=u:r:isolated_app:s0:c512,c768 tcontext=u:object_r:app_data_file:s0:c512,c768 tclass=dir permissive=0
11-01 16:32:05.189 30185 30185 I cr_ChildProcessService: Creating new ChildProcessService pid=30185
11-01 16:32:05.229 30185 30198 I cr_LibraryLoader: Loaded native library version number "85.0.4183.127"
11-01 16:32:05.229 30185 30198 I cr_CachingUmaRecorder: Flushed 1 samples from 1 histograms.
11-01 16:32:05.246 30198 30198 W CrUtilityMain: type=1400 audit(0.0:2283): avc: denied { setattr } for name="manifest.json" dev="dm-2" ino=22784 scontext=u:r:isolated_app:s0:c512,c768 tcontext=u:object_r:app_data_file:s0:c512,c768 tclass=file permissive=0
11-01 16:32:05.249 30198 30198 W CrUtilityMain: type=1400 audit(0.0:2284): avc: denied { setattr } for name="verified_contents.json" dev="dm-2" ino=23999 scontext=u:r:isolated_app:s0:c512,c768 tcontext=u:object_r:app_data_file:s0:c512,c768 tclass=file permissive=0
11-01 16:32:05.258 30185 30198 I chromium: [INFO:child_process_service.cc(69)] ChildProcessService: Exiting child process.
11-01 16:32:05.260 30185 30185 I cr_ChildProcessService: Destroying ChildProcessService pid=30185
11-01 16:32:05.285   600  1483 I ActivityManager: Process com.android.chrome:sandboxed_process25 (pid 30185) has died
11-01 16:32:05.285   600  1483 D ActivityManager: cleanUpApplicationRecord -- 30185
11-01 16:32:05.287 29500 29500 W chromium: [WARNING:compositor_view.cc(315)] Child process died (type=6) pid=30185)
11-01 16:32:05.308 29500 29500 I cr_tabmodel: Appending tabs being restored to metadata lists, 0, startingNormalCount: 2, startingIncognitoCount: 0
11-01 16:32:05.308 29500 29500 I cr_tabmodel: Serializing tab lists; counts: 2, 0
11-01 16:32:07.159   600  1066 I ActivityManager: Start proc 30204:com.android.chrome:sandboxed_process26/u0i358 for service com.android.chrome/org.chromium.content.app.SandboxedProcessService26
11-01 16:32:07.203 30204 30204 W boxed_process26: type=1400 audit(0.0:2285): avc: denied { getattr } for path="/data/data/com.android.chrome" dev="dm-2" ino=12190 scontext=u:r:isolated_app:s0:c512,c768 tcontext=u:object_r:app_data_file:s0:c512,c768 tclass=dir permissive=0
11-01 16:32:07.226 30204 30204 I cr_ChildProcessService: Creating new ChildProcessService pid=30204
11-01 16:32:07.266 30204 30217 I cr_LibraryLoader: Loaded native library version number "85.0.4183.127"
11-01 16:32:07.267 30204 30217 I cr_CachingUmaRecorder: Flushed 1 samples from 1 histograms.
11-01 16:32:07.279 30217 30217 W CrUtilityMain: type=1400 audit(0.0:2286): avc: denied { setattr } for name="download_file_types.pb" dev="dm-2" ino=24503 scontext=u:r:isolated_app:s0:c512,c768 tcontext=u:object_r:app_data_file:s0:c512,c768 tclass=file permissive=0
11-01 16:32:07.279 30217 30217 W CrUtilityMain: type=1400 audit(0.0:2287): avc: denied { setattr } for name="manifest.json" dev="dm-2" ino=24211 scontext=u:r:isolated_app:s0:c512,c768 tcontext=u:object_r:app_data_file:s0:c512,c768 tclass=file permissive=0
11-01 16:32:07.283 30217 30217 W CrUtilityMain: type=1400 audit(0.0:2288): avc: denied { setattr } for name="verified_contents.json" dev="dm-2" ino=24381 scontext=u:r:isolated_app:s0:c512,c768 tcontext=u:object_r:app_data_file:s0:c512,c768 tclass=file permissive=0
11-01 16:32:07.291 30204 30204 I cr_ChildProcessService: Destroying ChildProcessService pid=30204
11-01 16:32:07.292 30204 30217 I chromium: [INFO:child_process_service.cc(69)] ChildProcessService: Exiting child process.
11-01 16:32:07.318   600  5522 I ActivityManager: Process com.android.chrome:sandboxed_process26 (pid 30204) has died
11-01 16:32:07.318   600  5522 D ActivityManager: cleanUpApplicationRecord -- 30204
11-01 16:32:07.318 29500 29500 W chromium: [WARNING:compositor_view.cc(315)] Child process died (type=6) pid=30204)
11-01 16:32:08.695 30057 30057 D MonkeyStub: translateCommand: touch down 614 1561
11-01 16:32:08.706 30057 30057 D MonkeyStub: translateCommand: touch move 614 1561
11-01 16:32:08.828 30057 30057 D MonkeyStub: translateCommand: touch move 614 1436
11-01 16:32:08.934 30057 30057 D MonkeyStub: translateCommand: touch move 614 1311
11-01 16:32:09.047 30057 30057 D MonkeyStub: translateCommand: touch move 614 1186
11-01 16:32:09.158 30057 30057 D MonkeyStub: translateCommand: touch move 614 1061
11-01 16:32:09.276 30057 30057 D MonkeyStub: translateCommand: touch move 614 937
11-01 16:32:09.385 30057 30057 D MonkeyStub: translateCommand: touch move 614 812
11-01 16:32:09.392   600  8039 I ActivityManager: Start proc 30223:com.android.chrome:sandboxed_process27/u0i359 for service com.android.chrome/org.chromium.content.app.SandboxedProcessService27
11-01 16:32:09.453 30223 30223 W boxed_process27: type=1400 audit(0.0:2289): avc: denied { getattr } for path="/data/data/com.android.chrome" dev="dm-2" ino=12190 scontext=u:r:isolated_app:s0:c512,c768 tcontext=u:object_r:app_data_file:s0:c512,c768 tclass=dir permissive=0
11-01 16:32:09.474 30223 30223 I cr_ChildProcessService: Creating new ChildProcessService pid=30223
11-01 16:32:09.494 30057 30057 D MonkeyStub: translateCommand: touch move 614 687
11-01 16:32:09.539 30223 30236 I cr_LibraryLoader: Loaded native library version number "85.0.4183.127"
11-01 16:32:09.539 30223 30236 I cr_CachingUmaRecorder: Flushed 1 samples from 1 histograms.
11-01 16:32:09.556 30236 30236 W CrUtilityMain: type=1400 audit(0.0:2290): avc: denied { setattr } for name="safety_tips.pb" dev="dm-2" ino=24255 scontext=u:r:isolated_app:s0:c512,c768 tcontext=u:object_r:app_data_file:s0:c512,c768 tclass=file permissive=0
11-01 16:32:09.559 30236 30236 W CrUtilityMain: type=1400 audit(0.0:2291): avc: denied { setattr } for name="manifest.json" dev="dm-2" ino=24993 scontext=u:r:isolated_app:s0:c512,c768 tcontext=u:object_r:app_data_file:s0:c512,c768 tclass=file permissive=0
11-01 16:32:09.559 30236 30236 W CrUtilityMain: type=1400 audit(0.0:2292): avc: denied { setattr } for name="verified_contents.json" dev="dm-2" ino=24762 scontext=u:r:isolated_app:s0:c512,c768 tcontext=u:object_r:app_data_file:s0:c512,c768 tclass=file permissive=0
11-01 16:32:09.570 30223 30236 I chromium: [INFO:child_process_service.cc(69)] ChildProcessService: Exiting child process.
11-01 16:32:09.572 30223 30223 I cr_ChildProcessService: Destroying ChildProcessService pid=30223
11-01 16:32:09.597   600   713 I ActivityManager: Process com.android.chrome:sandboxed_process27 (pid 30223) has died
11-01 16:32:09.598   600   713 D ActivityManager: cleanUpApplicationRecord -- 30223
11-01 16:32:09.599 29500 29500 W chromium: [WARNING:compositor_view.cc(315)] Child process died (type=6) pid=30223)
11-01 16:32:09.601 30057 30057 D MonkeyStub: translateCommand: touch move 614 562
11-01 16:32:09.714 30057 30057 D MonkeyStub: translateCommand: touch move 614 437
11-01 16:32:09.825 30057 30057 D MonkeyStub: translateCommand: touch move 614 312
11-01 16:32:09.829 30057 30057 D MonkeyStub: translateCommand: touch up 614 312
11-01 16:32:09.868 30057 30057 D MonkeyStub: translateCommand: touch down 614 1561
11-01 16:32:09.879 30057 30057 D MonkeyStub: translateCommand: touch move 614 1561
11-01 16:32:09.985 30057 30057 D MonkeyStub: translateCommand: touch move 614 1436
11-01 16:32:10.094 30057 30057 D MonkeyStub: translateCommand: touch move 614 1311
11-01 16:32:10.214 30057 30057 D MonkeyStub: translateCommand: touch move 614 1186
11-01 16:32:10.328 30057 30057 D MonkeyStub: translateCommand: touch move 614 1061
11-01 16:32:10.437 30057 30057 D MonkeyStub: translateCommand: touch move 614 937
11-01 16:32:10.550 30057 30057 D MonkeyStub: translateCommand: touch move 614 812
11-01 16:32:10.672 30057 30057 D MonkeyStub: translateCommand: touch move 614 687
11-01 16:32:10.777 30057 30057 D MonkeyStub: translateCommand: touch move 614 562
11-01 16:32:10.888 30057 30057 D MonkeyStub: translateCommand: touch move 614 437
11-01 16:32:11.000 30057 30057 D MonkeyStub: translateCommand: touch move 614 312
11-01 16:32:11.005 30057 30057 D MonkeyStub: translateCommand: touch up 614 312
11-01 16:32:11.919   600  6822 I ActivityManager: Start proc 30243:com.android.chrome:sandboxed_process28/u0i360 for service com.android.chrome/org.chromium.content.app.SandboxedProcessService28
11-01 16:32:11.959 30243 30243 W boxed_process28: type=1400 audit(0.0:2293): avc: denied { getattr } for path="/data/data/com.android.chrome" dev="dm-2" ino=12190 scontext=u:r:isolated_app:s0:c512,c768 tcontext=u:object_r:app_data_file:s0:c512,c768 tclass=dir permissive=0
11-01 16:32:11.984 30243 30243 I cr_ChildProcessService: Creating new ChildProcessService pid=30243
11-01 16:32:12.023 30243 30256 I cr_LibraryLoader: Loaded native library version number "85.0.4183.127"
11-01 16:32:12.023 30243 30256 I cr_CachingUmaRecorder: Flushed 1 samples from 1 histograms.
11-01 16:32:12.039 30256 30256 W CrUtilityMain: type=1400 audit(0.0:2294): avc: denied { setattr } for name=5072656C6F61642044617461 dev="dm-2" ino=24841 scontext=u:r:isolated_app:s0:c512,c768 tcontext=u:object_r:app_data_file:s0:c512,c768 tclass=file permissive=0
11-01 16:32:12.039 30256 30256 W CrUtilityMain: type=1400 audit(0.0:2295): avc: denied { setattr } for name="manifest.json" dev="dm-2" ino=24814 scontext=u:r:isolated_app:s0:c512,c768 tcontext=u:object_r:app_data_file:s0:c512,c768 tclass=file permissive=0
11-01 16:32:12.043 30256 30256 W CrUtilityMain: type=1400 audit(0.0:2296): avc: denied { setattr } for name="verified_contents.json" dev="dm-2" ino=24797 scontext=u:r:isolated_app:s0:c512,c768 tcontext=u:object_r:app_data_file:s0:c512,c768 tclass=file permissive=0
11-01 16:32:12.047 30243 30256 I chromium: [INFO:child_process_service.cc(69)] ChildProcessService: Exiting child process.
11-01 16:32:12.052   197   197 E lowmemorykiller: Error writing /proc/30243/oom_score_adj; errno=22
11-01 16:32:12.069 29500 29500 W chromium: [WARNING:compositor_view.cc(315)] Child process died (type=6) pid=30243)
11-01 16:32:12.069   600  6822 I ActivityManager: Process com.android.chrome:sandboxed_process28 (pid 30243) has died
11-01 16:32:12.069   600  6822 D ActivityManager: cleanUpApplicationRecord -- 30243
11-01 16:32:14.629   600  1665 I ActivityManager: Start proc 30260:com.android.chrome:sandboxed_process29/u0i361 for service com.android.chrome/org.chromium.content.app.SandboxedProcessService29
11-01 16:32:14.689 30260 30260 W boxed_process29: type=1400 audit(0.0:2297): avc: denied { getattr } for path="/data/data/com.android.chrome" dev="dm-2" ino=12190 scontext=u:r:isolated_app:s0:c512,c768 tcontext=u:object_r:app_data_file:s0:c512,c768 tclass=dir permissive=0
11-01 16:32:14.723 30260 30260 I cr_ChildProcessService: Creating new ChildProcessService pid=30260
11-01 16:32:14.782 30260 30273 I cr_LibraryLoader: Loaded native library version number "85.0.4183.127"
11-01 16:32:14.783 30260 30273 I cr_CachingUmaRecorder: Flushed 1 samples from 1 histograms.
11-01 16:32:14.796 30273 30273 W CrUtilityMain: type=1400 audit(0.0:2298): avc: denied { setattr } for name="tls_deprecation_config.pb" dev="dm-2" ino=24745 scontext=u:r:isolated_app:s0:c512,c768 tcontext=u:object_r:app_data_file:s0:c512,c768 tclass=file permissive=0
11-01 16:32:14.796 30273 30273 W CrUtilityMain: type=1400 audit(0.0:2299): avc: denied { setattr } for name="manifest.json" dev="dm-2" ino=27437 scontext=u:r:isolated_app:s0:c512,c768 tcontext=u:object_r:app_data_file:s0:c512,c768 tclass=file permissive=0
11-01 16:32:14.799 30273 30273 W CrUtilityMain: type=1400 audit(0.0:2300): avc: denied { setattr } for name="verified_contents.json" dev="dm-2" ino=27580 scontext=u:r:isolated_app:s0:c512,c768 tcontext=u:object_r:app_data_file:s0:c512,c768 tclass=file permissive=0
11-01 16:32:14.803 30260 30273 I chromium: [INFO:child_process_service.cc(69)] ChildProcessService: Exiting child process.
11-01 16:32:14.804   197   197 E lowmemorykiller: Error writing /proc/30260/oom_score_adj; errno=22
11-01 16:32:14.828   600  1664 I ActivityManager: Process com.android.chrome:sandboxed_process29 (pid 30260) has died
11-01 16:32:14.828   600  1664 D ActivityManager: cleanUpApplicationRecord -- 30260
11-01 16:32:14.831 29500 29500 W chromium: [WARNING:compositor_view.cc(315)] Child process died (type=6) pid=30260)
11-01 16:32:15.248 30057 30057 D MonkeyStub: translateCommand: touch down 614 1561
11-01 16:32:15.256 30057 30057 D MonkeyStub: translateCommand: touch move 614 1561
11-01 16:32:15.362 30057 30057 D MonkeyStub: translateCommand: touch move 614 1436
11-01 16:32:15.485 30057 30057 D MonkeyStub: translateCommand: touch move 614 1311
11-01 16:32:15.594 30057 30057 D MonkeyStub: translateCommand: touch move 614 1186
11-01 16:32:15.700 30057 30057 D MonkeyStub: translateCommand: touch move 614 1061
11-01 16:32:15.813 30057 30057 D MonkeyStub: translateCommand: touch move 614 937
11-01 16:32:15.930 30057 30057 D MonkeyStub: translateCommand: touch move 614 812
11-01 16:32:16.045 30057 30057 D MonkeyStub: translateCommand: touch move 614 687
11-01 16:32:16.155 30057 30057 D MonkeyStub: translateCommand: touch move 614 562
11-01 16:32:16.269 30057 30057 D MonkeyStub: translateCommand: touch move 614 437
11-01 16:32:16.384 30057 30057 D MonkeyStub: translateCommand: touch move 614 312
11-01 16:32:16.403 30057 30057 D MonkeyStub: translateCommand: touch up 614 312
11-01 16:32:17.638   600  6822 I ActivityManager: Start proc 30277:com.android.chrome:sandboxed_process30/u0i362 for service com.android.chrome/org.chromium.content.app.SandboxedProcessService30
11-01 16:32:17.689 30277 30277 W boxed_process30: type=1400 audit(0.0:2301): avc: denied { getattr } for path="/data/data/com.android.chrome" dev="dm-2" ino=12190 scontext=u:r:isolated_app:s0:c512,c768 tcontext=u:object_r:app_data_file:s0:c512,c768 tclass=dir permissive=0
11-01 16:32:17.715 30277 30277 I cr_ChildProcessService: Creating new ChildProcessService pid=30277
11-01 16:32:17.772 30277 30290 I cr_LibraryLoader: Loaded native library version number "85.0.4183.127"
11-01 16:32:17.773 30277 30290 I cr_CachingUmaRecorder: Flushed 1 samples from 1 histograms.
11-01 16:32:17.786 30290 30290 W CrUtilityMain: type=1400 audit(0.0:2302): avc: denied { setattr } for name="ssl_error_assistant.pb" dev="dm-2" ino=27927 scontext=u:r:isolated_app:s0:c512,c768 tcontext=u:object_r:app_data_file:s0:c512,c768 tclass=file permissive=0
11-01 16:32:17.786 30290 30290 W CrUtilityMain: type=1400 audit(0.0:2303): avc: denied { setattr } for name="manifest.json" dev="dm-2" ino=27914 scontext=u:r:isolated_app:s0:c512,c768 tcontext=u:object_r:app_data_file:s0:c512,c768 tclass=file permissive=0
11-01 16:32:17.789 30290 30290 W CrUtilityMain: type=1400 audit(0.0:2304): avc: denied { setattr } for name="verified_contents.json" dev="dm-2" ino=27979 scontext=u:r:isolated_app:s0:c512,c768 tcontext=u:object_r:app_data_file:s0:c512,c768 tclass=file permissive=0
11-01 16:32:17.799 30277 30277 I cr_ChildProcessService: Destroying ChildProcessService pid=30277
11-01 16:32:17.799 30277 30290 I chromium: [INFO:child_process_service.cc(69)] ChildProcessService: Exiting child process.
11-01 16:32:17.824   600 30165 I ActivityManager: Process com.android.chrome:sandboxed_process30 (pid 30277) has died
11-01 16:32:17.824   600 30165 D ActivityManager: cleanUpApplicationRecord -- 30277
11-01 16:32:17.826 29500 29500 W chromium: [WARNING:compositor_view.cc(315)] Child process died (type=6) pid=30277)
11-01 16:32:20.450 30057 30057 D MonkeyStub: translateCommand: touch down 614 1561
11-01 16:32:20.460 30057 30057 D MonkeyStub: translateCommand: touch move 614 1561
11-01 16:32:20.565 30057 30057 D MonkeyStub: translateCommand: touch move 614 1436
11-01 16:32:20.669 30057 30057 D MonkeyStub: translateCommand: touch move 614 1311
11-01 16:32:20.774 30057 30057 D MonkeyStub: translateCommand: touch move 614 1186
11-01 16:32:20.882 30057 30057 D MonkeyStub: translateCommand: touch move 614 1061
11-01 16:32:20.989 30057 30057 D MonkeyStub: translateCommand: touch move 614 937
11-01 16:32:21.115 30057 30057 D MonkeyStub: translateCommand: touch move 614 812
11-01 16:32:21.223 30057 30057 D MonkeyStub: translateCommand: touch move 614 687
11-01 16:32:21.335 30057 30057 D MonkeyStub: translateCommand: touch move 614 562
11-01 16:32:21.445 30057 30057 D MonkeyStub: translateCommand: touch move 614 437
11-01 16:32:21.554 30057 30057 D MonkeyStub: translateCommand: touch move 614 312
11-01 16:32:21.558 30057 30057 D MonkeyStub: translateCommand: touch up 614 312
11-01 16:32:21.566 30057 30057 D MonkeyStub: Quit requested
11-01 16:32:21.590   600   614 I CwMcuSensor: CwMcuSensor::flush: fd = 141, sensors_id = 0, path = /sys/class/htc_sensorhub/sensor_hub/flush, err = 0
11-01 16:32:21.603 30057 30057 I art     : System.exit called, status: 145
11-01 16:32:21.603 30057 30057 I AndroidRuntime: VM exiting with result code 145.
11-01 16:32:21.643   600   713 W WindowManager: Attempted to remove non-existing token: android.os.Binder@c4dbb89
11-01 16:32:26.222 28033 28067 I Icing   : IndexChimeraService.getServiceInterface callingPackage=com.android.chrome componentName=null serviceId=36
11-01 16:32:26.254 28033 28072 W Icing   : No valid account for uploading user actions
11-01 16:32:26.288 28033 28067 I Icing   : IndexChimeraService.getServiceInterface callingPackage=com.google.android.gms componentName=null serviceId=30
11-01 16:32:26.323 28033 28072 I Icing   : Usage reports ok 1, Failed Usage reports 0, indexed 1, rejected 0
11-01 16:32:26.328 28033 28072 W Icing   : No valid account for uploading user actions
11-01 16:32:26.339 28033 28072 I Icing   : Usage reports ok 0, Failed Usage reports 0, indexed 0, rejected 0
