11-01 15:24:06.306  4654  4654 D MonkeyStub: translateCommand: touch move 614 1436
11-01 15:24:06.427  4654  4654 D MonkeyStub: translateCommand: touch move 614 1311
11-01 15:24:06.546  4654  4654 D MonkeyStub: translateCommand: touch move 614 1186
11-01 15:24:06.658  4654  4654 D MonkeyStub: translateCommand: touch move 614 1061
11-01 15:24:06.787  4654  4654 D MonkeyStub: translateCommand: touch move 614 937
11-01 15:24:06.897  4654  4654 D MonkeyStub: translateCommand: touch move 614 812
11-01 15:24:07.010  4654  4654 D MonkeyStub: translateCommand: touch move 614 687
11-01 15:24:07.124  4654  4654 D MonkeyStub: translateCommand: touch move 614 562
11-01 15:24:07.235  4654  4654 D MonkeyStub: translateCommand: touch move 614 437
11-01 15:24:07.343  4654  4654 D MonkeyStub: translateCommand: touch move 614 312
11-01 15:24:07.347  4654  4654 D MonkeyStub: translateCommand: touch up 614 312
11-01 15:24:11.390  4654  4654 D MonkeyStub: translateCommand: touch down 614 1561
11-01 15:24:11.403  4654  4654 D MonkeyStub: translateCommand: touch move 614 1561
11-01 15:24:11.518  4654  4654 D MonkeyStub: translateCommand: touch move 614 1436
11-01 15:24:11.624  4654  4654 D MonkeyStub: translateCommand: touch move 614 1311
11-01 15:24:11.732  4654  4654 D MonkeyStub: translateCommand: touch move 614 1186
11-01 15:24:11.842  4654  4654 D MonkeyStub: translateCommand: touch move 614 1061
11-01 15:24:11.947  4654  4654 D MonkeyStub: translateCommand: touch move 614 937
11-01 15:24:12.056  4654  4654 D MonkeyStub: translateCommand: touch move 614 812
11-01 15:24:12.164  4654  4654 D MonkeyStub: translateCommand: touch move 614 687
11-01 15:24:12.274  4654  4654 D MonkeyStub: translateCommand: touch move 614 562
11-01 15:24:12.378  4654  4654 D MonkeyStub: translateCommand: touch move 614 437
11-01 15:24:12.482  4654  4654 D MonkeyStub: translateCommand: touch move 614 312
11-01 15:24:12.485  4654  4654 D MonkeyStub: translateCommand: touch up 614 312
11-01 15:24:12.491  4654  4654 D MonkeyStub: Quit requested
11-01 15:24:12.519   600   614 I CwMcuSensor: CwMcuSensor::flush: fd = 195, sensors_id = 0, path = /sys/class/htc_sensorhub/sensor_hub/flush, err = 0
11-01 15:24:12.528  4654  4654 I art     : System.exit called, status: 145
11-01 15:24:12.528  4654  4654 I AndroidRuntime: VM exiting with result code 145.
11-01 15:24:12.566   600  8928 W WindowManager: Attempted to remove non-existing token: android.os.Binder@17b99ad
11-01 15:24:16.811 21960 22382 I Icing   : IndexChimeraService.getServiceInterface callingPackage=com.android.chrome componentName=null serviceId=36
11-01 15:24:16.859 21960 22084 W Icing   : No valid account for uploading user actions
11-01 15:24:16.928 21960 22382 I Icing   : IndexChimeraService.getServiceInterface callingPackage=com.google.android.gms componentName=null serviceId=30
11-01 15:24:16.940 21960 22084 I Icing   : Usage reports ok 1, Failed Usage reports 0, indexed 1, rejected 0
11-01 15:24:16.945 21960 22084 W Icing   : No valid account for uploading user actions
11-01 15:24:16.956 21960 22084 I Icing   : Usage reports ok 0, Failed Usage reports 0, indexed 0, rejected 0
11-01 15:24:16.958 21960 22084 I Icing   : Indexing com.android.chrome-omnibox from com.android.chrome
11-01 15:24:16.995 21960 22084 I Icing   : Indexing done com.android.chrome-omnibox
11-01 15:24:17.996   785  1682 W Icing   : isOptedInForAppHistory: empty Account Name encountered
11-01 15:24:18.012   785  3892 W Icing   : isOptedInForAppHistory: empty Account Name encountered
11-01 15:24:28.824  4917  4917 D AndroidRuntime: >>>>>> START com.android.internal.os.RuntimeInit uid 2000 <<<<<<
11-01 15:24:28.834  4917  4917 D AndroidRuntime: CheckJNI is OFF
11-01 15:24:28.922  4917  4917 D ICU     : No timezone override file found: /data/misc/zoneinfo/current/icu/icu_tzdata.dat
11-01 15:24:28.961  4917  4917 I Radio-JNI: register_android_hardware_Radio DONE
11-01 15:24:28.978  4917  4917 D AndroidRuntime: Calling main entry com.android.commands.am.Am
11-01 15:24:28.996   600  1666 I ActivityManager: Force stopping com.android.chrome appid=10035 user=0: from pid 4917
11-01 15:24:28.997   600  1666 I ActivityManager: Killing 4172:com.android.chrome:privileged_process0/u0a35 (adj 0): stop com.android.chrome
11-01 15:24:28.997   600  1666 D ActivityManager: cleanUpApplicationRecord -- 4172
11-01 15:24:28.997   600  1666 W ActivityManager: Scheduling restart of crashed service com.android.chrome/org.chromium.content.app.PrivilegedProcessService0 in 1000ms
11-01 15:24:28.998   600  1666 I ActivityManager: Killing 4109:com.android.chrome/u0a35 (adj 0): stop com.android.chrome
11-01 15:24:28.998   600  1666 D ActivityManager: cleanUpApplicationRecord -- 4109
11-01 15:24:29.006   600  1666 W ActivityManager: Force removing ActivityRecord{b2fe69a u0 com.android.chrome/com.google.android.apps.chrome.Main t1259}: app died, no saved state
11-01 15:24:29.012  4145  4145 I cr_ChildProcessService: Destroying ChildProcessService pid=4145
11-01 15:24:29.015   600  1666 I ActivityManager: Killing 4610:com.android.chrome:sandboxed_process20/u0a35i940 (adj 0): isolated not needed
11-01 15:24:29.015   600  1666 I ActivityManager: Killing 4145:com.android.chrome:sandboxed_process0/u0a35i920 (adj 0): isolated not needed
11-01 15:24:29.025 23814 23814 I MemoryTrimmer: Trimming objects from memory, since app is in the background.
11-01 15:24:29.044  4917  4917 D AndroidRuntime: Shutting down VM
11-01 15:24:29.060  1075  1164 I OpenGLRenderer: Initialized EGL, version 1.4
11-01 15:24:29.060  1075  1164 D OpenGLRenderer: Swap behavior 2
11-01 15:24:29.089  1058  1058 D RegisteredNfcFServicesCache: Service unchanged, not updating
11-01 15:24:29.157 23814 23825 I AttachedClient: Adding client event 2 to pending list.
11-01 15:24:29.170 23814 23814 I OptInState: There is a new client and it does not support opt-in. Dropping request.
11-01 15:24:29.172 23814 23814 I MicroDetectionWorker: Micro detection mode: [mDetectionMode: [1]].
11-01 15:24:29.202 23814  4932 I MicroRecognitionRunner: Starting detection.
11-01 15:24:29.203 23814 16799 I MicrophoneInputStream: mic_starting com.google.android.apps.gsa.speech.audio.ae@d82b28e
11-01 15:24:29.208   238  4934 I AudioFlinger: AudioFlinger's thread 0xec312540 ready to run
11-01 15:24:29.211   238   286 I SoundTriggerHwService::Module: void android::SoundTriggerHwService::Module::onCallbackEvent(const sp<android::SoundTriggerHwService::CallbackEvent> &) mClient == 0
11-01 15:24:29.213 23814 16799 I MicrophoneInputStream: mic_started com.google.android.apps.gsa.speech.audio.ae@d82b28e
11-01 15:24:29.243   600  1066 D ActivityManager: cleanUpApplicationRecord -- 4145
11-01 15:24:29.286   600  5522 D ActivityManager: cleanUpApplicationRecord -- 4610
11-01 15:24:29.292   600  1483 D ConnectivityService: ConnectivityService NetworkRequestInfo binderDied(NetworkRequest [ LISTEN id=265, [ Capabilities: INTERNET&NOT_RESTRICTED&TRUSTED&FOREGROUND] ], android.os.BinderProxy@f8f1a6b)
11-01 15:24:29.293   600  1483 D ConnectivityService: ConnectivityService NetworkRequestInfo binderDied(NetworkRequest [ LISTEN id=264, [ Capabilities: INTERNET&NOT_RESTRICTED&TRUSTED&FOREGROUND] ], android.os.BinderProxy@3bd09c8)
11-01 15:24:29.294   600  1483 D ConnectivityService: ConnectivityService NetworkRequestInfo binderDied(NetworkRequest [ LISTEN id=262, [ Capabilities: INTERNET&NOT_RESTRICTED&TRUSTED&FOREGROUND] ], android.os.BinderProxy@9284a61)
11-01 15:24:29.294   600  1483 D ConnectivityService: ConnectivityService NetworkRequestInfo binderDied(NetworkRequest [ LISTEN id=263, [ Capabilities: INTERNET&NOT_RESTRICTED&TRUSTED&FOREGROUND] ], android.os.BinderProxy@4d76986)
11-01 15:24:29.295   600   713 D GraphicsStats: Buffer count: 2
11-01 15:24:29.296   600   649 E ConnectivityService: RemoteException caught trying to send a callback msg for NetworkRequest [ LISTEN id=265, [ Capabilities: INTERNET&NOT_RESTRICTED&TRUSTED&FOREGROUND] ]
11-01 15:24:29.297   600   649 E ConnectivityService: RemoteException caught trying to send a callback msg for NetworkRequest [ LISTEN id=264, [ Capabilities: INTERNET&NOT_RESTRICTED&TRUSTED&FOREGROUND] ]
11-01 15:24:29.297   600   649 E ConnectivityService: RemoteException caught trying to send a callback msg for NetworkRequest [ LISTEN id=262, [ Capabilities: INTERNET&NOT_RESTRICTED&TRUSTED&FOREGROUND] ]
11-01 15:24:29.297   600   649 E ConnectivityService: RemoteException caught trying to send a callback msg for NetworkRequest [ LISTEN id=263, [ Capabilities: INTERNET&NOT_RESTRICTED&TRUSTED&FOREGROUND] ]
11-01 15:24:29.391 23814 23814 I MicroDetectionWorker: onReady
11-01 15:24:29.548  4935  4935 D AndroidRuntime: >>>>>> START com.android.internal.os.RuntimeInit uid 2000 <<<<<<
11-01 15:24:29.552  4935  4935 D AndroidRuntime: CheckJNI is OFF
11-01 15:24:29.600  1075  1164 W OpenGLRenderer: Incorrectly called buildLayer on View: ShortcutAndWidgetContainer, destroying layer...
11-01 15:24:29.623  4935  4935 D ICU     : No timezone override file found: /data/misc/zoneinfo/current/icu/icu_tzdata.dat
11-01 15:24:29.651  4935  4935 I Radio-JNI: register_android_hardware_Radio DONE
11-01 15:24:29.666  4935  4935 D AndroidRuntime: Calling main entry com.android.commands.pm.Pm
11-01 15:24:29.681   600  8039 I ActivityManager: Force stopping com.android.chrome appid=10035 user=0: clear data
11-01 15:24:29.682   600   613 I ActivityManager: Force stopping com.android.chrome appid=10035 user=-1: clearApplicationUserData
11-01 15:24:29.730   785   785 I GeofencerStateMachine: removeGeofences: removeRequest=RemoveGeofencingRequest[REMOVE_ALL packageName=com.android.chrome]
11-01 15:24:29.736  4935  4935 I art     : System.exit called, status: 0
11-01 15:24:29.737  4935  4935 I AndroidRuntime: VM exiting with result code 0.
11-01 15:24:29.744  1058  1058 D RegisteredNfcFServicesCache: Service unchanged, not updating
11-01 15:24:29.754   600   612 W ResourceType: No known package when getting value for resource number 0x7f080316
11-01 15:24:29.754   600   612 W ResourceType: No known package when getting value for resource number 0x7f130448
11-01 15:24:29.754   600   612 W ResourceType: No known package when getting value for resource number 0x7f080315
11-01 15:24:29.754   600   612 W ResourceType: No known package when getting value for resource number 0x7f130123
11-01 15:24:29.754   600   612 W ResourceType: No known package when getting value for resource number 0x7f130447
11-01 15:24:29.754   600   612 W ResourceType: No known package when getting value for resource number 0x7f1302e4
11-01 15:24:29.754   600   612 E ShortcutService: Ignoring excessive intent tag.
11-01 15:24:29.780 21960 22084 I Icing   : doRemovePackageData com.android.chrome
11-01 15:24:29.780 21960 22084 I Icing   : Removing corpus key com.android.chrome-.implicit: for package com.android.chrome
11-01 15:24:29.824   785  4949 I Fitness : FitCleanupIntentOperation received Intent android.intent.action.PACKAGE_DATA_CLEARED [CONTEXT service_id=17 ]
11-01 15:24:29.839 21960 22084 I native  : flash-index.cc:1519 Flash index sort hb 48 prefix-hits 84 -> 77 at 8.864ms
11-01 15:24:29.869 21960 22084 I Icing   : Removing corpus key com.android.chrome-omnibox for package com.android.chrome
11-01 15:24:29.934 21960 22084 I Icing   : Starting compaction min disk 99.930% min index 99.993%
11-01 15:24:30.060 21960 22084 I native  : document-store.cc:1654 Scored 2818 usage reports, missing_corpora 1535 update_failed 1
11-01 15:24:30.089 21960 22084 W native  : words-map.cc:30 INVALID_ARGUMENT: Empty URI
11-01 15:24:30.089 21960 22084 W native  : words-map.cc:34 WordsMap was not properly initialized
11-01 15:24:30.166 21960 22084 E native  : compactor.cc:67 Could not index embedding for docid 1: INTERNAL: Unable to find Thing Proto section 
11-01 15:24:30.167 21960 22084 E native  : compactor.cc:67 Could not index embedding for docid 3: INTERNAL: Unable to find Thing Proto section 
11-01 15:24:30.167 21960 22084 E native  : compactor.cc:67 Could not index embedding for docid 5: INTERNAL: Unable to find Thing Proto section 
11-01 15:24:30.167 21960 22084 E native  : compactor.cc:67 Could not index embedding for docid 7: INTERNAL: Unable to find Thing Proto section 
11-01 15:24:30.172 21960 22084 E native  : compactor.cc:67 Could not index embedding for docid 8: INTERNAL: Unable to find Thing Proto section 
11-01 15:24:30.172 21960 22084 E native  : compactor.cc:67 Could not index embedding for docid 10: INTERNAL: Unable to find Thing Proto section 
11-01 15:24:30.172 21960 22084 E native  : compactor.cc:67 Could not index embedding for docid 11: INTERNAL: Unable to find Thing Proto section 
11-01 15:24:30.172 21960 22084 E native  : compactor.cc:67 Could not index embedding for docid 13: INTERNAL: Unable to find Thing Proto section 
11-01 15:24:30.173 21960 22084 E native  : compactor.cc:67 Could not index embedding for docid 14: INTERNAL: Unable to find Thing Proto section 
11-01 15:24:30.178 21960 22084 E native  : compactor.cc:67 Could not index embedding for docid 17: INTERNAL: Unable to find Thing Proto section 
11-01 15:24:30.179 21960 22084 E native  : compactor.cc:67 Could not index embedding for docid 18: INTERNAL: Unable to find Thing Proto section 
11-01 15:24:30.179 21960 22084 E native  : compactor.cc:67 Could not index embedding for docid 21: INTERNAL: Unable to find Thing Proto section 
11-01 15:24:30.179 21960 22084 E native  : compactor.cc:67 Could not index embedding for docid 22: INTERNAL: Unable to find Thing Proto section 
11-01 15:24:30.185 21960 22084 E native  : compactor.cc:67 Could not index embedding for docid 26: INTERNAL: Unable to find Thing Proto section 
11-01 15:24:30.185 21960 22084 E native  : compactor.cc:67 Could not index embedding for docid 27: INTERNAL: Unable to find Thing Proto section 
11-01 15:24:30.234 21960 22084 I native  : flash-index.cc:1519 Flash index sort hb 34 prefix-hits 54 -> 54 at 33.453ms
11-01 15:24:30.260 21960 22084 W native  : words-map.cc:30 INVALID_ARGUMENT: Empty URI
11-01 15:24:30.260 21960 22084 W native  : words-map.cc:34 WordsMap was not properly initialized
11-01 15:24:30.343 21960 22084 I Icing   : updateResources: need to parse acol{com.android.chrome}
11-01 15:24:30.420 21960 22084 I Icing   : Indexing com.android.chrome-omnibox from com.android.chrome
11-01 15:24:30.432   600  8040 I ActivityManager: Start proc 4963:com.android.chrome/u0a35 for content provider com.android.chrome/com.google.android.apps.chrome.icing.IcingProvider
11-01 15:24:30.522 21960 22084 I Icing   : Indexing done com.android.chrome-omnibox
