11-01 13:20:25.721 25758 25758 W dex2oat : Compilation of long[][] com.facebook.ads.redexgen.X.WH.A0G(com.facebook.ads.redexgen.X.DH[]) took 192.429ms
11-01 13:20:25.743 25758 25842 W dex2oat : Compilation of void com.facebook.ads.redexgen.X.WJ.A0K(com.facebook.ads.redexgen.X.WP) took 115.965ms
11-01 13:20:26.036 25758 25842 W dex2oat : Compilation of boolean com.facebook.ads.redexgen.X.WJ.A0Z(com.facebook.ads.redexgen.X.Cc) took 158.254ms
11-01 13:20:26.424 25758 25758 W dex2oat : Compilation of void com.facebook.ads.redexgen.X.WT.A08(com.facebook.ads.redexgen.X.Cc, com.facebook.ads.redexgen.X.Cx, int) took 444.969ms
11-01 13:20:26.465 25758 25842 W dex2oat : Compilation of void com.facebook.ads.redexgen.X.WJ.A8I(com.facebook.ads.redexgen.X.Cd) took 429.151ms
11-01 13:20:27.586 25758 25842 W dex2oat : Compilation of void com.facebook.ads.redexgen.X.X9.<init>(com.facebook.ads.redexgen.X.Uy, int, int, int, int, int, boolean, com.facebook.ads.redexgen.X.Il) took 547.349ms
11-01 13:20:27.606 25758 25758 W dex2oat : Compilation of void com.facebook.ads.redexgen.X.X7.A03(android.content.Context, com.facebook.ads.redexgen.X.CL, com.facebook.ads.redexgen.X.BK[], android.os.Handler, com.facebook.ads.redexgen.X.BS, int, java.util.ArrayList) took 690.680ms
11-01 13:20:28.217 25758 25842 W dex2oat : Compilation of void com.facebook.ads.redexgen.X.Xk.A0D(com.facebook.ads.redexgen.X.Xm) took 156.602ms
11-01 13:20:28.241 25758 25758 W dex2oat : Compilation of java.lang.String com.facebook.ads.redexgen.X.Xl.A0E(java.lang.String, int, java.lang.String, double, double, java.lang.String, java.util.Map) took 229.913ms
11-01 13:20:28.789 25758 25758 W dex2oat : Compilation of com.facebook.ads.redexgen.X.79 com.facebook.ads.redexgen.X.Yo.A5I() took 211.631ms
11-01 13:20:29.499 25758 25758 W dex2oat : Compilation of void com.facebook.ads.redexgen.X.bS.setVideoRenderer(com.facebook.ads.MediaViewVideoRenderer) took 154.914ms
11-01 13:20:29.676 25758 25758 W dex2oat : Compilation of void com.facebook.ads.redexgen.X.c0.A04(com.facebook.ads.redexgen.X.F5, boolean) took 175.122ms
11-01 13:20:30.118 25758 25758 W dex2oat : Compilation of void com.facebook.ads.redexgen.X.cp.A08(com.facebook.ads.redexgen.X.Tn) took 253.109ms
11-01 13:20:30.546 25758 25758 I dex2oat : dex2oat took 18.712s (threads: 2) arena alloc=3MB (4164848B) java alloc=2MB (2340480B) native alloc=12MB (12877936B) free=4MB (4947856B)
11-01 13:20:30.649 25331 26004 I AdInternalSettings: Test mode device hash: 4a4fce58-0efe-4ac1-948a-1061e00e3f4f
11-01 13:20:30.649 25331 26004 I AdInternalSettings: When testing your app with Facebook's ad units you must specify the device hashed ID to ensure the delivery of test ads, add the following code before loading an ad: AdSettings.addTestDevice("4a4fce58-0efe-4ac1-948a-1061e00e3f4f");
11-01 13:20:31.532   600  8039 I CwMcuSensor: CwMcuSensor::flush: fd = 233, sensors_id = 0, path = /sys/class/htc_sensorhub/sensor_hub/flush, err = 0
11-01 13:20:31.977 25331 25331 D DynamitePackage: Instantiating com.google.android.gms.ads.ChimeraAdLoaderBuilderCreatorImpl
11-01 13:20:31.983 25331 25331 I Ads     : Use RequestConfiguration.Builder().setTestDeviceIds(Arrays.asList("E975D60B8B6136BB8437A20FB42B8437") to get test ads on this device.
11-01 13:20:32.011 25331 26025 W DynamiteModule: Local module descriptor class for com.google.android.gms.ads.dynamite not found.
11-01 13:20:32.016 25331 26025 W DynamiteModule: Local module descriptor class for com.google.android.gms.ads.dynamite not found.
11-01 13:20:32.021 25331 26021 W DynamiteModule: Local module descriptor class for com.google.android.gms.ads.dynamite not found.
11-01 13:20:32.023 25331 26030 E Ads     : Couldn't create RTB adapter : 
11-01 13:20:32.023 25331 26030 E Ads     : android.os.RemoteException
11-01 13:20:32.023 25331 26030 E Ads     : 	at dt8.V1(SourceFile:8)
11-01 13:20:32.023 25331 26030 E Ads     : 	at hp9.onTransact(SourceFile:3)
11-01 13:20:32.023 25331 26030 E Ads     : 	at android.os.Binder.transact(Binder.java:499)
11-01 13:20:32.023 25331 26030 E Ads     : 	at gf.a(:com.google.android.gms.policy_ads_fdr_dynamite@203404601@203404601003.333818716.333818716:2)
11-01 13:20:32.023 25331 26030 E Ads     : 	at com.google.android.gms.ads.internal.mediation.client.b.c(:com.google.android.gms.policy_ads_fdr_dynamite@203404601@203404601003.333818716.333818716:1)
11-01 13:20:32.023 25331 26030 E Ads     : 	at com.google.android.gms.ads.nonagon.signals.dj.a(Unknown Source)
11-01 13:20:32.023 25331 26030 E Ads     : 	at abs.a(:com.google.android.gms.policy_ads_fdr_dynamite@203404601@203404601003.333818716.333818716:0)
11-01 13:20:32.023 25331 26030 E Ads     : 	at abf.run(:com.google.android.gms.policy_ads_fdr_dynamite@203404601@203404601003.333818716.333818716:3)
11-01 13:20:32.023 25331 26030 E Ads     : 	at abu.run(:com.google.android.gms.policy_ads_fdr_dynamite@203404601@203404601003.333818716.333818716:0)
11-01 13:20:32.023 25331 26030 E Ads     : 	at java.util.concurrent.ThreadPoolExecutor.runWorker(ThreadPoolExecutor.java:1133)
11-01 13:20:32.023 25331 26030 E Ads     : 	at java.util.concurrent.ThreadPoolExecutor$Worker.run(ThreadPoolExecutor.java:607)
11-01 13:20:32.023 25331 26030 E Ads     : 	at java.lang.Thread.run(Thread.java:761)
11-01 13:20:32.024 25331 26021 E Ads     : Error calling adapter: com.google.ads.mediation.pangle.PangleMediationAdapter
11-01 13:20:32.085 18454 19011 I Icing   : IndexChimeraService.getServiceInterface callingPackage=com.google.android.gms componentName=null serviceId=30
11-01 13:20:32.096 18454 19953 W Icing   : No valid account for uploading user actions
11-01 13:20:32.115 18454 19953 I Icing   : Usage reports ok 0, Failed Usage reports 0, indexed 0, rejected 0
11-01 13:20:32.188 18454 19011 I Ads     : SDK version: afma-sdk-a-v203404999.202510000.1
11-01 13:20:32.190 18454 19011 I Ads     : HTTP timeout: 60000 milliseconds.
11-01 13:20:32.919 25331 26034 W DynamiteModule: Local module descriptor class for com.google.android.gms.ads.dynamite not found.
11-01 13:20:33.430 25331 25331 D DynamitePackage: Instantiating com.google.android.gms.ads.ChimeraAdLoaderBuilderCreatorImpl
11-01 13:20:33.434 25331 25331 I Ads     : Use RequestConfiguration.Builder().setTestDeviceIds(Arrays.asList("E975D60B8B6136BB8437A20FB42B8437") to get test ads on this device.
11-01 13:20:33.447 25331 26035 W DynamiteModule: Local module descriptor class for com.google.android.gms.ads.dynamite not found.
11-01 13:20:33.449 25331 26034 E Ads     : Couldn't create RTB adapter : 
11-01 13:20:33.449 25331 26034 E Ads     : android.os.RemoteException
11-01 13:20:33.449 25331 26034 E Ads     : 	at dt8.V1(SourceFile:8)
11-01 13:20:33.449 25331 26034 E Ads     : 	at hp9.onTransact(SourceFile:3)
11-01 13:20:33.449 25331 26034 E Ads     : 	at android.os.Binder.transact(Binder.java:499)
11-01 13:20:33.449 25331 26034 E Ads     : 	at gf.a(:com.google.android.gms.policy_ads_fdr_dynamite@203404601@203404601003.333818716.333818716:2)
11-01 13:20:33.449 25331 26034 E Ads     : 	at com.google.android.gms.ads.internal.mediation.client.b.c(:com.google.android.gms.policy_ads_fdr_dynamite@203404601@203404601003.333818716.333818716:1)
11-01 13:20:33.449 25331 26034 E Ads     : 	at com.google.android.gms.ads.nonagon.signals.dj.a(Unknown Source)
11-01 13:20:33.449 25331 26034 E Ads     : 	at abs.a(:com.google.android.gms.policy_ads_fdr_dynamite@203404601@203404601003.333818716.333818716:0)
11-01 13:20:33.449 25331 26034 E Ads     : 	at abf.run(:com.google.android.gms.policy_ads_fdr_dynamite@203404601@203404601003.333818716.333818716:3)
11-01 13:20:33.449 25331 26034 E Ads     : 	at abu.run(:com.google.android.gms.policy_ads_fdr_dynamite@203404601@203404601003.333818716.333818716:0)
11-01 13:20:33.449 25331 26034 E Ads     : 	at java.util.concurrent.ThreadPoolExecutor.runWorker(ThreadPoolExecutor.java:1133)
11-01 13:20:33.449 25331 26034 E Ads     : 	at java.util.concurrent.ThreadPoolExecutor$Worker.run(ThreadPoolExecutor.java:607)
11-01 13:20:33.449 25331 26034 E Ads     : 	at java.lang.Thread.run(Thread.java:761)
11-01 13:20:33.449 25331 26022 W DynamiteModule: Local module descriptor class for com.google.android.gms.ads.dynamite not found.
11-01 13:20:33.449 25331 26029 E Ads     : Error calling adapter: com.google.ads.mediation.pangle.PangleMediationAdapter
11-01 13:20:33.450 25331 26035 W DynamiteModule: Local module descriptor class for com.google.android.gms.ads.dynamite not found.
11-01 13:20:33.465 25331 26035 W Ads     : Not retrying to fetch app settings
11-01 13:20:33.523 18454 18464 I art     : Background sticky concurrent mark sweep GC freed 33778(1785KB) AllocSpace objects, 57(2MB) LOS objects, 37% free, 8MB/13MB, paused 5.096ms total 39.954ms
11-01 13:20:33.565 25331 25331 D DynamitePackage: Instantiating com.google.android.gms.ads.ChimeraAdLoaderBuilderCreatorImpl
11-01 13:20:33.570 25331 25331 I Ads     : Use RequestConfiguration.Builder().setTestDeviceIds(Arrays.asList("E975D60B8B6136BB8437A20FB42B8437") to get test ads on this device.
11-01 13:20:33.584 25331 26022 W DynamiteModule: Local module descriptor class for com.google.android.gms.ads.dynamite not found.
11-01 13:20:33.585 25331 26022 W DynamiteModule: Local module descriptor class for com.google.android.gms.ads.dynamite not found.
11-01 13:20:33.591 25331 26025 W DynamiteModule: Local module descriptor class for com.google.android.gms.ads.dynamite not found.
11-01 13:20:33.596 25331 26034 W Ads     : Not retrying to fetch app settings
11-01 13:20:33.613 18454 18827 W GmsStrictMode: LEAKED_CLOSABLE [CONTEXT service_id=256 ]
11-01 13:20:33.613 18454 18827 W GmsStrictMode: rvo: LEAKED_CLOSABLE
11-01 13:20:33.613 18454 18827 W GmsStrictMode: 	at dalvik.system.VMStack.getThreadStackTrace(Native Method)
11-01 13:20:33.613 18454 18827 W GmsStrictMode: 	at java.lang.Thread.getStackTrace(Thread.java:1566)
11-01 13:20:33.613 18454 18827 W GmsStrictMode: 	at bhdb.containsKey(:com.google.android.gms@203915020@20.39.15 (040406-335085812):1)
11-01 13:20:33.613 18454 18827 W GmsStrictMode: 	at android.os.StrictMode.onVmPolicyViolation(StrictMode.java:1867)
11-01 13:20:33.613 18454 18827 W GmsStrictMode: 	at android.os.StrictMode.onVmPolicyViolation(StrictMode.java:1844)
11-01 13:20:33.613 18454 18827 W GmsStrictMode: 	at android.os.StrictMode$AndroidCloseGuardReporter.report(StrictMode.java:1590)
11-01 13:20:33.613 18454 18827 W GmsStrictMode: 	at dalvik.system.CloseGuard.warnIfOpen(CloseGuard.java:208)
11-01 13:20:33.613 18454 18827 W GmsStrictMode: 	at android.os.ParcelFileDescriptor.finalize(ParcelFileDescriptor.java:935)
11-01 13:20:33.613 18454 18827 W GmsStrictMode: 	at java.lang.Daemons$FinalizerDaemon.doFinalize(Daemons.java:222)
11-01 13:20:33.613 18454 18827 W GmsStrictMode: 	at java.lang.Daemons$FinalizerDaemon.run(Daemons.java:209)
11-01 13:20:33.613 18454 18827 W GmsStrictMode: 	at java.lang.Thread.run(Thread.java:761)
11-01 13:20:33.662 18454 26049 I Ads     : SDK version: afma-sdk-a-v203404999.202510000.1
11-01 13:20:33.668 18454 26049 I Ads     : HTTP timeout: 60000 milliseconds.
11-01 13:20:33.710 25331 25331 D DynamitePackage: Instantiating com.google.android.gms.ads.ChimeraAdLoaderBuilderCreatorImpl
11-01 13:20:33.714 25331 25331 I Ads     : Use RequestConfiguration.Builder().setTestDeviceIds(Arrays.asList("E975D60B8B6136BB8437A20FB42B8437") to get test ads on this device.
11-01 13:20:33.732 25331 26030 W DynamiteModule: Local module descriptor class for com.google.android.gms.ads.dynamite not found.
11-01 13:20:33.732 25331 26030 W DynamiteModule: Local module descriptor class for com.google.android.gms.ads.dynamite not found.
11-01 13:20:33.735 25331 26025 E Ads     : Couldn't create RTB adapter : 
11-01 13:20:33.735 25331 26025 E Ads     : android.os.RemoteException
11-01 13:20:33.735 25331 26025 E Ads     : 	at dt8.V1(SourceFile:8)
11-01 13:20:33.735 25331 26025 E Ads     : 	at hp9.onTransact(SourceFile:3)
11-01 13:20:33.735 25331 26025 E Ads     : 	at android.os.Binder.transact(Binder.java:499)
11-01 13:20:33.735 25331 26025 E Ads     : 	at gf.a(:com.google.android.gms.policy_ads_fdr_dynamite@203404601@203404601003.333818716.333818716:2)
11-01 13:20:33.735 25331 26025 E Ads     : 	at com.google.android.gms.ads.internal.mediation.client.b.c(:com.google.android.gms.policy_ads_fdr_dynamite@203404601@203404601003.333818716.333818716:1)
11-01 13:20:33.735 25331 26025 E Ads     : 	at com.google.android.gms.ads.nonagon.signals.dj.a(Unknown Source)
11-01 13:20:33.735 25331 26025 E Ads     : 	at abs.a(:com.google.android.gms.policy_ads_fdr_dynamite@203404601@203404601003.333818716.333818716:0)
11-01 13:20:33.735 25331 26025 E Ads     : 	at abf.run(:com.google.android.gms.policy_ads_fdr_dynamite@203404601@203404601003.333818716.333818716:3)
11-01 13:20:33.735 25331 26025 E Ads     : 	at abu.run(:com.google.android.gms.policy_ads_fdr_dynamite@203404601@203404601003.333818716.333818716:0)
11-01 13:20:33.735 25331 26025 E Ads     : 	at java.util.concurrent.ThreadPoolExecutor.runWorker(ThreadPoolExecutor.java:1133)
11-01 13:20:33.735 25331 26025 E Ads     : 	at java.util.concurrent.ThreadPoolExecutor$Worker.run(ThreadPoolExecutor.java:607)
11-01 13:20:33.735 25331 26025 E Ads     : 	at java.lang.Thread.run(Thread.java:761)
11-01 13:20:33.744 25331 26028 E Ads     : Error calling adapter: com.google.ads.mediation.pangle.PangleMediationAdapter
11-01 13:20:33.747 25331 26034 W DynamiteModule: Local module descriptor class for com.google.android.gms.ads.dynamite not found.
11-01 13:20:33.758 25331 26034 W Ads     : Not retrying to fetch app settings
11-01 13:20:33.908 18454 26049 I Ads     : SDK version: afma-sdk-a-v203404999.202510000.1
11-01 13:20:33.909 18454 26049 I Ads     : HTTP timeout: 60000 milliseconds.
11-01 13:20:33.923 25331 26027 W DynamiteModule: Local module descriptor class for com.google.android.gms.ads.dynamite not found.
11-01 13:20:33.924 25331 26026 I Ads     : Ad failed to load : 3
11-01 13:20:33.979 18454 26048 I Ads     : SDK version: afma-sdk-a-v203404999.202510000.1
11-01 13:20:33.981 18454 26048 I Ads     : HTTP timeout: 60000 milliseconds.
11-01 13:20:34.155 25331 26028 W DynamiteModule: Local module descriptor class for com.google.android.gms.ads.dynamite not found.
11-01 13:20:34.159 25331 26026 I Ads     : Ad failed to load : 3
11-01 13:20:34.204 18454 26048 W GmsStrictMode: LEAKED_CLOSABLE [CONTEXT service_id=256 ]
11-01 13:20:34.204 18454 26048 W GmsStrictMode: rvo: LEAKED_CLOSABLE
11-01 13:20:34.204 18454 26048 W GmsStrictMode: 	at dalvik.system.VMStack.getThreadStackTrace(Native Method)
11-01 13:20:34.204 18454 26048 W GmsStrictMode: 	at java.lang.Thread.getStackTrace(Thread.java:1566)
11-01 13:20:34.204 18454 26048 W GmsStrictMode: 	at bhdb.containsKey(:com.google.android.gms@203915020@20.39.15 (040406-335085812):1)
11-01 13:20:34.204 18454 26048 W GmsStrictMode: 	at android.os.StrictMode.onVmPolicyViolation(StrictMode.java:1867)
11-01 13:20:34.204 18454 26048 W GmsStrictMode: 	at android.os.StrictMode.onVmPolicyViolation(StrictMode.java:1844)
11-01 13:20:34.204 18454 26048 W GmsStrictMode: 	at android.os.StrictMode$AndroidCloseGuardReporter.report(StrictMode.java:1590)
11-01 13:20:34.204 18454 26048 W GmsStrictMode: 	at dalvik.system.CloseGuard.warnIfOpen(CloseGuard.java:208)
11-01 13:20:34.204 18454 26048 W GmsStrictMode: 	at android.os.ParcelFileDescriptor.finalize(ParcelFileDescriptor.java:935)
11-01 13:20:34.204 18454 26048 W GmsStrictMode: 	at java.lang.Daemons$FinalizerDaemon.doFinalize(Daemons.java:222)
11-01 13:20:34.204 18454 26048 W GmsStrictMode: 	at java.lang.Daemons$FinalizerDaemon.run(Daemons.java:209)
11-01 13:20:34.204 18454 26048 W GmsStrictMode: 	at java.lang.Thread.run(Thread.java:761)
11-01 13:20:34.260 25331 26022 W DynamiteModule: Local module descriptor class for com.google.android.gms.ads.dynamite not found.
11-01 13:20:34.400 25331 25331 D DynamitePackage: Instantiating com.google.android.gms.ads.ChimeraAdLoaderBuilderCreatorImpl
11-01 13:20:34.403 25331 25331 I Ads     : Use RequestConfiguration.Builder().setTestDeviceIds(Arrays.asList("E975D60B8B6136BB8437A20FB42B8437") to get test ads on this device.
11-01 13:20:34.416 25331 26027 W DynamiteModule: Local module descriptor class for com.google.android.gms.ads.dynamite not found.
11-01 13:20:34.417 25331 26027 W DynamiteModule: Local module descriptor class for com.google.android.gms.ads.dynamite not found.
11-01 13:20:34.418 25331 26028 W DynamiteModule: Local module descriptor class for com.google.android.gms.ads.dynamite not found.
11-01 13:20:34.418 25331 26029 E Ads     : Couldn't create RTB adapter : 
11-01 13:20:34.418 25331 26029 E Ads     : android.os.RemoteException
11-01 13:20:34.418 25331 26029 E Ads     : 	at dt8.V1(SourceFile:8)
11-01 13:20:34.418 25331 26029 E Ads     : 	at hp9.onTransact(SourceFile:3)
11-01 13:20:34.418 25331 26029 E Ads     : 	at android.os.Binder.transact(Binder.java:499)
11-01 13:20:34.418 25331 26029 E Ads     : 	at gf.a(:com.google.android.gms.policy_ads_fdr_dynamite@203404601@203404601003.333818716.333818716:2)
11-01 13:20:34.418 25331 26029 E Ads     : 	at com.google.android.gms.ads.internal.mediation.client.b.c(:com.google.android.gms.policy_ads_fdr_dynamite@203404601@203404601003.333818716.333818716:1)
11-01 13:20:34.418 25331 26029 E Ads     : 	at com.google.android.gms.ads.nonagon.signals.dj.a(Unknown Source)
11-01 13:20:34.418 25331 26029 E Ads     : 	at abs.a(:com.google.android.gms.policy_ads_fdr_dynamite@203404601@203404601003.333818716.333818716:0)
11-01 13:20:34.418 25331 26029 E Ads     : 	at abf.run(:com.google.android.gms.policy_ads_fdr_dynamite@203404601@203404601003.333818716.333818716:3)
11-01 13:20:34.418 25331 26029 E Ads     : 	at abu.run(:com.google.android.gms.policy_ads_fdr_dynamite@203404601@203404601003.333818716.333818716:0)
11-01 13:20:34.418 25331 26029 E Ads     : 	at java.util.concurrent.ThreadPoolExecutor.runWorker(ThreadPoolExecutor.java:1133)
11-01 13:20:34.418 25331 26029 E Ads     : 	at java.util.concurrent.ThreadPoolExecutor$Worker.run(ThreadPoolExecutor.java:607)
11-01 13:20:34.418 25331 26029 E Ads     : 	at java.lang.Thread.run(Thread.java:761)
11-01 13:20:34.419 25331 26027 E Ads     : Error calling adapter: com.google.ads.mediation.pangle.PangleMediationAdapter
11-01 13:20:34.425 25331 26023 W Ads     : Not retrying to fetch app settings
11-01 13:20:34.536 18454 26039 I Ads     : SDK version: afma-sdk-a-v203404999.202510000.1
11-01 13:20:34.538 18454 26039 I Ads     : HTTP timeout: 60000 milliseconds.
11-01 13:20:34.880 25331 26032 W DynamiteModule: Local module descriptor class for com.google.android.gms.ads.dynamite not found.
11-01 13:20:36.595 26061 26061 D AndroidRuntime: >>>>>> START com.android.internal.os.RuntimeInit uid 2000 <<<<<<
11-01 13:20:36.603 26061 26061 D AndroidRuntime: CheckJNI is OFF
11-01 13:20:36.696 26061 26061 D ICU     : No timezone override file found: /data/misc/zoneinfo/current/icu/icu_tzdata.dat
11-01 13:20:36.740 26061 26061 I Radio-JNI: register_android_hardware_Radio DONE
11-01 13:20:36.756 26061 26061 D AndroidRuntime: Calling main entry com.android.commands.monkey.Monkey
11-01 13:20:36.828   600   613 W BroadcastQueue: Skipping deliver [background] BroadcastRecord{a201132 u-1 android.net.conn.CONNECTIVITY_CHANGE} to ReceiverList{390be83 26061 (unknown name)/2000/u-1 remote:47a4694}: process crashing
11-01 13:20:38.296 26061 26061 D MonkeyStub: translateCommand: wake
11-01 13:20:38.438 26061 26061 D MonkeyStub: translateCommand: tap 686 1843
11-01 13:20:50.519 26061 26061 D MonkeyStub: translateCommand: touch down 614 1561
11-01 13:20:50.524 26061 26061 D MonkeyStub: translateCommand: touch move 614 1561
11-01 13:20:50.633 26061 26061 D MonkeyStub: translateCommand: touch move 614 1436
11-01 13:20:50.742 26061 26061 D MonkeyStub: translateCommand: touch move 614 1311
11-01 13:20:50.847 26061 26061 D MonkeyStub: translateCommand: touch move 614 1186
11-01 13:20:50.956 26061 26061 D MonkeyStub: translateCommand: touch move 614 1061
11-01 13:20:51.060 26061 26061 D MonkeyStub: translateCommand: touch move 614 937
11-01 13:20:51.170 26061 26061 D MonkeyStub: translateCommand: touch move 614 812
11-01 13:20:51.279 26061 26061 D MonkeyStub: translateCommand: touch move 614 687
11-01 13:20:51.390 26061 26061 D MonkeyStub: translateCommand: touch move 614 562
11-01 13:20:51.497 26061 26061 D MonkeyStub: translateCommand: touch move 614 437
11-01 13:20:51.606 26061 26061 D MonkeyStub: translateCommand: touch move 614 312
11-01 13:20:51.630 26061 26061 D MonkeyStub: translateCommand: touch up 614 312
11-01 13:20:55.848 26061 26061 D MonkeyStub: translateCommand: tap 321 1446
11-01 13:20:59.902 26128 26128 W Thread-167: type=1400 audit(0.0:608): avc: denied { read } for name="18454" dev="debugfs" ino=211283 scontext=u:r:priv_app:s0:c512,c768 tcontext=u:object_r:debugfs:s0 tclass=file permissive=0
11-01 13:20:59.902 26128 26128 W Thread-167: type=1400 audit(0.0:609): avc: denied { read } for name="18454" dev="debugfs" ino=211283 scontext=u:r:priv_app:s0:c512,c768 tcontext=u:object_r:debugfs:s0 tclass=file permissive=0
11-01 13:20:59.902 26128 26128 W Thread-167: type=1400 audit(0.0:610): avc: denied { read } for name="18454" dev="debugfs" ino=211283 scontext=u:r:priv_app:s0:c512,c768 tcontext=u:object_r:debugfs:s0 tclass=file permissive=0
11-01 13:20:59.902 26128 26128 W Thread-167: type=1400 audit(0.0:611): avc: denied { read } for name="18454" dev="debugfs" ino=211283 scontext=u:r:priv_app:s0:c512,c768 tcontext=u:object_r:debugfs:s0 tclass=file permissive=0
11-01 13:20:59.902 26128 26128 W Thread-167: type=1400 audit(0.0:612): avc: denied { read } for name="18454" dev="debugfs" ino=211283 scontext=u:r:priv_app:s0:c512,c768 tcontext=u:object_r:debugfs:s0 tclass=file permissive=0
11-01 13:20:59.907 18454 26128 E tegra_memtrack_hal: failed to open /sys/kernel/debug/nvmap/handles_by_pid/18454: Permission denied
11-01 13:20:59.907 18454 26128 E tegra_memtrack_hal: failed to open /sys/kernel/debug/nvmap/handles_by_pid/18454: Permission denied
11-01 13:20:59.907 18454 26128 E tegra_memtrack_hal: failed to open /sys/kernel/debug/nvmap/handles_by_pid/18454: Permission denied
11-01 13:20:59.907 18454 26128 E tegra_memtrack_hal: failed to open /sys/kernel/debug/nvmap/handles_by_pid/18454: Permission denied
11-01 13:20:59.907 18454 26128 E tegra_memtrack_hal: failed to open /sys/kernel/debug/nvmap/handles_by_pid/18454: Permission denied
11-01 13:21:04.036 26061 26061 D MonkeyStub: translateCommand: touch down 614 1561
11-01 13:21:04.045 26061 26061 D MonkeyStub: translateCommand: touch move 614 1561
11-01 13:21:04.156 26061 26061 D MonkeyStub: translateCommand: touch move 614 1436
11-01 13:21:04.271 26061 26061 D MonkeyStub: translateCommand: touch move 614 1311
11-01 13:21:04.383 26061 26061 D MonkeyStub: translateCommand: touch move 614 1186
11-01 13:21:04.491 26061 26061 D MonkeyStub: translateCommand: touch move 614 1061
11-01 13:21:04.597 26061 26061 D MonkeyStub: translateCommand: touch move 614 937
11-01 13:21:04.709 26061 26061 D MonkeyStub: translateCommand: touch move 614 812
11-01 13:21:04.814 26061 26061 D MonkeyStub: translateCommand: touch move 614 687
11-01 13:21:04.930 26061 26061 D MonkeyStub: translateCommand: touch move 614 562
11-01 13:21:05.051 26061 26061 D MonkeyStub: translateCommand: touch move 614 437
11-01 13:21:05.159 26061 26061 D MonkeyStub: translateCommand: touch move 614 312
11-01 13:21:05.169 26061 26061 D MonkeyStub: translateCommand: touch up 614 312
11-01 13:21:05.195 26061 26061 D MonkeyStub: translateCommand: touch down 614 1561
11-01 13:21:05.204 26061 26061 D MonkeyStub: translateCommand: touch move 614 1561
11-01 13:21:05.318 26061 26061 D MonkeyStub: translateCommand: touch move 614 1436
11-01 13:21:05.464 26061 26061 D MonkeyStub: translateCommand: touch move 614 1311
11-01 13:21:05.580 26061 26061 D MonkeyStub: translateCommand: touch move 614 1186
11-01 13:21:05.684 26061 26061 D MonkeyStub: translateCommand: touch move 614 1061
11-01 13:21:05.793 26061 26061 D MonkeyStub: translateCommand: touch move 614 937
11-01 13:21:05.931 26061 26061 D MonkeyStub: translateCommand: touch move 614 812
11-01 13:21:06.002   198   198 E SELinux : avc:  denied  { find } for service=netd pid=26137 uid=2000 scontext=u:r:shell:s0 tcontext=u:object_r:netd_service:s0 tclass=service_manager permissive=0
11-01 13:21:06.008   198   198 E SELinux : avc:  denied  { find } for service=android.service.gatekeeper.IGateKeeperService pid=26137 uid=2000 scontext=u:r:shell:s0 tcontext=u:object_r:gatekeeper_service:s0 tclass=service_manager permissive=0
11-01 13:21:06.057 26061 26061 D MonkeyStub: translateCommand: touch move 614 687
11-01 13:21:06.175 26061 26061 D MonkeyStub: translateCommand: touch move 614 562
11-01 13:21:06.281 26061 26061 D MonkeyStub: translateCommand: touch move 614 437
11-01 13:21:06.397 26061 26061 D MonkeyStub: translateCommand: touch move 614 312
11-01 13:21:06.400 26061 26061 D MonkeyStub: translateCommand: touch up 614 312
11-01 13:21:12.638 26061 26061 D MonkeyStub: translateCommand: touch down 614 1561
11-01 13:21:12.648 26061 26061 D MonkeyStub: translateCommand: touch move 614 1561
11-01 13:21:12.762 26061 26061 D MonkeyStub: translateCommand: touch move 614 1436
11-01 13:21:12.872 26061 26061 D MonkeyStub: translateCommand: touch move 614 1311
11-01 13:21:12.989 26061 26061 D MonkeyStub: translateCommand: touch move 614 1186
11-01 13:21:13.100 26061 26061 D MonkeyStub: translateCommand: touch move 614 1061
11-01 13:21:13.210 26061 26061 D MonkeyStub: translateCommand: touch move 614 937
11-01 13:21:13.318 26061 26061 D MonkeyStub: translateCommand: touch move 614 812
11-01 13:21:13.429 26061 26061 D MonkeyStub: translateCommand: touch move 614 687
11-01 13:21:13.544 26061 26061 D MonkeyStub: translateCommand: touch move 614 562
11-01 13:21:13.660 26061 26061 D MonkeyStub: translateCommand: touch move 614 437
11-01 13:21:13.772 26061 26061 D MonkeyStub: translateCommand: touch move 614 312
11-01 13:21:13.779 26061 26061 D MonkeyStub: translateCommand: touch up 614 312
11-01 13:21:13.821 26061 26061 D MonkeyStub: translateCommand: touch down 614 1561
11-01 13:21:13.829 26061 26061 D MonkeyStub: translateCommand: touch move 614 1561
11-01 13:21:13.872   600  8039 I ActivityManager: Process com.google.android.partnersetup (pid 23849) has died
11-01 13:21:13.872   600  8039 D ActivityManager: cleanUpApplicationRecord -- 23849
11-01 13:21:13.944 26061 26061 D MonkeyStub: translateCommand: touch move 614 1436
11-01 13:21:14.060 26061 26061 D MonkeyStub: translateCommand: touch move 614 1311
11-01 13:21:14.169 26061 26061 D MonkeyStub: translateCommand: touch move 614 1186
11-01 13:21:14.284 26061 26061 D MonkeyStub: translateCommand: touch move 614 1061
11-01 13:21:14.396 26061 26061 D MonkeyStub: translateCommand: touch move 614 937
11-01 13:21:14.505 26061 26061 D MonkeyStub: translateCommand: touch move 614 812
11-01 13:21:14.615 26061 26061 D MonkeyStub: translateCommand: touch move 614 687
11-01 13:21:14.726 26061 26061 D MonkeyStub: translateCommand: touch move 614 562
11-01 13:21:14.834 26061 26061 D MonkeyStub: translateCommand: touch move 614 437
11-01 13:21:14.949 26061 26061 D MonkeyStub: translateCommand: touch move 614 312
11-01 13:21:14.953 26061 26061 D MonkeyStub: translateCommand: touch up 614 312
11-01 13:21:14.961 26061 26061 D MonkeyStub: Quit requested
11-01 13:21:15.056 26061 26061 I art     : System.exit called, status: 69
11-01 13:21:15.056 26061 26061 I AndroidRuntime: VM exiting with result code 69.
11-01 13:21:15.071   600   614 I CwMcuSensor: CwMcuSensor::flush: fd = 233, sensors_id = 0, path = /sys/class/htc_sensorhub/sensor_hub/flush, err = 0
11-01 13:21:15.121   600  1066 W WindowManager: Attempted to remove non-existing token: android.os.Binder@aff3800
11-01 13:21:31.310 26163 26163 D AndroidRuntime: >>>>>> START com.android.internal.os.RuntimeInit uid 2000 <<<<<<
11-01 13:21:31.316 26163 26163 D AndroidRuntime: CheckJNI is OFF
11-01 13:21:31.404 26163 26163 D ICU     : No timezone override file found: /data/misc/zoneinfo/current/icu/icu_tzdata.dat
11-01 13:21:31.450 26163 26163 I Radio-JNI: register_android_hardware_Radio DONE
11-01 13:21:31.466 26163 26163 D AndroidRuntime: Calling main entry com.android.commands.am.Am
11-01 13:21:31.489   600  8928 I ActivityManager: Force stopping com.opera.browser appid=10122 user=0: from pid 26163
11-01 13:21:31.490   600  8928 I ActivityManager: Killing 25473:com.opera.browser:privileged_process0/u0a122 (adj 0): stop com.opera.browser
11-01 13:21:31.491   600  8928 D ActivityManager: cleanUpApplicationRecord -- 25473
11-01 13:21:31.491   600  8928 W ActivityManager: Scheduling restart of crashed service com.opera.browser/com.opera.android.browser.chromium.services.PrivilegedProcessService0 in 1000ms
11-01 13:21:31.491   600  8928 I ActivityManager: Killing 25331:com.opera.browser/u0a122 (adj 0): stop com.opera.browser
11-01 13:21:31.491   600  8928 D ActivityManager: cleanUpApplicationRecord -- 25331
11-01 13:21:31.493   600  8928 W ActivityManager: Force removing ActivityRecord{a334882 u0 com.opera.browser/com.opera.android.BrowserActivity t1153}: app died, no saved state
11-01 13:21:31.543   600  8928 I ActivityManager: Killing 25936:com.opera.browser:sandboxed_process0/u0a122 (adj 0): stop com.opera.browser
11-01 13:21:31.543   600  8928 D ActivityManager: cleanUpApplicationRecord -- 25936
11-01 13:21:31.550 26163 26163 D AndroidRuntime: Shutting down VM
11-01 13:21:31.633  1058  1058 D RegisteredNfcFServicesCache: Service unchanged, not updating
11-01 13:21:31.651   600  1068 D ConnectivityService: ConnectivityService NetworkRequestInfo binderDied(NetworkRequest [ LISTEN id=96, [ Capabilities: INTERNET&NOT_RESTRICTED&TRUSTED&FOREGROUND] ], android.os.BinderProxy@832cbd7)
11-01 13:21:31.651   600  1068 D ConnectivityService: ConnectivityService NetworkRequestInfo binderDied(NetworkRequest [ LISTEN id=95, [ Capabilities: INTERNET&NOT_RESTRICTED&TRUSTED&FOREGROUND] ], android.os.BinderProxy@7067cc4)
11-01 13:21:31.651   600  8039 D ConnectivityService: ConnectivityService NetworkRequestInfo binderDied(NetworkRequest [ LISTEN id=94, [ Capabilities: INTERNET&NOT_RESTRICTED&TRUSTED&FOREGROUND] ], android.os.BinderProxy@b5f07ad)
11-01 13:21:31.653   600  1068 D GraphicsStats: Buffer count: 2
11-01 13:21:31.681   600   649 E ConnectivityService: RemoteException caught trying to send a callback msg for NetworkRequest [ LISTEN id=96, [ Capabilities: INTERNET&NOT_RESTRICTED&TRUSTED&FOREGROUND] ]
11-01 13:21:31.682   600   649 E ConnectivityService: RemoteException caught trying to send a callback msg for NetworkRequest [ LISTEN id=95, [ Capabilities: INTERNET&NOT_RESTRICTED&TRUSTED&FOREGROUND] ]
11-01 13:21:31.682   600   649 E ConnectivityService: RemoteException caught trying to send a callback msg for NetworkRequest [ LISTEN id=94, [ Capabilities: INTERNET&NOT_RESTRICTED&TRUSTED&FOREGROUND] ]
11-01 13:21:31.745  1075  1164 I OpenGLRenderer: Initialized EGL, version 1.4
11-01 13:21:31.745  1075  1164 D OpenGLRenderer: Swap behavior 2
11-01 13:21:32.027 23814 23861 I AttachedClient: Adding client event 2 to pending list.
11-01 13:21:32.044 23814 23814 I OptInState: There is a new client and it does not support opt-in. Dropping request.
11-01 13:21:32.046 23814 23814 I MicroDetectionWorker: Micro detection mode: [mDetectionMode: [1]].
11-01 13:21:32.125 23814 26179 I MicroRecognitionRunner: Starting detection.
11-01 13:21:32.135 23814 23862 I MicrophoneInputStream: mic_starting com.google.android.apps.gsa.speech.audio.ae@42e10ca
11-01 13:21:32.168   238 26181 I AudioFlinger: AudioFlinger's thread 0xec3128c0 ready to run
11-01 13:21:32.176   238   286 I SoundTriggerHwService::Module: void android::SoundTriggerHwService::Module::onCallbackEvent(const sp<android::SoundTriggerHwService::CallbackEvent> &) mClient == 0
11-01 13:21:32.178 23814 23862 I MicrophoneInputStream: mic_started com.google.android.apps.gsa.speech.audio.ae@42e10ca
11-01 13:21:32.243 26174 26174 D AndroidRuntime: >>>>>> START com.android.internal.os.RuntimeInit uid 2000 <<<<<<
11-01 13:21:32.247 26174 26174 D AndroidRuntime: CheckJNI is OFF
11-01 13:21:32.306  1075  1164 W OpenGLRenderer: Incorrectly called buildLayer on View: ShortcutAndWidgetContainer, destroying layer...
11-01 13:21:32.329 26174 26174 D ICU     : No timezone override file found: /data/misc/zoneinfo/current/icu/icu_tzdata.dat
11-01 13:21:32.362 23814 23814 I MicroDetectionWorker: onReady
11-01 13:21:32.362 26174 26174 I Radio-JNI: register_android_hardware_Radio DONE
11-01 13:21:32.377 26174 26174 D AndroidRuntime: Calling main entry com.android.commands.pm.Pm
11-01 13:21:32.399   600  1666 I ActivityManager: Force stopping com.opera.browser appid=10122 user=0: clear data
11-01 13:21:32.407   600   613 I ActivityManager: Force stopping com.opera.browser appid=10122 user=-1: clearApplicationUserData
11-01 13:21:32.686 26174 26174 I art     : System.exit called, status: 0
11-01 13:21:32.686 26174 26174 I AndroidRuntime: VM exiting with result code 0.
11-01 13:21:32.689   785   785 I GeofencerStateMachine: removeGeofences: removeRequest=RemoveGeofencingRequest[REMOVE_ALL packageName=com.opera.browser]
11-01 13:21:32.700  1058  1058 D RegisteredNfcFServicesCache: Service unchanged, not updating
11-01 13:21:32.721   600   612 W ResourceType: No known package when getting value for resource number 0x7f100007
11-01 13:21:32.721   600   612 W ResourceType: No known package when getting value for resource number 0x7f13090c
11-01 13:21:32.726   600   612 W ResourceType: No known package when getting value for resource number 0x7f100005
11-01 13:21:32.726   600   612 W ResourceType: No known package when getting value for resource number 0x7f13090a
11-01 13:21:32.727   600   612 W ResourceType: No known package when getting value for resource number 0x7f100004
11-01 13:21:32.727   600   612 W ResourceType: No known package when getting value for resource number 0x7f130909
11-01 13:21:32.728   600   612 W ResourceType: No known package when getting value for resource number 0x7f100006
11-01 13:21:32.728   600   612 W ResourceType: No known package when getting value for resource number 0x7f13090b
11-01 13:21:32.935 18454 19012 I Icing   : doRemovePackageData com.opera.browser
11-01 13:21:33.034   785 26201 I Fitness : FitCleanupIntentOperation received Intent android.intent.action.PACKAGE_DATA_CLEARED [CONTEXT service_id=17 ]
