--------- beginning of main
11-01 15:56:43.129 17151 17151 D AndroidRuntime: >>>>>> START com.android.internal.os.RuntimeInit uid 2000 <<<<<<
11-01 15:56:43.132 17151 17151 D AndroidRuntime: CheckJNI is OFF
11-01 15:56:43.201 17151 17151 D ICU     : No timezone override file found: /data/misc/zoneinfo/current/icu/icu_tzdata.dat
11-01 15:56:43.229 17151 17151 I Radio-JNI: register_android_hardware_Radio DONE
11-01 15:56:43.243 17151 17151 D AndroidRuntime: Calling main entry com.android.commands.am.Am
--------- beginning of system
11-01 15:56:43.260   600  5522 I ActivityManager: Force stopping com.opera.browser appid=10122 user=0: from pid 17151
11-01 15:56:43.270  1058  1058 D RegisteredNfcFServicesCache: Service unchanged, not updating
11-01 15:56:43.516   600 12440 I ActivityManager: START u0 {act=android.intent.action.VIEW flg=0x10008000 cmp=com.opera.browser/com.opera.Opera} from uid 2000 on display 0
11-01 15:56:43.536 17151 17151 D AndroidRuntime: Shutting down VM
11-01 15:56:43.570   600 30165 I ActivityManager: Start proc 17161:com.opera.browser/u0a122 for activity com.opera.browser/com.opera.Opera
11-01 15:56:43.638 17161 17161 I art     : Starting a blocking GC AddRemoveAppImageSpace
11-01 15:56:43.657 17161 17161 I LoadedApk: No resource references to update in package com.opera.browser.nord_vpn
11-01 15:56:43.750 17161 17161 I art     : Rejecting re-init on previously-failed class java.lang.Class<com.opera.android.job.a$j>: java.lang.NoClassDefFoundError: Failed resolution of: Landroid/app/job/JobServiceEngine;
11-01 15:56:43.750 17161 17161 I art     :   at void com.opera.android.OperaApplication.onCreate() (SourceFile:52)
11-01 15:56:43.750 17161 17161 I art     :   at void android.app.Instrumentation.callApplicationOnCreate(android.app.Application) (Instrumentation.java:1024)
11-01 15:56:43.751 17161 17161 I art     :   at void android.app.ActivityThread.handleBindApplication(android.app.ActivityThread$AppBindData) (ActivityThread.java:5403)
11-01 15:56:43.751 17161 17161 I art     :   at void android.app.ActivityThread.-wrap2(android.app.ActivityThread, android.app.ActivityThread$AppBindData) (ActivityThread.java:-1)
11-01 15:56:43.751 17161 17161 I art     :   at void android.app.ActivityThread$H.handleMessage(android.os.Message) (ActivityThread.java:1545)
11-01 15:56:43.751 17161 17161 I art     :   at void android.os.Handler.dispatchMessage(android.os.Message) (Handler.java:102)
11-01 15:56:43.751 17161 17161 I art     :   at void android.os.Looper.loop() (Looper.java:154)
11-01 15:56:43.751 17161 17161 I art     :   at void android.app.ActivityThread.main(java.lang.String[]) (ActivityThread.java:6119)
11-01 15:56:43.751 17161 17161 I art     :   at java.lang.Object java.lang.reflect.Method.invoke!(java.lang.Object, java.lang.Object[]) (Method.java:-2)
11-01 15:56:43.751 17161 17161 I art     :   at void com.android.internal.os.ZygoteInit$MethodAndArgsCaller.run() (ZygoteInit.java:886)
11-01 15:56:43.751 17161 17161 I art     :   at void com.android.internal.os.ZygoteInit.main(java.lang.String[]) (ZygoteInit.java:776)
11-01 15:56:43.751 17161 17161 I art     : Caused by: java.lang.ClassNotFoundException: Didn't find class "android.app.job.JobServiceEngine" on path: DexPathList[[zip file "/data/app/com.opera.browser-1/base.apk"],nativeLibraryDirectories=[/data/app/com.opera.browser-1/lib/arm, /data/app/com.opera.browser-1/base.apk!/lib/armeabi-v7a, /system/lib, /vendor/lib]]
11-01 15:56:43.751 17161 17161 I art     :   at java.lang.Class dalvik.system.BaseDexClassLoader.findClass(java.lang.String) (BaseDexClassLoader.java:56)
11-01 15:56:43.751 17161 17161 I art     :   at java.lang.Class java.lang.ClassLoader.loadClass(java.lang.String, boolean) (ClassLoader.java:380)
11-01 15:56:43.751 17161 17161 I art     :   at java.lang.Class java.lang.ClassLoader.loadClass(java.lang.String) (ClassLoader.java:312)
11-01 15:56:43.751 17161 17161 I art     :   at void com.opera.android.OperaApplication.onCreate() (SourceFile:52)
11-01 15:56:43.751 17161 17161 I art     :   at void android.app.Instrumentation.callApplicationOnCreate(android.app.Application) (Instrumentation.java:1024)
11-01 15:56:43.751 17161 17161 I art     :   at void android.app.ActivityThread.handleBindApplication(android.app.ActivityThread$AppBindData) (ActivityThread.java:5403)
11-01 15:56:43.751 17161 17161 I art     :   at void android.app.ActivityThread.-wrap2(android.app.ActivityThread, android.app.ActivityThread$AppBindData) (ActivityThread.java:-1)
11-01 15:56:43.751 17161 17161 I art     :   at void android.app.ActivityThread$H.handleMessage(android.os.Message) (ActivityThread.java:1545)
11-01 15:56:43.751 17161 17161 I art     :   at void android.os.Handler.dispatchMessage(android.os.Message) (Handler.java:102)
11-01 15:56:43.751 17161 17161 I art     :   at void android.os.Looper.loop() (Looper.java:154)
11-01 15:56:43.751 17161 17161 I art     :   at void android.app.ActivityThread.main(java.lang.String[]) (ActivityThread.java:6119)
11-01 15:56:43.751 17161 17161 I art     :   at java.lang.Object java.lang.reflect.Method.invoke!(java.lang.Object, java.lang.Object[]) (Method.java:-2)
11-01 15:56:43.751 17161 17161 I art     :   at void com.android.internal.os.ZygoteInit$MethodAndArgsCaller.run() (ZygoteInit.java:886)
11-01 15:56:43.751 17161 17161 I art     :   at void com.android.internal.os.ZygoteInit.main(java.lang.String[]) (ZygoteInit.java:776)
11-01 15:56:43.751 17161 17161 I art     : 
11-01 15:56:43.801 17161 17202 D NetworkSecurityConfig: Using Network Security Config from resource network_security_config_official_build debugBuild: false
11-01 15:56:43.974   600  1483 I ActivityManager: START u0 {act=android.intent.action.VIEW flg=0x10008000 cmp=com.opera.browser/com.opera.android.startup.WelcomeActivity} from uid 10122 on display 0
11-01 15:56:44.005   600  8039 W ActivityManager: Duplicate finish request for ActivityRecord{f2a6f30 u0 com.opera.browser/com.opera.Opera t1293 f}
11-01 15:56:44.187 17161 17171 I art     : Background sticky concurrent mark sweep GC freed 22471(2MB) AllocSpace objects, 9(176KB) LOS objects, 33% free, 5MB/7MB, paused 6.291ms total 116.071ms
11-01 15:56:44.297   600   609 I art     : Background partial concurrent mark sweep GC freed 30310(1470KB) AllocSpace objects, 8(160KB) LOS objects, 33% free, 14MB/22MB, paused 4.598ms total 236.277ms
11-01 15:56:44.353 17161 17211 I FA      : App measurement initialized, version: 43042
11-01 15:56:44.353 17161 17211 I FA      : To enable debug logging run: adb shell setprop log.tag.FA VERBOSE
11-01 15:56:44.353 17161 17211 I FA      : To enable faster debug mode event logging run:
11-01 15:56:44.353 17161 17211 I FA      :   adb shell setprop debug.firebase.analytics.app com.opera.browser
11-01 15:56:44.487 17161 17273 I OpenGLRenderer: Initialized EGL, version 1.4
11-01 15:56:44.487 17161 17273 D OpenGLRenderer: Swap behavior 2
11-01 15:56:44.656 17161 17211 I FA      : Tag Manager is not found and thus will not be used
11-01 15:56:44.739   600   620 I ActivityManager: Displayed com.opera.browser/com.opera.android.startup.WelcomeActivity: +725ms (total +1s202ms)
11-01 15:56:44.826   600  1485 I ActivityManager: Start proc 17301:com.opera.browser:privileged_process0/u0a122 for service com.opera.browser/com.opera.android.browser.chromium.services.PrivilegedProcessService0
11-01 15:56:44.840 17161 17292 W chromium: [WARNING:op_site_scripts.cc(424)] Failed to map /data/user/0/com.opera.browser/app_opera/sjs
11-01 15:56:44.865   600   620 W WindowManager: Failed looking up window
11-01 15:56:44.865   600   620 W WindowManager: java.lang.IllegalArgumentException: Requested window android.view.ViewRootImpl$W@5e622e1 does not exist
11-01 15:56:44.865   600   620 W WindowManager: 	at com.android.server.wm.WindowManagerService.windowForClientLocked(WindowManagerService.java:9422)
11-01 15:56:44.865   600   620 W WindowManager: 	at com.android.server.wm.WindowManagerService.windowForClientLocked(WindowManagerService.java:9413)
11-01 15:56:44.865   600   620 W WindowManager: 	at com.android.server.wm.WindowManagerService.removeWindow(WindowManagerService.java:2393)
11-01 15:56:44.865   600   620 W WindowManager: 	at com.android.server.wm.Session.remove(Session.java:202)
11-01 15:56:44.865   600   620 W WindowManager: 	at android.view.ViewRootImpl.dispatchDetachedFromWindow(ViewRootImpl.java:3290)
11-01 15:56:44.865   600   620 W WindowManager: 	at android.view.ViewRootImpl.doDie(ViewRootImpl.java:5917)
11-01 15:56:44.865   600   620 W WindowManager: 	at android.view.ViewRootImpl$ViewRootHandler.handleMessage(ViewRootImpl.java:3626)
11-01 15:56:44.865   600   620 W WindowManager: 	at android.os.Handler.dispatchMessage(Handler.java:102)
11-01 15:56:44.865   600   620 W WindowManager: 	at android.os.Looper.loop(Looper.java:154)
11-01 15:56:44.865   600   620 W WindowManager: 	at android.os.HandlerThread.run(HandlerThread.java:61)
11-01 15:56:44.865   600   620 W WindowManager: 	at com.android.server.ServiceThread.run(ServiceThread.java:46)
11-01 15:56:44.952 17301 17301 I art     : Starting a blocking GC AddRemoveAppImageSpace
11-01 15:56:44.972 17301 17301 I LoadedApk: No resource references to update in package com.opera.browser.nord_vpn
11-01 15:56:45.094 23814 23825 W SearchService: Abort, client detached.
11-01 15:56:45.098 23814 23814 I MemoryTrimmer: Trimming objects from memory, since app is in the background.
11-01 15:56:45.108  1075  1075 I MemoryTrimmer: Trimming objects from memory, since app is in the background.
11-01 15:56:45.121 17301 17326 E libEGL  : validate_display:99 error 3008 (EGL_BAD_DISPLAY)
11-01 15:56:45.137 23814 17066 I DeviceStateChecker: DeviceStateChecker cancelled
11-01 15:56:45.137 23814 23814 I MicroDetector: Keeping mic open: false
11-01 15:56:45.137 23814 23862 I AudioController: internalShutdown
11-01 15:56:45.137 23814 23862 I MicrophoneInputStream: mic_close com.google.android.apps.gsa.speech.audio.ae@98277b3
11-01 15:56:45.138 23814 23870 I MicroRecognitionRunner: Stopping hotword detection.
11-01 15:56:45.152   238   286 I SoundTriggerHwService::Module: void android::SoundTriggerHwService::Module::onCallbackEvent(const sp<android::SoundTriggerHwService::CallbackEvent> &) mClient == 0
11-01 15:56:45.159 23814 17067 I MicroRecognitionRunner: Detection finished
11-01 15:56:45.167 23814 23814 I MemoryTrimmer: Trimming objects from memory, since app is in the background.
11-01 15:56:45.322 17301 17326 E libEGL  : validate_display:99 error 3008 (EGL_BAD_DISPLAY)
11-01 15:56:45.392   785 17347 W NetworkScheduler: Error inserting service_kind=0 source=16 tag=Measurement.PackageMeasurementTaskService.UPLOAD_TASK_TAG target_package=com.google.android.gms requires_charging=0 source_version=203915000 required_network_type=0 flex_time=3454000 persistence_level=1 target_class=com.google.android.gms.measurement.PackageMeasurementTaskService runtime=1667314605387 retry_strategy={"maximum_backoff_seconds":{"3600":0},"initial_backoff_seconds":{"30":0},"retry_policy":{"0":0}} preferred_network_type=1 required_idleness_state=0 preferred_charging_state=1 period=6909000 last_runtime=0 task_type=0 job_id=-1 user_id=0, error message: UNIQUE constraint failed: pending_ops.tag, pending_ops.target_class, pending_ops.target_package, pending_ops.user_id (code 2067) [CONTEXT service_id=218 ]
11-01 15:56:45.449   785 16425 W NetworkScheduler: Error inserting service_kind=0 source=16 tag=Measurement.PackageMeasurementTaskService.UPLOAD_TASK_TAG target_package=com.google.android.gms requires_charging=0 source_version=203915000 required_network_type=0 flex_time=3454000 persistence_level=1 target_class=com.google.android.gms.measurement.PackageMeasurementTaskService runtime=1667314605444 retry_strategy={"maximum_backoff_seconds":{"3600":0},"initial_backoff_seconds":{"30":0},"retry_policy":{"0":0}} preferred_network_type=1 required_idleness_state=0 preferred_charging_state=1 period=6909000 last_runtime=0 task_type=0 job_id=-1 user_id=0, error message: UNIQUE constraint failed: pending_ops.tag, pending_ops.target_class, pending_ops.target_package, pending_ops.user_id (code 2067) [CONTEXT service_id=218 ]
11-01 15:56:45.514   785 16742 W NetworkScheduler: Error inserting service_kind=0 source=16 tag=Measurement.PackageMeasurementTaskService.UPLOAD_TASK_TAG target_package=com.google.android.gms requires_charging=0 source_version=203915000 required_network_type=0 flex_time=3454000 persistence_level=1 target_class=com.google.android.gms.measurement.PackageMeasurementTaskService runtime=1667314605511 retry_strategy={"maximum_backoff_seconds":{"3600":0},"initial_backoff_seconds":{"30":0},"retry_policy":{"0":0}} preferred_network_type=1 required_idleness_state=0 preferred_charging_state=1 period=6909000 last_runtime=0 task_type=0 job_id=-1 user_id=0, error message: UNIQUE constraint failed: pending_ops.tag, pending_ops.target_class, pending_ops.target_package, pending_ops.user_id (code 2067) [CONTEXT service_id=218 ]
11-01 15:56:49.063 17161 17161 I PlayCore: UID: [10122]  PID: [17161] AppUpdateListenerRegistry : registerListener
11-01 15:56:49.065 17161 17161 I PlayCore: UID: [10122]  PID: [17161] AppUpdateService : requestUpdateInfo(com.opera.browser)
11-01 15:56:49.068 17161 17377 I PlayCore: UID: [10122]  PID: [17161] AppUpdateService : Initiate binding to the service.
11-01 15:56:49.069   600  1666 W ActivityManager: Unable to start service Intent { act=com.google.android.play.core.install.BIND_UPDATE_SERVICE pkg=com.android.vending } U=0: not found
11-01 15:56:49.075 17161 17377 I PlayCore: UID: [10122]  PID: [17161] AppUpdateService : Failed to bind to the service.
11-01 15:56:49.147 17161 17379 D ApplicationLoaders: ignored Vulkan layer search path /data/app/com.google.android.gms-1/lib/arm:/data/app/com.google.android.gms-1/base.apk!/lib/armeabi-v7a:/data/app/com.google.android.gms-1/split_config.en.apk!/lib/armeabi-v7a for namespace 0xf7270090
11-01 15:56:49.150 17161 17379 W ResourceType: ResTable_typeSpec entry count inconsistent: given 67, previously 69
11-01 15:56:49.150 17161 17379 W ResourceType: ResTable_typeSpec entry count inconsistent: given 5346, previously 5347
11-01 15:56:49.400   600   612 D SyncManager: failed sync operation JobId: 108392, com.opera.browser u0 (com.opera.browser.ping), com.opera.browser.ping.provider, SERVER, reason: 10122, SyncResult: delayUntil: 1667321809 stats [ numIoExceptions: 1]
11-01 15:56:55.226 23814 23814 I MemoryTrimmer: Trimming objects from memory, since app is in the background.
11-01 15:56:56.896 17408 17408 D AndroidRuntime: >>>>>> START com.android.internal.os.RuntimeInit uid 2000 <<<<<<
11-01 15:56:56.900 17408 17408 D AndroidRuntime: CheckJNI is OFF
11-01 15:56:56.968 17408 17408 D ICU     : No timezone override file found: /data/misc/zoneinfo/current/icu/icu_tzdata.dat
11-01 15:56:56.999 17408 17408 I Radio-JNI: register_android_hardware_Radio DONE
11-01 15:56:57.014 17408 17408 D AndroidRuntime: Calling main entry com.android.commands.monkey.Monkey
11-01 15:56:57.081   600   613 W BroadcastQueue: Skipping deliver [background] BroadcastRecord{a010e4b u-1 android.net.conn.CONNECTIVITY_CHANGE} to ReceiverList{dd02028 17408 (unknown name)/2000/u-1 remote:c5dc5}: process crashing
11-01 15:56:58.455 17408 17408 D MonkeyStub: translateCommand: wake
11-01 15:56:58.562 17408 17408 D MonkeyStub: translateCommand: tap 960 1881
11-01 15:56:58.611   600  8930 I ActivityManager: START u0 {act=android.intent.action.VIEW flg=0x1000000 cmp=com.opera.browser/com.opera.android.IntentDispatcherActivity} from uid 10122 on display 0
11-01 15:56:58.707  1075  1164 I OpenGLRenderer: Initialized EGL, version 1.4
11-01 15:56:58.708  1075  1164 D OpenGLRenderer: Swap behavior 2
11-01 15:56:58.715   600   611 I ActivityManager: START u0 {act=android.intent.action.VIEW flg=0x15002000 cmp=com.opera.browser/com.opera.android.BrowserActivity} from uid 10122 on display 0
11-01 15:56:58.751 23814 23814 I MemoryTrimmer: Trimming objects from memory, since app is in the background.
11-01 15:56:58.871   600   609 I art     : Background partial concurrent mark sweep GC freed 40920(2MB) AllocSpace objects, 43(1396KB) LOS objects, 33% free, 14MB/22MB, paused 3.396ms total 197.658ms
11-01 15:56:59.094  1075  1075 I MemoryTrimmer: Trimming objects from memory, since app is in the background.
11-01 15:56:59.127 23814 23814 I MemoryTrimmer: Trimming objects from memory, since app is in the background.
11-01 15:56:59.134 17161 17455 W ResourceType: ResTable_typeSpec entry count inconsistent: given 67, previously 69
11-01 15:56:59.134 17161 17455 W ResourceType: ResTable_typeSpec entry count inconsistent: given 5346, previously 5347
11-01 15:56:59.281   600   620 I ActivityManager: Displayed com.opera.browser/com.opera.android.BrowserActivity: +547ms (total +635ms)
11-01 15:56:59.310   600   631 E CwMcuSensor: Do syncronization due to wrong delta mcu_timestamp
11-01 15:56:59.310   600   631 E CwMcuSensor: curr_ts = 350000000 ns, last_ts = 23775750000000 ns
11-01 15:56:59.339 17161 17171 I art     : Background sticky concurrent mark sweep GC freed 9992(1285KB) AllocSpace objects, 24(480KB) LOS objects, 14% free, 7MB/9MB, paused 5.889ms total 89.130ms
11-01 15:56:59.409   600  1483 I CwMcuSensor: CwMcuSensor::flush: fd = 241, sensors_id = 0, path = /sys/class/htc_sensorhub/sensor_hub/flush, err = 0
11-01 15:56:59.412 17161 17444 E [Leanplum][ERROR]: No variable values were received from the server. Please contact us to investigate.
11-01 15:56:59.424 17161 17273 D OpenGLRenderer: endAllActiveAnimators on 0xd035ef80 (RippleDrawable) with handle 0xcb77c000
11-01 15:56:59.431   600   631 E CwMcuSensor: Do syncronization due to wrong delta mcu_timestamp
11-01 15:56:59.431   600   631 E CwMcuSensor: curr_ts = 16000000000 ns, last_ts = 23709580000000 ns
11-01 15:56:59.522   600   631 E CwMcuSensor: Do syncronization due to wrong delta mcu_timestamp
11-01 15:56:59.522   600   631 E CwMcuSensor: curr_ts = 16090000000 ns, last_ts = 23709650000000 ns
11-01 15:56:59.524   600   631 E CwMcuSensor: Do syncronization due to wrong delta mcu_timestamp
11-01 15:56:59.524   600   631 E CwMcuSensor: curr_ts = 16090000000 ns, last_ts = 23709660000000 ns
11-01 15:56:59.596 17161 17470 W ResourceType: ResTable_typeSpec entry count inconsistent: given 67, previously 69
11-01 15:56:59.596 17161 17470 W ResourceType: ResTable_typeSpec entry count inconsistent: given 5346, previously 5347
11-01 15:56:59.623   600   631 E CwMcuSensor: Do syncronization due to wrong delta mcu_timestamp
11-01 15:56:59.623   600   631 E CwMcuSensor: curr_ts = 16200000000 ns, last_ts = 23709620000000 ns
11-01 15:56:59.626   600   631 E CwMcuSensor: Do syncronization due to wrong delta mcu_timestamp
11-01 15:56:59.627   600   631 E CwMcuSensor: curr_ts = 16200000000 ns, last_ts = 23709620000000 ns
11-01 15:56:59.931 17161 17166 I art     : Do partial code cache collection, code=18KB, data=30KB
11-01 15:56:59.944 17161 17161 E Sensors : sendAck failure -1 1
11-01 15:56:59.944 17161 17161 E Sensors : sendAck failure -1 2
11-01 15:56:59.944 17161 17161 E Sensors : sendAck failure -1 3
11-01 15:56:59.944 17161 17161 E Sensors : sendAck failure -1 4
11-01 15:56:59.944 17161 17161 E Sensors : sendAck failure -1 5
11-01 15:56:59.944 17161 17161 E Sensors : sendAck failure -1 1
11-01 15:56:59.945 17161 17161 E Sensors : sendAck failure -1 1
11-01 15:56:59.945 17161 17161 E Sensors : sendAck failure -1 2
11-01 15:56:59.945 17161 17161 E Sensors : sendAck failure -1 3
11-01 15:56:59.945 17161 17161 E Sensors : sendAck failure -1 4
11-01 15:56:59.945 17161 17161 E Sensors : sendAck failure -1 5
11-01 15:56:59.945 17161 17161 E Sensors : sendAck failure -1 6
11-01 15:56:59.945 17161 17161 E Sensors : sendAck failure -1 7
11-01 15:56:59.945 17161 17161 E Sensors : sendAck failure -1 8
11-01 15:56:59.946 17161 17161 E Sensors : sendAck failure -1 1
11-01 15:56:59.959 17161 17166 I art     : After code cache collection, code=18KB, data=30KB
11-01 15:56:59.959 17161 17166 I art     : Increasing code cache capacity to 128KB
11-01 15:57:00.030 17161 17161 I Choreographer: Skipped 38 frames!  The application may be doing too much work on its main thread.
11-01 15:57:00.068 17161 17171 I art     : Background sticky concurrent mark sweep GC freed 33916(2MB) AllocSpace objects, 34(680KB) LOS objects, 23% free, 9MB/12MB, paused 3.744ms total 139.860ms
11-01 15:57:00.233 17161 17161 W View    : requestLayout() improperly called by com.opera.android.custom_views.FadingRecyclerView{3a0d33e VFED.V... ......ID 0,813-1536,813 #7f0a0825 app:id/suggested_dials_grid} during layout: running second layout pass
11-01 15:57:00.601   785 16425 W NetworkScheduler: Error inserting service_kind=0 source=16 tag=Measurement.PackageMeasurementTaskService.UPLOAD_TASK_TAG target_package=com.google.android.gms requires_charging=0 source_version=203915000 required_network_type=0 flex_time=3439000 persistence_level=1 target_class=com.google.android.gms.measurement.PackageMeasurementTaskService runtime=1667314620550 retry_strategy={"maximum_backoff_seconds":{"3600":0},"initial_backoff_seconds":{"30":0},"retry_policy":{"0":0}} preferred_network_type=1 required_idleness_state=0 preferred_charging_state=1 period=6879000 last_runtime=0 task_type=0 job_id=-1 user_id=0, error message: UNIQUE constraint failed: pending_ops.tag, pending_ops.target_class, pending_ops.target_package, pending_ops.user_id (code 2067) [CONTEXT service_id=218 ]
11-01 15:57:00.688 17525 17525 I dex2oat : /system/bin/dex2oat --dex-file=/data/user/0/com.opera.browser/code_cache/. ​     --oat-fd=196 --oat-location=/data/user/0/com.opera.browser/code_cache/.     --compiler-filter=speed
11-01 15:57:00.712   785 12358 W NetworkScheduler: Error inserting service_kind=0 source=16 tag=Measurement.PackageMeasurementTaskService.UPLOAD_TASK_TAG target_package=com.google.android.gms requires_charging=0 source_version=203915000 required_network_type=0 flex_time=3438000 persistence_level=1 target_class=com.google.android.gms.measurement.PackageMeasurementTaskService runtime=1667314620704 retry_strategy={"maximum_backoff_seconds":{"3600":0},"initial_backoff_seconds":{"30":0},"retry_policy":{"0":0}} preferred_network_type=1 required_idleness_state=0 preferred_charging_state=1 period=6878000 last_runtime=0 task_type=0 job_id=-1 user_id=0, error message: UNIQUE constraint failed: pending_ops.tag, pending_ops.target_class, pending_ops.target_package, pending_ops.user_id (code 2067) [CONTEXT service_id=218 ]
11-01 15:57:00.746 17161 17161 E Sensors : sendAck failure -1 1
11-01 15:57:00.746 17161 17161 E Sensors : sendAck failure -1 2
11-01 15:57:01.096 17161 17161 E Sensors : sendAck failure -1 1
11-01 15:57:01.097 17161 17161 E Sensors : sendAck failure -1 1
11-01 15:57:01.097 17161 17161 E Sensors : sendAck failure -1 2
11-01 15:57:01.162 17161 17171 I art     : Background sticky concurrent mark sweep GC freed 50871(3MB) AllocSpace objects, 36(1552KB) LOS objects, 22% free, 13MB/17MB, paused 5.041ms total 204.715ms
11-01 15:57:01.232 17525 17525 I dex2oat : dex2oat took 545.728ms (threads: 2) arena alloc=432KB (442800B) java alloc=32KB (33064B) native alloc=354KB (362688B) free=1181KB (1210176B)
11-01 15:57:01.430 17534 17534 I dex2oat : /system/bin/dex2oat --dex-file=/data/user/0/com.opera.browser/code_cache/.      --oat-fd=96 --oat-location=/data/user/0/com.opera.browser/code_cache/.  ​ --compiler-filter=speed
11-01 15:57:01.504 17161 17166 I art     : Do partial code cache collection, code=36KB, data=61KB
11-01 15:57:01.713 17534 17534 I dex2oat : dex2oat took 283.710ms (threads: 2) arena alloc=610KB (625504B) java alloc=101KB (104080B) native alloc=523KB (536408B) free=1524KB (1560744B)
11-01 15:57:01.738 17161 17166 I art     : After code cache collection, code=36KB, data=61KB
11-01 15:57:01.738 17161 17166 I art     : Increasing code cache capacity to 256KB
11-01 15:57:01.841 17161 17171 I art     : Background partial concurrent mark sweep GC freed 47065(4MB) AllocSpace objects, 24(1996KB) LOS objects, 40% free, 14MB/24MB, paused 15.127ms total 417.300ms
11-01 15:57:02.109   785   797 I art     : Background partial concurrent mark sweep GC freed 68912(4MB) AllocSpace objects, 3(60KB) LOS objects, 40% free, 10MB/17MB, paused 2.879ms total 317.029ms
11-01 15:57:02.414 17161 17171 I art     : Background partial concurrent mark sweep GC freed 139536(6MB) AllocSpace objects, 20(1548KB) LOS objects, 40% free, 14MB/23MB, paused 3.234ms total 155.333ms
11-01 15:57:02.704 17408 17408 D MonkeyStub: translateCommand: tap 57 93
11-01 15:57:04.745 17408 17408 D MonkeyStub: translateCommand: tap 57 93
11-01 15:57:05.796 17161 17166 I art     : Do full code cache collection, code=84KB, data=125KB
11-01 15:57:05.798 17161 17166 I art     : Starting a blocking GC JitCodeCache
11-01 15:57:05.798 17161 17166 I art     : After code cache collection, code=67KB, data=71KB
11-01 15:57:07.011 17408 17408 D MonkeyStub: translateCommand: tap 446 593
11-01 15:57:09.262 17408 17408 D MonkeyStub: translateCommand: tap 667 302
11-01 15:57:12.536 17408 17408 D MonkeyStub: translateCommand: tap 1286 930
11-01 15:57:13.766 17408 17408 D MonkeyStub: translateCommand: tap 62 98
11-01 15:57:13.795 17408 17408 D MonkeyStub: translateCommand: tap 729 89
11-01 15:57:13.811 17408 17408 D MonkeyStub: Quit requested
11-01 15:57:13.845   600   614 I CwMcuSensor: CwMcuSensor::flush: fd = 233, sensors_id = 0, path = /sys/class/htc_sensorhub/sensor_hub/flush, err = 0
11-01 15:57:13.857 17408 17408 I art     : System.exit called, status: 16
11-01 15:57:13.857 17408 17408 I AndroidRuntime: VM exiting with result code 16.
11-01 15:57:13.882   600  1066 W WindowManager: Attempted to remove non-existing token: android.os.Binder@21b16d4
11-01 15:57:14.132   600  1483 E BatteryStatsService: power: Missing API
11-01 15:57:14.140   600  1483 E BatteryStatsService: no controller energy info supplied
11-01 15:57:14.141   800   800 E PhoneInterfaceManager: [PhoneIntfMgr] queryModemActivityInfo: Empty response
11-01 15:57:14.147   600  1483 E BatteryStatsService: modem info is invalid: ModemActivityInfo{ mTimestamp=0 mSleepTimeMs=0 mIdleTimeMs=0 mTxTimeMs[]=[0, 0, 0, 0, 0] mRxTimeMs=0 mEnergyUsed=0}
11-01 15:57:14.518 17569 17569 D AndroidRuntime: >>>>>> START com.android.internal.os.RuntimeInit uid 2000 <<<<<<
11-01 15:57:14.522 17569 17569 D AndroidRuntime: CheckJNI is OFF
11-01 15:57:14.588 17569 17569 D ICU     : No timezone override file found: /data/misc/zoneinfo/current/icu/icu_tzdata.dat
11-01 15:57:14.619 17569 17569 I Radio-JNI: register_android_hardware_Radio DONE
11-01 15:57:14.634 17569 17569 D AndroidRuntime: Calling main entry com.android.commands.am.Am
11-01 15:57:14.652   600  8040 I ActivityManager: START u0 {act=android.intent.action.VIEW dat=http://independent.co.uk/... flg=0x10000000 cmp=com.opera.browser/com.opera.Opera} from uid 2000 on display 0
11-01 15:57:14.655 17569 17569 D AndroidRuntime: Shutting down VM
11-01 15:57:14.757 17161 17161 W art     : Before Android 4.1, method double java.util.concurrent.ThreadLocalRandom.internalNextDouble(double, double) would have incorrectly overridden the package-private method in java.util.Random
11-01 15:57:14.757 17161 17161 W art     : Before Android 4.1, method int java.util.concurrent.ThreadLocalRandom.internalNextInt(int, int) would have incorrectly overridden the package-private method in java.util.Random
11-01 15:57:14.757 17161 17161 W art     : Before Android 4.1, method long java.util.concurrent.ThreadLocalRandom.internalNextLong(long, long) would have incorrectly overridden the package-private method in java.util.Random
11-01 15:57:14.794   600   619 D BluetoothManagerService: Message: 20
11-01 15:57:14.794   600   619 D BluetoothManagerService: Added callback: android.bluetooth.IBluetoothManagerCallback$Stub$Proxy@288a0d7:true
11-01 15:57:14.826   600  8931 I ActivityManager: Start proc 17582:com.opera.browser:sandboxed_process0/u0a122 for service com.opera.browser/com.opera.android.browser.chromium.services.SandboxedProcessService0
11-01 15:57:14.843 23814 23814 I MemoryTrimmer: Trimming objects from memory, since app is in the background.
11-01 15:57:14.899 17582 17582 I art     : Starting a blocking GC AddRemoveAppImageSpace
11-01 15:57:14.913 17161 17468 W ResourceType: ResTable_typeSpec entry count inconsistent: given 67, previously 69
11-01 15:57:14.913 17161 17468 W ResourceType: ResTable_typeSpec entry count inconsistent: given 5346, previously 5347
11-01 15:57:14.931 17582 17582 I LoadedApk: No resource references to update in package com.opera.browser.nord_vpn
11-01 15:57:15.221 17161 17166 I art     : Do partial code cache collection, code=91KB, data=117KB
11-01 15:57:15.271 17161 17166 I art     : After code cache collection, code=90KB, data=116KB
11-01 15:57:15.271 17161 17166 I art     : Increasing code cache capacity to 512KB
11-01 15:57:15.272   785  1744 I FontLog : Received query name=Google Sans&weight=400&besteffort=false, URI content://com.google.android.gms.fonts [CONTEXT service_id=132 ]
11-01 15:57:15.273   785  1744 I FontLog : Query [name=Google Sans&weight=400&besteffort=false] resolved to {Google Sans, wdth 100.0, wght 400, ital 0.0, bestEffort false} [CONTEXT service_id=132 ]
11-01 15:57:15.275   785  1744 I FontLog : Font PFD returned from cache for {Google Sans, wdth 100.0, wght 400, ital 0.0, bestEffort false} [CONTEXT service_id=132 ]
11-01 15:57:15.275   785  1744 I FontLog : Fetch {Google Sans, wdth 100.0, wght 400, ital 0.0, bestEffort false} end status Status{statusCode=SUCCESS, resolution=null} [CONTEXT service_id=132 ]
11-01 15:57:15.283   785   798 I FontLog : Pulling font file for id = 332, cache size = 7 [CONTEXT service_id=132 ]
11-01 15:57:15.287   785  1300 I FontLog : Received query name=Google Sans&weight=500&besteffort=false, URI content://com.google.android.gms.fonts [CONTEXT service_id=132 ]
11-01 15:57:15.287   785  1300 I FontLog : Query [name=Google Sans&weight=500&besteffort=false] resolved to {Google Sans, wdth 100.0, wght 500, ital 0.0, bestEffort false} [CONTEXT service_id=132 ]
11-01 15:57:15.288   785  1300 I FontLog : Font PFD returned from cache for {Google Sans, wdth 100.0, wght 500, ital 0.0, bestEffort false} [CONTEXT service_id=132 ]
11-01 15:57:15.289   785  1300 I FontLog : Fetch {Google Sans, wdth 100.0, wght 500, ital 0.0, bestEffort false} end status Status{statusCode=SUCCESS, resolution=null} [CONTEXT service_id=132 ]
11-01 15:57:15.295   785  1684 I FontLog : Pulling font file for id = 333, cache size = 8 [CONTEXT service_id=132 ]
11-01 15:57:15.299   785  1681 I FontLog : Received query name=Google Sans&weight=700&besteffort=false, URI content://com.google.android.gms.fonts [CONTEXT service_id=132 ]
11-01 15:57:15.299   785  1681 I FontLog : Query [name=Google Sans&weight=700&besteffort=false] resolved to {Google Sans, wdth 100.0, wght 700, ital 0.0, bestEffort false} [CONTEXT service_id=132 ]
11-01 15:57:15.301   785  1681 I FontLog : Fetch {Google Sans, wdth 100.0, wght 700, ital 0.0, bestEffort false} end status Status{statusCode=SUCCESS, resolution=null} [CONTEXT service_id=132 ]
11-01 15:57:15.304   785  1191 I FontLog : Pulling font file for id = 334, cache size = 7 [CONTEXT service_id=132 ]
11-01 15:57:15.308   785  1576 I FontLog : Received query name=Noto Color Emoji Compat&weight=400&besteffort=false, URI content://com.google.android.gms.fonts [CONTEXT service_id=132 ]
11-01 15:57:15.309   785  1576 I FontLog : Query [name=Noto Color Emoji Compat&weight=400&besteffort=false] resolved to {Noto Color Emoji Compat, wdth 100.0, wght 400, ital 0.0, bestEffort false} [CONTEXT service_id=132 ]
11-01 15:57:15.312   785  1576 I FontLog : Fetch {Noto Color Emoji Compat, wdth 100.0, wght 400, ital 0.0, bestEffort false} end status Status{statusCode=SUCCESS, resolution=null} [CONTEXT service_id=132 ]
11-01 15:57:15.316   785  1586 I FontLog : Pulling font file for id = 335, cache size = 6 [CONTEXT service_id=132 ]
11-01 15:57:15.378   785 16994 I SQLiteConnectionPool: The connection pool for /data/user/0/com.google.android.gms/databases/metadata.db has been closed but there are still 1 connections in use.  They will be closed as they are released back to the pool.
11-01 15:57:15.379   785 16425 W FontLog : Error updating last accessed time for {Google Sans, wdth 100.0, wght 400, ital 0.0, bestEffort false}. [CONTEXT service_id=132 ]
11-01 15:57:15.379   785 16425 W FontLog : java.lang.IllegalStateException: Cannot perform this operation because the connection pool has been closed.
11-01 15:57:15.379   785 16425 W FontLog : 	at android.database.sqlite.SQLiteConnectionPool.throwIfClosedLocked(SQLiteConnectionPool.java:962)
11-01 15:57:15.379   785 16425 W FontLog : 	at android.database.sqlite.SQLiteConnectionPool.waitForConnection(SQLiteConnectionPool.java:677)
11-01 15:57:15.379   785 16425 W FontLog : 	at android.database.sqlite.SQLiteConnectionPool.acquireConnection(SQLiteConnectionPool.java:348)
11-01 15:57:15.379   785 16425 W FontLog : 	at android.database.sqlite.SQLiteSession.acquireConnection(SQLiteSession.java:894)
11-01 15:57:15.379   785 16425 W FontLog : 	at android.database.sqlite.SQLiteSession.executeForChangedRowCount(SQLiteSession.java:752)
11-01 15:57:15.379   785 16425 W FontLog : 	at android.database.sqlite.SQLiteStatement.executeUpdateDelete(SQLiteStatement.java:64)
11-01 15:57:15.379   785 16425 W FontLog : 	at android.database.sqlite.SQLiteDatabase.executeSql(SQLiteDatabase.java:1679)
11-01 15:57:15.379   785 16425 W FontLog : 	at android.database.sqlite.SQLiteDatabase.execSQL(SQLiteDatabase.java:1658)
11-01 15:57:15.379   785 16425 W FontLog : 	at aafx.run(Unknown Source)
11-01 15:57:15.379   785 16425 W FontLog : 	at sup.b(:com.google.android.gms@203915020@20.39.15 (040406-335085812):12)
11-01 15:57:15.379   785 16425 W FontLog : 	at sup.run(:com.google.android.gms@203915020@20.39.15 (040406-335085812):7)
11-01 15:57:15.379   785 16425 W FontLog : 	at java.util.concurrent.ThreadPoolExecutor.runWorker(ThreadPoolExecutor.java:1133)
11-01 15:57:15.379   785 16425 W FontLog : 	at java.util.concurrent.ThreadPoolExecutor$Worker.run(ThreadPoolExecutor.java:607)
11-01 15:57:15.379   785 16425 W FontLog : 	at tam.run(:com.google.android.gms@203915020@20.39.15 (040406-335085812):0)
11-01 15:57:15.379   785 16425 W FontLog : 	at java.lang.Thread.run(Thread.java:761)
11-01 15:57:15.457   785 16994 W NetworkScheduler: Error inserting service_kind=0 source=16 tag=Measurement.PackageMeasurementTaskService.UPLOAD_TASK_TAG target_package=com.google.android.gms requires_charging=0 source_version=203915000 required_network_type=0 flex_time=3424000 persistence_level=1 target_class=com.google.android.gms.measurement.PackageMeasurementTaskService runtime=1667314635425 retry_strategy={"maximum_backoff_seconds":{"3600":0},"initial_backoff_seconds":{"30":0},"retry_policy":{"0":0}} preferred_network_type=1 required_idleness_state=0 preferred_charging_state=1 period=6849000 last_runtime=0 task_type=0 job_id=-1 user_id=0, error message: UNIQUE constraint failed: pending_ops.tag, pending_ops.target_class, pending_ops.target_package, pending_ops.user_id (code 2067) [CONTEXT service_id=218 ]
11-01 15:57:27.407 17655 17655 D AndroidRuntime: >>>>>> START com.android.internal.os.RuntimeInit uid 2000 <<<<<<
11-01 15:57:27.410 17655 17655 D AndroidRuntime: CheckJNI is OFF
11-01 15:57:27.474 17655 17655 D ICU     : No timezone override file found: /data/misc/zoneinfo/current/icu/icu_tzdata.dat
11-01 15:57:27.507 17655 17655 I Radio-JNI: register_android_hardware_Radio DONE
11-01 15:57:27.523 17655 17655 D AndroidRuntime: Calling main entry com.android.commands.monkey.Monkey
11-01 15:57:27.589   600   613 W BroadcastQueue: Skipping deliver [background] BroadcastRecord{360a753 u-1 android.net.conn.CONNECTIVITY_CHANGE} to ReceiverList{54b890 17655 (unknown name)/2000/u-1 remote:586bd8d}: process crashing
11-01 15:57:29.184 17655 17655 D MonkeyStub: translateCommand: wake
11-01 15:57:29.305 17655 17655 D MonkeyStub: translateCommand: tap 686 1843
11-01 15:57:41.415 17655 17655 D MonkeyStub: translateCommand: touch down 614 1561
11-01 15:57:41.442 17655 17655 D MonkeyStub: translateCommand: touch move 614 1561
11-01 15:57:41.555 17655 17655 D MonkeyStub: translateCommand: touch move 614 1436
11-01 15:57:41.664 17655 17655 D MonkeyStub: translateCommand: touch move 614 1311
11-01 15:57:41.770 17655 17655 D MonkeyStub: translateCommand: touch move 614 1186
11-01 15:57:41.881 17655 17655 D MonkeyStub: translateCommand: touch move 614 1061
11-01 15:57:41.993 17655 17655 D MonkeyStub: translateCommand: touch move 614 937
11-01 15:57:42.102 17655 17655 D MonkeyStub: translateCommand: touch move 614 812
11-01 15:57:42.208 17655 17655 D MonkeyStub: translateCommand: touch move 614 687
11-01 15:57:42.336 17655 17655 D MonkeyStub: translateCommand: touch move 614 562
11-01 15:57:42.459 17655 17655 D MonkeyStub: translateCommand: touch move 614 437
11-01 15:57:42.593 17655 17655 D MonkeyStub: translateCommand: touch move 614 312
11-01 15:57:42.602 17655 17655 D MonkeyStub: translateCommand: touch up 614 312
11-01 15:57:46.956 17655 17655 D MonkeyStub: translateCommand: tap 321 1446
11-01 15:57:55.138 17655 17655 D MonkeyStub: translateCommand: touch down 614 1561
11-01 15:57:55.155 17655 17655 D MonkeyStub: translateCommand: touch move 614 1561
11-01 15:57:55.271 17655 17655 D MonkeyStub: translateCommand: touch move 614 1436
11-01 15:57:55.383 17655 17655 D MonkeyStub: translateCommand: touch move 614 1311
11-01 15:57:55.490 17655 17655 D MonkeyStub: translateCommand: touch move 614 1186
11-01 15:57:55.598 17655 17655 D MonkeyStub: translateCommand: touch move 614 1061
11-01 15:57:55.706 17655 17655 D MonkeyStub: translateCommand: touch move 614 937
11-01 15:57:55.817 17655 17655 D MonkeyStub: translateCommand: touch move 614 812
11-01 15:57:55.926 17655 17655 D MonkeyStub: translateCommand: touch move 614 687
11-01 15:57:56.037 17655 17655 D MonkeyStub: translateCommand: touch move 614 562
11-01 15:57:56.148 17655 17655 D MonkeyStub: translateCommand: touch move 614 437
11-01 15:57:56.277 17655 17655 D MonkeyStub: translateCommand: touch move 614 312
11-01 15:57:56.280 17655 17655 D MonkeyStub: translateCommand: touch up 614 312
11-01 15:57:56.309 17655 17655 D MonkeyStub: translateCommand: touch down 614 1561
11-01 15:57:56.314 17655 17655 D MonkeyStub: translateCommand: touch move 614 1561
11-01 15:57:56.428 17655 17655 D MonkeyStub: translateCommand: touch move 614 1436
11-01 15:57:56.538 17655 17655 D MonkeyStub: translateCommand: touch move 614 1311
11-01 15:57:56.648 17655 17655 D MonkeyStub: translateCommand: touch move 614 1186
11-01 15:57:56.757 17655 17655 D MonkeyStub: translateCommand: touch move 614 1061
11-01 15:57:56.866 17655 17655 D MonkeyStub: translateCommand: touch move 614 937
11-01 15:57:57.029 17655 17655 D MonkeyStub: translateCommand: touch move 614 812
11-01 15:57:57.137 17655 17655 D MonkeyStub: translateCommand: touch move 614 687
11-01 15:57:57.253 17655 17655 D MonkeyStub: translateCommand: touch move 614 562
11-01 15:57:57.364 17655 17655 D MonkeyStub: translateCommand: touch move 614 437
11-01 15:57:57.497 17655 17655 D MonkeyStub: translateCommand: touch move 614 312
11-01 15:57:57.540 17655 17655 D MonkeyStub: translateCommand: touch up 614 312
11-01 15:57:57.932   198   198 E SELinux : avc:  denied  { find } for service=netd pid=17730 uid=2000 scontext=u:r:shell:s0 tcontext=u:object_r:netd_service:s0 tclass=service_manager permissive=0
11-01 15:57:57.939   198   198 E SELinux : avc:  denied  { find } for service=android.service.gatekeeper.IGateKeeperService pid=17730 uid=2000 scontext=u:r:shell:s0 tcontext=u:object_r:gatekeeper_service:s0 tclass=service_manager permissive=0
11-01 15:58:03.740 17655 17655 D MonkeyStub: translateCommand: touch down 614 1561
11-01 15:58:03.760 17655 17655 D MonkeyStub: translateCommand: touch move 614 1561
11-01 15:58:03.869 17655 17655 D MonkeyStub: translateCommand: touch move 614 1436
11-01 15:58:03.980 17655 17655 D MonkeyStub: translateCommand: touch move 614 1311
11-01 15:58:04.093 17655 17655 D MonkeyStub: translateCommand: touch move 614 1186
11-01 15:58:04.224 17655 17655 D MonkeyStub: translateCommand: touch move 614 1061
11-01 15:58:04.342 17655 17655 D MonkeyStub: translateCommand: touch move 614 937
11-01 15:58:04.484 17655 17655 D MonkeyStub: translateCommand: touch move 614 812
11-01 15:58:04.593 17655 17655 D MonkeyStub: translateCommand: touch move 614 687
11-01 15:58:04.708 17655 17655 D MonkeyStub: translateCommand: touch move 614 562
11-01 15:58:04.824 17655 17655 D MonkeyStub: translateCommand: touch move 614 437
11-01 15:58:04.929 17655 17655 D MonkeyStub: translateCommand: touch move 614 312
11-01 15:58:04.946 17655 17655 D MonkeyStub: translateCommand: touch up 614 312
11-01 15:58:04.969 17655 17655 D MonkeyStub: translateCommand: touch down 614 1561
11-01 15:58:04.984 17655 17655 D MonkeyStub: translateCommand: touch move 614 1561
11-01 15:58:05.104 17655 17655 D MonkeyStub: translateCommand: touch move 614 1436
11-01 15:58:05.111   600  1483 I ActivityManager: Process com.google.android.partnersetup (pid 22098) has died
11-01 15:58:05.111   600  1483 D ActivityManager: cleanUpApplicationRecord -- 22098
11-01 15:58:05.124   600  1664 I ActivityManager: Process android.process.acore (pid 22425) has died
11-01 15:58:05.124   600  1664 D ActivityManager: cleanUpApplicationRecord -- 22425
11-01 15:58:05.210 17655 17655 D MonkeyStub: translateCommand: touch move 614 1311
11-01 15:58:05.328 17655 17655 D MonkeyStub: translateCommand: touch move 614 1186
11-01 15:58:05.446 17655 17655 D MonkeyStub: translateCommand: touch move 614 1061
11-01 15:58:05.551 17655 17655 D MonkeyStub: translateCommand: touch move 614 937
11-01 15:58:05.674 17655 17655 D MonkeyStub: translateCommand: touch move 614 812
11-01 15:58:05.784 17655 17655 D MonkeyStub: translateCommand: touch move 614 687
11-01 15:58:05.926 17655 17655 D MonkeyStub: translateCommand: touch move 614 562
11-01 15:58:06.134 17655 17655 D MonkeyStub: translateCommand: touch move 614 437
11-01 15:58:06.248 17655 17655 D MonkeyStub: translateCommand: touch move 614 312
11-01 15:58:06.265 17655 17655 D MonkeyStub: translateCommand: touch up 614 312
11-01 15:58:06.312 17655 17655 D MonkeyStub: Quit requested
11-01 15:58:06.364   600   614 I CwMcuSensor: CwMcuSensor::flush: fd = 233, sensors_id = 0, path = /sys/class/htc_sensorhub/sensor_hub/flush, err = 0
11-01 15:58:06.399 17655 17655 I art     : System.exit called, status: 69
11-01 15:58:06.399 17655 17655 I AndroidRuntime: VM exiting with result code 69.
11-01 15:58:06.459   600  8039 W WindowManager: Attempted to remove non-existing token: android.os.Binder@3aea589
11-01 15:58:09.682   600   647 I WifiHAL : Got channel list with 13 channels
11-01 15:58:09.684   600   647 I WifiHAL : Got channel list with 4 channels
11-01 15:58:09.686   600   647 I WifiHAL : Got channel list with 15 channels
11-01 15:58:22.432 17758 17758 D AndroidRuntime: >>>>>> START com.android.internal.os.RuntimeInit uid 2000 <<<<<<
11-01 15:58:22.440 17758 17758 D AndroidRuntime: CheckJNI is OFF
11-01 15:58:22.598 17758 17758 D ICU     : No timezone override file found: /data/misc/zoneinfo/current/icu/icu_tzdata.dat
11-01 15:58:22.670 17758 17758 I Radio-JNI: register_android_hardware_Radio DONE
11-01 15:58:22.702 17758 17758 D AndroidRuntime: Calling main entry com.android.commands.am.Am
11-01 15:58:22.720   600 12440 I ActivityManager: Force stopping com.opera.browser appid=10122 user=0: from pid 17758
11-01 15:58:22.720   600 12440 I ActivityManager: Killing 17301:com.opera.browser:privileged_process0/u0a122 (adj 0): stop com.opera.browser
11-01 15:58:22.720   600 12440 D ActivityManager: cleanUpApplicationRecord -- 17301
11-01 15:58:22.720   600 12440 W ActivityManager: Scheduling restart of crashed service com.opera.browser/com.opera.android.browser.chromium.services.PrivilegedProcessService0 in 1000ms
11-01 15:58:22.721   600 12440 I ActivityManager: Killing 17161:com.opera.browser/u0a122 (adj 0): stop com.opera.browser
11-01 15:58:22.721   600 12440 D ActivityManager: cleanUpApplicationRecord -- 17161
11-01 15:58:22.723   600 12440 W ActivityManager: Force removing ActivityRecord{3dea779 u0 com.opera.browser/com.opera.android.BrowserActivity t1293}: app died, no saved state
11-01 15:58:22.747   600 12440 I ActivityManager: Killing 17582:com.opera.browser:sandboxed_process0/u0a122 (adj 0): stop com.opera.browser
11-01 15:58:22.747   600 12440 D ActivityManager: cleanUpApplicationRecord -- 17582
11-01 15:58:22.776 17758 17758 D AndroidRuntime: Shutting down VM
11-01 15:58:22.785   600  1665 D WindowManager: relayoutVisibleWindow: Window{97a4ed u0 com.google.android.googlequicksearchbox/com.google.android.launcher.GEL EXITING} mAnimatingExit=true, mRemoveOnExit=false, mDestroying=true
11-01 15:58:22.793  1075  1164 I OpenGLRenderer: Initialized EGL, version 1.4
11-01 15:58:22.793  1075  1164 D OpenGLRenderer: Swap behavior 2
11-01 15:58:22.804 23814 23814 I MemoryTrimmer: Trimming objects from memory, since app is in the background.
11-01 15:58:22.813   600  8931 E JavaBinder: !!! FAILED BINDER TRANSACTION !!!  (parcel size = 104)
11-01 15:58:22.817   600  8040 D ConnectivityService: ConnectivityService NetworkRequestInfo binderDied(NetworkRequest [ LISTEN id=317, [ Capabilities: INTERNET&NOT_RESTRICTED&TRUSTED&FOREGROUND] ], android.os.BinderProxy@6e51dec)
11-01 15:58:22.817   600  8930 D GraphicsStats: Buffer count: 2
11-01 15:58:22.819   600  8930 D ConnectivityService: ConnectivityService NetworkRequestInfo binderDied(NetworkRequest [ LISTEN id=316, [ Capabilities: INTERNET&NOT_RESTRICTED&TRUSTED&FOREGROUND] ], android.os.BinderProxy@f33d5b5)
11-01 15:58:22.820   600  8931 W InputMethodManagerService: Got RemoteException sending setActive(false) notification to pid 17161 uid 10122
11-01 15:58:22.822   600   649 E ConnectivityService: RemoteException caught trying to send a callback msg for NetworkRequest [ LISTEN id=317, [ Capabilities: INTERNET&NOT_RESTRICTED&TRUSTED&FOREGROUND] ]
11-01 15:58:22.822   600   649 E ConnectivityService: RemoteException caught trying to send a callback msg for NetworkRequest [ LISTEN id=316, [ Capabilities: INTERNET&NOT_RESTRICTED&TRUSTED&FOREGROUND] ]
11-01 15:58:22.861  1058  1058 D RegisteredNfcFServicesCache: Service unchanged, not updating
11-01 15:58:22.945 23814 23826 I AttachedClient: Adding client event 2 to pending list.
11-01 15:58:22.977 23814 23814 I OptInState: There is a new client and it does not support opt-in. Dropping request.
11-01 15:58:22.980 23814 23814 I MicroDetectionWorker: Micro detection mode: [mDetectionMode: [1]].
11-01 15:58:22.993 23814 17770 I MicroRecognitionRunner: Starting detection.
11-01 15:58:22.994 23814 23862 I MicrophoneInputStream: mic_starting com.google.android.apps.gsa.speech.audio.ae@b791431
11-01 15:58:22.999   238 17774 I AudioFlinger: AudioFlinger's thread 0xec312500 ready to run
11-01 15:58:23.015   238   286 I SoundTriggerHwService::Module: void android::SoundTriggerHwService::Module::onCallbackEvent(const sp<android::SoundTriggerHwService::CallbackEvent> &) mClient == 0
11-01 15:58:23.019 23814 23862 I MicrophoneInputStream: mic_started com.google.android.apps.gsa.speech.audio.ae@b791431
11-01 15:58:23.093   600   609 I art     : Background partial concurrent mark sweep GC freed 79181(3MB) AllocSpace objects, 19(412KB) LOS objects, 33% free, 14MB/22MB, paused 976us total 164.168ms
11-01 15:58:23.201 23814 23814 I MicroDetectionWorker: onReady
11-01 15:58:23.334  1075  1164 W OpenGLRenderer: Incorrectly called buildLayer on View: ShortcutAndWidgetContainer, destroying layer...
11-01 15:58:23.362 17772 17772 D AndroidRuntime: >>>>>> START com.android.internal.os.RuntimeInit uid 2000 <<<<<<
11-01 15:58:23.366 17772 17772 D AndroidRuntime: CheckJNI is OFF
11-01 15:58:23.431 17772 17772 D ICU     : No timezone override file found: /data/misc/zoneinfo/current/icu/icu_tzdata.dat
11-01 15:58:23.462 17772 17772 I Radio-JNI: register_android_hardware_Radio DONE
11-01 15:58:23.477 17772 17772 D AndroidRuntime: Calling main entry com.android.commands.pm.Pm
11-01 15:58:23.493   600  1068 I ActivityManager: Force stopping com.opera.browser appid=10122 user=0: clear data
11-01 15:58:23.493   600   613 I ActivityManager: Force stopping com.opera.browser appid=10122 user=-1: clearApplicationUserData
11-01 15:58:23.623   785   785 I GeofencerStateMachine: removeGeofences: removeRequest=RemoveGeofencingRequest[REMOVE_ALL packageName=com.opera.browser]
11-01 15:58:23.630 17772 17772 I art     : System.exit called, status: 0
11-01 15:58:23.630 17772 17772 I AndroidRuntime: VM exiting with result code 0.
11-01 15:58:23.630  1058  1058 D RegisteredNfcFServicesCache: Service unchanged, not updating
11-01 15:58:23.663   600   612 W ResourceType: No known package when getting value for resource number 0x7f100007
11-01 15:58:23.663   600   612 W ResourceType: No known package when getting value for resource number 0x7f13090c
11-01 15:58:23.663   600   612 W ResourceType: No known package when getting value for resource number 0x7f100005
11-01 15:58:23.663   600   612 W ResourceType: No known package when getting value for resource number 0x7f13090a
11-01 15:58:23.666   600   612 W ResourceType: No known package when getting value for resource number 0x7f100004
11-01 15:58:23.666   600   612 W ResourceType: No known package when getting value for resource number 0x7f130909
11-01 15:58:23.666   600   612 W ResourceType: No known package when getting value for resource number 0x7f100006
11-01 15:58:23.666   600   612 W ResourceType: No known package when getting value for resource number 0x7f13090b
