11-01 00:53:02.292   243  6645 E OMXNodeInstance: setParameter(f30118:Nvidia.h264.decode, ParamPortDefinition(0x2000001)) ERROR: UnsupportedSetting(0x80001019)
11-01 00:53:02.292  3711  4140 W ACodec  : [OMX.Nvidia.h264.decode] setting nBufferCountActual to 22 failed: -1010
11-01 00:53:02.292   243 15159 E OMXNodeInstance: setParameter(f30118:Nvidia.h264.decode, ParamPortDefinition(0x2000001)) ERROR: UnsupportedSetting(0x80001019)
11-01 00:53:02.292  3711  4140 W ACodec  : [OMX.Nvidia.h264.decode] setting nBufferCountActual to 21 failed: -1010
11-01 00:53:03.686   600  2707 I ActivityManager: Process com.google.android.gms.ui (pid 1849) has died
11-01 00:53:03.686   600  2707 D ActivityManager: cleanUpApplicationRecord -- 1849
11-01 00:53:03.753   198   198 E SELinux : avc:  denied  { find } for service=netd pid=4151 uid=2000 scontext=u:r:shell:s0 tcontext=u:object_r:netd_service:s0 tclass=service_manager permissive=0
11-01 00:53:03.760   198   198 E SELinux : avc:  denied  { find } for service=android.service.gatekeeper.IGateKeeperService pid=4151 uid=2000 scontext=u:r:shell:s0 tcontext=u:object_r:gatekeeper_service:s0 tclass=service_manager permissive=0
11-01 00:53:05.040 20673 31992 W AdaptiveDiscoveryWorker: Exiting Adaptive Discovery. Current NetworkInfo is NULL.
11-01 00:53:05.323 20673 31992 W DatabaseProcessor: processLocalDevices: failed to get the network info with non-null bssid.
11-01 00:53:13.085  4049  4049 D MonkeyStub: translateCommand: touch down 614 1561
11-01 00:53:13.177  4049  4049 D MonkeyStub: translateCommand: touch move 614 1561
11-01 00:53:13.320  4049  4049 D MonkeyStub: translateCommand: touch move 614 1436
11-01 00:53:13.570  4049  4049 D MonkeyStub: translateCommand: touch move 614 1311
11-01 00:53:13.820  4049  4049 D MonkeyStub: translateCommand: touch move 614 1186
11-01 00:53:13.976  4049  4049 D MonkeyStub: translateCommand: touch move 614 1061
11-01 00:53:14.116  4049  4049 D MonkeyStub: translateCommand: touch move 614 937
11-01 00:53:14.238  4049  4049 D MonkeyStub: translateCommand: touch move 614 812
11-01 00:53:14.349  4049  4049 D MonkeyStub: translateCommand: touch move 614 687
11-01 00:53:14.481  4049  4049 D MonkeyStub: translateCommand: touch move 614 562
11-01 00:53:14.603  4049  4049 D MonkeyStub: translateCommand: touch move 614 437
11-01 00:53:14.713  4049  4049 D MonkeyStub: translateCommand: touch move 614 312
11-01 00:53:14.722  4049  4049 D MonkeyStub: translateCommand: touch up 614 312
11-01 00:53:18.779  4049  4049 D MonkeyStub: translateCommand: touch down 614 1561
11-01 00:53:18.793  4049  4049 D MonkeyStub: translateCommand: touch move 614 1561
11-01 00:53:18.909  4049  4049 D MonkeyStub: translateCommand: touch move 614 1436
11-01 00:53:19.025  4049  4049 D MonkeyStub: translateCommand: touch move 614 1311
11-01 00:53:19.139  4049  4049 D MonkeyStub: translateCommand: touch move 614 1186
11-01 00:53:19.250  4049  4049 D MonkeyStub: translateCommand: touch move 614 1061
11-01 00:53:19.369  4049  4049 D MonkeyStub: translateCommand: touch move 614 937
11-01 00:53:19.496  4049  4049 D MonkeyStub: translateCommand: touch move 614 812
11-01 00:53:19.606  4049  4049 D MonkeyStub: translateCommand: touch move 614 687
11-01 00:53:19.717  4049  4049 D MonkeyStub: translateCommand: touch move 614 562
11-01 00:53:19.828  4049  4049 D MonkeyStub: translateCommand: touch move 614 437
11-01 00:53:19.948  4049  4049 D MonkeyStub: translateCommand: touch move 614 312
11-01 00:53:19.972  4049  4049 D MonkeyStub: translateCommand: touch up 614 312
11-01 00:53:19.978  4049  4049 D MonkeyStub: Quit requested
11-01 00:53:20.011  4049  4049 I art     : System.exit called, status: 121
11-01 00:53:20.011  4049  4049 I AndroidRuntime: VM exiting with result code 121.
11-01 00:53:20.014   600   614 I CwMcuSensor: CwMcuSensor::flush: fd = 254, sensors_id = 0, path = /sys/class/htc_sensorhub/sensor_hub/flush, err = 0
11-01 00:53:20.067   600  7064 W WindowManager: Attempted to remove non-existing token: android.os.Binder@b01601b
11-01 00:53:29.603   243  4144 D NvOsDebugPrintf: TVMR: TVMRFrameDelivery: 3741: Closing TVMR Frame Delivery Thread -------------
11-01 00:53:29.607   243  4141 D NvOsDebugPrintf: TVMR: NvMMDecTVMRDestroyParser: 4224: NvAvpClose
11-01 00:53:29.609   243  4141 D NvOsDebugPrintf: TVMR: NvMMLiteTVMRDecBlockClose: 5163: Done 
11-01 00:53:36.655  4171  4171 D AndroidRuntime: >>>>>> START com.android.internal.os.RuntimeInit uid 2000 <<<<<<
11-01 00:53:36.666  4171  4171 D AndroidRuntime: CheckJNI is OFF
11-01 00:53:36.841  4171  4171 D ICU     : No timezone override file found: /data/misc/zoneinfo/current/icu/icu_tzdata.dat
11-01 00:53:36.933  4171  4171 I Radio-JNI: register_android_hardware_Radio DONE
11-01 00:53:36.981  4171  4171 D AndroidRuntime: Calling main entry com.android.commands.am.Am
11-01 00:53:37.018   600  2707 I ActivityManager: Force stopping com.opera.browser appid=10122 user=0: from pid 4171
11-01 00:53:37.018   600  2707 I ActivityManager: Killing 3711:com.opera.browser:privileged_process0/u0a122 (adj 0): stop com.opera.browser
11-01 00:53:37.019   600  2707 D ActivityManager: cleanUpApplicationRecord -- 3711
11-01 00:53:37.019   600  2707 W ActivityManager: Scheduling restart of crashed service com.opera.browser/com.opera.android.browser.chromium.services.PrivilegedProcessService0 in 1000ms
11-01 00:53:37.020   600  2707 I ActivityManager: Killing 3571:com.opera.browser/u0a122 (adj 0): stop com.opera.browser
11-01 00:53:37.020   600  2707 D ActivityManager: cleanUpApplicationRecord -- 3571
11-01 00:53:37.026   600  2707 W ActivityManager: Force removing ActivityRecord{8a9db7c u0 com.opera.browser/com.opera.android.BrowserActivity t2556}: app died, no saved state
11-01 00:53:37.048   600  2707 I ActivityManager: Killing 3993:com.opera.browser:sandboxed_process0/u0a122 (adj 0): stop com.opera.browser
11-01 00:53:37.048   600  2707 D ActivityManager: cleanUpApplicationRecord -- 3993
11-01 00:53:37.049  4171  4171 D AndroidRuntime: Shutting down VM
11-01 00:53:37.086 18269 18304 I OpenGLRenderer: Initialized EGL, version 1.4
11-01 00:53:37.086 18269 18304 D OpenGLRenderer: Swap behavior 2
11-01 00:53:37.173  1061  1061 D RegisteredNfcFServicesCache: Service unchanged, not updating
11-01 00:53:37.190 12218 19490 I AttachedClient: Adding client event 2 to pending list.
11-01 00:53:37.199 12218 12218 I OptInState: There is a new client and it does not support opt-in. Dropping request.
11-01 00:53:37.201 12218 12218 I MicroDetectionWorker: Micro detection mode: [mDetectionMode: [1]].
11-01 00:53:37.257 12218  4186 I MicroRecognitionRunner: Starting detection.
11-01 00:53:37.266 12218 12252 I MicrophoneInputStream: mic_starting com.google.android.apps.gsa.speech.audio.ae@f012cf3
11-01 00:53:37.273   238   285 I SoundTriggerHwService::Module: void android::SoundTriggerHwService::Module::onCallbackEvent(const sp<android::SoundTriggerHwService::CallbackEvent> &) mClient == 0
11-01 00:53:37.276   238  4189 I AudioFlinger: AudioFlinger's thread 0xef692180 ready to run
11-01 00:53:37.278 12218 12252 I MicrophoneInputStream: mic_started com.google.android.apps.gsa.speech.audio.ae@f012cf3
11-01 00:53:37.369 12218 12228 W art     : Suspending all threads took: 5.228ms
11-01 00:53:37.376 12218 12228 I art     : Background sticky concurrent mark sweep GC freed 3875(212KB) AllocSpace objects, 0(0B) LOS objects, 13% free, 6MB/7MB, paused 5.973ms total 116.785ms
11-01 00:53:37.435   600  1081 D ConnectivityService: ConnectivityService NetworkRequestInfo binderDied(NetworkRequest [ LISTEN id=2266, [ Capabilities: INTERNET&NOT_RESTRICTED&TRUSTED&FOREGROUND] ], android.os.BinderProxy@6522090)
11-01 00:53:37.436   600  3507 D GraphicsStats: Buffer count: 2
11-01 00:53:37.439   600  3509 D ConnectivityService: ConnectivityService NetworkRequestInfo binderDied(NetworkRequest [ LISTEN id=2265, [ Capabilities: INTERNET&NOT_RESTRICTED&TRUSTED&FOREGROUND] ], android.os.BinderProxy@643ed89)
11-01 00:53:37.440   600   649 E ConnectivityService: RemoteException caught trying to send a callback msg for NetworkRequest [ LISTEN id=2266, [ Capabilities: INTERNET&NOT_RESTRICTED&TRUSTED&FOREGROUND] ]
11-01 00:53:37.442   600   649 E ConnectivityService: RemoteException caught trying to send a callback msg for NetworkRequest [ LISTEN id=2265, [ Capabilities: INTERNET&NOT_RESTRICTED&TRUSTED&FOREGROUND] ]
11-01 00:53:37.443 20673 28372 I DiscoveryManager: Filter criteria(null) scannerFlags(0)
11-01 00:53:37.467 12218 12218 I MicroDetectionWorker: onReady
11-01 00:53:37.497 20673 28372 W GuestModeDeviceProber: setFilterCriteria
11-01 00:53:37.622 18269 18304 W OpenGLRenderer: Incorrectly called buildLayer on View: ShortcutAndWidgetContainer, destroying layer...
11-01 00:53:37.636  4184  4184 D AndroidRuntime: >>>>>> START com.android.internal.os.RuntimeInit uid 2000 <<<<<<
11-01 00:53:37.640  4184  4184 D AndroidRuntime: CheckJNI is OFF
11-01 00:53:37.707  4184  4184 D ICU     : No timezone override file found: /data/misc/zoneinfo/current/icu/icu_tzdata.dat
11-01 00:53:37.734  4184  4184 I Radio-JNI: register_android_hardware_Radio DONE
11-01 00:53:37.749  4184  4184 D AndroidRuntime: Calling main entry com.android.commands.pm.Pm
11-01 00:53:37.766   600  1080 I ActivityManager: Force stopping com.opera.browser appid=10122 user=0: clear data
11-01 00:53:37.767   600   613 I ActivityManager: Force stopping com.opera.browser appid=10122 user=-1: clearApplicationUserData
11-01 00:53:37.908   787   787 I GeofencerStateMachine: removeGeofences: removeRequest=RemoveGeofencingRequest[REMOVE_ALL packageName=com.opera.browser]
11-01 00:53:37.916  4184  4184 I art     : System.exit called, status: 0
11-01 00:53:37.916  4184  4184 I AndroidRuntime: VM exiting with result code 0.
11-01 00:53:37.917  1061  1061 D RegisteredNfcFServicesCache: Service unchanged, not updating
11-01 00:53:37.918   600   612 W ResourceType: No known package when getting value for resource number 0x7f100007
11-01 00:53:37.918   600   612 W ResourceType: No known package when getting value for resource number 0x7f13090c
11-01 00:53:37.922   600   612 W ResourceType: No known package when getting value for resource number 0x7f100005
11-01 00:53:37.922   600   612 W ResourceType: No known package when getting value for resource number 0x7f13090a
11-01 00:53:37.922   600   612 W ResourceType: No known package when getting value for resource number 0x7f100004
11-01 00:53:37.922   600   612 W ResourceType: No known package when getting value for resource number 0x7f130909
11-01 00:53:37.923   600   612 W ResourceType: No known package when getting value for resource number 0x7f100006
11-01 00:53:37.923   600   612 W ResourceType: No known package when getting value for resource number 0x7f13090b
11-01 00:53:38.208 20673 28372 I Icing   : doRemovePackageData com.opera.browser
11-01 00:53:38.280   787  4209 I Fitness : FitCleanupIntentOperation received Intent android.intent.action.PACKAGE_DATA_CLEARED [CONTEXT service_id=17 ]
