11-01 16:15:41.043 24219 24219 W CrUtilityMain: type=1400 audit(0.0:2143): avc: denied { setattr } for name="verified_contents.json" dev="dm-2" ino=57870 scontext=u:r:isolated_app:s0:c512,c768 tcontext=u:object_r:app_data_file:s0:c512,c768 tclass=file permissive=0
11-01 16:15:41.050 24206 24219 I chromium: [INFO:child_process_service.cc(69)] ChildProcessService: Exiting child process.
11-01 16:15:41.051   197   197 E lowmemorykiller: Error writing /proc/24206/oom_score_adj; errno=22
11-01 16:15:41.068   600  8928 I ActivityManager: Process com.android.chrome:sandboxed_process26 (pid 24206) has died
11-01 16:15:41.069 23440 23440 W chromium: [WARNING:compositor_view.cc(315)] Child process died (type=6) pid=24206)
11-01 16:15:41.070   600  8928 D ActivityManager: cleanUpApplicationRecord -- 24206
11-01 16:15:42.980 24032 24032 D MonkeyStub: translateCommand: touch down 614 1561
11-01 16:15:42.988 24032 24032 D MonkeyStub: translateCommand: touch move 614 1561
11-01 16:15:43.103 24032 24032 D MonkeyStub: translateCommand: touch move 614 1436
11-01 16:15:43.213 24032 24032 D MonkeyStub: translateCommand: touch move 614 1311
11-01 16:15:43.287   600 12440 I ActivityManager: Start proc 24223:com.android.chrome:sandboxed_process27/u0i273 for service com.android.chrome/org.chromium.content.app.SandboxedProcessService27
11-01 16:15:43.316 24223 24223 W boxed_process27: type=1400 audit(0.0:2144): avc: denied { getattr } for path="/data/data/com.android.chrome" dev="dm-2" ino=12190 scontext=u:r:isolated_app:s0:c512,c768 tcontext=u:object_r:app_data_file:s0:c512,c768 tclass=dir permissive=0
11-01 16:15:43.323 24032 24032 D MonkeyStub: translateCommand: touch move 614 1186
11-01 16:15:43.343 24223 24223 I cr_ChildProcessService: Creating new ChildProcessService pid=24223
11-01 16:15:43.401 24223 24236 I cr_LibraryLoader: Loaded native library version number "85.0.4183.127"
11-01 16:15:43.402 24223 24236 I cr_CachingUmaRecorder: Flushed 1 samples from 1 histograms.
11-01 16:15:43.416 24236 24236 W CrUtilityMain: type=1400 audit(0.0:2145): avc: denied { setattr } for name=5072656C6F61642044617461 dev="dm-2" ino=58700 scontext=u:r:isolated_app:s0:c512,c768 tcontext=u:object_r:app_data_file:s0:c512,c768 tclass=file permissive=0
11-01 16:15:43.416 24236 24236 W CrUtilityMain: type=1400 audit(0.0:2146): avc: denied { setattr } for name="manifest.json" dev="dm-2" ino=58830 scontext=u:r:isolated_app:s0:c512,c768 tcontext=u:object_r:app_data_file:s0:c512,c768 tclass=file permissive=0
11-01 16:15:43.419 24236 24236 W CrUtilityMain: type=1400 audit(0.0:2147): avc: denied { setattr } for name="verified_contents.json" dev="dm-2" ino=58846 scontext=u:r:isolated_app:s0:c512,c768 tcontext=u:object_r:app_data_file:s0:c512,c768 tclass=file permissive=0
11-01 16:15:43.427 24223 24236 I chromium: [INFO:child_process_service.cc(69)] ChildProcessService: Exiting child process.
11-01 16:15:43.428   197   197 E lowmemorykiller: Error writing /proc/24223/oom_score_adj; errno=22
11-01 16:15:43.433 24032 24032 D MonkeyStub: translateCommand: touch move 614 1061
11-01 16:15:43.445 23440 23440 W chromium: [WARNING:compositor_view.cc(315)] Child process died (type=6) pid=24223)
11-01 16:15:43.446   600  6822 I ActivityManager: Process com.android.chrome:sandboxed_process27 (pid 24223) has died
11-01 16:15:43.446   600  6822 D ActivityManager: cleanUpApplicationRecord -- 24223
11-01 16:15:43.542 24032 24032 D MonkeyStub: translateCommand: touch move 614 937
11-01 16:15:43.653 24032 24032 D MonkeyStub: translateCommand: touch move 614 812
11-01 16:15:43.779 24032 24032 D MonkeyStub: translateCommand: touch move 614 687
11-01 16:15:43.890 24032 24032 D MonkeyStub: translateCommand: touch move 614 562
11-01 16:15:44.002 24032 24032 D MonkeyStub: translateCommand: touch move 614 437
11-01 16:15:44.112 24032 24032 D MonkeyStub: translateCommand: touch move 614 312
11-01 16:15:44.129 24032 24032 D MonkeyStub: translateCommand: touch up 614 312
11-01 16:15:45.901   600 12440 I ActivityManager: Start proc 24241:com.android.chrome:sandboxed_process28/u0i274 for service com.android.chrome/org.chromium.content.app.SandboxedProcessService28
11-01 16:15:45.966 24241 24241 W boxed_process28: type=1400 audit(0.0:2148): avc: denied { getattr } for path="/data/data/com.android.chrome" dev="dm-2" ino=12190 scontext=u:r:isolated_app:s0:c512,c768 tcontext=u:object_r:app_data_file:s0:c512,c768 tclass=dir permissive=0
11-01 16:15:45.998 24241 24241 I cr_ChildProcessService: Creating new ChildProcessService pid=24241
11-01 16:15:46.057 24241 24254 I cr_LibraryLoader: Loaded native library version number "85.0.4183.127"
11-01 16:15:46.058 24241 24254 I cr_CachingUmaRecorder: Flushed 1 samples from 1 histograms.
11-01 16:15:46.069 24254 24254 W CrUtilityMain: type=1400 audit(0.0:2149): avc: denied { setattr } for name="tls_deprecation_config.pb" dev="dm-2" ino=59219 scontext=u:r:isolated_app:s0:c512,c768 tcontext=u:object_r:app_data_file:s0:c512,c768 tclass=file permissive=0
11-01 16:15:46.069 24254 24254 W CrUtilityMain: type=1400 audit(0.0:2150): avc: denied { setattr } for name="manifest.json" dev="dm-2" ino=59250 scontext=u:r:isolated_app:s0:c512,c768 tcontext=u:object_r:app_data_file:s0:c512,c768 tclass=file permissive=0
11-01 16:15:46.073 24254 24254 W CrUtilityMain: type=1400 audit(0.0:2151): avc: denied { setattr } for name="verified_contents.json" dev="dm-2" ino=59354 scontext=u:r:isolated_app:s0:c512,c768 tcontext=u:object_r:app_data_file:s0:c512,c768 tclass=file permissive=0
11-01 16:15:46.080 24241 24254 I chromium: [INFO:child_process_service.cc(69)] ChildProcessService: Exiting child process.
11-01 16:15:46.105   600   819 I ActivityManager: Process com.android.chrome:sandboxed_process28 (pid 24241) has died
11-01 16:15:46.105   600   819 D ActivityManager: cleanUpApplicationRecord -- 24241
11-01 16:15:46.107 23440 23440 W chromium: [WARNING:compositor_view.cc(315)] Child process died (type=6) pid=24241)
11-01 16:15:46.154 24032 24032 D MonkeyStub: Quit requested
11-01 16:15:46.166 24032 24032 I art     : System.exit called, status: 58
11-01 16:15:46.166 24032 24032 I AndroidRuntime: VM exiting with result code 58.
11-01 16:15:46.167   600   614 I CwMcuSensor: CwMcuSensor::flush: fd = 228, sensors_id = 0, path = /sys/class/htc_sensorhub/sensor_hub/flush, err = 0
11-01 16:15:46.189   600  5522 W WindowManager: Attempted to remove non-existing token: android.os.Binder@cb2f3b6
11-01 16:15:48.862   600  8928 I ActivityManager: Start proc 24259:com.android.chrome:sandboxed_process29/u0i275 for service com.android.chrome/org.chromium.content.app.SandboxedProcessService29
11-01 16:15:48.913 24259 24259 W boxed_process29: type=1400 audit(0.0:2152): avc: denied { getattr } for path="/data/data/com.android.chrome" dev="dm-2" ino=12190 scontext=u:r:isolated_app:s0:c512,c768 tcontext=u:object_r:app_data_file:s0:c512,c768 tclass=dir permissive=0
11-01 16:15:48.932 24259 24259 I cr_ChildProcessService: Creating new ChildProcessService pid=24259
11-01 16:15:48.970 24259 24272 I cr_LibraryLoader: Loaded native library version number "85.0.4183.127"
11-01 16:15:48.971 24259 24272 I cr_CachingUmaRecorder: Flushed 1 samples from 1 histograms.
11-01 16:15:48.983 24272 24272 W CrUtilityMain: type=1400 audit(0.0:2153): avc: denied { setattr } for name="safety_tips.pb" dev="dm-2" ino=59214 scontext=u:r:isolated_app:s0:c512,c768 tcontext=u:object_r:app_data_file:s0:c512,c768 tclass=file permissive=0
11-01 16:15:48.986 24272 24272 W CrUtilityMain: type=1400 audit(0.0:2154): avc: denied { setattr } for name="manifest.json" dev="dm-2" ino=59477 scontext=u:r:isolated_app:s0:c512,c768 tcontext=u:object_r:app_data_file:s0:c512,c768 tclass=file permissive=0
11-01 16:15:48.986 24272 24272 W CrUtilityMain: type=1400 audit(0.0:2155): avc: denied { setattr } for name="verified_contents.json" dev="dm-2" ino=59969 scontext=u:r:isolated_app:s0:c512,c768 tcontext=u:object_r:app_data_file:s0:c512,c768 tclass=file permissive=0
11-01 16:15:48.996 24259 24259 I cr_ChildProcessService: Destroying ChildProcessService pid=24259
11-01 16:15:48.997 24259 24259 I art     : System.exit called, status: 0
11-01 16:15:48.997 24259 24259 I AndroidRuntime: VM exiting with result code 0, cleanup skipped.
11-01 16:15:49.021   600  8928 I ActivityManager: Process com.android.chrome:sandboxed_process29 (pid 24259) has died
11-01 16:15:49.021   600  8928 D ActivityManager: cleanUpApplicationRecord -- 24259
11-01 16:15:49.023 23440 23440 W chromium: [WARNING:compositor_view.cc(315)] Child process died (type=6) pid=24259)
11-01 16:15:58.050   246   939 D NuPlayerDriver: reset(0xf2520b40) at state 4
11-01 16:15:58.051   246   939 D NuPlayerDriver: notifyListener_l(0xf2520b40), (8, 0, 0), loop setting(0, 0)
11-01 16:15:58.051   246 23995 D NuPlayerDriver: notifyResetComplete(0xf2520b40)
11-01 16:16:01.901 21655 22175 I Icing   : IndexChimeraService.getServiceInterface callingPackage=com.android.chrome componentName=null serviceId=36
11-01 16:16:01.927 21655 22249 W Icing   : No valid account for uploading user actions
11-01 16:16:01.968 21655 22245 I Icing   : IndexChimeraService.getServiceInterface callingPackage=com.google.android.gms componentName=null serviceId=30
11-01 16:16:02.003 21655 22249 I Icing   : Usage reports ok 2, Failed Usage reports 0, indexed 1, rejected 0
11-01 16:16:02.006 21655 22249 W Icing   : No valid account for uploading user actions
11-01 16:16:02.017 21655 22249 I Icing   : Usage reports ok 0, Failed Usage reports 0, indexed 0, rejected 0
11-01 16:16:02.019 21655 22249 I Icing   : Indexing com.android.chrome-omnibox from com.android.chrome
11-01 16:16:02.047 21655 22249 I Icing   : Indexing done com.android.chrome-omnibox
11-01 16:16:02.237 24293 24293 D AndroidRuntime: >>>>>> START com.android.internal.os.RuntimeInit uid 2000 <<<<<<
11-01 16:16:02.241 24293 24293 D AndroidRuntime: CheckJNI is OFF
11-01 16:16:02.306 24293 24293 D ICU     : No timezone override file found: /data/misc/zoneinfo/current/icu/icu_tzdata.dat
11-01 16:16:02.338 24293 24293 I Radio-JNI: register_android_hardware_Radio DONE
11-01 16:16:02.355 24293 24293 D AndroidRuntime: Calling main entry com.android.commands.am.Am
11-01 16:16:02.371   600  1484 I ActivityManager: Force stopping com.android.chrome appid=10035 user=0: from pid 24293
11-01 16:16:02.371   600  1484 I ActivityManager: Killing 23503:com.android.chrome:privileged_process0/u0a35 (adj 0): stop com.android.chrome
11-01 16:16:02.371   600  1484 D ActivityManager: cleanUpApplicationRecord -- 23503
11-01 16:16:02.372   600  1484 W ActivityManager: Scheduling restart of crashed service com.android.chrome/org.chromium.content.app.PrivilegedProcessService0 in 1000ms
11-01 16:16:02.372   600  1484 I ActivityManager: Killing 23440:com.android.chrome/u0a35 (adj 0): stop com.android.chrome
11-01 16:16:02.372   600  1484 D ActivityManager: cleanUpApplicationRecord -- 23440
11-01 16:16:02.377 23814 23814 I MemoryTrimmer: Trimming objects from memory, since app is in the background.
11-01 16:16:02.380   600  1484 W ActivityManager: Force removing ActivityRecord{3fd91bf u0 com.android.chrome/com.google.android.apps.chrome.Main t1309}: app died, no saved state
11-01 16:16:02.382 23475 23475 I cr_ChildProcessService: Destroying ChildProcessService pid=23475
11-01 16:16:02.387 23475 23475 I art     : System.exit called, status: 0
11-01 16:16:02.387 23475 23475 I AndroidRuntime: VM exiting with result code 0, cleanup skipped.
11-01 16:16:02.387   600  1484 I ActivityManager: Killing 23910:com.android.chrome:sandboxed_process19/u0a35i265 (adj 0): isolated not needed
11-01 16:16:02.387   600  1484 I ActivityManager: Killing 23475:com.android.chrome:sandboxed_process0/u0a35i246 (adj 0): isolated not needed
11-01 16:16:02.391 24293 24293 D AndroidRuntime: Shutting down VM
11-01 16:16:02.416  1075  1164 I OpenGLRenderer: Initialized EGL, version 1.4
11-01 16:16:02.416  1075  1164 D OpenGLRenderer: Swap behavior 2
11-01 16:16:02.436  1058  1058 D RegisteredNfcFServicesCache: Service unchanged, not updating
11-01 16:16:02.505 23814 31540 I AttachedClient: Adding client event 2 to pending list.
11-01 16:16:02.512 23814 23814 I OptInState: There is a new client and it does not support opt-in. Dropping request.
11-01 16:16:02.514 23814 23814 I MicroDetectionWorker: Micro detection mode: [mDetectionMode: [1]].
11-01 16:16:02.529 23814 24308 I MicroRecognitionRunner: Starting detection.
11-01 16:16:02.543 23814 23862 I MicrophoneInputStream: mic_starting com.google.android.apps.gsa.speech.audio.ae@ea56dbd
11-01 16:16:02.546   238 24310 I AudioFlinger: AudioFlinger's thread 0xec312040 ready to run
11-01 16:16:02.551   238   286 I SoundTriggerHwService::Module: void android::SoundTriggerHwService::Module::onCallbackEvent(const sp<android::SoundTriggerHwService::CallbackEvent> &) mClient == 0
11-01 16:16:02.554 23814 23862 I MicrophoneInputStream: mic_started com.google.android.apps.gsa.speech.audio.ae@ea56dbd
11-01 16:16:02.588   600  5522 D ConnectivityService: ConnectivityService NetworkRequestInfo binderDied(NetworkRequest [ LISTEN id=343, [ Capabilities: INTERNET&NOT_RESTRICTED&TRUSTED&FOREGROUND] ], android.os.BinderProxy@2c07d28)
11-01 16:16:02.589   600  5522 D ConnectivityService: ConnectivityService NetworkRequestInfo binderDied(NetworkRequest [ LISTEN id=341, [ Capabilities: INTERNET&NOT_RESTRICTED&TRUSTED&FOREGROUND] ], android.os.BinderProxy@707aa41)
11-01 16:16:02.589   600  5522 D ConnectivityService: ConnectivityService NetworkRequestInfo binderDied(NetworkRequest [ LISTEN id=340, [ Capabilities: INTERNET&NOT_RESTRICTED&TRUSTED&FOREGROUND] ], android.os.BinderProxy@3697be6)
11-01 16:16:02.589   600  5522 D ConnectivityService: ConnectivityService NetworkRequestInfo binderDied(NetworkRequest [ LISTEN id=342, [ Capabilities: INTERNET&NOT_RESTRICTED&TRUSTED&FOREGROUND] ], android.os.BinderProxy@18e0527)
11-01 16:16:02.590   600  5522 D GraphicsStats: Buffer count: 2
11-01 16:16:02.591   600   649 E ConnectivityService: RemoteException caught trying to send a callback msg for NetworkRequest [ LISTEN id=343, [ Capabilities: INTERNET&NOT_RESTRICTED&TRUSTED&FOREGROUND] ]
11-01 16:16:02.591   600   649 E ConnectivityService: RemoteException caught trying to send a callback msg for NetworkRequest [ LISTEN id=341, [ Capabilities: INTERNET&NOT_RESTRICTED&TRUSTED&FOREGROUND] ]
11-01 16:16:02.591   600   649 E ConnectivityService: RemoteException caught trying to send a callback msg for NetworkRequest [ LISTEN id=340, [ Capabilities: INTERNET&NOT_RESTRICTED&TRUSTED&FOREGROUND] ]
11-01 16:16:02.592   600   649 E ConnectivityService: RemoteException caught trying to send a callback msg for NetworkRequest [ LISTEN id=342, [ Capabilities: INTERNET&NOT_RESTRICTED&TRUSTED&FOREGROUND] ]
11-01 16:16:02.603   600  8928 D ActivityManager: cleanUpApplicationRecord -- 23475
11-01 16:16:02.621   600   713 D ActivityManager: cleanUpApplicationRecord -- 23910
11-01 16:16:02.744 23814 23814 I MicroDetectionWorker: onReady
11-01 16:16:02.909 24311 24311 D AndroidRuntime: >>>>>> START com.android.internal.os.RuntimeInit uid 2000 <<<<<<
11-01 16:16:02.913 24311 24311 D AndroidRuntime: CheckJNI is OFF
11-01 16:16:02.963  1075  1164 W OpenGLRenderer: Incorrectly called buildLayer on View: ShortcutAndWidgetContainer, destroying layer...
11-01 16:16:02.984 24311 24311 D ICU     : No timezone override file found: /data/misc/zoneinfo/current/icu/icu_tzdata.dat
11-01 16:16:03.013 24311 24311 I Radio-JNI: register_android_hardware_Radio DONE
11-01 16:16:03.029 24311 24311 D AndroidRuntime: Calling main entry com.android.commands.pm.Pm
11-01 16:16:03.042   600  1068 I ActivityManager: Force stopping com.android.chrome appid=10035 user=0: clear data
11-01 16:16:03.043   600   613 I ActivityManager: Force stopping com.android.chrome appid=10035 user=-1: clearApplicationUserData
11-01 16:16:03.083   785   785 I GeofencerStateMachine: removeGeofences: removeRequest=RemoveGeofencingRequest[REMOVE_ALL packageName=com.android.chrome]
11-01 16:16:03.085   600   612 W ResourceType: No known package when getting value for resource number 0x7f080316
11-01 16:16:03.085   600   612 W ResourceType: No known package when getting value for resource number 0x7f130448
11-01 16:16:03.085   600   612 W ResourceType: No known package when getting value for resource number 0x7f080315
11-01 16:16:03.085   600   612 W ResourceType: No known package when getting value for resource number 0x7f130123
11-01 16:16:03.085   600   612 W ResourceType: No known package when getting value for resource number 0x7f130447
11-01 16:16:03.085   600   612 W ResourceType: No known package when getting value for resource number 0x7f1302e4
11-01 16:16:03.087   600   612 E ShortcutService: Ignoring excessive intent tag.
11-01 16:16:03.089  1058  1058 D RegisteredNfcFServicesCache: Service unchanged, not updating
11-01 16:16:03.090 24311 24311 I art     : System.exit called, status: 0
11-01 16:16:03.090 24311 24311 I AndroidRuntime: VM exiting with result code 0.
11-01 16:16:03.134 21655 22249 I Icing   : doRemovePackageData com.android.chrome
11-01 16:16:03.134 21655 22249 I Icing   : Removing corpus key com.android.chrome-.implicit: for package com.android.chrome
11-01 16:16:03.161   785 24334 I Fitness : FitCleanupIntentOperation received Intent android.intent.action.PACKAGE_DATA_CLEARED [CONTEXT service_id=17 ]
11-01 16:16:03.169 21655 22249 I native  : flash-index.cc:1519 Flash index sort hb 54 prefix-hits 114 -> 104 at 5.669ms
11-01 16:16:03.204 21655 22249 I Icing   : Removing corpus key com.android.chrome-omnibox for package com.android.chrome
11-01 16:16:03.258 21655 22249 I Icing   : Starting compaction min disk 99.926% min index 99.987%
11-01 16:16:03.391 21655 22249 I native  : document-store.cc:1654 Scored 2873 usage reports, missing_corpora 1572 update_failed 1
11-01 16:16:03.421 21655 22249 W native  : words-map.cc:30 INVALID_ARGUMENT: Empty URI
11-01 16:16:03.421 21655 22249 W native  : words-map.cc:34 WordsMap was not properly initialized
11-01 16:16:03.503 21655 22249 E native  : compactor.cc:67 Could not index embedding for docid 1: INTERNAL: Unable to find Thing Proto section 
11-01 16:16:03.504 21655 22249 E native  : compactor.cc:67 Could not index embedding for docid 3: INTERNAL: Unable to find Thing Proto section 
11-01 16:16:03.504 21655 22249 E native  : compactor.cc:67 Could not index embedding for docid 5: INTERNAL: Unable to find Thing Proto section 
11-01 16:16:03.504 21655 22249 E native  : compactor.cc:67 Could not index embedding for docid 7: INTERNAL: Unable to find Thing Proto section 
11-01 16:16:03.509 21655 22249 E native  : compactor.cc:67 Could not index embedding for docid 8: INTERNAL: Unable to find Thing Proto section 
11-01 16:16:03.509 21655 22249 E native  : compactor.cc:67 Could not index embedding for docid 10: INTERNAL: Unable to find Thing Proto section 
11-01 16:16:03.510 21655 22249 E native  : compactor.cc:67 Could not index embedding for docid 11: INTERNAL: Unable to find Thing Proto section 
11-01 16:16:03.510 21655 22249 E native  : compactor.cc:67 Could not index embedding for docid 13: INTERNAL: Unable to find Thing Proto section 
11-01 16:16:03.510 21655 22249 E native  : compactor.cc:67 Could not index embedding for docid 14: INTERNAL: Unable to find Thing Proto section 
11-01 16:16:03.515 21655 22249 E native  : compactor.cc:67 Could not index embedding for docid 17: INTERNAL: Unable to find Thing Proto section 
11-01 16:16:03.515 21655 22249 E native  : compactor.cc:67 Could not index embedding for docid 18: INTERNAL: Unable to find Thing Proto section 
11-01 16:16:03.516 21655 22249 E native  : compactor.cc:67 Could not index embedding for docid 21: INTERNAL: Unable to find Thing Proto section 
11-01 16:16:03.516 21655 22249 E native  : compactor.cc:67 Could not index embedding for docid 22: INTERNAL: Unable to find Thing Proto section 
11-01 16:16:03.521 21655 22249 E native  : compactor.cc:67 Could not index embedding for docid 26: INTERNAL: Unable to find Thing Proto section 
11-01 16:16:03.521 21655 22249 E native  : compactor.cc:67 Could not index embedding for docid 27: INTERNAL: Unable to find Thing Proto section 
11-01 16:16:03.570 21655 22249 I native  : flash-index.cc:1519 Flash index sort hb 34 prefix-hits 54 -> 54 at 28.522ms
11-01 16:16:03.598 21655 22249 W native  : words-map.cc:30 INVALID_ARGUMENT: Empty URI
11-01 16:16:03.598 21655 22249 W native  : words-map.cc:34 WordsMap was not properly initialized
11-01 16:16:03.628 21655 22249 I Icing   : updateResources: need to parse acol{com.android.chrome}
11-01 16:16:03.683 21655 22249 I Icing   : Indexing com.android.chrome-omnibox from com.android.chrome
11-01 16:16:03.694   600  5522 I ActivityManager: Start proc 24338:com.android.chrome/u0a35 for content provider com.android.chrome/com.google.android.apps.chrome.icing.IcingProvider
11-01 16:16:03.781 21655 22249 I Icing   : Indexing done com.android.chrome-omnibox
11-01 16:16:03.957   785   785 W GCM     : broadcast intent callback: result=CANCELLED forIntent { act=com.google.android.c2dm.intent.RECEIVE pkg=com.opera.browser (has extras) }
