11-01 01:06:31.461  7992  8051 I TaskQueue:  - Finished 5, time 27 ms
11-01 01:06:31.462  7992  8051 I TaskQueue: Execute task [USER_FACING - d: false, b: 2]: 24
11-01 01:06:31.482  7992  8051 I TimeoutSessionImpl: TimeoutSession.populateModelProvider, shouldAppend false
11-01 01:06:31.482  7992  8051 I SessionImpl: PopulateModelProvider 32 items
11-01 01:06:31.482  7992  8051 I FeedModelProvider: FeedModelProvider - committer, structure changes 31, update changes 0
11-01 01:06:31.488  7992  8051 I FeedModelProvider: SyntheticTokenTracker: 0, 11, 11, false
11-01 01:06:31.490  7992  8051 I FeedSessionManagerImpl: Caching getStreamFeatures - items 31, cache misses 0, cache size 31
11-01 01:06:31.490  7992  8051 I FeedModelProvider: Moving _session:ef612f3a-b3f7-4a0f-a220-856589e50263 to READY
11-01 01:06:31.491  7992  8051 I MainThreadRunner: Running task [FeedModelProvider onSessionStart] on the Main Thread
11-01 01:06:31.491  7992  8051 I FeedModelProvider: ModelProvider Mutation committed - structure changes 31, childrenToBind 31, removedChildren false, Token false
11-01 01:06:31.497  7992  7992 I FeedModelProvider: No children found for Cursor
11-01 01:06:31.507  8462  8462 W boxed_process18: type=1400 audit(0.0:16809): avc: denied { getattr } for path="/data/data/com.android.chrome" dev="dm-2" ino=12190 scontext=u:r:isolated_app:s0:c512,c768 tcontext=u:object_r:app_data_file:s0:c512,c768 tclass=dir permissive=0
11-01 01:06:31.507  7992  8051 I FeedSessionManagerImpl: Populate new session: _session:ef612f3a-b3f7-4a0f-a220-856589e50263, creation time 11-01 01:06:31.478
11-01 01:06:31.507  7992  8051 I TimingUtils: Task Timing  44ms, thread background-2 | task : Create/Populate New Session
11-01 01:06:31.508  7992  8051 I TaskQueue:  - Finished 24, time 46 ms
11-01 01:06:31.508  7992  8051 I TaskQueue: Execute task [BACKGROUND - d: false, b: 1]: 11
11-01 01:06:31.508  7992  8051 I ContentGc: Re-enqueuing triggerContentGc; attempts(0)
11-01 01:06:31.508  7992  8051 I TaskQueue:  - task [BACKGROUND - d: false, b: 1]: 11
11-01 01:06:31.508  7992  8051 I TaskQueue:  - Finished 11, time 1 ms
11-01 01:06:31.512  7992  8051 I TaskQueue: Execute task [BACKGROUND - d: false, b: 1]: 23
11-01 01:06:31.563  8462  8462 I cr_ChildProcessService: Creating new ChildProcessService pid=8462
11-01 01:06:31.632   600   609 I art     : Background partial concurrent mark sweep GC freed 57346(2MB) AllocSpace objects, 45(1232KB) LOS objects, 33% free, 17MB/26MB, paused 915us total 320.363ms
11-01 01:06:31.633  8462  8476 I cr_LibraryLoader: Loaded native library version number "85.0.4183.127"
11-01 01:06:31.634  8462  8476 I cr_CachingUmaRecorder: Flushed 1 samples from 1 histograms.
11-01 01:06:31.656  7992  8051 I TimingUtils: Task Timing 144ms, thread background-3 | task : commitContentMutation | mutations : 32
11-01 01:06:31.658  7992  8051 I TimingUtils: Task Timing   1ms, thread background-4 | task : commitSemanticPropertiesMutation | mutations : 0
11-01 01:06:31.658  7992  8051 I TaskQueue:  - Finished 23, time 150 ms
11-01 01:06:31.659  7992  8051 I TaskQueue: Execute task [BACKGROUND - d: false, b: 0]: 11
11-01 01:06:31.663  7992  8051 I SessionCache: Determining accessible content
11-01 01:06:31.667  7992  8051 I TimingUtils: Task Timing   6ms, thread background-5 | task : ContentGc | contentItemsRemoved : 0
11-01 01:06:31.667  7992  8051 I TaskQueue:  - Finished 11, time 8 ms
11-01 01:06:31.707  7992  8054 W chromium: [WARNING:spdy_session.cc(3090)] Received RST for invalid stream1
11-01 01:06:31.821   600  1079 D ActivityManager: cleanUpApplicationRecord -- 8252
11-01 01:06:31.856  7992  7992 W chromium: [WARNING:compositor_view.cc(315)] Child process died (type=6) pid=8252)
11-01 01:06:31.858   600   611 W ActivityManager: Unable to start service Intent { act=com.google.android.play.core.splitinstall.BIND_SPLIT_INSTALL_SERVICE pkg=com.android.vending } U=0: not found
11-01 01:06:31.996  7992  8199 I PlayCore: UID: [10035]  PID: [7992] SplitInstallService : Failed to bind to the service.
11-01 01:06:32.463 20673  6140 W Icing   : No valid account for uploading user actions
11-01 01:06:32.481  7992  7992 W chromium: [WARNING:compositor_view.cc(315)] Child process died (type=6) pid=8396)
11-01 01:06:32.483   600  3507 D ActivityManager: cleanUpApplicationRecord -- 8396
11-01 01:06:32.510 20673 21208 I Icing   : IndexChimeraService.getServiceInterface callingPackage=com.google.android.gms componentName=null serviceId=30
11-01 01:06:32.675   600 10249 D ActivityManager: cleanUpApplicationRecord -- 8223
11-01 01:06:32.691   787 28588 W Icing   : isOptedInForAppHistory: empty Account Name encountered
11-01 01:06:32.706   600  1076 D ActivityManager: cleanUpApplicationRecord -- 8363
11-01 01:06:32.723   787 28588 W Icing   : isOptedInForAppHistory: empty Account Name encountered
11-01 01:06:32.761   600  2707 D ActivityManager: cleanUpApplicationRecord -- 8190
11-01 01:06:32.774  7992  7992 W chromium: [WARNING:compositor_view.cc(315)] Child process died (type=6) pid=8363)
11-01 01:06:32.775  7992  7992 W chromium: [WARNING:compositor_view.cc(315)] Child process died (type=6) pid=8190)
11-01 01:06:32.775  7992  7992 W chromium: [WARNING:compositor_view.cc(315)] Child process died (type=6) pid=8223)
11-01 01:06:32.790   600 13631 D ActivityManager: cleanUpApplicationRecord -- 8130
11-01 01:06:32.793  7992  7992 W chromium: [WARNING:compositor_view.cc(315)] Child process died (type=6) pid=8130)
11-01 01:06:32.830   600  1082 D ActivityManager: cleanUpApplicationRecord -- 8328
11-01 01:06:32.846  7992  7992 W chromium: [WARNING:compositor_view.cc(315)] Child process died (type=6) pid=8328)
11-01 01:06:32.868  7992  7992 W chromium: [WARNING:compositor_view.cc(315)] Child process died (type=6) pid=8348)
11-01 01:06:32.877  7992  7992 W chromium: [WARNING:compositor_view.cc(315)] Child process died (type=6) pid=8308)
11-01 01:06:32.880  7992  7992 W chromium: [WARNING:compositor_view.cc(315)] Child process died (type=6) pid=8341)
11-01 01:06:32.884   600  3967 D ActivityManager: cleanUpApplicationRecord -- 8341
11-01 01:06:32.888   600  3507 D ActivityManager: cleanUpApplicationRecord -- 8308
11-01 01:06:32.889   600  3675 D ActivityManager: cleanUpApplicationRecord -- 8348
11-01 01:06:32.968   787  7704 W Icing   : isOptedInForAppHistory: empty Account Name encountered
11-01 01:06:33.035  7992  7992 E cr_BTSPrefs: No data found for task id: 53
11-01 01:06:33.036  7992  7992 E cr_BkgrdTaskScheduler: Task cannot be canceled because no data was found instorage or data was invalid
11-01 01:06:33.245 20673  6140 I Icing   : Usage reports ok 3, Failed Usage reports 0, indexed 1, rejected 0
11-01 01:06:33.247 20673  6140 W Icing   : No valid account for uploading user actions
11-01 01:06:33.270 20673  6140 I Icing   : Usage reports ok 1, Failed Usage reports 0, indexed 1, rejected 0
11-01 01:06:33.271 20673  6140 I Icing   : Removing corpus key com.android.chrome-omnibox for package com.android.chrome
11-01 01:06:33.288 20673  6140 I native  : flash-index.cc:1519 Flash index sort hb 6 prefix-hits 8 -> 8 at 7.617ms
11-01 01:06:33.360  7992  8051 W InstanceID: Instance ID SDK is deprecated, com.android.chrome should update to use Firebase Instance ID
11-01 01:06:33.407 20673  6140 I native  : document-store.cc:1654 Scored 2605 usage reports, missing_corpora 0 update_failed 1400
11-01 01:06:33.654  7992  7992 I cr_tabmodel: Appending tabs being restored to metadata lists, 0, startingNormalCount: 2, startingIncognitoCount: 0
11-01 01:06:33.657  7992  7992 I cr_tabmodel: Serializing tab lists; counts: 2, 0
11-01 01:06:33.919  7992  8050 I cr_omaha: Request to Server Successful. Timestamp for next request:1667264793919
11-01 01:06:33.965  7992  8050 I cr_omaha: Request to Server Successful. Timestamp for next request:1667264793965
11-01 01:06:33.965  7992  8050 I cr_omaha: Attempting to schedule next job for: Tue Nov 01 06:06:33 GMT+01:00 2022
11-01 01:06:33.968  7992  7992 I cr_omaha: Scheduled using JobService
11-01 01:06:33.968  7992  7992 E cr_BkgrdTaskJS: Tried finishing non-current BackgroundTask.
11-01 01:06:34.154 20673  6140 W Icing   : No valid account for uploading user actions
11-01 01:06:34.171 20673  6140 I Icing   : Usage reports ok 0, Failed Usage reports 0, indexed 0, rejected 0
11-01 01:06:34.175 20673  6140 I Icing   : Indexing com.android.chrome-omnibox from com.android.chrome
11-01 01:06:34.427 20673  6140 I Icing   : Indexing done com.android.chrome-omnibox
11-01 01:06:34.472  7992  7992 I cr_tabmodel: Appending tabs being restored to metadata lists, 0, startingNormalCount: 2, startingIncognitoCount: 0
11-01 01:06:34.472  7992  7992 I cr_tabmodel: Serializing tab lists; counts: 2, 0
11-01 01:06:35.106  7992  7992 V MediaRouter: Adding route: RouteInfo{ name=Tablet, description=null, status=null, category=RouteCategory{ name=null types=ROUTE_TYPE_LIVE_AUDIO ROUTE_TYPE_LIVE_VIDEO  groupable=false }, supportedTypes=ROUTE_TYPE_LIVE_AUDIO ROUTE_TYPE_LIVE_VIDEO , presentationDisplay=null }
11-01 01:06:35.109  7992  7992 V MediaRouter: Updating audio routes: AudioRoutesInfo{ type=SPEAKER }
11-01 01:06:35.116  7992  7992 V MediaRouter: Selecting route: RouteInfo{ name=Tablet, description=null, status=null, category=RouteCategory{ name=null types=ROUTE_TYPE_LIVE_AUDIO ROUTE_TYPE_LIVE_VIDEO  groupable=false }, supportedTypes=ROUTE_TYPE_LIVE_AUDIO ROUTE_TYPE_LIVE_VIDEO , presentationDisplay=null }
11-01 01:06:35.131  7992  7992 I MediaRouter: Found default route: MediaRouter.RouteInfo{ uniqueId=android/Qf:DEFAULT_ROUTE, name=Tablet, description=null, iconUri=null, enabled=true, connecting=false, connectionState=0, canDisconnect=false, playbackType=0, playbackStream=3, deviceType=0, volumeHandling=1, volume=0, volumeMax=15, presentationDisplayId=-1, extras=null, settingsIntent=null, providerPackageName=android }
11-01 01:06:35.131  7992  7992 I MediaRouter: Unselecting the current route because it is no longer selectable: null
11-01 01:06:35.145  7992  7992 V MediaRouter: Selecting route: RouteInfo{ name=Tablet, description=null, status=null, category=RouteCategory{ name=null types=ROUTE_TYPE_LIVE_AUDIO ROUTE_TYPE_LIVE_VIDEO  groupable=false }, supportedTypes=ROUTE_TYPE_LIVE_AUDIO ROUTE_TYPE_LIVE_VIDEO , presentationDisplay=null }
11-01 01:06:35.362  8056  8079 W VideoCapabilities: Unrecognized level 0 for video/x-vnd.on2.vp8
11-01 01:06:35.373  8056  8079 I VideoCapabilities: Unsupported profile 4 for video/mp4v-es
11-01 01:06:35.379  8056  8079 W cr_MediaCodecUtil: HW encoder for video/avc is not available on this device.
11-01 01:06:35.391  8056  8500 W VideoCapabilities: Unrecognized level 0 for video/x-vnd.on2.vp8
11-01 01:06:35.406  8056  8500 I VideoCapabilities: Unsupported profile 4 for video/mp4v-es
11-01 01:06:35.415 20673  6140 I CastDatabase: Opening the database
11-01 01:06:35.424 20673 20673 I DiscoveryManager: WifiGuestModeDeviceScanner enabled.
11-01 01:06:35.431   600   647 I WifiHAL : Got channel list with 13 channels
11-01 01:06:35.432   600   647 I WifiHAL : Got channel list with 4 channels
11-01 01:06:35.433   600   647 I WifiHAL : Got channel list with 15 channels
11-01 01:06:35.448 20673  6140 I SQLiteCastStore: 2 CastNetworkInfo instances loaded, 1 CastDeviceInfo instances loaded, 0 paired guest mode devices loaded.
11-01 01:06:35.448 20673  6140 I DiscoveryManager: Filter criteria(37F83649) scannerFlags(0)
11-01 01:06:35.451 20673  6140 I CastDatabase: CastDeviceInfo created: V_9522fe19-9284-43a9-b6ae-6a6f6c53fc59
11-01 01:06:35.451 20673  6140 W GuestModeDeviceProber: setFilterCriteria
11-01 01:06:35.456 20673  6140 E DeviceScanner: [BLE] Failed to start scan because the Bluetooth is disabled.
11-01 01:06:35.457 20673  6140 W DatabaseProcessor: processLocalDevices: failed to get the network info with non-null bssid.
11-01 01:06:35.457 20673  6140 W DatabaseProcessor: processLocalDevices: failed to get the network info with non-null bssid.
11-01 01:06:35.460 20673  6140 E DeviceScanner: [BLE] Failed to start scan because the Bluetooth is disabled.
11-01 01:06:35.460 20673  6140 W DatabaseProcessor: processLocalDevices: failed to get the network info with non-null bssid.
11-01 01:06:35.460 20673  6140 W DatabaseProcessor: processLocalDevices: failed to get the network info with non-null bssid.
11-01 01:06:35.594   245   269 D MediaBufferGroup: creating MemoryDealer
11-01 01:06:35.594   246  8504 D NuPlayerDriver: notifyListener_l(0xf0220b40), (1, 0, 0), loop setting(0, 0)
11-01 01:06:35.595  7992  7992 D MediaPlayer: setSubtitleAnchor in MediaPlayer
11-01 01:06:35.605  7992  7992 W MediaPlayer: Couldn't open https://vod.video-cdn.net/F-TUvd9pk8UYjAqC7mYdAm/4312z8mUGRLb5UPsLza27-.aaa,828,596,1656,2356,.mp4.csmil/master.m3u8?set-cc-attribute=cc&hdnea=exp=1667261792~acl=/F-TUvd9pk8UYjAqC7mYdAm/4312z8mUGRLb5UPsLza27-.aaa,828,596,1656,2356,.mp4.csmil/*~hmac=78b07edcce4bc9ea52a1bcaf696c20978c0e0c56927548bea5e391f8db5f78bb: java.io.FileNotFoundException: No content provider: https://vod.video-cdn.net/F-TUvd9pk8UYjAqC7mYdAm/4312z8mUGRLb5UPsLza27-.aaa,828,596,1656,2356,.mp4.csmil/master.m3u8?set-cc-attribute=cc&hdnea=exp=1667261792~acl=/F-TUvd9pk8UYjAqC7mYdAm/4312z8mUGRLb5UPsLza27-.aaa,828,596,1656,2356,.mp4.csmil/*~hmac=78b07edcce4bc9ea52a1bcaf696c20978c0e0c56927548bea5e391f8db5f78bb
11-01 01:06:35.609   246  8508 I LiveSession: onConnect https://<suppressed>
11-01 01:06:35.611   246  8507 D NuPlayer: onSetVideoSurface(0xeb67f800, no video decoder)
11-01 01:06:35.653  8056  8072 E chromium: [ERROR:gles2_cmd_decoder.cc(7062)] [.RendererMainThread-0xd4f5b200]GL ERROR :GL_INVALID_OPERATION : glGetIntegerv: incomplete framebuffer
11-01 01:06:35.654  8056  8072 E chromium: [ERROR:gles2_cmd_decoder.cc(7062)] [.RendererMainThread-0xd4f5b200]GL ERROR :GL_INVALID_OPERATION : glGetIntegerv: incomplete framebuffer
11-01 01:06:35.654  8056  8072 E chromium: [ERROR:gles2_cmd_decoder.cc(7062)] [.RendererMainThread-0xd4f5b200]GL ERROR :GL_INVALID_OPERATION : glGetIntegerv: incomplete framebuffer
11-01 01:06:35.655  8056  8072 E chromium: [ERROR:gles2_cmd_decoder.cc(7062)] [.RendererMainThread-0xd4f5b200]GL ERROR :GL_INVALID_OPERATION : glGetIntegerv: incomplete framebuffer
11-01 01:06:35.676  8056  8072 E chromium: [ERROR:gles2_cmd_decoder.cc(4968)] [.RendererMainThread-0xd4f5b200]GL ERROR :GL_INVALID_FRAMEBUFFER_OPERATION : glClear: framebuffer incomplete
11-01 01:06:36.166   246  8508 I LiveSession: #### Starting Bandwidth Switch: -1 => 0
11-01 01:06:36.755   246  8509 I ESQueue : found something resembling an H.264/MPEG syncword at offset 1
11-01 01:06:36.757   246  8509 I avc_utils: found AVC codec config (512 x 288, Baseline-profile level 2.1)
11-01 01:06:36.757   246  8509 I ESQueue : found AAC codec config (44100 Hz, 1 channels)
11-01 01:06:37.168   246  8507 D NuPlayerDriver: notifyListener_l(0xf0220c60), (3, 3, 0), loop setting(0, 0)
11-01 01:06:37.168   246  8507 D NuPlayerDriver: notifyListener_l(0xf0220c60), (5, 512, 288), loop setting(0, 0)
11-01 01:06:37.168   246  8507 D NuPlayerDriver: notifyListener_l(0xf0220c60), (1, 0, 0), loop setting(0, 0)
11-01 01:06:37.174  7992  7992 D MediaPlayer: setSubtitleAnchor in MediaPlayer
11-01 01:06:37.187  7992  7992 D MediaPlayer: getMetadata
11-01 01:06:37.190   246   761 D NuPlayerDriver: seekTo(0xf0220c60) 0 ms at state 4
11-01 01:06:37.190   246   761 D NuPlayerDriver: notifyListener_l(0xf0220c60), (7, 0, 0), loop setting(0, 0)
11-01 01:06:37.196   246  8507 W NuPlayer: source has video meta but not file meta
11-01 01:06:37.196   246  8507 D NuPlayerDriver: notifyListener_l(0xf0220c60), (4, 0, 0), loop setting(0, 0)
11-01 01:06:37.196   246  8507 W NuPlayer: source has video meta but not file meta
11-01 01:06:37.197   246  8507 W NuPlayer: source has video meta but not file meta
11-01 01:06:37.201   246  8522 I MediaPlayerService: MediaPlayerService::getOMX
11-01 01:06:37.202   246  8522 I OMXClient: MuxOMX ctor
11-01 01:06:37.203   243 21682 I OMXMaster: makeComponentInstance(OMX.google.aac.decoder) in mediacodec process
11-01 01:06:37.209   246  8520 I MediaPlayerService: MediaPlayerService::getOMX
11-01 01:06:37.209   246  8520 I OMXClient: MuxOMX ctor
11-01 01:06:37.210   243  6645 I OMXMaster: makeComponentInstance(OMX.Nvidia.h264.decode) in mediacodec process
11-01 01:06:37.214   246  8519 I MediaCodec: [OMX.Nvidia.h264.decode] setting surface generation to 251986
11-01 01:06:37.216   243  3872 E OMXNodeInstance: setConfig(f3011d:google.aac.decoder, ConfigPriority(0x6f800002)) ERROR: Undefined(0x80001001)
11-01 01:06:37.216   246  8522 I ACodec  : codec does not support config priority (err -2147483648)
11-01 01:06:37.217   246  8522 I MediaCodec: MediaCodec will operate in async mode
11-01 01:06:37.218   243  6645 E OMXNodeInstance: getConfig(f3011e:Nvidia.h264.decode, ConfigCommonOutputCrop(0x700000f)) ERROR: BadParameter(0x80001005)
11-01 01:06:37.220   246  8519 I MediaCodec: MediaCodec will operate in async mode
11-01 01:06:37.225   246  8520 D SurfaceUtils: set up nativeWindow 0xeb67f808 for 512x288, color 0x106, rotation 0, usage 0x2b00
11-01 01:06:37.232   243  8525 D NvOsDebugPrintf: NvMMLiteOpen : Block : BlockType = 261 
11-01 01:06:37.233   243  8525 D NvOsDebugPrintf: TVMR: NvMMLiteTVMRDecBlockOpen: 5008: NvMMLiteBlockOpen 
11-01 01:06:37.234   243  8523 I SoftAAC2: Reconfiguring decoder: 0->44100 Hz, 0->1 channels
11-01 01:06:37.243   246  8517 D AudioTrack: Client defaulted notificationFrames to 7407 for frameCount 22221
11-01 01:06:37.247   243  8525 D NvOsDebugPrintf: NvMMLiteBlockCreate : Block : BlockType = 261 
11-01 01:06:37.262   243  8528 D NvOsDebugPrintf: TVMR: cbBeginSequence: 655: BeginSequence  512x288, bVPR = 0
11-01 01:06:37.262   243  8528 D NvOsDebugPrintf: TVMR: cbBeginSequence: 918: DecodeBuffers = 3 
11-01 01:06:37.263   243  8528 D NvOsDebugPrintf: TVMR: cbBeginSequence: 938: Display Resolution : (512x288) 
11-01 01:06:37.263   243  8528 D NvOsDebugPrintf: TVMR: cbBeginSequence: 939: Display Aspect Ratio : (512x288) 
11-01 01:06:37.263   243  8528 D NvOsDebugPrintf: TVMR: cbBeginSequence: 1041: SurfaceLayout = 3
11-01 01:06:37.263   243  8528 D NvOsDebugPrintf: TVMR: cbBeginSequence: 1071: NumOfSurfaces = 7, InteraceStream = 0, InterlaceEnabled = 0, bSecure = 0, MVC = 0 Semiplanar = 1, bReinit = 1 
11-01 01:06:37.263   243  8528 D NvOsDebugPrintf: Allocating new output: 512x288 (x 9), ThumbnailMode = 0
11-01 01:06:37.268   246  8520 D SurfaceUtils: set up nativeWindow 0xeb67f808 for 512x288, color 0x106, rotation 0, usage 0x2b00
11-01 01:06:37.268   243 31204 E OMXNodeInstance: setParameter(f3011e:Nvidia.h264.decode, ParamPortDefinition(0x2000001)) ERROR: UnsupportedSetting(0x80001019)
11-01 01:06:37.268   246  8520 W ACodec  : [OMX.Nvidia.h264.decode] setting nBufferCountActual to 14 failed: -1010
11-01 01:06:37.268   243   263 E OMXNodeInstance: setParameter(f3011e:Nvidia.h264.decode, ParamPortDefinition(0x2000001)) ERROR: UnsupportedSetting(0x80001019)
11-01 01:06:37.268   246  8520 W ACodec  : [OMX.Nvidia.h264.decode] setting nBufferCountActual to 13 failed: -1010
11-01 01:06:37.268   243  2208 E OMXNodeInstance: setParameter(f3011e:Nvidia.h264.decode, ParamPortDefinition(0x2000001)) ERROR: UnsupportedSetting(0x80001019)
11-01 01:06:37.268   246  8520 W ACodec  : [OMX.Nvidia.h264.decode] setting nBufferCountActual to 12 failed: -1010
11-01 01:06:37.283   246  8507 D NuPlayerDriver: notifyListener_l(0xf0220c60), (5, 512, 288), loop setting(0, 0)
11-01 01:06:38.168   246  8507 D NuPlayerDriver: notifyListener_l(0xf0220c60), (3, 4, 0), loop setting(0, 0)
11-01 01:06:38.458 20673 28372 W AdaptiveDiscoveryWorker: Exiting Adaptive Discovery. Current NetworkInfo is NULL.
11-01 01:06:38.642   246  8509 I ATSParser: discontinuity on stream pid 0x0100
11-01 01:06:38.643   246  8509 I ATSParser: discontinuity on stream pid 0x0101
11-01 01:06:38.697 20673 28372 W DatabaseProcessor: processLocalDevices: failed to get the network info with non-null bssid.
11-01 01:06:38.980  7992  7992 E cr_BTSPrefs: No data found for task id: 57
11-01 01:06:38.980  7992  7992 E cr_BkgrdTaskScheduler: Task cannot be canceled because no data was found instorage or data was invalid
11-01 01:06:38.982  7992  7992 E cr_BTSPrefs: No data found for task id: 56
11-01 01:06:38.982  7992  7992 E cr_BkgrdTaskScheduler: Task cannot be canceled because no data was found instorage or data was invalid
11-01 01:06:39.093  7992  8003 I art     : Background partial concurrent mark sweep GC freed 30862(1690KB) AllocSpace objects, 33(4MB) LOS objects, 39% free, 11MB/19MB, paused 389us total 108.528ms
11-01 01:06:39.168   246  8507 D NuPlayerDriver: notifyListener_l(0xf0220c60), (3, 5, 0), loop setting(0, 0)
11-01 01:06:40.012   246  8509 I ATSParser: discontinuity on stream pid 0x0100
11-01 01:06:40.015   246  8509 I ATSParser: discontinuity on stream pid 0x0101
11-01 01:06:40.170   246  8507 D NuPlayerDriver: notifyListener_l(0xf0220c60), (3, 14, 0), loop setting(0, 0)
11-01 01:06:40.185   600   647 I WifiHAL : Got channel list with 13 channels
11-01 01:06:40.190   600   647 I WifiHAL : Got channel list with 4 channels
11-01 01:06:40.195   600   647 I WifiHAL : Got channel list with 15 channels
11-01 01:06:40.933   246  8509 I ATSParser: discontinuity on stream pid 0x0100
11-01 01:06:40.935   246  8509 I ATSParser: discontinuity on stream pid 0x0101
11-01 01:06:41.170   246  8507 D NuPlayerDriver: notifyListener_l(0xf0220c60), (3, 18, 0), loop setting(0, 0)
11-01 01:06:41.717   246  8509 I ATSParser: discontinuity on stream pid 0x0100
11-01 01:06:41.718   246  8509 I ATSParser: discontinuity on stream pid 0x0101
11-01 01:06:42.170   246  8508 I LiveSession: #### Starting Bandwidth Switch: 0 => 2
11-01 01:06:42.170   246  8507 D NuPlayerDriver: notifyListener_l(0xf0220c60), (3, 23, 0), loop setting(0, 0)
11-01 01:06:43.618   246  8509 I ESQueue : found something resembling an H.264/MPEG syncword at offset 1
11-01 01:06:43.668   246  8509 I avc_utils: found AVC codec config (854 x 480, Baseline-profile level 3.0) SAR 1280 : 1281
11-01 01:06:43.672   246  8509 I ESQueue : found AAC codec config (44100 Hz, 2 channels)
11-01 01:06:43.694   246  8508 I LiveSession: [timed_id3] i 0 UriIsSameAsIndex newUri false, https://vod.video-cdn.net/F-TUvd9pk8UYjAqC7mYdAm/4312z8mUGRLb5UPsLza27-.aaa,828,596,1656,2356,.mp4.csmil/chunklist_b1656000.m3u8?hdntl=exp=1667347595~acl=/*~data=hdntl~hmac=0bc06ba60e211ee87d7e93fc13973faec622c491b772b5b0fa6ec9856eea06fa&set-cc-attribute=cc
11-01 01:06:43.694   246  8508 I LiveSession: [timed_id3] i 1 UriIsSameAsIndex newUri false, https://vod.video-cdn.net/F-TUvd9pk8UYjAqC7mYdAm/4312z8mUGRLb5UPsLza27-.aaa,828,596,1656,2356,.mp4.csmil/chunklist_b1656000.m3u8?hdntl=exp=1667347595~acl=/*~data=hdntl~hmac=0bc06ba60e211ee87d7e93fc13973faec622c491b772b5b0fa6ec9856eea06fa&set-cc-attribute=cc
11-01 01:06:43.695   246  8508 I LiveSession: #### Finished Bandwidth Switch: 0 => 2
11-01 01:06:43.697   246  8507 D NuPlayerDriver: notifyListener_l(0xf0220c60), (3, 10, 0), loop setting(0, 0)
11-01 01:06:44.346   246  8509 I ATSParser: discontinuity on stream pid 0x0100
11-01 01:06:44.348   246  8509 I ATSParser: discontinuity on stream pid 0x0101
11-01 01:06:44.695   246  8507 D NuPlayerDriver: notifyListener_l(0xf0220c60), (3, 19, 0), loop setting(0, 0)
11-01 01:06:45.050   246  8509 I ATSParser: discontinuity on stream pid 0x0100
11-01 01:06:45.053   246  8509 I ATSParser: discontinuity on stream pid 0x0101
11-01 01:06:45.696   246  8508 I LiveSession: #### Starting Bandwidth Switch: 2 => 3
11-01 01:06:45.698   246  8507 D NuPlayerDriver: notifyListener_l(0xf0220c60), (3, 28, 0), loop setting(0, 0)
11-01 01:06:45.714   246  8509 I ATSParser: discontinuity on stream pid 0x0100
11-01 01:06:45.715   246  8509 I ATSParser: discontinuity on stream pid 0x0101
11-01 01:06:46.205   246  8509 I ESQueue : found something resembling an H.264/MPEG syncword at offset 1
11-01 01:06:46.209   246  8509 I avc_utils: found AVC codec config (1280 x 720, Baseline-profile level 3.1)
11-01 01:06:46.228   246  8509 I ESQueue : found AAC codec config (44100 Hz, 2 channels)
11-01 01:06:46.249   246  8508 I LiveSession: [timed_id3] i 0 UriIsSameAsIndex newUri false, https://vod.video-cdn.net/F-TUvd9pk8UYjAqC7mYdAm/4312z8mUGRLb5UPsLza27-.aaa,828,596,1656,2356,.mp4.csmil/chunklist_b2356000.m3u8?hdntl=exp=1667347595~acl=/*~data=hdntl~hmac=0bc06ba60e211ee87d7e93fc13973faec622c491b772b5b0fa6ec9856eea06fa&set-cc-attribute=cc
11-01 01:06:46.249   246  8508 I LiveSession: [timed_id3] i 1 UriIsSameAsIndex newUri false, https://vod.video-cdn.net/F-TUvd9pk8UYjAqC7mYdAm/4312z8mUGRLb5UPsLza27-.aaa,828,596,1656,2356,.mp4.csmil/chunklist_b2356000.m3u8?hdntl=exp=1667347595~acl=/*~data=hdntl~hmac=0bc06ba60e211ee87d7e93fc13973faec622c491b772b5b0fa6ec9856eea06fa&set-cc-attribute=cc
11-01 01:06:46.250   246  8508 I LiveSession: #### Finished Bandwidth Switch: 2 => 3
11-01 01:06:46.269   246  8507 D NuPlayerDriver: notifyListener_l(0xf0220c60), (3, 10, 0), loop setting(0, 0)
11-01 01:06:46.820  8541  8541 D AndroidRuntime: >>>>>> START com.android.internal.os.RuntimeInit uid 2000 <<<<<<
11-01 01:06:46.825  8541  8541 D AndroidRuntime: CheckJNI is OFF
11-01 01:06:46.902  8541  8541 D ICU     : No timezone override file found: /data/misc/zoneinfo/current/icu/icu_tzdata.dat
11-01 01:06:46.938  8541  8541 I Radio-JNI: register_android_hardware_Radio DONE
11-01 01:06:46.953  8541  8541 D AndroidRuntime: Calling main entry com.android.commands.monkey.Monkey
11-01 01:06:47.034   600   613 W BroadcastQueue: Skipping deliver [background] BroadcastRecord{30556cc u-1 android.net.conn.CONNECTIVITY_CHANGE} to ReceiverList{7804d15 8541 (unknown name)/2000/u-1 remote:54ce81e}: process crashing
11-01 01:06:47.101   246  8509 I ATSParser: discontinuity on stream pid 0x0100
11-01 01:06:47.147   246  8509 I ATSParser: discontinuity on stream pid 0x0101
11-01 01:06:47.251   246  8507 D NuPlayerDriver: notifyListener_l(0xf0220c60), (3, 17, 0), loop setting(0, 0)
11-01 01:06:47.970   246  8509 I ATSParser: discontinuity on stream pid 0x0100
11-01 01:06:47.973   246  8509 I ATSParser: discontinuity on stream pid 0x0101
11-01 01:06:48.251   246  8507 D NuPlayerDriver: notifyListener_l(0xf0220c60), (3, 22, 0), loop setting(0, 0)
11-01 01:06:48.333  8541  8541 D MonkeyStub: translateCommand: wake
11-01 01:06:48.568  8541  8541 D MonkeyStub: translateCommand: tap 240 1868
11-01 01:06:49.251   246  8507 D NuPlayerDriver: notifyListener_l(0xf0220c60), (3, 27, 0), loop setting(0, 0)
11-01 01:06:49.533   246  8509 I ATSParser: discontinuity on stream pid 0x0100
11-01 01:06:49.534   246  8509 I ATSParser: discontinuity on stream pid 0x0101
11-01 01:06:50.155   246  8509 I ATSParser: discontinuity on stream pid 0x0100
11-01 01:06:50.253   246  8507 D NuPlayerDriver: notifyListener_l(0xf0220c60), (3, 32, 0), loop setting(0, 0)
11-01 01:06:50.301   246  8509 I ATSParser: discontinuity on stream pid 0x0101
11-01 01:06:50.626   246  8507 D NuPlayer: onSetVideoSurface(0x0, have video decoder)
11-01 01:06:50.631   243  8529 D NvOsDebugPrintf: TVMR: TVMRFrameDelivery: 3741: Closing TVMR Frame Delivery Thread -------------
11-01 01:06:50.633   243  8525 D NvOsDebugPrintf: TVMR: NvMMDecTVMRDestroyParser: 4224: NvAvpClose
11-01 01:06:50.633   243  8525 D NvOsDebugPrintf: TVMR: NvMMLiteTVMRDecBlockClose: 5163: Done 
11-01 01:06:50.639   246  8507 W AMessage: failed to post message as target looper for handler 0 is gone.
11-01 01:06:50.640   246  8521 I NuPlayerDecoder: [OMX.google.aac.decoder] resubmitting CSD
11-01 01:06:50.641   243  8523 I SoftAAC2: Initially configuring decoder: 44100 Hz, 1 channels
11-01 01:06:50.643   246   760 D NuPlayerDriver: reset(0xf0220c60) at state 4
11-01 01:06:50.644   246   760 D NuPlayerDriver: notifyListener_l(0xf0220c60), (8, 0, 0), loop setting(0, 0)
11-01 01:06:50.651   246  8507 W AMessage: failed to post message as target looper for handler 0 is gone.
11-01 01:06:50.683   246  8509 W AMessage: failed to deliver message as target handler 1221 is gone.
11-01 01:06:50.688   246  8507 D NuPlayerDriver: notifyResetComplete(0xf0220c60)
11-01 01:06:53.759  8541  8541 D MonkeyStub: translateCommand: tap 1195 290
11-01 01:06:54.024   787  1259 E AsyncOperation: serviceID=121, operation=GetLaunchDataOperation [CONTEXT service_id=259 ]
11-01 01:06:54.024   787  1259 E AsyncOperation: OperationException[Status{statusCode=Not an instant app, resolution=null}]
11-01 01:06:54.024   787  1259 E AsyncOperation: 	at aeay.a(:com.google.android.gms@203915020@20.39.15 (040406-335085812):20)
11-01 01:06:54.024   787  1259 E AsyncOperation: 	at aain.run(:com.google.android.gms@203915020@20.39.15 (040406-335085812):7)
11-01 01:06:54.024   787  1259 E AsyncOperation: 	at boex.run(:com.google.android.gms@203915020@20.39.15 (040406-335085812):2)
11-01 01:06:54.024   787  1259 E AsyncOperation: 	at sup.b(:com.google.android.gms@203915020@20.39.15 (040406-335085812):12)
11-01 01:06:54.024   787  1259 E AsyncOperation: 	at sup.run(:com.google.android.gms@203915020@20.39.15 (040406-335085812):7)
11-01 01:06:54.024   787  1259 E AsyncOperation: 	at java.util.concurrent.ThreadPoolExecutor.runWorker(ThreadPoolExecutor.java:1133)
11-01 01:06:54.024   787  1259 E AsyncOperation: 	at java.util.concurrent.ThreadPoolExecutor$Worker.run(ThreadPoolExecutor.java:607)
11-01 01:06:54.024   787  1259 E AsyncOperation: 	at tam.run(:com.google.android.gms@203915020@20.39.15 (040406-335085812):0)
11-01 01:06:54.024   787  1259 E AsyncOperation: 	at java.lang.Thread.run(Thread.java:761)
11-01 01:06:54.219 20673 28372 I DiscoveryManager: Filter criteria(null) scannerFlags(0)
11-01 01:06:54.221 20673 28372 W GuestModeDeviceProber: setFilterCriteria
11-01 01:06:54.545   787  1716 W Icing   : isOptedInForAppHistory: empty Account Name encountered
11-01 01:06:54.579   787  1716 W Icing   : isOptedInForAppHistory: empty Account Name encountered
11-01 01:06:54.647   787   802 W SQLiteConnectionPool: A SQLiteConnection object for database '/data/user/0/com.google.android.gms/databases/metadata.db' was leaked!  Please fix your application to end transactions in progress properly and to close the database when it is no longer needed.
11-01 01:06:54.655   787  1259 W GmsStrictMode: LEAKED_CLOSABLE [CONTEXT service_id=256 ]
11-01 01:06:54.655   787  1259 W GmsStrictMode: rvo: LEAKED_CLOSABLE
11-01 01:06:54.655   787  1259 W GmsStrictMode: 	at dalvik.system.VMStack.getThreadStackTrace(Native Method)
11-01 01:06:54.655   787  1259 W GmsStrictMode: 	at java.lang.Thread.getStackTrace(Thread.java:1566)
11-01 01:06:54.655   787  1259 W GmsStrictMode: 	at bhdb.containsKey(:com.google.android.gms@203915020@20.39.15 (040406-335085812):1)
11-01 01:06:54.655   787  1259 W GmsStrictMode: 	at android.os.StrictMode.onVmPolicyViolation(StrictMode.java:1867)
11-01 01:06:54.655   787  1259 W GmsStrictMode: 	at android.os.StrictMode.onVmPolicyViolation(StrictMode.java:1844)
11-01 01:06:54.655   787  1259 W GmsStrictMode: 	at android.os.StrictMode$AndroidCloseGuardReporter.report(StrictMode.java:1590)
11-01 01:06:54.655   787  1259 W GmsStrictMode: 	at dalvik.system.CloseGuard.warnIfOpen(CloseGuard.java:208)
11-01 01:06:54.655   787  1259 W GmsStrictMode: 	at android.database.sqlite.SQLiteConnection.dispose(SQLiteConnection.java:231)
11-01 01:06:54.655   787  1259 W GmsStrictMode: 	at android.database.sqlite.SQLiteConnection.finalize(SQLiteConnection.java:180)
11-01 01:06:54.655   787  1259 W GmsStrictMode: 	at java.lang.Daemons$FinalizerDaemon.doFinalize(Daemons.java:222)
11-01 01:06:54.655   787  1259 W GmsStrictMode: 	at java.lang.Daemons$FinalizerDaemon.run(Daemons.java:209)
11-01 01:06:54.655   787  1259 W GmsStrictMode: 	at java.lang.Thread.run(Thread.java:761)
11-01 01:06:54.655   787   804 I art     : Background partial concurrent mark sweep GC freed 64001(3MB) AllocSpace objects, 0(0B) LOS objects, 39% free, 11MB/19MB, paused 515us total 123.180ms
11-01 01:06:54.671   787  7452 W Icing   : isOptedInForAppHistory: empty Account Name encountered
11-01 01:06:54.773  7992  7992 I cr_tabmodel: Appending tabs being restored to metadata lists, 0, startingNormalCount: 2, startingIncognitoCount: 0
11-01 01:06:54.774  7992  7992 I cr_tabmodel: Serializing tab lists; counts: 2, 0
11-01 01:07:01.856 20673 21208 I Icing   : IndexChimeraService.getServiceInterface callingPackage=com.android.chrome componentName=null serviceId=36
11-01 01:07:01.873 20673 28372 W Icing   : No valid account for uploading user actions
11-01 01:07:01.909 20673 21208 I Icing   : IndexChimeraService.getServiceInterface callingPackage=com.google.android.gms componentName=null serviceId=30
11-01 01:07:01.933 20673 28372 I Icing   : Usage reports ok 1, Failed Usage reports 0, indexed 1, rejected 0
11-01 01:07:01.941 20673 28372 W Icing   : No valid account for uploading user actions
11-01 01:07:01.953 20673 28372 I Icing   : Usage reports ok 0, Failed Usage reports 0, indexed 0, rejected 0
11-01 01:07:01.956 20673 28372 I Icing   : Indexing com.android.chrome-omnibox from com.android.chrome
11-01 01:07:01.986 20673 28372 I Icing   : Indexing done com.android.chrome-omnibox
11-01 01:07:03.013   787  1620 W Icing   : isOptedInForAppHistory: empty Account Name encountered
11-01 01:07:03.036   787  7704 W Icing   : isOptedInForAppHistory: empty Account Name encountered
11-01 01:07:03.999  8541  8541 D MonkeyStub: translateCommand: touch down 614 1561
11-01 01:07:04.007  8541  8541 D MonkeyStub: translateCommand: touch move 614 1561
11-01 01:07:04.143  8541  8541 D MonkeyStub: translateCommand: touch move 614 1436
11-01 01:07:04.281  8541  8541 D MonkeyStub: translateCommand: touch move 614 1311
11-01 01:07:04.388  8541  8541 D MonkeyStub: translateCommand: touch move 614 1186
11-01 01:07:04.503  8541  8541 D MonkeyStub: translateCommand: touch move 614 1061
11-01 01:07:04.613  8541  8541 D MonkeyStub: translateCommand: touch move 614 937
11-01 01:07:04.719  8541  8541 D MonkeyStub: translateCommand: touch move 614 812
11-01 01:07:04.829  8541  8541 D MonkeyStub: translateCommand: touch move 614 687
11-01 01:07:04.959  8541  8541 D MonkeyStub: translateCommand: touch move 614 562
11-01 01:07:05.087  8541  8541 D MonkeyStub: translateCommand: touch move 614 437
11-01 01:07:05.196  8541  8541 D MonkeyStub: translateCommand: touch move 614 312
11-01 01:07:05.201  8541  8541 D MonkeyStub: translateCommand: touch up 614 312
11-01 01:07:08.258  8541  8541 D MonkeyStub: translateCommand: touch down 614 312
11-01 01:07:08.291  8541  8541 D MonkeyStub: translateCommand: touch move 614 312
11-01 01:07:08.320   600  3507 I ActivityManager: Start proc 8590:com.android.chrome:sandboxed_process19/u0i746 for service com.android.chrome/org.chromium.content.app.SandboxedProcessService19
11-01 01:07:08.381  8590  8590 W boxed_process19: type=1400 audit(0.0:16810): avc: denied { getattr } for path="/data/data/com.android.chrome" dev="dm-2" ino=12190 scontext=u:r:isolated_app:s0:c512,c768 tcontext=u:object_r:app_data_file:s0:c512,c768 tclass=dir permissive=0
11-01 01:07:08.406  8541  8541 D MonkeyStub: translateCommand: touch move 614 437
11-01 01:07:08.449  8590  8590 I cr_ChildProcessService: Creating new ChildProcessService pid=8590
11-01 01:07:08.491  8590  8604 I cr_LibraryLoader: Loaded native library version number "85.0.4183.127"
11-01 01:07:08.491  8590  8604 I cr_CachingUmaRecorder: Flushed 1 samples from 1 histograms.
11-01 01:07:08.507  8604  8604 W CrUtilityMain: type=1400 audit(0.0:16811): avc: denied { setattr } for name="LICENSE.txt" dev="dm-2" ino=59355 scontext=u:r:isolated_app:s0:c512,c768 tcontext=u:object_r:app_data_file:s0:c512,c768 tclass=file permissive=0
11-01 01:07:08.507  8604  8604 W CrUtilityMain: type=1400 audit(0.0:16812): avc: denied { setattr } for name=46696C746572696E672052756C6573 dev="dm-2" ino=58554 scontext=u:r:isolated_app:s0:c512,c768 tcontext=u:object_r:app_data_file:s0:c512,c768 tclass=file permissive=0
11-01 01:07:08.511  8604  8604 W CrUtilityMain: type=1400 audit(0.0:16813): avc: denied { setattr } for name="manifest.json" dev="dm-2" ino=57811 scontext=u:r:isolated_app:s0:c512,c768 tcontext=u:object_r:app_data_file:s0:c512,c768 tclass=file permissive=0
11-01 01:07:08.511  8604  8604 W CrUtilityMain: type=1400 audit(0.0:16814): avc: denied { setattr } for name="verified_contents.json" dev="dm-2" ino=59037 scontext=u:r:isolated_app:s0:c512,c768 tcontext=u:object_r:app_data_file:s0:c512,c768 tclass=file permissive=0
11-01 01:07:08.524  8541  8541 D MonkeyStub: translateCommand: touch move 614 562
11-01 01:07:08.532  8590  8604 I chromium: [INFO:child_process_service.cc(69)] ChildProcessService: Exiting child process.
11-01 01:07:08.533   197   197 E lowmemorykiller: Error writing /proc/8590/oom_score_adj; errno=22
11-01 01:07:08.598   600  1076 I ActivityManager: Process com.android.chrome:sandboxed_process19 (pid 8590) has died
11-01 01:07:08.598   600  1076 D ActivityManager: cleanUpApplicationRecord -- 8590
11-01 01:07:08.615  7992  7992 W chromium: [WARNING:compositor_view.cc(315)] Child process died (type=6) pid=8590)
11-01 01:07:08.626   600   615 W libprocessgroup: failed to kill pid 8590: No such process
11-01 01:07:08.674  8541  8541 D MonkeyStub: translateCommand: touch move 614 687
11-01 01:07:09.226  8541  8541 D MonkeyStub: translateCommand: touch move 614 812
11-01 01:07:09.413  8541  8541 D MonkeyStub: translateCommand: touch move 614 937
11-01 01:07:09.442   600  6312 I ActivityManager: Start proc 8608:com.android.chrome:sandboxed_process20/u0i747 for service com.android.chrome/org.chromium.content.app.SandboxedProcessService20
11-01 01:07:09.487  8608  8608 W boxed_process20: type=1400 audit(0.0:16815): avc: denied { getattr } for path="/data/data/com.android.chrome" dev="dm-2" ino=12190 scontext=u:r:isolated_app:s0:c512,c768 tcontext=u:object_r:app_data_file:s0:c512,c768 tclass=dir permissive=0
11-01 01:07:09.511  8608  8608 I cr_ChildProcessService: Creating new ChildProcessService pid=8608
11-01 01:07:09.530  8541  8541 D MonkeyStub: translateCommand: touch move 614 1061
11-01 01:07:09.568  8608  8622 I cr_LibraryLoader: Loaded native library version number "85.0.4183.127"
11-01 01:07:09.568  8608  8622 I cr_CachingUmaRecorder: Flushed 1 samples from 1 histograms.
11-01 01:07:09.614  8622  8622 W CrUtilityMain: type=1400 audit(0.0:16816): avc: denied { setattr } for name="tl_en-us_2022-10-26_484799359_100000_index.bin" dev="dm-2" ino=57374 scontext=u:r:isolated_app:s0:c512,c768 tcontext=u:object_r:app_data_file:s0:c512,c768 tclass=file permissive=0
11-01 01:07:09.614  8622  8622 W CrUtilityMain: type=1400 audit(0.0:16817): avc: denied { setattr } for name="manifest.json" dev="dm-2" ino=59186 scontext=u:r:isolated_app:s0:c512,c768 tcontext=u:object_r:app_data_file:s0:c512,c768 tclass=file permissive=0
11-01 01:07:09.617  8622  8622 W CrUtilityMain: type=1400 audit(0.0:16818): avc: denied { setattr } for name="verified_contents.json" dev="dm-2" ino=59721 scontext=u:r:isolated_app:s0:c512,c768 tcontext=u:object_r:app_data_file:s0:c512,c768 tclass=file permissive=0
11-01 01:07:09.635  8608  8608 I cr_ChildProcessService: Destroying ChildProcessService pid=8608
11-01 01:07:09.635  8608  8622 I chromium: [INFO:child_process_service.cc(69)] ChildProcessService: Exiting child process.
11-01 01:07:09.644  8541  8541 D MonkeyStub: translateCommand: touch move 614 1186
11-01 01:07:09.664   600 17381 I ActivityManager: Process com.android.chrome:sandboxed_process20 (pid 8608) has died
11-01 01:07:09.664   600 17381 D ActivityManager: cleanUpApplicationRecord -- 8608
11-01 01:07:09.666  7992  7992 W chromium: [WARNING:compositor_view.cc(315)] Child process died (type=6) pid=8608)
11-01 01:07:09.768  8541  8541 D MonkeyStub: translateCommand: touch move 614 1311
11-01 01:07:09.883  8541  8541 D MonkeyStub: translateCommand: touch move 614 1436
11-01 01:07:09.997  8541  8541 D MonkeyStub: translateCommand: touch move 614 1561
11-01 01:07:10.001  8541  8541 D MonkeyStub: translateCommand: touch up 614 1561
11-01 01:07:10.770   600 13558 I ActivityManager: Start proc 8631:com.android.chrome:sandboxed_process21/u0i748 for service com.android.chrome/org.chromium.content.app.SandboxedProcessService21
11-01 01:07:10.807  8631  8631 W boxed_process21: type=1400 audit(0.0:16819): avc: denied { getattr } for path="/data/data/com.android.chrome" dev="dm-2" ino=12190 scontext=u:r:isolated_app:s0:c512,c768 tcontext=u:object_r:app_data_file:s0:c512,c768 tclass=dir permissive=0
11-01 01:07:10.833  8631  8631 I cr_ChildProcessService: Creating new ChildProcessService pid=8631
11-01 01:07:10.868  8631  8644 I cr_LibraryLoader: Loaded native library version number "85.0.4183.127"
11-01 01:07:10.869  8631  8644 I cr_CachingUmaRecorder: Flushed 1 samples from 1 histograms.
11-01 01:07:10.881  8644  8644 W CrUtilityMain: type=1400 audit(0.0:16820): avc: denied { setattr } for name="optimization-hints.pb" dev="dm-2" ino=59257 scontext=u:r:isolated_app:s0:c512,c768 tcontext=u:object_r:app_data_file:s0:c512,c768 tclass=file permissive=0
11-01 01:07:10.881  8644  8644 W CrUtilityMain: type=1400 audit(0.0:16821): avc: denied { setattr } for name="manifest.json" dev="dm-2" ino=59212 scontext=u:r:isolated_app:s0:c512,c768 tcontext=u:object_r:app_data_file:s0:c512,c768 tclass=file permissive=0
11-01 01:07:10.884  8644  8644 W CrUtilityMain: type=1400 audit(0.0:16822): avc: denied { setattr } for name="verified_contents.json" dev="dm-2" ino=56893 scontext=u:r:isolated_app:s0:c512,c768 tcontext=u:object_r:app_data_file:s0:c512,c768 tclass=file permissive=0
11-01 01:07:10.891  8631  8644 I chromium: [INFO:child_process_service.cc(69)] ChildProcessService: Exiting child process.
11-01 01:07:10.910   600  6312 I ActivityManager: Process com.android.chrome:sandboxed_process21 (pid 8631) has died
11-01 01:07:10.910   600  6312 D ActivityManager: cleanUpApplicationRecord -- 8631
11-01 01:07:10.912  7992  7992 W chromium: [WARNING:compositor_view.cc(315)] Child process died (type=6) pid=8631)
11-01 01:07:12.176  8541  8541 D MonkeyStub: translateCommand: tap 168 477
11-01 01:07:12.248   600   611 I ActivityManager: Start proc 8648:com.android.chrome:sandboxed_process22/u0i749 for service com.android.chrome/org.chromium.content.app.SandboxedProcessService22
11-01 01:07:12.383   787  1259 E AsyncOperation: serviceID=121, operation=GetLaunchDataOperation [CONTEXT service_id=259 ]
11-01 01:07:12.383   787  1259 E AsyncOperation: OperationException[Status{statusCode=Not an instant app, resolution=null}]
11-01 01:07:12.383   787  1259 E AsyncOperation: 	at aeay.a(:com.google.android.gms@203915020@20.39.15 (040406-335085812):20)
11-01 01:07:12.383   787  1259 E AsyncOperation: 	at aain.run(:com.google.android.gms@203915020@20.39.15 (040406-335085812):7)
11-01 01:07:12.383   787  1259 E AsyncOperation: 	at boex.run(:com.google.android.gms@203915020@20.39.15 (040406-335085812):2)
11-01 01:07:12.383   787  1259 E AsyncOperation: 	at sup.b(:com.google.android.gms@203915020@20.39.15 (040406-335085812):12)
11-01 01:07:12.383   787  1259 E AsyncOperation: 	at sup.run(:com.google.android.gms@203915020@20.39.15 (040406-335085812):7)
11-01 01:07:12.383   787  1259 E AsyncOperation: 	at java.util.concurrent.ThreadPoolExecutor.runWorker(ThreadPoolExecutor.java:1133)
11-01 01:07:12.383   787  1259 E AsyncOperation: 	at java.util.concurrent.ThreadPoolExecutor$Worker.run(ThreadPoolExecutor.java:607)
11-01 01:07:12.383   787  1259 E AsyncOperation: 	at tam.run(:com.google.android.gms@203915020@20.39.15 (040406-335085812):0)
11-01 01:07:12.383   787  1259 E AsyncOperation: 	at java.lang.Thread.run(Thread.java:761)
11-01 01:07:12.391  8648  8648 W boxed_process22: type=1400 audit(0.0:16823): avc: denied { getattr } for path="/data/data/com.android.chrome" dev="dm-2" ino=12190 scontext=u:r:isolated_app:s0:c512,c768 tcontext=u:object_r:app_data_file:s0:c512,c768 tclass=dir permissive=0
11-01 01:07:12.476  8648  8648 I cr_ChildProcessService: Creating new ChildProcessService pid=8648
11-01 01:07:12.560  8648  8662 I cr_LibraryLoader: Loaded native library version number "85.0.4183.127"
11-01 01:07:12.560  8648  8662 I cr_CachingUmaRecorder: Flushed 1 samples from 1 histograms.
11-01 01:07:12.604  8662  8662 W CrUtilityMain: type=1400 audit(0.0:16824): avc: denied { setattr } for name="crl-set" dev="dm-2" ino=60023 scontext=u:r:isolated_app:s0:c512,c768 tcontext=u:object_r:app_data_file:s0:c512,c768 tclass=file permissive=0
11-01 01:07:12.607  8662  8662 W CrUtilityMain: type=1400 audit(0.0:16825): avc: denied { setattr } for name="manifest.json" dev="dm-2" ino=59318 scontext=u:r:isolated_app:s0:c512,c768 tcontext=u:object_r:app_data_file:s0:c512,c768 tclass=file permissive=0
11-01 01:07:12.607  8662  8662 W CrUtilityMain: type=1400 audit(0.0:16826): avc: denied { setattr } for name="LICENSE" dev="dm-2" ino=59446 scontext=u:r:isolated_app:s0:c512,c768 tcontext=u:object_r:app_data_file:s0:c512,c768 tclass=file permissive=0
11-01 01:07:12.621  8662  8662 W CrUtilityMain: type=1400 audit(0.0:16827): avc: denied { setattr } for name="verified_contents.json" dev="dm-2" ino=59600 scontext=u:r:isolated_app:s0:c512,c768 tcontext=u:object_r:app_data_file:s0:c512,c768 tclass=file permissive=0
11-01 01:07:12.635  8648  8648 I cr_ChildProcessService: Destroying ChildProcessService pid=8648
11-01 01:07:12.637  8648  8662 I chromium: [INFO:child_process_service.cc(69)] ChildProcessService: Exiting child process.
11-01 01:07:12.689   600  1082 I ActivityManager: Process com.android.chrome:sandboxed_process22 (pid 8648) has died
11-01 01:07:12.690   600  1082 D ActivityManager: cleanUpApplicationRecord -- 8648
11-01 01:07:12.702  7992  7992 W chromium: [WARNING:compositor_view.cc(315)] Child process died (type=6) pid=8648)
11-01 01:07:13.075   787  1245 W Icing   : isOptedInForAppHistory: empty Account Name encountered
11-01 01:07:13.088   787  1245 W Icing   : isOptedInForAppHistory: empty Account Name encountered
11-01 01:07:13.101   787  7452 W Icing   : isOptedInForAppHistory: empty Account Name encountered
11-01 01:07:13.208  7992  7992 I cr_tabmodel: Appending tabs being restored to metadata lists, 0, startingNormalCount: 2, startingIncognitoCount: 0
11-01 01:07:13.208  7992  7992 I cr_tabmodel: Serializing tab lists; counts: 2, 0
11-01 01:07:14.341   198   198 E SELinux : avc:  denied  { find } for service=netd pid=8671 uid=2000 scontext=u:r:shell:s0 tcontext=u:object_r:netd_service:s0 tclass=service_manager permissive=0
11-01 01:07:14.345   198   198 E SELinux : avc:  denied  { find } for service=android.service.gatekeeper.IGateKeeperService pid=8671 uid=2000 scontext=u:r:shell:s0 tcontext=u:object_r:gatekeeper_service:s0 tclass=service_manager permissive=0
11-01 01:07:14.571   600 29683 I ActivityManager: Start proc 8674:com.android.chrome:sandboxed_process23/u0i750 for service com.android.chrome/org.chromium.content.app.SandboxedProcessService23
11-01 01:07:14.607  8674  8674 W boxed_process23: type=1400 audit(0.0:16828): avc: denied { getattr } for path="/data/data/com.android.chrome" dev="dm-2" ino=12190 scontext=u:r:isolated_app:s0:c512,c768 tcontext=u:object_r:app_data_file:s0:c512,c768 tclass=dir permissive=0
11-01 01:07:14.640  8674  8674 I cr_ChildProcessService: Creating new ChildProcessService pid=8674
11-01 01:07:14.680  8674  8687 I cr_LibraryLoader: Loaded native library version number "85.0.4183.127"
11-01 01:07:14.681  8674  8687 I cr_CachingUmaRecorder: Flushed 1 samples from 1 histograms.
11-01 01:07:14.694  8687  8687 W CrUtilityMain: type=1400 audit(0.0:16829): avc: denied { setattr } for name="manifest.json" dev="dm-2" ino=24402 scontext=u:r:isolated_app:s0:c512,c768 tcontext=u:object_r:app_data_file:s0:c512,c768 tclass=file permissive=0
11-01 01:07:14.697  8687  8687 W CrUtilityMain: type=1400 audit(0.0:16830): avc: denied { setattr } for name="verified_contents.json" dev="dm-2" ino=59242 scontext=u:r:isolated_app:s0:c512,c768 tcontext=u:object_r:app_data_file:s0:c512,c768 tclass=file permissive=0
11-01 01:07:14.709  8674  8687 I chromium: [INFO:child_process_service.cc(69)] ChildProcessService: Exiting child process.
11-01 01:07:14.710   197   197 E lowmemorykiller: Error writing /proc/8674/oom_score_adj; errno=22
11-01 01:07:14.727  7992  7992 W chromium: [WARNING:compositor_view.cc(315)] Child process died (type=6) pid=8674)
11-01 01:07:14.727   600  7064 I ActivityManager: Process com.android.chrome:sandboxed_process23 (pid 8674) has died
11-01 01:07:14.727   600  7064 D ActivityManager: cleanUpApplicationRecord -- 8674
11-01 01:07:16.978   600 29683 I ActivityManager: Start proc 8691:com.android.chrome:sandboxed_process24/u0i751 for service com.android.chrome/org.chromium.content.app.SandboxedProcessService24
11-01 01:07:17.034  8691  8691 W boxed_process24: type=1400 audit(0.0:16831): avc: denied { getattr } for path="/data/data/com.android.chrome" dev="dm-2" ino=12190 scontext=u:r:isolated_app:s0:c512,c768 tcontext=u:object_r:app_data_file:s0:c512,c768 tclass=dir permissive=0
11-01 01:07:17.063  8691  8691 I cr_ChildProcessService: Creating new ChildProcessService pid=8691
11-01 01:07:17.117  8691  8704 I cr_LibraryLoader: Loaded native library version number "85.0.4183.127"
11-01 01:07:17.117  8691  8704 I cr_CachingUmaRecorder: Flushed 1 samples from 1 histograms.
11-01 01:07:17.127  8704  8704 W CrUtilityMain: type=1400 audit(0.0:16832): avc: denied { setattr } for name="download_file_types.pb" dev="dm-2" ino=52226 scontext=u:r:isolated_app:s0:c512,c768 tcontext=u:object_r:app_data_file:s0:c512,c768 tclass=file permissive=0
11-01 01:07:17.127  8704  8704 W CrUtilityMain: type=1400 audit(0.0:16833): avc: denied { setattr } for name="manifest.json" dev="dm-2" ino=49135 scontext=u:r:isolated_app:s0:c512,c768 tcontext=u:object_r:app_data_file:s0:c512,c768 tclass=file permissive=0
