--------- beginning of main
11-01 00:44:53.929 32392 32392 D AndroidRuntime: >>>>>> START com.android.internal.os.RuntimeInit uid 2000 <<<<<<
11-01 00:44:53.932 32392 32392 D AndroidRuntime: CheckJNI is OFF
11-01 00:44:54.000 32392 32392 D ICU     : No timezone override file found: /data/misc/zoneinfo/current/icu/icu_tzdata.dat
11-01 00:44:54.029 32392 32392 I Radio-JNI: register_android_hardware_Radio DONE
11-01 00:44:54.044 32392 32392 D AndroidRuntime: Calling main entry com.android.commands.am.Am
--------- beginning of system
11-01 00:44:54.061   600  1080 I ActivityManager: Force stopping com.android.chrome appid=10035 user=0: from pid 32392
11-01 00:44:54.061   600  1080 I ActivityManager: Killing 32310:com.android.chrome/u0a35 (adj 700): stop com.android.chrome
11-01 00:44:54.061   600  1080 D ActivityManager: cleanUpApplicationRecord -- 32310
11-01 00:44:54.072  1061  1061 D RegisteredNfcFServicesCache: Service unchanged, not updating
11-01 00:44:54.189   600   647 I WifiHAL : Got channel list with 13 channels
11-01 00:44:54.190   600   647 I WifiHAL : Got channel list with 4 channels
11-01 00:44:54.190   600   647 I WifiHAL : Got channel list with 15 channels
11-01 00:44:54.318   600  1076 I ActivityManager: START u0 {act=android.intent.action.VIEW flg=0x10008000 cmp=com.android.chrome/com.google.android.apps.chrome.Main} from uid 2000 on display 0
11-01 00:44:54.345 32392 32392 D AndroidRuntime: Shutting down VM
11-01 00:44:54.380   600 16391 I ActivityManager: Start proc 32402:com.android.chrome/u0a35 for activity com.android.chrome/com.google.android.apps.chrome.Main
11-01 00:44:54.546   600  9614 I ActivityManager: START u0 {cmp=com.android.chrome/org.chromium.chrome.browser.firstrun.TabbedModeFirstRunActivity (has extras)} from uid 10035 on display 0
11-01 00:44:54.564 32402 32419 W DynamiteModule: Local module descriptor class for com.google.android.gms.googlecertificates not found.
11-01 00:44:54.575 32402 32419 I DynamiteModule: Considering local module com.google.android.gms.googlecertificates:0 and remote module com.google.android.gms.googlecertificates:6
11-01 00:44:54.575 32402 32419 I DynamiteModule: Selected remote version of com.google.android.gms.googlecertificates, version >= 6
11-01 00:44:54.607 32402 32419 W System  : ClassLoader referenced unknown path: 
11-01 00:44:54.609 32402 32419 D ApplicationLoaders: ignored Vulkan layer search path /data/app/com.google.android.gms-1/lib/arm:/data/app/com.google.android.gms-1/base.apk!/lib/armeabi-v7a:/data/app/com.google.android.gms-1/split_config.en.apk!/lib/armeabi-v7a for namespace 0xf4a47090
11-01 00:44:54.612 32402 32419 W ResourceType: ResTable_typeSpec entry count inconsistent: given 67, previously 69
11-01 00:44:54.612 32402 32419 W ResourceType: ResTable_typeSpec entry count inconsistent: given 5346, previously 5347
11-01 00:44:54.642 32402 32419 I DynamiteLoaderV2Impl: [70] Googlecertificates
11-01 00:44:54.708 32402 32420 I cr_LibraryLoader: Loaded native library version number "85.0.4183.127"
11-01 00:44:54.730 32402 32420 I cr_CachingUmaRecorder: Flushed 10 samples from 10 histograms.
11-01 00:44:54.742 32402 32421 I OpenGLRenderer: Initialized EGL, version 1.4
11-01 00:44:54.742 32402 32421 D OpenGLRenderer: Swap behavior 2
11-01 00:44:54.770   600   609 I art     : Background partial concurrent mark sweep GC freed 92997(3MB) AllocSpace objects, 37(940KB) LOS objects, 33% free, 17MB/26MB, paused 752us total 142.655ms
11-01 00:44:54.778 32402 32419 W System  : ClassLoader referenced unknown path: /data/user_de/0/com.google.android.gms/app_chimera/m/00000061/n/armeabi-v7a
11-01 00:44:54.778 32402 32419 W System  : ClassLoader referenced unknown path: /data/user_de/0/com.google.android.gms/app_chimera/m/00000061/n/armeabi
11-01 00:44:54.796 32402 32412 I art     : Background partial concurrent mark sweep GC freed 7070(842KB) AllocSpace objects, 1(20KB) LOS objects, 40% free, 4MB/6MB, paused 1.038ms total 142.879ms
11-01 00:44:54.887 32402 32416 D NetworkSecurityConfig: Using Network Security Config from resource 0_resource_name_obfuscated debugBuild: false
11-01 00:44:54.890   600   620 I ActivityManager: Displayed com.android.chrome/org.chromium.chrome.browser.firstrun.TabbedModeFirstRunActivity: +300ms (total +549ms)
11-01 00:44:54.915   787 28588 I FontLog : Received query Google Sans, URI content://com.google.android.gms.fonts [CONTEXT service_id=132 ]
11-01 00:44:54.915   787 28588 I FontLog : Query [Google Sans] resolved to {Google Sans, wdth 100.0, wght 400, ital 0.0, bestEffort false} [CONTEXT service_id=132 ]
11-01 00:44:54.916   787 28588 I FontLog : Font PFD returned from cache for {Google Sans, wdth 100.0, wght 400, ital 0.0, bestEffort false} [CONTEXT service_id=132 ]
11-01 00:44:54.917   787 28588 I FontLog : Fetch {Google Sans, wdth 100.0, wght 400, ital 0.0, bestEffort false} end status Status{statusCode=SUCCESS, resolution=null} [CONTEXT service_id=132 ]
11-01 00:44:54.935   787 28591 I FontLog : Pulling font file for id = 2204, cache size = 7 [CONTEXT service_id=132 ]
11-01 00:44:54.952   787  1174 I FontLog : Received query Google Sans:500, URI content://com.google.android.gms.fonts [CONTEXT service_id=132 ]
11-01 00:44:54.952   787  1174 I FontLog : Query [Google Sans:500] resolved to {Google Sans, wdth 100.0, wght 500, ital 0.0, bestEffort false} [CONTEXT service_id=132 ]
11-01 00:44:54.954   787  1174 I FontLog : Font PFD returned from cache for {Google Sans, wdth 100.0, wght 500, ital 0.0, bestEffort false} [CONTEXT service_id=132 ]
11-01 00:44:54.954   787  1174 I FontLog : Fetch {Google Sans, wdth 100.0, wght 500, ital 0.0, bestEffort false} end status Status{statusCode=SUCCESS, resolution=null} [CONTEXT service_id=132 ]
11-01 00:44:54.963   787  1620 I FontLog : Pulling font file for id = 2205, cache size = 8 [CONTEXT service_id=132 ]
11-01 00:44:54.969   787  1259 E apju    : Phenotype API error. Event # cdub@d93548fb, EventCode: 7 [CONTEXT service_id=51 ]
11-01 00:44:54.969   787  1259 E apju    : apiz: 29505: No config packages for log source, or config package not registered
11-01 00:44:54.969   787  1259 E apju    : 	at apkj.b(:com.google.android.gms@203915020@20.39.15 (040406-335085812):7)
11-01 00:44:54.969   787  1259 E apju    : 	at apkg.b(:com.google.android.gms@203915020@20.39.15 (040406-335085812):2)
11-01 00:44:54.969   787  1259 E apju    : 	at apju.a(:com.google.android.gms@203915020@20.39.15 (040406-335085812):85)
11-01 00:44:54.969   787  1259 E apju    : 	at apju.a(:com.google.android.gms@203915020@20.39.15 (040406-335085812):80)
11-01 00:44:54.969   787  1259 E apju    : 	at aain.run(:com.google.android.gms@203915020@20.39.15 (040406-335085812):7)
11-01 00:44:54.969   787  1259 E apju    : 	at boex.run(:com.google.android.gms@203915020@20.39.15 (040406-335085812):2)
11-01 00:44:54.969   787  1259 E apju    : 	at sup.b(:com.google.android.gms@203915020@20.39.15 (040406-335085812):12)
11-01 00:44:54.969   787  1259 E apju    : 	at sup.run(:com.google.android.gms@203915020@20.39.15 (040406-335085812):7)
11-01 00:44:54.969   787  1259 E apju    : 	at java.util.concurrent.ThreadPoolExecutor.runWorker(ThreadPoolExecutor.java:1133)
11-01 00:44:54.969   787  1259 E apju    : 	at java.util.concurrent.ThreadPoolExecutor$Worker.run(ThreadPoolExecutor.java:607)
11-01 00:44:54.969   787  1259 E apju    : 	at tam.run(:com.google.android.gms@203915020@20.39.15 (040406-335085812):0)
11-01 00:44:54.969   787  1259 E apju    : 	at java.lang.Thread.run(Thread.java:761)
11-01 00:44:54.970   787  1259 E AsyncOperation: serviceID=51, operation=GetExperimentTokensOperationCall [CONTEXT service_id=259 ]
11-01 00:44:54.970   787  1259 E AsyncOperation: OperationException[Status{statusCode=No config packages for log source, or config package not registered, resolution=null}]
11-01 00:44:54.970   787  1259 E AsyncOperation: 	at apju.a(:com.google.android.gms@203915020@20.39.15 (040406-335085812):87)
11-01 00:44:54.970   787  1259 E AsyncOperation: 	at apju.a(:com.google.android.gms@203915020@20.39.15 (040406-335085812):80)
11-01 00:44:54.970   787  1259 E AsyncOperation: 	at aain.run(:com.google.android.gms@203915020@20.39.15 (040406-335085812):7)
11-01 00:44:54.970   787  1259 E AsyncOperation: 	at boex.run(:com.google.android.gms@203915020@20.39.15 (040406-335085812):2)
11-01 00:44:54.970   787  1259 E AsyncOperation: 	at sup.b(:com.google.android.gms@203915020@20.39.15 (040406-335085812):12)
11-01 00:44:54.970   787  1259 E AsyncOperation: 	at sup.run(:com.google.android.gms@203915020@20.39.15 (040406-335085812):7)
11-01 00:44:54.970   787  1259 E AsyncOperation: 	at java.util.concurrent.ThreadPoolExecutor.runWorker(ThreadPoolExecutor.java:1133)
11-01 00:44:54.970   787  1259 E AsyncOperation: 	at java.util.concurrent.ThreadPoolExecutor$Worker.run(ThreadPoolExecutor.java:607)
11-01 00:44:54.970   787  1259 E AsyncOperation: 	at tam.run(:com.google.android.gms@203915020@20.39.15 (040406-335085812):0)
11-01 00:44:54.970   787  1259 E AsyncOperation: 	at java.lang.Thread.run(Thread.java:761)
11-01 00:44:54.987   600   620 W WindowManager: Failed looking up window
11-01 00:44:54.987   600   620 W WindowManager: java.lang.IllegalArgumentException: Requested window android.view.ViewRootImpl$W@73d2f3b does not exist
11-01 00:44:54.987   600   620 W WindowManager: 	at com.android.server.wm.WindowManagerService.windowForClientLocked(WindowManagerService.java:9422)
11-01 00:44:54.987   600   620 W WindowManager: 	at com.android.server.wm.WindowManagerService.windowForClientLocked(WindowManagerService.java:9413)
11-01 00:44:54.987   600   620 W WindowManager: 	at com.android.server.wm.WindowManagerService.removeWindow(WindowManagerService.java:2393)
11-01 00:44:54.987   600   620 W WindowManager: 	at com.android.server.wm.Session.remove(Session.java:202)
11-01 00:44:54.987   600   620 W WindowManager: 	at android.view.ViewRootImpl.dispatchDetachedFromWindow(ViewRootImpl.java:3290)
11-01 00:44:54.987   600   620 W WindowManager: 	at android.view.ViewRootImpl.doDie(ViewRootImpl.java:5917)
11-01 00:44:54.987   600   620 W WindowManager: 	at android.view.ViewRootImpl$ViewRootHandler.handleMessage(ViewRootImpl.java:3626)
11-01 00:44:54.987   600   620 W WindowManager: 	at android.os.Handler.dispatchMessage(Handler.java:102)
11-01 00:44:54.987   600   620 W WindowManager: 	at android.os.Looper.loop(Looper.java:154)
11-01 00:44:54.987   600   620 W WindowManager: 	at android.os.HandlerThread.run(HandlerThread.java:61)
11-01 00:44:54.987   600   620 W WindowManager: 	at com.android.server.ServiceThread.run(ServiceThread.java:46)
11-01 00:44:55.103 12218 12218 I MemoryTrimmer: Trimming objects from memory, since app is in the background.
11-01 00:44:55.106 12218 12515 W SearchService: Abort, client detached.
11-01 00:44:55.109 18269 18269 I MemoryTrimmer: Trimming objects from memory, since app is in the background.
11-01 00:44:55.115 12218 32282 I DeviceStateChecker: DeviceStateChecker cancelled
11-01 00:44:55.116 12218 12218 I MicroDetector: Keeping mic open: false
11-01 00:44:55.116 12218 12248 I AudioController: internalShutdown
11-01 00:44:55.117 12218 12248 I MicrophoneInputStream: mic_close com.google.android.apps.gsa.speech.audio.ae@16668fe
11-01 00:44:55.117 12218 12292 I MicroRecognitionRunner: Stopping hotword detection.
11-01 00:44:55.137   238   285 I SoundTriggerHwService::Module: void android::SoundTriggerHwService::Module::onCallbackEvent(const sp<android::SoundTriggerHwService::CallbackEvent> &) mClient == 0
11-01 00:44:55.152 12218 32281 I MicroRecognitionRunner: Detection finished
11-01 00:44:55.159 12218 12218 I MemoryTrimmer: Trimming objects from memory, since app is in the background.
11-01 00:44:56.323 32402 32416 I cr_VariationsSeedFetch: Fetched first run seed in 1437 ms
11-01 00:44:56.379   600   707 I ActivityManager: Start proc 32436:com.android.chrome:sandboxed_process0/u0i592 for service com.android.chrome/org.chromium.content.app.SandboxedProcessService0
11-01 00:44:56.450 32436 32436 W dboxed_process0: type=1400 audit(0.0:16563): avc: denied { getattr } for path="/data/data/com.android.chrome" dev="dm-2" ino=12190 scontext=u:r:isolated_app:s0:c512,c768 tcontext=u:object_r:app_data_file:s0:c512,c768 tclass=dir permissive=0
11-01 00:44:56.477 32436 32436 I cr_ChildProcessService: Creating new ChildProcessService pid=32436
11-01 00:44:56.586   237 32440 I art     : Starting a blocking GC HeapTrim
11-01 00:44:56.595   600 25704 I ActivityManager: Start proc 32462:com.android.chrome:privileged_process0/u0a35 for service com.android.chrome/org.chromium.content.app.PrivilegedProcessService0
11-01 00:44:56.651 32402 32423 W ConnectionStatusConfig: Dynamic lookup for intent failed for action: com.google.android.gms.auth.key.retrieval.service.START
11-01 00:44:56.677 32402 32423 W ConnectionStatusConfig: Dynamic lookup for intent failed for action: com.google.android.gms.auth.key.retrieval.service.START
11-01 00:44:56.678   600   611 W ActivityManager: Unable to start service Intent { act=com.google.android.gms.auth.key.retrieval.service.START pkg=com.google.android.gms } U=0: not found
11-01 00:44:56.686   600  1080 W ActivityManager: Unbind failed: could not find connection for android.os.BinderProxy@e7b2cc7
11-01 00:44:56.686 32402 32423 E GmsClient: unable to connect to service: com.google.android.gms.auth.key.retrieval.service.START on com.google.android.gms
11-01 00:44:56.734 32462 32462 I cr_ChildProcessService: Creating new ChildProcessService pid=32462
11-01 00:44:56.768 32402 32402 W cr_KnoxSettingsProvider: Permission to read device policy denied.
11-01 00:44:56.798 32462 32479 I cr_LibraryLoader: Loaded native library version number "85.0.4183.127"
11-01 00:44:56.799 32462 32479 I cr_CachingUmaRecorder: Flushed 1 samples from 1 histograms.
11-01 00:44:56.824 32462 32479 E libEGL  : validate_display:99 error 3008 (EGL_BAD_DISPLAY)
11-01 00:45:05.243 12218 12218 I MemoryTrimmer: Trimming objects from memory, since app is in the background.
11-01 00:45:07.535 32506 32506 D AndroidRuntime: >>>>>> START com.android.internal.os.RuntimeInit uid 2000 <<<<<<
11-01 00:45:07.538 32506 32506 D AndroidRuntime: CheckJNI is OFF
11-01 00:45:07.606 32506 32506 D ICU     : No timezone override file found: /data/misc/zoneinfo/current/icu/icu_tzdata.dat
11-01 00:45:07.638 32506 32506 I Radio-JNI: register_android_hardware_Radio DONE
11-01 00:45:07.653 32506 32506 D AndroidRuntime: Calling main entry com.android.commands.monkey.Monkey
11-01 00:45:07.718   600   613 W BroadcastQueue: Skipping deliver [background] BroadcastRecord{7e0c4af u-1 android.net.conn.CONNECTIVITY_CHANGE} to ReceiverList{4fb40bc 32506 (unknown name)/2000/u-1 remote:a062c89}: process crashing
11-01 00:45:09.428 32506 32506 D MonkeyStub: translateCommand: wake
11-01 00:45:09.549 32506 32506 D MonkeyStub: translateCommand: tap 398 1198
11-01 00:45:11.616 32506 32506 D MonkeyStub: translateCommand: tap 720 1506
11-01 00:45:11.798 20673 20793 I PeopleChimeraService: onService. callbacks = aaik@e848762, request = com.google.android.gms.common.internal.GetServiceRequest@779b0f3
11-01 00:45:11.798 20673 20794 I PeopleChimeraService: onService. callbacks = aaik@1ac91b0, request = com.google.android.gms.common.internal.GetServiceRequest@8fdd829
11-01 00:45:13.662 32506 32506 D MonkeyStub: translateCommand: tap 355 1480
11-01 00:45:13.689   600  1082 I ActivityManager: START u0 {act=android.intent.action.VIEW flg=0x10008000 cmp=com.android.chrome/com.google.android.apps.chrome.Main (has extras)} from uid 10035 on display 0
11-01 00:45:13.706 32506 32506 D MonkeyStub: Quit requested
11-01 00:45:13.788   600   614 I CwMcuSensor: CwMcuSensor::flush: fd = 254, sensors_id = 0, path = /sys/class/htc_sensorhub/sensor_hub/flush, err = 0
11-01 00:45:13.839 32506 32506 I art     : System.exit called, status: 6
11-01 00:45:13.839 32506 32506 I AndroidRuntime: VM exiting with result code 6.
11-01 00:45:13.869 32402 32402 E cr_CompositorSurfaceMgr: Transitioning to surface with format : -1
11-01 00:45:13.904   600 13558 W WindowManager: Attempted to remove non-existing token: android.os.Binder@a1c0845
11-01 00:45:13.958 32402 32451 W cr_tabmodel: Starting to perform legacy migration.
11-01 00:45:13.962 32402 32451 W cr_tabmodel: Finished performing legacy migration.
11-01 00:45:13.962 32402 32451 W cr_tabmodel: Starting to perform multi-instance migration.
11-01 00:45:13.962 32402 32451 W cr_tabmodel: Finished performing multi-instance migration.
11-01 00:45:13.962 32402 32451 I cr_tabmodel: Starting to fetch tab list for tab_state0
11-01 00:45:13.963 32402 32451 I cr_tabmodel: State file does not exist.
11-01 00:45:13.963 32402 32451 I cr_tabmodel: Starting to fetch tab list for tab_state1
11-01 00:45:13.963 32402 32451 I cr_tabmodel: State file does not exist.
11-01 00:45:13.982   600   609 I art     : Background partial concurrent mark sweep GC freed 38033(2MB) AllocSpace objects, 8(176KB) LOS objects, 33% free, 17MB/26MB, paused 2.034ms total 221.249ms
11-01 00:45:13.994 32402 32451 I cr_ADCP : No customization source found
11-01 00:45:14.068   600   620 I ActivityManager: Displayed com.android.chrome/com.google.android.apps.chrome.Main: +337ms
11-01 00:45:14.081 32402 32421 D OpenGLRenderer: endAllActiveAnimators on 0xd4039900 (InsetDrawable) with handle 0xd2c74830
11-01 00:45:14.085 32402 32402 E cr_CompositorSurfaceMgr: Transitioning to surface with format : -1
11-01 00:45:14.089 32402 32402 E cr_CompositorSurfaceMgr: surfaceCreated format : 0
11-01 00:45:14.095 32402 32402 I cr_ContextualSearch: Tap suppression enabled: false
11-01 00:45:14.100 32402 32402 I cr_ChromeTabbedActivity: #initializeState
11-01 00:45:14.100 32402 32402 I cr_CipherFactory: #restoreFromBundle, no savedInstanceState.
11-01 00:45:14.100 32402 32402 I cr_tabmodel: #loadState, ignoreIncognitoFiles? true
11-01 00:45:14.213   600  2707 E BatteryStatsService: power: Missing API
11-01 00:45:14.232   796   796 E PhoneInterfaceManager: [PhoneIntfMgr] queryModemActivityInfo: Empty response
11-01 00:45:14.233   600  2707 E BatteryStatsService: no controller energy info supplied
11-01 00:45:14.248   600  2707 E BatteryStatsService: modem info is invalid: ModemActivityInfo{ mTimestamp=0 mSleepTimeMs=0 mIdleTimeMs=0 mTxTimeMs[]=[0, 0, 0, 0, 0] mRxTimeMs=0 mEnergyUsed=0}
11-01 00:45:14.307 32402 32402 I SchedulerApiWrapper: Create SchedulerApiMainThreadWrapper
11-01 00:45:14.319 32402 32402 I FeedSessionManagerImpl: FeedSessionManagerImpl has been created
11-01 00:45:14.320 32402 32402 I FeedAppLifecycleLstnr: onEnterForeground called
11-01 00:45:14.320 32402 32402 I FeedSessionManagerImpl: onLifecycleEvent foreground
11-01 00:45:14.321 32402 32402 I FeedSessionManagerImpl: Lazy initialization triggered, getUpdateConsumer
11-01 00:45:14.322 32402 32402 I FeedRequestManagerImpl: trigger refresh 2
11-01 00:45:14.322 32402 32458 I TaskQueue: Execute task [IMMEDIATE - d: true, b: 0]: 30
11-01 00:45:14.322 32402 32402 I TaskQueue:  - task [HEAD_INVALIDATE - d: true, b: 0]: 26
11-01 00:45:14.322 32402 32402 I FeedAppLifecycleLstnr: initialize called
11-01 00:45:14.322 32402 32402 I FeedSessionManagerImpl: onLifecycleEvent initialize
11-01 00:45:14.322 32402 32402 W FeedSessionManagerImpl: FeedSessionManagerImpl has previously been initialized
11-01 00:45:14.343 32402 32402 I ViewConfigCompat: Could not find method getScaledScrollFactor() on ViewConfiguration
11-01 00:45:14.348 32402 32402 I BasicStream: Setting 2 header views, currently have 0 headers
11-01 00:45:14.350 32402 32402 I BasicStream: Setting 2 header views, currently have 2 headers
11-01 00:45:14.409   600   619 D BluetoothManagerService: Message: 20
11-01 00:45:14.410   600   619 D BluetoothManagerService: Added callback: android.bluetooth.IBluetoothManagerCallback$Stub$Proxy@9056a1:true
11-01 00:45:14.439 32436 32449 I cr_LibraryLoader: Loaded native library version number "85.0.4183.127"
11-01 00:45:14.451 32436 32449 I cr_CachingUmaRecorder: Flushed 1 samples from 1 histograms.
11-01 00:45:14.453 32402 32402 E cr_IntentUtils: getBooleanExtra failed on intent null
11-01 00:45:14.469 32402 32402 I TimeoutSessionImpl: Using TimeoutSessionImpl
11-01 00:45:14.469 32402 32402 I FeedSessionManagerImpl: Delaying populateSession until initialization is finished
11-01 00:45:14.469 32402 32402 I TaskQueue:  - task [IMMEDIATE - d: true, b: 1]: 13
11-01 00:45:14.470 32402 32402 I MainThreadRunner: Running task [BasicStream onShow] on the Main Thread with a delay of 500 milliseconds
11-01 00:45:14.538   600  1082 I ActivityManager: Start proc 32541:com.android.chrome:sandboxed_process1/u0i593 for service com.android.chrome/org.chromium.content.app.SandboxedProcessService1
11-01 00:45:14.565 32402 32458 W SessionCache: Persisted Sessions were not found
11-01 00:45:14.565 32402 32458 I HeadSessionImpl: Initialize HEAD 0 items
11-01 00:45:14.565 32402 32458 I TaskQueue:  - task [BACKGROUND - d: true, b: 2]: 11
11-01 00:45:14.565 32402 32458 I TimingUtils: Task Timing 243ms, thread JardinExecutor | task : Initialization
11-01 00:45:14.566 32402 32458 I TaskQueue:  - Finished 30, time 244 ms
11-01 00:45:14.566 32402 32458 I TaskQueue: Execute task [HEAD_INVALIDATE - d: true, b: 2]: 26
11-01 00:45:14.569 32402 32458 I TimingUtils: Task Timing   3ms, thread JardinExecutor | task : getAllDismissLocalActions | size : 0
11-01 00:45:14.570 32402 32458 I TimingUtils: Task Timing   0ms, thread JardinExecutor | task : getSemanticProperties | size : 0
11-01 00:45:14.570 32402 32458 I MainThreadRunner: Running task [Check Tooltips] on the Main Thread
11-01 00:45:14.570 32402 32458 I TaskQueue:  * Starting starvation checks
11-01 00:45:14.570 32402 32458 I MainThreadRunner: Running task [starvationChecks] on the Main Thread with a delay of 6000 milliseconds
11-01 00:45:14.570 32402 32458 I TaskQueue:  - Finished 26, time 5 ms
11-01 00:45:14.570 32402 32458 I TaskQueue: Execute task [IMMEDIATE - d: true, b: 1]: 13
11-01 00:45:14.570 32402 32458 I FeedSessionManagerImpl: shouldSessionRequestData; hasContent(false), contentCreationTime(0), outstandingRequest(true)
11-01 00:45:14.570 32402 32458 I MainThreadRunner: Running task [SchedulerApiWrapper shouldSessionRequestData] on the Main Thread
11-01 00:45:14.585   600  1079 I ActivityManager: Start proc 32546:com.android.chrome:sandboxed_process2/u0i594 for service com.android.chrome/org.chromium.content.app.SandboxedProcessService2
11-01 00:45:14.611   600  1081 I ActivityManager: Start proc 32553:com.android.chrome:sandboxed_process3/u0i595 for service com.android.chrome/org.chromium.content.app.SandboxedProcessService3
11-01 00:45:14.647   600 10249 I ActivityManager: Start proc 32572:com.android.chrome:sandboxed_process4/u0i596 for service com.android.chrome/org.chromium.content.app.SandboxedProcessService4
11-01 00:45:14.725   600 16391 I ActivityManager: Start proc 32587:com.android.chrome:sandboxed_process5/u0i597 for service com.android.chrome/org.chromium.content.app.SandboxedProcessService5
11-01 00:45:14.788   600  3675 I ActivityManager: Start proc 32610:com.android.chrome:sandboxed_process6/u0i598 for service com.android.chrome/org.chromium.content.app.SandboxedProcessService6
11-01 00:45:14.836 32402 32412 W art     : Suspending all threads took: 11.905ms
11-01 00:45:14.844   600 13557 I ActivityManager: Start proc 32616:com.android.chrome:sandboxed_process7/u0i599 for service com.android.chrome/org.chromium.content.app.SandboxedProcessService7
11-01 00:45:14.887 32541 32541 W dboxed_process1: type=1400 audit(0.0:16564): avc: denied { getattr } for path="/data/data/com.android.chrome" dev="dm-2" ino=12190 scontext=u:r:isolated_app:s0:c512,c768 tcontext=u:object_r:app_data_file:s0:c512,c768 tclass=dir permissive=0
11-01 00:45:14.910 32546 32546 W dboxed_process2: type=1400 audit(0.0:16565): avc: denied { getattr } for path="/data/data/com.android.chrome" dev="dm-2" ino=12190 scontext=u:r:isolated_app:s0:c512,c768 tcontext=u:object_r:app_data_file:s0:c512,c768 tclass=dir permissive=0
11-01 00:45:14.920 32402 32412 I art     : Background partial concurrent mark sweep GC freed 16966(804KB) AllocSpace objects, 5(632KB) LOS objects, 40% free, 9MB/15MB, paused 21.895ms total 283.152ms
11-01 00:45:14.924 32402 32402 I PlayCore: UID: [10035]  PID: [32402] SplitInstallService : deferredInstall([image_editor])
11-01 00:45:14.964 32553 32553 W dboxed_process3: type=1400 audit(0.0:16566): avc: denied { getattr } for path="/data/data/com.android.chrome" dev="dm-2" ino=12190 scontext=u:r:isolated_app:s0:c512,c768 tcontext=u:object_r:app_data_file:s0:c512,c768 tclass=dir permissive=0
11-01 00:45:14.977   600   713 I ActivityManager: Start proc 32630:com.android.chrome:sandboxed_process8/u0i600 for service com.android.chrome/org.chromium.content.app.SandboxedProcessService8
11-01 00:45:15.004 32572 32572 W dboxed_process4: type=1400 audit(0.0:16567): avc: denied { getattr } for path="/data/data/com.android.chrome" dev="dm-2" ino=12190 scontext=u:r:isolated_app:s0:c512,c768 tcontext=u:object_r:app_data_file:s0:c512,c768 tclass=dir permissive=0
11-01 00:45:15.017 32587 32587 W dboxed_process5: type=1400 audit(0.0:16568): avc: denied { getattr } for path="/data/data/com.android.chrome" dev="dm-2" ino=12190 scontext=u:r:isolated_app:s0:c512,c768 tcontext=u:object_r:app_data_file:s0:c512,c768 tclass=dir permissive=0
11-01 00:45:15.186 32541 32541 I cr_ChildProcessService: Creating new ChildProcessService pid=32541
11-01 00:45:15.232 32553 32553 I cr_ChildProcessService: Creating new ChildProcessService pid=32553
11-01 00:45:15.234 32587 32587 I cr_ChildProcessService: Creating new ChildProcessService pid=32587
11-01 00:45:15.239 32572 32572 I cr_ChildProcessService: Creating new ChildProcessService pid=32572
11-01 00:45:15.255 32546 32546 I cr_ChildProcessService: Creating new ChildProcessService pid=32546
11-01 00:45:15.264 32610 32610 W dboxed_process6: type=1400 audit(0.0:16569): avc: denied { getattr } for path="/data/data/com.android.chrome" dev="dm-2" ino=12190 scontext=u:r:isolated_app:s0:c512,c768 tcontext=u:object_r:app_data_file:s0:c512,c768 tclass=dir permissive=0
11-01 00:45:15.300 32630 32630 W dboxed_process8: type=1400 audit(0.0:16570): avc: denied { getattr } for path="/data/data/com.android.chrome" dev="dm-2" ino=12190 scontext=u:r:isolated_app:s0:c512,c768 tcontext=u:object_r:app_data_file:s0:c512,c768 tclass=dir permissive=0
11-01 00:45:15.302 32402 32402 I cr_tabmodel: Appending tabs being restored to metadata lists, 0, startingNormalCount: 1, startingIncognitoCount: 0
11-01 00:45:15.302 32402 32402 I cr_tabmodel: Serializing tab lists; counts: 1, 0
11-01 00:45:15.310 32616 32616 W dboxed_process7: type=1400 audit(0.0:16571): avc: denied { getattr } for path="/data/data/com.android.chrome" dev="dm-2" ino=12190 scontext=u:r:isolated_app:s0:c512,c768 tcontext=u:object_r:app_data_file:s0:c512,c768 tclass=dir permissive=0
11-01 00:45:15.366 32402 32402 I Choreographer: Skipped 77 frames!  The application may be doing too much work on its main thread.
11-01 00:45:15.459 32610 32610 I cr_ChildProcessService: Creating new ChildProcessService pid=32610
11-01 00:45:15.466 32630 32630 I cr_ChildProcessService: Creating new ChildProcessService pid=32630
11-01 00:45:15.490 32616 32616 I cr_ChildProcessService: Creating new ChildProcessService pid=32616
11-01 00:45:15.514 32572 32657 I cr_LibraryLoader: Loaded native library version number "85.0.4183.127"
11-01 00:45:15.514 32572 32657 I cr_CachingUmaRecorder: Flushed 1 samples from 1 histograms.
11-01 00:45:15.524 32553 32660 I cr_LibraryLoader: Loaded native library version number "85.0.4183.127"
11-01 00:45:15.524 32541 32655 I cr_LibraryLoader: Loaded native library version number "85.0.4183.127"
11-01 00:45:15.525 32541 32655 I cr_CachingUmaRecorder: Flushed 1 samples from 1 histograms.
11-01 00:45:15.525 32553 32660 I cr_CachingUmaRecorder: Flushed 1 samples from 1 histograms.
11-01 00:45:15.530 32587 32656 I cr_LibraryLoader: Loaded native library version number "85.0.4183.127"
11-01 00:45:15.530 32587 32656 I cr_CachingUmaRecorder: Flushed 1 samples from 1 histograms.
11-01 00:45:15.540 32546 32658 I cr_LibraryLoader: Loaded native library version number "85.0.4183.127"
11-01 00:45:15.541 32546 32658 I cr_CachingUmaRecorder: Flushed 1 samples from 1 histograms.
11-01 00:45:15.683 32402 32635 I PlayCore: UID: [10035]  PID: [32402] SplitInstallService : Initiate binding to the service.
11-01 00:45:15.687   600  1080 W ActivityManager: Unable to start service Intent { act=com.google.android.play.core.splitinstall.BIND_SPLIT_INSTALL_SERVICE pkg=com.android.vending } U=0: not found
11-01 00:45:15.701 32610 32661 I cr_LibraryLoader: Loaded native library version number "85.0.4183.127"
11-01 00:45:15.702 32610 32661 I cr_CachingUmaRecorder: Flushed 1 samples from 1 histograms.
11-01 00:45:15.702 32616 32663 I cr_LibraryLoader: Loaded native library version number "85.0.4183.127"
11-01 00:45:15.702 32616 32663 I cr_CachingUmaRecorder: Flushed 1 samples from 1 histograms.
11-01 00:45:15.703 32630 32662 I cr_LibraryLoader: Loaded native library version number "85.0.4183.127"
11-01 00:45:15.704 32630 32662 I cr_CachingUmaRecorder: Flushed 1 samples from 1 histograms.
11-01 00:45:15.706 32553 32660 I chromium: [INFO:child_process_service.cc(69)] ChildProcessService: Exiting child process.
11-01 00:45:15.744   600  3967 I ActivityManager: Killing 32546:com.android.chrome:sandboxed_process2/u0a35i594 (adj 0): isolated not needed
11-01 00:45:15.744   600  3967 I ActivityManager: Killing 32587:com.android.chrome:sandboxed_process5/u0a35i597 (adj 0): isolated not needed
11-01 00:45:15.744   600  3967 I ActivityManager: Killing 32572:com.android.chrome:sandboxed_process4/u0a35i596 (adj 0): isolated not needed
11-01 00:45:15.744   600  3967 I ActivityManager: Killing 32553:com.android.chrome:sandboxed_process3/u0a35i595 (adj 0): isolated not needed
11-01 00:45:15.750 32402 32402 I TaskQueue:  - task [IMMEDIATE - d: true, b: 1]: 27
11-01 00:45:15.757 32402 32458 I FeedSessionManagerImpl: shouldSessionRequestDataResult: NO_REQUEST_WITH_WAIT, shouldMakeRequest(false), withTimeout(false), withAppend(false)
11-01 00:45:15.758 32402 32458 I TaskQueue:  - task [USER_FACING - d: true, b: 2]: 24
11-01 00:45:15.758 32402 32458 I TaskQueue:  - Finished 13, time 1187 ms
11-01 00:45:15.759 32402 32458 I TaskQueue: Execute task [IMMEDIATE - d: true, b: 2]: 27
11-01 00:45:15.760 32402 32458 I FeedRequestManagerImpl: Consistency Token: # hU2@7bca4
11-01 00:45:15.772 32402 32458 I FeedRequestManagerImpl: Capability: FEED_UI
11-01 00:45:15.772 32402 32458 I FeedRequestManagerImpl: Capability: UNDOABLE_ACTIONS
11-01 00:45:15.772 32402 32458 I FeedRequestManagerImpl: Capability: MANAGE_INTERESTS
11-01 00:45:15.772 32402 32458 I FeedRequestManagerImpl: Capability: SEND_FEEDBACK
11-01 00:45:15.773 32402 32458 I FeedRequestManagerImpl: Capability: ARTICLE_SNIPPETS
11-01 00:45:15.773 32402 32458 I FeedRequestManagerImpl: Capability: CLICK_ACTION
11-01 00:45:15.773 32402 32458 I FeedRequestManagerImpl: Capability: VIEW_ACTION
11-01 00:45:15.773 32402 32458 I FeedRequestManagerImpl: Capability: REPORT_FEED_USER_ACTIONS_NOTICE_CARD
11-01 00:45:15.773 32402 32458 I FeedRequestManagerImpl: Capability: BASE_UI
11-01 00:45:15.775 32402 32458 I FeedRequestManagerImpl: Making Request: /httpservice/noretry/DiscoverClankService/FeedQuery
11-01 00:45:15.775 32402 32458 I MainThreadRunner: Running task [NetworkClientWrapper send] on the Main Thread
11-01 00:45:15.775 32402 32458 I TaskQueue:  - Finished 27, time 17 ms
11-01 00:45:15.838 32616 32663 I chromium: [INFO:child_process_service.cc(69)] ChildProcessService: Exiting child process.
11-01 00:45:15.880   600  9614 I ActivityManager: Start proc 32688:com.android.chrome:sandboxed_process9/u0i601 for service com.android.chrome/org.chromium.content.app.SandboxedProcessService9
11-01 00:45:15.919 32541 32541 I cr_ChildProcessService: Destroying ChildProcessService pid=32541
11-01 00:45:15.977   600 10249 I ActivityManager: Killing 32630:com.android.chrome:sandboxed_process8/u0a35i600 (adj 0): isolated not needed
11-01 00:45:15.977   600 10249 I ActivityManager: Killing 32610:com.android.chrome:sandboxed_process6/u0a35i598 (adj 0): isolated not needed
11-01 00:45:15.977   600 10249 I ActivityManager: Killing 32616:com.android.chrome:sandboxed_process7/u0a35i599 (adj 0): isolated not needed
11-01 00:45:15.977   600 10249 I ActivityManager: Killing 32541:com.android.chrome:sandboxed_process1/u0a35i593 (adj 0): isolated not needed
11-01 00:45:16.054 32688 32688 W dboxed_process9: type=1400 audit(0.0:16572): avc: denied { getattr } for path="/data/data/com.android.chrome" dev="dm-2" ino=12190 scontext=u:r:isolated_app:s0:c512,c768 tcontext=u:object_r:app_data_file:s0:c512,c768 tclass=dir permissive=0
11-01 00:45:16.105 32402 32455 W cr_CrashFileManager: /data/user/0/com.android.chrome/cache/Crash Reports does not exist or is not a directory
11-01 00:45:16.105 32402 32455 W cr_CrashFileManager: /data/user/0/com.android.chrome/cache/Crash Reports does not exist or is not a directory
11-01 00:45:16.105 32402 32455 W cr_CrashFileManager: /data/user/0/com.android.chrome/cache/Crash Reports does not exist or is not a directory
11-01 00:45:16.131 32402 32455 I cr_FileUtils: Writing to /data/user/0/com.android.chrome/app_dex/webapk7.dex
11-01 00:45:16.167 32688 32688 I cr_ChildProcessService: Creating new ChildProcessService pid=32688
11-01 00:45:16.169   600  1080 I ActivityManager: Start proc 32704:com.android.chrome:sandboxed_process10/u0i602 for service com.android.chrome/org.chromium.content.app.SandboxedProcessService10
11-01 00:45:16.190 32402 32435 I cr_BindingManager: Moderate binding enabled: maxSize=40
11-01 00:45:16.246   600 13558 I ActivityManager: Start proc 32718:com.android.chrome:sandboxed_process11/u0i603 for service com.android.chrome/org.chromium.content.app.SandboxedProcessService11
11-01 00:45:16.309   600  3509 I ActivityManager: Start proc 32725:com.android.chrome:sandboxed_process12/u0i604 for service com.android.chrome/org.chromium.content.app.SandboxedProcessService12
11-01 00:45:16.329 20673 21208 I Icing   : IndexChimeraService.getServiceInterface callingPackage=com.android.chrome componentName=null serviceId=36
11-01 00:45:16.380 32402 32412 I art     : Background sticky concurrent mark sweep GC freed 62373(3MB) AllocSpace objects, 70(1416KB) LOS objects, 25% free, 11MB/15MB, paused 4.612ms total 281.583ms
11-01 00:45:16.414 32704 32704 W boxed_process10: type=1400 audit(0.0:16573): avc: denied { getattr } for path="/data/data/com.android.chrome" dev="dm-2" ino=12190 scontext=u:r:isolated_app:s0:c512,c768 tcontext=u:object_r:app_data_file:s0:c512,c768 tclass=dir permissive=0
11-01 00:45:16.433 20673 21208 I Icing   : IndexChimeraService.getServiceInterface callingPackage=com.android.chrome componentName=null serviceId=36
11-01 00:45:16.439 32688 32703 I cr_LibraryLoader: Loaded native library version number "85.0.4183.127"
11-01 00:45:16.439 32688 32703 I cr_CachingUmaRecorder: Flushed 1 samples from 1 histograms.
11-01 00:45:16.514 32718 32718 W boxed_process11: type=1400 audit(0.0:16574): avc: denied { getattr } for path="/data/data/com.android.chrome" dev="dm-2" ino=12190 scontext=u:r:isolated_app:s0:c512,c768 tcontext=u:object_r:app_data_file:s0:c512,c768 tclass=dir permissive=0
11-01 00:45:16.534 32704 32704 I cr_ChildProcessService: Creating new ChildProcessService pid=32704
11-01 00:45:16.560 32725 32725 W boxed_process12: type=1400 audit(0.0:16575): avc: denied { getattr } for path="/data/data/com.android.chrome" dev="dm-2" ino=12190 scontext=u:r:isolated_app:s0:c512,c768 tcontext=u:object_r:app_data_file:s0:c512,c768 tclass=dir permissive=0
11-01 00:45:16.588 32710 32710 I dex2oat : /system/bin/dex2oat --dex-file=/data/user/0/com.android.chrome/app_dex/webapk7.dex --oat-fd=200 --oat-location=/data/user/0/com.android.chrome/app_dex/oat/arm/webapk7.dex --compiler-filter=speed
11-01 00:45:16.607   600 17381 I ActivityManager: Start proc 32753:com.android.chrome:sandboxed_process13/u0i605 for service com.android.chrome/org.chromium.content.app.SandboxedProcessService13
11-01 00:45:16.645   600  1080 I ActivityManager: Start proc 32760:com.android.chrome:sandboxed_process14/u0i606 for service com.android.chrome/org.chromium.content.app.SandboxedProcessService14
11-01 00:45:16.658 32718 32718 I cr_ChildProcessService: Creating new ChildProcessService pid=32718
11-01 00:45:16.660 32688 32688 I cr_ChildProcessService: Destroying ChildProcessService pid=32688
11-01 00:45:16.671 32725 32725 I cr_ChildProcessService: Creating new ChildProcessService pid=32725
11-01 00:45:16.694   600   610 I ActivityManager: Start proc 307:com.android.chrome:sandboxed_process15/u0i607 for service com.android.chrome/org.chromium.content.app.SandboxedProcessService15
11-01 00:45:16.721   600 24611 I ActivityManager: Killing 32688:com.android.chrome:sandboxed_process9/u0a35i601 (adj 0): isolated not needed
11-01 00:45:16.729 32704 32750 I cr_LibraryLoader: Loaded native library version number "85.0.4183.127"
11-01 00:45:16.730 32704 32750 I cr_CachingUmaRecorder: Flushed 1 samples from 1 histograms.
11-01 00:45:16.852 32704 32750 I chromium: [INFO:child_process_service.cc(69)] ChildProcessService: Exiting child process.
11-01 00:45:16.860 32753 32753 W boxed_process13: type=1400 audit(0.0:16576): avc: denied { getattr } for path="/data/data/com.android.chrome" dev="dm-2" ino=12190 scontext=u:r:isolated_app:s0:c512,c768 tcontext=u:object_r:app_data_file:s0:c512,c768 tclass=dir permissive=0
11-01 00:45:16.869 32725   302 I cr_LibraryLoader: Loaded native library version number "85.0.4183.127"
11-01 00:45:16.870 32725   302 I cr_CachingUmaRecorder: Flushed 1 samples from 1 histograms.
11-01 00:45:16.890 32760 32760 W boxed_process14: type=1400 audit(0.0:16577): avc: denied { getattr } for path="/data/data/com.android.chrome" dev="dm-2" ino=12190 scontext=u:r:isolated_app:s0:c512,c768 tcontext=u:object_r:app_data_file:s0:c512,c768 tclass=dir permissive=0
11-01 00:45:16.895 32718 32765 I cr_LibraryLoader: Loaded native library version number "85.0.4183.127"
11-01 00:45:16.895 32718 32765 I cr_CachingUmaRecorder: Flushed 1 samples from 1 histograms.
11-01 00:45:16.924   307   307 W boxed_process15: type=1400 audit(0.0:16578): avc: denied { getattr } for path="/data/data/com.android.chrome" dev="dm-2" ino=12190 scontext=u:r:isolated_app:s0:c512,c768 tcontext=u:object_r:app_data_file:s0:c512,c768 tclass=dir permissive=0
11-01 00:45:16.965 32753 32753 I cr_ChildProcessService: Creating new ChildProcessService pid=32753
11-01 00:45:16.975 32725   302 I chromium: [INFO:child_process_service.cc(69)] ChildProcessService: Exiting child process.
11-01 00:45:16.981   600 16391 I ActivityManager: Start proc 341:com.android.chrome:sandboxed_process16/u0i608 for service com.android.chrome/org.chromium.content.app.SandboxedProcessService16
11-01 00:45:16.985   197   197 E lowmemorykiller: Error writing /proc/32725/oom_score_adj; errno=22
11-01 00:45:16.989   600   610 E JavaBinder: !!! FAILED BINDER TRANSACTION !!!  (parcel size = 76)
11-01 00:45:16.990 32402 32635 I PlayCore: UID: [10035]  PID: [32402] SplitInstallService : Failed to bind to the service.
11-01 00:45:16.992   600   610 E JavaBinder: !!! FAILED BINDER TRANSACTION !!!  (parcel size = 576)
11-01 00:45:16.997 32704 32704 I cr_ChildProcessService: Destroying ChildProcessService pid=32704
11-01 00:45:17.003   600   610 W ActivityManager: Exception when unbinding service com.android.chrome/org.chromium.content.app.SandboxedProcessService12
11-01 00:45:17.003   600   610 W ActivityManager: android.os.DeadObjectException: Transaction failed on small parcel; remote process probably died
11-01 00:45:17.003   600   610 W ActivityManager: 	at android.os.BinderProxy.transactNative(Native Method)
11-01 00:45:17.003   600   610 W ActivityManager: 	at android.os.BinderProxy.transact(Binder.java:615)
11-01 00:45:17.003   600   610 W ActivityManager: 	at android.app.ApplicationThreadProxy.scheduleUnbindService(ApplicationThreadNative.java:1016)
11-01 00:45:17.003   600   610 W ActivityManager: 	at com.android.server.am.ActiveServices.removeConnectionLocked(ActiveServices.java:2175)
11-01 00:45:17.003   600   610 W ActivityManager: 	at com.android.server.am.ActiveServices.unbindServiceLocked(ActiveServices.java:1163)
11-01 00:45:17.003   600   610 W ActivityManager: 	at com.android.server.am.ActivityManagerService.unbindService(ActivityManagerService.java:17309)
11-01 00:45:17.003   600   610 W ActivityManager: 	at android.app.ActivityManagerNative.onTransact(ActivityManagerNative.java:1145)
11-01 00:45:17.003   600   610 W ActivityManager: 	at com.android.server.am.ActivityManagerService.onTransact(ActivityManagerService.java:2795)
11-01 00:45:17.003   600   610 W ActivityManager: 	at android.os.Binder.execTransact(Binder.java:565)
11-01 00:45:17.003   600   610 E JavaBinder: !!! FAILED BINDER TRANSACTION !!!  (parcel size = 76)
11-01 00:45:17.003   600   610 I ActivityManager: Killing 32704:com.android.chrome:sandboxed_process10/u0a35i602 (adj 0): isolated not needed
11-01 00:45:17.003   197   197 E lowmemorykiller: Error writing /proc/32725/oom_score_adj; errno=22
11-01 00:45:17.003   600   610 E JavaBinder: !!! FAILED BINDER TRANSACTION !!!  (parcel size = 76)
11-01 00:45:17.045   307   307 I cr_ChildProcessService: Creating new ChildProcessService pid=307
11-01 00:45:17.063   600  3967 I ActivityManager: Start proc 351:com.android.chrome:sandboxed_process17/u0i609 for service com.android.chrome/org.chromium.content.app.SandboxedProcessService17
11-01 00:45:17.073 32718 32765 I chromium: [INFO:child_process_service.cc(69)] ChildProcessService: Exiting child process.
11-01 00:45:17.107   600 13558 I ActivityManager: Start proc 362:com.android.chrome:sandboxed_process18/u0i610 for service com.android.chrome/org.chromium.content.app.SandboxedProcessService18
11-01 00:45:17.110   600  9614 I ActivityManager: Killing 32725:com.android.chrome:sandboxed_process12/u0a35i604 (adj 900): isolated not needed
11-01 00:45:17.112 32760 32760 I cr_ChildProcessService: Creating new ChildProcessService pid=32760
11-01 00:45:17.165 32753   340 I cr_LibraryLoader: Loaded native library version number "85.0.4183.127"
11-01 00:45:17.165 32753   340 I cr_CachingUmaRecorder: Flushed 1 samples from 1 histograms.
11-01 00:45:17.185   600  3509 I ActivityManager: Start proc 386:com.android.chrome:sandboxed_process19/u0i611 for service com.android.chrome/org.chromium.content.app.SandboxedProcessService19
11-01 00:45:17.193   197   197 E lowmemorykiller: Error writing /proc/32718/oom_score_adj; errno=22
11-01 00:45:17.193   600  3967 E JavaBinder: !!! FAILED BINDER TRANSACTION !!!  (parcel size = 76)
11-01 00:45:17.194   600  3967 E JavaBinder: !!! FAILED BINDER TRANSACTION !!!  (parcel size = 576)
11-01 00:45:17.194   600  3967 W ActivityManager: Exception when unbinding service com.android.chrome/org.chromium.content.app.SandboxedProcessService11
11-01 00:45:17.194   600  3967 W ActivityManager: android.os.DeadObjectException: Transaction failed on small parcel; remote process probably died
11-01 00:45:17.194   600  3967 W ActivityManager: 	at android.os.BinderProxy.transactNative(Native Method)
11-01 00:45:17.194   600  3967 W ActivityManager: 	at android.os.BinderProxy.transact(Binder.java:615)
11-01 00:45:17.194   600  3967 W ActivityManager: 	at android.app.ApplicationThreadProxy.scheduleUnbindService(ApplicationThreadNative.java:1016)
11-01 00:45:17.194   600  3967 W ActivityManager: 	at com.android.server.am.ActiveServices.removeConnectionLocked(ActiveServices.java:2175)
11-01 00:45:17.194   600  3967 W ActivityManager: 	at com.android.server.am.ActiveServices.unbindServiceLocked(ActiveServices.java:1163)
11-01 00:45:17.194   600  3967 W ActivityManager: 	at com.android.server.am.ActivityManagerService.unbindService(ActivityManagerService.java:17309)
11-01 00:45:17.194   600  3967 W ActivityManager: 	at android.app.ActivityManagerNative.onTransact(ActivityManagerNative.java:1145)
11-01 00:45:17.194   600  3967 W ActivityManager: 	at com.android.server.am.ActivityManagerService.onTransact(ActivityManagerService.java:2795)
11-01 00:45:17.194   600  3967 W ActivityManager: 	at android.os.Binder.execTransact(Binder.java:565)
11-01 00:45:17.194   600  3967 E JavaBinder: !!! FAILED BINDER TRANSACTION !!!  (parcel size = 76)
11-01 00:45:17.196   197   197 E lowmemorykiller: Error writing /proc/32718/oom_score_adj; errno=22
11-01 00:45:17.196   600  3967 E JavaBinder: !!! FAILED BINDER TRANSACTION !!!  (parcel size = 76)
11-01 00:45:17.223   600 22670 I ActivityManager: Killing 32718:com.android.chrome:sandboxed_process11/u0a35i603 (adj 900): isolated not needed
11-01 00:45:17.250   341   341 W boxed_process16: type=1400 audit(0.0:16579): avc: denied { getattr } for path="/data/data/com.android.chrome" dev="dm-2" ino=12190 scontext=u:r:isolated_app:s0:c512,c768 tcontext=u:object_r:app_data_file:s0:c512,c768 tclass=dir permissive=0
11-01 00:45:17.296   307   349 I cr_LibraryLoader: Loaded native library version number "85.0.4183.127"
11-01 00:45:17.302   307   349 I cr_CachingUmaRecorder: Flushed 1 samples from 1 histograms.
11-01 00:45:17.334   351   351 W boxed_process17: type=1400 audit(0.0:16580): avc: denied { getattr } for path="/data/data/com.android.chrome" dev="dm-2" ino=12190 scontext=u:r:isolated_app:s0:c512,c768 tcontext=u:object_r:app_data_file:s0:c512,c768 tclass=dir permissive=0
11-01 00:45:17.345 32753 32753 I cr_ChildProcessService: Destroying ChildProcessService pid=32753
11-01 00:45:17.364   341   341 I cr_ChildProcessService: Creating new ChildProcessService pid=341
11-01 00:45:17.390   362   362 W boxed_process18: type=1400 audit(0.0:16581): avc: denied { getattr } for path="/data/data/com.android.chrome" dev="dm-2" ino=12190 scontext=u:r:isolated_app:s0:c512,c768 tcontext=u:object_r:app_data_file:s0:c512,c768 tclass=dir permissive=0
11-01 00:45:17.402 32760   370 I cr_LibraryLoader: Loaded native library version number "85.0.4183.127"
11-01 00:45:17.405 32760   370 I cr_CachingUmaRecorder: Flushed 1 samples from 1 histograms.
11-01 00:45:17.407   386   386 W boxed_process19: type=1400 audit(0.0:16582): avc: denied { getattr } for path="/data/data/com.android.chrome" dev="dm-2" ino=12190 scontext=u:r:isolated_app:s0:c512,c768 tcontext=u:object_r:app_data_file:s0:c512,c768 tclass=dir permissive=0
11-01 00:45:17.418   307   349 I chromium: [INFO:child_process_service.cc(69)] ChildProcessService: Exiting child process.
11-01 00:45:17.501   341   407 I cr_LibraryLoader: Loaded native library version number "85.0.4183.127"
11-01 00:45:17.501   341   407 I cr_CachingUmaRecorder: Flushed 1 samples from 1 histograms.
11-01 00:45:17.512 32535 32535 D AndroidRuntime: >>>>>> START com.android.internal.os.RuntimeInit uid 2000 <<<<<<
11-01 00:45:17.517 32535 32535 D AndroidRuntime: CheckJNI is OFF
11-01 00:45:17.551   600   609 I art     : Background partial concurrent mark sweep GC freed 33875(1709KB) AllocSpace objects, 14(364KB) LOS objects, 33% free, 17MB/26MB, paused 918us total 247.374ms
11-01 00:45:17.575 32710 32710 I dex2oat : dex2oat took 987.760ms (threads: 2) arena alloc=771KB (790272B) java alloc=108KB (111072B) native alloc=559KB (573400B) free=1488KB (1523752B)
11-01 00:45:17.587 32402 32402 W chromium: [WARNING:compositor_view.cc(315)] Child process died (type=6) pid=32725)
11-01 00:45:17.594 32753 32753 I art     : System.exit called, status: 0
11-01 00:45:17.594 32753 32753 I AndroidRuntime: VM exiting with result code 0, cleanup skipped.
11-01 00:45:17.594 32402 32402 W chromium: [WARNING:compositor_view.cc(315)] Child process died (type=6) pid=32718)
11-01 00:45:17.601 32402 32402 W chromium: [WARNING:compositor_view.cc(315)] Child process died (type=6) pid=32616)
11-01 00:45:17.636 32760   370 I chromium: [INFO:child_process_service.cc(69)] ChildProcessService: Exiting child process.
11-01 00:45:17.636   341   407 I chromium: [INFO:child_process_service.cc(69)] ChildProcessService: Exiting child process.
11-01 00:45:17.639   197   197 E lowmemorykiller: Error writing /proc/32760/oom_score_adj; errno=22
11-01 00:45:17.640   197   197 E lowmemorykiller: Error writing /proc/341/oom_score_adj; errno=22
11-01 00:45:17.654   600  3675 D ActivityManager: cleanUpApplicationRecord -- 32553
11-01 00:45:17.654   600  3675 I ActivityManager: Killing 341:com.android.chrome:sandboxed_process16/u0a35i608 (adj 0): isolated not needed
11-01 00:45:17.654   600  3675 I ActivityManager: Killing 32760:com.android.chrome:sandboxed_process14/u0a35i606 (adj 0): isolated not needed
11-01 00:45:17.654   600  3675 I ActivityManager: Killing 307:com.android.chrome:sandboxed_process15/u0a35i607 (adj 0): isolated not needed
11-01 00:45:17.655   600  3675 I ActivityManager: Killing 32753:com.android.chrome:sandboxed_process13/u0a35i605 (adj 0): isolated not needed
11-01 00:45:17.666 32402 32402 W chromium: [WARNING:compositor_view.cc(315)] Child process died (type=6) pid=32760)
11-01 00:45:17.666 32402 32402 W chromium: [WARNING:compositor_view.cc(315)] Child process died (type=6) pid=341)
11-01 00:45:17.666 32402 32402 W chromium: [WARNING:compositor_view.cc(315)] Child process died (type=6) pid=307)
11-01 00:45:17.674   600  1076 D ActivityManager: cleanUpApplicationRecord -- 307
11-01 00:45:17.675   600 22670 D ActivityManager: cleanUpApplicationRecord -- 341
11-01 00:45:17.675   600 24611 D ActivityManager: cleanUpApplicationRecord -- 32760
11-01 00:45:17.676   600 13631 D ActivityManager: cleanUpApplicationRecord -- 32725
11-01 00:45:17.676   600 10249 D ActivityManager: cleanUpApplicationRecord -- 32718
11-01 00:45:17.676   600   713 D ActivityManager: cleanUpApplicationRecord -- 32616
11-01 00:45:17.676   600 29683 D ActivityManager: cleanUpApplicationRecord -- 32541
