--------- beginning of main
11-01 13:03:29.179 19407 19407 D AndroidRuntime: >>>>>> START com.android.internal.os.RuntimeInit uid 2000 <<<<<<
11-01 13:03:29.183 19407 19407 D AndroidRuntime: CheckJNI is OFF
11-01 13:03:29.248 19407 19407 D ICU     : No timezone override file found: /data/misc/zoneinfo/current/icu/icu_tzdata.dat
11-01 13:03:29.276 19407 19407 I Radio-JNI: register_android_hardware_Radio DONE
11-01 13:03:29.292 19407 19407 D AndroidRuntime: Calling main entry com.android.commands.am.Am
--------- beginning of system
11-01 13:03:29.309   600   610 I ActivityManager: Force stopping com.android.chrome appid=10035 user=0: from pid 19407
11-01 13:03:29.309   600   610 I ActivityManager: Killing 19324:com.android.chrome/u0a35 (adj 900): stop com.android.chrome
11-01 13:03:29.309   600   610 D ActivityManager: cleanUpApplicationRecord -- 19324
11-01 13:03:29.321  1058  1058 D RegisteredNfcFServicesCache: Service unchanged, not updating
11-01 13:03:29.567   600  1066 I ActivityManager: START u0 {act=android.intent.action.VIEW flg=0x10008000 cmp=com.android.chrome/com.google.android.apps.chrome.Main} from uid 2000 on display 0
11-01 13:03:29.612 19407 19407 D AndroidRuntime: Shutting down VM
11-01 13:03:29.636   600  1484 I ActivityManager: Start proc 19417:com.android.chrome/u0a35 for activity com.android.chrome/com.google.android.apps.chrome.Main
11-01 13:03:29.817   600  1666 I ActivityManager: START u0 {cmp=com.android.chrome/org.chromium.chrome.browser.firstrun.TabbedModeFirstRunActivity (has extras)} from uid 10035 on display 0
11-01 13:03:29.830 19417 19434 W DynamiteModule: Local module descriptor class for com.google.android.gms.googlecertificates not found.
11-01 13:03:29.996 19417 19434 I DynamiteModule: Considering local module com.google.android.gms.googlecertificates:0 and remote module com.google.android.gms.googlecertificates:6
11-01 13:03:29.997 19417 19434 I DynamiteModule: Selected remote version of com.google.android.gms.googlecertificates, version >= 6
11-01 13:03:30.020 19417 19435 I cr_LibraryLoader: Loaded native library version number "85.0.4183.127"
11-01 13:03:30.026 19417 19435 I cr_CachingUmaRecorder: Flushed 10 samples from 10 histograms.
11-01 13:03:30.035 19417 19436 I OpenGLRenderer: Initialized EGL, version 1.4
11-01 13:03:30.035 19417 19436 D OpenGLRenderer: Swap behavior 2
11-01 13:03:30.070 19417 19434 W System  : ClassLoader referenced unknown path: 
11-01 13:03:30.071 19417 19434 D ApplicationLoaders: ignored Vulkan layer search path /data/app/com.google.android.gms-1/lib/arm:/data/app/com.google.android.gms-1/base.apk!/lib/armeabi-v7a:/data/app/com.google.android.gms-1/split_config.en.apk!/lib/armeabi-v7a for namespace 0xf7275090
11-01 13:03:30.073 19417 19434 W ResourceType: ResTable_typeSpec entry count inconsistent: given 67, previously 69
11-01 13:03:30.073 19417 19434 W ResourceType: ResTable_typeSpec entry count inconsistent: given 5346, previously 5347
11-01 13:03:30.094 19417 19434 I DynamiteLoaderV2Impl: [70] Googlecertificates
11-01 13:03:30.103 19417 19434 W System  : ClassLoader referenced unknown path: /data/user_de/0/com.google.android.gms/app_chimera/m/00000061/n/armeabi-v7a
11-01 13:03:30.103 19417 19434 W System  : ClassLoader referenced unknown path: /data/user_de/0/com.google.android.gms/app_chimera/m/00000061/n/armeabi
11-01 13:03:30.193   600   620 W WindowManager: Failed looking up window
11-01 13:03:30.193   600   620 W WindowManager: java.lang.IllegalArgumentException: Requested window android.view.ViewRootImpl$W@f26f3e6 does not exist
11-01 13:03:30.193   600   620 W WindowManager: 	at com.android.server.wm.WindowManagerService.windowForClientLocked(WindowManagerService.java:9422)
11-01 13:03:30.193   600   620 W WindowManager: 	at com.android.server.wm.WindowManagerService.windowForClientLocked(WindowManagerService.java:9413)
11-01 13:03:30.193   600   620 W WindowManager: 	at com.android.server.wm.WindowManagerService.removeWindow(WindowManagerService.java:2393)
11-01 13:03:30.193   600   620 W WindowManager: 	at com.android.server.wm.Session.remove(Session.java:202)
11-01 13:03:30.193   600   620 W WindowManager: 	at android.view.ViewRootImpl.dispatchDetachedFromWindow(ViewRootImpl.java:3290)
11-01 13:03:30.193   600   620 W WindowManager: 	at android.view.ViewRootImpl.doDie(ViewRootImpl.java:5917)
11-01 13:03:30.193   600   620 W WindowManager: 	at android.view.ViewRootImpl$ViewRootHandler.handleMessage(ViewRootImpl.java:3626)
11-01 13:03:30.193   600   620 W WindowManager: 	at android.os.Handler.dispatchMessage(Handler.java:102)
11-01 13:03:30.193   600   620 W WindowManager: 	at android.os.Looper.loop(Looper.java:154)
11-01 13:03:30.193   600   620 W WindowManager: 	at android.os.HandlerThread.run(HandlerThread.java:61)
11-01 13:03:30.193   600   620 W WindowManager: 	at com.android.server.ServiceThread.run(ServiceThread.java:46)
11-01 13:03:30.205 19417 19431 D NetworkSecurityConfig: Using Network Security Config from resource 0_resource_name_obfuscated debugBuild: false
11-01 13:03:30.206   600   620 I ActivityManager: Displayed com.android.chrome/org.chromium.chrome.browser.firstrun.TabbedModeFirstRunActivity: +344ms (total +595ms)
11-01 13:03:30.225   785  1191 I FontLog : Received query Google Sans, URI content://com.google.android.gms.fonts [CONTEXT service_id=132 ]
11-01 13:03:30.226   785  1191 I FontLog : Query [Google Sans] resolved to {Google Sans, wdth 100.0, wght 400, ital 0.0, bestEffort false} [CONTEXT service_id=132 ]
11-01 13:03:30.227   785  1191 I FontLog : Font PFD returned from cache for {Google Sans, wdth 100.0, wght 400, ital 0.0, bestEffort false} [CONTEXT service_id=132 ]
11-01 13:03:30.227   785  1191 I FontLog : Fetch {Google Sans, wdth 100.0, wght 400, ital 0.0, bestEffort false} end status Status{statusCode=SUCCESS, resolution=null} [CONTEXT service_id=132 ]
11-01 13:03:30.240   785   798 I FontLog : Pulling font file for id = 72, cache size = 6 [CONTEXT service_id=132 ]
11-01 13:03:30.257   785   799 I FontLog : Received query Google Sans:500, URI content://com.google.android.gms.fonts [CONTEXT service_id=132 ]
11-01 13:03:30.258   785   799 I FontLog : Query [Google Sans:500] resolved to {Google Sans, wdth 100.0, wght 500, ital 0.0, bestEffort false} [CONTEXT service_id=132 ]
11-01 13:03:30.259   785   799 I FontLog : Font PFD returned from cache for {Google Sans, wdth 100.0, wght 500, ital 0.0, bestEffort false} [CONTEXT service_id=132 ]
11-01 13:03:30.259   785   799 I FontLog : Fetch {Google Sans, wdth 100.0, wght 500, ital 0.0, bestEffort false} end status Status{statusCode=SUCCESS, resolution=null} [CONTEXT service_id=132 ]
11-01 13:03:30.281   785  1234 E apju    : Phenotype API error. Event # cdub@188de958, EventCode: 7 [CONTEXT service_id=51 ]
11-01 13:03:30.281   785  1234 E apju    : apiz: 29505: No config packages for log source, or config package not registered
11-01 13:03:30.281   785  1234 E apju    : 	at apkj.b(:com.google.android.gms@203915020@20.39.15 (040406-335085812):7)
11-01 13:03:30.281   785  1234 E apju    : 	at apkg.b(:com.google.android.gms@203915020@20.39.15 (040406-335085812):2)
11-01 13:03:30.281   785  1234 E apju    : 	at apju.a(:com.google.android.gms@203915020@20.39.15 (040406-335085812):85)
11-01 13:03:30.281   785  1234 E apju    : 	at apju.a(:com.google.android.gms@203915020@20.39.15 (040406-335085812):80)
11-01 13:03:30.281   785  1234 E apju    : 	at aain.run(:com.google.android.gms@203915020@20.39.15 (040406-335085812):7)
11-01 13:03:30.281   785  1234 E apju    : 	at boex.run(:com.google.android.gms@203915020@20.39.15 (040406-335085812):2)
11-01 13:03:30.281   785  1234 E apju    : 	at sup.b(:com.google.android.gms@203915020@20.39.15 (040406-335085812):12)
11-01 13:03:30.281   785  1234 E apju    : 	at sup.run(:com.google.android.gms@203915020@20.39.15 (040406-335085812):7)
11-01 13:03:30.281   785  1234 E apju    : 	at java.util.concurrent.ThreadPoolExecutor.runWorker(ThreadPoolExecutor.java:1133)
11-01 13:03:30.281   785  1234 E apju    : 	at java.util.concurrent.ThreadPoolExecutor$Worker.run(ThreadPoolExecutor.java:607)
11-01 13:03:30.281   785  1234 E apju    : 	at tam.run(:com.google.android.gms@203915020@20.39.15 (040406-335085812):0)
11-01 13:03:30.281   785  1234 E apju    : 	at java.lang.Thread.run(Thread.java:761)
11-01 13:03:30.281   785  1234 E AsyncOperation: serviceID=51, operation=GetExperimentTokensOperationCall [CONTEXT service_id=259 ]
11-01 13:03:30.281   785  1234 E AsyncOperation: OperationException[Status{statusCode=No config packages for log source, or config package not registered, resolution=null}]
11-01 13:03:30.281   785  1234 E AsyncOperation: 	at apju.a(:com.google.android.gms@203915020@20.39.15 (040406-335085812):87)
11-01 13:03:30.281   785  1234 E AsyncOperation: 	at apju.a(:com.google.android.gms@203915020@20.39.15 (040406-335085812):80)
11-01 13:03:30.281   785  1234 E AsyncOperation: 	at aain.run(:com.google.android.gms@203915020@20.39.15 (040406-335085812):7)
11-01 13:03:30.281   785  1234 E AsyncOperation: 	at boex.run(:com.google.android.gms@203915020@20.39.15 (040406-335085812):2)
11-01 13:03:30.281   785  1234 E AsyncOperation: 	at sup.b(:com.google.android.gms@203915020@20.39.15 (040406-335085812):12)
11-01 13:03:30.281   785  1234 E AsyncOperation: 	at sup.run(:com.google.android.gms@203915020@20.39.15 (040406-335085812):7)
11-01 13:03:30.281   785  1234 E AsyncOperation: 	at java.util.concurrent.ThreadPoolExecutor.runWorker(ThreadPoolExecutor.java:1133)
11-01 13:03:30.281   785  1234 E AsyncOperation: 	at java.util.concurrent.ThreadPoolExecutor$Worker.run(ThreadPoolExecutor.java:607)
11-01 13:03:30.281   785  1234 E AsyncOperation: 	at tam.run(:com.google.android.gms@203915020@20.39.15 (040406-335085812):0)
11-01 13:03:30.281   785  1234 E AsyncOperation: 	at java.lang.Thread.run(Thread.java:761)
11-01 13:03:30.285   785  1300 I FontLog : Pulling font file for id = 73, cache size = 6 [CONTEXT service_id=132 ]
11-01 13:03:30.414  1129  1129 I MemoryTrimmer: Trimming objects from memory, since app is in the background.
11-01 13:03:30.415  1129  1145 W SearchService: Abort, client detached.
11-01 13:03:30.426  1129  1129 I MicroDetector: Keeping mic open: false
11-01 13:03:30.426  1129 19297 I DeviceStateChecker: DeviceStateChecker cancelled
11-01 13:03:30.426  1129  2072 I AudioController: internalShutdown
11-01 13:03:30.426  1129  2072 I MicrophoneInputStream: mic_close com.google.android.apps.gsa.speech.audio.ae@635b58d
11-01 13:03:30.427  1129  1220 I MicroRecognitionRunner: Stopping hotword detection.
11-01 13:03:30.431  1075  1075 I MemoryTrimmer: Trimming objects from memory, since app is in the background.
11-01 13:03:30.450   238   286 I SoundTriggerHwService::Module: void android::SoundTriggerHwService::Module::onCallbackEvent(const sp<android::SoundTriggerHwService::CallbackEvent> &) mClient == 0
11-01 13:03:30.453  1129 19296 I MicroRecognitionRunner: Detection finished
11-01 13:03:30.470  1129  1129 I MemoryTrimmer: Trimming objects from memory, since app is in the background.
11-01 13:03:30.493 19417 19431 I cr_VariationsSeedFetch: Fetched first run seed in 292 ms
11-01 13:03:30.530   600  8039 I ActivityManager: Start proc 19452:com.android.chrome:sandboxed_process0/u0i219 for service com.android.chrome/org.chromium.content.app.SandboxedProcessService0
11-01 13:03:30.585 19452 19452 W dboxed_process0: type=1400 audit(0.0:400): avc: denied { getattr } for path="/data/data/com.android.chrome" dev="dm-2" ino=12190 scontext=u:r:isolated_app:s0:c512,c768 tcontext=u:object_r:app_data_file:s0:c512,c768 tclass=dir permissive=0
11-01 13:03:30.614 19452 19452 I cr_ChildProcessService: Creating new ChildProcessService pid=19452
11-01 13:03:30.734   600   610 I ActivityManager: Start proc 19478:com.android.chrome:privileged_process0/u0a35 for service com.android.chrome/org.chromium.content.app.PrivilegedProcessService0
11-01 13:03:30.800 19417 19439 W ConnectionStatusConfig: Dynamic lookup for intent failed for action: com.google.android.gms.auth.key.retrieval.service.START
11-01 13:03:30.805 19417 19439 W ConnectionStatusConfig: Dynamic lookup for intent failed for action: com.google.android.gms.auth.key.retrieval.service.START
11-01 13:03:30.811   600 12440 W ActivityManager: Unable to start service Intent { act=com.google.android.gms.auth.key.retrieval.service.START pkg=com.google.android.gms } U=0: not found
11-01 13:03:30.815   600  8931 W ActivityManager: Unbind failed: could not find connection for android.os.BinderProxy@847d2c4
11-01 13:03:30.854 19417 19439 E GmsClient: unable to connect to service: com.google.android.gms.auth.key.retrieval.service.START on com.google.android.gms
11-01 13:03:30.867 19478 19478 I cr_ChildProcessService: Creating new ChildProcessService pid=19478
11-01 13:03:30.927 19478 19495 I cr_LibraryLoader: Loaded native library version number "85.0.4183.127"
11-01 13:03:30.928 19417 19417 W cr_KnoxSettingsProvider: Permission to read device policy denied.
11-01 13:03:30.930 19478 19495 I cr_CachingUmaRecorder: Flushed 1 samples from 1 histograms.
11-01 13:03:30.956 19478 19495 E libEGL  : validate_display:99 error 3008 (EGL_BAD_DISPLAY)
11-01 13:03:40.553   785 15781 W CCTFlatFileLogStore: Excessive logging: 256 events, 117758 bytes from log source ANDROID_GSA last 3111s
11-01 13:03:40.564  1129  1129 I MemoryTrimmer: Trimming objects from memory, since app is in the background.
11-01 13:03:42.781 19521 19521 D AndroidRuntime: >>>>>> START com.android.internal.os.RuntimeInit uid 2000 <<<<<<
11-01 13:03:42.784 19521 19521 D AndroidRuntime: CheckJNI is OFF
11-01 13:03:42.849 19521 19521 D ICU     : No timezone override file found: /data/misc/zoneinfo/current/icu/icu_tzdata.dat
11-01 13:03:42.881 19521 19521 I Radio-JNI: register_android_hardware_Radio DONE
11-01 13:03:42.896 19521 19521 D AndroidRuntime: Calling main entry com.android.commands.monkey.Monkey
11-01 13:03:42.963   600   613 W BroadcastQueue: Skipping deliver [background] BroadcastRecord{47de9d5 u-1 android.net.conn.CONNECTIVITY_CHANGE} to ReceiverList{699a5ea 19521 (unknown name)/2000/u-1 remote:5e1c7bf}: process crashing
11-01 13:03:44.514 19521 19521 D MonkeyStub: translateCommand: wake
11-01 13:03:44.632 19521 19521 D MonkeyStub: translateCommand: tap 398 1198
11-01 13:03:46.709 19521 19521 D MonkeyStub: translateCommand: tap 720 1506
11-01 13:03:46.900 18454 18573 I PeopleChimeraService: onService. callbacks = aaik@4ca4786, request = com.google.android.gms.common.internal.GetServiceRequest@38f7847
11-01 13:03:46.906 18454 18466 I PeopleChimeraService: onService. callbacks = aaik@2fd219d, request = com.google.android.gms.common.internal.GetServiceRequest@2735612
11-01 13:03:48.519   600   647 I WifiHAL : Got channel list with 13 channels
11-01 13:03:48.521   600   647 I WifiHAL : Got channel list with 4 channels
11-01 13:03:48.523   600   647 I WifiHAL : Got channel list with 15 channels
11-01 13:03:48.790 19521 19521 D MonkeyStub: translateCommand: tap 355 1480
11-01 13:03:48.812 19521 19521 D MonkeyStub: Quit requested
11-01 13:03:48.845   600  5522 I ActivityManager: START u0 {act=android.intent.action.VIEW flg=0x10008000 cmp=com.android.chrome/com.google.android.apps.chrome.Main (has extras)} from uid 10035 on display 0
11-01 13:03:48.863   600   614 I CwMcuSensor: CwMcuSensor::flush: fd = 195, sensors_id = 0, path = /sys/class/htc_sensorhub/sensor_hub/flush, err = 0
11-01 13:03:48.880 19521 19521 I art     : System.exit called, status: 6
11-01 13:03:48.880 19521 19521 I AndroidRuntime: VM exiting with result code 6.
11-01 13:03:48.975   600   611 W WindowManager: Attempted to remove non-existing token: android.os.Binder@cf520db
11-01 13:03:49.015 19417 19417 E cr_CompositorSurfaceMgr: Transitioning to surface with format : -1
11-01 13:03:49.062   600   609 I art     : Background partial concurrent mark sweep GC freed 28498(1395KB) AllocSpace objects, 7(156KB) LOS objects, 33% free, 14MB/22MB, paused 803us total 165.010ms
11-01 13:03:49.092 19417 19473 W cr_tabmodel: Starting to perform legacy migration.
11-01 13:03:49.094 19417 19473 W cr_tabmodel: Finished performing legacy migration.
11-01 13:03:49.094 19417 19473 W cr_tabmodel: Starting to perform multi-instance migration.
11-01 13:03:49.094 19417 19473 W cr_tabmodel: Finished performing multi-instance migration.
11-01 13:03:49.095 19417 19473 I cr_tabmodel: Starting to fetch tab list for tab_state0
11-01 13:03:49.095 19417 19473 I cr_tabmodel: State file does not exist.
11-01 13:03:49.096 19417 19473 I cr_tabmodel: Starting to fetch tab list for tab_state1
11-01 13:03:49.096 19417 19473 I cr_tabmodel: State file does not exist.
11-01 13:03:49.138 19417 19473 I cr_ADCP : No customization source found
11-01 13:03:49.190   600   620 I ActivityManager: Displayed com.android.chrome/com.google.android.apps.chrome.Main: +312ms
11-01 13:03:49.204 19417 19436 D OpenGLRenderer: endAllActiveAnimators on 0xd7bdd600 (InsetDrawable) with handle 0xf35072c0
11-01 13:03:49.210 19417 19417 E cr_CompositorSurfaceMgr: Transitioning to surface with format : -1
11-01 13:03:49.215 19417 19417 E cr_CompositorSurfaceMgr: surfaceCreated format : 0
11-01 13:03:49.230   600  1068 E BatteryStatsService: power: Missing API
11-01 13:03:49.233 19417 19417 I cr_ContextualSearch: Tap suppression enabled: false
11-01 13:03:49.239 19417 19417 I cr_ChromeTabbedActivity: #initializeState
11-01 13:03:49.241 19417 19417 I cr_CipherFactory: #restoreFromBundle, no savedInstanceState.
11-01 13:03:49.242 19417 19417 I cr_tabmodel: #loadState, ignoreIncognitoFiles? true
11-01 13:03:49.257   800   800 E PhoneInterfaceManager: [PhoneIntfMgr] queryModemActivityInfo: Empty response
11-01 13:03:49.258   600  1068 E BatteryStatsService: no controller energy info supplied
11-01 13:03:49.271   600  1068 E BatteryStatsService: modem info is invalid: ModemActivityInfo{ mTimestamp=0 mSleepTimeMs=0 mIdleTimeMs=0 mTxTimeMs[]=[0, 0, 0, 0, 0] mRxTimeMs=0 mEnergyUsed=0}
11-01 13:03:49.403 19417 19417 I SchedulerApiWrapper: Create SchedulerApiMainThreadWrapper
11-01 13:03:49.419 19417 19417 I FeedSessionManagerImpl: FeedSessionManagerImpl has been created
11-01 13:03:49.424 19417 19417 I FeedAppLifecycleLstnr: onEnterForeground called
11-01 13:03:49.425 19417 19417 I FeedSessionManagerImpl: onLifecycleEvent foreground
11-01 13:03:49.426 19417 19417 I FeedSessionManagerImpl: Lazy initialization triggered, getUpdateConsumer
11-01 13:03:49.426 19417 19417 I FeedRequestManagerImpl: trigger refresh 2
11-01 13:03:49.426 19417 19473 I TaskQueue: Execute task [IMMEDIATE - d: true, b: 0]: 30
11-01 13:03:49.427 19417 19417 I TaskQueue:  - task [HEAD_INVALIDATE - d: true, b: 0]: 26
11-01 13:03:49.443 19417 19473 W SessionCache: Persisted Sessions were not found
11-01 13:03:49.443 19417 19473 I HeadSessionImpl: Initialize HEAD 0 items
11-01 13:03:49.444 19417 19473 I TaskQueue:  - task [BACKGROUND - d: true, b: 1]: 11
11-01 13:03:49.444 19417 19473 I TimingUtils: Task Timing  17ms, thread JardinExecutor | task : Initialization
11-01 13:03:49.445 19417 19473 I TaskQueue:  - Finished 30, time 18 ms
11-01 13:03:49.445 19417 19473 I TaskQueue: Execute task [HEAD_INVALIDATE - d: true, b: 1]: 26
11-01 13:03:49.446 19417 19473 I TimingUtils: Task Timing   0ms, thread JardinExecutor | task : getAllDismissLocalActions | size : 0
11-01 13:03:49.446 19417 19473 I TimingUtils: Task Timing   0ms, thread JardinExecutor | task : getSemanticProperties | size : 0
11-01 13:03:49.446 19417 19473 I MainThreadRunner: Running task [Check Tooltips] on the Main Thread
11-01 13:03:49.446 19417 19473 I TaskQueue:  * Starting starvation checks
11-01 13:03:49.447 19417 19473 I MainThreadRunner: Running task [starvationChecks] on the Main Thread with a delay of 6000 milliseconds
11-01 13:03:49.447 19417 19473 I TaskQueue:  - Finished 26, time 1 ms
11-01 13:03:49.526 19417 19417 I PlayCore: UID: [10035]  PID: [19417] SplitInstallService : deferredInstall([image_editor])
11-01 13:03:49.544 19417 19552 I PlayCore: UID: [10035]  PID: [19417] SplitInstallService : Initiate binding to the service.
11-01 13:03:49.545   600  1666 W ActivityManager: Unable to start service Intent { act=com.google.android.play.core.splitinstall.BIND_SPLIT_INSTALL_SERVICE pkg=com.android.vending } U=0: not found
11-01 13:03:49.631 19417 19552 I PlayCore: UID: [10035]  PID: [19417] SplitInstallService : Failed to bind to the service.
11-01 13:03:49.687 19417 19417 I FeedAppLifecycleLstnr: initialize called
11-01 13:03:49.687 19417 19417 I FeedSessionManagerImpl: onLifecycleEvent initialize
11-01 13:03:49.687 19417 19417 W FeedSessionManagerImpl: FeedSessionManagerImpl has previously been initialized
11-01 13:03:49.713 19417 19417 I ViewConfigCompat: Could not find method getScaledScrollFactor() on ViewConfiguration
11-01 13:03:49.718 19417 19417 I BasicStream: Setting 2 header views, currently have 0 headers
11-01 13:03:49.719 19417 19417 I BasicStream: Setting 2 header views, currently have 2 headers
11-01 13:03:49.771   600   619 D BluetoothManagerService: Message: 20
11-01 13:03:49.771   600   619 D BluetoothManagerService: Added callback: android.bluetooth.IBluetoothManagerCallback$Stub$Proxy@4a5cfa2:true
11-01 13:03:49.800 19417 19417 E cr_IntentUtils: getBooleanExtra failed on intent null
11-01 13:03:49.808 19452 19465 I cr_LibraryLoader: Loaded native library version number "85.0.4183.127"
11-01 13:03:49.811 19452 19465 I cr_CachingUmaRecorder: Flushed 1 samples from 1 histograms.
11-01 13:03:49.822 19417 19417 I TimeoutSessionImpl: Using TimeoutSessionImpl
11-01 13:03:49.823 19417 19417 I FeedSessionManagerImpl: shouldSessionRequestData; hasContent(false), contentCreationTime(0), outstandingRequest(true)
11-01 13:03:49.823 19417 19417 I FeedSessionManagerImpl: shouldSessionRequestDataResult: NO_REQUEST_WITH_WAIT, shouldMakeRequest(false), withTimeout(false), withAppend(false)
11-01 13:03:49.823 19417 19417 I TaskQueue:  - task [USER_FACING - d: true, b: 1]: 24
11-01 13:03:49.826 19417 19417 I MainThreadRunner: Running task [BasicStream onShow] on the Main Thread with a delay of 500 milliseconds
11-01 13:03:49.878   600 12440 I ActivityManager: Start proc 19554:com.android.chrome:sandboxed_process1/u0i220 for service com.android.chrome/org.chromium.content.app.SandboxedProcessService1
11-01 13:03:49.927   600   611 I ActivityManager: Start proc 19564:com.android.chrome:sandboxed_process2/u0i221 for service com.android.chrome/org.chromium.content.app.SandboxedProcessService2
11-01 13:03:49.973   600  1483 I ActivityManager: Start proc 19576:com.android.chrome:sandboxed_process3/u0i222 for service com.android.chrome/org.chromium.content.app.SandboxedProcessService3
11-01 13:03:49.998 19417 19417 I Choreographer: Skipped 48 frames!  The application may be doing too much work on its main thread.
11-01 13:03:50.025   600   819 I ActivityManager: Start proc 19589:com.android.chrome:sandboxed_process4/u0i223 for service com.android.chrome/org.chromium.content.app.SandboxedProcessService4
11-01 13:03:50.072 19554 19554 W dboxed_process1: type=1400 audit(0.0:401): avc: denied { getattr } for path="/data/data/com.android.chrome" dev="dm-2" ino=12190 scontext=u:r:isolated_app:s0:c512,c768 tcontext=u:object_r:app_data_file:s0:c512,c768 tclass=dir permissive=0
11-01 13:03:50.079   600  1483 I ActivityManager: Start proc 19603:com.android.chrome:sandboxed_process5/u0i224 for service com.android.chrome/org.chromium.content.app.SandboxedProcessService5
11-01 13:03:50.187   600  8040 I ActivityManager: Start proc 19621:com.android.chrome:sandboxed_process6/u0i225 for service com.android.chrome/org.chromium.content.app.SandboxedProcessService6
11-01 13:03:50.198 19417 19417 I TaskQueue:  - task [IMMEDIATE - d: true, b: 2]: 27
11-01 13:03:50.198 19417 19417 I TaskQueue:  - queueTask starting immediate task
11-01 13:03:50.199 19417 19470 I TaskQueue: Execute task [IMMEDIATE - d: true, b: 2]: 27
11-01 13:03:50.202 19417 19470 I FeedRequestManagerImpl: Consistency Token: # hU2@7bca4
11-01 13:03:50.207 19417 19470 I FeedRequestManagerImpl: Capability: FEED_UI
11-01 13:03:50.207 19417 19470 I FeedRequestManagerImpl: Capability: UNDOABLE_ACTIONS
11-01 13:03:50.207 19417 19470 I FeedRequestManagerImpl: Capability: MANAGE_INTERESTS
11-01 13:03:50.207 19417 19470 I FeedRequestManagerImpl: Capability: SEND_FEEDBACK
11-01 13:03:50.207 19417 19470 I FeedRequestManagerImpl: Capability: ARTICLE_SNIPPETS
11-01 13:03:50.207 19417 19470 I FeedRequestManagerImpl: Capability: CLICK_ACTION
11-01 13:03:50.207 19417 19470 I FeedRequestManagerImpl: Capability: VIEW_ACTION
11-01 13:03:50.207 19417 19470 I FeedRequestManagerImpl: Capability: REPORT_FEED_USER_ACTIONS_NOTICE_CARD
11-01 13:03:50.207 19417 19470 I FeedRequestManagerImpl: Capability: BASE_UI
11-01 13:03:50.213 19417 19427 I art     : Background sticky concurrent mark sweep GC freed 28020(2MB) AllocSpace objects, 58(1180KB) LOS objects, 25% free, 9MB/12MB, paused 1.084ms total 121.818ms
11-01 13:03:50.234   600   819 I ActivityManager: Start proc 19632:com.android.chrome:sandboxed_process7/u0i226 for service com.android.chrome/org.chromium.content.app.SandboxedProcessService7
11-01 13:03:50.242 19576 19576 W dboxed_process3: type=1400 audit(0.0:402): avc: denied { getattr } for path="/data/data/com.android.chrome" dev="dm-2" ino=12190 scontext=u:r:isolated_app:s0:c512,c768 tcontext=u:object_r:app_data_file:s0:c512,c768 tclass=dir permissive=0
11-01 13:03:50.250 19417 19470 I FeedRequestManagerImpl: Making Request: /httpservice/noretry/DiscoverClankService/FeedQuery
11-01 13:03:50.250 19417 19470 I MainThreadRunner: Running task [NetworkClientWrapper send] on the Main Thread
11-01 13:03:50.250 19417 19470 I TaskQueue:  - Finished 27, time 52 ms
11-01 13:03:50.265 19564 19564 W dboxed_process2: type=1400 audit(0.0:403): avc: denied { getattr } for path="/data/data/com.android.chrome" dev="dm-2" ino=12190 scontext=u:r:isolated_app:s0:c512,c768 tcontext=u:object_r:app_data_file:s0:c512,c768 tclass=dir permissive=0
11-01 13:03:50.279   600  1483 I ActivityManager: Start proc 19645:com.android.chrome:sandboxed_process8/u0i227 for service com.android.chrome/org.chromium.content.app.SandboxedProcessService8
11-01 13:03:50.335 19554 19554 I cr_ChildProcessService: Creating new ChildProcessService pid=19554
11-01 13:03:50.418 19589 19589 W dboxed_process4: type=1400 audit(0.0:404): avc: denied { getattr } for path="/data/data/com.android.chrome" dev="dm-2" ino=12190 scontext=u:r:isolated_app:s0:c512,c768 tcontext=u:object_r:app_data_file:s0:c512,c768 tclass=dir permissive=0
11-01 13:03:50.481 19576 19576 I cr_ChildProcessService: Creating new ChildProcessService pid=19576
11-01 13:03:50.508 19603 19603 W dboxed_process5: type=1400 audit(0.0:405): avc: denied { getattr } for path="/data/data/com.android.chrome" dev="dm-2" ino=12190 scontext=u:r:isolated_app:s0:c512,c768 tcontext=u:object_r:app_data_file:s0:c512,c768 tclass=dir permissive=0
11-01 13:03:50.575 19564 19564 I cr_ChildProcessService: Creating new ChildProcessService pid=19564
11-01 13:03:50.602 19417 19473 W cr_CrashFileManager: /data/user/0/com.android.chrome/cache/Crash Reports does not exist or is not a directory
11-01 13:03:50.602 19417 19473 W cr_CrashFileManager: /data/user/0/com.android.chrome/cache/Crash Reports does not exist or is not a directory
11-01 13:03:50.602 19417 19473 W cr_CrashFileManager: /data/user/0/com.android.chrome/cache/Crash Reports does not exist or is not a directory
11-01 13:03:50.646 19417 19473 I cr_FileUtils: Writing to /data/user/0/com.android.chrome/app_dex/webapk7.dex
11-01 13:03:50.648 19621 19621 W dboxed_process6: type=1400 audit(0.0:406): avc: denied { getattr } for path="/data/data/com.android.chrome" dev="dm-2" ino=12190 scontext=u:r:isolated_app:s0:c512,c768 tcontext=u:object_r:app_data_file:s0:c512,c768 tclass=dir permissive=0
11-01 13:03:50.662 19632 19632 W dboxed_process7: type=1400 audit(0.0:407): avc: denied { getattr } for path="/data/data/com.android.chrome" dev="dm-2" ino=12190 scontext=u:r:isolated_app:s0:c512,c768 tcontext=u:object_r:app_data_file:s0:c512,c768 tclass=dir permissive=0
11-01 13:03:50.670 19589 19589 I cr_ChildProcessService: Creating new ChildProcessService pid=19589
11-01 13:03:50.712 19645 19645 W dboxed_process8: type=1400 audit(0.0:408): avc: denied { getattr } for path="/data/data/com.android.chrome" dev="dm-2" ino=12190 scontext=u:r:isolated_app:s0:c512,c768 tcontext=u:object_r:app_data_file:s0:c512,c768 tclass=dir permissive=0
11-01 13:03:50.750 19417 19417 I cr_tabmodel: Appending tabs being restored to metadata lists, 0, startingNormalCount: 1, startingIncognitoCount: 0
11-01 13:03:50.750 19417 19417 I cr_tabmodel: Serializing tab lists; counts: 1, 0
11-01 13:03:50.764 19603 19603 I cr_ChildProcessService: Creating new ChildProcessService pid=19603
11-01 13:03:50.793   600  8931 I ActivityManager: Start proc 19676:com.android.chrome:sandboxed_process9/u0i228 for service com.android.chrome/org.chromium.content.app.SandboxedProcessService9
11-01 13:03:50.801 19554 19659 I cr_LibraryLoader: Loaded native library version number "85.0.4183.127"
11-01 13:03:50.833 19554 19659 I cr_CachingUmaRecorder: Flushed 1 samples from 1 histograms.
11-01 13:03:50.842 19621 19621 I cr_ChildProcessService: Creating new ChildProcessService pid=19621
11-01 13:03:50.914 19417 19451 I cr_BindingManager: Moderate binding enabled: maxSize=40
11-01 13:03:50.949 19632 19632 I cr_ChildProcessService: Creating new ChildProcessService pid=19632
11-01 13:03:50.966 19645 19645 I cr_ChildProcessService: Creating new ChildProcessService pid=19645
11-01 13:03:50.996 19576 19667 I cr_LibraryLoader: Loaded native library version number "85.0.4183.127"
11-01 13:03:50.997 19576 19667 I cr_CachingUmaRecorder: Flushed 1 samples from 1 histograms.
11-01 13:03:51.020 19564 19669 I cr_LibraryLoader: Loaded native library version number "85.0.4183.127"
11-01 13:03:51.020 19564 19669 I cr_CachingUmaRecorder: Flushed 1 samples from 1 histograms.
11-01 13:03:51.049 18454 18902 I Icing   : IndexChimeraService.getServiceInterface callingPackage=com.android.chrome componentName=null serviceId=36
11-01 13:03:51.100 19554 19554 I cr_ChildProcessService: Destroying ChildProcessService pid=19554
11-01 13:03:51.112 19589 19672 I cr_LibraryLoader: Loaded native library version number "85.0.4183.127"
11-01 13:03:51.113 19589 19672 I cr_CachingUmaRecorder: Flushed 1 samples from 1 histograms.
11-01 13:03:51.160 18454 18827 I Icing   : IndexChimeraService.getServiceInterface callingPackage=com.android.chrome componentName=null serviceId=36
11-01 13:03:51.214 19603 19675 I cr_LibraryLoader: Loaded native library version number "85.0.4183.127"
11-01 13:03:51.214 19603 19675 I cr_CachingUmaRecorder: Flushed 1 samples from 1 histograms.
11-01 13:03:51.243 19417 19427 I art     : Background partial concurrent mark sweep GC freed 58863(3MB) AllocSpace objects, 26(532KB) LOS objects, 40% free, 10MB/17MB, paused 5.866ms total 369.352ms
11-01 13:03:51.288 19554 19659 I chromium: [INFO:child_process_service.cc(69)] ChildProcessService: Exiting child process.
11-01 13:03:51.297 19621 19682 I cr_LibraryLoader: Loaded native library version number "85.0.4183.127"
11-01 13:03:51.297 19621 19682 I cr_CachingUmaRecorder: Flushed 1 samples from 1 histograms.
11-01 13:03:51.302 19676 19676 W dboxed_process9: type=1400 audit(0.0:409): avc: denied { getattr } for path="/data/data/com.android.chrome" dev="dm-2" ino=12190 scontext=u:r:isolated_app:s0:c512,c768 tcontext=u:object_r:app_data_file:s0:c512,c768 tclass=dir permissive=0
11-01 13:03:51.363 19632 19692 I cr_LibraryLoader: Loaded native library version number "85.0.4183.127"
11-01 13:03:51.363 19632 19692 I cr_CachingUmaRecorder: Flushed 1 samples from 1 histograms.
11-01 13:03:51.427 19673 19673 I dex2oat : /system/bin/dex2oat --dex-file=/data/user/0/com.android.chrome/app_dex/webapk7.dex --oat-fd=186 --oat-location=/data/user/0/com.android.chrome/app_dex/oat/arm/webapk7.dex --compiler-filter=speed
11-01 13:03:51.444 19621 19682 I chromium: [INFO:child_process_service.cc(69)] ChildProcessService: Exiting child process.
11-01 13:03:51.445   197   197 E lowmemorykiller: Error writing /proc/19621/oom_score_adj; errno=22
11-01 13:03:51.465 19564 19564 I cr_ChildProcessService: Destroying ChildProcessService pid=19564
11-01 13:03:51.476 19676 19676 I cr_ChildProcessService: Creating new ChildProcessService pid=19676
11-01 13:03:51.481 19645 19693 I cr_LibraryLoader: Loaded native library version number "85.0.4183.127"
11-01 13:03:51.481 19645 19693 I cr_CachingUmaRecorder: Flushed 1 samples from 1 histograms.
11-01 13:03:51.500 19632 19632 I cr_ChildProcessService: Destroying ChildProcessService pid=19632
11-01 13:03:51.522 19589 19589 I cr_ChildProcessService: Destroying ChildProcessService pid=19589
11-01 13:03:51.598 19603 19603 I cr_ChildProcessService: Destroying ChildProcessService pid=19603
11-01 13:03:51.633   600 12440 I ActivityManager: Start proc 19728:com.android.chrome:sandboxed_process10/u0i229 for service com.android.chrome/org.chromium.content.app.SandboxedProcessService10
11-01 13:03:51.656 19645 19645 I cr_ChildProcessService: Destroying ChildProcessService pid=19645
11-01 13:03:51.669 19676 19718 I cr_LibraryLoader: Loaded native library version number "85.0.4183.127"
11-01 13:03:51.670 19676 19718 I cr_CachingUmaRecorder: Flushed 1 samples from 1 histograms.
11-01 13:03:51.700 19576 19576 I cr_ChildProcessService: Destroying ChildProcessService pid=19576
11-01 13:03:51.718   600  8931 I ActivityManager: Killing 19645:com.android.chrome:sandboxed_process8/u0a35i227 (adj 0): isolated not needed
11-01 13:03:51.718   600  8931 I ActivityManager: Killing 19632:com.android.chrome:sandboxed_process7/u0a35i226 (adj 0): isolated not needed
11-01 13:03:51.719   600  8931 I ActivityManager: Killing 19621:com.android.chrome:sandboxed_process6/u0a35i225 (adj 0): isolated not needed
11-01 13:03:51.719   600  8931 I ActivityManager: Killing 19603:com.android.chrome:sandboxed_process5/u0a35i224 (adj 0): isolated not needed
11-01 13:03:51.720   600  8931 I ActivityManager: Killing 19589:com.android.chrome:sandboxed_process4/u0a35i223 (adj 0): isolated not needed
11-01 13:03:51.720   600  8931 I ActivityManager: Killing 19564:com.android.chrome:sandboxed_process2/u0a35i221 (adj 0): isolated not needed
11-01 13:03:51.720   600  8931 I ActivityManager: Killing 19576:com.android.chrome:sandboxed_process3/u0a35i222 (adj 0): isolated not needed
11-01 13:03:51.720   600  8931 I ActivityManager: Killing 19554:com.android.chrome:sandboxed_process1/u0a35i220 (adj 0): isolated not needed
11-01 13:03:51.756 19676 19676 I cr_ChildProcessService: Destroying ChildProcessService pid=19676
11-01 13:03:51.777   600 12440 I ActivityManager: Start proc 19746:com.android.chrome:sandboxed_process11/u0i230 for service com.android.chrome/org.chromium.content.app.SandboxedProcessService11
11-01 13:03:51.825 19728 19728 W boxed_process10: type=1400 audit(0.0:410): avc: denied { getattr } for path="/data/data/com.android.chrome" dev="dm-2" ino=12190 scontext=u:r:isolated_app:s0:c512,c768 tcontext=u:object_r:app_data_file:s0:c512,c768 tclass=dir permissive=0
11-01 13:03:51.861   600  8931 I ActivityManager: Killing 19676:com.android.chrome:sandboxed_process9/u0a35i228 (adj 0): isolated not needed
11-01 13:03:51.896   600  5522 I ActivityManager: Start proc 19760:com.android.chrome:sandboxed_process12/u0i231 for service com.android.chrome/org.chromium.content.app.SandboxedProcessService12
11-01 13:03:51.920 19728 19728 I cr_ChildProcessService: Creating new ChildProcessService pid=19728
11-01 13:03:51.930 19550 19550 D AndroidRuntime: >>>>>> START com.android.internal.os.RuntimeInit uid 2000 <<<<<<
11-01 13:03:51.957   600  1066 I ActivityManager: Start proc 19773:com.android.chrome:sandboxed_process13/u0i232 for service com.android.chrome/org.chromium.content.app.SandboxedProcessService13
11-01 13:03:51.965 19746 19746 W boxed_process11: type=1400 audit(0.0:411): avc: denied { getattr } for path="/data/data/com.android.chrome" dev="dm-2" ino=12190 scontext=u:r:isolated_app:s0:c512,c768 tcontext=u:object_r:app_data_file:s0:c512,c768 tclass=dir permissive=0
11-01 13:03:51.969 19550 19550 D AndroidRuntime: CheckJNI is OFF
11-01 13:03:52.013   600   819 I ActivityManager: Start proc 19780:com.android.chrome:sandboxed_process14/u0i233 for service com.android.chrome/org.chromium.content.app.SandboxedProcessService14
11-01 13:03:52.052   600  1485 I ActivityManager: Start proc 19793:com.android.chrome:sandboxed_process15/u0i234 for service com.android.chrome/org.chromium.content.app.SandboxedProcessService15
11-01 13:03:52.110   600  8930 I ActivityManager: Start proc 19807:com.android.chrome:sandboxed_process16/u0i235 for service com.android.chrome/org.chromium.content.app.SandboxedProcessService16
11-01 13:03:52.129 19746 19746 I cr_ChildProcessService: Creating new ChildProcessService pid=19746
11-01 13:03:52.155   600   610 I ActivityManager: Start proc 19821:com.android.chrome:sandboxed_process17/u0i236 for service com.android.chrome/org.chromium.content.app.SandboxedProcessService17
11-01 13:03:52.195 19760 19760 W boxed_process12: type=1400 audit(0.0:412): avc: denied { getattr } for path="/data/data/com.android.chrome" dev="dm-2" ino=12190 scontext=u:r:isolated_app:s0:c512,c768 tcontext=u:object_r:app_data_file:s0:c512,c768 tclass=dir permissive=0
11-01 13:03:52.212 19773 19773 W boxed_process13: type=1400 audit(0.0:413): avc: denied { getattr } for path="/data/data/com.android.chrome" dev="dm-2" ino=12190 scontext=u:r:isolated_app:s0:c512,c768 tcontext=u:object_r:app_data_file:s0:c512,c768 tclass=dir permissive=0
11-01 13:03:52.217 19728 19766 I cr_LibraryLoader: Loaded native library version number "85.0.4183.127"
11-01 13:03:52.218 19728 19766 I cr_CachingUmaRecorder: Flushed 1 samples from 1 histograms.
11-01 13:03:52.223   600  1666 I ActivityManager: Start proc 19832:com.android.chrome:sandboxed_process18/u0i237 for service com.android.chrome/org.chromium.content.app.SandboxedProcessService18
11-01 13:03:52.272   600  8040 I ActivityManager: Start proc 19847:com.android.chrome:sandboxed_process19/u0i238 for service com.android.chrome/org.chromium.content.app.SandboxedProcessService19
11-01 13:03:52.288 19780 19780 W boxed_process14: type=1400 audit(0.0:414): avc: denied { getattr } for path="/data/data/com.android.chrome" dev="dm-2" ino=12190 scontext=u:r:isolated_app:s0:c512,c768 tcontext=u:object_r:app_data_file:s0:c512,c768 tclass=dir permissive=0
11-01 13:03:52.298 19793 19793 W boxed_process15: type=1400 audit(0.0:415): avc: denied { getattr } for path="/data/data/com.android.chrome" dev="dm-2" ino=12190 scontext=u:r:isolated_app:s0:c512,c768 tcontext=u:object_r:app_data_file:s0:c512,c768 tclass=dir permissive=0
11-01 13:03:52.385 19760 19760 I cr_ChildProcessService: Creating new ChildProcessService pid=19760
11-01 13:03:52.401 19773 19773 I cr_ChildProcessService: Creating new ChildProcessService pid=19773
11-01 13:03:52.418 19807 19807 W boxed_process16: type=1400 audit(0.0:416): avc: denied { getattr } for path="/data/data/com.android.chrome" dev="dm-2" ino=12190 scontext=u:r:isolated_app:s0:c512,c768 tcontext=u:object_r:app_data_file:s0:c512,c768 tclass=dir permissive=0
11-01 13:03:52.457   600  8040 I ActivityManager: Killing 19728:com.android.chrome:sandboxed_process10/u0a35i229 (adj 0): isolated not needed
11-01 13:03:52.462 19821 19821 W boxed_process17: type=1400 audit(0.0:417): avc: denied { getattr } for path="/data/data/com.android.chrome" dev="dm-2" ino=12190 scontext=u:r:isolated_app:s0:c512,c768 tcontext=u:object_r:app_data_file:s0:c512,c768 tclass=dir permissive=0
11-01 13:03:52.468 19673 19673 W dex2oat : Compilation of java.lang.String androidx.core.graphics.drawable.IconCompat.toString() took 152.118ms
11-01 13:03:52.474 19793 19793 I cr_ChildProcessService: Creating new ChildProcessService pid=19793
11-01 13:03:52.488 19780 19780 I cr_ChildProcessService: Creating new ChildProcessService pid=19780
11-01 13:03:52.508 19832 19832 W boxed_process18: type=1400 audit(0.0:418): avc: denied { getattr } for path="/data/data/com.android.chrome" dev="dm-2" ino=12190 scontext=u:r:isolated_app:s0:c512,c768 tcontext=u:object_r:app_data_file:s0:c512,c768 tclass=dir permissive=0
11-01 13:03:52.512 19673 19673 I dex2oat : dex2oat took 1.097s (threads: 2) arena alloc=771KB (790272B) java alloc=81KB (83360B) native alloc=559KB (573080B) free=1488KB (1524072B)
11-01 13:03:52.555 19746 19818 I cr_LibraryLoader: Loaded native library version number "85.0.4183.127"
11-01 13:03:52.556 19807 19807 I cr_ChildProcessService: Creating new ChildProcessService pid=19807
11-01 13:03:52.560 19746 19818 I cr_CachingUmaRecorder: Flushed 1 samples from 1 histograms.
11-01 13:03:52.615 19847 19847 W boxed_process19: type=1400 audit(0.0:419): avc: denied { getattr } for path="/data/data/com.android.chrome" dev="dm-2" ino=12190 scontext=u:r:isolated_app:s0:c512,c768 tcontext=u:object_r:app_data_file:s0:c512,c768 tclass=dir permissive=0
11-01 13:03:52.623 19821 19821 I cr_ChildProcessService: Creating new ChildProcessService pid=19821
11-01 13:03:52.656 19832 19832 I cr_ChildProcessService: Creating new ChildProcessService pid=19832
11-01 13:03:52.659 19760 19868 I cr_LibraryLoader: Loaded native library version number "85.0.4183.127"
11-01 13:03:52.679 19760 19868 I cr_CachingUmaRecorder: Flushed 1 samples from 1 histograms.
11-01 13:03:52.720 19550 19550 D ICU     : No timezone override file found: /data/misc/zoneinfo/current/icu/icu_tzdata.dat
11-01 13:03:52.734 19773 19869 I cr_LibraryLoader: Loaded native library version number "85.0.4183.127"
11-01 13:03:52.737   600   609 I art     : Background partial concurrent mark sweep GC freed 29899(1551KB) AllocSpace objects, 14(372KB) LOS objects, 33% free, 14MB/22MB, paused 5.899ms total 375.680ms
11-01 13:03:52.755 19417 19417 I FeedRequestManagerImpl: Request: /httpservice/noretry/DiscoverClankService/FeedQuery completed with response code: 200
11-01 13:03:52.756 19417 19417 I TaskQueue:  - task [IMMEDIATE - d: true, b: 2]: 15
11-01 13:03:52.756 19417 19417 I TaskQueue:  - queueTask starting immediate task
11-01 13:03:52.756 19417 19474 I TaskQueue: Execute task [IMMEDIATE - d: true, b: 2]: 15
11-01 13:03:52.764 19773 19869 I cr_CachingUmaRecorder: Flushed 1 samples from 1 histograms.
11-01 13:03:52.778 19793 19871 I cr_LibraryLoader: Loaded native library version number "85.0.4183.127"
11-01 13:03:52.779 19793 19871 I cr_CachingUmaRecorder: Flushed 1 samples from 1 histograms.
11-01 13:03:52.797 19760 19868 I chromium: [INFO:child_process_service.cc(69)] ChildProcessService: Exiting child process.
11-01 13:03:52.802   197   197 E lowmemorykiller: Error writing /proc/19760/oom_score_adj; errno=22
11-01 13:03:52.808 19847 19847 I cr_ChildProcessService: Creating new ChildProcessService pid=19847
11-01 13:03:52.811 19780 19872 I cr_LibraryLoader: Loaded native library version number "85.0.4183.127"
11-01 13:03:52.813 19780 19872 I cr_CachingUmaRecorder: Flushed 1 samples from 1 histograms.
11-01 13:03:52.850 19807 19873 I cr_LibraryLoader: Loaded native library version number "85.0.4183.127"
11-01 13:03:52.860 19807 19873 I cr_CachingUmaRecorder: Flushed 1 samples from 1 histograms.
11-01 13:03:52.931 19417 19474 I MainThreadRunner: Running task [FeedRequestManagerImpl consumer] on the Main Thread
11-01 13:03:52.931 19417 19474 I TaskQueue:  - Finished 15, time 175 ms
11-01 13:03:52.934 19417 19417 I FeedProtocolAdapter: createModel, operations 33
11-01 13:03:52.939 19417 19417 I TimingUtils: Task Timing   4ms, thread ui | task : convertWireProtocol | mutations : 33
11-01 13:03:52.941 19417 19417 I TaskQueue:  - task [HEAD_RESET - d: true, b: 2]: 5
11-01 13:03:52.941 19417 19417 I TaskQueue:  - queueTask starting immediate task
11-01 13:03:52.948 19417 19470 I TaskQueue: Execute task [HEAD_RESET - d: true, b: 2]: 5
11-01 13:03:52.949 19832 19879 I cr_LibraryLoader: Loaded native library version number "85.0.4183.127"
11-01 13:03:52.949 19832 19879 I cr_CachingUmaRecorder: Flushed 1 samples from 1 histograms.
11-01 13:03:52.952 19417 19470 I TaskQueue:  - task [BACKGROUND - d: true, b: 2]: 23
11-01 13:03:52.954 19417 19470 W SessionCache: Persisted Sessions were not found
11-01 13:03:52.956 19780 19872 I chromium: [INFO:child_process_service.cc(69)] ChildProcessService: Exiting child process.
11-01 13:03:52.959   197   197 E lowmemorykiller: Error writing /proc/19780/oom_score_adj; errno=22
11-01 13:03:52.961 19417 19470 I PersistentFeedStore: commitSessionMutation - Success true, Update Session $HEAD, stream structures 32
11-01 13:03:52.969 19821 19877 I cr_LibraryLoader: Loaded native library version number "85.0.4183.127"
11-01 13:03:52.969 19821 19877 I cr_CachingUmaRecorder: Flushed 1 samples from 1 histograms.
11-01 13:03:52.972 19417 19470 I MainThreadRunner: Running task [SchedulerApiWrapper onReceiveNewContent] on the Main Thread
11-01 13:03:52.972 19417 19470 I MainThreadRunner: Running task [FeedKnownContentImpl onNewContentReceived] on the Main Thread
11-01 13:03:52.973 19417 19470 I SessionManagerMutation: Cleared Head, new creation time 11-01 13:03:52.954
11-01 13:03:52.973 19417 19470 I TimingUtils: Task Timing  25ms, thread background-1 | task : sessionMutation.commitTask:updateConsumer | mutations : 33 | userInitiated : false
11-01 13:03:52.973 19417 19470 I TaskQueue: Cancelling starvation checks
11-01 13:03:52.973 19417 19470 I TaskQueue:  - Finished 5, time 26 ms
11-01 13:03:52.978 19417 19470 I TaskQueue: Execute task [USER_FACING - d: false, b: 2]: 24
11-01 13:03:52.989 19417 19470 I TimeoutSessionImpl: TimeoutSession.populateModelProvider, shouldAppend false
11-01 13:03:52.989 19417 19470 I SessionImpl: PopulateModelProvider 32 items
11-01 13:03:52.989 19417 19470 I FeedModelProvider: FeedModelProvider - committer, structure changes 31, update changes 0
11-01 13:03:52.990 19417 19470 I FeedModelProvider: SyntheticTokenTracker: 0, 11, 11, false
11-01 13:03:52.990 19417 19470 I FeedSessionManagerImpl: Caching getStreamFeatures - items 31, cache misses 0, cache size 31
11-01 13:03:52.990 19417 19470 I FeedModelProvider: Moving _session:9205ed9b-5879-4087-b2d9-34b0864d878e to READY
11-01 13:03:52.990 19417 19470 I MainThreadRunner: Running task [FeedModelProvider onSessionStart] on the Main Thread
11-01 13:03:52.991 19417 19470 I FeedModelProvider: ModelProvider Mutation committed - structure changes 31, childrenToBind 31, removedChildren false, Token false
11-01 13:03:52.997 19417 19470 I FeedSessionManagerImpl: Populate new session: _session:9205ed9b-5879-4087-b2d9-34b0864d878e, creation time 11-01 13:03:52.989
11-01 13:03:52.997 19417 19470 I TimingUtils: Task Timing  18ms, thread background-2 | task : Create/Populate New Session
11-01 13:03:52.998 19417 19470 I TaskQueue:  - Finished 24, time 20 ms
11-01 13:03:52.998 19417 19470 I TaskQueue: Execute task [BACKGROUND - d: false, b: 1]: 11
11-01 13:03:52.998 19417 19470 I ContentGc: Re-enqueuing triggerContentGc; attempts(0)
11-01 13:03:52.998 19417 19470 I TaskQueue:  - task [BACKGROUND - d: false, b: 1]: 11
11-01 13:03:52.998 19417 19470 I TaskQueue:  - Finished 11, time 0 ms
11-01 13:03:52.998 19417 19470 I TaskQueue: Execute task [BACKGROUND - d: false, b: 1]: 23
11-01 13:03:53.005 19550 19550 I Radio-JNI: register_android_hardware_Radio DONE
11-01 13:03:53.040 19550 19550 D AndroidRuntime: Calling main entry com.android.commands.am.Am
11-01 13:03:53.055 19847 19884 I cr_LibraryLoader: Loaded native library version number "85.0.4183.127"
11-01 13:03:53.056 19847 19884 I cr_CachingUmaRecorder: Flushed 1 samples from 1 histograms.
11-01 13:03:53.062   600   611 I ActivityManager: START u0 {act=android.intent.action.VIEW dat=http://biomedcentral.com/... flg=0x10000000 cmp=com.android.chrome/com.google.android.apps.chrome.Main} from uid 2000 on display 0
11-01 13:03:53.067 19550 19550 D AndroidRuntime: Shutting down VM
11-01 13:03:53.076 19821 19821 I cr_ChildProcessService: Destroying ChildProcessService pid=19821
11-01 13:03:53.077 19832 19832 I cr_ChildProcessService: Destroying ChildProcessService pid=19832
11-01 13:03:53.079 19793 19793 I cr_ChildProcessService: Destroying ChildProcessService pid=19793
11-01 13:03:53.081 19773 19773 I cr_ChildProcessService: Destroying ChildProcessService pid=19773
11-01 13:03:53.081 19807 19807 I cr_ChildProcessService: Destroying ChildProcessService pid=19807
11-01 13:03:53.081 19746 19746 I cr_ChildProcessService: Destroying ChildProcessService pid=19746
11-01 13:03:53.085 19746 19818 I chromium: [INFO:child_process_service.cc(69)] ChildProcessService: Exiting child process.
11-01 13:03:53.086 19793 19871 I chromium: [INFO:child_process_service.cc(69)] ChildProcessService: Exiting child process.
11-01 13:03:53.086 19807 19873 I chromium: [INFO:child_process_service.cc(69)] ChildProcessService: Exiting child process.
11-01 13:03:53.087 19832 19879 I chromium: [INFO:child_process_service.cc(69)] ChildProcessService: Exiting child process.
11-01 13:03:53.122 19847 19884 I chromium: [INFO:child_process_service.cc(69)] ChildProcessService: Exiting child process.
11-01 13:03:53.124 19821 19877 I chromium: [INFO:child_process_service.cc(69)] ChildProcessService: Exiting child process.
11-01 13:03:53.162 19417 19417 I FeedModelProvider: No children found for Cursor
11-01 13:03:53.187 19417 19470 I TimingUtils: Task Timing 188ms, thread background-3 | task : commitContentMutation | mutations : 32
11-01 13:03:53.187 19417 19470 I TimingUtils: Task Timing   0ms, thread background-4 | task : commitSemanticPropertiesMutation | mutations : 0
11-01 13:03:53.187 19417 19470 I TaskQueue:  - Finished 23, time 189 ms
11-01 13:03:53.187 19417 19470 I TaskQueue: Execute task [BACKGROUND - d: false, b: 0]: 11
