10-31 13:27:12.828  6585  6585 W chromium: [WARNING:compositor_view.cc(315)] Child process died (type=6) pid=7335)
10-31 13:27:13.508   600 25704 I ActivityManager: Start proc 7354:com.android.chrome:sandboxed_process24/u0i632 for service com.android.chrome/org.chromium.content.app.SandboxedProcessService24
10-31 13:27:13.580  7354  7354 W boxed_process24: type=1400 audit(0.0:13127): avc: denied { getattr } for path="/data/data/com.android.chrome" dev="dm-2" ino=12190 scontext=u:r:isolated_app:s0:c512,c768 tcontext=u:object_r:app_data_file:s0:c512,c768 tclass=dir permissive=0
10-31 13:27:13.607  7354  7354 I cr_ChildProcessService: Creating new ChildProcessService pid=7354
10-31 13:27:13.661  7354  7367 I cr_LibraryLoader: Loaded native library version number "85.0.4183.127"
10-31 13:27:13.662  7354  7367 I cr_CachingUmaRecorder: Flushed 1 samples from 1 histograms.
10-31 13:27:13.690  7367  7367 W CrUtilityMain: type=1400 audit(0.0:13128): avc: denied { setattr } for name="optimization-hints.pb" dev="dm-2" ino=51977 scontext=u:r:isolated_app:s0:c512,c768 tcontext=u:object_r:app_data_file:s0:c512,c768 tclass=file permissive=0
10-31 13:27:13.693  7367  7367 W CrUtilityMain: type=1400 audit(0.0:13129): avc: denied { setattr } for name="manifest.json" dev="dm-2" ino=52256 scontext=u:r:isolated_app:s0:c512,c768 tcontext=u:object_r:app_data_file:s0:c512,c768 tclass=file permissive=0
10-31 13:27:13.693  7367  7367 W CrUtilityMain: type=1400 audit(0.0:13130): avc: denied { setattr } for name="verified_contents.json" dev="dm-2" ino=51958 scontext=u:r:isolated_app:s0:c512,c768 tcontext=u:object_r:app_data_file:s0:c512,c768 tclass=file permissive=0
10-31 13:27:13.704  7354  7354 I cr_ChildProcessService: Destroying ChildProcessService pid=7354
10-31 13:27:13.705  7354  7367 I chromium: [INFO:child_process_service.cc(69)] ChildProcessService: Exiting child process.
10-31 13:27:13.727   600 13558 I ActivityManager: Process com.android.chrome:sandboxed_process24 (pid 7354) has died
10-31 13:27:13.727   600 13558 D ActivityManager: cleanUpApplicationRecord -- 7354
10-31 13:27:13.730  6585  6585 W chromium: [WARNING:compositor_view.cc(315)] Child process died (type=6) pid=7354)
10-31 13:27:13.956  7266  7266 D MonkeyStub: translateCommand: tap 168 477
10-31 13:27:14.235   787  1259 E AsyncOperation: serviceID=121, operation=GetLaunchDataOperation [CONTEXT service_id=259 ]
10-31 13:27:14.235   787  1259 E AsyncOperation: OperationException[Status{statusCode=Not an instant app, resolution=null}]
10-31 13:27:14.235   787  1259 E AsyncOperation: 	at aeay.a(:com.google.android.gms@203915020@20.39.15 (040406-335085812):20)
10-31 13:27:14.235   787  1259 E AsyncOperation: 	at aain.run(:com.google.android.gms@203915020@20.39.15 (040406-335085812):7)
10-31 13:27:14.235   787  1259 E AsyncOperation: 	at boex.run(:com.google.android.gms@203915020@20.39.15 (040406-335085812):2)
10-31 13:27:14.235   787  1259 E AsyncOperation: 	at sup.b(:com.google.android.gms@203915020@20.39.15 (040406-335085812):12)
10-31 13:27:14.235   787  1259 E AsyncOperation: 	at sup.run(:com.google.android.gms@203915020@20.39.15 (040406-335085812):7)
10-31 13:27:14.235   787  1259 E AsyncOperation: 	at java.util.concurrent.ThreadPoolExecutor.runWorker(ThreadPoolExecutor.java:1133)
10-31 13:27:14.235   787  1259 E AsyncOperation: 	at java.util.concurrent.ThreadPoolExecutor$Worker.run(ThreadPoolExecutor.java:607)
10-31 13:27:14.235   787  1259 E AsyncOperation: 	at tam.run(:com.google.android.gms@203915020@20.39.15 (040406-335085812):0)
10-31 13:27:14.235   787  1259 E AsyncOperation: 	at java.lang.Thread.run(Thread.java:761)
10-31 13:27:14.666   600 13631 I ActivityManager: Start proc 7375:com.android.chrome:sandboxed_process25/u0i633 for service com.android.chrome/org.chromium.content.app.SandboxedProcessService25
10-31 13:27:14.723  7375  7375 W boxed_process25: type=1400 audit(0.0:13131): avc: denied { getattr } for path="/data/data/com.android.chrome" dev="dm-2" ino=12190 scontext=u:r:isolated_app:s0:c512,c768 tcontext=u:object_r:app_data_file:s0:c512,c768 tclass=dir permissive=0
10-31 13:27:14.754  7375  7375 I cr_ChildProcessService: Creating new ChildProcessService pid=7375
10-31 13:27:14.805  7375  7388 I cr_LibraryLoader: Loaded native library version number "85.0.4183.127"
10-31 13:27:14.808  7375  7388 I cr_CachingUmaRecorder: Flushed 1 samples from 1 histograms.
10-31 13:27:14.826  7388  7388 W CrUtilityMain: type=1400 audit(0.0:13132): avc: denied { setattr } for name="crl-set" dev="dm-2" ino=53027 scontext=u:r:isolated_app:s0:c512,c768 tcontext=u:object_r:app_data_file:s0:c512,c768 tclass=file permissive=0
10-31 13:27:14.826  7388  7388 W CrUtilityMain: type=1400 audit(0.0:13133): avc: denied { setattr } for name="manifest.json" dev="dm-2" ino=52897 scontext=u:r:isolated_app:s0:c512,c768 tcontext=u:object_r:app_data_file:s0:c512,c768 tclass=file permissive=0
10-31 13:27:14.830  7388  7388 W CrUtilityMain: type=1400 audit(0.0:13134): avc: denied { setattr } for name="LICENSE" dev="dm-2" ino=53054 scontext=u:r:isolated_app:s0:c512,c768 tcontext=u:object_r:app_data_file:s0:c512,c768 tclass=file permissive=0
10-31 13:27:14.833  7388  7388 W CrUtilityMain: type=1400 audit(0.0:13135): avc: denied { setattr } for name="verified_contents.json" dev="dm-2" ino=53196 scontext=u:r:isolated_app:s0:c512,c768 tcontext=u:object_r:app_data_file:s0:c512,c768 tclass=file permissive=0
10-31 13:27:14.841  7375  7375 I cr_ChildProcessService: Destroying ChildProcessService pid=7375
10-31 13:27:14.842  7375  7388 I chromium: [INFO:child_process_service.cc(69)] ChildProcessService: Exiting child process.
10-31 13:27:14.864   600  1081 I ActivityManager: Process com.android.chrome:sandboxed_process25 (pid 7375) has died
10-31 13:27:14.864   600  1081 D ActivityManager: cleanUpApplicationRecord -- 7375
10-31 13:27:14.869  6585  6585 W chromium: [WARNING:compositor_view.cc(315)] Child process died (type=6) pid=7375)
10-31 13:27:15.062   787 28588 W Icing   : isOptedInForAppHistory: empty Account Name encountered
10-31 13:27:15.072   787 28588 W Icing   : isOptedInForAppHistory: empty Account Name encountered
10-31 13:27:15.092   787  4249 W Icing   : isOptedInForAppHistory: empty Account Name encountered
10-31 13:27:15.168  6585  6585 I cr_tabmodel: Appending tabs being restored to metadata lists, 0, startingNormalCount: 2, startingIncognitoCount: 0
10-31 13:27:15.168  6585  6585 I cr_tabmodel: Serializing tab lists; counts: 2, 0
10-31 13:27:16.023   600  1080 I ActivityManager: Start proc 7395:com.android.chrome:sandboxed_process26/u0i634 for service com.android.chrome/org.chromium.content.app.SandboxedProcessService26
10-31 13:27:16.080  7395  7395 W boxed_process26: type=1400 audit(0.0:13136): avc: denied { getattr } for path="/data/data/com.android.chrome" dev="dm-2" ino=12190 scontext=u:r:isolated_app:s0:c512,c768 tcontext=u:object_r:app_data_file:s0:c512,c768 tclass=dir permissive=0
10-31 13:27:16.100  7395  7395 I cr_ChildProcessService: Creating new ChildProcessService pid=7395
10-31 13:27:16.148  7395  7408 I cr_LibraryLoader: Loaded native library version number "85.0.4183.127"
10-31 13:27:16.150  7395  7408 I cr_CachingUmaRecorder: Flushed 1 samples from 1 histograms.
10-31 13:27:16.166  7408  7408 W CrUtilityMain: type=1400 audit(0.0:13137): avc: denied { setattr } for name="manifest.json" dev="dm-2" ino=53698 scontext=u:r:isolated_app:s0:c512,c768 tcontext=u:object_r:app_data_file:s0:c512,c768 tclass=file permissive=0
10-31 13:27:16.173  7408  7408 W CrUtilityMain: type=1400 audit(0.0:13138): avc: denied { setattr } for name="verified_contents.json" dev="dm-2" ino=54154 scontext=u:r:isolated_app:s0:c512,c768 tcontext=u:object_r:app_data_file:s0:c512,c768 tclass=file permissive=0
10-31 13:27:16.178  7395  7408 I chromium: [INFO:child_process_service.cc(69)] ChildProcessService: Exiting child process.
10-31 13:27:16.180   197   197 E lowmemorykiller: Error writing /proc/7395/oom_score_adj; errno=22
10-31 13:27:16.195  6585  6585 W chromium: [WARNING:compositor_view.cc(315)] Child process died (type=6) pid=7395)
10-31 13:27:16.196   600 16391 I ActivityManager: Process com.android.chrome:sandboxed_process26 (pid 7395) has died
10-31 13:27:16.196   600 16391 D ActivityManager: cleanUpApplicationRecord -- 7395
10-31 13:27:17.582   237  7399 I art     : Starting a blocking GC HeapTrim
10-31 13:27:17.598   600 13631 I ActivityManager: Start proc 7414:com.android.chrome:sandboxed_process27/u0i635 for service com.android.chrome/org.chromium.content.app.SandboxedProcessService27
10-31 13:27:17.656  7414  7414 W boxed_process27: type=1400 audit(0.0:13139): avc: denied { getattr } for path="/data/data/com.android.chrome" dev="dm-2" ino=12190 scontext=u:r:isolated_app:s0:c512,c768 tcontext=u:object_r:app_data_file:s0:c512,c768 tclass=dir permissive=0
10-31 13:27:17.687  7414  7414 I cr_ChildProcessService: Creating new ChildProcessService pid=7414
10-31 13:27:17.743  7414  7427 I cr_LibraryLoader: Loaded native library version number "85.0.4183.127"
10-31 13:27:17.743  7414  7427 I cr_CachingUmaRecorder: Flushed 1 samples from 1 histograms.
10-31 13:27:17.763  7427  7427 W CrUtilityMain: type=1400 audit(0.0:13140): avc: denied { setattr } for name="download_file_types.pb" dev="dm-2" ino=56404 scontext=u:r:isolated_app:s0:c512,c768 tcontext=u:object_r:app_data_file:s0:c512,c768 tclass=file permissive=0
10-31 13:27:17.763  7427  7427 W CrUtilityMain: type=1400 audit(0.0:13141): avc: denied { setattr } for name="manifest.json" dev="dm-2" ino=56012 scontext=u:r:isolated_app:s0:c512,c768 tcontext=u:object_r:app_data_file:s0:c512,c768 tclass=file permissive=0
10-31 13:27:17.766  7427  7427 W CrUtilityMain: type=1400 audit(0.0:13142): avc: denied { setattr } for name="verified_contents.json" dev="dm-2" ino=56315 scontext=u:r:isolated_app:s0:c512,c768 tcontext=u:object_r:app_data_file:s0:c512,c768 tclass=file permissive=0
10-31 13:27:17.778  7414  7414 I cr_ChildProcessService: Destroying ChildProcessService pid=7414
10-31 13:27:17.781  7414  7427 I chromium: [INFO:child_process_service.cc(69)] ChildProcessService: Exiting child process.
10-31 13:27:17.808   600  3507 I ActivityManager: Process com.android.chrome:sandboxed_process27 (pid 7414) has died
10-31 13:27:17.808   600  3507 D ActivityManager: cleanUpApplicationRecord -- 7414
10-31 13:27:17.813  6585  6585 W chromium: [WARNING:compositor_view.cc(315)] Child process died (type=6) pid=7414)
10-31 13:27:18.435   198   198 E SELinux : avc:  denied  { find } for service=netd pid=7435 uid=2000 scontext=u:r:shell:s0 tcontext=u:object_r:netd_service:s0 tclass=service_manager permissive=0
10-31 13:27:18.442   198   198 E SELinux : avc:  denied  { find } for service=android.service.gatekeeper.IGateKeeperService pid=7435 uid=2000 scontext=u:r:shell:s0 tcontext=u:object_r:gatekeeper_service:s0 tclass=service_manager permissive=0
10-31 13:27:19.182  7266  7266 D MonkeyStub: translateCommand: touch down 614 1561
10-31 13:27:19.205  7266  7266 D MonkeyStub: translateCommand: touch move 614 1561
10-31 13:27:19.386  7266  7266 D MonkeyStub: translateCommand: touch move 614 1436
10-31 13:27:19.440   600   713 I ActivityManager: Start proc 7436:com.android.chrome:sandboxed_process28/u0i636 for service com.android.chrome/org.chromium.content.app.SandboxedProcessService28
10-31 13:27:19.473  7436  7436 W boxed_process28: type=1400 audit(0.0:13143): avc: denied { getattr } for path="/data/data/com.android.chrome" dev="dm-2" ino=12190 scontext=u:r:isolated_app:s0:c512,c768 tcontext=u:object_r:app_data_file:s0:c512,c768 tclass=dir permissive=0
10-31 13:27:19.495  7436  7436 I cr_ChildProcessService: Creating new ChildProcessService pid=7436
10-31 13:27:19.509  7266  7266 D MonkeyStub: translateCommand: touch move 614 1311
10-31 13:27:19.551  7436  7449 I cr_LibraryLoader: Loaded native library version number "85.0.4183.127"
10-31 13:27:19.558  7436  7449 I cr_CachingUmaRecorder: Flushed 1 samples from 1 histograms.
10-31 13:27:19.576  7449  7449 W CrUtilityMain: type=1400 audit(0.0:13144): avc: denied { setattr } for name="ssl_error_assistant.pb" dev="dm-2" ino=56681 scontext=u:r:isolated_app:s0:c512,c768 tcontext=u:object_r:app_data_file:s0:c512,c768 tclass=file permissive=0
10-31 13:27:19.580  7449  7449 W CrUtilityMain: type=1400 audit(0.0:13145): avc: denied { setattr } for name="manifest.json" dev="dm-2" ino=56484 scontext=u:r:isolated_app:s0:c512,c768 tcontext=u:object_r:app_data_file:s0:c512,c768 tclass=file permissive=0
10-31 13:27:19.580  7449  7449 W CrUtilityMain: type=1400 audit(0.0:13146): avc: denied { setattr } for name="verified_contents.json" dev="dm-2" ino=56842 scontext=u:r:isolated_app:s0:c512,c768 tcontext=u:object_r:app_data_file:s0:c512,c768 tclass=file permissive=0
10-31 13:27:19.589  7436  7449 I chromium: [INFO:child_process_service.cc(69)] ChildProcessService: Exiting child process.
10-31 13:27:19.612  7266  7266 D MonkeyStub: translateCommand: touch move 614 1186
10-31 13:27:19.615   600 16391 I ActivityManager: Process com.android.chrome:sandboxed_process28 (pid 7436) has died
10-31 13:27:19.615   600 16391 D ActivityManager: cleanUpApplicationRecord -- 7436
10-31 13:27:19.618  6585  6585 W chromium: [WARNING:compositor_view.cc(315)] Child process died (type=6) pid=7436)
10-31 13:27:19.717  7266  7266 D MonkeyStub: translateCommand: touch move 614 1061
10-31 13:27:19.856  7266  7266 D MonkeyStub: translateCommand: touch move 614 937
10-31 13:27:19.962  7266  7266 D MonkeyStub: translateCommand: touch move 614 812
10-31 13:27:20.073  7266  7266 D MonkeyStub: translateCommand: touch move 614 687
10-31 13:27:20.183  7266  7266 D MonkeyStub: translateCommand: touch move 614 562
10-31 13:27:20.295  7266  7266 D MonkeyStub: translateCommand: touch move 614 437
10-31 13:27:20.417  7266  7266 D MonkeyStub: translateCommand: touch move 614 312
10-31 13:27:20.423  7266  7266 D MonkeyStub: translateCommand: touch up 614 312
10-31 13:27:21.492   600 13557 I ActivityManager: Start proc 7454:com.android.chrome:sandboxed_process29/u0i637 for service com.android.chrome/org.chromium.content.app.SandboxedProcessService29
10-31 13:27:21.563  7454  7454 W boxed_process29: type=1400 audit(0.0:13147): avc: denied { getattr } for path="/data/data/com.android.chrome" dev="dm-2" ino=12190 scontext=u:r:isolated_app:s0:c512,c768 tcontext=u:object_r:app_data_file:s0:c512,c768 tclass=dir permissive=0
10-31 13:27:21.593  7454  7454 I cr_ChildProcessService: Creating new ChildProcessService pid=7454
10-31 13:27:21.656  7454  7467 I cr_LibraryLoader: Loaded native library version number "85.0.4183.127"
10-31 13:27:21.657  7454  7467 I cr_CachingUmaRecorder: Flushed 1 samples from 1 histograms.
10-31 13:27:21.680  7467  7467 W CrUtilityMain: type=1400 audit(0.0:13148): avc: denied { setattr } for name="safety_tips.pb" dev="dm-2" ino=56660 scontext=u:r:isolated_app:s0:c512,c768 tcontext=u:object_r:app_data_file:s0:c512,c768 tclass=file permissive=0
10-31 13:27:21.680  7467  7467 W CrUtilityMain: type=1400 audit(0.0:13149): avc: denied { setattr } for name="manifest.json" dev="dm-2" ino=56455 scontext=u:r:isolated_app:s0:c512,c768 tcontext=u:object_r:app_data_file:s0:c512,c768 tclass=file permissive=0
10-31 13:27:21.683  7467  7467 W CrUtilityMain: type=1400 audit(0.0:13150): avc: denied { setattr } for name="verified_contents.json" dev="dm-2" ino=57241 scontext=u:r:isolated_app:s0:c512,c768 tcontext=u:object_r:app_data_file:s0:c512,c768 tclass=file permissive=0
10-31 13:27:21.703  7454  7454 I cr_ChildProcessService: Destroying ChildProcessService pid=7454
10-31 13:27:21.705  7454  7467 I chromium: [INFO:child_process_service.cc(69)] ChildProcessService: Exiting child process.
10-31 13:27:21.741   600  9614 I ActivityManager: Process com.android.chrome:sandboxed_process29 (pid 7454) has died
10-31 13:27:21.741   600  9614 D ActivityManager: cleanUpApplicationRecord -- 7454
10-31 13:27:21.745  6585  6585 W chromium: [WARNING:compositor_view.cc(315)] Child process died (type=6) pid=7454)
10-31 13:27:23.902   600  3967 I ActivityManager: Start proc 7473:com.android.chrome:sandboxed_process30/u0i638 for service com.android.chrome/org.chromium.content.app.SandboxedProcessService30
10-31 13:27:23.970  7473  7473 W boxed_process30: type=1400 audit(0.0:13151): avc: denied { getattr } for path="/data/data/com.android.chrome" dev="dm-2" ino=12190 scontext=u:r:isolated_app:s0:c512,c768 tcontext=u:object_r:app_data_file:s0:c512,c768 tclass=dir permissive=0
10-31 13:27:23.999  7473  7473 I cr_ChildProcessService: Creating new ChildProcessService pid=7473
10-31 13:27:24.049  7473  7486 I cr_LibraryLoader: Loaded native library version number "85.0.4183.127"
10-31 13:27:24.050  7473  7486 I cr_CachingUmaRecorder: Flushed 1 samples from 1 histograms.
10-31 13:27:24.063  7486  7486 W CrUtilityMain: type=1400 audit(0.0:13152): avc: denied { setattr } for name=5072656C6F61642044617461 dev="dm-2" ino=57154 scontext=u:r:isolated_app:s0:c512,c768 tcontext=u:object_r:app_data_file:s0:c512,c768 tclass=file permissive=0
10-31 13:27:24.063  7486  7486 W CrUtilityMain: type=1400 audit(0.0:13153): avc: denied { setattr } for name="manifest.json" dev="dm-2" ino=57300 scontext=u:r:isolated_app:s0:c512,c768 tcontext=u:object_r:app_data_file:s0:c512,c768 tclass=file permissive=0
10-31 13:27:24.066  7486  7486 W CrUtilityMain: type=1400 audit(0.0:13154): avc: denied { setattr } for name="verified_contents.json" dev="dm-2" ino=56904 scontext=u:r:isolated_app:s0:c512,c768 tcontext=u:object_r:app_data_file:s0:c512,c768 tclass=file permissive=0
10-31 13:27:24.073  7473  7473 I cr_ChildProcessService: Destroying ChildProcessService pid=7473
10-31 13:27:24.081  7473  7473 I art     : System.exit called, status: 0
10-31 13:27:24.081  7473  7473 I AndroidRuntime: VM exiting with result code 0, cleanup skipped.
10-31 13:27:24.099   600 10249 I ActivityManager: Process com.android.chrome:sandboxed_process30 (pid 7473) has died
10-31 13:27:24.099   600 10249 D ActivityManager: cleanUpApplicationRecord -- 7473
10-31 13:27:24.100  6585  6585 W chromium: [WARNING:compositor_view.cc(315)] Child process died (type=6) pid=7473)
10-31 13:27:25.522  7266  7266 D MonkeyStub: translateCommand: touch down 614 1561
10-31 13:27:25.531  7266  7266 D MonkeyStub: translateCommand: touch move 614 1561
10-31 13:27:25.624   787  1259 W ProcessReaper: Memory state is: 100
10-31 13:27:25.645  7266  7266 D MonkeyStub: translateCommand: touch move 614 1436
10-31 13:27:25.754  7266  7266 D MonkeyStub: translateCommand: touch move 614 1311
10-31 13:27:25.867  7266  7266 D MonkeyStub: translateCommand: touch move 614 1186
10-31 13:27:25.977  7266  7266 D MonkeyStub: translateCommand: touch move 614 1061
10-31 13:27:26.088  7266  7266 D MonkeyStub: translateCommand: touch move 614 937
10-31 13:27:26.219  7266  7266 D MonkeyStub: translateCommand: touch move 614 812
10-31 13:27:26.327  7266  7266 D MonkeyStub: translateCommand: touch move 614 687
10-31 13:27:26.441  7266  7266 D MonkeyStub: translateCommand: touch move 614 562
10-31 13:27:26.512   600  1079 I ActivityManager: Start proc 7492:com.android.chrome:sandboxed_process31/u0i639 for service com.android.chrome/org.chromium.content.app.SandboxedProcessService31
10-31 13:27:26.550  7492  7492 W boxed_process31: type=1400 audit(0.0:13155): avc: denied { getattr } for path="/data/data/com.android.chrome" dev="dm-2" ino=12190 scontext=u:r:isolated_app:s0:c512,c768 tcontext=u:object_r:app_data_file:s0:c512,c768 tclass=dir permissive=0
10-31 13:27:26.555  7266  7266 D MonkeyStub: translateCommand: touch move 614 437
10-31 13:27:26.586  7492  7492 I cr_ChildProcessService: Creating new ChildProcessService pid=7492
10-31 13:27:26.619   600   609 I art     : Background partial concurrent mark sweep GC freed 60685(2MB) AllocSpace objects, 27(684KB) LOS objects, 33% free, 16MB/24MB, paused 1.063ms total 100.727ms
10-31 13:27:26.632  7492  7505 I cr_LibraryLoader: Loaded native library version number "85.0.4183.127"
10-31 13:27:26.632  7492  7505 I cr_CachingUmaRecorder: Flushed 1 samples from 1 histograms.
10-31 13:27:26.646  7505  7505 W CrUtilityMain: type=1400 audit(0.0:13156): avc: denied { setattr } for name="tls_deprecation_config.pb" dev="dm-2" ino=57148 scontext=u:r:isolated_app:s0:c512,c768 tcontext=u:object_r:app_data_file:s0:c512,c768 tclass=file permissive=0
10-31 13:27:26.646  7505  7505 W CrUtilityMain: type=1400 audit(0.0:13157): avc: denied { setattr } for name="manifest.json" dev="dm-2" ino=57042 scontext=u:r:isolated_app:s0:c512,c768 tcontext=u:object_r:app_data_file:s0:c512,c768 tclass=file permissive=0
10-31 13:27:26.650  7505  7505 W CrUtilityMain: type=1400 audit(0.0:13158): avc: denied { setattr } for name="verified_contents.json" dev="dm-2" ino=57319 scontext=u:r:isolated_app:s0:c512,c768 tcontext=u:object_r:app_data_file:s0:c512,c768 tclass=file permissive=0
10-31 13:27:26.655  7492  7505 I chromium: [INFO:child_process_service.cc(69)] ChildProcessService: Exiting child process.
10-31 13:27:26.658   197   197 E lowmemorykiller: Error writing /proc/7492/oom_score_adj; errno=22
10-31 13:27:26.663  7266  7266 D MonkeyStub: translateCommand: touch move 614 312
10-31 13:27:26.668  7266  7266 D MonkeyStub: translateCommand: touch up 614 312
10-31 13:27:26.683   600   611 I ActivityManager: Process com.android.chrome:sandboxed_process31 (pid 7492) has died
10-31 13:27:26.683   600   611 D ActivityManager: cleanUpApplicationRecord -- 7492
10-31 13:27:26.685  6585  6585 W chromium: [WARNING:compositor_view.cc(315)] Child process died (type=6) pid=7492)
10-31 13:27:28.801  7266  7266 D MonkeyStub: Quit requested
10-31 13:27:28.839  7266  7266 I art     : System.exit called, status: 58
10-31 13:27:28.839  7266  7266 I AndroidRuntime: VM exiting with result code 58.
10-31 13:27:28.848   600   614 I CwMcuSensor: CwMcuSensor::flush: fd = 239, sensors_id = 0, path = /sys/class/htc_sensorhub/sensor_hub/flush, err = 0
10-31 13:27:28.875   600 29683 W WindowManager: Attempted to remove non-existing token: android.os.Binder@6d4569f
10-31 13:27:42.706   246   761 D NuPlayerDriver: reset(0xf0220b40) at state 4
10-31 13:27:42.706   246   761 D NuPlayerDriver: notifyListener_l(0xf0220b40), (8, 0, 0), loop setting(0, 0)
10-31 13:27:42.708   246  7229 D NuPlayerDriver: notifyResetComplete(0xf0220b40)
10-31 13:27:44.518  6616  7206 I Icing   : IndexChimeraService.getServiceInterface callingPackage=com.android.chrome componentName=null serviceId=36
10-31 13:27:44.562  6616  6944 W Icing   : No valid account for uploading user actions
10-31 13:27:44.597  6616  6965 I Icing   : IndexChimeraService.getServiceInterface callingPackage=com.google.android.gms componentName=null serviceId=30
10-31 13:27:44.700  6616  6944 I Icing   : Usage reports ok 2, Failed Usage reports 0, indexed 1, rejected 0
10-31 13:27:44.704  6616  6944 W Icing   : No valid account for uploading user actions
10-31 13:27:44.720  6616  6944 I Icing   : Usage reports ok 0, Failed Usage reports 0, indexed 0, rejected 0
10-31 13:27:44.724  6616  6944 I Icing   : Indexing com.android.chrome-omnibox from com.android.chrome
10-31 13:27:44.763  6616  6944 I Icing   : Indexing done com.android.chrome-omnibox
10-31 13:27:44.987  7525  7525 D AndroidRuntime: >>>>>> START com.android.internal.os.RuntimeInit uid 2000 <<<<<<
10-31 13:27:44.996  7525  7525 D AndroidRuntime: CheckJNI is OFF
10-31 13:27:45.085  7525  7525 D ICU     : No timezone override file found: /data/misc/zoneinfo/current/icu/icu_tzdata.dat
10-31 13:27:45.125  7525  7525 I Radio-JNI: register_android_hardware_Radio DONE
10-31 13:27:45.142  7525  7525 D AndroidRuntime: Calling main entry com.android.commands.am.Am
10-31 13:27:45.160   600  7064 I ActivityManager: Force stopping com.android.chrome appid=10035 user=0: from pid 7525
10-31 13:27:45.160   600  7064 I ActivityManager: Killing 6677:com.android.chrome:privileged_process0/u0a35 (adj 0): stop com.android.chrome
10-31 13:27:45.161   600  7064 D ActivityManager: cleanUpApplicationRecord -- 6677
10-31 13:27:45.161   600  7064 W ActivityManager: Scheduling restart of crashed service com.android.chrome/org.chromium.content.app.PrivilegedProcessService0 in 1000ms
10-31 13:27:45.161   600  7064 I ActivityManager: Killing 6585:com.android.chrome/u0a35 (adj 0): stop com.android.chrome
10-31 13:27:45.161   600  7064 D ActivityManager: cleanUpApplicationRecord -- 6585
10-31 13:27:45.168  6637  6637 I cr_ChildProcessService: Destroying ChildProcessService pid=6637
10-31 13:27:45.174   600  7064 W ActivityManager: Force removing ActivityRecord{3e9e83a u0 com.android.chrome/com.google.android.apps.chrome.Main t2248}: app died, no saved state
10-31 13:27:45.185   600  7064 I ActivityManager: Killing 6950:com.android.chrome:sandboxed_process9/u0a35i617 (adj 0): isolated not needed
10-31 13:27:45.185   600  7064 I ActivityManager: Killing 6637:com.android.chrome:sandboxed_process0/u0a35i608 (adj 0): isolated not needed
10-31 13:27:45.191  5409  5409 I MemoryTrimmer: Trimming objects from memory, since app is in the background.
10-31 13:27:45.195  7525  7525 D AndroidRuntime: Shutting down VM
10-31 13:27:45.207   600  1082 D ConnectivityService: ConnectivityService NetworkRequestInfo binderDied(NetworkRequest [ LISTEN id=1785, [ Capabilities: INTERNET&NOT_RESTRICTED&TRUSTED&FOREGROUND] ], android.os.BinderProxy@fb6b2c5)
10-31 13:27:45.207   600 25704 D ConnectivityService: ConnectivityService NetworkRequestInfo binderDied(NetworkRequest [ LISTEN id=1782, [ Capabilities: INTERNET&NOT_RESTRICTED&TRUSTED&FOREGROUND] ], android.os.BinderProxy@4a0541a)
10-31 13:27:45.207   600  1082 D ConnectivityService: ConnectivityService NetworkRequestInfo binderDied(NetworkRequest [ LISTEN id=1783, [ Capabilities: INTERNET&NOT_RESTRICTED&TRUSTED&FOREGROUND] ], android.os.BinderProxy@7ffeb4b)
10-31 13:27:45.207   600 27731 D GraphicsStats: Buffer count: 2
10-31 13:27:45.208   600 27731 D ConnectivityService: ConnectivityService NetworkRequestInfo binderDied(NetworkRequest [ LISTEN id=1784, [ Capabilities: INTERNET&NOT_RESTRICTED&TRUSTED&FOREGROUND] ], android.os.BinderProxy@8aa3928)
10-31 13:27:45.215   600   649 E ConnectivityService: RemoteException caught trying to send a callback msg for NetworkRequest [ LISTEN id=1785, [ Capabilities: INTERNET&NOT_RESTRICTED&TRUSTED&FOREGROUND] ]
10-31 13:27:45.216   600   649 E ConnectivityService: RemoteException caught trying to send a callback msg for NetworkRequest [ LISTEN id=1782, [ Capabilities: INTERNET&NOT_RESTRICTED&TRUSTED&FOREGROUND] ]
10-31 13:27:45.222   600   649 E ConnectivityService: RemoteException caught trying to send a callback msg for NetworkRequest [ LISTEN id=1784, [ Capabilities: INTERNET&NOT_RESTRICTED&TRUSTED&FOREGROUND] ]
10-31 13:27:45.228   600   649 E ConnectivityService: RemoteException caught trying to send a callback msg for NetworkRequest [ LISTEN id=1783, [ Capabilities: INTERNET&NOT_RESTRICTED&TRUSTED&FOREGROUND] ]
10-31 13:27:45.259  1084  1171 I OpenGLRenderer: Initialized EGL, version 1.4
10-31 13:27:45.259  1084  1171 D OpenGLRenderer: Swap behavior 2
10-31 13:27:45.333  1061  1061 D RegisteredNfcFServicesCache: Service unchanged, not updating
10-31 13:27:45.399   600  1082 D ActivityManager: cleanUpApplicationRecord -- 6637
10-31 13:27:45.406   600 16391 D ActivityManager: cleanUpApplicationRecord -- 6950
10-31 13:27:45.427  5409  5479 I AttachedClient: Adding client event 2 to pending list.
10-31 13:27:45.454  5409  5409 I OptInState: There is a new client and it does not support opt-in. Dropping request.
10-31 13:27:45.457  5409  5409 I MicroDetectionWorker: Micro detection mode: [mDetectionMode: [1]].
10-31 13:27:45.494  5409  7542 I MicroRecognitionRunner: Starting detection.
10-31 13:27:45.506  5409  6631 I MicrophoneInputStream: mic_starting com.google.android.apps.gsa.speech.audio.ae@2824a82
10-31 13:27:45.518   238   285 I SoundTriggerHwService::Module: void android::SoundTriggerHwService::Module::onCallbackEvent(const sp<android::SoundTriggerHwService::CallbackEvent> &) mClient == 0
10-31 13:27:45.524   238  7544 I AudioFlinger: AudioFlinger's thread 0xef6925c0 ready to run
10-31 13:27:45.531  5409  6631 I MicrophoneInputStream: mic_started com.google.android.apps.gsa.speech.audio.ae@2824a82
10-31 13:27:45.703  5409  5409 I MicroDetectionWorker: onReady
10-31 13:27:45.781  7537  7537 D AndroidRuntime: >>>>>> START com.android.internal.os.RuntimeInit uid 2000 <<<<<<
10-31 13:27:45.785  7537  7537 D AndroidRuntime: CheckJNI is OFF
10-31 13:27:45.809  1084  1171 W OpenGLRenderer: Incorrectly called buildLayer on View: ShortcutAndWidgetContainer, destroying layer...
10-31 13:27:45.856  7537  7537 D ICU     : No timezone override file found: /data/misc/zoneinfo/current/icu/icu_tzdata.dat
10-31 13:27:45.886  7537  7537 I Radio-JNI: register_android_hardware_Radio DONE
10-31 13:27:45.901  7537  7537 D AndroidRuntime: Calling main entry com.android.commands.pm.Pm
10-31 13:27:45.918   600  3967 I ActivityManager: Force stopping com.android.chrome appid=10035 user=0: clear data
10-31 13:27:45.921   600   613 I ActivityManager: Force stopping com.android.chrome appid=10035 user=-1: clearApplicationUserData
10-31 13:27:46.061   600   625 I ActivityManager: Start proc 7553:com.android.defcontainer/u0a4 for service com.android.defcontainer/.DefaultContainerService
10-31 13:27:46.111   787   787 I GeofencerStateMachine: removeGeofences: removeRequest=RemoveGeofencingRequest[REMOVE_ALL packageName=com.android.chrome]
10-31 13:27:46.115  7537  7537 I art     : System.exit called, status: 0
10-31 13:27:46.115  7537  7537 I AndroidRuntime: VM exiting with result code 0.
10-31 13:27:46.119   600   613 I ActivityManager: Start proc 7568:com.android.documentsui/u0a40 for broadcast com.android.documentsui/.PackageReceiver
10-31 13:27:46.127  1061  1061 D RegisteredNfcFServicesCache: Service unchanged, not updating
10-31 13:27:46.146   600   612 W ResourceType: No known package when getting value for resource number 0x7f080316
10-31 13:27:46.146   600   612 W ResourceType: No known package when getting value for resource number 0x7f130448
10-31 13:27:46.148   600   612 W ResourceType: No known package when getting value for resource number 0x7f080315
10-31 13:27:46.148   600   612 W ResourceType: No known package when getting value for resource number 0x7f130123
10-31 13:27:46.148   600   612 W ResourceType: No known package when getting value for resource number 0x7f130447
10-31 13:27:46.148   600   612 W ResourceType: No known package when getting value for resource number 0x7f1302e4
10-31 13:27:46.148   600   612 E ShortcutService: Ignoring excessive intent tag.
10-31 13:27:46.168  7568  7568 I art     : Starting a blocking GC AddRemoveAppImageSpace
10-31 13:27:46.170  7568  7568 W System  : ClassLoader referenced unknown path: /system/priv-app/DocumentsUI/lib/arm64
10-31 13:27:46.227   787  7586 I Fitness : FitCleanupIntentOperation received Intent android.intent.action.PACKAGE_DATA_CLEARED [CONTEXT service_id=17 ]
10-31 13:27:46.263  6616  6944 I Icing   : doRemovePackageData com.android.chrome
10-31 13:27:46.265  6616  6944 I Icing   : Removing corpus key com.android.chrome-.implicit: for package com.android.chrome
10-31 13:27:46.329  6616  6944 I native  : flash-index.cc:1519 Flash index sort hb 50 prefix-hits 98 -> 93 at 14.121ms
10-31 13:27:46.387  6616  6944 I Icing   : Removing corpus key com.android.chrome-omnibox for package com.android.chrome
10-31 13:27:46.486  6616  6944 I Icing   : Starting compaction min disk 99.926% min index 99.992%
10-31 13:27:46.646  6616  6944 I native  : document-store.cc:1654 Scored 2291 usage reports, missing_corpora 1235 update_failed 1
10-31 13:27:46.682  6616  6944 W native  : words-map.cc:30 INVALID_ARGUMENT: Empty URI
10-31 13:27:46.682  6616  6944 W native  : words-map.cc:34 WordsMap was not properly initialized
10-31 13:27:46.779  6616  6944 E native  : compactor.cc:67 Could not index embedding for docid 1: INTERNAL: Unable to find Thing Proto section 
10-31 13:27:46.779  6616  6944 E native  : compactor.cc:67 Could not index embedding for docid 3: INTERNAL: Unable to find Thing Proto section 
10-31 13:27:46.780  6616  6944 E native  : compactor.cc:67 Could not index embedding for docid 5: INTERNAL: Unable to find Thing Proto section 
10-31 13:27:46.780  6616  6944 E native  : compactor.cc:67 Could not index embedding for docid 7: INTERNAL: Unable to find Thing Proto section 
10-31 13:27:46.786  6616  6944 E native  : compactor.cc:67 Could not index embedding for docid 8: INTERNAL: Unable to find Thing Proto section 
10-31 13:27:46.787  6616  6944 E native  : compactor.cc:67 Could not index embedding for docid 10: INTERNAL: Unable to find Thing Proto section 
10-31 13:27:46.787  6616  6944 E native  : compactor.cc:67 Could not index embedding for docid 11: INTERNAL: Unable to find Thing Proto section 
10-31 13:27:46.788  6616  6944 E native  : compactor.cc:67 Could not index embedding for docid 13: INTERNAL: Unable to find Thing Proto section 
10-31 13:27:46.788  6616  6944 E native  : compactor.cc:67 Could not index embedding for docid 14: INTERNAL: Unable to find Thing Proto section 
10-31 13:27:46.794  6616  6944 E native  : compactor.cc:67 Could not index embedding for docid 17: INTERNAL: Unable to find Thing Proto section 
10-31 13:27:46.794  6616  6944 E native  : compactor.cc:67 Could not index embedding for docid 18: INTERNAL: Unable to find Thing Proto section 
10-31 13:27:46.795  6616  6944 E native  : compactor.cc:67 Could not index embedding for docid 21: INTERNAL: Unable to find Thing Proto section 
10-31 13:27:46.795  6616  6944 E native  : compactor.cc:67 Could not index embedding for docid 22: INTERNAL: Unable to find Thing Proto section 
10-31 13:27:46.801  6616  6944 E native  : compactor.cc:67 Could not index embedding for docid 26: INTERNAL: Unable to find Thing Proto section 
10-31 13:27:46.801  6616  6944 E native  : compactor.cc:67 Could not index embedding for docid 27: INTERNAL: Unable to find Thing Proto section 
10-31 13:27:46.855  6616  6944 I native  : flash-index.cc:1519 Flash index sort hb 34 prefix-hits 54 -> 54 at 37.286ms
10-31 13:27:46.884  6616  6944 W native  : words-map.cc:30 INVALID_ARGUMENT: Empty URI
10-31 13:27:46.884  6616  6944 W native  : words-map.cc:34 WordsMap was not properly initialized
10-31 13:27:46.967  6616  6944 I Icing   : updateResources: need to parse acol{com.android.chrome}
10-31 13:27:46.968  6616  6944 W System  : ClassLoader referenced unknown path: 
10-31 13:27:46.969  6616  6944 D ApplicationLoaders: ignored Vulkan layer search path /data/app/com.android.chrome-1/lib/arm64:/data/app/com.android.chrome-1/base.apk!/lib/arm64-v8a:/data/app/com.android.chrome-1/split_config.en.apk!/lib/arm64-v8a:/data/app/com.android.chrome-1/split_extra_icu.apk!/lib/arm64-v8a for namespace 0x7f9ac4d0f0
10-31 13:27:47.030  6616  6944 I Icing   : Indexing com.android.chrome-omnibox from com.android.chrome
10-31 13:27:47.041   600   610 I ActivityManager: Start proc 7594:com.android.chrome/u0a35 for content provider com.android.chrome/com.google.android.apps.chrome.icing.IcingProvider
10-31 13:27:47.143  6616  6944 I Icing   : Indexing done com.android.chrome-omnibox
