11-01 00:46:03.410   770   770 W CrUtilityMain: type=1400 audit(0.0:16603): avc: denied { setattr } for name="manifest.json" dev="dm-2" ino=23011 scontext=u:r:isolated_app:s0:c512,c768 tcontext=u:object_r:app_data_file:s0:c512,c768 tclass=file permissive=0
11-01 00:46:03.414   770   770 W CrUtilityMain: type=1400 audit(0.0:16604): avc: denied { setattr } for name="verified_contents.json" dev="dm-2" ino=23026 scontext=u:r:isolated_app:s0:c512,c768 tcontext=u:object_r:app_data_file:s0:c512,c768 tclass=file permissive=0
11-01 00:46:03.426   747   770 I chromium: [INFO:child_process_service.cc(69)] ChildProcessService: Exiting child process.
11-01 00:46:03.427   197   197 E lowmemorykiller: Error writing /proc/747/oom_score_adj; errno=22
11-01 00:46:03.457   600  3994 I ActivityManager: Process com.android.chrome:sandboxed_process25 (pid 747) has died
11-01 00:46:03.457   600  3994 D ActivityManager: cleanUpApplicationRecord -- 747
11-01 00:46:03.462 32402 32402 W chromium: [WARNING:compositor_view.cc(315)] Child process died (type=6) pid=747)
11-01 00:46:04.463   519   519 D MonkeyStub: translateCommand: touch down 614 1561
11-01 00:46:04.500   519   519 D MonkeyStub: translateCommand: touch move 614 1561
11-01 00:46:04.618   519   519 D MonkeyStub: translateCommand: touch move 614 1436
11-01 00:46:04.728   519   519 D MonkeyStub: translateCommand: touch move 614 1311
11-01 00:46:04.839   519   519 D MonkeyStub: translateCommand: touch move 614 1186
11-01 00:46:04.964   519   519 D MonkeyStub: translateCommand: touch move 614 1061
11-01 00:46:05.120   519   519 D MonkeyStub: translateCommand: touch move 614 937
11-01 00:46:05.242   519   519 D MonkeyStub: translateCommand: touch move 614 812
11-01 00:46:05.379   519   519 D MonkeyStub: translateCommand: touch move 614 687
11-01 00:46:05.511   519   519 D MonkeyStub: translateCommand: touch move 614 562
11-01 00:46:05.553   600  2707 I ActivityManager: Start proc 775:com.android.chrome:sandboxed_process26/u0i618 for service com.android.chrome/org.chromium.content.app.SandboxedProcessService26
11-01 00:46:05.594   775   775 W boxed_process26: type=1400 audit(0.0:16605): avc: denied { getattr } for path="/data/data/com.android.chrome" dev="dm-2" ino=12190 scontext=u:r:isolated_app:s0:c512,c768 tcontext=u:object_r:app_data_file:s0:c512,c768 tclass=dir permissive=0
11-01 00:46:05.613   775   775 I cr_ChildProcessService: Creating new ChildProcessService pid=775
11-01 00:46:05.623   519   519 D MonkeyStub: translateCommand: touch move 614 437
11-01 00:46:05.665   775   798 I cr_LibraryLoader: Loaded native library version number "85.0.4183.127"
11-01 00:46:05.665   775   798 I cr_CachingUmaRecorder: Flushed 1 samples from 1 histograms.
11-01 00:46:05.680   798   798 W CrUtilityMain: type=1400 audit(0.0:16606): avc: denied { setattr } for name="download_file_types.pb" dev="dm-2" ino=22883 scontext=u:r:isolated_app:s0:c512,c768 tcontext=u:object_r:app_data_file:s0:c512,c768 tclass=file permissive=0
11-01 00:46:05.680   798   798 W CrUtilityMain: type=1400 audit(0.0:16607): avc: denied { setattr } for name="manifest.json" dev="dm-2" ino=22801 scontext=u:r:isolated_app:s0:c512,c768 tcontext=u:object_r:app_data_file:s0:c512,c768 tclass=file permissive=0
11-01 00:46:05.684   798   798 W CrUtilityMain: type=1400 audit(0.0:16608): avc: denied { setattr } for name="verified_contents.json" dev="dm-2" ino=23187 scontext=u:r:isolated_app:s0:c512,c768 tcontext=u:object_r:app_data_file:s0:c512,c768 tclass=file permissive=0
11-01 00:46:05.693   775   798 I chromium: [INFO:child_process_service.cc(69)] ChildProcessService: Exiting child process.
11-01 00:46:05.706   600  7064 I ActivityManager: Process com.android.chrome:sandboxed_process26 (pid 775) has died
11-01 00:46:05.706   600  7064 D ActivityManager: cleanUpApplicationRecord -- 775
11-01 00:46:05.708 32402 32402 W chromium: [WARNING:compositor_view.cc(315)] Child process died (type=6) pid=775)
11-01 00:46:05.756   519   519 D MonkeyStub: translateCommand: touch move 614 312
11-01 00:46:05.780   519   519 D MonkeyStub: translateCommand: touch up 614 312
11-01 00:46:08.044   600  3967 I ActivityManager: Start proc 815:com.android.chrome:sandboxed_process27/u0i619 for service com.android.chrome/org.chromium.content.app.SandboxedProcessService27
11-01 00:46:08.094   815   815 W boxed_process27: type=1400 audit(0.0:16609): avc: denied { getattr } for path="/data/data/com.android.chrome" dev="dm-2" ino=12190 scontext=u:r:isolated_app:s0:c512,c768 tcontext=u:object_r:app_data_file:s0:c512,c768 tclass=dir permissive=0
11-01 00:46:08.144   815   815 I cr_ChildProcessService: Creating new ChildProcessService pid=815
11-01 00:46:08.205   815   832 I cr_LibraryLoader: Loaded native library version number "85.0.4183.127"
11-01 00:46:08.205   815   832 I cr_CachingUmaRecorder: Flushed 1 samples from 1 histograms.
11-01 00:46:08.217   832   832 W CrUtilityMain: type=1400 audit(0.0:16610): avc: denied { setattr } for name="ssl_error_assistant.pb" dev="dm-2" ino=23265 scontext=u:r:isolated_app:s0:c512,c768 tcontext=u:object_r:app_data_file:s0:c512,c768 tclass=file permissive=0
11-01 00:46:08.220   832   832 W CrUtilityMain: type=1400 audit(0.0:16611): avc: denied { setattr } for name="manifest.json" dev="dm-2" ino=23342 scontext=u:r:isolated_app:s0:c512,c768 tcontext=u:object_r:app_data_file:s0:c512,c768 tclass=file permissive=0
11-01 00:46:08.220   832   832 W CrUtilityMain: type=1400 audit(0.0:16612): avc: denied { setattr } for name="verified_contents.json" dev="dm-2" ino=23537 scontext=u:r:isolated_app:s0:c512,c768 tcontext=u:object_r:app_data_file:s0:c512,c768 tclass=file permissive=0
11-01 00:46:08.239   815   815 I cr_ChildProcessService: Destroying ChildProcessService pid=815
11-01 00:46:08.239   815   832 I chromium: [INFO:child_process_service.cc(69)] ChildProcessService: Exiting child process.
11-01 00:46:08.277   600  6312 I ActivityManager: Process com.android.chrome:sandboxed_process27 (pid 815) has died
11-01 00:46:08.277   600  6312 D ActivityManager: cleanUpApplicationRecord -- 815
11-01 00:46:08.285 32402 32402 W chromium: [WARNING:compositor_view.cc(315)] Child process died (type=6) pid=815)
11-01 00:46:10.870   519   519 D MonkeyStub: translateCommand: touch down 614 1561
11-01 00:46:10.888   519   519 D MonkeyStub: translateCommand: touch move 614 1561
11-01 00:46:10.917   600   713 I ActivityManager: Start proc 854:com.android.chrome:sandboxed_process28/u0i620 for service com.android.chrome/org.chromium.content.app.SandboxedProcessService28
11-01 00:46:10.970   854   854 W boxed_process28: type=1400 audit(0.0:16613): avc: denied { getattr } for path="/data/data/com.android.chrome" dev="dm-2" ino=12190 scontext=u:r:isolated_app:s0:c512,c768 tcontext=u:object_r:app_data_file:s0:c512,c768 tclass=dir permissive=0
11-01 00:46:11.003   854   854 I cr_ChildProcessService: Creating new ChildProcessService pid=854
11-01 00:46:11.007   519   519 D MonkeyStub: translateCommand: touch move 614 1436
11-01 00:46:11.071   854   870 I cr_LibraryLoader: Loaded native library version number "85.0.4183.127"
11-01 00:46:11.072   854   870 I cr_CachingUmaRecorder: Flushed 1 samples from 1 histograms.
11-01 00:46:11.087   870   870 W CrUtilityMain: type=1400 audit(0.0:16614): avc: denied { setattr } for name="safety_tips.pb" dev="dm-2" ino=23518 scontext=u:r:isolated_app:s0:c512,c768 tcontext=u:object_r:app_data_file:s0:c512,c768 tclass=file permissive=0
11-01 00:46:11.090   870   870 W CrUtilityMain: type=1400 audit(0.0:16615): avc: denied { setattr } for name="manifest.json" dev="dm-2" ino=23580 scontext=u:r:isolated_app:s0:c512,c768 tcontext=u:object_r:app_data_file:s0:c512,c768 tclass=file permissive=0
11-01 00:46:11.090   870   870 W CrUtilityMain: type=1400 audit(0.0:16616): avc: denied { setattr } for name="verified_contents.json" dev="dm-2" ino=23233 scontext=u:r:isolated_app:s0:c512,c768 tcontext=u:object_r:app_data_file:s0:c512,c768 tclass=file permissive=0
11-01 00:46:11.106   854   870 I chromium: [INFO:child_process_service.cc(69)] ChildProcessService: Exiting child process.
11-01 00:46:11.107   197   197 E lowmemorykiller: Error writing /proc/854/oom_score_adj; errno=22
11-01 00:46:11.128   600   713 I ActivityManager: Process com.android.chrome:sandboxed_process28 (pid 854) has died
11-01 00:46:11.128   600   713 D ActivityManager: cleanUpApplicationRecord -- 854
11-01 00:46:11.130 32402 32402 W chromium: [WARNING:compositor_view.cc(315)] Child process died (type=6) pid=854)
11-01 00:46:11.151   519   519 D MonkeyStub: translateCommand: touch move 614 1311
11-01 00:46:11.269   519   519 D MonkeyStub: translateCommand: touch move 614 1186
11-01 00:46:11.392   519   519 D MonkeyStub: translateCommand: touch move 614 1061
11-01 00:46:11.504   519   519 D MonkeyStub: translateCommand: touch move 614 937
11-01 00:46:11.621   519   519 D MonkeyStub: translateCommand: touch move 614 812
11-01 00:46:11.737   519   519 D MonkeyStub: translateCommand: touch move 614 687
11-01 00:46:11.877   519   519 D MonkeyStub: translateCommand: touch move 614 562
11-01 00:46:11.996   519   519 D MonkeyStub: translateCommand: touch move 614 437
11-01 00:46:12.119   519   519 D MonkeyStub: translateCommand: touch move 614 312
11-01 00:46:12.131   519   519 D MonkeyStub: translateCommand: touch up 614 312
11-01 00:46:14.148   600 13631 I ActivityManager: Start proc 874:com.android.chrome:sandboxed_process29/u0i621 for service com.android.chrome/org.chromium.content.app.SandboxedProcessService29
11-01 00:46:14.170   519   519 D MonkeyStub: Quit requested
11-01 00:46:14.204   600   614 I CwMcuSensor: CwMcuSensor::flush: fd = 234, sensors_id = 0, path = /sys/class/htc_sensorhub/sensor_hub/flush, err = 0
11-01 00:46:14.218   519   519 I art     : System.exit called, status: 58
11-01 00:46:14.218   519   519 I AndroidRuntime: VM exiting with result code 58.
11-01 00:46:14.260   874   874 W boxed_process29: type=1400 audit(0.0:16617): avc: denied { getattr } for path="/data/data/com.android.chrome" dev="dm-2" ino=12190 scontext=u:r:isolated_app:s0:c512,c768 tcontext=u:object_r:app_data_file:s0:c512,c768 tclass=dir permissive=0
11-01 00:46:14.279   600  1080 W WindowManager: Attempted to remove non-existing token: android.os.Binder@450adbb
11-01 00:46:14.288   874   874 I cr_ChildProcessService: Creating new ChildProcessService pid=874
11-01 00:46:14.328   874   890 I cr_LibraryLoader: Loaded native library version number "85.0.4183.127"
11-01 00:46:14.328   874   890 I cr_CachingUmaRecorder: Flushed 1 samples from 1 histograms.
11-01 00:46:14.341   600   609 I art     : Background partial concurrent mark sweep GC freed 70285(3MB) AllocSpace objects, 26(1180KB) LOS objects, 33% free, 17MB/25MB, paused 899us total 103.791ms
11-01 00:46:14.347   890   890 W CrUtilityMain: type=1400 audit(0.0:16618): avc: denied { setattr } for name=5072656C6F61642044617461 dev="dm-2" ino=23787 scontext=u:r:isolated_app:s0:c512,c768 tcontext=u:object_r:app_data_file:s0:c512,c768 tclass=file permissive=0
11-01 00:46:14.347   890   890 W CrUtilityMain: type=1400 audit(0.0:16619): avc: denied { setattr } for name="manifest.json" dev="dm-2" ino=23845 scontext=u:r:isolated_app:s0:c512,c768 tcontext=u:object_r:app_data_file:s0:c512,c768 tclass=file permissive=0
11-01 00:46:14.350   890   890 W CrUtilityMain: type=1400 audit(0.0:16620): avc: denied { setattr } for name="verified_contents.json" dev="dm-2" ino=24090 scontext=u:r:isolated_app:s0:c512,c768 tcontext=u:object_r:app_data_file:s0:c512,c768 tclass=file permissive=0
11-01 00:46:14.357   874   890 I chromium: [INFO:child_process_service.cc(69)] ChildProcessService: Exiting child process.
11-01 00:46:14.359   197   197 E lowmemorykiller: Error writing /proc/874/oom_score_adj; errno=22
11-01 00:46:14.364 32402 32402 W chromium: [WARNING:compositor_view.cc(315)] Child process died (type=6) pid=874)
11-01 00:46:14.364   600 13557 I ActivityManager: Process com.android.chrome:sandboxed_process29 (pid 874) has died
11-01 00:46:14.364   600 13557 D ActivityManager: cleanUpApplicationRecord -- 874
11-01 00:46:17.709   600  7064 I ActivityManager: Start proc 895:com.android.chrome:sandboxed_process30/u0i622 for service com.android.chrome/org.chromium.content.app.SandboxedProcessService30
11-01 00:46:17.747   895   895 W boxed_process30: type=1400 audit(0.0:16621): avc: denied { getattr } for path="/data/data/com.android.chrome" dev="dm-2" ino=12190 scontext=u:r:isolated_app:s0:c512,c768 tcontext=u:object_r:app_data_file:s0:c512,c768 tclass=dir permissive=0
11-01 00:46:17.770   895   895 I cr_ChildProcessService: Creating new ChildProcessService pid=895
11-01 00:46:17.828   895   909 I cr_LibraryLoader: Loaded native library version number "85.0.4183.127"
11-01 00:46:17.829   895   909 I cr_CachingUmaRecorder: Flushed 1 samples from 1 histograms.
11-01 00:46:17.877   909   909 W CrUtilityMain: type=1400 audit(0.0:16622): avc: denied { setattr } for name="tls_deprecation_config.pb" dev="dm-2" ino=24474 scontext=u:r:isolated_app:s0:c512,c768 tcontext=u:object_r:app_data_file:s0:c512,c768 tclass=file permissive=0
11-01 00:46:17.877   909   909 W CrUtilityMain: type=1400 audit(0.0:16623): avc: denied { setattr } for name="manifest.json" dev="dm-2" ino=24237 scontext=u:r:isolated_app:s0:c512,c768 tcontext=u:object_r:app_data_file:s0:c512,c768 tclass=file permissive=0
11-01 00:46:17.880   909   909 W CrUtilityMain: type=1400 audit(0.0:16624): avc: denied { setattr } for name="verified_contents.json" dev="dm-2" ino=24332 scontext=u:r:isolated_app:s0:c512,c768 tcontext=u:object_r:app_data_file:s0:c512,c768 tclass=file permissive=0
11-01 00:46:17.893   895   895 I cr_ChildProcessService: Destroying ChildProcessService pid=895
11-01 00:46:17.894   895   909 I chromium: [INFO:child_process_service.cc(69)] ChildProcessService: Exiting child process.
11-01 00:46:17.915   600   707 I ActivityManager: Process com.android.chrome:sandboxed_process30 (pid 895) has died
11-01 00:46:17.915   600   707 D ActivityManager: cleanUpApplicationRecord -- 895
11-01 00:46:17.916 32402 32402 W chromium: [WARNING:compositor_view.cc(315)] Child process died (type=6) pid=895)
11-01 00:46:22.151   246   761 D NuPlayerDriver: reset(0xf0220b40) at state 4
11-01 00:46:22.151   246   761 D NuPlayerDriver: notifyListener_l(0xf0220b40), (8, 0, 0), loop setting(0, 0)
11-01 00:46:22.153   246   478 D NuPlayerDriver: notifyResetComplete(0xf0220b40)
11-01 00:46:29.693 20673 20795 I Icing   : IndexChimeraService.getServiceInterface callingPackage=com.android.chrome componentName=null serviceId=36
11-01 00:46:29.730 20673 20799 W Icing   : No valid account for uploading user actions
11-01 00:46:29.755 20673 21208 I Icing   : IndexChimeraService.getServiceInterface callingPackage=com.google.android.gms componentName=null serviceId=30
11-01 00:46:29.780 20673 20799 I Icing   : Usage reports ok 2, Failed Usage reports 0, indexed 1, rejected 0
11-01 00:46:29.781 20673 20799 I Icing   : Indexing com.android.chrome-omnibox from com.android.chrome
11-01 00:46:29.800 20673 20799 W Icing   : No valid account for uploading user actions
11-01 00:46:29.808 20673 20799 I Icing   : Usage reports ok 0, Failed Usage reports 0, indexed 0, rejected 0
11-01 00:46:29.818 20673 20799 I Icing   : Indexing done com.android.chrome-omnibox
11-01 00:46:30.312   934   934 D AndroidRuntime: >>>>>> START com.android.internal.os.RuntimeInit uid 2000 <<<<<<
11-01 00:46:30.315   934   934 D AndroidRuntime: CheckJNI is OFF
11-01 00:46:30.382   934   934 D ICU     : No timezone override file found: /data/misc/zoneinfo/current/icu/icu_tzdata.dat
11-01 00:46:30.412   934   934 I Radio-JNI: register_android_hardware_Radio DONE
11-01 00:46:30.427   934   934 D AndroidRuntime: Calling main entry com.android.commands.am.Am
11-01 00:46:30.443   600   610 I ActivityManager: Force stopping com.android.chrome appid=10035 user=0: from pid 934
11-01 00:46:30.443   600   610 I ActivityManager: Killing 32462:com.android.chrome:privileged_process0/u0a35 (adj 0): stop com.android.chrome
11-01 00:46:30.444   600   610 D ActivityManager: cleanUpApplicationRecord -- 32462
11-01 00:46:30.444   600   610 W ActivityManager: Scheduling restart of crashed service com.android.chrome/org.chromium.content.app.PrivilegedProcessService0 in 1000ms
11-01 00:46:30.444   600   610 I ActivityManager: Killing 32402:com.android.chrome/u0a35 (adj 0): stop com.android.chrome
11-01 00:46:30.444   600   610 D ActivityManager: cleanUpApplicationRecord -- 32402
11-01 00:46:30.451   600   610 W ActivityManager: Force removing ActivityRecord{1f9e3c1 u0 com.android.chrome/com.google.android.apps.chrome.Main t2549}: app died, no saved state
11-01 00:46:30.458   600   610 I ActivityManager: Killing 440:com.android.chrome:sandboxed_process20/u0a35i612 (adj 0): isolated not needed
11-01 00:46:30.458   600   610 I ActivityManager: Killing 32436:com.android.chrome:sandboxed_process0/u0a35i592 (adj 0): isolated not needed
11-01 00:46:30.470 12218 12218 I MemoryTrimmer: Trimming objects from memory, since app is in the background.
11-01 00:46:30.480   934   934 D AndroidRuntime: Shutting down VM
11-01 00:46:30.511 18269 18304 I OpenGLRenderer: Initialized EGL, version 1.4
11-01 00:46:30.511 18269 18304 D OpenGLRenderer: Swap behavior 2
11-01 00:46:30.533 12218 12218 I MemoryTrimmer: Trimming objects from memory, since app is in the background.
11-01 00:46:30.570  1061  1061 D RegisteredNfcFServicesCache: Service unchanged, not updating
11-01 00:46:30.614 12218 12230 I AttachedClient: Adding client event 2 to pending list.
11-01 00:46:30.622   600 13557 D ActivityManager: cleanUpApplicationRecord -- 32436
11-01 00:46:30.627 12218 12218 I OptInState: There is a new client and it does not support opt-in. Dropping request.
11-01 00:46:30.636 12218 12218 I MicroDetectionWorker: Micro detection mode: [mDetectionMode: [1]].
11-01 00:46:30.657 12218   948 I MicroRecognitionRunner: Starting detection.
11-01 00:46:30.673 12218 12248 I MicrophoneInputStream: mic_starting com.google.android.apps.gsa.speech.audio.ae@3ba3f56
11-01 00:46:30.679   238   285 I SoundTriggerHwService::Module: void android::SoundTriggerHwService::Module::onCallbackEvent(const sp<android::SoundTriggerHwService::CallbackEvent> &) mClient == 0
11-01 00:46:30.680   238   954 I AudioFlinger: AudioFlinger's thread 0xef692a40 ready to run
11-01 00:46:30.682 12218 12248 I MicrophoneInputStream: mic_started com.google.android.apps.gsa.speech.audio.ae@3ba3f56
11-01 00:46:30.720   600 27731 D ActivityManager: cleanUpApplicationRecord -- 440
11-01 00:46:30.731   600  7064 D ConnectivityService: ConnectivityService NetworkRequestInfo binderDied(NetworkRequest [ LISTEN id=2255, [ Capabilities: INTERNET&NOT_RESTRICTED&TRUSTED&FOREGROUND] ], android.os.BinderProxy@48ac26e)
11-01 00:46:30.731   600  7064 D ConnectivityService: ConnectivityService NetworkRequestInfo binderDied(NetworkRequest [ LISTEN id=2256, [ Capabilities: INTERNET&NOT_RESTRICTED&TRUSTED&FOREGROUND] ], android.os.BinderProxy@5667d0f)
11-01 00:46:30.731   600 24611 D ConnectivityService: ConnectivityService NetworkRequestInfo binderDied(NetworkRequest [ LISTEN id=2253, [ Capabilities: INTERNET&NOT_RESTRICTED&TRUSTED&FOREGROUND] ], android.os.BinderProxy@f58019c)
11-01 00:46:30.731   600  7064 D ConnectivityService: ConnectivityService NetworkRequestInfo binderDied(NetworkRequest [ LISTEN id=2254, [ Capabilities: INTERNET&NOT_RESTRICTED&TRUSTED&FOREGROUND] ], android.os.BinderProxy@39e67a5)
11-01 00:46:30.731   600 24611 D GraphicsStats: Buffer count: 2
11-01 00:46:30.732   600   649 E ConnectivityService: RemoteException caught trying to send a callback msg for NetworkRequest [ LISTEN id=2255, [ Capabilities: INTERNET&NOT_RESTRICTED&TRUSTED&FOREGROUND] ]
11-01 00:46:30.733   600   649 E ConnectivityService: RemoteException caught trying to send a callback msg for NetworkRequest [ LISTEN id=2256, [ Capabilities: INTERNET&NOT_RESTRICTED&TRUSTED&FOREGROUND] ]
11-01 00:46:30.733   600   649 E ConnectivityService: RemoteException caught trying to send a callback msg for NetworkRequest [ LISTEN id=2253, [ Capabilities: INTERNET&NOT_RESTRICTED&TRUSTED&FOREGROUND] ]
11-01 00:46:30.733   600   649 E ConnectivityService: RemoteException caught trying to send a callback msg for NetworkRequest [ LISTEN id=2254, [ Capabilities: INTERNET&NOT_RESTRICTED&TRUSTED&FOREGROUND] ]
11-01 00:46:30.871 12218 12218 I MicroDetectionWorker: onReady
11-01 00:46:31.015   946   946 D AndroidRuntime: >>>>>> START com.android.internal.os.RuntimeInit uid 2000 <<<<<<
11-01 00:46:31.020   946   946 D AndroidRuntime: CheckJNI is OFF
11-01 00:46:31.060 18269 18304 W OpenGLRenderer: Incorrectly called buildLayer on View: ShortcutAndWidgetContainer, destroying layer...
11-01 00:46:31.092   946   946 D ICU     : No timezone override file found: /data/misc/zoneinfo/current/icu/icu_tzdata.dat
11-01 00:46:31.120   946   946 I Radio-JNI: register_android_hardware_Radio DONE
11-01 00:46:31.135   946   946 D AndroidRuntime: Calling main entry com.android.commands.pm.Pm
11-01 00:46:31.149   600 17381 I ActivityManager: Force stopping com.android.chrome appid=10035 user=0: clear data
11-01 00:46:31.150   600   613 I ActivityManager: Force stopping com.android.chrome appid=10035 user=-1: clearApplicationUserData
11-01 00:46:31.194   787   787 I GeofencerStateMachine: removeGeofences: removeRequest=RemoveGeofencingRequest[REMOVE_ALL packageName=com.android.chrome]
11-01 00:46:31.196   946   946 I art     : System.exit called, status: 0
11-01 00:46:31.196   946   946 I AndroidRuntime: VM exiting with result code 0.
11-01 00:46:31.204  1061  1061 D RegisteredNfcFServicesCache: Service unchanged, not updating
11-01 00:46:31.205   600   612 W ResourceType: No known package when getting value for resource number 0x7f080316
11-01 00:46:31.205   600   612 W ResourceType: No known package when getting value for resource number 0x7f130448
11-01 00:46:31.205   600   612 W ResourceType: No known package when getting value for resource number 0x7f080315
11-01 00:46:31.205   600   612 W ResourceType: No known package when getting value for resource number 0x7f130123
11-01 00:46:31.205   600   612 W ResourceType: No known package when getting value for resource number 0x7f130447
11-01 00:46:31.205   600   612 W ResourceType: No known package when getting value for resource number 0x7f1302e4
11-01 00:46:31.205   600   612 E ShortcutService: Ignoring excessive intent tag.
11-01 00:46:31.236 20673 20799 I Icing   : doRemovePackageData com.android.chrome
11-01 00:46:31.238 20673 20799 I Icing   : Removing corpus key com.android.chrome-.implicit: for package com.android.chrome
11-01 00:46:31.269   787   969 I Fitness : FitCleanupIntentOperation received Intent android.intent.action.PACKAGE_DATA_CLEARED [CONTEXT service_id=17 ]
11-01 00:46:31.283 20673 20799 I native  : flash-index.cc:1519 Flash index sort hb 54 prefix-hits 104 -> 99 at 10.779ms
11-01 00:46:31.319 20673 20799 I Icing   : Removing corpus key com.android.chrome-omnibox for package com.android.chrome
11-01 00:46:31.426 20673 20799 I Icing   : Starting compaction min disk 99.926% min index 99.992%
11-01 00:46:31.603 20673 20799 I native  : document-store.cc:1654 Scored 2588 usage reports, missing_corpora 1405 update_failed 1
11-01 00:46:31.634 20673 20799 W native  : words-map.cc:30 INVALID_ARGUMENT: Empty URI
11-01 00:46:31.634 20673 20799 W native  : words-map.cc:34 WordsMap was not properly initialized
11-01 00:46:31.722 20673 20799 E native  : compactor.cc:67 Could not index embedding for docid 1: INTERNAL: Unable to find Thing Proto section 
11-01 00:46:31.723 20673 20799 E native  : compactor.cc:67 Could not index embedding for docid 3: INTERNAL: Unable to find Thing Proto section 
11-01 00:46:31.723 20673 20799 E native  : compactor.cc:67 Could not index embedding for docid 5: INTERNAL: Unable to find Thing Proto section 
11-01 00:46:31.724 20673 20799 E native  : compactor.cc:67 Could not index embedding for docid 7: INTERNAL: Unable to find Thing Proto section 
11-01 00:46:31.735 20673 20799 E native  : compactor.cc:67 Could not index embedding for docid 8: INTERNAL: Unable to find Thing Proto section 
11-01 00:46:31.736 20673 20799 E native  : compactor.cc:67 Could not index embedding for docid 10: INTERNAL: Unable to find Thing Proto section 
11-01 00:46:31.736 20673 20799 E native  : compactor.cc:67 Could not index embedding for docid 11: INTERNAL: Unable to find Thing Proto section 
11-01 00:46:31.736 20673 20799 E native  : compactor.cc:67 Could not index embedding for docid 13: INTERNAL: Unable to find Thing Proto section 
11-01 00:46:31.737 20673 20799 E native  : compactor.cc:67 Could not index embedding for docid 14: INTERNAL: Unable to find Thing Proto section 
11-01 00:46:31.742 20673 20799 E native  : compactor.cc:67 Could not index embedding for docid 17: INTERNAL: Unable to find Thing Proto section 
11-01 00:46:31.742 20673 20799 E native  : compactor.cc:67 Could not index embedding for docid 18: INTERNAL: Unable to find Thing Proto section 
11-01 00:46:31.743 20673 20799 E native  : compactor.cc:67 Could not index embedding for docid 21: INTERNAL: Unable to find Thing Proto section 
11-01 00:46:31.743 20673 20799 E native  : compactor.cc:67 Could not index embedding for docid 22: INTERNAL: Unable to find Thing Proto section 
11-01 00:46:31.749 20673 20799 E native  : compactor.cc:67 Could not index embedding for docid 26: INTERNAL: Unable to find Thing Proto section 
11-01 00:46:31.749 20673 20799 E native  : compactor.cc:67 Could not index embedding for docid 27: INTERNAL: Unable to find Thing Proto section 
11-01 00:46:31.855 20673 20799 I native  : flash-index.cc:1519 Flash index sort hb 34 prefix-hits 54 -> 54 at 40.856ms
11-01 00:46:31.885 20673 20799 W native  : words-map.cc:30 INVALID_ARGUMENT: Empty URI
11-01 00:46:31.885 20673 20799 W native  : words-map.cc:34 WordsMap was not properly initialized
11-01 00:46:31.922 20673 20799 I Icing   : updateResources: need to parse acol{com.android.chrome}
11-01 00:46:31.986 20673 20799 I Icing   : Indexing com.android.chrome-omnibox from com.android.chrome
11-01 00:46:31.998   600 16391 I ActivityManager: Start proc 982:com.android.chrome/u0a35 for content provider com.android.chrome/com.google.android.apps.chrome.icing.IcingProvider
11-01 00:46:32.093 20673 20799 I Icing   : Indexing done com.android.chrome-omnibox
