11-01 00:45:17.677   351   351 I cr_ChildProcessService: Creating new ChildProcessService pid=351
11-01 00:45:17.682   362   362 I cr_ChildProcessService: Creating new ChildProcessService pid=362
11-01 00:45:17.701   600 13558 D ActivityManager: cleanUpApplicationRecord -- 32753
11-01 00:45:17.708   386   386 I cr_ChildProcessService: Creating new ChildProcessService pid=386
11-01 00:45:17.734   600 13631 D ActivityManager: cleanUpApplicationRecord -- 32587
11-01 00:45:17.754   600  3509 D ActivityManager: cleanUpApplicationRecord -- 32688
11-01 00:45:17.763   600  1080 D ActivityManager: cleanUpApplicationRecord -- 32704
11-01 00:45:17.780   386   417 I cr_LibraryLoader: Loaded native library version number "85.0.4183.127"
11-01 00:45:17.780   386   417 I cr_CachingUmaRecorder: Flushed 1 samples from 1 histograms.
11-01 00:45:17.781   362   416 I cr_LibraryLoader: Loaded native library version number "85.0.4183.127"
11-01 00:45:17.781   362   416 I cr_CachingUmaRecorder: Flushed 1 samples from 1 histograms.
11-01 00:45:17.790 32402 32402 W chromium: [WARNING:compositor_view.cc(315)] Child process died (type=6) pid=32553)
11-01 00:45:17.796 32402 32402 W chromium: [WARNING:compositor_view.cc(315)] Child process died (type=6) pid=32688)
11-01 00:45:17.797   600   707 D ActivityManager: cleanUpApplicationRecord -- 32546
11-01 00:45:17.798   351   415 I cr_LibraryLoader: Loaded native library version number "85.0.4183.127"
11-01 00:45:17.798   351   415 I cr_CachingUmaRecorder: Flushed 1 samples from 1 histograms.
11-01 00:45:17.828 32402 32402 W chromium: [WARNING:compositor_view.cc(315)] Child process died (type=6) pid=32753)
11-01 00:45:17.828   386   417 I chromium: [INFO:child_process_service.cc(69)] ChildProcessService: Exiting child process.
11-01 00:45:17.829   197   197 E lowmemorykiller: Error writing /proc/386/oom_score_adj; errno=22
11-01 00:45:17.832 32402 32402 W chromium: [WARNING:compositor_view.cc(315)] Child process died (type=6) pid=32541)
11-01 00:45:17.833 32402 32402 W chromium: [WARNING:compositor_view.cc(315)] Child process died (type=6) pid=32704)
11-01 00:45:17.834 32402 32402 W chromium: [WARNING:compositor_view.cc(315)] Child process died (type=6) pid=32587)
11-01 00:45:17.841   362   362 I cr_ChildProcessService: Destroying ChildProcessService pid=362
11-01 00:45:17.842   362   416 I chromium: [INFO:child_process_service.cc(69)] ChildProcessService: Exiting child process.
11-01 00:45:17.846   600   610 I ActivityManager: Process com.android.chrome:sandboxed_process19 (pid 386) has died
11-01 00:45:17.846   600   610 D ActivityManager: cleanUpApplicationRecord -- 386
11-01 00:45:17.846   600   610 I ActivityManager: Killing 362:com.android.chrome:sandboxed_process18/u0a35i610 (adj 0): isolated not needed
11-01 00:45:17.847 32402 32402 W chromium: [WARNING:compositor_view.cc(315)] Child process died (type=6) pid=386)
11-01 00:45:17.860 32402 32435 I cr_BindingManager: onTrimMemory: level=15, size=0
11-01 00:45:17.892   351   351 I cr_ChildProcessService: Destroying ChildProcessService pid=351
11-01 00:45:17.893   351   415 I chromium: [INFO:child_process_service.cc(69)] ChildProcessService: Exiting child process.
11-01 00:45:17.899 32402 32402 W chromium: [WARNING:compositor_view.cc(315)] Child process died (type=6) pid=32546)
11-01 00:45:17.901 20673 28372 W Icing   : No valid account for uploading user actions
11-01 00:45:17.907   600  3509 D ActivityManager: cleanUpApplicationRecord -- 32630
11-01 00:45:17.908   600  3509 I ActivityManager: Killing 351:com.android.chrome:sandboxed_process17/u0a35i609 (adj 0): isolated not needed
11-01 00:45:17.915 32402 32402 W chromium: [WARNING:compositor_view.cc(315)] Child process died (type=6) pid=32630)
11-01 00:45:17.915 32402 32402 W chromium: [WARNING:compositor_view.cc(315)] Child process died (type=6) pid=32572)
11-01 00:45:17.915   600 17381 D ActivityManager: cleanUpApplicationRecord -- 32610
11-01 00:45:17.925   600 24515 D ActivityManager: cleanUpApplicationRecord -- 32572
11-01 00:45:17.927 32402 32402 W chromium: [WARNING:compositor_view.cc(315)] Child process died (type=6) pid=32610)
11-01 00:45:17.934 20673 20795 I Icing   : IndexChimeraService.getServiceInterface callingPackage=com.google.android.gms componentName=null serviceId=30
11-01 00:45:17.941   600  1079 D ActivityManager: cleanUpApplicationRecord -- 362
11-01 00:45:17.945 32402 32402 W chromium: [WARNING:compositor_view.cc(315)] Child process died (type=6) pid=362)
11-01 00:45:17.957   600  3509 D ActivityManager: cleanUpApplicationRecord -- 351
11-01 00:45:17.962 32402 32402 W chromium: [WARNING:compositor_view.cc(315)] Child process died (type=6) pid=351)
11-01 00:45:17.966 32535 32535 D ICU     : No timezone override file found: /data/misc/zoneinfo/current/icu/icu_tzdata.dat
11-01 00:45:17.980 20673 28372 E native  : document-store.cc:1328 Failed to update per-doc-data with usage report
11-01 00:45:17.981 20673 28372 E native  : document-store.cc:1328 Failed to update per-doc-data with usage report
11-01 00:45:17.981 20673 28372 E native  : document-store.cc:1328 Failed to update per-doc-data with usage report
11-01 00:45:17.981 20673 28372 E native  : document-store.cc:1328 Failed to update per-doc-data with usage report
11-01 00:45:18.007 32535 32535 I Radio-JNI: register_android_hardware_Radio DONE
11-01 00:45:18.008 20673 28372 I Icing   : Usage reports ok 1, Failed Usage reports 4, indexed 0, rejected 0
11-01 00:45:18.009 20673 28372 I Icing   : Removing corpus key com.android.chrome-omnibox for package com.android.chrome
11-01 00:45:18.028 32535 32535 D AndroidRuntime: Calling main entry com.android.commands.am.Am
11-01 00:45:18.051   600 16391 I ActivityManager: START u0 {act=android.intent.action.VIEW dat=http://biomedcentral.com/... flg=0x10000000 cmp=com.android.chrome/com.google.android.apps.chrome.Main} from uid 2000 on display 0
11-01 00:45:18.056 32535 32535 D AndroidRuntime: Shutting down VM
11-01 00:45:18.105 32402 32402 E cr_IntentUtils: getInt failed on bundle null
11-01 00:45:18.129   600  3507 I ActivityManager: Start proc 440:com.android.chrome:sandboxed_process20/u0i612 for service com.android.chrome/org.chromium.content.app.SandboxedProcessService20
11-01 00:45:18.147 32402 32402 W FeedModelProvider: sessionId is null, this should have been set during population
11-01 00:45:18.148 32402 32402 I cr_tabmodel: Appending tabs being restored to metadata lists, 0, startingNormalCount: 2, startingIncognitoCount: 0
11-01 00:45:18.148 32402 32402 I cr_tabmodel: Serializing tab lists; counts: 2, 0
11-01 00:45:18.260   440   440 W boxed_process20: type=1400 audit(0.0:16583): avc: denied { getattr } for path="/data/data/com.android.chrome" dev="dm-2" ino=12190 scontext=u:r:isolated_app:s0:c512,c768 tcontext=u:object_r:app_data_file:s0:c512,c768 tclass=dir permissive=0
11-01 00:45:18.316   440   440 I cr_ChildProcessService: Creating new ChildProcessService pid=440
11-01 00:45:18.368   440   455 I cr_LibraryLoader: Loaded native library version number "85.0.4183.127"
11-01 00:45:18.369   440   455 I cr_CachingUmaRecorder: Flushed 1 samples from 1 histograms.
11-01 00:45:19.198 20673 28372 I native  : document-store.cc:1654 Scored 2584 usage reports, missing_corpora 1401 update_failed 1
11-01 00:45:19.667   787 28592 W Icing   : isOptedInForAppHistory: empty Account Name encountered
11-01 00:45:19.693   787 28592 W Icing   : isOptedInForAppHistory: empty Account Name encountered
11-01 00:45:19.749   787 31562 W Icing   : isOptedInForAppHistory: empty Account Name encountered
11-01 00:45:19.789 20673 28372 W Icing   : No valid account for uploading user actions
11-01 00:45:19.926 20673 28372 I Icing   : Usage reports ok 1, Failed Usage reports 0, indexed 1, rejected 0
11-01 00:45:19.927 20673 28372 W Icing   : No valid account for uploading user actions
11-01 00:45:19.944 20673 28372 I Icing   : Usage reports ok 0, Failed Usage reports 0, indexed 0, rejected 0
11-01 00:45:19.946 20673 28372 I Icing   : Indexing com.android.chrome-omnibox from com.android.chrome
11-01 00:45:20.062 20673 28372 I Icing   : Indexing done com.android.chrome-omnibox
11-01 00:45:20.162 32402 32455 I cr_omaha: Request to Server Successful. Timestamp for next request:1667263520161
11-01 00:45:20.211 32402 32455 I cr_omaha: Request to Server Successful. Timestamp for next request:1667263520211
11-01 00:45:20.212 32402 32455 I cr_omaha: Attempting to schedule next job for: Tue Nov 01 05:45:19 GMT+01:00 2022
11-01 00:45:20.213 32402 32402 I cr_omaha: Scheduled using JobService
11-01 00:45:20.214 32402 32402 E cr_BkgrdTaskJS: Tried finishing non-current BackgroundTask.
11-01 00:45:20.551 32402 32402 I cr_tabmodel: Appending tabs being restored to metadata lists, 0, startingNormalCount: 2, startingIncognitoCount: 0
11-01 00:45:20.551 32402 32402 I cr_tabmodel: Serializing tab lists; counts: 2, 0
11-01 00:45:20.575 32402 32402 I TaskQueue:  * Starvation Check, last task 11-01 00:45:15.775
11-01 00:45:20.575 32402 32402 I MainThreadRunner: Running task [StarvationChecks] on the Main Thread with a delay of 6000 milliseconds
11-01 00:45:20.624 32402 32402 I cr_tabmodel: Appending tabs being restored to metadata lists, 0, startingNormalCount: 2, startingIncognitoCount: 0
11-01 00:45:20.624 32402 32402 I cr_tabmodel: Serializing tab lists; counts: 2, 0
11-01 00:45:21.107 32402 32402 I cr_tabmodel: Appending tabs being restored to metadata lists, 0, startingNormalCount: 2, startingIncognitoCount: 0
11-01 00:45:21.108 32402 32402 I cr_tabmodel: Serializing tab lists; counts: 2, 0
11-01 00:45:21.728 32402 32402 V MediaRouter: Adding route: RouteInfo{ name=Tablet, description=null, status=null, category=RouteCategory{ name=null types=ROUTE_TYPE_LIVE_AUDIO ROUTE_TYPE_LIVE_VIDEO  groupable=false }, supportedTypes=ROUTE_TYPE_LIVE_AUDIO ROUTE_TYPE_LIVE_VIDEO , presentationDisplay=null }
11-01 00:45:21.737 32402 32402 V MediaRouter: Updating audio routes: AudioRoutesInfo{ type=SPEAKER }
11-01 00:45:21.742 32402 32402 V MediaRouter: Selecting route: RouteInfo{ name=Tablet, description=null, status=null, category=RouteCategory{ name=null types=ROUTE_TYPE_LIVE_AUDIO ROUTE_TYPE_LIVE_VIDEO  groupable=false }, supportedTypes=ROUTE_TYPE_LIVE_AUDIO ROUTE_TYPE_LIVE_VIDEO , presentationDisplay=null }
11-01 00:45:21.749 32402 32402 I MediaRouter: Found default route: MediaRouter.RouteInfo{ uniqueId=android/Qf:DEFAULT_ROUTE, name=Tablet, description=null, iconUri=null, enabled=true, connecting=false, connectionState=0, canDisconnect=false, playbackType=0, playbackStream=3, deviceType=0, volumeHandling=1, volume=0, volumeMax=15, presentationDisplayId=-1, extras=null, settingsIntent=null, providerPackageName=android }
11-01 00:45:21.749 32402 32402 I MediaRouter: Unselecting the current route because it is no longer selectable: null
11-01 00:45:21.758 32402 32402 V MediaRouter: Selecting route: RouteInfo{ name=Tablet, description=null, status=null, category=RouteCategory{ name=null types=ROUTE_TYPE_LIVE_AUDIO ROUTE_TYPE_LIVE_VIDEO  groupable=false }, supportedTypes=ROUTE_TYPE_LIVE_AUDIO ROUTE_TYPE_LIVE_VIDEO , presentationDisplay=null }
11-01 00:45:21.899 32402 32402 E cr_BTSPrefs: No data found for task id: 53
11-01 00:45:21.900 32402 32402 E cr_BkgrdTaskScheduler: Task cannot be canceled because no data was found instorage or data was invalid
11-01 00:45:21.951 32462 32486 W VideoCapabilities: Unrecognized level 0 for video/x-vnd.on2.vp8
11-01 00:45:21.967   600   647 I WifiHAL : Got channel list with 13 channels
11-01 00:45:21.968   600   647 I WifiHAL : Got channel list with 4 channels
11-01 00:45:21.968   600   647 I WifiHAL : Got channel list with 15 channels
11-01 00:45:21.974 20673 20673 I DiscoveryManager: WifiGuestModeDeviceScanner enabled.
11-01 00:45:21.975 20673 31992 I CastDatabase: Opening the database
11-01 00:45:21.979 32462 32486 I VideoCapabilities: Unsupported profile 4 for video/mp4v-es
11-01 00:45:21.984 32462 32486 W cr_MediaCodecUtil: HW encoder for video/avc is not available on this device.
11-01 00:45:22.006 32462   474 W VideoCapabilities: Unrecognized level 0 for video/x-vnd.on2.vp8
11-01 00:45:22.012 32462   474 I VideoCapabilities: Unsupported profile 4 for video/mp4v-es
11-01 00:45:22.027 20673 31992 I SQLiteCastStore: 2 CastNetworkInfo instances loaded, 1 CastDeviceInfo instances loaded, 0 paired guest mode devices loaded.
11-01 00:45:22.027 20673 31992 I DiscoveryManager: Filter criteria(37F83649) scannerFlags(0)
11-01 00:45:22.029 20673 31992 I CastDatabase: CastDeviceInfo created: V_69a84a0d-ff85-45aa-8a3b-b64fa9386b44
11-01 00:45:22.029 20673 31992 W GuestModeDeviceProber: setFilterCriteria
11-01 00:45:22.032 20673 31992 E DeviceScanner: [BLE] Failed to start scan because the Bluetooth is disabled.
11-01 00:45:22.032 20673 31992 W DatabaseProcessor: processLocalDevices: failed to get the network info with non-null bssid.
11-01 00:45:22.033 20673 31992 W DatabaseProcessor: processLocalDevices: failed to get the network info with non-null bssid.
11-01 00:45:22.046 20673 31992 E DeviceScanner: [BLE] Failed to start scan because the Bluetooth is disabled.
11-01 00:45:22.051 20673 31992 W DatabaseProcessor: processLocalDevices: failed to get the network info with non-null bssid.
11-01 00:45:22.051 20673 31992 W DatabaseProcessor: processLocalDevices: failed to get the network info with non-null bssid.
11-01 00:45:22.136   245   245 D MediaBufferGroup: creating MemoryDealer
11-01 00:45:22.137   246   478 D NuPlayerDriver: notifyListener_l(0xf0220b40), (1, 0, 0), loop setting(0, 0)
11-01 00:45:22.137 32402 32402 D MediaPlayer: setSubtitleAnchor in MediaPlayer
11-01 00:45:22.152 32402 32402 W MediaPlayer: Couldn't open https://vod.video-cdn.net/F-TUvd9pk8UYjAqC7mYdAm/4312z8mUGRLb5UPsLza27-.aaa,828,596,1656,2356,.mp4.csmil/master.m3u8?set-cc-attribute=cc&hdnea=exp=1667260519~acl=/F-TUvd9pk8UYjAqC7mYdAm/4312z8mUGRLb5UPsLza27-.aaa,828,596,1656,2356,.mp4.csmil/*~hmac=b188af7bea2d7c11ea07e5eb3021a3d3b0d5cb3af4177c1dd1cf7805246eb437: java.io.FileNotFoundException: No content provider: https://vod.video-cdn.net/F-TUvd9pk8UYjAqC7mYdAm/4312z8mUGRLb5UPsLza27-.aaa,828,596,1656,2356,.mp4.csmil/master.m3u8?set-cc-attribute=cc&hdnea=exp=1667260519~acl=/F-TUvd9pk8UYjAqC7mYdAm/4312z8mUGRLb5UPsLza27-.aaa,828,596,1656,2356,.mp4.csmil/*~hmac=b188af7bea2d7c11ea07e5eb3021a3d3b0d5cb3af4177c1dd1cf7805246eb437
11-01 00:45:22.156   246   482 I LiveSession: onConnect https://<suppressed>
11-01 00:45:22.156   246   481 D NuPlayer: onSetVideoSurface(0xf0266800, no video decoder)
11-01 00:45:22.159 32402 32456 W InstanceID: Instance ID SDK is deprecated, com.android.chrome should update to use Firebase Instance ID
11-01 00:45:22.301 32462 32479 E chromium: [ERROR:gles2_cmd_decoder.cc(7062)] [.RendererMainThread-0xd4625800]GL ERROR :GL_INVALID_OPERATION : glGetIntegerv: incomplete framebuffer
11-01 00:45:22.301 32462 32479 E chromium: [ERROR:gles2_cmd_decoder.cc(7062)] [.RendererMainThread-0xd4625800]GL ERROR :GL_INVALID_OPERATION : glGetIntegerv: incomplete framebuffer
11-01 00:45:22.302 32462 32479 E chromium: [ERROR:gles2_cmd_decoder.cc(7062)] [.RendererMainThread-0xd4625800]GL ERROR :GL_INVALID_OPERATION : glGetIntegerv: incomplete framebuffer
11-01 00:45:22.302 32462 32479 E chromium: [ERROR:gles2_cmd_decoder.cc(7062)] [.RendererMainThread-0xd4625800]GL ERROR :GL_INVALID_OPERATION : glGetIntegerv: incomplete framebuffer
11-01 00:45:22.321 32462 32479 E chromium: [ERROR:gles2_cmd_decoder.cc(4968)] [.RendererMainThread-0xd4625800]GL ERROR :GL_INVALID_FRAMEBUFFER_OPERATION : glClear: framebuffer incomplete
11-01 00:45:22.545   246   482 I LiveSession: #### Starting Bandwidth Switch: -1 => 0
11-01 00:45:23.072   246   483 I ESQueue : found something resembling an H.264/MPEG syncword at offset 1
11-01 00:45:23.073   246   483 I avc_utils: found AVC codec config (512 x 288, Baseline-profile level 2.1)
11-01 00:45:23.073   246   483 I ESQueue : found AAC codec config (44100 Hz, 1 channels)
11-01 00:45:23.546   246   481 D NuPlayerDriver: notifyListener_l(0xf0220c60), (3, 4, 0), loop setting(0, 0)
11-01 00:45:23.546   246   481 D NuPlayerDriver: notifyListener_l(0xf0220c60), (5, 512, 288), loop setting(0, 0)
11-01 00:45:23.547   246   481 D NuPlayerDriver: notifyListener_l(0xf0220c60), (1, 0, 0), loop setting(0, 0)
11-01 00:45:23.550 32402 32402 D MediaPlayer: setSubtitleAnchor in MediaPlayer
11-01 00:45:23.562 32402 32402 D MediaPlayer: getMetadata
11-01 00:45:23.567   246   246 D NuPlayerDriver: seekTo(0xf0220c60) 0 ms at state 4
11-01 00:45:23.567   246   246 D NuPlayerDriver: notifyListener_l(0xf0220c60), (7, 0, 0), loop setting(0, 0)
11-01 00:45:23.571   246   481 W NuPlayer: source has video meta but not file meta
11-01 00:45:23.571   246   481 D NuPlayerDriver: notifyListener_l(0xf0220c60), (4, 0, 0), loop setting(0, 0)
11-01 00:45:23.573   246   481 W NuPlayer: source has video meta but not file meta
11-01 00:45:23.576   246   481 W NuPlayer: source has video meta but not file meta
11-01 00:45:23.581   246   496 I MediaPlayerService: MediaPlayerService::getOMX
11-01 00:45:23.584   246   497 I MediaPlayerService: MediaPlayerService::getOMX
11-01 00:45:23.585   246   496 I OMXClient: MuxOMX ctor
11-01 00:45:23.588   243  7993 I OMXMaster: makeComponentInstance(OMX.google.aac.decoder) in mediacodec process
11-01 00:45:23.595   246   497 I OMXClient: MuxOMX ctor
11-01 00:45:23.607   243   905 I OMXMaster: makeComponentInstance(OMX.Nvidia.h264.decode) in mediacodec process
11-01 00:45:23.611   243  3872 E OMXNodeInstance: setConfig(f30116:google.aac.decoder, ConfigPriority(0x6f800002)) ERROR: Undefined(0x80001001)
11-01 00:45:23.612   246   496 I ACodec  : codec does not support config priority (err -2147483648)
11-01 00:45:23.614   246   496 I MediaCodec: MediaCodec will operate in async mode
11-01 00:45:23.616   246   494 I MediaCodec: [OMX.Nvidia.h264.decode] setting surface generation to 251983
11-01 00:45:23.628   243   243 E OMXNodeInstance: getConfig(f30117:Nvidia.h264.decode, ConfigCommonOutputCrop(0x700000f)) ERROR: BadParameter(0x80001005)
11-01 00:45:23.631   246   494 I MediaCodec: MediaCodec will operate in async mode
11-01 00:45:23.640   246   497 D SurfaceUtils: set up nativeWindow 0xf0266808 for 512x288, color 0x106, rotation 0, usage 0x2b00
11-01 00:45:23.641   243   498 I SoftAAC2: Reconfiguring decoder: 0->44100 Hz, 0->1 channels
11-01 00:45:23.646   243   500 D NvOsDebugPrintf: NvMMLiteOpen : Block : BlockType = 261 
11-01 00:45:23.649   243   500 D NvOsDebugPrintf: TVMR: NvMMLiteTVMRDecBlockOpen: 5008: NvMMLiteBlockOpen 
11-01 00:45:23.663   246   492 D AudioTrack: Client defaulted notificationFrames to 7407 for frameCount 22221
11-01 00:45:23.670 32402 32402 I FeedRequestManagerImpl: Request: /httpservice/noretry/DiscoverClankService/FeedQuery completed with response code: 200
11-01 00:45:23.670 32402 32402 I TaskQueue:  - task [IMMEDIATE - d: true, b: 2]: 15
11-01 00:45:23.670 32402 32402 I TaskQueue:  - queueTask starting immediate task
11-01 00:45:23.671 32402 32455 I TaskQueue: Execute task [IMMEDIATE - d: true, b: 2]: 15
11-01 00:45:23.671   243   500 D NvOsDebugPrintf: NvMMLiteBlockCreate : Block : BlockType = 261 
11-01 00:45:23.687   243   503 D NvOsDebugPrintf: TVMR: cbBeginSequence: 655: BeginSequence  512x288, bVPR = 0
11-01 00:45:23.687   243   503 D NvOsDebugPrintf: TVMR: cbBeginSequence: 918: DecodeBuffers = 3 
11-01 00:45:23.688   243   503 D NvOsDebugPrintf: TVMR: cbBeginSequence: 938: Display Resolution : (512x288) 
11-01 00:45:23.689   243   503 D NvOsDebugPrintf: TVMR: cbBeginSequence: 939: Display Aspect Ratio : (512x288) 
11-01 00:45:23.689   243   503 D NvOsDebugPrintf: TVMR: cbBeginSequence: 1041: SurfaceLayout = 3
11-01 00:45:23.689   243   503 D NvOsDebugPrintf: TVMR: cbBeginSequence: 1071: NumOfSurfaces = 7, InteraceStream = 0, InterlaceEnabled = 0, bSecure = 0, MVC = 0 Semiplanar = 1, bReinit = 1 
11-01 00:45:23.689   243   503 D NvOsDebugPrintf: Allocating new output: 512x288 (x 9), ThumbnailMode = 0
11-01 00:45:23.692   246   497 D SurfaceUtils: set up nativeWindow 0xf0266808 for 512x288, color 0x106, rotation 0, usage 0x2b00
11-01 00:45:23.692   243   951 E OMXNodeInstance: setParameter(f30117:Nvidia.h264.decode, ParamPortDefinition(0x2000001)) ERROR: UnsupportedSetting(0x80001019)
11-01 00:45:23.693   246   497 W ACodec  : [OMX.Nvidia.h264.decode] setting nBufferCountActual to 14 failed: -1010
11-01 00:45:23.693   243  3872 E OMXNodeInstance: setParameter(f30117:Nvidia.h264.decode, ParamPortDefinition(0x2000001)) ERROR: UnsupportedSetting(0x80001019)
11-01 00:45:23.693   246   497 W ACodec  : [OMX.Nvidia.h264.decode] setting nBufferCountActual to 13 failed: -1010
11-01 00:45:23.693   243   243 E OMXNodeInstance: setParameter(f30117:Nvidia.h264.decode, ParamPortDefinition(0x2000001)) ERROR: UnsupportedSetting(0x80001019)
11-01 00:45:23.693   246   497 W ACodec  : [OMX.Nvidia.h264.decode] setting nBufferCountActual to 12 failed: -1010
11-01 00:45:23.708   246   481 D NuPlayerDriver: notifyListener_l(0xf0220c60), (5, 512, 288), loop setting(0, 0)
11-01 00:45:23.735 32402 32455 I MainThreadRunner: Running task [FeedRequestManagerImpl consumer] on the Main Thread
11-01 00:45:23.735 32402 32455 I TaskQueue:  - Finished 15, time 65 ms
11-01 00:45:23.736 32402 32402 I FeedProtocolAdapter: createModel, operations 33
11-01 00:45:23.740 32402 32402 I TimingUtils: Task Timing   4ms, thread ui | task : convertWireProtocol | mutations : 33
11-01 00:45:23.741 32402 32402 I TaskQueue:  - task [HEAD_RESET - d: true, b: 2]: 5
11-01 00:45:23.741 32402 32402 I TaskQueue:  - queueTask starting immediate task
11-01 00:45:23.742 32402 32455 I TaskQueue: Execute task [HEAD_RESET - d: true, b: 2]: 5
11-01 00:45:23.746 32402 32455 I TaskQueue:  - task [BACKGROUND - d: true, b: 2]: 23
11-01 00:45:23.746 32402 32455 W SessionCache: Persisted Sessions were not found
11-01 00:45:23.750 32402 32455 I PersistentFeedStore: commitSessionMutation - Success true, Update Session $HEAD, stream structures 32
11-01 00:45:23.754 32402 32455 I MainThreadRunner: Running task [SchedulerApiWrapper onReceiveNewContent] on the Main Thread
11-01 00:45:23.755 32402 32455 I MainThreadRunner: Running task [FeedKnownContentImpl onNewContentReceived] on the Main Thread
11-01 00:45:23.756 32402 32455 I SessionManagerMutation: Cleared Head, new creation time 11-01 00:45:23.746
11-01 00:45:23.756 32402 32455 I TimingUtils: Task Timing  13ms, thread background-1 | task : sessionMutation.commitTask:updateConsumer | mutations : 33 | userInitiated : false
11-01 00:45:23.756 32402 32455 I TaskQueue: Cancelling starvation checks
11-01 00:45:23.756 32402 32455 I TaskQueue:  - Finished 5, time 14 ms
11-01 00:45:23.756 32402 32455 I TaskQueue: Execute task [USER_FACING - d: false, b: 2]: 24
11-01 00:45:23.767 32402 32455 I TimeoutSessionImpl: TimeoutSession.populateModelProvider, shouldAppend false
11-01 00:45:23.768 32402 32455 I SessionImpl: PopulateModelProvider 32 items
11-01 00:45:23.768 32402 32455 I FeedModelProvider: FeedModelProvider - committer, structure changes 31, update changes 0
11-01 00:45:23.768 32402 32455 I FeedModelProvider: SyntheticTokenTracker: 0, 11, 11, false
11-01 00:45:23.768 32402 32455 I FeedSessionManagerImpl: Caching getStreamFeatures - items 31, cache misses 0, cache size 31
11-01 00:45:23.769 32402 32455 I FeedModelProvider: Moving _session:2e2c4f4e-3ad0-48c1-8ba4-496f4bb5609d to READY
11-01 00:45:23.769 32402 32455 I MainThreadRunner: Running task [FeedModelProvider onSessionStart] on the Main Thread
11-01 00:45:23.769 32402 32455 I FeedModelProvider: ModelProvider Mutation committed - structure changes 31, childrenToBind 31, removedChildren false, Token false
11-01 00:45:23.771 32402 32402 I FeedModelProvider: No children found for Cursor
11-01 00:45:23.777 32402 32455 I FeedSessionManagerImpl: Populate new session: _session:2e2c4f4e-3ad0-48c1-8ba4-496f4bb5609d, creation time 11-01 00:45:23.767
11-01 00:45:23.777 32402 32455 I TimingUtils: Task Timing  20ms, thread background-2 | task : Create/Populate New Session
11-01 00:45:23.777 32402 32455 I TaskQueue:  - Finished 24, time 20 ms
11-01 00:45:23.777 32402 32455 I TaskQueue: Execute task [BACKGROUND - d: false, b: 1]: 11
11-01 00:45:23.777 32402 32455 I ContentGc: Re-enqueuing triggerContentGc; attempts(0)
11-01 00:45:23.777 32402 32455 I TaskQueue:  - task [BACKGROUND - d: false, b: 1]: 11
11-01 00:45:23.777 32402 32455 I TaskQueue:  - Finished 11, time 0 ms
11-01 00:45:23.777 32402 32455 I TaskQueue: Execute task [BACKGROUND - d: false, b: 1]: 23
11-01 00:45:23.812   246   483 I ATSParser: discontinuity on stream pid 0x0100
11-01 00:45:23.812   246   483 I ATSParser: discontinuity on stream pid 0x0101
11-01 00:45:23.849 32402 32455 I TimingUtils: Task Timing  71ms, thread background-3 | task : commitContentMutation | mutations : 32
11-01 00:45:23.850 32402 32455 I TimingUtils: Task Timing   0ms, thread background-4 | task : commitSemanticPropertiesMutation | mutations : 0
11-01 00:45:23.850 32402 32455 I TaskQueue:  - Finished 23, time 72 ms
11-01 00:45:23.850 32402 32455 I TaskQueue: Execute task [BACKGROUND - d: false, b: 0]: 11
11-01 00:45:23.851 32402 32455 I SessionCache: Determining accessible content
11-01 00:45:23.853 32402 32455 I TimingUtils: Task Timing   3ms, thread background-5 | task : ContentGc | contentItemsRemoved : 0
11-01 00:45:23.853 32402 32455 I TaskQueue:  - Finished 11, time 3 ms
11-01 00:45:24.547   246   481 D NuPlayerDriver: notifyListener_l(0xf0220c60), (3, 5, 0), loop setting(0, 0)
11-01 00:45:25.034 20673 21110 W AdaptiveDiscoveryWorker: Exiting Adaptive Discovery. Current NetworkInfo is NULL.
11-01 00:45:25.354 20673 21110 W DatabaseProcessor: processLocalDevices: failed to get the network info with non-null bssid.
11-01 00:45:25.361 32402 32402 E cr_BTSPrefs: No data found for task id: 57
11-01 00:45:25.361 32402 32402 E cr_BkgrdTaskScheduler: Task cannot be canceled because no data was found instorage or data was invalid
11-01 00:45:25.363 32402 32402 E cr_BTSPrefs: No data found for task id: 56
11-01 00:45:25.363 32402 32402 E cr_BkgrdTaskScheduler: Task cannot be canceled because no data was found instorage or data was invalid
11-01 00:45:25.546   246   481 D NuPlayerDriver: notifyListener_l(0xf0220c60), (3, 6, 0), loop setting(0, 0)
11-01 00:45:26.546   246   481 D NuPlayerDriver: notifyListener_l(0xf0220c60), (3, 6, 0), loop setting(0, 0)
11-01 00:45:26.976   246   483 I ATSParser: discontinuity on stream pid 0x0100
11-01 00:45:26.977   246   483 I ATSParser: discontinuity on stream pid 0x0101
11-01 00:45:27.154   246   483 I ATSParser: discontinuity on stream pid 0x0100
11-01 00:45:27.155   246   483 I ATSParser: discontinuity on stream pid 0x0101
11-01 00:45:27.318   246   483 I ATSParser: discontinuity on stream pid 0x0100
11-01 00:45:27.319   246   483 I ATSParser: discontinuity on stream pid 0x0101
11-01 00:45:27.547   246   482 I LiveSession: #### Starting Bandwidth Switch: 0 => 3
11-01 00:45:27.548   246   481 D NuPlayerDriver: notifyListener_l(0xf0220c60), (3, 28, 0), loop setting(0, 0)
11-01 00:45:27.549   246   483 I ATSParser: discontinuity on stream pid 0x0100
11-01 00:45:27.549   246   483 I ATSParser: discontinuity on stream pid 0x0101
11-01 00:45:27.734   246   483 I ESQueue : found something resembling an H.264/MPEG syncword at offset 1
11-01 00:45:27.740   246   483 I avc_utils: found AVC codec config (1280 x 720, Baseline-profile level 3.1)
11-01 00:45:27.750   246   483 I ESQueue : found AAC codec config (44100 Hz, 2 channels)
11-01 00:45:27.772   246   482 I LiveSession: [timed_id3] i 0 UriIsSameAsIndex newUri false, https://vod.video-cdn.net/F-TUvd9pk8UYjAqC7mYdAm/4312z8mUGRLb5UPsLza27-.aaa,828,596,1656,2356,.mp4.csmil/chunklist_b2356000.m3u8?hdntl=exp=1667346321~acl=/*~data=hdntl~hmac=26cee11f4269c0259a69bfe2d9fc2c0c3388a7606839a1abac1952064bbb8b47&set-cc-attribute=cc
11-01 00:45:27.772   246   482 I LiveSession: [timed_id3] i 1 UriIsSameAsIndex newUri false, https://vod.video-cdn.net/F-TUvd9pk8UYjAqC7mYdAm/4312z8mUGRLb5UPsLza27-.aaa,828,596,1656,2356,.mp4.csmil/chunklist_b2356000.m3u8?hdntl=exp=1667346321~acl=/*~data=hdntl~hmac=26cee11f4269c0259a69bfe2d9fc2c0c3388a7606839a1abac1952064bbb8b47&set-cc-attribute=cc
11-01 00:45:27.772   246   482 I LiveSession: #### Finished Bandwidth Switch: 0 => 3
11-01 00:45:27.772   246   481 D NuPlayerDriver: notifyListener_l(0xf0220c60), (3, 10, 0), loop setting(0, 0)
11-01 00:45:28.307   246   483 I ATSParser: discontinuity on stream pid 0x0100
11-01 00:45:28.320   246   483 I ATSParser: discontinuity on stream pid 0x0101
11-01 00:45:28.773   246   481 D NuPlayerDriver: notifyListener_l(0xf0220c60), (3, 22, 0), loop setting(0, 0)
11-01 00:45:28.779   246   483 I ATSParser: discontinuity on stream pid 0x0100
11-01 00:45:28.782   246   483 I ATSParser: discontinuity on stream pid 0x0101
11-01 00:45:29.572   246   483 I ATSParser: discontinuity on stream pid 0x0100
11-01 00:45:29.575   246   483 I ATSParser: discontinuity on stream pid 0x0101
11-01 00:45:29.774   246   481 D NuPlayerDriver: notifyListener_l(0xf0220c60), (3, 30, 0), loop setting(0, 0)
11-01 00:45:30.032   246   483 I ATSParser: discontinuity on stream pid 0x0100
11-01 00:45:30.096   246   483 I ATSParser: discontinuity on stream pid 0x0101
11-01 00:45:30.774   246   481 D NuPlayerDriver: notifyListener_l(0xf0220c60), (3, 38, 0), loop setting(0, 0)
11-01 00:45:31.775   246   481 D NuPlayerDriver: notifyListener_l(0xf0220c60), (3, 38, 0), loop setting(0, 0)
11-01 00:45:32.775   246   481 D NuPlayerDriver: notifyListener_l(0xf0220c60), (3, 38, 0), loop setting(0, 0)
11-01 00:45:33.775   246   481 D NuPlayerDriver: notifyListener_l(0xf0220c60), (3, 38, 0), loop setting(0, 0)
11-01 00:45:33.898   519   519 D AndroidRuntime: >>>>>> START com.android.internal.os.RuntimeInit uid 2000 <<<<<<
11-01 00:45:33.902   519   519 D AndroidRuntime: CheckJNI is OFF
11-01 00:45:33.966   519   519 D ICU     : No timezone override file found: /data/misc/zoneinfo/current/icu/icu_tzdata.dat
11-01 00:45:34.000   519   519 I Radio-JNI: register_android_hardware_Radio DONE
11-01 00:45:34.016   519   519 D AndroidRuntime: Calling main entry com.android.commands.monkey.Monkey
11-01 00:45:34.084   600   613 W BroadcastQueue: Skipping deliver [background] BroadcastRecord{896b3b5 u-1 android.net.conn.CONNECTIVITY_CHANGE} to ReceiverList{5e9da4a 519 (unknown name)/2000/u-1 remote:6e4469f}: process crashing
11-01 00:45:34.776   246   481 D NuPlayerDriver: notifyListener_l(0xf0220c60), (3, 38, 0), loop setting(0, 0)
11-01 00:45:35.663   519   519 D MonkeyStub: translateCommand: wake
11-01 00:45:35.776   246   481 D NuPlayerDriver: notifyListener_l(0xf0220c60), (3, 38, 0), loop setting(0, 0)
11-01 00:45:35.834   519   519 D MonkeyStub: translateCommand: tap 240 1868
11-01 00:45:36.036   600   609 W art     : Suspending all threads took: 9.720ms
11-01 00:45:36.072   600   609 I art     : Background sticky concurrent mark sweep GC freed 90850(5MB) AllocSpace objects, 55(1460KB) LOS objects, 31% free, 17MB/26MB, paused 10.701ms total 60.830ms
11-01 00:45:36.777   246   481 D NuPlayerDriver: notifyListener_l(0xf0220c60), (3, 38, 0), loop setting(0, 0)
11-01 00:45:37.706   246   481 D NuPlayer: onSetVideoSurface(0x0, have video decoder)
11-01 00:45:37.716   243   504 D NvOsDebugPrintf: TVMR: TVMRFrameDelivery: 3741: Closing TVMR Frame Delivery Thread -------------
11-01 00:45:37.717   243   500 D NvOsDebugPrintf: TVMR: NvMMDecTVMRDestroyParser: 4224: NvAvpClose
11-01 00:45:37.717   243   500 D NvOsDebugPrintf: TVMR: NvMMLiteTVMRDecBlockClose: 5163: Done 
11-01 00:45:37.721   246   481 W AMessage: failed to post message as target looper for handler 0 is gone.
11-01 00:45:37.723   246   495 I NuPlayerDecoder: [OMX.google.aac.decoder] resubmitting CSD
11-01 00:45:37.723   246   273 D NuPlayerDriver: reset(0xf0220c60) at state 4
11-01 00:45:37.723   246   273 D NuPlayerDriver: notifyListener_l(0xf0220c60), (8, 0, 0), loop setting(0, 0)
11-01 00:45:37.724   243   498 I SoftAAC2: Initially configuring decoder: 44100 Hz, 1 channels
11-01 00:45:37.730   246   481 W AMessage: failed to post message as target looper for handler 0 is gone.
11-01 00:45:37.731   246   483 W AMessage: failed to deliver message as target handler 1176 is gone.
11-01 00:45:37.737   246   481 D NuPlayerDriver: notifyResetComplete(0xf0220c60)
11-01 00:45:40.905   519   519 D MonkeyStub: translateCommand: tap 1195 290
11-01 00:45:41.143   787  1259 E AsyncOperation: serviceID=121, operation=GetLaunchDataOperation [CONTEXT service_id=259 ]
11-01 00:45:41.143   787  1259 E AsyncOperation: OperationException[Status{statusCode=Not an instant app, resolution=null}]
11-01 00:45:41.143   787  1259 E AsyncOperation: 	at aeay.a(:com.google.android.gms@203915020@20.39.15 (040406-335085812):20)
11-01 00:45:41.143   787  1259 E AsyncOperation: 	at aain.run(:com.google.android.gms@203915020@20.39.15 (040406-335085812):7)
11-01 00:45:41.143   787  1259 E AsyncOperation: 	at boex.run(:com.google.android.gms@203915020@20.39.15 (040406-335085812):2)
11-01 00:45:41.143   787  1259 E AsyncOperation: 	at sup.b(:com.google.android.gms@203915020@20.39.15 (040406-335085812):12)
11-01 00:45:41.143   787  1259 E AsyncOperation: 	at sup.run(:com.google.android.gms@203915020@20.39.15 (040406-335085812):7)
11-01 00:45:41.143   787  1259 E AsyncOperation: 	at java.util.concurrent.ThreadPoolExecutor.runWorker(ThreadPoolExecutor.java:1133)
11-01 00:45:41.143   787  1259 E AsyncOperation: 	at java.util.concurrent.ThreadPoolExecutor$Worker.run(ThreadPoolExecutor.java:607)
11-01 00:45:41.143   787  1259 E AsyncOperation: 	at tam.run(:com.google.android.gms@203915020@20.39.15 (040406-335085812):0)
11-01 00:45:41.143   787  1259 E AsyncOperation: 	at java.lang.Thread.run(Thread.java:761)
11-01 00:45:41.342 20673 21110 I DiscoveryManager: Filter criteria(null) scannerFlags(0)
11-01 00:45:41.343 20673 21110 W GuestModeDeviceProber: setFilterCriteria
11-01 00:45:41.677   787   806 W Icing   : isOptedInForAppHistory: empty Account Name encountered
11-01 00:45:41.695   787   806 W Icing   : isOptedInForAppHistory: empty Account Name encountered
11-01 00:45:41.708   787 30001 W Icing   : isOptedInForAppHistory: empty Account Name encountered
11-01 00:45:41.885 32402 32402 I cr_tabmodel: Appending tabs being restored to metadata lists, 0, startingNormalCount: 2, startingIncognitoCount: 0
11-01 00:45:41.885 32402 32402 I cr_tabmodel: Serializing tab lists; counts: 2, 0
11-01 00:45:48.574 20673 20795 I Icing   : IndexChimeraService.getServiceInterface callingPackage=com.android.chrome componentName=null serviceId=36
11-01 00:45:48.610 20673 21110 W Icing   : No valid account for uploading user actions
11-01 00:45:48.647 20673 20795 I Icing   : IndexChimeraService.getServiceInterface callingPackage=com.google.android.gms componentName=null serviceId=30
11-01 00:45:48.669 20673 21110 I Icing   : Usage reports ok 1, Failed Usage reports 0, indexed 1, rejected 0
11-01 00:45:48.673 20673 21110 W Icing   : No valid account for uploading user actions
11-01 00:45:48.681 20673 21110 I Icing   : Usage reports ok 0, Failed Usage reports 0, indexed 0, rejected 0
11-01 00:45:48.682 20673 21110 I Icing   : Indexing com.android.chrome-omnibox from com.android.chrome
11-01 00:45:48.719 20673 20799 I Icing   : Indexing done com.android.chrome-omnibox
11-01 00:45:49.725   787  1245 W Icing   : isOptedInForAppHistory: empty Account Name encountered
11-01 00:45:49.753   787 31562 W Icing   : isOptedInForAppHistory: empty Account Name encountered
11-01 00:45:51.151   519   519 D MonkeyStub: translateCommand: touch down 614 1561
11-01 00:45:51.198   519   519 D MonkeyStub: translateCommand: touch move 614 1561
11-01 00:45:51.333   519   519 D MonkeyStub: translateCommand: touch move 614 1436
11-01 00:45:51.446   519   519 D MonkeyStub: translateCommand: touch move 614 1311
11-01 00:45:51.594   519   519 D MonkeyStub: translateCommand: touch move 614 1186
11-01 00:45:51.724   519   519 D MonkeyStub: translateCommand: touch move 614 1061
11-01 00:45:51.836   519   519 D MonkeyStub: translateCommand: touch move 614 937
11-01 00:45:51.977   519   519 D MonkeyStub: translateCommand: touch move 614 812
11-01 00:45:52.238   519   519 D MonkeyStub: translateCommand: touch move 614 687
11-01 00:45:52.430   519   519 D MonkeyStub: translateCommand: touch move 614 562
11-01 00:45:52.571   519   519 D MonkeyStub: translateCommand: touch move 614 437
11-01 00:45:52.692   519   519 D MonkeyStub: translateCommand: touch move 614 312
11-01 00:45:52.725   519   519 D MonkeyStub: translateCommand: touch up 614 312
11-01 00:45:55.857   519   519 D MonkeyStub: translateCommand: touch down 614 312
11-01 00:45:55.911   519   519 D MonkeyStub: translateCommand: touch move 614 312
11-01 00:45:56.020   519   519 D MonkeyStub: translateCommand: touch move 614 437
11-01 00:45:56.127   519   519 D MonkeyStub: translateCommand: touch move 614 562
11-01 00:45:56.239   519   519 D MonkeyStub: translateCommand: touch move 614 687
11-01 00:45:56.347   519   519 D MonkeyStub: translateCommand: touch move 614 812
11-01 00:45:56.471   519   519 D MonkeyStub: translateCommand: touch move 614 937
11-01 00:45:56.607   519   519 D MonkeyStub: translateCommand: touch move 614 1061
11-01 00:45:56.717   519   519 D MonkeyStub: translateCommand: touch move 614 1186
11-01 00:45:56.827   519   519 D MonkeyStub: translateCommand: touch move 614 1311
11-01 00:45:56.951   519   519 D MonkeyStub: translateCommand: touch move 614 1436
11-01 00:45:57.080   519   519 D MonkeyStub: translateCommand: touch move 614 1561
11-01 00:45:57.110   519   519 D MonkeyStub: translateCommand: touch up 614 1561
11-01 00:45:57.112   600  1076 I ActivityManager: Start proc 571:com.android.chrome:sandboxed_process21/u0i613 for service com.android.chrome/org.chromium.content.app.SandboxedProcessService21
11-01 00:45:57.164   571   571 W boxed_process21: type=1400 audit(0.0:16584): avc: denied { getattr } for path="/data/data/com.android.chrome" dev="dm-2" ino=12190 scontext=u:r:isolated_app:s0:c512,c768 tcontext=u:object_r:app_data_file:s0:c512,c768 tclass=dir permissive=0
11-01 00:45:57.192   571   571 I cr_ChildProcessService: Creating new ChildProcessService pid=571
11-01 00:45:57.234   571   584 I cr_LibraryLoader: Loaded native library version number "85.0.4183.127"
11-01 00:45:57.235   571   584 I cr_CachingUmaRecorder: Flushed 1 samples from 1 histograms.
11-01 00:45:57.250   584   584 W CrUtilityMain: type=1400 audit(0.0:16585): avc: denied { setattr } for name="LICENSE.txt" dev="dm-2" ino=35600 scontext=u:r:isolated_app:s0:c512,c768 tcontext=u:object_r:app_data_file:s0:c512,c768 tclass=file permissive=0
11-01 00:45:57.257   584   584 W CrUtilityMain: type=1400 audit(0.0:16586): avc: denied { setattr } for name=46696C746572696E672052756C6573 dev="dm-2" ino=33723 scontext=u:r:isolated_app:s0:c512,c768 tcontext=u:object_r:app_data_file:s0:c512,c768 tclass=file permissive=0
11-01 00:45:57.257   584   584 W CrUtilityMain: type=1400 audit(0.0:16587): avc: denied { setattr } for name="manifest.json" dev="dm-2" ino=33130 scontext=u:r:isolated_app:s0:c512,c768 tcontext=u:object_r:app_data_file:s0:c512,c768 tclass=file permissive=0
11-01 00:45:57.260   584   584 W CrUtilityMain: type=1400 audit(0.0:16588): avc: denied { setattr } for name="verified_contents.json" dev="dm-2" ino=19969 scontext=u:r:isolated_app:s0:c512,c768 tcontext=u:object_r:app_data_file:s0:c512,c768 tclass=file permissive=0
11-01 00:45:57.278   571   571 I cr_ChildProcessService: Destroying ChildProcessService pid=571
11-01 00:45:57.280   571   584 I chromium: [INFO:child_process_service.cc(69)] ChildProcessService: Exiting child process.
11-01 00:45:57.297   600  9614 I ActivityManager: Process com.android.chrome:sandboxed_process21 (pid 571) has died
11-01 00:45:57.297   600  9614 D ActivityManager: cleanUpApplicationRecord -- 571
11-01 00:45:57.303 32402 32402 W chromium: [WARNING:compositor_view.cc(315)] Child process died (type=6) pid=571)
11-01 00:45:58.051   600  2707 I ActivityManager: Start proc 601:com.android.chrome:sandboxed_process22/u0i614 for service com.android.chrome/org.chromium.content.app.SandboxedProcessService22
11-01 00:45:58.087   601   601 W boxed_process22: type=1400 audit(0.0:16589): avc: denied { getattr } for path="/data/data/com.android.chrome" dev="dm-2" ino=12190 scontext=u:r:isolated_app:s0:c512,c768 tcontext=u:object_r:app_data_file:s0:c512,c768 tclass=dir permissive=0
11-01 00:45:58.107   601   601 I cr_ChildProcessService: Creating new ChildProcessService pid=601
11-01 00:45:58.140   601   671 I cr_LibraryLoader: Loaded native library version number "85.0.4183.127"
11-01 00:45:58.140   601   671 I cr_CachingUmaRecorder: Flushed 1 samples from 1 histograms.
11-01 00:45:58.170   671   671 W CrUtilityMain: type=1400 audit(0.0:16590): avc: denied { setattr } for name="tl_en-us_2022-10-26_484799359_100000_index.bin" dev="dm-2" ino=29918 scontext=u:r:isolated_app:s0:c512,c768 tcontext=u:object_r:app_data_file:s0:c512,c768 tclass=file permissive=0
11-01 00:45:58.170   671   671 W CrUtilityMain: type=1400 audit(0.0:16591): avc: denied { setattr } for name="manifest.json" dev="dm-2" ino=29419 scontext=u:r:isolated_app:s0:c512,c768 tcontext=u:object_r:app_data_file:s0:c512,c768 tclass=file permissive=0
11-01 00:45:58.170   671   671 W CrUtilityMain: type=1400 audit(0.0:16592): avc: denied { setattr } for name="verified_contents.json" dev="dm-2" ino=17118 scontext=u:r:isolated_app:s0:c512,c768 tcontext=u:object_r:app_data_file:s0:c512,c768 tclass=file permissive=0
11-01 00:45:58.183   601   671 I chromium: [INFO:child_process_service.cc(69)] ChildProcessService: Exiting child process.
11-01 00:45:58.202   600  3994 I ActivityManager: Process com.android.chrome:sandboxed_process22 (pid 601) has died
11-01 00:45:58.202   600  3994 D ActivityManager: cleanUpApplicationRecord -- 601
11-01 00:45:58.214 32402 32402 W chromium: [WARNING:compositor_view.cc(315)] Child process died (type=6) pid=601)
11-01 00:45:59.170   519   519 D MonkeyStub: translateCommand: tap 168 477
11-01 00:45:59.170   600  3994 I ActivityManager: Start proc 687:com.android.chrome:sandboxed_process23/u0i615 for service com.android.chrome/org.chromium.content.app.SandboxedProcessService23
11-01 00:45:59.191   198   198 E SELinux : avc:  denied  { find } for service=netd pid=679 uid=2000 scontext=u:r:shell:s0 tcontext=u:object_r:netd_service:s0 tclass=service_manager permissive=0
11-01 00:45:59.196   198   198 E SELinux : avc:  denied  { find } for service=android.service.gatekeeper.IGateKeeperService pid=679 uid=2000 scontext=u:r:shell:s0 tcontext=u:object_r:gatekeeper_service:s0 tclass=service_manager permissive=0
11-01 00:45:59.244   687   687 W boxed_process23: type=1400 audit(0.0:16593): avc: denied { getattr } for path="/data/data/com.android.chrome" dev="dm-2" ino=12190 scontext=u:r:isolated_app:s0:c512,c768 tcontext=u:object_r:app_data_file:s0:c512,c768 tclass=dir permissive=0
11-01 00:45:59.332   787  1259 E AsyncOperation: serviceID=121, operation=GetLaunchDataOperation [CONTEXT service_id=259 ]
11-01 00:45:59.332   787  1259 E AsyncOperation: OperationException[Status{statusCode=Not an instant app, resolution=null}]
11-01 00:45:59.332   787  1259 E AsyncOperation: 	at aeay.a(:com.google.android.gms@203915020@20.39.15 (040406-335085812):20)
11-01 00:45:59.332   787  1259 E AsyncOperation: 	at aain.run(:com.google.android.gms@203915020@20.39.15 (040406-335085812):7)
11-01 00:45:59.332   787  1259 E AsyncOperation: 	at boex.run(:com.google.android.gms@203915020@20.39.15 (040406-335085812):2)
11-01 00:45:59.332   787  1259 E AsyncOperation: 	at sup.b(:com.google.android.gms@203915020@20.39.15 (040406-335085812):12)
11-01 00:45:59.332   787  1259 E AsyncOperation: 	at sup.run(:com.google.android.gms@203915020@20.39.15 (040406-335085812):7)
11-01 00:45:59.332   787  1259 E AsyncOperation: 	at java.util.concurrent.ThreadPoolExecutor.runWorker(ThreadPoolExecutor.java:1133)
11-01 00:45:59.332   787  1259 E AsyncOperation: 	at java.util.concurrent.ThreadPoolExecutor$Worker.run(ThreadPoolExecutor.java:607)
11-01 00:45:59.332   787  1259 E AsyncOperation: 	at tam.run(:com.google.android.gms@203915020@20.39.15 (040406-335085812):0)
11-01 00:45:59.332   787  1259 E AsyncOperation: 	at java.lang.Thread.run(Thread.java:761)
11-01 00:45:59.369   687   687 I cr_ChildProcessService: Creating new ChildProcessService pid=687
11-01 00:45:59.430 32402 32412 I art     : Background sticky concurrent mark sweep GC freed 125693(5MB) AllocSpace objects, 12(360KB) LOS objects, 28% free, 16MB/23MB, paused 352us total 150.699ms
11-01 00:45:59.552   687   721 I cr_LibraryLoader: Loaded native library version number "85.0.4183.127"
11-01 00:45:59.553   687   721 I cr_CachingUmaRecorder: Flushed 1 samples from 1 histograms.
11-01 00:45:59.577   721   721 W CrUtilityMain: type=1400 audit(0.0:16594): avc: denied { setattr } for name="optimization-hints.pb" dev="dm-2" ino=4736 scontext=u:r:isolated_app:s0:c512,c768 tcontext=u:object_r:app_data_file:s0:c512,c768 tclass=file permissive=0
11-01 00:45:59.577   721   721 W CrUtilityMain: type=1400 audit(0.0:16595): avc: denied { setattr } for name="manifest.json" dev="dm-2" ino=31732 scontext=u:r:isolated_app:s0:c512,c768 tcontext=u:object_r:app_data_file:s0:c512,c768 tclass=file permissive=0
11-01 00:45:59.580   721   721 W CrUtilityMain: type=1400 audit(0.0:16596): avc: denied { setattr } for name="verified_contents.json" dev="dm-2" ino=28098 scontext=u:r:isolated_app:s0:c512,c768 tcontext=u:object_r:app_data_file:s0:c512,c768 tclass=file permissive=0
11-01 00:45:59.591   687   721 I chromium: [INFO:child_process_service.cc(69)] ChildProcessService: Exiting child process.
11-01 00:45:59.683   600 22670 I ActivityManager: Process com.android.chrome:sandboxed_process23 (pid 687) has died
11-01 00:45:59.683   600 22670 D ActivityManager: cleanUpApplicationRecord -- 687
11-01 00:45:59.719 32402 32402 W chromium: [WARNING:compositor_view.cc(315)] Child process died (type=6) pid=687)
11-01 00:46:00.085   787 28592 W Icing   : isOptedInForAppHistory: empty Account Name encountered
11-01 00:46:00.116   787 28592 W Icing   : isOptedInForAppHistory: empty Account Name encountered
11-01 00:46:00.144   787 30001 W Icing   : isOptedInForAppHistory: empty Account Name encountered
11-01 00:46:00.206 32402 32402 I cr_tabmodel: Appending tabs being restored to metadata lists, 0, startingNormalCount: 2, startingIncognitoCount: 0
11-01 00:46:00.206 32402 32402 I cr_tabmodel: Serializing tab lists; counts: 2, 0
11-01 00:46:01.211   600  1079 I ActivityManager: Start proc 727:com.android.chrome:sandboxed_process24/u0i616 for service com.android.chrome/org.chromium.content.app.SandboxedProcessService24
11-01 00:46:01.257   727   727 W boxed_process24: type=1400 audit(0.0:16597): avc: denied { getattr } for path="/data/data/com.android.chrome" dev="dm-2" ino=12190 scontext=u:r:isolated_app:s0:c512,c768 tcontext=u:object_r:app_data_file:s0:c512,c768 tclass=dir permissive=0
11-01 00:46:01.290   727   727 I cr_ChildProcessService: Creating new ChildProcessService pid=727
11-01 00:46:01.328   727   740 I cr_LibraryLoader: Loaded native library version number "85.0.4183.127"
11-01 00:46:01.328   727   740 I cr_CachingUmaRecorder: Flushed 1 samples from 1 histograms.
11-01 00:46:01.344   740   740 W CrUtilityMain: type=1400 audit(0.0:16598): avc: denied { setattr } for name="crl-set" dev="dm-2" ino=22426 scontext=u:r:isolated_app:s0:c512,c768 tcontext=u:object_r:app_data_file:s0:c512,c768 tclass=file permissive=0
11-01 00:46:01.344   740   740 W CrUtilityMain: type=1400 audit(0.0:16599): avc: denied { setattr } for name="manifest.json" dev="dm-2" ino=22631 scontext=u:r:isolated_app:s0:c512,c768 tcontext=u:object_r:app_data_file:s0:c512,c768 tclass=file permissive=0
11-01 00:46:01.347   740   740 W CrUtilityMain: type=1400 audit(0.0:16600): avc: denied { setattr } for name="LICENSE" dev="dm-2" ino=22711 scontext=u:r:isolated_app:s0:c512,c768 tcontext=u:object_r:app_data_file:s0:c512,c768 tclass=file permissive=0
11-01 00:46:01.350   740   740 W CrUtilityMain: type=1400 audit(0.0:16601): avc: denied { setattr } for name="verified_contents.json" dev="dm-2" ino=22560 scontext=u:r:isolated_app:s0:c512,c768 tcontext=u:object_r:app_data_file:s0:c512,c768 tclass=file permissive=0
11-01 00:46:01.360   727   740 I chromium: [INFO:child_process_service.cc(69)] ChildProcessService: Exiting child process.
11-01 00:46:01.361   197   197 E lowmemorykiller: Error writing /proc/727/oom_score_adj; errno=22
11-01 00:46:01.381 32402 32402 W chromium: [WARNING:compositor_view.cc(315)] Child process died (type=6) pid=727)
11-01 00:46:01.381   600  3509 I ActivityManager: Process com.android.chrome:sandboxed_process24 (pid 727) has died
11-01 00:46:01.381   600  3509 D ActivityManager: cleanUpApplicationRecord -- 727
11-01 00:46:03.235   600 24611 I ActivityManager: Start proc 747:com.android.chrome:sandboxed_process25/u0i617 for service com.android.chrome/org.chromium.content.app.SandboxedProcessService25
11-01 00:46:03.294   747   747 W boxed_process25: type=1400 audit(0.0:16602): avc: denied { getattr } for path="/data/data/com.android.chrome" dev="dm-2" ino=12190 scontext=u:r:isolated_app:s0:c512,c768 tcontext=u:object_r:app_data_file:s0:c512,c768 tclass=dir permissive=0
11-01 00:46:03.329   747   747 I cr_ChildProcessService: Creating new ChildProcessService pid=747
11-01 00:46:03.394   747   770 I cr_LibraryLoader: Loaded native library version number "85.0.4183.127"
11-01 00:46:03.395   747   770 I cr_CachingUmaRecorder: Flushed 1 samples from 1 histograms.
