11-01 16:14:53.815   600  8039 I ActivityManager: Killing 23793:com.android.chrome:sandboxed_process13/u0a35i259 (adj 0): isolated not needed
11-01 16:14:53.816 23440 23440 W chromium: [WARNING:compositor_view.cc(315)] Child process died (type=6) pid=23778)
11-01 16:14:53.827 23440 23496 I FeedModelProvider: Moving _session:0c7bddb1-c522-4af8-82d7-c8c50ee8b674 to READY
11-01 16:14:53.828 23440 23496 I MainThreadRunner: Running task [FeedModelProvider onSessionStart] on the Main Thread
11-01 16:14:53.828 23440 23496 I FeedModelProvider: ModelProvider Mutation committed - structure changes 31, childrenToBind 31, removedChildren false, Token false
11-01 16:14:53.829 23440 23440 I FeedModelProvider: No children found for Cursor
11-01 16:14:53.833 23440 23496 I FeedSessionManagerImpl: Populate new session: _session:0c7bddb1-c522-4af8-82d7-c8c50ee8b674, creation time 11-01 16:14:53.789
11-01 16:14:53.833 23440 23496 I TimingUtils: Task Timing  85ms, thread background-2 | task : Create/Populate New Session
11-01 16:14:53.833 23440 23496 I TaskQueue:  - Finished 24, time 86 ms
11-01 16:14:53.833 23440 23496 I TaskQueue: Execute task [BACKGROUND - d: false, b: 1]: 11
11-01 16:14:53.833 23440 23496 I ContentGc: Re-enqueuing triggerContentGc; attempts(0)
11-01 16:14:53.833 23440 23496 I TaskQueue:  - task [BACKGROUND - d: false, b: 1]: 11
11-01 16:14:53.833 23440 23496 I TaskQueue:  - Finished 11, time 0 ms
11-01 16:14:53.834 23440 23496 I TaskQueue: Execute task [BACKGROUND - d: false, b: 1]: 23
11-01 16:14:53.842 23898 23947 I cr_LibraryLoader: Loaded native library version number "85.0.4183.127"
11-01 16:14:53.842 23898 23947 I cr_CachingUmaRecorder: Flushed 1 samples from 1 histograms.
11-01 16:14:53.862 23871 23948 I cr_LibraryLoader: Loaded native library version number "85.0.4183.127"
11-01 16:14:53.863 23871 23948 I cr_CachingUmaRecorder: Flushed 1 samples from 1 histograms.
11-01 16:14:53.964 21655 22080 W Icing   : No valid account for uploading user actions
11-01 16:14:53.973 23440 23496 I TimingUtils: Task Timing 138ms, thread background-3 | task : commitContentMutation | mutations : 32
11-01 16:14:53.973 23440 23496 I TimingUtils: Task Timing   0ms, thread background-4 | task : commitSemanticPropertiesMutation | mutations : 0
11-01 16:14:53.973 23440 23496 I TaskQueue:  - Finished 23, time 140 ms
11-01 16:14:53.973 23440 23496 I TaskQueue: Execute task [BACKGROUND - d: false, b: 0]: 11
11-01 16:14:53.975 23440 23496 I SessionCache: Determining accessible content
11-01 16:14:53.977 23440 23496 I TimingUtils: Task Timing   3ms, thread background-5 | task : ContentGc | contentItemsRemoved : 0
11-01 16:14:53.977 23440 23496 I TaskQueue:  - Finished 11, time 3 ms
11-01 16:14:54.351 23836 23945 I chromium: [INFO:child_process_service.cc(69)] ChildProcessService: Exiting child process.
11-01 16:14:54.352 23898 23947 I chromium: [INFO:child_process_service.cc(69)] ChildProcessService: Exiting child process.
11-01 16:14:54.353 23853 23946 I chromium: [INFO:child_process_service.cc(69)] ChildProcessService: Exiting child process.
11-01 16:14:54.354 23871 23948 I chromium: [INFO:child_process_service.cc(69)] ChildProcessService: Exiting child process.
11-01 16:14:54.358   197   197 E lowmemorykiller: Error writing /proc/23836/oom_score_adj; errno=22
11-01 16:14:54.361   197   197 E lowmemorykiller: Error writing /proc/23853/oom_score_adj; errno=22
11-01 16:14:54.366   197   197 E lowmemorykiller: Error writing /proc/23898/oom_score_adj; errno=22
11-01 16:14:54.367   197   197 E lowmemorykiller: Error writing /proc/23871/oom_score_adj; errno=22
11-01 16:14:54.386   600   610 I ActivityManager: Process com.android.chrome:sandboxed_process16 (pid 23853) has died
11-01 16:14:54.386   600   610 D ActivityManager: cleanUpApplicationRecord -- 23853
11-01 16:14:54.391   600   610 I ActivityManager: Killing 23871:com.android.chrome:sandboxed_process17/u0a35i263 (adj 0): isolated not needed
11-01 16:14:54.391   600   610 I ActivityManager: Killing 23898:com.android.chrome:sandboxed_process18/u0a35i264 (adj 0): isolated not needed
11-01 16:14:54.391   600   610 I ActivityManager: Killing 23836:com.android.chrome:sandboxed_process15/u0a35i261 (adj 0): isolated not needed
11-01 16:14:54.396   600  1068 D ActivityManager: cleanUpApplicationRecord -- 23871
11-01 16:14:54.401   600  1483 D ActivityManager: cleanUpApplicationRecord -- 23836
11-01 16:14:54.402   600  1665 D ActivityManager: cleanUpApplicationRecord -- 23898
11-01 16:14:54.414   600  1066 D ActivityManager: cleanUpApplicationRecord -- 23811
11-01 16:14:54.422   600  1484 D ActivityManager: cleanUpApplicationRecord -- 23793
11-01 16:14:54.422   600  8039 D ActivityManager: cleanUpApplicationRecord -- 23616
11-01 16:14:54.423   600 30165 D ActivityManager: cleanUpApplicationRecord -- 23575
11-01 16:14:54.446 23440 23501 W chromium: [WARNING:spdy_session.cc(3090)] Received RST for invalid stream1
11-01 16:14:54.455 23440 23440 W chromium: [WARNING:compositor_view.cc(315)] Child process died (type=6) pid=23575)
11-01 16:14:54.462 23440 23440 W chromium: [WARNING:compositor_view.cc(315)] Child process died (type=6) pid=23793)
11-01 16:14:54.462 23440 23440 W chromium: [WARNING:compositor_view.cc(315)] Child process died (type=6) pid=23811)
11-01 16:14:54.463 23440 23440 W chromium: [WARNING:compositor_view.cc(315)] Child process died (type=6) pid=23616)
11-01 16:14:54.476 23440 23440 W chromium: [WARNING:compositor_view.cc(315)] Child process died (type=6) pid=23853)
11-01 16:14:54.477 23440 23440 W chromium: [WARNING:compositor_view.cc(315)] Child process died (type=6) pid=23898)
11-01 16:14:54.477 23440 23440 W chromium: [WARNING:compositor_view.cc(315)] Child process died (type=6) pid=23836)
11-01 16:14:54.477 23440 23440 W chromium: [WARNING:compositor_view.cc(315)] Child process died (type=6) pid=23871)
11-01 16:14:54.492   600  6822 D ActivityManager: cleanUpApplicationRecord -- 23787
11-01 16:14:54.548 23440 23440 W chromium: [WARNING:compositor_view.cc(315)] Child process died (type=6) pid=23787)
11-01 16:14:54.559 21655 22245 I Icing   : IndexChimeraService.getServiceInterface callingPackage=com.google.android.gms componentName=null serviceId=30
11-01 16:14:55.491   785  1576 W Icing   : isOptedInForAppHistory: empty Account Name encountered
11-01 16:14:55.530   785  1576 W Icing   : isOptedInForAppHistory: empty Account Name encountered
11-01 16:14:55.731   785 21449 W Icing   : isOptedInForAppHistory: empty Account Name encountered
11-01 16:14:55.822 23440 23496 I cr_omaha: Request to Server Successful. Timestamp for next request:1667319295822
11-01 16:14:55.860 23440 23496 I cr_omaha: Request to Server Successful. Timestamp for next request:1667319295860
11-01 16:14:55.861 23440 23496 I cr_omaha: Attempting to schedule next job for: Tue Nov 01 21:14:55 GMT+01:00 2022
11-01 16:14:55.864 23440 23440 I cr_omaha: Scheduled using JobService
11-01 16:14:55.865 23440 23440 E cr_BkgrdTaskJS: Tried finishing non-current BackgroundTask.
11-01 16:14:55.874 21655 22080 I Icing   : Usage reports ok 2, Failed Usage reports 0, indexed 1, rejected 0
11-01 16:14:55.875 21655 22080 I Icing   : Removing corpus key com.android.chrome-omnibox for package com.android.chrome
11-01 16:14:55.909 21655 22080 I native  : flash-index.cc:1519 Flash index sort hb 8 prefix-hits 13 -> 12 at 7.042ms
11-01 16:14:55.996 21655 22080 I native  : document-store.cc:1654 Scored 2869 usage reports, missing_corpora 0 update_failed 1551
11-01 16:14:56.077 21655 22080 W Icing   : No valid account for uploading user actions
11-01 16:14:56.145 21655 22080 I Icing   : Usage reports ok 1, Failed Usage reports 0, indexed 1, rejected 0
11-01 16:14:56.147 21655 22080 W Icing   : No valid account for uploading user actions
11-01 16:14:56.163 21655 22080 I Icing   : Usage reports ok 0, Failed Usage reports 0, indexed 0, rejected 0
11-01 16:14:56.164 21655 22080 I Icing   : Indexing com.android.chrome-omnibox from com.android.chrome
11-01 16:14:56.253 21655 22080 I Icing   : Indexing done com.android.chrome-omnibox
11-01 16:14:56.401 23440 23440 I cr_tabmodel: Appending tabs being restored to metadata lists, 0, startingNormalCount: 2, startingIncognitoCount: 0
11-01 16:14:56.402 23440 23440 I cr_tabmodel: Serializing tab lists; counts: 2, 0
11-01 16:14:56.430 23440 23440 I cr_tabmodel: Appending tabs being restored to metadata lists, 0, startingNormalCount: 2, startingIncognitoCount: 0
11-01 16:14:56.430 23440 23440 I cr_tabmodel: Serializing tab lists; counts: 2, 0
11-01 16:14:56.743 23440 23440 E cr_BTSPrefs: No data found for task id: 53
11-01 16:14:56.743 23440 23440 E cr_BkgrdTaskScheduler: Task cannot be canceled because no data was found instorage or data was invalid
11-01 16:14:56.956 23440 23440 I cr_tabmodel: Appending tabs being restored to metadata lists, 0, startingNormalCount: 2, startingIncognitoCount: 0
11-01 16:14:56.956 23440 23440 I cr_tabmodel: Serializing tab lists; counts: 2, 0
11-01 16:14:57.389 23440 23440 V MediaRouter: Adding route: RouteInfo{ name=Tablet, description=null, status=null, category=RouteCategory{ name=null types=ROUTE_TYPE_LIVE_AUDIO ROUTE_TYPE_LIVE_VIDEO  groupable=false }, supportedTypes=ROUTE_TYPE_LIVE_AUDIO ROUTE_TYPE_LIVE_VIDEO , presentationDisplay=null }
11-01 16:14:57.395 23440 23440 V MediaRouter: Updating audio routes: AudioRoutesInfo{ type=SPEAKER }
11-01 16:14:57.398 23440 23440 V MediaRouter: Selecting route: RouteInfo{ name=Tablet, description=null, status=null, category=RouteCategory{ name=null types=ROUTE_TYPE_LIVE_AUDIO ROUTE_TYPE_LIVE_VIDEO  groupable=false }, supportedTypes=ROUTE_TYPE_LIVE_AUDIO ROUTE_TYPE_LIVE_VIDEO , presentationDisplay=null }
11-01 16:14:57.402 23440 23440 I MediaRouter: Found default route: MediaRouter.RouteInfo{ uniqueId=android/Qf:DEFAULT_ROUTE, name=Tablet, description=null, iconUri=null, enabled=true, connecting=false, connectionState=0, canDisconnect=false, playbackType=0, playbackStream=3, deviceType=0, volumeHandling=1, volume=0, volumeMax=15, presentationDisplayId=-1, extras=null, settingsIntent=null, providerPackageName=android }
11-01 16:14:57.402 23440 23440 I MediaRouter: Unselecting the current route because it is no longer selectable: null
11-01 16:14:57.409 23440 23440 V MediaRouter: Selecting route: RouteInfo{ name=Tablet, description=null, status=null, category=RouteCategory{ name=null types=ROUTE_TYPE_LIVE_AUDIO ROUTE_TYPE_LIVE_VIDEO  groupable=false }, supportedTypes=ROUTE_TYPE_LIVE_AUDIO ROUTE_TYPE_LIVE_VIDEO , presentationDisplay=null }
11-01 16:14:57.897 23503 23526 W VideoCapabilities: Unrecognized level 0 for video/x-vnd.on2.vp8
11-01 16:14:57.909 23503 23526 I VideoCapabilities: Unsupported profile 4 for video/mp4v-es
11-01 16:14:57.912 23503 23526 W cr_MediaCodecUtil: HW encoder for video/avc is not available on this device.
11-01 16:14:57.923 23503 23994 W VideoCapabilities: Unrecognized level 0 for video/x-vnd.on2.vp8
11-01 16:14:57.934 23503 23994 I VideoCapabilities: Unsupported profile 4 for video/mp4v-es
11-01 16:14:57.970 21655 22249 I CastDatabase: Opening the database
11-01 16:14:57.972 21655 21655 I DiscoveryManager: WifiGuestModeDeviceScanner enabled.
11-01 16:14:57.975   600   647 I WifiHAL : Got channel list with 13 channels
11-01 16:14:57.975   600   647 I WifiHAL : Got channel list with 4 channels
11-01 16:14:57.976   600   647 I WifiHAL : Got channel list with 15 channels
11-01 16:14:58.018 21655 22249 I SQLiteCastStore: 2 CastNetworkInfo instances loaded, 1 CastDeviceInfo instances loaded, 0 paired guest mode devices loaded.
11-01 16:14:58.019 21655 22249 I DiscoveryManager: Filter criteria(37F83649) scannerFlags(0)
11-01 16:14:58.020 21655 22249 I CastDatabase: CastDeviceInfo created: V_c8038e5c-f09c-46f0-b167-3855d8549bd7
11-01 16:14:58.020 21655 22249 W GuestModeDeviceProber: setFilterCriteria
11-01 16:14:58.038 21655 22249 E DeviceScanner: [BLE] Failed to start scan because the Bluetooth is disabled.
11-01 16:14:58.042 21655 22249 W DatabaseProcessor: processLocalDevices: failed to get the network info with non-null bssid.
11-01 16:14:58.043   245   709 D MediaBufferGroup: creating MemoryDealer
11-01 16:14:58.044   246 23995 D NuPlayerDriver: notifyListener_l(0xf2520b40), (1, 0, 0), loop setting(0, 0)
11-01 16:14:58.045 23440 23440 D MediaPlayer: setSubtitleAnchor in MediaPlayer
11-01 16:14:58.051 21655 22249 W DatabaseProcessor: processLocalDevices: failed to get the network info with non-null bssid.
11-01 16:14:58.052 23440 23440 W MediaPlayer: Couldn't open https://vod.video-cdn.net/F-TUvd9pk8UYjAqC7mYdAm/4312z8mUGRLb5UPsLza27-.aaa,828,596,1656,2356,.mp4.csmil/master.m3u8?set-cc-attribute=cc&hdnea=exp=1667316295~acl=/F-TUvd9pk8UYjAqC7mYdAm/4312z8mUGRLb5UPsLza27-.aaa,828,596,1656,2356,.mp4.csmil/*~hmac=9af2a735ba14cc55600ba4f80178abdb19522fd94aa64026669104f1d7a847a8: java.io.FileNotFoundException: No content provider: https://vod.video-cdn.net/F-TUvd9pk8UYjAqC7mYdAm/4312z8mUGRLb5UPsLza27-.aaa,828,596,1656,2356,.mp4.csmil/master.m3u8?set-cc-attribute=cc&hdnea=exp=1667316295~acl=/F-TUvd9pk8UYjAqC7mYdAm/4312z8mUGRLb5UPsLza27-.aaa,828,596,1656,2356,.mp4.csmil/*~hmac=9af2a735ba14cc55600ba4f80178abdb19522fd94aa64026669104f1d7a847a8
11-01 16:14:58.063   246 23998 D NuPlayer: onSetVideoSurface(0xf2569800, no video decoder)
11-01 16:14:58.063   246 23999 I LiveSession: onConnect https://<suppressed>
11-01 16:14:58.078 23503 23519 E chromium: [ERROR:gles2_cmd_decoder.cc(7062)] [.RendererMainThread-0xd7552000]GL ERROR :GL_INVALID_OPERATION : glGetIntegerv: incomplete framebuffer
11-01 16:14:58.078 23503 23519 E chromium: [ERROR:gles2_cmd_decoder.cc(7062)] [.RendererMainThread-0xd7552000]GL ERROR :GL_INVALID_OPERATION : glGetIntegerv: incomplete framebuffer
11-01 16:14:58.079 23503 23519 E chromium: [ERROR:gles2_cmd_decoder.cc(7062)] [.RendererMainThread-0xd7552000]GL ERROR :GL_INVALID_OPERATION : glGetIntegerv: incomplete framebuffer
11-01 16:14:58.079 23503 23519 E chromium: [ERROR:gles2_cmd_decoder.cc(7062)] [.RendererMainThread-0xd7552000]GL ERROR :GL_INVALID_OPERATION : glGetIntegerv: incomplete framebuffer
11-01 16:14:58.089 21655 22249 E DeviceScanner: [BLE] Failed to start scan because the Bluetooth is disabled.
11-01 16:14:58.089 21655 22249 W DatabaseProcessor: processLocalDevices: failed to get the network info with non-null bssid.
11-01 16:14:58.090 21655 22249 W DatabaseProcessor: processLocalDevices: failed to get the network info with non-null bssid.
11-01 16:14:58.107 23503 23519 E chromium: [ERROR:gles2_cmd_decoder.cc(4968)] [.RendererMainThread-0xd7552000]GL ERROR :GL_INVALID_FRAMEBUFFER_OPERATION : glClear: framebuffer incomplete
11-01 16:14:58.464   246 23999 I LiveSession: #### Starting Bandwidth Switch: -1 => 0
11-01 16:14:58.731   246 24001 I ESQueue : found something resembling an H.264/MPEG syncword at offset 1
11-01 16:14:58.735   246 24001 I avc_utils: found AVC codec config (512 x 288, Baseline-profile level 2.1)
11-01 16:14:58.736   246 24001 I ESQueue : found AAC codec config (44100 Hz, 1 channels)
11-01 16:14:59.105   246 24001 I ATSParser: discontinuity on stream pid 0x0100
11-01 16:14:59.106   246 24001 I ATSParser: discontinuity on stream pid 0x0101
11-01 16:14:59.468   246 23998 D NuPlayerDriver: notifyListener_l(0xf2520c60), (3, 5, 0), loop setting(0, 0)
11-01 16:14:59.468   246 23998 D NuPlayerDriver: notifyListener_l(0xf2520c60), (5, 512, 288), loop setting(0, 0)
11-01 16:14:59.469   246 23998 D NuPlayerDriver: notifyListener_l(0xf2520c60), (1, 0, 0), loop setting(0, 0)
11-01 16:14:59.470 23440 23440 D MediaPlayer: setSubtitleAnchor in MediaPlayer
11-01 16:14:59.483 23440 23440 D MediaPlayer: getMetadata
11-01 16:14:59.491   246   757 D NuPlayerDriver: seekTo(0xf2520c60) 0 ms at state 4
11-01 16:14:59.491   246   757 D NuPlayerDriver: notifyListener_l(0xf2520c60), (7, 0, 0), loop setting(0, 0)
11-01 16:14:59.495   246 23998 W NuPlayer: source has video meta but not file meta
11-01 16:14:59.495   246 23998 D NuPlayerDriver: notifyListener_l(0xf2520c60), (4, 0, 0), loop setting(0, 0)
11-01 16:14:59.496   246 23998 W NuPlayer: source has video meta but not file meta
11-01 16:14:59.496   246 23998 W NuPlayer: source has video meta but not file meta
11-01 16:14:59.516   246 24016 I MediaPlayerService: MediaPlayerService::getOMX
11-01 16:14:59.518   246 24015 I MediaPlayerService: MediaPlayerService::getOMX
11-01 16:14:59.519   246 24016 I OMXClient: MuxOMX ctor
11-01 16:14:59.519   246 24015 I OMXClient: MuxOMX ctor
11-01 16:14:59.520   243 10285 I OMXMaster: makeComponentInstance(OMX.google.aac.decoder) in mediacodec process
11-01 16:14:59.571   243 31018 I OMXMaster: makeComponentInstance(OMX.Nvidia.h264.decode) in mediacodec process
11-01 16:14:59.578   246 24013 I MediaCodec: [OMX.Nvidia.h264.decode] setting surface generation to 251920
11-01 16:14:59.586   243   261 E OMXNodeInstance: getConfig(f30054:Nvidia.h264.decode, ConfigCommonOutputCrop(0x700000f)) ERROR: BadParameter(0x80001005)
11-01 16:14:59.588   246 24013 I MediaCodec: MediaCodec will operate in async mode
11-01 16:14:59.588   243   261 E OMXNodeInstance: setConfig(f30053:google.aac.decoder, ConfigPriority(0x6f800002)) ERROR: Undefined(0x80001001)
11-01 16:14:59.588   246 24015 I ACodec  : codec does not support config priority (err -2147483648)
11-01 16:14:59.589   246 24015 I MediaCodec: MediaCodec will operate in async mode
11-01 16:14:59.595   246 24016 D SurfaceUtils: set up nativeWindow 0xf2569808 for 512x288, color 0x106, rotation 0, usage 0x2b00
11-01 16:14:59.600   243 24017 I SoftAAC2: Reconfiguring decoder: 0->44100 Hz, 0->1 channels
11-01 16:14:59.605   243 24019 D NvOsDebugPrintf: NvMMLiteOpen : Block : BlockType = 261 
11-01 16:14:59.605   243 24019 D NvOsDebugPrintf: TVMR: NvMMLiteTVMRDecBlockOpen: 5008: NvMMLiteBlockOpen 
11-01 16:14:59.616   246 24011 D AudioTrack: Client defaulted notificationFrames to 7407 for frameCount 22221
11-01 16:14:59.632   243 24019 D NvOsDebugPrintf: NvMMLiteBlockCreate : Block : BlockType = 261 
11-01 16:14:59.647   243 24022 D NvOsDebugPrintf: TVMR: cbBeginSequence: 655: BeginSequence  512x288, bVPR = 0
11-01 16:14:59.647   243 24022 D NvOsDebugPrintf: TVMR: cbBeginSequence: 918: DecodeBuffers = 3 
11-01 16:14:59.648   243 24022 D NvOsDebugPrintf: TVMR: cbBeginSequence: 938: Display Resolution : (512x288) 
11-01 16:14:59.648   243 24022 D NvOsDebugPrintf: TVMR: cbBeginSequence: 939: Display Aspect Ratio : (512x288) 
11-01 16:14:59.648   243 24022 D NvOsDebugPrintf: TVMR: cbBeginSequence: 1041: SurfaceLayout = 3
11-01 16:14:59.648   243 24022 D NvOsDebugPrintf: TVMR: cbBeginSequence: 1071: NumOfSurfaces = 7, InteraceStream = 0, InterlaceEnabled = 0, bSecure = 0, MVC = 0 Semiplanar = 1, bReinit = 1 
11-01 16:14:59.648   243 24022 D NvOsDebugPrintf: Allocating new output: 512x288 (x 9), ThumbnailMode = 0
11-01 16:14:59.653   246 24016 D SurfaceUtils: set up nativeWindow 0xf2569808 for 512x288, color 0x106, rotation 0, usage 0x2b00
11-01 16:14:59.653   243  3183 E OMXNodeInstance: setParameter(f30054:Nvidia.h264.decode, ParamPortDefinition(0x2000001)) ERROR: UnsupportedSetting(0x80001019)
11-01 16:14:59.653   246 24016 W ACodec  : [OMX.Nvidia.h264.decode] setting nBufferCountActual to 14 failed: -1010
11-01 16:14:59.653   243   261 E OMXNodeInstance: setParameter(f30054:Nvidia.h264.decode, ParamPortDefinition(0x2000001)) ERROR: UnsupportedSetting(0x80001019)
11-01 16:14:59.653   246 24016 W ACodec  : [OMX.Nvidia.h264.decode] setting nBufferCountActual to 13 failed: -1010
11-01 16:14:59.653   243   243 E OMXNodeInstance: setParameter(f30054:Nvidia.h264.decode, ParamPortDefinition(0x2000001)) ERROR: UnsupportedSetting(0x80001019)
11-01 16:14:59.653   246 24016 W ACodec  : [OMX.Nvidia.h264.decode] setting nBufferCountActual to 12 failed: -1010
11-01 16:14:59.679   246 23998 D NuPlayerDriver: notifyListener_l(0xf2520c60), (5, 512, 288), loop setting(0, 0)
11-01 16:15:00.470   246 23998 D NuPlayerDriver: notifyListener_l(0xf2520c60), (3, 6, 0), loop setting(0, 0)
11-01 16:15:01.045 21655 22249 W AdaptiveDiscoveryWorker: Exiting Adaptive Discovery. Current NetworkInfo is NULL.
11-01 16:15:01.105 23440 23440 E cr_BTSPrefs: No data found for task id: 57
11-01 16:15:01.105 23440 23440 E cr_BkgrdTaskScheduler: Task cannot be canceled because no data was found instorage or data was invalid
11-01 16:15:01.106 23440 23440 E cr_BTSPrefs: No data found for task id: 56
11-01 16:15:01.106 23440 23440 E cr_BkgrdTaskScheduler: Task cannot be canceled because no data was found instorage or data was invalid
11-01 16:15:01.337 21655 22249 W DatabaseProcessor: processLocalDevices: failed to get the network info with non-null bssid.
11-01 16:15:01.382   246 24001 I ATSParser: discontinuity on stream pid 0x0100
11-01 16:15:01.383   246 24001 I ATSParser: discontinuity on stream pid 0x0101
11-01 16:15:01.470   246 23998 D NuPlayerDriver: notifyListener_l(0xf2520c60), (3, 13, 0), loop setting(0, 0)
11-01 16:15:01.561   246 24001 I ATSParser: discontinuity on stream pid 0x0100
11-01 16:15:01.562   246 24001 I ATSParser: discontinuity on stream pid 0x0101
11-01 16:15:01.755   246 24001 I ATSParser: discontinuity on stream pid 0x0100
11-01 16:15:01.755   246 24001 I ATSParser: discontinuity on stream pid 0x0101
11-01 16:15:01.970   246 24001 I ATSParser: discontinuity on stream pid 0x0100
11-01 16:15:01.972   246 24001 I ATSParser: discontinuity on stream pid 0x0101
11-01 16:15:02.082   246 24001 I ATSParser: discontinuity on stream pid 0x0100
11-01 16:15:02.085   246 24001 I ATSParser: discontinuity on stream pid 0x0101
11-01 16:15:02.470   246 23999 I LiveSession: #### Starting Bandwidth Switch: 0 => 3
11-01 16:15:02.471   246 23998 D NuPlayerDriver: notifyListener_l(0xf2520c60), (3, 38, 0), loop setting(0, 0)
11-01 16:15:02.665   246 24001 I ESQueue : found something resembling an H.264/MPEG syncword at offset 1
11-01 16:15:02.671   246 24001 I avc_utils: found AVC codec config (1280 x 720, Baseline-profile level 3.1)
11-01 16:15:02.685   246 24001 I ESQueue : found AAC codec config (44100 Hz, 2 channels)
11-01 16:15:02.712   246 23999 I LiveSession: [timed_id3] i 0 UriIsSameAsIndex newUri false, https://vod.video-cdn.net/F-TUvd9pk8UYjAqC7mYdAm/4312z8mUGRLb5UPsLza27-.aaa,828,596,1656,2356,.mp4.csmil/chunklist_b2356000.m3u8?hdntl=exp=1667402098~acl=/*~data=hdntl~hmac=772dd81dfd1e26a8c89712f16a62b6945e5fc75eade6ab25e94ad79f58dec568&set-cc-attribute=cc
11-01 16:15:02.712   246 23999 I LiveSession: [timed_id3] i 1 UriIsSameAsIndex newUri false, https://vod.video-cdn.net/F-TUvd9pk8UYjAqC7mYdAm/4312z8mUGRLb5UPsLza27-.aaa,828,596,1656,2356,.mp4.csmil/chunklist_b2356000.m3u8?hdntl=exp=1667402098~acl=/*~data=hdntl~hmac=772dd81dfd1e26a8c89712f16a62b6945e5fc75eade6ab25e94ad79f58dec568&set-cc-attribute=cc
11-01 16:15:02.712   246 23999 I LiveSession: #### Finished Bandwidth Switch: 0 => 3
11-01 16:15:02.714   246 23998 D NuPlayerDriver: notifyListener_l(0xf2520c60), (3, 10, 0), loop setting(0, 0)
11-01 16:15:03.296   600   647 I WifiHAL : Got channel list with 13 channels
11-01 16:15:03.297   600   647 I WifiHAL : Got channel list with 4 channels
11-01 16:15:03.299   600   647 I WifiHAL : Got channel list with 15 channels
11-01 16:15:03.444   246 24001 I ATSParser: discontinuity on stream pid 0x0100
11-01 16:15:03.714   246 23998 D NuPlayerDriver: notifyListener_l(0xf2520c60), (3, 16, 0), loop setting(0, 0)
11-01 16:15:03.863   246 24001 I ATSParser: discontinuity on stream pid 0x0101
11-01 16:15:04.715   246 23998 D NuPlayerDriver: notifyListener_l(0xf2520c60), (3, 19, 0), loop setting(0, 0)
11-01 16:15:05.715   246 23998 D NuPlayerDriver: notifyListener_l(0xf2520c60), (3, 21, 0), loop setting(0, 0)
11-01 16:15:06.422   246 24001 W AMessage: failed to deliver message as target handler 230 is gone.
11-01 16:15:06.690   246 24001 I ATSParser: discontinuity on stream pid 0x0100
11-01 16:15:06.690   246 24001 I ATSParser: discontinuity on stream pid 0x0101
11-01 16:15:06.715   246 23998 D NuPlayerDriver: notifyListener_l(0xf2520c60), (3, 22, 0), loop setting(0, 0)
11-01 16:15:06.810 24032 24032 D AndroidRuntime: >>>>>> START com.android.internal.os.RuntimeInit uid 2000 <<<<<<
11-01 16:15:06.815 24032 24032 D AndroidRuntime: CheckJNI is OFF
11-01 16:15:06.904 24032 24032 D ICU     : No timezone override file found: /data/misc/zoneinfo/current/icu/icu_tzdata.dat
11-01 16:15:06.942 24032 24032 I Radio-JNI: register_android_hardware_Radio DONE
11-01 16:15:06.961 24032 24032 D AndroidRuntime: Calling main entry com.android.commands.monkey.Monkey
11-01 16:15:07.042   600   613 W BroadcastQueue: Skipping deliver [background] BroadcastRecord{831c78 u-1 android.net.conn.CONNECTIVITY_CHANGE} to ReceiverList{74fdf51 24032 (unknown name)/2000/u-1 remote:d8692ea}: process crashing
11-01 16:15:07.716   246 23998 D NuPlayerDriver: notifyListener_l(0xf2520c60), (3, 25, 0), loop setting(0, 0)
11-01 16:15:08.172   246 24001 I ATSParser: discontinuity on stream pid 0x0100
11-01 16:15:08.173   246 24001 I ATSParser: discontinuity on stream pid 0x0101
11-01 16:15:08.382 24032 24032 D MonkeyStub: translateCommand: wake
11-01 16:15:08.444   246 24001 I ATSParser: discontinuity on stream pid 0x0100
11-01 16:15:08.502   246 24001 I ATSParser: discontinuity on stream pid 0x0101
11-01 16:15:08.603 24032 24032 D MonkeyStub: translateCommand: tap 240 1868
11-01 16:15:08.717   246 23998 D NuPlayerDriver: notifyListener_l(0xf2520c60), (3, 34, 0), loop setting(0, 0)
11-01 16:15:09.717   246 23998 D NuPlayerDriver: notifyListener_l(0xf2520c60), (3, 38, 0), loop setting(0, 0)
11-01 16:15:10.718   246 23998 D NuPlayerDriver: notifyListener_l(0xf2520c60), (3, 38, 0), loop setting(0, 0)
11-01 16:15:11.719   246 23998 D NuPlayerDriver: notifyListener_l(0xf2520c60), (3, 38, 0), loop setting(0, 0)
11-01 16:15:12.719   246 23998 D NuPlayerDriver: notifyListener_l(0xf2520c60), (3, 38, 0), loop setting(0, 0)
11-01 16:15:13.398   246 23998 D NuPlayer: onSetVideoSurface(0x0, have video decoder)
11-01 16:15:13.419   243 24023 D NvOsDebugPrintf: TVMR: TVMRFrameDelivery: 3741: Closing TVMR Frame Delivery Thread -------------
11-01 16:15:13.427   243 24019 D NvOsDebugPrintf: TVMR: NvMMDecTVMRDestroyParser: 4224: NvAvpClose
11-01 16:15:13.429   243 24019 D NvOsDebugPrintf: TVMR: NvMMLiteTVMRDecBlockClose: 5163: Done 
11-01 16:15:13.449   246 23998 W AMessage: failed to post message as target looper for handler 0 is gone.
11-01 16:15:13.454   246 24014 I NuPlayerDecoder: [OMX.google.aac.decoder] resubmitting CSD
11-01 16:15:13.455   243 24017 I SoftAAC2: Initially configuring decoder: 44100 Hz, 1 channels
11-01 16:15:13.457   246   278 D NuPlayerDriver: reset(0xf2520c60) at state 4
11-01 16:15:13.457   246   278 D NuPlayerDriver: notifyListener_l(0xf2520c60), (8, 0, 0), loop setting(0, 0)
11-01 16:15:13.493   246 23998 W AMessage: failed to post message as target looper for handler 0 is gone.
11-01 16:15:13.495   246 24001 W AMessage: failed to deliver message as target handler 238 is gone.
11-01 16:15:13.511   246 23998 D NuPlayerDriver: notifyResetComplete(0xf2520c60)
11-01 16:15:13.691 24032 24032 D MonkeyStub: translateCommand: tap 1195 290
11-01 16:15:13.882   785  1234 E AsyncOperation: serviceID=121, operation=GetLaunchDataOperation [CONTEXT service_id=259 ]
11-01 16:15:13.882   785  1234 E AsyncOperation: OperationException[Status{statusCode=Not an instant app, resolution=null}]
11-01 16:15:13.882   785  1234 E AsyncOperation: 	at aeay.a(:com.google.android.gms@203915020@20.39.15 (040406-335085812):20)
11-01 16:15:13.882   785  1234 E AsyncOperation: 	at aain.run(:com.google.android.gms@203915020@20.39.15 (040406-335085812):7)
11-01 16:15:13.882   785  1234 E AsyncOperation: 	at boex.run(:com.google.android.gms@203915020@20.39.15 (040406-335085812):2)
11-01 16:15:13.882   785  1234 E AsyncOperation: 	at sup.b(:com.google.android.gms@203915020@20.39.15 (040406-335085812):12)
11-01 16:15:13.882   785  1234 E AsyncOperation: 	at sup.run(:com.google.android.gms@203915020@20.39.15 (040406-335085812):7)
11-01 16:15:13.882   785  1234 E AsyncOperation: 	at java.util.concurrent.ThreadPoolExecutor.runWorker(ThreadPoolExecutor.java:1133)
11-01 16:15:13.882   785  1234 E AsyncOperation: 	at java.util.concurrent.ThreadPoolExecutor$Worker.run(ThreadPoolExecutor.java:607)
11-01 16:15:13.882   785  1234 E AsyncOperation: 	at tam.run(:com.google.android.gms@203915020@20.39.15 (040406-335085812):0)
11-01 16:15:13.882   785  1234 E AsyncOperation: 	at java.lang.Thread.run(Thread.java:761)
11-01 16:15:14.109 21655 22249 I DiscoveryManager: Filter criteria(null) scannerFlags(0)
11-01 16:15:14.110 21655 22249 W GuestModeDeviceProber: setFilterCriteria
11-01 16:15:14.404   785  1586 W Icing   : isOptedInForAppHistory: empty Account Name encountered
11-01 16:15:14.412   785  1586 W Icing   : isOptedInForAppHistory: empty Account Name encountered
11-01 16:15:14.423   785 19239 W Icing   : isOptedInForAppHistory: empty Account Name encountered
11-01 16:15:14.625 23440 23440 I cr_tabmodel: Appending tabs being restored to metadata lists, 0, startingNormalCount: 2, startingIncognitoCount: 0
11-01 16:15:14.626 23440 23440 I cr_tabmodel: Serializing tab lists; counts: 2, 0
11-01 16:15:23.931 24032 24032 D MonkeyStub: translateCommand: touch down 614 1561
11-01 16:15:23.952 24032 24032 D MonkeyStub: translateCommand: touch move 614 1561
11-01 16:15:24.064 24032 24032 D MonkeyStub: translateCommand: touch move 614 1436
11-01 16:15:24.172 24032 24032 D MonkeyStub: translateCommand: touch move 614 1311
11-01 16:15:24.281 24032 24032 D MonkeyStub: translateCommand: touch move 614 1186
11-01 16:15:24.394 24032 24032 D MonkeyStub: translateCommand: touch move 614 1061
11-01 16:15:24.504 24032 24032 D MonkeyStub: translateCommand: touch move 614 937
11-01 16:15:24.527 21655 22245 I Icing   : IndexChimeraService.getServiceInterface callingPackage=com.android.chrome componentName=null serviceId=36
11-01 16:15:24.554 21655 22249 W Icing   : No valid account for uploading user actions
11-01 16:15:24.585 21655 22175 I Icing   : IndexChimeraService.getServiceInterface callingPackage=com.google.android.gms componentName=null serviceId=30
11-01 16:15:24.616 24032 24032 D MonkeyStub: translateCommand: touch move 614 812
11-01 16:15:24.726 24032 24032 D MonkeyStub: translateCommand: touch move 614 687
11-01 16:15:24.789 21655 22249 I Icing   : Usage reports ok 1, Failed Usage reports 0, indexed 1, rejected 0
11-01 16:15:24.804 21655 22249 W Icing   : No valid account for uploading user actions
11-01 16:15:24.821 21655 22249 I Icing   : Usage reports ok 0, Failed Usage reports 0, indexed 0, rejected 0
11-01 16:15:24.822 21655 22249 I Icing   : Indexing com.android.chrome-omnibox from com.android.chrome
11-01 16:15:24.836 24032 24032 D MonkeyStub: translateCommand: touch move 614 562
11-01 16:15:24.869 21655 22249 I Icing   : Indexing done com.android.chrome-omnibox
11-01 16:15:24.948 24032 24032 D MonkeyStub: translateCommand: touch move 614 437
11-01 16:15:25.058 24032 24032 D MonkeyStub: translateCommand: touch move 614 312
11-01 16:15:25.061 24032 24032 D MonkeyStub: translateCommand: touch up 614 312
11-01 16:15:25.836   785  1191 W Icing   : isOptedInForAppHistory: empty Account Name encountered
11-01 16:15:25.847   785 16425 W Icing   : isOptedInForAppHistory: empty Account Name encountered
11-01 16:15:28.232 24032 24032 D MonkeyStub: translateCommand: touch down 614 312
11-01 16:15:28.238 24032 24032 D MonkeyStub: translateCommand: touch move 614 312
11-01 16:15:28.352 24032 24032 D MonkeyStub: translateCommand: touch move 614 437
11-01 16:15:28.461 24032 24032 D MonkeyStub: translateCommand: touch move 614 562
11-01 16:15:28.572 24032 24032 D MonkeyStub: translateCommand: touch move 614 687
11-01 16:15:28.685 24032 24032 D MonkeyStub: translateCommand: touch move 614 812
11-01 16:15:28.795 24032 24032 D MonkeyStub: translateCommand: touch move 614 937
11-01 16:15:28.906 24032 24032 D MonkeyStub: translateCommand: touch move 614 1061
11-01 16:15:29.015 24032 24032 D MonkeyStub: translateCommand: touch move 614 1186
11-01 16:15:29.125 24032 24032 D MonkeyStub: translateCommand: touch move 614 1311
11-01 16:15:29.234 24032 24032 D MonkeyStub: translateCommand: touch move 614 1436
11-01 16:15:29.338 24032 24032 D MonkeyStub: translateCommand: touch move 614 1561
11-01 16:15:29.344 24032 24032 D MonkeyStub: translateCommand: touch up 614 1561
11-01 16:15:31.403 24032 24032 D MonkeyStub: translateCommand: tap 168 477
11-01 16:15:31.591   785  1234 E AsyncOperation: serviceID=121, operation=GetLaunchDataOperation [CONTEXT service_id=259 ]
11-01 16:15:31.591   785  1234 E AsyncOperation: OperationException[Status{statusCode=Not an instant app, resolution=null}]
11-01 16:15:31.591   785  1234 E AsyncOperation: 	at aeay.a(:com.google.android.gms@203915020@20.39.15 (040406-335085812):20)
11-01 16:15:31.591   785  1234 E AsyncOperation: 	at aain.run(:com.google.android.gms@203915020@20.39.15 (040406-335085812):7)
11-01 16:15:31.591   785  1234 E AsyncOperation: 	at boex.run(:com.google.android.gms@203915020@20.39.15 (040406-335085812):2)
11-01 16:15:31.591   785  1234 E AsyncOperation: 	at sup.b(:com.google.android.gms@203915020@20.39.15 (040406-335085812):12)
11-01 16:15:31.591   785  1234 E AsyncOperation: 	at sup.run(:com.google.android.gms@203915020@20.39.15 (040406-335085812):7)
11-01 16:15:31.591   785  1234 E AsyncOperation: 	at java.util.concurrent.ThreadPoolExecutor.runWorker(ThreadPoolExecutor.java:1133)
11-01 16:15:31.591   785  1234 E AsyncOperation: 	at java.util.concurrent.ThreadPoolExecutor$Worker.run(ThreadPoolExecutor.java:607)
11-01 16:15:31.591   785  1234 E AsyncOperation: 	at tam.run(:com.google.android.gms@203915020@20.39.15 (040406-335085812):0)
11-01 16:15:31.591   785  1234 E AsyncOperation: 	at java.lang.Thread.run(Thread.java:761)
11-01 16:15:32.044   600   819 I ActivityManager: Start proc 24086:com.android.chrome:sandboxed_process20/u0i266 for service com.android.chrome/org.chromium.content.app.SandboxedProcessService20
11-01 16:15:32.096 24086 24086 W boxed_process20: type=1400 audit(0.0:2115): avc: denied { getattr } for path="/data/data/com.android.chrome" dev="dm-2" ino=12190 scontext=u:r:isolated_app:s0:c512,c768 tcontext=u:object_r:app_data_file:s0:c512,c768 tclass=dir permissive=0
11-01 16:15:32.137 24086 24086 I cr_ChildProcessService: Creating new ChildProcessService pid=24086
11-01 16:15:32.188 24086 24099 I cr_LibraryLoader: Loaded native library version number "85.0.4183.127"
11-01 16:15:32.189 24086 24099 I cr_CachingUmaRecorder: Flushed 1 samples from 1 histograms.
11-01 16:15:32.213 24099 24099 W CrUtilityMain: type=1400 audit(0.0:2116): avc: denied { setattr } for name="LICENSE.txt" dev="dm-2" ino=24272 scontext=u:r:isolated_app:s0:c512,c768 tcontext=u:object_r:app_data_file:s0:c512,c768 tclass=file permissive=0
11-01 16:15:32.216 24099 24099 W CrUtilityMain: type=1400 audit(0.0:2117): avc: denied { setattr } for name=46696C746572696E672052756C6573 dev="dm-2" ino=24470 scontext=u:r:isolated_app:s0:c512,c768 tcontext=u:object_r:app_data_file:s0:c512,c768 tclass=file permissive=0
11-01 16:15:32.216 24099 24099 W CrUtilityMain: type=1400 audit(0.0:2118): avc: denied { setattr } for name="manifest.json" dev="dm-2" ino=24350 scontext=u:r:isolated_app:s0:c512,c768 tcontext=u:object_r:app_data_file:s0:c512,c768 tclass=file permissive=0
11-01 16:15:32.219 24099 24099 W CrUtilityMain: type=1400 audit(0.0:2119): avc: denied { setattr } for name="verified_contents.json" dev="dm-2" ino=24402 scontext=u:r:isolated_app:s0:c512,c768 tcontext=u:object_r:app_data_file:s0:c512,c768 tclass=file permissive=0
11-01 16:15:32.239 24086 24086 I cr_ChildProcessService: Destroying ChildProcessService pid=24086
11-01 16:15:32.239 24086 24099 I chromium: [INFO:child_process_service.cc(69)] ChildProcessService: Exiting child process.
11-01 16:15:32.330   600   611 I ActivityManager: Process com.android.chrome:sandboxed_process20 (pid 24086) has died
11-01 16:15:32.330   600   611 D ActivityManager: cleanUpApplicationRecord -- 24086
11-01 16:15:32.356 23440 23440 W chromium: [WARNING:compositor_view.cc(315)] Child process died (type=6) pid=24086)
11-01 16:15:32.387   785  1744 W Icing   : isOptedInForAppHistory: empty Account Name encountered
11-01 16:15:32.411   600   819 I ActivityManager: Start proc 24106:com.android.chrome:sandboxed_process21/u0i267 for service com.android.chrome/org.chromium.content.app.SandboxedProcessService21
11-01 16:15:32.422   785  1744 W Icing   : isOptedInForAppHistory: empty Account Name encountered
11-01 16:15:32.449   785 19239 W Icing   : isOptedInForAppHistory: empty Account Name encountered
11-01 16:15:32.473 24106 24106 W boxed_process21: type=1400 audit(0.0:2120): avc: denied { getattr } for path="/data/data/com.android.chrome" dev="dm-2" ino=12190 scontext=u:r:isolated_app:s0:c512,c768 tcontext=u:object_r:app_data_file:s0:c512,c768 tclass=dir permissive=0
11-01 16:15:32.503 24106 24106 I cr_ChildProcessService: Creating new ChildProcessService pid=24106
11-01 16:15:32.532 23440 23440 I cr_tabmodel: Appending tabs being restored to metadata lists, 0, startingNormalCount: 2, startingIncognitoCount: 0
11-01 16:15:32.532 23440 23440 I cr_tabmodel: Serializing tab lists; counts: 2, 0
11-01 16:15:32.578 24106 24119 I cr_LibraryLoader: Loaded native library version number "85.0.4183.127"
11-01 16:15:32.578 24106 24119 I cr_CachingUmaRecorder: Flushed 1 samples from 1 histograms.
11-01 16:15:32.589 24119 24119 W CrUtilityMain: type=1400 audit(0.0:2121): avc: denied { setattr } for name="optimization-hints.pb" dev="dm-2" ino=24614 scontext=u:r:isolated_app:s0:c512,c768 tcontext=u:object_r:app_data_file:s0:c512,c768 tclass=file permissive=0
11-01 16:15:32.593 24119 24119 W CrUtilityMain: type=1400 audit(0.0:2122): avc: denied { setattr } for name="manifest.json" dev="dm-2" ino=24988 scontext=u:r:isolated_app:s0:c512,c768 tcontext=u:object_r:app_data_file:s0:c512,c768 tclass=file permissive=0
11-01 16:15:32.596 24119 24119 W CrUtilityMain: type=1400 audit(0.0:2123): avc: denied { setattr } for name="verified_contents.json" dev="dm-2" ino=25069 scontext=u:r:isolated_app:s0:c512,c768 tcontext=u:object_r:app_data_file:s0:c512,c768 tclass=file permissive=0
11-01 16:15:32.612 24106 24106 I cr_ChildProcessService: Destroying ChildProcessService pid=24106
11-01 16:15:32.612 24106 24119 I chromium: [INFO:child_process_service.cc(69)] ChildProcessService: Exiting child process.
11-01 16:15:32.638   600  1666 I ActivityManager: Process com.android.chrome:sandboxed_process21 (pid 24106) has died
11-01 16:15:32.638   600  1666 D ActivityManager: cleanUpApplicationRecord -- 24106
11-01 16:15:32.649 23440 23440 W chromium: [WARNING:compositor_view.cc(315)] Child process died (type=6) pid=24106)
11-01 16:15:33.505   600  6822 I ActivityManager: Start proc 24128:com.android.chrome:sandboxed_process22/u0i268 for service com.android.chrome/org.chromium.content.app.SandboxedProcessService22
11-01 16:15:33.576 24128 24128 W boxed_process22: type=1400 audit(0.0:2124): avc: denied { getattr } for path="/data/data/com.android.chrome" dev="dm-2" ino=12190 scontext=u:r:isolated_app:s0:c512,c768 tcontext=u:object_r:app_data_file:s0:c512,c768 tclass=dir permissive=0
11-01 16:15:33.629   198   198 E SELinux : avc:  denied  { find } for service=netd pid=24127 uid=2000 scontext=u:r:shell:s0 tcontext=u:object_r:netd_service:s0 tclass=service_manager permissive=0
11-01 16:15:33.629 24128 24128 I cr_ChildProcessService: Creating new ChildProcessService pid=24128
11-01 16:15:33.634   198   198 E SELinux : avc:  denied  { find } for service=android.service.gatekeeper.IGateKeeperService pid=24127 uid=2000 scontext=u:r:shell:s0 tcontext=u:object_r:gatekeeper_service:s0 tclass=service_manager permissive=0
11-01 16:15:33.687 24128 24141 I cr_LibraryLoader: Loaded native library version number "85.0.4183.127"
11-01 16:15:33.688 24128 24141 I cr_CachingUmaRecorder: Flushed 1 samples from 1 histograms.
11-01 16:15:33.729 24141 24141 W CrUtilityMain: type=1400 audit(0.0:2125): avc: denied { setattr } for name="tl_en-us_2022-10-26_484799359_100000_index.bin" dev="dm-2" ino=27859 scontext=u:r:isolated_app:s0:c512,c768 tcontext=u:object_r:app_data_file:s0:c512,c768 tclass=file permissive=0
11-01 16:15:33.729 24141 24141 W CrUtilityMain: type=1400 audit(0.0:2126): avc: denied { setattr } for name="manifest.json" dev="dm-2" ino=27852 scontext=u:r:isolated_app:s0:c512,c768 tcontext=u:object_r:app_data_file:s0:c512,c768 tclass=file permissive=0
11-01 16:15:33.736 24141 24141 W CrUtilityMain: type=1400 audit(0.0:2127): avc: denied { setattr } for name="verified_contents.json" dev="dm-2" ino=27992 scontext=u:r:isolated_app:s0:c512,c768 tcontext=u:object_r:app_data_file:s0:c512,c768 tclass=file permissive=0
11-01 16:15:33.745 24128 24128 I cr_ChildProcessService: Destroying ChildProcessService pid=24128
11-01 16:15:33.750 24128 24141 I chromium: [INFO:child_process_service.cc(69)] ChildProcessService: Exiting child process.
11-01 16:15:33.776   600  8040 I ActivityManager: Process com.android.chrome:sandboxed_process22 (pid 24128) has died
11-01 16:15:33.776   600  8040 D ActivityManager: cleanUpApplicationRecord -- 24128
11-01 16:15:33.789 23440 23440 W chromium: [WARNING:compositor_view.cc(315)] Child process died (type=6) pid=24128)
11-01 16:15:35.003   600   713 I ActivityManager: Start proc 24149:com.android.chrome:sandboxed_process23/u0i269 for service com.android.chrome/org.chromium.content.app.SandboxedProcessService23
11-01 16:15:35.069 24149 24149 W boxed_process23: type=1400 audit(0.0:2128): avc: denied { getattr } for path="/data/data/com.android.chrome" dev="dm-2" ino=12190 scontext=u:r:isolated_app:s0:c512,c768 tcontext=u:object_r:app_data_file:s0:c512,c768 tclass=dir permissive=0
11-01 16:15:35.090 24149 24149 I cr_ChildProcessService: Creating new ChildProcessService pid=24149
11-01 16:15:35.130 24149 24162 I cr_LibraryLoader: Loaded native library version number "85.0.4183.127"
11-01 16:15:35.130 24149 24162 I cr_CachingUmaRecorder: Flushed 1 samples from 1 histograms.
11-01 16:15:35.143 24162 24162 W CrUtilityMain: type=1400 audit(0.0:2129): avc: denied { setattr } for name="crl-set" dev="dm-2" ino=51378 scontext=u:r:isolated_app:s0:c512,c768 tcontext=u:object_r:app_data_file:s0:c512,c768 tclass=file permissive=0
11-01 16:15:35.146 24162 24162 W CrUtilityMain: type=1400 audit(0.0:2130): avc: denied { setattr } for name="manifest.json" dev="dm-2" ino=51004 scontext=u:r:isolated_app:s0:c512,c768 tcontext=u:object_r:app_data_file:s0:c512,c768 tclass=file permissive=0
11-01 16:15:35.146 24162 24162 W CrUtilityMain: type=1400 audit(0.0:2131): avc: denied { setattr } for name="LICENSE" dev="dm-2" ino=51296 scontext=u:r:isolated_app:s0:c512,c768 tcontext=u:object_r:app_data_file:s0:c512,c768 tclass=file permissive=0
11-01 16:15:35.149 24162 24162 W CrUtilityMain: type=1400 audit(0.0:2132): avc: denied { setattr } for name="verified_contents.json" dev="dm-2" ino=52670 scontext=u:r:isolated_app:s0:c512,c768 tcontext=u:object_r:app_data_file:s0:c512,c768 tclass=file permissive=0
11-01 16:15:35.158 24149 24162 I chromium: [INFO:child_process_service.cc(69)] ChildProcessService: Exiting child process.
11-01 16:15:35.185 23440 23440 W chromium: [WARNING:compositor_view.cc(315)] Child process died (type=6) pid=24149)
11-01 16:15:35.185   600 28743 I ActivityManager: Process com.android.chrome:sandboxed_process23 (pid 24149) has died
11-01 16:15:35.185   600 28743 D ActivityManager: cleanUpApplicationRecord -- 24149
11-01 16:15:36.588 24032 24032 D MonkeyStub: translateCommand: touch down 614 1561
11-01 16:15:36.607 24032 24032 D MonkeyStub: translateCommand: touch move 614 1561
11-01 16:15:36.675   600  1666 I ActivityManager: Start proc 24166:com.android.chrome:sandboxed_process24/u0i270 for service com.android.chrome/org.chromium.content.app.SandboxedProcessService24
11-01 16:15:36.718 24032 24032 D MonkeyStub: translateCommand: touch move 614 1436
11-01 16:15:36.799 24166 24166 W boxed_process24: type=1400 audit(0.0:2133): avc: denied { getattr } for path="/data/data/com.android.chrome" dev="dm-2" ino=12190 scontext=u:r:isolated_app:s0:c512,c768 tcontext=u:object_r:app_data_file:s0:c512,c768 tclass=dir permissive=0
11-01 16:15:36.826 24166 24166 I cr_ChildProcessService: Creating new ChildProcessService pid=24166
11-01 16:15:36.829 24032 24032 D MonkeyStub: translateCommand: touch move 614 1311
11-01 16:15:36.893 24166 24179 I cr_LibraryLoader: Loaded native library version number "85.0.4183.127"
11-01 16:15:36.894 24166 24179 I cr_CachingUmaRecorder: Flushed 1 samples from 1 histograms.
11-01 16:15:36.906 24179 24179 W CrUtilityMain: type=1400 audit(0.0:2134): avc: denied { setattr } for name="manifest.json" dev="dm-2" ino=56685 scontext=u:r:isolated_app:s0:c512,c768 tcontext=u:object_r:app_data_file:s0:c512,c768 tclass=file permissive=0
11-01 16:15:36.913 24179 24179 W CrUtilityMain: type=1400 audit(0.0:2135): avc: denied { setattr } for name="verified_contents.json" dev="dm-2" ino=56892 scontext=u:r:isolated_app:s0:c512,c768 tcontext=u:object_r:app_data_file:s0:c512,c768 tclass=file permissive=0
11-01 16:15:36.921 24166 24166 I cr_ChildProcessService: Destroying ChildProcessService pid=24166
11-01 16:15:36.922 24166 24179 I chromium: [INFO:child_process_service.cc(69)] ChildProcessService: Exiting child process.
11-01 16:15:36.943 24032 24032 D MonkeyStub: translateCommand: touch move 614 1186
11-01 16:15:36.952   600  1485 I ActivityManager: Process com.android.chrome:sandboxed_process24 (pid 24166) has died
11-01 16:15:36.952   600  1485 D ActivityManager: cleanUpApplicationRecord -- 24166
11-01 16:15:36.953 23440 23440 W chromium: [WARNING:compositor_view.cc(315)] Child process died (type=6) pid=24166)
11-01 16:15:37.058 24032 24032 D MonkeyStub: translateCommand: touch move 614 1061
11-01 16:15:37.206 24032 24032 D MonkeyStub: translateCommand: touch move 614 937
11-01 16:15:37.338 24032 24032 D MonkeyStub: translateCommand: touch move 614 812
11-01 16:15:37.483 24032 24032 D MonkeyStub: translateCommand: touch move 614 687
11-01 16:15:37.591 24032 24032 D MonkeyStub: translateCommand: touch move 614 562
11-01 16:15:37.703 24032 24032 D MonkeyStub: translateCommand: touch move 614 437
11-01 16:15:37.840 24032 24032 D MonkeyStub: translateCommand: touch move 614 312
11-01 16:15:37.845 24032 24032 D MonkeyStub: translateCommand: touch up 614 312
11-01 16:15:38.737   600  1068 I ActivityManager: Start proc 24186:com.android.chrome:sandboxed_process25/u0i271 for service com.android.chrome/org.chromium.content.app.SandboxedProcessService25
11-01 16:15:38.779 24186 24186 W boxed_process25: type=1400 audit(0.0:2136): avc: denied { getattr } for path="/data/data/com.android.chrome" dev="dm-2" ino=12190 scontext=u:r:isolated_app:s0:c512,c768 tcontext=u:object_r:app_data_file:s0:c512,c768 tclass=dir permissive=0
11-01 16:15:38.802 24186 24186 I cr_ChildProcessService: Creating new ChildProcessService pid=24186
11-01 16:15:38.851 24186 24199 I cr_LibraryLoader: Loaded native library version number "85.0.4183.127"
11-01 16:15:38.851 24186 24199 I cr_CachingUmaRecorder: Flushed 1 samples from 1 histograms.
11-01 16:15:38.866 24199 24199 W CrUtilityMain: type=1400 audit(0.0:2137): avc: denied { setattr } for name="download_file_types.pb" dev="dm-2" ino=56881 scontext=u:r:isolated_app:s0:c512,c768 tcontext=u:object_r:app_data_file:s0:c512,c768 tclass=file permissive=0
11-01 16:15:38.866 24199 24199 W CrUtilityMain: type=1400 audit(0.0:2138): avc: denied { setattr } for name="manifest.json" dev="dm-2" ino=57013 scontext=u:r:isolated_app:s0:c512,c768 tcontext=u:object_r:app_data_file:s0:c512,c768 tclass=file permissive=0
11-01 16:15:38.869 24199 24199 W CrUtilityMain: type=1400 audit(0.0:2139): avc: denied { setattr } for name="verified_contents.json" dev="dm-2" ino=56934 scontext=u:r:isolated_app:s0:c512,c768 tcontext=u:object_r:app_data_file:s0:c512,c768 tclass=file permissive=0
11-01 16:15:38.878 24186 24186 I cr_ChildProcessService: Destroying ChildProcessService pid=24186
11-01 16:15:38.879 24186 24199 I chromium: [INFO:child_process_service.cc(69)] ChildProcessService: Exiting child process.
11-01 16:15:38.898   600 28743 I ActivityManager: Process com.android.chrome:sandboxed_process25 (pid 24186) has died
11-01 16:15:38.898   600 28743 D ActivityManager: cleanUpApplicationRecord -- 24186
11-01 16:15:38.899 23440 23440 W chromium: [WARNING:compositor_view.cc(315)] Child process died (type=6) pid=24186)
11-01 16:15:40.597 21655 22249 I GMS_MM_Logger: Memory Metric Logging not allowed. Stopping.
11-01 16:15:40.904   600  1068 I ActivityManager: Start proc 24206:com.android.chrome:sandboxed_process26/u0i272 for service com.android.chrome/org.chromium.content.app.SandboxedProcessService26
11-01 16:15:40.953 24206 24206 W boxed_process26: type=1400 audit(0.0:2140): avc: denied { getattr } for path="/data/data/com.android.chrome" dev="dm-2" ino=12190 scontext=u:r:isolated_app:s0:c512,c768 tcontext=u:object_r:app_data_file:s0:c512,c768 tclass=dir permissive=0
11-01 16:15:40.982 24206 24206 I cr_ChildProcessService: Creating new ChildProcessService pid=24206
11-01 16:15:41.027 24206 24219 I cr_LibraryLoader: Loaded native library version number "85.0.4183.127"
11-01 16:15:41.028 24206 24219 I cr_CachingUmaRecorder: Flushed 1 samples from 1 histograms.
11-01 16:15:41.039 24219 24219 W CrUtilityMain: type=1400 audit(0.0:2141): avc: denied { setattr } for name="ssl_error_assistant.pb" dev="dm-2" ino=57493 scontext=u:r:isolated_app:s0:c512,c768 tcontext=u:object_r:app_data_file:s0:c512,c768 tclass=file permissive=0
11-01 16:15:41.039 24219 24219 W CrUtilityMain: type=1400 audit(0.0:2142): avc: denied { setattr } for name="manifest.json" dev="dm-2" ino=58046 scontext=u:r:isolated_app:s0:c512,c768 tcontext=u:object_r:app_data_file:s0:c512,c768 tclass=file permissive=0
