--------- beginning of main
11-01 16:14:29.936 23430 23430 D AndroidRuntime: >>>>>> START com.android.internal.os.RuntimeInit uid 2000 <<<<<<
11-01 16:14:29.940 23430 23430 D AndroidRuntime: CheckJNI is OFF
11-01 16:14:30.014 23430 23430 D ICU     : No timezone override file found: /data/misc/zoneinfo/current/icu/icu_tzdata.dat
11-01 16:14:30.048 23430 23430 I Radio-JNI: register_android_hardware_Radio DONE
11-01 16:14:30.065 23430 23430 D AndroidRuntime: Calling main entry com.android.commands.am.Am
--------- beginning of system
11-01 16:14:30.085   600  1485 I ActivityManager: Force stopping com.android.chrome appid=10035 user=0: from pid 23430
11-01 16:14:30.085   600  1485 I ActivityManager: Killing 23396:com.android.chrome/u0a35 (adj 902): stop com.android.chrome
11-01 16:14:30.085   600  1485 D ActivityManager: cleanUpApplicationRecord -- 23396
11-01 16:14:30.096  1058  1058 D RegisteredNfcFServicesCache: Service unchanged, not updating
11-01 16:14:30.342   600   610 I ActivityManager: START u0 {act=android.intent.action.VIEW flg=0x10008000 cmp=com.android.chrome/com.google.android.apps.chrome.Main} from uid 2000 on display 0
11-01 16:14:30.399 23430 23430 D AndroidRuntime: Shutting down VM
11-01 16:14:30.406   600  8930 I ActivityManager: Start proc 23440:com.android.chrome/u0a35 for activity com.android.chrome/com.google.android.apps.chrome.Main
11-01 16:14:30.566   600  8039 I ActivityManager: START u0 {cmp=com.android.chrome/org.chromium.chrome.browser.firstrun.TabbedModeFirstRunActivity (has extras)} from uid 10035 on display 0
11-01 16:14:30.616 23440 23457 W DynamiteModule: Local module descriptor class for com.google.android.gms.googlecertificates not found.
11-01 16:14:30.744 23440 23459 I OpenGLRenderer: Initialized EGL, version 1.4
11-01 16:14:30.744 23440 23459 D OpenGLRenderer: Swap behavior 2
11-01 16:14:30.747 23440 23458 I cr_LibraryLoader: Loaded native library version number "85.0.4183.127"
11-01 16:14:30.748 23440 23458 I cr_CachingUmaRecorder: Flushed 10 samples from 10 histograms.
11-01 16:14:30.764 23440 23457 I DynamiteModule: Considering local module com.google.android.gms.googlecertificates:0 and remote module com.google.android.gms.googlecertificates:6
11-01 16:14:30.764 23440 23457 I DynamiteModule: Selected remote version of com.google.android.gms.googlecertificates, version >= 6
11-01 16:14:30.788 23440 23457 W System  : ClassLoader referenced unknown path: 
11-01 16:14:30.791 23440 23457 D ApplicationLoaders: ignored Vulkan layer search path /data/app/com.google.android.gms-1/lib/arm:/data/app/com.google.android.gms-1/base.apk!/lib/armeabi-v7a:/data/app/com.google.android.gms-1/split_config.en.apk!/lib/armeabi-v7a for namespace 0xf72a8090
11-01 16:14:30.793 23440 23457 W ResourceType: ResTable_typeSpec entry count inconsistent: given 67, previously 69
11-01 16:14:30.793 23440 23457 W ResourceType: ResTable_typeSpec entry count inconsistent: given 5346, previously 5347
11-01 16:14:30.814 23440 23457 I DynamiteLoaderV2Impl: [70] Googlecertificates
11-01 16:14:30.829 23440 23457 W System  : ClassLoader referenced unknown path: /data/user_de/0/com.google.android.gms/app_chimera/m/00000061/n/armeabi-v7a
11-01 16:14:30.829 23440 23457 W System  : ClassLoader referenced unknown path: /data/user_de/0/com.google.android.gms/app_chimera/m/00000061/n/armeabi
11-01 16:14:30.902   600   620 I ActivityManager: Displayed com.android.chrome/org.chromium.chrome.browser.firstrun.TabbedModeFirstRunActivity: +299ms (total +523ms)
11-01 16:14:30.904 23440 23454 D NetworkSecurityConfig: Using Network Security Config from resource 0_resource_name_obfuscated debugBuild: false
11-01 16:14:30.921   600   620 W WindowManager: Failed looking up window
11-01 16:14:30.921   600   620 W WindowManager: java.lang.IllegalArgumentException: Requested window android.view.ViewRootImpl$W@ab6c33c does not exist
11-01 16:14:30.921   600   620 W WindowManager: 	at com.android.server.wm.WindowManagerService.windowForClientLocked(WindowManagerService.java:9422)
11-01 16:14:30.921   600   620 W WindowManager: 	at com.android.server.wm.WindowManagerService.windowForClientLocked(WindowManagerService.java:9413)
11-01 16:14:30.921   600   620 W WindowManager: 	at com.android.server.wm.WindowManagerService.removeWindow(WindowManagerService.java:2393)
11-01 16:14:30.921   600   620 W WindowManager: 	at com.android.server.wm.Session.remove(Session.java:202)
11-01 16:14:30.921   600   620 W WindowManager: 	at android.view.ViewRootImpl.dispatchDetachedFromWindow(ViewRootImpl.java:3290)
11-01 16:14:30.921   600   620 W WindowManager: 	at android.view.ViewRootImpl.doDie(ViewRootImpl.java:5917)
11-01 16:14:30.921   600   620 W WindowManager: 	at android.view.ViewRootImpl$ViewRootHandler.handleMessage(ViewRootImpl.java:3626)
11-01 16:14:30.921   600   620 W WindowManager: 	at android.os.Handler.dispatchMessage(Handler.java:102)
11-01 16:14:30.921   600   620 W WindowManager: 	at android.os.Looper.loop(Looper.java:154)
11-01 16:14:30.921   600   620 W WindowManager: 	at android.os.HandlerThread.run(HandlerThread.java:61)
11-01 16:14:30.921   600   620 W WindowManager: 	at com.android.server.ServiceThread.run(ServiceThread.java:46)
11-01 16:14:30.928   785  1576 I FontLog : Received query Google Sans, URI content://com.google.android.gms.fonts [CONTEXT service_id=132 ]
11-01 16:14:30.928   785  1576 I FontLog : Query [Google Sans] resolved to {Google Sans, wdth 100.0, wght 400, ital 0.0, bestEffort false} [CONTEXT service_id=132 ]
11-01 16:14:30.930   785  1576 I FontLog : Font PFD returned from cache for {Google Sans, wdth 100.0, wght 400, ital 0.0, bestEffort false} [CONTEXT service_id=132 ]
11-01 16:14:30.930   785  1576 I FontLog : Fetch {Google Sans, wdth 100.0, wght 400, ital 0.0, bestEffort false} end status Status{statusCode=SUCCESS, resolution=null} [CONTEXT service_id=132 ]
11-01 16:14:30.938   785  1684 I FontLog : Pulling font file for id = 358, cache size = 5 [CONTEXT service_id=132 ]
11-01 16:14:30.993   785  1682 I FontLog : Received query Google Sans:500, URI content://com.google.android.gms.fonts [CONTEXT service_id=132 ]
11-01 16:14:30.996   785  1682 I FontLog : Query [Google Sans:500] resolved to {Google Sans, wdth 100.0, wght 500, ital 0.0, bestEffort false} [CONTEXT service_id=132 ]
11-01 16:14:30.999   785  1682 I FontLog : Font PFD returned from cache for {Google Sans, wdth 100.0, wght 500, ital 0.0, bestEffort false} [CONTEXT service_id=132 ]
11-01 16:14:31.030   785  1682 I FontLog : Fetch {Google Sans, wdth 100.0, wght 500, ital 0.0, bestEffort false} end status Status{statusCode=SUCCESS, resolution=null} [CONTEXT service_id=132 ]
11-01 16:14:31.034   785  1586 I FontLog : Pulling font file for id = 359, cache size = 5 [CONTEXT service_id=132 ]
11-01 16:14:31.087   785  1234 E apju    : Phenotype API error. Event # cdub@4ec22bc7, EventCode: 7 [CONTEXT service_id=51 ]
11-01 16:14:31.087   785  1234 E apju    : apiz: 29505: No config packages for log source, or config package not registered
11-01 16:14:31.087   785  1234 E apju    : 	at apkj.b(:com.google.android.gms@203915020@20.39.15 (040406-335085812):7)
11-01 16:14:31.087   785  1234 E apju    : 	at apkg.b(:com.google.android.gms@203915020@20.39.15 (040406-335085812):2)
11-01 16:14:31.087   785  1234 E apju    : 	at apju.a(:com.google.android.gms@203915020@20.39.15 (040406-335085812):85)
11-01 16:14:31.087   785  1234 E apju    : 	at apju.a(:com.google.android.gms@203915020@20.39.15 (040406-335085812):80)
11-01 16:14:31.087   785  1234 E apju    : 	at aain.run(:com.google.android.gms@203915020@20.39.15 (040406-335085812):7)
11-01 16:14:31.087   785  1234 E apju    : 	at boex.run(:com.google.android.gms@203915020@20.39.15 (040406-335085812):2)
11-01 16:14:31.087   785  1234 E apju    : 	at sup.b(:com.google.android.gms@203915020@20.39.15 (040406-335085812):12)
11-01 16:14:31.087   785  1234 E apju    : 	at sup.run(:com.google.android.gms@203915020@20.39.15 (040406-335085812):7)
11-01 16:14:31.087   785  1234 E apju    : 	at java.util.concurrent.ThreadPoolExecutor.runWorker(ThreadPoolExecutor.java:1133)
11-01 16:14:31.087   785  1234 E apju    : 	at java.util.concurrent.ThreadPoolExecutor$Worker.run(ThreadPoolExecutor.java:607)
11-01 16:14:31.087   785  1234 E apju    : 	at tam.run(:com.google.android.gms@203915020@20.39.15 (040406-335085812):0)
11-01 16:14:31.087   785  1234 E apju    : 	at java.lang.Thread.run(Thread.java:761)
11-01 16:14:31.088   785  1234 E AsyncOperation: serviceID=51, operation=GetExperimentTokensOperationCall [CONTEXT service_id=259 ]
11-01 16:14:31.088   785  1234 E AsyncOperation: OperationException[Status{statusCode=No config packages for log source, or config package not registered, resolution=null}]
11-01 16:14:31.088   785  1234 E AsyncOperation: 	at apju.a(:com.google.android.gms@203915020@20.39.15 (040406-335085812):87)
11-01 16:14:31.088   785  1234 E AsyncOperation: 	at apju.a(:com.google.android.gms@203915020@20.39.15 (040406-335085812):80)
11-01 16:14:31.088   785  1234 E AsyncOperation: 	at aain.run(:com.google.android.gms@203915020@20.39.15 (040406-335085812):7)
11-01 16:14:31.088   785  1234 E AsyncOperation: 	at boex.run(:com.google.android.gms@203915020@20.39.15 (040406-335085812):2)
11-01 16:14:31.088   785  1234 E AsyncOperation: 	at sup.b(:com.google.android.gms@203915020@20.39.15 (040406-335085812):12)
11-01 16:14:31.088   785  1234 E AsyncOperation: 	at sup.run(:com.google.android.gms@203915020@20.39.15 (040406-335085812):7)
11-01 16:14:31.088   785  1234 E AsyncOperation: 	at java.util.concurrent.ThreadPoolExecutor.runWorker(ThreadPoolExecutor.java:1133)
11-01 16:14:31.088   785  1234 E AsyncOperation: 	at java.util.concurrent.ThreadPoolExecutor$Worker.run(ThreadPoolExecutor.java:607)
11-01 16:14:31.088   785  1234 E AsyncOperation: 	at tam.run(:com.google.android.gms@203915020@20.39.15 (040406-335085812):0)
11-01 16:14:31.088   785  1234 E AsyncOperation: 	at java.lang.Thread.run(Thread.java:761)
11-01 16:14:31.106 23814 23825 W SearchService: Abort, client detached.
11-01 16:14:31.107 23814 23814 I MemoryTrimmer: Trimming objects from memory, since app is in the background.
11-01 16:14:31.108  1075  1075 I MemoryTrimmer: Trimming objects from memory, since app is in the background.
11-01 16:14:31.118 23814 23814 I MicroDetector: Keeping mic open: false
11-01 16:14:31.118 23814 23862 I AudioController: internalShutdown
11-01 16:14:31.118 23814 23862 I MicrophoneInputStream: mic_close com.google.android.apps.gsa.speech.audio.ae@1d4dfc9
11-01 16:14:31.118 23814 23301 I DeviceStateChecker: DeviceStateChecker cancelled
11-01 16:14:31.119 23814 23870 I MicroRecognitionRunner: Stopping hotword detection.
11-01 16:14:31.138   238   286 I SoundTriggerHwService::Module: void android::SoundTriggerHwService::Module::onCallbackEvent(const sp<android::SoundTriggerHwService::CallbackEvent> &) mClient == 0
11-01 16:14:31.152 23814 23300 I MicroRecognitionRunner: Detection finished
11-01 16:14:31.162 23440 23454 I cr_VariationsSeedFetch: Fetched first run seed in 263 ms
11-01 16:14:31.164 23814 23814 I MemoryTrimmer: Trimming objects from memory, since app is in the background.
11-01 16:14:31.195   600  1484 I ActivityManager: Start proc 23475:com.android.chrome:sandboxed_process0/u0i246 for service com.android.chrome/org.chromium.content.app.SandboxedProcessService0
11-01 16:14:31.236 23475 23475 W dboxed_process0: type=1400 audit(0.0:2095): avc: denied { getattr } for path="/data/data/com.android.chrome" dev="dm-2" ino=12190 scontext=u:r:isolated_app:s0:c512,c768 tcontext=u:object_r:app_data_file:s0:c512,c768 tclass=dir permissive=0
11-01 16:14:31.261 23475 23475 I cr_ChildProcessService: Creating new ChildProcessService pid=23475
11-01 16:14:31.422   600 28743 I ActivityManager: Start proc 23503:com.android.chrome:privileged_process0/u0a35 for service com.android.chrome/org.chromium.content.app.PrivilegedProcessService0
11-01 16:14:31.519 23440 23462 W ConnectionStatusConfig: Dynamic lookup for intent failed for action: com.google.android.gms.auth.key.retrieval.service.START
11-01 16:14:31.524 23440 23462 W ConnectionStatusConfig: Dynamic lookup for intent failed for action: com.google.android.gms.auth.key.retrieval.service.START
11-01 16:14:31.524 23503 23503 I cr_ChildProcessService: Creating new ChildProcessService pid=23503
11-01 16:14:31.538   600  1066 W ActivityManager: Unable to start service Intent { act=com.google.android.gms.auth.key.retrieval.service.START pkg=com.google.android.gms } U=0: not found
11-01 16:14:31.539   600  1485 W ActivityManager: Unbind failed: could not find connection for android.os.BinderProxy@5aeec8a
11-01 16:14:31.540 23440 23462 E GmsClient: unable to connect to service: com.google.android.gms.auth.key.retrieval.service.START on com.google.android.gms
11-01 16:14:31.585 23503 23519 I cr_LibraryLoader: Loaded native library version number "85.0.4183.127"
11-01 16:14:31.586 23503 23519 I cr_CachingUmaRecorder: Flushed 1 samples from 1 histograms.
11-01 16:14:31.599 23503 23519 E libEGL  : validate_display:99 error 3008 (EGL_BAD_DISPLAY)
11-01 16:14:31.603 23440 23440 W cr_KnoxSettingsProvider: Permission to read device policy denied.
11-01 16:14:31.667 23440 23450 W art     : Suspending all threads took: 6.760ms
11-01 16:14:31.700 23440 23450 I art     : Background partial concurrent mark sweep GC freed 8206(671KB) AllocSpace objects, 16(948KB) LOS objects, 39% free, 4MB/8MB, paused 16.441ms total 74.343ms
11-01 16:14:41.248 23814 23814 I MemoryTrimmer: Trimming objects from memory, since app is in the background.
11-01 16:14:43.280 23545 23545 D AndroidRuntime: >>>>>> START com.android.internal.os.RuntimeInit uid 2000 <<<<<<
11-01 16:14:43.283 23545 23545 D AndroidRuntime: CheckJNI is OFF
11-01 16:14:43.348 23545 23545 D ICU     : No timezone override file found: /data/misc/zoneinfo/current/icu/icu_tzdata.dat
11-01 16:14:43.378 23545 23545 I Radio-JNI: register_android_hardware_Radio DONE
11-01 16:14:43.394 23545 23545 D AndroidRuntime: Calling main entry com.android.commands.monkey.Monkey
11-01 16:14:43.460   600   613 W BroadcastQueue: Skipping deliver [background] BroadcastRecord{6d7ee1d u-1 android.net.conn.CONNECTIVITY_CHANGE} to ReceiverList{beb6892 23545 (unknown name)/2000/u-1 remote:70d50c7}: process crashing
11-01 16:14:45.072 23545 23545 D MonkeyStub: translateCommand: wake
11-01 16:14:45.191 23545 23545 D MonkeyStub: translateCommand: tap 398 1198
11-01 16:14:47.272 23545 23545 D MonkeyStub: translateCommand: tap 720 1506
11-01 16:14:47.459 21655 21775 I PeopleChimeraService: onService. callbacks = aaik@96cad21, request = com.google.android.gms.common.internal.GetServiceRequest@88bf546
11-01 16:14:47.461 21655 21668 I PeopleChimeraService: onService. callbacks = aaik@91bcc34, request = com.google.android.gms.common.internal.GetServiceRequest@d45fa5d
11-01 16:14:49.319 23545 23545 D MonkeyStub: translateCommand: tap 355 1480
11-01 16:14:49.340 23545 23545 D MonkeyStub: Quit requested
11-01 16:14:49.352   600  1485 I ActivityManager: START u0 {act=android.intent.action.VIEW flg=0x10008000 cmp=com.android.chrome/com.google.android.apps.chrome.Main (has extras)} from uid 10035 on display 0
11-01 16:14:49.387   600   614 I CwMcuSensor: CwMcuSensor::flush: fd = 195, sensors_id = 0, path = /sys/class/htc_sensorhub/sensor_hub/flush, err = 0
11-01 16:14:49.408 23545 23545 I art     : System.exit called, status: 6
11-01 16:14:49.408 23545 23545 I AndroidRuntime: VM exiting with result code 6.
11-01 16:14:49.526   600   713 W WindowManager: Attempted to remove non-existing token: android.os.Binder@43263
11-01 16:14:49.547 23440 23440 E cr_CompositorSurfaceMgr: Transitioning to surface with format : -1
11-01 16:14:49.631   600   609 I art     : Background partial concurrent mark sweep GC freed 17283(876KB) AllocSpace objects, 3(60KB) LOS objects, 33% free, 15MB/23MB, paused 2.464ms total 194.810ms
11-01 16:14:49.646 23440 23498 W cr_tabmodel: Starting to perform legacy migration.
11-01 16:14:49.647 23440 23498 W cr_tabmodel: Finished performing legacy migration.
11-01 16:14:49.647 23440 23498 W cr_tabmodel: Starting to perform multi-instance migration.
11-01 16:14:49.647 23440 23498 W cr_tabmodel: Finished performing multi-instance migration.
11-01 16:14:49.650 23440 23498 I cr_tabmodel: Starting to fetch tab list for tab_state0
11-01 16:14:49.650 23440 23498 I cr_tabmodel: State file does not exist.
11-01 16:14:49.650 23440 23498 I cr_tabmodel: Starting to fetch tab list for tab_state1
11-01 16:14:49.651 23440 23498 I cr_tabmodel: State file does not exist.
11-01 16:14:49.686 23440 23498 I cr_ADCP : No customization source found
11-01 16:14:49.780   600   620 I ActivityManager: Displayed com.android.chrome/com.google.android.apps.chrome.Main: +373ms
11-01 16:14:49.793   600 12440 E BatteryStatsService: power: Missing API
11-01 16:14:49.798   600 12440 E BatteryStatsService: no controller energy info supplied
11-01 16:14:49.799   800   800 E PhoneInterfaceManager: [PhoneIntfMgr] queryModemActivityInfo: Empty response
11-01 16:14:49.803   600 12440 E BatteryStatsService: modem info is invalid: ModemActivityInfo{ mTimestamp=0 mSleepTimeMs=0 mIdleTimeMs=0 mTxTimeMs[]=[0, 0, 0, 0, 0] mRxTimeMs=0 mEnergyUsed=0}
11-01 16:14:49.813   600   613 W ProcessCpuTracker: Skipping unknown process pid 23569
11-01 16:14:49.818 23440 23459 D OpenGLRenderer: endAllActiveAnimators on 0xd756a600 (InsetDrawable) with handle 0xd534dea0
11-01 16:14:49.827 23440 23440 E cr_CompositorSurfaceMgr: Transitioning to surface with format : -1
11-01 16:14:49.831 23440 23440 E cr_CompositorSurfaceMgr: surfaceCreated format : 0
11-01 16:14:49.836 23440 23440 I cr_ContextualSearch: Tap suppression enabled: false
11-01 16:14:49.840 23440 23440 I cr_ChromeTabbedActivity: #initializeState
11-01 16:14:49.840 23440 23440 I cr_CipherFactory: #restoreFromBundle, no savedInstanceState.
11-01 16:14:49.841 23440 23440 I cr_tabmodel: #loadState, ignoreIncognitoFiles? true
11-01 16:14:50.046 23440 23440 I SchedulerApiWrapper: Create SchedulerApiMainThreadWrapper
11-01 16:14:50.054 23440 23440 I FeedSessionManagerImpl: FeedSessionManagerImpl has been created
11-01 16:14:50.057 23440 23440 I FeedAppLifecycleLstnr: onEnterForeground called
11-01 16:14:50.057 23440 23440 I FeedSessionManagerImpl: onLifecycleEvent foreground
11-01 16:14:50.059 23440 23440 I FeedSessionManagerImpl: Lazy initialization triggered, getUpdateConsumer
11-01 16:14:50.059 23440 23440 I FeedRequestManagerImpl: trigger refresh 2
11-01 16:14:50.060 23440 23498 I TaskQueue: Execute task [IMMEDIATE - d: true, b: 0]: 30
11-01 16:14:50.060 23440 23440 I TaskQueue:  - task [HEAD_INVALIDATE - d: true, b: 0]: 26
11-01 16:14:50.060 23440 23440 I FeedAppLifecycleLstnr: initialize called
11-01 16:14:50.060 23440 23440 I FeedSessionManagerImpl: onLifecycleEvent initialize
11-01 16:14:50.061 23440 23440 W FeedSessionManagerImpl: FeedSessionManagerImpl has previously been initialized
11-01 16:14:50.085 23440 23440 I ViewConfigCompat: Could not find method getScaledScrollFactor() on ViewConfiguration
11-01 16:14:50.088 23440 23440 I BasicStream: Setting 2 header views, currently have 0 headers
11-01 16:14:50.090 23440 23440 I BasicStream: Setting 2 header views, currently have 2 headers
11-01 16:14:50.158   600   619 D BluetoothManagerService: Message: 20
11-01 16:14:50.158   600   619 D BluetoothManagerService: Added callback: android.bluetooth.IBluetoothManagerCallback$Stub$Proxy@ba6db9f:true
11-01 16:14:50.195 23440 23440 E cr_IntentUtils: getBooleanExtra failed on intent null
11-01 16:14:50.202 23475 23488 I cr_LibraryLoader: Loaded native library version number "85.0.4183.127"
11-01 16:14:50.203 23475 23488 I cr_CachingUmaRecorder: Flushed 1 samples from 1 histograms.
11-01 16:14:50.213 23440 23440 I TimeoutSessionImpl: Using TimeoutSessionImpl
11-01 16:14:50.213 23440 23440 I FeedSessionManagerImpl: Delaying populateSession until initialization is finished
11-01 16:14:50.214 23440 23440 I TaskQueue:  - task [IMMEDIATE - d: true, b: 1]: 13
11-01 16:14:50.214 23440 23440 I MainThreadRunner: Running task [BasicStream onShow] on the Main Thread with a delay of 500 milliseconds
11-01 16:14:50.285 23440 23498 W SessionCache: Persisted Sessions were not found
11-01 16:14:50.285 23440 23498 I HeadSessionImpl: Initialize HEAD 0 items
11-01 16:14:50.286 23440 23498 I TaskQueue:  - task [BACKGROUND - d: true, b: 2]: 11
11-01 16:14:50.286 23440 23498 I TimingUtils: Task Timing 225ms, thread JardinExecutor | task : Initialization
11-01 16:14:50.286 23440 23498 I TaskQueue:  - Finished 30, time 227 ms
11-01 16:14:50.286 23440 23498 I TaskQueue: Execute task [HEAD_INVALIDATE - d: true, b: 2]: 26
11-01 16:14:50.287 23440 23498 I TimingUtils: Task Timing   0ms, thread JardinExecutor | task : getAllDismissLocalActions | size : 0
11-01 16:14:50.288 23440 23498 I TimingUtils: Task Timing   0ms, thread JardinExecutor | task : getSemanticProperties | size : 0
11-01 16:14:50.288 23440 23498 I MainThreadRunner: Running task [Check Tooltips] on the Main Thread
11-01 16:14:50.288 23440 23498 I TaskQueue:  * Starting starvation checks
11-01 16:14:50.288 23440 23498 I MainThreadRunner: Running task [starvationChecks] on the Main Thread with a delay of 6000 milliseconds
11-01 16:14:50.288 23440 23498 I TaskQueue:  - Finished 26, time 2 ms
11-01 16:14:50.289 23440 23498 I TaskQueue: Execute task [IMMEDIATE - d: true, b: 1]: 13
11-01 16:14:50.289 23440 23498 I FeedSessionManagerImpl: shouldSessionRequestData; hasContent(false), contentCreationTime(0), outstandingRequest(true)
11-01 16:14:50.289 23440 23498 I MainThreadRunner: Running task [SchedulerApiWrapper shouldSessionRequestData] on the Main Thread
11-01 16:14:50.309   600   611 I ActivityManager: Start proc 23575:com.android.chrome:sandboxed_process1/u0i247 for service com.android.chrome/org.chromium.content.app.SandboxedProcessService1
11-01 16:14:50.344   600  1068 I ActivityManager: Start proc 23584:com.android.chrome:sandboxed_process2/u0i248 for service com.android.chrome/org.chromium.content.app.SandboxedProcessService2
11-01 16:14:50.380   600 12440 I ActivityManager: Start proc 23597:com.android.chrome:sandboxed_process3/u0i249 for service com.android.chrome/org.chromium.content.app.SandboxedProcessService3
11-01 16:14:50.433   600  1066 I ActivityManager: Start proc 23616:com.android.chrome:sandboxed_process4/u0i250 for service com.android.chrome/org.chromium.content.app.SandboxedProcessService4
11-01 16:14:50.517   600   713 I ActivityManager: Start proc 23636:com.android.chrome:sandboxed_process5/u0i251 for service com.android.chrome/org.chromium.content.app.SandboxedProcessService5
11-01 16:14:50.540 23440 23440 I PlayCore: UID: [10035]  PID: [23440] SplitInstallService : deferredInstall([image_editor])
11-01 16:14:50.592   600  8039 I ActivityManager: Start proc 23645:com.android.chrome:sandboxed_process6/u0i252 for service com.android.chrome/org.chromium.content.app.SandboxedProcessService6
11-01 16:14:50.623 23597 23597 W dboxed_process3: type=1400 audit(0.0:2096): avc: denied { getattr } for path="/data/data/com.android.chrome" dev="dm-2" ino=12190 scontext=u:r:isolated_app:s0:c512,c768 tcontext=u:object_r:app_data_file:s0:c512,c768 tclass=dir permissive=0
11-01 16:14:50.626 23575 23575 W dboxed_process1: type=1400 audit(0.0:2097): avc: denied { getattr } for path="/data/data/com.android.chrome" dev="dm-2" ino=12190 scontext=u:r:isolated_app:s0:c512,c768 tcontext=u:object_r:app_data_file:s0:c512,c768 tclass=dir permissive=0
11-01 16:14:50.645   600   611 I ActivityManager: Start proc 23657:com.android.chrome:sandboxed_process7/u0i253 for service com.android.chrome/org.chromium.content.app.SandboxedProcessService7
11-01 16:14:50.679 23584 23584 W dboxed_process2: type=1400 audit(0.0:2098): avc: denied { getattr } for path="/data/data/com.android.chrome" dev="dm-2" ino=12190 scontext=u:r:isolated_app:s0:c512,c768 tcontext=u:object_r:app_data_file:s0:c512,c768 tclass=dir permissive=0
11-01 16:14:50.702   600   713 I ActivityManager: Start proc 23670:com.android.chrome:sandboxed_process8/u0i254 for service com.android.chrome/org.chromium.content.app.SandboxedProcessService8
11-01 16:14:50.735 23440 23440 I Choreographer: Skipped 57 frames!  The application may be doing too much work on its main thread.
11-01 16:14:50.786 23616 23616 W dboxed_process4: type=1400 audit(0.0:2099): avc: denied { getattr } for path="/data/data/com.android.chrome" dev="dm-2" ino=12190 scontext=u:r:isolated_app:s0:c512,c768 tcontext=u:object_r:app_data_file:s0:c512,c768 tclass=dir permissive=0
11-01 16:14:50.864 23597 23597 I cr_ChildProcessService: Creating new ChildProcessService pid=23597
11-01 16:14:50.886 23440 23440 I TaskQueue:  - task [IMMEDIATE - d: true, b: 1]: 27
11-01 16:14:50.886 23440 23498 I FeedSessionManagerImpl: shouldSessionRequestDataResult: NO_REQUEST_WITH_WAIT, shouldMakeRequest(false), withTimeout(false), withAppend(false)
11-01 16:14:50.887 23440 23498 I TaskQueue:  - task [USER_FACING - d: true, b: 2]: 24
11-01 16:14:50.887 23440 23498 I TaskQueue:  - Finished 13, time 598 ms
11-01 16:14:50.909 23636 23636 W dboxed_process5: type=1400 audit(0.0:2100): avc: denied { getattr } for path="/data/data/com.android.chrome" dev="dm-2" ino=12190 scontext=u:r:isolated_app:s0:c512,c768 tcontext=u:object_r:app_data_file:s0:c512,c768 tclass=dir permissive=0
11-01 16:14:50.911 23575 23575 I cr_ChildProcessService: Creating new ChildProcessService pid=23575
11-01 16:14:50.917 23440 23450 W art     : Suspending all threads took: 7.829ms
11-01 16:14:50.938 23584 23584 I cr_ChildProcessService: Creating new ChildProcessService pid=23584
11-01 16:14:50.943 23440 23491 I TaskQueue: Execute task [IMMEDIATE - d: true, b: 2]: 27
11-01 16:14:50.944 23440 23491 I FeedRequestManagerImpl: Consistency Token: # hU2@7bca4
11-01 16:14:50.962   600  1664 I ActivityManager: Start proc 23697:com.android.chrome:sandboxed_process9/u0i255 for service com.android.chrome/org.chromium.content.app.SandboxedProcessService9
11-01 16:14:50.981 23440 23450 I art     : Background sticky concurrent mark sweep GC freed 36746(2MB) AllocSpace objects, 27(596KB) LOS objects, 18% free, 9MB/12MB, paused 9.231ms total 100.145ms
11-01 16:14:50.997 23440 23491 I FeedRequestManagerImpl: Capability: FEED_UI
11-01 16:14:50.997 23440 23491 I FeedRequestManagerImpl: Capability: UNDOABLE_ACTIONS
11-01 16:14:50.997 23440 23491 I FeedRequestManagerImpl: Capability: MANAGE_INTERESTS
11-01 16:14:50.997 23440 23491 I FeedRequestManagerImpl: Capability: SEND_FEEDBACK
11-01 16:14:50.997 23440 23491 I FeedRequestManagerImpl: Capability: ARTICLE_SNIPPETS
11-01 16:14:50.997 23440 23491 I FeedRequestManagerImpl: Capability: CLICK_ACTION
11-01 16:14:50.998 23440 23491 I FeedRequestManagerImpl: Capability: VIEW_ACTION
11-01 16:14:50.998 23440 23491 I FeedRequestManagerImpl: Capability: REPORT_FEED_USER_ACTIONS_NOTICE_CARD
11-01 16:14:50.998 23440 23491 I FeedRequestManagerImpl: Capability: BASE_UI
11-01 16:14:51.000 23440 23491 I FeedRequestManagerImpl: Making Request: /httpservice/noretry/DiscoverClankService/FeedQuery
11-01 16:14:51.000 23440 23491 I MainThreadRunner: Running task [NetworkClientWrapper send] on the Main Thread
11-01 16:14:51.000 23440 23491 I TaskQueue:  - Finished 27, time 65 ms
11-01 16:14:51.015 23616 23616 I cr_ChildProcessService: Creating new ChildProcessService pid=23616
11-01 16:14:51.043 23645 23645 W dboxed_process6: type=1400 audit(0.0:2101): avc: denied { getattr } for path="/data/data/com.android.chrome" dev="dm-2" ino=12190 scontext=u:r:isolated_app:s0:c512,c768 tcontext=u:object_r:app_data_file:s0:c512,c768 tclass=dir permissive=0
11-01 16:14:51.096 23657 23657 W dboxed_process7: type=1400 audit(0.0:2102): avc: denied { getattr } for path="/data/data/com.android.chrome" dev="dm-2" ino=12190 scontext=u:r:isolated_app:s0:c512,c768 tcontext=u:object_r:app_data_file:s0:c512,c768 tclass=dir permissive=0
11-01 16:14:51.097 23440 23440 I cr_tabmodel: Appending tabs being restored to metadata lists, 0, startingNormalCount: 1, startingIncognitoCount: 0
11-01 16:14:51.097 23440 23440 I cr_tabmodel: Serializing tab lists; counts: 1, 0
11-01 16:14:51.143 23670 23670 W dboxed_process8: type=1400 audit(0.0:2103): avc: denied { getattr } for path="/data/data/com.android.chrome" dev="dm-2" ino=12190 scontext=u:r:isolated_app:s0:c512,c768 tcontext=u:object_r:app_data_file:s0:c512,c768 tclass=dir permissive=0
11-01 16:14:51.174   600  1665 I ActivityManager: Start proc 23712:com.android.chrome:sandboxed_process10/u0i256 for service com.android.chrome/org.chromium.content.app.SandboxedProcessService10
11-01 16:14:51.182 23636 23636 I cr_ChildProcessService: Creating new ChildProcessService pid=23636
11-01 16:14:51.215 23440 23642 I PlayCore: UID: [10035]  PID: [23440] SplitInstallService : Initiate binding to the service.
11-01 16:14:51.216   600  1664 W ActivityManager: Unable to start service Intent { act=com.google.android.play.core.splitinstall.BIND_SPLIT_INSTALL_SERVICE pkg=com.android.vending } U=0: not found
11-01 16:14:51.299 23645 23645 I cr_ChildProcessService: Creating new ChildProcessService pid=23645
11-01 16:14:51.307 23597 23693 I cr_LibraryLoader: Loaded native library version number "85.0.4183.127"
11-01 16:14:51.308 23597 23693 I cr_CachingUmaRecorder: Flushed 1 samples from 1 histograms.
11-01 16:14:51.343 23575 23695 I cr_LibraryLoader: Loaded native library version number "85.0.4183.127"
11-01 16:14:51.349 23697 23697 W dboxed_process9: type=1400 audit(0.0:2104): avc: denied { getattr } for path="/data/data/com.android.chrome" dev="dm-2" ino=12190 scontext=u:r:isolated_app:s0:c512,c768 tcontext=u:object_r:app_data_file:s0:c512,c768 tclass=dir permissive=0
11-01 16:14:51.363 23670 23670 I cr_ChildProcessService: Creating new ChildProcessService pid=23670
11-01 16:14:51.373 23584 23696 I cr_LibraryLoader: Loaded native library version number "85.0.4183.127"
11-01 16:14:51.374 23657 23657 I cr_ChildProcessService: Creating new ChildProcessService pid=23657
11-01 16:14:51.374 23575 23695 I cr_CachingUmaRecorder: Flushed 1 samples from 1 histograms.
11-01 16:14:51.395 23584 23696 I cr_CachingUmaRecorder: Flushed 1 samples from 1 histograms.
11-01 16:14:51.546 23440 23495 W cr_CrashFileManager: /data/user/0/com.android.chrome/cache/Crash Reports does not exist or is not a directory
11-01 16:14:51.546 23440 23495 W cr_CrashFileManager: /data/user/0/com.android.chrome/cache/Crash Reports does not exist or is not a directory
11-01 16:14:51.548 23440 23495 W cr_CrashFileManager: /data/user/0/com.android.chrome/cache/Crash Reports does not exist or is not a directory
11-01 16:14:51.552 23440 23495 I cr_FileUtils: Writing to /data/user/0/com.android.chrome/app_dex/webapk7.dex
11-01 16:14:51.585 23597 23693 I chromium: [INFO:child_process_service.cc(69)] ChildProcessService: Exiting child process.
11-01 16:14:51.591   197   197 E lowmemorykiller: Error writing /proc/23597/oom_score_adj; errno=22
11-01 16:14:51.595 23616 23704 I cr_LibraryLoader: Loaded native library version number "85.0.4183.127"
11-01 16:14:51.596 23616 23704 I cr_CachingUmaRecorder: Flushed 1 samples from 1 histograms.
11-01 16:14:51.598 23440 23474 I cr_BindingManager: Moderate binding enabled: maxSize=40
11-01 16:14:51.624   600  6822 I ActivityManager: Process com.android.chrome:sandboxed_process3 (pid 23597) has died
11-01 16:14:51.624   600  6822 D ActivityManager: cleanUpApplicationRecord -- 23597
11-01 16:14:51.650 23440 23474 I cr_BindingManager: onTrimMemory: level=15, size=0
11-01 16:14:51.652 23440 23440 W chromium: [WARNING:compositor_view.cc(315)] Child process died (type=6) pid=23597)
11-01 16:14:51.663 23712 23712 W boxed_process10: type=1400 audit(0.0:2105): avc: denied { getattr } for path="/data/data/com.android.chrome" dev="dm-2" ino=12190 scontext=u:r:isolated_app:s0:c512,c768 tcontext=u:object_r:app_data_file:s0:c512,c768 tclass=dir permissive=0
11-01 16:14:51.687 23697 23697 I cr_ChildProcessService: Creating new ChildProcessService pid=23697
11-01 16:14:51.724 23440 23450 W art     : Suspending all threads took: 11.300ms
11-01 16:14:51.725 23575 23695 I chromium: [INFO:child_process_service.cc(69)] ChildProcessService: Exiting child process.
11-01 16:14:51.739 23584 23696 I chromium: [INFO:child_process_service.cc(69)] ChildProcessService: Exiting child process.
11-01 16:14:51.743   197   197 E lowmemorykiller: Error writing /proc/23584/oom_score_adj; errno=22
11-01 16:14:51.774   600  8928 I ActivityManager: Process com.android.chrome:sandboxed_process2 (pid 23584) has died
11-01 16:14:51.774   600  8928 D ActivityManager: cleanUpApplicationRecord -- 23584
11-01 16:14:51.775   600  8928 I ActivityManager: Killing 23575:com.android.chrome:sandboxed_process1/u0a35i247 (adj 0): isolated not needed
11-01 16:14:51.798 23440 23440 W chromium: [WARNING:compositor_view.cc(315)] Child process died (type=6) pid=23584)
11-01 16:14:51.819 23636 23717 I cr_LibraryLoader: Loaded native library version number "85.0.4183.127"
11-01 16:14:51.820 23636 23717 I cr_CachingUmaRecorder: Flushed 1 samples from 1 histograms.
11-01 16:14:51.858 23616 23704 I chromium: [INFO:child_process_service.cc(69)] ChildProcessService: Exiting child process.
11-01 16:14:51.934 23670 23728 I cr_LibraryLoader: Loaded native library version number "85.0.4183.127"
11-01 16:14:51.934 23670 23728 I cr_CachingUmaRecorder: Flushed 1 samples from 1 histograms.
11-01 16:14:51.955 23645 23725 I cr_LibraryLoader: Loaded native library version number "85.0.4183.127"
11-01 16:14:51.956 23645 23725 I cr_CachingUmaRecorder: Flushed 1 samples from 1 histograms.
11-01 16:14:51.961 23712 23712 I cr_ChildProcessService: Creating new ChildProcessService pid=23712
11-01 16:14:51.967   600 12440 I ActivityManager: Killing 23616:com.android.chrome:sandboxed_process4/u0a35i250 (adj 0): isolated not needed
11-01 16:14:51.969 23657 23727 I cr_LibraryLoader: Loaded native library version number "85.0.4183.127"
11-01 16:14:51.969 23657 23727 I cr_CachingUmaRecorder: Flushed 1 samples from 1 histograms.
11-01 16:14:51.978 21655 22245 I Icing   : IndexChimeraService.getServiceInterface callingPackage=com.android.chrome componentName=null serviceId=36
11-01 16:14:52.010 21655 22175 I Icing   : IndexChimeraService.getServiceInterface callingPackage=com.android.chrome componentName=null serviceId=36
11-01 16:14:52.026 23440 23450 I art     : Background partial concurrent mark sweep GC freed 53250(2MB) AllocSpace objects, 34(672KB) LOS objects, 39% free, 11MB/19MB, paused 22.493ms total 664.008ms
11-01 16:14:52.095 23573 23573 D AndroidRuntime: >>>>>> START com.android.internal.os.RuntimeInit uid 2000 <<<<<<
11-01 16:14:52.140 23573 23573 D AndroidRuntime: CheckJNI is OFF
11-01 16:14:52.151 23670 23728 I chromium: [INFO:child_process_service.cc(69)] ChildProcessService: Exiting child process.
11-01 16:14:52.153   197   197 E lowmemorykiller: Error writing /proc/23670/oom_score_adj; errno=22
11-01 16:14:52.169 23697 23739 I cr_LibraryLoader: Loaded native library version number "85.0.4183.127"
11-01 16:14:52.170 23697 23739 I cr_CachingUmaRecorder: Flushed 1 samples from 1 histograms.
11-01 16:14:52.181   600   610 I ActivityManager: Process com.android.chrome:sandboxed_process8 (pid 23670) has died
11-01 16:14:52.181   600   610 D ActivityManager: cleanUpApplicationRecord -- 23670
11-01 16:14:52.184   600   610 I ActivityManager: Killing 23645:com.android.chrome:sandboxed_process6/u0a35i252 (adj 0): isolated not needed
11-01 16:14:52.184   600   610 I ActivityManager: Killing 23657:com.android.chrome:sandboxed_process7/u0a35i253 (adj 0): isolated not needed
11-01 16:14:52.184   600   610 I ActivityManager: Killing 23636:com.android.chrome:sandboxed_process5/u0a35i251 (adj 0): isolated not needed
11-01 16:14:52.189 23440 23440 W chromium: [WARNING:compositor_view.cc(315)] Child process died (type=6) pid=23670)
11-01 16:14:52.301 23740 23740 I dex2oat : /system/bin/dex2oat --dex-file=/data/user/0/com.android.chrome/app_dex/webapk7.dex --oat-fd=189 --oat-location=/data/user/0/com.android.chrome/app_dex/oat/arm/webapk7.dex --compiler-filter=speed
11-01 16:14:52.321 23712 23750 I cr_LibraryLoader: Loaded native library version number "85.0.4183.127"
11-01 16:14:52.331 23697 23739 I chromium: [INFO:child_process_service.cc(69)] ChildProcessService: Exiting child process.
11-01 16:14:52.331 23712 23750 I cr_CachingUmaRecorder: Flushed 1 samples from 1 histograms.
11-01 16:14:52.440 23712 23750 I chromium: [INFO:child_process_service.cc(69)] ChildProcessService: Exiting child process.
11-01 16:14:52.441   197   197 E lowmemorykiller: Error writing /proc/23712/oom_score_adj; errno=22
11-01 16:14:52.554 23440 23498 W InstanceID: Instance ID SDK is deprecated, com.android.chrome should update to use Firebase Instance ID
11-01 16:14:52.599 23573 23573 D ICU     : No timezone override file found: /data/misc/zoneinfo/current/icu/icu_tzdata.dat
11-01 16:14:52.681 23573 23573 I Radio-JNI: register_android_hardware_Radio DONE
11-01 16:14:52.698 23440 23440 W chromium: [WARNING:compositor_view.cc(315)] Child process died (type=6) pid=23712)
11-01 16:14:52.699   600   610 I ActivityManager: Start proc 23778:com.android.chrome:sandboxed_process11/u0i257 for service com.android.chrome/org.chromium.content.app.SandboxedProcessService11
11-01 16:14:52.723 23573 23573 D AndroidRuntime: Calling main entry com.android.commands.am.Am
11-01 16:14:52.776 23740 23740 I dex2oat : dex2oat took 507.278ms (threads: 2) arena alloc=771KB (790272B) java alloc=108KB (111120B) native alloc=559KB (573376B) free=1488KB (1523776B)
11-01 16:14:52.785 23440 23440 W chromium: [WARNING:compositor_view.cc(315)] Child process died (type=6) pid=23697)
11-01 16:14:52.789 23440 23440 W chromium: [WARNING:compositor_view.cc(315)] Child process died (type=6) pid=23645)
11-01 16:14:52.791 23440 23440 W chromium: [WARNING:compositor_view.cc(315)] Child process died (type=6) pid=23657)
11-01 16:14:52.793 23440 23642 I PlayCore: UID: [10035]  PID: [23440] SplitInstallService : Failed to bind to the service.
11-01 16:14:52.802   600  8931 I ActivityManager: Process com.android.chrome:sandboxed_process10 (pid 23712) has died
11-01 16:14:52.802   600  8931 D ActivityManager: cleanUpApplicationRecord -- 23712
11-01 16:14:52.808   600  8931 I ActivityManager: Killing 23697:com.android.chrome:sandboxed_process9/u0a35i255 (adj 0): isolated not needed
11-01 16:14:52.810   600  6822 I ActivityManager: START u0 {act=android.intent.action.VIEW dat=http://biomedcentral.com/... flg=0x10000000 cmp=com.android.chrome/com.google.android.apps.chrome.Main} from uid 2000 on display 0
11-01 16:14:52.813   600  8930 D ActivityManager: cleanUpApplicationRecord -- 23697
11-01 16:14:52.814   600  1484 D ActivityManager: cleanUpApplicationRecord -- 23645
11-01 16:14:52.815   600 12440 D ActivityManager: cleanUpApplicationRecord -- 23657
11-01 16:14:52.821 23573 23573 D AndroidRuntime: Shutting down VM
11-01 16:14:52.827   600  8039 I ActivityManager: Start proc 23787:com.android.chrome:sandboxed_process12/u0i258 for service com.android.chrome/org.chromium.content.app.SandboxedProcessService12
11-01 16:14:52.831   600 30165 D ActivityManager: cleanUpApplicationRecord -- 23636
11-01 16:14:52.863   600  1666 I ActivityManager: Start proc 23793:com.android.chrome:sandboxed_process13/u0i259 for service com.android.chrome/org.chromium.content.app.SandboxedProcessService13
11-01 16:14:52.880   600  1665 I ActivityManager: Start proc 23811:com.android.chrome:sandboxed_process14/u0i260 for service com.android.chrome/org.chromium.content.app.SandboxedProcessService14
11-01 16:14:52.888 23440 23440 E cr_IntentUtils: getInt failed on bundle null
11-01 16:14:52.925   600  1484 I ActivityManager: Start proc 23836:com.android.chrome:sandboxed_process15/u0i261 for service com.android.chrome/org.chromium.content.app.SandboxedProcessService15
11-01 16:14:52.968   600  6822 I ActivityManager: Start proc 23853:com.android.chrome:sandboxed_process16/u0i262 for service com.android.chrome/org.chromium.content.app.SandboxedProcessService16
11-01 16:14:52.974 23440 23440 W FeedModelProvider: sessionId is null, this should have been set during population
11-01 16:14:52.975 23440 23440 I cr_tabmodel: Appending tabs being restored to metadata lists, 0, startingNormalCount: 2, startingIncognitoCount: 0
11-01 16:14:52.976 23440 23440 I cr_tabmodel: Serializing tab lists; counts: 2, 0
11-01 16:14:53.021   600  5522 I ActivityManager: Start proc 23871:com.android.chrome:sandboxed_process17/u0i263 for service com.android.chrome/org.chromium.content.app.SandboxedProcessService17
11-01 16:14:53.036 23778 23778 W boxed_process11: type=1400 audit(0.0:2106): avc: denied { getattr } for path="/data/data/com.android.chrome" dev="dm-2" ino=12190 scontext=u:r:isolated_app:s0:c512,c768 tcontext=u:object_r:app_data_file:s0:c512,c768 tclass=dir permissive=0
11-01 16:14:53.036 23793 23793 W boxed_process13: type=1400 audit(0.0:2107): avc: denied { getattr } for path="/data/data/com.android.chrome" dev="dm-2" ino=12190 scontext=u:r:isolated_app:s0:c512,c768 tcontext=u:object_r:app_data_file:s0:c512,c768 tclass=dir permissive=0
11-01 16:14:53.044   600  1485 I ActivityManager: Start proc 23898:com.android.chrome:sandboxed_process18/u0i264 for service com.android.chrome/org.chromium.content.app.SandboxedProcessService18
11-01 16:14:53.059 23787 23787 W boxed_process12: type=1400 audit(0.0:2108): avc: denied { getattr } for path="/data/data/com.android.chrome" dev="dm-2" ino=12190 scontext=u:r:isolated_app:s0:c512,c768 tcontext=u:object_r:app_data_file:s0:c512,c768 tclass=dir permissive=0
11-01 16:14:53.092   600  1483 I ActivityManager: Start proc 23910:com.android.chrome:sandboxed_process19/u0i265 for service com.android.chrome/org.chromium.content.app.SandboxedProcessService19
11-01 16:14:53.122 23440 23440 W chromium: [WARNING:compositor_view.cc(315)] Child process died (type=6) pid=23636)
11-01 16:14:53.126 23811 23811 W boxed_process14: type=1400 audit(0.0:2109): avc: denied { getattr } for path="/data/data/com.android.chrome" dev="dm-2" ino=12190 scontext=u:r:isolated_app:s0:c512,c768 tcontext=u:object_r:app_data_file:s0:c512,c768 tclass=dir permissive=0
11-01 16:14:53.166 23836 23836 W boxed_process15: type=1400 audit(0.0:2110): avc: denied { getattr } for path="/data/data/com.android.chrome" dev="dm-2" ino=12190 scontext=u:r:isolated_app:s0:c512,c768 tcontext=u:object_r:app_data_file:s0:c512,c768 tclass=dir permissive=0
11-01 16:14:53.196 23793 23793 I cr_ChildProcessService: Creating new ChildProcessService pid=23793
11-01 16:14:53.203 23778 23778 I cr_ChildProcessService: Creating new ChildProcessService pid=23778
11-01 16:14:53.249 23853 23853 W boxed_process16: type=1400 audit(0.0:2111): avc: denied { getattr } for path="/data/data/com.android.chrome" dev="dm-2" ino=12190 scontext=u:r:isolated_app:s0:c512,c768 tcontext=u:object_r:app_data_file:s0:c512,c768 tclass=dir permissive=0
11-01 16:14:53.290 23811 23811 I cr_ChildProcessService: Creating new ChildProcessService pid=23811
11-01 16:14:53.312 23787 23787 I cr_ChildProcessService: Creating new ChildProcessService pid=23787
11-01 16:14:53.323 23871 23871 W boxed_process17: type=1400 audit(0.0:2112): avc: denied { getattr } for path="/data/data/com.android.chrome" dev="dm-2" ino=12190 scontext=u:r:isolated_app:s0:c512,c768 tcontext=u:object_r:app_data_file:s0:c512,c768 tclass=dir permissive=0
11-01 16:14:53.336 23898 23898 W boxed_process18: type=1400 audit(0.0:2113): avc: denied { getattr } for path="/data/data/com.android.chrome" dev="dm-2" ino=12190 scontext=u:r:isolated_app:s0:c512,c768 tcontext=u:object_r:app_data_file:s0:c512,c768 tclass=dir permissive=0
11-01 16:14:53.375 23836 23836 I cr_ChildProcessService: Creating new ChildProcessService pid=23836
11-01 16:14:53.424 23440 23440 I FeedRequestManagerImpl: Request: /httpservice/noretry/DiscoverClankService/FeedQuery completed with response code: 200
11-01 16:14:53.424 23440 23440 I TaskQueue:  - task [IMMEDIATE - d: true, b: 2]: 15
11-01 16:14:53.424 23440 23440 I TaskQueue:  - queueTask starting immediate task
11-01 16:14:53.424 23440 23496 I TaskQueue: Execute task [IMMEDIATE - d: true, b: 2]: 15
11-01 16:14:53.436 23910 23910 W boxed_process19: type=1400 audit(0.0:2114): avc: denied { getattr } for path="/data/data/com.android.chrome" dev="dm-2" ino=12190 scontext=u:r:isolated_app:s0:c512,c768 tcontext=u:object_r:app_data_file:s0:c512,c768 tclass=dir permissive=0
11-01 16:14:53.448 23853 23853 I cr_ChildProcessService: Creating new ChildProcessService pid=23853
11-01 16:14:53.470 23898 23898 I cr_ChildProcessService: Creating new ChildProcessService pid=23898
11-01 16:14:53.481 23440 23450 W art     : Suspending all threads took: 9.647ms
11-01 16:14:53.489 23871 23871 I cr_ChildProcessService: Creating new ChildProcessService pid=23871
11-01 16:14:53.511 23793 23933 I cr_LibraryLoader: Loaded native library version number "85.0.4183.127"
11-01 16:14:53.511 23793 23933 I cr_CachingUmaRecorder: Flushed 1 samples from 1 histograms.
11-01 16:14:53.517 23440 23450 I art     : Background sticky concurrent mark sweep GC freed 43565(2MB) AllocSpace objects, 38(760KB) LOS objects, 21% free, 15MB/19MB, paused 11.351ms total 86.697ms
11-01 16:14:53.550 23778 23935 I cr_LibraryLoader: Loaded native library version number "85.0.4183.127"
11-01 16:14:53.550 23778 23935 I cr_CachingUmaRecorder: Flushed 1 samples from 1 histograms.
11-01 16:14:53.574 23787 23944 I cr_LibraryLoader: Loaded native library version number "85.0.4183.127"
11-01 16:14:53.581   600   609 I art     : Background partial concurrent mark sweep GC freed 42617(2MB) AllocSpace objects, 29(756KB) LOS objects, 33% free, 15MB/23MB, paused 17.677ms total 479.936ms
11-01 16:14:53.584 23787 23944 I cr_CachingUmaRecorder: Flushed 1 samples from 1 histograms.
11-01 16:14:53.587 23811 23943 I cr_LibraryLoader: Loaded native library version number "85.0.4183.127"
11-01 16:14:53.587 23811 23943 I cr_CachingUmaRecorder: Flushed 1 samples from 1 histograms.
11-01 16:14:53.607 23440 23496 I MainThreadRunner: Running task [FeedRequestManagerImpl consumer] on the Main Thread
11-01 16:14:53.607 23440 23496 I TaskQueue:  - Finished 15, time 183 ms
11-01 16:14:53.633 23910 23910 I cr_ChildProcessService: Creating new ChildProcessService pid=23910
11-01 16:14:53.646 23793 23933 I chromium: [INFO:child_process_service.cc(69)] ChildProcessService: Exiting child process.
11-01 16:14:53.671 23836 23945 I cr_LibraryLoader: Loaded native library version number "85.0.4183.127"
11-01 16:14:53.685 23836 23945 I cr_CachingUmaRecorder: Flushed 1 samples from 1 histograms.
11-01 16:14:53.690 23440 23440 I FeedProtocolAdapter: createModel, operations 33
11-01 16:14:53.697 23853 23946 I cr_LibraryLoader: Loaded native library version number "85.0.4183.127"
11-01 16:14:53.728 23440 23440 I TimingUtils: Task Timing  37ms, thread ui | task : convertWireProtocol | mutations : 33
11-01 16:14:53.729 23440 23440 I TaskQueue:  - task [HEAD_RESET - d: true, b: 2]: 5
11-01 16:14:53.729 23440 23440 I TaskQueue:  - queueTask starting immediate task
11-01 16:14:53.730 23440 23496 I TaskQueue: Execute task [HEAD_RESET - d: true, b: 2]: 5
11-01 16:14:53.733 23440 23496 I TaskQueue:  - task [BACKGROUND - d: true, b: 2]: 23
11-01 16:14:53.734 23440 23496 W SessionCache: Persisted Sessions were not found
11-01 16:14:53.734 23853 23946 I cr_CachingUmaRecorder: Flushed 1 samples from 1 histograms.
11-01 16:14:53.740 23440 23496 I PersistentFeedStore: commitSessionMutation - Success true, Update Session $HEAD, stream structures 32
11-01 16:14:53.746 23440 23496 I MainThreadRunner: Running task [SchedulerApiWrapper onReceiveNewContent] on the Main Thread
11-01 16:14:53.746 23440 23496 I MainThreadRunner: Running task [FeedKnownContentImpl onNewContentReceived] on the Main Thread
11-01 16:14:53.746 23440 23496 I SessionManagerMutation: Cleared Head, new creation time 11-01 16:14:53.734
11-01 16:14:53.746 23440 23496 I TimingUtils: Task Timing  16ms, thread background-1 | task : sessionMutation.commitTask:updateConsumer | mutations : 33 | userInitiated : false
11-01 16:14:53.746 23440 23496 I TaskQueue: Cancelling starvation checks
11-01 16:14:53.747 23440 23496 I TaskQueue:  - Finished 5, time 17 ms
11-01 16:14:53.747 23440 23496 I TaskQueue: Execute task [USER_FACING - d: false, b: 2]: 24
11-01 16:14:53.758 23910 23952 I cr_LibraryLoader: Loaded native library version number "85.0.4183.127"
11-01 16:14:53.759 23910 23952 I cr_CachingUmaRecorder: Flushed 1 samples from 1 histograms.
11-01 16:14:53.789 23440 23496 I TimeoutSessionImpl: TimeoutSession.populateModelProvider, shouldAppend false
11-01 16:14:53.789 23440 23496 I SessionImpl: PopulateModelProvider 32 items
11-01 16:14:53.790 23440 23496 I FeedModelProvider: FeedModelProvider - committer, structure changes 31, update changes 0
11-01 16:14:53.790 23440 23496 I FeedModelProvider: SyntheticTokenTracker: 0, 11, 11, false
11-01 16:14:53.790 23440 23496 I FeedSessionManagerImpl: Caching getStreamFeatures - items 31, cache misses 0, cache size 31
11-01 16:14:53.805 23778 23935 I chromium: [INFO:child_process_service.cc(69)] ChildProcessService: Exiting child process.
11-01 16:14:53.805   197   197 E lowmemorykiller: Error writing /proc/23778/oom_score_adj; errno=22
11-01 16:14:53.815   600  8039 I ActivityManager: Process com.android.chrome:sandboxed_process11 (pid 23778) has died
11-01 16:14:53.815   600  8039 D ActivityManager: cleanUpApplicationRecord -- 23778
11-01 16:14:53.815   600  8039 I ActivityManager: Killing 23811:com.android.chrome:sandboxed_process14/u0a35i260 (adj 0): isolated not needed
11-01 16:14:53.815   600  8039 I ActivityManager: Killing 23787:com.android.chrome:sandboxed_process12/u0a35i258 (adj 0): isolated not needed
