11-01 22:35:05.803 31997 31997 W CrUtilityMain: type=1400 audit(0.0:3219): avc: denied { setattr } for name=5072656C6F61642044617461 dev="dm-2" ino=27364 scontext=u:r:isolated_app:s0:c512,c768 tcontext=u:object_r:app_data_file:s0:c512,c768 tclass=file permissive=0
11-01 22:35:05.806 31997 31997 W CrUtilityMain: type=1400 audit(0.0:3220): avc: denied { setattr } for name="manifest.json" dev="dm-2" ino=51110 scontext=u:r:isolated_app:s0:c512,c768 tcontext=u:object_r:app_data_file:s0:c512,c768 tclass=file permissive=0
11-01 22:35:05.810 31997 31997 W CrUtilityMain: type=1400 audit(0.0:3221): avc: denied { setattr } for name="verified_contents.json" dev="dm-2" ino=50719 scontext=u:r:isolated_app:s0:c512,c768 tcontext=u:object_r:app_data_file:s0:c512,c768 tclass=file permissive=0
11-01 22:35:05.821 31984 31984 I cr_ChildProcessService: Destroying ChildProcessService pid=31984
11-01 22:35:05.828 31984 31997 I chromium: [INFO:child_process_service.cc(69)] ChildProcessService: Exiting child process.
11-01 22:35:05.867   600  1664 I ActivityManager: Process com.android.chrome:sandboxed_process29 (pid 31984) has died
11-01 22:35:05.867   600  1664 D ActivityManager: cleanUpApplicationRecord -- 31984
11-01 22:35:05.869 31214 31214 W chromium: [WARNING:compositor_view.cc(315)] Child process died (type=6) pid=31984)
11-01 22:35:10.738   600   819 I ActivityManager: Start proc 32003:com.android.chrome:sandboxed_process30/u0i877 for service com.android.chrome/org.chromium.content.app.SandboxedProcessService30
11-01 22:35:10.793 32003 32003 W boxed_process30: type=1400 audit(0.0:3222): avc: denied { getattr } for path="/data/data/com.android.chrome" dev="dm-2" ino=12190 scontext=u:r:isolated_app:s0:c512,c768 tcontext=u:object_r:app_data_file:s0:c512,c768 tclass=dir permissive=0
11-01 22:35:10.821 32003 32003 I cr_ChildProcessService: Creating new ChildProcessService pid=32003
11-01 22:35:10.869 32003 32016 I cr_LibraryLoader: Loaded native library version number "85.0.4183.127"
11-01 22:35:10.870 32003 32016 I cr_CachingUmaRecorder: Flushed 1 samples from 1 histograms.
11-01 22:35:10.883 32016 32016 W CrUtilityMain: type=1400 audit(0.0:3223): avc: denied { setattr } for name="tls_deprecation_config.pb" dev="dm-2" ino=53097 scontext=u:r:isolated_app:s0:c512,c768 tcontext=u:object_r:app_data_file:s0:c512,c768 tclass=file permissive=0
11-01 22:35:10.883 32016 32016 W CrUtilityMain: type=1400 audit(0.0:3224): avc: denied { setattr } for name="manifest.json" dev="dm-2" ino=57471 scontext=u:r:isolated_app:s0:c512,c768 tcontext=u:object_r:app_data_file:s0:c512,c768 tclass=file permissive=0
11-01 22:35:10.886 32016 32016 W CrUtilityMain: type=1400 audit(0.0:3225): avc: denied { setattr } for name="verified_contents.json" dev="dm-2" ino=54108 scontext=u:r:isolated_app:s0:c512,c768 tcontext=u:object_r:app_data_file:s0:c512,c768 tclass=file permissive=0
11-01 22:35:10.898 32003 32003 I cr_ChildProcessService: Destroying ChildProcessService pid=32003
11-01 22:35:10.899 32003 32003 I art     : System.exit called, status: 0
11-01 22:35:10.899 32003 32003 I AndroidRuntime: VM exiting with result code 0, cleanup skipped.
11-01 22:35:10.927   600   611 I ActivityManager: Process com.android.chrome:sandboxed_process30 (pid 32003) has died
11-01 22:35:10.927   600   611 D ActivityManager: cleanUpApplicationRecord -- 32003
11-01 22:35:10.927 31214 31214 W chromium: [WARNING:compositor_view.cc(315)] Child process died (type=6) pid=32003)
11-01 22:35:11.259 18094 18475 I Icing   : IndexChimeraService.getServiceInterface callingPackage=com.android.chrome componentName=null serviceId=36
11-01 22:35:11.283 18094 23092 W Icing   : No valid account for uploading user actions
11-01 22:35:11.323 18094 18576 I Icing   : IndexChimeraService.getServiceInterface callingPackage=com.google.android.gms componentName=null serviceId=30
11-01 22:35:11.355 18094 23092 I Icing   : Usage reports ok 1, Failed Usage reports 0, indexed 1, rejected 0
11-01 22:35:11.373 18094 23092 W Icing   : No valid account for uploading user actions
11-01 22:35:11.380   785   797 I art     : Background partial concurrent mark sweep GC freed 55209(3MB) AllocSpace objects, 3(92KB) LOS objects, 40% free, 11MB/18MB, paused 5.823ms total 78.108ms
11-01 22:35:11.388 18094 23092 I Icing   : Usage reports ok 0, Failed Usage reports 0, indexed 0, rejected 0
11-01 22:35:11.390 18094 23092 I Icing   : Indexing com.android.chrome-omnibox from com.android.chrome
11-01 22:35:11.418 18094 18218 I Icing   : Indexing done com.android.chrome-omnibox
11-01 22:35:12.012 31214 31214 I cr_tabmodel: Appending tabs being restored to metadata lists, 0, startingNormalCount: 2, startingIncognitoCount: 0
11-01 22:35:12.012 31214 31214 I cr_tabmodel: Serializing tab lists; counts: 2, 0
11-01 22:35:12.429   785  1300 W Icing   : isOptedInForAppHistory: empty Account Name encountered
11-01 22:35:12.467   785 23988 W Icing   : isOptedInForAppHistory: empty Account Name encountered
11-01 22:35:17.270 32039 32039 D AndroidRuntime: >>>>>> START com.android.internal.os.RuntimeInit uid 2000 <<<<<<
11-01 22:35:17.277 32039 32039 D AndroidRuntime: CheckJNI is OFF
11-01 22:35:17.362 32039 32039 D ICU     : No timezone override file found: /data/misc/zoneinfo/current/icu/icu_tzdata.dat
11-01 22:35:17.395 32039 32039 I Radio-JNI: register_android_hardware_Radio DONE
11-01 22:35:17.412 32039 32039 D AndroidRuntime: Calling main entry com.android.commands.am.Am
11-01 22:35:17.428   600  1483 I ActivityManager: Force stopping com.android.chrome appid=10035 user=0: from pid 32039
11-01 22:35:17.428   600  1483 I ActivityManager: Killing 31278:com.android.chrome:privileged_process0/u0a35 (adj 0): stop com.android.chrome
11-01 22:35:17.428   600  1483 D ActivityManager: cleanUpApplicationRecord -- 31278
11-01 22:35:17.428   600  1483 W ActivityManager: Scheduling restart of crashed service com.android.chrome/org.chromium.content.app.PrivilegedProcessService0 in 1000ms
11-01 22:35:17.430   600  1483 I ActivityManager: Killing 31214:com.android.chrome/u0a35 (adj 0): stop com.android.chrome
11-01 22:35:17.430   600  1483 D ActivityManager: cleanUpApplicationRecord -- 31214
11-01 22:35:17.445 31251 31251 I cr_ChildProcessService: Destroying ChildProcessService pid=31251
11-01 22:35:17.445   600  1483 W ActivityManager: Force removing ActivityRecord{f2874a4 u0 com.android.chrome/com.google.android.apps.chrome.Main t1406}: app died, no saved state
11-01 22:35:17.455 27901 27901 I MemoryTrimmer: Trimming objects from memory, since app is in the background.
11-01 22:35:17.458 31251 31251 I art     : System.exit called, status: 0
11-01 22:35:17.458 31251 31251 I AndroidRuntime: VM exiting with result code 0, cleanup skipped.
11-01 22:35:17.466   600   620 E JavaBinder: !!! FAILED BINDER TRANSACTION !!!  (parcel size = 60)
11-01 22:35:17.471   600  8928 D ConnectivityService: ConnectivityService NetworkRequestInfo binderDied(NetworkRequest [ LISTEN id=497, [ Capabilities: INTERNET&NOT_RESTRICTED&TRUSTED&FOREGROUND] ], android.os.BinderProxy@9f43b65)
11-01 22:35:17.471   600 12440 D ConnectivityService: ConnectivityService NetworkRequestInfo binderDied(NetworkRequest [ LISTEN id=496, [ Capabilities: INTERNET&NOT_RESTRICTED&TRUSTED&FOREGROUND] ], android.os.BinderProxy@c34403a)
11-01 22:35:17.471   600  8928 D ConnectivityService: ConnectivityService NetworkRequestInfo binderDied(NetworkRequest [ LISTEN id=494, [ Capabilities: INTERNET&NOT_RESTRICTED&TRUSTED&FOREGROUND] ], android.os.BinderProxy@4ad34eb)
11-01 22:35:17.471   600 12440 D ConnectivityService: ConnectivityService NetworkRequestInfo binderDied(NetworkRequest [ LISTEN id=495, [ Capabilities: INTERNET&NOT_RESTRICTED&TRUSTED&FOREGROUND] ], android.os.BinderProxy@ca15248)
11-01 22:35:17.472   600  8928 D GraphicsStats: Buffer count: 2
11-01 22:35:17.473   600   649 E ConnectivityService: RemoteException caught trying to send a callback msg for NetworkRequest [ LISTEN id=497, [ Capabilities: INTERNET&NOT_RESTRICTED&TRUSTED&FOREGROUND] ]
11-01 22:35:17.473   600   649 E ConnectivityService: RemoteException caught trying to send a callback msg for NetworkRequest [ LISTEN id=496, [ Capabilities: INTERNET&NOT_RESTRICTED&TRUSTED&FOREGROUND] ]
11-01 22:35:17.474   600   649 E ConnectivityService: RemoteException caught trying to send a callback msg for NetworkRequest [ LISTEN id=494, [ Capabilities: INTERNET&NOT_RESTRICTED&TRUSTED&FOREGROUND] ]
11-01 22:35:17.474   600   649 E ConnectivityService: RemoteException caught trying to send a callback msg for NetworkRequest [ LISTEN id=495, [ Capabilities: INTERNET&NOT_RESTRICTED&TRUSTED&FOREGROUND] ]
11-01 22:35:17.480   600  1483 I ActivityManager: Killing 31692:com.android.chrome:sandboxed_process19/u0a35i866 (adj 0): isolated not needed
11-01 22:35:17.481   600  1483 I ActivityManager: Killing 31251:com.android.chrome:sandboxed_process0/u0a35i847 (adj 0): isolated not needed
11-01 22:35:17.494   600  1066 D ActivityManager: cleanUpApplicationRecord -- 31251
11-01 22:35:17.500 32039 32039 D AndroidRuntime: Shutting down VM
11-01 22:35:17.505 27901 27901 I MemoryTrimmer: Trimming objects from memory, since app is in the background.
11-01 22:35:17.522  1075  1164 I OpenGLRenderer: Initialized EGL, version 1.4
11-01 22:35:17.522  1075  1164 D OpenGLRenderer: Swap behavior 2
11-01 22:35:17.605  1058  1058 D RegisteredNfcFServicesCache: Service unchanged, not updating
11-01 22:35:17.643 27901 27912 I AttachedClient: Adding client event 2 to pending list.
11-01 22:35:17.649 27901 27901 I OptInState: There is a new client and it does not support opt-in. Dropping request.
11-01 22:35:17.651 27901 27901 I MicroDetectionWorker: Micro detection mode: [mDetectionMode: [1]].
11-01 22:35:17.671 27901 32056 I MicroRecognitionRunner: Starting detection.
11-01 22:35:17.671 27901  5710 I MicrophoneInputStream: mic_starting com.google.android.apps.gsa.speech.audio.ae@31900a1
11-01 22:35:17.676   238   286 I SoundTriggerHwService::Module: void android::SoundTriggerHwService::Module::onCallbackEvent(const sp<android::SoundTriggerHwService::CallbackEvent> &) mClient == 0
11-01 22:35:17.681   238 32058 I AudioFlinger: AudioFlinger's thread 0xec3122c0 ready to run
11-01 22:35:17.684 27901  5710 I MicrophoneInputStream: mic_started com.google.android.apps.gsa.speech.audio.ae@31900a1
11-01 22:35:17.710   600  8928 D ActivityManager: cleanUpApplicationRecord -- 31692
11-01 22:35:17.859 27901 27901 I MicroDetectionWorker: onReady
11-01 22:35:18.005 32059 32059 D AndroidRuntime: >>>>>> START com.android.internal.os.RuntimeInit uid 2000 <<<<<<
11-01 22:35:18.009 32059 32059 D AndroidRuntime: CheckJNI is OFF
11-01 22:35:18.071  1075  1164 W OpenGLRenderer: Incorrectly called buildLayer on View: ShortcutAndWidgetContainer, destroying layer...
11-01 22:35:18.082 32059 32059 D ICU     : No timezone override file found: /data/misc/zoneinfo/current/icu/icu_tzdata.dat
11-01 22:35:18.111 32059 32059 I Radio-JNI: register_android_hardware_Radio DONE
11-01 22:35:18.127 32059 32059 D AndroidRuntime: Calling main entry com.android.commands.pm.Pm
11-01 22:35:18.140   600 12440 I ActivityManager: Force stopping com.android.chrome appid=10035 user=0: clear data
11-01 22:35:18.141   600   613 I ActivityManager: Force stopping com.android.chrome appid=10035 user=-1: clearApplicationUserData
11-01 22:35:18.204   785   785 I GeofencerStateMachine: removeGeofences: removeRequest=RemoveGeofencingRequest[REMOVE_ALL packageName=com.android.chrome]
11-01 22:35:18.210   600   612 W ResourceType: No known package when getting value for resource number 0x7f080316
11-01 22:35:18.210   600   612 W ResourceType: No known package when getting value for resource number 0x7f130448
11-01 22:35:18.217 32059 32059 I art     : System.exit called, status: 0
11-01 22:35:18.217 32059 32059 I AndroidRuntime: VM exiting with result code 0.
11-01 22:35:18.221  1058  1058 D RegisteredNfcFServicesCache: Service unchanged, not updating
11-01 22:35:18.240 18094 18218 I Icing   : doRemovePackageData com.android.chrome
11-01 22:35:18.240 18094 18218 I Icing   : Removing corpus key com.android.chrome-.implicit: for package com.android.chrome
11-01 22:35:18.251   600   612 W ResourceType: No known package when getting value for resource number 0x7f080315
11-01 22:35:18.251   600   612 W ResourceType: No known package when getting value for resource number 0x7f130123
11-01 22:35:18.251   600   612 W ResourceType: No known package when getting value for resource number 0x7f130447
11-01 22:35:18.251   600   612 W ResourceType: No known package when getting value for resource number 0x7f1302e4
11-01 22:35:18.251   600   612 E ShortcutService: Ignoring excessive intent tag.
11-01 22:35:18.281   785 32081 I Fitness : FitCleanupIntentOperation received Intent android.intent.action.PACKAGE_DATA_CLEARED [CONTEXT service_id=17 ]
11-01 22:35:18.289 18094 18218 I native  : flash-index.cc:1519 Flash index sort hb 91 prefix-hits 176 -> 155 at 21.448ms
11-01 22:35:18.321 18094 18218 I Icing   : Removing corpus key com.android.chrome-omnibox for package com.android.chrome
11-01 22:35:18.350 18094 18218 I Icing   : Removing corpus key com.android.chrome-internal.3p:WebPage for package com.android.chrome
11-01 22:35:18.411 18094 18218 I Icing   : Starting compaction min disk 99.926% min index 99.986%
11-01 22:35:18.542 18094 18218 I native  : document-store.cc:1654 Scored 2956 usage reports, missing_corpora 1617 update_failed 1
11-01 22:35:18.575 18094 18218 W native  : words-map.cc:30 INVALID_ARGUMENT: Empty URI
11-01 22:35:18.575 18094 18218 W native  : words-map.cc:34 WordsMap was not properly initialized
11-01 22:35:18.699 18094 18218 E native  : compactor.cc:67 Could not index embedding for docid 1: INTERNAL: Unable to find Thing Proto section 
11-01 22:35:18.700 18094 18218 E native  : compactor.cc:67 Could not index embedding for docid 3: INTERNAL: Unable to find Thing Proto section 
11-01 22:35:18.700 18094 18218 E native  : compactor.cc:67 Could not index embedding for docid 5: INTERNAL: Unable to find Thing Proto section 
11-01 22:35:18.701 18094 18218 E native  : compactor.cc:67 Could not index embedding for docid 7: INTERNAL: Unable to find Thing Proto section 
11-01 22:35:18.706 18094 18218 E native  : compactor.cc:67 Could not index embedding for docid 8: INTERNAL: Unable to find Thing Proto section 
11-01 22:35:18.706 18094 18218 E native  : compactor.cc:67 Could not index embedding for docid 10: INTERNAL: Unable to find Thing Proto section 
11-01 22:35:18.706 18094 18218 E native  : compactor.cc:67 Could not index embedding for docid 11: INTERNAL: Unable to find Thing Proto section 
11-01 22:35:18.707 18094 18218 E native  : compactor.cc:67 Could not index embedding for docid 13: INTERNAL: Unable to find Thing Proto section 
11-01 22:35:18.707 18094 18218 E native  : compactor.cc:67 Could not index embedding for docid 14: INTERNAL: Unable to find Thing Proto section 
11-01 22:35:18.712 18094 18218 E native  : compactor.cc:67 Could not index embedding for docid 17: INTERNAL: Unable to find Thing Proto section 
11-01 22:35:18.713 18094 18218 E native  : compactor.cc:67 Could not index embedding for docid 18: INTERNAL: Unable to find Thing Proto section 
11-01 22:35:18.713 18094 18218 E native  : compactor.cc:67 Could not index embedding for docid 21: INTERNAL: Unable to find Thing Proto section 
11-01 22:35:18.714 18094 18218 E native  : compactor.cc:67 Could not index embedding for docid 22: INTERNAL: Unable to find Thing Proto section 
11-01 22:35:18.719 18094 18218 E native  : compactor.cc:67 Could not index embedding for docid 26: INTERNAL: Unable to find Thing Proto section 
11-01 22:35:18.720 18094 18218 E native  : compactor.cc:67 Could not index embedding for docid 27: INTERNAL: Unable to find Thing Proto section 
11-01 22:35:18.770 18094 18218 I native  : flash-index.cc:1519 Flash index sort hb 34 prefix-hits 54 -> 54 at 34.091ms
11-01 22:35:18.800 18094 18218 W native  : words-map.cc:30 INVALID_ARGUMENT: Empty URI
11-01 22:35:18.800 18094 18218 W native  : words-map.cc:34 WordsMap was not properly initialized
11-01 22:35:18.839 18094 18218 I Icing   : updateResources: need to parse acol{com.android.chrome}
11-01 22:35:18.920 18094 18218 I Icing   : Indexing com.android.chrome-omnibox from com.android.chrome
11-01 22:35:18.932   600   610 I ActivityManager: Start proc 32083:com.android.chrome/u0a35 for content provider com.android.chrome/com.google.android.apps.chrome.icing.IcingProvider
11-01 22:35:19.018 18094 18218 I Icing   : Indexing done com.android.chrome-omnibox
