--------- beginning of main
11-02 15:08:43.164 15535 15535 D AndroidRuntime: >>>>>> START com.android.internal.os.RuntimeInit uid 2000 <<<<<<
11-02 15:08:43.168 15535 15535 D AndroidRuntime: CheckJNI is OFF
11-02 15:08:43.232 15535 15535 D ICU     : No timezone override file found: /data/misc/zoneinfo/current/icu/icu_tzdata.dat
11-02 15:08:43.262 15535 15535 I Radio-JNI: register_android_hardware_Radio DONE
11-02 15:08:43.276 15535 15535 D AndroidRuntime: Calling main entry com.android.commands.am.Am
--------- beginning of system
11-02 15:08:43.294   601   612 I ActivityManager: Force stopping com.android.chrome appid=10035 user=0: from pid 15535
11-02 15:08:43.294   601   612 I ActivityManager: Killing 14227:com.android.chrome/u0a35 (adj 904): stop com.android.chrome
11-02 15:08:43.294   601   612 D ActivityManager: cleanUpApplicationRecord -- 14227
11-02 15:08:43.304  1052  1052 D RegisteredNfcFServicesCache: Service unchanged, not updating
11-02 15:08:43.553   601  4276 I ActivityManager: START u0 {act=android.intent.action.VIEW flg=0x10008000 cmp=com.android.chrome/com.google.android.apps.chrome.Main} from uid 2000 on display 0
11-02 15:08:43.608 15535 15535 D AndroidRuntime: Shutting down VM
11-02 15:08:43.633   601  6618 I ActivityManager: Start proc 15545:com.android.chrome/u0a35 for activity com.android.chrome/com.google.android.apps.chrome.Main
11-02 15:08:43.878   601  3864 I ActivityManager: START u0 {cmp=com.android.chrome/org.chromium.chrome.browser.firstrun.TabbedModeFirstRunActivity (has extras)} from uid 10035 on display 0
11-02 15:08:43.905 15545 15563 W DynamiteModule: Local module descriptor class for com.google.android.gms.googlecertificates not found.
11-02 15:08:44.004 15545 15563 I DynamiteModule: Considering local module com.google.android.gms.googlecertificates:0 and remote module com.google.android.gms.googlecertificates:6
11-02 15:08:44.004 15545 15563 I DynamiteModule: Selected remote version of com.google.android.gms.googlecertificates, version >= 6
11-02 15:08:44.078 15545 15563 W System  : ClassLoader referenced unknown path: 
11-02 15:08:44.099 15545 15563 D ApplicationLoaders: ignored Vulkan layer search path /data/app/com.google.android.gms-1/lib/arm:/data/app/com.google.android.gms-1/base.apk!/lib/armeabi-v7a:/data/app/com.google.android.gms-1/split_config.en.apk!/lib/armeabi-v7a for namespace 0xf387f090
11-02 15:08:44.104 15545 15563 W ResourceType: ResTable_typeSpec entry count inconsistent: given 67, previously 69
11-02 15:08:44.104 15545 15563 W ResourceType: ResTable_typeSpec entry count inconsistent: given 5346, previously 5347
11-02 15:08:44.111 15545 15565 I OpenGLRenderer: Initialized EGL, version 1.4
11-02 15:08:44.111 15545 15565 D OpenGLRenderer: Swap behavior 2
11-02 15:08:44.137 15545 15563 I DynamiteLoaderV2Impl: [70] Googlecertificates
11-02 15:08:44.151 15545 15564 I cr_LibraryLoader: Loaded native library version number "85.0.4183.127"
11-02 15:08:44.171 15545 15563 W System  : ClassLoader referenced unknown path: /data/user_de/0/com.google.android.gms/app_chimera/m/00000061/n/armeabi-v7a
11-02 15:08:44.171 15545 15563 W System  : ClassLoader referenced unknown path: /data/user_de/0/com.google.android.gms/app_chimera/m/00000061/n/armeabi
11-02 15:08:44.177 15545 15564 I cr_CachingUmaRecorder: Flushed 10 samples from 10 histograms.
11-02 15:08:44.231   601   621 W WindowManager: Failed looking up window
11-02 15:08:44.231   601   621 W WindowManager: java.lang.IllegalArgumentException: Requested window android.view.ViewRootImpl$W@f2acdd1 does not exist
11-02 15:08:44.231   601   621 W WindowManager: 	at com.android.server.wm.WindowManagerService.windowForClientLocked(WindowManagerService.java:9422)
11-02 15:08:44.231   601   621 W WindowManager: 	at com.android.server.wm.WindowManagerService.windowForClientLocked(WindowManagerService.java:9413)
11-02 15:08:44.231   601   621 W WindowManager: 	at com.android.server.wm.WindowManagerService.removeWindow(WindowManagerService.java:2393)
11-02 15:08:44.231   601   621 W WindowManager: 	at com.android.server.wm.Session.remove(Session.java:202)
11-02 15:08:44.231   601   621 W WindowManager: 	at android.view.ViewRootImpl.dispatchDetachedFromWindow(ViewRootImpl.java:3290)
11-02 15:08:44.231   601   621 W WindowManager: 	at android.view.ViewRootImpl.doDie(ViewRootImpl.java:5917)
11-02 15:08:44.231   601   621 W WindowManager: 	at android.view.ViewRootImpl$ViewRootHandler.handleMessage(ViewRootImpl.java:3626)
11-02 15:08:44.231   601   621 W WindowManager: 	at android.os.Handler.dispatchMessage(Handler.java:102)
11-02 15:08:44.231   601   621 W WindowManager: 	at android.os.Looper.loop(Looper.java:154)
11-02 15:08:44.231   601   621 W WindowManager: 	at android.os.HandlerThread.run(HandlerThread.java:61)
11-02 15:08:44.231   601   621 W WindowManager: 	at com.android.server.ServiceThread.run(ServiceThread.java:46)
11-02 15:08:44.293   601   621 I ActivityManager: Displayed com.android.chrome/org.chromium.chrome.browser.firstrun.TabbedModeFirstRunActivity: +373ms (total +689ms)
11-02 15:08:44.346   785   798 I FontLog : Received query Google Sans, URI content://com.google.android.gms.fonts [CONTEXT service_id=132 ]
11-02 15:08:44.346   785   798 I FontLog : Query [Google Sans] resolved to {Google Sans, wdth 100.0, wght 400, ital 0.0, bestEffort false} [CONTEXT service_id=132 ]
11-02 15:08:44.348   785   798 I FontLog : Font PFD returned from cache for {Google Sans, wdth 100.0, wght 400, ital 0.0, bestEffort false} [CONTEXT service_id=132 ]
11-02 15:08:44.348   785   798 I FontLog : Fetch {Google Sans, wdth 100.0, wght 400, ital 0.0, bestEffort false} end status Status{statusCode=SUCCESS, resolution=null} [CONTEXT service_id=132 ]
11-02 15:08:44.356   785  1271 I FontLog : Pulling font file for id = 385, cache size = 8 [CONTEXT service_id=132 ]
11-02 15:08:44.372   785  1706 I FontLog : Received query Google Sans:500, URI content://com.google.android.gms.fonts [CONTEXT service_id=132 ]
11-02 15:08:44.372   785  1706 I FontLog : Query [Google Sans:500] resolved to {Google Sans, wdth 100.0, wght 500, ital 0.0, bestEffort false} [CONTEXT service_id=132 ]
11-02 15:08:44.377   785  1706 I FontLog : Font PFD returned from cache for {Google Sans, wdth 100.0, wght 500, ital 0.0, bestEffort false} [CONTEXT service_id=132 ]
11-02 15:08:44.384   785  1706 I FontLog : Fetch {Google Sans, wdth 100.0, wght 500, ital 0.0, bestEffort false} end status Status{statusCode=SUCCESS, resolution=null} [CONTEXT service_id=132 ]
11-02 15:08:44.394   785  1694 I FontLog : Pulling font file for id = 386, cache size = 9 [CONTEXT service_id=132 ]
11-02 15:08:44.411   785  1765 E apju    : Phenotype API error. Event # cdub@369881ae, EventCode: 7 [CONTEXT service_id=51 ]
11-02 15:08:44.411   785  1765 E apju    : apiz: 29505: No config packages for log source, or config package not registered
11-02 15:08:44.411   785  1765 E apju    : 	at apkj.b(:com.google.android.gms@203915020@20.39.15 (040406-335085812):7)
11-02 15:08:44.411   785  1765 E apju    : 	at apkg.b(:com.google.android.gms@203915020@20.39.15 (040406-335085812):2)
11-02 15:08:44.411   785  1765 E apju    : 	at apju.a(:com.google.android.gms@203915020@20.39.15 (040406-335085812):85)
11-02 15:08:44.411   785  1765 E apju    : 	at apju.a(:com.google.android.gms@203915020@20.39.15 (040406-335085812):80)
11-02 15:08:44.411   785  1765 E apju    : 	at aain.run(:com.google.android.gms@203915020@20.39.15 (040406-335085812):7)
11-02 15:08:44.411   785  1765 E apju    : 	at boex.run(:com.google.android.gms@203915020@20.39.15 (040406-335085812):2)
11-02 15:08:44.411   785  1765 E apju    : 	at sup.b(:com.google.android.gms@203915020@20.39.15 (040406-335085812):12)
11-02 15:08:44.411   785  1765 E apju    : 	at sup.run(:com.google.android.gms@203915020@20.39.15 (040406-335085812):7)
11-02 15:08:44.411   785  1765 E apju    : 	at java.util.concurrent.ThreadPoolExecutor.runWorker(ThreadPoolExecutor.java:1133)
11-02 15:08:44.411   785  1765 E apju    : 	at java.util.concurrent.ThreadPoolExecutor$Worker.run(ThreadPoolExecutor.java:607)
11-02 15:08:44.411   785  1765 E apju    : 	at tam.run(:com.google.android.gms@203915020@20.39.15 (040406-335085812):0)
11-02 15:08:44.411   785  1765 E apju    : 	at java.lang.Thread.run(Thread.java:761)
11-02 15:08:44.414   785  1765 E AsyncOperation: serviceID=51, operation=GetExperimentTokensOperationCall [CONTEXT service_id=259 ]
11-02 15:08:44.414   785  1765 E AsyncOperation: OperationException[Status{statusCode=No config packages for log source, or config package not registered, resolution=null}]
11-02 15:08:44.414   785  1765 E AsyncOperation: 	at apju.a(:com.google.android.gms@203915020@20.39.15 (040406-335085812):87)
11-02 15:08:44.414   785  1765 E AsyncOperation: 	at apju.a(:com.google.android.gms@203915020@20.39.15 (040406-335085812):80)
11-02 15:08:44.414   785  1765 E AsyncOperation: 	at aain.run(:com.google.android.gms@203915020@20.39.15 (040406-335085812):7)
11-02 15:08:44.414   785  1765 E AsyncOperation: 	at boex.run(:com.google.android.gms@203915020@20.39.15 (040406-335085812):2)
11-02 15:08:44.414   785  1765 E AsyncOperation: 	at sup.b(:com.google.android.gms@203915020@20.39.15 (040406-335085812):12)
11-02 15:08:44.414   785  1765 E AsyncOperation: 	at sup.run(:com.google.android.gms@203915020@20.39.15 (040406-335085812):7)
11-02 15:08:44.414   785  1765 E AsyncOperation: 	at java.util.concurrent.ThreadPoolExecutor.runWorker(ThreadPoolExecutor.java:1133)
11-02 15:08:44.414   785  1765 E AsyncOperation: 	at java.util.concurrent.ThreadPoolExecutor$Worker.run(ThreadPoolExecutor.java:607)
11-02 15:08:44.414   785  1765 E AsyncOperation: 	at tam.run(:com.google.android.gms@203915020@20.39.15 (040406-335085812):0)
11-02 15:08:44.414   785  1765 E AsyncOperation: 	at java.lang.Thread.run(Thread.java:761)
11-02 15:08:44.426 15545 15563 D NetworkSecurityConfig: Using Network Security Config from resource 0_resource_name_obfuscated debugBuild: false
11-02 15:08:44.527 26552 26552 I MemoryTrimmer: Trimming objects from memory, since app is in the background.
11-02 15:08:44.534  1065  1065 I MemoryTrimmer: Trimming objects from memory, since app is in the background.
11-02 15:08:44.541 26552 15450 I DeviceStateChecker: DeviceStateChecker cancelled
11-02 15:08:44.542 26552 26552 I MicroDetector: Keeping mic open: false
11-02 15:08:44.542 26552 13382 I AudioController: internalShutdown
11-02 15:08:44.542 26552 13382 I MicrophoneInputStream: mic_close com.google.android.apps.gsa.speech.audio.ae@1420a9c
11-02 15:08:44.542 26552 27106 I MicroRecognitionRunner: Stopping hotword detection.
11-02 15:08:44.563   237   285 I SoundTriggerHwService::Module: void android::SoundTriggerHwService::Module::onCallbackEvent(const sp<android::SoundTriggerHwService::CallbackEvent> &) mClient == 0
11-02 15:08:44.596 26552 15451 I MicroRecognitionRunner: Detection finished
11-02 15:08:44.605 26552 26552 I MemoryTrimmer: Trimming objects from memory, since app is in the background.
11-02 15:08:44.776 15545 15563 I cr_VariationsSeedFetch: Fetched first run seed in 354 ms
11-02 15:08:44.809   601   660 I ActivityManager: Start proc 15581:com.android.chrome:sandboxed_process0/u0i180 for service com.android.chrome/org.chromium.content.app.SandboxedProcessService0
11-02 15:08:44.855 15581 15581 W dboxed_process0: type=1400 audit(0.0:3633): avc: denied { getattr } for path="/data/data/com.android.chrome" dev="dm-2" ino=12190 scontext=u:r:isolated_app:s0:c512,c768 tcontext=u:object_r:app_data_file:s0:c512,c768 tclass=dir permissive=0
11-02 15:08:44.889 15581 15581 I cr_ChildProcessService: Creating new ChildProcessService pid=15581
11-02 15:08:45.115   601 12691 I ActivityManager: Start proc 15608:com.android.chrome:privileged_process0/u0a35 for service com.android.chrome/org.chromium.content.app.PrivilegedProcessService0
11-02 15:08:45.170 15545 15567 W ConnectionStatusConfig: Dynamic lookup for intent failed for action: com.google.android.gms.auth.key.retrieval.service.START
11-02 15:08:45.184 15545 15567 W ConnectionStatusConfig: Dynamic lookup for intent failed for action: com.google.android.gms.auth.key.retrieval.service.START
11-02 15:08:45.195   601  2013 W ActivityManager: Unable to start service Intent { act=com.google.android.gms.auth.key.retrieval.service.START pkg=com.google.android.gms } U=0: not found
11-02 15:08:45.208   601  9663 W ActivityManager: Unbind failed: could not find connection for android.os.BinderProxy@b420be7
11-02 15:08:45.209 15545 15567 E GmsClient: unable to connect to service: com.google.android.gms.auth.key.retrieval.service.START on com.google.android.gms
11-02 15:08:45.231 15608 15608 I cr_ChildProcessService: Creating new ChildProcessService pid=15608
11-02 15:08:45.261 15545 15545 W cr_KnoxSettingsProvider: Permission to read device policy denied.
11-02 15:08:45.285 15608 15624 I cr_LibraryLoader: Loaded native library version number "85.0.4183.127"
11-02 15:08:45.290 15608 15624 I cr_CachingUmaRecorder: Flushed 1 samples from 1 histograms.
11-02 15:08:45.313 15608 15624 E libEGL  : validate_display:99 error 3008 (EGL_BAD_DISPLAY)
11-02 15:08:54.629 26552 26552 I MemoryTrimmer: Trimming objects from memory, since app is in the background.
11-02 15:08:56.937 15651 15651 D AndroidRuntime: >>>>>> START com.android.internal.os.RuntimeInit uid 2000 <<<<<<
11-02 15:08:56.940 15651 15651 D AndroidRuntime: CheckJNI is OFF
11-02 15:08:57.005 15651 15651 D ICU     : No timezone override file found: /data/misc/zoneinfo/current/icu/icu_tzdata.dat
11-02 15:08:57.036 15651 15651 I Radio-JNI: register_android_hardware_Radio DONE
11-02 15:08:57.053 15651 15651 D AndroidRuntime: Calling main entry com.android.commands.monkey.Monkey
11-02 15:08:57.122   601   614 W BroadcastQueue: Skipping deliver [background] BroadcastRecord{bbf6fcf u-1 android.net.conn.CONNECTIVITY_CHANGE} to ReceiverList{daddd5c 15651 (unknown name)/2000/u-1 remote:cdedaa9}: process crashing
11-02 15:08:58.503 15651 15651 D MonkeyStub: translateCommand: wake
11-02 15:08:58.616 15651 15651 D MonkeyStub: translateCommand: tap 398 1198
11-02 15:09:00.712 15651 15651 D MonkeyStub: translateCommand: tap 720 1506
11-02 15:09:00.915 30982  1881 I PeopleChimeraService: onService. callbacks = aaik@6d72e79, request = com.google.android.gms.common.internal.GetServiceRequest@45dd7be
11-02 15:09:00.915 30982 30994 I PeopleChimeraService: onService. callbacks = aaik@ea4f01f, request = com.google.android.gms.common.internal.GetServiceRequest@45ddf6c
11-02 15:09:02.967 15651 15651 D MonkeyStub: translateCommand: tap 355 1480
11-02 15:09:02.986 15651 15651 D MonkeyStub: Quit requested
11-02 15:09:03.014   601 10729 I ActivityManager: START u0 {act=android.intent.action.VIEW flg=0x10008000 cmp=com.android.chrome/com.google.android.apps.chrome.Main (has extras)} from uid 10035 on display 0
11-02 15:09:03.020   601   615 I CwMcuSensor: CwMcuSensor::flush: fd = 233, sensors_id = 0, path = /sys/class/htc_sensorhub/sensor_hub/flush, err = 0
11-02 15:09:03.048 15651 15651 I art     : System.exit called, status: 6
11-02 15:09:03.048 15651 15651 I AndroidRuntime: VM exiting with result code 6.
11-02 15:09:03.111   601  4262 W WindowManager: Attempted to remove non-existing token: android.os.Binder@da17865
11-02 15:09:03.214 15545 15545 E cr_CompositorSurfaceMgr: Transitioning to surface with format : -1
11-02 15:09:03.247   601   610 I art     : Background partial concurrent mark sweep GC freed 17609(878KB) AllocSpace objects, 3(60KB) LOS objects, 33% free, 15MB/23MB, paused 1.050ms total 154.744ms
11-02 15:09:03.318 15545 15599 W cr_tabmodel: Starting to perform legacy migration.
11-02 15:09:03.319 15545 15599 W cr_tabmodel: Finished performing legacy migration.
11-02 15:09:03.319 15545 15599 W cr_tabmodel: Starting to perform multi-instance migration.
11-02 15:09:03.319 15545 15599 W cr_tabmodel: Finished performing multi-instance migration.
11-02 15:09:03.321 15545 15599 I cr_tabmodel: Starting to fetch tab list for tab_state0
11-02 15:09:03.321 15545 15599 I cr_tabmodel: State file does not exist.
11-02 15:09:03.321 15545 15599 I cr_tabmodel: Starting to fetch tab list for tab_state1
11-02 15:09:03.321 15545 15599 I cr_tabmodel: State file does not exist.
11-02 15:09:03.367 15545 15599 I cr_ADCP : No customization source found
11-02 15:09:03.432   601  9663 E BatteryStatsService: power: Missing API
11-02 15:09:03.456   601   621 I ActivityManager: Displayed com.android.chrome/com.google.android.apps.chrome.Main: +395ms
11-02 15:09:03.464   601  9663 E BatteryStatsService: no controller energy info supplied
11-02 15:09:03.465   799   799 E PhoneInterfaceManager: [PhoneIntfMgr] queryModemActivityInfo: Empty response
11-02 15:09:03.470   601  9663 E BatteryStatsService: modem info is invalid: ModemActivityInfo{ mTimestamp=0 mSleepTimeMs=0 mIdleTimeMs=0 mTxTimeMs[]=[0, 0, 0, 0, 0] mRxTimeMs=0 mEnergyUsed=0}
11-02 15:09:03.483 15545 15565 D OpenGLRenderer: endAllActiveAnimators on 0xef98f480 (InsetDrawable) with handle 0xd19eda10
11-02 15:09:03.490 15545 15545 E cr_CompositorSurfaceMgr: Transitioning to surface with format : -1
11-02 15:09:03.497 15545 15545 E cr_CompositorSurfaceMgr: surfaceCreated format : 0
11-02 15:09:03.504 15545 15545 I cr_ContextualSearch: Tap suppression enabled: false
11-02 15:09:03.511 15545 15545 I cr_ChromeTabbedActivity: #initializeState
11-02 15:09:03.511 15545 15545 I cr_CipherFactory: #restoreFromBundle, no savedInstanceState.
11-02 15:09:03.511 15545 15545 I cr_tabmodel: #loadState, ignoreIncognitoFiles? true
11-02 15:09:03.565   601 19770 I ActivityManager: Start proc 15679:com.google.android.partnersetup/u0a12 for content provider com.google.android.partnersetup/.RlzAppProvider
11-02 15:09:03.674 15679 15679 I art     : Starting a blocking GC AddRemoveAppImageSpace
11-02 15:09:03.677 15679 15679 W System  : ClassLoader referenced unknown path: /system/priv-app/GooglePartnerSetup/lib/arm64
11-02 15:09:03.715 15545 15556 I art     : Background sticky concurrent mark sweep GC freed 6068(923KB) AllocSpace objects, 9(180KB) LOS objects, 15% free, 7MB/8MB, paused 8.881ms total 45.771ms
11-02 15:09:03.756 15545 15545 I SchedulerApiWrapper: Create SchedulerApiMainThreadWrapper
11-02 15:09:03.770 15545 15545 I FeedSessionManagerImpl: FeedSessionManagerImpl has been created
11-02 15:09:03.773 15545 15545 I FeedAppLifecycleLstnr: onEnterForeground called
11-02 15:09:03.773 15545 15545 I FeedSessionManagerImpl: onLifecycleEvent foreground
11-02 15:09:03.775 15545 15545 I FeedSessionManagerImpl: Lazy initialization triggered, getUpdateConsumer
11-02 15:09:03.776 15545 15600 I TaskQueue: Execute task [IMMEDIATE - d: true, b: 0]: 30
11-02 15:09:03.779 15545 15545 I FeedRequestManagerImpl: trigger refresh 2
11-02 15:09:03.780 15545 15545 I TaskQueue:  - task [HEAD_INVALIDATE - d: true, b: 0]: 26
11-02 15:09:03.780 15545 15545 I FeedAppLifecycleLstnr: initialize called
11-02 15:09:03.780 15545 15545 I FeedSessionManagerImpl: onLifecycleEvent initialize
11-02 15:09:03.780 15545 15545 W FeedSessionManagerImpl: FeedSessionManagerImpl has previously been initialized
11-02 15:09:03.805 15545 15545 I ViewConfigCompat: Could not find method getScaledScrollFactor() on ViewConfiguration
11-02 15:09:03.808 15545 15545 I BasicStream: Setting 2 header views, currently have 0 headers
11-02 15:09:03.809 15545 15545 I BasicStream: Setting 2 header views, currently have 2 headers
11-02 15:09:03.875   601   620 D BluetoothManagerService: Message: 20
11-02 15:09:03.875   601   620 D BluetoothManagerService: Added callback: android.bluetooth.IBluetoothManagerCallback$Stub$Proxy@62038c1:true
11-02 15:09:03.889 15581 15594 I cr_LibraryLoader: Loaded native library version number "85.0.4183.127"
11-02 15:09:03.890 15581 15594 I cr_CachingUmaRecorder: Flushed 1 samples from 1 histograms.
11-02 15:09:03.899 15545 15545 E cr_IntentUtils: getBooleanExtra failed on intent null
11-02 15:09:03.910 15545 15545 I TimeoutSessionImpl: Using TimeoutSessionImpl
11-02 15:09:03.910 15545 15545 I FeedSessionManagerImpl: Delaying populateSession until initialization is finished
11-02 15:09:03.911 15545 15545 I TaskQueue:  - task [IMMEDIATE - d: true, b: 1]: 13
11-02 15:09:03.911 15545 15545 I MainThreadRunner: Running task [BasicStream onShow] on the Main Thread with a delay of 500 milliseconds
11-02 15:09:03.990   601 31547 I ActivityManager: Start proc 15697:com.android.chrome:sandboxed_process1/u0i181 for service com.android.chrome/org.chromium.content.app.SandboxedProcessService1
11-02 15:09:03.999 15545 15600 W SessionCache: Persisted Sessions were not found
11-02 15:09:03.999 15545 15600 I HeadSessionImpl: Initialize HEAD 0 items
11-02 15:09:04.000 15545 15600 I TaskQueue:  - task [BACKGROUND - d: true, b: 2]: 11
11-02 15:09:04.001 15545 15600 I TimingUtils: Task Timing 223ms, thread JardinExecutor | task : Initialization
11-02 15:09:04.001 15545 15600 I TaskQueue:  - Finished 30, time 225 ms
11-02 15:09:04.002 15545 15600 I TaskQueue: Execute task [HEAD_INVALIDATE - d: true, b: 2]: 26
11-02 15:09:04.002 15545 15600 I TimingUtils: Task Timing   0ms, thread JardinExecutor | task : getAllDismissLocalActions | size : 0
11-02 15:09:04.003 15545 15600 I TimingUtils: Task Timing   0ms, thread JardinExecutor | task : getSemanticProperties | size : 0
11-02 15:09:04.003 15545 15600 I MainThreadRunner: Running task [Check Tooltips] on the Main Thread
11-02 15:09:04.003 15545 15600 I TaskQueue:  * Starting starvation checks
11-02 15:09:04.003 15545 15600 I MainThreadRunner: Running task [starvationChecks] on the Main Thread with a delay of 6000 milliseconds
11-02 15:09:04.003 15545 15600 I TaskQueue:  - Finished 26, time 1 ms
11-02 15:09:04.003 15545 15600 I TaskQueue: Execute task [IMMEDIATE - d: true, b: 1]: 13
11-02 15:09:04.004 15545 15600 I FeedSessionManagerImpl: shouldSessionRequestData; hasContent(false), contentCreationTime(0), outstandingRequest(true)
11-02 15:09:04.004 15545 15600 I MainThreadRunner: Running task [SchedulerApiWrapper shouldSessionRequestData] on the Main Thread
11-02 15:09:04.028   601  6618 I ActivityManager: Start proc 15702:com.android.chrome:sandboxed_process2/u0i182 for service com.android.chrome/org.chromium.content.app.SandboxedProcessService2
11-02 15:09:04.066   601  2013 I ActivityManager: Start proc 15719:com.android.chrome:sandboxed_process3/u0i183 for service com.android.chrome/org.chromium.content.app.SandboxedProcessService3
11-02 15:09:04.102   601   819 I ActivityManager: Start proc 15732:com.android.chrome:sandboxed_process4/u0i184 for service com.android.chrome/org.chromium.content.app.SandboxedProcessService4
11-02 15:09:04.175   601  9663 I ActivityManager: Start proc 15745:com.android.chrome:sandboxed_process5/u0i185 for service com.android.chrome/org.chromium.content.app.SandboxedProcessService5
11-02 15:09:04.253   601  4276 I ActivityManager: Start proc 15761:com.android.chrome:sandboxed_process6/u0i186 for service com.android.chrome/org.chromium.content.app.SandboxedProcessService6
11-02 15:09:04.289 15697 15697 W dboxed_process1: type=1400 audit(0.0:3634): avc: denied { getattr } for path="/data/data/com.android.chrome" dev="dm-2" ino=12190 scontext=u:r:isolated_app:s0:c512,c768 tcontext=u:object_r:app_data_file:s0:c512,c768 tclass=dir permissive=0
11-02 15:09:04.301 15545 15545 I PlayCore: UID: [10035]  PID: [15545] SplitInstallService : deferredInstall([image_editor])
11-02 15:09:04.310   601  6618 I ActivityManager: Start proc 15780:com.android.chrome:sandboxed_process7/u0i187 for service com.android.chrome/org.chromium.content.app.SandboxedProcessService7
11-02 15:09:04.359 15702 15702 W dboxed_process2: type=1400 audit(0.0:3635): avc: denied { getattr } for path="/data/data/com.android.chrome" dev="dm-2" ino=12190 scontext=u:r:isolated_app:s0:c512,c768 tcontext=u:object_r:app_data_file:s0:c512,c768 tclass=dir permissive=0
11-02 15:09:04.400   601  7042 I ActivityManager: Start proc 15799:com.android.chrome:sandboxed_process8/u0i188 for service com.android.chrome/org.chromium.content.app.SandboxedProcessService8
11-02 15:09:04.452 15732 15732 W dboxed_process4: type=1400 audit(0.0:3636): avc: denied { getattr } for path="/data/data/com.android.chrome" dev="dm-2" ino=12190 scontext=u:r:isolated_app:s0:c512,c768 tcontext=u:object_r:app_data_file:s0:c512,c768 tclass=dir permissive=0
11-02 15:09:04.468 15545 15545 I Choreographer: Skipped 60 frames!  The application may be doing too much work on its main thread.
11-02 15:09:04.491 15697 15697 I cr_ChildProcessService: Creating new ChildProcessService pid=15697
11-02 15:09:04.499 15719 15719 W dboxed_process3: type=1400 audit(0.0:3637): avc: denied { getattr } for path="/data/data/com.android.chrome" dev="dm-2" ino=12190 scontext=u:r:isolated_app:s0:c512,c768 tcontext=u:object_r:app_data_file:s0:c512,c768 tclass=dir permissive=0
11-02 15:09:04.585 15745 15745 W dboxed_process5: type=1400 audit(0.0:3638): avc: denied { getattr } for path="/data/data/com.android.chrome" dev="dm-2" ino=12190 scontext=u:r:isolated_app:s0:c512,c768 tcontext=u:object_r:app_data_file:s0:c512,c768 tclass=dir permissive=0
11-02 15:09:04.629 15761 15761 W dboxed_process6: type=1400 audit(0.0:3639): avc: denied { getattr } for path="/data/data/com.android.chrome" dev="dm-2" ino=12190 scontext=u:r:isolated_app:s0:c512,c768 tcontext=u:object_r:app_data_file:s0:c512,c768 tclass=dir permissive=0
11-02 15:09:04.638 15545 15556 I art     : Background sticky concurrent mark sweep GC freed 39319(2MB) AllocSpace objects, 21(476KB) LOS objects, 20% free, 9MB/12MB, paused 16.901ms total 128.496ms
11-02 15:09:04.681 15545 15545 I TaskQueue:  - task [IMMEDIATE - d: true, b: 1]: 27
11-02 15:09:04.684 15702 15702 I cr_ChildProcessService: Creating new ChildProcessService pid=15702
11-02 15:09:04.690 15545 15600 I FeedSessionManagerImpl: shouldSessionRequestDataResult: NO_REQUEST_WITH_WAIT, shouldMakeRequest(false), withTimeout(false), withAppend(false)
11-02 15:09:04.690 15545 15600 I TaskQueue:  - task [USER_FACING - d: true, b: 2]: 24
11-02 15:09:04.690 15545 15600 I TaskQueue:  - Finished 13, time 687 ms
11-02 15:09:04.690 15545 15600 I TaskQueue: Execute task [IMMEDIATE - d: true, b: 2]: 27
11-02 15:09:04.691 15545 15600 I FeedRequestManagerImpl: Consistency Token: # hU2@7bca4
11-02 15:09:04.708 15545 15600 I FeedRequestManagerImpl: Capability: FEED_UI
11-02 15:09:04.708 15545 15600 I FeedRequestManagerImpl: Capability: UNDOABLE_ACTIONS
11-02 15:09:04.708 15545 15600 I FeedRequestManagerImpl: Capability: MANAGE_INTERESTS
11-02 15:09:04.708 15545 15600 I FeedRequestManagerImpl: Capability: SEND_FEEDBACK
11-02 15:09:04.708 15545 15600 I FeedRequestManagerImpl: Capability: ARTICLE_SNIPPETS
11-02 15:09:04.708 15545 15600 I FeedRequestManagerImpl: Capability: CLICK_ACTION
11-02 15:09:04.708 15545 15600 I FeedRequestManagerImpl: Capability: VIEW_ACTION
11-02 15:09:04.708 15545 15600 I FeedRequestManagerImpl: Capability: REPORT_FEED_USER_ACTIONS_NOTICE_CARD
11-02 15:09:04.708 15545 15600 I FeedRequestManagerImpl: Capability: BASE_UI
11-02 15:09:04.735 15732 15732 I cr_ChildProcessService: Creating new ChildProcessService pid=15732
11-02 15:09:04.736 15719 15719 I cr_ChildProcessService: Creating new ChildProcessService pid=15719
11-02 15:09:04.737 15545 15600 I FeedRequestManagerImpl: Making Request: /httpservice/noretry/DiscoverClankService/FeedQuery
11-02 15:09:04.737 15545 15600 I MainThreadRunner: Running task [NetworkClientWrapper send] on the Main Thread
11-02 15:09:04.737 15545 15600 I TaskQueue:  - Finished 27, time 47 ms
11-02 15:09:04.769 15780 15780 W dboxed_process7: type=1400 audit(0.0:3640): avc: denied { getattr } for path="/data/data/com.android.chrome" dev="dm-2" ino=12190 scontext=u:r:isolated_app:s0:c512,c768 tcontext=u:object_r:app_data_file:s0:c512,c768 tclass=dir permissive=0
11-02 15:09:04.845 15799 15799 W dboxed_process8: type=1400 audit(0.0:3641): avc: denied { getattr } for path="/data/data/com.android.chrome" dev="dm-2" ino=12190 scontext=u:r:isolated_app:s0:c512,c768 tcontext=u:object_r:app_data_file:s0:c512,c768 tclass=dir permissive=0
11-02 15:09:04.893 15745 15745 I cr_ChildProcessService: Creating new ChildProcessService pid=15745
11-02 15:09:04.916 15697 15809 I cr_LibraryLoader: Loaded native library version number "85.0.4183.127"
11-02 15:09:04.916 15697 15809 I cr_CachingUmaRecorder: Flushed 1 samples from 1 histograms.
11-02 15:09:04.923 15761 15761 I cr_ChildProcessService: Creating new ChildProcessService pid=15761
11-02 15:09:04.924 15780 15780 I cr_ChildProcessService: Creating new ChildProcessService pid=15780
11-02 15:09:05.002 15702 15818 I cr_LibraryLoader: Loaded native library version number "85.0.4183.127"
11-02 15:09:05.011 15702 15818 I cr_CachingUmaRecorder: Flushed 1 samples from 1 histograms.
11-02 15:09:05.020 15799 15799 I cr_ChildProcessService: Creating new ChildProcessService pid=15799
11-02 15:09:05.081 15545 15545 I cr_tabmodel: Appending tabs being restored to metadata lists, 0, startingNormalCount: 1, startingIncognitoCount: 0
11-02 15:09:05.081 15545 15545 I cr_tabmodel: Serializing tab lists; counts: 1, 0
11-02 15:09:05.103   601  1452 I ActivityManager: Start proc 15830:com.android.chrome:sandboxed_process9/u0i189 for service com.android.chrome/org.chromium.content.app.SandboxedProcessService9
11-02 15:09:05.104 15697 15809 I chromium: [INFO:child_process_service.cc(69)] ChildProcessService: Exiting child process.
11-02 15:09:05.106   195   195 E lowmemorykiller: Error writing /proc/15697/oom_score_adj; errno=22
11-02 15:09:05.196 15719 15820 I cr_LibraryLoader: Loaded native library version number "85.0.4183.127"
11-02 15:09:05.197 15719 15820 I cr_CachingUmaRecorder: Flushed 1 samples from 1 histograms.
11-02 15:09:05.221 15732 15819 I cr_LibraryLoader: Loaded native library version number "85.0.4183.127"
11-02 15:09:05.237 15732 15819 I cr_CachingUmaRecorder: Flushed 1 samples from 1 histograms.
11-02 15:09:05.237 15545 15556 I art     : Background partial concurrent mark sweep GC freed 42407(2MB) AllocSpace objects, 28(552KB) LOS objects, 40% free, 9MB/15MB, paused 14.235ms total 184.264ms
11-02 15:09:05.264   601 17045 I ActivityManager: Killing 15702:com.android.chrome:sandboxed_process2/u0a35i182 (adj 0): isolated not needed
11-02 15:09:05.264   601 17045 I ActivityManager: Killing 15697:com.android.chrome:sandboxed_process1/u0a35i181 (adj 0): isolated not needed
11-02 15:09:05.344 15745 15821 I cr_LibraryLoader: Loaded native library version number "85.0.4183.127"
11-02 15:09:05.344 15745 15821 I cr_CachingUmaRecorder: Flushed 1 samples from 1 histograms.
11-02 15:09:05.352 15761 15822 I cr_LibraryLoader: Loaded native library version number "85.0.4183.127"
11-02 15:09:05.353 15761 15822 I cr_CachingUmaRecorder: Flushed 1 samples from 1 histograms.
11-02 15:09:05.381 15732 15819 I chromium: [INFO:child_process_service.cc(69)] ChildProcessService: Exiting child process.
11-02 15:09:05.386 15780 15823 I cr_LibraryLoader: Loaded native library version number "85.0.4183.127"
11-02 15:09:05.387 15780 15823 I cr_CachingUmaRecorder: Flushed 1 samples from 1 histograms.
11-02 15:09:05.399 15830 15830 W dboxed_process9: type=1400 audit(0.0:3642): avc: denied { getattr } for path="/data/data/com.android.chrome" dev="dm-2" ino=12190 scontext=u:r:isolated_app:s0:c512,c768 tcontext=u:object_r:app_data_file:s0:c512,c768 tclass=dir permissive=0
11-02 15:09:05.416 15799 15827 I cr_LibraryLoader: Loaded native library version number "85.0.4183.127"
11-02 15:09:05.427 15799 15827 I cr_CachingUmaRecorder: Flushed 1 samples from 1 histograms.
11-02 15:09:05.553   601   819 I ActivityManager: Start proc 15866:com.android.chrome:sandboxed_process10/u0i190 for service com.android.chrome/org.chromium.content.app.SandboxedProcessService10
11-02 15:09:05.558 15761 15822 I chromium: [INFO:child_process_service.cc(69)] ChildProcessService: Exiting child process.
11-02 15:09:05.559   195   195 E lowmemorykiller: Error writing /proc/15761/oom_score_adj; errno=22
11-02 15:09:05.578 15745 15745 I cr_ChildProcessService: Destroying ChildProcessService pid=15745
11-02 15:09:05.609   601 12301 I ActivityManager: Killing 15780:com.android.chrome:sandboxed_process7/u0a35i187 (adj 0): isolated not needed
11-02 15:09:05.609   601 12301 I ActivityManager: Killing 15761:com.android.chrome:sandboxed_process6/u0a35i186 (adj 0): isolated not needed
11-02 15:09:05.610   601 12301 I ActivityManager: Killing 15745:com.android.chrome:sandboxed_process5/u0a35i185 (adj 0): isolated not needed
11-02 15:09:05.610   601 12301 I ActivityManager: Killing 15719:com.android.chrome:sandboxed_process3/u0a35i183 (adj 0): isolated not needed
11-02 15:09:05.610   601 12301 I ActivityManager: Killing 15732:com.android.chrome:sandboxed_process4/u0a35i184 (adj 0): isolated not needed
11-02 15:09:05.623 15799 15827 I chromium: [INFO:child_process_service.cc(69)] ChildProcessService: Exiting child process.
11-02 15:09:05.641 15830 15830 I cr_ChildProcessService: Creating new ChildProcessService pid=15830
11-02 15:09:05.666   601  2013 I ActivityManager: Killing 15799:com.android.chrome:sandboxed_process8/u0a35i188 (adj 0): isolated not needed
11-02 15:09:05.724 15545 15596 W cr_CrashFileManager: /data/user/0/com.android.chrome/cache/Crash Reports does not exist or is not a directory
11-02 15:09:05.724 15545 15596 W cr_CrashFileManager: /data/user/0/com.android.chrome/cache/Crash Reports does not exist or is not a directory
11-02 15:09:05.724 15545 15596 W cr_CrashFileManager: /data/user/0/com.android.chrome/cache/Crash Reports does not exist or is not a directory
11-02 15:09:05.725 15545 15580 I cr_BindingManager: Moderate binding enabled: maxSize=40
11-02 15:09:05.766 15545 15596 I cr_FileUtils: Writing to /data/user/0/com.android.chrome/app_dex/webapk7.dex
11-02 15:09:05.805 15866 15866 W boxed_process10: type=1400 audit(0.0:3643): avc: denied { getattr } for path="/data/data/com.android.chrome" dev="dm-2" ino=12190 scontext=u:r:isolated_app:s0:c512,c768 tcontext=u:object_r:app_data_file:s0:c512,c768 tclass=dir permissive=0
11-02 15:09:05.874   601  4262 I ActivityManager: Start proc 15885:com.android.chrome:sandboxed_process11/u0i191 for service com.android.chrome/org.chromium.content.app.SandboxedProcessService11
11-02 15:09:05.892 15830 15881 I cr_LibraryLoader: Loaded native library version number "85.0.4183.127"
11-02 15:09:05.908 30982 31531 I Icing   : IndexChimeraService.getServiceInterface callingPackage=com.android.chrome componentName=null serviceId=36
11-02 15:09:05.910 15830 15881 I cr_CachingUmaRecorder: Flushed 1 samples from 1 histograms.
11-02 15:09:05.972 30982 31507 I Icing   : IndexChimeraService.getServiceInterface callingPackage=com.android.chrome componentName=null serviceId=36
11-02 15:09:05.980 15684 15684 D AndroidRuntime: >>>>>> START com.android.internal.os.RuntimeInit uid 2000 <<<<<<
11-02 15:09:05.985 15866 15866 I cr_ChildProcessService: Creating new ChildProcessService pid=15866
11-02 15:09:06.019   601  9611 I ActivityManager: Start proc 15904:com.android.chrome:sandboxed_process12/u0i192 for service com.android.chrome/org.chromium.content.app.SandboxedProcessService12
11-02 15:09:06.034 15684 15684 D AndroidRuntime: CheckJNI is OFF
11-02 15:09:06.075   601 12691 I ActivityManager: Start proc 15909:com.android.chrome:sandboxed_process13/u0i193 for service com.android.chrome/org.chromium.content.app.SandboxedProcessService13
11-02 15:09:06.086 15830 15881 I chromium: [INFO:child_process_service.cc(69)] ChildProcessService: Exiting child process.
11-02 15:09:06.119   601 10729 I ActivityManager: Start proc 15920:com.android.chrome:sandboxed_process14/u0i194 for service com.android.chrome/org.chromium.content.app.SandboxedProcessService14
11-02 15:09:06.122 15885 15885 W boxed_process11: type=1400 audit(0.0:3644): avc: denied { getattr } for path="/data/data/com.android.chrome" dev="dm-2" ino=12190 scontext=u:r:isolated_app:s0:c512,c768 tcontext=u:object_r:app_data_file:s0:c512,c768 tclass=dir permissive=0
11-02 15:09:06.172   601 31547 I ActivityManager: Start proc 15937:com.android.chrome:sandboxed_process15/u0i195 for service com.android.chrome/org.chromium.content.app.SandboxedProcessService15
11-02 15:09:06.177   195   195 E lowmemorykiller: Error writing /proc/15830/oom_score_adj; errno=22
11-02 15:09:06.177   601 15862 E JavaBinder: !!! FAILED BINDER TRANSACTION !!!  (parcel size = 76)
11-02 15:09:06.177   601 15862 E JavaBinder: !!! FAILED BINDER TRANSACTION !!!  (parcel size = 572)
11-02 15:09:06.186   601 15862 W ActivityManager: Exception when unbinding service com.android.chrome/org.chromium.content.app.SandboxedProcessService9
11-02 15:09:06.186   601 15862 W ActivityManager: android.os.DeadObjectException: Transaction failed on small parcel; remote process probably died
11-02 15:09:06.186   601 15862 W ActivityManager: 	at android.os.BinderProxy.transactNative(Native Method)
11-02 15:09:06.186   601 15862 W ActivityManager: 	at android.os.BinderProxy.transact(Binder.java:615)
11-02 15:09:06.186   601 15862 W ActivityManager: 	at android.app.ApplicationThreadProxy.scheduleUnbindService(ApplicationThreadNative.java:1016)
11-02 15:09:06.186   601 15862 W ActivityManager: 	at com.android.server.am.ActiveServices.removeConnectionLocked(ActiveServices.java:2175)
11-02 15:09:06.186   601 15862 W ActivityManager: 	at com.android.server.am.ActiveServices.unbindServiceLocked(ActiveServices.java:1163)
11-02 15:09:06.186   601 15862 W ActivityManager: 	at com.android.server.am.ActivityManagerService.unbindService(ActivityManagerService.java:17309)
11-02 15:09:06.186   601 15862 W ActivityManager: 	at android.app.ActivityManagerNative.onTransact(ActivityManagerNative.java:1145)
11-02 15:09:06.186   601 15862 W ActivityManager: 	at com.android.server.am.ActivityManagerService.onTransact(ActivityManagerService.java:2795)
11-02 15:09:06.186   601 15862 W ActivityManager: 	at android.os.Binder.execTransact(Binder.java:565)
11-02 15:09:06.187   601 15862 E JavaBinder: !!! FAILED BINDER TRANSACTION !!!  (parcel size = 76)
11-02 15:09:06.187   195   195 E lowmemorykiller: Error writing /proc/15830/oom_score_adj; errno=22
11-02 15:09:06.187   601 15862 E JavaBinder: !!! FAILED BINDER TRANSACTION !!!  (parcel size = 76)
11-02 15:09:06.207 15883 15883 I dex2oat : /system/bin/dex2oat --dex-file=/data/user/0/com.android.chrome/app_dex/webapk7.dex --oat-fd=210 --oat-location=/data/user/0/com.android.chrome/app_dex/oat/arm/webapk7.dex --compiler-filter=speed
11-02 15:09:06.214   601  9663 I ActivityManager: Killing 15830:com.android.chrome:sandboxed_process9/u0a35i189 (adj 900): isolated not needed
11-02 15:09:06.277 15866 15902 I cr_LibraryLoader: Loaded native library version number "85.0.4183.127"
11-02 15:09:06.278 15866 15902 I cr_CachingUmaRecorder: Flushed 1 samples from 1 histograms.
11-02 15:09:06.287 15885 15885 I cr_ChildProcessService: Creating new ChildProcessService pid=15885
11-02 15:09:06.325 15904 15904 W boxed_process12: type=1400 audit(0.0:3645): avc: denied { getattr } for path="/data/data/com.android.chrome" dev="dm-2" ino=12190 scontext=u:r:isolated_app:s0:c512,c768 tcontext=u:object_r:app_data_file:s0:c512,c768 tclass=dir permissive=0
11-02 15:09:06.339 15909 15909 W boxed_process13: type=1400 audit(0.0:3646): avc: denied { getattr } for path="/data/data/com.android.chrome" dev="dm-2" ino=12190 scontext=u:r:isolated_app:s0:c512,c768 tcontext=u:object_r:app_data_file:s0:c512,c768 tclass=dir permissive=0
11-02 15:09:06.362 15920 15920 W boxed_process14: type=1400 audit(0.0:3647): avc: denied { getattr } for path="/data/data/com.android.chrome" dev="dm-2" ino=12190 scontext=u:r:isolated_app:s0:c512,c768 tcontext=u:object_r:app_data_file:s0:c512,c768 tclass=dir permissive=0
11-02 15:09:06.419 15937 15937 W boxed_process15: type=1400 audit(0.0:3648): avc: denied { getattr } for path="/data/data/com.android.chrome" dev="dm-2" ino=12190 scontext=u:r:isolated_app:s0:c512,c768 tcontext=u:object_r:app_data_file:s0:c512,c768 tclass=dir permissive=0
11-02 15:09:06.422   601   614 I ActivityManager: Killing 15866:com.android.chrome:sandboxed_process10/u0a35i190 (adj 0): isolated not needed
11-02 15:09:06.478 15909 15909 I cr_ChildProcessService: Creating new ChildProcessService pid=15909
11-02 15:09:06.496   601  4276 I ActivityManager: Start proc 15963:com.android.chrome:sandboxed_process16/u0i196 for service com.android.chrome/org.chromium.content.app.SandboxedProcessService16
11-02 15:09:06.552   601  3564 I ActivityManager: Start proc 15976:com.android.chrome:sandboxed_process17/u0i197 for service com.android.chrome/org.chromium.content.app.SandboxedProcessService17
11-02 15:09:06.555 15885 15957 I cr_LibraryLoader: Loaded native library version number "85.0.4183.127"
11-02 15:09:06.563 15885 15957 I cr_CachingUmaRecorder: Flushed 1 samples from 1 histograms.
11-02 15:09:06.591 15937 15937 I cr_ChildProcessService: Creating new ChildProcessService pid=15937
11-02 15:09:06.601   601  7042 I ActivityManager: Start proc 15989:com.android.chrome:sandboxed_process18/u0i198 for service com.android.chrome/org.chromium.content.app.SandboxedProcessService18
11-02 15:09:06.663   601 15862 I ActivityManager: Start proc 15999:com.android.chrome:sandboxed_process19/u0i199 for service com.android.chrome/org.chromium.content.app.SandboxedProcessService19
11-02 15:09:06.680 15684 15684 D ICU     : No timezone override file found: /data/misc/zoneinfo/current/icu/icu_tzdata.dat
11-02 15:09:06.713 15545 15599 W InstanceID: Instance ID SDK is deprecated, com.android.chrome should update to use Firebase Instance ID
11-02 15:09:06.751   601   660 I ActivityManager: Killing 15885:com.android.chrome:sandboxed_process11/u0a35i191 (adj 0): isolated not needed
11-02 15:09:06.769 15963 15963 W boxed_process16: type=1400 audit(0.0:3649): avc: denied { getattr } for path="/data/data/com.android.chrome" dev="dm-2" ino=12190 scontext=u:r:isolated_app:s0:c512,c768 tcontext=u:object_r:app_data_file:s0:c512,c768 tclass=dir permissive=0
11-02 15:09:06.772 15976 15976 W boxed_process17: type=1400 audit(0.0:3650): avc: denied { getattr } for path="/data/data/com.android.chrome" dev="dm-2" ino=12190 scontext=u:r:isolated_app:s0:c512,c768 tcontext=u:object_r:app_data_file:s0:c512,c768 tclass=dir permissive=0
11-02 15:09:06.810 15909 15962 I cr_LibraryLoader: Loaded native library version number "85.0.4183.127"
11-02 15:09:06.811 15909 15962 I cr_CachingUmaRecorder: Flushed 1 samples from 1 histograms.
11-02 15:09:06.857 15963 15963 I cr_ChildProcessService: Creating new ChildProcessService pid=15963
11-02 15:09:06.867 15937 15988 I cr_LibraryLoader: Loaded native library version number "85.0.4183.127"
11-02 15:09:06.868 15937 15988 I cr_CachingUmaRecorder: Flushed 1 samples from 1 histograms.
11-02 15:09:06.886 15976 15976 I cr_ChildProcessService: Creating new ChildProcessService pid=15976
11-02 15:09:06.923 15684 15684 I Radio-JNI: register_android_hardware_Radio DONE
11-02 15:09:06.932 15937 15937 I cr_ChildProcessService: Destroying ChildProcessService pid=15937
11-02 15:09:06.932 15909 15909 I cr_ChildProcessService: Destroying ChildProcessService pid=15909
11-02 15:09:06.933 15937 15988 I chromium: [INFO:child_process_service.cc(69)] ChildProcessService: Exiting child process.
11-02 15:09:06.933 15909 15962 I chromium: [INFO:child_process_service.cc(69)] ChildProcessService: Exiting child process.
11-02 15:09:06.954   601   610 I art     : Background partial concurrent mark sweep GC freed 33440(1666KB) AllocSpace objects, 13(352KB) LOS objects, 33% free, 15MB/23MB, paused 911us total 337.296ms
11-02 15:09:06.991 15684 15684 D AndroidRuntime: Calling main entry com.android.commands.am.Am
11-02 15:09:07.002   601  9663 I ActivityManager: Killing 15937:com.android.chrome:sandboxed_process15/u0a35i195 (adj 0): isolated not needed
11-02 15:09:07.002   601  9663 I ActivityManager: Killing 15909:com.android.chrome:sandboxed_process13/u0a35i193 (adj 0): isolated not needed
11-02 15:09:07.041 15904 15904 I cr_ChildProcessService: Creating new ChildProcessService pid=15904
11-02 15:09:07.059 15989 15989 W boxed_process18: type=1400 audit(0.0:3651): avc: denied { getattr } for path="/data/data/com.android.chrome" dev="dm-2" ino=12190 scontext=u:r:isolated_app:s0:c512,c768 tcontext=u:object_r:app_data_file:s0:c512,c768 tclass=dir permissive=0
11-02 15:09:07.086 15883 15883 I dex2oat : dex2oat took 889.656ms (threads: 2) arena alloc=771KB (790272B) java alloc=81KB (83360B) native alloc=559KB (573080B) free=1488KB (1524072B)
11-02 15:09:07.107 15920 15920 I cr_ChildProcessService: Creating new ChildProcessService pid=15920
11-02 15:09:07.142 15999 15999 W boxed_process19: type=1400 audit(0.0:3652): avc: denied { getattr } for path="/data/data/com.android.chrome" dev="dm-2" ino=12190 scontext=u:r:isolated_app:s0:c512,c768 tcontext=u:object_r:app_data_file:s0:c512,c768 tclass=dir permissive=0
11-02 15:09:07.184   601 10729 I ActivityManager: START u0 {act=android.intent.action.VIEW dat=http://192.168.40.1/... flg=0x10000000 cmp=com.android.chrome/com.google.android.apps.chrome.Main} from uid 2000 on display 0
11-02 15:09:07.187 15989 15989 I cr_ChildProcessService: Creating new ChildProcessService pid=15989
11-02 15:09:07.189 15684 15684 D AndroidRuntime: Shutting down VM
11-02 15:09:07.232 15976 16033 I cr_LibraryLoader: Loaded native library version number "85.0.4183.127"
11-02 15:09:07.255 15999 15999 I cr_ChildProcessService: Creating new ChildProcessService pid=15999
11-02 15:09:07.258 15963 16029 I cr_LibraryLoader: Loaded native library version number "85.0.4183.127"
11-02 15:09:07.262 15963 16029 I cr_CachingUmaRecorder: Flushed 1 samples from 1 histograms.
11-02 15:09:07.269 15545 15545 E cr_IntentUtils: getInt failed on bundle null
11-02 15:09:07.286 15976 16033 I cr_CachingUmaRecorder: Flushed 1 samples from 1 histograms.
11-02 15:09:07.343 15545 15556 I art     : Background sticky concurrent mark sweep GC freed 56254(3MB) AllocSpace objects, 47(960KB) LOS objects, 12% free, 13MB/15MB, paused 368us total 128.880ms
11-02 15:09:07.351 15545 15545 W FeedModelProvider: sessionId is null, this should have been set during population
11-02 15:09:07.352 15545 15545 I cr_tabmodel: Appending tabs being restored to metadata lists, 0, startingNormalCount: 2, startingIncognitoCount: 0
11-02 15:09:07.352 15545 15545 I cr_tabmodel: Serializing tab lists; counts: 2, 0
11-02 15:09:07.363 15904 16044 I cr_LibraryLoader: Loaded native library version number "85.0.4183.127"
11-02 15:09:07.363 15904 16044 I cr_CachingUmaRecorder: Flushed 1 samples from 1 histograms.
11-02 15:09:07.376 15920 16045 I cr_LibraryLoader: Loaded native library version number "85.0.4183.127"
11-02 15:09:07.376 15920 16045 I cr_CachingUmaRecorder: Flushed 1 samples from 1 histograms.
11-02 15:09:07.401 15963 16029 I chromium: [INFO:child_process_service.cc(69)] ChildProcessService: Exiting child process.
11-02 15:09:07.419 15976 16033 I chromium: [INFO:child_process_service.cc(69)] ChildProcessService: Exiting child process.
11-02 15:09:07.465 15989 16046 I cr_LibraryLoader: Loaded native library version number "85.0.4183.127"
11-02 15:09:07.465 15989 16046 I cr_CachingUmaRecorder: Flushed 1 samples from 1 histograms.
11-02 15:09:07.471 15904 16044 I chromium: [INFO:child_process_service.cc(69)] ChildProcessService: Exiting child process.
11-02 15:09:07.487 15920 16045 I chromium: [INFO:child_process_service.cc(69)] ChildProcessService: Exiting child process.
11-02 15:09:07.505 15999 16047 I cr_LibraryLoader: Loaded native library version number "85.0.4183.127"
11-02 15:09:07.509 15999 16047 I cr_CachingUmaRecorder: Flushed 1 samples from 1 histograms.
11-02 15:09:07.535 15989 16046 I chromium: [INFO:child_process_service.cc(69)] ChildProcessService: Exiting child process.
11-02 15:09:07.560 15999 16047 I chromium: [INFO:child_process_service.cc(69)] ChildProcessService: Exiting child process.
11-02 15:09:07.633   601 19770 I ActivityManager: Start proc 16067:com.android.chrome:sandboxed_process20/u0i200 for service com.android.chrome/org.chromium.content.app.SandboxedProcessService20
11-02 15:09:07.636   601   611 I ActivityManager: Process com.android.chrome:sandboxed_process16 (pid 15963) has died
11-02 15:09:07.636   601   611 D ActivityManager: cleanUpApplicationRecord -- 15963
11-02 15:09:07.636   601   611 W ActivityManager: Scheduling restart of crashed service com.android.chrome/org.chromium.content.app.SandboxedProcessService16 in 1000ms
11-02 15:09:07.640   601   611 E JavaBinder: !!! FAILED BINDER TRANSACTION !!!  (parcel size = 76)
11-02 15:09:07.640   601   611 E JavaBinder: !!! FAILED BINDER TRANSACTION !!!  (parcel size = 76)
11-02 15:09:07.640   601   611 E JavaBinder: !!! FAILED BINDER TRANSACTION !!!  (parcel size = 76)
11-02 15:09:07.640   601   611 E JavaBinder: !!! FAILED BINDER TRANSACTION !!!  (parcel size = 76)
11-02 15:09:07.641   601   611 E JavaBinder: !!! FAILED BINDER TRANSACTION !!!  (parcel size = 76)
11-02 15:09:07.650   601  3864 I ActivityManager: Process com.android.chrome:sandboxed_process12 (pid 15904) has died
11-02 15:09:07.650   601  3864 D ActivityManager: cleanUpApplicationRecord -- 15904
11-02 15:09:07.650   601  3864 W ActivityManager: Scheduling restart of crashed service com.android.chrome/org.chromium.content.app.SandboxedProcessService12 in 10986ms
11-02 15:09:07.650   601 31547 I ActivityManager: Process com.android.chrome:sandboxed_process18 (pid 15989) has died
11-02 15:09:07.650   601 31547 D ActivityManager: cleanUpApplicationRecord -- 15989
11-02 15:09:07.650   601 31547 W ActivityManager: Scheduling restart of crashed service com.android.chrome/org.chromium.content.app.SandboxedProcessService18 in 20985ms
11-02 15:09:07.651   601  9663 I ActivityManager: Process com.android.chrome:sandboxed_process17 (pid 15976) has died
