11-02 12:40:20.007  5158  5209 I MainThreadRunner: Running task [FeedRequestManagerImpl consumer] on the Main Thread
11-02 12:40:20.007  5158  5209 I TaskQueue:  - Finished 15, time 59 ms
11-02 12:40:20.011  5295  5295 I Radio-JNI: register_android_hardware_Radio DONE
11-02 12:40:20.016  5586  5630 I cr_LibraryLoader: Loaded native library version number "85.0.4183.127"
11-02 12:40:20.018  5586  5630 I cr_CachingUmaRecorder: Flushed 1 samples from 1 histograms.
11-02 12:40:20.032  5158  5158 I FeedProtocolAdapter: createModel, operations 33
11-02 12:40:20.038  5158  5158 I TimingUtils: Task Timing   6ms, thread ui | task : convertWireProtocol | mutations : 33
11-02 12:40:20.041  5158  5158 I TaskQueue:  - task [HEAD_RESET - d: true, b: 2]: 5
11-02 12:40:20.041  5158  5158 I TaskQueue:  - queueTask starting immediate task
11-02 12:40:20.041  5158  5209 I TaskQueue: Execute task [HEAD_RESET - d: true, b: 2]: 5
11-02 12:40:20.045  5158  5209 I TaskQueue:  - task [BACKGROUND - d: true, b: 2]: 23
11-02 12:40:20.048  5158  5209 W SessionCache: Persisted Sessions were not found
11-02 12:40:20.052  5158  5209 I PersistentFeedStore: commitSessionMutation - Success true, Update Session $HEAD, stream structures 32
11-02 12:40:20.060  5158  5209 I MainThreadRunner: Running task [SchedulerApiWrapper onReceiveNewContent] on the Main Thread
11-02 12:40:20.071  5295  5295 D AndroidRuntime: Calling main entry com.android.commands.am.Am
11-02 12:40:20.076  5158  5209 I MainThreadRunner: Running task [FeedKnownContentImpl onNewContentReceived] on the Main Thread
11-02 12:40:20.090  5158  5209 I SessionManagerMutation: Cleared Head, new creation time 11-02 12:40:20.048
11-02 12:40:20.090  5158  5209 I TimingUtils: Task Timing  48ms, thread background-1 | task : sessionMutation.commitTask:updateConsumer | mutations : 33 | userInitiated : false
11-02 12:40:20.090  5158  5209 I TaskQueue: Cancelling starvation checks
11-02 12:40:20.090  5158  5209 I TaskQueue:  - Finished 5, time 49 ms
11-02 12:40:20.092  5158  5209 I TaskQueue: Execute task [USER_FACING - d: false, b: 2]: 24
11-02 12:40:20.101  5158  5209 I TimeoutSessionImpl: TimeoutSession.populateModelProvider, shouldAppend false
11-02 12:40:20.101  5158  5209 I SessionImpl: PopulateModelProvider 32 items
11-02 12:40:20.101  5158  5209 I FeedModelProvider: FeedModelProvider - committer, structure changes 31, update changes 0
11-02 12:40:20.102  5158  5209 I FeedModelProvider: SyntheticTokenTracker: 0, 11, 11, false
11-02 12:40:20.102  5158  5209 I FeedSessionManagerImpl: Caching getStreamFeatures - items 31, cache misses 0, cache size 31
11-02 12:40:20.102  5158  5209 I FeedModelProvider: Moving _session:0fff165e-a374-4ff4-ad0d-f49077d0c33a to READY
11-02 12:40:20.102  5158  5209 I MainThreadRunner: Running task [FeedModelProvider onSessionStart] on the Main Thread
11-02 12:40:20.104  5158  5158 I FeedModelProvider: No children found for Cursor
11-02 12:40:20.142  5158  5209 I FeedModelProvider: ModelProvider Mutation committed - structure changes 31, childrenToBind 31, removedChildren false, Token false
11-02 12:40:20.146  5158  5209 I FeedSessionManagerImpl: Populate new session: _session:0fff165e-a374-4ff4-ad0d-f49077d0c33a, creation time 11-02 12:40:20.101
11-02 12:40:20.146  5158  5209 I TimingUtils: Task Timing  54ms, thread background-2 | task : Create/Populate New Session
11-02 12:40:20.146  5158  5209 I TaskQueue:  - Finished 24, time 56 ms
11-02 12:40:20.147  5158  5209 I TaskQueue: Execute task [BACKGROUND - d: false, b: 1]: 11
11-02 12:40:20.147  5158  5209 I ContentGc: Re-enqueuing triggerContentGc; attempts(0)
11-02 12:40:20.147  5158  5209 I TaskQueue:  - task [BACKGROUND - d: false, b: 1]: 11
11-02 12:40:20.147  5158  5209 I TaskQueue:  - Finished 11, time 0 ms
11-02 12:40:20.147  5158  5209 I TaskQueue: Execute task [BACKGROUND - d: false, b: 1]: 23
11-02 12:40:20.186   601   614 I ActivityManager: Killing 5574:com.android.chrome:sandboxed_process18/u0a35i970 (adj 0): isolated not needed
11-02 12:40:20.186   601   614 I ActivityManager: Killing 5586:com.android.chrome:sandboxed_process19/u0a35i971 (adj 0): isolated not needed
11-02 12:40:20.186   601   614 I ActivityManager: Killing 5559:com.android.chrome:sandboxed_process17/u0a35i969 (adj 0): isolated not needed
11-02 12:40:20.196  5158  5158 W FrameAdapter: [] Slow Bind () time: 72901 ps
11-02 12:40:20.218   601 19770 I ActivityManager: START u0 {act=android.intent.action.VIEW dat=http://192.168.40.1/... flg=0x10000000 cmp=com.android.chrome/com.google.android.apps.chrome.Main} from uid 2000 on display 0
11-02 12:40:20.224  5295  5295 D AndroidRuntime: Shutting down VM
11-02 12:40:20.232  5479  5479 I dex2oat : dex2oat took 1.446s (threads: 2) arena alloc=996KB (1019984B) java alloc=65KB (67400B) native alloc=559KB (573240B) free=2000KB (2048200B)
11-02 12:40:20.271  5158  5214 W InstanceID: Instance ID SDK is deprecated, com.android.chrome should update to use Firebase Instance ID
11-02 12:40:20.294  5158  5209 I TimingUtils: Task Timing 146ms, thread background-3 | task : commitContentMutation | mutations : 32
11-02 12:40:20.295  5158  5209 I TimingUtils: Task Timing   0ms, thread background-4 | task : commitSemanticPropertiesMutation | mutations : 0
11-02 12:40:20.296  5158  5209 I TaskQueue:  - Finished 23, time 149 ms
11-02 12:40:20.296  5158  5209 I TaskQueue: Execute task [BACKGROUND - d: false, b: 0]: 11
11-02 12:40:20.298  5158  5209 I SessionCache: Determining accessible content
11-02 12:40:20.300  5158  5209 I TimingUtils: Task Timing   4ms, thread background-5 | task : ContentGc | contentItemsRemoved : 0
11-02 12:40:20.300  5158  5209 I TaskQueue:  - Finished 11, time 4 ms
11-02 12:40:20.311  5158  5219 W chromium: [WARNING:spdy_session.cc(3090)] Received RST for invalid stream1
11-02 12:40:20.324  5158  5158 E cr_IntentUtils: getInt failed on bundle null
11-02 12:40:20.362  5158  5158 I cr_tabmodel: Appending tabs being restored to metadata lists, 0, startingNormalCount: 2, startingIncognitoCount: 0
11-02 12:40:20.363  5158  5158 I cr_tabmodel: Serializing tab lists; counts: 2, 0
11-02 12:40:20.380   601   611 I ActivityManager: Start proc 5666:com.android.chrome:sandboxed_process20/u0i972 for service com.android.chrome/org.chromium.content.app.SandboxedProcessService20
11-02 12:40:20.571  5666  5666 W boxed_process20: type=1400 audit(0.0:3158): avc: denied { getattr } for path="/data/data/com.android.chrome" dev="dm-2" ino=12190 scontext=u:r:isolated_app:s0:c512,c768 tcontext=u:object_r:app_data_file:s0:c512,c768 tclass=dir permissive=0
11-02 12:40:20.607  5666  5666 I cr_ChildProcessService: Creating new ChildProcessService pid=5666
11-02 12:40:20.623   601  3564 D ActivityManager: cleanUpApplicationRecord -- 5352
11-02 12:40:20.689  5666  5680 I cr_LibraryLoader: Loaded native library version number "85.0.4183.127"
11-02 12:40:20.693   601 10729 D ActivityManager: cleanUpApplicationRecord -- 5586
11-02 12:40:20.701   601  4262 D ActivityManager: cleanUpApplicationRecord -- 5574
11-02 12:40:20.705  5666  5680 I cr_CachingUmaRecorder: Flushed 1 samples from 1 histograms.
11-02 12:40:20.725   601 17045 I ActivityManager: Start proc 5682:com.android.chrome:sandboxed_process21/u0i973 for service com.android.chrome/org.chromium.content.app.SandboxedProcessService21
11-02 12:40:20.726  5158  5158 W chromium: [WARNING:compositor_view.cc(315)] Child process died (type=6) pid=5586)
11-02 12:40:20.742  5158  5158 W chromium: [WARNING:compositor_view.cc(315)] Child process died (type=6) pid=5574)
11-02 12:40:20.743   601  4276 I ActivityManager: Start proc 5687:com.android.chrome:sandboxed_process22/u0i974 for service com.android.chrome/org.chromium.content.app.SandboxedProcessService22
11-02 12:40:20.828  5682  5682 W boxed_process21: type=1400 audit(0.0:3159): avc: denied { getattr } for path="/data/data/com.android.chrome" dev="dm-2" ino=12190 scontext=u:r:isolated_app:s0:c512,c768 tcontext=u:object_r:app_data_file:s0:c512,c768 tclass=dir permissive=0
11-02 12:40:20.831  5687  5687 W boxed_process22: type=1400 audit(0.0:3160): avc: denied { getattr } for path="/data/data/com.android.chrome" dev="dm-2" ino=12190 scontext=u:r:isolated_app:s0:c512,c768 tcontext=u:object_r:app_data_file:s0:c512,c768 tclass=dir permissive=0
11-02 12:40:20.853  5158  5158 W chromium: [WARNING:compositor_view.cc(315)] Child process died (type=6) pid=5352)
11-02 12:40:20.887  5682  5682 I cr_ChildProcessService: Creating new ChildProcessService pid=5682
11-02 12:40:20.903  5687  5687 I cr_ChildProcessService: Creating new ChildProcessService pid=5687
11-02 12:40:20.908   601  9663 D ActivityManager: cleanUpApplicationRecord -- 5559
11-02 12:40:21.027  5682  5716 I cr_LibraryLoader: Loaded native library version number "85.0.4183.127"
11-02 12:40:21.031  5682  5716 I cr_CachingUmaRecorder: Flushed 1 samples from 1 histograms.
11-02 12:40:21.108  5687  5717 I cr_LibraryLoader: Loaded native library version number "85.0.4183.127"
11-02 12:40:21.108  5687  5717 I cr_CachingUmaRecorder: Flushed 1 samples from 1 histograms.
11-02 12:40:21.243  5687  5687 I cr_ChildProcessService: Destroying ChildProcessService pid=5687
11-02 12:40:21.245  5158  5158 W chromium: [WARNING:compositor_view.cc(315)] Child process died (type=6) pid=5559)
11-02 12:40:21.257   601 15862 I ActivityManager: Killing 5687:com.android.chrome:sandboxed_process22/u0a35i974 (adj 0): isolated not needed
11-02 12:40:21.275  5682  5716 I chromium: [INFO:child_process_service.cc(69)] ChildProcessService: Exiting child process.
11-02 12:40:21.284   195   195 E lowmemorykiller: Error writing /proc/5682/oom_score_adj; errno=22
11-02 12:40:21.284   601 17045 D ActivityManager: cleanUpApplicationRecord -- 5457
11-02 12:40:21.289   601 17045 I ActivityManager: Killing 5682:com.android.chrome:sandboxed_process21/u0a35i973 (adj 0): isolated not needed
11-02 12:40:21.293  5158  5158 W chromium: [WARNING:compositor_view.cc(315)] Child process died (type=6) pid=5457)
11-02 12:40:21.300   601   611 D ActivityManager: cleanUpApplicationRecord -- 5682
11-02 12:40:21.309  5158  5158 W chromium: [WARNING:compositor_view.cc(315)] Child process died (type=6) pid=5682)
11-02 12:40:21.942   601 31547 D ActivityManager: cleanUpApplicationRecord -- 5687
11-02 12:40:22.094  5158  5158 W chromium: [WARNING:compositor_view.cc(315)] Child process died (type=6) pid=5687)
11-02 12:40:22.124   601 19770 D ActivityManager: cleanUpApplicationRecord -- 5300
11-02 12:40:22.152  5158  5158 W chromium: [WARNING:compositor_view.cc(315)] Child process died (type=6) pid=5300)
11-02 12:40:22.276   601   616 W libprocessgroup: failed to kill pid 5300: No such process
11-02 12:40:22.397   601 15862 D ActivityManager: cleanUpApplicationRecord -- 5484
11-02 12:40:22.413  5158  5168 W art     : Suspending all threads took: 216.749ms
11-02 12:40:22.416  5158  5354 I PlayCore: UID: [10035]  PID: [5158] SplitInstallService : Failed to bind to the service.
11-02 12:40:22.433  5158  5215 I cr_omaha: Request to Server Successful. Timestamp for next request:1667392822433
11-02 12:40:22.435  5158  5158 W chromium: [WARNING:compositor_view.cc(315)] Child process died (type=6) pid=5484)
11-02 12:40:22.491  5158  5215 I cr_omaha: Request to Server Successful. Timestamp for next request:1667392822491
11-02 12:40:22.491  5158  5215 I cr_omaha: Attempting to schedule next job for: Wed Nov 02 17:40:22 GMT+01:00 2022
11-02 12:40:22.494  5158  5158 I cr_omaha: Scheduled using JobService
11-02 12:40:22.495  5158  5158 E cr_BkgrdTaskJS: Tried finishing non-current BackgroundTask.
11-02 12:40:22.496  5158  5168 I art     : Background partial concurrent mark sweep GC freed 162371(8MB) AllocSpace objects, 88(4MB) LOS objects, 40% free, 23MB/38MB, paused 223.669ms total 98.157ms
11-02 12:40:22.858 30982 31457 W Icing   : No valid account for uploading user actions
11-02 12:40:22.861 30982 31531 I Icing   : IndexChimeraService.getServiceInterface callingPackage=com.google.android.gms componentName=null serviceId=30
11-02 12:40:22.866   785  1694 W Icing   : isOptedInForAppHistory: empty Account Name encountered
11-02 12:40:22.887   785  1694 W Icing   : isOptedInForAppHistory: empty Account Name encountered
11-02 12:40:23.036   601 31547 D ActivityManager: cleanUpApplicationRecord -- 5307
11-02 12:40:23.047  5158  5158 W chromium: [WARNING:compositor_view.cc(315)] Child process died (type=6) pid=5307)
11-02 12:40:23.121   601  3564 D ActivityManager: cleanUpApplicationRecord -- 5334
11-02 12:40:23.136  5158  5158 W chromium: [WARNING:compositor_view.cc(315)] Child process died (type=6) pid=5334)
11-02 12:40:23.140   601  1452 D ActivityManager: cleanUpApplicationRecord -- 5490
11-02 12:40:23.223  5158  5158 E cr_BTSPrefs: No data found for task id: 53
11-02 12:40:23.224  5158  5158 E cr_BkgrdTaskScheduler: Task cannot be canceled because no data was found instorage or data was invalid
11-02 12:40:23.233  5158  5158 W chromium: [WARNING:compositor_view.cc(315)] Child process died (type=6) pid=5490)
11-02 12:40:23.250   601   819 D ActivityManager: cleanUpApplicationRecord -- 5552
11-02 12:40:23.261  5158  5158 W chromium: [WARNING:compositor_view.cc(315)] Child process died (type=6) pid=5552)
11-02 12:40:23.293   785  1675 W Icing   : isOptedInForAppHistory: empty Account Name encountered
11-02 12:40:23.297   601   612 D ActivityManager: cleanUpApplicationRecord -- 5518
11-02 12:40:23.304  5158  5158 W chromium: [WARNING:compositor_view.cc(315)] Child process died (type=6) pid=5518)
11-02 12:40:23.307   601  2013 D ActivityManager: cleanUpApplicationRecord -- 5531
11-02 12:40:23.313  5158  5158 W chromium: [WARNING:compositor_view.cc(315)] Child process died (type=6) pid=5531)
11-02 12:40:23.334 30982 31457 E native  : document-store.cc:1328 Failed to update per-doc-data with usage report
11-02 12:40:23.783 30982 31457 I Icing   : Usage reports ok 2, Failed Usage reports 1, indexed 1, rejected 0
11-02 12:40:23.783 30982 31457 I Icing   : Removing corpus key com.android.chrome-omnibox for package com.android.chrome
11-02 12:40:23.803 30982 31457 I native  : flash-index.cc:1519 Flash index sort hb 10 prefix-hits 18 -> 15 at 7.090ms
11-02 12:40:24.033 30982 31457 I native  : document-store.cc:1654 Scored 3318 usage reports, missing_corpora 0 update_failed 1814
11-02 12:40:24.168 30982 31457 W Icing   : No valid account for uploading user actions
11-02 12:40:24.192 30982 31457 I Icing   : Usage reports ok 0, Failed Usage reports 0, indexed 0, rejected 0
11-02 12:40:24.193 30982 31457 W Icing   : No valid account for uploading user actions
11-02 12:40:24.209 30982 31457 I Icing   : Usage reports ok 0, Failed Usage reports 0, indexed 0, rejected 0
11-02 12:40:24.210 30982 31457 I Icing   : Indexing com.android.chrome-omnibox from com.android.chrome
11-02 12:40:24.302 30982 31457 I Icing   : Indexing done com.android.chrome-omnibox
11-02 12:40:24.896  5158  5158 I cr_tabmodel: Appending tabs being restored to metadata lists, 0, startingNormalCount: 2, startingIncognitoCount: 0
11-02 12:40:24.897  5158  5158 I cr_tabmodel: Serializing tab lists; counts: 2, 0
11-02 12:40:24.938  5158  5158 I cr_tabmodel: Appending tabs being restored to metadata lists, 0, startingNormalCount: 2, startingIncognitoCount: 0
11-02 12:40:24.938  5158  5158 I cr_tabmodel: Serializing tab lists; counts: 2, 0
11-02 12:40:25.192   785  1608 W Icing   : isOptedInForAppHistory: empty Account Name encountered
11-02 12:40:25.206   785  1608 W Icing   : isOptedInForAppHistory: empty Account Name encountered
11-02 12:40:25.266   785  4082 W Icing   : isOptedInForAppHistory: empty Account Name encountered
11-02 12:40:25.298   785  1710 W Icing   : isOptedInForAppHistory: empty Account Name encountered
11-02 12:40:25.330   785 30469 W Icing   : isOptedInForAppHistory: empty Account Name encountered
11-02 12:40:25.336 30982 31457 I Icing   : Indexing com.android.chrome-internal.3p:WebPage from com.android.chrome
11-02 12:40:25.338 30982 31457 E SQLiteLog: (1) no such table: WebPage_com.android.chrome_seq_table
11-02 12:40:25.339 30982 31457 E Icing   : Cursor call threw an exception: no such table: WebPage_com.android.chrome_seq_table (code 1): , while compiling: SELECT * FROM [WebPage_com.android.chrome_seq_table] WHERE seqno>0 AND tag IS NULL ORDER BY seqno LIMIT 20
11-02 12:40:25.339 30982 31457 I Icing   : Indexing done com.android.chrome-internal.3p:WebPage
11-02 12:40:25.339 30982 31457 E Icing   : Aborting indexing of corpus internal.3p:WebPage
11-02 12:40:25.341 30982 31457 I Icing   : Indexing com.android.chrome-internal.3p:WebPage from com.android.chrome using seqno 0
11-02 12:40:26.767  5158  5158 I cr_tabmodel: Appending tabs being restored to metadata lists, 0, startingNormalCount: 2, startingIncognitoCount: 0
11-02 12:40:26.767  5158  5158 I cr_tabmodel: Serializing tab lists; counts: 2, 0
11-02 12:40:27.529  5158  5158 E cr_BTSPrefs: No data found for task id: 57
11-02 12:40:27.529  5158  5158 E cr_BkgrdTaskScheduler: Task cannot be canceled because no data was found instorage or data was invalid
11-02 12:40:27.529  5158  5158 E cr_BTSPrefs: No data found for task id: 56
11-02 12:40:27.529  5158  5158 E cr_BkgrdTaskScheduler: Task cannot be canceled because no data was found instorage or data was invalid
11-02 12:40:33.581  5748  5748 D AndroidRuntime: >>>>>> START com.android.internal.os.RuntimeInit uid 2000 <<<<<<
11-02 12:40:33.586  5748  5748 D AndroidRuntime: CheckJNI is OFF
11-02 12:40:33.655  5748  5748 D ICU     : No timezone override file found: /data/misc/zoneinfo/current/icu/icu_tzdata.dat
11-02 12:40:33.688  5748  5748 I Radio-JNI: register_android_hardware_Radio DONE
11-02 12:40:33.703  5748  5748 D AndroidRuntime: Calling main entry com.android.commands.monkey.Monkey
11-02 12:40:33.772   601   614 W BroadcastQueue: Skipping deliver [background] BroadcastRecord{5bb40a8 u-1 android.net.conn.CONNECTIVITY_CHANGE} to ReceiverList{85de7c1 5748 (unknown name)/2000/u-1 remote:b6d2f9a}: process crashing
11-02 12:40:35.131  5748  5748 D MonkeyStub: translateCommand: wake
11-02 12:40:35.279  5748  5748 D MonkeyStub: translateCommand: tap 196 1873
11-02 12:40:39.108  5158  5158 I cr_tabmodel: Appending tabs being restored to metadata lists, 0, startingNormalCount: 2, startingIncognitoCount: 0
11-02 12:40:39.108  5158  5158 I cr_tabmodel: Serializing tab lists; counts: 2, 0
11-02 12:40:39.557  5158  5158 I cr_tabmodel: Appending tabs being restored to metadata lists, 0, startingNormalCount: 2, startingIncognitoCount: 0
11-02 12:40:39.557  5158  5158 I cr_tabmodel: Serializing tab lists; counts: 2, 0
11-02 12:40:39.728  5158  5158 I cr_tabmodel: Appending tabs being restored to metadata lists, 0, startingNormalCount: 2, startingIncognitoCount: 0
11-02 12:40:39.729  5158  5158 I cr_tabmodel: Serializing tab lists; counts: 2, 0
11-02 12:40:45.338  5748  5748 D MonkeyStub: translateCommand: touch down 614 1561
11-02 12:40:45.348  5748  5748 D MonkeyStub: translateCommand: touch move 614 1561
11-02 12:40:45.471  5748  5748 D MonkeyStub: translateCommand: touch move 614 1436
11-02 12:40:45.582  5748  5748 D MonkeyStub: translateCommand: touch move 614 1311
11-02 12:40:45.692  5748  5748 D MonkeyStub: translateCommand: touch move 614 1186
11-02 12:40:45.797  5748  5748 D MonkeyStub: translateCommand: touch move 614 1061
11-02 12:40:45.911  5748  5748 D MonkeyStub: translateCommand: touch move 614 937
11-02 12:40:46.020  5748  5748 D MonkeyStub: translateCommand: touch move 614 812
11-02 12:40:46.128  5748  5748 D MonkeyStub: translateCommand: touch move 614 687
11-02 12:40:46.251  5748  5748 D MonkeyStub: translateCommand: touch move 614 562
11-02 12:40:46.379  5748  5748 D MonkeyStub: translateCommand: touch move 614 437
11-02 12:40:46.496  5748  5748 D MonkeyStub: translateCommand: touch move 614 312
11-02 12:40:46.501  5748  5748 D MonkeyStub: translateCommand: touch up 614 312
11-02 12:40:46.530  5748  5748 D MonkeyStub: translateCommand: touch down 614 1561
11-02 12:40:46.535  5748  5748 D MonkeyStub: translateCommand: touch move 614 1561
11-02 12:40:46.645  5748  5748 D MonkeyStub: translateCommand: touch move 614 1436
11-02 12:40:46.751  5748  5748 D MonkeyStub: translateCommand: touch move 614 1311
11-02 12:40:46.857  5748  5748 D MonkeyStub: translateCommand: touch move 614 1186
11-02 12:40:46.961  5748  5748 D MonkeyStub: translateCommand: touch move 614 1061
11-02 12:40:47.070  5748  5748 D MonkeyStub: translateCommand: touch move 614 937
11-02 12:40:47.177  5748  5748 D MonkeyStub: translateCommand: touch move 614 812
11-02 12:40:47.286  5748  5748 D MonkeyStub: translateCommand: touch move 614 687
11-02 12:40:47.390  5748  5748 D MonkeyStub: translateCommand: touch move 614 562
11-02 12:40:47.502  5748  5748 D MonkeyStub: translateCommand: touch move 614 437
11-02 12:40:47.623  5748  5748 D MonkeyStub: translateCommand: touch move 614 312
11-02 12:40:47.627  5748  5748 D MonkeyStub: translateCommand: touch up 614 312
11-02 12:40:47.651  5748  5748 D MonkeyStub: translateCommand: touch down 614 1561
11-02 12:40:47.662  5748  5748 D MonkeyStub: translateCommand: touch move 614 1561
11-02 12:40:47.772  5748  5748 D MonkeyStub: translateCommand: touch move 614 1436
11-02 12:40:47.883  5748  5748 D MonkeyStub: translateCommand: touch move 614 1311
11-02 12:40:47.993  5748  5748 D MonkeyStub: translateCommand: touch move 614 1186
11-02 12:40:48.105  5748  5748 D MonkeyStub: translateCommand: touch move 614 1061
11-02 12:40:48.215  5748  5748 D MonkeyStub: translateCommand: touch move 614 937
11-02 12:40:48.322  5748  5748 D MonkeyStub: translateCommand: touch move 614 812
11-02 12:40:48.466  5748  5748 D MonkeyStub: translateCommand: touch move 614 687
11-02 12:40:48.571  5748  5748 D MonkeyStub: translateCommand: touch move 614 562
11-02 12:40:48.682  5748  5748 D MonkeyStub: translateCommand: touch move 614 437
11-02 12:40:48.789  5748  5748 D MonkeyStub: translateCommand: touch move 614 312
11-02 12:40:48.794  5748  5748 D MonkeyStub: translateCommand: touch up 614 312
11-02 12:40:49.538  5158  5158 I cr_tabmodel: Appending tabs being restored to metadata lists, 0, startingNormalCount: 2, startingIncognitoCount: 0
11-02 12:40:49.538  5158  5158 I cr_tabmodel: Serializing tab lists; counts: 2, 0
11-02 12:40:50.832  5748  5748 D MonkeyStub: translateCommand: touch down 614 1561
11-02 12:40:50.849  5748  5748 D MonkeyStub: translateCommand: touch move 614 1561
11-02 12:40:50.960  5748  5748 D MonkeyStub: translateCommand: touch move 614 1436
11-02 12:40:51.053 30982 31531 I Icing   : IndexChimeraService.getServiceInterface callingPackage=com.android.chrome componentName=null serviceId=36
11-02 12:40:51.068 30982 31457 W Icing   : No valid account for uploading user actions
11-02 12:40:51.070  5748  5748 D MonkeyStub: translateCommand: touch move 614 1311
11-02 12:40:51.102 30982 31531 I Icing   : IndexChimeraService.getServiceInterface callingPackage=com.google.android.gms componentName=null serviceId=30
11-02 12:40:51.167 30982 31457 I Icing   : Usage reports ok 2, Failed Usage reports 0, indexed 1, rejected 0
11-02 12:40:51.170 30982 31457 W Icing   : No valid account for uploading user actions
11-02 12:40:51.180  5748  5748 D MonkeyStub: translateCommand: touch move 614 1186
11-02 12:40:51.193 30982 31457 I Icing   : Usage reports ok 0, Failed Usage reports 0, indexed 0, rejected 0
11-02 12:40:51.206 30982 31457 I Icing   : Indexing com.android.chrome-omnibox from com.android.chrome
11-02 12:40:51.223 30982 31457 I Icing   : Indexing done com.android.chrome-omnibox
11-02 12:40:51.287  5748  5748 D MonkeyStub: translateCommand: touch move 614 1061
11-02 12:40:51.391  5748  5748 D MonkeyStub: translateCommand: touch move 614 937
11-02 12:40:51.526  5748  5748 D MonkeyStub: translateCommand: touch move 614 812
11-02 12:40:51.635  5748  5748 D MonkeyStub: translateCommand: touch move 614 687
11-02 12:40:51.747  5748  5748 D MonkeyStub: translateCommand: touch move 614 562
11-02 12:40:51.858  5748  5748 D MonkeyStub: translateCommand: touch move 614 437
11-02 12:40:51.963  5748  5748 D MonkeyStub: translateCommand: touch move 614 312
11-02 12:40:51.967  5748  5748 D MonkeyStub: translateCommand: touch up 614 312
11-02 12:40:51.988  5748  5748 D MonkeyStub: translateCommand: touch down 614 1561
11-02 12:40:51.994  5748  5748 D MonkeyStub: translateCommand: touch move 614 1561
11-02 12:40:52.102  5748  5748 D MonkeyStub: translateCommand: touch move 614 1436
11-02 12:40:52.207  5748  5748 D MonkeyStub: translateCommand: touch move 614 1311
11-02 12:40:52.312  5748  5748 D MonkeyStub: translateCommand: touch move 614 1186
11-02 12:40:52.432  5748  5748 D MonkeyStub: translateCommand: touch move 614 1061
11-02 12:40:52.542  5748  5748 D MonkeyStub: translateCommand: touch move 614 937
11-02 12:40:52.653  5748  5748 D MonkeyStub: translateCommand: touch move 614 812
11-02 12:40:52.763  5748  5748 D MonkeyStub: translateCommand: touch move 614 687
11-02 12:40:52.872  5748  5748 D MonkeyStub: translateCommand: touch move 614 562
11-02 12:40:52.977  5748  5748 D MonkeyStub: translateCommand: touch move 614 437
11-02 12:40:53.081  5748  5748 D MonkeyStub: translateCommand: touch move 614 312
11-02 12:40:53.091  5748  5748 D MonkeyStub: translateCommand: touch up 614 312
11-02 12:40:53.144  5158  5158 I cr_tabmodel: Appending tabs being restored to metadata lists, 0, startingNormalCount: 2, startingIncognitoCount: 0
11-02 12:40:53.144  5158  5158 I cr_tabmodel: Serializing tab lists; counts: 2, 0
11-02 12:40:54.100  5158  5158 I cr_tabmodel: Appending tabs being restored to metadata lists, 0, startingNormalCount: 2, startingIncognitoCount: 0
11-02 12:40:54.100  5158  5158 I cr_tabmodel: Serializing tab lists; counts: 2, 0
11-02 12:40:55.442   785 30469 I NetworkScheduler.Stats: Task com.google.android.gms/com.google.android.gms.icing.service.IcingGcmTaskService started execution. cause:4 exec_start_elapsed_seconds: 42849 [CONTEXT service_id=218 ]
11-02 12:40:55.453   785  4082 I NetworkScheduler.Stats: Task com.google.android.gms/com.google.android.gms.icing.service.IcingGcmTaskService finished executing. cause:4 result: 1 elapsed_millis: 35 uptime_millis: 36 exec_start_elapsed_seconds: 42849 [CONTEXT service_id=218 ]
11-02 12:40:56.146  5748  5748 D MonkeyStub: translateCommand: tap 1238 1216
11-02 12:40:56.403   785  1765 E AsyncOperation: serviceID=121, operation=GetLaunchDataOperation [CONTEXT service_id=259 ]
11-02 12:40:56.403   785  1765 E AsyncOperation: OperationException[Status{statusCode=Not an instant app, resolution=null}]
11-02 12:40:56.403   785  1765 E AsyncOperation: 	at aeay.a(:com.google.android.gms@203915020@20.39.15 (040406-335085812):20)
11-02 12:40:56.403   785  1765 E AsyncOperation: 	at aain.run(:com.google.android.gms@203915020@20.39.15 (040406-335085812):7)
11-02 12:40:56.403   785  1765 E AsyncOperation: 	at boex.run(:com.google.android.gms@203915020@20.39.15 (040406-335085812):2)
11-02 12:40:56.403   785  1765 E AsyncOperation: 	at sup.b(:com.google.android.gms@203915020@20.39.15 (040406-335085812):12)
11-02 12:40:56.403   785  1765 E AsyncOperation: 	at sup.run(:com.google.android.gms@203915020@20.39.15 (040406-335085812):7)
11-02 12:40:56.403   785  1765 E AsyncOperation: 	at java.util.concurrent.ThreadPoolExecutor.runWorker(ThreadPoolExecutor.java:1133)
11-02 12:40:56.403   785  1765 E AsyncOperation: 	at java.util.concurrent.ThreadPoolExecutor$Worker.run(ThreadPoolExecutor.java:607)
11-02 12:40:56.403   785  1765 E AsyncOperation: 	at tam.run(:com.google.android.gms@203915020@20.39.15 (040406-335085812):0)
11-02 12:40:56.403   785  1765 E AsyncOperation: 	at java.lang.Thread.run(Thread.java:761)
11-02 12:40:58.275   601   660 I ActivityManager: Start proc 5805:com.android.chrome:sandboxed_process23/u0i975 for service com.android.chrome/org.chromium.content.app.SandboxedProcessService23
11-02 12:40:58.341  5805  5805 W boxed_process23: type=1400 audit(0.0:3161): avc: denied { getattr } for path="/data/data/com.android.chrome" dev="dm-2" ino=12190 scontext=u:r:isolated_app:s0:c512,c768 tcontext=u:object_r:app_data_file:s0:c512,c768 tclass=dir permissive=0
11-02 12:40:58.407  5805  5805 I cr_ChildProcessService: Creating new ChildProcessService pid=5805
11-02 12:40:58.477   785  1710 W Icing   : isOptedInForAppHistory: empty Account Name encountered
11-02 12:40:58.503   785  1710 W Icing   : isOptedInForAppHistory: empty Account Name encountered
11-02 12:40:58.520  5805  5818 I cr_LibraryLoader: Loaded native library version number "85.0.4183.127"
11-02 12:40:58.521  5805  5818 I cr_CachingUmaRecorder: Flushed 1 samples from 1 histograms.
11-02 12:40:58.564  5818  5818 W CrUtilityMain: type=1400 audit(0.0:3162): avc: denied { setattr } for name="LICENSE.txt" dev="dm-2" ino=60663 scontext=u:r:isolated_app:s0:c512,c768 tcontext=u:object_r:app_data_file:s0:c512,c768 tclass=file permissive=0
11-02 12:40:58.564  5818  5818 W CrUtilityMain: type=1400 audit(0.0:3163): avc: denied { setattr } for name=46696C746572696E672052756C6573 dev="dm-2" ino=60579 scontext=u:r:isolated_app:s0:c512,c768 tcontext=u:object_r:app_data_file:s0:c512,c768 tclass=file permissive=0
11-02 12:40:58.571  5818  5818 W CrUtilityMain: type=1400 audit(0.0:3164): avc: denied { setattr } for name="manifest.json" dev="dm-2" ino=60520 scontext=u:r:isolated_app:s0:c512,c768 tcontext=u:object_r:app_data_file:s0:c512,c768 tclass=file permissive=0
11-02 12:40:58.574  5818  5818 W CrUtilityMain: type=1400 audit(0.0:3165): avc: denied { setattr } for name="verified_contents.json" dev="dm-2" ino=60711 scontext=u:r:isolated_app:s0:c512,c768 tcontext=u:object_r:app_data_file:s0:c512,c768 tclass=file permissive=0
11-02 12:40:58.601  5805  5805 I cr_ChildProcessService: Destroying ChildProcessService pid=5805
11-02 12:40:58.609  5158  5168 I art     : Background partial concurrent mark sweep GC freed 238249(10MB) AllocSpace objects, 45(7MB) LOS objects, 39% free, 16MB/27MB, paused 554us total 189.542ms
11-02 12:40:58.644  5805  5805 I art     : System.exit called, status: 0
11-02 12:40:58.644  5805  5805 I AndroidRuntime: VM exiting with result code 0, cleanup skipped.
11-02 12:40:58.884   785  4082 W Icing   : isOptedInForAppHistory: empty Account Name encountered
11-02 12:40:58.889   601   611 I ActivityManager: Process com.android.chrome:sandboxed_process23 (pid 5805) has died
11-02 12:40:58.889   601   611 D ActivityManager: cleanUpApplicationRecord -- 5805
11-02 12:40:58.906  5158  5158 W chromium: [WARNING:compositor_view.cc(315)] Child process died (type=6) pid=5805)
11-02 12:40:59.138   601  9611 I ActivityManager: Start proc 5826:com.android.chrome:sandboxed_process24/u0i976 for service com.android.chrome/org.chromium.content.app.SandboxedProcessService24
11-02 12:40:59.221  5826  5826 W boxed_process24: type=1400 audit(0.0:3166): avc: denied { getattr } for path="/data/data/com.android.chrome" dev="dm-2" ino=12190 scontext=u:r:isolated_app:s0:c512,c768 tcontext=u:object_r:app_data_file:s0:c512,c768 tclass=dir permissive=0
11-02 12:40:59.273  5826  5826 I cr_ChildProcessService: Creating new ChildProcessService pid=5826
11-02 12:40:59.354  5826  5839 I cr_LibraryLoader: Loaded native library version number "85.0.4183.127"
11-02 12:40:59.355  5826  5839 I cr_CachingUmaRecorder: Flushed 1 samples from 1 histograms.
11-02 12:40:59.418  5839  5839 W CrUtilityMain: type=1400 audit(0.0:3167): avc: denied { setattr } for name="tl_en-us_2022-10-26_484799359_100000_index.bin" dev="dm-2" ino=61036 scontext=u:r:isolated_app:s0:c512,c768 tcontext=u:object_r:app_data_file:s0:c512,c768 tclass=file permissive=0
11-02 12:40:59.421  5839  5839 W CrUtilityMain: type=1400 audit(0.0:3168): avc: denied { setattr } for name="manifest.json" dev="dm-2" ino=61420 scontext=u:r:isolated_app:s0:c512,c768 tcontext=u:object_r:app_data_file:s0:c512,c768 tclass=file permissive=0
11-02 12:40:59.421  5839  5839 W CrUtilityMain: type=1400 audit(0.0:3169): avc: denied { setattr } for name="verified_contents.json" dev="dm-2" ino=60971 scontext=u:r:isolated_app:s0:c512,c768 tcontext=u:object_r:app_data_file:s0:c512,c768 tclass=file permissive=0
11-02 12:40:59.431  5826  5826 I cr_ChildProcessService: Destroying ChildProcessService pid=5826
11-02 12:40:59.443  5826  5839 I chromium: [INFO:child_process_service.cc(69)] ChildProcessService: Exiting child process.
11-02 12:40:59.748   601  4262 I ActivityManager: Process com.android.chrome:sandboxed_process24 (pid 5826) has died
11-02 12:40:59.748   601  4262 D ActivityManager: cleanUpApplicationRecord -- 5826
11-02 12:40:59.777  5158  5158 W chromium: [WARNING:compositor_view.cc(315)] Child process died (type=6) pid=5826)
11-02 12:40:59.805   196   196 E SELinux : avc:  denied  { find } for service=netd pid=5847 uid=2000 scontext=u:r:shell:s0 tcontext=u:object_r:netd_service:s0 tclass=service_manager permissive=0
11-02 12:40:59.808   196   196 E SELinux : avc:  denied  { find } for service=android.service.gatekeeper.IGateKeeperService pid=5847 uid=2000 scontext=u:r:shell:s0 tcontext=u:object_r:gatekeeper_service:s0 tclass=service_manager permissive=0
11-02 12:41:00.324   601  3864 I ActivityManager: Start proc 5848:com.android.chrome:sandboxed_process25/u0i977 for service com.android.chrome/org.chromium.content.app.SandboxedProcessService25
11-02 12:41:00.378  5848  5848 W boxed_process25: type=1400 audit(0.0:3170): avc: denied { getattr } for path="/data/data/com.android.chrome" dev="dm-2" ino=12190 scontext=u:r:isolated_app:s0:c512,c768 tcontext=u:object_r:app_data_file:s0:c512,c768 tclass=dir permissive=0
11-02 12:41:00.404  5848  5848 I cr_ChildProcessService: Creating new ChildProcessService pid=5848
11-02 12:41:00.447  5848  5861 I cr_LibraryLoader: Loaded native library version number "85.0.4183.127"
11-02 12:41:00.447  5848  5861 I cr_CachingUmaRecorder: Flushed 1 samples from 1 histograms.
11-02 12:41:00.464  5861  5861 W CrUtilityMain: type=1400 audit(0.0:3171): avc: denied { setattr } for name="optimization-hints.pb" dev="dm-2" ino=61060 scontext=u:r:isolated_app:s0:c512,c768 tcontext=u:object_r:app_data_file:s0:c512,c768 tclass=file permissive=0
11-02 12:41:00.468  5861  5861 W CrUtilityMain: type=1400 audit(0.0:3172): avc: denied { setattr } for name="manifest.json" dev="dm-2" ino=61012 scontext=u:r:isolated_app:s0:c512,c768 tcontext=u:object_r:app_data_file:s0:c512,c768 tclass=file permissive=0
11-02 12:41:00.471  5861  5861 W CrUtilityMain: type=1400 audit(0.0:3173): avc: denied { setattr } for name="verified_contents.json" dev="dm-2" ino=61230 scontext=u:r:isolated_app:s0:c512,c768 tcontext=u:object_r:app_data_file:s0:c512,c768 tclass=file permissive=0
11-02 12:41:00.481  5848  5861 I chromium: [INFO:child_process_service.cc(69)] ChildProcessService: Exiting child process.
11-02 12:41:00.503   601 15862 I ActivityManager: Process com.android.chrome:sandboxed_process25 (pid 5848) has died
11-02 12:41:00.503   601 15862 D ActivityManager: cleanUpApplicationRecord -- 5848
11-02 12:41:00.506  5158  5158 W chromium: [WARNING:compositor_view.cc(315)] Child process died (type=6) pid=5848)
11-02 12:41:01.456  5158  5158 I cr_tabmodel: Appending tabs being restored to metadata lists, 0, startingNormalCount: 2, startingIncognitoCount: 0
11-02 12:41:01.456  5158  5158 I cr_tabmodel: Serializing tab lists; counts: 2, 0
11-02 12:41:01.596   601 17045 I ActivityManager: Start proc 5865:com.android.chrome:sandboxed_process26/u0i978 for service com.android.chrome/org.chromium.content.app.SandboxedProcessService26
11-02 12:41:01.651  5865  5865 W boxed_process26: type=1400 audit(0.0:3174): avc: denied { getattr } for path="/data/data/com.android.chrome" dev="dm-2" ino=12190 scontext=u:r:isolated_app:s0:c512,c768 tcontext=u:object_r:app_data_file:s0:c512,c768 tclass=dir permissive=0
11-02 12:41:01.683  5865  5865 I cr_ChildProcessService: Creating new ChildProcessService pid=5865
11-02 12:41:01.748  5865  5878 I cr_LibraryLoader: Loaded native library version number "85.0.4183.127"
11-02 12:41:01.748  5865  5878 I cr_CachingUmaRecorder: Flushed 1 samples from 1 histograms.
11-02 12:41:01.768  5878  5878 W CrUtilityMain: type=1400 audit(0.0:3175): avc: denied { setattr } for name="crl-set" dev="dm-2" ino=61474 scontext=u:r:isolated_app:s0:c512,c768 tcontext=u:object_r:app_data_file:s0:c512,c768 tclass=file permissive=0
11-02 12:41:01.768  5878  5878 W CrUtilityMain: type=1400 audit(0.0:3176): avc: denied { setattr } for name="manifest.json" dev="dm-2" ino=61529 scontext=u:r:isolated_app:s0:c512,c768 tcontext=u:object_r:app_data_file:s0:c512,c768 tclass=file permissive=0
11-02 12:41:01.771  5878  5878 W CrUtilityMain: type=1400 audit(0.0:3177): avc: denied { setattr } for name="LICENSE" dev="dm-2" ino=61484 scontext=u:r:isolated_app:s0:c512,c768 tcontext=u:object_r:app_data_file:s0:c512,c768 tclass=file permissive=0
11-02 12:41:01.771  5878  5878 W CrUtilityMain: type=1400 audit(0.0:3178): avc: denied { setattr } for name="verified_contents.json" dev="dm-2" ino=61853 scontext=u:r:isolated_app:s0:c512,c768 tcontext=u:object_r:app_data_file:s0:c512,c768 tclass=file permissive=0
11-02 12:41:01.781  5865  5878 I chromium: [INFO:child_process_service.cc(69)] ChildProcessService: Exiting child process.
11-02 12:41:01.782   195   195 E lowmemorykiller: Error writing /proc/5865/oom_score_adj; errno=22
11-02 12:41:01.806  5158  5158 W chromium: [WARNING:compositor_view.cc(315)] Child process died (type=6) pid=5865)
11-02 12:41:01.807   601  7042 I ActivityManager: Process com.android.chrome:sandboxed_process26 (pid 5865) has died
11-02 12:41:01.807   601  7042 D ActivityManager: cleanUpApplicationRecord -- 5865
11-02 12:41:02.969  5158  5158 I cr_tabmodel: Appending tabs being restored to metadata lists, 0, startingNormalCount: 2, startingIncognitoCount: 0
11-02 12:41:02.969  5158  5158 I cr_tabmodel: Serializing tab lists; counts: 2, 0
11-02 12:41:03.130   601  3564 I ActivityManager: Start proc 5882:com.android.chrome:sandboxed_process27/u0i979 for service com.android.chrome/org.chromium.content.app.SandboxedProcessService27
11-02 12:41:03.184  5882  5882 W boxed_process27: type=1400 audit(0.0:3179): avc: denied { getattr } for path="/data/data/com.android.chrome" dev="dm-2" ino=12190 scontext=u:r:isolated_app:s0:c512,c768 tcontext=u:object_r:app_data_file:s0:c512,c768 tclass=dir permissive=0
11-02 12:41:03.209  5882  5882 I cr_ChildProcessService: Creating new ChildProcessService pid=5882
11-02 12:41:03.253  5882  5895 I cr_LibraryLoader: Loaded native library version number "85.0.4183.127"
11-02 12:41:03.254  5882  5895 I cr_CachingUmaRecorder: Flushed 1 samples from 1 histograms.
11-02 12:41:03.268  5895  5895 W CrUtilityMain: type=1400 audit(0.0:3180): avc: denied { setattr } for name="manifest.json" dev="dm-2" ino=61447 scontext=u:r:isolated_app:s0:c512,c768 tcontext=u:object_r:app_data_file:s0:c512,c768 tclass=file permissive=0
11-02 12:41:03.271  5895  5895 W CrUtilityMain: type=1400 audit(0.0:3181): avc: denied { setattr } for name="verified_contents.json" dev="dm-2" ino=61610 scontext=u:r:isolated_app:s0:c512,c768 tcontext=u:object_r:app_data_file:s0:c512,c768 tclass=file permissive=0
11-02 12:41:03.282  5882  5882 I cr_ChildProcessService: Destroying ChildProcessService pid=5882
11-02 12:41:03.283  5882  5895 I chromium: [INFO:child_process_service.cc(69)] ChildProcessService: Exiting child process.
11-02 12:41:03.306   601 31547 I ActivityManager: Process com.android.chrome:sandboxed_process27 (pid 5882) has died
11-02 12:41:03.306   601 31547 D ActivityManager: cleanUpApplicationRecord -- 5882
11-02 12:41:03.308  5158  5158 W chromium: [WARNING:compositor_view.cc(315)] Child process died (type=6) pid=5882)
11-02 12:41:04.875   601 31547 I ActivityManager: Start proc 5901:com.android.chrome:sandboxed_process28/u0i980 for service com.android.chrome/org.chromium.content.app.SandboxedProcessService28
11-02 12:41:04.984  5901  5901 W boxed_process28: type=1400 audit(0.0:3182): avc: denied { getattr } for path="/data/data/com.android.chrome" dev="dm-2" ino=12190 scontext=u:r:isolated_app:s0:c512,c768 tcontext=u:object_r:app_data_file:s0:c512,c768 tclass=dir permissive=0
11-02 12:41:05.017  5901  5901 I cr_ChildProcessService: Creating new ChildProcessService pid=5901
11-02 12:41:05.076  5901  5914 I cr_LibraryLoader: Loaded native library version number "85.0.4183.127"
11-02 12:41:05.077  5901  5914 I cr_CachingUmaRecorder: Flushed 1 samples from 1 histograms.
11-02 12:41:05.094  5914  5914 W CrUtilityMain: type=1400 audit(0.0:3183): avc: denied { setattr } for name="download_file_types.pb" dev="dm-2" ino=61533 scontext=u:r:isolated_app:s0:c512,c768 tcontext=u:object_r:app_data_file:s0:c512,c768 tclass=file permissive=0
11-02 12:41:05.094  5914  5914 W CrUtilityMain: type=1400 audit(0.0:3184): avc: denied { setattr } for name="manifest.json" dev="dm-2" ino=61562 scontext=u:r:isolated_app:s0:c512,c768 tcontext=u:object_r:app_data_file:s0:c512,c768 tclass=file permissive=0
11-02 12:41:05.098  5914  5914 W CrUtilityMain: type=1400 audit(0.0:3185): avc: denied { setattr } for name="verified_contents.json" dev="dm-2" ino=61673 scontext=u:r:isolated_app:s0:c512,c768 tcontext=u:object_r:app_data_file:s0:c512,c768 tclass=file permissive=0
11-02 12:41:05.104  5901  5914 I chromium: [INFO:child_process_service.cc(69)] ChildProcessService: Exiting child process.
11-02 12:41:05.111   195   195 E lowmemorykiller: Error writing /proc/5901/oom_score_adj; errno=22
11-02 12:41:05.126   601  4276 I ActivityManager: Process com.android.chrome:sandboxed_process28 (pid 5901) has died
11-02 12:41:05.126   601  4276 D ActivityManager: cleanUpApplicationRecord -- 5901
11-02 12:41:05.127  5158  5158 W chromium: [WARNING:compositor_view.cc(315)] Child process died (type=6) pid=5901)
11-02 12:41:06.195  5748  5748 D MonkeyStub: translateCommand: tap 163 1864
11-02 12:41:06.987   236  5905 I art     : Starting a blocking GC HeapTrim
11-02 12:41:06.996   601   660 I ActivityManager: Start proc 5921:com.android.chrome:sandboxed_process29/u0i981 for service com.android.chrome/org.chromium.content.app.SandboxedProcessService29
11-02 12:41:07.074  5921  5921 W boxed_process29: type=1400 audit(0.0:3186): avc: denied { getattr } for path="/data/data/com.android.chrome" dev="dm-2" ino=12190 scontext=u:r:isolated_app:s0:c512,c768 tcontext=u:object_r:app_data_file:s0:c512,c768 tclass=dir permissive=0
11-02 12:41:07.099  5921  5921 I cr_ChildProcessService: Creating new ChildProcessService pid=5921
11-02 12:41:07.143  5921  5934 I cr_LibraryLoader: Loaded native library version number "85.0.4183.127"
11-02 12:41:07.143  5921  5934 I cr_CachingUmaRecorder: Flushed 1 samples from 1 histograms.
11-02 12:41:07.161  5934  5934 W CrUtilityMain: type=1400 audit(0.0:3187): avc: denied { setattr } for name="ssl_error_assistant.pb" dev="dm-2" ino=61772 scontext=u:r:isolated_app:s0:c512,c768 tcontext=u:object_r:app_data_file:s0:c512,c768 tclass=file permissive=0
11-02 12:41:07.161  5934  5934 W CrUtilityMain: type=1400 audit(0.0:3188): avc: denied { setattr } for name="manifest.json" dev="dm-2" ino=61745 scontext=u:r:isolated_app:s0:c512,c768 tcontext=u:object_r:app_data_file:s0:c512,c768 tclass=file permissive=0
11-02 12:41:07.164  5934  5934 W CrUtilityMain: type=1400 audit(0.0:3189): avc: denied { setattr } for name="verified_contents.json" dev="dm-2" ino=61806 scontext=u:r:isolated_app:s0:c512,c768 tcontext=u:object_r:app_data_file:s0:c512,c768 tclass=file permissive=0
11-02 12:41:07.172  5921  5921 I cr_ChildProcessService: Destroying ChildProcessService pid=5921
11-02 12:41:07.172  5921  5934 I chromium: [INFO:child_process_service.cc(69)] ChildProcessService: Exiting child process.
11-02 12:41:07.197   601  2013 I ActivityManager: Process com.android.chrome:sandboxed_process29 (pid 5921) has died
11-02 12:41:07.197   601  2013 D ActivityManager: cleanUpApplicationRecord -- 5921
11-02 12:41:07.198  5158  5158 W chromium: [WARNING:compositor_view.cc(315)] Child process died (type=6) pid=5921)
11-02 12:41:07.936  5158  5158 I Choreographer: Skipped 38 frames!  The application may be doing too much work on its main thread.
11-02 12:41:09.299   601 17045 I ActivityManager: Start proc 5942:com.android.chrome:sandboxed_process30/u0i982 for service com.android.chrome/org.chromium.content.app.SandboxedProcessService30
11-02 12:41:09.354  5942  5942 W boxed_process30: type=1400 audit(0.0:3190): avc: denied { getattr } for path="/data/data/com.android.chrome" dev="dm-2" ino=12190 scontext=u:r:isolated_app:s0:c512,c768 tcontext=u:object_r:app_data_file:s0:c512,c768 tclass=dir permissive=0
11-02 12:41:09.395  5942  5942 I cr_ChildProcessService: Creating new ChildProcessService pid=5942
11-02 12:41:09.527  5942  5955 I cr_LibraryLoader: Loaded native library version number "85.0.4183.127"
11-02 12:41:09.527  5942  5955 I cr_CachingUmaRecorder: Flushed 1 samples from 1 histograms.
11-02 12:41:09.558  5955  5955 W CrUtilityMain: type=1400 audit(0.0:3191): avc: denied { setattr } for name="safety_tips.pb" dev="dm-2" ino=61963 scontext=u:r:isolated_app:s0:c512,c768 tcontext=u:object_r:app_data_file:s0:c512,c768 tclass=file permissive=0
11-02 12:41:09.561  5955  5955 W CrUtilityMain: type=1400 audit(0.0:3192): avc: denied { setattr } for name="manifest.json" dev="dm-2" ino=62273 scontext=u:r:isolated_app:s0:c512,c768 tcontext=u:object_r:app_data_file:s0:c512,c768 tclass=file permissive=0
11-02 12:41:09.561  5955  5955 W CrUtilityMain: type=1400 audit(0.0:3193): avc: denied { setattr } for name="verified_contents.json" dev="dm-2" ino=62226 scontext=u:r:isolated_app:s0:c512,c768 tcontext=u:object_r:app_data_file:s0:c512,c768 tclass=file permissive=0
11-02 12:41:09.571  5942  5942 I cr_ChildProcessService: Destroying ChildProcessService pid=5942
11-02 12:41:09.572  5942  5955 I chromium: [INFO:child_process_service.cc(69)] ChildProcessService: Exiting child process.
11-02 12:41:09.613   601  4276 I ActivityManager: Process com.android.chrome:sandboxed_process30 (pid 5942) has died
11-02 12:41:09.613   601  4276 D ActivityManager: cleanUpApplicationRecord -- 5942
11-02 12:41:09.621  5158  5158 W chromium: [WARNING:compositor_view.cc(315)] Child process died (type=6) pid=5942)
11-02 12:41:11.251  5748  5748 D MonkeyStub: translateCommand: touch down 614 1561
11-02 12:41:11.258  5748  5748 D MonkeyStub: translateCommand: touch move 614 1561
11-02 12:41:11.365  5748  5748 D MonkeyStub: translateCommand: touch move 614 1436
11-02 12:41:11.479  5748  5748 D MonkeyStub: translateCommand: touch move 614 1311
11-02 12:41:11.587  5748  5748 D MonkeyStub: translateCommand: touch move 614 1186
11-02 12:41:11.692  5748  5748 D MonkeyStub: translateCommand: touch move 614 1061
11-02 12:41:11.806  5748  5748 D MonkeyStub: translateCommand: touch move 614 937
11-02 12:41:11.910  5748  5748 D MonkeyStub: translateCommand: touch move 614 812
11-02 12:41:12.017  5748  5748 D MonkeyStub: translateCommand: touch move 614 687
11-02 12:41:12.067   601   612 I ActivityManager: Start proc 5963:com.android.chrome:sandboxed_process31/u0i983 for service com.android.chrome/org.chromium.content.app.SandboxedProcessService31
11-02 12:41:12.127  5748  5748 D MonkeyStub: translateCommand: touch move 614 562
11-02 12:41:12.174  5963  5963 W boxed_process31: type=1400 audit(0.0:3194): avc: denied { getattr } for path="/data/data/com.android.chrome" dev="dm-2" ino=12190 scontext=u:r:isolated_app:s0:c512,c768 tcontext=u:object_r:app_data_file:s0:c512,c768 tclass=dir permissive=0
11-02 12:41:12.223  5963  5963 I cr_ChildProcessService: Creating new ChildProcessService pid=5963
11-02 12:41:12.232  5748  5748 D MonkeyStub: translateCommand: touch move 614 437
11-02 12:41:12.273  5158  5158 I cr_tabmodel: Appending tabs being restored to metadata lists, 0, startingNormalCount: 2, startingIncognitoCount: 0
11-02 12:41:12.273  5158  5158 I cr_tabmodel: Serializing tab lists; counts: 2, 0
11-02 12:41:12.306  5963  5976 I cr_LibraryLoader: Loaded native library version number "85.0.4183.127"
11-02 12:41:12.307  5963  5976 I cr_CachingUmaRecorder: Flushed 1 samples from 1 histograms.
11-02 12:41:12.328  5976  5976 W CrUtilityMain: type=1400 audit(0.0:3195): avc: denied { setattr } for name=5072656C6F61642044617461 dev="dm-2" ino=61988 scontext=u:r:isolated_app:s0:c512,c768 tcontext=u:object_r:app_data_file:s0:c512,c768 tclass=file permissive=0
11-02 12:41:12.328  5976  5976 W CrUtilityMain: type=1400 audit(0.0:3196): avc: denied { setattr } for name="manifest.json" dev="dm-2" ino=62331 scontext=u:r:isolated_app:s0:c512,c768 tcontext=u:object_r:app_data_file:s0:c512,c768 tclass=file permissive=0
11-02 12:41:12.331  5976  5976 W CrUtilityMain: type=1400 audit(0.0:3197): avc: denied { setattr } for name="verified_contents.json" dev="dm-2" ino=61995 scontext=u:r:isolated_app:s0:c512,c768 tcontext=u:object_r:app_data_file:s0:c512,c768 tclass=file permissive=0
11-02 12:41:12.344  5748  5748 D MonkeyStub: translateCommand: touch move 614 312
11-02 12:41:12.348  5748  5748 D MonkeyStub: translateCommand: touch up 614 312
11-02 12:41:12.362  5963  5963 I cr_ChildProcessService: Destroying ChildProcessService pid=5963
11-02 12:41:12.368  5748  5748 D MonkeyStub: translateCommand: touch down 614 1561
11-02 12:41:12.372  5748  5748 D MonkeyStub: translateCommand: touch move 614 1561
11-02 12:41:12.380  5963  5976 I chromium: [INFO:child_process_service.cc(69)] ChildProcessService: Exiting child process.
11-02 12:41:12.404   601 12691 I ActivityManager: Process com.android.chrome:sandboxed_process31 (pid 5963) has died
11-02 12:41:12.404   601 12691 D ActivityManager: cleanUpApplicationRecord -- 5963
11-02 12:41:12.423  5158  5158 W chromium: [WARNING:compositor_view.cc(315)] Child process died (type=6) pid=5963)
11-02 12:41:12.477  5748  5748 D MonkeyStub: translateCommand: touch move 614 1436
11-02 12:41:12.584  5748  5748 D MonkeyStub: translateCommand: touch move 614 1311
