11-02 15:10:04.098 16113 16113 I art     : System.exit called, status: 110
11-02 15:10:04.098 16113 16113 I AndroidRuntime: VM exiting with result code 110.
11-02 15:10:04.105   601   615 I CwMcuSensor: CwMcuSensor::flush: fd = 233, sensors_id = 0, path = /sys/class/htc_sensorhub/sensor_hub/flush, err = 0
11-02 15:10:04.156   601  7042 W WindowManager: Attempted to remove non-existing token: android.os.Binder@75f8ae2
11-02 15:10:05.935   601   612 I ActivityManager: Start proc 16335:com.android.chrome:sandboxed_process29/u0i209 for service com.android.chrome/org.chromium.content.app.SandboxedProcessService29
11-02 15:10:05.979 16335 16335 W boxed_process29: type=1400 audit(0.0:3687): avc: denied { getattr } for path="/data/data/com.android.chrome" dev="dm-2" ino=12190 scontext=u:r:isolated_app:s0:c512,c768 tcontext=u:object_r:app_data_file:s0:c512,c768 tclass=dir permissive=0
11-02 15:10:06.007 16335 16335 I cr_ChildProcessService: Creating new ChildProcessService pid=16335
11-02 15:10:06.099 16335 16348 I cr_LibraryLoader: Loaded native library version number "85.0.4183.127"
11-02 15:10:06.100 16335 16348 I cr_CachingUmaRecorder: Flushed 1 samples from 1 histograms.
11-02 15:10:06.115 16348 16348 W CrUtilityMain: type=1400 audit(0.0:3688): avc: denied { setattr } for name=5072656C6F61642044617461 dev="dm-2" ino=52964 scontext=u:r:isolated_app:s0:c512,c768 tcontext=u:object_r:app_data_file:s0:c512,c768 tclass=file permissive=0
11-02 15:10:06.119 16348 16348 W CrUtilityMain: type=1400 audit(0.0:3689): avc: denied { setattr } for name="manifest.json" dev="dm-2" ino=53324 scontext=u:r:isolated_app:s0:c512,c768 tcontext=u:object_r:app_data_file:s0:c512,c768 tclass=file permissive=0
11-02 15:10:06.119 16348 16348 W CrUtilityMain: type=1400 audit(0.0:3690): avc: denied { setattr } for name="verified_contents.json" dev="dm-2" ino=53649 scontext=u:r:isolated_app:s0:c512,c768 tcontext=u:object_r:app_data_file:s0:c512,c768 tclass=file permissive=0
11-02 15:10:06.129 16335 16335 I cr_ChildProcessService: Destroying ChildProcessService pid=16335
11-02 15:10:06.130 16335 16348 I chromium: [INFO:child_process_service.cc(69)] ChildProcessService: Exiting child process.
11-02 15:10:06.151   601  9611 I ActivityManager: Process com.android.chrome:sandboxed_process29 (pid 16335) has died
11-02 15:10:06.151   601  9611 D ActivityManager: cleanUpApplicationRecord -- 16335
11-02 15:10:06.160 15545 15545 W chromium: [WARNING:compositor_view.cc(315)] Child process died (type=6) pid=16335)
11-02 15:10:06.244 15545 15545 I cr_tabmodel: Appending tabs being restored to metadata lists, 0, startingNormalCount: 2, startingIncognitoCount: 0
11-02 15:10:06.244 15545 15545 I cr_tabmodel: Serializing tab lists; counts: 2, 0
11-02 15:10:07.504 15545 15545 I cr_tabmodel: Appending tabs being restored to metadata lists, 0, startingNormalCount: 2, startingIncognitoCount: 0
11-02 15:10:07.504 15545 15545 I cr_tabmodel: Serializing tab lists; counts: 2, 0
11-02 15:10:08.609 15545 15545 I cr_tabmodel: Appending tabs being restored to metadata lists, 0, startingNormalCount: 2, startingIncognitoCount: 0
11-02 15:10:08.609 15545 15545 I cr_tabmodel: Serializing tab lists; counts: 2, 0
11-02 15:10:09.953   601  3564 I ActivityManager: Start proc 16356:com.android.chrome:sandboxed_process30/u0i210 for service com.android.chrome/org.chromium.content.app.SandboxedProcessService30
11-02 15:10:10.002 16356 16356 W boxed_process30: type=1400 audit(0.0:3691): avc: denied { getattr } for path="/data/data/com.android.chrome" dev="dm-2" ino=12190 scontext=u:r:isolated_app:s0:c512,c768 tcontext=u:object_r:app_data_file:s0:c512,c768 tclass=dir permissive=0
11-02 15:10:10.033 16356 16356 I cr_ChildProcessService: Creating new ChildProcessService pid=16356
11-02 15:10:10.079 16356 16369 I cr_LibraryLoader: Loaded native library version number "85.0.4183.127"
11-02 15:10:10.079 16356 16369 I cr_CachingUmaRecorder: Flushed 1 samples from 1 histograms.
11-02 15:10:10.092 16369 16369 W CrUtilityMain: type=1400 audit(0.0:3692): avc: denied { setattr } for name="tls_deprecation_config.pb" dev="dm-2" ino=60907 scontext=u:r:isolated_app:s0:c512,c768 tcontext=u:object_r:app_data_file:s0:c512,c768 tclass=file permissive=0
11-02 15:10:10.092 16369 16369 W CrUtilityMain: type=1400 audit(0.0:3693): avc: denied { setattr } for name="manifest.json" dev="dm-2" ino=60653 scontext=u:r:isolated_app:s0:c512,c768 tcontext=u:object_r:app_data_file:s0:c512,c768 tclass=file permissive=0
11-02 15:10:10.095 16369 16369 W CrUtilityMain: type=1400 audit(0.0:3694): avc: denied { setattr } for name="verified_contents.json" dev="dm-2" ino=60815 scontext=u:r:isolated_app:s0:c512,c768 tcontext=u:object_r:app_data_file:s0:c512,c768 tclass=file permissive=0
11-02 15:10:10.103 16356 16369 I chromium: [INFO:child_process_service.cc(69)] ChildProcessService: Exiting child process.
11-02 15:10:10.104   195   195 E lowmemorykiller: Error writing /proc/16356/oom_score_adj; errno=22
11-02 15:10:10.127   601 31547 I ActivityManager: Process com.android.chrome:sandboxed_process30 (pid 16356) has died
11-02 15:10:10.128   601 31547 D ActivityManager: cleanUpApplicationRecord -- 16356
11-02 15:10:10.130 15545 15545 W chromium: [WARNING:compositor_view.cc(315)] Child process died (type=6) pid=16356)
11-02 15:10:14.134   601   614 I ProcessStatsService: Prepared write state in 3ms
11-02 15:10:14.175 30982 31507 I Icing   : IndexChimeraService.getServiceInterface callingPackage=com.android.chrome componentName=null serviceId=36
11-02 15:10:14.214 30982 11542 W Icing   : No valid account for uploading user actions
11-02 15:10:14.251 30982 31507 I Icing   : IndexChimeraService.getServiceInterface callingPackage=com.google.android.gms componentName=null serviceId=30
11-02 15:10:14.280 30982 11542 I Icing   : Usage reports ok 1, Failed Usage reports 0, indexed 1, rejected 0
11-02 15:10:14.283 30982 11542 W Icing   : No valid account for uploading user actions
11-02 15:10:14.290 30982 11542 I Icing   : Usage reports ok 0, Failed Usage reports 0, indexed 0, rejected 0
11-02 15:10:14.292 30982 11542 I Icing   : Indexing com.android.chrome-omnibox from com.android.chrome
11-02 15:10:14.323 30982 31456 I Icing   : Indexing done com.android.chrome-omnibox
11-02 15:10:15.337   785  1696 W Icing   : isOptedInForAppHistory: empty Account Name encountered
11-02 15:10:15.382   785 15398 W Icing   : isOptedInForAppHistory: empty Account Name encountered
11-02 15:10:20.224 16388 16388 D AndroidRuntime: >>>>>> START com.android.internal.os.RuntimeInit uid 2000 <<<<<<
11-02 15:10:20.232 16388 16388 D AndroidRuntime: CheckJNI is OFF
11-02 15:10:20.393 16388 16388 D ICU     : No timezone override file found: /data/misc/zoneinfo/current/icu/icu_tzdata.dat
11-02 15:10:20.454 16388 16388 I Radio-JNI: register_android_hardware_Radio DONE
11-02 15:10:20.484 16388 16388 D AndroidRuntime: Calling main entry com.android.commands.am.Am
11-02 15:10:20.501   601  4276 I ActivityManager: Force stopping com.android.chrome appid=10035 user=0: from pid 16388
11-02 15:10:20.501   601  4276 I ActivityManager: Killing 15608:com.android.chrome:privileged_process0/u0a35 (adj 0): stop com.android.chrome
11-02 15:10:20.502   601  4276 D ActivityManager: cleanUpApplicationRecord -- 15608
11-02 15:10:20.502   601  4276 W ActivityManager: Scheduling restart of crashed service com.android.chrome/org.chromium.content.app.PrivilegedProcessService0 in 1000ms
11-02 15:10:20.506   601  4276 I ActivityManager: Killing 15545:com.android.chrome/u0a35 (adj 0): stop com.android.chrome
11-02 15:10:20.506   601  4276 D ActivityManager: cleanUpApplicationRecord -- 15545
11-02 15:10:20.511   601  4276 W ActivityManager: Force removing ActivityRecord{13635e1 u0 com.android.chrome/com.google.android.apps.chrome.Main t1405}: app died, no saved state
11-02 15:10:20.517 15581 15581 I cr_ChildProcessService: Destroying ChildProcessService pid=15581
11-02 15:10:20.518 26552 26552 I MemoryTrimmer: Trimming objects from memory, since app is in the background.
11-02 15:10:20.523   601  4276 I ActivityManager: Killing 16067:com.android.chrome:sandboxed_process20/u0a35i200 (adj 0): isolated not needed
11-02 15:10:20.523   601  4276 I ActivityManager: Killing 15581:com.android.chrome:sandboxed_process0/u0a35i180 (adj 0): isolated not needed
11-02 15:10:20.538 16388 16388 D AndroidRuntime: Shutting down VM
11-02 15:10:20.595  1065  1161 I OpenGLRenderer: Initialized EGL, version 1.4
11-02 15:10:20.595  1065  1161 D OpenGLRenderer: Swap behavior 2
11-02 15:10:20.610  1052  1052 D RegisteredNfcFServicesCache: Service unchanged, not updating
11-02 15:10:20.691   601  6618 D ActivityManager: cleanUpApplicationRecord -- 15581
11-02 15:10:20.739   601  9663 D ActivityManager: cleanUpApplicationRecord -- 16067
11-02 15:10:20.769 26552 26563 I AttachedClient: Adding client event 2 to pending list.
11-02 15:10:20.803 26552 26552 I OptInState: There is a new client and it does not support opt-in. Dropping request.
11-02 15:10:20.805 26552 26552 I MicroDetectionWorker: Micro detection mode: [mDetectionMode: [1]].
11-02 15:10:20.846   601   610 I art     : Background partial concurrent mark sweep GC freed 92550(4MB) AllocSpace objects, 33(884KB) LOS objects, 33% free, 15MB/23MB, paused 1.613ms total 202.180ms
11-02 15:10:20.846 26552 16407 I MicroRecognitionRunner: Starting detection.
11-02 15:10:20.846 26552 13382 I MicrophoneInputStream: mic_starting com.google.android.apps.gsa.speech.audio.ae@fa3ca52
11-02 15:10:20.853   237 16410 I AudioFlinger: AudioFlinger's thread 0xf0203e00 ready to run
11-02 15:10:20.853   237   285 I SoundTriggerHwService::Module: void android::SoundTriggerHwService::Module::onCallbackEvent(const sp<android::SoundTriggerHwService::CallbackEvent> &) mClient == 0
11-02 15:10:20.856 26552 13382 I MicrophoneInputStream: mic_started com.google.android.apps.gsa.speech.audio.ae@fa3ca52
11-02 15:10:20.913   601  2013 D ConnectivityService: ConnectivityService NetworkRequestInfo binderDied(NetworkRequest [ LISTEN id=458, [ Capabilities: INTERNET&NOT_RESTRICTED&TRUSTED&FOREGROUND] ], android.os.BinderProxy@eb6fbd1)
11-02 15:10:20.913   601  2013 D ConnectivityService: ConnectivityService NetworkRequestInfo binderDied(NetworkRequest [ LISTEN id=457, [ Capabilities: INTERNET&NOT_RESTRICTED&TRUSTED&FOREGROUND] ], android.os.BinderProxy@9491636)
11-02 15:10:20.913   601  2013 D ConnectivityService: ConnectivityService NetworkRequestInfo binderDied(NetworkRequest [ LISTEN id=456, [ Capabilities: INTERNET&NOT_RESTRICTED&TRUSTED&FOREGROUND] ], android.os.BinderProxy@ca71937)
11-02 15:10:20.913   601  2013 D ConnectivityService: ConnectivityService NetworkRequestInfo binderDied(NetworkRequest [ LISTEN id=455, [ Capabilities: INTERNET&NOT_RESTRICTED&TRUSTED&FOREGROUND] ], android.os.BinderProxy@45eaea4)
11-02 15:10:20.914   601  2013 D GraphicsStats: Buffer count: 2
11-02 15:10:20.919   601   650 E ConnectivityService: RemoteException caught trying to send a callback msg for NetworkRequest [ LISTEN id=458, [ Capabilities: INTERNET&NOT_RESTRICTED&TRUSTED&FOREGROUND] ]
11-02 15:10:20.920   601   650 E ConnectivityService: RemoteException caught trying to send a callback msg for NetworkRequest [ LISTEN id=457, [ Capabilities: INTERNET&NOT_RESTRICTED&TRUSTED&FOREGROUND] ]
11-02 15:10:20.920   601   650 E ConnectivityService: RemoteException caught trying to send a callback msg for NetworkRequest [ LISTEN id=456, [ Capabilities: INTERNET&NOT_RESTRICTED&TRUSTED&FOREGROUND] ]
11-02 15:10:20.920   601   650 E ConnectivityService: RemoteException caught trying to send a callback msg for NetworkRequest [ LISTEN id=455, [ Capabilities: INTERNET&NOT_RESTRICTED&TRUSTED&FOREGROUND] ]
11-02 15:10:21.029 26552 26552 I MicroDetectionWorker: onReady
11-02 15:10:21.167  1065  1161 W OpenGLRenderer: Incorrectly called buildLayer on View: ShortcutAndWidgetContainer, destroying layer...
11-02 15:10:21.181 16402 16402 D AndroidRuntime: >>>>>> START com.android.internal.os.RuntimeInit uid 2000 <<<<<<
11-02 15:10:21.185 16402 16402 D AndroidRuntime: CheckJNI is OFF
11-02 15:10:21.255 16402 16402 D ICU     : No timezone override file found: /data/misc/zoneinfo/current/icu/icu_tzdata.dat
11-02 15:10:21.286 16402 16402 I Radio-JNI: register_android_hardware_Radio DONE
11-02 15:10:21.301 16402 16402 D AndroidRuntime: Calling main entry com.android.commands.pm.Pm
11-02 15:10:21.314   601  9663 I ActivityManager: Force stopping com.android.chrome appid=10035 user=0: clear data
11-02 15:10:21.315   601   614 I ActivityManager: Force stopping com.android.chrome appid=10035 user=-1: clearApplicationUserData
11-02 15:10:21.534   785   785 I GeofencerStateMachine: removeGeofences: removeRequest=RemoveGeofencingRequest[REMOVE_ALL packageName=com.android.chrome]
11-02 15:10:21.537 16402 16402 I art     : System.exit called, status: 0
11-02 15:10:21.537 16402 16402 I AndroidRuntime: VM exiting with result code 0.
11-02 15:10:21.543  1052  1052 D RegisteredNfcFServicesCache: Service unchanged, not updating
11-02 15:10:21.549   601   613 W ResourceType: No known package when getting value for resource number 0x7f080316
11-02 15:10:21.549   601   613 W ResourceType: No known package when getting value for resource number 0x7f130448
11-02 15:10:21.555   601   613 W ResourceType: No known package when getting value for resource number 0x7f080315
11-02 15:10:21.555   601   613 W ResourceType: No known package when getting value for resource number 0x7f130123
11-02 15:10:21.555   601   613 W ResourceType: No known package when getting value for resource number 0x7f130447
11-02 15:10:21.555   601   613 W ResourceType: No known package when getting value for resource number 0x7f1302e4
11-02 15:10:21.555   601   613 E ShortcutService: Ignoring excessive intent tag.
11-02 15:10:21.580 30982 31456 I Icing   : doRemovePackageData com.android.chrome
11-02 15:10:21.580 30982 31456 I Icing   : Removing corpus key com.android.chrome-.implicit: for package com.android.chrome
11-02 15:10:21.665   785 16430 I Fitness : FitCleanupIntentOperation received Intent android.intent.action.PACKAGE_DATA_CLEARED [CONTEXT service_id=17 ]
11-02 15:10:21.668 30982 31456 I native  : flash-index.cc:1519 Flash index sort hb 91 prefix-hits 176 -> 155 at 30.986ms
11-02 15:10:21.701 30982 31456 I Icing   : Removing corpus key com.android.chrome-omnibox for package com.android.chrome
11-02 15:10:21.729 30982 31456 I Icing   : Removing corpus key com.android.chrome-internal.3p:WebPage for package com.android.chrome
11-02 15:10:21.784 30982 31456 I Icing   : Starting compaction min disk 99.925% min index 99.986%
11-02 15:10:21.910 30982 31456 I native  : document-store.cc:1654 Scored 3352 usage reports, missing_corpora 1854 update_failed 1
11-02 15:10:21.947 30982 31456 W native  : words-map.cc:30 INVALID_ARGUMENT: Empty URI
11-02 15:10:21.948 30982 31456 W native  : words-map.cc:34 WordsMap was not properly initialized
11-02 15:10:22.030 30982 31456 E native  : compactor.cc:67 Could not index embedding for docid 1: INTERNAL: Unable to find Thing Proto section 
11-02 15:10:22.031 30982 31456 E native  : compactor.cc:67 Could not index embedding for docid 3: INTERNAL: Unable to find Thing Proto section 
11-02 15:10:22.031 30982 31456 E native  : compactor.cc:67 Could not index embedding for docid 5: INTERNAL: Unable to find Thing Proto section 
11-02 15:10:22.032 30982 31456 E native  : compactor.cc:67 Could not index embedding for docid 7: INTERNAL: Unable to find Thing Proto section 
11-02 15:10:22.037 30982 31456 E native  : compactor.cc:67 Could not index embedding for docid 8: INTERNAL: Unable to find Thing Proto section 
11-02 15:10:22.037 30982 31456 E native  : compactor.cc:67 Could not index embedding for docid 10: INTERNAL: Unable to find Thing Proto section 
11-02 15:10:22.037 30982 31456 E native  : compactor.cc:67 Could not index embedding for docid 11: INTERNAL: Unable to find Thing Proto section 
11-02 15:10:22.038 30982 31456 E native  : compactor.cc:67 Could not index embedding for docid 13: INTERNAL: Unable to find Thing Proto section 
11-02 15:10:22.038 30982 31456 E native  : compactor.cc:67 Could not index embedding for docid 14: INTERNAL: Unable to find Thing Proto section 
11-02 15:10:22.043 30982 31456 E native  : compactor.cc:67 Could not index embedding for docid 17: INTERNAL: Unable to find Thing Proto section 
11-02 15:10:22.043 30982 31456 E native  : compactor.cc:67 Could not index embedding for docid 18: INTERNAL: Unable to find Thing Proto section 
11-02 15:10:22.044 30982 31456 E native  : compactor.cc:67 Could not index embedding for docid 21: INTERNAL: Unable to find Thing Proto section 
11-02 15:10:22.044 30982 31456 E native  : compactor.cc:67 Could not index embedding for docid 22: INTERNAL: Unable to find Thing Proto section 
11-02 15:10:22.049 30982 31456 E native  : compactor.cc:67 Could not index embedding for docid 26: INTERNAL: Unable to find Thing Proto section 
11-02 15:10:22.049 30982 31456 E native  : compactor.cc:67 Could not index embedding for docid 27: INTERNAL: Unable to find Thing Proto section 
11-02 15:10:22.190 30982 31456 I native  : flash-index.cc:1519 Flash index sort hb 34 prefix-hits 54 -> 54 at 124.400ms
11-02 15:10:22.214 30982 31456 W native  : words-map.cc:30 INVALID_ARGUMENT: Empty URI
11-02 15:10:22.214 30982 31456 W native  : words-map.cc:34 WordsMap was not properly initialized
11-02 15:10:22.282 30982 31456 I Icing   : updateResources: need to parse acol{com.android.chrome}
11-02 15:10:22.349 30982 31456 I Icing   : Indexing com.android.chrome-omnibox from com.android.chrome
11-02 15:10:22.361   601  2013 I ActivityManager: Start proc 16433:com.android.chrome/u0a35 for content provider com.android.chrome/com.google.android.apps.chrome.icing.IcingProvider
11-02 15:10:22.521 30982 31456 I Icing   : Indexing done com.android.chrome-omnibox
