--------- beginning of main
11-01 15:40:23.784 11213 11213 D AndroidRuntime: >>>>>> START com.android.internal.os.RuntimeInit uid 2000 <<<<<<
11-01 15:40:23.788 11213 11213 D AndroidRuntime: CheckJNI is OFF
11-01 15:40:23.872 11213 11213 D ICU     : No timezone override file found: /data/misc/zoneinfo/current/icu/icu_tzdata.dat
11-01 15:40:23.905 11213 11213 I Radio-JNI: register_android_hardware_Radio DONE
11-01 15:40:23.920 11213 11213 D AndroidRuntime: Calling main entry com.android.commands.am.Am
--------- beginning of system
11-01 15:40:23.938   600  8928 I ActivityManager: Force stopping com.android.chrome appid=10035 user=0: from pid 11213
11-01 15:40:23.939   600  8928 I ActivityManager: Killing 8823:com.android.chrome/u0a35 (adj 902): stop com.android.chrome
11-01 15:40:23.939   600  8928 D ActivityManager: cleanUpApplicationRecord -- 8823
11-01 15:40:23.952  1058  1058 D RegisteredNfcFServicesCache: Service unchanged, not updating
11-01 15:40:24.196   600  5522 I ActivityManager: START u0 {act=android.intent.action.VIEW flg=0x10008000 cmp=com.android.chrome/com.google.android.apps.chrome.Main} from uid 2000 on display 0
11-01 15:40:24.231 11213 11213 D AndroidRuntime: Shutting down VM
11-01 15:40:24.245   600  1666 I ActivityManager: Start proc 11223:com.android.chrome/u0a35 for activity com.android.chrome/com.google.android.apps.chrome.Main
11-01 15:40:24.400   600  8931 I ActivityManager: START u0 {cmp=com.android.chrome/org.chromium.chrome.browser.firstrun.TabbedModeFirstRunActivity (has extras)} from uid 10035 on display 0
11-01 15:40:24.442 11223 11240 W DynamiteModule: Local module descriptor class for com.google.android.gms.googlecertificates not found.
11-01 15:40:24.562 11223 11240 I DynamiteModule: Considering local module com.google.android.gms.googlecertificates:0 and remote module com.google.android.gms.googlecertificates:6
11-01 15:40:24.562 11223 11240 I DynamiteModule: Selected remote version of com.google.android.gms.googlecertificates, version >= 6
11-01 15:40:24.582 11223 11241 I cr_LibraryLoader: Loaded native library version number "85.0.4183.127"
11-01 15:40:24.583 11223 11241 I cr_CachingUmaRecorder: Flushed 10 samples from 10 histograms.
11-01 15:40:24.588 11223 11242 I OpenGLRenderer: Initialized EGL, version 1.4
11-01 15:40:24.588 11223 11242 D OpenGLRenderer: Swap behavior 2
11-01 15:40:24.602 11223 11240 W System  : ClassLoader referenced unknown path: 
11-01 15:40:24.604 11223 11240 D ApplicationLoaders: ignored Vulkan layer search path /data/app/com.google.android.gms-1/lib/arm:/data/app/com.google.android.gms-1/base.apk!/lib/armeabi-v7a:/data/app/com.google.android.gms-1/split_config.en.apk!/lib/armeabi-v7a for namespace 0xf7275090
11-01 15:40:24.608 11223 11240 W ResourceType: ResTable_typeSpec entry count inconsistent: given 67, previously 69
11-01 15:40:24.608 11223 11240 W ResourceType: ResTable_typeSpec entry count inconsistent: given 5346, previously 5347
11-01 15:40:24.629 11223 11240 I DynamiteLoaderV2Impl: [70] Googlecertificates
11-01 15:40:24.649 11223 11240 W System  : ClassLoader referenced unknown path: /data/user_de/0/com.google.android.gms/app_chimera/m/00000061/n/armeabi-v7a
11-01 15:40:24.649 11223 11240 W System  : ClassLoader referenced unknown path: /data/user_de/0/com.google.android.gms/app_chimera/m/00000061/n/armeabi
11-01 15:40:24.750 11223 11237 D NetworkSecurityConfig: Using Network Security Config from resource 0_resource_name_obfuscated debugBuild: false
11-01 15:40:24.751   600   620 W WindowManager: Failed looking up window
11-01 15:40:24.751   600   620 W WindowManager: java.lang.IllegalArgumentException: Requested window android.view.ViewRootImpl$W@a0689f5 does not exist
11-01 15:40:24.751   600   620 W WindowManager: 	at com.android.server.wm.WindowManagerService.windowForClientLocked(WindowManagerService.java:9422)
11-01 15:40:24.751   600   620 W WindowManager: 	at com.android.server.wm.WindowManagerService.windowForClientLocked(WindowManagerService.java:9413)
11-01 15:40:24.751   600   620 W WindowManager: 	at com.android.server.wm.WindowManagerService.removeWindow(WindowManagerService.java:2393)
11-01 15:40:24.751   600   620 W WindowManager: 	at com.android.server.wm.Session.remove(Session.java:202)
11-01 15:40:24.751   600   620 W WindowManager: 	at android.view.ViewRootImpl.dispatchDetachedFromWindow(ViewRootImpl.java:3290)
11-01 15:40:24.751   600   620 W WindowManager: 	at android.view.ViewRootImpl.doDie(ViewRootImpl.java:5917)
11-01 15:40:24.751   600   620 W WindowManager: 	at android.view.ViewRootImpl$ViewRootHandler.handleMessage(ViewRootImpl.java:3626)
11-01 15:40:24.751   600   620 W WindowManager: 	at android.os.Handler.dispatchMessage(Handler.java:102)
11-01 15:40:24.751   600   620 W WindowManager: 	at android.os.Looper.loop(Looper.java:154)
11-01 15:40:24.751   600   620 W WindowManager: 	at android.os.HandlerThread.run(HandlerThread.java:61)
11-01 15:40:24.751   600   620 W WindowManager: 	at com.android.server.ServiceThread.run(ServiceThread.java:46)
11-01 15:40:24.756   600   620 I ActivityManager: Displayed com.android.chrome/org.chromium.chrome.browser.firstrun.TabbedModeFirstRunActivity: +319ms (total +536ms)
11-01 15:40:24.770   785  1300 I FontLog : Received query Google Sans, URI content://com.google.android.gms.fonts [CONTEXT service_id=132 ]
11-01 15:40:24.770   785  1300 I FontLog : Query [Google Sans] resolved to {Google Sans, wdth 100.0, wght 400, ital 0.0, bestEffort false} [CONTEXT service_id=132 ]
11-01 15:40:24.772   785  1300 I FontLog : Font PFD returned from cache for {Google Sans, wdth 100.0, wght 400, ital 0.0, bestEffort false} [CONTEXT service_id=132 ]
11-01 15:40:24.772   785  1300 I FontLog : Fetch {Google Sans, wdth 100.0, wght 400, ital 0.0, bestEffort false} end status Status{statusCode=SUCCESS, resolution=null} [CONTEXT service_id=132 ]
11-01 15:40:24.787   785  1682 I FontLog : Pulling font file for id = 308, cache size = 9 [CONTEXT service_id=132 ]
11-01 15:40:24.839   785  1234 E apju    : Phenotype API error. Event # cdub@d93548fb, EventCode: 7 [CONTEXT service_id=51 ]
11-01 15:40:24.839   785  1234 E apju    : apiz: 29505: No config packages for log source, or config package not registered
11-01 15:40:24.839   785  1234 E apju    : 	at apkj.b(:com.google.android.gms@203915020@20.39.15 (040406-335085812):7)
11-01 15:40:24.839   785  1234 E apju    : 	at apkg.b(:com.google.android.gms@203915020@20.39.15 (040406-335085812):2)
11-01 15:40:24.839   785  1234 E apju    : 	at apju.a(:com.google.android.gms@203915020@20.39.15 (040406-335085812):85)
11-01 15:40:24.839   785  1234 E apju    : 	at apju.a(:com.google.android.gms@203915020@20.39.15 (040406-335085812):80)
11-01 15:40:24.839   785  1234 E apju    : 	at aain.run(:com.google.android.gms@203915020@20.39.15 (040406-335085812):7)
11-01 15:40:24.839   785  1234 E apju    : 	at boex.run(:com.google.android.gms@203915020@20.39.15 (040406-335085812):2)
11-01 15:40:24.839   785  1234 E apju    : 	at sup.b(:com.google.android.gms@203915020@20.39.15 (040406-335085812):12)
11-01 15:40:24.839   785  1234 E apju    : 	at sup.run(:com.google.android.gms@203915020@20.39.15 (040406-335085812):7)
11-01 15:40:24.839   785  1234 E apju    : 	at java.util.concurrent.ThreadPoolExecutor.runWorker(ThreadPoolExecutor.java:1133)
11-01 15:40:24.839   785  1234 E apju    : 	at java.util.concurrent.ThreadPoolExecutor$Worker.run(ThreadPoolExecutor.java:607)
11-01 15:40:24.839   785  1234 E apju    : 	at tam.run(:com.google.android.gms@203915020@20.39.15 (040406-335085812):0)
11-01 15:40:24.839   785  1234 E apju    : 	at java.lang.Thread.run(Thread.java:761)
11-01 15:40:24.841   785  1234 E AsyncOperation: serviceID=51, operation=GetExperimentTokensOperationCall [CONTEXT service_id=259 ]
11-01 15:40:24.841   785  1234 E AsyncOperation: OperationException[Status{statusCode=No config packages for log source, or config package not registered, resolution=null}]
11-01 15:40:24.841   785  1234 E AsyncOperation: 	at apju.a(:com.google.android.gms@203915020@20.39.15 (040406-335085812):87)
11-01 15:40:24.841   785  1234 E AsyncOperation: 	at apju.a(:com.google.android.gms@203915020@20.39.15 (040406-335085812):80)
11-01 15:40:24.841   785  1234 E AsyncOperation: 	at aain.run(:com.google.android.gms@203915020@20.39.15 (040406-335085812):7)
11-01 15:40:24.841   785  1234 E AsyncOperation: 	at boex.run(:com.google.android.gms@203915020@20.39.15 (040406-335085812):2)
11-01 15:40:24.841   785  1234 E AsyncOperation: 	at sup.b(:com.google.android.gms@203915020@20.39.15 (040406-335085812):12)
11-01 15:40:24.841   785  1234 E AsyncOperation: 	at sup.run(:com.google.android.gms@203915020@20.39.15 (040406-335085812):7)
11-01 15:40:24.841   785  1234 E AsyncOperation: 	at java.util.concurrent.ThreadPoolExecutor.runWorker(ThreadPoolExecutor.java:1133)
11-01 15:40:24.841   785  1234 E AsyncOperation: 	at java.util.concurrent.ThreadPoolExecutor$Worker.run(ThreadPoolExecutor.java:607)
11-01 15:40:24.841   785  1234 E AsyncOperation: 	at tam.run(:com.google.android.gms@203915020@20.39.15 (040406-335085812):0)
11-01 15:40:24.841   785  1234 E AsyncOperation: 	at java.lang.Thread.run(Thread.java:761)
11-01 15:40:24.842   785  1576 I FontLog : Received query Google Sans:500, URI content://com.google.android.gms.fonts [CONTEXT service_id=132 ]
11-01 15:40:24.843   785  1576 I FontLog : Query [Google Sans:500] resolved to {Google Sans, wdth 100.0, wght 500, ital 0.0, bestEffort false} [CONTEXT service_id=132 ]
11-01 15:40:24.864   785  1576 I FontLog : Font PFD returned from cache for {Google Sans, wdth 100.0, wght 500, ital 0.0, bestEffort false} [CONTEXT service_id=132 ]
11-01 15:40:24.864   785  1576 I FontLog : Fetch {Google Sans, wdth 100.0, wght 500, ital 0.0, bestEffort false} end status Status{statusCode=SUCCESS, resolution=null} [CONTEXT service_id=132 ]
11-01 15:40:24.970 23814 23814 I MemoryTrimmer: Trimming objects from memory, since app is in the background.
11-01 15:40:24.976 23814 23825 W SearchService: Abort, client detached.
11-01 15:40:24.985  1075  1075 I MemoryTrimmer: Trimming objects from memory, since app is in the background.
11-01 15:40:24.999 23814 11127 I DeviceStateChecker: DeviceStateChecker cancelled
11-01 15:40:25.000 23814 23814 I MicroDetector: Keeping mic open: false
11-01 15:40:25.000 23814 16799 I AudioController: internalShutdown
11-01 15:40:25.001 23814 16799 I MicrophoneInputStream: mic_close com.google.android.apps.gsa.speech.audio.ae@6569436
11-01 15:40:25.001 23814 23870 I MicroRecognitionRunner: Stopping hotword detection.
11-01 15:40:25.004   785   795 W SQLiteConnectionPool: A SQLiteConnection object for database '/data/user/0/com.google.android.gms/databases/metadata.db' was leaked!  Please fix your application to end transactions in progress properly and to close the database when it is no longer needed.
11-01 15:40:25.014   785  1234 W GmsStrictMode: LEAKED_CLOSABLE [CONTEXT service_id=256 ]
11-01 15:40:25.014   785  1234 W GmsStrictMode: rvo: LEAKED_CLOSABLE
11-01 15:40:25.014   785  1234 W GmsStrictMode: 	at dalvik.system.VMStack.getThreadStackTrace(Native Method)
11-01 15:40:25.014   785  1234 W GmsStrictMode: 	at java.lang.Thread.getStackTrace(Thread.java:1566)
11-01 15:40:25.014   785  1234 W GmsStrictMode: 	at bhdb.containsKey(:com.google.android.gms@203915020@20.39.15 (040406-335085812):1)
11-01 15:40:25.014   785  1234 W GmsStrictMode: 	at android.os.StrictMode.onVmPolicyViolation(StrictMode.java:1867)
11-01 15:40:25.014   785  1234 W GmsStrictMode: 	at android.os.StrictMode.onVmPolicyViolation(StrictMode.java:1844)
11-01 15:40:25.014   785  1234 W GmsStrictMode: 	at android.os.StrictMode$AndroidCloseGuardReporter.report(StrictMode.java:1590)
11-01 15:40:25.014   785  1234 W GmsStrictMode: 	at dalvik.system.CloseGuard.warnIfOpen(CloseGuard.java:208)
11-01 15:40:25.014   785  1234 W GmsStrictMode: 	at android.database.sqlite.SQLiteConnection.dispose(SQLiteConnection.java:231)
11-01 15:40:25.014   785  1234 W GmsStrictMode: 	at android.database.sqlite.SQLiteConnection.finalize(SQLiteConnection.java:180)
11-01 15:40:25.014   785  1234 W GmsStrictMode: 	at java.lang.Daemons$FinalizerDaemon.doFinalize(Daemons.java:222)
11-01 15:40:25.014   785  1234 W GmsStrictMode: 	at java.lang.Daemons$FinalizerDaemon.run(Daemons.java:209)
11-01 15:40:25.014   785  1234 W GmsStrictMode: 	at java.lang.Thread.run(Thread.java:761)
11-01 15:40:25.015   785   795 W SQLiteConnectionPool: A SQLiteConnection object for database '/data/user/0/com.google.android.gms/databases/metadata.db' was leaked!  Please fix your application to end transactions in progress properly and to close the database when it is no longer needed.
11-01 15:40:25.018   238   286 I SoundTriggerHwService::Module: void android::SoundTriggerHwService::Module::onCallbackEvent(const sp<android::SoundTriggerHwService::CallbackEvent> &) mClient == 0
11-01 15:40:25.022   785   797 I art     : Background partial concurrent mark sweep GC freed 69791(4MB) AllocSpace objects, 3(60KB) LOS objects, 40% free, 10MB/18MB, paused 741us total 103.837ms
11-01 15:40:25.023   785  1234 W GmsStrictMode: LEAKED_CLOSABLE [CONTEXT service_id=256 ]
11-01 15:40:25.023   785  1234 W GmsStrictMode: rvo: LEAKED_CLOSABLE
11-01 15:40:25.023   785  1234 W GmsStrictMode: 	at dalvik.system.VMStack.getThreadStackTrace(Native Method)
11-01 15:40:25.023   785  1234 W GmsStrictMode: 	at java.lang.Thread.getStackTrace(Thread.java:1566)
11-01 15:40:25.023   785  1234 W GmsStrictMode: 	at bhdb.containsKey(:com.google.android.gms@203915020@20.39.15 (040406-335085812):1)
11-01 15:40:25.023   785  1234 W GmsStrictMode: 	at android.os.StrictMode.onVmPolicyViolation(StrictMode.java:1867)
11-01 15:40:25.023   785  1234 W GmsStrictMode: 	at android.os.StrictMode.onVmPolicyViolation(StrictMode.java:1844)
11-01 15:40:25.023   785  1234 W GmsStrictMode: 	at android.os.StrictMode$AndroidCloseGuardReporter.report(StrictMode.java:1590)
11-01 15:40:25.023   785  1234 W GmsStrictMode: 	at dalvik.system.CloseGuard.warnIfOpen(CloseGuard.java:208)
11-01 15:40:25.023   785  1234 W GmsStrictMode: 	at android.database.sqlite.SQLiteConnection.dispose(SQLiteConnection.java:231)
11-01 15:40:25.023   785  1234 W GmsStrictMode: 	at android.database.sqlite.SQLiteConnection.finalize(SQLiteConnection.java:180)
11-01 15:40:25.023   785  1234 W GmsStrictMode: 	at java.lang.Daemons$FinalizerDaemon.doFinalize(Daemons.java:222)
11-01 15:40:25.023   785  1234 W GmsStrictMode: 	at java.lang.Daemons$FinalizerDaemon.run(Daemons.java:209)
11-01 15:40:25.023   785  1234 W GmsStrictMode: 	at java.lang.Thread.run(Thread.java:761)
11-01 15:40:25.026 23814 11128 I MicroRecognitionRunner: Detection finished
11-01 15:40:25.029 11223 11237 I cr_VariationsSeedFetch: Fetched first run seed in 282 ms
11-01 15:40:25.043 23814 23814 I MemoryTrimmer: Trimming objects from memory, since app is in the background.
11-01 15:40:25.049   785   799 I FontLog : Pulling font file for id = 309, cache size = 8 [CONTEXT service_id=132 ]
11-01 15:40:25.060   600  6822 I ActivityManager: Start proc 11257:com.android.chrome:sandboxed_process0/u0i53 for service com.android.chrome/org.chromium.content.app.SandboxedProcessService0
11-01 15:40:25.116 11257 11257 W dboxed_process0: type=1400 audit(0.0:1747): avc: denied { getattr } for path="/data/data/com.android.chrome" dev="dm-2" ino=12190 scontext=u:r:isolated_app:s0:c512,c768 tcontext=u:object_r:app_data_file:s0:c512,c768 tclass=dir permissive=0
11-01 15:40:25.141 11257 11257 I cr_ChildProcessService: Creating new ChildProcessService pid=11257
11-01 15:40:25.263   600  1485 I ActivityManager: Start proc 11285:com.android.chrome:privileged_process0/u0a35 for service com.android.chrome/org.chromium.content.app.PrivilegedProcessService0
11-01 15:40:25.360 11285 11285 I cr_ChildProcessService: Creating new ChildProcessService pid=11285
11-01 15:40:25.400 11223 11244 W ConnectionStatusConfig: Dynamic lookup for intent failed for action: com.google.android.gms.auth.key.retrieval.service.START
11-01 15:40:25.403 11285 11299 I cr_LibraryLoader: Loaded native library version number "85.0.4183.127"
11-01 15:40:25.404 11285 11299 I cr_CachingUmaRecorder: Flushed 1 samples from 1 histograms.
11-01 15:40:25.420 11223 11244 W ConnectionStatusConfig: Dynamic lookup for intent failed for action: com.google.android.gms.auth.key.retrieval.service.START
11-01 15:40:25.424   600  1666 W ActivityManager: Unable to start service Intent { act=com.google.android.gms.auth.key.retrieval.service.START pkg=com.google.android.gms } U=0: not found
11-01 15:40:25.427   600  8039 W ActivityManager: Unbind failed: could not find connection for android.os.BinderProxy@78ada1
11-01 15:40:25.434 11223 11244 E GmsClient: unable to connect to service: com.google.android.gms.auth.key.retrieval.service.START on com.google.android.gms
11-01 15:40:25.436 11285 11299 E libEGL  : validate_display:99 error 3008 (EGL_BAD_DISPLAY)
11-01 15:40:25.441 11223 11223 W cr_KnoxSettingsProvider: Permission to read device policy denied.
11-01 15:40:25.615 11223 11233 I art     : Background partial concurrent mark sweep GC freed 13886(901KB) AllocSpace objects, 15(748KB) LOS objects, 40% free, 4MB/8MB, paused 6.247ms total 29.371ms
11-01 15:40:37.558 11326 11326 D AndroidRuntime: >>>>>> START com.android.internal.os.RuntimeInit uid 2000 <<<<<<
11-01 15:40:37.562 11326 11326 D AndroidRuntime: CheckJNI is OFF
11-01 15:40:37.626 11326 11326 D ICU     : No timezone override file found: /data/misc/zoneinfo/current/icu/icu_tzdata.dat
11-01 15:40:37.657 11326 11326 I Radio-JNI: register_android_hardware_Radio DONE
11-01 15:40:37.672 11326 11326 D AndroidRuntime: Calling main entry com.android.commands.monkey.Monkey
11-01 15:40:37.739   600   613 W BroadcastQueue: Skipping deliver [background] BroadcastRecord{95ddd4d u-1 android.net.conn.CONNECTIVITY_CHANGE} to ReceiverList{cf2e002 11326 (unknown name)/2000/u-1 remote:70c0077}: process crashing
11-01 15:40:37.836   600   647 I WifiHAL : Got channel list with 13 channels
11-01 15:40:37.850   600   647 I WifiHAL : Got channel list with 4 channels
11-01 15:40:37.854   600   647 I WifiHAL : Got channel list with 15 channels
11-01 15:40:37.920 23814 23814 I MemoryTrimmer: Trimming objects from memory, since app is in the background.
11-01 15:40:39.092 11326 11326 D MonkeyStub: translateCommand: wake
11-01 15:40:39.204 11326 11326 D MonkeyStub: translateCommand: tap 398 1198
11-01 15:40:41.295 11326 11326 D MonkeyStub: translateCommand: tap 720 1506
11-01 15:40:41.459 21960 22078 I PeopleChimeraService: onService. callbacks = aaik@59dc565, request = com.google.android.gms.common.internal.GetServiceRequest@770023a
11-01 15:40:41.478 21960 21973 I PeopleChimeraService: onService. callbacks = aaik@ed7e448, request = com.google.android.gms.common.internal.GetServiceRequest@12a52e1
11-01 15:40:43.547 11326 11326 D MonkeyStub: translateCommand: tap 355 1480
11-01 15:40:43.565 11326 11326 D MonkeyStub: Quit requested
11-01 15:40:43.591   600   819 I ActivityManager: START u0 {act=android.intent.action.VIEW flg=0x10008000 cmp=com.android.chrome/com.google.android.apps.chrome.Main (has extras)} from uid 10035 on display 0
11-01 15:40:43.605   600   614 I CwMcuSensor: CwMcuSensor::flush: fd = 239, sensors_id = 0, path = /sys/class/htc_sensorhub/sensor_hub/flush, err = 0
11-01 15:40:43.630 11326 11326 I art     : System.exit called, status: 6
11-01 15:40:43.630 11326 11326 I AndroidRuntime: VM exiting with result code 6.
11-01 15:40:43.677   600  8930 W WindowManager: Attempted to remove non-existing token: android.os.Binder@bb2fa4e
11-01 15:40:43.771 11223 11223 E cr_CompositorSurfaceMgr: Transitioning to surface with format : -1
11-01 15:40:43.805   600   609 I art     : Background partial concurrent mark sweep GC freed 37386(2046KB) AllocSpace objects, 8(176KB) LOS objects, 33% free, 15MB/22MB, paused 1.299ms total 128.113ms
11-01 15:40:43.843 11223 11279 W cr_tabmodel: Starting to perform legacy migration.
11-01 15:40:43.844 11223 11279 W cr_tabmodel: Finished performing legacy migration.
11-01 15:40:43.844 11223 11279 W cr_tabmodel: Starting to perform multi-instance migration.
11-01 15:40:43.846 11223 11279 W cr_tabmodel: Finished performing multi-instance migration.
11-01 15:40:43.848 11223 11279 I cr_tabmodel: Starting to fetch tab list for tab_state0
11-01 15:40:43.848 11223 11279 I cr_tabmodel: State file does not exist.
11-01 15:40:43.848 11223 11279 I cr_tabmodel: Starting to fetch tab list for tab_state1
11-01 15:40:43.848 11223 11279 I cr_tabmodel: State file does not exist.
11-01 15:40:43.879 11223 11279 I cr_ADCP : No customization source found
11-01 15:40:43.966   600   620 I ActivityManager: Displayed com.android.chrome/com.google.android.apps.chrome.Main: +322ms
11-01 15:40:44.001 11223 11242 D OpenGLRenderer: endAllActiveAnimators on 0xd54ce100 (InsetDrawable) with handle 0xd545e390
11-01 15:40:44.002   600   819 E BatteryStatsService: power: Missing API
11-01 15:40:44.011 11223 11223 E cr_CompositorSurfaceMgr: Transitioning to surface with format : -1
11-01 15:40:44.015 11223 11223 E cr_CompositorSurfaceMgr: surfaceCreated format : 0
11-01 15:40:44.026 11223 11223 I cr_ContextualSearch: Tap suppression enabled: false
11-01 15:40:44.030 11223 11223 I cr_ChromeTabbedActivity: #initializeState
11-01 15:40:44.030   600   819 E BatteryStatsService: no controller energy info supplied
11-01 15:40:44.030   800   800 E PhoneInterfaceManager: [PhoneIntfMgr] queryModemActivityInfo: Empty response
11-01 15:40:44.030 11223 11223 I cr_CipherFactory: #restoreFromBundle, no savedInstanceState.
11-01 15:40:44.031 11223 11223 I cr_tabmodel: #loadState, ignoreIncognitoFiles? true
11-01 15:40:44.039   600   819 E BatteryStatsService: modem info is invalid: ModemActivityInfo{ mTimestamp=0 mSleepTimeMs=0 mIdleTimeMs=0 mTxTimeMs[]=[0, 0, 0, 0, 0] mRxTimeMs=0 mEnergyUsed=0}
11-01 15:40:44.246 11223 11223 I SchedulerApiWrapper: Create SchedulerApiMainThreadWrapper
11-01 15:40:44.254 11223 11223 I FeedSessionManagerImpl: FeedSessionManagerImpl has been created
11-01 15:40:44.255 11223 11223 I FeedAppLifecycleLstnr: onEnterForeground called
11-01 15:40:44.255 11223 11223 I FeedSessionManagerImpl: onLifecycleEvent foreground
11-01 15:40:44.255 11223 11223 I FeedSessionManagerImpl: Lazy initialization triggered, getUpdateConsumer
11-01 15:40:44.256 11223 11279 I TaskQueue: Execute task [IMMEDIATE - d: true, b: 0]: 30
11-01 15:40:44.257 11223 11223 I FeedRequestManagerImpl: trigger refresh 2
11-01 15:40:44.257 11223 11223 I TaskQueue:  - task [HEAD_INVALIDATE - d: true, b: 0]: 26
11-01 15:40:44.259 11223 11223 I FeedAppLifecycleLstnr: initialize called
11-01 15:40:44.259 11223 11223 I FeedSessionManagerImpl: onLifecycleEvent initialize
11-01 15:40:44.259 11223 11223 W FeedSessionManagerImpl: FeedSessionManagerImpl has previously been initialized
11-01 15:40:44.284 11223 11223 I ViewConfigCompat: Could not find method getScaledScrollFactor() on ViewConfiguration
11-01 15:40:44.288 11223 11223 I BasicStream: Setting 2 header views, currently have 0 headers
11-01 15:40:44.289 11223 11223 I BasicStream: Setting 2 header views, currently have 2 headers
11-01 15:40:44.349   600   619 D BluetoothManagerService: Message: 20
11-01 15:40:44.349   600   619 D BluetoothManagerService: Added callback: android.bluetooth.IBluetoothManagerCallback$Stub$Proxy@e61a0ba:true
11-01 15:40:44.391 11223 11223 E cr_IntentUtils: getBooleanExtra failed on intent null
11-01 15:40:44.408 11257 11271 I cr_LibraryLoader: Loaded native library version number "85.0.4183.127"
11-01 15:40:44.411 11257 11271 I cr_CachingUmaRecorder: Flushed 1 samples from 1 histograms.
11-01 15:40:44.419 11223 11223 I TimeoutSessionImpl: Using TimeoutSessionImpl
11-01 15:40:44.419 11223 11223 I FeedSessionManagerImpl: Delaying populateSession until initialization is finished
11-01 15:40:44.419 11223 11223 I TaskQueue:  - task [IMMEDIATE - d: true, b: 1]: 13
11-01 15:40:44.420 11223 11223 I MainThreadRunner: Running task [BasicStream onShow] on the Main Thread with a delay of 500 milliseconds
11-01 15:40:44.444 11223 11233 W art     : Suspending all threads took: 8.657ms
11-01 15:40:44.461 11223 11233 I art     : Background partial concurrent mark sweep GC freed 12762(800KB) AllocSpace objects, 3(592KB) LOS objects, 40% free, 7MB/12MB, paused 9.782ms total 104.941ms
11-01 15:40:44.512   600  8039 I ActivityManager: Start proc 11359:com.android.chrome:sandboxed_process1/u0i54 for service com.android.chrome/org.chromium.content.app.SandboxedProcessService1
11-01 15:40:44.519 11223 11279 W SessionCache: Persisted Sessions were not found
11-01 15:40:44.519 11223 11279 I HeadSessionImpl: Initialize HEAD 0 items
11-01 15:40:44.520 11223 11279 I TaskQueue:  - task [BACKGROUND - d: true, b: 2]: 11
11-01 15:40:44.521 11223 11279 I TimingUtils: Task Timing 261ms, thread JardinExecutor | task : Initialization
11-01 15:40:44.521 11223 11279 I TaskQueue:  - Finished 30, time 265 ms
11-01 15:40:44.521 11223 11279 I TaskQueue: Execute task [HEAD_INVALIDATE - d: true, b: 2]: 26
11-01 15:40:44.527 11223 11279 I TimingUtils: Task Timing   5ms, thread JardinExecutor | task : getAllDismissLocalActions | size : 0
11-01 15:40:44.527 11223 11279 I TimingUtils: Task Timing   0ms, thread JardinExecutor | task : getSemanticProperties | size : 0
11-01 15:40:44.527 11223 11279 I MainThreadRunner: Running task [Check Tooltips] on the Main Thread
11-01 15:40:44.527 11223 11279 I TaskQueue:  * Starting starvation checks
11-01 15:40:44.527 11223 11279 I MainThreadRunner: Running task [starvationChecks] on the Main Thread with a delay of 6000 milliseconds
11-01 15:40:44.527 11223 11279 I TaskQueue:  - Finished 26, time 6 ms
11-01 15:40:44.528 11223 11279 I TaskQueue: Execute task [IMMEDIATE - d: true, b: 1]: 13
11-01 15:40:44.528 11223 11279 I FeedSessionManagerImpl: shouldSessionRequestData; hasContent(false), contentCreationTime(0), outstandingRequest(true)
11-01 15:40:44.528 11223 11279 I MainThreadRunner: Running task [SchedulerApiWrapper shouldSessionRequestData] on the Main Thread
11-01 15:40:44.547   600  6822 I ActivityManager: Start proc 11368:com.android.chrome:sandboxed_process2/u0i55 for service com.android.chrome/org.chromium.content.app.SandboxedProcessService2
11-01 15:40:44.581   600  1484 I ActivityManager: Start proc 11382:com.android.chrome:sandboxed_process3/u0i56 for service com.android.chrome/org.chromium.content.app.SandboxedProcessService3
11-01 15:40:44.638   600  8928 I ActivityManager: Start proc 11394:com.android.chrome:sandboxed_process4/u0i57 for service com.android.chrome/org.chromium.content.app.SandboxedProcessService4
11-01 15:40:44.701   600   819 I ActivityManager: Start proc 11409:com.android.chrome:sandboxed_process5/u0i58 for service com.android.chrome/org.chromium.content.app.SandboxedProcessService5
11-01 15:40:44.763   600  8928 I ActivityManager: Start proc 11425:com.android.chrome:sandboxed_process6/u0i59 for service com.android.chrome/org.chromium.content.app.SandboxedProcessService6
11-01 15:40:44.787 11223 11223 I PlayCore: UID: [10035]  PID: [11223] SplitInstallService : deferredInstall([image_editor])
11-01 15:40:44.801 11223 11433 I PlayCore: UID: [10035]  PID: [11223] SplitInstallService : Initiate binding to the service.
11-01 15:40:44.832 11368 11368 W dboxed_process2: type=1400 audit(0.0:1748): avc: denied { getattr } for path="/data/data/com.android.chrome" dev="dm-2" ino=12190 scontext=u:r:isolated_app:s0:c512,c768 tcontext=u:object_r:app_data_file:s0:c512,c768 tclass=dir permissive=0
11-01 15:40:44.843   600 30165 I ActivityManager: Start proc 11441:com.android.chrome:sandboxed_process7/u0i60 for service com.android.chrome/org.chromium.content.app.SandboxedProcessService7
11-01 15:40:44.845   600  8930 W ActivityManager: Unable to start service Intent { act=com.google.android.play.core.splitinstall.BIND_SPLIT_INSTALL_SERVICE pkg=com.android.vending } U=0: not found
11-01 15:40:44.869 11359 11359 W dboxed_process1: type=1400 audit(0.0:1749): avc: denied { getattr } for path="/data/data/com.android.chrome" dev="dm-2" ino=12190 scontext=u:r:isolated_app:s0:c512,c768 tcontext=u:object_r:app_data_file:s0:c512,c768 tclass=dir permissive=0
11-01 15:40:44.901   600  1068 I ActivityManager: Start proc 11456:com.android.chrome:sandboxed_process8/u0i61 for service com.android.chrome/org.chromium.content.app.SandboxedProcessService8
11-01 15:40:44.935 11223 11223 I Choreographer: Skipped 57 frames!  The application may be doing too much work on its main thread.
11-01 15:40:44.972 11382 11382 W dboxed_process3: type=1400 audit(0.0:1750): avc: denied { getattr } for path="/data/data/com.android.chrome" dev="dm-2" ino=12190 scontext=u:r:isolated_app:s0:c512,c768 tcontext=u:object_r:app_data_file:s0:c512,c768 tclass=dir permissive=0
11-01 15:40:45.099 11394 11394 W dboxed_process4: type=1400 audit(0.0:1751): avc: denied { getattr } for path="/data/data/com.android.chrome" dev="dm-2" ino=12190 scontext=u:r:isolated_app:s0:c512,c768 tcontext=u:object_r:app_data_file:s0:c512,c768 tclass=dir permissive=0
11-01 15:40:45.135 11368 11368 I cr_ChildProcessService: Creating new ChildProcessService pid=11368
11-01 15:40:45.149 11409 11409 W dboxed_process5: type=1400 audit(0.0:1752): avc: denied { getattr } for path="/data/data/com.android.chrome" dev="dm-2" ino=12190 scontext=u:r:isolated_app:s0:c512,c768 tcontext=u:object_r:app_data_file:s0:c512,c768 tclass=dir permissive=0
11-01 15:40:45.162 11223 11223 I TaskQueue:  - task [IMMEDIATE - d: true, b: 1]: 27
11-01 15:40:45.164 11359 11359 I cr_ChildProcessService: Creating new ChildProcessService pid=11359
11-01 15:40:45.170 11223 11279 I FeedSessionManagerImpl: shouldSessionRequestDataResult: NO_REQUEST_WITH_WAIT, shouldMakeRequest(false), withTimeout(false), withAppend(false)
11-01 15:40:45.171 11223 11279 I TaskQueue:  - task [USER_FACING - d: true, b: 2]: 24
11-01 15:40:45.171 11223 11279 I TaskQueue:  - Finished 13, time 644 ms
11-01 15:40:45.171 11223 11279 I TaskQueue: Execute task [IMMEDIATE - d: true, b: 2]: 27
11-01 15:40:45.172 11425 11425 W dboxed_process6: type=1400 audit(0.0:1753): avc: denied { getattr } for path="/data/data/com.android.chrome" dev="dm-2" ino=12190 scontext=u:r:isolated_app:s0:c512,c768 tcontext=u:object_r:app_data_file:s0:c512,c768 tclass=dir permissive=0
11-01 15:40:45.172 11223 11279 I FeedRequestManagerImpl: Consistency Token: # hU2@7bca4
11-01 15:40:45.199 11223 11233 I art     : Background sticky concurrent mark sweep GC freed 33638(1911KB) AllocSpace objects, 25(556KB) LOS objects, 17% free, 9MB/12MB, paused 497us total 168.014ms
11-01 15:40:45.221 11223 11279 I FeedRequestManagerImpl: Capability: FEED_UI
11-01 15:40:45.221 11223 11279 I FeedRequestManagerImpl: Capability: UNDOABLE_ACTIONS
11-01 15:40:45.221 11223 11279 I FeedRequestManagerImpl: Capability: MANAGE_INTERESTS
11-01 15:40:45.221 11223 11279 I FeedRequestManagerImpl: Capability: SEND_FEEDBACK
11-01 15:40:45.221 11223 11279 I FeedRequestManagerImpl: Capability: ARTICLE_SNIPPETS
11-01 15:40:45.221 11223 11279 I FeedRequestManagerImpl: Capability: CLICK_ACTION
11-01 15:40:45.221 11223 11279 I FeedRequestManagerImpl: Capability: VIEW_ACTION
11-01 15:40:45.221 11223 11279 I FeedRequestManagerImpl: Capability: REPORT_FEED_USER_ACTIONS_NOTICE_CARD
11-01 15:40:45.221 11223 11279 I FeedRequestManagerImpl: Capability: BASE_UI
11-01 15:40:45.233 11382 11382 I cr_ChildProcessService: Creating new ChildProcessService pid=11382
11-01 15:40:45.245 11223 11279 I FeedRequestManagerImpl: Making Request: /httpservice/noretry/DiscoverClankService/FeedQuery
11-01 15:40:45.245 11223 11279 I MainThreadRunner: Running task [NetworkClientWrapper send] on the Main Thread
11-01 15:40:45.245 11223 11279 I TaskQueue:  - Finished 27, time 74 ms
11-01 15:40:45.266 11441 11441 W dboxed_process7: type=1400 audit(0.0:1754): avc: denied { getattr } for path="/data/data/com.android.chrome" dev="dm-2" ino=12190 scontext=u:r:isolated_app:s0:c512,c768 tcontext=u:object_r:app_data_file:s0:c512,c768 tclass=dir permissive=0
11-01 15:40:45.307 11223 11433 I PlayCore: UID: [10035]  PID: [11223] SplitInstallService : Failed to bind to the service.
11-01 15:40:45.309 11394 11394 I cr_ChildProcessService: Creating new ChildProcessService pid=11394
11-01 15:40:45.354 11409 11409 I cr_ChildProcessService: Creating new ChildProcessService pid=11409
11-01 15:40:45.363 11425 11425 I cr_ChildProcessService: Creating new ChildProcessService pid=11425
11-01 15:40:45.366 11456 11456 W dboxed_process8: type=1400 audit(0.0:1755): avc: denied { getattr } for path="/data/data/com.android.chrome" dev="dm-2" ino=12190 scontext=u:r:isolated_app:s0:c512,c768 tcontext=u:object_r:app_data_file:s0:c512,c768 tclass=dir permissive=0
11-01 15:40:45.370 11223 11223 I cr_tabmodel: Appending tabs being restored to metadata lists, 0, startingNormalCount: 1, startingIncognitoCount: 0
11-01 15:40:45.370 11223 11223 I cr_tabmodel: Serializing tab lists; counts: 1, 0
11-01 15:40:45.521 11223 11223 I Choreographer: Skipped 34 frames!  The application may be doing too much work on its main thread.
11-01 15:40:45.527 11441 11441 I cr_ChildProcessService: Creating new ChildProcessService pid=11441
11-01 15:40:45.542 11359 11479 I cr_LibraryLoader: Loaded native library version number "85.0.4183.127"
11-01 15:40:45.543 11359 11479 I cr_CachingUmaRecorder: Flushed 1 samples from 1 histograms.
11-01 15:40:45.597 11456 11456 I cr_ChildProcessService: Creating new ChildProcessService pid=11456
11-01 15:40:45.598 11382 11481 I cr_LibraryLoader: Loaded native library version number "85.0.4183.127"
11-01 15:40:45.598 11382 11481 I cr_CachingUmaRecorder: Flushed 1 samples from 1 histograms.
11-01 15:40:45.670 11394 11482 I cr_LibraryLoader: Loaded native library version number "85.0.4183.127"
11-01 15:40:45.688 11394 11482 I cr_CachingUmaRecorder: Flushed 1 samples from 1 histograms.
11-01 15:40:45.772 11368 11477 I cr_LibraryLoader: Loaded native library version number "85.0.4183.127"
11-01 15:40:45.778 11368 11477 I cr_CachingUmaRecorder: Flushed 1 samples from 1 histograms.
11-01 15:40:45.780   600   610 I ActivityManager: Start proc 11495:com.android.chrome:sandboxed_process9/u0i62 for service com.android.chrome/org.chromium.content.app.SandboxedProcessService9
11-01 15:40:45.801 11223 11233 I art     : Background partial concurrent mark sweep GC freed 47131(2MB) AllocSpace objects, 33(652KB) LOS objects, 39% free, 9MB/16MB, paused 15.684ms total 289.414ms
11-01 15:40:45.811 11409 11484 I cr_LibraryLoader: Loaded native library version number "85.0.4183.127"
11-01 15:40:45.811 11409 11484 I cr_CachingUmaRecorder: Flushed 1 samples from 1 histograms.
11-01 15:40:45.827 11425 11483 I cr_LibraryLoader: Loaded native library version number "85.0.4183.127"
11-01 15:40:45.828 11425 11483 I cr_CachingUmaRecorder: Flushed 1 samples from 1 histograms.
11-01 15:40:45.868 11359 11479 I chromium: [INFO:child_process_service.cc(69)] ChildProcessService: Exiting child process.
11-01 15:40:45.875 11223 11278 W cr_CrashFileManager: /data/user/0/com.android.chrome/cache/Crash Reports does not exist or is not a directory
11-01 15:40:45.875 11223 11278 W cr_CrashFileManager: /data/user/0/com.android.chrome/cache/Crash Reports does not exist or is not a directory
11-01 15:40:45.875 11223 11278 W cr_CrashFileManager: /data/user/0/com.android.chrome/cache/Crash Reports does not exist or is not a directory
11-01 15:40:45.877   600   613 I ActivityManager: Killing 11359:com.android.chrome:sandboxed_process1/u0a35i54 (adj 0): isolated not needed
11-01 15:40:45.896 11223 11278 I cr_FileUtils: Writing to /data/user/0/com.android.chrome/app_dex/webapk7.dex
11-01 15:40:45.918 11223 11256 I cr_BindingManager: Moderate binding enabled: maxSize=40
11-01 15:40:45.996 11441 11486 I cr_LibraryLoader: Loaded native library version number "85.0.4183.127"
11-01 15:40:45.996   600   611 I ActivityManager: Killing 11394:com.android.chrome:sandboxed_process4/u0a35i57 (adj 0): isolated not needed
11-01 15:40:45.997   600   611 I ActivityManager: Killing 11382:com.android.chrome:sandboxed_process3/u0a35i56 (adj 0): isolated not needed
11-01 15:40:45.998 11441 11486 I cr_CachingUmaRecorder: Flushed 1 samples from 1 histograms.
11-01 15:40:46.083 11409 11484 I chromium: [INFO:child_process_service.cc(69)] ChildProcessService: Exiting child process.
11-01 15:40:46.084   600   611 I ActivityManager: Killing 11425:com.android.chrome:sandboxed_process6/u0a35i59 (adj 0): isolated not needed
11-01 15:40:46.084   600   611 I ActivityManager: Killing 11368:com.android.chrome:sandboxed_process2/u0a35i55 (adj 0): isolated not needed
11-01 15:40:46.088   197   197 E lowmemorykiller: Error writing /proc/11409/oom_score_adj; errno=22
11-01 15:40:46.108   600 12440 I ActivityManager: Process com.android.chrome:sandboxed_process5 (pid 11409) has died
11-01 15:40:46.109   600 12440 D ActivityManager: cleanUpApplicationRecord -- 11409
11-01 15:40:46.133 11223 11223 W chromium: [WARNING:compositor_view.cc(315)] Child process died (type=6) pid=11409)
11-01 15:40:46.137 11223 11256 I cr_BindingManager: onTrimMemory: level=15, size=0
11-01 15:40:46.145 21960 22529 I Icing   : IndexChimeraService.getServiceInterface callingPackage=com.android.chrome componentName=null serviceId=36
11-01 15:40:46.163 21960 22472 I Icing   : IndexChimeraService.getServiceInterface callingPackage=com.android.chrome componentName=null serviceId=36
11-01 15:40:46.172 11456 11488 I cr_LibraryLoader: Loaded native library version number "85.0.4183.127"
11-01 15:40:46.172 11456 11488 I cr_CachingUmaRecorder: Flushed 1 samples from 1 histograms.
11-01 15:40:46.222 11495 11495 W dboxed_process9: type=1400 audit(0.0:1756): avc: denied { getattr } for path="/data/data/com.android.chrome" dev="dm-2" ino=12190 scontext=u:r:isolated_app:s0:c512,c768 tcontext=u:object_r:app_data_file:s0:c512,c768 tclass=dir permissive=0
11-01 15:40:46.335 11456 11488 I chromium: [INFO:child_process_service.cc(69)] ChildProcessService: Exiting child process.
11-01 15:40:46.339   197   197 E lowmemorykiller: Error writing /proc/11456/oom_score_adj; errno=22
11-01 15:40:46.357 11441 11441 I cr_ChildProcessService: Destroying ChildProcessService pid=11441
11-01 15:40:46.366 11517 11517 I dex2oat : /system/bin/dex2oat --dex-file=/data/user/0/com.android.chrome/app_dex/webapk7.dex --oat-fd=183 --oat-location=/data/user/0/com.android.chrome/app_dex/oat/arm/webapk7.dex --compiler-filter=speed
11-01 15:40:46.384 11357 11357 D AndroidRuntime: >>>>>> START com.android.internal.os.RuntimeInit uid 2000 <<<<<<
11-01 15:40:46.406   600   610 I ActivityManager: Killing 11456:com.android.chrome:sandboxed_process8/u0a35i61 (adj 0): isolated not needed
11-01 15:40:46.406   600   610 I ActivityManager: Killing 11441:com.android.chrome:sandboxed_process7/u0a35i60 (adj 0): isolated not needed
11-01 15:40:46.408 11495 11495 I cr_ChildProcessService: Creating new ChildProcessService pid=11495
11-01 15:40:46.433 11357 11357 D AndroidRuntime: CheckJNI is OFF
11-01 15:40:46.527   600   819 I ActivityManager: Start proc 11533:com.android.chrome:sandboxed_process10/u0i63 for service com.android.chrome/org.chromium.content.app.SandboxedProcessService10
11-01 15:40:46.570   600  6822 I ActivityManager: Start proc 11539:com.android.chrome:sandboxed_process11/u0i64 for service com.android.chrome/org.chromium.content.app.SandboxedProcessService11
11-01 15:40:46.593 11495 11532 I cr_LibraryLoader: Loaded native library version number "85.0.4183.127"
11-01 15:40:46.593 11495 11532 I cr_CachingUmaRecorder: Flushed 1 samples from 1 histograms.
11-01 15:40:46.611   600  1066 I ActivityManager: Start proc 11551:com.android.chrome:sandboxed_process12/u0i65 for service com.android.chrome/org.chromium.content.app.SandboxedProcessService12
11-01 15:40:46.655   600 28743 I ActivityManager: Start proc 11572:com.android.chrome:sandboxed_process13/u0i66 for service com.android.chrome/org.chromium.content.app.SandboxedProcessService13
11-01 15:40:46.696   600  1666 I ActivityManager: Start proc 11581:com.android.chrome:sandboxed_process14/u0i67 for service com.android.chrome/org.chromium.content.app.SandboxedProcessService14
11-01 15:40:46.716 11495 11532 I chromium: [INFO:child_process_service.cc(69)] ChildProcessService: Exiting child process.
11-01 15:40:46.742 11223 11223 W chromium: [WARNING:compositor_view.cc(315)] Child process died (type=6) pid=11495)
11-01 15:40:46.754   600  1665 I ActivityManager: Start proc 11594:com.android.chrome:sandboxed_process15/u0i68 for service com.android.chrome/org.chromium.content.app.SandboxedProcessService15
11-01 15:40:46.754   600  1068 I ActivityManager: Process com.android.chrome:sandboxed_process9 (pid 11495) has died
11-01 15:40:46.754   600  1068 D ActivityManager: cleanUpApplicationRecord -- 11495
11-01 15:40:46.754   600  1068 W ActivityManager: Scheduling restart of crashed service com.android.chrome/org.chromium.content.app.SandboxedProcessService9 in 1000ms
11-01 15:40:46.759 11533 11533 W boxed_process10: type=1400 audit(0.0:1757): avc: denied { getattr } for path="/data/data/com.android.chrome" dev="dm-2" ino=12190 scontext=u:r:isolated_app:s0:c512,c768 tcontext=u:object_r:app_data_file:s0:c512,c768 tclass=dir permissive=0
11-01 15:40:46.769 11539 11539 W boxed_process11: type=1400 audit(0.0:1758): avc: denied { getattr } for path="/data/data/com.android.chrome" dev="dm-2" ino=12190 scontext=u:r:isolated_app:s0:c512,c768 tcontext=u:object_r:app_data_file:s0:c512,c768 tclass=dir permissive=0
11-01 15:40:46.872 11551 11551 W boxed_process12: type=1400 audit(0.0:1759): avc: denied { getattr } for path="/data/data/com.android.chrome" dev="dm-2" ino=12190 scontext=u:r:isolated_app:s0:c512,c768 tcontext=u:object_r:app_data_file:s0:c512,c768 tclass=dir permissive=0
11-01 15:40:46.891   600  1485 I ActivityManager: Start proc 11615:com.android.chrome:sandboxed_process16/u0i69 for service com.android.chrome/org.chromium.content.app.SandboxedProcessService16
11-01 15:40:46.910 11539 11539 I cr_ChildProcessService: Creating new ChildProcessService pid=11539
11-01 15:40:46.922 11572 11572 W boxed_process13: type=1400 audit(0.0:1760): avc: denied { getattr } for path="/data/data/com.android.chrome" dev="dm-2" ino=12190 scontext=u:r:isolated_app:s0:c512,c768 tcontext=u:object_r:app_data_file:s0:c512,c768 tclass=dir permissive=0
11-01 15:40:46.931 11533 11533 I cr_ChildProcessService: Creating new ChildProcessService pid=11533
11-01 15:40:46.942   600   610 I ActivityManager: Start proc 11620:com.android.chrome:sandboxed_process17/u0i70 for service com.android.chrome/org.chromium.content.app.SandboxedProcessService17
11-01 15:40:46.975   600 28743 I ActivityManager: Start proc 11637:com.android.chrome:sandboxed_process18/u0i71 for service com.android.chrome/org.chromium.content.app.SandboxedProcessService18
11-01 15:40:46.999 11581 11581 W boxed_process14: type=1400 audit(0.0:1761): avc: denied { getattr } for path="/data/data/com.android.chrome" dev="dm-2" ino=12190 scontext=u:r:isolated_app:s0:c512,c768 tcontext=u:object_r:app_data_file:s0:c512,c768 tclass=dir permissive=0
11-01 15:40:47.002 11594 11594 W boxed_process15: type=1400 audit(0.0:1762): avc: denied { getattr } for path="/data/data/com.android.chrome" dev="dm-2" ino=12190 scontext=u:r:isolated_app:s0:c512,c768 tcontext=u:object_r:app_data_file:s0:c512,c768 tclass=dir permissive=0
11-01 15:40:47.056 11551 11551 I cr_ChildProcessService: Creating new ChildProcessService pid=11551
11-01 15:40:47.068   600  8040 I ActivityManager: Start proc 11657:com.android.chrome:sandboxed_process19/u0i72 for service com.android.chrome/org.chromium.content.app.SandboxedProcessService19
11-01 15:40:47.139 11572 11572 I cr_ChildProcessService: Creating new ChildProcessService pid=11572
11-01 15:40:47.183 11357 11357 D ICU     : No timezone override file found: /data/misc/zoneinfo/current/icu/icu_tzdata.dat
11-01 15:40:47.190 11594 11594 I cr_ChildProcessService: Creating new ChildProcessService pid=11594
11-01 15:40:47.192 11615 11615 W boxed_process16: type=1400 audit(0.0:1763): avc: denied { getattr } for path="/data/data/com.android.chrome" dev="dm-2" ino=12190 scontext=u:r:isolated_app:s0:c512,c768 tcontext=u:object_r:app_data_file:s0:c512,c768 tclass=dir permissive=0
11-01 15:40:47.219 11581 11581 I cr_ChildProcessService: Creating new ChildProcessService pid=11581
11-01 15:40:47.269 11620 11620 W boxed_process17: type=1400 audit(0.0:1764): avc: denied { getattr } for path="/data/data/com.android.chrome" dev="dm-2" ino=12190 scontext=u:r:isolated_app:s0:c512,c768 tcontext=u:object_r:app_data_file:s0:c512,c768 tclass=dir permissive=0
11-01 15:40:47.269 11637 11637 W boxed_process18: type=1400 audit(0.0:1765): avc: denied { getattr } for path="/data/data/com.android.chrome" dev="dm-2" ino=12190 scontext=u:r:isolated_app:s0:c512,c768 tcontext=u:object_r:app_data_file:s0:c512,c768 tclass=dir permissive=0
11-01 15:40:47.322 11539 11626 I cr_LibraryLoader: Loaded native library version number "85.0.4183.127"
11-01 15:40:47.323 11539 11626 I cr_CachingUmaRecorder: Flushed 1 samples from 1 histograms.
11-01 15:40:47.327 21960 22375 I CastDatabase: Saving the database
11-01 15:40:47.350 11533 11633 I cr_LibraryLoader: Loaded native library version number "85.0.4183.127"
11-01 15:40:47.350 11533 11633 I cr_CachingUmaRecorder: Flushed 1 samples from 1 histograms.
11-01 15:40:47.361 11615 11615 I cr_ChildProcessService: Creating new ChildProcessService pid=11615
11-01 15:40:47.372 11657 11657 W boxed_process19: type=1400 audit(0.0:1766): avc: denied { getattr } for path="/data/data/com.android.chrome" dev="dm-2" ino=12190 scontext=u:r:isolated_app:s0:c512,c768 tcontext=u:object_r:app_data_file:s0:c512,c768 tclass=dir permissive=0
11-01 15:40:47.440 11551 11656 I cr_LibraryLoader: Loaded native library version number "85.0.4183.127"
11-01 15:40:47.441 11620 11620 I cr_ChildProcessService: Creating new ChildProcessService pid=11620
11-01 15:40:47.470 11357 11357 I Radio-JNI: register_android_hardware_Radio DONE
11-01 15:40:47.476 11637 11637 I cr_ChildProcessService: Creating new ChildProcessService pid=11637
11-01 15:40:47.477 11551 11656 I cr_CachingUmaRecorder: Flushed 1 samples from 1 histograms.
11-01 15:40:47.540 11594 11671 I cr_LibraryLoader: Loaded native library version number "85.0.4183.127"
11-01 15:40:47.547 11594 11671 I cr_CachingUmaRecorder: Flushed 1 samples from 1 histograms.
11-01 15:40:47.554 11572 11664 I cr_LibraryLoader: Loaded native library version number "85.0.4183.127"
11-01 15:40:47.566   600   609 I art     : Background partial concurrent mark sweep GC freed 37321(1894KB) AllocSpace objects, 20(528KB) LOS objects, 33% free, 15MB/22MB, paused 24.315ms total 440.783ms
11-01 15:40:47.574 11572 11664 I cr_CachingUmaRecorder: Flushed 1 samples from 1 histograms.
11-01 15:40:47.612 11657 11657 I cr_ChildProcessService: Creating new ChildProcessService pid=11657
11-01 15:40:47.613 11517 11614 W dex2oat : Compilation of java.lang.String androidx.core.graphics.drawable.IconCompat.toString() took 125.180ms
11-01 15:40:47.622 11581 11673 I cr_LibraryLoader: Loaded native library version number "85.0.4183.127"
11-01 15:40:47.622 11581 11673 I cr_CachingUmaRecorder: Flushed 1 samples from 1 histograms.
11-01 15:40:47.636 11357 11357 D AndroidRuntime: Calling main entry com.android.commands.am.Am
11-01 15:40:47.657 11517 11517 I dex2oat : dex2oat took 1.291s (threads: 2) arena alloc=875KB (896152B) java alloc=93KB (95232B) native alloc=559KB (573280B) free=2000KB (2048160B)
11-01 15:40:47.736 11615 11679 I cr_LibraryLoader: Loaded native library version number "85.0.4183.127"
11-01 15:40:47.737 11615 11679 I cr_CachingUmaRecorder: Flushed 1 samples from 1 histograms.
11-01 15:40:47.789   600  1664 I ActivityManager: START u0 {act=android.intent.action.VIEW dat=http://192.168.40.1/... flg=0x10000000 cmp=com.android.chrome/com.google.android.apps.chrome.Main} from uid 2000 on display 0
11-01 15:40:47.795 11357 11357 D AndroidRuntime: Shutting down VM
11-01 15:40:47.806 11620 11686 I cr_LibraryLoader: Loaded native library version number "85.0.4183.127"
11-01 15:40:47.807 11620 11686 I cr_CachingUmaRecorder: Flushed 1 samples from 1 histograms.
11-01 15:40:47.834 11539 11539 I cr_ChildProcessService: Destroying ChildProcessService pid=11539
11-01 15:40:47.836 11637 11687 I cr_LibraryLoader: Loaded native library version number "85.0.4183.127"
11-01 15:40:47.842 11637 11687 I cr_CachingUmaRecorder: Flushed 1 samples from 1 histograms.
11-01 15:40:47.863 11581 11581 I cr_ChildProcessService: Destroying ChildProcessService pid=11581
11-01 15:40:47.872 11572 11572 I cr_ChildProcessService: Destroying ChildProcessService pid=11572
11-01 15:40:47.873 11581 11673 I chromium: [INFO:child_process_service.cc(69)] ChildProcessService: Exiting child process.
11-01 15:40:47.873 11594 11594 I cr_ChildProcessService: Destroying ChildProcessService pid=11594
11-01 15:40:47.873 11572 11664 I chromium: [INFO:child_process_service.cc(69)] ChildProcessService: Exiting child process.
11-01 15:40:47.874 11551 11551 I cr_ChildProcessService: Destroying ChildProcessService pid=11551
11-01 15:40:47.874 11594 11671 I chromium: [INFO:child_process_service.cc(69)] ChildProcessService: Exiting child process.
11-01 15:40:47.875 11533 11533 I cr_ChildProcessService: Destroying ChildProcessService pid=11533
11-01 15:40:47.879 11223 11223 E cr_IntentUtils: getInt failed on bundle null
11-01 15:40:47.886 11657 11695 I cr_LibraryLoader: Loaded native library version number "85.0.4183.127"
11-01 15:40:47.886 11657 11695 I cr_CachingUmaRecorder: Flushed 1 samples from 1 histograms.
11-01 15:40:47.921 11620 11686 I chromium: [INFO:child_process_service.cc(69)] ChildProcessService: Exiting child process.
