11-01 15:40:47.924   600  8928 I ActivityManager: Start proc 11715:com.android.chrome:sandboxed_process20/u0i73 for service com.android.chrome/org.chromium.content.app.SandboxedProcessService20
11-01 15:40:47.926   197   197 E lowmemorykiller: Error writing /proc/11620/oom_score_adj; errno=22
11-01 15:40:47.953 11223 11223 W FeedModelProvider: sessionId is null, this should have been set during population
11-01 15:40:47.958 11223 11223 I cr_tabmodel: Appending tabs being restored to metadata lists, 0, startingNormalCount: 2, startingIncognitoCount: 0
11-01 15:40:47.958 11223 11223 I cr_tabmodel: Serializing tab lists; counts: 2, 0
11-01 15:40:47.959 11615 11679 I chromium: [INFO:child_process_service.cc(69)] ChildProcessService: Exiting child process.
11-01 15:40:47.961   600  1665 I ActivityManager: Killing 11637:com.android.chrome:sandboxed_process18/u0a35i71 (adj 0): isolated not needed
11-01 15:40:47.962   600  1665 I ActivityManager: Killing 11620:com.android.chrome:sandboxed_process17/u0a35i70 (adj 0): isolated not needed
11-01 15:40:47.962   600  1665 I ActivityManager: Killing 11615:com.android.chrome:sandboxed_process16/u0a35i69 (adj 0): isolated not needed
11-01 15:40:47.962   600  1665 I ActivityManager: Killing 11581:com.android.chrome:sandboxed_process14/u0a35i67 (adj 0): isolated not needed
11-01 15:40:47.962   600  1665 I ActivityManager: Killing 11572:com.android.chrome:sandboxed_process13/u0a35i66 (adj 0): isolated not needed
11-01 15:40:47.962   600  1665 I ActivityManager: Killing 11594:com.android.chrome:sandboxed_process15/u0a35i68 (adj 0): isolated not needed
11-01 15:40:47.962   600  1665 I ActivityManager: Killing 11551:com.android.chrome:sandboxed_process12/u0a35i65 (adj 0): isolated not needed
11-01 15:40:47.962   600  1665 I ActivityManager: Killing 11533:com.android.chrome:sandboxed_process10/u0a35i63 (adj 0): isolated not needed
11-01 15:40:47.962   600  1665 I ActivityManager: Killing 11539:com.android.chrome:sandboxed_process11/u0a35i64 (adj 0): isolated not needed
11-01 15:40:47.973   600  1484 I ActivityManager: Killing 11657:com.android.chrome:sandboxed_process19/u0a35i72 (adj 0): isolated not needed
11-01 15:40:47.989 11715 11715 W boxed_process20: type=1400 audit(0.0:1767): avc: denied { getattr } for path="/data/data/com.android.chrome" dev="dm-2" ino=12190 scontext=u:r:isolated_app:s0:c512,c768 tcontext=u:object_r:app_data_file:s0:c512,c768 tclass=dir permissive=0
11-01 15:40:48.016 11715 11715 I cr_ChildProcessService: Creating new ChildProcessService pid=11715
11-01 15:40:48.093 11715 11732 I cr_LibraryLoader: Loaded native library version number "85.0.4183.127"
11-01 15:40:48.093 11715 11732 I cr_CachingUmaRecorder: Flushed 1 samples from 1 histograms.
11-01 15:40:48.319 21960 22543 I Icing   : Removing corpus key com.android.chrome-omnibox for package com.android.chrome
11-01 15:40:48.323   600  5522 D ActivityManager: cleanUpApplicationRecord -- 11620
11-01 15:40:48.329   600  1664 D ActivityManager: cleanUpApplicationRecord -- 11594
11-01 15:40:48.330   600 30165 D ActivityManager: cleanUpApplicationRecord -- 11572
11-01 15:40:48.330   600 28743 D ActivityManager: cleanUpApplicationRecord -- 11581
11-01 15:40:48.356 11223 11223 W chromium: [WARNING:compositor_view.cc(315)] Child process died (type=6) pid=11620)
11-01 15:40:48.358 11223 11223 W chromium: [WARNING:compositor_view.cc(315)] Child process died (type=6) pid=11594)
11-01 15:40:48.358 11223 11223 W chromium: [WARNING:compositor_view.cc(315)] Child process died (type=6) pid=11572)
11-01 15:40:48.358 11223 11223 W chromium: [WARNING:compositor_view.cc(315)] Child process died (type=6) pid=11581)
11-01 15:40:48.439 11223 11223 I FeedRequestManagerImpl: Request: /httpservice/noretry/DiscoverClankService/FeedQuery completed with response code: 200
11-01 15:40:48.439 11223 11223 I TaskQueue:  - task [IMMEDIATE - d: true, b: 2]: 15
11-01 15:40:48.439 11223 11223 I TaskQueue:  - queueTask starting immediate task
11-01 15:40:48.439 11223 11279 I TaskQueue: Execute task [IMMEDIATE - d: true, b: 2]: 15
11-01 15:40:48.462   600 30165 D ActivityManager: cleanUpApplicationRecord -- 11615
11-01 15:40:48.476 11223 11223 W chromium: [WARNING:compositor_view.cc(315)] Child process died (type=6) pid=11615)
11-01 15:40:48.500 11223 11279 I MainThreadRunner: Running task [FeedRequestManagerImpl consumer] on the Main Thread
11-01 15:40:48.504 11223 11223 I FeedProtocolAdapter: createModel, operations 33
11-01 15:40:48.509 11223 11223 I TimingUtils: Task Timing   4ms, thread ui | task : convertWireProtocol | mutations : 33
11-01 15:40:48.510 11223 11223 I TaskQueue:  - task [HEAD_RESET - d: true, b: 2]: 5
11-01 15:40:48.510 11223 11223 I TaskQueue:  - queueTask starting immediate task
11-01 15:40:48.516 11223 11279 I TaskQueue:  - Finished 15, time 77 ms
11-01 15:40:48.517 11223 11279 I TaskQueue: Execute task [HEAD_RESET - d: true, b: 2]: 5
11-01 15:40:48.638 11223 11233 I art     : Background partial concurrent mark sweep GC freed 17666(858KB) AllocSpace objects, 22(2MB) LOS objects, 40% free, 13MB/22MB, paused 386us total 114.242ms
11-01 15:40:48.902   600  6822 D ActivityManager: cleanUpApplicationRecord -- 11657
11-01 15:40:48.903 11223 11223 W chromium: [WARNING:compositor_view.cc(315)] Child process died (type=6) pid=11657)
11-01 15:40:49.111   600   610 D ActivityManager: cleanUpApplicationRecord -- 11394
11-01 15:40:49.112 11223 11223 W chromium: [WARNING:compositor_view.cc(315)] Child process died (type=6) pid=11394)
11-01 15:40:49.135   600  1666 D ActivityManager: cleanUpApplicationRecord -- 11637
11-01 15:40:49.137 11223 11223 W chromium: [WARNING:compositor_view.cc(315)] Child process died (type=6) pid=11637)
11-01 15:40:49.139 11223 11279 I TaskQueue:  - task [BACKGROUND - d: true, b: 2]: 23
11-01 15:40:49.139 11223 11279 W SessionCache: Persisted Sessions were not found
11-01 15:40:49.141   600  5522 D ActivityManager: cleanUpApplicationRecord -- 11368
11-01 15:40:49.144 11223 11223 W chromium: [WARNING:compositor_view.cc(315)] Child process died (type=6) pid=11382)
11-01 15:40:49.146 11223 11223 W chromium: [WARNING:compositor_view.cc(315)] Child process died (type=6) pid=11441)
11-01 15:40:49.147 11223 11223 W chromium: [WARNING:compositor_view.cc(315)] Child process died (type=6) pid=11533)
11-01 15:40:49.147 11223 11223 W chromium: [WARNING:compositor_view.cc(315)] Child process died (type=6) pid=11359)
11-01 15:40:49.148 11223 11223 W chromium: [WARNING:compositor_view.cc(315)] Child process died (type=6) pid=11368)
11-01 15:40:49.152 11223 11279 I PersistentFeedStore: commitSessionMutation - Success true, Update Session $HEAD, stream structures 32
11-01 15:40:49.153   600  6822 D ActivityManager: cleanUpApplicationRecord -- 11382
11-01 15:40:49.154   600  8928 D ActivityManager: cleanUpApplicationRecord -- 11359
11-01 15:40:49.155   600  1483 D ActivityManager: cleanUpApplicationRecord -- 11533
11-01 15:40:49.155   600  1665 D ActivityManager: cleanUpApplicationRecord -- 11441
11-01 15:40:49.156   600  8931 D ActivityManager: cleanUpApplicationRecord -- 11551
11-01 15:40:49.157   600  8039 D ActivityManager: cleanUpApplicationRecord -- 11425
11-01 15:40:49.160 11223 11223 W chromium: [WARNING:compositor_view.cc(315)] Child process died (type=6) pid=11425)
11-01 15:40:49.161 11223 11223 W chromium: [WARNING:compositor_view.cc(315)] Child process died (type=6) pid=11539)
11-01 15:40:49.162 11223 11223 W chromium: [WARNING:compositor_view.cc(315)] Child process died (type=6) pid=11551)
11-01 15:40:49.166 11223 11279 I MainThreadRunner: Running task [SchedulerApiWrapper onReceiveNewContent] on the Main Thread
11-01 15:40:49.166 11223 11279 I MainThreadRunner: Running task [FeedKnownContentImpl onNewContentReceived] on the Main Thread
11-01 15:40:49.167 11223 11279 I SessionManagerMutation: Cleared Head, new creation time 11-01 15:40:49.139
11-01 15:40:49.167 11223 11279 I TimingUtils: Task Timing 650ms, thread JardinExecutor | task : sessionMutation.commitTask:updateConsumer | mutations : 33 | userInitiated : false
11-01 15:40:49.167 11223 11279 I TaskQueue: Cancelling starvation checks
11-01 15:40:49.167 11223 11279 I TaskQueue:  - Finished 5, time 651 ms
11-01 15:40:49.168 11223 11279 I TaskQueue: Execute task [USER_FACING - d: false, b: 2]: 24
11-01 15:40:49.170   600   611 D ActivityManager: cleanUpApplicationRecord -- 11539
11-01 15:40:49.199 11223 11279 I TimeoutSessionImpl: TimeoutSession.populateModelProvider, shouldAppend false
11-01 15:40:49.199 11223 11279 I SessionImpl: PopulateModelProvider 32 items
11-01 15:40:49.200 11223 11279 I FeedModelProvider: FeedModelProvider - committer, structure changes 31, update changes 0
11-01 15:40:49.200 11223 11279 I FeedModelProvider: SyntheticTokenTracker: 0, 11, 11, false
11-01 15:40:49.200 11223 11279 I FeedSessionManagerImpl: Caching getStreamFeatures - items 31, cache misses 0, cache size 31
11-01 15:40:49.204 11223 11279 I FeedModelProvider: Moving _session:54e3ef9d-0537-4a89-9025-d31efa7acc54 to READY
11-01 15:40:49.205 11223 11279 I MainThreadRunner: Running task [FeedModelProvider onSessionStart] on the Main Thread
11-01 15:40:49.205 11223 11279 I FeedModelProvider: ModelProvider Mutation committed - structure changes 31, childrenToBind 31, removedChildren false, Token false
11-01 15:40:49.206 11223 11223 I FeedModelProvider: No children found for Cursor
11-01 15:40:49.215 11223 11279 I FeedSessionManagerImpl: Populate new session: _session:54e3ef9d-0537-4a89-9025-d31efa7acc54, creation time 11-01 15:40:49.199
11-01 15:40:49.216 11223 11279 I TimingUtils: Task Timing  48ms, thread JardinExecutor | task : Create/Populate New Session
11-01 15:40:49.216 11223 11279 I TaskQueue:  - Finished 24, time 49 ms
11-01 15:40:49.216 11223 11279 I TaskQueue: Execute task [BACKGROUND - d: false, b: 1]: 11
11-01 15:40:49.216 11223 11279 I ContentGc: Re-enqueuing triggerContentGc; attempts(0)
11-01 15:40:49.216 11223 11279 I TaskQueue:  - task [BACKGROUND - d: false, b: 1]: 11
11-01 15:40:49.218 11223 11279 I TaskQueue:  - Finished 11, time 1 ms
11-01 15:40:49.218 11223 11279 I TaskQueue: Execute task [BACKGROUND - d: false, b: 1]: 23
11-01 15:40:49.389 11223 11223 W chromium: [WARNING:compositor_view.cc(315)] Child process died (type=6) pid=11456)
11-01 15:40:49.393 11223 11279 I TimingUtils: Task Timing 174ms, thread JardinExecutor | task : commitContentMutation | mutations : 32
11-01 15:40:49.393   600  5522 D ActivityManager: cleanUpApplicationRecord -- 11456
11-01 15:40:49.401 11223 11279 I TimingUtils: Task Timing   8ms, thread JardinExecutor | task : commitSemanticPropertiesMutation | mutations : 0
11-01 15:40:49.401 11223 11279 I TaskQueue:  - Finished 23, time 183 ms
11-01 15:40:49.402 11223 11279 I TaskQueue: Execute task [BACKGROUND - d: false, b: 0]: 11
11-01 15:40:49.409 11223 11279 I SessionCache: Determining accessible content
11-01 15:40:49.410 11223 11283 W chromium: [WARNING:spdy_session.cc(3090)] Received RST for invalid stream1
11-01 15:40:49.418 11223 11279 I TimingUtils: Task Timing  16ms, thread JardinExecutor | task : ContentGc | contentItemsRemoved : 0
11-01 15:40:49.418 11223 11279 I TaskQueue:  - Finished 11, time 17 ms
11-01 15:40:49.444 21960 22375 E SQLiteCastStore: Skip saving CastDeviceInfo: "Nearby device" (__cast_nearby___V_f51496e6-4ee1-46b6-b465-7d21407d638e)
11-01 15:40:49.453 21960 22375 I SQLiteCastStore: [CastNetworkInfo] saved: 2, skipped: 0, [CastDeviceInfo]: saved 1, skipped 1, [Paired Guest Mode DeviceInfo] saved: 0, skipped: 0. [ProbedNetworks]: saved 0, skipped: 0, [ProbedSocketAddress]: saved 1, skipped: 0, [Network-Device pairs]: saved: 2
11-01 15:40:49.545 21960 22543 I native  : document-store.cc:1654 Scored 2834 usage reports, missing_corpora 1546 update_failed 1
11-01 15:40:49.625 21960 22543 W Icing   : No valid account for uploading user actions
11-01 15:40:49.723 21960 22529 I Icing   : IndexChimeraService.getServiceInterface callingPackage=com.google.android.gms componentName=null serviceId=30
11-01 15:40:49.802   785   798 W Icing   : isOptedInForAppHistory: empty Account Name encountered
11-01 15:40:49.816   785   798 W Icing   : isOptedInForAppHistory: empty Account Name encountered
11-01 15:40:49.919 11223 11273 W InstanceID: Instance ID SDK is deprecated, com.android.chrome should update to use Firebase Instance ID
11-01 15:40:49.933   785 10482 W Icing   : isOptedInForAppHistory: empty Account Name encountered
11-01 15:40:50.021 11223 11279 I cr_omaha: Request to Server Successful. Timestamp for next request:1667317250021
11-01 15:40:50.079 11223 11279 I cr_omaha: Request to Server Successful. Timestamp for next request:1667317250079
11-01 15:40:50.079 11223 11279 I cr_omaha: Attempting to schedule next job for: Tue Nov 01 20:40:49 GMT+01:00 2022
11-01 15:40:50.082 11223 11223 I cr_omaha: Scheduled using JobService
11-01 15:40:50.082 11223 11223 E cr_BkgrdTaskJS: Tried finishing non-current BackgroundTask.
11-01 15:40:50.580 11223 11223 E cr_BTSPrefs: No data found for task id: 53
11-01 15:40:50.580 11223 11223 E cr_BkgrdTaskScheduler: Task cannot be canceled because no data was found instorage or data was invalid
11-01 15:40:50.780 21960 22543 I Icing   : Usage reports ok 4, Failed Usage reports 0, indexed 2, rejected 0
11-01 15:40:50.782 21960 22543 W Icing   : No valid account for uploading user actions
11-01 15:40:51.730 21960 22543 I Icing   : Usage reports ok 1, Failed Usage reports 0, indexed 1, rejected 0
11-01 15:40:51.734 21960 22543 I Icing   : Indexing com.android.chrome-omnibox from com.android.chrome
11-01 15:40:51.949   785  9056 I NetworkScheduler.Stats: Task com.google.android.gms/com.google.android.gms.checkin.EventLogService started execution. cause:1 exec_start_elapsed_seconds: 22833 [CONTEXT service_id=218 ]
11-01 15:40:51.958 21960 22374 I Checkin : [EventLogChimeraService] Opted in for usage reporting: false
11-01 15:40:51.958 21960 22374 I Checkin : [EventLogChimeraService] Aggregate from 1667311978696 (log), 1667311978696 (data)
11-01 15:40:52.032 21960 22543 W Icing   : No valid account for uploading user actions
11-01 15:40:52.101 21960 22543 I Icing   : Usage reports ok 0, Failed Usage reports 0, indexed 0, rejected 0
11-01 15:40:52.115 21960 22543 I Icing   : Indexing done com.android.chrome-omnibox
11-01 15:40:52.308 21960 22374 I Checkin : [ServiceDumpSys] dumping service [account]
11-01 15:40:52.369   785 10482 I NetworkScheduler.Stats: Task com.google.android.gms/com.google.android.gms.checkin.EventLogService finished executing. cause:1 result: 1 elapsed_millis: 413 uptime_millis: 414 exec_start_elapsed_seconds: 22833 [CONTEXT service_id=218 ]
11-01 15:40:52.702 11223 11223 I cr_tabmodel: Appending tabs being restored to metadata lists, 0, startingNormalCount: 2, startingIncognitoCount: 0
11-01 15:40:52.702 11223 11223 I cr_tabmodel: Serializing tab lists; counts: 2, 0
11-01 15:40:52.724 11223 11223 I cr_tabmodel: Appending tabs being restored to metadata lists, 0, startingNormalCount: 2, startingIncognitoCount: 0
11-01 15:40:52.724 11223 11223 I cr_tabmodel: Serializing tab lists; counts: 2, 0
11-01 15:40:53.002   785  1576 W Icing   : isOptedInForAppHistory: empty Account Name encountered
11-01 15:40:53.005   785   799 W Icing   : isOptedInForAppHistory: empty Account Name encountered
11-01 15:40:53.016   785   799 W Icing   : isOptedInForAppHistory: empty Account Name encountered
11-01 15:40:53.031   785 10482 W Icing   : isOptedInForAppHistory: empty Account Name encountered
11-01 15:40:53.040   785 10482 W Icing   : isOptedInForAppHistory: empty Account Name encountered
11-01 15:40:53.066 21960 22374 I Icing   : Indexing com.android.chrome-internal.3p:WebPage from com.android.chrome
11-01 15:40:53.067 21960 22374 E SQLiteLog: (1) no such table: WebPage_com.android.chrome_seq_table
11-01 15:40:53.068 21960 22374 E Icing   : Cursor call threw an exception: no such table: WebPage_com.android.chrome_seq_table (code 1): , while compiling: SELECT * FROM [WebPage_com.android.chrome_seq_table] WHERE seqno>0 AND tag IS NULL ORDER BY seqno LIMIT 20
11-01 15:40:53.068 21960 22374 I Icing   : Indexing done com.android.chrome-internal.3p:WebPage
11-01 15:40:53.068 21960 22374 E Icing   : Aborting indexing of corpus internal.3p:WebPage
11-01 15:40:53.071 21960 22374 I Icing   : Indexing com.android.chrome-internal.3p:WebPage from com.android.chrome using seqno 0
11-01 15:40:53.810 11223 11223 I cr_tabmodel: Appending tabs being restored to metadata lists, 0, startingNormalCount: 2, startingIncognitoCount: 0
11-01 15:40:53.811 11223 11223 I cr_tabmodel: Serializing tab lists; counts: 2, 0
11-01 15:40:54.705 11223 11223 I cr_tabmodel: Appending tabs being restored to metadata lists, 0, startingNormalCount: 2, startingIncognitoCount: 0
11-01 15:40:54.705 11223 11223 I cr_tabmodel: Serializing tab lists; counts: 2, 0
11-01 15:40:55.302 11223 11223 E cr_BTSPrefs: No data found for task id: 57
11-01 15:40:55.302 11223 11223 E cr_BkgrdTaskScheduler: Task cannot be canceled because no data was found instorage or data was invalid
11-01 15:40:55.302 11223 11223 E cr_BTSPrefs: No data found for task id: 56
11-01 15:40:55.302 11223 11223 E cr_BkgrdTaskScheduler: Task cannot be canceled because no data was found instorage or data was invalid
11-01 15:41:01.120 11771 11771 D AndroidRuntime: >>>>>> START com.android.internal.os.RuntimeInit uid 2000 <<<<<<
11-01 15:41:01.124 11771 11771 D AndroidRuntime: CheckJNI is OFF
11-01 15:41:01.220 11771 11771 D ICU     : No timezone override file found: /data/misc/zoneinfo/current/icu/icu_tzdata.dat
11-01 15:41:01.263 11771 11771 I Radio-JNI: register_android_hardware_Radio DONE
11-01 15:41:01.282 11771 11771 D AndroidRuntime: Calling main entry com.android.commands.monkey.Monkey
11-01 15:41:01.379   600   613 W BroadcastQueue: Skipping deliver [background] BroadcastRecord{c66254e u-1 android.net.conn.CONNECTIVITY_CHANGE} to ReceiverList{f2fd66f 11771 (unknown name)/2000/u-1 remote:7659e50}: process crashing
11-01 15:41:02.875 11771 11771 D MonkeyStub: translateCommand: wake
11-01 15:41:03.017 11771 11771 D MonkeyStub: translateCommand: tap 196 1873
11-01 15:41:03.310   785   785 W GCM     : broadcast intent callback: result=CANCELLED forIntent { act=com.google.android.c2dm.intent.RECEIVE pkg=com.opera.browser (has extras) }
11-01 15:41:05.740 11223 11233 I art     : Background sticky concurrent mark sweep GC freed 131517(6MB) AllocSpace objects, 33(748KB) LOS objects, 33% free, 14MB/22MB, paused 5.026ms total 87.932ms
11-01 15:41:05.803   600   609 I art     : Background partial concurrent mark sweep GC freed 56882(3MB) AllocSpace objects, 44(1732KB) LOS objects, 33% free, 14MB/22MB, paused 641us total 130.126ms
11-01 15:41:07.115 11223 11223 I cr_tabmodel: Appending tabs being restored to metadata lists, 0, startingNormalCount: 2, startingIncognitoCount: 0
11-01 15:41:07.115 11223 11223 I cr_tabmodel: Serializing tab lists; counts: 2, 0
11-01 15:41:07.521 11223 11223 I cr_tabmodel: Appending tabs being restored to metadata lists, 0, startingNormalCount: 2, startingIncognitoCount: 0
11-01 15:41:07.521 11223 11223 I cr_tabmodel: Serializing tab lists; counts: 2, 0
11-01 15:41:07.756 11223 11223 I cr_tabmodel: Appending tabs being restored to metadata lists, 0, startingNormalCount: 2, startingIncognitoCount: 0
11-01 15:41:07.756 11223 11223 I cr_tabmodel: Serializing tab lists; counts: 2, 0
11-01 15:41:13.245 11771 11771 D MonkeyStub: translateCommand: touch down 614 1561
11-01 15:41:13.276 11771 11771 D MonkeyStub: translateCommand: touch move 614 1561
11-01 15:41:13.382 11771 11771 D MonkeyStub: translateCommand: touch move 614 1436
11-01 15:41:13.491 11771 11771 D MonkeyStub: translateCommand: touch move 614 1311
11-01 15:41:13.600 11771 11771 D MonkeyStub: translateCommand: touch move 614 1186
11-01 15:41:13.713 11771 11771 D MonkeyStub: translateCommand: touch move 614 1061
11-01 15:41:13.821 11771 11771 D MonkeyStub: translateCommand: touch move 614 937
11-01 15:41:13.933 11771 11771 D MonkeyStub: translateCommand: touch move 614 812
11-01 15:41:14.045 11771 11771 D MonkeyStub: translateCommand: touch move 614 687
11-01 15:41:14.161 11771 11771 D MonkeyStub: translateCommand: touch move 614 562
11-01 15:41:14.294 11771 11771 D MonkeyStub: translateCommand: touch move 614 437
11-01 15:41:14.404 11771 11771 D MonkeyStub: translateCommand: touch move 614 312
11-01 15:41:14.410 11771 11771 D MonkeyStub: translateCommand: touch up 614 312
11-01 15:41:14.437 11771 11771 D MonkeyStub: translateCommand: touch down 614 1561
11-01 15:41:14.446 11771 11771 D MonkeyStub: translateCommand: touch move 614 1561
11-01 15:41:14.555 11771 11771 D MonkeyStub: translateCommand: touch move 614 1436
11-01 15:41:14.661 11771 11771 D MonkeyStub: translateCommand: touch move 614 1311
11-01 15:41:14.778 11771 11771 D MonkeyStub: translateCommand: touch move 614 1186
11-01 15:41:14.892 11771 11771 D MonkeyStub: translateCommand: touch move 614 1061
11-01 15:41:14.997 11771 11771 D MonkeyStub: translateCommand: touch move 614 937
11-01 15:41:15.111 11771 11771 D MonkeyStub: translateCommand: touch move 614 812
11-01 15:41:15.222 11771 11771 D MonkeyStub: translateCommand: touch move 614 687
11-01 15:41:15.334 11771 11771 D MonkeyStub: translateCommand: touch move 614 562
11-01 15:41:15.455 11771 11771 D MonkeyStub: translateCommand: touch move 614 437
11-01 15:41:15.562 11771 11771 D MonkeyStub: translateCommand: touch move 614 312
11-01 15:41:15.566 11771 11771 D MonkeyStub: translateCommand: touch up 614 312
11-01 15:41:15.593 11771 11771 D MonkeyStub: translateCommand: touch down 614 1561
11-01 15:41:15.608 11771 11771 D MonkeyStub: translateCommand: touch move 614 1561
11-01 15:41:15.721 11771 11771 D MonkeyStub: translateCommand: touch move 614 1436
11-01 15:41:15.831 11771 11771 D MonkeyStub: translateCommand: touch move 614 1311
11-01 15:41:15.941 11771 11771 D MonkeyStub: translateCommand: touch move 614 1186
11-01 15:41:16.074 11771 11771 D MonkeyStub: translateCommand: touch move 614 1061
11-01 15:41:16.185 11771 11771 D MonkeyStub: translateCommand: touch move 614 937
11-01 15:41:16.289 11771 11771 D MonkeyStub: translateCommand: touch move 614 812
11-01 15:41:16.418 11771 11771 D MonkeyStub: translateCommand: touch move 614 687
11-01 15:41:16.530 11771 11771 D MonkeyStub: translateCommand: touch move 614 562
11-01 15:41:16.642 11771 11771 D MonkeyStub: translateCommand: touch move 614 437
11-01 15:41:16.751 11771 11771 D MonkeyStub: translateCommand: touch move 614 312
11-01 15:41:16.756 11771 11771 D MonkeyStub: translateCommand: touch up 614 312
11-01 15:41:17.715 11223 11223 I cr_tabmodel: Appending tabs being restored to metadata lists, 0, startingNormalCount: 2, startingIncognitoCount: 0
11-01 15:41:17.715 11223 11223 I cr_tabmodel: Serializing tab lists; counts: 2, 0
11-01 15:41:18.375 21960 22529 I Icing   : IndexChimeraService.getServiceInterface callingPackage=com.android.chrome componentName=null serviceId=36
11-01 15:41:18.409 21960 22543 W Icing   : No valid account for uploading user actions
11-01 15:41:18.425 21960 22529 I Icing   : IndexChimeraService.getServiceInterface callingPackage=com.google.android.gms componentName=null serviceId=30
11-01 15:41:18.453 21960 22543 I Icing   : Usage reports ok 2, Failed Usage reports 0, indexed 1, rejected 0
11-01 15:41:18.457 21960 22543 W Icing   : No valid account for uploading user actions
11-01 15:41:18.470 21960 22543 I Icing   : Usage reports ok 0, Failed Usage reports 0, indexed 0, rejected 0
11-01 15:41:18.472 21960 22543 I Icing   : Indexing com.android.chrome-omnibox from com.android.chrome
11-01 15:41:18.482 21960 22543 I Icing   : Indexing done com.android.chrome-omnibox
11-01 15:41:18.852 11771 11771 D MonkeyStub: translateCommand: touch down 614 1561
11-01 15:41:18.863 11771 11771 D MonkeyStub: translateCommand: touch move 614 1561
11-01 15:41:18.993 11771 11771 D MonkeyStub: translateCommand: touch move 614 1436
11-01 15:41:19.104 11771 11771 D MonkeyStub: translateCommand: touch move 614 1311
11-01 15:41:19.223 11771 11771 D MonkeyStub: translateCommand: touch move 614 1186
11-01 15:41:19.331 11771 11771 D MonkeyStub: translateCommand: touch move 614 1061
11-01 15:41:19.438 11771 11771 D MonkeyStub: translateCommand: touch move 614 937
11-01 15:41:19.545 11771 11771 D MonkeyStub: translateCommand: touch move 614 812
11-01 15:41:19.654 11771 11771 D MonkeyStub: translateCommand: touch move 614 687
11-01 15:41:19.760 11771 11771 D MonkeyStub: translateCommand: touch move 614 562
11-01 15:41:19.865 11771 11771 D MonkeyStub: translateCommand: touch move 614 437
11-01 15:41:19.976 11771 11771 D MonkeyStub: translateCommand: touch move 614 312
11-01 15:41:19.982 11771 11771 D MonkeyStub: translateCommand: touch up 614 312
11-01 15:41:20.021 11771 11771 D MonkeyStub: translateCommand: touch down 614 1561
11-01 15:41:20.031 11771 11771 D MonkeyStub: translateCommand: touch move 614 1561
11-01 15:41:20.138 11771 11771 D MonkeyStub: translateCommand: touch move 614 1436
11-01 15:41:20.252 11771 11771 D MonkeyStub: translateCommand: touch move 614 1311
11-01 15:41:20.357 11771 11771 D MonkeyStub: translateCommand: touch move 614 1186
11-01 15:41:20.476 11771 11771 D MonkeyStub: translateCommand: touch move 614 1061
11-01 15:41:20.581 11771 11771 D MonkeyStub: translateCommand: touch move 614 937
11-01 15:41:20.694 11771 11771 D MonkeyStub: translateCommand: touch move 614 812
11-01 15:41:20.800 11771 11771 D MonkeyStub: translateCommand: touch move 614 687
11-01 15:41:20.915 11771 11771 D MonkeyStub: translateCommand: touch move 614 562
11-01 15:41:21.026 11771 11771 D MonkeyStub: translateCommand: touch move 614 437
11-01 15:41:21.123 11223 11223 I cr_tabmodel: Appending tabs being restored to metadata lists, 0, startingNormalCount: 2, startingIncognitoCount: 0
11-01 15:41:21.123 11223 11223 I cr_tabmodel: Serializing tab lists; counts: 2, 0
11-01 15:41:21.144 11771 11771 D MonkeyStub: translateCommand: touch move 614 312
11-01 15:41:21.148 11771 11771 D MonkeyStub: translateCommand: touch up 614 312
11-01 15:41:22.279 11223 11223 I cr_tabmodel: Appending tabs being restored to metadata lists, 0, startingNormalCount: 2, startingIncognitoCount: 0
11-01 15:41:22.279 11223 11223 I cr_tabmodel: Serializing tab lists; counts: 2, 0
11-01 15:41:23.084   785 10482 I NetworkScheduler.Stats: Task com.google.android.gms/com.google.android.gms.icing.service.IcingGcmTaskService started execution. cause:4 exec_start_elapsed_seconds: 22864 [CONTEXT service_id=218 ]
11-01 15:41:23.102   785  9056 I NetworkScheduler.Stats: Task com.google.android.gms/com.google.android.gms.icing.service.IcingGcmTaskService finished executing. cause:4 result: 1 elapsed_millis: 37 uptime_millis: 37 exec_start_elapsed_seconds: 22864 [CONTEXT service_id=218 ]
11-01 15:41:24.338 11771 11771 D MonkeyStub: translateCommand: tap 1238 1216
11-01 15:41:24.624   785  1234 E AsyncOperation: serviceID=121, operation=GetLaunchDataOperation [CONTEXT service_id=259 ]
11-01 15:41:24.624   785  1234 E AsyncOperation: OperationException[Status{statusCode=Not an instant app, resolution=null}]
11-01 15:41:24.624   785  1234 E AsyncOperation: 	at aeay.a(:com.google.android.gms@203915020@20.39.15 (040406-335085812):20)
11-01 15:41:24.624   785  1234 E AsyncOperation: 	at aain.run(:com.google.android.gms@203915020@20.39.15 (040406-335085812):7)
11-01 15:41:24.624   785  1234 E AsyncOperation: 	at boex.run(:com.google.android.gms@203915020@20.39.15 (040406-335085812):2)
11-01 15:41:24.624   785  1234 E AsyncOperation: 	at sup.b(:com.google.android.gms@203915020@20.39.15 (040406-335085812):12)
11-01 15:41:24.624   785  1234 E AsyncOperation: 	at sup.run(:com.google.android.gms@203915020@20.39.15 (040406-335085812):7)
11-01 15:41:24.624   785  1234 E AsyncOperation: 	at java.util.concurrent.ThreadPoolExecutor.runWorker(ThreadPoolExecutor.java:1133)
11-01 15:41:24.624   785  1234 E AsyncOperation: 	at java.util.concurrent.ThreadPoolExecutor$Worker.run(ThreadPoolExecutor.java:607)
11-01 15:41:24.624   785  1234 E AsyncOperation: 	at tam.run(:com.google.android.gms@203915020@20.39.15 (040406-335085812):0)
11-01 15:41:24.624   785  1234 E AsyncOperation: 	at java.lang.Thread.run(Thread.java:761)
11-01 15:41:26.112   785  1744 W Icing   : isOptedInForAppHistory: empty Account Name encountered
11-01 15:41:26.139   600  5522 I ActivityManager: Start proc 11827:com.android.chrome:sandboxed_process21/u0i74 for service com.android.chrome/org.chromium.content.app.SandboxedProcessService21
11-01 15:41:26.143   785  1744 W Icing   : isOptedInForAppHistory: empty Account Name encountered
11-01 15:41:26.165   785  9056 W Icing   : isOptedInForAppHistory: empty Account Name encountered
11-01 15:41:26.206 11827 11827 W boxed_process21: type=1400 audit(0.0:1768): avc: denied { getattr } for path="/data/data/com.android.chrome" dev="dm-2" ino=12190 scontext=u:r:isolated_app:s0:c512,c768 tcontext=u:object_r:app_data_file:s0:c512,c768 tclass=dir permissive=0
11-01 15:41:26.256 11827 11827 I cr_ChildProcessService: Creating new ChildProcessService pid=11827
11-01 15:41:26.314 11827 11841 I cr_LibraryLoader: Loaded native library version number "85.0.4183.127"
11-01 15:41:26.315 11827 11841 I cr_CachingUmaRecorder: Flushed 1 samples from 1 histograms.
11-01 15:41:26.329 11841 11841 W CrUtilityMain: type=1400 audit(0.0:1769): avc: denied { setattr } for name="crl-set" dev="dm-2" ino=28054 scontext=u:r:isolated_app:s0:c512,c768 tcontext=u:object_r:app_data_file:s0:c512,c768 tclass=file permissive=0
11-01 15:41:26.332 11841 11841 W CrUtilityMain: type=1400 audit(0.0:1770): avc: denied { setattr } for name="manifest.json" dev="dm-2" ino=28008 scontext=u:r:isolated_app:s0:c512,c768 tcontext=u:object_r:app_data_file:s0:c512,c768 tclass=file permissive=0
11-01 15:41:26.332 11841 11841 W CrUtilityMain: type=1400 audit(0.0:1771): avc: denied { setattr } for name="LICENSE" dev="dm-2" ino=28149 scontext=u:r:isolated_app:s0:c512,c768 tcontext=u:object_r:app_data_file:s0:c512,c768 tclass=file permissive=0
11-01 15:41:26.332 11841 11841 W CrUtilityMain: type=1400 audit(0.0:1772): avc: denied { setattr } for name="verified_contents.json" dev="dm-2" ino=27755 scontext=u:r:isolated_app:s0:c512,c768 tcontext=u:object_r:app_data_file:s0:c512,c768 tclass=file permissive=0
11-01 15:41:26.343 11827 11827 I cr_ChildProcessService: Destroying ChildProcessService pid=11827
11-01 15:41:26.344 11827 11841 I chromium: [INFO:child_process_service.cc(69)] ChildProcessService: Exiting child process.
11-01 15:41:26.362   600 28743 I ActivityManager: Process com.android.chrome:sandboxed_process21 (pid 11827) has died
11-01 15:41:26.362   600 28743 D ActivityManager: cleanUpApplicationRecord -- 11827
11-01 15:41:26.365 11223 11223 W chromium: [WARNING:compositor_view.cc(315)] Child process died (type=6) pid=11827)
11-01 15:41:26.735   600  1066 I ActivityManager: Start proc 11847:com.android.chrome:sandboxed_process22/u0i75 for service com.android.chrome/org.chromium.content.app.SandboxedProcessService22
11-01 15:41:26.782 11847 11847 W boxed_process22: type=1400 audit(0.0:1773): avc: denied { getattr } for path="/data/data/com.android.chrome" dev="dm-2" ino=12190 scontext=u:r:isolated_app:s0:c512,c768 tcontext=u:object_r:app_data_file:s0:c512,c768 tclass=dir permissive=0
11-01 15:41:26.811 11847 11847 I cr_ChildProcessService: Creating new ChildProcessService pid=11847
11-01 15:41:26.943 11847 11860 I cr_LibraryLoader: Loaded native library version number "85.0.4183.127"
11-01 15:41:26.944 11847 11860 I cr_CachingUmaRecorder: Flushed 1 samples from 1 histograms.
11-01 15:41:26.996 11860 11860 W CrUtilityMain: type=1400 audit(0.0:1774): avc: denied { setattr } for name="optimization-hints.pb" dev="dm-2" ino=53085 scontext=u:r:isolated_app:s0:c512,c768 tcontext=u:object_r:app_data_file:s0:c512,c768 tclass=file permissive=0
11-01 15:41:26.999 11860 11860 W CrUtilityMain: type=1400 audit(0.0:1775): avc: denied { setattr } for name="manifest.json" dev="dm-2" ino=54883 scontext=u:r:isolated_app:s0:c512,c768 tcontext=u:object_r:app_data_file:s0:c512,c768 tclass=file permissive=0
11-01 15:41:27.002 11860 11860 W CrUtilityMain: type=1400 audit(0.0:1776): avc: denied { setattr } for name="verified_contents.json" dev="dm-2" ino=56514 scontext=u:r:isolated_app:s0:c512,c768 tcontext=u:object_r:app_data_file:s0:c512,c768 tclass=file permissive=0
11-01 15:41:27.008 11847 11860 I chromium: [INFO:child_process_service.cc(69)] ChildProcessService: Exiting child process.
11-01 15:41:27.180   600  6822 I ActivityManager: Process com.android.chrome:sandboxed_process22 (pid 11847) has died
11-01 15:41:27.180   600  6822 D ActivityManager: cleanUpApplicationRecord -- 11847
11-01 15:41:27.190 11223 11223 W chromium: [WARNING:compositor_view.cc(315)] Child process died (type=6) pid=11847)
11-01 15:41:27.749   600  8930 I ActivityManager: Start proc 11865:com.android.chrome:sandboxed_process23/u0i76 for service com.android.chrome/org.chromium.content.app.SandboxedProcessService23
11-01 15:41:27.809 11865 11865 W boxed_process23: type=1400 audit(0.0:1777): avc: denied { getattr } for path="/data/data/com.android.chrome" dev="dm-2" ino=12190 scontext=u:r:isolated_app:s0:c512,c768 tcontext=u:object_r:app_data_file:s0:c512,c768 tclass=dir permissive=0
11-01 15:41:27.853 11865 11865 I cr_ChildProcessService: Creating new ChildProcessService pid=11865
11-01 15:41:27.961 11865 11881 I cr_LibraryLoader: Loaded native library version number "85.0.4183.127"
11-01 15:41:27.961 11865 11881 I cr_CachingUmaRecorder: Flushed 1 samples from 1 histograms.
11-01 15:41:28.012 11881 11881 W CrUtilityMain: type=1400 audit(0.0:1778): avc: denied { setattr } for name="manifest.json" dev="dm-2" ino=57059 scontext=u:r:isolated_app:s0:c512,c768 tcontext=u:object_r:app_data_file:s0:c512,c768 tclass=file permissive=0
11-01 15:41:28.019 11881 11881 W CrUtilityMain: type=1400 audit(0.0:1779): avc: denied { setattr } for name="verified_contents.json" dev="dm-2" ino=57060 scontext=u:r:isolated_app:s0:c512,c768 tcontext=u:object_r:app_data_file:s0:c512,c768 tclass=file permissive=0
11-01 15:41:28.024 11865 11881 I chromium: [INFO:child_process_service.cc(69)] ChildProcessService: Exiting child process.
11-01 15:41:28.031   197   197 E lowmemorykiller: Error writing /proc/11865/oom_score_adj; errno=22
11-01 15:41:28.086 11223 11223 W chromium: [WARNING:compositor_view.cc(315)] Child process died (type=6) pid=11865)
11-01 15:41:28.086   600   611 I ActivityManager: Process com.android.chrome:sandboxed_process23 (pid 11865) has died
11-01 15:41:28.086   600   611 D ActivityManager: cleanUpApplicationRecord -- 11865
11-01 15:41:28.145   198   198 E SELinux : avc:  denied  { find } for service=netd pid=11880 uid=2000 scontext=u:r:shell:s0 tcontext=u:object_r:netd_service:s0 tclass=service_manager permissive=0
11-01 15:41:28.149   198   198 E SELinux : avc:  denied  { find } for service=android.service.gatekeeper.IGateKeeperService pid=11880 uid=2000 scontext=u:r:shell:s0 tcontext=u:object_r:gatekeeper_service:s0 tclass=service_manager permissive=0
11-01 15:41:29.101   600  5522 I ActivityManager: Start proc 11885:com.android.chrome:sandboxed_process24/u0i77 for service com.android.chrome/org.chromium.content.app.SandboxedProcessService24
11-01 15:41:29.139 11885 11885 W boxed_process24: type=1400 audit(0.0:1780): avc: denied { getattr } for path="/data/data/com.android.chrome" dev="dm-2" ino=12190 scontext=u:r:isolated_app:s0:c512,c768 tcontext=u:object_r:app_data_file:s0:c512,c768 tclass=dir permissive=0
11-01 15:41:29.169 11885 11885 I cr_ChildProcessService: Creating new ChildProcessService pid=11885
11-01 15:41:29.237 11885 11898 I cr_LibraryLoader: Loaded native library version number "85.0.4183.127"
11-01 15:41:29.238 11885 11898 I cr_CachingUmaRecorder: Flushed 1 samples from 1 histograms.
11-01 15:41:29.259 11898 11898 W CrUtilityMain: type=1400 audit(0.0:1781): avc: denied { setattr } for name="download_file_types.pb" dev="dm-2" ino=59103 scontext=u:r:isolated_app:s0:c512,c768 tcontext=u:object_r:app_data_file:s0:c512,c768 tclass=file permissive=0
11-01 15:41:29.259 11898 11898 W CrUtilityMain: type=1400 audit(0.0:1782): avc: denied { setattr } for name="manifest.json" dev="dm-2" ino=59072 scontext=u:r:isolated_app:s0:c512,c768 tcontext=u:object_r:app_data_file:s0:c512,c768 tclass=file permissive=0
11-01 15:41:29.259 11898 11898 W CrUtilityMain: type=1400 audit(0.0:1783): avc: denied { setattr } for name="verified_contents.json" dev="dm-2" ino=58860 scontext=u:r:isolated_app:s0:c512,c768 tcontext=u:object_r:app_data_file:s0:c512,c768 tclass=file permissive=0
11-01 15:41:29.268 11885 11885 I cr_ChildProcessService: Destroying ChildProcessService pid=11885
11-01 15:41:29.269 11885 11898 I chromium: [INFO:child_process_service.cc(69)] ChildProcessService: Exiting child process.
11-01 15:41:29.278   600  1068 I ActivityManager: Process com.android.chrome:sandboxed_process24 (pid 11885) has died
11-01 15:41:29.278   600  1068 D ActivityManager: cleanUpApplicationRecord -- 11885
11-01 15:41:29.279 11223 11223 W chromium: [WARNING:compositor_view.cc(315)] Child process died (type=6) pid=11885)
11-01 15:41:29.652 11223 11223 I cr_tabmodel: Appending tabs being restored to metadata lists, 0, startingNormalCount: 2, startingIncognitoCount: 0
11-01 15:41:29.652 11223 11223 I cr_tabmodel: Serializing tab lists; counts: 2, 0
11-01 15:41:30.570   600   713 I ActivityManager: Start proc 11904:com.android.chrome:sandboxed_process25/u0i78 for service com.android.chrome/org.chromium.content.app.SandboxedProcessService25
11-01 15:41:30.649 11904 11904 W boxed_process25: type=1400 audit(0.0:1784): avc: denied { getattr } for path="/data/data/com.android.chrome" dev="dm-2" ino=12190 scontext=u:r:isolated_app:s0:c512,c768 tcontext=u:object_r:app_data_file:s0:c512,c768 tclass=dir permissive=0
11-01 15:41:30.697 11904 11904 I cr_ChildProcessService: Creating new ChildProcessService pid=11904
11-01 15:41:30.756 11904 11917 I cr_LibraryLoader: Loaded native library version number "85.0.4183.127"
11-01 15:41:30.757 11904 11917 I cr_CachingUmaRecorder: Flushed 1 samples from 1 histograms.
11-01 15:41:30.782 11917 11917 W CrUtilityMain: type=1400 audit(0.0:1785): avc: denied { setattr } for name="ssl_error_assistant.pb" dev="dm-2" ino=59071 scontext=u:r:isolated_app:s0:c512,c768 tcontext=u:object_r:app_data_file:s0:c512,c768 tclass=file permissive=0
11-01 15:41:30.782 11917 11917 W CrUtilityMain: type=1400 audit(0.0:1786): avc: denied { setattr } for name="manifest.json" dev="dm-2" ino=59392 scontext=u:r:isolated_app:s0:c512,c768 tcontext=u:object_r:app_data_file:s0:c512,c768 tclass=file permissive=0
11-01 15:41:30.786 11917 11917 W CrUtilityMain: type=1400 audit(0.0:1787): avc: denied { setattr } for name="verified_contents.json" dev="dm-2" ino=59546 scontext=u:r:isolated_app:s0:c512,c768 tcontext=u:object_r:app_data_file:s0:c512,c768 tclass=file permissive=0
11-01 15:41:30.797 11904 11904 I cr_ChildProcessService: Destroying ChildProcessService pid=11904
11-01 15:41:30.798 11904 11917 I chromium: [INFO:child_process_service.cc(69)] ChildProcessService: Exiting child process.
11-01 15:41:30.822   600  8039 I ActivityManager: Process com.android.chrome:sandboxed_process25 (pid 11904) has died
11-01 15:41:30.822   600  8039 D ActivityManager: cleanUpApplicationRecord -- 11904
11-01 15:41:30.833 11223 11223 W chromium: [WARNING:compositor_view.cc(315)] Child process died (type=6) pid=11904)
11-01 15:41:31.016 11223 11223 I cr_tabmodel: Appending tabs being restored to metadata lists, 0, startingNormalCount: 2, startingIncognitoCount: 0
11-01 15:41:31.016 11223 11223 I cr_tabmodel: Serializing tab lists; counts: 2, 0
11-01 15:41:32.447   600  1665 I ActivityManager: Start proc 11923:com.android.chrome:sandboxed_process26/u0i79 for service com.android.chrome/org.chromium.content.app.SandboxedProcessService26
11-01 15:41:32.539 11923 11923 W boxed_process26: type=1400 audit(0.0:1788): avc: denied { getattr } for path="/data/data/com.android.chrome" dev="dm-2" ino=12190 scontext=u:r:isolated_app:s0:c512,c768 tcontext=u:object_r:app_data_file:s0:c512,c768 tclass=dir permissive=0
11-01 15:41:32.581 11923 11923 I cr_ChildProcessService: Creating new ChildProcessService pid=11923
11-01 15:41:32.622 11923 11936 I cr_LibraryLoader: Loaded native library version number "85.0.4183.127"
11-01 15:41:32.622 11923 11936 I cr_CachingUmaRecorder: Flushed 1 samples from 1 histograms.
11-01 15:41:32.636 11936 11936 W CrUtilityMain: type=1400 audit(0.0:1789): avc: denied { setattr } for name="safety_tips.pb" dev="dm-2" ino=59839 scontext=u:r:isolated_app:s0:c512,c768 tcontext=u:object_r:app_data_file:s0:c512,c768 tclass=file permissive=0
11-01 15:41:32.636 11936 11936 W CrUtilityMain: type=1400 audit(0.0:1790): avc: denied { setattr } for name="manifest.json" dev="dm-2" ino=59941 scontext=u:r:isolated_app:s0:c512,c768 tcontext=u:object_r:app_data_file:s0:c512,c768 tclass=file permissive=0
11-01 15:41:32.639 11936 11936 W CrUtilityMain: type=1400 audit(0.0:1791): avc: denied { setattr } for name="verified_contents.json" dev="dm-2" ino=59621 scontext=u:r:isolated_app:s0:c512,c768 tcontext=u:object_r:app_data_file:s0:c512,c768 tclass=file permissive=0
11-01 15:41:32.649 11923 11936 I chromium: [INFO:child_process_service.cc(69)] ChildProcessService: Exiting child process.
11-01 15:41:32.672   600  1483 I ActivityManager: Process com.android.chrome:sandboxed_process26 (pid 11923) has died
11-01 15:41:32.672   600  1483 D ActivityManager: cleanUpApplicationRecord -- 11923
11-01 15:41:32.674 11223 11223 W chromium: [WARNING:compositor_view.cc(315)] Child process died (type=6) pid=11923)
11-01 15:41:34.524 11771 11771 D MonkeyStub: translateCommand: tap 163 1864
11-01 15:41:34.624   600  1484 I ActivityManager: Start proc 11940:com.android.chrome:sandboxed_process27/u0i80 for service com.android.chrome/org.chromium.content.app.SandboxedProcessService27
11-01 15:41:34.682 11940 11940 W boxed_process27: type=1400 audit(0.0:1792): avc: denied { getattr } for path="/data/data/com.android.chrome" dev="dm-2" ino=12190 scontext=u:r:isolated_app:s0:c512,c768 tcontext=u:object_r:app_data_file:s0:c512,c768 tclass=dir permissive=0
11-01 15:41:34.710 11940 11940 I cr_ChildProcessService: Creating new ChildProcessService pid=11940
11-01 15:41:34.815 11940 11953 I cr_LibraryLoader: Loaded native library version number "85.0.4183.127"
11-01 15:41:34.815 11940 11953 I cr_CachingUmaRecorder: Flushed 1 samples from 1 histograms.
11-01 15:41:34.879 11953 11953 W CrUtilityMain: type=1400 audit(0.0:1793): avc: denied { setattr } for name=5072656C6F61642044617461 dev="dm-2" ino=59732 scontext=u:r:isolated_app:s0:c512,c768 tcontext=u:object_r:app_data_file:s0:c512,c768 tclass=file permissive=0
11-01 15:41:34.882 11953 11953 W CrUtilityMain: type=1400 audit(0.0:1794): avc: denied { setattr } for name="manifest.json" dev="dm-2" ino=59928 scontext=u:r:isolated_app:s0:c512,c768 tcontext=u:object_r:app_data_file:s0:c512,c768 tclass=file permissive=0
11-01 15:41:34.886 11953 11953 W CrUtilityMain: type=1400 audit(0.0:1795): avc: denied { setattr } for name="verified_contents.json" dev="dm-2" ino=60431 scontext=u:r:isolated_app:s0:c512,c768 tcontext=u:object_r:app_data_file:s0:c512,c768 tclass=file permissive=0
11-01 15:41:34.913 11940 11953 I chromium: [INFO:child_process_service.cc(69)] ChildProcessService: Exiting child process.
11-01 15:41:34.920   197   197 E lowmemorykiller: Error writing /proc/11940/oom_score_adj; errno=22
11-01 15:41:34.939 11223 11223 W chromium: [WARNING:compositor_view.cc(315)] Child process died (type=6) pid=11940)
11-01 15:41:34.939   600  8928 I ActivityManager: Process com.android.chrome:sandboxed_process27 (pid 11940) has died
11-01 15:41:34.939   600  8928 D ActivityManager: cleanUpApplicationRecord -- 11940
11-01 15:41:36.554 11223 11223 I Choreographer: Skipped 42 frames!  The application may be doing too much work on its main thread.
11-01 15:41:37.198   600   819 I ActivityManager: Start proc 11959:com.android.chrome:sandboxed_process28/u0i81 for service com.android.chrome/org.chromium.content.app.SandboxedProcessService28
11-01 15:41:37.246 11959 11959 W boxed_process28: type=1400 audit(0.0:1796): avc: denied { getattr } for path="/data/data/com.android.chrome" dev="dm-2" ino=12190 scontext=u:r:isolated_app:s0:c512,c768 tcontext=u:object_r:app_data_file:s0:c512,c768 tclass=dir permissive=0
11-01 15:41:37.272 11959 11959 I cr_ChildProcessService: Creating new ChildProcessService pid=11959
11-01 15:41:37.322 11959 11972 I cr_LibraryLoader: Loaded native library version number "85.0.4183.127"
11-01 15:41:37.323 11959 11972 I cr_CachingUmaRecorder: Flushed 1 samples from 1 histograms.
11-01 15:41:37.346 11972 11972 W CrUtilityMain: type=1400 audit(0.0:1797): avc: denied { setattr } for name="tls_deprecation_config.pb" dev="dm-2" ino=62274 scontext=u:r:isolated_app:s0:c512,c768 tcontext=u:object_r:app_data_file:s0:c512,c768 tclass=file permissive=0
11-01 15:41:37.346 11972 11972 W CrUtilityMain: type=1400 audit(0.0:1798): avc: denied { setattr } for name="manifest.json" dev="dm-2" ino=61921 scontext=u:r:isolated_app:s0:c512,c768 tcontext=u:object_r:app_data_file:s0:c512,c768 tclass=file permissive=0
11-01 15:41:37.352 11972 11972 W CrUtilityMain: type=1400 audit(0.0:1799): avc: denied { setattr } for name="verified_contents.json" dev="dm-2" ino=62153 scontext=u:r:isolated_app:s0:c512,c768 tcontext=u:object_r:app_data_file:s0:c512,c768 tclass=file permissive=0
11-01 15:41:37.361 11959 11972 I chromium: [INFO:child_process_service.cc(69)] ChildProcessService: Exiting child process.
11-01 15:41:37.362   197   197 E lowmemorykiller: Error writing /proc/11959/oom_score_adj; errno=22
11-01 15:41:37.382 11223 11223 W chromium: [WARNING:compositor_view.cc(315)] Child process died (type=6) pid=11959)
11-01 15:41:37.383   600  8040 I ActivityManager: Process com.android.chrome:sandboxed_process28 (pid 11959) has died
11-01 15:41:37.383   600  8040 D ActivityManager: cleanUpApplicationRecord -- 11959
11-01 15:41:39.572 11771 11771 D MonkeyStub: translateCommand: touch down 614 1561
11-01 15:41:39.576 11771 11771 D MonkeyStub: translateCommand: touch move 614 1561
11-01 15:41:39.685 11771 11771 D MonkeyStub: translateCommand: touch move 614 1436
11-01 15:41:39.797 11771 11771 D MonkeyStub: translateCommand: touch move 614 1311
11-01 15:41:39.875   600  8928 I ActivityManager: Start proc 11978:com.android.chrome:sandboxed_process29/u0i82 for service com.android.chrome/org.chromium.content.app.SandboxedProcessService29
11-01 15:41:39.902 11771 11771 D MonkeyStub: translateCommand: touch move 614 1186
11-01 15:41:39.952 11978 11978 W boxed_process29: type=1400 audit(0.0:1800): avc: denied { getattr } for path="/data/data/com.android.chrome" dev="dm-2" ino=12190 scontext=u:r:isolated_app:s0:c512,c768 tcontext=u:object_r:app_data_file:s0:c512,c768 tclass=dir permissive=0
11-01 15:41:39.977 11978 11978 I cr_ChildProcessService: Creating new ChildProcessService pid=11978
11-01 15:41:40.013 11771 11771 D MonkeyStub: translateCommand: touch move 614 1061
11-01 15:41:40.058 11978 11991 I cr_LibraryLoader: Loaded native library version number "85.0.4183.127"
11-01 15:41:40.059 11978 11991 I cr_CachingUmaRecorder: Flushed 1 samples from 1 histograms.
11-01 15:41:40.076 11991 11991 W CrUtilityMain: type=1400 audit(0.0:1801): avc: denied { setattr } for name="LICENSE.txt" dev="dm-2" ino=62773 scontext=u:r:isolated_app:s0:c512,c768 tcontext=u:object_r:app_data_file:s0:c512,c768 tclass=file permissive=0
11-01 15:41:40.096 11991 11991 W CrUtilityMain: type=1400 audit(0.0:1802): avc: denied { setattr } for name=46696C746572696E672052756C6573 dev="dm-2" ino=62754 scontext=u:r:isolated_app:s0:c512,c768 tcontext=u:object_r:app_data_file:s0:c512,c768 tclass=file permissive=0
11-01 15:41:40.106 11991 11991 W CrUtilityMain: type=1400 audit(0.0:1803): avc: denied { setattr } for name="manifest.json" dev="dm-2" ino=62735 scontext=u:r:isolated_app:s0:c512,c768 tcontext=u:object_r:app_data_file:s0:c512,c768 tclass=file permissive=0
11-01 15:41:40.112 11991 11991 W CrUtilityMain: type=1400 audit(0.0:1804): avc: denied { setattr } for name="verified_contents.json" dev="dm-2" ino=62768 scontext=u:r:isolated_app:s0:c512,c768 tcontext=u:object_r:app_data_file:s0:c512,c768 tclass=file permissive=0
11-01 15:41:40.129 11771 11771 D MonkeyStub: translateCommand: touch move 614 937
11-01 15:41:40.156 11978 11978 I cr_ChildProcessService: Destroying ChildProcessService pid=11978
11-01 15:41:40.180 11223 11223 I cr_tabmodel: Appending tabs being restored to metadata lists, 0, startingNormalCount: 2, startingIncognitoCount: 0
11-01 15:41:40.180 11223 11223 I cr_tabmodel: Serializing tab lists; counts: 2, 0
11-01 15:41:40.213 11978 11978 I art     : System.exit called, status: 0
11-01 15:41:40.213 11978 11978 I AndroidRuntime: VM exiting with result code 0, cleanup skipped.
11-01 15:41:40.240 11771 11771 D MonkeyStub: translateCommand: touch move 614 812
11-01 15:41:40.280   600  8040 I ActivityManager: Process com.android.chrome:sandboxed_process29 (pid 11978) has died
11-01 15:41:40.280   600  8040 D ActivityManager: cleanUpApplicationRecord -- 11978
11-01 15:41:40.297 11223 11223 W chromium: [WARNING:compositor_view.cc(315)] Child process died (type=6) pid=11978)
11-01 15:41:40.345 11771 11771 D MonkeyStub: translateCommand: touch move 614 687
11-01 15:41:40.451 11771 11771 D MonkeyStub: translateCommand: touch move 614 562
11-01 15:41:40.463 11223 11223 I cr_tabmodel: Appending tabs being restored to metadata lists, 0, startingNormalCount: 2, startingIncognitoCount: 0
11-01 15:41:40.463 11223 11223 I cr_tabmodel: Serializing tab lists; counts: 2, 0
11-01 15:41:40.558 11771 11771 D MonkeyStub: translateCommand: touch move 614 437
