10-30 20:17:33.292  2012  2012 W FeedModelProvider: sessionId is null, this should have been set during population
10-30 20:17:33.296  2012  2012 I cr_tabmodel: Appending tabs being restored to metadata lists, 0, startingNormalCount: 2, startingIncognitoCount: 0
10-30 20:17:33.296  2012  2012 I cr_tabmodel: Serializing tab lists; counts: 2, 0
10-30 20:17:33.343   600   713 I ActivityManager: Start proc 2474:com.android.chrome:sandboxed_process17/u0i848 for service com.android.chrome/org.chromium.content.app.SandboxedProcessService17
10-30 20:17:33.387  2012  2012 W chromium: [WARNING:compositor_view.cc(315)] Child process died (type=6) pid=2355)
10-30 20:17:33.457  2012  2022 I art     : Background sticky concurrent mark sweep GC freed 27624(1335KB) AllocSpace objects, 7(140KB) LOS objects, 9% free, 15MB/17MB, paused 13.276ms total 47.979ms
10-30 20:17:33.469  2474  2474 W boxed_process17: type=1400 audit(0.0:8390): avc: denied { getattr } for path="/data/data/com.android.chrome" dev="dm-2" ino=12190 scontext=u:r:isolated_app:s0:c512,c768 tcontext=u:object_r:app_data_file:s0:c512,c768 tclass=dir permissive=0
10-30 20:17:33.522  2474  2474 I cr_ChildProcessService: Creating new ChildProcessService pid=2474
10-30 20:17:33.528   600   609 I art     : Background partial concurrent mark sweep GC freed 43527(2MB) AllocSpace objects, 32(824KB) LOS objects, 33% free, 16MB/24MB, paused 2.143ms total 175.227ms
10-30 20:17:33.551   600  9614 D ActivityManager: cleanUpApplicationRecord -- 2389
10-30 20:17:33.556   600  1082 D ActivityManager: cleanUpApplicationRecord -- 2368
10-30 20:17:33.564   600  1076 D ActivityManager: cleanUpApplicationRecord -- 2421
10-30 20:17:33.569   600  2707 D ActivityManager: cleanUpApplicationRecord -- 2349
10-30 20:17:33.575   600  1080 D ActivityManager: cleanUpApplicationRecord -- 2402
10-30 20:17:33.584  2012  2012 W chromium: [WARNING:compositor_view.cc(315)] Child process died (type=6) pid=2368)
10-30 20:17:33.585  2012  2012 W chromium: [WARNING:compositor_view.cc(315)] Child process died (type=6) pid=2349)
10-30 20:17:33.586  2012  2012 W chromium: [WARNING:compositor_view.cc(315)] Child process died (type=6) pid=2389)
10-30 20:17:33.586  2012  2012 W chromium: [WARNING:compositor_view.cc(315)] Child process died (type=6) pid=2188)
10-30 20:17:33.586  2012  2012 W chromium: [WARNING:compositor_view.cc(315)] Child process died (type=6) pid=2402)
10-30 20:17:33.586  2012  2012 W chromium: [WARNING:compositor_view.cc(315)] Child process died (type=6) pid=2421)
10-30 20:17:33.608   600   713 D ActivityManager: cleanUpApplicationRecord -- 2188
10-30 20:17:33.633 29332 29692 I Icing   : Removing corpus key com.android.chrome-omnibox for package com.android.chrome
10-30 20:17:33.650  2474  2488 I cr_LibraryLoader: Loaded native library version number "85.0.4183.127"
10-30 20:17:33.650  2474  2488 I cr_CachingUmaRecorder: Flushed 1 samples from 1 histograms.
10-30 20:17:33.759   600   707 D ActivityManager: cleanUpApplicationRecord -- 2169
10-30 20:17:33.819  2012  2012 W chromium: [WARNING:compositor_view.cc(315)] Child process died (type=6) pid=2169)
10-30 20:17:34.203   600  9614 D ActivityManager: cleanUpApplicationRecord -- 2326
10-30 20:17:34.214  2012  2022 W art     : Suspending all threads took: 11.148ms
10-30 20:17:34.217  2012  2012 W chromium: [WARNING:compositor_view.cc(315)] Child process died (type=6) pid=2326)
10-30 20:17:34.232  2012  2022 I art     : Background sticky concurrent mark sweep GC freed 28801(1250KB) AllocSpace objects, 0(0B) LOS objects, 6% free, 16MB/17MB, paused 11.841ms total 32.923ms
10-30 20:17:34.458   600  1076 D ActivityManager: cleanUpApplicationRecord -- 2284
10-30 20:17:34.463  2012  2012 W chromium: [WARNING:compositor_view.cc(315)] Child process died (type=6) pid=2284)
10-30 20:17:34.864 29332 29926 I Icing   : IndexChimeraService.getServiceInterface callingPackage=com.google.android.gms componentName=null serviceId=30
10-30 20:17:34.865   787 28596 W Icing   : isOptedInForAppHistory: empty Account Name encountered
10-30 20:17:34.884   787 28596 W Icing   : isOptedInForAppHistory: empty Account Name encountered
10-30 20:17:35.097  2012  2022 I art     : Background sticky concurrent mark sweep GC freed 16113(726KB) AllocSpace objects, 5(100KB) LOS objects, 4% free, 16MB/17MB, paused 5.894ms total 72.270ms
10-30 20:17:35.112  2012  2012 I FeedRequestManagerImpl: Request: /httpservice/noretry/DiscoverClankService/FeedQuery completed with response code: 200
10-30 20:17:35.112  2012  2012 I TaskQueue:  - task [IMMEDIATE - d: true, b: 2]: 15
10-30 20:17:35.112  2012  2012 I TaskQueue:  - queueTask starting immediate task
10-30 20:17:35.113  2012  2068 I TaskQueue: Execute task [IMMEDIATE - d: true, b: 2]: 15
10-30 20:17:35.222  2012  2068 I MainThreadRunner: Running task [FeedRequestManagerImpl consumer] on the Main Thread
10-30 20:17:35.222  2012  2068 I TaskQueue:  - Finished 15, time 109 ms
10-30 20:17:35.222  2012  2012 I FeedProtocolAdapter: createModel, operations 33
10-30 20:17:35.233  2012  2012 I TimingUtils: Task Timing  10ms, thread ui | task : convertWireProtocol | mutations : 33
10-30 20:17:35.235  2012  2012 I TaskQueue:  - task [HEAD_RESET - d: true, b: 2]: 5
10-30 20:17:35.235  2012  2012 I TaskQueue:  - queueTask starting immediate task
10-30 20:17:35.235  2012  2069 I TaskQueue: Execute task [HEAD_RESET - d: true, b: 2]: 5
10-30 20:17:35.238  2012  2069 I TaskQueue:  - task [BACKGROUND - d: true, b: 2]: 23
10-30 20:17:35.240  2012  2069 W SessionCache: Persisted Sessions were not found
10-30 20:17:35.243  2012  2069 I PersistentFeedStore: commitSessionMutation - Success true, Update Session $HEAD, stream structures 32
10-30 20:17:35.261  2012  2067 I cr_omaha: Request to Server Successful. Timestamp for next request:1667161055261
10-30 20:17:35.261  2012  2069 I MainThreadRunner: Running task [SchedulerApiWrapper onReceiveNewContent] on the Main Thread
10-30 20:17:35.262  2012  2069 I MainThreadRunner: Running task [FeedKnownContentImpl onNewContentReceived] on the Main Thread
10-30 20:17:35.268  2012  2069 I SessionManagerMutation: Cleared Head, new creation time 10-30 20:17:35.240
10-30 20:17:35.268  2012  2069 I TimingUtils: Task Timing  32ms, thread JardinExecutor | task : sessionMutation.commitTask:updateConsumer | mutations : 33 | userInitiated : false
10-30 20:17:35.268  2012  2069 I TaskQueue: Cancelling starvation checks
10-30 20:17:35.268  2012  2069 I TaskQueue:  - Finished 5, time 33 ms
10-30 20:17:35.268  2012  2069 I TaskQueue: Execute task [USER_FACING - d: false, b: 2]: 24
10-30 20:17:35.285  2012  2069 I TimeoutSessionImpl: TimeoutSession.populateModelProvider, shouldAppend false
10-30 20:17:35.285  2012  2069 I SessionImpl: PopulateModelProvider 32 items
10-30 20:17:35.286  2012  2069 I FeedModelProvider: FeedModelProvider - committer, structure changes 31, update changes 0
10-30 20:17:35.286  2012  2069 I FeedModelProvider: SyntheticTokenTracker: 0, 11, 11, false
10-30 20:17:35.287  2012  2069 I FeedSessionManagerImpl: Caching getStreamFeatures - items 31, cache misses 0, cache size 31
10-30 20:17:35.287  2012  2069 I FeedModelProvider: Moving _session:6f8e242b-cfc7-4d9f-9184-e0ca266839ec to READY
10-30 20:17:35.287  2012  2069 I MainThreadRunner: Running task [FeedModelProvider onSessionStart] on the Main Thread
10-30 20:17:35.291  2012  2012 I FeedModelProvider: No children found for Cursor
10-30 20:17:35.295  2012  2069 I FeedModelProvider: ModelProvider Mutation committed - structure changes 31, childrenToBind 31, removedChildren false, Token false
10-30 20:17:35.306  2012  2069 I FeedSessionManagerImpl: Populate new session: _session:6f8e242b-cfc7-4d9f-9184-e0ca266839ec, creation time 10-30 20:17:35.285
10-30 20:17:35.306  2012  2069 I TimingUtils: Task Timing  37ms, thread JardinExecutor | task : Create/Populate New Session
10-30 20:17:35.306  2012  2069 I TaskQueue:  - Finished 24, time 37 ms
10-30 20:17:35.333  2012  2069 I TaskQueue: Execute task [BACKGROUND - d: false, b: 1]: 11
10-30 20:17:35.335  2012  2069 I ContentGc: Re-enqueuing triggerContentGc; attempts(0)
10-30 20:17:35.335  2012  2069 I TaskQueue:  - task [BACKGROUND - d: false, b: 1]: 11
10-30 20:17:35.335  2012  2069 I TaskQueue:  - Finished 11, time 7 ms
10-30 20:17:35.339  2012  2022 I art     : Background partial concurrent mark sweep GC freed 39257(1890KB) AllocSpace objects, 33(6MB) LOS objects, 39% free, 9MB/15MB, paused 3.175ms total 155.230ms
10-30 20:17:35.339  2012  2069 I TaskQueue: Execute task [BACKGROUND - d: false, b: 1]: 23
10-30 20:17:35.365  2012  2067 I cr_omaha: Request to Server Successful. Timestamp for next request:1667161055365
10-30 20:17:35.365  2012  2067 I cr_omaha: Attempting to schedule next job for: Mon Oct 31 01:17:35 GMT+01:00 2022
10-30 20:17:35.367  2012  2012 I cr_omaha: Scheduled using JobService
10-30 20:17:35.367  2012  2012 E cr_BkgrdTaskJS: Tried finishing non-current BackgroundTask.
10-30 20:17:35.400   787 32478 W Icing   : isOptedInForAppHistory: empty Account Name encountered
10-30 20:17:35.461  2012  2067 W InstanceID: Instance ID SDK is deprecated, com.android.chrome should update to use Firebase Instance ID
10-30 20:17:35.555  2012  2069 I TimingUtils: Task Timing 215ms, thread JardinExecutor | task : commitContentMutation | mutations : 32
10-30 20:17:35.555  2012  2069 I TimingUtils: Task Timing   0ms, thread JardinExecutor | task : commitSemanticPropertiesMutation | mutations : 0
10-30 20:17:35.555  2012  2069 I TaskQueue:  - Finished 23, time 217 ms
10-30 20:17:35.555  2012  2069 I TaskQueue: Execute task [BACKGROUND - d: false, b: 0]: 11
10-30 20:17:35.557  2012  2069 I SessionCache: Determining accessible content
10-30 20:17:35.564  2012  2069 I TimingUtils: Task Timing   8ms, thread JardinExecutor | task : ContentGc | contentItemsRemoved : 0
10-30 20:17:35.564  2012  2069 I TaskQueue:  - Finished 11, time 9 ms
10-30 20:17:35.949  2012  2077 W chromium: [WARNING:spdy_session.cc(3090)] Received RST for invalid stream1
10-30 20:17:36.086 29332 29692 I native  : document-store.cc:1654 Scored 1894 usage reports, missing_corpora 1008 update_failed 1
10-30 20:17:36.630  2012  2012 E cr_BTSPrefs: No data found for task id: 53
10-30 20:17:36.631  2012  2012 E cr_BkgrdTaskScheduler: Task cannot be canceled because no data was found instorage or data was invalid
10-30 20:17:36.944 29332 29692 W Icing   : No valid account for uploading user actions
10-30 20:17:37.192 29332 29692 I Icing   : Usage reports ok 4, Failed Usage reports 0, indexed 2, rejected 0
10-30 20:17:37.195 29332 29692 W Icing   : No valid account for uploading user actions
10-30 20:17:37.208 29332 29692 I Icing   : Usage reports ok 0, Failed Usage reports 0, indexed 0, rejected 0
10-30 20:17:37.210 29332 29692 W Icing   : No valid account for uploading user actions
10-30 20:17:37.226 29332 29692 I Icing   : Usage reports ok 0, Failed Usage reports 0, indexed 0, rejected 0
10-30 20:17:37.227 29332 29692 I Icing   : Indexing com.android.chrome-omnibox from com.android.chrome
10-30 20:17:37.346 29332 29692 I Icing   : Indexing done com.android.chrome-omnibox
10-30 20:17:38.326   787  1245 W Icing   : isOptedInForAppHistory: empty Account Name encountered
10-30 20:17:38.422   787 32478 W Icing   : isOptedInForAppHistory: empty Account Name encountered
10-30 20:17:41.002  2012  2012 E cr_BTSPrefs: No data found for task id: 57
10-30 20:17:41.002  2012  2012 E cr_BkgrdTaskScheduler: Task cannot be canceled because no data was found instorage or data was invalid
10-30 20:17:41.003  2012  2012 E cr_BTSPrefs: No data found for task id: 56
10-30 20:17:41.003  2012  2012 E cr_BkgrdTaskScheduler: Task cannot be canceled because no data was found instorage or data was invalid
10-30 20:17:46.329  2012  2012 I cr_tabmodel: Appending tabs being restored to metadata lists, 0, startingNormalCount: 2, startingIncognitoCount: 0
10-30 20:17:46.329  2012  2012 I cr_tabmodel: Serializing tab lists; counts: 2, 0
10-30 20:17:46.794  2525  2525 D AndroidRuntime: >>>>>> START com.android.internal.os.RuntimeInit uid 2000 <<<<<<
10-30 20:17:46.799  2525  2525 D AndroidRuntime: CheckJNI is OFF
10-30 20:17:46.921  2525  2525 D ICU     : No timezone override file found: /data/misc/zoneinfo/current/icu/icu_tzdata.dat
10-30 20:17:46.983  2525  2525 I Radio-JNI: register_android_hardware_Radio DONE
10-30 20:17:47.002  2525  2525 D AndroidRuntime: Calling main entry com.android.commands.monkey.Monkey
10-30 20:17:47.100   600   613 W BroadcastQueue: Skipping deliver [background] BroadcastRecord{4f258b u-1 android.net.conn.CONNECTIVITY_CHANGE} to ReceiverList{3a58668 2525 (unknown name)/2000/u-1 remote:ac65305}: process crashing
10-30 20:17:48.274  2525  2525 D MonkeyStub: translateCommand: wake
10-30 20:17:48.422  2525  2525 D MonkeyStub: translateCommand: tap 1339 1877
10-30 20:17:58.496  2525  2525 D MonkeyStub: translateCommand: touch down 614 1561
10-30 20:17:58.509  2525  2525 D MonkeyStub: translateCommand: touch move 614 1561
10-30 20:17:58.615  2525  2525 D MonkeyStub: translateCommand: touch move 614 1436
10-30 20:17:58.726  2525  2525 D MonkeyStub: translateCommand: touch move 614 1311
10-30 20:17:58.836  2525  2525 D MonkeyStub: translateCommand: touch move 614 1186
10-30 20:17:58.954  2525  2525 D MonkeyStub: translateCommand: touch move 614 1061
10-30 20:17:59.063  2525  2525 D MonkeyStub: translateCommand: touch move 614 937
10-30 20:17:59.172  2525  2525 D MonkeyStub: translateCommand: touch move 614 812
10-30 20:17:59.282  2525  2525 D MonkeyStub: translateCommand: touch move 614 687
10-30 20:17:59.393  2525  2525 D MonkeyStub: translateCommand: touch move 614 562
10-30 20:17:59.502  2525  2525 D MonkeyStub: translateCommand: touch move 614 437
10-30 20:17:59.613  2525  2525 D MonkeyStub: translateCommand: touch move 614 312
10-30 20:17:59.619  2525  2525 D MonkeyStub: translateCommand: touch up 614 312
10-30 20:18:01.767  2525  2525 D MonkeyStub: translateCommand: touch down 614 1561
10-30 20:18:01.771  2525  2525 D MonkeyStub: translateCommand: touch move 614 1561
10-30 20:18:01.878  2525  2525 D MonkeyStub: translateCommand: touch move 614 1436
10-30 20:18:01.986  2525  2525 D MonkeyStub: translateCommand: touch move 614 1311
10-30 20:18:02.092  2525  2525 D MonkeyStub: translateCommand: touch move 614 1186
10-30 20:18:02.202  2525  2525 D MonkeyStub: translateCommand: touch move 614 1061
10-30 20:18:02.220  2012  2012 I Choreographer: Skipped 70 frames!  The application may be doing too much work on its main thread.
10-30 20:18:02.274  2012  2012 I cr_tabmodel: Appending tabs being restored to metadata lists, 0, startingNormalCount: 2, startingIncognitoCount: 0
10-30 20:18:02.274  2012  2012 I cr_tabmodel: Serializing tab lists; counts: 2, 0
10-30 20:18:02.313  2525  2525 D MonkeyStub: translateCommand: touch move 614 937
10-30 20:18:02.436  2525  2525 D MonkeyStub: translateCommand: touch move 614 812
10-30 20:18:02.556  2525  2525 D MonkeyStub: translateCommand: touch move 614 687
10-30 20:18:02.675  2525  2525 D MonkeyStub: translateCommand: touch move 614 562
10-30 20:18:02.848  2525  2525 D MonkeyStub: translateCommand: touch move 614 437
10-30 20:18:02.992  2525  2525 D MonkeyStub: translateCommand: touch move 614 312
10-30 20:18:03.000  2525  2525 D MonkeyStub: translateCommand: touch up 614 312
10-30 20:18:03.022  2012  2012 I cr_tabmodel: Appending tabs being restored to metadata lists, 0, startingNormalCount: 2, startingIncognitoCount: 0
10-30 20:18:03.022  2012  2012 I cr_tabmodel: Serializing tab lists; counts: 2, 0
10-30 20:18:03.300  2012  2012 I cr_tabmodel: Appending tabs being restored to metadata lists, 0, startingNormalCount: 2, startingIncognitoCount: 0
10-30 20:18:03.300  2012  2012 I cr_tabmodel: Serializing tab lists; counts: 2, 0
10-30 20:18:03.520  2012  2012 I cr_tabmodel: Appending tabs being restored to metadata lists, 0, startingNormalCount: 2, startingIncognitoCount: 0
10-30 20:18:03.520  2012  2012 I cr_tabmodel: Serializing tab lists; counts: 2, 0
10-30 20:18:03.837 29332 29926 I Icing   : IndexChimeraService.getServiceInterface callingPackage=com.android.chrome componentName=null serviceId=36
10-30 20:18:03.853 29332 29692 W Icing   : No valid account for uploading user actions
10-30 20:18:03.872 29332 29713 I Icing   : IndexChimeraService.getServiceInterface callingPackage=com.google.android.gms componentName=null serviceId=30
10-30 20:18:03.899 29332 29692 I Icing   : Usage reports ok 1, Failed Usage reports 0, indexed 0, rejected 0
10-30 20:18:03.903 29332 29692 W Icing   : No valid account for uploading user actions
10-30 20:18:03.912 29332 29692 I Icing   : Usage reports ok 0, Failed Usage reports 0, indexed 0, rejected 0
10-30 20:18:03.914 29332 29692 I Icing   : Indexing com.android.chrome-omnibox from com.android.chrome
10-30 20:18:03.946 29332 29692 I Icing   : Indexing done com.android.chrome-omnibox
10-30 20:18:04.942   787 28597 W Icing   : isOptedInForAppHistory: empty Account Name encountered
10-30 20:18:04.974   787 32478 W Icing   : isOptedInForAppHistory: empty Account Name encountered
10-30 20:18:06.078  2525  2525 D MonkeyStub: translateCommand: touch down 614 312
10-30 20:18:06.086  2525  2525 D MonkeyStub: translateCommand: touch move 614 312
10-30 20:18:06.194  2525  2525 D MonkeyStub: translateCommand: touch move 614 437
10-30 20:18:06.305  2525  2525 D MonkeyStub: translateCommand: touch move 614 562
10-30 20:18:06.418  2525  2525 D MonkeyStub: translateCommand: touch move 614 687
10-30 20:18:06.527  2525  2525 D MonkeyStub: translateCommand: touch move 614 812
10-30 20:18:06.636  2525  2525 D MonkeyStub: translateCommand: touch move 614 937
10-30 20:18:06.770  2525  2525 D MonkeyStub: translateCommand: touch move 614 1061
10-30 20:18:06.897  2525  2525 D MonkeyStub: translateCommand: touch move 614 1186
10-30 20:18:07.010  2525  2525 D MonkeyStub: translateCommand: touch move 614 1311
10-30 20:18:07.122  2525  2525 D MonkeyStub: translateCommand: touch move 614 1436
10-30 20:18:07.230  2525  2525 D MonkeyStub: translateCommand: touch move 614 1561
10-30 20:18:07.246  2525  2525 D MonkeyStub: translateCommand: touch up 614 1561
10-30 20:18:07.268  2525  2525 D MonkeyStub: translateCommand: touch down 614 312
10-30 20:18:07.273  2525  2525 D MonkeyStub: translateCommand: touch move 614 312
10-30 20:18:07.381  2525  2525 D MonkeyStub: translateCommand: touch move 614 437
10-30 20:18:07.489  2525  2525 D MonkeyStub: translateCommand: touch move 614 562
10-30 20:18:07.581  2012  2012 I cr_tabmodel: Appending tabs being restored to metadata lists, 0, startingNormalCount: 2, startingIncognitoCount: 0
10-30 20:18:07.581  2012  2012 I cr_tabmodel: Serializing tab lists; counts: 2, 0
10-30 20:18:07.605  2525  2525 D MonkeyStub: translateCommand: touch move 614 687
10-30 20:18:07.714  2525  2525 D MonkeyStub: translateCommand: touch move 614 812
10-30 20:18:07.830  2525  2525 D MonkeyStub: translateCommand: touch move 614 937
10-30 20:18:07.942  2525  2525 D MonkeyStub: translateCommand: touch move 614 1061
10-30 20:18:08.050  2525  2525 D MonkeyStub: translateCommand: touch move 614 1186
10-30 20:18:08.170  2525  2525 D MonkeyStub: translateCommand: touch move 614 1311
10-30 20:18:08.280  2525  2525 D MonkeyStub: translateCommand: touch move 614 1436
10-30 20:18:08.389  2525  2525 D MonkeyStub: translateCommand: touch move 614 1561
10-30 20:18:08.392  2525  2525 D MonkeyStub: translateCommand: touch up 614 1561
10-30 20:18:08.661  2012  2012 I cr_tabmodel: Appending tabs being restored to metadata lists, 0, startingNormalCount: 2, startingIncognitoCount: 0
10-30 20:18:08.661  2012  2012 I cr_tabmodel: Serializing tab lists; counts: 2, 0
10-30 20:18:11.893   600 24515 I ActivityManager: Start proc 2569:com.android.chrome:sandboxed_process18/u0i849 for service com.android.chrome/org.chromium.content.app.SandboxedProcessService18
10-30 20:18:11.926  2569  2569 W boxed_process18: type=1400 audit(0.0:8391): avc: denied { getattr } for path="/data/data/com.android.chrome" dev="dm-2" ino=12190 scontext=u:r:isolated_app:s0:c512,c768 tcontext=u:object_r:app_data_file:s0:c512,c768 tclass=dir permissive=0
10-30 20:18:11.945  2569  2569 I cr_ChildProcessService: Creating new ChildProcessService pid=2569
10-30 20:18:11.978  2569  2582 I cr_LibraryLoader: Loaded native library version number "85.0.4183.127"
10-30 20:18:11.978  2569  2582 I cr_CachingUmaRecorder: Flushed 1 samples from 1 histograms.
10-30 20:18:11.989  2582  2582 W CrUtilityMain: type=1400 audit(0.0:8392): avc: denied { setattr } for name="LICENSE.txt" dev="dm-2" ino=56696 scontext=u:r:isolated_app:s0:c512,c768 tcontext=u:object_r:app_data_file:s0:c512,c768 tclass=file permissive=0
10-30 20:18:11.992  2582  2582 W CrUtilityMain: type=1400 audit(0.0:8393): avc: denied { setattr } for name=46696C746572696E672052756C6573 dev="dm-2" ino=58540 scontext=u:r:isolated_app:s0:c512,c768 tcontext=u:object_r:app_data_file:s0:c512,c768 tclass=file permissive=0
10-30 20:18:11.992  2582  2582 W CrUtilityMain: type=1400 audit(0.0:8394): avc: denied { setattr } for name="manifest.json" dev="dm-2" ino=60042 scontext=u:r:isolated_app:s0:c512,c768 tcontext=u:object_r:app_data_file:s0:c512,c768 tclass=file permissive=0
10-30 20:18:11.996  2582  2582 W CrUtilityMain: type=1400 audit(0.0:8395): avc: denied { setattr } for name="verified_contents.json" dev="dm-2" ino=60480 scontext=u:r:isolated_app:s0:c512,c768 tcontext=u:object_r:app_data_file:s0:c512,c768 tclass=file permissive=0
10-30 20:18:12.010  2569  2582 I chromium: [INFO:child_process_service.cc(69)] ChildProcessService: Exiting child process.
10-30 20:18:12.028   600 29683 I ActivityManager: Process com.android.chrome:sandboxed_process18 (pid 2569) has died
10-30 20:18:12.029   600 29683 D ActivityManager: cleanUpApplicationRecord -- 2569
10-30 20:18:12.038  2012  2012 W chromium: [WARNING:compositor_view.cc(315)] Child process died (type=6) pid=2569)
10-30 20:18:12.066   600 27731 I ActivityManager: Start proc 2586:com.android.chrome:sandboxed_process19/u0i850 for service com.android.chrome/org.chromium.content.app.SandboxedProcessService19
10-30 20:18:12.102  2586  2586 W boxed_process19: type=1400 audit(0.0:8396): avc: denied { getattr } for path="/data/data/com.android.chrome" dev="dm-2" ino=12190 scontext=u:r:isolated_app:s0:c512,c768 tcontext=u:object_r:app_data_file:s0:c512,c768 tclass=dir permissive=0
10-30 20:18:12.121  2586  2586 I cr_ChildProcessService: Creating new ChildProcessService pid=2586
10-30 20:18:12.155  2586  2599 I cr_LibraryLoader: Loaded native library version number "85.0.4183.127"
10-30 20:18:12.155  2586  2599 I cr_CachingUmaRecorder: Flushed 1 samples from 1 histograms.
10-30 20:18:12.169  2599  2599 W CrUtilityMain: type=1400 audit(0.0:8397): avc: denied { setattr } for name="crl-set" dev="dm-2" ino=62373 scontext=u:r:isolated_app:s0:c512,c768 tcontext=u:object_r:app_data_file:s0:c512,c768 tclass=file permissive=0
10-30 20:18:12.172  2599  2599 W CrUtilityMain: type=1400 audit(0.0:8398): avc: denied { setattr } for name="manifest.json" dev="dm-2" ino=59583 scontext=u:r:isolated_app:s0:c512,c768 tcontext=u:object_r:app_data_file:s0:c512,c768 tclass=file permissive=0
10-30 20:18:12.172  2599  2599 W CrUtilityMain: type=1400 audit(0.0:8399): avc: denied { setattr } for name="LICENSE" dev="dm-2" ino=51856 scontext=u:r:isolated_app:s0:c512,c768 tcontext=u:object_r:app_data_file:s0:c512,c768 tclass=file permissive=0
10-30 20:18:12.186  2599  2599 W CrUtilityMain: type=1400 audit(0.0:8400): avc: denied { setattr } for name="verified_contents.json" dev="dm-2" ino=59594 scontext=u:r:isolated_app:s0:c512,c768 tcontext=u:object_r:app_data_file:s0:c512,c768 tclass=file permissive=0
10-30 20:18:12.193  2586  2586 I cr_ChildProcessService: Destroying ChildProcessService pid=2586
10-30 20:18:12.195  2586  2599 I chromium: [INFO:child_process_service.cc(69)] ChildProcessService: Exiting child process.
10-30 20:18:12.210   600  3509 I ActivityManager: Process com.android.chrome:sandboxed_process19 (pid 2586) has died
10-30 20:18:12.210   600  3509 D ActivityManager: cleanUpApplicationRecord -- 2586
10-30 20:18:12.212  2012  2012 W chromium: [WARNING:compositor_view.cc(315)] Child process died (type=6) pid=2586)
10-30 20:18:12.444   600 27731 I ActivityManager: Start proc 2608:com.android.chrome:sandboxed_process20/u0i851 for service com.android.chrome/org.chromium.content.app.SandboxedProcessService20
10-30 20:18:12.552  2608  2608 W boxed_process20: type=1400 audit(0.0:8401): avc: denied { getattr } for path="/data/data/com.android.chrome" dev="dm-2" ino=12190 scontext=u:r:isolated_app:s0:c512,c768 tcontext=u:object_r:app_data_file:s0:c512,c768 tclass=dir permissive=0
10-30 20:18:12.604  2608  2608 I cr_ChildProcessService: Creating new ChildProcessService pid=2608
10-30 20:18:12.622   198   198 E SELinux : avc:  denied  { find } for service=netd pid=2607 uid=2000 scontext=u:r:shell:s0 tcontext=u:object_r:netd_service:s0 tclass=service_manager permissive=0
10-30 20:18:12.631   198   198 E SELinux : avc:  denied  { find } for service=android.service.gatekeeper.IGateKeeperService pid=2607 uid=2000 scontext=u:r:shell:s0 tcontext=u:object_r:gatekeeper_service:s0 tclass=service_manager permissive=0
10-30 20:18:12.670  2608  2621 I cr_LibraryLoader: Loaded native library version number "85.0.4183.127"
10-30 20:18:12.670  2608  2621 I cr_CachingUmaRecorder: Flushed 1 samples from 1 histograms.
10-30 20:18:12.686  2621  2621 W CrUtilityMain: type=1400 audit(0.0:8402): avc: denied { setattr } for name="manifest.json" dev="dm-2" ino=49701 scontext=u:r:isolated_app:s0:c512,c768 tcontext=u:object_r:app_data_file:s0:c512,c768 tclass=file permissive=0
10-30 20:18:12.689  2621  2621 W CrUtilityMain: type=1400 audit(0.0:8403): avc: denied { setattr } for name="verified_contents.json" dev="dm-2" ino=59282 scontext=u:r:isolated_app:s0:c512,c768 tcontext=u:object_r:app_data_file:s0:c512,c768 tclass=file permissive=0
10-30 20:18:12.693  2608  2621 I chromium: [INFO:child_process_service.cc(69)] ChildProcessService: Exiting child process.
10-30 20:18:12.697   197   197 E lowmemorykiller: Error writing /proc/2608/oom_score_adj; errno=22
10-30 20:18:12.713   600 13557 I ActivityManager: Process com.android.chrome:sandboxed_process20 (pid 2608) has died
10-30 20:18:12.713   600 13557 D ActivityManager: cleanUpApplicationRecord -- 2608
10-30 20:18:12.715  2012  2012 W chromium: [WARNING:compositor_view.cc(315)] Child process died (type=6) pid=2608)
10-30 20:18:13.457  2525  2525 D MonkeyStub: translateCommand: tap 724 439
10-30 20:18:14.311   600 16391 I ActivityManager: Start proc 2625:com.android.chrome:sandboxed_process21/u0i852 for service com.android.chrome/org.chromium.content.app.SandboxedProcessService21
10-30 20:18:14.362  2625  2625 W boxed_process21: type=1400 audit(0.0:8404): avc: denied { getattr } for path="/data/data/com.android.chrome" dev="dm-2" ino=12190 scontext=u:r:isolated_app:s0:c512,c768 tcontext=u:object_r:app_data_file:s0:c512,c768 tclass=dir permissive=0
10-30 20:18:14.386  2625  2625 I cr_ChildProcessService: Creating new ChildProcessService pid=2625
10-30 20:18:14.426  2625  2638 I cr_LibraryLoader: Loaded native library version number "85.0.4183.127"
10-30 20:18:14.426  2625  2638 I cr_CachingUmaRecorder: Flushed 1 samples from 1 histograms.
10-30 20:18:14.459  2638  2638 W CrUtilityMain: type=1400 audit(0.0:8405): avc: denied { setattr } for name="tl_en-us_2022-10-17_483521407_100000_index.bin" dev="dm-2" ino=59777 scontext=u:r:isolated_app:s0:c512,c768 tcontext=u:object_r:app_data_file:s0:c512,c768 tclass=file permissive=0
10-30 20:18:14.459  2638  2638 W CrUtilityMain: type=1400 audit(0.0:8406): avc: denied { setattr } for name="manifest.json" dev="dm-2" ino=60052 scontext=u:r:isolated_app:s0:c512,c768 tcontext=u:object_r:app_data_file:s0:c512,c768 tclass=file permissive=0
10-30 20:18:14.462  2638  2638 W CrUtilityMain: type=1400 audit(0.0:8407): avc: denied { setattr } for name="verified_contents.json" dev="dm-2" ino=700 scontext=u:r:isolated_app:s0:c512,c768 tcontext=u:object_r:app_data_file:s0:c512,c768 tclass=file permissive=0
10-30 20:18:14.469  2625  2638 I chromium: [INFO:child_process_service.cc(69)] ChildProcessService: Exiting child process.
10-30 20:18:14.469   197   197 E lowmemorykiller: Error writing /proc/2625/oom_score_adj; errno=22
10-30 20:18:14.487   600  3994 I ActivityManager: Process com.android.chrome:sandboxed_process21 (pid 2625) has died
10-30 20:18:14.487   600  3994 D ActivityManager: cleanUpApplicationRecord -- 2625
10-30 20:18:14.487  2012  2012 W chromium: [WARNING:compositor_view.cc(315)] Child process died (type=6) pid=2625)
10-30 20:18:16.342   600  7064 I ActivityManager: Start proc 2642:com.android.chrome:sandboxed_process22/u0i853 for service com.android.chrome/org.chromium.content.app.SandboxedProcessService22
10-30 20:18:16.406  2642  2642 W boxed_process22: type=1400 audit(0.0:8408): avc: denied { getattr } for path="/data/data/com.android.chrome" dev="dm-2" ino=12190 scontext=u:r:isolated_app:s0:c512,c768 tcontext=u:object_r:app_data_file:s0:c512,c768 tclass=dir permissive=0
10-30 20:18:16.435  2642  2642 I cr_ChildProcessService: Creating new ChildProcessService pid=2642
10-30 20:18:16.492  2642  2655 I cr_LibraryLoader: Loaded native library version number "85.0.4183.127"
10-30 20:18:16.493  2642  2655 I cr_CachingUmaRecorder: Flushed 1 samples from 1 histograms.
10-30 20:18:16.506  2655  2655 W CrUtilityMain: type=1400 audit(0.0:8409): avc: denied { setattr } for name="ssl_error_assistant.pb" dev="dm-2" ino=57923 scontext=u:r:isolated_app:s0:c512,c768 tcontext=u:object_r:app_data_file:s0:c512,c768 tclass=file permissive=0
10-30 20:18:16.506  2655  2655 W CrUtilityMain: type=1400 audit(0.0:8410): avc: denied { setattr } for name="manifest.json" dev="dm-2" ino=58017 scontext=u:r:isolated_app:s0:c512,c768 tcontext=u:object_r:app_data_file:s0:c512,c768 tclass=file permissive=0
10-30 20:18:16.509  2655  2655 W CrUtilityMain: type=1400 audit(0.0:8411): avc: denied { setattr } for name="verified_contents.json" dev="dm-2" ino=65015 scontext=u:r:isolated_app:s0:c512,c768 tcontext=u:object_r:app_data_file:s0:c512,c768 tclass=file permissive=0
10-30 20:18:16.515  2642  2655 I chromium: [INFO:child_process_service.cc(69)] ChildProcessService: Exiting child process.
10-30 20:18:16.516   197   197 E lowmemorykiller: Error writing /proc/2642/oom_score_adj; errno=22
10-30 20:18:16.530   600 27731 I ActivityManager: Process com.android.chrome:sandboxed_process22 (pid 2642) has died
10-30 20:18:16.530   600 27731 D ActivityManager: cleanUpApplicationRecord -- 2642
10-30 20:18:16.532  2012  2012 W chromium: [WARNING:compositor_view.cc(315)] Child process died (type=6) pid=2642)
10-30 20:18:18.660   600  7064 I ActivityManager: Start proc 2659:com.android.chrome:sandboxed_process23/u0i854 for service com.android.chrome/org.chromium.content.app.SandboxedProcessService23
10-30 20:18:18.719  2659  2659 W boxed_process23: type=1400 audit(0.0:8412): avc: denied { getattr } for path="/data/data/com.android.chrome" dev="dm-2" ino=12190 scontext=u:r:isolated_app:s0:c512,c768 tcontext=u:object_r:app_data_file:s0:c512,c768 tclass=dir permissive=0
10-30 20:18:18.751  2659  2659 I cr_ChildProcessService: Creating new ChildProcessService pid=2659
10-30 20:18:18.791  2659  2672 I cr_LibraryLoader: Loaded native library version number "85.0.4183.127"
10-30 20:18:18.791  2659  2672 I cr_CachingUmaRecorder: Flushed 1 samples from 1 histograms.
10-30 20:18:18.806  2672  2672 W CrUtilityMain: type=1400 audit(0.0:8413): avc: denied { setattr } for name="safety_tips.pb" dev="dm-2" ino=35774 scontext=u:r:isolated_app:s0:c512,c768 tcontext=u:object_r:app_data_file:s0:c512,c768 tclass=file permissive=0
10-30 20:18:18.806  2672  2672 W CrUtilityMain: type=1400 audit(0.0:8414): avc: denied { setattr } for name="manifest.json" dev="dm-2" ino=23892 scontext=u:r:isolated_app:s0:c512,c768 tcontext=u:object_r:app_data_file:s0:c512,c768 tclass=file permissive=0
10-30 20:18:18.809  2672  2672 W CrUtilityMain: type=1400 audit(0.0:8415): avc: denied { setattr } for name="verified_contents.json" dev="dm-2" ino=57009 scontext=u:r:isolated_app:s0:c512,c768 tcontext=u:object_r:app_data_file:s0:c512,c768 tclass=file permissive=0
10-30 20:18:18.812  2659  2672 I chromium: [INFO:child_process_service.cc(69)] ChildProcessService: Exiting child process.
10-30 20:18:18.817   197   197 E lowmemorykiller: Error writing /proc/2659/oom_score_adj; errno=22
10-30 20:18:18.840   600  1076 I ActivityManager: Process com.android.chrome:sandboxed_process23 (pid 2659) has died
10-30 20:18:18.840   600  1076 D ActivityManager: cleanUpApplicationRecord -- 2659
10-30 20:18:18.841  2012  2012 W chromium: [WARNING:compositor_view.cc(315)] Child process died (type=6) pid=2659)
10-30 20:18:21.223   600 13557 I ActivityManager: Start proc 2676:com.android.chrome:sandboxed_process24/u0i855 for service com.android.chrome/org.chromium.content.app.SandboxedProcessService24
10-30 20:18:21.286  2676  2676 W boxed_process24: type=1400 audit(0.0:8416): avc: denied { getattr } for path="/data/data/com.android.chrome" dev="dm-2" ino=12190 scontext=u:r:isolated_app:s0:c512,c768 tcontext=u:object_r:app_data_file:s0:c512,c768 tclass=dir permissive=0
10-30 20:18:21.315  2676  2676 I cr_ChildProcessService: Creating new ChildProcessService pid=2676
10-30 20:18:21.370  2676  2689 I cr_LibraryLoader: Loaded native library version number "85.0.4183.127"
10-30 20:18:21.370  2676  2689 I cr_CachingUmaRecorder: Flushed 1 samples from 1 histograms.
10-30 20:18:21.382  2689  2689 W CrUtilityMain: type=1400 audit(0.0:8417): avc: denied { setattr } for name="tls_deprecation_config.pb" dev="dm-2" ino=57492 scontext=u:r:isolated_app:s0:c512,c768 tcontext=u:object_r:app_data_file:s0:c512,c768 tclass=file permissive=0
10-30 20:18:21.382  2689  2689 W CrUtilityMain: type=1400 audit(0.0:8418): avc: denied { setattr } for name="manifest.json" dev="dm-2" ino=58124 scontext=u:r:isolated_app:s0:c512,c768 tcontext=u:object_r:app_data_file:s0:c512,c768 tclass=file permissive=0
10-30 20:18:21.386  2689  2689 W CrUtilityMain: type=1400 audit(0.0:8419): avc: denied { setattr } for name="verified_contents.json" dev="dm-2" ino=58983 scontext=u:r:isolated_app:s0:c512,c768 tcontext=u:object_r:app_data_file:s0:c512,c768 tclass=file permissive=0
10-30 20:18:21.390  2676  2689 I chromium: [INFO:child_process_service.cc(69)] ChildProcessService: Exiting child process.
10-30 20:18:21.394   197   197 E lowmemorykiller: Error writing /proc/2676/oom_score_adj; errno=22
10-30 20:18:21.407   600 17381 I ActivityManager: Process com.android.chrome:sandboxed_process24 (pid 2676) has died
10-30 20:18:21.407   600 17381 D ActivityManager: cleanUpApplicationRecord -- 2676
10-30 20:18:21.408  2012  2012 W chromium: [WARNING:compositor_view.cc(315)] Child process died (type=6) pid=2676)
10-30 20:18:21.510  2525  2525 D MonkeyStub: translateCommand: touch down 614 1561
10-30 20:18:21.524  2525  2525 D MonkeyStub: translateCommand: touch move 614 1561
10-30 20:18:21.631  2525  2525 D MonkeyStub: translateCommand: touch move 614 1436
10-30 20:18:21.742  2525  2525 D MonkeyStub: translateCommand: touch move 614 1311
10-30 20:18:21.855  2525  2525 D MonkeyStub: translateCommand: touch move 614 1186
10-30 20:18:21.963  2525  2525 D MonkeyStub: translateCommand: touch move 614 1061
10-30 20:18:22.076  2525  2525 D MonkeyStub: translateCommand: touch move 614 937
10-30 20:18:22.186  2525  2525 D MonkeyStub: translateCommand: touch move 614 812
10-30 20:18:22.305  2525  2525 D MonkeyStub: translateCommand: touch move 614 687
10-30 20:18:22.411  2525  2525 D MonkeyStub: translateCommand: touch move 614 562
10-30 20:18:22.520  2525  2525 D MonkeyStub: translateCommand: touch move 614 437
10-30 20:18:22.629  2525  2525 D MonkeyStub: translateCommand: touch move 614 312
10-30 20:18:22.635  2525  2525 D MonkeyStub: translateCommand: touch up 614 312
10-30 20:18:22.657  2525  2525 D MonkeyStub: translateCommand: touch down 614 1561
10-30 20:18:22.662  2525  2525 D MonkeyStub: translateCommand: touch move 614 1561
10-30 20:18:22.766  2525  2525 D MonkeyStub: translateCommand: touch move 614 1436
10-30 20:18:22.874  2525  2525 D MonkeyStub: translateCommand: touch move 614 1311
10-30 20:18:22.924  2012  2012 I cr_tabmodel: Appending tabs being restored to metadata lists, 0, startingNormalCount: 2, startingIncognitoCount: 0
10-30 20:18:22.924  2012  2012 I cr_tabmodel: Serializing tab lists; counts: 2, 0
10-30 20:18:22.987  2525  2525 D MonkeyStub: translateCommand: touch move 614 1186
10-30 20:18:23.097  2525  2525 D MonkeyStub: translateCommand: touch move 614 1061
10-30 20:18:23.206  2525  2525 D MonkeyStub: translateCommand: touch move 614 937
10-30 20:18:23.326  2525  2525 D MonkeyStub: translateCommand: touch move 614 812
10-30 20:18:23.436  2525  2525 D MonkeyStub: translateCommand: touch move 614 687
10-30 20:18:23.549  2525  2525 D MonkeyStub: translateCommand: touch move 614 562
10-30 20:18:23.653  2525  2525 D MonkeyStub: translateCommand: touch move 614 437
10-30 20:18:23.764  2525  2525 D MonkeyStub: translateCommand: touch move 614 312
10-30 20:18:23.767  2525  2525 D MonkeyStub: translateCommand: touch up 614 312
10-30 20:18:24.024  2012  2012 I cr_tabmodel: Appending tabs being restored to metadata lists, 0, startingNormalCount: 2, startingIncognitoCount: 0
10-30 20:18:24.024  2012  2012 I cr_tabmodel: Serializing tab lists; counts: 2, 0
10-30 20:18:24.045   600 27731 I ActivityManager: Start proc 2693:com.android.chrome:sandboxed_process25/u0i856 for service com.android.chrome/org.chromium.content.app.SandboxedProcessService25
10-30 20:18:24.082  2693  2693 W boxed_process25: type=1400 audit(0.0:8420): avc: denied { getattr } for path="/data/data/com.android.chrome" dev="dm-2" ino=12190 scontext=u:r:isolated_app:s0:c512,c768 tcontext=u:object_r:app_data_file:s0:c512,c768 tclass=dir permissive=0
10-30 20:18:24.111  2693  2693 I cr_ChildProcessService: Creating new ChildProcessService pid=2693
10-30 20:18:24.161  2693  2706 I cr_LibraryLoader: Loaded native library version number "85.0.4183.127"
10-30 20:18:24.163  2693  2706 I cr_CachingUmaRecorder: Flushed 1 samples from 1 histograms.
10-30 20:18:24.182  2706  2706 W CrUtilityMain: type=1400 audit(0.0:8421): avc: denied { setattr } for name=5072656C6F61642044617461 dev="dm-2" ino=22746 scontext=u:r:isolated_app:s0:c512,c768 tcontext=u:object_r:app_data_file:s0:c512,c768 tclass=file permissive=0
10-30 20:18:24.182  2706  2706 W CrUtilityMain: type=1400 audit(0.0:8422): avc: denied { setattr } for name="manifest.json" dev="dm-2" ino=57963 scontext=u:r:isolated_app:s0:c512,c768 tcontext=u:object_r:app_data_file:s0:c512,c768 tclass=file permissive=0
10-30 20:18:24.189  2706  2706 W CrUtilityMain: type=1400 audit(0.0:8423): avc: denied { setattr } for name="verified_contents.json" dev="dm-2" ino=57937 scontext=u:r:isolated_app:s0:c512,c768 tcontext=u:object_r:app_data_file:s0:c512,c768 tclass=file permissive=0
10-30 20:18:24.201  2693  2706 I chromium: [INFO:child_process_service.cc(69)] ChildProcessService: Exiting child process.
10-30 20:18:24.202   197   197 E lowmemorykiller: Error writing /proc/2693/oom_score_adj; errno=22
10-30 20:18:24.237   600  1082 I ActivityManager: Process com.android.chrome:sandboxed_process25 (pid 2693) has died
10-30 20:18:24.237   600  1082 D ActivityManager: cleanUpApplicationRecord -- 2693
10-30 20:18:24.237  2012  2012 W chromium: [WARNING:compositor_view.cc(315)] Child process died (type=6) pid=2693)
10-30 20:18:27.084   600  1076 I ActivityManager: Start proc 2711:com.android.chrome:sandboxed_process26/u0i857 for service com.android.chrome/org.chromium.content.app.SandboxedProcessService26
10-30 20:18:27.142  2711  2711 W boxed_process26: type=1400 audit(0.0:8424): avc: denied { getattr } for path="/data/data/com.android.chrome" dev="dm-2" ino=12190 scontext=u:r:isolated_app:s0:c512,c768 tcontext=u:object_r:app_data_file:s0:c512,c768 tclass=dir permissive=0
10-30 20:18:27.175  2711  2711 I cr_ChildProcessService: Creating new ChildProcessService pid=2711
10-30 20:18:27.233  2711  2724 I cr_LibraryLoader: Loaded native library version number "85.0.4183.127"
10-30 20:18:27.234  2711  2724 I cr_CachingUmaRecorder: Flushed 1 samples from 1 histograms.
10-30 20:18:27.259  2724  2724 W CrUtilityMain: type=1400 audit(0.0:8425): avc: denied { setattr } for name="optimization-hints.pb" dev="dm-2" ino=52100 scontext=u:r:isolated_app:s0:c512,c768 tcontext=u:object_r:app_data_file:s0:c512,c768 tclass=file permissive=0
10-30 20:18:27.259  2724  2724 W CrUtilityMain: type=1400 audit(0.0:8426): avc: denied { setattr } for name="manifest.json" dev="dm-2" ino=40734 scontext=u:r:isolated_app:s0:c512,c768 tcontext=u:object_r:app_data_file:s0:c512,c768 tclass=file permissive=0
10-30 20:18:27.262  2724  2724 W CrUtilityMain: type=1400 audit(0.0:8427): avc: denied { setattr } for name="verified_contents.json" dev="dm-2" ino=12666 scontext=u:r:isolated_app:s0:c512,c768 tcontext=u:object_r:app_data_file:s0:c512,c768 tclass=file permissive=0
10-30 20:18:27.269  2711  2724 I chromium: [INFO:child_process_service.cc(69)] ChildProcessService: Exiting child process.
10-30 20:18:27.270   197   197 E lowmemorykiller: Error writing /proc/2711/oom_score_adj; errno=22
10-30 20:18:27.287   600  7064 I ActivityManager: Process com.android.chrome:sandboxed_process26 (pid 2711) has died
10-30 20:18:27.287   600  7064 D ActivityManager: cleanUpApplicationRecord -- 2711
10-30 20:18:27.293  2012  2012 W chromium: [WARNING:compositor_view.cc(315)] Child process died (type=6) pid=2711)
10-30 20:18:28.068   600   647 I WifiHAL : Got channel list with 13 channels
10-30 20:18:28.077   600   647 I WifiHAL : Got channel list with 4 channels
10-30 20:18:28.085   600   647 I WifiHAL : Got channel list with 15 channels
10-30 20:18:28.804  2525  2525 D MonkeyStub: Quit requested
10-30 20:18:28.859  2525  2525 I art     : System.exit called, status: 82
10-30 20:18:28.859  2525  2525 I AndroidRuntime: VM exiting with result code 82.
10-30 20:18:28.863   600   614 I CwMcuSensor: CwMcuSensor::flush: fd = 239, sensors_id = 0, path = /sys/class/htc_sensorhub/sensor_hub/flush, err = 0
10-30 20:18:28.890   600   713 W WindowManager: Attempted to remove non-existing token: android.os.Binder@8de1a81
10-30 20:18:30.432   600  9614 I ActivityManager: Start proc 2731:com.android.chrome:sandboxed_process27/u0i858 for service com.android.chrome/org.chromium.content.app.SandboxedProcessService27
10-30 20:18:30.492  2731  2731 W boxed_process27: type=1400 audit(0.0:8428): avc: denied { getattr } for path="/data/data/com.android.chrome" dev="dm-2" ino=12190 scontext=u:r:isolated_app:s0:c512,c768 tcontext=u:object_r:app_data_file:s0:c512,c768 tclass=dir permissive=0
10-30 20:18:30.524  2731  2731 I cr_ChildProcessService: Creating new ChildProcessService pid=2731
10-30 20:18:30.582  2731  2744 I cr_LibraryLoader: Loaded native library version number "85.0.4183.127"
10-30 20:18:30.583  2731  2744 I cr_CachingUmaRecorder: Flushed 1 samples from 1 histograms.
10-30 20:18:30.596  2744  2744 W CrUtilityMain: type=1400 audit(0.0:8429): avc: denied { setattr } for name="download_file_types.pb" dev="dm-2" ino=22525 scontext=u:r:isolated_app:s0:c512,c768 tcontext=u:object_r:app_data_file:s0:c512,c768 tclass=file permissive=0
10-30 20:18:30.596  2744  2744 W CrUtilityMain: type=1400 audit(0.0:8430): avc: denied { setattr } for name="manifest.json" dev="dm-2" ino=22512 scontext=u:r:isolated_app:s0:c512,c768 tcontext=u:object_r:app_data_file:s0:c512,c768 tclass=file permissive=0
10-30 20:18:30.599  2744  2744 W CrUtilityMain: type=1400 audit(0.0:8431): avc: denied { setattr } for name="verified_contents.json" dev="dm-2" ino=22972 scontext=u:r:isolated_app:s0:c512,c768 tcontext=u:object_r:app_data_file:s0:c512,c768 tclass=file permissive=0
10-30 20:18:30.606  2731  2731 I cr_ChildProcessService: Destroying ChildProcessService pid=2731
10-30 20:18:30.608  2731  2744 I chromium: [INFO:child_process_service.cc(69)] ChildProcessService: Exiting child process.
10-30 20:18:30.633   600  1081 I ActivityManager: Process com.android.chrome:sandboxed_process27 (pid 2731) has died
10-30 20:18:30.633   600  1081 D ActivityManager: cleanUpApplicationRecord -- 2731
10-30 20:18:30.634  2012  2012 W chromium: [WARNING:compositor_view.cc(315)] Child process died (type=6) pid=2731)
10-30 20:18:37.598 29332 29713 I Icing   : IndexChimeraService.getServiceInterface callingPackage=com.android.chrome componentName=null serviceId=36
10-30 20:18:37.632 29332 29692 W Icing   : No valid account for uploading user actions
10-30 20:18:37.670 29332 29713 I Icing   : IndexChimeraService.getServiceInterface callingPackage=com.google.android.gms componentName=null serviceId=30
10-30 20:18:37.684 29332 29692 I Icing   : Usage reports ok 5, Failed Usage reports 0, indexed 0, rejected 0
10-30 20:18:37.689 29332 29692 W Icing   : No valid account for uploading user actions
10-30 20:18:37.698 29332 29692 I Icing   : Usage reports ok 0, Failed Usage reports 0, indexed 0, rejected 0
10-30 20:18:37.700 29332 29692 I Icing   : Indexing com.android.chrome-omnibox from com.android.chrome
10-30 20:18:37.727 29332 29692 I Icing   : Indexing done com.android.chrome-omnibox
10-30 20:18:38.732   787 28596 W Icing   : isOptedInForAppHistory: empty Account Name encountered
10-30 20:18:38.777   787 29932 W Icing   : isOptedInForAppHistory: empty Account Name encountered
10-30 20:18:45.152  2765  2765 D AndroidRuntime: >>>>>> START com.android.internal.os.RuntimeInit uid 2000 <<<<<<
10-30 20:18:45.155  2765  2765 D AndroidRuntime: CheckJNI is OFF
10-30 20:18:45.221  2765  2765 D ICU     : No timezone override file found: /data/misc/zoneinfo/current/icu/icu_tzdata.dat
10-30 20:18:45.251  2765  2765 I Radio-JNI: register_android_hardware_Radio DONE
10-30 20:18:45.266  2765  2765 D AndroidRuntime: Calling main entry com.android.commands.am.Am
10-30 20:18:45.282   600   707 I ActivityManager: Force stopping com.android.chrome appid=10035 user=0: from pid 2765
10-30 20:18:45.282   600   707 I ActivityManager: Killing 2078:com.android.chrome:privileged_process0/u0a35 (adj 0): stop com.android.chrome
10-30 20:18:45.282   600   707 D ActivityManager: cleanUpApplicationRecord -- 2078
10-30 20:18:45.282   600   707 W ActivityManager: Scheduling restart of crashed service com.android.chrome/org.chromium.content.app.PrivilegedProcessService0 in 1000ms
10-30 20:18:45.285   600   707 I ActivityManager: Killing 2012:com.android.chrome/u0a35 (adj 0): stop com.android.chrome
10-30 20:18:45.285   600   707 D ActivityManager: cleanUpApplicationRecord -- 2012
10-30 20:18:45.294   600   707 I ActivityManager: Killing 2049:com.android.chrome:sandboxed_process0/u0a35i831 (adj 0): isolated not needed
10-30 20:18:45.298   600   707 W ActivityManager: Force removing ActivityRecord{da105c8 u0 com.android.chrome/com.google.android.apps.chrome.Main t1831}: app died, no saved state
10-30 20:18:45.305   600   707 I ActivityManager: Killing 2474:com.android.chrome:sandboxed_process17/u0a35i848 (adj 0): isolated not needed
10-30 20:18:45.316 17571 17571 I MemoryTrimmer: Trimming objects from memory, since app is in the background.
10-30 20:18:45.318  2765  2765 D AndroidRuntime: Shutting down VM
10-30 20:18:45.325   600 13558 D ConnectivityService: ConnectivityService NetworkRequestInfo binderDied(NetworkRequest [ LISTEN id=1144, [ Capabilities: INTERNET&NOT_RESTRICTED&TRUSTED&FOREGROUND] ], android.os.BinderProxy@c2a1ff)
10-30 20:18:45.325   600 13558 D ConnectivityService: ConnectivityService NetworkRequestInfo binderDied(NetworkRequest [ LISTEN id=1141, [ Capabilities: INTERNET&NOT_RESTRICTED&TRUSTED&FOREGROUND] ], android.os.BinderProxy@a74dbcc)
10-30 20:18:45.325   600 13631 D ConnectivityService: ConnectivityService NetworkRequestInfo binderDied(NetworkRequest [ LISTEN id=1142, [ Capabilities: INTERNET&NOT_RESTRICTED&TRUSTED&FOREGROUND] ], android.os.BinderProxy@a81ee15)
10-30 20:18:45.325   600 13631 D ConnectivityService: ConnectivityService NetworkRequestInfo binderDied(NetworkRequest [ LISTEN id=1143, [ Capabilities: INTERNET&NOT_RESTRICTED&TRUSTED&FOREGROUND] ], android.os.BinderProxy@91af52a)
10-30 20:18:45.325   600 13558 D GraphicsStats: Buffer count: 2
10-30 20:18:45.327   600   649 E ConnectivityService: RemoteException caught trying to send a callback msg for NetworkRequest [ LISTEN id=1144, [ Capabilities: INTERNET&NOT_RESTRICTED&TRUSTED&FOREGROUND] ]
10-30 20:18:45.327   600   649 E ConnectivityService: RemoteException caught trying to send a callback msg for NetworkRequest [ LISTEN id=1141, [ Capabilities: INTERNET&NOT_RESTRICTED&TRUSTED&FOREGROUND] ]
10-30 20:18:45.327   600   649 E ConnectivityService: RemoteException caught trying to send a callback msg for NetworkRequest [ LISTEN id=1142, [ Capabilities: INTERNET&NOT_RESTRICTED&TRUSTED&FOREGROUND] ]
10-30 20:18:45.327   600   649 E ConnectivityService: RemoteException caught trying to send a callback msg for NetworkRequest [ LISTEN id=1143, [ Capabilities: INTERNET&NOT_RESTRICTED&TRUSTED&FOREGROUND] ]
10-30 20:18:45.340  1084  1171 I OpenGLRenderer: Initialized EGL, version 1.4
10-30 20:18:45.340  1084  1171 D OpenGLRenderer: Swap behavior 2
10-30 20:18:45.380  1061  1061 D RegisteredNfcFServicesCache: Service unchanged, not updating
10-30 20:18:45.445 17571 17582 I AttachedClient: Adding client event 2 to pending list.
10-30 20:18:45.455 17571 17571 I OptInState: There is a new client and it does not support opt-in. Dropping request.
10-30 20:18:45.458 17571 17571 I MicroDetectionWorker: Micro detection mode: [mDetectionMode: [1]].
10-30 20:18:45.473 17571  2778 I MicroRecognitionRunner: Starting detection.
