10-30 13:39:28.214 17694 17694 D MonkeyStub: translateCommand: touch move 614 937
10-30 13:39:28.324 17694 17694 D MonkeyStub: translateCommand: touch move 614 812
10-30 13:39:28.430 17694 17694 D MonkeyStub: translateCommand: touch move 614 687
10-30 13:39:28.539 17694 17694 D MonkeyStub: translateCommand: touch move 614 562
10-30 13:39:28.646 17694 17694 D MonkeyStub: translateCommand: touch move 614 437
10-30 13:39:28.756 17694 17694 D MonkeyStub: translateCommand: touch move 614 312
10-30 13:39:28.761 17694 17694 D MonkeyStub: translateCommand: touch up 614 312
10-30 13:39:29.007 17117 17117 I cr_tabmodel: Appending tabs being restored to metadata lists, 0, startingNormalCount: 2, startingIncognitoCount: 0
10-30 13:39:29.007 17117 17117 I cr_tabmodel: Serializing tab lists; counts: 2, 0
10-30 13:39:30.313   600 27731 I ActivityManager: Start proc 17902:com.android.chrome:sandboxed_process31/u0i41 for service com.android.chrome/org.chromium.content.app.SandboxedProcessService31
10-30 13:39:30.354 17902 17902 W boxed_process31: type=1400 audit(0.0:6778): avc: denied { getattr } for path="/data/data/com.android.chrome" dev="dm-2" ino=12190 scontext=u:r:isolated_app:s0:c512,c768 tcontext=u:object_r:app_data_file:s0:c512,c768 tclass=dir permissive=0
10-30 13:39:30.377 17902 17902 I cr_ChildProcessService: Creating new ChildProcessService pid=17902
10-30 13:39:30.414 17902 17915 I cr_LibraryLoader: Loaded native library version number "85.0.4183.127"
10-30 13:39:30.414 17902 17915 I cr_CachingUmaRecorder: Flushed 1 samples from 1 histograms.
10-30 13:39:30.424 17915 17915 W CrUtilityMain: type=1400 audit(0.0:6779): avc: denied { setattr } for name="manifest.json" dev="dm-2" ino=22802 scontext=u:r:isolated_app:s0:c512,c768 tcontext=u:object_r:app_data_file:s0:c512,c768 tclass=file permissive=0
10-30 13:39:30.427 17915 17915 W CrUtilityMain: type=1400 audit(0.0:6780): avc: denied { setattr } for name="verified_contents.json" dev="dm-2" ino=22774 scontext=u:r:isolated_app:s0:c512,c768 tcontext=u:object_r:app_data_file:s0:c512,c768 tclass=file permissive=0
10-30 13:39:30.436 17902 17915 I chromium: [INFO:child_process_service.cc(69)] ChildProcessService: Exiting child process.
10-30 13:39:30.437   197   197 E lowmemorykiller: Error writing /proc/17902/oom_score_adj; errno=22
10-30 13:39:30.452   600  2707 I ActivityManager: Process com.android.chrome:sandboxed_process31 (pid 17902) has died
10-30 13:39:30.452   600  2707 D ActivityManager: cleanUpApplicationRecord -- 17902
10-30 13:39:30.459 17117 17117 W chromium: [WARNING:compositor_view.cc(315)] Child process died (type=6) pid=17902)
10-30 13:39:33.878 17694 17694 D MonkeyStub: Quit requested
10-30 13:39:33.942 17694 17694 I art     : System.exit called, status: 82
10-30 13:39:33.943 17694 17694 I AndroidRuntime: VM exiting with result code 82.
10-30 13:39:33.953   600   614 I CwMcuSensor: CwMcuSensor::flush: fd = 239, sensors_id = 0, path = /sys/class/htc_sensorhub/sensor_hub/flush, err = 0
10-30 13:39:33.977   600  1076 W WindowManager: Attempted to remove non-existing token: android.os.Binder@b9c834e
10-30 13:39:36.218   787   787 W GCM     : broadcast intent callback: result=CANCELLED forIntent { act=com.google.android.c2dm.intent.RECEIVE pkg=com.opera.browser (has extras) }
10-30 13:39:42.433 16382 16430 I Icing   : IndexChimeraService.getServiceInterface callingPackage=com.android.chrome componentName=null serviceId=36
10-30 13:39:42.467 16382 16423 W Icing   : No valid account for uploading user actions
10-30 13:39:42.508 16382 16430 I Icing   : IndexChimeraService.getServiceInterface callingPackage=com.google.android.gms componentName=null serviceId=30
10-30 13:39:42.511   600   647 I WifiHAL : Got channel list with 13 channels
10-30 13:39:42.512   600   647 I WifiHAL : Got channel list with 4 channels
10-30 13:39:42.514   600   647 I WifiHAL : Got channel list with 15 channels
10-30 13:39:42.576 16382 16423 I Icing   : Usage reports ok 4, Failed Usage reports 0, indexed 0, rejected 0
10-30 13:39:42.579 16382 16423 W Icing   : No valid account for uploading user actions
10-30 13:39:42.589 16382 16423 I Icing   : Usage reports ok 0, Failed Usage reports 0, indexed 0, rejected 0
10-30 13:39:42.592 16382 16423 I Icing   : Indexing com.android.chrome-omnibox from com.android.chrome
10-30 13:39:42.633 16382 16423 I Icing   : Indexing done com.android.chrome-omnibox
10-30 13:39:43.643   787 28589 W Icing   : isOptedInForAppHistory: empty Account Name encountered
10-30 13:39:43.672   787 14305 W Icing   : isOptedInForAppHistory: empty Account Name encountered
10-30 13:39:43.737   787   804 I art     : Background partial concurrent mark sweep GC freed 79703(4MB) AllocSpace objects, 10(600KB) LOS objects, 40% free, 11MB/19MB, paused 708us total 109.345ms
10-30 13:39:50.119 17938 17938 D AndroidRuntime: >>>>>> START com.android.internal.os.RuntimeInit uid 2000 <<<<<<
10-30 13:39:50.122 17938 17938 D AndroidRuntime: CheckJNI is OFF
10-30 13:39:50.189 17938 17938 D ICU     : No timezone override file found: /data/misc/zoneinfo/current/icu/icu_tzdata.dat
10-30 13:39:50.218 17938 17938 I Radio-JNI: register_android_hardware_Radio DONE
10-30 13:39:50.233 17938 17938 D AndroidRuntime: Calling main entry com.android.commands.am.Am
10-30 13:39:50.250   600  1076 I ActivityManager: Force stopping com.android.chrome appid=10035 user=0: from pid 17938
10-30 13:39:50.250   600  1076 I ActivityManager: Killing 17180:com.android.chrome:privileged_process0/u0a35 (adj 0): stop com.android.chrome
10-30 13:39:50.250   600  1076 D ActivityManager: cleanUpApplicationRecord -- 17180
10-30 13:39:50.250   600  1076 W ActivityManager: Scheduling restart of crashed service com.android.chrome/org.chromium.content.app.PrivilegedProcessService0 in 1000ms
10-30 13:39:50.252   600  1076 I ActivityManager: Killing 17117:com.android.chrome/u0a35 (adj 0): stop com.android.chrome
10-30 13:39:50.252   600  1076 D ActivityManager: cleanUpApplicationRecord -- 17117
10-30 13:39:50.254   600  1076 W ActivityManager: Force removing ActivityRecord{9e6e9bd u0 com.android.chrome/com.google.android.apps.chrome.Main t1715}: app died, no saved state
10-30 13:39:50.258 16251 16251 I MemoryTrimmer: Trimming objects from memory, since app is in the background.
10-30 13:39:50.261 17638 17638 I cr_ChildProcessService: Destroying ChildProcessService pid=17638
10-30 13:39:50.265   600  1076 I ActivityManager: Killing 17638:com.android.chrome:sandboxed_process21/u0a35i31 (adj 0): isolated not needed
10-30 13:39:50.266   600  1076 I ActivityManager: Killing 17152:com.android.chrome:sandboxed_process0/u0a35i10 (adj 0): isolated not needed
10-30 13:39:50.286 17938 17938 D AndroidRuntime: Shutting down VM
10-30 13:39:50.308  1084  1171 I OpenGLRenderer: Initialized EGL, version 1.4
10-30 13:39:50.308  1084  1171 D OpenGLRenderer: Swap behavior 2
10-30 13:39:50.346  1061  1061 D RegisteredNfcFServicesCache: Service unchanged, not updating
10-30 13:39:50.403 16251 16262 I AttachedClient: Adding client event 2 to pending list.
10-30 13:39:50.407   600 13558 D ActivityManager: cleanUpApplicationRecord -- 17152
10-30 13:39:50.423 16251 16251 I OptInState: There is a new client and it does not support opt-in. Dropping request.
10-30 13:39:50.428 16251 16251 I MicroDetectionWorker: Micro detection mode: [mDetectionMode: [1]].
10-30 13:39:50.436 16251 17954 I MicroRecognitionRunner: Starting detection.
10-30 13:39:50.437 16251 16283 I MicrophoneInputStream: mic_starting com.google.android.apps.gsa.speech.audio.ae@277daf9
10-30 13:39:50.456   238   285 I SoundTriggerHwService::Module: void android::SoundTriggerHwService::Module::onCallbackEvent(const sp<android::SoundTriggerHwService::CallbackEvent> &) mClient == 0
10-30 13:39:50.461   238 17957 I AudioFlinger: AudioFlinger's thread 0xef692d00 ready to run
10-30 13:39:50.466 16251 16283 I MicrophoneInputStream: mic_started com.google.android.apps.gsa.speech.audio.ae@277daf9
10-30 13:39:50.503   600  1081 D ActivityManager: cleanUpApplicationRecord -- 17638
10-30 13:39:50.514   600  3507 D ConnectivityService: ConnectivityService NetworkRequestInfo binderDied(NetworkRequest [ LISTEN id=958, [ Capabilities: INTERNET&NOT_RESTRICTED&TRUSTED&FOREGROUND] ], android.os.BinderProxy@33b7985)
10-30 13:39:50.515   600  3507 D ConnectivityService: ConnectivityService NetworkRequestInfo binderDied(NetworkRequest [ LISTEN id=955, [ Capabilities: INTERNET&NOT_RESTRICTED&TRUSTED&FOREGROUND] ], android.os.BinderProxy@13773da)
10-30 13:39:50.515   600  3507 D ConnectivityService: ConnectivityService NetworkRequestInfo binderDied(NetworkRequest [ LISTEN id=956, [ Capabilities: INTERNET&NOT_RESTRICTED&TRUSTED&FOREGROUND] ], android.os.BinderProxy@e84f00b)
10-30 13:39:50.515   600  3507 D GraphicsStats: Buffer count: 2
10-30 13:39:50.515   600  3507 D ConnectivityService: ConnectivityService NetworkRequestInfo binderDied(NetworkRequest [ LISTEN id=957, [ Capabilities: INTERNET&NOT_RESTRICTED&TRUSTED&FOREGROUND] ], android.os.BinderProxy@33fbee8)
10-30 13:39:50.516   600   649 E ConnectivityService: RemoteException caught trying to send a callback msg for NetworkRequest [ LISTEN id=958, [ Capabilities: INTERNET&NOT_RESTRICTED&TRUSTED&FOREGROUND] ]
10-30 13:39:50.517   600   649 E ConnectivityService: RemoteException caught trying to send a callback msg for NetworkRequest [ LISTEN id=955, [ Capabilities: INTERNET&NOT_RESTRICTED&TRUSTED&FOREGROUND] ]
10-30 13:39:50.517   600   649 E ConnectivityService: RemoteException caught trying to send a callback msg for NetworkRequest [ LISTEN id=956, [ Capabilities: INTERNET&NOT_RESTRICTED&TRUSTED&FOREGROUND] ]
10-30 13:39:50.518   600   649 E ConnectivityService: RemoteException caught trying to send a callback msg for NetworkRequest [ LISTEN id=957, [ Capabilities: INTERNET&NOT_RESTRICTED&TRUSTED&FOREGROUND] ]
10-30 13:39:50.643 16251 16251 I MicroDetectionWorker: onReady
10-30 13:39:50.794 17952 17952 D AndroidRuntime: >>>>>> START com.android.internal.os.RuntimeInit uid 2000 <<<<<<
10-30 13:39:50.798 17952 17952 D AndroidRuntime: CheckJNI is OFF
10-30 13:39:50.859  1084  1171 W OpenGLRenderer: Incorrectly called buildLayer on View: ShortcutAndWidgetContainer, destroying layer...
10-30 13:39:50.867 17952 17952 D ICU     : No timezone override file found: /data/misc/zoneinfo/current/icu/icu_tzdata.dat
10-30 13:39:50.896 17952 17952 I Radio-JNI: register_android_hardware_Radio DONE
10-30 13:39:50.911 17952 17952 D AndroidRuntime: Calling main entry com.android.commands.pm.Pm
10-30 13:39:50.925   600  2707 I ActivityManager: Force stopping com.android.chrome appid=10035 user=0: clear data
10-30 13:39:50.926   600   613 I ActivityManager: Force stopping com.android.chrome appid=10035 user=-1: clearApplicationUserData
10-30 13:39:50.975   787   787 I GeofencerStateMachine: removeGeofences: removeRequest=RemoveGeofencingRequest[REMOVE_ALL packageName=com.android.chrome]
10-30 13:39:50.978 17952 17952 I art     : System.exit called, status: 0
10-30 13:39:50.978 17952 17952 I AndroidRuntime: VM exiting with result code 0.
10-30 13:39:50.984  1061  1061 D RegisteredNfcFServicesCache: Service unchanged, not updating
10-30 13:39:51.007   600   612 W ResourceType: No known package when getting value for resource number 0x7f080316
10-30 13:39:51.010   600   612 W ResourceType: No known package when getting value for resource number 0x7f130448
10-30 13:39:51.011   600   612 W ResourceType: No known package when getting value for resource number 0x7f080315
10-30 13:39:51.011   600   612 W ResourceType: No known package when getting value for resource number 0x7f130123
10-30 13:39:51.011   600   612 W ResourceType: No known package when getting value for resource number 0x7f130447
10-30 13:39:51.011   600   612 W ResourceType: No known package when getting value for resource number 0x7f1302e4
10-30 13:39:51.011   600   612 E ShortcutService: Ignoring excessive intent tag.
10-30 13:39:51.011   787 17971 I Fitness : FitCleanupIntentOperation received Intent android.intent.action.PACKAGE_DATA_CLEARED [CONTEXT service_id=17 ]
10-30 13:39:51.027 16382 16423 I Icing   : doRemovePackageData com.android.chrome
10-30 13:39:51.027 16382 16423 I Icing   : Removing corpus key com.android.chrome-.implicit: for package com.android.chrome
10-30 13:39:51.079 16382 16423 I native  : flash-index.cc:1519 Flash index sort hb 65 prefix-hits 123 -> 108 at 5.421ms
10-30 13:39:51.110 16382 16423 I Icing   : Removing corpus key com.android.chrome-omnibox for package com.android.chrome
10-30 13:39:51.166 16382 16423 I Icing   : Starting compaction min disk 99.927% min index 99.992%
10-30 13:39:51.294 16382 16423 I native  : document-store.cc:1654 Scored 1785 usage reports, missing_corpora 945 update_failed 1
10-30 13:39:51.329 16382 16423 W native  : words-map.cc:30 INVALID_ARGUMENT: Empty URI
10-30 13:39:51.329 16382 16423 W native  : words-map.cc:34 WordsMap was not properly initialized
10-30 13:39:51.421 16382 16423 E native  : compactor.cc:67 Could not index embedding for docid 1: INTERNAL: Unable to find Thing Proto section 
10-30 13:39:51.421 16382 16423 E native  : compactor.cc:67 Could not index embedding for docid 3: INTERNAL: Unable to find Thing Proto section 
10-30 13:39:51.422 16382 16423 E native  : compactor.cc:67 Could not index embedding for docid 5: INTERNAL: Unable to find Thing Proto section 
10-30 13:39:51.422 16382 16423 E native  : compactor.cc:67 Could not index embedding for docid 7: INTERNAL: Unable to find Thing Proto section 
10-30 13:39:51.428 16382 16423 E native  : compactor.cc:67 Could not index embedding for docid 8: INTERNAL: Unable to find Thing Proto section 
10-30 13:39:51.428 16382 16423 E native  : compactor.cc:67 Could not index embedding for docid 10: INTERNAL: Unable to find Thing Proto section 
10-30 13:39:51.429 16382 16423 E native  : compactor.cc:67 Could not index embedding for docid 11: INTERNAL: Unable to find Thing Proto section 
10-30 13:39:51.429 16382 16423 E native  : compactor.cc:67 Could not index embedding for docid 13: INTERNAL: Unable to find Thing Proto section 
10-30 13:39:51.429 16382 16423 E native  : compactor.cc:67 Could not index embedding for docid 14: INTERNAL: Unable to find Thing Proto section 
10-30 13:39:51.436 16382 16423 E native  : compactor.cc:67 Could not index embedding for docid 17: INTERNAL: Unable to find Thing Proto section 
10-30 13:39:51.437 16382 16423 E native  : compactor.cc:67 Could not index embedding for docid 18: INTERNAL: Unable to find Thing Proto section 
10-30 13:39:51.437 16382 16423 E native  : compactor.cc:67 Could not index embedding for docid 21: INTERNAL: Unable to find Thing Proto section 
10-30 13:39:51.438 16382 16423 E native  : compactor.cc:67 Could not index embedding for docid 22: INTERNAL: Unable to find Thing Proto section 
10-30 13:39:51.444 16382 16423 E native  : compactor.cc:67 Could not index embedding for docid 26: INTERNAL: Unable to find Thing Proto section 
10-30 13:39:51.444 16382 16423 E native  : compactor.cc:67 Could not index embedding for docid 27: INTERNAL: Unable to find Thing Proto section 
10-30 13:39:51.506 16382 16423 I native  : flash-index.cc:1519 Flash index sort hb 34 prefix-hits 54 -> 54 at 42.481ms
10-30 13:39:51.537 16382 16423 W native  : words-map.cc:30 INVALID_ARGUMENT: Empty URI
10-30 13:39:51.537 16382 16423 W native  : words-map.cc:34 WordsMap was not properly initialized
10-30 13:39:51.616 16382 16423 I Icing   : updateResources: need to parse acol{com.android.chrome}
10-30 13:39:51.617 16382 16423 W System  : ClassLoader referenced unknown path: 
10-30 13:39:51.618 16382 16423 D ApplicationLoaders: ignored Vulkan layer search path /data/app/com.android.chrome-1/lib/arm64:/data/app/com.android.chrome-1/base.apk!/lib/arm64-v8a:/data/app/com.android.chrome-1/split_config.en.apk!/lib/arm64-v8a:/data/app/com.android.chrome-1/split_extra_icu.apk!/lib/arm64-v8a for namespace 0x7f9ac4d0f0
10-30 13:39:51.685 16382 16423 I Icing   : Indexing com.android.chrome-omnibox from com.android.chrome
10-30 13:39:51.696   600  2707 I ActivityManager: Start proc 17983:com.android.chrome/u0a35 for content provider com.android.chrome/com.google.android.apps.chrome.icing.IcingProvider
10-30 13:39:51.769 16382 16423 I Icing   : Indexing done com.android.chrome-omnibox
