--------- beginning of main
10-30 20:17:09.438  2002  2002 D AndroidRuntime: >>>>>> START com.android.internal.os.RuntimeInit uid 2000 <<<<<<
10-30 20:17:09.442  2002  2002 D AndroidRuntime: CheckJNI is OFF
10-30 20:17:09.507  2002  2002 D ICU     : No timezone override file found: /data/misc/zoneinfo/current/icu/icu_tzdata.dat
10-30 20:17:09.536  2002  2002 I Radio-JNI: register_android_hardware_Radio DONE
10-30 20:17:09.551  2002  2002 D AndroidRuntime: Calling main entry com.android.commands.am.Am
--------- beginning of system
10-30 20:17:09.568   600  3675 I ActivityManager: Force stopping com.android.chrome appid=10035 user=0: from pid 2002
10-30 20:17:09.568   600  3675 I ActivityManager: Killing 963:com.android.chrome/u0a35 (adj 902): stop com.android.chrome
10-30 20:17:09.568   600  3675 D ActivityManager: cleanUpApplicationRecord -- 963
10-30 20:17:09.580  1061  1061 D RegisteredNfcFServicesCache: Service unchanged, not updating
10-30 20:17:09.826   600 16391 I ActivityManager: START u0 {act=android.intent.action.VIEW flg=0x10008000 cmp=com.android.chrome/com.google.android.apps.chrome.Main} from uid 2000 on display 0
10-30 20:17:09.864  2002  2002 D AndroidRuntime: Shutting down VM
10-30 20:17:09.890   600  2707 I ActivityManager: Start proc 2012:com.android.chrome/u0a35 for activity com.android.chrome/com.google.android.apps.chrome.Main
10-30 20:17:10.122   600  1082 I ActivityManager: START u0 {cmp=com.android.chrome/org.chromium.chrome.browser.firstrun.TabbedModeFirstRunActivity (has extras)} from uid 10035 on display 0
10-30 20:17:10.169   600   609 W art     : Suspending all threads took: 6.016ms
10-30 20:17:10.190   600   609 I art     : Background sticky concurrent mark sweep GC freed 114956(5MB) AllocSpace objects, 22(504KB) LOS objects, 29% free, 16MB/23MB, paused 7.259ms total 72.085ms
10-30 20:17:10.197  2012  2030 W DynamiteModule: Local module descriptor class for com.google.android.gms.googlecertificates not found.
10-30 20:17:10.352  2012  2030 I DynamiteModule: Considering local module com.google.android.gms.googlecertificates:0 and remote module com.google.android.gms.googlecertificates:6
10-30 20:17:10.352  2012  2033 I OpenGLRenderer: Initialized EGL, version 1.4
10-30 20:17:10.353  2012  2033 D OpenGLRenderer: Swap behavior 2
10-30 20:17:10.354  2012  2030 I DynamiteModule: Selected remote version of com.google.android.gms.googlecertificates, version >= 6
10-30 20:17:10.357  2012  2032 I cr_LibraryLoader: Loaded native library version number "85.0.4183.127"
10-30 20:17:10.361  2012  2032 I cr_CachingUmaRecorder: Flushed 10 samples from 10 histograms.
10-30 20:17:10.388  2012  2030 W System  : ClassLoader referenced unknown path: 
10-30 20:17:10.389  2012  2030 D ApplicationLoaders: ignored Vulkan layer search path /data/app/com.google.android.gms-1/lib/arm:/data/app/com.google.android.gms-1/base.apk!/lib/armeabi-v7a:/data/app/com.google.android.gms-1/split_config.en.apk!/lib/armeabi-v7a for namespace 0xf4a47090
10-30 20:17:10.391  2012  2030 W ResourceType: ResTable_typeSpec entry count inconsistent: given 67, previously 69
10-30 20:17:10.391  2012  2030 W ResourceType: ResTable_typeSpec entry count inconsistent: given 5346, previously 5347
10-30 20:17:10.424  2012  2030 I DynamiteLoaderV2Impl: [70] Googlecertificates
10-30 20:17:10.447  2012  2030 W System  : ClassLoader referenced unknown path: /data/user_de/0/com.google.android.gms/app_chimera/m/00000061/n/armeabi-v7a
10-30 20:17:10.448  2012  2030 W System  : ClassLoader referenced unknown path: /data/user_de/0/com.google.android.gms/app_chimera/m/00000061/n/armeabi
10-30 20:17:10.506   600   620 W WindowManager: Failed looking up window
10-30 20:17:10.506   600   620 W WindowManager: java.lang.IllegalArgumentException: Requested window android.view.ViewRootImpl$W@c4420db does not exist
10-30 20:17:10.506   600   620 W WindowManager: 	at com.android.server.wm.WindowManagerService.windowForClientLocked(WindowManagerService.java:9422)
10-30 20:17:10.506   600   620 W WindowManager: 	at com.android.server.wm.WindowManagerService.windowForClientLocked(WindowManagerService.java:9413)
10-30 20:17:10.506   600   620 W WindowManager: 	at com.android.server.wm.WindowManagerService.removeWindow(WindowManagerService.java:2393)
10-30 20:17:10.506   600   620 W WindowManager: 	at com.android.server.wm.Session.remove(Session.java:202)
10-30 20:17:10.506   600   620 W WindowManager: 	at android.view.ViewRootImpl.dispatchDetachedFromWindow(ViewRootImpl.java:3290)
10-30 20:17:10.506   600   620 W WindowManager: 	at android.view.ViewRootImpl.doDie(ViewRootImpl.java:5917)
10-30 20:17:10.506   600   620 W WindowManager: 	at android.view.ViewRootImpl$ViewRootHandler.handleMessage(ViewRootImpl.java:3626)
10-30 20:17:10.506   600   620 W WindowManager: 	at android.os.Handler.dispatchMessage(Handler.java:102)
10-30 20:17:10.506   600   620 W WindowManager: 	at android.os.Looper.loop(Looper.java:154)
10-30 20:17:10.506   600   620 W WindowManager: 	at android.os.HandlerThread.run(HandlerThread.java:61)
10-30 20:17:10.506   600   620 W WindowManager: 	at com.android.server.ServiceThread.run(ServiceThread.java:46)
10-30 20:17:10.510   600   620 I ActivityManager: Displayed com.android.chrome/org.chromium.chrome.browser.firstrun.TabbedModeFirstRunActivity: +323ms (total +654ms)
10-30 20:17:10.541   787   806 I FontLog : Received query Google Sans, URI content://com.google.android.gms.fonts [CONTEXT service_id=132 ]
10-30 20:17:10.543   787   806 I FontLog : Query [Google Sans] resolved to {Google Sans, wdth 100.0, wght 400, ital 0.0, bestEffort false} [CONTEXT service_id=132 ]
10-30 20:17:10.555   787   806 I FontLog : Font PFD returned from cache for {Google Sans, wdth 100.0, wght 400, ital 0.0, bestEffort false} [CONTEXT service_id=132 ]
10-30 20:17:10.556   787   806 I FontLog : Fetch {Google Sans, wdth 100.0, wght 400, ital 0.0, bestEffort false} end status Status{statusCode=SUCCESS, resolution=null} [CONTEXT service_id=132 ]
10-30 20:17:10.599   787   805 I FontLog : Pulling font file for id = 1096, cache size = 8 [CONTEXT service_id=132 ]
10-30 20:17:10.649   787  1716 I FontLog : Received query Google Sans:500, URI content://com.google.android.gms.fonts [CONTEXT service_id=132 ]
10-30 20:17:10.651   787  1716 I FontLog : Query [Google Sans:500] resolved to {Google Sans, wdth 100.0, wght 500, ital 0.0, bestEffort false} [CONTEXT service_id=132 ]
10-30 20:17:10.661   787  1259 E apju    : Phenotype API error. Event # cdub@27933583, EventCode: 7 [CONTEXT service_id=51 ]
10-30 20:17:10.661   787  1259 E apju    : apiz: 29505: No config packages for log source, or config package not registered
10-30 20:17:10.661   787  1259 E apju    : 	at apkj.b(:com.google.android.gms@203915020@20.39.15 (040406-335085812):7)
10-30 20:17:10.661   787  1259 E apju    : 	at apkg.b(:com.google.android.gms@203915020@20.39.15 (040406-335085812):2)
10-30 20:17:10.661   787  1259 E apju    : 	at apju.a(:com.google.android.gms@203915020@20.39.15 (040406-335085812):85)
10-30 20:17:10.661   787  1259 E apju    : 	at apju.a(:com.google.android.gms@203915020@20.39.15 (040406-335085812):80)
10-30 20:17:10.661   787  1259 E apju    : 	at aain.run(:com.google.android.gms@203915020@20.39.15 (040406-335085812):7)
10-30 20:17:10.661   787  1259 E apju    : 	at boex.run(:com.google.android.gms@203915020@20.39.15 (040406-335085812):2)
10-30 20:17:10.661   787  1259 E apju    : 	at sup.b(:com.google.android.gms@203915020@20.39.15 (040406-335085812):12)
10-30 20:17:10.661   787  1259 E apju    : 	at sup.run(:com.google.android.gms@203915020@20.39.15 (040406-335085812):7)
10-30 20:17:10.661   787  1259 E apju    : 	at java.util.concurrent.ThreadPoolExecutor.runWorker(ThreadPoolExecutor.java:1133)
10-30 20:17:10.661   787  1259 E apju    : 	at java.util.concurrent.ThreadPoolExecutor$Worker.run(ThreadPoolExecutor.java:607)
10-30 20:17:10.661   787  1259 E apju    : 	at tam.run(:com.google.android.gms@203915020@20.39.15 (040406-335085812):0)
10-30 20:17:10.661   787  1259 E apju    : 	at java.lang.Thread.run(Thread.java:761)
10-30 20:17:10.673   787  1259 E AsyncOperation: serviceID=51, operation=GetExperimentTokensOperationCall [CONTEXT service_id=259 ]
10-30 20:17:10.673   787  1259 E AsyncOperation: OperationException[Status{statusCode=No config packages for log source, or config package not registered, resolution=null}]
10-30 20:17:10.673   787  1259 E AsyncOperation: 	at apju.a(:com.google.android.gms@203915020@20.39.15 (040406-335085812):87)
10-30 20:17:10.673   787  1259 E AsyncOperation: 	at apju.a(:com.google.android.gms@203915020@20.39.15 (040406-335085812):80)
10-30 20:17:10.673   787  1259 E AsyncOperation: 	at aain.run(:com.google.android.gms@203915020@20.39.15 (040406-335085812):7)
10-30 20:17:10.673   787  1259 E AsyncOperation: 	at boex.run(:com.google.android.gms@203915020@20.39.15 (040406-335085812):2)
10-30 20:17:10.673   787  1259 E AsyncOperation: 	at sup.b(:com.google.android.gms@203915020@20.39.15 (040406-335085812):12)
10-30 20:17:10.673   787  1259 E AsyncOperation: 	at sup.run(:com.google.android.gms@203915020@20.39.15 (040406-335085812):7)
10-30 20:17:10.673   787  1259 E AsyncOperation: 	at java.util.concurrent.ThreadPoolExecutor.runWorker(ThreadPoolExecutor.java:1133)
10-30 20:17:10.673   787  1259 E AsyncOperation: 	at java.util.concurrent.ThreadPoolExecutor$Worker.run(ThreadPoolExecutor.java:607)
10-30 20:17:10.673   787  1259 E AsyncOperation: 	at tam.run(:com.google.android.gms@203915020@20.39.15 (040406-335085812):0)
10-30 20:17:10.673   787  1259 E AsyncOperation: 	at java.lang.Thread.run(Thread.java:761)
10-30 20:17:10.676  2012  2030 D NetworkSecurityConfig: Using Network Security Config from resource 0_resource_name_obfuscated debugBuild: false
10-30 20:17:10.733   787  1716 I FontLog : Font PFD returned from cache for {Google Sans, wdth 100.0, wght 500, ital 0.0, bestEffort false} [CONTEXT service_id=132 ]
10-30 20:17:10.734   787  1716 I FontLog : Fetch {Google Sans, wdth 100.0, wght 500, ital 0.0, bestEffort false} end status Status{statusCode=SUCCESS, resolution=null} [CONTEXT service_id=132 ]
10-30 20:17:10.744   787   804 I art     : Background partial concurrent mark sweep GC freed 99649(6MB) AllocSpace objects, 5(128KB) LOS objects, 40% free, 11MB/19MB, paused 1.439ms total 116.992ms
10-30 20:17:10.760 17571 17571 I MemoryTrimmer: Trimming objects from memory, since app is in the background.
10-30 20:17:10.769   787   802 W SQLiteConnectionPool: A SQLiteConnection object for database '/data/user/0/com.google.android.gms/databases/metadata.db' was leaked!  Please fix your application to end transactions in progress properly and to close the database when it is no longer needed.
10-30 20:17:10.775 17571 19750 W SearchService: Abort, client detached.
10-30 20:17:10.789  1084  1084 I MemoryTrimmer: Trimming objects from memory, since app is in the background.
10-30 20:17:10.790 17571  1903 I DeviceStateChecker: DeviceStateChecker cancelled
10-30 20:17:10.792 17571 17571 I MicroDetector: Keeping mic open: false
10-30 20:17:10.793 17571 17601 I AudioController: internalShutdown
10-30 20:17:10.793 17571 17601 I MicrophoneInputStream: mic_close com.google.android.apps.gsa.speech.audio.ae@ec7e4ce
10-30 20:17:10.794 17571 17643 I MicroRecognitionRunner: Stopping hotword detection.
10-30 20:17:10.819   238   285 I SoundTriggerHwService::Module: void android::SoundTriggerHwService::Module::onCallbackEvent(const sp<android::SoundTriggerHwService::CallbackEvent> &) mClient == 0
10-30 20:17:10.825 17571  1904 I MicroRecognitionRunner: Detection finished
10-30 20:17:10.835 17571 17571 I MemoryTrimmer: Trimming objects from memory, since app is in the background.
10-30 20:17:10.974  2012  2030 I cr_VariationsSeedFetch: Fetched first run seed in 299 ms
10-30 20:17:11.006   600  3509 I ActivityManager: Start proc 2049:com.android.chrome:sandboxed_process0/u0i831 for service com.android.chrome/org.chromium.content.app.SandboxedProcessService0
10-30 20:17:11.047   787  1174 I FontLog : Pulling font file for id = 1097, cache size = 7 [CONTEXT service_id=132 ]
10-30 20:17:11.049   787  1259 W GmsStrictMode: LEAKED_CLOSABLE [CONTEXT service_id=256 ]
10-30 20:17:11.049   787  1259 W GmsStrictMode: rvo: LEAKED_CLOSABLE
10-30 20:17:11.049   787  1259 W GmsStrictMode: 	at dalvik.system.VMStack.getThreadStackTrace(Native Method)
10-30 20:17:11.049   787  1259 W GmsStrictMode: 	at java.lang.Thread.getStackTrace(Thread.java:1566)
10-30 20:17:11.049   787  1259 W GmsStrictMode: 	at bhdb.containsKey(:com.google.android.gms@203915020@20.39.15 (040406-335085812):1)
10-30 20:17:11.049   787  1259 W GmsStrictMode: 	at android.os.StrictMode.onVmPolicyViolation(StrictMode.java:1867)
10-30 20:17:11.049   787  1259 W GmsStrictMode: 	at android.os.StrictMode.onVmPolicyViolation(StrictMode.java:1844)
10-30 20:17:11.049   787  1259 W GmsStrictMode: 	at android.os.StrictMode$AndroidCloseGuardReporter.report(StrictMode.java:1590)
10-30 20:17:11.049   787  1259 W GmsStrictMode: 	at dalvik.system.CloseGuard.warnIfOpen(CloseGuard.java:208)
10-30 20:17:11.049   787  1259 W GmsStrictMode: 	at android.database.sqlite.SQLiteConnection.dispose(SQLiteConnection.java:231)
10-30 20:17:11.049   787  1259 W GmsStrictMode: 	at android.database.sqlite.SQLiteConnection.finalize(SQLiteConnection.java:180)
10-30 20:17:11.049   787  1259 W GmsStrictMode: 	at java.lang.Daemons$FinalizerDaemon.doFinalize(Daemons.java:222)
10-30 20:17:11.049   787  1259 W GmsStrictMode: 	at java.lang.Daemons$FinalizerDaemon.run(Daemons.java:209)
10-30 20:17:11.049   787  1259 W GmsStrictMode: 	at java.lang.Thread.run(Thread.java:761)
10-30 20:17:11.072  2049  2049 W dboxed_process0: type=1400 audit(0.0:8373): avc: denied { getattr } for path="/data/data/com.android.chrome" dev="dm-2" ino=12190 scontext=u:r:isolated_app:s0:c512,c768 tcontext=u:object_r:app_data_file:s0:c512,c768 tclass=dir permissive=0
10-30 20:17:11.106  2049  2049 I cr_ChildProcessService: Creating new ChildProcessService pid=2049
10-30 20:17:11.306   600 29683 I ActivityManager: Start proc 2078:com.android.chrome:privileged_process0/u0a35 for service com.android.chrome/org.chromium.content.app.PrivilegedProcessService0
10-30 20:17:11.404  2078  2078 I cr_ChildProcessService: Creating new ChildProcessService pid=2078
10-30 20:17:11.407  2012  2035 W ConnectionStatusConfig: Dynamic lookup for intent failed for action: com.google.android.gms.auth.key.retrieval.service.START
10-30 20:17:11.411  2012  2035 W ConnectionStatusConfig: Dynamic lookup for intent failed for action: com.google.android.gms.auth.key.retrieval.service.START
10-30 20:17:11.415   600 29683 W ActivityManager: Unable to start service Intent { act=com.google.android.gms.auth.key.retrieval.service.START pkg=com.google.android.gms } U=0: not found
10-30 20:17:11.424   600 24611 W ActivityManager: Unbind failed: could not find connection for android.os.BinderProxy@db9e68b
10-30 20:17:11.427  2012  2035 E GmsClient: unable to connect to service: com.google.android.gms.auth.key.retrieval.service.START on com.google.android.gms
10-30 20:17:11.457  2078  2093 I cr_LibraryLoader: Loaded native library version number "85.0.4183.127"
10-30 20:17:11.458  2078  2093 I cr_CachingUmaRecorder: Flushed 1 samples from 1 histograms.
10-30 20:17:11.494  2078  2093 E libEGL  : validate_display:99 error 3008 (EGL_BAD_DISPLAY)
10-30 20:17:11.508  2012  2012 W cr_KnoxSettingsProvider: Permission to read device policy denied.
10-30 20:17:20.899 17571 17571 I MemoryTrimmer: Trimming objects from memory, since app is in the background.
10-30 20:17:23.197  2126  2126 D AndroidRuntime: >>>>>> START com.android.internal.os.RuntimeInit uid 2000 <<<<<<
10-30 20:17:23.200  2126  2126 D AndroidRuntime: CheckJNI is OFF
10-30 20:17:23.264  2126  2126 D ICU     : No timezone override file found: /data/misc/zoneinfo/current/icu/icu_tzdata.dat
10-30 20:17:23.296  2126  2126 I Radio-JNI: register_android_hardware_Radio DONE
10-30 20:17:23.311  2126  2126 D AndroidRuntime: Calling main entry com.android.commands.monkey.Monkey
10-30 20:17:23.378   600   613 W BroadcastQueue: Skipping deliver [background] BroadcastRecord{b028eae u-1 android.net.conn.CONNECTIVITY_CHANGE} to ReceiverList{23f44f 2126 (unknown name)/2000/u-1 remote:7cfd0b0}: process crashing
10-30 20:17:24.957  2126  2126 D MonkeyStub: translateCommand: wake
10-30 20:17:25.082  2126  2126 D MonkeyStub: translateCommand: tap 398 1198
10-30 20:17:27.159  2126  2126 D MonkeyStub: translateCommand: tap 720 1506
10-30 20:17:27.309 29332 29453 I PeopleChimeraService: onService. callbacks = aaik@4e2d399, request = com.google.android.gms.common.internal.GetServiceRequest@262e65e
10-30 20:17:27.315 29332 30220 I PeopleChimeraService: onService. callbacks = aaik@7d1f0c, request = com.google.android.gms.common.internal.GetServiceRequest@4041055
10-30 20:17:29.206  2126  2126 D MonkeyStub: translateCommand: tap 355 1480
10-30 20:17:29.230  2126  2126 D MonkeyStub: Quit requested
10-30 20:17:29.250   600  3507 I ActivityManager: START u0 {act=android.intent.action.VIEW flg=0x10008000 cmp=com.android.chrome/com.google.android.apps.chrome.Main (has extras)} from uid 10035 on display 0
10-30 20:17:29.280  2126  2126 I art     : System.exit called, status: 6
10-30 20:17:29.280  2126  2126 I AndroidRuntime: VM exiting with result code 6.
10-30 20:17:29.283   600   614 I CwMcuSensor: CwMcuSensor::flush: fd = 252, sensors_id = 0, path = /sys/class/htc_sensorhub/sensor_hub/flush, err = 0
10-30 20:17:29.333   600   600 E AccessibilityManagerService: Error during sending EventType: TYPE_WINDOW_STATE_CHANGED; EventTime: 91296678; PackageName: com.android.chrome; MovementGranularity: 0; Action: 0 [ ClassName: android.widget.FrameLayout; Text: []; ContentDescription: null; ItemCount: -1; CurrentItemIndex: -1; IsEnabled: true; IsPassword: false; IsChecked: false; IsFullScreen: false; Scrollable: false; BeforeText: null; FromIndex: -1; ToIndex: -1; ScrollX: -1; ScrollY: -1; MaxScrollX: -1; MaxScrollY: -1; AddedCount: -1; RemovedCount: -1; ParcelableData: null ]; recordCount: 0 to android.accessibilityservice.IAccessibilityServiceClient$Stub$Proxy@68570f8
10-30 20:17:29.333   600   600 E AccessibilityManagerService: android.os.DeadObjectException
10-30 20:17:29.333   600   600 E AccessibilityManagerService: 	at android.os.BinderProxy.transactNative(Native Method)
10-30 20:17:29.333   600   600 E AccessibilityManagerService: 	at android.os.BinderProxy.transact(Binder.java:615)
10-30 20:17:29.333   600   600 E AccessibilityManagerService: 	at android.accessibilityservice.IAccessibilityServiceClient$Stub$Proxy.onAccessibilityEvent(IAccessibilityServiceClient.java:191)
10-30 20:17:29.333   600   600 E AccessibilityManagerService: 	at com.android.server.accessibility.AccessibilityManagerService$Service.notifyAccessibilityEventInternal(AccessibilityManagerService.java:3245)
10-30 20:17:29.333   600   600 E AccessibilityManagerService: 	at com.android.server.accessibility.AccessibilityManagerService$Service.-wrap0(AccessibilityManagerService.java)
10-30 20:17:29.333   600   600 E AccessibilityManagerService: 	at com.android.server.accessibility.AccessibilityManagerService$Service$1.handleMessage(AccessibilityManagerService.java:2260)
10-30 20:17:29.333   600   600 E AccessibilityManagerService: 	at android.os.Handler.dispatchMessage(Handler.java:102)
10-30 20:17:29.333   600   600 E AccessibilityManagerService: 	at android.os.Looper.loop(Looper.java:154)
10-30 20:17:29.333   600   600 E AccessibilityManagerService: 	at com.android.server.SystemServer.run(SystemServer.java:349)
10-30 20:17:29.333   600   600 E AccessibilityManagerService: 	at com.android.server.SystemServer.main(SystemServer.java:219)
10-30 20:17:29.333   600   600 E AccessibilityManagerService: 	at java.lang.reflect.Method.invoke(Native Method)
10-30 20:17:29.333   600   600 E AccessibilityManagerService: 	at com.android.internal.os.ZygoteInit$MethodAndArgsCaller.run(ZygoteInit.java:886)
10-30 20:17:29.333   600   600 E AccessibilityManagerService: 	at com.android.internal.os.ZygoteInit.main(ZygoteInit.java:776)
10-30 20:17:29.334   600   707 W WindowManager: Attempted to remove non-existing token: android.os.Binder@7d947dc
10-30 20:17:29.451  2012  2012 E cr_CompositorSurfaceMgr: Transitioning to surface with format : -1
10-30 20:17:29.489   600   609 I art     : Background partial concurrent mark sweep GC freed 16657(863KB) AllocSpace objects, 3(60KB) LOS objects, 33% free, 16MB/24MB, paused 2.308ms total 160.803ms
10-30 20:17:29.540  2012  2067 W cr_tabmodel: Starting to perform legacy migration.
10-30 20:17:29.542  2012  2067 W cr_tabmodel: Finished performing legacy migration.
10-30 20:17:29.542  2012  2067 W cr_tabmodel: Starting to perform multi-instance migration.
10-30 20:17:29.542  2012  2067 W cr_tabmodel: Finished performing multi-instance migration.
10-30 20:17:29.542  2012  2067 I cr_tabmodel: Starting to fetch tab list for tab_state0
10-30 20:17:29.542  2012  2067 I cr_tabmodel: State file does not exist.
10-30 20:17:29.542  2012  2067 I cr_tabmodel: Starting to fetch tab list for tab_state1
10-30 20:17:29.542  2012  2067 I cr_tabmodel: State file does not exist.
10-30 20:17:29.591  2012  2067 I cr_ADCP : No customization source found
10-30 20:17:29.669   600   620 I ActivityManager: Displayed com.android.chrome/com.google.android.apps.chrome.Main: +373ms
10-30 20:17:29.689   600   610 E BatteryStatsService: power: Missing API
10-30 20:17:29.702   796   796 E PhoneInterfaceManager: [PhoneIntfMgr] queryModemActivityInfo: Empty response
10-30 20:17:29.703   600   610 E BatteryStatsService: no controller energy info supplied
10-30 20:17:29.710  2012  2033 D OpenGLRenderer: endAllActiveAnimators on 0xd2aeb900 (InsetDrawable) with handle 0xd3ca83c0
10-30 20:17:29.718  2012  2012 E cr_CompositorSurfaceMgr: Transitioning to surface with format : -1
10-30 20:17:29.722  2012  2012 E cr_CompositorSurfaceMgr: surfaceCreated format : 0
10-30 20:17:29.725   600   610 E BatteryStatsService: modem info is invalid: ModemActivityInfo{ mTimestamp=0 mSleepTimeMs=0 mIdleTimeMs=0 mTxTimeMs[]=[0, 0, 0, 0, 0] mRxTimeMs=0 mEnergyUsed=0}
10-30 20:17:29.735  2012  2012 I cr_ContextualSearch: Tap suppression enabled: false
10-30 20:17:29.739  2012  2012 I cr_ChromeTabbedActivity: #initializeState
10-30 20:17:29.739  2012  2012 I cr_CipherFactory: #restoreFromBundle, no savedInstanceState.
10-30 20:17:29.739  2012  2012 I cr_tabmodel: #loadState, ignoreIncognitoFiles? true
10-30 20:17:29.873  2012  2012 I SchedulerApiWrapper: Create SchedulerApiMainThreadWrapper
10-30 20:17:29.889  2012  2012 I FeedSessionManagerImpl: FeedSessionManagerImpl has been created
10-30 20:17:29.891  2012  2012 I FeedAppLifecycleLstnr: onEnterForeground called
10-30 20:17:29.891  2012  2012 I FeedSessionManagerImpl: onLifecycleEvent foreground
10-30 20:17:29.893  2012  2012 I FeedSessionManagerImpl: Lazy initialization triggered, getUpdateConsumer
10-30 20:17:29.894  2012  2012 I FeedRequestManagerImpl: trigger refresh 2
10-30 20:17:29.894  2012  2012 I TaskQueue:  - task [HEAD_INVALIDATE - d: true, b: 0]: 26
10-30 20:17:29.897  2012  2069 I TaskQueue: Execute task [IMMEDIATE - d: true, b: 0]: 30
10-30 20:17:29.907  2012  2069 W SessionCache: Persisted Sessions were not found
10-30 20:17:29.907  2012  2069 I HeadSessionImpl: Initialize HEAD 0 items
10-30 20:17:29.908  2012  2069 I TaskQueue:  - task [BACKGROUND - d: true, b: 1]: 11
10-30 20:17:29.908  2012  2069 I TimingUtils: Task Timing  10ms, thread JardinExecutor | task : Initialization
10-30 20:17:29.908  2012  2069 I TaskQueue:  - Finished 30, time 14 ms
10-30 20:17:29.908  2012  2069 I TaskQueue: Execute task [HEAD_INVALIDATE - d: true, b: 1]: 26
10-30 20:17:29.909  2012  2069 I TimingUtils: Task Timing   0ms, thread JardinExecutor | task : getAllDismissLocalActions | size : 0
10-30 20:17:29.909  2012  2069 I TimingUtils: Task Timing   0ms, thread JardinExecutor | task : getSemanticProperties | size : 0
10-30 20:17:29.909  2012  2069 I MainThreadRunner: Running task [Check Tooltips] on the Main Thread
10-30 20:17:29.909  2012  2069 I TaskQueue:  * Starting starvation checks
10-30 20:17:29.909  2012  2069 I MainThreadRunner: Running task [starvationChecks] on the Main Thread with a delay of 6000 milliseconds
10-30 20:17:29.910  2012  2069 I TaskQueue:  - Finished 26, time 1 ms
10-30 20:17:30.005  2012  2012 I PlayCore: UID: [10035]  PID: [2012] SplitInstallService : deferredInstall([image_editor])
10-30 20:17:30.018  2012  2159 I PlayCore: UID: [10035]  PID: [2012] SplitInstallService : Initiate binding to the service.
10-30 20:17:30.021   600 24611 W ActivityManager: Unable to start service Intent { act=com.google.android.play.core.splitinstall.BIND_SPLIT_INSTALL_SERVICE pkg=com.android.vending } U=0: not found
10-30 20:17:30.033  2012  2022 I art     : Background partial concurrent mark sweep GC freed 3757(302KB) AllocSpace objects, 7(688KB) LOS objects, 40% free, 7MB/13MB, paused 4.346ms total 107.436ms
10-30 20:17:30.119  2012  2159 I PlayCore: UID: [10035]  PID: [2012] SplitInstallService : Failed to bind to the service.
10-30 20:17:30.143  2012  2012 I FeedAppLifecycleLstnr: initialize called
10-30 20:17:30.143  2012  2012 I FeedSessionManagerImpl: onLifecycleEvent initialize
10-30 20:17:30.143  2012  2012 W FeedSessionManagerImpl: FeedSessionManagerImpl has previously been initialized
10-30 20:17:30.197  2012  2012 I ViewConfigCompat: Could not find method getScaledScrollFactor() on ViewConfiguration
10-30 20:17:30.204  2012  2012 I BasicStream: Setting 2 header views, currently have 0 headers
10-30 20:17:30.208  2012  2012 I BasicStream: Setting 2 header views, currently have 2 headers
10-30 20:17:30.268   600   619 D BluetoothManagerService: Message: 20
10-30 20:17:30.268   600   619 D BluetoothManagerService: Added callback: android.bluetooth.IBluetoothManagerCallback$Stub$Proxy@3c6c87d:true
10-30 20:17:30.287  2049  2062 I cr_LibraryLoader: Loaded native library version number "85.0.4183.127"
10-30 20:17:30.288  2049  2062 I cr_CachingUmaRecorder: Flushed 1 samples from 1 histograms.
10-30 20:17:30.313  2012  2012 E cr_IntentUtils: getBooleanExtra failed on intent null
10-30 20:17:30.347  2012  2012 I TimeoutSessionImpl: Using TimeoutSessionImpl
10-30 20:17:30.347  2012  2012 I FeedSessionManagerImpl: shouldSessionRequestData; hasContent(false), contentCreationTime(0), outstandingRequest(true)
10-30 20:17:30.348  2012  2012 I FeedSessionManagerImpl: shouldSessionRequestDataResult: NO_REQUEST_WITH_WAIT, shouldMakeRequest(false), withTimeout(false), withAppend(false)
10-30 20:17:30.348  2012  2012 I TaskQueue:  - task [USER_FACING - d: true, b: 1]: 24
10-30 20:17:30.349  2012  2012 I MainThreadRunner: Running task [BasicStream onShow] on the Main Thread with a delay of 500 milliseconds
10-30 20:17:30.402   600   707 I ActivityManager: Start proc 2169:com.android.chrome:sandboxed_process1/u0i832 for service com.android.chrome/org.chromium.content.app.SandboxedProcessService1
10-30 20:17:30.472   600  3675 I ActivityManager: Start proc 2176:com.android.chrome:sandboxed_process2/u0i833 for service com.android.chrome/org.chromium.content.app.SandboxedProcessService2
10-30 20:17:30.510   600   713 I ActivityManager: Start proc 2188:com.android.chrome:sandboxed_process3/u0i834 for service com.android.chrome/org.chromium.content.app.SandboxedProcessService3
10-30 20:17:30.552  2012  2012 I Choreographer: Skipped 53 frames!  The application may be doing too much work on its main thread.
10-30 20:17:30.587   600  3509 I ActivityManager: Start proc 2202:com.android.chrome:sandboxed_process4/u0i835 for service com.android.chrome/org.chromium.content.app.SandboxedProcessService4
10-30 20:17:30.661   600  1076 I ActivityManager: Start proc 2221:com.android.chrome:sandboxed_process5/u0i836 for service com.android.chrome/org.chromium.content.app.SandboxedProcessService5
10-30 20:17:30.699   600 29683 I ActivityManager: Start proc 2230:com.android.chrome:sandboxed_process6/u0i837 for service com.android.chrome/org.chromium.content.app.SandboxedProcessService6
10-30 20:17:30.712  2169  2169 W dboxed_process1: type=1400 audit(0.0:8374): avc: denied { getattr } for path="/data/data/com.android.chrome" dev="dm-2" ino=12190 scontext=u:r:isolated_app:s0:c512,c768 tcontext=u:object_r:app_data_file:s0:c512,c768 tclass=dir permissive=0
10-30 20:17:30.768   600  2707 I ActivityManager: Start proc 2247:com.android.chrome:sandboxed_process7/u0i838 for service com.android.chrome/org.chromium.content.app.SandboxedProcessService7
10-30 20:17:30.786  2176  2176 W dboxed_process2: type=1400 audit(0.0:8375): avc: denied { getattr } for path="/data/data/com.android.chrome" dev="dm-2" ino=12190 scontext=u:r:isolated_app:s0:c512,c768 tcontext=u:object_r:app_data_file:s0:c512,c768 tclass=dir permissive=0
10-30 20:17:30.848   600  3509 I ActivityManager: Start proc 2256:com.android.chrome:sandboxed_process8/u0i839 for service com.android.chrome/org.chromium.content.app.SandboxedProcessService8
10-30 20:17:30.876  2188  2188 W dboxed_process3: type=1400 audit(0.0:8376): avc: denied { getattr } for path="/data/data/com.android.chrome" dev="dm-2" ino=12190 scontext=u:r:isolated_app:s0:c512,c768 tcontext=u:object_r:app_data_file:s0:c512,c768 tclass=dir permissive=0
10-30 20:17:30.923  2169  2169 I cr_ChildProcessService: Creating new ChildProcessService pid=2169
10-30 20:17:30.933  2012  2022 I art     : Background sticky concurrent mark sweep GC freed 43940(2MB) AllocSpace objects, 57(1160KB) LOS objects, 23% free, 10MB/13MB, paused 14.924ms total 252.414ms
10-30 20:17:30.959  2202  2202 W dboxed_process4: type=1400 audit(0.0:8377): avc: denied { getattr } for path="/data/data/com.android.chrome" dev="dm-2" ino=12190 scontext=u:r:isolated_app:s0:c512,c768 tcontext=u:object_r:app_data_file:s0:c512,c768 tclass=dir permissive=0
10-30 20:17:30.970  2012  2012 I cr_tabmodel: Appending tabs being restored to metadata lists, 0, startingNormalCount: 1, startingIncognitoCount: 0
10-30 20:17:30.970  2012  2012 I cr_tabmodel: Serializing tab lists; counts: 1, 0
10-30 20:17:31.001  2176  2176 I cr_ChildProcessService: Creating new ChildProcessService pid=2176
10-30 20:17:31.036  2230  2230 W dboxed_process6: type=1400 audit(0.0:8378): avc: denied { getattr } for path="/data/data/com.android.chrome" dev="dm-2" ino=12190 scontext=u:r:isolated_app:s0:c512,c768 tcontext=u:object_r:app_data_file:s0:c512,c768 tclass=dir permissive=0
10-30 20:17:31.047  2012  2012 I TaskQueue:  - task [IMMEDIATE - d: true, b: 2]: 27
10-30 20:17:31.048  2012  2012 I TaskQueue:  - queueTask starting immediate task
10-30 20:17:31.052  2221  2221 W dboxed_process5: type=1400 audit(0.0:8379): avc: denied { getattr } for path="/data/data/com.android.chrome" dev="dm-2" ino=12190 scontext=u:r:isolated_app:s0:c512,c768 tcontext=u:object_r:app_data_file:s0:c512,c768 tclass=dir permissive=0
10-30 20:17:31.072  2188  2188 I cr_ChildProcessService: Creating new ChildProcessService pid=2188
10-30 20:17:31.096  2012  2012 I Choreographer: Skipped 31 frames!  The application may be doing too much work on its main thread.
10-30 20:17:31.109   600  1079 I ActivityManager: Start proc 2284:com.android.chrome:sandboxed_process9/u0i840 for service com.android.chrome/org.chromium.content.app.SandboxedProcessService9
10-30 20:17:31.159  2247  2247 W dboxed_process7: type=1400 audit(0.0:8380): avc: denied { getattr } for path="/data/data/com.android.chrome" dev="dm-2" ino=12190 scontext=u:r:isolated_app:s0:c512,c768 tcontext=u:object_r:app_data_file:s0:c512,c768 tclass=dir permissive=0
10-30 20:17:31.172  2256  2256 W dboxed_process8: type=1400 audit(0.0:8381): avc: denied { getattr } for path="/data/data/com.android.chrome" dev="dm-2" ino=12190 scontext=u:r:isolated_app:s0:c512,c768 tcontext=u:object_r:app_data_file:s0:c512,c768 tclass=dir permissive=0
10-30 20:17:31.179  2202  2202 I cr_ChildProcessService: Creating new ChildProcessService pid=2202
10-30 20:17:31.228  2221  2221 I cr_ChildProcessService: Creating new ChildProcessService pid=2221
10-30 20:17:31.228  2169  2272 I cr_LibraryLoader: Loaded native library version number "85.0.4183.127"
10-30 20:17:31.229  2169  2272 I cr_CachingUmaRecorder: Flushed 1 samples from 1 histograms.
10-30 20:17:31.248  2012  2069 I TaskQueue: Execute task [IMMEDIATE - d: true, b: 2]: 27
10-30 20:17:31.265  2012  2069 I FeedRequestManagerImpl: Consistency Token: # hU2@7bca4
10-30 20:17:31.311  2176  2282 I cr_LibraryLoader: Loaded native library version number "85.0.4183.127"
10-30 20:17:31.311  2176  2282 I cr_CachingUmaRecorder: Flushed 1 samples from 1 histograms.
10-30 20:17:31.342  2012  2069 I FeedRequestManagerImpl: Capability: FEED_UI
10-30 20:17:31.342  2012  2069 I FeedRequestManagerImpl: Capability: UNDOABLE_ACTIONS
10-30 20:17:31.342  2012  2069 I FeedRequestManagerImpl: Capability: MANAGE_INTERESTS
10-30 20:17:31.342  2012  2069 I FeedRequestManagerImpl: Capability: SEND_FEEDBACK
10-30 20:17:31.343  2012  2069 I FeedRequestManagerImpl: Capability: ARTICLE_SNIPPETS
10-30 20:17:31.343  2012  2069 I FeedRequestManagerImpl: Capability: CLICK_ACTION
10-30 20:17:31.343  2012  2069 I FeedRequestManagerImpl: Capability: VIEW_ACTION
10-30 20:17:31.343  2012  2069 I FeedRequestManagerImpl: Capability: REPORT_FEED_USER_ACTIONS_NOTICE_CARD
10-30 20:17:31.343  2012  2069 I FeedRequestManagerImpl: Capability: BASE_UI
10-30 20:17:31.343  2230  2230 I cr_ChildProcessService: Creating new ChildProcessService pid=2230
10-30 20:17:31.364  2012  2069 I FeedRequestManagerImpl: Making Request: /httpservice/noretry/DiscoverClankService/FeedQuery
10-30 20:17:31.364  2012  2069 I MainThreadRunner: Running task [NetworkClientWrapper send] on the Main Thread
10-30 20:17:31.364  2012  2069 I TaskQueue:  - Finished 27, time 117 ms
10-30 20:17:31.394  2247  2247 I cr_ChildProcessService: Creating new ChildProcessService pid=2247
10-30 20:17:31.436  2012  2069 W cr_CrashFileManager: /data/user/0/com.android.chrome/cache/Crash Reports does not exist or is not a directory
10-30 20:17:31.436  2012  2069 W cr_CrashFileManager: /data/user/0/com.android.chrome/cache/Crash Reports does not exist or is not a directory
10-30 20:17:31.436  2012  2069 W cr_CrashFileManager: /data/user/0/com.android.chrome/cache/Crash Reports does not exist or is not a directory
10-30 20:17:31.471  2012  2048 I cr_BindingManager: Moderate binding enabled: maxSize=40
10-30 20:17:31.495  2188  2283 I cr_LibraryLoader: Loaded native library version number "85.0.4183.127"
10-30 20:17:31.496  2188  2283 I cr_CachingUmaRecorder: Flushed 1 samples from 1 histograms.
10-30 20:17:31.497  2256  2256 I cr_ChildProcessService: Creating new ChildProcessService pid=2256
10-30 20:17:31.503  2169  2272 I chromium: [INFO:child_process_service.cc(69)] ChildProcessService: Exiting child process.
10-30 20:17:31.519  2012  2069 I cr_FileUtils: Writing to /data/user/0/com.android.chrome/app_dex/webapk7.dex
10-30 20:17:31.556  2284  2284 W dboxed_process9: type=1400 audit(0.0:8382): avc: denied { getattr } for path="/data/data/com.android.chrome" dev="dm-2" ino=12190 scontext=u:r:isolated_app:s0:c512,c768 tcontext=u:object_r:app_data_file:s0:c512,c768 tclass=dir permissive=0
10-30 20:17:31.626  2221  2298 I cr_LibraryLoader: Loaded native library version number "85.0.4183.127"
10-30 20:17:31.626  2221  2298 I cr_CachingUmaRecorder: Flushed 1 samples from 1 histograms.
10-30 20:17:31.643  2202  2291 I cr_LibraryLoader: Loaded native library version number "85.0.4183.127"
10-30 20:17:31.644  2202  2291 I cr_CachingUmaRecorder: Flushed 1 samples from 1 histograms.
10-30 20:17:31.668   600  3675 I ActivityManager: Killing 2176:com.android.chrome:sandboxed_process2/u0a35i833 (adj 0): isolated not needed
10-30 20:17:31.668   600  3675 I ActivityManager: Killing 2169:com.android.chrome:sandboxed_process1/u0a35i832 (adj 0): isolated not needed
10-30 20:17:31.712  2230  2303 I cr_LibraryLoader: Loaded native library version number "85.0.4183.127"
10-30 20:17:31.713  2230  2303 I cr_CachingUmaRecorder: Flushed 1 samples from 1 histograms.
10-30 20:17:31.750  2247  2307 I cr_LibraryLoader: Loaded native library version number "85.0.4183.127"
10-30 20:17:31.751  2247  2307 I cr_CachingUmaRecorder: Flushed 1 samples from 1 histograms.
10-30 20:17:31.766  2256  2309 I cr_LibraryLoader: Loaded native library version number "85.0.4183.127"
10-30 20:17:31.777  2221  2298 I chromium: [INFO:child_process_service.cc(69)] ChildProcessService: Exiting child process.
10-30 20:17:31.791  2256  2309 I cr_CachingUmaRecorder: Flushed 1 samples from 1 histograms.
10-30 20:17:31.800  2202  2291 I chromium: [INFO:child_process_service.cc(69)] ChildProcessService: Exiting child process.
10-30 20:17:31.811   600 24611 I ActivityManager: Process com.android.chrome:sandboxed_process5 (pid 2221) has died
10-30 20:17:31.811   600 24611 D ActivityManager: cleanUpApplicationRecord -- 2221
10-30 20:17:31.811   600 24611 W ActivityManager: Scheduling restart of crashed service com.android.chrome/org.chromium.content.app.SandboxedProcessService5 in 1000ms
10-30 20:17:31.816   600 24611 E JavaBinder: !!! FAILED BINDER TRANSACTION !!!  (parcel size = 76)
10-30 20:17:31.825  2012  2012 W chromium: [WARNING:compositor_view.cc(315)] Child process died (type=6) pid=2221)
10-30 20:17:31.853   600  7064 I ActivityManager: Start proc 2326:com.android.chrome:sandboxed_process10/u0i841 for service com.android.chrome/org.chromium.content.app.SandboxedProcessService10
10-30 20:17:31.853   600  1076 I ActivityManager: Killing 2188:com.android.chrome:sandboxed_process3/u0a35i834 (adj 0): isolated not needed
10-30 20:17:31.855   600   611 I ActivityManager: Process com.android.chrome:sandboxed_process4 (pid 2202) has died
10-30 20:17:31.855   600   611 D ActivityManager: cleanUpApplicationRecord -- 2202
10-30 20:17:31.855   600   611 W ActivityManager: Scheduling restart of crashed service com.android.chrome/org.chromium.content.app.SandboxedProcessService4 in 10956ms
10-30 20:17:31.869  2012  2048 I cr_BindingManager: onTrimMemory: level=15, size=0
10-30 20:17:31.879  2284  2284 I cr_ChildProcessService: Creating new ChildProcessService pid=2284
10-30 20:17:31.927  2247  2307 I chromium: [INFO:child_process_service.cc(69)] ChildProcessService: Exiting child process.
10-30 20:17:31.955  2313  2313 I dex2oat : /system/bin/dex2oat --dex-file=/data/user/0/com.android.chrome/app_dex/webapk7.dex --oat-fd=211 --oat-location=/data/user/0/com.android.chrome/app_dex/oat/arm/webapk7.dex --compiler-filter=speed
10-30 20:17:31.965  2256  2309 I chromium: [INFO:child_process_service.cc(69)] ChildProcessService: Exiting child process.
10-30 20:17:31.967  2157  2157 D AndroidRuntime: >>>>>> START com.android.internal.os.RuntimeInit uid 2000 <<<<<<
10-30 20:17:31.971  2012  2022 I art     : Background partial concurrent mark sweep GC freed 80946(4MB) AllocSpace objects, 26(528KB) LOS objects, 40% free, 10MB/17MB, paused 7.432ms total 488.945ms
10-30 20:17:31.985  2157  2157 D AndroidRuntime: CheckJNI is OFF
10-30 20:17:32.056  2012  2012 W chromium: [WARNING:compositor_view.cc(315)] Child process died (type=6) pid=2202)
10-30 20:17:32.059  2012  2012 W chromium: [WARNING:compositor_view.cc(315)] Child process died (type=6) pid=2247)
10-30 20:17:32.064  2230  2303 I chromium: [INFO:child_process_service.cc(69)] ChildProcessService: Exiting child process.
10-30 20:17:32.067   600   713 I ActivityManager: Process com.android.chrome:sandboxed_process7 (pid 2247) has died
10-30 20:17:32.067   600   713 D ActivityManager: cleanUpApplicationRecord -- 2247
10-30 20:17:32.067   600   713 W ActivityManager: Scheduling restart of crashed service com.android.chrome/org.chromium.content.app.SandboxedProcessService7 in 1000ms
10-30 20:17:32.078  2012  2012 W chromium: [WARNING:compositor_view.cc(315)] Child process died (type=6) pid=2256)
10-30 20:17:32.078  2012  2012 W chromium: [WARNING:compositor_view.cc(315)] Child process died (type=6) pid=2176)
10-30 20:17:32.091   600 17381 D ActivityManager: cleanUpApplicationRecord -- 2176
10-30 20:17:32.091   600   610 I ActivityManager: Process com.android.chrome:sandboxed_process8 (pid 2256) has died
10-30 20:17:32.091   600   610 D ActivityManager: cleanUpApplicationRecord -- 2256
10-30 20:17:32.091   600   610 W ActivityManager: Scheduling restart of crashed service com.android.chrome/org.chromium.content.app.SandboxedProcessService8 in 10976ms
10-30 20:17:32.117   600  3994 I ActivityManager: Process com.android.chrome:sandboxed_process6 (pid 2230) has died
10-30 20:17:32.117   600  3994 D ActivityManager: cleanUpApplicationRecord -- 2230
10-30 20:17:32.117   600  3994 W ActivityManager: Scheduling restart of crashed service com.android.chrome/org.chromium.content.app.SandboxedProcessService6 in 20949ms
10-30 20:17:32.142  2012  2012 W chromium: [WARNING:compositor_view.cc(315)] Child process died (type=6) pid=2230)
10-30 20:17:32.143   600 29683 I ActivityManager: Start proc 2349:com.android.chrome:sandboxed_process11/u0i842 for service com.android.chrome/org.chromium.content.app.SandboxedProcessService11
10-30 20:17:32.165 29332 29902 I Icing   : IndexChimeraService.getServiceInterface callingPackage=com.android.chrome componentName=null serviceId=36
10-30 20:17:32.208 29332 29926 I Icing   : IndexChimeraService.getServiceInterface callingPackage=com.android.chrome componentName=null serviceId=36
10-30 20:17:32.222   600  3994 I ActivityManager: Start proc 2355:com.android.chrome:sandboxed_process12/u0i843 for service com.android.chrome/org.chromium.content.app.SandboxedProcessService12
10-30 20:17:32.269  2326  2326 W boxed_process10: type=1400 audit(0.0:8383): avc: denied { getattr } for path="/data/data/com.android.chrome" dev="dm-2" ino=12190 scontext=u:r:isolated_app:s0:c512,c768 tcontext=u:object_r:app_data_file:s0:c512,c768 tclass=dir permissive=0
10-30 20:17:32.275   600  1080 I ActivityManager: Start proc 2368:com.android.chrome:sandboxed_process13/u0i844 for service com.android.chrome/org.chromium.content.app.SandboxedProcessService13
10-30 20:17:32.296 29332 29343 I art     : Background sticky concurrent mark sweep GC freed 10471(765KB) AllocSpace objects, 12(240KB) LOS objects, 23% free, 6MB/8MB, paused 7.188ms total 77.923ms
10-30 20:17:32.339  2326  2326 I cr_ChildProcessService: Creating new ChildProcessService pid=2326
10-30 20:17:32.354   600  3507 I ActivityManager: Start proc 2389:com.android.chrome:sandboxed_process14/u0i845 for service com.android.chrome/org.chromium.content.app.SandboxedProcessService14
10-30 20:17:32.397  2284  2331 I cr_LibraryLoader: Loaded native library version number "85.0.4183.127"
10-30 20:17:32.398  2284  2331 I cr_CachingUmaRecorder: Flushed 1 samples from 1 histograms.
10-30 20:17:32.459   600  1079 I ActivityManager: Start proc 2402:com.android.chrome:sandboxed_process15/u0i846 for service com.android.chrome/org.chromium.content.app.SandboxedProcessService15
10-30 20:17:32.502  2349  2349 W boxed_process11: type=1400 audit(0.0:8384): avc: denied { getattr } for path="/data/data/com.android.chrome" dev="dm-2" ino=12190 scontext=u:r:isolated_app:s0:c512,c768 tcontext=u:object_r:app_data_file:s0:c512,c768 tclass=dir permissive=0
10-30 20:17:32.506  2368  2368 W boxed_process13: type=1400 audit(0.0:8385): avc: denied { getattr } for path="/data/data/com.android.chrome" dev="dm-2" ino=12190 scontext=u:r:isolated_app:s0:c512,c768 tcontext=u:object_r:app_data_file:s0:c512,c768 tclass=dir permissive=0
10-30 20:17:32.572  2355  2355 W boxed_process12: type=1400 audit(0.0:8386): avc: denied { getattr } for path="/data/data/com.android.chrome" dev="dm-2" ino=12190 scontext=u:r:isolated_app:s0:c512,c768 tcontext=u:object_r:app_data_file:s0:c512,c768 tclass=dir permissive=0
10-30 20:17:32.609  2389  2389 W boxed_process14: type=1400 audit(0.0:8387): avc: denied { getattr } for path="/data/data/com.android.chrome" dev="dm-2" ino=12190 scontext=u:r:isolated_app:s0:c512,c768 tcontext=u:object_r:app_data_file:s0:c512,c768 tclass=dir permissive=0
10-30 20:17:32.658  2326  2388 I cr_LibraryLoader: Loaded native library version number "85.0.4183.127"
10-30 20:17:32.658  2326  2388 I cr_CachingUmaRecorder: Flushed 1 samples from 1 histograms.
10-30 20:17:32.659  2349  2349 I cr_ChildProcessService: Creating new ChildProcessService pid=2349
10-30 20:17:32.663  2368  2368 I cr_ChildProcessService: Creating new ChildProcessService pid=2368
10-30 20:17:32.707   600  1080 I ActivityManager: Start proc 2421:com.android.chrome:sandboxed_process16/u0i847 for service com.android.chrome/org.chromium.content.app.SandboxedProcessService16
10-30 20:17:32.731  2355  2355 I cr_ChildProcessService: Creating new ChildProcessService pid=2355
10-30 20:17:32.746  2402  2402 W boxed_process15: type=1400 audit(0.0:8388): avc: denied { getattr } for path="/data/data/com.android.chrome" dev="dm-2" ino=12190 scontext=u:r:isolated_app:s0:c512,c768 tcontext=u:object_r:app_data_file:s0:c512,c768 tclass=dir permissive=0
10-30 20:17:32.755  2389  2389 I cr_ChildProcessService: Creating new ChildProcessService pid=2389
10-30 20:17:32.801  2157  2157 D ICU     : No timezone override file found: /data/misc/zoneinfo/current/icu/icu_tzdata.dat
10-30 20:17:32.833  2313  2348 W dex2oat : Compilation of java.lang.String androidx.core.graphics.drawable.IconCompat.toString() took 114.647ms
10-30 20:17:32.840   600  1076 I ActivityManager: Killing 2326:com.android.chrome:sandboxed_process10/u0a35i841 (adj 0): isolated not needed
10-30 20:17:32.841   600  1076 I ActivityManager: Killing 2284:com.android.chrome:sandboxed_process9/u0a35i840 (adj 0): isolated not needed
10-30 20:17:32.851  2313  2313 I dex2oat : dex2oat took 896.826ms (threads: 2) arena alloc=771KB (790272B) java alloc=112KB (115040B) native alloc=559KB (573424B) free=1488KB (1523728B)
10-30 20:17:32.876  2402  2402 I cr_ChildProcessService: Creating new ChildProcessService pid=2402
10-30 20:17:32.922  2421  2421 W boxed_process16: type=1400 audit(0.0:8389): avc: denied { getattr } for path="/data/data/com.android.chrome" dev="dm-2" ino=12190 scontext=u:r:isolated_app:s0:c512,c768 tcontext=u:object_r:app_data_file:s0:c512,c768 tclass=dir permissive=0
10-30 20:17:32.928  2349  2418 I cr_LibraryLoader: Loaded native library version number "85.0.4183.127"
10-30 20:17:32.929  2349  2418 I cr_CachingUmaRecorder: Flushed 1 samples from 1 histograms.
10-30 20:17:32.963  2389  2433 I cr_LibraryLoader: Loaded native library version number "85.0.4183.127"
10-30 20:17:32.963  2389  2433 I cr_CachingUmaRecorder: Flushed 1 samples from 1 histograms.
10-30 20:17:32.966  2368  2419 I cr_LibraryLoader: Loaded native library version number "85.0.4183.127"
10-30 20:17:32.967  2368  2419 I cr_CachingUmaRecorder: Flushed 1 samples from 1 histograms.
10-30 20:17:32.985  2355  2427 I cr_LibraryLoader: Loaded native library version number "85.0.4183.127"
10-30 20:17:32.985  2355  2427 I cr_CachingUmaRecorder: Flushed 1 samples from 1 histograms.
10-30 20:17:33.013  2402  2440 I cr_LibraryLoader: Loaded native library version number "85.0.4183.127"
10-30 20:17:33.013  2402  2440 I cr_CachingUmaRecorder: Flushed 1 samples from 1 histograms.
10-30 20:17:33.014  2421  2421 I cr_ChildProcessService: Creating new ChildProcessService pid=2421
10-30 20:17:33.062  2389  2433 I chromium: [INFO:child_process_service.cc(69)] ChildProcessService: Exiting child process.
10-30 20:17:33.064   197   197 E lowmemorykiller: Error writing /proc/2389/oom_score_adj; errno=22
10-30 20:17:33.069  2157  2157 I Radio-JNI: register_android_hardware_Radio DONE
10-30 20:17:33.101  2349  2349 I cr_ChildProcessService: Destroying ChildProcessService pid=2349
10-30 20:17:33.111  2355  2427 I chromium: [INFO:child_process_service.cc(69)] ChildProcessService: Exiting child process.
10-30 20:17:33.117   197   197 E lowmemorykiller: Error writing /proc/2355/oom_score_adj; errno=22
10-30 20:17:33.140  2157  2157 D AndroidRuntime: Calling main entry com.android.commands.am.Am
10-30 20:17:33.153  2421  2453 I cr_LibraryLoader: Loaded native library version number "85.0.4183.127"
10-30 20:17:33.154  2421  2453 I cr_CachingUmaRecorder: Flushed 1 samples from 1 histograms.
10-30 20:17:33.189   600  1080 I ActivityManager: START u0 {act=android.intent.action.VIEW dat=http://192.168.40.1/... flg=0x10000000 cmp=com.android.chrome/com.google.android.apps.chrome.Main} from uid 2000 on display 0
10-30 20:17:33.213  2157  2157 D AndroidRuntime: Shutting down VM
10-30 20:17:33.225  2421  2421 I cr_ChildProcessService: Destroying ChildProcessService pid=2421
10-30 20:17:33.225  2368  2368 I cr_ChildProcessService: Destroying ChildProcessService pid=2368
10-30 20:17:33.233  2402  2402 I cr_ChildProcessService: Destroying ChildProcessService pid=2402
10-30 20:17:33.242   600  3675 I ActivityManager: Process com.android.chrome:sandboxed_process12 (pid 2355) has died
10-30 20:17:33.242   600  3675 D ActivityManager: cleanUpApplicationRecord -- 2355
10-30 20:17:33.242   600  3675 I ActivityManager: Killing 2421:com.android.chrome:sandboxed_process16/u0a35i847 (adj 0): isolated not needed
10-30 20:17:33.242   600  3675 I ActivityManager: Killing 2402:com.android.chrome:sandboxed_process15/u0a35i846 (adj 0): isolated not needed
10-30 20:17:33.242   600  3675 I ActivityManager: Killing 2368:com.android.chrome:sandboxed_process13/u0a35i844 (adj 0): isolated not needed
10-30 20:17:33.242   600  3675 I ActivityManager: Killing 2389:com.android.chrome:sandboxed_process14/u0a35i845 (adj 0): isolated not needed
10-30 20:17:33.242   600  3675 I ActivityManager: Killing 2349:com.android.chrome:sandboxed_process11/u0a35i842 (adj 0): isolated not needed
10-30 20:17:33.254  2012  2012 E cr_IntentUtils: getInt failed on bundle null
