--------- beginning of main
10-30 10:21:59.601  7762  7762 D AndroidRuntime: >>>>>> START com.android.internal.os.RuntimeInit uid 2000 <<<<<<
10-30 10:21:59.605  7762  7762 D AndroidRuntime: CheckJNI is OFF
10-30 10:21:59.668  7762  7762 D ICU     : No timezone override file found: /data/misc/zoneinfo/current/icu/icu_tzdata.dat
10-30 10:21:59.696  7762  7762 I Radio-JNI: register_android_hardware_Radio DONE
10-30 10:21:59.711  7762  7762 D AndroidRuntime: Calling main entry com.android.commands.am.Am
--------- beginning of system
10-30 10:21:59.729   600 29683 I ActivityManager: Force stopping com.android.chrome appid=10035 user=0: from pid 7762
10-30 10:21:59.729   600 29683 I ActivityManager: Killing 6379:com.android.chrome/u0a35 (adj 906): stop com.android.chrome
10-30 10:21:59.729   600 29683 D ActivityManager: cleanUpApplicationRecord -- 6379
10-30 10:21:59.742  1061  1061 D RegisteredNfcFServicesCache: Service unchanged, not updating
10-30 10:21:59.988   600   707 I ActivityManager: START u0 {act=android.intent.action.VIEW flg=0x10008000 cmp=com.android.chrome/com.google.android.apps.chrome.Main} from uid 2000 on display 0
10-30 10:22:00.039  7762  7762 D AndroidRuntime: Shutting down VM
10-30 10:22:00.050   600   611 I ActivityManager: Start proc 7772:com.android.chrome/u0a35 for activity com.android.chrome/com.google.android.apps.chrome.Main
10-30 10:22:00.217   600  9614 I ActivityManager: START u0 {cmp=com.android.chrome/org.chromium.chrome.browser.firstrun.TabbedModeFirstRunActivity (has extras)} from uid 10035 on display 0
10-30 10:22:00.232  7772  7789 W DynamiteModule: Local module descriptor class for com.google.android.gms.googlecertificates not found.
10-30 10:22:00.277  7772  7789 I DynamiteModule: Considering local module com.google.android.gms.googlecertificates:0 and remote module com.google.android.gms.googlecertificates:6
10-30 10:22:00.277  7772  7789 I DynamiteModule: Selected remote version of com.google.android.gms.googlecertificates, version >= 6
10-30 10:22:00.365  7772  7789 W System  : ClassLoader referenced unknown path: 
10-30 10:22:00.383  7772  7789 D ApplicationLoaders: ignored Vulkan layer search path /data/app/com.google.android.gms-1/lib/arm:/data/app/com.google.android.gms-1/base.apk!/lib/armeabi-v7a:/data/app/com.google.android.gms-1/split_config.en.apk!/lib/armeabi-v7a for namespace 0xf4a47090
10-30 10:22:00.396  7772  7790 I cr_LibraryLoader: Loaded native library version number "85.0.4183.127"
10-30 10:22:00.414  7772  7789 W ResourceType: ResTable_typeSpec entry count inconsistent: given 67, previously 69
10-30 10:22:00.414  7772  7789 W ResourceType: ResTable_typeSpec entry count inconsistent: given 5346, previously 5347
10-30 10:22:00.416  7772  7791 I OpenGLRenderer: Initialized EGL, version 1.4
10-30 10:22:00.416  7772  7791 D OpenGLRenderer: Swap behavior 2
10-30 10:22:00.422  7772  7790 I cr_CachingUmaRecorder: Flushed 10 samples from 10 histograms.
10-30 10:22:00.436  7772  7789 I DynamiteLoaderV2Impl: [70] Googlecertificates
10-30 10:22:00.456  7772  7789 W System  : ClassLoader referenced unknown path: /data/user_de/0/com.google.android.gms/app_chimera/m/00000061/n/armeabi-v7a
10-30 10:22:00.456  7772  7789 W System  : ClassLoader referenced unknown path: /data/user_de/0/com.google.android.gms/app_chimera/m/00000061/n/armeabi
10-30 10:22:00.458   600   609 I art     : Background partial concurrent mark sweep GC freed 55569(2MB) AllocSpace objects, 15(348KB) LOS objects, 33% free, 15MB/23MB, paused 604us total 157.198ms
10-30 10:22:00.610   600   620 W WindowManager: Failed looking up window
10-30 10:22:00.610   600   620 W WindowManager: java.lang.IllegalArgumentException: Requested window android.view.ViewRootImpl$W@6fdcf88 does not exist
10-30 10:22:00.610   600   620 W WindowManager: 	at com.android.server.wm.WindowManagerService.windowForClientLocked(WindowManagerService.java:9422)
10-30 10:22:00.610   600   620 W WindowManager: 	at com.android.server.wm.WindowManagerService.windowForClientLocked(WindowManagerService.java:9413)
10-30 10:22:00.610   600   620 W WindowManager: 	at com.android.server.wm.WindowManagerService.removeWindow(WindowManagerService.java:2393)
10-30 10:22:00.610   600   620 W WindowManager: 	at com.android.server.wm.Session.remove(Session.java:202)
10-30 10:22:00.610   600   620 W WindowManager: 	at android.view.ViewRootImpl.dispatchDetachedFromWindow(ViewRootImpl.java:3290)
10-30 10:22:00.610   600   620 W WindowManager: 	at android.view.ViewRootImpl.doDie(ViewRootImpl.java:5917)
10-30 10:22:00.610   600   620 W WindowManager: 	at android.view.ViewRootImpl$ViewRootHandler.handleMessage(ViewRootImpl.java:3626)
10-30 10:22:00.610   600   620 W WindowManager: 	at android.os.Handler.dispatchMessage(Handler.java:102)
10-30 10:22:00.610   600   620 W WindowManager: 	at android.os.Looper.loop(Looper.java:154)
10-30 10:22:00.610   600   620 W WindowManager: 	at android.os.HandlerThread.run(HandlerThread.java:61)
10-30 10:22:00.610   600   620 W WindowManager: 	at com.android.server.ServiceThread.run(ServiceThread.java:46)
10-30 10:22:00.614   600   620 I ActivityManager: Displayed com.android.chrome/org.chromium.chrome.browser.firstrun.TabbedModeFirstRunActivity: +355ms (total +595ms)
10-30 10:22:00.633   787  1714 I FontLog : Received query Google Sans, URI content://com.google.android.gms.fonts [CONTEXT service_id=132 ]
10-30 10:22:00.633   787  1714 I FontLog : Query [Google Sans] resolved to {Google Sans, wdth 100.0, wght 400, ital 0.0, bestEffort false} [CONTEXT service_id=132 ]
10-30 10:22:00.644   787  1714 I FontLog : Font PFD returned from cache for {Google Sans, wdth 100.0, wght 400, ital 0.0, bestEffort false} [CONTEXT service_id=132 ]
10-30 10:22:00.646   787  1714 I FontLog : Fetch {Google Sans, wdth 100.0, wght 400, ital 0.0, bestEffort false} end status Status{statusCode=SUCCESS, resolution=null} [CONTEXT service_id=132 ]
10-30 10:22:00.655   787 28592 I FontLog : Pulling font file for id = 636, cache size = 5 [CONTEXT service_id=132 ]
10-30 10:22:00.663   787 28596 I FontLog : Received query Google Sans:500, URI content://com.google.android.gms.fonts [CONTEXT service_id=132 ]
10-30 10:22:00.663   787 28596 I FontLog : Query [Google Sans:500] resolved to {Google Sans, wdth 100.0, wght 500, ital 0.0, bestEffort false} [CONTEXT service_id=132 ]
10-30 10:22:00.665   787 28596 I FontLog : Font PFD returned from cache for {Google Sans, wdth 100.0, wght 500, ital 0.0, bestEffort false} [CONTEXT service_id=132 ]
10-30 10:22:00.665   787 28596 I FontLog : Fetch {Google Sans, wdth 100.0, wght 500, ital 0.0, bestEffort false} end status Status{statusCode=SUCCESS, resolution=null} [CONTEXT service_id=132 ]
10-30 10:22:00.674   787 28591 I FontLog : Pulling font file for id = 637, cache size = 6 [CONTEXT service_id=132 ]
10-30 10:22:00.697   787  1259 E apju    : Phenotype API error. Event # cdub@369881ae, EventCode: 7 [CONTEXT service_id=51 ]
10-30 10:22:00.697   787  1259 E apju    : apiz: 29505: No config packages for log source, or config package not registered
10-30 10:22:00.697   787  1259 E apju    : 	at apkj.b(:com.google.android.gms@203915020@20.39.15 (040406-335085812):7)
10-30 10:22:00.697   787  1259 E apju    : 	at apkg.b(:com.google.android.gms@203915020@20.39.15 (040406-335085812):2)
10-30 10:22:00.697   787  1259 E apju    : 	at apju.a(:com.google.android.gms@203915020@20.39.15 (040406-335085812):85)
10-30 10:22:00.697   787  1259 E apju    : 	at apju.a(:com.google.android.gms@203915020@20.39.15 (040406-335085812):80)
10-30 10:22:00.697   787  1259 E apju    : 	at aain.run(:com.google.android.gms@203915020@20.39.15 (040406-335085812):7)
10-30 10:22:00.697   787  1259 E apju    : 	at boex.run(:com.google.android.gms@203915020@20.39.15 (040406-335085812):2)
10-30 10:22:00.697   787  1259 E apju    : 	at sup.b(:com.google.android.gms@203915020@20.39.15 (040406-335085812):12)
10-30 10:22:00.697   787  1259 E apju    : 	at sup.run(:com.google.android.gms@203915020@20.39.15 (040406-335085812):7)
10-30 10:22:00.697   787  1259 E apju    : 	at java.util.concurrent.ThreadPoolExecutor.runWorker(ThreadPoolExecutor.java:1133)
10-30 10:22:00.697   787  1259 E apju    : 	at java.util.concurrent.ThreadPoolExecutor$Worker.run(ThreadPoolExecutor.java:607)
10-30 10:22:00.697   787  1259 E apju    : 	at tam.run(:com.google.android.gms@203915020@20.39.15 (040406-335085812):0)
10-30 10:22:00.697   787  1259 E apju    : 	at java.lang.Thread.run(Thread.java:761)
10-30 10:22:00.700   787  1259 E AsyncOperation: serviceID=51, operation=GetExperimentTokensOperationCall [CONTEXT service_id=259 ]
10-30 10:22:00.700   787  1259 E AsyncOperation: OperationException[Status{statusCode=No config packages for log source, or config package not registered, resolution=null}]
10-30 10:22:00.700   787  1259 E AsyncOperation: 	at apju.a(:com.google.android.gms@203915020@20.39.15 (040406-335085812):87)
10-30 10:22:00.700   787  1259 E AsyncOperation: 	at apju.a(:com.google.android.gms@203915020@20.39.15 (040406-335085812):80)
10-30 10:22:00.700   787  1259 E AsyncOperation: 	at aain.run(:com.google.android.gms@203915020@20.39.15 (040406-335085812):7)
10-30 10:22:00.700   787  1259 E AsyncOperation: 	at boex.run(:com.google.android.gms@203915020@20.39.15 (040406-335085812):2)
10-30 10:22:00.700   787  1259 E AsyncOperation: 	at sup.b(:com.google.android.gms@203915020@20.39.15 (040406-335085812):12)
10-30 10:22:00.700   787  1259 E AsyncOperation: 	at sup.run(:com.google.android.gms@203915020@20.39.15 (040406-335085812):7)
10-30 10:22:00.700   787  1259 E AsyncOperation: 	at java.util.concurrent.ThreadPoolExecutor.runWorker(ThreadPoolExecutor.java:1133)
10-30 10:22:00.700   787  1259 E AsyncOperation: 	at java.util.concurrent.ThreadPoolExecutor$Worker.run(ThreadPoolExecutor.java:607)
10-30 10:22:00.700   787  1259 E AsyncOperation: 	at tam.run(:com.google.android.gms@203915020@20.39.15 (040406-335085812):0)
10-30 10:22:00.700   787  1259 E AsyncOperation: 	at java.lang.Thread.run(Thread.java:761)
10-30 10:22:00.708  7772  7789 D NetworkSecurityConfig: Using Network Security Config from resource 0_resource_name_obfuscated debugBuild: false
10-30 10:22:00.829 17059 17059 I MemoryTrimmer: Trimming objects from memory, since app is in the background.
10-30 10:22:00.841 17059 18173 W SearchService: Abort, client detached.
10-30 10:22:00.863  1084  1084 I MemoryTrimmer: Trimming objects from memory, since app is in the background.
10-30 10:22:00.872 17059  7664 I DeviceStateChecker: DeviceStateChecker cancelled
10-30 10:22:00.873 17059 17059 I MicroDetector: Keeping mic open: false
10-30 10:22:00.874 17059 22278 I AudioController: internalShutdown
10-30 10:22:00.874 17059 22278 I MicrophoneInputStream: mic_close com.google.android.apps.gsa.speech.audio.ae@3c6bb00
10-30 10:22:00.874 17059 17111 I MicroRecognitionRunner: Stopping hotword detection.
10-30 10:22:00.885   238   285 I SoundTriggerHwService::Module: void android::SoundTriggerHwService::Module::onCallbackEvent(const sp<android::SoundTriggerHwService::CallbackEvent> &) mClient == 0
10-30 10:22:00.893 17059  7665 I MicroRecognitionRunner: Detection finished
10-30 10:22:00.902 17059 17059 I MemoryTrimmer: Trimming objects from memory, since app is in the background.
10-30 10:22:00.954  7772  7789 I cr_VariationsSeedFetch: Fetched first run seed in 250 ms
10-30 10:22:00.991   600  1082 I ActivityManager: Start proc 7807:com.android.chrome:sandboxed_process0/u0i763 for service com.android.chrome/org.chromium.content.app.SandboxedProcessService0
10-30 10:22:01.046  7807  7807 W dboxed_process0: type=1400 audit(0.0:4717): avc: denied { getattr } for path="/data/data/com.android.chrome" dev="dm-2" ino=12190 scontext=u:r:isolated_app:s0:c512,c768 tcontext=u:object_r:app_data_file:s0:c512,c768 tclass=dir permissive=0
10-30 10:22:01.073  7807  7807 I cr_ChildProcessService: Creating new ChildProcessService pid=7807
10-30 10:22:01.211   600 27731 I ActivityManager: Start proc 7831:com.android.chrome:privileged_process0/u0a35 for service com.android.chrome/org.chromium.content.app.PrivilegedProcessService0
10-30 10:22:01.286  7772  7793 W ConnectionStatusConfig: Dynamic lookup for intent failed for action: com.google.android.gms.auth.key.retrieval.service.START
10-30 10:22:01.294  7772  7793 W ConnectionStatusConfig: Dynamic lookup for intent failed for action: com.google.android.gms.auth.key.retrieval.service.START
10-30 10:22:01.295   600 17381 W ActivityManager: Unable to start service Intent { act=com.google.android.gms.auth.key.retrieval.service.START pkg=com.google.android.gms } U=0: not found
10-30 10:22:01.339  7831  7831 I cr_ChildProcessService: Creating new ChildProcessService pid=7831
10-30 10:22:01.375   600   713 W ActivityManager: Unbind failed: could not find connection for android.os.BinderProxy@d99d853
10-30 10:22:01.376  7772  7793 E GmsClient: unable to connect to service: com.google.android.gms.auth.key.retrieval.service.START on com.google.android.gms
10-30 10:22:01.376  7772  7772 W cr_KnoxSettingsProvider: Permission to read device policy denied.
10-30 10:22:01.398  7831  7850 I cr_LibraryLoader: Loaded native library version number "85.0.4183.127"
10-30 10:22:01.399  7831  7850 I cr_CachingUmaRecorder: Flushed 1 samples from 1 histograms.
10-30 10:22:01.415  7831  7850 E libEGL  : validate_display:99 error 3008 (EGL_BAD_DISPLAY)
10-30 10:22:10.891   600   647 I WifiHAL : Got channel list with 13 channels
10-30 10:22:10.894   600   647 I WifiHAL : Got channel list with 4 channels
10-30 10:22:10.896   600   647 I WifiHAL : Got channel list with 15 channels
10-30 10:22:10.958 17059 17059 I MemoryTrimmer: Trimming objects from memory, since app is in the background.
10-30 10:22:14.019  7876  7876 D AndroidRuntime: >>>>>> START com.android.internal.os.RuntimeInit uid 2000 <<<<<<
10-30 10:22:14.023  7876  7876 D AndroidRuntime: CheckJNI is OFF
10-30 10:22:14.087  7876  7876 D ICU     : No timezone override file found: /data/misc/zoneinfo/current/icu/icu_tzdata.dat
10-30 10:22:14.119  7876  7876 I Radio-JNI: register_android_hardware_Radio DONE
10-30 10:22:14.133  7876  7876 D AndroidRuntime: Calling main entry com.android.commands.monkey.Monkey
10-30 10:22:14.200   600   613 W BroadcastQueue: Skipping deliver [background] BroadcastRecord{3cd999f u-1 android.net.conn.CONNECTIVITY_CHANGE} to ReceiverList{3530aec 7876 (unknown name)/2000/u-1 remote:2f65bf9}: process crashing
10-30 10:22:15.963  7876  7876 D MonkeyStub: translateCommand: wake
10-30 10:22:16.083  7876  7876 D MonkeyStub: translateCommand: tap 398 1198
10-30 10:22:18.567  7876  7876 D MonkeyStub: translateCommand: tap 720 1506
10-30 10:22:18.746 11473 11485 I PeopleChimeraService: onService. callbacks = aaik@4f12696, request = com.google.android.gms.common.internal.GetServiceRequest@2735217
10-30 10:22:18.753 11473 18887 I PeopleChimeraService: onService. callbacks = aaik@51897ed, request = com.google.android.gms.common.internal.GetServiceRequest@8111622
10-30 10:22:21.027  7876  7876 D MonkeyStub: translateCommand: tap 355 1480
10-30 10:22:21.044  7876  7876 D MonkeyStub: Quit requested
10-30 10:22:21.065   600   614 I CwMcuSensor: CwMcuSensor::flush: fd = 218, sensors_id = 0, path = /sys/class/htc_sensorhub/sensor_hub/flush, err = 0
10-30 10:22:21.071   600 13631 I ActivityManager: START u0 {act=android.intent.action.VIEW flg=0x10008000 cmp=com.android.chrome/com.google.android.apps.chrome.Main (has extras)} from uid 10035 on display 0
10-30 10:22:21.077  7876  7876 I art     : System.exit called, status: 6
10-30 10:22:21.077  7876  7876 I AndroidRuntime: VM exiting with result code 6.
10-30 10:22:21.144   600  2707 W WindowManager: Attempted to remove non-existing token: android.os.Binder@637beb5
10-30 10:22:21.252   600   609 I art     : Background partial concurrent mark sweep GC freed 37000(1983KB) AllocSpace objects, 8(176KB) LOS objects, 33% free, 15MB/23MB, paused 986us total 113.848ms
10-30 10:22:21.282  7772  7772 E cr_CompositorSurfaceMgr: Transitioning to surface with format : -1
10-30 10:22:21.356  7772  7825 W cr_tabmodel: Starting to perform legacy migration.
10-30 10:22:21.360  7772  7825 W cr_tabmodel: Finished performing legacy migration.
10-30 10:22:21.360  7772  7825 W cr_tabmodel: Starting to perform multi-instance migration.
10-30 10:22:21.360  7772  7825 W cr_tabmodel: Finished performing multi-instance migration.
10-30 10:22:21.362  7772  7825 I cr_tabmodel: Starting to fetch tab list for tab_state0
10-30 10:22:21.362  7772  7825 I cr_tabmodel: State file does not exist.
10-30 10:22:21.363  7772  7825 I cr_tabmodel: Starting to fetch tab list for tab_state1
10-30 10:22:21.363  7772  7825 I cr_tabmodel: State file does not exist.
10-30 10:22:21.391  7772  7825 I cr_ADCP : No customization source found
10-30 10:22:21.425   600  1081 E BatteryStatsService: power: Missing API
10-30 10:22:21.430   600  1081 E BatteryStatsService: no controller energy info supplied
10-30 10:22:21.431   796   796 E PhoneInterfaceManager: [PhoneIntfMgr] queryModemActivityInfo: Empty response
10-30 10:22:21.437   600  1081 E BatteryStatsService: modem info is invalid: ModemActivityInfo{ mTimestamp=0 mSleepTimeMs=0 mIdleTimeMs=0 mTxTimeMs[]=[0, 0, 0, 0, 0] mRxTimeMs=0 mEnergyUsed=0}
10-30 10:22:21.447   600   613 W ProcessCpuTracker: Skipping unknown process pid 7899
10-30 10:22:21.449  7772  7791 D OpenGLRenderer: endAllActiveAnimators on 0xd4c1f100 (InsetDrawable) with handle 0xd3e4e0d0
10-30 10:22:21.503   600   620 I ActivityManager: Displayed com.android.chrome/com.google.android.apps.chrome.Main: +392ms
10-30 10:22:21.505  7772  7772 E cr_CompositorSurfaceMgr: Transitioning to surface with format : -1
10-30 10:22:21.510  7772  7772 E cr_CompositorSurfaceMgr: surfaceCreated format : 0
10-30 10:22:21.517  7772  7772 I cr_ContextualSearch: Tap suppression enabled: false
10-30 10:22:21.520  7772  7772 I cr_ChromeTabbedActivity: #initializeState
10-30 10:22:21.520  7772  7772 I cr_CipherFactory: #restoreFromBundle, no savedInstanceState.
10-30 10:22:21.521  7772  7772 I cr_tabmodel: #loadState, ignoreIncognitoFiles? true
10-30 10:22:21.606   600   611 I ActivityManager: Start proc 7907:com.google.android.partnersetup/u0a12 for content provider com.google.android.partnersetup/.RlzAppProvider
10-30 10:22:21.723  7907  7907 I art     : Starting a blocking GC AddRemoveAppImageSpace
10-30 10:22:21.724  7907  7907 W System  : ClassLoader referenced unknown path: /system/priv-app/GooglePartnerSetup/lib/arm64
10-30 10:22:21.756  7772  7772 I SchedulerApiWrapper: Create SchedulerApiMainThreadWrapper
10-30 10:22:21.769  7772  7772 I FeedSessionManagerImpl: FeedSessionManagerImpl has been created
10-30 10:22:21.770  7772  7772 I FeedAppLifecycleLstnr: onEnterForeground called
10-30 10:22:21.770  7772  7772 I FeedSessionManagerImpl: onLifecycleEvent foreground
10-30 10:22:21.771  7772  7772 I FeedSessionManagerImpl: Lazy initialization triggered, getUpdateConsumer
10-30 10:22:21.771  7772  7828 I TaskQueue: Execute task [IMMEDIATE - d: true, b: 0]: 30
10-30 10:22:21.773  7772  7772 I FeedRequestManagerImpl: trigger refresh 2
10-30 10:22:21.773  7772  7772 I TaskQueue:  - task [HEAD_INVALIDATE - d: true, b: 0]: 26
10-30 10:22:21.773  7772  7772 I FeedAppLifecycleLstnr: initialize called
10-30 10:22:21.773  7772  7772 I FeedSessionManagerImpl: onLifecycleEvent initialize
10-30 10:22:21.773  7772  7772 W FeedSessionManagerImpl: FeedSessionManagerImpl has previously been initialized
10-30 10:22:21.803  7772  7772 I ViewConfigCompat: Could not find method getScaledScrollFactor() on ViewConfiguration
10-30 10:22:21.806  7772  7772 I BasicStream: Setting 2 header views, currently have 0 headers
10-30 10:22:21.807  7772  7772 I BasicStream: Setting 2 header views, currently have 2 headers
10-30 10:22:21.862   600   619 D BluetoothManagerService: Message: 20
10-30 10:22:21.862   600   619 D BluetoothManagerService: Added callback: android.bluetooth.IBluetoothManagerCallback$Stub$Proxy@88c7c11:true
10-30 10:22:21.894  7772  7772 E cr_IntentUtils: getBooleanExtra failed on intent null
10-30 10:22:21.901  7807  7820 I cr_LibraryLoader: Loaded native library version number "85.0.4183.127"
10-30 10:22:21.902  7807  7820 I cr_CachingUmaRecorder: Flushed 1 samples from 1 histograms.
10-30 10:22:21.908  7772  7772 I TimeoutSessionImpl: Using TimeoutSessionImpl
10-30 10:22:21.908  7772  7772 I FeedSessionManagerImpl: Delaying populateSession until initialization is finished
10-30 10:22:21.908  7772  7772 I TaskQueue:  - task [IMMEDIATE - d: true, b: 1]: 13
10-30 10:22:21.909  7772  7772 I MainThreadRunner: Running task [BasicStream onShow] on the Main Thread with a delay of 500 milliseconds
10-30 10:22:21.947  7772  7782 I art     : Background partial concurrent mark sweep GC freed 13146(829KB) AllocSpace objects, 3(592KB) LOS objects, 39% free, 7MB/12MB, paused 5.456ms total 75.146ms
10-30 10:22:21.986   600  1079 I ActivityManager: Start proc 7923:com.android.chrome:sandboxed_process1/u0i764 for service com.android.chrome/org.chromium.content.app.SandboxedProcessService1
10-30 10:22:22.011  7772  7828 W SessionCache: Persisted Sessions were not found
10-30 10:22:22.011  7772  7828 I HeadSessionImpl: Initialize HEAD 0 items
10-30 10:22:22.011  7772  7828 I TaskQueue:  - task [BACKGROUND - d: true, b: 2]: 11
10-30 10:22:22.011  7772  7828 I TimingUtils: Task Timing 239ms, thread JardinExecutor | task : Initialization
10-30 10:22:22.012  7772  7828 I TaskQueue:  - Finished 30, time 240 ms
10-30 10:22:22.012  7772  7828 I TaskQueue: Execute task [HEAD_INVALIDATE - d: true, b: 2]: 26
10-30 10:22:22.016  7772  7828 I TimingUtils: Task Timing   3ms, thread JardinExecutor | task : getAllDismissLocalActions | size : 0
10-30 10:22:22.016  7772  7828 I TimingUtils: Task Timing   0ms, thread JardinExecutor | task : getSemanticProperties | size : 0
10-30 10:22:22.017  7772  7828 I MainThreadRunner: Running task [Check Tooltips] on the Main Thread
10-30 10:22:22.017  7772  7828 I TaskQueue:  * Starting starvation checks
10-30 10:22:22.017  7772  7828 I MainThreadRunner: Running task [starvationChecks] on the Main Thread with a delay of 6000 milliseconds
10-30 10:22:22.017  7772  7828 I TaskQueue:  - Finished 26, time 4 ms
10-30 10:22:22.017  7772  7828 I TaskQueue: Execute task [IMMEDIATE - d: true, b: 1]: 13
10-30 10:22:22.017  7772  7828 I FeedSessionManagerImpl: shouldSessionRequestData; hasContent(false), contentCreationTime(0), outstandingRequest(true)
10-30 10:22:22.017  7772  7828 I MainThreadRunner: Running task [SchedulerApiWrapper shouldSessionRequestData] on the Main Thread
10-30 10:22:22.029   600  3507 I ActivityManager: Start proc 7932:com.android.chrome:sandboxed_process2/u0i765 for service com.android.chrome/org.chromium.content.app.SandboxedProcessService2
10-30 10:22:22.071   600  6312 I ActivityManager: Start proc 7945:com.android.chrome:sandboxed_process3/u0i766 for service com.android.chrome/org.chromium.content.app.SandboxedProcessService3
10-30 10:22:22.115   600   611 I ActivityManager: Start proc 7958:com.android.chrome:sandboxed_process4/u0i767 for service com.android.chrome/org.chromium.content.app.SandboxedProcessService4
10-30 10:22:22.170   600   707 I ActivityManager: Start proc 7971:com.android.chrome:sandboxed_process5/u0i768 for service com.android.chrome/org.chromium.content.app.SandboxedProcessService5
10-30 10:22:22.225   600  3994 I ActivityManager: Start proc 7988:com.android.chrome:sandboxed_process6/u0i769 for service com.android.chrome/org.chromium.content.app.SandboxedProcessService6
10-30 10:22:22.274   600  6312 I ActivityManager: Start proc 8006:com.android.chrome:sandboxed_process7/u0i770 for service com.android.chrome/org.chromium.content.app.SandboxedProcessService7
10-30 10:22:22.296  7923  7923 W dboxed_process1: type=1400 audit(0.0:4718): avc: denied { getattr } for path="/data/data/com.android.chrome" dev="dm-2" ino=12190 scontext=u:r:isolated_app:s0:c512,c768 tcontext=u:object_r:app_data_file:s0:c512,c768 tclass=dir permissive=0
10-30 10:22:22.299   600   612 I UsageStatsService: User[0] Flushing usage stats to disk
10-30 10:22:22.349   600  3507 I ActivityManager: Start proc 8019:com.android.chrome:sandboxed_process8/u0i771 for service com.android.chrome/org.chromium.content.app.SandboxedProcessService8
10-30 10:22:22.373  7772  7772 I PlayCore: UID: [10035]  PID: [7772] SplitInstallService : deferredInstall([image_editor])
10-30 10:22:22.400  7932  7932 W dboxed_process2: type=1400 audit(0.0:4719): avc: denied { getattr } for path="/data/data/com.android.chrome" dev="dm-2" ino=12190 scontext=u:r:isolated_app:s0:c512,c768 tcontext=u:object_r:app_data_file:s0:c512,c768 tclass=dir permissive=0
10-30 10:22:22.446  7945  7945 W dboxed_process3: type=1400 audit(0.0:4720): avc: denied { getattr } for path="/data/data/com.android.chrome" dev="dm-2" ino=12190 scontext=u:r:isolated_app:s0:c512,c768 tcontext=u:object_r:app_data_file:s0:c512,c768 tclass=dir permissive=0
10-30 10:22:22.493  7958  7958 W dboxed_process4: type=1400 audit(0.0:4721): avc: denied { getattr } for path="/data/data/com.android.chrome" dev="dm-2" ino=12190 scontext=u:r:isolated_app:s0:c512,c768 tcontext=u:object_r:app_data_file:s0:c512,c768 tclass=dir permissive=0
10-30 10:22:22.514  7772  7772 I Choreographer: Skipped 60 frames!  The application may be doing too much work on its main thread.
10-30 10:22:22.530  7971  7971 W dboxed_process5: type=1400 audit(0.0:4722): avc: denied { getattr } for path="/data/data/com.android.chrome" dev="dm-2" ino=12190 scontext=u:r:isolated_app:s0:c512,c768 tcontext=u:object_r:app_data_file:s0:c512,c768 tclass=dir permissive=0
10-30 10:22:22.551  7923  7923 I cr_ChildProcessService: Creating new ChildProcessService pid=7923
10-30 10:22:22.570  7988  7988 W dboxed_process6: type=1400 audit(0.0:4723): avc: denied { getattr } for path="/data/data/com.android.chrome" dev="dm-2" ino=12190 scontext=u:r:isolated_app:s0:c512,c768 tcontext=u:object_r:app_data_file:s0:c512,c768 tclass=dir permissive=0
10-30 10:22:22.606  7772  7782 W art     : Suspending all threads took: 8.051ms
10-30 10:22:22.641  7932  7932 I cr_ChildProcessService: Creating new ChildProcessService pid=7932
10-30 10:22:22.668  7772  7772 I TaskQueue:  - task [IMMEDIATE - d: true, b: 1]: 27
10-30 10:22:22.669  7772  7828 I FeedSessionManagerImpl: shouldSessionRequestDataResult: NO_REQUEST_WITH_WAIT, shouldMakeRequest(false), withTimeout(false), withAppend(false)
10-30 10:22:22.669  7772  7828 I TaskQueue:  - task [USER_FACING - d: true, b: 2]: 24
10-30 10:22:22.669  7772  7828 I TaskQueue:  - Finished 13, time 651 ms
10-30 10:22:22.669  7772  7828 I TaskQueue: Execute task [IMMEDIATE - d: true, b: 2]: 27
10-30 10:22:22.673  7772  7828 I FeedRequestManagerImpl: Consistency Token: # hU2@7bca4
10-30 10:22:22.688  7772  7828 I FeedRequestManagerImpl: Capability: FEED_UI
10-30 10:22:22.688  7772  7828 I FeedRequestManagerImpl: Capability: UNDOABLE_ACTIONS
10-30 10:22:22.688  7772  7828 I FeedRequestManagerImpl: Capability: MANAGE_INTERESTS
10-30 10:22:22.688  7772  7828 I FeedRequestManagerImpl: Capability: SEND_FEEDBACK
10-30 10:22:22.688  7772  7828 I FeedRequestManagerImpl: Capability: ARTICLE_SNIPPETS
10-30 10:22:22.688  7772  7828 I FeedRequestManagerImpl: Capability: CLICK_ACTION
10-30 10:22:22.688  7772  7828 I FeedRequestManagerImpl: Capability: VIEW_ACTION
10-30 10:22:22.688  7772  7828 I FeedRequestManagerImpl: Capability: REPORT_FEED_USER_ACTIONS_NOTICE_CARD
10-30 10:22:22.688  7772  7828 I FeedRequestManagerImpl: Capability: BASE_UI
10-30 10:22:22.693  8006  8006 W dboxed_process7: type=1400 audit(0.0:4724): avc: denied { getattr } for path="/data/data/com.android.chrome" dev="dm-2" ino=12190 scontext=u:r:isolated_app:s0:c512,c768 tcontext=u:object_r:app_data_file:s0:c512,c768 tclass=dir permissive=0
10-30 10:22:22.703  7772  7782 I art     : Background sticky concurrent mark sweep GC freed 39154(2MB) AllocSpace objects, 22(496KB) LOS objects, 17% free, 10MB/12MB, paused 9.078ms total 119.275ms
10-30 10:22:22.705  7945  7945 I cr_ChildProcessService: Creating new ChildProcessService pid=7945
10-30 10:22:22.717  7958  7958 I cr_ChildProcessService: Creating new ChildProcessService pid=7958
10-30 10:22:22.739  7772  7828 I FeedRequestManagerImpl: Making Request: /httpservice/noretry/DiscoverClankService/FeedQuery
10-30 10:22:22.742  7772  7828 I MainThreadRunner: Running task [NetworkClientWrapper send] on the Main Thread
10-30 10:22:22.742  7772  7828 I TaskQueue:  - Finished 27, time 72 ms
10-30 10:22:22.776  8019  8019 W dboxed_process8: type=1400 audit(0.0:4725): avc: denied { getattr } for path="/data/data/com.android.chrome" dev="dm-2" ino=12190 scontext=u:r:isolated_app:s0:c512,c768 tcontext=u:object_r:app_data_file:s0:c512,c768 tclass=dir permissive=0
10-30 10:22:22.797  7988  7988 I cr_ChildProcessService: Creating new ChildProcessService pid=7988
10-30 10:22:22.798  7971  7971 I cr_ChildProcessService: Creating new ChildProcessService pid=7971
10-30 10:22:22.920  7772  7772 I cr_tabmodel: Appending tabs being restored to metadata lists, 0, startingNormalCount: 1, startingIncognitoCount: 0
10-30 10:22:22.920  7772  7772 I cr_tabmodel: Serializing tab lists; counts: 1, 0
10-30 10:22:22.926  7923  8043 I cr_LibraryLoader: Loaded native library version number "85.0.4183.127"
10-30 10:22:22.927  7923  8043 I cr_CachingUmaRecorder: Flushed 1 samples from 1 histograms.
10-30 10:22:22.940  8006  8006 I cr_ChildProcessService: Creating new ChildProcessService pid=8006
10-30 10:22:23.008  8019  8019 I cr_ChildProcessService: Creating new ChildProcessService pid=8019
10-30 10:22:23.071  7958  8047 I cr_LibraryLoader: Loaded native library version number "85.0.4183.127"
10-30 10:22:23.072  7958  8047 I cr_CachingUmaRecorder: Flushed 1 samples from 1 histograms.
10-30 10:22:23.074  7945  8046 I cr_LibraryLoader: Loaded native library version number "85.0.4183.127"
10-30 10:22:23.074  7945  8046 I cr_CachingUmaRecorder: Flushed 1 samples from 1 histograms.
10-30 10:22:23.076  7932  8044 I cr_LibraryLoader: Loaded native library version number "85.0.4183.127"
10-30 10:22:23.076  7932  8044 I cr_CachingUmaRecorder: Flushed 1 samples from 1 histograms.
10-30 10:22:23.172  7988  8048 I cr_LibraryLoader: Loaded native library version number "85.0.4183.127"
10-30 10:22:23.172  7988  8048 I cr_CachingUmaRecorder: Flushed 1 samples from 1 histograms.
10-30 10:22:23.201  7772  7822 W cr_CrashFileManager: /data/user/0/com.android.chrome/cache/Crash Reports does not exist or is not a directory
10-30 10:22:23.202  7772  7822 W cr_CrashFileManager: /data/user/0/com.android.chrome/cache/Crash Reports does not exist or is not a directory
10-30 10:22:23.202  7772  7822 W cr_CrashFileManager: /data/user/0/com.android.chrome/cache/Crash Reports does not exist or is not a directory
10-30 10:22:23.215  7772  7822 I cr_FileUtils: Writing to /data/user/0/com.android.chrome/app_dex/webapk7.dex
10-30 10:22:23.237  7772  7806 I cr_BindingManager: Moderate binding enabled: maxSize=40
10-30 10:22:23.259  7772  7782 W art     : Suspending all threads took: 14.501ms
10-30 10:22:23.278  7971  8049 I cr_LibraryLoader: Loaded native library version number "85.0.4183.127"
10-30 10:22:23.291  7971  8049 I cr_CachingUmaRecorder: Flushed 1 samples from 1 histograms.
10-30 10:22:23.324  7932  8044 I chromium: [INFO:child_process_service.cc(69)] ChildProcessService: Exiting child process.
10-30 10:22:23.331  7945  8046 I chromium: [INFO:child_process_service.cc(69)] ChildProcessService: Exiting child process.
10-30 10:22:23.332   197   197 E lowmemorykiller: Error writing /proc/7932/oom_score_adj; errno=22
10-30 10:22:23.334   197   197 E lowmemorykiller: Error writing /proc/7945/oom_score_adj; errno=22
10-30 10:22:23.355   600  6312 I ActivityManager: Start proc 8070:com.android.chrome:sandboxed_process9/u0i772 for service com.android.chrome/org.chromium.content.app.SandboxedProcessService9
10-30 10:22:23.372  8006  8052 I cr_LibraryLoader: Loaded native library version number "85.0.4183.127"
10-30 10:22:23.373  8006  8052 I cr_CachingUmaRecorder: Flushed 1 samples from 1 histograms.
10-30 10:22:23.401  8019  8053 I cr_LibraryLoader: Loaded native library version number "85.0.4183.127"
10-30 10:22:23.402  8019  8053 I cr_CachingUmaRecorder: Flushed 1 samples from 1 histograms.
10-30 10:22:23.445  7988  8048 I chromium: [INFO:child_process_service.cc(69)] ChildProcessService: Exiting child process.
10-30 10:22:23.450   197   197 E lowmemorykiller: Error writing /proc/7988/oom_score_adj; errno=22
10-30 10:22:23.459   600 24515 I ActivityManager: Killing 7971:com.android.chrome:sandboxed_process5/u0a35i768 (adj 0): isolated not needed
10-30 10:22:23.460   600 24515 I ActivityManager: Killing 7988:com.android.chrome:sandboxed_process6/u0a35i769 (adj 0): isolated not needed
10-30 10:22:23.460   600 24515 I ActivityManager: Killing 7945:com.android.chrome:sandboxed_process3/u0a35i766 (adj 0): isolated not needed
10-30 10:22:23.460   600 24515 I ActivityManager: Killing 7932:com.android.chrome:sandboxed_process2/u0a35i765 (adj 0): isolated not needed
10-30 10:22:23.460   600 24515 I ActivityManager: Killing 7958:com.android.chrome:sandboxed_process4/u0a35i767 (adj 0): isolated not needed
10-30 10:22:23.460   600 24515 I ActivityManager: Killing 7923:com.android.chrome:sandboxed_process1/u0a35i764 (adj 0): isolated not needed
10-30 10:22:23.477 11473 12080 I Icing   : IndexChimeraService.getServiceInterface callingPackage=com.android.chrome componentName=null serviceId=36
10-30 10:22:23.540 11473 11995 I Icing   : IndexChimeraService.getServiceInterface callingPackage=com.android.chrome componentName=null serviceId=36
10-30 10:22:23.567  7772  7782 I art     : Background partial concurrent mark sweep GC freed 63763(3MB) AllocSpace objects, 31(612KB) LOS objects, 40% free, 10MB/17MB, paused 39.381ms total 576.108ms
10-30 10:22:23.628  8006  8052 I chromium: [INFO:child_process_service.cc(69)] ChildProcessService: Exiting child process.
10-30 10:22:23.656  8070  8070 W dboxed_process9: type=1400 audit(0.0:4726): avc: denied { getattr } for path="/data/data/com.android.chrome" dev="dm-2" ino=12190 scontext=u:r:isolated_app:s0:c512,c768 tcontext=u:object_r:app_data_file:s0:c512,c768 tclass=dir permissive=0
10-30 10:22:23.673  8068  8068 I dex2oat : /system/bin/dex2oat --dex-file=/data/user/0/com.android.chrome/app_dex/webapk7.dex --oat-fd=169 --oat-location=/data/user/0/com.android.chrome/app_dex/oat/arm/webapk7.dex --compiler-filter=speed
10-30 10:22:23.722  8019  8019 I cr_ChildProcessService: Destroying ChildProcessService pid=8019
10-30 10:22:23.737  8070  8070 I cr_ChildProcessService: Creating new ChildProcessService pid=8070
10-30 10:22:23.838   600 13631 I ActivityManager: Killing 8006:com.android.chrome:sandboxed_process7/u0a35i770 (adj 0): isolated not needed
10-30 10:22:23.838   600 13631 I ActivityManager: Killing 8019:com.android.chrome:sandboxed_process8/u0a35i771 (adj 0): isolated not needed
10-30 10:22:23.868  8070  8097 I cr_LibraryLoader: Loaded native library version number "85.0.4183.127"
10-30 10:22:23.868  8070  8097 I cr_CachingUmaRecorder: Flushed 1 samples from 1 histograms.
10-30 10:22:23.945  8070  8070 I cr_ChildProcessService: Destroying ChildProcessService pid=8070
10-30 10:22:23.945  8070  8097 I chromium: [INFO:child_process_service.cc(69)] ChildProcessService: Exiting child process.
10-30 10:22:23.950   600 24611 I ActivityManager: Killing 8070:com.android.chrome:sandboxed_process9/u0a35i772 (adj 0): isolated not needed
10-30 10:22:23.962  7772  8025 I PlayCore: UID: [10035]  PID: [7772] SplitInstallService : Initiate binding to the service.
10-30 10:22:23.969   600  7064 D ActivityManager: cleanUpApplicationRecord -- 7932
10-30 10:22:23.971  7772  7772 W chromium: [WARNING:compositor_view.cc(315)] Child process died (type=6) pid=7932)
10-30 10:22:23.976  7772  7772 W chromium: [WARNING:compositor_view.cc(315)] Child process died (type=6) pid=7988)
10-30 10:22:23.977  7772  7772 W chromium: [WARNING:compositor_view.cc(315)] Child process died (type=6) pid=7945)
10-30 10:22:23.982   600  3507 D ActivityManager: cleanUpApplicationRecord -- 7988
10-30 10:22:23.989   600 16391 D ActivityManager: cleanUpApplicationRecord -- 7945
10-30 10:22:23.990   600  6312 W ActivityManager: Unable to start service Intent { act=com.google.android.play.core.splitinstall.BIND_SPLIT_INSTALL_SERVICE pkg=com.android.vending } U=0: not found
10-30 10:22:24.004 11473 30766 W Icing   : No valid account for uploading user actions
10-30 10:22:24.054 11473 11609 I Icing   : IndexChimeraService.getServiceInterface callingPackage=com.google.android.gms componentName=null serviceId=30
10-30 10:22:24.084  7905  7905 D AndroidRuntime: >>>>>> START com.android.internal.os.RuntimeInit uid 2000 <<<<<<
10-30 10:22:24.096  7905  7905 D AndroidRuntime: CheckJNI is OFF
10-30 10:22:24.178  7772  7772 W chromium: [WARNING:compositor_view.cc(315)] Child process died (type=6) pid=7971)
10-30 10:22:24.262  7905  7905 D ICU     : No timezone override file found: /data/misc/zoneinfo/current/icu/icu_tzdata.dat
10-30 10:22:24.295  7772  8025 I PlayCore: UID: [10035]  PID: [7772] SplitInstallService : Failed to bind to the service.
10-30 10:22:24.315  8068  8068 I dex2oat : dex2oat took 647.840ms (threads: 2) arena alloc=896KB (918200B) java alloc=81KB (83240B) native alloc=559KB (573208B) free=2000KB (2048232B)
10-30 10:22:24.330   600  3509 I ActivityManager: Start proc 8111:com.android.chrome:sandboxed_process10/u0i773 for service com.android.chrome/org.chromium.content.app.SandboxedProcessService10
10-30 10:22:24.330   600 24611 D ActivityManager: cleanUpApplicationRecord -- 7971
10-30 10:22:24.338  7905  7905 I Radio-JNI: register_android_hardware_Radio DONE
10-30 10:22:24.342  7772  7772 W chromium: [WARNING:compositor_view.cc(315)] Child process died (type=6) pid=8019)
10-30 10:22:24.358  7905  7905 D AndroidRuntime: Calling main entry com.android.commands.am.Am
10-30 10:22:24.389  7772  7772 W chromium: [WARNING:compositor_view.cc(315)] Child process died (type=6) pid=8006)
10-30 10:22:24.391   600  1080 D ActivityManager: cleanUpApplicationRecord -- 8019
10-30 10:22:24.402   600  1081 D ActivityManager: cleanUpApplicationRecord -- 8006
10-30 10:22:24.403   600  1082 I ActivityManager: START u0 {act=android.intent.action.VIEW dat=http://science.org/... flg=0x10000000 cmp=com.android.chrome/com.google.android.apps.chrome.Main} from uid 2000 on display 0
10-30 10:22:24.406  7905  7905 D AndroidRuntime: Shutting down VM
10-30 10:22:24.416   600  1079 I ActivityManager: Start proc 8125:com.android.chrome:sandboxed_process11/u0i774 for service com.android.chrome/org.chromium.content.app.SandboxedProcessService11
10-30 10:22:24.456   600   707 I ActivityManager: Start proc 8132:com.android.chrome:sandboxed_process12/u0i775 for service com.android.chrome/org.chromium.content.app.SandboxedProcessService12
10-30 10:22:24.467  7772  7772 E cr_IntentUtils: getInt failed on bundle null
10-30 10:22:24.480   600 24515 I ActivityManager: Start proc 8142:com.android.chrome:sandboxed_process13/u0i776 for service com.android.chrome/org.chromium.content.app.SandboxedProcessService13
10-30 10:22:24.513  8111  8111 W boxed_process10: type=1400 audit(0.0:4727): avc: denied { getattr } for path="/data/data/com.android.chrome" dev="dm-2" ino=12190 scontext=u:r:isolated_app:s0:c512,c768 tcontext=u:object_r:app_data_file:s0:c512,c768 tclass=dir permissive=0
10-30 10:22:24.523   600  1082 I ActivityManager: Start proc 8152:com.android.chrome:sandboxed_process14/u0i777 for service com.android.chrome/org.chromium.content.app.SandboxedProcessService14
10-30 10:22:24.531  7772  7772 W FeedModelProvider: sessionId is null, this should have been set during population
10-30 10:22:24.544  7772  7772 I cr_tabmodel: Appending tabs being restored to metadata lists, 0, startingNormalCount: 2, startingIncognitoCount: 0
10-30 10:22:24.544  7772  7772 I cr_tabmodel: Serializing tab lists; counts: 2, 0
10-30 10:22:24.557   600 24611 I ActivityManager: Start proc 8170:com.android.chrome:sandboxed_process15/u0i778 for service com.android.chrome/org.chromium.content.app.SandboxedProcessService15
10-30 10:22:24.583   600  1080 I ActivityManager: Start proc 8184:com.android.chrome:sandboxed_process16/u0i779 for service com.android.chrome/org.chromium.content.app.SandboxedProcessService16
10-30 10:22:24.619  8111  8111 I cr_ChildProcessService: Creating new ChildProcessService pid=8111
10-30 10:22:24.621   600  1082 I ActivityManager: Start proc 8197:com.android.chrome:sandboxed_process17/u0i780 for service com.android.chrome/org.chromium.content.app.SandboxedProcessService17
10-30 10:22:24.633  8125  8125 W boxed_process11: type=1400 audit(0.0:4728): avc: denied { getattr } for path="/data/data/com.android.chrome" dev="dm-2" ino=12190 scontext=u:r:isolated_app:s0:c512,c768 tcontext=u:object_r:app_data_file:s0:c512,c768 tclass=dir permissive=0
10-30 10:22:24.640  8142  8142 W boxed_process13: type=1400 audit(0.0:4729): avc: denied { getattr } for path="/data/data/com.android.chrome" dev="dm-2" ino=12190 scontext=u:r:isolated_app:s0:c512,c768 tcontext=u:object_r:app_data_file:s0:c512,c768 tclass=dir permissive=0
10-30 10:22:24.643  8132  8132 W boxed_process12: type=1400 audit(0.0:4730): avc: denied { getattr } for path="/data/data/com.android.chrome" dev="dm-2" ino=12190 scontext=u:r:isolated_app:s0:c512,c768 tcontext=u:object_r:app_data_file:s0:c512,c768 tclass=dir permissive=0
10-30 10:22:24.657   600 27731 I ActivityManager: Start proc 8209:com.android.chrome:sandboxed_process18/u0i781 for service com.android.chrome/org.chromium.content.app.SandboxedProcessService18
10-30 10:22:24.692   600 24611 I ActivityManager: Start proc 8218:com.android.chrome:sandboxed_process19/u0i782 for service com.android.chrome/org.chromium.content.app.SandboxedProcessService19
10-30 10:22:24.723  8152  8152 W boxed_process14: type=1400 audit(0.0:4731): avc: denied { getattr } for path="/data/data/com.android.chrome" dev="dm-2" ino=12190 scontext=u:r:isolated_app:s0:c512,c768 tcontext=u:object_r:app_data_file:s0:c512,c768 tclass=dir permissive=0
10-30 10:22:24.747   600  1076 I ActivityManager: Start proc 8230:com.android.chrome:sandboxed_process20/u0i783 for service com.android.chrome/org.chromium.content.app.SandboxedProcessService20
10-30 10:22:24.774  8132  8132 I cr_ChildProcessService: Creating new ChildProcessService pid=8132
10-30 10:22:24.783   600  6312 I ActivityManager: Start proc 8250:com.android.chrome:sandboxed_process21/u0i784 for service com.android.chrome/org.chromium.content.app.SandboxedProcessService21
10-30 10:22:24.817  8142  8142 I cr_ChildProcessService: Creating new ChildProcessService pid=8142
10-30 10:22:24.819  8125  8125 I cr_ChildProcessService: Creating new ChildProcessService pid=8125
10-30 10:22:24.870  8184  8184 W boxed_process16: type=1400 audit(0.0:4732): avc: denied { getattr } for path="/data/data/com.android.chrome" dev="dm-2" ino=12190 scontext=u:r:isolated_app:s0:c512,c768 tcontext=u:object_r:app_data_file:s0:c512,c768 tclass=dir permissive=0
10-30 10:22:24.883  8170  8170 W boxed_process15: type=1400 audit(0.0:4733): avc: denied { getattr } for path="/data/data/com.android.chrome" dev="dm-2" ino=12190 scontext=u:r:isolated_app:s0:c512,c768 tcontext=u:object_r:app_data_file:s0:c512,c768 tclass=dir permissive=0
10-30 10:22:24.933  8197  8197 W boxed_process17: type=1400 audit(0.0:4734): avc: denied { getattr } for path="/data/data/com.android.chrome" dev="dm-2" ino=12190 scontext=u:r:isolated_app:s0:c512,c768 tcontext=u:object_r:app_data_file:s0:c512,c768 tclass=dir permissive=0
10-30 10:22:24.939  8152  8152 I cr_ChildProcessService: Creating new ChildProcessService pid=8152
10-30 10:22:24.945  8111  8199 I cr_LibraryLoader: Loaded native library version number "85.0.4183.127"
10-30 10:22:24.946  8111  8199 I cr_CachingUmaRecorder: Flushed 1 samples from 1 histograms.
10-30 10:22:24.956  8209  8209 W boxed_process18: type=1400 audit(0.0:4735): avc: denied { getattr } for path="/data/data/com.android.chrome" dev="dm-2" ino=12190 scontext=u:r:isolated_app:s0:c512,c768 tcontext=u:object_r:app_data_file:s0:c512,c768 tclass=dir permissive=0
10-30 10:22:25.050  8218  8218 W boxed_process19: type=1400 audit(0.0:4736): avc: denied { getattr } for path="/data/data/com.android.chrome" dev="dm-2" ino=12190 scontext=u:r:isolated_app:s0:c512,c768 tcontext=u:object_r:app_data_file:s0:c512,c768 tclass=dir permissive=0
10-30 10:22:25.053  8250  8250 W boxed_process21: type=1400 audit(0.0:4737): avc: denied { getattr } for path="/data/data/com.android.chrome" dev="dm-2" ino=12190 scontext=u:r:isolated_app:s0:c512,c768 tcontext=u:object_r:app_data_file:s0:c512,c768 tclass=dir permissive=0
10-30 10:22:25.071  8184  8184 I cr_ChildProcessService: Creating new ChildProcessService pid=8184
10-30 10:22:25.078  8170  8170 I cr_ChildProcessService: Creating new ChildProcessService pid=8170
10-30 10:22:25.110  8230  8230 W boxed_process20: type=1400 audit(0.0:4738): avc: denied { getattr } for path="/data/data/com.android.chrome" dev="dm-2" ino=12190 scontext=u:r:isolated_app:s0:c512,c768 tcontext=u:object_r:app_data_file:s0:c512,c768 tclass=dir permissive=0
10-30 10:22:25.112  8132  8253 I cr_LibraryLoader: Loaded native library version number "85.0.4183.127"
10-30 10:22:25.112  8132  8253 I cr_CachingUmaRecorder: Flushed 1 samples from 1 histograms.
10-30 10:22:25.122  8125  8272 I cr_LibraryLoader: Loaded native library version number "85.0.4183.127"
10-30 10:22:25.122  8125  8272 I cr_CachingUmaRecorder: Flushed 1 samples from 1 histograms.
10-30 10:22:25.126  8142  8266 I cr_LibraryLoader: Loaded native library version number "85.0.4183.127"
10-30 10:22:25.126  8142  8266 I cr_CachingUmaRecorder: Flushed 1 samples from 1 histograms.
10-30 10:22:25.138  8197  8197 I cr_ChildProcessService: Creating new ChildProcessService pid=8197
10-30 10:22:25.145  8209  8209 I cr_ChildProcessService: Creating new ChildProcessService pid=8209
10-30 10:22:25.163   600   609 I art     : Background partial concurrent mark sweep GC freed 45014(2MB) AllocSpace objects, 29(752KB) LOS objects, 33% free, 16MB/24MB, paused 1.006ms total 502.456ms
10-30 10:22:25.209  8152  8275 I cr_LibraryLoader: Loaded native library version number "85.0.4183.127"
10-30 10:22:25.209  8152  8275 I cr_CachingUmaRecorder: Flushed 1 samples from 1 histograms.
10-30 10:22:25.209  8250  8250 I cr_ChildProcessService: Creating new ChildProcessService pid=8250
10-30 10:22:25.214  8218  8218 I cr_ChildProcessService: Creating new ChildProcessService pid=8218
10-30 10:22:25.238  8230  8230 I cr_ChildProcessService: Creating new ChildProcessService pid=8230
10-30 10:22:25.318  8250  8295 I cr_LibraryLoader: Loaded native library version number "85.0.4183.127"
10-30 10:22:25.320  8250  8295 I cr_CachingUmaRecorder: Flushed 1 samples from 1 histograms.
10-30 10:22:25.328  8142  8266 I chromium: [INFO:child_process_service.cc(69)] ChildProcessService: Exiting child process.
10-30 10:22:25.336   197   197 E lowmemorykiller: Error writing /proc/8142/oom_score_adj; errno=22
10-30 10:22:25.336   600  3509 E JavaBinder: !!! FAILED BINDER TRANSACTION !!!  (parcel size = 76)
10-30 10:22:25.336   600  3509 E JavaBinder: !!! FAILED BINDER TRANSACTION !!!  (parcel size = 576)
10-30 10:22:25.337   600  3509 W ActivityManager: Exception when unbinding service com.android.chrome/org.chromium.content.app.SandboxedProcessService13
10-30 10:22:25.337   600  3509 W ActivityManager: android.os.DeadObjectException: Transaction failed on small parcel; remote process probably died
10-30 10:22:25.337   600  3509 W ActivityManager: 	at android.os.BinderProxy.transactNative(Native Method)
10-30 10:22:25.337   600  3509 W ActivityManager: 	at android.os.BinderProxy.transact(Binder.java:615)
10-30 10:22:25.337   600  3509 W ActivityManager: 	at android.app.ApplicationThreadProxy.scheduleUnbindService(ApplicationThreadNative.java:1016)
10-30 10:22:25.337   600  3509 W ActivityManager: 	at com.android.server.am.ActiveServices.removeConnectionLocked(ActiveServices.java:2175)
10-30 10:22:25.337   600  3509 W ActivityManager: 	at com.android.server.am.ActiveServices.unbindServiceLocked(ActiveServices.java:1163)
10-30 10:22:25.337   600  3509 W ActivityManager: 	at com.android.server.am.ActivityManagerService.unbindService(ActivityManagerService.java:17309)
10-30 10:22:25.337   600  3509 W ActivityManager: 	at android.app.ActivityManagerNative.onTransact(ActivityManagerNative.java:1145)
10-30 10:22:25.337   600  3509 W ActivityManager: 	at com.android.server.am.ActivityManagerService.onTransact(ActivityManagerService.java:2795)
10-30 10:22:25.337   600  3509 W ActivityManager: 	at android.os.Binder.execTransact(Binder.java:565)
10-30 10:22:25.337   600  3509 E JavaBinder: !!! FAILED BINDER TRANSACTION !!!  (parcel size = 76)
10-30 10:22:25.337   600  3509 I ActivityManager: Killing 8125:com.android.chrome:sandboxed_process11/u0a35i774 (adj 0): isolated not needed
10-30 10:22:25.338   197   197 E lowmemorykiller: Error writing /proc/8142/oom_score_adj; errno=22
10-30 10:22:25.338   600  3509 I ActivityManager: Killing 8132:com.android.chrome:sandboxed_process12/u0a35i775 (adj 0): isolated not needed
10-30 10:22:25.338   600  3509 I ActivityManager: Killing 8111:com.android.chrome:sandboxed_process10/u0a35i773 (adj 0): isolated not needed
10-30 10:22:25.338   600  3509 E JavaBinder: !!! FAILED BINDER TRANSACTION !!!  (parcel size = 76)
10-30 10:22:25.349  8170  8280 I cr_LibraryLoader: Loaded native library version number "85.0.4183.127"
10-30 10:22:25.349  8170  8280 I cr_CachingUmaRecorder: Flushed 1 samples from 1 histograms.
10-30 10:22:25.350   600   713 I ActivityManager: Process com.android.chrome:sandboxed_process13 (pid 8142) has died
