--------- beginning of main
10-30 21:13:31.154 18142 18142 D AndroidRuntime: >>>>>> START com.android.internal.os.RuntimeInit uid 2000 <<<<<<
10-30 21:13:31.158 18142 18142 D AndroidRuntime: CheckJNI is OFF
10-30 21:13:31.222 18142 18142 D ICU     : No timezone override file found: /data/misc/zoneinfo/current/icu/icu_tzdata.dat
10-30 21:13:31.250 18142 18142 I Radio-JNI: register_android_hardware_Radio DONE
10-30 21:13:31.264 18142 18142 D AndroidRuntime: Calling main entry com.android.commands.am.Am
--------- beginning of system
10-30 21:13:31.281   600  3507 I ActivityManager: Force stopping com.android.chrome appid=10035 user=0: from pid 18142
10-30 21:13:31.282   600  3507 I ActivityManager: Killing 17459:com.android.chrome/u0a35 (adj 902): stop com.android.chrome
10-30 21:13:31.282   600  3507 D ActivityManager: cleanUpApplicationRecord -- 17459
10-30 21:13:31.293  1061  1061 D RegisteredNfcFServicesCache: Service unchanged, not updating
10-30 21:13:31.539   600 24611 I ActivityManager: START u0 {act=android.intent.action.VIEW flg=0x10008000 cmp=com.android.chrome/com.google.android.apps.chrome.Main} from uid 2000 on display 0
10-30 21:13:31.560 18142 18142 D AndroidRuntime: Shutting down VM
10-30 21:13:31.603   600   713 I ActivityManager: Start proc 18152:com.android.chrome/u0a35 for activity com.android.chrome/com.google.android.apps.chrome.Main
10-30 21:13:31.760   600  9614 I ActivityManager: START u0 {cmp=com.android.chrome/org.chromium.chrome.browser.firstrun.TabbedModeFirstRunActivity (has extras)} from uid 10035 on display 0
10-30 21:13:31.767 18152 18169 W DynamiteModule: Local module descriptor class for com.google.android.gms.googlecertificates not found.
10-30 21:13:31.824 18152 18169 I DynamiteModule: Considering local module com.google.android.gms.googlecertificates:0 and remote module com.google.android.gms.googlecertificates:6
10-30 21:13:31.824 18152 18169 I DynamiteModule: Selected remote version of com.google.android.gms.googlecertificates, version >= 6
10-30 21:13:31.933 18152 18169 W System  : ClassLoader referenced unknown path: 
10-30 21:13:31.934 18152 18169 D ApplicationLoaders: ignored Vulkan layer search path /data/app/com.google.android.gms-1/lib/arm:/data/app/com.google.android.gms-1/base.apk!/lib/armeabi-v7a:/data/app/com.google.android.gms-1/split_config.en.apk!/lib/armeabi-v7a for namespace 0xf4a47090
10-30 21:13:31.937 18152 18169 W ResourceType: ResTable_typeSpec entry count inconsistent: given 67, previously 69
10-30 21:13:31.937 18152 18169 W ResourceType: ResTable_typeSpec entry count inconsistent: given 5346, previously 5347
10-30 21:13:31.939 18152 18170 I cr_LibraryLoader: Loaded native library version number "85.0.4183.127"
10-30 21:13:31.940 18152 18170 I cr_CachingUmaRecorder: Flushed 10 samples from 10 histograms.
10-30 21:13:31.962 18152 18171 I OpenGLRenderer: Initialized EGL, version 1.4
10-30 21:13:31.962 18152 18171 D OpenGLRenderer: Swap behavior 2
10-30 21:13:31.981 18152 18169 I DynamiteLoaderV2Impl: [70] Googlecertificates
10-30 21:13:32.001 18152 18169 W System  : ClassLoader referenced unknown path: /data/user_de/0/com.google.android.gms/app_chimera/m/00000061/n/armeabi-v7a
10-30 21:13:32.002 18152 18169 W System  : ClassLoader referenced unknown path: /data/user_de/0/com.google.android.gms/app_chimera/m/00000061/n/armeabi
10-30 21:13:32.118   600   620 W WindowManager: Failed looking up window
10-30 21:13:32.118   600   620 W WindowManager: java.lang.IllegalArgumentException: Requested window android.view.ViewRootImpl$W@c5b5171 does not exist
10-30 21:13:32.118   600   620 W WindowManager: 	at com.android.server.wm.WindowManagerService.windowForClientLocked(WindowManagerService.java:9422)
10-30 21:13:32.118   600   620 W WindowManager: 	at com.android.server.wm.WindowManagerService.windowForClientLocked(WindowManagerService.java:9413)
10-30 21:13:32.118   600   620 W WindowManager: 	at com.android.server.wm.WindowManagerService.removeWindow(WindowManagerService.java:2393)
10-30 21:13:32.118   600   620 W WindowManager: 	at com.android.server.wm.Session.remove(Session.java:202)
10-30 21:13:32.118   600   620 W WindowManager: 	at android.view.ViewRootImpl.dispatchDetachedFromWindow(ViewRootImpl.java:3290)
10-30 21:13:32.118   600   620 W WindowManager: 	at android.view.ViewRootImpl.doDie(ViewRootImpl.java:5917)
10-30 21:13:32.118   600   620 W WindowManager: 	at android.view.ViewRootImpl$ViewRootHandler.handleMessage(ViewRootImpl.java:3626)
10-30 21:13:32.118   600   620 W WindowManager: 	at android.os.Handler.dispatchMessage(Handler.java:102)
10-30 21:13:32.118   600   620 W WindowManager: 	at android.os.Looper.loop(Looper.java:154)
10-30 21:13:32.118   600   620 W WindowManager: 	at android.os.HandlerThread.run(HandlerThread.java:61)
10-30 21:13:32.118   600   620 W WindowManager: 	at com.android.server.ServiceThread.run(ServiceThread.java:46)
10-30 21:13:32.149   600   620 I ActivityManager: Displayed com.android.chrome/org.chromium.chrome.browser.firstrun.TabbedModeFirstRunActivity: +342ms (total +586ms)
10-30 21:13:32.172   787   806 I FontLog : Received query Google Sans, URI content://com.google.android.gms.fonts [CONTEXT service_id=132 ]
10-30 21:13:32.172   787   806 I FontLog : Query [Google Sans] resolved to {Google Sans, wdth 100.0, wght 400, ital 0.0, bestEffort false} [CONTEXT service_id=132 ]
10-30 21:13:32.180   787   806 I FontLog : Font PFD returned from cache for {Google Sans, wdth 100.0, wght 400, ital 0.0, bestEffort false} [CONTEXT service_id=132 ]
10-30 21:13:32.180   787   806 I FontLog : Fetch {Google Sans, wdth 100.0, wght 400, ital 0.0, bestEffort false} end status Status{statusCode=SUCCESS, resolution=null} [CONTEXT service_id=132 ]
10-30 21:13:32.185   787  1714 I FontLog : Pulling font file for id = 1154, cache size = 8 [CONTEXT service_id=132 ]
10-30 21:13:32.223   787  1259 E apju    : Phenotype API error. Event # cdub@d93548fb, EventCode: 7 [CONTEXT service_id=51 ]
10-30 21:13:32.223   787  1259 E apju    : apiz: 29505: No config packages for log source, or config package not registered
10-30 21:13:32.223   787  1259 E apju    : 	at apkj.b(:com.google.android.gms@203915020@20.39.15 (040406-335085812):7)
10-30 21:13:32.223   787  1259 E apju    : 	at apkg.b(:com.google.android.gms@203915020@20.39.15 (040406-335085812):2)
10-30 21:13:32.223   787  1259 E apju    : 	at apju.a(:com.google.android.gms@203915020@20.39.15 (040406-335085812):85)
10-30 21:13:32.223   787  1259 E apju    : 	at apju.a(:com.google.android.gms@203915020@20.39.15 (040406-335085812):80)
10-30 21:13:32.223   787  1259 E apju    : 	at aain.run(:com.google.android.gms@203915020@20.39.15 (040406-335085812):7)
10-30 21:13:32.223   787  1259 E apju    : 	at boex.run(:com.google.android.gms@203915020@20.39.15 (040406-335085812):2)
10-30 21:13:32.223   787  1259 E apju    : 	at sup.b(:com.google.android.gms@203915020@20.39.15 (040406-335085812):12)
10-30 21:13:32.223   787  1259 E apju    : 	at sup.run(:com.google.android.gms@203915020@20.39.15 (040406-335085812):7)
10-30 21:13:32.223   787  1259 E apju    : 	at java.util.concurrent.ThreadPoolExecutor.runWorker(ThreadPoolExecutor.java:1133)
10-30 21:13:32.223   787  1259 E apju    : 	at java.util.concurrent.ThreadPoolExecutor$Worker.run(ThreadPoolExecutor.java:607)
10-30 21:13:32.223   787  1259 E apju    : 	at tam.run(:com.google.android.gms@203915020@20.39.15 (040406-335085812):0)
10-30 21:13:32.223   787  1259 E apju    : 	at java.lang.Thread.run(Thread.java:761)
10-30 21:13:32.225   787  1259 E AsyncOperation: serviceID=51, operation=GetExperimentTokensOperationCall [CONTEXT service_id=259 ]
10-30 21:13:32.225   787  1259 E AsyncOperation: OperationException[Status{statusCode=No config packages for log source, or config package not registered, resolution=null}]
10-30 21:13:32.225   787  1259 E AsyncOperation: 	at apju.a(:com.google.android.gms@203915020@20.39.15 (040406-335085812):87)
10-30 21:13:32.225   787  1259 E AsyncOperation: 	at apju.a(:com.google.android.gms@203915020@20.39.15 (040406-335085812):80)
10-30 21:13:32.225   787  1259 E AsyncOperation: 	at aain.run(:com.google.android.gms@203915020@20.39.15 (040406-335085812):7)
10-30 21:13:32.225   787  1259 E AsyncOperation: 	at boex.run(:com.google.android.gms@203915020@20.39.15 (040406-335085812):2)
10-30 21:13:32.225   787  1259 E AsyncOperation: 	at sup.b(:com.google.android.gms@203915020@20.39.15 (040406-335085812):12)
10-30 21:13:32.225   787  1259 E AsyncOperation: 	at sup.run(:com.google.android.gms@203915020@20.39.15 (040406-335085812):7)
10-30 21:13:32.225   787  1259 E AsyncOperation: 	at java.util.concurrent.ThreadPoolExecutor.runWorker(ThreadPoolExecutor.java:1133)
10-30 21:13:32.225   787  1259 E AsyncOperation: 	at java.util.concurrent.ThreadPoolExecutor$Worker.run(ThreadPoolExecutor.java:607)
10-30 21:13:32.225   787  1259 E AsyncOperation: 	at tam.run(:com.google.android.gms@203915020@20.39.15 (040406-335085812):0)
10-30 21:13:32.225   787  1259 E AsyncOperation: 	at java.lang.Thread.run(Thread.java:761)
10-30 21:13:32.235 18152 18169 D NetworkSecurityConfig: Using Network Security Config from resource 0_resource_name_obfuscated debugBuild: false
10-30 21:13:32.297   787   805 I FontLog : Received query Google Sans:500, URI content://com.google.android.gms.fonts [CONTEXT service_id=132 ]
10-30 21:13:32.299   787   805 I FontLog : Query [Google Sans:500] resolved to {Google Sans, wdth 100.0, wght 500, ital 0.0, bestEffort false} [CONTEXT service_id=132 ]
10-30 21:13:32.303   787   805 I FontLog : Font PFD returned from cache for {Google Sans, wdth 100.0, wght 500, ital 0.0, bestEffort false} [CONTEXT service_id=132 ]
10-30 21:13:32.344   787   805 I FontLog : Fetch {Google Sans, wdth 100.0, wght 500, ital 0.0, bestEffort false} end status Status{statusCode=SUCCESS, resolution=null} [CONTEXT service_id=132 ]
10-30 21:13:32.364 17571 17571 I MemoryTrimmer: Trimming objects from memory, since app is in the background.
10-30 21:13:32.365   787 28589 I FontLog : Pulling font file for id = 1155, cache size = 9 [CONTEXT service_id=132 ]
10-30 21:13:32.373  1084  1084 I MemoryTrimmer: Trimming objects from memory, since app is in the background.
10-30 21:13:32.423 17571 18057 I DeviceStateChecker: DeviceStateChecker cancelled
10-30 21:13:32.424 17571 17571 I MicroDetector: Keeping mic open: false
10-30 21:13:32.424 17571  6534 I AudioController: internalShutdown
10-30 21:13:32.424 17571  6534 I MicrophoneInputStream: mic_close com.google.android.apps.gsa.speech.audio.ae@b81a3bb
10-30 21:13:32.438 17571 17643 I MicroRecognitionRunner: Stopping hotword detection.
10-30 21:13:32.440   238   285 I SoundTriggerHwService::Module: void android::SoundTriggerHwService::Module::onCallbackEvent(const sp<android::SoundTriggerHwService::CallbackEvent> &) mClient == 0
10-30 21:13:32.450 17571 18058 I MicroRecognitionRunner: Detection finished
10-30 21:13:32.473 17571 17571 I MemoryTrimmer: Trimming objects from memory, since app is in the background.
10-30 21:13:32.590 18152 18169 I cr_VariationsSeedFetch: Fetched first run seed in 361 ms
10-30 21:13:32.621   600 24515 I ActivityManager: Start proc 18187:com.android.chrome:sandboxed_process0/u0i137 for service com.android.chrome/org.chromium.content.app.SandboxedProcessService0
10-30 21:13:32.669 18187 18187 W dboxed_process0: type=1400 audit(0.0:8902): avc: denied { getattr } for path="/data/data/com.android.chrome" dev="dm-2" ino=12190 scontext=u:r:isolated_app:s0:c512,c768 tcontext=u:object_r:app_data_file:s0:c512,c768 tclass=dir permissive=0
10-30 21:13:32.700 18187 18187 I cr_ChildProcessService: Creating new ChildProcessService pid=18187
10-30 21:13:32.799   600  1079 I ActivityManager: Start proc 18213:com.android.chrome:privileged_process0/u0a35 for service com.android.chrome/org.chromium.content.app.PrivilegedProcessService0
10-30 21:13:32.871 18152 18173 W ConnectionStatusConfig: Dynamic lookup for intent failed for action: com.google.android.gms.auth.key.retrieval.service.START
10-30 21:13:32.888 18152 18173 W ConnectionStatusConfig: Dynamic lookup for intent failed for action: com.google.android.gms.auth.key.retrieval.service.START
10-30 21:13:32.890   600 24515 W ActivityManager: Unable to start service Intent { act=com.google.android.gms.auth.key.retrieval.service.START pkg=com.google.android.gms } U=0: not found
10-30 21:13:32.896   600 13558 W ActivityManager: Unbind failed: could not find connection for android.os.BinderProxy@17053dd
10-30 21:13:32.896 18152 18173 E GmsClient: unable to connect to service: com.google.android.gms.auth.key.retrieval.service.START on com.google.android.gms
10-30 21:13:32.938 18152 18152 W cr_KnoxSettingsProvider: Permission to read device policy denied.
10-30 21:13:32.943 18213 18213 I cr_ChildProcessService: Creating new ChildProcessService pid=18213
10-30 21:13:32.983 18213 18231 I cr_LibraryLoader: Loaded native library version number "85.0.4183.127"
10-30 21:13:32.984 18213 18231 I cr_CachingUmaRecorder: Flushed 1 samples from 1 histograms.
10-30 21:13:32.995 18213 18231 E libEGL  : validate_display:99 error 3008 (EGL_BAD_DISPLAY)
10-30 21:13:42.525 17571 17571 I MemoryTrimmer: Trimming objects from memory, since app is in the background.
10-30 21:13:44.262 18257 18257 D AndroidRuntime: >>>>>> START com.android.internal.os.RuntimeInit uid 2000 <<<<<<
10-30 21:13:44.266 18257 18257 D AndroidRuntime: CheckJNI is OFF
10-30 21:13:44.329 18257 18257 D ICU     : No timezone override file found: /data/misc/zoneinfo/current/icu/icu_tzdata.dat
10-30 21:13:44.360 18257 18257 I Radio-JNI: register_android_hardware_Radio DONE
10-30 21:13:44.375 18257 18257 D AndroidRuntime: Calling main entry com.android.commands.monkey.Monkey
10-30 21:13:44.440   600   613 W BroadcastQueue: Skipping deliver [background] BroadcastRecord{880017c u-1 android.net.conn.CONNECTIVITY_CHANGE} to ReceiverList{dc9a05 18257 (unknown name)/2000/u-1 remote:1e0074e}: process crashing
10-30 21:13:46.050 18257 18257 D MonkeyStub: translateCommand: wake
10-30 21:13:46.159 18257 18257 D MonkeyStub: translateCommand: tap 398 1198
10-30 21:13:48.249 18257 18257 D MonkeyStub: translateCommand: tap 720 1506
10-30 21:13:48.429 29332 30220 I PeopleChimeraService: onService. callbacks = aaik@5ca9121, request = com.google.android.gms.common.internal.GetServiceRequest@ffe0946
10-30 21:13:48.439 29332 29344 I PeopleChimeraService: onService. callbacks = aaik@eee0034, request = com.google.android.gms.common.internal.GetServiceRequest@b9e1e5d
10-30 21:13:50.301 18257 18257 D MonkeyStub: translateCommand: tap 355 1480
10-30 21:13:50.319 18257 18257 D MonkeyStub: Quit requested
10-30 21:13:50.343   600 13557 I ActivityManager: START u0 {act=android.intent.action.VIEW flg=0x10008000 cmp=com.android.chrome/com.google.android.apps.chrome.Main (has extras)} from uid 10035 on display 0
10-30 21:13:50.366   600   614 I CwMcuSensor: CwMcuSensor::flush: fd = 241, sensors_id = 0, path = /sys/class/htc_sensorhub/sensor_hub/flush, err = 0
10-30 21:13:50.437 18257 18257 I art     : System.exit called, status: 6
10-30 21:13:50.437 18257 18257 I AndroidRuntime: VM exiting with result code 6.
10-30 21:13:50.500   600   600 E JavaBinder: !!! FAILED BINDER TRANSACTION !!!  (parcel size = 720)
10-30 21:13:50.505 18152 18152 E cr_CompositorSurfaceMgr: Transitioning to surface with format : -1
10-30 21:13:50.515   600   713 W WindowManager: Attempted to remove non-existing token: android.os.Binder@9b94a5a
10-30 21:13:50.518   600   600 E AccessibilityManagerService: Error during sending EventType: TYPE_WINDOW_CONTENT_CHANGED; EventTime: 94677881; PackageName: com.android.chrome; MovementGranularity: 0; Action: 0 [ ClassName: android.view.View; Text: []; ContentDescription: null; ItemCount: -1; CurrentItemIndex: -1; IsEnabled: true; IsPassword: false; IsChecked: false; IsFullScreen: false; Scrollable: false; BeforeText: null; FromIndex: -1; ToIndex: -1; ScrollX: -1; ScrollY: -1; MaxScrollX: -1; MaxScrollY: -1; AddedCount: -1; RemovedCount: -1; ParcelableData: null ]; recordCount: 0 to android.accessibilityservice.IAccessibilityServiceClient$Stub$Proxy@99629f3
10-30 21:13:50.518   600   600 E AccessibilityManagerService: android.os.DeadObjectException: Transaction failed on small parcel; remote process probably died
10-30 21:13:50.518   600   600 E AccessibilityManagerService: 	at android.os.BinderProxy.transactNative(Native Method)
10-30 21:13:50.518   600   600 E AccessibilityManagerService: 	at android.os.BinderProxy.transact(Binder.java:615)
10-30 21:13:50.518   600   600 E AccessibilityManagerService: 	at android.accessibilityservice.IAccessibilityServiceClient$Stub$Proxy.onAccessibilityEvent(IAccessibilityServiceClient.java:191)
10-30 21:13:50.518   600   600 E AccessibilityManagerService: 	at com.android.server.accessibility.AccessibilityManagerService$Service.notifyAccessibilityEventInternal(AccessibilityManagerService.java:3245)
10-30 21:13:50.518   600   600 E AccessibilityManagerService: 	at com.android.server.accessibility.AccessibilityManagerService$Service.-wrap0(AccessibilityManagerService.java)
10-30 21:13:50.518   600   600 E AccessibilityManagerService: 	at com.android.server.accessibility.AccessibilityManagerService$Service$1.handleMessage(AccessibilityManagerService.java:2260)
10-30 21:13:50.518   600   600 E AccessibilityManagerService: 	at android.os.Handler.dispatchMessage(Handler.java:102)
10-30 21:13:50.518   600   600 E AccessibilityManagerService: 	at android.os.Looper.loop(Looper.java:154)
10-30 21:13:50.518   600   600 E AccessibilityManagerService: 	at com.android.server.SystemServer.run(SystemServer.java:349)
10-30 21:13:50.518   600   600 E AccessibilityManagerService: 	at com.android.server.SystemServer.main(SystemServer.java:219)
10-30 21:13:50.518   600   600 E AccessibilityManagerService: 	at java.lang.reflect.Method.invoke(Native Method)
10-30 21:13:50.518   600   600 E AccessibilityManagerService: 	at com.android.internal.os.ZygoteInit$MethodAndArgsCaller.run(ZygoteInit.java:886)
10-30 21:13:50.518   600   600 E AccessibilityManagerService: 	at com.android.internal.os.ZygoteInit.main(ZygoteInit.java:776)
10-30 21:13:50.583 18152 18206 W cr_tabmodel: Starting to perform legacy migration.
10-30 21:13:50.583   600   609 I art     : Background partial concurrent mark sweep GC freed 15999(858KB) AllocSpace objects, 3(60KB) LOS objects, 33% free, 16MB/25MB, paused 869us total 193.650ms
10-30 21:13:50.584 18152 18206 W cr_tabmodel: Finished performing legacy migration.
10-30 21:13:50.584 18152 18206 W cr_tabmodel: Starting to perform multi-instance migration.
10-30 21:13:50.584 18152 18206 W cr_tabmodel: Finished performing multi-instance migration.
10-30 21:13:50.584 18152 18206 I cr_tabmodel: Starting to fetch tab list for tab_state0
10-30 21:13:50.584 18152 18206 I cr_tabmodel: State file does not exist.
10-30 21:13:50.584 18152 18206 I cr_tabmodel: Starting to fetch tab list for tab_state1
10-30 21:13:50.584 18152 18206 I cr_tabmodel: State file does not exist.
10-30 21:13:50.616 18152 18206 I cr_ADCP : No customization source found
10-30 21:13:50.691 18152 18152 E cr_CompositorSurfaceMgr: Transitioning to surface with format : -1
10-30 21:13:50.692   600   620 I ActivityManager: Displayed com.android.chrome/com.google.android.apps.chrome.Main: +328ms
10-30 21:13:50.695 18152 18152 E cr_CompositorSurfaceMgr: surfaceCreated format : 0
10-30 21:13:50.706 18152 18152 I cr_ContextualSearch: Tap suppression enabled: false
10-30 21:13:50.710 18152 18152 I cr_ChromeTabbedActivity: #initializeState
10-30 21:13:50.710 18152 18152 I cr_CipherFactory: #restoreFromBundle, no savedInstanceState.
10-30 21:13:50.710 18152 18152 I cr_tabmodel: #loadState, ignoreIncognitoFiles? true
10-30 21:13:50.799   600  3994 E BatteryStatsService: power: Missing API
10-30 21:13:50.826   796   796 E PhoneInterfaceManager: [PhoneIntfMgr] queryModemActivityInfo: Empty response
10-30 21:13:50.826   600  3994 E BatteryStatsService: no controller energy info supplied
10-30 21:13:50.840   600  3994 E BatteryStatsService: modem info is invalid: ModemActivityInfo{ mTimestamp=0 mSleepTimeMs=0 mIdleTimeMs=0 mTxTimeMs[]=[0, 0, 0, 0, 0] mRxTimeMs=0 mEnergyUsed=0}
10-30 21:13:50.924 18152 18152 I SchedulerApiWrapper: Create SchedulerApiMainThreadWrapper
10-30 21:13:50.933 18152 18152 I FeedSessionManagerImpl: FeedSessionManagerImpl has been created
10-30 21:13:50.933 18152 18152 I FeedAppLifecycleLstnr: onEnterForeground called
10-30 21:13:50.933 18152 18152 I FeedSessionManagerImpl: onLifecycleEvent foreground
10-30 21:13:50.934 18152 18152 I FeedSessionManagerImpl: Lazy initialization triggered, getUpdateConsumer
10-30 21:13:50.934 18152 18152 I FeedRequestManagerImpl: trigger refresh 2
10-30 21:13:50.934 18152 18205 I TaskQueue: Execute task [IMMEDIATE - d: true, b: 0]: 30
10-30 21:13:50.935 18152 18152 I TaskQueue:  - task [HEAD_INVALIDATE - d: true, b: 0]: 26
10-30 21:13:50.935 18152 18152 I FeedAppLifecycleLstnr: initialize called
10-30 21:13:50.936 18152 18152 I FeedSessionManagerImpl: onLifecycleEvent initialize
10-30 21:13:50.936 18152 18152 W FeedSessionManagerImpl: FeedSessionManagerImpl has previously been initialized
10-30 21:13:50.968 18152 18152 I ViewConfigCompat: Could not find method getScaledScrollFactor() on ViewConfiguration
10-30 21:13:50.972 18152 18152 I BasicStream: Setting 2 header views, currently have 0 headers
10-30 21:13:50.974 18152 18152 I BasicStream: Setting 2 header views, currently have 2 headers
10-30 21:13:51.032   600   619 D BluetoothManagerService: Message: 20
10-30 21:13:51.032   600   619 D BluetoothManagerService: Added callback: android.bluetooth.IBluetoothManagerCallback$Stub$Proxy@d8c1c74:true
10-30 21:13:51.059 18187 18200 I cr_LibraryLoader: Loaded native library version number "85.0.4183.127"
10-30 21:13:51.060 18187 18200 I cr_CachingUmaRecorder: Flushed 1 samples from 1 histograms.
10-30 21:13:51.065 18152 18152 E cr_IntentUtils: getBooleanExtra failed on intent null
10-30 21:13:51.084 18152 18152 I TimeoutSessionImpl: Using TimeoutSessionImpl
10-30 21:13:51.084 18152 18152 I FeedSessionManagerImpl: Delaying populateSession until initialization is finished
10-30 21:13:51.084 18152 18152 I TaskQueue:  - task [IMMEDIATE - d: true, b: 1]: 13
10-30 21:13:51.085 18152 18152 I MainThreadRunner: Running task [BasicStream onShow] on the Main Thread with a delay of 500 milliseconds
10-30 21:13:51.176 18152 18162 I art     : Background sticky concurrent mark sweep GC freed 8735(518KB) AllocSpace objects, 1(20KB) LOS objects, 5% free, 8MB/8MB, paused 888us total 104.340ms
10-30 21:13:51.179   600  1076 I ActivityManager: Start proc 18292:com.android.chrome:sandboxed_process1/u0i138 for service com.android.chrome/org.chromium.content.app.SandboxedProcessService1
10-30 21:13:51.186 18152 18205 W SessionCache: Persisted Sessions were not found
10-30 21:13:51.187 18152 18205 I HeadSessionImpl: Initialize HEAD 0 items
10-30 21:13:51.187 18152 18205 I TaskQueue:  - task [BACKGROUND - d: true, b: 2]: 11
10-30 21:13:51.187 18152 18205 I TimingUtils: Task Timing 252ms, thread JardinExecutor | task : Initialization
10-30 21:13:51.187 18152 18205 I TaskQueue:  - Finished 30, time 253 ms
10-30 21:13:51.188 18152 18205 I TaskQueue: Execute task [HEAD_INVALIDATE - d: true, b: 2]: 26
10-30 21:13:51.192 18152 18205 I TimingUtils: Task Timing   4ms, thread JardinExecutor | task : getAllDismissLocalActions | size : 0
10-30 21:13:51.192 18152 18205 I TimingUtils: Task Timing   0ms, thread JardinExecutor | task : getSemanticProperties | size : 0
10-30 21:13:51.192 18152 18205 I MainThreadRunner: Running task [Check Tooltips] on the Main Thread
10-30 21:13:51.192 18152 18205 I TaskQueue:  * Starting starvation checks
10-30 21:13:51.193 18152 18205 I MainThreadRunner: Running task [starvationChecks] on the Main Thread with a delay of 6000 milliseconds
10-30 21:13:51.193 18152 18205 I TaskQueue:  - Finished 26, time 5 ms
10-30 21:13:51.193 18152 18205 I TaskQueue: Execute task [IMMEDIATE - d: true, b: 1]: 13
10-30 21:13:51.193 18152 18205 I FeedSessionManagerImpl: shouldSessionRequestData; hasContent(false), contentCreationTime(0), outstandingRequest(true)
10-30 21:13:51.193 18152 18205 I MainThreadRunner: Running task [SchedulerApiWrapper shouldSessionRequestData] on the Main Thread
10-30 21:13:51.241   600 13557 I ActivityManager: Start proc 18302:com.android.chrome:sandboxed_process2/u0i139 for service com.android.chrome/org.chromium.content.app.SandboxedProcessService2
10-30 21:13:51.293   600  9614 I ActivityManager: Start proc 18321:com.android.chrome:sandboxed_process3/u0i140 for service com.android.chrome/org.chromium.content.app.SandboxedProcessService3
10-30 21:13:51.329 18152 18162 W art     : Suspending all threads took: 8.084ms
10-30 21:13:51.345   600 24611 I ActivityManager: Start proc 18328:com.android.chrome:sandboxed_process4/u0i141 for service com.android.chrome/org.chromium.content.app.SandboxedProcessService4
10-30 21:13:51.369 18152 18162 I art     : Background partial concurrent mark sweep GC freed 12240(601KB) AllocSpace objects, 8(724KB) LOS objects, 39% free, 8MB/14MB, paused 8.764ms total 160.185ms
10-30 21:13:51.420   600 24515 I ActivityManager: Start proc 18343:com.android.chrome:sandboxed_process5/u0i142 for service com.android.chrome/org.chromium.content.app.SandboxedProcessService5
10-30 21:13:51.463 18302 18302 W dboxed_process2: type=1400 audit(0.0:8903): avc: denied { getattr } for path="/data/data/com.android.chrome" dev="dm-2" ino=12190 scontext=u:r:isolated_app:s0:c512,c768 tcontext=u:object_r:app_data_file:s0:c512,c768 tclass=dir permissive=0
10-30 21:13:51.465 18152 18152 I PlayCore: UID: [10035]  PID: [18152] SplitInstallService : deferredInstall([image_editor])
10-30 21:13:51.469 18292 18292 W dboxed_process1: type=1400 audit(0.0:8904): avc: denied { getattr } for path="/data/data/com.android.chrome" dev="dm-2" ino=12190 scontext=u:r:isolated_app:s0:c512,c768 tcontext=u:object_r:app_data_file:s0:c512,c768 tclass=dir permissive=0
10-30 21:13:51.504   600  3675 I ActivityManager: Start proc 18363:com.android.chrome:sandboxed_process6/u0i143 for service com.android.chrome/org.chromium.content.app.SandboxedProcessService6
10-30 21:13:51.556   600  9614 I ActivityManager: Start proc 18368:com.android.chrome:sandboxed_process7/u0i144 for service com.android.chrome/org.chromium.content.app.SandboxedProcessService7
10-30 21:13:51.636 18321 18321 W dboxed_process3: type=1400 audit(0.0:8905): avc: denied { getattr } for path="/data/data/com.android.chrome" dev="dm-2" ino=12190 scontext=u:r:isolated_app:s0:c512,c768 tcontext=u:object_r:app_data_file:s0:c512,c768 tclass=dir permissive=0
10-30 21:13:51.653   600  1081 I ActivityManager: Start proc 18391:com.android.chrome:sandboxed_process8/u0i145 for service com.android.chrome/org.chromium.content.app.SandboxedProcessService8
10-30 21:13:51.658 18292 18292 I cr_ChildProcessService: Creating new ChildProcessService pid=18292
10-30 21:13:51.701 18302 18302 I cr_ChildProcessService: Creating new ChildProcessService pid=18302
10-30 21:13:51.713 18328 18328 W dboxed_process4: type=1400 audit(0.0:8906): avc: denied { getattr } for path="/data/data/com.android.chrome" dev="dm-2" ino=12190 scontext=u:r:isolated_app:s0:c512,c768 tcontext=u:object_r:app_data_file:s0:c512,c768 tclass=dir permissive=0
10-30 21:13:51.766 18343 18343 W dboxed_process5: type=1400 audit(0.0:8907): avc: denied { getattr } for path="/data/data/com.android.chrome" dev="dm-2" ino=12190 scontext=u:r:isolated_app:s0:c512,c768 tcontext=u:object_r:app_data_file:s0:c512,c768 tclass=dir permissive=0
10-30 21:13:51.835 18152 18152 I cr_tabmodel: Appending tabs being restored to metadata lists, 0, startingNormalCount: 1, startingIncognitoCount: 0
10-30 21:13:51.835 18152 18152 I cr_tabmodel: Serializing tab lists; counts: 1, 0
10-30 21:13:51.853 18363 18363 W dboxed_process6: type=1400 audit(0.0:8908): avc: denied { getattr } for path="/data/data/com.android.chrome" dev="dm-2" ino=12190 scontext=u:r:isolated_app:s0:c512,c768 tcontext=u:object_r:app_data_file:s0:c512,c768 tclass=dir permissive=0
10-30 21:13:51.874 18321 18321 I cr_ChildProcessService: Creating new ChildProcessService pid=18321
10-30 21:13:51.895 18152 18152 I Choreographer: Skipped 71 frames!  The application may be doing too much work on its main thread.
10-30 21:13:51.923 18328 18328 I cr_ChildProcessService: Creating new ChildProcessService pid=18328
10-30 21:13:51.933 18368 18368 W dboxed_process7: type=1400 audit(0.0:8909): avc: denied { getattr } for path="/data/data/com.android.chrome" dev="dm-2" ino=12190 scontext=u:r:isolated_app:s0:c512,c768 tcontext=u:object_r:app_data_file:s0:c512,c768 tclass=dir permissive=0
10-30 21:13:52.014 18343 18343 I cr_ChildProcessService: Creating new ChildProcessService pid=18343
10-30 21:13:52.019 18292 18396 I cr_LibraryLoader: Loaded native library version number "85.0.4183.127"
10-30 21:13:52.035 18292 18396 I cr_CachingUmaRecorder: Flushed 1 samples from 1 histograms.
10-30 21:13:52.081 18152 18152 I TaskQueue:  - task [IMMEDIATE - d: true, b: 1]: 27
10-30 21:13:52.082 18152 18205 I FeedSessionManagerImpl: shouldSessionRequestDataResult: NO_REQUEST_WITH_WAIT, shouldMakeRequest(false), withTimeout(false), withAppend(false)
10-30 21:13:52.082 18152 18205 I TaskQueue:  - task [USER_FACING - d: true, b: 2]: 24
10-30 21:13:52.082 18152 18205 I TaskQueue:  - Finished 13, time 890 ms
10-30 21:13:52.082 18152 18205 I TaskQueue: Execute task [IMMEDIATE - d: true, b: 2]: 27
10-30 21:13:52.084 18152 18205 I FeedRequestManagerImpl: Consistency Token: # hU2@7bca4
10-30 21:13:52.091 18152 18205 I FeedRequestManagerImpl: Capability: FEED_UI
10-30 21:13:52.091 18152 18205 I FeedRequestManagerImpl: Capability: UNDOABLE_ACTIONS
10-30 21:13:52.091 18152 18205 I FeedRequestManagerImpl: Capability: MANAGE_INTERESTS
10-30 21:13:52.091 18152 18205 I FeedRequestManagerImpl: Capability: SEND_FEEDBACK
10-30 21:13:52.091 18152 18205 I FeedRequestManagerImpl: Capability: ARTICLE_SNIPPETS
10-30 21:13:52.091 18152 18205 I FeedRequestManagerImpl: Capability: CLICK_ACTION
10-30 21:13:52.091 18152 18205 I FeedRequestManagerImpl: Capability: VIEW_ACTION
10-30 21:13:52.091 18152 18205 I FeedRequestManagerImpl: Capability: REPORT_FEED_USER_ACTIONS_NOTICE_CARD
10-30 21:13:52.091 18152 18205 I FeedRequestManagerImpl: Capability: BASE_UI
10-30 21:13:52.096 18363 18363 I cr_ChildProcessService: Creating new ChildProcessService pid=18363
10-30 21:13:52.098 18302 18398 I cr_LibraryLoader: Loaded native library version number "85.0.4183.127"
10-30 21:13:52.099 18302 18398 I cr_CachingUmaRecorder: Flushed 1 samples from 1 histograms.
10-30 21:13:52.103 18391 18391 W dboxed_process8: type=1400 audit(0.0:8910): avc: denied { getattr } for path="/data/data/com.android.chrome" dev="dm-2" ino=12190 scontext=u:r:isolated_app:s0:c512,c768 tcontext=u:object_r:app_data_file:s0:c512,c768 tclass=dir permissive=0
10-30 21:13:52.108 18152 18205 I FeedRequestManagerImpl: Making Request: /httpservice/noretry/DiscoverClankService/FeedQuery
10-30 21:13:52.108 18152 18205 I MainThreadRunner: Running task [NetworkClientWrapper send] on the Main Thread
10-30 21:13:52.109 18152 18205 I TaskQueue:  - Finished 27, time 26 ms
10-30 21:13:52.170 18368 18368 I cr_ChildProcessService: Creating new ChildProcessService pid=18368
10-30 21:13:52.241   600  3509 I ActivityManager: Start proc 18421:com.android.chrome:sandboxed_process9/u0i146 for service com.android.chrome/org.chromium.content.app.SandboxedProcessService9
10-30 21:13:52.283 18321 18410 I cr_LibraryLoader: Loaded native library version number "85.0.4183.127"
10-30 21:13:52.315 18321 18410 I cr_CachingUmaRecorder: Flushed 1 samples from 1 histograms.
10-30 21:13:52.331 18328 18411 I cr_LibraryLoader: Loaded native library version number "85.0.4183.127"
10-30 21:13:52.331 18328 18411 I cr_CachingUmaRecorder: Flushed 1 samples from 1 histograms.
10-30 21:13:52.335 18343 18412 I cr_LibraryLoader: Loaded native library version number "85.0.4183.127"
10-30 21:13:52.335 18343 18412 I cr_CachingUmaRecorder: Flushed 1 samples from 1 histograms.
10-30 21:13:52.339   600  3994 I ActivityManager: Killing 18292:com.android.chrome:sandboxed_process1/u0a35i138 (adj 0): isolated not needed
10-30 21:13:52.342 18391 18391 I cr_ChildProcessService: Creating new ChildProcessService pid=18391
10-30 21:13:52.374 18152 18202 W cr_CrashFileManager: /data/user/0/com.android.chrome/cache/Crash Reports does not exist or is not a directory
10-30 21:13:52.374 18152 18202 W cr_CrashFileManager: /data/user/0/com.android.chrome/cache/Crash Reports does not exist or is not a directory
10-30 21:13:52.374 18152 18202 W cr_CrashFileManager: /data/user/0/com.android.chrome/cache/Crash Reports does not exist or is not a directory
10-30 21:13:52.377 18152 18202 I cr_FileUtils: Writing to /data/user/0/com.android.chrome/app_dex/webapk7.dex
10-30 21:13:52.403 18152 18186 I cr_BindingManager: Moderate binding enabled: maxSize=40
10-30 21:13:52.434   600 24611 I ActivityManager: Killing 18302:com.android.chrome:sandboxed_process2/u0a35i139 (adj 0): isolated not needed
10-30 21:13:52.553 18368 18417 I cr_LibraryLoader: Loaded native library version number "85.0.4183.127"
10-30 21:13:52.562 18368 18417 I cr_CachingUmaRecorder: Flushed 1 samples from 1 histograms.
10-30 21:13:52.600 18363 18413 I cr_LibraryLoader: Loaded native library version number "85.0.4183.127"
10-30 21:13:52.600 18363 18413 I cr_CachingUmaRecorder: Flushed 1 samples from 1 histograms.
10-30 21:13:52.603 18421 18421 W dboxed_process9: type=1400 audit(0.0:8911): avc: denied { getattr } for path="/data/data/com.android.chrome" dev="dm-2" ino=12190 scontext=u:r:isolated_app:s0:c512,c768 tcontext=u:object_r:app_data_file:s0:c512,c768 tclass=dir permissive=0
10-30 21:13:52.630 18328 18411 I chromium: [INFO:child_process_service.cc(69)] ChildProcessService: Exiting child process.
10-30 21:13:52.637   600  1079 I ActivityManager: Killing 18328:com.android.chrome:sandboxed_process4/u0a35i141 (adj 0): isolated not needed
10-30 21:13:52.637   600  1079 I ActivityManager: Killing 18343:com.android.chrome:sandboxed_process5/u0a35i142 (adj 0): isolated not needed
10-30 21:13:52.637   600  1079 I ActivityManager: Killing 18321:com.android.chrome:sandboxed_process3/u0a35i140 (adj 0): isolated not needed
10-30 21:13:52.645 29332 29713 I Icing   : IndexChimeraService.getServiceInterface callingPackage=com.android.chrome componentName=null serviceId=36
10-30 21:13:52.666 18152 18162 W art     : Suspending all threads took: 7.819ms
10-30 21:13:52.671   600  6312 D ActivityManager: cleanUpApplicationRecord -- 18328
10-30 21:13:52.699 18152 18152 W chromium: [WARNING:compositor_view.cc(315)] Child process died (type=6) pid=18328)
10-30 21:13:52.703 18391 18428 I cr_LibraryLoader: Loaded native library version number "85.0.4183.127"
10-30 21:13:52.703 18391 18428 I cr_CachingUmaRecorder: Flushed 1 samples from 1 histograms.
10-30 21:13:52.778 18152 18162 I art     : Background sticky concurrent mark sweep GC freed 68438(3MB) AllocSpace objects, 55(1116KB) LOS objects, 28% free, 10MB/14MB, paused 9.834ms total 268.662ms
10-30 21:13:52.818 29332 29902 I Icing   : IndexChimeraService.getServiceInterface callingPackage=com.android.chrome componentName=null serviceId=36
10-30 21:13:52.826 18421 18421 I cr_ChildProcessService: Creating new ChildProcessService pid=18421
10-30 21:13:52.933 18391 18428 I chromium: [INFO:child_process_service.cc(69)] ChildProcessService: Exiting child process.
10-30 21:13:52.942   600  1080 I ActivityManager: Start proc 18457:com.android.chrome:sandboxed_process10/u0i147 for service com.android.chrome/org.chromium.content.app.SandboxedProcessService10
10-30 21:13:52.944   197   197 E lowmemorykiller: Error writing /proc/18391/oom_score_adj; errno=22
10-30 21:13:52.955 18444 18444 I dex2oat : /system/bin/dex2oat --dex-file=/data/user/0/com.android.chrome/app_dex/webapk7.dex --oat-fd=222 --oat-location=/data/user/0/com.android.chrome/app_dex/oat/arm/webapk7.dex --compiler-filter=speed
10-30 21:13:52.994 18152 18152 W chromium: [WARNING:compositor_view.cc(315)] Child process died (type=6) pid=18391)
10-30 21:13:52.995   600 13631 I ActivityManager: Process com.android.chrome:sandboxed_process8 (pid 18391) has died
10-30 21:13:52.995   600 13631 D ActivityManager: cleanUpApplicationRecord -- 18391
10-30 21:13:52.995   600 13631 I ActivityManager: Killing 18363:com.android.chrome:sandboxed_process6/u0a35i143 (adj 0): isolated not needed
10-30 21:13:52.995   600 13631 I ActivityManager: Killing 18368:com.android.chrome:sandboxed_process7/u0a35i144 (adj 0): isolated not needed
10-30 21:13:53.011 18152 18186 I cr_BindingManager: onTrimMemory: level=15, size=0
10-30 21:13:53.041 18421 18456 I cr_LibraryLoader: Loaded native library version number "85.0.4183.127"
10-30 21:13:53.041 18421 18456 I cr_CachingUmaRecorder: Flushed 1 samples from 1 histograms.
10-30 21:13:53.182 18421 18456 I chromium: [INFO:child_process_service.cc(69)] ChildProcessService: Exiting child process.
10-30 21:13:53.196 18457 18457 W boxed_process10: type=1400 audit(0.0:8912): avc: denied { getattr } for path="/data/data/com.android.chrome" dev="dm-2" ino=12190 scontext=u:r:isolated_app:s0:c512,c768 tcontext=u:object_r:app_data_file:s0:c512,c768 tclass=dir permissive=0
10-30 21:13:53.207 18152 18357 I PlayCore: UID: [10035]  PID: [18152] SplitInstallService : Initiate binding to the service.
10-30 21:13:53.236   600  9614 I ActivityManager: Start proc 18477:com.android.chrome:sandboxed_process11/u0i148 for service com.android.chrome/org.chromium.content.app.SandboxedProcessService11
10-30 21:13:53.279 18457 18457 I cr_ChildProcessService: Creating new ChildProcessService pid=18457
10-30 21:13:53.280   600  1081 I ActivityManager: Start proc 18483:com.android.chrome:sandboxed_process12/u0i149 for service com.android.chrome/org.chromium.content.app.SandboxedProcessService12
10-30 21:13:53.400 18457 18494 I cr_LibraryLoader: Loaded native library version number "85.0.4183.127"
10-30 21:13:53.400 18457 18494 I cr_CachingUmaRecorder: Flushed 1 samples from 1 histograms.
10-30 21:13:53.434 18457 18494 I chromium: [INFO:child_process_service.cc(69)] ChildProcessService: Exiting child process.
10-30 21:13:53.473 18152 18152 W chromium: [WARNING:compositor_view.cc(315)] Child process died (type=6) pid=18457)
10-30 21:13:53.605 18152 18152 W chromium: [WARNING:compositor_view.cc(315)] Child process died (type=6) pid=18302)
10-30 21:13:53.612 18286 18286 D AndroidRuntime: >>>>>> START com.android.internal.os.RuntimeInit uid 2000 <<<<<<
10-30 21:13:53.618 18152 18152 W chromium: [WARNING:compositor_view.cc(315)] Child process died (type=6) pid=18321)
10-30 21:13:53.619 18152 18152 W chromium: [WARNING:compositor_view.cc(315)] Child process died (type=6) pid=18292)
10-30 21:13:53.624 18444 18444 I dex2oat : dex2oat took 670.105ms (threads: 2) arena alloc=882KB (903704B) java alloc=96KB (99200B) native alloc=559KB (573304B) free=2000KB (2048136B)
10-30 21:13:53.625 18286 18286 D AndroidRuntime: CheckJNI is OFF
10-30 21:13:53.633 18152 18152 W chromium: [WARNING:compositor_view.cc(315)] Child process died (type=6) pid=18363)
10-30 21:13:53.637   600  7064 I ActivityManager: Killing 18421:com.android.chrome:sandboxed_process9/u0a35i146 (adj 0): isolated not needed
10-30 21:13:53.681   197   197 E lowmemorykiller: Error opening /proc/18457/oom_score_adj; errno=2
10-30 21:13:53.684   600   713 W ActivityManager: Exception when unbinding service com.android.chrome/org.chromium.content.app.SandboxedProcessService10
10-30 21:13:53.684   600   713 W ActivityManager: android.os.DeadObjectException
10-30 21:13:53.684   600   713 W ActivityManager: 	at android.os.BinderProxy.transactNative(Native Method)
10-30 21:13:53.684   600   713 W ActivityManager: 	at android.os.BinderProxy.transact(Binder.java:615)
10-30 21:13:53.684   600   713 W ActivityManager: 	at android.app.ApplicationThreadProxy.scheduleUnbindService(ApplicationThreadNative.java:1016)
10-30 21:13:53.684   600   713 W ActivityManager: 	at com.android.server.am.ActiveServices.removeConnectionLocked(ActiveServices.java:2175)
10-30 21:13:53.684   600   713 W ActivityManager: 	at com.android.server.am.ActiveServices.unbindServiceLocked(ActiveServices.java:1163)
10-30 21:13:53.684   600   713 W ActivityManager: 	at com.android.server.am.ActivityManagerService.unbindService(ActivityManagerService.java:17309)
10-30 21:13:53.684   600   713 W ActivityManager: 	at android.app.ActivityManagerNative.onTransact(ActivityManagerNative.java:1145)
10-30 21:13:53.684   600   713 W ActivityManager: 	at com.android.server.am.ActivityManagerService.onTransact(ActivityManagerService.java:2795)
10-30 21:13:53.684   600   713 W ActivityManager: 	at android.os.Binder.execTransact(Binder.java:565)
10-30 21:13:53.685   197   197 E lowmemorykiller: Error opening /proc/18457/oom_score_adj; errno=2
10-30 21:13:53.690   600 13558 D ActivityManager: cleanUpApplicationRecord -- 18302
10-30 21:13:53.690   600 13558 I ActivityManager: Killing 18457:com.android.chrome:sandboxed_process10/u0a35i147 (adj 900): isolated not needed
10-30 21:13:53.694   600 13631 D ActivityManager: cleanUpApplicationRecord -- 18363
10-30 21:13:53.694   600 16391 D ActivityManager: cleanUpApplicationRecord -- 18321
10-30 21:13:53.695   600  3675 D ActivityManager: cleanUpApplicationRecord -- 18292
10-30 21:13:53.695   600  6312 W ActivityManager: Unable to start service Intent { act=com.google.android.play.core.splitinstall.BIND_SPLIT_INSTALL_SERVICE pkg=com.android.vending } U=0: not found
10-30 21:13:53.695   600  3507 D ActivityManager: cleanUpApplicationRecord -- 18368
10-30 21:13:53.701   600  3509 D ActivityManager: cleanUpApplicationRecord -- 18457
10-30 21:13:53.702   600 24515 D ActivityManager: cleanUpApplicationRecord -- 18421
10-30 21:13:53.705 18152 18357 I PlayCore: UID: [10035]  PID: [18152] SplitInstallService : Failed to bind to the service.
10-30 21:13:53.713   600   707 I ActivityManager: Start proc 18508:com.android.chrome:sandboxed_process13/u0i150 for service com.android.chrome/org.chromium.content.app.SandboxedProcessService13
10-30 21:13:53.725 18152 18152 W chromium: [WARNING:compositor_view.cc(315)] Child process died (type=6) pid=18368)
10-30 21:13:53.730   600   611 I ActivityManager: Start proc 18514:com.android.chrome:sandboxed_process14/u0i151 for service com.android.chrome/org.chromium.content.app.SandboxedProcessService14
10-30 21:13:53.736 18483 18483 W boxed_process12: type=1400 audit(0.0:8913): avc: denied { getattr } for path="/data/data/com.android.chrome" dev="dm-2" ino=12190 scontext=u:r:isolated_app:s0:c512,c768 tcontext=u:object_r:app_data_file:s0:c512,c768 tclass=dir permissive=0
10-30 21:13:53.749 18477 18477 W boxed_process11: type=1400 audit(0.0:8914): avc: denied { getattr } for path="/data/data/com.android.chrome" dev="dm-2" ino=12190 scontext=u:r:isolated_app:s0:c512,c768 tcontext=u:object_r:app_data_file:s0:c512,c768 tclass=dir permissive=0
10-30 21:13:53.756   600 13557 I ActivityManager: Start proc 18525:com.android.chrome:sandboxed_process15/u0i152 for service com.android.chrome/org.chromium.content.app.SandboxedProcessService15
10-30 21:13:53.761 18152 18152 W chromium: [WARNING:compositor_view.cc(315)] Child process died (type=6) pid=18421)
10-30 21:13:53.768 18152 18152 W chromium: [WARNING:compositor_view.cc(315)] Child process died (type=6) pid=18343)
10-30 21:13:53.792   600  1082 I ActivityManager: Start proc 18545:com.android.chrome:sandboxed_process16/u0i153 for service com.android.chrome/org.chromium.content.app.SandboxedProcessService16
10-30 21:13:53.793   600 27731 D ActivityManager: cleanUpApplicationRecord -- 18343
10-30 21:13:53.829 18483 18483 I cr_ChildProcessService: Creating new ChildProcessService pid=18483
10-30 21:13:53.835   600   610 I ActivityManager: Start proc 18553:com.android.chrome:sandboxed_process17/u0i154 for service com.android.chrome/org.chromium.content.app.SandboxedProcessService17
10-30 21:13:53.841 18477 18477 I cr_ChildProcessService: Creating new ChildProcessService pid=18477
10-30 21:13:53.858 29332  4393 W Icing   : No valid account for uploading user actions
10-30 21:13:53.869   600  3675 I ActivityManager: Start proc 18574:com.android.chrome:sandboxed_process18/u0i155 for service com.android.chrome/org.chromium.content.app.SandboxedProcessService18
10-30 21:13:53.883 18508 18508 W boxed_process13: type=1400 audit(0.0:8915): avc: denied { getattr } for path="/data/data/com.android.chrome" dev="dm-2" ino=12190 scontext=u:r:isolated_app:s0:c512,c768 tcontext=u:object_r:app_data_file:s0:c512,c768 tclass=dir permissive=0
10-30 21:13:53.910   600  3509 I ActivityManager: Start proc 18582:com.android.chrome:sandboxed_process19/u0i156 for service com.android.chrome/org.chromium.content.app.SandboxedProcessService19
10-30 21:13:53.933 18525 18525 W boxed_process15: type=1400 audit(0.0:8916): avc: denied { getattr } for path="/data/data/com.android.chrome" dev="dm-2" ino=12190 scontext=u:r:isolated_app:s0:c512,c768 tcontext=u:object_r:app_data_file:s0:c512,c768 tclass=dir permissive=0
10-30 21:13:53.953 18514 18514 W boxed_process14: type=1400 audit(0.0:8917): avc: denied { getattr } for path="/data/data/com.android.chrome" dev="dm-2" ino=12190 scontext=u:r:isolated_app:s0:c512,c768 tcontext=u:object_r:app_data_file:s0:c512,c768 tclass=dir permissive=0
10-30 21:13:53.959   600   713 I ActivityManager: Start proc 18594:com.android.chrome:sandboxed_process20/u0i157 for service com.android.chrome/org.chromium.content.app.SandboxedProcessService20
10-30 21:13:53.999 18545 18545 W boxed_process16: type=1400 audit(0.0:8918): avc: denied { getattr } for path="/data/data/com.android.chrome" dev="dm-2" ino=12190 scontext=u:r:isolated_app:s0:c512,c768 tcontext=u:object_r:app_data_file:s0:c512,c768 tclass=dir permissive=0
10-30 21:13:54.023 18553 18553 W boxed_process17: type=1400 audit(0.0:8919): avc: denied { getattr } for path="/data/data/com.android.chrome" dev="dm-2" ino=12190 scontext=u:r:isolated_app:s0:c512,c768 tcontext=u:object_r:app_data_file:s0:c512,c768 tclass=dir permissive=0
10-30 21:13:54.053 18477 18562 I cr_LibraryLoader: Loaded native library version number "85.0.4183.127"
10-30 21:13:54.054 18477 18562 I cr_CachingUmaRecorder: Flushed 1 samples from 1 histograms.
10-30 21:13:54.057 18286 18286 D ICU     : No timezone override file found: /data/misc/zoneinfo/current/icu/icu_tzdata.dat
10-30 21:13:54.059 18508 18508 I cr_ChildProcessService: Creating new ChildProcessService pid=18508
10-30 21:13:54.088 18514 18514 I cr_ChildProcessService: Creating new ChildProcessService pid=18514
10-30 21:13:54.104 18525 18525 I cr_ChildProcessService: Creating new ChildProcessService pid=18525
10-30 21:13:54.131 18483 18554 I cr_LibraryLoader: Loaded native library version number "85.0.4183.127"
10-30 21:13:54.131 18483 18554 I cr_CachingUmaRecorder: Flushed 1 samples from 1 histograms.
10-30 21:13:54.133 18574 18574 W boxed_process18: type=1400 audit(0.0:8920): avc: denied { getattr } for path="/data/data/com.android.chrome" dev="dm-2" ino=12190 scontext=u:r:isolated_app:s0:c512,c768 tcontext=u:object_r:app_data_file:s0:c512,c768 tclass=dir permissive=0
10-30 21:13:54.161 18545 18545 I cr_ChildProcessService: Creating new ChildProcessService pid=18545
10-30 21:13:54.173 18582 18582 W boxed_process19: type=1400 audit(0.0:8921): avc: denied { getattr } for path="/data/data/com.android.chrome" dev="dm-2" ino=12190 scontext=u:r:isolated_app:s0:c512,c768 tcontext=u:object_r:app_data_file:s0:c512,c768 tclass=dir permissive=0
10-30 21:13:54.194 18553 18553 I cr_ChildProcessService: Creating new ChildProcessService pid=18553
10-30 21:13:54.204 18152 18152 I FeedRequestManagerImpl: Request: /httpservice/noretry/DiscoverClankService/FeedQuery completed with response code: 200
10-30 21:13:54.204 18152 18152 I TaskQueue:  - task [IMMEDIATE - d: true, b: 2]: 15
10-30 21:13:54.204 18152 18152 I TaskQueue:  - queueTask starting immediate task
10-30 21:13:54.205 18152 18202 I TaskQueue: Execute task [IMMEDIATE - d: true, b: 2]: 15
10-30 21:13:54.259 18594 18594 W boxed_process20: type=1400 audit(0.0:8922): avc: denied { getattr } for path="/data/data/com.android.chrome" dev="dm-2" ino=12190 scontext=u:r:isolated_app:s0:c512,c768 tcontext=u:object_r:app_data_file:s0:c512,c768 tclass=dir permissive=0
10-30 21:13:54.281 18483 18554 I chromium: [INFO:child_process_service.cc(69)] ChildProcessService: Exiting child process.
10-30 21:13:54.282   197   197 E lowmemorykiller: Error writing /proc/18483/oom_score_adj; errno=22
10-30 21:13:54.316   600 24515 I ActivityManager: Process com.android.chrome:sandboxed_process12 (pid 18483) has died
10-30 21:13:54.316   600 24515 D ActivityManager: cleanUpApplicationRecord -- 18483
10-30 21:13:54.318 18152 18152 W chromium: [WARNING:compositor_view.cc(315)] Child process died (type=6) pid=18483)
10-30 21:13:54.320   600 24515 I ActivityManager: Killing 18477:com.android.chrome:sandboxed_process11/u0a35i148 (adj 0): isolated not needed
10-30 21:13:54.338 18582 18582 I cr_ChildProcessService: Creating new ChildProcessService pid=18582
10-30 21:13:54.340 18508 18616 I cr_LibraryLoader: Loaded native library version number "85.0.4183.127"
10-30 21:13:54.341 18508 18616 I cr_CachingUmaRecorder: Flushed 1 samples from 1 histograms.
10-30 21:13:54.354 18514 18617 I cr_LibraryLoader: Loaded native library version number "85.0.4183.127"
10-30 21:13:54.354 18514 18617 I cr_CachingUmaRecorder: Flushed 1 samples from 1 histograms.
10-30 21:13:54.364 18286 18286 I Radio-JNI: register_android_hardware_Radio DONE
10-30 21:13:54.388 18574 18574 I cr_ChildProcessService: Creating new ChildProcessService pid=18574
