10-30 23:54:37.983 15811 15811 D MonkeyStub: translateCommand: touch move 614 437
10-30 23:54:38.092 15811 15811 D MonkeyStub: translateCommand: touch move 614 312
10-30 23:54:38.097 15811 15811 D MonkeyStub: translateCommand: touch up 614 312
10-30 23:54:42.274 15811 15811 D MonkeyStub: translateCommand: touch down 614 1561
10-30 23:54:42.286 15811 15811 D MonkeyStub: translateCommand: touch move 614 1561
10-30 23:54:42.395 15811 15811 D MonkeyStub: translateCommand: touch move 614 1436
10-30 23:54:42.502 15811 15811 D MonkeyStub: translateCommand: touch move 614 1311
10-30 23:54:42.617 15811 15811 D MonkeyStub: translateCommand: touch move 614 1186
10-30 23:54:42.788 15811 15811 D MonkeyStub: translateCommand: touch move 614 1061
10-30 23:54:42.936 15811 15811 D MonkeyStub: translateCommand: touch move 614 937
10-30 23:54:43.040 15811 15811 D MonkeyStub: translateCommand: touch move 614 812
10-30 23:54:43.146 15811 15811 D MonkeyStub: translateCommand: touch move 614 687
10-30 23:54:43.270 15811 15811 D MonkeyStub: translateCommand: touch move 614 562
10-30 23:54:43.378 15811 15811 D MonkeyStub: translateCommand: touch move 614 437
10-30 23:54:43.487 15811 15811 D MonkeyStub: translateCommand: touch move 614 312
10-30 23:54:43.492 15811 15811 D MonkeyStub: translateCommand: touch up 614 312
10-30 23:54:43.497 15811 15811 D MonkeyStub: Quit requested
10-30 23:54:43.513   600   614 I CwMcuSensor: CwMcuSensor::flush: fd = 254, sensors_id = 0, path = /sys/class/htc_sensorhub/sensor_hub/flush, err = 0
10-30 23:54:43.535 15811 15811 I art     : System.exit called, status: 145
10-30 23:54:43.535 15811 15811 I AndroidRuntime: VM exiting with result code 145.
10-30 23:54:43.556   600 13558 W WindowManager: Attempted to remove non-existing token: android.os.Binder@e50e9cd
10-30 23:54:59.638 15881 15881 D AndroidRuntime: >>>>>> START com.android.internal.os.RuntimeInit uid 2000 <<<<<<
10-30 23:54:59.641 15881 15881 D AndroidRuntime: CheckJNI is OFF
10-30 23:54:59.705 15881 15881 D ICU     : No timezone override file found: /data/misc/zoneinfo/current/icu/icu_tzdata.dat
10-30 23:54:59.735 15881 15881 I Radio-JNI: register_android_hardware_Radio DONE
10-30 23:54:59.750 15881 15881 D AndroidRuntime: Calling main entry com.android.commands.am.Am
10-30 23:54:59.765   600 24611 I ActivityManager: Force stopping com.opera.browser appid=10122 user=0: from pid 15881
10-30 23:54:59.766   600 24611 I ActivityManager: Killing 15442:com.opera.browser:privileged_process0/u0a122 (adj 0): stop com.opera.browser
10-30 23:54:59.766   600 24611 D ActivityManager: cleanUpApplicationRecord -- 15442
10-30 23:54:59.766   600 24611 W ActivityManager: Scheduling restart of crashed service com.opera.browser/com.opera.android.browser.chromium.services.PrivilegedProcessService0 in 1000ms
10-30 23:54:59.767   600 24611 I ActivityManager: Killing 15308:com.opera.browser/u0a122 (adj 0): stop com.opera.browser
10-30 23:54:59.767   600 24611 D ActivityManager: cleanUpApplicationRecord -- 15308
10-30 23:54:59.770   600 24611 W ActivityManager: Force removing ActivityRecord{41bc8b u0 com.opera.browser/com.opera.android.BrowserActivity t2034}: app died, no saved state
10-30 23:54:59.778 15726 15726 I art     : System.exit called, status: 0
10-30 23:54:59.778 15726 15726 I AndroidRuntime: VM exiting with result code 0, cleanup skipped.
10-30 23:54:59.801   600 24611 I ActivityManager: Killing 15726:com.opera.browser:sandboxed_process0/u0a122 (adj 0): stop com.opera.browser
10-30 23:54:59.802   600 24611 D ActivityManager: cleanUpApplicationRecord -- 15726
10-30 23:54:59.806 15881 15881 D AndroidRuntime: Shutting down VM
10-30 23:54:59.833  1084  1171 I OpenGLRenderer: Initialized EGL, version 1.4
10-30 23:54:59.833  1084  1171 D OpenGLRenderer: Swap behavior 2
10-30 23:54:59.849  1061  1061 D RegisteredNfcFServicesCache: Service unchanged, not updating
10-30 23:54:59.922  7916 12076 I AttachedClient: Adding client event 2 to pending list.
10-30 23:54:59.932  7916  7916 I OptInState: There is a new client and it does not support opt-in. Dropping request.
10-30 23:54:59.934  7916  7916 I MicroDetectionWorker: Micro detection mode: [mDetectionMode: [1]].
10-30 23:54:59.949  7916 15895 I MicroRecognitionRunner: Starting detection.
10-30 23:54:59.950  7916  7948 I MicrophoneInputStream: mic_starting com.google.android.apps.gsa.speech.audio.ae@c909389
10-30 23:54:59.955   238   285 I SoundTriggerHwService::Module: void android::SoundTriggerHwService::Module::onCallbackEvent(const sp<android::SoundTriggerHwService::CallbackEvent> &) mClient == 0
10-30 23:54:59.972   238 15898 I AudioFlinger: AudioFlinger's thread 0xef692280 ready to run
10-30 23:54:59.974  7916  7948 I MicrophoneInputStream: mic_started com.google.android.apps.gsa.speech.audio.ae@c909389
10-30 23:55:00.008   600  1080 D GraphicsStats: Buffer count: 2
10-30 23:55:00.023   600  3507 D ConnectivityService: ConnectivityService NetworkRequestInfo binderDied(NetworkRequest [ LISTEN id=1452, [ Capabilities: INTERNET&NOT_RESTRICTED&TRUSTED&FOREGROUND] ], android.os.BinderProxy@bfa4d48)
10-30 23:55:00.024   600   649 E ConnectivityService: RemoteException caught trying to send a callback msg for NetworkRequest [ LISTEN id=1452, [ Capabilities: INTERNET&NOT_RESTRICTED&TRUSTED&FOREGROUND] ]
10-30 23:55:00.024   600  1076 D ConnectivityService: ConnectivityService NetworkRequestInfo binderDied(NetworkRequest [ LISTEN id=1453, [ Capabilities: INTERNET&NOT_RESTRICTED&TRUSTED&FOREGROUND] ], android.os.BinderProxy@acf07e1)
10-30 23:55:00.028   600   649 E ConnectivityService: RemoteException caught trying to send a callback msg for NetworkRequest [ LISTEN id=1453, [ Capabilities: INTERNET&NOT_RESTRICTED&TRUSTED&FOREGROUND] ]
10-30 23:55:00.152  7916  7916 I MicroDetectionWorker: onReady
10-30 23:55:00.352 15899 15899 D AndroidRuntime: >>>>>> START com.android.internal.os.RuntimeInit uid 2000 <<<<<<
10-30 23:55:00.356 15899 15899 D AndroidRuntime: CheckJNI is OFF
10-30 23:55:00.378  1084  1171 W OpenGLRenderer: Incorrectly called buildLayer on View: ShortcutAndWidgetContainer, destroying layer...
10-30 23:55:00.428 15899 15899 D ICU     : No timezone override file found: /data/misc/zoneinfo/current/icu/icu_tzdata.dat
10-30 23:55:00.457 15899 15899 I Radio-JNI: register_android_hardware_Radio DONE
10-30 23:55:00.472 15899 15899 D AndroidRuntime: Calling main entry com.android.commands.pm.Pm
10-30 23:55:00.486   600 17381 I ActivityManager: Force stopping com.opera.browser appid=10122 user=0: clear data
10-30 23:55:00.486   600   613 I ActivityManager: Force stopping com.opera.browser appid=10122 user=-1: clearApplicationUserData
10-30 23:55:00.527   787   787 I GeofencerStateMachine: removeGeofences: removeRequest=RemoveGeofencingRequest[REMOVE_ALL packageName=com.opera.browser]
10-30 23:55:00.529   600   612 W ResourceType: No known package when getting value for resource number 0x7f100007
10-30 23:55:00.529   600   612 W ResourceType: No known package when getting value for resource number 0x7f13090c
10-30 23:55:00.529   600   612 W ResourceType: No known package when getting value for resource number 0x7f100005
10-30 23:55:00.529   600   612 W ResourceType: No known package when getting value for resource number 0x7f13090a
10-30 23:55:00.529   600   612 W ResourceType: No known package when getting value for resource number 0x7f100004
10-30 23:55:00.529   600   612 W ResourceType: No known package when getting value for resource number 0x7f130909
10-30 23:55:00.529   600   612 W ResourceType: No known package when getting value for resource number 0x7f100006
10-30 23:55:00.529   600   612 W ResourceType: No known package when getting value for resource number 0x7f13090b
10-30 23:55:00.533 15899 15899 I art     : System.exit called, status: 0
10-30 23:55:00.533  1061  1061 D RegisteredNfcFServicesCache: Service unchanged, not updating
10-30 23:55:00.533 15899 15899 I AndroidRuntime: VM exiting with result code 0.
10-30 23:55:00.564   787 15916 I Fitness : FitCleanupIntentOperation received Intent android.intent.action.PACKAGE_DATA_CLEARED [CONTEXT service_id=17 ]
10-30 23:55:00.586 12169 12837 I Icing   : doRemovePackageData com.opera.browser
