10-31 22:46:50.847 28035 28091 I MainThreadRunner: Running task [SchedulerApiWrapper onReceiveNewContent] on the Main Thread
10-31 22:46:50.847 28035 28091 I MainThreadRunner: Running task [FeedKnownContentImpl onNewContentReceived] on the Main Thread
10-31 22:46:50.852 28035 28091 I SessionManagerMutation: Cleared Head, new creation time 10-31 22:46:50.827
10-31 22:46:50.852 28035 28091 I TimingUtils: Task Timing  29ms, thread background-1 | task : sessionMutation.commitTask:updateConsumer | mutations : 33 | userInitiated : false
10-31 22:46:50.852 28035 28091 I TaskQueue: Cancelling starvation checks
10-31 22:46:50.852 28035 28091 I TaskQueue:  - Finished 5, time 29 ms
10-31 22:46:50.852 28035 28091 I TaskQueue: Execute task [USER_FACING - d: false, b: 2]: 24
10-31 22:46:50.867 28035 28091 I TimeoutSessionImpl: TimeoutSession.populateModelProvider, shouldAppend false
10-31 22:46:50.867 28035 28091 I SessionImpl: PopulateModelProvider 32 items
10-31 22:46:50.868 28035 28091 I FeedModelProvider: FeedModelProvider - committer, structure changes 31, update changes 0
10-31 22:46:50.868 28035 28091 I FeedModelProvider: SyntheticTokenTracker: 0, 11, 11, false
10-31 22:46:50.868 28035 28091 I FeedSessionManagerImpl: Caching getStreamFeatures - items 31, cache misses 0, cache size 31
10-31 22:46:50.868 28035 28091 I FeedModelProvider: Moving _session:907c0758-c9ac-4741-af9c-93c2d15f18bd to READY
10-31 22:46:50.868 28035 28091 I MainThreadRunner: Running task [FeedModelProvider onSessionStart] on the Main Thread
10-31 22:46:50.869 28035 28091 I FeedModelProvider: ModelProvider Mutation committed - structure changes 31, childrenToBind 31, removedChildren false, Token false
10-31 22:46:50.887 28035 28091 I FeedSessionManagerImpl: Populate new session: _session:907c0758-c9ac-4741-af9c-93c2d15f18bd, creation time 10-31 22:46:50.867
10-31 22:46:50.887 28035 28091 I TimingUtils: Task Timing  34ms, thread background-2 | task : Create/Populate New Session
10-31 22:46:50.887 28035 28091 I TaskQueue:  - Finished 24, time 35 ms
10-31 22:46:50.887 28035 28091 I TaskQueue: Execute task [BACKGROUND - d: false, b: 1]: 11
10-31 22:46:50.887 28035 28091 I ContentGc: Re-enqueuing triggerContentGc; attempts(0)
10-31 22:46:50.888 28035 28091 I TaskQueue:  - task [BACKGROUND - d: false, b: 1]: 11
10-31 22:46:50.888 28035 28091 I TaskQueue:  - Finished 11, time 0 ms
10-31 22:46:50.888 28035 28091 I TaskQueue: Execute task [BACKGROUND - d: false, b: 1]: 23
10-31 22:46:50.934 28167 28167 D AndroidRuntime: Calling main entry com.android.commands.am.Am
10-31 22:46:50.947   600   609 I art     : Background partial concurrent mark sweep GC freed 52471(2MB) AllocSpace objects, 35(900KB) LOS objects, 33% free, 17MB/26MB, paused 913us total 397.804ms
10-31 22:46:50.989 28463 28535 I cr_LibraryLoader: Loaded native library version number "85.0.4183.127"
10-31 22:46:50.989 28490 28534 I cr_LibraryLoader: Loaded native library version number "85.0.4183.127"
10-31 22:46:50.990 28490 28534 I cr_CachingUmaRecorder: Flushed 1 samples from 1 histograms.
10-31 22:46:50.992 28463 28535 I cr_CachingUmaRecorder: Flushed 1 samples from 1 histograms.
10-31 22:46:51.016 28419 28419 I dex2oat : dex2oat took 1.024s (threads: 2) arena alloc=771KB (790272B) java alloc=65KB (67400B) native alloc=559KB (572984B) free=1488KB (1524168B)
10-31 22:46:51.022 28479 28536 I cr_LibraryLoader: Loaded native library version number "85.0.4183.127"
10-31 22:46:51.022 28479 28536 I cr_CachingUmaRecorder: Flushed 1 samples from 1 histograms.
10-31 22:46:51.038   600  1079 I ActivityManager: START u0 {act=android.intent.action.VIEW dat=http://www.britannica.com/... flg=0x10000000 cmp=com.android.chrome/com.google.android.apps.chrome.Main} from uid 2000 on display 0
10-31 22:46:51.045 28035 28091 I TimingUtils: Task Timing 156ms, thread background-3 | task : commitContentMutation | mutations : 32
10-31 22:46:51.045 28035 28091 I TimingUtils: Task Timing   0ms, thread background-4 | task : commitSemanticPropertiesMutation | mutations : 0
10-31 22:46:51.045 28035 28091 I TaskQueue:  - Finished 23, time 158 ms
10-31 22:46:51.046 28035 28091 I TaskQueue: Execute task [BACKGROUND - d: false, b: 0]: 11
10-31 22:46:51.047 28035 28091 I SessionCache: Determining accessible content
10-31 22:46:51.050 28167 28167 D AndroidRuntime: Shutting down VM
10-31 22:46:51.051 28035 28091 I TimingUtils: Task Timing   4ms, thread background-5 | task : ContentGc | contentItemsRemoved : 0
10-31 22:46:51.051 28035 28091 I TaskQueue:  - Finished 11, time 5 ms
10-31 22:46:51.057 28498 28537 I cr_LibraryLoader: Loaded native library version number "85.0.4183.127"
10-31 22:46:51.058 28498 28537 I cr_CachingUmaRecorder: Flushed 1 samples from 1 histograms.
10-31 22:46:51.081 28490 28534 I chromium: [INFO:child_process_service.cc(69)] ChildProcessService: Exiting child process.
10-31 22:46:51.084   197   197 E lowmemorykiller: Error writing /proc/28490/oom_score_adj; errno=22
10-31 22:46:51.094 28463 28535 I chromium: [INFO:child_process_service.cc(69)] ChildProcessService: Exiting child process.
10-31 22:46:51.095   197   197 E lowmemorykiller: Error writing /proc/28463/oom_score_adj; errno=22
10-31 22:46:51.109 28498 28537 I chromium: [INFO:child_process_service.cc(69)] ChildProcessService: Exiting child process.
10-31 22:46:51.110   197   197 E lowmemorykiller: Error writing /proc/28498/oom_score_adj; errno=22
10-31 22:46:51.110 28479 28536 I chromium: [INFO:child_process_service.cc(69)] ChildProcessService: Exiting child process.
10-31 22:46:51.116   197   197 E lowmemorykiller: Error writing /proc/28479/oom_score_adj; errno=22
10-31 22:46:51.128   600 29683 W ActivityManager: Unable to start service Intent { act=com.google.android.play.core.splitinstall.BIND_SPLIT_INSTALL_SERVICE pkg=com.android.vending } U=0: not found
10-31 22:46:51.128 28035 28263 I PlayCore: UID: [10035]  PID: [28035] SplitInstallService : Failed to bind to the service.
10-31 22:46:51.148   600 27731 I ActivityManager: Killing 28479:com.android.chrome:sandboxed_process18/u0a35i988 (adj 0): isolated not needed
10-31 22:46:51.148   600 27731 I ActivityManager: Killing 28498:com.android.chrome:sandboxed_process20/u0a35i990 (adj 0): isolated not needed
10-31 22:46:51.151 28035 28035 I FeedModelProvider: No children found for Cursor
10-31 22:46:51.154   600 27731 I ActivityManager: Killing 28463:com.android.chrome:sandboxed_process17/u0a35i987 (adj 0): isolated not needed
10-31 22:46:51.154   600 27731 I ActivityManager: Killing 28490:com.android.chrome:sandboxed_process19/u0a35i989 (adj 0): isolated not needed
10-31 22:46:51.181   600 13631 D ActivityManager: cleanUpApplicationRecord -- 28498
10-31 22:46:51.187   600 24611 D ActivityManager: cleanUpApplicationRecord -- 28479
10-31 22:46:51.188   600 17381 D ActivityManager: cleanUpApplicationRecord -- 28490
10-31 22:46:51.188   600 24515 D ActivityManager: cleanUpApplicationRecord -- 28463
10-31 22:46:51.224 17650 17976 W Icing   : No valid account for uploading user actions
10-31 22:46:51.233 28035 28035 E cr_IntentUtils: getInt failed on bundle null
10-31 22:46:51.268   600  1080 I ActivityManager: Start proc 28553:com.android.chrome:sandboxed_process21/u0i991 for service com.android.chrome/org.chromium.content.app.SandboxedProcessService21
10-31 22:46:51.303 28035 28035 I cr_tabmodel: Appending tabs being restored to metadata lists, 0, startingNormalCount: 2, startingIncognitoCount: 0
10-31 22:46:51.303 28035 28035 I cr_tabmodel: Serializing tab lists; counts: 2, 0
10-31 22:46:51.332 28035 28095 W chromium: [WARNING:spdy_session.cc(3090)] Received RST for invalid stream1
10-31 22:46:51.344 28035 28045 I art     : Background partial concurrent mark sweep GC freed 58921(2MB) AllocSpace objects, 23(2MB) LOS objects, 40% free, 12MB/21MB, paused 4.304ms total 181.353ms
10-31 22:46:51.357 28035 28035 W chromium: [WARNING:compositor_view.cc(315)] Child process died (type=6) pid=28498)
10-31 22:46:51.357 28035 28035 W chromium: [WARNING:compositor_view.cc(315)] Child process died (type=6) pid=28479)
10-31 22:46:51.358 28035 28035 W chromium: [WARNING:compositor_view.cc(315)] Child process died (type=6) pid=28490)
10-31 22:46:51.358 28035 28035 W chromium: [WARNING:compositor_view.cc(315)] Child process died (type=6) pid=28463)
10-31 22:46:51.416 28553 28553 W boxed_process21: type=1400 audit(0.0:15523): avc: denied { getattr } for path="/data/data/com.android.chrome" dev="dm-2" ino=12190 scontext=u:r:isolated_app:s0:c512,c768 tcontext=u:object_r:app_data_file:s0:c512,c768 tclass=dir permissive=0
10-31 22:46:51.426 17650 18294 I Icing   : IndexChimeraService.getServiceInterface callingPackage=com.google.android.gms componentName=null serviceId=30
10-31 22:46:51.474 28553 28553 I cr_ChildProcessService: Creating new ChildProcessService pid=28553
10-31 22:46:51.542 28553 28570 I cr_LibraryLoader: Loaded native library version number "85.0.4183.127"
10-31 22:46:51.543 28553 28570 I cr_CachingUmaRecorder: Flushed 1 samples from 1 histograms.
10-31 22:46:51.556   600 17381 D ActivityManager: cleanUpApplicationRecord -- 28371
10-31 22:46:51.562   600  3967 D ActivityManager: cleanUpApplicationRecord -- 28365
10-31 22:46:51.568   600 16391 D ActivityManager: cleanUpApplicationRecord -- 28174
10-31 22:46:51.572   600  3994 D ActivityManager: cleanUpApplicationRecord -- 28340
10-31 22:46:51.577   600   713 D ActivityManager: cleanUpApplicationRecord -- 28314
10-31 22:46:51.583   600 13558 D ActivityManager: cleanUpApplicationRecord -- 28181
10-31 22:46:51.595   600 27731 D ActivityManager: cleanUpApplicationRecord -- 28169
10-31 22:46:51.609   600  1076 D ActivityManager: cleanUpApplicationRecord -- 28205
10-31 22:46:51.617 28035 28035 W chromium: [WARNING:compositor_view.cc(315)] Child process died (type=6) pid=28174)
10-31 22:46:51.619 28035 28035 W chromium: [WARNING:compositor_view.cc(315)] Child process died (type=6) pid=28371)
10-31 22:46:51.621 28035 28035 W chromium: [WARNING:compositor_view.cc(315)] Child process died (type=6) pid=28169)
10-31 22:46:51.621 28035 28035 W chromium: [WARNING:compositor_view.cc(315)] Child process died (type=6) pid=28205)
10-31 22:46:51.622 28035 28035 W chromium: [WARNING:compositor_view.cc(315)] Child process died (type=6) pid=28314)
10-31 22:46:51.623 28035 28035 W chromium: [WARNING:compositor_view.cc(315)] Child process died (type=6) pid=28340)
10-31 22:46:51.624 28035 28035 W chromium: [WARNING:compositor_view.cc(315)] Child process died (type=6) pid=28365)
10-31 22:46:51.625   600  6312 D ActivityManager: cleanUpApplicationRecord -- 28265
10-31 22:46:51.630 28035 28035 W chromium: [WARNING:compositor_view.cc(315)] Child process died (type=6) pid=28181)
10-31 22:46:51.633 28035 28035 W chromium: [WARNING:compositor_view.cc(315)] Child process died (type=6) pid=28265)
10-31 22:46:52.351 17650 17976 I Icing   : Usage reports ok 3, Failed Usage reports 0, indexed 2, rejected 0
10-31 22:46:52.355 17650 17976 I Icing   : Removing corpus key com.android.chrome-omnibox for package com.android.chrome
10-31 22:46:52.389 17650 17976 I native  : flash-index.cc:1519 Flash index sort hb 14 prefix-hits 24 -> 20 at 12.109ms
10-31 22:46:52.584 17650 17976 I native  : document-store.cc:1654 Scored 2492 usage reports, missing_corpora 0 update_failed 1336
10-31 22:46:52.625 17650 17976 W Icing   : No valid account for uploading user actions
10-31 22:46:52.647 17650 17976 I Icing   : Usage reports ok 0, Failed Usage reports 0, indexed 0, rejected 0
10-31 22:46:52.648 17650 17976 W Icing   : No valid account for uploading user actions
10-31 22:46:52.659 17650 17976 I Icing   : Usage reports ok 0, Failed Usage reports 0, indexed 0, rejected 0
10-31 22:46:52.659 17650 17976 I Icing   : Indexing com.android.chrome-omnibox from com.android.chrome
10-31 22:46:52.746 17650 17976 I Icing   : Indexing done com.android.chrome-omnibox
10-31 22:46:53.290 28035 28092 I cr_omaha: Request to Server Successful. Timestamp for next request:1667256413289
10-31 22:46:53.342 28035 28092 I cr_omaha: Request to Server Successful. Timestamp for next request:1667256413342
10-31 22:46:53.342 28035 28092 I cr_omaha: Attempting to schedule next job for: Tue Nov 01 03:46:53 GMT+01:00 2022
10-31 22:46:53.345 28035 28035 I cr_omaha: Scheduled using JobService
10-31 22:46:53.345 28035 28035 E cr_BkgrdTaskJS: Tried finishing non-current BackgroundTask.
10-31 22:46:54.032 28035 28035 E cr_BTSPrefs: No data found for task id: 53
10-31 22:46:54.033 28035 28035 E cr_BkgrdTaskScheduler: Task cannot be canceled because no data was found instorage or data was invalid
10-31 22:46:54.065   787 28596 W Icing   : isOptedInForAppHistory: empty Account Name encountered
10-31 22:46:54.090   787 28596 W Icing   : isOptedInForAppHistory: empty Account Name encountered
10-31 22:46:54.113   787 21265 W Icing   : isOptedInForAppHistory: empty Account Name encountered
10-31 22:46:57.448 28035 28088 W InstanceID: Instance ID SDK is deprecated, com.android.chrome should update to use Firebase Instance ID
10-31 22:46:58.079   600   647 I WifiHAL : Got channel list with 13 channels
10-31 22:46:58.079   600   647 I WifiHAL : Got channel list with 4 channels
10-31 22:46:58.080   600   647 I WifiHAL : Got channel list with 15 channels
10-31 22:46:58.518 28035 28035 E cr_BTSPrefs: No data found for task id: 57
10-31 22:46:58.518 28035 28035 E cr_BkgrdTaskScheduler: Task cannot be canceled because no data was found instorage or data was invalid
10-31 22:46:58.518 28035 28035 E cr_BTSPrefs: No data found for task id: 56
10-31 22:46:58.518 28035 28035 E cr_BkgrdTaskScheduler: Task cannot be canceled because no data was found instorage or data was invalid
10-31 22:47:02.879 28035 28035 I cr_tabmodel: Appending tabs being restored to metadata lists, 0, startingNormalCount: 2, startingIncognitoCount: 0
10-31 22:47:02.879 28035 28035 I cr_tabmodel: Serializing tab lists; counts: 2, 0
10-31 22:47:04.372 28612 28612 D AndroidRuntime: >>>>>> START com.android.internal.os.RuntimeInit uid 2000 <<<<<<
10-31 22:47:04.376 28612 28612 D AndroidRuntime: CheckJNI is OFF
10-31 22:47:04.445 28612 28612 D ICU     : No timezone override file found: /data/misc/zoneinfo/current/icu/icu_tzdata.dat
10-31 22:47:04.477 28612 28612 I Radio-JNI: register_android_hardware_Radio DONE
10-31 22:47:04.493 28612 28612 D AndroidRuntime: Calling main entry com.android.commands.monkey.Monkey
10-31 22:47:04.563   600   613 W BroadcastQueue: Skipping deliver [background] BroadcastRecord{c5f9dd5 u-1 android.net.conn.CONNECTIVITY_CHANGE} to ReceiverList{e8b49ea 28612 (unknown name)/2000/u-1 remote:1f75bbf}: process crashing
10-31 22:47:05.996 28612 28612 D MonkeyStub: translateCommand: wake
10-31 22:47:06.150 28612 28612 D MonkeyStub: translateCommand: tap 1152 1659
10-31 22:47:16.501 28612 28612 D MonkeyStub: translateCommand: tap 1248 1553
10-31 22:47:17.039   787  1169 E AsyncOperation: serviceID=121, operation=GetLaunchDataOperation [CONTEXT service_id=259 ]
10-31 22:47:17.039   787  1169 E AsyncOperation: OperationException[Status{statusCode=Not an instant app, resolution=null}]
10-31 22:47:17.039   787  1169 E AsyncOperation: 	at aeay.a(:com.google.android.gms@203915020@20.39.15 (040406-335085812):20)
10-31 22:47:17.039   787  1169 E AsyncOperation: 	at aain.run(:com.google.android.gms@203915020@20.39.15 (040406-335085812):7)
10-31 22:47:17.039   787  1169 E AsyncOperation: 	at boex.run(:com.google.android.gms@203915020@20.39.15 (040406-335085812):2)
10-31 22:47:17.039   787  1169 E AsyncOperation: 	at sup.b(:com.google.android.gms@203915020@20.39.15 (040406-335085812):12)
10-31 22:47:17.039   787  1169 E AsyncOperation: 	at sup.run(:com.google.android.gms@203915020@20.39.15 (040406-335085812):7)
10-31 22:47:17.039   787  1169 E AsyncOperation: 	at java.util.concurrent.ThreadPoolExecutor.runWorker(ThreadPoolExecutor.java:1133)
10-31 22:47:17.039   787  1169 E AsyncOperation: 	at java.util.concurrent.ThreadPoolExecutor$Worker.run(ThreadPoolExecutor.java:607)
10-31 22:47:17.039   787  1169 E AsyncOperation: 	at tam.run(:com.google.android.gms@203915020@20.39.15 (040406-335085812):0)
10-31 22:47:17.039   787  1169 E AsyncOperation: 	at java.lang.Thread.run(Thread.java:761)
10-31 22:47:17.881   787 28592 W Icing   : isOptedInForAppHistory: empty Account Name encountered
10-31 22:47:17.925   787 28592 W Icing   : isOptedInForAppHistory: empty Account Name encountered
10-31 22:47:18.108   600   609 I art     : Background partial concurrent mark sweep GC freed 78330(4MB) AllocSpace objects, 51(1888KB) LOS objects, 33% free, 17MB/25MB, paused 802us total 254.740ms
10-31 22:47:18.202   787 26395 W Icing   : isOptedInForAppHistory: empty Account Name encountered
10-31 22:47:21.777 17650 17977 I Icing   : IndexChimeraService.getServiceInterface callingPackage=com.android.chrome componentName=null serviceId=36
10-31 22:47:21.787 17650 17976 W Icing   : No valid account for uploading user actions
10-31 22:47:21.813 17650 18294 I Icing   : IndexChimeraService.getServiceInterface callingPackage=com.google.android.gms componentName=null serviceId=30
10-31 22:47:21.969 17650 17976 I Icing   : Usage reports ok 2, Failed Usage reports 0, indexed 2, rejected 0
10-31 22:47:21.972 17650 17976 W Icing   : No valid account for uploading user actions
10-31 22:47:21.988 17650 17976 I Icing   : Usage reports ok 0, Failed Usage reports 0, indexed 0, rejected 0
10-31 22:47:21.998 17650 17976 I Icing   : Indexing com.android.chrome-omnibox from com.android.chrome
10-31 22:47:22.038 17650 18296 I Icing   : Indexing done com.android.chrome-omnibox
10-31 22:47:22.976 28035 28035 I cr_tabmodel: Appending tabs being restored to metadata lists, 0, startingNormalCount: 2, startingIncognitoCount: 0
10-31 22:47:22.976 28035 28035 I cr_tabmodel: Serializing tab lists; counts: 2, 0
10-31 22:47:23.022   787   805 W Icing   : isOptedInForAppHistory: empty Account Name encountered
10-31 22:47:23.043 28553 28570 E chromium: [ERROR:document_metadata_extractor.cc(270)] Failed to parse json.
10-31 22:47:23.053   787 21265 W Icing   : isOptedInForAppHistory: empty Account Name encountered
10-31 22:47:23.580 28612 28612 D MonkeyStub: translateCommand: touch down 614 1561
10-31 22:47:23.592 28612 28612 D MonkeyStub: translateCommand: touch move 614 1561
10-31 22:47:23.704 28612 28612 D MonkeyStub: translateCommand: touch move 614 1436
10-31 22:47:23.810 28612 28612 D MonkeyStub: translateCommand: touch move 614 1311
10-31 22:47:23.915 28612 28612 D MonkeyStub: translateCommand: touch move 614 1186
10-31 22:47:24.024 28612 28612 D MonkeyStub: translateCommand: touch move 614 1061
10-31 22:47:24.136 28612 28612 D MonkeyStub: translateCommand: touch move 614 937
10-31 22:47:24.246 28612 28612 D MonkeyStub: translateCommand: touch move 614 812
10-31 22:47:24.357 28612 28612 D MonkeyStub: translateCommand: touch move 614 687
10-31 22:47:24.464 28612 28612 D MonkeyStub: translateCommand: touch move 614 562
10-31 22:47:24.571 28612 28612 D MonkeyStub: translateCommand: touch move 614 437
10-31 22:47:24.690 28612 28612 D MonkeyStub: translateCommand: touch move 614 312
10-31 22:47:24.696 28612 28612 D MonkeyStub: translateCommand: touch up 614 312
10-31 22:47:24.719 28612 28612 D MonkeyStub: translateCommand: touch down 614 1561
10-31 22:47:24.724 28612 28612 D MonkeyStub: translateCommand: touch move 614 1561
10-31 22:47:24.834 28612 28612 D MonkeyStub: translateCommand: touch move 614 1436
10-31 22:47:24.946 28612 28612 D MonkeyStub: translateCommand: touch move 614 1311
10-31 22:47:25.060 28612 28612 D MonkeyStub: translateCommand: touch move 614 1186
10-31 22:47:25.165 28612 28612 D MonkeyStub: translateCommand: touch move 614 1061
10-31 22:47:25.269 28612 28612 D MonkeyStub: translateCommand: touch move 614 937
10-31 22:47:25.383 28612 28612 D MonkeyStub: translateCommand: touch move 614 812
10-31 22:47:25.494 28612 28612 D MonkeyStub: translateCommand: touch move 614 687
10-31 22:47:25.607 28612 28612 D MonkeyStub: translateCommand: touch move 614 562
10-31 22:47:25.723 28612 28612 D MonkeyStub: translateCommand: touch move 614 437
10-31 22:47:25.800   787  1169 W ProcessReaper: Memory state is: 100
10-31 22:47:25.833 28612 28612 D MonkeyStub: translateCommand: touch move 614 312
10-31 22:47:25.840 28612 28612 D MonkeyStub: translateCommand: touch up 614 312
10-31 22:47:28.919 28612 28612 D MonkeyStub: translateCommand: touch down 614 1561
10-31 22:47:28.929 28612 28612 D MonkeyStub: translateCommand: touch move 614 1561
10-31 22:47:29.044 28612 28612 D MonkeyStub: translateCommand: touch move 614 1436
10-31 22:47:29.150 28612 28612 D MonkeyStub: translateCommand: touch move 614 1311
10-31 22:47:29.234   600 24515 I ActivityManager: Start proc 28660:com.android.chrome:sandboxed_process22/u0i992 for service com.android.chrome/org.chromium.content.app.SandboxedProcessService22
10-31 22:47:29.255 28612 28612 D MonkeyStub: translateCommand: touch move 614 1186
10-31 22:47:29.306 28660 28660 W boxed_process22: type=1400 audit(0.0:15524): avc: denied { getattr } for path="/data/data/com.android.chrome" dev="dm-2" ino=12190 scontext=u:r:isolated_app:s0:c512,c768 tcontext=u:object_r:app_data_file:s0:c512,c768 tclass=dir permissive=0
10-31 22:47:29.340 28660 28660 I cr_ChildProcessService: Creating new ChildProcessService pid=28660
10-31 22:47:29.363 28612 28612 D MonkeyStub: translateCommand: touch move 614 1061
10-31 22:47:29.403 28660 28673 I cr_LibraryLoader: Loaded native library version number "85.0.4183.127"
10-31 22:47:29.404 28660 28673 I cr_CachingUmaRecorder: Flushed 1 samples from 1 histograms.
10-31 22:47:29.423 28673 28673 W CrUtilityMain: type=1400 audit(0.0:15525): avc: denied { setattr } for name="LICENSE.txt" dev="dm-2" ino=53493 scontext=u:r:isolated_app:s0:c512,c768 tcontext=u:object_r:app_data_file:s0:c512,c768 tclass=file permissive=0
10-31 22:47:29.426 28673 28673 W CrUtilityMain: type=1400 audit(0.0:15526): avc: denied { setattr } for name=46696C746572696E672052756C6573 dev="dm-2" ino=3511 scontext=u:r:isolated_app:s0:c512,c768 tcontext=u:object_r:app_data_file:s0:c512,c768 tclass=file permissive=0
10-31 22:47:29.426 28673 28673 W CrUtilityMain: type=1400 audit(0.0:15527): avc: denied { setattr } for name="manifest.json" dev="dm-2" ino=22929 scontext=u:r:isolated_app:s0:c512,c768 tcontext=u:object_r:app_data_file:s0:c512,c768 tclass=file permissive=0
10-31 22:47:29.430 28673 28673 W CrUtilityMain: type=1400 audit(0.0:15528): avc: denied { setattr } for name="verified_contents.json" dev="dm-2" ino=61474 scontext=u:r:isolated_app:s0:c512,c768 tcontext=u:object_r:app_data_file:s0:c512,c768 tclass=file permissive=0
10-31 22:47:29.435 28660 28673 I chromium: [INFO:child_process_service.cc(69)] ChildProcessService: Exiting child process.
10-31 22:47:29.440   197   197 E lowmemorykiller: Error writing /proc/28660/oom_score_adj; errno=22
10-31 22:47:29.460   600  6312 I ActivityManager: Process com.android.chrome:sandboxed_process22 (pid 28660) has died
10-31 22:47:29.460   600  6312 D ActivityManager: cleanUpApplicationRecord -- 28660
10-31 22:47:29.461 28035 28035 W chromium: [WARNING:compositor_view.cc(315)] Child process died (type=6) pid=28660)
10-31 22:47:29.472 28612 28612 D MonkeyStub: translateCommand: touch move 614 937
10-31 22:47:29.600 28612 28612 D MonkeyStub: translateCommand: touch move 614 812
10-31 22:47:29.706 28612 28612 D MonkeyStub: translateCommand: touch move 614 687
10-31 22:47:29.970 28612 28612 D MonkeyStub: translateCommand: touch move 614 562
10-31 22:47:30.094 28612 28612 D MonkeyStub: translateCommand: touch move 614 437
10-31 22:47:30.236 28612 28612 D MonkeyStub: translateCommand: touch move 614 312
10-31 22:47:30.242 28612 28612 D MonkeyStub: translateCommand: touch up 614 312
10-31 22:47:30.286   600  9614 I ActivityManager: Start proc 28678:com.android.chrome:sandboxed_process23/u0i993 for service com.android.chrome/org.chromium.content.app.SandboxedProcessService23
10-31 22:47:30.333 28678 28678 W boxed_process23: type=1400 audit(0.0:15529): avc: denied { getattr } for path="/data/data/com.android.chrome" dev="dm-2" ino=12190 scontext=u:r:isolated_app:s0:c512,c768 tcontext=u:object_r:app_data_file:s0:c512,c768 tclass=dir permissive=0
10-31 22:47:30.360 28678 28678 I cr_ChildProcessService: Creating new ChildProcessService pid=28678
10-31 22:47:30.422 28678 28691 I cr_LibraryLoader: Loaded native library version number "85.0.4183.127"
10-31 22:47:30.427 28678 28691 I cr_CachingUmaRecorder: Flushed 1 samples from 1 histograms.
10-31 22:47:30.470 28691 28691 W CrUtilityMain: type=1400 audit(0.0:15530): avc: denied { setattr } for name="tl_en-us_2022-10-26_484799359_100000_index.bin" dev="dm-2" ino=57495 scontext=u:r:isolated_app:s0:c512,c768 tcontext=u:object_r:app_data_file:s0:c512,c768 tclass=file permissive=0
10-31 22:47:30.473 28691 28691 W CrUtilityMain: type=1400 audit(0.0:15531): avc: denied { setattr } for name="manifest.json" dev="dm-2" ino=57873 scontext=u:r:isolated_app:s0:c512,c768 tcontext=u:object_r:app_data_file:s0:c512,c768 tclass=file permissive=0
10-31 22:47:30.473 28691 28691 W CrUtilityMain: type=1400 audit(0.0:15532): avc: denied { setattr } for name="verified_contents.json" dev="dm-2" ino=55593 scontext=u:r:isolated_app:s0:c512,c768 tcontext=u:object_r:app_data_file:s0:c512,c768 tclass=file permissive=0
10-31 22:47:30.482 28678 28678 I cr_ChildProcessService: Destroying ChildProcessService pid=28678
10-31 22:47:30.483 28678 28691 I chromium: [INFO:child_process_service.cc(69)] ChildProcessService: Exiting child process.
10-31 22:47:30.810   600  9614 I ActivityManager: Process com.android.chrome:sandboxed_process23 (pid 28678) has died
10-31 22:47:30.810   600  9614 D ActivityManager: cleanUpApplicationRecord -- 28678
10-31 22:47:30.811 28035 28035 W chromium: [WARNING:compositor_view.cc(315)] Child process died (type=6) pid=28678)
10-31 22:47:30.929   198   198 E SELinux : avc:  denied  { find } for service=netd pid=28698 uid=2000 scontext=u:r:shell:s0 tcontext=u:object_r:netd_service:s0 tclass=service_manager permissive=0
10-31 22:47:30.937   198   198 E SELinux : avc:  denied  { find } for service=android.service.gatekeeper.IGateKeeperService pid=28698 uid=2000 scontext=u:r:shell:s0 tcontext=u:object_r:gatekeeper_service:s0 tclass=service_manager permissive=0
10-31 22:47:31.618   600  6312 I ActivityManager: Start proc 28701:com.android.chrome:sandboxed_process24/u0i994 for service com.android.chrome/org.chromium.content.app.SandboxedProcessService24
10-31 22:47:31.676 28701 28701 W boxed_process24: type=1400 audit(0.0:15533): avc: denied { getattr } for path="/data/data/com.android.chrome" dev="dm-2" ino=12190 scontext=u:r:isolated_app:s0:c512,c768 tcontext=u:object_r:app_data_file:s0:c512,c768 tclass=dir permissive=0
10-31 22:47:31.705 28701 28701 I cr_ChildProcessService: Creating new ChildProcessService pid=28701
10-31 22:47:31.790 28701 28714 I cr_LibraryLoader: Loaded native library version number "85.0.4183.127"
10-31 22:47:31.791 28701 28714 I cr_CachingUmaRecorder: Flushed 1 samples from 1 histograms.
10-31 22:47:31.806 28714 28714 W CrUtilityMain: type=1400 audit(0.0:15534): avc: denied { setattr } for name="optimization-hints.pb" dev="dm-2" ino=44897 scontext=u:r:isolated_app:s0:c512,c768 tcontext=u:object_r:app_data_file:s0:c512,c768 tclass=file permissive=0
10-31 22:47:31.806 28714 28714 W CrUtilityMain: type=1400 audit(0.0:15535): avc: denied { setattr } for name="manifest.json" dev="dm-2" ino=41145 scontext=u:r:isolated_app:s0:c512,c768 tcontext=u:object_r:app_data_file:s0:c512,c768 tclass=file permissive=0
10-31 22:47:31.810 28714 28714 W CrUtilityMain: type=1400 audit(0.0:15536): avc: denied { setattr } for name="verified_contents.json" dev="dm-2" ino=28061 scontext=u:r:isolated_app:s0:c512,c768 tcontext=u:object_r:app_data_file:s0:c512,c768 tclass=file permissive=0
10-31 22:47:31.818 28701 28714 I chromium: [INFO:child_process_service.cc(69)] ChildProcessService: Exiting child process.
10-31 22:47:31.820 28701 28701 I cr_ChildProcessService: Destroying ChildProcessService pid=28701
10-31 22:47:31.844   600  1082 I ActivityManager: Process com.android.chrome:sandboxed_process24 (pid 28701) has died
10-31 22:47:31.844   600  1082 D ActivityManager: cleanUpApplicationRecord -- 28701
10-31 22:47:31.845 28035 28035 W chromium: [WARNING:compositor_view.cc(315)] Child process died (type=6) pid=28701)
10-31 22:47:33.283   600 24611 I ActivityManager: Start proc 28721:com.android.chrome:sandboxed_process25/u0i995 for service com.android.chrome/org.chromium.content.app.SandboxedProcessService25
10-31 22:47:33.346 28721 28721 W boxed_process25: type=1400 audit(0.0:15537): avc: denied { getattr } for path="/data/data/com.android.chrome" dev="dm-2" ino=12190 scontext=u:r:isolated_app:s0:c512,c768 tcontext=u:object_r:app_data_file:s0:c512,c768 tclass=dir permissive=0
10-31 22:47:33.367 28721 28721 I cr_ChildProcessService: Creating new ChildProcessService pid=28721
10-31 22:47:33.403 28721 28734 I cr_LibraryLoader: Loaded native library version number "85.0.4183.127"
10-31 22:47:33.403 28721 28734 I cr_CachingUmaRecorder: Flushed 1 samples from 1 histograms.
10-31 22:47:33.416 28734 28734 W CrUtilityMain: type=1400 audit(0.0:15538): avc: denied { setattr } for name="crl-set" dev="dm-2" ino=50282 scontext=u:r:isolated_app:s0:c512,c768 tcontext=u:object_r:app_data_file:s0:c512,c768 tclass=file permissive=0
10-31 22:47:33.416 28734 28734 W CrUtilityMain: type=1400 audit(0.0:15539): avc: denied { setattr } for name="manifest.json" dev="dm-2" ino=47473 scontext=u:r:isolated_app:s0:c512,c768 tcontext=u:object_r:app_data_file:s0:c512,c768 tclass=file permissive=0
10-31 22:47:33.416 28734 28734 W CrUtilityMain: type=1400 audit(0.0:15540): avc: denied { setattr } for name="LICENSE" dev="dm-2" ino=44212 scontext=u:r:isolated_app:s0:c512,c768 tcontext=u:object_r:app_data_file:s0:c512,c768 tclass=file permissive=0
10-31 22:47:33.420 28734 28734 W CrUtilityMain: type=1400 audit(0.0:15541): avc: denied { setattr } for name="verified_contents.json" dev="dm-2" ino=30437 scontext=u:r:isolated_app:s0:c512,c768 tcontext=u:object_r:app_data_file:s0:c512,c768 tclass=file permissive=0
10-31 22:47:33.428 28721 28734 I chromium: [INFO:child_process_service.cc(69)] ChildProcessService: Exiting child process.
10-31 22:47:33.429   197   197 E lowmemorykiller: Error writing /proc/28721/oom_score_adj; errno=22
10-31 22:47:33.444   600 13557 I ActivityManager: Process com.android.chrome:sandboxed_process25 (pid 28721) has died
10-31 22:47:33.444   600 13557 D ActivityManager: cleanUpApplicationRecord -- 28721
10-31 22:47:33.445 28035 28035 W chromium: [WARNING:compositor_view.cc(315)] Child process died (type=6) pid=28721)
10-31 22:47:35.175   600  9614 I ActivityManager: Start proc 28738:com.android.chrome:sandboxed_process26/u0i996 for service com.android.chrome/org.chromium.content.app.SandboxedProcessService26
10-31 22:47:35.243 28738 28738 W boxed_process26: type=1400 audit(0.0:15542): avc: denied { getattr } for path="/data/data/com.android.chrome" dev="dm-2" ino=12190 scontext=u:r:isolated_app:s0:c512,c768 tcontext=u:object_r:app_data_file:s0:c512,c768 tclass=dir permissive=0
10-31 22:47:35.274 28738 28738 I cr_ChildProcessService: Creating new ChildProcessService pid=28738
10-31 22:47:35.325 28738 28751 I cr_LibraryLoader: Loaded native library version number "85.0.4183.127"
10-31 22:47:35.326 28738 28751 I cr_CachingUmaRecorder: Flushed 1 samples from 1 histograms.
10-31 22:47:35.337 28612 28612 D MonkeyStub: translateCommand: touch down 614 1561
10-31 22:47:35.356 28751 28751 W CrUtilityMain: type=1400 audit(0.0:15543): avc: denied { setattr } for name="manifest.json" dev="dm-2" ino=28396 scontext=u:r:isolated_app:s0:c512,c768 tcontext=u:object_r:app_data_file:s0:c512,c768 tclass=file permissive=0
10-31 22:47:35.356 28612 28612 D MonkeyStub: translateCommand: touch move 614 1561
10-31 22:47:35.360 28751 28751 W CrUtilityMain: type=1400 audit(0.0:15544): avc: denied { setattr } for name="verified_contents.json" dev="dm-2" ino=24543 scontext=u:r:isolated_app:s0:c512,c768 tcontext=u:object_r:app_data_file:s0:c512,c768 tclass=file permissive=0
10-31 22:47:35.368 28738 28738 I cr_ChildProcessService: Destroying ChildProcessService pid=28738
10-31 22:47:35.369 28738 28751 I chromium: [INFO:child_process_service.cc(69)] ChildProcessService: Exiting child process.
10-31 22:47:35.387   600  3994 I ActivityManager: Process com.android.chrome:sandboxed_process26 (pid 28738) has died
10-31 22:47:35.387   600  3994 D ActivityManager: cleanUpApplicationRecord -- 28738
10-31 22:47:35.389 28035 28035 W chromium: [WARNING:compositor_view.cc(315)] Child process died (type=6) pid=28738)
10-31 22:47:35.421   600 13557 I ActivityManager: Start proc 28757:com.android.chrome:sandboxed_process27/u0i997 for service com.android.chrome/org.chromium.content.app.SandboxedProcessService27
10-31 22:47:35.450 28757 28757 W boxed_process27: type=1400 audit(0.0:15545): avc: denied { getattr } for path="/data/data/com.android.chrome" dev="dm-2" ino=12190 scontext=u:r:isolated_app:s0:c512,c768 tcontext=u:object_r:app_data_file:s0:c512,c768 tclass=dir permissive=0
10-31 22:47:35.463 28612 28612 D MonkeyStub: translateCommand: touch move 614 1436
10-31 22:47:35.473 28757 28757 I cr_ChildProcessService: Creating new ChildProcessService pid=28757
10-31 22:47:35.547 28757 28770 I cr_LibraryLoader: Loaded native library version number "85.0.4183.127"
10-31 22:47:35.547 28757 28770 I cr_CachingUmaRecorder: Flushed 1 samples from 1 histograms.
10-31 22:47:35.571 28612 28612 D MonkeyStub: translateCommand: touch move 614 1311
10-31 22:47:35.590 28770 28770 W CrUtilityMain: type=1400 audit(0.0:15546): avc: denied { setattr } for name="ssl_error_assistant.pb" dev="dm-2" ino=24316 scontext=u:r:isolated_app:s0:c512,c768 tcontext=u:object_r:app_data_file:s0:c512,c768 tclass=file permissive=0
10-31 22:47:35.590 28770 28770 W CrUtilityMain: type=1400 audit(0.0:15547): avc: denied { setattr } for name="manifest.json" dev="dm-2" ino=22529 scontext=u:r:isolated_app:s0:c512,c768 tcontext=u:object_r:app_data_file:s0:c512,c768 tclass=file permissive=0
10-31 22:47:35.593 28770 28770 W CrUtilityMain: type=1400 audit(0.0:15548): avc: denied { setattr } for name="verified_contents.json" dev="dm-2" ino=22565 scontext=u:r:isolated_app:s0:c512,c768 tcontext=u:object_r:app_data_file:s0:c512,c768 tclass=file permissive=0
10-31 22:47:35.602 28757 28770 I chromium: [INFO:child_process_service.cc(69)] ChildProcessService: Exiting child process.
10-31 22:47:35.607   197   197 E lowmemorykiller: Error writing /proc/28757/oom_score_adj; errno=22
10-31 22:47:35.607   600  3994 E JavaBinder: !!! FAILED BINDER TRANSACTION !!!  (parcel size = 76)
10-31 22:47:35.608   600  3994 E JavaBinder: !!! FAILED BINDER TRANSACTION !!!  (parcel size = 576)
10-31 22:47:35.608   600  3994 W ActivityManager: Exception when unbinding service com.android.chrome/org.chromium.content.app.SandboxedProcessService27
10-31 22:47:35.608   600  3994 W ActivityManager: android.os.DeadObjectException: Transaction failed on small parcel; remote process probably died
10-31 22:47:35.608   600  3994 W ActivityManager: 	at android.os.BinderProxy.transactNative(Native Method)
10-31 22:47:35.608   600  3994 W ActivityManager: 	at android.os.BinderProxy.transact(Binder.java:615)
10-31 22:47:35.608   600  3994 W ActivityManager: 	at android.app.ApplicationThreadProxy.scheduleUnbindService(ApplicationThreadNative.java:1016)
10-31 22:47:35.608   600  3994 W ActivityManager: 	at com.android.server.am.ActiveServices.removeConnectionLocked(ActiveServices.java:2175)
10-31 22:47:35.608   600  3994 W ActivityManager: 	at com.android.server.am.ActiveServices.unbindServiceLocked(ActiveServices.java:1163)
10-31 22:47:35.608   600  3994 W ActivityManager: 	at com.android.server.am.ActivityManagerService.unbindService(ActivityManagerService.java:17309)
10-31 22:47:35.608   600  3994 W ActivityManager: 	at android.app.ActivityManagerNative.onTransact(ActivityManagerNative.java:1145)
10-31 22:47:35.608   600  3994 W ActivityManager: 	at com.android.server.am.ActivityManagerService.onTransact(ActivityManagerService.java:2795)
10-31 22:47:35.608   600  3994 W ActivityManager: 	at android.os.Binder.execTransact(Binder.java:565)
10-31 22:47:35.609   600  3994 E JavaBinder: !!! FAILED BINDER TRANSACTION !!!  (parcel size = 76)
10-31 22:47:35.609   197   197 E lowmemorykiller: Error writing /proc/28757/oom_score_adj; errno=22
10-31 22:47:35.609   600  3994 E JavaBinder: !!! FAILED BINDER TRANSACTION !!!  (parcel size = 76)
10-31 22:47:35.617   600 13557 I ActivityManager: Process com.android.chrome:sandboxed_process27 (pid 28757) has died
10-31 22:47:35.617   600 13557 D ActivityManager: cleanUpApplicationRecord -- 28757
10-31 22:47:35.618 28035 28035 W chromium: [WARNING:compositor_view.cc(315)] Child process died (type=6) pid=28757)
10-31 22:47:35.676 28612 28612 D MonkeyStub: translateCommand: touch move 614 1186
10-31 22:47:35.780 28612 28612 D MonkeyStub: translateCommand: touch move 614 1061
10-31 22:47:35.889 28612 28612 D MonkeyStub: translateCommand: touch move 614 937
10-31 22:47:35.912   600 27731 I ActivityManager: Start proc 28774:com.android.chrome:sandboxed_process28/u0i998 for service com.android.chrome/org.chromium.content.app.SandboxedProcessService28
10-31 22:47:35.956 28774 28774 W boxed_process28: type=1400 audit(0.0:15549): avc: denied { getattr } for path="/data/data/com.android.chrome" dev="dm-2" ino=12190 scontext=u:r:isolated_app:s0:c512,c768 tcontext=u:object_r:app_data_file:s0:c512,c768 tclass=dir permissive=0
10-31 22:47:35.981 28774 28774 I cr_ChildProcessService: Creating new ChildProcessService pid=28774
10-31 22:47:36.001 28612 28612 D MonkeyStub: translateCommand: touch move 614 812
10-31 22:47:36.030 28774 28787 I cr_LibraryLoader: Loaded native library version number "85.0.4183.127"
10-31 22:47:36.031 28774 28787 I cr_CachingUmaRecorder: Flushed 1 samples from 1 histograms.
10-31 22:47:36.046 28787 28787 W CrUtilityMain: type=1400 audit(0.0:15550): avc: denied { setattr } for name="safety_tips.pb" dev="dm-2" ino=23064 scontext=u:r:isolated_app:s0:c512,c768 tcontext=u:object_r:app_data_file:s0:c512,c768 tclass=file permissive=0
10-31 22:47:36.050 28787 28787 W CrUtilityMain: type=1400 audit(0.0:15551): avc: denied { setattr } for name="manifest.json" dev="dm-2" ino=23026 scontext=u:r:isolated_app:s0:c512,c768 tcontext=u:object_r:app_data_file:s0:c512,c768 tclass=file permissive=0
10-31 22:47:36.053 28787 28787 W CrUtilityMain: type=1400 audit(0.0:15552): avc: denied { setattr } for name="verified_contents.json" dev="dm-2" ino=23065 scontext=u:r:isolated_app:s0:c512,c768 tcontext=u:object_r:app_data_file:s0:c512,c768 tclass=file permissive=0
10-31 22:47:36.063 28774 28774 I cr_ChildProcessService: Destroying ChildProcessService pid=28774
10-31 22:47:36.064 28774 28787 I chromium: [INFO:child_process_service.cc(69)] ChildProcessService: Exiting child process.
10-31 22:47:36.105 28612 28612 D MonkeyStub: translateCommand: touch move 614 687
10-31 22:47:36.107   600 13558 I ActivityManager: Process com.android.chrome:sandboxed_process28 (pid 28774) has died
10-31 22:47:36.107   600 13558 D ActivityManager: cleanUpApplicationRecord -- 28774
10-31 22:47:36.111 28035 28035 W chromium: [WARNING:compositor_view.cc(315)] Child process died (type=6) pid=28774)
10-31 22:47:36.216 28612 28612 D MonkeyStub: translateCommand: touch move 614 562
10-31 22:47:36.327 28612 28612 D MonkeyStub: translateCommand: touch move 614 437
10-31 22:47:36.432 28612 28612 D MonkeyStub: translateCommand: touch move 614 312
10-31 22:47:36.441 28612 28612 D MonkeyStub: translateCommand: touch up 614 312
10-31 22:47:36.597   600 24611 I ActivityManager: Start proc 28793:com.android.chrome:sandboxed_process29/u0i999 for service com.android.chrome/org.chromium.content.app.SandboxedProcessService29
10-31 22:47:36.626 28793 28793 W boxed_process29: type=1400 audit(0.0:15553): avc: denied { getattr } for path="/data/data/com.android.chrome" dev="dm-2" ino=12190 scontext=u:r:isolated_app:s0:c512,c768 tcontext=u:object_r:app_data_file:s0:c512,c768 tclass=dir permissive=0
10-31 22:47:36.648 28793 28793 I cr_ChildProcessService: Creating new ChildProcessService pid=28793
10-31 22:47:36.684 28793 28806 I cr_LibraryLoader: Loaded native library version number "85.0.4183.127"
10-31 22:47:36.684 28793 28806 I cr_CachingUmaRecorder: Flushed 1 samples from 1 histograms.
10-31 22:47:36.700 28806 28806 W CrUtilityMain: type=1400 audit(0.0:15554): avc: denied { setattr } for name=5072656C6F61642044617461 dev="dm-2" ino=23492 scontext=u:r:isolated_app:s0:c512,c768 tcontext=u:object_r:app_data_file:s0:c512,c768 tclass=file permissive=0
10-31 22:47:36.700 28806 28806 W CrUtilityMain: type=1400 audit(0.0:15555): avc: denied { setattr } for name="manifest.json" dev="dm-2" ino=23258 scontext=u:r:isolated_app:s0:c512,c768 tcontext=u:object_r:app_data_file:s0:c512,c768 tclass=file permissive=0
10-31 22:47:36.703 28806 28806 W CrUtilityMain: type=1400 audit(0.0:15556): avc: denied { setattr } for name="verified_contents.json" dev="dm-2" ino=23497 scontext=u:r:isolated_app:s0:c512,c768 tcontext=u:object_r:app_data_file:s0:c512,c768 tclass=file permissive=0
10-31 22:47:36.711 28793 28806 I chromium: [INFO:child_process_service.cc(69)] ChildProcessService: Exiting child process.
10-31 22:47:36.730   600 27731 I ActivityManager: Process com.android.chrome:sandboxed_process29 (pid 28793) has died
10-31 22:47:36.730   600 27731 D ActivityManager: cleanUpApplicationRecord -- 28793
10-31 22:47:36.732 28035 28035 W chromium: [WARNING:compositor_view.cc(315)] Child process died (type=6) pid=28793)
10-31 22:47:37.427   600  3967 I ActivityManager: Start proc 28810:com.android.chrome:sandboxed_process30/u0i0 for service com.android.chrome/org.chromium.content.app.SandboxedProcessService30
10-31 22:47:37.473 28810 28810 W boxed_process30: type=1400 audit(0.0:15557): avc: denied { getattr } for path="/data/data/com.android.chrome" dev="dm-2" ino=12190 scontext=u:r:isolated_app:s0:c512,c768 tcontext=u:object_r:app_data_file:s0:c512,c768 tclass=dir permissive=0
10-31 22:47:37.496 28810 28810 I cr_ChildProcessService: Creating new ChildProcessService pid=28810
10-31 22:47:37.538 28810 28823 I cr_LibraryLoader: Loaded native library version number "85.0.4183.127"
10-31 22:47:37.539 28810 28823 I cr_CachingUmaRecorder: Flushed 1 samples from 1 histograms.
10-31 22:47:37.553 28823 28823 W CrUtilityMain: type=1400 audit(0.0:15558): avc: denied { setattr } for name="tls_deprecation_config.pb" dev="dm-2" ino=23481 scontext=u:r:isolated_app:s0:c512,c768 tcontext=u:object_r:app_data_file:s0:c512,c768 tclass=file permissive=0
10-31 22:47:37.553 28823 28823 W CrUtilityMain: type=1400 audit(0.0:15559): avc: denied { setattr } for name="manifest.json" dev="dm-2" ino=23307 scontext=u:r:isolated_app:s0:c512,c768 tcontext=u:object_r:app_data_file:s0:c512,c768 tclass=file permissive=0
10-31 22:47:37.556 28823 28823 W CrUtilityMain: type=1400 audit(0.0:15560): avc: denied { setattr } for name="verified_contents.json" dev="dm-2" ino=49927 scontext=u:r:isolated_app:s0:c512,c768 tcontext=u:object_r:app_data_file:s0:c512,c768 tclass=file permissive=0
10-31 22:47:37.562 28810 28823 I chromium: [INFO:child_process_service.cc(69)] ChildProcessService: Exiting child process.
10-31 22:47:37.580   600  1082 I ActivityManager: Process com.android.chrome:sandboxed_process30 (pid 28810) has died
10-31 22:47:37.581   600  1082 D ActivityManager: cleanUpApplicationRecord -- 28810
10-31 22:47:37.581 28035 28035 W chromium: [WARNING:compositor_view.cc(315)] Child process died (type=6) pid=28810)
10-31 22:47:38.491   600   707 I ActivityManager: Start proc 28829:com.android.chrome:sandboxed_process31/u0i1 for service com.android.chrome/org.chromium.content.app.SandboxedProcessService31
10-31 22:47:38.533 28829 28829 W boxed_process31: type=1400 audit(0.0:15561): avc: denied { getattr } for path="/data/data/com.android.chrome" dev="dm-2" ino=12190 scontext=u:r:isolated_app:s0:c512,c768 tcontext=u:object_r:app_data_file:s0:c512,c768 tclass=dir permissive=0
10-31 22:47:38.553 28829 28829 I cr_ChildProcessService: Creating new ChildProcessService pid=28829
10-31 22:47:38.587 28829 28842 I cr_LibraryLoader: Loaded native library version number "85.0.4183.127"
10-31 22:47:38.588 28829 28842 I cr_CachingUmaRecorder: Flushed 1 samples from 1 histograms.
10-31 22:47:38.600 28842 28842 W CrUtilityMain: type=1400 audit(0.0:15562): avc: denied { setattr } for name="download_file_types.pb" dev="dm-2" ino=51171 scontext=u:r:isolated_app:s0:c512,c768 tcontext=u:object_r:app_data_file:s0:c512,c768 tclass=file permissive=0
10-31 22:47:38.600 28842 28842 W CrUtilityMain: type=1400 audit(0.0:15563): avc: denied { setattr } for name="manifest.json" dev="dm-2" ino=51221 scontext=u:r:isolated_app:s0:c512,c768 tcontext=u:object_r:app_data_file:s0:c512,c768 tclass=file permissive=0
10-31 22:47:38.603 28842 28842 W CrUtilityMain: type=1400 audit(0.0:15564): avc: denied { setattr } for name="verified_contents.json" dev="dm-2" ino=52916 scontext=u:r:isolated_app:s0:c512,c768 tcontext=u:object_r:app_data_file:s0:c512,c768 tclass=file permissive=0
10-31 22:47:38.613 28829 28842 I chromium: [INFO:child_process_service.cc(69)] ChildProcessService: Exiting child process.
10-31 22:47:38.634   600  6312 I ActivityManager: Process com.android.chrome:sandboxed_process31 (pid 28829) has died
10-31 22:47:38.635   600  6312 D ActivityManager: cleanUpApplicationRecord -- 28829
10-31 22:47:38.635 28035 28035 W chromium: [WARNING:compositor_view.cc(315)] Child process died (type=6) pid=28829)
10-31 22:47:41.695 28612 28612 D MonkeyStub: Quit requested
10-31 22:47:41.776   600   614 I CwMcuSensor: CwMcuSensor::flush: fd = 225, sensors_id = 0, path = /sys/class/htc_sensorhub/sensor_hub/flush, err = 0
10-31 22:47:41.785 28612 28612 I art     : System.exit called, status: 56
10-31 22:47:41.785 28612 28612 I AndroidRuntime: VM exiting with result code 56.
10-31 22:47:41.809   600  1080 W WindowManager: Attempted to remove non-existing token: android.os.Binder@6cff4db
10-31 22:47:58.069 28863 28863 D AndroidRuntime: >>>>>> START com.android.internal.os.RuntimeInit uid 2000 <<<<<<
10-31 22:47:58.077 28863 28863 D AndroidRuntime: CheckJNI is OFF
10-31 22:47:58.174 28863 28863 D ICU     : No timezone override file found: /data/misc/zoneinfo/current/icu/icu_tzdata.dat
10-31 22:47:58.217 28863 28863 I Radio-JNI: register_android_hardware_Radio DONE
10-31 22:47:58.236 28863 28863 D AndroidRuntime: Calling main entry com.android.commands.am.Am
10-31 22:47:58.256   600  3994 I ActivityManager: Force stopping com.android.chrome appid=10035 user=0: from pid 28863
10-31 22:47:58.256   600  3994 I ActivityManager: Killing 28097:com.android.chrome:privileged_process0/u0a35 (adj 0): stop com.android.chrome
10-31 22:47:58.256   600  3994 D ActivityManager: cleanUpApplicationRecord -- 28097
10-31 22:47:58.256   600  3994 W ActivityManager: Scheduling restart of crashed service com.android.chrome/org.chromium.content.app.PrivilegedProcessService0 in 1000ms
10-31 22:47:58.256   600  3994 I ActivityManager: Killing 28035:com.android.chrome/u0a35 (adj 0): stop com.android.chrome
10-31 22:47:58.261   600  3994 D ActivityManager: cleanUpApplicationRecord -- 28035
10-31 22:47:58.266   600  3994 I ActivityManager: Killing 28553:com.android.chrome:sandboxed_process21/u0a35i991 (adj 0): isolated not needed
10-31 22:47:58.268   600  3994 W ActivityManager: Force removing ActivityRecord{d418bcb u0 com.android.chrome/com.google.android.apps.chrome.Main t2458}: app died, no saved state
10-31 22:47:58.281   600  3994 I ActivityManager: Killing 28070:com.android.chrome:sandboxed_process0/u0a35i970 (adj 0): isolated not needed
10-31 22:47:58.312 28863 28863 D AndroidRuntime: Shutting down VM
10-31 22:47:58.328 18269 18304 I OpenGLRenderer: Initialized EGL, version 1.4
10-31 22:47:58.328 18269 18304 D OpenGLRenderer: Swap behavior 2
10-31 22:47:58.365   600  1076 D ConnectivityService: ConnectivityService NetworkRequestInfo binderDied(NetworkRequest [ LISTEN id=2114, [ Capabilities: INTERNET&NOT_RESTRICTED&TRUSTED&FOREGROUND] ], android.os.BinderProxy@d4f5c7b)
10-31 22:47:58.365   600  1082 D ConnectivityService: ConnectivityService NetworkRequestInfo binderDied(NetworkRequest [ LISTEN id=2113, [ Capabilities: INTERNET&NOT_RESTRICTED&TRUSTED&FOREGROUND] ], android.os.BinderProxy@b1a0a98)
10-31 22:47:58.365   600  1082 D ConnectivityService: ConnectivityService NetworkRequestInfo binderDied(NetworkRequest [ LISTEN id=2111, [ Capabilities: INTERNET&NOT_RESTRICTED&TRUSTED&FOREGROUND] ], android.os.BinderProxy@2e102f1)
10-31 22:47:58.366   600  1082 D GraphicsStats: Buffer count: 2
10-31 22:47:58.366   600  1076 D ConnectivityService: ConnectivityService NetworkRequestInfo binderDied(NetworkRequest [ LISTEN id=2112, [ Capabilities: INTERNET&NOT_RESTRICTED&TRUSTED&FOREGROUND] ], android.os.BinderProxy@19ded6)
10-31 22:47:58.367   600   649 E ConnectivityService: RemoteException caught trying to send a callback msg for NetworkRequest [ LISTEN id=2114, [ Capabilities: INTERNET&NOT_RESTRICTED&TRUSTED&FOREGROUND] ]
10-31 22:47:58.367   600   649 E ConnectivityService: RemoteException caught trying to send a callback msg for NetworkRequest [ LISTEN id=2113, [ Capabilities: INTERNET&NOT_RESTRICTED&TRUSTED&FOREGROUND] ]
10-31 22:47:58.368   600   649 E ConnectivityService: RemoteException caught trying to send a callback msg for NetworkRequest [ LISTEN id=2111, [ Capabilities: INTERNET&NOT_RESTRICTED&TRUSTED&FOREGROUND] ]
10-31 22:47:58.368   600   649 E ConnectivityService: RemoteException caught trying to send a callback msg for NetworkRequest [ LISTEN id=2112, [ Capabilities: INTERNET&NOT_RESTRICTED&TRUSTED&FOREGROUND] ]
