11-02 15:21:03.724   601 12691 W ActivityManager: Scheduling restart of crashed service com.android.chrome/org.chromium.content.app.PrivilegedProcessService0 in 1000ms
11-02 15:21:03.724   601 12691 I ActivityManager: Killing 19779:com.android.chrome/u0a35 (adj 0): stop com.android.chrome
11-02 15:21:03.724   601 12691 D ActivityManager: cleanUpApplicationRecord -- 19779
11-02 15:21:03.734   601 12691 W ActivityManager: Force removing ActivityRecord{1e33bfe u0 com.android.chrome/com.google.android.apps.chrome.Main t1418}: app died, no saved state
11-02 15:21:03.743   601 12691 I ActivityManager: Killing 20244:com.android.chrome:sandboxed_process18/u0a35i317 (adj 0): isolated not needed
11-02 15:21:03.743   601 12691 I ActivityManager: Killing 19814:com.android.chrome:sandboxed_process0/u0a35i299 (adj 0): isolated not needed
11-02 15:21:03.755 20646 20646 D AndroidRuntime: Shutting down VM
11-02 15:21:03.783  1052  1052 D RegisteredNfcFServicesCache: Service unchanged, not updating
11-02 15:21:03.786 26552 26552 I MemoryTrimmer: Trimming objects from memory, since app is in the background.
11-02 15:21:03.790  1065  1161 I OpenGLRenderer: Initialized EGL, version 1.4
11-02 15:21:03.790  1065  1161 D OpenGLRenderer: Swap behavior 2
11-02 15:21:03.800   601  6618 D ConnectivityService: ConnectivityService NetworkRequestInfo binderDied(NetworkRequest [ LISTEN id=476, [ Capabilities: INTERNET&NOT_RESTRICTED&TRUSTED&FOREGROUND] ], android.os.BinderProxy@fc8efd2)
11-02 15:21:03.800   601  6618 D ConnectivityService: ConnectivityService NetworkRequestInfo binderDied(NetworkRequest [ LISTEN id=475, [ Capabilities: INTERNET&NOT_RESTRICTED&TRUSTED&FOREGROUND] ], android.os.BinderProxy@c48a3)
11-02 15:21:03.800   601  6618 D ConnectivityService: ConnectivityService NetworkRequestInfo binderDied(NetworkRequest [ LISTEN id=473, [ Capabilities: INTERNET&NOT_RESTRICTED&TRUSTED&FOREGROUND] ], android.os.BinderProxy@46ec7a0)
11-02 15:21:03.800   601  6618 D ConnectivityService: ConnectivityService NetworkRequestInfo binderDied(NetworkRequest [ LISTEN id=474, [ Capabilities: INTERNET&NOT_RESTRICTED&TRUSTED&FOREGROUND] ], android.os.BinderProxy@9bdef59)
11-02 15:21:03.801   601  6618 D GraphicsStats: Buffer count: 2
11-02 15:21:03.802   601   650 E ConnectivityService: RemoteException caught trying to send a callback msg for NetworkRequest [ LISTEN id=476, [ Capabilities: INTERNET&NOT_RESTRICTED&TRUSTED&FOREGROUND] ]
11-02 15:21:03.807   601   650 E ConnectivityService: RemoteException caught trying to send a callback msg for NetworkRequest [ LISTEN id=475, [ Capabilities: INTERNET&NOT_RESTRICTED&TRUSTED&FOREGROUND] ]
11-02 15:21:03.807   601   650 E ConnectivityService: RemoteException caught trying to send a callback msg for NetworkRequest [ LISTEN id=473, [ Capabilities: INTERNET&NOT_RESTRICTED&TRUSTED&FOREGROUND] ]
11-02 15:21:03.808   601   650 E ConnectivityService: RemoteException caught trying to send a callback msg for NetworkRequest [ LISTEN id=474, [ Capabilities: INTERNET&NOT_RESTRICTED&TRUSTED&FOREGROUND] ]
11-02 15:21:03.904 26552 28052 I AttachedClient: Adding client event 2 to pending list.
11-02 15:21:03.908 26552 26552 I OptInState: There is a new client and it does not support opt-in. Dropping request.
11-02 15:21:03.912 26552 26552 I MicroDetectionWorker: Micro detection mode: [mDetectionMode: [1]].
11-02 15:21:03.922 26552 20660 I MicroRecognitionRunner: Starting detection.
11-02 15:21:03.923 26552 13382 I MicrophoneInputStream: mic_starting com.google.android.apps.gsa.speech.audio.ae@e7b0fe8
11-02 15:21:03.928   237   285 I SoundTriggerHwService::Module: void android::SoundTriggerHwService::Module::onCallbackEvent(const sp<android::SoundTriggerHwService::CallbackEvent> &) mClient == 0
11-02 15:21:03.934   237 20663 I AudioFlinger: AudioFlinger's thread 0xf0203a00 ready to run
11-02 15:21:03.937 26552 13382 I MicrophoneInputStream: mic_started com.google.android.apps.gsa.speech.audio.ae@e7b0fe8
11-02 15:21:04.000   601   610 I art     : Background partial concurrent mark sweep GC freed 72594(3MB) AllocSpace objects, 38(996KB) LOS objects, 33% free, 15MB/22MB, paused 1.632ms total 122.992ms
11-02 15:21:04.053   601  6618 D ActivityManager: cleanUpApplicationRecord -- 19814
11-02 15:21:04.063   601  4276 D ActivityManager: cleanUpApplicationRecord -- 20244
11-02 15:21:04.082   601   613 W ProcessCpuTracker: Skipping unknown process pid 20244
11-02 15:21:04.122 26552 26552 I MicroDetectionWorker: onReady
11-02 15:21:04.295 20658 20658 D AndroidRuntime: >>>>>> START com.android.internal.os.RuntimeInit uid 2000 <<<<<<
11-02 15:21:04.299 20658 20658 D AndroidRuntime: CheckJNI is OFF
11-02 15:21:04.336  1065  1161 W OpenGLRenderer: Incorrectly called buildLayer on View: ShortcutAndWidgetContainer, destroying layer...
11-02 15:21:04.388 20658 20658 D ICU     : No timezone override file found: /data/misc/zoneinfo/current/icu/icu_tzdata.dat
11-02 15:21:04.418 20658 20658 I Radio-JNI: register_android_hardware_Radio DONE
11-02 15:21:04.434 20658 20658 D AndroidRuntime: Calling main entry com.android.commands.pm.Pm
11-02 15:21:04.448   601 19770 I ActivityManager: Force stopping com.android.chrome appid=10035 user=0: clear data
11-02 15:21:04.449   601   614 I ActivityManager: Force stopping com.android.chrome appid=10035 user=-1: clearApplicationUserData
11-02 15:21:04.492   785   785 I GeofencerStateMachine: removeGeofences: removeRequest=RemoveGeofencingRequest[REMOVE_ALL packageName=com.android.chrome]
11-02 15:21:04.497 20658 20658 I art     : System.exit called, status: 0
11-02 15:21:04.497 20658 20658 I AndroidRuntime: VM exiting with result code 0.
11-02 15:21:04.499   601   613 W ResourceType: No known package when getting value for resource number 0x7f080316
11-02 15:21:04.499   601   613 W ResourceType: No known package when getting value for resource number 0x7f130448
11-02 15:21:04.500   601   613 W ResourceType: No known package when getting value for resource number 0x7f080315
11-02 15:21:04.500   601   613 W ResourceType: No known package when getting value for resource number 0x7f130123
11-02 15:21:04.500   601   613 W ResourceType: No known package when getting value for resource number 0x7f130447
11-02 15:21:04.500   601   613 W ResourceType: No known package when getting value for resource number 0x7f1302e4
11-02 15:21:04.500   601   613 E ShortcutService: Ignoring excessive intent tag.
11-02 15:21:04.518  1052  1052 D RegisteredNfcFServicesCache: Service unchanged, not updating
11-02 15:21:04.531   785 20675 I Fitness : FitCleanupIntentOperation received Intent android.intent.action.PACKAGE_DATA_CLEARED [CONTEXT service_id=17 ]
11-02 15:21:04.559 30982 20373 I Icing   : doRemovePackageData com.android.chrome
11-02 15:21:04.559 30982 20373 I Icing   : Removing corpus key com.android.chrome-.implicit: for package com.android.chrome
11-02 15:21:04.589 30982 20373 I native  : flash-index.cc:1519 Flash index sort hb 65 prefix-hits 114 -> 105 at 10.051ms
11-02 15:21:04.619 30982 20373 I Icing   : Removing corpus key com.android.chrome-omnibox for package com.android.chrome
11-02 15:21:04.678 30982 20373 I Icing   : Starting compaction min disk 99.929% min index 99.990%
11-02 15:21:04.831 30982 20373 I native  : document-store.cc:1654 Scored 3366 usage reports, missing_corpora 1863 update_failed 1
11-02 15:21:04.861 30982 20373 W native  : words-map.cc:30 INVALID_ARGUMENT: Empty URI
11-02 15:21:04.861 30982 20373 W native  : words-map.cc:34 WordsMap was not properly initialized
11-02 15:21:04.963 30982 20373 E native  : compactor.cc:67 Could not index embedding for docid 1: INTERNAL: Unable to find Thing Proto section 
11-02 15:21:04.963 30982 20373 E native  : compactor.cc:67 Could not index embedding for docid 3: INTERNAL: Unable to find Thing Proto section 
11-02 15:21:04.963 30982 20373 E native  : compactor.cc:67 Could not index embedding for docid 5: INTERNAL: Unable to find Thing Proto section 
11-02 15:21:04.964 30982 20373 E native  : compactor.cc:67 Could not index embedding for docid 7: INTERNAL: Unable to find Thing Proto section 
11-02 15:21:05.004 30982 20373 E native  : compactor.cc:67 Could not index embedding for docid 8: INTERNAL: Unable to find Thing Proto section 
11-02 15:21:05.004 30982 20373 E native  : compactor.cc:67 Could not index embedding for docid 10: INTERNAL: Unable to find Thing Proto section 
11-02 15:21:05.005 30982 20373 E native  : compactor.cc:67 Could not index embedding for docid 11: INTERNAL: Unable to find Thing Proto section 
11-02 15:21:05.005 30982 20373 E native  : compactor.cc:67 Could not index embedding for docid 13: INTERNAL: Unable to find Thing Proto section 
11-02 15:21:05.005 30982 20373 E native  : compactor.cc:67 Could not index embedding for docid 14: INTERNAL: Unable to find Thing Proto section 
11-02 15:21:05.010 30982 20373 E native  : compactor.cc:67 Could not index embedding for docid 17: INTERNAL: Unable to find Thing Proto section 
11-02 15:21:05.010 30982 20373 E native  : compactor.cc:67 Could not index embedding for docid 18: INTERNAL: Unable to find Thing Proto section 
11-02 15:21:05.011 30982 20373 E native  : compactor.cc:67 Could not index embedding for docid 21: INTERNAL: Unable to find Thing Proto section 
11-02 15:21:05.011 30982 20373 E native  : compactor.cc:67 Could not index embedding for docid 22: INTERNAL: Unable to find Thing Proto section 
11-02 15:21:05.016 30982 20373 E native  : compactor.cc:67 Could not index embedding for docid 26: INTERNAL: Unable to find Thing Proto section 
11-02 15:21:05.017 30982 20373 E native  : compactor.cc:67 Could not index embedding for docid 27: INTERNAL: Unable to find Thing Proto section 
11-02 15:21:05.126 30982 20373 I native  : flash-index.cc:1519 Flash index sort hb 34 prefix-hits 54 -> 54 at 38.503ms
11-02 15:21:05.151 30982 20373 W native  : words-map.cc:30 INVALID_ARGUMENT: Empty URI
11-02 15:21:05.151 30982 20373 W native  : words-map.cc:34 WordsMap was not properly initialized
11-02 15:21:05.192 30982 20373 I Icing   : updateResources: need to parse acol{com.android.chrome}
11-02 15:21:05.250 30982 20373 I Icing   : Indexing com.android.chrome-omnibox from com.android.chrome
11-02 15:21:05.261   601   660 I ActivityManager: Start proc 20691:com.android.chrome/u0a35 for content provider com.android.chrome/com.google.android.apps.chrome.icing.IcingProvider
11-02 15:21:05.346 30982 20373 I Icing   : Indexing done com.android.chrome-omnibox
