11-01 14:18:21.731 14581 14581 I cr_ChildProcessService: Creating new ChildProcessService pid=14581
11-01 14:18:21.740 14650 14669 I art     : Background partial concurrent mark sweep GC freed 8029(322KB) AllocSpace objects, 0(0B) LOS objects, 39% free, 3MB/5MB, paused 223us total 109.910ms
11-01 14:18:21.765 14618 14618 W boxed_process16: type=1400 audit(0.0:981): avc: denied { getattr } for path="/data/data/com.android.chrome" dev="dm-2" ino=12190 scontext=u:r:isolated_app:s0:c512,c768 tcontext=u:object_r:app_data_file:s0:c512,c768 tclass=dir permissive=0
11-01 14:18:21.765 14636 14636 W boxed_process17: type=1400 audit(0.0:982): avc: denied { getattr } for path="/data/data/com.android.chrome" dev="dm-2" ino=12190 scontext=u:r:isolated_app:s0:c512,c768 tcontext=u:object_r:app_data_file:s0:c512,c768 tclass=dir permissive=0
11-01 14:18:21.812 14650 14650 W boxed_process18: type=1400 audit(0.0:983): avc: denied { getattr } for path="/data/data/com.android.chrome" dev="dm-2" ino=12190 scontext=u:r:isolated_app:s0:c512,c768 tcontext=u:object_r:app_data_file:s0:c512,c768 tclass=dir permissive=0
11-01 14:18:21.819 14604 14604 I cr_ChildProcessService: Creating new ChildProcessService pid=14604
11-01 14:18:21.834 14593 14593 I cr_ChildProcessService: Creating new ChildProcessService pid=14593
11-01 14:18:21.835 14671 14686 I art     : Background partial concurrent mark sweep GC freed 8074(323KB) AllocSpace objects, 0(0B) LOS objects, 39% free, 2MB/4MB, paused 2.619ms total 131.794ms
11-01 14:18:21.900 14618 14618 I cr_ChildProcessService: Creating new ChildProcessService pid=14618
11-01 14:18:21.909 14671 14671 W boxed_process19: type=1400 audit(0.0:984): avc: denied { getattr } for path="/data/data/com.android.chrome" dev="dm-2" ino=12190 scontext=u:r:isolated_app:s0:c512,c768 tcontext=u:object_r:app_data_file:s0:c512,c768 tclass=dir permissive=0
11-01 14:18:21.921 14349 14349 I Radio-JNI: register_android_hardware_Radio DONE
11-01 14:18:21.965 14556 14556 I cr_ChildProcessService: Destroying ChildProcessService pid=14556
11-01 14:18:21.970 14636 14636 I cr_ChildProcessService: Creating new ChildProcessService pid=14636
11-01 14:18:21.985 14650 14650 I cr_ChildProcessService: Creating new ChildProcessService pid=14650
11-01 14:18:21.990   600   609 I art     : Background partial concurrent mark sweep GC freed 33125(1722KB) AllocSpace objects, 17(452KB) LOS objects, 33% free, 15MB/22MB, paused 10.757ms total 363.779ms
11-01 14:18:22.002 14573 14679 I cr_LibraryLoader: Loaded native library version number "85.0.4183.127"
11-01 14:18:22.002 14573 14679 I cr_CachingUmaRecorder: Flushed 1 samples from 1 histograms.
11-01 14:18:22.065 14349 14349 D AndroidRuntime: Calling main entry com.android.commands.am.Am
11-01 14:18:22.070 14671 14671 I cr_ChildProcessService: Creating new ChildProcessService pid=14671
11-01 14:18:22.107 14581 14690 I cr_LibraryLoader: Loaded native library version number "85.0.4183.127"
11-01 14:18:22.108 14581 14690 I cr_CachingUmaRecorder: Flushed 1 samples from 1 histograms.
11-01 14:18:22.163 14573 14679 I chromium: [INFO:child_process_service.cc(69)] ChildProcessService: Exiting child process.
11-01 14:18:22.168   197   197 E lowmemorykiller: Error writing /proc/14573/oom_score_adj; errno=22
11-01 14:18:22.189 14604 14697 I cr_LibraryLoader: Loaded native library version number "85.0.4183.127"
11-01 14:18:22.189 14604 14697 I cr_CachingUmaRecorder: Flushed 1 samples from 1 histograms.
11-01 14:18:22.201 14593 14698 I cr_LibraryLoader: Loaded native library version number "85.0.4183.127"
11-01 14:18:22.201 14593 14698 I cr_CachingUmaRecorder: Flushed 1 samples from 1 histograms.
11-01 14:18:22.233 14618 14700 I cr_LibraryLoader: Loaded native library version number "85.0.4183.127"
11-01 14:18:22.233 14618 14700 I cr_CachingUmaRecorder: Flushed 1 samples from 1 histograms.
11-01 14:18:22.250   600  5522 I ActivityManager: START u0 {act=android.intent.action.VIEW dat=http://www.britannica.com/... flg=0x10000000 cmp=com.android.chrome/com.google.android.apps.chrome.Main} from uid 2000 on display 0
11-01 14:18:22.271 14650 14704 I cr_LibraryLoader: Loaded native library version number "85.0.4183.127"
11-01 14:18:22.272 14650 14704 I cr_CachingUmaRecorder: Flushed 1 samples from 1 histograms.
11-01 14:18:22.280 14349 14349 D AndroidRuntime: Shutting down VM
11-01 14:18:22.313 14636 14703 I cr_LibraryLoader: Loaded native library version number "85.0.4183.127"
11-01 14:18:22.325 14636 14703 I cr_CachingUmaRecorder: Flushed 1 samples from 1 histograms.
11-01 14:18:22.338 14180 14180 E cr_IntentUtils: getInt failed on bundle null
11-01 14:18:22.358 14581 14581 I cr_ChildProcessService: Destroying ChildProcessService pid=14581
11-01 14:18:22.378   600   610 I ActivityManager: Start proc 14728:com.android.chrome:sandboxed_process20/u0i601 for service com.android.chrome/org.chromium.content.app.SandboxedProcessService20
11-01 14:18:22.420 14180 14190 I art     : Background sticky concurrent mark sweep GC freed 44132(2MB) AllocSpace objects, 29(580KB) LOS objects, 19% free, 12MB/16MB, paused 542us total 153.169ms
11-01 14:18:22.437 14180 14180 W FeedModelProvider: sessionId is null, this should have been set during population
11-01 14:18:22.439 14180 14180 I cr_tabmodel: Appending tabs being restored to metadata lists, 0, startingNormalCount: 2, startingIncognitoCount: 0
11-01 14:18:22.439 14180 14180 I cr_tabmodel: Serializing tab lists; counts: 2, 0
11-01 14:18:22.442 14650 14704 I chromium: [INFO:child_process_service.cc(69)] ChildProcessService: Exiting child process.
11-01 14:18:22.446   197   197 E lowmemorykiller: Error writing /proc/14650/oom_score_adj; errno=22
11-01 14:18:22.453 14671 14709 I cr_LibraryLoader: Loaded native library version number "85.0.4183.127"
11-01 14:18:22.454 14671 14709 I cr_CachingUmaRecorder: Flushed 1 samples from 1 histograms.
11-01 14:18:22.466   600  8928 I ActivityManager: Killing 14650:com.android.chrome:sandboxed_process18/u0a35i599 (adj 0): isolated not needed
11-01 14:18:22.466   600  8928 I ActivityManager: Killing 14618:com.android.chrome:sandboxed_process16/u0a35i597 (adj 0): isolated not needed
11-01 14:18:22.466   600  8928 I ActivityManager: Killing 14593:com.android.chrome:sandboxed_process14/u0a35i595 (adj 0): isolated not needed
11-01 14:18:22.466   600  8928 I ActivityManager: Killing 14604:com.android.chrome:sandboxed_process15/u0a35i596 (adj 0): isolated not needed
11-01 14:18:22.466   600  8928 I ActivityManager: Killing 14581:com.android.chrome:sandboxed_process13/u0a35i594 (adj 0): isolated not needed
11-01 14:18:22.466   600  8928 I ActivityManager: Killing 14573:com.android.chrome:sandboxed_process12/u0a35i593 (adj 0): isolated not needed
11-01 14:18:22.466   600  8928 I ActivityManager: Killing 14556:com.android.chrome:sandboxed_process11/u0a35i592 (adj 0): isolated not needed
11-01 14:18:22.514   237 14732 I art     : Background partial concurrent mark sweep GC freed 8006(322KB) AllocSpace objects, 0(0B) LOS objects, 40% free, 2MB/4MB, paused 180us total 112.950ms
11-01 14:18:22.555 14180 14180 I FeedRequestManagerImpl: Request: /httpservice/noretry/DiscoverClankService/FeedQuery completed with response code: 200
11-01 14:18:22.555 14180 14180 I TaskQueue:  - task [IMMEDIATE - d: true, b: 2]: 15
11-01 14:18:22.555 14180 14180 I TaskQueue:  - queueTask starting immediate task
11-01 14:18:22.557 14180 14249 I TaskQueue: Execute task [IMMEDIATE - d: true, b: 2]: 15
11-01 14:18:22.574 14551 14551 I dex2oat : dex2oat took 1.402s (threads: 2) arena alloc=771KB (790272B) java alloc=81KB (83360B) native alloc=559KB (573208B) free=1488KB (1523944B)
11-01 14:18:22.612 14728 14728 W boxed_process20: type=1400 audit(0.0:985): avc: denied { getattr } for path="/data/data/com.android.chrome" dev="dm-2" ino=12190 scontext=u:r:isolated_app:s0:c512,c768 tcontext=u:object_r:app_data_file:s0:c512,c768 tclass=dir permissive=0
11-01 14:18:22.643 14180 14249 I MainThreadRunner: Running task [FeedRequestManagerImpl consumer] on the Main Thread
11-01 14:18:22.643 14180 14249 I TaskQueue:  - Finished 15, time 87 ms
11-01 14:18:22.676 14671 14671 I cr_ChildProcessService: Destroying ChildProcessService pid=14671
11-01 14:18:22.693 14180 14180 I FeedProtocolAdapter: createModel, operations 33
11-01 14:18:22.700 14180 14180 I TimingUtils: Task Timing   7ms, thread ui | task : convertWireProtocol | mutations : 33
11-01 14:18:22.703 14180 14180 I TaskQueue:  - task [HEAD_RESET - d: true, b: 2]: 5
11-01 14:18:22.703 14180 14180 I TaskQueue:  - queueTask starting immediate task
11-01 14:18:22.703 14180 14249 I TaskQueue: Execute task [HEAD_RESET - d: true, b: 2]: 5
11-01 14:18:22.706 14180 14249 I TaskQueue:  - task [BACKGROUND - d: true, b: 2]: 23
11-01 14:18:22.706 14180 14249 W SessionCache: Persisted Sessions were not found
11-01 14:18:22.714 14180 14249 I PersistentFeedStore: commitSessionMutation - Success true, Update Session $HEAD, stream structures 32
11-01 14:18:22.719 14180 14249 I MainThreadRunner: Running task [SchedulerApiWrapper onReceiveNewContent] on the Main Thread
11-01 14:18:22.719 14180 14249 I MainThreadRunner: Running task [FeedKnownContentImpl onNewContentReceived] on the Main Thread
11-01 14:18:22.720 14180 14249 I SessionManagerMutation: Cleared Head, new creation time 11-01 14:18:22.706
11-01 14:18:22.721 14180 14249 I TimingUtils: Task Timing  17ms, thread background-1 | task : sessionMutation.commitTask:updateConsumer | mutations : 33 | userInitiated : false
11-01 14:18:22.721 14180 14249 I TaskQueue: Cancelling starvation checks
11-01 14:18:22.721 14180 14249 I TaskQueue:  - Finished 5, time 18 ms
11-01 14:18:22.722 14180 14249 I TaskQueue: Execute task [USER_FACING - d: false, b: 2]: 24
11-01 14:18:22.730 14180 14249 I TimeoutSessionImpl: TimeoutSession.populateModelProvider, shouldAppend false
11-01 14:18:22.730 14180 14249 I SessionImpl: PopulateModelProvider 32 items
11-01 14:18:22.734 14180 14249 I FeedModelProvider: FeedModelProvider - committer, structure changes 31, update changes 0
11-01 14:18:22.740 14180 14249 I FeedModelProvider: SyntheticTokenTracker: 0, 11, 11, false
11-01 14:18:22.743 14180 14249 I FeedSessionManagerImpl: Caching getStreamFeatures - items 31, cache misses 0, cache size 31
11-01 14:18:22.758 14180 14249 I FeedModelProvider: Moving _session:62be6109-36b3-4523-a6a6-ae61a37bd5c2 to READY
11-01 14:18:22.766 14180 14249 I MainThreadRunner: Running task [FeedModelProvider onSessionStart] on the Main Thread
11-01 14:18:22.767 14180 14249 I FeedModelProvider: ModelProvider Mutation committed - structure changes 31, childrenToBind 31, removedChildren false, Token false
11-01 14:18:22.768 14180 14180 I FeedModelProvider: No children found for Cursor
11-01 14:18:22.768 14728 14728 I cr_ChildProcessService: Creating new ChildProcessService pid=14728
11-01 14:18:22.780 14180 14249 I FeedSessionManagerImpl: Populate new session: _session:62be6109-36b3-4523-a6a6-ae61a37bd5c2, creation time 11-01 14:18:22.729
11-01 14:18:22.780 14180 14249 I TimingUtils: Task Timing  57ms, thread background-2 | task : Create/Populate New Session
11-01 14:18:22.780 14180 14249 I TaskQueue:  - Finished 24, time 59 ms
11-01 14:18:22.780 14180 14249 I TaskQueue: Execute task [BACKGROUND - d: false, b: 1]: 11
11-01 14:18:22.780 14180 14249 I ContentGc: Re-enqueuing triggerContentGc; attempts(0)
11-01 14:18:22.781 14180 14249 I TaskQueue:  - task [BACKGROUND - d: false, b: 1]: 11
11-01 14:18:22.781 14180 14249 I TaskQueue:  - Finished 11, time 0 ms
11-01 14:18:22.781 14180 14249 I TaskQueue: Execute task [BACKGROUND - d: false, b: 1]: 23
11-01 14:18:22.788 14636 14636 I cr_ChildProcessService: Destroying ChildProcessService pid=14636
11-01 14:18:22.838 14180 14190 W art     : Suspending all threads took: 24.549ms
11-01 14:18:22.862 14728 14751 I cr_LibraryLoader: Loaded native library version number "85.0.4183.127"
11-01 14:18:22.866 14728 14751 I cr_CachingUmaRecorder: Flushed 1 samples from 1 histograms.
11-01 14:18:22.866   600   613 I ActivityManager: Killing 14671:com.android.chrome:sandboxed_process19/u0a35i600 (adj 0): isolated not needed
11-01 14:18:22.866   600   613 I ActivityManager: Killing 14636:com.android.chrome:sandboxed_process17/u0a35i598 (adj 0): isolated not needed
11-01 14:18:22.888 14180 14190 I art     : Background partial concurrent mark sweep GC freed 22486(1139KB) AllocSpace objects, 22(2MB) LOS objects, 40% free, 13MB/22MB, paused 25.750ms total 204.092ms
11-01 14:18:22.936 14180 14253 W chromium: [WARNING:spdy_session.cc(3090)] Received RST for invalid stream1
11-01 14:18:22.959 14180 14249 I TimingUtils: Task Timing 178ms, thread background-3 | task : commitContentMutation | mutations : 32
11-01 14:18:22.960 14180 14249 I TimingUtils: Task Timing   0ms, thread background-4 | task : commitSemanticPropertiesMutation | mutations : 0
11-01 14:18:22.960 14180 14249 I TaskQueue:  - Finished 23, time 179 ms
11-01 14:18:22.960 14180 14249 I TaskQueue: Execute task [BACKGROUND - d: false, b: 0]: 11
11-01 14:18:22.961 14180 14249 I SessionCache: Determining accessible content
11-01 14:18:22.963 14180 14249 I TimingUtils: Task Timing   3ms, thread background-5 | task : ContentGc | contentItemsRemoved : 0
11-01 14:18:22.964 14180 14249 I TaskQueue:  - Finished 11, time 3 ms
11-01 14:18:23.268 14210 14221 W art     : Suspending all threads took: 1.895s
11-01 14:18:23.271 14210 14221 I art     : Background partial concurrent mark sweep GC freed 3707(332KB) AllocSpace objects, 2(40KB) LOS objects, 39% free, 4MB/7MB, paused 1.896s total 1.969s
11-01 14:18:23.375   600  1484 I ActivityManager: Start proc 14768:android.process.acore/u0a3 for content provider com.android.providers.contacts/.ContactsProvider2
11-01 14:18:23.401 14210 14763 I Icing   : IndexChimeraService.getServiceInterface callingPackage=com.android.chrome componentName=null serviceId=36
11-01 14:18:23.408 14210 14767 I Icing   : IndexChimeraService.getServiceInterface callingPackage=com.google.android.gms componentName=null serviceId=36
11-01 14:18:23.429 14768 14768 W System  : ClassLoader referenced unknown path: /system/priv-app/ContactsProvider/lib/arm64
11-01 14:18:23.465 14180 14180 W chromium: [WARNING:compositor_view.cc(315)] Child process died (type=6) pid=14534)
11-01 14:18:23.465 14180 14180 W chromium: [WARNING:compositor_view.cc(315)] Child process died (type=6) pid=14573)
11-01 14:18:23.465 14180 14180 W chromium: [WARNING:compositor_view.cc(315)] Child process died (type=6) pid=14650)
11-01 14:18:23.466   600   713 D ActivityManager: cleanUpApplicationRecord -- 14534
11-01 14:18:23.471   600  8039 D ActivityManager: cleanUpApplicationRecord -- 14573
11-01 14:18:23.477   600  1485 D ActivityManager: cleanUpApplicationRecord -- 14650
11-01 14:18:23.544   600  1066 D ActivityManager: cleanUpApplicationRecord -- 14434
11-01 14:18:23.558 14180 14180 W chromium: [WARNING:compositor_view.cc(315)] Child process died (type=6) pid=14434)
11-01 14:18:23.572   600 12440 D ActivityManager: cleanUpApplicationRecord -- 14416
11-01 14:18:23.573 14180 14180 W chromium: [WARNING:compositor_view.cc(315)] Child process died (type=6) pid=14416)
11-01 14:18:23.618 14180 14440 I PlayCore: UID: [10035]  PID: [14180] SplitInstallService : Failed to bind to the service.
11-01 14:18:23.635   600  1068 D ActivityManager: cleanUpApplicationRecord -- 14403
11-01 14:18:23.636 14180 14180 W chromium: [WARNING:compositor_view.cc(315)] Child process died (type=6) pid=14403)
11-01 14:18:23.648   600  1485 D ActivityManager: cleanUpApplicationRecord -- 14455
11-01 14:18:23.653 14180 14180 W chromium: [WARNING:compositor_view.cc(315)] Child process died (type=6) pid=14455)
11-01 14:18:23.655   600  1066 D ActivityManager: cleanUpApplicationRecord -- 14397
11-01 14:18:23.690 14180 14180 W chromium: [WARNING:compositor_view.cc(315)] Child process died (type=6) pid=14397)
11-01 14:18:23.721   600  1664 D ActivityManager: cleanUpApplicationRecord -- 14636
11-01 14:18:23.725   600 28743 D ActivityManager: cleanUpApplicationRecord -- 14671
11-01 14:18:23.725 14180 14180 W chromium: [WARNING:compositor_view.cc(315)] Child process died (type=6) pid=14636)
11-01 14:18:23.740 14180 14180 W chromium: [WARNING:compositor_view.cc(315)] Child process died (type=6) pid=14671)
11-01 14:18:23.768 14768 14768 I ContactsPerf: VoicemailContentProvider.onCreate start
11-01 14:18:23.780 14768 14768 I ContactsPerf: VoicemailContentProvider.onCreate finish
11-01 14:18:23.786 14768 14768 W System  : ClassLoader referenced unknown path: /system/priv-app/BlockedNumberProvider/lib/arm64
11-01 14:18:23.787 14768 14768 D ApplicationLoaders: ignored Vulkan layer search path /system/priv-app/BlockedNumberProvider/lib/arm64:/system/lib64:/vendor/lib64 for namespace 0x725365c0f0
11-01 14:18:23.800 14768 14768 W System  : ClassLoader referenced unknown path: /system/app/UserDictionaryProvider/lib/arm64
11-01 14:18:23.800 14768 14768 D ApplicationLoaders: ignored Vulkan layer search path /system/app/UserDictionaryProvider/lib/arm64:/system/lib64:/vendor/lib64 for namespace 0x725365c160
11-01 14:18:23.852   600 12440 D ActivityManager: cleanUpApplicationRecord -- 14593
11-01 14:18:23.861   600  1664 D ActivityManager: cleanUpApplicationRecord -- 14581
11-01 14:18:23.866   600 28743 D ActivityManager: cleanUpApplicationRecord -- 14378
11-01 14:18:23.875   600  1066 D ActivityManager: cleanUpApplicationRecord -- 14618
11-01 14:18:23.879 14180 14180 W chromium: [WARNING:compositor_view.cc(315)] Child process died (type=6) pid=14618)
11-01 14:18:23.879 14180 14180 W chromium: [WARNING:compositor_view.cc(315)] Child process died (type=6) pid=14581)
11-01 14:18:23.886 14180 14180 W chromium: [WARNING:compositor_view.cc(315)] Child process died (type=6) pid=14593)
11-01 14:18:23.897 14180 14180 W chromium: [WARNING:compositor_view.cc(315)] Child process died (type=6) pid=14378)
11-01 14:18:23.899   600  1068 D ActivityManager: cleanUpApplicationRecord -- 14494
11-01 14:18:23.902   600  8039 D ActivityManager: cleanUpApplicationRecord -- 14556
11-01 14:18:23.906   600   611 D ActivityManager: cleanUpApplicationRecord -- 14604
11-01 14:18:23.906 14180 14180 W chromium: [WARNING:compositor_view.cc(315)] Child process died (type=6) pid=14604)
11-01 14:18:23.910 14180 14180 W chromium: [WARNING:compositor_view.cc(315)] Child process died (type=6) pid=14556)
11-01 14:18:23.911 14180 14180 W chromium: [WARNING:compositor_view.cc(315)] Child process died (type=6) pid=14494)
11-01 14:18:23.946   600  1066 D ActivityManager: cleanUpApplicationRecord -- 14370
11-01 14:18:23.946 14180 14180 W chromium: [WARNING:compositor_view.cc(315)] Child process died (type=6) pid=14370)
11-01 14:18:23.979 14210 14614 I Icing   : Storage manager: low false usage 2.01MB avail 5.38GB capacity 11.05GB
11-01 14:18:24.322 14180 14250 I cr_omaha: Request to Server Successful. Timestamp for next request:1667312304322
11-01 14:18:24.355 14180 14250 I cr_omaha: Request to Server Successful. Timestamp for next request:1667312304355
11-01 14:18:24.356 14180 14250 I cr_omaha: Attempting to schedule next job for: Tue Nov 01 19:18:24 GMT+01:00 2022
11-01 14:18:24.359 14180 14180 I cr_omaha: Scheduled using JobService
11-01 14:18:24.359 14180 14180 E cr_BkgrdTaskJS: Tried finishing non-current BackgroundTask.
11-01 14:18:24.517 14768 14782 I ContactLocale: AddressBook Labels [[en_US]]: [, A, B, C, D, E, F, G, H, I, J, K, L, M, N, O, P, Q, R, S, T, U, V, W, X, Y, Z, , , , , , , , , , , , , , , , , , , , , , , , , , , , , , , , , , , , , , , , , , , , , , , , , , , , , , , , , , , , , , , , , , , , , , , , , , , , , , , , , , , , , , , , , , , , , , , , , , , , , , , , , , , , , , , , , , , , , , , , , , , , , , , , , , , , , , , , , , , , , , , , , , , , , , , , , , , , , , , , , , , , , , , , , , , , , , , , , , , , , , , , , , , #, ]
11-01 14:18:24.645 14210 14614 W native  : model-utils.cc:15 No CRC32, most likely an old model; skip CRC32 check
11-01 14:18:24.661 14210 14614 E native  : model-utils.cc:38 Not a valid Model flatbuffer
11-01 14:18:24.661 14210 14614 E native  : model-provider-from-fb.cc:102 Unable to initialize ModelProviderFromFlatbuffer
11-01 14:18:24.662 14210 14614 I native  : model-api.cc:45 Registered model under key tmp-segmentation-model
11-01 14:18:24.871   785 13689 I NetworkScheduler.Stats: Task com.google.android.gms/com.google.android.gms.icing.proxy.IcingInternalCorporaUpdateService started execution. cause:9 exec_start_elapsed_seconds: 17886 [CONTEXT service_id=218 ]
11-01 14:18:24.873 14210 14614 I native  : permission-checker.cc:74 Creating PermissionChecker based on ACL with config_version 1 having 9 permissions defined.
11-01 14:18:24.897 14210 14614 W native  : words-map.cc:30 INVALID_ARGUMENT: Empty URI
11-01 14:18:24.898 14210 14614 W native  : words-map.cc:34 WordsMap was not properly initialized
11-01 14:18:25.017   785 12359 I NetworkScheduler.Stats: Task com.google.android.gms/com.google.android.gms.icing.proxy.IcingInternalCorporaUpdateService finished executing. cause:9 result: 1 elapsed_millis: 160 uptime_millis: 160 exec_start_elapsed_seconds: 17886 [CONTEXT service_id=218 ]
11-01 14:18:25.228   785 13689 I NetworkScheduler.Stats: Task com.google.android.gms/com.google.android.gms.clearcut.uploader.QosUploaderService started execution. cause:5 exec_start_elapsed_seconds: 17886 [CONTEXT service_id=218 ]
11-01 14:18:25.425   785 13689 I NetworkScheduler.Stats: Task com.google.android.gms/com.google.android.gms.clearcut.uploader.QosUploaderService finished executing. cause:5 result: 1 elapsed_millis: 322 uptime_millis: 322 exec_start_elapsed_seconds: 17886 [CONTEXT service_id=218 ]
11-01 14:18:25.747 14180 14180 E cr_BTSPrefs: No data found for task id: 53
11-01 14:18:25.747 14180 14180 E cr_BkgrdTaskScheduler: Task cannot be canceled because no data was found instorage or data was invalid
11-01 14:18:25.902 14180 14561 E cr_Icing: Connection to GmsCore unsuccessful. Error 14
11-01 14:18:25.914 14210 14614 I Icing   : doRemovePackageData com.google.android.gm
11-01 14:18:25.995 14210 14614 I Icing   : updateResources: need to parse acol{com.google.android.gms}
11-01 14:18:27.227   785   797 I art     : Background sticky concurrent mark sweep GC freed 77629(5MB) AllocSpace objects, 25(828KB) LOS objects, 36% free, 11MB/18MB, paused 2.643ms total 173.704ms
11-01 14:18:27.765   785  1681 W Icing   : isOptedInForAppHistory: empty Account Name encountered
11-01 14:18:27.787   785  1681 W Icing   : isOptedInForAppHistory: empty Account Name encountered
11-01 14:18:27.814   785 13943 W Icing   : isOptedInForAppHistory: empty Account Name encountered
11-01 14:18:27.945 14210 14614 I Icing   : Internal init done: storage state 0
11-01 14:18:27.998 14210 14793 I Icing   : IndexChimeraService.getServiceInterface callingPackage=com.google.android.gms componentName=null serviceId=30
11-01 14:18:27.999 14210 14766 I Icing   : IndexChimeraService.getServiceInterface callingPackage=com.android.chrome componentName=null serviceId=36
11-01 14:18:27.999 14210 14763 I Icing   : IndexChimeraService.getServiceInterface callingPackage=com.google.android.gms componentName=AppsCorpus serviceId=36
11-01 14:18:27.999 14210 14767 I Icing   : IndexChimeraService.getServiceInterface callingPackage=com.google.android.gms componentName=AppsCorpus serviceId=32
11-01 14:18:28.546 14210 14614 I Icing   : Post-init done
11-01 14:18:28.562 14210 14614 W Icing   : No valid account for uploading user actions
11-01 14:18:28.675 14210 14614 I Icing   : Using regular flags by method 2
11-01 14:18:28.769 14210 14614 I Icing   : Usage reports ok 3, Failed Usage reports 0, indexed 1, rejected 0
11-01 14:18:28.776 14210 14614 W Icing   : No valid account for uploading user actions
11-01 14:18:28.788 14210 14614 I Icing   : Usage reports ok 0, Failed Usage reports 0, indexed 0, rejected 0
11-01 14:18:28.792 14210 14614 W Icing   : No valid account for uploading user actions
11-01 14:18:28.801 14210 14614 I Icing   : Usage reports ok 0, Failed Usage reports 0, indexed 0, rejected 0
11-01 14:18:28.803 14210 14614 W Icing   : No valid account for uploading user actions
11-01 14:18:28.813 14210 14614 I Icing   : Usage reports ok 0, Failed Usage reports 0, indexed 0, rejected 0
11-01 14:18:28.815 14210 14614 W Icing   : No valid account for uploading user actions
11-01 14:18:28.825 14210 14614 I Icing   : Usage reports ok 0, Failed Usage reports 0, indexed 0, rejected 0
11-01 14:18:28.827 14210 14614 I Icing   : Removing corpus key com.android.chrome-omnibox for package com.android.chrome
11-01 14:18:28.845 14210 14614 I native  : flash-index.cc:1519 Flash index sort hb 4 prefix-hits 4 -> 4 at 7.079ms
11-01 14:18:28.972 14210 14614 I native  : document-store.cc:1654 Scored 2770 usage reports, missing_corpora 0 update_failed 1492
11-01 14:18:29.028 14210 14614 W Icing   : No valid account for uploading user actions
11-01 14:18:29.042 14210 14614 I Icing   : Usage reports ok 0, Failed Usage reports 0, indexed 0, rejected 0
11-01 14:18:29.045 14210 14614 I Icing   : Indexing com.android.chrome-omnibox from com.android.chrome
11-01 14:18:29.225 14210 14614 I Icing   : Indexing done com.android.chrome-omnibox
11-01 14:18:29.652 14180 14180 E cr_BTSPrefs: No data found for task id: 57
11-01 14:18:29.652 14180 14180 E cr_BkgrdTaskScheduler: Task cannot be canceled because no data was found instorage or data was invalid
11-01 14:18:29.653 14180 14180 E cr_BTSPrefs: No data found for task id: 56
11-01 14:18:29.653 14180 14180 E cr_BkgrdTaskScheduler: Task cannot be canceled because no data was found instorage or data was invalid
11-01 14:18:35.922 14210 14766 I Icing   : IndexChimeraService.getServiceInterface callingPackage=com.android.chrome componentName=null serviceId=36
11-01 14:18:36.053   600   609 I art     : Background partial concurrent mark sweep GC freed 65141(3MB) AllocSpace objects, 66(2MB) LOS objects, 33% free, 14MB/22MB, paused 13.822ms total 132.388ms
11-01 14:18:36.099 14210 14614 W Icing   : No valid account for uploading user actions
11-01 14:18:36.341 14823 14823 D AndroidRuntime: >>>>>> START com.android.internal.os.RuntimeInit uid 2000 <<<<<<
11-01 14:18:36.378 14823 14823 D AndroidRuntime: CheckJNI is OFF
11-01 14:18:36.388 14210 14614 I Icing   : Usage reports ok 0, Failed Usage reports 0, indexed 0, rejected 0
11-01 14:18:36.675 14823 14823 D ICU     : No timezone override file found: /data/misc/zoneinfo/current/icu/icu_tzdata.dat
11-01 14:18:36.762 14823 14823 I Radio-JNI: register_android_hardware_Radio DONE
11-01 14:18:36.805 14823 14823 D AndroidRuntime: Calling main entry com.android.commands.monkey.Monkey
11-01 14:18:36.959   600   613 W BroadcastQueue: Skipping deliver [background] BroadcastRecord{ccd86c4 u-1 android.net.conn.CONNECTIVITY_CHANGE} to ReceiverList{22a49ad 14823 (unknown name)/2000/u-1 remote:88e956}: process crashing
11-01 14:18:37.061 14180 14180 I cr_tabmodel: Appending tabs being restored to metadata lists, 0, startingNormalCount: 2, startingIncognitoCount: 0
11-01 14:18:37.061 14180 14180 I cr_tabmodel: Serializing tab lists; counts: 2, 0
11-01 14:18:37.893 14823 14823 D MonkeyStub: translateCommand: wake
11-01 14:18:38.058 14823 14823 D MonkeyStub: translateCommand: tap 1152 1659
11-01 14:18:48.261 14823 14823 D MonkeyStub: translateCommand: tap 1248 1553
11-01 14:18:48.816   785  1234 E AsyncOperation: serviceID=121, operation=GetLaunchDataOperation [CONTEXT service_id=259 ]
11-01 14:18:48.816   785  1234 E AsyncOperation: OperationException[Status{statusCode=Not an instant app, resolution=null}]
11-01 14:18:48.816   785  1234 E AsyncOperation: 	at aeay.a(:com.google.android.gms@203915020@20.39.15 (040406-335085812):20)
11-01 14:18:48.816   785  1234 E AsyncOperation: 	at aain.run(:com.google.android.gms@203915020@20.39.15 (040406-335085812):7)
11-01 14:18:48.816   785  1234 E AsyncOperation: 	at boex.run(:com.google.android.gms@203915020@20.39.15 (040406-335085812):2)
11-01 14:18:48.816   785  1234 E AsyncOperation: 	at sup.b(:com.google.android.gms@203915020@20.39.15 (040406-335085812):12)
11-01 14:18:48.816   785  1234 E AsyncOperation: 	at sup.run(:com.google.android.gms@203915020@20.39.15 (040406-335085812):7)
11-01 14:18:48.816   785  1234 E AsyncOperation: 	at java.util.concurrent.ThreadPoolExecutor.runWorker(ThreadPoolExecutor.java:1133)
11-01 14:18:48.816   785  1234 E AsyncOperation: 	at java.util.concurrent.ThreadPoolExecutor$Worker.run(ThreadPoolExecutor.java:607)
11-01 14:18:48.816   785  1234 E AsyncOperation: 	at tam.run(:com.google.android.gms@203915020@20.39.15 (040406-335085812):0)
11-01 14:18:48.816   785  1234 E AsyncOperation: 	at java.lang.Thread.run(Thread.java:761)
11-01 14:18:49.487   785   799 W Icing   : isOptedInForAppHistory: empty Account Name encountered
11-01 14:18:49.498   785   799 W Icing   : isOptedInForAppHistory: empty Account Name encountered
11-01 14:18:49.527   785 13689 W Icing   : isOptedInForAppHistory: empty Account Name encountered
11-01 14:18:54.246 14180 14180 I cr_tabmodel: Appending tabs being restored to metadata lists, 0, startingNormalCount: 2, startingIncognitoCount: 0
11-01 14:18:54.246 14180 14180 I cr_tabmodel: Serializing tab lists; counts: 2, 0
11-01 14:18:54.258 14728 14751 E chromium: [ERROR:document_metadata_extractor.cc(270)] Failed to parse json.
11-01 14:18:55.128 14210 14793 I Icing   : IndexChimeraService.getServiceInterface callingPackage=com.android.chrome componentName=null serviceId=36
11-01 14:18:55.157 14210 14614 W Icing   : No valid account for uploading user actions
11-01 14:18:55.186 14210 14793 I Icing   : IndexChimeraService.getServiceInterface callingPackage=com.google.android.gms componentName=null serviceId=30
11-01 14:18:55.224 14210 14614 I Icing   : Usage reports ok 1, Failed Usage reports 0, indexed 1, rejected 0
11-01 14:18:55.229 14210 14614 W Icing   : No valid account for uploading user actions
11-01 14:18:55.238 14210 14614 I Icing   : Usage reports ok 0, Failed Usage reports 0, indexed 0, rejected 0
11-01 14:18:55.240 14210 14614 I Icing   : Indexing com.android.chrome-omnibox from com.android.chrome
11-01 14:18:55.295 14210 14614 I Icing   : Indexing done com.android.chrome-omnibox
11-01 14:18:55.319 14823 14823 D MonkeyStub: translateCommand: touch down 614 1561
11-01 14:18:55.327 14823 14823 D MonkeyStub: translateCommand: touch move 614 1561
11-01 14:18:55.443 14823 14823 D MonkeyStub: translateCommand: touch move 614 1436
11-01 14:18:55.552 14823 14823 D MonkeyStub: translateCommand: touch move 614 1311
11-01 14:18:55.671 14823 14823 D MonkeyStub: translateCommand: touch move 614 1186
11-01 14:18:55.777 14823 14823 D MonkeyStub: translateCommand: touch move 614 1061
11-01 14:18:55.888 14823 14823 D MonkeyStub: translateCommand: touch move 614 937
11-01 14:18:55.995 14823 14823 D MonkeyStub: translateCommand: touch move 614 812
11-01 14:18:56.128 14823 14823 D MonkeyStub: translateCommand: touch move 614 687
11-01 14:18:56.241 14823 14823 D MonkeyStub: translateCommand: touch move 614 562
11-01 14:18:56.343   785  1300 W Icing   : isOptedInForAppHistory: empty Account Name encountered
11-01 14:18:56.352 14823 14823 D MonkeyStub: translateCommand: touch move 614 437
11-01 14:18:56.362   785 13943 W Icing   : isOptedInForAppHistory: empty Account Name encountered
11-01 14:18:56.470 14823 14823 D MonkeyStub: translateCommand: touch move 614 312
11-01 14:18:56.479 14823 14823 D MonkeyStub: translateCommand: touch up 614 312
11-01 14:18:56.501 14823 14823 D MonkeyStub: translateCommand: touch down 614 1561
11-01 14:18:56.511 14823 14823 D MonkeyStub: translateCommand: touch move 614 1561
11-01 14:18:56.622 14823 14823 D MonkeyStub: translateCommand: touch move 614 1436
11-01 14:18:56.732 14823 14823 D MonkeyStub: translateCommand: touch move 614 1311
11-01 14:18:56.860 14823 14823 D MonkeyStub: translateCommand: touch move 614 1186
11-01 14:18:56.964 14823 14823 D MonkeyStub: translateCommand: touch move 614 1061
11-01 14:18:57.091 14823 14823 D MonkeyStub: translateCommand: touch move 614 937
11-01 14:18:57.202 14823 14823 D MonkeyStub: translateCommand: touch move 614 812
11-01 14:18:57.315 14823 14823 D MonkeyStub: translateCommand: touch move 614 687
11-01 14:18:57.432 14823 14823 D MonkeyStub: translateCommand: touch move 614 562
11-01 14:18:57.544 14823 14823 D MonkeyStub: translateCommand: touch move 614 437
11-01 14:18:57.654 14823 14823 D MonkeyStub: translateCommand: touch move 614 312
11-01 14:18:57.657 14823 14823 D MonkeyStub: translateCommand: touch up 614 312
11-01 14:19:00.691 14823 14823 D MonkeyStub: translateCommand: touch down 614 1561
11-01 14:19:00.703 14823 14823 D MonkeyStub: translateCommand: touch move 614 1561
11-01 14:19:00.811 14823 14823 D MonkeyStub: translateCommand: touch move 614 1436
11-01 14:19:00.904   600  1664 I ActivityManager: Start proc 14873:com.android.chrome:sandboxed_process21/u0i602 for service com.android.chrome/org.chromium.content.app.SandboxedProcessService21
11-01 14:19:00.917 14823 14823 D MonkeyStub: translateCommand: touch move 614 1311
11-01 14:19:00.952 14873 14873 W boxed_process21: type=1400 audit(0.0:986): avc: denied { getattr } for path="/data/data/com.android.chrome" dev="dm-2" ino=12190 scontext=u:r:isolated_app:s0:c512,c768 tcontext=u:object_r:app_data_file:s0:c512,c768 tclass=dir permissive=0
11-01 14:19:00.977 14873 14873 I cr_ChildProcessService: Creating new ChildProcessService pid=14873
11-01 14:19:01.028 14823 14823 D MonkeyStub: translateCommand: touch move 614 1186
11-01 14:19:01.039 14873 14886 I cr_LibraryLoader: Loaded native library version number "85.0.4183.127"
11-01 14:19:01.040 14873 14886 I cr_CachingUmaRecorder: Flushed 1 samples from 1 histograms.
11-01 14:19:01.065 14886 14886 W CrUtilityMain: type=1400 audit(0.0:987): avc: denied { setattr } for name="LICENSE.txt" dev="dm-2" ino=24744 scontext=u:r:isolated_app:s0:c512,c768 tcontext=u:object_r:app_data_file:s0:c512,c768 tclass=file permissive=0
11-01 14:19:01.069 14886 14886 W CrUtilityMain: type=1400 audit(0.0:988): avc: denied { setattr } for name=46696C746572696E672052756C6573 dev="dm-2" ino=24846 scontext=u:r:isolated_app:s0:c512,c768 tcontext=u:object_r:app_data_file:s0:c512,c768 tclass=file permissive=0
11-01 14:19:01.069 14886 14886 W CrUtilityMain: type=1400 audit(0.0:989): avc: denied { setattr } for name="manifest.json" dev="dm-2" ino=24767 scontext=u:r:isolated_app:s0:c512,c768 tcontext=u:object_r:app_data_file:s0:c512,c768 tclass=file permissive=0
11-01 14:19:01.075 14886 14886 W CrUtilityMain: type=1400 audit(0.0:990): avc: denied { setattr } for name="verified_contents.json" dev="dm-2" ino=24608 scontext=u:r:isolated_app:s0:c512,c768 tcontext=u:object_r:app_data_file:s0:c512,c768 tclass=file permissive=0
11-01 14:19:01.089 14873 14886 I chromium: [INFO:child_process_service.cc(69)] ChildProcessService: Exiting child process.
11-01 14:19:01.144 14823 14823 D MonkeyStub: translateCommand: touch move 614 1061
11-01 14:19:01.155 14180 14180 W chromium: [WARNING:compositor_view.cc(315)] Child process died (type=6) pid=14873)
11-01 14:19:01.155   600  1485 I ActivityManager: Process com.android.chrome:sandboxed_process21 (pid 14873) has died
11-01 14:19:01.156   600  1485 D ActivityManager: cleanUpApplicationRecord -- 14873
11-01 14:19:01.265 14823 14823 D MonkeyStub: translateCommand: touch move 614 937
11-01 14:19:01.412 14823 14823 D MonkeyStub: translateCommand: touch move 614 812
11-01 14:19:01.549 14823 14823 D MonkeyStub: translateCommand: touch move 614 687
11-01 14:19:01.636   600   610 I ActivityManager: Start proc 14891:com.android.chrome:sandboxed_process22/u0i603 for service com.android.chrome/org.chromium.content.app.SandboxedProcessService22
11-01 14:19:01.655 14823 14823 D MonkeyStub: translateCommand: touch move 614 562
11-01 14:19:01.692 14891 14891 W boxed_process22: type=1400 audit(0.0:991): avc: denied { getattr } for path="/data/data/com.android.chrome" dev="dm-2" ino=12190 scontext=u:r:isolated_app:s0:c512,c768 tcontext=u:object_r:app_data_file:s0:c512,c768 tclass=dir permissive=0
11-01 14:19:01.719 14891 14891 I cr_ChildProcessService: Creating new ChildProcessService pid=14891
11-01 14:19:01.762 14823 14823 D MonkeyStub: translateCommand: touch move 614 437
11-01 14:19:01.771 14891 14904 I cr_LibraryLoader: Loaded native library version number "85.0.4183.127"
11-01 14:19:01.771 14891 14904 I cr_CachingUmaRecorder: Flushed 1 samples from 1 histograms.
11-01 14:19:01.882 14823 14823 D MonkeyStub: translateCommand: touch move 614 312
11-01 14:19:01.893 14823 14823 D MonkeyStub: translateCommand: touch up 614 312
11-01 14:19:01.909 14904 14904 W CrUtilityMain: type=1400 audit(0.0:992): avc: denied { setattr } for name="tl_en-us_2022-10-26_484799359_100000_index.bin" dev="dm-2" ino=26413 scontext=u:r:isolated_app:s0:c512,c768 tcontext=u:object_r:app_data_file:s0:c512,c768 tclass=file permissive=0
11-01 14:19:01.922 14904 14904 W CrUtilityMain: type=1400 audit(0.0:993): avc: denied { setattr } for name="manifest.json" dev="dm-2" ino=26556 scontext=u:r:isolated_app:s0:c512,c768 tcontext=u:object_r:app_data_file:s0:c512,c768 tclass=file permissive=0
11-01 14:19:01.925 14904 14904 W CrUtilityMain: type=1400 audit(0.0:994): avc: denied { setattr } for name="verified_contents.json" dev="dm-2" ino=26493 scontext=u:r:isolated_app:s0:c512,c768 tcontext=u:object_r:app_data_file:s0:c512,c768 tclass=file permissive=0
11-01 14:19:01.946 14891 14904 I chromium: [INFO:child_process_service.cc(69)] ChildProcessService: Exiting child process.
11-01 14:19:01.973   600  8931 I ActivityManager: Process com.android.chrome:sandboxed_process22 (pid 14891) has died
11-01 14:19:01.974 14180 14180 W chromium: [WARNING:compositor_view.cc(315)] Child process died (type=6) pid=14891)
11-01 14:19:01.974   600  8931 D ActivityManager: cleanUpApplicationRecord -- 14891
11-01 14:19:02.090   198   198 E SELinux : avc:  denied  { find } for service=netd pid=14907 uid=2000 scontext=u:r:shell:s0 tcontext=u:object_r:netd_service:s0 tclass=service_manager permissive=0
11-01 14:19:02.094   198   198 E SELinux : avc:  denied  { find } for service=android.service.gatekeeper.IGateKeeperService pid=14907 uid=2000 scontext=u:r:shell:s0 tcontext=u:object_r:gatekeeper_service:s0 tclass=service_manager permissive=0
11-01 14:19:02.850   600   819 I ActivityManager: Start proc 14911:com.android.chrome:sandboxed_process23/u0i604 for service com.android.chrome/org.chromium.content.app.SandboxedProcessService23
11-01 14:19:02.899 14911 14911 W boxed_process23: type=1400 audit(0.0:995): avc: denied { getattr } for path="/data/data/com.android.chrome" dev="dm-2" ino=12190 scontext=u:r:isolated_app:s0:c512,c768 tcontext=u:object_r:app_data_file:s0:c512,c768 tclass=dir permissive=0
11-01 14:19:02.927 14911 14911 I cr_ChildProcessService: Creating new ChildProcessService pid=14911
11-01 14:19:02.981 14911 14924 I cr_LibraryLoader: Loaded native library version number "85.0.4183.127"
11-01 14:19:02.981 14911 14924 I cr_CachingUmaRecorder: Flushed 1 samples from 1 histograms.
11-01 14:19:02.992 14924 14924 W CrUtilityMain: type=1400 audit(0.0:996): avc: denied { setattr } for name="optimization-hints.pb" dev="dm-2" ino=27864 scontext=u:r:isolated_app:s0:c512,c768 tcontext=u:object_r:app_data_file:s0:c512,c768 tclass=file permissive=0
11-01 14:19:02.992 14924 14924 W CrUtilityMain: type=1400 audit(0.0:997): avc: denied { setattr } for name="manifest.json" dev="dm-2" ino=27808 scontext=u:r:isolated_app:s0:c512,c768 tcontext=u:object_r:app_data_file:s0:c512,c768 tclass=file permissive=0
11-01 14:19:02.995 14924 14924 W CrUtilityMain: type=1400 audit(0.0:998): avc: denied { setattr } for name="verified_contents.json" dev="dm-2" ino=28079 scontext=u:r:isolated_app:s0:c512,c768 tcontext=u:object_r:app_data_file:s0:c512,c768 tclass=file permissive=0
11-01 14:19:03.003 14911 14924 I chromium: [INFO:child_process_service.cc(69)] ChildProcessService: Exiting child process.
11-01 14:19:03.009   197   197 E lowmemorykiller: Error writing /proc/14911/oom_score_adj; errno=22
11-01 14:19:03.013   600   819 I ActivityManager: Process com.android.chrome:sandboxed_process23 (pid 14911) has died
11-01 14:19:03.013   600   819 D ActivityManager: cleanUpApplicationRecord -- 14911
11-01 14:19:03.016 14180 14180 W chromium: [WARNING:compositor_view.cc(315)] Child process died (type=6) pid=14911)
11-01 14:19:04.171   600  1068 I ActivityManager: Start proc 14928:com.android.chrome:sandboxed_process24/u0i605 for service com.android.chrome/org.chromium.content.app.SandboxedProcessService24
11-01 14:19:04.229 14928 14928 W boxed_process24: type=1400 audit(0.0:999): avc: denied { getattr } for path="/data/data/com.android.chrome" dev="dm-2" ino=12190 scontext=u:r:isolated_app:s0:c512,c768 tcontext=u:object_r:app_data_file:s0:c512,c768 tclass=dir permissive=0
11-01 14:19:04.265 14928 14928 I cr_ChildProcessService: Creating new ChildProcessService pid=14928
11-01 14:19:04.324 14928 14941 I cr_LibraryLoader: Loaded native library version number "85.0.4183.127"
11-01 14:19:04.324 14928 14941 I cr_CachingUmaRecorder: Flushed 1 samples from 1 histograms.
11-01 14:19:04.342 14941 14941 W CrUtilityMain: type=1400 audit(0.0:1000): avc: denied { setattr } for name="crl-set" dev="dm-2" ino=49820 scontext=u:r:isolated_app:s0:c512,c768 tcontext=u:object_r:app_data_file:s0:c512,c768 tclass=file permissive=0
11-01 14:19:04.345 14941 14941 W CrUtilityMain: type=1400 audit(0.0:1001): avc: denied { setattr } for name="manifest.json" dev="dm-2" ino=49959 scontext=u:r:isolated_app:s0:c512,c768 tcontext=u:object_r:app_data_file:s0:c512,c768 tclass=file permissive=0
11-01 14:19:04.345 14941 14941 W CrUtilityMain: type=1400 audit(0.0:1002): avc: denied { setattr } for name="LICENSE" dev="dm-2" ino=50358 scontext=u:r:isolated_app:s0:c512,c768 tcontext=u:object_r:app_data_file:s0:c512,c768 tclass=file permissive=0
11-01 14:19:04.349 14941 14941 W CrUtilityMain: type=1400 audit(0.0:1003): avc: denied { setattr } for name="verified_contents.json" dev="dm-2" ino=50968 scontext=u:r:isolated_app:s0:c512,c768 tcontext=u:object_r:app_data_file:s0:c512,c768 tclass=file permissive=0
11-01 14:19:04.359 14928 14941 I chromium: [INFO:child_process_service.cc(69)] ChildProcessService: Exiting child process.
11-01 14:19:04.360   197   197 E lowmemorykiller: Error writing /proc/14928/oom_score_adj; errno=22
11-01 14:19:04.382   600  8039 I ActivityManager: Process com.android.chrome:sandboxed_process24 (pid 14928) has died
11-01 14:19:04.382   600  8039 D ActivityManager: cleanUpApplicationRecord -- 14928
11-01 14:19:04.384 14180 14180 W chromium: [WARNING:compositor_view.cc(315)] Child process died (type=6) pid=14928)
11-01 14:19:05.810   600  8928 I ActivityManager: Start proc 14945:com.android.chrome:sandboxed_process25/u0i606 for service com.android.chrome/org.chromium.content.app.SandboxedProcessService25
11-01 14:19:05.872 14945 14945 W boxed_process25: type=1400 audit(0.0:1004): avc: denied { getattr } for path="/data/data/com.android.chrome" dev="dm-2" ino=12190 scontext=u:r:isolated_app:s0:c512,c768 tcontext=u:object_r:app_data_file:s0:c512,c768 tclass=dir permissive=0
11-01 14:19:05.903 14945 14945 I cr_ChildProcessService: Creating new ChildProcessService pid=14945
11-01 14:19:05.961 14945 14958 I cr_LibraryLoader: Loaded native library version number "85.0.4183.127"
11-01 14:19:05.962 14945 14958 I cr_CachingUmaRecorder: Flushed 1 samples from 1 histograms.
11-01 14:19:05.972 14958 14958 W CrUtilityMain: type=1400 audit(0.0:1005): avc: denied { setattr } for name="manifest.json" dev="dm-2" ino=52705 scontext=u:r:isolated_app:s0:c512,c768 tcontext=u:object_r:app_data_file:s0:c512,c768 tclass=file permissive=0
11-01 14:19:05.975 14958 14958 W CrUtilityMain: type=1400 audit(0.0:1006): avc: denied { setattr } for name="verified_contents.json" dev="dm-2" ino=53130 scontext=u:r:isolated_app:s0:c512,c768 tcontext=u:object_r:app_data_file:s0:c512,c768 tclass=file permissive=0
11-01 14:19:05.984 14945 14958 I chromium: [INFO:child_process_service.cc(69)] ChildProcessService: Exiting child process.
11-01 14:19:05.986   197   197 E lowmemorykiller: Error writing /proc/14945/oom_score_adj; errno=22
11-01 14:19:05.998   600  8928 I ActivityManager: Process com.android.chrome:sandboxed_process25 (pid 14945) has died
11-01 14:19:05.999   600  8928 D ActivityManager: cleanUpApplicationRecord -- 14945
11-01 14:19:06.001 14180 14180 W chromium: [WARNING:compositor_view.cc(315)] Child process died (type=6) pid=14945)
11-01 14:19:07.332 14823 14823 D MonkeyStub: translateCommand: touch down 614 1561
11-01 14:19:07.344 14823 14823 D MonkeyStub: translateCommand: touch move 614 1561
11-01 14:19:07.461 14823 14823 D MonkeyStub: translateCommand: touch move 614 1436
11-01 14:19:07.574 14823 14823 D MonkeyStub: translateCommand: touch move 614 1311
11-01 14:19:07.641   600  1665 I ActivityManager: Start proc 14963:com.android.chrome:sandboxed_process26/u0i607 for service com.android.chrome/org.chromium.content.app.SandboxedProcessService26
11-01 14:19:07.672 14963 14963 W boxed_process26: type=1400 audit(0.0:1007): avc: denied { getattr } for path="/data/data/com.android.chrome" dev="dm-2" ino=12190 scontext=u:r:isolated_app:s0:c512,c768 tcontext=u:object_r:app_data_file:s0:c512,c768 tclass=dir permissive=0
11-01 14:19:07.678 14823 14823 D MonkeyStub: translateCommand: touch move 614 1186
11-01 14:19:07.709 14963 14963 I cr_ChildProcessService: Creating new ChildProcessService pid=14963
11-01 14:19:07.756 14963 14976 I cr_LibraryLoader: Loaded native library version number "85.0.4183.127"
11-01 14:19:07.756 14963 14976 I cr_CachingUmaRecorder: Flushed 1 samples from 1 histograms.
11-01 14:19:07.772 14976 14976 W CrUtilityMain: type=1400 audit(0.0:1008): avc: denied { setattr } for name="download_file_types.pb" dev="dm-2" ino=53655 scontext=u:r:isolated_app:s0:c512,c768 tcontext=u:object_r:app_data_file:s0:c512,c768 tclass=file permissive=0
11-01 14:19:07.775 14976 14976 W CrUtilityMain: type=1400 audit(0.0:1009): avc: denied { setattr } for name="manifest.json" dev="dm-2" ino=53438 scontext=u:r:isolated_app:s0:c512,c768 tcontext=u:object_r:app_data_file:s0:c512,c768 tclass=file permissive=0
11-01 14:19:07.779 14976 14976 W CrUtilityMain: type=1400 audit(0.0:1010): avc: denied { setattr } for name="verified_contents.json" dev="dm-2" ino=53676 scontext=u:r:isolated_app:s0:c512,c768 tcontext=u:object_r:app_data_file:s0:c512,c768 tclass=file permissive=0
11-01 14:19:07.789 14823 14823 D MonkeyStub: translateCommand: touch move 614 1061
11-01 14:19:07.809 14963 14963 I cr_ChildProcessService: Destroying ChildProcessService pid=14963
11-01 14:19:07.810 14963 14976 I chromium: [INFO:child_process_service.cc(69)] ChildProcessService: Exiting child process.
11-01 14:19:07.835   600  1666 I ActivityManager: Process com.android.chrome:sandboxed_process26 (pid 14963) has died
11-01 14:19:07.835   600  1666 D ActivityManager: cleanUpApplicationRecord -- 14963
11-01 14:19:07.836 14180 14180 W chromium: [WARNING:compositor_view.cc(315)] Child process died (type=6) pid=14963)
11-01 14:19:07.901 14823 14823 D MonkeyStub: translateCommand: touch move 614 937
11-01 14:19:08.011 14823 14823 D MonkeyStub: translateCommand: touch move 614 812
11-01 14:19:08.119 14823 14823 D MonkeyStub: translateCommand: touch move 614 687
11-01 14:19:08.230 14823 14823 D MonkeyStub: translateCommand: touch move 614 562
11-01 14:19:08.349 14823 14823 D MonkeyStub: translateCommand: touch move 614 437
11-01 14:19:08.454 14823 14823 D MonkeyStub: translateCommand: touch move 614 312
11-01 14:19:08.465 14823 14823 D MonkeyStub: translateCommand: touch up 614 312
11-01 14:19:09.694   600  8930 I ActivityManager: Start proc 14982:com.android.chrome:sandboxed_process27/u0i608 for service com.android.chrome/org.chromium.content.app.SandboxedProcessService27
11-01 14:19:09.735 14982 14982 W boxed_process27: type=1400 audit(0.0:1011): avc: denied { getattr } for path="/data/data/com.android.chrome" dev="dm-2" ino=12190 scontext=u:r:isolated_app:s0:c512,c768 tcontext=u:object_r:app_data_file:s0:c512,c768 tclass=dir permissive=0
11-01 14:19:09.758 14982 14982 I cr_ChildProcessService: Creating new ChildProcessService pid=14982
11-01 14:19:09.800 14982 14995 I cr_LibraryLoader: Loaded native library version number "85.0.4183.127"
11-01 14:19:09.800 14982 14995 I cr_CachingUmaRecorder: Flushed 1 samples from 1 histograms.
11-01 14:19:09.809 14995 14995 W CrUtilityMain: type=1400 audit(0.0:1012): avc: denied { setattr } for name="ssl_error_assistant.pb" dev="dm-2" ino=54019 scontext=u:r:isolated_app:s0:c512,c768 tcontext=u:object_r:app_data_file:s0:c512,c768 tclass=file permissive=0
11-01 14:19:09.812 14995 14995 W CrUtilityMain: type=1400 audit(0.0:1013): avc: denied { setattr } for name="manifest.json" dev="dm-2" ino=53772 scontext=u:r:isolated_app:s0:c512,c768 tcontext=u:object_r:app_data_file:s0:c512,c768 tclass=file permissive=0
11-01 14:19:09.812 14995 14995 W CrUtilityMain: type=1400 audit(0.0:1014): avc: denied { setattr } for name="verified_contents.json" dev="dm-2" ino=54827 scontext=u:r:isolated_app:s0:c512,c768 tcontext=u:object_r:app_data_file:s0:c512,c768 tclass=file permissive=0
11-01 14:19:09.822 14982 14995 I chromium: [INFO:child_process_service.cc(69)] ChildProcessService: Exiting child process.
11-01 14:19:09.823   197   197 E lowmemorykiller: Error writing /proc/14982/oom_score_adj; errno=22
11-01 14:19:09.845   600  8930 I ActivityManager: Process com.android.chrome:sandboxed_process27 (pid 14982) has died
11-01 14:19:09.846   600  8930 D ActivityManager: cleanUpApplicationRecord -- 14982
11-01 14:19:09.847 14180 14180 W chromium: [WARNING:compositor_view.cc(315)] Child process died (type=6) pid=14982)
