--------- beginning of main
10-31 13:28:49.626  7679  7679 D AndroidRuntime: >>>>>> START com.android.internal.os.RuntimeInit uid 2000 <<<<<<
10-31 13:28:49.629  7679  7679 D AndroidRuntime: CheckJNI is OFF
10-31 13:28:49.695  7679  7679 D ICU     : No timezone override file found: /data/misc/zoneinfo/current/icu/icu_tzdata.dat
10-31 13:28:49.723  7679  7679 I Radio-JNI: register_android_hardware_Radio DONE
10-31 13:28:49.738  7679  7679 D AndroidRuntime: Calling main entry com.android.commands.am.Am
--------- beginning of system
10-31 13:28:49.755   600 17381 I ActivityManager: Force stopping com.android.chrome appid=10035 user=0: from pid 7679
10-31 13:28:49.755   600 17381 I ActivityManager: Killing 7594:com.android.chrome/u0a35 (adj 700): stop com.android.chrome
10-31 13:28:49.755   600 17381 D ActivityManager: cleanUpApplicationRecord -- 7594
10-31 13:28:49.756   600 17381 I ActivityManager: Killing 5828:android.process.media/u0a5 (adj 906): empty for 6926s
10-31 13:28:49.768  1061  1061 D RegisteredNfcFServicesCache: Service unchanged, not updating
10-31 13:28:49.784   600  1081 D ActivityManager: cleanUpApplicationRecord -- 5828
10-31 13:28:50.015   600 10249 I ActivityManager: START u0 {act=android.intent.action.VIEW flg=0x10008000 cmp=com.android.chrome/com.google.android.apps.chrome.Main} from uid 2000 on display 0
10-31 13:28:50.022  7679  7679 D AndroidRuntime: Shutting down VM
10-31 13:28:50.059   600  6312 I ActivityManager: Start proc 7689:com.android.chrome/u0a35 for activity com.android.chrome/com.google.android.apps.chrome.Main
10-31 13:28:50.263   600  9614 I ActivityManager: START u0 {cmp=com.android.chrome/org.chromium.chrome.browser.firstrun.TabbedModeFirstRunActivity (has extras)} from uid 10035 on display 0
10-31 13:28:50.272  7689  7706 W DynamiteModule: Local module descriptor class for com.google.android.gms.googlecertificates not found.
10-31 13:28:50.326  7689  7706 I DynamiteModule: Considering local module com.google.android.gms.googlecertificates:0 and remote module com.google.android.gms.googlecertificates:6
10-31 13:28:50.326  7689  7706 I DynamiteModule: Selected remote version of com.google.android.gms.googlecertificates, version >= 6
10-31 13:28:50.455  7689  7707 I cr_LibraryLoader: Loaded native library version number "85.0.4183.127"
10-31 13:28:50.456  7689  7707 I cr_CachingUmaRecorder: Flushed 10 samples from 10 histograms.
10-31 13:28:50.457  7689  7706 W System  : ClassLoader referenced unknown path: 
10-31 13:28:50.459  7689  7706 D ApplicationLoaders: ignored Vulkan layer search path /data/app/com.google.android.gms-1/lib/arm:/data/app/com.google.android.gms-1/base.apk!/lib/armeabi-v7a:/data/app/com.google.android.gms-1/split_config.en.apk!/lib/armeabi-v7a for namespace 0xf4a47090
10-31 13:28:50.465  7689  7706 W ResourceType: ResTable_typeSpec entry count inconsistent: given 67, previously 69
10-31 13:28:50.465  7689  7706 W ResourceType: ResTable_typeSpec entry count inconsistent: given 5346, previously 5347
10-31 13:28:50.508  7689  7708 I OpenGLRenderer: Initialized EGL, version 1.4
10-31 13:28:50.508  7689  7708 D OpenGLRenderer: Swap behavior 2
10-31 13:28:50.529  7689  7699 I art     : Background partial concurrent mark sweep GC freed 1846(180KB) AllocSpace objects, 1(20KB) LOS objects, 39% free, 4MB/7MB, paused 1.158ms total 110.789ms
10-31 13:28:50.540  7689  7706 I DynamiteLoaderV2Impl: [70] Googlecertificates
10-31 13:28:50.557   600   609 I art     : Background partial concurrent mark sweep GC freed 106635(4MB) AllocSpace objects, 36(908KB) LOS objects, 33% free, 17MB/25MB, paused 6.433ms total 197.104ms
10-31 13:28:50.566  7689  7706 W System  : ClassLoader referenced unknown path: /data/user_de/0/com.google.android.gms/app_chimera/m/00000061/n/armeabi-v7a
10-31 13:28:50.566  7689  7706 W System  : ClassLoader referenced unknown path: /data/user_de/0/com.google.android.gms/app_chimera/m/00000061/n/armeabi
10-31 13:28:50.670   600   620 W WindowManager: Failed looking up window
10-31 13:28:50.670   600   620 W WindowManager: java.lang.IllegalArgumentException: Requested window android.view.ViewRootImpl$W@6ae5fce does not exist
10-31 13:28:50.670   600   620 W WindowManager: 	at com.android.server.wm.WindowManagerService.windowForClientLocked(WindowManagerService.java:9422)
10-31 13:28:50.670   600   620 W WindowManager: 	at com.android.server.wm.WindowManagerService.windowForClientLocked(WindowManagerService.java:9413)
10-31 13:28:50.670   600   620 W WindowManager: 	at com.android.server.wm.WindowManagerService.removeWindow(WindowManagerService.java:2393)
10-31 13:28:50.670   600   620 W WindowManager: 	at com.android.server.wm.Session.remove(Session.java:202)
10-31 13:28:50.670   600   620 W WindowManager: 	at android.view.ViewRootImpl.dispatchDetachedFromWindow(ViewRootImpl.java:3290)
10-31 13:28:50.670   600   620 W WindowManager: 	at android.view.ViewRootImpl.doDie(ViewRootImpl.java:5917)
10-31 13:28:50.670   600   620 W WindowManager: 	at android.view.ViewRootImpl$ViewRootHandler.handleMessage(ViewRootImpl.java:3626)
10-31 13:28:50.670   600   620 W WindowManager: 	at android.os.Handler.dispatchMessage(Handler.java:102)
10-31 13:28:50.670   600   620 W WindowManager: 	at android.os.Looper.loop(Looper.java:154)
10-31 13:28:50.670   600   620 W WindowManager: 	at android.os.HandlerThread.run(HandlerThread.java:61)
10-31 13:28:50.670   600   620 W WindowManager: 	at com.android.server.ServiceThread.run(ServiceThread.java:46)
10-31 13:28:50.705   600   620 I ActivityManager: Displayed com.android.chrome/org.chromium.chrome.browser.firstrun.TabbedModeFirstRunActivity: +387ms (total +685ms)
10-31 13:28:50.737   787  1174 I FontLog : Received query Google Sans, URI content://com.google.android.gms.fonts [CONTEXT service_id=132 ]
10-31 13:28:50.737   787  1174 I FontLog : Query [Google Sans] resolved to {Google Sans, wdth 100.0, wght 400, ital 0.0, bestEffort false} [CONTEXT service_id=132 ]
10-31 13:28:50.751   787  1174 I FontLog : Font PFD returned from cache for {Google Sans, wdth 100.0, wght 400, ital 0.0, bestEffort false} [CONTEXT service_id=132 ]
10-31 13:28:50.753   787  1174 I FontLog : Fetch {Google Sans, wdth 100.0, wght 400, ital 0.0, bestEffort false} end status Status{statusCode=SUCCESS, resolution=null} [CONTEXT service_id=132 ]
10-31 13:28:50.766   787 28596 I FontLog : Pulling font file for id = 1724, cache size = 4 [CONTEXT service_id=132 ]
10-31 13:28:50.792   787  1620 I FontLog : Received query Google Sans:500, URI content://com.google.android.gms.fonts [CONTEXT service_id=132 ]
10-31 13:28:50.792   787  1620 I FontLog : Query [Google Sans:500] resolved to {Google Sans, wdth 100.0, wght 500, ital 0.0, bestEffort false} [CONTEXT service_id=132 ]
10-31 13:28:50.794   787  1620 I FontLog : Font PFD returned from cache for {Google Sans, wdth 100.0, wght 500, ital 0.0, bestEffort false} [CONTEXT service_id=132 ]
10-31 13:28:50.794   787  1620 I FontLog : Fetch {Google Sans, wdth 100.0, wght 500, ital 0.0, bestEffort false} end status Status{statusCode=SUCCESS, resolution=null} [CONTEXT service_id=132 ]
10-31 13:28:50.819   787 28588 I FontLog : Pulling font file for id = 1725, cache size = 4 [CONTEXT service_id=132 ]
10-31 13:28:50.844   787  1259 E apju    : Phenotype API error. Event # cdub@27933583, EventCode: 7 [CONTEXT service_id=51 ]
10-31 13:28:50.844   787  1259 E apju    : apiz: 29505: No config packages for log source, or config package not registered
10-31 13:28:50.844   787  1259 E apju    : 	at apkj.b(:com.google.android.gms@203915020@20.39.15 (040406-335085812):7)
10-31 13:28:50.844   787  1259 E apju    : 	at apkg.b(:com.google.android.gms@203915020@20.39.15 (040406-335085812):2)
10-31 13:28:50.844   787  1259 E apju    : 	at apju.a(:com.google.android.gms@203915020@20.39.15 (040406-335085812):85)
10-31 13:28:50.844   787  1259 E apju    : 	at apju.a(:com.google.android.gms@203915020@20.39.15 (040406-335085812):80)
10-31 13:28:50.844   787  1259 E apju    : 	at aain.run(:com.google.android.gms@203915020@20.39.15 (040406-335085812):7)
10-31 13:28:50.844   787  1259 E apju    : 	at boex.run(:com.google.android.gms@203915020@20.39.15 (040406-335085812):2)
10-31 13:28:50.844   787  1259 E apju    : 	at sup.b(:com.google.android.gms@203915020@20.39.15 (040406-335085812):12)
10-31 13:28:50.844   787  1259 E apju    : 	at sup.run(:com.google.android.gms@203915020@20.39.15 (040406-335085812):7)
10-31 13:28:50.844   787  1259 E apju    : 	at java.util.concurrent.ThreadPoolExecutor.runWorker(ThreadPoolExecutor.java:1133)
10-31 13:28:50.844   787  1259 E apju    : 	at java.util.concurrent.ThreadPoolExecutor$Worker.run(ThreadPoolExecutor.java:607)
10-31 13:28:50.844   787  1259 E apju    : 	at tam.run(:com.google.android.gms@203915020@20.39.15 (040406-335085812):0)
10-31 13:28:50.844   787  1259 E apju    : 	at java.lang.Thread.run(Thread.java:761)
10-31 13:28:50.847   787  1259 E AsyncOperation: serviceID=51, operation=GetExperimentTokensOperationCall [CONTEXT service_id=259 ]
10-31 13:28:50.847   787  1259 E AsyncOperation: OperationException[Status{statusCode=No config packages for log source, or config package not registered, resolution=null}]
10-31 13:28:50.847   787  1259 E AsyncOperation: 	at apju.a(:com.google.android.gms@203915020@20.39.15 (040406-335085812):87)
10-31 13:28:50.847   787  1259 E AsyncOperation: 	at apju.a(:com.google.android.gms@203915020@20.39.15 (040406-335085812):80)
10-31 13:28:50.847   787  1259 E AsyncOperation: 	at aain.run(:com.google.android.gms@203915020@20.39.15 (040406-335085812):7)
10-31 13:28:50.847   787  1259 E AsyncOperation: 	at boex.run(:com.google.android.gms@203915020@20.39.15 (040406-335085812):2)
10-31 13:28:50.847   787  1259 E AsyncOperation: 	at sup.b(:com.google.android.gms@203915020@20.39.15 (040406-335085812):12)
10-31 13:28:50.847   787  1259 E AsyncOperation: 	at sup.run(:com.google.android.gms@203915020@20.39.15 (040406-335085812):7)
10-31 13:28:50.847   787  1259 E AsyncOperation: 	at java.util.concurrent.ThreadPoolExecutor.runWorker(ThreadPoolExecutor.java:1133)
10-31 13:28:50.847   787  1259 E AsyncOperation: 	at java.util.concurrent.ThreadPoolExecutor$Worker.run(ThreadPoolExecutor.java:607)
10-31 13:28:50.847   787  1259 E AsyncOperation: 	at tam.run(:com.google.android.gms@203915020@20.39.15 (040406-335085812):0)
10-31 13:28:50.847   787  1259 E AsyncOperation: 	at java.lang.Thread.run(Thread.java:761)
10-31 13:28:50.858  7689  7706 D NetworkSecurityConfig: Using Network Security Config from resource 0_resource_name_obfuscated debugBuild: false
10-31 13:28:50.968  5409  5421 W SearchService: Abort, client detached.
10-31 13:28:50.978  5409  7541 I DeviceStateChecker: DeviceStateChecker cancelled
10-31 13:28:50.979  5409  5409 I MicroDetector: Keeping mic open: false
10-31 13:28:50.980  5409  6467 I AudioController: internalShutdown
10-31 13:28:50.980  5409  6467 I MicrophoneInputStream: mic_close com.google.android.apps.gsa.speech.audio.ae@2824a82
10-31 13:28:50.981  5409  5483 I MicroRecognitionRunner: Stopping hotword detection.
10-31 13:28:50.988   238   285 I SoundTriggerHwService::Module: void android::SoundTriggerHwService::Module::onCallbackEvent(const sp<android::SoundTriggerHwService::CallbackEvent> &) mClient == 0
10-31 13:28:50.992  5409  7542 I MicroRecognitionRunner: Detection finished
10-31 13:28:51.000   600  3509 I ActivityManager: Killing 5842:com.google.android.gms:snet/u0a8 (adj 906): empty for 1884s
10-31 13:28:51.028   600 17381 D ActivityManager: cleanUpApplicationRecord -- 5842
10-31 13:28:51.108  7689  7706 I cr_VariationsSeedFetch: Fetched first run seed in 256 ms
10-31 13:28:51.142   600  3994 I ActivityManager: Start proc 7724:com.android.chrome:sandboxed_process0/u0i640 for service com.android.chrome/org.chromium.content.app.SandboxedProcessService0
10-31 13:28:51.210  7724  7724 W dboxed_process0: type=1400 audit(0.0:13159): avc: denied { getattr } for path="/data/data/com.android.chrome" dev="dm-2" ino=12190 scontext=u:r:isolated_app:s0:c512,c768 tcontext=u:object_r:app_data_file:s0:c512,c768 tclass=dir permissive=0
10-31 13:28:51.238  7724  7724 I cr_ChildProcessService: Creating new ChildProcessService pid=7724
10-31 13:28:51.385   600   610 I ActivityManager: Start proc 7752:com.android.chrome:privileged_process0/u0a35 for service com.android.chrome/org.chromium.content.app.PrivilegedProcessService0
10-31 13:28:51.435  7689  7712 W ConnectionStatusConfig: Dynamic lookup for intent failed for action: com.google.android.gms.auth.key.retrieval.service.START
10-31 13:28:51.462  7689  7712 W ConnectionStatusConfig: Dynamic lookup for intent failed for action: com.google.android.gms.auth.key.retrieval.service.START
10-31 13:28:51.463   600  1080 W ActivityManager: Unable to start service Intent { act=com.google.android.gms.auth.key.retrieval.service.START pkg=com.google.android.gms } U=0: not found
10-31 13:28:51.478  7752  7752 I cr_ChildProcessService: Creating new ChildProcessService pid=7752
10-31 13:28:51.507   600  3507 W ActivityManager: Unbind failed: could not find connection for android.os.BinderProxy@439c54a
10-31 13:28:51.511  7689  7712 E GmsClient: unable to connect to service: com.google.android.gms.auth.key.retrieval.service.START on com.google.android.gms
10-31 13:28:51.528  7752  7768 I cr_LibraryLoader: Loaded native library version number "85.0.4183.127"
10-31 13:28:51.529  7752  7768 I cr_CachingUmaRecorder: Flushed 1 samples from 1 histograms.
10-31 13:28:51.540  7752  7768 E libEGL  : validate_display:99 error 3008 (EGL_BAD_DISPLAY)
10-31 13:28:51.547  7689  7689 W cr_KnoxSettingsProvider: Permission to read device policy denied.
10-31 13:29:03.578  7794  7794 D AndroidRuntime: >>>>>> START com.android.internal.os.RuntimeInit uid 2000 <<<<<<
10-31 13:29:03.581  7794  7794 D AndroidRuntime: CheckJNI is OFF
10-31 13:29:03.657  7794  7794 D ICU     : No timezone override file found: /data/misc/zoneinfo/current/icu/icu_tzdata.dat
10-31 13:29:03.688  7794  7794 I Radio-JNI: register_android_hardware_Radio DONE
10-31 13:29:03.703  7794  7794 D AndroidRuntime: Calling main entry com.android.commands.monkey.Monkey
10-31 13:29:03.772   600   613 W BroadcastQueue: Skipping deliver [background] BroadcastRecord{c8ad9dd u-1 android.net.conn.CONNECTIVITY_CHANGE} to ReceiverList{36e4952 7794 (unknown name)/2000/u-1 remote:3ede687}: process crashing
10-31 13:29:05.322  7794  7794 D MonkeyStub: translateCommand: wake
10-31 13:29:05.443  7794  7794 D MonkeyStub: translateCommand: tap 398 1198
10-31 13:29:07.718  7794  7794 D MonkeyStub: translateCommand: tap 720 1506
10-31 13:29:07.900  6616  6629 I PeopleChimeraService: onService. callbacks = aaik@6ab848c, request = com.google.android.gms.common.internal.GetServiceRequest@9b247d5
10-31 13:29:07.907  6616  6630 I PeopleChimeraService: onService. callbacks = aaik@bfbaedb, request = com.google.android.gms.common.internal.GetServiceRequest@1d25d78
10-31 13:29:09.792  7794  7794 D MonkeyStub: translateCommand: tap 355 1480
10-31 13:29:09.815  7794  7794 D MonkeyStub: Quit requested
10-31 13:29:09.837   600   614 I CwMcuSensor: CwMcuSensor::flush: fd = 239, sensors_id = 0, path = /sys/class/htc_sensorhub/sensor_hub/flush, err = 0
10-31 13:29:09.850  7794  7794 I art     : System.exit called, status: 6
10-31 13:29:09.850  7794  7794 I AndroidRuntime: VM exiting with result code 6.
10-31 13:29:09.851   600  3507 I ActivityManager: START u0 {act=android.intent.action.VIEW flg=0x10008000 cmp=com.android.chrome/com.google.android.apps.chrome.Main (has extras)} from uid 10035 on display 0
10-31 13:29:09.890   600  1076 W WindowManager: Attempted to remove non-existing token: android.os.Binder@7b86423
10-31 13:29:10.035  7689  7689 E cr_CompositorSurfaceMgr: Transitioning to surface with format : -1
10-31 13:29:10.054   600   609 I art     : Background partial concurrent mark sweep GC freed 19016(899KB) AllocSpace objects, 3(60KB) LOS objects, 33% free, 17MB/25MB, paused 1.058ms total 128.799ms
10-31 13:29:10.116  7689  7746 W cr_tabmodel: Starting to perform legacy migration.
10-31 13:29:10.118  7689  7746 W cr_tabmodel: Finished performing legacy migration.
10-31 13:29:10.118  7689  7746 W cr_tabmodel: Starting to perform multi-instance migration.
10-31 13:29:10.118  7689  7746 W cr_tabmodel: Finished performing multi-instance migration.
10-31 13:29:10.118  7689  7746 I cr_tabmodel: Starting to fetch tab list for tab_state0
10-31 13:29:10.118  7689  7746 I cr_tabmodel: State file does not exist.
10-31 13:29:10.118  7689  7746 I cr_tabmodel: Starting to fetch tab list for tab_state1
10-31 13:29:10.119  7689  7746 I cr_tabmodel: State file does not exist.
10-31 13:29:10.161  7689  7746 I cr_ADCP : No customization source found
10-31 13:29:10.187  7689  7708 D OpenGLRenderer: endAllActiveAnimators on 0xd4b86f00 (InsetDrawable) with handle 0xd2a78490
10-31 13:29:10.230   600 24611 E BatteryStatsService: power: Missing API
10-31 13:29:10.239   796   796 E PhoneInterfaceManager: [PhoneIntfMgr] queryModemActivityInfo: Empty response
10-31 13:29:10.240   600 24611 E BatteryStatsService: no controller energy info supplied
10-31 13:29:10.247   600 24611 E BatteryStatsService: modem info is invalid: ModemActivityInfo{ mTimestamp=0 mSleepTimeMs=0 mIdleTimeMs=0 mTxTimeMs[]=[0, 0, 0, 0, 0] mRxTimeMs=0 mEnergyUsed=0}
10-31 13:29:10.261   600   620 I ActivityManager: Displayed com.android.chrome/com.google.android.apps.chrome.Main: +362ms
10-31 13:29:10.261  7689  7689 E cr_CompositorSurfaceMgr: Transitioning to surface with format : -1
10-31 13:29:10.263   600   613 W ProcessCpuTracker: Skipping unknown process pid 7818
10-31 13:29:10.268  7689  7689 E cr_CompositorSurfaceMgr: surfaceCreated format : 0
10-31 13:29:10.274  7689  7689 I cr_ContextualSearch: Tap suppression enabled: false
10-31 13:29:10.285  7689  7689 I cr_ChromeTabbedActivity: #initializeState
10-31 13:29:10.285  7689  7689 I cr_CipherFactory: #restoreFromBundle, no savedInstanceState.
10-31 13:29:10.285  7689  7689 I cr_tabmodel: #loadState, ignoreIncognitoFiles? true
10-31 13:29:10.489  7689  7689 I SchedulerApiWrapper: Create SchedulerApiMainThreadWrapper
10-31 13:29:10.503  7689  7689 I FeedSessionManagerImpl: FeedSessionManagerImpl has been created
10-31 13:29:10.504  7689  7689 I FeedAppLifecycleLstnr: onEnterForeground called
10-31 13:29:10.504  7689  7689 I FeedSessionManagerImpl: onLifecycleEvent foreground
10-31 13:29:10.504  7689  7689 I FeedSessionManagerImpl: Lazy initialization triggered, getUpdateConsumer
10-31 13:29:10.505  7689  7689 I FeedRequestManagerImpl: trigger refresh 2
10-31 13:29:10.505  7689  7744 I TaskQueue: Execute task [IMMEDIATE - d: true, b: 0]: 30
10-31 13:29:10.506  7689  7689 I TaskQueue:  - task [HEAD_INVALIDATE - d: true, b: 0]: 26
10-31 13:29:10.507  7689  7689 I FeedAppLifecycleLstnr: initialize called
10-31 13:29:10.515  7689  7689 I FeedSessionManagerImpl: onLifecycleEvent initialize
10-31 13:29:10.515  7689  7689 W FeedSessionManagerImpl: FeedSessionManagerImpl has previously been initialized
10-31 13:29:10.550  7689  7689 I ViewConfigCompat: Could not find method getScaledScrollFactor() on ViewConfiguration
10-31 13:29:10.553  7689  7689 I BasicStream: Setting 2 header views, currently have 0 headers
10-31 13:29:10.555  7689  7689 I BasicStream: Setting 2 header views, currently have 2 headers
10-31 13:29:10.620   600   619 D BluetoothManagerService: Message: 20
10-31 13:29:10.620   600   619 D BluetoothManagerService: Added callback: android.bluetooth.IBluetoothManagerCallback$Stub$Proxy@93cdfe:true
10-31 13:29:10.642  7724  7737 I cr_LibraryLoader: Loaded native library version number "85.0.4183.127"
10-31 13:29:10.642  7724  7737 I cr_CachingUmaRecorder: Flushed 1 samples from 1 histograms.
10-31 13:29:10.650  7689  7689 E cr_IntentUtils: getBooleanExtra failed on intent null
10-31 13:29:10.666  7689  7689 I TimeoutSessionImpl: Using TimeoutSessionImpl
10-31 13:29:10.666  7689  7689 I FeedSessionManagerImpl: Delaying populateSession until initialization is finished
10-31 13:29:10.667  7689  7689 I TaskQueue:  - task [IMMEDIATE - d: true, b: 1]: 13
10-31 13:29:10.668  7689  7689 I MainThreadRunner: Running task [BasicStream onShow] on the Main Thread with a delay of 500 milliseconds
10-31 13:29:10.728   600  1079 I ActivityManager: Start proc 7824:com.android.chrome:sandboxed_process1/u0i641 for service com.android.chrome/org.chromium.content.app.SandboxedProcessService1
10-31 13:29:10.759  7689  7744 W SessionCache: Persisted Sessions were not found
10-31 13:29:10.760  7689  7744 I HeadSessionImpl: Initialize HEAD 0 items
10-31 13:29:10.760  7689  7744 I TaskQueue:  - task [BACKGROUND - d: true, b: 2]: 11
10-31 13:29:10.760  7689  7744 I TimingUtils: Task Timing 254ms, thread JardinExecutor | task : Initialization
10-31 13:29:10.761  7689  7744 I TaskQueue:  - Finished 30, time 256 ms
10-31 13:29:10.762  7689  7744 I TaskQueue: Execute task [HEAD_INVALIDATE - d: true, b: 2]: 26
10-31 13:29:10.762  7689  7744 I TimingUtils: Task Timing   0ms, thread JardinExecutor | task : getAllDismissLocalActions | size : 0
10-31 13:29:10.762  7689  7744 I TimingUtils: Task Timing   0ms, thread JardinExecutor | task : getSemanticProperties | size : 0
10-31 13:29:10.763  7689  7744 I MainThreadRunner: Running task [Check Tooltips] on the Main Thread
10-31 13:29:10.763  7689  7744 I TaskQueue:  * Starting starvation checks
10-31 13:29:10.763  7689  7744 I MainThreadRunner: Running task [starvationChecks] on the Main Thread with a delay of 6000 milliseconds
10-31 13:29:10.763  7689  7744 I TaskQueue:  - Finished 26, time 1 ms
10-31 13:29:10.763  7689  7744 I TaskQueue: Execute task [IMMEDIATE - d: true, b: 1]: 13
10-31 13:29:10.764  7689  7744 I FeedSessionManagerImpl: shouldSessionRequestData; hasContent(false), contentCreationTime(0), outstandingRequest(true)
10-31 13:29:10.764  7689  7744 I MainThreadRunner: Running task [SchedulerApiWrapper shouldSessionRequestData] on the Main Thread
10-31 13:29:10.805   600 16391 I ActivityManager: Start proc 7830:com.android.chrome:sandboxed_process2/u0i642 for service com.android.chrome/org.chromium.content.app.SandboxedProcessService2
10-31 13:29:10.846   600  1081 I ActivityManager: Start proc 7854:com.android.chrome:sandboxed_process3/u0i643 for service com.android.chrome/org.chromium.content.app.SandboxedProcessService3
10-31 13:29:10.927   600 17381 I ActivityManager: Start proc 7866:com.android.chrome:sandboxed_process4/u0i644 for service com.android.chrome/org.chromium.content.app.SandboxedProcessService4
10-31 13:29:10.960  7824  7824 W dboxed_process1: type=1400 audit(0.0:13160): avc: denied { getattr } for path="/data/data/com.android.chrome" dev="dm-2" ino=12190 scontext=u:r:isolated_app:s0:c512,c768 tcontext=u:object_r:app_data_file:s0:c512,c768 tclass=dir permissive=0
10-31 13:29:10.991   600   707 I ActivityManager: Start proc 7875:com.android.chrome:sandboxed_process5/u0i645 for service com.android.chrome/org.chromium.content.app.SandboxedProcessService5
10-31 13:29:11.080  7830  7830 W dboxed_process2: type=1400 audit(0.0:13161): avc: denied { getattr } for path="/data/data/com.android.chrome" dev="dm-2" ino=12190 scontext=u:r:isolated_app:s0:c512,c768 tcontext=u:object_r:app_data_file:s0:c512,c768 tclass=dir permissive=0
10-31 13:29:11.090   600 16391 I ActivityManager: Start proc 7892:com.android.chrome:sandboxed_process6/u0i646 for service com.android.chrome/org.chromium.content.app.SandboxedProcessService6
10-31 13:29:11.143  7824  7824 I cr_ChildProcessService: Creating new ChildProcessService pid=7824
10-31 13:29:11.149  7689  7689 I PlayCore: UID: [10035]  PID: [7689] SplitInstallService : deferredInstall([image_editor])
10-31 13:29:11.157  7689  7699 I art     : Background partial concurrent mark sweep GC freed 23107(1172KB) AllocSpace objects, 9(1264KB) LOS objects, 40% free, 9MB/15MB, paused 6.819ms total 279.067ms
10-31 13:29:11.187   600 25704 I ActivityManager: Start proc 7909:com.android.chrome:sandboxed_process7/u0i647 for service com.android.chrome/org.chromium.content.app.SandboxedProcessService7
10-31 13:29:11.210  7854  7854 W dboxed_process3: type=1400 audit(0.0:13162): avc: denied { getattr } for path="/data/data/com.android.chrome" dev="dm-2" ino=12190 scontext=u:r:isolated_app:s0:c512,c768 tcontext=u:object_r:app_data_file:s0:c512,c768 tclass=dir permissive=0
10-31 13:29:11.236   600  3507 I ActivityManager: Start proc 7921:com.android.chrome:sandboxed_process8/u0i648 for service com.android.chrome/org.chromium.content.app.SandboxedProcessService8
10-31 13:29:11.255  7689  7689 I Choreographer: Skipped 59 frames!  The application may be doing too much work on its main thread.
10-31 13:29:11.318  7830  7830 I cr_ChildProcessService: Creating new ChildProcessService pid=7830
10-31 13:29:11.393  7866  7866 W dboxed_process4: type=1400 audit(0.0:13163): avc: denied { getattr } for path="/data/data/com.android.chrome" dev="dm-2" ino=12190 scontext=u:r:isolated_app:s0:c512,c768 tcontext=u:object_r:app_data_file:s0:c512,c768 tclass=dir permissive=0
10-31 13:29:11.400  7875  7875 W dboxed_process5: type=1400 audit(0.0:13164): avc: denied { getattr } for path="/data/data/com.android.chrome" dev="dm-2" ino=12190 scontext=u:r:isolated_app:s0:c512,c768 tcontext=u:object_r:app_data_file:s0:c512,c768 tclass=dir permissive=0
10-31 13:29:11.468  7854  7854 I cr_ChildProcessService: Creating new ChildProcessService pid=7854
10-31 13:29:11.486  7892  7892 W dboxed_process6: type=1400 audit(0.0:13165): avc: denied { getattr } for path="/data/data/com.android.chrome" dev="dm-2" ino=12190 scontext=u:r:isolated_app:s0:c512,c768 tcontext=u:object_r:app_data_file:s0:c512,c768 tclass=dir permissive=0
10-31 13:29:11.601  7875  7875 I cr_ChildProcessService: Creating new ChildProcessService pid=7875
10-31 13:29:11.624  7689  7689 I cr_tabmodel: Appending tabs being restored to metadata lists, 0, startingNormalCount: 1, startingIncognitoCount: 0
10-31 13:29:11.624  7689  7689 I cr_tabmodel: Serializing tab lists; counts: 1, 0
10-31 13:29:11.626  7689  7907 I PlayCore: UID: [10035]  PID: [7689] SplitInstallService : Initiate binding to the service.
10-31 13:29:11.627   600  3507 W ActivityManager: Unable to start service Intent { act=com.google.android.play.core.splitinstall.BIND_SPLIT_INSTALL_SERVICE pkg=com.android.vending } U=0: not found
10-31 13:29:11.647  7824  7927 I cr_LibraryLoader: Loaded native library version number "85.0.4183.127"
10-31 13:29:11.648  7824  7927 I cr_CachingUmaRecorder: Flushed 1 samples from 1 histograms.
10-31 13:29:11.653  7909  7909 W dboxed_process7: type=1400 audit(0.0:13166): avc: denied { getattr } for path="/data/data/com.android.chrome" dev="dm-2" ino=12190 scontext=u:r:isolated_app:s0:c512,c768 tcontext=u:object_r:app_data_file:s0:c512,c768 tclass=dir permissive=0
10-31 13:29:11.654  7866  7866 I cr_ChildProcessService: Creating new ChildProcessService pid=7866
10-31 13:29:11.660  7892  7892 I cr_ChildProcessService: Creating new ChildProcessService pid=7892
10-31 13:29:11.693  7921  7921 W dboxed_process8: type=1400 audit(0.0:13167): avc: denied { getattr } for path="/data/data/com.android.chrome" dev="dm-2" ino=12190 scontext=u:r:isolated_app:s0:c512,c768 tcontext=u:object_r:app_data_file:s0:c512,c768 tclass=dir permissive=0
10-31 13:29:11.727  7830  7935 I cr_LibraryLoader: Loaded native library version number "85.0.4183.127"
10-31 13:29:11.728  7830  7935 I cr_CachingUmaRecorder: Flushed 1 samples from 1 histograms.
10-31 13:29:11.767  7689  7689 I TaskQueue:  - task [IMMEDIATE - d: true, b: 1]: 27
10-31 13:29:11.767  7689  7744 I FeedSessionManagerImpl: shouldSessionRequestDataResult: NO_REQUEST_WITH_WAIT, shouldMakeRequest(false), withTimeout(false), withAppend(false)
10-31 13:29:11.768  7689  7744 I TaskQueue:  - task [USER_FACING - d: true, b: 2]: 24
10-31 13:29:11.768  7689  7744 I TaskQueue:  - Finished 13, time 1004 ms
10-31 13:29:11.768  7689  7744 I TaskQueue: Execute task [IMMEDIATE - d: true, b: 2]: 27
10-31 13:29:11.770  7689  7744 I FeedRequestManagerImpl: Consistency Token: # hU2@7bca4
10-31 13:29:11.786  7689  7744 I FeedRequestManagerImpl: Capability: FEED_UI
10-31 13:29:11.786  7689  7744 I FeedRequestManagerImpl: Capability: UNDOABLE_ACTIONS
10-31 13:29:11.786  7689  7744 I FeedRequestManagerImpl: Capability: MANAGE_INTERESTS
10-31 13:29:11.786  7689  7744 I FeedRequestManagerImpl: Capability: SEND_FEEDBACK
10-31 13:29:11.786  7689  7744 I FeedRequestManagerImpl: Capability: ARTICLE_SNIPPETS
10-31 13:29:11.786  7689  7744 I FeedRequestManagerImpl: Capability: CLICK_ACTION
10-31 13:29:11.786  7689  7744 I FeedRequestManagerImpl: Capability: VIEW_ACTION
10-31 13:29:11.786  7689  7744 I FeedRequestManagerImpl: Capability: REPORT_FEED_USER_ACTIONS_NOTICE_CARD
10-31 13:29:11.786  7689  7744 I FeedRequestManagerImpl: Capability: BASE_UI
10-31 13:29:11.788  7689  7689 I Choreographer: Skipped 31 frames!  The application may be doing too much work on its main thread.
10-31 13:29:11.818  7854  7945 I cr_LibraryLoader: Loaded native library version number "85.0.4183.127"
10-31 13:29:11.818  7854  7945 I cr_CachingUmaRecorder: Flushed 1 samples from 1 histograms.
10-31 13:29:11.840  7689  7744 I FeedRequestManagerImpl: Making Request: /httpservice/noretry/DiscoverClankService/FeedQuery
10-31 13:29:11.840  7689  7744 I MainThreadRunner: Running task [NetworkClientWrapper send] on the Main Thread
10-31 13:29:11.840  7689  7744 I TaskQueue:  - Finished 27, time 73 ms
10-31 13:29:11.851  7909  7909 I cr_ChildProcessService: Creating new ChildProcessService pid=7909
10-31 13:29:11.865  7875  7947 I cr_LibraryLoader: Loaded native library version number "85.0.4183.127"
10-31 13:29:11.877  7689  7907 I PlayCore: UID: [10035]  PID: [7689] SplitInstallService : Failed to bind to the service.
10-31 13:29:11.881  7830  7935 I chromium: [INFO:child_process_service.cc(69)] ChildProcessService: Exiting child process.
10-31 13:29:11.891   197   197 E lowmemorykiller: Error writing /proc/7830/oom_score_adj; errno=22
10-31 13:29:11.898  7875  7947 I cr_CachingUmaRecorder: Flushed 1 samples from 1 histograms.
10-31 13:29:11.901  7824  7927 I chromium: [INFO:child_process_service.cc(69)] ChildProcessService: Exiting child process.
10-31 13:29:11.901   197   197 E lowmemorykiller: Error writing /proc/7824/oom_score_adj; errno=22
10-31 13:29:11.931   600  1082 I ActivityManager: Start proc 7960:com.android.chrome:sandboxed_process9/u0i649 for service com.android.chrome/org.chromium.content.app.SandboxedProcessService9
10-31 13:29:11.931   600 13558 I ActivityManager: Process com.android.chrome:sandboxed_process1 (pid 7824) has died
10-31 13:29:11.931   600 13558 D ActivityManager: cleanUpApplicationRecord -- 7824
10-31 13:29:11.935   600 13558 I ActivityManager: Killing 7830:com.android.chrome:sandboxed_process2/u0a35i642 (adj 0): isolated not needed
10-31 13:29:11.937  7689  7689 W chromium: [WARNING:compositor_view.cc(315)] Child process died (type=6) pid=7824)
10-31 13:29:11.948  7689  7689 W chromium: [WARNING:compositor_view.cc(315)] Child process died (type=6) pid=7830)
10-31 13:29:11.951   600  2707 D ActivityManager: cleanUpApplicationRecord -- 7830
10-31 13:29:11.969  7921  7921 I cr_ChildProcessService: Creating new ChildProcessService pid=7921
10-31 13:29:12.006  7866  7949 I cr_LibraryLoader: Loaded native library version number "85.0.4183.127"
10-31 13:29:12.006  7866  7949 I cr_CachingUmaRecorder: Flushed 1 samples from 1 histograms.
10-31 13:29:12.034  7892  7951 I cr_LibraryLoader: Loaded native library version number "85.0.4183.127"
10-31 13:29:12.035  7892  7951 I cr_CachingUmaRecorder: Flushed 1 samples from 1 histograms.
10-31 13:29:12.039  7822  7822 D AndroidRuntime: >>>>>> START com.android.internal.os.RuntimeInit uid 2000 <<<<<<
10-31 13:29:12.040  1084  1084 I MemoryTrimmer: Trimming objects from memory, since app is in the background.
10-31 13:29:12.060  7909  7958 I cr_LibraryLoader: Loaded native library version number "85.0.4183.127"
10-31 13:29:12.060  7909  7958 I cr_CachingUmaRecorder: Flushed 1 samples from 1 histograms.
10-31 13:29:12.080  7822  7822 D AndroidRuntime: CheckJNI is OFF
10-31 13:29:12.153  5409  5409 I MemoryTrimmer: Trimming objects from memory, since app is in the background.
10-31 13:29:12.254  7822  7822 D ICU     : No timezone override file found: /data/misc/zoneinfo/current/icu/icu_tzdata.dat
10-31 13:29:12.278  7854  7945 I chromium: [INFO:child_process_service.cc(69)] ChildProcessService: Exiting child process.
10-31 13:29:12.282  7892  7951 I chromium: [INFO:child_process_service.cc(69)] ChildProcessService: Exiting child process.
10-31 13:29:12.287   197   197 E lowmemorykiller: Error writing /proc/7854/oom_score_adj; errno=22
10-31 13:29:12.292   197   197 E lowmemorykiller: Error writing /proc/7892/oom_score_adj; errno=22
10-31 13:29:12.299  7875  7947 I chromium: [INFO:child_process_service.cc(69)] ChildProcessService: Exiting child process.
10-31 13:29:12.300  7866  7949 I chromium: [INFO:child_process_service.cc(69)] ChildProcessService: Exiting child process.
10-31 13:29:12.300  7909  7958 I chromium: [INFO:child_process_service.cc(69)] ChildProcessService: Exiting child process.
10-31 13:29:12.301   600 13558 I ActivityManager: Process com.android.chrome:sandboxed_process3 (pid 7854) has died
10-31 13:29:12.301   600 13558 D ActivityManager: cleanUpApplicationRecord -- 7854
10-31 13:29:12.306   600 13558 I ActivityManager: Killing 7892:com.android.chrome:sandboxed_process6/u0a35i646 (adj 0): isolated not needed
10-31 13:29:12.316  7689  7689 W chromium: [WARNING:compositor_view.cc(315)] Child process died (type=6) pid=7854)
10-31 13:29:12.339   600  9614 I ActivityManager: Process com.android.chrome:sandboxed_process7 (pid 7909) has died
10-31 13:29:12.339   600  9614 D ActivityManager: cleanUpApplicationRecord -- 7909
10-31 13:29:12.339   600  9614 W ActivityManager: Scheduling restart of crashed service com.android.chrome/org.chromium.content.app.SandboxedProcessService7 in 1000ms
10-31 13:29:12.342   600  3675 D ActivityManager: cleanUpApplicationRecord -- 7892
10-31 13:29:12.343   197   197 E lowmemorykiller: Error writing /proc/7875/oom_score_adj; errno=22
10-31 13:29:12.343   600  3507 E JavaBinder: !!! FAILED BINDER TRANSACTION !!!  (parcel size = 76)
10-31 13:29:12.355  7689  7689 W chromium: [WARNING:compositor_view.cc(315)] Child process died (type=6) pid=7909)
10-31 13:29:12.356  7689  7689 W chromium: [WARNING:compositor_view.cc(315)] Child process died (type=6) pid=7892)
10-31 13:29:12.356  7689  7689 W chromium: [WARNING:compositor_view.cc(315)] Child process died (type=6) pid=7866)
10-31 13:29:12.369   600  3507 E JavaBinder: !!! FAILED BINDER TRANSACTION !!!  (parcel size = 572)
10-31 13:29:12.370   600  3507 W ActivityManager: Exception when unbinding service com.android.chrome/org.chromium.content.app.SandboxedProcessService5
10-31 13:29:12.370   600  3507 W ActivityManager: android.os.DeadObjectException: Transaction failed on small parcel; remote process probably died
10-31 13:29:12.370   600  3507 W ActivityManager: 	at android.os.BinderProxy.transactNative(Native Method)
10-31 13:29:12.370   600  3507 W ActivityManager: 	at android.os.BinderProxy.transact(Binder.java:615)
10-31 13:29:12.370   600  3507 W ActivityManager: 	at android.app.ApplicationThreadProxy.scheduleUnbindService(ApplicationThreadNative.java:1016)
10-31 13:29:12.370   600  3507 W ActivityManager: 	at com.android.server.am.ActiveServices.removeConnectionLocked(ActiveServices.java:2175)
10-31 13:29:12.370   600  3507 W ActivityManager: 	at com.android.server.am.ActiveServices.unbindServiceLocked(ActiveServices.java:1163)
10-31 13:29:12.370   600  3507 W ActivityManager: 	at com.android.server.am.ActivityManagerService.unbindService(ActivityManagerService.java:17309)
10-31 13:29:12.370   600  3507 W ActivityManager: 	at android.app.ActivityManagerNative.onTransact(ActivityManagerNative.java:1145)
10-31 13:29:12.370   600  3507 W ActivityManager: 	at com.android.server.am.ActivityManagerService.onTransact(ActivityManagerService.java:2795)
10-31 13:29:12.370   600  3507 W ActivityManager: 	at android.os.Binder.execTransact(Binder.java:565)
10-31 13:29:12.370   600  3507 E JavaBinder: !!! FAILED BINDER TRANSACTION !!!  (parcel size = 76)
10-31 13:29:12.371   197   197 E lowmemorykiller: Error writing /proc/7875/oom_score_adj; errno=22
10-31 13:29:12.371   600  3507 E JavaBinder: !!! FAILED BINDER TRANSACTION !!!  (parcel size = 76)
10-31 13:29:12.371   600 10249 I ActivityManager: Process com.android.chrome:sandboxed_process4 (pid 7866) has died
10-31 13:29:12.371   600 10249 D ActivityManager: cleanUpApplicationRecord -- 7866
10-31 13:29:12.371   600 10249 W ActivityManager: Scheduling restart of crashed service com.android.chrome/org.chromium.content.app.SandboxedProcessService4 in 10968ms
10-31 13:29:12.372   600 10249 I ActivityManager: Killing 7875:com.android.chrome:sandboxed_process5/u0a35i645 (adj 900): isolated not needed
10-31 13:29:12.394   600 29683 I ActivityManager: Start proc 7997:com.android.chrome:sandboxed_process10/u0i650 for service com.android.chrome/org.chromium.content.app.SandboxedProcessService10
10-31 13:29:12.410   600  6312 I ActivityManager: Start proc 8002:com.android.chrome:sandboxed_process11/u0i651 for service com.android.chrome/org.chromium.content.app.SandboxedProcessService11
10-31 13:29:12.457   600  1082 I ActivityManager: Start proc 8010:com.android.chrome:sandboxed_process12/u0i652 for service com.android.chrome/org.chromium.content.app.SandboxedProcessService12
10-31 13:29:12.464  5409  5409 I MemoryTrimmer: Trimming objects from memory, since app is in the background.
10-31 13:29:12.472  7822  7822 I Radio-JNI: register_android_hardware_Radio DONE
10-31 13:29:12.523  7960  7960 W dboxed_process9: type=1400 audit(0.0:13168): avc: denied { getattr } for path="/data/data/com.android.chrome" dev="dm-2" ino=12190 scontext=u:r:isolated_app:s0:c512,c768 tcontext=u:object_r:app_data_file:s0:c512,c768 tclass=dir permissive=0
10-31 13:29:12.528  7921  7965 I cr_LibraryLoader: Loaded native library version number "85.0.4183.127"
10-31 13:29:12.528  7921  7965 I cr_CachingUmaRecorder: Flushed 1 samples from 1 histograms.
10-31 13:29:12.535   600 29683 I ActivityManager: Start proc 8037:com.android.chrome:sandboxed_process13/u0i653 for service com.android.chrome/org.chromium.content.app.SandboxedProcessService13
10-31 13:29:12.594   600  9614 I ActivityManager: Start proc 8044:com.android.chrome:sandboxed_process14/u0i654 for service com.android.chrome/org.chromium.content.app.SandboxedProcessService14
10-31 13:29:12.613  7689  7740 W cr_CrashFileManager: /data/user/0/com.android.chrome/cache/Crash Reports does not exist or is not a directory
10-31 13:29:12.614  7689  7740 W cr_CrashFileManager: /data/user/0/com.android.chrome/cache/Crash Reports does not exist or is not a directory
10-31 13:29:12.614  7689  7740 W cr_CrashFileManager: /data/user/0/com.android.chrome/cache/Crash Reports does not exist or is not a directory
10-31 13:29:12.636   600   713 I ActivityManager: Start proc 8060:com.android.chrome:sandboxed_process15/u0i655 for service com.android.chrome/org.chromium.content.app.SandboxedProcessService15
10-31 13:29:12.652  7689  7740 I cr_FileUtils: Writing to /data/user/0/com.android.chrome/app_dex/webapk7.dex
10-31 13:29:12.693  7997  7997 W boxed_process10: type=1400 audit(0.0:13169): avc: denied { getattr } for path="/data/data/com.android.chrome" dev="dm-2" ino=12190 scontext=u:r:isolated_app:s0:c512,c768 tcontext=u:object_r:app_data_file:s0:c512,c768 tclass=dir permissive=0
10-31 13:29:12.696  7960  7960 I cr_ChildProcessService: Creating new ChildProcessService pid=7960
10-31 13:29:12.707  7822  7822 D AndroidRuntime: Calling main entry com.android.commands.am.Am
10-31 13:29:12.710  8002  8002 W boxed_process11: type=1400 audit(0.0:13170): avc: denied { getattr } for path="/data/data/com.android.chrome" dev="dm-2" ino=12190 scontext=u:r:isolated_app:s0:c512,c768 tcontext=u:object_r:app_data_file:s0:c512,c768 tclass=dir permissive=0
10-31 13:29:12.730  7689  7723 I cr_BindingManager: Moderate binding enabled: maxSize=40
10-31 13:29:12.770  8010  8010 W boxed_process12: type=1400 audit(0.0:13171): avc: denied { getattr } for path="/data/data/com.android.chrome" dev="dm-2" ino=12190 scontext=u:r:isolated_app:s0:c512,c768 tcontext=u:object_r:app_data_file:s0:c512,c768 tclass=dir permissive=0
10-31 13:29:12.816   600  2707 I ActivityManager: Killing 7921:com.android.chrome:sandboxed_process8/u0a35i648 (adj 0): isolated not needed
10-31 13:29:12.831  6616  6965 I Icing   : IndexChimeraService.getServiceInterface callingPackage=com.android.chrome componentName=null serviceId=36
10-31 13:29:12.874  8002  8002 I cr_ChildProcessService: Creating new ChildProcessService pid=8002
10-31 13:29:12.883  8037  8037 W boxed_process13: type=1400 audit(0.0:13172): avc: denied { getattr } for path="/data/data/com.android.chrome" dev="dm-2" ino=12190 scontext=u:r:isolated_app:s0:c512,c768 tcontext=u:object_r:app_data_file:s0:c512,c768 tclass=dir permissive=0
10-31 13:29:12.893  7997  7997 I cr_ChildProcessService: Creating new ChildProcessService pid=7997
10-31 13:29:12.927  6616  6965 I Icing   : IndexChimeraService.getServiceInterface callingPackage=com.android.chrome componentName=null serviceId=36
10-31 13:29:12.929  8010  8010 I cr_ChildProcessService: Creating new ChildProcessService pid=8010
10-31 13:29:12.946   600 27731 I ActivityManager: START u0 {act=android.intent.action.VIEW dat=http://www.britannica.com/... flg=0x10000000 cmp=com.android.chrome/com.google.android.apps.chrome.Main} from uid 2000 on display 0
10-31 13:29:12.971  7822  7822 D AndroidRuntime: Shutting down VM
10-31 13:29:12.974  7960  8075 I cr_LibraryLoader: Loaded native library version number "85.0.4183.127"
10-31 13:29:12.974  7960  8075 I cr_CachingUmaRecorder: Flushed 1 samples from 1 histograms.
10-31 13:29:13.014  7689  7689 E cr_IntentUtils: getInt failed on bundle null
10-31 13:29:13.049  8037  8037 I cr_ChildProcessService: Creating new ChildProcessService pid=8037
10-31 13:29:13.062   600  1076 I ActivityManager: Start proc 8094:com.android.chrome:sandboxed_process16/u0i656 for service com.android.chrome/org.chromium.content.app.SandboxedProcessService16
10-31 13:29:13.115  7689  7689 W FeedModelProvider: sessionId is null, this should have been set during population
10-31 13:29:13.116  7689  7689 I cr_tabmodel: Appending tabs being restored to metadata lists, 0, startingNormalCount: 2, startingIncognitoCount: 0
10-31 13:29:13.116  7689  7689 I cr_tabmodel: Serializing tab lists; counts: 2, 0
10-31 13:29:13.128  8002  8086 I cr_LibraryLoader: Loaded native library version number "85.0.4183.127"
10-31 13:29:13.129  8002  8086 I cr_CachingUmaRecorder: Flushed 1 samples from 1 histograms.
10-31 13:29:13.161  8010  8089 I cr_LibraryLoader: Loaded native library version number "85.0.4183.127"
10-31 13:29:13.162  8010  8089 I cr_CachingUmaRecorder: Flushed 1 samples from 1 histograms.
10-31 13:29:13.178   600 24611 I ActivityManager: Killing 7960:com.android.chrome:sandboxed_process9/u0a35i649 (adj 0): isolated not needed
10-31 13:29:13.199  7997  8087 I cr_LibraryLoader: Loaded native library version number "85.0.4183.127"
10-31 13:29:13.200  7997  8087 I cr_CachingUmaRecorder: Flushed 1 samples from 1 histograms.
10-31 13:29:13.222  8080  8080 I dex2oat : /system/bin/dex2oat --dex-file=/data/user/0/com.android.chrome/app_dex/webapk7.dex --oat-fd=303 --oat-location=/data/user/0/com.android.chrome/app_dex/oat/arm/webapk7.dex --compiler-filter=speed
10-31 13:29:13.251   600  1076 I ActivityManager: Start proc 8115:com.android.chrome:sandboxed_process17/u0i657 for service com.android.chrome/org.chromium.content.app.SandboxedProcessService17
10-31 13:29:13.272  8002  8086 I chromium: [INFO:child_process_service.cc(69)] ChildProcessService: Exiting child process.
10-31 13:29:13.299  8037  8093 I cr_LibraryLoader: Loaded native library version number "85.0.4183.127"
10-31 13:29:13.299  8037  8093 I cr_CachingUmaRecorder: Flushed 1 samples from 1 histograms.
10-31 13:29:13.309   600 10249 I ActivityManager: Start proc 8125:com.android.chrome:sandboxed_process18/u0i658 for service com.android.chrome/org.chromium.content.app.SandboxedProcessService18
10-31 13:29:13.312  8010  8089 I chromium: [INFO:child_process_service.cc(69)] ChildProcessService: Exiting child process.
10-31 13:29:13.326  8094  8094 W boxed_process16: type=1400 audit(0.0:13173): avc: denied { getattr } for path="/data/data/com.android.chrome" dev="dm-2" ino=12190 scontext=u:r:isolated_app:s0:c512,c768 tcontext=u:object_r:app_data_file:s0:c512,c768 tclass=dir permissive=0
10-31 13:29:13.330   600 13631 I ActivityManager: Start proc 8136:com.android.chrome:sandboxed_process19/u0i659 for service com.android.chrome/org.chromium.content.app.SandboxedProcessService19
10-31 13:29:13.362   600  3994 I ActivityManager: Start proc 8147:com.android.chrome:sandboxed_process20/u0i660 for service com.android.chrome/org.chromium.content.app.SandboxedProcessService20
10-31 13:29:13.405  8037  8093 I chromium: [INFO:child_process_service.cc(69)] ChildProcessService: Exiting child process.
10-31 13:29:13.412  7689  7689 W chromium: [WARNING:compositor_view.cc(315)] Child process died (type=6) pid=7875)
10-31 13:29:13.413  7689  7689 W chromium: [WARNING:compositor_view.cc(315)] Child process died (type=6) pid=8002)
10-31 13:29:13.413  7689  7689 W chromium: [WARNING:compositor_view.cc(315)] Child process died (type=6) pid=8010)
10-31 13:29:13.415  7997  8087 I chromium: [INFO:child_process_service.cc(69)] ChildProcessService: Exiting child process.
10-31 13:29:13.424   600  9614 I ActivityManager: Start proc 8167:com.android.chrome:sandboxed_process21/u0i661 for service com.android.chrome/org.chromium.content.app.SandboxedProcessService21
10-31 13:29:13.425   600  3675 D ActivityManager: cleanUpApplicationRecord -- 7875
10-31 13:29:13.440   600 17381 I ActivityManager: Process com.android.chrome:sandboxed_process11 (pid 8002) has died
10-31 13:29:13.440   600 17381 D ActivityManager: cleanUpApplicationRecord -- 8002
10-31 13:29:13.441   600 17381 W ActivityManager: Scheduling restart of crashed service com.android.chrome/org.chromium.content.app.SandboxedProcessService11 in 1000ms
10-31 13:29:13.447  8094  8094 I cr_ChildProcessService: Creating new ChildProcessService pid=8094
10-31 13:29:13.457   600  7064 I ActivityManager: Process com.android.chrome:sandboxed_process12 (pid 8010) has died
10-31 13:29:13.457   600  7064 D ActivityManager: cleanUpApplicationRecord -- 8010
10-31 13:29:13.457   600  7064 W ActivityManager: Scheduling restart of crashed service com.android.chrome/org.chromium.content.app.SandboxedProcessService12 in 10984ms
10-31 13:29:13.460   600 13631 I ActivityManager: Process com.android.chrome:sandboxed_process13 (pid 8037) has died
10-31 13:29:13.460   600 13631 D ActivityManager: cleanUpApplicationRecord -- 8037
10-31 13:29:13.460   600 13631 W ActivityManager: Scheduling restart of crashed service com.android.chrome/org.chromium.content.app.SandboxedProcessService13 in 20981ms
10-31 13:29:13.461   600  3967 I ActivityManager: Process com.android.chrome:sandboxed_process10 (pid 7997) has died
10-31 13:29:13.461   600  3967 D ActivityManager: cleanUpApplicationRecord -- 7997
10-31 13:29:13.461   600  3967 W ActivityManager: Scheduling restart of crashed service com.android.chrome/org.chromium.content.app.SandboxedProcessService10 in 30980ms
10-31 13:29:13.486  7689  7699 I art     : Background sticky concurrent mark sweep GC freed 22411(1236KB) AllocSpace objects, 17(340KB) LOS objects, 13% free, 13MB/15MB, paused 537us total 119.849ms
10-31 13:29:13.513  8136  8136 W boxed_process19: type=1400 audit(0.0:13174): avc: denied { getattr } for path="/data/data/com.android.chrome" dev="dm-2" ino=12190 scontext=u:r:isolated_app:s0:c512,c768 tcontext=u:object_r:app_data_file:s0:c512,c768 tclass=dir permissive=0
10-31 13:29:13.533  8147  8147 W boxed_process20: type=1400 audit(0.0:13175): avc: denied { getattr } for path="/data/data/com.android.chrome" dev="dm-2" ino=12190 scontext=u:r:isolated_app:s0:c512,c768 tcontext=u:object_r:app_data_file:s0:c512,c768 tclass=dir permissive=0
10-31 13:29:13.533  8115  8115 W boxed_process17: type=1400 audit(0.0:13176): avc: denied { getattr } for path="/data/data/com.android.chrome" dev="dm-2" ino=12190 scontext=u:r:isolated_app:s0:c512,c768 tcontext=u:object_r:app_data_file:s0:c512,c768 tclass=dir permissive=0
10-31 13:29:13.536  8125  8125 W boxed_process18: type=1400 audit(0.0:13177): avc: denied { getattr } for path="/data/data/com.android.chrome" dev="dm-2" ino=12190 scontext=u:r:isolated_app:s0:c512,c768 tcontext=u:object_r:app_data_file:s0:c512,c768 tclass=dir permissive=0
10-31 13:29:13.567  8136  8136 I cr_ChildProcessService: Creating new ChildProcessService pid=8136
10-31 13:29:13.586  8167  8167 W boxed_process21: type=1400 audit(0.0:13178): avc: denied { getattr } for path="/data/data/com.android.chrome" dev="dm-2" ino=12190 scontext=u:r:isolated_app:s0:c512,c768 tcontext=u:object_r:app_data_file:s0:c512,c768 tclass=dir permissive=0
10-31 13:29:13.586  8125  8125 I cr_ChildProcessService: Creating new ChildProcessService pid=8125
10-31 13:29:13.593  8147  8147 I cr_ChildProcessService: Creating new ChildProcessService pid=8147
10-31 13:29:13.618  8094  8177 I cr_LibraryLoader: Loaded native library version number "85.0.4183.127"
10-31 13:29:13.619  8094  8177 I cr_CachingUmaRecorder: Flushed 1 samples from 1 histograms.
10-31 13:29:13.624  8115  8115 I cr_ChildProcessService: Creating new ChildProcessService pid=8115
10-31 13:29:13.654  8167  8167 I cr_ChildProcessService: Creating new ChildProcessService pid=8167
