10-30 10:54:45.518 20420 20420 W chromium: [WARNING:compositor_view.cc(315)] Child process died (type=6) pid=20771)
10-30 10:54:45.519 20420 20420 W chromium: [WARNING:compositor_view.cc(315)] Child process died (type=6) pid=20762)
10-30 10:54:45.519 20420 20420 W chromium: [WARNING:compositor_view.cc(315)] Child process died (type=6) pid=20801)
10-30 10:54:45.519 20420 20420 W chromium: [WARNING:compositor_view.cc(315)] Child process died (type=6) pid=20841)
10-30 10:54:45.519 20420 20420 W chromium: [WARNING:compositor_view.cc(315)] Child process died (type=6) pid=20821)
10-30 10:54:45.520 20420 20420 W chromium: [WARNING:compositor_view.cc(315)] Child process died (type=6) pid=20828)
10-30 10:54:45.540 20420 20420 W chromium: [WARNING:compositor_view.cc(315)] Child process died (type=6) pid=20795)
10-30 10:54:45.541 20420 20420 W chromium: [WARNING:compositor_view.cc(315)] Child process died (type=6) pid=20607)
10-30 10:54:45.542 20420 20420 W chromium: [WARNING:compositor_view.cc(315)] Child process died (type=6) pid=20757)
10-30 10:54:45.554   600  3507 D ActivityManager: cleanUpApplicationRecord -- 20652
10-30 10:54:45.573   600  3994 D ActivityManager: cleanUpApplicationRecord -- 20596
10-30 10:54:45.600   600  7064 D ActivityManager: cleanUpApplicationRecord -- 20681
10-30 10:54:45.616   600  6312 D ActivityManager: cleanUpApplicationRecord -- 20638
10-30 10:54:45.633   600  3507 D ActivityManager: cleanUpApplicationRecord -- 20560
10-30 10:54:45.635 20420 20420 W chromium: [WARNING:compositor_view.cc(315)] Child process died (type=6) pid=20560)
10-30 10:54:45.637 20420 20476 I MainThreadRunner: Running task [FeedRequestManagerImpl consumer] on the Main Thread
10-30 10:54:45.637 20420 20476 I TaskQueue:  - Finished 15, time 196 ms
10-30 10:54:45.637 20420 20420 I FeedProtocolAdapter: createModel, operations 33
10-30 10:54:45.642 20420 20649 I PlayCore: UID: [10035]  PID: [20420] SplitInstallService : Failed to bind to the service.
10-30 10:54:45.646 20420 20420 I TimingUtils: Task Timing   8ms, thread ui | task : convertWireProtocol | mutations : 33
10-30 10:54:45.647 20420 20420 I TaskQueue:  - task [HEAD_RESET - d: true, b: 2]: 5
10-30 10:54:45.647 20420 20420 I TaskQueue:  - queueTask starting immediate task
10-30 10:54:45.651 20420 20420 W chromium: [WARNING:compositor_view.cc(315)] Child process died (type=6) pid=20638)
10-30 10:54:45.653   600  3509 D ActivityManager: cleanUpApplicationRecord -- 20583
10-30 10:54:45.658 20420 20420 W chromium: [WARNING:compositor_view.cc(315)] Child process died (type=6) pid=20681)
10-30 10:54:45.659 20420 20420 W chromium: [WARNING:compositor_view.cc(315)] Child process died (type=6) pid=20652)
10-30 10:54:45.661 20420 20420 W chromium: [WARNING:compositor_view.cc(315)] Child process died (type=6) pid=20596)
10-30 10:54:45.662 20420 20420 W chromium: [WARNING:compositor_view.cc(315)] Child process died (type=6) pid=20583)
10-30 10:54:45.672 20420 20475 I TaskQueue: Execute task [HEAD_RESET - d: true, b: 2]: 5
10-30 10:54:45.677 20420 20476 W InstanceID: Instance ID SDK is deprecated, com.android.chrome should update to use Firebase Instance ID
10-30 10:54:45.679 20420 20475 I TaskQueue:  - task [BACKGROUND - d: true, b: 2]: 23
10-30 10:54:45.680 20420 20475 W SessionCache: Persisted Sessions were not found
10-30 10:54:45.685 20420 20475 I PersistentFeedStore: commitSessionMutation - Success true, Update Session $HEAD, stream structures 32
10-30 10:54:45.697 20420 20475 I MainThreadRunner: Running task [SchedulerApiWrapper onReceiveNewContent] on the Main Thread
10-30 10:54:45.697 20420 20475 I MainThreadRunner: Running task [FeedKnownContentImpl onNewContentReceived] on the Main Thread
10-30 10:54:45.698 20420 20475 I SessionManagerMutation: Cleared Head, new creation time 10-30 10:54:45.680
10-30 10:54:45.698 20420 20475 I TimingUtils: Task Timing  25ms, thread background-1 | task : sessionMutation.commitTask:updateConsumer | mutations : 33 | userInitiated : false
10-30 10:54:45.698 20420 20475 I TaskQueue: Cancelling starvation checks
10-30 10:54:45.698 20420 20475 I TaskQueue:  - Finished 5, time 26 ms
10-30 10:54:45.698 20420 20475 I TaskQueue: Execute task [USER_FACING - d: false, b: 2]: 24
10-30 10:54:45.707 20420 20475 I TimeoutSessionImpl: TimeoutSession.populateModelProvider, shouldAppend false
10-30 10:54:45.707 20420 20475 I SessionImpl: PopulateModelProvider 32 items
10-30 10:54:45.708 20420 20475 I FeedModelProvider: FeedModelProvider - committer, structure changes 31, update changes 0
10-30 10:54:45.711 20420 20475 I FeedModelProvider: SyntheticTokenTracker: 0, 11, 11, false
10-30 10:54:45.712 20420 20475 I FeedSessionManagerImpl: Caching getStreamFeatures - items 31, cache misses 0, cache size 31
10-30 10:54:45.714 20420 20475 I FeedModelProvider: Moving _session:26fb02ee-8801-479c-abe9-c5719c656dba to READY
10-30 10:54:45.714 20420 20475 I MainThreadRunner: Running task [FeedModelProvider onSessionStart] on the Main Thread
10-30 10:54:45.715 20420 20420 I FeedModelProvider: No children found for Cursor
10-30 10:54:45.721 20420 20475 I FeedModelProvider: ModelProvider Mutation committed - structure changes 31, childrenToBind 31, removedChildren false, Token false
10-30 10:54:45.755 20420 20475 I FeedSessionManagerImpl: Populate new session: _session:26fb02ee-8801-479c-abe9-c5719c656dba, creation time 10-30 10:54:45.707
10-30 10:54:45.755 20420 20475 I TimingUtils: Task Timing  56ms, thread background-2 | task : Create/Populate New Session
10-30 10:54:45.755 20420 20475 I TaskQueue:  - Finished 24, time 57 ms
10-30 10:54:45.755 20420 20475 I TaskQueue: Execute task [BACKGROUND - d: false, b: 1]: 11
10-30 10:54:45.755 20420 20475 I ContentGc: Re-enqueuing triggerContentGc; attempts(0)
10-30 10:54:45.756 20420 20475 I TaskQueue:  - task [BACKGROUND - d: false, b: 1]: 11
10-30 10:54:45.756 20420 20475 I TaskQueue:  - Finished 11, time 0 ms
10-30 10:54:45.756 20420 20475 I TaskQueue: Execute task [BACKGROUND - d: false, b: 1]: 23
10-30 10:54:45.904 20420 20475 I TimingUtils: Task Timing 147ms, thread background-3 | task : commitContentMutation | mutations : 32
10-30 10:54:45.904 20420 20475 I TimingUtils: Task Timing   0ms, thread background-4 | task : commitSemanticPropertiesMutation | mutations : 0
10-30 10:54:45.904 20420 20475 I TaskQueue:  - Finished 23, time 149 ms
10-30 10:54:45.905 20420 20475 I TaskQueue: Execute task [BACKGROUND - d: false, b: 0]: 11
10-30 10:54:45.906 20420 20475 I SessionCache: Determining accessible content
10-30 10:54:45.909 20420 20475 I TimingUtils: Task Timing   4ms, thread background-5 | task : ContentGc | contentItemsRemoved : 0
10-30 10:54:45.909 20420 20475 I TaskQueue:  - Finished 11, time 4 ms
10-30 10:54:45.929 20420 20480 W chromium: [WARNING:spdy_session.cc(3090)] Received RST for invalid stream1
10-30 10:54:46.126 11473  9933 I Icing   : Usage reports ok 1, Failed Usage reports 0, indexed 0, rejected 0
10-30 10:54:46.127 11473  9933 I Icing   : Removing corpus key com.android.chrome-omnibox for package com.android.chrome
10-30 10:54:46.894   787  1714 W Icing   : isOptedInForAppHistory: empty Account Name encountered
10-30 10:54:46.929   787  1714 W Icing   : isOptedInForAppHistory: empty Account Name encountered
10-30 10:54:47.054 20420 20420 I cr_tabmodel: Appending tabs being restored to metadata lists, 0, startingNormalCount: 2, startingIncognitoCount: 0
10-30 10:54:47.054 20420 20420 I cr_tabmodel: Serializing tab lists; counts: 2, 0
10-30 10:54:47.158   787 19213 W Icing   : isOptedInForAppHistory: empty Account Name encountered
10-30 10:54:47.252 11473  9933 I native  : document-store.cc:1654 Scored 1643 usage reports, missing_corpora 862 update_failed 1
10-30 10:54:47.294 11473  9933 W Icing   : No valid account for uploading user actions
10-30 10:54:47.400 11473  9933 I Icing   : Usage reports ok 1, Failed Usage reports 0, indexed 1, rejected 0
10-30 10:54:47.402 11473  9933 W Icing   : No valid account for uploading user actions
10-30 10:54:47.412 11473  9933 I Icing   : Usage reports ok 0, Failed Usage reports 0, indexed 0, rejected 0
10-30 10:54:47.414 11473  9933 I Icing   : Indexing com.android.chrome-omnibox from com.android.chrome
10-30 10:54:47.481 11473  9933 I Icing   : Indexing done com.android.chrome-omnibox
10-30 10:54:47.499 20420 20474 I cr_omaha: Request to Server Successful. Timestamp for next request:1667127287499
10-30 10:54:47.541 20420 20474 I cr_omaha: Request to Server Successful. Timestamp for next request:1667127287541
10-30 10:54:47.541 20420 20474 I cr_omaha: Attempting to schedule next job for: Sun Oct 30 15:54:47 GMT+01:00 2022
10-30 10:54:47.543 20420 20420 I cr_omaha: Scheduled using JobService
10-30 10:54:47.543 20420 20420 E cr_BkgrdTaskJS: Tried finishing non-current BackgroundTask.
10-30 10:54:48.395 20420 20420 E cr_BTSPrefs: No data found for task id: 53
10-30 10:54:48.395 20420 20420 E cr_BkgrdTaskScheduler: Task cannot be canceled because no data was found instorage or data was invalid
10-30 10:54:52.810 20420 20420 E cr_BTSPrefs: No data found for task id: 57
10-30 10:54:52.810 20420 20420 E cr_BkgrdTaskScheduler: Task cannot be canceled because no data was found instorage or data was invalid
10-30 10:54:52.811 20420 20420 E cr_BTSPrefs: No data found for task id: 56
10-30 10:54:52.811 20420 20420 E cr_BkgrdTaskScheduler: Task cannot be canceled because no data was found instorage or data was invalid
10-30 10:54:57.041 20929 20929 D AndroidRuntime: >>>>>> START com.android.internal.os.RuntimeInit uid 2000 <<<<<<
10-30 10:54:57.044 20929 20929 D AndroidRuntime: CheckJNI is OFF
10-30 10:54:57.109 20929 20929 D ICU     : No timezone override file found: /data/misc/zoneinfo/current/icu/icu_tzdata.dat
10-30 10:54:57.141 20929 20929 I Radio-JNI: register_android_hardware_Radio DONE
10-30 10:54:57.157 20929 20929 D AndroidRuntime: Calling main entry com.android.commands.monkey.Monkey
10-30 10:54:57.227   600   613 W BroadcastQueue: Skipping deliver [background] BroadcastRecord{607580e u-1 android.net.conn.CONNECTIVITY_CHANGE} to ReceiverList{6c8f22f 20929 (unknown name)/2000/u-1 remote:c936310}: process crashing
10-30 10:54:58.779 20929 20929 D MonkeyStub: translateCommand: wake
10-30 10:54:58.889 20929 20929 D MonkeyStub: translateCommand: tap 1156 1096
10-30 10:55:01.181 20929 20929 D MonkeyStub: translateCommand: tap 259 298
10-30 10:55:03.438 20929 20929 D MonkeyStub: translateCommand: tap 777 567
10-30 10:55:04.941   787   787 W GCM     : broadcast intent callback: result=CANCELLED forIntent { act=com.google.android.c2dm.intent.RECEIVE pkg=com.opera.browser (has extras) }
10-30 10:55:05.686 20929 20929 D MonkeyStub: translateCommand: tap 168 1070
10-30 10:55:05.906   787  1258 E AsyncOperation: serviceID=121, operation=GetLaunchDataOperation [CONTEXT service_id=259 ]
10-30 10:55:05.906   787  1258 E AsyncOperation: OperationException[Status{statusCode=Not an instant app, resolution=null}]
10-30 10:55:05.906   787  1258 E AsyncOperation: 	at aeay.a(:com.google.android.gms@203915020@20.39.15 (040406-335085812):20)
10-30 10:55:05.906   787  1258 E AsyncOperation: 	at aain.run(:com.google.android.gms@203915020@20.39.15 (040406-335085812):7)
10-30 10:55:05.906   787  1258 E AsyncOperation: 	at boex.run(:com.google.android.gms@203915020@20.39.15 (040406-335085812):2)
10-30 10:55:05.906   787  1258 E AsyncOperation: 	at sup.b(:com.google.android.gms@203915020@20.39.15 (040406-335085812):12)
10-30 10:55:05.906   787  1258 E AsyncOperation: 	at sup.run(:com.google.android.gms@203915020@20.39.15 (040406-335085812):7)
10-30 10:55:05.906   787  1258 E AsyncOperation: 	at java.util.concurrent.ThreadPoolExecutor.runWorker(ThreadPoolExecutor.java:1133)
10-30 10:55:05.906   787  1258 E AsyncOperation: 	at java.util.concurrent.ThreadPoolExecutor$Worker.run(ThreadPoolExecutor.java:607)
10-30 10:55:05.906   787  1258 E AsyncOperation: 	at tam.run(:com.google.android.gms@203915020@20.39.15 (040406-335085812):0)
10-30 10:55:05.906   787  1258 E AsyncOperation: 	at java.lang.Thread.run(Thread.java:761)
10-30 10:55:06.348   787 28588 W Icing   : isOptedInForAppHistory: empty Account Name encountered
10-30 10:55:06.358   787 28588 W Icing   : isOptedInForAppHistory: empty Account Name encountered
10-30 10:55:06.368   787 11371 W Icing   : isOptedInForAppHistory: empty Account Name encountered
10-30 10:55:06.479 20420 20420 I cr_tabmodel: Appending tabs being restored to metadata lists, 0, startingNormalCount: 2, startingIncognitoCount: 0
10-30 10:55:06.479 20420 20420 I cr_tabmodel: Serializing tab lists; counts: 2, 0
10-30 10:55:13.759 20929 20929 D MonkeyStub: translateCommand: touch down 614 1561
10-30 10:55:13.764 20929 20929 D MonkeyStub: translateCommand: touch move 614 1561
10-30 10:55:13.871 20929 20929 D MonkeyStub: translateCommand: touch move 614 1436
10-30 10:55:13.979 20929 20929 D MonkeyStub: translateCommand: touch move 614 1311
10-30 10:55:14.089 20929 20929 D MonkeyStub: translateCommand: touch move 614 1186
10-30 10:55:14.201 20929 20929 D MonkeyStub: translateCommand: touch move 614 1061
10-30 10:55:14.310 20929 20929 D MonkeyStub: translateCommand: touch move 614 937
10-30 10:55:14.420 20929 20929 D MonkeyStub: translateCommand: touch move 614 812
10-30 10:55:14.538 20929 20929 D MonkeyStub: translateCommand: touch move 614 687
10-30 10:55:14.682 20929 20929 D MonkeyStub: translateCommand: touch move 614 562
10-30 10:55:14.797 20929 20929 D MonkeyStub: translateCommand: touch move 614 437
10-30 10:55:14.909 20929 20929 D MonkeyStub: translateCommand: touch move 614 312
10-30 10:55:14.915 20929 20929 D MonkeyStub: translateCommand: touch up 614 312
10-30 10:55:14.942 20929 20929 D MonkeyStub: translateCommand: touch down 614 1561
10-30 10:55:14.946 20929 20929 D MonkeyStub: translateCommand: touch move 614 1561
10-30 10:55:15.057 20929 20929 D MonkeyStub: translateCommand: touch move 614 1436
10-30 10:55:15.173 20929 20929 D MonkeyStub: translateCommand: touch move 614 1311
10-30 10:55:15.283 20929 20929 D MonkeyStub: translateCommand: touch move 614 1186
10-30 10:55:15.390 20929 20929 D MonkeyStub: translateCommand: touch move 614 1061
10-30 10:55:15.444 11473 11609 I Icing   : IndexChimeraService.getServiceInterface callingPackage=com.android.chrome componentName=null serviceId=36
10-30 10:55:15.457 11473  9933 W Icing   : No valid account for uploading user actions
10-30 10:55:15.490 11473 11995 I Icing   : IndexChimeraService.getServiceInterface callingPackage=com.google.android.gms componentName=null serviceId=30
10-30 10:55:15.501 20929 20929 D MonkeyStub: translateCommand: touch move 614 937
10-30 10:55:15.529 11473  9933 I Icing   : Usage reports ok 1, Failed Usage reports 0, indexed 1, rejected 0
10-30 10:55:15.539 11473  9933 W Icing   : No valid account for uploading user actions
10-30 10:55:15.549 11473  9933 I Icing   : Usage reports ok 0, Failed Usage reports 0, indexed 0, rejected 0
10-30 10:55:15.551 11473  9933 I Icing   : Indexing com.android.chrome-omnibox from com.android.chrome
10-30 10:55:15.580   787   804 I art     : Background partial concurrent mark sweep GC freed 78609(4MB) AllocSpace objects, 0(0B) LOS objects, 39% free, 12MB/21MB, paused 650us total 114.184ms
10-30 10:55:15.594 11473  9933 I Icing   : Indexing done com.android.chrome-omnibox
10-30 10:55:15.615 20929 20929 D MonkeyStub: translateCommand: touch move 614 812
10-30 10:55:15.719 20929 20929 D MonkeyStub: translateCommand: touch move 614 687
10-30 10:55:15.826 20929 20929 D MonkeyStub: translateCommand: touch move 614 562
10-30 10:55:15.936 20929 20929 D MonkeyStub: translateCommand: touch move 614 437
10-30 10:55:16.041 20929 20929 D MonkeyStub: translateCommand: touch move 614 312
10-30 10:55:16.044 20929 20929 D MonkeyStub: translateCommand: touch up 614 312
10-30 10:55:16.568   787 28597 W Icing   : isOptedInForAppHistory: empty Account Name encountered
10-30 10:55:16.581   787 19213 W Icing   : isOptedInForAppHistory: empty Account Name encountered
10-30 10:55:20.227 20929 20929 D MonkeyStub: translateCommand: touch down 614 1561
10-30 10:55:20.250 20929 20929 D MonkeyStub: translateCommand: touch move 614 1561
10-30 10:55:20.360 20929 20929 D MonkeyStub: translateCommand: touch move 614 1436
10-30 10:55:20.468 20929 20929 D MonkeyStub: translateCommand: touch move 614 1311
10-30 10:55:20.580 20929 20929 D MonkeyStub: translateCommand: touch move 614 1186
10-30 10:55:20.712 20929 20929 D MonkeyStub: translateCommand: touch move 614 1061
10-30 10:55:20.818 20929 20929 D MonkeyStub: translateCommand: touch move 614 937
10-30 10:55:20.933 20929 20929 D MonkeyStub: translateCommand: touch move 614 812
10-30 10:55:21.042 20929 20929 D MonkeyStub: translateCommand: touch move 614 687
10-30 10:55:21.147 20929 20929 D MonkeyStub: translateCommand: touch move 614 562
10-30 10:55:21.259 20929 20929 D MonkeyStub: translateCommand: touch move 614 437
10-30 10:55:21.380 20929 20929 D MonkeyStub: translateCommand: touch move 614 312
10-30 10:55:21.384 20929 20929 D MonkeyStub: translateCommand: touch up 614 312
10-30 10:55:23.413 20929 20929 D MonkeyStub: translateCommand: tap 278 93
10-30 10:55:23.537   787  1258 E AsyncOperation: serviceID=121, operation=GetLaunchDataOperation [CONTEXT service_id=259 ]
10-30 10:55:23.537   787  1258 E AsyncOperation: OperationException[Status{statusCode=Not an instant app, resolution=null}]
10-30 10:55:23.537   787  1258 E AsyncOperation: 	at aeay.a(:com.google.android.gms@203915020@20.39.15 (040406-335085812):20)
10-30 10:55:23.537   787  1258 E AsyncOperation: 	at aain.run(:com.google.android.gms@203915020@20.39.15 (040406-335085812):7)
10-30 10:55:23.537   787  1258 E AsyncOperation: 	at boex.run(:com.google.android.gms@203915020@20.39.15 (040406-335085812):2)
10-30 10:55:23.537   787  1258 E AsyncOperation: 	at sup.b(:com.google.android.gms@203915020@20.39.15 (040406-335085812):12)
10-30 10:55:23.537   787  1258 E AsyncOperation: 	at sup.run(:com.google.android.gms@203915020@20.39.15 (040406-335085812):7)
10-30 10:55:23.537   787  1258 E AsyncOperation: 	at java.util.concurrent.ThreadPoolExecutor.runWorker(ThreadPoolExecutor.java:1133)
10-30 10:55:23.537   787  1258 E AsyncOperation: 	at java.util.concurrent.ThreadPoolExecutor$Worker.run(ThreadPoolExecutor.java:607)
10-30 10:55:23.537   787  1258 E AsyncOperation: 	at tam.run(:com.google.android.gms@203915020@20.39.15 (040406-335085812):0)
10-30 10:55:23.537   787  1258 E AsyncOperation: 	at java.lang.Thread.run(Thread.java:761)
10-30 10:55:23.607   600  1081 I ActivityManager: Start proc 20980:com.android.chrome:sandboxed_process19/u0i28 for service com.android.chrome/org.chromium.content.app.SandboxedProcessService19
10-30 10:55:23.696 20980 20980 W boxed_process19: type=1400 audit(0.0:5106): avc: denied { getattr } for path="/data/data/com.android.chrome" dev="dm-2" ino=12190 scontext=u:r:isolated_app:s0:c512,c768 tcontext=u:object_r:app_data_file:s0:c512,c768 tclass=dir permissive=0
10-30 10:55:23.741 20980 20980 I cr_ChildProcessService: Creating new ChildProcessService pid=20980
10-30 10:55:23.789 20980 20994 I cr_LibraryLoader: Loaded native library version number "85.0.4183.127"
10-30 10:55:23.790 20980 20994 I cr_CachingUmaRecorder: Flushed 1 samples from 1 histograms.
10-30 10:55:23.803 20994 20994 W CrUtilityMain: type=1400 audit(0.0:5107): avc: denied { setattr } for name="LICENSE.txt" dev="dm-2" ino=58039 scontext=u:r:isolated_app:s0:c512,c768 tcontext=u:object_r:app_data_file:s0:c512,c768 tclass=file permissive=0
10-30 10:55:23.813 20994 20994 W CrUtilityMain: type=1400 audit(0.0:5108): avc: denied { setattr } for name=46696C746572696E672052756C6573 dev="dm-2" ino=58047 scontext=u:r:isolated_app:s0:c512,c768 tcontext=u:object_r:app_data_file:s0:c512,c768 tclass=file permissive=0
10-30 10:55:23.816 20994 20994 W CrUtilityMain: type=1400 audit(0.0:5109): avc: denied { setattr } for name="manifest.json" dev="dm-2" ino=58791 scontext=u:r:isolated_app:s0:c512,c768 tcontext=u:object_r:app_data_file:s0:c512,c768 tclass=file permissive=0
10-30 10:55:23.820 20994 20994 W CrUtilityMain: type=1400 audit(0.0:5110): avc: denied { setattr } for name="verified_contents.json" dev="dm-2" ino=58607 scontext=u:r:isolated_app:s0:c512,c768 tcontext=u:object_r:app_data_file:s0:c512,c768 tclass=file permissive=0
10-30 10:55:23.843 20980 20980 I cr_ChildProcessService: Destroying ChildProcessService pid=20980
10-30 10:55:23.849 20980 20994 I chromium: [INFO:child_process_service.cc(69)] ChildProcessService: Exiting child process.
10-30 10:55:23.944   600  1076 I ActivityManager: Process com.android.chrome:sandboxed_process19 (pid 20980) has died
10-30 10:55:23.944   600  1076 D ActivityManager: cleanUpApplicationRecord -- 20980
10-30 10:55:23.955 20420 20420 W chromium: [WARNING:compositor_view.cc(315)] Child process died (type=6) pid=20980)
10-30 10:55:24.191   787   806 W Icing   : isOptedInForAppHistory: empty Account Name encountered
10-30 10:55:24.207   787   806 W Icing   : isOptedInForAppHistory: empty Account Name encountered
10-30 10:55:24.275   787 11371 W Icing   : isOptedInForAppHistory: empty Account Name encountered
10-30 10:55:24.511   198   198 E SELinux : avc:  denied  { find } for service=netd pid=21004 uid=2000 scontext=u:r:shell:s0 tcontext=u:object_r:netd_service:s0 tclass=service_manager permissive=0
10-30 10:55:24.515   198   198 E SELinux : avc:  denied  { find } for service=android.service.gatekeeper.IGateKeeperService pid=21004 uid=2000 scontext=u:r:shell:s0 tcontext=u:object_r:gatekeeper_service:s0 tclass=service_manager permissive=0
10-30 10:55:24.531   600  1081 I ActivityManager: Start proc 21005:com.android.chrome:sandboxed_process20/u0i29 for service com.android.chrome/org.chromium.content.app.SandboxedProcessService20
10-30 10:55:24.580 21005 21005 W boxed_process20: type=1400 audit(0.0:5111): avc: denied { getattr } for path="/data/data/com.android.chrome" dev="dm-2" ino=12190 scontext=u:r:isolated_app:s0:c512,c768 tcontext=u:object_r:app_data_file:s0:c512,c768 tclass=dir permissive=0
10-30 10:55:24.605 21005 21005 I cr_ChildProcessService: Creating new ChildProcessService pid=21005
10-30 10:55:24.646 21005 21019 I cr_LibraryLoader: Loaded native library version number "85.0.4183.127"
10-30 10:55:24.647 21005 21019 I cr_CachingUmaRecorder: Flushed 1 samples from 1 histograms.
10-30 10:55:24.690 21019 21019 W CrUtilityMain: type=1400 audit(0.0:5112): avc: denied { setattr } for name="tl_en-us_2022-10-17_483521407_100000_index.bin" dev="dm-2" ino=43781 scontext=u:r:isolated_app:s0:c512,c768 tcontext=u:object_r:app_data_file:s0:c512,c768 tclass=file permissive=0
10-30 10:55:24.690 21019 21019 W CrUtilityMain: type=1400 audit(0.0:5113): avc: denied { setattr } for name="manifest.json" dev="dm-2" ino=59506 scontext=u:r:isolated_app:s0:c512,c768 tcontext=u:object_r:app_data_file:s0:c512,c768 tclass=file permissive=0
10-30 10:55:24.693 21019 21019 W CrUtilityMain: type=1400 audit(0.0:5114): avc: denied { setattr } for name="verified_contents.json" dev="dm-2" ino=60313 scontext=u:r:isolated_app:s0:c512,c768 tcontext=u:object_r:app_data_file:s0:c512,c768 tclass=file permissive=0
10-30 10:55:24.709 21005 21005 I cr_ChildProcessService: Destroying ChildProcessService pid=21005
10-30 10:55:24.714 21005 21019 I chromium: [INFO:child_process_service.cc(69)] ChildProcessService: Exiting child process.
10-30 10:55:24.733   600 24611 I ActivityManager: Process com.android.chrome:sandboxed_process20 (pid 21005) has died
10-30 10:55:24.733   600 24611 D ActivityManager: cleanUpApplicationRecord -- 21005
10-30 10:55:24.745 20420 20420 W chromium: [WARNING:compositor_view.cc(315)] Child process died (type=6) pid=21005)
10-30 10:55:24.861 20420 20420 I cr_tabmodel: Appending tabs being restored to metadata lists, 0, startingNormalCount: 2, startingIncognitoCount: 0
10-30 10:55:24.861 20420 20420 I cr_tabmodel: Serializing tab lists; counts: 2, 0
10-30 10:55:25.640   600  1081 I ActivityManager: Start proc 21025:com.android.chrome:sandboxed_process21/u0i30 for service com.android.chrome/org.chromium.content.app.SandboxedProcessService21
10-30 10:55:25.683 21025 21025 W boxed_process21: type=1400 audit(0.0:5115): avc: denied { getattr } for path="/data/data/com.android.chrome" dev="dm-2" ino=12190 scontext=u:r:isolated_app:s0:c512,c768 tcontext=u:object_r:app_data_file:s0:c512,c768 tclass=dir permissive=0
10-30 10:55:25.707 21025 21025 I cr_ChildProcessService: Creating new ChildProcessService pid=21025
10-30 10:55:25.749 21025 21038 I cr_LibraryLoader: Loaded native library version number "85.0.4183.127"
10-30 10:55:25.749 21025 21038 I cr_CachingUmaRecorder: Flushed 1 samples from 1 histograms.
10-30 10:55:25.756 21038 21038 W CrUtilityMain: type=1400 audit(0.0:5116): avc: denied { setattr } for name="optimization-hints.pb" dev="dm-2" ino=59324 scontext=u:r:isolated_app:s0:c512,c768 tcontext=u:object_r:app_data_file:s0:c512,c768 tclass=file permissive=0
10-30 10:55:25.760 21038 21038 W CrUtilityMain: type=1400 audit(0.0:5117): avc: denied { setattr } for name="manifest.json" dev="dm-2" ino=60293 scontext=u:r:isolated_app:s0:c512,c768 tcontext=u:object_r:app_data_file:s0:c512,c768 tclass=file permissive=0
10-30 10:55:25.760 21038 21038 W CrUtilityMain: type=1400 audit(0.0:5118): avc: denied { setattr } for name="verified_contents.json" dev="dm-2" ino=57642 scontext=u:r:isolated_app:s0:c512,c768 tcontext=u:object_r:app_data_file:s0:c512,c768 tclass=file permissive=0
10-30 10:55:25.773 21025 21038 I chromium: [INFO:child_process_service.cc(69)] ChildProcessService: Exiting child process.
10-30 10:55:25.773   197   197 E lowmemorykiller: Error writing /proc/21025/oom_score_adj; errno=22
10-30 10:55:25.800   600  3994 I ActivityManager: Process com.android.chrome:sandboxed_process21 (pid 21025) has died
10-30 10:55:25.800   600  3994 D ActivityManager: cleanUpApplicationRecord -- 21025
10-30 10:55:25.804 20420 20420 W chromium: [WARNING:compositor_view.cc(315)] Child process died (type=6) pid=21025)
10-30 10:55:26.930   600 24515 I ActivityManager: Start proc 21042:com.android.chrome:sandboxed_process22/u0i31 for service com.android.chrome/org.chromium.content.app.SandboxedProcessService22
10-30 10:55:26.990 21042 21042 W boxed_process22: type=1400 audit(0.0:5119): avc: denied { getattr } for path="/data/data/com.android.chrome" dev="dm-2" ino=12190 scontext=u:r:isolated_app:s0:c512,c768 tcontext=u:object_r:app_data_file:s0:c512,c768 tclass=dir permissive=0
10-30 10:55:27.027 21042 21042 I cr_ChildProcessService: Creating new ChildProcessService pid=21042
10-30 10:55:27.080 21042 21055 I cr_LibraryLoader: Loaded native library version number "85.0.4183.127"
10-30 10:55:27.080 21042 21055 I cr_CachingUmaRecorder: Flushed 1 samples from 1 histograms.
10-30 10:55:27.100 21055 21055 W CrUtilityMain: type=1400 audit(0.0:5120): avc: denied { setattr } for name="crl-set" dev="dm-2" ino=59553 scontext=u:r:isolated_app:s0:c512,c768 tcontext=u:object_r:app_data_file:s0:c512,c768 tclass=file permissive=0
10-30 10:55:27.103 21055 21055 W CrUtilityMain: type=1400 audit(0.0:5121): avc: denied { setattr } for name="manifest.json" dev="dm-2" ino=62863 scontext=u:r:isolated_app:s0:c512,c768 tcontext=u:object_r:app_data_file:s0:c512,c768 tclass=file permissive=0
10-30 10:55:27.103 21055 21055 W CrUtilityMain: type=1400 audit(0.0:5122): avc: denied { setattr } for name="LICENSE" dev="dm-2" ino=23264 scontext=u:r:isolated_app:s0:c512,c768 tcontext=u:object_r:app_data_file:s0:c512,c768 tclass=file permissive=0
10-30 10:55:27.106 21055 21055 W CrUtilityMain: type=1400 audit(0.0:5123): avc: denied { setattr } for name="verified_contents.json" dev="dm-2" ino=23448 scontext=u:r:isolated_app:s0:c512,c768 tcontext=u:object_r:app_data_file:s0:c512,c768 tclass=file permissive=0
10-30 10:55:27.117 21042 21055 I chromium: [INFO:child_process_service.cc(69)] ChildProcessService: Exiting child process.
10-30 10:55:27.133   600  3675 I ActivityManager: Process com.android.chrome:sandboxed_process22 (pid 21042) has died
10-30 10:55:27.133   600  3675 D ActivityManager: cleanUpApplicationRecord -- 21042
10-30 10:55:27.135 20420 20420 W chromium: [WARNING:compositor_view.cc(315)] Child process died (type=6) pid=21042)
10-30 10:55:28.554   600   707 I ActivityManager: Start proc 21059:com.android.chrome:sandboxed_process23/u0i32 for service com.android.chrome/org.chromium.content.app.SandboxedProcessService23
10-30 10:55:28.620 21059 21059 W boxed_process23: type=1400 audit(0.0:5124): avc: denied { getattr } for path="/data/data/com.android.chrome" dev="dm-2" ino=12190 scontext=u:r:isolated_app:s0:c512,c768 tcontext=u:object_r:app_data_file:s0:c512,c768 tclass=dir permissive=0
10-30 10:55:28.655 21059 21059 I cr_ChildProcessService: Creating new ChildProcessService pid=21059
10-30 10:55:28.706 21059 21072 I cr_LibraryLoader: Loaded native library version number "85.0.4183.127"
10-30 10:55:28.707 21059 21072 I cr_CachingUmaRecorder: Flushed 1 samples from 1 histograms.
10-30 10:55:28.716 21072 21072 W CrUtilityMain: type=1400 audit(0.0:5125): avc: denied { setattr } for name="manifest.json" dev="dm-2" ino=57730 scontext=u:r:isolated_app:s0:c512,c768 tcontext=u:object_r:app_data_file:s0:c512,c768 tclass=file permissive=0
10-30 10:55:28.716 21072 21072 W CrUtilityMain: type=1400 audit(0.0:5126): avc: denied { setattr } for name="verified_contents.json" dev="dm-2" ino=60232 scontext=u:r:isolated_app:s0:c512,c768 tcontext=u:object_r:app_data_file:s0:c512,c768 tclass=file permissive=0
10-30 10:55:28.728 21059 21072 I chromium: [INFO:child_process_service.cc(69)] ChildProcessService: Exiting child process.
10-30 10:55:28.743   600 29683 I ActivityManager: Process com.android.chrome:sandboxed_process23 (pid 21059) has died
10-30 10:55:28.743   600 29683 D ActivityManager: cleanUpApplicationRecord -- 21059
10-30 10:55:28.746 20420 20420 W chromium: [WARNING:compositor_view.cc(315)] Child process died (type=6) pid=21059)
10-30 10:55:30.441   600  2707 I ActivityManager: Start proc 21076:com.android.chrome:sandboxed_process24/u0i33 for service com.android.chrome/org.chromium.content.app.SandboxedProcessService24
10-30 10:55:30.513 21076 21076 W boxed_process24: type=1400 audit(0.0:5127): avc: denied { getattr } for path="/data/data/com.android.chrome" dev="dm-2" ino=12190 scontext=u:r:isolated_app:s0:c512,c768 tcontext=u:object_r:app_data_file:s0:c512,c768 tclass=dir permissive=0
10-30 10:55:30.552 21076 21076 I cr_ChildProcessService: Creating new ChildProcessService pid=21076
10-30 10:55:30.594 21076 21089 I cr_LibraryLoader: Loaded native library version number "85.0.4183.127"
10-30 10:55:30.594 21076 21089 I cr_CachingUmaRecorder: Flushed 1 samples from 1 histograms.
10-30 10:55:30.603 21089 21089 W CrUtilityMain: type=1400 audit(0.0:5128): avc: denied { setattr } for name="download_file_types.pb" dev="dm-2" ino=60498 scontext=u:r:isolated_app:s0:c512,c768 tcontext=u:object_r:app_data_file:s0:c512,c768 tclass=file permissive=0
10-30 10:55:30.603 21089 21089 W CrUtilityMain: type=1400 audit(0.0:5129): avc: denied { setattr } for name="manifest.json" dev="dm-2" ino=58938 scontext=u:r:isolated_app:s0:c512,c768 tcontext=u:object_r:app_data_file:s0:c512,c768 tclass=file permissive=0
10-30 10:55:30.606 21089 21089 W CrUtilityMain: type=1400 audit(0.0:5130): avc: denied { setattr } for name="verified_contents.json" dev="dm-2" ino=57688 scontext=u:r:isolated_app:s0:c512,c768 tcontext=u:object_r:app_data_file:s0:c512,c768 tclass=file permissive=0
10-30 10:55:30.613 21076 21089 I chromium: [INFO:child_process_service.cc(69)] ChildProcessService: Exiting child process.
10-30 10:55:30.619   197   197 E lowmemorykiller: Error writing /proc/21076/oom_score_adj; errno=22
10-30 10:55:30.620   600 13631 E JavaBinder: !!! FAILED BINDER TRANSACTION !!!  (parcel size = 76)
10-30 10:55:30.620   600 13631 E JavaBinder: !!! FAILED BINDER TRANSACTION !!!  (parcel size = 576)
10-30 10:55:30.620   600 13631 W ActivityManager: Exception when unbinding service com.android.chrome/org.chromium.content.app.SandboxedProcessService24
10-30 10:55:30.620   600 13631 W ActivityManager: android.os.DeadObjectException: Transaction failed on small parcel; remote process probably died
10-30 10:55:30.620   600 13631 W ActivityManager: 	at android.os.BinderProxy.transactNative(Native Method)
10-30 10:55:30.620   600 13631 W ActivityManager: 	at android.os.BinderProxy.transact(Binder.java:615)
10-30 10:55:30.620   600 13631 W ActivityManager: 	at android.app.ApplicationThreadProxy.scheduleUnbindService(ApplicationThreadNative.java:1016)
10-30 10:55:30.620   600 13631 W ActivityManager: 	at com.android.server.am.ActiveServices.removeConnectionLocked(ActiveServices.java:2175)
10-30 10:55:30.620   600 13631 W ActivityManager: 	at com.android.server.am.ActiveServices.unbindServiceLocked(ActiveServices.java:1163)
10-30 10:55:30.620   600 13631 W ActivityManager: 	at com.android.server.am.ActivityManagerService.unbindService(ActivityManagerService.java:17309)
10-30 10:55:30.620   600 13631 W ActivityManager: 	at android.app.ActivityManagerNative.onTransact(ActivityManagerNative.java:1145)
10-30 10:55:30.620   600 13631 W ActivityManager: 	at com.android.server.am.ActivityManagerService.onTransact(ActivityManagerService.java:2795)
10-30 10:55:30.620   600 13631 W ActivityManager: 	at android.os.Binder.execTransact(Binder.java:565)
10-30 10:55:30.620   600 13631 E JavaBinder: !!! FAILED BINDER TRANSACTION !!!  (parcel size = 76)
10-30 10:55:30.621   197   197 E lowmemorykiller: Error writing /proc/21076/oom_score_adj; errno=22
10-30 10:55:30.621   600 13631 E JavaBinder: !!! FAILED BINDER TRANSACTION !!!  (parcel size = 76)
10-30 10:55:30.628 20420 20420 W chromium: [WARNING:compositor_view.cc(315)] Child process died (type=6) pid=21076)
10-30 10:55:30.628   600 16391 I ActivityManager: Process com.android.chrome:sandboxed_process24 (pid 21076) has died
10-30 10:55:30.628   600 16391 D ActivityManager: cleanUpApplicationRecord -- 21076
10-30 10:55:31.498 20929 20929 D MonkeyStub: translateCommand: touch down 614 1561
10-30 10:55:31.512 20929 20929 D MonkeyStub: translateCommand: touch move 614 1561
10-30 10:55:31.622 20929 20929 D MonkeyStub: translateCommand: touch move 614 1436
10-30 10:55:31.729 20929 20929 D MonkeyStub: translateCommand: touch move 614 1311
10-30 10:55:31.866 20929 20929 D MonkeyStub: translateCommand: touch move 614 1186
10-30 10:55:31.976 20929 20929 D MonkeyStub: translateCommand: touch move 614 1061
10-30 10:55:32.081 20929 20929 D MonkeyStub: translateCommand: touch move 614 937
10-30 10:55:32.192 20929 20929 D MonkeyStub: translateCommand: touch move 614 812
10-30 10:55:32.301 20929 20929 D MonkeyStub: translateCommand: touch move 614 687
10-30 10:55:32.407 20929 20929 D MonkeyStub: translateCommand: touch move 614 562
10-30 10:55:32.515 20929 20929 D MonkeyStub: translateCommand: touch move 614 437
10-30 10:55:32.578   600  1081 I ActivityManager: Start proc 21093:com.android.chrome:sandboxed_process25/u0i34 for service com.android.chrome/org.chromium.content.app.SandboxedProcessService25
10-30 10:55:32.616 21093 21093 W boxed_process25: type=1400 audit(0.0:5131): avc: denied { getattr } for path="/data/data/com.android.chrome" dev="dm-2" ino=12190 scontext=u:r:isolated_app:s0:c512,c768 tcontext=u:object_r:app_data_file:s0:c512,c768 tclass=dir permissive=0
10-30 10:55:32.629 20929 20929 D MonkeyStub: translateCommand: touch move 614 312
10-30 10:55:32.637 20929 20929 D MonkeyStub: translateCommand: touch up 614 312
10-30 10:55:32.661 20929 20929 D MonkeyStub: translateCommand: touch down 614 1561
10-30 10:55:32.664 21093 21093 I cr_ChildProcessService: Creating new ChildProcessService pid=21093
10-30 10:55:32.715 20929 20929 D MonkeyStub: translateCommand: touch move 614 1561
10-30 10:55:32.728 21093 21106 I cr_LibraryLoader: Loaded native library version number "85.0.4183.127"
10-30 10:55:32.728 21093 21106 I cr_CachingUmaRecorder: Flushed 1 samples from 1 histograms.
10-30 10:55:32.740 21106 21106 W CrUtilityMain: type=1400 audit(0.0:5132): avc: denied { setattr } for name="ssl_error_assistant.pb" dev="dm-2" ino=56892 scontext=u:r:isolated_app:s0:c512,c768 tcontext=u:object_r:app_data_file:s0:c512,c768 tclass=file permissive=0
10-30 10:55:32.740 21106 21106 W CrUtilityMain: type=1400 audit(0.0:5133): avc: denied { setattr } for name="manifest.json" dev="dm-2" ino=60186 scontext=u:r:isolated_app:s0:c512,c768 tcontext=u:object_r:app_data_file:s0:c512,c768 tclass=file permissive=0
10-30 10:55:32.743 21106 21106 W CrUtilityMain: type=1400 audit(0.0:5134): avc: denied { setattr } for name="verified_contents.json" dev="dm-2" ino=59494 scontext=u:r:isolated_app:s0:c512,c768 tcontext=u:object_r:app_data_file:s0:c512,c768 tclass=file permissive=0
10-30 10:55:32.755 21093 21106 I chromium: [INFO:child_process_service.cc(69)] ChildProcessService: Exiting child process.
10-30 10:55:32.777   600  9614 I ActivityManager: Process com.android.chrome:sandboxed_process25 (pid 21093) has died
10-30 10:55:32.777   600  9614 D ActivityManager: cleanUpApplicationRecord -- 21093
10-30 10:55:32.778 20420 20420 W chromium: [WARNING:compositor_view.cc(315)] Child process died (type=6) pid=21093)
10-30 10:55:32.821 20929 20929 D MonkeyStub: translateCommand: touch move 614 1436
10-30 10:55:32.931 20929 20929 D MonkeyStub: translateCommand: touch move 614 1311
10-30 10:55:33.042 20929 20929 D MonkeyStub: translateCommand: touch move 614 1186
10-30 10:55:33.150 20929 20929 D MonkeyStub: translateCommand: touch move 614 1061
10-30 10:55:33.259 20929 20929 D MonkeyStub: translateCommand: touch move 614 937
10-30 10:55:33.363 20929 20929 D MonkeyStub: translateCommand: touch move 614 812
10-30 10:55:33.467 20929 20929 D MonkeyStub: translateCommand: touch move 614 687
10-30 10:55:33.573 20929 20929 D MonkeyStub: translateCommand: touch move 614 562
10-30 10:55:33.683 20929 20929 D MonkeyStub: translateCommand: touch move 614 437
10-30 10:55:33.786 20929 20929 D MonkeyStub: translateCommand: touch move 614 312
10-30 10:55:33.791 20929 20929 D MonkeyStub: translateCommand: touch up 614 312
10-30 10:55:35.008   237 21097 I art     : Starting a blocking GC HeapTrim
10-30 10:55:35.021   600 17381 I ActivityManager: Start proc 21111:com.android.chrome:sandboxed_process26/u0i35 for service com.android.chrome/org.chromium.content.app.SandboxedProcessService26
10-30 10:55:35.080 21111 21111 W boxed_process26: type=1400 audit(0.0:5135): avc: denied { getattr } for path="/data/data/com.android.chrome" dev="dm-2" ino=12190 scontext=u:r:isolated_app:s0:c512,c768 tcontext=u:object_r:app_data_file:s0:c512,c768 tclass=dir permissive=0
10-30 10:55:35.121 21111 21111 I cr_ChildProcessService: Creating new ChildProcessService pid=21111
10-30 10:55:35.184 21111 21125 I cr_LibraryLoader: Loaded native library version number "85.0.4183.127"
10-30 10:55:35.185 21111 21125 I cr_CachingUmaRecorder: Flushed 1 samples from 1 histograms.
10-30 10:55:35.203 21125 21125 W CrUtilityMain: type=1400 audit(0.0:5136): avc: denied { setattr } for name="safety_tips.pb" dev="dm-2" ino=60375 scontext=u:r:isolated_app:s0:c512,c768 tcontext=u:object_r:app_data_file:s0:c512,c768 tclass=file permissive=0
10-30 10:55:35.206 21125 21125 W CrUtilityMain: type=1400 audit(0.0:5137): avc: denied { setattr } for name="manifest.json" dev="dm-2" ino=63655 scontext=u:r:isolated_app:s0:c512,c768 tcontext=u:object_r:app_data_file:s0:c512,c768 tclass=file permissive=0
10-30 10:55:35.210 21125 21125 W CrUtilityMain: type=1400 audit(0.0:5138): avc: denied { setattr } for name="verified_contents.json" dev="dm-2" ino=22566 scontext=u:r:isolated_app:s0:c512,c768 tcontext=u:object_r:app_data_file:s0:c512,c768 tclass=file permissive=0
10-30 10:55:35.229 21111 21125 I chromium: [INFO:child_process_service.cc(69)] ChildProcessService: Exiting child process.
10-30 10:55:35.254   600 13631 I ActivityManager: Process com.android.chrome:sandboxed_process26 (pid 21111) has died
10-30 10:55:35.254   600 13631 D ActivityManager: cleanUpApplicationRecord -- 21111
10-30 10:55:35.259 20420 20420 W chromium: [WARNING:compositor_view.cc(315)] Child process died (type=6) pid=21111)
10-30 10:55:37.821   600  1080 I ActivityManager: Start proc 21129:com.android.chrome:sandboxed_process27/u0i36 for service com.android.chrome/org.chromium.content.app.SandboxedProcessService27
10-30 10:55:37.837 20929 20929 D MonkeyStub: translateCommand: touch down 614 1561
10-30 10:55:37.852 20929 20929 D MonkeyStub: translateCommand: touch move 614 1561
10-30 10:55:37.896 21129 21129 W boxed_process27: type=1400 audit(0.0:5139): avc: denied { getattr } for path="/data/data/com.android.chrome" dev="dm-2" ino=12190 scontext=u:r:isolated_app:s0:c512,c768 tcontext=u:object_r:app_data_file:s0:c512,c768 tclass=dir permissive=0
10-30 10:55:37.924 21129 21129 I cr_ChildProcessService: Creating new ChildProcessService pid=21129
10-30 10:55:37.961 21129 21142 I cr_LibraryLoader: Loaded native library version number "85.0.4183.127"
10-30 10:55:37.961 21129 21142 I cr_CachingUmaRecorder: Flushed 1 samples from 1 histograms.
10-30 10:55:37.965 20929 20929 D MonkeyStub: translateCommand: touch move 614 1436
10-30 10:55:37.980 21142 21142 W CrUtilityMain: type=1400 audit(0.0:5140): avc: denied { setattr } for name=5072656C6F61642044617461 dev="dm-2" ino=60508 scontext=u:r:isolated_app:s0:c512,c768 tcontext=u:object_r:app_data_file:s0:c512,c768 tclass=file permissive=0
10-30 10:55:37.980 21142 21142 W CrUtilityMain: type=1400 audit(0.0:5141): avc: denied { setattr } for name="manifest.json" dev="dm-2" ino=59389 scontext=u:r:isolated_app:s0:c512,c768 tcontext=u:object_r:app_data_file:s0:c512,c768 tclass=file permissive=0
10-30 10:55:37.983 21142 21142 W CrUtilityMain: type=1400 audit(0.0:5142): avc: denied { setattr } for name="verified_contents.json" dev="dm-2" ino=17706 scontext=u:r:isolated_app:s0:c512,c768 tcontext=u:object_r:app_data_file:s0:c512,c768 tclass=file permissive=0
10-30 10:55:37.992 21129 21142 I chromium: [INFO:child_process_service.cc(69)] ChildProcessService: Exiting child process.
10-30 10:55:37.995   197   197 E lowmemorykiller: Error writing /proc/21129/oom_score_adj; errno=22
10-30 10:55:38.026   600 27731 I ActivityManager: Process com.android.chrome:sandboxed_process27 (pid 21129) has died
10-30 10:55:38.026   600 27731 D ActivityManager: cleanUpApplicationRecord -- 21129
10-30 10:55:38.034 20420 20420 W chromium: [WARNING:compositor_view.cc(315)] Child process died (type=6) pid=21129)
10-30 10:55:38.072 20929 20929 D MonkeyStub: translateCommand: touch move 614 1311
10-30 10:55:38.180 20929 20929 D MonkeyStub: translateCommand: touch move 614 1186
10-30 10:55:38.292 20929 20929 D MonkeyStub: translateCommand: touch move 614 1061
10-30 10:55:38.398 20929 20929 D MonkeyStub: translateCommand: touch move 614 937
10-30 10:55:38.520 20929 20929 D MonkeyStub: translateCommand: touch move 614 812
10-30 10:55:38.630 20929 20929 D MonkeyStub: translateCommand: touch move 614 687
10-30 10:55:38.737 20929 20929 D MonkeyStub: translateCommand: touch move 614 562
10-30 10:55:38.842 20929 20929 D MonkeyStub: translateCommand: touch move 614 437
10-30 10:55:38.950 20929 20929 D MonkeyStub: translateCommand: touch move 614 312
10-30 10:55:38.957 20929 20929 D MonkeyStub: translateCommand: touch up 614 312
10-30 10:55:40.861   600  1076 I ActivityManager: Start proc 21147:com.android.chrome:sandboxed_process28/u0i37 for service com.android.chrome/org.chromium.content.app.SandboxedProcessService28
10-30 10:55:40.920 21147 21147 W boxed_process28: type=1400 audit(0.0:5143): avc: denied { getattr } for path="/data/data/com.android.chrome" dev="dm-2" ino=12190 scontext=u:r:isolated_app:s0:c512,c768 tcontext=u:object_r:app_data_file:s0:c512,c768 tclass=dir permissive=0
10-30 10:55:40.952 21147 21147 I cr_ChildProcessService: Creating new ChildProcessService pid=21147
10-30 10:55:41.003 21147 21160 I cr_LibraryLoader: Loaded native library version number "85.0.4183.127"
10-30 10:55:41.004 21147 21160 I cr_CachingUmaRecorder: Flushed 1 samples from 1 histograms.
10-30 10:55:41.020 21160 21160 W CrUtilityMain: type=1400 audit(0.0:5144): avc: denied { setattr } for name="tls_deprecation_config.pb" dev="dm-2" ino=58546 scontext=u:r:isolated_app:s0:c512,c768 tcontext=u:object_r:app_data_file:s0:c512,c768 tclass=file permissive=0
10-30 10:55:41.020 21160 21160 W CrUtilityMain: type=1400 audit(0.0:5145): avc: denied { setattr } for name="manifest.json" dev="dm-2" ino=44275 scontext=u:r:isolated_app:s0:c512,c768 tcontext=u:object_r:app_data_file:s0:c512,c768 tclass=file permissive=0
10-30 10:55:41.020 21160 21160 W CrUtilityMain: type=1400 audit(0.0:5146): avc: denied { setattr } for name="verified_contents.json" dev="dm-2" ino=27087 scontext=u:r:isolated_app:s0:c512,c768 tcontext=u:object_r:app_data_file:s0:c512,c768 tclass=file permissive=0
10-30 10:55:41.032 21147 21160 I chromium: [INFO:child_process_service.cc(69)] ChildProcessService: Exiting child process.
10-30 10:55:41.032 21147 21147 I cr_ChildProcessService: Destroying ChildProcessService pid=21147
10-30 10:55:41.050   600  3994 I ActivityManager: Process com.android.chrome:sandboxed_process28 (pid 21147) has died
10-30 10:55:41.050   600  3994 D ActivityManager: cleanUpApplicationRecord -- 21147
10-30 10:55:41.051 20420 20420 W chromium: [WARNING:compositor_view.cc(315)] Child process died (type=6) pid=21147)
10-30 10:55:43.165 20929 20929 D MonkeyStub: translateCommand: touch down 614 1561
10-30 10:55:43.172 20929 20929 D MonkeyStub: translateCommand: touch move 614 1561
10-30 10:55:43.284 20929 20929 D MonkeyStub: translateCommand: touch move 614 1436
10-30 10:55:43.393 20929 20929 D MonkeyStub: translateCommand: touch move 614 1311
10-30 10:55:43.504 20929 20929 D MonkeyStub: translateCommand: touch move 614 1186
10-30 10:55:43.616 20929 20929 D MonkeyStub: translateCommand: touch move 614 1061
10-30 10:55:43.730 20929 20929 D MonkeyStub: translateCommand: touch move 614 937
10-30 10:55:43.850 20929 20929 D MonkeyStub: translateCommand: touch move 614 812
10-30 10:55:43.962 20929 20929 D MonkeyStub: translateCommand: touch move 614 687
10-30 10:55:44.069 20929 20929 D MonkeyStub: translateCommand: touch move 614 562
10-30 10:55:44.177 20929 20929 D MonkeyStub: translateCommand: touch move 614 437
10-30 10:55:44.289 20929 20929 D MonkeyStub: translateCommand: touch move 614 312
10-30 10:55:44.298 20929 20929 D MonkeyStub: translateCommand: touch up 614 312
10-30 10:55:44.309 20929 20929 D MonkeyStub: Quit requested
10-30 10:55:44.332 20929 20929 I art     : System.exit called, status: 101
10-30 10:55:44.332 20929 20929 I AndroidRuntime: VM exiting with result code 101.
10-30 10:55:44.354   600   707 W WindowManager: Attempted to remove non-existing token: android.os.Binder@cb3a03c
10-30 10:55:48.839   600   647 I WifiHAL : Got channel list with 13 channels
10-30 10:55:48.841   600   647 I WifiHAL : Got channel list with 4 channels
10-30 10:55:48.843   600   647 I WifiHAL : Got channel list with 15 channels
10-30 10:55:48.946   787 11371 I NetworkScheduler.Stats: Task com.google.android.gms/com.google.android.gms.telephonyspam.sync.SpamListSyncTaskService started execution. cause:4 exec_start_elapsed_seconds: 75797 [CONTEXT service_id=218 ]
10-30 10:55:48.952 11473 14392 I TelephonySpamChimeraSer: Running Telephony Spam Chimera Service [CONTEXT service_id=150 ]
10-30 10:55:49.030 11473 14392 I TelephonySpamChimeraSer: Cleaning SIP Header local table of old entries [CONTEXT service_id=150 ]
10-30 10:55:49.031 11473 14392 I SpamListSync: Call spam module disabled. Skipping cleaning cache sip header table. [CONTEXT service_id=150 ]
10-30 10:55:49.031 11473 14392 I TelephonySpamChimeraSer: Syncing Call Spam List [CONTEXT service_id=150 ]
10-30 10:55:49.031 11473 14392 I SpamListSync: SpamListSyncChimeraService.syncSpamList called with tag: telephonyspam.SpamListSyncTask, extras: Bundle[{SpamList Type=0, Action=1.0}] [CONTEXT service_id=150 ]
10-30 10:55:49.031 11473 14392 I SpamListSync: Call spam module disabled. Skipping spam list syncing. [CONTEXT service_id=150 ]
10-30 10:55:49.042   787 19213 I NetworkScheduler.Stats: Task com.google.android.gms/com.google.android.gms.telephonyspam.sync.SpamListSyncTaskService finished executing. cause:4 result: 1 elapsed_millis: 138 uptime_millis: 138 exec_start_elapsed_seconds: 75797 [CONTEXT service_id=218 ]
10-30 10:55:49.125   787 11371 I NetworkScheduler.Stats: Task com.google.android.gms/com.google.android.gms.checkin.EventLogService started execution. cause:5 exec_start_elapsed_seconds: 75797 [CONTEXT service_id=218 ]
10-30 10:55:49.139 11473  9933 I Checkin : [EventLogChimeraService] Opted in for usage reporting: false
10-30 10:55:49.140 11473  9933 I Checkin : [EventLogChimeraService] Aggregate from 1667121968684 (log), 1667121968684 (data)
10-30 10:55:49.145   787 19213 I NetworkScheduler.Stats: Task com.google.android.gms/com.google.android.gms.common.stats.net.NetworkReportService started execution. cause:5 exec_start_elapsed_seconds: 75797 [CONTEXT service_id=218 ]
10-30 10:55:49.230 11473  9933 I Checkin : [ServiceDumpSys] dumping service [account]
10-30 10:55:49.256   787 11371 I NetworkScheduler.Stats: Task com.google.android.gms/com.google.android.gms.checkin.EventLogService finished executing. cause:5 result: 1 elapsed_millis: 149 uptime_millis: 149 exec_start_elapsed_seconds: 75797 [CONTEXT service_id=218 ]
10-30 10:55:49.393   787 19213 I NetworkScheduler.Stats: Task com.google.android.gms/com.google.android.gms.common.stats.net.NetworkReportService finished executing. cause:5 result: 1 elapsed_millis: 260 uptime_millis: 261 exec_start_elapsed_seconds: 75797 [CONTEXT service_id=218 ]
10-30 10:55:53.704 11473 11995 I Icing   : IndexChimeraService.getServiceInterface callingPackage=com.android.chrome componentName=null serviceId=36
