10-30 12:35:12.412 26532 26532 I cr_ChildProcessService: Destroying ChildProcessService pid=26532
10-30 12:35:12.525   600  3509 D ActivityManager: cleanUpApplicationRecord -- 26545
10-30 12:35:12.525   600  3509 I ActivityManager: Killing 26532:com.android.chrome:sandboxed_process17/u0a35i718 (adj 0): isolated not needed
10-30 12:35:12.532 26131 26131 W chromium: [WARNING:compositor_view.cc(315)] Child process died (type=6) pid=26545)
10-30 12:35:12.533   600  1082 D ActivityManager: cleanUpApplicationRecord -- 26561
10-30 12:35:12.538 26131 26131 W chromium: [WARNING:compositor_view.cc(315)] Child process died (type=6) pid=26561)
10-30 12:35:12.550   600   611 D ActivityManager: cleanUpApplicationRecord -- 26270
10-30 12:35:12.551 26131 26131 W chromium: [WARNING:compositor_view.cc(315)] Child process died (type=6) pid=26270)
10-30 12:35:12.599 13859 24750 W Icing   : No valid account for uploading user actions
10-30 12:35:12.613   600   713 D ActivityManager: cleanUpApplicationRecord -- 26508
10-30 12:35:12.616 26131 26131 W chromium: [WARNING:compositor_view.cc(315)] Child process died (type=6) pid=26508)
10-30 12:35:12.642 13859 13908 I Icing   : IndexChimeraService.getServiceInterface callingPackage=com.google.android.gms componentName=null serviceId=30
10-30 12:35:12.647   600  1076 D ActivityManager: cleanUpApplicationRecord -- 26355
10-30 12:35:12.651   600  3509 D ActivityManager: cleanUpApplicationRecord -- 26291
10-30 12:35:12.657   600  3675 D ActivityManager: cleanUpApplicationRecord -- 26466
10-30 12:35:12.662 26131 26131 W chromium: [WARNING:compositor_view.cc(315)] Child process died (type=6) pid=26291)
10-30 12:35:12.663   600   610 D ActivityManager: cleanUpApplicationRecord -- 26279
10-30 12:35:12.667 26131 26131 W chromium: [WARNING:compositor_view.cc(315)] Child process died (type=6) pid=26355)
10-30 12:35:12.669 26131 26131 W chromium: [WARNING:compositor_view.cc(315)] Child process died (type=6) pid=26279)
10-30 12:35:12.670 26131 26131 W chromium: [WARNING:compositor_view.cc(315)] Child process died (type=6) pid=26466)
10-30 12:35:12.670   600 24611 D ActivityManager: cleanUpApplicationRecord -- 26425
10-30 12:35:12.673 26131 26131 W chromium: [WARNING:compositor_view.cc(315)] Child process died (type=6) pid=26425)
10-30 12:35:12.676   600  7064 D ActivityManager: cleanUpApplicationRecord -- 26347
10-30 12:35:12.681 26131 26131 W chromium: [WARNING:compositor_view.cc(315)] Child process died (type=6) pid=26347)
10-30 12:35:12.720   600  1076 D ActivityManager: cleanUpApplicationRecord -- 26532
10-30 12:35:12.725 26131 26131 W chromium: [WARNING:compositor_view.cc(315)] Child process died (type=6) pid=26532)
10-30 12:35:12.730   600  7064 D ActivityManager: cleanUpApplicationRecord -- 26500
10-30 12:35:12.740   600 24611 D ActivityManager: cleanUpApplicationRecord -- 26520
10-30 12:35:12.743 26131 26131 W chromium: [WARNING:compositor_view.cc(315)] Child process died (type=6) pid=26520)
10-30 12:35:12.746 26131 26131 W chromium: [WARNING:compositor_view.cc(315)] Child process died (type=6) pid=26500)
10-30 12:35:12.747   600 13631 D ActivityManager: cleanUpApplicationRecord -- 26474
10-30 12:35:12.748 26131 26131 W chromium: [WARNING:compositor_view.cc(315)] Child process died (type=6) pid=26474)
10-30 12:35:12.753   600  3507 D ActivityManager: cleanUpApplicationRecord -- 26305
10-30 12:35:12.757 26131 26131 W chromium: [WARNING:compositor_view.cc(315)] Child process died (type=6) pid=26305)
10-30 12:35:12.774 26415 26415 I dex2oat : dex2oat took 2.284s (threads: 2) arena alloc=1000KB (1024080B) java alloc=100KB (103104B) native alloc=559KB (573272B) free=2000KB (2048168B)
10-30 12:35:12.780 26131 26186 I TaskQueue:  - task [BACKGROUND - d: true, b: 2]: 23
10-30 12:35:12.783 26131 26186 W SessionCache: Persisted Sessions were not found
10-30 12:35:12.788 26131 26186 I PersistentFeedStore: commitSessionMutation - Success true, Update Session $HEAD, stream structures 32
10-30 12:35:12.793 26131 26186 I MainThreadRunner: Running task [SchedulerApiWrapper onReceiveNewContent] on the Main Thread
10-30 12:35:12.804 26131 26186 I MainThreadRunner: Running task [FeedKnownContentImpl onNewContentReceived] on the Main Thread
10-30 12:35:12.805 26131 26186 I SessionManagerMutation: Cleared Head, new creation time 10-30 12:35:12.783
10-30 12:35:12.805 26131 26186 I TimingUtils: Task Timing 890ms, thread background-1 | task : sessionMutation.commitTask:updateConsumer | mutations : 33 | userInitiated : false
10-30 12:35:12.805 26131 26186 I TaskQueue: Cancelling starvation checks
10-30 12:35:12.805 26131 26186 I TaskQueue:  - Finished 5, time 891 ms
10-30 12:35:12.806 26131 26186 I TaskQueue: Execute task [USER_FACING - d: false, b: 2]: 24
10-30 12:35:12.822 26131 26186 I TimeoutSessionImpl: TimeoutSession.populateModelProvider, shouldAppend false
10-30 12:35:12.822 26131 26186 I SessionImpl: PopulateModelProvider 32 items
10-30 12:35:12.822 26131 26186 I FeedModelProvider: FeedModelProvider - committer, structure changes 31, update changes 0
10-30 12:35:12.823 26131 26186 I FeedModelProvider: SyntheticTokenTracker: 0, 11, 11, false
10-30 12:35:12.824 26131 26186 I FeedSessionManagerImpl: Caching getStreamFeatures - items 31, cache misses 0, cache size 31
10-30 12:35:12.824 26131 26186 I FeedModelProvider: Moving _session:05e0035f-000a-4f95-bc1c-11ae6898f739 to READY
10-30 12:35:12.824 26131 26186 I MainThreadRunner: Running task [FeedModelProvider onSessionStart] on the Main Thread
10-30 12:35:12.825 26131 26131 I FeedModelProvider: No children found for Cursor
10-30 12:35:12.829 26131 26186 I FeedModelProvider: ModelProvider Mutation committed - structure changes 31, childrenToBind 31, removedChildren false, Token false
10-30 12:35:12.831 26131 26186 I FeedSessionManagerImpl: Populate new session: _session:05e0035f-000a-4f95-bc1c-11ae6898f739, creation time 10-30 12:35:12.822
10-30 12:35:12.831 26131 26186 I TimingUtils: Task Timing  24ms, thread background-2 | task : Create/Populate New Session
10-30 12:35:12.831 26131 26186 I TaskQueue:  - Finished 24, time 26 ms
10-30 12:35:12.831 26131 26186 I TaskQueue: Execute task [BACKGROUND - d: false, b: 1]: 11
10-30 12:35:12.831 26131 26186 I ContentGc: Re-enqueuing triggerContentGc; attempts(0)
10-30 12:35:12.832 26131 26186 I TaskQueue:  - task [BACKGROUND - d: false, b: 1]: 11
10-30 12:35:12.832 26131 26186 I TaskQueue:  - Finished 11, time 0 ms
10-30 12:35:12.832 26131 26186 I TaskQueue: Execute task [BACKGROUND - d: false, b: 1]: 23
10-30 12:35:12.919   600   611 D ActivityManager: cleanUpApplicationRecord -- 26339
10-30 12:35:13.007 26131 26131 W chromium: [WARNING:compositor_view.cc(315)] Child process died (type=6) pid=26339)
10-30 12:35:13.013 26131 26141 I art     : Background partial concurrent mark sweep GC freed 20712(1089KB) AllocSpace objects, 25(3MB) LOS objects, 39% free, 13MB/22MB, paused 1.489ms total 135.212ms
10-30 12:35:13.042   600  3509 D ActivityManager: cleanUpApplicationRecord -- 26319
10-30 12:35:13.047 26131 26131 W chromium: [WARNING:compositor_view.cc(315)] Child process died (type=6) pid=26319)
10-30 12:35:13.055 26131 26186 I TimingUtils: Task Timing 223ms, thread background-3 | task : commitContentMutation | mutations : 32
10-30 12:35:13.055 26131 26186 I TimingUtils: Task Timing   0ms, thread background-4 | task : commitSemanticPropertiesMutation | mutations : 0
10-30 12:35:13.055 26131 26186 I TaskQueue:  - Finished 23, time 224 ms
10-30 12:35:13.056 26131 26186 I TaskQueue: Execute task [BACKGROUND - d: false, b: 0]: 11
10-30 12:35:13.057 26131 26186 I SessionCache: Determining accessible content
10-30 12:35:13.059 26131 26186 I TimingUtils: Task Timing   3ms, thread background-5 | task : ContentGc | contentItemsRemoved : 0
10-30 12:35:13.059 26131 26186 I TaskQueue:  - Finished 11, time 4 ms
10-30 12:35:13.068 13859 24750 E native  : document-store.cc:1328 Failed to update per-doc-data with usage report
10-30 12:35:13.068 13859 24750 E native  : document-store.cc:1328 Failed to update per-doc-data with usage report
10-30 12:35:13.078 26131 26191 W chromium: [WARNING:spdy_session.cc(3090)] Received RST for invalid stream1
10-30 12:35:13.089 13859 24750 I Icing   : Usage reports ok 1, Failed Usage reports 2, indexed 0, rejected 0
10-30 12:35:13.090 13859 24750 I Icing   : Removing corpus key com.android.chrome-omnibox for package com.android.chrome
10-30 12:35:13.229 13859 24750 I native  : document-store.cc:1654 Scored 1734 usage reports, missing_corpora 914 update_failed 1
10-30 12:35:13.738 13859 24750 W Icing   : No valid account for uploading user actions
10-30 12:35:13.794 13859 24750 I Icing   : Usage reports ok 0, Failed Usage reports 0, indexed 0, rejected 0
10-30 12:35:13.849 13859 24750 W Icing   : No valid account for uploading user actions
10-30 12:35:14.014 26131 26131 I cr_tabmodel: Appending tabs being restored to metadata lists, 0, startingNormalCount: 2, startingIncognitoCount: 0
10-30 12:35:14.014 26131 26131 I cr_tabmodel: Serializing tab lists; counts: 2, 0
10-30 12:35:14.058   787  1245 W Icing   : isOptedInForAppHistory: empty Account Name encountered
10-30 12:35:14.087   787  1245 W Icing   : isOptedInForAppHistory: empty Account Name encountered
10-30 12:35:14.091 13859 24750 I Icing   : Usage reports ok 0, Failed Usage reports 0, indexed 0, rejected 0
10-30 12:35:14.092 13859 24750 I Icing   : Indexing com.android.chrome-omnibox from com.android.chrome
10-30 12:35:14.111   787 16615 W Icing   : isOptedInForAppHistory: empty Account Name encountered
10-30 12:35:14.334 13859 24750 I Icing   : Indexing done com.android.chrome-omnibox
10-30 12:35:14.358 26131 26186 I cr_omaha: Request to Server Successful. Timestamp for next request:1667133314358
10-30 12:35:14.397 26131 26186 I cr_omaha: Request to Server Successful. Timestamp for next request:1667133314397
10-30 12:35:14.397 26131 26186 I cr_omaha: Attempting to schedule next job for: Sun Oct 30 17:35:14 GMT+01:00 2022
10-30 12:35:14.400 26131 26131 I cr_omaha: Scheduled using JobService
10-30 12:35:14.400 26131 26131 E cr_BkgrdTaskJS: Tried finishing non-current BackgroundTask.
10-30 12:35:14.650 26131 26131 E cr_BTSPrefs: No data found for task id: 53
10-30 12:35:14.650 26131 26131 E cr_BkgrdTaskScheduler: Task cannot be canceled because no data was found instorage or data was invalid
10-30 12:35:15.196 26131 26188 W InstanceID: Instance ID SDK is deprecated, com.android.chrome should update to use Firebase Instance ID
10-30 12:35:19.636 26131 26131 E cr_BTSPrefs: No data found for task id: 57
10-30 12:35:19.637 26131 26131 E cr_BkgrdTaskScheduler: Task cannot be canceled because no data was found instorage or data was invalid
10-30 12:35:19.637 26131 26131 E cr_BTSPrefs: No data found for task id: 56
10-30 12:35:19.638 26131 26131 E cr_BkgrdTaskScheduler: Task cannot be canceled because no data was found instorage or data was invalid
10-30 12:35:25.646 26690 26690 D AndroidRuntime: >>>>>> START com.android.internal.os.RuntimeInit uid 2000 <<<<<<
10-30 12:35:25.649 26690 26690 D AndroidRuntime: CheckJNI is OFF
10-30 12:35:25.716 26690 26690 D ICU     : No timezone override file found: /data/misc/zoneinfo/current/icu/icu_tzdata.dat
10-30 12:35:25.747 26690 26690 I Radio-JNI: register_android_hardware_Radio DONE
10-30 12:35:25.763 26690 26690 D AndroidRuntime: Calling main entry com.android.commands.monkey.Monkey
10-30 12:35:25.832   600   613 W BroadcastQueue: Skipping deliver [background] BroadcastRecord{cf6aaac u-1 android.net.conn.CONNECTIVITY_CHANGE} to ReceiverList{a0f4375 26690 (unknown name)/2000/u-1 remote:b2e60fe}: process crashing
10-30 12:35:27.354 26690 26690 D MonkeyStub: translateCommand: wake
10-30 12:35:27.550 26690 26690 D MonkeyStub: translateCommand: tap 1156 1096
10-30 12:35:29.956 26690 26690 D MonkeyStub: translateCommand: tap 259 298
10-30 12:35:32.414 26690 26690 D MonkeyStub: translateCommand: tap 777 567
10-30 12:35:34.473 26690 26690 D MonkeyStub: translateCommand: tap 168 1070
10-30 12:35:34.667   787  1259 E AsyncOperation: serviceID=121, operation=GetLaunchDataOperation [CONTEXT service_id=259 ]
10-30 12:35:34.667   787  1259 E AsyncOperation: OperationException[Status{statusCode=Not an instant app, resolution=null}]
10-30 12:35:34.667   787  1259 E AsyncOperation: 	at aeay.a(:com.google.android.gms@203915020@20.39.15 (040406-335085812):20)
10-30 12:35:34.667   787  1259 E AsyncOperation: 	at aain.run(:com.google.android.gms@203915020@20.39.15 (040406-335085812):7)
10-30 12:35:34.667   787  1259 E AsyncOperation: 	at boex.run(:com.google.android.gms@203915020@20.39.15 (040406-335085812):2)
10-30 12:35:34.667   787  1259 E AsyncOperation: 	at sup.b(:com.google.android.gms@203915020@20.39.15 (040406-335085812):12)
10-30 12:35:34.667   787  1259 E AsyncOperation: 	at sup.run(:com.google.android.gms@203915020@20.39.15 (040406-335085812):7)
10-30 12:35:34.667   787  1259 E AsyncOperation: 	at java.util.concurrent.ThreadPoolExecutor.runWorker(ThreadPoolExecutor.java:1133)
10-30 12:35:34.667   787  1259 E AsyncOperation: 	at java.util.concurrent.ThreadPoolExecutor$Worker.run(ThreadPoolExecutor.java:607)
10-30 12:35:34.667   787  1259 E AsyncOperation: 	at tam.run(:com.google.android.gms@203915020@20.39.15 (040406-335085812):0)
10-30 12:35:34.667   787  1259 E AsyncOperation: 	at java.lang.Thread.run(Thread.java:761)
10-30 12:35:35.185   787  1245 W Icing   : isOptedInForAppHistory: empty Account Name encountered
10-30 12:35:35.190   787  1245 W Icing   : isOptedInForAppHistory: empty Account Name encountered
10-30 12:35:35.207   787 22443 W Icing   : isOptedInForAppHistory: empty Account Name encountered
10-30 12:35:35.366 26131 26131 I cr_tabmodel: Appending tabs being restored to metadata lists, 0, startingNormalCount: 2, startingIncognitoCount: 0
10-30 12:35:35.366 26131 26131 I cr_tabmodel: Serializing tab lists; counts: 2, 0
10-30 12:35:42.529 26690 26690 D MonkeyStub: translateCommand: touch down 614 1561
10-30 12:35:42.546 26690 26690 D MonkeyStub: translateCommand: touch move 614 1561
10-30 12:35:42.651 26690 26690 D MonkeyStub: translateCommand: touch move 614 1436
10-30 12:35:42.762 26690 26690 D MonkeyStub: translateCommand: touch move 614 1311
10-30 12:35:42.870 26690 26690 D MonkeyStub: translateCommand: touch move 614 1186
10-30 12:35:42.979 26690 26690 D MonkeyStub: translateCommand: touch move 614 1061
10-30 12:35:42.993 13859 13908 I Icing   : IndexChimeraService.getServiceInterface callingPackage=com.android.chrome componentName=null serviceId=36
10-30 12:35:43.007 13859 24750 W Icing   : No valid account for uploading user actions
10-30 12:35:43.034 13859 13907 I Icing   : IndexChimeraService.getServiceInterface callingPackage=com.google.android.gms componentName=null serviceId=30
10-30 12:35:43.093 26690 26690 D MonkeyStub: translateCommand: touch move 614 937
10-30 12:35:43.111 13859 24750 I Icing   : Usage reports ok 2, Failed Usage reports 0, indexed 2, rejected 0
10-30 12:35:43.113 13859 24750 W Icing   : No valid account for uploading user actions
10-30 12:35:43.123 13859 24750 I Icing   : Usage reports ok 0, Failed Usage reports 0, indexed 0, rejected 0
10-30 12:35:43.125 13859 24750 I Icing   : Indexing com.android.chrome-omnibox from com.android.chrome
10-30 12:35:43.156 13859 24750 I Icing   : Indexing done com.android.chrome-omnibox
10-30 12:35:43.201 26690 26690 D MonkeyStub: translateCommand: touch move 614 812
10-30 12:35:43.314 26690 26690 D MonkeyStub: translateCommand: touch move 614 687
10-30 12:35:43.423 26690 26690 D MonkeyStub: translateCommand: touch move 614 562
10-30 12:35:43.536 26690 26690 D MonkeyStub: translateCommand: touch move 614 437
10-30 12:35:43.659 26690 26690 D MonkeyStub: translateCommand: touch move 614 312
10-30 12:35:43.678 26690 26690 D MonkeyStub: translateCommand: touch up 614 312
10-30 12:35:43.741 26690 26690 D MonkeyStub: translateCommand: touch down 614 1561
10-30 12:35:43.745 26690 26690 D MonkeyStub: translateCommand: touch move 614 1561
10-30 12:35:43.851 26690 26690 D MonkeyStub: translateCommand: touch move 614 1436
10-30 12:35:43.959 26690 26690 D MonkeyStub: translateCommand: touch move 614 1311
10-30 12:35:44.080 26690 26690 D MonkeyStub: translateCommand: touch move 614 1186
10-30 12:35:44.141   787 28592 W Icing   : isOptedInForAppHistory: empty Account Name encountered
10-30 12:35:44.151   787 16615 W Icing   : isOptedInForAppHistory: empty Account Name encountered
10-30 12:35:44.190 26690 26690 D MonkeyStub: translateCommand: touch move 614 1061
10-30 12:35:44.298 26690 26690 D MonkeyStub: translateCommand: touch move 614 937
10-30 12:35:44.407 26690 26690 D MonkeyStub: translateCommand: touch move 614 812
10-30 12:35:44.512 26690 26690 D MonkeyStub: translateCommand: touch move 614 687
10-30 12:35:44.649 26690 26690 D MonkeyStub: translateCommand: touch move 614 562
10-30 12:35:44.759 26690 26690 D MonkeyStub: translateCommand: touch move 614 437
10-30 12:35:44.868 26690 26690 D MonkeyStub: translateCommand: touch move 614 312
10-30 12:35:44.875 26690 26690 D MonkeyStub: translateCommand: touch up 614 312
10-30 12:35:49.007 26690 26690 D MonkeyStub: translateCommand: touch down 614 1561
10-30 12:35:49.020 26690 26690 D MonkeyStub: translateCommand: touch move 614 1561
10-30 12:35:49.126 26690 26690 D MonkeyStub: translateCommand: touch move 614 1436
10-30 12:35:49.232 26690 26690 D MonkeyStub: translateCommand: touch move 614 1311
10-30 12:35:49.343 26690 26690 D MonkeyStub: translateCommand: touch move 614 1186
10-30 12:35:49.474 26690 26690 D MonkeyStub: translateCommand: touch move 614 1061
10-30 12:35:49.578 26690 26690 D MonkeyStub: translateCommand: touch move 614 937
10-30 12:35:49.690 26690 26690 D MonkeyStub: translateCommand: touch move 614 812
10-30 12:35:49.727   600 17381 I ActivityManager: Start proc 26732:com.android.chrome:sandboxed_process22/u0i723 for service com.android.chrome/org.chromium.content.app.SandboxedProcessService22
10-30 12:35:49.757 26732 26732 W boxed_process22: type=1400 audit(0.0:6271): avc: denied { getattr } for path="/data/data/com.android.chrome" dev="dm-2" ino=12190 scontext=u:r:isolated_app:s0:c512,c768 tcontext=u:object_r:app_data_file:s0:c512,c768 tclass=dir permissive=0
10-30 12:35:49.777 26732 26732 I cr_ChildProcessService: Creating new ChildProcessService pid=26732
10-30 12:35:49.806 26690 26690 D MonkeyStub: translateCommand: touch move 614 687
10-30 12:35:49.824 26732 26745 I cr_LibraryLoader: Loaded native library version number "85.0.4183.127"
10-30 12:35:49.824 26732 26745 I cr_CachingUmaRecorder: Flushed 1 samples from 1 histograms.
10-30 12:35:49.844 26745 26745 W CrUtilityMain: type=1400 audit(0.0:6272): avc: denied { setattr } for name="LICENSE.txt" dev="dm-2" ino=56906 scontext=u:r:isolated_app:s0:c512,c768 tcontext=u:object_r:app_data_file:s0:c512,c768 tclass=file permissive=0
10-30 12:35:49.850 26745 26745 W CrUtilityMain: type=1400 audit(0.0:6273): avc: denied { setattr } for name=46696C746572696E672052756C6573 dev="dm-2" ino=57192 scontext=u:r:isolated_app:s0:c512,c768 tcontext=u:object_r:app_data_file:s0:c512,c768 tclass=file permissive=0
10-30 12:35:49.850 26745 26745 W CrUtilityMain: type=1400 audit(0.0:6274): avc: denied { setattr } for name="manifest.json" dev="dm-2" ino=57160 scontext=u:r:isolated_app:s0:c512,c768 tcontext=u:object_r:app_data_file:s0:c512,c768 tclass=file permissive=0
10-30 12:35:49.850 26745 26745 W CrUtilityMain: type=1400 audit(0.0:6275): avc: denied { setattr } for name="verified_contents.json" dev="dm-2" ino=56913 scontext=u:r:isolated_app:s0:c512,c768 tcontext=u:object_r:app_data_file:s0:c512,c768 tclass=file permissive=0
10-30 12:35:49.868 26732 26745 I chromium: [INFO:child_process_service.cc(69)] ChildProcessService: Exiting child process.
10-30 12:35:49.870 26732 26732 I cr_ChildProcessService: Destroying ChildProcessService pid=26732
10-30 12:35:49.894   600  2707 I ActivityManager: Process com.android.chrome:sandboxed_process22 (pid 26732) has died
10-30 12:35:49.894   600  2707 D ActivityManager: cleanUpApplicationRecord -- 26732
10-30 12:35:49.895 26131 26131 W chromium: [WARNING:compositor_view.cc(315)] Child process died (type=6) pid=26732)
10-30 12:35:49.916 26690 26690 D MonkeyStub: translateCommand: touch move 614 562
10-30 12:35:50.026 26690 26690 D MonkeyStub: translateCommand: touch move 614 437
10-30 12:35:50.150 26690 26690 D MonkeyStub: translateCommand: touch move 614 312
10-30 12:35:50.254 26690 26690 D MonkeyStub: translateCommand: touch up 614 312
10-30 12:35:50.583   600 13631 I ActivityManager: Start proc 26752:com.android.chrome:sandboxed_process23/u0i724 for service com.android.chrome/org.chromium.content.app.SandboxedProcessService23
10-30 12:35:50.620 26752 26752 W boxed_process23: type=1400 audit(0.0:6276): avc: denied { getattr } for path="/data/data/com.android.chrome" dev="dm-2" ino=12190 scontext=u:r:isolated_app:s0:c512,c768 tcontext=u:object_r:app_data_file:s0:c512,c768 tclass=dir permissive=0
10-30 12:35:50.642 26752 26752 I cr_ChildProcessService: Creating new ChildProcessService pid=26752
10-30 12:35:50.679 26752 26765 I cr_LibraryLoader: Loaded native library version number "85.0.4183.127"
10-30 12:35:50.679 26752 26765 I cr_CachingUmaRecorder: Flushed 1 samples from 1 histograms.
10-30 12:35:50.714 26765 26765 W CrUtilityMain: type=1400 audit(0.0:6277): avc: denied { setattr } for name="tl_en-us_2022-10-17_483521407_100000_index.bin" dev="dm-2" ino=57243 scontext=u:r:isolated_app:s0:c512,c768 tcontext=u:object_r:app_data_file:s0:c512,c768 tclass=file permissive=0
10-30 12:35:50.717 26765 26765 W CrUtilityMain: type=1400 audit(0.0:6278): avc: denied { setattr } for name="manifest.json" dev="dm-2" ino=57111 scontext=u:r:isolated_app:s0:c512,c768 tcontext=u:object_r:app_data_file:s0:c512,c768 tclass=file permissive=0
10-30 12:35:50.720 26765 26765 W CrUtilityMain: type=1400 audit(0.0:6279): avc: denied { setattr } for name="verified_contents.json" dev="dm-2" ino=57282 scontext=u:r:isolated_app:s0:c512,c768 tcontext=u:object_r:app_data_file:s0:c512,c768 tclass=file permissive=0
10-30 12:35:50.728 26752 26765 I chromium: [INFO:child_process_service.cc(69)] ChildProcessService: Exiting child process.
10-30 12:35:50.729   197   197 E lowmemorykiller: Error writing /proc/26752/oom_score_adj; errno=22
10-30 12:35:50.749   600  3994 I ActivityManager: Process com.android.chrome:sandboxed_process23 (pid 26752) has died
10-30 12:35:50.749   600  3994 D ActivityManager: cleanUpApplicationRecord -- 26752
10-30 12:35:50.755 26131 26131 W chromium: [WARNING:compositor_view.cc(315)] Child process died (type=6) pid=26752)
10-30 12:35:51.662   600   611 I ActivityManager: Start proc 26773:com.android.chrome:sandboxed_process24/u0i725 for service com.android.chrome/org.chromium.content.app.SandboxedProcessService24
10-30 12:35:51.774 26773 26773 W boxed_process24: type=1400 audit(0.0:6280): avc: denied { getattr } for path="/data/data/com.android.chrome" dev="dm-2" ino=12190 scontext=u:r:isolated_app:s0:c512,c768 tcontext=u:object_r:app_data_file:s0:c512,c768 tclass=dir permissive=0
10-30 12:35:51.797 26773 26773 I cr_ChildProcessService: Creating new ChildProcessService pid=26773
10-30 12:35:51.842 26773 26787 I cr_LibraryLoader: Loaded native library version number "85.0.4183.127"
10-30 12:35:51.845 26773 26787 I cr_CachingUmaRecorder: Flushed 1 samples from 1 histograms.
10-30 12:35:51.857 26787 26787 W CrUtilityMain: type=1400 audit(0.0:6281): avc: denied { setattr } for name="optimization-hints.pb" dev="dm-2" ino=57234 scontext=u:r:isolated_app:s0:c512,c768 tcontext=u:object_r:app_data_file:s0:c512,c768 tclass=file permissive=0
10-30 12:35:51.857 26787 26787 W CrUtilityMain: type=1400 audit(0.0:6282): avc: denied { setattr } for name="manifest.json" dev="dm-2" ino=56927 scontext=u:r:isolated_app:s0:c512,c768 tcontext=u:object_r:app_data_file:s0:c512,c768 tclass=file permissive=0
10-30 12:35:51.860 26787 26787 W CrUtilityMain: type=1400 audit(0.0:6283): avc: denied { setattr } for name="verified_contents.json" dev="dm-2" ino=57133 scontext=u:r:isolated_app:s0:c512,c768 tcontext=u:object_r:app_data_file:s0:c512,c768 tclass=file permissive=0
10-30 12:35:51.866 26773 26787 I chromium: [INFO:child_process_service.cc(69)] ChildProcessService: Exiting child process.
10-30 12:35:51.868   197   197 E lowmemorykiller: Error writing /proc/26773/oom_score_adj; errno=22
10-30 12:35:51.883 26131 26131 W chromium: [WARNING:compositor_view.cc(315)] Child process died (type=6) pid=26773)
10-30 12:35:51.883   600   611 I ActivityManager: Process com.android.chrome:sandboxed_process24 (pid 26773) has died
10-30 12:35:51.883   600   611 D ActivityManager: cleanUpApplicationRecord -- 26773
10-30 12:35:52.486 26690 26690 D MonkeyStub: translateCommand: tap 278 93
10-30 12:35:52.652   787  1259 E AsyncOperation: serviceID=121, operation=GetLaunchDataOperation [CONTEXT service_id=259 ]
10-30 12:35:52.652   787  1259 E AsyncOperation: OperationException[Status{statusCode=Not an instant app, resolution=null}]
10-30 12:35:52.652   787  1259 E AsyncOperation: 	at aeay.a(:com.google.android.gms@203915020@20.39.15 (040406-335085812):20)
10-30 12:35:52.652   787  1259 E AsyncOperation: 	at aain.run(:com.google.android.gms@203915020@20.39.15 (040406-335085812):7)
10-30 12:35:52.652   787  1259 E AsyncOperation: 	at boex.run(:com.google.android.gms@203915020@20.39.15 (040406-335085812):2)
10-30 12:35:52.652   787  1259 E AsyncOperation: 	at sup.b(:com.google.android.gms@203915020@20.39.15 (040406-335085812):12)
10-30 12:35:52.652   787  1259 E AsyncOperation: 	at sup.run(:com.google.android.gms@203915020@20.39.15 (040406-335085812):7)
10-30 12:35:52.652   787  1259 E AsyncOperation: 	at java.util.concurrent.ThreadPoolExecutor.runWorker(ThreadPoolExecutor.java:1133)
10-30 12:35:52.652   787  1259 E AsyncOperation: 	at java.util.concurrent.ThreadPoolExecutor$Worker.run(ThreadPoolExecutor.java:607)
10-30 12:35:52.652   787  1259 E AsyncOperation: 	at tam.run(:com.google.android.gms@203915020@20.39.15 (040406-335085812):0)
10-30 12:35:52.652   787  1259 E AsyncOperation: 	at java.lang.Thread.run(Thread.java:761)
10-30 12:35:53.061   600 16391 I ActivityManager: Start proc 26791:com.android.chrome:sandboxed_process25/u0i726 for service com.android.chrome/org.chromium.content.app.SandboxedProcessService25
10-30 12:35:53.100 26791 26791 W boxed_process25: type=1400 audit(0.0:6284): avc: denied { getattr } for path="/data/data/com.android.chrome" dev="dm-2" ino=12190 scontext=u:r:isolated_app:s0:c512,c768 tcontext=u:object_r:app_data_file:s0:c512,c768 tclass=dir permissive=0
10-30 12:35:53.128 26791 26791 I cr_ChildProcessService: Creating new ChildProcessService pid=26791
10-30 12:35:53.185 26791 26804 I cr_LibraryLoader: Loaded native library version number "85.0.4183.127"
10-30 12:35:53.189 26791 26804 I cr_CachingUmaRecorder: Flushed 1 samples from 1 histograms.
10-30 12:35:53.220 26804 26804 W CrUtilityMain: type=1400 audit(0.0:6285): avc: denied { setattr } for name="crl-set" dev="dm-2" ino=57301 scontext=u:r:isolated_app:s0:c512,c768 tcontext=u:object_r:app_data_file:s0:c512,c768 tclass=file permissive=0
10-30 12:35:53.224 26804 26804 W CrUtilityMain: type=1400 audit(0.0:6286): avc: denied { setattr } for name="manifest.json" dev="dm-2" ino=56968 scontext=u:r:isolated_app:s0:c512,c768 tcontext=u:object_r:app_data_file:s0:c512,c768 tclass=file permissive=0
10-30 12:35:53.224 26804 26804 W CrUtilityMain: type=1400 audit(0.0:6287): avc: denied { setattr } for name="LICENSE" dev="dm-2" ino=57290 scontext=u:r:isolated_app:s0:c512,c768 tcontext=u:object_r:app_data_file:s0:c512,c768 tclass=file permissive=0
10-30 12:35:53.227 26804 26804 W CrUtilityMain: type=1400 audit(0.0:6288): avc: denied { setattr } for name="verified_contents.json" dev="dm-2" ino=56943 scontext=u:r:isolated_app:s0:c512,c768 tcontext=u:object_r:app_data_file:s0:c512,c768 tclass=file permissive=0
10-30 12:35:53.238   787  1620 W Icing   : isOptedInForAppHistory: empty Account Name encountered
10-30 12:35:53.240   600  3994 I ActivityManager: Killing 26791:com.android.chrome:sandboxed_process25/u0a35i726 (adj 0): isolated not needed
10-30 12:35:53.251   787  1620 W Icing   : isOptedInForAppHistory: empty Account Name encountered
10-30 12:35:53.274   600 24611 D ActivityManager: cleanUpApplicationRecord -- 26791
10-30 12:35:53.276 26131 26131 W chromium: [WARNING:compositor_view.cc(315)] Child process died (type=6) pid=26791)
10-30 12:35:53.282   787 22443 W Icing   : isOptedInForAppHistory: empty Account Name encountered
10-30 12:35:53.400 26131 26131 I cr_tabmodel: Appending tabs being restored to metadata lists, 0, startingNormalCount: 2, startingIncognitoCount: 0
10-30 12:35:53.400 26131 26131 I cr_tabmodel: Serializing tab lists; counts: 2, 0
10-30 12:35:54.668   600  1080 I ActivityManager: Start proc 26808:com.android.chrome:sandboxed_process26/u0i727 for service com.android.chrome/org.chromium.content.app.SandboxedProcessService26
10-30 12:35:54.720 26808 26808 W boxed_process26: type=1400 audit(0.0:6289): avc: denied { getattr } for path="/data/data/com.android.chrome" dev="dm-2" ino=12190 scontext=u:r:isolated_app:s0:c512,c768 tcontext=u:object_r:app_data_file:s0:c512,c768 tclass=dir permissive=0
10-30 12:35:54.748 26808 26808 I cr_ChildProcessService: Creating new ChildProcessService pid=26808
10-30 12:35:54.789 26808 26821 I cr_LibraryLoader: Loaded native library version number "85.0.4183.127"
10-30 12:35:54.790 26808 26821 I cr_CachingUmaRecorder: Flushed 1 samples from 1 histograms.
10-30 12:35:54.800 26821 26821 W CrUtilityMain: type=1400 audit(0.0:6290): avc: denied { setattr } for name="manifest.json" dev="dm-2" ino=57421 scontext=u:r:isolated_app:s0:c512,c768 tcontext=u:object_r:app_data_file:s0:c512,c768 tclass=file permissive=0
10-30 12:35:54.804 26821 26821 W CrUtilityMain: type=1400 audit(0.0:6291): avc: denied { setattr } for name="verified_contents.json" dev="dm-2" ino=57670 scontext=u:r:isolated_app:s0:c512,c768 tcontext=u:object_r:app_data_file:s0:c512,c768 tclass=file permissive=0
10-30 12:35:54.815 26808 26821 I chromium: [INFO:child_process_service.cc(69)] ChildProcessService: Exiting child process.
10-30 12:35:54.840   600  3509 I ActivityManager: Process com.android.chrome:sandboxed_process26 (pid 26808) has died
10-30 12:35:54.840   600  3509 D ActivityManager: cleanUpApplicationRecord -- 26808
10-30 12:35:54.842 26131 26131 W chromium: [WARNING:compositor_view.cc(315)] Child process died (type=6) pid=26808)
10-30 12:35:56.481   600 13631 I ActivityManager: Start proc 26828:com.android.chrome:sandboxed_process27/u0i728 for service com.android.chrome/org.chromium.content.app.SandboxedProcessService27
10-30 12:35:56.544 26828 26828 W boxed_process27: type=1400 audit(0.0:6292): avc: denied { getattr } for path="/data/data/com.android.chrome" dev="dm-2" ino=12190 scontext=u:r:isolated_app:s0:c512,c768 tcontext=u:object_r:app_data_file:s0:c512,c768 tclass=dir permissive=0
10-30 12:35:56.581 26828 26828 I cr_ChildProcessService: Creating new ChildProcessService pid=26828
10-30 12:35:56.638 26828 26841 I cr_LibraryLoader: Loaded native library version number "85.0.4183.127"
10-30 12:35:56.639 26828 26841 I cr_CachingUmaRecorder: Flushed 1 samples from 1 histograms.
10-30 12:35:56.654 26841 26841 W CrUtilityMain: type=1400 audit(0.0:6293): avc: denied { setattr } for name="download_file_types.pb" dev="dm-2" ino=57723 scontext=u:r:isolated_app:s0:c512,c768 tcontext=u:object_r:app_data_file:s0:c512,c768 tclass=file permissive=0
10-30 12:35:56.654 26841 26841 W CrUtilityMain: type=1400 audit(0.0:6294): avc: denied { setattr } for name="manifest.json" dev="dm-2" ino=57344 scontext=u:r:isolated_app:s0:c512,c768 tcontext=u:object_r:app_data_file:s0:c512,c768 tclass=file permissive=0
10-30 12:35:56.654 26841 26841 W CrUtilityMain: type=1400 audit(0.0:6295): avc: denied { setattr } for name="verified_contents.json" dev="dm-2" ino=57606 scontext=u:r:isolated_app:s0:c512,c768 tcontext=u:object_r:app_data_file:s0:c512,c768 tclass=file permissive=0
10-30 12:35:56.665 26828 26828 I cr_ChildProcessService: Destroying ChildProcessService pid=26828
10-30 12:35:56.667 26828 26841 I chromium: [INFO:child_process_service.cc(69)] ChildProcessService: Exiting child process.
10-30 12:35:56.690   600  1079 I ActivityManager: Process com.android.chrome:sandboxed_process27 (pid 26828) has died
10-30 12:35:56.690   600  1079 D ActivityManager: cleanUpApplicationRecord -- 26828
10-30 12:35:56.694 26131 26131 W chromium: [WARNING:compositor_view.cc(315)] Child process died (type=6) pid=26828)
10-30 12:35:58.608   600  3507 I ActivityManager: Start proc 26847:com.android.chrome:sandboxed_process28/u0i729 for service com.android.chrome/org.chromium.content.app.SandboxedProcessService28
10-30 12:35:58.664 26847 26847 W boxed_process28: type=1400 audit(0.0:6296): avc: denied { getattr } for path="/data/data/com.android.chrome" dev="dm-2" ino=12190 scontext=u:r:isolated_app:s0:c512,c768 tcontext=u:object_r:app_data_file:s0:c512,c768 tclass=dir permissive=0
10-30 12:35:58.696 26847 26847 I cr_ChildProcessService: Creating new ChildProcessService pid=26847
10-30 12:35:58.751 26847 26860 I cr_LibraryLoader: Loaded native library version number "85.0.4183.127"
10-30 12:35:58.752 26847 26860 I cr_CachingUmaRecorder: Flushed 1 samples from 1 histograms.
10-30 12:35:58.764 26860 26860 W CrUtilityMain: type=1400 audit(0.0:6297): avc: denied { setattr } for name="ssl_error_assistant.pb" dev="dm-2" ino=57470 scontext=u:r:isolated_app:s0:c512,c768 tcontext=u:object_r:app_data_file:s0:c512,c768 tclass=file permissive=0
10-30 12:35:58.764 26860 26860 W CrUtilityMain: type=1400 audit(0.0:6298): avc: denied { setattr } for name="manifest.json" dev="dm-2" ino=57636 scontext=u:r:isolated_app:s0:c512,c768 tcontext=u:object_r:app_data_file:s0:c512,c768 tclass=file permissive=0
10-30 12:35:58.764 26860 26860 W CrUtilityMain: type=1400 audit(0.0:6299): avc: denied { setattr } for name="verified_contents.json" dev="dm-2" ino=57656 scontext=u:r:isolated_app:s0:c512,c768 tcontext=u:object_r:app_data_file:s0:c512,c768 tclass=file permissive=0
10-30 12:35:58.774 26847 26860 I chromium: [INFO:child_process_service.cc(69)] ChildProcessService: Exiting child process.
10-30 12:35:58.775   197   197 E lowmemorykiller: Error writing /proc/26847/oom_score_adj; errno=22
10-30 12:35:58.796   600  1081 I ActivityManager: Process com.android.chrome:sandboxed_process28 (pid 26847) has died
10-30 12:35:58.796   600  1081 D ActivityManager: cleanUpApplicationRecord -- 26847
10-30 12:35:58.799 26131 26131 W chromium: [WARNING:compositor_view.cc(315)] Child process died (type=6) pid=26847)
10-30 12:36:00.333   198   198 E SELinux : avc:  denied  { find } for service=netd pid=26866 uid=2000 scontext=u:r:shell:s0 tcontext=u:object_r:netd_service:s0 tclass=service_manager permissive=0
10-30 12:36:00.339   198   198 E SELinux : avc:  denied  { find } for service=android.service.gatekeeper.IGateKeeperService pid=26866 uid=2000 scontext=u:r:shell:s0 tcontext=u:object_r:gatekeeper_service:s0 tclass=service_manager permissive=0
10-30 12:36:00.531 26690 26690 D MonkeyStub: translateCommand: touch down 614 1561
10-30 12:36:00.546 26690 26690 D MonkeyStub: translateCommand: touch move 614 1561
10-30 12:36:00.654 26690 26690 D MonkeyStub: translateCommand: touch move 614 1436
10-30 12:36:00.778 26690 26690 D MonkeyStub: translateCommand: touch move 614 1311
10-30 12:36:00.891 26690 26690 D MonkeyStub: translateCommand: touch move 614 1186
10-30 12:36:00.983   600 13631 I ActivityManager: Start proc 26867:com.android.chrome:sandboxed_process29/u0i730 for service com.android.chrome/org.chromium.content.app.SandboxedProcessService29
10-30 12:36:00.998 26690 26690 D MonkeyStub: translateCommand: touch move 614 1061
10-30 12:36:01.024 26867 26867 W boxed_process29: type=1400 audit(0.0:6300): avc: denied { getattr } for path="/data/data/com.android.chrome" dev="dm-2" ino=12190 scontext=u:r:isolated_app:s0:c512,c768 tcontext=u:object_r:app_data_file:s0:c512,c768 tclass=dir permissive=0
10-30 12:36:01.049 26867 26867 I cr_ChildProcessService: Creating new ChildProcessService pid=26867
10-30 12:36:01.087 26867 26880 I cr_LibraryLoader: Loaded native library version number "85.0.4183.127"
10-30 12:36:01.087 26867 26880 I cr_CachingUmaRecorder: Flushed 1 samples from 1 histograms.
10-30 12:36:01.100 26880 26880 W CrUtilityMain: type=1400 audit(0.0:6301): avc: denied { setattr } for name="safety_tips.pb" dev="dm-2" ino=57492 scontext=u:r:isolated_app:s0:c512,c768 tcontext=u:object_r:app_data_file:s0:c512,c768 tclass=file permissive=0
10-30 12:36:01.100 26880 26880 W CrUtilityMain: type=1400 audit(0.0:6302): avc: denied { setattr } for name="manifest.json" dev="dm-2" ino=57516 scontext=u:r:isolated_app:s0:c512,c768 tcontext=u:object_r:app_data_file:s0:c512,c768 tclass=file permissive=0
10-30 12:36:01.106 26690 26690 D MonkeyStub: translateCommand: touch move 614 937
10-30 12:36:01.107 26880 26880 W CrUtilityMain: type=1400 audit(0.0:6303): avc: denied { setattr } for name="verified_contents.json" dev="dm-2" ino=57646 scontext=u:r:isolated_app:s0:c512,c768 tcontext=u:object_r:app_data_file:s0:c512,c768 tclass=file permissive=0
10-30 12:36:01.123 26867 26867 I cr_ChildProcessService: Destroying ChildProcessService pid=26867
10-30 12:36:01.123 26867 26880 I chromium: [INFO:child_process_service.cc(69)] ChildProcessService: Exiting child process.
10-30 12:36:01.150   600 29683 I ActivityManager: Process com.android.chrome:sandboxed_process29 (pid 26867) has died
10-30 12:36:01.150   600 29683 D ActivityManager: cleanUpApplicationRecord -- 26867
10-30 12:36:01.152 26131 26131 W chromium: [WARNING:compositor_view.cc(315)] Child process died (type=6) pid=26867)
10-30 12:36:01.213 26690 26690 D MonkeyStub: translateCommand: touch move 614 812
10-30 12:36:01.320 26690 26690 D MonkeyStub: translateCommand: touch move 614 687
10-30 12:36:01.429 26690 26690 D MonkeyStub: translateCommand: touch move 614 562
10-30 12:36:01.541 26690 26690 D MonkeyStub: translateCommand: touch move 614 437
10-30 12:36:01.652 26690 26690 D MonkeyStub: translateCommand: touch move 614 312
10-30 12:36:01.661 26690 26690 D MonkeyStub: translateCommand: touch up 614 312
10-30 12:36:01.691 26690 26690 D MonkeyStub: translateCommand: touch down 614 1561
10-30 12:36:01.697 26690 26690 D MonkeyStub: translateCommand: touch move 614 1561
10-30 12:36:01.804 26690 26690 D MonkeyStub: translateCommand: touch move 614 1436
10-30 12:36:01.913 26690 26690 D MonkeyStub: translateCommand: touch move 614 1311
10-30 12:36:02.022 26690 26690 D MonkeyStub: translateCommand: touch move 614 1186
10-30 12:36:02.132 26690 26690 D MonkeyStub: translateCommand: touch move 614 1061
10-30 12:36:02.238 26690 26690 D MonkeyStub: translateCommand: touch move 614 937
10-30 12:36:02.347 26690 26690 D MonkeyStub: translateCommand: touch move 614 812
10-30 12:36:02.453 26690 26690 D MonkeyStub: translateCommand: touch move 614 687
10-30 12:36:02.587 26690 26690 D MonkeyStub: translateCommand: touch move 614 562
10-30 12:36:02.702 26690 26690 D MonkeyStub: translateCommand: touch move 614 437
10-30 12:36:02.822 26690 26690 D MonkeyStub: translateCommand: touch move 614 312
10-30 12:36:02.826 26690 26690 D MonkeyStub: translateCommand: touch up 614 312
10-30 12:36:03.535   600  7064 I ActivityManager: Start proc 26886:com.android.chrome:sandboxed_process30/u0i731 for service com.android.chrome/org.chromium.content.app.SandboxedProcessService30
10-30 12:36:03.574 26886 26886 W boxed_process30: type=1400 audit(0.0:6304): avc: denied { getattr } for path="/data/data/com.android.chrome" dev="dm-2" ino=12190 scontext=u:r:isolated_app:s0:c512,c768 tcontext=u:object_r:app_data_file:s0:c512,c768 tclass=dir permissive=0
10-30 12:36:03.595 26886 26886 I cr_ChildProcessService: Creating new ChildProcessService pid=26886
10-30 12:36:03.631 26886 26899 I cr_LibraryLoader: Loaded native library version number "85.0.4183.127"
10-30 12:36:03.631 26886 26899 I cr_CachingUmaRecorder: Flushed 1 samples from 1 histograms.
10-30 12:36:03.640 26899 26899 W CrUtilityMain: type=1400 audit(0.0:6305): avc: denied { setattr } for name=5072656C6F61642044617461 dev="dm-2" ino=57573 scontext=u:r:isolated_app:s0:c512,c768 tcontext=u:object_r:app_data_file:s0:c512,c768 tclass=file permissive=0
10-30 12:36:03.644 26899 26899 W CrUtilityMain: type=1400 audit(0.0:6306): avc: denied { setattr } for name="manifest.json" dev="dm-2" ino=57432 scontext=u:r:isolated_app:s0:c512,c768 tcontext=u:object_r:app_data_file:s0:c512,c768 tclass=file permissive=0
10-30 12:36:03.644 26899 26899 W CrUtilityMain: type=1400 audit(0.0:6307): avc: denied { setattr } for name="verified_contents.json" dev="dm-2" ino=57434 scontext=u:r:isolated_app:s0:c512,c768 tcontext=u:object_r:app_data_file:s0:c512,c768 tclass=file permissive=0
10-30 12:36:03.657 26886 26886 I cr_ChildProcessService: Destroying ChildProcessService pid=26886
10-30 12:36:03.658 26886 26899 I chromium: [INFO:child_process_service.cc(69)] ChildProcessService: Exiting child process.
10-30 12:36:03.683   600  9614 I ActivityManager: Process com.android.chrome:sandboxed_process30 (pid 26886) has died
10-30 12:36:03.683   600  9614 D ActivityManager: cleanUpApplicationRecord -- 26886
10-30 12:36:03.684 26131 26131 W chromium: [WARNING:compositor_view.cc(315)] Child process died (type=6) pid=26886)
10-30 12:36:06.277   600  1076 I ActivityManager: Start proc 26905:com.android.chrome:sandboxed_process31/u0i732 for service com.android.chrome/org.chromium.content.app.SandboxedProcessService31
10-30 12:36:06.330 26905 26905 W boxed_process31: type=1400 audit(0.0:6308): avc: denied { getattr } for path="/data/data/com.android.chrome" dev="dm-2" ino=12190 scontext=u:r:isolated_app:s0:c512,c768 tcontext=u:object_r:app_data_file:s0:c512,c768 tclass=dir permissive=0
10-30 12:36:06.366 26905 26905 I cr_ChildProcessService: Creating new ChildProcessService pid=26905
10-30 12:36:06.412 26905 26918 I cr_LibraryLoader: Loaded native library version number "85.0.4183.127"
10-30 12:36:06.413 26905 26918 I cr_CachingUmaRecorder: Flushed 1 samples from 1 histograms.
10-30 12:36:06.424 26918 26918 W CrUtilityMain: type=1400 audit(0.0:6309): avc: denied { setattr } for name="tls_deprecation_config.pb" dev="dm-2" ino=57486 scontext=u:r:isolated_app:s0:c512,c768 tcontext=u:object_r:app_data_file:s0:c512,c768 tclass=file permissive=0
10-30 12:36:06.424 26918 26918 W CrUtilityMain: type=1400 audit(0.0:6310): avc: denied { setattr } for name="manifest.json" dev="dm-2" ino=57595 scontext=u:r:isolated_app:s0:c512,c768 tcontext=u:object_r:app_data_file:s0:c512,c768 tclass=file permissive=0
10-30 12:36:06.427 26918 26918 W CrUtilityMain: type=1400 audit(0.0:6311): avc: denied { setattr } for name="verified_contents.json" dev="dm-2" ino=57475 scontext=u:r:isolated_app:s0:c512,c768 tcontext=u:object_r:app_data_file:s0:c512,c768 tclass=file permissive=0
10-30 12:36:06.435 26905 26905 I cr_ChildProcessService: Destroying ChildProcessService pid=26905
10-30 12:36:06.436 26905 26918 I chromium: [INFO:child_process_service.cc(69)] ChildProcessService: Exiting child process.
10-30 12:36:06.453   600   713 I ActivityManager: Process com.android.chrome:sandboxed_process31 (pid 26905) has died
10-30 12:36:06.453   600   713 D ActivityManager: cleanUpApplicationRecord -- 26905
10-30 12:36:06.456 26131 26131 W chromium: [WARNING:compositor_view.cc(315)] Child process died (type=6) pid=26905)
10-30 12:36:07.027 26690 26690 D MonkeyStub: translateCommand: touch down 614 1561
10-30 12:36:07.036 26690 26690 D MonkeyStub: translateCommand: touch move 614 1561
10-30 12:36:07.147 26690 26690 D MonkeyStub: translateCommand: touch move 614 1436
10-30 12:36:07.256 26690 26690 D MonkeyStub: translateCommand: touch move 614 1311
10-30 12:36:07.365 26690 26690 D MonkeyStub: translateCommand: touch move 614 1186
10-30 12:36:07.474 26690 26690 D MonkeyStub: translateCommand: touch move 614 1061
10-30 12:36:07.842 26690 26690 D MonkeyStub: translateCommand: touch move 614 937
10-30 12:36:07.953 26690 26690 D MonkeyStub: translateCommand: touch move 614 812
10-30 12:36:08.060 26690 26690 D MonkeyStub: translateCommand: touch move 614 687
10-30 12:36:08.169 26690 26690 D MonkeyStub: translateCommand: touch move 614 562
10-30 12:36:08.277 26690 26690 D MonkeyStub: translateCommand: touch move 614 437
10-30 12:36:08.401 26690 26690 D MonkeyStub: translateCommand: touch move 614 312
10-30 12:36:08.408 26690 26690 D MonkeyStub: translateCommand: touch up 614 312
10-30 12:36:12.560 26690 26690 D MonkeyStub: translateCommand: touch down 614 1561
10-30 12:36:12.567 26690 26690 D MonkeyStub: translateCommand: touch move 614 1561
10-30 12:36:12.675 26690 26690 D MonkeyStub: translateCommand: touch move 614 1436
10-30 12:36:12.784 26690 26690 D MonkeyStub: translateCommand: touch move 614 1311
10-30 12:36:12.897 26690 26690 D MonkeyStub: translateCommand: touch move 614 1186
10-30 12:36:13.003 26690 26690 D MonkeyStub: translateCommand: touch move 614 1061
10-30 12:36:13.112 26690 26690 D MonkeyStub: translateCommand: touch move 614 937
10-30 12:36:13.224 26690 26690 D MonkeyStub: translateCommand: touch move 614 812
10-30 12:36:13.334 26690 26690 D MonkeyStub: translateCommand: touch move 614 687
10-30 12:36:13.438 26690 26690 D MonkeyStub: translateCommand: touch move 614 562
10-30 12:36:13.552 26690 26690 D MonkeyStub: translateCommand: touch move 614 437
10-30 12:36:13.661 26690 26690 D MonkeyStub: translateCommand: touch move 614 312
10-30 12:36:13.673 26690 26690 D MonkeyStub: translateCommand: touch up 614 312
10-30 12:36:13.682 26690 26690 D MonkeyStub: Quit requested
10-30 12:36:13.703   600   614 I CwMcuSensor: CwMcuSensor::flush: fd = 210, sensors_id = 0, path = /sys/class/htc_sensorhub/sensor_hub/flush, err = 0
10-30 12:36:13.724 26690 26690 I art     : System.exit called, status: 101
10-30 12:36:13.724 26690 26690 I AndroidRuntime: VM exiting with result code 101.
10-30 12:36:13.749   682   702 I art     : Background sticky concurrent mark sweep GC freed 119631(3MB) AllocSpace objects, 25(500KB) LOS objects, 39% free, 7MB/11MB, paused 10.926ms total 58.381ms
10-30 12:36:13.753   600 13631 W WindowManager: Attempted to remove non-existing token: android.os.Binder@8b8f0a
10-30 12:36:20.189   600   647 I WifiHAL : Got channel list with 13 channels
10-30 12:36:20.192   600   647 I WifiHAL : Got channel list with 4 channels
10-30 12:36:20.195   600   647 I WifiHAL : Got channel list with 15 channels
10-30 12:36:22.792 13859 13907 I Icing   : IndexChimeraService.getServiceInterface callingPackage=com.android.chrome componentName=null serviceId=36
10-30 12:36:22.828 13859 24750 W Icing   : No valid account for uploading user actions
10-30 12:36:22.864 13859 13908 I Icing   : IndexChimeraService.getServiceInterface callingPackage=com.google.android.gms componentName=null serviceId=30
10-30 12:36:22.891 13859 24750 I Icing   : Usage reports ok 2, Failed Usage reports 0, indexed 1, rejected 0
10-30 12:36:22.897 13859 24750 W Icing   : No valid account for uploading user actions
10-30 12:36:22.910 13859 24750 I Icing   : Usage reports ok 0, Failed Usage reports 0, indexed 0, rejected 0
10-30 12:36:22.913 13859 24750 I Icing   : Indexing com.android.chrome-omnibox from com.android.chrome
10-30 12:36:22.938 13859 26668 I Icing   : Indexing done com.android.chrome-omnibox
10-30 12:36:23.940   787  1714 W Icing   : isOptedInForAppHistory: empty Account Name encountered
10-30 12:36:23.973   787 16615 W Icing   : isOptedInForAppHistory: empty Account Name encountered
10-30 12:36:29.789 26942 26942 D AndroidRuntime: >>>>>> START com.android.internal.os.RuntimeInit uid 2000 <<<<<<
10-30 12:36:29.792 26942 26942 D AndroidRuntime: CheckJNI is OFF
10-30 12:36:29.859 26942 26942 D ICU     : No timezone override file found: /data/misc/zoneinfo/current/icu/icu_tzdata.dat
10-30 12:36:29.888 26942 26942 I Radio-JNI: register_android_hardware_Radio DONE
10-30 12:36:29.903 26942 26942 D AndroidRuntime: Calling main entry com.android.commands.am.Am
10-30 12:36:29.919   600   713 I ActivityManager: Force stopping com.android.chrome appid=10035 user=0: from pid 26942
10-30 12:36:29.919   600   713 I ActivityManager: Killing 26192:com.android.chrome:privileged_process0/u0a35 (adj 0): stop com.android.chrome
10-30 12:36:29.919   600   713 D ActivityManager: cleanUpApplicationRecord -- 26192
10-30 12:36:29.920   600   713 W ActivityManager: Scheduling restart of crashed service com.android.chrome/org.chromium.content.app.PrivilegedProcessService0 in 1000ms
10-30 12:36:29.922   600   713 I ActivityManager: Killing 26131:com.android.chrome/u0a35 (adj 0): stop com.android.chrome
10-30 12:36:29.923   600   713 D ActivityManager: cleanUpApplicationRecord -- 26131
10-30 12:36:29.924   600   713 I ActivityManager: Killing 26165:com.android.chrome:sandboxed_process0/u0a35i701 (adj 0): isolated not needed
10-30 12:36:29.927   600   713 W ActivityManager: Force removing ActivityRecord{3c59261 u0 com.android.chrome/com.google.android.apps.chrome.Main t1663}: app died, no saved state
10-30 12:36:29.932 13728 13728 I MemoryTrimmer: Trimming objects from memory, since app is in the background.
10-30 12:36:29.935 26588 26588 I cr_ChildProcessService: Destroying ChildProcessService pid=26588
10-30 12:36:29.936   600   713 I ActivityManager: Killing 26588:com.android.chrome:sandboxed_process21/u0a35i722 (adj 0): isolated not needed
10-30 12:36:29.958 26942 26942 D AndroidRuntime: Shutting down VM
10-30 12:36:29.971  1084  1171 I OpenGLRenderer: Initialized EGL, version 1.4
10-30 12:36:29.972  1084  1171 D OpenGLRenderer: Swap behavior 2
10-30 12:36:30.006  1061  1061 D RegisteredNfcFServicesCache: Service unchanged, not updating
10-30 12:36:30.052 13728 13740 I AttachedClient: Adding client event 2 to pending list.
