10-30 20:20:14.446  2902  2956 I FeedRequestManagerImpl: Capability: CLICK_ACTION
10-30 20:20:14.446  2902  2956 I FeedRequestManagerImpl: Capability: VIEW_ACTION
10-30 20:20:14.446  2902  2956 I FeedRequestManagerImpl: Capability: REPORT_FEED_USER_ACTIONS_NOTICE_CARD
10-30 20:20:14.446  2902  2956 I FeedRequestManagerImpl: Capability: BASE_UI
10-30 20:20:14.447  2902  2956 I FeedRequestManagerImpl: Making Request: /httpservice/noretry/DiscoverClankService/FeedQuery
10-30 20:20:14.447  2902  2956 I MainThreadRunner: Running task [NetworkClientWrapper send] on the Main Thread
10-30 20:20:14.447  2902  2956 I TaskQueue:  - Finished 27, time 2 ms
10-30 20:20:14.481  3310  3310 I cr_ChildProcessService: Creating new ChildProcessService pid=3310
10-30 20:20:14.506  3304  3304 I cr_ChildProcessService: Creating new ChildProcessService pid=3304
10-30 20:20:14.522  3323  3323 I cr_ChildProcessService: Creating new ChildProcessService pid=3323
10-30 20:20:14.538  3269  3376 I cr_LibraryLoader: Loaded native library version number "85.0.4183.127"
10-30 20:20:14.539  3269  3376 I cr_CachingUmaRecorder: Flushed 1 samples from 1 histograms.
10-30 20:20:14.546  3350  3350 W boxed_process20: type=1400 audit(0.0:8452): avc: denied { getattr } for path="/data/data/com.android.chrome" dev="dm-2" ino=12190 scontext=u:r:isolated_app:s0:c512,c768 tcontext=u:object_r:app_data_file:s0:c512,c768 tclass=dir permissive=0
10-30 20:20:14.571  3337  3337 I cr_ChildProcessService: Creating new ChildProcessService pid=3337
10-30 20:20:14.572  3364  3364 W boxed_process21: type=1400 audit(0.0:8453): avc: denied { getattr } for path="/data/data/com.android.chrome" dev="dm-2" ino=12190 scontext=u:r:isolated_app:s0:c512,c768 tcontext=u:object_r:app_data_file:s0:c512,c768 tclass=dir permissive=0
10-30 20:20:14.600  3284  3375 I cr_LibraryLoader: Loaded native library version number "85.0.4183.127"
10-30 20:20:14.600  3284  3375 I cr_CachingUmaRecorder: Flushed 1 samples from 1 histograms.
10-30 20:20:14.639  3350  3350 I cr_ChildProcessService: Creating new ChildProcessService pid=3350
10-30 20:20:14.643   600   609 I art     : Background partial concurrent mark sweep GC freed 39478(2MB) AllocSpace objects, 23(596KB) LOS objects, 33% free, 16MB/24MB, paused 3.998ms total 489.347ms
10-30 20:20:14.663  3269  3376 I chromium: [INFO:child_process_service.cc(69)] ChildProcessService: Exiting child process.
10-30 20:20:14.664   197   197 E lowmemorykiller: Error writing /proc/3269/oom_score_adj; errno=22
10-30 20:20:14.680  3227  3227 I cr_ChildProcessService: Destroying ChildProcessService pid=3227
10-30 20:20:14.689  3364  3364 I cr_ChildProcessService: Creating new ChildProcessService pid=3364
10-30 20:20:14.710  3304  3399 I cr_LibraryLoader: Loaded native library version number "85.0.4183.127"
10-30 20:20:14.711  3304  3399 I cr_CachingUmaRecorder: Flushed 1 samples from 1 histograms.
10-30 20:20:14.741  3323  3400 I cr_LibraryLoader: Loaded native library version number "85.0.4183.127"
10-30 20:20:14.741  3323  3400 I cr_CachingUmaRecorder: Flushed 1 samples from 1 histograms.
10-30 20:20:14.762  3364  3411 I cr_LibraryLoader: Loaded native library version number "85.0.4183.127"
10-30 20:20:14.762  3364  3411 I cr_CachingUmaRecorder: Flushed 1 samples from 1 histograms.
10-30 20:20:14.763  3310  3398 I cr_LibraryLoader: Loaded native library version number "85.0.4183.127"
10-30 20:20:14.766  3310  3398 I cr_CachingUmaRecorder: Flushed 1 samples from 1 histograms.
10-30 20:20:14.772  3337  3401 I cr_LibraryLoader: Loaded native library version number "85.0.4183.127"
10-30 20:20:14.772  3337  3401 I cr_CachingUmaRecorder: Flushed 1 samples from 1 histograms.
10-30 20:20:14.850  3323  3400 I chromium: [INFO:child_process_service.cc(69)] ChildProcessService: Exiting child process.
10-30 20:20:14.851   197   197 E lowmemorykiller: Error writing /proc/3323/oom_score_adj; errno=22
10-30 20:20:14.870  3304  3304 I cr_ChildProcessService: Destroying ChildProcessService pid=3304
10-30 20:20:14.881  3350  3405 I cr_LibraryLoader: Loaded native library version number "85.0.4183.127"
10-30 20:20:14.881  3350  3405 I cr_CachingUmaRecorder: Flushed 1 samples from 1 histograms.
10-30 20:20:14.897  3337  3401 I chromium: [INFO:child_process_service.cc(69)] ChildProcessService: Exiting child process.
10-30 20:20:14.898   197   197 E lowmemorykiller: Error writing /proc/3337/oom_score_adj; errno=22
10-30 20:20:14.916  3210  3210 I cr_ChildProcessService: Destroying ChildProcessService pid=3210
10-30 20:20:14.964  3350  3405 I chromium: [INFO:child_process_service.cc(69)] ChildProcessService: Exiting child process.
10-30 20:20:14.965   197   197 E lowmemorykiller: Error writing /proc/3350/oom_score_adj; errno=22
10-30 20:20:14.975  3284  3284 I cr_ChildProcessService: Destroying ChildProcessService pid=3284
10-30 20:20:15.008  3310  3310 I cr_ChildProcessService: Destroying ChildProcessService pid=3310
10-30 20:20:15.028  3246  3246 I cr_ChildProcessService: Destroying ChildProcessService pid=3246
10-30 20:20:15.030  3215  3215 I cr_ChildProcessService: Destroying ChildProcessService pid=3215
10-30 20:20:15.032   600 13557 D ActivityManager: cleanUpApplicationRecord -- 3105
10-30 20:20:15.032   600 13557 I ActivityManager: Killing 3350:com.android.chrome:sandboxed_process20/u0a35i879 (adj 0): isolated not needed
10-30 20:20:15.032   600 13557 I ActivityManager: Killing 3337:com.android.chrome:sandboxed_process19/u0a35i878 (adj 0): isolated not needed
10-30 20:20:15.032   600 13557 I ActivityManager: Killing 3310:com.android.chrome:sandboxed_process17/u0a35i876 (adj 0): isolated not needed
10-30 20:20:15.032   600 13557 I ActivityManager: Killing 3323:com.android.chrome:sandboxed_process18/u0a35i877 (adj 0): isolated not needed
10-30 20:20:15.032   600 13557 I ActivityManager: Killing 3304:com.android.chrome:sandboxed_process16/u0a35i875 (adj 0): isolated not needed
10-30 20:20:15.033   600 13557 I ActivityManager: Killing 3284:com.android.chrome:sandboxed_process15/u0a35i874 (adj 0): isolated not needed
10-30 20:20:15.033   600 13557 I ActivityManager: Killing 3269:com.android.chrome:sandboxed_process14/u0a35i873 (adj 0): isolated not needed
10-30 20:20:15.033   600 13557 I ActivityManager: Killing 3227:com.android.chrome:sandboxed_process12/u0a35i871 (adj 0): isolated not needed
10-30 20:20:15.033   600 13557 I ActivityManager: Killing 3210:com.android.chrome:sandboxed_process10/u0a35i869 (adj 0): isolated not needed
10-30 20:20:15.033   600 13557 I ActivityManager: Killing 3246:com.android.chrome:sandboxed_process13/u0a35i872 (adj 0): isolated not needed
10-30 20:20:15.033   600 13557 I ActivityManager: Killing 3215:com.android.chrome:sandboxed_process11/u0a35i870 (adj 0): isolated not needed
10-30 20:20:15.043   600 24611 D ActivityManager: cleanUpApplicationRecord -- 3323
10-30 20:20:15.054   600  9614 D ActivityManager: cleanUpApplicationRecord -- 3269
10-30 20:20:15.063   600  1080 D ActivityManager: cleanUpApplicationRecord -- 3350
10-30 20:20:15.064   600 24515 D ActivityManager: cleanUpApplicationRecord -- 3091
10-30 20:20:15.068  2902  2902 W chromium: [WARNING:compositor_view.cc(315)] Child process died (type=6) pid=3105)
10-30 20:20:15.069  2902  2902 W chromium: [WARNING:compositor_view.cc(315)] Child process died (type=6) pid=3269)
10-30 20:20:15.069  2902  2902 W chromium: [WARNING:compositor_view.cc(315)] Child process died (type=6) pid=3323)
10-30 20:20:15.085  2902  2902 W chromium: [WARNING:compositor_view.cc(315)] Child process died (type=6) pid=3350)
10-30 20:20:15.105  2902  2902 W chromium: [WARNING:compositor_view.cc(315)] Child process died (type=6) pid=3091)
10-30 20:20:15.231   600  3675 D ActivityManager: cleanUpApplicationRecord -- 3073
10-30 20:20:15.279  2902  2902 W chromium: [WARNING:compositor_view.cc(315)] Child process died (type=6) pid=3073)
10-30 20:20:15.387   600  3994 D ActivityManager: cleanUpApplicationRecord -- 3131
10-30 20:20:15.389  2902  2902 W chromium: [WARNING:compositor_view.cc(315)] Child process died (type=6) pid=3131)
10-30 20:20:15.461  2902  2902 W chromium: [WARNING:compositor_view.cc(315)] Child process died (type=6) pid=3037)
10-30 20:20:16.088   600 27731 D ActivityManager: cleanUpApplicationRecord -- 3037
10-30 20:20:16.280   600  3507 D ActivityManager: cleanUpApplicationRecord -- 3304
10-30 20:20:16.307  2902  2902 W chromium: [WARNING:compositor_view.cc(315)] Child process died (type=6) pid=3304)
10-30 20:20:16.337  2902  2902 I cr_tabmodel: Appending tabs being restored to metadata lists, 0, startingNormalCount: 2, startingIncognitoCount: 0
10-30 20:20:16.337  2902  2902 I cr_tabmodel: Serializing tab lists; counts: 2, 0
10-30 20:20:16.358   600  3994 D ActivityManager: cleanUpApplicationRecord -- 3215
10-30 20:20:16.416   600  1076 D ActivityManager: cleanUpApplicationRecord -- 3227
10-30 20:20:16.436 29332 29902 I Icing   : IndexChimeraService.getServiceInterface callingPackage=com.google.android.gms componentName=null serviceId=30
10-30 20:20:16.444   787  1245 W Icing   : isOptedInForAppHistory: empty Account Name encountered
10-30 20:20:16.454  2902  2902 W chromium: [WARNING:compositor_view.cc(315)] Child process died (type=6) pid=3215)
10-30 20:20:16.459  2902  2902 W chromium: [WARNING:compositor_view.cc(315)] Child process died (type=6) pid=3227)
10-30 20:20:16.463   787  1245 W Icing   : isOptedInForAppHistory: empty Account Name encountered
10-30 20:20:16.486   787  1557 W Icing   : isOptedInForAppHistory: empty Account Name encountered
10-30 20:20:16.515   787   804 I art     : Background partial concurrent mark sweep GC freed 54176(2MB) AllocSpace objects, 1(16KB) LOS objects, 39% free, 11MB/19MB, paused 546us total 107.838ms
10-30 20:20:16.521  2902  2902 W chromium: [WARNING:compositor_view.cc(315)] Child process died (type=6) pid=3098)
10-30 20:20:16.521   600   707 D ActivityManager: cleanUpApplicationRecord -- 3098
10-30 20:20:16.527   600 17381 D ActivityManager: cleanUpApplicationRecord -- 3337
10-30 20:20:16.532   600  1082 D ActivityManager: cleanUpApplicationRecord -- 3210
10-30 20:20:16.538   600  3509 D ActivityManager: cleanUpApplicationRecord -- 3284
10-30 20:20:16.541  2902  2902 W chromium: [WARNING:compositor_view.cc(315)] Child process died (type=6) pid=3337)
10-30 20:20:16.542  2902  2902 W chromium: [WARNING:compositor_view.cc(315)] Child process died (type=6) pid=3210)
10-30 20:20:16.542  2902  2902 W chromium: [WARNING:compositor_view.cc(315)] Child process died (type=6) pid=3284)
10-30 20:20:16.543   600 24515 D ActivityManager: cleanUpApplicationRecord -- 3246
10-30 20:20:16.548  2902  2902 W chromium: [WARNING:compositor_view.cc(315)] Child process died (type=6) pid=3246)
10-30 20:20:16.550   600   707 D ActivityManager: cleanUpApplicationRecord -- 3310
10-30 20:20:16.555  2902  2902 W chromium: [WARNING:compositor_view.cc(315)] Child process died (type=6) pid=3310)
10-30 20:20:16.689 29332 29692 I native  : document-store.cc:1654 Scored 1898 usage reports, missing_corpora 1010 update_failed 1
10-30 20:20:16.741 29332 29692 W Icing   : No valid account for uploading user actions
10-30 20:20:16.750  2902  2957 I cr_omaha: Request to Server Successful. Timestamp for next request:1667161216750
10-30 20:20:16.784  2902  2957 I cr_omaha: Request to Server Successful. Timestamp for next request:1667161216784
10-30 20:20:16.785  2902  2957 I cr_omaha: Attempting to schedule next job for: Mon Oct 31 01:20:16 GMT+01:00 2022
10-30 20:20:16.787  2902  2902 I cr_omaha: Scheduled using JobService
10-30 20:20:16.788  2902  2902 E cr_BkgrdTaskJS: Tried finishing non-current BackgroundTask.
10-30 20:20:16.794 29332 29692 E native  : document-store.cc:1328 Failed to update per-doc-data with usage report
10-30 20:20:16.795 29332 29692 E native  : document-store.cc:1328 Failed to update per-doc-data with usage report
10-30 20:20:16.795 29332 29692 E native  : document-store.cc:1328 Failed to update per-doc-data with usage report
10-30 20:20:16.796 29332 29692 E native  : document-store.cc:1328 Failed to update per-doc-data with usage report
10-30 20:20:16.855 29332 29692 I Icing   : Usage reports ok 2, Failed Usage reports 4, indexed 1, rejected 0
10-30 20:20:16.857 29332 29692 W Icing   : No valid account for uploading user actions
10-30 20:20:16.865 29332 29692 I Icing   : Usage reports ok 0, Failed Usage reports 0, indexed 0, rejected 0
10-30 20:20:16.867 29332 29692 W Icing   : No valid account for uploading user actions
10-30 20:20:16.875 29332 29692 I Icing   : Usage reports ok 0, Failed Usage reports 0, indexed 0, rejected 0
10-30 20:20:16.876 29332 29692 I Icing   : Indexing com.android.chrome-omnibox from com.android.chrome
10-30 20:20:16.929 29332 29692 I Icing   : Indexing done com.android.chrome-omnibox
10-30 20:20:17.209  2902  2902 E cr_BTSPrefs: No data found for task id: 53
10-30 20:20:17.209  2902  2902 E cr_BkgrdTaskScheduler: Task cannot be canceled because no data was found instorage or data was invalid
10-30 20:20:18.575  2902  2957 W InstanceID: Instance ID SDK is deprecated, com.android.chrome should update to use Firebase Instance ID
10-30 20:20:20.233  2902  2902 I TaskQueue:  * Starvation Check, last task 10-30 20:20:14.447
10-30 20:20:20.233  2902  2902 I MainThreadRunner: Running task [StarvationChecks] on the Main Thread with a delay of 6000 milliseconds
10-30 20:20:21.966  2902  2902 E cr_BTSPrefs: No data found for task id: 57
10-30 20:20:21.966  2902  2902 E cr_BkgrdTaskScheduler: Task cannot be canceled because no data was found instorage or data was invalid
10-30 20:20:21.968  2902  2902 E cr_BTSPrefs: No data found for task id: 56
10-30 20:20:21.968  2902  2902 E cr_BkgrdTaskScheduler: Task cannot be canceled because no data was found instorage or data was invalid
10-30 20:20:26.233  2902  2902 I TaskQueue:  * Starvation Check, last task 10-30 20:20:14.447
10-30 20:20:26.233  2902  2902 I MainThreadRunner: Running task [StarvationChecks] on the Main Thread with a delay of 6000 milliseconds
10-30 20:20:27.144  3472  3472 D AndroidRuntime: >>>>>> START com.android.internal.os.RuntimeInit uid 2000 <<<<<<
10-30 20:20:27.148  3472  3472 D AndroidRuntime: CheckJNI is OFF
10-30 20:20:27.213  3472  3472 D ICU     : No timezone override file found: /data/misc/zoneinfo/current/icu/icu_tzdata.dat
10-30 20:20:27.245  3472  3472 I Radio-JNI: register_android_hardware_Radio DONE
10-30 20:20:27.260  3472  3472 D AndroidRuntime: Calling main entry com.android.commands.monkey.Monkey
10-30 20:20:27.328   600   613 W BroadcastQueue: Skipping deliver [background] BroadcastRecord{4152105 u-1 android.net.conn.CONNECTIVITY_CHANGE} to ReceiverList{becc55a 3472 (unknown name)/2000/u-1 remote:86e7f6f}: process crashing
10-30 20:20:28.875  3472  3472 D MonkeyStub: translateCommand: wake
10-30 20:20:29.036  3472  3472 D MonkeyStub: translateCommand: tap 1156 1096
10-30 20:20:29.917  2902  2902 I FeedRequestManagerImpl: Request: /httpservice/noretry/DiscoverClankService/FeedQuery completed with response code: 200
10-30 20:20:29.918  2902  2902 I TaskQueue:  - task [IMMEDIATE - d: true, b: 0]: 15
10-30 20:20:29.918  2902  2902 I TaskQueue:  - queueTask starting immediate task
10-30 20:20:29.918  2902  2957 I TaskQueue: Execute task [IMMEDIATE - d: true, b: 0]: 15
10-30 20:20:29.943  2902  2957 I MainThreadRunner: Running task [FeedRequestManagerImpl consumer] on the Main Thread
10-30 20:20:29.944  2902  2957 I TaskQueue:  - Finished 15, time 26 ms
10-30 20:20:29.944  2902  2902 I FeedProtocolAdapter: createModel, operations 33
10-30 20:20:29.950  2902  2902 I TimingUtils: Task Timing   5ms, thread ui | task : convertWireProtocol | mutations : 33
10-30 20:20:29.951  2902  2902 I TaskQueue:  - task [HEAD_RESET - d: true, b: 0]: 5
10-30 20:20:29.951  2902  2902 I TaskQueue:  - queueTask starting immediate task
10-30 20:20:29.951  2902  2957 I TaskQueue: Execute task [HEAD_RESET - d: true, b: 0]: 5
10-30 20:20:29.954  2902  2957 I TaskQueue:  - task [BACKGROUND - d: true, b: 0]: 23
10-30 20:20:29.958  2902  2957 I PersistentFeedStore: commitSessionMutation - Success true, Update Session $HEAD, stream structures 32
10-30 20:20:29.960  2902  2957 I MainThreadRunner: Running task [SchedulerApiWrapper onReceiveNewContent] on the Main Thread
10-30 20:20:29.961  2902  2957 I MainThreadRunner: Running task [FeedKnownContentImpl onNewContentReceived] on the Main Thread
10-30 20:20:29.961  2902  2957 I SessionManagerMutation: Cleared Head, new creation time 10-30 20:20:29.955
10-30 20:20:29.961  2902  2957 I SessionManagerMutation: Update Session _session:511177da-d283-40c6-a549-5f838bd805af
10-30 20:20:29.963  2902  2957 I TimeoutSessionImpl: updateSession; clearHead(true), shouldAppend(false), sessionId(_session:511177da-d283-40c6-a549-5f838bd805af)
10-30 20:20:29.963  2902  2957 I TimeoutSessionImpl: Not configured to append: _session:511177da-d283-40c6-a549-5f838bd805af
10-30 20:20:29.970  2902  2957 I TimingUtils: Task Timing  18ms, thread background-3 | task : sessionMutation.commitTask:updateConsumer | mutations : 33 | userInitiated : false
10-30 20:20:29.970  2902  2957 I TaskQueue: Cancelling starvation checks
10-30 20:20:29.970  2902  2957 I TaskQueue:  - Finished 5, time 19 ms
10-30 20:20:29.971  2902  2957 I TaskQueue: Execute task [BACKGROUND - d: false, b: 0]: 23
10-30 20:20:30.076  2902  2961 W chromium: [WARNING:spdy_session.cc(3090)] Received RST for invalid stream1
10-30 20:20:30.078  2902  2957 I TimingUtils: Task Timing 106ms, thread background-4 | task : commitContentMutation | mutations : 32
10-30 20:20:30.078  2902  2957 I TimingUtils: Task Timing   0ms, thread background-5 | task : commitSemanticPropertiesMutation | mutations : 0
10-30 20:20:30.078  2902  2957 I TaskQueue:  - Finished 23, time 107 ms
10-30 20:20:31.276  3472  3472 D MonkeyStub: translateCommand: tap 259 298
10-30 20:20:33.524  3472  3472 D MonkeyStub: translateCommand: tap 777 567
10-30 20:20:35.577  3472  3472 D MonkeyStub: translateCommand: tap 168 1070
10-30 20:20:35.772   787  1259 E AsyncOperation: serviceID=121, operation=GetLaunchDataOperation [CONTEXT service_id=259 ]
10-30 20:20:35.772   787  1259 E AsyncOperation: OperationException[Status{statusCode=Not an instant app, resolution=null}]
10-30 20:20:35.772   787  1259 E AsyncOperation: 	at aeay.a(:com.google.android.gms@203915020@20.39.15 (040406-335085812):20)
10-30 20:20:35.772   787  1259 E AsyncOperation: 	at aain.run(:com.google.android.gms@203915020@20.39.15 (040406-335085812):7)
10-30 20:20:35.772   787  1259 E AsyncOperation: 	at boex.run(:com.google.android.gms@203915020@20.39.15 (040406-335085812):2)
10-30 20:20:35.772   787  1259 E AsyncOperation: 	at sup.b(:com.google.android.gms@203915020@20.39.15 (040406-335085812):12)
10-30 20:20:35.772   787  1259 E AsyncOperation: 	at sup.run(:com.google.android.gms@203915020@20.39.15 (040406-335085812):7)
10-30 20:20:35.772   787  1259 E AsyncOperation: 	at java.util.concurrent.ThreadPoolExecutor.runWorker(ThreadPoolExecutor.java:1133)
10-30 20:20:35.772   787  1259 E AsyncOperation: 	at java.util.concurrent.ThreadPoolExecutor$Worker.run(ThreadPoolExecutor.java:607)
10-30 20:20:35.772   787  1259 E AsyncOperation: 	at tam.run(:com.google.android.gms@203915020@20.39.15 (040406-335085812):0)
10-30 20:20:35.772   787  1259 E AsyncOperation: 	at java.lang.Thread.run(Thread.java:761)
10-30 20:20:36.263   787 28591 W Icing   : isOptedInForAppHistory: empty Account Name encountered
10-30 20:20:36.286   787 28591 W Icing   : isOptedInForAppHistory: empty Account Name encountered
10-30 20:20:36.321   787  1557 W Icing   : isOptedInForAppHistory: empty Account Name encountered
10-30 20:20:36.366  2902  2902 I cr_tabmodel: Appending tabs being restored to metadata lists, 0, startingNormalCount: 2, startingIncognitoCount: 0
10-30 20:20:36.366  2902  2902 I cr_tabmodel: Serializing tab lists; counts: 2, 0
10-30 20:20:43.771  3472  3472 D MonkeyStub: translateCommand: touch down 614 1561
10-30 20:20:43.784  3472  3472 D MonkeyStub: translateCommand: touch move 614 1561
10-30 20:20:43.896  3472  3472 D MonkeyStub: translateCommand: touch move 614 1436
10-30 20:20:44.075  3472  3472 D MonkeyStub: translateCommand: touch move 614 1311
10-30 20:20:44.282  3472  3472 D MonkeyStub: translateCommand: touch move 614 1186
10-30 20:20:44.404  3472  3472 D MonkeyStub: translateCommand: touch move 614 1061
10-30 20:20:44.513  3472  3472 D MonkeyStub: translateCommand: touch move 614 937
10-30 20:20:44.653  3472  3472 D MonkeyStub: translateCommand: touch move 614 812
10-30 20:20:44.766  3472  3472 D MonkeyStub: translateCommand: touch move 614 687
10-30 20:20:44.879  3472  3472 D MonkeyStub: translateCommand: touch move 614 562
10-30 20:20:44.993  3472  3472 D MonkeyStub: translateCommand: touch move 614 437
10-30 20:20:45.099 29332 29902 I Icing   : IndexChimeraService.getServiceInterface callingPackage=com.android.chrome componentName=null serviceId=36
10-30 20:20:45.102  3472  3472 D MonkeyStub: translateCommand: touch move 614 312
10-30 20:20:45.114  3472  3472 D MonkeyStub: translateCommand: touch up 614 312
10-30 20:20:45.154 29332 29692 W Icing   : No valid account for uploading user actions
10-30 20:20:45.160  3472  3472 D MonkeyStub: translateCommand: touch down 614 1561
10-30 20:20:45.179  3472  3472 D MonkeyStub: translateCommand: touch move 614 1561
10-30 20:20:45.198 29332 29713 I Icing   : IndexChimeraService.getServiceInterface callingPackage=com.google.android.gms componentName=null serviceId=30
10-30 20:20:45.224 29332 29692 I Icing   : Usage reports ok 1, Failed Usage reports 0, indexed 1, rejected 0
10-30 20:20:45.227 29332 29692 W Icing   : No valid account for uploading user actions
10-30 20:20:45.235 29332 29692 I Icing   : Usage reports ok 0, Failed Usage reports 0, indexed 0, rejected 0
10-30 20:20:45.236 29332 29692 I Icing   : Indexing com.android.chrome-omnibox from com.android.chrome
10-30 20:20:45.263 29332 29692 I Icing   : Indexing done com.android.chrome-omnibox
10-30 20:20:45.291  3472  3472 D MonkeyStub: translateCommand: touch move 614 1436
10-30 20:20:45.403  3472  3472 D MonkeyStub: translateCommand: touch move 614 1311
10-30 20:20:45.514  3472  3472 D MonkeyStub: translateCommand: touch move 614 1186
10-30 20:20:45.624  3472  3472 D MonkeyStub: translateCommand: touch move 614 1061
10-30 20:20:45.734  3472  3472 D MonkeyStub: translateCommand: touch move 614 937
10-30 20:20:45.849  3472  3472 D MonkeyStub: translateCommand: touch move 614 812
10-30 20:20:45.972  3472  3472 D MonkeyStub: translateCommand: touch move 614 687
10-30 20:20:46.083  3472  3472 D MonkeyStub: translateCommand: touch move 614 562
10-30 20:20:46.198  3472  3472 D MonkeyStub: translateCommand: touch move 614 437
10-30 20:20:46.251   787 23224 W Icing   : isOptedInForAppHistory: empty Account Name encountered
10-30 20:20:46.263   787 32478 W Icing   : isOptedInForAppHistory: empty Account Name encountered
10-30 20:20:46.310  3472  3472 D MonkeyStub: translateCommand: touch move 614 312
10-30 20:20:46.319  3472  3472 D MonkeyStub: translateCommand: touch up 614 312
10-30 20:20:50.363  3472  3472 D MonkeyStub: translateCommand: touch down 614 1561
10-30 20:20:50.379  3472  3472 D MonkeyStub: translateCommand: touch move 614 1561
10-30 20:20:50.489  3472  3472 D MonkeyStub: translateCommand: touch move 614 1436
10-30 20:20:50.603  3472  3472 D MonkeyStub: translateCommand: touch move 614 1311
10-30 20:20:50.712  3472  3472 D MonkeyStub: translateCommand: touch move 614 1186
10-30 20:20:50.844  3472  3472 D MonkeyStub: translateCommand: touch move 614 1061
10-30 20:20:50.956  3472  3472 D MonkeyStub: translateCommand: touch move 614 937
10-30 20:20:51.070  3472  3472 D MonkeyStub: translateCommand: touch move 614 812
10-30 20:20:51.176  3472  3472 D MonkeyStub: translateCommand: touch move 614 687
10-30 20:20:51.298  3472  3472 D MonkeyStub: translateCommand: touch move 614 562
10-30 20:20:51.408  3472  3472 D MonkeyStub: translateCommand: touch move 614 437
10-30 20:20:51.522  3472  3472 D MonkeyStub: translateCommand: touch move 614 312
10-30 20:20:51.529  3472  3472 D MonkeyStub: translateCommand: touch up 614 312
10-30 20:20:52.396   600 17381 I ActivityManager: Start proc 3524:com.android.chrome:sandboxed_process22/u0i881 for service com.android.chrome/org.chromium.content.app.SandboxedProcessService22
10-30 20:20:52.439  3524  3524 W boxed_process22: type=1400 audit(0.0:8454): avc: denied { getattr } for path="/data/data/com.android.chrome" dev="dm-2" ino=12190 scontext=u:r:isolated_app:s0:c512,c768 tcontext=u:object_r:app_data_file:s0:c512,c768 tclass=dir permissive=0
10-30 20:20:52.462  3524  3524 I cr_ChildProcessService: Creating new ChildProcessService pid=3524
10-30 20:20:52.499  3524  3537 I cr_LibraryLoader: Loaded native library version number "85.0.4183.127"
10-30 20:20:52.500  3524  3537 I cr_CachingUmaRecorder: Flushed 1 samples from 1 histograms.
10-30 20:20:52.512  3537  3537 W CrUtilityMain: type=1400 audit(0.0:8455): avc: denied { setattr } for name="LICENSE.txt" dev="dm-2" ino=52783 scontext=u:r:isolated_app:s0:c512,c768 tcontext=u:object_r:app_data_file:s0:c512,c768 tclass=file permissive=0
10-30 20:20:52.516  3537  3537 W CrUtilityMain: type=1400 audit(0.0:8456): avc: denied { setattr } for name=46696C746572696E672052756C6573 dev="dm-2" ino=52843 scontext=u:r:isolated_app:s0:c512,c768 tcontext=u:object_r:app_data_file:s0:c512,c768 tclass=file permissive=0
10-30 20:20:52.516  3537  3537 W CrUtilityMain: type=1400 audit(0.0:8457): avc: denied { setattr } for name="manifest.json" dev="dm-2" ino=52807 scontext=u:r:isolated_app:s0:c512,c768 tcontext=u:object_r:app_data_file:s0:c512,c768 tclass=file permissive=0
10-30 20:20:52.519  3537  3537 W CrUtilityMain: type=1400 audit(0.0:8458): avc: denied { setattr } for name="verified_contents.json" dev="dm-2" ino=53022 scontext=u:r:isolated_app:s0:c512,c768 tcontext=u:object_r:app_data_file:s0:c512,c768 tclass=file permissive=0
10-30 20:20:52.530  3524  3524 I cr_ChildProcessService: Destroying ChildProcessService pid=3524
10-30 20:20:52.531  3524  3537 I chromium: [INFO:child_process_service.cc(69)] ChildProcessService: Exiting child process.
10-30 20:20:52.554   600  2707 I ActivityManager: Process com.android.chrome:sandboxed_process22 (pid 3524) has died
10-30 20:20:52.554   600  2707 D ActivityManager: cleanUpApplicationRecord -- 3524
10-30 20:20:52.563  2902  2902 W chromium: [WARNING:compositor_view.cc(315)] Child process died (type=6) pid=3524)
10-30 20:20:53.436   600 24515 I ActivityManager: Start proc 3543:com.android.chrome:sandboxed_process23/u0i882 for service com.android.chrome/org.chromium.content.app.SandboxedProcessService23
10-30 20:20:53.472  3543  3543 W boxed_process23: type=1400 audit(0.0:8459): avc: denied { getattr } for path="/data/data/com.android.chrome" dev="dm-2" ino=12190 scontext=u:r:isolated_app:s0:c512,c768 tcontext=u:object_r:app_data_file:s0:c512,c768 tclass=dir permissive=0
10-30 20:20:53.490  3543  3543 I cr_ChildProcessService: Creating new ChildProcessService pid=3543
10-30 20:20:53.525  3543  3556 I cr_LibraryLoader: Loaded native library version number "85.0.4183.127"
10-30 20:20:53.526  3543  3556 I cr_CachingUmaRecorder: Flushed 1 samples from 1 histograms.
10-30 20:20:53.556  3556  3556 W CrUtilityMain: type=1400 audit(0.0:8460): avc: denied { setattr } for name="tl_en-us_2022-10-17_483521407_100000_index.bin" dev="dm-2" ino=53809 scontext=u:r:isolated_app:s0:c512,c768 tcontext=u:object_r:app_data_file:s0:c512,c768 tclass=file permissive=0
10-30 20:20:53.559  3556  3556 W CrUtilityMain: type=1400 audit(0.0:8461): avc: denied { setattr } for name="manifest.json" dev="dm-2" ino=54066 scontext=u:r:isolated_app:s0:c512,c768 tcontext=u:object_r:app_data_file:s0:c512,c768 tclass=file permissive=0
10-30 20:20:53.559  3556  3556 W CrUtilityMain: type=1400 audit(0.0:8462): avc: denied { setattr } for name="verified_contents.json" dev="dm-2" ino=53799 scontext=u:r:isolated_app:s0:c512,c768 tcontext=u:object_r:app_data_file:s0:c512,c768 tclass=file permissive=0
10-30 20:20:53.564  3472  3472 D MonkeyStub: translateCommand: tap 278 93
10-30 20:20:53.573  3543  3543 I cr_ChildProcessService: Destroying ChildProcessService pid=3543
10-30 20:20:53.574  3543  3556 I chromium: [INFO:child_process_service.cc(69)] ChildProcessService: Exiting child process.
10-30 20:20:53.594   600  1080 I ActivityManager: Process com.android.chrome:sandboxed_process23 (pid 3543) has died
10-30 20:20:53.594   600  1080 D ActivityManager: cleanUpApplicationRecord -- 3543
10-30 20:20:53.602  2902  2902 W chromium: [WARNING:compositor_view.cc(315)] Child process died (type=6) pid=3543)
10-30 20:20:53.612   600   615 W libprocessgroup: failed to kill pid 3543: No such process
10-30 20:20:53.673   787  1259 E AsyncOperation: serviceID=121, operation=GetLaunchDataOperation [CONTEXT service_id=259 ]
10-30 20:20:53.673   787  1259 E AsyncOperation: OperationException[Status{statusCode=Not an instant app, resolution=null}]
10-30 20:20:53.673   787  1259 E AsyncOperation: 	at aeay.a(:com.google.android.gms@203915020@20.39.15 (040406-335085812):20)
10-30 20:20:53.673   787  1259 E AsyncOperation: 	at aain.run(:com.google.android.gms@203915020@20.39.15 (040406-335085812):7)
10-30 20:20:53.673   787  1259 E AsyncOperation: 	at boex.run(:com.google.android.gms@203915020@20.39.15 (040406-335085812):2)
10-30 20:20:53.673   787  1259 E AsyncOperation: 	at sup.b(:com.google.android.gms@203915020@20.39.15 (040406-335085812):12)
10-30 20:20:53.673   787  1259 E AsyncOperation: 	at sup.run(:com.google.android.gms@203915020@20.39.15 (040406-335085812):7)
10-30 20:20:53.673   787  1259 E AsyncOperation: 	at java.util.concurrent.ThreadPoolExecutor.runWorker(ThreadPoolExecutor.java:1133)
10-30 20:20:53.673   787  1259 E AsyncOperation: 	at java.util.concurrent.ThreadPoolExecutor$Worker.run(ThreadPoolExecutor.java:607)
10-30 20:20:53.673   787  1259 E AsyncOperation: 	at tam.run(:com.google.android.gms@203915020@20.39.15 (040406-335085812):0)
10-30 20:20:53.673   787  1259 E AsyncOperation: 	at java.lang.Thread.run(Thread.java:761)
10-30 20:20:53.891   198   198 E SELinux : avc:  denied  { find } for service=netd pid=3564 uid=2000 scontext=u:r:shell:s0 tcontext=u:object_r:netd_service:s0 tclass=service_manager permissive=0
10-30 20:20:53.899   198   198 E SELinux : avc:  denied  { find } for service=android.service.gatekeeper.IGateKeeperService pid=3564 uid=2000 scontext=u:r:shell:s0 tcontext=u:object_r:gatekeeper_service:s0 tclass=service_manager permissive=0
10-30 20:20:54.233   787 28589 W Icing   : isOptedInForAppHistory: empty Account Name encountered
10-30 20:20:54.241   787 28589 W Icing   : isOptedInForAppHistory: empty Account Name encountered
10-30 20:20:54.257   787  1557 W Icing   : isOptedInForAppHistory: empty Account Name encountered
10-30 20:20:54.534  2902  2902 I cr_tabmodel: Appending tabs being restored to metadata lists, 0, startingNormalCount: 2, startingIncognitoCount: 0
10-30 20:20:54.534  2902  2902 I cr_tabmodel: Serializing tab lists; counts: 2, 0
10-30 20:20:54.701   600  1081 I ActivityManager: Start proc 3565:com.android.chrome:sandboxed_process24/u0i883 for service com.android.chrome/org.chromium.content.app.SandboxedProcessService24
10-30 20:20:54.752  3565  3565 W boxed_process24: type=1400 audit(0.0:8463): avc: denied { getattr } for path="/data/data/com.android.chrome" dev="dm-2" ino=12190 scontext=u:r:isolated_app:s0:c512,c768 tcontext=u:object_r:app_data_file:s0:c512,c768 tclass=dir permissive=0
10-30 20:20:54.772  3565  3565 I cr_ChildProcessService: Creating new ChildProcessService pid=3565
10-30 20:20:54.807  3565  3578 I cr_LibraryLoader: Loaded native library version number "85.0.4183.127"
10-30 20:20:54.807  3565  3578 I cr_CachingUmaRecorder: Flushed 1 samples from 1 histograms.
10-30 20:20:54.819  3578  3578 W CrUtilityMain: type=1400 audit(0.0:8464): avc: denied { setattr } for name="optimization-hints.pb" dev="dm-2" ino=54765 scontext=u:r:isolated_app:s0:c512,c768 tcontext=u:object_r:app_data_file:s0:c512,c768 tclass=file permissive=0
10-30 20:20:54.819  3578  3578 W CrUtilityMain: type=1400 audit(0.0:8465): avc: denied { setattr } for name="manifest.json" dev="dm-2" ino=54902 scontext=u:r:isolated_app:s0:c512,c768 tcontext=u:object_r:app_data_file:s0:c512,c768 tclass=file permissive=0
10-30 20:20:54.822  3578  3578 W CrUtilityMain: type=1400 audit(0.0:8466): avc: denied { setattr } for name="verified_contents.json" dev="dm-2" ino=55114 scontext=u:r:isolated_app:s0:c512,c768 tcontext=u:object_r:app_data_file:s0:c512,c768 tclass=file permissive=0
10-30 20:20:54.830  3565  3565 I cr_ChildProcessService: Destroying ChildProcessService pid=3565
10-30 20:20:54.832  3565  3578 I chromium: [INFO:child_process_service.cc(69)] ChildProcessService: Exiting child process.
10-30 20:20:54.838   600 13631 I ActivityManager: Process com.android.chrome:sandboxed_process24 (pid 3565) has died
10-30 20:20:54.838  2902  2902 W chromium: [WARNING:compositor_view.cc(315)] Child process died (type=6) pid=3565)
10-30 20:20:54.838   600 13631 D ActivityManager: cleanUpApplicationRecord -- 3565
10-30 20:20:56.192   600  3509 I ActivityManager: Start proc 3584:com.android.chrome:sandboxed_process25/u0i884 for service com.android.chrome/org.chromium.content.app.SandboxedProcessService25
10-30 20:20:56.259  3584  3584 W boxed_process25: type=1400 audit(0.0:8467): avc: denied { getattr } for path="/data/data/com.android.chrome" dev="dm-2" ino=12190 scontext=u:r:isolated_app:s0:c512,c768 tcontext=u:object_r:app_data_file:s0:c512,c768 tclass=dir permissive=0
10-30 20:20:56.289  3584  3584 I cr_ChildProcessService: Creating new ChildProcessService pid=3584
10-30 20:20:56.344  3584  3597 I cr_LibraryLoader: Loaded native library version number "85.0.4183.127"
10-30 20:20:56.345  3584  3597 I cr_CachingUmaRecorder: Flushed 1 samples from 1 histograms.
10-30 20:20:56.366  3597  3597 W CrUtilityMain: type=1400 audit(0.0:8468): avc: denied { setattr } for name="crl-set" dev="dm-2" ino=55725 scontext=u:r:isolated_app:s0:c512,c768 tcontext=u:object_r:app_data_file:s0:c512,c768 tclass=file permissive=0
10-30 20:20:56.366  3597  3597 W CrUtilityMain: type=1400 audit(0.0:8469): avc: denied { setattr } for name="manifest.json" dev="dm-2" ino=55567 scontext=u:r:isolated_app:s0:c512,c768 tcontext=u:object_r:app_data_file:s0:c512,c768 tclass=file permissive=0
10-30 20:20:56.366  3597  3597 W CrUtilityMain: type=1400 audit(0.0:8470): avc: denied { setattr } for name="LICENSE" dev="dm-2" ino=56040 scontext=u:r:isolated_app:s0:c512,c768 tcontext=u:object_r:app_data_file:s0:c512,c768 tclass=file permissive=0
10-30 20:20:56.369  3597  3597 W CrUtilityMain: type=1400 audit(0.0:8471): avc: denied { setattr } for name="verified_contents.json" dev="dm-2" ino=56196 scontext=u:r:isolated_app:s0:c512,c768 tcontext=u:object_r:app_data_file:s0:c512,c768 tclass=file permissive=0
10-30 20:20:56.376  3584  3597 I chromium: [INFO:child_process_service.cc(69)] ChildProcessService: Exiting child process.
10-30 20:20:56.386   197   197 E lowmemorykiller: Error writing /proc/3584/oom_score_adj; errno=22
10-30 20:20:56.386   600 27731 E JavaBinder: !!! FAILED BINDER TRANSACTION !!!  (parcel size = 76)
10-30 20:20:56.390   600 27731 E JavaBinder: !!! FAILED BINDER TRANSACTION !!!  (parcel size = 576)
10-30 20:20:56.391   600 27731 W ActivityManager: Exception when unbinding service com.android.chrome/org.chromium.content.app.SandboxedProcessService25
10-30 20:20:56.391   600 27731 W ActivityManager: android.os.DeadObjectException: Transaction failed on small parcel; remote process probably died
10-30 20:20:56.391   600 27731 W ActivityManager: 	at android.os.BinderProxy.transactNative(Native Method)
10-30 20:20:56.391   600 27731 W ActivityManager: 	at android.os.BinderProxy.transact(Binder.java:615)
10-30 20:20:56.391   600 27731 W ActivityManager: 	at android.app.ApplicationThreadProxy.scheduleUnbindService(ApplicationThreadNative.java:1016)
10-30 20:20:56.391   600 27731 W ActivityManager: 	at com.android.server.am.ActiveServices.removeConnectionLocked(ActiveServices.java:2175)
10-30 20:20:56.391   600 27731 W ActivityManager: 	at com.android.server.am.ActiveServices.unbindServiceLocked(ActiveServices.java:1163)
10-30 20:20:56.391   600 27731 W ActivityManager: 	at com.android.server.am.ActivityManagerService.unbindService(ActivityManagerService.java:17309)
10-30 20:20:56.391   600 27731 W ActivityManager: 	at android.app.ActivityManagerNative.onTransact(ActivityManagerNative.java:1145)
10-30 20:20:56.391   600 27731 W ActivityManager: 	at com.android.server.am.ActivityManagerService.onTransact(ActivityManagerService.java:2795)
10-30 20:20:56.391   600 27731 W ActivityManager: 	at android.os.Binder.execTransact(Binder.java:565)
10-30 20:20:56.392   600 27731 E JavaBinder: !!! FAILED BINDER TRANSACTION !!!  (parcel size = 76)
10-30 20:20:56.394   197   197 E lowmemorykiller: Error writing /proc/3584/oom_score_adj; errno=22
10-30 20:20:56.395   600 27731 E JavaBinder: !!! FAILED BINDER TRANSACTION !!!  (parcel size = 76)
10-30 20:20:56.397  2902  2902 W chromium: [WARNING:compositor_view.cc(315)] Child process died (type=6) pid=3584)
10-30 20:20:56.397   600 13558 I ActivityManager: Process com.android.chrome:sandboxed_process25 (pid 3584) has died
10-30 20:20:56.397   600 13558 D ActivityManager: cleanUpApplicationRecord -- 3584
10-30 20:20:57.975   600  9614 I ActivityManager: Start proc 3601:com.android.chrome:sandboxed_process26/u0i885 for service com.android.chrome/org.chromium.content.app.SandboxedProcessService26
10-30 20:20:58.016  3601  3601 W boxed_process26: type=1400 audit(0.0:8472): avc: denied { getattr } for path="/data/data/com.android.chrome" dev="dm-2" ino=12190 scontext=u:r:isolated_app:s0:c512,c768 tcontext=u:object_r:app_data_file:s0:c512,c768 tclass=dir permissive=0
10-30 20:20:58.035  3601  3601 I cr_ChildProcessService: Creating new ChildProcessService pid=3601
10-30 20:20:58.076  3601  3614 I cr_LibraryLoader: Loaded native library version number "85.0.4183.127"
10-30 20:20:58.076  3601  3614 I cr_CachingUmaRecorder: Flushed 1 samples from 1 histograms.
10-30 20:20:58.089  3614  3614 W CrUtilityMain: type=1400 audit(0.0:8473): avc: denied { setattr } for name="manifest.json" dev="dm-2" ino=56589 scontext=u:r:isolated_app:s0:c512,c768 tcontext=u:object_r:app_data_file:s0:c512,c768 tclass=file permissive=0
10-30 20:20:58.092  3614  3614 W CrUtilityMain: type=1400 audit(0.0:8474): avc: denied { setattr } for name="verified_contents.json" dev="dm-2" ino=56665 scontext=u:r:isolated_app:s0:c512,c768 tcontext=u:object_r:app_data_file:s0:c512,c768 tclass=file permissive=0
10-30 20:20:58.099  3601  3614 I chromium: [INFO:child_process_service.cc(69)] ChildProcessService: Exiting child process.
10-30 20:20:58.123   600  1081 I ActivityManager: Process com.android.chrome:sandboxed_process26 (pid 3601) has died
10-30 20:20:58.123   600  1081 D ActivityManager: cleanUpApplicationRecord -- 3601
10-30 20:20:58.125  2902  2902 W chromium: [WARNING:compositor_view.cc(315)] Child process died (type=6) pid=3601)
10-30 20:20:59.962   600 29683 I ActivityManager: Start proc 3618:com.android.chrome:sandboxed_process27/u0i886 for service com.android.chrome/org.chromium.content.app.SandboxedProcessService27
10-30 20:21:00.049  3618  3618 W boxed_process27: type=1400 audit(0.0:8475): avc: denied { getattr } for path="/data/data/com.android.chrome" dev="dm-2" ino=12190 scontext=u:r:isolated_app:s0:c512,c768 tcontext=u:object_r:app_data_file:s0:c512,c768 tclass=dir permissive=0
10-30 20:21:00.091  3618  3618 I cr_ChildProcessService: Creating new ChildProcessService pid=3618
10-30 20:21:00.128  3618  3631 I cr_LibraryLoader: Loaded native library version number "85.0.4183.127"
10-30 20:21:00.128  3618  3631 I cr_CachingUmaRecorder: Flushed 1 samples from 1 histograms.
10-30 20:21:00.142  3631  3631 W CrUtilityMain: type=1400 audit(0.0:8476): avc: denied { setattr } for name="download_file_types.pb" dev="dm-2" ino=56738 scontext=u:r:isolated_app:s0:c512,c768 tcontext=u:object_r:app_data_file:s0:c512,c768 tclass=file permissive=0
10-30 20:21:00.142  3631  3631 W CrUtilityMain: type=1400 audit(0.0:8477): avc: denied { setattr } for name="manifest.json" dev="dm-2" ino=56701 scontext=u:r:isolated_app:s0:c512,c768 tcontext=u:object_r:app_data_file:s0:c512,c768 tclass=file permissive=0
10-30 20:21:00.146  3631  3631 W CrUtilityMain: type=1400 audit(0.0:8478): avc: denied { setattr } for name="verified_contents.json" dev="dm-2" ino=56626 scontext=u:r:isolated_app:s0:c512,c768 tcontext=u:object_r:app_data_file:s0:c512,c768 tclass=file permissive=0
10-30 20:21:00.152  3618  3631 I chromium: [INFO:child_process_service.cc(69)] ChildProcessService: Exiting child process.
10-30 20:21:00.177   600  3509 I ActivityManager: Process com.android.chrome:sandboxed_process27 (pid 3618) has died
10-30 20:21:00.177   600  3509 D ActivityManager: cleanUpApplicationRecord -- 3618
10-30 20:21:00.178  2902  2902 W chromium: [WARNING:compositor_view.cc(315)] Child process died (type=6) pid=3618)
10-30 20:21:01.602  3472  3472 D MonkeyStub: translateCommand: touch down 614 1561
10-30 20:21:01.618  3472  3472 D MonkeyStub: translateCommand: touch move 614 1561
10-30 20:21:01.736  3472  3472 D MonkeyStub: translateCommand: touch move 614 1436
10-30 20:21:01.853  3472  3472 D MonkeyStub: translateCommand: touch move 614 1311
10-30 20:21:01.964  3472  3472 D MonkeyStub: translateCommand: touch move 614 1186
10-30 20:21:02.071  3472  3472 D MonkeyStub: translateCommand: touch move 614 1061
10-30 20:21:02.184  3472  3472 D MonkeyStub: translateCommand: touch move 614 937
10-30 20:21:02.265   600 13631 I ActivityManager: Start proc 3636:com.android.chrome:sandboxed_process28/u0i887 for service com.android.chrome/org.chromium.content.app.SandboxedProcessService28
10-30 20:21:02.297  3472  3472 D MonkeyStub: translateCommand: touch move 614 812
10-30 20:21:02.322  3636  3636 W boxed_process28: type=1400 audit(0.0:8479): avc: denied { getattr } for path="/data/data/com.android.chrome" dev="dm-2" ino=12190 scontext=u:r:isolated_app:s0:c512,c768 tcontext=u:object_r:app_data_file:s0:c512,c768 tclass=dir permissive=0
10-30 20:21:02.344  3636  3636 I cr_ChildProcessService: Creating new ChildProcessService pid=3636
10-30 20:21:02.379  3636  3649 I cr_LibraryLoader: Loaded native library version number "85.0.4183.127"
10-30 20:21:02.380  3636  3649 I cr_CachingUmaRecorder: Flushed 1 samples from 1 histograms.
10-30 20:21:02.392  3649  3649 W CrUtilityMain: type=1400 audit(0.0:8480): avc: denied { setattr } for name="ssl_error_assistant.pb" dev="dm-2" ino=56495 scontext=u:r:isolated_app:s0:c512,c768 tcontext=u:object_r:app_data_file:s0:c512,c768 tclass=file permissive=0
10-30 20:21:02.396  3649  3649 W CrUtilityMain: type=1400 audit(0.0:8481): avc: denied { setattr } for name="manifest.json" dev="dm-2" ino=56697 scontext=u:r:isolated_app:s0:c512,c768 tcontext=u:object_r:app_data_file:s0:c512,c768 tclass=file permissive=0
10-30 20:21:02.396  3649  3649 W CrUtilityMain: type=1400 audit(0.0:8482): avc: denied { setattr } for name="verified_contents.json" dev="dm-2" ino=56470 scontext=u:r:isolated_app:s0:c512,c768 tcontext=u:object_r:app_data_file:s0:c512,c768 tclass=file permissive=0
10-30 20:21:02.405  3636  3649 I chromium: [INFO:child_process_service.cc(69)] ChildProcessService: Exiting child process.
10-30 20:21:02.405   197   197 E lowmemorykiller: Error writing /proc/3636/oom_score_adj; errno=22
10-30 20:21:02.409  3472  3472 D MonkeyStub: translateCommand: touch move 614 687
10-30 20:21:02.431   600 17381 I ActivityManager: Process com.android.chrome:sandboxed_process28 (pid 3636) has died
10-30 20:21:02.431   600 17381 D ActivityManager: cleanUpApplicationRecord -- 3636
10-30 20:21:02.433  2902  2902 W chromium: [WARNING:compositor_view.cc(315)] Child process died (type=6) pid=3636)
10-30 20:21:02.519  3472  3472 D MonkeyStub: translateCommand: touch move 614 562
10-30 20:21:02.624  3472  3472 D MonkeyStub: translateCommand: touch move 614 437
10-30 20:21:02.743  3472  3472 D MonkeyStub: translateCommand: touch move 614 312
10-30 20:21:02.773  3472  3472 D MonkeyStub: translateCommand: touch up 614 312
10-30 20:21:02.798  3472  3472 D MonkeyStub: translateCommand: touch down 614 1561
10-30 20:21:02.810  3472  3472 D MonkeyStub: translateCommand: touch move 614 1561
10-30 20:21:02.921  3472  3472 D MonkeyStub: translateCommand: touch move 614 1436
10-30 20:21:03.033  3472  3472 D MonkeyStub: translateCommand: touch move 614 1311
10-30 20:21:03.143  3472  3472 D MonkeyStub: translateCommand: touch move 614 1186
10-30 20:21:03.257  3472  3472 D MonkeyStub: translateCommand: touch move 614 1061
10-30 20:21:03.366  3472  3472 D MonkeyStub: translateCommand: touch move 614 937
10-30 20:21:03.484  3472  3472 D MonkeyStub: translateCommand: touch move 614 812
10-30 20:21:03.588  3472  3472 D MonkeyStub: translateCommand: touch move 614 687
10-30 20:21:03.699  3472  3472 D MonkeyStub: translateCommand: touch move 614 562
10-30 20:21:03.810  3472  3472 D MonkeyStub: translateCommand: touch move 614 437
10-30 20:21:03.921  3472  3472 D MonkeyStub: translateCommand: touch move 614 312
10-30 20:21:03.924  3472  3472 D MonkeyStub: translateCommand: touch up 614 312
10-30 20:21:04.722   600  2707 I ActivityManager: Start proc 3653:com.android.chrome:sandboxed_process29/u0i888 for service com.android.chrome/org.chromium.content.app.SandboxedProcessService29
10-30 20:21:04.759  3653  3653 W boxed_process29: type=1400 audit(0.0:8483): avc: denied { getattr } for path="/data/data/com.android.chrome" dev="dm-2" ino=12190 scontext=u:r:isolated_app:s0:c512,c768 tcontext=u:object_r:app_data_file:s0:c512,c768 tclass=dir permissive=0
10-30 20:21:04.778  3653  3653 I cr_ChildProcessService: Creating new ChildProcessService pid=3653
10-30 20:21:04.813  3653  3666 I cr_LibraryLoader: Loaded native library version number "85.0.4183.127"
10-30 20:21:04.813  3653  3666 I cr_CachingUmaRecorder: Flushed 1 samples from 1 histograms.
10-30 20:21:04.826  3666  3666 W CrUtilityMain: type=1400 audit(0.0:8484): avc: denied { setattr } for name="safety_tips.pb" dev="dm-2" ino=56733 scontext=u:r:isolated_app:s0:c512,c768 tcontext=u:object_r:app_data_file:s0:c512,c768 tclass=file permissive=0
10-30 20:21:04.829  3666  3666 W CrUtilityMain: type=1400 audit(0.0:8485): avc: denied { setattr } for name="manifest.json" dev="dm-2" ino=56551 scontext=u:r:isolated_app:s0:c512,c768 tcontext=u:object_r:app_data_file:s0:c512,c768 tclass=file permissive=0
10-30 20:21:04.829  3666  3666 W CrUtilityMain: type=1400 audit(0.0:8486): avc: denied { setattr } for name="verified_contents.json" dev="dm-2" ino=57194 scontext=u:r:isolated_app:s0:c512,c768 tcontext=u:object_r:app_data_file:s0:c512,c768 tclass=file permissive=0
10-30 20:21:04.841  3653  3666 I chromium: [INFO:child_process_service.cc(69)] ChildProcessService: Exiting child process.
10-30 20:21:04.864   600  9614 I ActivityManager: Process com.android.chrome:sandboxed_process29 (pid 3653) has died
10-30 20:21:04.864   600  9614 D ActivityManager: cleanUpApplicationRecord -- 3653
10-30 20:21:04.865  2902  2902 W chromium: [WARNING:compositor_view.cc(315)] Child process died (type=6) pid=3653)
10-30 20:21:07.398   600   610 I ActivityManager: Start proc 3670:com.android.chrome:sandboxed_process30/u0i889 for service com.android.chrome/org.chromium.content.app.SandboxedProcessService30
10-30 20:21:07.482  3670  3670 W boxed_process30: type=1400 audit(0.0:8487): avc: denied { getattr } for path="/data/data/com.android.chrome" dev="dm-2" ino=12190 scontext=u:r:isolated_app:s0:c512,c768 tcontext=u:object_r:app_data_file:s0:c512,c768 tclass=dir permissive=0
10-30 20:21:07.514  3670  3670 I cr_ChildProcessService: Creating new ChildProcessService pid=3670
10-30 20:21:07.570  3670  3684 I cr_LibraryLoader: Loaded native library version number "85.0.4183.127"
10-30 20:21:07.570  3670  3684 I cr_CachingUmaRecorder: Flushed 1 samples from 1 histograms.
10-30 20:21:07.586  3684  3684 W CrUtilityMain: type=1400 audit(0.0:8488): avc: denied { setattr } for name=5072656C6F61642044617461 dev="dm-2" ino=57176 scontext=u:r:isolated_app:s0:c512,c768 tcontext=u:object_r:app_data_file:s0:c512,c768 tclass=file permissive=0
10-30 20:21:07.589  3684  3684 W CrUtilityMain: type=1400 audit(0.0:8489): avc: denied { setattr } for name="manifest.json" dev="dm-2" ino=57053 scontext=u:r:isolated_app:s0:c512,c768 tcontext=u:object_r:app_data_file:s0:c512,c768 tclass=file permissive=0
10-30 20:21:07.589  3684  3684 W CrUtilityMain: type=1400 audit(0.0:8490): avc: denied { setattr } for name="verified_contents.json" dev="dm-2" ino=56908 scontext=u:r:isolated_app:s0:c512,c768 tcontext=u:object_r:app_data_file:s0:c512,c768 tclass=file permissive=0
10-30 20:21:07.598  3670  3684 I chromium: [INFO:child_process_service.cc(69)] ChildProcessService: Exiting child process.
10-30 20:21:07.599   197   197 E lowmemorykiller: Error writing /proc/3670/oom_score_adj; errno=22
10-30 20:21:07.631   600   713 I ActivityManager: Process com.android.chrome:sandboxed_process30 (pid 3670) has died
10-30 20:21:07.631   600   713 D ActivityManager: cleanUpApplicationRecord -- 3670
10-30 20:21:07.631  2902  2902 W chromium: [WARNING:compositor_view.cc(315)] Child process died (type=6) pid=3670)
10-30 20:21:08.142  3472  3472 D MonkeyStub: translateCommand: touch down 614 1561
10-30 20:21:08.157  3472  3472 D MonkeyStub: translateCommand: touch move 614 1561
10-30 20:21:08.268  3472  3472 D MonkeyStub: translateCommand: touch move 614 1436
10-30 20:21:08.400  3472  3472 D MonkeyStub: translateCommand: touch move 614 1311
10-30 20:21:08.513  3472  3472 D MonkeyStub: translateCommand: touch move 614 1186
10-30 20:21:08.624  3472  3472 D MonkeyStub: translateCommand: touch move 614 1061
