10-30 11:48:01.281  9398  9448 I TaskQueue: Cancelling starvation checks
10-30 11:48:01.282  9733  9803 I chromium: [INFO:child_process_service.cc(69)] ChildProcessService: Exiting child process.
10-30 11:48:01.282  9398  9448 I TaskQueue:  - Finished 5, time 47 ms
10-30 11:48:01.282  9398  9448 I TaskQueue: Execute task [USER_FACING - d: false, b: 2]: 24
10-30 11:48:01.285   197   197 E lowmemorykiller: Error writing /proc/9733/oom_score_adj; errno=22
10-30 11:48:01.310   600  3994 I ActivityManager: Process com.android.chrome:sandboxed_process13 (pid 9733) has died
10-30 11:48:01.310   600  3994 D ActivityManager: cleanUpApplicationRecord -- 9733
10-30 11:48:01.327  9398  9448 I TimeoutSessionImpl: TimeoutSession.populateModelProvider, shouldAppend false
10-30 11:48:01.329  9398  9448 I SessionImpl: PopulateModelProvider 32 items
10-30 11:48:01.329  9398  9448 I FeedModelProvider: FeedModelProvider - committer, structure changes 31, update changes 0
10-30 11:48:01.330  9398  9448 I FeedModelProvider: SyntheticTokenTracker: 0, 11, 11, false
10-30 11:48:01.330  9398  9448 I FeedSessionManagerImpl: Caching getStreamFeatures - items 31, cache misses 0, cache size 31
10-30 11:48:01.331  9398  9448 I FeedModelProvider: Moving _session:117a47e7-e661-4d53-80db-f2ca422124ae to READY
10-30 11:48:01.331  9398  9448 I MainThreadRunner: Running task [FeedModelProvider onSessionStart] on the Main Thread
10-30 11:48:01.331  9398  9448 I FeedModelProvider: ModelProvider Mutation committed - structure changes 31, childrenToBind 31, removedChildren false, Token false
10-30 11:48:01.337  9398  9448 I FeedSessionManagerImpl: Populate new session: _session:117a47e7-e661-4d53-80db-f2ca422124ae, creation time 10-30 11:48:01.327
10-30 11:48:01.337  9398  9448 I TimingUtils: Task Timing  55ms, thread background-2 | task : Create/Populate New Session
10-30 11:48:01.338  9398  9448 I TaskQueue:  - Finished 24, time 55 ms
10-30 11:48:01.338  9398  9448 I TaskQueue: Execute task [BACKGROUND - d: false, b: 1]: 11
10-30 11:48:01.338  9398  9448 I ContentGc: Re-enqueuing triggerContentGc; attempts(0)
10-30 11:48:01.338  9398  9448 I TaskQueue:  - task [BACKGROUND - d: false, b: 1]: 11
10-30 11:48:01.338  9398  9448 I TaskQueue:  - Finished 11, time 1 ms
10-30 11:48:01.338  9398  9448 I TaskQueue: Execute task [BACKGROUND - d: false, b: 1]: 23
10-30 11:48:01.348  2434  9207 W Icing   : No valid account for uploading user actions
10-30 11:48:01.357  9823  9823 W boxed_process17: type=1400 audit(0.0:5738): avc: denied { getattr } for path="/data/data/com.android.chrome" dev="dm-2" ino=12190 scontext=u:r:isolated_app:s0:c512,c768 tcontext=u:object_r:app_data_file:s0:c512,c768 tclass=dir permissive=0
10-30 11:48:01.364  9398  9408 I art     : Background sticky concurrent mark sweep GC freed 47750(2MB) AllocSpace objects, 21(484KB) LOS objects, 11% free, 14MB/16MB, paused 927us total 114.087ms
10-30 11:48:01.398  9775  9843 I cr_LibraryLoader: Loaded native library version number "85.0.4183.127"
10-30 11:48:01.398  9775  9843 I cr_CachingUmaRecorder: Flushed 1 samples from 1 histograms.
10-30 11:48:01.400  9832  9832 W boxed_process18: type=1400 audit(0.0:5739): avc: denied { getattr } for path="/data/data/com.android.chrome" dev="dm-2" ino=12190 scontext=u:r:isolated_app:s0:c512,c768 tcontext=u:object_r:app_data_file:s0:c512,c768 tclass=dir permissive=0
10-30 11:48:01.435  9398  9448 I TimingUtils: Task Timing  96ms, thread background-3 | task : commitContentMutation | mutations : 32
10-30 11:48:01.435  9398  9448 I TimingUtils: Task Timing   0ms, thread background-4 | task : commitSemanticPropertiesMutation | mutations : 0
10-30 11:48:01.435  9398  9448 I TaskQueue:  - Finished 23, time 96 ms
10-30 11:48:01.435  9398  9448 I TaskQueue: Execute task [BACKGROUND - d: false, b: 0]: 11
10-30 11:48:01.436  9398  9448 I SessionCache: Determining accessible content
10-30 11:48:01.438  9398  9448 I TimingUtils: Task Timing   2ms, thread background-5 | task : ContentGc | contentItemsRemoved : 0
10-30 11:48:01.438  9398  9448 I TaskQueue:  - Finished 11, time 3 ms
10-30 11:48:01.532   600   609 I art     : Background partial concurrent mark sweep GC freed 54887(2MB) AllocSpace objects, 50(1284KB) LOS objects, 33% free, 16MB/24MB, paused 776us total 231.897ms
10-30 11:48:01.585  9764  9813 I chromium: [INFO:child_process_service.cc(69)] ChildProcessService: Exiting child process.
10-30 11:48:01.589  9775  9843 I chromium: [INFO:child_process_service.cc(69)] ChildProcessService: Exiting child process.
10-30 11:48:01.597   197   197 E lowmemorykiller: Error writing /proc/9764/oom_score_adj; errno=22
10-30 11:48:01.601  9398  9398 E cr_IntentUtils: getInt failed on bundle null
10-30 11:48:01.603   600   707 I ActivityManager: Process com.android.chrome:sandboxed_process16 (pid 9775) has died
10-30 11:48:01.603   600   707 D ActivityManager: cleanUpApplicationRecord -- 9775
10-30 11:48:01.604   600   707 W ActivityManager: Scheduling restart of crashed service com.android.chrome/org.chromium.content.app.SandboxedProcessService16 in 1000ms
10-30 11:48:01.609   600   707 I ActivityManager: Killing 9764:com.android.chrome:sandboxed_process15/u0a35i436 (adj 0): isolated not needed
10-30 11:48:01.640  9794  9794 I dex2oat : dex2oat took 816.478ms (threads: 2) arena alloc=771KB (790272B) java alloc=81KB (83288B) native alloc=559KB (573208B) free=1488KB (1523944B)
10-30 11:48:01.642   600  9614 I ActivityManager: Start proc 9881:com.android.chrome:sandboxed_process20/u0i441 for service com.android.chrome/org.chromium.content.app.SandboxedProcessService20
10-30 11:48:01.643   600  6312 D ActivityManager: cleanUpApplicationRecord -- 9764
10-30 11:48:01.686  9398  9398 I cr_tabmodel: Appending tabs being restored to metadata lists, 0, startingNormalCount: 2, startingIncognitoCount: 0
10-30 11:48:01.686  9398  9398 I cr_tabmodel: Serializing tab lists; counts: 2, 0
10-30 11:48:01.697  9832  9832 I cr_ChildProcessService: Creating new ChildProcessService pid=9832
10-30 11:48:01.706  9823  9823 I cr_ChildProcessService: Creating new ChildProcessService pid=9823
10-30 11:48:01.710  9851  9851 W boxed_process19: type=1400 audit(0.0:5740): avc: denied { getattr } for path="/data/data/com.android.chrome" dev="dm-2" ino=12190 scontext=u:r:isolated_app:s0:c512,c768 tcontext=u:object_r:app_data_file:s0:c512,c768 tclass=dir permissive=0
10-30 11:48:01.750  9398  9398 W chromium: [WARNING:compositor_view.cc(315)] Child process died (type=6) pid=9733)
10-30 11:48:01.756  9398  9398 W chromium: [WARNING:compositor_view.cc(315)] Child process died (type=6) pid=9775)
10-30 11:48:01.757  9398  9398 W chromium: [WARNING:compositor_view.cc(315)] Child process died (type=6) pid=9764)
10-30 11:48:01.798  9851  9851 I cr_ChildProcessService: Creating new ChildProcessService pid=9851
10-30 11:48:01.830  9881  9881 W boxed_process20: type=1400 audit(0.0:5741): avc: denied { getattr } for path="/data/data/com.android.chrome" dev="dm-2" ino=12190 scontext=u:r:isolated_app:s0:c512,c768 tcontext=u:object_r:app_data_file:s0:c512,c768 tclass=dir permissive=0
10-30 11:48:01.854  9398  9398 I Choreographer: Skipped 35 frames!  The application may be doing too much work on its main thread.
10-30 11:48:01.862  9823  9895 I cr_LibraryLoader: Loaded native library version number "85.0.4183.127"
10-30 11:48:01.862  9823  9895 I cr_CachingUmaRecorder: Flushed 1 samples from 1 histograms.
10-30 11:48:01.920  9832  9893 I cr_LibraryLoader: Loaded native library version number "85.0.4183.127"
10-30 11:48:01.921  9832  9893 I cr_CachingUmaRecorder: Flushed 1 samples from 1 histograms.
10-30 11:48:01.942  9398  9408 I art     : Background partial concurrent mark sweep GC freed 13513(681KB) AllocSpace objects, 16(3MB) LOS objects, 40% free, 12MB/20MB, paused 412us total 137.342ms
10-30 11:48:01.946  9823  9895 I chromium: [INFO:child_process_service.cc(69)] ChildProcessService: Exiting child process.
10-30 11:48:01.960   197   197 E lowmemorykiller: Error writing /proc/9823/oom_score_adj; errno=22
10-30 11:48:01.972  2434  2984 I Icing   : IndexChimeraService.getServiceInterface callingPackage=com.google.android.gms componentName=null serviceId=30
10-30 11:48:02.008   600  7064 I ActivityManager: Process com.android.chrome:sandboxed_process17 (pid 9823) has died
10-30 11:48:02.008   600  7064 D ActivityManager: cleanUpApplicationRecord -- 9823
10-30 11:48:02.019  9398  9398 W chromium: [WARNING:compositor_view.cc(315)] Child process died (type=6) pid=9823)
10-30 11:48:02.032  9398  9398 I FeedModelProvider: No children found for Cursor
10-30 11:48:02.053   600  1080 D ActivityManager: cleanUpApplicationRecord -- 9713
10-30 11:48:02.065  9398  9398 W chromium: [WARNING:compositor_view.cc(315)] Child process died (type=6) pid=9713)
10-30 11:48:02.071  9881  9881 I cr_ChildProcessService: Creating new ChildProcessService pid=9881
10-30 11:48:02.116  9851  9897 I cr_LibraryLoader: Loaded native library version number "85.0.4183.127"
10-30 11:48:02.116  9851  9897 I cr_CachingUmaRecorder: Flushed 1 samples from 1 histograms.
10-30 11:48:02.125  9881  9905 I cr_LibraryLoader: Loaded native library version number "85.0.4183.127"
10-30 11:48:02.126  9881  9905 I cr_CachingUmaRecorder: Flushed 1 samples from 1 histograms.
10-30 11:48:02.170  9398  9458 W chromium: [WARNING:spdy_session.cc(3090)] Received RST for invalid stream1
10-30 11:48:02.246  9851  9851 I cr_ChildProcessService: Destroying ChildProcessService pid=9851
10-30 11:48:02.282  9851  9897 I chromium: [INFO:child_process_service.cc(69)] ChildProcessService: Exiting child process.
10-30 11:48:02.297  9832  9893 I chromium: [INFO:child_process_service.cc(69)] ChildProcessService: Exiting child process.
10-30 11:48:02.300   600 29683 I ActivityManager: Process com.android.chrome:sandboxed_process19 (pid 9851) has died
10-30 11:48:02.300   600 29683 D ActivityManager: cleanUpApplicationRecord -- 9851
10-30 11:48:02.300   600 29683 I ActivityManager: Killing 9832:com.android.chrome:sandboxed_process18/u0a35i439 (adj 0): isolated not needed
10-30 11:48:02.346  9398  9398 W chromium: [WARNING:compositor_view.cc(315)] Child process died (type=6) pid=9851)
10-30 11:48:02.351  9398  9452 W InstanceID: Instance ID SDK is deprecated, com.android.chrome should update to use Firebase Instance ID
10-30 11:48:02.580   600   610 D ActivityManager: cleanUpApplicationRecord -- 9832
10-30 11:48:02.588  9398  9398 W chromium: [WARNING:compositor_view.cc(315)] Child process died (type=6) pid=9832)
10-30 11:48:03.686   787 28597 W Icing   : isOptedInForAppHistory: empty Account Name encountered
10-30 11:48:03.745   787 28597 W Icing   : isOptedInForAppHistory: empty Account Name encountered
10-30 11:48:03.769   600   647 I WifiHAL : Got channel list with 13 channels
10-30 11:48:03.770   600   647 I WifiHAL : Got channel list with 4 channels
10-30 11:48:03.771   600   647 I WifiHAL : Got channel list with 15 channels
10-30 11:48:03.884  9398  9408 W art     : Suspending all threads took: 8.120ms
10-30 11:48:03.957  9398  9408 I art     : Background sticky concurrent mark sweep GC freed 147478(6MB) AllocSpace objects, 15(296KB) LOS objects, 33% free, 13MB/20MB, paused 10.032ms total 116.818ms
10-30 11:48:04.137  9398  9454 I cr_omaha: Request to Server Successful. Timestamp for next request:1667130484136
10-30 11:48:04.226  9398  9454 I cr_omaha: Request to Server Successful. Timestamp for next request:1667130484226
10-30 11:48:04.226  9398  9454 I cr_omaha: Attempting to schedule next job for: Sun Oct 30 16:48:03 GMT+01:00 2022
10-30 11:48:04.229  9398  9398 I cr_omaha: Scheduled using JobService
10-30 11:48:04.231  9398  9398 E cr_BkgrdTaskJS: Tried finishing non-current BackgroundTask.
10-30 11:48:04.262  9398  9398 E cr_BTSPrefs: No data found for task id: 53
10-30 11:48:04.263  9398  9398 E cr_BkgrdTaskScheduler: Task cannot be canceled because no data was found instorage or data was invalid
10-30 11:48:04.601  2434  9207 I Icing   : Usage reports ok 2, Failed Usage reports 0, indexed 1, rejected 0
10-30 11:48:04.601  2434  9207 I Icing   : Removing corpus key com.android.chrome-omnibox for package com.android.chrome
10-30 11:48:04.682  2434  9207 I native  : flash-index.cc:1519 Flash index sort hb 8 prefix-hits 13 -> 12 at 43.623ms
10-30 11:48:04.870   787  5848 W Icing   : isOptedInForAppHistory: empty Account Name encountered
10-30 11:48:05.505  2434  9207 I native  : document-store.cc:1654 Scored 1697 usage reports, missing_corpora 0 update_failed 888
10-30 11:48:05.554  2434  9207 W Icing   : No valid account for uploading user actions
10-30 11:48:05.610  2434  9207 I Icing   : Usage reports ok 1, Failed Usage reports 0, indexed 1, rejected 0
10-30 11:48:05.615  2434  9207 W Icing   : No valid account for uploading user actions
10-30 11:48:05.641  2434  9207 I Icing   : Usage reports ok 0, Failed Usage reports 0, indexed 0, rejected 0
10-30 11:48:05.641  2434  9207 I Icing   : Indexing com.android.chrome-omnibox from com.android.chrome
10-30 11:48:05.738  2434  9207 I Icing   : Indexing done com.android.chrome-omnibox
10-30 11:48:06.717   787 28588 W Icing   : isOptedInForAppHistory: empty Account Name encountered
10-30 11:48:06.728   787  6177 W Icing   : isOptedInForAppHistory: empty Account Name encountered
10-30 11:48:09.245  9398  9398 E cr_BTSPrefs: No data found for task id: 57
10-30 11:48:09.245  9398  9398 E cr_BkgrdTaskScheduler: Task cannot be canceled because no data was found instorage or data was invalid
10-30 11:48:09.245  9398  9398 E cr_BTSPrefs: No data found for task id: 56
10-30 11:48:09.245  9398  9398 E cr_BkgrdTaskScheduler: Task cannot be canceled because no data was found instorage or data was invalid
10-30 11:48:14.839  9398  9398 I cr_tabmodel: Appending tabs being restored to metadata lists, 0, startingNormalCount: 2, startingIncognitoCount: 0
10-30 11:48:14.839  9398  9398 I cr_tabmodel: Serializing tab lists; counts: 2, 0
10-30 11:48:15.034  9948  9948 D AndroidRuntime: >>>>>> START com.android.internal.os.RuntimeInit uid 2000 <<<<<<
10-30 11:48:15.038  9948  9948 D AndroidRuntime: CheckJNI is OFF
10-30 11:48:15.135  9948  9948 D ICU     : No timezone override file found: /data/misc/zoneinfo/current/icu/icu_tzdata.dat
10-30 11:48:15.183  9948  9948 I Radio-JNI: register_android_hardware_Radio DONE
10-30 11:48:15.200  9948  9948 D AndroidRuntime: Calling main entry com.android.commands.monkey.Monkey
10-30 11:48:15.307   600   613 W BroadcastQueue: Skipping deliver [background] BroadcastRecord{8c881fa u-1 android.net.conn.CONNECTIVITY_CHANGE} to ReceiverList{655b3ab 9948 (unknown name)/2000/u-1 remote:f46481c}: process crashing
10-30 11:48:16.526  9948  9948 D MonkeyStub: translateCommand: wake
10-30 11:48:16.663  9948  9948 D MonkeyStub: translateCommand: tap 1339 1877
10-30 11:48:26.747  9948  9948 D MonkeyStub: translateCommand: touch down 614 1561
10-30 11:48:26.751  9948  9948 D MonkeyStub: translateCommand: touch move 614 1561
10-30 11:48:26.864  9948  9948 D MonkeyStub: translateCommand: touch move 614 1436
10-30 11:48:26.975  9948  9948 D MonkeyStub: translateCommand: touch move 614 1311
10-30 11:48:27.085  9948  9948 D MonkeyStub: translateCommand: touch move 614 1186
10-30 11:48:27.196  9948  9948 D MonkeyStub: translateCommand: touch move 614 1061
10-30 11:48:27.304  9948  9948 D MonkeyStub: translateCommand: touch move 614 937
10-30 11:48:27.408  9948  9948 D MonkeyStub: translateCommand: touch move 614 812
10-30 11:48:27.514  9948  9948 D MonkeyStub: translateCommand: touch move 614 687
10-30 11:48:27.629  9948  9948 D MonkeyStub: translateCommand: touch move 614 562
10-30 11:48:27.733  9948  9948 D MonkeyStub: translateCommand: touch move 614 437
10-30 11:48:27.842  9948  9948 D MonkeyStub: translateCommand: touch move 614 312
10-30 11:48:27.857  9948  9948 D MonkeyStub: translateCommand: touch up 614 312
10-30 11:48:28.695  2434  2444 W art     : Suspending all threads took: 6.555ms
10-30 11:48:28.714  2434  2444 I art     : Background sticky concurrent mark sweep GC freed 14324(1173KB) AllocSpace objects, 1(20KB) LOS objects, 15% free, 7MB/8MB, paused 7.688ms total 31.733ms
10-30 11:48:30.022  9948  9948 D MonkeyStub: translateCommand: touch down 614 1561
10-30 11:48:30.026  9948  9948 D MonkeyStub: translateCommand: touch move 614 1561
10-30 11:48:30.137  9948  9948 D MonkeyStub: translateCommand: touch move 614 1436
10-30 11:48:30.246  9948  9948 D MonkeyStub: translateCommand: touch move 614 1311
10-30 11:48:30.357  9948  9948 D MonkeyStub: translateCommand: touch move 614 1186
10-30 11:48:30.470  9948  9948 D MonkeyStub: translateCommand: touch move 614 1061
10-30 11:48:30.578  9948  9948 D MonkeyStub: translateCommand: touch move 614 937
10-30 11:48:30.689  9948  9948 D MonkeyStub: translateCommand: touch move 614 812
10-30 11:48:30.804  9948  9948 D MonkeyStub: translateCommand: touch move 614 687
10-30 11:48:30.913  9948  9948 D MonkeyStub: translateCommand: touch move 614 562
10-30 11:48:31.036  9948  9948 D MonkeyStub: translateCommand: touch move 614 437
10-30 11:48:31.152  9948  9948 D MonkeyStub: translateCommand: touch move 614 312
10-30 11:48:31.157  9948  9948 D MonkeyStub: translateCommand: touch up 614 312
10-30 11:48:33.521  9398  9408 I art     : Background sticky concurrent mark sweep GC freed 114908(4MB) AllocSpace objects, 5(112KB) LOS objects, 25% free, 15MB/20MB, paused 532us total 171.127ms
10-30 11:48:33.768  9398  9398 I Choreographer: Skipped 117 frames!  The application may be doing too much work on its main thread.
10-30 11:48:33.812  2434  2938 I Icing   : IndexChimeraService.getServiceInterface callingPackage=com.android.chrome componentName=null serviceId=36
10-30 11:48:33.861  2434  9207 W Icing   : No valid account for uploading user actions
10-30 11:48:33.936  2434  2888 I Icing   : IndexChimeraService.getServiceInterface callingPackage=com.google.android.gms componentName=null serviceId=30
10-30 11:48:34.063  2434  9207 I Icing   : Usage reports ok 1, Failed Usage reports 0, indexed 0, rejected 0
10-30 11:48:34.082  2434  9207 W Icing   : No valid account for uploading user actions
10-30 11:48:34.097  2434  9207 I Icing   : Usage reports ok 0, Failed Usage reports 0, indexed 0, rejected 0
10-30 11:48:34.099  2434  9207 I Icing   : Indexing com.android.chrome-omnibox from com.android.chrome
10-30 11:48:34.155  2434  9207 I Icing   : Indexing done com.android.chrome-omnibox
10-30 11:48:34.194  9948  9948 D MonkeyStub: translateCommand: touch down 614 312
10-30 11:48:34.205  9948  9948 D MonkeyStub: translateCommand: touch move 614 312
10-30 11:48:34.317  9948  9948 D MonkeyStub: translateCommand: touch move 614 437
10-30 11:48:34.427  9948  9948 D MonkeyStub: translateCommand: touch move 614 562
10-30 11:48:34.532  9948  9948 D MonkeyStub: translateCommand: touch move 614 687
10-30 11:48:34.643  9948  9948 D MonkeyStub: translateCommand: touch move 614 812
10-30 11:48:34.752  9948  9948 D MonkeyStub: translateCommand: touch move 614 937
10-30 11:48:34.865  9948  9948 D MonkeyStub: translateCommand: touch move 614 1061
10-30 11:48:34.992  9948  9948 D MonkeyStub: translateCommand: touch move 614 1186
10-30 11:48:35.098  9948  9948 D MonkeyStub: translateCommand: touch move 614 1311
10-30 11:48:35.120   787 28590 W Icing   : isOptedInForAppHistory: empty Account Name encountered
10-30 11:48:35.134   787  5848 W Icing   : isOptedInForAppHistory: empty Account Name encountered
10-30 11:48:35.202  9948  9948 D MonkeyStub: translateCommand: touch move 614 1436
10-30 11:48:35.315  9948  9948 D MonkeyStub: translateCommand: touch move 614 1561
10-30 11:48:35.331  9948  9948 D MonkeyStub: translateCommand: touch up 614 1561
10-30 11:48:35.351  9948  9948 D MonkeyStub: translateCommand: touch down 614 312
10-30 11:48:35.360  9948  9948 D MonkeyStub: translateCommand: touch move 614 312
10-30 11:48:35.469  9948  9948 D MonkeyStub: translateCommand: touch move 614 437
10-30 11:48:35.583  9948  9948 D MonkeyStub: translateCommand: touch move 614 562
10-30 11:48:35.693  9948  9948 D MonkeyStub: translateCommand: touch move 614 687
10-30 11:48:35.873  9948  9948 D MonkeyStub: translateCommand: touch move 614 812
10-30 11:48:36.053  9948  9948 D MonkeyStub: translateCommand: touch move 614 937
10-30 11:48:36.176  9948  9948 D MonkeyStub: translateCommand: touch move 614 1061
10-30 11:48:36.282  9948  9948 D MonkeyStub: translateCommand: touch move 614 1186
10-30 11:48:36.286  9398  9398 V MediaRouter: Adding route: RouteInfo{ name=Tablet, description=null, status=null, category=RouteCategory{ name=null types=ROUTE_TYPE_LIVE_AUDIO ROUTE_TYPE_LIVE_VIDEO  groupable=false }, supportedTypes=ROUTE_TYPE_LIVE_AUDIO ROUTE_TYPE_LIVE_VIDEO , presentationDisplay=null }
10-30 11:48:36.311  9398  9398 V MediaRouter: Updating audio routes: AudioRoutesInfo{ type=SPEAKER }
10-30 11:48:36.316  9398  9398 V MediaRouter: Selecting route: RouteInfo{ name=Tablet, description=null, status=null, category=RouteCategory{ name=null types=ROUTE_TYPE_LIVE_AUDIO ROUTE_TYPE_LIVE_VIDEO  groupable=false }, supportedTypes=ROUTE_TYPE_LIVE_AUDIO ROUTE_TYPE_LIVE_VIDEO , presentationDisplay=null }
10-30 11:48:36.325  9398  9398 I MediaRouter: Found default route: MediaRouter.RouteInfo{ uniqueId=android/Qf:DEFAULT_ROUTE, name=Tablet, description=null, iconUri=null, enabled=true, connecting=false, connectionState=0, canDisconnect=false, playbackType=0, playbackStream=3, deviceType=0, volumeHandling=1, volume=0, volumeMax=15, presentationDisplayId=-1, extras=null, settingsIntent=null, providerPackageName=android }
10-30 11:48:36.325  9398  9398 I MediaRouter: Unselecting the current route because it is no longer selectable: null
10-30 11:48:36.378  9398  9398 V MediaRouter: Selecting route: RouteInfo{ name=Tablet, description=null, status=null, category=RouteCategory{ name=null types=ROUTE_TYPE_LIVE_AUDIO ROUTE_TYPE_LIVE_VIDEO  groupable=false }, supportedTypes=ROUTE_TYPE_LIVE_AUDIO ROUTE_TYPE_LIVE_VIDEO , presentationDisplay=null }
10-30 11:48:36.391  9948  9948 D MonkeyStub: translateCommand: touch move 614 1311
10-30 11:48:36.586  9948  9948 D MonkeyStub: translateCommand: touch move 614 1436
10-30 11:48:36.806  9948  9948 D MonkeyStub: translateCommand: touch move 614 1561
10-30 11:48:37.020  9948  9948 D MonkeyStub: translateCommand: touch up 614 1561
10-30 11:48:39.384   600  3507 I ActivityManager: Start proc 10000:com.android.chrome:sandboxed_process21/u0i442 for service com.android.chrome/org.chromium.content.app.SandboxedProcessService21
10-30 11:48:39.453 10000 10000 W boxed_process21: type=1400 audit(0.0:5742): avc: denied { getattr } for path="/data/data/com.android.chrome" dev="dm-2" ino=12190 scontext=u:r:isolated_app:s0:c512,c768 tcontext=u:object_r:app_data_file:s0:c512,c768 tclass=dir permissive=0
10-30 11:48:39.492 10000 10000 I cr_ChildProcessService: Creating new ChildProcessService pid=10000
10-30 11:48:39.552 10000 10013 I cr_LibraryLoader: Loaded native library version number "85.0.4183.127"
10-30 11:48:39.552 10000 10013 I cr_CachingUmaRecorder: Flushed 1 samples from 1 histograms.
10-30 11:48:39.580 10013 10013 W CrUtilityMain: type=1400 audit(0.0:5743): avc: denied { setattr } for name="LICENSE.txt" dev="dm-2" ino=53655 scontext=u:r:isolated_app:s0:c512,c768 tcontext=u:object_r:app_data_file:s0:c512,c768 tclass=file permissive=0
10-30 11:48:39.580 10013 10013 W CrUtilityMain: type=1400 audit(0.0:5744): avc: denied { setattr } for name=46696C746572696E672052756C6573 dev="dm-2" ino=53438 scontext=u:r:isolated_app:s0:c512,c768 tcontext=u:object_r:app_data_file:s0:c512,c768 tclass=file permissive=0
10-30 11:48:39.583 10013 10013 W CrUtilityMain: type=1400 audit(0.0:5745): avc: denied { setattr } for name="manifest.json" dev="dm-2" ino=53245 scontext=u:r:isolated_app:s0:c512,c768 tcontext=u:object_r:app_data_file:s0:c512,c768 tclass=file permissive=0
10-30 11:48:39.590 10013 10013 W CrUtilityMain: type=1400 audit(0.0:5746): avc: denied { setattr } for name="verified_contents.json" dev="dm-2" ino=53429 scontext=u:r:isolated_app:s0:c512,c768 tcontext=u:object_r:app_data_file:s0:c512,c768 tclass=file permissive=0
10-30 11:48:39.601 10000 10000 I cr_ChildProcessService: Destroying ChildProcessService pid=10000
10-30 11:48:39.604 10000 10013 I chromium: [INFO:child_process_service.cc(69)] ChildProcessService: Exiting child process.
10-30 11:48:39.632   600   610 I ActivityManager: Process com.android.chrome:sandboxed_process21 (pid 10000) has died
10-30 11:48:39.632   600   610 D ActivityManager: cleanUpApplicationRecord -- 10000
10-30 11:48:39.648  9398  9432 I cr_BindingManager: onTrimMemory: level=10, size=1
10-30 11:48:39.649  9398  9432 I cr_BindingManager: Reduce connections from 1 to 0
10-30 11:48:39.679  9398  9398 W chromium: [WARNING:compositor_view.cc(315)] Child process died (type=6) pid=10000)
10-30 11:48:39.681   600   615 W libprocessgroup: failed to kill pid 10000: No such process
10-30 11:48:40.522   600 27731 I ActivityManager: Start proc 10020:com.android.chrome:sandboxed_process22/u0i443 for service com.android.chrome/org.chromium.content.app.SandboxedProcessService22
10-30 11:48:40.637 10020 10020 W boxed_process22: type=1400 audit(0.0:5747): avc: denied { getattr } for path="/data/data/com.android.chrome" dev="dm-2" ino=12190 scontext=u:r:isolated_app:s0:c512,c768 tcontext=u:object_r:app_data_file:s0:c512,c768 tclass=dir permissive=0
10-30 11:48:40.667 10020 10020 I cr_ChildProcessService: Creating new ChildProcessService pid=10020
10-30 11:48:40.719 10020 10033 I cr_LibraryLoader: Loaded native library version number "85.0.4183.127"
10-30 11:48:40.720 10020 10033 I cr_CachingUmaRecorder: Flushed 1 samples from 1 histograms.
10-30 11:48:40.773 10033 10033 W CrUtilityMain: type=1400 audit(0.0:5748): avc: denied { setattr } for name="tl_en-us_2022-10-17_483521407_100000_index.bin" dev="dm-2" ino=56846 scontext=u:r:isolated_app:s0:c512,c768 tcontext=u:object_r:app_data_file:s0:c512,c768 tclass=file permissive=0
10-30 11:48:40.777 10033 10033 W CrUtilityMain: type=1400 audit(0.0:5749): avc: denied { setattr } for name="manifest.json" dev="dm-2" ino=56677 scontext=u:r:isolated_app:s0:c512,c768 tcontext=u:object_r:app_data_file:s0:c512,c768 tclass=file permissive=0
10-30 11:48:40.780 10033 10033 W CrUtilityMain: type=1400 audit(0.0:5750): avc: denied { setattr } for name="verified_contents.json" dev="dm-2" ino=56551 scontext=u:r:isolated_app:s0:c512,c768 tcontext=u:object_r:app_data_file:s0:c512,c768 tclass=file permissive=0
10-30 11:48:40.798 10020 10020 I cr_ChildProcessService: Destroying ChildProcessService pid=10020
10-30 11:48:40.799 10020 10033 I chromium: [INFO:child_process_service.cc(69)] ChildProcessService: Exiting child process.
10-30 11:48:40.823   600   713 I ActivityManager: Process com.android.chrome:sandboxed_process22 (pid 10020) has died
10-30 11:48:40.824   600   713 D ActivityManager: cleanUpApplicationRecord -- 10020
10-30 11:48:40.836  9398  9398 W chromium: [WARNING:compositor_view.cc(315)] Child process died (type=6) pid=10020)
10-30 11:48:42.038   600  1080 I ActivityManager: Start proc 10042:com.android.chrome:sandboxed_process23/u0i444 for service com.android.chrome/org.chromium.content.app.SandboxedProcessService23
10-30 11:48:42.103 10042 10042 W boxed_process23: type=1400 audit(0.0:5751): avc: denied { getattr } for path="/data/data/com.android.chrome" dev="dm-2" ino=12190 scontext=u:r:isolated_app:s0:c512,c768 tcontext=u:object_r:app_data_file:s0:c512,c768 tclass=dir permissive=0
10-30 11:48:42.134 10042 10042 I cr_ChildProcessService: Creating new ChildProcessService pid=10042
10-30 11:48:42.157  9948  9948 D MonkeyStub: translateCommand: tap 724 439
10-30 11:48:42.205 10042 10055 I cr_LibraryLoader: Loaded native library version number "85.0.4183.127"
10-30 11:48:42.205 10042 10055 I cr_CachingUmaRecorder: Flushed 1 samples from 1 histograms.
10-30 11:48:42.233 10055 10055 W CrUtilityMain: type=1400 audit(0.0:5752): avc: denied { setattr } for name="optimization-hints.pb" dev="dm-2" ino=57026 scontext=u:r:isolated_app:s0:c512,c768 tcontext=u:object_r:app_data_file:s0:c512,c768 tclass=file permissive=0
10-30 11:48:42.233 10055 10055 W CrUtilityMain: type=1400 audit(0.0:5753): avc: denied { setattr } for name="manifest.json" dev="dm-2" ino=57104 scontext=u:r:isolated_app:s0:c512,c768 tcontext=u:object_r:app_data_file:s0:c512,c768 tclass=file permissive=0
10-30 11:48:42.237 10055 10055 W CrUtilityMain: type=1400 audit(0.0:5754): avc: denied { setattr } for name="verified_contents.json" dev="dm-2" ino=56970 scontext=u:r:isolated_app:s0:c512,c768 tcontext=u:object_r:app_data_file:s0:c512,c768 tclass=file permissive=0
10-30 11:48:42.256 10042 10055 I chromium: [INFO:child_process_service.cc(69)] ChildProcessService: Exiting child process.
10-30 11:48:42.257   197   197 E lowmemorykiller: Error writing /proc/10042/oom_score_adj; errno=22
10-30 11:48:42.277   600   611 I ActivityManager: Process com.android.chrome:sandboxed_process23 (pid 10042) has died
10-30 11:48:42.277   600   611 D ActivityManager: cleanUpApplicationRecord -- 10042
10-30 11:48:42.278  9398  9398 W chromium: [WARNING:compositor_view.cc(315)] Child process died (type=6) pid=10042)
10-30 11:48:42.879   787  1259 E AsyncOperation: serviceID=121, operation=GetLaunchDataOperation [CONTEXT service_id=259 ]
10-30 11:48:42.879   787  1259 E AsyncOperation: OperationException[Status{statusCode=Not an instant app, resolution=null}]
10-30 11:48:42.879   787  1259 E AsyncOperation: 	at aeay.a(:com.google.android.gms@203915020@20.39.15 (040406-335085812):20)
10-30 11:48:42.879   787  1259 E AsyncOperation: 	at aain.run(:com.google.android.gms@203915020@20.39.15 (040406-335085812):7)
10-30 11:48:42.879   787  1259 E AsyncOperation: 	at boex.run(:com.google.android.gms@203915020@20.39.15 (040406-335085812):2)
10-30 11:48:42.879   787  1259 E AsyncOperation: 	at sup.b(:com.google.android.gms@203915020@20.39.15 (040406-335085812):12)
10-30 11:48:42.879   787  1259 E AsyncOperation: 	at sup.run(:com.google.android.gms@203915020@20.39.15 (040406-335085812):7)
10-30 11:48:42.879   787  1259 E AsyncOperation: 	at java.util.concurrent.ThreadPoolExecutor.runWorker(ThreadPoolExecutor.java:1133)
10-30 11:48:42.879   787  1259 E AsyncOperation: 	at java.util.concurrent.ThreadPoolExecutor$Worker.run(ThreadPoolExecutor.java:607)
10-30 11:48:42.879   787  1259 E AsyncOperation: 	at tam.run(:com.google.android.gms@203915020@20.39.15 (040406-335085812):0)
10-30 11:48:42.879   787  1259 E AsyncOperation: 	at java.lang.Thread.run(Thread.java:761)
10-30 11:48:43.459  9398  9408 I art     : Background sticky concurrent mark sweep GC freed 69008(2MB) AllocSpace objects, 4(68KB) LOS objects, 14% free, 17MB/20MB, paused 9.436ms total 58.757ms
10-30 11:48:43.578  2434  2444 I art     : Background sticky concurrent mark sweep GC freed 12520(752KB) AllocSpace objects, 0(0B) LOS objects, 11% free, 7MB/8MB, paused 6.388ms total 14.070ms
10-30 11:48:43.968   600  3994 I ActivityManager: Start proc 10061:com.android.chrome:sandboxed_process24/u0i445 for service com.android.chrome/org.chromium.content.app.SandboxedProcessService24
10-30 11:48:44.047 10061 10061 W boxed_process24: type=1400 audit(0.0:5755): avc: denied { getattr } for path="/data/data/com.android.chrome" dev="dm-2" ino=12190 scontext=u:r:isolated_app:s0:c512,c768 tcontext=u:object_r:app_data_file:s0:c512,c768 tclass=dir permissive=0
10-30 11:48:44.106 10061 10061 I cr_ChildProcessService: Creating new ChildProcessService pid=10061
10-30 11:48:44.189 10061 10074 I cr_LibraryLoader: Loaded native library version number "85.0.4183.127"
10-30 11:48:44.189 10061 10074 I cr_CachingUmaRecorder: Flushed 1 samples from 1 histograms.
10-30 11:48:44.210 10074 10074 W CrUtilityMain: type=1400 audit(0.0:5756): avc: denied { setattr } for name="crl-set" dev="dm-2" ino=58673 scontext=u:r:isolated_app:s0:c512,c768 tcontext=u:object_r:app_data_file:s0:c512,c768 tclass=file permissive=0
10-30 11:48:44.217 10074 10074 W CrUtilityMain: type=1400 audit(0.0:5757): avc: denied { setattr } for name="manifest.json" dev="dm-2" ino=58413 scontext=u:r:isolated_app:s0:c512,c768 tcontext=u:object_r:app_data_file:s0:c512,c768 tclass=file permissive=0
10-30 11:48:44.217 10074 10074 W CrUtilityMain: type=1400 audit(0.0:5758): avc: denied { setattr } for name="LICENSE" dev="dm-2" ino=58547 scontext=u:r:isolated_app:s0:c512,c768 tcontext=u:object_r:app_data_file:s0:c512,c768 tclass=file permissive=0
10-30 11:48:44.220 10074 10074 W CrUtilityMain: type=1400 audit(0.0:5759): avc: denied { setattr } for name="verified_contents.json" dev="dm-2" ino=58293 scontext=u:r:isolated_app:s0:c512,c768 tcontext=u:object_r:app_data_file:s0:c512,c768 tclass=file permissive=0
10-30 11:48:44.243 10061 10061 I cr_ChildProcessService: Destroying ChildProcessService pid=10061
10-30 11:48:44.243 10061 10074 I chromium: [INFO:child_process_service.cc(69)] ChildProcessService: Exiting child process.
10-30 11:48:44.290   600  9614 I ActivityManager: Process com.android.chrome:sandboxed_process24 (pid 10061) has died
10-30 11:48:44.290   600  9614 D ActivityManager: cleanUpApplicationRecord -- 10061
10-30 11:48:44.291  9398  9398 W chromium: [WARNING:compositor_view.cc(315)] Child process died (type=6) pid=10061)
10-30 11:48:44.391  9398  9458 W chromium: [WARNING:spdy_session.cc(3352)] Received HEADERS for invalid stream 3
10-30 11:48:45.178   198   198 E SELinux : avc:  denied  { find } for service=netd pid=10083 uid=2000 scontext=u:r:shell:s0 tcontext=u:object_r:netd_service:s0 tclass=service_manager permissive=0
10-30 11:48:45.207   198   198 E SELinux : avc:  denied  { find } for service=android.service.gatekeeper.IGateKeeperService pid=10083 uid=2000 scontext=u:r:shell:s0 tcontext=u:object_r:gatekeeper_service:s0 tclass=service_manager permissive=0
10-30 11:48:45.517   787 28589 W Icing   : isOptedInForAppHistory: empty Account Name encountered
10-30 11:48:45.536   787 28589 W Icing   : isOptedInForAppHistory: empty Account Name encountered
10-30 11:48:45.566   787  6177 W Icing   : isOptedInForAppHistory: empty Account Name encountered
10-30 11:48:46.285   600 24611 I ActivityManager: Start proc 10084:com.android.chrome:sandboxed_process25/u0i446 for service com.android.chrome/org.chromium.content.app.SandboxedProcessService25
10-30 11:48:46.413 10084 10084 W boxed_process25: type=1400 audit(0.0:5760): avc: denied { getattr } for path="/data/data/com.android.chrome" dev="dm-2" ino=12190 scontext=u:r:isolated_app:s0:c512,c768 tcontext=u:object_r:app_data_file:s0:c512,c768 tclass=dir permissive=0
10-30 11:48:46.487 10084 10084 I cr_ChildProcessService: Creating new ChildProcessService pid=10084
10-30 11:48:46.622 10084 10097 I cr_LibraryLoader: Loaded native library version number "85.0.4183.127"
10-30 11:48:46.623 10084 10097 I cr_CachingUmaRecorder: Flushed 1 samples from 1 histograms.
10-30 11:48:46.640 10097 10097 W CrUtilityMain: type=1400 audit(0.0:5761): avc: denied { setattr } for name="manifest.json" dev="dm-2" ino=59823 scontext=u:r:isolated_app:s0:c512,c768 tcontext=u:object_r:app_data_file:s0:c512,c768 tclass=file permissive=0
10-30 11:48:46.643 10097 10097 W CrUtilityMain: type=1400 audit(0.0:5762): avc: denied { setattr } for name="verified_contents.json" dev="dm-2" ino=59916 scontext=u:r:isolated_app:s0:c512,c768 tcontext=u:object_r:app_data_file:s0:c512,c768 tclass=file permissive=0
10-30 11:48:46.651 10084 10097 I chromium: [INFO:child_process_service.cc(69)] ChildProcessService: Exiting child process.
10-30 11:48:46.666   600  6312 I ActivityManager: Process com.android.chrome:sandboxed_process25 (pid 10084) has died
10-30 11:48:46.666   600  6312 D ActivityManager: cleanUpApplicationRecord -- 10084
10-30 11:48:46.675  9398  9398 W chromium: [WARNING:compositor_view.cc(315)] Child process died (type=6) pid=10084)
10-30 11:48:49.135   600   611 I ActivityManager: Start proc 10101:com.android.chrome:sandboxed_process26/u0i447 for service com.android.chrome/org.chromium.content.app.SandboxedProcessService26
10-30 11:48:49.250 10101 10101 W boxed_process26: type=1400 audit(0.0:5763): avc: denied { getattr } for path="/data/data/com.android.chrome" dev="dm-2" ino=12190 scontext=u:r:isolated_app:s0:c512,c768 tcontext=u:object_r:app_data_file:s0:c512,c768 tclass=dir permissive=0
10-30 11:48:49.288 10101 10101 I cr_ChildProcessService: Creating new ChildProcessService pid=10101
10-30 11:48:49.371 10101 10114 I cr_LibraryLoader: Loaded native library version number "85.0.4183.127"
10-30 11:48:49.371 10101 10114 I cr_CachingUmaRecorder: Flushed 1 samples from 1 histograms.
10-30 11:48:49.393 10114 10114 W CrUtilityMain: type=1400 audit(0.0:5764): avc: denied { setattr } for name="download_file_types.pb" dev="dm-2" ino=60271 scontext=u:r:isolated_app:s0:c512,c768 tcontext=u:object_r:app_data_file:s0:c512,c768 tclass=file permissive=0
10-30 11:48:49.393 10114 10114 W CrUtilityMain: type=1400 audit(0.0:5765): avc: denied { setattr } for name="manifest.json" dev="dm-2" ino=60119 scontext=u:r:isolated_app:s0:c512,c768 tcontext=u:object_r:app_data_file:s0:c512,c768 tclass=file permissive=0
10-30 11:48:49.397 10114 10114 W CrUtilityMain: type=1400 audit(0.0:5766): avc: denied { setattr } for name="verified_contents.json" dev="dm-2" ino=63578 scontext=u:r:isolated_app:s0:c512,c768 tcontext=u:object_r:app_data_file:s0:c512,c768 tclass=file permissive=0
10-30 11:48:49.412 10101 10101 I cr_ChildProcessService: Destroying ChildProcessService pid=10101
10-30 11:48:49.415 10101 10114 I chromium: [INFO:child_process_service.cc(69)] ChildProcessService: Exiting child process.
10-30 11:48:49.423  9398  9398 W chromium: [WARNING:compositor_view.cc(315)] Child process died (type=6) pid=10101)
10-30 11:48:49.423   600  2707 I ActivityManager: Process com.android.chrome:sandboxed_process26 (pid 10101) has died
10-30 11:48:49.423   600  2707 D ActivityManager: cleanUpApplicationRecord -- 10101
10-30 11:48:50.202  9948  9948 D MonkeyStub: translateCommand: touch down 614 1561
10-30 11:48:50.209  9948  9948 D MonkeyStub: translateCommand: touch move 614 1561
10-30 11:48:50.313  9948  9948 D MonkeyStub: translateCommand: touch move 614 1436
10-30 11:48:50.421  9948  9948 D MonkeyStub: translateCommand: touch move 614 1311
10-30 11:48:50.542  9948  9948 D MonkeyStub: translateCommand: touch move 614 1186
10-30 11:48:50.646  9948  9948 D MonkeyStub: translateCommand: touch move 614 1061
10-30 11:48:50.751  9948  9948 D MonkeyStub: translateCommand: touch move 614 937
10-30 11:48:50.859  9948  9948 D MonkeyStub: translateCommand: touch move 614 812
10-30 11:48:51.529  9398  9398 I Choreographer: Skipped 71 frames!  The application may be doing too much work on its main thread.
10-30 11:48:51.530  9948  9948 D MonkeyStub: translateCommand: touch move 614 687
10-30 11:48:51.641  9948  9948 D MonkeyStub: translateCommand: touch move 614 562
10-30 11:48:51.749  9948  9948 D MonkeyStub: translateCommand: touch move 614 437
10-30 11:48:51.857  9948  9948 D MonkeyStub: translateCommand: touch move 614 312
10-30 11:48:51.864  9948  9948 D MonkeyStub: translateCommand: touch up 614 312
10-30 11:48:51.886  9948  9948 D MonkeyStub: translateCommand: touch down 614 1561
10-30 11:48:51.892  9948  9948 D MonkeyStub: translateCommand: touch move 614 1561
10-30 11:48:51.998  9948  9948 D MonkeyStub: translateCommand: touch move 614 1436
10-30 11:48:52.102  9948  9948 D MonkeyStub: translateCommand: touch move 614 1311
10-30 11:48:52.202   600  9614 I ActivityManager: Start proc 10121:com.android.chrome:sandboxed_process27/u0i448 for service com.android.chrome/org.chromium.content.app.SandboxedProcessService27
10-30 11:48:52.209  9948  9948 D MonkeyStub: translateCommand: touch move 614 1186
10-30 11:48:52.257 10121 10121 W boxed_process27: type=1400 audit(0.0:5767): avc: denied { getattr } for path="/data/data/com.android.chrome" dev="dm-2" ino=12190 scontext=u:r:isolated_app:s0:c512,c768 tcontext=u:object_r:app_data_file:s0:c512,c768 tclass=dir permissive=0
10-30 11:48:52.284 10121 10121 I cr_ChildProcessService: Creating new ChildProcessService pid=10121
10-30 11:48:52.333  9948  9948 D MonkeyStub: translateCommand: touch move 614 1061
10-30 11:48:52.337 10121 10134 I cr_LibraryLoader: Loaded native library version number "85.0.4183.127"
10-30 11:48:52.337 10121 10134 I cr_CachingUmaRecorder: Flushed 1 samples from 1 histograms.
10-30 11:48:52.360 10134 10134 W CrUtilityMain: type=1400 audit(0.0:5768): avc: denied { setattr } for name="ssl_error_assistant.pb" dev="dm-2" ino=58133 scontext=u:r:isolated_app:s0:c512,c768 tcontext=u:object_r:app_data_file:s0:c512,c768 tclass=file permissive=0
10-30 11:48:52.363 10134 10134 W CrUtilityMain: type=1400 audit(0.0:5769): avc: denied { setattr } for name="manifest.json" dev="dm-2" ino=57733 scontext=u:r:isolated_app:s0:c512,c768 tcontext=u:object_r:app_data_file:s0:c512,c768 tclass=file permissive=0
10-30 11:48:52.390 10134 10134 W CrUtilityMain: type=1400 audit(0.0:5770): avc: denied { setattr } for name="verified_contents.json" dev="dm-2" ino=58175 scontext=u:r:isolated_app:s0:c512,c768 tcontext=u:object_r:app_data_file:s0:c512,c768 tclass=file permissive=0
10-30 11:48:52.398 10121 10134 I chromium: [INFO:child_process_service.cc(69)] ChildProcessService: Exiting child process.
10-30 11:48:52.403   197   197 E lowmemorykiller: Error writing /proc/10121/oom_score_adj; errno=22
10-30 11:48:52.414   600 13631 I ActivityManager: Process com.android.chrome:sandboxed_process27 (pid 10121) has died
10-30 11:48:52.414   600 13631 D ActivityManager: cleanUpApplicationRecord -- 10121
10-30 11:48:52.414  9398  9398 W chromium: [WARNING:compositor_view.cc(315)] Child process died (type=6) pid=10121)
10-30 11:48:52.440  9948  9948 D MonkeyStub: translateCommand: touch move 614 937
10-30 11:48:52.548  9948  9948 D MonkeyStub: translateCommand: touch move 614 812
10-30 11:48:52.657  9948  9948 D MonkeyStub: translateCommand: touch move 614 687
10-30 11:48:52.769  9948  9948 D MonkeyStub: translateCommand: touch move 614 562
10-30 11:48:52.874  9948  9948 D MonkeyStub: translateCommand: touch move 614 437
10-30 11:48:52.979  9948  9948 D MonkeyStub: translateCommand: touch move 614 312
10-30 11:48:52.986  9948  9948 D MonkeyStub: translateCommand: touch up 614 312
10-30 11:48:53.490  9398  9398 W View    : requestLayout() improperly called by org.chromium.chrome.browser.contextmenu.RevampedContextMenuListView{38c20cd VFED.VC.. .F....ID 11,11-989,1223 #7f0b0132 app:id/context_menu_list_view} during layout: running second layout pass
10-30 11:48:54.805   600 27731 I ActivityManager: Start proc 10138:com.android.chrome:sandboxed_process28/u0i449 for service com.android.chrome/org.chromium.content.app.SandboxedProcessService28
10-30 11:48:54.887 10138 10138 W boxed_process28: type=1400 audit(0.0:5771): avc: denied { getattr } for path="/data/data/com.android.chrome" dev="dm-2" ino=12190 scontext=u:r:isolated_app:s0:c512,c768 tcontext=u:object_r:app_data_file:s0:c512,c768 tclass=dir permissive=0
10-30 11:48:54.915 10138 10138 I cr_ChildProcessService: Creating new ChildProcessService pid=10138
10-30 11:48:54.959 10138 10151 I cr_LibraryLoader: Loaded native library version number "85.0.4183.127"
10-30 11:48:54.960 10138 10151 I cr_CachingUmaRecorder: Flushed 1 samples from 1 histograms.
10-30 11:48:55.009 10138 10151 I chromium: [INFO:child_process_service.cc(69)] ChildProcessService: Exiting child process.
10-30 11:48:55.113   600 24611 I ActivityManager: Process com.android.chrome:sandboxed_process28 (pid 10138) has died
10-30 11:48:55.113   600 24611 D ActivityManager: cleanUpApplicationRecord -- 10138
10-30 11:48:55.115  9398  9398 W chromium: [WARNING:compositor_view.cc(315)] Child process died (type=6) pid=10138)
10-30 11:48:55.512   600  1079 I ActivityManager: Start proc 10156:com.android.chrome:sandboxed_process29/u0i450 for service com.android.chrome/org.chromium.content.app.SandboxedProcessService29
10-30 11:48:55.570 10156 10156 W boxed_process29: type=1400 audit(0.0:5772): avc: denied { getattr } for path="/data/data/com.android.chrome" dev="dm-2" ino=12190 scontext=u:r:isolated_app:s0:c512,c768 tcontext=u:object_r:app_data_file:s0:c512,c768 tclass=dir permissive=0
10-30 11:48:55.601 10156 10156 I cr_ChildProcessService: Creating new ChildProcessService pid=10156
10-30 11:48:55.645 10156 10169 I cr_LibraryLoader: Loaded native library version number "85.0.4183.127"
10-30 11:48:55.646 10156 10169 I cr_CachingUmaRecorder: Flushed 1 samples from 1 histograms.
10-30 11:48:55.660 10169 10169 W CrUtilityMain: type=1400 audit(0.0:5773): avc: denied { setattr } for name="safety_tips.pb" dev="dm-2" ino=57838 scontext=u:r:isolated_app:s0:c512,c768 tcontext=u:object_r:app_data_file:s0:c512,c768 tclass=file permissive=0
10-30 11:48:55.660 10169 10169 W CrUtilityMain: type=1400 audit(0.0:5774): avc: denied { setattr } for name="manifest.json" dev="dm-2" ino=59150 scontext=u:r:isolated_app:s0:c512,c768 tcontext=u:object_r:app_data_file:s0:c512,c768 tclass=file permissive=0
10-30 11:48:55.663 10169 10169 W CrUtilityMain: type=1400 audit(0.0:5775): avc: denied { setattr } for name="verified_contents.json" dev="dm-2" ino=59426 scontext=u:r:isolated_app:s0:c512,c768 tcontext=u:object_r:app_data_file:s0:c512,c768 tclass=file permissive=0
10-30 11:48:55.674 10156 10156 I cr_ChildProcessService: Destroying ChildProcessService pid=10156
10-30 11:48:55.675 10156 10169 I chromium: [INFO:child_process_service.cc(69)] ChildProcessService: Exiting child process.
10-30 11:48:55.700   600 13631 I ActivityManager: Process com.android.chrome:sandboxed_process29 (pid 10156) has died
10-30 11:48:55.700   600 13631 D ActivityManager: cleanUpApplicationRecord -- 10156
10-30 11:48:55.702  9398  9398 W chromium: [WARNING:compositor_view.cc(315)] Child process died (type=6) pid=10156)
10-30 11:48:58.001  9948  9948 D MonkeyStub: Quit requested
10-30 11:48:58.074   600   614 I CwMcuSensor: CwMcuSensor::flush: fd = 240, sensors_id = 0, path = /sys/class/htc_sensorhub/sensor_hub/flush, err = 0
10-30 11:48:58.096  9948  9948 I art     : System.exit called, status: 82
10-30 11:48:58.096  9948  9948 I AndroidRuntime: VM exiting with result code 82.
10-30 11:48:58.139   600 29683 W WindowManager: Attempted to remove non-existing token: android.os.Binder@7dca08
10-30 11:48:58.826  2434  2444 W art     : Suspending all threads took: 7.502ms
10-30 11:48:58.829  2434  2444 I art     : Background sticky concurrent mark sweep GC freed 8089(619KB) AllocSpace objects, 0(0B) LOS objects, 9% free, 8MB/8MB, paused 8.514ms total 27.409ms
10-30 11:48:58.889  9398  9408 I art     : Background sticky concurrent mark sweep GC freed 11951(441KB) AllocSpace objects, 0(0B) LOS objects, 2% free, 20MB/20MB, paused 8.891ms total 22.856ms
10-30 11:48:59.063   600 16391 I ActivityManager: Start proc 10177:com.android.chrome:sandboxed_process30/u0i451 for service com.android.chrome/org.chromium.content.app.SandboxedProcessService30
10-30 11:48:59.153 10177 10177 W boxed_process30: type=1400 audit(0.0:5776): avc: denied { getattr } for path="/data/data/com.android.chrome" dev="dm-2" ino=12190 scontext=u:r:isolated_app:s0:c512,c768 tcontext=u:object_r:app_data_file:s0:c512,c768 tclass=dir permissive=0
10-30 11:48:59.187 10177 10177 I cr_ChildProcessService: Creating new ChildProcessService pid=10177
10-30 11:48:59.259 10177 10190 I cr_LibraryLoader: Loaded native library version number "85.0.4183.127"
10-30 11:48:59.259 10177 10190 I cr_CachingUmaRecorder: Flushed 1 samples from 1 histograms.
10-30 11:48:59.277 10190 10190 W CrUtilityMain: type=1400 audit(0.0:5777): avc: denied { setattr } for name=5072656C6F61642044617461 dev="dm-2" ino=57491 scontext=u:r:isolated_app:s0:c512,c768 tcontext=u:object_r:app_data_file:s0:c512,c768 tclass=file permissive=0
10-30 11:48:59.277 10190 10190 W CrUtilityMain: type=1400 audit(0.0:5778): avc: denied { setattr } for name="manifest.json" dev="dm-2" ino=54649 scontext=u:r:isolated_app:s0:c512,c768 tcontext=u:object_r:app_data_file:s0:c512,c768 tclass=file permissive=0
10-30 11:48:59.280 10190 10190 W CrUtilityMain: type=1400 audit(0.0:5779): avc: denied { setattr } for name="verified_contents.json" dev="dm-2" ino=52109 scontext=u:r:isolated_app:s0:c512,c768 tcontext=u:object_r:app_data_file:s0:c512,c768 tclass=file permissive=0
10-30 11:48:59.290 10177 10177 I cr_ChildProcessService: Destroying ChildProcessService pid=10177
10-30 11:48:59.291 10177 10190 I chromium: [INFO:child_process_service.cc(69)] ChildProcessService: Exiting child process.
10-30 11:48:59.320   600 13631 I ActivityManager: Process com.android.chrome:sandboxed_process30 (pid 10177) has died
10-30 11:48:59.320   600 13631 D ActivityManager: cleanUpApplicationRecord -- 10177
10-30 11:48:59.334  9398  9398 W chromium: [WARNING:compositor_view.cc(315)] Child process died (type=6) pid=10177)
10-30 11:49:02.963   600 24515 I ActivityManager: Start proc 10197:com.android.chrome:sandboxed_process31/u0i452 for service com.android.chrome/org.chromium.content.app.SandboxedProcessService31
10-30 11:49:03.027 10197 10197 W boxed_process31: type=1400 audit(0.0:5780): avc: denied { getattr } for path="/data/data/com.android.chrome" dev="dm-2" ino=12190 scontext=u:r:isolated_app:s0:c512,c768 tcontext=u:object_r:app_data_file:s0:c512,c768 tclass=dir permissive=0
10-30 11:49:03.049 10197 10197 I cr_ChildProcessService: Creating new ChildProcessService pid=10197
10-30 11:49:03.092 10197 10210 I cr_LibraryLoader: Loaded native library version number "85.0.4183.127"
10-30 11:49:03.092 10197 10210 I cr_CachingUmaRecorder: Flushed 1 samples from 1 histograms.
10-30 11:49:03.107 10210 10210 W CrUtilityMain: type=1400 audit(0.0:5781): avc: denied { setattr } for name="tls_deprecation_config.pb" dev="dm-2" ino=51357 scontext=u:r:isolated_app:s0:c512,c768 tcontext=u:object_r:app_data_file:s0:c512,c768 tclass=file permissive=0
