10-30 02:38:33.326   600   614 I CwMcuSensor: CwMcuSensor::flush: fd = 235, sensors_id = 0, path = /sys/class/htc_sensorhub/sensor_hub/flush, err = 0
10-30 02:38:33.332 19855 19855 I art     : System.exit called, status: 82
10-30 02:38:33.332 19855 19855 I AndroidRuntime: VM exiting with result code 82.
10-30 02:38:33.351   600  1081 W WindowManager: Attempted to remove non-existing token: android.os.Binder@59f2acb
10-30 02:38:41.624 11473 12080 I Icing   : IndexChimeraService.getServiceInterface callingPackage=com.android.chrome componentName=null serviceId=36
10-30 02:38:41.670 11473 11990 W Icing   : No valid account for uploading user actions
10-30 02:38:41.727 11473 11609 I Icing   : IndexChimeraService.getServiceInterface callingPackage=com.google.android.gms componentName=null serviceId=30
10-30 02:38:41.749 11473 11990 I Icing   : Usage reports ok 1, Failed Usage reports 0, indexed 1, rejected 0
10-30 02:38:41.753 11473 11990 W Icing   : No valid account for uploading user actions
10-30 02:38:41.775 11473 11990 I Icing   : Usage reports ok 0, Failed Usage reports 0, indexed 0, rejected 0
10-30 02:38:41.776 11473 11990 I Icing   : Indexing com.android.chrome-omnibox from com.android.chrome
10-30 02:38:41.850 11473 11990 I Icing   : Indexing done com.android.chrome-omnibox
10-30 02:38:42.796   787 28592 W Icing   : isOptedInForAppHistory: empty Account Name encountered
10-30 02:38:42.808   787 16475 W Icing   : isOptedInForAppHistory: empty Account Name encountered
10-30 02:38:49.779 20124 20124 D AndroidRuntime: >>>>>> START com.android.internal.os.RuntimeInit uid 2000 <<<<<<
10-30 02:38:49.788 20124 20124 D AndroidRuntime: CheckJNI is OFF
10-30 02:38:49.945 20124 20124 D ICU     : No timezone override file found: /data/misc/zoneinfo/current/icu/icu_tzdata.dat
10-30 02:38:50.007 20124 20124 I Radio-JNI: register_android_hardware_Radio DONE
10-30 02:38:50.037 20124 20124 D AndroidRuntime: Calling main entry com.android.commands.am.Am
10-30 02:38:50.064   600  1080 I ActivityManager: Force stopping com.android.chrome appid=10035 user=0: from pid 20124
10-30 02:38:50.064   600  1080 I ActivityManager: Killing 19313:com.android.chrome:privileged_process0/u0a35 (adj 0): stop com.android.chrome
10-30 02:38:50.064   600  1080 D ActivityManager: cleanUpApplicationRecord -- 19313
10-30 02:38:50.065   600  1080 W ActivityManager: Scheduling restart of crashed service com.android.chrome/org.chromium.content.app.PrivilegedProcessService0 in 1000ms
10-30 02:38:50.067   600  1080 I ActivityManager: Killing 19251:com.android.chrome/u0a35 (adj 0): stop com.android.chrome
10-30 02:38:50.067   600  1080 D ActivityManager: cleanUpApplicationRecord -- 19251
10-30 02:38:50.076   600  1080 I ActivityManager: Killing 19733:com.android.chrome:sandboxed_process18/u0a35i435 (adj 0): isolated not needed
10-30 02:38:50.080   600  1080 W ActivityManager: Force removing ActivityRecord{a1ade54 u0 com.android.chrome/com.google.android.apps.chrome.Main t1479}: app died, no saved state
10-30 02:38:50.086 19286 19286 I cr_ChildProcessService: Destroying ChildProcessService pid=19286
10-30 02:38:50.092   600  1080 I ActivityManager: Killing 19286:com.android.chrome:sandboxed_process0/u0a35i417 (adj 0): isolated not needed
10-30 02:38:50.114 20124 20124 D AndroidRuntime: Shutting down VM
10-30 02:38:50.129  1084  1171 I OpenGLRenderer: Initialized EGL, version 1.4
10-30 02:38:50.129  1084  1171 D OpenGLRenderer: Swap behavior 2
10-30 02:38:50.188  1061  1061 D RegisteredNfcFServicesCache: Service unchanged, not updating
10-30 02:38:50.235 17059 18173 I AttachedClient: Adding client event 2 to pending list.
10-30 02:38:50.255 17059 17059 I OptInState: There is a new client and it does not support opt-in. Dropping request.
10-30 02:38:50.258 17059 17059 I MicroDetectionWorker: Micro detection mode: [mDetectionMode: [1]].
10-30 02:38:50.274 17059 20138 I MicroRecognitionRunner: Starting detection.
10-30 02:38:50.276 17059 17090 I MicrophoneInputStream: mic_starting com.google.android.apps.gsa.speech.audio.ae@3d43bb1
10-30 02:38:50.287   238   285 I SoundTriggerHwService::Module: void android::SoundTriggerHwService::Module::onCallbackEvent(const sp<android::SoundTriggerHwService::CallbackEvent> &) mClient == 0
10-30 02:38:50.290   238 20141 I AudioFlinger: AudioFlinger's thread 0xeed03000 ready to run
10-30 02:38:50.293 17059 17090 I MicrophoneInputStream: mic_started com.google.android.apps.gsa.speech.audio.ae@3d43bb1
10-30 02:38:50.333   600   707 D ActivityManager: cleanUpApplicationRecord -- 19286
10-30 02:38:50.421   600  1080 D ConnectivityService: ConnectivityService NetworkRequestInfo binderDied(NetworkRequest [ LISTEN id=598, [ Capabilities: INTERNET&NOT_RESTRICTED&TRUSTED&FOREGROUND] ], android.os.BinderProxy@8b697b3)
10-30 02:38:50.421   600  1080 D ConnectivityService: ConnectivityService NetworkRequestInfo binderDied(NetworkRequest [ LISTEN id=597, [ Capabilities: INTERNET&NOT_RESTRICTED&TRUSTED&FOREGROUND] ], android.os.BinderProxy@f695170)
10-30 02:38:50.421   600   713 D ConnectivityService: ConnectivityService NetworkRequestInfo binderDied(NetworkRequest [ LISTEN id=595, [ Capabilities: INTERNET&NOT_RESTRICTED&TRUSTED&FOREGROUND] ], android.os.BinderProxy@347fce9)
10-30 02:38:50.421   600   713 D ConnectivityService: ConnectivityService NetworkRequestInfo binderDied(NetworkRequest [ LISTEN id=596, [ Capabilities: INTERNET&NOT_RESTRICTED&TRUSTED&FOREGROUND] ], android.os.BinderProxy@9ebdd6e)
10-30 02:38:50.422   600   713 D GraphicsStats: Buffer count: 2
10-30 02:38:50.423   600   649 E ConnectivityService: RemoteException caught trying to send a callback msg for NetworkRequest [ LISTEN id=598, [ Capabilities: INTERNET&NOT_RESTRICTED&TRUSTED&FOREGROUND] ]
10-30 02:38:50.424   600   649 E ConnectivityService: RemoteException caught trying to send a callback msg for NetworkRequest [ LISTEN id=595, [ Capabilities: INTERNET&NOT_RESTRICTED&TRUSTED&FOREGROUND] ]
10-30 02:38:50.424   600   649 E ConnectivityService: RemoteException caught trying to send a callback msg for NetworkRequest [ LISTEN id=596, [ Capabilities: INTERNET&NOT_RESTRICTED&TRUSTED&FOREGROUND] ]
10-30 02:38:50.425   600   649 E ConnectivityService: RemoteException caught trying to send a callback msg for NetworkRequest [ LISTEN id=597, [ Capabilities: INTERNET&NOT_RESTRICTED&TRUSTED&FOREGROUND] ]
10-30 02:38:50.458   600   713 D ActivityManager: cleanUpApplicationRecord -- 19733
10-30 02:38:50.470 17059 17059 I MicroDetectionWorker: onReady
10-30 02:38:50.668  1084  1171 W OpenGLRenderer: Incorrectly called buildLayer on View: ShortcutAndWidgetContainer, destroying layer...
10-30 02:38:50.745 20136 20136 D AndroidRuntime: >>>>>> START com.android.internal.os.RuntimeInit uid 2000 <<<<<<
10-30 02:38:50.750 20136 20136 D AndroidRuntime: CheckJNI is OFF
10-30 02:38:50.825 20136 20136 D ICU     : No timezone override file found: /data/misc/zoneinfo/current/icu/icu_tzdata.dat
10-30 02:38:50.857 20136 20136 I Radio-JNI: register_android_hardware_Radio DONE
10-30 02:38:50.873 20136 20136 D AndroidRuntime: Calling main entry com.android.commands.pm.Pm
10-30 02:38:50.889   600  3507 I ActivityManager: Force stopping com.android.chrome appid=10035 user=0: clear data
10-30 02:38:50.895   600   613 I ActivityManager: Force stopping com.android.chrome appid=10035 user=-1: clearApplicationUserData
10-30 02:38:50.954   787   787 I GeofencerStateMachine: removeGeofences: removeRequest=RemoveGeofencingRequest[REMOVE_ALL packageName=com.android.chrome]
10-30 02:38:50.958   600   612 W ResourceType: No known package when getting value for resource number 0x7f080316
10-30 02:38:50.958   600   612 W ResourceType: No known package when getting value for resource number 0x7f130448
10-30 02:38:50.958   600   612 W ResourceType: No known package when getting value for resource number 0x7f080315
10-30 02:38:50.958   600   612 W ResourceType: No known package when getting value for resource number 0x7f130123
10-30 02:38:50.958   600   612 W ResourceType: No known package when getting value for resource number 0x7f130447
10-30 02:38:50.958   600   612 W ResourceType: No known package when getting value for resource number 0x7f1302e4
10-30 02:38:50.958   600   612 E ShortcutService: Ignoring excessive intent tag.
10-30 02:38:50.961  1061  1061 D RegisteredNfcFServicesCache: Service unchanged, not updating
10-30 02:38:50.962 20136 20136 I art     : System.exit called, status: 0
10-30 02:38:50.962 20136 20136 I AndroidRuntime: VM exiting with result code 0.
10-30 02:38:51.002 11473 17077 I Icing   : doRemovePackageData com.android.chrome
10-30 02:38:51.002 11473 17077 I Icing   : Removing corpus key com.android.chrome-.implicit: for package com.android.chrome
10-30 02:38:51.048   787 20159 I Fitness : FitCleanupIntentOperation received Intent android.intent.action.PACKAGE_DATA_CLEARED [CONTEXT service_id=17 ]
10-30 02:38:51.060 11473 17077 I native  : flash-index.cc:1519 Flash index sort hb 137 prefix-hits 253 -> 224 at 10.061ms
10-30 02:38:51.092 11473 17077 I Icing   : Removing corpus key com.android.chrome-omnibox for package com.android.chrome
10-30 02:38:51.149 11473 17077 I Icing   : Starting compaction min disk 99.927% min index 99.989%
10-30 02:38:51.274 11473 17077 I native  : document-store.cc:1654 Scored 1574 usage reports, missing_corpora 826 update_failed 1
10-30 02:38:51.313 11473 17077 W native  : words-map.cc:30 INVALID_ARGUMENT: Empty URI
10-30 02:38:51.313 11473 17077 W native  : words-map.cc:34 WordsMap was not properly initialized
10-30 02:38:51.409 11473 17077 E native  : compactor.cc:67 Could not index embedding for docid 1: INTERNAL: Unable to find Thing Proto section 
10-30 02:38:51.410 11473 17077 E native  : compactor.cc:67 Could not index embedding for docid 3: INTERNAL: Unable to find Thing Proto section 
10-30 02:38:51.411 11473 17077 E native  : compactor.cc:67 Could not index embedding for docid 5: INTERNAL: Unable to find Thing Proto section 
10-30 02:38:51.411 11473 17077 E native  : compactor.cc:67 Could not index embedding for docid 7: INTERNAL: Unable to find Thing Proto section 
10-30 02:38:51.417 11473 17077 E native  : compactor.cc:67 Could not index embedding for docid 8: INTERNAL: Unable to find Thing Proto section 
10-30 02:38:51.418 11473 17077 E native  : compactor.cc:67 Could not index embedding for docid 10: INTERNAL: Unable to find Thing Proto section 
10-30 02:38:51.418 11473 17077 E native  : compactor.cc:67 Could not index embedding for docid 11: INTERNAL: Unable to find Thing Proto section 
10-30 02:38:51.419 11473 17077 E native  : compactor.cc:67 Could not index embedding for docid 13: INTERNAL: Unable to find Thing Proto section 
10-30 02:38:51.419 11473 17077 E native  : compactor.cc:67 Could not index embedding for docid 14: INTERNAL: Unable to find Thing Proto section 
10-30 02:38:51.426 11473 17077 E native  : compactor.cc:67 Could not index embedding for docid 17: INTERNAL: Unable to find Thing Proto section 
10-30 02:38:51.426 11473 17077 E native  : compactor.cc:67 Could not index embedding for docid 18: INTERNAL: Unable to find Thing Proto section 
10-30 02:38:51.427 11473 17077 E native  : compactor.cc:67 Could not index embedding for docid 21: INTERNAL: Unable to find Thing Proto section 
10-30 02:38:51.427 11473 17077 E native  : compactor.cc:67 Could not index embedding for docid 22: INTERNAL: Unable to find Thing Proto section 
10-30 02:38:51.434 11473 17077 E native  : compactor.cc:67 Could not index embedding for docid 26: INTERNAL: Unable to find Thing Proto section 
10-30 02:38:51.434 11473 17077 E native  : compactor.cc:67 Could not index embedding for docid 27: INTERNAL: Unable to find Thing Proto section 
10-30 02:38:51.496 11473 17077 I native  : flash-index.cc:1519 Flash index sort hb 34 prefix-hits 54 -> 54 at 38.631ms
10-30 02:38:51.528 11473 17077 W native  : words-map.cc:30 INVALID_ARGUMENT: Empty URI
10-30 02:38:51.528 11473 17077 W native  : words-map.cc:34 WordsMap was not properly initialized
10-30 02:38:51.572 11473 17077 I Icing   : updateResources: need to parse acol{com.android.chrome}
10-30 02:38:51.635 11473 17077 I Icing   : Indexing com.android.chrome-omnibox from com.android.chrome
10-30 02:38:51.647   600  1082 I ActivityManager: Start proc 20164:com.android.chrome/u0a35 for content provider com.android.chrome/com.google.android.apps.chrome.icing.IcingProvider
10-30 02:38:51.750 11473 17077 I Icing   : Indexing done com.android.chrome-omnibox
