--------- beginning of main
10-30 02:37:13.471 19241 19241 D AndroidRuntime: >>>>>> START com.android.internal.os.RuntimeInit uid 2000 <<<<<<
10-30 02:37:13.475 19241 19241 D AndroidRuntime: CheckJNI is OFF
10-30 02:37:13.539 19241 19241 D ICU     : No timezone override file found: /data/misc/zoneinfo/current/icu/icu_tzdata.dat
10-30 02:37:13.567 19241 19241 I Radio-JNI: register_android_hardware_Radio DONE
10-30 02:37:13.582 19241 19241 D AndroidRuntime: Calling main entry com.android.commands.am.Am
--------- beginning of system
10-30 02:37:13.599   600   611 I ActivityManager: Force stopping com.android.chrome appid=10035 user=0: from pid 19241
10-30 02:37:13.599   600   611 I ActivityManager: Killing 19156:com.android.chrome/u0a35 (adj 902): stop com.android.chrome
10-30 02:37:13.599   600   611 D ActivityManager: cleanUpApplicationRecord -- 19156
10-30 02:37:13.610  1061  1061 D RegisteredNfcFServicesCache: Service unchanged, not updating
10-30 02:37:13.858   600  6312 I ActivityManager: START u0 {act=android.intent.action.VIEW flg=0x10008000 cmp=com.android.chrome/com.google.android.apps.chrome.Main} from uid 2000 on display 0
10-30 02:37:13.883 19241 19241 D AndroidRuntime: Shutting down VM
10-30 02:37:13.931   600 24515 I ActivityManager: Start proc 19251:com.android.chrome/u0a35 for activity com.android.chrome/com.google.android.apps.chrome.Main
10-30 02:37:14.087   600  1080 I ActivityManager: START u0 {cmp=com.android.chrome/org.chromium.chrome.browser.firstrun.TabbedModeFirstRunActivity (has extras)} from uid 10035 on display 0
10-30 02:37:14.111 19251 19268 W DynamiteModule: Local module descriptor class for com.google.android.gms.googlecertificates not found.
10-30 02:37:14.267 19251 19268 I DynamiteModule: Considering local module com.google.android.gms.googlecertificates:0 and remote module com.google.android.gms.googlecertificates:6
10-30 02:37:14.267 19251 19268 I DynamiteModule: Selected remote version of com.google.android.gms.googlecertificates, version >= 6
10-30 02:37:14.279 19251 19269 I cr_LibraryLoader: Loaded native library version number "85.0.4183.127"
10-30 02:37:14.280 19251 19269 I cr_CachingUmaRecorder: Flushed 10 samples from 10 histograms.
10-30 02:37:14.306 19251 19270 I OpenGLRenderer: Initialized EGL, version 1.4
10-30 02:37:14.306 19251 19270 D OpenGLRenderer: Swap behavior 2
10-30 02:37:14.312 19251 19268 W System  : ClassLoader referenced unknown path: 
10-30 02:37:14.313 19251 19268 D ApplicationLoaders: ignored Vulkan layer search path /data/app/com.google.android.gms-1/lib/arm:/data/app/com.google.android.gms-1/base.apk!/lib/armeabi-v7a:/data/app/com.google.android.gms-1/split_config.en.apk!/lib/armeabi-v7a for namespace 0xf4a47090
10-30 02:37:14.315 19251 19268 W ResourceType: ResTable_typeSpec entry count inconsistent: given 67, previously 69
10-30 02:37:14.315 19251 19268 W ResourceType: ResTable_typeSpec entry count inconsistent: given 5346, previously 5347
10-30 02:37:14.340 19251 19268 I DynamiteLoaderV2Impl: [70] Googlecertificates
10-30 02:37:14.352 19251 19268 W System  : ClassLoader referenced unknown path: /data/user_de/0/com.google.android.gms/app_chimera/m/00000061/n/armeabi-v7a
10-30 02:37:14.352 19251 19268 W System  : ClassLoader referenced unknown path: /data/user_de/0/com.google.android.gms/app_chimera/m/00000061/n/armeabi
10-30 02:37:14.458   600   620 W WindowManager: Failed looking up window
10-30 02:37:14.458   600   620 W WindowManager: java.lang.IllegalArgumentException: Requested window android.view.ViewRootImpl$W@1eb2317 does not exist
10-30 02:37:14.458   600   620 W WindowManager: 	at com.android.server.wm.WindowManagerService.windowForClientLocked(WindowManagerService.java:9422)
10-30 02:37:14.458   600   620 W WindowManager: 	at com.android.server.wm.WindowManagerService.windowForClientLocked(WindowManagerService.java:9413)
10-30 02:37:14.458   600   620 W WindowManager: 	at com.android.server.wm.WindowManagerService.removeWindow(WindowManagerService.java:2393)
10-30 02:37:14.458   600   620 W WindowManager: 	at com.android.server.wm.Session.remove(Session.java:202)
10-30 02:37:14.458   600   620 W WindowManager: 	at android.view.ViewRootImpl.dispatchDetachedFromWindow(ViewRootImpl.java:3290)
10-30 02:37:14.458   600   620 W WindowManager: 	at android.view.ViewRootImpl.doDie(ViewRootImpl.java:5917)
10-30 02:37:14.458   600   620 W WindowManager: 	at android.view.ViewRootImpl$ViewRootHandler.handleMessage(ViewRootImpl.java:3626)
10-30 02:37:14.458   600   620 W WindowManager: 	at android.os.Handler.dispatchMessage(Handler.java:102)
10-30 02:37:14.458   600   620 W WindowManager: 	at android.os.Looper.loop(Looper.java:154)
10-30 02:37:14.458   600   620 W WindowManager: 	at android.os.HandlerThread.run(HandlerThread.java:61)
10-30 02:37:14.458   600   620 W WindowManager: 	at com.android.server.ServiceThread.run(ServiceThread.java:46)
10-30 02:37:14.489   600   620 I ActivityManager: Displayed com.android.chrome/org.chromium.chrome.browser.firstrun.TabbedModeFirstRunActivity: +352ms (total +606ms)
10-30 02:37:14.516   787 28589 I FontLog : Received query Google Sans, URI content://com.google.android.gms.fonts [CONTEXT service_id=132 ]
10-30 02:37:14.521   787 28589 I FontLog : Query [Google Sans] resolved to {Google Sans, wdth 100.0, wght 400, ital 0.0, bestEffort false} [CONTEXT service_id=132 ]
10-30 02:37:14.525   787 28589 I FontLog : Font PFD returned from cache for {Google Sans, wdth 100.0, wght 400, ital 0.0, bestEffort false} [CONTEXT service_id=132 ]
10-30 02:37:14.539   787 28589 I FontLog : Fetch {Google Sans, wdth 100.0, wght 400, ital 0.0, bestEffort false} end status Status{statusCode=SUCCESS, resolution=null} [CONTEXT service_id=132 ]
10-30 02:37:14.562   787  1716 I FontLog : Pulling font file for id = 562, cache size = 6 [CONTEXT service_id=132 ]
10-30 02:37:14.575   787  1259 E apju    : Phenotype API error. Event # cdub@27933583, EventCode: 7 [CONTEXT service_id=51 ]
10-30 02:37:14.575   787  1259 E apju    : apiz: 29505: No config packages for log source, or config package not registered
10-30 02:37:14.575   787  1259 E apju    : 	at apkj.b(:com.google.android.gms@203915020@20.39.15 (040406-335085812):7)
10-30 02:37:14.575   787  1259 E apju    : 	at apkg.b(:com.google.android.gms@203915020@20.39.15 (040406-335085812):2)
10-30 02:37:14.575   787  1259 E apju    : 	at apju.a(:com.google.android.gms@203915020@20.39.15 (040406-335085812):85)
10-30 02:37:14.575   787  1259 E apju    : 	at apju.a(:com.google.android.gms@203915020@20.39.15 (040406-335085812):80)
10-30 02:37:14.575   787  1259 E apju    : 	at aain.run(:com.google.android.gms@203915020@20.39.15 (040406-335085812):7)
10-30 02:37:14.575   787  1259 E apju    : 	at boex.run(:com.google.android.gms@203915020@20.39.15 (040406-335085812):2)
10-30 02:37:14.575   787  1259 E apju    : 	at sup.b(:com.google.android.gms@203915020@20.39.15 (040406-335085812):12)
10-30 02:37:14.575   787  1259 E apju    : 	at sup.run(:com.google.android.gms@203915020@20.39.15 (040406-335085812):7)
10-30 02:37:14.575   787  1259 E apju    : 	at java.util.concurrent.ThreadPoolExecutor.runWorker(ThreadPoolExecutor.java:1133)
10-30 02:37:14.575   787  1259 E apju    : 	at java.util.concurrent.ThreadPoolExecutor$Worker.run(ThreadPoolExecutor.java:607)
10-30 02:37:14.575   787  1259 E apju    : 	at tam.run(:com.google.android.gms@203915020@20.39.15 (040406-335085812):0)
10-30 02:37:14.575   787  1259 E apju    : 	at java.lang.Thread.run(Thread.java:761)
10-30 02:37:14.580   787  1259 E AsyncOperation: serviceID=51, operation=GetExperimentTokensOperationCall [CONTEXT service_id=259 ]
10-30 02:37:14.580   787  1259 E AsyncOperation: OperationException[Status{statusCode=No config packages for log source, or config package not registered, resolution=null}]
10-30 02:37:14.580   787  1259 E AsyncOperation: 	at apju.a(:com.google.android.gms@203915020@20.39.15 (040406-335085812):87)
10-30 02:37:14.580   787  1259 E AsyncOperation: 	at apju.a(:com.google.android.gms@203915020@20.39.15 (040406-335085812):80)
10-30 02:37:14.580   787  1259 E AsyncOperation: 	at aain.run(:com.google.android.gms@203915020@20.39.15 (040406-335085812):7)
10-30 02:37:14.580   787  1259 E AsyncOperation: 	at boex.run(:com.google.android.gms@203915020@20.39.15 (040406-335085812):2)
10-30 02:37:14.580   787  1259 E AsyncOperation: 	at sup.b(:com.google.android.gms@203915020@20.39.15 (040406-335085812):12)
10-30 02:37:14.580   787  1259 E AsyncOperation: 	at sup.run(:com.google.android.gms@203915020@20.39.15 (040406-335085812):7)
10-30 02:37:14.580   787  1259 E AsyncOperation: 	at java.util.concurrent.ThreadPoolExecutor.runWorker(ThreadPoolExecutor.java:1133)
10-30 02:37:14.580   787  1259 E AsyncOperation: 	at java.util.concurrent.ThreadPoolExecutor$Worker.run(ThreadPoolExecutor.java:607)
10-30 02:37:14.580   787  1259 E AsyncOperation: 	at tam.run(:com.google.android.gms@203915020@20.39.15 (040406-335085812):0)
10-30 02:37:14.580   787  1259 E AsyncOperation: 	at java.lang.Thread.run(Thread.java:761)
10-30 02:37:14.586   787  1245 I FontLog : Received query Google Sans:500, URI content://com.google.android.gms.fonts [CONTEXT service_id=132 ]
10-30 02:37:14.587   787  1245 I FontLog : Query [Google Sans:500] resolved to {Google Sans, wdth 100.0, wght 500, ital 0.0, bestEffort false} [CONTEXT service_id=132 ]
10-30 02:37:14.588   787  1245 I FontLog : Font PFD returned from cache for {Google Sans, wdth 100.0, wght 500, ital 0.0, bestEffort false} [CONTEXT service_id=132 ]
10-30 02:37:14.588   787  1245 I FontLog : Fetch {Google Sans, wdth 100.0, wght 500, ital 0.0, bestEffort false} end status Status{statusCode=SUCCESS, resolution=null} [CONTEXT service_id=132 ]
10-30 02:37:14.592   787   806 I FontLog : Pulling font file for id = 563, cache size = 7 [CONTEXT service_id=132 ]
10-30 02:37:14.602 19251 19268 D NetworkSecurityConfig: Using Network Security Config from resource 0_resource_name_obfuscated debugBuild: false
10-30 02:37:14.722 17059 17070 W SearchService: Abort, client detached.
10-30 02:37:14.722 17059 17059 I MemoryTrimmer: Trimming objects from memory, since app is in the background.
10-30 02:37:14.730  1084  1084 I MemoryTrimmer: Trimming objects from memory, since app is in the background.
10-30 02:37:14.747 17059 19127 I DeviceStateChecker: DeviceStateChecker cancelled
10-30 02:37:14.748 17059 17059 I MicroDetector: Keeping mic open: false
10-30 02:37:14.748 17059 17090 I AudioController: internalShutdown
10-30 02:37:14.748 17059 17090 I MicrophoneInputStream: mic_close com.google.android.apps.gsa.speech.audio.ae@7564a3e
10-30 02:37:14.749 17059 17111 I MicroRecognitionRunner: Stopping hotword detection.
10-30 02:37:14.770   238   285 I SoundTriggerHwService::Module: void android::SoundTriggerHwService::Module::onCallbackEvent(const sp<android::SoundTriggerHwService::CallbackEvent> &) mClient == 0
10-30 02:37:14.782 17059 19126 I MicroRecognitionRunner: Detection finished
10-30 02:37:14.797 17059 17059 I MemoryTrimmer: Trimming objects from memory, since app is in the background.
10-30 02:37:14.860 19251 19268 I cr_VariationsSeedFetch: Fetched first run seed in 264 ms
10-30 02:37:14.900 19251 19261 I art     : Background sticky concurrent mark sweep GC freed 15894(1244KB) AllocSpace objects, 12(772KB) LOS objects, 23% free, 5MB/6MB, paused 5.214ms total 35.850ms
10-30 02:37:14.906   600 24515 I ActivityManager: Start proc 19286:com.android.chrome:sandboxed_process0/u0i417 for service com.android.chrome/org.chromium.content.app.SandboxedProcessService0
10-30 02:37:14.957 19286 19286 W dboxed_process0: type=1400 audit(0.0:3932): avc: denied { getattr } for path="/data/data/com.android.chrome" dev="dm-2" ino=12190 scontext=u:r:isolated_app:s0:c512,c768 tcontext=u:object_r:app_data_file:s0:c512,c768 tclass=dir permissive=0
10-30 02:37:14.982 19286 19286 I cr_ChildProcessService: Creating new ChildProcessService pid=19286
10-30 02:37:15.107   600  3507 I ActivityManager: Start proc 19313:com.android.chrome:privileged_process0/u0a35 for service com.android.chrome/org.chromium.content.app.PrivilegedProcessService0
10-30 02:37:15.177 19251 19272 W ConnectionStatusConfig: Dynamic lookup for intent failed for action: com.google.android.gms.auth.key.retrieval.service.START
10-30 02:37:15.228 19313 19313 I cr_ChildProcessService: Creating new ChildProcessService pid=19313
10-30 02:37:15.232 19251 19272 W ConnectionStatusConfig: Dynamic lookup for intent failed for action: com.google.android.gms.auth.key.retrieval.service.START
10-30 02:37:15.233   600 13631 W ActivityManager: Unable to start service Intent { act=com.google.android.gms.auth.key.retrieval.service.START pkg=com.google.android.gms } U=0: not found
10-30 02:37:15.270   600  2707 W ActivityManager: Unbind failed: could not find connection for android.os.BinderProxy@47d1d63
10-30 02:37:15.278 19251 19272 E GmsClient: unable to connect to service: com.google.android.gms.auth.key.retrieval.service.START on com.google.android.gms
10-30 02:37:15.282 19313 19329 I cr_LibraryLoader: Loaded native library version number "85.0.4183.127"
10-30 02:37:15.283 19251 19251 W cr_KnoxSettingsProvider: Permission to read device policy denied.
10-30 02:37:15.283 19313 19329 I cr_CachingUmaRecorder: Flushed 1 samples from 1 histograms.
10-30 02:37:15.316 19313 19329 E libEGL  : validate_display:99 error 3008 (EGL_BAD_DISPLAY)
10-30 02:37:24.857 17059 17059 I MemoryTrimmer: Trimming objects from memory, since app is in the background.
10-30 02:37:27.120 19356 19356 D AndroidRuntime: >>>>>> START com.android.internal.os.RuntimeInit uid 2000 <<<<<<
10-30 02:37:27.124 19356 19356 D AndroidRuntime: CheckJNI is OFF
10-30 02:37:27.189 19356 19356 D ICU     : No timezone override file found: /data/misc/zoneinfo/current/icu/icu_tzdata.dat
10-30 02:37:27.220 19356 19356 I Radio-JNI: register_android_hardware_Radio DONE
10-30 02:37:27.235 19356 19356 D AndroidRuntime: Calling main entry com.android.commands.monkey.Monkey
10-30 02:37:27.303   600   613 W BroadcastQueue: Skipping deliver [background] BroadcastRecord{417069a u-1 android.net.conn.CONNECTIVITY_CHANGE} to ReceiverList{6ecebcb 19356 (unknown name)/2000/u-1 remote:b85d3bc}: process crashing
10-30 02:37:28.863 19356 19356 D MonkeyStub: translateCommand: wake
10-30 02:37:28.978 19356 19356 D MonkeyStub: translateCommand: tap 398 1198
10-30 02:37:31.057 19356 19356 D MonkeyStub: translateCommand: tap 720 1506
10-30 02:37:31.225 11473 11608 I PeopleChimeraService: onService. callbacks = aaik@a5cfae0, request = com.google.android.gms.common.internal.GetServiceRequest@7474199
10-30 02:37:31.232 11473 11607 I PeopleChimeraService: onService. callbacks = aaik@25e083f, request = com.google.android.gms.common.internal.GetServiceRequest@846e50c
10-30 02:37:33.109 19356 19356 D MonkeyStub: translateCommand: tap 355 1480
10-30 02:37:33.136 19356 19356 D MonkeyStub: Quit requested
10-30 02:37:33.163   600  2707 I ActivityManager: START u0 {act=android.intent.action.VIEW flg=0x10008000 cmp=com.android.chrome/com.google.android.apps.chrome.Main (has extras)} from uid 10035 on display 0
10-30 02:37:33.181   600   614 I CwMcuSensor: CwMcuSensor::flush: fd = 241, sensors_id = 0, path = /sys/class/htc_sensorhub/sensor_hub/flush, err = 0
10-30 02:37:33.198 19356 19356 I art     : System.exit called, status: 6
10-30 02:37:33.198 19356 19356 I AndroidRuntime: VM exiting with result code 6.
10-30 02:37:33.251   600 17381 W WindowManager: Attempted to remove non-existing token: android.os.Binder@cba6fa8
10-30 02:37:33.352 19251 19251 E cr_CompositorSurfaceMgr: Transitioning to surface with format : -1
10-30 02:37:33.412   600   609 I art     : Background partial concurrent mark sweep GC freed 19127(927KB) AllocSpace objects, 3(60KB) LOS objects, 33% free, 15MB/23MB, paused 862us total 181.003ms
10-30 02:37:33.446 19251 19306 W cr_tabmodel: Starting to perform legacy migration.
10-30 02:37:33.447 19251 19306 W cr_tabmodel: Finished performing legacy migration.
10-30 02:37:33.447 19251 19306 W cr_tabmodel: Starting to perform multi-instance migration.
10-30 02:37:33.447 19251 19306 W cr_tabmodel: Finished performing multi-instance migration.
10-30 02:37:33.448 19251 19306 I cr_tabmodel: Starting to fetch tab list for tab_state0
10-30 02:37:33.448 19251 19306 I cr_tabmodel: State file does not exist.
10-30 02:37:33.449 19251 19306 I cr_tabmodel: Starting to fetch tab list for tab_state1
10-30 02:37:33.449 19251 19306 I cr_tabmodel: State file does not exist.
10-30 02:37:33.493 19251 19306 I cr_ADCP : No customization source found
10-30 02:37:33.526 19251 19270 D OpenGLRenderer: endAllActiveAnimators on 0xd2b09900 (InsetDrawable) with handle 0xd2b602e0
10-30 02:37:33.542   600   610 E BatteryStatsService: power: Missing API
10-30 02:37:33.549   600   610 E BatteryStatsService: no controller energy info supplied
10-30 02:37:33.549   796   796 E PhoneInterfaceManager: [PhoneIntfMgr] queryModemActivityInfo: Empty response
10-30 02:37:33.563   600   610 E BatteryStatsService: modem info is invalid: ModemActivityInfo{ mTimestamp=0 mSleepTimeMs=0 mIdleTimeMs=0 mTxTimeMs[]=[0, 0, 0, 0, 0] mRxTimeMs=0 mEnergyUsed=0}
10-30 02:37:33.588   600   620 I ActivityManager: Displayed com.android.chrome/com.google.android.apps.chrome.Main: +386ms
10-30 02:37:33.589 19251 19251 E cr_CompositorSurfaceMgr: Transitioning to surface with format : -1
10-30 02:37:33.593 19251 19251 E cr_CompositorSurfaceMgr: surfaceCreated format : 0
10-30 02:37:33.599 19251 19251 I cr_ContextualSearch: Tap suppression enabled: false
10-30 02:37:33.603 19251 19251 I cr_ChromeTabbedActivity: #initializeState
10-30 02:37:33.603 19251 19251 I cr_CipherFactory: #restoreFromBundle, no savedInstanceState.
10-30 02:37:33.603 19251 19251 I cr_tabmodel: #loadState, ignoreIncognitoFiles? true
10-30 02:37:33.770 19251 19251 I SchedulerApiWrapper: Create SchedulerApiMainThreadWrapper
10-30 02:37:33.780 19251 19251 I FeedSessionManagerImpl: FeedSessionManagerImpl has been created
10-30 02:37:33.782 19251 19251 I FeedAppLifecycleLstnr: onEnterForeground called
10-30 02:37:33.782 19251 19251 I FeedSessionManagerImpl: onLifecycleEvent foreground
10-30 02:37:33.783 19251 19251 I FeedSessionManagerImpl: Lazy initialization triggered, getUpdateConsumer
10-30 02:37:33.784 19251 19306 I TaskQueue: Execute task [IMMEDIATE - d: true, b: 0]: 30
10-30 02:37:33.785 19251 19251 I FeedRequestManagerImpl: trigger refresh 2
10-30 02:37:33.785 19251 19251 I TaskQueue:  - task [HEAD_INVALIDATE - d: true, b: 0]: 26
10-30 02:37:33.786 19251 19251 I FeedAppLifecycleLstnr: initialize called
10-30 02:37:33.786 19251 19251 I FeedSessionManagerImpl: onLifecycleEvent initialize
10-30 02:37:33.786 19251 19251 W FeedSessionManagerImpl: FeedSessionManagerImpl has previously been initialized
10-30 02:37:33.809 19251 19251 I ViewConfigCompat: Could not find method getScaledScrollFactor() on ViewConfiguration
10-30 02:37:33.812 19251 19251 I BasicStream: Setting 2 header views, currently have 0 headers
10-30 02:37:33.814 19251 19251 I BasicStream: Setting 2 header views, currently have 2 headers
10-30 02:37:33.879   600   619 D BluetoothManagerService: Message: 20
10-30 02:37:33.879   600   619 D BluetoothManagerService: Added callback: android.bluetooth.IBluetoothManagerCallback$Stub$Proxy@42c16b4:true
10-30 02:37:33.904 19251 19251 E cr_IntentUtils: getBooleanExtra failed on intent null
10-30 02:37:33.914 19286 19299 I cr_LibraryLoader: Loaded native library version number "85.0.4183.127"
10-30 02:37:33.916 19286 19299 I cr_CachingUmaRecorder: Flushed 1 samples from 1 histograms.
10-30 02:37:33.929 19251 19251 I TimeoutSessionImpl: Using TimeoutSessionImpl
10-30 02:37:33.929 19251 19251 I FeedSessionManagerImpl: Delaying populateSession until initialization is finished
10-30 02:37:33.929 19251 19251 I TaskQueue:  - task [IMMEDIATE - d: true, b: 1]: 13
10-30 02:37:33.930 19251 19251 I MainThreadRunner: Running task [BasicStream onShow] on the Main Thread with a delay of 500 milliseconds
10-30 02:37:33.999   600  3675 I ActivityManager: Start proc 19389:com.android.chrome:sandboxed_process1/u0i418 for service com.android.chrome/org.chromium.content.app.SandboxedProcessService1
10-30 02:37:34.013 19251 19306 W SessionCache: Persisted Sessions were not found
10-30 02:37:34.013 19251 19306 I HeadSessionImpl: Initialize HEAD 0 items
10-30 02:37:34.013 19251 19306 I TaskQueue:  - task [BACKGROUND - d: true, b: 2]: 11
10-30 02:37:34.014 19251 19306 I TimingUtils: Task Timing 229ms, thread JardinExecutor | task : Initialization
10-30 02:37:34.014 19251 19306 I TaskQueue:  - Finished 30, time 230 ms
10-30 02:37:34.014 19251 19306 I TaskQueue: Execute task [HEAD_INVALIDATE - d: true, b: 2]: 26
10-30 02:37:34.016 19251 19306 I TimingUtils: Task Timing   2ms, thread JardinExecutor | task : getAllDismissLocalActions | size : 0
10-30 02:37:34.016 19251 19306 I TimingUtils: Task Timing   0ms, thread JardinExecutor | task : getSemanticProperties | size : 0
10-30 02:37:34.017 19251 19306 I MainThreadRunner: Running task [Check Tooltips] on the Main Thread
10-30 02:37:34.017 19251 19306 I TaskQueue:  * Starting starvation checks
10-30 02:37:34.017 19251 19306 I MainThreadRunner: Running task [starvationChecks] on the Main Thread with a delay of 6000 milliseconds
10-30 02:37:34.017 19251 19306 I TaskQueue:  - Finished 26, time 3 ms
10-30 02:37:34.017 19251 19306 I TaskQueue: Execute task [IMMEDIATE - d: true, b: 1]: 13
10-30 02:37:34.017 19251 19306 I FeedSessionManagerImpl: shouldSessionRequestData; hasContent(false), contentCreationTime(0), outstandingRequest(true)
10-30 02:37:34.018 19251 19306 I MainThreadRunner: Running task [SchedulerApiWrapper shouldSessionRequestData] on the Main Thread
10-30 02:37:34.047   600  1082 I ActivityManager: Start proc 19395:com.android.chrome:sandboxed_process2/u0i419 for service com.android.chrome/org.chromium.content.app.SandboxedProcessService2
10-30 02:37:34.063 19251 19261 I art     : Background partial concurrent mark sweep GC freed 14125(768KB) AllocSpace objects, 2(572KB) LOS objects, 40% free, 7MB/12MB, paused 1.235ms total 158.358ms
10-30 02:37:34.095   600 16391 I ActivityManager: Start proc 19409:com.android.chrome:sandboxed_process3/u0i420 for service com.android.chrome/org.chromium.content.app.SandboxedProcessService3
10-30 02:37:34.141   600 17381 I ActivityManager: Start proc 19422:com.android.chrome:sandboxed_process4/u0i421 for service com.android.chrome/org.chromium.content.app.SandboxedProcessService4
10-30 02:37:34.170   600  3507 I ActivityManager: Start proc 19435:com.android.chrome:sandboxed_process5/u0i422 for service com.android.chrome/org.chromium.content.app.SandboxedProcessService5
10-30 02:37:34.238   600 27731 I ActivityManager: Start proc 19447:com.android.chrome:sandboxed_process6/u0i423 for service com.android.chrome/org.chromium.content.app.SandboxedProcessService6
10-30 02:37:34.290 19389 19389 W dboxed_process1: type=1400 audit(0.0:3933): avc: denied { getattr } for path="/data/data/com.android.chrome" dev="dm-2" ino=12190 scontext=u:r:isolated_app:s0:c512,c768 tcontext=u:object_r:app_data_file:s0:c512,c768 tclass=dir permissive=0
10-30 02:37:34.298   600   707 I ActivityManager: Start proc 19467:com.android.chrome:sandboxed_process7/u0i424 for service com.android.chrome/org.chromium.content.app.SandboxedProcessService7
10-30 02:37:34.332 19251 19251 I PlayCore: UID: [10035]  PID: [19251] SplitInstallService : deferredInstall([image_editor])
10-30 02:37:34.337 19395 19395 W dboxed_process2: type=1400 audit(0.0:3934): avc: denied { getattr } for path="/data/data/com.android.chrome" dev="dm-2" ino=12190 scontext=u:r:isolated_app:s0:c512,c768 tcontext=u:object_r:app_data_file:s0:c512,c768 tclass=dir permissive=0
10-30 02:37:34.377   600  3507 I ActivityManager: Start proc 19486:com.android.chrome:sandboxed_process8/u0i425 for service com.android.chrome/org.chromium.content.app.SandboxedProcessService8
10-30 02:37:34.450 19251 19251 I Choreographer: Skipped 51 frames!  The application may be doing too much work on its main thread.
10-30 02:37:34.460 19409 19409 W dboxed_process3: type=1400 audit(0.0:3935): avc: denied { getattr } for path="/data/data/com.android.chrome" dev="dm-2" ino=12190 scontext=u:r:isolated_app:s0:c512,c768 tcontext=u:object_r:app_data_file:s0:c512,c768 tclass=dir permissive=0
10-30 02:37:34.557 19389 19389 I cr_ChildProcessService: Creating new ChildProcessService pid=19389
10-30 02:37:34.577 19435 19435 W dboxed_process5: type=1400 audit(0.0:3936): avc: denied { getattr } for path="/data/data/com.android.chrome" dev="dm-2" ino=12190 scontext=u:r:isolated_app:s0:c512,c768 tcontext=u:object_r:app_data_file:s0:c512,c768 tclass=dir permissive=0
10-30 02:37:34.595 19395 19395 I cr_ChildProcessService: Creating new ChildProcessService pid=19395
10-30 02:37:34.604 19447 19447 W dboxed_process6: type=1400 audit(0.0:3937): avc: denied { getattr } for path="/data/data/com.android.chrome" dev="dm-2" ino=12190 scontext=u:r:isolated_app:s0:c512,c768 tcontext=u:object_r:app_data_file:s0:c512,c768 tclass=dir permissive=0
10-30 02:37:34.610 19422 19422 W dboxed_process4: type=1400 audit(0.0:3938): avc: denied { getattr } for path="/data/data/com.android.chrome" dev="dm-2" ino=12190 scontext=u:r:isolated_app:s0:c512,c768 tcontext=u:object_r:app_data_file:s0:c512,c768 tclass=dir permissive=0
10-30 02:37:34.686 19251 19478 I PlayCore: UID: [10035]  PID: [19251] SplitInstallService : Initiate binding to the service.
10-30 02:37:34.705 19251 19251 I TaskQueue:  - task [IMMEDIATE - d: true, b: 1]: 27
10-30 02:37:34.707 19251 19306 I FeedSessionManagerImpl: shouldSessionRequestDataResult: NO_REQUEST_WITH_WAIT, shouldMakeRequest(false), withTimeout(false), withAppend(false)
10-30 02:37:34.707 19251 19306 I TaskQueue:  - task [USER_FACING - d: true, b: 2]: 24
10-30 02:37:34.707 19251 19306 I TaskQueue:  - Finished 13, time 690 ms
10-30 02:37:34.708 19251 19306 I TaskQueue: Execute task [IMMEDIATE - d: true, b: 2]: 27
10-30 02:37:34.709 19251 19306 I FeedRequestManagerImpl: Consistency Token: # hU2@7bca4
10-30 02:37:34.710 19467 19467 W dboxed_process7: type=1400 audit(0.0:3939): avc: denied { getattr } for path="/data/data/com.android.chrome" dev="dm-2" ino=12190 scontext=u:r:isolated_app:s0:c512,c768 tcontext=u:object_r:app_data_file:s0:c512,c768 tclass=dir permissive=0
10-30 02:37:34.711 19409 19409 I cr_ChildProcessService: Creating new ChildProcessService pid=19409
10-30 02:37:34.716 19251 19306 I FeedRequestManagerImpl: Capability: FEED_UI
10-30 02:37:34.716 19251 19306 I FeedRequestManagerImpl: Capability: UNDOABLE_ACTIONS
10-30 02:37:34.716 19251 19306 I FeedRequestManagerImpl: Capability: MANAGE_INTERESTS
10-30 02:37:34.716 19251 19306 I FeedRequestManagerImpl: Capability: SEND_FEEDBACK
10-30 02:37:34.716 19251 19306 I FeedRequestManagerImpl: Capability: ARTICLE_SNIPPETS
10-30 02:37:34.716 19251 19306 I FeedRequestManagerImpl: Capability: CLICK_ACTION
10-30 02:37:34.716 19251 19306 I FeedRequestManagerImpl: Capability: VIEW_ACTION
10-30 02:37:34.716 19251 19306 I FeedRequestManagerImpl: Capability: REPORT_FEED_USER_ACTIONS_NOTICE_CARD
10-30 02:37:34.716 19251 19306 I FeedRequestManagerImpl: Capability: BASE_UI
10-30 02:37:34.741 19251 19306 I FeedRequestManagerImpl: Making Request: /httpservice/noretry/DiscoverClankService/FeedQuery
10-30 02:37:34.741 19251 19306 I MainThreadRunner: Running task [NetworkClientWrapper send] on the Main Thread
10-30 02:37:34.741 19251 19306 I TaskQueue:  - Finished 27, time 34 ms
10-30 02:37:34.810 19486 19486 W dboxed_process8: type=1400 audit(0.0:3940): avc: denied { getattr } for path="/data/data/com.android.chrome" dev="dm-2" ino=12190 scontext=u:r:isolated_app:s0:c512,c768 tcontext=u:object_r:app_data_file:s0:c512,c768 tclass=dir permissive=0
10-30 02:37:34.821 19422 19422 I cr_ChildProcessService: Creating new ChildProcessService pid=19422
10-30 02:37:34.830 19447 19447 I cr_ChildProcessService: Creating new ChildProcessService pid=19447
10-30 02:37:34.847 19435 19435 I cr_ChildProcessService: Creating new ChildProcessService pid=19435
10-30 02:37:34.909 19467 19467 I cr_ChildProcessService: Creating new ChildProcessService pid=19467
10-30 02:37:34.962 19389 19504 I cr_LibraryLoader: Loaded native library version number "85.0.4183.127"
10-30 02:37:34.964 19395 19505 I cr_LibraryLoader: Loaded native library version number "85.0.4183.127"
10-30 02:37:34.964 19395 19505 I cr_CachingUmaRecorder: Flushed 1 samples from 1 histograms.
10-30 02:37:34.969 19251 19251 I cr_tabmodel: Appending tabs being restored to metadata lists, 0, startingNormalCount: 1, startingIncognitoCount: 0
10-30 02:37:34.969 19251 19251 I cr_tabmodel: Serializing tab lists; counts: 1, 0
10-30 02:37:34.988 19389 19504 I cr_CachingUmaRecorder: Flushed 1 samples from 1 histograms.
10-30 02:37:35.009 19486 19486 I cr_ChildProcessService: Creating new ChildProcessService pid=19486
10-30 02:37:35.054 19251 19261 I art     : Background sticky concurrent mark sweep GC freed 63004(3MB) AllocSpace objects, 37(796KB) LOS objects, 20% free, 10MB/12MB, paused 38.526ms total 195.509ms
10-30 02:37:35.142 19409 19508 I cr_LibraryLoader: Loaded native library version number "85.0.4183.127"
10-30 02:37:35.143 19409 19508 I cr_CachingUmaRecorder: Flushed 1 samples from 1 histograms.
10-30 02:37:35.189 19435 19511 I cr_LibraryLoader: Loaded native library version number "85.0.4183.127"
10-30 02:37:35.190 19435 19511 I cr_CachingUmaRecorder: Flushed 1 samples from 1 histograms.
10-30 02:37:35.207   600  7064 I ActivityManager: Killing 19395:com.android.chrome:sandboxed_process2/u0a35i419 (adj 0): isolated not needed
10-30 02:37:35.251 19422 19509 I cr_LibraryLoader: Loaded native library version number "85.0.4183.127"
10-30 02:37:35.251 19422 19509 I cr_CachingUmaRecorder: Flushed 1 samples from 1 histograms.
10-30 02:37:35.255 19447 19510 I cr_LibraryLoader: Loaded native library version number "85.0.4183.127"
10-30 02:37:35.255 19447 19510 I cr_CachingUmaRecorder: Flushed 1 samples from 1 histograms.
10-30 02:37:35.302   600  1082 I ActivityManager: Killing 19389:com.android.chrome:sandboxed_process1/u0a35i418 (adj 0): isolated not needed
10-30 02:37:35.302 19467 19513 I cr_LibraryLoader: Loaded native library version number "85.0.4183.127"
10-30 02:37:35.303 19467 19513 I cr_CachingUmaRecorder: Flushed 1 samples from 1 histograms.
10-30 02:37:35.330 19409 19508 I chromium: [INFO:child_process_service.cc(69)] ChildProcessService: Exiting child process.
10-30 02:37:35.337 19486 19515 I cr_LibraryLoader: Loaded native library version number "85.0.4183.127"
10-30 02:37:35.337 19486 19515 I cr_CachingUmaRecorder: Flushed 1 samples from 1 histograms.
10-30 02:37:35.410 19447 19510 I chromium: [INFO:child_process_service.cc(69)] ChildProcessService: Exiting child process.
10-30 02:37:35.411   197   197 E lowmemorykiller: Error writing /proc/19447/oom_score_adj; errno=22
10-30 02:37:35.444 19467 19467 I cr_ChildProcessService: Destroying ChildProcessService pid=19467
10-30 02:37:35.445 19422 19422 I cr_ChildProcessService: Destroying ChildProcessService pid=19422
10-30 02:37:35.445 19435 19435 I cr_ChildProcessService: Destroying ChildProcessService pid=19435
10-30 02:37:35.446 19467 19513 I chromium: [INFO:child_process_service.cc(69)] ChildProcessService: Exiting child process.
10-30 02:37:35.450 19435 19511 I chromium: [INFO:child_process_service.cc(69)] ChildProcessService: Exiting child process.
10-30 02:37:35.450 19422 19509 I chromium: [INFO:child_process_service.cc(69)] ChildProcessService: Exiting child process.
10-30 02:37:35.462   600  3507 W ActivityManager: Unable to start service Intent { act=com.google.android.play.core.splitinstall.BIND_SPLIT_INSTALL_SERVICE pkg=com.android.vending } U=0: not found
10-30 02:37:35.486 19486 19515 I chromium: [INFO:child_process_service.cc(69)] ChildProcessService: Exiting child process.
10-30 02:37:35.494   600  2707 I ActivityManager: Process com.android.chrome:sandboxed_process6 (pid 19447) has died
10-30 02:37:35.494   600  2707 D ActivityManager: cleanUpApplicationRecord -- 19447
10-30 02:37:35.495   600  2707 I ActivityManager: Killing 19486:com.android.chrome:sandboxed_process8/u0a35i425 (adj 0): isolated not needed
10-30 02:37:35.495   600  2707 I ActivityManager: Killing 19467:com.android.chrome:sandboxed_process7/u0a35i424 (adj 0): isolated not needed
10-30 02:37:35.495   600  2707 I ActivityManager: Killing 19422:com.android.chrome:sandboxed_process4/u0a35i421 (adj 0): isolated not needed
10-30 02:37:35.496   600  2707 I ActivityManager: Killing 19435:com.android.chrome:sandboxed_process5/u0a35i422 (adj 0): isolated not needed
10-30 02:37:35.497   600  2707 I ActivityManager: Killing 19409:com.android.chrome:sandboxed_process3/u0a35i420 (adj 0): isolated not needed
10-30 02:37:35.508 19251 19251 W chromium: [WARNING:compositor_view.cc(315)] Child process died (type=6) pid=19447)
10-30 02:37:35.584 19251 19301 W cr_CrashFileManager: /data/user/0/com.android.chrome/cache/Crash Reports does not exist or is not a directory
10-30 02:37:35.585 19251 19301 W cr_CrashFileManager: /data/user/0/com.android.chrome/cache/Crash Reports does not exist or is not a directory
10-30 02:37:35.585 19251 19301 W cr_CrashFileManager: /data/user/0/com.android.chrome/cache/Crash Reports does not exist or is not a directory
10-30 02:37:35.679 19251 19478 I PlayCore: UID: [10035]  PID: [19251] SplitInstallService : Failed to bind to the service.
10-30 02:37:35.684   600  3509 I ActivityManager: Start proc 19548:com.android.chrome:sandboxed_process9/u0i426 for service com.android.chrome/org.chromium.content.app.SandboxedProcessService9
10-30 02:37:35.699 19251 19301 I cr_FileUtils: Writing to /data/user/0/com.android.chrome/app_dex/webapk7.dex
10-30 02:37:35.734 19251 19285 I cr_BindingManager: Moderate binding enabled: maxSize=40
10-30 02:37:35.794 19548 19548 W dboxed_process9: type=1400 audit(0.0:3941): avc: denied { getattr } for path="/data/data/com.android.chrome" dev="dm-2" ino=12190 scontext=u:r:isolated_app:s0:c512,c768 tcontext=u:object_r:app_data_file:s0:c512,c768 tclass=dir permissive=0
10-30 02:37:35.818   600  1079 D ActivityManager: cleanUpApplicationRecord -- 19435
10-30 02:37:35.851   600 24515 I ActivityManager: Start proc 19565:com.android.chrome:sandboxed_process10/u0i427 for service com.android.chrome/org.chromium.content.app.SandboxedProcessService10
10-30 02:37:35.862 11473 11609 I Icing   : IndexChimeraService.getServiceInterface callingPackage=com.android.chrome componentName=null serviceId=36
10-30 02:37:35.878 11473 12080 I Icing   : IndexChimeraService.getServiceInterface callingPackage=com.android.chrome componentName=null serviceId=36
10-30 02:37:35.912   600   707 I ActivityManager: Start proc 19571:com.android.chrome:sandboxed_process11/u0i428 for service com.android.chrome/org.chromium.content.app.SandboxedProcessService11
10-30 02:37:35.937 19548 19548 I cr_ChildProcessService: Creating new ChildProcessService pid=19548
10-30 02:37:35.997 19251 19251 W chromium: [WARNING:compositor_view.cc(315)] Child process died (type=6) pid=19435)
10-30 02:37:35.999   600  1076 I ActivityManager: Start proc 19584:com.android.chrome:sandboxed_process12/u0i429 for service com.android.chrome/org.chromium.content.app.SandboxedProcessService12
10-30 02:37:35.999 19251 19251 W chromium: [WARNING:compositor_view.cc(315)] Child process died (type=6) pid=19467)
10-30 02:37:35.999   600  2707 D ActivityManager: cleanUpApplicationRecord -- 19467
10-30 02:37:36.024   600   713 D ActivityManager: cleanUpApplicationRecord -- 19422
10-30 02:37:36.050 19251 19251 W chromium: [WARNING:compositor_view.cc(315)] Child process died (type=6) pid=19395)
10-30 02:37:36.051   600  3507 I ActivityManager: Start proc 19602:com.android.chrome:sandboxed_process13/u0i430 for service com.android.chrome/org.chromium.content.app.SandboxedProcessService13
10-30 02:37:36.051   600   610 D ActivityManager: cleanUpApplicationRecord -- 19409
10-30 02:37:36.053   600  7064 D ActivityManager: cleanUpApplicationRecord -- 19395
10-30 02:37:36.062 19561 19561 I dex2oat : /system/bin/dex2oat --dex-file=/data/user/0/com.android.chrome/app_dex/webapk7.dex --oat-fd=204 --oat-location=/data/user/0/com.android.chrome/app_dex/oat/arm/webapk7.dex --compiler-filter=speed
10-30 02:37:36.070 19251 19251 W chromium: [WARNING:compositor_view.cc(315)] Child process died (type=6) pid=19409)
10-30 02:37:36.098 19251 19251 W chromium: [WARNING:compositor_view.cc(315)] Child process died (type=6) pid=19422)
10-30 02:37:36.099   600  1076 I ActivityManager: Start proc 19614:com.android.chrome:sandboxed_process14/u0i431 for service com.android.chrome/org.chromium.content.app.SandboxedProcessService14
10-30 02:37:36.105   600  3675 D ActivityManager: cleanUpApplicationRecord -- 19486
10-30 02:37:36.129 19251 19251 W chromium: [WARNING:compositor_view.cc(315)] Child process died (type=6) pid=19486)
10-30 02:37:36.164   600 17381 I ActivityManager: Start proc 19632:com.android.chrome:sandboxed_process15/u0i432 for service com.android.chrome/org.chromium.content.app.SandboxedProcessService15
10-30 02:37:36.213   600 24515 I ActivityManager: Start proc 19638:com.android.chrome:sandboxed_process16/u0i433 for service com.android.chrome/org.chromium.content.app.SandboxedProcessService16
10-30 02:37:36.220 19584 19584 W boxed_process12: type=1400 audit(0.0:3942): avc: denied { getattr } for path="/data/data/com.android.chrome" dev="dm-2" ino=12190 scontext=u:r:isolated_app:s0:c512,c768 tcontext=u:object_r:app_data_file:s0:c512,c768 tclass=dir permissive=0
10-30 02:37:36.230 19565 19565 W boxed_process10: type=1400 audit(0.0:3943): avc: denied { getattr } for path="/data/data/com.android.chrome" dev="dm-2" ino=12190 scontext=u:r:isolated_app:s0:c512,c768 tcontext=u:object_r:app_data_file:s0:c512,c768 tclass=dir permissive=0
10-30 02:37:36.244 19571 19571 W boxed_process11: type=1400 audit(0.0:3944): avc: denied { getattr } for path="/data/data/com.android.chrome" dev="dm-2" ino=12190 scontext=u:r:isolated_app:s0:c512,c768 tcontext=u:object_r:app_data_file:s0:c512,c768 tclass=dir permissive=0
10-30 02:37:36.268 19548 19579 I cr_LibraryLoader: Loaded native library version number "85.0.4183.127"
10-30 02:37:36.268 19548 19579 I cr_CachingUmaRecorder: Flushed 1 samples from 1 histograms.
10-30 02:37:36.274   600 27731 I ActivityManager: Start proc 19652:com.android.chrome:sandboxed_process17/u0i434 for service com.android.chrome/org.chromium.content.app.SandboxedProcessService17
10-30 02:37:36.300 19602 19602 W boxed_process13: type=1400 audit(0.0:3945): avc: denied { getattr } for path="/data/data/com.android.chrome" dev="dm-2" ino=12190 scontext=u:r:isolated_app:s0:c512,c768 tcontext=u:object_r:app_data_file:s0:c512,c768 tclass=dir permissive=0
10-30 02:37:36.335 19584 19584 I cr_ChildProcessService: Creating new ChildProcessService pid=19584
10-30 02:37:36.376 19565 19565 I cr_ChildProcessService: Creating new ChildProcessService pid=19565
10-30 02:37:36.417 19614 19614 W boxed_process14: type=1400 audit(0.0:3946): avc: denied { getattr } for path="/data/data/com.android.chrome" dev="dm-2" ino=12190 scontext=u:r:isolated_app:s0:c512,c768 tcontext=u:object_r:app_data_file:s0:c512,c768 tclass=dir permissive=0
10-30 02:37:36.438 19384 19384 D AndroidRuntime: >>>>>> START com.android.internal.os.RuntimeInit uid 2000 <<<<<<
10-30 02:37:36.439 19571 19571 I cr_ChildProcessService: Creating new ChildProcessService pid=19571
10-30 02:37:36.460 19632 19632 W boxed_process15: type=1400 audit(0.0:3947): avc: denied { getattr } for path="/data/data/com.android.chrome" dev="dm-2" ino=12190 scontext=u:r:isolated_app:s0:c512,c768 tcontext=u:object_r:app_data_file:s0:c512,c768 tclass=dir permissive=0
10-30 02:37:36.460 19384 19384 D AndroidRuntime: CheckJNI is OFF
10-30 02:37:36.479 19602 19602 I cr_ChildProcessService: Creating new ChildProcessService pid=19602
10-30 02:37:36.504 19652 19652 W boxed_process17: type=1400 audit(0.0:3948): avc: denied { getattr } for path="/data/data/com.android.chrome" dev="dm-2" ino=12190 scontext=u:r:isolated_app:s0:c512,c768 tcontext=u:object_r:app_data_file:s0:c512,c768 tclass=dir permissive=0
10-30 02:37:36.507 19638 19638 W boxed_process16: type=1400 audit(0.0:3949): avc: denied { getattr } for path="/data/data/com.android.chrome" dev="dm-2" ino=12190 scontext=u:r:isolated_app:s0:c512,c768 tcontext=u:object_r:app_data_file:s0:c512,c768 tclass=dir permissive=0
10-30 02:37:36.554 19614 19614 I cr_ChildProcessService: Creating new ChildProcessService pid=19614
10-30 02:37:36.563 19632 19632 I cr_ChildProcessService: Creating new ChildProcessService pid=19632
10-30 02:37:36.569 19584 19670 I cr_LibraryLoader: Loaded native library version number "85.0.4183.127"
10-30 02:37:36.569 19584 19670 I cr_CachingUmaRecorder: Flushed 1 samples from 1 histograms.
10-30 02:37:36.579 19565 19676 I cr_LibraryLoader: Loaded native library version number "85.0.4183.127"
10-30 02:37:36.581 19565 19676 I cr_CachingUmaRecorder: Flushed 1 samples from 1 histograms.
10-30 02:37:36.616 19638 19638 I cr_ChildProcessService: Creating new ChildProcessService pid=19638
10-30 02:37:36.637 19652 19652 I cr_ChildProcessService: Creating new ChildProcessService pid=19652
10-30 02:37:36.652 19571 19677 I cr_LibraryLoader: Loaded native library version number "85.0.4183.127"
10-30 02:37:36.652 19571 19677 I cr_CachingUmaRecorder: Flushed 1 samples from 1 histograms.
10-30 02:37:36.654 19602 19678 I cr_LibraryLoader: Loaded native library version number "85.0.4183.127"
10-30 02:37:36.655 19602 19678 I cr_CachingUmaRecorder: Flushed 1 samples from 1 histograms.
10-30 02:37:36.708 19584 19670 I chromium: [INFO:child_process_service.cc(69)] ChildProcessService: Exiting child process.
10-30 02:37:36.749 19632 19681 I cr_LibraryLoader: Loaded native library version number "85.0.4183.127"
10-30 02:37:36.758 19614 19680 I cr_LibraryLoader: Loaded native library version number "85.0.4183.127"
10-30 02:37:36.758 19614 19680 I cr_CachingUmaRecorder: Flushed 1 samples from 1 histograms.
10-30 02:37:36.767 19632 19681 I cr_CachingUmaRecorder: Flushed 1 samples from 1 histograms.
10-30 02:37:36.788 19565 19565 I cr_ChildProcessService: Destroying ChildProcessService pid=19565
10-30 02:37:36.789 19602 19602 I cr_ChildProcessService: Destroying ChildProcessService pid=19602
10-30 02:37:36.789 19548 19548 I cr_ChildProcessService: Destroying ChildProcessService pid=19548
10-30 02:37:36.791 19602 19678 I chromium: [INFO:child_process_service.cc(69)] ChildProcessService: Exiting child process.
10-30 02:37:36.792 19571 19571 I cr_ChildProcessService: Destroying ChildProcessService pid=19571
10-30 02:37:36.793 19571 19677 I chromium: [INFO:child_process_service.cc(69)] ChildProcessService: Exiting child process.
10-30 02:37:36.794 19565 19676 I chromium: [INFO:child_process_service.cc(69)] ChildProcessService: Exiting child process.
10-30 02:37:36.798 11473 12086 I Icing   : Removing corpus key com.android.chrome-omnibox for package com.android.chrome
10-30 02:37:36.827 19548 19548 I art     : System.exit called, status: 0
10-30 02:37:36.827 19548 19548 I AndroidRuntime: VM exiting with result code 0, cleanup skipped.
10-30 02:37:36.840 19638 19682 I cr_LibraryLoader: Loaded native library version number "85.0.4183.127"
10-30 02:37:36.847 19638 19682 I cr_CachingUmaRecorder: Flushed 1 samples from 1 histograms.
10-30 02:37:36.881 19652 19688 I cr_LibraryLoader: Loaded native library version number "85.0.4183.127"
10-30 02:37:36.881 19652 19688 I cr_CachingUmaRecorder: Flushed 1 samples from 1 histograms.
10-30 02:37:36.956   600   609 I art     : Background partial concurrent mark sweep GC freed 42591(2MB) AllocSpace objects, 32(824KB) LOS objects, 33% free, 15MB/23MB, paused 1.568ms total 313.924ms
10-30 02:37:36.966 19638 19638 I cr_ChildProcessService: Destroying ChildProcessService pid=19638
10-30 02:37:36.993 19251 19251 I FeedRequestManagerImpl: Request: /httpservice/noretry/DiscoverClankService/FeedQuery completed with response code: 200
10-30 02:37:36.994 19251 19251 I TaskQueue:  - task [IMMEDIATE - d: true, b: 2]: 15
10-30 02:37:36.994 19251 19251 I TaskQueue:  - queueTask starting immediate task
10-30 02:37:36.995 19251 19305 I TaskQueue: Execute task [IMMEDIATE - d: true, b: 2]: 15
10-30 02:37:37.025 19632 19632 I cr_ChildProcessService: Destroying ChildProcessService pid=19632
10-30 02:37:37.050 19251 19305 I MainThreadRunner: Running task [FeedRequestManagerImpl consumer] on the Main Thread
10-30 02:37:37.050 19251 19305 I TaskQueue:  - Finished 15, time 55 ms
10-30 02:37:37.053 19251 19251 I FeedProtocolAdapter: createModel, operations 33
10-30 02:37:37.063 19251 19251 I TimingUtils: Task Timing   9ms, thread ui | task : convertWireProtocol | mutations : 33
10-30 02:37:37.064 19251 19251 I TaskQueue:  - task [HEAD_RESET - d: true, b: 2]: 5
10-30 02:37:37.064 19251 19251 I TaskQueue:  - queueTask starting immediate task
10-30 02:37:37.065 19251 19305 I TaskQueue: Execute task [HEAD_RESET - d: true, b: 2]: 5
10-30 02:37:37.068 19251 19305 I TaskQueue:  - task [BACKGROUND - d: true, b: 2]: 23
10-30 02:37:37.069 19251 19305 W SessionCache: Persisted Sessions were not found
10-30 02:37:37.073 19251 19305 I PersistentFeedStore: commitSessionMutation - Success true, Update Session $HEAD, stream structures 32
10-30 02:37:37.080 19614 19614 I cr_ChildProcessService: Destroying ChildProcessService pid=19614
10-30 02:37:37.090 19251 19305 I MainThreadRunner: Running task [SchedulerApiWrapper onReceiveNewContent] on the Main Thread
10-30 02:37:37.090 19251 19305 I MainThreadRunner: Running task [FeedKnownContentImpl onNewContentReceived] on the Main Thread
10-30 02:37:37.092 19251 19305 I SessionManagerMutation: Cleared Head, new creation time 10-30 02:37:37.069
10-30 02:37:37.092 19251 19305 I TimingUtils: Task Timing  27ms, thread background-1 | task : sessionMutation.commitTask:updateConsumer | mutations : 33 | userInitiated : false
10-30 02:37:37.092 19251 19305 I TaskQueue: Cancelling starvation checks
10-30 02:37:37.092 19251 19305 I TaskQueue:  - Finished 5, time 28 ms
10-30 02:37:37.093 19251 19305 I TaskQueue: Execute task [USER_FACING - d: false, b: 2]: 24
10-30 02:37:37.101 19251 19305 I TimeoutSessionImpl: TimeoutSession.populateModelProvider, shouldAppend false
10-30 02:37:37.101 19251 19305 I SessionImpl: PopulateModelProvider 32 items
10-30 02:37:37.102 19251 19305 I FeedModelProvider: FeedModelProvider - committer, structure changes 31, update changes 0
10-30 02:37:37.102 19251 19305 I FeedModelProvider: SyntheticTokenTracker: 0, 11, 11, false
10-30 02:37:37.111 19251 19305 I FeedSessionManagerImpl: Caching getStreamFeatures - items 31, cache misses 0, cache size 31
10-30 02:37:37.111 19251 19305 I FeedModelProvider: Moving _session:3103d0a8-d68b-4350-a808-3d883b4fb2a2 to READY
10-30 02:37:37.114 19251 19305 I MainThreadRunner: Running task [FeedModelProvider onSessionStart] on the Main Thread
10-30 02:37:37.115 19251 19251 I FeedModelProvider: No children found for Cursor
10-30 02:37:37.122 19251 19305 I FeedModelProvider: ModelProvider Mutation committed - structure changes 31, childrenToBind 31, removedChildren false, Token false
10-30 02:37:37.134 19632 19681 I chromium: [INFO:child_process_service.cc(69)] ChildProcessService: Exiting child process.
10-30 02:37:37.134 19251 19305 I FeedSessionManagerImpl: Populate new session: _session:3103d0a8-d68b-4350-a808-3d883b4fb2a2, creation time 10-30 02:37:37.101
10-30 02:37:37.134 19251 19305 I TimingUtils: Task Timing  41ms, thread background-2 | task : Create/Populate New Session
10-30 02:37:37.134 19251 19305 I TaskQueue:  - Finished 24, time 42 ms
10-30 02:37:37.135 19251 19305 I TaskQueue: Execute task [BACKGROUND - d: false, b: 1]: 11
10-30 02:37:37.135 19251 19305 I ContentGc: Re-enqueuing triggerContentGc; attempts(0)
10-30 02:37:37.136 19251 19305 I TaskQueue:  - task [BACKGROUND - d: false, b: 1]: 11
10-30 02:37:37.136 19251 19305 I TaskQueue:  - Finished 11, time 1 ms
10-30 02:37:37.136 19251 19305 I TaskQueue: Execute task [BACKGROUND - d: false, b: 1]: 23
10-30 02:37:37.187 19384 19384 D ICU     : No timezone override file found: /data/misc/zoneinfo/current/icu/icu_tzdata.dat
10-30 02:37:37.193   600   613 I ActivityManager: Killing 19652:com.android.chrome:sandboxed_process17/u0a35i434 (adj 0): isolated not needed
10-30 02:37:37.193   600   613 I ActivityManager: Killing 19638:com.android.chrome:sandboxed_process16/u0a35i433 (adj 0): isolated not needed
10-30 02:37:37.193   600   613 I ActivityManager: Killing 19632:com.android.chrome:sandboxed_process15/u0a35i432 (adj 0): isolated not needed
10-30 02:37:37.193   600   613 I ActivityManager: Killing 19614:com.android.chrome:sandboxed_process14/u0a35i431 (adj 0): isolated not needed
10-30 02:37:37.193   600   613 I ActivityManager: Killing 19602:com.android.chrome:sandboxed_process13/u0a35i430 (adj 0): isolated not needed
10-30 02:37:37.193   600   613 I ActivityManager: Killing 19571:com.android.chrome:sandboxed_process11/u0a35i428 (adj 0): isolated not needed
10-30 02:37:37.193   600   613 I ActivityManager: Killing 19565:com.android.chrome:sandboxed_process10/u0a35i427 (adj 0): isolated not needed
10-30 02:37:37.193   600   613 I ActivityManager: Killing 19584:com.android.chrome:sandboxed_process12/u0a35i429 (adj 0): isolated not needed
10-30 02:37:37.194   600   613 I ActivityManager: Killing 19548:com.android.chrome:sandboxed_process9/u0a35i426 (adj 0): isolated not needed
10-30 02:37:37.223 19251 19251 W FrameAdapter: [] Slow Bind () time: 90249 ps
10-30 02:37:37.276 19251 19251 I MainThreadRunner: Running task [ContentDriver2] on the Main Thread with a delay of 500 milliseconds
10-30 02:37:37.304 19251 19311 W chromium: [WARNING:spdy_session.cc(3090)] Received RST for invalid stream1
