--------- beginning of main
10-30 11:47:37.496  9388  9388 D AndroidRuntime: >>>>>> START com.android.internal.os.RuntimeInit uid 2000 <<<<<<
10-30 11:47:37.499  9388  9388 D AndroidRuntime: CheckJNI is OFF
10-30 11:47:37.564  9388  9388 D ICU     : No timezone override file found: /data/misc/zoneinfo/current/icu/icu_tzdata.dat
10-30 11:47:37.593  9388  9388 I Radio-JNI: register_android_hardware_Radio DONE
10-30 11:47:37.608  9388  9388 D AndroidRuntime: Calling main entry com.android.commands.am.Am
--------- beginning of system
10-30 11:47:37.626   600  1076 I ActivityManager: Force stopping com.android.chrome appid=10035 user=0: from pid 9388
10-30 11:47:37.626   600  1076 I ActivityManager: Killing 9346:com.android.chrome/u0a35 (adj 904): stop com.android.chrome
10-30 11:47:37.626   600  1076 D ActivityManager: cleanUpApplicationRecord -- 9346
10-30 11:47:37.638  1061  1061 D RegisteredNfcFServicesCache: Service unchanged, not updating
10-30 11:47:37.884   600  3675 I ActivityManager: START u0 {act=android.intent.action.VIEW flg=0x10008000 cmp=com.android.chrome/com.google.android.apps.chrome.Main} from uid 2000 on display 0
10-30 11:47:37.920  9388  9388 D AndroidRuntime: Shutting down VM
10-30 11:47:37.941   600 13631 I ActivityManager: Start proc 9398:com.android.chrome/u0a35 for activity com.android.chrome/com.google.android.apps.chrome.Main
10-30 11:47:38.102   600 16391 I ActivityManager: START u0 {cmp=com.android.chrome/org.chromium.chrome.browser.firstrun.TabbedModeFirstRunActivity (has extras)} from uid 10035 on display 0
10-30 11:47:38.118  9398  9416 W DynamiteModule: Local module descriptor class for com.google.android.gms.googlecertificates not found.
10-30 11:47:38.165  9398  9416 I DynamiteModule: Considering local module com.google.android.gms.googlecertificates:0 and remote module com.google.android.gms.googlecertificates:6
10-30 11:47:38.165  9398  9416 I DynamiteModule: Selected remote version of com.google.android.gms.googlecertificates, version >= 6
10-30 11:47:38.272  9398  9416 W System  : ClassLoader referenced unknown path: 
10-30 11:47:38.288  9398  9417 I cr_LibraryLoader: Loaded native library version number "85.0.4183.127"
10-30 11:47:38.289  9398  9417 I cr_CachingUmaRecorder: Flushed 10 samples from 10 histograms.
10-30 11:47:38.305  9398  9418 I OpenGLRenderer: Initialized EGL, version 1.4
10-30 11:47:38.305  9398  9418 D OpenGLRenderer: Swap behavior 2
10-30 11:47:38.308  9398  9416 D ApplicationLoaders: ignored Vulkan layer search path /data/app/com.google.android.gms-1/lib/arm:/data/app/com.google.android.gms-1/base.apk!/lib/armeabi-v7a:/data/app/com.google.android.gms-1/split_config.en.apk!/lib/armeabi-v7a for namespace 0xf4a47090
10-30 11:47:38.311  9398  9416 W ResourceType: ResTable_typeSpec entry count inconsistent: given 67, previously 69
10-30 11:47:38.311  9398  9416 W ResourceType: ResTable_typeSpec entry count inconsistent: given 5346, previously 5347
10-30 11:47:38.332  9398  9416 I DynamiteLoaderV2Impl: [70] Googlecertificates
10-30 11:47:38.355  9398  9416 W System  : ClassLoader referenced unknown path: /data/user_de/0/com.google.android.gms/app_chimera/m/00000061/n/armeabi-v7a
10-30 11:47:38.355  9398  9416 W System  : ClassLoader referenced unknown path: /data/user_de/0/com.google.android.gms/app_chimera/m/00000061/n/armeabi
10-30 11:47:38.452   600   620 W WindowManager: Failed looking up window
10-30 11:47:38.452   600   620 W WindowManager: java.lang.IllegalArgumentException: Requested window android.view.ViewRootImpl$W@bf80d32 does not exist
10-30 11:47:38.452   600   620 W WindowManager: 	at com.android.server.wm.WindowManagerService.windowForClientLocked(WindowManagerService.java:9422)
10-30 11:47:38.452   600   620 W WindowManager: 	at com.android.server.wm.WindowManagerService.windowForClientLocked(WindowManagerService.java:9413)
10-30 11:47:38.452   600   620 W WindowManager: 	at com.android.server.wm.WindowManagerService.removeWindow(WindowManagerService.java:2393)
10-30 11:47:38.452   600   620 W WindowManager: 	at com.android.server.wm.Session.remove(Session.java:202)
10-30 11:47:38.452   600   620 W WindowManager: 	at android.view.ViewRootImpl.dispatchDetachedFromWindow(ViewRootImpl.java:3290)
10-30 11:47:38.452   600   620 W WindowManager: 	at android.view.ViewRootImpl.doDie(ViewRootImpl.java:5917)
10-30 11:47:38.452   600   620 W WindowManager: 	at android.view.ViewRootImpl$ViewRootHandler.handleMessage(ViewRootImpl.java:3626)
10-30 11:47:38.452   600   620 W WindowManager: 	at android.os.Handler.dispatchMessage(Handler.java:102)
10-30 11:47:38.452   600   620 W WindowManager: 	at android.os.Looper.loop(Looper.java:154)
10-30 11:47:38.452   600   620 W WindowManager: 	at android.os.HandlerThread.run(HandlerThread.java:61)
10-30 11:47:38.452   600   620 W WindowManager: 	at com.android.server.ServiceThread.run(ServiceThread.java:46)
10-30 11:47:38.460   600   620 I ActivityManager: Displayed com.android.chrome/org.chromium.chrome.browser.firstrun.TabbedModeFirstRunActivity: +319ms (total +548ms)
10-30 11:47:38.469  9398  9413 D NetworkSecurityConfig: Using Network Security Config from resource 0_resource_name_obfuscated debugBuild: false
10-30 11:47:38.487   787 28597 I FontLog : Received query Google Sans, URI content://com.google.android.gms.fonts [CONTEXT service_id=132 ]
10-30 11:47:38.487   787 28597 I FontLog : Query [Google Sans] resolved to {Google Sans, wdth 100.0, wght 400, ital 0.0, bestEffort false} [CONTEXT service_id=132 ]
10-30 11:47:38.488   787 28597 I FontLog : Font PFD returned from cache for {Google Sans, wdth 100.0, wght 400, ital 0.0, bestEffort false} [CONTEXT service_id=132 ]
10-30 11:47:38.488   787 28597 I FontLog : Fetch {Google Sans, wdth 100.0, wght 400, ital 0.0, bestEffort false} end status Status{statusCode=SUCCESS, resolution=null} [CONTEXT service_id=132 ]
10-30 11:47:38.504   787 28588 I FontLog : Pulling font file for id = 762, cache size = 4 [CONTEXT service_id=132 ]
10-30 11:47:38.521   787   806 I FontLog : Received query Google Sans:500, URI content://com.google.android.gms.fonts [CONTEXT service_id=132 ]
10-30 11:47:38.522   787   806 I FontLog : Query [Google Sans:500] resolved to {Google Sans, wdth 100.0, wght 500, ital 0.0, bestEffort false} [CONTEXT service_id=132 ]
10-30 11:47:38.523   787   806 I FontLog : Font PFD returned from cache for {Google Sans, wdth 100.0, wght 500, ital 0.0, bestEffort false} [CONTEXT service_id=132 ]
10-30 11:47:38.523   787   806 I FontLog : Fetch {Google Sans, wdth 100.0, wght 500, ital 0.0, bestEffort false} end status Status{statusCode=SUCCESS, resolution=null} [CONTEXT service_id=132 ]
10-30 11:47:38.537   787  1259 E apju    : Phenotype API error. Event # cdub@f698b6a, EventCode: 7 [CONTEXT service_id=51 ]
10-30 11:47:38.537   787  1259 E apju    : apiz: 29505: No config packages for log source, or config package not registered
10-30 11:47:38.537   787  1259 E apju    : 	at apkj.b(:com.google.android.gms@203915020@20.39.15 (040406-335085812):7)
10-30 11:47:38.537   787  1259 E apju    : 	at apkg.b(:com.google.android.gms@203915020@20.39.15 (040406-335085812):2)
10-30 11:47:38.537   787  1259 E apju    : 	at apju.a(:com.google.android.gms@203915020@20.39.15 (040406-335085812):85)
10-30 11:47:38.537   787  1259 E apju    : 	at apju.a(:com.google.android.gms@203915020@20.39.15 (040406-335085812):80)
10-30 11:47:38.537   787  1259 E apju    : 	at aain.run(:com.google.android.gms@203915020@20.39.15 (040406-335085812):7)
10-30 11:47:38.537   787  1259 E apju    : 	at boex.run(:com.google.android.gms@203915020@20.39.15 (040406-335085812):2)
10-30 11:47:38.537   787  1259 E apju    : 	at sup.b(:com.google.android.gms@203915020@20.39.15 (040406-335085812):12)
10-30 11:47:38.537   787  1259 E apju    : 	at sup.run(:com.google.android.gms@203915020@20.39.15 (040406-335085812):7)
10-30 11:47:38.537   787  1259 E apju    : 	at java.util.concurrent.ThreadPoolExecutor.runWorker(ThreadPoolExecutor.java:1133)
10-30 11:47:38.537   787  1259 E apju    : 	at java.util.concurrent.ThreadPoolExecutor$Worker.run(ThreadPoolExecutor.java:607)
10-30 11:47:38.537   787  1259 E apju    : 	at tam.run(:com.google.android.gms@203915020@20.39.15 (040406-335085812):0)
10-30 11:47:38.537   787  1259 E apju    : 	at java.lang.Thread.run(Thread.java:761)
10-30 11:47:38.537   787  1259 E AsyncOperation: serviceID=51, operation=GetExperimentTokensOperationCall [CONTEXT service_id=259 ]
10-30 11:47:38.537   787  1259 E AsyncOperation: OperationException[Status{statusCode=No config packages for log source, or config package not registered, resolution=null}]
10-30 11:47:38.537   787  1259 E AsyncOperation: 	at apju.a(:com.google.android.gms@203915020@20.39.15 (040406-335085812):87)
10-30 11:47:38.537   787  1259 E AsyncOperation: 	at apju.a(:com.google.android.gms@203915020@20.39.15 (040406-335085812):80)
10-30 11:47:38.537   787  1259 E AsyncOperation: 	at aain.run(:com.google.android.gms@203915020@20.39.15 (040406-335085812):7)
10-30 11:47:38.537   787  1259 E AsyncOperation: 	at boex.run(:com.google.android.gms@203915020@20.39.15 (040406-335085812):2)
10-30 11:47:38.537   787  1259 E AsyncOperation: 	at sup.b(:com.google.android.gms@203915020@20.39.15 (040406-335085812):12)
10-30 11:47:38.537   787  1259 E AsyncOperation: 	at sup.run(:com.google.android.gms@203915020@20.39.15 (040406-335085812):7)
10-30 11:47:38.537   787  1259 E AsyncOperation: 	at java.util.concurrent.ThreadPoolExecutor.runWorker(ThreadPoolExecutor.java:1133)
10-30 11:47:38.537   787  1259 E AsyncOperation: 	at java.util.concurrent.ThreadPoolExecutor$Worker.run(ThreadPoolExecutor.java:607)
10-30 11:47:38.537   787  1259 E AsyncOperation: 	at tam.run(:com.google.android.gms@203915020@20.39.15 (040406-335085812):0)
10-30 11:47:38.537   787  1259 E AsyncOperation: 	at java.lang.Thread.run(Thread.java:761)
10-30 11:47:38.542   787 28590 I FontLog : Pulling font file for id = 763, cache size = 4 [CONTEXT service_id=132 ]
10-30 11:47:38.680 25727 26627 W SearchService: Abort, client detached.
10-30 11:47:38.689  1084  1084 I MemoryTrimmer: Trimming objects from memory, since app is in the background.
10-30 11:47:38.693  9398  9413 I cr_VariationsSeedFetch: Fetched first run seed in 232 ms
10-30 11:47:38.730   600 16391 I ActivityManager: Start proc 9433:com.android.chrome:sandboxed_process0/u0i421 for service com.android.chrome/org.chromium.content.app.SandboxedProcessService0
10-30 11:47:38.752 25727  9250 I DeviceStateChecker: DeviceStateChecker cancelled
10-30 11:47:38.783  9433  9433 W dboxed_process0: type=1400 audit(0.0:5721): avc: denied { getattr } for path="/data/data/com.android.chrome" dev="dm-2" ino=12190 scontext=u:r:isolated_app:s0:c512,c768 tcontext=u:object_r:app_data_file:s0:c512,c768 tclass=dir permissive=0
10-30 11:47:38.808  9433  9433 I cr_ChildProcessService: Creating new ChildProcessService pid=9433
10-30 11:47:38.854 25727 25727 I MicroDetector: Keeping mic open: false
10-30 11:47:38.855 25727 25753 I AudioController: internalShutdown
10-30 11:47:38.855 25727 25753 I MicrophoneInputStream: mic_close com.google.android.apps.gsa.speech.audio.ae@4d62282
10-30 11:47:38.857 25727 25788 I MicroRecognitionRunner: Stopping hotword detection.
10-30 11:47:38.862 25727 25727 I MemoryTrimmer: Trimming objects from memory, since app is in the background.
10-30 11:47:38.886   238   285 I SoundTriggerHwService::Module: void android::SoundTriggerHwService::Module::onCallbackEvent(const sp<android::SoundTriggerHwService::CallbackEvent> &) mClient == 0
10-30 11:47:38.892 25727  9251 I MicroRecognitionRunner: Detection finished
10-30 11:47:38.938   600 29683 I ActivityManager: Start proc 9460:com.android.chrome:privileged_process0/u0a35 for service com.android.chrome/org.chromium.content.app.PrivilegedProcessService0
10-30 11:47:39.012  9398  9420 W ConnectionStatusConfig: Dynamic lookup for intent failed for action: com.google.android.gms.auth.key.retrieval.service.START
10-30 11:47:39.035  9398  9420 W ConnectionStatusConfig: Dynamic lookup for intent failed for action: com.google.android.gms.auth.key.retrieval.service.START
10-30 11:47:39.036   600   610 W ActivityManager: Unable to start service Intent { act=com.google.android.gms.auth.key.retrieval.service.START pkg=com.google.android.gms } U=0: not found
10-30 11:47:39.061   600   713 W ActivityManager: Unbind failed: could not find connection for android.os.BinderProxy@bfe8f
10-30 11:47:39.063  9398  9420 E GmsClient: unable to connect to service: com.google.android.gms.auth.key.retrieval.service.START on com.google.android.gms
10-30 11:47:39.068 25727 25727 I MemoryTrimmer: Trimming objects from memory, since app is in the background.
10-30 11:47:39.079  9398  9398 W cr_KnoxSettingsProvider: Permission to read device policy denied.
10-30 11:47:39.086  9460  9460 I cr_ChildProcessService: Creating new ChildProcessService pid=9460
10-30 11:47:39.151  9460  9478 I cr_LibraryLoader: Loaded native library version number "85.0.4183.127"
10-30 11:47:39.152  9460  9478 I cr_CachingUmaRecorder: Flushed 1 samples from 1 histograms.
10-30 11:47:39.191  9460  9478 E libEGL  : validate_display:99 error 3008 (EGL_BAD_DISPLAY)
10-30 11:47:48.907 25727 25727 I MemoryTrimmer: Trimming objects from memory, since app is in the background.
10-30 11:47:51.047  9503  9503 D AndroidRuntime: >>>>>> START com.android.internal.os.RuntimeInit uid 2000 <<<<<<
10-30 11:47:51.051  9503  9503 D AndroidRuntime: CheckJNI is OFF
10-30 11:47:51.117  9503  9503 D ICU     : No timezone override file found: /data/misc/zoneinfo/current/icu/icu_tzdata.dat
10-30 11:47:51.148  9503  9503 I Radio-JNI: register_android_hardware_Radio DONE
10-30 11:47:51.163  9503  9503 D AndroidRuntime: Calling main entry com.android.commands.monkey.Monkey
10-30 11:47:51.230   600   613 W BroadcastQueue: Skipping deliver [background] BroadcastRecord{29f5e9b u-1 android.net.conn.CONNECTIVITY_CHANGE} to ReceiverList{390b238 9503 (unknown name)/2000/u-1 remote:4bd0195}: process crashing
10-30 11:47:52.810  9503  9503 D MonkeyStub: translateCommand: wake
10-30 11:47:52.942  9503  9503 D MonkeyStub: translateCommand: tap 398 1198
10-30 11:47:55.211  9503  9503 D MonkeyStub: translateCommand: tap 720 1506
10-30 11:47:55.384  2434  7979 I PeopleChimeraService: onService. callbacks = aaik@56aa04b, request = com.google.android.gms.common.internal.GetServiceRequest@3f4a28
10-30 11:47:55.395  2434  2553 I PeopleChimeraService: onService. callbacks = aaik@dbd90e6, request = com.google.android.gms.common.internal.GetServiceRequest@3c0f627
10-30 11:47:57.467  9503  9503 D MonkeyStub: translateCommand: tap 355 1480
10-30 11:47:57.482  9503  9503 D MonkeyStub: Quit requested
10-30 11:47:57.511   600 13631 I ActivityManager: START u0 {act=android.intent.action.VIEW flg=0x10008000 cmp=com.android.chrome/com.google.android.apps.chrome.Main (has extras)} from uid 10035 on display 0
10-30 11:47:57.512   600   614 I CwMcuSensor: CwMcuSensor::flush: fd = 210, sensors_id = 0, path = /sys/class/htc_sensorhub/sensor_hub/flush, err = 0
10-30 11:47:57.532  9503  9503 I art     : System.exit called, status: 6
10-30 11:47:57.532  9503  9503 I AndroidRuntime: VM exiting with result code 6.
10-30 11:47:57.568   600  2707 W WindowManager: Attempted to remove non-existing token: android.os.Binder@a392211
10-30 11:47:57.710  9398  9398 E cr_CompositorSurfaceMgr: Transitioning to surface with format : -1
10-30 11:47:57.715   600   609 I art     : Background partial concurrent mark sweep GC freed 15427(761KB) AllocSpace objects, 3(60KB) LOS objects, 33% free, 16MB/24MB, paused 817us total 149.017ms
10-30 11:47:57.789  9398  9455 W cr_tabmodel: Starting to perform legacy migration.
10-30 11:47:57.790  9398  9455 W cr_tabmodel: Finished performing legacy migration.
10-30 11:47:57.790  9398  9455 W cr_tabmodel: Starting to perform multi-instance migration.
10-30 11:47:57.790  9398  9455 W cr_tabmodel: Finished performing multi-instance migration.
10-30 11:47:57.790  9398  9455 I cr_tabmodel: Starting to fetch tab list for tab_state0
10-30 11:47:57.790  9398  9455 I cr_tabmodel: State file does not exist.
10-30 11:47:57.790  9398  9455 I cr_tabmodel: Starting to fetch tab list for tab_state1
10-30 11:47:57.790  9398  9455 I cr_tabmodel: State file does not exist.
10-30 11:47:57.827  9398  9455 I cr_ADCP : No customization source found
10-30 11:47:57.869   600  3507 E BatteryStatsService: power: Missing API
10-30 11:47:57.878   796   796 E PhoneInterfaceManager: [PhoneIntfMgr] queryModemActivityInfo: Empty response
10-30 11:47:57.878   600  3507 E BatteryStatsService: no controller energy info supplied
10-30 11:47:57.885   600  3507 E BatteryStatsService: modem info is invalid: ModemActivityInfo{ mTimestamp=0 mSleepTimeMs=0 mIdleTimeMs=0 mTxTimeMs[]=[0, 0, 0, 0, 0] mRxTimeMs=0 mEnergyUsed=0}
10-30 11:47:57.902  9398  9418 D OpenGLRenderer: endAllActiveAnimators on 0xd3792900 (InsetDrawable) with handle 0xd36637a0
10-30 11:47:57.958   600   620 I ActivityManager: Displayed com.android.chrome/com.google.android.apps.chrome.Main: +420ms
10-30 11:47:57.958  9398  9398 E cr_CompositorSurfaceMgr: Transitioning to surface with format : -1
10-30 11:47:57.964  9398  9398 E cr_CompositorSurfaceMgr: surfaceCreated format : 0
10-30 11:47:57.972  9398  9398 I cr_ContextualSearch: Tap suppression enabled: false
10-30 11:47:57.975  9398  9398 I cr_ChromeTabbedActivity: #initializeState
10-30 11:47:57.975  9398  9398 I cr_CipherFactory: #restoreFromBundle, no savedInstanceState.
10-30 11:47:57.976  9398  9398 I cr_tabmodel: #loadState, ignoreIncognitoFiles? true
10-30 11:47:58.180  9398  9398 I SchedulerApiWrapper: Create SchedulerApiMainThreadWrapper
10-30 11:47:58.190  9398  9398 I FeedSessionManagerImpl: FeedSessionManagerImpl has been created
10-30 11:47:58.190  9398  9398 I FeedAppLifecycleLstnr: onEnterForeground called
10-30 11:47:58.190  9398  9398 I FeedSessionManagerImpl: onLifecycleEvent foreground
10-30 11:47:58.191  9398  9398 I FeedSessionManagerImpl: Lazy initialization triggered, getUpdateConsumer
10-30 11:47:58.192  9398  9455 I TaskQueue: Execute task [IMMEDIATE - d: true, b: 0]: 30
10-30 11:47:58.192  9398  9398 I FeedRequestManagerImpl: trigger refresh 2
10-30 11:47:58.192  9398  9398 I TaskQueue:  - task [HEAD_INVALIDATE - d: true, b: 0]: 26
10-30 11:47:58.192  9398  9398 I FeedAppLifecycleLstnr: initialize called
10-30 11:47:58.192  9398  9398 I FeedSessionManagerImpl: onLifecycleEvent initialize
10-30 11:47:58.192  9398  9398 W FeedSessionManagerImpl: FeedSessionManagerImpl has previously been initialized
10-30 11:47:58.230  9398  9398 I ViewConfigCompat: Could not find method getScaledScrollFactor() on ViewConfiguration
10-30 11:47:58.234  9398  9398 I BasicStream: Setting 2 header views, currently have 0 headers
10-30 11:47:58.235  9398  9398 I BasicStream: Setting 2 header views, currently have 2 headers
10-30 11:47:58.285   600   619 D BluetoothManagerService: Message: 20
10-30 11:47:58.285   600   619 D BluetoothManagerService: Added callback: android.bluetooth.IBluetoothManagerCallback$Stub$Proxy@3c0fa44:true
10-30 11:47:58.297  9433  9446 I cr_LibraryLoader: Loaded native library version number "85.0.4183.127"
10-30 11:47:58.298  9433  9446 I cr_CachingUmaRecorder: Flushed 1 samples from 1 histograms.
10-30 11:47:58.305  9398  9398 E cr_IntentUtils: getBooleanExtra failed on intent null
10-30 11:47:58.315  9398  9398 I TimeoutSessionImpl: Using TimeoutSessionImpl
10-30 11:47:58.315  9398  9398 I FeedSessionManagerImpl: Delaying populateSession until initialization is finished
10-30 11:47:58.316  9398  9398 I TaskQueue:  - task [IMMEDIATE - d: true, b: 1]: 13
10-30 11:47:58.316  9398  9398 I MainThreadRunner: Running task [BasicStream onShow] on the Main Thread with a delay of 500 milliseconds
10-30 11:47:58.380   600  1080 I ActivityManager: Start proc 9533:com.android.chrome:sandboxed_process1/u0i422 for service com.android.chrome/org.chromium.content.app.SandboxedProcessService1
10-30 11:47:58.407   600 29683 I ActivityManager: Start proc 9541:com.android.chrome:sandboxed_process2/u0i423 for service com.android.chrome/org.chromium.content.app.SandboxedProcessService2
10-30 11:47:58.415  9398  9455 W SessionCache: Persisted Sessions were not found
10-30 11:47:58.415  9398  9455 I HeadSessionImpl: Initialize HEAD 0 items
10-30 11:47:58.415  9398  9455 I TaskQueue:  - task [BACKGROUND - d: true, b: 2]: 11
10-30 11:47:58.415  9398  9455 I TimingUtils: Task Timing 223ms, thread JardinExecutor | task : Initialization
10-30 11:47:58.415  9398  9455 I TaskQueue:  - Finished 30, time 224 ms
10-30 11:47:58.416  9398  9455 I TaskQueue: Execute task [HEAD_INVALIDATE - d: true, b: 2]: 26
10-30 11:47:58.416  9398  9455 I TimingUtils: Task Timing   0ms, thread JardinExecutor | task : getAllDismissLocalActions | size : 0
10-30 11:47:58.416  9398  9455 I TimingUtils: Task Timing   0ms, thread JardinExecutor | task : getSemanticProperties | size : 0
10-30 11:47:58.416  9398  9455 I MainThreadRunner: Running task [Check Tooltips] on the Main Thread
10-30 11:47:58.417  9398  9455 I TaskQueue:  * Starting starvation checks
10-30 11:47:58.417  9398  9455 I MainThreadRunner: Running task [starvationChecks] on the Main Thread with a delay of 6000 milliseconds
10-30 11:47:58.417  9398  9455 I TaskQueue:  - Finished 26, time 1 ms
10-30 11:47:58.417  9398  9455 I TaskQueue: Execute task [IMMEDIATE - d: true, b: 1]: 13
10-30 11:47:58.417  9398  9455 I FeedSessionManagerImpl: shouldSessionRequestData; hasContent(false), contentCreationTime(0), outstandingRequest(true)
10-30 11:47:58.417  9398  9455 I MainThreadRunner: Running task [SchedulerApiWrapper shouldSessionRequestData] on the Main Thread
10-30 11:47:58.457   600 24611 I ActivityManager: Start proc 9555:com.android.chrome:sandboxed_process3/u0i424 for service com.android.chrome/org.chromium.content.app.SandboxedProcessService3
10-30 11:47:58.494   600  2707 I ActivityManager: Start proc 9563:com.android.chrome:sandboxed_process4/u0i425 for service com.android.chrome/org.chromium.content.app.SandboxedProcessService4
10-30 11:47:58.563   600   611 I ActivityManager: Start proc 9581:com.android.chrome:sandboxed_process5/u0i426 for service com.android.chrome/org.chromium.content.app.SandboxedProcessService5
10-30 11:47:58.623   600  1080 I ActivityManager: Start proc 9597:com.android.chrome:sandboxed_process6/u0i427 for service com.android.chrome/org.chromium.content.app.SandboxedProcessService6
10-30 11:47:58.648  9398  9408 W art     : Suspending all threads took: 14.602ms
10-30 11:47:58.667  9541  9541 W dboxed_process2: type=1400 audit(0.0:5722): avc: denied { getattr } for path="/data/data/com.android.chrome" dev="dm-2" ino=12190 scontext=u:r:isolated_app:s0:c512,c768 tcontext=u:object_r:app_data_file:s0:c512,c768 tclass=dir permissive=0
10-30 11:47:58.696   600  6312 I ActivityManager: Start proc 9615:com.android.chrome:sandboxed_process7/u0i428 for service com.android.chrome/org.chromium.content.app.SandboxedProcessService7
10-30 11:47:58.726  9398  9398 I PlayCore: UID: [10035]  PID: [9398] SplitInstallService : deferredInstall([image_editor])
10-30 11:47:58.740  9398  9408 I art     : Background partial concurrent mark sweep GC freed 17882(843KB) AllocSpace objects, 5(1168KB) LOS objects, 40% free, 9MB/16MB, paused 16.031ms total 272.118ms
10-30 11:47:58.780  9533  9533 W dboxed_process1: type=1400 audit(0.0:5723): avc: denied { getattr } for path="/data/data/com.android.chrome" dev="dm-2" ino=12190 scontext=u:r:isolated_app:s0:c512,c768 tcontext=u:object_r:app_data_file:s0:c512,c768 tclass=dir permissive=0
10-30 11:47:58.786   600 29683 I ActivityManager: Start proc 9630:com.android.chrome:sandboxed_process8/u0i429 for service com.android.chrome/org.chromium.content.app.SandboxedProcessService8
10-30 11:47:58.843  9555  9555 W dboxed_process3: type=1400 audit(0.0:5724): avc: denied { getattr } for path="/data/data/com.android.chrome" dev="dm-2" ino=12190 scontext=u:r:isolated_app:s0:c512,c768 tcontext=u:object_r:app_data_file:s0:c512,c768 tclass=dir permissive=0
10-30 11:47:58.863  9563  9563 W dboxed_process4: type=1400 audit(0.0:5725): avc: denied { getattr } for path="/data/data/com.android.chrome" dev="dm-2" ino=12190 scontext=u:r:isolated_app:s0:c512,c768 tcontext=u:object_r:app_data_file:s0:c512,c768 tclass=dir permissive=0
10-30 11:47:58.893  9398  9398 I Choreographer: Skipped 55 frames!  The application may be doing too much work on its main thread.
10-30 11:47:58.897  9541  9541 I cr_ChildProcessService: Creating new ChildProcessService pid=9541
10-30 11:47:58.923  9581  9581 W dboxed_process5: type=1400 audit(0.0:5726): avc: denied { getattr } for path="/data/data/com.android.chrome" dev="dm-2" ino=12190 scontext=u:r:isolated_app:s0:c512,c768 tcontext=u:object_r:app_data_file:s0:c512,c768 tclass=dir permissive=0
10-30 11:47:58.994  9533  9533 I cr_ChildProcessService: Creating new ChildProcessService pid=9533
10-30 11:47:59.003  9597  9597 W dboxed_process6: type=1400 audit(0.0:5727): avc: denied { getattr } for path="/data/data/com.android.chrome" dev="dm-2" ino=12190 scontext=u:r:isolated_app:s0:c512,c768 tcontext=u:object_r:app_data_file:s0:c512,c768 tclass=dir permissive=0
10-30 11:47:59.023  9398  9398 I TaskQueue:  - task [IMMEDIATE - d: true, b: 1]: 27
10-30 11:47:59.026  9398  9455 I FeedSessionManagerImpl: shouldSessionRequestDataResult: NO_REQUEST_WITH_WAIT, shouldMakeRequest(false), withTimeout(false), withAppend(false)
10-30 11:47:59.026  9398  9455 I TaskQueue:  - task [USER_FACING - d: true, b: 2]: 24
10-30 11:47:59.026  9398  9455 I TaskQueue:  - Finished 13, time 609 ms
10-30 11:47:59.026  9398  9455 I TaskQueue: Execute task [IMMEDIATE - d: true, b: 2]: 27
10-30 11:47:59.028  9398  9455 I FeedRequestManagerImpl: Consistency Token: # hU2@7bca4
10-30 11:47:59.033  9555  9555 I cr_ChildProcessService: Creating new ChildProcessService pid=9555
10-30 11:47:59.048  9563  9563 I cr_ChildProcessService: Creating new ChildProcessService pid=9563
10-30 11:47:59.104  9398  9455 I FeedRequestManagerImpl: Capability: FEED_UI
10-30 11:47:59.104  9398  9455 I FeedRequestManagerImpl: Capability: UNDOABLE_ACTIONS
10-30 11:47:59.104  9398  9455 I FeedRequestManagerImpl: Capability: MANAGE_INTERESTS
10-30 11:47:59.104  9398  9455 I FeedRequestManagerImpl: Capability: SEND_FEEDBACK
10-30 11:47:59.104  9398  9455 I FeedRequestManagerImpl: Capability: ARTICLE_SNIPPETS
10-30 11:47:59.105  9398  9455 I FeedRequestManagerImpl: Capability: CLICK_ACTION
10-30 11:47:59.105  9398  9455 I FeedRequestManagerImpl: Capability: VIEW_ACTION
10-30 11:47:59.105  9398  9455 I FeedRequestManagerImpl: Capability: REPORT_FEED_USER_ACTIONS_NOTICE_CARD
10-30 11:47:59.105  9398  9455 I FeedRequestManagerImpl: Capability: BASE_UI
10-30 11:47:59.130  9615  9615 W dboxed_process7: type=1400 audit(0.0:5728): avc: denied { getattr } for path="/data/data/com.android.chrome" dev="dm-2" ino=12190 scontext=u:r:isolated_app:s0:c512,c768 tcontext=u:object_r:app_data_file:s0:c512,c768 tclass=dir permissive=0
10-30 11:47:59.135  9581  9581 I cr_ChildProcessService: Creating new ChildProcessService pid=9581
10-30 11:47:59.152  9398  9455 I FeedRequestManagerImpl: Making Request: /httpservice/noretry/DiscoverClankService/FeedQuery
10-30 11:47:59.155  9398  9455 I MainThreadRunner: Running task [NetworkClientWrapper send] on the Main Thread
10-30 11:47:59.155  9398  9455 I TaskQueue:  - Finished 27, time 129 ms
10-30 11:47:59.220  9630  9630 W dboxed_process8: type=1400 audit(0.0:5729): avc: denied { getattr } for path="/data/data/com.android.chrome" dev="dm-2" ino=12190 scontext=u:r:isolated_app:s0:c512,c768 tcontext=u:object_r:app_data_file:s0:c512,c768 tclass=dir permissive=0
10-30 11:47:59.300  9597  9597 I cr_ChildProcessService: Creating new ChildProcessService pid=9597
10-30 11:47:59.321  9398  9398 I cr_tabmodel: Appending tabs being restored to metadata lists, 0, startingNormalCount: 1, startingIncognitoCount: 0
10-30 11:47:59.321  9398  9398 I cr_tabmodel: Serializing tab lists; counts: 1, 0
10-30 11:47:59.336  9615  9615 I cr_ChildProcessService: Creating new ChildProcessService pid=9615
10-30 11:47:59.336  9541  9648 I cr_LibraryLoader: Loaded native library version number "85.0.4183.127"
10-30 11:47:59.336  9541  9648 I cr_CachingUmaRecorder: Flushed 1 samples from 1 histograms.
10-30 11:47:59.367   600 16391 I ActivityManager: Start proc 9661:com.android.chrome:sandboxed_process9/u0i430 for service com.android.chrome/org.chromium.content.app.SandboxedProcessService9
10-30 11:47:59.381  9533  9650 I cr_LibraryLoader: Loaded native library version number "85.0.4183.127"
10-30 11:47:59.396  9533  9650 I cr_CachingUmaRecorder: Flushed 1 samples from 1 histograms.
10-30 11:47:59.437  9555  9651 I cr_LibraryLoader: Loaded native library version number "85.0.4183.127"
10-30 11:47:59.438  9555  9651 I cr_CachingUmaRecorder: Flushed 1 samples from 1 histograms.
10-30 11:47:59.456  9630  9630 I cr_ChildProcessService: Creating new ChildProcessService pid=9630
10-30 11:47:59.492  9563  9654 I cr_LibraryLoader: Loaded native library version number "85.0.4183.127"
10-30 11:47:59.512  9398  9621 I PlayCore: UID: [10035]  PID: [9398] SplitInstallService : Initiate binding to the service.
10-30 11:47:59.512  9563  9654 I cr_CachingUmaRecorder: Flushed 1 samples from 1 histograms.
10-30 11:47:59.594  9581  9657 I cr_LibraryLoader: Loaded native library version number "85.0.4183.127"
10-30 11:47:59.595  9581  9657 I cr_CachingUmaRecorder: Flushed 1 samples from 1 histograms.
10-30 11:47:59.641  9615  9666 I cr_LibraryLoader: Loaded native library version number "85.0.4183.127"
10-30 11:47:59.641  9615  9666 I cr_CachingUmaRecorder: Flushed 1 samples from 1 histograms.
10-30 11:47:59.655  9597  9658 I cr_LibraryLoader: Loaded native library version number "85.0.4183.127"
10-30 11:47:59.665  9597  9658 I cr_CachingUmaRecorder: Flushed 1 samples from 1 histograms.
10-30 11:47:59.696  9630  9681 I cr_LibraryLoader: Loaded native library version number "85.0.4183.127"
10-30 11:47:59.696  9630  9681 I cr_CachingUmaRecorder: Flushed 1 samples from 1 histograms.
10-30 11:47:59.805  9563  9654 I chromium: [INFO:child_process_service.cc(69)] ChildProcessService: Exiting child process.
10-30 11:47:59.806  9615  9666 I chromium: [INFO:child_process_service.cc(69)] ChildProcessService: Exiting child process.
10-30 11:47:59.806  9533  9650 I chromium: [INFO:child_process_service.cc(69)] ChildProcessService: Exiting child process.
10-30 11:47:59.807  9630  9681 I chromium: [INFO:child_process_service.cc(69)] ChildProcessService: Exiting child process.
10-30 11:47:59.807  9597  9658 I chromium: [INFO:child_process_service.cc(69)] ChildProcessService: Exiting child process.
10-30 11:47:59.808  9541  9648 I chromium: [INFO:child_process_service.cc(69)] ChildProcessService: Exiting child process.
10-30 11:47:59.810  9555  9651 I chromium: [INFO:child_process_service.cc(69)] ChildProcessService: Exiting child process.
10-30 11:47:59.816   197   197 E lowmemorykiller: Error writing /proc/9541/oom_score_adj; errno=22
10-30 11:47:59.819  9581  9657 I chromium: [INFO:child_process_service.cc(69)] ChildProcessService: Exiting child process.
10-30 11:47:59.828   600   611 I ActivityManager: Killing 9541:com.android.chrome:sandboxed_process2/u0a35i423 (adj 0): isolated not needed
10-30 11:47:59.830   600   713 W ActivityManager: Unable to start service Intent { act=com.google.android.play.core.splitinstall.BIND_SPLIT_INSTALL_SERVICE pkg=com.android.vending } U=0: not found
10-30 11:47:59.831   197   197 E lowmemorykiller: Error writing /proc/9555/oom_score_adj; errno=22
10-30 11:47:59.833   197   197 E lowmemorykiller: Error writing /proc/9533/oom_score_adj; errno=22
10-30 11:47:59.834   197   197 E lowmemorykiller: Error writing /proc/9563/oom_score_adj; errno=22
10-30 11:47:59.855  9531  9531 D AndroidRuntime: >>>>>> START com.android.internal.os.RuntimeInit uid 2000 <<<<<<
10-30 11:47:59.865   600 29683 I ActivityManager: Start proc 9700:com.android.chrome:sandboxed_process10/u0i431 for service com.android.chrome/org.chromium.content.app.SandboxedProcessService10
10-30 11:47:59.867   600  3507 D ActivityManager: cleanUpApplicationRecord -- 9541
10-30 11:47:59.867   600  3507 I ActivityManager: Killing 9563:com.android.chrome:sandboxed_process4/u0a35i425 (adj 0): isolated not needed
10-30 11:47:59.867   600  3507 I ActivityManager: Killing 9533:com.android.chrome:sandboxed_process1/u0a35i422 (adj 0): isolated not needed
10-30 11:47:59.870   600  3507 I ActivityManager: Killing 9555:com.android.chrome:sandboxed_process3/u0a35i424 (adj 0): isolated not needed
10-30 11:47:59.875   600   707 I ActivityManager: Process com.android.chrome:sandboxed_process8 (pid 9630) has died
10-30 11:47:59.875   600   707 D ActivityManager: cleanUpApplicationRecord -- 9630
10-30 11:47:59.875   600   707 W ActivityManager: Scheduling restart of crashed service com.android.chrome/org.chromium.content.app.SandboxedProcessService8 in 1000ms
10-30 11:47:59.879   600   707 E JavaBinder: !!! FAILED BINDER TRANSACTION !!!  (parcel size = 76)
10-30 11:47:59.879   600   707 E JavaBinder: !!! FAILED BINDER TRANSACTION !!!  (parcel size = 76)
10-30 11:47:59.879   600   707 E JavaBinder: !!! FAILED BINDER TRANSACTION !!!  (parcel size = 76)
10-30 11:47:59.887  9398  9398 W chromium: [WARNING:compositor_view.cc(315)] Child process died (type=6) pid=9630)
10-30 11:47:59.888  9398  9398 W chromium: [WARNING:compositor_view.cc(315)] Child process died (type=6) pid=9541)
10-30 11:47:59.888  9398  9398 W chromium: [WARNING:compositor_view.cc(315)] Child process died (type=6) pid=9597)
10-30 11:47:59.890  9398  9398 W chromium: [WARNING:compositor_view.cc(315)] Child process died (type=6) pid=9615)
10-30 11:47:59.894  9398  9398 W chromium: [WARNING:compositor_view.cc(315)] Child process died (type=6) pid=9563)
10-30 11:47:59.894  9398  9398 W chromium: [WARNING:compositor_view.cc(315)] Child process died (type=6) pid=9555)
10-30 11:47:59.898  9531  9531 D AndroidRuntime: CheckJNI is OFF
10-30 11:47:59.898  9398  9398 W chromium: [WARNING:compositor_view.cc(315)] Child process died (type=6) pid=9581)
10-30 11:47:59.905  9398  9398 W chromium: [WARNING:compositor_view.cc(315)] Child process died (type=6) pid=9533)
10-30 11:47:59.905   600   610 I ActivityManager: Process com.android.chrome:sandboxed_process6 (pid 9597) has died
10-30 11:47:59.905   600   610 D ActivityManager: cleanUpApplicationRecord -- 9597
10-30 11:47:59.905   600   610 W ActivityManager: Scheduling restart of crashed service com.android.chrome/org.chromium.content.app.SandboxedProcessService6 in 10970ms
10-30 11:47:59.917   600  1076 D ActivityManager: cleanUpApplicationRecord -- 9563
10-30 11:47:59.924   600 24515 D ActivityManager: cleanUpApplicationRecord -- 9555
10-30 11:47:59.928  9398  9621 I PlayCore: UID: [10035]  PID: [9398] SplitInstallService : Failed to bind to the service.
10-30 11:47:59.930  9661  9661 W dboxed_process9: type=1400 audit(0.0:5730): avc: denied { getattr } for path="/data/data/com.android.chrome" dev="dm-2" ino=12190 scontext=u:r:isolated_app:s0:c512,c768 tcontext=u:object_r:app_data_file:s0:c512,c768 tclass=dir permissive=0
10-30 11:47:59.932   600  2707 I ActivityManager: Process com.android.chrome:sandboxed_process5 (pid 9581) has died
10-30 11:47:59.932   600  2707 D ActivityManager: cleanUpApplicationRecord -- 9581
10-30 11:47:59.932   600  2707 W ActivityManager: Scheduling restart of crashed service com.android.chrome/org.chromium.content.app.SandboxedProcessService5 in 20943ms
10-30 11:47:59.932   600  9614 I ActivityManager: Process com.android.chrome:sandboxed_process7 (pid 9615) has died
10-30 11:47:59.932   600  9614 D ActivityManager: cleanUpApplicationRecord -- 9615
10-30 11:47:59.932   600  9614 W ActivityManager: Scheduling restart of crashed service com.android.chrome/org.chromium.content.app.SandboxedProcessService7 in 30943ms
10-30 11:47:59.949   600  1079 D ActivityManager: cleanUpApplicationRecord -- 9533
10-30 11:47:59.992   600  6312 I ActivityManager: Start proc 9713:com.android.chrome:sandboxed_process11/u0i432 for service com.android.chrome/org.chromium.content.app.SandboxedProcessService11
10-30 11:48:00.034  9661  9661 I cr_ChildProcessService: Creating new ChildProcessService pid=9661
10-30 11:48:00.036   600 29683 I ActivityManager: Start proc 9721:com.android.chrome:sandboxed_process12/u0i433 for service com.android.chrome/org.chromium.content.app.SandboxedProcessService12
10-30 11:48:00.073  9700  9700 W boxed_process10: type=1400 audit(0.0:5731): avc: denied { getattr } for path="/data/data/com.android.chrome" dev="dm-2" ino=12190 scontext=u:r:isolated_app:s0:c512,c768 tcontext=u:object_r:app_data_file:s0:c512,c768 tclass=dir permissive=0
10-30 11:48:00.078  9398  9408 I art     : Background sticky concurrent mark sweep GC freed 70889(3MB) AllocSpace objects, 63(1280KB) LOS objects, 35% free, 10MB/16MB, paused 6.109ms total 72.654ms
10-30 11:48:00.124   600   611 I ActivityManager: Start proc 9733:com.android.chrome:sandboxed_process13/u0i434 for service com.android.chrome/org.chromium.content.app.SandboxedProcessService13
10-30 11:48:00.167   600  7064 I ActivityManager: Start proc 9740:com.android.chrome:sandboxed_process14/u0i435 for service com.android.chrome/org.chromium.content.app.SandboxedProcessService14
10-30 11:48:00.210  9713  9713 W boxed_process11: type=1400 audit(0.0:5732): avc: denied { getattr } for path="/data/data/com.android.chrome" dev="dm-2" ino=12190 scontext=u:r:isolated_app:s0:c512,c768 tcontext=u:object_r:app_data_file:s0:c512,c768 tclass=dir permissive=0
10-30 11:48:00.220  9700  9700 I cr_ChildProcessService: Creating new ChildProcessService pid=9700
10-30 11:48:00.249   600  1080 I ActivityManager: Start proc 9764:com.android.chrome:sandboxed_process15/u0i436 for service com.android.chrome/org.chromium.content.app.SandboxedProcessService15
10-30 11:48:00.304   600 16391 I ActivityManager: Start proc 9775:com.android.chrome:sandboxed_process16/u0i437 for service com.android.chrome/org.chromium.content.app.SandboxedProcessService16
10-30 11:48:00.331  9398  9455 W cr_CrashFileManager: /data/user/0/com.android.chrome/cache/Crash Reports does not exist or is not a directory
10-30 11:48:00.331  9398  9455 W cr_CrashFileManager: /data/user/0/com.android.chrome/cache/Crash Reports does not exist or is not a directory
10-30 11:48:00.331  9398  9455 W cr_CrashFileManager: /data/user/0/com.android.chrome/cache/Crash Reports does not exist or is not a directory
10-30 11:48:00.334  9398  9455 I cr_FileUtils: Writing to /data/user/0/com.android.chrome/app_dex/webapk7.dex
10-30 11:48:00.360  9398  9432 I cr_BindingManager: Moderate binding enabled: maxSize=40
10-30 11:48:00.365  9661  9720 I cr_LibraryLoader: Loaded native library version number "85.0.4183.127"
10-30 11:48:00.379  9661  9720 I cr_CachingUmaRecorder: Flushed 1 samples from 1 histograms.
10-30 11:48:00.397  9721  9721 W boxed_process12: type=1400 audit(0.0:5733): avc: denied { getattr } for path="/data/data/com.android.chrome" dev="dm-2" ino=12190 scontext=u:r:isolated_app:s0:c512,c768 tcontext=u:object_r:app_data_file:s0:c512,c768 tclass=dir permissive=0
10-30 11:48:00.413  9713  9713 I cr_ChildProcessService: Creating new ChildProcessService pid=9713
10-30 11:48:00.423  9733  9733 W boxed_process13: type=1400 audit(0.0:5734): avc: denied { getattr } for path="/data/data/com.android.chrome" dev="dm-2" ino=12190 scontext=u:r:isolated_app:s0:c512,c768 tcontext=u:object_r:app_data_file:s0:c512,c768 tclass=dir permissive=0
10-30 11:48:00.453  9740  9740 W boxed_process14: type=1400 audit(0.0:5735): avc: denied { getattr } for path="/data/data/com.android.chrome" dev="dm-2" ino=12190 scontext=u:r:isolated_app:s0:c512,c768 tcontext=u:object_r:app_data_file:s0:c512,c768 tclass=dir permissive=0
10-30 11:48:00.540  9531  9531 D ICU     : No timezone override file found: /data/misc/zoneinfo/current/icu/icu_tzdata.dat
10-30 11:48:00.552  9700  9759 I cr_LibraryLoader: Loaded native library version number "85.0.4183.127"
10-30 11:48:00.559  9661  9720 I chromium: [INFO:child_process_service.cc(69)] ChildProcessService: Exiting child process.
10-30 11:48:00.560  9764  9764 W boxed_process15: type=1400 audit(0.0:5736): avc: denied { getattr } for path="/data/data/com.android.chrome" dev="dm-2" ino=12190 scontext=u:r:isolated_app:s0:c512,c768 tcontext=u:object_r:app_data_file:s0:c512,c768 tclass=dir permissive=0
10-30 11:48:00.568  9700  9759 I cr_CachingUmaRecorder: Flushed 1 samples from 1 histograms.
10-30 11:48:00.583  9721  9721 I cr_ChildProcessService: Creating new ChildProcessService pid=9721
10-30 11:48:00.600  9398  9398 W chromium: [WARNING:compositor_view.cc(315)] Child process died (type=6) pid=9661)
10-30 11:48:00.624  9733  9733 I cr_ChildProcessService: Creating new ChildProcessService pid=9733
10-30 11:48:00.642  9740  9740 I cr_ChildProcessService: Creating new ChildProcessService pid=9740
10-30 11:48:00.717  9700  9759 I chromium: [INFO:child_process_service.cc(69)] ChildProcessService: Exiting child process.
10-30 11:48:00.724  9713  9792 I cr_LibraryLoader: Loaded native library version number "85.0.4183.127"
10-30 11:48:00.734  9713  9792 I cr_CachingUmaRecorder: Flushed 1 samples from 1 histograms.
10-30 11:48:00.752  9398  9398 W chromium: [WARNING:compositor_view.cc(315)] Child process died (type=6) pid=9700)
10-30 11:48:00.754  9764  9764 I cr_ChildProcessService: Creating new ChildProcessService pid=9764
10-30 11:48:00.766   197   197 E lowmemorykiller: Error opening /proc/9661/oom_score_adj; errno=2
10-30 11:48:00.770   600  3994 W ActivityManager: Exception when unbinding service com.android.chrome/org.chromium.content.app.SandboxedProcessService9
10-30 11:48:00.770   600  3994 W ActivityManager: android.os.DeadObjectException
10-30 11:48:00.770   600  3994 W ActivityManager: 	at android.os.BinderProxy.transactNative(Native Method)
10-30 11:48:00.770   600  3994 W ActivityManager: 	at android.os.BinderProxy.transact(Binder.java:615)
10-30 11:48:00.770   600  3994 W ActivityManager: 	at android.app.ApplicationThreadProxy.scheduleUnbindService(ApplicationThreadNative.java:1016)
10-30 11:48:00.770   600  3994 W ActivityManager: 	at com.android.server.am.ActiveServices.removeConnectionLocked(ActiveServices.java:2175)
10-30 11:48:00.770   600  3994 W ActivityManager: 	at com.android.server.am.ActiveServices.unbindServiceLocked(ActiveServices.java:1163)
10-30 11:48:00.770   600  3994 W ActivityManager: 	at com.android.server.am.ActivityManagerService.unbindService(ActivityManagerService.java:17309)
10-30 11:48:00.770   600  3994 W ActivityManager: 	at android.app.ActivityManagerNative.onTransact(ActivityManagerNative.java:1145)
10-30 11:48:00.770   600  3994 W ActivityManager: 	at com.android.server.am.ActivityManagerService.onTransact(ActivityManagerService.java:2795)
10-30 11:48:00.770   600  3994 W ActivityManager: 	at android.os.Binder.execTransact(Binder.java:565)
10-30 11:48:00.771   197   197 E lowmemorykiller: Error opening /proc/9661/oom_score_adj; errno=2
10-30 11:48:00.771   600   713 I ActivityManager: Process com.android.chrome:sandboxed_process9 (pid 9661) has died
10-30 11:48:00.771   600   713 D ActivityManager: cleanUpApplicationRecord -- 9661
10-30 11:48:00.792   600  1080 I ActivityManager: Process com.android.chrome:sandboxed_process10 (pid 9700) has died
10-30 11:48:00.792   600  1080 D ActivityManager: cleanUpApplicationRecord -- 9700
10-30 11:48:00.792   600  1080 W ActivityManager: Scheduling restart of crashed service com.android.chrome/org.chromium.content.app.SandboxedProcessService10 in 1000ms
10-30 11:48:00.801  9398  9432 I cr_BindingManager: onTrimMemory: level=15, size=0
10-30 11:48:00.825  9794  9794 I dex2oat : /system/bin/dex2oat --dex-file=/data/user/0/com.android.chrome/app_dex/webapk7.dex --oat-fd=192 --oat-location=/data/user/0/com.android.chrome/app_dex/oat/arm/webapk7.dex --compiler-filter=speed
10-30 11:48:00.861  2434  2984 I Icing   : IndexChimeraService.getServiceInterface callingPackage=com.android.chrome componentName=null serviceId=36
10-30 11:48:00.911  9531  9531 I Radio-JNI: register_android_hardware_Radio DONE
10-30 11:48:00.914  2434  2938 I Icing   : IndexChimeraService.getServiceInterface callingPackage=com.android.chrome componentName=null serviceId=36
10-30 11:48:00.970  9775  9775 W boxed_process16: type=1400 audit(0.0:5737): avc: denied { getattr } for path="/data/data/com.android.chrome" dev="dm-2" ino=12190 scontext=u:r:isolated_app:s0:c512,c768 tcontext=u:object_r:app_data_file:s0:c512,c768 tclass=dir permissive=0
10-30 11:48:00.998  9531  9531 D AndroidRuntime: Calling main entry com.android.commands.am.Am
10-30 11:48:01.001  9721  9802 I cr_LibraryLoader: Loaded native library version number "85.0.4183.127"
10-30 11:48:01.010  9398  9398 I FeedRequestManagerImpl: Request: /httpservice/noretry/DiscoverClankService/FeedQuery completed with response code: 200
10-30 11:48:01.010  9398  9398 I TaskQueue:  - task [IMMEDIATE - d: true, b: 2]: 15
10-30 11:48:01.010  9398  9398 I TaskQueue:  - queueTask starting immediate task
10-30 11:48:01.010  9398  9454 I TaskQueue: Execute task [IMMEDIATE - d: true, b: 2]: 15
10-30 11:48:01.026  9713  9713 I cr_ChildProcessService: Destroying ChildProcessService pid=9713
10-30 11:48:01.029  9740  9807 I cr_LibraryLoader: Loaded native library version number "85.0.4183.127"
10-30 11:48:01.029  9740  9807 I cr_CachingUmaRecorder: Flushed 1 samples from 1 histograms.
10-30 11:48:01.033  9721  9802 I cr_CachingUmaRecorder: Flushed 1 samples from 1 histograms.
10-30 11:48:01.033  9733  9803 I cr_LibraryLoader: Loaded native library version number "85.0.4183.127"
10-30 11:48:01.035  9733  9803 I cr_CachingUmaRecorder: Flushed 1 samples from 1 histograms.
10-30 11:48:01.064   600 24611 I ActivityManager: Start proc 9823:com.android.chrome:sandboxed_process17/u0i438 for service com.android.chrome/org.chromium.content.app.SandboxedProcessService17
10-30 11:48:01.113  9764  9813 I cr_LibraryLoader: Loaded native library version number "85.0.4183.127"
10-30 11:48:01.114  9764  9813 I cr_CachingUmaRecorder: Flushed 1 samples from 1 histograms.
10-30 11:48:01.117   600 16391 I ActivityManager: Start proc 9832:com.android.chrome:sandboxed_process18/u0i439 for service com.android.chrome/org.chromium.content.app.SandboxedProcessService18
10-30 11:48:01.127  9775  9775 I cr_ChildProcessService: Creating new ChildProcessService pid=9775
10-30 11:48:01.181  9721  9802 I chromium: [INFO:child_process_service.cc(69)] ChildProcessService: Exiting child process.
10-30 11:48:01.192  9398  9454 I MainThreadRunner: Running task [FeedRequestManagerImpl consumer] on the Main Thread
10-30 11:48:01.192  9398  9454 I TaskQueue:  - Finished 15, time 182 ms
10-30 11:48:01.200  9740  9807 I chromium: [INFO:child_process_service.cc(69)] ChildProcessService: Exiting child process.
10-30 11:48:01.218   600  3994 I ActivityManager: Start proc 9851:com.android.chrome:sandboxed_process19/u0i440 for service com.android.chrome/org.chromium.content.app.SandboxedProcessService19
10-30 11:48:01.218   600 13631 I ActivityManager: START u0 {act=android.intent.action.VIEW dat=http://192.168.40.1/... flg=0x10000000 cmp=com.android.chrome/com.google.android.apps.chrome.Main} from uid 2000 on display 0
10-30 11:48:01.221   600 24611 I ActivityManager: Process com.android.chrome:sandboxed_process12 (pid 9721) has died
10-30 11:48:01.221   600 24611 D ActivityManager: cleanUpApplicationRecord -- 9721
10-30 11:48:01.221   600 24611 W ActivityManager: Scheduling restart of crashed service com.android.chrome/org.chromium.content.app.SandboxedProcessService12 in 1000ms
10-30 11:48:01.224  9398  9398 W chromium: [WARNING:compositor_view.cc(315)] Child process died (type=6) pid=9721)
10-30 11:48:01.224  9398  9398 W chromium: [WARNING:compositor_view.cc(315)] Child process died (type=6) pid=9740)
10-30 11:48:01.225   600 24611 I ActivityManager: Killing 9713:com.android.chrome:sandboxed_process11/u0a35i432 (adj 0): isolated not needed
10-30 11:48:01.227  9398  9398 I FeedProtocolAdapter: createModel, operations 33
10-30 11:48:01.233  9398  9398 I TimingUtils: Task Timing   5ms, thread ui | task : convertWireProtocol | mutations : 33
10-30 11:48:01.234   600  1076 I ActivityManager: Process com.android.chrome:sandboxed_process14 (pid 9740) has died
10-30 11:48:01.234   600  1076 D ActivityManager: cleanUpApplicationRecord -- 9740
10-30 11:48:01.234   600  1076 W ActivityManager: Scheduling restart of crashed service com.android.chrome/org.chromium.content.app.SandboxedProcessService14 in 10987ms
10-30 11:48:01.234  9398  9398 I TaskQueue:  - task [HEAD_RESET - d: true, b: 2]: 5
10-30 11:48:01.234  9398  9398 I TaskQueue:  - queueTask starting immediate task
10-30 11:48:01.235  9398  9448 I TaskQueue: Execute task [HEAD_RESET - d: true, b: 2]: 5
10-30 11:48:01.241  9398  9448 I TaskQueue:  - task [BACKGROUND - d: true, b: 2]: 23
10-30 11:48:01.242  9398  9448 W SessionCache: Persisted Sessions were not found
10-30 11:48:01.247  9531  9531 D AndroidRuntime: Shutting down VM
10-30 11:48:01.255  9398  9448 I PersistentFeedStore: commitSessionMutation - Success true, Update Session $HEAD, stream structures 32
10-30 11:48:01.280  9398  9448 I MainThreadRunner: Running task [SchedulerApiWrapper onReceiveNewContent] on the Main Thread
10-30 11:48:01.280  9398  9448 I MainThreadRunner: Running task [FeedKnownContentImpl onNewContentReceived] on the Main Thread
10-30 11:48:01.281  9398  9448 I SessionManagerMutation: Cleared Head, new creation time 10-30 11:48:01.242
10-30 11:48:01.281  9398  9448 I TimingUtils: Task Timing  46ms, thread background-1 | task : sessionMutation.commitTask:updateConsumer | mutations : 33 | userInitiated : false
