10-30 10:01:59.786  1688  1688 D MonkeyStub: translateCommand: touch down 614 1561
10-30 10:01:59.810  1688  1688 D MonkeyStub: translateCommand: touch move 614 1561
10-30 10:01:59.924  1688  1688 D MonkeyStub: translateCommand: touch move 614 1436
10-30 10:02:00.038  1688  1688 D MonkeyStub: translateCommand: touch move 614 1311
10-30 10:02:00.146  1688  1688 D MonkeyStub: translateCommand: touch move 614 1186
10-30 10:02:00.254  1688  1688 D MonkeyStub: translateCommand: touch move 614 1061
10-30 10:02:00.366  1688  1688 D MonkeyStub: translateCommand: touch move 614 937
10-30 10:02:00.475  1688  1688 D MonkeyStub: translateCommand: touch move 614 812
10-30 10:02:00.587  1688  1688 D MonkeyStub: translateCommand: touch move 614 687
10-30 10:02:00.700  1688  1688 D MonkeyStub: translateCommand: touch move 614 562
10-30 10:02:00.807  1688  1688 D MonkeyStub: translateCommand: touch move 614 437
10-30 10:02:00.911  1688  1688 D MonkeyStub: translateCommand: touch move 614 312
10-30 10:02:00.915  1688  1688 D MonkeyStub: translateCommand: touch up 614 312
10-30 10:02:05.937  1688  1688 D MonkeyStub: Quit requested
10-30 10:02:06.006   600   614 I CwMcuSensor: CwMcuSensor::flush: fd = 240, sensors_id = 0, path = /sys/class/htc_sensorhub/sensor_hub/flush, err = 0
10-30 10:02:06.017  1688  1688 I art     : System.exit called, status: 56
10-30 10:02:06.017  1688  1688 I AndroidRuntime: VM exiting with result code 56.
10-30 10:02:06.054   600 17381 W WindowManager: Attempted to remove non-existing token: android.os.Binder@7c6ad75
10-30 10:02:09.789   600   612 I UsageStatsService: User[0] Flushing usage stats to disk
10-30 10:02:16.167  1159  1321 E chromium: [ERROR:ssl_client_socket_impl.cc(983)] handshake failed; returned -1, SSL error code 1, net_error -100
10-30 10:02:22.062  1945  1945 D AndroidRuntime: >>>>>> START com.android.internal.os.RuntimeInit uid 2000 <<<<<<
10-30 10:02:22.071  1945  1945 D AndroidRuntime: CheckJNI is OFF
10-30 10:02:22.162  1945  1945 D ICU     : No timezone override file found: /data/misc/zoneinfo/current/icu/icu_tzdata.dat
10-30 10:02:22.205  1945  1945 I Radio-JNI: register_android_hardware_Radio DONE
10-30 10:02:22.221  1945  1945 D AndroidRuntime: Calling main entry com.android.commands.am.Am
10-30 10:02:22.240   600  2707 I ActivityManager: Force stopping com.opera.browser appid=10122 user=0: from pid 1945
10-30 10:02:22.240   600  2707 I ActivityManager: Killing 1322:com.opera.browser:privileged_process0/u0a122 (adj 0): stop com.opera.browser
10-30 10:02:22.241   600  2707 D ActivityManager: cleanUpApplicationRecord -- 1322
10-30 10:02:22.241   600  2707 W ActivityManager: Scheduling restart of crashed service com.opera.browser/com.opera.android.browser.chromium.services.PrivilegedProcessService0 in 1000ms
10-30 10:02:22.241   600  2707 I ActivityManager: Killing 1159:com.opera.browser/u0a122 (adj 0): stop com.opera.browser
10-30 10:02:22.242   600  2707 D ActivityManager: cleanUpApplicationRecord -- 1159
10-30 10:02:22.245   600  2707 W ActivityManager: Force removing ActivityRecord{e672ca9 u0 com.opera.browser/com.opera.android.BrowserActivity t1515}: app died, no saved state
10-30 10:02:22.259  1619  1619 I art     : System.exit called, status: 0
10-30 10:02:22.259  1619  1619 I AndroidRuntime: VM exiting with result code 0, cleanup skipped.
10-30 10:02:22.272 17059 17059 I MemoryTrimmer: Trimming objects from memory, since app is in the background.
10-30 10:02:22.274   600  2707 I ActivityManager: Killing 1619:com.opera.browser:sandboxed_process0/u0a122 (adj 0): stop com.opera.browser
10-30 10:02:22.274   600  2707 D ActivityManager: cleanUpApplicationRecord -- 1619
10-30 10:02:22.275  1945  1945 D AndroidRuntime: Shutting down VM
10-30 10:02:22.310  1084  1171 I OpenGLRenderer: Initialized EGL, version 1.4
10-30 10:02:22.310  1084  1171 D OpenGLRenderer: Swap behavior 2
10-30 10:02:22.320  1061  1061 D RegisteredNfcFServicesCache: Service unchanged, not updating
10-30 10:02:22.424 17059 24799 I AttachedClient: Adding client event 2 to pending list.
10-30 10:02:22.432 17059 17059 I OptInState: There is a new client and it does not support opt-in. Dropping request.
10-30 10:02:22.436 17059 17059 I MicroDetectionWorker: Micro detection mode: [mDetectionMode: [1]].
10-30 10:02:22.449 17059  1960 I MicroRecognitionRunner: Starting detection.
10-30 10:02:22.455 17059 22042 I MicrophoneInputStream: mic_starting com.google.android.apps.gsa.speech.audio.ae@462dd15
10-30 10:02:22.468   238   285 I SoundTriggerHwService::Module: void android::SoundTriggerHwService::Module::onCallbackEvent(const sp<android::SoundTriggerHwService::CallbackEvent> &) mClient == 0
10-30 10:02:22.479   238  1963 I AudioFlinger: AudioFlinger's thread 0xef692400 ready to run
10-30 10:02:22.494 17059 17069 I art     : Background sticky concurrent mark sweep GC freed 3752(204KB) AllocSpace objects, 0(0B) LOS objects, 11% free, 5MB/6MB, paused 6.989ms total 40.540ms
10-30 10:02:22.494 17059 22042 I MicrophoneInputStream: mic_started com.google.android.apps.gsa.speech.audio.ae@462dd15
10-30 10:02:22.609   600  3994 D ConnectivityService: ConnectivityService NetworkRequestInfo binderDied(NetworkRequest [ LISTEN id=650, [ Capabilities: INTERNET&NOT_RESTRICTED&TRUSTED&FOREGROUND] ], android.os.BinderProxy@c99926e)
10-30 10:02:22.610   600  3994 D GraphicsStats: Buffer count: 2
10-30 10:02:22.610   600  3994 D ConnectivityService: ConnectivityService NetworkRequestInfo binderDied(NetworkRequest [ LISTEN id=649, [ Capabilities: INTERNET&NOT_RESTRICTED&TRUSTED&FOREGROUND] ], android.os.BinderProxy@7150d0f)
10-30 10:02:22.611   600   649 E ConnectivityService: RemoteException caught trying to send a callback msg for NetworkRequest [ LISTEN id=650, [ Capabilities: INTERNET&NOT_RESTRICTED&TRUSTED&FOREGROUND] ]
10-30 10:02:22.611   600   649 E ConnectivityService: RemoteException caught trying to send a callback msg for NetworkRequest [ LISTEN id=649, [ Capabilities: INTERNET&NOT_RESTRICTED&TRUSTED&FOREGROUND] ]
10-30 10:02:22.663 17059 17059 I MicroDetectionWorker: onReady
10-30 10:02:22.868  1084  1171 W OpenGLRenderer: Incorrectly called buildLayer on View: ShortcutAndWidgetContainer, destroying layer...
10-30 10:02:22.889  1961  1961 D AndroidRuntime: >>>>>> START com.android.internal.os.RuntimeInit uid 2000 <<<<<<
10-30 10:02:22.893  1961  1961 D AndroidRuntime: CheckJNI is OFF
10-30 10:02:22.963  1961  1961 D ICU     : No timezone override file found: /data/misc/zoneinfo/current/icu/icu_tzdata.dat
10-30 10:02:22.991  1961  1961 I Radio-JNI: register_android_hardware_Radio DONE
10-30 10:02:23.006  1961  1961 D AndroidRuntime: Calling main entry com.android.commands.pm.Pm
10-30 10:02:23.021   600  6312 I ActivityManager: Force stopping com.opera.browser appid=10122 user=0: clear data
10-30 10:02:23.026   600   613 I ActivityManager: Force stopping com.opera.browser appid=10122 user=-1: clearApplicationUserData
10-30 10:02:23.081   787   787 I GeofencerStateMachine: removeGeofences: removeRequest=RemoveGeofencingRequest[REMOVE_ALL packageName=com.opera.browser]
10-30 10:02:23.084  1961  1961 I art     : System.exit called, status: 0
10-30 10:02:23.084  1961  1961 I AndroidRuntime: VM exiting with result code 0.
10-30 10:02:23.095  1061  1061 D RegisteredNfcFServicesCache: Service unchanged, not updating
10-30 10:02:23.124   600   612 W ResourceType: No known package when getting value for resource number 0x7f100007
10-30 10:02:23.124   600   612 W ResourceType: No known package when getting value for resource number 0x7f13090c
10-30 10:02:23.124   600   612 W ResourceType: No known package when getting value for resource number 0x7f100005
10-30 10:02:23.124   600   612 W ResourceType: No known package when getting value for resource number 0x7f13090a
10-30 10:02:23.134   600   612 W ResourceType: No known package when getting value for resource number 0x7f100004
10-30 10:02:23.134   600   612 W ResourceType: No known package when getting value for resource number 0x7f130909
10-30 10:02:23.134   600   612 W ResourceType: No known package when getting value for resource number 0x7f100006
10-30 10:02:23.134   600   612 W ResourceType: No known package when getting value for resource number 0x7f13090b
10-30 10:02:23.160   787  1982 I Fitness : FitCleanupIntentOperation received Intent android.intent.action.PACKAGE_DATA_CLEARED [CONTEXT service_id=17 ]
10-30 10:02:23.189   787   804 I art     : Background partial concurrent mark sweep GC freed 70712(4MB) AllocSpace objects, 3(60KB) LOS objects, 40% free, 11MB/19MB, paused 722us total 107.386ms
10-30 10:02:23.192   787   802 W SQLiteConnectionPool: A SQLiteConnection object for database '/data/user/0/com.google.android.gms/databases/metadata.db' was leaked!  Please fix your application to end transactions in progress properly and to close the database when it is no longer needed.
10-30 10:02:23.199 11473 32520 I Icing   : doRemovePackageData com.opera.browser
10-30 10:02:23.478   787  1259 W GmsStrictMode: LEAKED_CLOSABLE [CONTEXT service_id=256 ]
10-30 10:02:23.478   787  1259 W GmsStrictMode: rvo: LEAKED_CLOSABLE
10-30 10:02:23.478   787  1259 W GmsStrictMode: 	at dalvik.system.VMStack.getThreadStackTrace(Native Method)
10-30 10:02:23.478   787  1259 W GmsStrictMode: 	at java.lang.Thread.getStackTrace(Thread.java:1566)
10-30 10:02:23.478   787  1259 W GmsStrictMode: 	at bhdb.containsKey(:com.google.android.gms@203915020@20.39.15 (040406-335085812):1)
10-30 10:02:23.478   787  1259 W GmsStrictMode: 	at android.os.StrictMode.onVmPolicyViolation(StrictMode.java:1867)
10-30 10:02:23.478   787  1259 W GmsStrictMode: 	at android.os.StrictMode.onVmPolicyViolation(StrictMode.java:1844)
10-30 10:02:23.478   787  1259 W GmsStrictMode: 	at android.os.StrictMode$AndroidCloseGuardReporter.report(StrictMode.java:1590)
10-30 10:02:23.478   787  1259 W GmsStrictMode: 	at dalvik.system.CloseGuard.warnIfOpen(CloseGuard.java:208)
10-30 10:02:23.478   787  1259 W GmsStrictMode: 	at android.database.sqlite.SQLiteConnection.dispose(SQLiteConnection.java:231)
10-30 10:02:23.478   787  1259 W GmsStrictMode: 	at android.database.sqlite.SQLiteConnection.finalize(SQLiteConnection.java:180)
10-30 10:02:23.478   787  1259 W GmsStrictMode: 	at java.lang.Daemons$FinalizerDaemon.doFinalize(Daemons.java:222)
10-30 10:02:23.478   787  1259 W GmsStrictMode: 	at java.lang.Daemons$FinalizerDaemon.run(Daemons.java:209)
10-30 10:02:23.478   787  1259 W GmsStrictMode: 	at java.lang.Thread.run(Thread.java:761)
