--------- beginning of main
10-29 15:52:59.999 18255 18255 D AndroidRuntime: >>>>>> START com.android.internal.os.RuntimeInit uid 2000 <<<<<<
10-29 15:53:00.010 18255 18255 D AndroidRuntime: CheckJNI is OFF
--------- beginning of system
10-29 15:53:00.046   600   613 I ProcessStatsService: Prepared write state in 3ms
10-29 15:53:00.138 18255 18255 D ICU     : No timezone override file found: /data/misc/zoneinfo/current/icu/icu_tzdata.dat
10-29 15:53:00.170 18255 18255 I Radio-JNI: register_android_hardware_Radio DONE
10-29 15:53:00.188 18255 18255 D AndroidRuntime: Calling main entry com.android.commands.am.Am
10-29 15:53:00.207   600  1079 I ActivityManager: Force stopping com.opera.browser appid=10122 user=0: from pid 18255
10-29 15:53:00.218  1061  1061 D RegisteredNfcFServicesCache: Service unchanged, not updating
10-29 15:53:00.462   600  3994 I ActivityManager: START u0 {act=android.intent.action.VIEW flg=0x10008000 cmp=com.opera.browser/com.opera.Opera} from uid 2000 on display 0
10-29 15:53:00.487 18255 18255 D AndroidRuntime: Shutting down VM
10-29 15:53:00.515   600  9614 I ActivityManager: Start proc 18265:com.opera.browser/u0a122 for activity com.opera.browser/com.opera.Opera
10-29 15:53:00.613 18265 18265 I art     : Waiting for a blocking GC AddRemoveAppImageSpace
10-29 15:53:00.626 18265 18265 I art     : WaitForGcToComplete blocked for 12.731ms for cause AddRemoveAppImageSpace
10-29 15:53:00.626 18265 18265 I art     : Starting a blocking GC AddRemoveAppImageSpace
10-29 15:53:00.646 18265 18265 I LoadedApk: No resource references to update in package com.opera.browser.nord_vpn
10-29 15:53:00.738 18265 18265 I art     : Rejecting re-init on previously-failed class java.lang.Class<com.opera.android.job.a$j>: java.lang.NoClassDefFoundError: Failed resolution of: Landroid/app/job/JobServiceEngine;
10-29 15:53:00.738 18265 18265 I art     :   at void com.opera.android.OperaApplication.onCreate() (SourceFile:52)
10-29 15:53:00.738 18265 18265 I art     :   at void android.app.Instrumentation.callApplicationOnCreate(android.app.Application) (Instrumentation.java:1024)
10-29 15:53:00.738 18265 18265 I art     :   at void android.app.ActivityThread.handleBindApplication(android.app.ActivityThread$AppBindData) (ActivityThread.java:5403)
10-29 15:53:00.738 18265 18265 I art     :   at void android.app.ActivityThread.-wrap2(android.app.ActivityThread, android.app.ActivityThread$AppBindData) (ActivityThread.java:-1)
10-29 15:53:00.738 18265 18265 I art     :   at void android.app.ActivityThread$H.handleMessage(android.os.Message) (ActivityThread.java:1545)
10-29 15:53:00.738 18265 18265 I art     :   at void android.os.Handler.dispatchMessage(android.os.Message) (Handler.java:102)
10-29 15:53:00.738 18265 18265 I art     :   at void android.os.Looper.loop() (Looper.java:154)
10-29 15:53:00.738 18265 18265 I art     :   at void android.app.ActivityThread.main(java.lang.String[]) (ActivityThread.java:6119)
10-29 15:53:00.738 18265 18265 I art     :   at java.lang.Object java.lang.reflect.Method.invoke!(java.lang.Object, java.lang.Object[]) (Method.java:-2)
10-29 15:53:00.738 18265 18265 I art     :   at void com.android.internal.os.ZygoteInit$MethodAndArgsCaller.run() (ZygoteInit.java:886)
10-29 15:53:00.738 18265 18265 I art     :   at void com.android.internal.os.ZygoteInit.main(java.lang.String[]) (ZygoteInit.java:776)
10-29 15:53:00.738 18265 18265 I art     : Caused by: java.lang.ClassNotFoundException: Didn't find class "android.app.job.JobServiceEngine" on path: DexPathList[[zip file "/data/app/com.opera.browser-1/base.apk"],nativeLibraryDirectories=[/data/app/com.opera.browser-1/lib/arm, /data/app/com.opera.browser-1/base.apk!/lib/armeabi-v7a, /system/lib, /vendor/lib]]
10-29 15:53:00.738 18265 18265 I art     :   at java.lang.Class dalvik.system.BaseDexClassLoader.findClass(java.lang.String) (BaseDexClassLoader.java:56)
10-29 15:53:00.738 18265 18265 I art     :   at java.lang.Class java.lang.ClassLoader.loadClass(java.lang.String, boolean) (ClassLoader.java:380)
10-29 15:53:00.738 18265 18265 I art     :   at java.lang.Class java.lang.ClassLoader.loadClass(java.lang.String) (ClassLoader.java:312)
10-29 15:53:00.738 18265 18265 I art     :   at void com.opera.android.OperaApplication.onCreate() (SourceFile:52)
10-29 15:53:00.738 18265 18265 I art     :   at void android.app.Instrumentation.callApplicationOnCreate(android.app.Application) (Instrumentation.java:1024)
10-29 15:53:00.738 18265 18265 I art     :   at void android.app.ActivityThread.handleBindApplication(android.app.ActivityThread$AppBindData) (ActivityThread.java:5403)
10-29 15:53:00.738 18265 18265 I art     :   at void android.app.ActivityThread.-wrap2(android.app.ActivityThread, android.app.ActivityThread$AppBindData) (ActivityThread.java:-1)
10-29 15:53:00.738 18265 18265 I art     :   at void android.app.ActivityThread$H.handleMessage(android.os.Message) (ActivityThread.java:1545)
10-29 15:53:00.738 18265 18265 I art     :   at void android.os.Handler.dispatchMessage(android.os.Message) (Handler.java:102)
10-29 15:53:00.738 18265 18265 I art     :   at void android.os.Looper.loop() (Looper.java:154)
10-29 15:53:00.738 18265 18265 I art     :   at void android.app.ActivityThread.main(java.lang.String[]) (ActivityThread.java:6119)
10-29 15:53:00.738 18265 18265 I art     :   at java.lang.Object java.lang.reflect.Method.invoke!(java.lang.Object, java.lang.Object[]) (Method.java:-2)
10-29 15:53:00.738 18265 18265 I art     :   at void com.android.internal.os.ZygoteInit$MethodAndArgsCaller.run() (ZygoteInit.java:886)
10-29 15:53:00.738 18265 18265 I art     :   at void com.android.internal.os.ZygoteInit.main(java.lang.String[]) (ZygoteInit.java:776)
10-29 15:53:00.738 18265 18265 I art     : 
10-29 15:53:00.781 18265 18317 D NetworkSecurityConfig: Using Network Security Config from resource network_security_config_official_build debugBuild: false
10-29 15:53:00.961   600  6312 I ActivityManager: START u0 {act=android.intent.action.VIEW flg=0x10008000 cmp=com.opera.browser/com.opera.android.startup.WelcomeActivity} from uid 10122 on display 0
10-29 15:53:00.977   600  1079 W ActivityManager: Duplicate finish request for ActivityRecord{91ce14e u0 com.opera.browser/com.opera.Opera t1147 f}
10-29 15:53:01.309   600   609 I art     : Background partial concurrent mark sweep GC freed 36541(1713KB) AllocSpace objects, 8(800KB) LOS objects, 33% free, 14MB/21MB, paused 814us total 261.745ms
10-29 15:53:01.364 18265 18275 I art     : Background sticky concurrent mark sweep GC freed 39591(4MB) AllocSpace objects, 17(480KB) LOS objects, 21% free, 5MB/7MB, paused 1.819ms total 272.657ms
10-29 15:53:01.380 18265 18310 I FA      : App measurement initialized, version: 43042
10-29 15:53:01.380 18265 18310 I FA      : To enable debug logging run: adb shell setprop log.tag.FA VERBOSE
10-29 15:53:01.380 18265 18310 I FA      : To enable faster debug mode event logging run:
10-29 15:53:01.380 18265 18310 I FA      :   adb shell setprop debug.firebase.analytics.app com.opera.browser
10-29 15:53:01.453 18265 18376 I OpenGLRenderer: Initialized EGL, version 1.4
10-29 15:53:01.454 18265 18376 D OpenGLRenderer: Swap behavior 2
10-29 15:53:01.640 18265 18310 I FA      : Tag Manager is not found and thus will not be used
10-29 15:53:01.698   600   620 I ActivityManager: Displayed com.opera.browser/com.opera.android.startup.WelcomeActivity: +705ms (total +1s212ms)
10-29 15:53:01.828 18265 18401 W chromium: [WARNING:op_site_scripts.cc(424)] Failed to map /data/user/0/com.opera.browser/app_opera/sjs
10-29 15:53:01.862   600  1076 I ActivityManager: Start proc 18406:com.opera.browser:privileged_process0/u0a122 for service com.opera.browser/com.opera.android.browser.chromium.services.PrivilegedProcessService0
10-29 15:53:01.900   600   620 W WindowManager: Failed looking up window
10-29 15:53:01.900   600   620 W WindowManager: java.lang.IllegalArgumentException: Requested window android.view.ViewRootImpl$W@f31b067 does not exist
10-29 15:53:01.900   600   620 W WindowManager: 	at com.android.server.wm.WindowManagerService.windowForClientLocked(WindowManagerService.java:9422)
10-29 15:53:01.900   600   620 W WindowManager: 	at com.android.server.wm.WindowManagerService.windowForClientLocked(WindowManagerService.java:9413)
10-29 15:53:01.900   600   620 W WindowManager: 	at com.android.server.wm.WindowManagerService.removeWindow(WindowManagerService.java:2393)
10-29 15:53:01.900   600   620 W WindowManager: 	at com.android.server.wm.Session.remove(Session.java:202)
10-29 15:53:01.900   600   620 W WindowManager: 	at android.view.ViewRootImpl.dispatchDetachedFromWindow(ViewRootImpl.java:3290)
10-29 15:53:01.900   600   620 W WindowManager: 	at android.view.ViewRootImpl.doDie(ViewRootImpl.java:5917)
10-29 15:53:01.900   600   620 W WindowManager: 	at android.view.ViewRootImpl$ViewRootHandler.handleMessage(ViewRootImpl.java:3626)
10-29 15:53:01.900   600   620 W WindowManager: 	at android.os.Handler.dispatchMessage(Handler.java:102)
10-29 15:53:01.900   600   620 W WindowManager: 	at android.os.Looper.loop(Looper.java:154)
10-29 15:53:01.900   600   620 W WindowManager: 	at android.os.HandlerThread.run(HandlerThread.java:61)
10-29 15:53:01.900   600   620 W WindowManager: 	at com.android.server.ServiceThread.run(ServiceThread.java:46)
10-29 15:53:01.996 18406 18406 I art     : Starting a blocking GC AddRemoveAppImageSpace
10-29 15:53:02.016 18406 18406 I LoadedApk: No resource references to update in package com.opera.browser.nord_vpn
10-29 15:53:02.163 18265 18275 I art     : Background sticky concurrent mark sweep GC freed 7029(625KB) AllocSpace objects, 13(260KB) LOS objects, 14% free, 6MB/7MB, paused 2.534ms total 101.172ms
10-29 15:53:02.205  3410 18136 I DeviceStateChecker: DeviceStateChecker cancelled
10-29 15:53:02.206  3410  3410 I MicroDetector: Keeping mic open: false
10-29 15:53:02.213  3410 15486 I AudioController: internalShutdown
10-29 15:53:02.213  3410 15486 I MicrophoneInputStream: mic_close com.google.android.apps.gsa.speech.audio.ae@7eb2875
10-29 15:53:02.213  3410  4353 I MicroRecognitionRunner: Stopping hotword detection.
10-29 15:53:02.226   238   285 I SoundTriggerHwService::Module: void android::SoundTriggerHwService::Module::onCallbackEvent(const sp<android::SoundTriggerHwService::CallbackEvent> &) mClient == 0
10-29 15:53:02.237 18406 18435 E libEGL  : validate_display:99 error 3008 (EGL_BAD_DISPLAY)
10-29 15:53:02.244  3410 18135 I MicroRecognitionRunner: Detection finished
10-29 15:53:02.458 18406 18435 E libEGL  : validate_display:99 error 3008 (EGL_BAD_DISPLAY)
10-29 15:53:06.193 18265 18265 I PlayCore: UID: [10122]  PID: [18265] AppUpdateListenerRegistry : registerListener
10-29 15:53:06.196 18265 18265 I PlayCore: UID: [10122]  PID: [18265] AppUpdateService : requestUpdateInfo(com.opera.browser)
10-29 15:53:06.198 18265 18483 I PlayCore: UID: [10122]  PID: [18265] AppUpdateService : Initiate binding to the service.
10-29 15:53:06.199   600  3507 W ActivityManager: Unable to start service Intent { act=com.google.android.play.core.install.BIND_UPDATE_SERVICE pkg=com.android.vending } U=0: not found
10-29 15:53:06.200 18265 18483 I PlayCore: UID: [10122]  PID: [18265] AppUpdateService : Failed to bind to the service.
10-29 15:53:06.269 18265 18485 D ApplicationLoaders: ignored Vulkan layer search path /data/app/com.google.android.gms-1/lib/arm:/data/app/com.google.android.gms-1/base.apk!/lib/armeabi-v7a:/data/app/com.google.android.gms-1/split_config.en.apk!/lib/armeabi-v7a for namespace 0xf4a41090
10-29 15:53:06.271 18265 18485 W ResourceType: ResTable_typeSpec entry count inconsistent: given 67, previously 69
10-29 15:53:06.271 18265 18485 W ResourceType: ResTable_typeSpec entry count inconsistent: given 5346, previously 5347
10-29 15:53:06.524   600   612 D SyncManager: failed sync operation JobId: 100983, com.opera.browser u0 (com.opera.browser.ping), com.opera.browser.ping.provider, SERVER, reason: 10122, SyncResult: delayUntil: 1667058786 stats [ numIoExceptions: 1]
10-29 15:53:12.916   600   647 I WifiHAL : Got channel list with 13 channels
10-29 15:53:12.922   600   647 I WifiHAL : Got channel list with 4 channels
10-29 15:53:12.937   600   647 I WifiHAL : Got channel list with 15 channels
10-29 15:53:13.044   787 18098 I NetworkScheduler.Stats: Task com.google.android.gms/com.google.android.gms.auth.account.be.accountstate.GcmTaskService started execution. cause:4 exec_start_elapsed_seconds: 3641 [CONTEXT service_id=218 ]
10-29 15:53:13.081   787 18445 I NetworkScheduler.Stats: Task com.google.android.gms/com.google.android.gms.auth.account.be.accountstate.GcmTaskService finished executing. cause:4 result: 1 elapsed_millis: 67 uptime_millis: 67 exec_start_elapsed_seconds: 3641 [CONTEXT service_id=218 ]
10-29 15:53:13.371 18517 18517 D AndroidRuntime: >>>>>> START com.android.internal.os.RuntimeInit uid 2000 <<<<<<
10-29 15:53:13.375 18517 18517 D AndroidRuntime: CheckJNI is OFF
10-29 15:53:13.438 18517 18517 D ICU     : No timezone override file found: /data/misc/zoneinfo/current/icu/icu_tzdata.dat
10-29 15:53:13.470 18517 18517 I Radio-JNI: register_android_hardware_Radio DONE
10-29 15:53:13.486 18517 18517 D AndroidRuntime: Calling main entry com.android.commands.monkey.Monkey
10-29 15:53:13.557   600   613 W BroadcastQueue: Skipping deliver [background] BroadcastRecord{9132192 u-1 android.net.conn.CONNECTIVITY_CHANGE} to ReceiverList{a4bf763 18517 (unknown name)/2000/u-1 remote:18b07f4}: process crashing
10-29 15:53:15.319 18517 18517 D MonkeyStub: translateCommand: wake
10-29 15:53:15.432 18517 18517 D MonkeyStub: translateCommand: tap 960 1881
10-29 15:53:15.487   600  3509 I ActivityManager: START u0 {act=android.intent.action.VIEW flg=0x1000000 cmp=com.opera.browser/com.opera.android.IntentDispatcherActivity} from uid 10122 on display 0
10-29 15:53:15.585   600  3675 I ActivityManager: START u0 {act=android.intent.action.VIEW flg=0x15002000 cmp=com.opera.browser/com.opera.android.BrowserActivity} from uid 10122 on display 0
10-29 15:53:15.726   600   609 I art     : Background partial concurrent mark sweep GC freed 70762(4MB) AllocSpace objects, 47(1388KB) LOS objects, 33% free, 14MB/21MB, paused 796us total 182.303ms
10-29 15:53:15.954 18265 18561 W ResourceType: ResTable_typeSpec entry count inconsistent: given 67, previously 69
10-29 15:53:15.955 18265 18561 W ResourceType: ResTable_typeSpec entry count inconsistent: given 5346, previously 5347
10-29 15:53:16.015 18265 18533 E [Leanplum][ERROR]: No variable values were received from the server. Please contact us to investigate.
10-29 15:53:16.099   600   620 I ActivityManager: Displayed com.opera.browser/com.opera.android.BrowserActivity: +492ms (total +581ms)
10-29 15:53:16.142   600  1080 I CwMcuSensor: CwMcuSensor::flush: fd = 238, sensors_id = 0, path = /sys/class/htc_sensorhub/sensor_hub/flush, err = 0
10-29 15:53:16.231 18265 18376 D OpenGLRenderer: endAllActiveAnimators on 0xd3766880 (RippleDrawable) with handle 0xce4a5ac0
10-29 15:53:16.335 18265 18275 I art     : Background sticky concurrent mark sweep GC freed 20634(2016KB) AllocSpace objects, 28(560KB) LOS objects, 9% free, 8MB/9MB, paused 5.933ms total 215.945ms
10-29 15:53:16.448 18265 18577 W ResourceType: ResTable_typeSpec entry count inconsistent: given 67, previously 69
10-29 15:53:16.448 18265 18577 W ResourceType: ResTable_typeSpec entry count inconsistent: given 5346, previously 5347
10-29 15:53:16.491 18265 18275 I art     : Background partial concurrent mark sweep GC freed 28357(1784KB) AllocSpace objects, 12(240KB) LOS objects, 40% free, 7MB/13MB, paused 2.409ms total 100.316ms
10-29 15:53:16.715 18265 18270 I art     : Do partial code cache collection, code=19KB, data=30KB
10-29 15:53:16.723 18265 18270 I art     : After code cache collection, code=19KB, data=30KB
10-29 15:53:16.723 18265 18270 I art     : Increasing code cache capacity to 128KB
10-29 15:53:16.844 18265 18265 I Choreographer: Skipped 37 frames!  The application may be doing too much work on its main thread.
10-29 15:53:17.008 18265 18265 W View    : requestLayout() improperly called by com.opera.android.custom_views.FadingRecyclerView{4e72516 VFED.V... ......ID 0,813-1536,813 #7f0a0825 app:id/suggested_dials_grid} during layout: running second layout pass
10-29 15:53:17.073 18265 18265 E Sensors : sendAck failure -1 1
10-29 15:53:17.073 18265 18265 E Sensors : sendAck failure -1 2
10-29 15:53:17.073 18265 18265 E Sensors : sendAck failure -1 3
10-29 15:53:17.073 18265 18265 E Sensors : sendAck failure -1 4
10-29 15:53:17.073 18265 18265 E Sensors : sendAck failure -1 5
10-29 15:53:17.075 18265 18265 E Sensors : sendAck failure -1 1
10-29 15:53:17.075 18265 18265 E Sensors : sendAck failure -1 2
10-29 15:53:17.075 18265 18265 E Sensors : sendAck failure -1 3
10-29 15:53:17.075 18265 18265 E Sensors : sendAck failure -1 4
10-29 15:53:17.075 18265 18265 E Sensors : sendAck failure -1 5
10-29 15:53:17.075 18265 18265 E Sensors : sendAck failure -1 6
10-29 15:53:17.075 18265 18265 E Sensors : sendAck failure -1 7
10-29 15:53:17.075 18265 18265 E Sensors : sendAck failure -1 8
10-29 15:53:17.075 18265 18265 E Sensors : sendAck failure -1 9
10-29 15:53:17.075 18265 18265 E Sensors : sendAck failure -1 10
10-29 15:53:17.075 18265 18265 E Sensors : sendAck failure -1 11
10-29 15:53:17.404 18265 18275 I art     : Background partial concurrent mark sweep GC freed 49575(2MB) AllocSpace objects, 22(872KB) LOS objects, 40% free, 13MB/21MB, paused 4.044ms total 354.846ms
10-29 15:53:17.488 18630 18630 I dex2oat : /system/bin/dex2oat --dex-file=/data/user/0/com.opera.browser/code_cache/.     ​ --oat-fd=197 --oat-location=/data/user/0/com.opera.browser/code_cache/.     --compiler-filter=speed
10-29 15:53:17.716 18630 18630 I dex2oat : dex2oat took 240.294ms (threads: 2) arena alloc=432KB (442800B) java alloc=32KB (33064B) native alloc=354KB (362688B) free=1181KB (1210176B)
10-29 15:53:17.881 18634 18634 I dex2oat : /system/bin/dex2oat --dex-file=/data/user/0/com.opera.browser/code_cache/.​     --oat-fd=197 --oat-location=/data/user/0/com.opera.browser/code_cache/.    --compiler-filter=speed
10-29 15:53:17.889 18265 18265 E Sensors : sendAck failure -1 1
10-29 15:53:17.889 18265 18265 E Sensors : sendAck failure -1 2
10-29 15:53:17.889 18265 18265 E Sensors : sendAck failure -1 3
10-29 15:53:17.889 18265 18265 E Sensors : sendAck failure -1 4
10-29 15:53:17.889 18265 18265 E Sensors : sendAck failure -1 5
10-29 15:53:17.889 18265 18265 E Sensors : sendAck failure -1 6
10-29 15:53:17.889 18265 18265 E Sensors : sendAck failure -1 7
10-29 15:53:17.889 18265 18265 E Sensors : sendAck failure -1 8
10-29 15:53:17.889 18265 18265 E Sensors : sendAck failure -1 9
10-29 15:53:17.889 18265 18265 E Sensors : sendAck failure -1 10
10-29 15:53:17.889 18265 18265 E Sensors : sendAck failure -1 11
10-29 15:53:17.889 18265 18265 E Sensors : sendAck failure -1 12
10-29 15:53:17.889 18265 18265 E Sensors : sendAck failure -1 13
10-29 15:53:17.889 18265 18265 E Sensors : sendAck failure -1 14
10-29 15:53:17.889 18265 18265 E Sensors : sendAck failure -1 15
10-29 15:53:17.889 18265 18265 E Sensors : sendAck failure -1 16
10-29 15:53:17.889 18265 18265 E Sensors : sendAck failure -1 1
10-29 15:53:17.889 18265 18265 E Sensors : sendAck failure -1 2
10-29 15:53:17.889 18265 18265 E Sensors : sendAck failure -1 3
10-29 15:53:17.889 18265 18265 E Sensors : sendAck failure -1 4
10-29 15:53:17.889 18265 18265 E Sensors : sendAck failure -1 5
10-29 15:53:17.889 18265 18265 E Sensors : sendAck failure -1 6
10-29 15:53:17.889 18265 18265 E Sensors : sendAck failure -1 7
10-29 15:53:17.890 18265 18265 E Sensors : sendAck failure -1 8
10-29 15:53:17.890 18265 18265 E Sensors : sendAck failure -1 9
10-29 15:53:17.890 18265 18265 E Sensors : sendAck failure -1 10
10-29 15:53:17.890 18265 18265 E Sensors : sendAck failure -1 11
10-29 15:53:17.890 18265 18265 E Sensors : sendAck failure -1 12
10-29 15:53:17.890 18265 18265 E Sensors : sendAck failure -1 13
10-29 15:53:17.890 18265 18265 E Sensors : sendAck failure -1 14
10-29 15:53:17.890 18265 18265 E Sensors : sendAck failure -1 15
10-29 15:53:17.890 18265 18265 E Sensors : sendAck failure -1 16
10-29 15:53:18.344 18634 18634 I dex2oat : dex2oat took 468.751ms (threads: 2) arena alloc=613KB (628712B) java alloc=86KB (88128B) native alloc=523KB (536312B) free=1524KB (1560840B)
10-29 15:53:18.360 18265 18270 I art     : Do partial code cache collection, code=36KB, data=60KB
10-29 15:53:18.361 18265 18270 I art     : After code cache collection, code=36KB, data=60KB
10-29 15:53:18.361 18265 18270 I art     : Increasing code cache capacity to 256KB
10-29 15:53:18.490 18265 18275 I art     : Background sticky concurrent mark sweep GC freed 66532(5MB) AllocSpace objects, 40(2MB) LOS objects, 31% free, 14MB/21MB, paused 5.152ms total 107.675ms
10-29 15:53:18.925 18265 18275 I art     : Background partial concurrent mark sweep GC freed 130432(5MB) AllocSpace objects, 15(1724KB) LOS objects, 40% free, 13MB/23MB, paused 2.655ms total 154.570ms
10-29 15:53:19.485 18517 18517 D MonkeyStub: translateCommand: tap 57 93
10-29 15:53:21.628 18517 18517 D MonkeyStub: translateCommand: tap 57 93
10-29 15:53:23.200 13178 13745 I CastDatabase: Saving the database
10-29 15:53:23.214 13178 13745 E SQLiteCastStore: Skip saving CastDeviceInfo: "Nearby device" (__cast_nearby___V_ba7d1fc0-d2b7-4a0f-98fd-65b89f5fdf48)
10-29 15:53:23.216 13178 13745 I SQLiteCastStore: [CastNetworkInfo] saved: 2, skipped: 0, [CastDeviceInfo]: saved 1, skipped 1, [Paired Guest Mode DeviceInfo] saved: 0, skipped: 0. [ProbedNetworks]: saved 0, skipped: 0, [ProbedSocketAddress]: saved 1, skipped: 0, [Network-Device pairs]: saved: 2
10-29 15:53:23.878 18517 18517 D MonkeyStub: translateCommand: tap 446 593
10-29 15:53:24.588 18265 18270 I art     : Do full code cache collection, code=86KB, data=125KB
10-29 15:53:24.590 18265 18270 I art     : Starting a blocking GC JitCodeCache
10-29 15:53:24.590 18265 18270 I art     : After code cache collection, code=69KB, data=71KB
10-29 15:53:26.133 18517 18517 D MonkeyStub: translateCommand: tap 667 302
10-29 15:53:29.408 18517 18517 D MonkeyStub: translateCommand: tap 1286 930
10-29 15:53:30.639 18517 18517 D MonkeyStub: translateCommand: tap 62 98
10-29 15:53:30.670 18517 18517 D MonkeyStub: translateCommand: tap 729 89
10-29 15:53:30.693 18517 18517 D MonkeyStub: Quit requested
10-29 15:53:30.723   600   614 I CwMcuSensor: CwMcuSensor::flush: fd = 238, sensors_id = 0, path = /sys/class/htc_sensorhub/sensor_hub/flush, err = 0
10-29 15:53:30.728 18517 18517 I art     : System.exit called, status: 16
10-29 15:53:30.728 18517 18517 I AndroidRuntime: VM exiting with result code 16.
10-29 15:53:30.754   600 17381 W WindowManager: Attempted to remove non-existing token: android.os.Binder@14aaf60
10-29 15:53:30.969   600  3994 E BatteryStatsService: power: Missing API
10-29 15:53:30.977   600  3994 E BatteryStatsService: no controller energy info supplied
10-29 15:53:30.978   796   796 E PhoneInterfaceManager: [PhoneIntfMgr] queryModemActivityInfo: Empty response
10-29 15:53:30.982   600  3994 E BatteryStatsService: modem info is invalid: ModemActivityInfo{ mTimestamp=0 mSleepTimeMs=0 mIdleTimeMs=0 mTxTimeMs[]=[0, 0, 0, 0, 0] mRxTimeMs=0 mEnergyUsed=0}
10-29 15:53:31.420 18672 18672 D AndroidRuntime: >>>>>> START com.android.internal.os.RuntimeInit uid 2000 <<<<<<
10-29 15:53:31.424 18672 18672 D AndroidRuntime: CheckJNI is OFF
10-29 15:53:31.495 18672 18672 D ICU     : No timezone override file found: /data/misc/zoneinfo/current/icu/icu_tzdata.dat
10-29 15:53:31.527 18672 18672 I Radio-JNI: register_android_hardware_Radio DONE
10-29 15:53:31.545 18672 18672 D AndroidRuntime: Calling main entry com.android.commands.am.Am
10-29 15:53:31.566   600 17381 I ActivityManager: START u0 {act=android.intent.action.VIEW dat=http://www.britannica.com/... flg=0x10000000 cmp=com.opera.browser/com.opera.Opera} from uid 2000 on display 0
10-29 15:53:31.570 18672 18672 D AndroidRuntime: Shutting down VM
10-29 15:53:31.676 18265 18265 W art     : Before Android 4.1, method double java.util.concurrent.ThreadLocalRandom.internalNextDouble(double, double) would have incorrectly overridden the package-private method in java.util.Random
10-29 15:53:31.676 18265 18265 W art     : Before Android 4.1, method int java.util.concurrent.ThreadLocalRandom.internalNextInt(int, int) would have incorrectly overridden the package-private method in java.util.Random
10-29 15:53:31.676 18265 18265 W art     : Before Android 4.1, method long java.util.concurrent.ThreadLocalRandom.internalNextLong(long, long) would have incorrectly overridden the package-private method in java.util.Random
10-29 15:53:31.715   600   619 D BluetoothManagerService: Message: 20
10-29 15:53:31.716   600   619 D BluetoothManagerService: Added callback: android.bluetooth.IBluetoothManagerCallback$Stub$Proxy@c483713:true
10-29 15:53:31.742   600  3994 I ActivityManager: Start proc 18685:com.opera.browser:sandboxed_process0/u0a122 for service com.opera.browser/com.opera.android.browser.chromium.services.SandboxedProcessService0
10-29 15:53:31.820 18685 18685 I art     : Starting a blocking GC AddRemoveAppImageSpace
10-29 15:53:31.840 18265 18633 W ResourceType: ResTable_typeSpec entry count inconsistent: given 67, previously 69
10-29 15:53:31.841 18265 18633 W ResourceType: ResTable_typeSpec entry count inconsistent: given 5346, previously 5347
10-29 15:53:31.851 18685 18685 I LoadedApk: No resource references to update in package com.opera.browser.nord_vpn
10-29 15:53:32.107   787   805 I FontLog : Received query name=Google Sans&weight=400&besteffort=false, URI content://com.google.android.gms.fonts [CONTEXT service_id=132 ]
10-29 15:53:32.108   787   805 I FontLog : Query [name=Google Sans&weight=400&besteffort=false] resolved to {Google Sans, wdth 100.0, wght 400, ital 0.0, bestEffort false} [CONTEXT service_id=132 ]
10-29 15:53:32.110   787   805 I FontLog : Font PFD returned from cache for {Google Sans, wdth 100.0, wght 400, ital 0.0, bestEffort false} [CONTEXT service_id=132 ]
10-29 15:53:32.110   787   805 I FontLog : Fetch {Google Sans, wdth 100.0, wght 400, ital 0.0, bestEffort false} end status Status{statusCode=SUCCESS, resolution=null} [CONTEXT service_id=132 ]
10-29 15:53:32.115   787  1174 I FontLog : Pulling font file for id = 56, cache size = 4 [CONTEXT service_id=132 ]
10-29 15:53:32.120   787   806 I FontLog : Received query name=Google Sans&weight=500&besteffort=false, URI content://com.google.android.gms.fonts [CONTEXT service_id=132 ]
10-29 15:53:32.120   787   806 I FontLog : Query [name=Google Sans&weight=500&besteffort=false] resolved to {Google Sans, wdth 100.0, wght 500, ital 0.0, bestEffort false} [CONTEXT service_id=132 ]
10-29 15:53:32.121   787   806 I FontLog : Font PFD returned from cache for {Google Sans, wdth 100.0, wght 500, ital 0.0, bestEffort false} [CONTEXT service_id=132 ]
10-29 15:53:32.121   787   806 I FontLog : Fetch {Google Sans, wdth 100.0, wght 500, ital 0.0, bestEffort false} end status Status{statusCode=SUCCESS, resolution=null} [CONTEXT service_id=132 ]
10-29 15:53:32.131   787  1245 I FontLog : Pulling font file for id = 57, cache size = 4 [CONTEXT service_id=132 ]
10-29 15:53:32.135   787  1620 I FontLog : Received query name=Google Sans&weight=700&besteffort=false, URI content://com.google.android.gms.fonts [CONTEXT service_id=132 ]
10-29 15:53:32.135   787  1620 I FontLog : Query [name=Google Sans&weight=700&besteffort=false] resolved to {Google Sans, wdth 100.0, wght 700, ital 0.0, bestEffort false} [CONTEXT service_id=132 ]
10-29 15:53:32.138   787  1620 I FontLog : Fetch {Google Sans, wdth 100.0, wght 700, ital 0.0, bestEffort false} end status Status{statusCode=SUCCESS, resolution=null} [CONTEXT service_id=132 ]
10-29 15:53:32.143   787   806 I FontLog : Pulling font file for id = 58, cache size = 5 [CONTEXT service_id=132 ]
10-29 15:53:32.146   787  1716 I FontLog : Received query name=Noto Color Emoji Compat&weight=400&besteffort=false, URI content://com.google.android.gms.fonts [CONTEXT service_id=132 ]
10-29 15:53:32.146   787  1716 I FontLog : Query [name=Noto Color Emoji Compat&weight=400&besteffort=false] resolved to {Noto Color Emoji Compat, wdth 100.0, wght 400, ital 0.0, bestEffort false} [CONTEXT service_id=132 ]
10-29 15:53:32.167   787  1716 I FontLog : Fetch {Noto Color Emoji Compat, wdth 100.0, wght 400, ital 0.0, bestEffort false} end status Status{statusCode=SUCCESS, resolution=null} [CONTEXT service_id=132 ]
10-29 15:53:32.175   787  1620 I FontLog : Pulling font file for id = 59, cache size = 5 [CONTEXT service_id=132 ]
10-29 15:53:32.228 18265 18270 I art     : Do partial code cache collection, code=91KB, data=117KB
10-29 15:53:32.232 18265 18270 I art     : After code cache collection, code=91KB, data=117KB
10-29 15:53:32.232 18265 18270 I art     : Increasing code cache capacity to 512KB
10-29 15:53:32.279   787 18445 I SQLiteConnectionPool: The connection pool for /data/user/0/com.google.android.gms/databases/metadata.db has been closed but there are still 1 connections in use.  They will be closed as they are released back to the pool.
10-29 15:53:32.323   787 18710 W FontLog : Error updating last accessed time for {Noto Color Emoji Compat, wdth 100.0, wght 400, ital 0.0, bestEffort false}. [CONTEXT service_id=132 ]
10-29 15:53:32.323   787 18710 W FontLog : java.lang.IllegalStateException: Cannot perform this operation because the connection pool has been closed.
10-29 15:53:32.323   787 18710 W FontLog : 	at android.database.sqlite.SQLiteConnectionPool.throwIfClosedLocked(SQLiteConnectionPool.java:962)
10-29 15:53:32.323   787 18710 W FontLog : 	at android.database.sqlite.SQLiteConnectionPool.waitForConnection(SQLiteConnectionPool.java:677)
10-29 15:53:32.323   787 18710 W FontLog : 	at android.database.sqlite.SQLiteConnectionPool.acquireConnection(SQLiteConnectionPool.java:348)
10-29 15:53:32.323   787 18710 W FontLog : 	at android.database.sqlite.SQLiteSession.acquireConnection(SQLiteSession.java:894)
10-29 15:53:32.323   787 18710 W FontLog : 	at android.database.sqlite.SQLiteSession.executeForChangedRowCount(SQLiteSession.java:752)
10-29 15:53:32.323   787 18710 W FontLog : 	at android.database.sqlite.SQLiteStatement.executeUpdateDelete(SQLiteStatement.java:64)
10-29 15:53:32.323   787 18710 W FontLog : 	at android.database.sqlite.SQLiteDatabase.executeSql(SQLiteDatabase.java:1679)
10-29 15:53:32.323   787 18710 W FontLog : 	at android.database.sqlite.SQLiteDatabase.execSQL(SQLiteDatabase.java:1658)
10-29 15:53:32.323   787 18710 W FontLog : 	at aafx.run(Unknown Source)
10-29 15:53:32.323   787 18710 W FontLog : 	at sup.b(:com.google.android.gms@203915020@20.39.15 (040406-335085812):12)
10-29 15:53:32.323   787 18710 W FontLog : 	at sup.run(:com.google.android.gms@203915020@20.39.15 (040406-335085812):7)
10-29 15:53:32.323   787 18710 W FontLog : 	at java.util.concurrent.ThreadPoolExecutor.runWorker(ThreadPoolExecutor.java:1133)
10-29 15:53:32.323   787 18710 W FontLog : 	at java.util.concurrent.ThreadPoolExecutor$Worker.run(ThreadPoolExecutor.java:607)
10-29 15:53:32.323   787 18710 W FontLog : 	at tam.run(:com.google.android.gms@203915020@20.39.15 (040406-335085812):0)
10-29 15:53:32.323   787 18710 W FontLog : 	at java.lang.Thread.run(Thread.java:761)
10-29 15:53:34.344 18265 18275 I art     : Background sticky concurrent mark sweep GC freed 107208(6MB) AllocSpace objects, 15(348KB) LOS objects, 28% free, 17MB/24MB, paused 4.521ms total 153.486ms
10-29 15:53:42.299   600  3507 I ActivityManager: Killing 1229:android.process.media/u0a5 (adj 906): empty for 1828s
10-29 15:53:42.335   600  1082 D ActivityManager: cleanUpApplicationRecord -- 1229
10-29 15:53:44.506 18745 18745 D AndroidRuntime: >>>>>> START com.android.internal.os.RuntimeInit uid 2000 <<<<<<
10-29 15:53:44.510 18745 18745 D AndroidRuntime: CheckJNI is OFF
10-29 15:53:44.576 18745 18745 D ICU     : No timezone override file found: /data/misc/zoneinfo/current/icu/icu_tzdata.dat
10-29 15:53:44.608 18745 18745 I Radio-JNI: register_android_hardware_Radio DONE
10-29 15:53:44.622 18745 18745 D AndroidRuntime: Calling main entry com.android.commands.monkey.Monkey
10-29 15:53:44.690   600   613 W BroadcastQueue: Skipping deliver [background] BroadcastRecord{9ec7adc u-1 android.net.conn.CONNECTIVITY_CHANGE} to ReceiverList{94787e5 18745 (unknown name)/2000/u-1 remote:df7c9ae}: process crashing
10-29 15:53:46.064 18745 18745 D MonkeyStub: translateCommand: wake
10-29 15:53:46.203 18745 18745 D MonkeyStub: translateCommand: tap 1152 1659
10-29 15:53:50.762   600  6312 D DnsEventListenerService: Logging 100 results for netId 100
10-29 15:53:54.980 18685 18699 I chromium: [INFO:pipeline_controller.cc(46)] MCHR-300: Starting pipeline, demuxer: FFmpegDemuxer
10-29 15:53:54.995 18685 18703 I chromium: [INFO:ffmpeg_glue.cc(159)] MCHR-300: Container: mov,mp4,m4a,3gp,3g2,mj2
10-29 15:53:55.092 18406 18841 W VideoCapabilities: Unrecognized level 0 for video/x-vnd.on2.vp8
10-29 15:53:55.148 18406 18841 I VideoCapabilities: Unsupported profile 4 for video/mp4v-es
10-29 15:53:55.164 18406 18842 W VideoCapabilities: Unrecognized level 0 for video/x-vnd.on2.vp8
10-29 15:53:55.179 18406 18842 I VideoCapabilities: Unsupported profile 4 for video/mp4v-es
10-29 15:53:55.294 18265 18265 V MediaRouter: Adding route: RouteInfo{ name=Tablet, description=null, status=null, category=RouteCategory{ name=null types=ROUTE_TYPE_LIVE_AUDIO ROUTE_TYPE_LIVE_VIDEO  groupable=false }, supportedTypes=ROUTE_TYPE_LIVE_AUDIO ROUTE_TYPE_LIVE_VIDEO , presentationDisplay=null }
10-29 15:53:55.297 18265 18265 V MediaRouter: Updating audio routes: AudioRoutesInfo{ type=SPEAKER }
10-29 15:53:55.300 18265 18265 V MediaRouter: Selecting route: RouteInfo{ name=Tablet, description=null, status=null, category=RouteCategory{ name=null types=ROUTE_TYPE_LIVE_AUDIO ROUTE_TYPE_LIVE_VIDEO  groupable=false }, supportedTypes=ROUTE_TYPE_LIVE_AUDIO ROUTE_TYPE_LIVE_VIDEO , presentationDisplay=null }
10-29 15:53:55.322 18265 18265 V MediaRouter: Selecting route: RouteInfo{ name=Tablet, description=null, status=null, category=RouteCategory{ name=null types=ROUTE_TYPE_LIVE_AUDIO ROUTE_TYPE_LIVE_VIDEO  groupable=false }, supportedTypes=ROUTE_TYPE_LIVE_AUDIO ROUTE_TYPE_LIVE_VIDEO , presentationDisplay=null }
10-29 15:53:55.324   246   916 I MediaPlayerService: MediaPlayerService::getOMX
10-29 15:53:55.327 18406 18844 I OMXClient: MuxOMX ctor
10-29 15:53:55.327   243  3872 I OMXMaster: makeComponentInstance(OMX.google.aac.decoder) in mediacodec process
10-29 15:53:55.341 13178 13178 I DiscoveryManager: WifiGuestModeDeviceScanner enabled.
10-29 15:53:55.342   600   647 I WifiHAL : Got channel list with 13 channels
10-29 15:53:55.342   600   647 I WifiHAL : Got channel list with 4 channels
10-29 15:53:55.343   600   647 I WifiHAL : Got channel list with 15 channels
10-29 15:53:55.345 18406 18844 I MediaCodec: MediaCodec will operate in async mode
10-29 15:53:55.358 13178 13302 I CastDatabase: Opening the database
10-29 15:53:55.363 18685 18833 I chromium: [INFO:decoder_stream.cc(443)] MCHR-300: Selected MediaCodecAudioDecoder for audio decoding, config: codec: aac, profile: unknown, bytes_per_channel: 4, channel_layout: STEREO, channels: 2, samples_per_second: 48000, sample_format: Float 32-bit planar, bytes_per_frame: 8, seek_preroll: 0us, codec_delay: 0, has extra data: true, encryption scheme: Unencrypted, discard decoder delay: true, target_output_channel_layout: STEREO, target_output_sample_format: Unknown sample format, has aac extra data: true
10-29 15:53:55.374 13178 13302 I SQLiteCastStore: 2 CastNetworkInfo instances loaded, 1 CastDeviceInfo instances loaded, 0 paired guest mode devices loaded.
10-29 15:53:55.374 13178 13302 I DiscoveryManager: Filter criteria(D38CB0C5) scannerFlags(0)
10-29 15:53:55.376 13178 13302 I CastDatabase: CastDeviceInfo created: V_ef2bb6cb-6677-4c81-9a37-418cb27f1ec1
10-29 15:53:55.376 13178 13302 W GuestModeDeviceProber: setFilterCriteria
10-29 15:53:55.415 13178 13302 E DeviceScanner: [BLE] Failed to start scan because the Bluetooth is disabled.
10-29 15:53:55.440 18685 18833 I chromium: [INFO:decoder_stream.cc(443)] MCHR-300: Selected MediaCodecVideoDecoder for video decoding, config: codec: h264, profile: h264 high, level: not available, alpha_mode: is_opaque, coded size: [426,240], visible rect: [0,0,426,240], natural size: [426,240], has extra data: true, encryption scheme: Unencrypted, rotation: 0°, flipped: 0, color space: {primaries:SMPTE170M, transfer:SMPTE170M, matrix:SMPTE170M, range:LIMITED}
10-29 15:53:55.443   243 18845 I SoftAAC2: Reconfiguring decoder: 0->48000 Hz, 0->2 channels
10-29 15:53:55.469   600   609 I art     : Background partial concurrent mark sweep GC freed 50466(2MB) AllocSpace objects, 11(236KB) LOS objects, 33% free, 14MB/21MB, paused 6.009ms total 76.457ms
10-29 15:53:55.470 13178 13302 W DatabaseProcessor: processLocalDevices: failed to get the network info with non-null bssid.
10-29 15:53:55.473 13178 13302 W DatabaseProcessor: processLocalDevices: failed to get the network info with non-null bssid.
10-29 15:53:55.491 13178 13302 E DeviceScanner: [BLE] Failed to start scan because the Bluetooth is disabled.
10-29 15:53:55.491 13178 13302 W DatabaseProcessor: processLocalDevices: failed to get the network info with non-null bssid.
10-29 15:53:55.491 13178 13302 W DatabaseProcessor: processLocalDevices: failed to get the network info with non-null bssid.
10-29 15:53:55.664   246   246 I MediaPlayerService: MediaPlayerService::getOMX
10-29 15:53:55.664 18406 18856 I OMXClient: MuxOMX ctor
10-29 15:53:55.666   243  3872 I OMXMaster: makeComponentInstance(OMX.Nvidia.h264.decode) in mediacodec process
10-29 15:53:55.672 18406 18855 I MediaCodec: MediaCodec will operate in async mode
10-29 15:53:55.674 18406 18855 I MediaCodec: [OMX.Nvidia.h264.decode] setting surface generation to 18847745
10-29 15:53:55.676   243   243 E OMXNodeInstance: getConfig(f3003a:Nvidia.h264.decode, ConfigCommonOutputCrop(0x700000f)) ERROR: BadParameter(0x80001005)
10-29 15:53:55.680 18406 18856 D SurfaceUtils: set up nativeWindow 0xcf21a008 for 426x240, color 0x106, rotation 0, usage 0x2b00
10-29 15:53:55.682   243 18858 D NvOsDebugPrintf: NvMMLiteOpen : Block : BlockType = 261 
10-29 15:53:55.682   243 18858 D NvOsDebugPrintf: TVMR: NvMMLiteTVMRDecBlockOpen: 5008: NvMMLiteBlockOpen 
10-29 15:53:55.702   243 18858 D NvOsDebugPrintf: NvMMLiteBlockCreate : Block : BlockType = 261 
10-29 15:53:55.707   243 18858 D NvOsDebugPrintf: TVMR: NvMMLiteTVMRDecDoWork: 4083: NVMMLITE_TVMR: EOS detected
10-29 15:53:55.710   243 18860 D NvOsDebugPrintf: TVMR: cbBeginSequence: 655: BeginSequence  432x240, bVPR = 0
10-29 15:53:55.710   243 18860 D NvOsDebugPrintf: TVMR: cbBeginSequence: 918: DecodeBuffers = 5 
10-29 15:53:55.710   243 18860 D NvOsDebugPrintf: TVMR: cbBeginSequence: 938: Display Resolution : (426x240) 
10-29 15:53:55.710   243 18860 D NvOsDebugPrintf: TVMR: cbBeginSequence: 939: Display Aspect Ratio : (426x240) 
10-29 15:53:55.711   243 18860 D NvOsDebugPrintf: TVMR: cbBeginSequence: 1041: SurfaceLayout = 3
10-29 15:53:55.711   243 18860 D NvOsDebugPrintf: TVMR: cbBeginSequence: 1071: NumOfSurfaces = 9, InteraceStream = 0, InterlaceEnabled = 0, bSecure = 0, MVC = 0 Semiplanar = 1, bReinit = 1 
10-29 15:53:55.711   243 18860 D NvOsDebugPrintf: Allocating new output: 432x240 (x 11), ThumbnailMode = 0
10-29 15:53:55.714 18406 18856 D SurfaceUtils: set up nativeWindow 0xcf21a008 for 432x240, color 0x106, rotation 0, usage 0x2b00
10-29 15:53:55.714   243   860 E OMXNodeInstance: setParameter(f3003a:Nvidia.h264.decode, ParamPortDefinition(0x2000001)) ERROR: UnsupportedSetting(0x80001019)
10-29 15:53:55.714 18406 18856 W ACodec  : [OMX.Nvidia.h264.decode] setting nBufferCountActual to 16 failed: -1010
10-29 15:53:55.714   243   905 E OMXNodeInstance: setParameter(f3003a:Nvidia.h264.decode, ParamPortDefinition(0x2000001)) ERROR: UnsupportedSetting(0x80001019)
10-29 15:53:55.714 18406 18856 W ACodec  : [OMX.Nvidia.h264.decode] setting nBufferCountActual to 15 failed: -1010
10-29 15:53:55.714   243  7970 E OMXNodeInstance: setParameter(f3003a:Nvidia.h264.decode, ParamPortDefinition(0x2000001)) ERROR: UnsupportedSetting(0x80001019)
10-29 15:53:55.715 18406 18856 W ACodec  : [OMX.Nvidia.h264.decode] setting nBufferCountActual to 14 failed: -1010
10-29 15:53:55.727   243 18860 D NvOsDebugPrintf: TVMR: TVMRBufferProcessing: 3520: Processing of EOS Done
10-29 15:53:55.971 18685 18699 I chromium: [INFO:web_media_player_impl.cc(2015)] MCHR-300: Playback ended.
10-29 15:53:56.019 13178 17382 I DiscoveryManager: Filter criteria(null) scannerFlags(0)
10-29 15:53:56.025 13178 17382 W GuestModeDeviceProber: setFilterCriteria
10-29 15:53:56.270 18745 18745 D MonkeyStub: translateCommand: tap 1248 1553
10-29 15:53:57.192 18685 18699 I chromium: [INFO:pipeline_controller.cc(355)] MCHR-300: Pipeline stopped.
10-29 15:53:57.199   243 18861 D NvOsDebugPrintf: TVMR: TVMRFrameDelivery: 3741: Closing TVMR Frame Delivery Thread -------------
10-29 15:53:57.202   243 18858 D NvOsDebugPrintf: TVMR: NvMMDecTVMRDestroyParser: 4224: NvAvpClose
10-29 15:53:57.202   243 18858 D NvOsDebugPrintf: TVMR: NvMMLiteTVMRDecBlockClose: 5163: Done 
10-29 15:53:57.614 18265 18405 W chromium: [WARNING:spdy_session.cc(3909)] Received HEADERS for invalid stream 5
10-29 15:54:00.800   787 18710 I NetworkScheduler.Stats: Task com.google.android.gms/com.google.android.gms.common.stats.net.NetworkReportService started execution. cause:3 exec_start_elapsed_seconds: 3689 [CONTEXT service_id=218 ]
10-29 15:54:01.177 13178 17382 I art     : Waiting for a blocking GC DisableMovingGc
10-29 15:54:01.179 13178 17382 I art     : Starting a blocking GC DisableMovingGc
10-29 15:54:01.185   787 16119 I NetworkScheduler.Stats: Task com.google.android.gms/com.google.android.gms.common.stats.net.NetworkReportService finished executing. cause:3 result: 1 elapsed_millis: 409 uptime_millis: 409 exec_start_elapsed_seconds: 3689 [CONTEXT service_id=218 ]
10-29 15:54:03.328 18745 18745 D MonkeyStub: translateCommand: touch down 614 1561
10-29 15:54:03.341 18745 18745 D MonkeyStub: translateCommand: touch move 614 1561
10-29 15:54:03.452 18745 18745 D MonkeyStub: translateCommand: touch move 614 1436
10-29 15:54:03.562 18745 18745 D MonkeyStub: translateCommand: touch move 614 1311
10-29 15:54:03.668 18745 18745 D MonkeyStub: translateCommand: touch move 614 1186
10-29 15:54:03.783 18745 18745 D MonkeyStub: translateCommand: touch move 614 1061
10-29 15:54:03.888 18745 18745 D MonkeyStub: translateCommand: touch move 614 937
10-29 15:54:03.995 18745 18745 D MonkeyStub: translateCommand: touch move 614 812
10-29 15:54:04.109 18745 18745 D MonkeyStub: translateCommand: touch move 614 687
10-29 15:54:04.220 18745 18745 D MonkeyStub: translateCommand: touch move 614 562
10-29 15:54:04.326 18745 18745 D MonkeyStub: translateCommand: touch move 614 437
10-29 15:54:04.438 18745 18745 D MonkeyStub: translateCommand: touch move 614 312
10-29 15:54:04.443 18745 18745 D MonkeyStub: translateCommand: touch up 614 312
10-29 15:54:04.466 18745 18745 D MonkeyStub: translateCommand: touch down 614 1561
10-29 15:54:04.473 18745 18745 D MonkeyStub: translateCommand: touch move 614 1561
10-29 15:54:04.584 18745 18745 D MonkeyStub: translateCommand: touch move 614 1436
10-29 15:54:04.725 18745 18745 D MonkeyStub: translateCommand: touch move 614 1311
10-29 15:54:04.836 18745 18745 D MonkeyStub: translateCommand: touch move 614 1186
10-29 15:54:04.942 18745 18745 D MonkeyStub: translateCommand: touch move 614 1061
10-29 15:54:05.048 18745 18745 D MonkeyStub: translateCommand: touch move 614 937
10-29 15:54:05.155 18745 18745 D MonkeyStub: translateCommand: touch move 614 812
10-29 15:54:05.262 18745 18745 D MonkeyStub: translateCommand: touch move 614 687
10-29 15:54:05.367 18745 18745 D MonkeyStub: translateCommand: touch move 614 562
10-29 15:54:05.474 18745 18745 D MonkeyStub: translateCommand: touch move 614 437
10-29 15:54:05.595 18745 18745 D MonkeyStub: translateCommand: touch move 614 312
10-29 15:54:05.599 18745 18745 D MonkeyStub: translateCommand: touch up 614 312
10-29 15:54:07.919 18265 18275 I art     : Background sticky concurrent mark sweep GC freed 117110(5MB) AllocSpace objects, 1(20KB) LOS objects, 18% free, 19MB/24MB, paused 4.342ms total 128.009ms
10-29 15:54:08.661 18745 18745 D MonkeyStub: translateCommand: touch down 614 1561
10-29 15:54:08.666 18745 18745 D MonkeyStub: translateCommand: touch move 614 1561
10-29 15:54:08.769 18745 18745 D MonkeyStub: translateCommand: touch move 614 1436
10-29 15:54:08.874 18745 18745 D MonkeyStub: translateCommand: touch move 614 1311
10-29 15:54:08.978 18745 18745 D MonkeyStub: translateCommand: touch move 614 1186
10-29 15:54:09.090 18745 18745 D MonkeyStub: translateCommand: touch move 614 1061
10-29 15:54:09.194 18745 18745 D MonkeyStub: translateCommand: touch move 614 937
10-29 15:54:09.319 18745 18745 D MonkeyStub: translateCommand: touch move 614 812
10-29 15:54:09.442 18745 18745 D MonkeyStub: translateCommand: touch move 614 687
10-29 15:54:09.550 18745 18745 D MonkeyStub: translateCommand: touch move 614 562
10-29 15:54:09.662 18745 18745 D MonkeyStub: translateCommand: touch move 614 437
10-29 15:54:09.769 18745 18745 D MonkeyStub: translateCommand: touch move 614 312
10-29 15:54:09.787 18745 18745 D MonkeyStub: translateCommand: touch up 614 312
10-29 15:54:14.139   198   198 E SELinux : avc:  denied  { find } for service=netd pid=18940 uid=2000 scontext=u:r:shell:s0 tcontext=u:object_r:netd_service:s0 tclass=service_manager permissive=0
10-29 15:54:14.147   198   198 E SELinux : avc:  denied  { find } for service=android.service.gatekeeper.IGateKeeperService pid=18940 uid=2000 scontext=u:r:shell:s0 tcontext=u:object_r:gatekeeper_service:s0 tclass=service_manager permissive=0
10-29 15:54:14.835 18745 18745 D MonkeyStub: translateCommand: touch down 614 1561
10-29 15:54:14.856 18745 18745 D MonkeyStub: translateCommand: touch move 614 1561
10-29 15:54:14.968 18745 18745 D MonkeyStub: translateCommand: touch move 614 1436
10-29 15:54:15.076 18745 18745 D MonkeyStub: translateCommand: touch move 614 1311
10-29 15:54:15.185 18745 18745 D MonkeyStub: translateCommand: touch move 614 1186
10-29 15:54:15.292 18745 18745 D MonkeyStub: translateCommand: touch move 614 1061
10-29 15:54:15.400 18745 18745 D MonkeyStub: translateCommand: touch move 614 937
10-29 15:54:15.508 18745 18745 D MonkeyStub: translateCommand: touch move 614 812
10-29 15:54:15.632 18745 18745 D MonkeyStub: translateCommand: touch move 614 687
10-29 15:54:15.742 18745 18745 D MonkeyStub: translateCommand: touch move 614 562
10-29 15:54:15.851 18745 18745 D MonkeyStub: translateCommand: touch move 614 437
10-29 15:54:15.959 18745 18745 D MonkeyStub: translateCommand: touch move 614 312
10-29 15:54:15.965 18745 18745 D MonkeyStub: translateCommand: touch up 614 312
10-29 15:54:21.026 18745 18745 D MonkeyStub: Quit requested
10-29 15:54:21.068 18745 18745 I art     : System.exit called, status: 56
10-29 15:54:21.068 18745 18745 I AndroidRuntime: VM exiting with result code 56.
10-29 15:54:21.079   600   614 I CwMcuSensor: CwMcuSensor::flush: fd = 238, sensors_id = 0, path = /sys/class/htc_sensorhub/sensor_hub/flush, err = 0
10-29 15:54:21.108   600  1079 W WindowManager: Attempted to remove non-existing token: android.os.Binder@efad2ba
10-29 15:54:29.552   600  1079 D DnsEventListenerService: Logging 100 results for netId 100
10-29 15:54:29.716 18265 18405 E chromium: [ERROR:ssl_client_socket_impl.cc(983)] handshake failed; returned -1, SSL error code 1, net_error -100
10-29 15:54:29.903 18265 18405 E chromium: [ERROR:ssl_client_socket_impl.cc(983)] handshake failed; returned -1, SSL error code 1, net_error -100
10-29 15:54:30.120 18265 18275 I art     : Background sticky concurrent mark sweep GC freed 100404(4MB) AllocSpace objects, 0(0B) LOS objects, 17% free, 20MB/24MB, paused 5.559ms total 63.896ms
10-29 15:54:34.933 18685 18699 I chromium: [INFO:pipeline_controller.cc(46)] MCHR-300: Starting pipeline, demuxer: FFmpegDemuxer
10-29 15:54:34.935 18685 18706 I chromium: [INFO:ffmpeg_glue.cc(159)] MCHR-300: Container: mov,mp4,m4a,3gp,3g2,mj2
10-29 15:54:35.101   246   273 I MediaPlayerService: MediaPlayerService::getOMX
10-29 15:54:35.114 18406 18981 I OMXClient: MuxOMX ctor
10-29 15:54:35.117   243   263 I OMXMaster: makeComponentInstance(OMX.google.aac.decoder) in mediacodec process
10-29 15:54:35.124 18406 18981 I MediaCodec: MediaCodec will operate in async mode
10-29 15:54:35.124 13178 13745 I DiscoveryManager: Filter criteria(D38CB0C5) scannerFlags(0)
10-29 15:54:35.137 18685 18833 I chromium: [INFO:decoder_stream.cc(443)] MCHR-300: Selected MediaCodecAudioDecoder for audio decoding, config: codec: aac, profile: unknown, bytes_per_channel: 4, channel_layout: STEREO, channels: 2, samples_per_second: 48000, sample_format: Float 32-bit planar, bytes_per_frame: 8, seek_preroll: 0us, codec_delay: 0, has extra data: true, encryption scheme: Unencrypted, discard decoder delay: true, target_output_channel_layout: STEREO, target_output_sample_format: Unknown sample format, has aac extra data: true
10-29 15:54:35.163 13178 13745 W GuestModeDeviceProber: setFilterCriteria
10-29 15:54:35.171 18685 18833 I chromium: [INFO:decoder_stream.cc(443)] MCHR-300: Selected MediaCodecVideoDecoder for video decoding, config: codec: h264, profile: h264 high, level: not available, alpha_mode: is_opaque, coded size: [426,240], visible rect: [0,0,426,240], natural size: [426,240], has extra data: true, encryption scheme: Unencrypted, rotation: 0°, flipped: 0, color space: {primaries:SMPTE170M, transfer:SMPTE170M, matrix:SMPTE170M, range:LIMITED}
