--------- beginning of main
10-31 14:55:08.700  8555  8555 D AndroidRuntime: >>>>>> START com.android.internal.os.RuntimeInit uid 2000 <<<<<<
10-31 14:55:08.703  8555  8555 D AndroidRuntime: CheckJNI is OFF
10-31 14:55:08.771  8555  8555 D ICU     : No timezone override file found: /data/misc/zoneinfo/current/icu/icu_tzdata.dat
10-31 14:55:08.799  8555  8555 I Radio-JNI: register_android_hardware_Radio DONE
10-31 14:55:08.814  8555  8555 D AndroidRuntime: Calling main entry com.android.commands.am.Am
--------- beginning of system
10-31 14:55:08.831   600 16391 I ActivityManager: Force stopping com.opera.browser appid=10122 user=0: from pid 8555
10-31 14:55:08.841  1061  1061 D RegisteredNfcFServicesCache: Service unchanged, not updating
10-31 14:55:09.089   600   713 I ActivityManager: START u0 {act=android.intent.action.VIEW flg=0x10008000 cmp=com.opera.browser/com.opera.Opera} from uid 2000 on display 0
10-31 14:55:09.125  8555  8555 D AndroidRuntime: Shutting down VM
10-31 14:55:09.163   600  3675 I ActivityManager: Start proc 8565:com.opera.browser/u0a122 for activity com.opera.browser/com.opera.Opera
10-31 14:55:09.283  8565  8565 I art     : Starting a blocking GC AddRemoveAppImageSpace
10-31 14:55:09.354  8565  8565 I LoadedApk: No resource references to update in package com.opera.browser.nord_vpn
10-31 14:55:09.634  8565  8565 I art     : Rejecting re-init on previously-failed class java.lang.Class<com.opera.android.job.a$j>: java.lang.NoClassDefFoundError: Failed resolution of: Landroid/app/job/JobServiceEngine;
10-31 14:55:09.634  8565  8565 I art     :   at void com.opera.android.OperaApplication.onCreate() (SourceFile:52)
10-31 14:55:09.634  8565  8565 I art     :   at void android.app.Instrumentation.callApplicationOnCreate(android.app.Application) (Instrumentation.java:1024)
10-31 14:55:09.634  8565  8565 I art     :   at void android.app.ActivityThread.handleBindApplication(android.app.ActivityThread$AppBindData) (ActivityThread.java:5403)
10-31 14:55:09.634  8565  8565 I art     :   at void android.app.ActivityThread.-wrap2(android.app.ActivityThread, android.app.ActivityThread$AppBindData) (ActivityThread.java:-1)
10-31 14:55:09.634  8565  8565 I art     :   at void android.app.ActivityThread$H.handleMessage(android.os.Message) (ActivityThread.java:1545)
10-31 14:55:09.634  8565  8565 I art     :   at void android.os.Handler.dispatchMessage(android.os.Message) (Handler.java:102)
10-31 14:55:09.634  8565  8565 I art     :   at void android.os.Looper.loop() (Looper.java:154)
10-31 14:55:09.634  8565  8565 I art     :   at void android.app.ActivityThread.main(java.lang.String[]) (ActivityThread.java:6119)
10-31 14:55:09.634  8565  8565 I art     :   at java.lang.Object java.lang.reflect.Method.invoke!(java.lang.Object, java.lang.Object[]) (Method.java:-2)
10-31 14:55:09.634  8565  8565 I art     :   at void com.android.internal.os.ZygoteInit$MethodAndArgsCaller.run() (ZygoteInit.java:886)
10-31 14:55:09.634  8565  8565 I art     :   at void com.android.internal.os.ZygoteInit.main(java.lang.String[]) (ZygoteInit.java:776)
10-31 14:55:09.634  8565  8565 I art     : Caused by: java.lang.ClassNotFoundException: Didn't find class "android.app.job.JobServiceEngine" on path: DexPathList[[zip file "/data/app/com.opera.browser-1/base.apk"],nativeLibraryDirectories=[/data/app/com.opera.browser-1/lib/arm, /data/app/com.opera.browser-1/base.apk!/lib/armeabi-v7a, /system/lib, /vendor/lib]]
10-31 14:55:09.634  8565  8565 I art     :   at java.lang.Class dalvik.system.BaseDexClassLoader.findClass(java.lang.String) (BaseDexClassLoader.java:56)
10-31 14:55:09.634  8565  8565 I art     :   at java.lang.Class java.lang.ClassLoader.loadClass(java.lang.String, boolean) (ClassLoader.java:380)
10-31 14:55:09.634  8565  8565 I art     :   at java.lang.Class java.lang.ClassLoader.loadClass(java.lang.String) (ClassLoader.java:312)
10-31 14:55:09.634  8565  8565 I art     :   at void com.opera.android.OperaApplication.onCreate() (SourceFile:52)
10-31 14:55:09.634  8565  8565 I art     :   at void android.app.Instrumentation.callApplicationOnCreate(android.app.Application) (Instrumentation.java:1024)
10-31 14:55:09.634  8565  8565 I art     :   at void android.app.ActivityThread.handleBindApplication(android.app.ActivityThread$AppBindData) (ActivityThread.java:5403)
10-31 14:55:09.634  8565  8565 I art     :   at void android.app.ActivityThread.-wrap2(android.app.ActivityThread, android.app.ActivityThread$AppBindData) (ActivityThread.java:-1)
10-31 14:55:09.634  8565  8565 I art     :   at void android.app.ActivityThread$H.handleMessage(android.os.Message) (ActivityThread.java:1545)
10-31 14:55:09.634  8565  8565 I art     :   at void android.os.Handler.dispatchMessage(android.os.Message) (Handler.java:102)
10-31 14:55:09.634  8565  8565 I art     :   at void android.os.Looper.loop() (Looper.java:154)
10-31 14:55:09.634  8565  8565 I art     :   at void android.app.ActivityThread.main(java.lang.String[]) (ActivityThread.java:6119)
10-31 14:55:09.634  8565  8565 I art     :   at java.lang.Object java.lang.reflect.Method.invoke!(java.lang.Object, java.lang.Object[]) (Method.java:-2)
10-31 14:55:09.634  8565  8565 I art     :   at void com.android.internal.os.ZygoteInit$MethodAndArgsCaller.run() (ZygoteInit.java:886)
10-31 14:55:09.634  8565  8565 I art     :   at void com.android.internal.os.ZygoteInit.main(java.lang.String[]) (ZygoteInit.java:776)
10-31 14:55:09.634  8565  8565 I art     : 
10-31 14:55:09.637  8565  8601 D NetworkSecurityConfig: Using Network Security Config from resource network_security_config_official_build debugBuild: false
10-31 14:55:09.726  8565  8575 I art     : Background sticky concurrent mark sweep GC freed 8358(550KB) AllocSpace objects, 9(180KB) LOS objects, 29% free, 3MB/5MB, paused 5.619ms total 33.725ms
10-31 14:55:09.860  8565  8575 W art     : Suspending all threads took: 7.239ms
10-31 14:55:09.882  8565  8575 I art     : Background sticky concurrent mark sweep GC freed 17867(927KB) AllocSpace objects, 1(20KB) LOS objects, 7% free, 4MB/5MB, paused 10.165ms total 69.915ms
10-31 14:55:09.931   600  7064 I ActivityManager: START u0 {act=android.intent.action.VIEW flg=0x10008000 cmp=com.opera.browser/com.opera.android.startup.WelcomeActivity} from uid 10122 on display 0
10-31 14:55:09.952   600  2707 W ActivityManager: Duplicate finish request for ActivityRecord{f3a3d91 u0 com.opera.browser/com.opera.Opera t2337 f}
10-31 14:55:09.974  8565  8615 I FA      : App measurement initialized, version: 43042
10-31 14:55:09.974  8565  8615 I FA      : To enable debug logging run: adb shell setprop log.tag.FA VERBOSE
10-31 14:55:09.974  8565  8615 I FA      : To enable faster debug mode event logging run:
10-31 14:55:09.974  8565  8615 I FA      :   adb shell setprop debug.firebase.analytics.app com.opera.browser
10-31 14:55:10.326  8565  8575 I art     : Background sticky concurrent mark sweep GC freed 16220(1397KB) AllocSpace objects, 4(80KB) LOS objects, 0% free, 5MB/5MB, paused 8.766ms total 234.361ms
10-31 14:55:10.330   600   609 I art     : Background partial concurrent mark sweep GC freed 82449(3MB) AllocSpace objects, 18(408KB) LOS objects, 33% free, 16MB/25MB, paused 1.276ms total 320.968ms
10-31 14:55:10.349   787   804 I art     : Background partial concurrent mark sweep GC freed 75481(4MB) AllocSpace objects, 6(120KB) LOS objects, 40% free, 11MB/19MB, paused 14.536ms total 264.288ms
10-31 14:55:10.363   787   802 W SQLiteConnectionPool: A SQLiteConnection object for database '/data/user/0/com.google.android.gms/databases/metadata.db' was leaked!  Please fix your application to end transactions in progress properly and to close the database when it is no longer needed.
10-31 14:55:10.615  8565  8615 I FA      : Tag Manager is not found and thus will not be used
10-31 14:55:10.641   787  1169 W GmsStrictMode: LEAKED_CLOSABLE [CONTEXT service_id=256 ]
10-31 14:55:10.641   787  1169 W GmsStrictMode: rvo: LEAKED_CLOSABLE
10-31 14:55:10.641   787  1169 W GmsStrictMode: 	at dalvik.system.VMStack.getThreadStackTrace(Native Method)
10-31 14:55:10.641   787  1169 W GmsStrictMode: 	at java.lang.Thread.getStackTrace(Thread.java:1566)
10-31 14:55:10.641   787  1169 W GmsStrictMode: 	at bhdb.containsKey(:com.google.android.gms@203915020@20.39.15 (040406-335085812):1)
10-31 14:55:10.641   787  1169 W GmsStrictMode: 	at android.os.StrictMode.onVmPolicyViolation(StrictMode.java:1867)
10-31 14:55:10.641   787  1169 W GmsStrictMode: 	at android.os.StrictMode.onVmPolicyViolation(StrictMode.java:1844)
10-31 14:55:10.641   787  1169 W GmsStrictMode: 	at android.os.StrictMode$AndroidCloseGuardReporter.report(StrictMode.java:1590)
10-31 14:55:10.641   787  1169 W GmsStrictMode: 	at dalvik.system.CloseGuard.warnIfOpen(CloseGuard.java:208)
10-31 14:55:10.641   787  1169 W GmsStrictMode: 	at android.database.sqlite.SQLiteConnection.dispose(SQLiteConnection.java:231)
10-31 14:55:10.641   787  1169 W GmsStrictMode: 	at android.database.sqlite.SQLiteConnection.finalize(SQLiteConnection.java:180)
10-31 14:55:10.641   787  1169 W GmsStrictMode: 	at java.lang.Daemons$FinalizerDaemon.doFinalize(Daemons.java:222)
10-31 14:55:10.641   787  1169 W GmsStrictMode: 	at java.lang.Daemons$FinalizerDaemon.run(Daemons.java:209)
10-31 14:55:10.641   787  1169 W GmsStrictMode: 	at java.lang.Thread.run(Thread.java:761)
10-31 14:55:10.786  8565  8682 I OpenGLRenderer: Initialized EGL, version 1.4
10-31 14:55:10.786  8565  8682 D OpenGLRenderer: Swap behavior 2
10-31 14:55:10.805   600   620 W WindowManager: Failed looking up window
10-31 14:55:10.805   600   620 W WindowManager: java.lang.IllegalArgumentException: Requested window android.view.ViewRootImpl$W@d854cce does not exist
10-31 14:55:10.805   600   620 W WindowManager: 	at com.android.server.wm.WindowManagerService.windowForClientLocked(WindowManagerService.java:9422)
10-31 14:55:10.805   600   620 W WindowManager: 	at com.android.server.wm.WindowManagerService.windowForClientLocked(WindowManagerService.java:9413)
10-31 14:55:10.805   600   620 W WindowManager: 	at com.android.server.wm.WindowManagerService.removeWindow(WindowManagerService.java:2393)
10-31 14:55:10.805   600   620 W WindowManager: 	at com.android.server.wm.Session.remove(Session.java:202)
10-31 14:55:10.805   600   620 W WindowManager: 	at android.view.ViewRootImpl.dispatchDetachedFromWindow(ViewRootImpl.java:3290)
10-31 14:55:10.805   600   620 W WindowManager: 	at android.view.ViewRootImpl.doDie(ViewRootImpl.java:5917)
10-31 14:55:10.805   600   620 W WindowManager: 	at android.view.ViewRootImpl$ViewRootHandler.handleMessage(ViewRootImpl.java:3626)
10-31 14:55:10.805   600   620 W WindowManager: 	at android.os.Handler.dispatchMessage(Handler.java:102)
10-31 14:55:10.805   600   620 W WindowManager: 	at android.os.Looper.loop(Looper.java:154)
10-31 14:55:10.805   600   620 W WindowManager: 	at android.os.HandlerThread.run(HandlerThread.java:61)
10-31 14:55:10.805   600   620 W WindowManager: 	at com.android.server.ServiceThread.run(ServiceThread.java:46)
10-31 14:55:10.921   600   620 I ActivityManager: Displayed com.opera.browser/com.opera.android.startup.WelcomeActivity: +956ms (total +1s800ms)
10-31 14:55:11.006   600  2707 I ActivityManager: Start proc 8707:com.opera.browser:privileged_process0/u0a122 for service com.opera.browser/com.opera.android.browser.chromium.services.PrivilegedProcessService0
10-31 14:55:11.012  8565  8700 W chromium: [WARNING:op_site_scripts.cc(424)] Failed to map /data/user/0/com.opera.browser/app_opera/sjs
10-31 14:55:11.074  8707  8707 I art     : Starting a blocking GC AddRemoveAppImageSpace
10-31 14:55:11.096  8707  8707 I LoadedApk: No resource references to update in package com.opera.browser.nord_vpn
10-31 14:55:11.219  8707  8717 I art     : Background partial concurrent mark sweep GC freed 6932(304KB) AllocSpace objects, 0(0B) LOS objects, 39% free, 3MB/5MB, paused 1.154ms total 108.383ms
10-31 14:55:11.224  8707  8722 E libEGL  : validate_display:99 error 3008 (EGL_BAD_DISPLAY)
10-31 14:55:11.422  8707  8722 E libEGL  : validate_display:99 error 3008 (EGL_BAD_DISPLAY)
10-31 14:55:11.444 25186 25186 I MemoryTrimmer: Trimming objects from memory, since app is in the background.
10-31 14:55:11.462 25186 25198 W SearchService: Abort, client detached.
10-31 14:55:11.493 25186  8454 I DeviceStateChecker: DeviceStateChecker cancelled
10-31 14:55:11.493 25186 25186 I MicroDetector: Keeping mic open: false
10-31 14:55:11.494 25186 25212 I AudioController: internalShutdown
10-31 14:55:11.494 25186 25212 I MicrophoneInputStream: mic_close com.google.android.apps.gsa.speech.audio.ae@f1aa809
10-31 14:55:11.494 25186 25281 I MicroRecognitionRunner: Stopping hotword detection.
10-31 14:55:11.505 25143 25143 I MemoryTrimmer: Trimming objects from memory, since app is in the background.
10-31 14:55:11.519   238   285 I SoundTriggerHwService::Module: void android::SoundTriggerHwService::Module::onCallbackEvent(const sp<android::SoundTriggerHwService::CallbackEvent> &) mClient == 0
10-31 14:55:11.526 25186  8455 I MicroRecognitionRunner: Detection finished
10-31 14:55:11.540 25186 25186 I MemoryTrimmer: Trimming objects from memory, since app is in the background.
10-31 14:55:11.600   787  8158 W NetworkScheduler: Error inserting service_kind=0 source=16 tag=Measurement.PackageMeasurementTaskService.UPLOAD_TASK_TAG target_package=com.google.android.gms requires_charging=0 source_version=203915000 required_network_type=0 flex_time=1058000 persistence_level=1 target_class=com.google.android.gms.measurement.PackageMeasurementTaskService runtime=1667224511588 retry_strategy={"maximum_backoff_seconds":{"3600":0},"initial_backoff_seconds":{"30":0},"retry_policy":{"0":0}} preferred_network_type=1 required_idleness_state=0 preferred_charging_state=1 period=2117000 last_runtime=0 task_type=0 job_id=-1 user_id=0, error message: UNIQUE constraint failed: pending_ops.tag, pending_ops.target_class, pending_ops.target_package, pending_ops.user_id (code 2067) [CONTEXT service_id=218 ]
10-31 14:55:11.671   787  8158 W NetworkScheduler: Error inserting service_kind=0 source=16 tag=Measurement.PackageMeasurementTaskService.UPLOAD_TASK_TAG target_package=com.google.android.gms requires_charging=0 source_version=203915000 required_network_type=0 flex_time=1058000 persistence_level=1 target_class=com.google.android.gms.measurement.PackageMeasurementTaskService runtime=1667224511667 retry_strategy={"maximum_backoff_seconds":{"3600":0},"initial_backoff_seconds":{"30":0},"retry_policy":{"0":0}} preferred_network_type=1 required_idleness_state=0 preferred_charging_state=1 period=2117000 last_runtime=0 task_type=0 job_id=-1 user_id=0, error message: UNIQUE constraint failed: pending_ops.tag, pending_ops.target_class, pending_ops.target_package, pending_ops.user_id (code 2067) [CONTEXT service_id=218 ]
10-31 14:55:11.706   787  8153 W NetworkScheduler: Error inserting service_kind=0 source=16 tag=Measurement.PackageMeasurementTaskService.UPLOAD_TASK_TAG target_package=com.google.android.gms requires_charging=0 source_version=203915000 required_network_type=0 flex_time=1058000 persistence_level=1 target_class=com.google.android.gms.measurement.PackageMeasurementTaskService runtime=1667224511704 retry_strategy={"maximum_backoff_seconds":{"3600":0},"initial_backoff_seconds":{"30":0},"retry_policy":{"0":0}} preferred_network_type=1 required_idleness_state=0 preferred_charging_state=1 period=2117000 last_runtime=0 task_type=0 job_id=-1 user_id=0, error message: UNIQUE constraint failed: pending_ops.tag, pending_ops.target_class, pending_ops.target_package, pending_ops.user_id (code 2067) [CONTEXT service_id=218 ]
10-31 14:55:15.377  8565  8565 I PlayCore: UID: [10122]  PID: [8565] AppUpdateListenerRegistry : registerListener
10-31 14:55:15.378  8565  8565 I PlayCore: UID: [10122]  PID: [8565] AppUpdateService : requestUpdateInfo(com.opera.browser)
10-31 14:55:15.379  8565  8784 I PlayCore: UID: [10122]  PID: [8565] AppUpdateService : Initiate binding to the service.
10-31 14:55:15.380   600 17381 W ActivityManager: Unable to start service Intent { act=com.google.android.play.core.install.BIND_UPDATE_SERVICE pkg=com.android.vending } U=0: not found
10-31 14:55:15.380  8565  8784 I PlayCore: UID: [10122]  PID: [8565] AppUpdateService : Failed to bind to the service.
10-31 14:55:15.452  8565  8786 D ApplicationLoaders: ignored Vulkan layer search path /data/app/com.google.android.gms-1/lib/arm:/data/app/com.google.android.gms-1/base.apk!/lib/armeabi-v7a:/data/app/com.google.android.gms-1/split_config.en.apk!/lib/armeabi-v7a for namespace 0xf4a41090
10-31 14:55:15.454  8565  8786 W ResourceType: ResTable_typeSpec entry count inconsistent: given 67, previously 69
10-31 14:55:15.454  8565  8786 W ResourceType: ResTable_typeSpec entry count inconsistent: given 5346, previously 5347
10-31 14:55:15.747   600   612 D SyncManager: failed sync operation JobId: 100983, com.opera.browser u0 (com.opera.browser.ping), com.opera.browser.ping.provider, SERVER, reason: 10122, SyncResult: delayUntil: 1667231715 stats [ numIoExceptions: 1]
10-31 14:55:21.579 25186 25186 I MemoryTrimmer: Trimming objects from memory, since app is in the background.
10-31 14:55:22.674  8815  8815 D AndroidRuntime: >>>>>> START com.android.internal.os.RuntimeInit uid 2000 <<<<<<
10-31 14:55:22.678  8815  8815 D AndroidRuntime: CheckJNI is OFF
10-31 14:55:22.742  8815  8815 D ICU     : No timezone override file found: /data/misc/zoneinfo/current/icu/icu_tzdata.dat
10-31 14:55:22.774  8815  8815 I Radio-JNI: register_android_hardware_Radio DONE
10-31 14:55:22.789  8815  8815 D AndroidRuntime: Calling main entry com.android.commands.monkey.Monkey
10-31 14:55:22.857   600   613 W BroadcastQueue: Skipping deliver [background] BroadcastRecord{54b88ba u-1 android.net.conn.CONNECTIVITY_CHANGE} to ReceiverList{eae136b 8815 (unknown name)/2000/u-1 remote:644c0dc}: process crashing
10-31 14:55:24.173  8815  8815 D MonkeyStub: translateCommand: wake
10-31 14:55:24.288  8815  8815 D MonkeyStub: translateCommand: tap 960 1881
10-31 14:55:24.358   600 13557 I ActivityManager: START u0 {act=android.intent.action.VIEW flg=0x1000000 cmp=com.opera.browser/com.opera.android.IntentDispatcherActivity} from uid 10122 on display 0
10-31 14:55:24.473 25143 25179 I OpenGLRenderer: Initialized EGL, version 1.4
10-31 14:55:24.473 25143 25179 D OpenGLRenderer: Swap behavior 2
10-31 14:55:24.474   600  1076 I ActivityManager: START u0 {act=android.intent.action.VIEW flg=0x15002000 cmp=com.opera.browser/com.opera.android.BrowserActivity} from uid 10122 on display 0
10-31 14:55:24.575   600   609 I art     : Background partial concurrent mark sweep GC freed 42209(2MB) AllocSpace objects, 43(1292KB) LOS objects, 33% free, 16MB/25MB, paused 2.468ms total 144.993ms
10-31 14:55:24.628 25143 25143 I MemoryTrimmer: Trimming objects from memory, since app is in the background.
10-31 14:55:24.920  8565  8832 E [Leanplum][ERROR]: No variable values were received from the server. Please contact us to investigate.
10-31 14:55:24.992   600   620 I ActivityManager: Displayed com.opera.browser/com.opera.android.BrowserActivity: +492ms (total +597ms)
10-31 14:55:25.027  8565  8861 W ResourceType: ResTable_typeSpec entry count inconsistent: given 67, previously 69
10-31 14:55:25.027  8565  8861 W ResourceType: ResTable_typeSpec entry count inconsistent: given 5346, previously 5347
10-31 14:55:25.033  8565  8682 D OpenGLRenderer: endAllActiveAnimators on 0xcd8fc400 (RippleDrawable) with handle 0xce44ad40
10-31 14:55:25.065   600 13558 I CwMcuSensor: CwMcuSensor::flush: fd = 266, sensors_id = 0, path = /sys/class/htc_sensorhub/sensor_hub/flush, err = 0
10-31 14:55:25.126  8565  8575 I art     : Background sticky concurrent mark sweep GC freed 33272(2MB) AllocSpace objects, 41(820KB) LOS objects, 22% free, 8MB/10MB, paused 8.569ms total 161.801ms
10-31 14:55:25.548  8565  8570 I art     : Do partial code cache collection, code=19KB, data=30KB
10-31 14:55:25.549  8565  8570 I art     : After code cache collection, code=19KB, data=30KB
10-31 14:55:25.550  8565  8570 I art     : Increasing code cache capacity to 128KB
10-31 14:55:25.604  8565  8871 W ResourceType: ResTable_typeSpec entry count inconsistent: given 67, previously 69
10-31 14:55:25.604  8565  8871 W ResourceType: ResTable_typeSpec entry count inconsistent: given 5346, previously 5347
10-31 14:55:25.675  8565  8575 I art     : Background sticky concurrent mark sweep GC freed 13887(1150KB) AllocSpace objects, 21(420KB) LOS objects, 6% free, 9MB/10MB, paused 3.171ms total 106.305ms
10-31 14:55:25.699  8565  8565 I Choreographer: Skipped 39 frames!  The application may be doing too much work on its main thread.
10-31 14:55:25.880  8565  8565 W View    : requestLayout() improperly called by com.opera.android.custom_views.FadingRecyclerView{20d638e VFED.V... ......ID 0,813-1536,813 #7f0a0825 app:id/suggested_dials_grid} during layout: running second layout pass
10-31 14:55:26.105  8565  8575 I art     : Background partial concurrent mark sweep GC freed 29868(1684KB) AllocSpace objects, 7(472KB) LOS objects, 40% free, 11MB/18MB, paused 4.096ms total 164.598ms
10-31 14:55:26.357  8565  8925 W ResourceType: ResTable_typeSpec entry count inconsistent: given 67, previously 69
10-31 14:55:26.357  8565  8925 W ResourceType: ResTable_typeSpec entry count inconsistent: given 5346, previously 5347
10-31 14:55:26.639   787 31807 W NetworkScheduler: Error inserting service_kind=0 source=16 tag=Measurement.PackageMeasurementTaskService.UPLOAD_TASK_TAG target_package=com.google.android.gms requires_charging=0 source_version=203915000 required_network_type=0 flex_time=1043000 persistence_level=1 target_class=com.google.android.gms.measurement.PackageMeasurementTaskService runtime=1667224526624 retry_strategy={"maximum_backoff_seconds":{"3600":0},"initial_backoff_seconds":{"30":0},"retry_policy":{"0":0}} preferred_network_type=1 required_idleness_state=0 preferred_charging_state=1 period=2087000 last_runtime=0 task_type=0 job_id=-1 user_id=0, error message: UNIQUE constraint failed: pending_ops.tag, pending_ops.target_class, pending_ops.target_package, pending_ops.user_id (code 2067) [CONTEXT service_id=218 ]
10-31 14:55:26.667   787 31807 W NetworkScheduler: Error inserting service_kind=0 source=16 tag=Measurement.PackageMeasurementTaskService.UPLOAD_TASK_TAG target_package=com.google.android.gms requires_charging=0 source_version=203915000 required_network_type=0 flex_time=1043000 persistence_level=1 target_class=com.google.android.gms.measurement.PackageMeasurementTaskService runtime=1667224526662 retry_strategy={"maximum_backoff_seconds":{"3600":0},"initial_backoff_seconds":{"30":0},"retry_policy":{"0":0}} preferred_network_type=1 required_idleness_state=0 preferred_charging_state=1 period=2087000 last_runtime=0 task_type=0 job_id=-1 user_id=0, error message: UNIQUE constraint failed: pending_ops.tag, pending_ops.target_class, pending_ops.target_package, pending_ops.user_id (code 2067) [CONTEXT service_id=218 ]
10-31 14:55:26.754  8565  8565 E Sensors : sendAck failure -1 1
10-31 14:55:26.754  8565  8565 E Sensors : sendAck failure -1 2
10-31 14:55:26.754  8565  8565 E Sensors : sendAck failure -1 3
10-31 14:55:26.754  8565  8565 E Sensors : sendAck failure -1 4
10-31 14:55:26.754  8565  8565 E Sensors : sendAck failure -1 5
10-31 14:55:26.754  8565  8565 E Sensors : sendAck failure -1 6
10-31 14:55:26.754  8565  8565 E Sensors : sendAck failure -1 7
10-31 14:55:26.754  8565  8565 E Sensors : sendAck failure -1 8
10-31 14:55:26.754  8565  8565 E Sensors : sendAck failure -1 9
10-31 14:55:26.754  8565  8565 E Sensors : sendAck failure -1 10
10-31 14:55:26.754  8565  8565 E Sensors : sendAck failure -1 11
10-31 14:55:26.754  8565  8565 E Sensors : sendAck failure -1 12
10-31 14:55:26.754  8565  8565 E Sensors : sendAck failure -1 13
10-31 14:55:26.754  8565  8565 E Sensors : sendAck failure -1 14
10-31 14:55:26.754  8565  8565 E Sensors : sendAck failure -1 15
10-31 14:55:26.754  8565  8565 E Sensors : sendAck failure -1 16
10-31 14:55:26.754  8565  8565 E Sensors : sendAck failure -1 17
10-31 14:55:26.754  8565  8565 E Sensors : sendAck failure -1 18
10-31 14:55:26.754  8565  8565 E Sensors : sendAck failure -1 19
10-31 14:55:26.754  8565  8565 E Sensors : sendAck failure -1 20
10-31 14:55:26.755  8565  8565 E Sensors : sendAck failure -1 21
10-31 14:55:26.755  8565  8565 E Sensors : sendAck failure -1 22
10-31 14:55:26.755  8565  8565 E Sensors : sendAck failure -1 1
10-31 14:55:26.755  8565  8565 E Sensors : sendAck failure -1 2
10-31 14:55:26.755  8565  8565 E Sensors : sendAck failure -1 3
10-31 14:55:26.755  8565  8565 E Sensors : sendAck failure -1 4
10-31 14:55:26.755  8565  8565 E Sensors : sendAck failure -1 5
10-31 14:55:26.755  8565  8565 E Sensors : sendAck failure -1 6
10-31 14:55:26.755  8565  8565 E Sensors : sendAck failure -1 7
10-31 14:55:26.755  8565  8565 E Sensors : sendAck failure -1 8
10-31 14:55:26.755  8565  8565 E Sensors : sendAck failure -1 9
10-31 14:55:26.755  8565  8565 E Sensors : sendAck failure -1 10
10-31 14:55:26.755  8565  8565 E Sensors : sendAck failure -1 11
10-31 14:55:26.755  8565  8565 E Sensors : sendAck failure -1 12
10-31 14:55:26.755  8565  8565 E Sensors : sendAck failure -1 13
10-31 14:55:26.755  8565  8565 E Sensors : sendAck failure -1 14
10-31 14:55:26.755  8565  8565 E Sensors : sendAck failure -1 15
10-31 14:55:26.755  8565  8565 E Sensors : sendAck failure -1 16
10-31 14:55:26.755  8565  8565 E Sensors : sendAck failure -1 17
10-31 14:55:26.755  8565  8565 E Sensors : sendAck failure -1 18
10-31 14:55:26.755  8565  8565 E Sensors : sendAck failure -1 19
10-31 14:55:26.755  8565  8565 E Sensors : sendAck failure -1 20
10-31 14:55:26.755  8565  8565 E Sensors : sendAck failure -1 21
10-31 14:55:26.755  8565  8565 E Sensors : sendAck failure -1 22
10-31 14:55:26.755  8565  8565 E Sensors : sendAck failure -1 1
10-31 14:55:26.755  8565  8565 E Sensors : sendAck failure -1 2
10-31 14:55:26.755  8565  8565 E Sensors : sendAck failure -1 3
10-31 14:55:26.755  8565  8565 E Sensors : sendAck failure -1 4
10-31 14:55:26.755  8565  8565 E Sensors : sendAck failure -1 5
10-31 14:55:26.755  8565  8565 E Sensors : sendAck failure -1 6
10-31 14:55:26.755  8565  8565 E Sensors : sendAck failure -1 7
10-31 14:55:26.755  8565  8565 E Sensors : sendAck failure -1 8
10-31 14:55:26.755  8565  8565 E Sensors : sendAck failure -1 9
10-31 14:55:26.755  8565  8565 E Sensors : sendAck failure -1 10
10-31 14:55:26.755  8565  8565 E Sensors : sendAck failure -1 11
10-31 14:55:26.755  8565  8565 E Sensors : sendAck failure -1 12
10-31 14:55:26.755  8565  8565 E Sensors : sendAck failure -1 13
10-31 14:55:26.755  8565  8565 E Sensors : sendAck failure -1 14
10-31 14:55:26.755  8565  8565 E Sensors : sendAck failure -1 15
10-31 14:55:26.755  8565  8565 E Sensors : sendAck failure -1 16
10-31 14:55:26.755  8565  8565 E Sensors : sendAck failure -1 17
10-31 14:55:26.755  8565  8565 E Sensors : sendAck failure -1 18
10-31 14:55:26.755  8565  8565 E Sensors : sendAck failure -1 19
10-31 14:55:26.755  8565  8565 E Sensors : sendAck failure -1 20
10-31 14:55:26.755  8565  8565 E Sensors : sendAck failure -1 21
10-31 14:55:26.755  8565  8565 E Sensors : sendAck failure -1 22
10-31 14:55:26.930  8565  8575 I art     : Background sticky concurrent mark sweep GC freed 46501(4MB) AllocSpace objects, 37(1176KB) LOS objects, 24% free, 14MB/18MB, paused 4.098ms total 185.438ms
10-31 14:55:27.012  8565  8570 I art     : Do partial code cache collection, code=35KB, data=59KB
10-31 14:55:27.020  8565  8570 I art     : After code cache collection, code=34KB, data=59KB
10-31 14:55:27.021  8565  8570 I art     : Increasing code cache capacity to 256KB
10-31 14:55:27.146  8937  8937 I dex2oat : /system/bin/dex2oat --dex-file=/data/user/0/com.opera.browser/code_cache/.       --oat-fd=61 --oat-location=/data/user/0/com.opera.browser/code_cache/.     --compiler-filter=speed
10-31 14:55:27.413  8565  8575 I art     : Background sticky concurrent mark sweep GC freed 50479(2MB) AllocSpace objects, 16(976KB) LOS objects, 18% free, 15MB/18MB, paused 2.177ms total 102.235ms
10-31 14:55:27.499  8937  8937 I dex2oat : dex2oat took 353.698ms (threads: 2) arena alloc=432KB (442800B) java alloc=32KB (33064B) native alloc=346KB (354496B) free=1189KB (1218368B)
10-31 14:55:27.689  8942  8942 I dex2oat : /system/bin/dex2oat --dex-file=/data/user/0/com.opera.browser/code_cache/.      --oat-fd=52 --oat-location=/data/user/0/com.opera.browser/code_cache/.    --compiler-filter=speed
10-31 14:55:27.778  8565  8575 I art     : Background sticky concurrent mark sweep GC freed 25478(2001KB) AllocSpace objects, 14(1184KB) LOS objects, 13% free, 16MB/18MB, paused 7.022ms total 147.628ms
10-31 14:55:27.988  8942  8942 I dex2oat : dex2oat took 297.250ms (threads: 2) arena alloc=611KB (626232B) java alloc=109KB (112048B) native alloc=523KB (536456B) free=1524KB (1560696B)
10-31 14:55:28.409  8815  8815 D MonkeyStub: translateCommand: tap 57 93
10-31 14:55:30.665  8815  8815 D MonkeyStub: translateCommand: tap 57 93
10-31 14:55:30.903  8565  8570 I art     : Do full code cache collection, code=82KB, data=123KB
10-31 14:55:30.904  8565  8570 I art     : Starting a blocking GC JitCodeCache
10-31 14:55:30.904  8565  8570 I art     : After code cache collection, code=61KB, data=64KB
10-31 14:55:32.919  8815  8815 D MonkeyStub: translateCommand: tap 446 593
10-31 14:55:35.170  8815  8815 D MonkeyStub: translateCommand: tap 667 302
10-31 14:55:38.447  8815  8815 D MonkeyStub: translateCommand: tap 1286 930
10-31 14:55:39.678  8815  8815 D MonkeyStub: translateCommand: tap 62 98
10-31 14:55:39.712  8815  8815 D MonkeyStub: translateCommand: tap 729 89
10-31 14:55:39.727  8815  8815 D MonkeyStub: Quit requested
10-31 14:55:39.762   600   614 I CwMcuSensor: CwMcuSensor::flush: fd = 238, sensors_id = 0, path = /sys/class/htc_sensorhub/sensor_hub/flush, err = 0
10-31 14:55:39.779  8815  8815 I art     : System.exit called, status: 16
10-31 14:55:39.780  8815  8815 I AndroidRuntime: VM exiting with result code 16.
10-31 14:55:39.802   600 25704 W WindowManager: Attempted to remove non-existing token: android.os.Binder@9cb0ec8
10-31 14:55:40.074   600 16391 E BatteryStatsService: power: Missing API
10-31 14:55:40.082   600 16391 E BatteryStatsService: no controller energy info supplied
10-31 14:55:40.082   796   796 E PhoneInterfaceManager: [PhoneIntfMgr] queryModemActivityInfo: Empty response
10-31 14:55:40.092   600 16391 E BatteryStatsService: modem info is invalid: ModemActivityInfo{ mTimestamp=0 mSleepTimeMs=0 mIdleTimeMs=0 mTxTimeMs[]=[0, 0, 0, 0, 0] mRxTimeMs=0 mEnergyUsed=0}
10-31 14:55:40.098   600   613 W ProcessCpuTracker: Skipping unknown process pid 8966
10-31 14:55:40.510  8969  8969 D AndroidRuntime: >>>>>> START com.android.internal.os.RuntimeInit uid 2000 <<<<<<
10-31 14:55:40.513  8969  8969 D AndroidRuntime: CheckJNI is OFF
10-31 14:55:40.579  8969  8969 D ICU     : No timezone override file found: /data/misc/zoneinfo/current/icu/icu_tzdata.dat
10-31 14:55:40.608  8969  8969 I Radio-JNI: register_android_hardware_Radio DONE
10-31 14:55:40.623  8969  8969 D AndroidRuntime: Calling main entry com.android.commands.am.Am
10-31 14:55:40.641   600  1081 I ActivityManager: START u0 {act=android.intent.action.VIEW dat=http://independent.co.uk/... flg=0x10000000 cmp=com.opera.browser/com.opera.Opera} from uid 2000 on display 0
10-31 14:55:40.650  8969  8969 D AndroidRuntime: Shutting down VM
10-31 14:55:40.753  8565  8565 W art     : Before Android 4.1, method double java.util.concurrent.ThreadLocalRandom.internalNextDouble(double, double) would have incorrectly overridden the package-private method in java.util.Random
10-31 14:55:40.753  8565  8565 W art     : Before Android 4.1, method int java.util.concurrent.ThreadLocalRandom.internalNextInt(int, int) would have incorrectly overridden the package-private method in java.util.Random
10-31 14:55:40.753  8565  8565 W art     : Before Android 4.1, method long java.util.concurrent.ThreadLocalRandom.internalNextLong(long, long) would have incorrectly overridden the package-private method in java.util.Random
10-31 14:55:40.790   600   619 D BluetoothManagerService: Message: 20
10-31 14:55:40.790   600   619 D BluetoothManagerService: Added callback: android.bluetooth.IBluetoothManagerCallback$Stub$Proxy@14da8cd:true
10-31 14:55:40.821   600 25704 I ActivityManager: Start proc 8982:com.opera.browser:sandboxed_process0/u0a122 for service com.opera.browser/com.opera.android.browser.chromium.services.SandboxedProcessService0
10-31 14:55:40.882  8982  8982 I art     : Starting a blocking GC AddRemoveAppImageSpace
10-31 14:55:40.908  8982  8982 I LoadedApk: No resource references to update in package com.opera.browser.nord_vpn
10-31 14:55:40.920  8565  8926 W ResourceType: ResTable_typeSpec entry count inconsistent: given 67, previously 69
10-31 14:55:40.920  8565  8926 W ResourceType: ResTable_typeSpec entry count inconsistent: given 5346, previously 5347
10-31 14:55:40.990  8565  8570 I art     : Do partial code cache collection, code=89KB, data=109KB
10-31 14:55:40.991  8565  8570 I art     : After code cache collection, code=89KB, data=109KB
10-31 14:55:40.991  8565  8570 I art     : Increasing code cache capacity to 512KB
10-31 14:55:41.280   787  1174 I FontLog : Received query name=Google Sans&weight=400&besteffort=false, URI content://com.google.android.gms.fonts [CONTEXT service_id=132 ]
10-31 14:55:41.280   787  1174 I FontLog : Query [name=Google Sans&weight=400&besteffort=false] resolved to {Google Sans, wdth 100.0, wght 400, ital 0.0, bestEffort false} [CONTEXT service_id=132 ]
10-31 14:55:41.285   787  1174 I FontLog : Font PFD returned from cache for {Google Sans, wdth 100.0, wght 400, ital 0.0, bestEffort false} [CONTEXT service_id=132 ]
10-31 14:55:41.286   787  1174 I FontLog : Fetch {Google Sans, wdth 100.0, wght 400, ital 0.0, bestEffort false} end status Status{statusCode=SUCCESS, resolution=null} [CONTEXT service_id=132 ]
10-31 14:55:41.290   787  1714 I FontLog : Pulling font file for id = 1846, cache size = 7 [CONTEXT service_id=132 ]
10-31 14:55:41.305   787  1620 I FontLog : Received query name=Google Sans&weight=500&besteffort=false, URI content://com.google.android.gms.fonts [CONTEXT service_id=132 ]
10-31 14:55:41.305   787  1620 I FontLog : Query [name=Google Sans&weight=500&besteffort=false] resolved to {Google Sans, wdth 100.0, wght 500, ital 0.0, bestEffort false} [CONTEXT service_id=132 ]
10-31 14:55:41.306   787  1620 I FontLog : Font PFD returned from cache for {Google Sans, wdth 100.0, wght 500, ital 0.0, bestEffort false} [CONTEXT service_id=132 ]
10-31 14:55:41.306   787  1620 I FontLog : Fetch {Google Sans, wdth 100.0, wght 500, ital 0.0, bestEffort false} end status Status{statusCode=SUCCESS, resolution=null} [CONTEXT service_id=132 ]
10-31 14:55:41.311   787 28591 I FontLog : Pulling font file for id = 1847, cache size = 5 [CONTEXT service_id=132 ]
10-31 14:55:41.315   787 28589 I FontLog : Received query name=Google Sans&weight=700&besteffort=false, URI content://com.google.android.gms.fonts [CONTEXT service_id=132 ]
10-31 14:55:41.315   787 28589 I FontLog : Query [name=Google Sans&weight=700&besteffort=false] resolved to {Google Sans, wdth 100.0, wght 700, ital 0.0, bestEffort false} [CONTEXT service_id=132 ]
10-31 14:55:41.317   787 28589 I FontLog : Fetch {Google Sans, wdth 100.0, wght 700, ital 0.0, bestEffort false} end status Status{statusCode=SUCCESS, resolution=null} [CONTEXT service_id=132 ]
10-31 14:55:41.320   787 28588 I FontLog : Pulling font file for id = 1848, cache size = 5 [CONTEXT service_id=132 ]
10-31 14:55:41.327   787 23224 I FontLog : Received query name=Noto Color Emoji Compat&weight=400&besteffort=false, URI content://com.google.android.gms.fonts [CONTEXT service_id=132 ]
10-31 14:55:41.327   787 23224 I FontLog : Query [name=Noto Color Emoji Compat&weight=400&besteffort=false] resolved to {Noto Color Emoji Compat, wdth 100.0, wght 400, ital 0.0, bestEffort false} [CONTEXT service_id=132 ]
10-31 14:55:41.329   787 23224 I FontLog : Fetch {Noto Color Emoji Compat, wdth 100.0, wght 400, ital 0.0, bestEffort false} end status Status{statusCode=SUCCESS, resolution=null} [CONTEXT service_id=132 ]
10-31 14:55:41.334   787  1245 I FontLog : Pulling font file for id = 1849, cache size = 6 [CONTEXT service_id=132 ]
10-31 14:55:41.425   787  9013 W NetworkScheduler: Error inserting service_kind=0 source=16 tag=Measurement.PackageMeasurementTaskService.UPLOAD_TASK_TAG target_package=com.google.android.gms requires_charging=0 source_version=203915000 required_network_type=0 flex_time=1028000 persistence_level=1 target_class=com.google.android.gms.measurement.PackageMeasurementTaskService runtime=1667224541422 retry_strategy={"maximum_backoff_seconds":{"3600":0},"initial_backoff_seconds":{"30":0},"retry_policy":{"0":0}} preferred_network_type=1 required_idleness_state=0 preferred_charging_state=1 period=2057000 last_runtime=0 task_type=0 job_id=-1 user_id=0, error message: UNIQUE constraint failed: pending_ops.tag, pending_ops.target_class, pending_ops.target_package, pending_ops.user_id (code 2067) [CONTEXT service_id=218 ]
10-31 14:55:41.517   787  6178 I SQLiteConnectionPool: The connection pool for /data/user/0/com.google.android.gms/databases/metadata.db has been closed but there are still 1 connections in use.  They will be closed as they are released back to the pool.
10-31 14:55:41.588   787  8153 W FontLog : Error updating last accessed time for {Google Sans, wdth 100.0, wght 700, ital 0.0, bestEffort false}. [CONTEXT service_id=132 ]
10-31 14:55:41.588   787  8153 W FontLog : java.lang.IllegalStateException: Cannot perform this operation because the connection pool has been closed.
10-31 14:55:41.588   787  8153 W FontLog : 	at android.database.sqlite.SQLiteConnectionPool.throwIfClosedLocked(SQLiteConnectionPool.java:962)
10-31 14:55:41.588   787  8153 W FontLog : 	at android.database.sqlite.SQLiteConnectionPool.waitForConnection(SQLiteConnectionPool.java:677)
10-31 14:55:41.588   787  8153 W FontLog : 	at android.database.sqlite.SQLiteConnectionPool.acquireConnection(SQLiteConnectionPool.java:348)
10-31 14:55:41.588   787  8153 W FontLog : 	at android.database.sqlite.SQLiteSession.acquireConnection(SQLiteSession.java:894)
10-31 14:55:41.588   787  8153 W FontLog : 	at android.database.sqlite.SQLiteSession.executeForChangedRowCount(SQLiteSession.java:752)
10-31 14:55:41.588   787  8153 W FontLog : 	at android.database.sqlite.SQLiteStatement.executeUpdateDelete(SQLiteStatement.java:64)
10-31 14:55:41.588   787  8153 W FontLog : 	at android.database.sqlite.SQLiteDatabase.executeSql(SQLiteDatabase.java:1679)
10-31 14:55:41.588   787  8153 W FontLog : 	at android.database.sqlite.SQLiteDatabase.execSQL(SQLiteDatabase.java:1658)
10-31 14:55:41.588   787  8153 W FontLog : 	at aafx.run(Unknown Source)
10-31 14:55:41.588   787  8153 W FontLog : 	at sup.b(:com.google.android.gms@203915020@20.39.15 (040406-335085812):12)
10-31 14:55:41.588   787  8153 W FontLog : 	at sup.run(:com.google.android.gms@203915020@20.39.15 (040406-335085812):7)
10-31 14:55:41.588   787  8153 W FontLog : 	at java.util.concurrent.ThreadPoolExecutor.runWorker(ThreadPoolExecutor.java:1133)
10-31 14:55:41.588   787  8153 W FontLog : 	at java.util.concurrent.ThreadPoolExecutor$Worker.run(ThreadPoolExecutor.java:607)
10-31 14:55:41.588   787  8153 W FontLog : 	at tam.run(:com.google.android.gms@203915020@20.39.15 (040406-335085812):0)
10-31 14:55:41.588   787  8153 W FontLog : 	at java.lang.Thread.run(Thread.java:761)
10-31 14:55:42.436  8565  8575 I art     : Background sticky concurrent mark sweep GC freed 105894(6MB) AllocSpace objects, 14(332KB) LOS objects, 28% free, 17MB/23MB, paused 9.611ms total 87.810ms
10-31 14:55:47.986   600 25704 D DnsEventListenerService: Logging 100 results for netId 101
10-31 14:55:53.753  9084  9084 D AndroidRuntime: >>>>>> START com.android.internal.os.RuntimeInit uid 2000 <<<<<<
10-31 14:55:53.757  9084  9084 D AndroidRuntime: CheckJNI is OFF
10-31 14:55:53.823  9084  9084 D ICU     : No timezone override file found: /data/misc/zoneinfo/current/icu/icu_tzdata.dat
10-31 14:55:53.854  9084  9084 I Radio-JNI: register_android_hardware_Radio DONE
10-31 14:55:53.870  9084  9084 D AndroidRuntime: Calling main entry com.android.commands.monkey.Monkey
10-31 14:55:53.937   600   613 W BroadcastQueue: Skipping deliver [background] BroadcastRecord{a9598cf u-1 android.net.conn.CONNECTIVITY_CHANGE} to ReceiverList{55b525c 9084 (unknown name)/2000/u-1 remote:2449ba9}: process crashing
10-31 14:55:55.324  9084  9084 D MonkeyStub: translateCommand: wake
10-31 14:55:55.459  9084  9084 D MonkeyStub: translateCommand: tap 686 1843
10-31 14:56:02.927   600   647 I WifiHAL : Got channel list with 13 channels
10-31 14:56:02.928   600   647 I WifiHAL : Got channel list with 4 channels
10-31 14:56:02.929   600   647 I WifiHAL : Got channel list with 15 channels
10-31 14:56:07.526  9084  9084 D MonkeyStub: translateCommand: tap 1320 704
10-31 14:56:09.582  9084  9084 D MonkeyStub: translateCommand: touch down 614 1561
10-31 14:56:09.600  9084  9084 D MonkeyStub: translateCommand: touch move 614 1561
10-31 14:56:09.708  9084  9084 D MonkeyStub: translateCommand: touch move 614 1436
10-31 14:56:09.818  9084  9084 D MonkeyStub: translateCommand: touch move 614 1311
10-31 14:56:09.924  9084  9084 D MonkeyStub: translateCommand: touch move 614 1186
10-31 14:56:10.031  9084  9084 D MonkeyStub: translateCommand: touch move 614 1061
10-31 14:56:10.138  9084  9084 D MonkeyStub: translateCommand: touch move 614 937
10-31 14:56:10.261  9084  9084 D MonkeyStub: translateCommand: touch move 614 812
10-31 14:56:10.384  9084  9084 D MonkeyStub: translateCommand: touch move 614 687
10-31 14:56:10.496  9084  9084 D MonkeyStub: translateCommand: touch move 614 562
10-31 14:56:10.604  9084  9084 D MonkeyStub: translateCommand: touch move 614 437
10-31 14:56:10.720  9084  9084 D MonkeyStub: translateCommand: touch move 614 312
10-31 14:56:10.732  9084  9084 D MonkeyStub: translateCommand: touch up 614 312
10-31 14:56:12.206  8565  8575 I art     : Background sticky concurrent mark sweep GC freed 124949(5MB) AllocSpace objects, 5(120KB) LOS objects, 23% free, 18MB/23MB, paused 8.717ms total 177.321ms
10-31 14:56:12.329   600   609 I art     : Background partial concurrent mark sweep GC freed 69883(3MB) AllocSpace objects, 15(332KB) LOS objects, 33% free, 16MB/25MB, paused 1.458ms total 302.740ms
10-31 14:56:12.607   787  6178 I NetworkScheduler.Stats: Task com.google.android.gms/com.google.android.gms.common.stats.net.NetworkReportService started execution. cause:2 exec_start_elapsed_seconds: 176621 [CONTEXT service_id=218 ]
10-31 14:56:13.698   787  6178 I NetworkScheduler.Stats: Task com.google.android.gms/com.google.android.gms.common.stats.net.NetworkReportService finished executing. cause:2 result: 1 elapsed_millis: 1196 uptime_millis: 1197 exec_start_elapsed_seconds: 176621 [CONTEXT service_id=218 ]
10-31 14:56:14.905  9084  9084 D MonkeyStub: translateCommand: tap 321 1446
10-31 14:56:22.960  9084  9084 D MonkeyStub: translateCommand: touch down 614 1561
10-31 14:56:22.967  9084  9084 D MonkeyStub: translateCommand: touch move 614 1561
10-31 14:56:23.086  9084  9084 D MonkeyStub: translateCommand: touch move 614 1436
10-31 14:56:23.222  9084  9084 D MonkeyStub: translateCommand: touch move 614 1311
10-31 14:56:23.331  9084  9084 D MonkeyStub: translateCommand: touch move 614 1186
10-31 14:56:23.435  9084  9084 D MonkeyStub: translateCommand: touch move 614 1061
10-31 14:56:23.552  9084  9084 D MonkeyStub: translateCommand: touch move 614 937
10-31 14:56:23.665  9084  9084 D MonkeyStub: translateCommand: touch move 614 812
10-31 14:56:23.774  9084  9084 D MonkeyStub: translateCommand: touch move 614 687
10-31 14:56:23.892  9084  9084 D MonkeyStub: translateCommand: touch move 614 562
10-31 14:56:24.001  9084  9084 D MonkeyStub: translateCommand: touch move 614 437
10-31 14:56:24.041   600  1076 I ActivityManager: Process com.android.defcontainer (pid 7586) has died
10-31 14:56:24.041   600  1076 D ActivityManager: cleanUpApplicationRecord -- 7586
10-31 14:56:24.051   600  3507 I ActivityManager: Process com.android.chrome (pid 7617) has died
10-31 14:56:24.052   600  3507 D ActivityManager: cleanUpApplicationRecord -- 7617
10-31 14:56:24.114  9084  9084 D MonkeyStub: translateCommand: touch move 614 312
10-31 14:56:24.120  9084  9084 D MonkeyStub: translateCommand: touch up 614 312
10-31 14:56:24.123   198   198 E SELinux : avc:  denied  { find } for service=netd pid=9244 uid=2000 scontext=u:r:shell:s0 tcontext=u:object_r:netd_service:s0 tclass=service_manager permissive=0
10-31 14:56:24.135   198   198 E SELinux : avc:  denied  { find } for service=android.service.gatekeeper.IGateKeeperService pid=9244 uid=2000 scontext=u:r:shell:s0 tcontext=u:object_r:gatekeeper_service:s0 tclass=service_manager permissive=0
10-31 14:56:24.173  9084  9084 D MonkeyStub: translateCommand: touch down 614 1561
10-31 14:56:24.180  9084  9084 D MonkeyStub: translateCommand: touch move 614 1561
10-31 14:56:24.285  9084  9084 D MonkeyStub: translateCommand: touch move 614 1436
10-31 14:56:24.391  9084  9084 D MonkeyStub: translateCommand: touch move 614 1311
10-31 14:56:24.496  9084  9084 D MonkeyStub: translateCommand: touch move 614 1186
10-31 14:56:24.607  9084  9084 D MonkeyStub: translateCommand: touch move 614 1061
10-31 14:56:24.757  9084  9084 D MonkeyStub: translateCommand: touch move 614 937
10-31 14:56:24.862  9084  9084 D MonkeyStub: translateCommand: touch move 614 812
10-31 14:56:24.972  9084  9084 D MonkeyStub: translateCommand: touch move 614 687
10-31 14:56:25.089  9084  9084 D MonkeyStub: translateCommand: touch move 614 562
10-31 14:56:25.199  9084  9084 D MonkeyStub: translateCommand: touch move 614 437
10-31 14:56:25.267   600 13631 I ActivityManager: Process com.android.documentsui (pid 25296) has died
10-31 14:56:25.267   600 13631 D ActivityManager: cleanUpApplicationRecord -- 25296
10-31 14:56:25.309  9084  9084 D MonkeyStub: translateCommand: touch move 614 312
10-31 14:56:25.316  9084  9084 D MonkeyStub: translateCommand: touch up 614 312
10-31 14:56:25.360   600  9614 I ActivityManager: Process com.google.android.googlequicksearchbox:search (pid 25186) has died
10-31 14:56:25.361   600  9614 D ActivityManager: cleanUpApplicationRecord -- 25186
10-31 14:56:26.080   600  1079 I ActivityManager: Process com.google.process.gapps (pid 25220) has died
10-31 14:56:26.080   600  1079 D ActivityManager: cleanUpApplicationRecord -- 25220
10-31 14:56:31.215   600   609 I art     : Background partial concurrent mark sweep GC freed 18802(946KB) AllocSpace objects, 1(20KB) LOS objects, 33% free, 16MB/24MB, paused 1.333ms total 119.358ms
10-31 14:56:31.490  9084  9084 D MonkeyStub: translateCommand: touch down 614 1561
10-31 14:56:31.501  9084  9084 D MonkeyStub: translateCommand: touch move 614 1561
10-31 14:56:31.611  9084  9084 D MonkeyStub: translateCommand: touch move 614 1436
10-31 14:56:31.720  9084  9084 D MonkeyStub: translateCommand: touch move 614 1311
10-31 14:56:31.827  9084  9084 D MonkeyStub: translateCommand: touch move 614 1186
10-31 14:56:31.933  9084  9084 D MonkeyStub: translateCommand: touch move 614 1061
10-31 14:56:32.037  9084  9084 D MonkeyStub: translateCommand: touch move 614 937
10-31 14:56:32.173  9084  9084 D MonkeyStub: translateCommand: touch move 614 812
10-31 14:56:32.281  9084  9084 D MonkeyStub: translateCommand: touch move 614 687
10-31 14:56:32.396  9084  9084 D MonkeyStub: translateCommand: touch move 614 562
10-31 14:56:32.436  8565  8575 I art     : Background partial concurrent mark sweep GC freed 159793(6MB) AllocSpace objects, 17(452KB) LOS objects, 40% free, 16MB/27MB, paused 8.280ms total 365.861ms
10-31 14:56:32.510  9084  9084 D MonkeyStub: translateCommand: touch move 614 437
10-31 14:56:32.617  9084  9084 D MonkeyStub: translateCommand: touch move 614 312
10-31 14:56:32.627  9084  9084 D MonkeyStub: translateCommand: touch up 614 312
10-31 14:56:32.651  9084  9084 D MonkeyStub: translateCommand: touch down 614 1561
10-31 14:56:32.655  9084  9084 D MonkeyStub: translateCommand: touch move 614 1561
10-31 14:56:32.764  9084  9084 D MonkeyStub: translateCommand: touch move 614 1436
10-31 14:56:32.887  9084  9084 D MonkeyStub: translateCommand: touch move 614 1311
10-31 14:56:32.998  9084  9084 D MonkeyStub: translateCommand: touch move 614 1186
10-31 14:56:33.126  9084  9084 D MonkeyStub: translateCommand: touch move 614 1061
10-31 14:56:33.238  9084  9084 D MonkeyStub: translateCommand: touch move 614 937
10-31 14:56:33.346  9084  9084 D MonkeyStub: translateCommand: touch move 614 812
10-31 14:56:33.449  9084  9084 D MonkeyStub: translateCommand: touch move 614 687
10-31 14:56:33.556  9084  9084 D MonkeyStub: translateCommand: touch move 614 562
10-31 14:56:33.662  9084  9084 D MonkeyStub: translateCommand: touch move 614 437
10-31 14:56:33.770  9084  9084 D MonkeyStub: translateCommand: touch move 614 312
10-31 14:56:33.774  9084  9084 D MonkeyStub: translateCommand: touch up 614 312
10-31 14:56:33.789  9084  9084 D MonkeyStub: Quit requested
10-31 14:56:33.989   600   614 I CwMcuSensor: CwMcuSensor::flush: fd = 238, sensors_id = 0, path = /sys/class/htc_sensorhub/sensor_hub/flush, err = 0
10-31 14:56:34.006  9084  9084 I art     : System.exit called, status: 71
10-31 14:56:34.008  9084  9084 I AndroidRuntime: VM exiting with result code 71.
10-31 14:56:34.079   600  6312 I ActivityManager: Process com.google.android.gms (pid 25312) has died
10-31 14:56:34.079   600  6312 D ActivityManager: cleanUpApplicationRecord -- 25312
