--------- beginning of main
10-29 17:50:40.570 28713 28713 D AndroidRuntime: >>>>>> START com.android.internal.os.RuntimeInit uid 2000 <<<<<<
10-29 17:50:40.574 28713 28713 D AndroidRuntime: CheckJNI is OFF
10-29 17:50:40.638 28713 28713 D ICU     : No timezone override file found: /data/misc/zoneinfo/current/icu/icu_tzdata.dat
10-29 17:50:40.666 28713 28713 I Radio-JNI: register_android_hardware_Radio DONE
10-29 17:50:40.681 28713 28713 D AndroidRuntime: Calling main entry com.android.commands.am.Am
--------- beginning of system
10-29 17:50:40.698   600  1079 I ActivityManager: Force stopping com.opera.browser appid=10122 user=0: from pid 28713
10-29 17:50:40.707  1061  1061 D RegisteredNfcFServicesCache: Service unchanged, not updating
10-29 17:50:40.954   600  2707 I ActivityManager: START u0 {act=android.intent.action.VIEW flg=0x10008000 cmp=com.opera.browser/com.opera.Opera} from uid 2000 on display 0
10-29 17:50:40.980 28713 28713 D AndroidRuntime: Shutting down VM
10-29 17:50:41.046   600 27731 W ActivityManager: Slow operation: 64ms so far, now at startProcess: returned from zygote!
10-29 17:50:41.046   600 27731 W ActivityManager: Slow operation: 64ms so far, now at startProcess: done updating battery stats
10-29 17:50:41.046   600 27731 W ActivityManager: Slow operation: 65ms so far, now at startProcess: building log message
10-29 17:50:41.046   600 27731 I ActivityManager: Start proc 28723:com.opera.browser/u0a122 for activity com.opera.browser/com.opera.Opera
10-29 17:50:41.046   600 27731 W ActivityManager: Slow operation: 65ms so far, now at startProcess: starting to update pids map
10-29 17:50:41.046   600 27731 W ActivityManager: Slow operation: 65ms so far, now at startProcess: done updating pids map
10-29 17:50:41.046   600 27731 W ActivityManager: Slow operation: 66ms so far, now at startProcess: done starting proc!
10-29 17:50:41.139 28723 28723 I art     : Starting a blocking GC AddRemoveAppImageSpace
10-29 17:50:41.159 28723 28723 I LoadedApk: No resource references to update in package com.opera.browser.nord_vpn
10-29 17:50:41.245 28723 28723 I art     : Rejecting re-init on previously-failed class java.lang.Class<com.opera.android.job.a$j>: java.lang.NoClassDefFoundError: Failed resolution of: Landroid/app/job/JobServiceEngine;
10-29 17:50:41.245 28723 28723 I art     :   at void com.opera.android.OperaApplication.onCreate() (SourceFile:52)
10-29 17:50:41.245 28723 28723 I art     :   at void android.app.Instrumentation.callApplicationOnCreate(android.app.Application) (Instrumentation.java:1024)
10-29 17:50:41.245 28723 28723 I art     :   at void android.app.ActivityThread.handleBindApplication(android.app.ActivityThread$AppBindData) (ActivityThread.java:5403)
10-29 17:50:41.245 28723 28723 I art     :   at void android.app.ActivityThread.-wrap2(android.app.ActivityThread, android.app.ActivityThread$AppBindData) (ActivityThread.java:-1)
10-29 17:50:41.245 28723 28723 I art     :   at void android.app.ActivityThread$H.handleMessage(android.os.Message) (ActivityThread.java:1545)
10-29 17:50:41.245 28723 28723 I art     :   at void android.os.Handler.dispatchMessage(android.os.Message) (Handler.java:102)
10-29 17:50:41.245 28723 28723 I art     :   at void android.os.Looper.loop() (Looper.java:154)
10-29 17:50:41.245 28723 28723 I art     :   at void android.app.ActivityThread.main(java.lang.String[]) (ActivityThread.java:6119)
10-29 17:50:41.245 28723 28723 I art     :   at java.lang.Object java.lang.reflect.Method.invoke!(java.lang.Object, java.lang.Object[]) (Method.java:-2)
10-29 17:50:41.245 28723 28723 I art     :   at void com.android.internal.os.ZygoteInit$MethodAndArgsCaller.run() (ZygoteInit.java:886)
10-29 17:50:41.245 28723 28723 I art     :   at void com.android.internal.os.ZygoteInit.main(java.lang.String[]) (ZygoteInit.java:776)
10-29 17:50:41.245 28723 28723 I art     : Caused by: java.lang.ClassNotFoundException: Didn't find class "android.app.job.JobServiceEngine" on path: DexPathList[[zip file "/data/app/com.opera.browser-1/base.apk"],nativeLibraryDirectories=[/data/app/com.opera.browser-1/lib/arm, /data/app/com.opera.browser-1/base.apk!/lib/armeabi-v7a, /system/lib, /vendor/lib]]
10-29 17:50:41.245 28723 28723 I art     :   at java.lang.Class dalvik.system.BaseDexClassLoader.findClass(java.lang.String) (BaseDexClassLoader.java:56)
10-29 17:50:41.245 28723 28723 I art     :   at java.lang.Class java.lang.ClassLoader.loadClass(java.lang.String, boolean) (ClassLoader.java:380)
10-29 17:50:41.245 28723 28723 I art     :   at java.lang.Class java.lang.ClassLoader.loadClass(java.lang.String) (ClassLoader.java:312)
10-29 17:50:41.245 28723 28723 I art     :   at void com.opera.android.OperaApplication.onCreate() (SourceFile:52)
10-29 17:50:41.245 28723 28723 I art     :   at void android.app.Instrumentation.callApplicationOnCreate(android.app.Application) (Instrumentation.java:1024)
10-29 17:50:41.245 28723 28723 I art     :   at void android.app.ActivityThread.handleBindApplication(android.app.ActivityThread$AppBindData) (ActivityThread.java:5403)
10-29 17:50:41.245 28723 28723 I art     :   at void android.app.ActivityThread.-wrap2(android.app.ActivityThread, android.app.ActivityThread$AppBindData) (ActivityThread.java:-1)
10-29 17:50:41.245 28723 28723 I art     :   at void android.app.ActivityThread$H.handleMessage(android.os.Message) (ActivityThread.java:1545)
10-29 17:50:41.245 28723 28723 I art     :   at void android.os.Handler.dispatchMessage(android.os.Message) (Handler.java:102)
10-29 17:50:41.245 28723 28723 I art     :   at void android.os.Looper.loop() (Looper.java:154)
10-29 17:50:41.245 28723 28723 I art     :   at void android.app.ActivityThread.main(java.lang.String[]) (ActivityThread.java:6119)
10-29 17:50:41.245 28723 28723 I art     :   at java.lang.Object java.lang.reflect.Method.invoke!(java.lang.Object, java.lang.Object[]) (Method.java:-2)
10-29 17:50:41.245 28723 28723 I art     :   at void com.android.internal.os.ZygoteInit$MethodAndArgsCaller.run() (ZygoteInit.java:886)
10-29 17:50:41.245 28723 28723 I art     :   at void com.android.internal.os.ZygoteInit.main(java.lang.String[]) (ZygoteInit.java:776)
10-29 17:50:41.245 28723 28723 I art     : 
10-29 17:50:41.270 28723 28762 D NetworkSecurityConfig: Using Network Security Config from resource network_security_config_official_build debugBuild: false
10-29 17:50:41.478 28723 28733 I art     : Background partial concurrent mark sweep GC freed 18568(981KB) AllocSpace objects, 9(180KB) LOS objects, 39% free, 5MB/9MB, paused 3.813ms total 146.412ms
10-29 17:50:41.495   600  7064 I ActivityManager: START u0 {act=android.intent.action.VIEW flg=0x10008000 cmp=com.opera.browser/com.opera.android.startup.WelcomeActivity} from uid 10122 on display 0
10-29 17:50:41.511   600  1076 W ActivityManager: Duplicate finish request for ActivityRecord{9ade849 u0 com.opera.browser/com.opera.Opera t1251 f}
10-29 17:50:41.895   600   609 I art     : Background partial concurrent mark sweep GC freed 21108(1105KB) AllocSpace objects, 7(212KB) LOS objects, 33% free, 15MB/22MB, paused 5.195ms total 300.820ms
10-29 17:50:41.948 28723 28777 I FA      : App measurement initialized, version: 43042
10-29 17:50:41.948 28723 28777 I FA      : To enable debug logging run: adb shell setprop log.tag.FA VERBOSE
10-29 17:50:41.948 28723 28777 I FA      : To enable faster debug mode event logging run:
10-29 17:50:41.948 28723 28777 I FA      :   adb shell setprop debug.firebase.analytics.app com.opera.browser
10-29 17:50:41.966 28723 28835 I OpenGLRenderer: Initialized EGL, version 1.4
10-29 17:50:41.966 28723 28835 D OpenGLRenderer: Swap behavior 2
10-29 17:50:42.127   600   620 I ActivityManager: Displayed com.opera.browser/com.opera.android.startup.WelcomeActivity: +599ms (total +1s148ms)
10-29 17:50:42.272   600  1082 I ActivityManager: Start proc 28866:com.opera.browser:privileged_process0/u0a122 for service com.opera.browser/com.opera.android.browser.chromium.services.PrivilegedProcessService0
10-29 17:50:42.280 28723 28862 W chromium: [WARNING:op_site_scripts.cc(424)] Failed to map /data/user/0/com.opera.browser/app_opera/sjs
10-29 17:50:42.360 28866 28866 I art     : Starting a blocking GC AddRemoveAppImageSpace
10-29 17:50:42.377 28866 28866 I LoadedApk: No resource references to update in package com.opera.browser.nord_vpn
10-29 17:50:42.391   600   620 W WindowManager: Failed looking up window
10-29 17:50:42.391   600   620 W WindowManager: java.lang.IllegalArgumentException: Requested window android.view.ViewRootImpl$W@c15c026 does not exist
10-29 17:50:42.391   600   620 W WindowManager: 	at com.android.server.wm.WindowManagerService.windowForClientLocked(WindowManagerService.java:9422)
10-29 17:50:42.391   600   620 W WindowManager: 	at com.android.server.wm.WindowManagerService.windowForClientLocked(WindowManagerService.java:9413)
10-29 17:50:42.391   600   620 W WindowManager: 	at com.android.server.wm.WindowManagerService.removeWindow(WindowManagerService.java:2393)
10-29 17:50:42.391   600   620 W WindowManager: 	at com.android.server.wm.Session.remove(Session.java:202)
10-29 17:50:42.391   600   620 W WindowManager: 	at android.view.ViewRootImpl.dispatchDetachedFromWindow(ViewRootImpl.java:3290)
10-29 17:50:42.391   600   620 W WindowManager: 	at android.view.ViewRootImpl.doDie(ViewRootImpl.java:5917)
10-29 17:50:42.391   600   620 W WindowManager: 	at android.view.ViewRootImpl$ViewRootHandler.handleMessage(ViewRootImpl.java:3626)
10-29 17:50:42.391   600   620 W WindowManager: 	at android.os.Handler.dispatchMessage(Handler.java:102)
10-29 17:50:42.391   600   620 W WindowManager: 	at android.os.Looper.loop(Looper.java:154)
10-29 17:50:42.391   600   620 W WindowManager: 	at android.os.HandlerThread.run(HandlerThread.java:61)
10-29 17:50:42.391   600   620 W WindowManager: 	at com.android.server.ServiceThread.run(ServiceThread.java:46)
10-29 17:50:42.541 28866 28884 E libEGL  : validate_display:99 error 3008 (EGL_BAD_DISPLAY)
10-29 17:50:42.621 11382 11382 I MemoryTrimmer: Trimming objects from memory, since app is in the background.
10-29 17:50:42.626 11382 11606 W SearchService: Abort, client detached.
10-29 17:50:42.728 28866 28884 E libEGL  : validate_display:99 error 3008 (EGL_BAD_DISPLAY)
10-29 17:50:42.754  1084  1084 I MemoryTrimmer: Trimming objects from memory, since app is in the background.
10-29 17:50:42.761 11382 11382 I MicroDetector: Keeping mic open: false
10-29 17:50:42.761 11382 28628 I DeviceStateChecker: DeviceStateChecker cancelled
10-29 17:50:42.763 11382 11412 I AudioController: internalShutdown
10-29 17:50:42.763 11382 11412 I MicrophoneInputStream: mic_close com.google.android.apps.gsa.speech.audio.ae@e7c7c01
10-29 17:50:42.764 11382 11439 I MicroRecognitionRunner: Stopping hotword detection.
10-29 17:50:42.782   238   285 I SoundTriggerHwService::Module: void android::SoundTriggerHwService::Module::onCallbackEvent(const sp<android::SoundTriggerHwService::CallbackEvent> &) mClient == 0
10-29 17:50:42.791 11382 28627 I MicroRecognitionRunner: Detection finished
10-29 17:50:42.798 11382 11382 I MemoryTrimmer: Trimming objects from memory, since app is in the background.
10-29 17:50:42.838 28723 28777 I FA      : Tag Manager is not found and thus will not be used
10-29 17:50:46.663 28723 28723 I PlayCore: UID: [10122]  PID: [28723] AppUpdateListenerRegistry : registerListener
10-29 17:50:46.664 28723 28723 I PlayCore: UID: [10122]  PID: [28723] AppUpdateService : requestUpdateInfo(com.opera.browser)
10-29 17:50:46.665 28723 28943 I PlayCore: UID: [10122]  PID: [28723] AppUpdateService : Initiate binding to the service.
10-29 17:50:46.666   600  6312 W ActivityManager: Unable to start service Intent { act=com.google.android.play.core.install.BIND_UPDATE_SERVICE pkg=com.android.vending } U=0: not found
10-29 17:50:46.668 28723 28943 I PlayCore: UID: [10122]  PID: [28723] AppUpdateService : Failed to bind to the service.
10-29 17:50:46.742 28723 28947 D ApplicationLoaders: ignored Vulkan layer search path /data/app/com.google.android.gms-1/lib/arm:/data/app/com.google.android.gms-1/base.apk!/lib/armeabi-v7a:/data/app/com.google.android.gms-1/split_config.en.apk!/lib/armeabi-v7a for namespace 0xf4a3b090
10-29 17:50:46.744 28723 28947 W ResourceType: ResTable_typeSpec entry count inconsistent: given 67, previously 69
10-29 17:50:46.744 28723 28947 W ResourceType: ResTable_typeSpec entry count inconsistent: given 5346, previously 5347
10-29 17:50:47.290   600   612 D SyncManager: failed sync operation JobId: 100983, com.opera.browser u0 (com.opera.browser.ping), com.opera.browser.ping.provider, SERVER, reason: 10122, SyncResult: delayUntil: 1667065847 stats [ numIoExceptions: 1]
10-29 17:50:52.855 11382 11382 I MemoryTrimmer: Trimming objects from memory, since app is in the background.
10-29 17:50:54.173 28974 28974 D AndroidRuntime: >>>>>> START com.android.internal.os.RuntimeInit uid 2000 <<<<<<
10-29 17:50:54.176 28974 28974 D AndroidRuntime: CheckJNI is OFF
10-29 17:50:54.251 28974 28974 D ICU     : No timezone override file found: /data/misc/zoneinfo/current/icu/icu_tzdata.dat
10-29 17:50:54.284 28974 28974 I Radio-JNI: register_android_hardware_Radio DONE
10-29 17:50:54.300 28974 28974 D AndroidRuntime: Calling main entry com.android.commands.monkey.Monkey
10-29 17:50:54.374   600   613 W BroadcastQueue: Skipping deliver [background] BroadcastRecord{2366f1d u-1 android.net.conn.CONNECTIVITY_CHANGE} to ReceiverList{4765592 28974 (unknown name)/2000/u-1 remote:73da9c7}: process crashing
10-29 17:50:55.918 28974 28974 D MonkeyStub: translateCommand: wake
10-29 17:50:56.031 28974 28974 D MonkeyStub: translateCommand: tap 960 1881
10-29 17:50:56.095   600  7064 I ActivityManager: START u0 {act=android.intent.action.VIEW flg=0x1000000 cmp=com.opera.browser/com.opera.android.IntentDispatcherActivity} from uid 10122 on display 0
10-29 17:50:56.209  1084  1171 I OpenGLRenderer: Initialized EGL, version 1.4
10-29 17:50:56.209  1084  1171 D OpenGLRenderer: Swap behavior 2
10-29 17:50:56.213   600  1076 I ActivityManager: START u0 {act=android.intent.action.VIEW flg=0x15002000 cmp=com.opera.browser/com.opera.android.BrowserActivity} from uid 10122 on display 0
10-29 17:50:56.266 11382 11382 I MemoryTrimmer: Trimming objects from memory, since app is in the background.
10-29 17:50:56.426   600   609 I art     : Background partial concurrent mark sweep GC freed 41313(2MB) AllocSpace objects, 43(1292KB) LOS objects, 33% free, 15MB/22MB, paused 2.251ms total 254.631ms
10-29 17:50:56.444  1084  1084 I MemoryTrimmer: Trimming objects from memory, since app is in the background.
10-29 17:50:56.496 28723 28733 I art     : Background sticky concurrent mark sweep GC freed 15861(1292KB) AllocSpace objects, 21(420KB) LOS objects, 3% free, 8MB/9MB, paused 5.406ms total 131.792ms
10-29 17:50:56.624   600   620 I ActivityManager: Displayed com.opera.browser/com.opera.android.BrowserActivity: +391ms (total +486ms)
10-29 17:50:56.629 28723 29019 W ResourceType: ResTable_typeSpec entry count inconsistent: given 67, previously 69
10-29 17:50:56.629 28723 29019 W ResourceType: ResTable_typeSpec entry count inconsistent: given 5346, previously 5347
10-29 17:50:56.641 11382 11382 I MemoryTrimmer: Trimming objects from memory, since app is in the background.
10-29 17:50:56.647   600  1081 I CwMcuSensor: CwMcuSensor::flush: fd = 235, sensors_id = 0, path = /sys/class/htc_sensorhub/sensor_hub/flush, err = 0
10-29 17:50:56.682 28723 28991 E [Leanplum][ERROR]: No variable values were received from the server. Please contact us to investigate.
10-29 17:50:56.748 28723 28835 D OpenGLRenderer: endAllActiveAnimators on 0xce065b00 (RippleDrawable) with handle 0xcd74f2a0
10-29 17:50:56.896 28723 28733 I art     : Background sticky concurrent mark sweep GC freed 5790(646KB) AllocSpace objects, 11(220KB) LOS objects, 2% free, 8MB/9MB, paused 7.220ms total 115.941ms
10-29 17:50:57.069 28723 29034 W ResourceType: ResTable_typeSpec entry count inconsistent: given 67, previously 69
10-29 17:50:57.069 28723 29034 W ResourceType: ResTable_typeSpec entry count inconsistent: given 5346, previously 5347
10-29 17:50:57.096 28723 28733 I art     : Background partial concurrent mark sweep GC freed 46135(2MB) AllocSpace objects, 23(460KB) LOS objects, 40% free, 8MB/13MB, paused 3.139ms total 186.517ms
10-29 17:50:57.335 28723 29061 W ResourceType: ResTable_typeSpec entry count inconsistent: given 67, previously 69
10-29 17:50:57.336 28723 29061 W ResourceType: ResTable_typeSpec entry count inconsistent: given 5346, previously 5347
10-29 17:50:57.353 28723 28728 I art     : Do partial code cache collection, code=19KB, data=30KB
10-29 17:50:57.366 28723 28728 I art     : After code cache collection, code=19KB, data=30KB
10-29 17:50:57.366 28723 28728 I art     : Increasing code cache capacity to 128KB
10-29 17:50:57.395 28723 28723 I Choreographer: Skipped 40 frames!  The application may be doing too much work on its main thread.
10-29 17:50:57.556 28723 28723 W View    : requestLayout() improperly called by com.opera.android.custom_views.FadingRecyclerView{f6025fd VFED.V... ......ID 0,813-1536,813 #7f0a0825 app:id/suggested_dials_grid} during layout: running second layout pass
10-29 17:50:57.887 28723 28733 I art     : Background partial concurrent mark sweep GC freed 38726(2MB) AllocSpace objects, 10(300KB) LOS objects, 40% free, 12MB/20MB, paused 2.805ms total 272.627ms
10-29 17:50:58.131 29086 29086 I dex2oat : /system/bin/dex2oat --dex-file=/data/user/0/com.opera.browser/code_cache/.     ​ --oat-fd=204 --oat-location=/data/user/0/com.opera.browser/code_cache/.     --compiler-filter=speed
10-29 17:50:58.639 29086 29086 I dex2oat : dex2oat took 508.298ms (threads: 2) arena alloc=432KB (442800B) java alloc=32KB (33064B) native alloc=354KB (362688B) free=1181KB (1210176B)
10-29 17:50:58.934 29098 29098 I dex2oat : /system/bin/dex2oat --dex-file=/data/user/0/com.opera.browser/code_cache/.    ​ --oat-fd=164 --oat-location=/data/user/0/com.opera.browser/code_cache/.​   --compiler-filter=speed
10-29 17:50:59.072 28723 28728 I art     : Do partial code cache collection, code=38KB, data=62KB
10-29 17:50:59.074 28723 28728 I art     : After code cache collection, code=38KB, data=62KB
10-29 17:50:59.074 28723 28728 I art     : Increasing code cache capacity to 256KB
10-29 17:50:59.375 28723 28733 W art     : Suspending all threads took: 6.558ms
10-29 17:50:59.426 28723 28733 I art     : Background sticky concurrent mark sweep GC freed 51952(3MB) AllocSpace objects, 20(972KB) LOS objects, 20% free, 16MB/20MB, paused 8.487ms total 177.777ms
10-29 17:50:59.426 29098 29098 I dex2oat : dex2oat took 503.234ms (threads: 2) arena alloc=606KB (621104B) java alloc=86KB (88128B) native alloc=523KB (536312B) free=1524KB (1560840B)
10-29 17:50:59.652 28723 28733 I art     : Background partial concurrent mark sweep GC freed 94067(4MB) AllocSpace objects, 12(1372KB) LOS objects, 40% free, 13MB/23MB, paused 1.443ms total 108.088ms
10-29 17:51:00.077 28974 28974 D MonkeyStub: translateCommand: tap 57 93
10-29 17:51:02.207 28974 28974 D MonkeyStub: translateCommand: tap 57 93
10-29 17:51:04.460 28974 28974 D MonkeyStub: translateCommand: tap 446 593
10-29 17:51:06.711 28974 28974 D MonkeyStub: translateCommand: tap 667 302
10-29 17:51:06.864 28723 28728 I art     : Do full code cache collection, code=80KB, data=123KB
10-29 17:51:06.866 28723 28728 I art     : Starting a blocking GC JitCodeCache
10-29 17:51:06.866 28723 28728 I art     : After code cache collection, code=63KB, data=68KB
10-29 17:51:07.297 28723 28728 I art     : Do partial code cache collection, code=74KB, data=84KB
10-29 17:51:07.298 28723 28728 I art     : After code cache collection, code=74KB, data=84KB
10-29 17:51:07.299 28723 28728 I art     : Increasing code cache capacity to 512KB
10-29 17:51:09.795 28974 28974 D MonkeyStub: translateCommand: tap 1286 930
10-29 17:51:11.217 28974 28974 D MonkeyStub: translateCommand: tap 62 98
10-29 17:51:11.250 28974 28974 D MonkeyStub: translateCommand: tap 729 89
10-29 17:51:11.278 28974 28974 D MonkeyStub: Quit requested
10-29 17:51:11.298   600   614 I CwMcuSensor: CwMcuSensor::flush: fd = 235, sensors_id = 0, path = /sys/class/htc_sensorhub/sensor_hub/flush, err = 0
10-29 17:51:11.311 28974 28974 I art     : System.exit called, status: 16
10-29 17:51:11.311 28974 28974 I AndroidRuntime: VM exiting with result code 16.
10-29 17:51:11.338   600  3994 W WindowManager: Attempted to remove non-existing token: android.os.Binder@5611b63
10-29 17:51:11.571   600 17381 E BatteryStatsService: power: Missing API
10-29 17:51:11.577   600 17381 E BatteryStatsService: no controller energy info supplied
10-29 17:51:11.578   796   796 E PhoneInterfaceManager: [PhoneIntfMgr] queryModemActivityInfo: Empty response
10-29 17:51:11.583   600 17381 E BatteryStatsService: modem info is invalid: ModemActivityInfo{ mTimestamp=0 mSleepTimeMs=0 mIdleTimeMs=0 mTxTimeMs[]=[0, 0, 0, 0, 0] mRxTimeMs=0 mEnergyUsed=0}
10-29 17:51:11.591   600   613 W ProcessCpuTracker: Skipping unknown process pid 29125
10-29 17:51:12.044 29128 29128 D AndroidRuntime: >>>>>> START com.android.internal.os.RuntimeInit uid 2000 <<<<<<
10-29 17:51:12.047 29128 29128 D AndroidRuntime: CheckJNI is OFF
10-29 17:51:12.121 29128 29128 D ICU     : No timezone override file found: /data/misc/zoneinfo/current/icu/icu_tzdata.dat
10-29 17:51:12.152 29128 29128 I Radio-JNI: register_android_hardware_Radio DONE
10-29 17:51:12.169 29128 29128 D AndroidRuntime: Calling main entry com.android.commands.am.Am
10-29 17:51:12.189   600  1076 I ActivityManager: START u0 {act=android.intent.action.VIEW dat=http://w3schools.com/... flg=0x10000000 cmp=com.opera.browser/com.opera.Opera} from uid 2000 on display 0
10-29 17:51:12.197 29128 29128 D AndroidRuntime: Shutting down VM
10-29 17:51:12.339 28723 28723 W art     : Before Android 4.1, method double java.util.concurrent.ThreadLocalRandom.internalNextDouble(double, double) would have incorrectly overridden the package-private method in java.util.Random
10-29 17:51:12.339 28723 28723 W art     : Before Android 4.1, method int java.util.concurrent.ThreadLocalRandom.internalNextInt(int, int) would have incorrectly overridden the package-private method in java.util.Random
10-29 17:51:12.339 28723 28723 W art     : Before Android 4.1, method long java.util.concurrent.ThreadLocalRandom.internalNextLong(long, long) would have incorrectly overridden the package-private method in java.util.Random
10-29 17:51:12.378   600   619 D BluetoothManagerService: Message: 20
10-29 17:51:12.378   600   619 D BluetoothManagerService: Added callback: android.bluetooth.IBluetoothManagerCallback$Stub$Proxy@82b0602:true
10-29 17:51:12.403   600  6312 I ActivityManager: Start proc 29141:com.opera.browser:sandboxed_process0/u0a122 for service com.opera.browser/com.opera.android.browser.chromium.services.SandboxedProcessService0
10-29 17:51:12.412 11382 11382 I MemoryTrimmer: Trimming objects from memory, since app is in the background.
10-29 17:51:12.476 29141 29141 I art     : Starting a blocking GC AddRemoveAppImageSpace
10-29 17:51:12.493 29141 29141 I LoadedApk: No resource references to update in package com.opera.browser.nord_vpn
10-29 17:51:12.503 28723 29061 W ResourceType: ResTable_typeSpec entry count inconsistent: given 67, previously 69
10-29 17:51:12.503 28723 29061 W ResourceType: ResTable_typeSpec entry count inconsistent: given 5346, previously 5347
10-29 17:51:12.786   787  1174 I FontLog : Received query name=Google Sans&weight=400&besteffort=false, URI content://com.google.android.gms.fonts [CONTEXT service_id=132 ]
10-29 17:51:12.786   787  1174 I FontLog : Query [name=Google Sans&weight=400&besteffort=false] resolved to {Google Sans, wdth 100.0, wght 400, ital 0.0, bestEffort false} [CONTEXT service_id=132 ]
10-29 17:51:12.788   787  1174 I FontLog : Font PFD returned from cache for {Google Sans, wdth 100.0, wght 400, ital 0.0, bestEffort false} [CONTEXT service_id=132 ]
10-29 17:51:12.788   787  1174 I FontLog : Fetch {Google Sans, wdth 100.0, wght 400, ital 0.0, bestEffort false} end status Status{statusCode=SUCCESS, resolution=null} [CONTEXT service_id=132 ]
10-29 17:51:12.795   787  1245 I FontLog : Pulling font file for id = 232, cache size = 5 [CONTEXT service_id=132 ]
10-29 17:51:12.808   787  1716 I FontLog : Received query name=Google Sans&weight=500&besteffort=false, URI content://com.google.android.gms.fonts [CONTEXT service_id=132 ]
10-29 17:51:12.809   787  1716 I FontLog : Query [name=Google Sans&weight=500&besteffort=false] resolved to {Google Sans, wdth 100.0, wght 500, ital 0.0, bestEffort false} [CONTEXT service_id=132 ]
10-29 17:51:12.810   787  1716 I FontLog : Font PFD returned from cache for {Google Sans, wdth 100.0, wght 500, ital 0.0, bestEffort false} [CONTEXT service_id=132 ]
10-29 17:51:12.810   787  1716 I FontLog : Fetch {Google Sans, wdth 100.0, wght 500, ital 0.0, bestEffort false} end status Status{statusCode=SUCCESS, resolution=null} [CONTEXT service_id=132 ]
10-29 17:51:12.830   787   806 I FontLog : Pulling font file for id = 233, cache size = 5 [CONTEXT service_id=132 ]
10-29 17:51:12.838   787  1620 I FontLog : Received query name=Google Sans&weight=700&besteffort=false, URI content://com.google.android.gms.fonts [CONTEXT service_id=132 ]
10-29 17:51:12.839   787  1620 I FontLog : Query [name=Google Sans&weight=700&besteffort=false] resolved to {Google Sans, wdth 100.0, wght 700, ital 0.0, bestEffort false} [CONTEXT service_id=132 ]
10-29 17:51:12.840   787  1620 I FontLog : Fetch {Google Sans, wdth 100.0, wght 700, ital 0.0, bestEffort false} end status Status{statusCode=SUCCESS, resolution=null} [CONTEXT service_id=132 ]
10-29 17:51:12.875   787  1716 I FontLog : Pulling font file for id = 234, cache size = 6 [CONTEXT service_id=132 ]
10-29 17:51:12.878   787  1714 I FontLog : Received query name=Noto Color Emoji Compat&weight=400&besteffort=false, URI content://com.google.android.gms.fonts [CONTEXT service_id=132 ]
10-29 17:51:12.878   787  1714 I FontLog : Query [name=Noto Color Emoji Compat&weight=400&besteffort=false] resolved to {Noto Color Emoji Compat, wdth 100.0, wght 400, ital 0.0, bestEffort false} [CONTEXT service_id=132 ]
10-29 17:51:12.883   787  1714 I FontLog : Fetch {Noto Color Emoji Compat, wdth 100.0, wght 400, ital 0.0, bestEffort false} end status Status{statusCode=SUCCESS, resolution=null} [CONTEXT service_id=132 ]
10-29 17:51:12.890   787  1620 I FontLog : Pulling font file for id = 235, cache size = 6 [CONTEXT service_id=132 ]
10-29 17:51:13.019   787 26723 I SQLiteConnectionPool: The connection pool for /data/user/0/com.google.android.gms/databases/metadata.db has been closed but there are still 1 connections in use.  They will be closed as they are released back to the pool.
10-29 17:51:13.021   787 29169 W FontLog : Error updating last accessed time for {Noto Color Emoji Compat, wdth 100.0, wght 400, ital 0.0, bestEffort false}. [CONTEXT service_id=132 ]
10-29 17:51:13.021   787 29169 W FontLog : java.lang.IllegalStateException: Cannot perform this operation because the connection pool has been closed.
10-29 17:51:13.021   787 29169 W FontLog : 	at android.database.sqlite.SQLiteConnectionPool.throwIfClosedLocked(SQLiteConnectionPool.java:962)
10-29 17:51:13.021   787 29169 W FontLog : 	at android.database.sqlite.SQLiteConnectionPool.waitForConnection(SQLiteConnectionPool.java:677)
10-29 17:51:13.021   787 29169 W FontLog : 	at android.database.sqlite.SQLiteConnectionPool.acquireConnection(SQLiteConnectionPool.java:348)
10-29 17:51:13.021   787 29169 W FontLog : 	at android.database.sqlite.SQLiteSession.acquireConnection(SQLiteSession.java:894)
10-29 17:51:13.021   787 29169 W FontLog : 	at android.database.sqlite.SQLiteSession.executeForChangedRowCount(SQLiteSession.java:752)
10-29 17:51:13.021   787 29169 W FontLog : 	at android.database.sqlite.SQLiteStatement.executeUpdateDelete(SQLiteStatement.java:64)
10-29 17:51:13.021   787 29169 W FontLog : 	at android.database.sqlite.SQLiteDatabase.executeSql(SQLiteDatabase.java:1679)
10-29 17:51:13.021   787 29169 W FontLog : 	at android.database.sqlite.SQLiteDatabase.execSQL(SQLiteDatabase.java:1658)
10-29 17:51:13.021   787 29169 W FontLog : 	at aafx.run(Unknown Source)
10-29 17:51:13.021   787 29169 W FontLog : 	at sup.b(:com.google.android.gms@203915020@20.39.15 (040406-335085812):12)
10-29 17:51:13.021   787 29169 W FontLog : 	at sup.run(:com.google.android.gms@203915020@20.39.15 (040406-335085812):7)
10-29 17:51:13.021   787 29169 W FontLog : 	at java.util.concurrent.ThreadPoolExecutor.runWorker(ThreadPoolExecutor.java:1133)
10-29 17:51:13.021   787 29169 W FontLog : 	at java.util.concurrent.ThreadPoolExecutor$Worker.run(ThreadPoolExecutor.java:607)
10-29 17:51:13.021   787 29169 W FontLog : 	at tam.run(:com.google.android.gms@203915020@20.39.15 (040406-335085812):0)
10-29 17:51:13.021   787 29169 W FontLog : 	at java.lang.Thread.run(Thread.java:761)
10-29 17:51:25.080 29193 29193 D AndroidRuntime: >>>>>> START com.android.internal.os.RuntimeInit uid 2000 <<<<<<
10-29 17:51:25.083 29193 29193 D AndroidRuntime: CheckJNI is OFF
10-29 17:51:25.149 29193 29193 D ICU     : No timezone override file found: /data/misc/zoneinfo/current/icu/icu_tzdata.dat
10-29 17:51:25.180 29193 29193 I Radio-JNI: register_android_hardware_Radio DONE
10-29 17:51:25.194 29193 29193 D AndroidRuntime: Calling main entry com.android.commands.monkey.Monkey
10-29 17:51:25.264   600   613 W BroadcastQueue: Skipping deliver [background] BroadcastRecord{df35486 u-1 android.net.conn.CONNECTIVITY_CHANGE} to ReceiverList{a000147 29193 (unknown name)/2000/u-1 remote:2e3cc8}: process crashing
10-29 17:51:26.842 29193 29193 D MonkeyStub: translateCommand: wake
10-29 17:51:26.964 29193 29193 D MonkeyStub: translateCommand: tap 1156 1096
10-29 17:51:29.037 29193 29193 D MonkeyStub: translateCommand: tap 259 298
10-29 17:51:31.084 29193 29193 D MonkeyStub: translateCommand: tap 777 567
10-29 17:51:33.338 29193 29193 D MonkeyStub: translateCommand: tap 168 1070
10-29 17:51:41.529 29193 29193 D MonkeyStub: translateCommand: touch down 614 1561
10-29 17:51:41.561 29193 29193 D MonkeyStub: translateCommand: touch move 614 1561
10-29 17:51:41.671 29193 29193 D MonkeyStub: translateCommand: touch move 614 1436
10-29 17:51:41.798 29193 29193 D MonkeyStub: translateCommand: touch move 614 1311
10-29 17:51:41.907 29193 29193 D MonkeyStub: translateCommand: touch move 614 1186
10-29 17:51:42.016 29193 29193 D MonkeyStub: translateCommand: touch move 614 1061
10-29 17:51:42.127 29193 29193 D MonkeyStub: translateCommand: touch move 614 937
10-29 17:51:42.239 29193 29193 D MonkeyStub: translateCommand: touch move 614 812
10-29 17:51:42.346 29193 29193 D MonkeyStub: translateCommand: touch move 614 687
10-29 17:51:42.457 29193 29193 D MonkeyStub: translateCommand: touch move 614 562
10-29 17:51:42.569 29193 29193 D MonkeyStub: translateCommand: touch move 614 437
10-29 17:51:42.678 29193 29193 D MonkeyStub: translateCommand: touch move 614 312
10-29 17:51:42.684 29193 29193 D MonkeyStub: translateCommand: touch up 614 312
10-29 17:51:42.717 29193 29193 D MonkeyStub: translateCommand: touch down 614 1561
10-29 17:51:42.727 29193 29193 D MonkeyStub: translateCommand: touch move 614 1561
10-29 17:51:42.832 29193 29193 D MonkeyStub: translateCommand: touch move 614 1436
10-29 17:51:42.941 29193 29193 D MonkeyStub: translateCommand: touch move 614 1311
10-29 17:51:43.047 29193 29193 D MonkeyStub: translateCommand: touch move 614 1186
10-29 17:51:43.163 29193 29193 D MonkeyStub: translateCommand: touch move 614 1061
10-29 17:51:43.268 29193 29193 D MonkeyStub: translateCommand: touch move 614 937
10-29 17:51:43.381 29193 29193 D MonkeyStub: translateCommand: touch move 614 812
10-29 17:51:43.485 29193 29193 D MonkeyStub: translateCommand: touch move 614 687
10-29 17:51:43.595 29193 29193 D MonkeyStub: translateCommand: touch move 614 562
10-29 17:51:43.707 29193 29193 D MonkeyStub: translateCommand: touch move 614 437
10-29 17:51:43.811 29193 29193 D MonkeyStub: translateCommand: touch move 614 312
10-29 17:51:43.817 29193 29193 D MonkeyStub: translateCommand: touch up 614 312
10-29 17:51:47.856 29193 29193 D MonkeyStub: translateCommand: touch down 614 1561
10-29 17:51:47.869 29193 29193 D MonkeyStub: translateCommand: touch move 614 1561
10-29 17:51:47.974 29193 29193 D MonkeyStub: translateCommand: touch move 614 1436
10-29 17:51:48.084 29193 29193 D MonkeyStub: translateCommand: touch move 614 1311
10-29 17:51:48.188 29193 29193 D MonkeyStub: translateCommand: touch move 614 1186
10-29 17:51:48.319 29193 29193 D MonkeyStub: translateCommand: touch move 614 1061
10-29 17:51:48.429 29193 29193 D MonkeyStub: translateCommand: touch move 614 937
10-29 17:51:48.539 29193 29193 D MonkeyStub: translateCommand: touch move 614 812
10-29 17:51:48.662 29193 29193 D MonkeyStub: translateCommand: touch move 614 687
10-29 17:51:48.773 29193 29193 D MonkeyStub: translateCommand: touch move 614 562
10-29 17:51:48.877 29193 29193 D MonkeyStub: translateCommand: touch move 614 437
10-29 17:51:48.981 29193 29193 D MonkeyStub: translateCommand: touch move 614 312
10-29 17:51:48.985 29193 29193 D MonkeyStub: translateCommand: touch up 614 312
10-29 17:51:51.162 29193 29193 D MonkeyStub: translateCommand: tap 278 93
10-29 17:51:54.842   198   198 E SELinux : avc:  denied  { find } for service=netd pid=29237 uid=2000 scontext=u:r:shell:s0 tcontext=u:object_r:netd_service:s0 tclass=service_manager permissive=0
10-29 17:51:54.847   198   198 E SELinux : avc:  denied  { find } for service=android.service.gatekeeper.IGateKeeperService pid=29237 uid=2000 scontext=u:r:shell:s0 tcontext=u:object_r:gatekeeper_service:s0 tclass=service_manager permissive=0
10-29 17:51:59.348 29193 29193 D MonkeyStub: translateCommand: touch down 614 1561
10-29 17:51:59.357 29193 29193 D MonkeyStub: translateCommand: touch move 614 1561
10-29 17:51:59.481 29193 29193 D MonkeyStub: translateCommand: touch move 614 1436
10-29 17:51:59.589 29193 29193 D MonkeyStub: translateCommand: touch move 614 1311
10-29 17:51:59.699 29193 29193 D MonkeyStub: translateCommand: touch move 614 1186
10-29 17:51:59.819 29193 29193 D MonkeyStub: translateCommand: touch move 614 1061
10-29 17:51:59.931 29193 29193 D MonkeyStub: translateCommand: touch move 614 937
10-29 17:52:00.048 29193 29193 D MonkeyStub: translateCommand: touch move 614 812
10-29 17:52:00.156 29193 29193 D MonkeyStub: translateCommand: touch move 614 687
10-29 17:52:00.264 29193 29193 D MonkeyStub: translateCommand: touch move 614 562
10-29 17:52:00.382 29193 29193 D MonkeyStub: translateCommand: touch move 614 437
10-29 17:52:00.491 29193 29193 D MonkeyStub: translateCommand: touch move 614 312
10-29 17:52:00.498 29193 29193 D MonkeyStub: translateCommand: touch up 614 312
10-29 17:52:00.532 29193 29193 D MonkeyStub: translateCommand: touch down 614 1561
10-29 17:52:00.537 29193 29193 D MonkeyStub: translateCommand: touch move 614 1561
10-29 17:52:00.647 29193 29193 D MonkeyStub: translateCommand: touch move 614 1436
10-29 17:52:00.756 29193 29193 D MonkeyStub: translateCommand: touch move 614 1311
10-29 17:52:00.862 29193 29193 D MonkeyStub: translateCommand: touch move 614 1186
10-29 17:52:01.030 29193 29193 D MonkeyStub: translateCommand: touch move 614 1061
10-29 17:52:01.162 29193 29193 D MonkeyStub: translateCommand: touch move 614 937
10-29 17:52:01.275 29193 29193 D MonkeyStub: translateCommand: touch move 614 812
10-29 17:52:01.425 29193 29193 D MonkeyStub: translateCommand: touch move 614 687
10-29 17:52:01.538 29193 29193 D MonkeyStub: translateCommand: touch move 614 562
10-29 17:52:01.646 29193 29193 D MonkeyStub: translateCommand: touch move 614 437
10-29 17:52:01.765 29193 29193 D MonkeyStub: translateCommand: touch move 614 312
10-29 17:52:01.769 29193 29193 D MonkeyStub: translateCommand: touch up 614 312
10-29 17:52:05.900 29193 29193 D MonkeyStub: translateCommand: touch down 614 1561
10-29 17:52:05.909 29193 29193 D MonkeyStub: translateCommand: touch move 614 1561
10-29 17:52:06.017 29193 29193 D MonkeyStub: translateCommand: touch move 614 1436
10-29 17:52:06.128 29193 29193 D MonkeyStub: translateCommand: touch move 614 1311
10-29 17:52:06.240 29193 29193 D MonkeyStub: translateCommand: touch move 614 1186
10-29 17:52:06.349 29193 29193 D MonkeyStub: translateCommand: touch move 614 1061
10-29 17:52:06.458 29193 29193 D MonkeyStub: translateCommand: touch move 614 937
10-29 17:52:06.580 29193 29193 D MonkeyStub: translateCommand: touch move 614 812
10-29 17:52:06.688 29193 29193 D MonkeyStub: translateCommand: touch move 614 687
10-29 17:52:06.795 29193 29193 D MonkeyStub: translateCommand: touch move 614 562
10-29 17:52:06.911 29193 29193 D MonkeyStub: translateCommand: touch move 614 437
10-29 17:52:07.022 29193 29193 D MonkeyStub: translateCommand: touch move 614 312
10-29 17:52:07.029 29193 29193 D MonkeyStub: translateCommand: touch up 614 312
10-29 17:52:11.227 29193 29193 D MonkeyStub: translateCommand: touch down 614 1561
10-29 17:52:11.242 29193 29193 D MonkeyStub: translateCommand: touch move 614 1561
10-29 17:52:11.357 29193 29193 D MonkeyStub: translateCommand: touch move 614 1436
10-29 17:52:11.462 29193 29193 D MonkeyStub: translateCommand: touch move 614 1311
10-29 17:52:11.574 29193 29193 D MonkeyStub: translateCommand: touch move 614 1186
10-29 17:52:11.685 29193 29193 D MonkeyStub: translateCommand: touch move 614 1061
10-29 17:52:11.803 29193 29193 D MonkeyStub: translateCommand: touch move 614 937
10-29 17:52:11.915 29193 29193 D MonkeyStub: translateCommand: touch move 614 812
10-29 17:52:12.024 29193 29193 D MonkeyStub: translateCommand: touch move 614 687
10-29 17:52:12.136 29193 29193 D MonkeyStub: translateCommand: touch move 614 562
10-29 17:52:12.246 29193 29193 D MonkeyStub: translateCommand: touch move 614 437
10-29 17:52:12.361 29193 29193 D MonkeyStub: translateCommand: touch move 614 312
10-29 17:52:12.367 29193 29193 D MonkeyStub: translateCommand: touch up 614 312
10-29 17:52:12.378 29193 29193 D MonkeyStub: Quit requested
10-29 17:52:12.397   600   614 I CwMcuSensor: CwMcuSensor::flush: fd = 235, sensors_id = 0, path = /sys/class/htc_sensorhub/sensor_hub/flush, err = 0
10-29 17:52:12.401 29193 29193 I art     : System.exit called, status: 101
10-29 17:52:12.402 29193 29193 I AndroidRuntime: VM exiting with result code 101.
10-29 17:52:12.423   600  3507 W WindowManager: Attempted to remove non-existing token: android.os.Binder@64e5d74
10-29 17:52:28.579 29255 29255 D AndroidRuntime: >>>>>> START com.android.internal.os.RuntimeInit uid 2000 <<<<<<
10-29 17:52:28.583 29255 29255 D AndroidRuntime: CheckJNI is OFF
10-29 17:52:28.649 29255 29255 D ICU     : No timezone override file found: /data/misc/zoneinfo/current/icu/icu_tzdata.dat
10-29 17:52:28.678 29255 29255 I Radio-JNI: register_android_hardware_Radio DONE
10-29 17:52:28.694 29255 29255 D AndroidRuntime: Calling main entry com.android.commands.am.Am
10-29 17:52:28.711   600  3675 I ActivityManager: Force stopping com.opera.browser appid=10122 user=0: from pid 29255
10-29 17:52:28.711   600  3675 I ActivityManager: Killing 28866:com.opera.browser:privileged_process0/u0a122 (adj 0): stop com.opera.browser
10-29 17:52:28.715   600  3675 D ActivityManager: cleanUpApplicationRecord -- 28866
10-29 17:52:28.715   600  3675 W ActivityManager: Scheduling restart of crashed service com.opera.browser/com.opera.android.browser.chromium.services.PrivilegedProcessService0 in 1000ms
10-29 17:52:28.715   600  3675 I ActivityManager: Killing 28723:com.opera.browser/u0a122 (adj 0): stop com.opera.browser
10-29 17:52:28.715   600  3675 D ActivityManager: cleanUpApplicationRecord -- 28723
10-29 17:52:28.716   600  3675 W ActivityManager: Force removing ActivityRecord{fc4f58c u0 com.opera.browser/com.opera.android.BrowserActivity t1251}: app died, no saved state
10-29 17:52:28.721 29141 29141 I art     : System.exit called, status: 0
10-29 17:52:28.721 29141 29141 I AndroidRuntime: VM exiting with result code 0, cleanup skipped.
10-29 17:52:28.726 11382 11382 I MemoryTrimmer: Trimming objects from memory, since app is in the background.
10-29 17:52:28.735   600  3675 I ActivityManager: Killing 29141:com.opera.browser:sandboxed_process0/u0a122 (adj 0): stop com.opera.browser
10-29 17:52:28.735   600  3675 D ActivityManager: cleanUpApplicationRecord -- 29141
10-29 17:52:28.740 29255 29255 D AndroidRuntime: Shutting down VM
10-29 17:52:28.760  1061  1061 D RegisteredNfcFServicesCache: Service unchanged, not updating
10-29 17:52:28.764  1084  1171 I OpenGLRenderer: Initialized EGL, version 1.4
10-29 17:52:28.764  1084  1171 D OpenGLRenderer: Swap behavior 2
10-29 17:52:28.857 11382 11393 I AttachedClient: Adding client event 2 to pending list.
10-29 17:52:28.867 11382 11382 I OptInState: There is a new client and it does not support opt-in. Dropping request.
10-29 17:52:28.869 11382 11382 I MicroDetectionWorker: Micro detection mode: [mDetectionMode: [1]].
10-29 17:52:28.876 11382 29271 I MicroRecognitionRunner: Starting detection.
10-29 17:52:28.885 11382 11412 I MicrophoneInputStream: mic_starting com.google.android.apps.gsa.speech.audio.ae@9dd485a
10-29 17:52:28.890   238   285 I SoundTriggerHwService::Module: void android::SoundTriggerHwService::Module::onCallbackEvent(const sp<android::SoundTriggerHwService::CallbackEvent> &) mClient == 0
10-29 17:52:28.894   238 29274 I AudioFlinger: AudioFlinger's thread 0xef692000 ready to run
10-29 17:52:28.897 11382 11412 I MicrophoneInputStream: mic_started com.google.android.apps.gsa.speech.audio.ae@9dd485a
10-29 17:52:28.982   600   609 I art     : Background partial concurrent mark sweep GC freed 65318(2MB) AllocSpace objects, 13(276KB) LOS objects, 33% free, 15MB/22MB, paused 5.318ms total 142.319ms
10-29 17:52:29.067   600 17381 D GraphicsStats: Buffer count: 2
10-29 17:52:29.068   600 17381 D ConnectivityService: ConnectivityService NetworkRequestInfo binderDied(NetworkRequest [ LISTEN id=254, [ Capabilities: INTERNET&NOT_RESTRICTED&TRUSTED&FOREGROUND] ], android.os.BinderProxy@7cda5d4)
10-29 17:52:29.068   600 17381 D ConnectivityService: ConnectivityService NetworkRequestInfo binderDied(NetworkRequest [ LISTEN id=253, [ Capabilities: INTERNET&NOT_RESTRICTED&TRUSTED&FOREGROUND] ], android.os.BinderProxy@10e637d)
10-29 17:52:29.070   600   649 E ConnectivityService: RemoteException caught trying to send a callback msg for NetworkRequest [ LISTEN id=254, [ Capabilities: INTERNET&NOT_RESTRICTED&TRUSTED&FOREGROUND] ]
10-29 17:52:29.070   600   649 E ConnectivityService: RemoteException caught trying to send a callback msg for NetworkRequest [ LISTEN id=253, [ Capabilities: INTERNET&NOT_RESTRICTED&TRUSTED&FOREGROUND] ]
10-29 17:52:29.086 11382 11382 I MicroDetectionWorker: onReady
10-29 17:52:29.283 29267 29267 D AndroidRuntime: >>>>>> START com.android.internal.os.RuntimeInit uid 2000 <<<<<<
10-29 17:52:29.286 29267 29267 D AndroidRuntime: CheckJNI is OFF
10-29 17:52:29.309  1084  1171 W OpenGLRenderer: Incorrectly called buildLayer on View: ShortcutAndWidgetContainer, destroying layer...
10-29 17:52:29.358 29267 29267 D ICU     : No timezone override file found: /data/misc/zoneinfo/current/icu/icu_tzdata.dat
10-29 17:52:29.386 29267 29267 I Radio-JNI: register_android_hardware_Radio DONE
10-29 17:52:29.401 29267 29267 D AndroidRuntime: Calling main entry com.android.commands.pm.Pm
10-29 17:52:29.414   600  3507 I ActivityManager: Force stopping com.opera.browser appid=10122 user=0: clear data
10-29 17:52:29.415   600   613 I ActivityManager: Force stopping com.opera.browser appid=10122 user=-1: clearApplicationUserData
10-29 17:52:29.448   787   787 I GeofencerStateMachine: removeGeofences: removeRequest=RemoveGeofencingRequest[REMOVE_ALL packageName=com.opera.browser]
10-29 17:52:29.450 29267 29267 I art     : System.exit called, status: 0
10-29 17:52:29.451 29267 29267 I AndroidRuntime: VM exiting with result code 0.
10-29 17:52:29.455  1061  1061 D RegisteredNfcFServicesCache: Service unchanged, not updating
10-29 17:52:29.459   600   612 W ResourceType: No known package when getting value for resource number 0x7f100007
10-29 17:52:29.460   600   612 W ResourceType: No known package when getting value for resource number 0x7f13090c
10-29 17:52:29.460   600   612 W ResourceType: No known package when getting value for resource number 0x7f100005
10-29 17:52:29.460   600   612 W ResourceType: No known package when getting value for resource number 0x7f13090a
10-29 17:52:29.460   600   612 W ResourceType: No known package when getting value for resource number 0x7f100004
10-29 17:52:29.460   600   612 W ResourceType: No known package when getting value for resource number 0x7f130909
10-29 17:52:29.460   600   612 W ResourceType: No known package when getting value for resource number 0x7f100006
10-29 17:52:29.460   600   612 W ResourceType: No known package when getting value for resource number 0x7f13090b
10-29 17:52:29.485   787 29287 I Fitness : FitCleanupIntentOperation received Intent android.intent.action.PACKAGE_DATA_CLEARED [CONTEXT service_id=17 ]
10-29 17:52:29.498 11497 18526 I Icing   : doRemovePackageData com.opera.browser
10-29 17:52:31.511   600   616 E BatteryStatsService: no controller energy info supplied
10-29 17:52:31.513   796   796 E PhoneInterfaceManager: [PhoneIntfMgr] queryModemActivityInfo: Empty response
10-29 17:52:31.522   600   616 E BatteryStatsService: modem info is invalid: ModemActivityInfo{ mTimestamp=0 mSleepTimeMs=0 mIdleTimeMs=0 mTxTimeMs[]=[0, 0, 0, 0, 0] mRxTimeMs=0 mEnergyUsed=0}
