--------- beginning of main
11-01 23:17:56.765 14562 14562 D AndroidRuntime: >>>>>> START com.android.internal.os.RuntimeInit uid 2000 <<<<<<
11-01 23:17:56.769 14562 14562 D AndroidRuntime: CheckJNI is OFF
11-01 23:17:56.835 14562 14562 D ICU     : No timezone override file found: /data/misc/zoneinfo/current/icu/icu_tzdata.dat
11-01 23:17:56.863 14562 14562 I Radio-JNI: register_android_hardware_Radio DONE
11-01 23:17:56.878 14562 14562 D AndroidRuntime: Calling main entry com.android.commands.am.Am
--------- beginning of system
11-01 23:17:56.896   600   611 I ActivityManager: Force stopping com.android.chrome appid=10035 user=0: from pid 14562
11-01 23:17:56.896   600   611 I ActivityManager: Killing 14528:com.android.chrome/u0a35 (adj 700): stop com.android.chrome
11-01 23:17:56.896   600   611 D ActivityManager: cleanUpApplicationRecord -- 14528
11-01 23:17:56.908  1058  1058 D RegisteredNfcFServicesCache: Service unchanged, not updating
11-01 23:17:57.155   600  1664 I ActivityManager: START u0 {act=android.intent.action.VIEW flg=0x10008000 cmp=com.android.chrome/com.google.android.apps.chrome.Main} from uid 2000 on display 0
11-01 23:17:57.177 14562 14562 D AndroidRuntime: Shutting down VM
11-01 23:17:57.205   600  8931 I ActivityManager: Start proc 14572:com.android.chrome/u0a35 for activity com.android.chrome/com.google.android.apps.chrome.Main
11-01 23:17:57.366   600 11980 I ActivityManager: START u0 {cmp=com.android.chrome/org.chromium.chrome.browser.firstrun.TabbedModeFirstRunActivity (has extras)} from uid 10035 on display 0
11-01 23:17:57.385 14572 14589 W DynamiteModule: Local module descriptor class for com.google.android.gms.googlecertificates not found.
11-01 23:17:57.524 14572 14589 I DynamiteModule: Considering local module com.google.android.gms.googlecertificates:0 and remote module com.google.android.gms.googlecertificates:6
11-01 23:17:57.524 14572 14589 I DynamiteModule: Selected remote version of com.google.android.gms.googlecertificates, version >= 6
11-01 23:17:57.554 14572 14590 I cr_LibraryLoader: Loaded native library version number "85.0.4183.127"
11-01 23:17:57.556 14572 14590 I cr_CachingUmaRecorder: Flushed 10 samples from 10 histograms.
11-01 23:17:57.563 14572 14591 I OpenGLRenderer: Initialized EGL, version 1.4
11-01 23:17:57.563 14572 14591 D OpenGLRenderer: Swap behavior 2
11-01 23:17:57.605 14572 14589 W System  : ClassLoader referenced unknown path: 
11-01 23:17:57.607 14572 14589 D ApplicationLoaders: ignored Vulkan layer search path /data/app/com.google.android.gms-1/lib/arm:/data/app/com.google.android.gms-1/base.apk!/lib/armeabi-v7a:/data/app/com.google.android.gms-1/split_config.en.apk!/lib/armeabi-v7a for namespace 0xf7275090
11-01 23:17:57.611 14572 14589 W ResourceType: ResTable_typeSpec entry count inconsistent: given 67, previously 69
11-01 23:17:57.611 14572 14589 W ResourceType: ResTable_typeSpec entry count inconsistent: given 5346, previously 5347
11-01 23:17:57.634 14572 14589 I DynamiteLoaderV2Impl: [70] Googlecertificates
11-01 23:17:57.649 14572 14589 W System  : ClassLoader referenced unknown path: /data/user_de/0/com.google.android.gms/app_chimera/m/00000061/n/armeabi-v7a
11-01 23:17:57.650 14572 14589 W System  : ClassLoader referenced unknown path: /data/user_de/0/com.google.android.gms/app_chimera/m/00000061/n/armeabi
11-01 23:17:57.718 14572 14586 D NetworkSecurityConfig: Using Network Security Config from resource 0_resource_name_obfuscated debugBuild: false
11-01 23:17:57.725   600   620 W WindowManager: Failed looking up window
11-01 23:17:57.725   600   620 W WindowManager: java.lang.IllegalArgumentException: Requested window android.view.ViewRootImpl$W@a38d6f0 does not exist
11-01 23:17:57.725   600   620 W WindowManager: 	at com.android.server.wm.WindowManagerService.windowForClientLocked(WindowManagerService.java:9422)
11-01 23:17:57.725   600   620 W WindowManager: 	at com.android.server.wm.WindowManagerService.windowForClientLocked(WindowManagerService.java:9413)
11-01 23:17:57.725   600   620 W WindowManager: 	at com.android.server.wm.WindowManagerService.removeWindow(WindowManagerService.java:2393)
11-01 23:17:57.725   600   620 W WindowManager: 	at com.android.server.wm.Session.remove(Session.java:202)
11-01 23:17:57.725   600   620 W WindowManager: 	at android.view.ViewRootImpl.dispatchDetachedFromWindow(ViewRootImpl.java:3290)
11-01 23:17:57.725   600   620 W WindowManager: 	at android.view.ViewRootImpl.doDie(ViewRootImpl.java:5917)
11-01 23:17:57.725   600   620 W WindowManager: 	at android.view.ViewRootImpl$ViewRootHandler.handleMessage(ViewRootImpl.java:3626)
11-01 23:17:57.725   600   620 W WindowManager: 	at android.os.Handler.dispatchMessage(Handler.java:102)
11-01 23:17:57.725   600   620 W WindowManager: 	at android.os.Looper.loop(Looper.java:154)
11-01 23:17:57.725   600   620 W WindowManager: 	at android.os.HandlerThread.run(HandlerThread.java:61)
11-01 23:17:57.725   600   620 W WindowManager: 	at com.android.server.ServiceThread.run(ServiceThread.java:46)
11-01 23:17:57.726   600   620 I ActivityManager: Displayed com.android.chrome/org.chromium.chrome.browser.firstrun.TabbedModeFirstRunActivity: +322ms (total +549ms)
11-01 23:17:57.740   785   799 I FontLog : Received query Google Sans, URI content://com.google.android.gms.fonts [CONTEXT service_id=132 ]
11-01 23:17:57.740   785   799 I FontLog : Query [Google Sans] resolved to {Google Sans, wdth 100.0, wght 400, ital 0.0, bestEffort false} [CONTEXT service_id=132 ]
11-01 23:17:57.749   785   799 I FontLog : Font PFD returned from cache for {Google Sans, wdth 100.0, wght 400, ital 0.0, bestEffort false} [CONTEXT service_id=132 ]
11-01 23:17:57.749   785   799 I FontLog : Fetch {Google Sans, wdth 100.0, wght 400, ital 0.0, bestEffort false} end status Status{statusCode=SUCCESS, resolution=null} [CONTEXT service_id=132 ]
11-01 23:17:57.753   785  1576 I FontLog : Pulling font file for id = 570, cache size = 6 [CONTEXT service_id=132 ]
11-01 23:17:57.792   785  1682 I FontLog : Received query Google Sans:500, URI content://com.google.android.gms.fonts [CONTEXT service_id=132 ]
11-01 23:17:57.801   785  1682 I FontLog : Query [Google Sans:500] resolved to {Google Sans, wdth 100.0, wght 500, ital 0.0, bestEffort false} [CONTEXT service_id=132 ]
11-01 23:17:57.804   785  1682 I FontLog : Font PFD returned from cache for {Google Sans, wdth 100.0, wght 500, ital 0.0, bestEffort false} [CONTEXT service_id=132 ]
11-01 23:17:57.804   785  1682 I FontLog : Fetch {Google Sans, wdth 100.0, wght 500, ital 0.0, bestEffort false} end status Status{statusCode=SUCCESS, resolution=null} [CONTEXT service_id=132 ]
11-01 23:17:57.833   785  1233 E apju    : Phenotype API error. Event # cdub@84f66e36, EventCode: 7 [CONTEXT service_id=51 ]
11-01 23:17:57.833   785  1233 E apju    : apiz: 29505: No config packages for log source, or config package not registered
11-01 23:17:57.833   785  1233 E apju    : 	at apkj.b(:com.google.android.gms@203915020@20.39.15 (040406-335085812):7)
11-01 23:17:57.833   785  1233 E apju    : 	at apkg.b(:com.google.android.gms@203915020@20.39.15 (040406-335085812):2)
11-01 23:17:57.833   785  1233 E apju    : 	at apju.a(:com.google.android.gms@203915020@20.39.15 (040406-335085812):85)
11-01 23:17:57.833   785  1233 E apju    : 	at apju.a(:com.google.android.gms@203915020@20.39.15 (040406-335085812):80)
11-01 23:17:57.833   785  1233 E apju    : 	at aain.run(:com.google.android.gms@203915020@20.39.15 (040406-335085812):7)
11-01 23:17:57.833   785  1233 E apju    : 	at boex.run(:com.google.android.gms@203915020@20.39.15 (040406-335085812):2)
11-01 23:17:57.833   785  1233 E apju    : 	at sup.b(:com.google.android.gms@203915020@20.39.15 (040406-335085812):12)
11-01 23:17:57.833   785  1233 E apju    : 	at sup.run(:com.google.android.gms@203915020@20.39.15 (040406-335085812):7)
11-01 23:17:57.833   785  1233 E apju    : 	at java.util.concurrent.ThreadPoolExecutor.runWorker(ThreadPoolExecutor.java:1133)
11-01 23:17:57.833   785  1233 E apju    : 	at java.util.concurrent.ThreadPoolExecutor$Worker.run(ThreadPoolExecutor.java:607)
11-01 23:17:57.833   785  1233 E apju    : 	at tam.run(:com.google.android.gms@203915020@20.39.15 (040406-335085812):0)
11-01 23:17:57.833   785  1233 E apju    : 	at java.lang.Thread.run(Thread.java:761)
11-01 23:17:57.835   785  1233 E AsyncOperation: serviceID=51, operation=GetExperimentTokensOperationCall [CONTEXT service_id=259 ]
11-01 23:17:57.835   785  1233 E AsyncOperation: OperationException[Status{statusCode=No config packages for log source, or config package not registered, resolution=null}]
11-01 23:17:57.835   785  1233 E AsyncOperation: 	at apju.a(:com.google.android.gms@203915020@20.39.15 (040406-335085812):87)
11-01 23:17:57.835   785  1233 E AsyncOperation: 	at apju.a(:com.google.android.gms@203915020@20.39.15 (040406-335085812):80)
11-01 23:17:57.835   785  1233 E AsyncOperation: 	at aain.run(:com.google.android.gms@203915020@20.39.15 (040406-335085812):7)
11-01 23:17:57.835   785  1233 E AsyncOperation: 	at boex.run(:com.google.android.gms@203915020@20.39.15 (040406-335085812):2)
11-01 23:17:57.835   785  1233 E AsyncOperation: 	at sup.b(:com.google.android.gms@203915020@20.39.15 (040406-335085812):12)
11-01 23:17:57.835   785  1233 E AsyncOperation: 	at sup.run(:com.google.android.gms@203915020@20.39.15 (040406-335085812):7)
11-01 23:17:57.835   785  1233 E AsyncOperation: 	at java.util.concurrent.ThreadPoolExecutor.runWorker(ThreadPoolExecutor.java:1133)
11-01 23:17:57.835   785  1233 E AsyncOperation: 	at java.util.concurrent.ThreadPoolExecutor$Worker.run(ThreadPoolExecutor.java:607)
11-01 23:17:57.835   785  1233 E AsyncOperation: 	at tam.run(:com.google.android.gms@203915020@20.39.15 (040406-335085812):0)
11-01 23:17:57.835   785  1233 E AsyncOperation: 	at java.lang.Thread.run(Thread.java:761)
11-01 23:17:57.870   785   798 I FontLog : Pulling font file for id = 571, cache size = 7 [CONTEXT service_id=132 ]
11-01 23:17:57.941  8521  8901 W SearchService: Abort, client detached.
11-01 23:17:57.948  8521 14442 I DeviceStateChecker: DeviceStateChecker cancelled
11-01 23:17:57.949  8521  8521 I MicroDetector: Keeping mic open: false
11-01 23:17:57.950  8521  8553 I AudioController: internalShutdown
11-01 23:17:57.950  8521  8553 I MicrophoneInputStream: mic_close com.google.android.apps.gsa.speech.audio.ae@ee73550
11-01 23:17:57.951  8521  8580 I MicroRecognitionRunner: Stopping hotword detection.
11-01 23:17:57.952  8521  8521 I MemoryTrimmer: Trimming objects from memory, since app is in the background.
11-01 23:17:57.955  1075  1075 I MemoryTrimmer: Trimming objects from memory, since app is in the background.
11-01 23:17:57.968   238   286 I SoundTriggerHwService::Module: void android::SoundTriggerHwService::Module::onCallbackEvent(const sp<android::SoundTriggerHwService::CallbackEvent> &) mClient == 0
11-01 23:17:57.973  8521 14443 I MicroRecognitionRunner: Detection finished
11-01 23:17:57.984 14572 14586 I cr_VariationsSeedFetch: Fetched first run seed in 268 ms
11-01 23:17:57.984  8521  8521 I MemoryTrimmer: Trimming objects from memory, since app is in the background.
11-01 23:17:58.012   600  8930 I ActivityManager: Start proc 14606:com.android.chrome:sandboxed_process0/u0i141 for service com.android.chrome/org.chromium.content.app.SandboxedProcessService0
11-01 23:17:58.053 14606 14606 W dboxed_process0: type=1400 audit(0.0:3649): avc: denied { getattr } for path="/data/data/com.android.chrome" dev="dm-2" ino=12190 scontext=u:r:isolated_app:s0:c512,c768 tcontext=u:object_r:app_data_file:s0:c512,c768 tclass=dir permissive=0
11-01 23:17:58.082 14606 14606 I cr_ChildProcessService: Creating new ChildProcessService pid=14606
11-01 23:17:58.206   600   610 I ActivityManager: Start proc 14633:com.android.chrome:privileged_process0/u0a35 for service com.android.chrome/org.chromium.content.app.PrivilegedProcessService0
11-01 23:17:58.280 14633 14633 I cr_ChildProcessService: Creating new ChildProcessService pid=14633
11-01 23:17:58.332 14572 14593 W ConnectionStatusConfig: Dynamic lookup for intent failed for action: com.google.android.gms.auth.key.retrieval.service.START
11-01 23:17:58.343 14572 14593 W ConnectionStatusConfig: Dynamic lookup for intent failed for action: com.google.android.gms.auth.key.retrieval.service.START
11-01 23:17:58.344   600  8928 W ActivityManager: Unable to start service Intent { act=com.google.android.gms.auth.key.retrieval.service.START pkg=com.google.android.gms } U=0: not found
11-01 23:17:58.348 14633 14648 I cr_LibraryLoader: Loaded native library version number "85.0.4183.127"
11-01 23:17:58.348 14633 14648 I cr_CachingUmaRecorder: Flushed 1 samples from 1 histograms.
11-01 23:17:58.355   600  1066 W ActivityManager: Unbind failed: could not find connection for android.os.BinderProxy@9bd730c
11-01 23:17:58.360 14572 14593 E GmsClient: unable to connect to service: com.google.android.gms.auth.key.retrieval.service.START on com.google.android.gms
11-01 23:17:58.382 14633 14648 E libEGL  : validate_display:99 error 3008 (EGL_BAD_DISPLAY)
11-01 23:17:58.392 14572 14572 W cr_KnoxSettingsProvider: Permission to read device policy denied.
11-01 23:18:08.066  8521  8521 I MemoryTrimmer: Trimming objects from memory, since app is in the background.
11-01 23:18:09.699 14676 14676 D AndroidRuntime: >>>>>> START com.android.internal.os.RuntimeInit uid 2000 <<<<<<
11-01 23:18:09.703 14676 14676 D AndroidRuntime: CheckJNI is OFF
11-01 23:18:09.770 14676 14676 D ICU     : No timezone override file found: /data/misc/zoneinfo/current/icu/icu_tzdata.dat
11-01 23:18:09.801 14676 14676 I Radio-JNI: register_android_hardware_Radio DONE
11-01 23:18:09.816 14676 14676 D AndroidRuntime: Calling main entry com.android.commands.monkey.Monkey
11-01 23:18:09.884   600   613 W BroadcastQueue: Skipping deliver [background] BroadcastRecord{b26b27 u-1 android.net.conn.CONNECTIVITY_CHANGE} to ReceiverList{fc7b1d4 14676 (unknown name)/2000/u-1 remote:4402041}: process crashing
11-01 23:18:11.508 14676 14676 D MonkeyStub: translateCommand: wake
11-01 23:18:11.616 14676 14676 D MonkeyStub: translateCommand: tap 398 1198
11-01 23:18:13.708 14676 14676 D MonkeyStub: translateCommand: tap 720 1506
11-01 23:18:13.854  9419  9932 I PeopleChimeraService: onService. callbacks = aaik@5c66ef8, request = com.google.android.gms.common.internal.GetServiceRequest@71cffd1
11-01 23:18:13.875  9419  9539 I PeopleChimeraService: onService. callbacks = aaik@4e6bd37, request = com.google.android.gms.common.internal.GetServiceRequest@36f82a4
11-01 23:18:15.778 14676 14676 D MonkeyStub: translateCommand: tap 355 1480
11-01 23:18:15.801 14676 14676 D MonkeyStub: Quit requested
11-01 23:18:15.818   600 11980 I ActivityManager: START u0 {act=android.intent.action.VIEW flg=0x10008000 cmp=com.android.chrome/com.google.android.apps.chrome.Main (has extras)} from uid 10035 on display 0
11-01 23:18:15.843   600   614 I CwMcuSensor: CwMcuSensor::flush: fd = 233, sensors_id = 0, path = /sys/class/htc_sensorhub/sensor_hub/flush, err = 0
11-01 23:18:15.861 14676 14676 I art     : System.exit called, status: 6
11-01 23:18:15.861 14676 14676 I AndroidRuntime: VM exiting with result code 6.
11-01 23:18:15.905   600  8039 W WindowManager: Attempted to remove non-existing token: android.os.Binder@e2d7f7d
11-01 23:18:16.004 14572 14572 E cr_CompositorSurfaceMgr: Transitioning to surface with format : -1
11-01 23:18:16.079   600   609 I art     : Background partial concurrent mark sweep GC freed 16805(829KB) AllocSpace objects, 3(60KB) LOS objects, 33% free, 15MB/23MB, paused 1.230ms total 182.706ms
11-01 23:18:16.098 14572 14627 W cr_tabmodel: Starting to perform legacy migration.
11-01 23:18:16.099 14572 14627 W cr_tabmodel: Finished performing legacy migration.
11-01 23:18:16.099 14572 14627 W cr_tabmodel: Starting to perform multi-instance migration.
11-01 23:18:16.100 14572 14627 W cr_tabmodel: Finished performing multi-instance migration.
11-01 23:18:16.100 14572 14627 I cr_tabmodel: Starting to fetch tab list for tab_state0
11-01 23:18:16.100 14572 14627 I cr_tabmodel: State file does not exist.
11-01 23:18:16.100 14572 14627 I cr_tabmodel: Starting to fetch tab list for tab_state1
11-01 23:18:16.100 14572 14627 I cr_tabmodel: State file does not exist.
11-01 23:18:16.134 14572 14627 I cr_ADCP : No customization source found
11-01 23:18:16.228   600   620 I ActivityManager: Displayed com.android.chrome/com.google.android.apps.chrome.Main: +370ms
11-01 23:18:16.247 14572 14591 D OpenGLRenderer: endAllActiveAnimators on 0xd73cd280 (InsetDrawable) with handle 0xd5dd4510
11-01 23:18:16.251 14572 14572 E cr_CompositorSurfaceMgr: Transitioning to surface with format : -1
11-01 23:18:16.255 14572 14572 E cr_CompositorSurfaceMgr: surfaceCreated format : 0
11-01 23:18:16.263 14572 14572 I cr_ContextualSearch: Tap suppression enabled: false
11-01 23:18:16.269 14572 14572 I cr_ChromeTabbedActivity: #initializeState
11-01 23:18:16.270 14572 14572 I cr_CipherFactory: #restoreFromBundle, no savedInstanceState.
11-01 23:18:16.270 14572 14572 I cr_tabmodel: #loadState, ignoreIncognitoFiles? true
11-01 23:18:16.277   600  1066 E BatteryStatsService: power: Missing API
11-01 23:18:16.303   800   800 E PhoneInterfaceManager: [PhoneIntfMgr] queryModemActivityInfo: Empty response
11-01 23:18:16.304   600  1066 E BatteryStatsService: no controller energy info supplied
11-01 23:18:16.331   600  1066 E BatteryStatsService: modem info is invalid: ModemActivityInfo{ mTimestamp=0 mSleepTimeMs=0 mIdleTimeMs=0 mTxTimeMs[]=[0, 0, 0, 0, 0] mRxTimeMs=0 mEnergyUsed=0}
11-01 23:18:16.465 14572 14572 I SchedulerApiWrapper: Create SchedulerApiMainThreadWrapper
11-01 23:18:16.474 14572 14572 I FeedSessionManagerImpl: FeedSessionManagerImpl has been created
11-01 23:18:16.476 14572 14572 I FeedAppLifecycleLstnr: onEnterForeground called
11-01 23:18:16.476 14572 14572 I FeedSessionManagerImpl: onLifecycleEvent foreground
11-01 23:18:16.477 14572 14572 I FeedSessionManagerImpl: Lazy initialization triggered, getUpdateConsumer
11-01 23:18:16.478 14572 14572 I FeedRequestManagerImpl: trigger refresh 2
11-01 23:18:16.478 14572 14627 I TaskQueue: Execute task [IMMEDIATE - d: true, b: 0]: 30
11-01 23:18:16.479 14572 14572 I TaskQueue:  - task [HEAD_INVALIDATE - d: true, b: 0]: 26
11-01 23:18:16.480 14572 14572 I FeedAppLifecycleLstnr: initialize called
11-01 23:18:16.480 14572 14572 I FeedSessionManagerImpl: onLifecycleEvent initialize
11-01 23:18:16.480 14572 14572 W FeedSessionManagerImpl: FeedSessionManagerImpl has previously been initialized
11-01 23:18:16.505 14572 14572 I ViewConfigCompat: Could not find method getScaledScrollFactor() on ViewConfiguration
11-01 23:18:16.514 14572 14572 I BasicStream: Setting 2 header views, currently have 0 headers
11-01 23:18:16.516 14572 14572 I BasicStream: Setting 2 header views, currently have 2 headers
11-01 23:18:16.576   600   619 D BluetoothManagerService: Message: 20
11-01 23:18:16.576   600   619 D BluetoothManagerService: Added callback: android.bluetooth.IBluetoothManagerCallback$Stub$Proxy@10dc559:true
11-01 23:18:16.597 14572 14572 E cr_IntentUtils: getBooleanExtra failed on intent null
11-01 23:18:16.608 14572 14572 I TimeoutSessionImpl: Using TimeoutSessionImpl
11-01 23:18:16.608 14572 14572 I FeedSessionManagerImpl: Delaying populateSession until initialization is finished
11-01 23:18:16.615 14572 14572 I TaskQueue:  - task [IMMEDIATE - d: true, b: 1]: 13
11-01 23:18:16.616 14572 14572 I MainThreadRunner: Running task [BasicStream onShow] on the Main Thread with a delay of 500 milliseconds
11-01 23:18:16.616 14606 14619 I cr_LibraryLoader: Loaded native library version number "85.0.4183.127"
11-01 23:18:16.619 14606 14619 I cr_CachingUmaRecorder: Flushed 1 samples from 1 histograms.
11-01 23:18:16.685   600 12440 I ActivityManager: Start proc 14709:com.android.chrome:sandboxed_process1/u0i142 for service com.android.chrome/org.chromium.content.app.SandboxedProcessService1
11-01 23:18:16.704 14572 14627 W SessionCache: Persisted Sessions were not found
11-01 23:18:16.704 14572 14627 I HeadSessionImpl: Initialize HEAD 0 items
11-01 23:18:16.706 14572 14627 I TaskQueue:  - task [BACKGROUND - d: true, b: 2]: 11
11-01 23:18:16.706 14572 14627 I TimingUtils: Task Timing 228ms, thread JardinExecutor | task : Initialization
11-01 23:18:16.706 14572 14627 I TaskQueue:  - Finished 30, time 229 ms
11-01 23:18:16.707 14572 14627 I TaskQueue: Execute task [HEAD_INVALIDATE - d: true, b: 2]: 26
11-01 23:18:16.713 14572 14627 I TimingUtils: Task Timing   6ms, thread JardinExecutor | task : getAllDismissLocalActions | size : 0
11-01 23:18:16.713 14572 14627 I TimingUtils: Task Timing   0ms, thread JardinExecutor | task : getSemanticProperties | size : 0
11-01 23:18:16.714 14572 14627 I MainThreadRunner: Running task [Check Tooltips] on the Main Thread
11-01 23:18:16.714 14572 14627 I TaskQueue:  * Starting starvation checks
11-01 23:18:16.714 14572 14627 I MainThreadRunner: Running task [starvationChecks] on the Main Thread with a delay of 6000 milliseconds
11-01 23:18:16.714 14572 14627 I TaskQueue:  - Finished 26, time 8 ms
11-01 23:18:16.714 14572 14627 I TaskQueue: Execute task [IMMEDIATE - d: true, b: 1]: 13
11-01 23:18:16.714 14572 14627 I FeedSessionManagerImpl: shouldSessionRequestData; hasContent(false), contentCreationTime(0), outstandingRequest(true)
11-01 23:18:16.714 14572 14627 I MainThreadRunner: Running task [SchedulerApiWrapper shouldSessionRequestData] on the Main Thread
11-01 23:18:16.748   600  1485 I ActivityManager: Start proc 14716:com.android.chrome:sandboxed_process2/u0i143 for service com.android.chrome/org.chromium.content.app.SandboxedProcessService2
11-01 23:18:16.790   600  6822 I ActivityManager: Start proc 14727:com.android.chrome:sandboxed_process3/u0i144 for service com.android.chrome/org.chromium.content.app.SandboxedProcessService3
11-01 23:18:16.824   600  1066 I ActivityManager: Start proc 14745:com.android.chrome:sandboxed_process4/u0i145 for service com.android.chrome/org.chromium.content.app.SandboxedProcessService4
11-01 23:18:16.833 14572 14582 I art     : Background partial concurrent mark sweep GC freed 10827(545KB) AllocSpace objects, 6(656KB) LOS objects, 40% free, 9MB/15MB, paused 5.006ms total 125.864ms
11-01 23:18:16.870   600  8039 I ActivityManager: Start proc 14757:com.android.chrome:sandboxed_process5/u0i146 for service com.android.chrome/org.chromium.content.app.SandboxedProcessService5
11-01 23:18:16.917   600 12440 I ActivityManager: Start proc 14766:com.android.chrome:sandboxed_process6/u0i147 for service com.android.chrome/org.chromium.content.app.SandboxedProcessService6
11-01 23:18:16.975   600  1664 I ActivityManager: Start proc 14786:com.android.chrome:sandboxed_process7/u0i148 for service com.android.chrome/org.chromium.content.app.SandboxedProcessService7
11-01 23:18:17.026 14716 14716 W dboxed_process2: type=1400 audit(0.0:3650): avc: denied { getattr } for path="/data/data/com.android.chrome" dev="dm-2" ino=12190 scontext=u:r:isolated_app:s0:c512,c768 tcontext=u:object_r:app_data_file:s0:c512,c768 tclass=dir permissive=0
11-01 23:18:17.036 14572 14572 I PlayCore: UID: [10035]  PID: [14572] SplitInstallService : deferredInstall([image_editor])
11-01 23:18:17.048   600  8931 I ActivityManager: Start proc 14801:com.android.chrome:sandboxed_process8/u0i149 for service com.android.chrome/org.chromium.content.app.SandboxedProcessService8
11-01 23:18:17.060 14709 14709 W dboxed_process1: type=1400 audit(0.0:3651): avc: denied { getattr } for path="/data/data/com.android.chrome" dev="dm-2" ino=12190 scontext=u:r:isolated_app:s0:c512,c768 tcontext=u:object_r:app_data_file:s0:c512,c768 tclass=dir permissive=0
11-01 23:18:17.123 14727 14727 W dboxed_process3: type=1400 audit(0.0:3652): avc: denied { getattr } for path="/data/data/com.android.chrome" dev="dm-2" ino=12190 scontext=u:r:isolated_app:s0:c512,c768 tcontext=u:object_r:app_data_file:s0:c512,c768 tclass=dir permissive=0
11-01 23:18:17.174 14572 14572 I Choreographer: Skipped 57 frames!  The application may be doing too much work on its main thread.
11-01 23:18:17.250 14745 14745 W dboxed_process4: type=1400 audit(0.0:3653): avc: denied { getattr } for path="/data/data/com.android.chrome" dev="dm-2" ino=12190 scontext=u:r:isolated_app:s0:c512,c768 tcontext=u:object_r:app_data_file:s0:c512,c768 tclass=dir permissive=0
11-01 23:18:17.270 14757 14757 W dboxed_process5: type=1400 audit(0.0:3654): avc: denied { getattr } for path="/data/data/com.android.chrome" dev="dm-2" ino=12190 scontext=u:r:isolated_app:s0:c512,c768 tcontext=u:object_r:app_data_file:s0:c512,c768 tclass=dir permissive=0
11-01 23:18:17.286 14716 14716 I cr_ChildProcessService: Creating new ChildProcessService pid=14716
11-01 23:18:17.304 14709 14709 I cr_ChildProcessService: Creating new ChildProcessService pid=14709
11-01 23:18:17.379 14727 14727 I cr_ChildProcessService: Creating new ChildProcessService pid=14727
11-01 23:18:17.393 14766 14766 W dboxed_process6: type=1400 audit(0.0:3655): avc: denied { getattr } for path="/data/data/com.android.chrome" dev="dm-2" ino=12190 scontext=u:r:isolated_app:s0:c512,c768 tcontext=u:object_r:app_data_file:s0:c512,c768 tclass=dir permissive=0
11-01 23:18:17.406 14786 14786 W dboxed_process7: type=1400 audit(0.0:3656): avc: denied { getattr } for path="/data/data/com.android.chrome" dev="dm-2" ino=12190 scontext=u:r:isolated_app:s0:c512,c768 tcontext=u:object_r:app_data_file:s0:c512,c768 tclass=dir permissive=0
11-01 23:18:17.489 14757 14757 I cr_ChildProcessService: Creating new ChildProcessService pid=14757
11-01 23:18:17.510 14572 14572 I cr_tabmodel: Appending tabs being restored to metadata lists, 0, startingNormalCount: 1, startingIncognitoCount: 0
11-01 23:18:17.511 14572 14572 I cr_tabmodel: Serializing tab lists; counts: 1, 0
11-01 23:18:17.517 14745 14745 I cr_ChildProcessService: Creating new ChildProcessService pid=14745
11-01 23:18:17.593 14801 14801 W dboxed_process8: type=1400 audit(0.0:3657): avc: denied { getattr } for path="/data/data/com.android.chrome" dev="dm-2" ino=12190 scontext=u:r:isolated_app:s0:c512,c768 tcontext=u:object_r:app_data_file:s0:c512,c768 tclass=dir permissive=0
11-01 23:18:17.640 14786 14786 I cr_ChildProcessService: Creating new ChildProcessService pid=14786
11-01 23:18:17.642 14572 14572 I TaskQueue:  - task [IMMEDIATE - d: true, b: 1]: 27
11-01 23:18:17.643 14572 14627 I FeedSessionManagerImpl: shouldSessionRequestDataResult: NO_REQUEST_WITH_WAIT, shouldMakeRequest(false), withTimeout(false), withAppend(false)
11-01 23:18:17.643 14572 14627 I TaskQueue:  - task [USER_FACING - d: true, b: 2]: 24
11-01 23:18:17.643 14572 14627 I TaskQueue:  - Finished 13, time 929 ms
11-01 23:18:17.644 14572 14627 I TaskQueue: Execute task [IMMEDIATE - d: true, b: 2]: 27
11-01 23:18:17.645 14572 14627 I FeedRequestManagerImpl: Consistency Token: # hU2@7bca4
11-01 23:18:17.665 14572 14627 I FeedRequestManagerImpl: Capability: FEED_UI
11-01 23:18:17.665 14572 14627 I FeedRequestManagerImpl: Capability: UNDOABLE_ACTIONS
11-01 23:18:17.665 14572 14627 I FeedRequestManagerImpl: Capability: MANAGE_INTERESTS
11-01 23:18:17.665 14572 14627 I FeedRequestManagerImpl: Capability: SEND_FEEDBACK
11-01 23:18:17.665 14572 14627 I FeedRequestManagerImpl: Capability: ARTICLE_SNIPPETS
11-01 23:18:17.665 14572 14627 I FeedRequestManagerImpl: Capability: CLICK_ACTION
11-01 23:18:17.665 14572 14627 I FeedRequestManagerImpl: Capability: VIEW_ACTION
11-01 23:18:17.665 14572 14627 I FeedRequestManagerImpl: Capability: REPORT_FEED_USER_ACTIONS_NOTICE_CARD
11-01 23:18:17.665 14572 14627 I FeedRequestManagerImpl: Capability: BASE_UI
11-01 23:18:17.667 14572 14627 I FeedRequestManagerImpl: Making Request: /httpservice/noretry/DiscoverClankService/FeedQuery
11-01 23:18:17.668 14572 14627 I MainThreadRunner: Running task [NetworkClientWrapper send] on the Main Thread
11-01 23:18:17.668 14572 14627 I TaskQueue:  - Finished 27, time 23 ms
11-01 23:18:17.669 14766 14766 I cr_ChildProcessService: Creating new ChildProcessService pid=14766
11-01 23:18:17.734 14716 14824 I cr_LibraryLoader: Loaded native library version number "85.0.4183.127"
11-01 23:18:17.735 14716 14824 I cr_CachingUmaRecorder: Flushed 1 samples from 1 histograms.
11-01 23:18:17.786 14572 14800 I PlayCore: UID: [10035]  PID: [14572] SplitInstallService : Initiate binding to the service.
11-01 23:18:17.787   600  1483 W ActivityManager: Unable to start service Intent { act=com.google.android.play.core.splitinstall.BIND_SPLIT_INSTALL_SERVICE pkg=com.android.vending } U=0: not found
11-01 23:18:17.789 14727 14826 I cr_LibraryLoader: Loaded native library version number "85.0.4183.127"
11-01 23:18:17.790 14727 14826 I cr_CachingUmaRecorder: Flushed 1 samples from 1 histograms.
11-01 23:18:17.852 14709 14825 I cr_LibraryLoader: Loaded native library version number "85.0.4183.127"
11-01 23:18:17.852 14709 14825 I cr_CachingUmaRecorder: Flushed 1 samples from 1 histograms.
11-01 23:18:17.876 14801 14801 I cr_ChildProcessService: Creating new ChildProcessService pid=14801
11-01 23:18:17.909 14757 14827 I cr_LibraryLoader: Loaded native library version number "85.0.4183.127"
11-01 23:18:17.909 14757 14827 I cr_CachingUmaRecorder: Flushed 1 samples from 1 histograms.
11-01 23:18:17.931   600  8928 I ActivityManager: Start proc 14837:com.android.chrome:sandboxed_process9/u0i150 for service com.android.chrome/org.chromium.content.app.SandboxedProcessService9
11-01 23:18:17.935 14572 14626 W cr_CrashFileManager: /data/user/0/com.android.chrome/cache/Crash Reports does not exist or is not a directory
11-01 23:18:17.935 14572 14626 W cr_CrashFileManager: /data/user/0/com.android.chrome/cache/Crash Reports does not exist or is not a directory
11-01 23:18:17.935 14572 14626 W cr_CrashFileManager: /data/user/0/com.android.chrome/cache/Crash Reports does not exist or is not a directory
11-01 23:18:17.968 14745 14829 I cr_LibraryLoader: Loaded native library version number "85.0.4183.127"
11-01 23:18:17.975 14572 14626 I cr_FileUtils: Writing to /data/user/0/com.android.chrome/app_dex/webapk7.dex
11-01 23:18:17.985 14572 14622 W InstanceID: Instance ID SDK is deprecated, com.android.chrome should update to use Firebase Instance ID
11-01 23:18:17.986 14745 14829 I cr_CachingUmaRecorder: Flushed 1 samples from 1 histograms.
11-01 23:18:18.006 14572 14605 I cr_BindingManager: Moderate binding enabled: maxSize=40
11-01 23:18:18.038 14786 14830 I cr_LibraryLoader: Loaded native library version number "85.0.4183.127"
11-01 23:18:18.038 14786 14830 I cr_CachingUmaRecorder: Flushed 1 samples from 1 histograms.
11-01 23:18:18.042 14766 14831 I cr_LibraryLoader: Loaded native library version number "85.0.4183.127"
11-01 23:18:18.059 14766 14831 I cr_CachingUmaRecorder: Flushed 1 samples from 1 histograms.
11-01 23:18:18.077 14572 14582 W art     : Suspending all threads took: 6.034ms
11-01 23:18:18.084 14727 14826 I chromium: [INFO:child_process_service.cc(69)] ChildProcessService: Exiting child process.
11-01 23:18:18.088   197   197 E lowmemorykiller: Error writing /proc/14727/oom_score_adj; errno=22
11-01 23:18:18.112   600  1666 I ActivityManager: Process com.android.chrome:sandboxed_process3 (pid 14727) has died
11-01 23:18:18.112   600  1666 D ActivityManager: cleanUpApplicationRecord -- 14727
11-01 23:18:18.114   600  1666 I ActivityManager: Killing 14757:com.android.chrome:sandboxed_process5/u0a35i146 (adj 0): isolated not needed
11-01 23:18:18.114   600  1666 I ActivityManager: Killing 14709:com.android.chrome:sandboxed_process1/u0a35i142 (adj 0): isolated not needed
11-01 23:18:18.114   600  1666 I ActivityManager: Killing 14716:com.android.chrome:sandboxed_process2/u0a35i143 (adj 0): isolated not needed
11-01 23:18:18.143 14572 14572 W chromium: [WARNING:compositor_view.cc(315)] Child process died (type=6) pid=14727)
11-01 23:18:18.149 14572 14605 I cr_BindingManager: onTrimMemory: level=15, size=0
11-01 23:18:18.262 14801 14833 I cr_LibraryLoader: Loaded native library version number "85.0.4183.127"
11-01 23:18:18.270 14572 14582 I art     : Background sticky concurrent mark sweep GC freed 74884(4MB) AllocSpace objects, 44(908KB) LOS objects, 32% free, 10MB/15MB, paused 26.641ms total 296.437ms
11-01 23:18:18.273 14801 14833 I cr_CachingUmaRecorder: Flushed 1 samples from 1 histograms.
11-01 23:18:18.342 14786 14830 I chromium: [INFO:child_process_service.cc(69)] ChildProcessService: Exiting child process.
11-01 23:18:18.344   197   197 E lowmemorykiller: Error writing /proc/14786/oom_score_adj; errno=22
11-01 23:18:18.369   600  8930 I ActivityManager: Killing 14786:com.android.chrome:sandboxed_process7/u0a35i148 (adj 0): isolated not needed
11-01 23:18:18.369   600  8930 I ActivityManager: Killing 14745:com.android.chrome:sandboxed_process4/u0a35i145 (adj 0): isolated not needed
11-01 23:18:18.375   600 28743 D ActivityManager: cleanUpApplicationRecord -- 14786
11-01 23:18:18.394 14572 14572 W chromium: [WARNING:compositor_view.cc(315)] Child process died (type=6) pid=14786)
11-01 23:18:18.394  9419  9924 I Icing   : IndexChimeraService.getServiceInterface callingPackage=com.android.chrome componentName=null serviceId=36
11-01 23:18:18.417 14801 14833 I chromium: [INFO:child_process_service.cc(69)] ChildProcessService: Exiting child process.
11-01 23:18:18.435 14861 14861 I dex2oat : /system/bin/dex2oat --dex-file=/data/user/0/com.android.chrome/app_dex/webapk7.dex --oat-fd=169 --oat-location=/data/user/0/com.android.chrome/app_dex/oat/arm/webapk7.dex --compiler-filter=speed
11-01 23:18:18.459 14766 14831 I chromium: [INFO:child_process_service.cc(69)] ChildProcessService: Exiting child process.
11-01 23:18:18.464   197   197 E lowmemorykiller: Error writing /proc/14766/oom_score_adj; errno=22
11-01 23:18:18.466 14837 14837 W dboxed_process9: type=1400 audit(0.0:3658): avc: denied { getattr } for path="/data/data/com.android.chrome" dev="dm-2" ino=12190 scontext=u:r:isolated_app:s0:c512,c768 tcontext=u:object_r:app_data_file:s0:c512,c768 tclass=dir permissive=0
11-01 23:18:18.479  9419  9919 I Icing   : IndexChimeraService.getServiceInterface callingPackage=com.android.chrome componentName=null serviceId=36
11-01 23:18:18.483   600  8931 I ActivityManager: Process com.android.chrome:sandboxed_process6 (pid 14766) has died
11-01 23:18:18.483   600  8931 D ActivityManager: cleanUpApplicationRecord -- 14766
11-01 23:18:18.483   600  8931 I ActivityManager: Killing 14801:com.android.chrome:sandboxed_process8/u0a35i149 (adj 0): isolated not needed
11-01 23:18:18.485 14572 14572 W chromium: [WARNING:compositor_view.cc(315)] Child process died (type=6) pid=14766)
11-01 23:18:18.577 14837 14837 I cr_ChildProcessService: Creating new ChildProcessService pid=14837
11-01 23:18:18.716   600   819 I ActivityManager: Start proc 14881:com.android.chrome:sandboxed_process10/u0i151 for service com.android.chrome/org.chromium.content.app.SandboxedProcessService10
11-01 23:18:18.727 14837 14880 I cr_LibraryLoader: Loaded native library version number "85.0.4183.127"
11-01 23:18:18.728 14837 14880 I cr_CachingUmaRecorder: Flushed 1 samples from 1 histograms.
11-01 23:18:18.752   600   610 I ActivityManager: Start proc 14886:com.android.chrome:sandboxed_process11/u0i152 for service com.android.chrome/org.chromium.content.app.SandboxedProcessService11
11-01 23:18:18.787   600  5522 I ActivityManager: Start proc 14899:com.android.chrome:sandboxed_process12/u0i153 for service com.android.chrome/org.chromium.content.app.SandboxedProcessService12
11-01 23:18:18.819   600  6822 I ActivityManager: Start proc 14917:com.android.chrome:sandboxed_process13/u0i154 for service com.android.chrome/org.chromium.content.app.SandboxedProcessService13
11-01 23:18:18.855   237 14921 I art     : Starting a blocking GC Background
11-01 23:18:18.855   237 14921 I art     : Starting a blocking GC Background
11-01 23:18:18.863 14837 14880 I chromium: [INFO:child_process_service.cc(69)] ChildProcessService: Exiting child process.
11-01 23:18:18.884 14572 14572 W chromium: [WARNING:compositor_view.cc(315)] Child process died (type=6) pid=14837)
11-01 23:18:18.909   237 14921 I art     : Starting a blocking GC HeapTrim
11-01 23:18:18.918   600  8931 I ActivityManager: Start proc 14937:com.android.chrome:sandboxed_process14/u0i155 for service com.android.chrome/org.chromium.content.app.SandboxedProcessService14
11-01 23:18:18.924   600  1068 I ActivityManager: Process com.android.chrome:sandboxed_process9 (pid 14837) has died
11-01 23:18:18.924   600  1068 D ActivityManager: cleanUpApplicationRecord -- 14837
11-01 23:18:18.924   600  1068 W ActivityManager: Scheduling restart of crashed service com.android.chrome/org.chromium.content.app.SandboxedProcessService9 in 1000ms
11-01 23:18:18.973   600 28743 I ActivityManager: Start proc 14943:com.android.chrome:sandboxed_process15/u0i156 for service com.android.chrome/org.chromium.content.app.SandboxedProcessService15
11-01 23:18:18.986 14881 14881 W boxed_process10: type=1400 audit(0.0:3659): avc: denied { getattr } for path="/data/data/com.android.chrome" dev="dm-2" ino=12190 scontext=u:r:isolated_app:s0:c512,c768 tcontext=u:object_r:app_data_file:s0:c512,c768 tclass=dir permissive=0
11-01 23:18:19.028   600  8928 I ActivityManager: Start proc 14958:com.android.chrome:sandboxed_process16/u0i157 for service com.android.chrome/org.chromium.content.app.SandboxedProcessService16
11-01 23:18:19.033 14899 14899 W boxed_process12: type=1400 audit(0.0:3660): avc: denied { getattr } for path="/data/data/com.android.chrome" dev="dm-2" ino=12190 scontext=u:r:isolated_app:s0:c512,c768 tcontext=u:object_r:app_data_file:s0:c512,c768 tclass=dir permissive=0
11-01 23:18:19.053 14886 14886 W boxed_process11: type=1400 audit(0.0:3661): avc: denied { getattr } for path="/data/data/com.android.chrome" dev="dm-2" ino=12190 scontext=u:r:isolated_app:s0:c512,c768 tcontext=u:object_r:app_data_file:s0:c512,c768 tclass=dir permissive=0
11-01 23:18:19.086   600   611 I ActivityManager: Start proc 14969:com.android.chrome:sandboxed_process17/u0i158 for service com.android.chrome/org.chromium.content.app.SandboxedProcessService17
11-01 23:18:19.116 14917 14917 W boxed_process13: type=1400 audit(0.0:3662): avc: denied { getattr } for path="/data/data/com.android.chrome" dev="dm-2" ino=12190 scontext=u:r:isolated_app:s0:c512,c768 tcontext=u:object_r:app_data_file:s0:c512,c768 tclass=dir permissive=0
11-01 23:18:19.139   600   610 I ActivityManager: Start proc 14984:com.android.chrome:sandboxed_process18/u0i159 for service com.android.chrome/org.chromium.content.app.SandboxedProcessService18
11-01 23:18:19.145 14881 14881 I cr_ChildProcessService: Creating new ChildProcessService pid=14881
11-01 23:18:19.190 14937 14937 W boxed_process14: type=1400 audit(0.0:3663): avc: denied { getattr } for path="/data/data/com.android.chrome" dev="dm-2" ino=12190 scontext=u:r:isolated_app:s0:c512,c768 tcontext=u:object_r:app_data_file:s0:c512,c768 tclass=dir permissive=0
11-01 23:18:19.192 14899 14899 I cr_ChildProcessService: Creating new ChildProcessService pid=14899
11-01 23:18:19.205 14886 14886 I cr_ChildProcessService: Creating new ChildProcessService pid=14886
11-01 23:18:19.209   600   713 I ActivityManager: Start proc 14997:com.android.chrome:sandboxed_process19/u0i160 for service com.android.chrome/org.chromium.content.app.SandboxedProcessService19
11-01 23:18:19.273 14943 14943 W boxed_process15: type=1400 audit(0.0:3664): avc: denied { getattr } for path="/data/data/com.android.chrome" dev="dm-2" ino=12190 scontext=u:r:isolated_app:s0:c512,c768 tcontext=u:object_r:app_data_file:s0:c512,c768 tclass=dir permissive=0
11-01 23:18:19.287 14917 14917 I cr_ChildProcessService: Creating new ChildProcessService pid=14917
11-01 23:18:19.353 14969 14969 W boxed_process17: type=1400 audit(0.0:3665): avc: denied { getattr } for path="/data/data/com.android.chrome" dev="dm-2" ino=12190 scontext=u:r:isolated_app:s0:c512,c768 tcontext=u:object_r:app_data_file:s0:c512,c768 tclass=dir permissive=0
11-01 23:18:19.373 14958 14958 W boxed_process16: type=1400 audit(0.0:3666): avc: denied { getattr } for path="/data/data/com.android.chrome" dev="dm-2" ino=12190 scontext=u:r:isolated_app:s0:c512,c768 tcontext=u:object_r:app_data_file:s0:c512,c768 tclass=dir permissive=0
11-01 23:18:19.395 14704 14704 D AndroidRuntime: >>>>>> START com.android.internal.os.RuntimeInit uid 2000 <<<<<<
11-01 23:18:19.407 14943 14943 I cr_ChildProcessService: Creating new ChildProcessService pid=14943
11-01 23:18:19.435 14704 14704 D AndroidRuntime: CheckJNI is OFF
11-01 23:18:19.446 14937 14937 I cr_ChildProcessService: Creating new ChildProcessService pid=14937
11-01 23:18:19.452 14881 14989 I cr_LibraryLoader: Loaded native library version number "85.0.4183.127"
11-01 23:18:19.453 14881 14989 I cr_CachingUmaRecorder: Flushed 1 samples from 1 histograms.
11-01 23:18:19.456 14984 14984 W boxed_process18: type=1400 audit(0.0:3667): avc: denied { getattr } for path="/data/data/com.android.chrome" dev="dm-2" ino=12190 scontext=u:r:isolated_app:s0:c512,c768 tcontext=u:object_r:app_data_file:s0:c512,c768 tclass=dir permissive=0
11-01 23:18:19.520 14997 14997 W boxed_process19: type=1400 audit(0.0:3668): avc: denied { getattr } for path="/data/data/com.android.chrome" dev="dm-2" ino=12190 scontext=u:r:isolated_app:s0:c512,c768 tcontext=u:object_r:app_data_file:s0:c512,c768 tclass=dir permissive=0
11-01 23:18:19.560 14917 15018 I cr_LibraryLoader: Loaded native library version number "85.0.4183.127"
11-01 23:18:19.561 14917 15018 I cr_CachingUmaRecorder: Flushed 1 samples from 1 histograms.
11-01 23:18:19.572 14899 15008 I cr_LibraryLoader: Loaded native library version number "85.0.4183.127"
11-01 23:18:19.576 14886 15012 I cr_LibraryLoader: Loaded native library version number "85.0.4183.127"
11-01 23:18:19.577 14886 15012 I cr_CachingUmaRecorder: Flushed 1 samples from 1 histograms.
11-01 23:18:19.582 14861 14910 W dex2oat : Compilation of java.lang.String androidx.core.graphics.drawable.IconCompat.toString() took 121.209ms
11-01 23:18:19.582 14969 14969 I cr_ChildProcessService: Creating new ChildProcessService pid=14969
11-01 23:18:19.597 14958 14958 I cr_ChildProcessService: Creating new ChildProcessService pid=14958
11-01 23:18:19.614 14899 15008 I cr_CachingUmaRecorder: Flushed 1 samples from 1 histograms.
11-01 23:18:19.635 14861 14861 I dex2oat : dex2oat took 1.200s (threads: 2) arena alloc=771KB (790272B) java alloc=100KB (103320B) native alloc=559KB (573328B) free=1488KB (1523824B)
11-01 23:18:19.673 14572 14572 I FeedRequestManagerImpl: Request: /httpservice/noretry/DiscoverClankService/FeedQuery completed with response code: 200
11-01 23:18:19.673 14572 14572 I TaskQueue:  - task [IMMEDIATE - d: true, b: 2]: 15
11-01 23:18:19.673 14572 14572 I TaskQueue:  - queueTask starting immediate task
11-01 23:18:19.673 14572 14625 I TaskQueue: Execute task [IMMEDIATE - d: true, b: 2]: 15
11-01 23:18:19.675 14984 14984 I cr_ChildProcessService: Creating new ChildProcessService pid=14984
11-01 23:18:19.793 14997 14997 I cr_ChildProcessService: Creating new ChildProcessService pid=14997
11-01 23:18:19.808 14937 15021 I cr_LibraryLoader: Loaded native library version number "85.0.4183.127"
11-01 23:18:19.808 14937 15021 I cr_CachingUmaRecorder: Flushed 1 samples from 1 histograms.
11-01 23:18:19.827 14886 15012 I chromium: [INFO:child_process_service.cc(69)] ChildProcessService: Exiting child process.
11-01 23:18:19.857 14943 15020 I cr_LibraryLoader: Loaded native library version number "85.0.4183.127"
11-01 23:18:19.857 14943 15020 I cr_CachingUmaRecorder: Flushed 1 samples from 1 histograms.
11-01 23:18:19.877   600   713 I ActivityManager: Process com.android.chrome:sandboxed_process11 (pid 14886) has died
11-01 23:18:19.877   600   713 D ActivityManager: cleanUpApplicationRecord -- 14886
11-01 23:18:19.883   600   713 I ActivityManager: Killing 14899:com.android.chrome:sandboxed_process12/u0a35i153 (adj 0): isolated not needed
11-01 23:18:19.883   600   713 I ActivityManager: Killing 14917:com.android.chrome:sandboxed_process13/u0a35i154 (adj 0): isolated not needed
11-01 23:18:19.883   600   713 I ActivityManager: Killing 14881:com.android.chrome:sandboxed_process10/u0a35i151 (adj 0): isolated not needed
11-01 23:18:19.893 14572 14572 W chromium: [WARNING:compositor_view.cc(315)] Child process died (type=6) pid=14886)
11-01 23:18:19.924 14958 15026 I cr_LibraryLoader: Loaded native library version number "85.0.4183.127"
11-01 23:18:19.925 14958 15026 I cr_CachingUmaRecorder: Flushed 1 samples from 1 histograms.
11-01 23:18:19.930 14969 15025 I cr_LibraryLoader: Loaded native library version number "85.0.4183.127"
11-01 23:18:19.930 14969 15025 I cr_CachingUmaRecorder: Flushed 1 samples from 1 histograms.
11-01 23:18:19.957 14572 14625 I MainThreadRunner: Running task [FeedRequestManagerImpl consumer] on the Main Thread
11-01 23:18:19.967 14572 14572 I FeedProtocolAdapter: createModel, operations 33
11-01 23:18:19.973 14572 14572 I TimingUtils: Task Timing   4ms, thread ui | task : convertWireProtocol | mutations : 33
11-01 23:18:19.974 14572 14572 I TaskQueue:  - task [HEAD_RESET - d: true, b: 2]: 5
11-01 23:18:19.978 14572 14625 I TaskQueue:  - Finished 15, time 305 ms
11-01 23:18:19.978 14572 14625 I TaskQueue: Execute task [HEAD_RESET - d: true, b: 2]: 5
11-01 23:18:19.992 14984 15037 I cr_LibraryLoader: Loaded native library version number "85.0.4183.127"
11-01 23:18:19.993 14984 15037 I cr_CachingUmaRecorder: Flushed 1 samples from 1 histograms.
11-01 23:18:19.997   600   609 I art     : Background partial concurrent mark sweep GC freed 43204(2MB) AllocSpace objects, 29(756KB) LOS objects, 33% free, 15MB/23MB, paused 4.397ms total 588.034ms
11-01 23:18:20.010 14572 14625 I TaskQueue:  - task [BACKGROUND - d: true, b: 2]: 23
11-01 23:18:20.011 14572 14625 W SessionCache: Persisted Sessions were not found
11-01 23:18:20.019 14572 14625 I PersistentFeedStore: commitSessionMutation - Success true, Update Session $HEAD, stream structures 32
11-01 23:18:20.023 14572 14625 I MainThreadRunner: Running task [SchedulerApiWrapper onReceiveNewContent] on the Main Thread
11-01 23:18:20.033 14572 14625 I MainThreadRunner: Running task [FeedKnownContentImpl onNewContentReceived] on the Main Thread
11-01 23:18:20.042 14572 14625 I SessionManagerMutation: Cleared Head, new creation time 11-01 23:18:20.011
11-01 23:18:20.042 14572 14625 I TimingUtils: Task Timing  63ms, thread background-1 | task : sessionMutation.commitTask:updateConsumer | mutations : 33 | userInitiated : false
11-01 23:18:20.042 14572 14625 I TaskQueue: Cancelling starvation checks
11-01 23:18:20.042 14572 14625 I TaskQueue:  - Finished 5, time 64 ms
11-01 23:18:20.042 14572 14625 I TaskQueue: Execute task [USER_FACING - d: false, b: 2]: 24
11-01 23:18:20.049 14572 14625 I TimeoutSessionImpl: TimeoutSession.populateModelProvider, shouldAppend false
11-01 23:18:20.049 14572 14625 I SessionImpl: PopulateModelProvider 32 items
11-01 23:18:20.050 14572 14625 I FeedModelProvider: FeedModelProvider - committer, structure changes 31, update changes 0
11-01 23:18:20.056 14572 14625 I FeedModelProvider: SyntheticTokenTracker: 0, 11, 11, false
11-01 23:18:20.056 14572 14625 I FeedSessionManagerImpl: Caching getStreamFeatures - items 31, cache misses 0, cache size 31
11-01 23:18:20.057 14572 14625 I FeedModelProvider: Moving _session:c4de011f-9f58-486b-84ed-d3618e75540b to READY
11-01 23:18:20.057 14572 14625 I MainThreadRunner: Running task [FeedModelProvider onSessionStart] on the Main Thread
11-01 23:18:20.058 14572 14572 I FeedModelProvider: No children found for Cursor
11-01 23:18:20.065 14572 14582 I art     : Background partial concurrent mark sweep GC freed 58670(3MB) AllocSpace objects, 55(1244KB) LOS objects, 39% free, 10MB/18MB, paused 1.108ms total 211.397ms
11-01 23:18:20.065 14572 14625 I FeedModelProvider: ModelProvider Mutation committed - structure changes 31, childrenToBind 31, removedChildren false, Token false
11-01 23:18:20.074 14572 14625 I FeedSessionManagerImpl: Populate new session: _session:c4de011f-9f58-486b-84ed-d3618e75540b, creation time 11-01 23:18:20.049
11-01 23:18:20.074 14572 14625 I TimingUtils: Task Timing  31ms, thread background-2 | task : Create/Populate New Session
11-01 23:18:20.074 14572 14625 I TaskQueue:  - Finished 24, time 31 ms
11-01 23:18:20.074 14572 14625 I TaskQueue: Execute task [BACKGROUND - d: false, b: 1]: 11
11-01 23:18:20.074 14572 14625 I ContentGc: Re-enqueuing triggerContentGc; attempts(0)
11-01 23:18:20.074 14572 14625 I TaskQueue:  - task [BACKGROUND - d: false, b: 1]: 11
11-01 23:18:20.074 14572 14625 I TaskQueue:  - Finished 11, time 0 ms
11-01 23:18:20.079 14572 14625 I TaskQueue: Execute task [BACKGROUND - d: false, b: 1]: 23
11-01 23:18:20.087 14958 15026 I chromium: [INFO:child_process_service.cc(69)] ChildProcessService: Exiting child process.
11-01 23:18:20.091   197   197 E lowmemorykiller: Error writing /proc/14958/oom_score_adj; errno=22
11-01 23:18:20.120   600  1068 I ActivityManager: Process com.android.chrome:sandboxed_process16 (pid 14958) has died
11-01 23:18:20.120   600  1068 D ActivityManager: cleanUpApplicationRecord -- 14958
11-01 23:18:20.120   600  1068 I ActivityManager: Killing 14969:com.android.chrome:sandboxed_process17/u0a35i158 (adj 0): isolated not needed
11-01 23:18:20.120   600  1068 I ActivityManager: Killing 14943:com.android.chrome:sandboxed_process15/u0a35i156 (adj 0): isolated not needed
11-01 23:18:20.121   600  1068 I ActivityManager: Killing 14937:com.android.chrome:sandboxed_process14/u0a35i155 (adj 0): isolated not needed
11-01 23:18:20.133 14997 15038 I cr_LibraryLoader: Loaded native library version number "85.0.4183.127"
11-01 23:18:20.134 14997 15038 I cr_CachingUmaRecorder: Flushed 1 samples from 1 histograms.
