11-02 11:47:26.124   601 15862 I ActivityManager: Killing 16348:com.android.chrome:sandboxed_process9/u0a35i526 (adj 0): isolated not needed
11-02 11:47:26.133   601  3864 D ActivityManager: cleanUpApplicationRecord -- 16296
11-02 11:47:26.138   601  1452 D ActivityManager: cleanUpApplicationRecord -- 16272
11-02 11:47:26.139   601  9663 D ActivityManager: cleanUpApplicationRecord -- 16436
11-02 11:47:26.148   601 12301 D ActivityManager: cleanUpApplicationRecord -- 16423
11-02 11:47:26.150   601 12691 D ActivityManager: cleanUpApplicationRecord -- 16378
11-02 11:47:26.155   601  2013 D ActivityManager: cleanUpApplicationRecord -- 16390
11-02 11:47:26.160   601  9663 D ActivityManager: cleanUpApplicationRecord -- 16455
11-02 11:47:26.164 16058 16058 W chromium: [WARNING:compositor_view.cc(315)] Child process died (type=6) pid=16378)
11-02 11:47:26.169   601  4262 D ActivityManager: cleanUpApplicationRecord -- 16441
11-02 11:47:26.180 16058 16058 W chromium: [WARNING:compositor_view.cc(315)] Child process died (type=6) pid=16436)
11-02 11:47:26.181 16058 16058 W chromium: [WARNING:compositor_view.cc(315)] Child process died (type=6) pid=16272)
11-02 11:47:26.181 16058 16058 W chromium: [WARNING:compositor_view.cc(315)] Child process died (type=6) pid=16296)
11-02 11:47:26.181 16058 16058 W chromium: [WARNING:compositor_view.cc(315)] Child process died (type=6) pid=16455)
11-02 11:47:26.181 16058 16058 W chromium: [WARNING:compositor_view.cc(315)] Child process died (type=6) pid=16221)
11-02 11:47:26.182 16058 16058 W chromium: [WARNING:compositor_view.cc(315)] Child process died (type=6) pid=16390)
11-02 11:47:26.182 16058 16058 W chromium: [WARNING:compositor_view.cc(315)] Child process died (type=6) pid=16441)
11-02 11:47:26.182 16058 16058 W chromium: [WARNING:compositor_view.cc(315)] Child process died (type=6) pid=16423)
11-02 11:47:26.185 23975 27032 W Icing   : No valid account for uploading user actions
11-02 11:47:26.187   601   819 D ActivityManager: cleanUpApplicationRecord -- 16371
11-02 11:47:26.191 16058 16058 W chromium: [WARNING:compositor_view.cc(315)] Child process died (type=6) pid=16371)
11-02 11:47:26.203 16058 16114 I TaskQueue:  - task [BACKGROUND - d: true, b: 2]: 23
11-02 11:47:26.204 16058 16114 W SessionCache: Persisted Sessions were not found
11-02 11:47:26.214 16058 16114 I PersistentFeedStore: commitSessionMutation - Success true, Update Session $HEAD, stream structures 32
11-02 11:47:26.231 23975 24436 I Icing   : IndexChimeraService.getServiceInterface callingPackage=com.google.android.gms componentName=null serviceId=30
11-02 11:47:26.237 16058 16114 I MainThreadRunner: Running task [SchedulerApiWrapper onReceiveNewContent] on the Main Thread
11-02 11:47:26.237 16058 16114 I MainThreadRunner: Running task [FeedKnownContentImpl onNewContentReceived] on the Main Thread
11-02 11:47:26.239 16058 16114 I SessionManagerMutation: Cleared Head, new creation time 11-02 11:47:26.204
11-02 11:47:26.239 16318 16318 I dex2oat : dex2oat took 1.770s (threads: 2) arena alloc=771KB (790272B) java alloc=108KB (111120B) native alloc=559KB (573424B) free=1488KB (1523728B)
11-02 11:47:26.239 16058 16114 I TimingUtils: Task Timing 275ms, thread JardinExecutor | task : sessionMutation.commitTask:updateConsumer | mutations : 33 | userInitiated : false
11-02 11:47:26.240 16058 16114 I TaskQueue: Cancelling starvation checks
11-02 11:47:26.240 16058 16114 I TaskQueue:  - Finished 5, time 276 ms
11-02 11:47:26.240 16058 16114 I TaskQueue: Execute task [USER_FACING - d: false, b: 2]: 24
11-02 11:47:26.248 16058 16114 I TimeoutSessionImpl: TimeoutSession.populateModelProvider, shouldAppend false
11-02 11:47:26.248 16058 16114 I SessionImpl: PopulateModelProvider 32 items
11-02 11:47:26.249 16058 16114 I FeedModelProvider: FeedModelProvider - committer, structure changes 31, update changes 0
11-02 11:47:26.249 16058 16114 I FeedModelProvider: SyntheticTokenTracker: 0, 11, 11, false
11-02 11:47:26.250 16058 16114 I FeedSessionManagerImpl: Caching getStreamFeatures - items 31, cache misses 0, cache size 31
11-02 11:47:26.250 16058 16114 I FeedModelProvider: Moving _session:3b601322-fb94-4845-8cf8-bd9eb7ee9691 to READY
11-02 11:47:26.250 16058 16114 I MainThreadRunner: Running task [FeedModelProvider onSessionStart] on the Main Thread
11-02 11:47:26.250 16058 16114 I FeedModelProvider: ModelProvider Mutation committed - structure changes 31, childrenToBind 31, removedChildren false, Token false
11-02 11:47:26.255   601  4276 D ActivityManager: cleanUpApplicationRecord -- 16467
11-02 11:47:26.255 16058 16114 I FeedSessionManagerImpl: Populate new session: _session:3b601322-fb94-4845-8cf8-bd9eb7ee9691, creation time 11-02 11:47:26.248
11-02 11:47:26.255 16058 16114 I TimingUtils: Task Timing  11ms, thread JardinExecutor | task : Create/Populate New Session
11-02 11:47:26.256 16058 16114 I TaskQueue:  - Finished 24, time 15 ms
11-02 11:47:26.256 16058 16114 I TaskQueue: Execute task [BACKGROUND - d: false, b: 1]: 11
11-02 11:47:26.256 16058 16114 I ContentGc: Re-enqueuing triggerContentGc; attempts(0)
11-02 11:47:26.256 16058 16114 I TaskQueue:  - task [BACKGROUND - d: false, b: 1]: 11
11-02 11:47:26.257 16058 16114 I TaskQueue:  - Finished 11, time 1 ms
11-02 11:47:26.258 16058 16114 I TaskQueue: Execute task [BACKGROUND - d: false, b: 1]: 23
11-02 11:47:26.280   601  2013 D ActivityManager: cleanUpApplicationRecord -- 16348
11-02 11:47:26.293   601 10729 D ActivityManager: cleanUpApplicationRecord -- 16207
11-02 11:47:26.300   601   819 D ActivityManager: cleanUpApplicationRecord -- 16241
11-02 11:47:26.312 16058 16058 W chromium: [WARNING:compositor_view.cc(315)] Child process died (type=6) pid=16467)
11-02 11:47:26.312 16058 16058 W chromium: [WARNING:compositor_view.cc(315)] Child process died (type=6) pid=16348)
11-02 11:47:26.312 16058 16058 W chromium: [WARNING:compositor_view.cc(315)] Child process died (type=6) pid=16207)
11-02 11:47:26.312 16058 16058 W chromium: [WARNING:compositor_view.cc(315)] Child process died (type=6) pid=16241)
11-02 11:47:26.315 16058 16058 I FeedModelProvider: No children found for Cursor
11-02 11:47:26.321   601  1452 D ActivityManager: cleanUpApplicationRecord -- 16403
11-02 11:47:26.337   601  4262 D ActivityManager: cleanUpApplicationRecord -- 16266
11-02 11:47:26.381 16193 16193 D ICU     : No timezone override file found: /data/misc/zoneinfo/current/icu/icu_tzdata.dat
11-02 11:47:26.450 16193 16193 I Radio-JNI: register_android_hardware_Radio DONE
11-02 11:47:26.478 16193 16193 D AndroidRuntime: Calling main entry com.android.commands.am.Am
11-02 11:47:26.501   601  9643 I ActivityManager: START u0 {act=android.intent.action.VIEW dat=http://192.168.40.1/... flg=0x10000000 cmp=com.android.chrome/com.google.android.apps.chrome.Main} from uid 2000 on display 0
11-02 11:47:26.506 16193 16193 D AndroidRuntime: Shutting down VM
11-02 11:47:26.530 16058 16058 W FrameAdapter: [] Slow Bind () time: 165663 ps
11-02 11:47:26.545 16058 16114 I TimingUtils: Task Timing 286ms, thread JardinExecutor | task : commitContentMutation | mutations : 32
11-02 11:47:26.545 16058 16114 I TimingUtils: Task Timing   0ms, thread JardinExecutor | task : commitSemanticPropertiesMutation | mutations : 0
11-02 11:47:26.545 16058 16114 I TaskQueue:  - Finished 23, time 287 ms
11-02 11:47:26.545 16058 16114 I TaskQueue: Execute task [BACKGROUND - d: false, b: 0]: 11
11-02 11:47:26.547 16058 16114 I SessionCache: Determining accessible content
11-02 11:47:26.550 16058 16114 I TimingUtils: Task Timing   4ms, thread JardinExecutor | task : ContentGc | contentItemsRemoved : 0
11-02 11:47:26.550 16058 16114 I TaskQueue:  - Finished 11, time 5 ms
11-02 11:47:26.566 16058 16058 I MainThreadRunner: Running task [ContentDriver2] on the Main Thread with a delay of 500 milliseconds
11-02 11:47:26.580 16058 16058 W chromium: [WARNING:compositor_view.cc(315)] Child process died (type=6) pid=16403)
11-02 11:47:26.580 16058 16058 W chromium: [WARNING:compositor_view.cc(315)] Child process died (type=6) pid=16266)
11-02 11:47:26.644 16058 16058 E cr_IntentUtils: getInt failed on bundle null
11-02 11:47:26.668   601 15862 I ActivityManager: Start proc 16552:com.android.chrome:sandboxed_process19/u0i536 for service com.android.chrome/org.chromium.content.app.SandboxedProcessService19
11-02 11:47:26.688 16058 16058 I cr_tabmodel: Appending tabs being restored to metadata lists, 0, startingNormalCount: 2, startingIncognitoCount: 0
11-02 11:47:26.688 16058 16058 I cr_tabmodel: Serializing tab lists; counts: 2, 0
11-02 11:47:26.781 16552 16552 W boxed_process19: type=1400 audit(0.0:2500): avc: denied { getattr } for path="/data/data/com.android.chrome" dev="dm-2" ino=12190 scontext=u:r:isolated_app:s0:c512,c768 tcontext=u:object_r:app_data_file:s0:c512,c768 tclass=dir permissive=0
11-02 11:47:26.891 16552 16552 I cr_ChildProcessService: Creating new ChildProcessService pid=16552
11-02 11:47:26.954 16552 16567 I cr_LibraryLoader: Loaded native library version number "85.0.4183.127"
11-02 11:47:26.954 16552 16567 I cr_CachingUmaRecorder: Flushed 1 samples from 1 histograms.
11-02 11:47:26.958   601 12301 I ActivityManager: Start proc 16568:com.android.chrome:sandboxed_process20/u0i537 for service com.android.chrome/org.chromium.content.app.SandboxedProcessService20
11-02 11:47:27.061 16568 16568 W boxed_process20: type=1400 audit(0.0:2501): avc: denied { getattr } for path="/data/data/com.android.chrome" dev="dm-2" ino=12190 scontext=u:r:isolated_app:s0:c512,c768 tcontext=u:object_r:app_data_file:s0:c512,c768 tclass=dir permissive=0
11-02 11:47:27.069   601 17045 I ActivityManager: Start proc 16586:com.android.chrome:sandboxed_process21/u0i538 for service com.android.chrome/org.chromium.content.app.SandboxedProcessService21
11-02 11:47:27.085   601   612 I ActivityManager: Start proc 16592:com.android.chrome:sandboxed_process22/u0i539 for service com.android.chrome/org.chromium.content.app.SandboxedProcessService22
11-02 11:47:27.113   601 12301 I ActivityManager: Start proc 16602:com.android.chrome:sandboxed_process23/u0i540 for service com.android.chrome/org.chromium.content.app.SandboxedProcessService23
11-02 11:47:27.159 16568 16568 I cr_ChildProcessService: Creating new ChildProcessService pid=16568
11-02 11:47:27.217 16592 16592 W boxed_process22: type=1400 audit(0.0:2502): avc: denied { getattr } for path="/data/data/com.android.chrome" dev="dm-2" ino=12190 scontext=u:r:isolated_app:s0:c512,c768 tcontext=u:object_r:app_data_file:s0:c512,c768 tclass=dir permissive=0
11-02 11:47:27.231 16586 16586 W boxed_process21: type=1400 audit(0.0:2503): avc: denied { getattr } for path="/data/data/com.android.chrome" dev="dm-2" ino=12190 scontext=u:r:isolated_app:s0:c512,c768 tcontext=u:object_r:app_data_file:s0:c512,c768 tclass=dir permissive=0
11-02 11:47:27.277 16602 16602 W boxed_process23: type=1400 audit(0.0:2504): avc: denied { getattr } for path="/data/data/com.android.chrome" dev="dm-2" ino=12190 scontext=u:r:isolated_app:s0:c512,c768 tcontext=u:object_r:app_data_file:s0:c512,c768 tclass=dir permissive=0
11-02 11:47:27.322 16586 16586 I cr_ChildProcessService: Creating new ChildProcessService pid=16586
11-02 11:47:27.356 16592 16592 I cr_ChildProcessService: Creating new ChildProcessService pid=16592
11-02 11:47:27.393 16602 16602 I cr_ChildProcessService: Creating new ChildProcessService pid=16602
11-02 11:47:27.488 16592 16633 I cr_LibraryLoader: Loaded native library version number "85.0.4183.127"
11-02 11:47:27.489 16592 16633 I cr_CachingUmaRecorder: Flushed 1 samples from 1 histograms.
11-02 11:47:27.550 16602 16634 I cr_LibraryLoader: Loaded native library version number "85.0.4183.127"
11-02 11:47:27.551 16602 16634 I cr_CachingUmaRecorder: Flushed 1 samples from 1 histograms.
11-02 11:47:27.554 16586 16631 I cr_LibraryLoader: Loaded native library version number "85.0.4183.127"
11-02 11:47:27.557 16586 16631 I cr_CachingUmaRecorder: Flushed 1 samples from 1 histograms.
11-02 11:47:27.697 16592 16592 I cr_ChildProcessService: Destroying ChildProcessService pid=16592
11-02 11:47:27.718 16602 16602 I cr_ChildProcessService: Destroying ChildProcessService pid=16602
11-02 11:47:27.720 16586 16631 I chromium: [INFO:child_process_service.cc(69)] ChildProcessService: Exiting child process.
11-02 11:47:27.740   601   601 I ActivityManager: Killing 16586:com.android.chrome:sandboxed_process21/u0a35i538 (adj 0): isolated not needed
11-02 11:47:27.740   601   601 I ActivityManager: Killing 16602:com.android.chrome:sandboxed_process23/u0a35i540 (adj 0): isolated not needed
11-02 11:47:27.740   601   601 I ActivityManager: Killing 16592:com.android.chrome:sandboxed_process22/u0a35i539 (adj 0): isolated not needed
11-02 11:47:27.797 16568 16628 I cr_LibraryLoader: Loaded native library version number "85.0.4183.127"
11-02 11:47:27.797 16568 16628 I cr_CachingUmaRecorder: Flushed 1 samples from 1 histograms.
11-02 11:47:27.825 16568 16628 I chromium: [INFO:child_process_service.cc(69)] ChildProcessService: Exiting child process.
11-02 11:47:27.833   601  4276 D ActivityManager: cleanUpApplicationRecord -- 16586
11-02 11:47:27.833   601  4276 I ActivityManager: Killing 16568:com.android.chrome:sandboxed_process20/u0a35i537 (adj 0): isolated not needed
11-02 11:47:27.843   601 12301 D ActivityManager: cleanUpApplicationRecord -- 16568
11-02 11:47:27.943   601  3564 D ActivityManager: cleanUpApplicationRecord -- 16592
11-02 11:47:27.991   601  9611 D ActivityManager: cleanUpApplicationRecord -- 16602
11-02 11:47:28.088 23975 27032 I Icing   : Usage reports ok 3, Failed Usage reports 0, indexed 1, rejected 0
11-02 11:47:28.093 16058 16058 W chromium: [WARNING:compositor_view.cc(315)] Child process died (type=6) pid=16586)
11-02 11:47:28.093 16058 16058 W chromium: [WARNING:compositor_view.cc(315)] Child process died (type=6) pid=16568)
11-02 11:47:28.093 16058 16058 W chromium: [WARNING:compositor_view.cc(315)] Child process died (type=6) pid=16592)
11-02 11:47:28.093 16058 16058 W chromium: [WARNING:compositor_view.cc(315)] Child process died (type=6) pid=16602)
11-02 11:47:28.254 23975 27032 W Icing   : No valid account for uploading user actions
11-02 11:47:28.281 16058 16110 I cr_omaha: Request to Server Successful. Timestamp for next request:1667389648280
11-02 11:47:28.320 23975 27032 I Icing   : Usage reports ok 0, Failed Usage reports 0, indexed 0, rejected 0
11-02 11:47:28.321 23975 27032 I Icing   : Removing corpus key com.android.chrome-omnibox for package com.android.chrome
11-02 11:47:28.324 16058 16110 I cr_omaha: Request to Server Successful. Timestamp for next request:1667389648324
11-02 11:47:28.325 16058 16110 I cr_omaha: Attempting to schedule next job for: Wed Nov 02 16:47:27 GMT+01:00 2022
11-02 11:47:28.327 16058 16058 I cr_omaha: Scheduled using JobService
11-02 11:47:28.329 16058 16058 E cr_BkgrdTaskJS: Tried finishing non-current BackgroundTask.
11-02 11:47:28.360 23975 27032 I native  : flash-index.cc:1519 Flash index sort hb 2 prefix-hits 2 -> 2 at 8.273ms
11-02 11:47:28.922 23975 27032 I native  : document-store.cc:1654 Scored 3257 usage reports, missing_corpora 0 update_failed 1783
11-02 11:47:29.013   785   804 W Icing   : isOptedInForAppHistory: empty Account Name encountered
11-02 11:47:29.024   785   804 W Icing   : isOptedInForAppHistory: empty Account Name encountered
11-02 11:47:29.044   785 14894 W Icing   : isOptedInForAppHistory: empty Account Name encountered
11-02 11:47:29.089 23975 27032 W Icing   : No valid account for uploading user actions
11-02 11:47:29.157 23975 27032 I Icing   : Usage reports ok 1, Failed Usage reports 0, indexed 1, rejected 0
11-02 11:47:29.158 23975 27032 I Icing   : Indexing com.android.chrome-omnibox from com.android.chrome
11-02 11:47:29.256 23975 27032 I Icing   : Indexing done com.android.chrome-omnibox
11-02 11:47:29.562 16058 16058 E cr_BTSPrefs: No data found for task id: 53
11-02 11:47:29.562 16058 16058 E cr_BkgrdTaskScheduler: Task cannot be canceled because no data was found instorage or data was invalid
11-02 11:47:30.249   785  1694 W Icing   : isOptedInForAppHistory: empty Account Name encountered
11-02 11:47:30.267   785 14894 W Icing   : isOptedInForAppHistory: empty Account Name encountered
11-02 11:47:30.751 16058 16110 W InstanceID: Instance ID SDK is deprecated, com.android.chrome should update to use Firebase Instance ID
11-02 11:47:31.537 16058 16058 I cr_tabmodel: Appending tabs being restored to metadata lists, 0, startingNormalCount: 2, startingIncognitoCount: 0
11-02 11:47:31.537 16058 16058 I cr_tabmodel: Serializing tab lists; counts: 2, 0
11-02 11:47:31.635 16058 16058 I cr_tabmodel: Appending tabs being restored to metadata lists, 0, startingNormalCount: 2, startingIncognitoCount: 0
11-02 11:47:31.635 16058 16058 I cr_tabmodel: Serializing tab lists; counts: 2, 0
11-02 11:47:32.255   785   798 W Icing   : isOptedInForAppHistory: empty Account Name encountered
11-02 11:47:32.266   785   798 W Icing   : isOptedInForAppHistory: empty Account Name encountered
11-02 11:47:32.306   785 15368 W Icing   : isOptedInForAppHistory: empty Account Name encountered
11-02 11:47:32.342 23975 27032 I Icing   : Indexing com.android.chrome-internal.3p:WebPage from com.android.chrome
11-02 11:47:32.344 23975 27032 E SQLiteLog: (1) no such table: WebPage_com.android.chrome_seq_table
11-02 11:47:32.345 23975 27032 E Icing   : Cursor call threw an exception: no such table: WebPage_com.android.chrome_seq_table (code 1): , while compiling: SELECT * FROM [WebPage_com.android.chrome_seq_table] WHERE seqno>0 AND tag IS NULL ORDER BY seqno LIMIT 20
11-02 11:47:32.345 23975 27032 I Icing   : Indexing done com.android.chrome-internal.3p:WebPage
11-02 11:47:32.345 23975 27032 E Icing   : Aborting indexing of corpus internal.3p:WebPage
11-02 11:47:32.364 23975 27032 I Icing   : Indexing com.android.chrome-internal.3p:WebPage from com.android.chrome using seqno 0
11-02 11:47:33.721 16058 16058 E cr_BTSPrefs: No data found for task id: 57
11-02 11:47:33.721 16058 16058 E cr_BkgrdTaskScheduler: Task cannot be canceled because no data was found instorage or data was invalid
11-02 11:47:33.721 16058 16058 E cr_BTSPrefs: No data found for task id: 56
11-02 11:47:33.721 16058 16058 E cr_BkgrdTaskScheduler: Task cannot be canceled because no data was found instorage or data was invalid
11-02 11:47:35.268 16058 16058 I cr_tabmodel: Appending tabs being restored to metadata lists, 0, startingNormalCount: 2, startingIncognitoCount: 0
11-02 11:47:35.268 16058 16058 I cr_tabmodel: Serializing tab lists; counts: 2, 0
11-02 11:47:39.928 16679 16679 D AndroidRuntime: >>>>>> START com.android.internal.os.RuntimeInit uid 2000 <<<<<<
11-02 11:47:39.932 16679 16679 D AndroidRuntime: CheckJNI is OFF
11-02 11:47:40.018 16679 16679 D ICU     : No timezone override file found: /data/misc/zoneinfo/current/icu/icu_tzdata.dat
11-02 11:47:40.059 16679 16679 I Radio-JNI: register_android_hardware_Radio DONE
11-02 11:47:40.081 16679 16679 D AndroidRuntime: Calling main entry com.android.commands.monkey.Monkey
11-02 11:47:40.172   601   614 W BroadcastQueue: Skipping deliver [background] BroadcastRecord{2d070b4 u-1 android.net.conn.CONNECTIVITY_CHANGE} to ReceiverList{44f04dd 16679 (unknown name)/2000/u-1 remote:c69e5c6}: process crashing
11-02 11:47:41.533 16679 16679 D MonkeyStub: translateCommand: wake
11-02 11:47:41.654 16679 16679 D MonkeyStub: translateCommand: tap 201 1873
11-02 11:47:51.707 16679 16679 D MonkeyStub: translateCommand: touch down 614 1561
11-02 11:47:51.728 16679 16679 D MonkeyStub: translateCommand: touch move 614 1561
11-02 11:47:51.833 16679 16679 D MonkeyStub: translateCommand: touch move 614 1436
11-02 11:47:51.939 16679 16679 D MonkeyStub: translateCommand: touch move 614 1311
11-02 11:47:52.048 16679 16679 D MonkeyStub: translateCommand: touch move 614 1186
11-02 11:47:52.157 16679 16679 D MonkeyStub: translateCommand: touch move 614 1061
11-02 11:47:52.271 16679 16679 D MonkeyStub: translateCommand: touch move 614 937
11-02 11:47:52.379 16679 16679 D MonkeyStub: translateCommand: touch move 614 812
11-02 11:47:52.494 16679 16679 D MonkeyStub: translateCommand: touch move 614 687
11-02 11:47:52.606 16679 16679 D MonkeyStub: translateCommand: touch move 614 562
11-02 11:47:52.718 16679 16679 D MonkeyStub: translateCommand: touch move 614 437
11-02 11:47:52.826 16679 16679 D MonkeyStub: translateCommand: touch move 614 312
11-02 11:47:52.832 16679 16679 D MonkeyStub: translateCommand: touch up 614 312
11-02 11:47:52.854 16679 16679 D MonkeyStub: translateCommand: touch down 614 1561
11-02 11:47:52.861 16679 16679 D MonkeyStub: translateCommand: touch move 614 1561
11-02 11:47:52.967 16679 16679 D MonkeyStub: translateCommand: touch move 614 1436
11-02 11:47:53.076 16679 16679 D MonkeyStub: translateCommand: touch move 614 1311
11-02 11:47:53.191 16679 16679 D MonkeyStub: translateCommand: touch move 614 1186
11-02 11:47:53.303 16679 16679 D MonkeyStub: translateCommand: touch move 614 1061
11-02 11:47:53.414 16679 16679 D MonkeyStub: translateCommand: touch move 614 937
11-02 11:47:53.525 16679 16679 D MonkeyStub: translateCommand: touch move 614 812
11-02 11:47:53.657 16679 16679 D MonkeyStub: translateCommand: touch move 614 687
11-02 11:47:53.766 16679 16679 D MonkeyStub: translateCommand: touch move 614 562
11-02 11:47:53.884 16679 16679 D MonkeyStub: translateCommand: touch move 614 437
11-02 11:47:53.989 16679 16679 D MonkeyStub: translateCommand: touch move 614 312
11-02 11:47:53.997 16679 16679 D MonkeyStub: translateCommand: touch up 614 312
11-02 11:47:54.022 16679 16679 D MonkeyStub: translateCommand: touch down 614 1561
11-02 11:47:54.029 16679 16679 D MonkeyStub: translateCommand: touch move 614 1561
11-02 11:47:54.142 16679 16679 D MonkeyStub: translateCommand: touch move 614 1436
11-02 11:47:54.307 16679 16679 D MonkeyStub: translateCommand: touch move 614 1311
11-02 11:47:54.418 16679 16679 D MonkeyStub: translateCommand: touch move 614 1186
11-02 11:47:54.527 16679 16679 D MonkeyStub: translateCommand: touch move 614 1061
11-02 11:47:54.646 16679 16679 D MonkeyStub: translateCommand: touch move 614 937
11-02 11:47:54.756 16679 16679 D MonkeyStub: translateCommand: touch move 614 812
11-02 11:47:54.883 16679 16679 D MonkeyStub: translateCommand: touch move 614 687
11-02 11:47:54.993 16679 16679 D MonkeyStub: translateCommand: touch move 614 562
11-02 11:47:55.114 16679 16679 D MonkeyStub: translateCommand: touch move 614 437
11-02 11:47:55.220 16679 16679 D MonkeyStub: translateCommand: touch move 614 312
11-02 11:47:55.226 16679 16679 D MonkeyStub: translateCommand: touch up 614 312
11-02 11:47:57.336 23975 24436 I Icing   : IndexChimeraService.getServiceInterface callingPackage=com.android.chrome componentName=null serviceId=36
11-02 11:47:57.386 23975  7221 W Icing   : No valid account for uploading user actions
11-02 11:47:57.412 16679 16679 D MonkeyStub: translateCommand: touch down 614 1561
11-02 11:47:57.426 16679 16679 D MonkeyStub: translateCommand: touch move 614 1561
11-02 11:47:57.441 23975 24436 I Icing   : IndexChimeraService.getServiceInterface callingPackage=com.google.android.gms componentName=null serviceId=30
11-02 11:47:57.491   785   797 I art     : Background partial concurrent mark sweep GC freed 63066(3MB) AllocSpace objects, 3(92KB) LOS objects, 40% free, 11MB/19MB, paused 1.879ms total 125.106ms
11-02 11:47:57.492   785   795 W SQLiteConnectionPool: A SQLiteConnection object for database '/data/user/0/com.google.android.gms/databases/metadata.db' was leaked!  Please fix your application to end transactions in progress properly and to close the database when it is no longer needed.
11-02 11:47:57.502 23975  7221 I Icing   : Usage reports ok 2, Failed Usage reports 0, indexed 1, rejected 0
11-02 11:47:57.508 23975  7221 W Icing   : No valid account for uploading user actions
11-02 11:47:57.515 23975  7221 I Icing   : Usage reports ok 0, Failed Usage reports 0, indexed 0, rejected 0
11-02 11:47:57.517 23975  7221 I Icing   : Indexing com.android.chrome-omnibox from com.android.chrome
11-02 11:47:57.527 23975  7221 I Icing   : Indexing done com.android.chrome-omnibox
11-02 11:47:57.538 16679 16679 D MonkeyStub: translateCommand: touch move 614 1436
11-02 11:47:57.642 16679 16679 D MonkeyStub: translateCommand: touch move 614 1311
11-02 11:47:57.759   785  1162 W GmsStrictMode: LEAKED_CLOSABLE [CONTEXT service_id=256 ]
11-02 11:47:57.759   785  1162 W GmsStrictMode: rvo: LEAKED_CLOSABLE
11-02 11:47:57.759   785  1162 W GmsStrictMode: 	at dalvik.system.VMStack.getThreadStackTrace(Native Method)
11-02 11:47:57.759   785  1162 W GmsStrictMode: 	at java.lang.Thread.getStackTrace(Thread.java:1566)
11-02 11:47:57.759   785  1162 W GmsStrictMode: 	at bhdb.containsKey(:com.google.android.gms@203915020@20.39.15 (040406-335085812):1)
11-02 11:47:57.759   785  1162 W GmsStrictMode: 	at android.os.StrictMode.onVmPolicyViolation(StrictMode.java:1867)
11-02 11:47:57.759   785  1162 W GmsStrictMode: 	at android.os.StrictMode.onVmPolicyViolation(StrictMode.java:1844)
11-02 11:47:57.759   785  1162 W GmsStrictMode: 	at android.os.StrictMode$AndroidCloseGuardReporter.report(StrictMode.java:1590)
11-02 11:47:57.759   785  1162 W GmsStrictMode: 	at dalvik.system.CloseGuard.warnIfOpen(CloseGuard.java:208)
11-02 11:47:57.759   785  1162 W GmsStrictMode: 	at android.database.sqlite.SQLiteConnection.dispose(SQLiteConnection.java:231)
11-02 11:47:57.759   785  1162 W GmsStrictMode: 	at android.database.sqlite.SQLiteConnection.finalize(SQLiteConnection.java:180)
11-02 11:47:57.759   785  1162 W GmsStrictMode: 	at java.lang.Daemons$FinalizerDaemon.doFinalize(Daemons.java:222)
11-02 11:47:57.759   785  1162 W GmsStrictMode: 	at java.lang.Daemons$FinalizerDaemon.run(Daemons.java:209)
11-02 11:47:57.759   785  1162 W GmsStrictMode: 	at java.lang.Thread.run(Thread.java:761)
11-02 11:47:57.812 16679 16679 D MonkeyStub: translateCommand: touch move 614 1186
11-02 11:47:57.940 16679 16679 D MonkeyStub: translateCommand: touch move 614 1061
11-02 11:47:58.053 16679 16679 D MonkeyStub: translateCommand: touch move 614 937
11-02 11:47:58.164 16679 16679 D MonkeyStub: translateCommand: touch move 614 812
11-02 11:47:58.279 16679 16679 D MonkeyStub: translateCommand: touch move 614 687
11-02 11:47:58.389 16679 16679 D MonkeyStub: translateCommand: touch move 614 562
11-02 11:47:58.503 16679 16679 D MonkeyStub: translateCommand: touch move 614 437
11-02 11:47:58.614 16679 16679 D MonkeyStub: translateCommand: touch move 614 312
11-02 11:47:58.617 16679 16679 D MonkeyStub: translateCommand: touch up 614 312
11-02 11:47:58.663 16679 16679 D MonkeyStub: translateCommand: touch down 614 1561
11-02 11:47:58.666 16679 16679 D MonkeyStub: translateCommand: touch move 614 1561
11-02 11:47:58.770 16679 16679 D MonkeyStub: translateCommand: touch move 614 1436
11-02 11:47:58.876 16679 16679 D MonkeyStub: translateCommand: touch move 614 1311
11-02 11:47:58.982 16679 16679 D MonkeyStub: translateCommand: touch move 614 1186
11-02 11:47:59.089 16679 16679 D MonkeyStub: translateCommand: touch move 614 1061
11-02 11:47:59.205 16679 16679 D MonkeyStub: translateCommand: touch move 614 937
11-02 11:47:59.318 16679 16679 D MonkeyStub: translateCommand: touch move 614 812
11-02 11:47:59.424 16679 16679 D MonkeyStub: translateCommand: touch move 614 687
11-02 11:47:59.528 16679 16679 D MonkeyStub: translateCommand: touch move 614 562
11-02 11:47:59.633 16679 16679 D MonkeyStub: translateCommand: touch move 614 437
11-02 11:47:59.741 16679 16679 D MonkeyStub: translateCommand: touch move 614 312
11-02 11:47:59.745 16679 16679 D MonkeyStub: translateCommand: touch up 614 312
11-02 11:48:02.366   785 15368 I NetworkScheduler.Stats: Task com.google.android.gms/com.google.android.gms.icing.service.IcingGcmTaskService started execution. cause:4 exec_start_elapsed_seconds: 39676 [CONTEXT service_id=218 ]
11-02 11:48:02.374   785 14894 I NetworkScheduler.Stats: Task com.google.android.gms/com.google.android.gms.icing.service.IcingGcmTaskService finished executing. cause:4 result: 1 elapsed_millis: 25 uptime_millis: 26 exec_start_elapsed_seconds: 39676 [CONTEXT service_id=218 ]
11-02 11:48:02.423   785 15368 I NetworkScheduler.Stats: Task com.google.android.gms/com.google.android.gms.tapandpay.gcmtask.TapAndPayGcmTaskService started execution. cause:5 exec_start_elapsed_seconds: 39676 [CONTEXT service_id=218 ]
11-02 11:48:02.522   785 14894 I NetworkScheduler.Stats: Task com.google.android.gms/com.google.android.gms.common.stats.net.NetworkReportService started execution. cause:5 exec_start_elapsed_seconds: 39676 [CONTEXT service_id=218 ]
11-02 11:48:02.627   785 14894 I NetworkScheduler.Stats: Task com.google.android.gms/com.google.android.gms.tapandpay.gcmtask.TapAndPayGcmTaskService finished executing. cause:5 result: 2 elapsed_millis: 229 uptime_millis: 229 exec_start_elapsed_seconds: 39676 [CONTEXT service_id=218 ]
11-02 11:48:02.714   785 16669 I NetworkScheduler.Stats: Task com.google.android.gms/com.google.android.gms.common.stats.net.NetworkReportService finished executing. cause:5 result: 1 elapsed_millis: 286 uptime_millis: 285 exec_start_elapsed_seconds: 39676 [CONTEXT service_id=218 ]
11-02 11:48:02.795 16679 16679 D MonkeyStub: translateCommand: tap 1276 934
11-02 11:48:03.072   785  1162 E AsyncOperation: serviceID=121, operation=GetLaunchDataOperation [CONTEXT service_id=259 ]
11-02 11:48:03.072   785  1162 E AsyncOperation: OperationException[Status{statusCode=Not an instant app, resolution=null}]
11-02 11:48:03.072   785  1162 E AsyncOperation: 	at aeay.a(:com.google.android.gms@203915020@20.39.15 (040406-335085812):20)
11-02 11:48:03.072   785  1162 E AsyncOperation: 	at aain.run(:com.google.android.gms@203915020@20.39.15 (040406-335085812):7)
11-02 11:48:03.072   785  1162 E AsyncOperation: 	at boex.run(:com.google.android.gms@203915020@20.39.15 (040406-335085812):2)
11-02 11:48:03.072   785  1162 E AsyncOperation: 	at sup.b(:com.google.android.gms@203915020@20.39.15 (040406-335085812):12)
11-02 11:48:03.072   785  1162 E AsyncOperation: 	at sup.run(:com.google.android.gms@203915020@20.39.15 (040406-335085812):7)
11-02 11:48:03.072   785  1162 E AsyncOperation: 	at java.util.concurrent.ThreadPoolExecutor.runWorker(ThreadPoolExecutor.java:1133)
11-02 11:48:03.072   785  1162 E AsyncOperation: 	at java.util.concurrent.ThreadPoolExecutor$Worker.run(ThreadPoolExecutor.java:607)
11-02 11:48:03.072   785  1162 E AsyncOperation: 	at tam.run(:com.google.android.gms@203915020@20.39.15 (040406-335085812):0)
11-02 11:48:03.072   785  1162 E AsyncOperation: 	at java.lang.Thread.run(Thread.java:761)
11-02 11:48:04.782   601  4262 I ActivityManager: Start proc 16733:com.android.chrome:sandboxed_process24/u0i541 for service com.android.chrome/org.chromium.content.app.SandboxedProcessService24
11-02 11:48:04.857 16733 16733 W boxed_process24: type=1400 audit(0.0:2505): avc: denied { getattr } for path="/data/data/com.android.chrome" dev="dm-2" ino=12190 scontext=u:r:isolated_app:s0:c512,c768 tcontext=u:object_r:app_data_file:s0:c512,c768 tclass=dir permissive=0
11-02 11:48:04.919 16733 16733 I cr_ChildProcessService: Creating new ChildProcessService pid=16733
11-02 11:48:05.000   785  1711 W Icing   : isOptedInForAppHistory: empty Account Name encountered
11-02 11:48:05.016   785  1711 W Icing   : isOptedInForAppHistory: empty Account Name encountered
11-02 11:48:05.073 16733 16746 I cr_LibraryLoader: Loaded native library version number "85.0.4183.127"
11-02 11:48:05.074 16733 16746 I cr_CachingUmaRecorder: Flushed 1 samples from 1 histograms.
11-02 11:48:05.124 16746 16746 W CrUtilityMain: type=1400 audit(0.0:2506): avc: denied { setattr } for name="LICENSE.txt" dev="dm-2" ino=28206 scontext=u:r:isolated_app:s0:c512,c768 tcontext=u:object_r:app_data_file:s0:c512,c768 tclass=file permissive=0
11-02 11:48:05.124 16746 16746 W CrUtilityMain: type=1400 audit(0.0:2507): avc: denied { setattr } for name=46696C746572696E672052756C6573 dev="dm-2" ino=27869 scontext=u:r:isolated_app:s0:c512,c768 tcontext=u:object_r:app_data_file:s0:c512,c768 tclass=file permissive=0
11-02 11:48:05.127 16746 16746 W CrUtilityMain: type=1400 audit(0.0:2508): avc: denied { setattr } for name="manifest.json" dev="dm-2" ino=39970 scontext=u:r:isolated_app:s0:c512,c768 tcontext=u:object_r:app_data_file:s0:c512,c768 tclass=file permissive=0
11-02 11:48:05.131 16746 16746 W CrUtilityMain: type=1400 audit(0.0:2509): avc: denied { setattr } for name="verified_contents.json" dev="dm-2" ino=41266 scontext=u:r:isolated_app:s0:c512,c768 tcontext=u:object_r:app_data_file:s0:c512,c768 tclass=file permissive=0
11-02 11:48:05.152 16733 16733 I cr_ChildProcessService: Destroying ChildProcessService pid=16733
11-02 11:48:05.206 16733 16746 I chromium: [INFO:child_process_service.cc(69)] ChildProcessService: Exiting child process.
11-02 11:48:05.513   601   819 I ActivityManager: Process com.android.chrome:sandboxed_process24 (pid 16733) has died
11-02 11:48:05.513   601   819 D ActivityManager: cleanUpApplicationRecord -- 16733
11-02 11:48:05.520 16058 16058 W chromium: [WARNING:compositor_view.cc(315)] Child process died (type=6) pid=16733)
11-02 11:48:05.744   785 16669 W Icing   : isOptedInForAppHistory: empty Account Name encountered
11-02 11:48:05.912   601 17045 I ActivityManager: Start proc 16753:com.android.chrome:sandboxed_process25/u0i542 for service com.android.chrome/org.chromium.content.app.SandboxedProcessService25
11-02 11:48:05.984 16753 16753 W boxed_process25: type=1400 audit(0.0:2510): avc: denied { getattr } for path="/data/data/com.android.chrome" dev="dm-2" ino=12190 scontext=u:r:isolated_app:s0:c512,c768 tcontext=u:object_r:app_data_file:s0:c512,c768 tclass=dir permissive=0
11-02 11:48:06.026 16753 16753 I cr_ChildProcessService: Creating new ChildProcessService pid=16753
11-02 11:48:06.083   601   610 I art     : Background partial concurrent mark sweep GC freed 35734(1811KB) AllocSpace objects, 3(76KB) LOS objects, 33% free, 14MB/22MB, paused 773us total 169.066ms
11-02 11:48:06.135 16753 16769 I cr_LibraryLoader: Loaded native library version number "85.0.4183.127"
11-02 11:48:06.135 16753 16769 I cr_CachingUmaRecorder: Flushed 1 samples from 1 histograms.
11-02 11:48:06.227 16769 16769 W CrUtilityMain: type=1400 audit(0.0:2511): avc: denied { setattr } for name="tl_en-us_2022-10-26_484799359_100000_index.bin" dev="dm-2" ino=57136 scontext=u:r:isolated_app:s0:c512,c768 tcontext=u:object_r:app_data_file:s0:c512,c768 tclass=file permissive=0
11-02 11:48:06.231 16769 16769 W CrUtilityMain: type=1400 audit(0.0:2512): avc: denied { setattr } for name="manifest.json" dev="dm-2" ino=57107 scontext=u:r:isolated_app:s0:c512,c768 tcontext=u:object_r:app_data_file:s0:c512,c768 tclass=file permissive=0
11-02 11:48:06.234 16769 16769 W CrUtilityMain: type=1400 audit(0.0:2513): avc: denied { setattr } for name="verified_contents.json" dev="dm-2" ino=57595 scontext=u:r:isolated_app:s0:c512,c768 tcontext=u:object_r:app_data_file:s0:c512,c768 tclass=file permissive=0
11-02 11:48:06.241 16753 16769 I chromium: [INFO:child_process_service.cc(69)] ChildProcessService: Exiting child process.
11-02 11:48:06.244   195   195 E lowmemorykiller: Error writing /proc/16753/oom_score_adj; errno=22
11-02 11:48:06.269   601 12301 I ActivityManager: Process com.android.chrome:sandboxed_process25 (pid 16753) has died
11-02 11:48:06.269   601 12301 D ActivityManager: cleanUpApplicationRecord -- 16753
11-02 11:48:06.270 16058 16058 W chromium: [WARNING:compositor_view.cc(315)] Child process died (type=6) pid=16753)
11-02 11:48:06.336   196   196 E SELinux : avc:  denied  { find } for service=netd pid=16768 uid=2000 scontext=u:r:shell:s0 tcontext=u:object_r:netd_service:s0 tclass=service_manager permissive=0
11-02 11:48:06.340   196   196 E SELinux : avc:  denied  { find } for service=android.service.gatekeeper.IGateKeeperService pid=16768 uid=2000 scontext=u:r:shell:s0 tcontext=u:object_r:gatekeeper_service:s0 tclass=service_manager permissive=0
11-02 11:48:07.407   601   819 I ActivityManager: Start proc 16773:com.android.chrome:sandboxed_process26/u0i543 for service com.android.chrome/org.chromium.content.app.SandboxedProcessService26
11-02 11:48:07.451 16773 16773 W boxed_process26: type=1400 audit(0.0:2514): avc: denied { getattr } for path="/data/data/com.android.chrome" dev="dm-2" ino=12190 scontext=u:r:isolated_app:s0:c512,c768 tcontext=u:object_r:app_data_file:s0:c512,c768 tclass=dir permissive=0
11-02 11:48:07.477 16773 16773 I cr_ChildProcessService: Creating new ChildProcessService pid=16773
11-02 11:48:07.532 16773 16786 I cr_LibraryLoader: Loaded native library version number "85.0.4183.127"
11-02 11:48:07.532 16773 16786 I cr_CachingUmaRecorder: Flushed 1 samples from 1 histograms.
11-02 11:48:07.551 16786 16786 W CrUtilityMain: type=1400 audit(0.0:2515): avc: denied { setattr } for name="optimization-hints.pb" dev="dm-2" ino=58734 scontext=u:r:isolated_app:s0:c512,c768 tcontext=u:object_r:app_data_file:s0:c512,c768 tclass=file permissive=0
11-02 11:48:07.551 16786 16786 W CrUtilityMain: type=1400 audit(0.0:2516): avc: denied { setattr } for name="manifest.json" dev="dm-2" ino=58799 scontext=u:r:isolated_app:s0:c512,c768 tcontext=u:object_r:app_data_file:s0:c512,c768 tclass=file permissive=0
11-02 11:48:07.554 16786 16786 W CrUtilityMain: type=1400 audit(0.0:2517): avc: denied { setattr } for name="verified_contents.json" dev="dm-2" ino=59142 scontext=u:r:isolated_app:s0:c512,c768 tcontext=u:object_r:app_data_file:s0:c512,c768 tclass=file permissive=0
11-02 11:48:07.561 16773 16773 I cr_ChildProcessService: Destroying ChildProcessService pid=16773
11-02 11:48:07.562 16773 16786 I chromium: [INFO:child_process_service.cc(69)] ChildProcessService: Exiting child process.
11-02 11:48:07.588   601   612 I ActivityManager: Process com.android.chrome:sandboxed_process26 (pid 16773) has died
11-02 11:48:07.588   601   612 D ActivityManager: cleanUpApplicationRecord -- 16773
11-02 11:48:07.597 16058 16058 W chromium: [WARNING:compositor_view.cc(315)] Child process died (type=6) pid=16773)
11-02 11:48:07.692 16058 16058 I cr_tabmodel: Appending tabs being restored to metadata lists, 0, startingNormalCount: 2, startingIncognitoCount: 0
11-02 11:48:07.692 16058 16058 I cr_tabmodel: Serializing tab lists; counts: 2, 0
11-02 11:48:08.445 16058 16058 I cr_tabmodel: Appending tabs being restored to metadata lists, 0, startingNormalCount: 2, startingIncognitoCount: 0
11-02 11:48:08.445 16058 16058 I cr_tabmodel: Serializing tab lists; counts: 2, 0
11-02 11:48:08.937   601  9663 I ActivityManager: Start proc 16792:com.android.chrome:sandboxed_process27/u0i544 for service com.android.chrome/org.chromium.content.app.SandboxedProcessService27
11-02 11:48:08.971 16792 16792 W boxed_process27: type=1400 audit(0.0:2518): avc: denied { getattr } for path="/data/data/com.android.chrome" dev="dm-2" ino=12190 scontext=u:r:isolated_app:s0:c512,c768 tcontext=u:object_r:app_data_file:s0:c512,c768 tclass=dir permissive=0
11-02 11:48:08.992 16792 16792 I cr_ChildProcessService: Creating new ChildProcessService pid=16792
11-02 11:48:09.032 16792 16805 I cr_LibraryLoader: Loaded native library version number "85.0.4183.127"
11-02 11:48:09.032 16792 16805 I cr_CachingUmaRecorder: Flushed 1 samples from 1 histograms.
11-02 11:48:09.047 16805 16805 W CrUtilityMain: type=1400 audit(0.0:2519): avc: denied { setattr } for name="crl-set" dev="dm-2" ino=59182 scontext=u:r:isolated_app:s0:c512,c768 tcontext=u:object_r:app_data_file:s0:c512,c768 tclass=file permissive=0
11-02 11:48:09.047 16805 16805 W CrUtilityMain: type=1400 audit(0.0:2520): avc: denied { setattr } for name="manifest.json" dev="dm-2" ino=59193 scontext=u:r:isolated_app:s0:c512,c768 tcontext=u:object_r:app_data_file:s0:c512,c768 tclass=file permissive=0
11-02 11:48:09.051 16805 16805 W CrUtilityMain: type=1400 audit(0.0:2521): avc: denied { setattr } for name="LICENSE" dev="dm-2" ino=59347 scontext=u:r:isolated_app:s0:c512,c768 tcontext=u:object_r:app_data_file:s0:c512,c768 tclass=file permissive=0
11-02 11:48:09.054 16805 16805 W CrUtilityMain: type=1400 audit(0.0:2522): avc: denied { setattr } for name="verified_contents.json" dev="dm-2" ino=59462 scontext=u:r:isolated_app:s0:c512,c768 tcontext=u:object_r:app_data_file:s0:c512,c768 tclass=file permissive=0
11-02 11:48:09.063 16792 16805 I chromium: [INFO:child_process_service.cc(69)] ChildProcessService: Exiting child process.
11-02 11:48:09.083   601  7042 I ActivityManager: Process com.android.chrome:sandboxed_process27 (pid 16792) has died
11-02 11:48:09.083   601  7042 D ActivityManager: cleanUpApplicationRecord -- 16792
11-02 11:48:09.085 16058 16058 W chromium: [WARNING:compositor_view.cc(315)] Child process died (type=6) pid=16792)
11-02 11:48:10.644   601   611 I ActivityManager: Start proc 16809:com.android.chrome:sandboxed_process28/u0i545 for service com.android.chrome/org.chromium.content.app.SandboxedProcessService28
11-02 11:48:10.691 16809 16809 W boxed_process28: type=1400 audit(0.0:2523): avc: denied { getattr } for path="/data/data/com.android.chrome" dev="dm-2" ino=12190 scontext=u:r:isolated_app:s0:c512,c768 tcontext=u:object_r:app_data_file:s0:c512,c768 tclass=dir permissive=0
11-02 11:48:10.714 16809 16809 I cr_ChildProcessService: Creating new ChildProcessService pid=16809
11-02 11:48:10.759 16809 16822 I cr_LibraryLoader: Loaded native library version number "85.0.4183.127"
11-02 11:48:10.760 16809 16822 I cr_CachingUmaRecorder: Flushed 1 samples from 1 histograms.
11-02 11:48:10.774 16822 16822 W CrUtilityMain: type=1400 audit(0.0:2524): avc: denied { setattr } for name="manifest.json" dev="dm-2" ino=59252 scontext=u:r:isolated_app:s0:c512,c768 tcontext=u:object_r:app_data_file:s0:c512,c768 tclass=file permissive=0
11-02 11:48:10.777 16822 16822 W CrUtilityMain: type=1400 audit(0.0:2525): avc: denied { setattr } for name="verified_contents.json" dev="dm-2" ino=59281 scontext=u:r:isolated_app:s0:c512,c768 tcontext=u:object_r:app_data_file:s0:c512,c768 tclass=file permissive=0
11-02 11:48:10.784 16809 16822 I chromium: [INFO:child_process_service.cc(69)] ChildProcessService: Exiting child process.
11-02 11:48:10.785   195   195 E lowmemorykiller: Error writing /proc/16809/oom_score_adj; errno=22
11-02 11:48:10.810   601 10729 I ActivityManager: Process com.android.chrome:sandboxed_process28 (pid 16809) has died
11-02 11:48:10.810   601 10729 D ActivityManager: cleanUpApplicationRecord -- 16809
11-02 11:48:10.811 16058 16058 W chromium: [WARNING:compositor_view.cc(315)] Child process died (type=6) pid=16809)
11-02 11:48:12.601   601   660 I ActivityManager: Start proc 16826:com.android.chrome:sandboxed_process29/u0i546 for service com.android.chrome/org.chromium.content.app.SandboxedProcessService29
11-02 11:48:12.664 16826 16826 W boxed_process29: type=1400 audit(0.0:2526): avc: denied { getattr } for path="/data/data/com.android.chrome" dev="dm-2" ino=12190 scontext=u:r:isolated_app:s0:c512,c768 tcontext=u:object_r:app_data_file:s0:c512,c768 tclass=dir permissive=0
11-02 11:48:12.699 16826 16826 I cr_ChildProcessService: Creating new ChildProcessService pid=16826
11-02 11:48:12.752 16826 16839 I cr_LibraryLoader: Loaded native library version number "85.0.4183.127"
11-02 11:48:12.752 16826 16839 I cr_CachingUmaRecorder: Flushed 1 samples from 1 histograms.
11-02 11:48:12.764 16839 16839 W CrUtilityMain: type=1400 audit(0.0:2527): avc: denied { setattr } for name="download_file_types.pb" dev="dm-2" ino=59532 scontext=u:r:isolated_app:s0:c512,c768 tcontext=u:object_r:app_data_file:s0:c512,c768 tclass=file permissive=0
11-02 11:48:12.764 16839 16839 W CrUtilityMain: type=1400 audit(0.0:2528): avc: denied { setattr } for name="manifest.json" dev="dm-2" ino=59460 scontext=u:r:isolated_app:s0:c512,c768 tcontext=u:object_r:app_data_file:s0:c512,c768 tclass=file permissive=0
11-02 11:48:12.767 16839 16839 W CrUtilityMain: type=1400 audit(0.0:2529): avc: denied { setattr } for name="verified_contents.json" dev="dm-2" ino=59476 scontext=u:r:isolated_app:s0:c512,c768 tcontext=u:object_r:app_data_file:s0:c512,c768 tclass=file permissive=0
11-02 11:48:12.772 16826 16839 I chromium: [INFO:child_process_service.cc(69)] ChildProcessService: Exiting child process.
11-02 11:48:12.774   195   195 E lowmemorykiller: Error writing /proc/16826/oom_score_adj; errno=22
11-02 11:48:12.803   601   660 I ActivityManager: Process com.android.chrome:sandboxed_process29 (pid 16826) has died
11-02 11:48:12.803   601   660 D ActivityManager: cleanUpApplicationRecord -- 16826
11-02 11:48:12.804 16058 16058 W chromium: [WARNING:compositor_view.cc(315)] Child process died (type=6) pid=16826)
11-02 11:48:12.838 16679 16679 D MonkeyStub: translateCommand: tap 201 1873
11-02 11:48:14.355 16058 16058 I Choreographer: Skipped 31 frames!  The application may be doing too much work on its main thread.
11-02 11:48:14.858   601 12691 I ActivityManager: Start proc 16844:com.android.chrome:sandboxed_process30/u0i547 for service com.android.chrome/org.chromium.content.app.SandboxedProcessService30
11-02 11:48:14.924 16844 16844 W boxed_process30: type=1400 audit(0.0:2530): avc: denied { getattr } for path="/data/data/com.android.chrome" dev="dm-2" ino=12190 scontext=u:r:isolated_app:s0:c512,c768 tcontext=u:object_r:app_data_file:s0:c512,c768 tclass=dir permissive=0
11-02 11:48:14.956 16844 16844 I cr_ChildProcessService: Creating new ChildProcessService pid=16844
11-02 11:48:15.012 16844 16857 I cr_LibraryLoader: Loaded native library version number "85.0.4183.127"
11-02 11:48:15.012 16844 16857 I cr_CachingUmaRecorder: Flushed 1 samples from 1 histograms.
11-02 11:48:15.024 16857 16857 W CrUtilityMain: type=1400 audit(0.0:2531): avc: denied { setattr } for name="ssl_error_assistant.pb" dev="dm-2" ino=59161 scontext=u:r:isolated_app:s0:c512,c768 tcontext=u:object_r:app_data_file:s0:c512,c768 tclass=file permissive=0
11-02 11:48:15.024 16857 16857 W CrUtilityMain: type=1400 audit(0.0:2532): avc: denied { setattr } for name="manifest.json" dev="dm-2" ino=59466 scontext=u:r:isolated_app:s0:c512,c768 tcontext=u:object_r:app_data_file:s0:c512,c768 tclass=file permissive=0
11-02 11:48:15.024 16857 16857 W CrUtilityMain: type=1400 audit(0.0:2533): avc: denied { setattr } for name="verified_contents.json" dev="dm-2" ino=59283 scontext=u:r:isolated_app:s0:c512,c768 tcontext=u:object_r:app_data_file:s0:c512,c768 tclass=file permissive=0
11-02 11:48:15.034 16844 16857 I chromium: [INFO:child_process_service.cc(69)] ChildProcessService: Exiting child process.
11-02 11:48:15.034 16844 16844 I cr_ChildProcessService: Destroying ChildProcessService pid=16844
11-02 11:48:15.053   601 12691 I ActivityManager: Process com.android.chrome:sandboxed_process30 (pid 16844) has died
11-02 11:48:15.053   601 12691 D ActivityManager: cleanUpApplicationRecord -- 16844
11-02 11:48:15.055 16058 16058 W chromium: [WARNING:compositor_view.cc(315)] Child process died (type=6) pid=16844)
11-02 11:48:17.389   601  4262 I ActivityManager: Start proc 16863:com.android.chrome:sandboxed_process31/u0i548 for service com.android.chrome/org.chromium.content.app.SandboxedProcessService31
11-02 11:48:17.451 16863 16863 W boxed_process31: type=1400 audit(0.0:2534): avc: denied { getattr } for path="/data/data/com.android.chrome" dev="dm-2" ino=12190 scontext=u:r:isolated_app:s0:c512,c768 tcontext=u:object_r:app_data_file:s0:c512,c768 tclass=dir permissive=0
11-02 11:48:17.483 16863 16863 I cr_ChildProcessService: Creating new ChildProcessService pid=16863
11-02 11:48:17.538 16863 16876 I cr_LibraryLoader: Loaded native library version number "85.0.4183.127"
11-02 11:48:17.539 16863 16876 I cr_CachingUmaRecorder: Flushed 1 samples from 1 histograms.
11-02 11:48:17.551 16876 16876 W CrUtilityMain: type=1400 audit(0.0:2535): avc: denied { setattr } for name=5072656C6F61642044617461 dev="dm-2" ino=59403 scontext=u:r:isolated_app:s0:c512,c768 tcontext=u:object_r:app_data_file:s0:c512,c768 tclass=file permissive=0
11-02 11:48:17.551 16876 16876 W CrUtilityMain: type=1400 audit(0.0:2536): avc: denied { setattr } for name="manifest.json" dev="dm-2" ino=59447 scontext=u:r:isolated_app:s0:c512,c768 tcontext=u:object_r:app_data_file:s0:c512,c768 tclass=file permissive=0
11-02 11:48:17.554 16876 16876 W CrUtilityMain: type=1400 audit(0.0:2537): avc: denied { setattr } for name="verified_contents.json" dev="dm-2" ino=59643 scontext=u:r:isolated_app:s0:c512,c768 tcontext=u:object_r:app_data_file:s0:c512,c768 tclass=file permissive=0
11-02 11:48:17.566 16863 16876 I chromium: [INFO:child_process_service.cc(69)] ChildProcessService: Exiting child process.
11-02 11:48:17.570   195   195 E lowmemorykiller: Error writing /proc/16863/oom_score_adj; errno=22
11-02 11:48:17.583   601  4262 I ActivityManager: Process com.android.chrome:sandboxed_process31 (pid 16863) has died
11-02 11:48:17.583   601  4262 D ActivityManager: cleanUpApplicationRecord -- 16863
11-02 11:48:17.586 16058 16058 W chromium: [WARNING:compositor_view.cc(315)] Child process died (type=6) pid=16863)
11-02 11:48:17.895 16679 16679 D MonkeyStub: translateCommand: touch down 614 1561
11-02 11:48:17.908 16679 16679 D MonkeyStub: translateCommand: touch move 614 1561
11-02 11:48:18.017 16679 16679 D MonkeyStub: translateCommand: touch move 614 1436
11-02 11:48:18.121 16679 16679 D MonkeyStub: translateCommand: touch move 614 1311
11-02 11:48:18.231 16679 16679 D MonkeyStub: translateCommand: touch move 614 1186
11-02 11:48:18.339 16679 16679 D MonkeyStub: translateCommand: touch move 614 1061
11-02 11:48:18.457 16679 16679 D MonkeyStub: translateCommand: touch move 614 937
11-02 11:48:18.565 16679 16679 D MonkeyStub: translateCommand: touch move 614 812
11-02 11:48:18.675 16679 16679 D MonkeyStub: translateCommand: touch move 614 687
