11-01 01:43:12.843   197   197 E lowmemorykiller: Error writing /proc/19358/oom_score_adj; errno=22
11-01 01:43:12.843   600  1076 E JavaBinder: !!! FAILED BINDER TRANSACTION !!!  (parcel size = 76)
11-01 01:43:12.843   600  1076 E JavaBinder: !!! FAILED BINDER TRANSACTION !!!  (parcel size = 576)
11-01 01:43:12.844   600  1076 W ActivityManager: Exception when unbinding service com.android.chrome/org.chromium.content.app.SandboxedProcessService12
11-01 01:43:12.844   600  1076 W ActivityManager: android.os.DeadObjectException: Transaction failed on small parcel; remote process probably died
11-01 01:43:12.844   600  1076 W ActivityManager: 	at android.os.BinderProxy.transactNative(Native Method)
11-01 01:43:12.844   600  1076 W ActivityManager: 	at android.os.BinderProxy.transact(Binder.java:615)
11-01 01:43:12.844   600  1076 W ActivityManager: 	at android.app.ApplicationThreadProxy.scheduleUnbindService(ApplicationThreadNative.java:1016)
11-01 01:43:12.844   600  1076 W ActivityManager: 	at com.android.server.am.ActiveServices.removeConnectionLocked(ActiveServices.java:2175)
11-01 01:43:12.844   600  1076 W ActivityManager: 	at com.android.server.am.ActiveServices.unbindServiceLocked(ActiveServices.java:1163)
11-01 01:43:12.844   600  1076 W ActivityManager: 	at com.android.server.am.ActivityManagerService.unbindService(ActivityManagerService.java:17309)
11-01 01:43:12.844   600  1076 W ActivityManager: 	at android.app.ActivityManagerNative.onTransact(ActivityManagerNative.java:1145)
11-01 01:43:12.844   600  1076 W ActivityManager: 	at com.android.server.am.ActivityManagerService.onTransact(ActivityManagerService.java:2795)
11-01 01:43:12.844   600  1076 W ActivityManager: 	at android.os.Binder.execTransact(Binder.java:565)
11-01 01:43:12.844   600  1076 E JavaBinder: !!! FAILED BINDER TRANSACTION !!!  (parcel size = 76)
11-01 01:43:12.845   197   197 E lowmemorykiller: Error writing /proc/19358/oom_score_adj; errno=22
11-01 01:43:12.845   600  1076 E JavaBinder: !!! FAILED BINDER TRANSACTION !!!  (parcel size = 76)
11-01 01:43:12.847   197   197 E lowmemorykiller: Error writing /proc/19388/oom_score_adj; errno=22
11-01 01:43:12.851 19421 19421 I cr_ChildProcessService: Creating new ChildProcessService pid=19421
11-01 01:43:12.858 19414 19414 I cr_ChildProcessService: Creating new ChildProcessService pid=19414
11-01 01:43:12.859   600   707 I ActivityManager: Process com.android.chrome:sandboxed_process12 (pid 19358) has died
11-01 01:43:12.860   600   707 D ActivityManager: cleanUpApplicationRecord -- 19358
11-01 01:43:12.860   600   707 I ActivityManager: Killing 19388:com.android.chrome:sandboxed_process13/u0a35i973 (adj 0): isolated not needed
11-01 01:43:12.862   600   707 E JavaBinder: !!! FAILED BINDER TRANSACTION !!!  (parcel size = 76)
11-01 01:43:12.862   600   707 E JavaBinder: !!! FAILED BINDER TRANSACTION !!!  (parcel size = 76)
11-01 01:43:12.868   600  7064 D ActivityManager: cleanUpApplicationRecord -- 19351
11-01 01:43:12.874 19021 19021 W chromium: [WARNING:compositor_view.cc(315)] Child process died (type=6) pid=19358)
11-01 01:43:12.874 19021 19021 W chromium: [WARNING:compositor_view.cc(315)] Child process died (type=6) pid=19351)
11-01 01:43:12.880   600  1080 D ActivityManager: cleanUpApplicationRecord -- 19388
11-01 01:43:12.893   600   609 I art     : Background partial concurrent mark sweep GC freed 41855(2MB) AllocSpace objects, 23(600KB) LOS objects, 33% free, 18MB/27MB, paused 938us total 442.774ms
11-01 01:43:12.894 19021 19057 I cr_BindingManager: onTrimMemory: level=15, size=0
11-01 01:43:12.908 19021 19021 W chromium: [WARNING:compositor_view.cc(315)] Child process died (type=6) pid=19388)
11-01 01:43:12.931 19448 19448 I cr_ChildProcessService: Creating new ChildProcessService pid=19448
11-01 01:43:12.948 19433 19433 I cr_ChildProcessService: Creating new ChildProcessService pid=19433
11-01 01:43:12.957 19474 19474 W boxed_process20: type=1400 audit(0.0:17198): avc: denied { getattr } for path="/data/data/com.android.chrome" dev="dm-2" ino=12190 scontext=u:r:isolated_app:s0:c512,c768 tcontext=u:object_r:app_data_file:s0:c512,c768 tclass=dir permissive=0
11-01 01:43:12.964 19461 19461 W boxed_process19: type=1400 audit(0.0:17199): avc: denied { getattr } for path="/data/data/com.android.chrome" dev="dm-2" ino=12190 scontext=u:r:isolated_app:s0:c512,c768 tcontext=u:object_r:app_data_file:s0:c512,c768 tclass=dir permissive=0
11-01 01:43:12.981 19021 19076 I MainThreadRunner: Running task [FeedRequestManagerImpl consumer] on the Main Thread
11-01 01:43:12.996 19021 19021 I FeedProtocolAdapter: createModel, operations 33
11-01 01:43:13.001 19021 19021 I TimingUtils: Task Timing   4ms, thread ui | task : convertWireProtocol | mutations : 33
11-01 01:43:13.002 19021 19021 I TaskQueue:  - task [HEAD_RESET - d: true, b: 2]: 5
11-01 01:43:13.003 19021 19076 I TaskQueue:  - Finished 15, time 181 ms
11-01 01:43:13.003 19021 19076 I TaskQueue: Execute task [HEAD_RESET - d: true, b: 2]: 5
11-01 01:43:13.019 19021 19076 I TaskQueue:  - task [BACKGROUND - d: true, b: 2]: 23
11-01 01:43:13.020 19021 19076 W SessionCache: Persisted Sessions were not found
11-01 01:43:13.026 19021 19076 I PersistentFeedStore: commitSessionMutation - Success true, Update Session $HEAD, stream structures 32
11-01 01:43:13.034 19021 19076 I MainThreadRunner: Running task [SchedulerApiWrapper onReceiveNewContent] on the Main Thread
11-01 01:43:13.035 19021 19076 I MainThreadRunner: Running task [FeedKnownContentImpl onNewContentReceived] on the Main Thread
11-01 01:43:13.036 19021 19076 I SessionManagerMutation: Cleared Head, new creation time 11-01 01:43:13.020
11-01 01:43:13.036 19021 19076 I TimingUtils: Task Timing  33ms, thread background-1 | task : sessionMutation.commitTask:updateConsumer | mutations : 33 | userInitiated : false
11-01 01:43:13.037 19021 19076 I TaskQueue: Cancelling starvation checks
11-01 01:43:13.037 19021 19076 I TaskQueue:  - Finished 5, time 34 ms
11-01 01:43:13.037 19021 19076 I TaskQueue: Execute task [USER_FACING - d: false, b: 2]: 24
11-01 01:43:13.066 19421 19514 I cr_LibraryLoader: Loaded native library version number "85.0.4183.127"
11-01 01:43:13.067 19421 19514 I cr_CachingUmaRecorder: Flushed 1 samples from 1 histograms.
11-01 01:43:13.076 19474 19474 I cr_ChildProcessService: Creating new ChildProcessService pid=19474
11-01 01:43:13.090 19414 19515 I cr_LibraryLoader: Loaded native library version number "85.0.4183.127"
11-01 01:43:13.090 19414 19515 I cr_CachingUmaRecorder: Flushed 1 samples from 1 histograms.
11-01 01:43:13.094 19461 19461 I cr_ChildProcessService: Creating new ChildProcessService pid=19461
11-01 01:43:13.109 20673 28372 W Icing   : No valid account for uploading user actions
11-01 01:43:13.112 19448 19517 I cr_LibraryLoader: Loaded native library version number "85.0.4183.127"
11-01 01:43:13.117 19448 19517 I cr_CachingUmaRecorder: Flushed 1 samples from 1 histograms.
11-01 01:43:13.131 19433 19518 I cr_LibraryLoader: Loaded native library version number "85.0.4183.127"
11-01 01:43:13.131 19433 19518 I cr_CachingUmaRecorder: Flushed 1 samples from 1 histograms.
11-01 01:43:13.144 19021 19076 I TimeoutSessionImpl: TimeoutSession.populateModelProvider, shouldAppend false
11-01 01:43:13.144 19021 19076 I SessionImpl: PopulateModelProvider 32 items
11-01 01:43:13.144 19021 19076 I FeedModelProvider: FeedModelProvider - committer, structure changes 31, update changes 0
11-01 01:43:13.145 19021 19076 I FeedModelProvider: SyntheticTokenTracker: 0, 11, 11, false
11-01 01:43:13.145 19021 19076 I FeedSessionManagerImpl: Caching getStreamFeatures - items 31, cache misses 0, cache size 31
11-01 01:43:13.145 19021 19076 I FeedModelProvider: Moving _session:64a46c67-816c-4da0-b07b-5b160807b100 to READY
11-01 01:43:13.145 19021 19076 I MainThreadRunner: Running task [FeedModelProvider onSessionStart] on the Main Thread
11-01 01:43:13.146 19021 19076 I FeedModelProvider: ModelProvider Mutation committed - structure changes 31, childrenToBind 31, removedChildren false, Token false
11-01 01:43:13.148 19021 19021 I FeedModelProvider: No children found for Cursor
11-01 01:43:13.153 19021 19076 I FeedSessionManagerImpl: Populate new session: _session:64a46c67-816c-4da0-b07b-5b160807b100, creation time 11-01 01:43:13.144
11-01 01:43:13.153 19021 19076 I TimingUtils: Task Timing 116ms, thread background-2 | task : Create/Populate New Session
11-01 01:43:13.153 19021 19076 I TaskQueue:  - Finished 24, time 117 ms
11-01 01:43:13.153 19021 19076 I TaskQueue: Execute task [BACKGROUND - d: false, b: 1]: 11
11-01 01:43:13.153 19021 19076 I ContentGc: Re-enqueuing triggerContentGc; attempts(0)
11-01 01:43:13.154 19021 19076 I TaskQueue:  - task [BACKGROUND - d: false, b: 1]: 11
11-01 01:43:13.154 19021 19076 I TaskQueue:  - Finished 11, time 0 ms
11-01 01:43:13.154 19021 19076 I TaskQueue: Execute task [BACKGROUND - d: false, b: 1]: 23
11-01 01:43:13.200 19474 19519 I cr_LibraryLoader: Loaded native library version number "85.0.4183.127"
11-01 01:43:13.200 19474 19519 I cr_CachingUmaRecorder: Flushed 1 samples from 1 histograms.
11-01 01:43:13.239 19021 19031 W art     : Suspending all threads took: 5.236ms
11-01 01:43:13.326 19021 19031 I art     : Background sticky concurrent mark sweep GC freed 50878(2MB) AllocSpace objects, 23(520KB) LOS objects, 10% free, 16MB/18MB, paused 5.938ms total 236.871ms
11-01 01:43:13.359 19021 19083 W chromium: [WARNING:spdy_session.cc(3090)] Received RST for invalid stream1
11-01 01:43:13.362 19021 19076 I TimingUtils: Task Timing 207ms, thread background-3 | task : commitContentMutation | mutations : 32
11-01 01:43:13.363 19021 19076 I TimingUtils: Task Timing   0ms, thread background-4 | task : commitSemanticPropertiesMutation | mutations : 0
11-01 01:43:13.363 19021 19076 I TaskQueue:  - Finished 23, time 208 ms
11-01 01:43:13.363 19021 19076 I TaskQueue: Execute task [BACKGROUND - d: false, b: 0]: 11
11-01 01:43:13.364 19021 19076 I SessionCache: Determining accessible content
11-01 01:43:13.366 19021 19076 I TimingUtils: Task Timing   2ms, thread background-5 | task : ContentGc | contentItemsRemoved : 0
11-01 01:43:13.366 19021 19076 I TaskQueue:  - Finished 11, time 3 ms
11-01 01:43:13.380 19461 19520 I cr_LibraryLoader: Loaded native library version number "85.0.4183.127"
11-01 01:43:13.383 19461 19520 I cr_CachingUmaRecorder: Flushed 1 samples from 1 histograms.
11-01 01:43:13.441 19461 19520 I chromium: [INFO:child_process_service.cc(69)] ChildProcessService: Exiting child process.
11-01 01:43:13.441   197   197 E lowmemorykiller: Error writing /proc/19461/oom_score_adj; errno=22
11-01 01:43:13.470 19021 19021 W chromium: [WARNING:compositor_view.cc(315)] Child process died (type=6) pid=19461)
11-01 01:43:13.470   600  1079 I ActivityManager: Process com.android.chrome:sandboxed_process19 (pid 19461) has died
11-01 01:43:13.470   600  1079 D ActivityManager: cleanUpApplicationRecord -- 19461
11-01 01:43:13.470   600  1079 I ActivityManager: Killing 19448:com.android.chrome:sandboxed_process18/u0a35i978 (adj 0): isolated not needed
11-01 01:43:13.471   600  1079 I ActivityManager: Killing 19433:com.android.chrome:sandboxed_process17/u0a35i977 (adj 0): isolated not needed
11-01 01:43:13.471   600  1079 I ActivityManager: Killing 19421:com.android.chrome:sandboxed_process16/u0a35i976 (adj 0): isolated not needed
11-01 01:43:13.471   600  1079 I ActivityManager: Killing 19414:com.android.chrome:sandboxed_process15/u0a35i975 (adj 0): isolated not needed
11-01 01:43:13.766 20673 20795 I Icing   : IndexChimeraService.getServiceInterface callingPackage=com.google.android.gms componentName=null serviceId=30
11-01 01:43:14.034   600  1080 D ActivityManager: cleanUpApplicationRecord -- 19433
11-01 01:43:14.035 19021 19021 W chromium: [WARNING:compositor_view.cc(315)] Child process died (type=6) pid=19433)
11-01 01:43:14.060   600  1082 D ActivityManager: cleanUpApplicationRecord -- 19167
11-01 01:43:14.067 19021 19021 W chromium: [WARNING:compositor_view.cc(315)] Child process died (type=6) pid=19167)
11-01 01:43:14.084   600 22670 D ActivityManager: cleanUpApplicationRecord -- 19219
11-01 01:43:14.090 19021 19021 W chromium: [WARNING:compositor_view.cc(315)] Child process died (type=6) pid=19219)
11-01 01:43:14.138 19021 19021 W chromium: [WARNING:compositor_view.cc(315)] Child process died (type=6) pid=19448)
11-01 01:43:14.138   600  3509 D ActivityManager: cleanUpApplicationRecord -- 19448
11-01 01:43:14.155   600 25704 D ActivityManager: cleanUpApplicationRecord -- 19184
11-01 01:43:14.178 19021 19021 W chromium: [WARNING:compositor_view.cc(315)] Child process died (type=6) pid=19184)
11-01 01:43:14.280 19021 19021 W chromium: [WARNING:compositor_view.cc(315)] Child process died (type=6) pid=19309)
11-01 01:43:14.287 19021 19021 W chromium: [WARNING:compositor_view.cc(315)] Child process died (type=6) pid=19242)
11-01 01:43:14.324 19021 19021 W chromium: [WARNING:compositor_view.cc(315)] Child process died (type=6) pid=19257)
11-01 01:43:14.326   600  6312 D ActivityManager: cleanUpApplicationRecord -- 19309
11-01 01:43:14.345   600  3967 D ActivityManager: cleanUpApplicationRecord -- 19242
11-01 01:43:14.345   600   610 D ActivityManager: cleanUpApplicationRecord -- 19257
11-01 01:43:14.362   600 10249 D ActivityManager: cleanUpApplicationRecord -- 19414
11-01 01:43:14.381   600  1079 D ActivityManager: cleanUpApplicationRecord -- 19421
11-01 01:43:14.391 19021 19021 W chromium: [WARNING:compositor_view.cc(315)] Child process died (type=6) pid=19414)
11-01 01:43:14.673   600 27731 D ActivityManager: cleanUpApplicationRecord -- 19337
11-01 01:43:14.851 20673 28372 E native  : document-store.cc:1328 Failed to update per-doc-data with usage report
11-01 01:43:14.906 20673 28372 I Icing   : Usage reports ok 1, Failed Usage reports 1, indexed 0, rejected 0
11-01 01:43:14.907 19021 19021 W chromium: [WARNING:compositor_view.cc(315)] Child process died (type=6) pid=19421)
11-01 01:43:14.908 20673 28372 I Icing   : Removing corpus key com.android.chrome-omnibox for package com.android.chrome
11-01 01:43:14.910 19021 19021 W chromium: [WARNING:compositor_view.cc(315)] Child process died (type=6) pid=19337)
11-01 01:43:14.924 19021 19021 E cr_BTSPrefs: No data found for task id: 53
11-01 01:43:14.926 19021 19021 E cr_BkgrdTaskScheduler: Task cannot be canceled because no data was found instorage or data was invalid
11-01 01:43:14.941 19021 19021 I Choreographer: Skipped 31 frames!  The application may be doing too much work on its main thread.
11-01 01:43:15.130 19021 19080 I cr_omaha: Request to Server Successful. Timestamp for next request:1667266995130
11-01 01:43:15.226 19021 19080 I cr_omaha: Request to Server Successful. Timestamp for next request:1667266995226
11-01 01:43:15.226 19021 19080 I cr_omaha: Attempting to schedule next job for: Tue Nov 01 06:43:14 GMT+01:00 2022
11-01 01:43:15.230 19021 19021 I cr_omaha: Scheduled using JobService
11-01 01:43:15.231 19021 19021 E cr_BkgrdTaskJS: Tried finishing non-current BackgroundTask.
11-01 01:43:15.231   787 28592 W Icing   : isOptedInForAppHistory: empty Account Name encountered
11-01 01:43:15.248   787 28592 W Icing   : isOptedInForAppHistory: empty Account Name encountered
11-01 01:43:15.260   787 12089 W Icing   : isOptedInForAppHistory: empty Account Name encountered
11-01 01:43:15.490 20673 28372 I native  : document-store.cc:1654 Scored 2635 usage reports, missing_corpora 1434 update_failed 1
11-01 01:43:15.531 20673 28372 W Icing   : No valid account for uploading user actions
11-01 01:43:15.704 20673 28372 I Icing   : Usage reports ok 1, Failed Usage reports 0, indexed 1, rejected 0
11-01 01:43:15.706 20673 28372 W Icing   : No valid account for uploading user actions
11-01 01:43:15.729 20673 28372 I Icing   : Usage reports ok 0, Failed Usage reports 0, indexed 0, rejected 0
11-01 01:43:15.733 20673 28372 I Icing   : Indexing com.android.chrome-omnibox from com.android.chrome
11-01 01:43:16.056 20673 28372 I Icing   : Indexing done com.android.chrome-omnibox
11-01 01:43:17.028   787 28592 W Icing   : isOptedInForAppHistory: empty Account Name encountered
11-01 01:43:17.041   787 12089 W Icing   : isOptedInForAppHistory: empty Account Name encountered
11-01 01:43:17.297 19021 19021 I cr_tabmodel: Appending tabs being restored to metadata lists, 0, startingNormalCount: 2, startingIncognitoCount: 0
11-01 01:43:17.297 19021 19021 I cr_tabmodel: Serializing tab lists; counts: 2, 0
11-01 01:43:17.345 19021 19021 I cr_tabmodel: Appending tabs being restored to metadata lists, 0, startingNormalCount: 2, startingIncognitoCount: 0
11-01 01:43:17.345 19021 19021 I cr_tabmodel: Serializing tab lists; counts: 2, 0
11-01 01:43:17.652   787 28597 W Icing   : isOptedInForAppHistory: empty Account Name encountered
11-01 01:43:17.699   787 28597 W Icing   : isOptedInForAppHistory: empty Account Name encountered
11-01 01:43:17.728   787 14699 W Icing   : isOptedInForAppHistory: empty Account Name encountered
11-01 01:43:17.882   787   804 I art     : Background partial concurrent mark sweep GC freed 70764(4MB) AllocSpace objects, 3(92KB) LOS objects, 40% free, 12MB/20MB, paused 951us total 103.803ms
11-01 01:43:17.937 20673 28372 I Icing   : Indexing com.android.chrome-internal.3p:WebPage from com.android.chrome
11-01 01:43:17.940 20673 28372 E SQLiteLog: (1) no such table: WebPage_com.android.chrome_seq_table
11-01 01:43:17.953 20673 28372 E Icing   : Cursor call threw an exception: no such table: WebPage_com.android.chrome_seq_table (code 1): , while compiling: SELECT * FROM [WebPage_com.android.chrome_seq_table] WHERE seqno>0 AND tag IS NULL ORDER BY seqno LIMIT 20
11-01 01:43:17.953 20673 28372 I Icing   : Indexing done com.android.chrome-internal.3p:WebPage
11-01 01:43:17.953 20673 28372 E Icing   : Aborting indexing of corpus internal.3p:WebPage
11-01 01:43:17.960 20673 28372 I Icing   : Indexing com.android.chrome-internal.3p:WebPage from com.android.chrome using seqno 0
11-01 01:43:20.322 19021 19021 E cr_BTSPrefs: No data found for task id: 57
11-01 01:43:20.322 19021 19021 E cr_BkgrdTaskScheduler: Task cannot be canceled because no data was found instorage or data was invalid
11-01 01:43:20.322 19021 19021 E cr_BTSPrefs: No data found for task id: 56
11-01 01:43:20.322 19021 19021 E cr_BkgrdTaskScheduler: Task cannot be canceled because no data was found instorage or data was invalid
11-01 01:43:20.725 19021 19021 I cr_tabmodel: Appending tabs being restored to metadata lists, 0, startingNormalCount: 2, startingIncognitoCount: 0
11-01 01:43:20.725 19021 19021 I cr_tabmodel: Serializing tab lists; counts: 2, 0
11-01 01:43:27.034 19568 19568 D AndroidRuntime: >>>>>> START com.android.internal.os.RuntimeInit uid 2000 <<<<<<
11-01 01:43:27.038 19568 19568 D AndroidRuntime: CheckJNI is OFF
11-01 01:43:27.105 19568 19568 D ICU     : No timezone override file found: /data/misc/zoneinfo/current/icu/icu_tzdata.dat
11-01 01:43:27.138 19568 19568 I Radio-JNI: register_android_hardware_Radio DONE
11-01 01:43:27.153 19568 19568 D AndroidRuntime: Calling main entry com.android.commands.monkey.Monkey
11-01 01:43:27.222   600   613 W BroadcastQueue: Skipping deliver [background] BroadcastRecord{772a0f7 u-1 android.net.conn.CONNECTIVITY_CHANGE} to ReceiverList{ee3fb64 19568 (unknown name)/2000/u-1 remote:3fcd91}: process crashing
11-01 01:43:28.695 19568 19568 D MonkeyStub: translateCommand: wake
11-01 01:43:28.900 19568 19568 D MonkeyStub: translateCommand: tap 201 1873
11-01 01:43:39.071 19568 19568 D MonkeyStub: translateCommand: touch down 614 1561
11-01 01:43:39.079 19568 19568 D MonkeyStub: translateCommand: touch move 614 1561
11-01 01:43:39.184 19568 19568 D MonkeyStub: translateCommand: touch move 614 1436
11-01 01:43:39.296 19568 19568 D MonkeyStub: translateCommand: touch move 614 1311
11-01 01:43:39.408 19568 19568 D MonkeyStub: translateCommand: touch move 614 1186
11-01 01:43:39.526 19568 19568 D MonkeyStub: translateCommand: touch move 614 1061
11-01 01:43:39.648 19568 19568 D MonkeyStub: translateCommand: touch move 614 937
11-01 01:43:39.762 19568 19568 D MonkeyStub: translateCommand: touch move 614 812
11-01 01:43:39.876 19568 19568 D MonkeyStub: translateCommand: touch move 614 687
11-01 01:43:40.000 19568 19568 D MonkeyStub: translateCommand: touch move 614 562
11-01 01:43:40.131 19568 19568 D MonkeyStub: translateCommand: touch move 614 437
11-01 01:43:40.256 19568 19568 D MonkeyStub: translateCommand: touch move 614 312
11-01 01:43:40.264 19568 19568 D MonkeyStub: translateCommand: touch up 614 312
11-01 01:43:40.319 19568 19568 D MonkeyStub: translateCommand: touch down 614 1561
11-01 01:43:40.336 19568 19568 D MonkeyStub: translateCommand: touch move 614 1561
11-01 01:43:40.444 19568 19568 D MonkeyStub: translateCommand: touch move 614 1436
11-01 01:43:40.554 19568 19568 D MonkeyStub: translateCommand: touch move 614 1311
11-01 01:43:40.669 19568 19568 D MonkeyStub: translateCommand: touch move 614 1186
11-01 01:43:40.782 19568 19568 D MonkeyStub: translateCommand: touch move 614 1061
11-01 01:43:40.897 19568 19568 D MonkeyStub: translateCommand: touch move 614 937
11-01 01:43:41.006 19568 19568 D MonkeyStub: translateCommand: touch move 614 812
11-01 01:43:41.119 19568 19568 D MonkeyStub: translateCommand: touch move 614 687
11-01 01:43:41.226 19568 19568 D MonkeyStub: translateCommand: touch move 614 562
11-01 01:43:41.336 19568 19568 D MonkeyStub: translateCommand: touch move 614 437
11-01 01:43:41.450 19568 19568 D MonkeyStub: translateCommand: touch move 614 312
11-01 01:43:41.469 19568 19568 D MonkeyStub: translateCommand: touch up 614 312
11-01 01:43:41.497 19568 19568 D MonkeyStub: translateCommand: touch down 614 1561
11-01 01:43:41.506 19568 19568 D MonkeyStub: translateCommand: touch move 614 1561
11-01 01:43:41.620 19568 19568 D MonkeyStub: translateCommand: touch move 614 1436
11-01 01:43:41.727 19568 19568 D MonkeyStub: translateCommand: touch move 614 1311
11-01 01:43:41.855 19568 19568 D MonkeyStub: translateCommand: touch move 614 1186
11-01 01:43:42.037 19568 19568 D MonkeyStub: translateCommand: touch move 614 1061
11-01 01:43:42.153 19568 19568 D MonkeyStub: translateCommand: touch move 614 937
11-01 01:43:42.262 19568 19568 D MonkeyStub: translateCommand: touch move 614 812
11-01 01:43:42.400 19568 19568 D MonkeyStub: translateCommand: touch move 614 687
11-01 01:43:42.526 19568 19568 D MonkeyStub: translateCommand: touch move 614 562
11-01 01:43:42.635 19568 19568 D MonkeyStub: translateCommand: touch move 614 437
11-01 01:43:42.751 19568 19568 D MonkeyStub: translateCommand: touch move 614 312
11-01 01:43:42.764 19568 19568 D MonkeyStub: translateCommand: touch up 614 312
11-01 01:43:43.557 20673 20795 I Icing   : IndexChimeraService.getServiceInterface callingPackage=com.android.chrome componentName=null serviceId=36
11-01 01:43:43.581 20673 28372 W Icing   : No valid account for uploading user actions
11-01 01:43:43.602 20673 21212 I Icing   : IndexChimeraService.getServiceInterface callingPackage=com.google.android.gms componentName=null serviceId=30
11-01 01:43:43.651 20673 28372 I Icing   : Usage reports ok 2, Failed Usage reports 0, indexed 1, rejected 0
11-01 01:43:43.654 20673 28372 W Icing   : No valid account for uploading user actions
11-01 01:43:43.665 20673 28372 I Icing   : Usage reports ok 0, Failed Usage reports 0, indexed 0, rejected 0
11-01 01:43:43.666 20673 28372 I Icing   : Indexing com.android.chrome-omnibox from com.android.chrome
11-01 01:43:43.677 20673 28372 I Icing   : Indexing done com.android.chrome-omnibox
11-01 01:43:44.809 19568 19568 D MonkeyStub: translateCommand: touch down 614 1561
11-01 01:43:44.828 19568 19568 D MonkeyStub: translateCommand: touch move 614 1561
11-01 01:43:44.969 19568 19568 D MonkeyStub: translateCommand: touch move 614 1436
11-01 01:43:45.118 19568 19568 D MonkeyStub: translateCommand: touch move 614 1311
11-01 01:43:45.232 19568 19568 D MonkeyStub: translateCommand: touch move 614 1186
11-01 01:43:45.343 19568 19568 D MonkeyStub: translateCommand: touch move 614 1061
11-01 01:43:45.466 19568 19568 D MonkeyStub: translateCommand: touch move 614 937
11-01 01:43:45.585 19568 19568 D MonkeyStub: translateCommand: touch move 614 812
11-01 01:43:45.745 19568 19568 D MonkeyStub: translateCommand: touch move 614 687
11-01 01:43:45.913 19568 19568 D MonkeyStub: translateCommand: touch move 614 562
11-01 01:43:46.026 19568 19568 D MonkeyStub: translateCommand: touch move 614 437
11-01 01:43:46.140 19568 19568 D MonkeyStub: translateCommand: touch move 614 312
11-01 01:43:46.150 19568 19568 D MonkeyStub: translateCommand: touch up 614 312
11-01 01:43:46.225 19568 19568 D MonkeyStub: translateCommand: touch down 614 1561
11-01 01:43:46.233 19568 19568 D MonkeyStub: translateCommand: touch move 614 1561
11-01 01:43:46.345 19568 19568 D MonkeyStub: translateCommand: touch move 614 1436
11-01 01:43:46.488 19568 19568 D MonkeyStub: translateCommand: touch move 614 1311
11-01 01:43:46.610 19568 19568 D MonkeyStub: translateCommand: touch move 614 1186
11-01 01:43:46.724 19568 19568 D MonkeyStub: translateCommand: touch move 614 1061
11-01 01:43:46.837 19568 19568 D MonkeyStub: translateCommand: touch move 614 937
11-01 01:43:46.953 19568 19568 D MonkeyStub: translateCommand: touch move 614 812
11-01 01:43:47.062 19568 19568 D MonkeyStub: translateCommand: touch move 614 687
11-01 01:43:47.171 19568 19568 D MonkeyStub: translateCommand: touch move 614 562
11-01 01:43:47.281 19568 19568 D MonkeyStub: translateCommand: touch move 614 437
11-01 01:43:47.386 19568 19568 D MonkeyStub: translateCommand: touch move 614 312
11-01 01:43:47.410 19568 19568 D MonkeyStub: translateCommand: touch up 614 312
11-01 01:43:47.797   787  1547 W NetworkScheduler: Error inserting service_kind=0 source=16 tag=Measurement.PackageMeasurementTaskService.UPLOAD_TASK_TAG target_package=com.google.android.gms requires_charging=0 source_version=203915000 required_network_type=0 flex_time=3599000 persistence_level=1 target_class=com.google.android.gms.measurement.PackageMeasurementTaskService runtime=1667262932343 retry_strategy={"maximum_backoff_seconds":{"3600":0},"initial_backoff_seconds":{"30":0},"retry_policy":{"0":0}} preferred_network_type=1 required_idleness_state=0 preferred_charging_state=1 period=7200000 last_runtime=0 task_type=0 job_id=-1 user_id=0, error message: UNIQUE constraint failed: pending_ops.tag, pending_ops.target_class, pending_ops.target_package, pending_ops.user_id (code 2067) [CONTEXT service_id=218 ]
11-01 01:43:47.842   787 12089 I NetworkScheduler.Stats: Task com.google.android.gms/com.google.android.gms.icing.service.IcingGcmTaskService started execution. cause:4 exec_start_elapsed_seconds: 215476 [CONTEXT service_id=218 ]
11-01 01:43:47.848   787 14699 I NetworkScheduler.Stats: Task com.google.android.gms/com.google.android.gms.icing.service.IcingGcmTaskService finished executing. cause:4 result: 1 elapsed_millis: 24 uptime_millis: 23 exec_start_elapsed_seconds: 215476 [CONTEXT service_id=218 ]
11-01 01:43:49.866   600 29683 I ActivityManager: Start proc 19618:com.android.chrome:sandboxed_process21/u0i981 for service com.android.chrome/org.chromium.content.app.SandboxedProcessService21
11-01 01:43:49.914 19618 19618 W boxed_process21: type=1400 audit(0.0:17200): avc: denied { getattr } for path="/data/data/com.android.chrome" dev="dm-2" ino=12190 scontext=u:r:isolated_app:s0:c512,c768 tcontext=u:object_r:app_data_file:s0:c512,c768 tclass=dir permissive=0
11-01 01:43:49.939 19618 19618 I cr_ChildProcessService: Creating new ChildProcessService pid=19618
11-01 01:43:49.981 19618 19631 I cr_LibraryLoader: Loaded native library version number "85.0.4183.127"
11-01 01:43:49.981 19618 19631 I cr_CachingUmaRecorder: Flushed 1 samples from 1 histograms.
11-01 01:43:49.994 19631 19631 W CrUtilityMain: type=1400 audit(0.0:17201): avc: denied { setattr } for name="LICENSE.txt" dev="dm-2" ino=59473 scontext=u:r:isolated_app:s0:c512,c768 tcontext=u:object_r:app_data_file:s0:c512,c768 tclass=file permissive=0
11-01 01:43:49.994 19631 19631 W CrUtilityMain: type=1400 audit(0.0:17202): avc: denied { setattr } for name=46696C746572696E672052756C6573 dev="dm-2" ino=59582 scontext=u:r:isolated_app:s0:c512,c768 tcontext=u:object_r:app_data_file:s0:c512,c768 tclass=file permissive=0
11-01 01:43:49.994 19631 19631 W CrUtilityMain: type=1400 audit(0.0:17203): avc: denied { setattr } for name="manifest.json" dev="dm-2" ino=59387 scontext=u:r:isolated_app:s0:c512,c768 tcontext=u:object_r:app_data_file:s0:c512,c768 tclass=file permissive=0
11-01 01:43:49.997 19631 19631 W CrUtilityMain: type=1400 audit(0.0:17204): avc: denied { setattr } for name="verified_contents.json" dev="dm-2" ino=59182 scontext=u:r:isolated_app:s0:c512,c768 tcontext=u:object_r:app_data_file:s0:c512,c768 tclass=file permissive=0
11-01 01:43:50.009 19618 19618 I cr_ChildProcessService: Destroying ChildProcessService pid=19618
11-01 01:43:50.010 19618 19631 I chromium: [INFO:child_process_service.cc(69)] ChildProcessService: Exiting child process.
11-01 01:43:50.026   600 16391 I ActivityManager: Process com.android.chrome:sandboxed_process21 (pid 19618) has died
11-01 01:43:50.026   600 16391 D ActivityManager: cleanUpApplicationRecord -- 19618
11-01 01:43:50.046 19021 19021 W chromium: [WARNING:compositor_view.cc(315)] Child process died (type=6) pid=19618)
11-01 01:43:50.071   600 24611 I ActivityManager: Start proc 19637:com.android.chrome:sandboxed_process22/u0i982 for service com.android.chrome/org.chromium.content.app.SandboxedProcessService22
11-01 01:43:50.097 19637 19637 W boxed_process22: type=1400 audit(0.0:17205): avc: denied { getattr } for path="/data/data/com.android.chrome" dev="dm-2" ino=12190 scontext=u:r:isolated_app:s0:c512,c768 tcontext=u:object_r:app_data_file:s0:c512,c768 tclass=dir permissive=0
11-01 01:43:50.119 19637 19637 I cr_ChildProcessService: Creating new ChildProcessService pid=19637
11-01 01:43:50.154 19637 19650 I cr_LibraryLoader: Loaded native library version number "85.0.4183.127"
11-01 01:43:50.155 19637 19650 I cr_CachingUmaRecorder: Flushed 1 samples from 1 histograms.
11-01 01:43:50.167 19650 19650 W CrUtilityMain: type=1400 audit(0.0:17206): avc: denied { setattr } for name="optimization-hints.pb" dev="dm-2" ino=59891 scontext=u:r:isolated_app:s0:c512,c768 tcontext=u:object_r:app_data_file:s0:c512,c768 tclass=file permissive=0
11-01 01:43:50.167 19650 19650 W CrUtilityMain: type=1400 audit(0.0:17207): avc: denied { setattr } for name="manifest.json" dev="dm-2" ino=59909 scontext=u:r:isolated_app:s0:c512,c768 tcontext=u:object_r:app_data_file:s0:c512,c768 tclass=file permissive=0
11-01 01:43:50.167 19650 19650 W CrUtilityMain: type=1400 audit(0.0:17208): avc: denied { setattr } for name="verified_contents.json" dev="dm-2" ino=59779 scontext=u:r:isolated_app:s0:c512,c768 tcontext=u:object_r:app_data_file:s0:c512,c768 tclass=file permissive=0
11-01 01:43:50.177 19637 19650 I chromium: [INFO:child_process_service.cc(69)] ChildProcessService: Exiting child process.
11-01 01:43:50.200   600  1079 I ActivityManager: Process com.android.chrome:sandboxed_process22 (pid 19637) has died
11-01 01:43:50.200   600  1079 D ActivityManager: cleanUpApplicationRecord -- 19637
11-01 01:43:50.201 19021 19021 W chromium: [WARNING:compositor_view.cc(315)] Child process died (type=6) pid=19637)
11-01 01:43:50.472   600  3967 I ActivityManager: Start proc 19654:com.android.chrome:sandboxed_process23/u0i983 for service com.android.chrome/org.chromium.content.app.SandboxedProcessService23
11-01 01:43:50.478 19568 19568 D MonkeyStub: translateCommand: tap 1276 934
11-01 01:43:50.577 19654 19654 W boxed_process23: type=1400 audit(0.0:17209): avc: denied { getattr } for path="/data/data/com.android.chrome" dev="dm-2" ino=12190 scontext=u:r:isolated_app:s0:c512,c768 tcontext=u:object_r:app_data_file:s0:c512,c768 tclass=dir permissive=0
11-01 01:43:50.617 19654 19654 I cr_ChildProcessService: Creating new ChildProcessService pid=19654
11-01 01:43:50.683 19654 19667 I cr_LibraryLoader: Loaded native library version number "85.0.4183.127"
11-01 01:43:50.683 19654 19667 I cr_CachingUmaRecorder: Flushed 1 samples from 1 histograms.
11-01 01:43:50.714 19667 19667 W CrUtilityMain: type=1400 audit(0.0:17210): avc: denied { setattr } for name="crl-set" dev="dm-2" ino=60232 scontext=u:r:isolated_app:s0:c512,c768 tcontext=u:object_r:app_data_file:s0:c512,c768 tclass=file permissive=0
11-01 01:43:50.717 19667 19667 W CrUtilityMain: type=1400 audit(0.0:17211): avc: denied { setattr } for name="manifest.json" dev="dm-2" ino=60419 scontext=u:r:isolated_app:s0:c512,c768 tcontext=u:object_r:app_data_file:s0:c512,c768 tclass=file permissive=0
11-01 01:43:50.717 19667 19667 W CrUtilityMain: type=1400 audit(0.0:17212): avc: denied { setattr } for name="LICENSE" dev="dm-2" ino=60511 scontext=u:r:isolated_app:s0:c512,c768 tcontext=u:object_r:app_data_file:s0:c512,c768 tclass=file permissive=0
11-01 01:43:50.721 19667 19667 W CrUtilityMain: type=1400 audit(0.0:17213): avc: denied { setattr } for name="verified_contents.json" dev="dm-2" ino=60399 scontext=u:r:isolated_app:s0:c512,c768 tcontext=u:object_r:app_data_file:s0:c512,c768 tclass=file permissive=0
11-01 01:43:50.733 19654 19667 I chromium: [INFO:child_process_service.cc(69)] ChildProcessService: Exiting child process.
11-01 01:43:50.734   197   197 E lowmemorykiller: Error writing /proc/19654/oom_score_adj; errno=22
11-01 01:43:50.755   600  2707 I ActivityManager: Process com.android.chrome:sandboxed_process23 (pid 19654) has died
11-01 01:43:50.755   600  2707 D ActivityManager: cleanUpApplicationRecord -- 19654
11-01 01:43:50.773 19021 19021 W chromium: [WARNING:compositor_view.cc(315)] Child process died (type=6) pid=19654)
11-01 01:43:50.803   787  1169 E AsyncOperation: serviceID=121, operation=GetLaunchDataOperation [CONTEXT service_id=259 ]
11-01 01:43:50.803   787  1169 E AsyncOperation: OperationException[Status{statusCode=Not an instant app, resolution=null}]
11-01 01:43:50.803   787  1169 E AsyncOperation: 	at aeay.a(:com.google.android.gms@203915020@20.39.15 (040406-335085812):20)
11-01 01:43:50.803   787  1169 E AsyncOperation: 	at aain.run(:com.google.android.gms@203915020@20.39.15 (040406-335085812):7)
11-01 01:43:50.803   787  1169 E AsyncOperation: 	at boex.run(:com.google.android.gms@203915020@20.39.15 (040406-335085812):2)
11-01 01:43:50.803   787  1169 E AsyncOperation: 	at sup.b(:com.google.android.gms@203915020@20.39.15 (040406-335085812):12)
11-01 01:43:50.803   787  1169 E AsyncOperation: 	at sup.run(:com.google.android.gms@203915020@20.39.15 (040406-335085812):7)
11-01 01:43:50.803   787  1169 E AsyncOperation: 	at java.util.concurrent.ThreadPoolExecutor.runWorker(ThreadPoolExecutor.java:1133)
11-01 01:43:50.803   787  1169 E AsyncOperation: 	at java.util.concurrent.ThreadPoolExecutor$Worker.run(ThreadPoolExecutor.java:607)
11-01 01:43:50.803   787  1169 E AsyncOperation: 	at tam.run(:com.google.android.gms@203915020@20.39.15 (040406-335085812):0)
11-01 01:43:50.803   787  1169 E AsyncOperation: 	at java.lang.Thread.run(Thread.java:761)
11-01 01:43:51.458   600 25704 I ActivityManager: Start proc 19675:com.android.chrome:sandboxed_process24/u0i984 for service com.android.chrome/org.chromium.content.app.SandboxedProcessService24
11-01 01:43:51.544 19675 19675 W boxed_process24: type=1400 audit(0.0:17214): avc: denied { getattr } for path="/data/data/com.android.chrome" dev="dm-2" ino=12190 scontext=u:r:isolated_app:s0:c512,c768 tcontext=u:object_r:app_data_file:s0:c512,c768 tclass=dir permissive=0
11-01 01:43:51.672 19675 19675 I cr_ChildProcessService: Creating new ChildProcessService pid=19675
11-01 01:43:51.759 19675 19689 I cr_LibraryLoader: Loaded native library version number "85.0.4183.127"
11-01 01:43:51.762 19675 19689 I cr_CachingUmaRecorder: Flushed 1 samples from 1 histograms.
11-01 01:43:51.794 19689 19689 W CrUtilityMain: type=1400 audit(0.0:17215): avc: denied { setattr } for name="manifest.json" dev="dm-2" ino=61038 scontext=u:r:isolated_app:s0:c512,c768 tcontext=u:object_r:app_data_file:s0:c512,c768 tclass=file permissive=0
11-01 01:43:51.797 19689 19689 W CrUtilityMain: type=1400 audit(0.0:17216): avc: denied { setattr } for name="verified_contents.json" dev="dm-2" ino=45487 scontext=u:r:isolated_app:s0:c512,c768 tcontext=u:object_r:app_data_file:s0:c512,c768 tclass=file permissive=0
11-01 01:43:51.803 19675 19689 I chromium: [INFO:child_process_service.cc(69)] ChildProcessService: Exiting child process.
11-01 01:43:51.839   600   610 I ActivityManager: Process com.android.chrome:sandboxed_process24 (pid 19675) has died
11-01 01:43:51.840   600   610 D ActivityManager: cleanUpApplicationRecord -- 19675
11-01 01:43:51.860 19021 19021 W chromium: [WARNING:compositor_view.cc(315)] Child process died (type=6) pid=19675)
11-01 01:43:52.669   787  1714 W Icing   : isOptedInForAppHistory: empty Account Name encountered
11-01 01:43:52.695   787  1714 W Icing   : isOptedInForAppHistory: empty Account Name encountered
11-01 01:43:52.996   787 14699 W Icing   : isOptedInForAppHistory: empty Account Name encountered
11-01 01:43:53.959   600 13558 I ActivityManager: Start proc 19693:com.android.chrome:sandboxed_process25/u0i985 for service com.android.chrome/org.chromium.content.app.SandboxedProcessService25
11-01 01:43:54.007 19693 19693 W boxed_process25: type=1400 audit(0.0:17217): avc: denied { getattr } for path="/data/data/com.android.chrome" dev="dm-2" ino=12190 scontext=u:r:isolated_app:s0:c512,c768 tcontext=u:object_r:app_data_file:s0:c512,c768 tclass=dir permissive=0
11-01 01:43:54.031 19693 19693 I cr_ChildProcessService: Creating new ChildProcessService pid=19693
11-01 01:43:54.075 19693 19707 I cr_LibraryLoader: Loaded native library version number "85.0.4183.127"
11-01 01:43:54.076 19693 19707 I cr_CachingUmaRecorder: Flushed 1 samples from 1 histograms.
11-01 01:43:54.121 19707 19707 W CrUtilityMain: type=1400 audit(0.0:17218): avc: denied { setattr } for name="tl_en-us_2022-10-26_484799359_100000_index.bin" dev="dm-2" ino=22845 scontext=u:r:isolated_app:s0:c512,c768 tcontext=u:object_r:app_data_file:s0:c512,c768 tclass=file permissive=0
11-01 01:43:54.121 19707 19707 W CrUtilityMain: type=1400 audit(0.0:17219): avc: denied { setattr } for name="manifest.json" dev="dm-2" ino=23153 scontext=u:r:isolated_app:s0:c512,c768 tcontext=u:object_r:app_data_file:s0:c512,c768 tclass=file permissive=0
11-01 01:43:54.124 19707 19707 W CrUtilityMain: type=1400 audit(0.0:17220): avc: denied { setattr } for name="verified_contents.json" dev="dm-2" ino=22976 scontext=u:r:isolated_app:s0:c512,c768 tcontext=u:object_r:app_data_file:s0:c512,c768 tclass=file permissive=0
11-01 01:43:54.143 19693 19707 I chromium: [INFO:child_process_service.cc(69)] ChildProcessService: Exiting child process.
11-01 01:43:54.163   600  3994 I ActivityManager: Process com.android.chrome:sandboxed_process25 (pid 19693) has died
11-01 01:43:54.163   600  3994 D ActivityManager: cleanUpApplicationRecord -- 19693
11-01 01:43:54.172 19021 19021 W chromium: [WARNING:compositor_view.cc(315)] Child process died (type=6) pid=19693)
11-01 01:43:54.865 19021 19021 I cr_tabmodel: Appending tabs being restored to metadata lists, 0, startingNormalCount: 2, startingIncognitoCount: 0
11-01 01:43:54.865 19021 19021 I cr_tabmodel: Serializing tab lists; counts: 2, 0
11-01 01:43:55.000   198   198 E SELinux : avc:  denied  { find } for service=netd pid=19713 uid=2000 scontext=u:r:shell:s0 tcontext=u:object_r:netd_service:s0 tclass=service_manager permissive=0
11-01 01:43:55.004   198   198 E SELinux : avc:  denied  { find } for service=android.service.gatekeeper.IGateKeeperService pid=19713 uid=2000 scontext=u:r:shell:s0 tcontext=u:object_r:gatekeeper_service:s0 tclass=service_manager permissive=0
11-01 01:43:56.211 19021 19021 I cr_tabmodel: Appending tabs being restored to metadata lists, 0, startingNormalCount: 2, startingIncognitoCount: 0
11-01 01:43:56.211 19021 19021 I cr_tabmodel: Serializing tab lists; counts: 2, 0
11-01 01:43:56.505   600 17381 I ActivityManager: Start proc 19714:com.android.chrome:sandboxed_process26/u0i986 for service com.android.chrome/org.chromium.content.app.SandboxedProcessService26
11-01 01:43:56.601 19714 19714 W boxed_process26: type=1400 audit(0.0:17221): avc: denied { getattr } for path="/data/data/com.android.chrome" dev="dm-2" ino=12190 scontext=u:r:isolated_app:s0:c512,c768 tcontext=u:object_r:app_data_file:s0:c512,c768 tclass=dir permissive=0
11-01 01:43:56.628 19714 19714 I cr_ChildProcessService: Creating new ChildProcessService pid=19714
11-01 01:43:56.687 19714 19727 I cr_LibraryLoader: Loaded native library version number "85.0.4183.127"
11-01 01:43:56.688 19714 19727 I cr_CachingUmaRecorder: Flushed 1 samples from 1 histograms.
11-01 01:43:56.707 19727 19727 W CrUtilityMain: type=1400 audit(0.0:17222): avc: denied { setattr } for name="ssl_error_assistant.pb" dev="dm-2" ino=23391 scontext=u:r:isolated_app:s0:c512,c768 tcontext=u:object_r:app_data_file:s0:c512,c768 tclass=file permissive=0
11-01 01:43:56.707 19727 19727 W CrUtilityMain: type=1400 audit(0.0:17223): avc: denied { setattr } for name="manifest.json" dev="dm-2" ino=23445 scontext=u:r:isolated_app:s0:c512,c768 tcontext=u:object_r:app_data_file:s0:c512,c768 tclass=file permissive=0
11-01 01:43:56.711 19727 19727 W CrUtilityMain: type=1400 audit(0.0:17224): avc: denied { setattr } for name="verified_contents.json" dev="dm-2" ino=23597 scontext=u:r:isolated_app:s0:c512,c768 tcontext=u:object_r:app_data_file:s0:c512,c768 tclass=file permissive=0
11-01 01:43:56.718 19714 19727 I chromium: [INFO:child_process_service.cc(69)] ChildProcessService: Exiting child process.
11-01 01:43:56.749   600 13558 I ActivityManager: Process com.android.chrome:sandboxed_process26 (pid 19714) has died
11-01 01:43:56.749   600 13558 D ActivityManager: cleanUpApplicationRecord -- 19714
11-01 01:43:56.751 19021 19021 W chromium: [WARNING:compositor_view.cc(315)] Child process died (type=6) pid=19714)
11-01 01:43:59.397   600   713 I ActivityManager: Start proc 19731:com.android.chrome:sandboxed_process27/u0i987 for service com.android.chrome/org.chromium.content.app.SandboxedProcessService27
11-01 01:43:59.464 19731 19731 W boxed_process27: type=1400 audit(0.0:17225): avc: denied { getattr } for path="/data/data/com.android.chrome" dev="dm-2" ino=12190 scontext=u:r:isolated_app:s0:c512,c768 tcontext=u:object_r:app_data_file:s0:c512,c768 tclass=dir permissive=0
11-01 01:43:59.495 19731 19731 I cr_ChildProcessService: Creating new ChildProcessService pid=19731
11-01 01:43:59.547 19731 19744 I cr_LibraryLoader: Loaded native library version number "85.0.4183.127"
11-01 01:43:59.547 19731 19744 I cr_CachingUmaRecorder: Flushed 1 samples from 1 histograms.
11-01 01:43:59.557 19744 19744 W CrUtilityMain: type=1400 audit(0.0:17226): avc: denied { setattr } for name="download_file_types.pb" dev="dm-2" ino=23399 scontext=u:r:isolated_app:s0:c512,c768 tcontext=u:object_r:app_data_file:s0:c512,c768 tclass=file permissive=0
11-01 01:43:59.561 19744 19744 W CrUtilityMain: type=1400 audit(0.0:17227): avc: denied { setattr } for name="manifest.json" dev="dm-2" ino=23298 scontext=u:r:isolated_app:s0:c512,c768 tcontext=u:object_r:app_data_file:s0:c512,c768 tclass=file permissive=0
11-01 01:43:59.561 19744 19744 W CrUtilityMain: type=1400 audit(0.0:17228): avc: denied { setattr } for name="verified_contents.json" dev="dm-2" ino=23381 scontext=u:r:isolated_app:s0:c512,c768 tcontext=u:object_r:app_data_file:s0:c512,c768 tclass=file permissive=0
11-01 01:43:59.571 19731 19744 I chromium: [INFO:child_process_service.cc(69)] ChildProcessService: Exiting child process.
11-01 01:43:59.589   600  1080 I ActivityManager: Process com.android.chrome:sandboxed_process27 (pid 19731) has died
11-01 01:43:59.589   600  1080 D ActivityManager: cleanUpApplicationRecord -- 19731
11-01 01:43:59.592 19021 19021 W chromium: [WARNING:compositor_view.cc(315)] Child process died (type=6) pid=19731)
11-01 01:44:00.670 19568 19568 D MonkeyStub: translateCommand: tap 201 1873
11-01 01:44:02.315 19021 19021 I Choreographer: Skipped 34 frames!  The application may be doing too much work on its main thread.
11-01 01:44:02.529   600  1080 I ActivityManager: Start proc 19750:com.android.chrome:sandboxed_process28/u0i988 for service com.android.chrome/org.chromium.content.app.SandboxedProcessService28
11-01 01:44:02.561 19750 19750 W boxed_process28: type=1400 audit(0.0:17229): avc: denied { getattr } for path="/data/data/com.android.chrome" dev="dm-2" ino=12190 scontext=u:r:isolated_app:s0:c512,c768 tcontext=u:object_r:app_data_file:s0:c512,c768 tclass=dir permissive=0
11-01 01:44:02.584 19750 19750 I cr_ChildProcessService: Creating new ChildProcessService pid=19750
11-01 01:44:02.618 19750 19763 I cr_LibraryLoader: Loaded native library version number "85.0.4183.127"
11-01 01:44:02.618 19750 19763 I cr_CachingUmaRecorder: Flushed 1 samples from 1 histograms.
11-01 01:44:02.631 19763 19763 W CrUtilityMain: type=1400 audit(0.0:17230): avc: denied { setattr } for name="safety_tips.pb" dev="dm-2" ino=23980 scontext=u:r:isolated_app:s0:c512,c768 tcontext=u:object_r:app_data_file:s0:c512,c768 tclass=file permissive=0
11-01 01:44:02.631 19763 19763 W CrUtilityMain: type=1400 audit(0.0:17231): avc: denied { setattr } for name="manifest.json" dev="dm-2" ino=23770 scontext=u:r:isolated_app:s0:c512,c768 tcontext=u:object_r:app_data_file:s0:c512,c768 tclass=file permissive=0
11-01 01:44:02.634 19763 19763 W CrUtilityMain: type=1400 audit(0.0:17232): avc: denied { setattr } for name="verified_contents.json" dev="dm-2" ino=23781 scontext=u:r:isolated_app:s0:c512,c768 tcontext=u:object_r:app_data_file:s0:c512,c768 tclass=file permissive=0
11-01 01:44:02.643 19750 19763 I chromium: [INFO:child_process_service.cc(69)] ChildProcessService: Exiting child process.
11-01 01:44:02.643   197   197 E lowmemorykiller: Error writing /proc/19750/oom_score_adj; errno=22
11-01 01:44:02.659   600  2707 I ActivityManager: Process com.android.chrome:sandboxed_process28 (pid 19750) has died
11-01 01:44:02.660   600  2707 D ActivityManager: cleanUpApplicationRecord -- 19750
11-01 01:44:02.660 19021 19021 W chromium: [WARNING:compositor_view.cc(315)] Child process died (type=6) pid=19750)
11-01 01:44:05.743 19568 19568 D MonkeyStub: translateCommand: touch down 614 1561
11-01 01:44:05.764 19568 19568 D MonkeyStub: translateCommand: touch move 614 1561
11-01 01:44:05.808   600 24515 I ActivityManager: Start proc 19769:com.android.chrome:sandboxed_process29/u0i989 for service com.android.chrome/org.chromium.content.app.SandboxedProcessService29
11-01 01:44:05.874 19568 19568 D MonkeyStub: translateCommand: touch move 614 1436
11-01 01:44:05.897 19769 19769 W boxed_process29: type=1400 audit(0.0:17233): avc: denied { getattr } for path="/data/data/com.android.chrome" dev="dm-2" ino=12190 scontext=u:r:isolated_app:s0:c512,c768 tcontext=u:object_r:app_data_file:s0:c512,c768 tclass=dir permissive=0
11-01 01:44:05.928 19769 19769 I cr_ChildProcessService: Creating new ChildProcessService pid=19769
11-01 01:44:05.974 19769 19782 I cr_LibraryLoader: Loaded native library version number "85.0.4183.127"
11-01 01:44:05.974 19769 19782 I cr_CachingUmaRecorder: Flushed 1 samples from 1 histograms.
11-01 01:44:05.987 19782 19782 W CrUtilityMain: type=1400 audit(0.0:17234): avc: denied { setattr } for name="tls_deprecation_config.pb" dev="dm-2" ino=23909 scontext=u:r:isolated_app:s0:c512,c768 tcontext=u:object_r:app_data_file:s0:c512,c768 tclass=file permissive=0
11-01 01:44:05.987 19782 19782 W CrUtilityMain: type=1400 audit(0.0:17235): avc: denied { setattr } for name="manifest.json" dev="dm-2" ino=23815 scontext=u:r:isolated_app:s0:c512,c768 tcontext=u:object_r:app_data_file:s0:c512,c768 tclass=file permissive=0
11-01 01:44:05.990 19568 19568 D MonkeyStub: translateCommand: touch move 614 1311
11-01 01:44:05.991 19782 19782 W CrUtilityMain: type=1400 audit(0.0:17236): avc: denied { setattr } for name="verified_contents.json" dev="dm-2" ino=23729 scontext=u:r:isolated_app:s0:c512,c768 tcontext=u:object_r:app_data_file:s0:c512,c768 tclass=file permissive=0
11-01 01:44:06.011 19769 19769 I cr_ChildProcessService: Destroying ChildProcessService pid=19769
11-01 01:44:06.011 19769 19782 I chromium: [INFO:child_process_service.cc(69)] ChildProcessService: Exiting child process.
11-01 01:44:06.043   600   713 I ActivityManager: Process com.android.chrome:sandboxed_process29 (pid 19769) has died
11-01 01:44:06.043   600   713 D ActivityManager: cleanUpApplicationRecord -- 19769
11-01 01:44:06.044 19021 19021 W chromium: [WARNING:compositor_view.cc(315)] Child process died (type=6) pid=19769)
11-01 01:44:06.096 19568 19568 D MonkeyStub: translateCommand: touch move 614 1186
11-01 01:44:06.213 19568 19568 D MonkeyStub: translateCommand: touch move 614 1061
11-01 01:44:06.325 19568 19568 D MonkeyStub: translateCommand: touch move 614 937
11-01 01:44:06.436 19568 19568 D MonkeyStub: translateCommand: touch move 614 812
11-01 01:44:06.556 19568 19568 D MonkeyStub: translateCommand: touch move 614 687
11-01 01:44:06.666 19568 19568 D MonkeyStub: translateCommand: touch move 614 562
11-01 01:44:06.777 19568 19568 D MonkeyStub: translateCommand: touch move 614 437
11-01 01:44:06.895 19568 19568 D MonkeyStub: translateCommand: touch move 614 312
11-01 01:44:06.904 19568 19568 D MonkeyStub: translateCommand: touch up 614 312
11-01 01:44:06.928 19568 19568 D MonkeyStub: translateCommand: touch down 614 1561
11-01 01:44:06.937 19568 19568 D MonkeyStub: translateCommand: touch move 614 1561
11-01 01:44:07.049 19568 19568 D MonkeyStub: translateCommand: touch move 614 1436
11-01 01:44:07.177 19568 19568 D MonkeyStub: translateCommand: touch move 614 1311
