--------- beginning of main
11-02 11:47:02.419 16048 16048 D AndroidRuntime: >>>>>> START com.android.internal.os.RuntimeInit uid 2000 <<<<<<
11-02 11:47:02.423 16048 16048 D AndroidRuntime: CheckJNI is OFF
11-02 11:47:02.489 16048 16048 D ICU     : No timezone override file found: /data/misc/zoneinfo/current/icu/icu_tzdata.dat
11-02 11:47:02.517 16048 16048 I Radio-JNI: register_android_hardware_Radio DONE
11-02 11:47:02.533 16048 16048 D AndroidRuntime: Calling main entry com.android.commands.am.Am
--------- beginning of system
11-02 11:47:02.550   601   612 I ActivityManager: Force stopping com.android.chrome appid=10035 user=0: from pid 16048
11-02 11:47:02.550   601   612 I ActivityManager: Killing 14401:com.android.chrome/u0a35 (adj 902): stop com.android.chrome
11-02 11:47:02.550   601   612 D ActivityManager: cleanUpApplicationRecord -- 14401
11-02 11:47:02.560  1052  1052 D RegisteredNfcFServicesCache: Service unchanged, not updating
11-02 11:47:02.806   601  3864 I ActivityManager: START u0 {act=android.intent.action.VIEW flg=0x10008000 cmp=com.android.chrome/com.google.android.apps.chrome.Main} from uid 2000 on display 0
11-02 11:47:02.841 16048 16048 D AndroidRuntime: Shutting down VM
11-02 11:47:02.880   601  9663 I ActivityManager: Start proc 16058:com.android.chrome/u0a35 for activity com.android.chrome/com.google.android.apps.chrome.Main
11-02 11:47:03.126   601  3864 I ActivityManager: START u0 {cmp=com.android.chrome/org.chromium.chrome.browser.firstrun.TabbedModeFirstRunActivity (has extras)} from uid 10035 on display 0
11-02 11:47:03.144 16058 16075 W DynamiteModule: Local module descriptor class for com.google.android.gms.googlecertificates not found.
11-02 11:47:03.303 16058 16075 I DynamiteModule: Considering local module com.google.android.gms.googlecertificates:0 and remote module com.google.android.gms.googlecertificates:6
11-02 11:47:03.303 16058 16075 I DynamiteModule: Selected remote version of com.google.android.gms.googlecertificates, version >= 6
11-02 11:47:03.355 16058 16076 I cr_LibraryLoader: Loaded native library version number "85.0.4183.127"
11-02 11:47:03.358 16058 16076 I cr_CachingUmaRecorder: Flushed 10 samples from 10 histograms.
11-02 11:47:03.358 16058 16077 I OpenGLRenderer: Initialized EGL, version 1.4
11-02 11:47:03.358 16058 16077 D OpenGLRenderer: Swap behavior 2
11-02 11:47:03.368 16058 16075 W System  : ClassLoader referenced unknown path: 
11-02 11:47:03.372 16058 16075 D ApplicationLoaders: ignored Vulkan layer search path /data/app/com.google.android.gms-1/lib/arm:/data/app/com.google.android.gms-1/base.apk!/lib/armeabi-v7a:/data/app/com.google.android.gms-1/split_config.en.apk!/lib/armeabi-v7a for namespace 0xf38b2090
11-02 11:47:03.375 16058 16075 W ResourceType: ResTable_typeSpec entry count inconsistent: given 67, previously 69
11-02 11:47:03.375 16058 16075 W ResourceType: ResTable_typeSpec entry count inconsistent: given 5346, previously 5347
11-02 11:47:03.409 16058 16075 I DynamiteLoaderV2Impl: [70] Googlecertificates
11-02 11:47:03.420 16058 16075 W System  : ClassLoader referenced unknown path: /data/user_de/0/com.google.android.gms/app_chimera/m/00000061/n/armeabi-v7a
11-02 11:47:03.420 16058 16075 W System  : ClassLoader referenced unknown path: /data/user_de/0/com.google.android.gms/app_chimera/m/00000061/n/armeabi
11-02 11:47:03.489   601   621 W WindowManager: Failed looking up window
11-02 11:47:03.489   601   621 W WindowManager: java.lang.IllegalArgumentException: Requested window android.view.ViewRootImpl$W@2709bf6 does not exist
11-02 11:47:03.489   601   621 W WindowManager: 	at com.android.server.wm.WindowManagerService.windowForClientLocked(WindowManagerService.java:9422)
11-02 11:47:03.489   601   621 W WindowManager: 	at com.android.server.wm.WindowManagerService.windowForClientLocked(WindowManagerService.java:9413)
11-02 11:47:03.489   601   621 W WindowManager: 	at com.android.server.wm.WindowManagerService.removeWindow(WindowManagerService.java:2393)
11-02 11:47:03.489   601   621 W WindowManager: 	at com.android.server.wm.Session.remove(Session.java:202)
11-02 11:47:03.489   601   621 W WindowManager: 	at android.view.ViewRootImpl.dispatchDetachedFromWindow(ViewRootImpl.java:3290)
11-02 11:47:03.489   601   621 W WindowManager: 	at android.view.ViewRootImpl.doDie(ViewRootImpl.java:5917)
11-02 11:47:03.489   601   621 W WindowManager: 	at android.view.ViewRootImpl$ViewRootHandler.handleMessage(ViewRootImpl.java:3626)
11-02 11:47:03.489   601   621 W WindowManager: 	at android.os.Handler.dispatchMessage(Handler.java:102)
11-02 11:47:03.489   601   621 W WindowManager: 	at android.os.Looper.loop(Looper.java:154)
11-02 11:47:03.489   601   621 W WindowManager: 	at android.os.HandlerThread.run(HandlerThread.java:61)
11-02 11:47:03.489   601   621 W WindowManager: 	at com.android.server.ServiceThread.run(ServiceThread.java:46)
11-02 11:47:03.524   601   621 I ActivityManager: Displayed com.android.chrome/org.chromium.chrome.browser.firstrun.TabbedModeFirstRunActivity: +353ms (total +683ms)
11-02 11:47:03.554   785  1711 I FontLog : Received query Google Sans, URI content://com.google.android.gms.fonts [CONTEXT service_id=132 ]
11-02 11:47:03.556   785  1711 I FontLog : Query [Google Sans] resolved to {Google Sans, wdth 100.0, wght 400, ital 0.0, bestEffort false} [CONTEXT service_id=132 ]
11-02 11:47:03.560   785  1711 I FontLog : Font PFD returned from cache for {Google Sans, wdth 100.0, wght 400, ital 0.0, bestEffort false} [CONTEXT service_id=132 ]
11-02 11:47:03.563   785  1711 I FontLog : Fetch {Google Sans, wdth 100.0, wght 400, ital 0.0, bestEffort false} end status Status{statusCode=SUCCESS, resolution=null} [CONTEXT service_id=132 ]
11-02 11:47:03.617   785  1696 I FontLog : Pulling font file for id = 281, cache size = 5 [CONTEXT service_id=132 ]
11-02 11:47:03.642   785  1694 I FontLog : Received query Google Sans:500, URI content://com.google.android.gms.fonts [CONTEXT service_id=132 ]
11-02 11:47:03.642   785  1694 I FontLog : Query [Google Sans:500] resolved to {Google Sans, wdth 100.0, wght 500, ital 0.0, bestEffort false} [CONTEXT service_id=132 ]
11-02 11:47:03.644   785  1694 I FontLog : Font PFD returned from cache for {Google Sans, wdth 100.0, wght 500, ital 0.0, bestEffort false} [CONTEXT service_id=132 ]
11-02 11:47:03.647   785  1694 I FontLog : Fetch {Google Sans, wdth 100.0, wght 500, ital 0.0, bestEffort false} end status Status{statusCode=SUCCESS, resolution=null} [CONTEXT service_id=132 ]
11-02 11:47:03.664   785   804 I FontLog : Pulling font file for id = 282, cache size = 6 [CONTEXT service_id=132 ]
11-02 11:47:03.671   785  1162 E apju    : Phenotype API error. Event # cdub@d3545abe, EventCode: 7 [CONTEXT service_id=51 ]
11-02 11:47:03.671   785  1162 E apju    : apiz: 29505: No config packages for log source, or config package not registered
11-02 11:47:03.671   785  1162 E apju    : 	at apkj.b(:com.google.android.gms@203915020@20.39.15 (040406-335085812):7)
11-02 11:47:03.671   785  1162 E apju    : 	at apkg.b(:com.google.android.gms@203915020@20.39.15 (040406-335085812):2)
11-02 11:47:03.671   785  1162 E apju    : 	at apju.a(:com.google.android.gms@203915020@20.39.15 (040406-335085812):85)
11-02 11:47:03.671   785  1162 E apju    : 	at apju.a(:com.google.android.gms@203915020@20.39.15 (040406-335085812):80)
11-02 11:47:03.671   785  1162 E apju    : 	at aain.run(:com.google.android.gms@203915020@20.39.15 (040406-335085812):7)
11-02 11:47:03.671   785  1162 E apju    : 	at boex.run(:com.google.android.gms@203915020@20.39.15 (040406-335085812):2)
11-02 11:47:03.671   785  1162 E apju    : 	at sup.b(:com.google.android.gms@203915020@20.39.15 (040406-335085812):12)
11-02 11:47:03.671   785  1162 E apju    : 	at sup.run(:com.google.android.gms@203915020@20.39.15 (040406-335085812):7)
11-02 11:47:03.671   785  1162 E apju    : 	at java.util.concurrent.ThreadPoolExecutor.runWorker(ThreadPoolExecutor.java:1133)
11-02 11:47:03.671   785  1162 E apju    : 	at java.util.concurrent.ThreadPoolExecutor$Worker.run(ThreadPoolExecutor.java:607)
11-02 11:47:03.671   785  1162 E apju    : 	at tam.run(:com.google.android.gms@203915020@20.39.15 (040406-335085812):0)
11-02 11:47:03.671   785  1162 E apju    : 	at java.lang.Thread.run(Thread.java:761)
11-02 11:47:03.673   785  1162 E AsyncOperation: serviceID=51, operation=GetExperimentTokensOperationCall [CONTEXT service_id=259 ]
11-02 11:47:03.673   785  1162 E AsyncOperation: OperationException[Status{statusCode=No config packages for log source, or config package not registered, resolution=null}]
11-02 11:47:03.673   785  1162 E AsyncOperation: 	at apju.a(:com.google.android.gms@203915020@20.39.15 (040406-335085812):87)
11-02 11:47:03.673   785  1162 E AsyncOperation: 	at apju.a(:com.google.android.gms@203915020@20.39.15 (040406-335085812):80)
11-02 11:47:03.673   785  1162 E AsyncOperation: 	at aain.run(:com.google.android.gms@203915020@20.39.15 (040406-335085812):7)
11-02 11:47:03.673   785  1162 E AsyncOperation: 	at boex.run(:com.google.android.gms@203915020@20.39.15 (040406-335085812):2)
11-02 11:47:03.673   785  1162 E AsyncOperation: 	at sup.b(:com.google.android.gms@203915020@20.39.15 (040406-335085812):12)
11-02 11:47:03.673   785  1162 E AsyncOperation: 	at sup.run(:com.google.android.gms@203915020@20.39.15 (040406-335085812):7)
11-02 11:47:03.673   785  1162 E AsyncOperation: 	at java.util.concurrent.ThreadPoolExecutor.runWorker(ThreadPoolExecutor.java:1133)
11-02 11:47:03.673   785  1162 E AsyncOperation: 	at java.util.concurrent.ThreadPoolExecutor$Worker.run(ThreadPoolExecutor.java:607)
11-02 11:47:03.673   785  1162 E AsyncOperation: 	at tam.run(:com.google.android.gms@203915020@20.39.15 (040406-335085812):0)
11-02 11:47:03.673   785  1162 E AsyncOperation: 	at java.lang.Thread.run(Thread.java:761)
11-02 11:47:03.679 16058 16075 D NetworkSecurityConfig: Using Network Security Config from resource 0_resource_name_obfuscated debugBuild: false
11-02 11:47:03.751 26552 26552 I MemoryTrimmer: Trimming objects from memory, since app is in the background.
11-02 11:47:03.756 26552 28052 W SearchService: Abort, client detached.
11-02 11:47:03.778 26552 15953 I DeviceStateChecker: DeviceStateChecker cancelled
11-02 11:47:03.778 26552 26552 I MicroDetector: Keeping mic open: false
11-02 11:47:03.779 26552 26616 I AudioController: internalShutdown
11-02 11:47:03.779 26552 26616 I MicrophoneInputStream: mic_close com.google.android.apps.gsa.speech.audio.ae@f59d48e
11-02 11:47:03.779 26552 27106 I MicroRecognitionRunner: Stopping hotword detection.
11-02 11:47:03.787   237   285 I SoundTriggerHwService::Module: void android::SoundTriggerHwService::Module::onCallbackEvent(const sp<android::SoundTriggerHwService::CallbackEvent> &) mClient == 0
11-02 11:47:03.795 26552 15955 I MicroRecognitionRunner: Detection finished
11-02 11:47:03.801  1065  1065 I MemoryTrimmer: Trimming objects from memory, since app is in the background.
11-02 11:47:03.968 16058 16075 I cr_VariationsSeedFetch: Fetched first run seed in 291 ms
11-02 11:47:03.994   601   832 I ActivityManager: Start proc 16094:com.android.chrome:sandboxed_process0/u0i517 for service com.android.chrome/org.chromium.content.app.SandboxedProcessService0
11-02 11:47:04.061 16094 16094 W dboxed_process0: type=1400 audit(0.0:2481): avc: denied { getattr } for path="/data/data/com.android.chrome" dev="dm-2" ino=12190 scontext=u:r:isolated_app:s0:c512,c768 tcontext=u:object_r:app_data_file:s0:c512,c768 tclass=dir permissive=0
11-02 11:47:04.091 16094 16094 I cr_ChildProcessService: Creating new ChildProcessService pid=16094
11-02 11:47:04.198   601 10729 I ActivityManager: Start proc 16121:com.android.chrome:privileged_process0/u0a35 for service com.android.chrome/org.chromium.content.app.PrivilegedProcessService0
11-02 11:47:04.273 16058 16068 W art     : Suspending all threads took: 7.710ms
11-02 11:47:04.275 16058 16068 I art     : Background sticky concurrent mark sweep GC freed 1622(207KB) AllocSpace objects, 13(916KB) LOS objects, 20% free, 5MB/6MB, paused 8.247ms total 22.820ms
11-02 11:47:04.310 16058 16080 W ConnectionStatusConfig: Dynamic lookup for intent failed for action: com.google.android.gms.auth.key.retrieval.service.START
11-02 11:47:04.329 16121 16121 I cr_ChildProcessService: Creating new ChildProcessService pid=16121
11-02 11:47:04.354 16058 16080 W ConnectionStatusConfig: Dynamic lookup for intent failed for action: com.google.android.gms.auth.key.retrieval.service.START
11-02 11:47:04.356   601 12301 W ActivityManager: Unable to start service Intent { act=com.google.android.gms.auth.key.retrieval.service.START pkg=com.google.android.gms } U=0: not found
11-02 11:47:04.382 16058 16058 W cr_KnoxSettingsProvider: Permission to read device policy denied.
11-02 11:47:04.383   601   611 W ActivityManager: Unbind failed: could not find connection for android.os.BinderProxy@173ebf9
11-02 11:47:04.383 16058 16080 E GmsClient: unable to connect to service: com.google.android.gms.auth.key.retrieval.service.START on com.google.android.gms
11-02 11:47:04.384 16121 16139 I cr_LibraryLoader: Loaded native library version number "85.0.4183.127"
11-02 11:47:04.385 16121 16139 I cr_CachingUmaRecorder: Flushed 1 samples from 1 histograms.
11-02 11:47:04.400 16121 16139 E libEGL  : validate_display:99 error 3008 (EGL_BAD_DISPLAY)
11-02 11:47:13.806   601   648 I WifiHAL : Got channel list with 13 channels
11-02 11:47:13.807   601   648 I WifiHAL : Got channel list with 4 channels
11-02 11:47:13.810   601   648 I WifiHAL : Got channel list with 15 channels
11-02 11:47:14.013 26552 26552 I MemoryTrimmer: Trimming objects from memory, since app is in the background.
11-02 11:47:15.975 16165 16165 D AndroidRuntime: >>>>>> START com.android.internal.os.RuntimeInit uid 2000 <<<<<<
11-02 11:47:15.979 16165 16165 D AndroidRuntime: CheckJNI is OFF
11-02 11:47:16.042 16165 16165 D ICU     : No timezone override file found: /data/misc/zoneinfo/current/icu/icu_tzdata.dat
11-02 11:47:16.073 16165 16165 I Radio-JNI: register_android_hardware_Radio DONE
11-02 11:47:16.088 16165 16165 D AndroidRuntime: Calling main entry com.android.commands.monkey.Monkey
11-02 11:47:16.156   601   614 W BroadcastQueue: Skipping deliver [background] BroadcastRecord{4a14f25 u-1 android.net.conn.CONNECTIVITY_CHANGE} to ReceiverList{a6a28fa 16165 (unknown name)/2000/u-1 remote:b9a388f}: process crashing
11-02 11:47:17.745 16165 16165 D MonkeyStub: translateCommand: wake
11-02 11:47:17.859 16165 16165 D MonkeyStub: translateCommand: tap 398 1198
11-02 11:47:19.934 16165 16165 D MonkeyStub: translateCommand: tap 720 1506
11-02 11:47:20.116 23975 29306 I PeopleChimeraService: onService. callbacks = aaik@3bd2d38, request = com.google.android.gms.common.internal.GetServiceRequest@ca38111
11-02 11:47:20.117 23975 24096 I PeopleChimeraService: onService. callbacks = aaik@7175276, request = com.google.android.gms.common.internal.GetServiceRequest@d524077
11-02 11:47:21.982 16165 16165 D MonkeyStub: translateCommand: tap 355 1480
11-02 11:47:21.999 16165 16165 D MonkeyStub: Quit requested
11-02 11:47:22.025   601 19770 I ActivityManager: START u0 {act=android.intent.action.VIEW flg=0x10008000 cmp=com.android.chrome/com.google.android.apps.chrome.Main (has extras)} from uid 10035 on display 0
11-02 11:47:22.042   601   615 I CwMcuSensor: CwMcuSensor::flush: fd = 217, sensors_id = 0, path = /sys/class/htc_sensorhub/sensor_hub/flush, err = 0
11-02 11:47:22.060 16165 16165 I art     : System.exit called, status: 6
11-02 11:47:22.060 16165 16165 I AndroidRuntime: VM exiting with result code 6.
11-02 11:47:22.111   601   819 W WindowManager: Attempted to remove non-existing token: android.os.Binder@30bceab
11-02 11:47:22.207 16058 16058 E cr_CompositorSurfaceMgr: Transitioning to surface with format : -1
11-02 11:47:22.265   601   610 I art     : Background partial concurrent mark sweep GC freed 40214(2MB) AllocSpace objects, 8(176KB) LOS objects, 33% free, 15MB/22MB, paused 832us total 163.423ms
11-02 11:47:22.306 16058 16114 W cr_tabmodel: Starting to perform legacy migration.
11-02 11:47:22.312 16058 16114 W cr_tabmodel: Finished performing legacy migration.
11-02 11:47:22.312 16058 16114 W cr_tabmodel: Starting to perform multi-instance migration.
11-02 11:47:22.312 16058 16114 W cr_tabmodel: Finished performing multi-instance migration.
11-02 11:47:22.312 16058 16114 I cr_tabmodel: Starting to fetch tab list for tab_state0
11-02 11:47:22.312 16058 16114 I cr_tabmodel: State file does not exist.
11-02 11:47:22.313 16058 16114 I cr_tabmodel: Starting to fetch tab list for tab_state1
11-02 11:47:22.313 16058 16114 I cr_tabmodel: State file does not exist.
11-02 11:47:22.343 16058 16114 I cr_ADCP : No customization source found
11-02 11:47:22.419   601 15862 E BatteryStatsService: power: Missing API
11-02 11:47:22.424   601   621 I ActivityManager: Displayed com.android.chrome/com.google.android.apps.chrome.Main: +353ms
11-02 11:47:22.433   799   799 E PhoneInterfaceManager: [PhoneIntfMgr] queryModemActivityInfo: Empty response
11-02 11:47:22.433   601 15862 E BatteryStatsService: no controller energy info supplied
11-02 11:47:22.438   601 15862 E BatteryStatsService: modem info is invalid: ModemActivityInfo{ mTimestamp=0 mSleepTimeMs=0 mIdleTimeMs=0 mTxTimeMs[]=[0, 0, 0, 0, 0] mRxTimeMs=0 mEnergyUsed=0}
11-02 11:47:22.482 16058 16077 D OpenGLRenderer: endAllActiveAnimators on 0xd2ad3900 (InsetDrawable) with handle 0xd29b3c70
11-02 11:47:22.487 16058 16058 E cr_CompositorSurfaceMgr: Transitioning to surface with format : -1
11-02 11:47:22.490 16058 16058 E cr_CompositorSurfaceMgr: surfaceCreated format : 0
11-02 11:47:22.500 16058 16058 I cr_ContextualSearch: Tap suppression enabled: false
11-02 11:47:22.504 16058 16058 I cr_ChromeTabbedActivity: #initializeState
11-02 11:47:22.504 16058 16058 I cr_CipherFactory: #restoreFromBundle, no savedInstanceState.
11-02 11:47:22.504 16058 16058 I cr_tabmodel: #loadState, ignoreIncognitoFiles? true
11-02 11:47:22.635 16058 16058 I SchedulerApiWrapper: Create SchedulerApiMainThreadWrapper
11-02 11:47:22.643 16058 16058 I FeedSessionManagerImpl: FeedSessionManagerImpl has been created
11-02 11:47:22.645 16058 16058 I FeedAppLifecycleLstnr: onEnterForeground called
11-02 11:47:22.645 16058 16058 I FeedSessionManagerImpl: onLifecycleEvent foreground
11-02 11:47:22.647 16058 16058 I FeedSessionManagerImpl: Lazy initialization triggered, getUpdateConsumer
11-02 11:47:22.648 16058 16114 I TaskQueue: Execute task [IMMEDIATE - d: true, b: 0]: 30
11-02 11:47:22.650 16058 16058 I FeedRequestManagerImpl: trigger refresh 2
11-02 11:47:22.650 16058 16058 I TaskQueue:  - task [HEAD_INVALIDATE - d: true, b: 0]: 26
11-02 11:47:22.671 16058 16114 W SessionCache: Persisted Sessions were not found
11-02 11:47:22.672 16058 16114 I HeadSessionImpl: Initialize HEAD 0 items
11-02 11:47:22.672 16058 16114 I TaskQueue:  - task [BACKGROUND - d: true, b: 1]: 11
11-02 11:47:22.673 16058 16114 I TimingUtils: Task Timing  24ms, thread JardinExecutor | task : Initialization
11-02 11:47:22.673 16058 16114 I TaskQueue:  - Finished 30, time 26 ms
11-02 11:47:22.673 16058 16114 I TaskQueue: Execute task [HEAD_INVALIDATE - d: true, b: 1]: 26
11-02 11:47:22.674 16058 16114 I TimingUtils: Task Timing   0ms, thread JardinExecutor | task : getAllDismissLocalActions | size : 0
11-02 11:47:22.674 16058 16114 I TimingUtils: Task Timing   0ms, thread JardinExecutor | task : getSemanticProperties | size : 0
11-02 11:47:22.675 16058 16114 I MainThreadRunner: Running task [Check Tooltips] on the Main Thread
11-02 11:47:22.675 16058 16114 I TaskQueue:  * Starting starvation checks
11-02 11:47:22.675 16058 16114 I MainThreadRunner: Running task [starvationChecks] on the Main Thread with a delay of 6000 milliseconds
11-02 11:47:22.676 16058 16114 I TaskQueue:  - Finished 26, time 2 ms
11-02 11:47:22.691 16058 16068 I art     : Background sticky concurrent mark sweep GC freed 7905(1038KB) AllocSpace objects, 16(328KB) LOS objects, 1% free, 8MB/8MB, paused 5.337ms total 47.572ms
11-02 11:47:22.723 16058 16058 I PlayCore: UID: [10035]  PID: [16058] SplitInstallService : deferredInstall([image_editor])
11-02 11:47:22.736 16058 16196 I PlayCore: UID: [10035]  PID: [16058] SplitInstallService : Initiate binding to the service.
11-02 11:47:22.737   601 12301 W ActivityManager: Unable to start service Intent { act=com.google.android.play.core.splitinstall.BIND_SPLIT_INSTALL_SERVICE pkg=com.android.vending } U=0: not found
11-02 11:47:22.832 16058 16068 I art     : Background partial concurrent mark sweep GC freed 4841(441KB) AllocSpace objects, 10(732KB) LOS objects, 40% free, 8MB/13MB, paused 964us total 106.363ms
11-02 11:47:22.879 16058 16058 I FeedAppLifecycleLstnr: initialize called
11-02 11:47:22.879 16058 16058 I FeedSessionManagerImpl: onLifecycleEvent initialize
11-02 11:47:22.879 16058 16058 W FeedSessionManagerImpl: FeedSessionManagerImpl has previously been initialized
11-02 11:47:22.899 16058 16058 I ViewConfigCompat: Could not find method getScaledScrollFactor() on ViewConfiguration
11-02 11:47:22.902 16058 16058 I BasicStream: Setting 2 header views, currently have 0 headers
11-02 11:47:22.904 16058 16058 I BasicStream: Setting 2 header views, currently have 2 headers
11-02 11:47:22.951   601   620 D BluetoothManagerService: Message: 20
11-02 11:47:22.951   601   620 D BluetoothManagerService: Added callback: android.bluetooth.IBluetoothManagerCallback$Stub$Proxy@c72b9b9:true
11-02 11:47:22.974 16094 16108 I cr_LibraryLoader: Loaded native library version number "85.0.4183.127"
11-02 11:47:22.975 16094 16108 I cr_CachingUmaRecorder: Flushed 1 samples from 1 histograms.
11-02 11:47:22.984 16058 16058 E cr_IntentUtils: getBooleanExtra failed on intent null
11-02 11:47:23.003 16058 16058 I TimeoutSessionImpl: Using TimeoutSessionImpl
11-02 11:47:23.003 16058 16058 I FeedSessionManagerImpl: shouldSessionRequestData; hasContent(false), contentCreationTime(0), outstandingRequest(true)
11-02 11:47:23.003 16058 16058 I FeedSessionManagerImpl: shouldSessionRequestDataResult: NO_REQUEST_WITH_WAIT, shouldMakeRequest(false), withTimeout(false), withAppend(false)
11-02 11:47:23.003 16058 16058 I TaskQueue:  - task [USER_FACING - d: true, b: 1]: 24
11-02 11:47:23.004 16058 16058 I MainThreadRunner: Running task [BasicStream onShow] on the Main Thread with a delay of 500 milliseconds
11-02 11:47:23.068   601 12301 I ActivityManager: Start proc 16198:com.android.chrome:sandboxed_process1/u0i518 for service com.android.chrome/org.chromium.content.app.SandboxedProcessService1
11-02 11:47:23.101   601  7042 I ActivityManager: Start proc 16207:com.android.chrome:sandboxed_process2/u0i519 for service com.android.chrome/org.chromium.content.app.SandboxedProcessService2
11-02 11:47:23.146 16058 16196 I PlayCore: UID: [10035]  PID: [16058] SplitInstallService : Failed to bind to the service.
11-02 11:47:23.152   601  9611 I ActivityManager: Start proc 16221:com.android.chrome:sandboxed_process3/u0i520 for service com.android.chrome/org.chromium.content.app.SandboxedProcessService3
11-02 11:47:23.175 16058 16058 I Choreographer: Skipped 45 frames!  The application may be doing too much work on its main thread.
11-02 11:47:23.202   601  9663 I ActivityManager: Start proc 16233:com.android.chrome:sandboxed_process4/u0i521 for service com.android.chrome/org.chromium.content.app.SandboxedProcessService4
11-02 11:47:23.237   601  1452 I ActivityManager: Start proc 16241:com.android.chrome:sandboxed_process5/u0i522 for service com.android.chrome/org.chromium.content.app.SandboxedProcessService5
11-02 11:47:23.305   601   612 I ActivityManager: Start proc 16266:com.android.chrome:sandboxed_process6/u0i523 for service com.android.chrome/org.chromium.content.app.SandboxedProcessService6
11-02 11:47:23.318 16058 16058 I TaskQueue:  - task [IMMEDIATE - d: true, b: 2]: 27
11-02 11:47:23.318 16058 16058 I TaskQueue:  - queueTask starting immediate task
11-02 11:47:23.318 16058 16117 I TaskQueue: Execute task [IMMEDIATE - d: true, b: 2]: 27
11-02 11:47:23.320 16058 16117 I FeedRequestManagerImpl: Consistency Token: # hU2@7bca4
11-02 11:47:23.350 16058 16117 I FeedRequestManagerImpl: Capability: FEED_UI
11-02 11:47:23.350 16058 16117 I FeedRequestManagerImpl: Capability: UNDOABLE_ACTIONS
11-02 11:47:23.350 16058 16117 I FeedRequestManagerImpl: Capability: MANAGE_INTERESTS
11-02 11:47:23.350 16058 16117 I FeedRequestManagerImpl: Capability: SEND_FEEDBACK
11-02 11:47:23.350 16058 16117 I FeedRequestManagerImpl: Capability: ARTICLE_SNIPPETS
11-02 11:47:23.350 16058 16117 I FeedRequestManagerImpl: Capability: CLICK_ACTION
11-02 11:47:23.350 16058 16117 I FeedRequestManagerImpl: Capability: VIEW_ACTION
11-02 11:47:23.350 16058 16117 I FeedRequestManagerImpl: Capability: REPORT_FEED_USER_ACTIONS_NOTICE_CARD
11-02 11:47:23.350 16058 16117 I FeedRequestManagerImpl: Capability: BASE_UI
11-02 11:47:23.365   601 12691 I ActivityManager: Start proc 16272:com.android.chrome:sandboxed_process7/u0i524 for service com.android.chrome/org.chromium.content.app.SandboxedProcessService7
11-02 11:47:23.396 16058 16117 I FeedRequestManagerImpl: Making Request: /httpservice/noretry/DiscoverClankService/FeedQuery
11-02 11:47:23.396 16058 16117 I MainThreadRunner: Running task [NetworkClientWrapper send] on the Main Thread
11-02 11:47:23.396 16058 16117 I TaskQueue:  - Finished 27, time 78 ms
11-02 11:47:23.424 16233 16233 W dboxed_process4: type=1400 audit(0.0:2482): avc: denied { getattr } for path="/data/data/com.android.chrome" dev="dm-2" ino=12190 scontext=u:r:isolated_app:s0:c512,c768 tcontext=u:object_r:app_data_file:s0:c512,c768 tclass=dir permissive=0
11-02 11:47:23.426   236 16277 I art     : Starting a blocking GC Background
11-02 11:47:23.426   236 16277 I art     : Starting a blocking GC Background
11-02 11:47:23.441 16198 16198 W dboxed_process1: type=1400 audit(0.0:2483): avc: denied { getattr } for path="/data/data/com.android.chrome" dev="dm-2" ino=12190 scontext=u:r:isolated_app:s0:c512,c768 tcontext=u:object_r:app_data_file:s0:c512,c768 tclass=dir permissive=0
11-02 11:47:23.442 16221 16245 W art     : Suspending all threads took: 47.037ms
11-02 11:47:23.445 16221 16245 I art     : Background sticky concurrent mark sweep GC freed 7054(283KB) AllocSpace objects, 0(0B) LOS objects, 38% free, 2MB/4MB, paused 47.874ms total 75.492ms
11-02 11:47:23.447 16207 16207 W dboxed_process2: type=1400 audit(0.0:2484): avc: denied { getattr } for path="/data/data/com.android.chrome" dev="dm-2" ino=12190 scontext=u:r:isolated_app:s0:c512,c768 tcontext=u:object_r:app_data_file:s0:c512,c768 tclass=dir permissive=0
11-02 11:47:23.467 16241 16241 W dboxed_process5: type=1400 audit(0.0:2485): avc: denied { getattr } for path="/data/data/com.android.chrome" dev="dm-2" ino=12190 scontext=u:r:isolated_app:s0:c512,c768 tcontext=u:object_r:app_data_file:s0:c512,c768 tclass=dir permissive=0
11-02 11:47:23.477   236 16277 I art     : Background sticky concurrent mark sweep GC freed 7223(290KB) AllocSpace objects, 0(0B) LOS objects, 40% free, 2MB/4MB, paused 23.374ms total 50.776ms
11-02 11:47:23.477   236 16277 I art     : Starting a blocking GC HeapTrim
11-02 11:47:23.499   601 15862 I ActivityManager: Start proc 16296:com.android.chrome:sandboxed_process8/u0i525 for service com.android.chrome/org.chromium.content.app.SandboxedProcessService8
11-02 11:47:23.520 16266 16286 I art     : Background sticky concurrent mark sweep GC freed 7187(289KB) AllocSpace objects, 0(0B) LOS objects, 38% free, 2MB/4MB, paused 8.457ms total 70.262ms
11-02 11:47:23.574 16221 16221 W dboxed_process3: type=1400 audit(0.0:2486): avc: denied { getattr } for path="/data/data/com.android.chrome" dev="dm-2" ino=12190 scontext=u:r:isolated_app:s0:c512,c768 tcontext=u:object_r:app_data_file:s0:c512,c768 tclass=dir permissive=0
11-02 11:47:23.611 16233 16233 I cr_ChildProcessService: Creating new ChildProcessService pid=16233
11-02 11:47:23.628 16198 16198 I cr_ChildProcessService: Creating new ChildProcessService pid=16198
11-02 11:47:23.667 16207 16207 I cr_ChildProcessService: Creating new ChildProcessService pid=16207
11-02 11:47:23.694 16241 16241 I cr_ChildProcessService: Creating new ChildProcessService pid=16241
11-02 11:47:23.717 16266 16266 W dboxed_process6: type=1400 audit(0.0:2487): avc: denied { getattr } for path="/data/data/com.android.chrome" dev="dm-2" ino=12190 scontext=u:r:isolated_app:s0:c512,c768 tcontext=u:object_r:app_data_file:s0:c512,c768 tclass=dir permissive=0
11-02 11:47:23.738 16058 16113 W cr_CrashFileManager: /data/user/0/com.android.chrome/cache/Crash Reports does not exist or is not a directory
11-02 11:47:23.738 16058 16113 W cr_CrashFileManager: /data/user/0/com.android.chrome/cache/Crash Reports does not exist or is not a directory
11-02 11:47:23.738 16058 16113 W cr_CrashFileManager: /data/user/0/com.android.chrome/cache/Crash Reports does not exist or is not a directory
11-02 11:47:23.756 16058 16113 I cr_FileUtils: Writing to /data/user/0/com.android.chrome/app_dex/webapk7.dex
11-02 11:47:23.771 16272 16272 W dboxed_process7: type=1400 audit(0.0:2488): avc: denied { getattr } for path="/data/data/com.android.chrome" dev="dm-2" ino=12190 scontext=u:r:isolated_app:s0:c512,c768 tcontext=u:object_r:app_data_file:s0:c512,c768 tclass=dir permissive=0
11-02 11:47:23.782 16058 16093 I cr_BindingManager: Moderate binding enabled: maxSize=40
11-02 11:47:23.793 16058 16068 I art     : Background sticky concurrent mark sweep GC freed 41520(2MB) AllocSpace objects, 55(1140KB) LOS objects, 24% free, 10MB/13MB, paused 495us total 224.698ms
11-02 11:47:23.894 16296 16296 W dboxed_process8: type=1400 audit(0.0:2489): avc: denied { getattr } for path="/data/data/com.android.chrome" dev="dm-2" ino=12190 scontext=u:r:isolated_app:s0:c512,c768 tcontext=u:object_r:app_data_file:s0:c512,c768 tclass=dir permissive=0
11-02 11:47:23.912 16221 16221 I cr_ChildProcessService: Creating new ChildProcessService pid=16221
11-02 11:47:23.953 23975 24436 I Icing   : IndexChimeraService.getServiceInterface callingPackage=com.android.chrome componentName=null serviceId=36
11-02 11:47:23.974 16266 16266 I cr_ChildProcessService: Creating new ChildProcessService pid=16266
11-02 11:47:23.991 16233 16312 I cr_LibraryLoader: Loaded native library version number "85.0.4183.127"
11-02 11:47:24.006 16233 16312 I cr_CachingUmaRecorder: Flushed 1 samples from 1 histograms.
11-02 11:47:24.052 16198 16313 I cr_LibraryLoader: Loaded native library version number "85.0.4183.127"
11-02 11:47:24.053 16198 16313 I cr_CachingUmaRecorder: Flushed 1 samples from 1 histograms.
11-02 11:47:24.062 16207 16315 I cr_LibraryLoader: Loaded native library version number "85.0.4183.127"
11-02 11:47:24.063 16207 16315 I cr_CachingUmaRecorder: Flushed 1 samples from 1 histograms.
11-02 11:47:24.103 16272 16272 I cr_ChildProcessService: Creating new ChildProcessService pid=16272
11-02 11:47:24.139 16296 16296 I cr_ChildProcessService: Creating new ChildProcessService pid=16296
11-02 11:47:24.157 16058 16058 I cr_tabmodel: Appending tabs being restored to metadata lists, 0, startingNormalCount: 1, startingIncognitoCount: 0
11-02 11:47:24.157 16058 16058 I cr_tabmodel: Serializing tab lists; counts: 1, 0
11-02 11:47:24.205 16241 16317 I cr_LibraryLoader: Loaded native library version number "85.0.4183.127"
11-02 11:47:24.205 16241 16317 I cr_CachingUmaRecorder: Flushed 1 samples from 1 histograms.
11-02 11:47:24.242 16233 16312 I chromium: [INFO:child_process_service.cc(69)] ChildProcessService: Exiting child process.
11-02 11:47:24.243   195   195 E lowmemorykiller: Error writing /proc/16233/oom_score_adj; errno=22
11-02 11:47:24.297   601   832 I ActivityManager: Process com.android.chrome:sandboxed_process4 (pid 16233) has died
11-02 11:47:24.297   601   832 D ActivityManager: cleanUpApplicationRecord -- 16233
11-02 11:47:24.298   601   832 I ActivityManager: Killing 16207:com.android.chrome:sandboxed_process2/u0a35i519 (adj 0): isolated not needed
11-02 11:47:24.323 16198 16313 I chromium: [INFO:child_process_service.cc(69)] ChildProcessService: Exiting child process.
11-02 11:47:24.338 16266 16322 I cr_LibraryLoader: Loaded native library version number "85.0.4183.127"
11-02 11:47:24.343   195   195 E lowmemorykiller: Error writing /proc/16198/oom_score_adj; errno=22
11-02 11:47:24.343   601  4276 E JavaBinder: !!! FAILED BINDER TRANSACTION !!!  (parcel size = 76)
11-02 11:47:24.344   601  4276 E JavaBinder: !!! FAILED BINDER TRANSACTION !!!  (parcel size = 572)
11-02 11:47:24.345   601  4276 W ActivityManager: Exception when unbinding service com.android.chrome/org.chromium.content.app.SandboxedProcessService1
11-02 11:47:24.345   601  4276 W ActivityManager: android.os.DeadObjectException: Transaction failed on small parcel; remote process probably died
11-02 11:47:24.345   601  4276 W ActivityManager: 	at android.os.BinderProxy.transactNative(Native Method)
11-02 11:47:24.345   601  4276 W ActivityManager: 	at android.os.BinderProxy.transact(Binder.java:615)
11-02 11:47:24.345   601  4276 W ActivityManager: 	at android.app.ApplicationThreadProxy.scheduleUnbindService(ApplicationThreadNative.java:1016)
11-02 11:47:24.345   601  4276 W ActivityManager: 	at com.android.server.am.ActiveServices.removeConnectionLocked(ActiveServices.java:2175)
11-02 11:47:24.345   601  4276 W ActivityManager: 	at com.android.server.am.ActiveServices.unbindServiceLocked(ActiveServices.java:1163)
11-02 11:47:24.345   601  4276 W ActivityManager: 	at com.android.server.am.ActivityManagerService.unbindService(ActivityManagerService.java:17309)
11-02 11:47:24.345   601  4276 W ActivityManager: 	at android.app.ActivityManagerNative.onTransact(ActivityManagerNative.java:1145)
11-02 11:47:24.345   601  4276 W ActivityManager: 	at com.android.server.am.ActivityManagerService.onTransact(ActivityManagerService.java:2795)
11-02 11:47:24.345   601  4276 W ActivityManager: 	at android.os.Binder.execTransact(Binder.java:565)
11-02 11:47:24.345   601  4276 E JavaBinder: !!! FAILED BINDER TRANSACTION !!!  (parcel size = 76)
11-02 11:47:24.346   195   195 E lowmemorykiller: Error writing /proc/16198/oom_score_adj; errno=22
11-02 11:47:24.346   601  4276 E JavaBinder: !!! FAILED BINDER TRANSACTION !!!  (parcel size = 76)
11-02 11:47:24.346   601   614 I ActivityManager: Killing 16198:com.android.chrome:sandboxed_process1/u0a35i518 (adj 900): isolated not needed
11-02 11:47:24.348 16058 16058 W chromium: [WARNING:compositor_view.cc(315)] Child process died (type=6) pid=16233)
11-02 11:47:24.354   601  9611 D ActivityManager: cleanUpApplicationRecord -- 16198
11-02 11:47:24.362 16266 16322 I cr_CachingUmaRecorder: Flushed 1 samples from 1 histograms.
11-02 11:47:24.362 16058 16058 W chromium: [WARNING:compositor_view.cc(315)] Child process died (type=6) pid=16198)
11-02 11:47:24.364 16221 16321 I cr_LibraryLoader: Loaded native library version number "85.0.4183.127"
11-02 11:47:24.378 16221 16321 I cr_CachingUmaRecorder: Flushed 1 samples from 1 histograms.
11-02 11:47:24.422 16058 16093 I cr_BindingManager: onTrimMemory: level=15, size=0
11-02 11:47:24.444 23975 24302 I Icing   : IndexChimeraService.getServiceInterface callingPackage=com.android.chrome componentName=null serviceId=36
11-02 11:47:24.459 16241 16317 I chromium: [INFO:child_process_service.cc(69)] ChildProcessService: Exiting child process.
11-02 11:47:24.460   195   195 E lowmemorykiller: Error writing /proc/16241/oom_score_adj; errno=22
11-02 11:47:24.478 16318 16318 I dex2oat : /system/bin/dex2oat --dex-file=/data/user/0/com.android.chrome/app_dex/webapk7.dex --oat-fd=185 --oat-location=/data/user/0/com.android.chrome/app_dex/oat/arm/webapk7.dex --compiler-filter=speed
11-02 11:47:24.487 16272 16324 I cr_LibraryLoader: Loaded native library version number "85.0.4183.127"
11-02 11:47:24.487 16272 16324 I cr_CachingUmaRecorder: Flushed 1 samples from 1 histograms.
11-02 11:47:24.525   601 12691 I ActivityManager: Start proc 16348:com.android.chrome:sandboxed_process9/u0i526 for service com.android.chrome/org.chromium.content.app.SandboxedProcessService9
11-02 11:47:24.568 16296 16329 I cr_LibraryLoader: Loaded native library version number "85.0.4183.127"
11-02 11:47:24.569 16296 16329 I cr_CachingUmaRecorder: Flushed 1 samples from 1 histograms.
11-02 11:47:24.680   601 12691 I ActivityManager: Killing 16296:com.android.chrome:sandboxed_process8/u0a35i525 (adj 0): isolated not needed
11-02 11:47:24.680   601 12691 I ActivityManager: Killing 16221:com.android.chrome:sandboxed_process3/u0a35i520 (adj 0): isolated not needed
11-02 11:47:24.680   601 12691 I ActivityManager: Killing 16266:com.android.chrome:sandboxed_process6/u0a35i523 (adj 0): isolated not needed
11-02 11:47:24.680   601 12691 I ActivityManager: Killing 16241:com.android.chrome:sandboxed_process5/u0a35i522 (adj 0): isolated not needed
11-02 11:47:24.763 16058 16068 I art     : Background partial concurrent mark sweep GC freed 61191(3MB) AllocSpace objects, 27(572KB) LOS objects, 40% free, 9MB/16MB, paused 638us total 255.608ms
11-02 11:47:24.777 16348 16348 W dboxed_process9: type=1400 audit(0.0:2490): avc: denied { getattr } for path="/data/data/com.android.chrome" dev="dm-2" ino=12190 scontext=u:r:isolated_app:s0:c512,c768 tcontext=u:object_r:app_data_file:s0:c512,c768 tclass=dir permissive=0
11-02 11:47:24.782 16272 16272 I cr_ChildProcessService: Destroying ChildProcessService pid=16272
11-02 11:47:24.865 16348 16348 I cr_ChildProcessService: Creating new ChildProcessService pid=16348
11-02 11:47:25.053   601  9611 I ActivityManager: Start proc 16371:com.android.chrome:sandboxed_process10/u0i527 for service com.android.chrome/org.chromium.content.app.SandboxedProcessService10
11-02 11:47:25.083   601   660 I ActivityManager: Start proc 16378:com.android.chrome:sandboxed_process11/u0i528 for service com.android.chrome/org.chromium.content.app.SandboxedProcessService11
11-02 11:47:25.116   601  1452 I ActivityManager: Start proc 16390:com.android.chrome:sandboxed_process12/u0i529 for service com.android.chrome/org.chromium.content.app.SandboxedProcessService12
11-02 11:47:25.161   601   819 I ActivityManager: Start proc 16403:com.android.chrome:sandboxed_process13/u0i530 for service com.android.chrome/org.chromium.content.app.SandboxedProcessService13
11-02 11:47:25.163   601  2013 I ActivityManager: Killing 16272:com.android.chrome:sandboxed_process7/u0a35i524 (adj 0): isolated not needed
11-02 11:47:25.222   601  4276 I ActivityManager: Start proc 16423:com.android.chrome:sandboxed_process14/u0i531 for service com.android.chrome/org.chromium.content.app.SandboxedProcessService14
11-02 11:47:25.267   601   660 I ActivityManager: Start proc 16436:com.android.chrome:sandboxed_process15/u0i532 for service com.android.chrome/org.chromium.content.app.SandboxedProcessService15
11-02 11:47:25.274 16371 16371 W boxed_process10: type=1400 audit(0.0:2491): avc: denied { getattr } for path="/data/data/com.android.chrome" dev="dm-2" ino=12190 scontext=u:r:isolated_app:s0:c512,c768 tcontext=u:object_r:app_data_file:s0:c512,c768 tclass=dir permissive=0
11-02 11:47:25.297 16403 16403 W boxed_process13: type=1400 audit(0.0:2492): avc: denied { getattr } for path="/data/data/com.android.chrome" dev="dm-2" ino=12190 scontext=u:r:isolated_app:s0:c512,c768 tcontext=u:object_r:app_data_file:s0:c512,c768 tclass=dir permissive=0
11-02 11:47:25.311 16378 16378 W boxed_process11: type=1400 audit(0.0:2493): avc: denied { getattr } for path="/data/data/com.android.chrome" dev="dm-2" ino=12190 scontext=u:r:isolated_app:s0:c512,c768 tcontext=u:object_r:app_data_file:s0:c512,c768 tclass=dir permissive=0
11-02 11:47:25.318   601 17045 I ActivityManager: Start proc 16441:com.android.chrome:sandboxed_process16/u0i533 for service com.android.chrome/org.chromium.content.app.SandboxedProcessService16
11-02 11:47:25.337 16390 16390 W boxed_process12: type=1400 audit(0.0:2494): avc: denied { getattr } for path="/data/data/com.android.chrome" dev="dm-2" ino=12190 scontext=u:r:isolated_app:s0:c512,c768 tcontext=u:object_r:app_data_file:s0:c512,c768 tclass=dir permissive=0
11-02 11:47:25.363   601  3864 I ActivityManager: Start proc 16455:com.android.chrome:sandboxed_process17/u0i534 for service com.android.chrome/org.chromium.content.app.SandboxedProcessService17
11-02 11:47:25.377 16423 16423 W boxed_process14: type=1400 audit(0.0:2495): avc: denied { getattr } for path="/data/data/com.android.chrome" dev="dm-2" ino=12190 scontext=u:r:isolated_app:s0:c512,c768 tcontext=u:object_r:app_data_file:s0:c512,c768 tclass=dir permissive=0
11-02 11:47:25.412 16193 16193 D AndroidRuntime: >>>>>> START com.android.internal.os.RuntimeInit uid 2000 <<<<<<
11-02 11:47:25.421   601 19770 I ActivityManager: Start proc 16467:com.android.chrome:sandboxed_process18/u0i535 for service com.android.chrome/org.chromium.content.app.SandboxedProcessService18
11-02 11:47:25.437 16348 16367 I cr_LibraryLoader: Loaded native library version number "85.0.4183.127"
11-02 11:47:25.446 16371 16371 I cr_ChildProcessService: Creating new ChildProcessService pid=16371
11-02 11:47:25.451 16348 16367 I cr_CachingUmaRecorder: Flushed 1 samples from 1 histograms.
11-02 11:47:25.452 16403 16403 I cr_ChildProcessService: Creating new ChildProcessService pid=16403
11-02 11:47:25.463 16193 16193 D AndroidRuntime: CheckJNI is OFF
11-02 11:47:25.516 16378 16378 I cr_ChildProcessService: Creating new ChildProcessService pid=16378
11-02 11:47:25.537 16390 16390 I cr_ChildProcessService: Creating new ChildProcessService pid=16390
11-02 11:47:25.552 16318 16370 W dex2oat : Compilation of java.lang.String androidx.core.graphics.drawable.IconCompat.toString() took 107.544ms
11-02 11:47:25.581 16441 16441 W boxed_process16: type=1400 audit(0.0:2496): avc: denied { getattr } for path="/data/data/com.android.chrome" dev="dm-2" ino=12190 scontext=u:r:isolated_app:s0:c512,c768 tcontext=u:object_r:app_data_file:s0:c512,c768 tclass=dir permissive=0
11-02 11:47:25.599 16423 16423 I cr_ChildProcessService: Creating new ChildProcessService pid=16423
11-02 11:47:25.607 16436 16436 W boxed_process15: type=1400 audit(0.0:2497): avc: denied { getattr } for path="/data/data/com.android.chrome" dev="dm-2" ino=12190 scontext=u:r:isolated_app:s0:c512,c768 tcontext=u:object_r:app_data_file:s0:c512,c768 tclass=dir permissive=0
11-02 11:47:25.637 16455 16455 W boxed_process17: type=1400 audit(0.0:2498): avc: denied { getattr } for path="/data/data/com.android.chrome" dev="dm-2" ino=12190 scontext=u:r:isolated_app:s0:c512,c768 tcontext=u:object_r:app_data_file:s0:c512,c768 tclass=dir permissive=0
11-02 11:47:25.684 16467 16467 W boxed_process18: type=1400 audit(0.0:2499): avc: denied { getattr } for path="/data/data/com.android.chrome" dev="dm-2" ino=12190 scontext=u:r:isolated_app:s0:c512,c768 tcontext=u:object_r:app_data_file:s0:c512,c768 tclass=dir permissive=0
11-02 11:47:25.709 16371 16479 I cr_LibraryLoader: Loaded native library version number "85.0.4183.127"
11-02 11:47:25.710 16371 16479 I cr_CachingUmaRecorder: Flushed 1 samples from 1 histograms.
11-02 11:47:25.718 16436 16436 I cr_ChildProcessService: Creating new ChildProcessService pid=16436
11-02 11:47:25.726 16441 16441 I cr_ChildProcessService: Creating new ChildProcessService pid=16441
11-02 11:47:25.727 16403 16481 I cr_LibraryLoader: Loaded native library version number "85.0.4183.127"
11-02 11:47:25.728 16403 16481 I cr_CachingUmaRecorder: Flushed 1 samples from 1 histograms.
11-02 11:47:25.745 16390 16494 I cr_LibraryLoader: Loaded native library version number "85.0.4183.127"
11-02 11:47:25.745 16390 16494 I cr_CachingUmaRecorder: Flushed 1 samples from 1 histograms.
11-02 11:47:25.759 16455 16455 I cr_ChildProcessService: Creating new ChildProcessService pid=16455
11-02 11:47:25.763 16378 16491 I cr_LibraryLoader: Loaded native library version number "85.0.4183.127"
11-02 11:47:25.764 16378 16491 I cr_CachingUmaRecorder: Flushed 1 samples from 1 histograms.
11-02 11:47:25.785 16058 16058 I FeedRequestManagerImpl: Request: /httpservice/noretry/DiscoverClankService/FeedQuery completed with response code: 200
11-02 11:47:25.785 16058 16058 I TaskQueue:  - task [IMMEDIATE - d: true, b: 2]: 15
11-02 11:47:25.785 16058 16058 I TaskQueue:  - queueTask starting immediate task
11-02 11:47:25.786 16058 16114 I TaskQueue: Execute task [IMMEDIATE - d: true, b: 2]: 15
11-02 11:47:25.825 16423 16495 I cr_LibraryLoader: Loaded native library version number "85.0.4183.127"
11-02 11:47:25.826 16467 16467 I cr_ChildProcessService: Creating new ChildProcessService pid=16467
11-02 11:47:25.846 16423 16495 I cr_CachingUmaRecorder: Flushed 1 samples from 1 histograms.
11-02 11:47:25.849 16371 16479 I chromium: [INFO:child_process_service.cc(69)] ChildProcessService: Exiting child process.
11-02 11:47:25.886 16348 16348 I cr_ChildProcessService: Destroying ChildProcessService pid=16348
11-02 11:47:25.956 16058 16114 I MainThreadRunner: Running task [FeedRequestManagerImpl consumer] on the Main Thread
11-02 11:47:25.957 16058 16058 I FeedProtocolAdapter: createModel, operations 33
11-02 11:47:25.960 16441 16497 I cr_LibraryLoader: Loaded native library version number "85.0.4183.127"
11-02 11:47:25.960 16441 16497 I cr_CachingUmaRecorder: Flushed 1 samples from 1 histograms.
11-02 11:47:25.961 16058 16058 I TimingUtils: Task Timing   4ms, thread ui | task : convertWireProtocol | mutations : 33
11-02 11:47:25.963 16058 16058 I TaskQueue:  - task [HEAD_RESET - d: true, b: 2]: 5
11-02 11:47:25.963 16058 16058 I TaskQueue:  - queueTask starting immediate task
11-02 11:47:25.963 16058 16114 I TaskQueue:  - Finished 15, time 171 ms
11-02 11:47:25.964 16058 16114 I TaskQueue: Execute task [HEAD_RESET - d: true, b: 2]: 5
11-02 11:47:25.972 16467 16507 I cr_LibraryLoader: Loaded native library version number "85.0.4183.127"
11-02 11:47:25.972 16467 16507 I cr_CachingUmaRecorder: Flushed 1 samples from 1 histograms.
11-02 11:47:25.997 16455 16501 I cr_LibraryLoader: Loaded native library version number "85.0.4183.127"
11-02 11:47:25.998 16455 16501 I cr_CachingUmaRecorder: Flushed 1 samples from 1 histograms.
11-02 11:47:25.999 16436 16496 I cr_LibraryLoader: Loaded native library version number "85.0.4183.127"
11-02 11:47:26.000 16436 16496 I cr_CachingUmaRecorder: Flushed 1 samples from 1 histograms.
11-02 11:47:26.021 16441 16441 I cr_ChildProcessService: Destroying ChildProcessService pid=16441
11-02 11:47:26.021 16390 16390 I cr_ChildProcessService: Destroying ChildProcessService pid=16390
11-02 11:47:26.022 16423 16423 I cr_ChildProcessService: Destroying ChildProcessService pid=16423
11-02 11:47:26.025 16348 16367 I chromium: [INFO:child_process_service.cc(69)] ChildProcessService: Exiting child process.
11-02 11:47:26.026 16390 16494 I chromium: [INFO:child_process_service.cc(69)] ChildProcessService: Exiting child process.
11-02 11:47:26.026 16423 16495 I chromium: [INFO:child_process_service.cc(69)] ChildProcessService: Exiting child process.
11-02 11:47:26.036 16467 16507 I chromium: [INFO:child_process_service.cc(69)] ChildProcessService: Exiting child process.
11-02 11:47:26.047 16441 16497 I chromium: [INFO:child_process_service.cc(69)] ChildProcessService: Exiting child process.
11-02 11:47:26.055 16436 16436 I cr_ChildProcessService: Destroying ChildProcessService pid=16436
11-02 11:47:26.059 16436 16496 I chromium: [INFO:child_process_service.cc(69)] ChildProcessService: Exiting child process.
11-02 11:47:26.066 16378 16491 I chromium: [INFO:child_process_service.cc(69)] ChildProcessService: Exiting child process.
11-02 11:47:26.104 16455 16455 I cr_ChildProcessService: Destroying ChildProcessService pid=16455
11-02 11:47:26.105 16455 16455 I art     : System.exit called, status: 0
11-02 11:47:26.105 16455 16455 I AndroidRuntime: VM exiting with result code 0, cleanup skipped.
11-02 11:47:26.106 16403 16403 I cr_ChildProcessService: Destroying ChildProcessService pid=16403
11-02 11:47:26.107 16467 16467 I cr_ChildProcessService: Destroying ChildProcessService pid=16467
11-02 11:47:26.109 16467 16467 I art     : System.exit called, status: 0
11-02 11:47:26.109 16467 16467 I AndroidRuntime: VM exiting with result code 0, cleanup skipped.
11-02 11:47:26.110 16403 16403 I art     : System.exit called, status: 0
11-02 11:47:26.110 16403 16403 I AndroidRuntime: VM exiting with result code 0, cleanup skipped.
11-02 11:47:26.123   601 15862 D ActivityManager: cleanUpApplicationRecord -- 16221
11-02 11:47:26.123   601 15862 I ActivityManager: Killing 16455:com.android.chrome:sandboxed_process17/u0a35i534 (adj 0): isolated not needed
11-02 11:47:26.124   601 15862 I ActivityManager: Killing 16436:com.android.chrome:sandboxed_process15/u0a35i532 (adj 0): isolated not needed
11-02 11:47:26.124   601 15862 I ActivityManager: Killing 16467:com.android.chrome:sandboxed_process18/u0a35i535 (adj 0): isolated not needed
11-02 11:47:26.124   601 15862 I ActivityManager: Killing 16441:com.android.chrome:sandboxed_process16/u0a35i533 (adj 0): isolated not needed
11-02 11:47:26.124   601 15862 I ActivityManager: Killing 16423:com.android.chrome:sandboxed_process14/u0a35i531 (adj 0): isolated not needed
11-02 11:47:26.124   601 15862 I ActivityManager: Killing 16390:com.android.chrome:sandboxed_process12/u0a35i529 (adj 0): isolated not needed
11-02 11:47:26.124   601 15862 I ActivityManager: Killing 16378:com.android.chrome:sandboxed_process11/u0a35i528 (adj 0): isolated not needed
11-02 11:47:26.124   601 15862 I ActivityManager: Killing 16403:com.android.chrome:sandboxed_process13/u0a35i530 (adj 0): isolated not needed
11-02 11:47:26.124   601 15862 I ActivityManager: Killing 16371:com.android.chrome:sandboxed_process10/u0a35i527 (adj 0): isolated not needed
