11-02 11:48:18.786 16679 16679 D MonkeyStub: translateCommand: touch move 614 562
11-02 11:48:18.896 16679 16679 D MonkeyStub: translateCommand: touch move 614 437
11-02 11:48:19.005 16679 16679 D MonkeyStub: translateCommand: touch move 614 312
11-02 11:48:19.011 16679 16679 D MonkeyStub: translateCommand: touch up 614 312
11-02 11:48:19.034 16679 16679 D MonkeyStub: translateCommand: touch down 614 1561
11-02 11:48:19.037 16679 16679 D MonkeyStub: translateCommand: touch move 614 1561
11-02 11:48:19.141 16679 16679 D MonkeyStub: translateCommand: touch move 614 1436
11-02 11:48:19.246 16679 16679 D MonkeyStub: translateCommand: touch move 614 1311
11-02 11:48:19.356 16679 16679 D MonkeyStub: translateCommand: touch move 614 1186
11-02 11:48:19.463 16679 16679 D MonkeyStub: translateCommand: touch move 614 1061
11-02 11:48:19.585 16679 16679 D MonkeyStub: translateCommand: touch move 614 937
11-02 11:48:19.696 16679 16679 D MonkeyStub: translateCommand: touch move 614 812
11-02 11:48:19.805 16679 16679 D MonkeyStub: translateCommand: touch move 614 687
11-02 11:48:19.912 16679 16679 D MonkeyStub: translateCommand: touch move 614 562
11-02 11:48:20.023 16679 16679 D MonkeyStub: translateCommand: touch move 614 437
11-02 11:48:20.127 16679 16679 D MonkeyStub: translateCommand: touch move 614 312
11-02 11:48:20.137 16679 16679 D MonkeyStub: translateCommand: touch up 614 312
11-02 11:48:20.185   601  9611 I ActivityManager: Start proc 16881:com.android.chrome:sandboxed_process32/u0i549 for service com.android.chrome/org.chromium.content.app.SandboxedProcessService32
11-02 11:48:20.224 16881 16881 W boxed_process32: type=1400 audit(0.0:2538): avc: denied { getattr } for path="/data/data/com.android.chrome" dev="dm-2" ino=12190 scontext=u:r:isolated_app:s0:c512,c768 tcontext=u:object_r:app_data_file:s0:c512,c768 tclass=dir permissive=0
11-02 11:48:20.248 16881 16881 I cr_ChildProcessService: Creating new ChildProcessService pid=16881
11-02 11:48:20.289 16881 16894 I cr_LibraryLoader: Loaded native library version number "85.0.4183.127"
11-02 11:48:20.289 16881 16894 I cr_CachingUmaRecorder: Flushed 1 samples from 1 histograms.
11-02 11:48:20.301 16894 16894 W CrUtilityMain: type=1400 audit(0.0:2539): avc: denied { setattr } for name="tls_deprecation_config.pb" dev="dm-2" ino=59906 scontext=u:r:isolated_app:s0:c512,c768 tcontext=u:object_r:app_data_file:s0:c512,c768 tclass=file permissive=0
11-02 11:48:20.301 16894 16894 W CrUtilityMain: type=1400 audit(0.0:2540): avc: denied { setattr } for name="manifest.json" dev="dm-2" ino=59975 scontext=u:r:isolated_app:s0:c512,c768 tcontext=u:object_r:app_data_file:s0:c512,c768 tclass=file permissive=0
11-02 11:48:20.304 16894 16894 W CrUtilityMain: type=1400 audit(0.0:2541): avc: denied { setattr } for name="verified_contents.json" dev="dm-2" ino=59997 scontext=u:r:isolated_app:s0:c512,c768 tcontext=u:object_r:app_data_file:s0:c512,c768 tclass=file permissive=0
11-02 11:48:20.312 16881 16894 I chromium: [INFO:child_process_service.cc(69)] ChildProcessService: Exiting child process.
11-02 11:48:20.336   601  3864 I ActivityManager: Process com.android.chrome:sandboxed_process32 (pid 16881) has died
11-02 11:48:20.336   601  3864 D ActivityManager: cleanUpApplicationRecord -- 16881
11-02 11:48:20.337 16058 16058 W chromium: [WARNING:compositor_view.cc(315)] Child process died (type=6) pid=16881)
11-02 11:48:22.401 16679 16679 D MonkeyStub: translateCommand: touch down 614 1561
11-02 11:48:22.417 16679 16679 D MonkeyStub: translateCommand: touch move 614 1561
11-02 11:48:22.526 16679 16679 D MonkeyStub: translateCommand: touch move 614 1436
11-02 11:48:22.633 16679 16679 D MonkeyStub: translateCommand: touch move 614 1311
11-02 11:48:22.745 16679 16679 D MonkeyStub: translateCommand: touch move 614 1186
11-02 11:48:22.862 16679 16679 D MonkeyStub: translateCommand: touch move 614 1061
11-02 11:48:22.972 16679 16679 D MonkeyStub: translateCommand: touch move 614 937
11-02 11:48:23.082 16679 16679 D MonkeyStub: translateCommand: touch move 614 812
11-02 11:48:23.129   601  3864 I ActivityManager: Start proc 16901:com.android.chrome:sandboxed_process33/u0i550 for service com.android.chrome/org.chromium.content.app.SandboxedProcessService33
11-02 11:48:23.171 16901 16901 W boxed_process33: type=1400 audit(0.0:2542): avc: denied { getattr } for path="/data/data/com.android.chrome" dev="dm-2" ino=12190 scontext=u:r:isolated_app:s0:c512,c768 tcontext=u:object_r:app_data_file:s0:c512,c768 tclass=dir permissive=0
11-02 11:48:23.194 16901 16901 I cr_ChildProcessService: Creating new ChildProcessService pid=16901
11-02 11:48:23.196 16679 16679 D MonkeyStub: translateCommand: touch move 614 687
11-02 11:48:23.252 16901 16914 I cr_LibraryLoader: Loaded native library version number "85.0.4183.127"
11-02 11:48:23.252 16901 16914 I cr_CachingUmaRecorder: Flushed 1 samples from 1 histograms.
11-02 11:48:23.267 16914 16914 W CrUtilityMain: type=1400 audit(0.0:2543): avc: denied { setattr } for name="safety_tips.pb" dev="dm-2" ino=59861 scontext=u:r:isolated_app:s0:c512,c768 tcontext=u:object_r:app_data_file:s0:c512,c768 tclass=file permissive=0
11-02 11:48:23.267 16914 16914 W CrUtilityMain: type=1400 audit(0.0:2544): avc: denied { setattr } for name="manifest.json" dev="dm-2" ino=59698 scontext=u:r:isolated_app:s0:c512,c768 tcontext=u:object_r:app_data_file:s0:c512,c768 tclass=file permissive=0
11-02 11:48:23.271 16914 16914 W CrUtilityMain: type=1400 audit(0.0:2545): avc: denied { setattr } for name="verified_contents.json" dev="dm-2" ino=59890 scontext=u:r:isolated_app:s0:c512,c768 tcontext=u:object_r:app_data_file:s0:c512,c768 tclass=file permissive=0
11-02 11:48:23.280 16901 16901 I cr_ChildProcessService: Destroying ChildProcessService pid=16901
11-02 11:48:23.281 16901 16914 I chromium: [INFO:child_process_service.cc(69)] ChildProcessService: Exiting child process.
11-02 11:48:23.303 16679 16679 D MonkeyStub: translateCommand: touch move 614 562
11-02 11:48:23.308   601   819 I ActivityManager: Process com.android.chrome:sandboxed_process33 (pid 16901) has died
11-02 11:48:23.308   601   819 D ActivityManager: cleanUpApplicationRecord -- 16901
11-02 11:48:23.312 16058 16058 W chromium: [WARNING:compositor_view.cc(315)] Child process died (type=6) pid=16901)
11-02 11:48:23.416 16679 16679 D MonkeyStub: translateCommand: touch move 614 437
11-02 11:48:23.522 16679 16679 D MonkeyStub: translateCommand: touch move 614 312
11-02 11:48:23.528 16679 16679 D MonkeyStub: translateCommand: touch up 614 312
11-02 11:48:23.536 16679 16679 D MonkeyStub: Quit requested
11-02 11:48:23.560 16679 16679 I art     : System.exit called, status: 110
11-02 11:48:23.560 16679 16679 I AndroidRuntime: VM exiting with result code 110.
11-02 11:48:23.564   601   615 I CwMcuSensor: CwMcuSensor::flush: fd = 217, sensors_id = 0, path = /sys/class/htc_sensorhub/sensor_hub/flush, err = 0
11-02 11:48:23.600   601  3864 W WindowManager: Attempted to remove non-existing token: android.os.Binder@90e9852
11-02 11:48:33.436 23975 24436 I Icing   : IndexChimeraService.getServiceInterface callingPackage=com.android.chrome componentName=null serviceId=36
11-02 11:48:33.476 23975 13576 W Icing   : No valid account for uploading user actions
11-02 11:48:33.511 23975 24302 I Icing   : IndexChimeraService.getServiceInterface callingPackage=com.google.android.gms componentName=null serviceId=30
11-02 11:48:33.528 23975 13576 I Icing   : Usage reports ok 1, Failed Usage reports 0, indexed 1, rejected 0
11-02 11:48:33.533 23975 13576 W Icing   : No valid account for uploading user actions
11-02 11:48:33.545 23975 13576 I Icing   : Usage reports ok 0, Failed Usage reports 0, indexed 0, rejected 0
11-02 11:48:33.546 23975 13576 I Icing   : Indexing com.android.chrome-omnibox from com.android.chrome
11-02 11:48:33.576 23975 13576 I Icing   : Indexing done com.android.chrome-omnibox
11-02 11:48:34.575   785  1711 W Icing   : isOptedInForAppHistory: empty Account Name encountered
11-02 11:48:34.607   785 14894 W Icing   : isOptedInForAppHistory: empty Account Name encountered
11-02 11:48:39.563 16939 16939 D AndroidRuntime: >>>>>> START com.android.internal.os.RuntimeInit uid 2000 <<<<<<
11-02 11:48:39.567 16939 16939 D AndroidRuntime: CheckJNI is OFF
11-02 11:48:39.632 16939 16939 D ICU     : No timezone override file found: /data/misc/zoneinfo/current/icu/icu_tzdata.dat
11-02 11:48:39.661 16939 16939 I Radio-JNI: register_android_hardware_Radio DONE
11-02 11:48:39.676 16939 16939 D AndroidRuntime: Calling main entry com.android.commands.am.Am
11-02 11:48:39.693   601 12691 I ActivityManager: Force stopping com.android.chrome appid=10035 user=0: from pid 16939
11-02 11:48:39.693   601 12691 I ActivityManager: Killing 16121:com.android.chrome:privileged_process0/u0a35 (adj 0): stop com.android.chrome
11-02 11:48:39.693   601 12691 D ActivityManager: cleanUpApplicationRecord -- 16121
11-02 11:48:39.693   601 12691 W ActivityManager: Scheduling restart of crashed service com.android.chrome/org.chromium.content.app.PrivilegedProcessService0 in 1000ms
11-02 11:48:39.693   601 12691 I ActivityManager: Killing 16058:com.android.chrome/u0a35 (adj 0): stop com.android.chrome
11-02 11:48:39.693   601 12691 D ActivityManager: cleanUpApplicationRecord -- 16058
11-02 11:48:39.701 26552 26552 I MemoryTrimmer: Trimming objects from memory, since app is in the background.
11-02 11:48:39.701   601 12691 I ActivityManager: Killing 16094:com.android.chrome:sandboxed_process0/u0a35i517 (adj 0): isolated not needed
11-02 11:48:39.702   601 12691 W ActivityManager: Force removing ActivityRecord{7b6aa87 u0 com.android.chrome/com.google.android.apps.chrome.Main t1319}: app died, no saved state
11-02 11:48:39.710   601 12691 I ActivityManager: Killing 16552:com.android.chrome:sandboxed_process19/u0a35i536 (adj 0): isolated not needed
11-02 11:48:39.722 16939 16939 D AndroidRuntime: Shutting down VM
11-02 11:48:39.745  1065  1161 I OpenGLRenderer: Initialized EGL, version 1.4
11-02 11:48:39.745  1065  1161 D OpenGLRenderer: Swap behavior 2
11-02 11:48:39.788  1052  1052 D RegisteredNfcFServicesCache: Service unchanged, not updating
11-02 11:48:39.822   601   611 D ActivityManager: cleanUpApplicationRecord -- 16094
11-02 11:48:39.837 26552 26563 I AttachedClient: Adding client event 2 to pending list.
11-02 11:48:39.845 26552 26552 I OptInState: There is a new client and it does not support opt-in. Dropping request.
11-02 11:48:39.847 26552 26552 I MicroDetectionWorker: Micro detection mode: [mDetectionMode: [1]].
11-02 11:48:39.868 26552 16951 I MicroRecognitionRunner: Starting detection.
11-02 11:48:39.871 26552 26616 I MicrophoneInputStream: mic_starting com.google.android.apps.gsa.speech.audio.ae@24dace6
11-02 11:48:39.874   237 16955 I AudioFlinger: AudioFlinger's thread 0xf0203540 ready to run
11-02 11:48:39.876   237   285 I SoundTriggerHwService::Module: void android::SoundTriggerHwService::Module::onCallbackEvent(const sp<android::SoundTriggerHwService::CallbackEvent> &) mClient == 0
11-02 11:48:39.878 26552 26616 I MicrophoneInputStream: mic_started com.google.android.apps.gsa.speech.audio.ae@24dace6
11-02 11:48:39.897   601  9663 D ConnectivityService: ConnectivityService NetworkRequestInfo binderDied(NetworkRequest [ LISTEN id=332, [ Capabilities: INTERNET&NOT_RESTRICTED&TRUSTED&FOREGROUND] ], android.os.BinderProxy@2bbde85)
11-02 11:48:39.897   601 17045 D ConnectivityService: ConnectivityService NetworkRequestInfo binderDied(NetworkRequest [ LISTEN id=329, [ Capabilities: INTERNET&NOT_RESTRICTED&TRUSTED&FOREGROUND] ], android.os.BinderProxy@7a874da)
11-02 11:48:39.898   601  3564 D GraphicsStats: Buffer count: 2
11-02 11:48:39.900   601   650 E ConnectivityService: RemoteException caught trying to send a callback msg for NetworkRequest [ LISTEN id=332, [ Capabilities: INTERNET&NOT_RESTRICTED&TRUSTED&FOREGROUND] ]
11-02 11:48:39.900   601   650 E ConnectivityService: RemoteException caught trying to send a callback msg for NetworkRequest [ LISTEN id=329, [ Capabilities: INTERNET&NOT_RESTRICTED&TRUSTED&FOREGROUND] ]
11-02 11:48:39.901   601 10729 D ConnectivityService: ConnectivityService NetworkRequestInfo binderDied(NetworkRequest [ LISTEN id=331, [ Capabilities: INTERNET&NOT_RESTRICTED&TRUSTED&FOREGROUND] ], android.os.BinderProxy@f05d0b)
11-02 11:48:39.901   601  9663 D ConnectivityService: ConnectivityService NetworkRequestInfo binderDied(NetworkRequest [ LISTEN id=330, [ Capabilities: INTERNET&NOT_RESTRICTED&TRUSTED&FOREGROUND] ], android.os.BinderProxy@43327e8)
11-02 11:48:39.902   601   650 E ConnectivityService: RemoteException caught trying to send a callback msg for NetworkRequest [ LISTEN id=331, [ Capabilities: INTERNET&NOT_RESTRICTED&TRUSTED&FOREGROUND] ]
11-02 11:48:39.902   601   650 E ConnectivityService: RemoteException caught trying to send a callback msg for NetworkRequest [ LISTEN id=330, [ Capabilities: INTERNET&NOT_RESTRICTED&TRUSTED&FOREGROUND] ]
11-02 11:48:39.903   601  2013 D ActivityManager: cleanUpApplicationRecord -- 16552
11-02 11:48:40.122 26552 26552 I MicroDetectionWorker: onReady
11-02 11:48:40.241 16956 16956 D AndroidRuntime: >>>>>> START com.android.internal.os.RuntimeInit uid 2000 <<<<<<
11-02 11:48:40.245 16956 16956 D AndroidRuntime: CheckJNI is OFF
11-02 11:48:40.300  1065  1161 W OpenGLRenderer: Incorrectly called buildLayer on View: ShortcutAndWidgetContainer, destroying layer...
11-02 11:48:40.315 16956 16956 D ICU     : No timezone override file found: /data/misc/zoneinfo/current/icu/icu_tzdata.dat
11-02 11:48:40.343 16956 16956 I Radio-JNI: register_android_hardware_Radio DONE
11-02 11:48:40.357 16956 16956 D AndroidRuntime: Calling main entry com.android.commands.pm.Pm
11-02 11:48:40.371   601  9643 I ActivityManager: Force stopping com.android.chrome appid=10035 user=0: clear data
11-02 11:48:40.371   601   614 I ActivityManager: Force stopping com.android.chrome appid=10035 user=-1: clearApplicationUserData
11-02 11:48:40.422   785   785 I GeofencerStateMachine: removeGeofences: removeRequest=RemoveGeofencingRequest[REMOVE_ALL packageName=com.android.chrome]
11-02 11:48:40.425   601   613 W ResourceType: No known package when getting value for resource number 0x7f080316
11-02 11:48:40.425   601   613 W ResourceType: No known package when getting value for resource number 0x7f130448
11-02 11:48:40.425   601   613 W ResourceType: No known package when getting value for resource number 0x7f080315
11-02 11:48:40.425   601   613 W ResourceType: No known package when getting value for resource number 0x7f130123
11-02 11:48:40.425   601   613 W ResourceType: No known package when getting value for resource number 0x7f130447
11-02 11:48:40.425   601   613 W ResourceType: No known package when getting value for resource number 0x7f1302e4
11-02 11:48:40.425   601   613 E ShortcutService: Ignoring excessive intent tag.
11-02 11:48:40.427 16956 16956 I art     : System.exit called, status: 0
11-02 11:48:40.427 16956 16956 I AndroidRuntime: VM exiting with result code 0.
11-02 11:48:40.434  1052  1052 D RegisteredNfcFServicesCache: Service unchanged, not updating
11-02 11:48:40.449   785 16971 I Fitness : FitCleanupIntentOperation received Intent android.intent.action.PACKAGE_DATA_CLEARED [CONTEXT service_id=17 ]
11-02 11:48:40.467 23975  7221 I Icing   : doRemovePackageData com.android.chrome
11-02 11:48:40.467 23975  7221 I Icing   : Removing corpus key com.android.chrome-.implicit: for package com.android.chrome
11-02 11:48:40.511 23975  7221 I native  : flash-index.cc:1519 Flash index sort hb 91 prefix-hits 190 -> 169 at 10.090ms
11-02 11:48:40.544 23975  7221 I Icing   : Removing corpus key com.android.chrome-omnibox for package com.android.chrome
11-02 11:48:40.569 23975  7221 I Icing   : Removing corpus key com.android.chrome-internal.3p:WebPage for package com.android.chrome
11-02 11:48:40.631 23975  7221 I Icing   : Starting compaction min disk 99.925% min index 99.980%
11-02 11:48:40.755 23975  7221 I native  : document-store.cc:1654 Scored 3261 usage reports, missing_corpora 1796 update_failed 1
11-02 11:48:40.785 23975  7221 W native  : words-map.cc:30 INVALID_ARGUMENT: Empty URI
11-02 11:48:40.785 23975  7221 W native  : words-map.cc:34 WordsMap was not properly initialized
11-02 11:48:40.868 23975  7221 E native  : compactor.cc:67 Could not index embedding for docid 1: INTERNAL: Unable to find Thing Proto section 
11-02 11:48:40.868 23975  7221 E native  : compactor.cc:67 Could not index embedding for docid 3: INTERNAL: Unable to find Thing Proto section 
11-02 11:48:40.869 23975  7221 E native  : compactor.cc:67 Could not index embedding for docid 5: INTERNAL: Unable to find Thing Proto section 
11-02 11:48:40.870 23975  7221 E native  : compactor.cc:67 Could not index embedding for docid 7: INTERNAL: Unable to find Thing Proto section 
11-02 11:48:40.875 23975  7221 E native  : compactor.cc:67 Could not index embedding for docid 8: INTERNAL: Unable to find Thing Proto section 
11-02 11:48:40.877 23975  7221 E native  : compactor.cc:67 Could not index embedding for docid 10: INTERNAL: Unable to find Thing Proto section 
11-02 11:48:40.877 23975  7221 E native  : compactor.cc:67 Could not index embedding for docid 11: INTERNAL: Unable to find Thing Proto section 
11-02 11:48:40.878 23975  7221 E native  : compactor.cc:67 Could not index embedding for docid 13: INTERNAL: Unable to find Thing Proto section 
11-02 11:48:40.879 23975  7221 E native  : compactor.cc:67 Could not index embedding for docid 14: INTERNAL: Unable to find Thing Proto section 
11-02 11:48:40.884 23975  7221 E native  : compactor.cc:67 Could not index embedding for docid 17: INTERNAL: Unable to find Thing Proto section 
11-02 11:48:40.885 23975  7221 E native  : compactor.cc:67 Could not index embedding for docid 18: INTERNAL: Unable to find Thing Proto section 
11-02 11:48:40.886 23975  7221 E native  : compactor.cc:67 Could not index embedding for docid 21: INTERNAL: Unable to find Thing Proto section 
11-02 11:48:40.886 23975  7221 E native  : compactor.cc:67 Could not index embedding for docid 22: INTERNAL: Unable to find Thing Proto section 
11-02 11:48:40.892 23975  7221 E native  : compactor.cc:67 Could not index embedding for docid 26: INTERNAL: Unable to find Thing Proto section 
11-02 11:48:40.893 23975  7221 E native  : compactor.cc:67 Could not index embedding for docid 27: INTERNAL: Unable to find Thing Proto section 
11-02 11:48:40.949 23975  7221 I native  : flash-index.cc:1519 Flash index sort hb 34 prefix-hits 54 -> 54 at 39.426ms
11-02 11:48:40.978 23975  7221 W native  : words-map.cc:30 INVALID_ARGUMENT: Empty URI
11-02 11:48:40.978 23975  7221 W native  : words-map.cc:34 WordsMap was not properly initialized
11-02 11:48:41.055 23975  7221 I Icing   : updateResources: need to parse acol{com.android.chrome}
11-02 11:48:41.126 23975  7221 I Icing   : Indexing com.android.chrome-omnibox from com.android.chrome
11-02 11:48:41.137   601  9611 I ActivityManager: Start proc 16981:com.android.chrome/u0a35 for content provider com.android.chrome/com.google.android.apps.chrome.icing.IcingProvider
11-02 11:48:41.233 23975  7221 I Icing   : Indexing done com.android.chrome-omnibox
