11-01 23:18:20.148   600   613 I ActivityManager: Killing 14984:com.android.chrome:sandboxed_process18/u0a35i159 (adj 0): isolated not needed
11-01 23:18:20.193 14572 14572 W FrameAdapter: [] Slow Bind () time: 96444 ps
11-01 23:18:20.221 14997 15038 I chromium: [INFO:child_process_service.cc(69)] ChildProcessService: Exiting child process.
11-01 23:18:20.223   197   197 E lowmemorykiller: Error writing /proc/14997/oom_score_adj; errno=22
11-01 23:18:20.233 14572 14572 W chromium: [WARNING:compositor_view.cc(315)] Child process died (type=6) pid=14958)
11-01 23:18:20.239   600  8039 I ActivityManager: Process com.android.chrome:sandboxed_process19 (pid 14997) has died
11-01 23:18:20.240   600  8039 D ActivityManager: cleanUpApplicationRecord -- 14997
11-01 23:18:20.249 14572 14632 W chromium: [WARNING:spdy_session.cc(3090)] Received RST for invalid stream1
11-01 23:18:20.252 14572 14572 W chromium: [WARNING:compositor_view.cc(315)] Child process died (type=6) pid=14997)
11-01 23:18:20.271 14572 14625 I TimingUtils: Task Timing 191ms, thread background-3 | task : commitContentMutation | mutations : 32
11-01 23:18:20.271 14572 14625 I TimingUtils: Task Timing   0ms, thread background-4 | task : commitSemanticPropertiesMutation | mutations : 0
11-01 23:18:20.272 14572 14625 I TaskQueue:  - Finished 23, time 192 ms
11-01 23:18:20.272 14572 14625 I TaskQueue: Execute task [BACKGROUND - d: false, b: 0]: 11
11-01 23:18:20.273 14572 14625 I SessionCache: Determining accessible content
11-01 23:18:20.275 14572 14625 I TimingUtils: Task Timing   2ms, thread background-5 | task : ContentGc | contentItemsRemoved : 0
11-01 23:18:20.275 14572 14625 I TaskQueue:  - Finished 11, time 4 ms
11-01 23:18:20.285 14704 14704 D ICU     : No timezone override file found: /data/misc/zoneinfo/current/icu/icu_tzdata.dat
11-01 23:18:20.376   600  1484 D ActivityManager: cleanUpApplicationRecord -- 14757
11-01 23:18:20.383 14572 14572 W chromium: [WARNING:compositor_view.cc(315)] Child process died (type=6) pid=14757)
11-01 23:18:20.384   600  8040 D ActivityManager: cleanUpApplicationRecord -- 14881
11-01 23:18:20.384 14572 14572 W chromium: [WARNING:compositor_view.cc(315)] Child process died (type=6) pid=14881)
11-01 23:18:20.404 14704 14704 I Radio-JNI: register_android_hardware_Radio DONE
11-01 23:18:20.415   600   610 D ActivityManager: cleanUpApplicationRecord -- 14917
11-01 23:18:20.427 14572 14572 W chromium: [WARNING:compositor_view.cc(315)] Child process died (type=6) pid=14917)
11-01 23:18:20.432   600  1664 D ActivityManager: cleanUpApplicationRecord -- 14943
11-01 23:18:20.441 14572 14572 W chromium: [WARNING:compositor_view.cc(315)] Child process died (type=6) pid=14943)
11-01 23:18:20.446   600  1665 D ActivityManager: cleanUpApplicationRecord -- 14969
11-01 23:18:20.454  9419  9751 W Icing   : No valid account for uploading user actions
11-01 23:18:20.460 14572 14572 W chromium: [WARNING:compositor_view.cc(315)] Child process died (type=6) pid=14969)
11-01 23:18:20.500  9419  9924 I Icing   : IndexChimeraService.getServiceInterface callingPackage=com.google.android.gms componentName=null serviceId=30
11-01 23:18:20.513 14704 14704 D AndroidRuntime: Calling main entry com.android.commands.am.Am
11-01 23:18:20.551   600 28743 I ActivityManager: Start proc 15068:com.android.chrome:sandboxed_process20/u0i161 for service com.android.chrome/org.chromium.content.app.SandboxedProcessService20
11-01 23:18:20.554   600  1664 I ActivityManager: START u0 {act=android.intent.action.VIEW dat=http://192.168.40.1/... flg=0x10000000 cmp=com.android.chrome/com.google.android.apps.chrome.Main} from uid 2000 on display 0
11-01 23:18:20.559 14704 14704 D AndroidRuntime: Shutting down VM
11-01 23:18:20.582 14572 14582 W art     : Suspending all threads took: 8.591ms
11-01 23:18:20.589 14572 14582 I art     : Background sticky concurrent mark sweep GC freed 35624(1826KB) AllocSpace objects, 4(76KB) LOS objects, 0% free, 20MB/20MB, paused 9.257ms total 28.901ms
11-01 23:18:20.622 14572 14572 E cr_IntentUtils: getInt failed on bundle null
11-01 23:18:20.654   600  6822 I ActivityManager: Start proc 15081:com.android.chrome:sandboxed_process21/u0i162 for service com.android.chrome/org.chromium.content.app.SandboxedProcessService21
11-01 23:18:20.686 15068 15068 W boxed_process20: type=1400 audit(0.0:3669): avc: denied { getattr } for path="/data/data/com.android.chrome" dev="dm-2" ino=12190 scontext=u:r:isolated_app:s0:c512,c768 tcontext=u:object_r:app_data_file:s0:c512,c768 tclass=dir permissive=0
11-01 23:18:20.694 14572 14572 I cr_tabmodel: Appending tabs being restored to metadata lists, 0, startingNormalCount: 2, startingIncognitoCount: 0
11-01 23:18:20.694 14572 14572 I cr_tabmodel: Serializing tab lists; counts: 2, 0
11-01 23:18:20.753 15068 15068 I cr_ChildProcessService: Creating new ChildProcessService pid=15068
11-01 23:18:20.766 15081 15081 W boxed_process21: type=1400 audit(0.0:3670): avc: denied { getattr } for path="/data/data/com.android.chrome" dev="dm-2" ino=12190 scontext=u:r:isolated_app:s0:c512,c768 tcontext=u:object_r:app_data_file:s0:c512,c768 tclass=dir permissive=0
11-01 23:18:20.801   600  5522 I ActivityManager: Start proc 15096:com.android.chrome:sandboxed_process22/u0i163 for service com.android.chrome/org.chromium.content.app.SandboxedProcessService22
11-01 23:18:20.882 15081 15081 I cr_ChildProcessService: Creating new ChildProcessService pid=15081
11-01 23:18:20.910 15068 15095 I cr_LibraryLoader: Loaded native library version number "85.0.4183.127"
11-01 23:18:20.911 15068 15095 I cr_CachingUmaRecorder: Flushed 1 samples from 1 histograms.
11-01 23:18:20.957 15068 15095 I chromium: [INFO:child_process_service.cc(69)] ChildProcessService: Exiting child process.
11-01 23:18:20.960   197   197 E lowmemorykiller: Error writing /proc/15068/oom_score_adj; errno=22
11-01 23:18:20.973 15096 15096 W boxed_process22: type=1400 audit(0.0:3671): avc: denied { getattr } for path="/data/data/com.android.chrome" dev="dm-2" ino=12190 scontext=u:r:isolated_app:s0:c512,c768 tcontext=u:object_r:app_data_file:s0:c512,c768 tclass=dir permissive=0
11-01 23:18:20.978 15081 15108 I cr_LibraryLoader: Loaded native library version number "85.0.4183.127"
11-01 23:18:20.978 15081 15108 I cr_CachingUmaRecorder: Flushed 1 samples from 1 histograms.
11-01 23:18:21.058 15096 15096 I cr_ChildProcessService: Creating new ChildProcessService pid=15096
11-01 23:18:21.142 15096 15121 I cr_LibraryLoader: Loaded native library version number "85.0.4183.127"
11-01 23:18:21.143 15096 15121 I cr_CachingUmaRecorder: Flushed 1 samples from 1 histograms.
11-01 23:18:21.289 15096 15096 I cr_ChildProcessService: Destroying ChildProcessService pid=15096
11-01 23:18:21.397 15096 15121 I chromium: [INFO:child_process_service.cc(69)] ChildProcessService: Exiting child process.
11-01 23:18:21.397 15096 15096 I art     : System.exit called, status: 0
11-01 23:18:21.398 15096 15096 I AndroidRuntime: VM exiting with result code 0, cleanup skipped.
11-01 23:18:21.823   600   713 D ActivityManager: cleanUpApplicationRecord -- 14709
11-01 23:18:21.826   600   713 I ActivityManager: Killing 15096:com.android.chrome:sandboxed_process22/u0a35i163 (adj 0): isolated not needed
11-01 23:18:21.826   600   713 I ActivityManager: Killing 15068:com.android.chrome:sandboxed_process20/u0a35i161 (adj 0): isolated not needed
11-01 23:18:21.851 14572 14572 W chromium: [WARNING:compositor_view.cc(315)] Child process died (type=6) pid=14709)
11-01 23:18:21.969   600  8930 D ActivityManager: cleanUpApplicationRecord -- 14984
11-01 23:18:21.986 14572 14572 W chromium: [WARNING:compositor_view.cc(315)] Child process died (type=6) pid=14984)
11-01 23:18:22.133   600   713 D ActivityManager: cleanUpApplicationRecord -- 15068
11-01 23:18:22.138   600   611 D ActivityManager: cleanUpApplicationRecord -- 15096
11-01 23:18:22.139   600  8930 D ActivityManager: cleanUpApplicationRecord -- 14716
11-01 23:18:22.180   600 11980 D ActivityManager: cleanUpApplicationRecord -- 14899
11-01 23:18:22.186   600  1484 D ActivityManager: cleanUpApplicationRecord -- 14801
11-01 23:18:22.192   600  8039 D ActivityManager: cleanUpApplicationRecord -- 14937
11-01 23:18:22.202   600  1666 D ActivityManager: cleanUpApplicationRecord -- 14745
11-01 23:18:22.217 14572 14800 I PlayCore: UID: [10035]  PID: [14572] SplitInstallService : Failed to bind to the service.
11-01 23:18:22.224 14572 14572 W chromium: [WARNING:compositor_view.cc(315)] Child process died (type=6) pid=15096)
11-01 23:18:22.224 14572 14572 W chromium: [WARNING:compositor_view.cc(315)] Child process died (type=6) pid=14716)
11-01 23:18:22.224 14572 14572 W chromium: [WARNING:compositor_view.cc(315)] Child process died (type=6) pid=15068)
11-01 23:18:22.224 14572 14572 W chromium: [WARNING:compositor_view.cc(315)] Child process died (type=6) pid=14899)
11-01 23:18:22.225 14572 14572 W chromium: [WARNING:compositor_view.cc(315)] Child process died (type=6) pid=14937)
11-01 23:18:22.225 14572 14572 W chromium: [WARNING:compositor_view.cc(315)] Child process died (type=6) pid=14801)
11-01 23:18:22.225 14572 14572 W chromium: [WARNING:compositor_view.cc(315)] Child process died (type=6) pid=14745)
11-01 23:18:22.461 14572 14629 I cr_omaha: Request to Server Successful. Timestamp for next request:1667344702461
11-01 23:18:22.495 14572 14629 I cr_omaha: Request to Server Successful. Timestamp for next request:1667344702495
11-01 23:18:22.495 14572 14629 I cr_omaha: Attempting to schedule next job for: Wed Nov 02 04:18:22 GMT+01:00 2022
11-01 23:18:22.497 14572 14572 I cr_omaha: Scheduled using JobService
11-01 23:18:22.499 14572 14572 E cr_BkgrdTaskJS: Tried finishing non-current BackgroundTask.
11-01 23:18:22.584  9419  9751 I Icing   : Usage reports ok 2, Failed Usage reports 0, indexed 1, rejected 0
11-01 23:18:22.585  9419  9751 I Icing   : Removing corpus key com.android.chrome-omnibox for package com.android.chrome
11-01 23:18:22.952  9419  9751 I native  : flash-index.cc:1519 Flash index sort hb 2 prefix-hits 2 -> 2 at 65.879ms
11-01 23:18:23.207   785   799 W Icing   : isOptedInForAppHistory: empty Account Name encountered
11-01 23:18:23.232   785   799 W Icing   : isOptedInForAppHistory: empty Account Name encountered
11-01 23:18:23.252   785  9175 W Icing   : isOptedInForAppHistory: empty Account Name encountered
11-01 23:18:23.378  9419  9751 I native  : document-store.cc:1654 Scored 2989 usage reports, missing_corpora 0 update_failed 1627
11-01 23:18:23.554 14572 14572 E cr_BTSPrefs: No data found for task id: 53
11-01 23:18:23.555 14572 14572 E cr_BkgrdTaskScheduler: Task cannot be canceled because no data was found instorage or data was invalid
11-01 23:18:23.601  9419  9751 W Icing   : No valid account for uploading user actions
11-01 23:18:23.637  9419  9751 I Icing   : Usage reports ok 1, Failed Usage reports 0, indexed 1, rejected 0
11-01 23:18:23.639  9419  9751 W Icing   : No valid account for uploading user actions
11-01 23:18:23.649  9419  9751 I Icing   : Usage reports ok 0, Failed Usage reports 0, indexed 0, rejected 0
11-01 23:18:23.653  9419  9751 I Icing   : Indexing com.android.chrome-omnibox from com.android.chrome
11-01 23:18:23.730  9419  9751 I Icing   : Indexing done com.android.chrome-omnibox
11-01 23:18:24.722   785  1576 W Icing   : isOptedInForAppHistory: empty Account Name encountered
11-01 23:18:24.735   785  5571 W Icing   : isOptedInForAppHistory: empty Account Name encountered
11-01 23:18:25.495 14572 14572 I cr_tabmodel: Appending tabs being restored to metadata lists, 0, startingNormalCount: 2, startingIncognitoCount: 0
11-01 23:18:25.496 14572 14572 I cr_tabmodel: Serializing tab lists; counts: 2, 0
11-01 23:18:25.514 14572 14572 I cr_tabmodel: Appending tabs being restored to metadata lists, 0, startingNormalCount: 2, startingIncognitoCount: 0
11-01 23:18:25.514 14572 14572 I cr_tabmodel: Serializing tab lists; counts: 2, 0
11-01 23:18:25.879   785  1191 W Icing   : isOptedInForAppHistory: empty Account Name encountered
11-01 23:18:25.895   785  1191 W Icing   : isOptedInForAppHistory: empty Account Name encountered
11-01 23:18:25.978   785  9175 W Icing   : isOptedInForAppHistory: empty Account Name encountered
11-01 23:18:26.242  9419  9751 I Icing   : Indexing com.android.chrome-internal.3p:WebPage from com.android.chrome
11-01 23:18:26.327  9419  9751 E SQLiteLog: (1) no such table: WebPage_com.android.chrome_seq_table
11-01 23:18:26.330  9419  9751 E Icing   : Cursor call threw an exception: no such table: WebPage_com.android.chrome_seq_table (code 1): , while compiling: SELECT * FROM [WebPage_com.android.chrome_seq_table] WHERE seqno>0 AND tag IS NULL ORDER BY seqno LIMIT 20
11-01 23:18:26.343  9419  9751 I Icing   : Indexing done com.android.chrome-internal.3p:WebPage
11-01 23:18:26.343  9419  9751 E Icing   : Aborting indexing of corpus internal.3p:WebPage
11-01 23:18:26.345  9419  9751 I Icing   : Indexing com.android.chrome-internal.3p:WebPage from com.android.chrome using seqno 0
11-01 23:18:26.541   785   795 W SQLiteConnectionPool: A SQLiteConnection object for database '/data/user/0/com.google.android.gms/databases/metadata.db' was leaked!  Please fix your application to end transactions in progress properly and to close the database when it is no longer needed.
11-01 23:18:26.795   785  1233 W GmsStrictMode: LEAKED_CLOSABLE [CONTEXT service_id=256 ]
11-01 23:18:26.795   785  1233 W GmsStrictMode: rvo: LEAKED_CLOSABLE
11-01 23:18:26.795   785  1233 W GmsStrictMode: 	at dalvik.system.VMStack.getThreadStackTrace(Native Method)
11-01 23:18:26.795   785  1233 W GmsStrictMode: 	at java.lang.Thread.getStackTrace(Thread.java:1566)
11-01 23:18:26.795   785  1233 W GmsStrictMode: 	at bhdb.containsKey(:com.google.android.gms@203915020@20.39.15 (040406-335085812):1)
11-01 23:18:26.795   785  1233 W GmsStrictMode: 	at android.os.StrictMode.onVmPolicyViolation(StrictMode.java:1867)
11-01 23:18:26.795   785  1233 W GmsStrictMode: 	at android.os.StrictMode.onVmPolicyViolation(StrictMode.java:1844)
11-01 23:18:26.795   785  1233 W GmsStrictMode: 	at android.os.StrictMode$AndroidCloseGuardReporter.report(StrictMode.java:1590)
11-01 23:18:26.795   785  1233 W GmsStrictMode: 	at dalvik.system.CloseGuard.warnIfOpen(CloseGuard.java:208)
11-01 23:18:26.795   785  1233 W GmsStrictMode: 	at android.database.sqlite.SQLiteConnection.dispose(SQLiteConnection.java:231)
11-01 23:18:26.795   785  1233 W GmsStrictMode: 	at android.database.sqlite.SQLiteConnection.finalize(SQLiteConnection.java:180)
11-01 23:18:26.795   785  1233 W GmsStrictMode: 	at java.lang.Daemons$FinalizerDaemon.doFinalize(Daemons.java:222)
11-01 23:18:26.795   785  1233 W GmsStrictMode: 	at java.lang.Daemons$FinalizerDaemon.run(Daemons.java:209)
11-01 23:18:26.795   785  1233 W GmsStrictMode: 	at java.lang.Thread.run(Thread.java:761)
11-01 23:18:27.529 14572 14572 E cr_BTSPrefs: No data found for task id: 57
11-01 23:18:27.529 14572 14572 E cr_BkgrdTaskScheduler: Task cannot be canceled because no data was found instorage or data was invalid
11-01 23:18:27.530 14572 14572 E cr_BTSPrefs: No data found for task id: 56
11-01 23:18:27.530 14572 14572 E cr_BkgrdTaskScheduler: Task cannot be canceled because no data was found instorage or data was invalid
11-01 23:18:28.891 14572 14572 I cr_tabmodel: Appending tabs being restored to metadata lists, 0, startingNormalCount: 2, startingIncognitoCount: 0
11-01 23:18:28.891 14572 14572 I cr_tabmodel: Serializing tab lists; counts: 2, 0
11-01 23:18:33.759 15152 15152 D AndroidRuntime: >>>>>> START com.android.internal.os.RuntimeInit uid 2000 <<<<<<
11-01 23:18:33.763 15152 15152 D AndroidRuntime: CheckJNI is OFF
11-01 23:18:33.832 15152 15152 D ICU     : No timezone override file found: /data/misc/zoneinfo/current/icu/icu_tzdata.dat
11-01 23:18:33.864 15152 15152 I Radio-JNI: register_android_hardware_Radio DONE
11-01 23:18:33.880 15152 15152 D AndroidRuntime: Calling main entry com.android.commands.monkey.Monkey
11-01 23:18:33.950   600   613 W BroadcastQueue: Skipping deliver [background] BroadcastRecord{41bc67d u-1 android.net.conn.CONNECTIVITY_CHANGE} to ReceiverList{7fbc972 15152 (unknown name)/2000/u-1 remote:aff9a27}: process crashing
11-01 23:18:35.466 15152 15152 D MonkeyStub: translateCommand: wake
11-01 23:18:35.585 15152 15152 D MonkeyStub: translateCommand: tap 201 1873
11-01 23:18:45.657 15152 15152 D MonkeyStub: translateCommand: touch down 614 1561
11-01 23:18:45.675 15152 15152 D MonkeyStub: translateCommand: touch move 614 1561
11-01 23:18:45.789 15152 15152 D MonkeyStub: translateCommand: touch move 614 1436
11-01 23:18:45.899 15152 15152 D MonkeyStub: translateCommand: touch move 614 1311
11-01 23:18:46.011 15152 15152 D MonkeyStub: translateCommand: touch move 614 1186
11-01 23:18:46.120 15152 15152 D MonkeyStub: translateCommand: touch move 614 1061
11-01 23:18:46.254 15152 15152 D MonkeyStub: translateCommand: touch move 614 937
11-01 23:18:46.358 15152 15152 D MonkeyStub: translateCommand: touch move 614 812
11-01 23:18:46.472 15152 15152 D MonkeyStub: translateCommand: touch move 614 687
11-01 23:18:46.582 15152 15152 D MonkeyStub: translateCommand: touch move 614 562
11-01 23:18:46.698 15152 15152 D MonkeyStub: translateCommand: touch move 614 437
11-01 23:18:46.806 15152 15152 D MonkeyStub: translateCommand: touch move 614 312
11-01 23:18:46.815 15152 15152 D MonkeyStub: translateCommand: touch up 614 312
11-01 23:18:46.849 15152 15152 D MonkeyStub: translateCommand: touch down 614 1561
11-01 23:18:46.854 15152 15152 D MonkeyStub: translateCommand: touch move 614 1561
11-01 23:18:46.964 15152 15152 D MonkeyStub: translateCommand: touch move 614 1436
11-01 23:18:47.072 15152 15152 D MonkeyStub: translateCommand: touch move 614 1311
11-01 23:18:47.187 15152 15152 D MonkeyStub: translateCommand: touch move 614 1186
11-01 23:18:47.299 15152 15152 D MonkeyStub: translateCommand: touch move 614 1061
11-01 23:18:47.407 15152 15152 D MonkeyStub: translateCommand: touch move 614 937
11-01 23:18:47.524 15152 15152 D MonkeyStub: translateCommand: touch move 614 812
11-01 23:18:47.637 15152 15152 D MonkeyStub: translateCommand: touch move 614 687
11-01 23:18:47.746 15152 15152 D MonkeyStub: translateCommand: touch move 614 562
11-01 23:18:47.856 15152 15152 D MonkeyStub: translateCommand: touch move 614 437
11-01 23:18:47.966 15152 15152 D MonkeyStub: translateCommand: touch move 614 312
11-01 23:18:47.974 15152 15152 D MonkeyStub: translateCommand: touch up 614 312
11-01 23:18:48.000 15152 15152 D MonkeyStub: translateCommand: touch down 614 1561
11-01 23:18:48.006 15152 15152 D MonkeyStub: translateCommand: touch move 614 1561
11-01 23:18:48.118 15152 15152 D MonkeyStub: translateCommand: touch move 614 1436
11-01 23:18:48.227 15152 15152 D MonkeyStub: translateCommand: touch move 614 1311
11-01 23:18:48.340 15152 15152 D MonkeyStub: translateCommand: touch move 614 1186
11-01 23:18:48.452 15152 15152 D MonkeyStub: translateCommand: touch move 614 1061
11-01 23:18:48.562 15152 15152 D MonkeyStub: translateCommand: touch move 614 937
11-01 23:18:48.695 15152 15152 D MonkeyStub: translateCommand: touch move 614 812
11-01 23:18:48.823 15152 15152 D MonkeyStub: translateCommand: touch move 614 687
11-01 23:18:48.932 15152 15152 D MonkeyStub: translateCommand: touch move 614 562
11-01 23:18:49.042 15152 15152 D MonkeyStub: translateCommand: touch move 614 437
11-01 23:18:49.160 15152 15152 D MonkeyStub: translateCommand: touch move 614 312
11-01 23:18:49.171 15152 15152 D MonkeyStub: translateCommand: touch up 614 312
11-01 23:18:51.210  9419  9924 I Icing   : IndexChimeraService.getServiceInterface callingPackage=com.android.chrome componentName=null serviceId=36
11-01 23:18:51.243  9419  9751 W Icing   : No valid account for uploading user actions
11-01 23:18:51.283  9419  9919 I Icing   : IndexChimeraService.getServiceInterface callingPackage=com.google.android.gms componentName=null serviceId=30
11-01 23:18:51.322  9419  9751 I Icing   : Usage reports ok 2, Failed Usage reports 0, indexed 1, rejected 0
11-01 23:18:51.326  9419  9751 W Icing   : No valid account for uploading user actions
11-01 23:18:51.338  9419  9751 I Icing   : Usage reports ok 0, Failed Usage reports 0, indexed 0, rejected 0
11-01 23:18:51.341  9419  9751 I Icing   : Indexing com.android.chrome-omnibox from com.android.chrome
11-01 23:18:51.362  9419  9751 I Icing   : Indexing done com.android.chrome-omnibox
11-01 23:18:51.389 15152 15152 D MonkeyStub: translateCommand: touch down 614 1561
11-01 23:18:51.394 15152 15152 D MonkeyStub: translateCommand: touch move 614 1561
11-01 23:18:51.499 15152 15152 D MonkeyStub: translateCommand: touch move 614 1436
11-01 23:18:51.618 15152 15152 D MonkeyStub: translateCommand: touch move 614 1311
11-01 23:18:51.729 15152 15152 D MonkeyStub: translateCommand: touch move 614 1186
11-01 23:18:51.835 15152 15152 D MonkeyStub: translateCommand: touch move 614 1061
11-01 23:18:51.946 15152 15152 D MonkeyStub: translateCommand: touch move 614 937
11-01 23:18:52.056 15152 15152 D MonkeyStub: translateCommand: touch move 614 812
11-01 23:18:52.163 15152 15152 D MonkeyStub: translateCommand: touch move 614 687
11-01 23:18:52.268 15152 15152 D MonkeyStub: translateCommand: touch move 614 562
11-01 23:18:52.380 15152 15152 D MonkeyStub: translateCommand: touch move 614 437
11-01 23:18:52.489 15152 15152 D MonkeyStub: translateCommand: touch move 614 312
11-01 23:18:52.494 15152 15152 D MonkeyStub: translateCommand: touch up 614 312
11-01 23:18:52.517 15152 15152 D MonkeyStub: translateCommand: touch down 614 1561
11-01 23:18:52.534 15152 15152 D MonkeyStub: translateCommand: touch move 614 1561
11-01 23:18:52.646 15152 15152 D MonkeyStub: translateCommand: touch move 614 1436
11-01 23:18:52.755 15152 15152 D MonkeyStub: translateCommand: touch move 614 1311
11-01 23:18:52.863 15152 15152 D MonkeyStub: translateCommand: touch move 614 1186
11-01 23:18:52.976 15152 15152 D MonkeyStub: translateCommand: touch move 614 1061
11-01 23:18:53.088 15152 15152 D MonkeyStub: translateCommand: touch move 614 937
11-01 23:18:53.206 15152 15152 D MonkeyStub: translateCommand: touch move 614 812
11-01 23:18:53.313 15152 15152 D MonkeyStub: translateCommand: touch move 614 687
11-01 23:18:53.423 15152 15152 D MonkeyStub: translateCommand: touch move 614 562
11-01 23:18:53.537 15152 15152 D MonkeyStub: translateCommand: touch move 614 437
11-01 23:18:53.650 15152 15152 D MonkeyStub: translateCommand: touch move 614 312
11-01 23:18:53.664 15152 15152 D MonkeyStub: translateCommand: touch up 614 312
11-01 23:18:56.127   785  9175 I NetworkScheduler.Stats: Task com.google.android.gms/com.google.android.gms.icing.service.IcingGcmTaskService started execution. cause:4 exec_start_elapsed_seconds: 50317 [CONTEXT service_id=218 ]
11-01 23:18:56.141   785  9170 I NetworkScheduler.Stats: Task com.google.android.gms/com.google.android.gms.icing.service.IcingGcmTaskService finished executing. cause:4 result: 1 elapsed_millis: 40 uptime_millis: 40 exec_start_elapsed_seconds: 50317 [CONTEXT service_id=218 ]
11-01 23:18:56.201   785  9175 I NetworkScheduler.Stats: Task com.google.android.gms/com.google.android.gms.clearcut.uploader.QosUploaderService started execution. cause:5 exec_start_elapsed_seconds: 50317 [CONTEXT service_id=218 ]
11-01 23:18:56.247   785  9170 I NetworkScheduler.Stats: Task com.google.android.gms/com.google.android.gms.checkin.EventLogService started execution. cause:5 exec_start_elapsed_seconds: 50317 [CONTEXT service_id=218 ]
11-01 23:18:56.253  9419  9544 I Checkin : [EventLogChimeraService] Opted in for usage reporting: false
11-01 23:18:56.260  9419  9544 I Checkin : [EventLogChimeraService] Aggregate from 1667339559894 (log), 1667339559894 (data)
11-01 23:18:56.317   785  9170 I NetworkScheduler.Stats: Task com.google.android.gms/com.google.android.gms.clearcut.uploader.QosUploaderService finished executing. cause:5 result: 1 elapsed_millis: 145 uptime_millis: 146 exec_start_elapsed_seconds: 50317 [CONTEXT service_id=218 ]
11-01 23:18:56.442  9419  9544 I Checkin : [ServiceDumpSys] dumping service [account]
11-01 23:18:56.510   785  5571 I NetworkScheduler.Stats: Task com.google.android.gms/com.google.android.gms.checkin.EventLogService finished executing. cause:5 result: 1 elapsed_millis: 291 uptime_millis: 290 exec_start_elapsed_seconds: 50317 [CONTEXT service_id=218 ]
11-01 23:18:56.935 15152 15152 D MonkeyStub: translateCommand: tap 1276 934
11-01 23:18:57.254   198   198 E SELinux : avc:  denied  { find } for service=netd pid=15209 uid=2000 scontext=u:r:shell:s0 tcontext=u:object_r:netd_service:s0 tclass=service_manager permissive=0
11-01 23:18:57.258   198   198 E SELinux : avc:  denied  { find } for service=android.service.gatekeeper.IGateKeeperService pid=15209 uid=2000 scontext=u:r:shell:s0 tcontext=u:object_r:gatekeeper_service:s0 tclass=service_manager permissive=0
11-01 23:18:57.437   785  1233 E AsyncOperation: serviceID=121, operation=GetLaunchDataOperation [CONTEXT service_id=259 ]
11-01 23:18:57.437   785  1233 E AsyncOperation: OperationException[Status{statusCode=Not an instant app, resolution=null}]
11-01 23:18:57.437   785  1233 E AsyncOperation: 	at aeay.a(:com.google.android.gms@203915020@20.39.15 (040406-335085812):20)
11-01 23:18:57.437   785  1233 E AsyncOperation: 	at aain.run(:com.google.android.gms@203915020@20.39.15 (040406-335085812):7)
11-01 23:18:57.437   785  1233 E AsyncOperation: 	at boex.run(:com.google.android.gms@203915020@20.39.15 (040406-335085812):2)
11-01 23:18:57.437   785  1233 E AsyncOperation: 	at sup.b(:com.google.android.gms@203915020@20.39.15 (040406-335085812):12)
11-01 23:18:57.437   785  1233 E AsyncOperation: 	at sup.run(:com.google.android.gms@203915020@20.39.15 (040406-335085812):7)
11-01 23:18:57.437   785  1233 E AsyncOperation: 	at java.util.concurrent.ThreadPoolExecutor.runWorker(ThreadPoolExecutor.java:1133)
11-01 23:18:57.437   785  1233 E AsyncOperation: 	at java.util.concurrent.ThreadPoolExecutor$Worker.run(ThreadPoolExecutor.java:607)
11-01 23:18:57.437   785  1233 E AsyncOperation: 	at tam.run(:com.google.android.gms@203915020@20.39.15 (040406-335085812):0)
11-01 23:18:57.437   785  1233 E AsyncOperation: 	at java.lang.Thread.run(Thread.java:761)
11-01 23:18:58.692   600  8040 I ActivityManager: Start proc 15213:com.android.chrome:sandboxed_process23/u0i164 for service com.android.chrome/org.chromium.content.app.SandboxedProcessService23
11-01 23:18:58.756 15213 15213 W boxed_process23: type=1400 audit(0.0:3672): avc: denied { getattr } for path="/data/data/com.android.chrome" dev="dm-2" ino=12190 scontext=u:r:isolated_app:s0:c512,c768 tcontext=u:object_r:app_data_file:s0:c512,c768 tclass=dir permissive=0
11-01 23:18:58.795 15213 15213 I cr_ChildProcessService: Creating new ChildProcessService pid=15213
11-01 23:18:59.039 15213 15226 I cr_LibraryLoader: Loaded native library version number "85.0.4183.127"
11-01 23:18:59.040 15213 15226 I cr_CachingUmaRecorder: Flushed 1 samples from 1 histograms.
11-01 23:18:59.100 15226 15226 W CrUtilityMain: type=1400 audit(0.0:3673): avc: denied { setattr } for name="LICENSE.txt" dev="dm-2" ino=24776 scontext=u:r:isolated_app:s0:c512,c768 tcontext=u:object_r:app_data_file:s0:c512,c768 tclass=file permissive=0
11-01 23:18:59.103 15226 15226 W CrUtilityMain: type=1400 audit(0.0:3674): avc: denied { setattr } for name=46696C746572696E672052756C6573 dev="dm-2" ino=24988 scontext=u:r:isolated_app:s0:c512,c768 tcontext=u:object_r:app_data_file:s0:c512,c768 tclass=file permissive=0
11-01 23:18:59.106 15226 15226 W CrUtilityMain: type=1400 audit(0.0:3675): avc: denied { setattr } for name="manifest.json" dev="dm-2" ino=24651 scontext=u:r:isolated_app:s0:c512,c768 tcontext=u:object_r:app_data_file:s0:c512,c768 tclass=file permissive=0
11-01 23:18:59.110 15226 15226 W CrUtilityMain: type=1400 audit(0.0:3676): avc: denied { setattr } for name="verified_contents.json" dev="dm-2" ino=24785 scontext=u:r:isolated_app:s0:c512,c768 tcontext=u:object_r:app_data_file:s0:c512,c768 tclass=file permissive=0
11-01 23:18:59.125 15213 15226 I chromium: [INFO:child_process_service.cc(69)] ChildProcessService: Exiting child process.
11-01 23:18:59.126   197   197 E lowmemorykiller: Error writing /proc/15213/oom_score_adj; errno=22
11-01 23:18:59.312   600   713 I ActivityManager: Process com.android.chrome:sandboxed_process23 (pid 15213) has died
11-01 23:18:59.313   600   713 D ActivityManager: cleanUpApplicationRecord -- 15213
11-01 23:18:59.321 14572 14605 I cr_BindingManager: onTrimMemory: level=10, size=1
11-01 23:18:59.321 14572 14605 I cr_BindingManager: Reduce connections from 1 to 0
11-01 23:18:59.371 14572 14572 W chromium: [WARNING:compositor_view.cc(315)] Child process died (type=6) pid=15213)
11-01 23:18:59.676   785  1191 W Icing   : isOptedInForAppHistory: empty Account Name encountered
11-01 23:18:59.712   785  1191 W Icing   : isOptedInForAppHistory: empty Account Name encountered
11-01 23:18:59.894   600  1665 I ActivityManager: Start proc 15230:com.android.chrome:sandboxed_process24/u0i165 for service com.android.chrome/org.chromium.content.app.SandboxedProcessService24
11-01 23:19:00.006 15230 15230 W boxed_process24: type=1400 audit(0.0:3677): avc: denied { getattr } for path="/data/data/com.android.chrome" dev="dm-2" ino=12190 scontext=u:r:isolated_app:s0:c512,c768 tcontext=u:object_r:app_data_file:s0:c512,c768 tclass=dir permissive=0
11-01 23:19:00.066   785  5571 W Icing   : isOptedInForAppHistory: empty Account Name encountered
11-01 23:19:00.074 15230 15230 I cr_ChildProcessService: Creating new ChildProcessService pid=15230
11-01 23:19:00.128 15230 15243 I cr_LibraryLoader: Loaded native library version number "85.0.4183.127"
11-01 23:19:00.128 15230 15243 I cr_CachingUmaRecorder: Flushed 1 samples from 1 histograms.
11-01 23:19:00.190 15243 15243 W CrUtilityMain: type=1400 audit(0.0:3678): avc: denied { setattr } for name="tl_en-us_2022-10-26_484799359_100000_index.bin" dev="dm-2" ino=27783 scontext=u:r:isolated_app:s0:c512,c768 tcontext=u:object_r:app_data_file:s0:c512,c768 tclass=file permissive=0
11-01 23:19:00.200 15243 15243 W CrUtilityMain: type=1400 audit(0.0:3679): avc: denied { setattr } for name="manifest.json" dev="dm-2" ino=27949 scontext=u:r:isolated_app:s0:c512,c768 tcontext=u:object_r:app_data_file:s0:c512,c768 tclass=file permissive=0
11-01 23:19:00.203 15243 15243 W CrUtilityMain: type=1400 audit(0.0:3680): avc: denied { setattr } for name="verified_contents.json" dev="dm-2" ino=34410 scontext=u:r:isolated_app:s0:c512,c768 tcontext=u:object_r:app_data_file:s0:c512,c768 tclass=file permissive=0
11-01 23:19:00.215 15230 15243 I chromium: [INFO:child_process_service.cc(69)] ChildProcessService: Exiting child process.
11-01 23:19:00.216   197   197 E lowmemorykiller: Error writing /proc/15230/oom_score_adj; errno=22
11-01 23:19:00.237 14572 14572 W chromium: [WARNING:compositor_view.cc(315)] Child process died (type=6) pid=15230)
11-01 23:19:00.237   600  1666 I ActivityManager: Process com.android.chrome:sandboxed_process24 (pid 15230) has died
11-01 23:19:00.237   600  1666 D ActivityManager: cleanUpApplicationRecord -- 15230
11-01 23:19:01.576   600  8039 I ActivityManager: Start proc 15247:com.android.chrome:sandboxed_process25/u0i166 for service com.android.chrome/org.chromium.content.app.SandboxedProcessService25
11-01 23:19:01.666 15247 15247 W boxed_process25: type=1400 audit(0.0:3681): avc: denied { getattr } for path="/data/data/com.android.chrome" dev="dm-2" ino=12190 scontext=u:r:isolated_app:s0:c512,c768 tcontext=u:object_r:app_data_file:s0:c512,c768 tclass=dir permissive=0
11-01 23:19:01.696 14572 14572 I cr_tabmodel: Appending tabs being restored to metadata lists, 0, startingNormalCount: 2, startingIncognitoCount: 0
11-01 23:19:01.696 14572 14572 I cr_tabmodel: Serializing tab lists; counts: 2, 0
11-01 23:19:01.725 15247 15247 I cr_ChildProcessService: Creating new ChildProcessService pid=15247
11-01 23:19:01.815 15247 15261 I cr_LibraryLoader: Loaded native library version number "85.0.4183.127"
11-01 23:19:01.816 15247 15261 I cr_CachingUmaRecorder: Flushed 1 samples from 1 histograms.
11-01 23:19:01.830 15261 15261 W CrUtilityMain: type=1400 audit(0.0:3682): avc: denied { setattr } for name="optimization-hints.pb" dev="dm-2" ino=58491 scontext=u:r:isolated_app:s0:c512,c768 tcontext=u:object_r:app_data_file:s0:c512,c768 tclass=file permissive=0
11-01 23:19:01.830 15261 15261 W CrUtilityMain: type=1400 audit(0.0:3683): avc: denied { setattr } for name="manifest.json" dev="dm-2" ino=58523 scontext=u:r:isolated_app:s0:c512,c768 tcontext=u:object_r:app_data_file:s0:c512,c768 tclass=file permissive=0
11-01 23:19:01.833 15261 15261 W CrUtilityMain: type=1400 audit(0.0:3684): avc: denied { setattr } for name="verified_contents.json" dev="dm-2" ino=58676 scontext=u:r:isolated_app:s0:c512,c768 tcontext=u:object_r:app_data_file:s0:c512,c768 tclass=file permissive=0
11-01 23:19:01.846 15247 15261 I chromium: [INFO:child_process_service.cc(69)] ChildProcessService: Exiting child process.
11-01 23:19:01.864   600  8040 I ActivityManager: Process com.android.chrome:sandboxed_process25 (pid 15247) has died
11-01 23:19:01.864   600  8040 D ActivityManager: cleanUpApplicationRecord -- 15247
11-01 23:19:01.870 14572 14572 W chromium: [WARNING:compositor_view.cc(315)] Child process died (type=6) pid=15247)
11-01 23:19:02.550 14572 14572 I cr_tabmodel: Appending tabs being restored to metadata lists, 0, startingNormalCount: 2, startingIncognitoCount: 0
11-01 23:19:02.550 14572 14572 I cr_tabmodel: Serializing tab lists; counts: 2, 0
11-01 23:19:03.580   600 11980 I ActivityManager: Start proc 15266:com.android.chrome:sandboxed_process26/u0i167 for service com.android.chrome/org.chromium.content.app.SandboxedProcessService26
11-01 23:19:03.643 15266 15266 W boxed_process26: type=1400 audit(0.0:3685): avc: denied { getattr } for path="/data/data/com.android.chrome" dev="dm-2" ino=12190 scontext=u:r:isolated_app:s0:c512,c768 tcontext=u:object_r:app_data_file:s0:c512,c768 tclass=dir permissive=0
11-01 23:19:03.678 15266 15266 I cr_ChildProcessService: Creating new ChildProcessService pid=15266
11-01 23:19:03.743 15266 15279 I cr_LibraryLoader: Loaded native library version number "85.0.4183.127"
11-01 23:19:03.744 15266 15279 I cr_CachingUmaRecorder: Flushed 1 samples from 1 histograms.
11-01 23:19:03.763 15279 15279 W CrUtilityMain: type=1400 audit(0.0:3686): avc: denied { setattr } for name="crl-set" dev="dm-2" ino=59123 scontext=u:r:isolated_app:s0:c512,c768 tcontext=u:object_r:app_data_file:s0:c512,c768 tclass=file permissive=0
11-01 23:19:03.766 15279 15279 W CrUtilityMain: type=1400 audit(0.0:3687): avc: denied { setattr } for name="manifest.json" dev="dm-2" ino=58830 scontext=u:r:isolated_app:s0:c512,c768 tcontext=u:object_r:app_data_file:s0:c512,c768 tclass=file permissive=0
11-01 23:19:03.766 15279 15279 W CrUtilityMain: type=1400 audit(0.0:3688): avc: denied { setattr } for name="LICENSE" dev="dm-2" ino=59539 scontext=u:r:isolated_app:s0:c512,c768 tcontext=u:object_r:app_data_file:s0:c512,c768 tclass=file permissive=0
11-01 23:19:03.770 15279 15279 W CrUtilityMain: type=1400 audit(0.0:3689): avc: denied { setattr } for name="verified_contents.json" dev="dm-2" ino=59561 scontext=u:r:isolated_app:s0:c512,c768 tcontext=u:object_r:app_data_file:s0:c512,c768 tclass=file permissive=0
11-01 23:19:03.780 15266 15279 I chromium: [INFO:child_process_service.cc(69)] ChildProcessService: Exiting child process.
11-01 23:19:03.784   197   197 E lowmemorykiller: Error writing /proc/15266/oom_score_adj; errno=22
11-01 23:19:03.803   600  1483 I ActivityManager: Process com.android.chrome:sandboxed_process26 (pid 15266) has died
11-01 23:19:03.803   600  1483 D ActivityManager: cleanUpApplicationRecord -- 15266
11-01 23:19:03.809 14572 14572 W chromium: [WARNING:compositor_view.cc(315)] Child process died (type=6) pid=15266)
11-01 23:19:05.820   600 30165 I ActivityManager: Start proc 15283:com.android.chrome:sandboxed_process27/u0i168 for service com.android.chrome/org.chromium.content.app.SandboxedProcessService27
11-01 23:19:05.860 15283 15283 W boxed_process27: type=1400 audit(0.0:3690): avc: denied { getattr } for path="/data/data/com.android.chrome" dev="dm-2" ino=12190 scontext=u:r:isolated_app:s0:c512,c768 tcontext=u:object_r:app_data_file:s0:c512,c768 tclass=dir permissive=0
11-01 23:19:05.885 15283 15283 I cr_ChildProcessService: Creating new ChildProcessService pid=15283
11-01 23:19:05.924 15283 15296 I cr_LibraryLoader: Loaded native library version number "85.0.4183.127"
11-01 23:19:05.924 15283 15296 I cr_CachingUmaRecorder: Flushed 1 samples from 1 histograms.
11-01 23:19:05.936 15296 15296 W CrUtilityMain: type=1400 audit(0.0:3691): avc: denied { setattr } for name="manifest.json" dev="dm-2" ino=59730 scontext=u:r:isolated_app:s0:c512,c768 tcontext=u:object_r:app_data_file:s0:c512,c768 tclass=file permissive=0
11-01 23:19:05.936 15296 15296 W CrUtilityMain: type=1400 audit(0.0:3692): avc: denied { setattr } for name="verified_contents.json" dev="dm-2" ino=59977 scontext=u:r:isolated_app:s0:c512,c768 tcontext=u:object_r:app_data_file:s0:c512,c768 tclass=file permissive=0
11-01 23:19:05.946 15283 15296 I chromium: [INFO:child_process_service.cc(69)] ChildProcessService: Exiting child process.
11-01 23:19:05.947   197   197 E lowmemorykiller: Error writing /proc/15283/oom_score_adj; errno=22
11-01 23:19:05.967   600  1066 I ActivityManager: Process com.android.chrome:sandboxed_process27 (pid 15283) has died
11-01 23:19:05.967   600  1066 D ActivityManager: cleanUpApplicationRecord -- 15283
11-01 23:19:05.969 14572 14572 W chromium: [WARNING:compositor_view.cc(315)] Child process died (type=6) pid=15283)
11-01 23:19:07.163 15152 15152 D MonkeyStub: translateCommand: tap 201 1873
11-01 23:19:08.157   600  8930 I ActivityManager: Start proc 15304:com.android.chrome:sandboxed_process28/u0i169 for service com.android.chrome/org.chromium.content.app.SandboxedProcessService28
11-01 23:19:08.196 15304 15304 W boxed_process28: type=1400 audit(0.0:3693): avc: denied { getattr } for path="/data/data/com.android.chrome" dev="dm-2" ino=12190 scontext=u:r:isolated_app:s0:c512,c768 tcontext=u:object_r:app_data_file:s0:c512,c768 tclass=dir permissive=0
11-01 23:19:08.217 15304 15304 I cr_ChildProcessService: Creating new ChildProcessService pid=15304
11-01 23:19:08.258 15304 15317 I cr_LibraryLoader: Loaded native library version number "85.0.4183.127"
11-01 23:19:08.258 15304 15317 I cr_CachingUmaRecorder: Flushed 1 samples from 1 histograms.
11-01 23:19:08.273 15317 15317 W CrUtilityMain: type=1400 audit(0.0:3694): avc: denied { setattr } for name="download_file_types.pb" dev="dm-2" ino=61844 scontext=u:r:isolated_app:s0:c512,c768 tcontext=u:object_r:app_data_file:s0:c512,c768 tclass=file permissive=0
11-01 23:19:08.276 15317 15317 W CrUtilityMain: type=1400 audit(0.0:3695): avc: denied { setattr } for name="manifest.json" dev="dm-2" ino=61762 scontext=u:r:isolated_app:s0:c512,c768 tcontext=u:object_r:app_data_file:s0:c512,c768 tclass=file permissive=0
11-01 23:19:08.276 15317 15317 W CrUtilityMain: type=1400 audit(0.0:3696): avc: denied { setattr } for name="verified_contents.json" dev="dm-2" ino=61756 scontext=u:r:isolated_app:s0:c512,c768 tcontext=u:object_r:app_data_file:s0:c512,c768 tclass=file permissive=0
11-01 23:19:08.286 15304 15317 I chromium: [INFO:child_process_service.cc(69)] ChildProcessService: Exiting child process.
11-01 23:19:08.287   197   197 E lowmemorykiller: Error writing /proc/15304/oom_score_adj; errno=22
11-01 23:19:08.307 14572 14572 W chromium: [WARNING:compositor_view.cc(315)] Child process died (type=6) pid=15304)
11-01 23:19:08.307   600  1666 I ActivityManager: Process com.android.chrome:sandboxed_process28 (pid 15304) has died
11-01 23:19:08.307   600  1666 D ActivityManager: cleanUpApplicationRecord -- 15304
11-01 23:19:08.936 14572 14572 I Choreographer: Skipped 32 frames!  The application may be doing too much work on its main thread.
11-01 23:19:10.725   600  5522 I ActivityManager: Start proc 15321:com.android.chrome:sandboxed_process29/u0i170 for service com.android.chrome/org.chromium.content.app.SandboxedProcessService29
11-01 23:19:10.783 15321 15321 W boxed_process29: type=1400 audit(0.0:3697): avc: denied { getattr } for path="/data/data/com.android.chrome" dev="dm-2" ino=12190 scontext=u:r:isolated_app:s0:c512,c768 tcontext=u:object_r:app_data_file:s0:c512,c768 tclass=dir permissive=0
11-01 23:19:10.816 15321 15321 I cr_ChildProcessService: Creating new ChildProcessService pid=15321
11-01 23:19:10.875 15321 15334 I cr_LibraryLoader: Loaded native library version number "85.0.4183.127"
11-01 23:19:10.877 15321 15334 I cr_CachingUmaRecorder: Flushed 1 samples from 1 histograms.
11-01 23:19:10.893 15334 15334 W CrUtilityMain: type=1400 audit(0.0:3698): avc: denied { setattr } for name="ssl_error_assistant.pb" dev="dm-2" ino=61924 scontext=u:r:isolated_app:s0:c512,c768 tcontext=u:object_r:app_data_file:s0:c512,c768 tclass=file permissive=0
11-01 23:19:10.896 15334 15334 W CrUtilityMain: type=1400 audit(0.0:3699): avc: denied { setattr } for name="manifest.json" dev="dm-2" ino=62306 scontext=u:r:isolated_app:s0:c512,c768 tcontext=u:object_r:app_data_file:s0:c512,c768 tclass=file permissive=0
11-01 23:19:10.900 15334 15334 W CrUtilityMain: type=1400 audit(0.0:3700): avc: denied { setattr } for name="verified_contents.json" dev="dm-2" ino=62279 scontext=u:r:isolated_app:s0:c512,c768 tcontext=u:object_r:app_data_file:s0:c512,c768 tclass=file permissive=0
11-01 23:19:10.908 15321 15334 I chromium: [INFO:child_process_service.cc(69)] ChildProcessService: Exiting child process.
11-01 23:19:10.910   197   197 E lowmemorykiller: Error writing /proc/15321/oom_score_adj; errno=22
11-01 23:19:10.936   600  1665 I ActivityManager: Process com.android.chrome:sandboxed_process29 (pid 15321) has died
11-01 23:19:10.936   600  1665 D ActivityManager: cleanUpApplicationRecord -- 15321
11-01 23:19:10.937 14572 14572 W chromium: [WARNING:compositor_view.cc(315)] Child process died (type=6) pid=15321)
11-01 23:19:12.284 15152 15152 D MonkeyStub: translateCommand: touch down 614 1561
11-01 23:19:12.299 15152 15152 D MonkeyStub: translateCommand: touch move 614 1561
11-01 23:19:12.417 15152 15152 D MonkeyStub: translateCommand: touch move 614 1436
11-01 23:19:12.529 15152 15152 D MonkeyStub: translateCommand: touch move 614 1311
11-01 23:19:12.640 15152 15152 D MonkeyStub: translateCommand: touch move 614 1186
11-01 23:19:12.748 15152 15152 D MonkeyStub: translateCommand: touch move 614 1061
11-01 23:19:12.863 15152 15152 D MonkeyStub: translateCommand: touch move 614 937
11-01 23:19:12.974 15152 15152 D MonkeyStub: translateCommand: touch move 614 812
11-01 23:19:13.078 15152 15152 D MonkeyStub: translateCommand: touch move 614 687
11-01 23:19:13.182 15152 15152 D MonkeyStub: translateCommand: touch move 614 562
11-01 23:19:13.294 15152 15152 D MonkeyStub: translateCommand: touch move 614 437
11-01 23:19:13.401 15152 15152 D MonkeyStub: translateCommand: touch move 614 312
11-01 23:19:13.404 15152 15152 D MonkeyStub: translateCommand: touch up 614 312
11-01 23:19:13.426 15152 15152 D MonkeyStub: translateCommand: touch down 614 1561
11-01 23:19:13.431 15152 15152 D MonkeyStub: translateCommand: touch move 614 1561
11-01 23:19:13.535 15152 15152 D MonkeyStub: translateCommand: touch move 614 1436
11-01 23:19:13.603   600  1483 I ActivityManager: Start proc 15339:com.android.chrome:sandboxed_process30/u0i171 for service com.android.chrome/org.chromium.content.app.SandboxedProcessService30
11-01 23:19:13.636 15339 15339 W boxed_process30: type=1400 audit(0.0:3701): avc: denied { getattr } for path="/data/data/com.android.chrome" dev="dm-2" ino=12190 scontext=u:r:isolated_app:s0:c512,c768 tcontext=u:object_r:app_data_file:s0:c512,c768 tclass=dir permissive=0
11-01 23:19:13.643 15152 15152 D MonkeyStub: translateCommand: touch move 614 1311
11-01 23:19:13.668 15339 15339 I cr_ChildProcessService: Creating new ChildProcessService pid=15339
11-01 23:19:13.714 15339 15352 I cr_LibraryLoader: Loaded native library version number "85.0.4183.127"
11-01 23:19:13.714 15339 15352 I cr_CachingUmaRecorder: Flushed 1 samples from 1 histograms.
11-01 23:19:13.730 15352 15352 W CrUtilityMain: type=1400 audit(0.0:3702): avc: denied { setattr } for name="safety_tips.pb" dev="dm-2" ino=61909 scontext=u:r:isolated_app:s0:c512,c768 tcontext=u:object_r:app_data_file:s0:c512,c768 tclass=file permissive=0
11-01 23:19:13.730 15352 15352 W CrUtilityMain: type=1400 audit(0.0:3703): avc: denied { setattr } for name="manifest.json" dev="dm-2" ino=62088 scontext=u:r:isolated_app:s0:c512,c768 tcontext=u:object_r:app_data_file:s0:c512,c768 tclass=file permissive=0
11-01 23:19:13.730 15352 15352 W CrUtilityMain: type=1400 audit(0.0:3704): avc: denied { setattr } for name="verified_contents.json" dev="dm-2" ino=62286 scontext=u:r:isolated_app:s0:c512,c768 tcontext=u:object_r:app_data_file:s0:c512,c768 tclass=file permissive=0
11-01 23:19:13.744 15339 15352 I chromium: [INFO:child_process_service.cc(69)] ChildProcessService: Exiting child process.
11-01 23:19:13.750 15152 15152 D MonkeyStub: translateCommand: touch move 614 1186
11-01 23:19:13.766   600  1666 I ActivityManager: Process com.android.chrome:sandboxed_process30 (pid 15339) has died
11-01 23:19:13.766   600  1666 D ActivityManager: cleanUpApplicationRecord -- 15339
11-01 23:19:13.773 14572 14572 W chromium: [WARNING:compositor_view.cc(315)] Child process died (type=6) pid=15339)
11-01 23:19:13.861 15152 15152 D MonkeyStub: translateCommand: touch move 614 1061
11-01 23:19:13.969 15152 15152 D MonkeyStub: translateCommand: touch move 614 937
11-01 23:19:14.078 15152 15152 D MonkeyStub: translateCommand: touch move 614 812
11-01 23:19:14.194 15152 15152 D MonkeyStub: translateCommand: touch move 614 687
11-01 23:19:14.304 15152 15152 D MonkeyStub: translateCommand: touch move 614 562
11-01 23:19:14.408 15152 15152 D MonkeyStub: translateCommand: touch move 614 437
11-01 23:19:14.513 15152 15152 D MonkeyStub: translateCommand: touch move 614 312
11-01 23:19:14.517 15152 15152 D MonkeyStub: translateCommand: touch up 614 312
11-01 23:19:16.584 15152 15152 D MonkeyStub: translateCommand: touch down 614 1561
11-01 23:19:16.602 15152 15152 D MonkeyStub: translateCommand: touch move 614 1561
11-01 23:19:16.674   600  8039 I ActivityManager: Start proc 15356:com.android.chrome:sandboxed_process31/u0i172 for service com.android.chrome/org.chromium.content.app.SandboxedProcessService31
11-01 23:19:16.716 15152 15152 D MonkeyStub: translateCommand: touch move 614 1436
11-01 23:19:16.756 15356 15356 W boxed_process31: type=1400 audit(0.0:3705): avc: denied { getattr } for path="/data/data/com.android.chrome" dev="dm-2" ino=12190 scontext=u:r:isolated_app:s0:c512,c768 tcontext=u:object_r:app_data_file:s0:c512,c768 tclass=dir permissive=0
11-01 23:19:16.787 15356 15356 I cr_ChildProcessService: Creating new ChildProcessService pid=15356
11-01 23:19:16.825 15152 15152 D MonkeyStub: translateCommand: touch move 614 1311
11-01 23:19:16.879 15356 15369 I cr_LibraryLoader: Loaded native library version number "85.0.4183.127"
11-01 23:19:16.883 15356 15369 I cr_CachingUmaRecorder: Flushed 1 samples from 1 histograms.
11-01 23:19:16.906 15369 15369 W CrUtilityMain: type=1400 audit(0.0:3706): avc: denied { setattr } for name=5072656C6F61642044617461 dev="dm-2" ino=62593 scontext=u:r:isolated_app:s0:c512,c768 tcontext=u:object_r:app_data_file:s0:c512,c768 tclass=file permissive=0
11-01 23:19:16.910 15369 15369 W CrUtilityMain: type=1400 audit(0.0:3707): avc: denied { setattr } for name="manifest.json" dev="dm-2" ino=62605 scontext=u:r:isolated_app:s0:c512,c768 tcontext=u:object_r:app_data_file:s0:c512,c768 tclass=file permissive=0
11-01 23:19:16.916 15369 15369 W CrUtilityMain: type=1400 audit(0.0:3708): avc: denied { setattr } for name="verified_contents.json" dev="dm-2" ino=62617 scontext=u:r:isolated_app:s0:c512,c768 tcontext=u:object_r:app_data_file:s0:c512,c768 tclass=file permissive=0
11-01 23:19:16.923 15356 15369 I chromium: [INFO:child_process_service.cc(69)] ChildProcessService: Exiting child process.
11-01 23:19:16.925   197   197 E lowmemorykiller: Error writing /proc/15356/oom_score_adj; errno=22
11-01 23:19:16.935 15152 15152 D MonkeyStub: translateCommand: touch move 614 1186
11-01 23:19:16.973 14572 14572 W chromium: [WARNING:compositor_view.cc(315)] Child process died (type=6) pid=15356)
11-01 23:19:16.974   600  8930 I ActivityManager: Process com.android.chrome:sandboxed_process31 (pid 15356) has died
11-01 23:19:16.974   600  8930 D ActivityManager: cleanUpApplicationRecord -- 15356
11-01 23:19:17.046 15152 15152 D MonkeyStub: translateCommand: touch move 614 1061
11-01 23:19:17.155 15152 15152 D MonkeyStub: translateCommand: touch move 614 937
11-01 23:19:17.267 15152 15152 D MonkeyStub: translateCommand: touch move 614 812
11-01 23:19:17.376 15152 15152 D MonkeyStub: translateCommand: touch move 614 687
11-01 23:19:17.486 15152 15152 D MonkeyStub: translateCommand: touch move 614 562
11-01 23:19:17.597 15152 15152 D MonkeyStub: translateCommand: touch move 614 437
11-01 23:19:17.703 15152 15152 D MonkeyStub: translateCommand: touch move 614 312
11-01 23:19:17.708 15152 15152 D MonkeyStub: translateCommand: touch up 614 312
11-01 23:19:17.727 15152 15152 D MonkeyStub: Quit requested
11-01 23:19:17.759 15152 15152 I art     : System.exit called, status: 110
11-01 23:19:17.759 15152 15152 I AndroidRuntime: VM exiting with result code 110.
11-01 23:19:17.764   600   614 I CwMcuSensor: CwMcuSensor::flush: fd = 226, sensors_id = 0, path = /sys/class/htc_sensorhub/sensor_hub/flush, err = 0
