11-01 23:27:04.880 18271 18271 W CrUtilityMain: type=1400 audit(0.0:3800): avc: denied { setattr } for name="verified_contents.json" dev="dm-2" ino=27365 scontext=u:r:isolated_app:s0:c512,c768 tcontext=u:object_r:app_data_file:s0:c512,c768 tclass=file permissive=0
11-01 23:27:04.903 18258 18258 I cr_ChildProcessService: Destroying ChildProcessService pid=18258
11-01 23:27:04.907 18072 18072 D MonkeyStub: translateCommand: touch move 614 1186
11-01 23:27:04.926 18258 18271 I chromium: [INFO:child_process_service.cc(69)] ChildProcessService: Exiting child process.
11-01 23:27:04.949 18258 18258 I art     : System.exit called, status: 0
11-01 23:27:04.949 18258 18258 I AndroidRuntime: VM exiting with result code 0, cleanup skipped.
11-01 23:27:04.995   600  1665 I ActivityManager: Process com.android.chrome:sandboxed_process27 (pid 18258) has died
11-01 23:27:04.995   600  1665 D ActivityManager: cleanUpApplicationRecord -- 18258
11-01 23:27:05.004 17521 17521 W chromium: [WARNING:compositor_view.cc(315)] Child process died (type=6) pid=18258)
11-01 23:27:05.017 18072 18072 D MonkeyStub: translateCommand: touch move 614 1061
11-01 23:27:05.128 18072 18072 D MonkeyStub: translateCommand: touch move 614 937
11-01 23:27:05.240 18072 18072 D MonkeyStub: translateCommand: touch move 614 812
11-01 23:27:05.350 18072 18072 D MonkeyStub: translateCommand: touch move 614 687
11-01 23:27:05.459 18072 18072 D MonkeyStub: translateCommand: touch move 614 562
11-01 23:27:05.564 18072 18072 D MonkeyStub: translateCommand: touch move 614 437
11-01 23:27:05.676 18072 18072 D MonkeyStub: translateCommand: touch move 614 312
11-01 23:27:05.681 18072 18072 D MonkeyStub: translateCommand: touch up 614 312
11-01 23:27:07.918   600   819 I ActivityManager: Start proc 18278:com.android.chrome:sandboxed_process28/u0i240 for service com.android.chrome/org.chromium.content.app.SandboxedProcessService28
11-01 23:27:07.963 18278 18278 W boxed_process28: type=1400 audit(0.0:3801): avc: denied { getattr } for path="/data/data/com.android.chrome" dev="dm-2" ino=12190 scontext=u:r:isolated_app:s0:c512,c768 tcontext=u:object_r:app_data_file:s0:c512,c768 tclass=dir permissive=0
11-01 23:27:07.986 18278 18278 I cr_ChildProcessService: Creating new ChildProcessService pid=18278
11-01 23:27:08.026 18278 18291 I cr_LibraryLoader: Loaded native library version number "85.0.4183.127"
11-01 23:27:08.030 18278 18291 I cr_CachingUmaRecorder: Flushed 1 samples from 1 histograms.
11-01 23:27:08.047 18291 18291 W CrUtilityMain: type=1400 audit(0.0:3802): avc: denied { setattr } for name="safety_tips.pb" dev="dm-2" ino=26222 scontext=u:r:isolated_app:s0:c512,c768 tcontext=u:object_r:app_data_file:s0:c512,c768 tclass=file permissive=0
11-01 23:27:08.050 18291 18291 W CrUtilityMain: type=1400 audit(0.0:3803): avc: denied { setattr } for name="manifest.json" dev="dm-2" ino=25057 scontext=u:r:isolated_app:s0:c512,c768 tcontext=u:object_r:app_data_file:s0:c512,c768 tclass=file permissive=0
11-01 23:27:08.050 18291 18291 W CrUtilityMain: type=1400 audit(0.0:3804): avc: denied { setattr } for name="verified_contents.json" dev="dm-2" ino=25355 scontext=u:r:isolated_app:s0:c512,c768 tcontext=u:object_r:app_data_file:s0:c512,c768 tclass=file permissive=0
11-01 23:27:08.061 18278 18291 I chromium: [INFO:child_process_service.cc(69)] ChildProcessService: Exiting child process.
11-01 23:27:08.067   197   197 E lowmemorykiller: Error writing /proc/18278/oom_score_adj; errno=22
11-01 23:27:08.084   600  1484 I ActivityManager: Process com.android.chrome:sandboxed_process28 (pid 18278) has died
11-01 23:27:08.084 17521 17521 W chromium: [WARNING:compositor_view.cc(315)] Child process died (type=6) pid=18278)
11-01 23:27:08.084   600  1484 D ActivityManager: cleanUpApplicationRecord -- 18278
11-01 23:27:09.876 18072 18072 D MonkeyStub: translateCommand: touch down 614 1561
11-01 23:27:09.883 18072 18072 D MonkeyStub: translateCommand: touch move 614 1561
11-01 23:27:09.992 18072 18072 D MonkeyStub: translateCommand: touch move 614 1436
11-01 23:27:10.110 18072 18072 D MonkeyStub: translateCommand: touch move 614 1311
11-01 23:27:10.222 18072 18072 D MonkeyStub: translateCommand: touch move 614 1186
11-01 23:27:10.326 18072 18072 D MonkeyStub: translateCommand: touch move 614 1061
11-01 23:27:10.435 18072 18072 D MonkeyStub: translateCommand: touch move 614 937
11-01 23:27:10.545 18072 18072 D MonkeyStub: translateCommand: touch move 614 812
11-01 23:27:10.654 18072 18072 D MonkeyStub: translateCommand: touch move 614 687
11-01 23:27:10.762 18072 18072 D MonkeyStub: translateCommand: touch move 614 562
11-01 23:27:10.873 18072 18072 D MonkeyStub: translateCommand: touch move 614 437
11-01 23:27:10.981 18072 18072 D MonkeyStub: translateCommand: touch move 614 312
11-01 23:27:10.985 18072 18072 D MonkeyStub: translateCommand: touch up 614 312
11-01 23:27:10.992 18072 18072 D MonkeyStub: Quit requested
11-01 23:27:11.016   600   614 I CwMcuSensor: CwMcuSensor::flush: fd = 226, sensors_id = 0, path = /sys/class/htc_sensorhub/sensor_hub/flush, err = 0
11-01 23:27:11.025 18072 18072 I art     : System.exit called, status: 121
11-01 23:27:11.025 18072 18072 I AndroidRuntime: VM exiting with result code 121.
11-01 23:27:11.044   600   600 E JavaBinder: !!! FAILED BINDER TRANSACTION !!!  (parcel size = 1904)
11-01 23:27:11.050   600  8039 W WindowManager: Attempted to remove non-existing token: android.os.Binder@cbc2987
11-01 23:27:11.061   600   600 E AccessibilityManagerService: Error during sending EventType: TYPE_VIEW_SCROLLED; EventTime: 33870987; PackageName: com.android.chrome; MovementGranularity: 0; Action: 0 [ ClassName: android.webkit.WebView; Text: []; ContentDescription: null; ItemCount: 0; CurrentItemIndex: 0; IsEnabled: true; IsPassword: false; IsChecked: false; IsFullScreen: false; Scrollable: true; BeforeText: null; FromIndex: -1; ToIndex: -1; ScrollX: 0; ScrollY: 2274; MaxScrollX: 0; MaxScrollY: 50599; AddedCount: -1; RemovedCount: -1; ParcelableData: null ]; recordCount: 0 to android.accessibilityservice.IAccessibilityServiceClient$Stub$Proxy@f6f8f3b
11-01 23:27:11.061   600   600 E AccessibilityManagerService: android.os.DeadObjectException: Transaction failed on small parcel; remote process probably died
11-01 23:27:11.061   600   600 E AccessibilityManagerService: 	at android.os.BinderProxy.transactNative(Native Method)
11-01 23:27:11.061   600   600 E AccessibilityManagerService: 	at android.os.BinderProxy.transact(Binder.java:615)
11-01 23:27:11.061   600   600 E AccessibilityManagerService: 	at android.accessibilityservice.IAccessibilityServiceClient$Stub$Proxy.onAccessibilityEvent(IAccessibilityServiceClient.java:191)
11-01 23:27:11.061   600   600 E AccessibilityManagerService: 	at com.android.server.accessibility.AccessibilityManagerService$Service.notifyAccessibilityEventInternal(AccessibilityManagerService.java:3245)
11-01 23:27:11.061   600   600 E AccessibilityManagerService: 	at com.android.server.accessibility.AccessibilityManagerService$Service.-wrap0(AccessibilityManagerService.java)
11-01 23:27:11.061   600   600 E AccessibilityManagerService: 	at com.android.server.accessibility.AccessibilityManagerService$Service$1.handleMessage(AccessibilityManagerService.java:2260)
11-01 23:27:11.061   600   600 E AccessibilityManagerService: 	at android.os.Handler.dispatchMessage(Handler.java:102)
11-01 23:27:11.061   600   600 E AccessibilityManagerService: 	at android.os.Looper.loop(Looper.java:154)
11-01 23:27:11.061   600   600 E AccessibilityManagerService: 	at com.android.server.SystemServer.run(SystemServer.java:349)
11-01 23:27:11.061   600   600 E AccessibilityManagerService: 	at com.android.server.SystemServer.main(SystemServer.java:219)
11-01 23:27:11.061   600   600 E AccessibilityManagerService: 	at java.lang.reflect.Method.invoke(Native Method)
11-01 23:27:11.061   600   600 E AccessibilityManagerService: 	at com.android.internal.os.ZygoteInit$MethodAndArgsCaller.run(ZygoteInit.java:886)
11-01 23:27:11.061   600   600 E AccessibilityManagerService: 	at com.android.internal.os.ZygoteInit.main(ZygoteInit.java:776)
11-01 23:27:11.290   600 12440 I ActivityManager: Start proc 18296:com.android.chrome:sandboxed_process29/u0i241 for service com.android.chrome/org.chromium.content.app.SandboxedProcessService29
11-01 23:27:11.337 18296 18296 W boxed_process29: type=1400 audit(0.0:3805): avc: denied { getattr } for path="/data/data/com.android.chrome" dev="dm-2" ino=12190 scontext=u:r:isolated_app:s0:c512,c768 tcontext=u:object_r:app_data_file:s0:c512,c768 tclass=dir permissive=0
11-01 23:27:11.363 18296 18296 I cr_ChildProcessService: Creating new ChildProcessService pid=18296
11-01 23:27:11.412 18296 18309 I cr_LibraryLoader: Loaded native library version number "85.0.4183.127"
11-01 23:27:11.413 18296 18309 I cr_CachingUmaRecorder: Flushed 1 samples from 1 histograms.
11-01 23:27:11.430 18309 18309 W CrUtilityMain: type=1400 audit(0.0:3806): avc: denied { setattr } for name=5072656C6F61642044617461 dev="dm-2" ino=24961 scontext=u:r:isolated_app:s0:c512,c768 tcontext=u:object_r:app_data_file:s0:c512,c768 tclass=file permissive=0
11-01 23:27:11.433 18309 18309 W CrUtilityMain: type=1400 audit(0.0:3807): avc: denied { setattr } for name="manifest.json" dev="dm-2" ino=24838 scontext=u:r:isolated_app:s0:c512,c768 tcontext=u:object_r:app_data_file:s0:c512,c768 tclass=file permissive=0
11-01 23:27:11.437 18309 18309 W CrUtilityMain: type=1400 audit(0.0:3808): avc: denied { setattr } for name="verified_contents.json" dev="dm-2" ino=24794 scontext=u:r:isolated_app:s0:c512,c768 tcontext=u:object_r:app_data_file:s0:c512,c768 tclass=file permissive=0
11-01 23:27:11.449 18296 18309 I chromium: [INFO:child_process_service.cc(69)] ChildProcessService: Exiting child process.
11-01 23:27:11.451   197   197 E lowmemorykiller: Error writing /proc/18296/oom_score_adj; errno=22
11-01 23:27:11.487   600  8931 I ActivityManager: Process com.android.chrome:sandboxed_process29 (pid 18296) has died
11-01 23:27:11.487   600  8931 D ActivityManager: cleanUpApplicationRecord -- 18296
11-01 23:27:11.490 17521 17521 W chromium: [WARNING:compositor_view.cc(315)] Child process died (type=6) pid=18296)
11-01 23:27:14.912   600  1666 I ActivityManager: Start proc 18313:com.android.chrome:sandboxed_process30/u0i242 for service com.android.chrome/org.chromium.content.app.SandboxedProcessService30
11-01 23:27:14.950 18313 18313 W boxed_process30: type=1400 audit(0.0:3809): avc: denied { getattr } for path="/data/data/com.android.chrome" dev="dm-2" ino=12190 scontext=u:r:isolated_app:s0:c512,c768 tcontext=u:object_r:app_data_file:s0:c512,c768 tclass=dir permissive=0
11-01 23:27:14.975 18313 18313 I cr_ChildProcessService: Creating new ChildProcessService pid=18313
11-01 23:27:15.019 18313 18326 I cr_LibraryLoader: Loaded native library version number "85.0.4183.127"
11-01 23:27:15.019 18313 18326 I cr_CachingUmaRecorder: Flushed 1 samples from 1 histograms.
11-01 23:27:15.037 18326 18326 W CrUtilityMain: type=1400 audit(0.0:3810): avc: denied { setattr } for name="tls_deprecation_config.pb" dev="dm-2" ino=24868 scontext=u:r:isolated_app:s0:c512,c768 tcontext=u:object_r:app_data_file:s0:c512,c768 tclass=file permissive=0
11-01 23:27:15.037 18326 18326 W CrUtilityMain: type=1400 audit(0.0:3811): avc: denied { setattr } for name="manifest.json" dev="dm-2" ino=25858 scontext=u:r:isolated_app:s0:c512,c768 tcontext=u:object_r:app_data_file:s0:c512,c768 tclass=file permissive=0
11-01 23:27:15.040 18326 18326 W CrUtilityMain: type=1400 audit(0.0:3812): avc: denied { setattr } for name="verified_contents.json" dev="dm-2" ino=25684 scontext=u:r:isolated_app:s0:c512,c768 tcontext=u:object_r:app_data_file:s0:c512,c768 tclass=file permissive=0
11-01 23:27:15.055 18313 18326 I chromium: [INFO:child_process_service.cc(69)] ChildProcessService: Exiting child process.
11-01 23:27:15.057   197   197 E lowmemorykiller: Error writing /proc/18313/oom_score_adj; errno=22
11-01 23:27:15.073   600  1665 I ActivityManager: Process com.android.chrome:sandboxed_process30 (pid 18313) has died
11-01 23:27:15.073   600  1665 D ActivityManager: cleanUpApplicationRecord -- 18313
11-01 23:27:15.075 17521 17521 W chromium: [WARNING:compositor_view.cc(315)] Child process died (type=6) pid=18313)
11-01 23:27:22.097  9419  9919 I Icing   : IndexChimeraService.getServiceInterface callingPackage=com.android.chrome componentName=null serviceId=36
11-01 23:27:22.140  9419 11306 W Icing   : No valid account for uploading user actions
11-01 23:27:22.207  9419  9919 I Icing   : IndexChimeraService.getServiceInterface callingPackage=com.google.android.gms componentName=null serviceId=30
11-01 23:27:22.237  9419 11306 I Icing   : Usage reports ok 1, Failed Usage reports 0, indexed 1, rejected 0
11-01 23:27:22.240  9419 11306 W Icing   : No valid account for uploading user actions
11-01 23:27:22.249  9419 11306 I Icing   : Usage reports ok 0, Failed Usage reports 0, indexed 0, rejected 0
11-01 23:27:22.251  9419 11306 I Icing   : Indexing com.android.chrome-omnibox from com.android.chrome
11-01 23:27:22.291  9419 11306 I Icing   : Indexing done com.android.chrome-omnibox
11-01 23:27:23.280   785  1681 W Icing   : isOptedInForAppHistory: empty Account Name encountered
11-01 23:27:23.301   785  9170 W Icing   : isOptedInForAppHistory: empty Account Name encountered
11-01 23:27:27.130 18345 18345 D AndroidRuntime: >>>>>> START com.android.internal.os.RuntimeInit uid 2000 <<<<<<
11-01 23:27:27.137 18345 18345 D AndroidRuntime: CheckJNI is OFF
11-01 23:27:27.255 18345 18345 D ICU     : No timezone override file found: /data/misc/zoneinfo/current/icu/icu_tzdata.dat
11-01 23:27:27.306 18345 18345 I Radio-JNI: register_android_hardware_Radio DONE
11-01 23:27:27.325 18345 18345 D AndroidRuntime: Calling main entry com.android.commands.am.Am
11-01 23:27:27.346   600   819 I ActivityManager: Force stopping com.android.chrome appid=10035 user=0: from pid 18345
11-01 23:27:27.347   600   819 I ActivityManager: Killing 17584:com.android.chrome:privileged_process0/u0a35 (adj 0): stop com.android.chrome
11-01 23:27:27.347   600   819 D ActivityManager: cleanUpApplicationRecord -- 17584
11-01 23:27:27.352   600   819 W ActivityManager: Scheduling restart of crashed service com.android.chrome/org.chromium.content.app.PrivilegedProcessService0 in 1000ms
11-01 23:27:27.352   600   819 I ActivityManager: Killing 17521:com.android.chrome/u0a35 (adj 0): stop com.android.chrome
11-01 23:27:27.353   600   819 D ActivityManager: cleanUpApplicationRecord -- 17521
11-01 23:27:27.354   600   819 I ActivityManager: Killing 18022:com.android.chrome:sandboxed_process20/u0a35i232 (adj 0): isolated not needed
11-01 23:27:27.355   600   819 W ActivityManager: Force removing ActivityRecord{d647013 u0 com.android.chrome/com.google.android.apps.chrome.Main t1458}: app died, no saved state
11-01 23:27:27.358  8521  8521 I MemoryTrimmer: Trimming objects from memory, since app is in the background.
11-01 23:27:27.361 17556 17556 I cr_ChildProcessService: Destroying ChildProcessService pid=17556
11-01 23:27:27.364 17556 17556 I art     : System.exit called, status: 0
11-01 23:27:27.365 17556 17556 I AndroidRuntime: VM exiting with result code 0, cleanup skipped.
11-01 23:27:27.376   600   819 I ActivityManager: Killing 17556:com.android.chrome:sandboxed_process0/u0a35i212 (adj 0): isolated not needed
11-01 23:27:27.392   600  8931 D ConnectivityService: ConnectivityService NetworkRequestInfo binderDied(NetworkRequest [ LISTEN id=573, [ Capabilities: INTERNET&NOT_RESTRICTED&TRUSTED&FOREGROUND] ], android.os.BinderProxy@d6f2064)
11-01 23:27:27.392   600  8931 D ConnectivityService: ConnectivityService NetworkRequestInfo binderDied(NetworkRequest [ LISTEN id=570, [ Capabilities: INTERNET&NOT_RESTRICTED&TRUSTED&FOREGROUND] ], android.os.BinderProxy@58772cd)
11-01 23:27:27.392   600  8931 D ConnectivityService: ConnectivityService NetworkRequestInfo binderDied(NetworkRequest [ LISTEN id=571, [ Capabilities: INTERNET&NOT_RESTRICTED&TRUSTED&FOREGROUND] ], android.os.BinderProxy@7348782)
11-01 23:27:27.392   600 11980 D ConnectivityService: ConnectivityService NetworkRequestInfo binderDied(NetworkRequest [ LISTEN id=572, [ Capabilities: INTERNET&NOT_RESTRICTED&TRUSTED&FOREGROUND] ], android.os.BinderProxy@3337e93)
11-01 23:27:27.392   600 11980 D GraphicsStats: Buffer count: 2
11-01 23:27:27.394   600   649 E ConnectivityService: RemoteException caught trying to send a callback msg for NetworkRequest [ LISTEN id=573, [ Capabilities: INTERNET&NOT_RESTRICTED&TRUSTED&FOREGROUND] ]
11-01 23:27:27.399   600   649 E ConnectivityService: RemoteException caught trying to send a callback msg for NetworkRequest [ LISTEN id=570, [ Capabilities: INTERNET&NOT_RESTRICTED&TRUSTED&FOREGROUND] ]
11-01 23:27:27.399   600   649 E ConnectivityService: RemoteException caught trying to send a callback msg for NetworkRequest [ LISTEN id=571, [ Capabilities: INTERNET&NOT_RESTRICTED&TRUSTED&FOREGROUND] ]
11-01 23:27:27.400   600   649 E ConnectivityService: RemoteException caught trying to send a callback msg for NetworkRequest [ LISTEN id=572, [ Capabilities: INTERNET&NOT_RESTRICTED&TRUSTED&FOREGROUND] ]
11-01 23:27:27.415 18345 18345 D AndroidRuntime: Shutting down VM
11-01 23:27:27.420   243  3182 E OMXNodeInstance: !!! Observer died. Quickly, do something, ... anything...
11-01 23:27:27.433  1075  1164 I OpenGLRenderer: Initialized EGL, version 1.4
11-01 23:27:27.433  1075  1164 D OpenGLRenderer: Swap behavior 2
11-01 23:27:27.480  1058  1058 D RegisteredNfcFServicesCache: Service unchanged, not updating
11-01 23:27:27.525   243 18194 D NvOsDebugPrintf: TVMR: TVMRFrameDelivery: 3741: Closing TVMR Frame Delivery Thread -------------
11-01 23:27:27.533   243 18191 D NvOsDebugPrintf: TVMR: NvMMDecTVMRDestroyParser: 4224: NvAvpClose
11-01 23:27:27.533   243 18191 D NvOsDebugPrintf: TVMR: NvMMLiteTVMRDecBlockClose: 5163: Done 
11-01 23:27:27.559  8521  8532 I AttachedClient: Adding client event 2 to pending list.
11-01 23:27:27.570  8521  8521 I OptInState: There is a new client and it does not support opt-in. Dropping request.
11-01 23:27:27.572  8521  8521 I MicroDetectionWorker: Micro detection mode: [mDetectionMode: [1]].
11-01 23:27:27.576  9419 17356 I DiscoveryManager: Filter criteria(null) scannerFlags(0)
11-01 23:27:27.581  8521 18359 I MicroRecognitionRunner: Starting detection.
11-01 23:27:27.582  8521  8553 I MicrophoneInputStream: mic_starting com.google.android.apps.gsa.speech.audio.ae@eabbcfb
11-01 23:27:27.593   238   286 I SoundTriggerHwService::Module: void android::SoundTriggerHwService::Module::onCallbackEvent(const sp<android::SoundTriggerHwService::CallbackEvent> &) mClient == 0
11-01 23:27:27.597   238 18363 I AudioFlinger: AudioFlinger's thread 0xec312840 ready to run
11-01 23:27:27.600  8521  8553 I MicrophoneInputStream: mic_started com.google.android.apps.gsa.speech.audio.ae@eabbcfb
11-01 23:27:27.636  9419 17356 W GuestModeDeviceProber: setFilterCriteria
11-01 23:27:27.658   600  1664 D ActivityManager: cleanUpApplicationRecord -- 18022
11-01 23:27:27.668   600  1483 D ActivityManager: cleanUpApplicationRecord -- 17556
11-01 23:27:27.776  8521  8521 I MicroDetectionWorker: onReady
11-01 23:27:27.931 18361 18361 D AndroidRuntime: >>>>>> START com.android.internal.os.RuntimeInit uid 2000 <<<<<<
11-01 23:27:27.935 18361 18361 D AndroidRuntime: CheckJNI is OFF
11-01 23:27:27.963  1075  1164 W OpenGLRenderer: Incorrectly called buildLayer on View: ShortcutAndWidgetContainer, destroying layer...
11-01 23:27:28.008 18361 18361 D ICU     : No timezone override file found: /data/misc/zoneinfo/current/icu/icu_tzdata.dat
11-01 23:27:28.036 18361 18361 I Radio-JNI: register_android_hardware_Radio DONE
11-01 23:27:28.051 18361 18361 D AndroidRuntime: Calling main entry com.android.commands.pm.Pm
11-01 23:27:28.067   600  5522 I ActivityManager: Force stopping com.android.chrome appid=10035 user=0: clear data
11-01 23:27:28.069   600   613 I ActivityManager: Force stopping com.android.chrome appid=10035 user=-1: clearApplicationUserData
11-01 23:27:28.122   785   785 I GeofencerStateMachine: removeGeofences: removeRequest=RemoveGeofencingRequest[REMOVE_ALL packageName=com.android.chrome]
11-01 23:27:28.126 18361 18361 I art     : System.exit called, status: 0
11-01 23:27:28.126 18361 18361 I AndroidRuntime: VM exiting with result code 0.
11-01 23:27:28.144   600   612 W ResourceType: No known package when getting value for resource number 0x7f080316
11-01 23:27:28.144   600   612 W ResourceType: No known package when getting value for resource number 0x7f130448
11-01 23:27:28.144   600   612 W ResourceType: No known package when getting value for resource number 0x7f080315
11-01 23:27:28.144   600   612 W ResourceType: No known package when getting value for resource number 0x7f130123
11-01 23:27:28.144   600   612 W ResourceType: No known package when getting value for resource number 0x7f130447
11-01 23:27:28.144   600   612 W ResourceType: No known package when getting value for resource number 0x7f1302e4
11-01 23:27:28.144   600   612 E ShortcutService: Ignoring excessive intent tag.
11-01 23:27:28.145  1058  1058 D RegisteredNfcFServicesCache: Service unchanged, not updating
11-01 23:27:28.157   785 18377 I Fitness : FitCleanupIntentOperation received Intent android.intent.action.PACKAGE_DATA_CLEARED [CONTEXT service_id=17 ]
11-01 23:27:28.172  9419 17356 I Icing   : doRemovePackageData com.android.chrome
11-01 23:27:28.173  9419 17356 I Icing   : Removing corpus key com.android.chrome-.implicit: for package com.android.chrome
11-01 23:27:28.225  9419 17356 I native  : flash-index.cc:1519 Flash index sort hb 60 prefix-hits 143 -> 118 at 9.003ms
11-01 23:27:28.256  9419 17356 I Icing   : Removing corpus key com.android.chrome-omnibox for package com.android.chrome
11-01 23:27:28.340  9419 17356 I Icing   : Starting compaction min disk 99.926% min index 99.982%
11-01 23:27:28.504  9419 17356 I native  : document-store.cc:1654 Scored 3001 usage reports, missing_corpora 1641 update_failed 1
11-01 23:27:28.535  9419 17356 W native  : words-map.cc:30 INVALID_ARGUMENT: Empty URI
11-01 23:27:28.535  9419 17356 W native  : words-map.cc:34 WordsMap was not properly initialized
11-01 23:27:28.623  9419 17356 E native  : compactor.cc:67 Could not index embedding for docid 1: INTERNAL: Unable to find Thing Proto section 
11-01 23:27:28.623  9419 17356 E native  : compactor.cc:67 Could not index embedding for docid 3: INTERNAL: Unable to find Thing Proto section 
11-01 23:27:28.624  9419 17356 E native  : compactor.cc:67 Could not index embedding for docid 5: INTERNAL: Unable to find Thing Proto section 
11-01 23:27:28.624  9419 17356 E native  : compactor.cc:67 Could not index embedding for docid 7: INTERNAL: Unable to find Thing Proto section 
11-01 23:27:28.630  9419 17356 E native  : compactor.cc:67 Could not index embedding for docid 8: INTERNAL: Unable to find Thing Proto section 
11-01 23:27:28.631  9419 17356 E native  : compactor.cc:67 Could not index embedding for docid 10: INTERNAL: Unable to find Thing Proto section 
11-01 23:27:28.631  9419 17356 E native  : compactor.cc:67 Could not index embedding for docid 11: INTERNAL: Unable to find Thing Proto section 
11-01 23:27:28.632  9419 17356 E native  : compactor.cc:67 Could not index embedding for docid 13: INTERNAL: Unable to find Thing Proto section 
11-01 23:27:28.632  9419 17356 E native  : compactor.cc:67 Could not index embedding for docid 14: INTERNAL: Unable to find Thing Proto section 
11-01 23:27:28.637  9419 17356 E native  : compactor.cc:67 Could not index embedding for docid 17: INTERNAL: Unable to find Thing Proto section 
11-01 23:27:28.638  9419 17356 E native  : compactor.cc:67 Could not index embedding for docid 18: INTERNAL: Unable to find Thing Proto section 
11-01 23:27:28.639  9419 17356 E native  : compactor.cc:67 Could not index embedding for docid 21: INTERNAL: Unable to find Thing Proto section 
11-01 23:27:28.639  9419 17356 E native  : compactor.cc:67 Could not index embedding for docid 22: INTERNAL: Unable to find Thing Proto section 
11-01 23:27:28.644  9419 17356 E native  : compactor.cc:67 Could not index embedding for docid 26: INTERNAL: Unable to find Thing Proto section 
11-01 23:27:28.644  9419 17356 E native  : compactor.cc:67 Could not index embedding for docid 27: INTERNAL: Unable to find Thing Proto section 
11-01 23:27:28.690  9419 17356 I native  : flash-index.cc:1519 Flash index sort hb 34 prefix-hits 54 -> 54 at 30.661ms
11-01 23:27:28.720  9419 17356 W native  : words-map.cc:30 INVALID_ARGUMENT: Empty URI
11-01 23:27:28.720  9419 17356 W native  : words-map.cc:34 WordsMap was not properly initialized
11-01 23:27:28.789  9419 17356 I Icing   : updateResources: need to parse acol{com.android.chrome}
11-01 23:27:28.859  9419 17356 I Icing   : Indexing com.android.chrome-omnibox from com.android.chrome
11-01 23:27:28.870   600  1485 I ActivityManager: Start proc 18390:com.android.chrome/u0a35 for content provider com.android.chrome/com.google.android.apps.chrome.icing.IcingProvider
11-01 23:27:28.954  9419 17356 I Icing   : Indexing done com.android.chrome-omnibox
