--------- beginning of main
11-01 23:25:47.260 17511 17511 D AndroidRuntime: >>>>>> START com.android.internal.os.RuntimeInit uid 2000 <<<<<<
11-01 23:25:47.264 17511 17511 D AndroidRuntime: CheckJNI is OFF
11-01 23:25:47.327 17511 17511 D ICU     : No timezone override file found: /data/misc/zoneinfo/current/icu/icu_tzdata.dat
11-01 23:25:47.357 17511 17511 I Radio-JNI: register_android_hardware_Radio DONE
11-01 23:25:47.372 17511 17511 D AndroidRuntime: Calling main entry com.android.commands.am.Am
--------- beginning of system
11-01 23:25:47.389   600  5522 I ActivityManager: Force stopping com.android.chrome appid=10035 user=0: from pid 17511
11-01 23:25:47.389   600  5522 I ActivityManager: Killing 17477:com.android.chrome/u0a35 (adj 700): stop com.android.chrome
11-01 23:25:47.389   600  5522 D ActivityManager: cleanUpApplicationRecord -- 17477
11-01 23:25:47.400  1058  1058 D RegisteredNfcFServicesCache: Service unchanged, not updating
11-01 23:25:47.645   600  8931 I ActivityManager: START u0 {act=android.intent.action.VIEW flg=0x10008000 cmp=com.android.chrome/com.google.android.apps.chrome.Main} from uid 2000 on display 0
11-01 23:25:47.675 17511 17511 D AndroidRuntime: Shutting down VM
11-01 23:25:47.718   600  1483 I ActivityManager: Start proc 17521:com.android.chrome/u0a35 for activity com.android.chrome/com.google.android.apps.chrome.Main
11-01 23:25:47.872   600  8930 I ActivityManager: START u0 {cmp=com.android.chrome/org.chromium.chrome.browser.firstrun.TabbedModeFirstRunActivity (has extras)} from uid 10035 on display 0
11-01 23:25:47.890 17521 17539 W DynamiteModule: Local module descriptor class for com.google.android.gms.googlecertificates not found.
11-01 23:25:47.916 17521 17539 I DynamiteModule: Considering local module com.google.android.gms.googlecertificates:0 and remote module com.google.android.gms.googlecertificates:6
11-01 23:25:47.916 17521 17539 I DynamiteModule: Selected remote version of com.google.android.gms.googlecertificates, version >= 6
11-01 23:25:48.075 17521 17541 I OpenGLRenderer: Initialized EGL, version 1.4
11-01 23:25:48.076 17521 17541 D OpenGLRenderer: Swap behavior 2
11-01 23:25:48.107 17521 17540 I cr_LibraryLoader: Loaded native library version number "85.0.4183.127"
11-01 23:25:48.107 17521 17540 I cr_CachingUmaRecorder: Flushed 10 samples from 10 histograms.
11-01 23:25:48.133 17521 17539 W System  : ClassLoader referenced unknown path: 
11-01 23:25:48.135 17521 17539 D ApplicationLoaders: ignored Vulkan layer search path /data/app/com.google.android.gms-1/lib/arm:/data/app/com.google.android.gms-1/base.apk!/lib/armeabi-v7a:/data/app/com.google.android.gms-1/split_config.en.apk!/lib/armeabi-v7a for namespace 0xf7272090
11-01 23:25:48.138 17521 17539 W ResourceType: ResTable_typeSpec entry count inconsistent: given 67, previously 69
11-01 23:25:48.138 17521 17539 W ResourceType: ResTable_typeSpec entry count inconsistent: given 5346, previously 5347
11-01 23:25:48.161 17521 17539 I DynamiteLoaderV2Impl: [70] Googlecertificates
11-01 23:25:48.183 17521 17539 W System  : ClassLoader referenced unknown path: /data/user_de/0/com.google.android.gms/app_chimera/m/00000061/n/armeabi-v7a
11-01 23:25:48.183 17521 17539 W System  : ClassLoader referenced unknown path: /data/user_de/0/com.google.android.gms/app_chimera/m/00000061/n/armeabi
11-01 23:25:48.226   600   620 W WindowManager: Failed looking up window
11-01 23:25:48.226   600   620 W WindowManager: java.lang.IllegalArgumentException: Requested window android.view.ViewRootImpl$W@a411b3d does not exist
11-01 23:25:48.226   600   620 W WindowManager: 	at com.android.server.wm.WindowManagerService.windowForClientLocked(WindowManagerService.java:9422)
11-01 23:25:48.226   600   620 W WindowManager: 	at com.android.server.wm.WindowManagerService.windowForClientLocked(WindowManagerService.java:9413)
11-01 23:25:48.226   600   620 W WindowManager: 	at com.android.server.wm.WindowManagerService.removeWindow(WindowManagerService.java:2393)
11-01 23:25:48.226   600   620 W WindowManager: 	at com.android.server.wm.Session.remove(Session.java:202)
11-01 23:25:48.226   600   620 W WindowManager: 	at android.view.ViewRootImpl.dispatchDetachedFromWindow(ViewRootImpl.java:3290)
11-01 23:25:48.226   600   620 W WindowManager: 	at android.view.ViewRootImpl.doDie(ViewRootImpl.java:5917)
11-01 23:25:48.226   600   620 W WindowManager: 	at android.view.ViewRootImpl$ViewRootHandler.handleMessage(ViewRootImpl.java:3626)
11-01 23:25:48.226   600   620 W WindowManager: 	at android.os.Handler.dispatchMessage(Handler.java:102)
11-01 23:25:48.226   600   620 W WindowManager: 	at android.os.Looper.loop(Looper.java:154)
11-01 23:25:48.226   600   620 W WindowManager: 	at android.os.HandlerThread.run(HandlerThread.java:61)
11-01 23:25:48.226   600   620 W WindowManager: 	at com.android.server.ServiceThread.run(ServiceThread.java:46)
11-01 23:25:48.232   600   620 I ActivityManager: Displayed com.android.chrome/org.chromium.chrome.browser.firstrun.TabbedModeFirstRunActivity: +318ms (total +560ms)
11-01 23:25:48.239 17521 17531 I art     : Background partial concurrent mark sweep GC freed 6827(933KB) AllocSpace objects, 1(20KB) LOS objects, 39% free, 4MB/7MB, paused 1.071ms total 234.335ms
11-01 23:25:48.242  8521  8521 I MemoryTrimmer: Trimming objects from memory, since app is in the background.
11-01 23:25:48.250  8521  8521 I MicroDetector: Keeping mic open: false
11-01 23:25:48.252   785  1233 E apju    : Phenotype API error. Event # cdub@f698b6a, EventCode: 7 [CONTEXT service_id=51 ]
11-01 23:25:48.252   785  1233 E apju    : apiz: 29505: No config packages for log source, or config package not registered
11-01 23:25:48.252   785  1233 E apju    : 	at apkj.b(:com.google.android.gms@203915020@20.39.15 (040406-335085812):7)
11-01 23:25:48.252   785  1233 E apju    : 	at apkg.b(:com.google.android.gms@203915020@20.39.15 (040406-335085812):2)
11-01 23:25:48.252   785  1233 E apju    : 	at apju.a(:com.google.android.gms@203915020@20.39.15 (040406-335085812):85)
11-01 23:25:48.252   785  1233 E apju    : 	at apju.a(:com.google.android.gms@203915020@20.39.15 (040406-335085812):80)
11-01 23:25:48.252   785  1233 E apju    : 	at aain.run(:com.google.android.gms@203915020@20.39.15 (040406-335085812):7)
11-01 23:25:48.252   785  1233 E apju    : 	at boex.run(:com.google.android.gms@203915020@20.39.15 (040406-335085812):2)
11-01 23:25:48.252   785  1233 E apju    : 	at sup.b(:com.google.android.gms@203915020@20.39.15 (040406-335085812):12)
11-01 23:25:48.252   785  1233 E apju    : 	at sup.run(:com.google.android.gms@203915020@20.39.15 (040406-335085812):7)
11-01 23:25:48.252   785  1233 E apju    : 	at java.util.concurrent.ThreadPoolExecutor.runWorker(ThreadPoolExecutor.java:1133)
11-01 23:25:48.252   785  1233 E apju    : 	at java.util.concurrent.ThreadPoolExecutor$Worker.run(ThreadPoolExecutor.java:607)
11-01 23:25:48.252   785  1233 E apju    : 	at tam.run(:com.google.android.gms@203915020@20.39.15 (040406-335085812):0)
11-01 23:25:48.252   785  1233 E apju    : 	at java.lang.Thread.run(Thread.java:761)
11-01 23:25:48.253  8521  8553 I AudioController: internalShutdown
11-01 23:25:48.253  8521  8553 I MicrophoneInputStream: mic_close com.google.android.apps.gsa.speech.audio.ae@fac510a
11-01 23:25:48.254  8521 17391 I DeviceStateChecker: DeviceStateChecker cancelled
11-01 23:25:48.255  8521  8580 I MicroRecognitionRunner: Stopping hotword detection.
11-01 23:25:48.255   785  1233 E AsyncOperation: serviceID=51, operation=GetExperimentTokensOperationCall [CONTEXT service_id=259 ]
11-01 23:25:48.255   785  1233 E AsyncOperation: OperationException[Status{statusCode=No config packages for log source, or config package not registered, resolution=null}]
11-01 23:25:48.255   785  1233 E AsyncOperation: 	at apju.a(:com.google.android.gms@203915020@20.39.15 (040406-335085812):87)
11-01 23:25:48.255   785  1233 E AsyncOperation: 	at apju.a(:com.google.android.gms@203915020@20.39.15 (040406-335085812):80)
11-01 23:25:48.255   785  1233 E AsyncOperation: 	at aain.run(:com.google.android.gms@203915020@20.39.15 (040406-335085812):7)
11-01 23:25:48.255   785  1233 E AsyncOperation: 	at boex.run(:com.google.android.gms@203915020@20.39.15 (040406-335085812):2)
11-01 23:25:48.255   785  1233 E AsyncOperation: 	at sup.b(:com.google.android.gms@203915020@20.39.15 (040406-335085812):12)
11-01 23:25:48.255   785  1233 E AsyncOperation: 	at sup.run(:com.google.android.gms@203915020@20.39.15 (040406-335085812):7)
11-01 23:25:48.255   785  1233 E AsyncOperation: 	at java.util.concurrent.ThreadPoolExecutor.runWorker(ThreadPoolExecutor.java:1133)
11-01 23:25:48.255   785  1233 E AsyncOperation: 	at java.util.concurrent.ThreadPoolExecutor$Worker.run(ThreadPoolExecutor.java:607)
11-01 23:25:48.255   785  1233 E AsyncOperation: 	at tam.run(:com.google.android.gms@203915020@20.39.15 (040406-335085812):0)
11-01 23:25:48.255   785  1233 E AsyncOperation: 	at java.lang.Thread.run(Thread.java:761)
11-01 23:25:48.257  1075  1075 I MemoryTrimmer: Trimming objects from memory, since app is in the background.
11-01 23:25:48.264   238   286 I SoundTriggerHwService::Module: void android::SoundTriggerHwService::Module::onCallbackEvent(const sp<android::SoundTriggerHwService::CallbackEvent> &) mClient == 0
11-01 23:25:48.273  8521 17392 I MicroRecognitionRunner: Detection finished
11-01 23:25:48.280  8521  8521 I MemoryTrimmer: Trimming objects from memory, since app is in the background.
11-01 23:25:48.302 17521 17539 D NetworkSecurityConfig: Using Network Security Config from resource 0_resource_name_obfuscated debugBuild: false
11-01 23:25:48.312   785   799 I FontLog : Received query Google Sans, URI content://com.google.android.gms.fonts [CONTEXT service_id=132 ]
11-01 23:25:48.312   785   799 I FontLog : Query [Google Sans] resolved to {Google Sans, wdth 100.0, wght 400, ital 0.0, bestEffort false} [CONTEXT service_id=132 ]
11-01 23:25:48.317   785   799 I FontLog : Font PFD returned from cache for {Google Sans, wdth 100.0, wght 400, ital 0.0, bestEffort false} [CONTEXT service_id=132 ]
11-01 23:25:48.317   785   799 I FontLog : Fetch {Google Sans, wdth 100.0, wght 400, ital 0.0, bestEffort false} end status Status{statusCode=SUCCESS, resolution=null} [CONTEXT service_id=132 ]
11-01 23:25:48.331   785  1300 I FontLog : Pulling font file for id = 580, cache size = 5 [CONTEXT service_id=132 ]
11-01 23:25:48.384   785  1682 I FontLog : Received query Google Sans:500, URI content://com.google.android.gms.fonts [CONTEXT service_id=132 ]
11-01 23:25:48.385   785  1682 I FontLog : Query [Google Sans:500] resolved to {Google Sans, wdth 100.0, wght 500, ital 0.0, bestEffort false} [CONTEXT service_id=132 ]
11-01 23:25:48.394   785  1682 I FontLog : Font PFD returned from cache for {Google Sans, wdth 100.0, wght 500, ital 0.0, bestEffort false} [CONTEXT service_id=132 ]
11-01 23:25:48.396   785  1682 I FontLog : Fetch {Google Sans, wdth 100.0, wght 500, ital 0.0, bestEffort false} end status Status{statusCode=SUCCESS, resolution=null} [CONTEXT service_id=132 ]
11-01 23:25:48.402   785  1191 I FontLog : Pulling font file for id = 581, cache size = 5 [CONTEXT service_id=132 ]
11-01 23:25:48.882 17521 17539 I cr_VariationsSeedFetch: Fetched first run seed in 598 ms
11-01 23:25:48.941   600 28743 I ActivityManager: Start proc 17556:com.android.chrome:sandboxed_process0/u0i212 for service com.android.chrome/org.chromium.content.app.SandboxedProcessService0
11-01 23:25:48.993 17556 17556 W dboxed_process0: type=1400 audit(0.0:3751): avc: denied { getattr } for path="/data/data/com.android.chrome" dev="dm-2" ino=12190 scontext=u:r:isolated_app:s0:c512,c768 tcontext=u:object_r:app_data_file:s0:c512,c768 tclass=dir permissive=0
11-01 23:25:49.013 17556 17556 I cr_ChildProcessService: Creating new ChildProcessService pid=17556
11-01 23:25:49.112   600   611 I ActivityManager: Start proc 17584:com.android.chrome:privileged_process0/u0a35 for service com.android.chrome/org.chromium.content.app.PrivilegedProcessService0
11-01 23:25:49.166 17521 17543 W ConnectionStatusConfig: Dynamic lookup for intent failed for action: com.google.android.gms.auth.key.retrieval.service.START
11-01 23:25:49.181 17521 17543 W ConnectionStatusConfig: Dynamic lookup for intent failed for action: com.google.android.gms.auth.key.retrieval.service.START
11-01 23:25:49.183   600  8039 W ActivityManager: Unable to start service Intent { act=com.google.android.gms.auth.key.retrieval.service.START pkg=com.google.android.gms } U=0: not found
11-01 23:25:49.219   600   610 W ActivityManager: Unbind failed: could not find connection for android.os.BinderProxy@59c671c
11-01 23:25:49.219 17521 17543 E GmsClient: unable to connect to service: com.google.android.gms.auth.key.retrieval.service.START on com.google.android.gms
11-01 23:25:49.230 17521 17521 W cr_KnoxSettingsProvider: Permission to read device policy denied.
11-01 23:25:49.243 17584 17584 I cr_ChildProcessService: Creating new ChildProcessService pid=17584
11-01 23:25:49.292 17584 17601 I cr_LibraryLoader: Loaded native library version number "85.0.4183.127"
11-01 23:25:49.293 17584 17601 I cr_CachingUmaRecorder: Flushed 1 samples from 1 histograms.
11-01 23:25:49.303 17584 17601 E libEGL  : validate_display:99 error 3008 (EGL_BAD_DISPLAY)
11-01 23:25:58.347  8521  8521 I MemoryTrimmer: Trimming objects from memory, since app is in the background.
11-01 23:26:00.192 17627 17627 D AndroidRuntime: >>>>>> START com.android.internal.os.RuntimeInit uid 2000 <<<<<<
11-01 23:26:00.196 17627 17627 D AndroidRuntime: CheckJNI is OFF
11-01 23:26:00.263 17627 17627 D ICU     : No timezone override file found: /data/misc/zoneinfo/current/icu/icu_tzdata.dat
11-01 23:26:00.294 17627 17627 I Radio-JNI: register_android_hardware_Radio DONE
11-01 23:26:00.308 17627 17627 D AndroidRuntime: Calling main entry com.android.commands.monkey.Monkey
11-01 23:26:00.376   600   613 W BroadcastQueue: Skipping deliver [background] BroadcastRecord{7b65c11 u-1 android.net.conn.CONNECTIVITY_CHANGE} to ReceiverList{ed89176 17627 (unknown name)/2000/u-1 remote:c87889b}: process crashing
11-01 23:26:01.940 17627 17627 D MonkeyStub: translateCommand: wake
11-01 23:26:02.067 17627 17627 D MonkeyStub: translateCommand: tap 398 1198
11-01 23:26:04.343 17627 17627 D MonkeyStub: translateCommand: tap 720 1506
11-01 23:26:04.521  9419  9537 I PeopleChimeraService: onService. callbacks = aaik@97a9457, request = com.google.android.gms.common.internal.GetServiceRequest@4addb44
11-01 23:26:04.527  9419  9431 I PeopleChimeraService: onService. callbacks = aaik@e19ed62, request = com.google.android.gms.common.internal.GetServiceRequest@32a1ef3
11-01 23:26:06.603 17627 17627 D MonkeyStub: translateCommand: tap 355 1480
11-01 23:26:06.624 17627 17627 D MonkeyStub: Quit requested
11-01 23:26:06.649   600 30165 I ActivityManager: START u0 {act=android.intent.action.VIEW flg=0x10008000 cmp=com.android.chrome/com.google.android.apps.chrome.Main (has extras)} from uid 10035 on display 0
11-01 23:26:06.675   600   614 I CwMcuSensor: CwMcuSensor::flush: fd = 229, sensors_id = 0, path = /sys/class/htc_sensorhub/sensor_hub/flush, err = 0
11-01 23:26:06.778 17627 17627 I art     : System.exit called, status: 6
11-01 23:26:06.778 17627 17627 I AndroidRuntime: VM exiting with result code 6.
11-01 23:26:06.819   600   713 W WindowManager: Attempted to remove non-existing token: android.os.Binder@5cc1377
11-01 23:26:06.822   600   620 E AccessibilityManager: AccessibilityEvent sent with accessibility disabled
11-01 23:26:06.855 17521 17521 E cr_CompositorSurfaceMgr: Transitioning to surface with format : -1
11-01 23:26:06.924 17521 17576 W cr_tabmodel: Starting to perform legacy migration.
11-01 23:26:06.927   600   609 I art     : Background partial concurrent mark sweep GC freed 17590(914KB) AllocSpace objects, 3(60KB) LOS objects, 33% free, 15MB/23MB, paused 2.455ms total 226.096ms
11-01 23:26:06.931 17521 17576 W cr_tabmodel: Finished performing legacy migration.
11-01 23:26:06.931 17521 17576 W cr_tabmodel: Starting to perform multi-instance migration.
11-01 23:26:06.931 17521 17576 W cr_tabmodel: Finished performing multi-instance migration.
11-01 23:26:06.932 17521 17576 I cr_tabmodel: Starting to fetch tab list for tab_state0
11-01 23:26:06.932 17521 17576 I cr_tabmodel: State file does not exist.
11-01 23:26:06.932 17521 17576 I cr_tabmodel: Starting to fetch tab list for tab_state1
11-01 23:26:06.932 17521 17576 I cr_tabmodel: State file does not exist.
11-01 23:26:06.960 17521 17576 I cr_ADCP : No customization source found
11-01 23:26:07.036   600   620 I ActivityManager: Displayed com.android.chrome/com.google.android.apps.chrome.Main: +354ms
11-01 23:26:07.042 17521 17541 D OpenGLRenderer: endAllActiveAnimators on 0xd63e7580 (InsetDrawable) with handle 0xd6312110
11-01 23:26:07.051 17521 17521 E cr_CompositorSurfaceMgr: Transitioning to surface with format : -1
11-01 23:26:07.056   600   647 I WifiHAL : Got channel list with 13 channels
11-01 23:26:07.056   600   647 I WifiHAL : Got channel list with 4 channels
11-01 23:26:07.057   600   647 I WifiHAL : Got channel list with 15 channels
11-01 23:26:07.073 17521 17521 E cr_CompositorSurfaceMgr: surfaceCreated format : 0
11-01 23:26:07.075   600  8928 E BatteryStatsService: power: Missing API
11-01 23:26:07.082 17521 17521 I cr_ContextualSearch: Tap suppression enabled: false
11-01 23:26:07.091 17521 17521 I cr_ChromeTabbedActivity: #initializeState
11-01 23:26:07.092 17521 17521 I cr_CipherFactory: #restoreFromBundle, no savedInstanceState.
11-01 23:26:07.092 17521 17521 I cr_tabmodel: #loadState, ignoreIncognitoFiles? true
11-01 23:26:07.099   600  8928 E BatteryStatsService: no controller energy info supplied
11-01 23:26:07.100   800   800 E PhoneInterfaceManager: [PhoneIntfMgr] queryModemActivityInfo: Empty response
11-01 23:26:07.116   600  8928 E BatteryStatsService: modem info is invalid: ModemActivityInfo{ mTimestamp=0 mSleepTimeMs=0 mIdleTimeMs=0 mTxTimeMs[]=[0, 0, 0, 0, 0] mRxTimeMs=0 mEnergyUsed=0}
11-01 23:26:07.290 17521 17521 I SchedulerApiWrapper: Create SchedulerApiMainThreadWrapper
11-01 23:26:07.298 17521 17521 I FeedSessionManagerImpl: FeedSessionManagerImpl has been created
11-01 23:26:07.299 17521 17521 I FeedAppLifecycleLstnr: onEnterForeground called
11-01 23:26:07.299 17521 17521 I FeedSessionManagerImpl: onLifecycleEvent foreground
11-01 23:26:07.300 17521 17521 I FeedSessionManagerImpl: Lazy initialization triggered, getUpdateConsumer
11-01 23:26:07.300 17521 17577 I TaskQueue: Execute task [IMMEDIATE - d: true, b: 0]: 30
11-01 23:26:07.301 17521 17521 I FeedRequestManagerImpl: trigger refresh 2
11-01 23:26:07.303 17521 17521 I TaskQueue:  - task [HEAD_INVALIDATE - d: true, b: 0]: 26
11-01 23:26:07.303 17521 17521 I FeedAppLifecycleLstnr: initialize called
11-01 23:26:07.303 17521 17521 I FeedSessionManagerImpl: onLifecycleEvent initialize
11-01 23:26:07.303 17521 17521 W FeedSessionManagerImpl: FeedSessionManagerImpl has previously been initialized
11-01 23:26:07.327 17521 17521 I ViewConfigCompat: Could not find method getScaledScrollFactor() on ViewConfiguration
11-01 23:26:07.330 17521 17521 I BasicStream: Setting 2 header views, currently have 0 headers
11-01 23:26:07.331 17521 17521 I BasicStream: Setting 2 header views, currently have 2 headers
11-01 23:26:07.397   600   619 D BluetoothManagerService: Message: 20
11-01 23:26:07.397   600   619 D BluetoothManagerService: Added callback: android.bluetooth.IBluetoothManagerCallback$Stub$Proxy@f373f3:true
11-01 23:26:07.424 17521 17521 E cr_IntentUtils: getBooleanExtra failed on intent null
11-01 23:26:07.427 17556 17570 I cr_LibraryLoader: Loaded native library version number "85.0.4183.127"
11-01 23:26:07.427 17556 17570 I cr_CachingUmaRecorder: Flushed 1 samples from 1 histograms.
11-01 23:26:07.438 17521 17531 I art     : Background sticky concurrent mark sweep GC freed 5901(518KB) AllocSpace objects, 3(60KB) LOS objects, 6% free, 7MB/8MB, paused 5.792ms total 35.897ms
11-01 23:26:07.444 17521 17521 I TimeoutSessionImpl: Using TimeoutSessionImpl
11-01 23:26:07.444 17521 17521 I FeedSessionManagerImpl: Delaying populateSession until initialization is finished
11-01 23:26:07.445 17521 17521 I TaskQueue:  - task [IMMEDIATE - d: true, b: 1]: 13
11-01 23:26:07.446 17521 17521 I MainThreadRunner: Running task [BasicStream onShow] on the Main Thread with a delay of 500 milliseconds
11-01 23:26:07.512   600  1068 I ActivityManager: Start proc 17657:com.android.chrome:sandboxed_process1/u0i213 for service com.android.chrome/org.chromium.content.app.SandboxedProcessService1
11-01 23:26:07.536 17521 17577 W SessionCache: Persisted Sessions were not found
11-01 23:26:07.536 17521 17577 I HeadSessionImpl: Initialize HEAD 0 items
11-01 23:26:07.536 17521 17577 I TaskQueue:  - task [BACKGROUND - d: true, b: 2]: 11
11-01 23:26:07.537 17521 17577 I TimingUtils: Task Timing 236ms, thread JardinExecutor | task : Initialization
11-01 23:26:07.537 17521 17577 I TaskQueue:  - Finished 30, time 237 ms
11-01 23:26:07.537 17521 17577 I TaskQueue: Execute task [HEAD_INVALIDATE - d: true, b: 2]: 26
11-01 23:26:07.538 17521 17577 I TimingUtils: Task Timing   0ms, thread JardinExecutor | task : getAllDismissLocalActions | size : 0
11-01 23:26:07.538 17521 17577 I TimingUtils: Task Timing   0ms, thread JardinExecutor | task : getSemanticProperties | size : 0
11-01 23:26:07.538 17521 17577 I MainThreadRunner: Running task [Check Tooltips] on the Main Thread
11-01 23:26:07.538 17521 17577 I TaskQueue:  * Starting starvation checks
11-01 23:26:07.539 17521 17577 I MainThreadRunner: Running task [starvationChecks] on the Main Thread with a delay of 6000 milliseconds
11-01 23:26:07.539 17521 17577 I TaskQueue:  - Finished 26, time 1 ms
11-01 23:26:07.539 17521 17577 I TaskQueue: Execute task [IMMEDIATE - d: true, b: 1]: 13
11-01 23:26:07.539 17521 17577 I FeedSessionManagerImpl: shouldSessionRequestData; hasContent(false), contentCreationTime(0), outstandingRequest(true)
11-01 23:26:07.539 17521 17577 I MainThreadRunner: Running task [SchedulerApiWrapper shouldSessionRequestData] on the Main Thread
11-01 23:26:07.557   600 28743 I ActivityManager: Start proc 17663:com.android.chrome:sandboxed_process2/u0i214 for service com.android.chrome/org.chromium.content.app.SandboxedProcessService2
11-01 23:26:07.575   600   611 I ActivityManager: Start proc 17672:com.android.chrome:sandboxed_process3/u0i215 for service com.android.chrome/org.chromium.content.app.SandboxedProcessService3
11-01 23:26:07.639   600 30165 I ActivityManager: Start proc 17686:com.android.chrome:sandboxed_process4/u0i216 for service com.android.chrome/org.chromium.content.app.SandboxedProcessService4
11-01 23:26:07.694   600  6822 I ActivityManager: Start proc 17706:com.android.chrome:sandboxed_process5/u0i217 for service com.android.chrome/org.chromium.content.app.SandboxedProcessService5
11-01 23:26:07.752   600  1664 I ActivityManager: Start proc 17721:com.android.chrome:sandboxed_process6/u0i218 for service com.android.chrome/org.chromium.content.app.SandboxedProcessService6
11-01 23:26:07.816 17521 17531 W art     : Suspending all threads took: 9.966ms
11-01 23:26:07.820   600  8039 I ActivityManager: Start proc 17737:com.android.chrome:sandboxed_process7/u0i219 for service com.android.chrome/org.chromium.content.app.SandboxedProcessService7
11-01 23:26:07.847 17657 17657 W dboxed_process1: type=1400 audit(0.0:3752): avc: denied { getattr } for path="/data/data/com.android.chrome" dev="dm-2" ino=12190 scontext=u:r:isolated_app:s0:c512,c768 tcontext=u:object_r:app_data_file:s0:c512,c768 tclass=dir permissive=0
11-01 23:26:07.857 17672 17672 W dboxed_process3: type=1400 audit(0.0:3753): avc: denied { getattr } for path="/data/data/com.android.chrome" dev="dm-2" ino=12190 scontext=u:r:isolated_app:s0:c512,c768 tcontext=u:object_r:app_data_file:s0:c512,c768 tclass=dir permissive=0
11-01 23:26:07.860 17663 17663 W dboxed_process2: type=1400 audit(0.0:3754): avc: denied { getattr } for path="/data/data/com.android.chrome" dev="dm-2" ino=12190 scontext=u:r:isolated_app:s0:c512,c768 tcontext=u:object_r:app_data_file:s0:c512,c768 tclass=dir permissive=0
11-01 23:26:07.863 17521 17531 I art     : Background partial concurrent mark sweep GC freed 18731(958KB) AllocSpace objects, 10(764KB) LOS objects, 40% free, 9MB/15MB, paused 11.346ms total 242.308ms
11-01 23:26:07.873   600  8930 I ActivityManager: Start proc 17749:com.android.chrome:sandboxed_process8/u0i220 for service com.android.chrome/org.chromium.content.app.SandboxedProcessService8
11-01 23:26:07.917 17521 17521 I PlayCore: UID: [10035]  PID: [17521] SplitInstallService : deferredInstall([image_editor])
11-01 23:26:07.945 17521 17764 I PlayCore: UID: [10035]  PID: [17521] SplitInstallService : Initiate binding to the service.
11-01 23:26:07.945   600 12440 W ActivityManager: Unable to start service Intent { act=com.google.android.play.core.splitinstall.BIND_SPLIT_INSTALL_SERVICE pkg=com.android.vending } U=0: not found
11-01 23:26:08.033 17686 17686 W dboxed_process4: type=1400 audit(0.0:3755): avc: denied { getattr } for path="/data/data/com.android.chrome" dev="dm-2" ino=12190 scontext=u:r:isolated_app:s0:c512,c768 tcontext=u:object_r:app_data_file:s0:c512,c768 tclass=dir permissive=0
11-01 23:26:08.070 17706 17706 W dboxed_process5: type=1400 audit(0.0:3756): avc: denied { getattr } for path="/data/data/com.android.chrome" dev="dm-2" ino=12190 scontext=u:r:isolated_app:s0:c512,c768 tcontext=u:object_r:app_data_file:s0:c512,c768 tclass=dir permissive=0
11-01 23:26:08.095 17672 17672 I cr_ChildProcessService: Creating new ChildProcessService pid=17672
11-01 23:26:08.095 17657 17657 I cr_ChildProcessService: Creating new ChildProcessService pid=17657
11-01 23:26:08.103 17663 17663 I cr_ChildProcessService: Creating new ChildProcessService pid=17663
11-01 23:26:08.133 17721 17721 W dboxed_process6: type=1400 audit(0.0:3757): avc: denied { getattr } for path="/data/data/com.android.chrome" dev="dm-2" ino=12190 scontext=u:r:isolated_app:s0:c512,c768 tcontext=u:object_r:app_data_file:s0:c512,c768 tclass=dir permissive=0
11-01 23:26:08.203 17749 17749 W dboxed_process8: type=1400 audit(0.0:3758): avc: denied { getattr } for path="/data/data/com.android.chrome" dev="dm-2" ino=12190 scontext=u:r:isolated_app:s0:c512,c768 tcontext=u:object_r:app_data_file:s0:c512,c768 tclass=dir permissive=0
11-01 23:26:08.203 17737 17737 W dboxed_process7: type=1400 audit(0.0:3759): avc: denied { getattr } for path="/data/data/com.android.chrome" dev="dm-2" ino=12190 scontext=u:r:isolated_app:s0:c512,c768 tcontext=u:object_r:app_data_file:s0:c512,c768 tclass=dir permissive=0
11-01 23:26:08.205 17686 17686 I cr_ChildProcessService: Creating new ChildProcessService pid=17686
11-01 23:26:08.247 17706 17706 I cr_ChildProcessService: Creating new ChildProcessService pid=17706
11-01 23:26:08.275 17721 17721 I cr_ChildProcessService: Creating new ChildProcessService pid=17721
11-01 23:26:08.362 17749 17749 I cr_ChildProcessService: Creating new ChildProcessService pid=17749
11-01 23:26:08.375 17737 17737 I cr_ChildProcessService: Creating new ChildProcessService pid=17737
11-01 23:26:08.382 17521 17764 I PlayCore: UID: [10035]  PID: [17521] SplitInstallService : Failed to bind to the service.
11-01 23:26:08.391   600  8039 I ActivityManager: Start proc 17782:com.android.chrome:sandboxed_process9/u0i221 for service com.android.chrome/org.chromium.content.app.SandboxedProcessService9
11-01 23:26:08.407 17672 17775 I cr_LibraryLoader: Loaded native library version number "85.0.4183.127"
11-01 23:26:08.408 17672 17775 I cr_CachingUmaRecorder: Flushed 1 samples from 1 histograms.
11-01 23:26:08.437 17657 17777 I cr_LibraryLoader: Loaded native library version number "85.0.4183.127"
11-01 23:26:08.437 17657 17777 I cr_CachingUmaRecorder: Flushed 1 samples from 1 histograms.
11-01 23:26:08.444 17663 17776 I cr_LibraryLoader: Loaded native library version number "85.0.4183.127"
11-01 23:26:08.444 17663 17776 I cr_CachingUmaRecorder: Flushed 1 samples from 1 histograms.
11-01 23:26:08.496 17521 17521 I cr_tabmodel: Appending tabs being restored to metadata lists, 0, startingNormalCount: 1, startingIncognitoCount: 0
11-01 23:26:08.496 17521 17521 I cr_tabmodel: Serializing tab lists; counts: 1, 0
11-01 23:26:08.571 17521 17521 I Choreographer: Skipped 91 frames!  The application may be doing too much work on its main thread.
11-01 23:26:08.597 17706 17780 I cr_LibraryLoader: Loaded native library version number "85.0.4183.127"
11-01 23:26:08.598 17706 17780 I cr_CachingUmaRecorder: Flushed 1 samples from 1 histograms.
11-01 23:26:08.638 17663 17663 I cr_ChildProcessService: Destroying ChildProcessService pid=17663
11-01 23:26:08.650 17686 17779 I cr_LibraryLoader: Loaded native library version number "85.0.4183.127"
11-01 23:26:08.651 17686 17779 I cr_CachingUmaRecorder: Flushed 1 samples from 1 histograms.
11-01 23:26:08.670 17782 17782 W dboxed_process9: type=1400 audit(0.0:3760): avc: denied { getattr } for path="/data/data/com.android.chrome" dev="dm-2" ino=12190 scontext=u:r:isolated_app:s0:c512,c768 tcontext=u:object_r:app_data_file:s0:c512,c768 tclass=dir permissive=0
11-01 23:26:08.701 17657 17777 I chromium: [INFO:child_process_service.cc(69)] ChildProcessService: Exiting child process.
11-01 23:26:08.706 17721 17781 I cr_LibraryLoader: Loaded native library version number "85.0.4183.127"
11-01 23:26:08.707 17721 17781 I cr_CachingUmaRecorder: Flushed 1 samples from 1 histograms.
11-01 23:26:08.751 17737 17784 I cr_LibraryLoader: Loaded native library version number "85.0.4183.127"
11-01 23:26:08.769   600  8040 I ActivityManager: Start proc 17812:com.android.chrome:sandboxed_process10/u0i222 for service com.android.chrome/org.chromium.content.app.SandboxedProcessService10
11-01 23:26:08.770   600  6822 I ActivityManager: Killing 17706:com.android.chrome:sandboxed_process5/u0a35i217 (adj 0): isolated not needed
11-01 23:26:08.770   600  6822 I ActivityManager: Killing 17657:com.android.chrome:sandboxed_process1/u0a35i213 (adj 0): isolated not needed
11-01 23:26:08.770   600  6822 I ActivityManager: Killing 17672:com.android.chrome:sandboxed_process3/u0a35i215 (adj 0): isolated not needed
11-01 23:26:08.770   600  6822 I ActivityManager: Killing 17663:com.android.chrome:sandboxed_process2/u0a35i214 (adj 0): isolated not needed
11-01 23:26:08.772 17737 17784 I cr_CachingUmaRecorder: Flushed 1 samples from 1 histograms.
11-01 23:26:08.779 17749 17783 I cr_LibraryLoader: Loaded native library version number "85.0.4183.127"
11-01 23:26:08.780 17749 17783 I cr_CachingUmaRecorder: Flushed 1 samples from 1 histograms.
11-01 23:26:08.816   600  8039 I ActivityManager: Start proc 17822:com.android.chrome:sandboxed_process11/u0i223 for service com.android.chrome/org.chromium.content.app.SandboxedProcessService11
11-01 23:26:08.823 17521 17521 I TaskQueue:  - task [IMMEDIATE - d: true, b: 1]: 27
11-01 23:26:08.825 17521 17577 I FeedSessionManagerImpl: shouldSessionRequestDataResult: NO_REQUEST_WITH_WAIT, shouldMakeRequest(false), withTimeout(false), withAppend(false)
11-01 23:26:08.825 17521 17577 I TaskQueue:  - task [USER_FACING - d: true, b: 2]: 24
11-01 23:26:08.825 17521 17577 I TaskQueue:  - Finished 13, time 1286 ms
11-01 23:26:08.844   237 17826 I art     : Starting a blocking GC Background
11-01 23:26:08.844   237 17826 I art     : Starting a blocking GC Background
11-01 23:26:08.845 17686 17779 I chromium: [INFO:child_process_service.cc(69)] ChildProcessService: Exiting child process.
11-01 23:26:08.874   237 17826 I art     : Starting a blocking GC HeapTrim
11-01 23:26:08.877 17782 17782 I cr_ChildProcessService: Creating new ChildProcessService pid=17782
11-01 23:26:08.909 17721 17781 I chromium: [INFO:child_process_service.cc(69)] ChildProcessService: Exiting child process.
11-01 23:26:08.927 17737 17784 I chromium: [INFO:child_process_service.cc(69)] ChildProcessService: Exiting child process.
11-01 23:26:08.938   600 11980 I ActivityManager: Start proc 17845:com.android.chrome:sandboxed_process12/u0i224 for service com.android.chrome/org.chromium.content.app.SandboxedProcessService12
11-01 23:26:08.946   600   819 I ActivityManager: Process com.android.chrome:sandboxed_process6 (pid 17721) has died
11-01 23:26:08.946   600   819 D ActivityManager: cleanUpApplicationRecord -- 17721
11-01 23:26:08.946   600   819 W ActivityManager: Scheduling restart of crashed service com.android.chrome/org.chromium.content.app.SandboxedProcessService6 in 1000ms
11-01 23:26:08.948   600   819 E JavaBinder: !!! FAILED BINDER TRANSACTION !!!  (parcel size = 76)
11-01 23:26:08.953   197   197 E lowmemorykiller: Error opening /proc/17686/oom_score_adj; errno=2
11-01 23:26:08.966   197   197 E lowmemorykiller: Error writing /proc/17737/oom_score_adj; errno=22
11-01 23:26:08.967   600 11980 E JavaBinder: !!! FAILED BINDER TRANSACTION !!!  (parcel size = 76)
11-01 23:26:08.967   600 11980 E JavaBinder: !!! FAILED BINDER TRANSACTION !!!  (parcel size = 572)
11-01 23:26:08.967   600 11980 W ActivityManager: Exception when unbinding service com.android.chrome/org.chromium.content.app.SandboxedProcessService7
11-01 23:26:08.967   600 11980 W ActivityManager: android.os.DeadObjectException: Transaction failed on small parcel; remote process probably died
11-01 23:26:08.967   600 11980 W ActivityManager: 	at android.os.BinderProxy.transactNative(Native Method)
11-01 23:26:08.967   600 11980 W ActivityManager: 	at android.os.BinderProxy.transact(Binder.java:615)
11-01 23:26:08.967   600 11980 W ActivityManager: 	at android.app.ApplicationThreadProxy.scheduleUnbindService(ApplicationThreadNative.java:1016)
11-01 23:26:08.967   600 11980 W ActivityManager: 	at com.android.server.am.ActiveServices.removeConnectionLocked(ActiveServices.java:2175)
11-01 23:26:08.967   600 11980 W ActivityManager: 	at com.android.server.am.ActiveServices.unbindServiceLocked(ActiveServices.java:1163)
11-01 23:26:08.967   600 11980 W ActivityManager: 	at com.android.server.am.ActivityManagerService.unbindService(ActivityManagerService.java:17309)
11-01 23:26:08.967   600 11980 W ActivityManager: 	at android.app.ActivityManagerNative.onTransact(ActivityManagerNative.java:1145)
11-01 23:26:08.967   600 11980 W ActivityManager: 	at com.android.server.am.ActivityManagerService.onTransact(ActivityManagerService.java:2795)
11-01 23:26:08.967   600 11980 W ActivityManager: 	at android.os.Binder.execTransact(Binder.java:565)
11-01 23:26:08.967   600 11980 E JavaBinder: !!! FAILED BINDER TRANSACTION !!!  (parcel size = 76)
11-01 23:26:08.968   197   197 E lowmemorykiller: Error writing /proc/17737/oom_score_adj; errno=22
11-01 23:26:08.968   600 11980 I ActivityManager: Killing 17686:com.android.chrome:sandboxed_process4/u0a35i216 (adj 0): isolated not needed
11-01 23:26:08.969   600 11980 E JavaBinder: !!! FAILED BINDER TRANSACTION !!!  (parcel size = 76)
11-01 23:26:08.974   600  5522 I ActivityManager: Killing 17737:com.android.chrome:sandboxed_process7/u0a35i219 (adj 900): isolated not needed
11-01 23:26:08.975   600  1665 D ActivityManager: cleanUpApplicationRecord -- 17737
11-01 23:26:09.024 17521 17576 I TaskQueue: Execute task [IMMEDIATE - d: true, b: 2]: 27
11-01 23:26:09.024 17521 17521 W chromium: [WARNING:compositor_view.cc(315)] Child process died (type=6) pid=17721)
11-01 23:26:09.025 17521 17521 W chromium: [WARNING:compositor_view.cc(315)] Child process died (type=6) pid=17737)
11-01 23:26:09.026 17521 17576 I FeedRequestManagerImpl: Consistency Token: # hU2@7bca4
11-01 23:26:09.076 17822 17853 I art     : Background sticky concurrent mark sweep GC freed 6724(269KB) AllocSpace objects, 0(0B) LOS objects, 37% free, 2MB/4MB, paused 260us total 141.023ms
11-01 23:26:09.080 17521 17531 W art     : Suspending all threads took: 7.142ms
11-01 23:26:09.081   600  8039 I ActivityManager: Killing 17749:com.android.chrome:sandboxed_process8/u0a35i220 (adj 0): isolated not needed
11-01 23:26:09.092 17521 17576 I FeedRequestManagerImpl: Capability: FEED_UI
11-01 23:26:09.092 17521 17576 I FeedRequestManagerImpl: Capability: UNDOABLE_ACTIONS
11-01 23:26:09.092 17521 17576 I FeedRequestManagerImpl: Capability: MANAGE_INTERESTS
11-01 23:26:09.092 17521 17576 I FeedRequestManagerImpl: Capability: SEND_FEEDBACK
11-01 23:26:09.092 17521 17576 I FeedRequestManagerImpl: Capability: ARTICLE_SNIPPETS
11-01 23:26:09.092 17521 17576 I FeedRequestManagerImpl: Capability: CLICK_ACTION
11-01 23:26:09.092 17521 17576 I FeedRequestManagerImpl: Capability: VIEW_ACTION
11-01 23:26:09.092 17521 17576 I FeedRequestManagerImpl: Capability: REPORT_FEED_USER_ACTIONS_NOTICE_CARD
11-01 23:26:09.092 17521 17576 I FeedRequestManagerImpl: Capability: BASE_UI
11-01 23:26:09.096 17521 17576 I FeedRequestManagerImpl: Making Request: /httpservice/noretry/DiscoverClankService/FeedQuery
11-01 23:26:09.105 17521 17576 I MainThreadRunner: Running task [NetworkClientWrapper send] on the Main Thread
11-01 23:26:09.105 17521 17576 I TaskQueue:  - Finished 27, time 81 ms
11-01 23:26:09.143 17812 17812 W boxed_process10: type=1400 audit(0.0:3761): avc: denied { getattr } for path="/data/data/com.android.chrome" dev="dm-2" ino=12190 scontext=u:r:isolated_app:s0:c512,c768 tcontext=u:object_r:app_data_file:s0:c512,c768 tclass=dir permissive=0
11-01 23:26:09.148   600 11980 D ActivityManager: cleanUpApplicationRecord -- 17686
11-01 23:26:09.161 17521 17521 W chromium: [WARNING:compositor_view.cc(315)] Child process died (type=6) pid=17686)
11-01 23:26:09.183 17822 17822 W boxed_process11: type=1400 audit(0.0:3762): avc: denied { getattr } for path="/data/data/com.android.chrome" dev="dm-2" ino=12190 scontext=u:r:isolated_app:s0:c512,c768 tcontext=u:object_r:app_data_file:s0:c512,c768 tclass=dir permissive=0
11-01 23:26:09.197 17782 17843 I cr_LibraryLoader: Loaded native library version number "85.0.4183.127"
11-01 23:26:09.197 17782 17843 I cr_CachingUmaRecorder: Flushed 1 samples from 1 histograms.
11-01 23:26:09.203 17521 17531 I art     : Background sticky concurrent mark sweep GC freed 78055(4MB) AllocSpace objects, 59(1180KB) LOS objects, 31% free, 10MB/15MB, paused 8.760ms total 180.747ms
11-01 23:26:09.223 17845 17845 W boxed_process12: type=1400 audit(0.0:3763): avc: denied { getattr } for path="/data/data/com.android.chrome" dev="dm-2" ino=12190 scontext=u:r:isolated_app:s0:c512,c768 tcontext=u:object_r:app_data_file:s0:c512,c768 tclass=dir permissive=0
11-01 23:26:09.314   600  8040 I ActivityManager: Start proc 17867:com.android.chrome:sandboxed_process13/u0i225 for service com.android.chrome/org.chromium.content.app.SandboxedProcessService13
11-01 23:26:09.354 17521 17577 W cr_CrashFileManager: /data/user/0/com.android.chrome/cache/Crash Reports does not exist or is not a directory
11-01 23:26:09.354 17521 17577 W cr_CrashFileManager: /data/user/0/com.android.chrome/cache/Crash Reports does not exist or is not a directory
11-01 23:26:09.354 17521 17577 W cr_CrashFileManager: /data/user/0/com.android.chrome/cache/Crash Reports does not exist or is not a directory
11-01 23:26:09.363 17822 17822 I cr_ChildProcessService: Creating new ChildProcessService pid=17822
11-01 23:26:09.364 17812 17812 I cr_ChildProcessService: Creating new ChildProcessService pid=17812
11-01 23:26:09.375 17782 17843 I chromium: [INFO:child_process_service.cc(69)] ChildProcessService: Exiting child process.
11-01 23:26:09.378   600 28743 I ActivityManager: Start proc 17875:com.android.chrome:sandboxed_process14/u0i226 for service com.android.chrome/org.chromium.content.app.SandboxedProcessService14
11-01 23:26:09.382 17521 17577 I cr_FileUtils: Writing to /data/user/0/com.android.chrome/app_dex/webapk7.dex
11-01 23:26:09.397 17845 17845 I cr_ChildProcessService: Creating new ChildProcessService pid=17845
11-01 23:26:09.412   600  1484 I ActivityManager: Start proc 17890:com.android.chrome:sandboxed_process15/u0i227 for service com.android.chrome/org.chromium.content.app.SandboxedProcessService15
11-01 23:26:09.414   600   819 I ActivityManager: Process com.android.chrome:sandboxed_process9 (pid 17782) has died
11-01 23:26:09.414   600   819 D ActivityManager: cleanUpApplicationRecord -- 17782
11-01 23:26:09.414   600   819 W ActivityManager: Scheduling restart of crashed service com.android.chrome/org.chromium.content.app.SandboxedProcessService9 in 1000ms
11-01 23:26:09.446 17521 17521 W chromium: [WARNING:compositor_view.cc(315)] Child process died (type=6) pid=17782)
11-01 23:26:09.512   600  8040 I ActivityManager: Start proc 17905:com.android.chrome:sandboxed_process16/u0i228 for service com.android.chrome/org.chromium.content.app.SandboxedProcessService16
11-01 23:26:09.548 17521 17555 I cr_BindingManager: Moderate binding enabled: maxSize=40
11-01 23:26:09.647  9419  9924 I Icing   : IndexChimeraService.getServiceInterface callingPackage=com.android.chrome componentName=null serviceId=36
11-01 23:26:09.695   600  8039 I ActivityManager: Start proc 17928:com.android.chrome:sandboxed_process17/u0i229 for service com.android.chrome/org.chromium.content.app.SandboxedProcessService17
11-01 23:26:09.727  9419  9919 I Icing   : IndexChimeraService.getServiceInterface callingPackage=com.android.chrome componentName=null serviceId=36
11-01 23:26:09.733 17867 17867 W boxed_process13: type=1400 audit(0.0:3764): avc: denied { getattr } for path="/data/data/com.android.chrome" dev="dm-2" ino=12190 scontext=u:r:isolated_app:s0:c512,c768 tcontext=u:object_r:app_data_file:s0:c512,c768 tclass=dir permissive=0
11-01 23:26:09.747 17812 17874 I cr_LibraryLoader: Loaded native library version number "85.0.4183.127"
11-01 23:26:09.747 17812 17874 I cr_CachingUmaRecorder: Flushed 1 samples from 1 histograms.
11-01 23:26:09.762 17822 17872 I cr_LibraryLoader: Loaded native library version number "85.0.4183.127"
11-01 23:26:09.762 17822 17872 I cr_CachingUmaRecorder: Flushed 1 samples from 1 histograms.
11-01 23:26:09.780 17890 17890 W boxed_process15: type=1400 audit(0.0:3765): avc: denied { getattr } for path="/data/data/com.android.chrome" dev="dm-2" ino=12190 scontext=u:r:isolated_app:s0:c512,c768 tcontext=u:object_r:app_data_file:s0:c512,c768 tclass=dir permissive=0
11-01 23:26:09.797 17875 17875 W boxed_process14: type=1400 audit(0.0:3766): avc: denied { getattr } for path="/data/data/com.android.chrome" dev="dm-2" ino=12190 scontext=u:r:isolated_app:s0:c512,c768 tcontext=u:object_r:app_data_file:s0:c512,c768 tclass=dir permissive=0
11-01 23:26:09.817 17845 17882 I cr_LibraryLoader: Loaded native library version number "85.0.4183.127"
11-01 23:26:09.818 17845 17882 I cr_CachingUmaRecorder: Flushed 1 samples from 1 histograms.
11-01 23:26:09.847 17867 17867 I cr_ChildProcessService: Creating new ChildProcessService pid=17867
11-01 23:26:09.863 17905 17905 W boxed_process16: type=1400 audit(0.0:3767): avc: denied { getattr } for path="/data/data/com.android.chrome" dev="dm-2" ino=12190 scontext=u:r:isolated_app:s0:c512,c768 tcontext=u:object_r:app_data_file:s0:c512,c768 tclass=dir permissive=0
11-01 23:26:09.932   600   610 I ActivityManager: Start proc 17948:com.android.chrome:sandboxed_process18/u0i230 for service com.android.chrome/org.chromium.content.app.SandboxedProcessService18
11-01 23:26:09.952 17889 17889 I dex2oat : /system/bin/dex2oat --dex-file=/data/user/0/com.android.chrome/app_dex/webapk7.dex --oat-fd=293 --oat-location=/data/user/0/com.android.chrome/app_dex/oat/arm/webapk7.dex --compiler-filter=speed
11-01 23:26:09.956 17845 17882 I chromium: [INFO:child_process_service.cc(69)] ChildProcessService: Exiting child process.
11-01 23:26:09.974 17890 17890 I cr_ChildProcessService: Creating new ChildProcessService pid=17890
11-01 23:26:09.979 17822 17822 I cr_ChildProcessService: Destroying ChildProcessService pid=17822
11-01 23:26:09.984 17812 17874 I chromium: [INFO:child_process_service.cc(69)] ChildProcessService: Exiting child process.
11-01 23:26:09.990   600  1068 I ActivityManager: Start proc 17958:com.android.chrome:sandboxed_process19/u0i231 for service com.android.chrome/org.chromium.content.app.SandboxedProcessService19
11-01 23:26:09.999 17875 17875 I cr_ChildProcessService: Creating new ChildProcessService pid=17875
11-01 23:26:10.001   197   197 E lowmemorykiller: Error writing /proc/17845/oom_score_adj; errno=22
11-01 23:26:10.001   600 11980 E JavaBinder: !!! FAILED BINDER TRANSACTION !!!  (parcel size = 76)
11-01 23:26:10.002   600 11980 E JavaBinder: !!! FAILED BINDER TRANSACTION !!!  (parcel size = 576)
11-01 23:26:10.002   600 11980 W ActivityManager: Exception when unbinding service com.android.chrome/org.chromium.content.app.SandboxedProcessService12
11-01 23:26:10.002   600 11980 W ActivityManager: android.os.DeadObjectException: Transaction failed on small parcel; remote process probably died
11-01 23:26:10.002   600 11980 W ActivityManager: 	at android.os.BinderProxy.transactNative(Native Method)
11-01 23:26:10.002   600 11980 W ActivityManager: 	at android.os.BinderProxy.transact(Binder.java:615)
11-01 23:26:10.002   600 11980 W ActivityManager: 	at android.app.ApplicationThreadProxy.scheduleUnbindService(ApplicationThreadNative.java:1016)
11-01 23:26:10.002   600 11980 W ActivityManager: 	at com.android.server.am.ActiveServices.removeConnectionLocked(ActiveServices.java:2175)
11-01 23:26:10.002   600 11980 W ActivityManager: 	at com.android.server.am.ActiveServices.unbindServiceLocked(ActiveServices.java:1163)
11-01 23:26:10.002   600 11980 W ActivityManager: 	at com.android.server.am.ActivityManagerService.unbindService(ActivityManagerService.java:17309)
11-01 23:26:10.002   600 11980 W ActivityManager: 	at android.app.ActivityManagerNative.onTransact(ActivityManagerNative.java:1145)
11-01 23:26:10.002   600 11980 W ActivityManager: 	at com.android.server.am.ActivityManagerService.onTransact(ActivityManagerService.java:2795)
11-01 23:26:10.002   600 11980 W ActivityManager: 	at android.os.Binder.execTransact(Binder.java:565)
11-01 23:26:10.002   600 11980 E JavaBinder: !!! FAILED BINDER TRANSACTION !!!  (parcel size = 76)
11-01 23:26:10.003   600 11980 I ActivityManager: Killing 17822:com.android.chrome:sandboxed_process11/u0a35i223 (adj 0): isolated not needed
11-01 23:26:10.003   197   197 E lowmemorykiller: Error writing /proc/17845/oom_score_adj; errno=22
11-01 23:26:10.003   600 11980 E JavaBinder: !!! FAILED BINDER TRANSACTION !!!  (parcel size = 76)
11-01 23:26:10.007   197   197 E lowmemorykiller: Error writing /proc/17812/oom_score_adj; errno=22
11-01 23:26:10.007   600  1665 E JavaBinder: !!! FAILED BINDER TRANSACTION !!!  (parcel size = 76)
11-01 23:26:10.007   600  1665 E JavaBinder: !!! FAILED BINDER TRANSACTION !!!  (parcel size = 576)
11-01 23:26:10.008   600  1665 W ActivityManager: Exception when unbinding service com.android.chrome/org.chromium.content.app.SandboxedProcessService10
11-01 23:26:10.008   600  1665 W ActivityManager: android.os.DeadObjectException: Transaction failed on small parcel; remote process probably died
11-01 23:26:10.008   600  1665 W ActivityManager: 	at android.os.BinderProxy.transactNative(Native Method)
11-01 23:26:10.008   600  1665 W ActivityManager: 	at android.os.BinderProxy.transact(Binder.java:615)
11-01 23:26:10.008   600  1665 W ActivityManager: 	at android.app.ApplicationThreadProxy.scheduleUnbindService(ApplicationThreadNative.java:1016)
11-01 23:26:10.008   600  1665 W ActivityManager: 	at com.android.server.am.ActiveServices.removeConnectionLocked(ActiveServices.java:2175)
11-01 23:26:10.008   600  1665 W ActivityManager: 	at com.android.server.am.ActiveServices.unbindServiceLocked(ActiveServices.java:1163)
11-01 23:26:10.008   600  1665 W ActivityManager: 	at com.android.server.am.ActivityManagerService.unbindService(ActivityManagerService.java:17309)
11-01 23:26:10.008   600  1665 W ActivityManager: 	at android.app.ActivityManagerNative.onTransact(ActivityManagerNative.java:1145)
11-01 23:26:10.008   600  1665 W ActivityManager: 	at com.android.server.am.ActivityManagerService.onTransact(ActivityManagerService.java:2795)
11-01 23:26:10.008   600  1665 W ActivityManager: 	at android.os.Binder.execTransact(Binder.java:565)
11-01 23:26:10.009   600  1665 E JavaBinder: !!! FAILED BINDER TRANSACTION !!!  (parcel size = 76)
11-01 23:26:10.010   600  1665 I ActivityManager: Killing 17845:com.android.chrome:sandboxed_process12/u0a35i224 (adj 900): isolated not needed
11-01 23:26:10.010   197   197 E lowmemorykiller: Error writing /proc/17812/oom_score_adj; errno=22
11-01 23:26:10.010   600  1665 E JavaBinder: !!! FAILED BINDER TRANSACTION !!!  (parcel size = 76)
11-01 23:26:10.013 17928 17928 W boxed_process17: type=1400 audit(0.0:3768): avc: denied { getattr } for path="/data/data/com.android.chrome" dev="dm-2" ino=12190 scontext=u:r:isolated_app:s0:c512,c768 tcontext=u:object_r:app_data_file:s0:c512,c768 tclass=dir permissive=0
11-01 23:26:10.066   600   610 I ActivityManager: Killing 17812:com.android.chrome:sandboxed_process10/u0a35i222 (adj 900): isolated not needed
11-01 23:26:10.097 17905 17905 I cr_ChildProcessService: Creating new ChildProcessService pid=17905
11-01 23:26:10.123 17948 17948 W boxed_process18: type=1400 audit(0.0:3769): avc: denied { getattr } for path="/data/data/com.android.chrome" dev="dm-2" ino=12190 scontext=u:r:isolated_app:s0:c512,c768 tcontext=u:object_r:app_data_file:s0:c512,c768 tclass=dir permissive=0
11-01 23:26:10.130   600  1665 D ActivityManager: cleanUpApplicationRecord -- 17812
11-01 23:26:10.131 17521 17521 W chromium: [WARNING:compositor_view.cc(315)] Child process died (type=6) pid=17845)
11-01 23:26:10.131 17521 17521 W chromium: [WARNING:compositor_view.cc(315)] Child process died (type=6) pid=17812)
11-01 23:26:10.137   600  5522 D ActivityManager: cleanUpApplicationRecord -- 17845
