11-01 22:45:28.723  3453  3453 W boxed_process32: type=1400 audit(0.0:3408): avc: denied { getattr } for path="/data/data/com.android.chrome" dev="dm-2" ino=12190 scontext=u:r:isolated_app:s0:c512,c768 tcontext=u:object_r:app_data_file:s0:c512,c768 tclass=dir permissive=0
11-01 22:45:28.762  3453  3453 I cr_ChildProcessService: Creating new ChildProcessService pid=3453
11-01 22:45:28.813  3453  3466 I cr_LibraryLoader: Loaded native library version number "85.0.4183.127"
11-01 22:45:28.815  3453  3466 I cr_CachingUmaRecorder: Flushed 1 samples from 1 histograms.
11-01 22:45:28.833  3466  3466 W CrUtilityMain: type=1400 audit(0.0:3409): avc: denied { setattr } for name="tls_deprecation_config.pb" dev="dm-2" ino=28070 scontext=u:r:isolated_app:s0:c512,c768 tcontext=u:object_r:app_data_file:s0:c512,c768 tclass=file permissive=0
11-01 22:45:28.833  3466  3466 W CrUtilityMain: type=1400 audit(0.0:3410): avc: denied { setattr } for name="manifest.json" dev="dm-2" ino=28079 scontext=u:r:isolated_app:s0:c512,c768 tcontext=u:object_r:app_data_file:s0:c512,c768 tclass=file permissive=0
11-01 22:45:28.836  3466  3466 W CrUtilityMain: type=1400 audit(0.0:3411): avc: denied { setattr } for name="verified_contents.json" dev="dm-2" ino=28868 scontext=u:r:isolated_app:s0:c512,c768 tcontext=u:object_r:app_data_file:s0:c512,c768 tclass=file permissive=0
11-01 22:45:28.845  3453  3466 I chromium: [INFO:child_process_service.cc(69)] ChildProcessService: Exiting child process.
11-01 22:45:28.845   197   197 E lowmemorykiller: Error writing /proc/3453/oom_score_adj; errno=22
11-01 22:45:28.866   600 11980 I ActivityManager: Process com.android.chrome:sandboxed_process32 (pid 3453) has died
11-01 22:45:28.867   600 11980 D ActivityManager: cleanUpApplicationRecord -- 3453
11-01 22:45:28.870  2629  2629 W chromium: [WARNING:compositor_view.cc(315)] Child process died (type=6) pid=3453)
11-01 22:45:29.126 18094 23092 W DatabaseProcessor: processLocalDevices: failed to get the network info with non-null bssid.
11-01 22:45:29.537 18094 23092 W AdaptiveDiscoveryWorker: Exiting Adaptive Discovery. Current NetworkInfo is NULL.
11-01 22:45:31.600   600   713 I ActivityManager: Start proc 3471:com.android.chrome:sandboxed_process33/u0i977 for service com.android.chrome/org.chromium.content.app.SandboxedProcessService33
11-01 22:45:31.663  3471  3471 W boxed_process33: type=1400 audit(0.0:3412): avc: denied { getattr } for path="/data/data/com.android.chrome" dev="dm-2" ino=12190 scontext=u:r:isolated_app:s0:c512,c768 tcontext=u:object_r:app_data_file:s0:c512,c768 tclass=dir permissive=0
11-01 22:45:31.759  3471  3471 I cr_ChildProcessService: Creating new ChildProcessService pid=3471
11-01 22:45:31.866  3471  3484 I cr_LibraryLoader: Loaded native library version number "85.0.4183.127"
11-01 22:45:31.867  3471  3484 I cr_CachingUmaRecorder: Flushed 1 samples from 1 histograms.
11-01 22:45:31.956  3484  3484 W CrUtilityMain: type=1400 audit(0.0:3413): avc: denied { setattr } for name="tl_en-us_2022-10-26_484799359_100000_index.bin" dev="dm-2" ino=49615 scontext=u:r:isolated_app:s0:c512,c768 tcontext=u:object_r:app_data_file:s0:c512,c768 tclass=file permissive=0
11-01 22:45:31.956  3484  3484 W CrUtilityMain: type=1400 audit(0.0:3414): avc: denied { setattr } for name="manifest.json" dev="dm-2" ino=49937 scontext=u:r:isolated_app:s0:c512,c768 tcontext=u:object_r:app_data_file:s0:c512,c768 tclass=file permissive=0
11-01 22:45:31.960  3484  3484 W CrUtilityMain: type=1400 audit(0.0:3415): avc: denied { setattr } for name="verified_contents.json" dev="dm-2" ino=50234 scontext=u:r:isolated_app:s0:c512,c768 tcontext=u:object_r:app_data_file:s0:c512,c768 tclass=file permissive=0
11-01 22:45:31.982  3471  3484 I chromium: [INFO:child_process_service.cc(69)] ChildProcessService: Exiting child process.
11-01 22:45:32.022   600 30165 I ActivityManager: Process com.android.chrome:sandboxed_process33 (pid 3471) has died
11-01 22:45:32.022   600 30165 D ActivityManager: cleanUpApplicationRecord -- 3471
11-01 22:45:32.028  2629  2629 W chromium: [WARNING:compositor_view.cc(315)] Child process died (type=6) pid=3471)
11-01 22:45:35.191   600  1485 I ActivityManager: Start proc 3488:com.android.chrome:sandboxed_process34/u0i978 for service com.android.chrome/org.chromium.content.app.SandboxedProcessService34
11-01 22:45:35.240  3488  3488 W boxed_process34: type=1400 audit(0.0:3416): avc: denied { getattr } for path="/data/data/com.android.chrome" dev="dm-2" ino=12190 scontext=u:r:isolated_app:s0:c512,c768 tcontext=u:object_r:app_data_file:s0:c512,c768 tclass=dir permissive=0
11-01 22:45:35.270  3488  3488 I cr_ChildProcessService: Creating new ChildProcessService pid=3488
11-01 22:45:35.313  3488  3501 I cr_LibraryLoader: Loaded native library version number "85.0.4183.127"
11-01 22:45:35.314  3488  3501 I cr_CachingUmaRecorder: Flushed 1 samples from 1 histograms.
11-01 22:45:35.323  3501  3501 W CrUtilityMain: type=1400 audit(0.0:3417): avc: denied { setattr } for name="optimization-hints.pb" dev="dm-2" ino=53135 scontext=u:r:isolated_app:s0:c512,c768 tcontext=u:object_r:app_data_file:s0:c512,c768 tclass=file permissive=0
11-01 22:45:35.323  3501  3501 W CrUtilityMain: type=1400 audit(0.0:3418): avc: denied { setattr } for name="manifest.json" dev="dm-2" ino=52977 scontext=u:r:isolated_app:s0:c512,c768 tcontext=u:object_r:app_data_file:s0:c512,c768 tclass=file permissive=0
11-01 22:45:35.326  3501  3501 W CrUtilityMain: type=1400 audit(0.0:3419): avc: denied { setattr } for name="verified_contents.json" dev="dm-2" ino=53642 scontext=u:r:isolated_app:s0:c512,c768 tcontext=u:object_r:app_data_file:s0:c512,c768 tclass=file permissive=0
11-01 22:45:35.341  3488  3501 I chromium: [INFO:child_process_service.cc(69)] ChildProcessService: Exiting child process.
11-01 22:45:35.343   197   197 E lowmemorykiller: Error writing /proc/3488/oom_score_adj; errno=22
11-01 22:45:35.357  2629  2629 W chromium: [WARNING:compositor_view.cc(315)] Child process died (type=6) pid=3488)
11-01 22:45:35.357   600  1066 I ActivityManager: Process com.android.chrome:sandboxed_process34 (pid 3488) has died
11-01 22:45:35.357   600  1066 D ActivityManager: cleanUpApplicationRecord -- 3488
11-01 22:45:36.200  3250  3250 D MonkeyStub: translateCommand: touch down 614 1561
11-01 22:45:36.221  3250  3250 D MonkeyStub: translateCommand: touch move 614 1561
11-01 22:45:36.337  3250  3250 D MonkeyStub: translateCommand: touch move 614 1436
11-01 22:45:36.447  3250  3250 D MonkeyStub: translateCommand: touch move 614 1311
11-01 22:45:36.556  3250  3250 D MonkeyStub: translateCommand: touch move 614 1186
11-01 22:45:36.665  3250  3250 D MonkeyStub: translateCommand: touch move 614 1061
11-01 22:45:36.778  3250  3250 D MonkeyStub: translateCommand: touch move 614 937
11-01 22:45:36.889  3250  3250 D MonkeyStub: translateCommand: touch move 614 812
11-01 22:45:36.999  3250  3250 D MonkeyStub: translateCommand: touch move 614 687
11-01 22:45:37.115  3250  3250 D MonkeyStub: translateCommand: touch move 614 562
11-01 22:45:37.225  3250  3250 D MonkeyStub: translateCommand: touch move 614 437
11-01 22:45:37.344  3250  3250 D MonkeyStub: translateCommand: touch move 614 312
11-01 22:45:37.348  3250  3250 D MonkeyStub: translateCommand: touch up 614 312
11-01 22:45:41.395  3250  3250 D MonkeyStub: translateCommand: touch down 614 1561
11-01 22:45:41.409  3250  3250 D MonkeyStub: translateCommand: touch move 614 1561
11-01 22:45:41.520  3250  3250 D MonkeyStub: translateCommand: touch move 614 1436
11-01 22:45:41.649  3250  3250 D MonkeyStub: translateCommand: touch move 614 1311
11-01 22:45:41.760  3250  3250 D MonkeyStub: translateCommand: touch move 614 1186
11-01 22:45:41.867  3250  3250 D MonkeyStub: translateCommand: touch move 614 1061
11-01 22:45:41.973  3250  3250 D MonkeyStub: translateCommand: touch move 614 937
11-01 22:45:42.083  3250  3250 D MonkeyStub: translateCommand: touch move 614 812
11-01 22:45:42.196  3250  3250 D MonkeyStub: translateCommand: touch move 614 687
11-01 22:45:42.306  3250  3250 D MonkeyStub: translateCommand: touch move 614 562
11-01 22:45:42.417  3250  3250 D MonkeyStub: translateCommand: touch move 614 437
11-01 22:45:42.526  3250  3250 D MonkeyStub: translateCommand: touch move 614 312
11-01 22:45:42.529  3250  3250 D MonkeyStub: translateCommand: touch up 614 312
11-01 22:45:42.538  3250  3250 D MonkeyStub: Quit requested
11-01 22:45:42.568   600   614 I CwMcuSensor: CwMcuSensor::flush: fd = 226, sensors_id = 0, path = /sys/class/htc_sensorhub/sensor_hub/flush, err = 0
11-01 22:45:42.577  3250  3250 I art     : System.exit called, status: 121
11-01 22:45:42.577  3250  3250 I AndroidRuntime: VM exiting with result code 121.
11-01 22:45:42.624   600  5522 W WindowManager: Attempted to remove non-existing token: android.os.Binder@8c29748
11-01 22:45:53.858 18094 18664 I Icing   : IndexChimeraService.getServiceInterface callingPackage=com.android.chrome componentName=null serviceId=36
11-01 22:45:53.881 18094 23092 W Icing   : No valid account for uploading user actions
11-01 22:45:53.901 18094 18664 I Icing   : IndexChimeraService.getServiceInterface callingPackage=com.google.android.gms componentName=null serviceId=30
11-01 22:45:53.932 18094 23092 I Icing   : Usage reports ok 1, Failed Usage reports 0, indexed 1, rejected 0
11-01 22:45:53.935 18094 23092 W Icing   : No valid account for uploading user actions
11-01 22:45:53.942 18094 23092 I Icing   : Usage reports ok 0, Failed Usage reports 0, indexed 0, rejected 0
11-01 22:45:53.944 18094 23092 I Icing   : Indexing com.android.chrome-omnibox from com.android.chrome
11-01 22:45:53.975 18094  3232 I Icing   : Indexing done com.android.chrome-omnibox
11-01 22:45:54.971   785  1576 W Icing   : isOptedInForAppHistory: empty Account Name encountered
11-01 22:45:54.989   785 23988 W Icing   : isOptedInForAppHistory: empty Account Name encountered
11-01 22:45:58.793  3521  3521 D AndroidRuntime: >>>>>> START com.android.internal.os.RuntimeInit uid 2000 <<<<<<
11-01 22:45:58.798  3521  3521 D AndroidRuntime: CheckJNI is OFF
11-01 22:45:58.890  3521  3521 D ICU     : No timezone override file found: /data/misc/zoneinfo/current/icu/icu_tzdata.dat
11-01 22:45:58.929  3521  3521 I Radio-JNI: register_android_hardware_Radio DONE
11-01 22:45:58.947  3521  3521 D AndroidRuntime: Calling main entry com.android.commands.am.Am
11-01 22:45:58.965   600  1484 I ActivityManager: Force stopping com.android.chrome appid=10035 user=0: from pid 3521
11-01 22:45:58.965   600  1484 I ActivityManager: Killing 2691:com.android.chrome:privileged_process0/u0a35 (adj 0): stop com.android.chrome
11-01 22:45:58.965   600  1484 D ActivityManager: cleanUpApplicationRecord -- 2691
11-01 22:45:58.965   600  1484 W ActivityManager: Scheduling restart of crashed service com.android.chrome/org.chromium.content.app.PrivilegedProcessService0 in 1000ms
11-01 22:45:58.965   600  1484 I ActivityManager: Killing 2629:com.android.chrome/u0a35 (adj 0): stop com.android.chrome
11-01 22:45:58.965   600  1484 D ActivityManager: cleanUpApplicationRecord -- 2629
11-01 22:45:58.968   600  1484 W ActivityManager: Force removing ActivityRecord{791aeeb u0 com.android.chrome/com.google.android.apps.chrome.Main t1416}: app died, no saved state
11-01 22:45:58.971  2664  2664 I cr_ChildProcessService: Destroying ChildProcessService pid=2664
11-01 22:45:58.974  3129  3129 I cr_ChildProcessService: Destroying ChildProcessService pid=3129
11-01 22:45:58.980  3129  3129 I art     : System.exit called, status: 0
11-01 22:45:58.980  3129  3129 I AndroidRuntime: VM exiting with result code 0, cleanup skipped.
11-01 22:45:58.981  2664  2664 I art     : System.exit called, status: 0
11-01 22:45:58.981  2664  2664 I AndroidRuntime: VM exiting with result code 0, cleanup skipped.
11-01 22:45:58.998 27901 27901 I MemoryTrimmer: Trimming objects from memory, since app is in the background.
11-01 22:45:59.005   600  1484 I ActivityManager: Killing 3129:com.android.chrome:sandboxed_process20/u0a35i964 (adj 0): isolated not needed
11-01 22:45:59.006   600  1484 I ActivityManager: Killing 2664:com.android.chrome:sandboxed_process0/u0a35i944 (adj 0): isolated not needed
11-01 22:45:59.014   243  3178 E OMXNodeInstance: !!! Observer died. Quickly, do something, ... anything...
11-01 22:45:59.029   600   713 D ConnectivityService: ConnectivityService NetworkRequestInfo binderDied(NetworkRequest [ LISTEN id=511, [ Capabilities: INTERNET&NOT_RESTRICTED&TRUSTED&FOREGROUND] ], android.os.BinderProxy@d2438d1)
11-01 22:45:59.029   600   610 D ConnectivityService: ConnectivityService NetworkRequestInfo binderDied(NetworkRequest [ LISTEN id=508, [ Capabilities: INTERNET&NOT_RESTRICTED&TRUSTED&FOREGROUND] ], android.os.BinderProxy@4620f36)
11-01 22:45:59.029   600   610 D ConnectivityService: ConnectivityService NetworkRequestInfo binderDied(NetworkRequest [ LISTEN id=509, [ Capabilities: INTERNET&NOT_RESTRICTED&TRUSTED&FOREGROUND] ], android.os.BinderProxy@8271e37)
11-01 22:45:59.030   600   610 D ConnectivityService: ConnectivityService NetworkRequestInfo binderDied(NetworkRequest [ LISTEN id=510, [ Capabilities: INTERNET&NOT_RESTRICTED&TRUSTED&FOREGROUND] ], android.os.BinderProxy@966cfa4)
11-01 22:45:59.030   600   649 E ConnectivityService: RemoteException caught trying to send a callback msg for NetworkRequest [ LISTEN id=511, [ Capabilities: INTERNET&NOT_RESTRICTED&TRUSTED&FOREGROUND] ]
11-01 22:45:59.030   600   610 D GraphicsStats: Buffer count: 2
11-01 22:45:59.030   600   649 E ConnectivityService: RemoteException caught trying to send a callback msg for NetworkRequest [ LISTEN id=508, [ Capabilities: INTERNET&NOT_RESTRICTED&TRUSTED&FOREGROUND] ]
11-01 22:45:59.030   600   649 E ConnectivityService: RemoteException caught trying to send a callback msg for NetworkRequest [ LISTEN id=509, [ Capabilities: INTERNET&NOT_RESTRICTED&TRUSTED&FOREGROUND] ]
11-01 22:45:59.031   600   649 E ConnectivityService: RemoteException caught trying to send a callback msg for NetworkRequest [ LISTEN id=510, [ Capabilities: INTERNET&NOT_RESTRICTED&TRUSTED&FOREGROUND] ]
11-01 22:45:59.046  1075  1164 I OpenGLRenderer: Initialized EGL, version 1.4
11-01 22:45:59.046  1075  1164 D OpenGLRenderer: Swap behavior 2
11-01 22:45:59.058  3521  3521 D AndroidRuntime: Shutting down VM
11-01 22:45:59.083  1058  1058 D RegisteredNfcFServicesCache: Service unchanged, not updating
11-01 22:45:59.119   243  3427 D NvOsDebugPrintf: TVMR: TVMRFrameDelivery: 3741: Closing TVMR Frame Delivery Thread -------------
11-01 22:45:59.133   243  3424 D NvOsDebugPrintf: TVMR: NvMMDecTVMRDestroyParser: 4224: NvAvpClose
11-01 22:45:59.133   243  3424 D NvOsDebugPrintf: TVMR: NvMMLiteTVMRDecBlockClose: 5163: Done 
11-01 22:45:59.135 18094 23092 I DiscoveryManager: Filter criteria(null) scannerFlags(0)
11-01 22:45:59.161 27901 27971 I AttachedClient: Adding client event 2 to pending list.
11-01 22:45:59.172 27901 27901 I OptInState: There is a new client and it does not support opt-in. Dropping request.
11-01 22:45:59.174 27901 27901 I MicroDetectionWorker: Micro detection mode: [mDetectionMode: [1]].
11-01 22:45:59.184 27901  3537 I MicroRecognitionRunner: Starting detection.
11-01 22:45:59.185 27901  5710 I MicrophoneInputStream: mic_starting com.google.android.apps.gsa.speech.audio.ae@8207050
11-01 22:45:59.188   238  3540 I AudioFlinger: AudioFlinger's thread 0xec312900 ready to run
11-01 22:45:59.191   238   286 I SoundTriggerHwService::Module: void android::SoundTriggerHwService::Module::onCallbackEvent(const sp<android::SoundTriggerHwService::CallbackEvent> &) mClient == 0
11-01 22:45:59.195 27901  5710 I MicrophoneInputStream: mic_started com.google.android.apps.gsa.speech.audio.ae@8207050
11-01 22:45:59.213   600  1066 D ActivityManager: cleanUpApplicationRecord -- 2664
11-01 22:45:59.217 18094 23092 W GuestModeDeviceProber: setFilterCriteria
11-01 22:45:59.267   600  5522 D ActivityManager: cleanUpApplicationRecord -- 3129
11-01 22:45:59.370 27901 27901 I MicroDetectionWorker: onReady
11-01 22:45:59.506  3541  3541 D AndroidRuntime: >>>>>> START com.android.internal.os.RuntimeInit uid 2000 <<<<<<
11-01 22:45:59.510  3541  3541 D AndroidRuntime: CheckJNI is OFF
11-01 22:45:59.576  1075  1164 W OpenGLRenderer: Incorrectly called buildLayer on View: ShortcutAndWidgetContainer, destroying layer...
11-01 22:45:59.581  3541  3541 D ICU     : No timezone override file found: /data/misc/zoneinfo/current/icu/icu_tzdata.dat
11-01 22:45:59.612  3541  3541 I Radio-JNI: register_android_hardware_Radio DONE
11-01 22:45:59.629  3541  3541 D AndroidRuntime: Calling main entry com.android.commands.pm.Pm
11-01 22:45:59.642   600   819 I ActivityManager: Force stopping com.android.chrome appid=10035 user=0: clear data
11-01 22:45:59.644   600   613 I ActivityManager: Force stopping com.android.chrome appid=10035 user=-1: clearApplicationUserData
11-01 22:45:59.691   785   785 I GeofencerStateMachine: removeGeofences: removeRequest=RemoveGeofencingRequest[REMOVE_ALL packageName=com.android.chrome]
11-01 22:45:59.694  3541  3541 I art     : System.exit called, status: 0
11-01 22:45:59.694  3541  3541 I AndroidRuntime: VM exiting with result code 0.
11-01 22:45:59.700  1058  1058 D RegisteredNfcFServicesCache: Service unchanged, not updating
11-01 22:45:59.735 18094 18218 I Icing   : doRemovePackageData com.android.chrome
11-01 22:45:59.735 18094 18218 I Icing   : Removing corpus key com.android.chrome-.implicit: for package com.android.chrome
11-01 22:45:59.743   600   612 W ResourceType: No known package when getting value for resource number 0x7f080316
11-01 22:45:59.743   600   612 W ResourceType: No known package when getting value for resource number 0x7f130448
11-01 22:45:59.743   600   612 W ResourceType: No known package when getting value for resource number 0x7f080315
11-01 22:45:59.743   600   612 W ResourceType: No known package when getting value for resource number 0x7f130123
11-01 22:45:59.743   600   612 W ResourceType: No known package when getting value for resource number 0x7f130447
11-01 22:45:59.743   600   612 W ResourceType: No known package when getting value for resource number 0x7f1302e4
11-01 22:45:59.743   600   612 E ShortcutService: Ignoring excessive intent tag.
11-01 22:45:59.773   785  3566 I Fitness : FitCleanupIntentOperation received Intent android.intent.action.PACKAGE_DATA_CLEARED [CONTEXT service_id=17 ]
11-01 22:45:59.784 18094 18218 I native  : flash-index.cc:1519 Flash index sort hb 60 prefix-hits 144 -> 119 at 16.351ms
11-01 22:45:59.813 18094 18218 I Icing   : Removing corpus key com.android.chrome-omnibox for package com.android.chrome
11-01 22:45:59.870 18094 18218 I Icing   : Starting compaction min disk 99.926% min index 99.984%
11-01 22:45:59.987 18094 18218 I native  : document-store.cc:1654 Scored 2964 usage reports, missing_corpora 1621 update_failed 1
11-01 22:46:00.022 18094 18218 W native  : words-map.cc:30 INVALID_ARGUMENT: Empty URI
11-01 22:46:00.022 18094 18218 W native  : words-map.cc:34 WordsMap was not properly initialized
11-01 22:46:00.101 18094 18218 E native  : compactor.cc:67 Could not index embedding for docid 1: INTERNAL: Unable to find Thing Proto section 
11-01 22:46:00.102 18094 18218 E native  : compactor.cc:67 Could not index embedding for docid 3: INTERNAL: Unable to find Thing Proto section 
11-01 22:46:00.102 18094 18218 E native  : compactor.cc:67 Could not index embedding for docid 5: INTERNAL: Unable to find Thing Proto section 
11-01 22:46:00.103 18094 18218 E native  : compactor.cc:67 Could not index embedding for docid 7: INTERNAL: Unable to find Thing Proto section 
11-01 22:46:00.107 18094 18218 E native  : compactor.cc:67 Could not index embedding for docid 8: INTERNAL: Unable to find Thing Proto section 
11-01 22:46:00.108 18094 18218 E native  : compactor.cc:67 Could not index embedding for docid 10: INTERNAL: Unable to find Thing Proto section 
11-01 22:46:00.108 18094 18218 E native  : compactor.cc:67 Could not index embedding for docid 11: INTERNAL: Unable to find Thing Proto section 
11-01 22:46:00.108 18094 18218 E native  : compactor.cc:67 Could not index embedding for docid 13: INTERNAL: Unable to find Thing Proto section 
11-01 22:46:00.109 18094 18218 E native  : compactor.cc:67 Could not index embedding for docid 14: INTERNAL: Unable to find Thing Proto section 
11-01 22:46:00.114 18094 18218 E native  : compactor.cc:67 Could not index embedding for docid 17: INTERNAL: Unable to find Thing Proto section 
11-01 22:46:00.114 18094 18218 E native  : compactor.cc:67 Could not index embedding for docid 18: INTERNAL: Unable to find Thing Proto section 
11-01 22:46:00.114 18094 18218 E native  : compactor.cc:67 Could not index embedding for docid 21: INTERNAL: Unable to find Thing Proto section 
11-01 22:46:00.115 18094 18218 E native  : compactor.cc:67 Could not index embedding for docid 22: INTERNAL: Unable to find Thing Proto section 
11-01 22:46:00.121 18094 18218 E native  : compactor.cc:67 Could not index embedding for docid 26: INTERNAL: Unable to find Thing Proto section 
11-01 22:46:00.121 18094 18218 E native  : compactor.cc:67 Could not index embedding for docid 27: INTERNAL: Unable to find Thing Proto section 
11-01 22:46:00.164 18094 18218 I native  : flash-index.cc:1519 Flash index sort hb 34 prefix-hits 54 -> 54 at 28.748ms
11-01 22:46:00.191 18094 18218 W native  : words-map.cc:30 INVALID_ARGUMENT: Empty URI
11-01 22:46:00.191 18094 18218 W native  : words-map.cc:34 WordsMap was not properly initialized
11-01 22:46:00.256 18094 18218 I Icing   : updateResources: need to parse acol{com.android.chrome}
11-01 22:46:00.324 18094 18218 I Icing   : Indexing com.android.chrome-omnibox from com.android.chrome
11-01 22:46:00.335   600  1665 I ActivityManager: Start proc 3568:com.android.chrome/u0a35 for content provider com.android.chrome/com.google.android.apps.chrome.icing.IcingProvider
11-01 22:46:00.432 18094 18218 I Icing   : Indexing done com.android.chrome-omnibox
