10-31 16:12:58.712  5965  5978 I chromium: [INFO:child_process_service.cc(69)] ChildProcessService: Exiting child process.
10-31 16:12:58.717   197   197 E lowmemorykiller: Error writing /proc/5965/oom_score_adj; errno=22
10-31 16:12:58.740   600 10249 I ActivityManager: Process com.android.chrome:sandboxed_process30 (pid 5965) has died
10-31 16:12:58.740   600 10249 D ActivityManager: cleanUpApplicationRecord -- 5965
10-31 16:12:58.741  5179  5179 W chromium: [WARNING:compositor_view.cc(315)] Child process died (type=6) pid=5965)
10-31 16:12:59.684   600  9614 I ActivityManager: Start proc 5982:com.android.chrome:sandboxed_process31/u0i714 for service com.android.chrome/org.chromium.content.app.SandboxedProcessService31
10-31 16:12:59.747  5982  5982 W boxed_process31: type=1400 audit(0.0:14906): avc: denied { getattr } for path="/data/data/com.android.chrome" dev="dm-2" ino=12190 scontext=u:r:isolated_app:s0:c512,c768 tcontext=u:object_r:app_data_file:s0:c512,c768 tclass=dir permissive=0
10-31 16:12:59.785  5982  5982 I cr_ChildProcessService: Creating new ChildProcessService pid=5982
10-31 16:12:59.847  5982  5995 I cr_LibraryLoader: Loaded native library version number "85.0.4183.127"
10-31 16:12:59.849  5982  5995 I cr_CachingUmaRecorder: Flushed 1 samples from 1 histograms.
10-31 16:12:59.861  5995  5995 W CrUtilityMain: type=1400 audit(0.0:14907): avc: denied { setattr } for name="ssl_error_assistant.pb" dev="dm-2" ino=49741 scontext=u:r:isolated_app:s0:c512,c768 tcontext=u:object_r:app_data_file:s0:c512,c768 tclass=file permissive=0
10-31 16:12:59.864  5995  5995 W CrUtilityMain: type=1400 audit(0.0:14908): avc: denied { setattr } for name="manifest.json" dev="dm-2" ino=59812 scontext=u:r:isolated_app:s0:c512,c768 tcontext=u:object_r:app_data_file:s0:c512,c768 tclass=file permissive=0
10-31 16:12:59.864  5995  5995 W CrUtilityMain: type=1400 audit(0.0:14909): avc: denied { setattr } for name="verified_contents.json" dev="dm-2" ino=24862 scontext=u:r:isolated_app:s0:c512,c768 tcontext=u:object_r:app_data_file:s0:c512,c768 tclass=file permissive=0
10-31 16:12:59.872  5982  5995 I chromium: [INFO:child_process_service.cc(69)] ChildProcessService: Exiting child process.
10-31 16:12:59.874   197   197 E lowmemorykiller: Error writing /proc/5982/oom_score_adj; errno=22
10-31 16:12:59.900   600 25704 I ActivityManager: Process com.android.chrome:sandboxed_process31 (pid 5982) has died
10-31 16:12:59.900   600 25704 D ActivityManager: cleanUpApplicationRecord -- 5982
10-31 16:12:59.901  5179  5179 W chromium: [WARNING:compositor_view.cc(315)] Child process died (type=6) pid=5982)
10-31 16:13:00.509  5748  5748 D MonkeyStub: translateCommand: touch down 614 1561
10-31 16:13:00.526  5748  5748 D MonkeyStub: translateCommand: touch move 614 1561
10-31 16:13:00.636  5748  5748 D MonkeyStub: translateCommand: touch move 614 1436
10-31 16:13:00.745  5748  5748 D MonkeyStub: translateCommand: touch move 614 1311
10-31 16:13:00.861  5748  5748 D MonkeyStub: translateCommand: touch move 614 1186
10-31 16:13:00.968  5748  5748 D MonkeyStub: translateCommand: touch move 614 1061
10-31 16:13:01.077  5748  5748 D MonkeyStub: translateCommand: touch move 614 937
10-31 16:13:01.183  5748  5748 D MonkeyStub: translateCommand: touch move 614 812
10-31 16:13:01.295  5748  5748 D MonkeyStub: translateCommand: touch move 614 687
10-31 16:13:01.406  5748  5748 D MonkeyStub: translateCommand: touch move 614 562
10-31 16:13:01.519  5748  5748 D MonkeyStub: translateCommand: touch move 614 437
10-31 16:13:01.645  5748  5748 D MonkeyStub: translateCommand: touch move 614 312
10-31 16:13:01.654  5748  5748 D MonkeyStub: translateCommand: touch up 614 312
10-31 16:13:05.830  5748  5748 D MonkeyStub: translateCommand: touch down 614 1561
10-31 16:13:05.841  5748  5748 D MonkeyStub: translateCommand: touch move 614 1561
10-31 16:13:05.951  5748  5748 D MonkeyStub: translateCommand: touch move 614 1436
10-31 16:13:06.063  5748  5748 D MonkeyStub: translateCommand: touch move 614 1311
10-31 16:13:06.172  5748  5748 D MonkeyStub: translateCommand: touch move 614 1186
10-31 16:13:06.286  5748  5748 D MonkeyStub: translateCommand: touch move 614 1061
10-31 16:13:06.394  5748  5748 D MonkeyStub: translateCommand: touch move 614 937
10-31 16:13:06.503  5748  5748 D MonkeyStub: translateCommand: touch move 614 812
10-31 16:13:06.612  5748  5748 D MonkeyStub: translateCommand: touch move 614 687
10-31 16:13:06.720  5748  5748 D MonkeyStub: translateCommand: touch move 614 562
10-31 16:13:06.829  5748  5748 D MonkeyStub: translateCommand: touch move 614 437
10-31 16:13:06.936  5748  5748 D MonkeyStub: translateCommand: touch move 614 312
10-31 16:13:06.940  5748  5748 D MonkeyStub: translateCommand: touch up 614 312
10-31 16:13:06.948  5748  5748 D MonkeyStub: Quit requested
10-31 16:13:06.974   600   614 I CwMcuSensor: CwMcuSensor::flush: fd = 238, sensors_id = 0, path = /sys/class/htc_sensorhub/sensor_hub/flush, err = 0
10-31 16:13:06.975  5748  5748 I art     : System.exit called, status: 121
10-31 16:13:06.975  5748  5748 I AndroidRuntime: VM exiting with result code 121.
10-31 16:13:06.996   600  3507 W WindowManager: Attempted to remove non-existing token: android.os.Binder@c7ef5bf
10-31 16:13:18.022 30636 31261 I Icing   : IndexChimeraService.getServiceInterface callingPackage=com.android.chrome componentName=null serviceId=36
10-31 16:13:18.069 30636 30762 W Icing   : No valid account for uploading user actions
10-31 16:13:18.108 30636 31261 I Icing   : IndexChimeraService.getServiceInterface callingPackage=com.google.android.gms componentName=null serviceId=30
10-31 16:13:18.167   787   802 W SQLiteConnectionPool: A SQLiteConnection object for database '/data/user/0/com.google.android.gms/databases/metadata.db' was leaked!  Please fix your application to end transactions in progress properly and to close the database when it is no longer needed.
10-31 16:13:18.177 30636 30762 I Icing   : Usage reports ok 1, Failed Usage reports 0, indexed 1, rejected 0
10-31 16:13:18.180 30636 30762 W Icing   : No valid account for uploading user actions
10-31 16:13:18.188 30636 30762 I Icing   : Usage reports ok 0, Failed Usage reports 0, indexed 0, rejected 0
10-31 16:13:18.191 30636 30762 I Icing   : Indexing com.android.chrome-omnibox from com.android.chrome
10-31 16:13:18.231 30636 30762 I Icing   : Indexing done com.android.chrome-omnibox
10-31 16:13:18.421   787  1169 W GmsStrictMode: LEAKED_CLOSABLE [CONTEXT service_id=256 ]
10-31 16:13:18.421   787  1169 W GmsStrictMode: rvo: LEAKED_CLOSABLE
10-31 16:13:18.421   787  1169 W GmsStrictMode: 	at dalvik.system.VMStack.getThreadStackTrace(Native Method)
10-31 16:13:18.421   787  1169 W GmsStrictMode: 	at java.lang.Thread.getStackTrace(Thread.java:1566)
10-31 16:13:18.421   787  1169 W GmsStrictMode: 	at bhdb.containsKey(:com.google.android.gms@203915020@20.39.15 (040406-335085812):1)
10-31 16:13:18.421   787  1169 W GmsStrictMode: 	at android.os.StrictMode.onVmPolicyViolation(StrictMode.java:1867)
10-31 16:13:18.421   787  1169 W GmsStrictMode: 	at android.os.StrictMode.onVmPolicyViolation(StrictMode.java:1844)
10-31 16:13:18.421   787  1169 W GmsStrictMode: 	at android.os.StrictMode$AndroidCloseGuardReporter.report(StrictMode.java:1590)
10-31 16:13:18.421   787  1169 W GmsStrictMode: 	at dalvik.system.CloseGuard.warnIfOpen(CloseGuard.java:208)
10-31 16:13:18.421   787  1169 W GmsStrictMode: 	at android.database.sqlite.SQLiteConnection.dispose(SQLiteConnection.java:231)
10-31 16:13:18.421   787  1169 W GmsStrictMode: 	at android.database.sqlite.SQLiteConnection.finalize(SQLiteConnection.java:180)
10-31 16:13:18.421   787  1169 W GmsStrictMode: 	at java.lang.Daemons$FinalizerDaemon.doFinalize(Daemons.java:222)
10-31 16:13:18.421   787  1169 W GmsStrictMode: 	at java.lang.Daemons$FinalizerDaemon.run(Daemons.java:209)
10-31 16:13:18.421   787  1169 W GmsStrictMode: 	at java.lang.Thread.run(Thread.java:761)
10-31 16:13:19.244   787 28588 W Icing   : isOptedInForAppHistory: empty Account Name encountered
10-31 16:13:19.265   787  4200 W Icing   : isOptedInForAppHistory: empty Account Name encountered
10-31 16:13:19.360   600   647 I WifiHAL : Got channel list with 13 channels
10-31 16:13:19.363   600   647 I WifiHAL : Got channel list with 4 channels
10-31 16:13:19.365   600   647 I WifiHAL : Got channel list with 15 channels
10-31 16:13:23.134  6015  6015 D AndroidRuntime: >>>>>> START com.android.internal.os.RuntimeInit uid 2000 <<<<<<
10-31 16:13:23.141  6015  6015 D AndroidRuntime: CheckJNI is OFF
10-31 16:13:23.249  6015  6015 D ICU     : No timezone override file found: /data/misc/zoneinfo/current/icu/icu_tzdata.dat
10-31 16:13:23.296  6015  6015 I Radio-JNI: register_android_hardware_Radio DONE
10-31 16:13:23.314  6015  6015 D AndroidRuntime: Calling main entry com.android.commands.am.Am
10-31 16:13:23.337   600  3994 I ActivityManager: Force stopping com.android.chrome appid=10035 user=0: from pid 6015
10-31 16:13:23.337   600  3994 I ActivityManager: Killing 5241:com.android.chrome:privileged_process0/u0a35 (adj 0): stop com.android.chrome
10-31 16:13:23.337   600  3994 D ActivityManager: cleanUpApplicationRecord -- 5241
10-31 16:13:23.338   600  3994 W ActivityManager: Scheduling restart of crashed service com.android.chrome/org.chromium.content.app.PrivilegedProcessService0 in 1000ms
10-31 16:13:23.338   600  3994 I ActivityManager: Killing 5179:com.android.chrome/u0a35 (adj 0): stop com.android.chrome
10-31 16:13:23.338   600  3994 D ActivityManager: cleanUpApplicationRecord -- 5179
10-31 16:13:23.344   600  3994 I ActivityManager: Killing 5687:com.android.chrome:sandboxed_process21/u0a35i704 (adj 0): isolated not needed
10-31 16:13:23.347   600  3994 W ActivityManager: Force removing ActivityRecord{3fae945 u0 com.android.chrome/com.google.android.apps.chrome.Main t2408}: app died, no saved state
10-31 16:13:23.349  5215  5215 I cr_ChildProcessService: Destroying ChildProcessService pid=5215
10-31 16:13:23.351 18311 18311 I MemoryTrimmer: Trimming objects from memory, since app is in the background.
10-31 16:13:23.362   600  3994 I ActivityManager: Killing 5215:com.android.chrome:sandboxed_process0/u0a35i683 (adj 0): isolated not needed
10-31 16:13:23.388   243  2208 E OMXNodeInstance: !!! Observer died. Quickly, do something, ... anything...
10-31 16:13:23.390  6015  6015 D AndroidRuntime: Shutting down VM
10-31 16:13:23.410 18269 18304 I OpenGLRenderer: Initialized EGL, version 1.4
10-31 16:13:23.410 18269 18304 D OpenGLRenderer: Swap behavior 2
10-31 16:13:23.441  1061  1061 D RegisteredNfcFServicesCache: Service unchanged, not updating
10-31 16:13:23.454 18311 18311 I MemoryTrimmer: Trimming objects from memory, since app is in the background.
10-31 16:13:23.464   600 13631 D ActivityManager: cleanUpApplicationRecord -- 5687
10-31 16:13:23.496   243  5873 D NvOsDebugPrintf: TVMR: TVMRFrameDelivery: 3741: Closing TVMR Frame Delivery Thread -------------
10-31 16:13:23.502   243  5863 D NvOsDebugPrintf: TVMR: NvMMDecTVMRDestroyParser: 4224: NvAvpClose
10-31 16:13:23.502   243  5863 D NvOsDebugPrintf: TVMR: NvMMLiteTVMRDecBlockClose: 5163: Done 
10-31 16:13:23.595   600 29683 D ConnectivityService: ConnectivityService NetworkRequestInfo binderDied(NetworkRequest [ LISTEN id=2031, [ Capabilities: INTERNET&NOT_RESTRICTED&TRUSTED&FOREGROUND] ], android.os.BinderProxy@44b1741)
10-31 16:13:23.595   600 29683 D ConnectivityService: ConnectivityService NetworkRequestInfo binderDied(NetworkRequest [ LISTEN id=2029, [ Capabilities: INTERNET&NOT_RESTRICTED&TRUSTED&FOREGROUND] ], android.os.BinderProxy@254e4e6)
10-31 16:13:23.595   600 29683 D ConnectivityService: ConnectivityService NetworkRequestInfo binderDied(NetworkRequest [ LISTEN id=2028, [ Capabilities: INTERNET&NOT_RESTRICTED&TRUSTED&FOREGROUND] ], android.os.BinderProxy@bc7ba27)
10-31 16:13:23.596   600 29683 D ConnectivityService: ConnectivityService NetworkRequestInfo binderDied(NetworkRequest [ LISTEN id=2030, [ Capabilities: INTERNET&NOT_RESTRICTED&TRUSTED&FOREGROUND] ], android.os.BinderProxy@fec54d4)
10-31 16:13:23.597   600   649 E ConnectivityService: RemoteException caught trying to send a callback msg for NetworkRequest [ LISTEN id=2031, [ Capabilities: INTERNET&NOT_RESTRICTED&TRUSTED&FOREGROUND] ]
10-31 16:13:23.597   600   649 E ConnectivityService: RemoteException caught trying to send a callback msg for NetworkRequest [ LISTEN id=2029, [ Capabilities: INTERNET&NOT_RESTRICTED&TRUSTED&FOREGROUND] ]
10-31 16:13:23.597   600  9614 D GraphicsStats: Buffer count: 2
10-31 16:13:23.598   600   649 E ConnectivityService: RemoteException caught trying to send a callback msg for NetworkRequest [ LISTEN id=2028, [ Capabilities: INTERNET&NOT_RESTRICTED&TRUSTED&FOREGROUND] ]
10-31 16:13:23.598   600   649 E ConnectivityService: RemoteException caught trying to send a callback msg for NetworkRequest [ LISTEN id=2030, [ Capabilities: INTERNET&NOT_RESTRICTED&TRUSTED&FOREGROUND] ]
10-31 16:13:23.599   600 24515 D ActivityManager: cleanUpApplicationRecord -- 5215
10-31 16:13:23.601 30636 32564 I DiscoveryManager: Filter criteria(null) scannerFlags(0)
10-31 16:13:23.604 30636 32564 W GuestModeDeviceProber: setFilterCriteria
10-31 16:13:23.887  6029  6029 D AndroidRuntime: >>>>>> START com.android.internal.os.RuntimeInit uid 2000 <<<<<<
10-31 16:13:23.891  6029  6029 D AndroidRuntime: CheckJNI is OFF
10-31 16:13:23.954  6029  6029 D ICU     : No timezone override file found: /data/misc/zoneinfo/current/icu/icu_tzdata.dat
10-31 16:13:23.982  6029  6029 I Radio-JNI: register_android_hardware_Radio DONE
10-31 16:13:23.997  6029  6029 D AndroidRuntime: Calling main entry com.android.commands.pm.Pm
10-31 16:13:24.012   600 24611 I ActivityManager: Force stopping com.android.chrome appid=10035 user=0: clear data
10-31 16:13:24.015   600   613 I ActivityManager: Force stopping com.android.chrome appid=10035 user=-1: clearApplicationUserData
10-31 16:13:24.111   787   787 I GeofencerStateMachine: removeGeofences: removeRequest=RemoveGeofencingRequest[REMOVE_ALL packageName=com.android.chrome]
10-31 16:13:24.119  6029  6029 I art     : System.exit called, status: 0
10-31 16:13:24.120  6029  6029 I AndroidRuntime: VM exiting with result code 0.
10-31 16:13:24.134  1061  1061 D RegisteredNfcFServicesCache: Service unchanged, not updating
10-31 16:13:24.154   787  6046 I Fitness : FitCleanupIntentOperation received Intent android.intent.action.PACKAGE_DATA_CLEARED [CONTEXT service_id=17 ]
10-31 16:13:24.170 30636  5860 I Icing   : doRemovePackageData com.android.chrome
10-31 16:13:24.170 30636  5860 I Icing   : Removing corpus key com.android.chrome-.implicit: for package com.android.chrome
10-31 16:13:24.176 18311 18311 I MemoryTrimmer: Trimming objects from memory, since app is in the background.
10-31 16:13:24.189   600   612 W ResourceType: No known package when getting value for resource number 0x7f080316
10-31 16:13:24.189   600   612 W ResourceType: No known package when getting value for resource number 0x7f130448
10-31 16:13:24.189   600   612 W ResourceType: No known package when getting value for resource number 0x7f080315
10-31 16:13:24.189   600   612 W ResourceType: No known package when getting value for resource number 0x7f130123
10-31 16:13:24.189   600   612 W ResourceType: No known package when getting value for resource number 0x7f130447
10-31 16:13:24.189   600   612 W ResourceType: No known package when getting value for resource number 0x7f1302e4
10-31 16:13:24.189   600   612 E ShortcutService: Ignoring excessive intent tag.
10-31 16:13:24.284 30636  5860 I native  : flash-index.cc:1519 Flash index sort hb 60 prefix-hits 135 -> 110 at 74.022ms
10-31 16:13:24.318 30636  5860 I Icing   : Removing corpus key com.android.chrome-omnibox for package com.android.chrome
10-31 16:13:24.378 30636  5860 I Icing   : Starting compaction min disk 99.926% min index 99.988%
10-31 16:13:24.515 30636  5860 I native  : document-store.cc:1654 Scored 2448 usage reports, missing_corpora 1326 update_failed 1
10-31 16:13:24.544 30636  5860 W native  : words-map.cc:30 INVALID_ARGUMENT: Empty URI
10-31 16:13:24.544 30636  5860 W native  : words-map.cc:34 WordsMap was not properly initialized
10-31 16:13:24.617 30636  5860 E native  : compactor.cc:67 Could not index embedding for docid 1: INTERNAL: Unable to find Thing Proto section 
10-31 16:13:24.618 30636  5860 E native  : compactor.cc:67 Could not index embedding for docid 3: INTERNAL: Unable to find Thing Proto section 
10-31 16:13:24.618 30636  5860 E native  : compactor.cc:67 Could not index embedding for docid 5: INTERNAL: Unable to find Thing Proto section 
10-31 16:13:24.619 30636  5860 E native  : compactor.cc:67 Could not index embedding for docid 7: INTERNAL: Unable to find Thing Proto section 
10-31 16:13:24.623 30636  5860 E native  : compactor.cc:67 Could not index embedding for docid 8: INTERNAL: Unable to find Thing Proto section 
10-31 16:13:24.624 30636  5860 E native  : compactor.cc:67 Could not index embedding for docid 10: INTERNAL: Unable to find Thing Proto section 
10-31 16:13:24.624 30636  5860 E native  : compactor.cc:67 Could not index embedding for docid 11: INTERNAL: Unable to find Thing Proto section 
10-31 16:13:24.624 30636  5860 E native  : compactor.cc:67 Could not index embedding for docid 13: INTERNAL: Unable to find Thing Proto section 
10-31 16:13:24.624 30636  5860 E native  : compactor.cc:67 Could not index embedding for docid 14: INTERNAL: Unable to find Thing Proto section 
10-31 16:13:24.629 30636  5860 E native  : compactor.cc:67 Could not index embedding for docid 17: INTERNAL: Unable to find Thing Proto section 
10-31 16:13:24.629 30636  5860 E native  : compactor.cc:67 Could not index embedding for docid 18: INTERNAL: Unable to find Thing Proto section 
10-31 16:13:24.630 30636  5860 E native  : compactor.cc:67 Could not index embedding for docid 21: INTERNAL: Unable to find Thing Proto section 
10-31 16:13:24.630 30636  5860 E native  : compactor.cc:67 Could not index embedding for docid 22: INTERNAL: Unable to find Thing Proto section 
10-31 16:13:24.635 30636  5860 E native  : compactor.cc:67 Could not index embedding for docid 26: INTERNAL: Unable to find Thing Proto section 
10-31 16:13:24.635 30636  5860 E native  : compactor.cc:67 Could not index embedding for docid 27: INTERNAL: Unable to find Thing Proto section 
10-31 16:13:24.681 30636  5860 I native  : flash-index.cc:1519 Flash index sort hb 34 prefix-hits 54 -> 54 at 29.974ms
10-31 16:13:24.717 30636  5860 W native  : words-map.cc:30 INVALID_ARGUMENT: Empty URI
10-31 16:13:24.717 30636  5860 W native  : words-map.cc:34 WordsMap was not properly initialized
10-31 16:13:24.793 30636  5860 I Icing   : updateResources: need to parse acol{com.android.chrome}
10-31 16:13:24.875 30636  5860 I Icing   : Indexing com.android.chrome-omnibox from com.android.chrome
10-31 16:13:24.886   600  3509 I ActivityManager: Start proc 6058:com.android.chrome/u0a35 for content provider com.android.chrome/com.google.android.apps.chrome.icing.IcingProvider
10-31 16:13:24.983 30636  5860 I Icing   : Indexing done com.android.chrome-omnibox
10-31 16:13:25.821 18311 18322 I AttachedClient: Adding client event 2 to pending list.
10-31 16:13:25.837 18311 18311 I OptInState: There is a new client and it does not support opt-in. Dropping request.
10-31 16:13:25.843 18311 18311 I MicroDetectionWorker: Micro detection mode: [mDetectionMode: [1]].
10-31 16:13:25.850 18311  6079 I MicroRecognitionRunner: Starting detection.
10-31 16:13:25.863 18311 18357 I MicrophoneInputStream: mic_starting com.google.android.apps.gsa.speech.audio.ae@e1ac629
10-31 16:13:25.869   238   285 I SoundTriggerHwService::Module: void android::SoundTriggerHwService::Module::onCallbackEvent(const sp<android::SoundTriggerHwService::CallbackEvent> &) mClient == 0
10-31 16:13:25.869   238  6081 I AudioFlinger: AudioFlinger's thread 0xef692ac0 ready to run
10-31 16:13:25.873 18311 18357 I MicrophoneInputStream: mic_started com.google.android.apps.gsa.speech.audio.ae@e1ac629
10-31 16:13:26.066 18311 18311 I MicroDetectionWorker: onReady
