--------- beginning of main
11-01 15:07:27.226 31886 31886 D AndroidRuntime: >>>>>> START com.android.internal.os.RuntimeInit uid 2000 <<<<<<
11-01 15:07:27.229 31886 31886 D AndroidRuntime: CheckJNI is OFF
11-01 15:07:27.292 31886 31886 D ICU     : No timezone override file found: /data/misc/zoneinfo/current/icu/icu_tzdata.dat
11-01 15:07:27.321 31886 31886 I Radio-JNI: register_android_hardware_Radio DONE
11-01 15:07:27.336 31886 31886 D AndroidRuntime: Calling main entry com.android.commands.am.Am
--------- beginning of system
11-01 15:07:27.353   600  8040 I ActivityManager: Force stopping com.android.chrome appid=10035 user=0: from pid 31886
11-01 15:07:27.353   600  8040 I ActivityManager: Killing 31852:com.android.chrome/u0a35 (adj 700): stop com.android.chrome
11-01 15:07:27.353   600  8040 D ActivityManager: cleanUpApplicationRecord -- 31852
11-01 15:07:27.364  1058  1058 D RegisteredNfcFServicesCache: Service unchanged, not updating
11-01 15:07:27.610   600 30165 I ActivityManager: START u0 {act=android.intent.action.VIEW flg=0x10008000 cmp=com.android.chrome/com.google.android.apps.chrome.Main} from uid 2000 on display 0
11-01 15:07:27.643 31886 31886 D AndroidRuntime: Shutting down VM
11-01 15:07:27.673   600 28743 I ActivityManager: Start proc 31896:com.android.chrome/u0a35 for activity com.android.chrome/com.google.android.apps.chrome.Main
11-01 15:07:27.823   600  8928 I ActivityManager: START u0 {cmp=com.android.chrome/org.chromium.chrome.browser.firstrun.TabbedModeFirstRunActivity (has extras)} from uid 10035 on display 0
11-01 15:07:27.852 31896 31913 W DynamiteModule: Local module descriptor class for com.google.android.gms.googlecertificates not found.
11-01 15:07:28.014 31896 31915 I OpenGLRenderer: Initialized EGL, version 1.4
11-01 15:07:28.014 31896 31915 D OpenGLRenderer: Swap behavior 2
11-01 15:07:28.015 31896 31913 I DynamiteModule: Considering local module com.google.android.gms.googlecertificates:0 and remote module com.google.android.gms.googlecertificates:6
11-01 15:07:28.015 31896 31913 I DynamiteModule: Selected remote version of com.google.android.gms.googlecertificates, version >= 6
11-01 15:07:28.036 31896 31914 I cr_LibraryLoader: Loaded native library version number "85.0.4183.127"
11-01 15:07:28.039 31896 31914 I cr_CachingUmaRecorder: Flushed 10 samples from 10 histograms.
11-01 15:07:28.051 31896 31913 W System  : ClassLoader referenced unknown path: 
11-01 15:07:28.052 31896 31913 D ApplicationLoaders: ignored Vulkan layer search path /data/app/com.google.android.gms-1/lib/arm:/data/app/com.google.android.gms-1/base.apk!/lib/armeabi-v7a:/data/app/com.google.android.gms-1/split_config.en.apk!/lib/armeabi-v7a for namespace 0xf7275090
11-01 15:07:28.056 31896 31913 W ResourceType: ResTable_typeSpec entry count inconsistent: given 67, previously 69
11-01 15:07:28.056 31896 31913 W ResourceType: ResTable_typeSpec entry count inconsistent: given 5346, previously 5347
11-01 15:07:28.089 31896 31913 I DynamiteLoaderV2Impl: [70] Googlecertificates
11-01 15:07:28.107 31896 31913 W System  : ClassLoader referenced unknown path: /data/user_de/0/com.google.android.gms/app_chimera/m/00000061/n/armeabi-v7a
11-01 15:07:28.107 31896 31913 W System  : ClassLoader referenced unknown path: /data/user_de/0/com.google.android.gms/app_chimera/m/00000061/n/armeabi
11-01 15:07:28.178 31896 31910 D NetworkSecurityConfig: Using Network Security Config from resource 0_resource_name_obfuscated debugBuild: false
11-01 15:07:28.189   600   620 I ActivityManager: Displayed com.android.chrome/org.chromium.chrome.browser.firstrun.TabbedModeFirstRunActivity: +323ms (total +550ms)
11-01 15:07:28.198   785  1681 I FontLog : Received query Google Sans, URI content://com.google.android.gms.fonts [CONTEXT service_id=132 ]
11-01 15:07:28.198   785  1681 I FontLog : Query [Google Sans] resolved to {Google Sans, wdth 100.0, wght 400, ital 0.0, bestEffort false} [CONTEXT service_id=132 ]
11-01 15:07:28.200   785  1681 I FontLog : Font PFD returned from cache for {Google Sans, wdth 100.0, wght 400, ital 0.0, bestEffort false} [CONTEXT service_id=132 ]
11-01 15:07:28.200   785  1681 I FontLog : Fetch {Google Sans, wdth 100.0, wght 400, ital 0.0, bestEffort false} end status Status{statusCode=SUCCESS, resolution=null} [CONTEXT service_id=132 ]
11-01 15:07:28.211   600   620 W WindowManager: Failed looking up window
11-01 15:07:28.211   600   620 W WindowManager: java.lang.IllegalArgumentException: Requested window android.view.ViewRootImpl$W@5749c4e does not exist
11-01 15:07:28.211   600   620 W WindowManager: 	at com.android.server.wm.WindowManagerService.windowForClientLocked(WindowManagerService.java:9422)
11-01 15:07:28.211   600   620 W WindowManager: 	at com.android.server.wm.WindowManagerService.windowForClientLocked(WindowManagerService.java:9413)
11-01 15:07:28.211   600   620 W WindowManager: 	at com.android.server.wm.WindowManagerService.removeWindow(WindowManagerService.java:2393)
11-01 15:07:28.211   600   620 W WindowManager: 	at com.android.server.wm.Session.remove(Session.java:202)
11-01 15:07:28.211   600   620 W WindowManager: 	at android.view.ViewRootImpl.dispatchDetachedFromWindow(ViewRootImpl.java:3290)
11-01 15:07:28.211   600   620 W WindowManager: 	at android.view.ViewRootImpl.doDie(ViewRootImpl.java:5917)
11-01 15:07:28.211   600   620 W WindowManager: 	at android.view.ViewRootImpl$ViewRootHandler.handleMessage(ViewRootImpl.java:3626)
11-01 15:07:28.211   600   620 W WindowManager: 	at android.os.Handler.dispatchMessage(Handler.java:102)
11-01 15:07:28.211   600   620 W WindowManager: 	at android.os.Looper.loop(Looper.java:154)
11-01 15:07:28.211   600   620 W WindowManager: 	at android.os.HandlerThread.run(HandlerThread.java:61)
11-01 15:07:28.211   600   620 W WindowManager: 	at com.android.server.ServiceThread.run(ServiceThread.java:46)
11-01 15:07:28.257   785  1234 E apju    : Phenotype API error. Event # cdub@d93548fb, EventCode: 7 [CONTEXT service_id=51 ]
11-01 15:07:28.257   785  1234 E apju    : apiz: 29505: No config packages for log source, or config package not registered
11-01 15:07:28.257   785  1234 E apju    : 	at apkj.b(:com.google.android.gms@203915020@20.39.15 (040406-335085812):7)
11-01 15:07:28.257   785  1234 E apju    : 	at apkg.b(:com.google.android.gms@203915020@20.39.15 (040406-335085812):2)
11-01 15:07:28.257   785  1234 E apju    : 	at apju.a(:com.google.android.gms@203915020@20.39.15 (040406-335085812):85)
11-01 15:07:28.257   785  1234 E apju    : 	at apju.a(:com.google.android.gms@203915020@20.39.15 (040406-335085812):80)
11-01 15:07:28.257   785  1234 E apju    : 	at aain.run(:com.google.android.gms@203915020@20.39.15 (040406-335085812):7)
11-01 15:07:28.257   785  1234 E apju    : 	at boex.run(:com.google.android.gms@203915020@20.39.15 (040406-335085812):2)
11-01 15:07:28.257   785  1234 E apju    : 	at sup.b(:com.google.android.gms@203915020@20.39.15 (040406-335085812):12)
11-01 15:07:28.257   785  1234 E apju    : 	at sup.run(:com.google.android.gms@203915020@20.39.15 (040406-335085812):7)
11-01 15:07:28.257   785  1234 E apju    : 	at java.util.concurrent.ThreadPoolExecutor.runWorker(ThreadPoolExecutor.java:1133)
11-01 15:07:28.257   785  1234 E apju    : 	at java.util.concurrent.ThreadPoolExecutor$Worker.run(ThreadPoolExecutor.java:607)
11-01 15:07:28.257   785  1234 E apju    : 	at tam.run(:com.google.android.gms@203915020@20.39.15 (040406-335085812):0)
11-01 15:07:28.257   785  1234 E apju    : 	at java.lang.Thread.run(Thread.java:761)
11-01 15:07:28.259   785  1234 E AsyncOperation: serviceID=51, operation=GetExperimentTokensOperationCall [CONTEXT service_id=259 ]
11-01 15:07:28.259   785  1234 E AsyncOperation: OperationException[Status{statusCode=No config packages for log source, or config package not registered, resolution=null}]
11-01 15:07:28.259   785  1234 E AsyncOperation: 	at apju.a(:com.google.android.gms@203915020@20.39.15 (040406-335085812):87)
11-01 15:07:28.259   785  1234 E AsyncOperation: 	at apju.a(:com.google.android.gms@203915020@20.39.15 (040406-335085812):80)
11-01 15:07:28.259   785  1234 E AsyncOperation: 	at aain.run(:com.google.android.gms@203915020@20.39.15 (040406-335085812):7)
11-01 15:07:28.259   785  1234 E AsyncOperation: 	at boex.run(:com.google.android.gms@203915020@20.39.15 (040406-335085812):2)
11-01 15:07:28.259   785  1234 E AsyncOperation: 	at sup.b(:com.google.android.gms@203915020@20.39.15 (040406-335085812):12)
11-01 15:07:28.259   785  1234 E AsyncOperation: 	at sup.run(:com.google.android.gms@203915020@20.39.15 (040406-335085812):7)
11-01 15:07:28.259   785  1234 E AsyncOperation: 	at java.util.concurrent.ThreadPoolExecutor.runWorker(ThreadPoolExecutor.java:1133)
11-01 15:07:28.259   785  1234 E AsyncOperation: 	at java.util.concurrent.ThreadPoolExecutor$Worker.run(ThreadPoolExecutor.java:607)
11-01 15:07:28.259   785  1234 E AsyncOperation: 	at tam.run(:com.google.android.gms@203915020@20.39.15 (040406-335085812):0)
11-01 15:07:28.259   785  1234 E AsyncOperation: 	at java.lang.Thread.run(Thread.java:761)
11-01 15:07:28.264   785  1684 I FontLog : Pulling font file for id = 256, cache size = 5 [CONTEXT service_id=132 ]
11-01 15:07:28.277   785  1744 I FontLog : Received query Google Sans:500, URI content://com.google.android.gms.fonts [CONTEXT service_id=132 ]
11-01 15:07:28.279   785  1744 I FontLog : Query [Google Sans:500] resolved to {Google Sans, wdth 100.0, wght 500, ital 0.0, bestEffort false} [CONTEXT service_id=132 ]
11-01 15:07:28.283   785  1744 I FontLog : Font PFD returned from cache for {Google Sans, wdth 100.0, wght 500, ital 0.0, bestEffort false} [CONTEXT service_id=132 ]
11-01 15:07:28.283   785  1744 I FontLog : Fetch {Google Sans, wdth 100.0, wght 500, ital 0.0, bestEffort false} end status Status{statusCode=SUCCESS, resolution=null} [CONTEXT service_id=132 ]
11-01 15:07:28.286   785  1681 I FontLog : Pulling font file for id = 257, cache size = 5 [CONTEXT service_id=132 ]
11-01 15:07:28.401 23814 23814 I MemoryTrimmer: Trimming objects from memory, since app is in the background.
11-01 15:07:28.416 31896 31910 I cr_VariationsSeedFetch: Fetched first run seed in 240 ms
11-01 15:07:28.422  1075  1075 I MemoryTrimmer: Trimming objects from memory, since app is in the background.
11-01 15:07:28.448   600  8931 I ActivityManager: Start proc 31930:com.android.chrome:sandboxed_process0/u0i889 for service com.android.chrome/org.chromium.content.app.SandboxedProcessService0
11-01 15:07:28.526 31930 31930 W dboxed_process0: type=1400 audit(0.0:1459): avc: denied { getattr } for path="/data/data/com.android.chrome" dev="dm-2" ino=12190 scontext=u:r:isolated_app:s0:c512,c768 tcontext=u:object_r:app_data_file:s0:c512,c768 tclass=dir permissive=0
11-01 15:07:28.551 31930 31930 I cr_ChildProcessService: Creating new ChildProcessService pid=31930
11-01 15:07:28.596 23814 31764 I DeviceStateChecker: DeviceStateChecker cancelled
11-01 15:07:28.596 23814 23814 I MicroDetector: Keeping mic open: false
11-01 15:07:28.597 23814 16799 I AudioController: internalShutdown
11-01 15:07:28.597 23814 16799 I MicrophoneInputStream: mic_close com.google.android.apps.gsa.speech.audio.ae@e010f8
11-01 15:07:28.597 23814 23870 I MicroRecognitionRunner: Stopping hotword detection.
11-01 15:07:28.602   238   286 I SoundTriggerHwService::Module: void android::SoundTriggerHwService::Module::onCallbackEvent(const sp<android::SoundTriggerHwService::CallbackEvent> &) mClient == 0
11-01 15:07:28.611 23814 31765 I MicroRecognitionRunner: Detection finished
11-01 15:07:28.638 23814 23814 I MemoryTrimmer: Trimming objects from memory, since app is in the background.
11-01 15:07:28.672   600  8930 I ActivityManager: Start proc 31958:com.android.chrome:privileged_process0/u0a35 for service com.android.chrome/org.chromium.content.app.PrivilegedProcessService0
11-01 15:07:28.737 31896 31917 W ConnectionStatusConfig: Dynamic lookup for intent failed for action: com.google.android.gms.auth.key.retrieval.service.START
11-01 15:07:28.791 31896 31917 W ConnectionStatusConfig: Dynamic lookup for intent failed for action: com.google.android.gms.auth.key.retrieval.service.START
11-01 15:07:28.792   600  1485 W ActivityManager: Unable to start service Intent { act=com.google.android.gms.auth.key.retrieval.service.START pkg=com.google.android.gms } U=0: not found
11-01 15:07:28.806   600  1483 W ActivityManager: Unbind failed: could not find connection for android.os.BinderProxy@ad8cbb1
11-01 15:07:28.811 31896 31917 E GmsClient: unable to connect to service: com.google.android.gms.auth.key.retrieval.service.START on com.google.android.gms
11-01 15:07:28.811 31958 31958 I cr_ChildProcessService: Creating new ChildProcessService pid=31958
11-01 15:07:28.820 31896 31896 W cr_KnoxSettingsProvider: Permission to read device policy denied.
11-01 15:07:28.863 31896 31906 I art     : Background partial concurrent mark sweep GC freed 7720(643KB) AllocSpace objects, 19(1172KB) LOS objects, 40% free, 4MB/8MB, paused 289us total 114.605ms
11-01 15:07:28.870 31958 31975 I cr_LibraryLoader: Loaded native library version number "85.0.4183.127"
11-01 15:07:28.870 31958 31975 I cr_CachingUmaRecorder: Flushed 1 samples from 1 histograms.
11-01 15:07:28.903 31958 31975 E libEGL  : validate_display:99 error 3008 (EGL_BAD_DISPLAY)
11-01 15:07:38.646 23814 23814 I MemoryTrimmer: Trimming objects from memory, since app is in the background.
11-01 15:07:40.661 32003 32003 D AndroidRuntime: >>>>>> START com.android.internal.os.RuntimeInit uid 2000 <<<<<<
11-01 15:07:40.665 32003 32003 D AndroidRuntime: CheckJNI is OFF
11-01 15:07:40.728 32003 32003 D ICU     : No timezone override file found: /data/misc/zoneinfo/current/icu/icu_tzdata.dat
11-01 15:07:40.759 32003 32003 I Radio-JNI: register_android_hardware_Radio DONE
11-01 15:07:40.774 32003 32003 D AndroidRuntime: Calling main entry com.android.commands.monkey.Monkey
11-01 15:07:40.841   600   613 W BroadcastQueue: Skipping deliver [background] BroadcastRecord{aabb05d u-1 android.net.conn.CONNECTIVITY_CHANGE} to ReceiverList{fc49dd2 32003 (unknown name)/2000/u-1 remote:89c3907}: process crashing
11-01 15:07:42.542 32003 32003 D MonkeyStub: translateCommand: wake
11-01 15:07:42.656 32003 32003 D MonkeyStub: translateCommand: tap 398 1198
11-01 15:07:44.739 32003 32003 D MonkeyStub: translateCommand: tap 720 1506
11-01 15:07:44.911 21960 21973 I PeopleChimeraService: onService. callbacks = aaik@ac29366, request = com.google.android.gms.common.internal.GetServiceRequest@4a606a7
11-01 15:07:44.911 21960 31670 I PeopleChimeraService: onService. callbacks = aaik@ce1e754, request = com.google.android.gms.common.internal.GetServiceRequest@fa346fd
11-01 15:07:46.792 32003 32003 D MonkeyStub: translateCommand: tap 355 1480
11-01 15:07:46.809 32003 32003 D MonkeyStub: Quit requested
11-01 15:07:46.837   600   610 I ActivityManager: START u0 {act=android.intent.action.VIEW flg=0x10008000 cmp=com.android.chrome/com.google.android.apps.chrome.Main (has extras)} from uid 10035 on display 0
11-01 15:07:46.869   600   614 I CwMcuSensor: CwMcuSensor::flush: fd = 195, sensors_id = 0, path = /sys/class/htc_sensorhub/sensor_hub/flush, err = 0
11-01 15:07:46.885 32003 32003 I art     : System.exit called, status: 6
11-01 15:07:46.885 32003 32003 I AndroidRuntime: VM exiting with result code 6.
11-01 15:07:46.991   600   600 E JavaBinder: !!! FAILED BINDER TRANSACTION !!!  (parcel size = 760)
11-01 15:07:46.992   600   600 E AccessibilityManagerService: Error during sending EventType: TYPE_WINDOW_CONTENT_CHANGED; EventTime: 12792159; PackageName: com.android.chrome; MovementGranularity: 0; Action: 0 [ ClassName: android.widget.FrameLayout; Text: []; ContentDescription: null; ItemCount: -1; CurrentItemIndex: -1; IsEnabled: true; IsPassword: false; IsChecked: false; IsFullScreen: false; Scrollable: false; BeforeText: null; FromIndex: -1; ToIndex: -1; ScrollX: -1; ScrollY: -1; MaxScrollX: -1; MaxScrollY: -1; AddedCount: -1; RemovedCount: -1; ParcelableData: null ]; recordCount: 0 to android.accessibilityservice.IAccessibilityServiceClient$Stub$Proxy@54b2685
11-01 15:07:46.992   600   600 E AccessibilityManagerService: android.os.DeadObjectException: Transaction failed on small parcel; remote process probably died
11-01 15:07:46.992   600   600 E AccessibilityManagerService: 	at android.os.BinderProxy.transactNative(Native Method)
11-01 15:07:46.992   600   600 E AccessibilityManagerService: 	at android.os.BinderProxy.transact(Binder.java:615)
11-01 15:07:46.992   600   600 E AccessibilityManagerService: 	at android.accessibilityservice.IAccessibilityServiceClient$Stub$Proxy.onAccessibilityEvent(IAccessibilityServiceClient.java:191)
11-01 15:07:46.992   600   600 E AccessibilityManagerService: 	at com.android.server.accessibility.AccessibilityManagerService$Service.notifyAccessibilityEventInternal(AccessibilityManagerService.java:3245)
11-01 15:07:46.992   600   600 E AccessibilityManagerService: 	at com.android.server.accessibility.AccessibilityManagerService$Service.-wrap0(AccessibilityManagerService.java)
11-01 15:07:46.992   600   600 E AccessibilityManagerService: 	at com.android.server.accessibility.AccessibilityManagerService$Service$1.handleMessage(AccessibilityManagerService.java:2260)
11-01 15:07:46.992   600   600 E AccessibilityManagerService: 	at android.os.Handler.dispatchMessage(Handler.java:102)
11-01 15:07:46.992   600   600 E AccessibilityManagerService: 	at android.os.Looper.loop(Looper.java:154)
11-01 15:07:46.992   600   600 E AccessibilityManagerService: 	at com.android.server.SystemServer.run(SystemServer.java:349)
11-01 15:07:46.992   600   600 E AccessibilityManagerService: 	at com.android.server.SystemServer.main(SystemServer.java:219)
11-01 15:07:46.992   600   600 E AccessibilityManagerService: 	at java.lang.reflect.Method.invoke(Native Method)
11-01 15:07:46.992   600   600 E AccessibilityManagerService: 	at com.android.internal.os.ZygoteInit$MethodAndArgsCaller.run(ZygoteInit.java:886)
11-01 15:07:46.992   600   600 E AccessibilityManagerService: 	at com.android.internal.os.ZygoteInit.main(ZygoteInit.java:776)
11-01 15:07:46.999   600  1484 W WindowManager: Attempted to remove non-existing token: android.os.Binder@1395ea3
11-01 15:07:47.015 31896 31896 E cr_CompositorSurfaceMgr: Transitioning to surface with format : -1
11-01 15:07:47.086   600   609 I art     : Background partial concurrent mark sweep GC freed 18097(960KB) AllocSpace objects, 3(60KB) LOS objects, 33% free, 15MB/23MB, paused 913us total 168.497ms
11-01 15:07:47.091 31896 31949 W cr_tabmodel: Starting to perform legacy migration.
11-01 15:07:47.092 31896 31949 W cr_tabmodel: Finished performing legacy migration.
11-01 15:07:47.092 31896 31949 W cr_tabmodel: Starting to perform multi-instance migration.
11-01 15:07:47.092 31896 31949 W cr_tabmodel: Finished performing multi-instance migration.
11-01 15:07:47.093 31896 31949 I cr_tabmodel: Starting to fetch tab list for tab_state0
11-01 15:07:47.094 31896 31949 I cr_tabmodel: State file does not exist.
11-01 15:07:47.094 31896 31949 I cr_tabmodel: Starting to fetch tab list for tab_state1
11-01 15:07:47.094 31896 31949 I cr_tabmodel: State file does not exist.
11-01 15:07:47.127 31896 31949 I cr_ADCP : No customization source found
11-01 15:07:47.214   600   620 I ActivityManager: Displayed com.android.chrome/com.google.android.apps.chrome.Main: +312ms
11-01 15:07:47.257 31896 31915 D OpenGLRenderer: endAllActiveAnimators on 0xd6637900 (InsetDrawable) with handle 0xd535e8a0
11-01 15:07:47.265 31896 31896 E cr_CompositorSurfaceMgr: Transitioning to surface with format : -1
11-01 15:07:47.266   600  1665 E BatteryStatsService: power: Missing API
11-01 15:07:47.271 31896 31896 E cr_CompositorSurfaceMgr: surfaceCreated format : 0
11-01 15:07:47.276   800   800 E PhoneInterfaceManager: [PhoneIntfMgr] queryModemActivityInfo: Empty response
11-01 15:07:47.277   600  1665 E BatteryStatsService: no controller energy info supplied
11-01 15:07:47.284 31896 31896 I cr_ContextualSearch: Tap suppression enabled: false
11-01 15:07:47.285   600  1665 E BatteryStatsService: modem info is invalid: ModemActivityInfo{ mTimestamp=0 mSleepTimeMs=0 mIdleTimeMs=0 mTxTimeMs[]=[0, 0, 0, 0, 0] mRxTimeMs=0 mEnergyUsed=0}
11-01 15:07:47.294 31896 31896 I cr_ChromeTabbedActivity: #initializeState
11-01 15:07:47.294 31896 31896 I cr_CipherFactory: #restoreFromBundle, no savedInstanceState.
11-01 15:07:47.294 31896 31896 I cr_tabmodel: #loadState, ignoreIncognitoFiles? true
11-01 15:07:47.300   600   613 W ProcessCpuTracker: Skipping unknown process pid 32027
11-01 15:07:47.467 31896 31896 I SchedulerApiWrapper: Create SchedulerApiMainThreadWrapper
11-01 15:07:47.483 31896 31896 I FeedSessionManagerImpl: FeedSessionManagerImpl has been created
11-01 15:07:47.484 31896 31896 I FeedAppLifecycleLstnr: onEnterForeground called
11-01 15:07:47.484 31896 31896 I FeedSessionManagerImpl: onLifecycleEvent foreground
11-01 15:07:47.485 31896 31896 I FeedSessionManagerImpl: Lazy initialization triggered, getUpdateConsumer
11-01 15:07:47.485 31896 31896 I FeedRequestManagerImpl: trigger refresh 2
11-01 15:07:47.485 31896 31949 I TaskQueue: Execute task [IMMEDIATE - d: true, b: 0]: 30
11-01 15:07:47.487 31896 31896 I TaskQueue:  - task [HEAD_INVALIDATE - d: true, b: 0]: 26
11-01 15:07:47.487 31896 31896 I FeedAppLifecycleLstnr: initialize called
11-01 15:07:47.487 31896 31896 I FeedSessionManagerImpl: onLifecycleEvent initialize
11-01 15:07:47.487 31896 31896 W FeedSessionManagerImpl: FeedSessionManagerImpl has previously been initialized
11-01 15:07:47.512 31896 31896 I ViewConfigCompat: Could not find method getScaledScrollFactor() on ViewConfiguration
11-01 15:07:47.515 31896 31896 I BasicStream: Setting 2 header views, currently have 0 headers
11-01 15:07:47.516 31896 31896 I BasicStream: Setting 2 header views, currently have 2 headers
11-01 15:07:47.580   600   619 D BluetoothManagerService: Message: 20
11-01 15:07:47.580   600   619 D BluetoothManagerService: Added callback: android.bluetooth.IBluetoothManagerCallback$Stub$Proxy@5fbbaf5:true
11-01 15:07:47.608 31896 31896 E cr_IntentUtils: getBooleanExtra failed on intent null
11-01 15:07:47.609 31930 31944 I cr_LibraryLoader: Loaded native library version number "85.0.4183.127"
11-01 15:07:47.611 31930 31944 I cr_CachingUmaRecorder: Flushed 1 samples from 1 histograms.
11-01 15:07:47.621 31896 31896 I TimeoutSessionImpl: Using TimeoutSessionImpl
11-01 15:07:47.621 31896 31896 I FeedSessionManagerImpl: Delaying populateSession until initialization is finished
11-01 15:07:47.622 31896 31896 I TaskQueue:  - task [IMMEDIATE - d: true, b: 1]: 13
11-01 15:07:47.622 31896 31896 I MainThreadRunner: Running task [BasicStream onShow] on the Main Thread with a delay of 500 milliseconds
11-01 15:07:47.718   600  5522 I ActivityManager: Start proc 32037:com.android.chrome:sandboxed_process1/u0i890 for service com.android.chrome/org.chromium.content.app.SandboxedProcessService1
11-01 15:07:47.724 31896 31949 W SessionCache: Persisted Sessions were not found
11-01 15:07:47.724 31896 31949 I HeadSessionImpl: Initialize HEAD 0 items
11-01 15:07:47.724 31896 31949 I TaskQueue:  - task [BACKGROUND - d: true, b: 2]: 11
11-01 15:07:47.725 31896 31949 I TimingUtils: Task Timing 239ms, thread JardinExecutor | task : Initialization
11-01 15:07:47.725 31896 31949 I TaskQueue:  - Finished 30, time 240 ms
11-01 15:07:47.725 31896 31949 I TaskQueue: Execute task [HEAD_INVALIDATE - d: true, b: 2]: 26
11-01 15:07:47.726 31896 31949 I TimingUtils: Task Timing   0ms, thread JardinExecutor | task : getAllDismissLocalActions | size : 0
11-01 15:07:47.727 31896 31949 I TimingUtils: Task Timing   0ms, thread JardinExecutor | task : getSemanticProperties | size : 0
11-01 15:07:47.727 31896 31949 I MainThreadRunner: Running task [Check Tooltips] on the Main Thread
11-01 15:07:47.727 31896 31949 I TaskQueue:  * Starting starvation checks
11-01 15:07:47.727 31896 31949 I MainThreadRunner: Running task [starvationChecks] on the Main Thread with a delay of 6000 milliseconds
11-01 15:07:47.727 31896 31949 I TaskQueue:  - Finished 26, time 2 ms
11-01 15:07:47.727 31896 31949 I TaskQueue: Execute task [IMMEDIATE - d: true, b: 1]: 13
11-01 15:07:47.727 31896 31949 I FeedSessionManagerImpl: shouldSessionRequestData; hasContent(false), contentCreationTime(0), outstandingRequest(true)
11-01 15:07:47.728 31896 31949 I MainThreadRunner: Running task [SchedulerApiWrapper shouldSessionRequestData] on the Main Thread
11-01 15:07:47.752   600  1483 I ActivityManager: Start proc 32043:com.android.chrome:sandboxed_process2/u0i891 for service com.android.chrome/org.chromium.content.app.SandboxedProcessService2
11-01 15:07:47.797   600  8040 I ActivityManager: Start proc 32065:com.android.chrome:sandboxed_process3/u0i892 for service com.android.chrome/org.chromium.content.app.SandboxedProcessService3
11-01 15:07:47.875   600  1068 I ActivityManager: Start proc 32074:com.android.chrome:sandboxed_process4/u0i893 for service com.android.chrome/org.chromium.content.app.SandboxedProcessService4
11-01 15:07:47.881 31896 31906 W art     : Suspending all threads took: 14.383ms
11-01 15:07:47.909 31896 31906 I art     : Background partial concurrent mark sweep GC freed 15070(732KB) AllocSpace objects, 9(744KB) LOS objects, 40% free, 9MB/15MB, paused 15.053ms total 140.409ms
11-01 15:07:47.935   600  1484 I ActivityManager: Start proc 32086:com.android.chrome:sandboxed_process5/u0i894 for service com.android.chrome/org.chromium.content.app.SandboxedProcessService5
11-01 15:07:47.946 32037 32037 W dboxed_process1: type=1400 audit(0.0:1460): avc: denied { getattr } for path="/data/data/com.android.chrome" dev="dm-2" ino=12190 scontext=u:r:isolated_app:s0:c512,c768 tcontext=u:object_r:app_data_file:s0:c512,c768 tclass=dir permissive=0
11-01 15:07:47.976 32043 32043 W dboxed_process2: type=1400 audit(0.0:1461): avc: denied { getattr } for path="/data/data/com.android.chrome" dev="dm-2" ino=12190 scontext=u:r:isolated_app:s0:c512,c768 tcontext=u:object_r:app_data_file:s0:c512,c768 tclass=dir permissive=0
11-01 15:07:47.994   600  1485 I ActivityManager: Start proc 32100:com.android.chrome:sandboxed_process6/u0i895 for service com.android.chrome/org.chromium.content.app.SandboxedProcessService6
11-01 15:07:48.046   600  8039 I ActivityManager: Start proc 32115:com.android.chrome:sandboxed_process7/u0i896 for service com.android.chrome/org.chromium.content.app.SandboxedProcessService7
11-01 15:07:48.071 32037 32037 I cr_ChildProcessService: Creating new ChildProcessService pid=32037
11-01 15:07:48.079 31896 31896 I PlayCore: UID: [10035]  PID: [31896] SplitInstallService : deferredInstall([image_editor])
11-01 15:07:48.125 32043 32043 I cr_ChildProcessService: Creating new ChildProcessService pid=32043
11-01 15:07:48.130   600 30165 I ActivityManager: Start proc 32138:com.android.chrome:sandboxed_process8/u0i897 for service com.android.chrome/org.chromium.content.app.SandboxedProcessService8
11-01 15:07:48.166 32065 32065 W dboxed_process3: type=1400 audit(0.0:1462): avc: denied { getattr } for path="/data/data/com.android.chrome" dev="dm-2" ino=12190 scontext=u:r:isolated_app:s0:c512,c768 tcontext=u:object_r:app_data_file:s0:c512,c768 tclass=dir permissive=0
11-01 15:07:48.166 31896 31896 I Choreographer: Skipped 56 frames!  The application may be doing too much work on its main thread.
11-01 15:07:48.299 32074 32074 W dboxed_process4: type=1400 audit(0.0:1463): avc: denied { getattr } for path="/data/data/com.android.chrome" dev="dm-2" ino=12190 scontext=u:r:isolated_app:s0:c512,c768 tcontext=u:object_r:app_data_file:s0:c512,c768 tclass=dir permissive=0
11-01 15:07:48.329 32086 32086 W dboxed_process5: type=1400 audit(0.0:1464): avc: denied { getattr } for path="/data/data/com.android.chrome" dev="dm-2" ino=12190 scontext=u:r:isolated_app:s0:c512,c768 tcontext=u:object_r:app_data_file:s0:c512,c768 tclass=dir permissive=0
11-01 15:07:48.386 32065 32065 I cr_ChildProcessService: Creating new ChildProcessService pid=32065
11-01 15:07:48.389 32115 32115 W dboxed_process7: type=1400 audit(0.0:1465): avc: denied { getattr } for path="/data/data/com.android.chrome" dev="dm-2" ino=12190 scontext=u:r:isolated_app:s0:c512,c768 tcontext=u:object_r:app_data_file:s0:c512,c768 tclass=dir permissive=0
11-01 15:07:48.429 32100 32100 W dboxed_process6: type=1400 audit(0.0:1466): avc: denied { getattr } for path="/data/data/com.android.chrome" dev="dm-2" ino=12190 scontext=u:r:isolated_app:s0:c512,c768 tcontext=u:object_r:app_data_file:s0:c512,c768 tclass=dir permissive=0
11-01 15:07:48.485 31896 31896 I cr_tabmodel: Appending tabs being restored to metadata lists, 0, startingNormalCount: 1, startingIncognitoCount: 0
11-01 15:07:48.485 31896 31896 I cr_tabmodel: Serializing tab lists; counts: 1, 0
11-01 15:07:48.519 32037 32129 I cr_LibraryLoader: Loaded native library version number "85.0.4183.127"
11-01 15:07:48.519 32037 32129 I cr_CachingUmaRecorder: Flushed 1 samples from 1 histograms.
11-01 15:07:48.522 32138 32138 W dboxed_process8: type=1400 audit(0.0:1467): avc: denied { getattr } for path="/data/data/com.android.chrome" dev="dm-2" ino=12190 scontext=u:r:isolated_app:s0:c512,c768 tcontext=u:object_r:app_data_file:s0:c512,c768 tclass=dir permissive=0
11-01 15:07:48.546 32086 32086 I cr_ChildProcessService: Creating new ChildProcessService pid=32086
11-01 15:07:48.550 32074 32074 I cr_ChildProcessService: Creating new ChildProcessService pid=32074
11-01 15:07:48.618 32043 32139 I cr_LibraryLoader: Loaded native library version number "85.0.4183.127"
11-01 15:07:48.618 32043 32139 I cr_CachingUmaRecorder: Flushed 1 samples from 1 histograms.
11-01 15:07:48.644 32115 32115 I cr_ChildProcessService: Creating new ChildProcessService pid=32115
11-01 15:07:48.657 32100 32100 I cr_ChildProcessService: Creating new ChildProcessService pid=32100
11-01 15:07:48.683 32138 32138 I cr_ChildProcessService: Creating new ChildProcessService pid=32138
11-01 15:07:48.839 32065 32155 I cr_LibraryLoader: Loaded native library version number "85.0.4183.127"
11-01 15:07:48.840 32065 32155 I cr_CachingUmaRecorder: Flushed 1 samples from 1 histograms.
11-01 15:07:48.862 32086 32158 I cr_LibraryLoader: Loaded native library version number "85.0.4183.127"
11-01 15:07:48.877 32074 32159 I cr_LibraryLoader: Loaded native library version number "85.0.4183.127"
11-01 15:07:48.890 32086 32158 I cr_CachingUmaRecorder: Flushed 1 samples from 1 histograms.
11-01 15:07:48.901 32074 32159 I cr_CachingUmaRecorder: Flushed 1 samples from 1 histograms.
11-01 15:07:48.949 32100 32165 I cr_LibraryLoader: Loaded native library version number "85.0.4183.127"
11-01 15:07:48.949 32100 32165 I cr_CachingUmaRecorder: Flushed 1 samples from 1 histograms.
11-01 15:07:48.965 32115 32164 I cr_LibraryLoader: Loaded native library version number "85.0.4183.127"
11-01 15:07:48.966 32115 32164 I cr_CachingUmaRecorder: Flushed 1 samples from 1 histograms.
11-01 15:07:48.972   600   613 I ActivityManager: Killing 32065:com.android.chrome:sandboxed_process3/u0a35i892 (adj 0): isolated not needed
11-01 15:07:48.972   600   613 I ActivityManager: Killing 32043:com.android.chrome:sandboxed_process2/u0a35i891 (adj 0): isolated not needed
11-01 15:07:48.973   600   613 I ActivityManager: Killing 32037:com.android.chrome:sandboxed_process1/u0a35i890 (adj 0): isolated not needed
11-01 15:07:48.997 32138 32168 I cr_LibraryLoader: Loaded native library version number "85.0.4183.127"
11-01 15:07:48.997 32138 32168 I cr_CachingUmaRecorder: Flushed 1 samples from 1 histograms.
11-01 15:07:49.100 32115 32164 I chromium: [INFO:child_process_service.cc(69)] ChildProcessService: Exiting child process.
11-01 15:07:49.102   197   197 E lowmemorykiller: Error writing /proc/32115/oom_score_adj; errno=22
11-01 15:07:49.112 32138 32168 I chromium: [INFO:child_process_service.cc(69)] ChildProcessService: Exiting child process.
11-01 15:07:49.113   197   197 E lowmemorykiller: Error writing /proc/32138/oom_score_adj; errno=22
11-01 15:07:49.125   600  1666 I ActivityManager: Process com.android.chrome:sandboxed_process8 (pid 32138) has died
11-01 15:07:49.125   600  1666 D ActivityManager: cleanUpApplicationRecord -- 32138
11-01 15:07:49.128   600  1666 I ActivityManager: Killing 32115:com.android.chrome:sandboxed_process7/u0a35i896 (adj 0): isolated not needed
11-01 15:07:49.128   600  1666 I ActivityManager: Killing 32100:com.android.chrome:sandboxed_process6/u0a35i895 (adj 0): isolated not needed
11-01 15:07:49.128   600  1666 I ActivityManager: Killing 32086:com.android.chrome:sandboxed_process5/u0a35i894 (adj 0): isolated not needed
11-01 15:07:49.129   600  1666 I ActivityManager: Killing 32074:com.android.chrome:sandboxed_process4/u0a35i893 (adj 0): isolated not needed
11-01 15:07:49.194 31896 31896 I TaskQueue:  - task [IMMEDIATE - d: true, b: 1]: 27
11-01 15:07:49.201 31896 31896 W chromium: [WARNING:compositor_view.cc(315)] Child process died (type=6) pid=32138)
11-01 15:07:49.221   600  8039 I ActivityManager: Start proc 32189:com.android.chrome:sandboxed_process9/u0i898 for service com.android.chrome/org.chromium.content.app.SandboxedProcessService9
11-01 15:07:49.249 31896 31949 I FeedSessionManagerImpl: shouldSessionRequestDataResult: NO_REQUEST_WITH_WAIT, shouldMakeRequest(false), withTimeout(false), withAppend(false)
11-01 15:07:49.249 31896 31949 I TaskQueue:  - task [USER_FACING - d: true, b: 2]: 24
11-01 15:07:49.249 31896 31949 I TaskQueue:  - Finished 13, time 1522 ms
11-01 15:07:49.250 31896 31949 I TaskQueue: Execute task [IMMEDIATE - d: true, b: 2]: 27
11-01 15:07:49.258 31896 31896 I Choreographer: Skipped 64 frames!  The application may be doing too much work on its main thread.
11-01 15:07:49.265 31896 31949 I FeedRequestManagerImpl: Consistency Token: # hU2@7bca4
11-01 15:07:49.265 32031 32031 D AndroidRuntime: >>>>>> START com.android.internal.os.RuntimeInit uid 2000 <<<<<<
11-01 15:07:49.271   600  1664 I ActivityManager: Start proc 32195:com.android.chrome:sandboxed_process10/u0i899 for service com.android.chrome/org.chromium.content.app.SandboxedProcessService10
11-01 15:07:49.284 31896 31949 I FeedRequestManagerImpl: Capability: FEED_UI
11-01 15:07:49.285 31896 31949 I FeedRequestManagerImpl: Capability: UNDOABLE_ACTIONS
11-01 15:07:49.285 31896 31949 I FeedRequestManagerImpl: Capability: MANAGE_INTERESTS
11-01 15:07:49.285 31896 31949 I FeedRequestManagerImpl: Capability: SEND_FEEDBACK
11-01 15:07:49.285 31896 31949 I FeedRequestManagerImpl: Capability: ARTICLE_SNIPPETS
11-01 15:07:49.285 31896 31949 I FeedRequestManagerImpl: Capability: CLICK_ACTION
11-01 15:07:49.285 31896 31949 I FeedRequestManagerImpl: Capability: VIEW_ACTION
11-01 15:07:49.285 31896 31949 I FeedRequestManagerImpl: Capability: REPORT_FEED_USER_ACTIONS_NOTICE_CARD
11-01 15:07:49.285 31896 31949 I FeedRequestManagerImpl: Capability: BASE_UI
11-01 15:07:49.287 31896 31949 I FeedRequestManagerImpl: Making Request: /httpservice/noretry/DiscoverClankService/FeedQuery
11-01 15:07:49.287 31896 31949 I MainThreadRunner: Running task [NetworkClientWrapper send] on the Main Thread
11-01 15:07:49.287 31896 31949 I TaskQueue:  - Finished 27, time 38 ms
11-01 15:07:49.300   600  8040 I ActivityManager: Start proc 32207:com.android.chrome:sandboxed_process11/u0i900 for service com.android.chrome/org.chromium.content.app.SandboxedProcessService11
11-01 15:07:49.309 32031 32031 D AndroidRuntime: CheckJNI is OFF
11-01 15:07:49.390 31896 31906 W art     : Suspending all threads took: 14.041ms
11-01 15:07:49.401 31896 32128 I PlayCore: UID: [10035]  PID: [31896] SplitInstallService : Initiate binding to the service.
11-01 15:07:49.405 31896 31906 I art     : Background sticky concurrent mark sweep GC freed 105034(5MB) AllocSpace objects, 67(1360KB) LOS objects, 32% free, 10MB/15MB, paused 15.894ms total 519.776ms
11-01 15:07:49.410   600  8928 I ActivityManager: Start proc 32228:com.android.chrome:sandboxed_process12/u0i901 for service com.android.chrome/org.chromium.content.app.SandboxedProcessService12
11-01 15:07:49.420   600  1066 W ActivityManager: Unable to start service Intent { act=com.google.android.play.core.splitinstall.BIND_SPLIT_INSTALL_SERVICE pkg=com.android.vending } U=0: not found
11-01 15:07:49.490   600  5522 I ActivityManager: Start proc 32233:com.android.chrome:sandboxed_process13/u0i902 for service com.android.chrome/org.chromium.content.app.SandboxedProcessService13
11-01 15:07:49.527 31896 32128 I PlayCore: UID: [10035]  PID: [31896] SplitInstallService : Failed to bind to the service.
11-01 15:07:49.547   600  1483 I ActivityManager: Start proc 32253:com.android.chrome:sandboxed_process14/u0i903 for service com.android.chrome/org.chromium.content.app.SandboxedProcessService14
11-01 15:07:49.552   600  8930 D ActivityManager: cleanUpApplicationRecord -- 32065
11-01 15:07:49.565   600 28743 D ActivityManager: cleanUpApplicationRecord -- 32074
11-01 15:07:49.565   600  1068 D ActivityManager: cleanUpApplicationRecord -- 32086
11-01 15:07:49.566   600   611 D ActivityManager: cleanUpApplicationRecord -- 32037
11-01 15:07:49.567   600 30165 D ActivityManager: cleanUpApplicationRecord -- 32115
11-01 15:07:49.571 31896 31896 W chromium: [WARNING:compositor_view.cc(315)] Child process died (type=6) pid=32074)
11-01 15:07:49.592 32189 32189 W dboxed_process9: type=1400 audit(0.0:1468): avc: denied { getattr } for path="/data/data/com.android.chrome" dev="dm-2" ino=12190 scontext=u:r:isolated_app:s0:c512,c768 tcontext=u:object_r:app_data_file:s0:c512,c768 tclass=dir permissive=0
11-01 15:07:49.601   600  1066 I ActivityManager: Start proc 32260:com.android.chrome:sandboxed_process15/u0i904 for service com.android.chrome/org.chromium.content.app.SandboxedProcessService15
11-01 15:07:49.606 32195 32195 W boxed_process10: type=1400 audit(0.0:1469): avc: denied { getattr } for path="/data/data/com.android.chrome" dev="dm-2" ino=12190 scontext=u:r:isolated_app:s0:c512,c768 tcontext=u:object_r:app_data_file:s0:c512,c768 tclass=dir permissive=0
11-01 15:07:49.622 32207 32207 W boxed_process11: type=1400 audit(0.0:1470): avc: denied { getattr } for path="/data/data/com.android.chrome" dev="dm-2" ino=12190 scontext=u:r:isolated_app:s0:c512,c768 tcontext=u:object_r:app_data_file:s0:c512,c768 tclass=dir permissive=0
11-01 15:07:49.644   600   713 I ActivityManager: Start proc 32274:com.android.chrome:sandboxed_process16/u0i905 for service com.android.chrome/org.chromium.content.app.SandboxedProcessService16
11-01 15:07:49.662 32228 32228 W boxed_process12: type=1400 audit(0.0:1471): avc: denied { getattr } for path="/data/data/com.android.chrome" dev="dm-2" ino=12190 scontext=u:r:isolated_app:s0:c512,c768 tcontext=u:object_r:app_data_file:s0:c512,c768 tclass=dir permissive=0
11-01 15:07:49.696   600   819 I ActivityManager: Start proc 32292:com.android.chrome:sandboxed_process17/u0i906 for service com.android.chrome/org.chromium.content.app.SandboxedProcessService17
11-01 15:07:49.702 31896 31896 W chromium: [WARNING:compositor_view.cc(315)] Child process died (type=6) pid=32086)
11-01 15:07:49.702 31896 31896 W chromium: [WARNING:compositor_view.cc(315)] Child process died (type=6) pid=32115)
11-01 15:07:49.719 32233 32233 W boxed_process13: type=1400 audit(0.0:1472): avc: denied { getattr } for path="/data/data/com.android.chrome" dev="dm-2" ino=12190 scontext=u:r:isolated_app:s0:c512,c768 tcontext=u:object_r:app_data_file:s0:c512,c768 tclass=dir permissive=0
11-01 15:07:49.737 32195 32195 I cr_ChildProcessService: Creating new ChildProcessService pid=32195
11-01 15:07:49.744 32207 32207 I cr_ChildProcessService: Creating new ChildProcessService pid=32207
11-01 15:07:49.746 32189 32189 I cr_ChildProcessService: Creating new ChildProcessService pid=32189
11-01 15:07:49.750   600 28743 I ActivityManager: Start proc 32299:com.android.chrome:sandboxed_process18/u0i907 for service com.android.chrome/org.chromium.content.app.SandboxedProcessService18
11-01 15:07:49.752 31896 31896 W chromium: [WARNING:compositor_view.cc(315)] Child process died (type=6) pid=32065)
11-01 15:07:49.753 31896 31896 W chromium: [WARNING:compositor_view.cc(315)] Child process died (type=6) pid=32037)
11-01 15:07:49.769 31896 31952 W cr_CrashFileManager: /data/user/0/com.android.chrome/cache/Crash Reports does not exist or is not a directory
11-01 15:07:49.769 31896 31952 W cr_CrashFileManager: /data/user/0/com.android.chrome/cache/Crash Reports does not exist or is not a directory
11-01 15:07:49.769 31896 31952 W cr_CrashFileManager: /data/user/0/com.android.chrome/cache/Crash Reports does not exist or is not a directory
11-01 15:07:49.772 32228 32228 I cr_ChildProcessService: Creating new ChildProcessService pid=32228
11-01 15:07:49.799 32031 32031 D ICU     : No timezone override file found: /data/misc/zoneinfo/current/icu/icu_tzdata.dat
11-01 15:07:49.816 32253 32253 W boxed_process14: type=1400 audit(0.0:1473): avc: denied { getattr } for path="/data/data/com.android.chrome" dev="dm-2" ino=12190 scontext=u:r:isolated_app:s0:c512,c768 tcontext=u:object_r:app_data_file:s0:c512,c768 tclass=dir permissive=0
11-01 15:07:49.820   600 30165 I ActivityManager: Start proc 32318:com.android.chrome:sandboxed_process19/u0i908 for service com.android.chrome/org.chromium.content.app.SandboxedProcessService19
11-01 15:07:49.836 31896 31952 I cr_FileUtils: Writing to /data/user/0/com.android.chrome/app_dex/webapk7.dex
11-01 15:07:49.866 31896 31929 I cr_BindingManager: Moderate binding enabled: maxSize=40
11-01 15:07:49.879 32233 32233 I cr_ChildProcessService: Creating new ChildProcessService pid=32233
11-01 15:07:49.929 32274 32274 W boxed_process16: type=1400 audit(0.0:1474): avc: denied { getattr } for path="/data/data/com.android.chrome" dev="dm-2" ino=12190 scontext=u:r:isolated_app:s0:c512,c768 tcontext=u:object_r:app_data_file:s0:c512,c768 tclass=dir permissive=0
11-01 15:07:49.966 32260 32260 W boxed_process15: type=1400 audit(0.0:1475): avc: denied { getattr } for path="/data/data/com.android.chrome" dev="dm-2" ino=12190 scontext=u:r:isolated_app:s0:c512,c768 tcontext=u:object_r:app_data_file:s0:c512,c768 tclass=dir permissive=0
11-01 15:07:50.016 32292 32292 W boxed_process17: type=1400 audit(0.0:1476): avc: denied { getattr } for path="/data/data/com.android.chrome" dev="dm-2" ino=12190 scontext=u:r:isolated_app:s0:c512,c768 tcontext=u:object_r:app_data_file:s0:c512,c768 tclass=dir permissive=0
11-01 15:07:50.036 32299 32299 W boxed_process18: type=1400 audit(0.0:1477): avc: denied { getattr } for path="/data/data/com.android.chrome" dev="dm-2" ino=12190 scontext=u:r:isolated_app:s0:c512,c768 tcontext=u:object_r:app_data_file:s0:c512,c768 tclass=dir permissive=0
11-01 15:07:50.057 32207 32302 I cr_LibraryLoader: Loaded native library version number "85.0.4183.127"
11-01 15:07:50.057 32207 32302 I cr_CachingUmaRecorder: Flushed 1 samples from 1 histograms.
11-01 15:07:50.068 32195 32300 I cr_LibraryLoader: Loaded native library version number "85.0.4183.127"
11-01 15:07:50.069 32195 32300 I cr_CachingUmaRecorder: Flushed 1 samples from 1 histograms.
11-01 15:07:50.072 32189 32304 I cr_LibraryLoader: Loaded native library version number "85.0.4183.127"
11-01 15:07:50.073 32189 32304 I cr_CachingUmaRecorder: Flushed 1 samples from 1 histograms.
11-01 15:07:50.074 32031 32031 I Radio-JNI: register_android_hardware_Radio DONE
11-01 15:07:50.094 32228 32315 I cr_LibraryLoader: Loaded native library version number "85.0.4183.127"
11-01 15:07:50.095 32228 32315 I cr_CachingUmaRecorder: Flushed 1 samples from 1 histograms.
11-01 15:07:50.121 32233 32331 I cr_LibraryLoader: Loaded native library version number "85.0.4183.127"
11-01 15:07:50.122 32233 32331 I cr_CachingUmaRecorder: Flushed 1 samples from 1 histograms.
11-01 15:07:50.166 32031 32031 D AndroidRuntime: Calling main entry com.android.commands.am.Am
11-01 15:07:50.180 32332 32332 I dex2oat : /system/bin/dex2oat --dex-file=/data/user/0/com.android.chrome/app_dex/webapk7.dex --oat-fd=211 --oat-location=/data/user/0/com.android.chrome/app_dex/oat/arm/webapk7.dex --compiler-filter=speed
11-01 15:07:50.225   600  8040 I ActivityManager: START u0 {act=android.intent.action.VIEW dat=http://scientificamerican.com/... flg=0x10000000 cmp=com.android.chrome/com.google.android.apps.chrome.Main} from uid 2000 on display 0
11-01 15:07:50.227 32233 32331 I chromium: [INFO:child_process_service.cc(69)] ChildProcessService: Exiting child process.
11-01 15:07:50.227 32228 32315 I chromium: [INFO:child_process_service.cc(69)] ChildProcessService: Exiting child process.
11-01 15:07:50.228 32189 32304 I chromium: [INFO:child_process_service.cc(69)] ChildProcessService: Exiting child process.
11-01 15:07:50.232 32207 32302 I chromium: [INFO:child_process_service.cc(69)] ChildProcessService: Exiting child process.
11-01 15:07:50.233 32195 32300 I chromium: [INFO:child_process_service.cc(69)] ChildProcessService: Exiting child process.
11-01 15:07:50.248 32031 32031 D AndroidRuntime: Shutting down VM
11-01 15:07:50.249   197   197 E lowmemorykiller: Error writing /proc/32207/oom_score_adj; errno=22
11-01 15:07:50.250   197   197 E lowmemorykiller: Error writing /proc/32195/oom_score_adj; errno=22
11-01 15:07:50.252   197   197 E lowmemorykiller: Error writing /proc/32189/oom_score_adj; errno=22
11-01 15:07:50.266   197   197 E lowmemorykiller: Error writing /proc/32228/oom_score_adj; errno=22
11-01 15:07:50.268   197   197 E lowmemorykiller: Error writing /proc/32233/oom_score_adj; errno=22
11-01 15:07:50.295 32031 32364 W art     : Thread attaching while runtime is shutting down: Binder:32031_2
11-01 15:07:50.295 32031 32364 I AndroidRuntime: NOTE: attach of thread 'Binder:32031_2' failed
11-01 15:07:50.303 32253 32253 I cr_ChildProcessService: Creating new ChildProcessService pid=32253
11-01 15:07:50.336 32274 32274 I cr_ChildProcessService: Creating new ChildProcessService pid=32274
11-01 15:07:50.361 32260 32260 I cr_ChildProcessService: Creating new ChildProcessService pid=32260
11-01 15:07:50.361 31896 31896 E cr_IntentUtils: getInt failed on bundle null
11-01 15:07:50.372 32292 32292 I cr_ChildProcessService: Creating new ChildProcessService pid=32292
11-01 15:07:50.373 32299 32299 I cr_ChildProcessService: Creating new ChildProcessService pid=32299
11-01 15:07:50.406 32318 32318 W boxed_process19: type=1400 audit(0.0:1478): avc: denied { getattr } for path="/data/data/com.android.chrome" dev="dm-2" ino=12190 scontext=u:r:isolated_app:s0:c512,c768 tcontext=u:object_r:app_data_file:s0:c512,c768 tclass=dir permissive=0
11-01 15:07:50.452 31896 31896 W FeedModelProvider: sessionId is null, this should have been set during population
11-01 15:07:50.455 31896 31896 I cr_tabmodel: Appending tabs being restored to metadata lists, 0, startingNormalCount: 2, startingIncognitoCount: 0
11-01 15:07:50.455 31896 31896 I cr_tabmodel: Serializing tab lists; counts: 2, 0
11-01 15:07:50.526 32318 32318 I cr_ChildProcessService: Creating new ChildProcessService pid=32318
11-01 15:07:50.530 31896 31906 I art     : Background partial concurrent mark sweep GC freed 25205(1413KB) AllocSpace objects, 31(1996KB) LOS objects, 40% free, 11MB/19MB, paused 969us total 266.584ms
11-01 15:07:50.572 32253 32365 I cr_LibraryLoader: Loaded native library version number "85.0.4183.127"
11-01 15:07:50.572 32253 32365 I cr_CachingUmaRecorder: Flushed 1 samples from 1 histograms.
11-01 15:07:50.574 32274 32367 I cr_LibraryLoader: Loaded native library version number "85.0.4183.127"
11-01 15:07:50.585 32274 32367 I cr_CachingUmaRecorder: Flushed 1 samples from 1 histograms.
11-01 15:07:50.587 32260 32368 I cr_LibraryLoader: Loaded native library version number "85.0.4183.127"
11-01 15:07:50.587 32260 32368 I cr_CachingUmaRecorder: Flushed 1 samples from 1 histograms.
11-01 15:07:50.588 32292 32369 I cr_LibraryLoader: Loaded native library version number "85.0.4183.127"
11-01 15:07:50.588 32292 32369 I cr_CachingUmaRecorder: Flushed 1 samples from 1 histograms.
11-01 15:07:50.615 32299 32370 I cr_LibraryLoader: Loaded native library version number "85.0.4183.127"
11-01 15:07:50.615 32299 32370 I cr_CachingUmaRecorder: Flushed 1 samples from 1 histograms.
11-01 15:07:50.657 32274 32367 I chromium: [INFO:child_process_service.cc(69)] ChildProcessService: Exiting child process.
11-01 15:07:50.672 32260 32368 I chromium: [INFO:child_process_service.cc(69)] ChildProcessService: Exiting child process.
11-01 15:07:50.685 32292 32369 I chromium: [INFO:child_process_service.cc(69)] ChildProcessService: Exiting child process.
11-01 15:07:50.686 32253 32365 I chromium: [INFO:child_process_service.cc(69)] ChildProcessService: Exiting child process.
11-01 15:07:50.703 32299 32370 I chromium: [INFO:child_process_service.cc(69)] ChildProcessService: Exiting child process.
11-01 15:07:50.705   600   609 I art     : Background partial concurrent mark sweep GC freed 37501(1936KB) AllocSpace objects, 23(604KB) LOS objects, 33% free, 15MB/23MB, paused 926us total 341.974ms
11-01 15:07:50.822   600   819 I ActivityManager: Start proc 32389:com.android.chrome:sandboxed_process20/u0i909 for service com.android.chrome/org.chromium.content.app.SandboxedProcessService20
11-01 15:07:50.828   600   610 I ActivityManager: Process com.android.chrome:sandboxed_process9 (pid 32189) has died
11-01 15:07:50.828   600   610 D ActivityManager: cleanUpApplicationRecord -- 32189
11-01 15:07:50.829   600   610 I ActivityManager: Killing 32233:com.android.chrome:sandboxed_process13/u0a35i902 (adj 0): isolated not needed
11-01 15:07:50.829   600   610 I ActivityManager: Killing 32228:com.android.chrome:sandboxed_process12/u0a35i901 (adj 0): isolated not needed
11-01 15:07:50.830   600   610 I ActivityManager: Killing 32195:com.android.chrome:sandboxed_process10/u0a35i899 (adj 0): isolated not needed
