10-30 12:32:34.106   600  3675 I ActivityManager: Start proc 25620:com.android.chrome:sandboxed_process19/u0i688 for service com.android.chrome/org.chromium.content.app.SandboxedProcessService19
10-30 12:32:34.107   600  1080 D ActivityManager: cleanUpApplicationRecord -- 25299
10-30 12:32:34.112   600 24515 D ActivityManager: cleanUpApplicationRecord -- 25309
10-30 12:32:34.143   600  3994 I ActivityManager: Start proc 25630:com.android.chrome:sandboxed_process20/u0i689 for service com.android.chrome/org.chromium.content.app.SandboxedProcessService20
10-30 12:32:34.144   600 13631 D ActivityManager: cleanUpApplicationRecord -- 25332
10-30 12:32:34.148 25165 25165 E cr_IntentUtils: getInt failed on bundle null
10-30 12:32:34.153 25165 25198 I cr_BindingManager: onTrimMemory: level=15, size=0
10-30 12:32:34.199 25548 25563 I cr_LibraryLoader: Loaded native library version number "85.0.4183.127"
10-30 12:32:34.199 25548 25563 I cr_CachingUmaRecorder: Flushed 1 samples from 1 histograms.
10-30 12:32:34.203   600  1082 I ActivityManager: Start proc 25639:com.android.chrome:sandboxed_process21/u0i690 for service com.android.chrome/org.chromium.content.app.SandboxedProcessService21
10-30 12:32:34.235 25165 25165 W FeedModelProvider: sessionId is null, this should have been set during population
10-30 12:32:34.250 25165 25165 I cr_tabmodel: Appending tabs being restored to metadata lists, 0, startingNormalCount: 2, startingIncognitoCount: 0
10-30 12:32:34.250 25165 25165 I cr_tabmodel: Serializing tab lists; counts: 2, 0
10-30 12:32:34.256 25592 25611 I cr_LibraryLoader: Loaded native library version number "85.0.4183.127"
10-30 12:32:34.257 25592 25611 I cr_CachingUmaRecorder: Flushed 1 samples from 1 histograms.
10-30 12:32:34.280 25613 25613 W boxed_process18: type=1400 audit(0.0:6204): avc: denied { getattr } for path="/data/data/com.android.chrome" dev="dm-2" ino=12190 scontext=u:r:isolated_app:s0:c512,c768 tcontext=u:object_r:app_data_file:s0:c512,c768 tclass=dir permissive=0
10-30 12:32:34.287 25564 25610 I cr_LibraryLoader: Loaded native library version number "85.0.4183.127"
10-30 12:32:34.288 25564 25610 I cr_CachingUmaRecorder: Flushed 1 samples from 1 histograms.
10-30 12:32:34.296 25582 25612 I cr_LibraryLoader: Loaded native library version number "85.0.4183.127"
10-30 12:32:34.297 25582 25612 I cr_CachingUmaRecorder: Flushed 1 samples from 1 histograms.
10-30 12:32:34.335 25165 25165 W chromium: [WARNING:compositor_view.cc(315)] Child process died (type=6) pid=25299)
10-30 12:32:34.335 25165 25165 W chromium: [WARNING:compositor_view.cc(315)] Child process died (type=6) pid=25332)
10-30 12:32:34.364 25620 25620 W boxed_process19: type=1400 audit(0.0:6205): avc: denied { getattr } for path="/data/data/com.android.chrome" dev="dm-2" ino=12190 scontext=u:r:isolated_app:s0:c512,c768 tcontext=u:object_r:app_data_file:s0:c512,c768 tclass=dir permissive=0
10-30 12:32:34.397 25630 25630 W boxed_process20: type=1400 audit(0.0:6206): avc: denied { getattr } for path="/data/data/com.android.chrome" dev="dm-2" ino=12190 scontext=u:r:isolated_app:s0:c512,c768 tcontext=u:object_r:app_data_file:s0:c512,c768 tclass=dir permissive=0
10-30 12:32:34.425 25613 25613 I cr_ChildProcessService: Creating new ChildProcessService pid=25613
10-30 12:32:34.428 25564 25610 I chromium: [INFO:child_process_service.cc(69)] ChildProcessService: Exiting child process.
10-30 12:32:34.429   197   197 E lowmemorykiller: Error writing /proc/25564/oom_score_adj; errno=22
10-30 12:32:34.436 25548 25548 I cr_ChildProcessService: Destroying ChildProcessService pid=25548
10-30 12:32:34.450 25639 25639 W boxed_process21: type=1400 audit(0.0:6207): avc: denied { getattr } for path="/data/data/com.android.chrome" dev="dm-2" ino=12190 scontext=u:r:isolated_app:s0:c512,c768 tcontext=u:object_r:app_data_file:s0:c512,c768 tclass=dir permissive=0
10-30 12:32:34.498 25630 25630 I cr_ChildProcessService: Creating new ChildProcessService pid=25630
10-30 12:32:34.512 25582 25582 I cr_ChildProcessService: Destroying ChildProcessService pid=25582
10-30 12:32:34.528 25613 25678 I cr_LibraryLoader: Loaded native library version number "85.0.4183.127"
10-30 12:32:34.528 25613 25678 I cr_CachingUmaRecorder: Flushed 1 samples from 1 histograms.
10-30 12:32:34.539 25639 25639 I cr_ChildProcessService: Creating new ChildProcessService pid=25639
10-30 12:32:34.548 25592 25592 I cr_ChildProcessService: Destroying ChildProcessService pid=25592
10-30 12:32:34.548 25620 25620 I cr_ChildProcessService: Creating new ChildProcessService pid=25620
10-30 12:32:34.608 25630 25680 I cr_LibraryLoader: Loaded native library version number "85.0.4183.127"
10-30 12:32:34.608 25630 25680 I cr_CachingUmaRecorder: Flushed 1 samples from 1 histograms.
10-30 12:32:34.619 25639 25683 I cr_LibraryLoader: Loaded native library version number "85.0.4183.127"
10-30 12:32:34.621 25639 25683 I cr_CachingUmaRecorder: Flushed 1 samples from 1 histograms.
10-30 12:32:34.631 25620 25686 I cr_LibraryLoader: Loaded native library version number "85.0.4183.127"
10-30 12:32:34.631 25620 25686 I cr_CachingUmaRecorder: Flushed 1 samples from 1 histograms.
10-30 12:32:34.637   600  3507 I ActivityManager: Process com.android.chrome:sandboxed_process15 (pid 25564) has died
10-30 12:32:34.637   600  3507 D ActivityManager: cleanUpApplicationRecord -- 25564
10-30 12:32:34.642   600  3507 I ActivityManager: Killing 25613:com.android.chrome:sandboxed_process18/u0a35i687 (adj 0): isolated not needed
10-30 12:32:34.642   600  3507 I ActivityManager: Killing 25582:com.android.chrome:sandboxed_process16/u0a35i685 (adj 0): isolated not needed
10-30 12:32:34.643   600  3507 I ActivityManager: Killing 25592:com.android.chrome:sandboxed_process17/u0a35i686 (adj 0): isolated not needed
10-30 12:32:34.643   600  3507 I ActivityManager: Killing 25548:com.android.chrome:sandboxed_process14/u0a35i683 (adj 0): isolated not needed
10-30 12:32:34.714 25620 25620 I cr_ChildProcessService: Destroying ChildProcessService pid=25620
10-30 12:32:34.715 25620 25620 I art     : System.exit called, status: 0
10-30 12:32:34.715 25620 25620 I AndroidRuntime: VM exiting with result code 0, cleanup skipped.
10-30 12:32:34.721 25630 25630 I cr_ChildProcessService: Destroying ChildProcessService pid=25630
10-30 12:32:34.722 25630 25630 I art     : System.exit called, status: 0
10-30 12:32:34.722 25630 25630 I AndroidRuntime: VM exiting with result code 0, cleanup skipped.
10-30 12:32:34.723   600   707 D ActivityManager: cleanUpApplicationRecord -- 25592
10-30 12:32:34.727   600   707 I ActivityManager: Killing 25620:com.android.chrome:sandboxed_process19/u0a35i688 (adj 0): isolated not needed
10-30 12:32:34.727   600   707 I ActivityManager: Killing 25630:com.android.chrome:sandboxed_process20/u0a35i689 (adj 0): isolated not needed
10-30 12:32:34.744   600  9614 D ActivityManager: cleanUpApplicationRecord -- 25620
10-30 12:32:34.748   600  3994 D ActivityManager: cleanUpApplicationRecord -- 25630
10-30 12:32:34.783 25165 25165 W chromium: [WARNING:compositor_view.cc(315)] Child process died (type=6) pid=25309)
10-30 12:32:34.784 25165 25165 W chromium: [WARNING:compositor_view.cc(315)] Child process died (type=6) pid=25564)
10-30 12:32:34.786 25165 25165 W chromium: [WARNING:compositor_view.cc(315)] Child process died (type=6) pid=25592)
10-30 12:32:34.786 25165 25165 W chromium: [WARNING:compositor_view.cc(315)] Child process died (type=6) pid=25630)
10-30 12:32:34.786 25165 25165 W chromium: [WARNING:compositor_view.cc(315)] Child process died (type=6) pid=25620)
10-30 12:32:34.816   600  1080 D ActivityManager: cleanUpApplicationRecord -- 25582
10-30 12:32:34.837 25165 25165 I FeedRequestManagerImpl: Request: /httpservice/noretry/DiscoverClankService/FeedQuery completed with response code: 200
10-30 12:32:34.837 25165 25165 I TaskQueue:  - task [IMMEDIATE - d: true, b: 2]: 15
10-30 12:32:34.837 25165 25165 I TaskQueue:  - queueTask starting immediate task
10-30 12:32:34.840 25165 25218 I TaskQueue: Execute task [IMMEDIATE - d: true, b: 2]: 15
10-30 12:32:34.851   600  1082 D ActivityManager: cleanUpApplicationRecord -- 25548
10-30 12:32:34.947 25165 25165 W chromium: [WARNING:compositor_view.cc(315)] Child process died (type=6) pid=25582)
10-30 12:32:34.949 25165 25218 I MainThreadRunner: Running task [FeedRequestManagerImpl consumer] on the Main Thread
10-30 12:32:34.949 25165 25218 I TaskQueue:  - Finished 15, time 110 ms
10-30 12:32:34.953   600  3507 D ActivityManager: cleanUpApplicationRecord -- 25613
10-30 12:32:34.988 25165 25165 I FeedProtocolAdapter: createModel, operations 33
10-30 12:32:34.998 25165 25165 I TimingUtils: Task Timing   9ms, thread ui | task : convertWireProtocol | mutations : 33
10-30 12:32:34.999 25165 25165 I TaskQueue:  - task [HEAD_RESET - d: true, b: 2]: 5
10-30 12:32:34.999 25165 25165 I TaskQueue:  - queueTask starting immediate task
10-30 12:32:34.999 25165 25222 I TaskQueue: Execute task [HEAD_RESET - d: true, b: 2]: 5
10-30 12:32:35.004 25165 25222 I TaskQueue:  - task [BACKGROUND - d: true, b: 2]: 23
10-30 12:32:35.005 25165 25222 W SessionCache: Persisted Sessions were not found
10-30 12:32:35.021 25165 25222 I PersistentFeedStore: commitSessionMutation - Success true, Update Session $HEAD, stream structures 32
10-30 12:32:35.026 25165 25222 I MainThreadRunner: Running task [SchedulerApiWrapper onReceiveNewContent] on the Main Thread
10-30 12:32:35.026 25165 25222 I MainThreadRunner: Running task [FeedKnownContentImpl onNewContentReceived] on the Main Thread
10-30 12:32:35.026 25165 25222 I SessionManagerMutation: Cleared Head, new creation time 10-30 12:32:35.005
10-30 12:32:35.027 25165 25222 I TimingUtils: Task Timing  27ms, thread background-3 | task : sessionMutation.commitTask:updateConsumer | mutations : 33 | userInitiated : false
10-30 12:32:35.027 25165 25222 I TaskQueue: Cancelling starvation checks
10-30 12:32:35.027 25165 25222 I TaskQueue:  - Finished 5, time 28 ms
10-30 12:32:35.027 25165 25222 I TaskQueue: Execute task [USER_FACING - d: false, b: 2]: 24
10-30 12:32:35.035 25165 25222 I TimeoutSessionImpl: TimeoutSession.populateModelProvider, shouldAppend false
10-30 12:32:35.035 25165 25222 I SessionImpl: PopulateModelProvider 32 items
10-30 12:32:35.035 25165 25222 I FeedModelProvider: FeedModelProvider - committer, structure changes 31, update changes 0
10-30 12:32:35.044 25165 25222 I FeedModelProvider: SyntheticTokenTracker: 0, 11, 11, false
10-30 12:32:35.044 25165 25222 I FeedSessionManagerImpl: Caching getStreamFeatures - items 31, cache misses 0, cache size 31
10-30 12:32:35.044 25165 25222 I FeedModelProvider: Moving _session:1d2124ef-2857-4aa4-becd-22158eacdd2f to READY
10-30 12:32:35.045 25165 25222 I MainThreadRunner: Running task [FeedModelProvider onSessionStart] on the Main Thread
10-30 12:32:35.045 25165 25222 I FeedModelProvider: ModelProvider Mutation committed - structure changes 31, childrenToBind 31, removedChildren false, Token false
10-30 12:32:35.055 25165 25165 I FeedModelProvider: No children found for Cursor
10-30 12:32:35.060 25165 25222 I FeedSessionManagerImpl: Populate new session: _session:1d2124ef-2857-4aa4-becd-22158eacdd2f, creation time 10-30 12:32:35.034
10-30 12:32:35.060 25165 25222 I TimingUtils: Task Timing  32ms, thread background-4 | task : Create/Populate New Session
10-30 12:32:35.061 25165 25222 I TaskQueue:  - Finished 24, time 33 ms
10-30 12:32:35.061 25165 25222 I TaskQueue: Execute task [BACKGROUND - d: false, b: 1]: 11
10-30 12:32:35.061 25165 25222 I ContentGc: Re-enqueuing triggerContentGc; attempts(0)
10-30 12:32:35.062 25165 25222 I TaskQueue:  - task [BACKGROUND - d: false, b: 1]: 11
10-30 12:32:35.062 25165 25222 I TaskQueue:  - Finished 11, time 0 ms
10-30 12:32:35.062 25165 25222 I TaskQueue: Execute task [BACKGROUND - d: false, b: 1]: 23
10-30 12:32:35.114 25165 25165 W chromium: [WARNING:compositor_view.cc(315)] Child process died (type=6) pid=25613)
10-30 12:32:35.215 25165 25222 I TimingUtils: Task Timing 152ms, thread background-5 | task : commitContentMutation | mutations : 32
10-30 12:32:35.216 25165 25222 I TimingUtils: Task Timing   0ms, thread background-6 | task : commitSemanticPropertiesMutation | mutations : 0
10-30 12:32:35.216 25165 25222 I TaskQueue:  - Finished 23, time 154 ms
10-30 12:32:35.216 25165 25222 I TaskQueue: Execute task [BACKGROUND - d: false, b: 0]: 11
10-30 12:32:35.217 25165 25222 I SessionCache: Determining accessible content
10-30 12:32:35.219 25165 25222 I TimingUtils: Task Timing   2ms, thread background-7 | task : ContentGc | contentItemsRemoved : 0
10-30 12:32:35.219 25165 25222 I TaskQueue:  - Finished 11, time 3 ms
10-30 12:32:35.291 25165 25225 W chromium: [WARNING:spdy_session.cc(3090)] Received RST for invalid stream1
10-30 12:32:35.349 25165 25165 W chromium: [WARNING:compositor_view.cc(315)] Child process died (type=6) pid=25548)
10-30 12:32:35.448 25165 25165 E cr_BTSPrefs: No data found for task id: 53
10-30 12:32:35.449 25165 25165 E cr_BkgrdTaskScheduler: Task cannot be canceled because no data was found instorage or data was invalid
10-30 12:32:35.450 13859 13900 E native  : document-store.cc:1328 Failed to update per-doc-data with usage report
10-30 12:32:35.468 13859 13900 I Icing   : Usage reports ok 1, Failed Usage reports 1, indexed 0, rejected 0
10-30 12:32:35.470 13859 13900 W Icing   : No valid account for uploading user actions
10-30 12:32:35.483 13859 13900 I Icing   : Usage reports ok 0, Failed Usage reports 0, indexed 0, rejected 0
10-30 12:32:35.484 13859 13900 I Icing   : Removing corpus key com.android.chrome-omnibox for package com.android.chrome
10-30 12:32:35.556 13859 13900 I native  : document-store.cc:1654 Scored 1731 usage reports, missing_corpora 912 update_failed 1
10-30 12:32:35.600 13859 13900 W Icing   : No valid account for uploading user actions
10-30 12:32:35.622 13859 13900 I Icing   : Usage reports ok 0, Failed Usage reports 0, indexed 0, rejected 0
10-30 12:32:35.623 13859 13900 I Icing   : Indexing com.android.chrome-omnibox from com.android.chrome
10-30 12:32:35.890 13859 13900 I Icing   : Indexing done com.android.chrome-omnibox
10-30 12:32:36.503 25165 25175 W art     : Suspending all threads took: 6.287ms
10-30 12:32:36.529 25165 25175 I art     : Background sticky concurrent mark sweep GC freed 16603(874KB) AllocSpace objects, 8(156KB) LOS objects, 5% free, 17MB/18MB, paused 7.026ms total 39.986ms
10-30 12:32:36.586 25165 25222 I cr_omaha: Request to Server Successful. Timestamp for next request:1667133156586
10-30 12:32:36.623 25165 25222 I cr_omaha: Request to Server Successful. Timestamp for next request:1667133156623
10-30 12:32:36.623 25165 25222 I cr_omaha: Attempting to schedule next job for: Sun Oct 30 17:32:36 GMT+01:00 2022
10-30 12:32:36.625 25165 25165 I cr_omaha: Scheduled using JobService
10-30 12:32:36.625 25165 25165 E cr_BkgrdTaskJS: Tried finishing non-current BackgroundTask.
10-30 12:32:37.383   787 28590 W Icing   : isOptedInForAppHistory: empty Account Name encountered
10-30 12:32:37.436   787 28590 W Icing   : isOptedInForAppHistory: empty Account Name encountered
10-30 12:32:37.461   787 23989 W Icing   : isOptedInForAppHistory: empty Account Name encountered
10-30 12:32:40.083 25165 25218 W InstanceID: Instance ID SDK is deprecated, com.android.chrome should update to use Firebase Instance ID
10-30 12:32:41.687 25165 25165 E cr_BTSPrefs: No data found for task id: 57
10-30 12:32:41.687 25165 25165 E cr_BkgrdTaskScheduler: Task cannot be canceled because no data was found instorage or data was invalid
10-30 12:32:41.687 25165 25165 E cr_BTSPrefs: No data found for task id: 56
10-30 12:32:41.687 25165 25165 E cr_BkgrdTaskScheduler: Task cannot be canceled because no data was found instorage or data was invalid
10-30 12:32:46.165 25165 25165 I cr_tabmodel: Appending tabs being restored to metadata lists, 0, startingNormalCount: 2, startingIncognitoCount: 0
10-30 12:32:46.165 25165 25165 I cr_tabmodel: Serializing tab lists; counts: 2, 0
10-30 12:32:47.929 25738 25738 D AndroidRuntime: >>>>>> START com.android.internal.os.RuntimeInit uid 2000 <<<<<<
10-30 12:32:47.932 25738 25738 D AndroidRuntime: CheckJNI is OFF
10-30 12:32:47.998 25738 25738 D ICU     : No timezone override file found: /data/misc/zoneinfo/current/icu/icu_tzdata.dat
10-30 12:32:48.029 25738 25738 I Radio-JNI: register_android_hardware_Radio DONE
10-30 12:32:48.045 25738 25738 D AndroidRuntime: Calling main entry com.android.commands.monkey.Monkey
10-30 12:32:48.114   600   613 W BroadcastQueue: Skipping deliver [background] BroadcastRecord{e53d0dc u-1 android.net.conn.CONNECTIVITY_CHANGE} to ReceiverList{97b25e5 25738 (unknown name)/2000/u-1 remote:69dafae}: process crashing
10-30 12:32:49.651 25738 25738 D MonkeyStub: translateCommand: wake
10-30 12:32:49.827 25738 25738 D MonkeyStub: translateCommand: tap 1152 1659
10-30 12:33:00.041 25738 25738 D MonkeyStub: translateCommand: tap 1248 1553
10-30 12:33:00.565   787  1259 E AsyncOperation: serviceID=121, operation=GetLaunchDataOperation [CONTEXT service_id=259 ]
10-30 12:33:00.565   787  1259 E AsyncOperation: OperationException[Status{statusCode=Not an instant app, resolution=null}]
10-30 12:33:00.565   787  1259 E AsyncOperation: 	at aeay.a(:com.google.android.gms@203915020@20.39.15 (040406-335085812):20)
10-30 12:33:00.565   787  1259 E AsyncOperation: 	at aain.run(:com.google.android.gms@203915020@20.39.15 (040406-335085812):7)
10-30 12:33:00.565   787  1259 E AsyncOperation: 	at boex.run(:com.google.android.gms@203915020@20.39.15 (040406-335085812):2)
10-30 12:33:00.565   787  1259 E AsyncOperation: 	at sup.b(:com.google.android.gms@203915020@20.39.15 (040406-335085812):12)
10-30 12:33:00.565   787  1259 E AsyncOperation: 	at sup.run(:com.google.android.gms@203915020@20.39.15 (040406-335085812):7)
10-30 12:33:00.565   787  1259 E AsyncOperation: 	at java.util.concurrent.ThreadPoolExecutor.runWorker(ThreadPoolExecutor.java:1133)
10-30 12:33:00.565   787  1259 E AsyncOperation: 	at java.util.concurrent.ThreadPoolExecutor$Worker.run(ThreadPoolExecutor.java:607)
10-30 12:33:00.565   787  1259 E AsyncOperation: 	at tam.run(:com.google.android.gms@203915020@20.39.15 (040406-335085812):0)
10-30 12:33:00.565   787  1259 E AsyncOperation: 	at java.lang.Thread.run(Thread.java:761)
10-30 12:33:00.741   600   609 I art     : Background partial concurrent mark sweep GC freed 56170(3MB) AllocSpace objects, 43(1704KB) LOS objects, 33% free, 15MB/23MB, paused 1.160ms total 113.749ms
10-30 12:33:01.296   787  1620 W Icing   : isOptedInForAppHistory: empty Account Name encountered
10-30 12:33:01.322   787  1620 W Icing   : isOptedInForAppHistory: empty Account Name encountered
10-30 12:33:01.465   787 22443 W Icing   : isOptedInForAppHistory: empty Account Name encountered
10-30 12:33:05.023 13859 13908 I Icing   : IndexChimeraService.getServiceInterface callingPackage=com.android.chrome componentName=null serviceId=36
10-30 12:33:05.034 13859 13900 W Icing   : No valid account for uploading user actions
10-30 12:33:05.063 13859 13915 I Icing   : IndexChimeraService.getServiceInterface callingPackage=com.google.android.gms componentName=null serviceId=30
10-30 12:33:05.198 13859 13900 I Icing   : Usage reports ok 2, Failed Usage reports 0, indexed 2, rejected 0
10-30 12:33:05.206 13859 13900 W Icing   : No valid account for uploading user actions
10-30 12:33:05.217 13859 13900 I Icing   : Usage reports ok 0, Failed Usage reports 0, indexed 0, rejected 0
10-30 12:33:05.224 13859 13900 I Icing   : Indexing com.android.chrome-omnibox from com.android.chrome
10-30 12:33:05.279 13859 13900 I Icing   : Indexing done com.android.chrome-omnibox
10-30 12:33:05.803 25165 25165 I cr_tabmodel: Appending tabs being restored to metadata lists, 0, startingNormalCount: 2, startingIncognitoCount: 0
10-30 12:33:05.803 25165 25165 I cr_tabmodel: Serializing tab lists; counts: 2, 0
10-30 12:33:05.829 25639 25683 E chromium: [ERROR:document_metadata_extractor.cc(270)] Failed to parse json.
10-30 12:33:06.245   787  1245 W Icing   : isOptedInForAppHistory: empty Account Name encountered
10-30 12:33:06.262   787 23989 W Icing   : isOptedInForAppHistory: empty Account Name encountered
10-30 12:33:07.211 25738 25738 D MonkeyStub: translateCommand: touch down 614 1561
10-30 12:33:07.236 25738 25738 D MonkeyStub: translateCommand: touch move 614 1561
10-30 12:33:07.342 25738 25738 D MonkeyStub: translateCommand: touch move 614 1436
10-30 12:33:07.447 25738 25738 D MonkeyStub: translateCommand: touch move 614 1311
10-30 12:33:07.559 25738 25738 D MonkeyStub: translateCommand: touch move 614 1186
10-30 12:33:07.675 25738 25738 D MonkeyStub: translateCommand: touch move 614 1061
10-30 12:33:07.783 25738 25738 D MonkeyStub: translateCommand: touch move 614 937
10-30 12:33:07.890 25738 25738 D MonkeyStub: translateCommand: touch move 614 812
10-30 12:33:07.999 25738 25738 D MonkeyStub: translateCommand: touch move 614 687
10-30 12:33:08.103 25738 25738 D MonkeyStub: translateCommand: touch move 614 562
10-30 12:33:08.213 25738 25738 D MonkeyStub: translateCommand: touch move 614 437
10-30 12:33:08.332 25738 25738 D MonkeyStub: translateCommand: touch move 614 312
10-30 12:33:08.336 25738 25738 D MonkeyStub: translateCommand: touch up 614 312
10-30 12:33:08.367 25738 25738 D MonkeyStub: translateCommand: touch down 614 1561
10-30 12:33:08.377 25738 25738 D MonkeyStub: translateCommand: touch move 614 1561
10-30 12:33:08.489 25738 25738 D MonkeyStub: translateCommand: touch move 614 1436
10-30 12:33:08.594 25738 25738 D MonkeyStub: translateCommand: touch move 614 1311
10-30 12:33:08.701 25738 25738 D MonkeyStub: translateCommand: touch move 614 1186
10-30 12:33:08.818 25738 25738 D MonkeyStub: translateCommand: touch move 614 1061
10-30 12:33:08.923 25738 25738 D MonkeyStub: translateCommand: touch move 614 937
10-30 12:33:09.030 25738 25738 D MonkeyStub: translateCommand: touch move 614 812
10-30 12:33:09.154 25738 25738 D MonkeyStub: translateCommand: touch move 614 687
10-30 12:33:09.263 25738 25738 D MonkeyStub: translateCommand: touch move 614 562
10-30 12:33:09.371 25738 25738 D MonkeyStub: translateCommand: touch move 614 437
10-30 12:33:09.485 25738 25738 D MonkeyStub: translateCommand: touch move 614 312
10-30 12:33:09.491 25738 25738 D MonkeyStub: translateCommand: touch up 614 312
10-30 12:33:10.602   600  3994 I ActivityManager: Start proc 25777:com.android.chrome:sandboxed_process22/u0i691 for service com.android.chrome/org.chromium.content.app.SandboxedProcessService22
10-30 12:33:10.657 25777 25777 W boxed_process22: type=1400 audit(0.0:6208): avc: denied { getattr } for path="/data/data/com.android.chrome" dev="dm-2" ino=12190 scontext=u:r:isolated_app:s0:c512,c768 tcontext=u:object_r:app_data_file:s0:c512,c768 tclass=dir permissive=0
10-30 12:33:10.682 25777 25777 I cr_ChildProcessService: Creating new ChildProcessService pid=25777
10-30 12:33:10.725 25777 25790 I cr_LibraryLoader: Loaded native library version number "85.0.4183.127"
10-30 12:33:10.725 25777 25790 I cr_CachingUmaRecorder: Flushed 1 samples from 1 histograms.
10-30 12:33:10.740 25790 25790 W CrUtilityMain: type=1400 audit(0.0:6209): avc: denied { setattr } for name="LICENSE.txt" dev="dm-2" ino=48952 scontext=u:r:isolated_app:s0:c512,c768 tcontext=u:object_r:app_data_file:s0:c512,c768 tclass=file permissive=0
10-30 12:33:10.740 25790 25790 W CrUtilityMain: type=1400 audit(0.0:6210): avc: denied { setattr } for name=46696C746572696E672052756C6573 dev="dm-2" ino=49099 scontext=u:r:isolated_app:s0:c512,c768 tcontext=u:object_r:app_data_file:s0:c512,c768 tclass=file permissive=0
10-30 12:33:10.744 25790 25790 W CrUtilityMain: type=1400 audit(0.0:6211): avc: denied { setattr } for name="manifest.json" dev="dm-2" ino=49662 scontext=u:r:isolated_app:s0:c512,c768 tcontext=u:object_r:app_data_file:s0:c512,c768 tclass=file permissive=0
10-30 12:33:10.744 25790 25790 W CrUtilityMain: type=1400 audit(0.0:6212): avc: denied { setattr } for name="verified_contents.json" dev="dm-2" ino=49943 scontext=u:r:isolated_app:s0:c512,c768 tcontext=u:object_r:app_data_file:s0:c512,c768 tclass=file permissive=0
10-30 12:33:10.752 25777 25790 I chromium: [INFO:child_process_service.cc(69)] ChildProcessService: Exiting child process.
10-30 12:33:10.757   197   197 E lowmemorykiller: Error writing /proc/25777/oom_score_adj; errno=22
10-30 12:33:10.773   600  7064 I ActivityManager: Process com.android.chrome:sandboxed_process22 (pid 25777) has died
10-30 12:33:10.773   600  7064 D ActivityManager: cleanUpApplicationRecord -- 25777
10-30 12:33:10.774 25165 25165 W chromium: [WARNING:compositor_view.cc(315)] Child process died (type=6) pid=25777)
10-30 12:33:11.526   600  3509 I ActivityManager: Start proc 25795:com.android.chrome:sandboxed_process23/u0i692 for service com.android.chrome/org.chromium.content.app.SandboxedProcessService23
10-30 12:33:11.590 25795 25795 W boxed_process23: type=1400 audit(0.0:6213): avc: denied { getattr } for path="/data/data/com.android.chrome" dev="dm-2" ino=12190 scontext=u:r:isolated_app:s0:c512,c768 tcontext=u:object_r:app_data_file:s0:c512,c768 tclass=dir permissive=0
10-30 12:33:11.624 25795 25795 I cr_ChildProcessService: Creating new ChildProcessService pid=25795
10-30 12:33:11.684 25795 25808 I cr_LibraryLoader: Loaded native library version number "85.0.4183.127"
10-30 12:33:11.685 25795 25808 I cr_CachingUmaRecorder: Flushed 1 samples from 1 histograms.
10-30 12:33:11.734 25808 25808 W CrUtilityMain: type=1400 audit(0.0:6214): avc: denied { setattr } for name="tl_en-us_2022-10-17_483521407_100000_index.bin" dev="dm-2" ino=51805 scontext=u:r:isolated_app:s0:c512,c768 tcontext=u:object_r:app_data_file:s0:c512,c768 tclass=file permissive=0
10-30 12:33:11.734 25808 25808 W CrUtilityMain: type=1400 audit(0.0:6215): avc: denied { setattr } for name="manifest.json" dev="dm-2" ino=51906 scontext=u:r:isolated_app:s0:c512,c768 tcontext=u:object_r:app_data_file:s0:c512,c768 tclass=file permissive=0
10-30 12:33:11.737 25808 25808 W CrUtilityMain: type=1400 audit(0.0:6216): avc: denied { setattr } for name="verified_contents.json" dev="dm-2" ino=52054 scontext=u:r:isolated_app:s0:c512,c768 tcontext=u:object_r:app_data_file:s0:c512,c768 tclass=file permissive=0
10-30 12:33:11.748 25795 25808 I chromium: [INFO:child_process_service.cc(69)] ChildProcessService: Exiting child process.
10-30 12:33:11.749   197   197 E lowmemorykiller: Error writing /proc/25795/oom_score_adj; errno=22
10-30 12:33:11.798   600  7064 I ActivityManager: Process com.android.chrome:sandboxed_process23 (pid 25795) has died
10-30 12:33:11.798   600  7064 D ActivityManager: cleanUpApplicationRecord -- 25795
10-30 12:33:11.801 25165 25165 W chromium: [WARNING:compositor_view.cc(315)] Child process died (type=6) pid=25795)
10-30 12:33:12.741 25738 25738 D MonkeyStub: translateCommand: touch down 614 1561
10-30 12:33:12.751 25738 25738 D MonkeyStub: translateCommand: touch move 614 1561
10-30 12:33:12.803   600 16391 I ActivityManager: Start proc 25813:com.android.chrome:sandboxed_process24/u0i693 for service com.android.chrome/org.chromium.content.app.SandboxedProcessService24
10-30 12:33:12.862 25738 25738 D MonkeyStub: translateCommand: touch move 614 1436
10-30 12:33:12.900 25813 25813 W boxed_process24: type=1400 audit(0.0:6217): avc: denied { getattr } for path="/data/data/com.android.chrome" dev="dm-2" ino=12190 scontext=u:r:isolated_app:s0:c512,c768 tcontext=u:object_r:app_data_file:s0:c512,c768 tclass=dir permissive=0
10-30 12:33:12.931 25813 25813 I cr_ChildProcessService: Creating new ChildProcessService pid=25813
10-30 12:33:12.979 25813 25826 I cr_LibraryLoader: Loaded native library version number "85.0.4183.127"
10-30 12:33:12.980 25813 25826 I cr_CachingUmaRecorder: Flushed 1 samples from 1 histograms.
10-30 12:33:12.985 25738 25738 D MonkeyStub: translateCommand: touch move 614 1311
10-30 12:33:13.000 25826 25826 W CrUtilityMain: type=1400 audit(0.0:6218): avc: denied { setattr } for name="optimization-hints.pb" dev="dm-2" ino=52752 scontext=u:r:isolated_app:s0:c512,c768 tcontext=u:object_r:app_data_file:s0:c512,c768 tclass=file permissive=0
10-30 12:33:13.000 25826 25826 W CrUtilityMain: type=1400 audit(0.0:6219): avc: denied { setattr } for name="manifest.json" dev="dm-2" ino=52475 scontext=u:r:isolated_app:s0:c512,c768 tcontext=u:object_r:app_data_file:s0:c512,c768 tclass=file permissive=0
10-30 12:33:13.004 25826 25826 W CrUtilityMain: type=1400 audit(0.0:6220): avc: denied { setattr } for name="verified_contents.json" dev="dm-2" ino=53013 scontext=u:r:isolated_app:s0:c512,c768 tcontext=u:object_r:app_data_file:s0:c512,c768 tclass=file permissive=0
10-30 12:33:13.024 25813 25826 I chromium: [INFO:child_process_service.cc(69)] ChildProcessService: Exiting child process.
10-30 12:33:13.025 25813 25813 I cr_ChildProcessService: Destroying ChildProcessService pid=25813
10-30 12:33:13.048   600  1076 I ActivityManager: Process com.android.chrome:sandboxed_process24 (pid 25813) has died
10-30 12:33:13.048   600  1076 D ActivityManager: cleanUpApplicationRecord -- 25813
10-30 12:33:13.062 25165 25165 W chromium: [WARNING:compositor_view.cc(315)] Child process died (type=6) pid=25813)
10-30 12:33:13.095 25738 25738 D MonkeyStub: translateCommand: touch move 614 1186
10-30 12:33:13.202 25738 25738 D MonkeyStub: translateCommand: touch move 614 1061
10-30 12:33:13.322 25738 25738 D MonkeyStub: translateCommand: touch move 614 937
10-30 12:33:13.456 25738 25738 D MonkeyStub: translateCommand: touch move 614 812
10-30 12:33:13.568 25738 25738 D MonkeyStub: translateCommand: touch move 614 687
10-30 12:33:13.674 25738 25738 D MonkeyStub: translateCommand: touch move 614 562
10-30 12:33:13.783 25738 25738 D MonkeyStub: translateCommand: touch move 614 437
10-30 12:33:13.899 25738 25738 D MonkeyStub: translateCommand: touch move 614 312
10-30 12:33:13.905 25738 25738 D MonkeyStub: translateCommand: touch up 614 312
10-30 12:33:14.340   600  1080 I ActivityManager: Start proc 25838:com.android.chrome:sandboxed_process25/u0i694 for service com.android.chrome/org.chromium.content.app.SandboxedProcessService25
10-30 12:33:14.380 25838 25838 W boxed_process25: type=1400 audit(0.0:6221): avc: denied { getattr } for path="/data/data/com.android.chrome" dev="dm-2" ino=12190 scontext=u:r:isolated_app:s0:c512,c768 tcontext=u:object_r:app_data_file:s0:c512,c768 tclass=dir permissive=0
10-30 12:33:14.404 25838 25838 I cr_ChildProcessService: Creating new ChildProcessService pid=25838
10-30 12:33:14.440 25838 25851 I cr_LibraryLoader: Loaded native library version number "85.0.4183.127"
10-30 12:33:14.440 25838 25851 I cr_CachingUmaRecorder: Flushed 1 samples from 1 histograms.
10-30 12:33:14.454 25851 25851 W CrUtilityMain: type=1400 audit(0.0:6222): avc: denied { setattr } for name="crl-set" dev="dm-2" ino=53754 scontext=u:r:isolated_app:s0:c512,c768 tcontext=u:object_r:app_data_file:s0:c512,c768 tclass=file permissive=0
10-30 12:33:14.457 25851 25851 W CrUtilityMain: type=1400 audit(0.0:6223): avc: denied { setattr } for name="manifest.json" dev="dm-2" ino=53870 scontext=u:r:isolated_app:s0:c512,c768 tcontext=u:object_r:app_data_file:s0:c512,c768 tclass=file permissive=0
10-30 12:33:14.457 25851 25851 W CrUtilityMain: type=1400 audit(0.0:6224): avc: denied { setattr } for name="LICENSE" dev="dm-2" ino=54050 scontext=u:r:isolated_app:s0:c512,c768 tcontext=u:object_r:app_data_file:s0:c512,c768 tclass=file permissive=0
10-30 12:33:14.460 25851 25851 W CrUtilityMain: type=1400 audit(0.0:6225): avc: denied { setattr } for name="verified_contents.json" dev="dm-2" ino=54430 scontext=u:r:isolated_app:s0:c512,c768 tcontext=u:object_r:app_data_file:s0:c512,c768 tclass=file permissive=0
10-30 12:33:14.471 25838 25851 I chromium: [INFO:child_process_service.cc(69)] ChildProcessService: Exiting child process.
10-30 12:33:14.471   197   197 E lowmemorykiller: Error writing /proc/25838/oom_score_adj; errno=22
10-30 12:33:14.486   600  6312 I ActivityManager: Process com.android.chrome:sandboxed_process25 (pid 25838) has died
10-30 12:33:14.486   600  6312 D ActivityManager: cleanUpApplicationRecord -- 25838
10-30 12:33:14.489 25165 25165 W chromium: [WARNING:compositor_view.cc(315)] Child process died (type=6) pid=25838)
10-30 12:33:16.018   600  3675 I ActivityManager: Start proc 25855:com.android.chrome:sandboxed_process26/u0i695 for service com.android.chrome/org.chromium.content.app.SandboxedProcessService26
10-30 12:33:16.074 25855 25855 W boxed_process26: type=1400 audit(0.0:6226): avc: denied { getattr } for path="/data/data/com.android.chrome" dev="dm-2" ino=12190 scontext=u:r:isolated_app:s0:c512,c768 tcontext=u:object_r:app_data_file:s0:c512,c768 tclass=dir permissive=0
10-30 12:33:16.106 25855 25855 I cr_ChildProcessService: Creating new ChildProcessService pid=25855
10-30 12:33:16.158 25855 25868 I cr_LibraryLoader: Loaded native library version number "85.0.4183.127"
10-30 12:33:16.159 25855 25868 I cr_CachingUmaRecorder: Flushed 1 samples from 1 histograms.
10-30 12:33:16.170 25868 25868 W CrUtilityMain: type=1400 audit(0.0:6227): avc: denied { setattr } for name="manifest.json" dev="dm-2" ino=55371 scontext=u:r:isolated_app:s0:c512,c768 tcontext=u:object_r:app_data_file:s0:c512,c768 tclass=file permissive=0
10-30 12:33:16.174 25868 25868 W CrUtilityMain: type=1400 audit(0.0:6228): avc: denied { setattr } for name="verified_contents.json" dev="dm-2" ino=55810 scontext=u:r:isolated_app:s0:c512,c768 tcontext=u:object_r:app_data_file:s0:c512,c768 tclass=file permissive=0
10-30 12:33:16.183 25855 25855 I cr_ChildProcessService: Destroying ChildProcessService pid=25855
10-30 12:33:16.184 25855 25868 I chromium: [INFO:child_process_service.cc(69)] ChildProcessService: Exiting child process.
10-30 12:33:16.196   600  9614 I ActivityManager: Process com.android.chrome:sandboxed_process26 (pid 25855) has died
10-30 12:33:16.196   600  9614 D ActivityManager: cleanUpApplicationRecord -- 25855
10-30 12:33:16.197 25165 25165 W chromium: [WARNING:compositor_view.cc(315)] Child process died (type=6) pid=25855)
10-30 12:33:17.986   600 24515 I ActivityManager: Start proc 25877:com.android.chrome:sandboxed_process27/u0i696 for service com.android.chrome/org.chromium.content.app.SandboxedProcessService27
10-30 12:33:18.024 25877 25877 W boxed_process27: type=1400 audit(0.0:6229): avc: denied { getattr } for path="/data/data/com.android.chrome" dev="dm-2" ino=12190 scontext=u:r:isolated_app:s0:c512,c768 tcontext=u:object_r:app_data_file:s0:c512,c768 tclass=dir permissive=0
10-30 12:33:18.047 25877 25877 I cr_ChildProcessService: Creating new ChildProcessService pid=25877
10-30 12:33:18.086 25877 25890 I cr_LibraryLoader: Loaded native library version number "85.0.4183.127"
10-30 12:33:18.086 25877 25890 I cr_CachingUmaRecorder: Flushed 1 samples from 1 histograms.
10-30 12:33:18.097 25890 25890 W CrUtilityMain: type=1400 audit(0.0:6230): avc: denied { setattr } for name="download_file_types.pb" dev="dm-2" ino=56012 scontext=u:r:isolated_app:s0:c512,c768 tcontext=u:object_r:app_data_file:s0:c512,c768 tclass=file permissive=0
10-30 12:33:18.100 25890 25890 W CrUtilityMain: type=1400 audit(0.0:6231): avc: denied { setattr } for name="manifest.json" dev="dm-2" ino=56328 scontext=u:r:isolated_app:s0:c512,c768 tcontext=u:object_r:app_data_file:s0:c512,c768 tclass=file permissive=0
10-30 12:33:18.100 25890 25890 W CrUtilityMain: type=1400 audit(0.0:6232): avc: denied { setattr } for name="verified_contents.json" dev="dm-2" ino=56549 scontext=u:r:isolated_app:s0:c512,c768 tcontext=u:object_r:app_data_file:s0:c512,c768 tclass=file permissive=0
10-30 12:33:18.107 25877 25890 I chromium: [INFO:child_process_service.cc(69)] ChildProcessService: Exiting child process.
10-30 12:33:18.110   197   197 E lowmemorykiller: Error writing /proc/25877/oom_score_adj; errno=22
10-30 12:33:18.123   600 17381 I ActivityManager: Process com.android.chrome:sandboxed_process27 (pid 25877) has died
10-30 12:33:18.123   600 17381 D ActivityManager: cleanUpApplicationRecord -- 25877
10-30 12:33:18.124 25165 25165 W chromium: [WARNING:compositor_view.cc(315)] Child process died (type=6) pid=25877)
10-30 12:33:19.097 25738 25738 D MonkeyStub: translateCommand: touch down 614 1561
10-30 12:33:19.123 25738 25738 D MonkeyStub: translateCommand: touch move 614 1561
10-30 12:33:19.233 25738 25738 D MonkeyStub: translateCommand: touch move 614 1436
10-30 12:33:19.348 25738 25738 D MonkeyStub: translateCommand: touch move 614 1311
10-30 12:33:19.457 25738 25738 D MonkeyStub: translateCommand: touch move 614 1186
10-30 12:33:19.568 25738 25738 D MonkeyStub: translateCommand: touch move 614 1061
10-30 12:33:19.699 25738 25738 D MonkeyStub: translateCommand: touch move 614 937
10-30 12:33:19.806 25738 25738 D MonkeyStub: translateCommand: touch move 614 812
10-30 12:33:19.920 25738 25738 D MonkeyStub: translateCommand: touch move 614 687
10-30 12:33:20.035 25738 25738 D MonkeyStub: translateCommand: touch move 614 562
10-30 12:33:20.089   600  1081 I ActivityManager: Start proc 25894:com.android.chrome:sandboxed_process28/u0i697 for service com.android.chrome/org.chromium.content.app.SandboxedProcessService28
10-30 12:33:20.134 25894 25894 W boxed_process28: type=1400 audit(0.0:6233): avc: denied { getattr } for path="/data/data/com.android.chrome" dev="dm-2" ino=12190 scontext=u:r:isolated_app:s0:c512,c768 tcontext=u:object_r:app_data_file:s0:c512,c768 tclass=dir permissive=0
10-30 12:33:20.146 25738 25738 D MonkeyStub: translateCommand: touch move 614 437
10-30 12:33:20.158 25894 25894 I cr_ChildProcessService: Creating new ChildProcessService pid=25894
10-30 12:33:20.219 25894 25907 I cr_LibraryLoader: Loaded native library version number "85.0.4183.127"
10-30 12:33:20.219 25894 25907 I cr_CachingUmaRecorder: Flushed 1 samples from 1 histograms.
10-30 12:33:20.237 25907 25907 W CrUtilityMain: type=1400 audit(0.0:6234): avc: denied { setattr } for name="ssl_error_assistant.pb" dev="dm-2" ino=56444 scontext=u:r:isolated_app:s0:c512,c768 tcontext=u:object_r:app_data_file:s0:c512,c768 tclass=file permissive=0
10-30 12:33:20.240 25907 25907 W CrUtilityMain: type=1400 audit(0.0:6235): avc: denied { setattr } for name="manifest.json" dev="dm-2" ino=57198 scontext=u:r:isolated_app:s0:c512,c768 tcontext=u:object_r:app_data_file:s0:c512,c768 tclass=file permissive=0
10-30 12:33:20.244 25907 25907 W CrUtilityMain: type=1400 audit(0.0:6236): avc: denied { setattr } for name="verified_contents.json" dev="dm-2" ino=57221 scontext=u:r:isolated_app:s0:c512,c768 tcontext=u:object_r:app_data_file:s0:c512,c768 tclass=file permissive=0
10-30 12:33:20.253 25894 25894 I cr_ChildProcessService: Destroying ChildProcessService pid=25894
10-30 12:33:20.254 25894 25907 I chromium: [INFO:child_process_service.cc(69)] ChildProcessService: Exiting child process.
10-30 12:33:20.257 25738 25738 D MonkeyStub: translateCommand: touch move 614 312
10-30 12:33:20.264 25738 25738 D MonkeyStub: translateCommand: touch up 614 312
10-30 12:33:20.283   600 16391 I ActivityManager: Process com.android.chrome:sandboxed_process28 (pid 25894) has died
10-30 12:33:20.283   600 16391 D ActivityManager: cleanUpApplicationRecord -- 25894
10-30 12:33:20.297 25165 25165 W chromium: [WARNING:compositor_view.cc(315)] Child process died (type=6) pid=25894)
10-30 12:33:20.327   600  1080 I ActivityManager: Start proc 25914:com.android.chrome:sandboxed_process29/u0i698 for service com.android.chrome/org.chromium.content.app.SandboxedProcessService29
10-30 12:33:20.370 25914 25914 W boxed_process29: type=1400 audit(0.0:6237): avc: denied { getattr } for path="/data/data/com.android.chrome" dev="dm-2" ino=12190 scontext=u:r:isolated_app:s0:c512,c768 tcontext=u:object_r:app_data_file:s0:c512,c768 tclass=dir permissive=0
10-30 12:33:20.390 25914 25914 I cr_ChildProcessService: Creating new ChildProcessService pid=25914
10-30 12:33:20.427 25914 25927 I cr_LibraryLoader: Loaded native library version number "85.0.4183.127"
10-30 12:33:20.427 25914 25927 I cr_CachingUmaRecorder: Flushed 1 samples from 1 histograms.
10-30 12:33:20.440 25927 25927 W CrUtilityMain: type=1400 audit(0.0:6238): avc: denied { setattr } for name="safety_tips.pb" dev="dm-2" ino=57721 scontext=u:r:isolated_app:s0:c512,c768 tcontext=u:object_r:app_data_file:s0:c512,c768 tclass=file permissive=0
10-30 12:33:20.440 25927 25927 W CrUtilityMain: type=1400 audit(0.0:6239): avc: denied { setattr } for name="manifest.json" dev="dm-2" ino=57773 scontext=u:r:isolated_app:s0:c512,c768 tcontext=u:object_r:app_data_file:s0:c512,c768 tclass=file permissive=0
10-30 12:33:20.444 25927 25927 W CrUtilityMain: type=1400 audit(0.0:6240): avc: denied { setattr } for name="verified_contents.json" dev="dm-2" ino=57493 scontext=u:r:isolated_app:s0:c512,c768 tcontext=u:object_r:app_data_file:s0:c512,c768 tclass=file permissive=0
10-30 12:33:20.451 25914 25927 I chromium: [INFO:child_process_service.cc(69)] ChildProcessService: Exiting child process.
10-30 12:33:20.483   600 13631 I ActivityManager: Process com.android.chrome:sandboxed_process29 (pid 25914) has died
10-30 12:33:20.483   600 13631 D ActivityManager: cleanUpApplicationRecord -- 25914
10-30 12:33:20.483 25165 25165 W chromium: [WARNING:compositor_view.cc(315)] Child process died (type=6) pid=25914)
10-30 12:33:20.732   600  9614 I ActivityManager: Start proc 25931:com.android.chrome:sandboxed_process30/u0i699 for service com.android.chrome/org.chromium.content.app.SandboxedProcessService30
10-30 12:33:20.777 25931 25931 W boxed_process30: type=1400 audit(0.0:6241): avc: denied { getattr } for path="/data/data/com.android.chrome" dev="dm-2" ino=12190 scontext=u:r:isolated_app:s0:c512,c768 tcontext=u:object_r:app_data_file:s0:c512,c768 tclass=dir permissive=0
10-30 12:33:20.804 25931 25931 I cr_ChildProcessService: Creating new ChildProcessService pid=25931
10-30 12:33:20.850 25931 25944 I cr_LibraryLoader: Loaded native library version number "85.0.4183.127"
10-30 12:33:20.850 25931 25944 I cr_CachingUmaRecorder: Flushed 1 samples from 1 histograms.
10-30 12:33:20.864 25944 25944 W CrUtilityMain: type=1400 audit(0.0:6242): avc: denied { setattr } for name=5072656C6F61642044617461 dev="dm-2" ino=57600 scontext=u:r:isolated_app:s0:c512,c768 tcontext=u:object_r:app_data_file:s0:c512,c768 tclass=file permissive=0
10-30 12:33:20.867 25944 25944 W CrUtilityMain: type=1400 audit(0.0:6243): avc: denied { setattr } for name="manifest.json" dev="dm-2" ino=57539 scontext=u:r:isolated_app:s0:c512,c768 tcontext=u:object_r:app_data_file:s0:c512,c768 tclass=file permissive=0
10-30 12:33:20.867 25944 25944 W CrUtilityMain: type=1400 audit(0.0:6244): avc: denied { setattr } for name="verified_contents.json" dev="dm-2" ino=57525 scontext=u:r:isolated_app:s0:c512,c768 tcontext=u:object_r:app_data_file:s0:c512,c768 tclass=file permissive=0
10-30 12:33:20.882 25931 25931 I cr_ChildProcessService: Destroying ChildProcessService pid=25931
10-30 12:33:20.883 25931 25944 I chromium: [INFO:child_process_service.cc(69)] ChildProcessService: Exiting child process.
10-30 12:33:20.899   600 13631 I ActivityManager: Process com.android.chrome:sandboxed_process30 (pid 25931) has died
10-30 12:33:20.900 25165 25165 W chromium: [WARNING:compositor_view.cc(315)] Child process died (type=6) pid=25931)
10-30 12:33:20.901   600 13631 D ActivityManager: cleanUpApplicationRecord -- 25931
10-30 12:33:21.402   600 27731 I ActivityManager: Start proc 25950:com.android.chrome:sandboxed_process31/u0i700 for service com.android.chrome/org.chromium.content.app.SandboxedProcessService31
10-30 12:33:21.487 25950 25950 W boxed_process31: type=1400 audit(0.0:6245): avc: denied { getattr } for path="/data/data/com.android.chrome" dev="dm-2" ino=12190 scontext=u:r:isolated_app:s0:c512,c768 tcontext=u:object_r:app_data_file:s0:c512,c768 tclass=dir permissive=0
10-30 12:33:21.534 25950 25950 I cr_ChildProcessService: Creating new ChildProcessService pid=25950
10-30 12:33:21.615 25950 25966 I cr_LibraryLoader: Loaded native library version number "85.0.4183.127"
10-30 12:33:21.615 25950 25966 I cr_CachingUmaRecorder: Flushed 1 samples from 1 histograms.
10-30 12:33:21.634 25966 25966 W CrUtilityMain: type=1400 audit(0.0:6246): avc: denied { setattr } for name="tls_deprecation_config.pb" dev="dm-2" ino=58033 scontext=u:r:isolated_app:s0:c512,c768 tcontext=u:object_r:app_data_file:s0:c512,c768 tclass=file permissive=0
10-30 12:33:21.637 25966 25966 W CrUtilityMain: type=1400 audit(0.0:6247): avc: denied { setattr } for name="manifest.json" dev="dm-2" ino=57969 scontext=u:r:isolated_app:s0:c512,c768 tcontext=u:object_r:app_data_file:s0:c512,c768 tclass=file permissive=0
10-30 12:33:21.640 25966 25966 W CrUtilityMain: type=1400 audit(0.0:6248): avc: denied { setattr } for name="verified_contents.json" dev="dm-2" ino=58108 scontext=u:r:isolated_app:s0:c512,c768 tcontext=u:object_r:app_data_file:s0:c512,c768 tclass=file permissive=0
10-30 12:33:21.653 25950 25950 I cr_ChildProcessService: Destroying ChildProcessService pid=25950
10-30 12:33:21.654 25950 25966 I chromium: [INFO:child_process_service.cc(69)] ChildProcessService: Exiting child process.
10-30 12:33:21.686   600  3509 I ActivityManager: Process com.android.chrome:sandboxed_process31 (pid 25950) has died
10-30 12:33:21.686   600  3509 D ActivityManager: cleanUpApplicationRecord -- 25950
10-30 12:33:21.690 25165 25165 W chromium: [WARNING:compositor_view.cc(315)] Child process died (type=6) pid=25950)
10-30 12:33:21.729   198   198 E SELinux : avc:  denied  { find } for service=netd pid=25965 uid=2000 scontext=u:r:shell:s0 tcontext=u:object_r:netd_service:s0 tclass=service_manager permissive=0
10-30 12:33:21.734   198   198 E SELinux : avc:  denied  { find } for service=android.service.gatekeeper.IGateKeeperService pid=25965 uid=2000 scontext=u:r:shell:s0 tcontext=u:object_r:gatekeeper_service:s0 tclass=service_manager permissive=0
10-30 12:33:25.427 25738 25738 D MonkeyStub: Quit requested
10-30 12:33:25.480   600   614 I CwMcuSensor: CwMcuSensor::flush: fd = 210, sensors_id = 0, path = /sys/class/htc_sensorhub/sensor_hub/flush, err = 0
10-30 12:33:25.481 25738 25738 I art     : System.exit called, status: 56
10-30 12:33:25.485 25738 25738 I AndroidRuntime: VM exiting with result code 56.
10-30 12:33:25.511   600 29683 W WindowManager: Attempted to remove non-existing token: android.os.Binder@31918ba
10-30 12:33:31.432   787  1259 W ProcessReaper: Memory state is: 100
10-30 12:33:40.190   600   647 I WifiHAL : Got channel list with 13 channels
10-30 12:33:40.193   600   647 I WifiHAL : Got channel list with 4 channels
10-30 12:33:40.196   600   647 I WifiHAL : Got channel list with 15 channels
10-30 12:33:42.523 25991 25991 D AndroidRuntime: >>>>>> START com.android.internal.os.RuntimeInit uid 2000 <<<<<<
10-30 12:33:42.526 25991 25991 D AndroidRuntime: CheckJNI is OFF
10-30 12:33:42.640 25991 25991 D ICU     : No timezone override file found: /data/misc/zoneinfo/current/icu/icu_tzdata.dat
10-30 12:33:42.698 25991 25991 I Radio-JNI: register_android_hardware_Radio DONE
10-30 12:33:42.716 25991 25991 D AndroidRuntime: Calling main entry com.android.commands.am.Am
10-30 12:33:42.734   600  6312 I ActivityManager: Force stopping com.android.chrome appid=10035 user=0: from pid 25991
10-30 12:33:42.734   600  6312 I ActivityManager: Killing 25226:com.android.chrome:privileged_process0/u0a35 (adj 0): stop com.android.chrome
10-30 12:33:42.734   600  6312 D ActivityManager: cleanUpApplicationRecord -- 25226
10-30 12:33:42.734   600  6312 W ActivityManager: Scheduling restart of crashed service com.android.chrome/org.chromium.content.app.PrivilegedProcessService0 in 1000ms
10-30 12:33:42.737   600  6312 I ActivityManager: Killing 25165:com.android.chrome/u0a35 (adj 0): stop com.android.chrome
10-30 12:33:42.737   600  6312 D ActivityManager: cleanUpApplicationRecord -- 25165
10-30 12:33:42.751 25199 25199 I cr_ChildProcessService: Destroying ChildProcessService pid=25199
10-30 12:33:42.751   600  6312 W ActivityManager: Force removing ActivityRecord{c024be0 u0 com.android.chrome/com.google.android.apps.chrome.Main t1660}: app died, no saved state
10-30 12:33:42.759   600  6312 I ActivityManager: Killing 25639:com.android.chrome:sandboxed_process21/u0a35i690 (adj 0): isolated not needed
10-30 12:33:42.759   600  6312 I ActivityManager: Killing 25199:com.android.chrome:sandboxed_process0/u0a35i669 (adj 0): isolated not needed
10-30 12:33:42.777 25991 25991 D AndroidRuntime: Shutting down VM
10-30 12:33:42.777   600  3675 D ConnectivityService: ConnectivityService NetworkRequestInfo binderDied(NetworkRequest [ LISTEN id=870, [ Capabilities: INTERNET&NOT_RESTRICTED&TRUSTED&FOREGROUND] ], android.os.BinderProxy@ce578cd)
10-30 12:33:42.778   600  3675 D ConnectivityService: ConnectivityService NetworkRequestInfo binderDied(NetworkRequest [ LISTEN id=869, [ Capabilities: INTERNET&NOT_RESTRICTED&TRUSTED&FOREGROUND] ], android.os.BinderProxy@4111582)
10-30 12:33:42.778   600  3675 D ConnectivityService: ConnectivityService NetworkRequestInfo binderDied(NetworkRequest [ LISTEN id=867, [ Capabilities: INTERNET&NOT_RESTRICTED&TRUSTED&FOREGROUND] ], android.os.BinderProxy@45ff493)
10-30 12:33:42.778   600  3675 D ConnectivityService: ConnectivityService NetworkRequestInfo binderDied(NetworkRequest [ LISTEN id=868, [ Capabilities: INTERNET&NOT_RESTRICTED&TRUSTED&FOREGROUND] ], android.os.BinderProxy@6121cd0)
10-30 12:33:42.778   600  3675 D GraphicsStats: Buffer count: 2
10-30 12:33:42.780   600   649 E ConnectivityService: RemoteException caught trying to send a callback msg for NetworkRequest [ LISTEN id=870, [ Capabilities: INTERNET&NOT_RESTRICTED&TRUSTED&FOREGROUND] ]
