--------- beginning of main
11-02 11:36:18.726 12134 12134 D AndroidRuntime: >>>>>> START com.android.internal.os.RuntimeInit uid 2000 <<<<<<
11-02 11:36:18.729 12134 12134 D AndroidRuntime: CheckJNI is OFF
11-02 11:36:18.794 12134 12134 D ICU     : No timezone override file found: /data/misc/zoneinfo/current/icu/icu_tzdata.dat
11-02 11:36:18.823 12134 12134 I Radio-JNI: register_android_hardware_Radio DONE
11-02 11:36:18.838 12134 12134 D AndroidRuntime: Calling main entry com.android.commands.am.Am
--------- beginning of system
11-02 11:36:18.855   601  3564 I ActivityManager: Force stopping com.opera.browser appid=10122 user=0: from pid 12134
11-02 11:36:18.864  1052  1052 D RegisteredNfcFServicesCache: Service unchanged, not updating
11-02 11:36:19.111   601  2013 I ActivityManager: START u0 {act=android.intent.action.VIEW flg=0x10008000 cmp=com.opera.browser/com.opera.Opera} from uid 2000 on display 0
11-02 11:36:19.142 12134 12134 D AndroidRuntime: Shutting down VM
11-02 11:36:19.192   601  9643 I ActivityManager: Start proc 12144:com.opera.browser/u0a122 for activity com.opera.browser/com.opera.Opera
11-02 11:36:19.382 12144 12144 I art     : Starting a blocking GC AddRemoveAppImageSpace
11-02 11:36:19.434 12144 12144 I LoadedApk: No resource references to update in package com.opera.browser.nord_vpn
11-02 11:36:19.575 12144 12178 D NetworkSecurityConfig: Using Network Security Config from resource network_security_config_official_build debugBuild: false
11-02 11:36:19.581 12144 12144 I art     : Rejecting re-init on previously-failed class java.lang.Class<com.opera.android.job.a$j>: java.lang.NoClassDefFoundError: Failed resolution of: Landroid/app/job/JobServiceEngine;
11-02 11:36:19.581 12144 12144 I art     :   at void com.opera.android.OperaApplication.onCreate() (SourceFile:52)
11-02 11:36:19.581 12144 12144 I art     :   at void android.app.Instrumentation.callApplicationOnCreate(android.app.Application) (Instrumentation.java:1024)
11-02 11:36:19.581 12144 12144 I art     :   at void android.app.ActivityThread.handleBindApplication(android.app.ActivityThread$AppBindData) (ActivityThread.java:5403)
11-02 11:36:19.581 12144 12144 I art     :   at void android.app.ActivityThread.-wrap2(android.app.ActivityThread, android.app.ActivityThread$AppBindData) (ActivityThread.java:-1)
11-02 11:36:19.581 12144 12144 I art     :   at void android.app.ActivityThread$H.handleMessage(android.os.Message) (ActivityThread.java:1545)
11-02 11:36:19.581 12144 12144 I art     :   at void android.os.Handler.dispatchMessage(android.os.Message) (Handler.java:102)
11-02 11:36:19.581 12144 12144 I art     :   at void android.os.Looper.loop() (Looper.java:154)
11-02 11:36:19.581 12144 12144 I art     :   at void android.app.ActivityThread.main(java.lang.String[]) (ActivityThread.java:6119)
11-02 11:36:19.581 12144 12144 I art     :   at java.lang.Object java.lang.reflect.Method.invoke!(java.lang.Object, java.lang.Object[]) (Method.java:-2)
11-02 11:36:19.581 12144 12144 I art     :   at void com.android.internal.os.ZygoteInit$MethodAndArgsCaller.run() (ZygoteInit.java:886)
11-02 11:36:19.581 12144 12144 I art     :   at void com.android.internal.os.ZygoteInit.main(java.lang.String[]) (ZygoteInit.java:776)
11-02 11:36:19.581 12144 12144 I art     : Caused by: java.lang.ClassNotFoundException: Didn't find class "android.app.job.JobServiceEngine" on path: DexPathList[[zip file "/data/app/com.opera.browser-1/base.apk"],nativeLibraryDirectories=[/data/app/com.opera.browser-1/lib/arm, /data/app/com.opera.browser-1/base.apk!/lib/armeabi-v7a, /system/lib, /vendor/lib]]
11-02 11:36:19.581 12144 12144 I art     :   at java.lang.Class dalvik.system.BaseDexClassLoader.findClass(java.lang.String) (BaseDexClassLoader.java:56)
11-02 11:36:19.581 12144 12144 I art     :   at java.lang.Class java.lang.ClassLoader.loadClass(java.lang.String, boolean) (ClassLoader.java:380)
11-02 11:36:19.581 12144 12144 I art     :   at java.lang.Class java.lang.ClassLoader.loadClass(java.lang.String) (ClassLoader.java:312)
11-02 11:36:19.581 12144 12144 I art     :   at void com.opera.android.OperaApplication.onCreate() (SourceFile:52)
11-02 11:36:19.581 12144 12144 I art     :   at void android.app.Instrumentation.callApplicationOnCreate(android.app.Application) (Instrumentation.java:1024)
11-02 11:36:19.581 12144 12144 I art     :   at void android.app.ActivityThread.handleBindApplication(android.app.ActivityThread$AppBindData) (ActivityThread.java:5403)
11-02 11:36:19.581 12144 12144 I art     :   at void android.app.ActivityThread.-wrap2(android.app.ActivityThread, android.app.ActivityThread$AppBindData) (ActivityThread.java:-1)
11-02 11:36:19.581 12144 12144 I art     :   at void android.app.ActivityThread$H.handleMessage(android.os.Message) (ActivityThread.java:1545)
11-02 11:36:19.581 12144 12144 I art     :   at void android.os.Handler.dispatchMessage(android.os.Message) (Handler.java:102)
11-02 11:36:19.581 12144 12144 I art     :   at void android.os.Looper.loop() (Looper.java:154)
11-02 11:36:19.581 12144 12144 I art     :   at void android.app.ActivityThread.main(java.lang.String[]) (ActivityThread.java:6119)
11-02 11:36:19.581 12144 12144 I art     :   at java.lang.Object java.lang.reflect.Method.invoke!(java.lang.Object, java.lang.Object[]) (Method.java:-2)
11-02 11:36:19.581 12144 12144 I art     :   at void com.android.internal.os.ZygoteInit$MethodAndArgsCaller.run() (ZygoteInit.java:886)
11-02 11:36:19.581 12144 12144 I art     :   at void com.android.internal.os.ZygoteInit.main(java.lang.String[]) (ZygoteInit.java:776)
11-02 11:36:19.581 12144 12144 I art     : 
11-02 11:36:19.650 12144 12154 I art     : Background sticky concurrent mark sweep GC freed 8212(503KB) AllocSpace objects, 5(100KB) LOS objects, 17% free, 3MB/4MB, paused 9.533ms total 116.278ms
11-02 11:36:19.819 12144 12154 I art     : Background partial concurrent mark sweep GC freed 16159(788KB) AllocSpace objects, 6(120KB) LOS objects, 40% free, 4MB/7MB, paused 5.928ms total 105.273ms
11-02 11:36:19.866   601  4276 I ActivityManager: START u0 {act=android.intent.action.VIEW flg=0x10008000 cmp=com.opera.browser/com.opera.android.startup.WelcomeActivity} from uid 10122 on display 0
11-02 11:36:19.882   601 10729 W ActivityManager: Duplicate finish request for ActivityRecord{e085b07 u0 com.opera.browser/com.opera.Opera t1308 f}
11-02 11:36:20.156 12144 12154 I art     : Background sticky concurrent mark sweep GC freed 36655(3MB) AllocSpace objects, 16(460KB) LOS objects, 36% free, 5MB/7MB, paused 5.971ms total 209.551ms
11-02 11:36:20.169   601   610 I art     : Background partial concurrent mark sweep GC freed 22982(969KB) AllocSpace objects, 1(20KB) LOS objects, 33% free, 14MB/22MB, paused 1.879ms total 218.546ms
11-02 11:36:20.220 12144 12189 I FA      : App measurement initialized, version: 43042
11-02 11:36:20.220 12144 12189 I FA      : To enable debug logging run: adb shell setprop log.tag.FA VERBOSE
11-02 11:36:20.220 12144 12189 I FA      : To enable faster debug mode event logging run:
11-02 11:36:20.220 12144 12189 I FA      :   adb shell setprop debug.firebase.analytics.app com.opera.browser
11-02 11:36:20.313 12144 12255 I OpenGLRenderer: Initialized EGL, version 1.4
11-02 11:36:20.313 12144 12255 D OpenGLRenderer: Swap behavior 2
11-02 11:36:20.502 12144 12189 I FA      : Tag Manager is not found and thus will not be used
11-02 11:36:20.599   601   621 I ActivityManager: Displayed com.opera.browser/com.opera.android.startup.WelcomeActivity: +704ms (total +1s458ms)
11-02 11:36:20.693   601   621 W WindowManager: Failed looking up window
11-02 11:36:20.693   601   621 W WindowManager: java.lang.IllegalArgumentException: Requested window android.view.ViewRootImpl$W@f2b5cc does not exist
11-02 11:36:20.693   601   621 W WindowManager: 	at com.android.server.wm.WindowManagerService.windowForClientLocked(WindowManagerService.java:9422)
11-02 11:36:20.693   601   621 W WindowManager: 	at com.android.server.wm.WindowManagerService.windowForClientLocked(WindowManagerService.java:9413)
11-02 11:36:20.693   601   621 W WindowManager: 	at com.android.server.wm.WindowManagerService.removeWindow(WindowManagerService.java:2393)
11-02 11:36:20.693   601   621 W WindowManager: 	at com.android.server.wm.Session.remove(Session.java:202)
11-02 11:36:20.693   601   621 W WindowManager: 	at android.view.ViewRootImpl.dispatchDetachedFromWindow(ViewRootImpl.java:3290)
11-02 11:36:20.693   601   621 W WindowManager: 	at android.view.ViewRootImpl.doDie(ViewRootImpl.java:5917)
11-02 11:36:20.693   601   621 W WindowManager: 	at android.view.ViewRootImpl$ViewRootHandler.handleMessage(ViewRootImpl.java:3626)
11-02 11:36:20.693   601   621 W WindowManager: 	at android.os.Handler.dispatchMessage(Handler.java:102)
11-02 11:36:20.693   601   621 W WindowManager: 	at android.os.Looper.loop(Looper.java:154)
11-02 11:36:20.693   601   621 W WindowManager: 	at android.os.HandlerThread.run(HandlerThread.java:61)
11-02 11:36:20.693   601   621 W WindowManager: 	at com.android.server.ServiceThread.run(ServiceThread.java:46)
11-02 11:36:20.704   601 12691 I ActivityManager: Start proc 12281:com.opera.browser:privileged_process0/u0a122 for service com.opera.browser/com.opera.android.browser.chromium.services.PrivilegedProcessService0
11-02 11:36:20.715 12144 12269 W chromium: [WARNING:op_site_scripts.cc(424)] Failed to map /data/user/0/com.opera.browser/app_opera/sjs
11-02 11:36:20.822 12144 12154 I art     : Background sticky concurrent mark sweep GC freed 11351(1120KB) AllocSpace objects, 26(520KB) LOS objects, 24% free, 5MB/7MB, paused 5.739ms total 58.212ms
11-02 11:36:20.843 12281 12281 I art     : Starting a blocking GC AddRemoveAppImageSpace
11-02 11:36:20.869 12281 12281 I LoadedApk: No resource references to update in package com.opera.browser.nord_vpn
11-02 11:36:21.022 26552 26564 W SearchService: Abort, client detached.
11-02 11:36:21.025 26552 26552 I MemoryTrimmer: Trimming objects from memory, since app is in the background.
11-02 11:36:21.038  1065  1065 I MemoryTrimmer: Trimming objects from memory, since app is in the background.
11-02 11:36:21.044 12281 12311 E libEGL  : validate_display:99 error 3008 (EGL_BAD_DISPLAY)
11-02 11:36:21.086 26552 12037 I DeviceStateChecker: DeviceStateChecker cancelled
11-02 11:36:21.087 26552 26552 I MicroDetector: Keeping mic open: false
11-02 11:36:21.088 26552 26609 I AudioController: internalShutdown
11-02 11:36:21.088 26552 26609 I MicrophoneInputStream: mic_close com.google.android.apps.gsa.speech.audio.ae@6bdb761
11-02 11:36:21.089 26552 27106 I MicroRecognitionRunner: Stopping hotword detection.
11-02 11:36:21.113   237   285 I SoundTriggerHwService::Module: void android::SoundTriggerHwService::Module::onCallbackEvent(const sp<android::SoundTriggerHwService::CallbackEvent> &) mClient == 0
11-02 11:36:21.148 26552 12036 I MicroRecognitionRunner: Detection finished
11-02 11:36:21.188 26552 26552 I MemoryTrimmer: Trimming objects from memory, since app is in the background.
11-02 11:36:21.204 12281 12311 E libEGL  : validate_display:99 error 3008 (EGL_BAD_DISPLAY)
11-02 11:36:21.291   785  7584 W NetworkScheduler: Error inserting service_kind=0 source=16 tag=Measurement.PackageMeasurementTaskService.UPLOAD_TASK_TAG target_package=com.google.android.gms requires_charging=0 source_version=203915000 required_network_type=0 flex_time=2883000 persistence_level=1 target_class=com.google.android.gms.measurement.PackageMeasurementTaskService runtime=1667385381286 retry_strategy={"maximum_backoff_seconds":{"3600":0},"initial_backoff_seconds":{"30":0},"retry_policy":{"0":0}} preferred_network_type=1 required_idleness_state=0 preferred_charging_state=1 period=5768000 last_runtime=0 task_type=0 job_id=-1 user_id=0, error message: UNIQUE constraint failed: pending_ops.tag, pending_ops.target_class, pending_ops.target_package, pending_ops.user_id (code 2067) [CONTEXT service_id=218 ]
11-02 11:36:21.338   785 11637 W NetworkScheduler: Error inserting service_kind=0 source=16 tag=Measurement.PackageMeasurementTaskService.UPLOAD_TASK_TAG target_package=com.google.android.gms requires_charging=0 source_version=203915000 required_network_type=0 flex_time=2883000 persistence_level=1 target_class=com.google.android.gms.measurement.PackageMeasurementTaskService runtime=1667385381334 retry_strategy={"maximum_backoff_seconds":{"3600":0},"initial_backoff_seconds":{"30":0},"retry_policy":{"0":0}} preferred_network_type=1 required_idleness_state=0 preferred_charging_state=1 period=5768000 last_runtime=0 task_type=0 job_id=-1 user_id=0, error message: UNIQUE constraint failed: pending_ops.tag, pending_ops.target_class, pending_ops.target_package, pending_ops.user_id (code 2067) [CONTEXT service_id=218 ]
11-02 11:36:21.381   785  7584 W NetworkScheduler: Error inserting service_kind=0 source=16 tag=Measurement.PackageMeasurementTaskService.UPLOAD_TASK_TAG target_package=com.google.android.gms requires_charging=0 source_version=203915000 required_network_type=0 flex_time=2883000 persistence_level=1 target_class=com.google.android.gms.measurement.PackageMeasurementTaskService runtime=1667385381371 retry_strategy={"maximum_backoff_seconds":{"3600":0},"initial_backoff_seconds":{"30":0},"retry_policy":{"0":0}} preferred_network_type=1 required_idleness_state=0 preferred_charging_state=1 period=5768000 last_runtime=0 task_type=0 job_id=-1 user_id=0, error message: UNIQUE constraint failed: pending_ops.tag, pending_ops.target_class, pending_ops.target_package, pending_ops.user_id (code 2067) [CONTEXT service_id=218 ]
11-02 11:36:21.447   785   795 W SQLiteConnectionPool: A SQLiteConnection object for database '/data/user/0/com.google.android.gms/databases/metadata.db' was leaked!  Please fix your application to end transactions in progress properly and to close the database when it is no longer needed.
11-02 11:36:21.449   785  1162 W GmsStrictMode: LEAKED_CLOSABLE [CONTEXT service_id=256 ]
11-02 11:36:21.449   785  1162 W GmsStrictMode: rvo: LEAKED_CLOSABLE
11-02 11:36:21.449   785  1162 W GmsStrictMode: 	at dalvik.system.VMStack.getThreadStackTrace(Native Method)
11-02 11:36:21.449   785  1162 W GmsStrictMode: 	at java.lang.Thread.getStackTrace(Thread.java:1566)
11-02 11:36:21.449   785  1162 W GmsStrictMode: 	at bhdb.containsKey(:com.google.android.gms@203915020@20.39.15 (040406-335085812):1)
11-02 11:36:21.449   785  1162 W GmsStrictMode: 	at android.os.StrictMode.onVmPolicyViolation(StrictMode.java:1867)
11-02 11:36:21.449   785  1162 W GmsStrictMode: 	at android.os.StrictMode.onVmPolicyViolation(StrictMode.java:1844)
11-02 11:36:21.449   785  1162 W GmsStrictMode: 	at android.os.StrictMode$AndroidCloseGuardReporter.report(StrictMode.java:1590)
11-02 11:36:21.449   785  1162 W GmsStrictMode: 	at dalvik.system.CloseGuard.warnIfOpen(CloseGuard.java:208)
11-02 11:36:21.449   785  1162 W GmsStrictMode: 	at android.database.sqlite.SQLiteConnection.dispose(SQLiteConnection.java:231)
11-02 11:36:21.449   785  1162 W GmsStrictMode: 	at android.database.sqlite.SQLiteConnection.finalize(SQLiteConnection.java:180)
11-02 11:36:21.449   785  1162 W GmsStrictMode: 	at java.lang.Daemons$FinalizerDaemon.doFinalize(Daemons.java:222)
11-02 11:36:21.449   785  1162 W GmsStrictMode: 	at java.lang.Daemons$FinalizerDaemon.run(Daemons.java:209)
11-02 11:36:21.449   785  1162 W GmsStrictMode: 	at java.lang.Thread.run(Thread.java:761)
11-02 11:36:21.450   785   797 I art     : Background partial concurrent mark sweep GC freed 80682(5MB) AllocSpace objects, 6(120KB) LOS objects, 39% free, 11MB/19MB, paused 1.026ms total 114.972ms
11-02 11:36:24.807 12144 12144 I PlayCore: UID: [10122]  PID: [12144] AppUpdateListenerRegistry : registerListener
11-02 11:36:24.809 12144 12144 I PlayCore: UID: [10122]  PID: [12144] AppUpdateService : requestUpdateInfo(com.opera.browser)
11-02 11:36:24.811 12144 12360 I PlayCore: UID: [10122]  PID: [12144] AppUpdateService : Initiate binding to the service.
11-02 11:36:24.812   601  3864 W ActivityManager: Unable to start service Intent { act=com.google.android.play.core.install.BIND_UPDATE_SERVICE pkg=com.android.vending } U=0: not found
11-02 11:36:24.813 12144 12360 I PlayCore: UID: [10122]  PID: [12144] AppUpdateService : Failed to bind to the service.
11-02 11:36:24.873 12144 12362 D ApplicationLoaders: ignored Vulkan layer search path /data/app/com.google.android.gms-1/lib/arm:/data/app/com.google.android.gms-1/base.apk!/lib/armeabi-v7a:/data/app/com.google.android.gms-1/split_config.en.apk!/lib/armeabi-v7a for namespace 0xf387a090
11-02 11:36:24.875 12144 12362 W ResourceType: ResTable_typeSpec entry count inconsistent: given 67, previously 69
11-02 11:36:24.875 12144 12362 W ResourceType: ResTable_typeSpec entry count inconsistent: given 5346, previously 5347
11-02 11:36:25.213   601   613 D SyncManager: failed sync operation JobId: 108392, com.opera.browser u0 (com.opera.browser.ping), com.opera.browser.ping.provider, SERVER, reason: 10122, SyncResult: delayUntil: 1667392585 stats [ numIoExceptions: 1]
11-02 11:36:31.246 26552 26552 I MemoryTrimmer: Trimming objects from memory, since app is in the background.
11-02 11:36:32.519 12391 12391 D AndroidRuntime: >>>>>> START com.android.internal.os.RuntimeInit uid 2000 <<<<<<
11-02 11:36:32.523 12391 12391 D AndroidRuntime: CheckJNI is OFF
11-02 11:36:32.598 12391 12391 D ICU     : No timezone override file found: /data/misc/zoneinfo/current/icu/icu_tzdata.dat
11-02 11:36:32.630 12391 12391 I Radio-JNI: register_android_hardware_Radio DONE
11-02 11:36:32.645 12391 12391 D AndroidRuntime: Calling main entry com.android.commands.monkey.Monkey
11-02 11:36:32.713   601   614 W BroadcastQueue: Skipping deliver [background] BroadcastRecord{2430075 u-1 android.net.conn.CONNECTIVITY_CHANGE} to ReceiverList{29080a 12391 (unknown name)/2000/u-1 remote:39d155f}: process crashing
11-02 11:36:34.049 12391 12391 D MonkeyStub: translateCommand: wake
11-02 11:36:34.162 12391 12391 D MonkeyStub: translateCommand: tap 960 1881
11-02 11:36:34.230   601  9643 I ActivityManager: START u0 {act=android.intent.action.VIEW flg=0x1000000 cmp=com.opera.browser/com.opera.android.IntentDispatcherActivity} from uid 10122 on display 0
11-02 11:36:34.318   601 15862 I ActivityManager: START u0 {act=android.intent.action.VIEW flg=0x15002000 cmp=com.opera.browser/com.opera.android.BrowserActivity} from uid 10122 on display 0
11-02 11:36:34.320  1065  1161 I OpenGLRenderer: Initialized EGL, version 1.4
11-02 11:36:34.320  1065  1161 D OpenGLRenderer: Swap behavior 2
11-02 11:36:34.456   601   610 I art     : Background partial concurrent mark sweep GC freed 41564(2MB) AllocSpace objects, 42(1272KB) LOS objects, 33% free, 14MB/22MB, paused 6.026ms total 169.848ms
11-02 11:36:34.648  1065  1065 I MemoryTrimmer: Trimming objects from memory, since app is in the background.
11-02 11:36:34.665 12144 12154 I art     : Background sticky concurrent mark sweep GC freed 32342(2MB) AllocSpace objects, 43(860KB) LOS objects, 27% free, 7MB/10MB, paused 5.759ms total 119.818ms
11-02 11:36:34.669 12144 12436 W ResourceType: ResTable_typeSpec entry count inconsistent: given 67, previously 69
11-02 11:36:34.669 12144 12436 W ResourceType: ResTable_typeSpec entry count inconsistent: given 5346, previously 5347
11-02 11:36:34.754 12144 12427 E [Leanplum][ERROR]: No variable values were received from the server. Please contact us to investigate.
11-02 11:36:34.954   601   621 I ActivityManager: Displayed com.opera.browser/com.opera.android.BrowserActivity: +619ms (total +698ms)
11-02 11:36:34.989   601 12691 I CwMcuSensor: CwMcuSensor::flush: fd = 238, sensors_id = 0, path = /sys/class/htc_sensorhub/sensor_hub/flush, err = 0
11-02 11:36:35.057 12144 12255 D OpenGLRenderer: endAllActiveAnimators on 0xccb0f780 (RippleDrawable) with handle 0xccb5acb0
11-02 11:36:35.303 12144 12453 W ResourceType: ResTable_typeSpec entry count inconsistent: given 67, previously 69
11-02 11:36:35.303 12144 12453 W ResourceType: ResTable_typeSpec entry count inconsistent: given 5346, previously 5347
11-02 11:36:35.563 12144 12149 I art     : Do partial code cache collection, code=18KB, data=30KB
11-02 11:36:35.576 12144 12149 I art     : After code cache collection, code=18KB, data=30KB
11-02 11:36:35.576 12144 12149 I art     : Increasing code cache capacity to 128KB
11-02 11:36:35.604 12144 12144 E Sensors : sendAck failure -1 1
11-02 11:36:35.611 12144 12481 W ResourceType: ResTable_typeSpec entry count inconsistent: given 67, previously 69
11-02 11:36:35.611 12144 12481 W ResourceType: ResTable_typeSpec entry count inconsistent: given 5346, previously 5347
11-02 11:36:35.642 12144 12144 I Choreographer: Skipped 35 frames!  The application may be doing too much work on its main thread.
11-02 11:36:35.840 12144 12144 W View    : requestLayout() improperly called by com.opera.android.custom_views.FadingRecyclerView{a7711c0 VFED.V... ......ID 0,813-1536,813 #7f0a0825 app:id/suggested_dials_grid} during layout: running second layout pass
11-02 11:36:35.903 12144 12144 E Sensors : sendAck failure -1 1
11-02 11:36:35.903 12144 12144 E Sensors : sendAck failure -1 2
11-02 11:36:35.903 12144 12144 E Sensors : sendAck failure -1 3
11-02 11:36:35.903 12144 12144 E Sensors : sendAck failure -1 4
11-02 11:36:35.903 12144 12144 E Sensors : sendAck failure -1 5
11-02 11:36:35.903 12144 12144 E Sensors : sendAck failure -1 6
11-02 11:36:35.903 12144 12144 E Sensors : sendAck failure -1 7
11-02 11:36:35.903 12144 12144 E Sensors : sendAck failure -1 8
11-02 11:36:35.903 12144 12144 E Sensors : sendAck failure -1 9
11-02 11:36:35.903 12144 12144 E Sensors : sendAck failure -1 10
11-02 11:36:35.949 12144 12154 I art     : Background partial concurrent mark sweep GC freed 38819(2MB) AllocSpace objects, 10(300KB) LOS objects, 40% free, 10MB/17MB, paused 3.336ms total 174.998ms
11-02 11:36:36.007   785  5404 W NetworkScheduler: Error inserting service_kind=0 source=16 tag=Measurement.PackageMeasurementTaskService.UPLOAD_TASK_TAG target_package=com.google.android.gms requires_charging=0 source_version=203915000 required_network_type=0 flex_time=2869000 persistence_level=1 target_class=com.google.android.gms.measurement.PackageMeasurementTaskService runtime=1667385395893 retry_strategy={"maximum_backoff_seconds":{"3600":0},"initial_backoff_seconds":{"30":0},"retry_policy":{"0":0}} preferred_network_type=1 required_idleness_state=0 preferred_charging_state=1 period=5739000 last_runtime=0 task_type=0 job_id=-1 user_id=0, error message: UNIQUE constraint failed: pending_ops.tag, pending_ops.target_class, pending_ops.target_package, pending_ops.user_id (code 2067) [CONTEXT service_id=218 ]
11-02 11:36:36.278   785  7584 W NetworkScheduler: Error inserting service_kind=0 source=16 tag=Measurement.PackageMeasurementTaskService.UPLOAD_TASK_TAG target_package=com.google.android.gms requires_charging=0 source_version=203915000 required_network_type=0 flex_time=2868000 persistence_level=1 target_class=com.google.android.gms.measurement.PackageMeasurementTaskService runtime=1667385396276 retry_strategy={"maximum_backoff_seconds":{"3600":0},"initial_backoff_seconds":{"30":0},"retry_policy":{"0":0}} preferred_network_type=1 required_idleness_state=0 preferred_charging_state=1 period=5738000 last_runtime=0 task_type=0 job_id=-1 user_id=0, error message: UNIQUE constraint failed: pending_ops.tag, pending_ops.target_class, pending_ops.target_package, pending_ops.user_id (code 2067) [CONTEXT service_id=218 ]
11-02 11:36:36.456 12505 12505 I dex2oat : /system/bin/dex2oat --dex-file=/data/user/0/com.opera.browser/code_cache/.​      --oat-fd=198 --oat-location=/data/user/0/com.opera.browser/code_cache/.  ​​ --compiler-filter=speed
11-02 11:36:36.866 12505 12505 I dex2oat : dex2oat took 413.741ms (threads: 2) arena alloc=432KB (442800B) java alloc=32KB (33064B) native alloc=354KB (362688B) free=1181KB (1210176B)
11-02 11:36:37.216 12144 12154 I art     : Background sticky concurrent mark sweep GC freed 44817(3MB) AllocSpace objects, 19(676KB) LOS objects, 15% free, 14MB/17MB, paused 20.914ms total 268.038ms
11-02 11:36:37.260 12519 12519 I dex2oat : /system/bin/dex2oat --dex-file=/data/user/0/com.opera.browser/code_cache/. ​    --oat-fd=203 --oat-location=/data/user/0/com.opera.browser/code_cache/.​ ​ --compiler-filter=speed
11-02 11:36:37.294 12144 12144 I Choreographer: Skipped 36 frames!  The application may be doing too much work on its main thread.
11-02 11:36:37.310 12144 12149 I art     : Do partial code cache collection, code=34KB, data=62KB
11-02 11:36:37.319 12144 12149 I art     : After code cache collection, code=34KB, data=62KB
11-02 11:36:37.319 12144 12149 I art     : Increasing code cache capacity to 256KB
11-02 11:36:37.644 12519 12519 I dex2oat : dex2oat took 385.770ms (threads: 2) arena alloc=606KB (621104B) java alloc=86KB (88128B) native alloc=523KB (536312B) free=1524KB (1560840B)
11-02 11:36:37.760 12144 12154 I art     : Background partial concurrent mark sweep GC freed 66995(4MB) AllocSpace objects, 23(2MB) LOS objects, 39% free, 14MB/24MB, paused 2.116ms total 124.738ms
11-02 11:36:38.288 12391 12391 D MonkeyStub: translateCommand: tap 57 93
11-02 11:36:38.367 12144 12154 I art     : Background partial concurrent mark sweep GC freed 93241(3MB) AllocSpace objects, 2(208KB) LOS objects, 39% free, 14MB/23MB, paused 1.293ms total 102.001ms
11-02 11:36:40.541 12391 12391 D MonkeyStub: translateCommand: tap 57 93
11-02 11:36:42.579 12391 12391 D MonkeyStub: translateCommand: tap 446 593
11-02 11:36:44.638 12391 12391 D MonkeyStub: translateCommand: tap 667 302
11-02 11:36:44.740 12144 12149 I art     : Do full code cache collection, code=84KB, data=124KB
11-02 11:36:44.748 12144 12149 I art     : Starting a blocking GC JitCodeCache
11-02 11:36:44.748 12144 12149 I art     : After code cache collection, code=67KB, data=73KB
11-02 11:36:47.913 12391 12391 D MonkeyStub: translateCommand: tap 1286 930
11-02 11:36:49.147 12391 12391 D MonkeyStub: translateCommand: tap 62 98
11-02 11:36:49.164 12391 12391 D MonkeyStub: translateCommand: tap 729 89
11-02 11:36:49.194 12391 12391 D MonkeyStub: Quit requested
11-02 11:36:49.220   601   615 I CwMcuSensor: CwMcuSensor::flush: fd = 217, sensors_id = 0, path = /sys/class/htc_sensorhub/sensor_hub/flush, err = 0
11-02 11:36:49.225 12391 12391 I art     : System.exit called, status: 16
11-02 11:36:49.225 12391 12391 I AndroidRuntime: VM exiting with result code 16.
11-02 11:36:49.253   601  3864 W WindowManager: Attempted to remove non-existing token: android.os.Binder@3a7a87b
11-02 11:36:49.496   601 12301 E BatteryStatsService: power: Missing API
11-02 11:36:49.501   601 12301 E BatteryStatsService: no controller energy info supplied
11-02 11:36:49.502   799   799 E PhoneInterfaceManager: [PhoneIntfMgr] queryModemActivityInfo: Empty response
11-02 11:36:49.508   601 12301 E BatteryStatsService: modem info is invalid: ModemActivityInfo{ mTimestamp=0 mSleepTimeMs=0 mIdleTimeMs=0 mTxTimeMs[]=[0, 0, 0, 0, 0] mRxTimeMs=0 mEnergyUsed=0}
11-02 11:36:49.512   601   614 W ProcessCpuTracker: Skipping unknown process pid 12543
11-02 11:36:49.896 12546 12546 D AndroidRuntime: >>>>>> START com.android.internal.os.RuntimeInit uid 2000 <<<<<<
11-02 11:36:49.899 12546 12546 D AndroidRuntime: CheckJNI is OFF
11-02 11:36:49.967 12546 12546 D ICU     : No timezone override file found: /data/misc/zoneinfo/current/icu/icu_tzdata.dat
11-02 11:36:49.997 12546 12546 I Radio-JNI: register_android_hardware_Radio DONE
11-02 11:36:50.012 12546 12546 D AndroidRuntime: Calling main entry com.android.commands.am.Am
11-02 11:36:50.029   601 19770 I ActivityManager: START u0 {act=android.intent.action.VIEW dat=http://192.168.40.1/... flg=0x10000000 cmp=com.opera.browser/com.opera.Opera} from uid 2000 on display 0
11-02 11:36:50.037 12546 12546 D AndroidRuntime: Shutting down VM
11-02 11:36:50.135 12144 12144 W art     : Before Android 4.1, method double java.util.concurrent.ThreadLocalRandom.internalNextDouble(double, double) would have incorrectly overridden the package-private method in java.util.Random
11-02 11:36:50.135 12144 12144 W art     : Before Android 4.1, method int java.util.concurrent.ThreadLocalRandom.internalNextInt(int, int) would have incorrectly overridden the package-private method in java.util.Random
11-02 11:36:50.135 12144 12144 W art     : Before Android 4.1, method long java.util.concurrent.ThreadLocalRandom.internalNextLong(long, long) would have incorrectly overridden the package-private method in java.util.Random
11-02 11:36:50.175   601   620 D BluetoothManagerService: Message: 20
11-02 11:36:50.175   601   620 D BluetoothManagerService: Added callback: android.bluetooth.IBluetoothManagerCallback$Stub$Proxy@42862d2:true
11-02 11:36:50.191   601  9643 I ActivityManager: Start proc 12558:com.opera.browser:sandboxed_process0/u0a122 for service com.opera.browser/com.opera.android.browser.chromium.services.SandboxedProcessService0
11-02 11:36:50.243 12558 12558 I art     : Starting a blocking GC AddRemoveAppImageSpace
11-02 11:36:50.264 12558 12558 I LoadedApk: No resource references to update in package com.opera.browser.nord_vpn
11-02 11:36:50.289 12144 12481 W ResourceType: ResTable_typeSpec entry count inconsistent: given 67, previously 69
11-02 11:36:50.289 12144 12481 W ResourceType: ResTable_typeSpec entry count inconsistent: given 5346, previously 5347
11-02 11:36:50.462   785  1706 I FontLog : Received query name=Google Sans&weight=400&besteffort=false, URI content://com.google.android.gms.fonts [CONTEXT service_id=132 ]
11-02 11:36:50.462   785  1706 I FontLog : Query [name=Google Sans&weight=400&besteffort=false] resolved to {Google Sans, wdth 100.0, wght 400, ital 0.0, bestEffort false} [CONTEXT service_id=132 ]
11-02 11:36:50.463   785  1706 I FontLog : Font PFD returned from cache for {Google Sans, wdth 100.0, wght 400, ital 0.0, bestEffort false} [CONTEXT service_id=132 ]
11-02 11:36:50.464   785  1706 I FontLog : Fetch {Google Sans, wdth 100.0, wght 400, ital 0.0, bestEffort false} end status Status{statusCode=SUCCESS, resolution=null} [CONTEXT service_id=132 ]
11-02 11:36:50.486 12144 12149 I art     : Do partial code cache collection, code=89KB, data=115KB
11-02 11:36:50.488 12144 12149 I art     : After code cache collection, code=89KB, data=115KB
11-02 11:36:50.489 12144 12149 I art     : Increasing code cache capacity to 512KB
11-02 11:36:50.494   785  1711 I FontLog : Pulling font file for id = 265, cache size = 5 [CONTEXT service_id=132 ]
11-02 11:36:50.516   785   804 I FontLog : Received query name=Google Sans&weight=500&besteffort=false, URI content://com.google.android.gms.fonts [CONTEXT service_id=132 ]
11-02 11:36:50.516   785   804 I FontLog : Query [name=Google Sans&weight=500&besteffort=false] resolved to {Google Sans, wdth 100.0, wght 500, ital 0.0, bestEffort false} [CONTEXT service_id=132 ]
11-02 11:36:50.518   785   804 I FontLog : Font PFD returned from cache for {Google Sans, wdth 100.0, wght 500, ital 0.0, bestEffort false} [CONTEXT service_id=132 ]
11-02 11:36:50.518   785   804 I FontLog : Fetch {Google Sans, wdth 100.0, wght 500, ital 0.0, bestEffort false} end status Status{statusCode=SUCCESS, resolution=null} [CONTEXT service_id=132 ]
11-02 11:36:50.523   785  1694 I FontLog : Pulling font file for id = 266, cache size = 5 [CONTEXT service_id=132 ]
11-02 11:36:50.531   785  1696 I FontLog : Received query name=Google Sans&weight=700&besteffort=false, URI content://com.google.android.gms.fonts [CONTEXT service_id=132 ]
11-02 11:36:50.531   785  1696 I FontLog : Query [name=Google Sans&weight=700&besteffort=false] resolved to {Google Sans, wdth 100.0, wght 700, ital 0.0, bestEffort false} [CONTEXT service_id=132 ]
11-02 11:36:50.533   785  1696 I FontLog : Fetch {Google Sans, wdth 100.0, wght 700, ital 0.0, bestEffort false} end status Status{statusCode=SUCCESS, resolution=null} [CONTEXT service_id=132 ]
11-02 11:36:50.540   785  1706 I FontLog : Pulling font file for id = 267, cache size = 6 [CONTEXT service_id=132 ]
11-02 11:36:50.547   785  1608 I FontLog : Received query name=Noto Color Emoji Compat&weight=400&besteffort=false, URI content://com.google.android.gms.fonts [CONTEXT service_id=132 ]
11-02 11:36:50.547   785  1608 I FontLog : Query [name=Noto Color Emoji Compat&weight=400&besteffort=false] resolved to {Noto Color Emoji Compat, wdth 100.0, wght 400, ital 0.0, bestEffort false} [CONTEXT service_id=132 ]
11-02 11:36:50.548   785  1608 I FontLog : Fetch {Noto Color Emoji Compat, wdth 100.0, wght 400, ital 0.0, bestEffort false} end status Status{statusCode=SUCCESS, resolution=null} [CONTEXT service_id=132 ]
11-02 11:36:50.563   785   804 I FontLog : Pulling font file for id = 268, cache size = 5 [CONTEXT service_id=132 ]
11-02 11:36:50.909   785 11637 W NetworkScheduler: Error inserting service_kind=0 source=16 tag=Measurement.PackageMeasurementTaskService.UPLOAD_TASK_TAG target_package=com.google.android.gms requires_charging=0 source_version=203915000 required_network_type=0 flex_time=2854000 persistence_level=1 target_class=com.google.android.gms.measurement.PackageMeasurementTaskService runtime=1667385410844 retry_strategy={"maximum_backoff_seconds":{"3600":0},"initial_backoff_seconds":{"30":0},"retry_policy":{"0":0}} preferred_network_type=1 required_idleness_state=0 preferred_charging_state=1 period=5709000 last_runtime=0 task_type=0 job_id=-1 user_id=0, error message: UNIQUE constraint failed: pending_ops.tag, pending_ops.target_class, pending_ops.target_package, pending_ops.user_id (code 2067) [CONTEXT service_id=218 ]
11-02 11:36:54.119 12144 12154 I art     : Background sticky concurrent mark sweep GC freed 113200(6MB) AllocSpace objects, 15(352KB) LOS objects, 28% free, 17MB/24MB, paused 5.612ms total 73.318ms
11-02 11:37:03.150 12629 12629 D AndroidRuntime: >>>>>> START com.android.internal.os.RuntimeInit uid 2000 <<<<<<
11-02 11:37:03.156 12629 12629 D AndroidRuntime: CheckJNI is OFF
11-02 11:37:03.257 12629 12629 D ICU     : No timezone override file found: /data/misc/zoneinfo/current/icu/icu_tzdata.dat
11-02 11:37:03.299 12629 12629 I Radio-JNI: register_android_hardware_Radio DONE
11-02 11:37:03.319 12629 12629 D AndroidRuntime: Calling main entry com.android.commands.monkey.Monkey
11-02 11:37:03.409   601   614 W BroadcastQueue: Skipping deliver [background] BroadcastRecord{fd5dd39 u-1 android.net.conn.CONNECTIVITY_CHANGE} to ReceiverList{a8cbf7e 12629 (unknown name)/2000/u-1 remote:2484b83}: process crashing
11-02 11:37:04.790 12629 12629 D MonkeyStub: translateCommand: wake
11-02 11:37:04.924 12629 12629 D MonkeyStub: translateCommand: tap 1339 1877
11-02 11:37:08.367 12144 12154 I art     : Background sticky concurrent mark sweep GC freed 138989(6MB) AllocSpace objects, 3(56KB) LOS objects, 26% free, 17MB/24MB, paused 1.306ms total 116.714ms
11-02 11:37:10.477   601  9663 D DnsEventListenerService: Logging 100 results for netId 100
11-02 11:37:11.416   601   648 I WifiHAL : Got channel list with 13 channels
11-02 11:37:11.417   601   648 I WifiHAL : Got channel list with 4 channels
11-02 11:37:11.417   601   648 I WifiHAL : Got channel list with 15 channels
11-02 11:37:14.976 12629 12629 D MonkeyStub: translateCommand: touch down 614 1561
11-02 11:37:14.993 12629 12629 D MonkeyStub: translateCommand: touch move 614 1561
11-02 11:37:15.101 12629 12629 D MonkeyStub: translateCommand: touch move 614 1436
11-02 11:37:15.210 12629 12629 D MonkeyStub: translateCommand: touch move 614 1311
11-02 11:37:15.319 12629 12629 D MonkeyStub: translateCommand: touch move 614 1186
11-02 11:37:15.423 12629 12629 D MonkeyStub: translateCommand: touch move 614 1061
11-02 11:37:15.526 12629 12629 D MonkeyStub: translateCommand: touch move 614 937
11-02 11:37:15.634 12629 12629 D MonkeyStub: translateCommand: touch move 614 812
11-02 11:37:15.740 12629 12629 D MonkeyStub: translateCommand: touch move 614 687
11-02 11:37:15.844 12629 12629 D MonkeyStub: translateCommand: touch move 614 562
11-02 11:37:15.954 12629 12629 D MonkeyStub: translateCommand: touch move 614 437
11-02 11:37:16.060 12629 12629 D MonkeyStub: translateCommand: touch move 614 312
11-02 11:37:16.071 12629 12629 D MonkeyStub: translateCommand: touch up 614 312
11-02 11:37:18.146 12629 12629 D MonkeyStub: translateCommand: touch down 614 1561
11-02 11:37:18.170 12629 12629 D MonkeyStub: translateCommand: touch move 614 1561
11-02 11:37:18.276 12629 12629 D MonkeyStub: translateCommand: touch move 614 1436
11-02 11:37:18.380 12629 12629 D MonkeyStub: translateCommand: touch move 614 1311
11-02 11:37:18.419 12144 12154 I art     : Background sticky concurrent mark sweep GC freed 129269(5MB) AllocSpace objects, 6(140KB) LOS objects, 22% free, 18MB/24MB, paused 7.347ms total 150.343ms
11-02 11:37:18.486 12629 12629 D MonkeyStub: translateCommand: touch move 614 1186
11-02 11:37:18.604 12629 12629 D MonkeyStub: translateCommand: touch move 614 1061
11-02 11:37:18.710 12629 12629 D MonkeyStub: translateCommand: touch move 614 937
11-02 11:37:18.815 12629 12629 D MonkeyStub: translateCommand: touch move 614 812
11-02 11:37:18.921 12629 12629 D MonkeyStub: translateCommand: touch move 614 687
11-02 11:37:19.028 12629 12629 D MonkeyStub: translateCommand: touch move 614 562
11-02 11:37:19.132 12629 12629 D MonkeyStub: translateCommand: touch move 614 437
11-02 11:37:19.245 12629 12629 D MonkeyStub: translateCommand: touch move 614 312
11-02 11:37:19.250 12629 12629 D MonkeyStub: translateCommand: touch up 614 312
11-02 11:37:22.287 12629 12629 D MonkeyStub: translateCommand: touch down 614 312
11-02 11:37:22.293 12629 12629 D MonkeyStub: translateCommand: touch move 614 312
11-02 11:37:22.405 12629 12629 D MonkeyStub: translateCommand: touch move 614 437
11-02 11:37:22.513 12629 12629 D MonkeyStub: translateCommand: touch move 614 562
11-02 11:37:22.619 12629 12629 D MonkeyStub: translateCommand: touch move 614 687
11-02 11:37:22.733 12629 12629 D MonkeyStub: translateCommand: touch move 614 812
11-02 11:37:22.837 12629 12629 D MonkeyStub: translateCommand: touch move 614 937
11-02 11:37:22.944 12629 12629 D MonkeyStub: translateCommand: touch move 614 1061
11-02 11:37:23.085 12629 12629 D MonkeyStub: translateCommand: touch move 614 1186
11-02 11:37:23.190 12629 12629 D MonkeyStub: translateCommand: touch move 614 1311
11-02 11:37:23.295 12629 12629 D MonkeyStub: translateCommand: touch move 614 1436
11-02 11:37:23.401 12629 12629 D MonkeyStub: translateCommand: touch move 614 1561
11-02 11:37:23.411 12629 12629 D MonkeyStub: translateCommand: touch up 614 1561
11-02 11:37:23.447 12629 12629 D MonkeyStub: translateCommand: touch down 614 312
11-02 11:37:23.454 12629 12629 D MonkeyStub: translateCommand: touch move 614 312
11-02 11:37:23.564 12629 12629 D MonkeyStub: translateCommand: touch move 614 437
11-02 11:37:23.679 12629 12629 D MonkeyStub: translateCommand: touch move 614 562
11-02 11:37:23.789 12629 12629 D MonkeyStub: translateCommand: touch move 614 687
11-02 11:37:23.919 12629 12629 D MonkeyStub: translateCommand: touch move 614 812
11-02 11:37:24.028 12629 12629 D MonkeyStub: translateCommand: touch move 614 937
11-02 11:37:24.133 12629 12629 D MonkeyStub: translateCommand: touch move 614 1061
11-02 11:37:24.237 12629 12629 D MonkeyStub: translateCommand: touch move 614 1186
11-02 11:37:24.349 12629 12629 D MonkeyStub: translateCommand: touch move 614 1311
11-02 11:37:24.459 12629 12629 D MonkeyStub: translateCommand: touch move 614 1436
11-02 11:37:24.574 12629 12629 D MonkeyStub: translateCommand: touch move 614 1561
11-02 11:37:24.581 12629 12629 D MonkeyStub: translateCommand: touch up 614 1561
11-02 11:37:26.262 12558 12572 I chromium: [INFO:pipeline_controller.cc(46)] MCHR-300: Starting pipeline, demuxer: FFmpegDemuxer
11-02 11:37:26.283 12558 12574 I chromium: [INFO:ffmpeg_glue.cc(159)] MCHR-300: Container: mov,mp4,m4a,3gp,3g2,mj2
11-02 11:37:27.836 12144 12144 V MediaRouter: Adding route: RouteInfo{ name=Tablet, description=null, status=null, category=RouteCategory{ name=null types=ROUTE_TYPE_LIVE_AUDIO ROUTE_TYPE_LIVE_VIDEO  groupable=false }, supportedTypes=ROUTE_TYPE_LIVE_AUDIO ROUTE_TYPE_LIVE_VIDEO , presentationDisplay=null }
11-02 11:37:27.847 12144 12144 V MediaRouter: Updating audio routes: AudioRoutesInfo{ type=SPEAKER }
11-02 11:37:27.851 12144 12144 V MediaRouter: Selecting route: RouteInfo{ name=Tablet, description=null, status=null, category=RouteCategory{ name=null types=ROUTE_TYPE_LIVE_AUDIO ROUTE_TYPE_LIVE_VIDEO  groupable=false }, supportedTypes=ROUTE_TYPE_LIVE_AUDIO ROUTE_TYPE_LIVE_VIDEO , presentationDisplay=null }
11-02 11:37:27.889 12144 12144 V MediaRouter: Selecting route: RouteInfo{ name=Tablet, description=null, status=null, category=RouteCategory{ name=null types=ROUTE_TYPE_LIVE_AUDIO ROUTE_TYPE_LIVE_VIDEO  groupable=false }, supportedTypes=ROUTE_TYPE_LIVE_AUDIO ROUTE_TYPE_LIVE_VIDEO , presentationDisplay=null }
11-02 11:37:27.913   601   648 I WifiHAL : Got channel list with 13 channels
11-02 11:37:27.914   601   648 I WifiHAL : Got channel list with 4 channels
11-02 11:37:27.914   601   648 I WifiHAL : Got channel list with 15 channels
11-02 11:37:27.918 23975 23975 I DiscoveryManager: WifiGuestModeDeviceScanner enabled.
11-02 11:37:27.979 23975  8507 I CastDatabase: Opening the database
11-02 11:37:27.987   601   610 I art     : Background partial concurrent mark sweep GC freed 82662(4MB) AllocSpace objects, 16(352KB) LOS objects, 33% free, 14MB/22MB, paused 893us total 131.972ms
11-02 11:37:27.994 23975  8507 I SQLiteCastStore: 2 CastNetworkInfo instances loaded, 1 CastDeviceInfo instances loaded, 0 paired guest mode devices loaded.
11-02 11:37:27.994 23975  8507 I DiscoveryManager: Filter criteria(D38CB0C5) scannerFlags(0)
11-02 11:37:27.995 23975  8507 I CastDatabase: CastDeviceInfo created: V_1ab06e86-ecc9-427b-b53f-ba60163b476a
11-02 11:37:27.995 23975  8507 W GuestModeDeviceProber: setFilterCriteria
11-02 11:37:28.013 23975  8507 E DeviceScanner: [BLE] Failed to start scan because the Bluetooth is disabled.
11-02 11:37:28.029 23975  8507 W DatabaseProcessor: processLocalDevices: failed to get the network info with non-null bssid.
11-02 11:37:28.038 23975  8507 W DatabaseProcessor: processLocalDevices: failed to get the network info with non-null bssid.
11-02 11:37:28.042 23975  8507 E DeviceScanner: [BLE] Failed to start scan because the Bluetooth is disabled.
11-02 11:37:28.043 23975  8507 W DatabaseProcessor: processLocalDevices: failed to get the network info with non-null bssid.
11-02 11:37:28.043 23975  8507 W DatabaseProcessor: processLocalDevices: failed to get the network info with non-null bssid.
11-02 11:37:29.341 12144 12154 I art     : Background sticky concurrent mark sweep GC freed 118621(5MB) AllocSpace objects, 3(52KB) LOS objects, 21% free, 19MB/24MB, paused 3.282ms total 122.405ms
11-02 11:37:29.875 12629 12629 D MonkeyStub: translateCommand: tap 724 439
11-02 11:37:31.038 23975  8507 W AdaptiveDiscoveryWorker: Exiting Adaptive Discovery. Current NetworkInfo is NULL.
11-02 11:37:31.235 23975  8507 W DatabaseProcessor: processLocalDevices: failed to get the network info with non-null bssid.
11-02 11:37:31.706 12281 12791 W VideoCapabilities: Unrecognized level 0 for video/x-vnd.on2.vp8
11-02 11:37:31.789 12281 12791 I VideoCapabilities: Unsupported profile 4 for video/mp4v-es
11-02 11:37:31.834 12281 12792 W VideoCapabilities: Unrecognized level 0 for video/x-vnd.on2.vp8
11-02 11:37:31.860 12281 12792 I VideoCapabilities: Unsupported profile 4 for video/mp4v-es
11-02 11:37:33.229   196   196 E SELinux : avc:  denied  { find } for service=netd pid=12801 uid=2000 scontext=u:r:shell:s0 tcontext=u:object_r:netd_service:s0 tclass=service_manager permissive=0
11-02 11:37:33.240   196   196 E SELinux : avc:  denied  { find } for service=android.service.gatekeeper.IGateKeeperService pid=12801 uid=2000 scontext=u:r:shell:s0 tcontext=u:object_r:gatekeeper_service:s0 tclass=service_manager permissive=0
11-02 11:37:33.643 12558 12572 I chromium: [INFO:pipeline_controller.cc(355)] MCHR-300: Pipeline stopped.
11-02 11:37:33.717 23975  8507 I DiscoveryManager: Filter criteria(null) scannerFlags(0)
11-02 11:37:33.718 23975  8507 W GuestModeDeviceProber: setFilterCriteria
11-02 11:37:33.807   245   245 I MediaPlayerService: MediaPlayerService::getOMX
11-02 11:37:33.808 12281 12804 I OMXClient: MuxOMX ctor
11-02 11:37:33.810   242   262 I OMXMaster: makeComponentInstance(OMX.google.aac.decoder) in mediacodec process
11-02 11:37:33.824 12281 12804 I MediaCodec: MediaCodec will operate in async mode
11-02 11:37:37.921 12629 12629 D MonkeyStub: translateCommand: touch down 614 1561
11-02 11:37:37.935 12629 12629 D MonkeyStub: translateCommand: touch move 614 1561
11-02 11:37:38.049 12629 12629 D MonkeyStub: translateCommand: touch move 614 1436
11-02 11:37:38.154 12629 12629 D MonkeyStub: translateCommand: touch move 614 1311
11-02 11:37:38.264 12629 12629 D MonkeyStub: translateCommand: touch move 614 1186
11-02 11:37:38.378 12629 12629 D MonkeyStub: translateCommand: touch move 614 1061
11-02 11:37:38.486 12629 12629 D MonkeyStub: translateCommand: touch move 614 937
11-02 11:37:38.597 12629 12629 D MonkeyStub: translateCommand: touch move 614 812
11-02 11:37:38.711 12629 12629 D MonkeyStub: translateCommand: touch move 614 687
11-02 11:37:38.820 12629 12629 D MonkeyStub: translateCommand: touch move 614 562
11-02 11:37:38.932 12629 12629 D MonkeyStub: translateCommand: touch move 614 437
11-02 11:37:39.044 12629 12629 D MonkeyStub: translateCommand: touch move 614 312
11-02 11:37:39.062 12629 12629 D MonkeyStub: translateCommand: touch up 614 312
11-02 11:37:39.101 12629 12629 D MonkeyStub: translateCommand: touch down 614 1561
11-02 11:37:39.111 12629 12629 D MonkeyStub: translateCommand: touch move 614 1561
11-02 11:37:39.222 12629 12629 D MonkeyStub: translateCommand: touch move 614 1436
11-02 11:37:39.329 12629 12629 D MonkeyStub: translateCommand: touch move 614 1311
11-02 11:37:39.444 12629 12629 D MonkeyStub: translateCommand: touch move 614 1186
11-02 11:37:39.555 12629 12629 D MonkeyStub: translateCommand: touch move 614 1061
11-02 11:37:39.673 12629 12629 D MonkeyStub: translateCommand: touch move 614 937
11-02 11:37:39.778 12629 12629 D MonkeyStub: translateCommand: touch move 614 812
11-02 11:37:39.890 12629 12629 D MonkeyStub: translateCommand: touch move 614 687
11-02 11:37:40.000 12629 12629 D MonkeyStub: translateCommand: touch move 614 562
11-02 11:37:40.136 12629 12629 D MonkeyStub: translateCommand: touch move 614 437
11-02 11:37:40.288 12629 12629 D MonkeyStub: translateCommand: touch move 614 312
11-02 11:37:40.293 12629 12629 D MonkeyStub: translateCommand: touch up 614 312
11-02 11:37:45.312 12629 12629 D MonkeyStub: Quit requested
11-02 11:37:45.337   601   615 I CwMcuSensor: CwMcuSensor::flush: fd = 217, sensors_id = 0, path = /sys/class/htc_sensorhub/sensor_hub/flush, err = 0
11-02 11:37:45.339 12629 12629 I art     : System.exit called, status: 82
11-02 11:37:45.339 12629 12629 I AndroidRuntime: VM exiting with result code 82.
11-02 11:37:45.430   601  9663 W WindowManager: Attempted to remove non-existing token: android.os.Binder@9ba1cdf
11-02 11:37:49.828 12144 12154 I art     : Background sticky concurrent mark sweep GC freed 115553(4MB) AllocSpace objects, 8(180KB) LOS objects, 19% free, 19MB/24MB, paused 7.907ms total 80.909ms
11-02 11:38:02.033 12874 12874 D AndroidRuntime: >>>>>> START com.android.internal.os.RuntimeInit uid 2000 <<<<<<
11-02 11:38:02.041 12874 12874 D AndroidRuntime: CheckJNI is OFF
11-02 11:38:02.179 12874 12874 D ICU     : No timezone override file found: /data/misc/zoneinfo/current/icu/icu_tzdata.dat
11-02 11:38:02.243 12874 12874 I Radio-JNI: register_android_hardware_Radio DONE
11-02 11:38:02.277 12874 12874 D AndroidRuntime: Calling main entry com.android.commands.am.Am
11-02 11:38:02.328   601  4262 I ActivityManager: Force stopping com.opera.browser appid=10122 user=0: from pid 12874
11-02 11:38:02.328   601  4262 I ActivityManager: Killing 12281:com.opera.browser:privileged_process0/u0a122 (adj 0): stop com.opera.browser
11-02 11:38:02.335   601  4262 D ActivityManager: cleanUpApplicationRecord -- 12281
11-02 11:38:02.335   601  4262 W ActivityManager: Scheduling restart of crashed service com.opera.browser/com.opera.android.browser.chromium.services.PrivilegedProcessService0 in 1000ms
11-02 11:38:02.336   601  4262 I ActivityManager: Killing 12144:com.opera.browser/u0a122 (adj 0): stop com.opera.browser
11-02 11:38:02.338   601  4262 D ActivityManager: cleanUpApplicationRecord -- 12144
11-02 11:38:02.344   601  4262 W ActivityManager: Force removing ActivityRecord{25b5444 u0 com.opera.browser/com.opera.android.BrowserActivity t1308}: app died, no saved state
11-02 11:38:02.350 12558 12572 I chromium: [INFO:pipeline_controller.cc(46)] MCHR-300: Starting pipeline, demuxer: FFmpegDemuxer
11-02 11:38:02.376   601  4262 I ActivityManager: Killing 12558:com.opera.browser:sandboxed_process0/u0a122 (adj 0): stop com.opera.browser
11-02 11:38:02.376   601  4262 D ActivityManager: cleanUpApplicationRecord -- 12558
11-02 11:38:02.393 12874 12874 D AndroidRuntime: Shutting down VM
11-02 11:38:02.413  1065  1161 I OpenGLRenderer: Initialized EGL, version 1.4
11-02 11:38:02.414  1065  1161 D OpenGLRenderer: Swap behavior 2
11-02 11:38:02.457  1052  1052 D RegisteredNfcFServicesCache: Service unchanged, not updating
11-02 11:38:02.516 26552 11718 I AttachedClient: Adding client event 2 to pending list.
11-02 11:38:02.534 26552 26552 I OptInState: There is a new client and it does not support opt-in. Dropping request.
11-02 11:38:02.536 26552 26552 I MicroDetectionWorker: Micro detection mode: [mDetectionMode: [1]].
11-02 11:38:02.557 26552 12893 I MicroRecognitionRunner: Starting detection.
