--------- beginning of main
11-01 12:44:35.212 12561 12561 D AndroidRuntime: >>>>>> START com.android.internal.os.RuntimeInit uid 2000 <<<<<<
11-01 12:44:35.215 12561 12561 D AndroidRuntime: CheckJNI is OFF
11-01 12:44:35.280 12561 12561 D ICU     : No timezone override file found: /data/misc/zoneinfo/current/icu/icu_tzdata.dat
11-01 12:44:35.309 12561 12561 I Radio-JNI: register_android_hardware_Radio DONE
11-01 12:44:35.324 12561 12561 D AndroidRuntime: Calling main entry com.android.commands.am.Am
--------- beginning of system
11-01 12:44:35.340   600  1666 I ActivityManager: Force stopping com.opera.browser appid=10122 user=0: from pid 12561
11-01 12:44:35.353  1058  1058 D RegisteredNfcFServicesCache: Service unchanged, not updating
11-01 12:44:35.599   600  1485 I ActivityManager: START u0 {act=android.intent.action.VIEW flg=0x10008000 cmp=com.opera.browser/com.opera.Opera} from uid 2000 on display 0
11-01 12:44:35.621 12561 12561 D AndroidRuntime: Shutting down VM
11-01 12:44:35.660   600  1664 I ActivityManager: Start proc 12571:com.opera.browser/u0a122 for activity com.opera.browser/com.opera.Opera
11-01 12:44:35.739 12571 12571 I art     : Starting a blocking GC AddRemoveAppImageSpace
11-01 12:44:35.759 12571 12571 I LoadedApk: No resource references to update in package com.opera.browser.nord_vpn
11-01 12:44:35.843 12571 12571 I art     : Rejecting re-init on previously-failed class java.lang.Class<com.opera.android.job.a$j>: java.lang.NoClassDefFoundError: Failed resolution of: Landroid/app/job/JobServiceEngine;
11-01 12:44:35.844 12571 12571 I art     :   at void com.opera.android.OperaApplication.onCreate() (SourceFile:52)
11-01 12:44:35.844 12571 12571 I art     :   at void android.app.Instrumentation.callApplicationOnCreate(android.app.Application) (Instrumentation.java:1024)
11-01 12:44:35.844 12571 12571 I art     :   at void android.app.ActivityThread.handleBindApplication(android.app.ActivityThread$AppBindData) (ActivityThread.java:5403)
11-01 12:44:35.844 12571 12571 I art     :   at void android.app.ActivityThread.-wrap2(android.app.ActivityThread, android.app.ActivityThread$AppBindData) (ActivityThread.java:-1)
11-01 12:44:35.844 12571 12571 I art     :   at void android.app.ActivityThread$H.handleMessage(android.os.Message) (ActivityThread.java:1545)
11-01 12:44:35.844 12571 12571 I art     :   at void android.os.Handler.dispatchMessage(android.os.Message) (Handler.java:102)
11-01 12:44:35.844 12571 12571 I art     :   at void android.os.Looper.loop() (Looper.java:154)
11-01 12:44:35.844 12571 12571 I art     :   at void android.app.ActivityThread.main(java.lang.String[]) (ActivityThread.java:6119)
11-01 12:44:35.844 12571 12571 I art     :   at java.lang.Object java.lang.reflect.Method.invoke!(java.lang.Object, java.lang.Object[]) (Method.java:-2)
11-01 12:44:35.844 12571 12571 I art     :   at void com.android.internal.os.ZygoteInit$MethodAndArgsCaller.run() (ZygoteInit.java:886)
11-01 12:44:35.844 12571 12571 I art     :   at void com.android.internal.os.ZygoteInit.main(java.lang.String[]) (ZygoteInit.java:776)
11-01 12:44:35.844 12571 12571 I art     : Caused by: java.lang.ClassNotFoundException: Didn't find class "android.app.job.JobServiceEngine" on path: DexPathList[[zip file "/data/app/com.opera.browser-1/base.apk"],nativeLibraryDirectories=[/data/app/com.opera.browser-1/lib/arm, /data/app/com.opera.browser-1/base.apk!/lib/armeabi-v7a, /system/lib, /vendor/lib]]
11-01 12:44:35.844 12571 12571 I art     :   at java.lang.Class dalvik.system.BaseDexClassLoader.findClass(java.lang.String) (BaseDexClassLoader.java:56)
11-01 12:44:35.844 12571 12571 I art     :   at java.lang.Class java.lang.ClassLoader.loadClass(java.lang.String, boolean) (ClassLoader.java:380)
11-01 12:44:35.844 12571 12571 I art     :   at java.lang.Class java.lang.ClassLoader.loadClass(java.lang.String) (ClassLoader.java:312)
11-01 12:44:35.844 12571 12571 I art     :   at void com.opera.android.OperaApplication.onCreate() (SourceFile:52)
11-01 12:44:35.844 12571 12571 I art     :   at void android.app.Instrumentation.callApplicationOnCreate(android.app.Application) (Instrumentation.java:1024)
11-01 12:44:35.844 12571 12571 I art     :   at void android.app.ActivityThread.handleBindApplication(android.app.ActivityThread$AppBindData) (ActivityThread.java:5403)
11-01 12:44:35.844 12571 12571 I art     :   at void android.app.ActivityThread.-wrap2(android.app.ActivityThread, android.app.ActivityThread$AppBindData) (ActivityThread.java:-1)
11-01 12:44:35.844 12571 12571 I art     :   at void android.app.ActivityThread$H.handleMessage(android.os.Message) (ActivityThread.java:1545)
11-01 12:44:35.844 12571 12571 I art     :   at void android.os.Handler.dispatchMessage(android.os.Message) (Handler.java:102)
11-01 12:44:35.844 12571 12571 I art     :   at void android.os.Looper.loop() (Looper.java:154)
11-01 12:44:35.844 12571 12571 I art     :   at void android.app.ActivityThread.main(java.lang.String[]) (ActivityThread.java:6119)
11-01 12:44:35.844 12571 12571 I art     :   at java.lang.Object java.lang.reflect.Method.invoke!(java.lang.Object, java.lang.Object[]) (Method.java:-2)
11-01 12:44:35.844 12571 12571 I art     :   at void com.android.internal.os.ZygoteInit$MethodAndArgsCaller.run() (ZygoteInit.java:886)
11-01 12:44:35.844 12571 12571 I art     :   at void com.android.internal.os.ZygoteInit.main(java.lang.String[]) (ZygoteInit.java:776)
11-01 12:44:35.844 12571 12571 I art     : 
11-01 12:44:35.880 12571 12609 D NetworkSecurityConfig: Using Network Security Config from resource network_security_config_official_build debugBuild: false
11-01 12:44:36.085   600  8039 I ActivityManager: START u0 {act=android.intent.action.VIEW flg=0x10008000 cmp=com.opera.browser/com.opera.android.startup.WelcomeActivity} from uid 10122 on display 0
11-01 12:44:36.103   600  1664 W ActivityManager: Duplicate finish request for ActivityRecord{52e4041 u0 com.opera.browser/com.opera.Opera t1125 f}
11-01 12:44:36.418   600   609 I art     : Background partial concurrent mark sweep GC freed 7927(434KB) AllocSpace objects, 1(552KB) LOS objects, 33% free, 13MB/20MB, paused 1.481ms total 228.528ms
11-01 12:44:36.420 12571 12679 I OpenGLRenderer: Initialized EGL, version 1.4
11-01 12:44:36.420 12571 12679 D OpenGLRenderer: Swap behavior 2
11-01 12:44:36.586 12571 12630 I FA      : App measurement initialized, version: 43042
11-01 12:44:36.586 12571 12630 I FA      : To enable debug logging run: adb shell setprop log.tag.FA VERBOSE
11-01 12:44:36.586 12571 12630 I FA      : To enable faster debug mode event logging run:
11-01 12:44:36.586 12571 12630 I FA      :   adb shell setprop debug.firebase.analytics.app com.opera.browser
11-01 12:44:36.636   600   620 I ActivityManager: Displayed com.opera.browser/com.opera.android.startup.WelcomeActivity: +511ms (total +1s10ms)
11-01 12:44:36.764   600  1665 I ActivityManager: Start proc 12709:com.opera.browser:privileged_process0/u0a122 for service com.opera.browser/com.opera.android.browser.chromium.services.PrivilegedProcessService0
11-01 12:44:36.776 12571 12696 W chromium: [WARNING:op_site_scripts.cc(424)] Failed to map /data/user/0/com.opera.browser/app_opera/sjs
11-01 12:44:36.830 12709 12709 I art     : Starting a blocking GC AddRemoveAppImageSpace
11-01 12:44:36.861 12709 12709 I LoadedApk: No resource references to update in package com.opera.browser.nord_vpn
11-01 12:44:36.918   600   620 W WindowManager: Failed looking up window
11-01 12:44:36.918   600   620 W WindowManager: java.lang.IllegalArgumentException: Requested window android.view.ViewRootImpl$W@6f1bfbe does not exist
11-01 12:44:36.918   600   620 W WindowManager: 	at com.android.server.wm.WindowManagerService.windowForClientLocked(WindowManagerService.java:9422)
11-01 12:44:36.918   600   620 W WindowManager: 	at com.android.server.wm.WindowManagerService.windowForClientLocked(WindowManagerService.java:9413)
11-01 12:44:36.918   600   620 W WindowManager: 	at com.android.server.wm.WindowManagerService.removeWindow(WindowManagerService.java:2393)
11-01 12:44:36.918   600   620 W WindowManager: 	at com.android.server.wm.Session.remove(Session.java:202)
11-01 12:44:36.918   600   620 W WindowManager: 	at android.view.ViewRootImpl.dispatchDetachedFromWindow(ViewRootImpl.java:3290)
11-01 12:44:36.918   600   620 W WindowManager: 	at android.view.ViewRootImpl.doDie(ViewRootImpl.java:5917)
11-01 12:44:36.918   600   620 W WindowManager: 	at android.view.ViewRootImpl$ViewRootHandler.handleMessage(ViewRootImpl.java:3626)
11-01 12:44:36.918   600   620 W WindowManager: 	at android.os.Handler.dispatchMessage(Handler.java:102)
11-01 12:44:36.918   600   620 W WindowManager: 	at android.os.Looper.loop(Looper.java:154)
11-01 12:44:36.918   600   620 W WindowManager: 	at android.os.HandlerThread.run(HandlerThread.java:61)
11-01 12:44:36.918   600   620 W WindowManager: 	at com.android.server.ServiceThread.run(ServiceThread.java:46)
11-01 12:44:36.970 12709 12726 E libEGL  : validate_display:99 error 3008 (EGL_BAD_DISPLAY)
11-01 12:44:37.157 12709 12726 E libEGL  : validate_display:99 error 3008 (EGL_BAD_DISPLAY)
11-01 12:44:37.228  1129  1147 W SearchService: Abort, client detached.
11-01 12:44:37.239  1129 12443 I DeviceStateChecker: DeviceStateChecker cancelled
11-01 12:44:37.239  1129  1129 I MicroDetector: Keeping mic open: false
11-01 12:44:37.240  1129  7506 I AudioController: internalShutdown
11-01 12:44:37.240  1129  7506 I MicrophoneInputStream: mic_close com.google.android.apps.gsa.speech.audio.ae@96ab3d3
11-01 12:44:37.240  1129  1220 I MicroRecognitionRunner: Stopping hotword detection.
11-01 12:44:37.256   238   286 I SoundTriggerHwService::Module: void android::SoundTriggerHwService::Module::onCallbackEvent(const sp<android::SoundTriggerHwService::CallbackEvent> &) mClient == 0
11-01 12:44:37.292  1129 12444 I MicroRecognitionRunner: Detection finished
11-01 12:44:37.417 12571 12630 I FA      : Tag Manager is not found and thus will not be used
11-01 12:44:37.572   785  9857 W NetworkScheduler: Error inserting service_kind=0 source=16 tag=Measurement.PackageMeasurementTaskService.UPLOAD_TASK_TAG target_package=com.google.android.gms requires_charging=0 source_version=203915000 required_network_type=0 flex_time=1791000 persistence_level=1 target_class=com.google.android.gms.measurement.PackageMeasurementTaskService runtime=1667303077569 retry_strategy={"maximum_backoff_seconds":{"3600":0},"initial_backoff_seconds":{"30":0},"retry_policy":{"0":0}} preferred_network_type=1 required_idleness_state=0 preferred_charging_state=1 period=3583000 last_runtime=0 task_type=0 job_id=-1 user_id=0, error message: UNIQUE constraint failed: pending_ops.tag, pending_ops.target_class, pending_ops.target_package, pending_ops.user_id (code 2067) [CONTEXT service_id=218 ]
11-01 12:44:37.611   785  9857 W NetworkScheduler: Error inserting service_kind=0 source=16 tag=Measurement.PackageMeasurementTaskService.UPLOAD_TASK_TAG target_package=com.google.android.gms requires_charging=0 source_version=203915000 required_network_type=0 flex_time=1791000 persistence_level=1 target_class=com.google.android.gms.measurement.PackageMeasurementTaskService runtime=1667303077609 retry_strategy={"maximum_backoff_seconds":{"3600":0},"initial_backoff_seconds":{"30":0},"retry_policy":{"0":0}} preferred_network_type=1 required_idleness_state=0 preferred_charging_state=1 period=3583000 last_runtime=0 task_type=0 job_id=-1 user_id=0, error message: UNIQUE constraint failed: pending_ops.tag, pending_ops.target_class, pending_ops.target_package, pending_ops.user_id (code 2067) [CONTEXT service_id=218 ]
11-01 12:44:37.632   785 12759 W NetworkScheduler: Error inserting service_kind=0 source=16 tag=Measurement.PackageMeasurementTaskService.UPLOAD_TASK_TAG target_package=com.google.android.gms requires_charging=0 source_version=203915000 required_network_type=0 flex_time=1791000 persistence_level=1 target_class=com.google.android.gms.measurement.PackageMeasurementTaskService runtime=1667303077629 retry_strategy={"maximum_backoff_seconds":{"3600":0},"initial_backoff_seconds":{"30":0},"retry_policy":{"0":0}} preferred_network_type=1 required_idleness_state=0 preferred_charging_state=1 period=3583000 last_runtime=0 task_type=0 job_id=-1 user_id=0, error message: UNIQUE constraint failed: pending_ops.tag, pending_ops.target_class, pending_ops.target_package, pending_ops.user_id (code 2067) [CONTEXT service_id=218 ]
11-01 12:44:42.546 12571 12571 I PlayCore: UID: [10122]  PID: [12571] AppUpdateListenerRegistry : registerListener
11-01 12:44:42.548 12571 12571 I PlayCore: UID: [10122]  PID: [12571] AppUpdateService : requestUpdateInfo(com.opera.browser)
11-01 12:44:42.551 12571 12792 I PlayCore: UID: [10122]  PID: [12571] AppUpdateService : Initiate binding to the service.
11-01 12:44:42.551   600  1665 W ActivityManager: Unable to start service Intent { act=com.google.android.play.core.install.BIND_UPDATE_SERVICE pkg=com.android.vending } U=0: not found
11-01 12:44:42.552 12571 12792 I PlayCore: UID: [10122]  PID: [12571] AppUpdateService : Failed to bind to the service.
11-01 12:44:42.629 12571 12794 D ApplicationLoaders: ignored Vulkan layer search path /data/app/com.google.android.gms-1/lib/arm:/data/app/com.google.android.gms-1/base.apk!/lib/armeabi-v7a:/data/app/com.google.android.gms-1/split_config.en.apk!/lib/armeabi-v7a for namespace 0xf7270090
11-01 12:44:42.632 12571 12794 W ResourceType: ResTable_typeSpec entry count inconsistent: given 67, previously 69
11-01 12:44:42.632 12571 12794 W ResourceType: ResTable_typeSpec entry count inconsistent: given 5346, previously 5347
11-01 12:44:43.019   600   612 D SyncManager: failed sync operation JobId: 108392, com.opera.browser u0 (com.opera.browser.ping), com.opera.browser.ping.provider, SERVER, reason: 10122, SyncResult: delayUntil: 1667310282 stats [ numIoExceptions: 1]
11-01 12:44:47.665   600  8039 I ActivityManager: Killing 3410:com.android.externalstorage/u0a6 (adj 906): empty for 1894s
11-01 12:44:47.711   600  8930 D ActivityManager: cleanUpApplicationRecord -- 3410
11-01 12:44:48.947 12819 12819 D AndroidRuntime: >>>>>> START com.android.internal.os.RuntimeInit uid 2000 <<<<<<
11-01 12:44:48.950 12819 12819 D AndroidRuntime: CheckJNI is OFF
11-01 12:44:49.016 12819 12819 D ICU     : No timezone override file found: /data/misc/zoneinfo/current/icu/icu_tzdata.dat
11-01 12:44:49.046 12819 12819 I Radio-JNI: register_android_hardware_Radio DONE
11-01 12:44:49.060 12819 12819 D AndroidRuntime: Calling main entry com.android.commands.monkey.Monkey
11-01 12:44:49.129   600   613 W BroadcastQueue: Skipping deliver [background] BroadcastRecord{ad48087 u-1 android.net.conn.CONNECTIVITY_CHANGE} to ReceiverList{b0e0bb4 12819 (unknown name)/2000/u-1 remote:6151ea1}: process crashing
11-01 12:44:50.730 12819 12819 D MonkeyStub: translateCommand: wake
11-01 12:44:50.864 12819 12819 D MonkeyStub: translateCommand: tap 960 1881
11-01 12:44:50.929   600  8930 I ActivityManager: START u0 {act=android.intent.action.VIEW flg=0x1000000 cmp=com.opera.browser/com.opera.android.IntentDispatcherActivity} from uid 10122 on display 0
11-01 12:44:51.034   600   611 I ActivityManager: START u0 {act=android.intent.action.VIEW flg=0x15002000 cmp=com.opera.browser/com.opera.android.BrowserActivity} from uid 10122 on display 0
11-01 12:44:51.189   600   609 I art     : Background partial concurrent mark sweep GC freed 42816(2MB) AllocSpace objects, 43(1344KB) LOS objects, 33% free, 14MB/21MB, paused 1.230ms total 190.421ms
11-01 12:44:51.254 12571 12578 I art     : Background sticky concurrent mark sweep GC freed 12701(1280KB) AllocSpace objects, 32(640KB) LOS objects, 15% free, 7MB/9MB, paused 5.767ms total 106.446ms
11-01 12:44:51.367 12571 12864 W ResourceType: ResTable_typeSpec entry count inconsistent: given 67, previously 69
11-01 12:44:51.367 12571 12864 W ResourceType: ResTable_typeSpec entry count inconsistent: given 5346, previously 5347
11-01 12:44:51.460 12571 12578 I art     : Background partial concurrent mark sweep GC freed 43985(2MB) AllocSpace objects, 23(636KB) LOS objects, 39% free, 7MB/12MB, paused 1.880ms total 103.006ms
11-01 12:44:51.529 12571 12836 E [Leanplum][ERROR]: No variable values were received from the server. Please contact us to investigate.
11-01 12:44:51.601   600   620 I ActivityManager: Displayed com.opera.browser/com.opera.android.BrowserActivity: +539ms (total +627ms)
11-01 12:44:51.623   600  8039 I CwMcuSensor: CwMcuSensor::flush: fd = 236, sensors_id = 0, path = /sys/class/htc_sensorhub/sensor_hub/flush, err = 0
11-01 12:44:51.650 12571 12679 D OpenGLRenderer: endAllActiveAnimators on 0xd0bdaf80 (RippleDrawable) with handle 0xd5cf5b80
11-01 12:44:52.105 12571 12894 W ResourceType: ResTable_typeSpec entry count inconsistent: given 67, previously 69
11-01 12:44:52.106 12571 12894 W ResourceType: ResTable_typeSpec entry count inconsistent: given 5346, previously 5347
11-01 12:44:52.127   785  9857 W NetworkScheduler: Error inserting service_kind=0 source=16 tag=Measurement.PackageMeasurementTaskService.UPLOAD_TASK_TAG target_package=com.google.android.gms requires_charging=0 source_version=203915000 required_network_type=0 flex_time=1776000 persistence_level=1 target_class=com.google.android.gms.measurement.PackageMeasurementTaskService runtime=1667303092121 retry_strategy={"maximum_backoff_seconds":{"3600":0},"initial_backoff_seconds":{"30":0},"retry_policy":{"0":0}} preferred_network_type=1 required_idleness_state=0 preferred_charging_state=1 period=3554000 last_runtime=0 task_type=0 job_id=-1 user_id=0, error message: UNIQUE constraint failed: pending_ops.tag, pending_ops.target_class, pending_ops.target_package, pending_ops.user_id (code 2067) [CONTEXT service_id=218 ]
11-01 12:44:52.140 12571 12573 I art     : Do partial code cache collection, code=19KB, data=30KB
11-01 12:44:52.142 12571 12573 I art     : After code cache collection, code=19KB, data=30KB
11-01 12:44:52.142 12571 12573 I art     : Increasing code cache capacity to 128KB
11-01 12:44:52.212 12571 12571 E Sensors : sendAck failure -1 1
11-01 12:44:52.212 12571 12571 E Sensors : sendAck failure -1 2
11-01 12:44:52.212 12571 12571 E Sensors : sendAck failure -1 3
11-01 12:44:52.212 12571 12571 E Sensors : sendAck failure -1 4
11-01 12:44:52.212 12571 12571 E Sensors : sendAck failure -1 5
11-01 12:44:52.212 12571 12571 E Sensors : sendAck failure -1 6
11-01 12:44:52.212 12571 12571 E Sensors : sendAck failure -1 7
11-01 12:44:52.212 12571 12571 E Sensors : sendAck failure -1 8
11-01 12:44:52.212 12571 12571 E Sensors : sendAck failure -1 9
11-01 12:44:52.212 12571 12571 E Sensors : sendAck failure -1 10
11-01 12:44:52.212 12571 12571 E Sensors : sendAck failure -1 11
11-01 12:44:52.212 12571 12571 E Sensors : sendAck failure -1 12
11-01 12:44:52.212 12571 12571 E Sensors : sendAck failure -1 13
11-01 12:44:52.212 12571 12571 E Sensors : sendAck failure -1 14
11-01 12:44:52.212 12571 12571 E Sensors : sendAck failure -1 15
11-01 12:44:52.212 12571 12571 E Sensors : sendAck failure -1 16
11-01 12:44:52.212 12571 12571 E Sensors : sendAck failure -1 17
11-01 12:44:52.212 12571 12571 E Sensors : sendAck failure -1 18
11-01 12:44:52.212 12571 12571 E Sensors : sendAck failure -1 19
11-01 12:44:52.212 12571 12571 E Sensors : sendAck failure -1 20
11-01 12:44:52.212 12571 12571 E Sensors : sendAck failure -1 21
11-01 12:44:52.212 12571 12571 E Sensors : sendAck failure -1 22
11-01 12:44:52.212 12571 12571 E Sensors : sendAck failure -1 23
11-01 12:44:52.212 12571 12571 E Sensors : sendAck failure -1 24
11-01 12:44:52.212 12571 12571 E Sensors : sendAck failure -1 25
11-01 12:44:52.212 12571 12571 E Sensors : sendAck failure -1 26
11-01 12:44:52.212 12571 12571 E Sensors : sendAck failure -1 27
11-01 12:44:52.213 12571 12571 E Sensors : sendAck failure -1 28
11-01 12:44:52.213 12571 12571 E Sensors : sendAck failure -1 1
11-01 12:44:52.213 12571 12571 E Sensors : sendAck failure -1 2
11-01 12:44:52.213 12571 12571 E Sensors : sendAck failure -1 3
11-01 12:44:52.213 12571 12571 E Sensors : sendAck failure -1 4
11-01 12:44:52.213 12571 12571 E Sensors : sendAck failure -1 5
11-01 12:44:52.213 12571 12571 E Sensors : sendAck failure -1 6
11-01 12:44:52.213 12571 12571 E Sensors : sendAck failure -1 7
11-01 12:44:52.213 12571 12571 E Sensors : sendAck failure -1 8
11-01 12:44:52.213 12571 12571 E Sensors : sendAck failure -1 9
11-01 12:44:52.213 12571 12571 E Sensors : sendAck failure -1 10
11-01 12:44:52.213 12571 12571 E Sensors : sendAck failure -1 11
11-01 12:44:52.213 12571 12571 E Sensors : sendAck failure -1 12
11-01 12:44:52.213 12571 12571 E Sensors : sendAck failure -1 13
11-01 12:44:52.213 12571 12571 E Sensors : sendAck failure -1 14
11-01 12:44:52.213 12571 12571 E Sensors : sendAck failure -1 15
11-01 12:44:52.213 12571 12571 E Sensors : sendAck failure -1 16
11-01 12:44:52.213 12571 12571 E Sensors : sendAck failure -1 17
11-01 12:44:52.213 12571 12571 E Sensors : sendAck failure -1 18
11-01 12:44:52.213 12571 12571 E Sensors : sendAck failure -1 19
11-01 12:44:52.213 12571 12571 E Sensors : sendAck failure -1 20
11-01 12:44:52.213 12571 12571 E Sensors : sendAck failure -1 21
11-01 12:44:52.213 12571 12571 E Sensors : sendAck failure -1 22
11-01 12:44:52.213 12571 12571 E Sensors : sendAck failure -1 23
11-01 12:44:52.213 12571 12571 E Sensors : sendAck failure -1 24
11-01 12:44:52.213 12571 12571 E Sensors : sendAck failure -1 25
11-01 12:44:52.213 12571 12571 E Sensors : sendAck failure -1 26
11-01 12:44:52.213 12571 12571 E Sensors : sendAck failure -1 27
11-01 12:44:52.213 12571 12571 E Sensors : sendAck failure -1 28
11-01 12:44:52.213 12571 12571 E Sensors : sendAck failure -1 29
11-01 12:44:52.213 12571 12571 E Sensors : sendAck failure -1 30
11-01 12:44:52.213 12571 12571 E Sensors : sendAck failure -1 31
11-01 12:44:52.214 12571 12571 E Sensors : sendAck failure -1 32
11-01 12:44:52.214 12571 12571 E Sensors : sendAck failure -1 33
11-01 12:44:52.214 12571 12571 E Sensors : sendAck failure -1 34
11-01 12:44:52.214 12571 12571 E Sensors : sendAck failure -1 35
11-01 12:44:52.214 12571 12571 E Sensors : sendAck failure -1 36
11-01 12:44:52.214 12571 12571 E Sensors : sendAck failure -1 37
11-01 12:44:52.214 12571 12571 E Sensors : sendAck failure -1 38
11-01 12:44:52.214 12571 12571 E Sensors : sendAck failure -1 39
11-01 12:44:52.242   785  9857 W NetworkScheduler: Error inserting service_kind=0 source=16 tag=Measurement.PackageMeasurementTaskService.UPLOAD_TASK_TAG target_package=com.google.android.gms requires_charging=0 source_version=203915000 required_network_type=0 flex_time=1776000 persistence_level=1 target_class=com.google.android.gms.measurement.PackageMeasurementTaskService runtime=1667303092232 retry_strategy={"maximum_backoff_seconds":{"3600":0},"initial_backoff_seconds":{"30":0},"retry_policy":{"0":0}} preferred_network_type=1 required_idleness_state=0 preferred_charging_state=1 period=3553000 last_runtime=0 task_type=0 job_id=-1 user_id=0, error message: UNIQUE constraint failed: pending_ops.tag, pending_ops.target_class, pending_ops.target_package, pending_ops.user_id (code 2067) [CONTEXT service_id=218 ]
11-01 12:44:52.247 12571 12571 I Choreographer: Skipped 36 frames!  The application may be doing too much work on its main thread.
11-01 12:44:52.421 12571 12571 W View    : requestLayout() improperly called by com.opera.android.custom_views.FadingRecyclerView{938fd2e VFED.V... ......ID 0,813-1536,813 #7f0a0825 app:id/suggested_dials_grid} during layout: running second layout pass
11-01 12:44:52.423 12571 12578 I art     : Background sticky concurrent mark sweep GC freed 27225(2042KB) AllocSpace objects, 33(656KB) LOS objects, 18% free, 10MB/12MB, paused 5.385ms total 107.129ms
11-01 12:44:52.689 12571 12578 W art     : Suspending all threads took: 7.140ms
11-01 12:44:52.776 12571 12578 I art     : Background partial concurrent mark sweep GC freed 42013(2040KB) AllocSpace objects, 15(404KB) LOS objects, 39% free, 13MB/22MB, paused 14.325ms total 289.361ms
11-01 12:44:53.000 12938 12938 I dex2oat : /system/bin/dex2oat --dex-file=/data/user/0/com.opera.browser/code_cache/.​      --oat-fd=171 --oat-location=/data/user/0/com.opera.browser/code_cache/.     --compiler-filter=speed
11-01 12:44:53.223 12938 12938 I dex2oat : dex2oat took 229.455ms (threads: 2) arena alloc=432KB (442800B) java alloc=32KB (33064B) native alloc=346KB (354496B) free=1189KB (1218368B)
11-01 12:44:53.403 12945 12945 I dex2oat : /system/bin/dex2oat --dex-file=/data/user/0/com.opera.browser/code_cache/.    ​ --oat-fd=158 --oat-location=/data/user/0/com.opera.browser/code_cache/.    --compiler-filter=speed
11-01 12:44:53.720 12571 12578 I art     : Background sticky concurrent mark sweep GC freed 73429(5MB) AllocSpace objects, 60(3MB) LOS objects, 33% free, 14MB/22MB, paused 3.947ms total 122.438ms
11-01 12:44:53.860 12945 12945 I dex2oat : dex2oat took 457.113ms (threads: 2) arena alloc=660KB (675912B) java alloc=101KB (104080B) native alloc=523KB (536408B) free=1524KB (1560744B)
11-01 12:44:54.027 12571 12573 I art     : Do partial code cache collection, code=37KB, data=61KB
11-01 12:44:54.056 12571 12573 I art     : After code cache collection, code=36KB, data=61KB
11-01 12:44:54.056 12571 12573 I art     : Increasing code cache capacity to 256KB
11-01 12:44:54.316 12571 12578 I art     : Background sticky concurrent mark sweep GC freed 108128(5MB) AllocSpace objects, 11(792KB) LOS objects, 23% free, 17MB/22MB, paused 2.535ms total 115.638ms
11-01 12:44:54.405 12571 12578 W art     : Suspending all threads took: 5.925ms
11-01 12:44:54.426 12571 12578 I art     : Background partial concurrent mark sweep GC freed 46222(2MB) AllocSpace objects, 17(1832KB) LOS objects, 40% free, 13MB/22MB, paused 8.534ms total 104.395ms
11-01 12:44:54.922 12819 12819 D MonkeyStub: translateCommand: tap 57 93
11-01 12:44:57.024 12819 12819 D MonkeyStub: translateCommand: tap 57 93
11-01 12:44:59.070 12819 12819 D MonkeyStub: translateCommand: tap 446 593
11-01 12:45:01.321 12819 12819 D MonkeyStub: translateCommand: tap 667 302
11-01 12:45:01.492 12571 12573 I art     : Do full code cache collection, code=81KB, data=123KB
11-01 12:45:01.493 12571 12573 I art     : Starting a blocking GC JitCodeCache
11-01 12:45:01.493 12571 12573 I art     : After code cache collection, code=63KB, data=68KB
11-01 12:45:04.594 12819 12819 D MonkeyStub: translateCommand: tap 1286 930
11-01 12:45:05.824 12819 12819 D MonkeyStub: translateCommand: tap 62 98
11-01 12:45:05.853 12819 12819 D MonkeyStub: translateCommand: tap 729 89
11-01 12:45:05.863 12819 12819 D MonkeyStub: Quit requested
11-01 12:45:05.885   600   614 I CwMcuSensor: CwMcuSensor::flush: fd = 236, sensors_id = 0, path = /sys/class/htc_sensorhub/sensor_hub/flush, err = 0
11-01 12:45:05.894 12819 12819 I art     : System.exit called, status: 16
11-01 12:45:05.894 12819 12819 I AndroidRuntime: VM exiting with result code 16.
11-01 12:45:05.928   600  1483 W WindowManager: Attempted to remove non-existing token: android.os.Binder@85a2f20
11-01 12:45:06.278   600  8928 E BatteryStatsService: power: Missing API
11-01 12:45:06.283   600  8928 E BatteryStatsService: no controller energy info supplied
11-01 12:45:06.284   800   800 E PhoneInterfaceManager: [PhoneIntfMgr] queryModemActivityInfo: Empty response
11-01 12:45:06.291   600  8928 E BatteryStatsService: modem info is invalid: ModemActivityInfo{ mTimestamp=0 mSleepTimeMs=0 mIdleTimeMs=0 mTxTimeMs[]=[0, 0, 0, 0, 0] mRxTimeMs=0 mEnergyUsed=0}
11-01 12:45:06.297   600   613 W ProcessCpuTracker: Skipping unknown process pid 12977
11-01 12:45:06.743 12980 12980 D AndroidRuntime: >>>>>> START com.android.internal.os.RuntimeInit uid 2000 <<<<<<
11-01 12:45:06.746 12980 12980 D AndroidRuntime: CheckJNI is OFF
11-01 12:45:06.814 12980 12980 D ICU     : No timezone override file found: /data/misc/zoneinfo/current/icu/icu_tzdata.dat
11-01 12:45:06.843 12980 12980 I Radio-JNI: register_android_hardware_Radio DONE
11-01 12:45:06.858 12980 12980 D AndroidRuntime: Calling main entry com.android.commands.am.Am
11-01 12:45:06.877   600  1484 I ActivityManager: START u0 {act=android.intent.action.VIEW dat=http://192.168.40.1/... flg=0x10000000 cmp=com.opera.browser/com.opera.Opera} from uid 2000 on display 0
11-01 12:45:06.887 12980 12980 D AndroidRuntime: Shutting down VM
11-01 12:45:06.985 12571 12571 W art     : Before Android 4.1, method double java.util.concurrent.ThreadLocalRandom.internalNextDouble(double, double) would have incorrectly overridden the package-private method in java.util.Random
11-01 12:45:06.985 12571 12571 W art     : Before Android 4.1, method int java.util.concurrent.ThreadLocalRandom.internalNextInt(int, int) would have incorrectly overridden the package-private method in java.util.Random
11-01 12:45:06.985 12571 12571 W art     : Before Android 4.1, method long java.util.concurrent.ThreadLocalRandom.internalNextLong(long, long) would have incorrectly overridden the package-private method in java.util.Random
11-01 12:45:07.046   600   619 D BluetoothManagerService: Message: 20
11-01 12:45:07.046   600   619 D BluetoothManagerService: Added callback: android.bluetooth.IBluetoothManagerCallback$Stub$Proxy@c40244b:true
11-01 12:45:07.051   600  1483 I ActivityManager: Start proc 12992:com.opera.browser:sandboxed_process0/u0a122 for service com.opera.browser/com.opera.android.browser.chromium.services.SandboxedProcessService0
11-01 12:45:07.104 12992 12992 I art     : Starting a blocking GC AddRemoveAppImageSpace
11-01 12:45:07.121 12992 12992 I LoadedApk: No resource references to update in package com.opera.browser.nord_vpn
11-01 12:45:07.154 12571 12944 W ResourceType: ResTable_typeSpec entry count inconsistent: given 67, previously 69
11-01 12:45:07.155 12571 12944 W ResourceType: ResTable_typeSpec entry count inconsistent: given 5346, previously 5347
11-01 12:45:07.205 12571 12573 I art     : Do partial code cache collection, code=83KB, data=105KB
11-01 12:45:07.206 12571 12573 I art     : After code cache collection, code=83KB, data=105KB
11-01 12:45:07.206 12571 12573 I art     : Increasing code cache capacity to 512KB
11-01 12:45:07.356   785  1681 I FontLog : Received query name=Google Sans&weight=400&besteffort=false, URI content://com.google.android.gms.fonts [CONTEXT service_id=132 ]
11-01 12:45:07.357   785  1681 I FontLog : Query [name=Google Sans&weight=400&besteffort=false] resolved to {Google Sans, wdth 100.0, wght 400, ital 0.0, bestEffort false} [CONTEXT service_id=132 ]
11-01 12:45:07.358   785  1681 I FontLog : Font PFD returned from cache for {Google Sans, wdth 100.0, wght 400, ital 0.0, bestEffort false} [CONTEXT service_id=132 ]
11-01 12:45:07.358   785  1681 I FontLog : Fetch {Google Sans, wdth 100.0, wght 400, ital 0.0, bestEffort false} end status Status{statusCode=SUCCESS, resolution=null} [CONTEXT service_id=132 ]
11-01 12:45:07.365   785  1684 I FontLog : Pulling font file for id = 40, cache size = 6 [CONTEXT service_id=132 ]
11-01 12:45:07.376   785   798 I FontLog : Received query name=Google Sans&weight=500&besteffort=false, URI content://com.google.android.gms.fonts [CONTEXT service_id=132 ]
11-01 12:45:07.376   785   798 I FontLog : Query [name=Google Sans&weight=500&besteffort=false] resolved to {Google Sans, wdth 100.0, wght 500, ital 0.0, bestEffort false} [CONTEXT service_id=132 ]
11-01 12:45:07.377   785   798 I FontLog : Font PFD returned from cache for {Google Sans, wdth 100.0, wght 500, ital 0.0, bestEffort false} [CONTEXT service_id=132 ]
11-01 12:45:07.378   785   798 I FontLog : Fetch {Google Sans, wdth 100.0, wght 500, ital 0.0, bestEffort false} end status Status{statusCode=SUCCESS, resolution=null} [CONTEXT service_id=132 ]
11-01 12:45:07.391   785  1191 I FontLog : Pulling font file for id = 41, cache size = 7 [CONTEXT service_id=132 ]
11-01 12:45:07.397   785  1744 I FontLog : Received query name=Google Sans&weight=700&besteffort=false, URI content://com.google.android.gms.fonts [CONTEXT service_id=132 ]
11-01 12:45:07.397   785  1744 I FontLog : Query [name=Google Sans&weight=700&besteffort=false] resolved to {Google Sans, wdth 100.0, wght 700, ital 0.0, bestEffort false} [CONTEXT service_id=132 ]
11-01 12:45:07.419   785  1744 I FontLog : Fetch {Google Sans, wdth 100.0, wght 700, ital 0.0, bestEffort false} end status Status{statusCode=SUCCESS, resolution=null} [CONTEXT service_id=132 ]
11-01 12:45:07.423   785  1586 I FontLog : Pulling font file for id = 42, cache size = 7 [CONTEXT service_id=132 ]
11-01 12:45:07.429   785  1300 I FontLog : Received query name=Noto Color Emoji Compat&weight=400&besteffort=false, URI content://com.google.android.gms.fonts [CONTEXT service_id=132 ]
11-01 12:45:07.429   785  1300 I FontLog : Query [name=Noto Color Emoji Compat&weight=400&besteffort=false] resolved to {Noto Color Emoji Compat, wdth 100.0, wght 400, ital 0.0, bestEffort false} [CONTEXT service_id=132 ]
11-01 12:45:07.438   785  1300 I FontLog : Fetch {Noto Color Emoji Compat, wdth 100.0, wght 400, ital 0.0, bestEffort false} end status Status{statusCode=SUCCESS, resolution=null} [CONTEXT service_id=132 ]
11-01 12:45:07.455   785   799 I FontLog : Pulling font file for id = 43, cache size = 5 [CONTEXT service_id=132 ]
11-01 12:45:07.552   785  9857 I SQLiteConnectionPool: The connection pool for /data/user/0/com.google.android.gms/databases/metadata.db has been closed but there are still 1 connections in use.  They will be closed as they are released back to the pool.
11-01 12:45:07.554   785 13016 W FontLog : Error updating last accessed time for {Noto Color Emoji Compat, wdth 100.0, wght 400, ital 0.0, bestEffort false}. [CONTEXT service_id=132 ]
11-01 12:45:07.554   785 13016 W FontLog : java.lang.IllegalStateException: Cannot perform this operation because the connection pool has been closed.
11-01 12:45:07.554   785 13016 W FontLog : 	at android.database.sqlite.SQLiteConnectionPool.throwIfClosedLocked(SQLiteConnectionPool.java:962)
11-01 12:45:07.554   785 13016 W FontLog : 	at android.database.sqlite.SQLiteConnectionPool.waitForConnection(SQLiteConnectionPool.java:677)
11-01 12:45:07.554   785 13016 W FontLog : 	at android.database.sqlite.SQLiteConnectionPool.acquireConnection(SQLiteConnectionPool.java:348)
11-01 12:45:07.554   785 13016 W FontLog : 	at android.database.sqlite.SQLiteSession.acquireConnection(SQLiteSession.java:894)
11-01 12:45:07.554   785 13016 W FontLog : 	at android.database.sqlite.SQLiteSession.executeForChangedRowCount(SQLiteSession.java:752)
11-01 12:45:07.554   785 13016 W FontLog : 	at android.database.sqlite.SQLiteStatement.executeUpdateDelete(SQLiteStatement.java:64)
11-01 12:45:07.554   785 13016 W FontLog : 	at android.database.sqlite.SQLiteDatabase.executeSql(SQLiteDatabase.java:1679)
11-01 12:45:07.554   785 13016 W FontLog : 	at android.database.sqlite.SQLiteDatabase.execSQL(SQLiteDatabase.java:1658)
11-01 12:45:07.554   785 13016 W FontLog : 	at aafx.run(Unknown Source)
11-01 12:45:07.554   785 13016 W FontLog : 	at sup.b(:com.google.android.gms@203915020@20.39.15 (040406-335085812):12)
11-01 12:45:07.554   785 13016 W FontLog : 	at sup.run(:com.google.android.gms@203915020@20.39.15 (040406-335085812):7)
11-01 12:45:07.554   785 13016 W FontLog : 	at java.util.concurrent.ThreadPoolExecutor.runWorker(ThreadPoolExecutor.java:1133)
11-01 12:45:07.554   785 13016 W FontLog : 	at java.util.concurrent.ThreadPoolExecutor$Worker.run(ThreadPoolExecutor.java:607)
11-01 12:45:07.554   785 13016 W FontLog : 	at tam.run(:com.google.android.gms@203915020@20.39.15 (040406-335085812):0)
11-01 12:45:07.554   785 13016 W FontLog : 	at java.lang.Thread.run(Thread.java:761)
11-01 12:45:07.680   785  9857 W NetworkScheduler: Error inserting service_kind=0 source=16 tag=Measurement.PackageMeasurementTaskService.UPLOAD_TASK_TAG target_package=com.google.android.gms requires_charging=0 source_version=203915000 required_network_type=0 flex_time=1761000 persistence_level=1 target_class=com.google.android.gms.measurement.PackageMeasurementTaskService runtime=1667303107675 retry_strategy={"maximum_backoff_seconds":{"3600":0},"initial_backoff_seconds":{"30":0},"retry_policy":{"0":0}} preferred_network_type=1 required_idleness_state=0 preferred_charging_state=1 period=3523000 last_runtime=0 task_type=0 job_id=-1 user_id=0, error message: UNIQUE constraint failed: pending_ops.tag, pending_ops.target_class, pending_ops.target_package, pending_ops.user_id (code 2067) [CONTEXT service_id=218 ]
11-01 12:45:11.171   600  8931 D DnsEventListenerService: Logging 100 results for netId 100
11-01 12:45:20.491 13069 13069 D AndroidRuntime: >>>>>> START com.android.internal.os.RuntimeInit uid 2000 <<<<<<
11-01 12:45:20.504 13069 13069 D AndroidRuntime: CheckJNI is OFF
11-01 12:45:20.626 13069 13069 D ICU     : No timezone override file found: /data/misc/zoneinfo/current/icu/icu_tzdata.dat
11-01 12:45:20.670 13069 13069 I Radio-JNI: register_android_hardware_Radio DONE
11-01 12:45:20.691 13069 13069 D AndroidRuntime: Calling main entry com.android.commands.monkey.Monkey
11-01 12:45:20.786   600   613 W BroadcastQueue: Skipping deliver [background] BroadcastRecord{9e1cd34 u-1 android.net.conn.CONNECTIVITY_CHANGE} to ReceiverList{be2675d 13069 (unknown name)/2000/u-1 remote:af7ce46}: process crashing
11-01 12:45:21.902 13069 13069 D MonkeyStub: translateCommand: wake
11-01 12:45:22.121 13069 13069 D MonkeyStub: translateCommand: tap 1339 1877
11-01 12:45:26.325 12571 12578 I art     : Background sticky concurrent mark sweep GC freed 142517(6MB) AllocSpace objects, 3(56KB) LOS objects, 26% free, 17MB/24MB, paused 5.940ms total 103.505ms
11-01 12:45:32.203 13069 13069 D MonkeyStub: translateCommand: touch down 614 1561
11-01 12:45:32.208 13069 13069 D MonkeyStub: translateCommand: touch move 614 1561
11-01 12:45:32.329 13069 13069 D MonkeyStub: translateCommand: touch move 614 1436
11-01 12:45:32.432 13069 13069 D MonkeyStub: translateCommand: touch move 614 1311
11-01 12:45:32.541 13069 13069 D MonkeyStub: translateCommand: touch move 614 1186
11-01 12:45:32.668 13069 13069 D MonkeyStub: translateCommand: touch move 614 1061
11-01 12:45:32.947 13069 13069 D MonkeyStub: translateCommand: touch move 614 937
11-01 12:45:33.060 13069 13069 D MonkeyStub: translateCommand: touch move 614 812
11-01 12:45:33.172 13069 13069 D MonkeyStub: translateCommand: touch move 614 687
11-01 12:45:33.276 13069 13069 D MonkeyStub: translateCommand: touch move 614 562
11-01 12:45:33.383 13069 13069 D MonkeyStub: translateCommand: touch move 614 437
11-01 12:45:33.487 13069 13069 D MonkeyStub: translateCommand: touch move 614 312
11-01 12:45:33.494 13069 13069 D MonkeyStub: translateCommand: touch up 614 312
11-01 12:45:35.558 13069 13069 D MonkeyStub: translateCommand: touch down 614 1561
11-01 12:45:35.579 13069 13069 D MonkeyStub: translateCommand: touch move 614 1561
11-01 12:45:35.704 13069 13069 D MonkeyStub: translateCommand: touch move 614 1436
11-01 12:45:35.837 13069 13069 D MonkeyStub: translateCommand: touch move 614 1311
11-01 12:45:35.944 13069 13069 D MonkeyStub: translateCommand: touch move 614 1186
11-01 12:45:36.057 13069 13069 D MonkeyStub: translateCommand: touch move 614 1061
11-01 12:45:36.170 13069 13069 D MonkeyStub: translateCommand: touch move 614 937
11-01 12:45:36.279 13069 13069 D MonkeyStub: translateCommand: touch move 614 812
11-01 12:45:36.389 13069 13069 D MonkeyStub: translateCommand: touch move 614 687
11-01 12:45:36.501 13069 13069 D MonkeyStub: translateCommand: touch move 614 562
11-01 12:45:36.614 13069 13069 D MonkeyStub: translateCommand: touch move 614 437
11-01 12:45:36.732 13069 13069 D MonkeyStub: translateCommand: touch move 614 312
11-01 12:45:36.750 13069 13069 D MonkeyStub: translateCommand: touch up 614 312
11-01 12:45:39.947 13069 13069 D MonkeyStub: translateCommand: touch down 614 312
11-01 12:45:39.988 13069 13069 D MonkeyStub: translateCommand: touch move 614 312
11-01 12:45:40.132 13069 13069 D MonkeyStub: translateCommand: touch move 614 437
11-01 12:45:40.257 13069 13069 D MonkeyStub: translateCommand: touch move 614 562
11-01 12:45:40.377 13069 13069 D MonkeyStub: translateCommand: touch move 614 687
11-01 12:45:40.492 13069 13069 D MonkeyStub: translateCommand: touch move 614 812
11-01 12:45:40.670 13069 13069 D MonkeyStub: translateCommand: touch move 614 937
11-01 12:45:40.830 13069 13069 D MonkeyStub: translateCommand: touch move 614 1061
11-01 12:45:40.967 13069 13069 D MonkeyStub: translateCommand: touch move 614 1186
11-01 12:45:41.154 13069 13069 D MonkeyStub: translateCommand: touch move 614 1311
11-01 12:45:41.309 13069 13069 D MonkeyStub: translateCommand: touch move 614 1436
11-01 12:45:41.426 13069 13069 D MonkeyStub: translateCommand: touch move 614 1561
11-01 12:45:41.509 13069 13069 D MonkeyStub: translateCommand: touch up 614 1561
11-01 12:45:41.547 13069 13069 D MonkeyStub: translateCommand: touch down 614 312
11-01 12:45:41.567 13069 13069 D MonkeyStub: translateCommand: touch move 614 312
11-01 12:45:41.694 13069 13069 D MonkeyStub: translateCommand: touch move 614 437
11-01 12:45:41.812 13069 13069 D MonkeyStub: translateCommand: touch move 614 562
11-01 12:45:41.994 13069 13069 D MonkeyStub: translateCommand: touch move 614 687
11-01 12:45:42.104 13069 13069 D MonkeyStub: translateCommand: touch move 614 812
11-01 12:45:42.223 13069 13069 D MonkeyStub: translateCommand: touch move 614 937
11-01 12:45:42.362 13069 13069 D MonkeyStub: translateCommand: touch move 614 1061
11-01 12:45:42.468 13069 13069 D MonkeyStub: translateCommand: touch move 614 1186
11-01 12:45:42.592 13069 13069 D MonkeyStub: translateCommand: touch move 614 1311
11-01 12:45:42.710 13069 13069 D MonkeyStub: translateCommand: touch move 614 1436
11-01 12:45:42.824 13069 13069 D MonkeyStub: translateCommand: touch move 614 1561
11-01 12:45:42.828 13069 13069 D MonkeyStub: translateCommand: touch up 614 1561
11-01 12:45:46.253   600  1666 D DnsEventListenerService: Logging 100 results for netId 100
11-01 12:45:47.922 13069 13069 D MonkeyStub: translateCommand: tap 724 439
11-01 12:45:48.689 12992 13006 I chromium: [INFO:pipeline_controller.cc(46)] MCHR-300: Starting pipeline, demuxer: FFmpegDemuxer
11-01 12:45:48.773 12992 13009 I chromium: [INFO:ffmpeg_glue.cc(159)] MCHR-300: Container: mov,mp4,m4a,3gp,3g2,mj2
11-01 12:45:50.266   600   609 I art     : Background partial concurrent mark sweep GC freed 70256(4MB) AllocSpace objects, 11(236KB) LOS objects, 33% free, 14MB/21MB, paused 1.249ms total 208.922ms
11-01 12:45:50.490   198   198 E SELinux : avc:  denied  { find } for service=netd pid=13246 uid=2000 scontext=u:r:shell:s0 tcontext=u:object_r:netd_service:s0 tclass=service_manager permissive=0
11-01 12:45:50.496   198   198 E SELinux : avc:  denied  { find } for service=android.service.gatekeeper.IGateKeeperService pid=13246 uid=2000 scontext=u:r:shell:s0 tcontext=u:object_r:gatekeeper_service:s0 tclass=service_manager permissive=0
11-01 12:45:52.199 12992 13006 I chromium: [INFO:pipeline_controller.cc(355)] MCHR-300: Pipeline stopped.
11-01 12:45:55.963 13069 13069 D MonkeyStub: translateCommand: touch down 614 1561
11-01 12:45:55.981 13069 13069 D MonkeyStub: translateCommand: touch move 614 1561
11-01 12:45:56.152 13069 13069 D MonkeyStub: translateCommand: touch move 614 1436
11-01 12:45:56.258 13069 13069 D MonkeyStub: translateCommand: touch move 614 1311
11-01 12:45:56.375 13069 13069 D MonkeyStub: translateCommand: touch move 614 1186
11-01 12:45:56.491 13069 13069 D MonkeyStub: translateCommand: touch move 614 1061
11-01 12:45:56.603 13069 13069 D MonkeyStub: translateCommand: touch move 614 937
11-01 12:45:56.720 13069 13069 D MonkeyStub: translateCommand: touch move 614 812
11-01 12:45:56.831 13069 13069 D MonkeyStub: translateCommand: touch move 614 687
11-01 12:45:56.943 13069 13069 D MonkeyStub: translateCommand: touch move 614 562
11-01 12:45:57.051 13069 13069 D MonkeyStub: translateCommand: touch move 614 437
11-01 12:45:57.162 13069 13069 D MonkeyStub: translateCommand: touch move 614 312
11-01 12:45:57.174 13069 13069 D MonkeyStub: translateCommand: touch up 614 312
11-01 12:45:57.210 13069 13069 D MonkeyStub: translateCommand: touch down 614 1561
11-01 12:45:57.223 13069 13069 D MonkeyStub: translateCommand: touch move 614 1561
11-01 12:45:57.329 13069 13069 D MonkeyStub: translateCommand: touch move 614 1436
11-01 12:45:57.436 13069 13069 D MonkeyStub: translateCommand: touch move 614 1311
11-01 12:45:57.546 13069 13069 D MonkeyStub: translateCommand: touch move 614 1186
11-01 12:45:57.658 13069 13069 D MonkeyStub: translateCommand: touch move 614 1061
11-01 12:45:57.775 13069 13069 D MonkeyStub: translateCommand: touch move 614 937
11-01 12:45:57.886 13069 13069 D MonkeyStub: translateCommand: touch move 614 812
11-01 12:45:57.989 13069 13069 D MonkeyStub: translateCommand: touch move 614 687
11-01 12:45:58.100 13069 13069 D MonkeyStub: translateCommand: touch move 614 562
11-01 12:45:58.216 13069 13069 D MonkeyStub: translateCommand: touch move 614 437
11-01 12:45:58.321 13069 13069 D MonkeyStub: translateCommand: touch move 614 312
11-01 12:45:58.339 13069 13069 D MonkeyStub: translateCommand: touch up 614 312
11-01 12:46:03.398 13069 13069 D MonkeyStub: Quit requested
11-01 12:46:03.451   600   614 I CwMcuSensor: CwMcuSensor::flush: fd = 236, sensors_id = 0, path = /sys/class/htc_sensorhub/sensor_hub/flush, err = 0
11-01 12:46:03.467 13069 13069 I art     : System.exit called, status: 82
11-01 12:46:03.467 13069 13069 I AndroidRuntime: VM exiting with result code 82.
11-01 12:46:03.536   600   611 W WindowManager: Attempted to remove non-existing token: android.os.Binder@9d288d2
11-01 12:46:13.781   600   647 I WifiHAL : Got channel list with 13 channels
11-01 12:46:13.783   600   647 I WifiHAL : Got channel list with 4 channels
11-01 12:46:13.787   600   647 I WifiHAL : Got channel list with 15 channels
11-01 12:46:13.879   785 13016 I NetworkScheduler.Stats: Task com.google.android.gms/com.google.android.gms.auth.account.be.accountstate.GcmTaskService started execution. cause:4 exec_start_elapsed_seconds: 12355 [CONTEXT service_id=218 ]
11-01 12:46:13.912   785 13016 I NetworkScheduler.Stats: Task com.google.android.gms/com.google.android.gms.auth.account.be.accountstate.GcmTaskService finished executing. cause:4 result: 1 elapsed_millis: 74 uptime_millis: 74 exec_start_elapsed_seconds: 12355 [CONTEXT service_id=218 ]
11-01 12:46:20.415 12992 13006 I chromium: [INFO:pipeline_controller.cc(46)] MCHR-300: Starting pipeline, demuxer: FFmpegDemuxer
11-01 12:46:20.458 12992 13009 I chromium: [INFO:ffmpeg_glue.cc(159)] MCHR-300: Container: mov,mp4,m4a,3gp,3g2,mj2
11-01 12:46:20.709 13327 13327 D AndroidRuntime: >>>>>> START com.android.internal.os.RuntimeInit uid 2000 <<<<<<
11-01 12:46:20.720 13327 13327 D AndroidRuntime: CheckJNI is OFF
11-01 12:46:20.725 12571 12571 V MediaRouter: Adding route: RouteInfo{ name=Tablet, description=null, status=null, category=RouteCategory{ name=null types=ROUTE_TYPE_LIVE_AUDIO ROUTE_TYPE_LIVE_VIDEO  groupable=false }, supportedTypes=ROUTE_TYPE_LIVE_AUDIO ROUTE_TYPE_LIVE_VIDEO , presentationDisplay=null }
11-01 12:46:20.750 12571 12571 V MediaRouter: Updating audio routes: AudioRoutesInfo{ type=SPEAKER }
11-01 12:46:20.757 12571 12571 V MediaRouter: Selecting route: RouteInfo{ name=Tablet, description=null, status=null, category=RouteCategory{ name=null types=ROUTE_TYPE_LIVE_AUDIO ROUTE_TYPE_LIVE_VIDEO  groupable=false }, supportedTypes=ROUTE_TYPE_LIVE_AUDIO ROUTE_TYPE_LIVE_VIDEO , presentationDisplay=null }
11-01 12:46:20.895 12571 12571 V MediaRouter: Selecting route: RouteInfo{ name=Tablet, description=null, status=null, category=RouteCategory{ name=null types=ROUTE_TYPE_LIVE_AUDIO ROUTE_TYPE_LIVE_VIDEO  groupable=false }, supportedTypes=ROUTE_TYPE_LIVE_AUDIO ROUTE_TYPE_LIVE_VIDEO , presentationDisplay=null }
11-01 12:46:21.146 12709 13334 W VideoCapabilities: Unrecognized level 0 for video/x-vnd.on2.vp8
11-01 12:46:21.232 12709 13334 I VideoCapabilities: Unsupported profile 4 for video/mp4v-es
11-01 12:46:21.352 12709 13334 W VideoCapabilities: Unrecognized level 0 for video/x-vnd.on2.vp8
11-01 12:46:21.407 13327 13327 D ICU     : No timezone override file found: /data/misc/zoneinfo/current/icu/icu_tzdata.dat
11-01 12:46:21.410 12709 13334 I VideoCapabilities: Unsupported profile 4 for video/mp4v-es
11-01 12:46:21.633  7492  7619 I CastDatabase: Opening the database
11-01 12:46:21.659 13327 13327 I Radio-JNI: register_android_hardware_Radio DONE
11-01 12:46:21.714  7492  7492 I CastSocket: 25 >= 18. Adding new CastClientAuthKeyManager. [CONTEXT service_id=161 ]
11-01 12:46:21.765 13327 13327 D AndroidRuntime: Calling main entry com.android.commands.am.Am
11-01 12:46:21.778   600   647 I WifiHAL : Got channel list with 13 channels
11-01 12:46:21.778   600   647 I WifiHAL : Got channel list with 4 channels
11-01 12:46:21.779   600   647 I WifiHAL : Got channel list with 15 channels
11-01 12:46:21.846   600  8928 I ActivityManager: Force stopping com.opera.browser appid=10122 user=0: from pid 13327
11-01 12:46:21.846   600  8928 I ActivityManager: Killing 12709:com.opera.browser:privileged_process0/u0a122 (adj 0): stop com.opera.browser
11-01 12:46:21.848   600  8928 D ActivityManager: cleanUpApplicationRecord -- 12709
11-01 12:46:21.848   600  8928 W ActivityManager: Scheduling restart of crashed service com.opera.browser/com.opera.android.browser.chromium.services.PrivilegedProcessService0 in 1000ms
11-01 12:46:21.848   600  8928 I ActivityManager: Killing 12571:com.opera.browser/u0a122 (adj 0): stop com.opera.browser
11-01 12:46:21.848   600  8928 D ActivityManager: cleanUpApplicationRecord -- 12571
