11-01 23:23:19.004 16696 16696 I art     : System.exit called, status: 121
11-01 23:23:19.004 16696 16696 I AndroidRuntime: VM exiting with result code 121.
11-01 23:23:19.053   600  1484 W WindowManager: Attempted to remove non-existing token: android.os.Binder@b8a3ea7
11-01 23:23:27.048   600   647 I WifiHAL : Got channel list with 13 channels
11-01 23:23:27.051   600   647 I WifiHAL : Got channel list with 4 channels
11-01 23:23:27.055   600   647 I WifiHAL : Got channel list with 15 channels
11-01 23:23:35.050 16757 16757 D AndroidRuntime: >>>>>> START com.android.internal.os.RuntimeInit uid 2000 <<<<<<
11-01 23:23:35.054 16757 16757 D AndroidRuntime: CheckJNI is OFF
11-01 23:23:35.117 16757 16757 D ICU     : No timezone override file found: /data/misc/zoneinfo/current/icu/icu_tzdata.dat
11-01 23:23:35.146 16757 16757 I Radio-JNI: register_android_hardware_Radio DONE
11-01 23:23:35.160 16757 16757 D AndroidRuntime: Calling main entry com.android.commands.am.Am
11-01 23:23:35.176   600  1066 I ActivityManager: Force stopping com.opera.browser appid=10122 user=0: from pid 16757
11-01 23:23:35.176   600  1066 I ActivityManager: Killing 16367:com.opera.browser:privileged_process0/u0a122 (adj 0): stop com.opera.browser
11-01 23:23:35.179   600  1066 D ActivityManager: cleanUpApplicationRecord -- 16367
11-01 23:23:35.179   600  1066 W ActivityManager: Scheduling restart of crashed service com.opera.browser/com.opera.android.browser.chromium.services.PrivilegedProcessService0 in 1000ms
11-01 23:23:35.179   600  1066 I ActivityManager: Killing 16226:com.opera.browser/u0a122 (adj 0): stop com.opera.browser
11-01 23:23:35.180   600  1066 D ActivityManager: cleanUpApplicationRecord -- 16226
11-01 23:23:35.182   600  1066 W ActivityManager: Force removing ActivityRecord{d3d0ec3 u0 com.opera.browser/com.opera.android.BrowserActivity t1452}: app died, no saved state
11-01 23:23:35.193 16643 16643 I art     : System.exit called, status: 0
11-01 23:23:35.193 16643 16643 I AndroidRuntime: VM exiting with result code 0, cleanup skipped.
11-01 23:23:35.209   600  1066 I ActivityManager: Killing 16643:com.opera.browser:sandboxed_process0/u0a122 (adj 0): stop com.opera.browser
11-01 23:23:35.209   600  1066 D ActivityManager: cleanUpApplicationRecord -- 16643
11-01 23:23:35.213 16757 16757 D AndroidRuntime: Shutting down VM
11-01 23:23:35.230  8521  8521 I MemoryTrimmer: Trimming objects from memory, since app is in the background.
11-01 23:23:35.239  1058  1058 D RegisteredNfcFServicesCache: Service unchanged, not updating
11-01 23:23:35.245  1075  1164 I OpenGLRenderer: Initialized EGL, version 1.4
11-01 23:23:35.245  1075  1164 D OpenGLRenderer: Swap behavior 2
11-01 23:23:35.320  8521  8533 I AttachedClient: Adding client event 2 to pending list.
11-01 23:23:35.331  8521  8521 I OptInState: There is a new client and it does not support opt-in. Dropping request.
11-01 23:23:35.335  8521  8521 I MicroDetectionWorker: Micro detection mode: [mDetectionMode: [1]].
11-01 23:23:35.347  8521 16773 I MicroRecognitionRunner: Starting detection.
11-01 23:23:35.348  8521  8553 I MicrophoneInputStream: mic_starting com.google.android.apps.gsa.speech.audio.ae@4230de7
11-01 23:23:35.359   238 16776 I AudioFlinger: AudioFlinger's thread 0xec312980 ready to run
11-01 23:23:35.361   238   286 I SoundTriggerHwService::Module: void android::SoundTriggerHwService::Module::onCallbackEvent(const sp<android::SoundTriggerHwService::CallbackEvent> &) mClient == 0
11-01 23:23:35.364  8521  8553 I MicrophoneInputStream: mic_started com.google.android.apps.gsa.speech.audio.ae@4230de7
11-01 23:23:35.451   600   609 I art     : Background partial concurrent mark sweep GC freed 80872(3MB) AllocSpace objects, 19(412KB) LOS objects, 33% free, 15MB/22MB, paused 5.459ms total 171.121ms
11-01 23:23:35.549  8521  8521 I MicroDetectionWorker: onReady
11-01 23:23:35.552   600  1066 D ConnectivityService: ConnectivityService NetworkRequestInfo binderDied(NetworkRequest [ LISTEN id=565, [ Capabilities: INTERNET&NOT_RESTRICTED&TRUSTED&FOREGROUND] ], android.os.BinderProxy@bc1c87)
11-01 23:23:35.552   600  1066 D GraphicsStats: Buffer count: 2
11-01 23:23:35.552   600  1666 D ConnectivityService: ConnectivityService NetworkRequestInfo binderDied(NetworkRequest [ LISTEN id=564, [ Capabilities: INTERNET&NOT_RESTRICTED&TRUSTED&FOREGROUND] ], android.os.BinderProxy@83377b4)
11-01 23:23:35.554   600   649 E ConnectivityService: RemoteException caught trying to send a callback msg for NetworkRequest [ LISTEN id=565, [ Capabilities: INTERNET&NOT_RESTRICTED&TRUSTED&FOREGROUND] ]
11-01 23:23:35.555   600   649 E ConnectivityService: RemoteException caught trying to send a callback msg for NetworkRequest [ LISTEN id=564, [ Capabilities: INTERNET&NOT_RESTRICTED&TRUSTED&FOREGROUND] ]
11-01 23:23:35.754 16771 16771 D AndroidRuntime: >>>>>> START com.android.internal.os.RuntimeInit uid 2000 <<<<<<
11-01 23:23:35.758 16771 16771 D AndroidRuntime: CheckJNI is OFF
11-01 23:23:35.773  1075  1164 W OpenGLRenderer: Incorrectly called buildLayer on View: ShortcutAndWidgetContainer, destroying layer...
11-01 23:23:35.834 16771 16771 D ICU     : No timezone override file found: /data/misc/zoneinfo/current/icu/icu_tzdata.dat
11-01 23:23:35.863 16771 16771 I Radio-JNI: register_android_hardware_Radio DONE
11-01 23:23:35.878 16771 16771 D AndroidRuntime: Calling main entry com.android.commands.pm.Pm
11-01 23:23:35.891   600   611 I ActivityManager: Force stopping com.opera.browser appid=10122 user=0: clear data
11-01 23:23:35.893   600   613 I ActivityManager: Force stopping com.opera.browser appid=10122 user=-1: clearApplicationUserData
11-01 23:23:35.933   785   785 I GeofencerStateMachine: removeGeofences: removeRequest=RemoveGeofencingRequest[REMOVE_ALL packageName=com.opera.browser]
11-01 23:23:35.945  1058  1058 D RegisteredNfcFServicesCache: Service unchanged, not updating
11-01 23:23:35.952 16771 16771 I art     : System.exit called, status: 0
11-01 23:23:35.952 16771 16771 I AndroidRuntime: VM exiting with result code 0.
11-01 23:23:35.985   785 16793 I Fitness : FitCleanupIntentOperation received Intent android.intent.action.PACKAGE_DATA_CLEARED [CONTEXT service_id=17 ]
11-01 23:23:36.006  9419  9544 I Icing   : doRemovePackageData com.opera.browser
11-01 23:23:36.043   600   612 W ResourceType: No known package when getting value for resource number 0x7f100007
11-01 23:23:36.043   600   612 W ResourceType: No known package when getting value for resource number 0x7f13090c
11-01 23:23:36.044   600   612 W ResourceType: No known package when getting value for resource number 0x7f100005
11-01 23:23:36.044   600   612 W ResourceType: No known package when getting value for resource number 0x7f13090a
11-01 23:23:36.044   600   612 W ResourceType: No known package when getting value for resource number 0x7f100004
11-01 23:23:36.044   600   612 W ResourceType: No known package when getting value for resource number 0x7f130909
11-01 23:23:36.044   600   612 W ResourceType: No known package when getting value for resource number 0x7f100006
11-01 23:23:36.044   600   612 W ResourceType: No known package when getting value for resource number 0x7f13090b
