--------- beginning of main
10-30 22:24:35.627 13001 13001 D AndroidRuntime: >>>>>> START com.android.internal.os.RuntimeInit uid 2000 <<<<<<
10-30 22:24:35.631 13001 13001 D AndroidRuntime: CheckJNI is OFF
10-30 22:24:35.694 13001 13001 D ICU     : No timezone override file found: /data/misc/zoneinfo/current/icu/icu_tzdata.dat
10-30 22:24:35.723 13001 13001 I Radio-JNI: register_android_hardware_Radio DONE
10-30 22:24:35.737 13001 13001 D AndroidRuntime: Calling main entry com.android.commands.am.Am
--------- beginning of system
10-30 22:24:35.755   600   713 I ActivityManager: Force stopping com.android.chrome appid=10035 user=0: from pid 13001
10-30 22:24:35.756   600   713 I ActivityManager: Killing 12968:com.android.chrome/u0a35 (adj 700): stop com.android.chrome
10-30 22:24:35.756   600   713 D ActivityManager: cleanUpApplicationRecord -- 12968
10-30 22:24:35.768  1061  1061 D RegisteredNfcFServicesCache: Service unchanged, not updating
10-30 22:24:36.018   600   707 I ActivityManager: START u0 {act=android.intent.action.VIEW flg=0x10008000 cmp=com.android.chrome/com.google.android.apps.chrome.Main} from uid 2000 on display 0
10-30 22:24:36.045 13001 13001 D AndroidRuntime: Shutting down VM
10-30 22:24:36.082   600 13557 I ActivityManager: Start proc 13011:com.android.chrome/u0a35 for activity com.android.chrome/com.google.android.apps.chrome.Main
10-30 22:24:36.230   600  9614 I ActivityManager: START u0 {cmp=com.android.chrome/org.chromium.chrome.browser.firstrun.TabbedModeFirstRunActivity (has extras)} from uid 10035 on display 0
10-30 22:24:36.254 13011 13028 W DynamiteModule: Local module descriptor class for com.google.android.gms.googlecertificates not found.
10-30 22:24:36.417 13011 13029 I cr_LibraryLoader: Loaded native library version number "85.0.4183.127"
10-30 22:24:36.418 13011 13029 I cr_CachingUmaRecorder: Flushed 10 samples from 10 histograms.
10-30 22:24:36.427 13011 13030 I OpenGLRenderer: Initialized EGL, version 1.4
10-30 22:24:36.428 13011 13030 D OpenGLRenderer: Swap behavior 2
10-30 22:24:36.429 13011 13028 I DynamiteModule: Considering local module com.google.android.gms.googlecertificates:0 and remote module com.google.android.gms.googlecertificates:6
10-30 22:24:36.429 13011 13028 I DynamiteModule: Selected remote version of com.google.android.gms.googlecertificates, version >= 6
10-30 22:24:36.455 13011 13028 W System  : ClassLoader referenced unknown path: 
10-30 22:24:36.458 13011 13028 D ApplicationLoaders: ignored Vulkan layer search path /data/app/com.google.android.gms-1/lib/arm:/data/app/com.google.android.gms-1/base.apk!/lib/armeabi-v7a:/data/app/com.google.android.gms-1/split_config.en.apk!/lib/armeabi-v7a for namespace 0xf4a47090
10-30 22:24:36.461 13011 13028 W ResourceType: ResTable_typeSpec entry count inconsistent: given 67, previously 69
10-30 22:24:36.461 13011 13028 W ResourceType: ResTable_typeSpec entry count inconsistent: given 5346, previously 5347
10-30 22:24:36.481 13011 13028 I DynamiteLoaderV2Impl: [70] Googlecertificates
10-30 22:24:36.489 13011 13028 W System  : ClassLoader referenced unknown path: /data/user_de/0/com.google.android.gms/app_chimera/m/00000061/n/armeabi-v7a
10-30 22:24:36.489 13011 13028 W System  : ClassLoader referenced unknown path: /data/user_de/0/com.google.android.gms/app_chimera/m/00000061/n/armeabi
10-30 22:24:36.590   600   620 W WindowManager: Failed looking up window
10-30 22:24:36.590   600   620 W WindowManager: java.lang.IllegalArgumentException: Requested window android.view.ViewRootImpl$W@e1b30dd does not exist
10-30 22:24:36.590   600   620 W WindowManager: 	at com.android.server.wm.WindowManagerService.windowForClientLocked(WindowManagerService.java:9422)
10-30 22:24:36.590   600   620 W WindowManager: 	at com.android.server.wm.WindowManagerService.windowForClientLocked(WindowManagerService.java:9413)
10-30 22:24:36.590   600   620 W WindowManager: 	at com.android.server.wm.WindowManagerService.removeWindow(WindowManagerService.java:2393)
10-30 22:24:36.590   600   620 W WindowManager: 	at com.android.server.wm.Session.remove(Session.java:202)
10-30 22:24:36.590   600   620 W WindowManager: 	at android.view.ViewRootImpl.dispatchDetachedFromWindow(ViewRootImpl.java:3290)
10-30 22:24:36.590   600   620 W WindowManager: 	at android.view.ViewRootImpl.doDie(ViewRootImpl.java:5917)
10-30 22:24:36.590   600   620 W WindowManager: 	at android.view.ViewRootImpl$ViewRootHandler.handleMessage(ViewRootImpl.java:3626)
10-30 22:24:36.590   600   620 W WindowManager: 	at android.os.Handler.dispatchMessage(Handler.java:102)
10-30 22:24:36.590   600   620 W WindowManager: 	at android.os.Looper.loop(Looper.java:154)
10-30 22:24:36.590   600   620 W WindowManager: 	at android.os.HandlerThread.run(HandlerThread.java:61)
10-30 22:24:36.590   600   620 W WindowManager: 	at com.android.server.ServiceThread.run(ServiceThread.java:46)
10-30 22:24:36.604   600   620 I ActivityManager: Displayed com.android.chrome/org.chromium.chrome.browser.firstrun.TabbedModeFirstRunActivity: +336ms (total +562ms)
10-30 22:24:36.626   787 23224 I FontLog : Received query Google Sans, URI content://com.google.android.gms.fonts [CONTEXT service_id=132 ]
10-30 22:24:36.626   787 23224 I FontLog : Query [Google Sans] resolved to {Google Sans, wdth 100.0, wght 400, ital 0.0, bestEffort false} [CONTEXT service_id=132 ]
10-30 22:24:36.629   787 23224 I FontLog : Font PFD returned from cache for {Google Sans, wdth 100.0, wght 400, ital 0.0, bestEffort false} [CONTEXT service_id=132 ]
10-30 22:24:36.637   787 23224 I FontLog : Fetch {Google Sans, wdth 100.0, wght 400, ital 0.0, bestEffort false} end status Status{statusCode=SUCCESS, resolution=null} [CONTEXT service_id=132 ]
10-30 22:24:36.650   787 28592 I FontLog : Pulling font file for id = 1266, cache size = 4 [CONTEXT service_id=132 ]
10-30 22:24:36.681   787 28590 I FontLog : Received query Google Sans:500, URI content://com.google.android.gms.fonts [CONTEXT service_id=132 ]
10-30 22:24:36.681   787 28590 I FontLog : Query [Google Sans:500] resolved to {Google Sans, wdth 100.0, wght 500, ital 0.0, bestEffort false} [CONTEXT service_id=132 ]
10-30 22:24:36.705   787 28590 I FontLog : Font PFD returned from cache for {Google Sans, wdth 100.0, wght 500, ital 0.0, bestEffort false} [CONTEXT service_id=132 ]
10-30 22:24:36.705   787 28590 I FontLog : Fetch {Google Sans, wdth 100.0, wght 500, ital 0.0, bestEffort false} end status Status{statusCode=SUCCESS, resolution=null} [CONTEXT service_id=132 ]
10-30 22:24:36.713   787  1259 E apju    : Phenotype API error. Event # cdub@ca2ffcd0, EventCode: 7 [CONTEXT service_id=51 ]
10-30 22:24:36.713   787  1259 E apju    : apiz: 29505: No config packages for log source, or config package not registered
10-30 22:24:36.713   787  1259 E apju    : 	at apkj.b(:com.google.android.gms@203915020@20.39.15 (040406-335085812):7)
10-30 22:24:36.713   787  1259 E apju    : 	at apkg.b(:com.google.android.gms@203915020@20.39.15 (040406-335085812):2)
10-30 22:24:36.713   787  1259 E apju    : 	at apju.a(:com.google.android.gms@203915020@20.39.15 (040406-335085812):85)
10-30 22:24:36.713   787  1259 E apju    : 	at apju.a(:com.google.android.gms@203915020@20.39.15 (040406-335085812):80)
10-30 22:24:36.713   787  1259 E apju    : 	at aain.run(:com.google.android.gms@203915020@20.39.15 (040406-335085812):7)
10-30 22:24:36.713   787  1259 E apju    : 	at boex.run(:com.google.android.gms@203915020@20.39.15 (040406-335085812):2)
10-30 22:24:36.713   787  1259 E apju    : 	at sup.b(:com.google.android.gms@203915020@20.39.15 (040406-335085812):12)
10-30 22:24:36.713   787  1259 E apju    : 	at sup.run(:com.google.android.gms@203915020@20.39.15 (040406-335085812):7)
10-30 22:24:36.713   787  1259 E apju    : 	at java.util.concurrent.ThreadPoolExecutor.runWorker(ThreadPoolExecutor.java:1133)
10-30 22:24:36.713   787  1259 E apju    : 	at java.util.concurrent.ThreadPoolExecutor$Worker.run(ThreadPoolExecutor.java:607)
10-30 22:24:36.713   787  1259 E apju    : 	at tam.run(:com.google.android.gms@203915020@20.39.15 (040406-335085812):0)
10-30 22:24:36.713   787  1259 E apju    : 	at java.lang.Thread.run(Thread.java:761)
10-30 22:24:36.714   787  1259 E AsyncOperation: serviceID=51, operation=GetExperimentTokensOperationCall [CONTEXT service_id=259 ]
10-30 22:24:36.714   787  1259 E AsyncOperation: OperationException[Status{statusCode=No config packages for log source, or config package not registered, resolution=null}]
10-30 22:24:36.714   787  1259 E AsyncOperation: 	at apju.a(:com.google.android.gms@203915020@20.39.15 (040406-335085812):87)
10-30 22:24:36.714   787  1259 E AsyncOperation: 	at apju.a(:com.google.android.gms@203915020@20.39.15 (040406-335085812):80)
10-30 22:24:36.714   787  1259 E AsyncOperation: 	at aain.run(:com.google.android.gms@203915020@20.39.15 (040406-335085812):7)
10-30 22:24:36.714   787  1259 E AsyncOperation: 	at boex.run(:com.google.android.gms@203915020@20.39.15 (040406-335085812):2)
10-30 22:24:36.714   787  1259 E AsyncOperation: 	at sup.b(:com.google.android.gms@203915020@20.39.15 (040406-335085812):12)
10-30 22:24:36.714   787  1259 E AsyncOperation: 	at sup.run(:com.google.android.gms@203915020@20.39.15 (040406-335085812):7)
10-30 22:24:36.714   787  1259 E AsyncOperation: 	at java.util.concurrent.ThreadPoolExecutor.runWorker(ThreadPoolExecutor.java:1133)
10-30 22:24:36.714   787  1259 E AsyncOperation: 	at java.util.concurrent.ThreadPoolExecutor$Worker.run(ThreadPoolExecutor.java:607)
10-30 22:24:36.714   787  1259 E AsyncOperation: 	at tam.run(:com.google.android.gms@203915020@20.39.15 (040406-335085812):0)
10-30 22:24:36.714   787  1259 E AsyncOperation: 	at java.lang.Thread.run(Thread.java:761)
10-30 22:24:36.718 13011 13028 D NetworkSecurityConfig: Using Network Security Config from resource 0_resource_name_obfuscated debugBuild: false
10-30 22:24:36.736   787   806 I FontLog : Pulling font file for id = 1267, cache size = 4 [CONTEXT service_id=132 ]
10-30 22:24:36.851  7916  7928 W SearchService: Abort, client detached.
10-30 22:24:36.886  7916 12886 I DeviceStateChecker: DeviceStateChecker cancelled
10-30 22:24:36.886  7916  7916 I MicroDetector: Keeping mic open: false
10-30 22:24:36.887  7916  7948 I AudioController: internalShutdown
10-30 22:24:36.887  7916  7948 I MicrophoneInputStream: mic_close com.google.android.apps.gsa.speech.audio.ae@abfe99c
10-30 22:24:36.887  7916  7973 I MicroRecognitionRunner: Stopping hotword detection.
10-30 22:24:36.892  7916  7916 I MemoryTrimmer: Trimming objects from memory, since app is in the background.
10-30 22:24:36.896   238   285 I SoundTriggerHwService::Module: void android::SoundTriggerHwService::Module::onCallbackEvent(const sp<android::SoundTriggerHwService::CallbackEvent> &) mClient == 0
10-30 22:24:36.901  7916 12885 I MicroRecognitionRunner: Detection finished
10-30 22:24:36.911  1084  1084 I MemoryTrimmer: Trimming objects from memory, since app is in the background.
10-30 22:24:36.914  7916  7916 I MemoryTrimmer: Trimming objects from memory, since app is in the background.
10-30 22:24:37.001 13011 13028 I cr_VariationsSeedFetch: Fetched first run seed in 285 ms
10-30 22:24:37.033   600  3509 I ActivityManager: Start proc 13046:com.android.chrome:sandboxed_process0/u0i527 for service com.android.chrome/org.chromium.content.app.SandboxedProcessService0
10-30 22:24:37.086 13046 13046 W dboxed_process0: type=1400 audit(0.0:9550): avc: denied { getattr } for path="/data/data/com.android.chrome" dev="dm-2" ino=12190 scontext=u:r:isolated_app:s0:c512,c768 tcontext=u:object_r:app_data_file:s0:c512,c768 tclass=dir permissive=0
10-30 22:24:37.109 13046 13046 I cr_ChildProcessService: Creating new ChildProcessService pid=13046
10-30 22:24:37.251   600  3507 I ActivityManager: Start proc 13072:com.android.chrome:privileged_process0/u0a35 for service com.android.chrome/org.chromium.content.app.PrivilegedProcessService0
10-30 22:24:37.350 13011 13032 W ConnectionStatusConfig: Dynamic lookup for intent failed for action: com.google.android.gms.auth.key.retrieval.service.START
10-30 22:24:37.362 13011 13011 W cr_KnoxSettingsProvider: Permission to read device policy denied.
10-30 22:24:37.368 13011 13032 W ConnectionStatusConfig: Dynamic lookup for intent failed for action: com.google.android.gms.auth.key.retrieval.service.START
10-30 22:24:37.369   600 27731 W ActivityManager: Unable to start service Intent { act=com.google.android.gms.auth.key.retrieval.service.START pkg=com.google.android.gms } U=0: not found
10-30 22:24:37.386   600   707 W ActivityManager: Unbind failed: could not find connection for android.os.BinderProxy@a58fde6
10-30 22:24:37.389 13072 13072 I cr_ChildProcessService: Creating new ChildProcessService pid=13072
10-30 22:24:37.404 13011 13032 E GmsClient: unable to connect to service: com.google.android.gms.auth.key.retrieval.service.START on com.google.android.gms
10-30 22:24:37.459 13072 13092 I cr_LibraryLoader: Loaded native library version number "85.0.4183.127"
10-30 22:24:37.460 13072 13092 I cr_CachingUmaRecorder: Flushed 1 samples from 1 histograms.
10-30 22:24:37.485 13072 13092 E libEGL  : validate_display:99 error 3008 (EGL_BAD_DISPLAY)
10-30 22:24:46.906   600   647 I WifiHAL : Got channel list with 13 channels
10-30 22:24:46.910   600   647 I WifiHAL : Got channel list with 4 channels
10-30 22:24:46.912   600   647 I WifiHAL : Got channel list with 15 channels
10-30 22:24:47.021  7916  7916 I MemoryTrimmer: Trimming objects from memory, since app is in the background.
10-30 22:24:48.708 13117 13117 D AndroidRuntime: >>>>>> START com.android.internal.os.RuntimeInit uid 2000 <<<<<<
10-30 22:24:48.711 13117 13117 D AndroidRuntime: CheckJNI is OFF
10-30 22:24:48.775 13117 13117 D ICU     : No timezone override file found: /data/misc/zoneinfo/current/icu/icu_tzdata.dat
10-30 22:24:48.807 13117 13117 I Radio-JNI: register_android_hardware_Radio DONE
10-30 22:24:48.821 13117 13117 D AndroidRuntime: Calling main entry com.android.commands.monkey.Monkey
10-30 22:24:48.894   600   613 W BroadcastQueue: Skipping deliver [background] BroadcastRecord{813258 u-1 android.net.conn.CONNECTIVITY_CHANGE} to ReceiverList{c696fb1 13117 (unknown name)/2000/u-1 remote:9227dca}: process crashing
10-30 22:24:50.460 13117 13117 D MonkeyStub: translateCommand: wake
10-30 22:24:50.588 13117 13117 D MonkeyStub: translateCommand: tap 398 1198
10-30 22:24:52.858 13117 13117 D MonkeyStub: translateCommand: tap 720 1506
10-30 22:24:53.059 12169 12287 I PeopleChimeraService: onService. callbacks = aaik@87b761a, request = com.google.android.gms.common.internal.GetServiceRequest@ca9654b
10-30 22:24:53.060 12169 12182 I PeopleChimeraService: onService. callbacks = aaik@bbbc041, request = com.google.android.gms.common.internal.GetServiceRequest@6cad9e6
10-30 22:24:55.114 13117 13117 D MonkeyStub: translateCommand: tap 355 1480
10-30 22:24:55.153 13117 13117 D MonkeyStub: Quit requested
10-30 22:24:55.154   600  3509 I ActivityManager: START u0 {act=android.intent.action.VIEW flg=0x10008000 cmp=com.android.chrome/com.google.android.apps.chrome.Main (has extras)} from uid 10035 on display 0
10-30 22:24:55.207   600   614 I CwMcuSensor: CwMcuSensor::flush: fd = 252, sensors_id = 0, path = /sys/class/htc_sensorhub/sensor_hub/flush, err = 0
10-30 22:24:55.218 13117 13117 I art     : System.exit called, status: 6
10-30 22:24:55.218 13117 13117 I AndroidRuntime: VM exiting with result code 6.
10-30 22:24:55.303   600 24515 W WindowManager: Attempted to remove non-existing token: android.os.Binder@cd2ac96
10-30 22:24:55.371 13011 13011 E cr_CompositorSurfaceMgr: Transitioning to surface with format : -1
10-30 22:24:55.385   600   609 I art     : Background partial concurrent mark sweep GC freed 38247(2MB) AllocSpace objects, 8(176KB) LOS objects, 33% free, 16MB/24MB, paused 837us total 130.178ms
10-30 22:24:55.448 13011 13068 W cr_tabmodel: Starting to perform legacy migration.
10-30 22:24:55.450 13011 13068 W cr_tabmodel: Finished performing legacy migration.
10-30 22:24:55.450 13011 13068 W cr_tabmodel: Starting to perform multi-instance migration.
10-30 22:24:55.450 13011 13068 W cr_tabmodel: Finished performing multi-instance migration.
10-30 22:24:55.450 13011 13068 I cr_tabmodel: Starting to fetch tab list for tab_state0
10-30 22:24:55.450 13011 13068 I cr_tabmodel: State file does not exist.
10-30 22:24:55.450 13011 13068 I cr_tabmodel: Starting to fetch tab list for tab_state1
10-30 22:24:55.450 13011 13068 I cr_tabmodel: State file does not exist.
10-30 22:24:55.489 13011 13068 I cr_ADCP : No customization source found
10-30 22:24:55.531 13011 13030 D OpenGLRenderer: endAllActiveAnimators on 0xd3cad580 (InsetDrawable) with handle 0xd3d8e3a0
10-30 22:24:55.553   600 24515 E BatteryStatsService: power: Missing API
10-30 22:24:55.568   600 24515 E BatteryStatsService: no controller energy info supplied
10-30 22:24:55.586   796   796 E PhoneInterfaceManager: [PhoneIntfMgr] queryModemActivityInfo: Empty response
10-30 22:24:55.596 13011 13011 E cr_CompositorSurfaceMgr: Transitioning to surface with format : -1
10-30 22:24:55.597   600 24515 E BatteryStatsService: modem info is invalid: ModemActivityInfo{ mTimestamp=0 mSleepTimeMs=0 mIdleTimeMs=0 mTxTimeMs[]=[0, 0, 0, 0, 0] mRxTimeMs=0 mEnergyUsed=0}
10-30 22:24:55.601 13011 13011 E cr_CompositorSurfaceMgr: surfaceCreated format : 0
10-30 22:24:55.603   600   620 I ActivityManager: Displayed com.android.chrome/com.google.android.apps.chrome.Main: +378ms
10-30 22:24:55.607 13011 13011 I cr_ContextualSearch: Tap suppression enabled: false
10-30 22:24:55.611 13011 13011 I cr_ChromeTabbedActivity: #initializeState
10-30 22:24:55.611 13011 13011 I cr_CipherFactory: #restoreFromBundle, no savedInstanceState.
10-30 22:24:55.611 13011 13011 I cr_tabmodel: #loadState, ignoreIncognitoFiles? true
10-30 22:24:55.760 13011 13011 I SchedulerApiWrapper: Create SchedulerApiMainThreadWrapper
10-30 22:24:55.770 13011 13011 I FeedSessionManagerImpl: FeedSessionManagerImpl has been created
10-30 22:24:55.771 13011 13011 I FeedAppLifecycleLstnr: onEnterForeground called
10-30 22:24:55.771 13011 13011 I FeedSessionManagerImpl: onLifecycleEvent foreground
10-30 22:24:55.772 13011 13011 I FeedSessionManagerImpl: Lazy initialization triggered, getUpdateConsumer
10-30 22:24:55.773 13011 13068 I TaskQueue: Execute task [IMMEDIATE - d: true, b: 0]: 30
10-30 22:24:55.774 13011 13011 I FeedRequestManagerImpl: trigger refresh 2
10-30 22:24:55.774 13011 13011 I TaskQueue:  - task [HEAD_INVALIDATE - d: true, b: 0]: 26
10-30 22:24:55.774 13011 13011 I FeedAppLifecycleLstnr: initialize called
10-30 22:24:55.774 13011 13011 I FeedSessionManagerImpl: onLifecycleEvent initialize
10-30 22:24:55.774 13011 13011 W FeedSessionManagerImpl: FeedSessionManagerImpl has previously been initialized
10-30 22:24:55.806 13011 13011 I ViewConfigCompat: Could not find method getScaledScrollFactor() on ViewConfiguration
10-30 22:24:55.812 13011 13011 I BasicStream: Setting 2 header views, currently have 0 headers
10-30 22:24:55.815 13011 13011 I BasicStream: Setting 2 header views, currently have 2 headers
10-30 22:24:55.897   600   619 D BluetoothManagerService: Message: 20
10-30 22:24:55.897   600   619 D BluetoothManagerService: Added callback: android.bluetooth.IBluetoothManagerCallback$Stub$Proxy@1fd3382:true
10-30 22:24:55.914 13046 13059 I cr_LibraryLoader: Loaded native library version number "85.0.4183.127"
10-30 22:24:55.915 13046 13059 I cr_CachingUmaRecorder: Flushed 1 samples from 1 histograms.
10-30 22:24:55.917 13011 13011 E cr_IntentUtils: getBooleanExtra failed on intent null
10-30 22:24:55.927 13011 13011 I TimeoutSessionImpl: Using TimeoutSessionImpl
10-30 22:24:55.927 13011 13011 I FeedSessionManagerImpl: Delaying populateSession until initialization is finished
10-30 22:24:55.927 13011 13011 I TaskQueue:  - task [IMMEDIATE - d: true, b: 1]: 13
10-30 22:24:55.928 13011 13011 I MainThreadRunner: Running task [BasicStream onShow] on the Main Thread with a delay of 500 milliseconds
10-30 22:24:55.988   600  1082 I ActivityManager: Start proc 13150:com.android.chrome:sandboxed_process1/u0i528 for service com.android.chrome/org.chromium.content.app.SandboxedProcessService1
10-30 22:24:56.012 13011 13068 W SessionCache: Persisted Sessions were not found
10-30 22:24:56.012 13011 13068 I HeadSessionImpl: Initialize HEAD 0 items
10-30 22:24:56.012 13011 13068 I TaskQueue:  - task [BACKGROUND - d: true, b: 2]: 11
10-30 22:24:56.013 13011 13068 I TimingUtils: Task Timing 239ms, thread JardinExecutor | task : Initialization
10-30 22:24:56.013 13011 13068 I TaskQueue:  - Finished 30, time 241 ms
10-30 22:24:56.014 13011 13068 I TaskQueue: Execute task [HEAD_INVALIDATE - d: true, b: 2]: 26
10-30 22:24:56.015 13011 13068 I TimingUtils: Task Timing   0ms, thread JardinExecutor | task : getAllDismissLocalActions | size : 0
10-30 22:24:56.015 13011 13068 I TimingUtils: Task Timing   0ms, thread JardinExecutor | task : getSemanticProperties | size : 0
10-30 22:24:56.015 13011 13068 I MainThreadRunner: Running task [Check Tooltips] on the Main Thread
10-30 22:24:56.015 13011 13068 I TaskQueue:  * Starting starvation checks
10-30 22:24:56.015 13011 13068 I MainThreadRunner: Running task [starvationChecks] on the Main Thread with a delay of 6000 milliseconds
10-30 22:24:56.015 13011 13068 I TaskQueue:  - Finished 26, time 2 ms
10-30 22:24:56.015 13011 13068 I TaskQueue: Execute task [IMMEDIATE - d: true, b: 1]: 13
10-30 22:24:56.016 13011 13068 I FeedSessionManagerImpl: shouldSessionRequestData; hasContent(false), contentCreationTime(0), outstandingRequest(true)
10-30 22:24:56.016 13011 13068 I MainThreadRunner: Running task [SchedulerApiWrapper shouldSessionRequestData] on the Main Thread
10-30 22:24:56.039   600 24515 I ActivityManager: Start proc 13156:com.android.chrome:sandboxed_process2/u0i529 for service com.android.chrome/org.chromium.content.app.SandboxedProcessService2
10-30 22:24:56.080   600  9614 I ActivityManager: Start proc 13169:com.android.chrome:sandboxed_process3/u0i530 for service com.android.chrome/org.chromium.content.app.SandboxedProcessService3
10-30 22:24:56.121   600 10249 I ActivityManager: Start proc 13183:com.android.chrome:sandboxed_process4/u0i531 for service com.android.chrome/org.chromium.content.app.SandboxedProcessService4
10-30 22:24:56.161   600  3994 I ActivityManager: Start proc 13196:com.android.chrome:sandboxed_process5/u0i532 for service com.android.chrome/org.chromium.content.app.SandboxedProcessService5
10-30 22:24:56.182 13011 13021 W art     : Suspending all threads took: 15.075ms
10-30 22:24:56.236   600 27731 I ActivityManager: Start proc 13208:com.android.chrome:sandboxed_process6/u0i533 for service com.android.chrome/org.chromium.content.app.SandboxedProcessService6
10-30 22:24:56.260 13011 13021 I art     : Background sticky concurrent mark sweep GC freed 21198(1485KB) AllocSpace objects, 12(276KB) LOS objects, 12% free, 9MB/11MB, paused 16.290ms total 146.497ms
10-30 22:24:56.270 13150 13150 W dboxed_process1: type=1400 audit(0.0:9551): avc: denied { getattr } for path="/data/data/com.android.chrome" dev="dm-2" ino=12190 scontext=u:r:isolated_app:s0:c512,c768 tcontext=u:object_r:app_data_file:s0:c512,c768 tclass=dir permissive=0
10-30 22:24:56.321   600  1079 I ActivityManager: Start proc 13232:com.android.chrome:sandboxed_process7/u0i534 for service com.android.chrome/org.chromium.content.app.SandboxedProcessService7
10-30 22:24:56.343 13011 13011 I PlayCore: UID: [10035]  PID: [13011] SplitInstallService : deferredInstall([image_editor])
10-30 22:24:56.364 13011 13243 I PlayCore: UID: [10035]  PID: [13011] SplitInstallService : Initiate binding to the service.
10-30 22:24:56.393 13156 13156 W dboxed_process2: type=1400 audit(0.0:9552): avc: denied { getattr } for path="/data/data/com.android.chrome" dev="dm-2" ino=12190 scontext=u:r:isolated_app:s0:c512,c768 tcontext=u:object_r:app_data_file:s0:c512,c768 tclass=dir permissive=0
10-30 22:24:56.411   600 13557 I ActivityManager: Start proc 13245:com.android.chrome:sandboxed_process8/u0i535 for service com.android.chrome/org.chromium.content.app.SandboxedProcessService8
10-30 22:24:56.412   600  3994 W ActivityManager: Unable to start service Intent { act=com.google.android.play.core.splitinstall.BIND_SPLIT_INSTALL_SERVICE pkg=com.android.vending } U=0: not found
10-30 22:24:56.433 13169 13169 W dboxed_process3: type=1400 audit(0.0:9553): avc: denied { getattr } for path="/data/data/com.android.chrome" dev="dm-2" ino=12190 scontext=u:r:isolated_app:s0:c512,c768 tcontext=u:object_r:app_data_file:s0:c512,c768 tclass=dir permissive=0
10-30 22:24:56.467 13011 13011 I Choreographer: Skipped 51 frames!  The application may be doing too much work on its main thread.
10-30 22:24:56.536 13183 13183 W dboxed_process4: type=1400 audit(0.0:9554): avc: denied { getattr } for path="/data/data/com.android.chrome" dev="dm-2" ino=12190 scontext=u:r:isolated_app:s0:c512,c768 tcontext=u:object_r:app_data_file:s0:c512,c768 tclass=dir permissive=0
10-30 22:24:56.555 13150 13150 I cr_ChildProcessService: Creating new ChildProcessService pid=13150
10-30 22:24:56.570 13196 13196 W dboxed_process5: type=1400 audit(0.0:9555): avc: denied { getattr } for path="/data/data/com.android.chrome" dev="dm-2" ino=12190 scontext=u:r:isolated_app:s0:c512,c768 tcontext=u:object_r:app_data_file:s0:c512,c768 tclass=dir permissive=0
10-30 22:24:56.626 13208 13208 W dboxed_process6: type=1400 audit(0.0:9556): avc: denied { getattr } for path="/data/data/com.android.chrome" dev="dm-2" ino=12190 scontext=u:r:isolated_app:s0:c512,c768 tcontext=u:object_r:app_data_file:s0:c512,c768 tclass=dir permissive=0
10-30 22:24:56.679 13169 13169 I cr_ChildProcessService: Creating new ChildProcessService pid=13169
10-30 22:24:56.713 13156 13156 I cr_ChildProcessService: Creating new ChildProcessService pid=13156
10-30 22:24:56.732 13011 13011 I TaskQueue:  - task [IMMEDIATE - d: true, b: 1]: 27
10-30 22:24:56.743 13232 13232 W dboxed_process7: type=1400 audit(0.0:9557): avc: denied { getattr } for path="/data/data/com.android.chrome" dev="dm-2" ino=12190 scontext=u:r:isolated_app:s0:c512,c768 tcontext=u:object_r:app_data_file:s0:c512,c768 tclass=dir permissive=0
10-30 22:24:56.754 13183 13183 I cr_ChildProcessService: Creating new ChildProcessService pid=13183
10-30 22:24:56.787 13011 13021 I art     : Background partial concurrent mark sweep GC freed 34080(1869KB) AllocSpace objects, 22(984KB) LOS objects, 40% free, 9MB/15MB, paused 22.233ms total 317.582ms
10-30 22:24:56.801 13011 13243 I PlayCore: UID: [10035]  PID: [13011] SplitInstallService : Failed to bind to the service.
10-30 22:24:56.840 13245 13245 W dboxed_process8: type=1400 audit(0.0:9558): avc: denied { getattr } for path="/data/data/com.android.chrome" dev="dm-2" ino=12190 scontext=u:r:isolated_app:s0:c512,c768 tcontext=u:object_r:app_data_file:s0:c512,c768 tclass=dir permissive=0
10-30 22:24:56.849 13196 13196 I cr_ChildProcessService: Creating new ChildProcessService pid=13196
10-30 22:24:56.868 13011 13011 I cr_tabmodel: Appending tabs being restored to metadata lists, 0, startingNormalCount: 1, startingIncognitoCount: 0
10-30 22:24:56.869 13011 13011 I cr_tabmodel: Serializing tab lists; counts: 1, 0
10-30 22:24:56.914 13208 13208 I cr_ChildProcessService: Creating new ChildProcessService pid=13208
10-30 22:24:56.968 13150 13266 I cr_LibraryLoader: Loaded native library version number "85.0.4183.127"
10-30 22:24:56.969 13150 13266 I cr_CachingUmaRecorder: Flushed 1 samples from 1 histograms.
10-30 22:24:56.988 13011 13068 I FeedSessionManagerImpl: shouldSessionRequestDataResult: NO_REQUEST_WITH_WAIT, shouldMakeRequest(false), withTimeout(false), withAppend(false)
10-30 22:24:56.988 13011 13068 I TaskQueue:  - task [USER_FACING - d: true, b: 2]: 24
10-30 22:24:56.988 13011 13068 I TaskQueue:  - Finished 13, time 972 ms
10-30 22:24:56.988 13011 13068 I TaskQueue: Execute task [IMMEDIATE - d: true, b: 2]: 27
10-30 22:24:56.989 13011 13068 I FeedRequestManagerImpl: Consistency Token: # hU2@7bca4
10-30 22:24:57.002 13011 13011 I Choreographer: Skipped 31 frames!  The application may be doing too much work on its main thread.
10-30 22:24:57.008 13232 13232 I cr_ChildProcessService: Creating new ChildProcessService pid=13232
10-30 22:24:57.035 13011 13068 I FeedRequestManagerImpl: Capability: FEED_UI
10-30 22:24:57.035 13011 13068 I FeedRequestManagerImpl: Capability: UNDOABLE_ACTIONS
10-30 22:24:57.035 13011 13068 I FeedRequestManagerImpl: Capability: MANAGE_INTERESTS
10-30 22:24:57.035 13011 13068 I FeedRequestManagerImpl: Capability: SEND_FEEDBACK
10-30 22:24:57.035 13011 13068 I FeedRequestManagerImpl: Capability: ARTICLE_SNIPPETS
10-30 22:24:57.035 13011 13068 I FeedRequestManagerImpl: Capability: CLICK_ACTION
10-30 22:24:57.035 13011 13068 I FeedRequestManagerImpl: Capability: VIEW_ACTION
10-30 22:24:57.035 13011 13068 I FeedRequestManagerImpl: Capability: REPORT_FEED_USER_ACTIONS_NOTICE_CARD
10-30 22:24:57.035 13011 13068 I FeedRequestManagerImpl: Capability: BASE_UI
10-30 22:24:57.037 13011 13068 I FeedRequestManagerImpl: Making Request: /httpservice/noretry/DiscoverClankService/FeedQuery
10-30 22:24:57.057 13169 13267 I cr_LibraryLoader: Loaded native library version number "85.0.4183.127"
10-30 22:24:57.057 13169 13267 I cr_CachingUmaRecorder: Flushed 1 samples from 1 histograms.
10-30 22:24:57.075 13156 13269 I cr_LibraryLoader: Loaded native library version number "85.0.4183.127"
10-30 22:24:57.080 13011 13068 I MainThreadRunner: Running task [NetworkClientWrapper send] on the Main Thread
10-30 22:24:57.080 13011 13068 I TaskQueue:  - Finished 27, time 92 ms
10-30 22:24:57.083 13156 13269 I cr_CachingUmaRecorder: Flushed 1 samples from 1 histograms.
10-30 22:24:57.117 13245 13245 I cr_ChildProcessService: Creating new ChildProcessService pid=13245
10-30 22:24:57.145 13183 13270 I cr_LibraryLoader: Loaded native library version number "85.0.4183.127"
10-30 22:24:57.145 13183 13270 I cr_CachingUmaRecorder: Flushed 1 samples from 1 histograms.
10-30 22:24:57.287   600  7064 I ActivityManager: Killing 13150:com.android.chrome:sandboxed_process1/u0a35i528 (adj 0): isolated not needed
10-30 22:24:57.293 13196 13271 I cr_LibraryLoader: Loaded native library version number "85.0.4183.127"
10-30 22:24:57.294 13196 13271 I cr_CachingUmaRecorder: Flushed 1 samples from 1 histograms.
10-30 22:24:57.331 13011 13068 W cr_CrashFileManager: /data/user/0/com.android.chrome/cache/Crash Reports does not exist or is not a directory
10-30 22:24:57.331 13011 13068 W cr_CrashFileManager: /data/user/0/com.android.chrome/cache/Crash Reports does not exist or is not a directory
10-30 22:24:57.331 13011 13068 W cr_CrashFileManager: /data/user/0/com.android.chrome/cache/Crash Reports does not exist or is not a directory
10-30 22:24:57.335 13011 13045 I cr_BindingManager: Moderate binding enabled: maxSize=40
10-30 22:24:57.349 13169 13267 I chromium: [INFO:child_process_service.cc(69)] ChildProcessService: Exiting child process.
10-30 22:24:57.354 13208 13273 I cr_LibraryLoader: Loaded native library version number "85.0.4183.127"
10-30 22:24:57.362 13011 13068 I cr_FileUtils: Writing to /data/user/0/com.android.chrome/app_dex/webapk7.dex
10-30 22:24:57.371 13208 13273 I cr_CachingUmaRecorder: Flushed 1 samples from 1 histograms.
10-30 22:24:57.419 13232 13274 I cr_LibraryLoader: Loaded native library version number "85.0.4183.127"
10-30 22:24:57.420 13232 13274 I cr_CachingUmaRecorder: Flushed 1 samples from 1 histograms.
10-30 22:24:57.452 13183 13270 I chromium: [INFO:child_process_service.cc(69)] ChildProcessService: Exiting child process.
10-30 22:24:57.486   600  3994 I ActivityManager: Killing 13183:com.android.chrome:sandboxed_process4/u0a35i531 (adj 0): isolated not needed
10-30 22:24:57.486   600  3994 I ActivityManager: Killing 13156:com.android.chrome:sandboxed_process2/u0a35i529 (adj 0): isolated not needed
10-30 22:24:57.486   600  3994 I ActivityManager: Killing 13169:com.android.chrome:sandboxed_process3/u0a35i530 (adj 0): isolated not needed
10-30 22:24:57.544   600  3509 I ActivityManager: Killing 13208:com.android.chrome:sandboxed_process6/u0a35i533 (adj 0): isolated not needed
10-30 22:24:57.544   600  3509 I ActivityManager: Killing 13196:com.android.chrome:sandboxed_process5/u0a35i532 (adj 0): isolated not needed
10-30 22:24:57.549 12169 12563 I Icing   : IndexChimeraService.getServiceInterface callingPackage=com.android.chrome componentName=null serviceId=36
10-30 22:24:57.558 13245 13278 I cr_LibraryLoader: Loaded native library version number "85.0.4183.127"
10-30 22:24:57.559 13245 13278 I cr_CachingUmaRecorder: Flushed 1 samples from 1 histograms.
10-30 22:24:57.651 12169 12563 I Icing   : IndexChimeraService.getServiceInterface callingPackage=com.android.chrome componentName=null serviceId=36
10-30 22:24:57.667   600  9614 I ActivityManager: Start proc 13304:com.android.chrome:sandboxed_process9/u0i536 for service com.android.chrome/org.chromium.content.app.SandboxedProcessService9
10-30 22:24:57.746   600  1080 I ActivityManager: Killing 13245:com.android.chrome:sandboxed_process8/u0a35i535 (adj 0): isolated not needed
10-30 22:24:57.746   600  1080 I ActivityManager: Killing 13232:com.android.chrome:sandboxed_process7/u0a35i534 (adj 0): isolated not needed
10-30 22:24:57.822   600   610 I ActivityManager: Start proc 13319:com.android.chrome:sandboxed_process10/u0i537 for service com.android.chrome/org.chromium.content.app.SandboxedProcessService10
10-30 22:24:57.893 13292 13292 I dex2oat : /system/bin/dex2oat --dex-file=/data/user/0/com.android.chrome/app_dex/webapk7.dex --oat-fd=180 --oat-location=/data/user/0/com.android.chrome/app_dex/oat/arm/webapk7.dex --compiler-filter=speed
10-30 22:24:57.905   600   611 I ActivityManager: Start proc 13331:com.android.chrome:sandboxed_process11/u0i538 for service com.android.chrome/org.chromium.content.app.SandboxedProcessService11
10-30 22:24:57.956 13304 13304 W dboxed_process9: type=1400 audit(0.0:9559): avc: denied { getattr } for path="/data/data/com.android.chrome" dev="dm-2" ino=12190 scontext=u:r:isolated_app:s0:c512,c768 tcontext=u:object_r:app_data_file:s0:c512,c768 tclass=dir permissive=0
10-30 22:24:57.971   600 13558 I ActivityManager: Start proc 13346:com.android.chrome:sandboxed_process12/u0i539 for service com.android.chrome/org.chromium.content.app.SandboxedProcessService12
10-30 22:24:58.022   600 27731 I ActivityManager: Start proc 13352:com.android.chrome:sandboxed_process13/u0i540 for service com.android.chrome/org.chromium.content.app.SandboxedProcessService13
10-30 22:24:58.036 13319 13319 W boxed_process10: type=1400 audit(0.0:9560): avc: denied { getattr } for path="/data/data/com.android.chrome" dev="dm-2" ino=12190 scontext=u:r:isolated_app:s0:c512,c768 tcontext=u:object_r:app_data_file:s0:c512,c768 tclass=dir permissive=0
10-30 22:24:58.071   600   611 I ActivityManager: Start proc 13365:com.android.chrome:sandboxed_process14/u0i541 for service com.android.chrome/org.chromium.content.app.SandboxedProcessService14
10-30 22:24:58.130 13331 13331 W boxed_process11: type=1400 audit(0.0:9561): avc: denied { getattr } for path="/data/data/com.android.chrome" dev="dm-2" ino=12190 scontext=u:r:isolated_app:s0:c512,c768 tcontext=u:object_r:app_data_file:s0:c512,c768 tclass=dir permissive=0
10-30 22:24:58.136 13304 13304 I cr_ChildProcessService: Creating new ChildProcessService pid=13304
10-30 22:24:58.137   600  2707 I ActivityManager: Start proc 13377:com.android.chrome:sandboxed_process15/u0i542 for service com.android.chrome/org.chromium.content.app.SandboxedProcessService15
10-30 22:24:58.219   600  1082 I ActivityManager: Start proc 13398:com.android.chrome:sandboxed_process16/u0i543 for service com.android.chrome/org.chromium.content.app.SandboxedProcessService16
10-30 22:24:58.246 13346 13346 W boxed_process12: type=1400 audit(0.0:9562): avc: denied { getattr } for path="/data/data/com.android.chrome" dev="dm-2" ino=12190 scontext=u:r:isolated_app:s0:c512,c768 tcontext=u:object_r:app_data_file:s0:c512,c768 tclass=dir permissive=0
10-30 22:24:58.257 13319 13319 I cr_ChildProcessService: Creating new ChildProcessService pid=13319
10-30 22:24:58.287 13011 13021 I art     : Background sticky concurrent mark sweep GC freed 50375(3MB) AllocSpace objects, 67(1340KB) LOS objects, 29% free, 11MB/15MB, paused 6.695ms total 191.240ms
10-30 22:24:58.346 13352 13352 W boxed_process13: type=1400 audit(0.0:9563): avc: denied { getattr } for path="/data/data/com.android.chrome" dev="dm-2" ino=12190 scontext=u:r:isolated_app:s0:c512,c768 tcontext=u:object_r:app_data_file:s0:c512,c768 tclass=dir permissive=0
10-30 22:24:58.369 13331 13331 I cr_ChildProcessService: Creating new ChildProcessService pid=13331
10-30 22:24:58.377 13145 13145 D AndroidRuntime: >>>>>> START com.android.internal.os.RuntimeInit uid 2000 <<<<<<
10-30 22:24:58.391 13346 13346 I cr_ChildProcessService: Creating new ChildProcessService pid=13346
10-30 22:24:58.406 13365 13365 W boxed_process14: type=1400 audit(0.0:9564): avc: denied { getattr } for path="/data/data/com.android.chrome" dev="dm-2" ino=12190 scontext=u:r:isolated_app:s0:c512,c768 tcontext=u:object_r:app_data_file:s0:c512,c768 tclass=dir permissive=0
10-30 22:24:58.413 13145 13145 D AndroidRuntime: CheckJNI is OFF
10-30 22:24:58.420 13377 13377 W boxed_process15: type=1400 audit(0.0:9565): avc: denied { getattr } for path="/data/data/com.android.chrome" dev="dm-2" ino=12190 scontext=u:r:isolated_app:s0:c512,c768 tcontext=u:object_r:app_data_file:s0:c512,c768 tclass=dir permissive=0
10-30 22:24:58.436 13304 13381 I cr_LibraryLoader: Loaded native library version number "85.0.4183.127"
10-30 22:24:58.437 13304 13381 I cr_CachingUmaRecorder: Flushed 1 samples from 1 histograms.
10-30 22:24:58.463 13398 13398 W boxed_process16: type=1400 audit(0.0:9566): avc: denied { getattr } for path="/data/data/com.android.chrome" dev="dm-2" ino=12190 scontext=u:r:isolated_app:s0:c512,c768 tcontext=u:object_r:app_data_file:s0:c512,c768 tclass=dir permissive=0
10-30 22:24:58.506 13319 13405 I cr_LibraryLoader: Loaded native library version number "85.0.4183.127"
10-30 22:24:58.506 13319 13405 I cr_CachingUmaRecorder: Flushed 1 samples from 1 histograms.
10-30 22:24:58.509 13352 13352 I cr_ChildProcessService: Creating new ChildProcessService pid=13352
10-30 22:24:58.543 13365 13365 I cr_ChildProcessService: Creating new ChildProcessService pid=13365
10-30 22:24:58.559 13377 13377 I cr_ChildProcessService: Creating new ChildProcessService pid=13377
10-30 22:24:58.600 13331 13413 I cr_LibraryLoader: Loaded native library version number "85.0.4183.127"
10-30 22:24:58.608 13398 13398 I cr_ChildProcessService: Creating new ChildProcessService pid=13398
10-30 22:24:58.620 13346 13414 I cr_LibraryLoader: Loaded native library version number "85.0.4183.127"
10-30 22:24:58.620 13346 13414 I cr_CachingUmaRecorder: Flushed 1 samples from 1 histograms.
10-30 22:24:58.622 13331 13413 I cr_CachingUmaRecorder: Flushed 1 samples from 1 histograms.
10-30 22:24:58.800 13331 13413 I chromium: [INFO:child_process_service.cc(69)] ChildProcessService: Exiting child process.
10-30 22:24:58.805   600   713 I ActivityManager: Start proc 13434:com.android.chrome:sandboxed_process17/u0i544 for service com.android.chrome/org.chromium.content.app.SandboxedProcessService17
10-30 22:24:58.834 13352 13417 I cr_LibraryLoader: Loaded native library version number "85.0.4183.127"
10-30 22:24:58.834 13352 13417 I cr_CachingUmaRecorder: Flushed 1 samples from 1 histograms.
10-30 22:24:58.840 13346 13414 I chromium: [INFO:child_process_service.cc(69)] ChildProcessService: Exiting child process.
10-30 22:24:58.843 13011 13011 I FeedRequestManagerImpl: Request: /httpservice/noretry/DiscoverClankService/FeedQuery completed with response code: 200
10-30 22:24:58.843 13011 13011 I TaskQueue:  - task [IMMEDIATE - d: true, b: 2]: 15
10-30 22:24:58.843 13011 13011 I TaskQueue:  - queueTask starting immediate task
10-30 22:24:58.843 13011 13066 I TaskQueue: Execute task [IMMEDIATE - d: true, b: 2]: 15
10-30 22:24:58.873   600   610 I ActivityManager: Start proc 13439:com.android.chrome:sandboxed_process18/u0i545 for service com.android.chrome/org.chromium.content.app.SandboxedProcessService18
10-30 22:24:58.900 13365 13421 I cr_LibraryLoader: Loaded native library version number "85.0.4183.127"
10-30 22:24:58.901 13365 13421 I cr_CachingUmaRecorder: Flushed 1 samples from 1 histograms.
10-30 22:24:58.933   600 27731 I ActivityManager: Start proc 13454:com.android.chrome:sandboxed_process19/u0i546 for service com.android.chrome/org.chromium.content.app.SandboxedProcessService19
10-30 22:24:58.991   600  3507 I ActivityManager: Start proc 13474:com.android.chrome:sandboxed_process20/u0i547 for service com.android.chrome/org.chromium.content.app.SandboxedProcessService20
10-30 22:24:58.992   600  1080 I ActivityManager: Killing 13319:com.android.chrome:sandboxed_process10/u0a35i537 (adj 0): isolated not needed
10-30 22:24:58.992   600  1080 I ActivityManager: Killing 13304:com.android.chrome:sandboxed_process9/u0a35i536 (adj 0): isolated not needed
10-30 22:24:59.001 13352 13417 I chromium: [INFO:child_process_service.cc(69)] ChildProcessService: Exiting child process.
10-30 22:24:59.008   197   197 E lowmemorykiller: Error writing /proc/13331/oom_score_adj; errno=22
10-30 22:24:59.008   600   611 E JavaBinder: !!! FAILED BINDER TRANSACTION !!!  (parcel size = 76)
10-30 22:24:59.008   600   611 E JavaBinder: !!! FAILED BINDER TRANSACTION !!!  (parcel size = 576)
10-30 22:24:59.009   600   611 W ActivityManager: Exception when unbinding service com.android.chrome/org.chromium.content.app.SandboxedProcessService11
10-30 22:24:59.009   600   611 W ActivityManager: android.os.DeadObjectException: Transaction failed on small parcel; remote process probably died
10-30 22:24:59.009   600   611 W ActivityManager: 	at android.os.BinderProxy.transactNative(Native Method)
10-30 22:24:59.009   600   611 W ActivityManager: 	at android.os.BinderProxy.transact(Binder.java:615)
10-30 22:24:59.009   600   611 W ActivityManager: 	at android.app.ApplicationThreadProxy.scheduleUnbindService(ApplicationThreadNative.java:1016)
10-30 22:24:59.009   600   611 W ActivityManager: 	at com.android.server.am.ActiveServices.removeConnectionLocked(ActiveServices.java:2175)
10-30 22:24:59.009   600   611 W ActivityManager: 	at com.android.server.am.ActiveServices.unbindServiceLocked(ActiveServices.java:1163)
10-30 22:24:59.009   600   611 W ActivityManager: 	at com.android.server.am.ActivityManagerService.unbindService(ActivityManagerService.java:17309)
10-30 22:24:59.009   600   611 W ActivityManager: 	at android.app.ActivityManagerNative.onTransact(ActivityManagerNative.java:1145)
10-30 22:24:59.009   600   611 W ActivityManager: 	at com.android.server.am.ActivityManagerService.onTransact(ActivityManagerService.java:2795)
10-30 22:24:59.009   600   611 W ActivityManager: 	at android.os.Binder.execTransact(Binder.java:565)
10-30 22:24:59.009   600   611 E JavaBinder: !!! FAILED BINDER TRANSACTION !!!  (parcel size = 76)
10-30 22:24:59.010   197   197 E lowmemorykiller: Error writing /proc/13331/oom_score_adj; errno=22
10-30 22:24:59.010   600   611 E JavaBinder: !!! FAILED BINDER TRANSACTION !!!  (parcel size = 76)
10-30 22:24:59.012   197   197 E lowmemorykiller: Error writing /proc/13346/oom_score_adj; errno=22
10-30 22:24:59.012   600 29683 E JavaBinder: !!! FAILED BINDER TRANSACTION !!!  (parcel size = 76)
10-30 22:24:59.012   600 29683 E JavaBinder: !!! FAILED BINDER TRANSACTION !!!  (parcel size = 576)
10-30 22:24:59.013   600 29683 W ActivityManager: Exception when unbinding service com.android.chrome/org.chromium.content.app.SandboxedProcessService12
10-30 22:24:59.013   600 29683 W ActivityManager: android.os.DeadObjectException: Transaction failed on small parcel; remote process probably died
10-30 22:24:59.013   600 29683 W ActivityManager: 	at android.os.BinderProxy.transactNative(Native Method)
10-30 22:24:59.013   600 29683 W ActivityManager: 	at android.os.BinderProxy.transact(Binder.java:615)
10-30 22:24:59.013   600 29683 W ActivityManager: 	at android.app.ApplicationThreadProxy.scheduleUnbindService(ApplicationThreadNative.java:1016)
10-30 22:24:59.013   600 29683 W ActivityManager: 	at com.android.server.am.ActiveServices.removeConnectionLocked(ActiveServices.java:2175)
10-30 22:24:59.013   600 29683 W ActivityManager: 	at com.android.server.am.ActiveServices.unbindServiceLocked(ActiveServices.java:1163)
10-30 22:24:59.013   600 29683 W ActivityManager: 	at com.android.server.am.ActivityManagerService.unbindService(ActivityManagerService.java:17309)
10-30 22:24:59.013   600 29683 W ActivityManager: 	at android.app.ActivityManagerNative.onTransact(ActivityManagerNative.java:1145)
10-30 22:24:59.013   600 29683 W ActivityManager: 	at com.android.server.am.ActivityManagerService.onTransact(ActivityManagerService.java:2795)
10-30 22:24:59.013   600 29683 W ActivityManager: 	at android.os.Binder.execTransact(Binder.java:565)
10-30 22:24:59.013   600 29683 E JavaBinder: !!! FAILED BINDER TRANSACTION !!!  (parcel size = 76)
10-30 22:24:59.013   600 29683 I ActivityManager: Killing 13331:com.android.chrome:sandboxed_process11/u0a35i538 (adj 900): isolated not needed
10-30 22:24:59.013   197   197 E lowmemorykiller: Error writing /proc/13346/oom_score_adj; errno=22
10-30 22:24:59.013   600 29683 E JavaBinder: !!! FAILED BINDER TRANSACTION !!!  (parcel size = 76)
10-30 22:24:59.019   197   197 E lowmemorykiller: Error writing /proc/13352/oom_score_adj; errno=22
10-30 22:24:59.019   600   713 E JavaBinder: !!! FAILED BINDER TRANSACTION !!!  (parcel size = 76)
10-30 22:24:59.020   600   713 E JavaBinder: !!! FAILED BINDER TRANSACTION !!!  (parcel size = 576)
10-30 22:24:59.021   600   713 W ActivityManager: Exception when unbinding service com.android.chrome/org.chromium.content.app.SandboxedProcessService13
10-30 22:24:59.021   600   713 W ActivityManager: android.os.DeadObjectException: Transaction failed on small parcel; remote process probably died
10-30 22:24:59.021   600   713 W ActivityManager: 	at android.os.BinderProxy.transactNative(Native Method)
10-30 22:24:59.021   600   713 W ActivityManager: 	at android.os.BinderProxy.transact(Binder.java:615)
10-30 22:24:59.021   600   713 W ActivityManager: 	at android.app.ApplicationThreadProxy.scheduleUnbindService(ApplicationThreadNative.java:1016)
10-30 22:24:59.021   600   713 W ActivityManager: 	at com.android.server.am.ActiveServices.removeConnectionLocked(ActiveServices.java:2175)
10-30 22:24:59.021   600   713 W ActivityManager: 	at com.android.server.am.ActiveServices.unbindServiceLocked(ActiveServices.java:1163)
10-30 22:24:59.021   600   713 W ActivityManager: 	at com.android.server.am.ActivityManagerService.unbindService(ActivityManagerService.java:17309)
10-30 22:24:59.021   600   713 W ActivityManager: 	at android.app.ActivityManagerNative.onTransact(ActivityManagerNative.java:1145)
10-30 22:24:59.021   600   713 W ActivityManager: 	at com.android.server.am.ActivityManagerService.onTransact(ActivityManagerService.java:2795)
10-30 22:24:59.021   600   713 W ActivityManager: 	at android.os.Binder.execTransact(Binder.java:565)
10-30 22:24:59.021   600   713 E JavaBinder: !!! FAILED BINDER TRANSACTION !!!  (parcel size = 76)
10-30 22:24:59.021   600   713 I ActivityManager: Killing 13346:com.android.chrome:sandboxed_process12/u0a35i539 (adj 900): isolated not needed
10-30 22:24:59.021   197   197 E lowmemorykiller: Error writing /proc/13352/oom_score_adj; errno=22
10-30 22:24:59.021   600   713 E JavaBinder: !!! FAILED BINDER TRANSACTION !!!  (parcel size = 76)
10-30 22:24:59.024 13377 13423 I cr_LibraryLoader: Loaded native library version number "85.0.4183.127"
10-30 22:24:59.024 13377 13423 I cr_CachingUmaRecorder: Flushed 1 samples from 1 histograms.
10-30 22:24:59.090 13398 13427 I cr_LibraryLoader: Loaded native library version number "85.0.4183.127"
10-30 22:24:59.090 13398 13427 I cr_CachingUmaRecorder: Flushed 1 samples from 1 histograms.
10-30 22:24:59.091   600  3507 I ActivityManager: Killing 13365:com.android.chrome:sandboxed_process14/u0a35i541 (adj 0): isolated not needed
10-30 22:24:59.092   600  3507 I ActivityManager: Killing 13352:com.android.chrome:sandboxed_process13/u0a35i540 (adj 900): isolated not needed
10-30 22:24:59.110 13011 13066 I MainThreadRunner: Running task [FeedRequestManagerImpl consumer] on the Main Thread
10-30 22:24:59.110 13011 13066 I TaskQueue:  - Finished 15, time 266 ms
10-30 22:24:59.123 13011 13011 I FeedProtocolAdapter: createModel, operations 33
10-30 22:24:59.128 13011 13011 I TimingUtils: Task Timing   5ms, thread ui | task : convertWireProtocol | mutations : 33
10-30 22:24:59.134 13011 13011 I TaskQueue:  - task [HEAD_RESET - d: true, b: 2]: 5
10-30 22:24:59.134 13011 13011 I TaskQueue:  - queueTask starting immediate task
10-30 22:24:59.135 13011 13066 I TaskQueue: Execute task [HEAD_RESET - d: true, b: 2]: 5
10-30 22:24:59.143 13439 13439 W boxed_process18: type=1400 audit(0.0:9567): avc: denied { getattr } for path="/data/data/com.android.chrome" dev="dm-2" ino=12190 scontext=u:r:isolated_app:s0:c512,c768 tcontext=u:object_r:app_data_file:s0:c512,c768 tclass=dir permissive=0
10-30 22:24:59.157 13011 13066 I TaskQueue:  - task [BACKGROUND - d: true, b: 2]: 23
10-30 22:24:59.163 13145 13145 D ICU     : No timezone override file found: /data/misc/zoneinfo/current/icu/icu_tzdata.dat
10-30 22:24:59.174 13011 13066 W SessionCache: Persisted Sessions were not found
10-30 22:24:59.180 13011 13066 I PersistentFeedStore: commitSessionMutation - Success true, Update Session $HEAD, stream structures 32
10-30 22:24:59.199 13011 13066 I MainThreadRunner: Running task [SchedulerApiWrapper onReceiveNewContent] on the Main Thread
