10-30 20:06:26.361 29965 29965 D MonkeyStub: translateCommand: touch move 614 1311
10-30 20:06:26.470 29965 29965 D MonkeyStub: translateCommand: touch move 614 1186
10-30 20:06:26.576 29965 29965 D MonkeyStub: translateCommand: touch move 614 1061
10-30 20:06:26.735 29965 29965 D MonkeyStub: translateCommand: touch move 614 937
10-30 20:06:26.841 29965 29965 D MonkeyStub: translateCommand: touch move 614 812
10-30 20:06:26.952 29965 29965 D MonkeyStub: translateCommand: touch move 614 687
10-30 20:06:27.057 29965 29965 D MonkeyStub: translateCommand: touch move 614 562
10-30 20:06:27.162 29965 29965 D MonkeyStub: translateCommand: touch move 614 437
10-30 20:06:27.272 29965 29965 D MonkeyStub: translateCommand: touch move 614 312
10-30 20:06:27.275 29965 29965 D MonkeyStub: translateCommand: touch up 614 312
10-30 20:06:27.459   600  1076 I ActivityManager: Start proc 30120:com.android.chrome:sandboxed_process27/u0i753 for service com.android.chrome/org.chromium.content.app.SandboxedProcessService27
10-30 20:06:27.506 30120 30120 W boxed_process27: type=1400 audit(0.0:8249): avc: denied { getattr } for path="/data/data/com.android.chrome" dev="dm-2" ino=12190 scontext=u:r:isolated_app:s0:c512,c768 tcontext=u:object_r:app_data_file:s0:c512,c768 tclass=dir permissive=0
10-30 20:06:27.529 30120 30120 I cr_ChildProcessService: Creating new ChildProcessService pid=30120
10-30 20:06:27.591 30120 30133 I cr_LibraryLoader: Loaded native library version number "85.0.4183.127"
10-30 20:06:27.591 30120 30133 I cr_CachingUmaRecorder: Flushed 1 samples from 1 histograms.
10-30 20:06:27.609 30133 30133 W CrUtilityMain: type=1400 audit(0.0:8250): avc: denied { setattr } for name="download_file_types.pb" dev="dm-2" ino=58822 scontext=u:r:isolated_app:s0:c512,c768 tcontext=u:object_r:app_data_file:s0:c512,c768 tclass=file permissive=0
10-30 20:06:27.609 30133 30133 W CrUtilityMain: type=1400 audit(0.0:8251): avc: denied { setattr } for name="manifest.json" dev="dm-2" ino=58750 scontext=u:r:isolated_app:s0:c512,c768 tcontext=u:object_r:app_data_file:s0:c512,c768 tclass=file permissive=0
10-30 20:06:27.612 30133 30133 W CrUtilityMain: type=1400 audit(0.0:8252): avc: denied { setattr } for name="verified_contents.json" dev="dm-2" ino=58776 scontext=u:r:isolated_app:s0:c512,c768 tcontext=u:object_r:app_data_file:s0:c512,c768 tclass=file permissive=0
10-30 20:06:27.629 30120 30133 I chromium: [INFO:child_process_service.cc(69)] ChildProcessService: Exiting child process.
10-30 20:06:27.630   197   197 E lowmemorykiller: Error writing /proc/30120/oom_score_adj; errno=22
10-30 20:06:27.651   600  3994 I ActivityManager: Process com.android.chrome:sandboxed_process27 (pid 30120) has died
10-30 20:06:27.651   600  3994 D ActivityManager: cleanUpApplicationRecord -- 30120
10-30 20:06:27.651 29302 29302 W chromium: [WARNING:compositor_view.cc(315)] Child process died (type=6) pid=30120)
10-30 20:06:29.615   600  3675 I ActivityManager: Start proc 30137:com.android.chrome:sandboxed_process28/u0i754 for service com.android.chrome/org.chromium.content.app.SandboxedProcessService28
10-30 20:06:29.672 30137 30137 W boxed_process28: type=1400 audit(0.0:8253): avc: denied { getattr } for path="/data/data/com.android.chrome" dev="dm-2" ino=12190 scontext=u:r:isolated_app:s0:c512,c768 tcontext=u:object_r:app_data_file:s0:c512,c768 tclass=dir permissive=0
10-30 20:06:29.707 30137 30137 I cr_ChildProcessService: Creating new ChildProcessService pid=30137
10-30 20:06:29.768 30137 30150 I cr_LibraryLoader: Loaded native library version number "85.0.4183.127"
10-30 20:06:29.769 30137 30150 I cr_CachingUmaRecorder: Flushed 1 samples from 1 histograms.
10-30 20:06:29.796 30150 30150 W CrUtilityMain: type=1400 audit(0.0:8254): avc: denied { setattr } for name="ssl_error_assistant.pb" dev="dm-2" ino=59120 scontext=u:r:isolated_app:s0:c512,c768 tcontext=u:object_r:app_data_file:s0:c512,c768 tclass=file permissive=0
10-30 20:06:29.796 30150 30150 W CrUtilityMain: type=1400 audit(0.0:8255): avc: denied { setattr } for name="manifest.json" dev="dm-2" ino=59440 scontext=u:r:isolated_app:s0:c512,c768 tcontext=u:object_r:app_data_file:s0:c512,c768 tclass=file permissive=0
10-30 20:06:29.799 30150 30150 W CrUtilityMain: type=1400 audit(0.0:8256): avc: denied { setattr } for name="verified_contents.json" dev="dm-2" ino=59157 scontext=u:r:isolated_app:s0:c512,c768 tcontext=u:object_r:app_data_file:s0:c512,c768 tclass=file permissive=0
10-30 20:06:29.805 30137 30150 I chromium: [INFO:child_process_service.cc(69)] ChildProcessService: Exiting child process.
10-30 20:06:29.831   600 24515 I ActivityManager: Process com.android.chrome:sandboxed_process28 (pid 30137) has died
10-30 20:06:29.831   600 24515 D ActivityManager: cleanUpApplicationRecord -- 30137
10-30 20:06:29.834 29302 29302 W chromium: [WARNING:compositor_view.cc(315)] Child process died (type=6) pid=30137)
10-30 20:06:32.085   600  7064 I ActivityManager: Start proc 30154:com.android.chrome:sandboxed_process29/u0i755 for service com.android.chrome/org.chromium.content.app.SandboxedProcessService29
10-30 20:06:32.126 30154 30154 W boxed_process29: type=1400 audit(0.0:8257): avc: denied { getattr } for path="/data/data/com.android.chrome" dev="dm-2" ino=12190 scontext=u:r:isolated_app:s0:c512,c768 tcontext=u:object_r:app_data_file:s0:c512,c768 tclass=dir permissive=0
10-30 20:06:32.212 30154 30154 I cr_ChildProcessService: Creating new ChildProcessService pid=30154
10-30 20:06:32.275 30154 30168 I cr_LibraryLoader: Loaded native library version number "85.0.4183.127"
10-30 20:06:32.275 30154 30168 I cr_CachingUmaRecorder: Flushed 1 samples from 1 histograms.
10-30 20:06:32.299 30168 30168 W CrUtilityMain: type=1400 audit(0.0:8258): avc: denied { setattr } for name="safety_tips.pb" dev="dm-2" ino=59520 scontext=u:r:isolated_app:s0:c512,c768 tcontext=u:object_r:app_data_file:s0:c512,c768 tclass=file permissive=0
10-30 20:06:32.299 30168 30168 W CrUtilityMain: type=1400 audit(0.0:8259): avc: denied { setattr } for name="manifest.json" dev="dm-2" ino=59439 scontext=u:r:isolated_app:s0:c512,c768 tcontext=u:object_r:app_data_file:s0:c512,c768 tclass=file permissive=0
10-30 20:06:32.302 30168 30168 W CrUtilityMain: type=1400 audit(0.0:8260): avc: denied { setattr } for name="verified_contents.json" dev="dm-2" ino=59378 scontext=u:r:isolated_app:s0:c512,c768 tcontext=u:object_r:app_data_file:s0:c512,c768 tclass=file permissive=0
10-30 20:06:32.314 30154 30154 I cr_ChildProcessService: Destroying ChildProcessService pid=30154
10-30 20:06:32.316 30154 30168 I chromium: [INFO:child_process_service.cc(69)] ChildProcessService: Exiting child process.
10-30 20:06:32.361   600  1076 I ActivityManager: Process com.android.chrome:sandboxed_process29 (pid 30154) has died
10-30 20:06:32.361   600  1076 D ActivityManager: cleanUpApplicationRecord -- 30154
10-30 20:06:32.369 29302 29302 W chromium: [WARNING:compositor_view.cc(315)] Child process died (type=6) pid=30154)
10-30 20:06:33.322 29965 29965 D MonkeyStub: translateCommand: touch down 614 1561
10-30 20:06:33.330 29965 29965 D MonkeyStub: translateCommand: touch move 614 1561
10-30 20:06:33.436 29965 29965 D MonkeyStub: translateCommand: touch move 614 1436
10-30 20:06:33.545 29965 29965 D MonkeyStub: translateCommand: touch move 614 1311
10-30 20:06:33.650 29965 29965 D MonkeyStub: translateCommand: touch move 614 1186
10-30 20:06:33.758 29965 29965 D MonkeyStub: translateCommand: touch move 614 1061
10-30 20:06:33.865 29965 29965 D MonkeyStub: translateCommand: touch move 614 937
10-30 20:06:33.996 29965 29965 D MonkeyStub: translateCommand: touch move 614 812
10-30 20:06:34.107 29965 29965 D MonkeyStub: translateCommand: touch move 614 687
10-30 20:06:34.219 29965 29965 D MonkeyStub: translateCommand: touch move 614 562
10-30 20:06:34.325 29965 29965 D MonkeyStub: translateCommand: touch move 614 437
10-30 20:06:34.432 29965 29965 D MonkeyStub: translateCommand: touch move 614 312
10-30 20:06:34.440 29965 29965 D MonkeyStub: translateCommand: touch up 614 312
10-30 20:06:34.470 29965 29965 D MonkeyStub: translateCommand: touch down 614 1561
10-30 20:06:34.477 29965 29965 D MonkeyStub: translateCommand: touch move 614 1561
10-30 20:06:34.589 29965 29965 D MonkeyStub: translateCommand: touch move 614 1436
10-30 20:06:34.701 29965 29965 D MonkeyStub: translateCommand: touch move 614 1311
10-30 20:06:34.807 29965 29965 D MonkeyStub: translateCommand: touch move 614 1186
10-30 20:06:34.904   600 13557 I ActivityManager: Start proc 30174:com.android.chrome:sandboxed_process30/u0i756 for service com.android.chrome/org.chromium.content.app.SandboxedProcessService30
10-30 20:06:34.927 29965 29965 D MonkeyStub: translateCommand: touch move 614 1061
10-30 20:06:34.992 30174 30174 W boxed_process30: type=1400 audit(0.0:8261): avc: denied { getattr } for path="/data/data/com.android.chrome" dev="dm-2" ino=12190 scontext=u:r:isolated_app:s0:c512,c768 tcontext=u:object_r:app_data_file:s0:c512,c768 tclass=dir permissive=0
10-30 20:06:35.034 30174 30174 I cr_ChildProcessService: Creating new ChildProcessService pid=30174
10-30 20:06:35.036 29965 29965 D MonkeyStub: translateCommand: touch move 614 937
10-30 20:06:35.108 30174 30188 I cr_LibraryLoader: Loaded native library version number "85.0.4183.127"
10-30 20:06:35.110 30174 30188 I cr_CachingUmaRecorder: Flushed 1 samples from 1 histograms.
10-30 20:06:35.146 30188 30188 W CrUtilityMain: type=1400 audit(0.0:8262): avc: denied { setattr } for name=5072656C6F61642044617461 dev="dm-2" ino=59756 scontext=u:r:isolated_app:s0:c512,c768 tcontext=u:object_r:app_data_file:s0:c512,c768 tclass=file permissive=0
10-30 20:06:35.148 29965 29965 D MonkeyStub: translateCommand: touch move 614 812
10-30 20:06:35.152 30188 30188 W CrUtilityMain: type=1400 audit(0.0:8263): avc: denied { setattr } for name="manifest.json" dev="dm-2" ino=59786 scontext=u:r:isolated_app:s0:c512,c768 tcontext=u:object_r:app_data_file:s0:c512,c768 tclass=file permissive=0
10-30 20:06:35.159 30188 30188 W CrUtilityMain: type=1400 audit(0.0:8264): avc: denied { setattr } for name="verified_contents.json" dev="dm-2" ino=59987 scontext=u:r:isolated_app:s0:c512,c768 tcontext=u:object_r:app_data_file:s0:c512,c768 tclass=file permissive=0
10-30 20:06:35.169 30174 30174 I cr_ChildProcessService: Destroying ChildProcessService pid=30174
10-30 20:06:35.170 30174 30188 I chromium: [INFO:child_process_service.cc(69)] ChildProcessService: Exiting child process.
10-30 20:06:35.187   600  3994 I ActivityManager: Process com.android.chrome:sandboxed_process30 (pid 30174) has died
10-30 20:06:35.187   600  3994 D ActivityManager: cleanUpApplicationRecord -- 30174
10-30 20:06:35.218 29302 29302 W chromium: [WARNING:compositor_view.cc(315)] Child process died (type=6) pid=30174)
10-30 20:06:35.253 29965 29965 D MonkeyStub: translateCommand: touch move 614 687
10-30 20:06:35.358 29965 29965 D MonkeyStub: translateCommand: touch move 614 562
10-30 20:06:35.471 29965 29965 D MonkeyStub: translateCommand: touch move 614 437
10-30 20:06:35.584 29965 29965 D MonkeyStub: translateCommand: touch move 614 312
10-30 20:06:35.589 29965 29965 D MonkeyStub: translateCommand: touch up 614 312
10-30 20:06:35.600 29965 29965 D MonkeyStub: Quit requested
10-30 20:06:35.631   600   614 I CwMcuSensor: CwMcuSensor::flush: fd = 239, sensors_id = 0, path = /sys/class/htc_sensorhub/sensor_hub/flush, err = 0
10-30 20:06:35.662 29965 29965 I art     : System.exit called, status: 71
10-30 20:06:35.662 29965 29965 I AndroidRuntime: VM exiting with result code 71.
10-30 20:06:35.703   600   713 W WindowManager: Attempted to remove non-existing token: android.os.Binder@e1e7402
10-30 20:06:38.104   600  2707 I ActivityManager: Start proc 30196:com.android.chrome:sandboxed_process31/u0i757 for service com.android.chrome/org.chromium.content.app.SandboxedProcessService31
10-30 20:06:38.172 30196 30196 W boxed_process31: type=1400 audit(0.0:8265): avc: denied { getattr } for path="/data/data/com.android.chrome" dev="dm-2" ino=12190 scontext=u:r:isolated_app:s0:c512,c768 tcontext=u:object_r:app_data_file:s0:c512,c768 tclass=dir permissive=0
10-30 20:06:38.193 30196 30196 I cr_ChildProcessService: Creating new ChildProcessService pid=30196
10-30 20:06:38.255 30196 30209 I cr_LibraryLoader: Loaded native library version number "85.0.4183.127"
10-30 20:06:38.255 30196 30209 I cr_CachingUmaRecorder: Flushed 1 samples from 1 histograms.
10-30 20:06:38.276 30209 30209 W CrUtilityMain: type=1400 audit(0.0:8266): avc: denied { setattr } for name="tls_deprecation_config.pb" dev="dm-2" ino=60087 scontext=u:r:isolated_app:s0:c512,c768 tcontext=u:object_r:app_data_file:s0:c512,c768 tclass=file permissive=0
10-30 20:06:38.279 30209 30209 W CrUtilityMain: type=1400 audit(0.0:8267): avc: denied { setattr } for name="manifest.json" dev="dm-2" ino=60360 scontext=u:r:isolated_app:s0:c512,c768 tcontext=u:object_r:app_data_file:s0:c512,c768 tclass=file permissive=0
10-30 20:06:38.282 30209 30209 W CrUtilityMain: type=1400 audit(0.0:8268): avc: denied { setattr } for name="verified_contents.json" dev="dm-2" ino=60462 scontext=u:r:isolated_app:s0:c512,c768 tcontext=u:object_r:app_data_file:s0:c512,c768 tclass=file permissive=0
10-30 20:06:38.287 30196 30209 I chromium: [INFO:child_process_service.cc(69)] ChildProcessService: Exiting child process.
10-30 20:06:38.293   197   197 E lowmemorykiller: Error writing /proc/30196/oom_score_adj; errno=22
10-30 20:06:38.304 29302 29302 W chromium: [WARNING:compositor_view.cc(315)] Child process died (type=6) pid=30196)
10-30 20:06:38.304   600  2707 I ActivityManager: Process com.android.chrome:sandboxed_process31 (pid 30196) has died
10-30 20:06:38.305   600  2707 D ActivityManager: cleanUpApplicationRecord -- 30196
10-30 20:06:45.013 29302 29302 I cr_tabmodel: Appending tabs being restored to metadata lists, 0, startingNormalCount: 2, startingIncognitoCount: 0
10-30 20:06:45.013 29302 29302 I cr_tabmodel: Serializing tab lists; counts: 2, 0
10-30 20:06:45.246   787 28592 W Icing   : isOptedInForAppHistory: empty Account Name encountered
10-30 20:06:45.257   787 28592 W Icing   : isOptedInForAppHistory: empty Account Name encountered
10-30 20:06:45.298   787 29932 W Icing   : isOptedInForAppHistory: empty Account Name encountered
10-30 20:06:45.427 29302 29302 I cr_tabmodel: Appending tabs being restored to metadata lists, 0, startingNormalCount: 2, startingIncognitoCount: 0
10-30 20:06:45.427 29302 29302 I cr_tabmodel: Serializing tab lists; counts: 2, 0
10-30 20:06:45.599 29302 29302 I cr_tabmodel: Appending tabs being restored to metadata lists, 0, startingNormalCount: 2, startingIncognitoCount: 0
10-30 20:06:45.599 29302 29302 I cr_tabmodel: Serializing tab lists; counts: 2, 0
10-30 20:06:47.880 29332 29902 I Icing   : IndexChimeraService.getServiceInterface callingPackage=com.android.chrome componentName=null serviceId=36
10-30 20:06:47.892 29332 29693 W Icing   : No valid account for uploading user actions
10-30 20:06:47.942 29332 29902 I Icing   : IndexChimeraService.getServiceInterface callingPackage=com.google.android.gms componentName=null serviceId=30
10-30 20:06:47.975 29332 29693 I Icing   : Usage reports ok 2, Failed Usage reports 0, indexed 2, rejected 0
10-30 20:06:47.978 29332 29693 W Icing   : No valid account for uploading user actions
10-30 20:06:47.986 29332 29693 I Icing   : Usage reports ok 0, Failed Usage reports 0, indexed 0, rejected 0
10-30 20:06:47.987 29332 29693 I Icing   : Indexing com.android.chrome-internal.3p:WebPage from com.android.chrome using seqno 0
10-30 20:06:48.002 29332 29693 I Icing   : Indexing com.android.chrome-omnibox from com.android.chrome
10-30 20:06:48.038 29332 29936 I Icing   : Indexing done com.android.chrome-omnibox
10-30 20:06:49.050   787 23224 W Icing   : isOptedInForAppHistory: empty Account Name encountered
10-30 20:06:49.069   787 25662 W Icing   : isOptedInForAppHistory: empty Account Name encountered
10-30 20:06:51.912 30237 30237 D AndroidRuntime: >>>>>> START com.android.internal.os.RuntimeInit uid 2000 <<<<<<
10-30 20:06:51.921 30237 30237 D AndroidRuntime: CheckJNI is OFF
10-30 20:06:52.016 30237 30237 D ICU     : No timezone override file found: /data/misc/zoneinfo/current/icu/icu_tzdata.dat
10-30 20:06:52.058 30237 30237 I Radio-JNI: register_android_hardware_Radio DONE
10-30 20:06:52.074 30237 30237 D AndroidRuntime: Calling main entry com.android.commands.am.Am
10-30 20:06:52.094   600 24611 I ActivityManager: Force stopping com.android.chrome appid=10035 user=0: from pid 30237
10-30 20:06:52.094   600 24611 I ActivityManager: Killing 29377:com.android.chrome:privileged_process0/u0a35 (adj 0): stop com.android.chrome
10-30 20:06:52.094   600 24611 D ActivityManager: cleanUpApplicationRecord -- 29377
10-30 20:06:52.094   600 24611 W ActivityManager: Scheduling restart of crashed service com.android.chrome/org.chromium.content.app.PrivilegedProcessService0 in 1000ms
10-30 20:06:52.095   600 24611 I ActivityManager: Killing 29302:com.android.chrome/u0a35 (adj 0): stop com.android.chrome
10-30 20:06:52.095   600 24611 D ActivityManager: cleanUpApplicationRecord -- 29302
10-30 20:06:52.102   600 24611 W ActivityManager: Force removing ActivityRecord{179c11c u0 com.android.chrome/com.google.android.apps.chrome.Main t1817}: app died, no saved state
10-30 20:06:52.109 17571 17571 I MemoryTrimmer: Trimming objects from memory, since app is in the background.
10-30 20:06:52.128   600 24611 I ActivityManager: Killing 29889:com.android.chrome:sandboxed_process21/u0a35i747 (adj 0): isolated not needed
10-30 20:06:52.128   600 24611 I ActivityManager: Killing 29348:com.android.chrome:sandboxed_process0/u0a35i726 (adj 0): isolated not needed
10-30 20:06:52.141 30237 30237 D AndroidRuntime: Shutting down VM
10-30 20:06:52.190  1084  1171 I OpenGLRenderer: Initialized EGL, version 1.4
10-30 20:06:52.190  1084  1171 D OpenGLRenderer: Swap behavior 2
10-30 20:06:52.224  1061  1061 D RegisteredNfcFServicesCache: Service unchanged, not updating
10-30 20:06:52.294   600 24611 D ActivityManager: cleanUpApplicationRecord -- 29348
10-30 20:06:52.296 17571 19750 I AttachedClient: Adding client event 2 to pending list.
10-30 20:06:52.313 17571 17571 I OptInState: There is a new client and it does not support opt-in. Dropping request.
10-30 20:06:52.315 17571 17571 I MicroDetectionWorker: Micro detection mode: [mDetectionMode: [1]].
10-30 20:06:52.333 17571 30251 I MicroRecognitionRunner: Starting detection.
10-30 20:06:52.342 17571 17601 I MicrophoneInputStream: mic_starting com.google.android.apps.gsa.speech.audio.ae@e0cf908
10-30 20:06:52.348   238   285 I SoundTriggerHwService::Module: void android::SoundTriggerHwService::Module::onCallbackEvent(const sp<android::SoundTriggerHwService::CallbackEvent> &) mClient == 0
10-30 20:06:52.353   238 30254 I AudioFlinger: AudioFlinger's thread 0xef692e00 ready to run
10-30 20:06:52.355 17571 17601 I MicrophoneInputStream: mic_started com.google.android.apps.gsa.speech.audio.ae@e0cf908
10-30 20:06:52.371 17571 17581 I art     : Background sticky concurrent mark sweep GC freed 4038(226KB) AllocSpace objects, 0(0B) LOS objects, 10% free, 5MB/6MB, paused 5.682ms total 37.198ms
10-30 20:06:52.435   600   609 I art     : Background partial concurrent mark sweep GC freed 110254(5MB) AllocSpace objects, 42(1096KB) LOS objects, 33% free, 16MB/24MB, paused 797us total 188.779ms
10-30 20:06:52.447   600  3675 D ActivityManager: cleanUpApplicationRecord -- 29889
10-30 20:06:52.463   600 29683 D ConnectivityService: ConnectivityService NetworkRequestInfo binderDied(NetworkRequest [ LISTEN id=1124, [ Capabilities: INTERNET&NOT_RESTRICTED&TRUSTED&FOREGROUND] ], android.os.BinderProxy@7c6dc7e)
10-30 20:06:52.464   600 29683 D ConnectivityService: ConnectivityService NetworkRequestInfo binderDied(NetworkRequest [ LISTEN id=1121, [ Capabilities: INTERNET&NOT_RESTRICTED&TRUSTED&FOREGROUND] ], android.os.BinderProxy@e4e75df)
10-30 20:06:52.464   600 29683 D ConnectivityService: ConnectivityService NetworkRequestInfo binderDied(NetworkRequest [ LISTEN id=1122, [ Capabilities: INTERNET&NOT_RESTRICTED&TRUSTED&FOREGROUND] ], android.os.BinderProxy@8cc522c)
10-30 20:06:52.464   600 29683 D ConnectivityService: ConnectivityService NetworkRequestInfo binderDied(NetworkRequest [ LISTEN id=1123, [ Capabilities: INTERNET&NOT_RESTRICTED&TRUSTED&FOREGROUND] ], android.os.BinderProxy@a1094f5)
10-30 20:06:52.464   600 29683 D GraphicsStats: Buffer count: 2
10-30 20:06:52.466   600   649 E ConnectivityService: RemoteException caught trying to send a callback msg for NetworkRequest [ LISTEN id=1124, [ Capabilities: INTERNET&NOT_RESTRICTED&TRUSTED&FOREGROUND] ]
10-30 20:06:52.466   600   649 E ConnectivityService: RemoteException caught trying to send a callback msg for NetworkRequest [ LISTEN id=1121, [ Capabilities: INTERNET&NOT_RESTRICTED&TRUSTED&FOREGROUND] ]
10-30 20:06:52.466   600   649 E ConnectivityService: RemoteException caught trying to send a callback msg for NetworkRequest [ LISTEN id=1122, [ Capabilities: INTERNET&NOT_RESTRICTED&TRUSTED&FOREGROUND] ]
10-30 20:06:52.467   600   649 E ConnectivityService: RemoteException caught trying to send a callback msg for NetworkRequest [ LISTEN id=1123, [ Capabilities: INTERNET&NOT_RESTRICTED&TRUSTED&FOREGROUND] ]
10-30 20:06:52.540 17571 17571 I MicroDetectionWorker: onReady
10-30 20:06:52.735  1084  1171 W OpenGLRenderer: Incorrectly called buildLayer on View: ShortcutAndWidgetContainer, destroying layer...
10-30 20:06:52.749 30249 30249 D AndroidRuntime: >>>>>> START com.android.internal.os.RuntimeInit uid 2000 <<<<<<
10-30 20:06:52.753 30249 30249 D AndroidRuntime: CheckJNI is OFF
10-30 20:06:52.819 30249 30249 D ICU     : No timezone override file found: /data/misc/zoneinfo/current/icu/icu_tzdata.dat
10-30 20:06:52.848 30249 30249 I Radio-JNI: register_android_hardware_Radio DONE
10-30 20:06:52.864 30249 30249 D AndroidRuntime: Calling main entry com.android.commands.pm.Pm
10-30 20:06:52.879   600 17381 I ActivityManager: Force stopping com.android.chrome appid=10035 user=0: clear data
10-30 20:06:52.880   600   613 I ActivityManager: Force stopping com.android.chrome appid=10035 user=-1: clearApplicationUserData
10-30 20:06:53.116   787   787 I GeofencerStateMachine: removeGeofences: removeRequest=RemoveGeofencingRequest[REMOVE_ALL packageName=com.android.chrome]
10-30 20:06:53.122  1061  1061 D RegisteredNfcFServicesCache: Service unchanged, not updating
10-30 20:06:53.122 30249 30249 I art     : System.exit called, status: 0
10-30 20:06:53.122 30249 30249 I AndroidRuntime: VM exiting with result code 0.
10-30 20:06:53.154   600   612 W ResourceType: No known package when getting value for resource number 0x7f080316
10-30 20:06:53.154   600   612 W ResourceType: No known package when getting value for resource number 0x7f130448
10-30 20:06:53.155   600   612 W ResourceType: No known package when getting value for resource number 0x7f080315
10-30 20:06:53.155   600   612 W ResourceType: No known package when getting value for resource number 0x7f130123
10-30 20:06:53.155   600   612 W ResourceType: No known package when getting value for resource number 0x7f130447
10-30 20:06:53.155   600   612 W ResourceType: No known package when getting value for resource number 0x7f1302e4
10-30 20:06:53.155   600   612 E ShortcutService: Ignoring excessive intent tag.
10-30 20:06:53.158   787 30266 I Fitness : FitCleanupIntentOperation received Intent android.intent.action.PACKAGE_DATA_CLEARED [CONTEXT service_id=17 ]
10-30 20:06:53.199 29332 29936 I Icing   : doRemovePackageData com.android.chrome
10-30 20:06:53.199 29332 29936 I Icing   : Removing corpus key com.android.chrome-.implicit: for package com.android.chrome
10-30 20:06:53.342 29332 29936 I native  : flash-index.cc:1519 Flash index sort hb 117 prefix-hits 243 -> 220 at 33.777ms
10-30 20:06:53.395 29332 29936 I Icing   : Removing corpus key com.android.chrome-omnibox for package com.android.chrome
10-30 20:06:53.438 29332 29936 I Icing   : Removing corpus key com.android.chrome-internal.3p:WebPage for package com.android.chrome
10-30 20:06:53.502 29332 29936 I Icing   : Starting compaction min disk 99.929% min index 99.984%
10-30 20:06:53.653 29332 29936 I native  : document-store.cc:1654 Scored 1886 usage reports, missing_corpora 1004 update_failed 1
10-30 20:06:53.686 29332 29936 W native  : words-map.cc:30 INVALID_ARGUMENT: Empty URI
10-30 20:06:53.686 29332 29936 W native  : words-map.cc:34 WordsMap was not properly initialized
10-30 20:06:53.772 29332 29936 E native  : compactor.cc:67 Could not index embedding for docid 1: INTERNAL: Unable to find Thing Proto section 
10-30 20:06:53.772 29332 29936 E native  : compactor.cc:67 Could not index embedding for docid 3: INTERNAL: Unable to find Thing Proto section 
10-30 20:06:53.772 29332 29936 E native  : compactor.cc:67 Could not index embedding for docid 5: INTERNAL: Unable to find Thing Proto section 
10-30 20:06:53.773 29332 29936 E native  : compactor.cc:67 Could not index embedding for docid 7: INTERNAL: Unable to find Thing Proto section 
10-30 20:06:53.778 29332 29936 E native  : compactor.cc:67 Could not index embedding for docid 8: INTERNAL: Unable to find Thing Proto section 
10-30 20:06:53.778 29332 29936 E native  : compactor.cc:67 Could not index embedding for docid 10: INTERNAL: Unable to find Thing Proto section 
10-30 20:06:53.778 29332 29936 E native  : compactor.cc:67 Could not index embedding for docid 11: INTERNAL: Unable to find Thing Proto section 
10-30 20:06:53.779 29332 29936 E native  : compactor.cc:67 Could not index embedding for docid 13: INTERNAL: Unable to find Thing Proto section 
10-30 20:06:53.779 29332 29936 E native  : compactor.cc:67 Could not index embedding for docid 14: INTERNAL: Unable to find Thing Proto section 
10-30 20:06:53.784 29332 29936 E native  : compactor.cc:67 Could not index embedding for docid 17: INTERNAL: Unable to find Thing Proto section 
10-30 20:06:53.784 29332 29936 E native  : compactor.cc:67 Could not index embedding for docid 18: INTERNAL: Unable to find Thing Proto section 
10-30 20:06:53.785 29332 29936 E native  : compactor.cc:67 Could not index embedding for docid 21: INTERNAL: Unable to find Thing Proto section 
10-30 20:06:53.785 29332 29936 E native  : compactor.cc:67 Could not index embedding for docid 22: INTERNAL: Unable to find Thing Proto section 
10-30 20:06:53.791 29332 29936 E native  : compactor.cc:67 Could not index embedding for docid 26: INTERNAL: Unable to find Thing Proto section 
10-30 20:06:53.791 29332 29936 E native  : compactor.cc:67 Could not index embedding for docid 27: INTERNAL: Unable to find Thing Proto section 
10-30 20:06:53.836 29332 29936 I native  : flash-index.cc:1519 Flash index sort hb 34 prefix-hits 54 -> 54 at 30.298ms
10-30 20:06:53.866 29332 29936 W native  : words-map.cc:30 INVALID_ARGUMENT: Empty URI
10-30 20:06:53.866 29332 29936 W native  : words-map.cc:34 WordsMap was not properly initialized
10-30 20:06:53.954 29332 29936 I Icing   : updateResources: need to parse acol{com.android.chrome}
10-30 20:06:53.955 29332 29936 W System  : ClassLoader referenced unknown path: 
10-30 20:06:53.956 29332 29936 D ApplicationLoaders: ignored Vulkan layer search path /data/app/com.android.chrome-1/lib/arm64:/data/app/com.android.chrome-1/base.apk!/lib/arm64-v8a:/data/app/com.android.chrome-1/split_config.en.apk!/lib/arm64-v8a:/data/app/com.android.chrome-1/split_extra_icu.apk!/lib/arm64-v8a for namespace 0x7f9ac4d0f0
10-30 20:06:54.026 29332 29936 I Icing   : Indexing com.android.chrome-omnibox from com.android.chrome
10-30 20:06:54.037   600  3994 I ActivityManager: Start proc 30275:com.android.chrome/u0a35 for content provider com.android.chrome/com.google.android.apps.chrome.icing.IcingProvider
10-30 20:06:54.174 29332 29936 I Icing   : Indexing done com.android.chrome-omnibox
