--------- beginning of main
11-01 13:42:03.735  2356  2356 D AndroidRuntime: >>>>>> START com.android.internal.os.RuntimeInit uid 2000 <<<<<<
11-01 13:42:03.738  2356  2356 D AndroidRuntime: CheckJNI is OFF
11-01 13:42:03.806  2356  2356 D ICU     : No timezone override file found: /data/misc/zoneinfo/current/icu/icu_tzdata.dat
11-01 13:42:03.834  2356  2356 I Radio-JNI: register_android_hardware_Radio DONE
11-01 13:42:03.849  2356  2356 D AndroidRuntime: Calling main entry com.android.commands.am.Am
--------- beginning of system
11-01 13:42:03.867   600  1484 I ActivityManager: Force stopping com.opera.browser appid=10122 user=0: from pid 2356
11-01 13:42:03.875  1058  1058 D RegisteredNfcFServicesCache: Service unchanged, not updating
11-01 13:42:04.124   600   610 I ActivityManager: START u0 {act=android.intent.action.VIEW flg=0x10008000 cmp=com.opera.browser/com.opera.Opera} from uid 2000 on display 0
11-01 13:42:04.150  2356  2356 D AndroidRuntime: Shutting down VM
11-01 13:42:04.185   600  1483 I ActivityManager: Start proc 2366:com.opera.browser/u0a122 for activity com.opera.browser/com.opera.Opera
11-01 13:42:04.252  2366  2366 I art     : Starting a blocking GC AddRemoveAppImageSpace
11-01 13:42:04.277  2366  2366 I LoadedApk: No resource references to update in package com.opera.browser.nord_vpn
11-01 13:42:04.389  2366  2366 I art     : Rejecting re-init on previously-failed class java.lang.Class<com.opera.android.job.a$j>: java.lang.NoClassDefFoundError: Failed resolution of: Landroid/app/job/JobServiceEngine;
11-01 13:42:04.389  2366  2366 I art     :   at void com.opera.android.OperaApplication.onCreate() (SourceFile:52)
11-01 13:42:04.389  2366  2366 I art     :   at void android.app.Instrumentation.callApplicationOnCreate(android.app.Application) (Instrumentation.java:1024)
11-01 13:42:04.389  2366  2366 I art     :   at void android.app.ActivityThread.handleBindApplication(android.app.ActivityThread$AppBindData) (ActivityThread.java:5403)
11-01 13:42:04.389  2366  2366 I art     :   at void android.app.ActivityThread.-wrap2(android.app.ActivityThread, android.app.ActivityThread$AppBindData) (ActivityThread.java:-1)
11-01 13:42:04.389  2366  2366 I art     :   at void android.app.ActivityThread$H.handleMessage(android.os.Message) (ActivityThread.java:1545)
11-01 13:42:04.390  2366  2366 I art     :   at void android.os.Handler.dispatchMessage(android.os.Message) (Handler.java:102)
11-01 13:42:04.390  2366  2366 I art     :   at void android.os.Looper.loop() (Looper.java:154)
11-01 13:42:04.390  2366  2366 I art     :   at void android.app.ActivityThread.main(java.lang.String[]) (ActivityThread.java:6119)
11-01 13:42:04.390  2366  2366 I art     :   at java.lang.Object java.lang.reflect.Method.invoke!(java.lang.Object, java.lang.Object[]) (Method.java:-2)
11-01 13:42:04.390  2366  2366 I art     :   at void com.android.internal.os.ZygoteInit$MethodAndArgsCaller.run() (ZygoteInit.java:886)
11-01 13:42:04.390  2366  2366 I art     :   at void com.android.internal.os.ZygoteInit.main(java.lang.String[]) (ZygoteInit.java:776)
11-01 13:42:04.390  2366  2366 I art     : Caused by: java.lang.ClassNotFoundException: Didn't find class "android.app.job.JobServiceEngine" on path: DexPathList[[zip file "/data/app/com.opera.browser-1/base.apk"],nativeLibraryDirectories=[/data/app/com.opera.browser-1/lib/arm, /data/app/com.opera.browser-1/base.apk!/lib/armeabi-v7a, /system/lib, /vendor/lib]]
11-01 13:42:04.390  2366  2366 I art     :   at java.lang.Class dalvik.system.BaseDexClassLoader.findClass(java.lang.String) (BaseDexClassLoader.java:56)
11-01 13:42:04.390  2366  2366 I art     :   at java.lang.Class java.lang.ClassLoader.loadClass(java.lang.String, boolean) (ClassLoader.java:380)
11-01 13:42:04.390  2366  2366 I art     :   at java.lang.Class java.lang.ClassLoader.loadClass(java.lang.String) (ClassLoader.java:312)
11-01 13:42:04.390  2366  2366 I art     :   at void com.opera.android.OperaApplication.onCreate() (SourceFile:52)
11-01 13:42:04.390  2366  2366 I art     :   at void android.app.Instrumentation.callApplicationOnCreate(android.app.Application) (Instrumentation.java:1024)
11-01 13:42:04.390  2366  2366 I art     :   at void android.app.ActivityThread.handleBindApplication(android.app.ActivityThread$AppBindData) (ActivityThread.java:5403)
11-01 13:42:04.390  2366  2366 I art     :   at void android.app.ActivityThread.-wrap2(android.app.ActivityThread, android.app.ActivityThread$AppBindData) (ActivityThread.java:-1)
11-01 13:42:04.390  2366  2366 I art     :   at void android.app.ActivityThread$H.handleMessage(android.os.Message) (ActivityThread.java:1545)
11-01 13:42:04.390  2366  2366 I art     :   at void android.os.Handler.dispatchMessage(android.os.Message) (Handler.java:102)
11-01 13:42:04.390  2366  2366 I art     :   at void android.os.Looper.loop() (Looper.java:154)
11-01 13:42:04.390  2366  2366 I art     :   at void android.app.ActivityThread.main(java.lang.String[]) (ActivityThread.java:6119)
11-01 13:42:04.390  2366  2366 I art     :   at java.lang.Object java.lang.reflect.Method.invoke!(java.lang.Object, java.lang.Object[]) (Method.java:-2)
11-01 13:42:04.390  2366  2366 I art     :   at void com.android.internal.os.ZygoteInit$MethodAndArgsCaller.run() (ZygoteInit.java:886)
11-01 13:42:04.390  2366  2366 I art     :   at void com.android.internal.os.ZygoteInit.main(java.lang.String[]) (ZygoteInit.java:776)
11-01 13:42:04.390  2366  2366 I art     : 
11-01 13:42:04.420  2366  2415 D NetworkSecurityConfig: Using Network Security Config from resource network_security_config_official_build debugBuild: false
11-01 13:42:04.567   600  1666 I ActivityManager: START u0 {act=android.intent.action.VIEW flg=0x10008000 cmp=com.opera.browser/com.opera.android.startup.WelcomeActivity} from uid 10122 on display 0
11-01 13:42:04.579   600   611 W ActivityManager: Duplicate finish request for ActivityRecord{d72fe59 u0 com.opera.browser/com.opera.Opera t1179 f}
11-01 13:42:04.788   600   609 W art     : Suspending all threads took: 5.041ms
11-01 13:42:04.828   600   609 I art     : Background partial concurrent mark sweep GC freed 41963(2MB) AllocSpace objects, 7(156KB) LOS objects, 33% free, 14MB/22MB, paused 14.102ms total 168.764ms
11-01 13:42:04.904  2366  2379 W art     : Suspending all threads took: 9.226ms
11-01 13:42:04.920  2366  2379 I art     : Background sticky concurrent mark sweep GC freed 43475(4MB) AllocSpace objects, 19(516KB) LOS objects, 25% free, 5MB/6MB, paused 14.832ms total 285.954ms
11-01 13:42:05.017  2366  2423 I FA      : App measurement initialized, version: 43042
11-01 13:42:05.017  2366  2423 I FA      : To enable debug logging run: adb shell setprop log.tag.FA VERBOSE
11-01 13:42:05.017  2366  2423 I FA      : To enable faster debug mode event logging run:
11-01 13:42:05.017  2366  2423 I FA      :   adb shell setprop debug.firebase.analytics.app com.opera.browser
11-01 13:42:05.066  2366  2481 I OpenGLRenderer: Initialized EGL, version 1.4
11-01 13:42:05.066  2366  2481 D OpenGLRenderer: Swap behavior 2
11-01 13:42:05.216   600   620 I ActivityManager: Displayed com.opera.browser/com.opera.android.startup.WelcomeActivity: +613ms (total +1s60ms)
11-01 13:42:05.352   600 28743 I ActivityManager: Start proc 2507:com.opera.browser:privileged_process0/u0a122 for service com.opera.browser/com.opera.android.browser.chromium.services.PrivilegedProcessService0
11-01 13:42:05.373  2366  2497 W chromium: [WARNING:op_site_scripts.cc(424)] Failed to map /data/user/0/com.opera.browser/app_opera/sjs
11-01 13:42:05.429  2507  2507 I art     : Starting a blocking GC AddRemoveAppImageSpace
11-01 13:42:05.460  2507  2507 I LoadedApk: No resource references to update in package com.opera.browser.nord_vpn
11-01 13:42:05.479  2366  2423 I FA      : Tag Manager is not found and thus will not be used
11-01 13:42:05.484   600   620 W WindowManager: Failed looking up window
11-01 13:42:05.484   600   620 W WindowManager: java.lang.IllegalArgumentException: Requested window android.view.ViewRootImpl$W@502cef6 does not exist
11-01 13:42:05.484   600   620 W WindowManager: 	at com.android.server.wm.WindowManagerService.windowForClientLocked(WindowManagerService.java:9422)
11-01 13:42:05.484   600   620 W WindowManager: 	at com.android.server.wm.WindowManagerService.windowForClientLocked(WindowManagerService.java:9413)
11-01 13:42:05.484   600   620 W WindowManager: 	at com.android.server.wm.WindowManagerService.removeWindow(WindowManagerService.java:2393)
11-01 13:42:05.484   600   620 W WindowManager: 	at com.android.server.wm.Session.remove(Session.java:202)
11-01 13:42:05.484   600   620 W WindowManager: 	at android.view.ViewRootImpl.dispatchDetachedFromWindow(ViewRootImpl.java:3290)
11-01 13:42:05.484   600   620 W WindowManager: 	at android.view.ViewRootImpl.doDie(ViewRootImpl.java:5917)
11-01 13:42:05.484   600   620 W WindowManager: 	at android.view.ViewRootImpl$ViewRootHandler.handleMessage(ViewRootImpl.java:3626)
11-01 13:42:05.484   600   620 W WindowManager: 	at android.os.Handler.dispatchMessage(Handler.java:102)
11-01 13:42:05.484   600   620 W WindowManager: 	at android.os.Looper.loop(Looper.java:154)
11-01 13:42:05.484   600   620 W WindowManager: 	at android.os.HandlerThread.run(HandlerThread.java:61)
11-01 13:42:05.484   600   620 W WindowManager: 	at com.android.server.ServiceThread.run(ServiceThread.java:46)
11-01 13:42:05.622  2507  2529 E libEGL  : validate_display:99 error 3008 (EGL_BAD_DISPLAY)
11-01 13:42:05.744  2366  2379 I art     : Background sticky concurrent mark sweep GC freed 14920(1392KB) AllocSpace objects, 33(660KB) LOS objects, 25% free, 5MB/7MB, paused 14.219ms total 187.733ms
11-01 13:42:05.745 23814 23814 I MemoryTrimmer: Trimming objects from memory, since app is in the background.
11-01 13:42:05.752 23814 23861 W SearchService: Abort, client detached.
11-01 13:42:05.756  1075  1075 I MemoryTrimmer: Trimming objects from memory, since app is in the background.
11-01 13:42:05.769 23814  2263 I DeviceStateChecker: DeviceStateChecker cancelled
11-01 13:42:05.769 23814 23814 I MicroDetector: Keeping mic open: false
11-01 13:42:05.770 23814 23862 I AudioController: internalShutdown
11-01 13:42:05.770 23814 23862 I MicrophoneInputStream: mic_close com.google.android.apps.gsa.speech.audio.ae@7dac89e
11-01 13:42:05.771 23814 23870 I MicroRecognitionRunner: Stopping hotword detection.
11-01 13:42:05.782   238   286 I SoundTriggerHwService::Module: void android::SoundTriggerHwService::Module::onCallbackEvent(const sp<android::SoundTriggerHwService::CallbackEvent> &) mClient == 0
11-01 13:42:05.795 23814  2264 I MicroRecognitionRunner: Detection finished
11-01 13:42:05.803 23814 23814 I MemoryTrimmer: Trimming objects from memory, since app is in the background.
11-01 13:42:05.814  2507  2529 E libEGL  : validate_display:99 error 3008 (EGL_BAD_DISPLAY)
11-01 13:42:05.982   785  2559 W NetworkScheduler: Error inserting service_kind=0 source=16 tag=Measurement.PackageMeasurementTaskService.UPLOAD_TASK_TAG target_package=com.google.android.gms requires_charging=0 source_version=203915000 required_network_type=0 flex_time=3516000 persistence_level=1 target_class=com.google.android.gms.measurement.PackageMeasurementTaskService runtime=1667306525977 retry_strategy={"maximum_backoff_seconds":{"3600":0},"initial_backoff_seconds":{"30":0},"retry_policy":{"0":0}} preferred_network_type=1 required_idleness_state=0 preferred_charging_state=1 period=7033000 last_runtime=0 task_type=0 job_id=-1 user_id=0, error message: UNIQUE constraint failed: pending_ops.tag, pending_ops.target_class, pending_ops.target_package, pending_ops.user_id (code 2067) [CONTEXT service_id=218 ]
11-01 13:42:06.049   785 29423 W NetworkScheduler: Error inserting service_kind=0 source=16 tag=Measurement.PackageMeasurementTaskService.UPLOAD_TASK_TAG target_package=com.google.android.gms requires_charging=0 source_version=203915000 required_network_type=0 flex_time=0 persistence_level=1 target_class=com.google.android.gms.measurement.PackageMeasurementTaskService runtime=1667306526046 retry_strategy={"maximum_backoff_seconds":{"3600":0},"initial_backoff_seconds":{"30":0},"retry_policy":{"0":0}} preferred_network_type=1 required_idleness_state=0 preferred_charging_state=1 period=2000 last_runtime=0 task_type=0 job_id=-1 user_id=0, error message: UNIQUE constraint failed: pending_ops.tag, pending_ops.target_class, pending_ops.target_package, pending_ops.user_id (code 2067) [CONTEXT service_id=218 ]
11-01 13:42:06.103   785  2559 W NetworkScheduler: Error inserting service_kind=0 source=16 tag=Measurement.PackageMeasurementTaskService.UPLOAD_TASK_TAG target_package=com.google.android.gms requires_charging=0 source_version=203915000 required_network_type=0 flex_time=9000 persistence_level=1 target_class=com.google.android.gms.measurement.PackageMeasurementTaskService runtime=1667306526096 retry_strategy={"maximum_backoff_seconds":{"3600":0},"initial_backoff_seconds":{"30":0},"retry_policy":{"0":0}} preferred_network_type=1 required_idleness_state=0 preferred_charging_state=1 period=20000 last_runtime=0 task_type=0 job_id=-1 user_id=0, error message: UNIQUE constraint failed: pending_ops.tag, pending_ops.target_class, pending_ops.target_package, pending_ops.user_id (code 2067) [CONTEXT service_id=218 ]
11-01 13:42:09.774  2366  2366 I PlayCore: UID: [10122]  PID: [2366] AppUpdateListenerRegistry : registerListener
11-01 13:42:09.778  2366  2366 I PlayCore: UID: [10122]  PID: [2366] AppUpdateService : requestUpdateInfo(com.opera.browser)
11-01 13:42:09.779  2366  2589 I PlayCore: UID: [10122]  PID: [2366] AppUpdateService : Initiate binding to the service.
11-01 13:42:09.780   600  1665 W ActivityManager: Unable to start service Intent { act=com.google.android.play.core.install.BIND_UPDATE_SERVICE pkg=com.android.vending } U=0: not found
11-01 13:42:09.780  2366  2589 I PlayCore: UID: [10122]  PID: [2366] AppUpdateService : Failed to bind to the service.
11-01 13:42:09.843  2366  2591 D ApplicationLoaders: ignored Vulkan layer search path /data/app/com.google.android.gms-1/lib/arm:/data/app/com.google.android.gms-1/base.apk!/lib/armeabi-v7a:/data/app/com.google.android.gms-1/split_config.en.apk!/lib/armeabi-v7a for namespace 0xf7276090
11-01 13:42:09.845  2366  2591 W ResourceType: ResTable_typeSpec entry count inconsistent: given 67, previously 69
11-01 13:42:09.845  2366  2591 W ResourceType: ResTable_typeSpec entry count inconsistent: given 5346, previously 5347
11-01 13:42:10.140   600   612 D SyncManager: failed sync operation JobId: 108392, com.opera.browser u0 (com.opera.browser.ping), com.opera.browser.ping.provider, SERVER, reason: 10122, SyncResult: delayUntil: 1667313730 stats [ numIoExceptions: 1]
11-01 13:42:15.813 23814 23814 I MemoryTrimmer: Trimming objects from memory, since app is in the background.
11-01 13:42:16.400   785  2559 W NetworkScheduler: Error inserting service_kind=0 source=16 tag=Measurement.PackageMeasurementTaskService.UPLOAD_TASK_TAG target_package=com.google.android.gms requires_charging=0 source_version=203915000 required_network_type=0 flex_time=9000 persistence_level=1 target_class=com.google.android.gms.measurement.PackageMeasurementTaskService runtime=1667306536394 retry_strategy={"maximum_backoff_seconds":{"3600":0},"initial_backoff_seconds":{"30":0},"retry_policy":{"0":0}} preferred_network_type=1 required_idleness_state=0 preferred_charging_state=1 period=20000 last_runtime=0 task_type=0 job_id=-1 user_id=0, error message: UNIQUE constraint failed: pending_ops.tag, pending_ops.target_class, pending_ops.target_package, pending_ops.user_id (code 2067) [CONTEXT service_id=218 ]
11-01 13:42:16.623   785 30316 W NetworkScheduler: Error inserting service_kind=0 source=16 tag=Measurement.PackageMeasurementTaskService.UPLOAD_TASK_TAG target_package=com.google.android.gms requires_charging=0 source_version=203915000 required_network_type=0 flex_time=9000 persistence_level=1 target_class=com.google.android.gms.measurement.PackageMeasurementTaskService runtime=1667306536614 retry_strategy={"maximum_backoff_seconds":{"3600":0},"initial_backoff_seconds":{"30":0},"retry_policy":{"0":0}} preferred_network_type=1 required_idleness_state=0 preferred_charging_state=1 period=20000 last_runtime=0 task_type=0 job_id=-1 user_id=0, error message: UNIQUE constraint failed: pending_ops.tag, pending_ops.target_class, pending_ops.target_package, pending_ops.user_id (code 2067) [CONTEXT service_id=218 ]
11-01 13:42:18.463  2621  2621 D AndroidRuntime: >>>>>> START com.android.internal.os.RuntimeInit uid 2000 <<<<<<
11-01 13:42:18.467  2621  2621 D AndroidRuntime: CheckJNI is OFF
11-01 13:42:18.535  2621  2621 D ICU     : No timezone override file found: /data/misc/zoneinfo/current/icu/icu_tzdata.dat
11-01 13:42:18.566  2621  2621 I Radio-JNI: register_android_hardware_Radio DONE
11-01 13:42:18.580  2621  2621 D AndroidRuntime: Calling main entry com.android.commands.monkey.Monkey
11-01 13:42:18.647   600   613 W BroadcastQueue: Skipping deliver [background] BroadcastRecord{d3f256b u-1 android.net.conn.CONNECTIVITY_CHANGE} to ReceiverList{d0bb8c8 2621 (unknown name)/2000/u-1 remote:4a397e5}: process crashing
11-01 13:42:20.306  2621  2621 D MonkeyStub: translateCommand: wake
11-01 13:42:20.480  2621  2621 D MonkeyStub: translateCommand: tap 960 1881
11-01 13:42:20.551   600   713 I ActivityManager: START u0 {act=android.intent.action.VIEW flg=0x1000000 cmp=com.opera.browser/com.opera.android.IntentDispatcherActivity} from uid 10122 on display 0
11-01 13:42:20.635   238   281 D AudioFlinger: mixer(0xec183540) throttle end: throttle time(9)
11-01 13:42:20.641   600 28743 I ActivityManager: START u0 {act=android.intent.action.VIEW flg=0x15002000 cmp=com.opera.browser/com.opera.android.BrowserActivity} from uid 10122 on display 0
11-01 13:42:20.651  1075  1164 I OpenGLRenderer: Initialized EGL, version 1.4
11-01 13:42:20.651  1075  1164 D OpenGLRenderer: Swap behavior 2
11-01 13:42:20.766   600   609 I art     : Background partial concurrent mark sweep GC freed 43662(2MB) AllocSpace objects, 44(1416KB) LOS objects, 33% free, 14MB/21MB, paused 1.041ms total 157.065ms
11-01 13:42:20.849  1075  1075 I MemoryTrimmer: Trimming objects from memory, since app is in the background.
11-01 13:42:20.934  2366  2379 W art     : Suspending all threads took: 5.394ms
11-01 13:42:20.946  2366  2379 I art     : Background partial concurrent mark sweep GC freed 24312(1963KB) AllocSpace objects, 36(720KB) LOS objects, 40% free, 7MB/11MB, paused 8.406ms total 104.983ms
11-01 13:42:20.946  2366  2667 W ResourceType: ResTable_typeSpec entry count inconsistent: given 67, previously 69
11-01 13:42:20.946  2366  2667 W ResourceType: ResTable_typeSpec entry count inconsistent: given 5346, previously 5347
11-01 13:42:21.112   600  8930 I CwMcuSensor: CwMcuSensor::flush: fd = 234, sensors_id = 0, path = /sys/class/htc_sensorhub/sensor_hub/flush, err = 0
11-01 13:42:21.129   600   620 I ActivityManager: Displayed com.opera.browser/com.opera.android.BrowserActivity: +456ms (total +554ms)
11-01 13:42:21.170  2366  2481 D OpenGLRenderer: endAllActiveAnimators on 0xccb87f80 (RippleDrawable) with handle 0xd08e83c0
11-01 13:42:21.392  2366  2638 E [Leanplum][ERROR]: No variable values were received from the server. Please contact us to investigate.
11-01 13:42:21.662  2366  2371 I art     : Do partial code cache collection, code=19KB, data=30KB
11-01 13:42:21.663  2366  2371 I art     : After code cache collection, code=19KB, data=30KB
11-01 13:42:21.663  2366  2371 I art     : Increasing code cache capacity to 128KB
11-01 13:42:21.745  2366  2366 I Choreographer: Skipped 35 frames!  The application may be doing too much work on its main thread.
11-01 13:42:21.885  2366  2366 W View    : requestLayout() improperly called by com.opera.android.custom_views.FadingRecyclerView{eabbcfb VFED.V... ......ID 0,813-1536,813 #7f0a0825 app:id/suggested_dials_grid} during layout: running second layout pass
11-01 13:42:21.899   785  2559 W NetworkScheduler: Error inserting service_kind=0 source=16 tag=Measurement.PackageMeasurementTaskService.UPLOAD_TASK_TAG target_package=com.google.android.gms requires_charging=0 source_version=203915000 required_network_type=0 flex_time=3594000 persistence_level=1 target_class=com.google.android.gms.measurement.PackageMeasurementTaskService runtime=1667306541897 retry_strategy={"maximum_backoff_seconds":{"3600":0},"initial_backoff_seconds":{"30":0},"retry_policy":{"0":0}} preferred_network_type=1 required_idleness_state=0 preferred_charging_state=1 period=7190000 last_runtime=0 task_type=0 job_id=-1 user_id=0, error message: UNIQUE constraint failed: pending_ops.tag, pending_ops.target_class, pending_ops.target_package, pending_ops.user_id (code 2067) [CONTEXT service_id=218 ]
11-01 13:42:22.316  2366  2379 I art     : Background partial concurrent mark sweep GC freed 58410(2MB) AllocSpace objects, 24(572KB) LOS objects, 40% free, 12MB/20MB, paused 6.882ms total 311.479ms
11-01 13:42:22.590   785 30316 W NetworkScheduler: Error inserting service_kind=0 source=16 tag=Measurement.PackageMeasurementTaskService.UPLOAD_TASK_TAG target_package=com.google.android.gms requires_charging=0 source_version=203915000 required_network_type=0 flex_time=3594000 persistence_level=1 target_class=com.google.android.gms.measurement.PackageMeasurementTaskService runtime=1667306542588 retry_strategy={"maximum_backoff_seconds":{"3600":0},"initial_backoff_seconds":{"30":0},"retry_policy":{"0":0}} preferred_network_type=1 required_idleness_state=0 preferred_charging_state=1 period=7189000 last_runtime=0 task_type=0 job_id=-1 user_id=0, error message: UNIQUE constraint failed: pending_ops.tag, pending_ops.target_class, pending_ops.target_package, pending_ops.user_id (code 2067) [CONTEXT service_id=218 ]
11-01 13:42:22.608  2741  2741 I dex2oat : /system/bin/dex2oat --dex-file=/data/user/0/com.opera.browser/code_cache/.       --oat-fd=153 --oat-location=/data/user/0/com.opera.browser/code_cache/.     --compiler-filter=speed
11-01 13:42:22.778  2741  2741 I dex2oat : dex2oat took 172.116ms (threads: 2) arena alloc=432KB (442800B) java alloc=32KB (33064B) native alloc=354KB (362688B) free=1181KB (1210176B)
11-01 13:42:22.853  2744  2744 I dex2oat : /system/bin/dex2oat --dex-file=/data/user/0/com.opera.browser/code_cache/.      --oat-fd=148 --oat-location=/data/user/0/com.opera.browser/code_cache/.    --compiler-filter=speed
11-01 13:42:23.113  2744  2744 I dex2oat : dex2oat took 260.543ms (threads: 2) arena alloc=613KB (628464B) java alloc=101KB (104080B) native alloc=523KB (536408B) free=1524KB (1560744B)
11-01 13:42:23.196  2366  2379 I art     : Background sticky concurrent mark sweep GC freed 74736(4MB) AllocSpace objects, 34(1824KB) LOS objects, 27% free, 15MB/20MB, paused 4.698ms total 102.687ms
11-01 13:42:23.439  2366  2379 I art     : Background partial concurrent mark sweep GC freed 72990(3MB) AllocSpace objects, 8(968KB) LOS objects, 40% free, 13MB/22MB, paused 3.333ms total 117.990ms
11-01 13:42:23.603  2366  2371 I art     : Do partial code cache collection, code=40KB, data=62KB
11-01 13:42:23.624  2366  2371 I art     : After code cache collection, code=40KB, data=62KB
11-01 13:42:23.624  2366  2371 I art     : Increasing code cache capacity to 256KB
11-01 13:42:23.811  2366  2379 I art     : Background partial concurrent mark sweep GC freed 92290(3MB) AllocSpace objects, 4(76KB) LOS objects, 40% free, 13MB/22MB, paused 1.881ms total 178.056ms
11-01 13:42:24.204  2366  2379 I art     : Background partial concurrent mark sweep GC freed 104986(5MB) AllocSpace objects, 20(1884KB) LOS objects, 39% free, 13MB/22MB, paused 3.781ms total 126.863ms
11-01 13:42:24.895  2621  2621 D MonkeyStub: translateCommand: tap 57 93
11-01 13:42:26.975  2621  2621 D MonkeyStub: translateCommand: tap 57 93
11-01 13:42:29.134  2366  2371 I art     : Do full code cache collection, code=83KB, data=125KB
11-01 13:42:29.139  2366  2371 I art     : Starting a blocking GC JitCodeCache
11-01 13:42:29.139  2366  2371 I art     : After code cache collection, code=65KB, data=70KB
11-01 13:42:29.190  2621  2621 D MonkeyStub: translateCommand: tap 446 593
11-01 13:42:31.650  2621  2621 D MonkeyStub: translateCommand: tap 667 302
11-01 13:42:34.922  2621  2621 D MonkeyStub: translateCommand: tap 1286 930
11-01 13:42:36.144  2621  2621 D MonkeyStub: translateCommand: tap 62 98
11-01 13:42:36.198  2621  2621 D MonkeyStub: translateCommand: tap 729 89
11-01 13:42:36.231  2621  2621 D MonkeyStub: Quit requested
11-01 13:42:36.255   600   614 I CwMcuSensor: CwMcuSensor::flush: fd = 234, sensors_id = 0, path = /sys/class/htc_sensorhub/sensor_hub/flush, err = 0
11-01 13:42:36.266  2621  2621 I art     : System.exit called, status: 16
11-01 13:42:36.267  2621  2621 I AndroidRuntime: VM exiting with result code 16.
11-01 13:42:36.298   600   611 W WindowManager: Attempted to remove non-existing token: android.os.Binder@2facd61
11-01 13:42:36.916   600   713 E BatteryStatsService: power: Missing API
11-01 13:42:36.924   600   713 E BatteryStatsService: no controller energy info supplied
11-01 13:42:36.924   800   800 E PhoneInterfaceManager: [PhoneIntfMgr] queryModemActivityInfo: Empty response
11-01 13:42:36.930   600   713 E BatteryStatsService: modem info is invalid: ModemActivityInfo{ mTimestamp=0 mSleepTimeMs=0 mIdleTimeMs=0 mTxTimeMs[]=[0, 0, 0, 0, 0] mRxTimeMs=0 mEnergyUsed=0}
11-01 13:42:38.359  2780  2780 D AndroidRuntime: >>>>>> START com.android.internal.os.RuntimeInit uid 2000 <<<<<<
11-01 13:42:38.362  2780  2780 D AndroidRuntime: CheckJNI is OFF
11-01 13:42:38.433  2780  2780 D ICU     : No timezone override file found: /data/misc/zoneinfo/current/icu/icu_tzdata.dat
11-01 13:42:38.465  2780  2780 I Radio-JNI: register_android_hardware_Radio DONE
11-01 13:42:38.483  2780  2780 D AndroidRuntime: Calling main entry com.android.commands.am.Am
11-01 13:42:38.503   600  1068 I ActivityManager: START u0 {act=android.intent.action.VIEW dat=http://192.168.40.1/... flg=0x10000000 cmp=com.opera.browser/com.opera.Opera} from uid 2000 on display 0
11-01 13:42:38.507  2780  2780 D AndroidRuntime: Shutting down VM
11-01 13:42:38.616  2366  2366 W art     : Before Android 4.1, method double java.util.concurrent.ThreadLocalRandom.internalNextDouble(double, double) would have incorrectly overridden the package-private method in java.util.Random
11-01 13:42:38.616  2366  2366 W art     : Before Android 4.1, method int java.util.concurrent.ThreadLocalRandom.internalNextInt(int, int) would have incorrectly overridden the package-private method in java.util.Random
11-01 13:42:38.616  2366  2366 W art     : Before Android 4.1, method long java.util.concurrent.ThreadLocalRandom.internalNextLong(long, long) would have incorrectly overridden the package-private method in java.util.Random
11-01 13:42:38.656   600   619 D BluetoothManagerService: Message: 20
11-01 13:42:38.656   600   619 D BluetoothManagerService: Added callback: android.bluetooth.IBluetoothManagerCallback$Stub$Proxy@6c3b1f7:true
11-01 13:42:38.676   600  1066 I ActivityManager: Start proc 2793:com.opera.browser:sandboxed_process0/u0a122 for service com.opera.browser/com.opera.android.browser.chromium.services.SandboxedProcessService0
11-01 13:42:38.725  2793  2793 I art     : Starting a blocking GC AddRemoveAppImageSpace
11-01 13:42:38.743  2793  2793 I LoadedApk: No resource references to update in package com.opera.browser.nord_vpn
11-01 13:42:38.762  2366  2677 W ResourceType: ResTable_typeSpec entry count inconsistent: given 67, previously 69
11-01 13:42:38.762  2366  2677 W ResourceType: ResTable_typeSpec entry count inconsistent: given 5346, previously 5347
11-01 13:42:38.856  2366  2371 I art     : Do partial code cache collection, code=87KB, data=112KB
11-01 13:42:38.899  2366  2371 I art     : After code cache collection, code=87KB, data=113KB
11-01 13:42:38.899  2366  2371 I art     : Increasing code cache capacity to 512KB
11-01 13:42:39.002   785  1681 I FontLog : Received query name=Google Sans&weight=400&besteffort=false, URI content://com.google.android.gms.fonts [CONTEXT service_id=132 ]
11-01 13:42:39.002   785  1681 I FontLog : Query [name=Google Sans&weight=400&besteffort=false] resolved to {Google Sans, wdth 100.0, wght 400, ital 0.0, bestEffort false} [CONTEXT service_id=132 ]
11-01 13:42:39.004   785  1681 I FontLog : Font PFD returned from cache for {Google Sans, wdth 100.0, wght 400, ital 0.0, bestEffort false} [CONTEXT service_id=132 ]
11-01 13:42:39.004   785  1681 I FontLog : Fetch {Google Sans, wdth 100.0, wght 400, ital 0.0, bestEffort false} end status Status{statusCode=SUCCESS, resolution=null} [CONTEXT service_id=132 ]
11-01 13:42:39.012   785  1744 I FontLog : Pulling font file for id = 126, cache size = 6 [CONTEXT service_id=132 ]
11-01 13:42:39.023   785  1191 I FontLog : Received query name=Google Sans&weight=500&besteffort=false, URI content://com.google.android.gms.fonts [CONTEXT service_id=132 ]
11-01 13:42:39.024   785  1191 I FontLog : Query [name=Google Sans&weight=500&besteffort=false] resolved to {Google Sans, wdth 100.0, wght 500, ital 0.0, bestEffort false} [CONTEXT service_id=132 ]
11-01 13:42:39.025   785  1191 I FontLog : Font PFD returned from cache for {Google Sans, wdth 100.0, wght 500, ital 0.0, bestEffort false} [CONTEXT service_id=132 ]
11-01 13:42:39.025   785  1191 I FontLog : Fetch {Google Sans, wdth 100.0, wght 500, ital 0.0, bestEffort false} end status Status{statusCode=SUCCESS, resolution=null} [CONTEXT service_id=132 ]
11-01 13:42:39.030   785  1300 I FontLog : Pulling font file for id = 127, cache size = 7 [CONTEXT service_id=132 ]
11-01 13:42:39.047   785  1576 I FontLog : Received query name=Google Sans&weight=700&besteffort=false, URI content://com.google.android.gms.fonts [CONTEXT service_id=132 ]
11-01 13:42:39.048   785  1576 I FontLog : Query [name=Google Sans&weight=700&besteffort=false] resolved to {Google Sans, wdth 100.0, wght 700, ital 0.0, bestEffort false} [CONTEXT service_id=132 ]
11-01 13:42:39.049   785  1576 I FontLog : Fetch {Google Sans, wdth 100.0, wght 700, ital 0.0, bestEffort false} end status Status{statusCode=SUCCESS, resolution=null} [CONTEXT service_id=132 ]
11-01 13:42:39.063   785  1684 I FontLog : Pulling font file for id = 128, cache size = 8 [CONTEXT service_id=132 ]
11-01 13:42:39.078   785  1586 I FontLog : Received query name=Noto Color Emoji Compat&weight=400&besteffort=false, URI content://com.google.android.gms.fonts [CONTEXT service_id=132 ]
11-01 13:42:39.079   785  1586 I FontLog : Query [name=Noto Color Emoji Compat&weight=400&besteffort=false] resolved to {Noto Color Emoji Compat, wdth 100.0, wght 400, ital 0.0, bestEffort false} [CONTEXT service_id=132 ]
11-01 13:42:39.081   785  1586 I FontLog : Fetch {Noto Color Emoji Compat, wdth 100.0, wght 400, ital 0.0, bestEffort false} end status Status{statusCode=SUCCESS, resolution=null} [CONTEXT service_id=132 ]
11-01 13:42:39.088   785  1682 I FontLog : Pulling font file for id = 129, cache size = 6 [CONTEXT service_id=132 ]
11-01 13:42:39.189   785 29423 I SQLiteConnectionPool: The connection pool for /data/user/0/com.google.android.gms/databases/metadata.db has been closed but there are still 1 connections in use.  They will be closed as they are released back to the pool.
11-01 13:42:39.201   785  2816 W FontLog : Error updating last accessed time for {Noto Color Emoji Compat, wdth 100.0, wght 400, ital 0.0, bestEffort false}. [CONTEXT service_id=132 ]
11-01 13:42:39.201   785  2816 W FontLog : java.lang.IllegalStateException: Cannot perform this operation because the connection pool has been closed.
11-01 13:42:39.201   785  2816 W FontLog : 	at android.database.sqlite.SQLiteConnectionPool.throwIfClosedLocked(SQLiteConnectionPool.java:962)
11-01 13:42:39.201   785  2816 W FontLog : 	at android.database.sqlite.SQLiteConnectionPool.waitForConnection(SQLiteConnectionPool.java:677)
11-01 13:42:39.201   785  2816 W FontLog : 	at android.database.sqlite.SQLiteConnectionPool.acquireConnection(SQLiteConnectionPool.java:348)
11-01 13:42:39.201   785  2816 W FontLog : 	at android.database.sqlite.SQLiteSession.acquireConnection(SQLiteSession.java:894)
11-01 13:42:39.201   785  2816 W FontLog : 	at android.database.sqlite.SQLiteSession.executeForChangedRowCount(SQLiteSession.java:752)
11-01 13:42:39.201   785  2816 W FontLog : 	at android.database.sqlite.SQLiteStatement.executeUpdateDelete(SQLiteStatement.java:64)
11-01 13:42:39.201   785  2816 W FontLog : 	at android.database.sqlite.SQLiteDatabase.executeSql(SQLiteDatabase.java:1679)
11-01 13:42:39.201   785  2816 W FontLog : 	at android.database.sqlite.SQLiteDatabase.execSQL(SQLiteDatabase.java:1658)
11-01 13:42:39.201   785  2816 W FontLog : 	at aafx.run(Unknown Source)
11-01 13:42:39.201   785  2816 W FontLog : 	at sup.b(:com.google.android.gms@203915020@20.39.15 (040406-335085812):12)
11-01 13:42:39.201   785  2816 W FontLog : 	at sup.run(:com.google.android.gms@203915020@20.39.15 (040406-335085812):7)
11-01 13:42:39.201   785  2816 W FontLog : 	at java.util.concurrent.ThreadPoolExecutor.runWorker(ThreadPoolExecutor.java:1133)
11-01 13:42:39.201   785  2816 W FontLog : 	at java.util.concurrent.ThreadPoolExecutor$Worker.run(ThreadPoolExecutor.java:607)
11-01 13:42:39.201   785  2816 W FontLog : 	at tam.run(:com.google.android.gms@203915020@20.39.15 (040406-335085812):0)
11-01 13:42:39.201   785  2816 W FontLog : 	at java.lang.Thread.run(Thread.java:761)
11-01 13:42:39.259   785 29423 W NetworkScheduler: Error inserting service_kind=0 source=16 tag=Measurement.PackageMeasurementTaskService.UPLOAD_TASK_TAG target_package=com.google.android.gms requires_charging=0 source_version=203915000 required_network_type=0 flex_time=3577000 persistence_level=1 target_class=com.google.android.gms.measurement.PackageMeasurementTaskService runtime=1667306559250 retry_strategy={"maximum_backoff_seconds":{"3600":0},"initial_backoff_seconds":{"30":0},"retry_policy":{"0":0}} preferred_network_type=1 required_idleness_state=0 preferred_charging_state=1 period=7155000 last_runtime=0 task_type=0 job_id=-1 user_id=0, error message: UNIQUE constraint failed: pending_ops.tag, pending_ops.target_class, pending_ops.target_package, pending_ops.user_id (code 2067) [CONTEXT service_id=218 ]
11-01 13:42:53.364  2848  2848 D AndroidRuntime: >>>>>> START com.android.internal.os.RuntimeInit uid 2000 <<<<<<
11-01 13:42:53.368  2848  2848 D AndroidRuntime: CheckJNI is OFF
11-01 13:42:53.446  2848  2848 D ICU     : No timezone override file found: /data/misc/zoneinfo/current/icu/icu_tzdata.dat
11-01 13:42:53.482  2848  2848 I Radio-JNI: register_android_hardware_Radio DONE
11-01 13:42:53.499  2848  2848 D AndroidRuntime: Calling main entry com.android.commands.monkey.Monkey
11-01 13:42:53.578   600   613 W BroadcastQueue: Skipping deliver [background] BroadcastRecord{6b88b65 u-1 android.net.conn.CONNECTIVITY_CHANGE} to ReceiverList{c2a503a 2848 (unknown name)/2000/u-1 remote:25d8acf}: process crashing
11-01 13:42:54.659  2848  2848 D MonkeyStub: translateCommand: wake
11-01 13:42:54.837  2848  2848 D MonkeyStub: translateCommand: tap 196 1873
11-01 13:43:04.921  2848  2848 D MonkeyStub: translateCommand: touch down 614 1561
11-01 13:43:04.934  2848  2848 D MonkeyStub: translateCommand: touch move 614 1561
11-01 13:43:05.045  2848  2848 D MonkeyStub: translateCommand: touch move 614 1436
11-01 13:43:05.151  2848  2848 D MonkeyStub: translateCommand: touch move 614 1311
11-01 13:43:05.288  2848  2848 D MonkeyStub: translateCommand: touch move 614 1186
11-01 13:43:05.395  2848  2848 D MonkeyStub: translateCommand: touch move 614 1061
11-01 13:43:05.521  2848  2848 D MonkeyStub: translateCommand: touch move 614 937
11-01 13:43:05.651  2848  2848 D MonkeyStub: translateCommand: touch move 614 812
11-01 13:43:05.762  2848  2848 D MonkeyStub: translateCommand: touch move 614 687
11-01 13:43:05.887  2848  2848 D MonkeyStub: translateCommand: touch move 614 562
11-01 13:43:06.012  2848  2848 D MonkeyStub: translateCommand: touch move 614 437
11-01 13:43:06.160  2848  2848 D MonkeyStub: translateCommand: touch move 614 312
11-01 13:43:06.175  2848  2848 D MonkeyStub: translateCommand: touch up 614 312
11-01 13:43:06.205  2848  2848 D MonkeyStub: translateCommand: touch down 614 1561
11-01 13:43:06.210  2848  2848 D MonkeyStub: translateCommand: touch move 614 1561
11-01 13:43:06.327  2848  2848 D MonkeyStub: translateCommand: touch move 614 1436
11-01 13:43:06.450  2848  2848 D MonkeyStub: translateCommand: touch move 614 1311
11-01 13:43:06.567  2848  2848 D MonkeyStub: translateCommand: touch move 614 1186
11-01 13:43:06.679  2848  2848 D MonkeyStub: translateCommand: touch move 614 1061
11-01 13:43:06.790  2848  2848 D MonkeyStub: translateCommand: touch move 614 937
11-01 13:43:06.897  2848  2848 D MonkeyStub: translateCommand: touch move 614 812
11-01 13:43:07.004  2848  2848 D MonkeyStub: translateCommand: touch move 614 687
11-01 13:43:07.129  2848  2848 D MonkeyStub: translateCommand: touch move 614 562
11-01 13:43:07.299  2848  2848 D MonkeyStub: translateCommand: touch move 614 437
11-01 13:43:07.427  2848  2848 D MonkeyStub: translateCommand: touch move 614 312
11-01 13:43:07.432  2848  2848 D MonkeyStub: translateCommand: touch up 614 312
11-01 13:43:07.469  2848  2848 D MonkeyStub: translateCommand: touch down 614 1561
11-01 13:43:07.484  2848  2848 D MonkeyStub: translateCommand: touch move 614 1561
11-01 13:43:07.603  2848  2848 D MonkeyStub: translateCommand: touch move 614 1436
11-01 13:43:07.720  2848  2848 D MonkeyStub: translateCommand: touch move 614 1311
11-01 13:43:07.849  2848  2848 D MonkeyStub: translateCommand: touch move 614 1186
11-01 13:43:07.961  2848  2848 D MonkeyStub: translateCommand: touch move 614 1061
11-01 13:43:08.085  2848  2848 D MonkeyStub: translateCommand: touch move 614 937
11-01 13:43:08.243  2848  2848 D MonkeyStub: translateCommand: touch move 614 812
11-01 13:43:08.383  2848  2848 D MonkeyStub: translateCommand: touch move 614 687
11-01 13:43:08.498  2848  2848 D MonkeyStub: translateCommand: touch move 614 562
11-01 13:43:08.613  2848  2848 D MonkeyStub: translateCommand: touch move 614 437
11-01 13:43:08.722  2848  2848 D MonkeyStub: translateCommand: touch move 614 312
11-01 13:43:08.728  2848  2848 D MonkeyStub: translateCommand: touch up 614 312
11-01 13:43:10.573   600 12440 D DnsEventListenerService: Logging 100 results for netId 100
11-01 13:43:10.788  2848  2848 D MonkeyStub: translateCommand: touch down 614 1561
11-01 13:43:10.819  2848  2848 D MonkeyStub: translateCommand: touch move 614 1561
11-01 13:43:10.980  2848  2848 D MonkeyStub: translateCommand: touch move 614 1436
11-01 13:43:11.113  2848  2848 D MonkeyStub: translateCommand: touch move 614 1311
11-01 13:43:11.220  2848  2848 D MonkeyStub: translateCommand: touch move 614 1186
11-01 13:43:11.332  2848  2848 D MonkeyStub: translateCommand: touch move 614 1061
11-01 13:43:11.439  2848  2848 D MonkeyStub: translateCommand: touch move 614 937
11-01 13:43:11.549  2848  2848 D MonkeyStub: translateCommand: touch move 614 812
11-01 13:43:11.703  2848  2848 D MonkeyStub: translateCommand: touch move 614 687
11-01 13:43:11.833  2848  2848 D MonkeyStub: translateCommand: touch move 614 562
11-01 13:43:11.943  2848  2848 D MonkeyStub: translateCommand: touch move 614 437
11-01 13:43:12.077  2848  2848 D MonkeyStub: translateCommand: touch move 614 312
11-01 13:43:12.103  2848  2848 D MonkeyStub: translateCommand: touch up 614 312
11-01 13:43:12.133  2848  2848 D MonkeyStub: translateCommand: touch down 614 1561
11-01 13:43:12.147  2848  2848 D MonkeyStub: translateCommand: touch move 614 1561
11-01 13:43:12.257  2848  2848 D MonkeyStub: translateCommand: touch move 614 1436
11-01 13:43:12.411  2848  2848 D MonkeyStub: translateCommand: touch move 614 1311
11-01 13:43:12.522  2848  2848 D MonkeyStub: translateCommand: touch move 614 1186
11-01 13:43:12.632  2848  2848 D MonkeyStub: translateCommand: touch move 614 1061
11-01 13:43:12.877  2848  2848 D MonkeyStub: translateCommand: touch move 614 937
11-01 13:43:12.997  2848  2848 D MonkeyStub: translateCommand: touch move 614 812
11-01 13:43:13.118  2848  2848 D MonkeyStub: translateCommand: touch move 614 687
11-01 13:43:13.226  2848  2848 D MonkeyStub: translateCommand: touch move 614 562
11-01 13:43:13.336  2848  2848 D MonkeyStub: translateCommand: touch move 614 437
11-01 13:43:13.441  2848  2848 D MonkeyStub: translateCommand: touch move 614 312
11-01 13:43:13.453  2848  2848 D MonkeyStub: translateCommand: touch up 614 312
11-01 13:43:16.575  2848  2848 D MonkeyStub: translateCommand: tap 1238 1216
11-01 13:43:23.395   198   198 E SELinux : avc:  denied  { find } for service=netd pid=2938 uid=2000 scontext=u:r:shell:s0 tcontext=u:object_r:netd_service:s0 tclass=service_manager permissive=0
11-01 13:43:23.401   198   198 E SELinux : avc:  denied  { find } for service=android.service.gatekeeper.IGateKeeperService pid=2938 uid=2000 scontext=u:r:shell:s0 tcontext=u:object_r:gatekeeper_service:s0 tclass=service_manager permissive=0
11-01 13:43:26.944  2848  2848 D MonkeyStub: translateCommand: tap 163 1864
11-01 13:43:30.432   600   611 I ActivityManager: Process android.process.acore (pid 27342) has died
11-01 13:43:30.432   600   611 D ActivityManager: cleanUpApplicationRecord -- 27342
11-01 13:43:32.006  2848  2848 D MonkeyStub: translateCommand: touch down 614 1561
11-01 13:43:32.020  2848  2848 D MonkeyStub: translateCommand: touch move 614 1561
11-01 13:43:32.157  2848  2848 D MonkeyStub: translateCommand: touch move 614 1436
11-01 13:43:32.304  2848  2848 D MonkeyStub: translateCommand: touch move 614 1311
11-01 13:43:32.425  2848  2848 D MonkeyStub: translateCommand: touch move 614 1186
11-01 13:43:32.568  2848  2848 D MonkeyStub: translateCommand: touch move 614 1061
11-01 13:43:32.680  2848  2848 D MonkeyStub: translateCommand: touch move 614 937
11-01 13:43:32.820  2848  2848 D MonkeyStub: translateCommand: touch move 614 812
11-01 13:43:32.935  2848  2848 D MonkeyStub: translateCommand: touch move 614 687
11-01 13:43:33.044  2848  2848 D MonkeyStub: translateCommand: touch move 614 562
11-01 13:43:33.172  2848  2848 D MonkeyStub: translateCommand: touch move 614 437
11-01 13:43:33.301  2848  2848 D MonkeyStub: translateCommand: touch move 614 312
11-01 13:43:33.386  2848  2848 D MonkeyStub: translateCommand: touch up 614 312
11-01 13:43:33.660  2848  2848 D MonkeyStub: translateCommand: touch down 614 1561
11-01 13:43:33.703  2848  2848 D MonkeyStub: translateCommand: touch move 614 1561
11-01 13:43:33.830  2848  2848 D MonkeyStub: translateCommand: touch move 614 1436
11-01 13:43:33.944  2848  2848 D MonkeyStub: translateCommand: touch move 614 1311
11-01 13:43:34.092  2848  2848 D MonkeyStub: translateCommand: touch move 614 1186
11-01 13:43:34.218  2848  2848 D MonkeyStub: translateCommand: touch move 614 1061
11-01 13:43:34.356  2848  2848 D MonkeyStub: translateCommand: touch move 614 937
11-01 13:43:34.766  2848  2848 D MonkeyStub: translateCommand: touch move 614 812
11-01 13:43:35.173  2848  2848 D MonkeyStub: translateCommand: touch move 614 687
11-01 13:43:35.380  2848  2848 D MonkeyStub: translateCommand: touch move 614 562
11-01 13:43:35.489  2848  2848 D MonkeyStub: translateCommand: touch move 614 437
11-01 13:43:35.631  2848  2848 D MonkeyStub: translateCommand: touch move 614 312
11-01 13:43:35.762  2848  2848 D MonkeyStub: translateCommand: touch up 614 312
11-01 13:43:37.528  2366  2379 I art     : Background sticky concurrent mark sweep GC freed 134283(5MB) AllocSpace objects, 1(20KB) LOS objects, 19% free, 19MB/24MB, paused 9.573ms total 108.287ms
11-01 13:43:37.832  2848  2848 D MonkeyStub: translateCommand: touch down 614 1561
11-01 13:43:37.852  2848  2848 D MonkeyStub: translateCommand: touch move 614 1561
11-01 13:43:37.997  2848  2848 D MonkeyStub: translateCommand: touch move 614 1436
11-01 13:43:38.108  2848  2848 D MonkeyStub: translateCommand: touch move 614 1311
11-01 13:43:38.216  2848  2848 D MonkeyStub: translateCommand: touch move 614 1186
11-01 13:43:38.328  2848  2848 D MonkeyStub: translateCommand: touch move 614 1061
11-01 13:43:38.439  2848  2848 D MonkeyStub: translateCommand: touch move 614 937
11-01 13:43:38.561  2848  2848 D MonkeyStub: translateCommand: touch move 614 812
11-01 13:43:38.671  2848  2848 D MonkeyStub: translateCommand: touch move 614 687
11-01 13:43:39.018  2848  2848 D MonkeyStub: translateCommand: touch move 614 562
11-01 13:43:39.129  2848  2848 D MonkeyStub: translateCommand: touch move 614 437
11-01 13:43:39.251  2848  2848 D MonkeyStub: translateCommand: touch move 614 312
11-01 13:43:39.747  2848  2848 D MonkeyStub: translateCommand: touch up 614 312
11-01 13:43:39.785  2848  2848 D MonkeyStub: Quit requested
11-01 13:43:39.806   600   614 I CwMcuSensor: CwMcuSensor::flush: fd = 234, sensors_id = 0, path = /sys/class/htc_sensorhub/sensor_hub/flush, err = 0
11-01 13:43:39.829  2848  2848 I art     : System.exit called, status: 110
11-01 13:43:39.829  2848  2848 I AndroidRuntime: VM exiting with result code 110.
11-01 13:43:39.897   600  1483 W WindowManager: Attempted to remove non-existing token: android.os.Binder@95204eb
11-01 13:43:56.003  3061  3061 D AndroidRuntime: >>>>>> START com.android.internal.os.RuntimeInit uid 2000 <<<<<<
11-01 13:43:56.011  3061  3061 D AndroidRuntime: CheckJNI is OFF
11-01 13:43:56.101  3061  3061 D ICU     : No timezone override file found: /data/misc/zoneinfo/current/icu/icu_tzdata.dat
11-01 13:43:56.143  3061  3061 I Radio-JNI: register_android_hardware_Radio DONE
11-01 13:43:56.159  3061  3061 D AndroidRuntime: Calling main entry com.android.commands.am.Am
11-01 13:43:56.176   600  1066 I ActivityManager: Force stopping com.opera.browser appid=10122 user=0: from pid 3061
11-01 13:43:56.177   600  1066 I ActivityManager: Killing 2507:com.opera.browser:privileged_process0/u0a122 (adj 0): stop com.opera.browser
11-01 13:43:56.178   600  1066 D ActivityManager: cleanUpApplicationRecord -- 2507
11-01 13:43:56.178   600  1066 W ActivityManager: Scheduling restart of crashed service com.opera.browser/com.opera.android.browser.chromium.services.PrivilegedProcessService0 in 1000ms
11-01 13:43:56.178   600  1066 I ActivityManager: Killing 2366:com.opera.browser/u0a122 (adj 0): stop com.opera.browser
11-01 13:43:56.179   600  1066 D ActivityManager: cleanUpApplicationRecord -- 2366
11-01 13:43:56.180   600  1066 W ActivityManager: Force removing ActivityRecord{231cf12 u0 com.opera.browser/com.opera.android.BrowserActivity t1179}: app died, no saved state
11-01 13:43:56.201   600  1066 I ActivityManager: Killing 2793:com.opera.browser:sandboxed_process0/u0a122 (adj 0): stop com.opera.browser
11-01 13:43:56.202   600  1066 D ActivityManager: cleanUpApplicationRecord -- 2793
11-01 13:43:56.206  3061  3061 D AndroidRuntime: Shutting down VM
11-01 13:43:56.235  1075  1164 I OpenGLRenderer: Initialized EGL, version 1.4
11-01 13:43:56.235  1075  1164 D OpenGLRenderer: Swap behavior 2
11-01 13:43:56.256  1058  1058 D RegisteredNfcFServicesCache: Service unchanged, not updating
11-01 13:43:56.333 23814 23861 I AttachedClient: Adding client event 2 to pending list.
11-01 13:43:56.348 23814 23814 I OptInState: There is a new client and it does not support opt-in. Dropping request.
11-01 13:43:56.351 23814 23814 I MicroDetectionWorker: Micro detection mode: [mDetectionMode: [1]].
11-01 13:43:56.365 23814  3073 I MicroRecognitionRunner: Starting detection.
11-01 13:43:56.369 23814 23862 I MicrophoneInputStream: mic_starting com.google.android.apps.gsa.speech.audio.ae@cda149c
11-01 13:43:56.372   238  3076 I AudioFlinger: AudioFlinger's thread 0xec3120c0 ready to run
11-01 13:43:56.391   238   286 I SoundTriggerHwService::Module: void android::SoundTriggerHwService::Module::onCallbackEvent(const sp<android::SoundTriggerHwService::CallbackEvent> &) mClient == 0
11-01 13:43:56.394 23814 23862 I MicrophoneInputStream: mic_started com.google.android.apps.gsa.speech.audio.ae@cda149c
11-01 13:43:56.423 23814 23824 I art     : Background sticky concurrent mark sweep GC freed 3786(203KB) AllocSpace objects, 0(0B) LOS objects, 10% free, 5MB/6MB, paused 5.086ms total 54.716ms
11-01 13:43:56.506   600  1664 D ConnectivityService: ConnectivityService NetworkRequestInfo binderDied(NetworkRequest [ LISTEN id=135, [ Capabilities: INTERNET&NOT_RESTRICTED&TRUSTED&FOREGROUND] ], android.os.BinderProxy@5700f9f)
11-01 13:43:56.506   600  1666 D GraphicsStats: Buffer count: 2
11-01 13:43:56.506   600  1666 D ConnectivityService: ConnectivityService NetworkRequestInfo binderDied(NetworkRequest [ LISTEN id=134, [ Capabilities: INTERNET&NOT_RESTRICTED&TRUSTED&FOREGROUND] ], android.os.BinderProxy@97348ec)
11-01 13:43:56.508   600   649 E ConnectivityService: RemoteException caught trying to send a callback msg for NetworkRequest [ LISTEN id=135, [ Capabilities: INTERNET&NOT_RESTRICTED&TRUSTED&FOREGROUND] ]
11-01 13:43:56.510   600   649 E ConnectivityService: RemoteException caught trying to send a callback msg for NetworkRequest [ LISTEN id=134, [ Capabilities: INTERNET&NOT_RESTRICTED&TRUSTED&FOREGROUND] ]
11-01 13:43:56.573 23814 23814 I MicroDetectionWorker: onReady
11-01 13:43:56.776  1075  1164 W OpenGLRenderer: Incorrectly called buildLayer on View: ShortcutAndWidgetContainer, destroying layer...
11-01 13:43:56.825  3077  3077 D AndroidRuntime: >>>>>> START com.android.internal.os.RuntimeInit uid 2000 <<<<<<
11-01 13:43:56.830  3077  3077 D AndroidRuntime: CheckJNI is OFF
11-01 13:43:56.896  3077  3077 D ICU     : No timezone override file found: /data/misc/zoneinfo/current/icu/icu_tzdata.dat
11-01 13:43:56.926  3077  3077 I Radio-JNI: register_android_hardware_Radio DONE
