10-31 14:38:54.070  2651  2706 I FeedSessionManagerImpl: Caching getStreamFeatures - items 31, cache misses 0, cache size 31
10-31 14:38:54.071  2651  2706 I FeedModelProvider: Moving _session:adccf692-8e0c-49d3-8b3c-a0659b6fa51b to READY
10-31 14:38:54.081  2651  2706 I MainThreadRunner: Running task [FeedModelProvider onSessionStart] on the Main Thread
10-31 14:38:54.083  2651  2651 I FeedModelProvider: No children found for Cursor
10-31 14:38:54.089  2651  2706 I FeedModelProvider: ModelProvider Mutation committed - structure changes 31, childrenToBind 31, removedChildren false, Token false
10-31 14:38:54.136   600   613 I ActivityManager: Killing 3051:com.android.chrome:sandboxed_process17/u0a35i143 (adj 0): isolated not needed
10-31 14:38:54.136   600   613 I ActivityManager: Killing 3022:com.android.chrome:sandboxed_process15/u0a35i141 (adj 0): isolated not needed
10-31 14:38:54.136   600   613 I ActivityManager: Killing 3036:com.android.chrome:sandboxed_process16/u0a35i142 (adj 0): isolated not needed
10-31 14:38:54.138  2651  2706 I FeedSessionManagerImpl: Populate new session: _session:adccf692-8e0c-49d3-8b3c-a0659b6fa51b, creation time 10-31 14:38:54.045
10-31 14:38:54.138  2651  2706 I TimingUtils: Task Timing 127ms, thread JardinExecutor | task : Create/Populate New Session
10-31 14:38:54.138  2651  2706 I TaskQueue:  - Finished 24, time 128 ms
10-31 14:38:54.138  2651  2706 I TaskQueue: Execute task [BACKGROUND - d: false, b: 1]: 11
10-31 14:38:54.138  2651  2706 I ContentGc: Re-enqueuing triggerContentGc; attempts(0)
10-31 14:38:54.138  2651  2706 I TaskQueue:  - task [BACKGROUND - d: false, b: 1]: 11
10-31 14:38:54.139  2651  2706 I TaskQueue:  - Finished 11, time 0 ms
10-31 14:38:54.139  2651  2706 I TaskQueue: Execute task [BACKGROUND - d: false, b: 1]: 23
10-31 14:38:54.202  3077  3133 I cr_LibraryLoader: Loaded native library version number "85.0.4183.127"
10-31 14:38:54.202  3077  3133 I cr_CachingUmaRecorder: Flushed 1 samples from 1 histograms.
10-31 14:38:54.203  3089  3130 I cr_LibraryLoader: Loaded native library version number "85.0.4183.127"
10-31 14:38:54.204  3089  3130 I cr_CachingUmaRecorder: Flushed 1 samples from 1 histograms.
10-31 14:38:54.212  3071  3122 I cr_LibraryLoader: Loaded native library version number "85.0.4183.127"
10-31 14:38:54.212  3071  3122 I cr_CachingUmaRecorder: Flushed 1 samples from 1 histograms.
10-31 14:38:54.240  2651  2651 W FrameAdapter: [] Slow Bind () time: 144078 ps
10-31 14:38:54.242  2784  2784 I Radio-JNI: register_android_hardware_Radio DONE
10-31 14:38:54.273  2961  2961 I dex2oat : dex2oat took 1.440s (threads: 2) arena alloc=771KB (790272B) java alloc=108KB (111072B) native alloc=559KB (573400B) free=1488KB (1523752B)
10-31 14:38:54.303  2651  2717 W chromium: [WARNING:spdy_session.cc(3090)] Received RST for invalid stream1
10-31 14:38:54.307  2651  2661 I art     : Background sticky concurrent mark sweep GC freed 39376(2MB) AllocSpace objects, 46(984KB) LOS objects, 0% free, 15MB/15MB, paused 7.753ms total 183.790ms
10-31 14:38:54.369  2651  2706 I TimingUtils: Task Timing 227ms, thread JardinExecutor | task : commitContentMutation | mutations : 32
10-31 14:38:54.369  2651  2706 I TimingUtils: Task Timing   0ms, thread JardinExecutor | task : commitSemanticPropertiesMutation | mutations : 0
10-31 14:38:54.370  2651  2706 I TaskQueue:  - Finished 23, time 231 ms
10-31 14:38:54.370  2651  2706 I TaskQueue: Execute task [BACKGROUND - d: false, b: 0]: 11
10-31 14:38:54.373  2651  2706 I SessionCache: Determining accessible content
10-31 14:38:54.377  2651  2706 I TimingUtils: Task Timing   6ms, thread JardinExecutor | task : ContentGc | contentItemsRemoved : 0
10-31 14:38:54.377  2651  2706 I TaskQueue:  - Finished 11, time 6 ms
10-31 14:38:54.383  2784  2784 D AndroidRuntime: Calling main entry com.android.commands.am.Am
10-31 14:38:54.392  3071  3122 I chromium: [INFO:child_process_service.cc(69)] ChildProcessService: Exiting child process.
10-31 14:38:54.396   197   197 E lowmemorykiller: Error writing /proc/3071/oom_score_adj; errno=22
10-31 14:38:54.427   600  1080 I ActivityManager: START u0 {act=android.intent.action.VIEW dat=http://w3schools.com/... flg=0x10000000 cmp=com.android.chrome/com.google.android.apps.chrome.Main} from uid 2000 on display 0
10-31 14:38:54.449  2784  2784 D AndroidRuntime: Shutting down VM
10-31 14:38:54.452  3077  3077 I cr_ChildProcessService: Destroying ChildProcessService pid=3077
10-31 14:38:54.484  2651  2651 E cr_IntentUtils: getInt failed on bundle null
10-31 14:38:54.522   600 13558 I ActivityManager: Start proc 3164:com.android.chrome:sandboxed_process21/u0i147 for service com.android.chrome/org.chromium.content.app.SandboxedProcessService21
10-31 14:38:54.570  2651  2651 I cr_tabmodel: Appending tabs being restored to metadata lists, 0, startingNormalCount: 2, startingIncognitoCount: 0
10-31 14:38:54.570  2651  2651 I cr_tabmodel: Serializing tab lists; counts: 2, 0
10-31 14:38:54.572   600  6312 I ActivityManager: Killing 3071:com.android.chrome:sandboxed_process18/u0a35i144 (adj 0): isolated not needed
10-31 14:38:54.572   600  6312 I ActivityManager: Killing 3077:com.android.chrome:sandboxed_process19/u0a35i145 (adj 0): isolated not needed
10-31 14:38:54.573   600  6312 I ActivityManager: Killing 3089:com.android.chrome:sandboxed_process20/u0a35i146 (adj 0): isolated not needed
10-31 14:38:54.575  2651  2661 I art     : Background partial concurrent mark sweep GC freed 33942(1755KB) AllocSpace objects, 18(1924KB) LOS objects, 39% free, 18MB/31MB, paused 606us total 161.834ms
10-31 14:38:54.591 25312 25349 I Icing   : Removing corpus key com.android.chrome-omnibox for package com.android.chrome
10-31 14:38:54.629   600  3967 D ActivityManager: cleanUpApplicationRecord -- 3071
10-31 14:38:54.656  2651  2651 W chromium: [WARNING:compositor_view.cc(315)] Child process died (type=6) pid=3071)
10-31 14:38:54.677  3164  3164 W boxed_process21: type=1400 audit(0.0:13955): avc: denied { getattr } for path="/data/data/com.android.chrome" dev="dm-2" ino=12190 scontext=u:r:isolated_app:s0:c512,c768 tcontext=u:object_r:app_data_file:s0:c512,c768 tclass=dir permissive=0
10-31 14:38:54.703  2651  2651 W chromium: [WARNING:compositor_view.cc(315)] Child process died (type=6) pid=2790)
10-31 14:38:54.740  3164  3164 I cr_ChildProcessService: Creating new ChildProcessService pid=3164
10-31 14:38:54.749   600  3509 I ActivityManager: Start proc 3180:com.android.chrome:sandboxed_process22/u0i148 for service com.android.chrome/org.chromium.content.app.SandboxedProcessService22
10-31 14:38:54.750   600  1080 D ActivityManager: cleanUpApplicationRecord -- 2790
10-31 14:38:54.773  2651  2906 I PlayCore: UID: [10035]  PID: [2651] SplitInstallService : Failed to bind to the service.
10-31 14:38:54.807   600  2707 I ActivityManager: Start proc 3186:com.android.chrome:sandboxed_process23/u0i149 for service com.android.chrome/org.chromium.content.app.SandboxedProcessService23
10-31 14:38:54.814   600   707 D ActivityManager: cleanUpApplicationRecord -- 3022
10-31 14:38:54.823   600   611 D ActivityManager: cleanUpApplicationRecord -- 3051
10-31 14:38:54.857  3164  3179 I cr_LibraryLoader: Loaded native library version number "85.0.4183.127"
10-31 14:38:54.857  3164  3179 I cr_CachingUmaRecorder: Flushed 1 samples from 1 histograms.
10-31 14:38:54.882   600 13558 D ActivityManager: cleanUpApplicationRecord -- 2883
10-31 14:38:54.888   600 13631 D ActivityManager: cleanUpApplicationRecord -- 2975
10-31 14:38:54.910   600 10249 D ActivityManager: cleanUpApplicationRecord -- 2825
10-31 14:38:54.917  3186  3186 W boxed_process23: type=1400 audit(0.0:13956): avc: denied { getattr } for path="/data/data/com.android.chrome" dev="dm-2" ino=12190 scontext=u:r:isolated_app:s0:c512,c768 tcontext=u:object_r:app_data_file:s0:c512,c768 tclass=dir permissive=0
10-31 14:38:54.923  3180  3180 W boxed_process22: type=1400 audit(0.0:13957): avc: denied { getattr } for path="/data/data/com.android.chrome" dev="dm-2" ino=12190 scontext=u:r:isolated_app:s0:c512,c768 tcontext=u:object_r:app_data_file:s0:c512,c768 tclass=dir permissive=0
10-31 14:38:54.948  2651  2651 W chromium: [WARNING:compositor_view.cc(315)] Child process died (type=6) pid=3051)
10-31 14:38:54.970   600 13631 D ActivityManager: cleanUpApplicationRecord -- 2846
10-31 14:38:54.975  2651  2651 W chromium: [WARNING:compositor_view.cc(315)] Child process died (type=6) pid=2883)
10-31 14:38:54.975  2651  2651 W chromium: [WARNING:compositor_view.cc(315)] Child process died (type=6) pid=2846)
10-31 14:38:54.994  3180  3180 I cr_ChildProcessService: Creating new ChildProcessService pid=3180
10-31 14:38:54.995   600 29683 D ActivityManager: cleanUpApplicationRecord -- 2811
10-31 14:38:54.996  2651  2651 W chromium: [WARNING:compositor_view.cc(315)] Child process died (type=6) pid=2811)
10-31 14:38:55.007  3186  3186 I cr_ChildProcessService: Creating new ChildProcessService pid=3186
10-31 14:38:55.043  2651  2651 W chromium: [WARNING:compositor_view.cc(315)] Child process died (type=6) pid=3022)
10-31 14:38:55.060   600  9614 D ActivityManager: cleanUpApplicationRecord -- 2799
10-31 14:38:55.061  2651  2651 W chromium: [WARNING:compositor_view.cc(315)] Child process died (type=6) pid=2799)
10-31 14:38:55.089  3186  3216 I cr_LibraryLoader: Loaded native library version number "85.0.4183.127"
10-31 14:38:55.090  3180  3212 I cr_LibraryLoader: Loaded native library version number "85.0.4183.127"
10-31 14:38:55.091   600  1079 D ActivityManager: cleanUpApplicationRecord -- 2857
10-31 14:38:55.092  3180  3212 I cr_CachingUmaRecorder: Flushed 1 samples from 1 histograms.
10-31 14:38:55.093  3186  3216 I cr_CachingUmaRecorder: Flushed 1 samples from 1 histograms.
10-31 14:38:55.096   600 24611 D ActivityManager: cleanUpApplicationRecord -- 2911
10-31 14:38:55.099  2651  2651 W chromium: [WARNING:compositor_view.cc(315)] Child process died (type=6) pid=2975)
10-31 14:38:55.123  2651  2651 W chromium: [WARNING:compositor_view.cc(315)] Child process died (type=6) pid=2825)
10-31 14:38:55.138   600 29683 D ActivityManager: cleanUpApplicationRecord -- 2968
10-31 14:38:55.175  3186  3186 I cr_ChildProcessService: Destroying ChildProcessService pid=3186
10-31 14:38:55.230  3180  3180 I cr_ChildProcessService: Destroying ChildProcessService pid=3180
10-31 14:38:55.277   600  1076 D ActivityManager: cleanUpApplicationRecord -- 3036
10-31 14:38:55.278   600  1076 I ActivityManager: Killing 3180:com.android.chrome:sandboxed_process22/u0a35i148 (adj 0): isolated not needed
10-31 14:38:55.278   600  1076 I ActivityManager: Killing 3186:com.android.chrome:sandboxed_process23/u0a35i149 (adj 0): isolated not needed
10-31 14:38:55.290  2651  2651 W chromium: [WARNING:compositor_view.cc(315)] Child process died (type=6) pid=2857)
10-31 14:38:55.291  2651  2651 W chromium: [WARNING:compositor_view.cc(315)] Child process died (type=6) pid=2968)
10-31 14:38:55.291  2651  2651 W chromium: [WARNING:compositor_view.cc(315)] Child process died (type=6) pid=2911)
10-31 14:38:55.295  2651  2651 W chromium: [WARNING:compositor_view.cc(315)] Child process died (type=6) pid=3036)
10-31 14:38:55.308  2651  2651 W chromium: [WARNING:compositor_view.cc(315)] Child process died (type=6) pid=3089)
10-31 14:38:55.579   600  9614 D ActivityManager: cleanUpApplicationRecord -- 3089
10-31 14:38:55.580  2651  2651 W chromium: [WARNING:compositor_view.cc(315)] Child process died (type=6) pid=3186)
10-31 14:38:55.585   600   713 D ActivityManager: cleanUpApplicationRecord -- 3186
10-31 14:38:55.586   600  6312 D ActivityManager: cleanUpApplicationRecord -- 3077
10-31 14:38:55.586  2651  2651 W chromium: [WARNING:compositor_view.cc(315)] Child process died (type=6) pid=3077)
10-31 14:38:55.595   600  1081 D ActivityManager: cleanUpApplicationRecord -- 3180
10-31 14:38:55.597  2651  2651 W chromium: [WARNING:compositor_view.cc(315)] Child process died (type=6) pid=3180)
10-31 14:38:56.730  2651  2708 I cr_omaha: Request to Server Successful. Timestamp for next request:1667227136730
10-31 14:38:56.770  2651  2708 I cr_omaha: Request to Server Successful. Timestamp for next request:1667227136770
10-31 14:38:56.770  2651  2708 I cr_omaha: Attempting to schedule next job for: Mon Oct 31 19:38:56 GMT+01:00 2022
10-31 14:38:56.773  2651  2651 I cr_omaha: Scheduled using JobService
10-31 14:38:56.773  2651  2651 E cr_BkgrdTaskJS: Tried finishing non-current BackgroundTask.
10-31 14:38:56.809 25312 25356 I Icing   : IndexChimeraService.getServiceInterface callingPackage=com.google.android.gms componentName=null serviceId=30
10-31 14:38:56.810   787  1714 W Icing   : isOptedInForAppHistory: empty Account Name encountered
10-31 14:38:56.821   787  1714 W Icing   : isOptedInForAppHistory: empty Account Name encountered
10-31 14:38:56.860   787 31807 W Icing   : isOptedInForAppHistory: empty Account Name encountered
10-31 14:38:56.887 25312 25349 I native  : document-store.cc:1654 Scored 2357 usage reports, missing_corpora 1273 update_failed 1
10-31 14:38:56.941 25312 25349 W Icing   : No valid account for uploading user actions
10-31 14:38:56.955  2651  2651 I cr_tabmodel: Appending tabs being restored to metadata lists, 0, startingNormalCount: 2, startingIncognitoCount: 0
10-31 14:38:56.955  2651  2651 I cr_tabmodel: Serializing tab lists; counts: 2, 0
10-31 14:38:56.972 25312 25322 I art     : Background sticky concurrent mark sweep GC freed 16081(1019KB) AllocSpace objects, 8(160KB) LOS objects, 23% free, 6MB/9MB, paused 12.909ms total 19.702ms
10-31 14:38:57.042 25312 25349 E native  : document-store.cc:1328 Failed to update per-doc-data with usage report
10-31 14:38:57.098  2651  2651 E cr_BTSPrefs: No data found for task id: 53
10-31 14:38:57.098  2651  2651 E cr_BkgrdTaskScheduler: Task cannot be canceled because no data was found instorage or data was invalid
10-31 14:38:57.153 25312 25349 I Icing   : Usage reports ok 2, Failed Usage reports 1, indexed 1, rejected 0
10-31 14:38:57.154 25312 25349 W Icing   : No valid account for uploading user actions
10-31 14:38:57.164 25312 25349 I Icing   : Usage reports ok 0, Failed Usage reports 0, indexed 0, rejected 0
10-31 14:38:57.166 25312 25349 W Icing   : No valid account for uploading user actions
10-31 14:38:57.179 25312 25349 I Icing   : Usage reports ok 0, Failed Usage reports 0, indexed 0, rejected 0
10-31 14:38:57.180 25312 25349 I Icing   : Indexing com.android.chrome-omnibox from com.android.chrome
10-31 14:38:57.244 25312 25349 I Icing   : Indexing done com.android.chrome-omnibox
10-31 14:38:58.306  2651  2709 W InstanceID: Instance ID SDK is deprecated, com.android.chrome should update to use Firebase Instance ID
10-31 14:39:01.726  2651  2651 E cr_BTSPrefs: No data found for task id: 57
10-31 14:39:01.726  2651  2651 E cr_BkgrdTaskScheduler: Task cannot be canceled because no data was found instorage or data was invalid
10-31 14:39:01.727  2651  2651 E cr_BTSPrefs: No data found for task id: 56
10-31 14:39:01.727  2651  2651 E cr_BkgrdTaskScheduler: Task cannot be canceled because no data was found instorage or data was invalid
10-31 14:39:07.967  3250  3250 D AndroidRuntime: >>>>>> START com.android.internal.os.RuntimeInit uid 2000 <<<<<<
10-31 14:39:07.970  3250  3250 D AndroidRuntime: CheckJNI is OFF
10-31 14:39:08.035  3250  3250 D ICU     : No timezone override file found: /data/misc/zoneinfo/current/icu/icu_tzdata.dat
10-31 14:39:08.065  3250  3250 I Radio-JNI: register_android_hardware_Radio DONE
10-31 14:39:08.080  3250  3250 D AndroidRuntime: Calling main entry com.android.commands.monkey.Monkey
10-31 14:39:08.150   600   613 W BroadcastQueue: Skipping deliver [background] BroadcastRecord{56bcbf7 u-1 android.net.conn.CONNECTIVITY_CHANGE} to ReceiverList{f154a64 3250 (unknown name)/2000/u-1 remote:27c4091}: process crashing
10-31 14:39:09.544  3250  3250 D MonkeyStub: translateCommand: wake
10-31 14:39:09.670  3250  3250 D MonkeyStub: translateCommand: tap 1156 1096
10-31 14:39:11.912  3250  3250 D MonkeyStub: translateCommand: tap 259 298
10-31 14:39:13.964  3250  3250 D MonkeyStub: translateCommand: tap 777 567
10-31 14:39:16.213  3250  3250 D MonkeyStub: translateCommand: tap 168 1070
10-31 14:39:16.438   787  1169 E AsyncOperation: serviceID=121, operation=GetLaunchDataOperation [CONTEXT service_id=259 ]
10-31 14:39:16.438   787  1169 E AsyncOperation: OperationException[Status{statusCode=Not an instant app, resolution=null}]
10-31 14:39:16.438   787  1169 E AsyncOperation: 	at aeay.a(:com.google.android.gms@203915020@20.39.15 (040406-335085812):20)
10-31 14:39:16.438   787  1169 E AsyncOperation: 	at aain.run(:com.google.android.gms@203915020@20.39.15 (040406-335085812):7)
10-31 14:39:16.438   787  1169 E AsyncOperation: 	at boex.run(:com.google.android.gms@203915020@20.39.15 (040406-335085812):2)
10-31 14:39:16.438   787  1169 E AsyncOperation: 	at sup.b(:com.google.android.gms@203915020@20.39.15 (040406-335085812):12)
10-31 14:39:16.438   787  1169 E AsyncOperation: 	at sup.run(:com.google.android.gms@203915020@20.39.15 (040406-335085812):7)
10-31 14:39:16.438   787  1169 E AsyncOperation: 	at java.util.concurrent.ThreadPoolExecutor.runWorker(ThreadPoolExecutor.java:1133)
10-31 14:39:16.438   787  1169 E AsyncOperation: 	at java.util.concurrent.ThreadPoolExecutor$Worker.run(ThreadPoolExecutor.java:607)
10-31 14:39:16.438   787  1169 E AsyncOperation: 	at tam.run(:com.google.android.gms@203915020@20.39.15 (040406-335085812):0)
10-31 14:39:16.438   787  1169 E AsyncOperation: 	at java.lang.Thread.run(Thread.java:761)
10-31 14:39:16.974   787 28590 W Icing   : isOptedInForAppHistory: empty Account Name encountered
10-31 14:39:16.982   787 28590 W Icing   : isOptedInForAppHistory: empty Account Name encountered
10-31 14:39:16.995   787 31807 W Icing   : isOptedInForAppHistory: empty Account Name encountered
10-31 14:39:17.054  2651  2651 I cr_tabmodel: Appending tabs being restored to metadata lists, 0, startingNormalCount: 2, startingIncognitoCount: 0
10-31 14:39:17.054  2651  2651 I cr_tabmodel: Serializing tab lists; counts: 2, 0
10-31 14:39:24.410  3250  3250 D MonkeyStub: translateCommand: touch down 614 1561
10-31 14:39:24.429  3250  3250 D MonkeyStub: translateCommand: touch move 614 1561
10-31 14:39:24.543  3250  3250 D MonkeyStub: translateCommand: touch move 614 1436
10-31 14:39:24.654  3250  3250 D MonkeyStub: translateCommand: touch move 614 1311
10-31 14:39:24.765  3250  3250 D MonkeyStub: translateCommand: touch move 614 1186
10-31 14:39:24.878  3250  3250 D MonkeyStub: translateCommand: touch move 614 1061
10-31 14:39:24.989  3250  3250 D MonkeyStub: translateCommand: touch move 614 937
10-31 14:39:25.133  3250  3250 D MonkeyStub: translateCommand: touch move 614 812
10-31 14:39:25.243  3250  3250 D MonkeyStub: translateCommand: touch move 614 687
10-31 14:39:25.352  3250  3250 D MonkeyStub: translateCommand: touch move 614 562
10-31 14:39:25.457  3250  3250 D MonkeyStub: translateCommand: touch move 614 437
10-31 14:39:25.566  3250  3250 D MonkeyStub: translateCommand: touch move 614 312
10-31 14:39:25.571  3250  3250 D MonkeyStub: translateCommand: touch up 614 312
10-31 14:39:25.598  3250  3250 D MonkeyStub: translateCommand: touch down 614 1561
10-31 14:39:25.599 25312 25359 I Icing   : IndexChimeraService.getServiceInterface callingPackage=com.android.chrome componentName=null serviceId=36
10-31 14:39:25.613  3250  3250 D MonkeyStub: translateCommand: touch move 614 1561
10-31 14:39:25.637 25312 25349 W Icing   : No valid account for uploading user actions
10-31 14:39:25.670 25312 25356 I Icing   : IndexChimeraService.getServiceInterface callingPackage=com.google.android.gms componentName=null serviceId=30
10-31 14:39:25.702 25312 25349 I Icing   : Usage reports ok 1, Failed Usage reports 0, indexed 1, rejected 0
10-31 14:39:25.705 25312 25349 W Icing   : No valid account for uploading user actions
10-31 14:39:25.719 25312 25349 I Icing   : Usage reports ok 0, Failed Usage reports 0, indexed 0, rejected 0
10-31 14:39:25.720 25312 25349 I Icing   : Indexing com.android.chrome-omnibox from com.android.chrome
10-31 14:39:25.726  3250  3250 D MonkeyStub: translateCommand: touch move 614 1436
10-31 14:39:25.776 25312 25349 I Icing   : Indexing done com.android.chrome-omnibox
10-31 14:39:25.838  3250  3250 D MonkeyStub: translateCommand: touch move 614 1311
10-31 14:39:25.947  3250  3250 D MonkeyStub: translateCommand: touch move 614 1186
10-31 14:39:26.132  3250  3250 D MonkeyStub: translateCommand: touch move 614 1061
10-31 14:39:26.241  3250  3250 D MonkeyStub: translateCommand: touch move 614 937
10-31 14:39:26.352  3250  3250 D MonkeyStub: translateCommand: touch move 614 812
10-31 14:39:26.465  3250  3250 D MonkeyStub: translateCommand: touch move 614 687
10-31 14:39:26.573  3250  3250 D MonkeyStub: translateCommand: touch move 614 562
10-31 14:39:26.685  3250  3250 D MonkeyStub: translateCommand: touch move 614 437
10-31 14:39:26.739   787  1245 W Icing   : isOptedInForAppHistory: empty Account Name encountered
10-31 14:39:26.748   787 30002 W Icing   : isOptedInForAppHistory: empty Account Name encountered
10-31 14:39:26.796  3250  3250 D MonkeyStub: translateCommand: touch move 614 312
10-31 14:39:26.801  3250  3250 D MonkeyStub: translateCommand: touch up 614 312
10-31 14:39:30.844  3250  3250 D MonkeyStub: translateCommand: touch down 614 1561
10-31 14:39:30.862  3250  3250 D MonkeyStub: translateCommand: touch move 614 1561
10-31 14:39:30.974  3250  3250 D MonkeyStub: translateCommand: touch move 614 1436
10-31 14:39:31.083  3250  3250 D MonkeyStub: translateCommand: touch move 614 1311
10-31 14:39:31.192  3250  3250 D MonkeyStub: translateCommand: touch move 614 1186
10-31 14:39:31.326  3250  3250 D MonkeyStub: translateCommand: touch move 614 1061
10-31 14:39:31.440  3250  3250 D MonkeyStub: translateCommand: touch move 614 937
10-31 14:39:31.552  3250  3250 D MonkeyStub: translateCommand: touch move 614 812
10-31 14:39:31.663  3250  3250 D MonkeyStub: translateCommand: touch move 614 687
10-31 14:39:31.780  3250  3250 D MonkeyStub: translateCommand: touch move 614 562
10-31 14:39:31.886  3250  3250 D MonkeyStub: translateCommand: touch move 614 437
10-31 14:39:31.994  3250  3250 D MonkeyStub: translateCommand: touch move 614 312
10-31 14:39:32.002  3250  3250 D MonkeyStub: translateCommand: touch up 614 312
10-31 14:39:32.219   600   707 I ActivityManager: Start proc 3300:com.android.chrome:sandboxed_process24/u0i150 for service com.android.chrome/org.chromium.content.app.SandboxedProcessService24
10-31 14:39:32.250  3300  3300 W boxed_process24: type=1400 audit(0.0:13958): avc: denied { getattr } for path="/data/data/com.android.chrome" dev="dm-2" ino=12190 scontext=u:r:isolated_app:s0:c512,c768 tcontext=u:object_r:app_data_file:s0:c512,c768 tclass=dir permissive=0
10-31 14:39:32.270  3300  3300 I cr_ChildProcessService: Creating new ChildProcessService pid=3300
10-31 14:39:32.305  3300  3313 I cr_LibraryLoader: Loaded native library version number "85.0.4183.127"
10-31 14:39:32.305  3300  3313 I cr_CachingUmaRecorder: Flushed 1 samples from 1 histograms.
10-31 14:39:32.317  3313  3313 W CrUtilityMain: type=1400 audit(0.0:13959): avc: denied { setattr } for name="LICENSE.txt" dev="dm-2" ino=58600 scontext=u:r:isolated_app:s0:c512,c768 tcontext=u:object_r:app_data_file:s0:c512,c768 tclass=file permissive=0
10-31 14:39:32.317  3313  3313 W CrUtilityMain: type=1400 audit(0.0:13960): avc: denied { setattr } for name=46696C746572696E672052756C6573 dev="dm-2" ino=58313 scontext=u:r:isolated_app:s0:c512,c768 tcontext=u:object_r:app_data_file:s0:c512,c768 tclass=file permissive=0
10-31 14:39:32.317  3313  3313 W CrUtilityMain: type=1400 audit(0.0:13961): avc: denied { setattr } for name="manifest.json" dev="dm-2" ino=58391 scontext=u:r:isolated_app:s0:c512,c768 tcontext=u:object_r:app_data_file:s0:c512,c768 tclass=file permissive=0
10-31 14:39:32.320  3313  3313 W CrUtilityMain: type=1400 audit(0.0:13962): avc: denied { setattr } for name="verified_contents.json" dev="dm-2" ino=58264 scontext=u:r:isolated_app:s0:c512,c768 tcontext=u:object_r:app_data_file:s0:c512,c768 tclass=file permissive=0
10-31 14:39:32.338  3300  3300 I cr_ChildProcessService: Destroying ChildProcessService pid=3300
10-31 14:39:32.339  3300  3313 I chromium: [INFO:child_process_service.cc(69)] ChildProcessService: Exiting child process.
10-31 14:39:32.360   600 29683 I ActivityManager: Process com.android.chrome:sandboxed_process24 (pid 3300) has died
10-31 14:39:32.360   600 29683 D ActivityManager: cleanUpApplicationRecord -- 3300
10-31 14:39:32.362  2651  2651 W chromium: [WARNING:compositor_view.cc(315)] Child process died (type=6) pid=3300)
10-31 14:39:33.215   600   707 I ActivityManager: Start proc 3319:com.android.chrome:sandboxed_process25/u0i151 for service com.android.chrome/org.chromium.content.app.SandboxedProcessService25
10-31 14:39:33.247  3319  3319 W boxed_process25: type=1400 audit(0.0:13963): avc: denied { getattr } for path="/data/data/com.android.chrome" dev="dm-2" ino=12190 scontext=u:r:isolated_app:s0:c512,c768 tcontext=u:object_r:app_data_file:s0:c512,c768 tclass=dir permissive=0
10-31 14:39:33.268  3319  3319 I cr_ChildProcessService: Creating new ChildProcessService pid=3319
10-31 14:39:33.305  3319  3332 I cr_LibraryLoader: Loaded native library version number "85.0.4183.127"
10-31 14:39:33.309  3319  3332 I cr_CachingUmaRecorder: Flushed 1 samples from 1 histograms.
10-31 14:39:33.337  3332  3332 W CrUtilityMain: type=1400 audit(0.0:13964): avc: denied { setattr } for name="tl_en-us_2022-10-24_484508980_100000_index.bin" dev="dm-2" ino=58275 scontext=u:r:isolated_app:s0:c512,c768 tcontext=u:object_r:app_data_file:s0:c512,c768 tclass=file permissive=0
10-31 14:39:33.337  3332  3332 W CrUtilityMain: type=1400 audit(0.0:13965): avc: denied { setattr } for name="manifest.json" dev="dm-2" ino=58482 scontext=u:r:isolated_app:s0:c512,c768 tcontext=u:object_r:app_data_file:s0:c512,c768 tclass=file permissive=0
10-31 14:39:33.350  3332  3332 W CrUtilityMain: type=1400 audit(0.0:13966): avc: denied { setattr } for name="verified_contents.json" dev="dm-2" ino=58506 scontext=u:r:isolated_app:s0:c512,c768 tcontext=u:object_r:app_data_file:s0:c512,c768 tclass=file permissive=0
10-31 14:39:33.363  3319  3319 I cr_ChildProcessService: Destroying ChildProcessService pid=3319
10-31 14:39:33.364  3319  3332 I chromium: [INFO:child_process_service.cc(69)] ChildProcessService: Exiting child process.
10-31 14:39:33.372  2651  2651 W chromium: [WARNING:compositor_view.cc(315)] Child process died (type=6) pid=3319)
10-31 14:39:33.372   600 13631 I ActivityManager: Process com.android.chrome:sandboxed_process25 (pid 3319) has died
10-31 14:39:33.372   600 13631 D ActivityManager: cleanUpApplicationRecord -- 3319
10-31 14:39:34.236  3250  3250 D MonkeyStub: translateCommand: tap 278 93
10-31 14:39:34.418   787  1169 E AsyncOperation: serviceID=121, operation=GetLaunchDataOperation [CONTEXT service_id=259 ]
10-31 14:39:34.418   787  1169 E AsyncOperation: OperationException[Status{statusCode=Not an instant app, resolution=null}]
10-31 14:39:34.418   787  1169 E AsyncOperation: 	at aeay.a(:com.google.android.gms@203915020@20.39.15 (040406-335085812):20)
10-31 14:39:34.418   787  1169 E AsyncOperation: 	at aain.run(:com.google.android.gms@203915020@20.39.15 (040406-335085812):7)
10-31 14:39:34.418   787  1169 E AsyncOperation: 	at boex.run(:com.google.android.gms@203915020@20.39.15 (040406-335085812):2)
10-31 14:39:34.418   787  1169 E AsyncOperation: 	at sup.b(:com.google.android.gms@203915020@20.39.15 (040406-335085812):12)
10-31 14:39:34.418   787  1169 E AsyncOperation: 	at sup.run(:com.google.android.gms@203915020@20.39.15 (040406-335085812):7)
10-31 14:39:34.418   787  1169 E AsyncOperation: 	at java.util.concurrent.ThreadPoolExecutor.runWorker(ThreadPoolExecutor.java:1133)
10-31 14:39:34.418   787  1169 E AsyncOperation: 	at java.util.concurrent.ThreadPoolExecutor$Worker.run(ThreadPoolExecutor.java:607)
10-31 14:39:34.418   787  1169 E AsyncOperation: 	at tam.run(:com.google.android.gms@203915020@20.39.15 (040406-335085812):0)
10-31 14:39:34.418   787  1169 E AsyncOperation: 	at java.lang.Thread.run(Thread.java:761)
10-31 14:39:34.497   600 13631 I ActivityManager: Start proc 3341:com.android.chrome:sandboxed_process26/u0i152 for service com.android.chrome/org.chromium.content.app.SandboxedProcessService26
10-31 14:39:34.630  3341  3341 W boxed_process26: type=1400 audit(0.0:13967): avc: denied { getattr } for path="/data/data/com.android.chrome" dev="dm-2" ino=12190 scontext=u:r:isolated_app:s0:c512,c768 tcontext=u:object_r:app_data_file:s0:c512,c768 tclass=dir permissive=0
10-31 14:39:34.638   198   198 E SELinux : avc:  denied  { find } for service=netd pid=3340 uid=2000 scontext=u:r:shell:s0 tcontext=u:object_r:netd_service:s0 tclass=service_manager permissive=0
10-31 14:39:34.643   198   198 E SELinux : avc:  denied  { find } for service=android.service.gatekeeper.IGateKeeperService pid=3340 uid=2000 scontext=u:r:shell:s0 tcontext=u:object_r:gatekeeper_service:s0 tclass=service_manager permissive=0
10-31 14:39:34.678  3341  3341 I cr_ChildProcessService: Creating new ChildProcessService pid=3341
10-31 14:39:34.742  3341  3354 I cr_LibraryLoader: Loaded native library version number "85.0.4183.127"
10-31 14:39:34.742  3341  3354 I cr_CachingUmaRecorder: Flushed 1 samples from 1 histograms.
10-31 14:39:34.757  3354  3354 W CrUtilityMain: type=1400 audit(0.0:13968): avc: denied { setattr } for name="optimization-hints.pb" dev="dm-2" ino=58468 scontext=u:r:isolated_app:s0:c512,c768 tcontext=u:object_r:app_data_file:s0:c512,c768 tclass=file permissive=0
10-31 14:39:34.757  3354  3354 W CrUtilityMain: type=1400 audit(0.0:13969): avc: denied { setattr } for name="manifest.json" dev="dm-2" ino=58437 scontext=u:r:isolated_app:s0:c512,c768 tcontext=u:object_r:app_data_file:s0:c512,c768 tclass=file permissive=0
10-31 14:39:34.760  3354  3354 W CrUtilityMain: type=1400 audit(0.0:13970): avc: denied { setattr } for name="verified_contents.json" dev="dm-2" ino=58580 scontext=u:r:isolated_app:s0:c512,c768 tcontext=u:object_r:app_data_file:s0:c512,c768 tclass=file permissive=0
10-31 14:39:34.781  3341  3341 I cr_ChildProcessService: Destroying ChildProcessService pid=3341
10-31 14:39:34.781  3341  3354 I chromium: [INFO:child_process_service.cc(69)] ChildProcessService: Exiting child process.
10-31 14:39:34.804   600 13558 I ActivityManager: Process com.android.chrome:sandboxed_process26 (pid 3341) has died
10-31 14:39:34.804   600 13558 D ActivityManager: cleanUpApplicationRecord -- 3341
10-31 14:39:34.812  2651  2651 W chromium: [WARNING:compositor_view.cc(315)] Child process died (type=6) pid=3341)
10-31 14:39:35.085   787  1174 W Icing   : isOptedInForAppHistory: empty Account Name encountered
10-31 14:39:35.093   787  1174 W Icing   : isOptedInForAppHistory: empty Account Name encountered
10-31 14:39:35.102   787 31807 W Icing   : isOptedInForAppHistory: empty Account Name encountered
10-31 14:39:35.324  2651  2651 I cr_tabmodel: Appending tabs being restored to metadata lists, 0, startingNormalCount: 2, startingIncognitoCount: 0
10-31 14:39:35.324  2651  2651 I cr_tabmodel: Serializing tab lists; counts: 2, 0
10-31 14:39:36.279   600  2707 I ActivityManager: Start proc 3360:com.android.chrome:sandboxed_process27/u0i153 for service com.android.chrome/org.chromium.content.app.SandboxedProcessService27
10-31 14:39:36.353  3360  3360 W boxed_process27: type=1400 audit(0.0:13971): avc: denied { getattr } for path="/data/data/com.android.chrome" dev="dm-2" ino=12190 scontext=u:r:isolated_app:s0:c512,c768 tcontext=u:object_r:app_data_file:s0:c512,c768 tclass=dir permissive=0
10-31 14:39:36.388  3360  3360 I cr_ChildProcessService: Creating new ChildProcessService pid=3360
10-31 14:39:36.453  3360  3373 I cr_LibraryLoader: Loaded native library version number "85.0.4183.127"
10-31 14:39:36.453  3360  3373 I cr_CachingUmaRecorder: Flushed 1 samples from 1 histograms.
10-31 14:39:36.463  3373  3373 W CrUtilityMain: type=1400 audit(0.0:13972): avc: denied { setattr } for name="crl-set" dev="dm-2" ino=59108 scontext=u:r:isolated_app:s0:c512,c768 tcontext=u:object_r:app_data_file:s0:c512,c768 tclass=file permissive=0
10-31 14:39:36.467  3373  3373 W CrUtilityMain: type=1400 audit(0.0:13973): avc: denied { setattr } for name="manifest.json" dev="dm-2" ino=59076 scontext=u:r:isolated_app:s0:c512,c768 tcontext=u:object_r:app_data_file:s0:c512,c768 tclass=file permissive=0
10-31 14:39:36.467  3373  3373 W CrUtilityMain: type=1400 audit(0.0:13974): avc: denied { setattr } for name="LICENSE" dev="dm-2" ino=58736 scontext=u:r:isolated_app:s0:c512,c768 tcontext=u:object_r:app_data_file:s0:c512,c768 tclass=file permissive=0
10-31 14:39:36.467  3373  3373 W CrUtilityMain: type=1400 audit(0.0:13975): avc: denied { setattr } for name="verified_contents.json" dev="dm-2" ino=59129 scontext=u:r:isolated_app:s0:c512,c768 tcontext=u:object_r:app_data_file:s0:c512,c768 tclass=file permissive=0
10-31 14:39:36.478  3360  3373 I chromium: [INFO:child_process_service.cc(69)] ChildProcessService: Exiting child process.
10-31 14:39:36.483   197   197 E lowmemorykiller: Error writing /proc/3360/oom_score_adj; errno=22
10-31 14:39:36.484   600  7064 E JavaBinder: !!! FAILED BINDER TRANSACTION !!!  (parcel size = 76)
10-31 14:39:36.486   600  7064 E JavaBinder: !!! FAILED BINDER TRANSACTION !!!  (parcel size = 576)
10-31 14:39:36.496   600  7064 W ActivityManager: Exception when unbinding service com.android.chrome/org.chromium.content.app.SandboxedProcessService27
10-31 14:39:36.496   600  7064 W ActivityManager: android.os.DeadObjectException: Transaction failed on small parcel; remote process probably died
10-31 14:39:36.496   600  7064 W ActivityManager: 	at android.os.BinderProxy.transactNative(Native Method)
10-31 14:39:36.496   600  7064 W ActivityManager: 	at android.os.BinderProxy.transact(Binder.java:615)
10-31 14:39:36.496   600  7064 W ActivityManager: 	at android.app.ApplicationThreadProxy.scheduleUnbindService(ApplicationThreadNative.java:1016)
10-31 14:39:36.496   600  7064 W ActivityManager: 	at com.android.server.am.ActiveServices.removeConnectionLocked(ActiveServices.java:2175)
10-31 14:39:36.496   600  7064 W ActivityManager: 	at com.android.server.am.ActiveServices.unbindServiceLocked(ActiveServices.java:1163)
10-31 14:39:36.496   600  7064 W ActivityManager: 	at com.android.server.am.ActivityManagerService.unbindService(ActivityManagerService.java:17309)
10-31 14:39:36.496   600  7064 W ActivityManager: 	at android.app.ActivityManagerNative.onTransact(ActivityManagerNative.java:1145)
10-31 14:39:36.496   600  7064 W ActivityManager: 	at com.android.server.am.ActivityManagerService.onTransact(ActivityManagerService.java:2795)
10-31 14:39:36.496   600  7064 W ActivityManager: 	at android.os.Binder.execTransact(Binder.java:565)
10-31 14:39:36.497   600  7064 E JavaBinder: !!! FAILED BINDER TRANSACTION !!!  (parcel size = 76)
10-31 14:39:36.497   197   197 E lowmemorykiller: Error writing /proc/3360/oom_score_adj; errno=22
10-31 14:39:36.498   600  7064 E JavaBinder: !!! FAILED BINDER TRANSACTION !!!  (parcel size = 76)
10-31 14:39:36.499   600 13557 I ActivityManager: Process com.android.chrome:sandboxed_process27 (pid 3360) has died
10-31 14:39:36.500   600 13557 D ActivityManager: cleanUpApplicationRecord -- 3360
10-31 14:39:36.507  2651  2651 W chromium: [WARNING:compositor_view.cc(315)] Child process died (type=6) pid=3360)
10-31 14:39:38.292   600   610 I ActivityManager: Start proc 3377:com.android.chrome:sandboxed_process28/u0i154 for service com.android.chrome/org.chromium.content.app.SandboxedProcessService28
10-31 14:39:38.347  3377  3377 W boxed_process28: type=1400 audit(0.0:13976): avc: denied { getattr } for path="/data/data/com.android.chrome" dev="dm-2" ino=12190 scontext=u:r:isolated_app:s0:c512,c768 tcontext=u:object_r:app_data_file:s0:c512,c768 tclass=dir permissive=0
10-31 14:39:38.371  3377  3377 I cr_ChildProcessService: Creating new ChildProcessService pid=3377
10-31 14:39:38.406  3377  3390 I cr_LibraryLoader: Loaded native library version number "85.0.4183.127"
10-31 14:39:38.406  3377  3390 I cr_CachingUmaRecorder: Flushed 1 samples from 1 histograms.
10-31 14:39:38.417  3390  3390 W CrUtilityMain: type=1400 audit(0.0:13977): avc: denied { setattr } for name="manifest.json" dev="dm-2" ino=59091 scontext=u:r:isolated_app:s0:c512,c768 tcontext=u:object_r:app_data_file:s0:c512,c768 tclass=file permissive=0
10-31 14:39:38.417  3390  3390 W CrUtilityMain: type=1400 audit(0.0:13978): avc: denied { setattr } for name="verified_contents.json" dev="dm-2" ino=59052 scontext=u:r:isolated_app:s0:c512,c768 tcontext=u:object_r:app_data_file:s0:c512,c768 tclass=file permissive=0
10-31 14:39:38.428  3377  3390 I chromium: [INFO:child_process_service.cc(69)] ChildProcessService: Exiting child process.
10-31 14:39:38.428  3377  3377 I cr_ChildProcessService: Destroying ChildProcessService pid=3377
10-31 14:39:38.453   600 24611 I ActivityManager: Process com.android.chrome:sandboxed_process28 (pid 3377) has died
10-31 14:39:38.453   600 24611 D ActivityManager: cleanUpApplicationRecord -- 3377
10-31 14:39:38.455  2651  2651 W chromium: [WARNING:compositor_view.cc(315)] Child process died (type=6) pid=3377)
10-31 14:39:40.464   600   610 I ActivityManager: Start proc 3394:com.android.chrome:sandboxed_process29/u0i155 for service com.android.chrome/org.chromium.content.app.SandboxedProcessService29
10-31 14:39:40.527  3394  3394 W boxed_process29: type=1400 audit(0.0:13979): avc: denied { getattr } for path="/data/data/com.android.chrome" dev="dm-2" ino=12190 scontext=u:r:isolated_app:s0:c512,c768 tcontext=u:object_r:app_data_file:s0:c512,c768 tclass=dir permissive=0
10-31 14:39:40.561  3394  3394 I cr_ChildProcessService: Creating new ChildProcessService pid=3394
10-31 14:39:40.616  3394  3407 I cr_LibraryLoader: Loaded native library version number "85.0.4183.127"
10-31 14:39:40.616  3394  3407 I cr_CachingUmaRecorder: Flushed 1 samples from 1 histograms.
10-31 14:39:40.627  3407  3407 W CrUtilityMain: type=1400 audit(0.0:13980): avc: denied { setattr } for name="download_file_types.pb" dev="dm-2" ino=58843 scontext=u:r:isolated_app:s0:c512,c768 tcontext=u:object_r:app_data_file:s0:c512,c768 tclass=file permissive=0
10-31 14:39:40.627  3407  3407 W CrUtilityMain: type=1400 audit(0.0:13981): avc: denied { setattr } for name="manifest.json" dev="dm-2" ino=58989 scontext=u:r:isolated_app:s0:c512,c768 tcontext=u:object_r:app_data_file:s0:c512,c768 tclass=file permissive=0
10-31 14:39:40.630  3407  3407 W CrUtilityMain: type=1400 audit(0.0:13982): avc: denied { setattr } for name="verified_contents.json" dev="dm-2" ino=59011 scontext=u:r:isolated_app:s0:c512,c768 tcontext=u:object_r:app_data_file:s0:c512,c768 tclass=file permissive=0
10-31 14:39:40.640  3394  3407 I chromium: [INFO:child_process_service.cc(69)] ChildProcessService: Exiting child process.
10-31 14:39:40.641   197   197 E lowmemorykiller: Error writing /proc/3394/oom_score_adj; errno=22
10-31 14:39:40.657   600   707 I ActivityManager: Process com.android.chrome:sandboxed_process29 (pid 3394) has died
10-31 14:39:40.657   600   707 D ActivityManager: cleanUpApplicationRecord -- 3394
10-31 14:39:40.658  2651  2651 W chromium: [WARNING:compositor_view.cc(315)] Child process died (type=6) pid=3394)
10-31 14:39:40.718   600  1081 I ActivityManager: Start proc 3412:com.android.chrome:sandboxed_process30/u0i156 for service com.android.chrome/org.chromium.content.app.SandboxedProcessService30
10-31 14:39:40.743  3412  3412 W boxed_process30: type=1400 audit(0.0:13983): avc: denied { getattr } for path="/data/data/com.android.chrome" dev="dm-2" ino=12190 scontext=u:r:isolated_app:s0:c512,c768 tcontext=u:object_r:app_data_file:s0:c512,c768 tclass=dir permissive=0
10-31 14:39:40.767  3412  3412 I cr_ChildProcessService: Creating new ChildProcessService pid=3412
10-31 14:39:40.800  3412  3425 I cr_LibraryLoader: Loaded native library version number "85.0.4183.127"
10-31 14:39:40.800  3412  3425 I cr_CachingUmaRecorder: Flushed 1 samples from 1 histograms.
10-31 14:39:40.810  3425  3425 W CrUtilityMain: type=1400 audit(0.0:13984): avc: denied { setattr } for name="safety_tips.pb" dev="dm-2" ino=58973 scontext=u:r:isolated_app:s0:c512,c768 tcontext=u:object_r:app_data_file:s0:c512,c768 tclass=file permissive=0
10-31 14:39:40.810  3425  3425 W CrUtilityMain: type=1400 audit(0.0:13985): avc: denied { setattr } for name="manifest.json" dev="dm-2" ino=58771 scontext=u:r:isolated_app:s0:c512,c768 tcontext=u:object_r:app_data_file:s0:c512,c768 tclass=file permissive=0
10-31 14:39:40.813  3425  3425 W CrUtilityMain: type=1400 audit(0.0:13986): avc: denied { setattr } for name="verified_contents.json" dev="dm-2" ino=58731 scontext=u:r:isolated_app:s0:c512,c768 tcontext=u:object_r:app_data_file:s0:c512,c768 tclass=file permissive=0
10-31 14:39:40.822  3412  3412 I cr_ChildProcessService: Destroying ChildProcessService pid=3412
10-31 14:39:40.823  3412  3425 I chromium: [INFO:child_process_service.cc(69)] ChildProcessService: Exiting child process.
10-31 14:39:40.837   600 10249 I ActivityManager: Process com.android.chrome:sandboxed_process30 (pid 3412) has died
10-31 14:39:40.837   600 10249 D ActivityManager: cleanUpApplicationRecord -- 3412
10-31 14:39:40.838  2651  2651 W chromium: [WARNING:compositor_view.cc(315)] Child process died (type=6) pid=3412)
10-31 14:39:41.138   600 13631 I ActivityManager: Start proc 3431:com.android.chrome:sandboxed_process31/u0i157 for service com.android.chrome/org.chromium.content.app.SandboxedProcessService31
10-31 14:39:41.220  3431  3431 W boxed_process31: type=1400 audit(0.0:13987): avc: denied { getattr } for path="/data/data/com.android.chrome" dev="dm-2" ino=12190 scontext=u:r:isolated_app:s0:c512,c768 tcontext=u:object_r:app_data_file:s0:c512,c768 tclass=dir permissive=0
10-31 14:39:41.245  3431  3431 I cr_ChildProcessService: Creating new ChildProcessService pid=3431
10-31 14:39:41.286  3431  3444 I cr_LibraryLoader: Loaded native library version number "85.0.4183.127"
10-31 14:39:41.287  3431  3444 I cr_CachingUmaRecorder: Flushed 1 samples from 1 histograms.
10-31 14:39:41.300  3444  3444 W CrUtilityMain: type=1400 audit(0.0:13988): avc: denied { setattr } for name=5072656C6F61642044617461 dev="dm-2" ino=58902 scontext=u:r:isolated_app:s0:c512,c768 tcontext=u:object_r:app_data_file:s0:c512,c768 tclass=file permissive=0
10-31 14:39:41.300  3444  3444 W CrUtilityMain: type=1400 audit(0.0:13989): avc: denied { setattr } for name="manifest.json" dev="dm-2" ino=59041 scontext=u:r:isolated_app:s0:c512,c768 tcontext=u:object_r:app_data_file:s0:c512,c768 tclass=file permissive=0
10-31 14:39:41.303  3444  3444 W CrUtilityMain: type=1400 audit(0.0:13990): avc: denied { setattr } for name="verified_contents.json" dev="dm-2" ino=58697 scontext=u:r:isolated_app:s0:c512,c768 tcontext=u:object_r:app_data_file:s0:c512,c768 tclass=file permissive=0
10-31 14:39:41.314  3431  3431 I cr_ChildProcessService: Destroying ChildProcessService pid=3431
10-31 14:39:41.315  3431  3444 I chromium: [INFO:child_process_service.cc(69)] ChildProcessService: Exiting child process.
10-31 14:39:41.340   600   707 I ActivityManager: Process com.android.chrome:sandboxed_process31 (pid 3431) has died
10-31 14:39:41.340   600   707 D ActivityManager: cleanUpApplicationRecord -- 3431
10-31 14:39:41.343  2651  2651 W chromium: [WARNING:compositor_view.cc(315)] Child process died (type=6) pid=3431)
10-31 14:39:41.880   600  1081 I ActivityManager: Start proc 3450:com.android.chrome:sandboxed_process32/u0i158 for service com.android.chrome/org.chromium.content.app.SandboxedProcessService32
10-31 14:39:41.937  3450  3450 W boxed_process32: type=1400 audit(0.0:13991): avc: denied { getattr } for path="/data/data/com.android.chrome" dev="dm-2" ino=12190 scontext=u:r:isolated_app:s0:c512,c768 tcontext=u:object_r:app_data_file:s0:c512,c768 tclass=dir permissive=0
10-31 14:39:41.969  3450  3450 I cr_ChildProcessService: Creating new ChildProcessService pid=3450
10-31 14:39:42.022  3450  3463 I cr_LibraryLoader: Loaded native library version number "85.0.4183.127"
10-31 14:39:42.023  3450  3463 I cr_CachingUmaRecorder: Flushed 1 samples from 1 histograms.
10-31 14:39:42.033  3463  3463 W CrUtilityMain: type=1400 audit(0.0:13992): avc: denied { setattr } for name="tls_deprecation_config.pb" dev="dm-2" ino=59185 scontext=u:r:isolated_app:s0:c512,c768 tcontext=u:object_r:app_data_file:s0:c512,c768 tclass=file permissive=0
10-31 14:39:42.033  3463  3463 W CrUtilityMain: type=1400 audit(0.0:13993): avc: denied { setattr } for name="manifest.json" dev="dm-2" ino=59487 scontext=u:r:isolated_app:s0:c512,c768 tcontext=u:object_r:app_data_file:s0:c512,c768 tclass=file permissive=0
10-31 14:39:42.033  3463  3463 W CrUtilityMain: type=1400 audit(0.0:13994): avc: denied { setattr } for name="verified_contents.json" dev="dm-2" ino=59287 scontext=u:r:isolated_app:s0:c512,c768 tcontext=u:object_r:app_data_file:s0:c512,c768 tclass=file permissive=0
10-31 14:39:42.044  3450  3463 I chromium: [INFO:child_process_service.cc(69)] ChildProcessService: Exiting child process.
10-31 14:39:42.045   197   197 E lowmemorykiller: Error writing /proc/3450/oom_score_adj; errno=22
10-31 14:39:42.072   600 16391 I ActivityManager: Process com.android.chrome:sandboxed_process32 (pid 3450) has died
10-31 14:39:42.072   600 16391 D ActivityManager: cleanUpApplicationRecord -- 3450
10-31 14:39:42.074  2651  2651 W chromium: [WARNING:compositor_view.cc(315)] Child process died (type=6) pid=3450)
10-31 14:39:42.300  3250  3250 D MonkeyStub: translateCommand: touch down 614 1561
10-31 14:39:42.317  3250  3250 D MonkeyStub: translateCommand: touch move 614 1561
10-31 14:39:42.431  3250  3250 D MonkeyStub: translateCommand: touch move 614 1436
10-31 14:39:42.542  3250  3250 D MonkeyStub: translateCommand: touch move 614 1311
10-31 14:39:42.652  3250  3250 D MonkeyStub: translateCommand: touch move 614 1186
10-31 14:39:42.761  3250  3250 D MonkeyStub: translateCommand: touch move 614 1061
10-31 14:39:42.815   600 29683 I ActivityManager: Start proc 3468:com.android.chrome:sandboxed_process33/u0i159 for service com.android.chrome/org.chromium.content.app.SandboxedProcessService33
10-31 14:39:42.847  3468  3468 W boxed_process33: type=1400 audit(0.0:13995): avc: denied { getattr } for path="/data/data/com.android.chrome" dev="dm-2" ino=12190 scontext=u:r:isolated_app:s0:c512,c768 tcontext=u:object_r:app_data_file:s0:c512,c768 tclass=dir permissive=0
10-31 14:39:42.869  3468  3468 I cr_ChildProcessService: Creating new ChildProcessService pid=3468
10-31 14:39:42.873  3250  3250 D MonkeyStub: translateCommand: touch move 614 937
10-31 14:39:42.920  3468  3481 I cr_LibraryLoader: Loaded native library version number "85.0.4183.127"
10-31 14:39:42.921  3468  3481 I cr_CachingUmaRecorder: Flushed 1 samples from 1 histograms.
10-31 14:39:42.933  3481  3481 W CrUtilityMain: type=1400 audit(0.0:13996): avc: denied { setattr } for name="ssl_error_assistant.pb" dev="dm-2" ino=59241 scontext=u:r:isolated_app:s0:c512,c768 tcontext=u:object_r:app_data_file:s0:c512,c768 tclass=file permissive=0
10-31 14:39:42.933  3481  3481 W CrUtilityMain: type=1400 audit(0.0:13997): avc: denied { setattr } for name="manifest.json" dev="dm-2" ino=59428 scontext=u:r:isolated_app:s0:c512,c768 tcontext=u:object_r:app_data_file:s0:c512,c768 tclass=file permissive=0
10-31 14:39:42.937  3481  3481 W CrUtilityMain: type=1400 audit(0.0:13998): avc: denied { setattr } for name="verified_contents.json" dev="dm-2" ino=59165 scontext=u:r:isolated_app:s0:c512,c768 tcontext=u:object_r:app_data_file:s0:c512,c768 tclass=file permissive=0
10-31 14:39:42.951  3468  3468 I cr_ChildProcessService: Destroying ChildProcessService pid=3468
10-31 14:39:42.952  3468  3481 I chromium: [INFO:child_process_service.cc(69)] ChildProcessService: Exiting child process.
10-31 14:39:42.967   600  6312 I ActivityManager: Process com.android.chrome:sandboxed_process33 (pid 3468) has died
10-31 14:39:42.967   600  6312 D ActivityManager: cleanUpApplicationRecord -- 3468
10-31 14:39:42.968  2651  2651 W chromium: [WARNING:compositor_view.cc(315)] Child process died (type=6) pid=3468)
10-31 14:39:42.979  3250  3250 D MonkeyStub: translateCommand: touch move 614 812
10-31 14:39:43.087  3250  3250 D MonkeyStub: translateCommand: touch move 614 687
10-31 14:39:43.195  3250  3250 D MonkeyStub: translateCommand: touch move 614 562
10-31 14:39:43.303  3250  3250 D MonkeyStub: translateCommand: touch move 614 437
10-31 14:39:43.414  3250  3250 D MonkeyStub: translateCommand: touch move 614 312
10-31 14:39:43.435  3250  3250 D MonkeyStub: translateCommand: touch up 614 312
10-31 14:39:43.461  3250  3250 D MonkeyStub: translateCommand: touch down 614 1561
10-31 14:39:43.470  3250  3250 D MonkeyStub: translateCommand: touch move 614 1561
10-31 14:39:43.579  3250  3250 D MonkeyStub: translateCommand: touch move 614 1436
10-31 14:39:43.688  3250  3250 D MonkeyStub: translateCommand: touch move 614 1311
10-31 14:39:43.800  3250  3250 D MonkeyStub: translateCommand: touch move 614 1186
10-31 14:39:43.909  3250  3250 D MonkeyStub: translateCommand: touch move 614 1061
10-31 14:39:44.016  3250  3250 D MonkeyStub: translateCommand: touch move 614 937
10-31 14:39:44.134  3250  3250 D MonkeyStub: translateCommand: touch move 614 812
10-31 14:39:44.239  3250  3250 D MonkeyStub: translateCommand: touch move 614 687
10-31 14:39:44.358  3250  3250 D MonkeyStub: translateCommand: touch move 614 562
10-31 14:39:44.465  3250  3250 D MonkeyStub: translateCommand: touch move 614 437
10-31 14:39:44.574  3250  3250 D MonkeyStub: translateCommand: touch move 614 312
