11-02 11:16:14.379  3950  4005 I MainThreadRunner: Running task [SchedulerApiWrapper onReceiveNewContent] on the Main Thread
11-02 11:16:14.393  3950  4005 I MainThreadRunner: Running task [FeedKnownContentImpl onNewContentReceived] on the Main Thread
11-02 11:16:14.397  3950  4005 I SessionManagerMutation: Cleared Head, new creation time 11-02 11:16:14.364
11-02 11:16:14.397  3950  4005 I TimingUtils: Task Timing  58ms, thread background-1 | task : sessionMutation.commitTask:updateConsumer | mutations : 33 | userInitiated : false
11-02 11:16:14.397  3950  4005 I TaskQueue: Cancelling starvation checks
11-02 11:16:14.397  3950  4005 I TaskQueue:  - Finished 5, time 58 ms
11-02 11:16:14.397  3950  4005 I TaskQueue: Execute task [USER_FACING - d: false, b: 2]: 24
11-02 11:16:14.408  3950  4005 I TimeoutSessionImpl: TimeoutSession.populateModelProvider, shouldAppend false
11-02 11:16:14.408  3950  4005 I SessionImpl: PopulateModelProvider 32 items
11-02 11:16:14.408  3950  4005 I FeedModelProvider: FeedModelProvider - committer, structure changes 31, update changes 0
11-02 11:16:14.408  3950  4005 I FeedModelProvider: SyntheticTokenTracker: 0, 11, 11, false
11-02 11:16:14.408  3950  4005 I FeedSessionManagerImpl: Caching getStreamFeatures - items 31, cache misses 0, cache size 31
11-02 11:16:14.409  3950  4005 I FeedModelProvider: Moving _session:d2ea75c3-c64f-4563-8f29-640075673177 to READY
11-02 11:16:14.409  3950  4005 I MainThreadRunner: Running task [FeedModelProvider onSessionStart] on the Main Thread
11-02 11:16:14.410  3950  3950 I FeedModelProvider: No children found for Cursor
11-02 11:16:14.414  3950  4005 I FeedModelProvider: ModelProvider Mutation committed - structure changes 31, childrenToBind 31, removedChildren false, Token false
11-02 11:16:14.418  3950  4005 I FeedSessionManagerImpl: Populate new session: _session:d2ea75c3-c64f-4563-8f29-640075673177, creation time 11-02 11:16:14.407
11-02 11:16:14.418  3950  4005 I TimingUtils: Task Timing  20ms, thread background-2 | task : Create/Populate New Session
11-02 11:16:14.418  3950  4005 I TaskQueue:  - Finished 24, time 21 ms
11-02 11:16:14.418  3950  4005 I TaskQueue: Execute task [BACKGROUND - d: false, b: 1]: 11
11-02 11:16:14.418  3950  4005 I ContentGc: Re-enqueuing triggerContentGc; attempts(0)
11-02 11:16:14.418  3950  4005 I TaskQueue:  - task [BACKGROUND - d: false, b: 1]: 11
11-02 11:16:14.418  3950  4005 I TaskQueue:  - Finished 11, time 0 ms
11-02 11:16:14.418  3950  4005 I TaskQueue: Execute task [BACKGROUND - d: false, b: 1]: 23
11-02 11:16:14.440  4417  4456 I cr_LibraryLoader: Loaded native library version number "85.0.4183.127"
11-02 11:16:14.441  4417  4456 I cr_CachingUmaRecorder: Flushed 1 samples from 1 histograms.
11-02 11:16:14.480   601   614 I ActivityManager: Killing 4394:com.android.chrome:sandboxed_process19/u0a35i278 (adj 0): isolated not needed
11-02 11:16:14.480   601   614 I ActivityManager: Killing 4354:com.android.chrome:sandboxed_process17/u0a35i276 (adj 0): isolated not needed
11-02 11:16:14.480   601   614 I ActivityManager: Killing 4372:com.android.chrome:sandboxed_process18/u0a35i277 (adj 0): isolated not needed
11-02 11:16:14.556  3950  4005 I TimingUtils: Task Timing 137ms, thread background-3 | task : commitContentMutation | mutations : 32
11-02 11:16:14.557  3950  4005 I TimingUtils: Task Timing   0ms, thread background-4 | task : commitSemanticPropertiesMutation | mutations : 0
11-02 11:16:14.557  3950  4005 I TaskQueue:  - Finished 23, time 139 ms
11-02 11:16:14.557  3950  4005 I TaskQueue: Execute task [BACKGROUND - d: false, b: 0]: 11
11-02 11:16:14.559  3950  4005 I SessionCache: Determining accessible content
11-02 11:16:14.561  3950  4005 I TimingUtils: Task Timing   3ms, thread background-5 | task : ContentGc | contentItemsRemoved : 0
11-02 11:16:14.561  3950  4005 I TaskQueue:  - Finished 11, time 4 ms
11-02 11:16:14.581  3950  4010 W chromium: [WARNING:spdy_session.cc(3090)] Received RST for invalid stream1
11-02 11:16:14.616   601   832 D ActivityManager: cleanUpApplicationRecord -- 4109
11-02 11:16:14.627  3950  3950 W chromium: [WARNING:compositor_view.cc(315)] Child process died (type=6) pid=4109)
11-02 11:16:14.634  3950  3950 W chromium: [WARNING:compositor_view.cc(315)] Child process died (type=6) pid=4087)
11-02 11:16:14.680   601 10729 D ActivityManager: cleanUpApplicationRecord -- 4177
11-02 11:16:14.720  3950  3950 W chromium: [WARNING:compositor_view.cc(315)] Child process died (type=6) pid=4177)
11-02 11:16:14.836  3950  3950 W chromium: [WARNING:compositor_view.cc(315)] Child process died (type=6) pid=4163)
11-02 11:16:14.854   601   612 D ActivityManager: cleanUpApplicationRecord -- 4394
11-02 11:16:14.859  3950  3950 W chromium: [WARNING:compositor_view.cc(315)] Child process died (type=6) pid=4394)
11-02 11:16:15.229  4373  4373 I dex2oat : dex2oat took 1.695s (threads: 2) arena alloc=771KB (790272B) java alloc=108KB (111072B) native alloc=559KB (573248B) free=1488KB (1523904B)
11-02 11:16:15.260  3950  3960 I art     : Background partial concurrent mark sweep GC freed 29913(1629KB) AllocSpace objects, 24(5MB) LOS objects, 39% free, 9MB/16MB, paused 636us total 121.154ms
11-02 11:16:16.169  3950  3950 I cr_tabmodel: Appending tabs being restored to metadata lists, 0, startingNormalCount: 2, startingIncognitoCount: 0
11-02 11:16:16.169  3950  3950 I cr_tabmodel: Serializing tab lists; counts: 2, 0
11-02 11:16:16.288 23975 30954 W Icing   : No valid account for uploading user actions
11-02 11:16:16.368 23975 24437 I Icing   : IndexChimeraService.getServiceInterface callingPackage=com.google.android.gms componentName=null serviceId=30
11-02 11:16:16.497   601   660 D ActivityManager: cleanUpApplicationRecord -- 4308
11-02 11:16:16.512  3950  3950 W chromium: [WARNING:compositor_view.cc(315)] Child process died (type=6) pid=4308)
11-02 11:16:16.515   601  4262 D ActivityManager: cleanUpApplicationRecord -- 4341
11-02 11:16:16.524   601  7042 D ActivityManager: cleanUpApplicationRecord -- 4372
11-02 11:16:16.529   601  4276 D ActivityManager: cleanUpApplicationRecord -- 4316
11-02 11:16:16.529  3950  3950 W chromium: [WARNING:compositor_view.cc(315)] Child process died (type=6) pid=4341)
11-02 11:16:16.530  3950  3950 W chromium: [WARNING:compositor_view.cc(315)] Child process died (type=6) pid=4316)
11-02 11:16:16.530  3950  3950 W chromium: [WARNING:compositor_view.cc(315)] Child process died (type=6) pid=4372)
11-02 11:16:16.540   785   798 W Icing   : isOptedInForAppHistory: empty Account Name encountered
11-02 11:16:16.549   601 12691 D ActivityManager: cleanUpApplicationRecord -- 4296
11-02 11:16:16.555   785   798 W Icing   : isOptedInForAppHistory: empty Account Name encountered
11-02 11:16:16.580   601   660 D ActivityManager: cleanUpApplicationRecord -- 4354
11-02 11:16:16.585   601 17045 D ActivityManager: cleanUpApplicationRecord -- 4261
11-02 11:16:16.613   785 23343 W Icing   : isOptedInForAppHistory: empty Account Name encountered
11-02 11:16:16.639 23975 30954 E native  : document-store.cc:1328 Failed to update per-doc-data with usage report
11-02 11:16:16.639 23975 30954 E native  : document-store.cc:1328 Failed to update per-doc-data with usage report
11-02 11:16:16.639 23975 30954 E native  : document-store.cc:1328 Failed to update per-doc-data with usage report
11-02 11:16:16.640 23975 30954 E native  : document-store.cc:1328 Failed to update per-doc-data with usage report
11-02 11:16:16.649  3950  3950 W chromium: [WARNING:compositor_view.cc(315)] Child process died (type=6) pid=4354)
11-02 11:16:16.649  3950  3950 W chromium: [WARNING:compositor_view.cc(315)] Child process died (type=6) pid=4261)
11-02 11:16:16.649  3950  3950 W chromium: [WARNING:compositor_view.cc(315)] Child process died (type=6) pid=4296)
11-02 11:16:16.708 23975 30954 I Icing   : Usage reports ok 2, Failed Usage reports 4, indexed 0, rejected 0
11-02 11:16:16.708 23975 30954 I Icing   : Removing corpus key com.android.chrome-omnibox for package com.android.chrome
11-02 11:16:16.755  3950  4000 I cr_omaha: Request to Server Successful. Timestamp for next request:1667387776755
11-02 11:16:16.785  3950  4000 I cr_omaha: Request to Server Successful. Timestamp for next request:1667387776785
11-02 11:16:16.785  3950  4000 I cr_omaha: Attempting to schedule next job for: Wed Nov 02 16:16:16 GMT+01:00 2022
11-02 11:16:16.787  3950  3950 I cr_omaha: Scheduled using JobService
11-02 11:16:16.788  3950  3950 E cr_BkgrdTaskJS: Tried finishing non-current BackgroundTask.
11-02 11:16:16.830 23975 30954 I native  : document-store.cc:1654 Scored 3224 usage reports, missing_corpora 1772 update_failed 1
11-02 11:16:16.925 23975 30954 W Icing   : No valid account for uploading user actions
11-02 11:16:16.982 23975 30954 I Icing   : Usage reports ok 1, Failed Usage reports 0, indexed 1, rejected 0
11-02 11:16:16.984 23975 30954 W Icing   : No valid account for uploading user actions
11-02 11:16:16.991 23975 30954 I Icing   : Usage reports ok 0, Failed Usage reports 0, indexed 0, rejected 0
11-02 11:16:16.992 23975 30954 I Icing   : Indexing com.android.chrome-omnibox from com.android.chrome
11-02 11:16:17.070 23975 30954 I Icing   : Indexing done com.android.chrome-omnibox
11-02 11:16:17.564  3950  3950 E cr_BTSPrefs: No data found for task id: 53
11-02 11:16:17.566  3950  3950 E cr_BkgrdTaskScheduler: Task cannot be canceled because no data was found instorage or data was invalid
11-02 11:16:22.007  3950  3950 E cr_BTSPrefs: No data found for task id: 57
11-02 11:16:22.008  3950  3950 E cr_BkgrdTaskScheduler: Task cannot be canceled because no data was found instorage or data was invalid
11-02 11:16:22.011  3950  3950 E cr_BTSPrefs: No data found for task id: 56
11-02 11:16:22.011  3950  3950 E cr_BkgrdTaskScheduler: Task cannot be canceled because no data was found instorage or data was invalid
11-02 11:16:27.294  4497  4497 D AndroidRuntime: >>>>>> START com.android.internal.os.RuntimeInit uid 2000 <<<<<<
11-02 11:16:27.298  4497  4497 D AndroidRuntime: CheckJNI is OFF
11-02 11:16:27.366  4497  4497 D ICU     : No timezone override file found: /data/misc/zoneinfo/current/icu/icu_tzdata.dat
11-02 11:16:27.398  4497  4497 I Radio-JNI: register_android_hardware_Radio DONE
11-02 11:16:27.413  4497  4497 D AndroidRuntime: Calling main entry com.android.commands.monkey.Monkey
11-02 11:16:27.479   601   614 W BroadcastQueue: Skipping deliver [background] BroadcastRecord{63ef76b u-1 android.net.conn.CONNECTIVITY_CHANGE} to ReceiverList{ff422c8 4497 (unknown name)/2000/u-1 remote:2b699e5}: process crashing
11-02 11:16:28.783  4497  4497 D MonkeyStub: translateCommand: wake
11-02 11:16:28.901  4497  4497 D MonkeyStub: translateCommand: tap 1156 1096
11-02 11:16:30.954  4497  4497 D MonkeyStub: translateCommand: tap 259 298
11-02 11:16:33.031  4497  4497 D MonkeyStub: translateCommand: tap 777 567
11-02 11:16:35.276  4497  4497 D MonkeyStub: translateCommand: tap 168 1070
11-02 11:16:35.547   785  1162 E AsyncOperation: serviceID=121, operation=GetLaunchDataOperation [CONTEXT service_id=259 ]
11-02 11:16:35.547   785  1162 E AsyncOperation: OperationException[Status{statusCode=Not an instant app, resolution=null}]
11-02 11:16:35.547   785  1162 E AsyncOperation: 	at aeay.a(:com.google.android.gms@203915020@20.39.15 (040406-335085812):20)
11-02 11:16:35.547   785  1162 E AsyncOperation: 	at aain.run(:com.google.android.gms@203915020@20.39.15 (040406-335085812):7)
11-02 11:16:35.547   785  1162 E AsyncOperation: 	at boex.run(:com.google.android.gms@203915020@20.39.15 (040406-335085812):2)
11-02 11:16:35.547   785  1162 E AsyncOperation: 	at sup.b(:com.google.android.gms@203915020@20.39.15 (040406-335085812):12)
11-02 11:16:35.547   785  1162 E AsyncOperation: 	at sup.run(:com.google.android.gms@203915020@20.39.15 (040406-335085812):7)
11-02 11:16:35.547   785  1162 E AsyncOperation: 	at java.util.concurrent.ThreadPoolExecutor.runWorker(ThreadPoolExecutor.java:1133)
11-02 11:16:35.547   785  1162 E AsyncOperation: 	at java.util.concurrent.ThreadPoolExecutor$Worker.run(ThreadPoolExecutor.java:607)
11-02 11:16:35.547   785  1162 E AsyncOperation: 	at tam.run(:com.google.android.gms@203915020@20.39.15 (040406-335085812):0)
11-02 11:16:35.547   785  1162 E AsyncOperation: 	at java.lang.Thread.run(Thread.java:761)
11-02 11:16:36.053   785   798 W Icing   : isOptedInForAppHistory: empty Account Name encountered
11-02 11:16:36.062   785   798 W Icing   : isOptedInForAppHistory: empty Account Name encountered
11-02 11:16:36.095   785   363 W Icing   : isOptedInForAppHistory: empty Account Name encountered
11-02 11:16:36.192  3950  3950 I cr_tabmodel: Appending tabs being restored to metadata lists, 0, startingNormalCount: 2, startingIncognitoCount: 0
11-02 11:16:36.192  3950  3950 I cr_tabmodel: Serializing tab lists; counts: 2, 0
11-02 11:16:43.326  4497  4497 D MonkeyStub: translateCommand: touch down 614 1561
11-02 11:16:43.343  4497  4497 D MonkeyStub: translateCommand: touch move 614 1561
11-02 11:16:43.464  4497  4497 D MonkeyStub: translateCommand: touch move 614 1436
11-02 11:16:43.596  4497  4497 D MonkeyStub: translateCommand: touch move 614 1311
11-02 11:16:43.717  4497  4497 D MonkeyStub: translateCommand: touch move 614 1186
11-02 11:16:43.827  4497  4497 D MonkeyStub: translateCommand: touch move 614 1061
11-02 11:16:43.945  4497  4497 D MonkeyStub: translateCommand: touch move 614 937
11-02 11:16:44.054  4497  4497 D MonkeyStub: translateCommand: touch move 614 812
11-02 11:16:44.163  4497  4497 D MonkeyStub: translateCommand: touch move 614 687
11-02 11:16:44.273  4497  4497 D MonkeyStub: translateCommand: touch move 614 562
11-02 11:16:44.385  4497  4497 D MonkeyStub: translateCommand: touch move 614 437
11-02 11:16:44.490  4497  4497 D MonkeyStub: translateCommand: touch move 614 312
11-02 11:16:44.495  4497  4497 D MonkeyStub: translateCommand: touch up 614 312
11-02 11:16:44.549  4497  4497 D MonkeyStub: translateCommand: touch down 614 1561
11-02 11:16:44.558  4497  4497 D MonkeyStub: translateCommand: touch move 614 1561
11-02 11:16:44.667  4497  4497 D MonkeyStub: translateCommand: touch move 614 1436
11-02 11:16:44.736 23975 24437 I Icing   : IndexChimeraService.getServiceInterface callingPackage=com.android.chrome componentName=null serviceId=36
11-02 11:16:44.745 23975 30954 W Icing   : No valid account for uploading user actions
11-02 11:16:44.760 23975 24437 I Icing   : IndexChimeraService.getServiceInterface callingPackage=com.google.android.gms componentName=null serviceId=30
11-02 11:16:44.775  4497  4497 D MonkeyStub: translateCommand: touch move 614 1311
11-02 11:16:44.785 23975 30954 I Icing   : Usage reports ok 1, Failed Usage reports 0, indexed 1, rejected 0
11-02 11:16:44.789 23975 30954 W Icing   : No valid account for uploading user actions
11-02 11:16:44.812 23975 30954 I Icing   : Usage reports ok 0, Failed Usage reports 0, indexed 0, rejected 0
11-02 11:16:44.815 23975 30954 I Icing   : Indexing com.android.chrome-omnibox from com.android.chrome
11-02 11:16:44.855 23975  4479 I Icing   : Indexing done com.android.chrome-omnibox
11-02 11:16:44.882  4497  4497 D MonkeyStub: translateCommand: touch move 614 1186
11-02 11:16:44.992  4497  4497 D MonkeyStub: translateCommand: touch move 614 1061
11-02 11:16:45.103  4497  4497 D MonkeyStub: translateCommand: touch move 614 937
11-02 11:16:45.216  4497  4497 D MonkeyStub: translateCommand: touch move 614 812
11-02 11:16:45.322  4497  4497 D MonkeyStub: translateCommand: touch move 614 687
11-02 11:16:45.437  4497  4497 D MonkeyStub: translateCommand: touch move 614 562
11-02 11:16:45.572  4497  4497 D MonkeyStub: translateCommand: touch move 614 437
11-02 11:16:45.709  4497  4497 D MonkeyStub: translateCommand: touch move 614 312
11-02 11:16:45.718  4497  4497 D MonkeyStub: translateCommand: touch up 614 312
11-02 11:16:45.833   785  1706 W Icing   : isOptedInForAppHistory: empty Account Name encountered
11-02 11:16:45.841   785  3800 W Icing   : isOptedInForAppHistory: empty Account Name encountered
11-02 11:16:49.821  4497  4497 D MonkeyStub: translateCommand: touch down 614 1561
11-02 11:16:49.836  4497  4497 D MonkeyStub: translateCommand: touch move 614 1561
11-02 11:16:49.944  4497  4497 D MonkeyStub: translateCommand: touch move 614 1436
11-02 11:16:50.070  4497  4497 D MonkeyStub: translateCommand: touch move 614 1311
11-02 11:16:50.176  4497  4497 D MonkeyStub: translateCommand: touch move 614 1186
11-02 11:16:50.301  4497  4497 D MonkeyStub: translateCommand: touch move 614 1061
11-02 11:16:50.407  4497  4497 D MonkeyStub: translateCommand: touch move 614 937
11-02 11:16:50.516  4497  4497 D MonkeyStub: translateCommand: touch move 614 812
11-02 11:16:50.626  4497  4497 D MonkeyStub: translateCommand: touch move 614 687
11-02 11:16:50.738  4497  4497 D MonkeyStub: translateCommand: touch move 614 562
11-02 11:16:50.843  4497  4497 D MonkeyStub: translateCommand: touch move 614 437
11-02 11:16:50.957  4497  4497 D MonkeyStub: translateCommand: touch move 614 312
11-02 11:16:50.961  4497  4497 D MonkeyStub: translateCommand: touch up 614 312
11-02 11:16:52.688   601  3864 I ActivityManager: Start proc 4547:com.android.chrome:sandboxed_process21/u0i280 for service com.android.chrome/org.chromium.content.app.SandboxedProcessService21
11-02 11:16:52.730  4547  4547 W boxed_process21: type=1400 audit(0.0:2120): avc: denied { getattr } for path="/data/data/com.android.chrome" dev="dm-2" ino=12190 scontext=u:r:isolated_app:s0:c512,c768 tcontext=u:object_r:app_data_file:s0:c512,c768 tclass=dir permissive=0
11-02 11:16:52.754  4547  4547 I cr_ChildProcessService: Creating new ChildProcessService pid=4547
11-02 11:16:52.797  4547  4560 I cr_LibraryLoader: Loaded native library version number "85.0.4183.127"
11-02 11:16:52.798  4547  4560 I cr_CachingUmaRecorder: Flushed 1 samples from 1 histograms.
11-02 11:16:52.807  4560  4560 W CrUtilityMain: type=1400 audit(0.0:2121): avc: denied { setattr } for name="LICENSE.txt" dev="dm-2" ino=60906 scontext=u:r:isolated_app:s0:c512,c768 tcontext=u:object_r:app_data_file:s0:c512,c768 tclass=file permissive=0
11-02 11:16:52.810  4560  4560 W CrUtilityMain: type=1400 audit(0.0:2122): avc: denied { setattr } for name=46696C746572696E672052756C6573 dev="dm-2" ino=60832 scontext=u:r:isolated_app:s0:c512,c768 tcontext=u:object_r:app_data_file:s0:c512,c768 tclass=file permissive=0
11-02 11:16:52.810  4560  4560 W CrUtilityMain: type=1400 audit(0.0:2123): avc: denied { setattr } for name="manifest.json" dev="dm-2" ino=60576 scontext=u:r:isolated_app:s0:c512,c768 tcontext=u:object_r:app_data_file:s0:c512,c768 tclass=file permissive=0
11-02 11:16:52.814  4560  4560 W CrUtilityMain: type=1400 audit(0.0:2124): avc: denied { setattr } for name="verified_contents.json" dev="dm-2" ino=60534 scontext=u:r:isolated_app:s0:c512,c768 tcontext=u:object_r:app_data_file:s0:c512,c768 tclass=file permissive=0
11-02 11:16:52.824  4547  4547 I cr_ChildProcessService: Destroying ChildProcessService pid=4547
11-02 11:16:52.824  4547  4560 I chromium: [INFO:child_process_service.cc(69)] ChildProcessService: Exiting child process.
11-02 11:16:52.843   601 17045 I ActivityManager: Process com.android.chrome:sandboxed_process21 (pid 4547) has died
11-02 11:16:52.843   601 17045 D ActivityManager: cleanUpApplicationRecord -- 4547
11-02 11:16:52.854  3950  3950 W chromium: [WARNING:compositor_view.cc(315)] Child process died (type=6) pid=4547)
11-02 11:16:53.086  4497  4497 D MonkeyStub: translateCommand: tap 278 93
11-02 11:16:53.290   785  1162 E AsyncOperation: serviceID=121, operation=GetLaunchDataOperation [CONTEXT service_id=259 ]
11-02 11:16:53.290   785  1162 E AsyncOperation: OperationException[Status{statusCode=Not an instant app, resolution=null}]
11-02 11:16:53.290   785  1162 E AsyncOperation: 	at aeay.a(:com.google.android.gms@203915020@20.39.15 (040406-335085812):20)
11-02 11:16:53.290   785  1162 E AsyncOperation: 	at aain.run(:com.google.android.gms@203915020@20.39.15 (040406-335085812):7)
11-02 11:16:53.290   785  1162 E AsyncOperation: 	at boex.run(:com.google.android.gms@203915020@20.39.15 (040406-335085812):2)
11-02 11:16:53.290   785  1162 E AsyncOperation: 	at sup.b(:com.google.android.gms@203915020@20.39.15 (040406-335085812):12)
11-02 11:16:53.290   785  1162 E AsyncOperation: 	at sup.run(:com.google.android.gms@203915020@20.39.15 (040406-335085812):7)
11-02 11:16:53.290   785  1162 E AsyncOperation: 	at java.util.concurrent.ThreadPoolExecutor.runWorker(ThreadPoolExecutor.java:1133)
11-02 11:16:53.290   785  1162 E AsyncOperation: 	at java.util.concurrent.ThreadPoolExecutor$Worker.run(ThreadPoolExecutor.java:607)
11-02 11:16:53.290   785  1162 E AsyncOperation: 	at tam.run(:com.google.android.gms@203915020@20.39.15 (040406-335085812):0)
11-02 11:16:53.290   785  1162 E AsyncOperation: 	at java.lang.Thread.run(Thread.java:761)
11-02 11:16:53.479   601   660 I ActivityManager: Start proc 4566:com.android.chrome:sandboxed_process22/u0i281 for service com.android.chrome/org.chromium.content.app.SandboxedProcessService22
11-02 11:16:53.584  4566  4566 W boxed_process22: type=1400 audit(0.0:2125): avc: denied { getattr } for path="/data/data/com.android.chrome" dev="dm-2" ino=12190 scontext=u:r:isolated_app:s0:c512,c768 tcontext=u:object_r:app_data_file:s0:c512,c768 tclass=dir permissive=0
11-02 11:16:53.642  4566  4566 I cr_ChildProcessService: Creating new ChildProcessService pid=4566
11-02 11:16:53.701  4566  4579 I cr_LibraryLoader: Loaded native library version number "85.0.4183.127"
11-02 11:16:53.704  4566  4579 I cr_CachingUmaRecorder: Flushed 1 samples from 1 histograms.
11-02 11:16:53.740  4579  4579 W CrUtilityMain: type=1400 audit(0.0:2126): avc: denied { setattr } for name="tl_en-us_2022-10-26_484799359_100000_index.bin" dev="dm-2" ino=60821 scontext=u:r:isolated_app:s0:c512,c768 tcontext=u:object_r:app_data_file:s0:c512,c768 tclass=file permissive=0
11-02 11:16:53.744  4579  4579 W CrUtilityMain: type=1400 audit(0.0:2127): avc: denied { setattr } for name="manifest.json" dev="dm-2" ino=60954 scontext=u:r:isolated_app:s0:c512,c768 tcontext=u:object_r:app_data_file:s0:c512,c768 tclass=file permissive=0
11-02 11:16:53.747  4579  4579 W CrUtilityMain: type=1400 audit(0.0:2128): avc: denied { setattr } for name="verified_contents.json" dev="dm-2" ino=60718 scontext=u:r:isolated_app:s0:c512,c768 tcontext=u:object_r:app_data_file:s0:c512,c768 tclass=file permissive=0
11-02 11:16:53.758  4566  4566 I cr_ChildProcessService: Destroying ChildProcessService pid=4566
11-02 11:16:53.761  4566  4579 I chromium: [INFO:child_process_service.cc(69)] ChildProcessService: Exiting child process.
11-02 11:16:53.788   601 12301 I ActivityManager: Process com.android.chrome:sandboxed_process22 (pid 4566) has died
11-02 11:16:53.789   601 12301 D ActivityManager: cleanUpApplicationRecord -- 4566
11-02 11:16:53.810  3950  3950 W chromium: [WARNING:compositor_view.cc(315)] Child process died (type=6) pid=4566)
11-02 11:16:53.918   785  1706 W Icing   : isOptedInForAppHistory: empty Account Name encountered
11-02 11:16:53.927   785  1706 W Icing   : isOptedInForAppHistory: empty Account Name encountered
11-02 11:16:53.989   196   196 E SELinux : avc:  denied  { find } for service=netd pid=4587 uid=2000 scontext=u:r:shell:s0 tcontext=u:object_r:netd_service:s0 tclass=service_manager permissive=0
11-02 11:16:53.992   196   196 E SELinux : avc:  denied  { find } for service=android.service.gatekeeper.IGateKeeperService pid=4587 uid=2000 scontext=u:r:shell:s0 tcontext=u:object_r:gatekeeper_service:s0 tclass=service_manager permissive=0
11-02 11:16:54.007   785   363 W Icing   : isOptedInForAppHistory: empty Account Name encountered
11-02 11:16:54.435  3950  3950 I cr_tabmodel: Appending tabs being restored to metadata lists, 0, startingNormalCount: 2, startingIncognitoCount: 0
11-02 11:16:54.435  3950  3950 I cr_tabmodel: Serializing tab lists; counts: 2, 0
11-02 11:16:54.797   601   832 I ActivityManager: Start proc 4588:com.android.chrome:sandboxed_process23/u0i282 for service com.android.chrome/org.chromium.content.app.SandboxedProcessService23
11-02 11:16:54.874  4588  4588 W boxed_process23: type=1400 audit(0.0:2129): avc: denied { getattr } for path="/data/data/com.android.chrome" dev="dm-2" ino=12190 scontext=u:r:isolated_app:s0:c512,c768 tcontext=u:object_r:app_data_file:s0:c512,c768 tclass=dir permissive=0
11-02 11:16:54.896  4588  4588 I cr_ChildProcessService: Creating new ChildProcessService pid=4588
11-02 11:16:54.943  4588  4601 I cr_LibraryLoader: Loaded native library version number "85.0.4183.127"
11-02 11:16:54.943  4588  4601 I cr_CachingUmaRecorder: Flushed 1 samples from 1 histograms.
11-02 11:16:54.957  4601  4601 W CrUtilityMain: type=1400 audit(0.0:2130): avc: denied { setattr } for name="manifest.json" dev="dm-2" ino=61175 scontext=u:r:isolated_app:s0:c512,c768 tcontext=u:object_r:app_data_file:s0:c512,c768 tclass=file permissive=0
11-02 11:16:54.957  4601  4601 W CrUtilityMain: type=1400 audit(0.0:2131): avc: denied { setattr } for name="verified_contents.json" dev="dm-2" ino=61063 scontext=u:r:isolated_app:s0:c512,c768 tcontext=u:object_r:app_data_file:s0:c512,c768 tclass=file permissive=0
11-02 11:16:54.965  4588  4601 I chromium: [INFO:child_process_service.cc(69)] ChildProcessService: Exiting child process.
11-02 11:16:54.966   195   195 E lowmemorykiller: Error writing /proc/4588/oom_score_adj; errno=22
11-02 11:16:54.980   601 17045 I ActivityManager: Process com.android.chrome:sandboxed_process23 (pid 4588) has died
11-02 11:16:54.980   601 17045 D ActivityManager: cleanUpApplicationRecord -- 4588
11-02 11:16:54.983  3950  3950 W chromium: [WARNING:compositor_view.cc(315)] Child process died (type=6) pid=4588)
11-02 11:16:56.262   601 12691 I ActivityManager: Start proc 4606:com.android.chrome:sandboxed_process24/u0i283 for service com.android.chrome/org.chromium.content.app.SandboxedProcessService24
11-02 11:16:56.337  4606  4606 W boxed_process24: type=1400 audit(0.0:2132): avc: denied { getattr } for path="/data/data/com.android.chrome" dev="dm-2" ino=12190 scontext=u:r:isolated_app:s0:c512,c768 tcontext=u:object_r:app_data_file:s0:c512,c768 tclass=dir permissive=0
11-02 11:16:56.377  4606  4606 I cr_ChildProcessService: Creating new ChildProcessService pid=4606
11-02 11:16:56.438  4606  4619 I cr_LibraryLoader: Loaded native library version number "85.0.4183.127"
11-02 11:16:56.438  4606  4619 I cr_CachingUmaRecorder: Flushed 1 samples from 1 histograms.
11-02 11:16:56.447  4619  4619 W CrUtilityMain: type=1400 audit(0.0:2133): avc: denied { setattr } for name="download_file_types.pb" dev="dm-2" ino=61327 scontext=u:r:isolated_app:s0:c512,c768 tcontext=u:object_r:app_data_file:s0:c512,c768 tclass=file permissive=0
11-02 11:16:56.447  4619  4619 W CrUtilityMain: type=1400 audit(0.0:2134): avc: denied { setattr } for name="manifest.json" dev="dm-2" ino=61361 scontext=u:r:isolated_app:s0:c512,c768 tcontext=u:object_r:app_data_file:s0:c512,c768 tclass=file permissive=0
11-02 11:16:56.450  4619  4619 W CrUtilityMain: type=1400 audit(0.0:2135): avc: denied { setattr } for name="verified_contents.json" dev="dm-2" ino=61255 scontext=u:r:isolated_app:s0:c512,c768 tcontext=u:object_r:app_data_file:s0:c512,c768 tclass=file permissive=0
11-02 11:16:56.461  4606  4619 I chromium: [INFO:child_process_service.cc(69)] ChildProcessService: Exiting child process.
11-02 11:16:56.490   601 12691 I ActivityManager: Process com.android.chrome:sandboxed_process24 (pid 4606) has died
11-02 11:16:56.490   601 12691 D ActivityManager: cleanUpApplicationRecord -- 4606
11-02 11:16:56.492  3950  3950 W chromium: [WARNING:compositor_view.cc(315)] Child process died (type=6) pid=4606)
11-02 11:16:58.034   601 15862 I ActivityManager: Start proc 4623:com.android.chrome:sandboxed_process25/u0i284 for service com.android.chrome/org.chromium.content.app.SandboxedProcessService25
11-02 11:16:58.100  4623  4623 W boxed_process25: type=1400 audit(0.0:2136): avc: denied { getattr } for path="/data/data/com.android.chrome" dev="dm-2" ino=12190 scontext=u:r:isolated_app:s0:c512,c768 tcontext=u:object_r:app_data_file:s0:c512,c768 tclass=dir permissive=0
11-02 11:16:58.133  4623  4623 I cr_ChildProcessService: Creating new ChildProcessService pid=4623
11-02 11:16:58.203  4623  4636 I cr_LibraryLoader: Loaded native library version number "85.0.4183.127"
11-02 11:16:58.204  4623  4636 I cr_CachingUmaRecorder: Flushed 1 samples from 1 histograms.
11-02 11:16:58.217  4636  4636 W CrUtilityMain: type=1400 audit(0.0:2137): avc: denied { setattr } for name="ssl_error_assistant.pb" dev="dm-2" ino=61334 scontext=u:r:isolated_app:s0:c512,c768 tcontext=u:object_r:app_data_file:s0:c512,c768 tclass=file permissive=0
11-02 11:16:58.217  4636  4636 W CrUtilityMain: type=1400 audit(0.0:2138): avc: denied { setattr } for name="manifest.json" dev="dm-2" ino=61379 scontext=u:r:isolated_app:s0:c512,c768 tcontext=u:object_r:app_data_file:s0:c512,c768 tclass=file permissive=0
11-02 11:16:58.220  4636  4636 W CrUtilityMain: type=1400 audit(0.0:2139): avc: denied { setattr } for name="verified_contents.json" dev="dm-2" ino=61244 scontext=u:r:isolated_app:s0:c512,c768 tcontext=u:object_r:app_data_file:s0:c512,c768 tclass=file permissive=0
11-02 11:16:58.227  4623  4636 I chromium: [INFO:child_process_service.cc(69)] ChildProcessService: Exiting child process.
11-02 11:16:58.228   195   195 E lowmemorykiller: Error writing /proc/4623/oom_score_adj; errno=22
11-02 11:16:58.254  3950  3950 W chromium: [WARNING:compositor_view.cc(315)] Child process died (type=6) pid=4623)
11-02 11:16:58.254   601 15862 I ActivityManager: Process com.android.chrome:sandboxed_process25 (pid 4623) has died
11-02 11:16:58.254   601 15862 D ActivityManager: cleanUpApplicationRecord -- 4623
11-02 11:17:00.137   601  3864 I ActivityManager: Start proc 4640:com.android.chrome:sandboxed_process26/u0i285 for service com.android.chrome/org.chromium.content.app.SandboxedProcessService26
11-02 11:17:00.194  4640  4640 W boxed_process26: type=1400 audit(0.0:2140): avc: denied { getattr } for path="/data/data/com.android.chrome" dev="dm-2" ino=12190 scontext=u:r:isolated_app:s0:c512,c768 tcontext=u:object_r:app_data_file:s0:c512,c768 tclass=dir permissive=0
11-02 11:17:00.215  4640  4640 I cr_ChildProcessService: Creating new ChildProcessService pid=4640
11-02 11:17:00.257  4640  4653 I cr_LibraryLoader: Loaded native library version number "85.0.4183.127"
11-02 11:17:00.257  4640  4653 I cr_CachingUmaRecorder: Flushed 1 samples from 1 histograms.
11-02 11:17:00.270  4653  4653 W CrUtilityMain: type=1400 audit(0.0:2141): avc: denied { setattr } for name="safety_tips.pb" dev="dm-2" ino=61781 scontext=u:r:isolated_app:s0:c512,c768 tcontext=u:object_r:app_data_file:s0:c512,c768 tclass=file permissive=0
11-02 11:17:00.270  4653  4653 W CrUtilityMain: type=1400 audit(0.0:2142): avc: denied { setattr } for name="manifest.json" dev="dm-2" ino=61798 scontext=u:r:isolated_app:s0:c512,c768 tcontext=u:object_r:app_data_file:s0:c512,c768 tclass=file permissive=0
11-02 11:17:00.274  4653  4653 W CrUtilityMain: type=1400 audit(0.0:2143): avc: denied { setattr } for name="verified_contents.json" dev="dm-2" ino=61604 scontext=u:r:isolated_app:s0:c512,c768 tcontext=u:object_r:app_data_file:s0:c512,c768 tclass=file permissive=0
11-02 11:17:00.287  4640  4653 I chromium: [INFO:child_process_service.cc(69)] ChildProcessService: Exiting child process.
11-02 11:17:00.306   601   819 I ActivityManager: Process com.android.chrome:sandboxed_process26 (pid 4640) has died
11-02 11:17:00.306   601   819 D ActivityManager: cleanUpApplicationRecord -- 4640
11-02 11:17:00.307  3950  3950 W chromium: [WARNING:compositor_view.cc(315)] Child process died (type=6) pid=4640)
11-02 11:17:01.288  4497  4497 D MonkeyStub: translateCommand: touch down 614 1561
11-02 11:17:01.303  4497  4497 D MonkeyStub: translateCommand: touch move 614 1561
11-02 11:17:01.417  4497  4497 D MonkeyStub: translateCommand: touch move 614 1436
11-02 11:17:01.535  4497  4497 D MonkeyStub: translateCommand: touch move 614 1311
11-02 11:17:01.644  4497  4497 D MonkeyStub: translateCommand: touch move 614 1186
11-02 11:17:01.749  4497  4497 D MonkeyStub: translateCommand: touch move 614 1061
11-02 11:17:01.866  4497  4497 D MonkeyStub: translateCommand: touch move 614 937
11-02 11:17:01.970  4497  4497 D MonkeyStub: translateCommand: touch move 614 812
11-02 11:17:02.078  4497  4497 D MonkeyStub: translateCommand: touch move 614 687
11-02 11:17:02.185  4497  4497 D MonkeyStub: translateCommand: touch move 614 562
11-02 11:17:02.293  4497  4497 D MonkeyStub: translateCommand: touch move 614 437
11-02 11:17:02.397  4497  4497 D MonkeyStub: translateCommand: touch move 614 312
11-02 11:17:02.404  4497  4497 D MonkeyStub: translateCommand: touch up 614 312
11-02 11:17:02.429  4497  4497 D MonkeyStub: translateCommand: touch down 614 1561
11-02 11:17:02.435  4497  4497 D MonkeyStub: translateCommand: touch move 614 1561
11-02 11:17:02.454   601 12301 I ActivityManager: Start proc 4657:com.android.chrome:sandboxed_process27/u0i286 for service com.android.chrome/org.chromium.content.app.SandboxedProcessService27
11-02 11:17:02.497  4657  4657 W boxed_process27: type=1400 audit(0.0:2144): avc: denied { getattr } for path="/data/data/com.android.chrome" dev="dm-2" ino=12190 scontext=u:r:isolated_app:s0:c512,c768 tcontext=u:object_r:app_data_file:s0:c512,c768 tclass=dir permissive=0
11-02 11:17:02.524  4657  4657 I cr_ChildProcessService: Creating new ChildProcessService pid=4657
11-02 11:17:02.559  4497  4497 D MonkeyStub: translateCommand: touch move 614 1436
11-02 11:17:02.577  4657  4670 I cr_LibraryLoader: Loaded native library version number "85.0.4183.127"
11-02 11:17:02.578  4657  4670 I cr_CachingUmaRecorder: Flushed 1 samples from 1 histograms.
11-02 11:17:02.597  4670  4670 W CrUtilityMain: type=1400 audit(0.0:2145): avc: denied { setattr } for name=5072656C6F61642044617461 dev="dm-2" ino=61437 scontext=u:r:isolated_app:s0:c512,c768 tcontext=u:object_r:app_data_file:s0:c512,c768 tclass=file permissive=0
11-02 11:17:02.607  4670  4670 W CrUtilityMain: type=1400 audit(0.0:2146): avc: denied { setattr } for name="manifest.json" dev="dm-2" ino=61853 scontext=u:r:isolated_app:s0:c512,c768 tcontext=u:object_r:app_data_file:s0:c512,c768 tclass=file permissive=0
11-02 11:17:02.610  4670  4670 W CrUtilityMain: type=1400 audit(0.0:2147): avc: denied { setattr } for name="verified_contents.json" dev="dm-2" ino=61808 scontext=u:r:isolated_app:s0:c512,c768 tcontext=u:object_r:app_data_file:s0:c512,c768 tclass=file permissive=0
11-02 11:17:02.617  4657  4670 I chromium: [INFO:child_process_service.cc(69)] ChildProcessService: Exiting child process.
11-02 11:17:02.620   195   195 E lowmemorykiller: Error writing /proc/4657/oom_score_adj; errno=22
11-02 11:17:02.637   601  4276 I ActivityManager: Process com.android.chrome:sandboxed_process27 (pid 4657) has died
11-02 11:17:02.637   601  4276 D ActivityManager: cleanUpApplicationRecord -- 4657
11-02 11:17:02.641  3950  3950 W chromium: [WARNING:compositor_view.cc(315)] Child process died (type=6) pid=4657)
11-02 11:17:02.664  4497  4497 D MonkeyStub: translateCommand: touch move 614 1311
11-02 11:17:02.773  4497  4497 D MonkeyStub: translateCommand: touch move 614 1186
11-02 11:17:02.883  4497  4497 D MonkeyStub: translateCommand: touch move 614 1061
11-02 11:17:02.987  4497  4497 D MonkeyStub: translateCommand: touch move 614 937
11-02 11:17:03.098  4497  4497 D MonkeyStub: translateCommand: touch move 614 812
11-02 11:17:03.206  4497  4497 D MonkeyStub: translateCommand: touch move 614 687
11-02 11:17:03.314  4497  4497 D MonkeyStub: translateCommand: touch move 614 562
11-02 11:17:03.426  4497  4497 D MonkeyStub: translateCommand: touch move 614 437
11-02 11:17:03.534  4497  4497 D MonkeyStub: translateCommand: touch move 614 312
11-02 11:17:03.536  4497  4497 D MonkeyStub: translateCommand: touch up 614 312
11-02 11:17:05.093   601  3564 I ActivityManager: Start proc 4674:com.android.chrome:sandboxed_process28/u0i287 for service com.android.chrome/org.chromium.content.app.SandboxedProcessService28
11-02 11:17:05.144  4674  4674 W boxed_process28: type=1400 audit(0.0:2148): avc: denied { getattr } for path="/data/data/com.android.chrome" dev="dm-2" ino=12190 scontext=u:r:isolated_app:s0:c512,c768 tcontext=u:object_r:app_data_file:s0:c512,c768 tclass=dir permissive=0
11-02 11:17:05.170  4674  4674 I cr_ChildProcessService: Creating new ChildProcessService pid=4674
11-02 11:17:05.213  4674  4687 I cr_LibraryLoader: Loaded native library version number "85.0.4183.127"
11-02 11:17:05.213  4674  4687 I cr_CachingUmaRecorder: Flushed 1 samples from 1 histograms.
11-02 11:17:05.224  4687  4687 W CrUtilityMain: type=1400 audit(0.0:2149): avc: denied { setattr } for name="tls_deprecation_config.pb" dev="dm-2" ino=61516 scontext=u:r:isolated_app:s0:c512,c768 tcontext=u:object_r:app_data_file:s0:c512,c768 tclass=file permissive=0
11-02 11:17:05.224  4687  4687 W CrUtilityMain: type=1400 audit(0.0:2150): avc: denied { setattr } for name="manifest.json" dev="dm-2" ino=61860 scontext=u:r:isolated_app:s0:c512,c768 tcontext=u:object_r:app_data_file:s0:c512,c768 tclass=file permissive=0
11-02 11:17:05.227  4687  4687 W CrUtilityMain: type=1400 audit(0.0:2151): avc: denied { setattr } for name="verified_contents.json" dev="dm-2" ino=61869 scontext=u:r:isolated_app:s0:c512,c768 tcontext=u:object_r:app_data_file:s0:c512,c768 tclass=file permissive=0
11-02 11:17:05.234  4674  4674 I cr_ChildProcessService: Destroying ChildProcessService pid=4674
11-02 11:17:05.236  4674  4687 I chromium: [INFO:child_process_service.cc(69)] ChildProcessService: Exiting child process.
11-02 11:17:05.253   601  9643 I ActivityManager: Process com.android.chrome:sandboxed_process28 (pid 4674) has died
11-02 11:17:05.253   601  9643 D ActivityManager: cleanUpApplicationRecord -- 4674
11-02 11:17:05.260  3950  3950 W chromium: [WARNING:compositor_view.cc(315)] Child process died (type=6) pid=4674)
11-02 11:17:07.635  4497  4497 D MonkeyStub: translateCommand: touch down 614 1561
11-02 11:17:07.646  4497  4497 D MonkeyStub: translateCommand: touch move 614 1561
11-02 11:17:07.759  4497  4497 D MonkeyStub: translateCommand: touch move 614 1436
11-02 11:17:07.881  4497  4497 D MonkeyStub: translateCommand: touch move 614 1311
11-02 11:17:07.917   601  3564 I ActivityManager: Start proc 4693:com.android.chrome:sandboxed_process29/u0i288 for service com.android.chrome/org.chromium.content.app.SandboxedProcessService29
11-02 11:17:07.960  4693  4693 W boxed_process29: type=1400 audit(0.0:2152): avc: denied { getattr } for path="/data/data/com.android.chrome" dev="dm-2" ino=12190 scontext=u:r:isolated_app:s0:c512,c768 tcontext=u:object_r:app_data_file:s0:c512,c768 tclass=dir permissive=0
11-02 11:17:07.994  4497  4497 D MonkeyStub: translateCommand: touch move 614 1186
11-02 11:17:07.996  4693  4693 I cr_ChildProcessService: Creating new ChildProcessService pid=4693
11-02 11:17:08.069  4693  4706 I cr_LibraryLoader: Loaded native library version number "85.0.4183.127"
11-02 11:17:08.070  4693  4706 I cr_CachingUmaRecorder: Flushed 1 samples from 1 histograms.
11-02 11:17:08.080  4706  4706 W CrUtilityMain: type=1400 audit(0.0:2153): avc: denied { setattr } for name="crl-set" dev="dm-2" ino=62110 scontext=u:r:isolated_app:s0:c512,c768 tcontext=u:object_r:app_data_file:s0:c512,c768 tclass=file permissive=0
11-02 11:17:08.080  4706  4706 W CrUtilityMain: type=1400 audit(0.0:2154): avc: denied { setattr } for name="manifest.json" dev="dm-2" ino=62160 scontext=u:r:isolated_app:s0:c512,c768 tcontext=u:object_r:app_data_file:s0:c512,c768 tclass=file permissive=0
11-02 11:17:08.084  4706  4706 W CrUtilityMain: type=1400 audit(0.0:2155): avc: denied { setattr } for name="LICENSE" dev="dm-2" ino=62253 scontext=u:r:isolated_app:s0:c512,c768 tcontext=u:object_r:app_data_file:s0:c512,c768 tclass=file permissive=0
11-02 11:17:08.084  4706  4706 W CrUtilityMain: type=1400 audit(0.0:2156): avc: denied { setattr } for name="verified_contents.json" dev="dm-2" ino=61928 scontext=u:r:isolated_app:s0:c512,c768 tcontext=u:object_r:app_data_file:s0:c512,c768 tclass=file permissive=0
11-02 11:17:08.094  4693  4706 I chromium: [INFO:child_process_service.cc(69)] ChildProcessService: Exiting child process.
11-02 11:17:08.095   195   195 E lowmemorykiller: Error writing /proc/4693/oom_score_adj; errno=22
11-02 11:17:08.110  4497  4497 D MonkeyStub: translateCommand: touch move 614 1061
11-02 11:17:08.113   601   612 I ActivityManager: Process com.android.chrome:sandboxed_process29 (pid 4693) has died
11-02 11:17:08.113   601   612 D ActivityManager: cleanUpApplicationRecord -- 4693
11-02 11:17:08.114  3950  3950 W chromium: [WARNING:compositor_view.cc(315)] Child process died (type=6) pid=4693)
11-02 11:17:08.218  4497  4497 D MonkeyStub: translateCommand: touch move 614 937
11-02 11:17:08.327  4497  4497 D MonkeyStub: translateCommand: touch move 614 812
11-02 11:17:08.433  4497  4497 D MonkeyStub: translateCommand: touch move 614 687
11-02 11:17:08.542  4497  4497 D MonkeyStub: translateCommand: touch move 614 562
11-02 11:17:08.654  4497  4497 D MonkeyStub: translateCommand: touch move 614 437
11-02 11:17:08.760  4497  4497 D MonkeyStub: translateCommand: touch move 614 312
11-02 11:17:08.766  4497  4497 D MonkeyStub: translateCommand: touch up 614 312
11-02 11:17:11.041   601  1452 I ActivityManager: Start proc 4712:com.android.chrome:sandboxed_process30/u0i289 for service com.android.chrome/org.chromium.content.app.SandboxedProcessService30
11-02 11:17:11.087  4712  4712 W boxed_process30: type=1400 audit(0.0:2157): avc: denied { getattr } for path="/data/data/com.android.chrome" dev="dm-2" ino=12190 scontext=u:r:isolated_app:s0:c512,c768 tcontext=u:object_r:app_data_file:s0:c512,c768 tclass=dir permissive=0
11-02 11:17:11.118  4712  4712 I cr_ChildProcessService: Creating new ChildProcessService pid=4712
11-02 11:17:11.157  4712  4725 I cr_LibraryLoader: Loaded native library version number "85.0.4183.127"
11-02 11:17:11.157  4712  4725 I cr_CachingUmaRecorder: Flushed 1 samples from 1 histograms.
11-02 11:17:11.167  4725  4725 W CrUtilityMain: type=1400 audit(0.0:2158): avc: denied { setattr } for name="optimization-hints.pb" dev="dm-2" ino=62193 scontext=u:r:isolated_app:s0:c512,c768 tcontext=u:object_r:app_data_file:s0:c512,c768 tclass=file permissive=0
11-02 11:17:11.170  4725  4725 W CrUtilityMain: type=1400 audit(0.0:2159): avc: denied { setattr } for name="manifest.json" dev="dm-2" ino=62184 scontext=u:r:isolated_app:s0:c512,c768 tcontext=u:object_r:app_data_file:s0:c512,c768 tclass=file permissive=0
11-02 11:17:11.170  4725  4725 W CrUtilityMain: type=1400 audit(0.0:2160): avc: denied { setattr } for name="verified_contents.json" dev="dm-2" ino=62260 scontext=u:r:isolated_app:s0:c512,c768 tcontext=u:object_r:app_data_file:s0:c512,c768 tclass=file permissive=0
11-02 11:17:11.183  4712  4712 I cr_ChildProcessService: Destroying ChildProcessService pid=4712
11-02 11:17:11.184  4712  4725 I chromium: [INFO:child_process_service.cc(69)] ChildProcessService: Exiting child process.
11-02 11:17:11.203   601  4276 I ActivityManager: Process com.android.chrome:sandboxed_process30 (pid 4712) has died
11-02 11:17:11.203   601  4276 D ActivityManager: cleanUpApplicationRecord -- 4712
11-02 11:17:11.205  3950  3950 W chromium: [WARNING:compositor_view.cc(315)] Child process died (type=6) pid=4712)
11-02 11:17:13.164  4497  4497 D MonkeyStub: translateCommand: touch down 614 1561
11-02 11:17:13.173  4497  4497 D MonkeyStub: translateCommand: touch move 614 1561
11-02 11:17:13.284  4497  4497 D MonkeyStub: translateCommand: touch move 614 1436
11-02 11:17:13.393  4497  4497 D MonkeyStub: translateCommand: touch move 614 1311
11-02 11:17:13.502  4497  4497 D MonkeyStub: translateCommand: touch move 614 1186
11-02 11:17:13.620  4497  4497 D MonkeyStub: translateCommand: touch move 614 1061
11-02 11:17:13.726  4497  4497 D MonkeyStub: translateCommand: touch move 614 937
11-02 11:17:13.838  4497  4497 D MonkeyStub: translateCommand: touch move 614 812
11-02 11:17:13.943  4497  4497 D MonkeyStub: translateCommand: touch move 614 687
11-02 11:17:14.049  4497  4497 D MonkeyStub: translateCommand: touch move 614 562
11-02 11:17:14.158  4497  4497 D MonkeyStub: translateCommand: touch move 614 437
11-02 11:17:14.263  4497  4497 D MonkeyStub: translateCommand: touch move 614 312
11-02 11:17:14.266  4497  4497 D MonkeyStub: translateCommand: touch up 614 312
11-02 11:17:14.274  4497  4497 D MonkeyStub: Quit requested
11-02 11:17:14.290   601   615 I CwMcuSensor: CwMcuSensor::flush: fd = 213, sensors_id = 0, path = /sys/class/htc_sensorhub/sensor_hub/flush, err = 0
11-02 11:17:14.290  4497  4497 I art     : System.exit called, status: 101
11-02 11:17:14.290  4497  4497 I AndroidRuntime: VM exiting with result code 101.
11-02 11:17:14.328   601  4262 W WindowManager: Attempted to remove non-existing token: android.os.Binder@c3bef61
11-02 11:17:23.545 23975 24437 I Icing   : IndexChimeraService.getServiceInterface callingPackage=com.android.chrome componentName=null serviceId=36
11-02 11:17:23.586 23975  4479 W Icing   : No valid account for uploading user actions
11-02 11:17:23.666 23975 24436 I Icing   : IndexChimeraService.getServiceInterface callingPackage=com.google.android.gms componentName=null serviceId=30
11-02 11:17:23.682 23975  4479 I Icing   : Usage reports ok 2, Failed Usage reports 0, indexed 1, rejected 0
11-02 11:17:23.686 23975  4479 W Icing   : No valid account for uploading user actions
11-02 11:17:23.696 23975  4479 I Icing   : Usage reports ok 0, Failed Usage reports 0, indexed 0, rejected 0
11-02 11:17:23.698 23975  4479 I Icing   : Indexing com.android.chrome-omnibox from com.android.chrome
11-02 11:17:23.709   785   795 W SQLiteConnectionPool: A SQLiteConnection object for database '/data/user/0/com.google.android.gms/databases/metadata.db' was leaked!  Please fix your application to end transactions in progress properly and to close the database when it is no longer needed.
11-02 11:17:23.724 23975  4479 I Icing   : Indexing done com.android.chrome-omnibox
11-02 11:17:23.969   785  1162 W GmsStrictMode: LEAKED_CLOSABLE [CONTEXT service_id=256 ]
11-02 11:17:23.969   785  1162 W GmsStrictMode: rvo: LEAKED_CLOSABLE
11-02 11:17:23.969   785  1162 W GmsStrictMode: 	at dalvik.system.VMStack.getThreadStackTrace(Native Method)
11-02 11:17:23.969   785  1162 W GmsStrictMode: 	at java.lang.Thread.getStackTrace(Thread.java:1566)
11-02 11:17:23.969   785  1162 W GmsStrictMode: 	at bhdb.containsKey(:com.google.android.gms@203915020@20.39.15 (040406-335085812):1)
11-02 11:17:23.969   785  1162 W GmsStrictMode: 	at android.os.StrictMode.onVmPolicyViolation(StrictMode.java:1867)
11-02 11:17:23.969   785  1162 W GmsStrictMode: 	at android.os.StrictMode.onVmPolicyViolation(StrictMode.java:1844)
11-02 11:17:23.969   785  1162 W GmsStrictMode: 	at android.os.StrictMode$AndroidCloseGuardReporter.report(StrictMode.java:1590)
11-02 11:17:23.969   785  1162 W GmsStrictMode: 	at dalvik.system.CloseGuard.warnIfOpen(CloseGuard.java:208)
11-02 11:17:23.969   785  1162 W GmsStrictMode: 	at android.database.sqlite.SQLiteConnection.dispose(SQLiteConnection.java:231)
11-02 11:17:23.969   785  1162 W GmsStrictMode: 	at android.database.sqlite.SQLiteConnection.finalize(SQLiteConnection.java:180)
11-02 11:17:23.969   785  1162 W GmsStrictMode: 	at java.lang.Daemons$FinalizerDaemon.doFinalize(Daemons.java:222)
11-02 11:17:23.969   785  1162 W GmsStrictMode: 	at java.lang.Daemons$FinalizerDaemon.run(Daemons.java:209)
11-02 11:17:23.969   785  1162 W GmsStrictMode: 	at java.lang.Thread.run(Thread.java:761)
11-02 11:17:24.726   785  1617 W Icing   : isOptedInForAppHistory: empty Account Name encountered
11-02 11:17:24.754   785  3800 W Icing   : isOptedInForAppHistory: empty Account Name encountered
11-02 11:17:30.454  4748  4748 D AndroidRuntime: >>>>>> START com.android.internal.os.RuntimeInit uid 2000 <<<<<<
11-02 11:17:30.458  4748  4748 D AndroidRuntime: CheckJNI is OFF
11-02 11:17:30.527  4748  4748 D ICU     : No timezone override file found: /data/misc/zoneinfo/current/icu/icu_tzdata.dat
11-02 11:17:30.557  4748  4748 I Radio-JNI: register_android_hardware_Radio DONE
11-02 11:17:30.572  4748  4748 D AndroidRuntime: Calling main entry com.android.commands.am.Am
11-02 11:17:30.588   601 19770 I ActivityManager: Force stopping com.android.chrome appid=10035 user=0: from pid 4748
11-02 11:17:30.588   601 19770 I ActivityManager: Killing 4013:com.android.chrome:privileged_process0/u0a35 (adj 0): stop com.android.chrome
11-02 11:17:30.588   601 19770 D ActivityManager: cleanUpApplicationRecord -- 4013
11-02 11:17:30.589   601 19770 W ActivityManager: Scheduling restart of crashed service com.android.chrome/org.chromium.content.app.PrivilegedProcessService0 in 1000ms
11-02 11:17:30.589   601 19770 I ActivityManager: Killing 3950:com.android.chrome/u0a35 (adj 0): stop com.android.chrome
11-02 11:17:30.589   601 19770 D ActivityManager: cleanUpApplicationRecord -- 3950
11-02 11:17:30.591 26552 26552 I MemoryTrimmer: Trimming objects from memory, since app is in the background.
11-02 11:17:30.592   601 19770 W ActivityManager: Force removing ActivityRecord{53fb409 u0 com.android.chrome/com.google.android.apps.chrome.Main t1284}: app died, no saved state
11-02 11:17:30.594  4417  4417 I cr_ChildProcessService: Destroying ChildProcessService pid=4417
11-02 11:17:30.600  3984  3984 I cr_ChildProcessService: Destroying ChildProcessService pid=3984
11-02 11:17:30.610   601 19770 I ActivityManager: Killing 4417:com.android.chrome:sandboxed_process20/u0a35i279 (adj 0): isolated not needed
