10-31 22:50:45.020 30056 30096 I cr_LibraryLoader: Loaded native library version number "85.0.4183.127"
10-31 22:50:45.021 30056 30096 I cr_CachingUmaRecorder: Flushed 1 samples from 1 histograms.
10-31 22:50:45.022 29587 29637 W InstanceID: Instance ID SDK is deprecated, com.android.chrome should update to use Firebase Instance ID
10-31 22:50:45.043 30083 30083 I cr_ChildProcessService: Creating new ChildProcessService pid=30083
10-31 22:50:45.087 30019 30082 I chromium: [INFO:child_process_service.cc(69)] ChildProcessService: Exiting child process.
10-31 22:50:45.088   197   197 E lowmemorykiller: Error writing /proc/30019/oom_score_adj; errno=22
10-31 22:50:45.091 29587 29642 I MainThreadRunner: Running task [FeedRequestManagerImpl consumer] on the Main Thread
10-31 22:50:45.092 29587 29642 I TaskQueue:  - Finished 15, time 134 ms
10-31 22:50:45.113 29587 29587 I FeedProtocolAdapter: createModel, operations 33
10-31 22:50:45.118 29587 29587 I TimingUtils: Task Timing   4ms, thread ui | task : convertWireProtocol | mutations : 33
10-31 22:50:45.119 29587 29587 I TaskQueue:  - task [HEAD_RESET - d: true, b: 2]: 5
10-31 22:50:45.119 29587 29587 I TaskQueue:  - queueTask starting immediate task
10-31 22:50:45.120 29587 29642 I TaskQueue: Execute task [HEAD_RESET - d: true, b: 2]: 5
10-31 22:50:45.125 29587 29642 I TaskQueue:  - task [BACKGROUND - d: true, b: 2]: 23
10-31 22:50:45.125 29587 29642 W SessionCache: Persisted Sessions were not found
10-31 22:50:45.129 30056 30096 I chromium: [INFO:child_process_service.cc(69)] ChildProcessService: Exiting child process.
10-31 22:50:45.130 29587 29642 I PersistentFeedStore: commitSessionMutation - Success true, Update Session $HEAD, stream structures 32
10-31 22:50:45.133 29587 29642 I MainThreadRunner: Running task [SchedulerApiWrapper onReceiveNewContent] on the Main Thread
10-31 22:50:45.138 29587 29642 I MainThreadRunner: Running task [FeedKnownContentImpl onNewContentReceived] on the Main Thread
10-31 22:50:45.144 29587 29642 I SessionManagerMutation: Cleared Head, new creation time 10-31 22:50:45.126
10-31 22:50:45.148 29587 29642 I TimingUtils: Task Timing  28ms, thread background-1 | task : sessionMutation.commitTask:updateConsumer | mutations : 33 | userInitiated : false
10-31 22:50:45.148 29587 29642 I TaskQueue: Cancelling starvation checks
10-31 22:50:45.148 29587 29642 I TaskQueue:  - Finished 5, time 29 ms
10-31 22:50:45.148 29587 29642 I TaskQueue: Execute task [USER_FACING - d: false, b: 2]: 24
10-31 22:50:45.161 29587 29642 I TimeoutSessionImpl: TimeoutSession.populateModelProvider, shouldAppend false
10-31 22:50:45.161 29587 29642 I SessionImpl: PopulateModelProvider 32 items
10-31 22:50:45.161 29587 29642 I FeedModelProvider: FeedModelProvider - committer, structure changes 31, update changes 0
10-31 22:50:45.162 29587 29642 I FeedModelProvider: SyntheticTokenTracker: 0, 11, 11, false
10-31 22:50:45.162 29587 29642 I FeedSessionManagerImpl: Caching getStreamFeatures - items 31, cache misses 0, cache size 31
10-31 22:50:45.162 29587 29642 I FeedModelProvider: Moving _session:6e9b3ab1-964e-4389-8e0d-e83adcc98901 to READY
10-31 22:50:45.162 29587 29642 I MainThreadRunner: Running task [FeedModelProvider onSessionStart] on the Main Thread
10-31 22:50:45.173 29587 29587 I FeedModelProvider: No children found for Cursor
10-31 22:50:45.178 29587 29642 I FeedModelProvider: ModelProvider Mutation committed - structure changes 31, childrenToBind 31, removedChildren false, Token false
10-31 22:50:45.180 29587 29642 I FeedSessionManagerImpl: Populate new session: _session:6e9b3ab1-964e-4389-8e0d-e83adcc98901, creation time 10-31 22:50:45.161
10-31 22:50:45.180 29587 29642 I TimingUtils: Task Timing  31ms, thread background-2 | task : Create/Populate New Session
10-31 22:50:45.180 29587 29642 I TaskQueue:  - Finished 24, time 32 ms
10-31 22:50:45.180 29587 29642 I TaskQueue: Execute task [BACKGROUND - d: false, b: 1]: 11
10-31 22:50:45.181 29587 29642 I ContentGc: Re-enqueuing triggerContentGc; attempts(0)
10-31 22:50:45.181 29587 29642 I TaskQueue:  - task [BACKGROUND - d: false, b: 1]: 11
10-31 22:50:45.181 29587 29642 I TaskQueue:  - Finished 11, time 0 ms
10-31 22:50:45.181 29587 29642 I TaskQueue: Execute task [BACKGROUND - d: false, b: 1]: 23
10-31 22:50:45.183 30083 30116 I cr_LibraryLoader: Loaded native library version number "85.0.4183.127"
10-31 22:50:45.184 30083 30116 I cr_CachingUmaRecorder: Flushed 1 samples from 1 histograms.
10-31 22:50:45.245   600   613 I ActivityManager: Killing 30056:com.android.chrome:sandboxed_process20/u0a35i22 (adj 0): isolated not needed
10-31 22:50:45.245   600   613 I ActivityManager: Killing 30019:com.android.chrome:sandboxed_process18/u0a35i20 (adj 0): isolated not needed
10-31 22:50:45.245   600   613 I ActivityManager: Killing 30027:com.android.chrome:sandboxed_process19/u0a35i21 (adj 0): isolated not needed
10-31 22:50:45.296 29587 29642 I TimingUtils: Task Timing 115ms, thread background-3 | task : commitContentMutation | mutations : 32
10-31 22:50:45.297 29587 29642 I TimingUtils: Task Timing   0ms, thread background-4 | task : commitSemanticPropertiesMutation | mutations : 0
10-31 22:50:45.297 29587 29642 I TaskQueue:  - Finished 23, time 116 ms
10-31 22:50:45.297 29587 29642 I TaskQueue: Execute task [BACKGROUND - d: false, b: 0]: 11
10-31 22:50:45.298 29587 29642 I SessionCache: Determining accessible content
10-31 22:50:45.300 29587 29642 I TimingUtils: Task Timing   2ms, thread background-5 | task : ContentGc | contentItemsRemoved : 0
10-31 22:50:45.300 29587 29642 I TaskQueue:  - Finished 11, time 3 ms
10-31 22:50:45.329 29587 29647 W chromium: [WARNING:spdy_session.cc(3090)] Received RST for invalid stream1
10-31 22:50:46.436 29587 29587 I cr_tabmodel: Appending tabs being restored to metadata lists, 0, startingNormalCount: 2, startingIncognitoCount: 0
10-31 22:50:46.436 29587 29587 I cr_tabmodel: Serializing tab lists; counts: 2, 0
10-31 22:50:46.498   600 10249 D ActivityManager: cleanUpApplicationRecord -- 29842
10-31 22:50:46.501 29587 29587 W chromium: [WARNING:compositor_view.cc(315)] Child process died (type=6) pid=29842)
10-31 22:50:46.535   600 27731 D ActivityManager: cleanUpApplicationRecord -- 29991
10-31 22:50:46.577 29587 29587 W chromium: [WARNING:compositor_view.cc(315)] Child process died (type=6) pid=29991)
10-31 22:50:46.618 17650 17976 W Icing   : No valid account for uploading user actions
10-31 22:50:46.665   600 17381 W ActivityManager: Unable to start service Intent { act=com.google.android.play.core.splitinstall.BIND_SPLIT_INSTALL_SERVICE pkg=com.android.vending } U=0: not found
10-31 22:50:46.677   600 25704 D ActivityManager: cleanUpApplicationRecord -- 29745
10-31 22:50:46.717 29587 29587 W chromium: [WARNING:compositor_view.cc(315)] Child process died (type=6) pid=29745)
10-31 22:50:46.718 17650 18132 I Icing   : IndexChimeraService.getServiceInterface callingPackage=com.google.android.gms componentName=null serviceId=30
10-31 22:50:46.787   600  3675 D ActivityManager: cleanUpApplicationRecord -- 30019
10-31 22:50:46.793 29587 29587 W chromium: [WARNING:compositor_view.cc(315)] Child process died (type=6) pid=30019)
10-31 22:50:46.795   600  9614 D ActivityManager: cleanUpApplicationRecord -- 29801
10-31 22:50:46.800 29587 29587 W chromium: [WARNING:compositor_view.cc(315)] Child process died (type=6) pid=29801)
10-31 22:50:46.802   600  6312 D ActivityManager: cleanUpApplicationRecord -- 29899
10-31 22:50:46.807   600 17381 D ActivityManager: cleanUpApplicationRecord -- 29725
10-31 22:50:46.817 29587 29587 W chromium: [WARNING:compositor_view.cc(315)] Child process died (type=6) pid=29899)
10-31 22:50:46.818 29587 29587 W chromium: [WARNING:compositor_view.cc(315)] Child process died (type=6) pid=29725)
10-31 22:50:46.829 29587 29597 I art     : Background sticky concurrent mark sweep GC freed 163141(8MB) AllocSpace objects, 101(2MB) LOS objects, 0% free, 17MB/17MB, paused 45.264ms total 3.717s
10-31 22:50:46.832   600  3507 D ActivityManager: cleanUpApplicationRecord -- 29933
10-31 22:50:46.842 29587 29587 W chromium: [WARNING:compositor_view.cc(315)] Child process died (type=6) pid=29933)
10-31 22:50:46.932   600   609 W art     : Suspending all threads took: 27.725ms
10-31 22:50:46.951 29587 29597 I art     : Background partial concurrent mark sweep GC freed 16770(913KB) AllocSpace objects, 26(5MB) LOS objects, 40% free, 11MB/18MB, paused 2.414ms total 105.676ms
10-31 22:50:46.954   600   609 I art     : Background partial concurrent mark sweep GC freed 79581(4MB) AllocSpace objects, 63(1700KB) LOS objects, 33% free, 18MB/27MB, paused 29.352ms total 2.509s
10-31 22:50:46.977   600 10249 D ActivityManager: cleanUpApplicationRecord -- 30027
10-31 22:50:46.986   600  1080 D ActivityManager: cleanUpApplicationRecord -- 29733
10-31 22:50:46.988 29587 29587 W chromium: [WARNING:compositor_view.cc(315)] Child process died (type=6) pid=30027)
10-31 22:50:46.994 29587 29587 W chromium: [WARNING:compositor_view.cc(315)] Child process died (type=6) pid=29733)
10-31 22:50:47.014   600 29683 D ActivityManager: cleanUpApplicationRecord -- 29773
10-31 22:50:47.022 29587 29587 W chromium: [WARNING:compositor_view.cc(315)] Child process died (type=6) pid=29773)
10-31 22:50:47.035   600 10249 D ActivityManager: cleanUpApplicationRecord -- 29761
10-31 22:50:47.042   600  1080 D ActivityManager: cleanUpApplicationRecord -- 30056
10-31 22:50:47.048   600 24611 D ActivityManager: cleanUpApplicationRecord -- 30001
10-31 22:50:47.054 29587 29587 W chromium: [WARNING:compositor_view.cc(315)] Child process died (type=6) pid=29761)
10-31 22:50:47.054 29587 29587 W chromium: [WARNING:compositor_view.cc(315)] Child process died (type=6) pid=30056)
10-31 22:50:47.056 29587 29587 W chromium: [WARNING:compositor_view.cc(315)] Child process died (type=6) pid=30001)
10-31 22:50:47.086   600 16391 D ActivityManager: cleanUpApplicationRecord -- 29780
10-31 22:50:47.092 29587 29587 W chromium: [WARNING:compositor_view.cc(315)] Child process died (type=6) pid=29780)
10-31 22:50:47.116 29587 29640 I cr_omaha: Request to Server Successful. Timestamp for next request:1667256647116
10-31 22:50:47.164 29587 29640 I cr_omaha: Request to Server Successful. Timestamp for next request:1667256647164
10-31 22:50:47.164 29587 29640 I cr_omaha: Attempting to schedule next job for: Tue Nov 01 03:50:46 GMT+01:00 2022
10-31 22:50:47.166 29587 29587 I cr_omaha: Scheduled using JobService
10-31 22:50:47.168 29587 29587 E cr_BkgrdTaskJS: Tried finishing non-current BackgroundTask.
10-31 22:50:47.188 17650 17976 E native  : document-store.cc:1328 Failed to update per-doc-data with usage report
10-31 22:50:47.189 17650 17976 E native  : document-store.cc:1328 Failed to update per-doc-data with usage report
10-31 22:50:47.208 29587 29808 I PlayCore: UID: [10035]  PID: [29587] SplitInstallService : Failed to bind to the service.
10-31 22:50:47.311 17650 17976 I Icing   : Usage reports ok 2, Failed Usage reports 2, indexed 0, rejected 0
10-31 22:50:47.312 17650 17976 I Icing   : Removing corpus key com.android.chrome-omnibox for package com.android.chrome
10-31 22:50:47.443   787  1716 W Icing   : isOptedInForAppHistory: empty Account Name encountered
10-31 22:50:47.455   787  1716 W Icing   : isOptedInForAppHistory: empty Account Name encountered
10-31 22:50:47.465   787 26337 W Icing   : isOptedInForAppHistory: empty Account Name encountered
10-31 22:50:47.484 17650 17976 I native  : document-store.cc:1654 Scored 2496 usage reports, missing_corpora 1349 update_failed 1
10-31 22:50:47.527 17650 17976 W Icing   : No valid account for uploading user actions
10-31 22:50:47.608 17650 17976 I Icing   : Usage reports ok 1, Failed Usage reports 0, indexed 1, rejected 0
10-31 22:50:47.610 17650 17976 W Icing   : No valid account for uploading user actions
10-31 22:50:47.621 17650 17976 I Icing   : Usage reports ok 0, Failed Usage reports 0, indexed 0, rejected 0
10-31 22:50:47.622 17650 17976 I Icing   : Indexing com.android.chrome-omnibox from com.android.chrome
10-31 22:50:47.696 17650 17976 I Icing   : Indexing done com.android.chrome-omnibox
10-31 22:50:48.584 29587 29587 E cr_BTSPrefs: No data found for task id: 53
10-31 22:50:48.585 29587 29587 E cr_BkgrdTaskScheduler: Task cannot be canceled because no data was found instorage or data was invalid
10-31 22:50:52.344 29587 29587 E cr_BTSPrefs: No data found for task id: 57
10-31 22:50:52.345 29587 29587 E cr_BkgrdTaskScheduler: Task cannot be canceled because no data was found instorage or data was invalid
10-31 22:50:52.346 29587 29587 E cr_BTSPrefs: No data found for task id: 56
10-31 22:50:52.347 29587 29587 E cr_BkgrdTaskScheduler: Task cannot be canceled because no data was found instorage or data was invalid
10-31 22:50:58.290 30152 30152 D AndroidRuntime: >>>>>> START com.android.internal.os.RuntimeInit uid 2000 <<<<<<
10-31 22:50:58.293 30152 30152 D AndroidRuntime: CheckJNI is OFF
10-31 22:50:58.361 30152 30152 D ICU     : No timezone override file found: /data/misc/zoneinfo/current/icu/icu_tzdata.dat
10-31 22:50:58.393 30152 30152 I Radio-JNI: register_android_hardware_Radio DONE
10-31 22:50:58.408 30152 30152 D AndroidRuntime: Calling main entry com.android.commands.monkey.Monkey
10-31 22:50:58.479   600   613 W BroadcastQueue: Skipping deliver [background] BroadcastRecord{d96bc81 u-1 android.net.conn.CONNECTIVITY_CHANGE} to ReceiverList{363c126 30152 (unknown name)/2000/u-1 remote:f1a778b}: process crashing
10-31 22:50:59.780 30152 30152 D MonkeyStub: translateCommand: wake
10-31 22:50:59.920 30152 30152 D MonkeyStub: translateCommand: tap 1156 1096
10-31 22:51:02.194 30152 30152 D MonkeyStub: translateCommand: tap 259 298
10-31 22:51:04.242 30152 30152 D MonkeyStub: translateCommand: tap 777 567
10-31 22:51:06.499 30152 30152 D MonkeyStub: translateCommand: tap 168 1070
10-31 22:51:06.737   787  1169 E AsyncOperation: serviceID=121, operation=GetLaunchDataOperation [CONTEXT service_id=259 ]
10-31 22:51:06.737   787  1169 E AsyncOperation: OperationException[Status{statusCode=Not an instant app, resolution=null}]
10-31 22:51:06.737   787  1169 E AsyncOperation: 	at aeay.a(:com.google.android.gms@203915020@20.39.15 (040406-335085812):20)
10-31 22:51:06.737   787  1169 E AsyncOperation: 	at aain.run(:com.google.android.gms@203915020@20.39.15 (040406-335085812):7)
10-31 22:51:06.737   787  1169 E AsyncOperation: 	at boex.run(:com.google.android.gms@203915020@20.39.15 (040406-335085812):2)
10-31 22:51:06.737   787  1169 E AsyncOperation: 	at sup.b(:com.google.android.gms@203915020@20.39.15 (040406-335085812):12)
10-31 22:51:06.737   787  1169 E AsyncOperation: 	at sup.run(:com.google.android.gms@203915020@20.39.15 (040406-335085812):7)
10-31 22:51:06.737   787  1169 E AsyncOperation: 	at java.util.concurrent.ThreadPoolExecutor.runWorker(ThreadPoolExecutor.java:1133)
10-31 22:51:06.737   787  1169 E AsyncOperation: 	at java.util.concurrent.ThreadPoolExecutor$Worker.run(ThreadPoolExecutor.java:607)
10-31 22:51:06.737   787  1169 E AsyncOperation: 	at tam.run(:com.google.android.gms@203915020@20.39.15 (040406-335085812):0)
10-31 22:51:06.737   787  1169 E AsyncOperation: 	at java.lang.Thread.run(Thread.java:761)
10-31 22:51:07.307   787  1716 W Icing   : isOptedInForAppHistory: empty Account Name encountered
10-31 22:51:07.324   787  1716 W Icing   : isOptedInForAppHistory: empty Account Name encountered
10-31 22:51:07.393   787 29189 W Icing   : isOptedInForAppHistory: empty Account Name encountered
10-31 22:51:07.401 29587 29587 I cr_tabmodel: Appending tabs being restored to metadata lists, 0, startingNormalCount: 2, startingIncognitoCount: 0
10-31 22:51:07.401 29587 29587 I cr_tabmodel: Serializing tab lists; counts: 2, 0
10-31 22:51:14.688 30152 30152 D MonkeyStub: translateCommand: touch down 614 1561
10-31 22:51:14.698 30152 30152 D MonkeyStub: translateCommand: touch move 614 1561
10-31 22:51:14.808 30152 30152 D MonkeyStub: translateCommand: touch move 614 1436
10-31 22:51:14.916 30152 30152 D MonkeyStub: translateCommand: touch move 614 1311
10-31 22:51:15.032 30152 30152 D MonkeyStub: translateCommand: touch move 614 1186
10-31 22:51:15.141 30152 30152 D MonkeyStub: translateCommand: touch move 614 1061
10-31 22:51:15.251 30152 30152 D MonkeyStub: translateCommand: touch move 614 937
10-31 22:51:15.363 30152 30152 D MonkeyStub: translateCommand: touch move 614 812
10-31 22:51:15.470 30152 30152 D MonkeyStub: translateCommand: touch move 614 687
10-31 22:51:15.580 30152 30152 D MonkeyStub: translateCommand: touch move 614 562
10-31 22:51:15.693 30152 30152 D MonkeyStub: translateCommand: touch move 614 437
10-31 22:51:15.740 17650 18132 I Icing   : IndexChimeraService.getServiceInterface callingPackage=com.android.chrome componentName=null serviceId=36
10-31 22:51:15.751 17650 17976 W Icing   : No valid account for uploading user actions
10-31 22:51:15.765 17650 18294 I Icing   : IndexChimeraService.getServiceInterface callingPackage=com.google.android.gms componentName=null serviceId=30
10-31 22:51:15.785 17650 17976 I Icing   : Usage reports ok 1, Failed Usage reports 0, indexed 1, rejected 0
10-31 22:51:15.789 17650 17976 W Icing   : No valid account for uploading user actions
10-31 22:51:15.798 17650 17976 I Icing   : Usage reports ok 0, Failed Usage reports 0, indexed 0, rejected 0
10-31 22:51:15.799 17650 17976 I Icing   : Indexing com.android.chrome-omnibox from com.android.chrome
10-31 22:51:15.811 30152 30152 D MonkeyStub: translateCommand: touch move 614 312
10-31 22:51:15.818 30152 30152 D MonkeyStub: translateCommand: touch up 614 312
10-31 22:51:15.860 17650 17976 I Icing   : Indexing done com.android.chrome-omnibox
10-31 22:51:15.867 30152 30152 D MonkeyStub: translateCommand: touch down 614 1561
10-31 22:51:15.873 30152 30152 D MonkeyStub: translateCommand: touch move 614 1561
10-31 22:51:15.986 30152 30152 D MonkeyStub: translateCommand: touch move 614 1436
10-31 22:51:16.092 30152 30152 D MonkeyStub: translateCommand: touch move 614 1311
10-31 22:51:16.199 30152 30152 D MonkeyStub: translateCommand: touch move 614 1186
10-31 22:51:16.311 30152 30152 D MonkeyStub: translateCommand: touch move 614 1061
10-31 22:51:16.426 30152 30152 D MonkeyStub: translateCommand: touch move 614 937
10-31 22:51:16.538 30152 30152 D MonkeyStub: translateCommand: touch move 614 812
10-31 22:51:16.643 30152 30152 D MonkeyStub: translateCommand: touch move 614 687
10-31 22:51:16.747 30152 30152 D MonkeyStub: translateCommand: touch move 614 562
10-31 22:51:16.817   787 28589 W Icing   : isOptedInForAppHistory: empty Account Name encountered
10-31 22:51:16.829   787 26337 W Icing   : isOptedInForAppHistory: empty Account Name encountered
10-31 22:51:16.852 30152 30152 D MonkeyStub: translateCommand: touch move 614 437
10-31 22:51:16.964 30152 30152 D MonkeyStub: translateCommand: touch move 614 312
10-31 22:51:16.969 30152 30152 D MonkeyStub: translateCommand: touch up 614 312
10-31 22:51:21.242 30152 30152 D MonkeyStub: translateCommand: touch down 614 1561
10-31 22:51:21.251 30152 30152 D MonkeyStub: translateCommand: touch move 614 1561
10-31 22:51:21.359 30152 30152 D MonkeyStub: translateCommand: touch move 614 1436
10-31 22:51:21.468 30152 30152 D MonkeyStub: translateCommand: touch move 614 1311
10-31 22:51:21.579 30152 30152 D MonkeyStub: translateCommand: touch move 614 1186
10-31 22:51:21.707 30152 30152 D MonkeyStub: translateCommand: touch move 614 1061
10-31 22:51:21.816 30152 30152 D MonkeyStub: translateCommand: touch move 614 937
10-31 22:51:21.927 30152 30152 D MonkeyStub: translateCommand: touch move 614 812
10-31 22:51:22.032 30152 30152 D MonkeyStub: translateCommand: touch move 614 687
10-31 22:51:22.142 30152 30152 D MonkeyStub: translateCommand: touch move 614 562
10-31 22:51:22.266 30152 30152 D MonkeyStub: translateCommand: touch move 614 437
10-31 22:51:22.372 30152 30152 D MonkeyStub: translateCommand: touch move 614 312
10-31 22:51:22.375 30152 30152 D MonkeyStub: translateCommand: touch up 614 312
10-31 22:51:23.667   600 22670 I ActivityManager: Start proc 30205:com.android.chrome:sandboxed_process22/u0i24 for service com.android.chrome/org.chromium.content.app.SandboxedProcessService22
10-31 22:51:23.740 30205 30205 W boxed_process22: type=1400 audit(0.0:15587): avc: denied { getattr } for path="/data/data/com.android.chrome" dev="dm-2" ino=12190 scontext=u:r:isolated_app:s0:c512,c768 tcontext=u:object_r:app_data_file:s0:c512,c768 tclass=dir permissive=0
10-31 22:51:23.761 30205 30205 I cr_ChildProcessService: Creating new ChildProcessService pid=30205
10-31 22:51:23.799   198   198 E SELinux : avc:  denied  { find } for service=netd pid=30204 uid=2000 scontext=u:r:shell:s0 tcontext=u:object_r:netd_service:s0 tclass=service_manager permissive=0
10-31 22:51:23.803   198   198 E SELinux : avc:  denied  { find } for service=android.service.gatekeeper.IGateKeeperService pid=30204 uid=2000 scontext=u:r:shell:s0 tcontext=u:object_r:gatekeeper_service:s0 tclass=service_manager permissive=0
10-31 22:51:23.808 30205 30218 I cr_LibraryLoader: Loaded native library version number "85.0.4183.127"
10-31 22:51:23.808 30205 30218 I cr_CachingUmaRecorder: Flushed 1 samples from 1 histograms.
10-31 22:51:23.823 30218 30218 W CrUtilityMain: type=1400 audit(0.0:15588): avc: denied { setattr } for name="LICENSE.txt" dev="dm-2" ino=60094 scontext=u:r:isolated_app:s0:c512,c768 tcontext=u:object_r:app_data_file:s0:c512,c768 tclass=file permissive=0
10-31 22:51:23.830 30218 30218 W CrUtilityMain: type=1400 audit(0.0:15589): avc: denied { setattr } for name=46696C746572696E672052756C6573 dev="dm-2" ino=63224 scontext=u:r:isolated_app:s0:c512,c768 tcontext=u:object_r:app_data_file:s0:c512,c768 tclass=file permissive=0
10-31 22:51:23.830 30218 30218 W CrUtilityMain: type=1400 audit(0.0:15590): avc: denied { setattr } for name="manifest.json" dev="dm-2" ino=62896 scontext=u:r:isolated_app:s0:c512,c768 tcontext=u:object_r:app_data_file:s0:c512,c768 tclass=file permissive=0
10-31 22:51:23.830 30218 30218 W CrUtilityMain: type=1400 audit(0.0:15591): avc: denied { setattr } for name="verified_contents.json" dev="dm-2" ino=43929 scontext=u:r:isolated_app:s0:c512,c768 tcontext=u:object_r:app_data_file:s0:c512,c768 tclass=file permissive=0
10-31 22:51:23.844 30205 30218 I chromium: [INFO:child_process_service.cc(69)] ChildProcessService: Exiting child process.
10-31 22:51:23.845 30205 30205 I cr_ChildProcessService: Destroying ChildProcessService pid=30205
10-31 22:51:23.847 30205 30205 I art     : System.exit called, status: 0
10-31 22:51:23.847 30205 30205 I AndroidRuntime: VM exiting with result code 0, cleanup skipped.
10-31 22:51:23.884   600   713 I ActivityManager: Process com.android.chrome:sandboxed_process22 (pid 30205) has died
10-31 22:51:23.884   600   713 D ActivityManager: cleanUpApplicationRecord -- 30205
10-31 22:51:23.886 29587 29587 W chromium: [WARNING:compositor_view.cc(315)] Child process died (type=6) pid=30205)
10-31 22:51:24.460 30152 30152 D MonkeyStub: translateCommand: tap 278 93
10-31 22:51:24.623   600  3675 I ActivityManager: Start proc 30224:com.android.chrome:sandboxed_process23/u0i25 for service com.android.chrome/org.chromium.content.app.SandboxedProcessService23
10-31 22:51:24.709   787  1169 E AsyncOperation: serviceID=121, operation=GetLaunchDataOperation [CONTEXT service_id=259 ]
10-31 22:51:24.709   787  1169 E AsyncOperation: OperationException[Status{statusCode=Not an instant app, resolution=null}]
10-31 22:51:24.709   787  1169 E AsyncOperation: 	at aeay.a(:com.google.android.gms@203915020@20.39.15 (040406-335085812):20)
10-31 22:51:24.709   787  1169 E AsyncOperation: 	at aain.run(:com.google.android.gms@203915020@20.39.15 (040406-335085812):7)
10-31 22:51:24.709   787  1169 E AsyncOperation: 	at boex.run(:com.google.android.gms@203915020@20.39.15 (040406-335085812):2)
10-31 22:51:24.709   787  1169 E AsyncOperation: 	at sup.b(:com.google.android.gms@203915020@20.39.15 (040406-335085812):12)
10-31 22:51:24.709   787  1169 E AsyncOperation: 	at sup.run(:com.google.android.gms@203915020@20.39.15 (040406-335085812):7)
10-31 22:51:24.709   787  1169 E AsyncOperation: 	at java.util.concurrent.ThreadPoolExecutor.runWorker(ThreadPoolExecutor.java:1133)
10-31 22:51:24.709   787  1169 E AsyncOperation: 	at java.util.concurrent.ThreadPoolExecutor$Worker.run(ThreadPoolExecutor.java:607)
10-31 22:51:24.709   787  1169 E AsyncOperation: 	at tam.run(:com.google.android.gms@203915020@20.39.15 (040406-335085812):0)
10-31 22:51:24.709   787  1169 E AsyncOperation: 	at java.lang.Thread.run(Thread.java:761)
10-31 22:51:24.750 30224 30224 W boxed_process23: type=1400 audit(0.0:15592): avc: denied { getattr } for path="/data/data/com.android.chrome" dev="dm-2" ino=12190 scontext=u:r:isolated_app:s0:c512,c768 tcontext=u:object_r:app_data_file:s0:c512,c768 tclass=dir permissive=0
10-31 22:51:24.777 30224 30224 I cr_ChildProcessService: Creating new ChildProcessService pid=30224
10-31 22:51:24.845 30224 30237 I cr_LibraryLoader: Loaded native library version number "85.0.4183.127"
10-31 22:51:24.847 30224 30237 I cr_CachingUmaRecorder: Flushed 1 samples from 1 histograms.
10-31 22:51:24.886 30237 30237 W CrUtilityMain: type=1400 audit(0.0:15593): avc: denied { setattr } for name="tl_en-us_2022-10-26_484799359_100000_index.bin" dev="dm-2" ino=60137 scontext=u:r:isolated_app:s0:c512,c768 tcontext=u:object_r:app_data_file:s0:c512,c768 tclass=file permissive=0
10-31 22:51:24.886 30237 30237 W CrUtilityMain: type=1400 audit(0.0:15594): avc: denied { setattr } for name="manifest.json" dev="dm-2" ino=53538 scontext=u:r:isolated_app:s0:c512,c768 tcontext=u:object_r:app_data_file:s0:c512,c768 tclass=file permissive=0
10-31 22:51:24.890 30237 30237 W CrUtilityMain: type=1400 audit(0.0:15595): avc: denied { setattr } for name="verified_contents.json" dev="dm-2" ino=56834 scontext=u:r:isolated_app:s0:c512,c768 tcontext=u:object_r:app_data_file:s0:c512,c768 tclass=file permissive=0
10-31 22:51:24.906 30224 30224 I cr_ChildProcessService: Destroying ChildProcessService pid=30224
10-31 22:51:24.910 30224 30224 I art     : System.exit called, status: 0
10-31 22:51:24.910 30224 30224 I AndroidRuntime: VM exiting with result code 0, cleanup skipped.
10-31 22:51:24.940   600  3994 I ActivityManager: Process com.android.chrome:sandboxed_process23 (pid 30224) has died
10-31 22:51:24.940   600  3994 D ActivityManager: cleanUpApplicationRecord -- 30224
10-31 22:51:24.955 29587 29587 W chromium: [WARNING:compositor_view.cc(315)] Child process died (type=6) pid=30224)
10-31 22:51:25.280   787  1620 W Icing   : isOptedInForAppHistory: empty Account Name encountered
10-31 22:51:25.288   787  1620 W Icing   : isOptedInForAppHistory: empty Account Name encountered
10-31 22:51:25.306   787 29189 W Icing   : isOptedInForAppHistory: empty Account Name encountered
10-31 22:51:25.572 29587 29587 I cr_tabmodel: Appending tabs being restored to metadata lists, 0, startingNormalCount: 2, startingIncognitoCount: 0
10-31 22:51:25.572 29587 29587 I cr_tabmodel: Serializing tab lists; counts: 2, 0
10-31 22:51:26.074   600  3967 I ActivityManager: Start proc 30243:com.android.chrome:sandboxed_process24/u0i26 for service com.android.chrome/org.chromium.content.app.SandboxedProcessService24
10-31 22:51:26.146 30243 30243 W boxed_process24: type=1400 audit(0.0:15596): avc: denied { getattr } for path="/data/data/com.android.chrome" dev="dm-2" ino=12190 scontext=u:r:isolated_app:s0:c512,c768 tcontext=u:object_r:app_data_file:s0:c512,c768 tclass=dir permissive=0
10-31 22:51:26.173 30243 30243 I cr_ChildProcessService: Creating new ChildProcessService pid=30243
10-31 22:51:26.224 30243 30256 I cr_LibraryLoader: Loaded native library version number "85.0.4183.127"
10-31 22:51:26.224 30243 30256 I cr_CachingUmaRecorder: Flushed 1 samples from 1 histograms.
10-31 22:51:26.240 30256 30256 W CrUtilityMain: type=1400 audit(0.0:15597): avc: denied { setattr } for name="optimization-hints.pb" dev="dm-2" ino=22553 scontext=u:r:isolated_app:s0:c512,c768 tcontext=u:object_r:app_data_file:s0:c512,c768 tclass=file permissive=0
10-31 22:51:26.240 30256 30256 W CrUtilityMain: type=1400 audit(0.0:15598): avc: denied { setattr } for name="manifest.json" dev="dm-2" ino=23626 scontext=u:r:isolated_app:s0:c512,c768 tcontext=u:object_r:app_data_file:s0:c512,c768 tclass=file permissive=0
10-31 22:51:26.243 30256 30256 W CrUtilityMain: type=1400 audit(0.0:15599): avc: denied { setattr } for name="verified_contents.json" dev="dm-2" ino=47300 scontext=u:r:isolated_app:s0:c512,c768 tcontext=u:object_r:app_data_file:s0:c512,c768 tclass=file permissive=0
10-31 22:51:26.254 30243 30256 I chromium: [INFO:child_process_service.cc(69)] ChildProcessService: Exiting child process.
10-31 22:51:26.255   197   197 E lowmemorykiller: Error writing /proc/30243/oom_score_adj; errno=22
10-31 22:51:26.260   600  3675 I ActivityManager: Process com.android.chrome:sandboxed_process24 (pid 30243) has died
10-31 22:51:26.260   600  3675 D ActivityManager: cleanUpApplicationRecord -- 30243
10-31 22:51:26.261 29587 29587 W chromium: [WARNING:compositor_view.cc(315)] Child process died (type=6) pid=30243)
10-31 22:51:27.701   600 29683 I ActivityManager: Start proc 30260:com.android.chrome:sandboxed_process25/u0i27 for service com.android.chrome/org.chromium.content.app.SandboxedProcessService25
10-31 22:51:27.743 30260 30260 W boxed_process25: type=1400 audit(0.0:15600): avc: denied { getattr } for path="/data/data/com.android.chrome" dev="dm-2" ino=12190 scontext=u:r:isolated_app:s0:c512,c768 tcontext=u:object_r:app_data_file:s0:c512,c768 tclass=dir permissive=0
10-31 22:51:27.766 30260 30260 I cr_ChildProcessService: Creating new ChildProcessService pid=30260
10-31 22:51:27.802 30260 30273 I cr_LibraryLoader: Loaded native library version number "85.0.4183.127"
10-31 22:51:27.802 30260 30273 I cr_CachingUmaRecorder: Flushed 1 samples from 1 histograms.
10-31 22:51:27.813 30273 30273 W CrUtilityMain: type=1400 audit(0.0:15601): avc: denied { setattr } for name="crl-set" dev="dm-2" ino=9572 scontext=u:r:isolated_app:s0:c512,c768 tcontext=u:object_r:app_data_file:s0:c512,c768 tclass=file permissive=0
10-31 22:51:27.816 30273 30273 W CrUtilityMain: type=1400 audit(0.0:15602): avc: denied { setattr } for name="manifest.json" dev="dm-2" ino=8249 scontext=u:r:isolated_app:s0:c512,c768 tcontext=u:object_r:app_data_file:s0:c512,c768 tclass=file permissive=0
10-31 22:51:27.816 30273 30273 W CrUtilityMain: type=1400 audit(0.0:15603): avc: denied { setattr } for name="LICENSE" dev="dm-2" ino=51906 scontext=u:r:isolated_app:s0:c512,c768 tcontext=u:object_r:app_data_file:s0:c512,c768 tclass=file permissive=0
10-31 22:51:27.820 30273 30273 W CrUtilityMain: type=1400 audit(0.0:15604): avc: denied { setattr } for name="verified_contents.json" dev="dm-2" ino=15722 scontext=u:r:isolated_app:s0:c512,c768 tcontext=u:object_r:app_data_file:s0:c512,c768 tclass=file permissive=0
10-31 22:51:27.828 30260 30273 I chromium: [INFO:child_process_service.cc(69)] ChildProcessService: Exiting child process.
10-31 22:51:27.829 30260 30260 I cr_ChildProcessService: Destroying ChildProcessService pid=30260
10-31 22:51:27.854   600 24515 I ActivityManager: Process com.android.chrome:sandboxed_process25 (pid 30260) has died
10-31 22:51:27.854   600 24515 D ActivityManager: cleanUpApplicationRecord -- 30260
10-31 22:51:27.856 29587 29587 W chromium: [WARNING:compositor_view.cc(315)] Child process died (type=6) pid=30260)
10-31 22:51:29.476   600  3994 I ActivityManager: Start proc 30279:com.android.chrome:sandboxed_process26/u0i28 for service com.android.chrome/org.chromium.content.app.SandboxedProcessService26
10-31 22:51:29.516 30279 30279 W boxed_process26: type=1400 audit(0.0:15605): avc: denied { getattr } for path="/data/data/com.android.chrome" dev="dm-2" ino=12190 scontext=u:r:isolated_app:s0:c512,c768 tcontext=u:object_r:app_data_file:s0:c512,c768 tclass=dir permissive=0
10-31 22:51:29.538 30279 30279 I cr_ChildProcessService: Creating new ChildProcessService pid=30279
10-31 22:51:29.575 30279 30292 I cr_LibraryLoader: Loaded native library version number "85.0.4183.127"
10-31 22:51:29.575 30279 30292 I cr_CachingUmaRecorder: Flushed 1 samples from 1 histograms.
10-31 22:51:29.590 30292 30292 W CrUtilityMain: type=1400 audit(0.0:15606): avc: denied { setattr } for name="manifest.json" dev="dm-2" ino=23426 scontext=u:r:isolated_app:s0:c512,c768 tcontext=u:object_r:app_data_file:s0:c512,c768 tclass=file permissive=0
10-31 22:51:29.590 30292 30292 W CrUtilityMain: type=1400 audit(0.0:15607): avc: denied { setattr } for name="verified_contents.json" dev="dm-2" ino=23273 scontext=u:r:isolated_app:s0:c512,c768 tcontext=u:object_r:app_data_file:s0:c512,c768 tclass=file permissive=0
10-31 22:51:29.595 30279 30292 I chromium: [INFO:child_process_service.cc(69)] ChildProcessService: Exiting child process.
10-31 22:51:29.598   197   197 E lowmemorykiller: Error writing /proc/30279/oom_score_adj; errno=22
10-31 22:51:29.622   600 25704 I ActivityManager: Process com.android.chrome:sandboxed_process26 (pid 30279) has died
10-31 22:51:29.622   600 25704 D ActivityManager: cleanUpApplicationRecord -- 30279
10-31 22:51:29.623 29587 29587 W chromium: [WARNING:compositor_view.cc(315)] Child process died (type=6) pid=30279)
10-31 22:51:29.656   600 13631 I ActivityManager: Start proc 30296:com.android.chrome:sandboxed_process27/u0i29 for service com.android.chrome/org.chromium.content.app.SandboxedProcessService27
10-31 22:51:29.686 30296 30296 W boxed_process27: type=1400 audit(0.0:15608): avc: denied { getattr } for path="/data/data/com.android.chrome" dev="dm-2" ino=12190 scontext=u:r:isolated_app:s0:c512,c768 tcontext=u:object_r:app_data_file:s0:c512,c768 tclass=dir permissive=0
10-31 22:51:29.706 30296 30296 I cr_ChildProcessService: Creating new ChildProcessService pid=30296
10-31 22:51:29.740 30296 30309 I cr_LibraryLoader: Loaded native library version number "85.0.4183.127"
10-31 22:51:29.740 30296 30309 I cr_CachingUmaRecorder: Flushed 1 samples from 1 histograms.
10-31 22:51:29.753 30309 30309 W CrUtilityMain: type=1400 audit(0.0:15609): avc: denied { setattr } for name="download_file_types.pb" dev="dm-2" ino=30516 scontext=u:r:isolated_app:s0:c512,c768 tcontext=u:object_r:app_data_file:s0:c512,c768 tclass=file permissive=0
10-31 22:51:29.753 30309 30309 W CrUtilityMain: type=1400 audit(0.0:15610): avc: denied { setattr } for name="manifest.json" dev="dm-2" ino=59270 scontext=u:r:isolated_app:s0:c512,c768 tcontext=u:object_r:app_data_file:s0:c512,c768 tclass=file permissive=0
10-31 22:51:29.756 30309 30309 W CrUtilityMain: type=1400 audit(0.0:15611): avc: denied { setattr } for name="verified_contents.json" dev="dm-2" ino=51695 scontext=u:r:isolated_app:s0:c512,c768 tcontext=u:object_r:app_data_file:s0:c512,c768 tclass=file permissive=0
10-31 22:51:29.765 30296 30309 I chromium: [INFO:child_process_service.cc(69)] ChildProcessService: Exiting child process.
10-31 22:51:29.770   197   197 E lowmemorykiller: Error writing /proc/30296/oom_score_adj; errno=22
10-31 22:51:29.770   600 17381 E JavaBinder: !!! FAILED BINDER TRANSACTION !!!  (parcel size = 76)
10-31 22:51:29.771   600 17381 E JavaBinder: !!! FAILED BINDER TRANSACTION !!!  (parcel size = 576)
10-31 22:51:29.771   600 17381 W ActivityManager: Exception when unbinding service com.android.chrome/org.chromium.content.app.SandboxedProcessService27
10-31 22:51:29.771   600 17381 W ActivityManager: android.os.DeadObjectException: Transaction failed on small parcel; remote process probably died
10-31 22:51:29.771   600 17381 W ActivityManager: 	at android.os.BinderProxy.transactNative(Native Method)
10-31 22:51:29.771   600 17381 W ActivityManager: 	at android.os.BinderProxy.transact(Binder.java:615)
10-31 22:51:29.771   600 17381 W ActivityManager: 	at android.app.ApplicationThreadProxy.scheduleUnbindService(ApplicationThreadNative.java:1016)
10-31 22:51:29.771   600 17381 W ActivityManager: 	at com.android.server.am.ActiveServices.removeConnectionLocked(ActiveServices.java:2175)
10-31 22:51:29.771   600 17381 W ActivityManager: 	at com.android.server.am.ActiveServices.unbindServiceLocked(ActiveServices.java:1163)
10-31 22:51:29.771   600 17381 W ActivityManager: 	at com.android.server.am.ActivityManagerService.unbindService(ActivityManagerService.java:17309)
10-31 22:51:29.771   600 17381 W ActivityManager: 	at android.app.ActivityManagerNative.onTransact(ActivityManagerNative.java:1145)
10-31 22:51:29.771   600 17381 W ActivityManager: 	at com.android.server.am.ActivityManagerService.onTransact(ActivityManagerService.java:2795)
10-31 22:51:29.771   600 17381 W ActivityManager: 	at android.os.Binder.execTransact(Binder.java:565)
10-31 22:51:29.771   600 17381 E JavaBinder: !!! FAILED BINDER TRANSACTION !!!  (parcel size = 76)
10-31 22:51:29.772   197   197 E lowmemorykiller: Error writing /proc/30296/oom_score_adj; errno=22
10-31 22:51:29.772   600 17381 E JavaBinder: !!! FAILED BINDER TRANSACTION !!!  (parcel size = 76)
10-31 22:51:29.785   600 10249 I ActivityManager: Process com.android.chrome:sandboxed_process27 (pid 30296) has died
10-31 22:51:29.785   600 10249 D ActivityManager: cleanUpApplicationRecord -- 30296
10-31 22:51:29.786 29587 29587 W chromium: [WARNING:compositor_view.cc(315)] Child process died (type=6) pid=30296)
10-31 22:51:30.006   600 16391 I ActivityManager: Start proc 30313:com.android.chrome:sandboxed_process28/u0i30 for service com.android.chrome/org.chromium.content.app.SandboxedProcessService28
10-31 22:51:30.066 30313 30313 W boxed_process28: type=1400 audit(0.0:15612): avc: denied { getattr } for path="/data/data/com.android.chrome" dev="dm-2" ino=12190 scontext=u:r:isolated_app:s0:c512,c768 tcontext=u:object_r:app_data_file:s0:c512,c768 tclass=dir permissive=0
10-31 22:51:30.098 30313 30313 I cr_ChildProcessService: Creating new ChildProcessService pid=30313
10-31 22:51:30.152 30313 30326 I cr_LibraryLoader: Loaded native library version number "85.0.4183.127"
10-31 22:51:30.153 30313 30326 I cr_CachingUmaRecorder: Flushed 1 samples from 1 histograms.
10-31 22:51:30.173 30326 30326 W CrUtilityMain: type=1400 audit(0.0:15613): avc: denied { setattr } for name="ssl_error_assistant.pb" dev="dm-2" ino=54694 scontext=u:r:isolated_app:s0:c512,c768 tcontext=u:object_r:app_data_file:s0:c512,c768 tclass=file permissive=0
10-31 22:51:30.176 30326 30326 W CrUtilityMain: type=1400 audit(0.0:15614): avc: denied { setattr } for name="manifest.json" dev="dm-2" ino=57984 scontext=u:r:isolated_app:s0:c512,c768 tcontext=u:object_r:app_data_file:s0:c512,c768 tclass=file permissive=0
10-31 22:51:30.180 30326 30326 W CrUtilityMain: type=1400 audit(0.0:15615): avc: denied { setattr } for name="verified_contents.json" dev="dm-2" ino=45938 scontext=u:r:isolated_app:s0:c512,c768 tcontext=u:object_r:app_data_file:s0:c512,c768 tclass=file permissive=0
10-31 22:51:30.192 30313 30326 I chromium: [INFO:child_process_service.cc(69)] ChildProcessService: Exiting child process.
10-31 22:51:30.197   197   197 E lowmemorykiller: Error writing /proc/30313/oom_score_adj; errno=22
10-31 22:51:30.217   600  1081 I ActivityManager: Process com.android.chrome:sandboxed_process28 (pid 30313) has died
10-31 22:51:30.218   600  1081 D ActivityManager: cleanUpApplicationRecord -- 30313
10-31 22:51:30.222 29587 29587 W chromium: [WARNING:compositor_view.cc(315)] Child process died (type=6) pid=30313)
10-31 22:51:30.725   600  3509 I ActivityManager: Start proc 30330:com.android.chrome:sandboxed_process29/u0i31 for service com.android.chrome/org.chromium.content.app.SandboxedProcessService29
10-31 22:51:30.786 30330 30330 W boxed_process29: type=1400 audit(0.0:15616): avc: denied { getattr } for path="/data/data/com.android.chrome" dev="dm-2" ino=12190 scontext=u:r:isolated_app:s0:c512,c768 tcontext=u:object_r:app_data_file:s0:c512,c768 tclass=dir permissive=0
10-31 22:51:30.821 30330 30330 I cr_ChildProcessService: Creating new ChildProcessService pid=30330
10-31 22:51:30.882 30330 30343 I cr_LibraryLoader: Loaded native library version number "85.0.4183.127"
10-31 22:51:30.884 30330 30343 I cr_CachingUmaRecorder: Flushed 1 samples from 1 histograms.
10-31 22:51:30.906 30343 30343 W CrUtilityMain: type=1400 audit(0.0:15617): avc: denied { setattr } for name="safety_tips.pb" dev="dm-2" ino=17074 scontext=u:r:isolated_app:s0:c512,c768 tcontext=u:object_r:app_data_file:s0:c512,c768 tclass=file permissive=0
10-31 22:51:30.910 30343 30343 W CrUtilityMain: type=1400 audit(0.0:15618): avc: denied { setattr } for name="manifest.json" dev="dm-2" ino=12666 scontext=u:r:isolated_app:s0:c512,c768 tcontext=u:object_r:app_data_file:s0:c512,c768 tclass=file permissive=0
10-31 22:51:30.913 30343 30343 W CrUtilityMain: type=1400 audit(0.0:15619): avc: denied { setattr } for name="verified_contents.json" dev="dm-2" ino=6763 scontext=u:r:isolated_app:s0:c512,c768 tcontext=u:object_r:app_data_file:s0:c512,c768 tclass=file permissive=0
10-31 22:51:30.923 30330 30343 I chromium: [INFO:child_process_service.cc(69)] ChildProcessService: Exiting child process.
10-31 22:51:30.926 30330 30330 I cr_ChildProcessService: Destroying ChildProcessService pid=30330
10-31 22:51:30.947   600  1081 I ActivityManager: Process com.android.chrome:sandboxed_process29 (pid 30330) has died
10-31 22:51:30.947   600  1081 D ActivityManager: cleanUpApplicationRecord -- 30330
10-31 22:51:30.948 29587 29587 W chromium: [WARNING:compositor_view.cc(315)] Child process died (type=6) pid=30330)
10-31 22:51:31.742   600  7064 I ActivityManager: Start proc 30350:com.android.chrome:sandboxed_process30/u0i32 for service com.android.chrome/org.chromium.content.app.SandboxedProcessService30
10-31 22:51:31.810 30350 30350 W boxed_process30: type=1400 audit(0.0:15620): avc: denied { getattr } for path="/data/data/com.android.chrome" dev="dm-2" ino=12190 scontext=u:r:isolated_app:s0:c512,c768 tcontext=u:object_r:app_data_file:s0:c512,c768 tclass=dir permissive=0
10-31 22:51:31.840 30350 30350 I cr_ChildProcessService: Creating new ChildProcessService pid=30350
10-31 22:51:31.900 30350 30363 I cr_LibraryLoader: Loaded native library version number "85.0.4183.127"
10-31 22:51:31.900 30350 30363 I cr_CachingUmaRecorder: Flushed 1 samples from 1 histograms.
10-31 22:51:31.913 30363 30363 W CrUtilityMain: type=1400 audit(0.0:15621): avc: denied { setattr } for name=5072656C6F61642044617461 dev="dm-2" ino=61038 scontext=u:r:isolated_app:s0:c512,c768 tcontext=u:object_r:app_data_file:s0:c512,c768 tclass=file permissive=0
10-31 22:51:31.916 30363 30363 W CrUtilityMain: type=1400 audit(0.0:15622): avc: denied { setattr } for name="manifest.json" dev="dm-2" ino=46260 scontext=u:r:isolated_app:s0:c512,c768 tcontext=u:object_r:app_data_file:s0:c512,c768 tclass=file permissive=0
10-31 22:51:31.916 30363 30363 W CrUtilityMain: type=1400 audit(0.0:15623): avc: denied { setattr } for name="verified_contents.json" dev="dm-2" ino=44770 scontext=u:r:isolated_app:s0:c512,c768 tcontext=u:object_r:app_data_file:s0:c512,c768 tclass=file permissive=0
10-31 22:51:31.929 30350 30363 I chromium: [INFO:child_process_service.cc(69)] ChildProcessService: Exiting child process.
10-31 22:51:31.930   197   197 E lowmemorykiller: Error writing /proc/30350/oom_score_adj; errno=22
10-31 22:51:31.957   600 17381 I ActivityManager: Process com.android.chrome:sandboxed_process30 (pid 30350) has died
10-31 22:51:31.957   600 17381 D ActivityManager: cleanUpApplicationRecord -- 30350
10-31 22:51:31.959 29587 29587 W chromium: [WARNING:compositor_view.cc(315)] Child process died (type=6) pid=30350)
10-31 22:51:32.703 30152 30152 D MonkeyStub: translateCommand: touch down 614 1561
10-31 22:51:32.715 30152 30152 D MonkeyStub: translateCommand: touch move 614 1561
10-31 22:51:32.830 30152 30152 D MonkeyStub: translateCommand: touch move 614 1436
10-31 22:51:32.934 30152 30152 D MonkeyStub: translateCommand: touch move 614 1311
10-31 22:51:32.983   600  1080 I ActivityManager: Start proc 30368:com.android.chrome:sandboxed_process31/u0i33 for service com.android.chrome/org.chromium.content.app.SandboxedProcessService31
10-31 22:51:33.036 30368 30368 W boxed_process31: type=1400 audit(0.0:15624): avc: denied { getattr } for path="/data/data/com.android.chrome" dev="dm-2" ino=12190 scontext=u:r:isolated_app:s0:c512,c768 tcontext=u:object_r:app_data_file:s0:c512,c768 tclass=dir permissive=0
10-31 22:51:33.045 30152 30152 D MonkeyStub: translateCommand: touch move 614 1186
10-31 22:51:33.085 30368 30368 I cr_ChildProcessService: Creating new ChildProcessService pid=30368
10-31 22:51:33.144 30368 30382 I cr_LibraryLoader: Loaded native library version number "85.0.4183.127"
10-31 22:51:33.144 30368 30382 I cr_CachingUmaRecorder: Flushed 1 samples from 1 histograms.
10-31 22:51:33.159 30152 30152 D MonkeyStub: translateCommand: touch move 614 1061
10-31 22:51:33.176 30382 30382 W CrUtilityMain: type=1400 audit(0.0:15625): avc: denied { setattr } for name="tls_deprecation_config.pb" dev="dm-2" ino=29419 scontext=u:r:isolated_app:s0:c512,c768 tcontext=u:object_r:app_data_file:s0:c512,c768 tclass=file permissive=0
10-31 22:51:33.180 30382 30382 W CrUtilityMain: type=1400 audit(0.0:15626): avc: denied { setattr } for name="manifest.json" dev="dm-2" ino=25218 scontext=u:r:isolated_app:s0:c512,c768 tcontext=u:object_r:app_data_file:s0:c512,c768 tclass=file permissive=0
10-31 22:51:33.186 30382 30382 W CrUtilityMain: type=1400 audit(0.0:15627): avc: denied { setattr } for name="verified_contents.json" dev="dm-2" ino=12110 scontext=u:r:isolated_app:s0:c512,c768 tcontext=u:object_r:app_data_file:s0:c512,c768 tclass=file permissive=0
10-31 22:51:33.194 30368 30368 I cr_ChildProcessService: Destroying ChildProcessService pid=30368
10-31 22:51:33.194 30368 30382 I chromium: [INFO:child_process_service.cc(69)] ChildProcessService: Exiting child process.
10-31 22:51:33.214   600 16391 I ActivityManager: Process com.android.chrome:sandboxed_process31 (pid 30368) has died
10-31 22:51:33.214   600 16391 D ActivityManager: cleanUpApplicationRecord -- 30368
10-31 22:51:33.216 29587 29587 W chromium: [WARNING:compositor_view.cc(315)] Child process died (type=6) pid=30368)
10-31 22:51:33.263 30152 30152 D MonkeyStub: translateCommand: touch move 614 937
10-31 22:51:33.371 30152 30152 D MonkeyStub: translateCommand: touch move 614 812
10-31 22:51:33.480 30152 30152 D MonkeyStub: translateCommand: touch move 614 687
10-31 22:51:33.593 30152 30152 D MonkeyStub: translateCommand: touch move 614 562
10-31 22:51:33.707 30152 30152 D MonkeyStub: translateCommand: touch move 614 437
10-31 22:51:33.841 30152 30152 D MonkeyStub: translateCommand: touch move 614 312
10-31 22:51:33.848 30152 30152 D MonkeyStub: translateCommand: touch up 614 312
10-31 22:51:33.869 30152 30152 D MonkeyStub: translateCommand: touch down 614 1561
10-31 22:51:33.877 30152 30152 D MonkeyStub: translateCommand: touch move 614 1561
10-31 22:51:33.992 30152 30152 D MonkeyStub: translateCommand: touch move 614 1436
10-31 22:51:34.096 30152 30152 D MonkeyStub: translateCommand: touch move 614 1311
10-31 22:51:34.202 30152 30152 D MonkeyStub: translateCommand: touch move 614 1186
10-31 22:51:34.321 30152 30152 D MonkeyStub: translateCommand: touch move 614 1061
10-31 22:51:34.430 30152 30152 D MonkeyStub: translateCommand: touch move 614 937
10-31 22:51:34.549 30152 30152 D MonkeyStub: translateCommand: touch move 614 812
10-31 22:51:34.662 30152 30152 D MonkeyStub: translateCommand: touch move 614 687
10-31 22:51:34.769 30152 30152 D MonkeyStub: translateCommand: touch move 614 562
10-31 22:51:34.877 30152 30152 D MonkeyStub: translateCommand: touch move 614 437
10-31 22:51:34.986 30152 30152 D MonkeyStub: translateCommand: touch move 614 312
10-31 22:51:34.990 30152 30152 D MonkeyStub: translateCommand: touch up 614 312
10-31 22:51:39.074 30152 30152 D MonkeyStub: translateCommand: touch down 614 1561
10-31 22:51:39.086 30152 30152 D MonkeyStub: translateCommand: touch move 614 1561
10-31 22:51:39.210 30152 30152 D MonkeyStub: translateCommand: touch move 614 1436
10-31 22:51:39.314 30152 30152 D MonkeyStub: translateCommand: touch move 614 1311
10-31 22:51:39.424 30152 30152 D MonkeyStub: translateCommand: touch move 614 1186
10-31 22:51:39.548 30152 30152 D MonkeyStub: translateCommand: touch move 614 1061
10-31 22:51:39.672 30152 30152 D MonkeyStub: translateCommand: touch move 614 937
10-31 22:51:39.790 30152 30152 D MonkeyStub: translateCommand: touch move 614 812
10-31 22:51:39.914 30152 30152 D MonkeyStub: translateCommand: touch move 614 687
10-31 22:51:40.035 30152 30152 D MonkeyStub: translateCommand: touch move 614 562
10-31 22:51:40.161 30152 30152 D MonkeyStub: translateCommand: touch move 614 437
10-31 22:51:40.293 30152 30152 D MonkeyStub: translateCommand: touch move 614 312
10-31 22:51:40.303 30152 30152 D MonkeyStub: translateCommand: touch up 614 312
10-31 22:51:44.384 30152 30152 D MonkeyStub: translateCommand: touch down 614 1561
10-31 22:51:44.396 30152 30152 D MonkeyStub: translateCommand: touch move 614 1561
10-31 22:51:44.508 30152 30152 D MonkeyStub: translateCommand: touch move 614 1436
10-31 22:51:44.612 30152 30152 D MonkeyStub: translateCommand: touch move 614 1311
10-31 22:51:44.729 30152 30152 D MonkeyStub: translateCommand: touch move 614 1186
10-31 22:51:44.836 30152 30152 D MonkeyStub: translateCommand: touch move 614 1061
10-31 22:51:44.942 30152 30152 D MonkeyStub: translateCommand: touch move 614 937
10-31 22:51:45.057 30152 30152 D MonkeyStub: translateCommand: touch move 614 812
10-31 22:51:45.167 30152 30152 D MonkeyStub: translateCommand: touch move 614 687
10-31 22:51:45.273 30152 30152 D MonkeyStub: translateCommand: touch move 614 562
10-31 22:51:45.389 30152 30152 D MonkeyStub: translateCommand: touch move 614 437
