11-02 12:03:48.366   601 12691 I ActivityManager: Killing 22517:com.android.chrome:sandboxed_process17/u0a35i643 (adj 900): isolated not needed
11-02 12:03:48.366   601 17045 D ActivityManager: cleanUpApplicationRecord -- 22225
11-02 12:03:48.367   601   660 D ActivityManager: cleanUpApplicationRecord -- 22452
11-02 12:03:48.373   601  9643 D ActivityManager: cleanUpApplicationRecord -- 22517
11-02 12:03:48.378   601  9611 D ActivityManager: cleanUpApplicationRecord -- 22413
11-02 12:03:48.387 22388 22483 W dex2oat : Compilation of void a.a.c.<clinit>() took 820.225ms
11-02 12:03:48.389 22388 22388 W dex2oat : Compilation of void a.b.a.a.<clinit>() took 820.934ms
11-02 12:03:48.407 22073 22073 W chromium: [WARNING:compositor_view.cc(315)] Child process died (type=6) pid=22288)
11-02 12:03:48.407 22073 22073 W chromium: [WARNING:compositor_view.cc(315)] Child process died (type=6) pid=22302)
11-02 12:03:48.408 22073 22073 W chromium: [WARNING:compositor_view.cc(315)] Child process died (type=6) pid=22245)
11-02 12:03:48.408 22073 22073 W chromium: [WARNING:compositor_view.cc(315)] Child process died (type=6) pid=22276)
11-02 12:03:48.408 22073 22073 W chromium: [WARNING:compositor_view.cc(315)] Child process died (type=6) pid=22218)
11-02 12:03:48.408 22073 22073 W chromium: [WARNING:compositor_view.cc(315)] Child process died (type=6) pid=22225)
11-02 12:03:48.409 22073 22073 W chromium: [WARNING:compositor_view.cc(315)] Child process died (type=6) pid=22452)
11-02 12:03:48.409 22073 22073 W chromium: [WARNING:compositor_view.cc(315)] Child process died (type=6) pid=22517)
11-02 12:03:48.409 22073 22073 W chromium: [WARNING:compositor_view.cc(315)] Child process died (type=6) pid=22413)
11-02 12:03:48.423   601  3564 D ActivityManager: cleanUpApplicationRecord -- 22398
11-02 12:03:48.440 22388 22388 I dex2oat : dex2oat took 1.420s (threads: 2) arena alloc=771KB (790272B) java alloc=100KB (103232B) native alloc=559KB (573328B) free=1488KB (1523824B)
11-02 12:03:48.476 22073 22073 W chromium: [WARNING:compositor_view.cc(315)] Child process died (type=6) pid=22398)
11-02 12:03:48.493   601 12301 D ActivityManager: cleanUpApplicationRecord -- 22376
11-02 12:03:48.535 22073 22073 W chromium: [WARNING:compositor_view.cc(315)] Child process died (type=6) pid=22376)
11-02 12:03:48.728 22073 22073 I FeedRequestManagerImpl: Request: /httpservice/noretry/DiscoverClankService/FeedQuery completed with response code: 200
11-02 12:03:48.728 22073 22073 I TaskQueue:  - task [IMMEDIATE - d: true, b: 2]: 15
11-02 12:03:48.728 22073 22073 I TaskQueue:  - queueTask starting immediate task
11-02 12:03:48.728 22073 22130 I TaskQueue: Execute task [IMMEDIATE - d: true, b: 2]: 15
11-02 12:03:48.861 22073 22083 W art     : Suspending all threads took: 12.613ms
11-02 12:03:48.870 22073 22083 I art     : Background sticky concurrent mark sweep GC freed 9539(430KB) AllocSpace objects, 0(0B) LOS objects, 1% free, 15MB/15MB, paused 13.465ms total 37.651ms
11-02 12:03:48.871 22073 22130 I MainThreadRunner: Running task [FeedRequestManagerImpl consumer] on the Main Thread
11-02 12:03:48.871 22073 22073 I FeedProtocolAdapter: createModel, operations 33
11-02 12:03:48.876 22073 22073 I TimingUtils: Task Timing   4ms, thread ui | task : convertWireProtocol | mutations : 33
11-02 12:03:48.877 22073 22073 I TaskQueue:  - task [HEAD_RESET - d: true, b: 2]: 5
11-02 12:03:48.879 22073 22130 I TaskQueue:  - Finished 15, time 150 ms
11-02 12:03:48.879 22073 22130 I TaskQueue: Execute task [HEAD_RESET - d: true, b: 2]: 5
11-02 12:03:48.885 22073 22130 I TaskQueue:  - task [BACKGROUND - d: true, b: 2]: 23
11-02 12:03:48.886 22073 22130 W SessionCache: Persisted Sessions were not found
11-02 12:03:48.891 22073 22130 I PersistentFeedStore: commitSessionMutation - Success true, Update Session $HEAD, stream structures 32
11-02 12:03:48.902 22073 22130 I MainThreadRunner: Running task [SchedulerApiWrapper onReceiveNewContent] on the Main Thread
11-02 12:03:48.902 22073 22130 I MainThreadRunner: Running task [FeedKnownContentImpl onNewContentReceived] on the Main Thread
11-02 12:03:48.903 22073 22130 I SessionManagerMutation: Cleared Head, new creation time 11-02 12:03:48.886
11-02 12:03:48.903 22073 22130 I TimingUtils: Task Timing  23ms, thread background-1 | task : sessionMutation.commitTask:updateConsumer | mutations : 33 | userInitiated : false
11-02 12:03:48.904 22073 22130 I TaskQueue: Cancelling starvation checks
11-02 12:03:48.904 22073 22130 I TaskQueue:  - Finished 5, time 25 ms
11-02 12:03:48.904 22073 22130 I TaskQueue: Execute task [USER_FACING - d: false, b: 2]: 24
11-02 12:03:48.917 22073 22130 I TimeoutSessionImpl: TimeoutSession.populateModelProvider, shouldAppend false
11-02 12:03:48.917 22073 22130 I SessionImpl: PopulateModelProvider 32 items
11-02 12:03:48.920 22073 22130 I FeedModelProvider: FeedModelProvider - committer, structure changes 31, update changes 0
11-02 12:03:48.921 22073 22130 I FeedModelProvider: SyntheticTokenTracker: 0, 11, 11, false
11-02 12:03:48.922 22073 22130 I FeedSessionManagerImpl: Caching getStreamFeatures - items 31, cache misses 0, cache size 31
11-02 12:03:48.926 22073 22130 I FeedModelProvider: Moving _session:7d507e1e-f504-47b1-ae59-613306e08a18 to READY
11-02 12:03:48.926 22073 22130 I MainThreadRunner: Running task [FeedModelProvider onSessionStart] on the Main Thread
11-02 12:03:48.928 22073 22130 I FeedModelProvider: ModelProvider Mutation committed - structure changes 31, childrenToBind 31, removedChildren false, Token false
11-02 12:03:48.929 22073 22073 I FeedModelProvider: No children found for Cursor
11-02 12:03:48.930 22073 22130 I FeedSessionManagerImpl: Populate new session: _session:7d507e1e-f504-47b1-ae59-613306e08a18, creation time 11-02 12:03:48.917
11-02 12:03:48.930 22073 22130 I TimingUtils: Task Timing  25ms, thread background-2 | task : Create/Populate New Session
11-02 12:03:48.930 22073 22130 I TaskQueue:  - Finished 24, time 26 ms
11-02 12:03:48.930 22073 22130 I TaskQueue: Execute task [BACKGROUND - d: false, b: 1]: 11
11-02 12:03:48.930 22073 22130 I ContentGc: Re-enqueuing triggerContentGc; attempts(0)
11-02 12:03:48.931 22073 22130 I TaskQueue:  - task [BACKGROUND - d: false, b: 1]: 11
11-02 12:03:48.931 22073 22130 I TaskQueue:  - Finished 11, time 1 ms
11-02 12:03:48.931 22073 22130 I TaskQueue: Execute task [BACKGROUND - d: false, b: 1]: 23
11-02 12:03:49.000 22073 22083 I art     : Background partial concurrent mark sweep GC freed 32087(1561KB) AllocSpace objects, 24(1024KB) LOS objects, 40% free, 14MB/23MB, paused 668us total 120.312ms
11-02 12:03:49.189   601  4262 D ActivityManager: cleanUpApplicationRecord -- 22550
11-02 12:03:49.203 22073 22073 W chromium: [WARNING:compositor_view.cc(315)] Child process died (type=6) pid=22550)
11-02 12:03:49.213   601 12691 D ActivityManager: cleanUpApplicationRecord -- 22391
11-02 12:03:49.215 22073 22073 W chromium: [WARNING:compositor_view.cc(315)] Child process died (type=6) pid=22542)
11-02 12:03:49.216 22073 22073 W chromium: [WARNING:compositor_view.cc(315)] Child process died (type=6) pid=22391)
11-02 12:03:49.221 22073 22073 W chromium: [WARNING:compositor_view.cc(315)] Child process died (type=6) pid=22522)
11-02 12:03:49.222   601  9663 D ActivityManager: cleanUpApplicationRecord -- 22542
11-02 12:03:49.226 22073 22134 W chromium: [WARNING:spdy_session.cc(3090)] Received RST for invalid stream1
11-02 12:03:49.236   601   611 D ActivityManager: cleanUpApplicationRecord -- 22522
11-02 12:03:49.238   601 17045 D ActivityManager: cleanUpApplicationRecord -- 22212
11-02 12:03:49.289 22073 22073 W chromium: [WARNING:compositor_view.cc(315)] Child process died (type=6) pid=22212)
11-02 12:03:49.397 22073 22130 I TimingUtils: Task Timing 466ms, thread background-3 | task : commitContentMutation | mutations : 32
11-02 12:03:49.398 22073 22130 I TimingUtils: Task Timing   0ms, thread background-4 | task : commitSemanticPropertiesMutation | mutations : 0
11-02 12:03:49.398 22073 22130 I TaskQueue:  - Finished 23, time 467 ms
11-02 12:03:49.398 22073 22130 I TaskQueue: Execute task [BACKGROUND - d: false, b: 0]: 11
11-02 12:03:49.399 22073 22130 I SessionCache: Determining accessible content
11-02 12:03:49.405 22073 22130 I TimingUtils: Task Timing   6ms, thread background-5 | task : ContentGc | contentItemsRemoved : 0
11-02 12:03:49.405 22073 22130 I TaskQueue:  - Finished 11, time 7 ms
11-02 12:03:49.930 23975  4479 E native  : document-store.cc:1328 Failed to update per-doc-data with usage report
11-02 12:03:49.932 23975  4479 E native  : document-store.cc:1328 Failed to update per-doc-data with usage report
11-02 12:03:50.019   785  1711 W Icing   : isOptedInForAppHistory: empty Account Name encountered
11-02 12:03:50.055   785  1711 W Icing   : isOptedInForAppHistory: empty Account Name encountered
11-02 12:03:50.123 23975  4479 I Icing   : Usage reports ok 1, Failed Usage reports 2, indexed 0, rejected 0
11-02 12:03:50.124   785 19977 W Icing   : isOptedInForAppHistory: empty Account Name encountered
11-02 12:03:50.126 23975  4479 I Icing   : Removing corpus key com.android.chrome-omnibox for package com.android.chrome
11-02 12:03:50.574 23975  4479 I native  : document-store.cc:1654 Scored 3273 usage reports, missing_corpora 1802 update_failed 1
11-02 12:03:50.793 22073 22128 I cr_omaha: Request to Server Successful. Timestamp for next request:1667390630793
11-02 12:03:50.868 22073 22128 I cr_omaha: Request to Server Successful. Timestamp for next request:1667390630868
11-02 12:03:50.868 22073 22128 I cr_omaha: Attempting to schedule next job for: Wed Nov 02 17:03:50 GMT+01:00 2022
11-02 12:03:50.871 22073 22073 I cr_omaha: Scheduled using JobService
11-02 12:03:50.875 22073 22073 E cr_BkgrdTaskJS: Tried finishing non-current BackgroundTask.
11-02 12:03:51.376 22073 22073 E cr_BTSPrefs: No data found for task id: 53
11-02 12:03:51.376 22073 22073 E cr_BkgrdTaskScheduler: Task cannot be canceled because no data was found instorage or data was invalid
11-02 12:03:51.468 23975  4479 W Icing   : No valid account for uploading user actions
11-02 12:03:51.587 23975  4479 I Icing   : Usage reports ok 1, Failed Usage reports 0, indexed 1, rejected 0
11-02 12:03:51.596 23975  4479 W Icing   : No valid account for uploading user actions
11-02 12:03:51.621 23975  4479 I Icing   : Usage reports ok 0, Failed Usage reports 0, indexed 0, rejected 0
11-02 12:03:51.622 23975  4479 I Icing   : Indexing com.android.chrome-omnibox from com.android.chrome
11-02 12:03:51.698 23975  4479 I Icing   : Indexing done com.android.chrome-omnibox
11-02 12:03:52.693   785  1710 W Icing   : isOptedInForAppHistory: empty Account Name encountered
11-02 12:03:52.722   785 19977 W Icing   : isOptedInForAppHistory: empty Account Name encountered
11-02 12:03:54.503 22073 22128 W InstanceID: Instance ID SDK is deprecated, com.android.chrome should update to use Firebase Instance ID
11-02 12:03:55.714 22073 22073 E cr_BTSPrefs: No data found for task id: 57
11-02 12:03:55.714 22073 22073 E cr_BkgrdTaskScheduler: Task cannot be canceled because no data was found instorage or data was invalid
11-02 12:03:55.717 22073 22073 E cr_BTSPrefs: No data found for task id: 56
11-02 12:03:55.717 22073 22073 E cr_BkgrdTaskScheduler: Task cannot be canceled because no data was found instorage or data was invalid
11-02 12:04:00.022   601   614 I ProcessStatsService: Prepared write state in 3ms
11-02 12:04:00.622 22629 22629 D AndroidRuntime: >>>>>> START com.android.internal.os.RuntimeInit uid 2000 <<<<<<
11-02 12:04:00.633 22629 22629 D AndroidRuntime: CheckJNI is OFF
11-02 12:04:00.764 22629 22629 D ICU     : No timezone override file found: /data/misc/zoneinfo/current/icu/icu_tzdata.dat
11-02 12:04:00.814 22629 22629 I Radio-JNI: register_android_hardware_Radio DONE
11-02 12:04:00.844 22629 22629 D AndroidRuntime: Calling main entry com.android.commands.monkey.Monkey
11-02 12:04:01.009   601   614 W BroadcastQueue: Skipping deliver [background] BroadcastRecord{2d20da8 u-1 android.net.conn.CONNECTIVITY_CHANGE} to ReceiverList{b8930c1 22629 (unknown name)/2000/u-1 remote:511f49a}: process crashing
11-02 12:04:01.126 22073 22073 I cr_tabmodel: Appending tabs being restored to metadata lists, 0, startingNormalCount: 2, startingIncognitoCount: 0
11-02 12:04:01.126 22073 22073 I cr_tabmodel: Serializing tab lists; counts: 2, 0
11-02 12:04:02.131 22629 22629 D MonkeyStub: translateCommand: wake
11-02 12:04:02.310 22629 22629 D MonkeyStub: translateCommand: tap 1339 1877
11-02 12:04:12.368 22629 22629 D MonkeyStub: translateCommand: touch down 614 1561
11-02 12:04:12.373 22629 22629 D MonkeyStub: translateCommand: touch move 614 1561
11-02 12:04:12.477 22629 22629 D MonkeyStub: translateCommand: touch move 614 1436
11-02 12:04:12.583 22629 22629 D MonkeyStub: translateCommand: touch move 614 1311
11-02 12:04:12.692 22629 22629 D MonkeyStub: translateCommand: touch move 614 1186
11-02 12:04:12.804 22629 22629 D MonkeyStub: translateCommand: touch move 614 1061
11-02 12:04:12.911 22629 22629 D MonkeyStub: translateCommand: touch move 614 937
11-02 12:04:13.022 22629 22629 D MonkeyStub: translateCommand: touch move 614 812
11-02 12:04:13.128 22629 22629 D MonkeyStub: translateCommand: touch move 614 687
11-02 12:04:13.232 22629 22629 D MonkeyStub: translateCommand: touch move 614 562
11-02 12:04:13.345 22629 22629 D MonkeyStub: translateCommand: touch move 614 437
11-02 12:04:13.455 22629 22629 D MonkeyStub: translateCommand: touch move 614 312
11-02 12:04:13.464 22629 22629 D MonkeyStub: translateCommand: touch up 614 312
11-02 12:04:15.549 22629 22629 D MonkeyStub: translateCommand: touch down 614 1561
11-02 12:04:15.558 22629 22629 D MonkeyStub: translateCommand: touch move 614 1561
11-02 12:04:15.666 22629 22629 D MonkeyStub: translateCommand: touch move 614 1436
11-02 12:04:15.778 22629 22629 D MonkeyStub: translateCommand: touch move 614 1311
11-02 12:04:15.890 22629 22629 D MonkeyStub: translateCommand: touch move 614 1186
11-02 12:04:16.000 22629 22629 D MonkeyStub: translateCommand: touch move 614 1061
11-02 12:04:16.120 22629 22629 D MonkeyStub: translateCommand: touch move 614 937
11-02 12:04:16.272 22629 22629 D MonkeyStub: translateCommand: touch move 614 812
11-02 12:04:16.382 22629 22629 D MonkeyStub: translateCommand: touch move 614 687
11-02 12:04:16.490 22629 22629 D MonkeyStub: translateCommand: touch move 614 562
11-02 12:04:16.599 22629 22629 D MonkeyStub: translateCommand: touch move 614 437
11-02 12:04:16.706 22629 22629 D MonkeyStub: translateCommand: touch move 614 312
11-02 12:04:16.714 22629 22629 D MonkeyStub: translateCommand: touch up 614 312
11-02 12:04:18.537   601   610 I art     : Background sticky concurrent mark sweep GC freed 86856(5MB) AllocSpace objects, 55(1528KB) LOS objects, 32% free, 15MB/23MB, paused 1.327ms total 127.186ms
11-02 12:04:19.437 22073 22083 I art     : Background sticky concurrent mark sweep GC freed 163207(6MB) AllocSpace objects, 5(112KB) LOS objects, 30% free, 16MB/23MB, paused 553us total 197.651ms
11-02 12:04:19.464 22073 22073 I Choreographer: Skipped 112 frames!  The application may be doing too much work on its main thread.
11-02 12:04:19.503 23975 24302 I Icing   : IndexChimeraService.getServiceInterface callingPackage=com.android.chrome componentName=null serviceId=36
11-02 12:04:19.536 23975  4479 W Icing   : No valid account for uploading user actions
11-02 12:04:19.558 23975 24437 I Icing   : IndexChimeraService.getServiceInterface callingPackage=com.google.android.gms componentName=null serviceId=30
11-02 12:04:19.611 23975  4479 I Icing   : Usage reports ok 1, Failed Usage reports 0, indexed 0, rejected 0
11-02 12:04:19.616 23975  4479 W Icing   : No valid account for uploading user actions
11-02 12:04:19.629 23975  4479 I Icing   : Usage reports ok 0, Failed Usage reports 0, indexed 0, rejected 0
11-02 12:04:19.634 23975  4479 I Icing   : Indexing com.android.chrome-omnibox from com.android.chrome
11-02 12:04:19.677 23975 27032 I Icing   : Indexing done com.android.chrome-omnibox
11-02 12:04:19.757 22629 22629 D MonkeyStub: translateCommand: touch down 614 312
11-02 12:04:19.760 22629 22629 D MonkeyStub: translateCommand: touch move 614 312
11-02 12:04:19.865 22629 22629 D MonkeyStub: translateCommand: touch move 614 437
11-02 12:04:19.975 22629 22629 D MonkeyStub: translateCommand: touch move 614 562
11-02 12:04:20.087 22629 22629 D MonkeyStub: translateCommand: touch move 614 687
11-02 12:04:20.198 22629 22629 D MonkeyStub: translateCommand: touch move 614 812
11-02 12:04:20.235 22073 22073 V MediaRouter: Adding route: RouteInfo{ name=Tablet, description=null, status=null, category=RouteCategory{ name=null types=ROUTE_TYPE_LIVE_AUDIO ROUTE_TYPE_LIVE_VIDEO  groupable=false }, supportedTypes=ROUTE_TYPE_LIVE_AUDIO ROUTE_TYPE_LIVE_VIDEO , presentationDisplay=null }
11-02 12:04:20.250 22073 22073 V MediaRouter: Updating audio routes: AudioRoutesInfo{ type=SPEAKER }
11-02 12:04:20.254 22073 22073 V MediaRouter: Selecting route: RouteInfo{ name=Tablet, description=null, status=null, category=RouteCategory{ name=null types=ROUTE_TYPE_LIVE_AUDIO ROUTE_TYPE_LIVE_VIDEO  groupable=false }, supportedTypes=ROUTE_TYPE_LIVE_AUDIO ROUTE_TYPE_LIVE_VIDEO , presentationDisplay=null }
11-02 12:04:20.275 22073 22073 I MediaRouter: Found default route: MediaRouter.RouteInfo{ uniqueId=android/Qf:DEFAULT_ROUTE, name=Tablet, description=null, iconUri=null, enabled=true, connecting=false, connectionState=0, canDisconnect=false, playbackType=0, playbackStream=3, deviceType=0, volumeHandling=1, volume=0, volumeMax=15, presentationDisplayId=-1, extras=null, settingsIntent=null, providerPackageName=android }
11-02 12:04:20.275 22073 22073 I MediaRouter: Unselecting the current route because it is no longer selectable: null
11-02 12:04:20.312 22073 22073 V MediaRouter: Selecting route: RouteInfo{ name=Tablet, description=null, status=null, category=RouteCategory{ name=null types=ROUTE_TYPE_LIVE_AUDIO ROUTE_TYPE_LIVE_VIDEO  groupable=false }, supportedTypes=ROUTE_TYPE_LIVE_AUDIO ROUTE_TYPE_LIVE_VIDEO , presentationDisplay=null }
11-02 12:04:20.320 22629 22629 D MonkeyStub: translateCommand: touch move 614 937
11-02 12:04:20.449   601   613 I UsageStatsService: User[0] Flushing usage stats to disk
11-02 12:04:20.453 22629 22629 D MonkeyStub: translateCommand: touch move 614 1061
11-02 12:04:20.649   785  1195 W Icing   : isOptedInForAppHistory: empty Account Name encountered
11-02 12:04:20.744 22629 22629 D MonkeyStub: translateCommand: touch move 614 1186
11-02 12:04:20.974 22629 22629 D MonkeyStub: translateCommand: touch move 614 1311
11-02 12:04:21.080 22629 22629 D MonkeyStub: translateCommand: touch move 614 1436
11-02 12:04:21.192 22629 22629 D MonkeyStub: translateCommand: touch move 614 1561
11-02 12:04:21.197 22629 22629 D MonkeyStub: translateCommand: touch up 614 1561
11-02 12:04:21.235 22629 22629 D MonkeyStub: translateCommand: touch down 614 312
11-02 12:04:21.240 22629 22629 D MonkeyStub: translateCommand: touch move 614 312
11-02 12:04:21.348 22629 22629 D MonkeyStub: translateCommand: touch move 614 437
11-02 12:04:21.452 22629 22629 D MonkeyStub: translateCommand: touch move 614 562
11-02 12:04:21.563 22629 22629 D MonkeyStub: translateCommand: touch move 614 687
11-02 12:04:21.657 22073 22399 E cr_Icing: reportPageVisit failed. Status{statusCode=TIMEOUT, resolution=null}
11-02 12:04:21.673 22629 22629 D MonkeyStub: translateCommand: touch move 614 812
11-02 12:04:21.777 22629 22629 D MonkeyStub: translateCommand: touch move 614 937
11-02 12:04:21.886 22629 22629 D MonkeyStub: translateCommand: touch move 614 1061
11-02 12:04:21.899   785 17263 W Icing   : isOptedInForAppHistory: empty Account Name encountered
11-02 12:04:21.995 22629 22629 D MonkeyStub: translateCommand: touch move 614 1186
11-02 12:04:22.109 22629 22629 D MonkeyStub: translateCommand: touch move 614 1311
11-02 12:04:22.216 22629 22629 D MonkeyStub: translateCommand: touch move 614 1436
11-02 12:04:22.354 22629 22629 D MonkeyStub: translateCommand: touch move 614 1561
11-02 12:04:22.363 22629 22629 D MonkeyStub: translateCommand: touch up 614 1561
11-02 12:04:26.454   601  9663 I ActivityManager: Start proc 22680:com.android.chrome:sandboxed_process21/u0i647 for service com.android.chrome/org.chromium.content.app.SandboxedProcessService21
11-02 12:04:26.544 22680 22680 W boxed_process21: type=1400 audit(0.0:2673): avc: denied { getattr } for path="/data/data/com.android.chrome" dev="dm-2" ino=12190 scontext=u:r:isolated_app:s0:c512,c768 tcontext=u:object_r:app_data_file:s0:c512,c768 tclass=dir permissive=0
11-02 12:04:26.592 22680 22680 I cr_ChildProcessService: Creating new ChildProcessService pid=22680
11-02 12:04:26.655 22680 22693 I cr_LibraryLoader: Loaded native library version number "85.0.4183.127"
11-02 12:04:26.655 22680 22693 I cr_CachingUmaRecorder: Flushed 1 samples from 1 histograms.
11-02 12:04:26.684 22693 22693 W CrUtilityMain: type=1400 audit(0.0:2674): avc: denied { setattr } for name="LICENSE.txt" dev="dm-2" ino=60358 scontext=u:r:isolated_app:s0:c512,c768 tcontext=u:object_r:app_data_file:s0:c512,c768 tclass=file permissive=0
11-02 12:04:26.687 22693 22693 W CrUtilityMain: type=1400 audit(0.0:2675): avc: denied { setattr } for name=46696C746572696E672052756C6573 dev="dm-2" ino=60445 scontext=u:r:isolated_app:s0:c512,c768 tcontext=u:object_r:app_data_file:s0:c512,c768 tclass=file permissive=0
11-02 12:04:26.687 22693 22693 W CrUtilityMain: type=1400 audit(0.0:2676): avc: denied { setattr } for name="manifest.json" dev="dm-2" ino=60255 scontext=u:r:isolated_app:s0:c512,c768 tcontext=u:object_r:app_data_file:s0:c512,c768 tclass=file permissive=0
11-02 12:04:26.691 22693 22693 W CrUtilityMain: type=1400 audit(0.0:2677): avc: denied { setattr } for name="verified_contents.json" dev="dm-2" ino=60543 scontext=u:r:isolated_app:s0:c512,c768 tcontext=u:object_r:app_data_file:s0:c512,c768 tclass=file permissive=0
11-02 12:04:26.731 22680 22680 I cr_ChildProcessService: Destroying ChildProcessService pid=22680
11-02 12:04:26.769 22680 22693 I chromium: [INFO:child_process_service.cc(69)] ChildProcessService: Exiting child process.
11-02 12:04:26.846   601   660 I ActivityManager: Process com.android.chrome:sandboxed_process21 (pid 22680) has died
11-02 12:04:26.846   601   660 D ActivityManager: cleanUpApplicationRecord -- 22680
11-02 12:04:26.848 22073 22073 W chromium: [WARNING:compositor_view.cc(315)] Child process died (type=6) pid=22680)
11-02 12:04:26.855 22073 22108 I cr_BindingManager: onTrimMemory: level=10, size=1
11-02 12:04:26.855 22073 22108 I cr_BindingManager: Reduce connections from 1 to 0
11-02 12:04:27.254   601   612 I ActivityManager: Start proc 22699:com.android.chrome:sandboxed_process22/u0i648 for service com.android.chrome/org.chromium.content.app.SandboxedProcessService22
11-02 12:04:27.307 22699 22699 W boxed_process22: type=1400 audit(0.0:2678): avc: denied { getattr } for path="/data/data/com.android.chrome" dev="dm-2" ino=12190 scontext=u:r:isolated_app:s0:c512,c768 tcontext=u:object_r:app_data_file:s0:c512,c768 tclass=dir permissive=0
11-02 12:04:27.338 22699 22699 I cr_ChildProcessService: Creating new ChildProcessService pid=22699
11-02 12:04:27.392 22699 22712 I cr_LibraryLoader: Loaded native library version number "85.0.4183.127"
11-02 12:04:27.393 22699 22712 I cr_CachingUmaRecorder: Flushed 1 samples from 1 histograms.
11-02 12:04:27.434 22712 22712 W CrUtilityMain: type=1400 audit(0.0:2679): avc: denied { setattr } for name="tl_en-us_2022-10-26_484799359_100000_index.bin" dev="dm-2" ino=60960 scontext=u:r:isolated_app:s0:c512,c768 tcontext=u:object_r:app_data_file:s0:c512,c768 tclass=file permissive=0
11-02 12:04:27.434 22712 22712 W CrUtilityMain: type=1400 audit(0.0:2680): avc: denied { setattr } for name="manifest.json" dev="dm-2" ino=60914 scontext=u:r:isolated_app:s0:c512,c768 tcontext=u:object_r:app_data_file:s0:c512,c768 tclass=file permissive=0
11-02 12:04:27.437 22712 22712 W CrUtilityMain: type=1400 audit(0.0:2681): avc: denied { setattr } for name="verified_contents.json" dev="dm-2" ino=60525 scontext=u:r:isolated_app:s0:c512,c768 tcontext=u:object_r:app_data_file:s0:c512,c768 tclass=file permissive=0
11-02 12:04:27.451 22699 22699 I cr_ChildProcessService: Destroying ChildProcessService pid=22699
11-02 12:04:27.452 22699 22712 I chromium: [INFO:child_process_service.cc(69)] ChildProcessService: Exiting child process.
11-02 12:04:27.455 22629 22629 D MonkeyStub: translateCommand: tap 724 439
11-02 12:04:27.479   601 12691 I ActivityManager: Process com.android.chrome:sandboxed_process22 (pid 22699) has died
11-02 12:04:27.480   601 12691 D ActivityManager: cleanUpApplicationRecord -- 22699
11-02 12:04:27.481 22073 22073 W chromium: [WARNING:compositor_view.cc(315)] Child process died (type=6) pid=22699)
11-02 12:04:28.296   601 15862 I ActivityManager: Start proc 22719:com.android.chrome:sandboxed_process23/u0i649 for service com.android.chrome/org.chromium.content.app.SandboxedProcessService23
11-02 12:04:28.332   785  1162 E AsyncOperation: serviceID=121, operation=GetLaunchDataOperation [CONTEXT service_id=259 ]
11-02 12:04:28.332   785  1162 E AsyncOperation: OperationException[Status{statusCode=Not an instant app, resolution=null}]
11-02 12:04:28.332   785  1162 E AsyncOperation: 	at aeay.a(:com.google.android.gms@203915020@20.39.15 (040406-335085812):20)
11-02 12:04:28.332   785  1162 E AsyncOperation: 	at aain.run(:com.google.android.gms@203915020@20.39.15 (040406-335085812):7)
11-02 12:04:28.332   785  1162 E AsyncOperation: 	at boex.run(:com.google.android.gms@203915020@20.39.15 (040406-335085812):2)
11-02 12:04:28.332   785  1162 E AsyncOperation: 	at sup.b(:com.google.android.gms@203915020@20.39.15 (040406-335085812):12)
11-02 12:04:28.332   785  1162 E AsyncOperation: 	at sup.run(:com.google.android.gms@203915020@20.39.15 (040406-335085812):7)
11-02 12:04:28.332   785  1162 E AsyncOperation: 	at java.util.concurrent.ThreadPoolExecutor.runWorker(ThreadPoolExecutor.java:1133)
11-02 12:04:28.332   785  1162 E AsyncOperation: 	at java.util.concurrent.ThreadPoolExecutor$Worker.run(ThreadPoolExecutor.java:607)
11-02 12:04:28.332   785  1162 E AsyncOperation: 	at tam.run(:com.google.android.gms@203915020@20.39.15 (040406-335085812):0)
11-02 12:04:28.332   785  1162 E AsyncOperation: 	at java.lang.Thread.run(Thread.java:761)
11-02 12:04:28.401 22719 22719 W boxed_process23: type=1400 audit(0.0:2682): avc: denied { getattr } for path="/data/data/com.android.chrome" dev="dm-2" ino=12190 scontext=u:r:isolated_app:s0:c512,c768 tcontext=u:object_r:app_data_file:s0:c512,c768 tclass=dir permissive=0
11-02 12:04:28.447 22719 22719 I cr_ChildProcessService: Creating new ChildProcessService pid=22719
11-02 12:04:28.547 22719 22733 I cr_LibraryLoader: Loaded native library version number "85.0.4183.127"
11-02 12:04:28.548 22719 22733 I cr_CachingUmaRecorder: Flushed 1 samples from 1 histograms.
11-02 12:04:28.591 22733 22733 W CrUtilityMain: type=1400 audit(0.0:2683): avc: denied { setattr } for name="optimization-hints.pb" dev="dm-2" ino=60868 scontext=u:r:isolated_app:s0:c512,c768 tcontext=u:object_r:app_data_file:s0:c512,c768 tclass=file permissive=0
11-02 12:04:28.594 22733 22733 W CrUtilityMain: type=1400 audit(0.0:2684): avc: denied { setattr } for name="manifest.json" dev="dm-2" ino=60784 scontext=u:r:isolated_app:s0:c512,c768 tcontext=u:object_r:app_data_file:s0:c512,c768 tclass=file permissive=0
11-02 12:04:28.594 22733 22733 W CrUtilityMain: type=1400 audit(0.0:2685): avc: denied { setattr } for name="verified_contents.json" dev="dm-2" ino=60906 scontext=u:r:isolated_app:s0:c512,c768 tcontext=u:object_r:app_data_file:s0:c512,c768 tclass=file permissive=0
11-02 12:04:28.604 22719 22733 I chromium: [INFO:child_process_service.cc(69)] ChildProcessService: Exiting child process.
11-02 12:04:28.631 22719 22719 I cr_ChildProcessService: Destroying ChildProcessService pid=22719
11-02 12:04:28.777   601  4262 I ActivityManager: Process com.android.chrome:sandboxed_process23 (pid 22719) has died
11-02 12:04:28.778   601  4262 D ActivityManager: cleanUpApplicationRecord -- 22719
11-02 12:04:28.778 22073 22073 W chromium: [WARNING:compositor_view.cc(315)] Child process died (type=6) pid=22719)
11-02 12:04:28.864   196   196 E SELinux : avc:  denied  { find } for service=netd pid=22737 uid=2000 scontext=u:r:shell:s0 tcontext=u:object_r:netd_service:s0 tclass=service_manager permissive=0
11-02 12:04:28.868   196   196 E SELinux : avc:  denied  { find } for service=android.service.gatekeeper.IGateKeeperService pid=22737 uid=2000 scontext=u:r:shell:s0 tcontext=u:object_r:gatekeeper_service:s0 tclass=service_manager permissive=0
11-02 12:04:30.377 22073 22134 W chromium: [WARNING:spdy_session.cc(3352)] Received HEADERS for invalid stream 5
11-02 12:04:30.566   601  9663 I ActivityManager: Start proc 22743:com.android.chrome:sandboxed_process24/u0i650 for service com.android.chrome/org.chromium.content.app.SandboxedProcessService24
11-02 12:04:30.701 22743 22743 W boxed_process24: type=1400 audit(0.0:2686): avc: denied { getattr } for path="/data/data/com.android.chrome" dev="dm-2" ino=12190 scontext=u:r:isolated_app:s0:c512,c768 tcontext=u:object_r:app_data_file:s0:c512,c768 tclass=dir permissive=0
11-02 12:04:30.742 22743 22743 I cr_ChildProcessService: Creating new ChildProcessService pid=22743
11-02 12:04:30.851 22743 22756 I cr_LibraryLoader: Loaded native library version number "85.0.4183.127"
11-02 12:04:30.851 22743 22756 I cr_CachingUmaRecorder: Flushed 1 samples from 1 histograms.
11-02 12:04:30.914 22756 22756 W CrUtilityMain: type=1400 audit(0.0:2687): avc: denied { setattr } for name="crl-set" dev="dm-2" ino=61001 scontext=u:r:isolated_app:s0:c512,c768 tcontext=u:object_r:app_data_file:s0:c512,c768 tclass=file permissive=0
11-02 12:04:30.917 22756 22756 W CrUtilityMain: type=1400 audit(0.0:2688): avc: denied { setattr } for name="manifest.json" dev="dm-2" ino=61060 scontext=u:r:isolated_app:s0:c512,c768 tcontext=u:object_r:app_data_file:s0:c512,c768 tclass=file permissive=0
11-02 12:04:30.917 22756 22756 W CrUtilityMain: type=1400 audit(0.0:2689): avc: denied { setattr } for name="LICENSE" dev="dm-2" ino=61174 scontext=u:r:isolated_app:s0:c512,c768 tcontext=u:object_r:app_data_file:s0:c512,c768 tclass=file permissive=0
11-02 12:04:30.924 22756 22756 W CrUtilityMain: type=1400 audit(0.0:2690): avc: denied { setattr } for name="verified_contents.json" dev="dm-2" ino=61168 scontext=u:r:isolated_app:s0:c512,c768 tcontext=u:object_r:app_data_file:s0:c512,c768 tclass=file permissive=0
11-02 12:04:30.969 22743 22743 I cr_ChildProcessService: Destroying ChildProcessService pid=22743
11-02 12:04:30.991 22743 22756 I chromium: [INFO:child_process_service.cc(69)] ChildProcessService: Exiting child process.
11-02 12:04:31.024   601  1452 I ActivityManager: Process com.android.chrome:sandboxed_process24 (pid 22743) has died
11-02 12:04:31.024   601  1452 D ActivityManager: cleanUpApplicationRecord -- 22743
11-02 12:04:31.055 22073 22073 W chromium: [WARNING:compositor_view.cc(315)] Child process died (type=6) pid=22743)
11-02 12:04:31.166   785  1271 W Icing   : isOptedInForAppHistory: empty Account Name encountered
11-02 12:04:31.189   785  1271 W Icing   : isOptedInForAppHistory: empty Account Name encountered
11-02 12:04:31.201   785 19977 W Icing   : isOptedInForAppHistory: empty Account Name encountered
11-02 12:04:33.320   601 12691 I ActivityManager: Start proc 22762:com.android.chrome:sandboxed_process25/u0i651 for service com.android.chrome/org.chromium.content.app.SandboxedProcessService25
11-02 12:04:33.387 22762 22762 W boxed_process25: type=1400 audit(0.0:2691): avc: denied { getattr } for path="/data/data/com.android.chrome" dev="dm-2" ino=12190 scontext=u:r:isolated_app:s0:c512,c768 tcontext=u:object_r:app_data_file:s0:c512,c768 tclass=dir permissive=0
11-02 12:04:33.422 22762 22762 I cr_ChildProcessService: Creating new ChildProcessService pid=22762
11-02 12:04:33.475 22762 22776 I cr_LibraryLoader: Loaded native library version number "85.0.4183.127"
11-02 12:04:33.475 22762 22776 I cr_CachingUmaRecorder: Flushed 1 samples from 1 histograms.
11-02 12:04:33.504 22776 22776 W CrUtilityMain: type=1400 audit(0.0:2692): avc: denied { setattr } for name="manifest.json" dev="dm-2" ino=60971 scontext=u:r:isolated_app:s0:c512,c768 tcontext=u:object_r:app_data_file:s0:c512,c768 tclass=file permissive=0
11-02 12:04:33.507 22776 22776 W CrUtilityMain: type=1400 audit(0.0:2693): avc: denied { setattr } for name="verified_contents.json" dev="dm-2" ino=61185 scontext=u:r:isolated_app:s0:c512,c768 tcontext=u:object_r:app_data_file:s0:c512,c768 tclass=file permissive=0
11-02 12:04:33.519 22762 22776 I chromium: [INFO:child_process_service.cc(69)] ChildProcessService: Exiting child process.
11-02 12:04:33.520 22762 22762 I cr_ChildProcessService: Destroying ChildProcessService pid=22762
11-02 12:04:33.540   601 15862 I ActivityManager: Process com.android.chrome:sandboxed_process25 (pid 22762) has died
11-02 12:04:33.540   601 15862 D ActivityManager: cleanUpApplicationRecord -- 22762
11-02 12:04:33.548 22073 22073 W chromium: [WARNING:compositor_view.cc(315)] Child process died (type=6) pid=22762)
11-02 12:04:35.510 22629 22629 D MonkeyStub: translateCommand: touch down 614 1561
11-02 12:04:35.515 22629 22629 D MonkeyStub: translateCommand: touch move 614 1561
11-02 12:04:35.621 22629 22629 D MonkeyStub: translateCommand: touch move 614 1436
11-02 12:04:35.728 22629 22629 D MonkeyStub: translateCommand: touch move 614 1311
11-02 12:04:35.838 22629 22629 D MonkeyStub: translateCommand: touch move 614 1186
11-02 12:04:35.944 22629 22629 D MonkeyStub: translateCommand: touch move 614 1061
11-02 12:04:36.049 22629 22629 D MonkeyStub: translateCommand: touch move 614 937
11-02 12:04:36.156 22629 22629 D MonkeyStub: translateCommand: touch move 614 812
11-02 12:04:36.260 22629 22629 D MonkeyStub: translateCommand: touch move 614 687
11-02 12:04:36.368 22629 22629 D MonkeyStub: translateCommand: touch move 614 562
11-02 12:04:36.473 22629 22629 D MonkeyStub: translateCommand: touch move 614 437
11-02 12:04:36.584 22629 22629 D MonkeyStub: translateCommand: touch move 614 312
11-02 12:04:36.841 22073 22083 I art     : Background sticky concurrent mark sweep GC freed 90618(3MB) AllocSpace objects, 0(0B) LOS objects, 16% free, 19MB/23MB, paused 740us total 128.477ms
11-02 12:04:37.355 22629 22629 D MonkeyStub: translateCommand: touch up 614 312
11-02 12:04:37.359 22073 22073 I Choreographer: Skipped 78 frames!  The application may be doing too much work on its main thread.
11-02 12:04:37.381 22629 22629 D MonkeyStub: translateCommand: touch down 614 1561
11-02 12:04:37.387 22629 22629 D MonkeyStub: translateCommand: touch move 614 1561
11-02 12:04:37.436   601 17045 I ActivityManager: Start proc 22782:com.android.chrome:sandboxed_process26/u0i652 for service com.android.chrome/org.chromium.content.app.SandboxedProcessService26
11-02 12:04:37.487 22782 22782 W boxed_process26: type=1400 audit(0.0:2694): avc: denied { getattr } for path="/data/data/com.android.chrome" dev="dm-2" ino=12190 scontext=u:r:isolated_app:s0:c512,c768 tcontext=u:object_r:app_data_file:s0:c512,c768 tclass=dir permissive=0
11-02 12:04:37.497 22629 22629 D MonkeyStub: translateCommand: touch move 614 1436
11-02 12:04:37.521 22782 22782 I cr_ChildProcessService: Creating new ChildProcessService pid=22782
11-02 12:04:37.572 22782 22796 I cr_LibraryLoader: Loaded native library version number "85.0.4183.127"
11-02 12:04:37.578 22782 22796 I cr_CachingUmaRecorder: Flushed 1 samples from 1 histograms.
11-02 12:04:37.601 22629 22629 D MonkeyStub: translateCommand: touch move 614 1311
11-02 12:04:37.607 22796 22796 W CrUtilityMain: type=1400 audit(0.0:2695): avc: denied { setattr } for name="download_file_types.pb" dev="dm-2" ino=61838 scontext=u:r:isolated_app:s0:c512,c768 tcontext=u:object_r:app_data_file:s0:c512,c768 tclass=file permissive=0
11-02 12:04:37.607 22796 22796 W CrUtilityMain: type=1400 audit(0.0:2696): avc: denied { setattr } for name="manifest.json" dev="dm-2" ino=61553 scontext=u:r:isolated_app:s0:c512,c768 tcontext=u:object_r:app_data_file:s0:c512,c768 tclass=file permissive=0
11-02 12:04:37.611 22796 22796 W CrUtilityMain: type=1400 audit(0.0:2697): avc: denied { setattr } for name="verified_contents.json" dev="dm-2" ino=61482 scontext=u:r:isolated_app:s0:c512,c768 tcontext=u:object_r:app_data_file:s0:c512,c768 tclass=file permissive=0
11-02 12:04:37.633 22782 22782 I cr_ChildProcessService: Destroying ChildProcessService pid=22782
11-02 12:04:37.633 22782 22796 I chromium: [INFO:child_process_service.cc(69)] ChildProcessService: Exiting child process.
11-02 12:04:37.667   601 10729 I ActivityManager: Process com.android.chrome:sandboxed_process26 (pid 22782) has died
11-02 12:04:37.667   601 10729 D ActivityManager: cleanUpApplicationRecord -- 22782
11-02 12:04:37.673 22073 22073 W chromium: [WARNING:compositor_view.cc(315)] Child process died (type=6) pid=22782)
11-02 12:04:37.710 22629 22629 D MonkeyStub: translateCommand: touch move 614 1186
11-02 12:04:37.826 22629 22629 D MonkeyStub: translateCommand: touch move 614 1061
11-02 12:04:37.932 22629 22629 D MonkeyStub: translateCommand: touch move 614 937
11-02 12:04:38.035 22629 22629 D MonkeyStub: translateCommand: touch move 614 812
11-02 12:04:38.143 22629 22629 D MonkeyStub: translateCommand: touch move 614 687
11-02 12:04:38.258 22629 22629 D MonkeyStub: translateCommand: touch move 614 562
11-02 12:04:38.377 22629 22629 D MonkeyStub: translateCommand: touch move 614 437
11-02 12:04:38.482 22629 22629 D MonkeyStub: translateCommand: touch move 614 312
11-02 12:04:38.486 22629 22629 D MonkeyStub: translateCommand: touch up 614 312
11-02 12:04:41.796   601   660 I ActivityManager: Start proc 22803:com.android.chrome:sandboxed_process27/u0i653 for service com.android.chrome/org.chromium.content.app.SandboxedProcessService27
11-02 12:04:41.851 22803 22803 W boxed_process27: type=1400 audit(0.0:2698): avc: denied { getattr } for path="/data/data/com.android.chrome" dev="dm-2" ino=12190 scontext=u:r:isolated_app:s0:c512,c768 tcontext=u:object_r:app_data_file:s0:c512,c768 tclass=dir permissive=0
11-02 12:04:41.879 22803 22803 I cr_ChildProcessService: Creating new ChildProcessService pid=22803
11-02 12:04:41.954 22803 22816 I cr_LibraryLoader: Loaded native library version number "85.0.4183.127"
11-02 12:04:41.955 22803 22816 I cr_CachingUmaRecorder: Flushed 1 samples from 1 histograms.
11-02 12:04:41.977 22816 22816 W CrUtilityMain: type=1400 audit(0.0:2699): avc: denied { setattr } for name="ssl_error_assistant.pb" dev="dm-2" ino=61451 scontext=u:r:isolated_app:s0:c512,c768 tcontext=u:object_r:app_data_file:s0:c512,c768 tclass=file permissive=0
11-02 12:04:41.977 22816 22816 W CrUtilityMain: type=1400 audit(0.0:2700): avc: denied { setattr } for name="manifest.json" dev="dm-2" ino=61515 scontext=u:r:isolated_app:s0:c512,c768 tcontext=u:object_r:app_data_file:s0:c512,c768 tclass=file permissive=0
11-02 12:04:41.981 22816 22816 W CrUtilityMain: type=1400 audit(0.0:2701): avc: denied { setattr } for name="verified_contents.json" dev="dm-2" ino=61848 scontext=u:r:isolated_app:s0:c512,c768 tcontext=u:object_r:app_data_file:s0:c512,c768 tclass=file permissive=0
11-02 12:04:41.988 22803 22803 I cr_ChildProcessService: Destroying ChildProcessService pid=22803
11-02 12:04:41.989 22803 22816 I chromium: [INFO:child_process_service.cc(69)] ChildProcessService: Exiting child process.
11-02 12:04:42.006   601  4262 I ActivityManager: Process com.android.chrome:sandboxed_process27 (pid 22803) has died
11-02 12:04:42.006   601  4262 D ActivityManager: cleanUpApplicationRecord -- 22803
11-02 12:04:42.009 22073 22073 W chromium: [WARNING:compositor_view.cc(315)] Child process died (type=6) pid=22803)
11-02 12:04:43.608 22629 22629 D MonkeyStub: Quit requested
11-02 12:04:43.621   601   615 I CwMcuSensor: CwMcuSensor::flush: fd = 217, sensors_id = 0, path = /sys/class/htc_sensorhub/sensor_hub/flush, err = 0
11-02 12:04:43.624 22629 22629 I art     : System.exit called, status: 82
11-02 12:04:43.624 22629 22629 I AndroidRuntime: VM exiting with result code 82.
11-02 12:04:43.655   601 15862 W WindowManager: Attempted to remove non-existing token: android.os.Binder@c8ac066
11-02 12:04:44.953   601   610 I art     : Background partial concurrent mark sweep GC freed 101140(4MB) AllocSpace objects, 29(1224KB) LOS objects, 33% free, 15MB/22MB, paused 1.507ms total 178.737ms
11-02 12:04:46.426   601   611 I ActivityManager: Start proc 22825:com.android.chrome:sandboxed_process28/u0i654 for service com.android.chrome/org.chromium.content.app.SandboxedProcessService28
11-02 12:04:46.484 22825 22825 W boxed_process28: type=1400 audit(0.0:2702): avc: denied { getattr } for path="/data/data/com.android.chrome" dev="dm-2" ino=12190 scontext=u:r:isolated_app:s0:c512,c768 tcontext=u:object_r:app_data_file:s0:c512,c768 tclass=dir permissive=0
11-02 12:04:46.512 22825 22825 I cr_ChildProcessService: Creating new ChildProcessService pid=22825
11-02 12:04:46.571 22825 22838 I cr_LibraryLoader: Loaded native library version number "85.0.4183.127"
11-02 12:04:46.572 22825 22838 I cr_CachingUmaRecorder: Flushed 1 samples from 1 histograms.
11-02 12:04:46.591 22838 22838 W CrUtilityMain: type=1400 audit(0.0:2703): avc: denied { setattr } for name="safety_tips.pb" dev="dm-2" ino=61762 scontext=u:r:isolated_app:s0:c512,c768 tcontext=u:object_r:app_data_file:s0:c512,c768 tclass=file permissive=0
11-02 12:04:46.594 22838 22838 W CrUtilityMain: type=1400 audit(0.0:2704): avc: denied { setattr } for name="manifest.json" dev="dm-2" ino=61545 scontext=u:r:isolated_app:s0:c512,c768 tcontext=u:object_r:app_data_file:s0:c512,c768 tclass=file permissive=0
11-02 12:04:46.594 22838 22838 W CrUtilityMain: type=1400 audit(0.0:2705): avc: denied { setattr } for name="verified_contents.json" dev="dm-2" ino=61627 scontext=u:r:isolated_app:s0:c512,c768 tcontext=u:object_r:app_data_file:s0:c512,c768 tclass=file permissive=0
11-02 12:04:46.605 22825 22825 I cr_ChildProcessService: Destroying ChildProcessService pid=22825
11-02 12:04:46.606 22825 22838 I chromium: [INFO:child_process_service.cc(69)] ChildProcessService: Exiting child process.
11-02 12:04:46.633   601  9611 I ActivityManager: Process com.android.chrome:sandboxed_process28 (pid 22825) has died
11-02 12:04:46.633   601  9611 D ActivityManager: cleanUpApplicationRecord -- 22825
11-02 12:04:46.640 22073 22073 W chromium: [WARNING:compositor_view.cc(315)] Child process died (type=6) pid=22825)
11-02 12:04:46.647   601   616 W libprocessgroup: failed to kill pid 22825: No such process
11-02 12:04:50.935 23975 24436 I Icing   : IndexChimeraService.getServiceInterface callingPackage=com.android.chrome componentName=null serviceId=36
11-02 12:04:51.021 23975 27032 W Icing   : No valid account for uploading user actions
11-02 12:04:51.050 23975 24437 I Icing   : IndexChimeraService.getServiceInterface callingPackage=com.google.android.gms componentName=null serviceId=30
11-02 12:04:51.085 23975 27032 I Icing   : Usage reports ok 2, Failed Usage reports 0, indexed 1, rejected 0
11-02 12:04:51.088 23975 27032 W Icing   : No valid account for uploading user actions
11-02 12:04:51.099 23975 27032 I Icing   : Usage reports ok 0, Failed Usage reports 0, indexed 0, rejected 0
11-02 12:04:51.100 23975 27032 I Icing   : Indexing com.android.chrome-omnibox from com.android.chrome
11-02 12:04:51.145 23975  4479 I Icing   : Indexing done com.android.chrome-omnibox
11-02 12:04:51.282   601  4276 I ActivityManager: Start proc 22847:com.android.chrome:sandboxed_process29/u0i655 for service com.android.chrome/org.chromium.content.app.SandboxedProcessService29
11-02 12:04:51.334 22847 22847 W boxed_process29: type=1400 audit(0.0:2706): avc: denied { getattr } for path="/data/data/com.android.chrome" dev="dm-2" ino=12190 scontext=u:r:isolated_app:s0:c512,c768 tcontext=u:object_r:app_data_file:s0:c512,c768 tclass=dir permissive=0
11-02 12:04:51.365 22847 22847 I cr_ChildProcessService: Creating new ChildProcessService pid=22847
11-02 12:04:51.418 22847 22861 I cr_LibraryLoader: Loaded native library version number "85.0.4183.127"
11-02 12:04:51.418 22847 22861 I cr_CachingUmaRecorder: Flushed 1 samples from 1 histograms.
11-02 12:04:51.441 22861 22861 W CrUtilityMain: type=1400 audit(0.0:2707): avc: denied { setattr } for name=5072656C6F61642044617461 dev="dm-2" ino=61893 scontext=u:r:isolated_app:s0:c512,c768 tcontext=u:object_r:app_data_file:s0:c512,c768 tclass=file permissive=0
11-02 12:04:51.441 22861 22861 W CrUtilityMain: type=1400 audit(0.0:2708): avc: denied { setattr } for name="manifest.json" dev="dm-2" ino=61964 scontext=u:r:isolated_app:s0:c512,c768 tcontext=u:object_r:app_data_file:s0:c512,c768 tclass=file permissive=0
11-02 12:04:51.444 22861 22861 W CrUtilityMain: type=1400 audit(0.0:2709): avc: denied { setattr } for name="verified_contents.json" dev="dm-2" ino=61925 scontext=u:r:isolated_app:s0:c512,c768 tcontext=u:object_r:app_data_file:s0:c512,c768 tclass=file permissive=0
11-02 12:04:51.455 22847 22861 I chromium: [INFO:child_process_service.cc(69)] ChildProcessService: Exiting child process.
11-02 12:04:51.458   195   195 E lowmemorykiller: Error writing /proc/22847/oom_score_adj; errno=22
11-02 12:04:51.477 22073 22073 W chromium: [WARNING:compositor_view.cc(315)] Child process died (type=6) pid=22847)
11-02 12:04:51.479   601 15862 I ActivityManager: Process com.android.chrome:sandboxed_process29 (pid 22847) has died
11-02 12:04:51.479   601 15862 D ActivityManager: cleanUpApplicationRecord -- 22847
11-02 12:04:52.119   785  1694 W Icing   : isOptedInForAppHistory: empty Account Name encountered
11-02 12:04:52.129   785 17263 W Icing   : isOptedInForAppHistory: empty Account Name encountered
11-02 12:04:56.382   601  1452 I ActivityManager: Start proc 22867:com.android.chrome:sandboxed_process30/u0i656 for service com.android.chrome/org.chromium.content.app.SandboxedProcessService30
11-02 12:04:56.464 22867 22867 W boxed_process30: type=1400 audit(0.0:2710): avc: denied { getattr } for path="/data/data/com.android.chrome" dev="dm-2" ino=12190 scontext=u:r:isolated_app:s0:c512,c768 tcontext=u:object_r:app_data_file:s0:c512,c768 tclass=dir permissive=0
11-02 12:04:56.557 22867 22867 I cr_ChildProcessService: Creating new ChildProcessService pid=22867
11-02 12:04:56.620 22867 22880 I cr_LibraryLoader: Loaded native library version number "85.0.4183.127"
11-02 12:04:56.620 22867 22880 I cr_CachingUmaRecorder: Flushed 1 samples from 1 histograms.
11-02 12:04:56.644 22880 22880 W CrUtilityMain: type=1400 audit(0.0:2711): avc: denied { setattr } for name="tls_deprecation_config.pb" dev="dm-2" ino=62493 scontext=u:r:isolated_app:s0:c512,c768 tcontext=u:object_r:app_data_file:s0:c512,c768 tclass=file permissive=0
11-02 12:04:56.644 22880 22880 W CrUtilityMain: type=1400 audit(0.0:2712): avc: denied { setattr } for name="manifest.json" dev="dm-2" ino=62614 scontext=u:r:isolated_app:s0:c512,c768 tcontext=u:object_r:app_data_file:s0:c512,c768 tclass=file permissive=0
11-02 12:04:56.647 22880 22880 W CrUtilityMain: type=1400 audit(0.0:2713): avc: denied { setattr } for name="verified_contents.json" dev="dm-2" ino=62646 scontext=u:r:isolated_app:s0:c512,c768 tcontext=u:object_r:app_data_file:s0:c512,c768 tclass=file permissive=0
11-02 12:04:56.656 22867 22867 I cr_ChildProcessService: Destroying ChildProcessService pid=22867
11-02 12:04:56.657 22867 22880 I chromium: [INFO:child_process_service.cc(69)] ChildProcessService: Exiting child process.
11-02 12:04:56.683   601   660 I ActivityManager: Process com.android.chrome:sandboxed_process30 (pid 22867) has died
11-02 12:04:56.683   601   660 D ActivityManager: cleanUpApplicationRecord -- 22867
11-02 12:04:56.691 22073 22073 W chromium: [WARNING:compositor_view.cc(315)] Child process died (type=6) pid=22867)
11-02 12:05:00.157 22903 22903 D AndroidRuntime: >>>>>> START com.android.internal.os.RuntimeInit uid 2000 <<<<<<
11-02 12:05:00.163 22903 22903 D AndroidRuntime: CheckJNI is OFF
11-02 12:05:00.398 22903 22903 D ICU     : No timezone override file found: /data/misc/zoneinfo/current/icu/icu_tzdata.dat
11-02 12:05:00.461 22903 22903 I Radio-JNI: register_android_hardware_Radio DONE
11-02 12:05:00.494 22903 22903 D AndroidRuntime: Calling main entry com.android.commands.am.Am
11-02 12:05:00.525   601   832 I ActivityManager: Force stopping com.android.chrome appid=10035 user=0: from pid 22903
11-02 12:05:00.526   601   832 I ActivityManager: Killing 22136:com.android.chrome:privileged_process0/u0a35 (adj 0): stop com.android.chrome
11-02 12:05:00.526   601   832 D ActivityManager: cleanUpApplicationRecord -- 22136
11-02 12:05:00.526   601   832 W ActivityManager: Scheduling restart of crashed service com.android.chrome/org.chromium.content.app.PrivilegedProcessService0 in 1000ms
11-02 12:05:00.529   601   832 I ActivityManager: Killing 22073:com.android.chrome/u0a35 (adj 0): stop com.android.chrome
11-02 12:05:00.531   601   832 D ActivityManager: cleanUpApplicationRecord -- 22073
11-02 12:05:00.534 22496 22496 I cr_ChildProcessService: Destroying ChildProcessService pid=22496
11-02 12:05:00.540   601   832 I ActivityManager: Killing 22496:com.android.chrome:sandboxed_process16/u0a35i642 (adj 0): isolated not needed
11-02 12:05:00.545   601   832 W ActivityManager: Force removing ActivityRecord{a5d3531 u0 com.android.chrome/com.google.android.apps.chrome.Main t1334}: app died, no saved state
11-02 12:05:00.547 22109 22109 I cr_ChildProcessService: Destroying ChildProcessService pid=22109
11-02 12:05:00.551 22109 22109 I art     : System.exit called, status: 0
11-02 12:05:00.551 22109 22109 I AndroidRuntime: VM exiting with result code 0, cleanup skipped.
