11-01 22:32:28.730 31003 31003 W boxed_process32: type=1400 audit(0.0:3151): avc: denied { getattr } for path="/data/data/com.android.chrome" dev="dm-2" ino=12190 scontext=u:r:isolated_app:s0:c512,c768 tcontext=u:object_r:app_data_file:s0:c512,c768 tclass=dir permissive=0
11-01 22:32:28.756 31003 31003 I cr_ChildProcessService: Creating new ChildProcessService pid=31003
11-01 22:32:28.816 31003 31016 I cr_LibraryLoader: Loaded native library version number "85.0.4183.127"
11-01 22:32:28.817 31003 31016 I cr_CachingUmaRecorder: Flushed 1 samples from 1 histograms.
11-01 22:32:28.830 31016 31016 W CrUtilityMain: type=1400 audit(0.0:3152): avc: denied { setattr } for name=5072656C6F61642044617461 dev="dm-2" ino=62277 scontext=u:r:isolated_app:s0:c512,c768 tcontext=u:object_r:app_data_file:s0:c512,c768 tclass=file permissive=0
11-01 22:32:28.833 31016 31016 W CrUtilityMain: type=1400 audit(0.0:3153): avc: denied { setattr } for name="manifest.json" dev="dm-2" ino=62286 scontext=u:r:isolated_app:s0:c512,c768 tcontext=u:object_r:app_data_file:s0:c512,c768 tclass=file permissive=0
11-01 22:32:28.833 31016 31016 W CrUtilityMain: type=1400 audit(0.0:3154): avc: denied { setattr } for name="verified_contents.json" dev="dm-2" ino=62295 scontext=u:r:isolated_app:s0:c512,c768 tcontext=u:object_r:app_data_file:s0:c512,c768 tclass=file permissive=0
11-01 22:32:28.842 31003 31016 I chromium: [INFO:child_process_service.cc(69)] ChildProcessService: Exiting child process.
11-01 22:32:28.847   197   197 E lowmemorykiller: Error writing /proc/31003/oom_score_adj; errno=22
11-01 22:32:28.870   600 11980 I ActivityManager: Process com.android.chrome:sandboxed_process32 (pid 31003) has died
11-01 22:32:28.870   600 11980 D ActivityManager: cleanUpApplicationRecord -- 31003
11-01 22:32:28.880 30190 30190 W chromium: [WARNING:compositor_view.cc(315)] Child process died (type=6) pid=31003)
11-01 22:32:29.350   785   797 I art     : Background partial concurrent mark sweep GC freed 62265(3MB) AllocSpace objects, 0(0B) LOS objects, 40% free, 10MB/18MB, paused 10.642ms total 156.771ms
11-01 22:32:29.351   785   795 W SQLiteConnectionPool: A SQLiteConnection object for database '/data/user/0/com.google.android.gms/databases/metadata.db' was leaked!  Please fix your application to end transactions in progress properly and to close the database when it is no longer needed.
11-01 22:32:29.606   785  1233 W GmsStrictMode: LEAKED_CLOSABLE [CONTEXT service_id=256 ]
11-01 22:32:29.606   785  1233 W GmsStrictMode: rvo: LEAKED_CLOSABLE
11-01 22:32:29.606   785  1233 W GmsStrictMode: 	at dalvik.system.VMStack.getThreadStackTrace(Native Method)
11-01 22:32:29.606   785  1233 W GmsStrictMode: 	at java.lang.Thread.getStackTrace(Thread.java:1566)
11-01 22:32:29.606   785  1233 W GmsStrictMode: 	at bhdb.containsKey(:com.google.android.gms@203915020@20.39.15 (040406-335085812):1)
11-01 22:32:29.606   785  1233 W GmsStrictMode: 	at android.os.StrictMode.onVmPolicyViolation(StrictMode.java:1867)
11-01 22:32:29.606   785  1233 W GmsStrictMode: 	at android.os.StrictMode.onVmPolicyViolation(StrictMode.java:1844)
11-01 22:32:29.606   785  1233 W GmsStrictMode: 	at android.os.StrictMode$AndroidCloseGuardReporter.report(StrictMode.java:1590)
11-01 22:32:29.606   785  1233 W GmsStrictMode: 	at dalvik.system.CloseGuard.warnIfOpen(CloseGuard.java:208)
11-01 22:32:29.606   785  1233 W GmsStrictMode: 	at android.database.sqlite.SQLiteConnection.dispose(SQLiteConnection.java:231)
11-01 22:32:29.606   785  1233 W GmsStrictMode: 	at android.database.sqlite.SQLiteConnection.finalize(SQLiteConnection.java:180)
11-01 22:32:29.606   785  1233 W GmsStrictMode: 	at java.lang.Daemons$FinalizerDaemon.doFinalize(Daemons.java:222)
11-01 22:32:29.606   785  1233 W GmsStrictMode: 	at java.lang.Daemons$FinalizerDaemon.run(Daemons.java:209)
11-01 22:32:29.606   785  1233 W GmsStrictMode: 	at java.lang.Thread.run(Thread.java:761)
11-01 22:32:32.399 18094 18576 I Icing   : IndexChimeraService.getServiceInterface callingPackage=com.android.chrome componentName=null serviceId=36
11-01 22:32:32.415 18094 30790 W Icing   : No valid account for uploading user actions
11-01 22:32:32.440 18094 18475 I Icing   : IndexChimeraService.getServiceInterface callingPackage=com.google.android.gms componentName=null serviceId=30
11-01 22:32:32.479 18094 30790 I Icing   : Usage reports ok 2, Failed Usage reports 0, indexed 1, rejected 0
11-01 22:32:32.481 18094 30790 W Icing   : No valid account for uploading user actions
11-01 22:32:32.497 18094 30790 I Icing   : Usage reports ok 0, Failed Usage reports 0, indexed 0, rejected 0
11-01 22:32:32.498 18094 30790 I Icing   : Indexing com.android.chrome-omnibox from com.android.chrome
11-01 22:32:32.541 18094 18691 I Icing   : Indexing done com.android.chrome-omnibox
11-01 22:32:32.978 18094 18105 I art     : Background partial concurrent mark sweep GC freed 32094(1632KB) AllocSpace objects, 24(396KB) LOS objects, 40% free, 7MB/12MB, paused 25.113ms total 98.293ms
11-01 22:32:32.980   600  8040 I ActivityManager: Start proc 31024:com.android.chrome:sandboxed_process33/u0i845 for service com.android.chrome/org.chromium.content.app.SandboxedProcessService33
11-01 22:32:33.046 31024 31024 W boxed_process33: type=1400 audit(0.0:3155): avc: denied { getattr } for path="/data/data/com.android.chrome" dev="dm-2" ino=12190 scontext=u:r:isolated_app:s0:c512,c768 tcontext=u:object_r:app_data_file:s0:c512,c768 tclass=dir permissive=0
11-01 22:32:33.080 31024 31024 I cr_ChildProcessService: Creating new ChildProcessService pid=31024
11-01 22:32:33.150 31024 31037 I cr_LibraryLoader: Loaded native library version number "85.0.4183.127"
11-01 22:32:33.150 31024 31037 I cr_CachingUmaRecorder: Flushed 1 samples from 1 histograms.
11-01 22:32:33.193 31037 31037 W CrUtilityMain: type=1400 audit(0.0:3156): avc: denied { setattr } for name="tls_deprecation_config.pb" dev="dm-2" ino=62841 scontext=u:r:isolated_app:s0:c512,c768 tcontext=u:object_r:app_data_file:s0:c512,c768 tclass=file permissive=0
11-01 22:32:33.196 31037 31037 W CrUtilityMain: type=1400 audit(0.0:3157): avc: denied { setattr } for name="manifest.json" dev="dm-2" ino=62833 scontext=u:r:isolated_app:s0:c512,c768 tcontext=u:object_r:app_data_file:s0:c512,c768 tclass=file permissive=0
11-01 22:32:33.196 31037 31037 W CrUtilityMain: type=1400 audit(0.0:3158): avc: denied { setattr } for name="verified_contents.json" dev="dm-2" ino=62880 scontext=u:r:isolated_app:s0:c512,c768 tcontext=u:object_r:app_data_file:s0:c512,c768 tclass=file permissive=0
11-01 22:32:33.206 31024 31037 I chromium: [INFO:child_process_service.cc(69)] ChildProcessService: Exiting child process.
11-01 22:32:33.270 31024 31024 I cr_ChildProcessService: Destroying ChildProcessService pid=31024
11-01 22:32:33.271 31024 31024 I art     : System.exit called, status: 0
11-01 22:32:33.271 31024 31024 I AndroidRuntime: VM exiting with result code 0, cleanup skipped.
11-01 22:32:33.319   600  5522 I ActivityManager: Process com.android.chrome:sandboxed_process33 (pid 31024) has died
11-01 22:32:33.319   600  5522 D ActivityManager: cleanUpApplicationRecord -- 31024
11-01 22:32:33.330 30190 30190 W chromium: [WARNING:compositor_view.cc(315)] Child process died (type=6) pid=31024)
11-01 22:32:33.516   785   799 W Icing   : isOptedInForAppHistory: empty Account Name encountered
11-01 22:32:33.528   785 23988 W Icing   : isOptedInForAppHistory: empty Account Name encountered
11-01 22:32:37.670   600   611 I ActivityManager: Start proc 31045:com.android.chrome:sandboxed_process34/u0i846 for service com.android.chrome/org.chromium.content.app.SandboxedProcessService34
11-01 22:32:37.726 31045 31045 W boxed_process34: type=1400 audit(0.0:3159): avc: denied { getattr } for path="/data/data/com.android.chrome" dev="dm-2" ino=12190 scontext=u:r:isolated_app:s0:c512,c768 tcontext=u:object_r:app_data_file:s0:c512,c768 tclass=dir permissive=0
11-01 22:32:37.785 31045 31045 I cr_ChildProcessService: Creating new ChildProcessService pid=31045
11-01 22:32:37.897 31045 31058 I cr_LibraryLoader: Loaded native library version number "85.0.4183.127"
11-01 22:32:37.898 31045 31058 I cr_CachingUmaRecorder: Flushed 1 samples from 1 histograms.
11-01 22:32:37.926 31058 31058 W CrUtilityMain: type=1400 audit(0.0:3160): avc: denied { setattr } for name="LICENSE.txt" dev="dm-2" ino=58754 scontext=u:r:isolated_app:s0:c512,c768 tcontext=u:object_r:app_data_file:s0:c512,c768 tclass=file permissive=0
11-01 22:32:37.930 31058 31058 W CrUtilityMain: type=1400 audit(0.0:3161): avc: denied { setattr } for name=46696C746572696E672052756C6573 dev="dm-2" ino=58782 scontext=u:r:isolated_app:s0:c512,c768 tcontext=u:object_r:app_data_file:s0:c512,c768 tclass=file permissive=0
11-01 22:32:37.930 31058 31058 W CrUtilityMain: type=1400 audit(0.0:3162): avc: denied { setattr } for name="manifest.json" dev="dm-2" ino=58383 scontext=u:r:isolated_app:s0:c512,c768 tcontext=u:object_r:app_data_file:s0:c512,c768 tclass=file permissive=0
11-01 22:32:37.936 31058 31058 W CrUtilityMain: type=1400 audit(0.0:3163): avc: denied { setattr } for name="verified_contents.json" dev="dm-2" ino=61287 scontext=u:r:isolated_app:s0:c512,c768 tcontext=u:object_r:app_data_file:s0:c512,c768 tclass=file permissive=0
11-01 22:32:37.961 31045 31058 I chromium: [INFO:child_process_service.cc(69)] ChildProcessService: Exiting child process.
11-01 22:32:37.967   197   197 E lowmemorykiller: Error writing /proc/31045/oom_score_adj; errno=22
11-01 22:32:37.993   600  8928 I ActivityManager: Process com.android.chrome:sandboxed_process34 (pid 31045) has died
11-01 22:32:37.993   600  8928 D ActivityManager: cleanUpApplicationRecord -- 31045
11-01 22:32:38.007 30190 30190 W chromium: [WARNING:compositor_view.cc(315)] Child process died (type=6) pid=31045)
11-01 22:32:38.415 30190 30200 I art     : Background sticky concurrent mark sweep GC freed 229066(9MB) AllocSpace objects, 7(148KB) LOS objects, 35% free, 18MB/29MB, paused 583us total 136.539ms
11-01 22:32:40.447   600   616 E BatteryStatsService: no controller energy info supplied
11-01 22:32:40.451   800   800 E PhoneInterfaceManager: [PhoneIntfMgr] queryModemActivityInfo: Empty response
11-01 22:32:40.457   600   616 E BatteryStatsService: modem info is invalid: ModemActivityInfo{ mTimestamp=0 mSleepTimeMs=0 mIdleTimeMs=0 mTxTimeMs[]=[0, 0, 0, 0, 0] mRxTimeMs=0 mEnergyUsed=0}
11-01 22:32:40.470 31078 31078 D AndroidRuntime: >>>>>> START com.android.internal.os.RuntimeInit uid 2000 <<<<<<
11-01 22:32:40.476 31078 31078 D AndroidRuntime: CheckJNI is OFF
11-01 22:32:40.632   600   609 I art     : Background partial concurrent mark sweep GC freed 67100(3MB) AllocSpace objects, 25(632KB) LOS objects, 33% free, 15MB/23MB, paused 1.319ms total 174.796ms
11-01 22:32:40.684 31078 31078 D ICU     : No timezone override file found: /data/misc/zoneinfo/current/icu/icu_tzdata.dat
11-01 22:32:40.756 31078 31078 I Radio-JNI: register_android_hardware_Radio DONE
11-01 22:32:40.786 31078 31078 D AndroidRuntime: Calling main entry com.android.commands.am.Am
11-01 22:32:40.814   600 12440 I ActivityManager: Force stopping com.android.chrome appid=10035 user=0: from pid 31078
11-01 22:32:40.814   600 12440 I ActivityManager: Killing 30252:com.android.chrome:privileged_process0/u0a35 (adj 0): stop com.android.chrome
11-01 22:32:40.817   600 12440 D ActivityManager: cleanUpApplicationRecord -- 30252
11-01 22:32:40.817   600 12440 W ActivityManager: Scheduling restart of crashed service com.android.chrome/org.chromium.content.app.PrivilegedProcessService0 in 1000ms
11-01 22:32:40.818   600 12440 I ActivityManager: Killing 30190:com.android.chrome/u0a35 (adj 0): stop com.android.chrome
11-01 22:32:40.819   600 12440 D ActivityManager: cleanUpApplicationRecord -- 30190
11-01 22:32:40.832 27901 27901 I MemoryTrimmer: Trimming objects from memory, since app is in the background.
11-01 22:32:40.837   600 12440 W ActivityManager: Force removing ActivityRecord{f1a70f1 u0 com.android.chrome/com.google.android.apps.chrome.Main t1403}: app died, no saved state
11-01 22:32:40.842 30224 30224 I cr_ChildProcessService: Destroying ChildProcessService pid=30224
11-01 22:32:40.848   600 12440 I ActivityManager: Killing 30684:com.android.chrome:sandboxed_process20/u0a35i832 (adj 0): isolated not needed
11-01 22:32:40.848   600 12440 I ActivityManager: Killing 30224:com.android.chrome:sandboxed_process0/u0a35i812 (adj 0): isolated not needed
11-01 22:32:40.859 31078 31078 D AndroidRuntime: Shutting down VM
11-01 22:32:40.908  1075  1164 I OpenGLRenderer: Initialized EGL, version 1.4
11-01 22:32:40.908  1075  1164 D OpenGLRenderer: Swap behavior 2
11-01 22:32:40.930  1058  1058 D RegisteredNfcFServicesCache: Service unchanged, not updating
11-01 22:32:40.986   600 11980 D ActivityManager: cleanUpApplicationRecord -- 30224
11-01 22:32:41.006 27901 11978 I AttachedClient: Adding client event 2 to pending list.
11-01 22:32:41.034 27901 27901 I OptInState: There is a new client and it does not support opt-in. Dropping request.
11-01 22:32:41.039 27901 27901 I MicroDetectionWorker: Micro detection mode: [mDetectionMode: [1]].
11-01 22:32:41.051 27901 31095 I MicroRecognitionRunner: Starting detection.
11-01 22:32:41.051 27901  5815 I MicrophoneInputStream: mic_starting com.google.android.apps.gsa.speech.audio.ae@cf5d1e9
11-01 22:32:41.055   238 31097 I AudioFlinger: AudioFlinger's thread 0xec3125c0 ready to run
11-01 22:32:41.068   238   286 I SoundTriggerHwService::Module: void android::SoundTriggerHwService::Module::onCallbackEvent(const sp<android::SoundTriggerHwService::CallbackEvent> &) mClient == 0
11-01 22:32:41.069 27901  5815 I MicrophoneInputStream: mic_started com.google.android.apps.gsa.speech.audio.ae@cf5d1e9
11-01 22:32:41.147   600 30165 D ActivityManager: cleanUpApplicationRecord -- 30684
11-01 22:32:41.195   600  1665 D ConnectivityService: ConnectivityService NetworkRequestInfo binderDied(NetworkRequest [ LISTEN id=491, [ Capabilities: INTERNET&NOT_RESTRICTED&TRUSTED&FOREGROUND] ], android.os.BinderProxy@888bc60)
11-01 22:32:41.195   600  1665 D ConnectivityService: ConnectivityService NetworkRequestInfo binderDied(NetworkRequest [ LISTEN id=490, [ Capabilities: INTERNET&NOT_RESTRICTED&TRUSTED&FOREGROUND] ], android.os.BinderProxy@ddda519)
11-01 22:32:41.196   600   610 D ConnectivityService: ConnectivityService NetworkRequestInfo binderDied(NetworkRequest [ LISTEN id=492, [ Capabilities: INTERNET&NOT_RESTRICTED&TRUSTED&FOREGROUND] ], android.os.BinderProxy@a0319de)
11-01 22:32:41.196   600  8039 D GraphicsStats: Buffer count: 2
11-01 22:32:41.197   600   649 E ConnectivityService: RemoteException caught trying to send a callback msg for NetworkRequest [ LISTEN id=491, [ Capabilities: INTERNET&NOT_RESTRICTED&TRUSTED&FOREGROUND] ]
11-01 22:32:41.198   600 11980 D ConnectivityService: ConnectivityService NetworkRequestInfo binderDied(NetworkRequest [ LISTEN id=493, [ Capabilities: INTERNET&NOT_RESTRICTED&TRUSTED&FOREGROUND] ], android.os.BinderProxy@b61863)
11-01 22:32:41.199   600   649 E ConnectivityService: RemoteException caught trying to send a callback msg for NetworkRequest [ LISTEN id=490, [ Capabilities: INTERNET&NOT_RESTRICTED&TRUSTED&FOREGROUND] ]
11-01 22:32:41.199   600   649 E ConnectivityService: RemoteException caught trying to send a callback msg for NetworkRequest [ LISTEN id=492, [ Capabilities: INTERNET&NOT_RESTRICTED&TRUSTED&FOREGROUND] ]
11-01 22:32:41.199   600   649 E ConnectivityService: RemoteException caught trying to send a callback msg for NetworkRequest [ LISTEN id=493, [ Capabilities: INTERNET&NOT_RESTRICTED&TRUSTED&FOREGROUND] ]
11-01 22:32:41.252 27901 27901 I MicroDetectionWorker: onReady
11-01 22:32:41.423 31092 31092 D AndroidRuntime: >>>>>> START com.android.internal.os.RuntimeInit uid 2000 <<<<<<
11-01 22:32:41.428 31092 31092 D AndroidRuntime: CheckJNI is OFF
11-01 22:32:41.432  1075  1164 W OpenGLRenderer: Incorrectly called buildLayer on View: ShortcutAndWidgetContainer, destroying layer...
11-01 22:32:41.506 31092 31092 D ICU     : No timezone override file found: /data/misc/zoneinfo/current/icu/icu_tzdata.dat
11-01 22:32:41.536 31092 31092 I Radio-JNI: register_android_hardware_Radio DONE
11-01 22:32:41.552 31092 31092 D AndroidRuntime: Calling main entry com.android.commands.pm.Pm
11-01 22:32:41.567   600  1068 I ActivityManager: Force stopping com.android.chrome appid=10035 user=0: clear data
11-01 22:32:41.568   600   613 I ActivityManager: Force stopping com.android.chrome appid=10035 user=-1: clearApplicationUserData
11-01 22:32:41.631   785   785 I GeofencerStateMachine: removeGeofences: removeRequest=RemoveGeofencingRequest[REMOVE_ALL packageName=com.android.chrome]
11-01 22:32:41.641  1058  1058 D RegisteredNfcFServicesCache: Service unchanged, not updating
11-01 22:32:41.655   785 31110 I Fitness : FitCleanupIntentOperation received Intent android.intent.action.PACKAGE_DATA_CLEARED [CONTEXT service_id=17 ]
11-01 22:32:41.665 31092 31092 I art     : System.exit called, status: 0
11-01 22:32:41.665 31092 31092 I AndroidRuntime: VM exiting with result code 0.
11-01 22:32:41.667   600   612 W ResourceType: No known package when getting value for resource number 0x7f080316
11-01 22:32:41.667   600   612 W ResourceType: No known package when getting value for resource number 0x7f130448
11-01 22:32:41.668   600   612 W ResourceType: No known package when getting value for resource number 0x7f080315
11-01 22:32:41.668   600   612 W ResourceType: No known package when getting value for resource number 0x7f130123
11-01 22:32:41.668   600   612 W ResourceType: No known package when getting value for resource number 0x7f130447
11-01 22:32:41.668   600   612 W ResourceType: No known package when getting value for resource number 0x7f1302e4
11-01 22:32:41.668   600   612 E ShortcutService: Ignoring excessive intent tag.
11-01 22:32:41.675 18094 30790 I Icing   : doRemovePackageData com.android.chrome
11-01 22:32:41.675 18094 30790 I Icing   : Removing corpus key com.android.chrome-.implicit: for package com.android.chrome
11-01 22:32:41.727 18094 30790 I native  : flash-index.cc:1519 Flash index sort hb 110 prefix-hits 203 -> 180 at 17.668ms
11-01 22:32:41.763 18094 30790 I Icing   : Removing corpus key com.android.chrome-omnibox for package com.android.chrome
11-01 22:32:41.822 18094 30790 I Icing   : Starting compaction min disk 99.926% min index 99.989%
11-01 22:32:41.949 18094 30790 I native  : document-store.cc:1654 Scored 2953 usage reports, missing_corpora 1615 update_failed 1
11-01 22:32:41.979 18094 30790 W native  : words-map.cc:30 INVALID_ARGUMENT: Empty URI
11-01 22:32:41.979 18094 30790 W native  : words-map.cc:34 WordsMap was not properly initialized
11-01 22:32:42.076 18094 30790 E native  : compactor.cc:67 Could not index embedding for docid 1: INTERNAL: Unable to find Thing Proto section 
11-01 22:32:42.077 18094 30790 E native  : compactor.cc:67 Could not index embedding for docid 3: INTERNAL: Unable to find Thing Proto section 
11-01 22:32:42.077 18094 30790 E native  : compactor.cc:67 Could not index embedding for docid 5: INTERNAL: Unable to find Thing Proto section 
11-01 22:32:42.077 18094 30790 E native  : compactor.cc:67 Could not index embedding for docid 7: INTERNAL: Unable to find Thing Proto section 
11-01 22:32:42.083 18094 30790 E native  : compactor.cc:67 Could not index embedding for docid 8: INTERNAL: Unable to find Thing Proto section 
11-01 22:32:42.083 18094 30790 E native  : compactor.cc:67 Could not index embedding for docid 10: INTERNAL: Unable to find Thing Proto section 
11-01 22:32:42.084 18094 30790 E native  : compactor.cc:67 Could not index embedding for docid 11: INTERNAL: Unable to find Thing Proto section 
11-01 22:32:42.084 18094 30790 E native  : compactor.cc:67 Could not index embedding for docid 13: INTERNAL: Unable to find Thing Proto section 
11-01 22:32:42.084 18094 30790 E native  : compactor.cc:67 Could not index embedding for docid 14: INTERNAL: Unable to find Thing Proto section 
11-01 22:32:42.089 18094 30790 E native  : compactor.cc:67 Could not index embedding for docid 17: INTERNAL: Unable to find Thing Proto section 
11-01 22:32:42.090 18094 30790 E native  : compactor.cc:67 Could not index embedding for docid 18: INTERNAL: Unable to find Thing Proto section 
11-01 22:32:42.090 18094 30790 E native  : compactor.cc:67 Could not index embedding for docid 21: INTERNAL: Unable to find Thing Proto section 
11-01 22:32:42.091 18094 30790 E native  : compactor.cc:67 Could not index embedding for docid 22: INTERNAL: Unable to find Thing Proto section 
11-01 22:32:42.096 18094 30790 E native  : compactor.cc:67 Could not index embedding for docid 26: INTERNAL: Unable to find Thing Proto section 
11-01 22:32:42.096 18094 30790 E native  : compactor.cc:67 Could not index embedding for docid 27: INTERNAL: Unable to find Thing Proto section 
11-01 22:32:42.147 18094 30790 I native  : flash-index.cc:1519 Flash index sort hb 34 prefix-hits 54 -> 54 at 34.318ms
11-01 22:32:42.178 18094 30790 W native  : words-map.cc:30 INVALID_ARGUMENT: Empty URI
11-01 22:32:42.178 18094 30790 W native  : words-map.cc:34 WordsMap was not properly initialized
11-01 22:32:42.251 18094 30790 I Icing   : updateResources: need to parse acol{com.android.chrome}
11-01 22:32:42.311 18094 30790 I Icing   : Indexing com.android.chrome-omnibox from com.android.chrome
11-01 22:32:42.323   600 28743 I ActivityManager: Start proc 31121:com.android.chrome/u0a35 for content provider com.android.chrome/com.google.android.apps.chrome.icing.IcingProvider
11-01 22:32:42.414 18094 30790 I Icing   : Indexing done com.android.chrome-omnibox
11-01 22:32:43.241   600   612 I UsageStatsService: User[0] Flushing usage stats to disk
11-01 22:32:43.888   247 31062 W SocketClient: write error (Broken pipe)
11-01 22:32:43.888   247 31062 W DnsProxyListener: Error writing DNS result to client
