11-01 13:09:31.469 21125 21125 W FeedModelProvider: sessionId is null, this should have been set during population
11-01 13:09:31.471 21125 21125 I cr_tabmodel: Appending tabs being restored to metadata lists, 0, startingNormalCount: 2, startingIncognitoCount: 0
11-01 13:09:31.471 21125 21125 I cr_tabmodel: Serializing tab lists; counts: 2, 0
11-01 13:09:31.473   600  1664 I ActivityManager: Killing 21462:com.android.chrome:sandboxed_process11/u0a35i261 (adj 0): isolated not needed
11-01 13:09:31.473   600  1664 I ActivityManager: Killing 21467:com.android.chrome:sandboxed_process12/u0a35i262 (adj 0): isolated not needed
11-01 13:09:31.596 21573 21573 I cr_ChildProcessService: Creating new ChildProcessService pid=21573
11-01 13:09:31.598 21125 21125 I FeedRequestManagerImpl: Request: /httpservice/noretry/DiscoverClankService/FeedQuery completed with response code: 200
11-01 13:09:31.598 21125 21125 I TaskQueue:  - task [IMMEDIATE - d: true, b: 2]: 15
11-01 13:09:31.598 21125 21125 I TaskQueue:  - queueTask starting immediate task
11-01 13:09:31.599 21125 21178 I TaskQueue: Execute task [IMMEDIATE - d: true, b: 2]: 15
11-01 13:09:31.608 21609 21609 W boxed_process20: type=1400 audit(0.0:482): avc: denied { getattr } for path="/data/data/com.android.chrome" dev="dm-2" ino=12190 scontext=u:r:isolated_app:s0:c512,c768 tcontext=u:object_r:app_data_file:s0:c512,c768 tclass=dir permissive=0
11-01 13:09:31.647 21125 21135 W art     : Suspending all threads took: 8.155ms
11-01 13:09:31.668 21496 21496 I cr_ChildProcessService: Destroying ChildProcessService pid=21496
11-01 13:09:31.672 21564 21615 I cr_LibraryLoader: Loaded native library version number "85.0.4183.127"
11-01 13:09:31.672 21564 21615 I cr_CachingUmaRecorder: Flushed 1 samples from 1 histograms.
11-01 13:09:31.703 21125 21135 I art     : Background sticky concurrent mark sweep GC freed 41696(1910KB) AllocSpace objects, 5(100KB) LOS objects, 9% free, 15MB/16MB, paused 9.158ms total 83.815ms
11-01 13:09:31.769 21488 21488 I cr_ChildProcessService: Destroying ChildProcessService pid=21488
11-01 13:09:31.769 21609 21609 I cr_ChildProcessService: Creating new ChildProcessService pid=21609
11-01 13:09:31.790 21541 21607 I cr_LibraryLoader: Loaded native library version number "85.0.4183.127"
11-01 13:09:31.791 21541 21607 I cr_CachingUmaRecorder: Flushed 1 samples from 1 histograms.
11-01 13:09:31.806 21547 21608 I cr_LibraryLoader: Loaded native library version number "85.0.4183.127"
11-01 13:09:31.825 21547 21608 I cr_CachingUmaRecorder: Flushed 1 samples from 1 histograms.
11-01 13:09:31.841 21125 21178 I MainThreadRunner: Running task [FeedRequestManagerImpl consumer] on the Main Thread
11-01 13:09:31.841 21125 21125 I FeedProtocolAdapter: createModel, operations 33
11-01 13:09:31.848 21125 21125 I TimingUtils: Task Timing   6ms, thread ui | task : convertWireProtocol | mutations : 33
11-01 13:09:31.849 21125 21125 I TaskQueue:  - task [HEAD_RESET - d: true, b: 2]: 5
11-01 13:09:31.849 21125 21125 I TaskQueue:  - queueTask starting immediate task
11-01 13:09:31.852 21125 21178 I TaskQueue:  - Finished 15, time 254 ms
11-01 13:09:31.853 21125 21178 I TaskQueue: Execute task [HEAD_RESET - d: true, b: 2]: 5
11-01 13:09:31.869 21125 21178 I TaskQueue:  - task [BACKGROUND - d: true, b: 2]: 23
11-01 13:09:31.869 21125 21178 W SessionCache: Persisted Sessions were not found
11-01 13:09:31.874 21125 21178 I PersistentFeedStore: commitSessionMutation - Success true, Update Session $HEAD, stream structures 32
11-01 13:09:31.880 21125 21178 I MainThreadRunner: Running task [SchedulerApiWrapper onReceiveNewContent] on the Main Thread
11-01 13:09:31.883 21609 21642 I cr_LibraryLoader: Loaded native library version number "85.0.4183.127"
11-01 13:09:31.883 21609 21642 I cr_CachingUmaRecorder: Flushed 1 samples from 1 histograms.
11-01 13:09:31.885 21125 21178 I MainThreadRunner: Running task [FeedKnownContentImpl onNewContentReceived] on the Main Thread
11-01 13:09:31.886 21125 21178 I SessionManagerMutation: Cleared Head, new creation time 11-01 13:09:31.869
11-01 13:09:31.886 21125 21178 I TimingUtils: Task Timing  33ms, thread background-1 | task : sessionMutation.commitTask:updateConsumer | mutations : 33 | userInitiated : false
11-01 13:09:31.886 21125 21178 I TaskQueue: Cancelling starvation checks
11-01 13:09:31.886 21125 21178 I TaskQueue:  - Finished 5, time 34 ms
11-01 13:09:31.886 21125 21178 I TaskQueue: Execute task [USER_FACING - d: false, b: 2]: 24
11-01 13:09:31.889 21564 21564 I cr_ChildProcessService: Destroying ChildProcessService pid=21564
11-01 13:09:31.894 21125 21178 I TimeoutSessionImpl: TimeoutSession.populateModelProvider, shouldAppend false
11-01 13:09:31.894 21125 21178 I SessionImpl: PopulateModelProvider 32 items
11-01 13:09:31.902 21125 21178 I FeedModelProvider: FeedModelProvider - committer, structure changes 31, update changes 0
11-01 13:09:31.903 21125 21178 I FeedModelProvider: SyntheticTokenTracker: 0, 11, 11, false
11-01 13:09:31.903 21125 21178 I FeedSessionManagerImpl: Caching getStreamFeatures - items 31, cache misses 0, cache size 31
11-01 13:09:31.903 21125 21178 I FeedModelProvider: Moving _session:77edd5a5-26f9-4415-8abc-a247791fb345 to READY
11-01 13:09:31.911 21125 21178 I MainThreadRunner: Running task [FeedModelProvider onSessionStart] on the Main Thread
11-01 13:09:31.911 21125 21178 I FeedModelProvider: ModelProvider Mutation committed - structure changes 31, childrenToBind 31, removedChildren false, Token false
11-01 13:09:31.914 21125 21125 I FeedModelProvider: No children found for Cursor
11-01 13:09:31.916 21125 21178 I FeedSessionManagerImpl: Populate new session: _session:77edd5a5-26f9-4415-8abc-a247791fb345, creation time 11-01 13:09:31.894
11-01 13:09:31.916 21125 21178 I TimingUtils: Task Timing  29ms, thread background-2 | task : Create/Populate New Session
11-01 13:09:31.916 21125 21178 I TaskQueue:  - Finished 24, time 29 ms
11-01 13:09:31.916 21125 21178 I TaskQueue: Execute task [BACKGROUND - d: false, b: 1]: 11
11-01 13:09:31.916 21125 21178 I ContentGc: Re-enqueuing triggerContentGc; attempts(0)
11-01 13:09:31.916 21125 21178 I TaskQueue:  - task [BACKGROUND - d: false, b: 1]: 11
11-01 13:09:31.916 21125 21178 I TaskQueue:  - Finished 11, time 0 ms
11-01 13:09:31.916 21125 21178 I TaskQueue: Execute task [BACKGROUND - d: false, b: 1]: 23
11-01 13:09:31.943   600   613 I ActivityManager: Killing 21541:com.android.chrome:sandboxed_process16/u0a35i266 (adj 0): isolated not needed
11-01 13:09:31.943   600   613 I ActivityManager: Killing 21564:com.android.chrome:sandboxed_process18/u0a35i268 (adj 0): isolated not needed
11-01 13:09:31.943   600   613 I ActivityManager: Killing 21510:com.android.chrome:sandboxed_process15/u0a35i265 (adj 0): isolated not needed
11-01 13:09:31.943   600   613 I ActivityManager: Killing 21496:com.android.chrome:sandboxed_process14/u0a35i264 (adj 0): isolated not needed
11-01 13:09:31.944   600   613 I ActivityManager: Killing 21488:com.android.chrome:sandboxed_process13/u0a35i263 (adj 0): isolated not needed
11-01 13:09:31.950 21573 21635 I cr_LibraryLoader: Loaded native library version number "85.0.4183.127"
11-01 13:09:31.950 21573 21635 I cr_CachingUmaRecorder: Flushed 1 samples from 1 histograms.
11-01 13:09:31.963   600  8930 I ActivityManager: Killing 21547:com.android.chrome:sandboxed_process17/u0a35i267 (adj 0): isolated not needed
11-01 13:09:32.019 21125 21185 W chromium: [WARNING:spdy_session.cc(3090)] Received RST for invalid stream1
11-01 13:09:32.067 21573 21635 I chromium: [INFO:child_process_service.cc(69)] ChildProcessService: Exiting child process.
11-01 13:09:32.068   197   197 E lowmemorykiller: Error writing /proc/21573/oom_score_adj; errno=22
11-01 13:09:32.073 21125 21178 I TimingUtils: Task Timing 156ms, thread background-3 | task : commitContentMutation | mutations : 32
11-01 13:09:32.073 21125 21178 I TimingUtils: Task Timing   0ms, thread background-4 | task : commitSemanticPropertiesMutation | mutations : 0
11-01 13:09:32.073 21125 21178 I TaskQueue:  - Finished 23, time 157 ms
11-01 13:09:32.073 21125 21178 I TaskQueue: Execute task [BACKGROUND - d: false, b: 0]: 11
11-01 13:09:32.075 21125 21178 I SessionCache: Determining accessible content
11-01 13:09:32.077 21125 21178 I TimingUtils: Task Timing   3ms, thread background-5 | task : ContentGc | contentItemsRemoved : 0
11-01 13:09:32.077 21125 21178 I TaskQueue:  - Finished 11, time 4 ms
11-01 13:09:32.855   600  1484 D ActivityManager: cleanUpApplicationRecord -- 21467
11-01 13:09:32.857   600  1484 I ActivityManager: Killing 21573:com.android.chrome:sandboxed_process19/u0a35i269 (adj 0): isolated not needed
11-01 13:09:32.960   600   609 I art     : Background partial concurrent mark sweep GC freed 43661(2MB) AllocSpace objects, 33(952KB) LOS objects, 33% free, 15MB/23MB, paused 5.165ms total 1.731s
11-01 13:09:33.067   600  8928 D ActivityManager: cleanUpApplicationRecord -- 21541
11-01 13:09:33.073 21125 21125 W chromium: [WARNING:compositor_view.cc(315)] Child process died (type=6) pid=21541)
11-01 13:09:33.076   600  1068 D ActivityManager: cleanUpApplicationRecord -- 21274
11-01 13:09:33.079 21125 21125 W chromium: [WARNING:compositor_view.cc(315)] Child process died (type=6) pid=21274)
11-01 13:09:33.079 21125 21125 W chromium: [WARNING:compositor_view.cc(315)] Child process died (type=6) pid=21488)
11-01 13:09:33.082 21125 21125 W chromium: [WARNING:compositor_view.cc(315)] Child process died (type=6) pid=21304)
11-01 13:09:33.083 21125 21125 W chromium: [WARNING:compositor_view.cc(315)] Child process died (type=6) pid=21447)
11-01 13:09:33.085 21125 21125 W chromium: [WARNING:compositor_view.cc(315)] Child process died (type=6) pid=21547)
11-01 13:09:33.087 21125 21125 W chromium: [WARNING:compositor_view.cc(315)] Child process died (type=6) pid=21564)
11-01 13:09:33.089 21125 21125 W chromium: [WARNING:compositor_view.cc(315)] Child process died (type=6) pid=21573)
11-01 13:09:33.090 21125 21125 W chromium: [WARNING:compositor_view.cc(315)] Child process died (type=6) pid=21315)
11-01 13:09:33.092 21125 21125 W chromium: [WARNING:compositor_view.cc(315)] Child process died (type=6) pid=21496)
11-01 13:09:33.094 21125 21125 W chromium: [WARNING:compositor_view.cc(315)] Child process died (type=6) pid=21350)
11-01 13:09:33.095 21125 21125 W chromium: [WARNING:compositor_view.cc(315)] Child process died (type=6) pid=21266)
11-01 13:09:33.097 21125 21125 W chromium: [WARNING:compositor_view.cc(315)] Child process died (type=6) pid=21330)
11-01 13:09:33.103   600   713 D ActivityManager: cleanUpApplicationRecord -- 21488
11-01 13:09:33.104   600   611 D ActivityManager: cleanUpApplicationRecord -- 21304
11-01 13:09:33.105 21125 21125 W chromium: [WARNING:compositor_view.cc(315)] Child process died (type=6) pid=21510)
11-01 13:09:33.105   600  1484 D ActivityManager: cleanUpApplicationRecord -- 21564
11-01 13:09:33.106   600  5522 D ActivityManager: cleanUpApplicationRecord -- 21573
11-01 13:09:33.113   600  1483 D ActivityManager: cleanUpApplicationRecord -- 21315
11-01 13:09:33.113   600   610 D ActivityManager: cleanUpApplicationRecord -- 21510
11-01 13:09:33.117   600  8040 D ActivityManager: cleanUpApplicationRecord -- 21496
11-01 13:09:33.117 21125 21125 W chromium: [WARNING:compositor_view.cc(315)] Child process died (type=6) pid=21287)
11-01 13:09:33.117   600   819 D ActivityManager: cleanUpApplicationRecord -- 21350
11-01 13:09:33.118   600  1666 D ActivityManager: cleanUpApplicationRecord -- 21266
11-01 13:09:33.119 21125 21125 W chromium: [WARNING:compositor_view.cc(315)] Child process died (type=6) pid=21467)
11-01 13:09:33.138 21125 21125 W chromium: [WARNING:compositor_view.cc(315)] Child process died (type=6) pid=21462)
11-01 13:09:33.163   600  1066 D ActivityManager: cleanUpApplicationRecord -- 21330
11-01 13:09:33.165   600  8931 D ActivityManager: cleanUpApplicationRecord -- 21447
11-01 13:09:33.166   600  1068 D ActivityManager: cleanUpApplicationRecord -- 21547
11-01 13:09:33.167   600   611 D ActivityManager: cleanUpApplicationRecord -- 21462
11-01 13:09:33.172   600  8930 D ActivityManager: cleanUpApplicationRecord -- 21287
11-01 13:09:33.520 21125 21175 I cr_omaha: Request to Server Successful. Timestamp for next request:1667308173520
11-01 13:09:33.559 18454 18902 I Icing   : IndexChimeraService.getServiceInterface callingPackage=com.google.android.gms componentName=null serviceId=30
11-01 13:09:33.566 21125 21175 I cr_omaha: Request to Server Successful. Timestamp for next request:1667308173566
11-01 13:09:33.566 21125 21175 I cr_omaha: Attempting to schedule next job for: Tue Nov 01 18:09:32 GMT+01:00 2022
11-01 13:09:33.567   785  1684 W Icing   : isOptedInForAppHistory: empty Account Name encountered
11-01 13:09:33.571 21125 21125 I cr_omaha: Scheduled using JobService
11-01 13:09:33.572 21125 21125 E cr_BkgrdTaskJS: Tried finishing non-current BackgroundTask.
11-01 13:09:33.596   785  1684 W Icing   : isOptedInForAppHistory: empty Account Name encountered
11-01 13:09:33.821   785 17358 W Icing   : isOptedInForAppHistory: empty Account Name encountered
11-01 13:09:34.501 21125 21125 E cr_BTSPrefs: No data found for task id: 53
11-01 13:09:34.504 21125 21125 E cr_BkgrdTaskScheduler: Task cannot be canceled because no data was found instorage or data was invalid
11-01 13:09:35.140 18454 19953 I native  : document-store.cc:1654 Scored 2720 usage reports, missing_corpora 1482 update_failed 1
11-01 13:09:35.374 18454 19953 W Icing   : No valid account for uploading user actions
11-01 13:09:35.550 18454 18464 I art     : Background sticky concurrent mark sweep GC freed 15766(924KB) AllocSpace objects, 10(200KB) LOS objects, 20% free, 6MB/8MB, paused 5.151ms total 15.711ms
11-01 13:09:35.713 18454 19953 I Icing   : Usage reports ok 3, Failed Usage reports 0, indexed 1, rejected 0
11-01 13:09:35.718 18454 19953 W Icing   : No valid account for uploading user actions
11-01 13:09:35.783 18454 19953 I Icing   : Usage reports ok 0, Failed Usage reports 0, indexed 0, rejected 0
11-01 13:09:35.793 18454 19953 W Icing   : No valid account for uploading user actions
11-01 13:09:35.827 18454 19953 I Icing   : Usage reports ok 0, Failed Usage reports 0, indexed 0, rejected 0
11-01 13:09:35.828 18454 19953 I Icing   : Indexing com.android.chrome-omnibox from com.android.chrome
11-01 13:09:35.934 18454 19953 I Icing   : Indexing done com.android.chrome-omnibox
11-01 13:09:36.930   785  1586 W Icing   : isOptedInForAppHistory: empty Account Name encountered
11-01 13:09:36.945   785 17358 W Icing   : isOptedInForAppHistory: empty Account Name encountered
11-01 13:09:37.322 21125 21178 W InstanceID: Instance ID SDK is deprecated, com.android.chrome should update to use Firebase Instance ID
11-01 13:09:38.961 21125 21125 E cr_BTSPrefs: No data found for task id: 57
11-01 13:09:38.961 21125 21125 E cr_BkgrdTaskScheduler: Task cannot be canceled because no data was found instorage or data was invalid
11-01 13:09:38.961 21125 21125 E cr_BTSPrefs: No data found for task id: 56
11-01 13:09:38.961 21125 21125 E cr_BkgrdTaskScheduler: Task cannot be canceled because no data was found instorage or data was invalid
11-01 13:09:44.827 21691 21691 D AndroidRuntime: >>>>>> START com.android.internal.os.RuntimeInit uid 2000 <<<<<<
11-01 13:09:44.833 21691 21691 D AndroidRuntime: CheckJNI is OFF
11-01 13:09:44.952 21691 21691 D ICU     : No timezone override file found: /data/misc/zoneinfo/current/icu/icu_tzdata.dat
11-01 13:09:45.005 21691 21691 I Radio-JNI: register_android_hardware_Radio DONE
11-01 13:09:45.027 21691 21691 D AndroidRuntime: Calling main entry com.android.commands.monkey.Monkey
11-01 13:09:45.131   600   613 W BroadcastQueue: Skipping deliver [background] BroadcastRecord{72130be u-1 android.net.conn.CONNECTIVITY_CHANGE} to ReceiverList{6efd51f 21691 (unknown name)/2000/u-1 remote:da8040}: process crashing
11-01 13:09:45.204 21125 21125 I cr_tabmodel: Appending tabs being restored to metadata lists, 0, startingNormalCount: 2, startingIncognitoCount: 0
11-01 13:09:45.204 21125 21125 I cr_tabmodel: Serializing tab lists; counts: 2, 0
11-01 13:09:46.361 21691 21691 D MonkeyStub: translateCommand: wake
11-01 13:09:46.522 21691 21691 D MonkeyStub: translateCommand: tap 1339 1877
11-01 13:09:56.582 21691 21691 D MonkeyStub: translateCommand: touch down 614 1561
11-01 13:09:56.590 21691 21691 D MonkeyStub: translateCommand: touch move 614 1561
11-01 13:09:56.709 21691 21691 D MonkeyStub: translateCommand: touch move 614 1436
11-01 13:09:56.815 21691 21691 D MonkeyStub: translateCommand: touch move 614 1311
11-01 13:09:56.999 21691 21691 D MonkeyStub: translateCommand: touch move 614 1186
11-01 13:09:57.105 21691 21691 D MonkeyStub: translateCommand: touch move 614 1061
11-01 13:09:57.214 21691 21691 D MonkeyStub: translateCommand: touch move 614 937
11-01 13:09:57.343 21691 21691 D MonkeyStub: translateCommand: touch move 614 812
11-01 13:09:57.465 21691 21691 D MonkeyStub: translateCommand: touch move 614 687
11-01 13:09:57.572 21691 21691 D MonkeyStub: translateCommand: touch move 614 562
11-01 13:09:57.680 21691 21691 D MonkeyStub: translateCommand: touch move 614 437
11-01 13:09:57.799 21691 21691 D MonkeyStub: translateCommand: touch move 614 312
11-01 13:09:57.806 21691 21691 D MonkeyStub: translateCommand: touch up 614 312
11-01 13:09:59.859 21691 21691 D MonkeyStub: translateCommand: touch down 614 1561
11-01 13:09:59.871 21691 21691 D MonkeyStub: translateCommand: touch move 614 1561
11-01 13:09:59.984 21691 21691 D MonkeyStub: translateCommand: touch move 614 1436
11-01 13:10:00.092 21691 21691 D MonkeyStub: translateCommand: touch move 614 1311
11-01 13:10:00.205 21691 21691 D MonkeyStub: translateCommand: touch move 614 1186
11-01 13:10:00.314 21691 21691 D MonkeyStub: translateCommand: touch move 614 1061
11-01 13:10:00.425 21691 21691 D MonkeyStub: translateCommand: touch move 614 937
11-01 13:10:00.537 21691 21691 D MonkeyStub: translateCommand: touch move 614 812
11-01 13:10:00.649 21691 21691 D MonkeyStub: translateCommand: touch move 614 687
11-01 13:10:00.778 21691 21691 D MonkeyStub: translateCommand: touch move 614 562
11-01 13:10:00.892 21691 21691 D MonkeyStub: translateCommand: touch move 614 437
11-01 13:10:01.000 21691 21691 D MonkeyStub: translateCommand: touch move 614 312
11-01 13:10:01.009 21691 21691 D MonkeyStub: translateCommand: touch up 614 312
11-01 13:10:02.981 21125 21125 I Choreographer: Skipped 111 frames!  The application may be doing too much work on its main thread.
11-01 13:10:03.022 18454 18902 I Icing   : IndexChimeraService.getServiceInterface callingPackage=com.android.chrome componentName=null serviceId=36
11-01 13:10:03.066 18454 18464 I art     : Background sticky concurrent mark sweep GC freed 13798(1167KB) AllocSpace objects, 1(20KB) LOS objects, 14% free, 7MB/8MB, paused 5.834ms total 31.303ms
11-01 13:10:03.073 18454 19953 W Icing   : No valid account for uploading user actions
11-01 13:10:03.163 18454 19010 I Icing   : IndexChimeraService.getServiceInterface callingPackage=com.google.android.gms componentName=null serviceId=30
11-01 13:10:03.213 18454 19953 I Icing   : Usage reports ok 1, Failed Usage reports 0, indexed 0, rejected 0
11-01 13:10:03.217 18454 19953 W Icing   : No valid account for uploading user actions
11-01 13:10:03.241 18454 19953 I Icing   : Usage reports ok 0, Failed Usage reports 0, indexed 0, rejected 0
11-01 13:10:03.245 18454 19953 I Icing   : Indexing com.android.chrome-omnibox from com.android.chrome
11-01 13:10:03.307 18454 19953 I Icing   : Indexing done com.android.chrome-omnibox
11-01 13:10:03.629 18454 18464 I art     : Background partial concurrent mark sweep GC freed 21261(1462KB) AllocSpace objects, 27(448KB) LOS objects, 39% free, 6MB/11MB, paused 3.446ms total 103.379ms
11-01 13:10:04.053 21691 21691 D MonkeyStub: translateCommand: touch down 614 312
11-01 13:10:04.080 21691 21691 D MonkeyStub: translateCommand: touch move 614 312
11-01 13:10:04.185 21691 21691 D MonkeyStub: translateCommand: touch move 614 437
11-01 13:10:04.273   785   798 W Icing   : isOptedInForAppHistory: empty Account Name encountered
11-01 13:10:04.289   785 17691 W Icing   : isOptedInForAppHistory: empty Account Name encountered
11-01 13:10:04.301 21691 21691 D MonkeyStub: translateCommand: touch move 614 562
11-01 13:10:04.407 21691 21691 D MonkeyStub: translateCommand: touch move 614 687
11-01 13:10:04.518 21691 21691 D MonkeyStub: translateCommand: touch move 614 812
11-01 13:10:04.627 21691 21691 D MonkeyStub: translateCommand: touch move 614 937
11-01 13:10:04.740 21691 21691 D MonkeyStub: translateCommand: touch move 614 1061
11-01 13:10:04.874 21691 21691 D MonkeyStub: translateCommand: touch move 614 1186
11-01 13:10:04.984 21691 21691 D MonkeyStub: translateCommand: touch move 614 1311
11-01 13:10:05.104 21691 21691 D MonkeyStub: translateCommand: touch move 614 1436
11-01 13:10:05.211 21691 21691 D MonkeyStub: translateCommand: touch move 614 1561
11-01 13:10:05.241 21691 21691 D MonkeyStub: translateCommand: touch up 614 1561
11-01 13:10:05.294 21691 21691 D MonkeyStub: translateCommand: touch down 614 312
11-01 13:10:05.302 21691 21691 D MonkeyStub: translateCommand: touch move 614 312
11-01 13:10:05.407 21691 21691 D MonkeyStub: translateCommand: touch move 614 437
11-01 13:10:05.512 21691 21691 D MonkeyStub: translateCommand: touch move 614 562
11-01 13:10:05.619 21691 21691 D MonkeyStub: translateCommand: touch move 614 687
11-01 13:10:05.723 21691 21691 D MonkeyStub: translateCommand: touch move 614 812
11-01 13:10:05.828 21691 21691 D MonkeyStub: translateCommand: touch move 614 937
11-01 13:10:05.906 21125 21135 I art     : Background sticky concurrent mark sweep GC freed 86493(3MB) AllocSpace objects, 3(80KB) LOS objects, 23% free, 12MB/15MB, paused 6.932ms total 108.449ms
11-01 13:10:05.934 21691 21691 D MonkeyStub: translateCommand: touch move 614 1061
11-01 13:10:06.041 21691 21691 D MonkeyStub: translateCommand: touch move 614 1186
11-01 13:10:06.148 21691 21691 D MonkeyStub: translateCommand: touch move 614 1311
11-01 13:10:06.258 21691 21691 D MonkeyStub: translateCommand: touch move 614 1436
11-01 13:10:06.375 21691 21691 D MonkeyStub: translateCommand: touch move 614 1561
11-01 13:10:06.384 21691 21691 D MonkeyStub: translateCommand: touch up 614 1561
11-01 13:10:07.426 21125 21125 V MediaRouter: Adding route: RouteInfo{ name=Tablet, description=null, status=null, category=RouteCategory{ name=null types=ROUTE_TYPE_LIVE_AUDIO ROUTE_TYPE_LIVE_VIDEO  groupable=false }, supportedTypes=ROUTE_TYPE_LIVE_AUDIO ROUTE_TYPE_LIVE_VIDEO , presentationDisplay=null }
11-01 13:10:07.431 21125 21125 V MediaRouter: Updating audio routes: AudioRoutesInfo{ type=SPEAKER }
11-01 13:10:07.433 21125 21125 V MediaRouter: Selecting route: RouteInfo{ name=Tablet, description=null, status=null, category=RouteCategory{ name=null types=ROUTE_TYPE_LIVE_AUDIO ROUTE_TYPE_LIVE_VIDEO  groupable=false }, supportedTypes=ROUTE_TYPE_LIVE_AUDIO ROUTE_TYPE_LIVE_VIDEO , presentationDisplay=null }
11-01 13:10:07.442 21125 21125 I MediaRouter: Found default route: MediaRouter.RouteInfo{ uniqueId=android/Qf:DEFAULT_ROUTE, name=Tablet, description=null, iconUri=null, enabled=true, connecting=false, connectionState=0, canDisconnect=false, playbackType=0, playbackStream=3, deviceType=0, volumeHandling=1, volume=0, volumeMax=15, presentationDisplayId=-1, extras=null, settingsIntent=null, providerPackageName=android }
11-01 13:10:07.442 21125 21125 I MediaRouter: Unselecting the current route because it is no longer selectable: null
11-01 13:10:07.467 21125 21125 V MediaRouter: Selecting route: RouteInfo{ name=Tablet, description=null, status=null, category=RouteCategory{ name=null types=ROUTE_TYPE_LIVE_AUDIO ROUTE_TYPE_LIVE_VIDEO  groupable=false }, supportedTypes=ROUTE_TYPE_LIVE_AUDIO ROUTE_TYPE_LIVE_VIDEO , presentationDisplay=null }
11-01 13:10:09.784   600  8039 I ActivityManager: Start proc 21746:com.android.chrome:sandboxed_process21/u0i271 for service com.android.chrome/org.chromium.content.app.SandboxedProcessService21
11-01 13:10:09.852 21746 21746 W boxed_process21: type=1400 audit(0.0:483): avc: denied { getattr } for path="/data/data/com.android.chrome" dev="dm-2" ino=12190 scontext=u:r:isolated_app:s0:c512,c768 tcontext=u:object_r:app_data_file:s0:c512,c768 tclass=dir permissive=0
11-01 13:10:09.888 21746 21746 I cr_ChildProcessService: Creating new ChildProcessService pid=21746
11-01 13:10:09.950 21746 21759 I cr_LibraryLoader: Loaded native library version number "85.0.4183.127"
11-01 13:10:09.950 21746 21759 I cr_CachingUmaRecorder: Flushed 1 samples from 1 histograms.
11-01 13:10:09.965 21759 21759 W CrUtilityMain: type=1400 audit(0.0:484): avc: denied { setattr } for name="LICENSE.txt" dev="dm-2" ino=28006 scontext=u:r:isolated_app:s0:c512,c768 tcontext=u:object_r:app_data_file:s0:c512,c768 tclass=file permissive=0
11-01 13:10:09.968 21759 21759 W CrUtilityMain: type=1400 audit(0.0:485): avc: denied { setattr } for name=46696C746572696E672052756C6573 dev="dm-2" ino=28002 scontext=u:r:isolated_app:s0:c512,c768 tcontext=u:object_r:app_data_file:s0:c512,c768 tclass=file permissive=0
11-01 13:10:09.968 21759 21759 W CrUtilityMain: type=1400 audit(0.0:486): avc: denied { setattr } for name="manifest.json" dev="dm-2" ino=27796 scontext=u:r:isolated_app:s0:c512,c768 tcontext=u:object_r:app_data_file:s0:c512,c768 tclass=file permissive=0
11-01 13:10:09.972 21759 21759 W CrUtilityMain: type=1400 audit(0.0:487): avc: denied { setattr } for name="verified_contents.json" dev="dm-2" ino=28081 scontext=u:r:isolated_app:s0:c512,c768 tcontext=u:object_r:app_data_file:s0:c512,c768 tclass=file permissive=0
11-01 13:10:09.990 21746 21746 I cr_ChildProcessService: Destroying ChildProcessService pid=21746
11-01 13:10:09.991 21746 21759 I chromium: [INFO:child_process_service.cc(69)] ChildProcessService: Exiting child process.
11-01 13:10:10.026   600   713 I ActivityManager: Process com.android.chrome:sandboxed_process21 (pid 21746) has died
11-01 13:10:10.026   600   713 D ActivityManager: cleanUpApplicationRecord -- 21746
11-01 13:10:10.054 21125 21125 W chromium: [WARNING:compositor_view.cc(315)] Child process died (type=6) pid=21746)
11-01 13:10:11.133   198   198 E SELinux : avc:  denied  { find } for service=netd pid=21768 uid=2000 scontext=u:r:shell:s0 tcontext=u:object_r:netd_service:s0 tclass=service_manager permissive=0
11-01 13:10:11.144   198   198 E SELinux : avc:  denied  { find } for service=android.service.gatekeeper.IGateKeeperService pid=21768 uid=2000 scontext=u:r:shell:s0 tcontext=u:object_r:gatekeeper_service:s0 tclass=service_manager permissive=0
11-01 13:10:11.160   600  8039 I ActivityManager: Start proc 21770:com.android.chrome:sandboxed_process22/u0i272 for service com.android.chrome/org.chromium.content.app.SandboxedProcessService22
11-01 13:10:11.238 21770 21770 W boxed_process22: type=1400 audit(0.0:488): avc: denied { getattr } for path="/data/data/com.android.chrome" dev="dm-2" ino=12190 scontext=u:r:isolated_app:s0:c512,c768 tcontext=u:object_r:app_data_file:s0:c512,c768 tclass=dir permissive=0
11-01 13:10:11.284 21770 21770 I cr_ChildProcessService: Creating new ChildProcessService pid=21770
11-01 13:10:11.359 21770 21783 I cr_LibraryLoader: Loaded native library version number "85.0.4183.127"
11-01 13:10:11.360 21770 21783 I cr_CachingUmaRecorder: Flushed 1 samples from 1 histograms.
11-01 13:10:11.428 21783 21783 W CrUtilityMain: type=1400 audit(0.0:489): avc: denied { setattr } for name="tl_en-us_2022-10-26_484799359_100000_index.bin" dev="dm-2" ino=50648 scontext=u:r:isolated_app:s0:c512,c768 tcontext=u:object_r:app_data_file:s0:c512,c768 tclass=file permissive=0
11-01 13:10:11.432 21783 21783 W CrUtilityMain: type=1400 audit(0.0:490): avc: denied { setattr } for name="manifest.json" dev="dm-2" ino=51321 scontext=u:r:isolated_app:s0:c512,c768 tcontext=u:object_r:app_data_file:s0:c512,c768 tclass=file permissive=0
11-01 13:10:11.432 21783 21783 W CrUtilityMain: type=1400 audit(0.0:491): avc: denied { setattr } for name="verified_contents.json" dev="dm-2" ino=51539 scontext=u:r:isolated_app:s0:c512,c768 tcontext=u:object_r:app_data_file:s0:c512,c768 tclass=file permissive=0
11-01 13:10:11.449 21770 21770 I cr_ChildProcessService: Destroying ChildProcessService pid=21770
11-01 13:10:11.450 21770 21783 I chromium: [INFO:child_process_service.cc(69)] ChildProcessService: Exiting child process.
11-01 13:10:11.464 21691 21691 D MonkeyStub: translateCommand: tap 724 439
11-01 13:10:11.475   600  1483 I ActivityManager: Process com.android.chrome:sandboxed_process22 (pid 21770) has died
11-01 13:10:11.475   600  1483 D ActivityManager: cleanUpApplicationRecord -- 21770
11-01 13:10:11.506 21125 21125 W chromium: [WARNING:compositor_view.cc(315)] Child process died (type=6) pid=21770)
11-01 13:10:12.326   785  1234 E AsyncOperation: serviceID=121, operation=GetLaunchDataOperation [CONTEXT service_id=259 ]
11-01 13:10:12.326   785  1234 E AsyncOperation: OperationException[Status{statusCode=Not an instant app, resolution=null}]
11-01 13:10:12.326   785  1234 E AsyncOperation: 	at aeay.a(:com.google.android.gms@203915020@20.39.15 (040406-335085812):20)
11-01 13:10:12.326   785  1234 E AsyncOperation: 	at aain.run(:com.google.android.gms@203915020@20.39.15 (040406-335085812):7)
11-01 13:10:12.326   785  1234 E AsyncOperation: 	at boex.run(:com.google.android.gms@203915020@20.39.15 (040406-335085812):2)
11-01 13:10:12.326   785  1234 E AsyncOperation: 	at sup.b(:com.google.android.gms@203915020@20.39.15 (040406-335085812):12)
11-01 13:10:12.326   785  1234 E AsyncOperation: 	at sup.run(:com.google.android.gms@203915020@20.39.15 (040406-335085812):7)
11-01 13:10:12.326   785  1234 E AsyncOperation: 	at java.util.concurrent.ThreadPoolExecutor.runWorker(ThreadPoolExecutor.java:1133)
11-01 13:10:12.326   785  1234 E AsyncOperation: 	at java.util.concurrent.ThreadPoolExecutor$Worker.run(ThreadPoolExecutor.java:607)
11-01 13:10:12.326   785  1234 E AsyncOperation: 	at tam.run(:com.google.android.gms@203915020@20.39.15 (040406-335085812):0)
11-01 13:10:12.326   785  1234 E AsyncOperation: 	at java.lang.Thread.run(Thread.java:761)
11-01 13:10:12.987   600   611 I ActivityManager: Start proc 21791:com.android.chrome:sandboxed_process23/u0i273 for service com.android.chrome/org.chromium.content.app.SandboxedProcessService23
11-01 13:10:13.042 21791 21791 W boxed_process23: type=1400 audit(0.0:492): avc: denied { getattr } for path="/data/data/com.android.chrome" dev="dm-2" ino=12190 scontext=u:r:isolated_app:s0:c512,c768 tcontext=u:object_r:app_data_file:s0:c512,c768 tclass=dir permissive=0
11-01 13:10:13.075 21791 21791 I cr_ChildProcessService: Creating new ChildProcessService pid=21791
11-01 13:10:13.141 21791 21804 I cr_LibraryLoader: Loaded native library version number "85.0.4183.127"
11-01 13:10:13.141 21791 21804 I cr_CachingUmaRecorder: Flushed 1 samples from 1 histograms.
11-01 13:10:13.155 21804 21804 W CrUtilityMain: type=1400 audit(0.0:493): avc: denied { setattr } for name="optimization-hints.pb" dev="dm-2" ino=56628 scontext=u:r:isolated_app:s0:c512,c768 tcontext=u:object_r:app_data_file:s0:c512,c768 tclass=file permissive=0
11-01 13:10:13.158 21804 21804 W CrUtilityMain: type=1400 audit(0.0:494): avc: denied { setattr } for name="manifest.json" dev="dm-2" ino=56483 scontext=u:r:isolated_app:s0:c512,c768 tcontext=u:object_r:app_data_file:s0:c512,c768 tclass=file permissive=0
11-01 13:10:13.158 21804 21804 W CrUtilityMain: type=1400 audit(0.0:495): avc: denied { setattr } for name="verified_contents.json" dev="dm-2" ino=56558 scontext=u:r:isolated_app:s0:c512,c768 tcontext=u:object_r:app_data_file:s0:c512,c768 tclass=file permissive=0
11-01 13:10:13.176 21791 21804 I chromium: [INFO:child_process_service.cc(69)] ChildProcessService: Exiting child process.
11-01 13:10:13.196   600  1484 I ActivityManager: Process com.android.chrome:sandboxed_process23 (pid 21791) has died
11-01 13:10:13.196   600  1484 D ActivityManager: cleanUpApplicationRecord -- 21791
11-01 13:10:13.209 21125 21125 W chromium: [WARNING:compositor_view.cc(315)] Child process died (type=6) pid=21791)
11-01 13:10:14.174 21125 21135 I art     : Background partial concurrent mark sweep GC freed 121603(5MB) AllocSpace objects, 17(976KB) LOS objects, 40% free, 10MB/16MB, paused 377us total 110.892ms
11-01 13:10:14.874 21125 21185 W chromium: [WARNING:spdy_session.cc(3352)] Received HEADERS for invalid stream 5
11-01 13:10:14.962   600  1068 I ActivityManager: Start proc 21808:com.android.chrome:sandboxed_process24/u0i274 for service com.android.chrome/org.chromium.content.app.SandboxedProcessService24
11-01 13:10:15.012 21808 21808 W boxed_process24: type=1400 audit(0.0:496): avc: denied { getattr } for path="/data/data/com.android.chrome" dev="dm-2" ino=12190 scontext=u:r:isolated_app:s0:c512,c768 tcontext=u:object_r:app_data_file:s0:c512,c768 tclass=dir permissive=0
11-01 13:10:15.066 21808 21808 I cr_ChildProcessService: Creating new ChildProcessService pid=21808
11-01 13:10:15.267 21808 21822 I cr_LibraryLoader: Loaded native library version number "85.0.4183.127"
11-01 13:10:15.269 21808 21822 I cr_CachingUmaRecorder: Flushed 1 samples from 1 histograms.
11-01 13:10:15.312 21822 21822 W CrUtilityMain: type=1400 audit(0.0:497): avc: denied { setattr } for name="crl-set" dev="dm-2" ino=57013 scontext=u:r:isolated_app:s0:c512,c768 tcontext=u:object_r:app_data_file:s0:c512,c768 tclass=file permissive=0
11-01 13:10:15.312 21822 21822 W CrUtilityMain: type=1400 audit(0.0:498): avc: denied { setattr } for name="manifest.json" dev="dm-2" ino=56979 scontext=u:r:isolated_app:s0:c512,c768 tcontext=u:object_r:app_data_file:s0:c512,c768 tclass=file permissive=0
11-01 13:10:15.315 21822 21822 W CrUtilityMain: type=1400 audit(0.0:499): avc: denied { setattr } for name="LICENSE" dev="dm-2" ino=56943 scontext=u:r:isolated_app:s0:c512,c768 tcontext=u:object_r:app_data_file:s0:c512,c768 tclass=file permissive=0
11-01 13:10:15.315 21822 21822 W CrUtilityMain: type=1400 audit(0.0:500): avc: denied { setattr } for name="verified_contents.json" dev="dm-2" ino=57234 scontext=u:r:isolated_app:s0:c512,c768 tcontext=u:object_r:app_data_file:s0:c512,c768 tclass=file permissive=0
11-01 13:10:15.329 21808 21822 I chromium: [INFO:child_process_service.cc(69)] ChildProcessService: Exiting child process.
11-01 13:10:15.331   197   197 E lowmemorykiller: Error writing /proc/21808/oom_score_adj; errno=22
11-01 13:10:15.357   600  8931 I ActivityManager: Process com.android.chrome:sandboxed_process24 (pid 21808) has died
11-01 13:10:15.357   600  8931 D ActivityManager: cleanUpApplicationRecord -- 21808
11-01 13:10:15.389 21125 21125 W chromium: [WARNING:compositor_view.cc(315)] Child process died (type=6) pid=21808)
11-01 13:10:15.816   785  1681 W Icing   : isOptedInForAppHistory: empty Account Name encountered
11-01 13:10:15.824   785  1681 W Icing   : isOptedInForAppHistory: empty Account Name encountered
11-01 13:10:15.847   785 17358 W Icing   : isOptedInForAppHistory: empty Account Name encountered
11-01 13:10:17.727   600   713 I ActivityManager: Start proc 21826:com.android.chrome:sandboxed_process25/u0i275 for service com.android.chrome/org.chromium.content.app.SandboxedProcessService25
11-01 13:10:17.785 21826 21826 W boxed_process25: type=1400 audit(0.0:501): avc: denied { getattr } for path="/data/data/com.android.chrome" dev="dm-2" ino=12190 scontext=u:r:isolated_app:s0:c512,c768 tcontext=u:object_r:app_data_file:s0:c512,c768 tclass=dir permissive=0
11-01 13:10:17.809 21826 21826 I cr_ChildProcessService: Creating new ChildProcessService pid=21826
11-01 13:10:17.869 21826 21839 I cr_LibraryLoader: Loaded native library version number "85.0.4183.127"
11-01 13:10:17.870 21826 21839 I cr_CachingUmaRecorder: Flushed 1 samples from 1 histograms.
11-01 13:10:17.885 21839 21839 W CrUtilityMain: type=1400 audit(0.0:502): avc: denied { setattr } for name="manifest.json" dev="dm-2" ino=61820 scontext=u:r:isolated_app:s0:c512,c768 tcontext=u:object_r:app_data_file:s0:c512,c768 tclass=file permissive=0
11-01 13:10:17.888 21839 21839 W CrUtilityMain: type=1400 audit(0.0:503): avc: denied { setattr } for name="verified_contents.json" dev="dm-2" ino=61878 scontext=u:r:isolated_app:s0:c512,c768 tcontext=u:object_r:app_data_file:s0:c512,c768 tclass=file permissive=0
11-01 13:10:17.903 21826 21839 I chromium: [INFO:child_process_service.cc(69)] ChildProcessService: Exiting child process.
11-01 13:10:17.932   600  1068 I ActivityManager: Process com.android.chrome:sandboxed_process25 (pid 21826) has died
11-01 13:10:17.932   600  1068 D ActivityManager: cleanUpApplicationRecord -- 21826
11-01 13:10:17.934 21125 21125 W chromium: [WARNING:compositor_view.cc(315)] Child process died (type=6) pid=21826)
11-01 13:10:19.722 21691 21691 D MonkeyStub: translateCommand: touch down 614 1561
11-01 13:10:19.727 21691 21691 D MonkeyStub: translateCommand: touch move 614 1561
11-01 13:10:19.836 21691 21691 D MonkeyStub: translateCommand: touch move 614 1436
11-01 13:10:19.963 21691 21691 D MonkeyStub: translateCommand: touch move 614 1311
11-01 13:10:20.082 21691 21691 D MonkeyStub: translateCommand: touch move 614 1186
11-01 13:10:20.210 21691 21691 D MonkeyStub: translateCommand: touch move 614 1061
11-01 13:10:20.347 21691 21691 D MonkeyStub: translateCommand: touch move 614 937
11-01 13:10:20.456 21691 21691 D MonkeyStub: translateCommand: touch move 614 812
11-01 13:10:20.561 21691 21691 D MonkeyStub: translateCommand: touch move 614 687
11-01 13:10:20.674 21691 21691 D MonkeyStub: translateCommand: touch move 614 562
11-01 13:10:20.781 21691 21691 D MonkeyStub: translateCommand: touch move 614 437
11-01 13:10:20.887 21691 21691 D MonkeyStub: translateCommand: touch move 614 312
11-01 13:10:21.526 21691 21691 D MonkeyStub: translateCommand: touch up 614 312
11-01 13:10:21.526 21125 21125 I Choreographer: Skipped 73 frames!  The application may be doing too much work on its main thread.
11-01 13:10:21.554 21691 21691 D MonkeyStub: translateCommand: touch down 614 1561
11-01 13:10:21.561 21691 21691 D MonkeyStub: translateCommand: touch move 614 1561
11-01 13:10:21.581   600  1068 I ActivityManager: Start proc 21843:com.android.chrome:sandboxed_process26/u0i276 for service com.android.chrome/org.chromium.content.app.SandboxedProcessService26
11-01 13:10:21.625 21843 21843 W boxed_process26: type=1400 audit(0.0:504): avc: denied { getattr } for path="/data/data/com.android.chrome" dev="dm-2" ino=12190 scontext=u:r:isolated_app:s0:c512,c768 tcontext=u:object_r:app_data_file:s0:c512,c768 tclass=dir permissive=0
11-01 13:10:21.666 21843 21843 I cr_ChildProcessService: Creating new ChildProcessService pid=21843
11-01 13:10:21.678 21691 21691 D MonkeyStub: translateCommand: touch move 614 1436
11-01 13:10:21.733 21843 21856 I cr_LibraryLoader: Loaded native library version number "85.0.4183.127"
11-01 13:10:21.733 21843 21856 I cr_CachingUmaRecorder: Flushed 1 samples from 1 histograms.
11-01 13:10:21.748 21856 21856 W CrUtilityMain: type=1400 audit(0.0:505): avc: denied { setattr } for name="download_file_types.pb" dev="dm-2" ino=62074 scontext=u:r:isolated_app:s0:c512,c768 tcontext=u:object_r:app_data_file:s0:c512,c768 tclass=file permissive=0
11-01 13:10:21.748 21856 21856 W CrUtilityMain: type=1400 audit(0.0:506): avc: denied { setattr } for name="manifest.json" dev="dm-2" ino=61979 scontext=u:r:isolated_app:s0:c512,c768 tcontext=u:object_r:app_data_file:s0:c512,c768 tclass=file permissive=0
11-01 13:10:21.752 21856 21856 W CrUtilityMain: type=1400 audit(0.0:507): avc: denied { setattr } for name="verified_contents.json" dev="dm-2" ino=62215 scontext=u:r:isolated_app:s0:c512,c768 tcontext=u:object_r:app_data_file:s0:c512,c768 tclass=file permissive=0
11-01 13:10:21.760 21843 21843 I cr_ChildProcessService: Destroying ChildProcessService pid=21843
11-01 13:10:21.761 21843 21856 I chromium: [INFO:child_process_service.cc(69)] ChildProcessService: Exiting child process.
11-01 13:10:21.787 21691 21691 D MonkeyStub: translateCommand: touch move 614 1311
11-01 13:10:21.838   600   610 I ActivityManager: Process com.android.chrome:sandboxed_process26 (pid 21843) has died
11-01 13:10:21.838   600   610 D ActivityManager: cleanUpApplicationRecord -- 21843
11-01 13:10:21.840 21125 21125 W chromium: [WARNING:compositor_view.cc(315)] Child process died (type=6) pid=21843)
11-01 13:10:21.891 21691 21691 D MonkeyStub: translateCommand: touch move 614 1186
11-01 13:10:22.005 21691 21691 D MonkeyStub: translateCommand: touch move 614 1061
11-01 13:10:22.115 21691 21691 D MonkeyStub: translateCommand: touch move 614 937
11-01 13:10:22.226 21691 21691 D MonkeyStub: translateCommand: touch move 614 812
11-01 13:10:22.335 21691 21691 D MonkeyStub: translateCommand: touch move 614 687
11-01 13:10:22.450 21691 21691 D MonkeyStub: translateCommand: touch move 614 562
11-01 13:10:22.555 21691 21691 D MonkeyStub: translateCommand: touch move 614 437
11-01 13:10:22.666 21691 21691 D MonkeyStub: translateCommand: touch move 614 312
11-01 13:10:22.682 21691 21691 D MonkeyStub: translateCommand: touch up 614 312
11-01 13:10:25.683   600  5522 I ActivityManager: Start proc 21862:com.android.chrome:sandboxed_process27/u0i277 for service com.android.chrome/org.chromium.content.app.SandboxedProcessService27
11-01 13:10:25.725 21862 21862 W boxed_process27: type=1400 audit(0.0:508): avc: denied { getattr } for path="/data/data/com.android.chrome" dev="dm-2" ino=12190 scontext=u:r:isolated_app:s0:c512,c768 tcontext=u:object_r:app_data_file:s0:c512,c768 tclass=dir permissive=0
11-01 13:10:25.750 21862 21862 I cr_ChildProcessService: Creating new ChildProcessService pid=21862
11-01 13:10:25.805 21862 21876 I cr_LibraryLoader: Loaded native library version number "85.0.4183.127"
11-01 13:10:25.806 21862 21876 I cr_CachingUmaRecorder: Flushed 1 samples from 1 histograms.
11-01 13:10:25.822 21876 21876 W CrUtilityMain: type=1400 audit(0.0:509): avc: denied { setattr } for name="ssl_error_assistant.pb" dev="dm-2" ino=62446 scontext=u:r:isolated_app:s0:c512,c768 tcontext=u:object_r:app_data_file:s0:c512,c768 tclass=file permissive=0
11-01 13:10:25.822 21876 21876 W CrUtilityMain: type=1400 audit(0.0:510): avc: denied { setattr } for name="manifest.json" dev="dm-2" ino=62595 scontext=u:r:isolated_app:s0:c512,c768 tcontext=u:object_r:app_data_file:s0:c512,c768 tclass=file permissive=0
11-01 13:10:25.825 21876 21876 W CrUtilityMain: type=1400 audit(0.0:511): avc: denied { setattr } for name="verified_contents.json" dev="dm-2" ino=62746 scontext=u:r:isolated_app:s0:c512,c768 tcontext=u:object_r:app_data_file:s0:c512,c768 tclass=file permissive=0
11-01 13:10:25.834 21862 21862 I cr_ChildProcessService: Destroying ChildProcessService pid=21862
11-01 13:10:25.835 21862 21876 I chromium: [INFO:child_process_service.cc(69)] ChildProcessService: Exiting child process.
11-01 13:10:25.856   600  1485 I ActivityManager: Process com.android.chrome:sandboxed_process27 (pid 21862) has died
11-01 13:10:25.856   600  1485 D ActivityManager: cleanUpApplicationRecord -- 21862
11-01 13:10:25.858 21125 21125 W chromium: [WARNING:compositor_view.cc(315)] Child process died (type=6) pid=21862)
11-01 13:10:27.711 21691 21691 D MonkeyStub: Quit requested
11-01 13:10:27.732   600   614 I CwMcuSensor: CwMcuSensor::flush: fd = 195, sensors_id = 0, path = /sys/class/htc_sensorhub/sensor_hub/flush, err = 0
11-01 13:10:27.734 21691 21691 I art     : System.exit called, status: 82
11-01 13:10:27.734 21691 21691 I AndroidRuntime: VM exiting with result code 82.
11-01 13:10:27.758   600  8039 W WindowManager: Attempted to remove non-existing token: android.os.Binder@c07606c
11-01 13:10:29.981   600  8930 I ActivityManager: Start proc 21887:com.android.chrome:sandboxed_process28/u0i278 for service com.android.chrome/org.chromium.content.app.SandboxedProcessService28
11-01 13:10:30.015 21887 21887 W boxed_process28: type=1400 audit(0.0:512): avc: denied { getattr } for path="/data/data/com.android.chrome" dev="dm-2" ino=12190 scontext=u:r:isolated_app:s0:c512,c768 tcontext=u:object_r:app_data_file:s0:c512,c768 tclass=dir permissive=0
11-01 13:10:30.042 21887 21887 I cr_ChildProcessService: Creating new ChildProcessService pid=21887
11-01 13:10:30.093 21887 21900 I cr_LibraryLoader: Loaded native library version number "85.0.4183.127"
11-01 13:10:30.094 21887 21900 I cr_CachingUmaRecorder: Flushed 1 samples from 1 histograms.
11-01 13:10:30.118 21900 21900 W CrUtilityMain: type=1400 audit(0.0:513): avc: denied { setattr } for name="safety_tips.pb" dev="dm-2" ino=62468 scontext=u:r:isolated_app:s0:c512,c768 tcontext=u:object_r:app_data_file:s0:c512,c768 tclass=file permissive=0
11-01 13:10:30.118 21900 21900 W CrUtilityMain: type=1400 audit(0.0:514): avc: denied { setattr } for name="manifest.json" dev="dm-2" ino=62485 scontext=u:r:isolated_app:s0:c512,c768 tcontext=u:object_r:app_data_file:s0:c512,c768 tclass=file permissive=0
11-01 13:10:30.122 21900 21900 W CrUtilityMain: type=1400 audit(0.0:515): avc: denied { setattr } for name="verified_contents.json" dev="dm-2" ino=62717 scontext=u:r:isolated_app:s0:c512,c768 tcontext=u:object_r:app_data_file:s0:c512,c768 tclass=file permissive=0
11-01 13:10:30.135 21887 21900 I chromium: [INFO:child_process_service.cc(69)] ChildProcessService: Exiting child process.
11-01 13:10:30.136   197   197 E lowmemorykiller: Error writing /proc/21887/oom_score_adj; errno=22
11-01 13:10:30.142 21125 21125 W chromium: [WARNING:compositor_view.cc(315)] Child process died (type=6) pid=21887)
11-01 13:10:30.142   600  1483 I ActivityManager: Process com.android.chrome:sandboxed_process28 (pid 21887) has died
11-01 13:10:30.142   600  1483 D ActivityManager: cleanUpApplicationRecord -- 21887
11-01 13:10:34.625   600  1666 I ActivityManager: Start proc 21905:com.android.chrome:sandboxed_process29/u0i279 for service com.android.chrome/org.chromium.content.app.SandboxedProcessService29
11-01 13:10:34.725 21905 21905 W boxed_process29: type=1400 audit(0.0:516): avc: denied { getattr } for path="/data/data/com.android.chrome" dev="dm-2" ino=12190 scontext=u:r:isolated_app:s0:c512,c768 tcontext=u:object_r:app_data_file:s0:c512,c768 tclass=dir permissive=0
11-01 13:10:34.768 21905 21905 I cr_ChildProcessService: Creating new ChildProcessService pid=21905
11-01 13:10:34.878 21905 21918 I cr_LibraryLoader: Loaded native library version number "85.0.4183.127"
11-01 13:10:34.879 21905 21918 I cr_CachingUmaRecorder: Flushed 1 samples from 1 histograms.
11-01 13:10:34.902 21918 21918 W CrUtilityMain: type=1400 audit(0.0:517): avc: denied { setattr } for name=5072656C6F61642044617461 dev="dm-2" ino=63139 scontext=u:r:isolated_app:s0:c512,c768 tcontext=u:object_r:app_data_file:s0:c512,c768 tclass=file permissive=0
11-01 13:10:34.902 21918 21918 W CrUtilityMain: type=1400 audit(0.0:518): avc: denied { setattr } for name="manifest.json" dev="dm-2" ino=62822 scontext=u:r:isolated_app:s0:c512,c768 tcontext=u:object_r:app_data_file:s0:c512,c768 tclass=file permissive=0
11-01 13:10:34.905 21918 21918 W CrUtilityMain: type=1400 audit(0.0:519): avc: denied { setattr } for name="verified_contents.json" dev="dm-2" ino=63233 scontext=u:r:isolated_app:s0:c512,c768 tcontext=u:object_r:app_data_file:s0:c512,c768 tclass=file permissive=0
11-01 13:10:34.914 21905 21905 I cr_ChildProcessService: Destroying ChildProcessService pid=21905
11-01 13:10:34.923 21905 21918 I chromium: [INFO:child_process_service.cc(69)] ChildProcessService: Exiting child process.
11-01 13:10:35.015   600  1485 I ActivityManager: Start proc 21927:com.android.chrome:sandboxed_process30/u0i280 for service com.android.chrome/org.chromium.content.app.SandboxedProcessService30
11-01 13:10:35.046   600  1483 I ActivityManager: Process com.android.chrome:sandboxed_process29 (pid 21905) has died
11-01 13:10:35.046   600  1483 D ActivityManager: cleanUpApplicationRecord -- 21905
11-01 13:10:35.049 21125 21125 W chromium: [WARNING:compositor_view.cc(315)] Child process died (type=6) pid=21905)
11-01 13:10:35.078 21927 21927 W boxed_process30: type=1400 audit(0.0:520): avc: denied { getattr } for path="/data/data/com.android.chrome" dev="dm-2" ino=12190 scontext=u:r:isolated_app:s0:c512,c768 tcontext=u:object_r:app_data_file:s0:c512,c768 tclass=dir permissive=0
11-01 13:10:35.103 21927 21927 I cr_ChildProcessService: Creating new ChildProcessService pid=21927
11-01 13:10:35.156 21927 21940 I cr_LibraryLoader: Loaded native library version number "85.0.4183.127"
11-01 13:10:35.157 21927 21940 I cr_CachingUmaRecorder: Flushed 1 samples from 1 histograms.
11-01 13:10:35.182 21940 21940 W CrUtilityMain: type=1400 audit(0.0:521): avc: denied { setattr } for name="tls_deprecation_config.pb" dev="dm-2" ino=62967 scontext=u:r:isolated_app:s0:c512,c768 tcontext=u:object_r:app_data_file:s0:c512,c768 tclass=file permissive=0
11-01 13:10:35.182 21940 21940 W CrUtilityMain: type=1400 audit(0.0:522): avc: denied { setattr } for name="manifest.json" dev="dm-2" ino=63004 scontext=u:r:isolated_app:s0:c512,c768 tcontext=u:object_r:app_data_file:s0:c512,c768 tclass=file permissive=0
11-01 13:10:35.185 21940 21940 W CrUtilityMain: type=1400 audit(0.0:523): avc: denied { setattr } for name="verified_contents.json" dev="dm-2" ino=63080 scontext=u:r:isolated_app:s0:c512,c768 tcontext=u:object_r:app_data_file:s0:c512,c768 tclass=file permissive=0
11-01 13:10:35.197 21927 21927 I cr_ChildProcessService: Destroying ChildProcessService pid=21927
11-01 13:10:35.197 21927 21940 I chromium: [INFO:child_process_service.cc(69)] ChildProcessService: Exiting child process.
11-01 13:10:35.220   600  5522 I ActivityManager: Process com.android.chrome:sandboxed_process30 (pid 21927) has died
11-01 13:10:35.220   600  5522 D ActivityManager: cleanUpApplicationRecord -- 21927
