10-31 07:41:51.730  4860  4860 D MonkeyStub: translateCommand: touch move 614 312
10-31 07:41:51.744  4860  4860 D MonkeyStub: translateCommand: touch up 614 312
10-31 07:41:51.762  4860  4860 D MonkeyStub: Quit requested
10-31 07:41:51.831   600   614 I CwMcuSensor: CwMcuSensor::flush: fd = 245, sensors_id = 0, path = /sys/class/htc_sensorhub/sensor_hub/flush, err = 0
10-31 07:41:51.853  4860  4860 I art     : System.exit called, status: 110
10-31 07:41:51.853  4860  4860 I AndroidRuntime: VM exiting with result code 110.
10-31 07:41:51.908   600 24611 W WindowManager: Attempted to remove non-existing token: android.os.Binder@2e1a047
10-31 07:42:08.048  5071  5071 D AndroidRuntime: >>>>>> START com.android.internal.os.RuntimeInit uid 2000 <<<<<<
10-31 07:42:08.057  5071  5071 D AndroidRuntime: CheckJNI is OFF
10-31 07:42:08.200  5071  5071 D ICU     : No timezone override file found: /data/misc/zoneinfo/current/icu/icu_tzdata.dat
10-31 07:42:08.258  5071  5071 I Radio-JNI: register_android_hardware_Radio DONE
10-31 07:42:08.290  5071  5071 D AndroidRuntime: Calling main entry com.android.commands.am.Am
10-31 07:42:08.306   600  3675 I ActivityManager: Force stopping com.opera.browser appid=10122 user=0: from pid 5071
10-31 07:42:08.306   600  3675 I ActivityManager: Killing 4528:com.opera.browser:privileged_process0/u0a122 (adj 0): stop com.opera.browser
10-31 07:42:08.307   600  3675 D ActivityManager: cleanUpApplicationRecord -- 4528
10-31 07:42:08.307   600  3675 W ActivityManager: Scheduling restart of crashed service com.opera.browser/com.opera.android.browser.chromium.services.PrivilegedProcessService0 in 1000ms
10-31 07:42:08.308   600  3675 I ActivityManager: Killing 4392:com.opera.browser/u0a122 (adj 0): stop com.opera.browser
10-31 07:42:08.308   600  3675 D ActivityManager: cleanUpApplicationRecord -- 4392
10-31 07:42:08.311   600  3675 W ActivityManager: Force removing ActivityRecord{8e602db u0 com.opera.browser/com.opera.android.BrowserActivity t2164}: app died, no saved state
10-31 07:42:08.345   600  3675 I ActivityManager: Killing 4811:com.opera.browser:sandboxed_process0/u0a122 (adj 0): stop com.opera.browser
10-31 07:42:08.345   600  3675 D ActivityManager: cleanUpApplicationRecord -- 4811
10-31 07:42:08.347  5071  5071 D AndroidRuntime: Shutting down VM
10-31 07:42:08.390  1084  1171 I OpenGLRenderer: Initialized EGL, version 1.4
10-31 07:42:08.390  1084  1171 D OpenGLRenderer: Swap behavior 2
10-31 07:42:08.437  1061  1061 D RegisteredNfcFServicesCache: Service unchanged, not updating
10-31 07:42:08.490 23104 32213 I AttachedClient: Adding client event 2 to pending list.
10-31 07:42:08.527 23104 23104 I OptInState: There is a new client and it does not support opt-in. Dropping request.
10-31 07:42:08.529 23104 23104 I MicroDetectionWorker: Micro detection mode: [mDetectionMode: [1]].
10-31 07:42:08.548 23104  5085 I MicroRecognitionRunner: Starting detection.
10-31 07:42:08.549 23104 23137 I MicrophoneInputStream: mic_starting com.google.android.apps.gsa.speech.audio.ae@a27b5c3
10-31 07:42:08.574   238  5089 I AudioFlinger: AudioFlinger's thread 0xef692f00 ready to run
10-31 07:42:08.583   238   285 I SoundTriggerHwService::Module: void android::SoundTriggerHwService::Module::onCallbackEvent(const sp<android::SoundTriggerHwService::CallbackEvent> &) mClient == 0
10-31 07:42:08.589 23104 23137 I MicrophoneInputStream: mic_started com.google.android.apps.gsa.speech.audio.ae@a27b5c3
10-31 07:42:08.679   600   609 I art     : Background partial concurrent mark sweep GC freed 100675(4MB) AllocSpace objects, 19(412KB) LOS objects, 33% free, 16MB/25MB, paused 920us total 233.672ms
10-31 07:42:08.745   600  3994 D ConnectivityService: ConnectivityService NetworkRequestInfo binderDied(NetworkRequest [ LISTEN id=1654, [ Capabilities: INTERNET&NOT_RESTRICTED&TRUSTED&FOREGROUND] ], android.os.BinderProxy@41b5b1f)
10-31 07:42:08.746   600  3994 D ConnectivityService: ConnectivityService NetworkRequestInfo binderDied(NetworkRequest [ LISTEN id=1653, [ Capabilities: INTERNET&NOT_RESTRICTED&TRUSTED&FOREGROUND] ], android.os.BinderProxy@e636e6c)
10-31 07:42:08.746   600   649 E ConnectivityService: RemoteException caught trying to send a callback msg for NetworkRequest [ LISTEN id=1654, [ Capabilities: INTERNET&NOT_RESTRICTED&TRUSTED&FOREGROUND] ]
10-31 07:42:08.746   600  3994 D GraphicsStats: Buffer count: 2
10-31 07:42:08.746   600   649 E ConnectivityService: RemoteException caught trying to send a callback msg for NetworkRequest [ LISTEN id=1653, [ Capabilities: INTERNET&NOT_RESTRICTED&TRUSTED&FOREGROUND] ]
10-31 07:42:08.780 23104 23104 I MicroDetectionWorker: onReady
10-31 07:42:08.932  1084  1171 W OpenGLRenderer: Incorrectly called buildLayer on View: ShortcutAndWidgetContainer, destroying layer...
10-31 07:42:09.019  5087  5087 D AndroidRuntime: >>>>>> START com.android.internal.os.RuntimeInit uid 2000 <<<<<<
10-31 07:42:09.023  5087  5087 D AndroidRuntime: CheckJNI is OFF
10-31 07:42:09.089  5087  5087 D ICU     : No timezone override file found: /data/misc/zoneinfo/current/icu/icu_tzdata.dat
10-31 07:42:09.117  5087  5087 I Radio-JNI: register_android_hardware_Radio DONE
10-31 07:42:09.132  5087  5087 D AndroidRuntime: Calling main entry com.android.commands.pm.Pm
10-31 07:42:09.147   600  3675 I ActivityManager: Force stopping com.opera.browser appid=10122 user=0: clear data
10-31 07:42:09.148   600   613 I ActivityManager: Force stopping com.opera.browser appid=10122 user=-1: clearApplicationUserData
10-31 07:42:09.329   787   787 I GeofencerStateMachine: removeGeofences: removeRequest=RemoveGeofencingRequest[REMOVE_ALL packageName=com.opera.browser]
10-31 07:42:09.335  5087  5087 I art     : System.exit called, status: 0
10-31 07:42:09.335  5087  5087 I AndroidRuntime: VM exiting with result code 0.
10-31 07:42:09.341  1061  1061 D RegisteredNfcFServicesCache: Service unchanged, not updating
10-31 07:42:09.354   600   612 W ResourceType: No known package when getting value for resource number 0x7f100007
10-31 07:42:09.354   600   612 W ResourceType: No known package when getting value for resource number 0x7f13090c
10-31 07:42:09.354   600   612 W ResourceType: No known package when getting value for resource number 0x7f100005
10-31 07:42:09.354   600   612 W ResourceType: No known package when getting value for resource number 0x7f13090a
10-31 07:42:09.354   600   612 W ResourceType: No known package when getting value for resource number 0x7f100004
10-31 07:42:09.354   600   612 W ResourceType: No known package when getting value for resource number 0x7f130909
10-31 07:42:09.354   600   612 W ResourceType: No known package when getting value for resource number 0x7f100006
10-31 07:42:09.354   600   612 W ResourceType: No known package when getting value for resource number 0x7f13090b
10-31 07:42:09.593   787  5111 I Fitness : FitCleanupIntentOperation received Intent android.intent.action.PACKAGE_DATA_CLEARED [CONTEXT service_id=17 ]
10-31 07:42:09.604 17545 24698 I Icing   : doRemovePackageData com.opera.browser
