--------- beginning of main
10-29 16:43:04.482  3117  3117 D AndroidRuntime: >>>>>> START com.android.internal.os.RuntimeInit uid 2000 <<<<<<
10-29 16:43:04.485  3117  3117 D AndroidRuntime: CheckJNI is OFF
10-29 16:43:04.551  3117  3117 D ICU     : No timezone override file found: /data/misc/zoneinfo/current/icu/icu_tzdata.dat
10-29 16:43:04.580  3117  3117 I Radio-JNI: register_android_hardware_Radio DONE
10-29 16:43:04.594  3117  3117 D AndroidRuntime: Calling main entry com.android.commands.am.Am
--------- beginning of system
10-29 16:43:04.612   600  3507 I ActivityManager: Force stopping com.opera.browser appid=10122 user=0: from pid 3117
10-29 16:43:04.621  1061  1061 D RegisteredNfcFServicesCache: Service unchanged, not updating
10-29 16:43:04.869   600  1082 I ActivityManager: START u0 {act=android.intent.action.VIEW flg=0x10008000 cmp=com.opera.browser/com.opera.Opera} from uid 2000 on display 0
10-29 16:43:04.905  3117  3117 D AndroidRuntime: Shutting down VM
10-29 16:43:04.932   600  1079 I ActivityManager: Start proc 3127:com.opera.browser/u0a122 for activity com.opera.browser/com.opera.Opera
10-29 16:43:05.042  3127  3127 I art     : Starting a blocking GC AddRemoveAppImageSpace
10-29 16:43:05.064  3127  3127 I LoadedApk: No resource references to update in package com.opera.browser.nord_vpn
10-29 16:43:05.159  3127  3127 I art     : Rejecting re-init on previously-failed class java.lang.Class<com.opera.android.job.a$j>: java.lang.NoClassDefFoundError: Failed resolution of: Landroid/app/job/JobServiceEngine;
10-29 16:43:05.159  3127  3127 I art     :   at void com.opera.android.OperaApplication.onCreate() (SourceFile:52)
10-29 16:43:05.159  3127  3127 I art     :   at void android.app.Instrumentation.callApplicationOnCreate(android.app.Application) (Instrumentation.java:1024)
10-29 16:43:05.159  3127  3127 I art     :   at void android.app.ActivityThread.handleBindApplication(android.app.ActivityThread$AppBindData) (ActivityThread.java:5403)
10-29 16:43:05.159  3127  3127 I art     :   at void android.app.ActivityThread.-wrap2(android.app.ActivityThread, android.app.ActivityThread$AppBindData) (ActivityThread.java:-1)
10-29 16:43:05.159  3127  3127 I art     :   at void android.app.ActivityThread$H.handleMessage(android.os.Message) (ActivityThread.java:1545)
10-29 16:43:05.159  3127  3127 I art     :   at void android.os.Handler.dispatchMessage(android.os.Message) (Handler.java:102)
10-29 16:43:05.159  3127  3127 I art     :   at void android.os.Looper.loop() (Looper.java:154)
10-29 16:43:05.159  3127  3127 I art     :   at void android.app.ActivityThread.main(java.lang.String[]) (ActivityThread.java:6119)
10-29 16:43:05.159  3127  3127 I art     :   at java.lang.Object java.lang.reflect.Method.invoke!(java.lang.Object, java.lang.Object[]) (Method.java:-2)
10-29 16:43:05.159  3127  3127 I art     :   at void com.android.internal.os.ZygoteInit$MethodAndArgsCaller.run() (ZygoteInit.java:886)
10-29 16:43:05.159  3127  3127 I art     :   at void com.android.internal.os.ZygoteInit.main(java.lang.String[]) (ZygoteInit.java:776)
10-29 16:43:05.159  3127  3127 I art     : Caused by: java.lang.ClassNotFoundException: Didn't find class "android.app.job.JobServiceEngine" on path: DexPathList[[zip file "/data/app/com.opera.browser-1/base.apk"],nativeLibraryDirectories=[/data/app/com.opera.browser-1/lib/arm, /data/app/com.opera.browser-1/base.apk!/lib/armeabi-v7a, /system/lib, /vendor/lib]]
10-29 16:43:05.159  3127  3127 I art     :   at java.lang.Class dalvik.system.BaseDexClassLoader.findClass(java.lang.String) (BaseDexClassLoader.java:56)
10-29 16:43:05.159  3127  3127 I art     :   at java.lang.Class java.lang.ClassLoader.loadClass(java.lang.String, boolean) (ClassLoader.java:380)
10-29 16:43:05.159  3127  3127 I art     :   at java.lang.Class java.lang.ClassLoader.loadClass(java.lang.String) (ClassLoader.java:312)
10-29 16:43:05.159  3127  3127 I art     :   at void com.opera.android.OperaApplication.onCreate() (SourceFile:52)
10-29 16:43:05.159  3127  3127 I art     :   at void android.app.Instrumentation.callApplicationOnCreate(android.app.Application) (Instrumentation.java:1024)
10-29 16:43:05.159  3127  3127 I art     :   at void android.app.ActivityThread.handleBindApplication(android.app.ActivityThread$AppBindData) (ActivityThread.java:5403)
10-29 16:43:05.159  3127  3127 I art     :   at void android.app.ActivityThread.-wrap2(android.app.ActivityThread, android.app.ActivityThread$AppBindData) (ActivityThread.java:-1)
10-29 16:43:05.159  3127  3127 I art     :   at void android.app.ActivityThread$H.handleMessage(android.os.Message) (ActivityThread.java:1545)
10-29 16:43:05.159  3127  3127 I art     :   at void android.os.Handler.dispatchMessage(android.os.Message) (Handler.java:102)
10-29 16:43:05.159  3127  3127 I art     :   at void android.os.Looper.loop() (Looper.java:154)
10-29 16:43:05.159  3127  3127 I art     :   at void android.app.ActivityThread.main(java.lang.String[]) (ActivityThread.java:6119)
10-29 16:43:05.159  3127  3127 I art     :   at java.lang.Object java.lang.reflect.Method.invoke!(java.lang.Object, java.lang.Object[]) (Method.java:-2)
10-29 16:43:05.159  3127  3127 I art     :   at void com.android.internal.os.ZygoteInit$MethodAndArgsCaller.run() (ZygoteInit.java:886)
10-29 16:43:05.159  3127  3127 I art     :   at void com.android.internal.os.ZygoteInit.main(java.lang.String[]) (ZygoteInit.java:776)
10-29 16:43:05.159  3127  3127 I art     : 
10-29 16:43:05.199  3127  3162 D NetworkSecurityConfig: Using Network Security Config from resource network_security_config_official_build debugBuild: false
10-29 16:43:05.353   600 24515 I ActivityManager: START u0 {act=android.intent.action.VIEW flg=0x10008000 cmp=com.opera.browser/com.opera.android.startup.WelcomeActivity} from uid 10122 on display 0
10-29 16:43:05.376   600  3509 W ActivityManager: Duplicate finish request for ActivityRecord{809e706 u0 com.opera.browser/com.opera.Opera t1184 f}
10-29 16:43:05.569   600   609 I art     : Background partial concurrent mark sweep GC freed 34214(1731KB) AllocSpace objects, 5(100KB) LOS objects, 33% free, 14MB/22MB, paused 2.176ms total 140.423ms
10-29 16:43:05.577  3127  3137 I art     : Background sticky concurrent mark sweep GC freed 23563(2MB) AllocSpace objects, 11(300KB) LOS objects, 16% free, 5MB/6MB, paused 5.924ms total 184.710ms
10-29 16:43:05.712  3127  3137 I art     : Background partial concurrent mark sweep GC freed 31972(3MB) AllocSpace objects, 13(316KB) LOS objects, 40% free, 5MB/8MB, paused 2.576ms total 112.133ms
10-29 16:43:05.786  3127  3235 I OpenGLRenderer: Initialized EGL, version 1.4
10-29 16:43:05.786  3127  3235 D OpenGLRenderer: Swap behavior 2
10-29 16:43:05.805  3127  3178 I FA      : App measurement initialized, version: 43042
10-29 16:43:05.805  3127  3178 I FA      : To enable debug logging run: adb shell setprop log.tag.FA VERBOSE
10-29 16:43:05.805  3127  3178 I FA      : To enable faster debug mode event logging run:
10-29 16:43:05.805  3127  3178 I FA      :   adb shell setprop debug.firebase.analytics.app com.opera.browser
10-29 16:43:05.964   600   620 I ActivityManager: Displayed com.opera.browser/com.opera.android.startup.WelcomeActivity: +572ms (total +1s67ms)
10-29 16:43:06.082  3127  3251 W chromium: [WARNING:op_site_scripts.cc(424)] Failed to map /data/user/0/com.opera.browser/app_opera/sjs
10-29 16:43:06.086   600  1080 I ActivityManager: Start proc 3266:com.opera.browser:privileged_process0/u0a122 for service com.opera.browser/com.opera.android.browser.chromium.services.PrivilegedProcessService0
10-29 16:43:06.196   600   620 W WindowManager: Failed looking up window
10-29 16:43:06.196   600   620 W WindowManager: java.lang.IllegalArgumentException: Requested window android.view.ViewRootImpl$W@240c2bf does not exist
10-29 16:43:06.196   600   620 W WindowManager: 	at com.android.server.wm.WindowManagerService.windowForClientLocked(WindowManagerService.java:9422)
10-29 16:43:06.196   600   620 W WindowManager: 	at com.android.server.wm.WindowManagerService.windowForClientLocked(WindowManagerService.java:9413)
10-29 16:43:06.196   600   620 W WindowManager: 	at com.android.server.wm.WindowManagerService.removeWindow(WindowManagerService.java:2393)
10-29 16:43:06.196   600   620 W WindowManager: 	at com.android.server.wm.Session.remove(Session.java:202)
10-29 16:43:06.196   600   620 W WindowManager: 	at android.view.ViewRootImpl.dispatchDetachedFromWindow(ViewRootImpl.java:3290)
10-29 16:43:06.196   600   620 W WindowManager: 	at android.view.ViewRootImpl.doDie(ViewRootImpl.java:5917)
10-29 16:43:06.196   600   620 W WindowManager: 	at android.view.ViewRootImpl$ViewRootHandler.handleMessage(ViewRootImpl.java:3626)
10-29 16:43:06.196   600   620 W WindowManager: 	at android.os.Handler.dispatchMessage(Handler.java:102)
10-29 16:43:06.196   600   620 W WindowManager: 	at android.os.Looper.loop(Looper.java:154)
10-29 16:43:06.196   600   620 W WindowManager: 	at android.os.HandlerThread.run(HandlerThread.java:61)
10-29 16:43:06.196   600   620 W WindowManager: 	at com.android.server.ServiceThread.run(ServiceThread.java:46)
10-29 16:43:06.202  3266  3266 I art     : Starting a blocking GC AddRemoveAppImageSpace
10-29 16:43:06.231  3266  3266 I LoadedApk: No resource references to update in package com.opera.browser.nord_vpn
10-29 16:43:06.372  3266  3291 E libEGL  : validate_display:99 error 3008 (EGL_BAD_DISPLAY)
10-29 16:43:06.462  3410  3033 I DeviceStateChecker: DeviceStateChecker cancelled
10-29 16:43:06.470  3410  3410 I MicroDetector: Keeping mic open: false
10-29 16:43:06.470  3410 29778 I AudioController: internalShutdown
10-29 16:43:06.470  3410 29778 I MicrophoneInputStream: mic_close com.google.android.apps.gsa.speech.audio.ae@a02e2b6
10-29 16:43:06.471  3410  4353 I MicroRecognitionRunner: Stopping hotword detection.
10-29 16:43:06.478   238   285 I SoundTriggerHwService::Module: void android::SoundTriggerHwService::Module::onCallbackEvent(const sp<android::SoundTriggerHwService::CallbackEvent> &) mClient == 0
10-29 16:43:06.547  3266  3291 E libEGL  : validate_display:99 error 3008 (EGL_BAD_DISPLAY)
10-29 16:43:06.576  3410  3032 I MicroRecognitionRunner: Detection finished
10-29 16:43:06.608  3127  3178 I FA      : Tag Manager is not found and thus will not be used
10-29 16:43:09.539   787   802 W SQLiteConnectionPool: A SQLiteConnection object for database '/data/user/0/com.google.android.gms/databases/metadata.db' was leaked!  Please fix your application to end transactions in progress properly and to close the database when it is no longer needed.
10-29 16:43:09.540   787  1258 W GmsStrictMode: LEAKED_CLOSABLE [CONTEXT service_id=256 ]
10-29 16:43:09.540   787  1258 W GmsStrictMode: rvo: LEAKED_CLOSABLE
10-29 16:43:09.540   787  1258 W GmsStrictMode: 	at dalvik.system.VMStack.getThreadStackTrace(Native Method)
10-29 16:43:09.540   787  1258 W GmsStrictMode: 	at java.lang.Thread.getStackTrace(Thread.java:1566)
10-29 16:43:09.540   787  1258 W GmsStrictMode: 	at bhdb.containsKey(:com.google.android.gms@203915020@20.39.15 (040406-335085812):1)
10-29 16:43:09.540   787  1258 W GmsStrictMode: 	at android.os.StrictMode.onVmPolicyViolation(StrictMode.java:1867)
10-29 16:43:09.540   787  1258 W GmsStrictMode: 	at android.os.StrictMode.onVmPolicyViolation(StrictMode.java:1844)
10-29 16:43:09.540   787  1258 W GmsStrictMode: 	at android.os.StrictMode$AndroidCloseGuardReporter.report(StrictMode.java:1590)
10-29 16:43:09.540   787  1258 W GmsStrictMode: 	at dalvik.system.CloseGuard.warnIfOpen(CloseGuard.java:208)
10-29 16:43:09.540   787  1258 W GmsStrictMode: 	at android.database.sqlite.SQLiteConnection.dispose(SQLiteConnection.java:231)
10-29 16:43:09.540   787  1258 W GmsStrictMode: 	at android.database.sqlite.SQLiteConnection.finalize(SQLiteConnection.java:180)
10-29 16:43:09.540   787  1258 W GmsStrictMode: 	at java.lang.Daemons$FinalizerDaemon.doFinalize(Daemons.java:222)
10-29 16:43:09.540   787  1258 W GmsStrictMode: 	at java.lang.Daemons$FinalizerDaemon.run(Daemons.java:209)
10-29 16:43:09.540   787  1258 W GmsStrictMode: 	at java.lang.Thread.run(Thread.java:761)
10-29 16:43:10.380  3127  3127 I PlayCore: UID: [10122]  PID: [3127] AppUpdateListenerRegistry : registerListener
10-29 16:43:10.383  3127  3127 I PlayCore: UID: [10122]  PID: [3127] AppUpdateService : requestUpdateInfo(com.opera.browser)
10-29 16:43:10.386  3127  3341 I PlayCore: UID: [10122]  PID: [3127] AppUpdateService : Initiate binding to the service.
10-29 16:43:10.389   600   610 W ActivityManager: Unable to start service Intent { act=com.google.android.play.core.install.BIND_UPDATE_SERVICE pkg=com.android.vending } U=0: not found
10-29 16:43:10.390  3127  3341 I PlayCore: UID: [10122]  PID: [3127] AppUpdateService : Failed to bind to the service.
10-29 16:43:10.479  3127  3345 D ApplicationLoaders: ignored Vulkan layer search path /data/app/com.google.android.gms-1/lib/arm:/data/app/com.google.android.gms-1/base.apk!/lib/armeabi-v7a:/data/app/com.google.android.gms-1/split_config.en.apk!/lib/armeabi-v7a for namespace 0xf4a41090
10-29 16:43:10.483  3127  3345 W ResourceType: ResTable_typeSpec entry count inconsistent: given 67, previously 69
10-29 16:43:10.483  3127  3345 W ResourceType: ResTable_typeSpec entry count inconsistent: given 5346, previously 5347
10-29 16:43:10.780   600   612 D SyncManager: failed sync operation JobId: 100983, com.opera.browser u0 (com.opera.browser.ping), com.opera.browser.ping.provider, SERVER, reason: 10122, SyncResult: delayUntil: 1667061790 stats [ numIoExceptions: 1]
10-29 16:43:18.028  3374  3374 D AndroidRuntime: >>>>>> START com.android.internal.os.RuntimeInit uid 2000 <<<<<<
10-29 16:43:18.032  3374  3374 D AndroidRuntime: CheckJNI is OFF
10-29 16:43:18.097  3374  3374 D ICU     : No timezone override file found: /data/misc/zoneinfo/current/icu/icu_tzdata.dat
10-29 16:43:18.128  3374  3374 I Radio-JNI: register_android_hardware_Radio DONE
10-29 16:43:18.143  3374  3374 D AndroidRuntime: Calling main entry com.android.commands.monkey.Monkey
10-29 16:43:18.212   600   613 W BroadcastQueue: Skipping deliver [background] BroadcastRecord{6a2b279 u-1 android.net.conn.CONNECTIVITY_CHANGE} to ReceiverList{83d0bbe 3374 (unknown name)/2000/u-1 remote:5074ec3}: process crashing
10-29 16:43:19.791  3374  3374 D MonkeyStub: translateCommand: wake
10-29 16:43:19.905  3374  3374 D MonkeyStub: translateCommand: tap 960 1881
10-29 16:43:19.975   600  9614 I ActivityManager: START u0 {act=android.intent.action.VIEW flg=0x1000000 cmp=com.opera.browser/com.opera.android.IntentDispatcherActivity} from uid 10122 on display 0
10-29 16:43:20.076   600  3994 I ActivityManager: START u0 {act=android.intent.action.VIEW flg=0x15002000 cmp=com.opera.browser/com.opera.android.BrowserActivity} from uid 10122 on display 0
10-29 16:43:20.159   600   609 I art     : Background partial concurrent mark sweep GC freed 42761(2MB) AllocSpace objects, 42(1272KB) LOS objects, 33% free, 14MB/22MB, paused 2.663ms total 125.036ms
10-29 16:43:20.419  3127  3420 W ResourceType: ResTable_typeSpec entry count inconsistent: given 67, previously 69
10-29 16:43:20.419  3127  3420 W ResourceType: ResTable_typeSpec entry count inconsistent: given 5346, previously 5347
10-29 16:43:20.528  3127  3391 E [Leanplum][ERROR]: No variable values were received from the server. Please contact us to investigate.
10-29 16:43:20.637   600   620 I ActivityManager: Displayed com.opera.browser/com.opera.android.BrowserActivity: +531ms (total +629ms)
10-29 16:43:20.655   600  1076 I CwMcuSensor: CwMcuSensor::flush: fd = 238, sensors_id = 0, path = /sys/class/htc_sensorhub/sensor_hub/flush, err = 0
10-29 16:43:20.691  1084  1171 W OpenGLRenderer: Incorrectly called buildLayer on View: ShortcutAndWidgetContainer, destroying layer...
10-29 16:43:20.714  3127  3235 D OpenGLRenderer: endAllActiveAnimators on 0xce0f0b00 (RippleDrawable) with handle 0xce0f9c10
10-29 16:43:20.930  3127  3446 W ResourceType: ResTable_typeSpec entry count inconsistent: given 67, previously 69
10-29 16:43:20.930  3127  3446 W ResourceType: ResTable_typeSpec entry count inconsistent: given 5346, previously 5347
10-29 16:43:21.225  3127  3472 W ResourceType: ResTable_typeSpec entry count inconsistent: given 67, previously 69
10-29 16:43:21.225  3127  3472 W ResourceType: ResTable_typeSpec entry count inconsistent: given 5346, previously 5347
10-29 16:43:21.233  3127  3132 I art     : Do partial code cache collection, code=18KB, data=30KB
10-29 16:43:21.234  3127  3132 I art     : After code cache collection, code=18KB, data=30KB
10-29 16:43:21.234  3127  3132 I art     : Increasing code cache capacity to 128KB
10-29 16:43:21.296  3127  3127 I Choreographer: Skipped 33 frames!  The application may be doing too much work on its main thread.
10-29 16:43:21.506  3127  3137 I art     : Background partial concurrent mark sweep GC freed 45278(2MB) AllocSpace objects, 18(356KB) LOS objects, 39% free, 10MB/17MB, paused 4.538ms total 197.310ms
10-29 16:43:21.532  3127  3127 W View    : requestLayout() improperly called by com.opera.android.custom_views.FadingRecyclerView{90c66dd VFED.V... ......ID 0,813-1536,813 #7f0a0825 app:id/suggested_dials_grid} during layout: running second layout pass
10-29 16:43:22.085  3499  3499 I dex2oat : /system/bin/dex2oat --dex-file=/data/user/0/com.opera.browser/code_cache/.       --oat-fd=200 --oat-location=/data/user/0/com.opera.browser/code_cache/.     --compiler-filter=speed
10-29 16:43:22.357  3499  3499 I dex2oat : dex2oat took 278.084ms (threads: 2) arena alloc=432KB (442800B) java alloc=32KB (33064B) native alloc=346KB (354496B) free=1189KB (1218368B)
10-29 16:43:22.565  3514  3514 I dex2oat : /system/bin/dex2oat --dex-file=/data/user/0/com.opera.browser/code_cache/.      --oat-fd=196 --oat-location=/data/user/0/com.opera.browser/code_cache/.    --compiler-filter=speed
10-29 16:43:23.003  3127  3132 I art     : Do partial code cache collection, code=35KB, data=61KB
10-29 16:43:23.032  3127  3132 I art     : After code cache collection, code=35KB, data=61KB
10-29 16:43:23.032  3127  3132 I art     : Increasing code cache capacity to 256KB
10-29 16:43:23.084  3127  3137 I art     : Background sticky concurrent mark sweep GC freed 43692(3MB) AllocSpace objects, 23(900KB) LOS objects, 13% free, 15MB/17MB, paused 3.204ms total 344.241ms
10-29 16:43:23.093  3514  3514 I dex2oat : dex2oat took 529.074ms (threads: 2) arena alloc=610KB (625504B) java alloc=101KB (104080B) native alloc=523KB (536408B) free=1524KB (1560744B)
10-29 16:43:23.331  3127  3137 I art     : Background partial concurrent mark sweep GC freed 74583(4MB) AllocSpace objects, 8(1020KB) LOS objects, 39% free, 13MB/22MB, paused 1.983ms total 155.505ms
10-29 16:43:23.965  3374  3374 D MonkeyStub: translateCommand: tap 57 93
10-29 16:43:26.031  3374  3374 D MonkeyStub: translateCommand: tap 57 93
10-29 16:43:28.062 29765  2330 I CastDatabase: Saving the database
10-29 16:43:28.074 29765  2330 E SQLiteCastStore: Skip saving CastDeviceInfo: "Nearby device" (__cast_nearby___V_7fdfd18f-9145-4791-a5db-13f9bd312e02)
10-29 16:43:28.076 29765  2330 I SQLiteCastStore: [CastNetworkInfo] saved: 2, skipped: 0, [CastDeviceInfo]: saved 1, skipped 1, [Paired Guest Mode DeviceInfo] saved: 0, skipped: 0. [ProbedNetworks]: saved 0, skipped: 0, [ProbedSocketAddress]: saved 1, skipped: 0, [Network-Device pairs]: saved: 2
10-29 16:43:28.132  3374  3374 D MonkeyStub: translateCommand: tap 446 593
10-29 16:43:30.387  3374  3374 D MonkeyStub: translateCommand: tap 667 302
10-29 16:43:30.525  3127  3132 I art     : Do full code cache collection, code=83KB, data=125KB
10-29 16:43:30.526  3127  3132 I art     : Starting a blocking GC JitCodeCache
10-29 16:43:30.526  3127  3132 I art     : After code cache collection, code=64KB, data=70KB
10-29 16:43:33.667  3374  3374 D MonkeyStub: translateCommand: tap 1286 930
10-29 16:43:35.101  3374  3374 D MonkeyStub: translateCommand: tap 62 98
10-29 16:43:35.143  3374  3374 D MonkeyStub: translateCommand: tap 729 89
10-29 16:43:35.156  3374  3374 D MonkeyStub: Quit requested
10-29 16:43:35.180   600   614 I CwMcuSensor: CwMcuSensor::flush: fd = 223, sensors_id = 0, path = /sys/class/htc_sensorhub/sensor_hub/flush, err = 0
10-29 16:43:35.208  3374  3374 I art     : System.exit called, status: 16
10-29 16:43:35.208  3374  3374 I AndroidRuntime: VM exiting with result code 16.
10-29 16:43:35.321   600  3994 W WindowManager: Attempted to remove non-existing token: android.os.Binder@5ba25ca
10-29 16:43:35.481   600  2707 E BatteryStatsService: power: Missing API
10-29 16:43:35.486   600  2707 E BatteryStatsService: no controller energy info supplied
10-29 16:43:35.486   796   796 E PhoneInterfaceManager: [PhoneIntfMgr] queryModemActivityInfo: Empty response
10-29 16:43:35.491   600  2707 E BatteryStatsService: modem info is invalid: ModemActivityInfo{ mTimestamp=0 mSleepTimeMs=0 mIdleTimeMs=0 mTxTimeMs[]=[0, 0, 0, 0, 0] mRxTimeMs=0 mEnergyUsed=0}
10-29 16:43:35.498   600   613 W ProcessCpuTracker: Skipping unknown process pid 3547
10-29 16:43:35.839  3550  3550 D AndroidRuntime: >>>>>> START com.android.internal.os.RuntimeInit uid 2000 <<<<<<
10-29 16:43:35.843  3550  3550 D AndroidRuntime: CheckJNI is OFF
10-29 16:43:35.908  3550  3550 D ICU     : No timezone override file found: /data/misc/zoneinfo/current/icu/icu_tzdata.dat
10-29 16:43:35.938  3550  3550 I Radio-JNI: register_android_hardware_Radio DONE
10-29 16:43:35.953  3550  3550 D AndroidRuntime: Calling main entry com.android.commands.am.Am
10-29 16:43:35.972   600  3994 I ActivityManager: START u0 {act=android.intent.action.VIEW dat=http://192.168.40.1/... flg=0x10000000 cmp=com.opera.browser/com.opera.Opera} from uid 2000 on display 0
10-29 16:43:35.978  3550  3550 D AndroidRuntime: Shutting down VM
10-29 16:43:36.067  3127  3127 W art     : Before Android 4.1, method double java.util.concurrent.ThreadLocalRandom.internalNextDouble(double, double) would have incorrectly overridden the package-private method in java.util.Random
10-29 16:43:36.067  3127  3127 W art     : Before Android 4.1, method int java.util.concurrent.ThreadLocalRandom.internalNextInt(int, int) would have incorrectly overridden the package-private method in java.util.Random
10-29 16:43:36.067  3127  3127 W art     : Before Android 4.1, method long java.util.concurrent.ThreadLocalRandom.internalNextLong(long, long) would have incorrectly overridden the package-private method in java.util.Random
10-29 16:43:36.101   600   619 D BluetoothManagerService: Message: 20
10-29 16:43:36.101   600   619 D BluetoothManagerService: Added callback: android.bluetooth.IBluetoothManagerCallback$Stub$Proxy@66af206:true
10-29 16:43:36.119   600  9614 I ActivityManager: Start proc 3564:com.opera.browser:sandboxed_process0/u0a122 for service com.opera.browser/com.opera.android.browser.chromium.services.SandboxedProcessService0
10-29 16:43:36.179  3564  3564 I art     : Starting a blocking GC AddRemoveAppImageSpace
10-29 16:43:36.207  3564  3564 I LoadedApk: No resource references to update in package com.opera.browser.nord_vpn
10-29 16:43:36.231  3127  3506 W ResourceType: ResTable_typeSpec entry count inconsistent: given 67, previously 69
10-29 16:43:36.231  3127  3506 W ResourceType: ResTable_typeSpec entry count inconsistent: given 5346, previously 5347
10-29 16:43:36.331  3127  3132 I art     : Do partial code cache collection, code=81KB, data=103KB
10-29 16:43:36.331  3127  3132 I art     : After code cache collection, code=81KB, data=103KB
10-29 16:43:36.331  3127  3132 I art     : Increasing code cache capacity to 512KB
10-29 16:43:36.549   787  1174 I FontLog : Received query name=Google Sans&weight=400&besteffort=false, URI content://com.google.android.gms.fonts [CONTEXT service_id=132 ]
10-29 16:43:36.550   787  1174 I FontLog : Query [name=Google Sans&weight=400&besteffort=false] resolved to {Google Sans, wdth 100.0, wght 400, ital 0.0, bestEffort false} [CONTEXT service_id=132 ]
10-29 16:43:36.553   787  1174 I FontLog : Font PFD returned from cache for {Google Sans, wdth 100.0, wght 400, ital 0.0, bestEffort false} [CONTEXT service_id=132 ]
10-29 16:43:36.553   787  1174 I FontLog : Fetch {Google Sans, wdth 100.0, wght 400, ital 0.0, bestEffort false} end status Status{statusCode=SUCCESS, resolution=null} [CONTEXT service_id=132 ]
10-29 16:43:36.560   787  1620 I FontLog : Pulling font file for id = 134, cache size = 7 [CONTEXT service_id=132 ]
10-29 16:43:36.569   787  1714 I FontLog : Received query name=Google Sans&weight=500&besteffort=false, URI content://com.google.android.gms.fonts [CONTEXT service_id=132 ]
10-29 16:43:36.569   787  1714 I FontLog : Query [name=Google Sans&weight=500&besteffort=false] resolved to {Google Sans, wdth 100.0, wght 500, ital 0.0, bestEffort false} [CONTEXT service_id=132 ]
10-29 16:43:36.573   787  1714 I FontLog : Font PFD returned from cache for {Google Sans, wdth 100.0, wght 500, ital 0.0, bestEffort false} [CONTEXT service_id=132 ]
10-29 16:43:36.573   787  1714 I FontLog : Fetch {Google Sans, wdth 100.0, wght 500, ital 0.0, bestEffort false} end status Status{statusCode=SUCCESS, resolution=null} [CONTEXT service_id=132 ]
10-29 16:43:36.586   787  1174 I FontLog : Pulling font file for id = 135, cache size = 8 [CONTEXT service_id=132 ]
10-29 16:43:36.589   787   806 I FontLog : Received query name=Google Sans&weight=700&besteffort=false, URI content://com.google.android.gms.fonts [CONTEXT service_id=132 ]
10-29 16:43:36.589   787   806 I FontLog : Query [name=Google Sans&weight=700&besteffort=false] resolved to {Google Sans, wdth 100.0, wght 700, ital 0.0, bestEffort false} [CONTEXT service_id=132 ]
10-29 16:43:36.591   787   806 I FontLog : Fetch {Google Sans, wdth 100.0, wght 700, ital 0.0, bestEffort false} end status Status{statusCode=SUCCESS, resolution=null} [CONTEXT service_id=132 ]
10-29 16:43:36.600   787  1714 I FontLog : Pulling font file for id = 136, cache size = 7 [CONTEXT service_id=132 ]
10-29 16:43:36.603   787  1245 I FontLog : Received query name=Noto Color Emoji Compat&weight=400&besteffort=false, URI content://com.google.android.gms.fonts [CONTEXT service_id=132 ]
10-29 16:43:36.603   787  1245 I FontLog : Query [name=Noto Color Emoji Compat&weight=400&besteffort=false] resolved to {Noto Color Emoji Compat, wdth 100.0, wght 400, ital 0.0, bestEffort false} [CONTEXT service_id=132 ]
10-29 16:43:36.605   787  1245 I FontLog : Fetch {Noto Color Emoji Compat, wdth 100.0, wght 400, ital 0.0, bestEffort false} end status Status{statusCode=SUCCESS, resolution=null} [CONTEXT service_id=132 ]
10-29 16:43:36.608   787   806 I FontLog : Pulling font file for id = 137, cache size = 5 [CONTEXT service_id=132 ]
10-29 16:43:36.678   787 32043 I SQLiteConnectionPool: The connection pool for /data/user/0/com.google.android.gms/databases/metadata.db has been closed but there are still 1 connections in use.  They will be closed as they are released back to the pool.
10-29 16:43:36.679   787  3591 W FontLog : Error updating last accessed time for {Noto Color Emoji Compat, wdth 100.0, wght 400, ital 0.0, bestEffort false}. [CONTEXT service_id=132 ]
10-29 16:43:36.679   787  3591 W FontLog : java.lang.IllegalStateException: Cannot perform this operation because the connection pool has been closed.
10-29 16:43:36.679   787  3591 W FontLog : 	at android.database.sqlite.SQLiteConnectionPool.throwIfClosedLocked(SQLiteConnectionPool.java:962)
10-29 16:43:36.679   787  3591 W FontLog : 	at android.database.sqlite.SQLiteConnectionPool.waitForConnection(SQLiteConnectionPool.java:677)
10-29 16:43:36.679   787  3591 W FontLog : 	at android.database.sqlite.SQLiteConnectionPool.acquireConnection(SQLiteConnectionPool.java:348)
10-29 16:43:36.679   787  3591 W FontLog : 	at android.database.sqlite.SQLiteSession.acquireConnection(SQLiteSession.java:894)
10-29 16:43:36.679   787  3591 W FontLog : 	at android.database.sqlite.SQLiteSession.executeForChangedRowCount(SQLiteSession.java:752)
10-29 16:43:36.679   787  3591 W FontLog : 	at android.database.sqlite.SQLiteStatement.executeUpdateDelete(SQLiteStatement.java:64)
10-29 16:43:36.679   787  3591 W FontLog : 	at android.database.sqlite.SQLiteDatabase.executeSql(SQLiteDatabase.java:1679)
10-29 16:43:36.679   787  3591 W FontLog : 	at android.database.sqlite.SQLiteDatabase.execSQL(SQLiteDatabase.java:1658)
10-29 16:43:36.679   787  3591 W FontLog : 	at aafx.run(Unknown Source)
10-29 16:43:36.679   787  3591 W FontLog : 	at sup.b(:com.google.android.gms@203915020@20.39.15 (040406-335085812):12)
10-29 16:43:36.679   787  3591 W FontLog : 	at sup.run(:com.google.android.gms@203915020@20.39.15 (040406-335085812):7)
10-29 16:43:36.679   787  3591 W FontLog : 	at java.util.concurrent.ThreadPoolExecutor.runWorker(ThreadPoolExecutor.java:1133)
10-29 16:43:36.679   787  3591 W FontLog : 	at java.util.concurrent.ThreadPoolExecutor$Worker.run(ThreadPoolExecutor.java:607)
10-29 16:43:36.679   787  3591 W FontLog : 	at tam.run(:com.google.android.gms@203915020@20.39.15 (040406-335085812):0)
10-29 16:43:36.679   787  3591 W FontLog : 	at java.lang.Thread.run(Thread.java:761)
10-29 16:43:48.990  3616  3616 D AndroidRuntime: >>>>>> START com.android.internal.os.RuntimeInit uid 2000 <<<<<<
10-29 16:43:48.994  3616  3616 D AndroidRuntime: CheckJNI is OFF
10-29 16:43:49.088  3616  3616 D ICU     : No timezone override file found: /data/misc/zoneinfo/current/icu/icu_tzdata.dat
10-29 16:43:49.128  3616  3616 I Radio-JNI: register_android_hardware_Radio DONE
10-29 16:43:49.149  3616  3616 D AndroidRuntime: Calling main entry com.android.commands.monkey.Monkey
10-29 16:43:49.243   600   613 W BroadcastQueue: Skipping deliver [background] BroadcastRecord{fb07ea7 u-1 android.net.conn.CONNECTIVITY_CHANGE} to ReceiverList{e6ff54 3616 (unknown name)/2000/u-1 remote:4f827c1}: process crashing
10-29 16:43:50.518  3616  3616 D MonkeyStub: translateCommand: wake
10-29 16:43:50.646  3616  3616 D MonkeyStub: translateCommand: tap 196 1873
10-29 16:43:51.358   600  3509 D DnsEventListenerService: Logging 100 results for netId 100
10-29 16:43:51.859 29765  3641 I art     : Waiting for a blocking GC DisableMovingGc
10-29 16:43:51.869 29765  3641 I art     : WaitForGcToComplete blocked for 10.071ms for cause DisableMovingGc
10-29 16:43:51.869 29765  3641 I art     : Starting a blocking GC DisableMovingGc
10-29 16:43:51.876  3127  3137 I art     : Background sticky concurrent mark sweep GC freed 105355(6MB) AllocSpace objects, 17(388KB) LOS objects, 28% free, 17MB/24MB, paused 2.621ms total 128.744ms
10-29 16:44:00.753  3616  3616 D MonkeyStub: translateCommand: touch down 614 1561
10-29 16:44:00.762  3616  3616 D MonkeyStub: translateCommand: touch move 614 1561
10-29 16:44:00.867  3616  3616 D MonkeyStub: translateCommand: touch move 614 1436
10-29 16:44:01.000  3616  3616 D MonkeyStub: translateCommand: touch move 614 1311
10-29 16:44:01.112  3616  3616 D MonkeyStub: translateCommand: touch move 614 1186
10-29 16:44:01.218  3616  3616 D MonkeyStub: translateCommand: touch move 614 1061
10-29 16:44:01.323  3616  3616 D MonkeyStub: translateCommand: touch move 614 937
10-29 16:44:01.431  3616  3616 D MonkeyStub: translateCommand: touch move 614 812
10-29 16:44:01.541  3616  3616 D MonkeyStub: translateCommand: touch move 614 687
10-29 16:44:01.650  3616  3616 D MonkeyStub: translateCommand: touch move 614 562
10-29 16:44:01.762  3616  3616 D MonkeyStub: translateCommand: touch move 614 437
10-29 16:44:01.869  3616  3616 D MonkeyStub: translateCommand: touch move 614 312
10-29 16:44:01.875  3616  3616 D MonkeyStub: translateCommand: touch up 614 312
10-29 16:44:01.938  3616  3616 D MonkeyStub: translateCommand: touch down 614 1561
10-29 16:44:01.943  3616  3616 D MonkeyStub: translateCommand: touch move 614 1561
10-29 16:44:02.047  3616  3616 D MonkeyStub: translateCommand: touch move 614 1436
10-29 16:44:02.153  3616  3616 D MonkeyStub: translateCommand: touch move 614 1311
10-29 16:44:02.264  3616  3616 D MonkeyStub: translateCommand: touch move 614 1186
10-29 16:44:02.377  3616  3616 D MonkeyStub: translateCommand: touch move 614 1061
10-29 16:44:02.481  3616  3616 D MonkeyStub: translateCommand: touch move 614 937
10-29 16:44:02.587  3616  3616 D MonkeyStub: translateCommand: touch move 614 812
10-29 16:44:02.692  3616  3616 D MonkeyStub: translateCommand: touch move 614 687
10-29 16:44:02.796  3616  3616 D MonkeyStub: translateCommand: touch move 614 562
10-29 16:44:02.900  3616  3616 D MonkeyStub: translateCommand: touch move 614 437
10-29 16:44:03.004  3616  3616 D MonkeyStub: translateCommand: touch move 614 312
10-29 16:44:03.007  3616  3616 D MonkeyStub: translateCommand: touch up 614 312
10-29 16:44:03.029  3616  3616 D MonkeyStub: translateCommand: touch down 614 1561
10-29 16:44:03.054  3616  3616 D MonkeyStub: translateCommand: touch move 614 1561
10-29 16:44:03.102  3127  3137 W art     : Suspending all threads took: 24.701ms
10-29 16:44:03.158  3616  3616 D MonkeyStub: translateCommand: touch move 614 1436
10-29 16:44:03.169  3127  3137 I art     : Background sticky concurrent mark sweep GC freed 122370(5MB) AllocSpace objects, 1(20KB) LOS objects, 22% free, 18MB/24MB, paused 25.808ms total 179.487ms
10-29 16:44:03.262  3616  3616 D MonkeyStub: translateCommand: touch move 614 1311
10-29 16:44:03.367  3616  3616 D MonkeyStub: translateCommand: touch move 614 1186
10-29 16:44:03.473  3616  3616 D MonkeyStub: translateCommand: touch move 614 1061
10-29 16:44:03.580  3616  3616 D MonkeyStub: translateCommand: touch move 614 937
10-29 16:44:03.684  3616  3616 D MonkeyStub: translateCommand: touch move 614 812
10-29 16:44:03.810  3616  3616 D MonkeyStub: translateCommand: touch move 614 687
10-29 16:44:03.925  3616  3616 D MonkeyStub: translateCommand: touch move 614 562
10-29 16:44:04.032  3616  3616 D MonkeyStub: translateCommand: touch move 614 437
10-29 16:44:04.136  3616  3616 D MonkeyStub: translateCommand: touch move 614 312
10-29 16:44:04.140  3616  3616 D MonkeyStub: translateCommand: touch up 614 312
10-29 16:44:05.988  3127  3137 I art     : Background partial concurrent mark sweep GC freed 168762(7MB) AllocSpace objects, 5(212KB) LOS objects, 39% free, 16MB/27MB, paused 1.692ms total 102.401ms
10-29 16:44:06.081   600  3507 D DnsEventListenerService: Logging 100 results for netId 100
10-29 16:44:06.228  3616  3616 D MonkeyStub: translateCommand: touch down 614 1561
10-29 16:44:06.233  3616  3616 D MonkeyStub: translateCommand: touch move 614 1561
10-29 16:44:06.338  3616  3616 D MonkeyStub: translateCommand: touch move 614 1436
10-29 16:44:06.451  3616  3616 D MonkeyStub: translateCommand: touch move 614 1311
10-29 16:44:06.559  3616  3616 D MonkeyStub: translateCommand: touch move 614 1186
10-29 16:44:06.662  3616  3616 D MonkeyStub: translateCommand: touch move 614 1061
10-29 16:44:06.767  3616  3616 D MonkeyStub: translateCommand: touch move 614 937
10-29 16:44:06.883  3616  3616 D MonkeyStub: translateCommand: touch move 614 812
10-29 16:44:06.987  3616  3616 D MonkeyStub: translateCommand: touch move 614 687
10-29 16:44:07.091  3616  3616 D MonkeyStub: translateCommand: touch move 614 562
10-29 16:44:07.197  3616  3616 D MonkeyStub: translateCommand: touch move 614 437
10-29 16:44:07.302  3616  3616 D MonkeyStub: translateCommand: touch move 614 312
10-29 16:44:07.307  3616  3616 D MonkeyStub: translateCommand: touch up 614 312
10-29 16:44:07.330  3616  3616 D MonkeyStub: translateCommand: touch down 614 1561
10-29 16:44:07.336  3616  3616 D MonkeyStub: translateCommand: touch move 614 1561
10-29 16:44:07.441  3616  3616 D MonkeyStub: translateCommand: touch move 614 1436
10-29 16:44:07.552  3616  3616 D MonkeyStub: translateCommand: touch move 614 1311
10-29 16:44:07.656  3616  3616 D MonkeyStub: translateCommand: touch move 614 1186
10-29 16:44:07.764  3616  3616 D MonkeyStub: translateCommand: touch move 614 1061
10-29 16:44:07.874  3616  3616 D MonkeyStub: translateCommand: touch move 614 937
10-29 16:44:07.982  3616  3616 D MonkeyStub: translateCommand: touch move 614 812
10-29 16:44:08.092  3616  3616 D MonkeyStub: translateCommand: touch move 614 687
10-29 16:44:08.197  3616  3616 D MonkeyStub: translateCommand: touch move 614 562
10-29 16:44:08.301  3616  3616 D MonkeyStub: translateCommand: touch move 614 437
10-29 16:44:08.406  3616  3616 D MonkeyStub: translateCommand: touch move 614 312
10-29 16:44:08.422  3616  3616 D MonkeyStub: translateCommand: touch up 614 312
10-29 16:44:11.450  3616  3616 D MonkeyStub: translateCommand: tap 1238 1216
10-29 16:44:18.314   600  3994 I ActivityManager: Process com.google.android.partnersetup (pid 22578) has died
10-29 16:44:18.314   600  3994 D ActivityManager: cleanUpApplicationRecord -- 22578
10-29 16:44:18.316   600  3994 E JavaBinder: !!! FAILED BINDER TRANSACTION !!!  (parcel size = 76)
10-29 16:44:18.331   600  3994 E JavaBinder: !!! FAILED BINDER TRANSACTION !!!  (parcel size = 76)
10-29 16:44:18.364  1084  1084 I MemoryTrimmer: Trimming objects from memory, since app is in the background.
10-29 16:44:18.366  3410  3410 I MemoryTrimmer: Trimming objects from memory, since app is in the background.
10-29 16:44:18.369   600  3509 I ActivityManager: Process com.android.defcontainer (pid 2716) has died
10-29 16:44:18.369   600  3509 D ActivityManager: cleanUpApplicationRecord -- 2716
10-29 16:44:18.371   600  9614 I ActivityManager: Process android.process.acore (pid 30197) has died
10-29 16:44:18.371   600  9614 D ActivityManager: cleanUpApplicationRecord -- 30197
10-29 16:44:18.392   198   198 E SELinux : avc:  denied  { find } for service=netd pid=3788 uid=2000 scontext=u:r:shell:s0 tcontext=u:object_r:netd_service:s0 tclass=service_manager permissive=0
10-29 16:44:18.399   198   198 E SELinux : avc:  denied  { find } for service=android.service.gatekeeper.IGateKeeperService pid=3788 uid=2000 scontext=u:r:shell:s0 tcontext=u:object_r:gatekeeper_service:s0 tclass=service_manager permissive=0
10-29 16:44:21.593  3616  3616 D MonkeyStub: translateCommand: tap 163 1864
10-29 16:44:26.711  3616  3616 D MonkeyStub: translateCommand: touch down 614 1561
10-29 16:44:26.729  3616  3616 D MonkeyStub: translateCommand: touch move 614 1561
10-29 16:44:26.840  3616  3616 D MonkeyStub: translateCommand: touch move 614 1436
10-29 16:44:26.957  3616  3616 D MonkeyStub: translateCommand: touch move 614 1311
10-29 16:44:27.068  3616  3616 D MonkeyStub: translateCommand: touch move 614 1186
10-29 16:44:27.176  3616  3616 D MonkeyStub: translateCommand: touch move 614 1061
10-29 16:44:27.282  3616  3616 D MonkeyStub: translateCommand: touch move 614 937
10-29 16:44:27.387  3616  3616 D MonkeyStub: translateCommand: touch move 614 812
10-29 16:44:27.492  3616  3616 D MonkeyStub: translateCommand: touch move 614 687
10-29 16:44:27.599  3616  3616 D MonkeyStub: translateCommand: touch move 614 562
10-29 16:44:27.707  3616  3616 D MonkeyStub: translateCommand: touch move 614 437
10-29 16:44:27.815  3616  3616 D MonkeyStub: translateCommand: touch move 614 312
10-29 16:44:27.826  3616  3616 D MonkeyStub: translateCommand: touch up 614 312
10-29 16:44:27.844  3616  3616 D MonkeyStub: translateCommand: touch down 614 1561
10-29 16:44:27.847  3616  3616 D MonkeyStub: translateCommand: touch move 614 1561
10-29 16:44:27.953  3616  3616 D MonkeyStub: translateCommand: touch move 614 1436
10-29 16:44:28.057  3616  3616 D MonkeyStub: translateCommand: touch move 614 1311
10-29 16:44:28.161  3616  3616 D MonkeyStub: translateCommand: touch move 614 1186
10-29 16:44:28.265  3616  3616 D MonkeyStub: translateCommand: touch move 614 1061
10-29 16:44:28.370  3616  3616 D MonkeyStub: translateCommand: touch move 614 937
10-29 16:44:28.474  3616  3616 D MonkeyStub: translateCommand: touch move 614 812
10-29 16:44:28.582  3616  3616 D MonkeyStub: translateCommand: touch move 614 687
10-29 16:44:28.696  3616  3616 D MonkeyStub: translateCommand: touch move 614 562
10-29 16:44:28.800  3616  3616 D MonkeyStub: translateCommand: touch move 614 437
10-29 16:44:28.903  3616  3616 D MonkeyStub: translateCommand: touch move 614 312
10-29 16:44:28.907  3616  3616 D MonkeyStub: translateCommand: touch up 614 312
10-29 16:44:31.008  3616  3616 D MonkeyStub: translateCommand: touch down 614 1561
10-29 16:44:31.015  3616  3616 D MonkeyStub: translateCommand: touch move 614 1561
10-29 16:44:31.126  3616  3616 D MonkeyStub: translateCommand: touch move 614 1436
10-29 16:44:31.235  3616  3616 D MonkeyStub: translateCommand: touch move 614 1311
10-29 16:44:31.347  3616  3616 D MonkeyStub: translateCommand: touch move 614 1186
10-29 16:44:31.465  3616  3616 D MonkeyStub: translateCommand: touch move 614 1061
10-29 16:44:31.575  3616  3616 D MonkeyStub: translateCommand: touch move 614 937
10-29 16:44:31.679  3616  3616 D MonkeyStub: translateCommand: touch move 614 812
10-29 16:44:31.786  3616  3616 D MonkeyStub: translateCommand: touch move 614 687
10-29 16:44:31.895  3616  3616 D MonkeyStub: translateCommand: touch move 614 562
10-29 16:44:32.005  3616  3616 D MonkeyStub: translateCommand: touch move 614 437
10-29 16:44:32.113  3616  3616 D MonkeyStub: translateCommand: touch move 614 312
10-29 16:44:32.118  3616  3616 D MonkeyStub: translateCommand: touch up 614 312
10-29 16:44:32.139  3616  3616 D MonkeyStub: Quit requested
10-29 16:44:32.217   600   614 I CwMcuSensor: CwMcuSensor::flush: fd = 223, sensors_id = 0, path = /sys/class/htc_sensorhub/sensor_hub/flush, err = 0
10-29 16:44:32.235  3616  3616 I art     : System.exit called, status: 110
10-29 16:44:32.235  3616  3616 I AndroidRuntime: VM exiting with result code 110.
10-29 16:44:32.302   600   611 W WindowManager: Attempted to remove non-existing token: android.os.Binder@31e7efd
10-29 16:44:33.054   600   609 I art     : Background partial concurrent mark sweep GC freed 74535(3MB) AllocSpace objects, 13(276KB) LOS objects, 33% free, 14MB/22MB, paused 793us total 101.709ms
10-29 16:44:48.247  3828  3828 D AndroidRuntime: >>>>>> START com.android.internal.os.RuntimeInit uid 2000 <<<<<<
10-29 16:44:48.253  3828  3828 D AndroidRuntime: CheckJNI is OFF
10-29 16:44:48.368  3828  3828 D ICU     : No timezone override file found: /data/misc/zoneinfo/current/icu/icu_tzdata.dat
10-29 16:44:48.420  3828  3828 I Radio-JNI: register_android_hardware_Radio DONE
10-29 16:44:48.451  3828  3828 D AndroidRuntime: Calling main entry com.android.commands.am.Am
10-29 16:44:48.469   600  1076 I ActivityManager: Force stopping com.opera.browser appid=10122 user=0: from pid 3828
10-29 16:44:48.469   600  1076 I ActivityManager: Killing 3266:com.opera.browser:privileged_process0/u0a122 (adj 0): stop com.opera.browser
10-29 16:44:48.470   600  1076 D ActivityManager: cleanUpApplicationRecord -- 3266
10-29 16:44:48.470   600  1076 W ActivityManager: Scheduling restart of crashed service com.opera.browser/com.opera.android.browser.chromium.services.PrivilegedProcessService0 in 1000ms
10-29 16:44:48.470   600  1076 I ActivityManager: Killing 3127:com.opera.browser/u0a122 (adj 0): stop com.opera.browser
10-29 16:44:48.473   600  1076 D ActivityManager: cleanUpApplicationRecord -- 3127
10-29 16:44:48.475   600  1076 W ActivityManager: Force removing ActivityRecord{7b06817 u0 com.opera.browser/com.opera.android.BrowserActivity t1184}: app died, no saved state
10-29 16:44:48.487  3410  3410 I MemoryTrimmer: Trimming objects from memory, since app is in the background.
10-29 16:44:48.489   600  1076 I ActivityManager: Killing 3564:com.opera.browser:sandboxed_process0/u0a122 (adj 0): stop com.opera.browser
10-29 16:44:48.489   600  1076 D ActivityManager: cleanUpApplicationRecord -- 3564
10-29 16:44:48.500  3828  3828 D AndroidRuntime: Shutting down VM
10-29 16:44:48.526  1061  1061 D RegisteredNfcFServicesCache: Service unchanged, not updating
10-29 16:44:48.542   600  1082 D WindowManager: relayoutVisibleWindow: Window{e948d88 u0 com.google.android.googlequicksearchbox/com.google.android.launcher.GEL EXITING} mAnimatingExit=true, mRemoveOnExit=false, mDestroying=true
10-29 16:44:48.553  1084  1171 I OpenGLRenderer: Initialized EGL, version 1.4
10-29 16:44:48.553  1084  1171 D OpenGLRenderer: Swap behavior 2
10-29 16:44:48.677  3410  4358 I AttachedClient: Adding client event 2 to pending list.
10-29 16:44:48.715  3410  3410 I OptInState: There is a new client and it does not support opt-in. Dropping request.
10-29 16:44:48.719  3410  3410 I MicroDetectionWorker: Micro detection mode: [mDetectionMode: [1]].
10-29 16:44:48.770  3410  3843 I MicroRecognitionRunner: Starting detection.
10-29 16:44:48.772  3410  8655 I MicrophoneInputStream: mic_starting com.google.android.apps.gsa.speech.audio.ae@b2d5c5b
10-29 16:44:48.781   238   285 I SoundTriggerHwService::Module: void android::SoundTriggerHwService::Module::onCallbackEvent(const sp<android::SoundTriggerHwService::CallbackEvent> &) mClient == 0
10-29 16:44:48.781   238  3845 I AudioFlinger: AudioFlinger's thread 0xef692980 ready to run
10-29 16:44:48.786  3410  8655 I MicrophoneInputStream: mic_started com.google.android.apps.gsa.speech.audio.ae@b2d5c5b
10-29 16:44:48.885   600  2707 D ConnectivityService: ConnectivityService NetworkRequestInfo binderDied(NetworkRequest [ LISTEN id=154, [ Capabilities: INTERNET&NOT_RESTRICTED&TRUSTED&FOREGROUND] ], android.os.BinderProxy@7823b76)
10-29 16:44:48.886   600  2707 D ConnectivityService: ConnectivityService NetworkRequestInfo binderDied(NetworkRequest [ LISTEN id=153, [ Capabilities: INTERNET&NOT_RESTRICTED&TRUSTED&FOREGROUND] ], android.os.BinderProxy@3d57577)
10-29 16:44:48.886   600  2707 D GraphicsStats: Buffer count: 2
10-29 16:44:48.890   600   649 E ConnectivityService: RemoteException caught trying to send a callback msg for NetworkRequest [ LISTEN id=154, [ Capabilities: INTERNET&NOT_RESTRICTED&TRUSTED&FOREGROUND] ]
10-29 16:44:48.891   600   649 E ConnectivityService: RemoteException caught trying to send a callback msg for NetworkRequest [ LISTEN id=153, [ Capabilities: INTERNET&NOT_RESTRICTED&TRUSTED&FOREGROUND] ]
10-29 16:44:48.965  3410  3410 I MicroDetectionWorker: onReady
10-29 16:44:49.089  3840  3840 D AndroidRuntime: >>>>>> START com.android.internal.os.RuntimeInit uid 2000 <<<<<<
10-29 16:44:49.092  3840  3840 D AndroidRuntime: CheckJNI is OFF
10-29 16:44:49.125  1084  1171 W OpenGLRenderer: Incorrectly called buildLayer on View: ShortcutAndWidgetContainer, destroying layer...
10-29 16:44:49.162  3840  3840 D ICU     : No timezone override file found: /data/misc/zoneinfo/current/icu/icu_tzdata.dat
10-29 16:44:49.190  3840  3840 I Radio-JNI: register_android_hardware_Radio DONE
10-29 16:44:49.206  3840  3840 D AndroidRuntime: Calling main entry com.android.commands.pm.Pm
10-29 16:44:49.223   600  1082 I ActivityManager: Force stopping com.opera.browser appid=10122 user=0: clear data
10-29 16:44:49.225   600   613 I ActivityManager: Force stopping com.opera.browser appid=10122 user=-1: clearApplicationUserData
10-29 16:44:49.406   600   625 I ActivityManager: Start proc 3854:com.android.defcontainer/u0a4 for service com.android.defcontainer/.DefaultContainerService
10-29 16:44:49.466   787   787 I GeofencerStateMachine: removeGeofences: removeRequest=RemoveGeofencingRequest[REMOVE_ALL packageName=com.opera.browser]
10-29 16:44:49.470  3840  3840 I art     : System.exit called, status: 0
10-29 16:44:49.470  3840  3840 I AndroidRuntime: VM exiting with result code 0.
10-29 16:44:49.478  1061  1061 D RegisteredNfcFServicesCache: Service unchanged, not updating
10-29 16:44:49.480   600   612 W ResourceType: No known package when getting value for resource number 0x7f100007
10-29 16:44:49.480   600   612 W ResourceType: No known package when getting value for resource number 0x7f13090c
10-29 16:44:49.481   600   612 W ResourceType: No known package when getting value for resource number 0x7f100005
10-29 16:44:49.481   600   612 W ResourceType: No known package when getting value for resource number 0x7f13090a
10-29 16:44:49.481   600   612 W ResourceType: No known package when getting value for resource number 0x7f100004
10-29 16:44:49.481   600   612 W ResourceType: No known package when getting value for resource number 0x7f130909
10-29 16:44:49.481   600   612 W ResourceType: No known package when getting value for resource number 0x7f100006
10-29 16:44:49.481   600   612 W ResourceType: No known package when getting value for resource number 0x7f13090b
10-29 16:44:49.518   787  3874 I Fitness : FitCleanupIntentOperation received Intent android.intent.action.PACKAGE_DATA_CLEARED [CONTEXT service_id=17 ]
10-29 16:44:49.533 29765  2330 I Icing   : doRemovePackageData com.opera.browser
10-29 16:44:52.064   600   647 I WifiHAL : Got channel list with 13 channels
10-29 16:44:52.066   600   647 I WifiHAL : Got channel list with 4 channels
10-29 16:44:52.068   600   647 I WifiHAL : Got channel list with 15 channels
