10-31 09:16:49.249  4634  4634 I Ads     : Use RequestConfiguration.Builder().setTestDeviceIds(Arrays.asList("E975D60B8B6136BB8437A20FB42B8437") to get test ads on this device.
10-31 09:16:49.271  4634  5024 W DynamiteModule: Local module descriptor class for com.google.android.gms.ads.dynamite not found.
10-31 09:16:49.272  4634  5024 W DynamiteModule: Local module descriptor class for com.google.android.gms.ads.dynamite not found.
10-31 09:16:49.281  4634  5013 W DynamiteModule: Local module descriptor class for com.google.android.gms.ads.dynamite not found.
10-31 09:16:49.288  4634  5012 W Ads     : Not retrying to fetch app settings
10-31 09:16:49.389  4634  4634 D DynamitePackage: Instantiating com.google.android.gms.ads.ChimeraAdLoaderBuilderCreatorImpl
10-31 09:16:49.397  4634  4634 I Ads     : Use RequestConfiguration.Builder().setTestDeviceIds(Arrays.asList("E975D60B8B6136BB8437A20FB42B8437") to get test ads on this device.
10-31 09:16:49.417  4634  5021 W DynamiteModule: Local module descriptor class for com.google.android.gms.ads.dynamite not found.
10-31 09:16:49.418  4634  5021 W DynamiteModule: Local module descriptor class for com.google.android.gms.ads.dynamite not found.
10-31 09:16:49.419  4634  5018 W DynamiteModule: Local module descriptor class for com.google.android.gms.ads.dynamite not found.
10-31 09:16:49.420  4634  5013 E Ads     : Couldn't create RTB adapter : 
10-31 09:16:49.420  4634  5013 E Ads     : android.os.RemoteException
10-31 09:16:49.420  4634  5013 E Ads     : 	at dt8.V1(SourceFile:8)
10-31 09:16:49.420  4634  5013 E Ads     : 	at hp9.onTransact(SourceFile:3)
10-31 09:16:49.420  4634  5013 E Ads     : 	at android.os.Binder.transact(Binder.java:499)
10-31 09:16:49.420  4634  5013 E Ads     : 	at gf.a(:com.google.android.gms.policy_ads_fdr_dynamite@203404601@203404601003.333818716.333818716:2)
10-31 09:16:49.420  4634  5013 E Ads     : 	at com.google.android.gms.ads.internal.mediation.client.b.c(:com.google.android.gms.policy_ads_fdr_dynamite@203404601@203404601003.333818716.333818716:1)
10-31 09:16:49.420  4634  5013 E Ads     : 	at com.google.android.gms.ads.nonagon.signals.dj.a(Unknown Source)
10-31 09:16:49.420  4634  5013 E Ads     : 	at abs.a(:com.google.android.gms.policy_ads_fdr_dynamite@203404601@203404601003.333818716.333818716:0)
10-31 09:16:49.420  4634  5013 E Ads     : 	at abf.run(:com.google.android.gms.policy_ads_fdr_dynamite@203404601@203404601003.333818716.333818716:3)
10-31 09:16:49.420  4634  5013 E Ads     : 	at abu.run(:com.google.android.gms.policy_ads_fdr_dynamite@203404601@203404601003.333818716.333818716:0)
10-31 09:16:49.420  4634  5013 E Ads     : 	at java.util.concurrent.ThreadPoolExecutor.runWorker(ThreadPoolExecutor.java:1133)
10-31 09:16:49.420  4634  5013 E Ads     : 	at java.util.concurrent.ThreadPoolExecutor$Worker.run(ThreadPoolExecutor.java:607)
10-31 09:16:49.420  4634  5013 E Ads     : 	at java.lang.Thread.run(Thread.java:761)
10-31 09:16:49.421  4634  5018 E Ads     : Error calling adapter: com.google.ads.mediation.pangle.PangleMediationAdapter
10-31 09:16:49.428  4634  5013 W Ads     : Not retrying to fetch app settings
10-31 09:16:49.481   504   514 I art     : Background sticky concurrent mark sweep GC freed 8392(482KB) AllocSpace objects, 16(740KB) LOS objects, 7% free, 13MB/14MB, paused 15.485ms total 161.023ms
10-31 09:16:49.489   504  5040 I Ads     : SDK version: afma-sdk-a-v203404999.202510000.1
10-31 09:16:49.491   504  5040 I Ads     : HTTP timeout: 60000 milliseconds.
10-31 09:16:49.539   504  4425 I Ads     : SDK version: afma-sdk-a-v203404999.202510000.1
10-31 09:16:49.541   504  4425 I Ads     : HTTP timeout: 60000 milliseconds.
10-31 09:16:49.837   504  5037 I Ads     : SDK version: afma-sdk-a-v203404999.202510000.1
10-31 09:16:49.866   504  5037 I Ads     : HTTP timeout: 60000 milliseconds.
10-31 09:16:49.879   504  5034 W GmsStrictMode: LEAKED_CLOSABLE [CONTEXT service_id=256 ]
10-31 09:16:49.879   504  5034 W GmsStrictMode: rvo: LEAKED_CLOSABLE
10-31 09:16:49.879   504  5034 W GmsStrictMode: 	at dalvik.system.VMStack.getThreadStackTrace(Native Method)
10-31 09:16:49.879   504  5034 W GmsStrictMode: 	at java.lang.Thread.getStackTrace(Thread.java:1566)
10-31 09:16:49.879   504  5034 W GmsStrictMode: 	at bhdb.containsKey(:com.google.android.gms@203915020@20.39.15 (040406-335085812):1)
10-31 09:16:49.879   504  5034 W GmsStrictMode: 	at android.os.StrictMode.onVmPolicyViolation(StrictMode.java:1867)
10-31 09:16:49.879   504  5034 W GmsStrictMode: 	at android.os.StrictMode.onVmPolicyViolation(StrictMode.java:1844)
10-31 09:16:49.879   504  5034 W GmsStrictMode: 	at android.os.StrictMode$AndroidCloseGuardReporter.report(StrictMode.java:1590)
10-31 09:16:49.879   504  5034 W GmsStrictMode: 	at dalvik.system.CloseGuard.warnIfOpen(CloseGuard.java:208)
10-31 09:16:49.879   504  5034 W GmsStrictMode: 	at android.os.ParcelFileDescriptor.finalize(ParcelFileDescriptor.java:935)
10-31 09:16:49.879   504  5034 W GmsStrictMode: 	at java.lang.Daemons$FinalizerDaemon.doFinalize(Daemons.java:222)
10-31 09:16:49.879   504  5034 W GmsStrictMode: 	at java.lang.Daemons$FinalizerDaemon.run(Daemons.java:209)
10-31 09:16:49.879   504  5034 W GmsStrictMode: 	at java.lang.Thread.run(Thread.java:761)
10-31 09:16:49.880   504  5034 W GmsStrictMode: LEAKED_CLOSABLE [CONTEXT service_id=256 ]
10-31 09:16:49.880   504  5034 W GmsStrictMode: rvo: LEAKED_CLOSABLE
10-31 09:16:49.880   504  5034 W GmsStrictMode: 	at dalvik.system.VMStack.getThreadStackTrace(Native Method)
10-31 09:16:49.880   504  5034 W GmsStrictMode: 	at java.lang.Thread.getStackTrace(Thread.java:1566)
10-31 09:16:49.880   504  5034 W GmsStrictMode: 	at bhdb.containsKey(:com.google.android.gms@203915020@20.39.15 (040406-335085812):1)
10-31 09:16:49.880   504  5034 W GmsStrictMode: 	at android.os.StrictMode.onVmPolicyViolation(StrictMode.java:1867)
10-31 09:16:49.880   504  5034 W GmsStrictMode: 	at android.os.StrictMode.onVmPolicyViolation(StrictMode.java:1844)
10-31 09:16:49.880   504  5034 W GmsStrictMode: 	at android.os.StrictMode$AndroidCloseGuardReporter.report(StrictMode.java:1590)
10-31 09:16:49.880   504  5034 W GmsStrictMode: 	at dalvik.system.CloseGuard.warnIfOpen(CloseGuard.java:208)
10-31 09:16:49.880   504  5034 W GmsStrictMode: 	at android.os.ParcelFileDescriptor.finalize(ParcelFileDescriptor.java:935)
10-31 09:16:49.880   504  5034 W GmsStrictMode: 	at java.lang.Daemons$FinalizerDaemon.doFinalize(Daemons.java:222)
10-31 09:16:49.880   504  5034 W GmsStrictMode: 	at java.lang.Daemons$FinalizerDaemon.run(Daemons.java:209)
10-31 09:16:49.880   504  5034 W GmsStrictMode: 	at java.lang.Thread.run(Thread.java:761)
10-31 09:16:49.880   504  5034 W GmsStrictMode: LEAKED_CLOSABLE [CONTEXT service_id=256 ]
10-31 09:16:49.880   504  5034 W GmsStrictMode: rvo: LEAKED_CLOSABLE
10-31 09:16:49.880   504  5034 W GmsStrictMode: 	at dalvik.system.VMStack.getThreadStackTrace(Native Method)
10-31 09:16:49.880   504  5034 W GmsStrictMode: 	at java.lang.Thread.getStackTrace(Thread.java:1566)
10-31 09:16:49.880   504  5034 W GmsStrictMode: 	at bhdb.containsKey(:com.google.android.gms@203915020@20.39.15 (040406-335085812):1)
10-31 09:16:49.880   504  5034 W GmsStrictMode: 	at android.os.StrictMode.onVmPolicyViolation(StrictMode.java:1867)
10-31 09:16:49.880   504  5034 W GmsStrictMode: 	at android.os.StrictMode.onVmPolicyViolation(StrictMode.java:1844)
10-31 09:16:49.880   504  5034 W GmsStrictMode: 	at android.os.StrictMode$AndroidCloseGuardReporter.report(StrictMode.java:1590)
10-31 09:16:49.880   504  5034 W GmsStrictMode: 	at dalvik.system.CloseGuard.warnIfOpen(CloseGuard.java:208)
10-31 09:16:49.880   504  5034 W GmsStrictMode: 	at android.os.ParcelFileDescriptor.finalize(ParcelFileDescriptor.java:935)
10-31 09:16:49.880   504  5034 W GmsStrictMode: 	at java.lang.Daemons$FinalizerDaemon.doFinalize(Daemons.java:222)
10-31 09:16:49.880   504  5034 W GmsStrictMode: 	at java.lang.Daemons$FinalizerDaemon.run(Daemons.java:209)
10-31 09:16:49.880   504  5034 W GmsStrictMode: 	at java.lang.Thread.run(Thread.java:761)
10-31 09:16:49.884   504  5034 W GmsStrictMode: LEAKED_CLOSABLE [CONTEXT service_id=256 ]
10-31 09:16:49.884   504  5034 W GmsStrictMode: rvo: LEAKED_CLOSABLE
10-31 09:16:49.884   504  5034 W GmsStrictMode: 	at dalvik.system.VMStack.getThreadStackTrace(Native Method)
10-31 09:16:49.884   504  5034 W GmsStrictMode: 	at java.lang.Thread.getStackTrace(Thread.java:1566)
10-31 09:16:49.884   504  5034 W GmsStrictMode: 	at bhdb.containsKey(:com.google.android.gms@203915020@20.39.15 (040406-335085812):1)
10-31 09:16:49.884   504  5034 W GmsStrictMode: 	at android.os.StrictMode.onVmPolicyViolation(StrictMode.java:1867)
10-31 09:16:49.884   504  5034 W GmsStrictMode: 	at android.os.StrictMode.onVmPolicyViolation(StrictMode.java:1844)
10-31 09:16:49.884   504  5034 W GmsStrictMode: 	at android.os.StrictMode$AndroidCloseGuardReporter.report(StrictMode.java:1590)
10-31 09:16:49.884   504  5034 W GmsStrictMode: 	at dalvik.system.CloseGuard.warnIfOpen(CloseGuard.java:208)
10-31 09:16:49.884   504  5034 W GmsStrictMode: 	at android.os.ParcelFileDescriptor.finalize(ParcelFileDescriptor.java:935)
10-31 09:16:49.884   504  5034 W GmsStrictMode: 	at java.lang.Daemons$FinalizerDaemon.doFinalize(Daemons.java:222)
10-31 09:16:49.884   504  5034 W GmsStrictMode: 	at java.lang.Daemons$FinalizerDaemon.run(Daemons.java:209)
10-31 09:16:49.884   504  5034 W GmsStrictMode: 	at java.lang.Thread.run(Thread.java:761)
10-31 09:16:49.885   504  5034 W GmsStrictMode: LEAKED_CLOSABLE [CONTEXT service_id=256 ]
10-31 09:16:49.885   504  5034 W GmsStrictMode: rvo: LEAKED_CLOSABLE
10-31 09:16:49.885   504  5034 W GmsStrictMode: 	at dalvik.system.VMStack.getThreadStackTrace(Native Method)
10-31 09:16:49.885   504  5034 W GmsStrictMode: 	at java.lang.Thread.getStackTrace(Thread.java:1566)
10-31 09:16:49.885   504  5034 W GmsStrictMode: 	at bhdb.containsKey(:com.google.android.gms@203915020@20.39.15 (040406-335085812):1)
10-31 09:16:49.885   504  5034 W GmsStrictMode: 	at android.os.StrictMode.onVmPolicyViolation(StrictMode.java:1867)
10-31 09:16:49.885   504  5034 W GmsStrictMode: 	at android.os.StrictMode.onVmPolicyViolation(StrictMode.java:1844)
10-31 09:16:49.885   504  5034 W GmsStrictMode: 	at android.os.StrictMode$AndroidCloseGuardReporter.report(StrictMode.java:1590)
10-31 09:16:49.885   504  5034 W GmsStrictMode: 	at dalvik.system.CloseGuard.warnIfOpen(CloseGuard.java:208)
10-31 09:16:49.885   504  5034 W GmsStrictMode: 	at android.os.ParcelFileDescriptor.finalize(ParcelFileDescriptor.java:935)
10-31 09:16:49.885   504  5034 W GmsStrictMode: 	at java.lang.Daemons$FinalizerDaemon.doFinalize(Daemons.java:222)
10-31 09:16:49.885   504  5034 W GmsStrictMode: 	at java.lang.Daemons$FinalizerDaemon.run(Daemons.java:209)
10-31 09:16:49.885   504  5034 W GmsStrictMode: 	at java.lang.Thread.run(Thread.java:761)
10-31 09:16:49.887   504  5034 W GmsStrictMode: LEAKED_CLOSABLE [CONTEXT service_id=256 ]
10-31 09:16:49.887   504  5034 W GmsStrictMode: rvo: LEAKED_CLOSABLE
10-31 09:16:49.887   504  5034 W GmsStrictMode: 	at dalvik.system.VMStack.getThreadStackTrace(Native Method)
10-31 09:16:49.887   504  5034 W GmsStrictMode: 	at java.lang.Thread.getStackTrace(Thread.java:1566)
10-31 09:16:49.887   504  5034 W GmsStrictMode: 	at bhdb.containsKey(:com.google.android.gms@203915020@20.39.15 (040406-335085812):1)
10-31 09:16:49.887   504  5034 W GmsStrictMode: 	at android.os.StrictMode.onVmPolicyViolation(StrictMode.java:1867)
10-31 09:16:49.887   504  5034 W GmsStrictMode: 	at android.os.StrictMode.onVmPolicyViolation(StrictMode.java:1844)
10-31 09:16:49.887   504  5034 W GmsStrictMode: 	at android.os.StrictMode$AndroidCloseGuardReporter.report(StrictMode.java:1590)
10-31 09:16:49.887   504  5034 W GmsStrictMode: 	at dalvik.system.CloseGuard.warnIfOpen(CloseGuard.java:208)
10-31 09:16:49.887   504  5034 W GmsStrictMode: 	at android.os.ParcelFileDescriptor.finalize(ParcelFileDescriptor.java:935)
10-31 09:16:49.887   504  5034 W GmsStrictMode: 	at java.lang.Daemons$FinalizerDaemon.doFinalize(Daemons.java:222)
10-31 09:16:49.887   504  5034 W GmsStrictMode: 	at java.lang.Daemons$FinalizerDaemon.run(Daemons.java:209)
10-31 09:16:49.887   504  5034 W GmsStrictMode: 	at java.lang.Thread.run(Thread.java:761)
10-31 09:16:50.153  4634  5018 W DynamiteModule: Local module descriptor class for com.google.android.gms.ads.dynamite not found.
10-31 09:16:50.257  4634  5024 W DynamiteModule: Local module descriptor class for com.google.android.gms.ads.dynamite not found.
10-31 09:16:50.376   504  5037 W GmsStrictMode: LEAKED_CLOSABLE [CONTEXT service_id=256 ]
10-31 09:16:50.376   504  5037 W GmsStrictMode: rvo: LEAKED_CLOSABLE
10-31 09:16:50.376   504  5037 W GmsStrictMode: 	at dalvik.system.VMStack.getThreadStackTrace(Native Method)
10-31 09:16:50.376   504  5037 W GmsStrictMode: 	at java.lang.Thread.getStackTrace(Thread.java:1566)
10-31 09:16:50.376   504  5037 W GmsStrictMode: 	at bhdb.containsKey(:com.google.android.gms@203915020@20.39.15 (040406-335085812):1)
10-31 09:16:50.376   504  5037 W GmsStrictMode: 	at android.os.StrictMode.onVmPolicyViolation(StrictMode.java:1867)
10-31 09:16:50.376   504  5037 W GmsStrictMode: 	at android.os.StrictMode.onVmPolicyViolation(StrictMode.java:1844)
10-31 09:16:50.376   504  5037 W GmsStrictMode: 	at android.os.StrictMode$AndroidCloseGuardReporter.report(StrictMode.java:1590)
10-31 09:16:50.376   504  5037 W GmsStrictMode: 	at dalvik.system.CloseGuard.warnIfOpen(CloseGuard.java:208)
10-31 09:16:50.376   504  5037 W GmsStrictMode: 	at android.os.ParcelFileDescriptor.finalize(ParcelFileDescriptor.java:935)
10-31 09:16:50.376   504  5037 W GmsStrictMode: 	at java.lang.Daemons$FinalizerDaemon.doFinalize(Daemons.java:222)
10-31 09:16:50.376   504  5037 W GmsStrictMode: 	at java.lang.Daemons$FinalizerDaemon.run(Daemons.java:209)
10-31 09:16:50.376   504  5037 W GmsStrictMode: 	at java.lang.Thread.run(Thread.java:761)
10-31 09:16:50.376   504  5037 W GmsStrictMode: LEAKED_CLOSABLE [CONTEXT service_id=256 ]
10-31 09:16:50.376   504  5037 W GmsStrictMode: rvo: LEAKED_CLOSABLE
10-31 09:16:50.376   504  5037 W GmsStrictMode: 	at dalvik.system.VMStack.getThreadStackTrace(Native Method)
10-31 09:16:50.376   504  5037 W GmsStrictMode: 	at java.lang.Thread.getStackTrace(Thread.java:1566)
10-31 09:16:50.376   504  5037 W GmsStrictMode: 	at bhdb.containsKey(:com.google.android.gms@203915020@20.39.15 (040406-335085812):1)
10-31 09:16:50.376   504  5037 W GmsStrictMode: 	at android.os.StrictMode.onVmPolicyViolation(StrictMode.java:1867)
10-31 09:16:50.376   504  5037 W GmsStrictMode: 	at android.os.StrictMode.onVmPolicyViolation(StrictMode.java:1844)
10-31 09:16:50.376   504  5037 W GmsStrictMode: 	at android.os.StrictMode$AndroidCloseGuardReporter.report(StrictMode.java:1590)
10-31 09:16:50.376   504  5037 W GmsStrictMode: 	at dalvik.system.CloseGuard.warnIfOpen(CloseGuard.java:208)
10-31 09:16:50.376   504  5037 W GmsStrictMode: 	at android.os.ParcelFileDescriptor.finalize(ParcelFileDescriptor.java:935)
10-31 09:16:50.376   504  5037 W GmsStrictMode: 	at java.lang.Daemons$FinalizerDaemon.doFinalize(Daemons.java:222)
10-31 09:16:50.376   504  5037 W GmsStrictMode: 	at java.lang.Daemons$FinalizerDaemon.run(Daemons.java:209)
10-31 09:16:50.376   504  5037 W GmsStrictMode: 	at java.lang.Thread.run(Thread.java:761)
10-31 09:16:50.380  4634  4644 I art     : Background sticky concurrent mark sweep GC freed 78538(5MB) AllocSpace objects, 34(1648KB) LOS objects, 23% free, 21MB/27MB, paused 3.015ms total 179.174ms
10-31 09:16:50.385  4634  5013 W DynamiteModule: Local module descriptor class for com.google.android.gms.ads.dynamite not found.
10-31 09:16:50.538  4634  4634 I Ads     : Received log message: <Google:HTML> Incorrect native ad response. Click actions were not properly specified
10-31 09:16:50.546  4634  5016 I Ads     : Ad failed to load : 0
10-31 09:16:50.872  4316  4316 D MonkeyStub: translateCommand: tap 57 93
10-31 09:16:50.923  4634  4634 W DynamiteModule: Local module descriptor class for com.google.android.gms.ads.dynamite not found.
10-31 09:16:51.869  4634  4644 W art     : Suspending all threads took: 35.401ms
10-31 09:16:51.998  4634  4644 I art     : Background partial concurrent mark sweep GC freed 110446(5MB) AllocSpace objects, 47(3MB) LOS objects, 40% free, 20MB/34MB, paused 38.360ms total 468.905ms
10-31 09:16:53.135  4316  4316 D MonkeyStub: translateCommand: tap 57 93
10-31 09:16:54.300  4634  4634 W DynamiteModule: Local module descriptor class for com.google.android.gms.ads.dynamite not found.
10-31 09:16:54.533   600  3994 I MediaFocusControl:  AudioFocus  abandonAudioFocus() from uid/pid 10122/4634 clientId=android.media.AudioManager@50cab83org.chromium.content.browser.AudioFocusDelegate@cf92100
10-31 09:16:54.608   600 27731 I ActivityManager: Process com.opera.browser:sandboxed_process0 (pid 5075) has died
10-31 09:16:54.608   600 27731 D ActivityManager: cleanUpApplicationRecord -- 5075
10-31 09:16:54.795  4789  4806 E chromium: [ERROR:shared_image_manager.cc(218)] SharedImageManager::ProduceSkia: Trying to Produce a Skia representation from a non-existent mailbox.
10-31 09:16:54.808  4789  4806 E chromium: [ERROR:shared_image_manager.cc(218)] SharedImageManager::ProduceSkia: Trying to Produce a Skia representation from a non-existent mailbox.
10-31 09:16:54.821  4789  4806 E chromium: [ERROR:shared_image_manager.cc(218)] SharedImageManager::ProduceSkia: Trying to Produce a Skia representation from a non-existent mailbox.
10-31 09:16:54.833  4789  4806 E chromium: [ERROR:shared_image_manager.cc(218)] SharedImageManager::ProduceSkia: Trying to Produce a Skia representation from a non-existent mailbox.
10-31 09:16:54.847  4789  4806 E chromium: [ERROR:shared_image_manager.cc(218)] SharedImageManager::ProduceSkia: Trying to Produce a Skia representation from a non-existent mailbox.
10-31 09:16:54.858  4789  4806 E chromium: [ERROR:shared_image_manager.cc(218)] SharedImageManager::ProduceSkia: Trying to Produce a Skia representation from a non-existent mailbox.
10-31 09:16:54.864  4789  4806 E chromium: [ERROR:shared_image_manager.cc(218)] SharedImageManager::ProduceSkia: Trying to Produce a Skia representation from a non-existent mailbox.
10-31 09:16:54.868  4789  4806 E chromium: [ERROR:shared_image_manager.cc(218)] SharedImageManager::ProduceSkia: Trying to Produce a Skia representation from a non-existent mailbox.
10-31 09:16:54.873  4789  4806 E chromium: [ERROR:shared_image_manager.cc(218)] SharedImageManager::ProduceSkia: Trying to Produce a Skia representation from a non-existent mailbox.
10-31 09:16:54.876  4789  4806 E chromium: [ERROR:shared_image_manager.cc(218)] SharedImageManager::ProduceSkia: Trying to Produce a Skia representation from a non-existent mailbox.
10-31 09:16:54.884  4789  4806 E chromium: [ERROR:shared_image_manager.cc(218)] SharedImageManager::ProduceSkia: Trying to Produce a Skia representation from a non-existent mailbox.
10-31 09:16:54.893  4789  4806 E chromium: [ERROR:shared_image_manager.cc(218)] SharedImageManager::ProduceSkia: Trying to Produce a Skia representation from a non-existent mailbox.
10-31 09:16:54.900  4789  4806 E chromium: [ERROR:shared_image_manager.cc(218)] SharedImageManager::ProduceSkia: Trying to Produce a Skia representation from a non-existent mailbox.
10-31 09:16:54.909  4789  4806 E chromium: [ERROR:shared_image_manager.cc(218)] SharedImageManager::ProduceSkia: Trying to Produce a Skia representation from a non-existent mailbox.
10-31 09:16:54.917  4789  4806 E chromium: [ERROR:shared_image_manager.cc(218)] SharedImageManager::ProduceSkia: Trying to Produce a Skia representation from a non-existent mailbox.
10-31 09:16:55.189  4316  4316 D MonkeyStub: translateCommand: tap 446 593
10-31 09:16:57.436  4316  4316 D MonkeyStub: translateCommand: tap 667 302
10-31 09:17:00.718  4316  4316 D MonkeyStub: translateCommand: tap 1286 930
10-31 09:17:01.940  4316  4316 D MonkeyStub: translateCommand: tap 62 98
10-31 09:17:01.982  4316  4316 D MonkeyStub: translateCommand: tap 729 89
10-31 09:17:01.994  4316  4316 D MonkeyStub: Quit requested
10-31 09:17:02.081   600   614 I CwMcuSensor: CwMcuSensor::flush: fd = 235, sensors_id = 0, path = /sys/class/htc_sensorhub/sensor_hub/flush, err = 0
10-31 09:17:02.082  4316  4316 I art     : System.exit called, status: 16
10-31 09:17:02.082  4316  4316 I AndroidRuntime: VM exiting with result code 16.
10-31 09:17:02.158   600 13558 W WindowManager: Attempted to remove non-existing token: android.os.Binder@b47c819
10-31 09:17:02.400  4634  4644 W art     : Suspending all threads took: 5.371ms
10-31 09:17:02.453  4634  4644 I art     : Background partial concurrent mark sweep GC freed 97733(4MB) AllocSpace objects, 42(2MB) LOS objects, 40% free, 20MB/34MB, paused 7.461ms total 150.827ms
10-31 09:17:02.504   600 24611 E BatteryStatsService: power: Missing API
10-31 09:17:02.527   600 24611 E BatteryStatsService: no controller energy info supplied
10-31 09:17:02.549   796   796 E PhoneInterfaceManager: [PhoneIntfMgr] queryModemActivityInfo: Empty response
10-31 09:17:02.563   600 24611 E BatteryStatsService: modem info is invalid: ModemActivityInfo{ mTimestamp=0 mSleepTimeMs=0 mIdleTimeMs=0 mTxTimeMs[]=[0, 0, 0, 0, 0] mRxTimeMs=0 mEnergyUsed=0}
10-31 09:17:03.047  5134  5134 D AndroidRuntime: >>>>>> START com.android.internal.os.RuntimeInit uid 2000 <<<<<<
10-31 09:17:03.058  5134  5134 D AndroidRuntime: CheckJNI is OFF
10-31 09:17:03.217  5134  5134 D ICU     : No timezone override file found: /data/misc/zoneinfo/current/icu/icu_tzdata.dat
10-31 09:17:03.283  5134  5134 I Radio-JNI: register_android_hardware_Radio DONE
10-31 09:17:03.309  5134  5134 D AndroidRuntime: Calling main entry com.android.commands.am.Am
10-31 09:17:03.330   600  6312 I ActivityManager: START u0 {act=android.intent.action.VIEW dat=http://192.168.40.1/... flg=0x10000000 cmp=com.opera.browser/com.opera.Opera} from uid 2000 on display 0
10-31 09:17:03.335  5134  5134 D AndroidRuntime: Shutting down VM
10-31 09:17:03.428  4634  4634 W DynamiteModule: Local module descriptor class for com.google.android.gms.ads.dynamite not found.
10-31 09:17:03.443  4634  4634 W DynamiteModule: Local module descriptor class for com.google.android.gms.ads.dynamite not found.
10-31 09:17:03.487   600  1082 I ActivityManager: Start proc 5145:com.opera.browser:sandboxed_process1/u0a122 for service com.opera.browser/com.opera.android.browser.chromium.services.SandboxedProcessService1
10-31 09:17:03.550  5145  5145 I art     : Starting a blocking GC AddRemoveAppImageSpace
10-31 09:17:03.580  5145  5145 I LoadedApk: No resource references to update in package com.opera.browser.nord_vpn
10-31 09:17:03.665  4634  4634 W DynamiteModule: Local module descriptor class for com.google.android.gms.ads.dynamite not found.
10-31 09:17:03.921  4634  4639 I art     : Do full code cache collection, code=213KB, data=251KB
10-31 09:17:03.925  4634  4639 I art     : Starting a blocking GC JitCodeCache
10-31 09:17:03.925  4634  4639 I art     : After code cache collection, code=196KB, data=174KB
10-31 09:17:07.067   600  6312 I ActivityManager: Process com.android.chrome:webview_service (pid 4018) has died
10-31 09:17:07.067   600  6312 D ActivityManager: cleanUpApplicationRecord -- 4018
10-31 09:17:07.079   197   197 E lowmemorykiller: Error writing /proc/2604/oom_score_adj; errno=22
10-31 09:17:07.080   600  6312 E JavaBinder: !!! FAILED BINDER TRANSACTION !!!  (parcel size = 76)
10-31 09:17:07.509   372   372 I MemoryTrimmer: Trimming objects from memory, since app is in the background.
10-31 09:17:07.516   600  3967 I ActivityManager: Process com.android.documentsui (pid 2604) has died
10-31 09:17:07.516   600  3967 D ActivityManager: cleanUpApplicationRecord -- 2604
10-31 09:17:07.521  1084  1084 I MemoryTrimmer: Trimming objects from memory, since app is in the background.
10-31 09:17:07.531   600 27731 I ActivityManager: Process com.google.android.gms.ui (pid 4467) has died
10-31 09:17:07.531   600 27731 D ActivityManager: cleanUpApplicationRecord -- 4467
10-31 09:17:07.533   197   197 E lowmemorykiller: Error writing /proc/3532/oom_score_adj; errno=22
10-31 09:17:07.533   600  3509 I ActivityManager: Process com.android.chrome (pid 3532) has died
10-31 09:17:07.533   600  3509 D ActivityManager: cleanUpApplicationRecord -- 3532
10-31 09:17:07.533   197   197 E lowmemorykiller: Error writing /proc/406/oom_score_adj; errno=22
10-31 09:17:07.543   600  3994 I ActivityManager: Process com.google.process.gapps (pid 406) has died
10-31 09:17:07.543   600  3994 D ActivityManager: cleanUpApplicationRecord -- 406
10-31 09:17:07.825   600 29683 I ActivityManager: Process com.android.printspooler (pid 4489) has died
10-31 09:17:07.825   600 29683 D ActivityManager: cleanUpApplicationRecord -- 4489
10-31 09:17:08.359   600  2707 I ActivityManager: Process com.android.defcontainer (pid 2568) has died
10-31 09:17:08.359   600  2707 D ActivityManager: cleanUpApplicationRecord -- 2568
10-31 09:17:08.368   600 13557 I ActivityManager: Process com.google.android.googlequicksearchbox:search (pid 372) has died
10-31 09:17:08.368   600 13557 D ActivityManager: cleanUpApplicationRecord -- 372
10-31 09:17:16.623  5187  5187 D AndroidRuntime: >>>>>> START com.android.internal.os.RuntimeInit uid 2000 <<<<<<
10-31 09:17:16.657  5187  5187 D AndroidRuntime: CheckJNI is OFF
10-31 09:17:16.977  5187  5187 D ICU     : No timezone override file found: /data/misc/zoneinfo/current/icu/icu_tzdata.dat
10-31 09:17:17.096  5187  5187 I Radio-JNI: register_android_hardware_Radio DONE
10-31 09:17:17.139  5187  5187 D AndroidRuntime: Calling main entry com.android.commands.monkey.Monkey
10-31 09:17:17.289   600   613 W BroadcastQueue: Skipping deliver [background] BroadcastRecord{2bfd703 u-1 android.net.conn.CONNECTIVITY_CHANGE} to ReceiverList{e83a680 5187 (unknown name)/2000/u-1 remote:23799bd}: process crashing
10-31 09:17:17.947  5187  5187 D MonkeyStub: translateCommand: wake
10-31 09:17:18.121  5187  5187 D MonkeyStub: translateCommand: tap 196 1873
10-31 09:17:19.811  4634  4788 E chromium: [ERROR:ssl_client_socket_impl.cc(983)] handshake failed; returned -1, SSL error code 1, net_error -113
10-31 09:17:22.381   600  9614 D DnsEventListenerService: Logging 100 results for netId 101
10-31 09:17:26.481  4634  4644 I art     : Background sticky concurrent mark sweep GC freed 280070(12MB) AllocSpace objects, 19(396KB) LOS objects, 35% free, 22MB/34MB, paused 9.073ms total 161.407ms
10-31 09:17:28.183  5187  5187 D MonkeyStub: translateCommand: touch down 614 1561
10-31 09:17:28.192  5187  5187 D MonkeyStub: translateCommand: touch move 614 1561
10-31 09:17:28.298  5187  5187 D MonkeyStub: translateCommand: touch move 614 1436
10-31 09:17:28.404  5187  5187 D MonkeyStub: translateCommand: touch move 614 1311
10-31 09:17:28.513  5187  5187 D MonkeyStub: translateCommand: touch move 614 1186
10-31 09:17:28.617  5187  5187 D MonkeyStub: translateCommand: touch move 614 1061
10-31 09:17:28.725  5187  5187 D MonkeyStub: translateCommand: touch move 614 937
10-31 09:17:28.836  5187  5187 D MonkeyStub: translateCommand: touch move 614 812
10-31 09:17:28.942  5187  5187 D MonkeyStub: translateCommand: touch move 614 687
10-31 09:17:29.049  5187  5187 D MonkeyStub: translateCommand: touch move 614 562
10-31 09:17:29.157  5187  5187 D MonkeyStub: translateCommand: touch move 614 437
10-31 09:17:29.265  5187  5187 D MonkeyStub: translateCommand: touch move 614 312
10-31 09:17:29.272  5187  5187 D MonkeyStub: translateCommand: touch up 614 312
10-31 09:17:29.318  5187  5187 D MonkeyStub: translateCommand: touch down 614 1561
10-31 09:17:29.328  5187  5187 D MonkeyStub: translateCommand: touch move 614 1561
10-31 09:17:29.436  5187  5187 D MonkeyStub: translateCommand: touch move 614 1436
10-31 09:17:29.541  5187  5187 D MonkeyStub: translateCommand: touch move 614 1311
10-31 09:17:29.645  5187  5187 D MonkeyStub: translateCommand: touch move 614 1186
10-31 09:17:29.752  5187  5187 D MonkeyStub: translateCommand: touch move 614 1061
10-31 09:17:29.863  5187  5187 D MonkeyStub: translateCommand: touch move 614 937
10-31 09:17:29.971  5187  5187 D MonkeyStub: translateCommand: touch move 614 812
10-31 09:17:30.079  5187  5187 D MonkeyStub: translateCommand: touch move 614 687
10-31 09:17:30.218  5187  5187 D MonkeyStub: translateCommand: touch move 614 562
10-31 09:17:30.327  5187  5187 D MonkeyStub: translateCommand: touch move 614 437
10-31 09:17:30.434  5187  5187 D MonkeyStub: translateCommand: touch move 614 312
10-31 09:17:30.442  5187  5187 D MonkeyStub: translateCommand: touch up 614 312
10-31 09:17:30.469  5187  5187 D MonkeyStub: translateCommand: touch down 614 1561
10-31 09:17:30.479  5187  5187 D MonkeyStub: translateCommand: touch move 614 1561
10-31 09:17:30.584  5187  5187 D MonkeyStub: translateCommand: touch move 614 1436
10-31 09:17:30.691  5187  5187 D MonkeyStub: translateCommand: touch move 614 1311
10-31 09:17:30.800  5187  5187 D MonkeyStub: translateCommand: touch move 614 1186
10-31 09:17:30.909  5187  5187 D MonkeyStub: translateCommand: touch move 614 1061
10-31 09:17:31.018  5187  5187 D MonkeyStub: translateCommand: touch move 614 937
10-31 09:17:31.132  5187  5187 D MonkeyStub: translateCommand: touch move 614 812
10-31 09:17:31.233   600 25704 I ActivityManager: Process com.android.packageinstaller (pid 4548) has died
10-31 09:17:31.233   600 25704 D ActivityManager: cleanUpApplicationRecord -- 4548
10-31 09:17:31.266  5187  5187 D MonkeyStub: translateCommand: touch move 614 687
10-31 09:17:31.374  5187  5187 D MonkeyStub: translateCommand: touch move 614 562
10-31 09:17:31.494  5187  5187 D MonkeyStub: translateCommand: touch move 614 437
10-31 09:17:31.605  5187  5187 D MonkeyStub: translateCommand: touch move 614 312
10-31 09:17:31.612  5187  5187 D MonkeyStub: translateCommand: touch up 614 312
10-31 09:17:33.656  5187  5187 D MonkeyStub: translateCommand: touch down 614 1561
10-31 09:17:33.668  5187  5187 D MonkeyStub: translateCommand: touch move 614 1561
10-31 09:17:33.775  5187  5187 D MonkeyStub: translateCommand: touch move 614 1436
10-31 09:17:33.885  5187  5187 D MonkeyStub: translateCommand: touch move 614 1311
10-31 09:17:33.997  5187  5187 D MonkeyStub: translateCommand: touch move 614 1186
10-31 09:17:34.110  5187  5187 D MonkeyStub: translateCommand: touch move 614 1061
10-31 09:17:34.223  5187  5187 D MonkeyStub: translateCommand: touch move 614 937
10-31 09:17:34.329  5187  5187 D MonkeyStub: translateCommand: touch move 614 812
10-31 09:17:34.433  5187  5187 D MonkeyStub: translateCommand: touch move 614 687
10-31 09:17:34.539  5187  5187 D MonkeyStub: translateCommand: touch move 614 562
10-31 09:17:34.646  5187  5187 D MonkeyStub: translateCommand: touch move 614 437
10-31 09:17:34.751  5187  5187 D MonkeyStub: translateCommand: touch move 614 312
10-31 09:17:34.758  5187  5187 D MonkeyStub: translateCommand: touch up 614 312
10-31 09:17:34.818  5187  5187 D MonkeyStub: translateCommand: touch down 614 1561
10-31 09:17:34.826  5187  5187 D MonkeyStub: translateCommand: touch move 614 1561
10-31 09:17:34.933  5187  5187 D MonkeyStub: translateCommand: touch move 614 1436
10-31 09:17:35.045  5187  5187 D MonkeyStub: translateCommand: touch move 614 1311
10-31 09:17:35.116  4634  4644 W art     : Suspending all threads took: 8.019ms
10-31 09:17:35.151  5187  5187 D MonkeyStub: translateCommand: touch move 614 1186
10-31 09:17:35.263  5187  5187 D MonkeyStub: translateCommand: touch move 614 1061
10-31 09:17:35.331  4634  4644 I art     : Background sticky concurrent mark sweep GC freed 299404(12MB) AllocSpace objects, 1(20KB) LOS objects, 30% free, 23MB/34MB, paused 24.033ms total 570.363ms
10-31 09:17:35.367  5187  5187 D MonkeyStub: translateCommand: touch move 614 937
10-31 09:17:35.473  5187  5187 D MonkeyStub: translateCommand: touch move 614 812
10-31 09:17:35.579  5187  5187 D MonkeyStub: translateCommand: touch move 614 687
10-31 09:17:35.684  5187  5187 D MonkeyStub: translateCommand: touch move 614 562
10-31 09:17:35.790  5187  5187 D MonkeyStub: translateCommand: touch move 614 437
10-31 09:17:35.895  5187  5187 D MonkeyStub: translateCommand: touch move 614 312
10-31 09:17:35.901  5187  5187 D MonkeyStub: translateCommand: touch up 614 312
10-31 09:17:38.963  5187  5187 D MonkeyStub: translateCommand: tap 1238 1216
10-31 09:17:41.073   600   609 I art     : Background partial concurrent mark sweep GC freed 74990(3MB) AllocSpace objects, 14(296KB) LOS objects, 33% free, 16MB/25MB, paused 10.862ms total 514.139ms
10-31 09:17:44.336   198   198 E SELinux : avc:  denied  { find } for service=netd pid=5358 uid=2000 scontext=u:r:shell:s0 tcontext=u:object_r:netd_service:s0 tclass=service_manager permissive=0
10-31 09:17:44.365   198   198 E SELinux : avc:  denied  { find } for service=android.service.gatekeeper.IGateKeeperService pid=5358 uid=2000 scontext=u:r:shell:s0 tcontext=u:object_r:gatekeeper_service:s0 tclass=service_manager permissive=0
10-31 09:17:45.649   682   702 I art     : Background partial concurrent mark sweep GC freed 5856(208KB) AllocSpace objects, 2(60KB) LOS objects, 39% free, 7MB/12MB, paused 476us total 147.356ms
10-31 09:17:49.046  5187  5187 D MonkeyStub: translateCommand: tap 163 1864
10-31 09:17:54.094  5187  5187 D MonkeyStub: translateCommand: touch down 614 1561
10-31 09:17:54.119  5187  5187 D MonkeyStub: translateCommand: touch move 614 1561
10-31 09:17:54.228  5187  5187 D MonkeyStub: translateCommand: touch move 614 1436
10-31 09:17:54.333  5187  5187 D MonkeyStub: translateCommand: touch move 614 1311
10-31 09:17:54.441  5187  5187 D MonkeyStub: translateCommand: touch move 614 1186
10-31 09:17:54.551  5187  5187 D MonkeyStub: translateCommand: touch move 614 1061
10-31 09:17:54.671  5187  5187 D MonkeyStub: translateCommand: touch move 614 937
10-31 09:17:54.828  5187  5187 D MonkeyStub: translateCommand: touch move 614 812
10-31 09:17:54.962  5187  5187 D MonkeyStub: translateCommand: touch move 614 687
10-31 09:17:55.026   600 24611 D DnsEventListenerService: Logging 100 results for netId 101
10-31 09:17:55.068  5187  5187 D MonkeyStub: translateCommand: touch move 614 562
10-31 09:17:55.182  5187  5187 D MonkeyStub: translateCommand: touch move 614 437
10-31 09:17:55.303  5187  5187 D MonkeyStub: translateCommand: touch move 614 312
10-31 09:17:55.309  5187  5187 D MonkeyStub: translateCommand: touch up 614 312
10-31 09:17:55.353  5187  5187 D MonkeyStub: translateCommand: touch down 614 1561
10-31 09:17:55.358  5187  5187 D MonkeyStub: translateCommand: touch move 614 1561
10-31 09:17:55.466  5187  5187 D MonkeyStub: translateCommand: touch move 614 1436
10-31 09:17:55.577  5187  5187 D MonkeyStub: translateCommand: touch move 614 1311
10-31 09:17:55.685  5187  5187 D MonkeyStub: translateCommand: touch move 614 1186
10-31 09:17:55.794  5187  5187 D MonkeyStub: translateCommand: touch move 614 1061
10-31 09:17:55.913  5187  5187 D MonkeyStub: translateCommand: touch move 614 937
10-31 09:17:56.025  5187  5187 D MonkeyStub: translateCommand: touch move 614 812
10-31 09:17:56.138  5187  5187 D MonkeyStub: translateCommand: touch move 614 687
10-31 09:17:56.274  5187  5187 D MonkeyStub: translateCommand: touch move 614 562
10-31 09:17:56.380  5187  5187 D MonkeyStub: translateCommand: touch move 614 437
10-31 09:17:56.486  5187  5187 D MonkeyStub: translateCommand: touch move 614 312
10-31 09:17:56.492  5187  5187 D MonkeyStub: translateCommand: touch up 614 312
10-31 09:17:58.672  5187  5187 D MonkeyStub: translateCommand: touch down 614 1561
10-31 09:17:58.685  5187  5187 D MonkeyStub: translateCommand: touch move 614 1561
10-31 09:17:58.793  5187  5187 D MonkeyStub: translateCommand: touch move 614 1436
10-31 09:17:58.911  5187  5187 D MonkeyStub: translateCommand: touch move 614 1311
10-31 09:17:59.024  5187  5187 D MonkeyStub: translateCommand: touch move 614 1186
10-31 09:17:59.140  5187  5187 D MonkeyStub: translateCommand: touch move 614 1061
10-31 09:17:59.249  5187  5187 D MonkeyStub: translateCommand: touch move 614 937
10-31 09:17:59.355  5187  5187 D MonkeyStub: translateCommand: touch move 614 812
10-31 09:17:59.460  5187  5187 D MonkeyStub: translateCommand: touch move 614 687
10-31 09:17:59.566  5187  5187 D MonkeyStub: translateCommand: touch move 614 562
10-31 09:17:59.677  5187  5187 D MonkeyStub: translateCommand: touch move 614 437
10-31 09:17:59.784  5187  5187 D MonkeyStub: translateCommand: touch move 614 312
10-31 09:17:59.789  5187  5187 D MonkeyStub: translateCommand: touch up 614 312
10-31 09:17:59.813  5187  5187 D MonkeyStub: Quit requested
10-31 09:17:59.933   600   614 I CwMcuSensor: CwMcuSensor::flush: fd = 235, sensors_id = 0, path = /sys/class/htc_sensorhub/sensor_hub/flush, err = 0
10-31 09:17:59.945  5187  5187 I art     : System.exit called, status: 110
10-31 09:17:59.947  5187  5187 I AndroidRuntime: VM exiting with result code 110.
10-31 09:18:00.084   600   600 E JavaBinder: !!! FAILED BINDER TRANSACTION !!!  (parcel size = 2292)
10-31 09:18:00.088   600  3675 W WindowManager: Attempted to remove non-existing token: android.os.Binder@1c914b9
10-31 09:18:00.115   600   600 E AccessibilityManagerService: Error during sending EventType: TYPE_WINDOW_CONTENT_CHANGED; EventTime: 128894139; PackageName: com.opera.browser; MovementGranularity: 0; Action: 0 [ ClassName: android.webkit.WebView; Text: []; ContentDescription: null; ItemCount: 0; CurrentItemIndex: 0; IsEnabled: true; IsPassword: false; IsChecked: false; IsFullScreen: false; Scrollable: true; BeforeText: null; FromIndex: -1; ToIndex: -1; ScrollX: 0; ScrollY: 2991; MaxScrollX: 0; MaxScrollY: 14322; AddedCount: -1; RemovedCount: -1; ParcelableData: null ]; recordCount: 0 to android.accessibilityservice.IAccessibilityServiceClient$Stub$Proxy@b97a344
10-31 09:18:00.115   600   600 E AccessibilityManagerService: android.os.DeadObjectException: Transaction failed on small parcel; remote process probably died
10-31 09:18:00.115   600   600 E AccessibilityManagerService: 	at android.os.BinderProxy.transactNative(Native Method)
10-31 09:18:00.115   600   600 E AccessibilityManagerService: 	at android.os.BinderProxy.transact(Binder.java:615)
10-31 09:18:00.115   600   600 E AccessibilityManagerService: 	at android.accessibilityservice.IAccessibilityServiceClient$Stub$Proxy.onAccessibilityEvent(IAccessibilityServiceClient.java:191)
10-31 09:18:00.115   600   600 E AccessibilityManagerService: 	at com.android.server.accessibility.AccessibilityManagerService$Service.notifyAccessibilityEventInternal(AccessibilityManagerService.java:3245)
10-31 09:18:00.115   600   600 E AccessibilityManagerService: 	at com.android.server.accessibility.AccessibilityManagerService$Service.-wrap0(AccessibilityManagerService.java)
10-31 09:18:00.115   600   600 E AccessibilityManagerService: 	at com.android.server.accessibility.AccessibilityManagerService$Service$1.handleMessage(AccessibilityManagerService.java:2260)
10-31 09:18:00.115   600   600 E AccessibilityManagerService: 	at android.os.Handler.dispatchMessage(Handler.java:102)
10-31 09:18:00.115   600   600 E AccessibilityManagerService: 	at android.os.Looper.loop(Looper.java:154)
10-31 09:18:00.115   600   600 E AccessibilityManagerService: 	at com.android.server.SystemServer.run(SystemServer.java:349)
10-31 09:18:00.115   600   600 E AccessibilityManagerService: 	at com.android.server.SystemServer.main(SystemServer.java:219)
10-31 09:18:00.115   600   600 E AccessibilityManagerService: 	at java.lang.reflect.Method.invoke(Native Method)
10-31 09:18:00.115   600   600 E AccessibilityManagerService: 	at com.android.internal.os.ZygoteInit$MethodAndArgsCaller.run(ZygoteInit.java:886)
10-31 09:18:00.115   600   600 E AccessibilityManagerService: 	at com.android.internal.os.ZygoteInit.main(ZygoteInit.java:776)
10-31 09:18:15.938  5397  5397 D AndroidRuntime: >>>>>> START com.android.internal.os.RuntimeInit uid 2000 <<<<<<
10-31 09:18:15.953  5397  5397 D AndroidRuntime: CheckJNI is OFF
10-31 09:18:16.120  5397  5397 D ICU     : No timezone override file found: /data/misc/zoneinfo/current/icu/icu_tzdata.dat
10-31 09:18:16.181  5397  5397 I Radio-JNI: register_android_hardware_Radio DONE
10-31 09:18:16.212  5397  5397 D AndroidRuntime: Calling main entry com.android.commands.am.Am
10-31 09:18:16.232   600   611 I ActivityManager: Force stopping com.opera.browser appid=10122 user=0: from pid 5397
10-31 09:18:16.232   600   611 I ActivityManager: Killing 4789:com.opera.browser:privileged_process0/u0a122 (adj 0): stop com.opera.browser
10-31 09:18:16.232   600   611 D ActivityManager: cleanUpApplicationRecord -- 4789
10-31 09:18:16.233   600   611 W ActivityManager: Scheduling restart of crashed service com.opera.browser/com.opera.android.browser.chromium.services.PrivilegedProcessService0 in 1000ms
10-31 09:18:16.234   600   611 I ActivityManager: Killing 4634:com.opera.browser/u0a122 (adj 0): stop com.opera.browser
10-31 09:18:16.235   600   611 D ActivityManager: cleanUpApplicationRecord -- 4634
10-31 09:18:16.236   600   611 W ActivityManager: Force removing ActivityRecord{b1911f2 u0 com.opera.browser/com.opera.Opera t2244}: app died, no saved state
10-31 09:18:16.277   600   620 E JavaBinder: !!! FAILED BINDER TRANSACTION !!!  (parcel size = 60)
10-31 09:18:16.289   600   611 I ActivityManager: Killing 5145:com.opera.browser:sandboxed_process1/u0a122 (adj 0): stop com.opera.browser
10-31 09:18:16.289   600   611 D ActivityManager: cleanUpApplicationRecord -- 5145
10-31 09:18:16.301  5397  5397 D AndroidRuntime: Shutting down VM
10-31 09:18:16.360   600 16391 D ConnectivityService: ConnectivityService NetworkRequestInfo binderDied(NetworkRequest [ LISTEN id=1779, [ Capabilities: INTERNET&NOT_RESTRICTED&TRUSTED&FOREGROUND] ], android.os.BinderProxy@d5486f3)
10-31 09:18:16.360   600  1081 D ConnectivityService: ConnectivityService NetworkRequestInfo binderDied(NetworkRequest [ LISTEN id=1780, [ Capabilities: INTERNET&NOT_RESTRICTED&TRUSTED&FOREGROUND] ], android.os.BinderProxy@10dafb0)
10-31 09:18:16.360   600  2707 D GraphicsStats: Buffer count: 2
10-31 09:18:16.360   600  3994 D ConnectivityService: ConnectivityService NetworkRequestInfo binderDied(NetworkRequest [ LISTEN id=1781, [ Capabilities: INTERNET&NOT_RESTRICTED&TRUSTED&FOREGROUND] ], android.os.BinderProxy@7b9e29)
10-31 09:18:16.372   600   649 E ConnectivityService: RemoteException caught trying to send a callback msg for NetworkRequest [ LISTEN id=1779, [ Capabilities: INTERNET&NOT_RESTRICTED&TRUSTED&FOREGROUND] ]
10-31 09:18:16.373   600   649 E ConnectivityService: RemoteException caught trying to send a callback msg for NetworkRequest [ LISTEN id=1780, [ Capabilities: INTERNET&NOT_RESTRICTED&TRUSTED&FOREGROUND] ]
10-31 09:18:16.374   600   649 E ConnectivityService: RemoteException caught trying to send a callback msg for NetworkRequest [ LISTEN id=1781, [ Capabilities: INTERNET&NOT_RESTRICTED&TRUSTED&FOREGROUND] ]
10-31 09:18:16.409  1061  1061 W ResourceType: ResTable_typeSpec entry count inconsistent: given 67, previously 69
10-31 09:18:16.409  1061  1061 W ResourceType: ResTable_typeSpec entry count inconsistent: given 5346, previously 5347
10-31 09:18:16.451  1084  1171 I OpenGLRenderer: Initialized EGL, version 1.4
10-31 09:18:16.451  1084  1171 D OpenGLRenderer: Swap behavior 2
10-31 09:18:16.517   600 24515 I ActivityManager: Start proc 5409:com.google.android.googlequicksearchbox:search/u0a24 for service com.google.android.googlequicksearchbox/com.google.android.apps.gsa.search.core.service.SearchService
10-31 09:18:16.615  1061  1061 D RegisteredNfcFServicesCache: Service unchanged, not updating
10-31 09:18:16.825  5409  5409 I art     : Starting a blocking GC AddRemoveAppImageSpace
10-31 09:18:16.971  5407  5407 D AndroidRuntime: >>>>>> START com.android.internal.os.RuntimeInit uid 2000 <<<<<<
10-31 09:18:16.977  5407  5407 D AndroidRuntime: CheckJNI is OFF
10-31 09:18:17.041  1084  1171 W OpenGLRenderer: Incorrectly called buildLayer on View: ShortcutAndWidgetContainer, destroying layer...
10-31 09:18:17.067  5407  5407 D ICU     : No timezone override file found: /data/misc/zoneinfo/current/icu/icu_tzdata.dat
10-31 09:18:17.111  5407  5407 I Radio-JNI: register_android_hardware_Radio DONE
10-31 09:18:17.129  5407  5407 D AndroidRuntime: Calling main entry com.android.commands.pm.Pm
10-31 09:18:17.146   600 13557 I ActivityManager: Force stopping com.opera.browser appid=10122 user=0: clear data
10-31 09:18:17.147   600   613 I ActivityManager: Force stopping com.opera.browser appid=10122 user=-1: clearApplicationUserData
10-31 09:18:17.449   600   611 I ActivityManager: Start proc 5443:com.google.process.gapps/u0a8 for content provider com.google.android.gsf/.gservices.GservicesProvider
10-31 09:18:17.460   600 25704 I ActivityManager: Start proc 5455:com.google.android.partnersetup/u0a12 for content provider com.google.android.partnersetup/.RlzAppProvider
10-31 09:18:17.501  5443  5443 I art     : Starting a blocking GC AddRemoveAppImageSpace
10-31 09:18:17.503  5443  5443 W System  : ClassLoader referenced unknown path: /system/priv-app/GoogleServicesFramework/lib/arm64
10-31 09:18:17.510  5455  5455 I art     : Starting a blocking GC AddRemoveAppImageSpace
10-31 09:18:17.511  5455  5455 W System  : ClassLoader referenced unknown path: /system/priv-app/GooglePartnerSetup/lib/arm64
10-31 09:18:17.546  5443  5443 I GservicesProvider: Gservices pushing to system: true; secure/global: true
10-31 09:18:17.626  5443  5443 I GoogleHttpClient: GMS http client unavailable, use old client
10-31 09:18:17.677  5409  5421 I AttachedClient: Adding client event 2 to pending list.
10-31 09:18:17.736  5409  5409 I OptInState: There is a new client and it does not support opt-in. Dropping request.
10-31 09:18:17.770  5409  5409 I MicroDetectionWorker: Micro detection mode: [mDetectionMode: [1]].
10-31 09:18:17.802  5409  5483 I GsaNativeCrashHandler: Loaded shared library: nativecrashreporter
10-31 09:18:17.825  5409  5483 I MicroDataManager: Created a new hotword model for:
10-31 09:18:17.825  5409  5483 I MicroDataManager: # com.google.android.apps.gsa.speech.microdetection.g@36410d17
10-31 09:18:17.826  5409  5486 I MicroRecognitionRunner: Starting detection.
10-31 09:18:17.829  5409  5478 I MicrophoneInputStream: mic_starting com.google.android.apps.gsa.speech.audio.ae@6426ea8
10-31 09:18:17.835   238  5488 I AudioFlinger: AudioFlinger's thread 0xef692fc0 ready to run
10-31 09:18:17.841   238   285 I SoundTriggerHwService::Module: void android::SoundTriggerHwService::Module::onCallbackEvent(const sp<android::SoundTriggerHwService::CallbackEvent> &) mClient == 0
10-31 09:18:17.844  5409  5478 I MicrophoneInputStream: mic_started com.google.android.apps.gsa.speech.audio.ae@6426ea8
10-31 09:18:17.993   600   625 I ActivityManager: Start proc 5489:com.android.defcontainer/u0a4 for service com.android.defcontainer/.DefaultContainerService
10-31 09:18:18.025  5409  5409 I MicroDetectionWorker: onReady
10-31 09:18:18.059   787   787 I GeofencerStateMachine: removeGeofences: removeRequest=RemoveGeofencingRequest[REMOVE_ALL packageName=com.opera.browser]
10-31 09:18:18.061  5407  5407 I art     : System.exit called, status: 0
10-31 09:18:18.061  5407  5407 I AndroidRuntime: VM exiting with result code 0.
10-31 09:18:18.082   600   612 W ResourceType: No known package when getting value for resource number 0x7f100007
10-31 09:18:18.082   600   612 W ResourceType: No known package when getting value for resource number 0x7f13090c
10-31 09:18:18.085   600   612 W ResourceType: No known package when getting value for resource number 0x7f100005
10-31 09:18:18.085   600   612 W ResourceType: No known package when getting value for resource number 0x7f13090a
10-31 09:18:18.086   600   612 W ResourceType: No known package when getting value for resource number 0x7f100004
10-31 09:18:18.086   600   612 W ResourceType: No known package when getting value for resource number 0x7f130909
10-31 09:18:18.086   600   612 W ResourceType: No known package when getting value for resource number 0x7f100006
10-31 09:18:18.086   600   612 W ResourceType: No known package when getting value for resource number 0x7f13090b
10-31 09:18:18.112   600   613 I ActivityManager: Start proc 5505:com.android.chrome/u0a35 for broadcast com.android.chrome/org.chromium.chrome.browser.browserservices.ClientAppBroadcastReceiver
10-31 09:18:18.117  1061  1061 D RegisteredNfcFServicesCache: Service unchanged, not updating
10-31 09:18:18.680   600 27731 I ActivityManager: Start proc 5526:com.android.documentsui/u0a40 for broadcast com.android.documentsui/.PackageReceiver
10-31 09:18:18.717  5526  5526 I art     : Starting a blocking GC AddRemoveAppImageSpace
10-31 09:18:18.719  5526  5526 W System  : ClassLoader referenced unknown path: /system/priv-app/DocumentsUI/lib/arm64
10-31 09:18:18.855   504   546 I Icing   : doRemovePackageData com.opera.browser
10-31 09:18:18.961   787  5550 I Fitness : FitCleanupIntentOperation received Intent android.intent.action.PACKAGE_DATA_CLEARED [CONTEXT service_id=17 ]
10-31 09:18:18.991   787   804 I art     : Background partial concurrent mark sweep GC freed 57790(3MB) AllocSpace objects, 9(264KB) LOS objects, 39% free, 11MB/19MB, paused 878us total 209.138ms
10-31 09:18:18.994   787   802 W SQLiteConnectionPool: A SQLiteConnection object for database '/data/user/0/com.google.android.gms/databases/metadata.db' was leaked!  Please fix your application to end transactions in progress properly and to close the database when it is no longer needed.
10-31 09:18:19.286   787  1259 W GmsStrictMode: LEAKED_CLOSABLE [CONTEXT service_id=256 ]
10-31 09:18:19.286   787  1259 W GmsStrictMode: rvo: LEAKED_CLOSABLE
